L: 256.15, u_super: 0.00941, sec: 497136.517, prod: 0.119880, t_ads: 10694.2, t_des: 22857.5, bed_util_ads: 0.206, bed_util_des: 0.089, des_th: 0.08919661410542419,frac_lost: 0.102, li_recovered:  4022.191, time: 3.1585130220009887
L: 474.35, u_super: 0.00312 — INFEASIBLE (li_recovered=0.000e+00), time: 0.0015784120005264413
L: 413.94, u_super: 0.00408 — INFEASIBLE (li_recovered=0.000e+00), time: 0.0009562830000504619
L: 14.27, u_super: 0.00747, sec: 22874.205, prod: 0.089210, t_ads: 723.3, t_des: 1841.7, bed_util_ads: 0.315, bed_util_des: 0.278, des_th: 0.2783087903452536,frac_lost: 0.104, li_recovered:  228.831, time: 0.008981089000371867
L: 165.20, u_super: 0.00782, sec: 332670.051, prod: 0.078069, t_ads: 5099.2, t_des: 6672.1, bed_util_ads: 0.203, bed_util_des: 0.165, des_th: 0.1655335180599896,frac_lost: 0.101, li_recovered:  918.974, time: 0.004953211000611191
L: 227.02, u_super: 0.00137 — INFEASIBLE (li_recovered=0.000e+00), time: 0.0015472630002477672
L: 102.13, u_super: 0.00263 — INFEASIBLE (li_recovered=0.000e+00), time: 0.0016579160001128912
L: 140.56, u_super: 0.00483 — INFEASIBLE (li_recovered=0.000e+00), time: 0.001773459000105504
L: 480.85, u_super: 0.00719 — INFEASIBLE (li_recovered=0.000e+00), time: 0.0012452319988369709
L: 138.81, u_super: 0.00163 — INFEASIBLE (li_recovered=0.000e+00), time: 0.0016116599999804748
L: 258.28, u_super: 0.00119 — INFEASIBLE (li_recovered=0.000e+00), time: 0.001102487000025576
L: 388.45, u_super: 0.00609 — INFEASIBLE (li_recovered=0.000e+00), time: 0.001649670999540831
L: 20.28, u_super: 0.00526, sec: 20533.993, prod: 0.067901, t_ads: 1408.1, t_des: 3023.1, bed_util_ads: 0.293, bed_util_des: 0.240, des_th: 0.24048122378499376,frac_lost: 0.100, li_recovered:  300.884, time: 0.007752143999823602
L: 31.64, u_super: 0.00637 — INFEASIBLE (li_recovered=0.000e+00), time: 0.001172108000901062
L: 296.67, u_super: 0.00261 — INFEASIBLE (li_recovered=0.000e+00), time: 0.0008211479998863069
L: 254.99, u_super: 0.00508 — INFEASIBLE (li_recovered=0.000e+00), time: 0.0007906699993327493
L: 74.39, u_super: 0.00812 — INFEASIBLE (li_recovered=0.000e+00), time: 0.0010540140010562027
L: 393.65, u_super: 0.00194 — INFEASIBLE (li_recovered=0.000e+00), time: 0.0008129849993565585
L: 96.07, u_super: 0.00085 — INFEASIBLE (li_recovered=0.000e+00), time: 0.001033431999530876
L: 430.71, u_super: 0.00868 — INFEASIBLE (li_recovered=0.000e+00), time: 0.0016055880005296785
L: 137.39, u_super: 0.00012 — INFEASIBLE (li_recovered=0.000e+00), time: 0.0009869200002867728
L: 360.09, u_super: 0.00828, sec: 4271759.521, prod: 0.014963, t_ads: 5847.1, t_des: 1327.6, bed_util_ads: 0.157, bed_util_des: 0.155, des_th: 0.15530135713498022,frac_lost: 0.101, li_recovered:  107.352, time: 0.0019422460009081988
L: 108.00, u_super: 0.00635 — INFEASIBLE (li_recovered=0.000e+00), time: 0.002182139000069583
L: 481.85, u_super: 0.00153 — INFEASIBLE (li_recovered=0.000e+00), time: 0.0011014089996024268
L: 447.41, u_super: 0.00421 — INFEASIBLE (li_recovered=0.000e+00), time: 0.001137015000495012
L: 12.73, u_super: 0.00668 — INFEASIBLE (li_recovered=0.000e+00), time: 0.0024030510012380546
L: 413.50, u_super: 0.00877 — INFEASIBLE (li_recovered=0.000e+00), time: 0.0014623229999415344
L: 123.15, u_super: 0.00762, sec: 186494.657, prod: 0.098421, t_ads: 6133.5, t_des: 12528.9, bed_util_ads: 0.222, bed_util_des: 0.121, des_th: 0.12160387645160504,frac_lost: 0.102, li_recovered:  1836.766, time: 0.007641321999471984
L: 415.72, u_super: 0.00067 — INFEASIBLE (li_recovered=0.000e+00), time: 0.0009482640016358346
L: 82.67, u_super: 0.00375, sec: 93627.576, prod: 0.030200, t_ads: 4648.8, t_des: 5043.2, bed_util_ads: 0.198, bed_util_des: 0.172, des_th: 0.17203431994734283,frac_lost: 0.101, li_recovered:  292.698, time: 0.002408493999610073
L: 345.82, u_super: 0.00181 — INFEASIBLE (li_recovered=0.000e+00), time: 0.0010767370004032273
L: 3.41, u_super: 0.00264, sec: 2939.397, prod: 0.019350, t_ads: 505.0, t_des: 2521.3, bed_util_ads: 0.262, bed_util_des: 0.222, des_th: 0.22217063082989852,frac_lost: 0.100, li_recovered:  58.558, time: 0.016938345001108246
L: 53.41, u_super: 0.00629, sec: 62461.879, prod: 0.085249, t_ads: 2858.5, t_des: 4763.3, bed_util_ads: 0.262, bed_util_des: 0.202, des_th: 0.2026036495455355,frac_lost: 0.100, li_recovered:  649.747, time: 0.0082032740010618
L: 362.78, u_super: 0.00649 — INFEASIBLE (li_recovered=0.000e+00), time: 0.0016034580003179144
L: 433.73, u_super: 0.00628 — INFEASIBLE (li_recovered=0.000e+00), time: 0.0008288589997391682
L: 171.23, u_super: 0.00541, sec: 188794.710, prod: 0.066069, t_ads: 10685.5, t_des: 18461.2, bed_util_ads: 0.200, bed_util_des: 0.114, des_th: 0.11422250485508163,frac_lost: 0.101, li_recovered:  1925.691, time: 0.005418143000497366
L: 498.07, u_super: 0.00245 — INFEASIBLE (li_recovered=0.000e+00), time: 0.0016813679994811537
L: 37.06, u_super: 0.00259 — INFEASIBLE (li_recovered=0.000e+00), time: 0.0014242180004657712
L: 349.10, u_super: 0.00132 — INFEASIBLE (li_recovered=0.000e+00), time: 0.001261089999388787
L: 210.75, u_super: 0.00660 — INFEASIBLE (li_recovered=0.000e+00), time: 0.0012299310001253616
==========================================================
n_gen  |  n_eval  | n_nds  |      eps      |   indicator  
==========================================================
     1 |       40 |      5 |             - |             -
L: 253.99, u_super: 0.00924, sec: 500108.908, prod: 0.113739, t_ads: 9193.7, t_des: 15651.3, bed_util_ads: 0.206, bed_util_des: 0.123, des_th: 0.12291529034556403,frac_lost: 0.102, li_recovered:  2825.858, time: 0.007093013999110553
L: 498.07, u_super: 0.00236 — INFEASIBLE (li_recovered=0.000e+00), time: 0.0015171300001384225
L: 148.39, u_super: 0.00630 — INFEASIBLE (li_recovered=0.000e+00), time: 0.0015038459987408714
L: 345.82, u_super: 0.00507, sec: 793054.054, prod: 0.027845, t_ads: 12428.1, t_des: 11152.3, bed_util_ads: 0.138, bed_util_des: 0.111, des_th: 0.11203163992026448,frac_lost: 0.101, li_recovered:  656.604, time: 0.0032158720005099894
L: 35.49, u_super: 0.00618 — INFEASIBLE (li_recovered=0.000e+00), time: 0.0028344449983706
L: 20.28, u_super: 0.00526, sec: 20723.286, prod: 0.067281, t_ads: 1418.7, t_des: 3092.7, bed_util_ads: 0.292, bed_util_des: 0.238, des_th: 0.2383289503141433,frac_lost: 0.102, li_recovered:  303.533, time: 0.006058122000467847
L: 107.37, u_super: 0.00635 — INFEASIBLE (li_recovered=0.000e+00), time: 0.001125917000535992
L: 433.61, u_super: 0.00240 — INFEASIBLE (li_recovered=0.000e+00), time: 0.0008320930010086158
L: 167.77, u_super: 0.00025 — INFEASIBLE (li_recovered=0.000e+00), time: 0.0008656520003569312
L: 225.86, u_super: 0.00792 — INFEASIBLE (li_recovered=0.000e+00), time: 0.0007882999998400919
L: 108.00, u_super: 0.00629 — INFEASIBLE (li_recovered=0.000e+00), time: 0.001501766999354004
L: 58.01, u_super: 0.00375, sec: 43610.122, prod: 0.045498, t_ads: 4565.3, t_des: 6928.4, bed_util_ads: 0.227, bed_util_des: 0.173, des_th: 0.1731187660722708,frac_lost: 0.101, li_recovered:  522.944, time: 0.003928558999177767
L: 243.00, u_super: 0.00010 — INFEASIBLE (li_recovered=0.000e+00), time: 0.0009921050004777499
L: 96.07, u_super: 0.00085 — INFEASIBLE (li_recovered=0.000e+00), time: 0.0013121669999236474
L: 171.23, u_super: 0.00606, sec: 204805.088, prod: 0.077276, t_ads: 10490.0, t_des: 20390.7, bed_util_ads: 0.206, bed_util_des: 0.101, des_th: 0.10164220483963547,frac_lost: 0.102, li_recovered:  2386.339, time: 0.008705330999873695
L: 419.74, u_super: 0.00864 — INFEASIBLE (li_recovered=0.000e+00), time: 0.0011986580011580372
L: 31.64, u_super: 0.00643, sec: 36486.283, prod: 0.090586, t_ads: 1709.2, t_des: 2926.7, bed_util_ads: 0.299, bed_util_des: 0.250, des_th: 0.2509208821882309,frac_lost: 0.103, li_recovered:  419.952, time: 0.005780556000900106
L: 31.66, u_super: 0.00756 — INFEASIBLE (li_recovered=0.000e+00), time: 0.002076709999528248
L: 140.56, u_super: 0.00483 — INFEASIBLE (li_recovered=0.000e+00), time: 0.001097984000807628
L: 14.27, u_super: 0.00764, sec: 23602.955, prod: 0.090581, t_ads: 708.0, t_des: 1824.4, bed_util_ads: 0.315, bed_util_des: 0.278, des_th: 0.2783087903452536,frac_lost: 0.104, li_recovered:  229.390, time: 0.008042878000196652
L: 74.39, u_super: 0.00832 — INFEASIBLE (li_recovered=0.000e+00), time: 0.0014295769997261232
L: 45.58, u_super: 0.00473, sec: 48527.049, prod: 0.052006, t_ads: 3904.7, t_des: 11080.4, bed_util_ads: 0.224, bed_util_des: 0.118, des_th: 0.11762671050327494,frac_lost: 0.103, li_recovered:  779.314, time: 0.00893413099947793
L: 171.23, u_super: 0.00185 — INFEASIBLE (li_recovered=0.000e+00), time: 0.0014181400001689326
L: 92.22, u_super: 0.00104 — INFEASIBLE (li_recovered=0.000e+00), time: 0.0009858460016403114
L: 97.99, u_super: 0.00794, sec: 162048.154, prod: 0.098182, t_ads: 4846.6, t_des: 11119.0, bed_util_ads: 0.227, bed_util_des: 0.123, des_th: 0.12375615013475519,frac_lost: 0.103, li_recovered:  1567.543, time: 0.006880210999952396
L: 256.63, u_super: 0.00261 — INFEASIBLE (li_recovered=0.000e+00), time: 0.0011159559999214252
L: 7.04, u_super: 0.00626, sec: 6080.760, prod: 0.114381, t_ads: 413.5, t_des: 529.0, bed_util_ads: 0.419, bed_util_des: 0.410, des_th: 0.409894745590328,frac_lost: 0.105, li_recovered:  107.800, time: 0.005796931000077166
L: 134.82, u_super: 0.00779, sec: 218169.052, prod: 0.096601, t_ads: 5400.0, t_des: 8556.3, bed_util_ads: 0.224, bed_util_des: 0.159, des_th: 0.159552203197095,frac_lost: 0.101, li_recovered:  1348.193, time: 0.007354563000262715
L: 344.35, u_super: 0.00329 — INFEASIBLE (li_recovered=0.000e+00), time: 0.0019694109996635234
L: 46.45, u_super: 0.00635, sec: 61254.686, prod: 0.077147, t_ads: 2801.4, t_des: 6607.1, bed_util_ads: 0.247, bed_util_des: 0.162, des_th: 0.16253406150382263,frac_lost: 0.102, li_recovered:  725.838, time: 0.009074643001440563
L: 474.35, u_super: 0.00312 — INFEASIBLE (li_recovered=0.000e+00), time: 0.001232279999385355
L: 131.13, u_super: 0.00526 — INFEASIBLE (li_recovered=0.000e+00), time: 0.0017837909999798285
L: 481.85, u_super: 0.00154 — INFEASIBLE (li_recovered=0.000e+00), time: 0.0007595880015287548
L: 112.69, u_super: 0.00762, sec: 176027.449, prod: 0.095418, t_ads: 5796.0, t_des: 12996.1, bed_util_ads: 0.221, bed_util_des: 0.114, des_th: 0.11470866681763847,frac_lost: 0.102, li_recovered:  1793.091, time: 0.00920693500120251
L: 27.60, u_super: 0.00752, sec: 41579.889, prod: 0.096196, t_ads: 1353.8, t_des: 2959.5, bed_util_ads: 0.295, bed_util_des: 0.242, des_th: 0.24272041463175542,frac_lost: 0.103, li_recovered:  414.927, time: 0.007941753001432517
L: 3.41, u_super: 0.00286, sec: 1322.337, prod: 0.050901, t_ads: 437.7, t_des: 586.6, bed_util_ads: 0.411, bed_util_des: 0.400, des_th: 0.4005129477351136,frac_lost: 0.105, li_recovered:  52.142, time: 0.005688643001121818
L: 256.15, u_super: 0.00944, sec: 496279.169, prod: 0.120746, t_ads: 10500.3, t_des: 21777.7, bed_util_ads: 0.206, bed_util_des: 0.093, des_th: 0.09313280828444825,frac_lost: 0.101, li_recovered:  3897.444, time: 0.009833660998992855
L: 78.13, u_super: 0.00029 — INFEASIBLE (li_recovered=0.000e+00), time: 0.0009825239994825097
L: 250.77, u_super: 0.00526 — INFEASIBLE (li_recovered=0.000e+00), time: 0.0014890620004734956
L: 411.99, u_super: 0.00806 — INFEASIBLE (li_recovered=0.000e+00), time: 0.0012799390005966416
     2 |       80 |      3 |  0.0124004700 |         ideal
L: 28.95, u_super: 0.00643, sec: 33867.354, prod: 0.089288, t_ads: 1582.3, t_des: 2873.4, bed_util_ads: 0.299, bed_util_des: 0.250, des_th: 0.2509208821882309,frac_lost: 0.101, li_recovered:  397.845, time: 0.008548736999728135
L: 1.62, u_super: 0.00761, sec: 6122.651, prod: 0.039320, t_ads: 83.7, t_des: 637.3, bed_util_ads: 0.250, bed_util_des: 0.241, des_th: 0.24127589238919683,frac_lost: 0.107, li_recovered:  28.350, time: 0.02230266700098582
L: 14.27, u_super: 0.00814, sec: 19878.098, prod: 0.122963, t_ads: 644.3, t_des: 1119.4, bed_util_ads: 0.363, bed_util_des: 0.339, des_th: 0.33975764135015873,frac_lost: 0.106, li_recovered:  216.878, time: 0.006589844999325578
L: 134.82, u_super: 0.00779, sec: 242745.744, prod: 0.086821, t_ads: 4555.0, t_des: 6459.5, bed_util_ads: 0.217, bed_util_des: 0.173, des_th: 0.17322039139765544,frac_lost: 0.100, li_recovered:  956.283, time: 0.004893007000646321
L: 82.67, u_super: 0.00381, sec: 90330.141, prod: 0.032419, t_ads: 4673.6, t_des: 5313.3, bed_util_ads: 0.199, bed_util_des: 0.171, des_th: 0.17203431994734283,frac_lost: 0.101, li_recovered:  323.765, time: 0.002977087000544998
L: 112.69, u_super: 0.00770 — INFEASIBLE (li_recovered=0.000e+00), time: 0.001428804000170203
L: 255.10, u_super: 0.00610, sec: 326117.269, prod: 0.073334, t_ads: 14033.7, t_des: 24622.6, bed_util_ads: 0.191, bed_util_des: 0.101, des_th: 0.10164220483963547,frac_lost: 0.100, li_recovered:  2834.830, time: 0.006758161998732248
L: 364.00, u_super: 0.00871 — INFEASIBLE (li_recovered=0.000e+00), time: 0.0014451859988184879
L: 171.35, u_super: 0.00546 — INFEASIBLE (li_recovered=0.000e+00), time: 0.0016197429995372659
L: 431.94, u_super: 0.00639 — INFEASIBLE (li_recovered=0.000e+00), time: 0.0008240360002673697
L: 82.67, u_super: 0.00662, sec: 188367.361, prod: 0.048775, t_ads: 2494.0, t_des: 2398.5, bed_util_ads: 0.240, bed_util_des: 0.228, des_th: 0.22825049090654354,frac_lost: 0.100, li_recovered:  238.632, time: 0.002970150000692229
L: 61.69, u_super: 0.00506, sec: 65337.965, prod: 0.059913, t_ads: 4872.4, t_des: 12225.8, bed_util_ads: 0.222, bed_util_des: 0.114, des_th: 0.11422250485508163,frac_lost: 0.101, li_recovered:  1024.410, time: 0.009686784998848452
L: 134.67, u_super: 0.00779, sec: 217826.411, prod: 0.096641, t_ads: 5400.5, t_des: 8556.6, bed_util_ads: 0.224, bed_util_des: 0.159, des_th: 0.159552203197095,frac_lost: 0.101, li_recovered:  1348.832, time: 0.006293422999078757
L: 31.51, u_super: 0.00807, sec: 73791.503, prod: 0.071874, t_ads: 1555.9, t_des: 5948.4, bed_util_ads: 0.244, bed_util_des: 0.165, des_th: 0.1655335180599896,frac_lost: 0.103, li_recovered:  539.368, time: 0.009310722998634446
L: 6.94, u_super: 0.00650, sec: 6311.844, prod: 0.117501, t_ads: 391.6, t_des: 520.7, bed_util_ads: 0.417, bed_util_des: 0.407, des_th: 0.40766199006523607,frac_lost: 0.101, li_recovered:  107.195, time: 0.008457928999632713
L: 74.92, u_super: 0.00752, sec: 152865.852, prod: 0.071032, t_ads: 2181.8, t_des: 2469.7, bed_util_ads: 0.257, bed_util_des: 0.243, des_th: 0.24272041463175542,frac_lost: 0.100, li_recovered:  330.403, time: 0.004292870000426774
L: 8.29, u_super: 0.00794, sec: 25370.604, prod: 0.053173, t_ads: 409.4, t_des: 2289.7, bed_util_ads: 0.257, bed_util_des: 0.222, des_th: 0.22217063082989852,frac_lost: 0.102, li_recovered:  143.520, time: 0.016203220999159385
L: 53.41, u_super: 0.00629, sec: 62419.537, prod: 0.085306, t_ads: 2895.0, t_des: 4872.4, bed_util_ads: 0.262, bed_util_des: 0.200, des_th: 0.20082748183779375,frac_lost: 0.102, li_recovered:  662.615, time: 0.007807611998941866
L: 125.44, u_super: 0.00723, sec: 178358.376, prod: 0.093931, t_ads: 6503.2, t_des: 12798.3, bed_util_ads: 0.221, bed_util_des: 0.123, des_th: 0.12290486052489757,frac_lost: 0.103, li_recovered:  1813.020, time: 0.009329242000603699
L: 167.91, u_super: 0.00782, sec: 323592.570, prod: 0.081573, t_ads: 5436.0, t_des: 7407.9, bed_util_ads: 0.203, bed_util_des: 0.160, des_th: 0.16064452199622073,frac_lost: 0.101, li_recovered:  1047.714, time: 0.005307191999236238
L: 14.27, u_super: 0.00528, sec: 14277.504, prod: 0.069469, t_ads: 997.4, t_des: 2128.2, bed_util_ads: 0.316, bed_util_des: 0.275, des_th: 0.2753618482702001,frac_lost: 0.104, li_recovered:  217.136, time: 0.00784106100036297
L: 256.15, u_super: 0.00906, sec: 669207.728, prod: 0.082133, t_ads: 12806.7, t_des: 49413.4, bed_util_ads: 0.196, bed_util_des: 0.042, des_th: 0.04210470377769381,frac_lost: 0.103, li_recovered:  5110.313, time: 0.014626615000452148
L: 58.01, u_super: 0.00375, sec: 41463.793, prod: 0.047853, t_ads: 5080.4, t_des: 8401.6, bed_util_ads: 0.229, bed_util_des: 0.159, des_th: 0.15945057787171035,frac_lost: 0.100, li_recovered:  645.157, time: 0.005848953998793149
L: 7.04, u_super: 0.00619, sec: 6019.517, prod: 0.113078, t_ads: 418.3, t_des: 534.5, bed_util_ads: 0.419, bed_util_des: 0.410, des_th: 0.409894745590328,frac_lost: 0.106, li_recovered:  107.750, time: 0.007014562001131708
L: 3.41, u_super: 0.00292, sec: 7937.283, prod: 0.008817, t_ads: 468.5, t_des: 6454.0, bed_util_ads: 0.183, bed_util_des: 0.133, des_th: 0.13296636675943996,frac_lost: 0.101, li_recovered:  61.040, time: 0.0384415619992069
L: 170.11, u_super: 0.00924, sec: 317325.390, prod: 0.120058, t_ads: 6838.8, t_des: 13165.8, bed_util_ads: 0.220, bed_util_des: 0.123, des_th: 0.12291529034556403,frac_lost: 0.103, li_recovered:  2401.706, time: 0.006797761998313945
L: 161.76, u_super: 0.00838, sec: 325386.110, prod: 0.090558, t_ads: 4993.6, t_des: 6967.0, bed_util_ads: 0.210, bed_util_des: 0.166, des_th: 0.16602790825264688,frac_lost: 0.100, li_recovered:  1083.140, time: 0.0041825619991868734
L: 5.07, u_super: 0.00258, sec: 9757.494, prod: 0.008313, t_ads: 805.8, t_des: 10339.0, bed_util_ads: 0.181, bed_util_des: 0.109, des_th: 0.10898809848581895,frac_lost: 0.102, li_recovered:  92.644, time: 0.028916322999066324
L: 137.39, u_super: 0.00085 — INFEASIBLE (li_recovered=0.000e+00), time: 0.0009622380002838327
L: 362.78, u_super: 0.00211 — INFEASIBLE (li_recovered=0.000e+00), time: 0.0012955469992448343
L: 178.20, u_super: 0.00375 — INFEASIBLE (li_recovered=0.000e+00), time: 0.0015060150017234264
L: 124.55, u_super: 0.00635 — INFEASIBLE (li_recovered=0.000e+00), time: 0.0011083009994763415
L: 146.34, u_super: 0.00526 — INFEASIBLE (li_recovered=0.000e+00), time: 0.0014239379997889046
L: 14.27, u_super: 0.00814, sec: 25506.178, prod: 0.095761, t_ads: 662.6, t_des: 1740.3, bed_util_ads: 0.315, bed_util_des: 0.280, des_th: 0.2805415438591902,frac_lost: 0.101, li_recovered:  230.098, time: 0.011433298999691033
L: 256.15, u_super: 0.00926, sec: 502863.512, prod: 0.114587, t_ads: 11255.0, t_des: 26413.3, bed_util_ads: 0.204, bed_util_des: 0.078, des_th: 0.07763183608189451,frac_lost: 0.101, li_recovered:  4316.275, time: 0.007730913999694167
L: 15.22, u_super: 0.00816, sec: 27067.065, prod: 0.096692, t_ads: 707.8, t_des: 1823.8, bed_util_ads: 0.315, bed_util_des: 0.278, des_th: 0.2783087903452536,frac_lost: 0.104, li_recovered:  244.786, time: 0.007918933999462752
L: 93.68, u_super: 0.00180, sec: 68397.183, prod: 0.010486, t_ads: 9774.7, t_des: 8906.6, bed_util_ads: 0.150, bed_util_des: 0.124, des_th: 0.12375615013475519,frac_lost: 0.100, li_recovered:  195.899, time: 0.0023753239984216634
L: 45.58, u_super: 0.00473, sec: 42444.282, prod: 0.059459, t_ads: 3656.5, t_des: 8091.9, bed_util_ads: 0.237, bed_util_des: 0.147, des_th: 0.147132203917173,frac_lost: 0.100, li_recovered:  698.548, time: 0.007119812999007991
L: 243.03, u_super: 0.00945, sec: 477206.920, prod: 0.119492, t_ads: 10198.2, t_des: 22456.0, bed_util_ads: 0.206, bed_util_des: 0.088, des_th: 0.08789563003214074,frac_lost: 0.101, li_recovered:  3901.907, time: 0.006751323999196757
L: 45.58, u_super: 0.00481, sec: 47135.099, prod: 0.055357, t_ads: 3769.9, t_des: 9890.5, bed_util_ads: 0.229, bed_util_des: 0.127, des_th: 0.12735001612148322,frac_lost: 0.102, li_recovered:  756.190, time: 0.009236284000508022
     3 |      120 |      5 |  0.0307610096 |         ideal
L: 0.74, u_super: 0.00723, sec: 2861.417, prod: 0.034714, t_ads: 40.4, t_des: 335.1, bed_util_ads: 0.246, bed_util_des: 0.241, des_th: 0.24127589238919683,frac_lost: 0.106, li_recovered:  13.035, time: 0.024598214000434382
L: 164.80, u_super: 0.00840, sec: 291573.900, prod: 0.103388, t_ads: 7914.2, t_des: 18601.1, bed_util_ads: 0.212, bed_util_des: 0.093, des_th: 0.09313280828444825,frac_lost: 0.102, li_recovered:  2741.358, time: 0.009631896000428242
L: 58.39, u_super: 0.00372, sec: 41840.186, prod: 0.047151, t_ads: 5051.7, t_des: 8166.7, bed_util_ads: 0.229, bed_util_des: 0.162, des_th: 0.16260963586679267,frac_lost: 0.101, li_recovered:  623.253, time: 0.005655254000885179
L: 14.27, u_super: 0.00747, sec: 22498.427, prod: 0.090700, t_ads: 721.1, t_des: 1792.7, bed_util_ads: 0.318, bed_util_des: 0.282, des_th: 0.28186493283004976,frac_lost: 0.104, li_recovered:  228.003, time: 0.009501291000560741
L: 133.30, u_super: 0.00780, sec: 417795.315, prod: 0.049948, t_ads: 3282.7, t_des: 2909.4, bed_util_ads: 0.216, bed_util_des: 0.202, des_th: 0.20227009802126236,frac_lost: 0.101, li_recovered:  309.283, time: 0.002564549000453553
L: 6.52, u_super: 0.00626, sec: 5655.020, prod: 0.113915, t_ads: 382.9, t_des: 502.9, bed_util_ads: 0.419, bed_util_des: 0.410, des_th: 0.409894745590328,frac_lost: 0.102, li_recovered:  100.913, time: 0.007650284000192187
L: 0.92, u_super: 0.00515, sec: 9676.880, prod: 0.006237, t_ads: 70.5, t_des: 2524.5, bed_util_ads: 0.135, bed_util_des: 0.124, des_th: 0.12375615013475519,frac_lost: 0.107, li_recovered:  16.186, time: 0.07863084000018716
L: 8.29, u_super: 0.00796, sec: 25443.569, prod: 0.053276, t_ads: 408.5, t_des: 2285.1, bed_util_ads: 0.257, bed_util_des: 0.222, des_th: 0.22217063082989852,frac_lost: 0.102, li_recovered:  143.505, time: 0.012165559999630204
L: 27.24, u_super: 0.00825, sec: 194667.706, prod: 0.024654, t_ads: 1404.5, t_des: 19560.0, bed_util_ads: 0.172, bed_util_des: 0.073, des_th: 0.07346259926357518,frac_lost: 0.102, li_recovered:  516.860, time: 0.03411932899871317
L: 277.06, u_super: 0.00926, sec: 537119.760, prod: 0.116032, t_ads: 12042.7, t_des: 27420.0, bed_util_ads: 0.202, bed_util_des: 0.078, des_th: 0.07797915877357274,frac_lost: 0.100, li_recovered:  4578.926, time: 0.007457288000296103
L: 42.74, u_super: 0.00292, sec: 25005.925, prod: 0.035082, t_ads: 5852.7, t_des: 14382.8, bed_util_ads: 0.217, bed_util_des: 0.105, des_th: 0.10492134988322552,frac_lost: 0.100, li_recovered:  709.908, time: 0.010525824000069406
L: 258.20, u_super: 0.00945, sec: 508010.414, prod: 0.119341, t_ads: 9739.6, t_des: 17913.2, bed_util_ads: 0.207, bed_util_des: 0.111, des_th: 0.11175506233778792,frac_lost: 0.102, li_recovered:  3300.125, time: 0.00849752000067383
L: 2.54, u_super: 0.00776, sec: 36691.310, prod: 0.010736, t_ads: 130.0, t_des: 4066.8, bed_util_ads: 0.141, bed_util_des: 0.121, des_th: 0.12125921437770046,frac_lost: 0.105, li_recovered:  45.058, time: 0.07094722900001216
L: 8.29, u_super: 0.00801, sec: 10265.281, prod: 0.133872, t_ads: 384.5, t_des: 592.6, bed_util_ads: 0.399, bed_util_des: 0.387, des_th: 0.3868689188116843,frac_lost: 0.102, li_recovered:  130.809, time: 0.005747217999669374
L: 50.60, u_super: 0.00265, sec: 25880.074, prod: 0.033005, t_ads: 7588.9, t_des: 17379.0, bed_util_ads: 0.212, bed_util_des: 0.097, des_th: 0.09758065643738024,frac_lost: 0.101, li_recovered:  824.066, time: 0.0060181159988133
L: 253.11, u_super: 0.00838, sec: 1341898.898, prod: 0.034363, t_ads: 5005.8, t_des: 3017.4, bed_util_ads: 0.178, bed_util_des: 0.166, des_th: 0.16602790825264688,frac_lost: 0.100, li_recovered:  275.699, time: 0.0017144949997600634
L: 27.22, u_super: 0.00754, sec: 41102.588, prod: 0.096589, t_ads: 1329.6, t_des: 2907.3, bed_util_ads: 0.296, bed_util_des: 0.244, des_th: 0.2444347034912005,frac_lost: 0.102, li_recovered:  409.235, time: 0.0061342720000538975
L: 147.55, u_super: 0.00643, sec: 187023.120, prod: 0.082420, t_ads: 8376.1, t_des: 15713.3, bed_util_ads: 0.213, bed_util_des: 0.116, des_th: 0.11597681086410265,frac_lost: 0.103, li_recovered:  1985.438, time: 0.004759391998959472
L: 54.77, u_super: 0.00628, sec: 68130.047, prod: 0.080009, t_ads: 3288.7, t_des: 7003.2, bed_util_ads: 0.245, bed_util_des: 0.160, des_th: 0.15988575472136818,frac_lost: 0.103, li_recovered:  823.444, time: 0.006651838999459869
L: 6.94, u_super: 0.00650, sec: 6365.583, prod: 0.116509, t_ads: 392.3, t_des: 529.4, bed_util_ads: 0.415, bed_util_des: 0.405, des_th: 0.4048887603302862,frac_lost: 0.102, li_recovered:  107.383, time: 0.004497973000979982
L: 101.31, u_super: 0.00805, sec: 579240.659, prod: 0.029233, t_ads: 2160.0, t_des: 1033.8, bed_util_ads: 0.246, bed_util_des: 0.245, des_th: 0.24540887387928847,frac_lost: 0.101, li_recovered:  93.364, time: 0.0017658970009506447
L: 53.41, u_super: 0.00629, sec: 62770.133, prod: 0.084830, t_ads: 2961.0, t_des: 5238.6, bed_util_ads: 0.258, bed_util_des: 0.191, des_th: 0.1911802695827622,frac_lost: 0.100, li_recovered:  695.578, time: 0.006335811000099056
L: 166.44, u_super: 0.00388 — INFEASIBLE (li_recovered=0.000e+00), time: 0.0013530640007957118
L: 266.08, u_super: 0.00941, sec: 515668.464, prod: 0.120052, t_ads: 11065.1, t_des: 23436.3, bed_util_ads: 0.205, bed_util_des: 0.089, des_th: 0.08884929141374596,frac_lost: 0.102, li_recovered:  4141.946, time: 0.006442977999540744
L: 7.04, u_super: 0.00619, sec: 6291.509, prod: 0.108189, t_ads: 416.8, t_des: 587.9, bed_util_ads: 0.407, bed_util_des: 0.396, des_th: 0.39591170442639895,frac_lost: 0.101, li_recovered:  108.701, time: 0.0049143830001412425
L: 141.64, u_super: 0.00778, sec: 235107.404, prod: 0.093757, t_ads: 7388.5, t_des: 18163.3, bed_util_ads: 0.212, bed_util_des: 0.092, des_th: 0.0925099703686831,frac_lost: 0.101, li_recovered:  2395.646, time: 0.007461256998794852
L: 126.43, u_super: 0.00281 — INFEASIBLE (li_recovered=0.000e+00), time: 0.0010119430007762276
L: 7.41, u_super: 0.00634, sec: 16607.017, prod: 0.045318, t_ads: 459.7, t_des: 2362.9, bed_util_ads: 0.262, bed_util_des: 0.225, des_th: 0.22488419180790806,frac_lost: 0.104, li_recovered:  127.917, time: 0.010159791998376022
L: 1.32, u_super: 0.00250, sec: 5685.826, prod: 0.003475, t_ads: 210.1, t_des: 6560.2, bed_util_ads: 0.139, bed_util_des: 0.109, des_th: 0.10898809848581895,frac_lost: 0.102, li_recovered:  23.524, time: 0.05316808099996706
L: 20.28, u_super: 0.00526, sec: 20365.034, prod: 0.068464, t_ads: 1406.6, t_des: 2973.9, bed_util_ads: 0.295, bed_util_des: 0.243, des_th: 0.2430452414280384,frac_lost: 0.101, li_recovered:  299.914, time: 0.006035287000486278
L: 7.15, u_super: 0.00764, sec: 13008.141, prod: 0.082402, t_ads: 361.6, t_des: 1095.4, bed_util_ads: 0.322, bed_util_des: 0.299, des_th: 0.2991866912049593,frac_lost: 0.105, li_recovered:  120.054, time: 0.007834001000446733
L: 14.67, u_super: 0.00285 — INFEASIBLE (li_recovered=0.000e+00), time: 0.0019216170003346633
L: 40.91, u_super: 0.00262, sec: 64397.349, prod: 0.010465, t_ads: 2644.6, t_des: 1460.2, bed_util_ads: 0.226, bed_util_des: 0.222, des_th: 0.22217063082989852,frac_lost: 0.100, li_recovered:  42.957, time: 0.001594553999893833
L: 134.82, u_super: 0.00788, sec: 220141.230, prod: 0.097926, t_ads: 5372.5, t_des: 8529.9, bed_util_ads: 0.224, bed_util_des: 0.159, des_th: 0.159552203197095,frac_lost: 0.101, li_recovered:  1361.406, time: 0.004175321000730037
L: 256.15, u_super: 0.00950, sec: 502435.021, prod: 0.120958, t_ads: 10554.5, t_des: 22599.3, bed_util_ads: 0.205, bed_util_des: 0.089, des_th: 0.08919661410542419,frac_lost: 0.100, li_recovered:  4010.203, time: 0.00789204200009408
L: 4.94, u_super: 0.00528, sec: 7122.390, prod: 0.048260, t_ads: 361.3, t_des: 1377.5, bed_util_ads: 0.297, bed_util_des: 0.271, des_th: 0.2714313502130134,frac_lost: 0.100, li_recovered:  83.916, time: 0.010498178000489133
L: 8.29, u_super: 0.00794, sec: 27814.703, prod: 0.048501, t_ads: 409.9, t_des: 2561.3, bed_util_ads: 0.246, bed_util_des: 0.210, des_th: 0.21036239768175538,frac_lost: 0.101, li_recovered:  144.107, time: 0.012762545000441605
L: 3.00, u_super: 0.00815, sec: 3946.207, prod: 0.130655, t_ads: 142.0, t_des: 247.0, bed_util_ads: 0.406, bed_util_des: 0.401, des_th: 0.4005129477351136,frac_lost: 0.104, li_recovered:  50.832, time: 0.0061259390004124725
L: 2.43, u_super: 0.00376, sec: 7379.695, prod: 0.011374, t_ads: 255.6, t_des: 3525.7, bed_util_ads: 0.190, bed_util_des: 0.159, des_th: 0.15945057787171035,frac_lost: 0.100, li_recovered:  43.010, time: 0.026670028000808088
L: 3.41, u_super: 0.00646, sec: 3023.697, prod: 0.118958, t_ads: 200.2, t_des: 272.1, bed_util_ads: 0.431, bed_util_des: 0.426, des_th: 0.4262552550273939,frac_lost: 0.102, li_recovered:  56.177, time: 0.005378054000175325
     4 |      160 |      4 |  0.1314752536 |         ideal
L: 138.69, u_super: 0.00924, sec: 260273.880, prod: 0.119336, t_ads: 5685.3, t_des: 11637.8, bed_util_ads: 0.224, bed_util_des: 0.125, des_th: 0.12554676706591597,frac_lost: 0.102, li_recovered:  2067.267, time: 0.007954208998853574
L: 3.01, u_super: 0.00286, sec: 1179.706, prod: 0.050325, t_ads: 389.2, t_des: 542.7, bed_util_ads: 0.411, bed_util_des: 0.400, des_th: 0.4005129477351136,frac_lost: 0.104, li_recovered:  46.898, time: 0.005601610999292461
L: 14.34, u_super: 0.00814, sec: 31852.973, prod: 0.077156, t_ads: 682.2, t_des: 2428.4, bed_util_ads: 0.284, bed_util_des: 0.241, des_th: 0.24100298745468202,frac_lost: 0.103, li_recovered:  240.003, time: 0.009457717000259436
L: 14.34, u_super: 0.00891, sec: 159890.846, prod: 0.018570, t_ads: 659.0, t_des: 13493.4, bed_util_ads: 0.157, bed_util_des: 0.089, des_th: 0.08919661410542419,frac_lost: 0.100, li_recovered:  262.809, time: 0.04534125799909816
L: 245.14, u_super: 0.00945, sec: 478066.859, prod: 0.120314, t_ads: 9414.0, t_des: 17721.6, bed_util_ads: 0.208, bed_util_des: 0.110, des_th: 0.11021183983328964,frac_lost: 0.101, li_recovered:  3264.813, time: 0.007062058999508736
L: 0.52, u_super: 0.00626, sec: 1745.066, prod: 0.029611, t_ads: 32.8, t_des: 276.9, bed_util_ads: 0.245, bed_util_des: 0.241, des_th: 0.24127589238919683,frac_lost: 0.106, li_recovered:  9.172, time: 0.02057167400016624
L: 2.43, u_super: 0.00376, sec: 2540.391, prod: 0.033042, t_ads: 251.3, t_des: 1010.7, bed_util_ads: 0.300, bed_util_des: 0.281, des_th: 0.28092889158046597,frac_lost: 0.102, li_recovered:  41.699, time: 0.011759532999349176
L: 16.77, u_super: 0.00754, sec: 31977.411, prod: 0.076494, t_ads: 860.4, t_des: 2761.5, bed_util_ads: 0.285, bed_util_des: 0.236, des_th: 0.23582642039780294,frac_lost: 0.105, li_recovered:  277.056, time: 0.01266447799935122
L: 3.41, u_super: 0.00638, sec: 2708.585, prod: 0.129382, t_ads: 202.5, t_des: 227.5, bed_util_ads: 0.456, bed_util_des: 0.453, des_th: 0.45262684991613,frac_lost: 0.105, li_recovered:  55.629, time: 0.00691792500037991
L: 46.52, u_super: 0.00461, sec: 56106.959, prod: 0.043509, t_ads: 4247.5, t_des: 15228.8, bed_util_ads: 0.212, bed_util_des: 0.093, des_th: 0.09313280828444825,frac_lost: 0.102, li_recovered:  847.400, time: 0.011811029000455164
L: 256.15, u_super: 0.00944, sec: 497176.380, prod: 0.120529, t_ads: 10573.2, t_des: 22222.2, bed_util_ads: 0.206, bed_util_des: 0.091, des_th: 0.09128729503395834,frac_lost: 0.101, li_recovered:  3952.785, time: 0.010512887998629594
L: 255.54, u_super: 0.00945, sec: 499484.891, prod: 0.120040, t_ads: 10683.4, t_des: 23074.3, bed_util_ads: 0.206, bed_util_des: 0.088, des_th: 0.08789563003214074,frac_lost: 0.102, li_recovered:  4052.278, time: 0.009313647000453784
L: 275.31, u_super: 0.00950, sec: 566156.328, prod: 0.115467, t_ads: 9473.2, t_des: 15902.9, bed_util_ads: 0.202, bed_util_des: 0.122, des_th: 0.12291529034556403,frac_lost: 0.102, li_recovered:  2930.108, time: 0.006675544998870464
L: 3.51, u_super: 0.00264, sec: 2851.378, prod: 0.020551, t_ads: 524.2, t_des: 2408.5, bed_util_ads: 0.269, bed_util_des: 0.229, des_th: 0.22954908671446428,frac_lost: 0.106, li_recovered:  60.269, time: 0.014869884000290767
L: 7.04, u_super: 0.00567, sec: 8210.500, prod: 0.069036, t_ads: 474.4, t_des: 1197.0, bed_util_ads: 0.334, bed_util_des: 0.308, des_th: 0.30841002201656004,frac_lost: 0.106, li_recovered:  115.390, time: 0.009739876000821823
L: 3.41, u_super: 0.00823, sec: 80968.907, prod: 0.007385, t_ads: 165.5, t_des: 8062.6, bed_util_ads: 0.117, bed_util_des: 0.091, des_th: 0.09093086781254828,frac_lost: 0.107, li_recovered:  60.767, time: 0.12335277100100939
L: 7.04, u_super: 0.00619, sec: 7791.672, prod: 0.087359, t_ads: 430.1, t_des: 869.4, bed_util_ads: 0.363, bed_util_des: 0.343, des_th: 0.34336893526917317,frac_lost: 0.106, li_recovered:  113.527, time: 0.007215450999865425
L: 3.00, u_super: 0.00820, sec: 3560.989, prod: 0.146239, t_ads: 140.1, t_des: 204.9, bed_util_ads: 0.429, bed_util_des: 0.424, des_th: 0.4243984696025187,frac_lost: 0.102, li_recovered:  50.462, time: 0.006263500001296052
L: 250.12, u_super: 0.00788, sec: 525091.531, prod: 0.076165, t_ads: 7722.8, t_des: 10195.0, bed_util_ads: 0.182, bed_util_des: 0.138, des_th: 0.1376363124019198,frac_lost: 0.101, li_recovered:  1364.717, time: 0.006224574999578181
L: 3.40, u_super: 0.00815, sec: 4425.702, prod: 0.132105, t_ads: 159.8, t_des: 273.9, bed_util_ads: 0.407, bed_util_des: 0.400, des_th: 0.4005129477351136,frac_lost: 0.100, li_recovered:  57.290, time: 0.007366558000285295
L: 6.86, u_super: 0.00612, sec: 5879.099, prod: 0.110147, t_ads: 411.0, t_des: 546.1, bed_util_ads: 0.415, bed_util_des: 0.405, des_th: 0.4048887603302862,frac_lost: 0.103, li_recovered:  105.419, time: 0.006852398999399156
L: 260.88, u_super: 0.00800 — INFEASIBLE (li_recovered=0.000e+00), time: 0.0013381320004555164
L: 168.00, u_super: 0.00924, sec: 404160.817, prod: 0.093091, t_ads: 7858.0, t_des: 26005.3, bed_util_ads: 0.203, bed_util_des: 0.067, des_th: 0.06725727051605263,frac_lost: 0.102, li_recovered:  3152.374, time: 0.013974268998936168
L: 7.04, u_super: 0.00695, sec: 6885.017, prod: 0.125656, t_ads: 376.0, t_des: 497.3, bed_util_ads: 0.419, bed_util_des: 0.410, des_th: 0.409894745590328,frac_lost: 0.106, li_recovered:  109.738, time: 0.006549088000610936
L: 14.27, u_super: 0.00743, sec: 49431.544, prod: 0.040777, t_ads: 768.7, t_des: 5417.4, bed_util_ads: 0.221, bed_util_des: 0.160, des_th: 0.1603866191318214,frac_lost: 0.101, li_recovered:  252.250, time: 0.026572943999781273
L: 164.80, u_super: 0.00797, sec: 265860.938, prod: 0.101657, t_ads: 8070.5, t_des: 17265.7, bed_util_ads: 0.213, bed_util_des: 0.102, des_th: 0.10174113319397211,frac_lost: 0.102, li_recovered:  2575.608, time: 0.00926837500082911
L: 4.91, u_super: 0.00528, sec: 5431.278, prod: 0.062829, t_ads: 354.6, t_des: 943.7, bed_util_ads: 0.337, bed_util_des: 0.316, des_th: 0.31650862640072175,frac_lost: 0.101, li_recovered:  81.571, time: 0.01060401299946534
L: 286.17, u_super: 0.00968 — INFEASIBLE (li_recovered=0.000e+00), time: 0.001273178999326774
L: 1.62, u_super: 0.00856, sec: 7061.932, prod: 0.043675, t_ads: 74.2, t_des: 574.8, bed_util_ads: 0.249, bed_util_des: 0.241, des_th: 0.24127589238919683,frac_lost: 0.105, li_recovered:  28.347, time: 0.031122246000450104
L: 4.29, u_super: 0.00806, sec: 14379.993, prod: 0.050037, t_ads: 208.7, t_des: 1282.5, bed_util_ads: 0.261, bed_util_des: 0.241, des_th: 0.24127589238919683,frac_lost: 0.104, li_recovered:  74.614, time: 0.02063074699981371
L: 170.05, u_super: 0.00940, sec: 370994.417, prod: 0.106409, t_ads: 7545.1, t_des: 20807.4, bed_util_ads: 0.208, bed_util_des: 0.082, des_th: 0.08163880107909273,frac_lost: 0.101, li_recovered:  3016.971, time: 0.011943126999540254
L: 8.83, u_super: 0.00708, sec: 8862.120, prod: 0.127520, t_ads: 454.8, t_des: 592.4, bed_util_ads: 0.413, bed_util_des: 0.403, des_th: 0.4025162327468727,frac_lost: 0.104, li_recovered:  133.533, time: 0.005557538999710232
L: 6.52, u_super: 0.00627, sec: 5734.437, prod: 0.112607, t_ads: 382.2, t_des: 516.0, bed_util_ads: 0.415, bed_util_des: 0.406, des_th: 0.405823777269922,frac_lost: 0.100, li_recovered:  101.142, time: 0.006222832000275957
L: 173.76, u_super: 0.00303 — INFEASIBLE (li_recovered=0.000e+00), time: 0.0010055080001620809
L: 3.78, u_super: 0.00814, sec: 4887.824, prod: 0.132505, t_ads: 177.5, t_des: 300.4, bed_util_ads: 0.407, bed_util_des: 0.400, des_th: 0.39998841954943226,frac_lost: 0.102, li_recovered:  63.323, time: 0.008336159999089432
L: 3.41, u_super: 0.00641, sec: 3326.258, prod: 0.106715, t_ads: 203.1, t_des: 328.6, bed_util_ads: 0.409, bed_util_des: 0.402, des_th: 0.4023697331599888,frac_lost: 0.103, li_recovered:  56.739, time: 0.009015122999699088
L: 9.43, u_super: 0.00741, sec: 21524.550, prod: 0.061624, t_ads: 496.5, t_des: 2112.1, bed_util_ads: 0.278, bed_util_des: 0.241, des_th: 0.24127589238919683,frac_lost: 0.103, li_recovered:  160.747, time: 0.01575135299935937
L: 14.95, u_super: 0.00790, sec: 25007.838, prod: 0.095999, t_ads: 717.5, t_des: 1774.6, bed_util_ads: 0.319, bed_util_des: 0.283, des_th: 0.2830408422427644,frac_lost: 0.105, li_recovered:  239.239, time: 0.009068645000297693
L: 1.59, u_super: 0.00723, sec: 3959.709, prod: 0.053632, t_ads: 85.8, t_des: 430.5, bed_util_ads: 0.291, bed_util_des: 0.283, des_th: 0.2832623031423651,frac_lost: 0.102, li_recovered:  27.689, time: 0.015368247999504092
L: 173.32, u_super: 0.00949, sec: 332862.792, prod: 0.123329, t_ads: 6756.4, t_des: 13068.3, bed_util_ads: 0.219, bed_util_des: 0.122, des_th: 0.12291529034556403,frac_lost: 0.102, li_recovered:  2444.961, time: 0.009349216999908094
     5 |      200 |      4 |  0.1289378478 |         ideal
L: 50.44, u_super: 0.00801, sec: 74287.537, prod: 0.112485, t_ads: 2074.4, t_des: 3251.0, bed_util_ads: 0.288, bed_util_des: 0.241, des_th: 0.24177562123116206,frac_lost: 0.102, li_recovered:  599.026, time: 0.007048266999845509
L: 3.01, u_super: 0.00295, sec: 1255.211, prod: 0.050365, t_ads: 378.1, t_des: 561.4, bed_util_ads: 0.404, bed_util_des: 0.393, des_th: 0.39277799209651987,frac_lost: 0.102, li_recovered:  47.316, time: 0.0076476679987536045
L: 3.52, u_super: 0.00825, sec: 4170.123, prod: 0.148609, t_ads: 163.7, t_des: 232.4, bed_util_ads: 0.429, bed_util_des: 0.424, des_th: 0.4243984696025187,frac_lost: 0.105, li_recovered:  58.864, time: 0.005829800998981227
L: 3.41, u_super: 0.00636, sec: 3003.681, prod: 0.115752, t_ads: 203.6, t_des: 281.5, bed_util_ads: 0.429, bed_util_des: 0.423, des_th: 0.42353198686750443,frac_lost: 0.104, li_recovered:  56.147, time: 0.006749112999386853
L: 0.64, u_super: 0.00651, sec: 2551.425, prod: 0.026719, t_ads: 38.3, t_des: 378.7, bed_util_ads: 0.230, bed_util_des: 0.226, des_th: 0.22561247878975724,frac_lost: 0.106, li_recovered:  11.143, time: 0.033821859000454424
L: 2.15, u_super: 0.00708, sec: 2420.027, prod: 0.113464, t_ads: 117.8, t_des: 204.7, bed_util_ads: 0.409, bed_util_des: 0.404, des_th: 0.40392255226332685,frac_lost: 0.109, li_recovered:  36.595, time: 0.00877481299903593
L: 2.03, u_super: 0.00658, sec: 1697.832, prod: 0.130658, t_ads: 119.0, t_des: 142.6, bed_util_ads: 0.455, bed_util_des: 0.453, des_th: 0.45262684991613,frac_lost: 0.108, li_recovered:  34.183, time: 0.007537124998634681
L: 2.48, u_super: 0.00815, sec: 3293.851, prod: 0.129222, t_ads: 117.2, t_des: 209.5, bed_util_ads: 0.405, bed_util_des: 0.400, des_th: 0.4005129477351136,frac_lost: 0.102, li_recovered:  42.225, time: 0.006604578000406036
L: 256.15, u_super: 0.00944 — INFEASIBLE (li_recovered=0.000e+00), time: 0.0015259499996318482
L: 175.94, u_super: 0.00949, sec: 338404.329, prod: 0.123157, t_ads: 6718.7, t_des: 12640.7, bed_util_ads: 0.219, bed_util_des: 0.126, des_th: 0.12662475505505674,frac_lost: 0.101, li_recovered:  2384.227, time: 0.005587319999904139
L: 7.93, u_super: 0.00831, sec: 10344.548, prod: 0.137268, t_ads: 358.2, t_des: 563.5, bed_util_ads: 0.399, bed_util_des: 0.387, des_th: 0.3867711062665348,frac_lost: 0.105, li_recovered:  126.518, time: 0.005358279999200022
L: 256.15, u_super: 0.00944, sec: 496733.823, prod: 0.120636, t_ads: 10537.9, t_des: 22089.3, bed_util_ads: 0.206, bed_util_des: 0.092, des_th: 0.09198428272149535,frac_lost: 0.101, li_recovered:  3936.011, time: 0.005863721999048721
L: 3.43, u_super: 0.00633, sec: 10792.109, prod: 0.032169, t_ads: 214.8, t_des: 1654.7, bed_util_ads: 0.240, bed_util_des: 0.218, des_th: 0.217715760605384,frac_lost: 0.108, li_recovered:  60.139, time: 0.015671945999201853
L: 254.14, u_super: 0.00960, sec: 535390.003, prod: 0.115210, t_ads: 11002.8, t_des: 27563.5, bed_util_ads: 0.204, bed_util_des: 0.073, des_th: 0.0730169760412471,frac_lost: 0.101, li_recovered:  4443.224, time: 0.010428870000396273
L: 3.41, u_super: 0.00603, sec: 3410.441, prod: 0.091311, t_ads: 215.9, t_des: 406.7, bed_util_ads: 0.389, bed_util_des: 0.380, des_th: 0.38017237108686186,frac_lost: 0.102, li_recovered:  56.845, time: 0.006190260999574093
L: 171.02, u_super: 0.00949, sec: 328537.417, prod: 0.123292, t_ads: 6703.8, t_des: 12975.9, bed_util_ads: 0.220, bed_util_des: 0.123, des_th: 0.12291529034556403,frac_lost: 0.103, li_recovered:  2426.342, time: 0.005340290999811259
L: 10.59, u_super: 0.00820, sec: 11889.604, prod: 0.154728, t_ads: 464.4, t_des: 545.8, bed_util_ads: 0.425, bed_util_des: 0.417, des_th: 0.41702135899768544,frac_lost: 0.103, li_recovered:  156.319, time: 0.004385229000035906
L: 256.48, u_super: 0.00946 — INFEASIBLE (li_recovered=0.000e+00), time: 0.0015405550002469681
L: 28.43, u_super: 0.00619 — INFEASIBLE (li_recovered=0.000e+00), time: 0.001873719998911838
L: 6.94, u_super: 0.00651, sec: 6319.276, prod: 0.117884, t_ads: 390.9, t_des: 518.0, bed_util_ads: 0.417, bed_util_des: 0.407, des_th: 0.4075285154696901,frac_lost: 0.101, li_recovered:  107.149, time: 0.005686267000783118
L: 38.36, u_super: 0.00596 — INFEASIBLE (li_recovered=0.000e+00), time: 0.0012661810014833463
L: 1.59, u_super: 0.00752, sec: 3915.165, prod: 0.058801, t_ads: 82.7, t_des: 388.2, bed_util_ads: 0.298, bed_util_des: 0.291, des_th: 0.29099725857800807,frac_lost: 0.104, li_recovered:  27.684, time: 0.013546739999583224
L: 0.69, u_super: 0.00259, sec: 2254.553, prod: 0.004897, t_ads: 104.4, t_des: 2370.6, bed_util_ads: 0.161, bed_util_des: 0.147, des_th: 0.1465427356569636,frac_lost: 0.100, li_recovered:  12.120, time: 0.04494516700106033
L: 3.01, u_super: 0.00811, sec: 3941.369, prod: 0.129828, t_ads: 143.1, t_des: 249.6, bed_util_ads: 0.406, bed_util_des: 0.400, des_th: 0.4005286043868104,frac_lost: 0.104, li_recovered:  50.980, time: 0.00561788100094418
L: 7.16, u_super: 0.00678, sec: 6817.263, prod: 0.122805, t_ads: 387.3, t_des: 514.2, bed_util_ads: 0.417, bed_util_des: 0.408, des_th: 0.40766199006523607,frac_lost: 0.101, li_recovered:  110.709, time: 0.005389362000641995
L: 256.15, u_super: 0.00950, sec: 503871.903, prod: 0.120613, t_ads: 10648.0, t_des: 23113.7, bed_util_ads: 0.206, bed_util_des: 0.088, des_th: 0.08780601828377949,frac_lost: 0.101, li_recovered:  4072.093, time: 0.006833084999016137
L: 3.58, u_super: 0.00193, sec: 1834.309, prod: 0.017373, t_ads: 721.8, t_des: 2753.6, bed_util_ads: 0.276, bed_util_des: 0.229, des_th: 0.22880737809744847,frac_lost: 0.104, li_recovered:  60.379, time: 0.013164540001525893
L: 6.68, u_super: 0.00814, sec: 8218.594, prod: 0.139335, t_ads: 308.5, t_des: 462.9, bed_util_ads: 0.409, bed_util_des: 0.400, des_th: 0.39998841954943226,frac_lost: 0.104, li_recovered:  107.477, time: 0.009299772000304074
L: 47.00, u_super: 0.00657, sec: 97744.532, prod: 0.052531, t_ads: 3013.8, t_des: 13413.6, bed_util_ads: 0.211, bed_util_des: 0.099, des_th: 0.09951911585696202,frac_lost: 0.102, li_recovered:  862.951, time: 0.017463485999542172
L: 243.03, u_super: 0.00945, sec: 563573.808, prod: 0.101169, t_ads: 11181.8, t_des: 34042.1, bed_util_ads: 0.201, bed_util_des: 0.059, des_th: 0.05887812315384208,frac_lost: 0.102, li_recovered:  4575.233, time: 0.014644846000010148
L: 3.37, u_super: 0.00286, sec: 1307.782, prod: 0.050874, t_ads: 430.8, t_des: 583.4, bed_util_ads: 0.411, bed_util_des: 0.400, des_th: 0.40061076028026305,frac_lost: 0.103, li_recovered:  51.597, time: 0.011276592000285746
L: 0.72, u_super: 0.00728, sec: 710.759, prod: 0.138001, t_ads: 38.5, t_des: 52.3, bed_util_ads: 0.447, bed_util_des: 0.446, des_th: 0.44561080489360494,frac_lost: 0.101, li_recovered:  12.538, time: 0.008632512999611208
L: 10.82, u_super: 0.00601, sec: 8835.940, prod: 0.111307, t_ads: 601.3, t_des: 625.0, bed_util_ads: 0.426, bed_util_des: 0.421, des_th: 0.42118287174158164,frac_lost: 0.100, li_recovered:  136.494, time: 0.007496272000935278
L: 7.04, u_super: 0.00309, sec: 3183.553, prod: 0.051152, t_ads: 788.7, t_des: 1098.4, bed_util_ads: 0.375, bed_util_des: 0.356, des_th: 0.3560646489340895,frac_lost: 0.102, li_recovered:  96.528, time: 0.00714066799991997
L: 1.32, u_super: 0.00255, sec: 5881.913, prod: 0.003495, t_ads: 207.9, t_des: 6536.6, bed_util_ads: 0.139, bed_util_des: 0.109, des_th: 0.10898809848581895,frac_lost: 0.108, li_recovered:  23.574, time: 0.10117714599982719
L: 252.00, u_super: 0.00941, sec: 485906.336, prod: 0.120661, t_ads: 10283.0, t_des: 20926.7, bed_util_ads: 0.207, bed_util_des: 0.096, des_th: 0.09658063798893338,frac_lost: 0.103, li_recovered:  3765.810, time: 0.00834217599913245
L: 1.65, u_super: 0.00814, sec: 54114.263, prod: 0.005222, t_ads: 79.9, t_des: 5504.6, bed_util_ads: 0.101, bed_util_des: 0.088, des_th: 0.08789563003214074,frac_lost: 0.103, li_recovered:  29.161, time: 0.14203751499917416
L: 69.60, u_super: 0.00320 — INFEASIBLE (li_recovered=0.000e+00), time: 0.0009954050001397263
L: 0.53, u_super: 0.00814, sec: 744.107, prod: 0.122017, t_ads: 25.4, t_des: 50.4, bed_util_ads: 0.402, bed_util_des: 0.401, des_th: 0.40064642233065956,frac_lost: 0.103, li_recovered:  9.257, time: 0.005908761000682716
L: 2.43, u_super: 0.00946, sec: 46639.257, prod: 0.012257, t_ads: 101.6, t_des: 3406.5, bed_util_ads: 0.137, bed_util_des: 0.122, des_th: 0.1219466493101041,frac_lost: 0.104, li_recovered:  42.998, time: 0.06245780900098907
     6 |      240 |      4 |  0.5075349095 |         ideal
L: 1.98, u_super: 0.00836, sec: 2998.467, prod: 0.119408, t_ads: 91.8, t_des: 193.1, bed_util_ads: 0.388, bed_util_des: 0.384, des_th: 0.38379810442627493,frac_lost: 0.103, li_recovered:  34.015, time: 0.007899103000454488
L: 27.52, u_super: 0.00625, sec: 32263.980, prod: 0.084134, t_ads: 1581.1, t_des: 3087.3, bed_util_ads: 0.294, bed_util_des: 0.241, des_th: 0.24127589238919683,frac_lost: 0.102, li_recovered:  392.767, time: 0.006892360999700031
L: 12.21, u_super: 0.00950, sec: 17093.716, prod: 0.169420, t_ads: 467.2, t_des: 619.6, bed_util_ads: 0.410, bed_util_des: 0.399, des_th: 0.3991181756243636,frac_lost: 0.103, li_recovered:  184.138, time: 0.004603621000569547
L: 0.65, u_super: 0.00190, sec: 559.279, prod: 0.009892, t_ads: 133.1, t_des: 1008.8, bed_util_ads: 0.247, bed_util_des: 0.233, des_th: 0.23263251338101443,frac_lost: 0.100, li_recovered:  11.297, time: 0.021339021001040237
L: 3.35, u_super: 0.00291, sec: 1237.390, prod: 0.055166, t_ads: 419.2, t_des: 496.7, bed_util_ads: 0.429, bed_util_des: 0.421, des_th: 0.4211374646162649,frac_lost: 0.104, li_recovered:  50.523, time: 0.004485745001147734
L: 3.01, u_super: 0.00286, sec: 1102.347, prod: 0.053856, t_ads: 385.7, t_des: 471.1, bed_util_ads: 0.428, bed_util_des: 0.420, des_th: 0.4198559028979161,frac_lost: 0.104, li_recovered:  46.141, time: 0.004641871000785613
L: 2.15, u_super: 0.00708, sec: 2192.238, prod: 0.125253, t_ads: 116.9, t_des: 173.9, bed_util_ads: 0.428, bed_util_des: 0.425, des_th: 0.42457448374699236,frac_lost: 0.104, li_recovered:  36.421, time: 0.007718478000242612
L: 0.68, u_super: 0.00722, sec: 2630.342, prod: 0.034353, t_ads: 36.8, t_des: 309.2, bed_util_ads: 0.245, bed_util_des: 0.241, des_th: 0.24086574287723844,frac_lost: 0.105, li_recovered:  11.888, time: 0.023234336000314215
L: 8.06, u_super: 0.00799, sec: 10072.605, prod: 0.131647, t_ads: 374.8, t_des: 594.9, bed_util_ads: 0.396, bed_util_des: 0.384, des_th: 0.3837438525880466,frac_lost: 0.100, li_recovered:  127.655, time: 0.005390412999986438
L: 14.39, u_super: 0.00814, sec: 16234.265, prod: 0.151861, t_ads: 598.4, t_des: 635.5, bed_util_ads: 0.424, bed_util_des: 0.418, des_th: 0.41835775611224213,frac_lost: 0.101, li_recovered:  187.375, time: 0.004601869999532937
L: 40.19, u_super: 0.00591 — INFEASIBLE (li_recovered=0.000e+00), time: 0.0010807849994307617
L: 6.67, u_super: 0.00814, sec: 10654.137, prod: 0.107305, t_ads: 313.1, t_des: 717.7, bed_util_ads: 0.358, bed_util_des: 0.342, des_th: 0.3418714560720794,frac_lost: 0.104, li_recovered:  110.609, time: 0.0075588809995679185
L: 12.21, u_super: 0.00629, sec: 10667.473, prod: 0.114399, t_ads: 656.5, t_des: 753.7, bed_util_ads: 0.409, bed_util_des: 0.400, des_th: 0.3999336716085611,frac_lost: 0.101, li_recovered:  161.321, time: 0.004924394001136534
L: 60.03, u_super: 0.00218 — INFEASIBLE (li_recovered=0.000e+00), time: 0.0011167689990543295
L: 3.92, u_super: 0.00778, sec: 4776.373, prod: 0.127838, t_ads: 192.6, t_des: 318.7, bed_util_ads: 0.408, bed_util_des: 0.400, des_th: 0.4005129477351136,frac_lost: 0.104, li_recovered:  65.361, time: 0.007119634999980917
L: 2.49, u_super: 0.00728, sec: 2380.316, prod: 0.141828, t_ads: 130.8, t_des: 164.1, bed_util_ads: 0.448, bed_util_des: 0.446, des_th: 0.44561080489360494,frac_lost: 0.102, li_recovered:  41.827, time: 0.006748606998371542
L: 0.69, u_super: 0.00280, sec: 1114.399, prod: 0.011666, t_ads: 97.1, t_des: 940.7, bed_util_ads: 0.227, bed_util_des: 0.216, des_th: 0.21612345296939575,frac_lost: 0.105, li_recovered:  12.106, time: 0.02135991100112733
L: 3.01, u_super: 0.00620, sec: 2845.581, prod: 0.102451, t_ads: 185.2, t_des: 305.0, bed_util_ads: 0.409, bed_util_des: 0.402, des_th: 0.4023597503751767,frac_lost: 0.102, li_recovered:  50.224, time: 0.008201341999665601
L: 8.75, u_super: 0.00708, sec: 8790.828, prod: 0.127318, t_ads: 450.1, t_des: 591.1, bed_util_ads: 0.413, bed_util_des: 0.402, des_th: 0.40275224298711865,frac_lost: 0.103, li_recovered:  132.564, time: 0.005045800000516465
L: 4.16, u_super: 0.00618, sec: 3499.005, prod: 0.114578, t_ads: 253.2, t_des: 334.4, bed_util_ads: 0.430, bed_util_des: 0.424, des_th: 0.42353198686750443,frac_lost: 0.102, li_recovered:  67.336, time: 0.007871394000176224
L: 164.92, u_super: 0.00813, sec: 311427.715, prod: 0.090496, t_ads: 8553.9, t_des: 24371.9, bed_util_ads: 0.205, bed_util_des: 0.074, des_th: 0.07360095028943467,frac_lost: 0.100, li_recovered:  2979.666, time: 0.009880461999273393
L: 3.68, u_super: 0.00766, sec: 3716.981, prod: 0.149171, t_ads: 182.2, t_des: 224.6, bed_util_ads: 0.446, bed_util_des: 0.442, des_th: 0.4417807839576435,frac_lost: 0.102, li_recovered:  60.683, time: 0.009334656000646646
L: 4.31, u_super: 0.00810, sec: 5459.268, prod: 0.133660, t_ads: 203.2, t_des: 332.7, bed_util_ads: 0.408, bed_util_des: 0.400, des_th: 0.4005129477351136,frac_lost: 0.104, li_recovered:  71.625, time: 0.00885256100082188
L: 2.03, u_super: 0.00611, sec: 1558.852, prod: 0.122163, t_ads: 127.0, t_des: 151.6, bed_util_ads: 0.455, bed_util_des: 0.453, des_th: 0.45262684991613,frac_lost: 0.103, li_recovered:  34.036, time: 0.005341165000572801
L: 3.41, u_super: 0.00639, sec: 2647.225, prod: 0.132769, t_ads: 202.4, t_des: 215.0, bed_util_ads: 0.463, bed_util_des: 0.460, des_th: 0.4604349088189601,frac_lost: 0.107, li_recovered:  55.417, time: 0.004895104999377509
L: 3.65, u_super: 0.00831, sec: 5185.979, prod: 0.126051, t_ads: 169.5, t_des: 319.4, bed_util_ads: 0.394, bed_util_des: 0.387, des_th: 0.3867711062665348,frac_lost: 0.106, li_recovered:  61.629, time: 0.006411475000277278
L: 10.46, u_super: 0.00814, sec: 16168.134, prod: 0.110735, t_ads: 481.4, t_des: 1031.9, bed_util_ads: 0.351, bed_util_des: 0.329, des_th: 0.3286409395300033,frac_lost: 0.100, li_recovered:  167.584, time: 0.011223396999412216
L: 2.10, u_super: 0.00825, sec: 2260.742, prod: 0.163615, t_ads: 98.1, t_des: 119.9, bed_util_ads: 0.455, bed_util_des: 0.453, des_th: 0.45262684991613,frac_lost: 0.103, li_recovered:  35.656, time: 0.007873635999203543
L: 8.31, u_super: 0.00946, sec: 12565.591, prod: 0.155361, t_ads: 329.1, t_des: 529.7, bed_util_ads: 0.399, bed_util_des: 0.387, des_th: 0.3873676176687887,frac_lost: 0.102, li_recovered:  133.433, time: 0.008266585000455962
L: 0.53, u_super: 0.00832, sec: 599.594, prod: 0.158593, t_ads: 25.1, t_des: 33.3, bed_util_ads: 0.451, bed_util_des: 0.451, des_th: 0.4505961903612325,frac_lost: 0.109, li_recovered:  9.247, time: 0.007820102000550833
L: 7.93, u_super: 0.00620, sec: 15278.790, prod: 0.050280, t_ads: 498.3, t_des: 2192.1, bed_util_ads: 0.274, bed_util_des: 0.237, des_th: 0.23715092138238847,frac_lost: 0.102, li_recovered:  135.269, time: 0.017730756999299047
L: 13.76, u_super: 0.00306 — INFEASIBLE (li_recovered=0.000e+00), time: 0.002120977998856688
L: 0.71, u_super: 0.00815, sec: 996.317, prod: 0.122969, t_ads: 34.2, t_des: 66.9, bed_util_ads: 0.402, bed_util_des: 0.401, des_th: 0.4005129477351136,frac_lost: 0.104, li_recovered:  12.422, time: 0.010220789999948465
L: 0.74, u_super: 0.00720, sec: 8611.217, prod: 0.011397, t_ads: 40.4, t_des: 1102.8, bed_util_ads: 0.153, bed_util_des: 0.147, des_th: 0.1465427356569636,frac_lost: 0.104, li_recovered:  13.028, time: 0.06726615899970056
L: 30.90, u_super: 0.00292, sec: 20465.211, prod: 0.031041, t_ads: 2499.9, t_des: 3149.6, bed_util_ads: 0.251, bed_util_des: 0.228, des_th: 0.22805147559137318,frac_lost: 0.100, li_recovered:  175.368, time: 0.00430563600093592
L: 2.15, u_super: 0.00708, sec: 2005.221, prod: 0.136935, t_ads: 117.0, t_des: 148.0, bed_util_ads: 0.449, bed_util_des: 0.446, des_th: 0.44585520970925435,frac_lost: 0.107, li_recovered:  36.283, time: 0.00553959799981385
L: 0.53, u_super: 0.00261, sec: 214.457, prod: 0.040492, t_ads: 78.9, t_des: 146.7, bed_util_ads: 0.404, bed_util_des: 0.401, des_th: 0.40064642233065956,frac_lost: 0.103, li_recovered:  9.135, time: 0.010170094999921275
L: 28.48, u_super: 0.00763 — INFEASIBLE (li_recovered=0.000e+00), time: 0.0024961059989436762
L: 3.01, u_super: 0.00820, sec: 3998.516, prod: 0.130821, t_ads: 141.6, t_des: 247.9, bed_util_ads: 0.406, bed_util_des: 0.400, des_th: 0.4005129477351136,frac_lost: 0.105, li_recovered:  50.957, time: 0.007307317999220686
L: 0.72, u_super: 0.00695, sec: 675.105, prod: 0.131657, t_ads: 40.4, t_des: 54.8, bed_util_ads: 0.447, bed_util_des: 0.446, des_th: 0.44561080489360494,frac_lost: 0.101, li_recovered:  12.531, time: 0.0058880859996861545
     7 |      280 |      4 |  0.1139581653 |         ideal
L: 0.51, u_super: 0.00261, sec: 190.145, prod: 0.043975, t_ads: 76.0, t_des: 123.8, bed_util_ads: 0.421, bed_util_des: 0.418, des_th: 0.41837542330626476,frac_lost: 0.105, li_recovered:  8.787, time: 0.0053505699997913325
L: 17.17, u_super: 0.00708, sec: 18704.565, prod: 0.117421, t_ads: 742.8, t_des: 767.8, bed_util_ads: 0.407, bed_util_des: 0.403, des_th: 0.40392255226332685,frac_lost: 0.102, li_recovered:  177.384, time: 0.0034323349991609575
L: 7.86, u_super: 0.00934, sec: 11918.509, prod: 0.150827, t_ads: 315.7, t_des: 525.4, bed_util_ads: 0.395, bed_util_des: 0.384, des_th: 0.3837438525880466,frac_lost: 0.100, li_recovered:  126.856, time: 0.006574864999493002
L: 0.54, u_super: 0.00825, sec: 684.364, prod: 0.140026, t_ads: 25.8, t_des: 42.0, bed_util_ads: 0.426, bed_util_des: 0.425, des_th: 0.42477394491076564,frac_lost: 0.105, li_recovered:  9.495, time: 0.005480298001202755
L: 85.21, u_super: 0.00611 — INFEASIBLE (li_recovered=0.000e+00), time: 0.0012031629994453397
L: 14.53, u_super: 0.00815, sec: 16789.954, prod: 0.148592, t_ads: 618.7, t_des: 729.8, bed_util_ads: 0.410, bed_util_des: 0.400, des_th: 0.4005129477351136,frac_lost: 0.103, li_recovered:  200.380, time: 0.005154713999218075
L: 0.67, u_super: 0.00695, sec: 634.366, prod: 0.130671, t_ads: 38.0, t_des: 51.6, bed_util_ads: 0.447, bed_util_des: 0.446, des_th: 0.4458569053851846,frac_lost: 0.108, li_recovered:  11.710, time: 0.004545625999526237
L: 7.93, u_super: 0.00956, sec: 12242.905, prod: 0.155778, t_ads: 311.9, t_des: 510.7, bed_util_ads: 0.398, bed_util_des: 0.387, des_th: 0.38676952541115983,frac_lost: 0.102, li_recovered:  128.151, time: 0.005967867000435945
L: 2.15, u_super: 0.00640, sec: 1776.879, prod: 0.124782, t_ads: 128.4, t_des: 160.6, bed_util_ads: 0.449, bed_util_des: 0.446, des_th: 0.44572391417966384,frac_lost: 0.102, li_recovered:  36.064, time: 0.004025952001029509
L: 2.49, u_super: 0.00832, sec: 2776.517, prod: 0.160973, t_ads: 115.4, t_des: 146.2, bed_util_ads: 0.448, bed_util_des: 0.446, des_th: 0.44573599030279326,frac_lost: 0.106, li_recovered:  42.102, time: 0.005093760000818293
L: 0.69, u_super: 0.00639, sec: 2915.590, prod: 0.024396, t_ads: 42.5, t_des: 454.1, bed_util_ads: 0.223, bed_util_des: 0.218, des_th: 0.21788715509464424,frac_lost: 0.107, li_recovered:  12.115, time: 0.029840537999916705
L: 14.39, u_super: 0.00783, sec: 15700.458, prod: 0.144586, t_ads: 614.1, t_des: 646.2, bed_util_ads: 0.423, bed_util_des: 0.418, des_th: 0.41835775611224213,frac_lost: 0.101, li_recovered:  182.224, time: 0.0060942759992030915
L: 7.93, u_super: 0.00831, sec: 10027.072, prod: 0.141622, t_ads: 357.5, t_des: 531.7, bed_util_ads: 0.406, bed_util_des: 0.395, des_th: 0.39519591540984406,frac_lost: 0.106, li_recovered:  125.921, time: 0.007037834000584553
L: 3.00, u_super: 0.00841, sec: 3644.331, prod: 0.150751, t_ads: 136.3, t_des: 198.4, bed_util_ads: 0.428, bed_util_des: 0.424, des_th: 0.4243984696025187,frac_lost: 0.100, li_recovered:  50.460, time: 0.008189385998775833
L: 2.03, u_super: 0.00658, sec: 1705.088, prod: 0.130102, t_ads: 119.0, t_des: 143.8, bed_util_ads: 0.454, bed_util_des: 0.452, des_th: 0.45181861781504884,frac_lost: 0.108, li_recovered:  34.193, time: 0.006619416999456007
L: 3.45, u_super: 0.00815, sec: 4504.997, prod: 0.131385, t_ads: 163.1, t_des: 278.9, bed_util_ads: 0.407, bed_util_des: 0.400, des_th: 0.4005129477351136,frac_lost: 0.106, li_recovered:  58.071, time: 0.006427069998608204
L: 0.72, u_super: 0.00746, sec: 732.384, prod: 0.140831, t_ads: 37.6, t_des: 51.4, bed_util_ads: 0.447, bed_util_des: 0.446, des_th: 0.44561080489360494,frac_lost: 0.101, li_recovered:  12.544, time: 0.006905401000040001
L: 29.02, u_super: 0.00819 — INFEASIBLE (li_recovered=0.000e+00), time: 0.0015269409996108152
L: 0.95, u_super: 0.00266, sec: 1347.821, prod: 0.012006, t_ads: 139.7, t_des: 1244.0, bed_util_ads: 0.232, bed_util_des: 0.216, des_th: 0.21612345296939575,frac_lost: 0.102, li_recovered:  16.612, time: 0.020747866999954567
L: 0.56, u_super: 0.00190, sec: 497.838, prod: 0.009593, t_ads: 115.1, t_des: 902.6, bed_util_ads: 0.245, bed_util_des: 0.233, des_th: 0.23263251338101443,frac_lost: 0.101, li_recovered:  9.763, time: 0.019864747000610805
L: 79.34, u_super: 0.00832 — INFEASIBLE (li_recovered=0.000e+00), time: 0.000935078000111389
L: 3.78, u_super: 0.00814, sec: 4941.838, prod: 0.131057, t_ads: 177.3, t_des: 306.1, bed_util_ads: 0.404, bed_util_des: 0.397, des_th: 0.3974459094578779,frac_lost: 0.101, li_recovered:  63.356, time: 0.005240274000243517
L: 0.72, u_super: 0.00680, sec: 636.609, prod: 0.132233, t_ads: 41.1, t_des: 52.7, bed_util_ads: 0.454, bed_util_des: 0.453, des_th: 0.4532212896948586,frac_lost: 0.107, li_recovered:  12.415, time: 0.005843446999278967
L: 3.74, u_super: 0.00786, sec: 3885.347, prod: 0.153144, t_ads: 180.5, t_des: 222.5, bed_util_ads: 0.445, bed_util_des: 0.442, des_th: 0.4415346834660639,frac_lost: 0.102, li_recovered:  61.723, time: 0.004597827000907273
L: 8.31, u_super: 0.00831, sec: 10719.335, prod: 0.138501, t_ads: 372.3, t_des: 577.3, bed_util_ads: 0.399, bed_util_des: 0.387, des_th: 0.3873691985241636,frac_lost: 0.102, li_recovered:  131.522, time: 0.0062787839997326955
L: 34.51, u_super: 0.00820 — INFEASIBLE (li_recovered=0.000e+00), time: 0.0018705459988268558
L: 0.52, u_super: 0.00728, sec: 508.464, prod: 0.139303, t_ads: 28.1, t_des: 37.3, bed_util_ads: 0.451, bed_util_des: 0.450, des_th: 0.45047100495204423,frac_lost: 0.106, li_recovered:  9.109, time: 0.004372399000203586
L: 3.41, u_super: 0.00279, sec: 1157.860, prod: 0.055135, t_ads: 434.7, t_des: 418.1, bed_util_ads: 0.454, bed_util_des: 0.451, des_th: 0.4508465331584488,frac_lost: 0.105, li_recovered:  47.023, time: 0.005085253000288503
L: 1.12, u_super: 0.00751, sec: 1158.563, prod: 0.140231, t_ads: 58.1, t_des: 80.0, bed_util_ads: 0.443, bed_util_des: 0.442, des_th: 0.4417807839576435,frac_lost: 0.104, li_recovered:  19.373, time: 0.004872520999924745
L: 8.31, u_super: 0.00945, sec: 12555.142, prod: 0.155277, t_ads: 328.8, t_des: 529.8, bed_util_ads: 0.398, bed_util_des: 0.387, des_th: 0.3867788135852631,frac_lost: 0.101, li_recovered:  133.319, time: 0.007108748999598902
L: 12.21, u_super: 0.00920, sec: 18038.325, prod: 0.149992, t_ads: 486.4, t_des: 765.2, bed_util_ads: 0.387, bed_util_des: 0.371, des_th: 0.3714439290116952,frac_lost: 0.101, li_recovered:  187.726, time: 0.00610289699943678
L: 8.06, u_super: 0.00799, sec: 10036.524, prod: 0.132120, t_ads: 375.1, t_des: 590.5, bed_util_ads: 0.397, bed_util_des: 0.384, des_th: 0.38455208366669513,frac_lost: 0.101, li_recovered:  127.576, time: 0.006327294000584516
L: 0.54, u_super: 0.00814, sec: 672.147, prod: 0.137960, t_ads: 26.1, t_des: 42.4, bed_util_ads: 0.425, bed_util_des: 0.424, des_th: 0.4244755598685139,frac_lost: 0.106, li_recovered:  9.447, time: 0.0058666189997893525
L: 3.01, u_super: 0.00284, sec: 1103.987, prod: 0.053004, t_ads: 388.2, t_des: 483.7, bed_util_ads: 0.426, bed_util_des: 0.417, des_th: 0.41766836713540545,frac_lost: 0.103, li_recovered:  46.214, time: 0.005352590000256896
L: 14.17, u_super: 0.00817, sec: 15983.537, prod: 0.152816, t_ads: 595.2, t_des: 645.1, bed_util_ads: 0.423, bed_util_des: 0.416, des_th: 0.4165524990233352,frac_lost: 0.104, li_recovered:  189.546, time: 0.004369407000922365
L: 15.09, u_super: 0.00261 — INFEASIBLE (li_recovered=0.000e+00), time: 0.001301678999880096
L: 25.29, u_super: 0.00942, sec: 37062.500, prod: 0.159130, t_ads: 846.8, t_des: 1009.8, bed_util_ads: 0.383, bed_util_des: 0.372, des_th: 0.3724834518446467,frac_lost: 0.100, li_recovered:  295.431, time: 0.003324418001284357
L: 2.71, u_super: 0.00726, sec: 2559.899, prod: 0.142762, t_ads: 143.2, t_des: 174.8, bed_util_ads: 0.450, bed_util_des: 0.447, des_th: 0.4474160619824676,frac_lost: 0.104, li_recovered:  45.396, time: 0.004330022999056382
L: 19.54, u_super: 0.00832 — INFEASIBLE (li_recovered=0.000e+00), time: 0.0014941240006010048
L: 8.35, u_super: 0.00831, sec: 10820.234, prod: 0.138129, t_ads: 374.2, t_des: 583.5, bed_util_ads: 0.399, bed_util_des: 0.386, des_th: 0.38673113758470073,frac_lost: 0.103, li_recovered:  132.280, time: 0.005128326998601551
     8 |      320 |      5 |  0.0277654473 |         nadir
L: 3.35, u_super: 0.00286, sec: 1263.572, prod: 0.052410, t_ads: 425.4, t_des: 545.7, bed_util_ads: 0.418, bed_util_des: 0.409, des_th: 0.40881565871056197,frac_lost: 0.100, li_recovered:  50.896, time: 0.005741668999689864
L: 0.53, u_super: 0.00265, sec: 217.903, prod: 0.041147, t_ads: 77.7, t_des: 144.4, bed_util_ads: 0.404, bed_util_des: 0.401, des_th: 0.40064642233065956,frac_lost: 0.103, li_recovered:  9.137, time: 0.006886786999530159
L: 1.12, u_super: 0.00776, sec: 1125.416, prod: 0.154414, t_ads: 56.5, t_des: 68.9, bed_util_ads: 0.458, bed_util_des: 0.457, des_th: 0.45714072491502494,frac_lost: 0.107, li_recovered:  19.363, time: 0.006720957000652561
L: 7.96, u_super: 0.00956, sec: 12255.022, prod: 0.156176, t_ads: 312.3, t_des: 510.1, bed_util_ads: 0.398, bed_util_des: 0.387, des_th: 0.38675955043219795,frac_lost: 0.100, li_recovered:  128.434, time: 0.005672678000337328
L: 0.72, u_super: 0.00695, sec: 674.956, prod: 0.131560, t_ads: 40.4, t_des: 54.8, bed_util_ads: 0.447, bed_util_des: 0.446, des_th: 0.44563243423402105,frac_lost: 0.102, li_recovered:  12.522, time: 0.005735551998441224
L: 3.68, u_super: 0.00775, sec: 3779.135, prod: 0.150512, t_ads: 179.9, t_des: 223.6, bed_util_ads: 0.445, bed_util_des: 0.441, des_th: 0.4409424822531831,frac_lost: 0.102, li_recovered:  60.735, time: 0.0053182539995759726
L: 0.53, u_super: 0.00830, sec: 623.360, prod: 0.152591, t_ads: 25.2, t_des: 35.8, bed_util_ads: 0.442, bed_util_des: 0.441, des_th: 0.4413476676729422,frac_lost: 0.105, li_recovered:  9.301, time: 0.0046178680004231865
L: 0.56, u_super: 0.00209, sec: 139.828, prod: 0.041461, t_ads: 103.3, t_des: 125.0, bed_util_ads: 0.455, bed_util_des: 0.453, des_th: 0.4527811239271935,frac_lost: 0.106, li_recovered:  9.466, time: 0.005365500001062173
L: 12.21, u_super: 0.00962, sec: 17387.790, prod: 0.171009, t_ads: 462.9, t_des: 618.2, bed_util_ads: 0.410, bed_util_des: 0.399, des_th: 0.3991181756243636,frac_lost: 0.104, li_recovered:  184.881, time: 0.004688940998676117
L: 3.35, u_super: 0.00834, sec: 4042.457, prod: 0.149616, t_ads: 154.0, t_des: 221.7, bed_util_ads: 0.429, bed_util_des: 0.424, des_th: 0.4243984696025187,frac_lost: 0.104, li_recovered:  56.209, time: 0.004512321000220254
L: 18.64, u_super: 0.00286 — INFEASIBLE (li_recovered=0.000e+00), time: 0.0019013389992323937
L: 3.00, u_super: 0.00841, sec: 3713.299, prod: 0.147951, t_ads: 137.6, t_des: 204.4, bed_util_ads: 0.427, bed_util_des: 0.422, des_th: 0.42254998006292555,frac_lost: 0.107, li_recovered:  50.600, time: 0.004532932000074652
L: 0.53, u_super: 0.00367, sec: 312.213, prod: 0.055850, t_ads: 56.6, t_des: 108.1, bed_util_ads: 0.403, bed_util_des: 0.401, des_th: 0.40064642233065956,frac_lost: 0.108, li_recovered:  9.196, time: 0.004871139000897529
L: 30.54, u_super: 0.00584 — INFEASIBLE (li_recovered=0.000e+00), time: 0.0018548940006439807
L: 0.63, u_super: 0.00823, sec: 796.761, prod: 0.139538, t_ads: 30.2, t_des: 48.9, bed_util_ads: 0.425, bed_util_des: 0.424, des_th: 0.4243984696025187,frac_lost: 0.107, li_recovered:  11.038, time: 0.004747569000755902
L: 14.17, u_super: 0.00817, sec: 15986.281, prod: 0.152801, t_ads: 589.4, t_des: 637.1, bed_util_ads: 0.422, bed_util_des: 0.416, des_th: 0.4165524990233352,frac_lost: 0.100, li_recovered:  187.413, time: 0.003677063001305214
L: 2.10, u_super: 0.00825, sec: 2272.836, prod: 0.162744, t_ads: 98.1, t_des: 121.1, bed_util_ads: 0.454, bed_util_des: 0.452, des_th: 0.45177305597879325,frac_lost: 0.104, li_recovered:  35.668, time: 0.0047668030001659645
L: 0.69, u_super: 0.00744, sec: 657.145, prod: 0.148593, t_ads: 36.0, t_des: 44.5, bed_util_ads: 0.458, bed_util_des: 0.457, des_th: 0.45746779722252257,frac_lost: 0.101, li_recovered:  11.956, time: 0.0047220199994626455
L: 1.82, u_super: 0.00190, sec: 406.002, prod: 0.038394, t_ads: 349.0, t_des: 369.0, bed_util_ads: 0.450, bed_util_des: 0.446, des_th: 0.4458582554589976,frac_lost: 0.101, li_recovered:  27.565, time: 0.004667945000619511
L: 2.49, u_super: 0.00832, sec: 2865.026, prod: 0.156000, t_ads: 115.4, t_des: 154.8, bed_util_ads: 0.441, bed_util_des: 0.438, des_th: 0.4378046093623159,frac_lost: 0.106, li_recovered:  42.159, time: 0.005738593001296977
L: 3.00, u_super: 0.00300, sec: 1155.547, prod: 0.056353, t_ads: 367.5, t_des: 455.1, bed_util_ads: 0.427, bed_util_des: 0.420, des_th: 0.41986188506691485,frac_lost: 0.101, li_recovered:  46.355, time: 0.005011990999264526
L: 4.09, u_super: 0.00810, sec: 4365.003, prod: 0.158522, t_ads: 191.3, t_des: 232.5, bed_util_ads: 0.447, bed_util_des: 0.443, des_th: 0.4433112489285141,frac_lost: 0.103, li_recovered:  67.193, time: 0.005068013999334653
L: 8.28, u_super: 0.00946, sec: 12517.135, prod: 0.155435, t_ads: 327.5, t_des: 527.9, bed_util_ads: 0.398, bed_util_des: 0.387, des_th: 0.38737759264775057,frac_lost: 0.101, li_recovered:  132.962, time: 0.005783155000244733
L: 0.68, u_super: 0.00695, sec: 549.314, prod: 0.151058, t_ads: 37.7, t_des: 39.5, bed_util_ads: 0.480, bed_util_des: 0.480, des_th: 0.47971310753330454,frac_lost: 0.103, li_recovered:  11.672, time: 0.006053150998923229
L: 3.67, u_super: 0.00845, sec: 4020.139, prod: 0.168857, t_ads: 166.0, t_des: 194.0, bed_util_ads: 0.454, bed_util_des: 0.451, des_th: 0.4507832061543542,frac_lost: 0.107, li_recovered:  60.796, time: 0.007091256999046891
L: 2.71, u_super: 0.00726, sec: 9938.777, prod: 0.036771, t_ads: 146.1, t_des: 1143.6, bed_util_ads: 0.243, bed_util_des: 0.227, des_th: 0.2272472487876209,frac_lost: 0.100, li_recovered:  47.425, time: 0.019714322999789147
L: 0.65, u_super: 0.00171, sec: 264.348, prod: 0.016907, t_ads: 147.6, t_des: 511.7, bed_util_ads: 0.325, bed_util_des: 0.314, des_th: 0.31455202307312746,frac_lost: 0.104, li_recovered:  11.146, time: 0.009459973000048194
L: 29.33, u_super: 0.00932, sec: 47870.119, prod: 0.139741, t_ads: 885.0, t_des: 978.8, bed_util_ads: 0.376, bed_util_des: 0.372, des_th: 0.3724834518446467,frac_lost: 0.101, li_recovered:  260.448, time: 0.004666226001063478
L: 2.59, u_super: 0.00639, sec: 2020.090, prod: 0.132135, t_ads: 154.7, t_des: 170.3, bed_util_ads: 0.463, bed_util_des: 0.460, des_th: 0.4604349088189601,frac_lost: 0.105, li_recovered:  42.951, time: 0.007253455998579739
L: 0.67, u_super: 0.00720, sec: 583.958, prod: 0.152765, t_ads: 36.3, t_des: 40.1, bed_util_ads: 0.473, bed_util_des: 0.472, des_th: 0.4724976475482868,frac_lost: 0.101, li_recovered:  11.680, time: 0.004990356999769574
L: 0.72, u_super: 0.00728, sec: 678.359, prod: 0.144593, t_ads: 38.6, t_des: 48.1, bed_util_ads: 0.458, bed_util_des: 0.457, des_th: 0.4568481032700313,frac_lost: 0.103, li_recovered:  12.533, time: 0.005195846999413334
L: 0.51, u_super: 0.00269, sec: 221.505, prod: 0.040111, t_ads: 73.6, t_des: 146.1, bed_util_ads: 0.397, bed_util_des: 0.393, des_th: 0.39338372754851925,frac_lost: 0.102, li_recovered:  8.812, time: 0.007468372999937856
L: 3.47, u_super: 0.00187, sec: 1552.184, prod: 0.018658, t_ads: 719.0, t_des: 2375.8, bed_util_ads: 0.290, bed_util_des: 0.246, des_th: 0.2460304567357446,frac_lost: 0.106, li_recovered:  57.742, time: 0.010479933000169694
L: 39.49, u_super: 0.00814 — INFEASIBLE (li_recovered=0.000e+00), time: 0.0016935299991018837
L: 12.21, u_super: 0.00946, sec: 16958.486, prod: 0.169288, t_ads: 468.2, t_des: 617.3, bed_util_ads: 0.411, bed_util_des: 0.400, des_th: 0.39997196949458874,frac_lost: 0.102, li_recovered:  183.769, time: 0.005080071001430042
L: 31.50, u_super: 0.00827 — INFEASIBLE (li_recovered=0.000e+00), time: 0.0021496549998119008
L: 0.72, u_super: 0.00708, sec: 2945.643, prod: 0.031253, t_ads: 39.9, t_des: 364.0, bed_util_ads: 0.237, bed_util_des: 0.233, des_th: 0.2326247935606815,frac_lost: 0.106, li_recovered:  12.622, time: 0.020420435999767506
L: 4.68, u_super: 0.00986, sec: 8052.474, prod: 0.149074, t_ads: 181.8, t_des: 345.5, bed_util_ads: 0.392, bed_util_des: 0.384, des_th: 0.3837438525880466,frac_lost: 0.102, li_recovered:  78.605, time: 0.007846303999031079
L: 7.07, u_super: 0.00210, sec: 3903.794, prod: 0.019114, t_ads: 1318.8, t_des: 4922.6, bed_util_ads: 0.252, bed_util_des: 0.182, des_th: 0.18191503655822255,frac_lost: 0.101, li_recovered:  119.296, time: 0.012769093000315479
L: 59.22, u_super: 0.00925 — INFEASIBLE (li_recovered=0.000e+00), time: 0.0020300619999034097
     9 |      360 |     12 |  0.0122635961 |         ideal
L: 0.53, u_super: 0.00451, sec: 364.197, prod: 0.072926, t_ads: 45.7, t_des: 80.4, bed_util_ads: 0.414, bed_util_des: 0.412, des_th: 0.4121366293158067,frac_lost: 0.101, li_recovered:  9.200, time: 0.008652866999909747
L: 22.85, u_super: 0.00946, sec: 32709.270, prod: 0.164253, t_ads: 777.8, t_des: 877.8, bed_util_ads: 0.396, bed_util_des: 0.388, des_th: 0.38807374718579796,frac_lost: 0.102, li_recovered:  271.931, time: 0.005591503999312408
L: 32.26, u_super: 0.00308, sec: 23019.263, prod: 0.032178, t_ads: 2436.8, t_des: 3023.3, bed_util_ads: 0.251, bed_util_des: 0.230, des_th: 0.23025922088740364,frac_lost: 0.100, li_recovered:  175.693, time: 0.004833258000871865
L: 0.61, u_super: 0.00813, sec: 662.549, prod: 0.157266, t_ads: 29.3, t_des: 38.2, bed_util_ads: 0.453, bed_util_des: 0.452, des_th: 0.4518216224572186,frac_lost: 0.104, li_recovered:  10.611, time: 0.007071553000059794
L: 1.19, u_super: 0.00359, sec: 675.743, prod: 0.055349, t_ads: 127.5, t_des: 238.2, bed_util_ads: 0.399, bed_util_des: 0.393, des_th: 0.39338372754851925,frac_lost: 0.101, li_recovered:  20.242, time: 0.00776241099993058
L: 7.95, u_super: 0.00956, sec: 12257.720, prod: 0.155875, t_ads: 311.7, t_des: 511.5, bed_util_ads: 0.398, bed_util_des: 0.387, des_th: 0.38675955043219795,frac_lost: 0.100, li_recovered:  128.315, time: 0.008237572999860276
L: 0.56, u_super: 0.00181, sec: 119.692, prod: 0.036390, t_ads: 118.8, t_des: 139.9, bed_util_ads: 0.458, bed_util_des: 0.455, des_th: 0.45542609314239235,frac_lost: 0.107, li_recovered:  9.414, time: 0.005776548001449555
L: 36.09, u_super: 0.00746 — INFEASIBLE (li_recovered=0.000e+00), time: 0.0017787960005080095
L: 0.68, u_super: 0.00695, sec: 529.391, prod: 0.156817, t_ads: 37.8, t_des: 34.2, bed_util_ads: 0.498, bed_util_des: 0.497, des_th: 0.49731186922862636,frac_lost: 0.104, li_recovered:  11.293, time: 0.006767155999114038
L: 0.72, u_super: 0.00705, sec: 671.289, prod: 0.136819, t_ads: 39.9, t_des: 51.8, bed_util_ads: 0.452, bed_util_des: 0.451, des_th: 0.4507541940959933,frac_lost: 0.102, li_recovered:  12.548, time: 0.008013602000573883
L: 3.76, u_super: 0.00845, sec: 4421.296, prod: 0.157479, t_ads: 170.1, t_des: 227.4, bed_util_ads: 0.437, bed_util_des: 0.432, des_th: 0.4325179255140955,frac_lost: 0.104, li_recovered:  62.583, time: 0.0070442619999084854
L: 12.24, u_super: 0.00822, sec: 14606.644, prod: 0.146621, t_ads: 530.4, t_des: 690.6, bed_util_ads: 0.405, bed_util_des: 0.394, des_th: 0.39385057645340854,frac_lost: 0.100, li_recovered:  179.027, time: 0.0053945899999234825
L: 0.68, u_super: 0.00720, sec: 562.651, prod: 0.158654, t_ads: 36.4, t_des: 37.0, bed_util_ads: 0.483, bed_util_des: 0.483, des_th: 0.48289861500407055,frac_lost: 0.101, li_recovered:  11.648, time: 0.005914198000027682
L: 1.14, u_super: 0.00779, sec: 1141.874, prod: 0.155211, t_ads: 56.7, t_des: 69.4, bed_util_ads: 0.458, bed_util_des: 0.457, des_th: 0.45697535104004106,frac_lost: 0.105, li_recovered:  19.562, time: 0.007045027999993181
L: 0.59, u_super: 0.00695, sec: 556.004, prod: 0.130501, t_ads: 33.2, t_des: 45.4, bed_util_ads: 0.447, bed_util_des: 0.446, des_th: 0.4458569053851846,frac_lost: 0.107, li_recovered:  10.264, time: 0.008904356000130065
L: 11.88, u_super: 0.00705 — INFEASIBLE (li_recovered=0.000e+00), time: 0.004641442001229734
L: 0.57, u_super: 0.00818, sec: 540.337, prod: 0.183673, t_ads: 27.5, t_des: 26.2, bed_util_ads: 0.492, bed_util_des: 0.492, des_th: 0.49174082087354437,frac_lost: 0.107, li_recovered:  9.856, time: 0.00490196700047818
L: 0.65, u_super: 0.00185, sec: 179.009, prod: 0.029243, t_ads: 135.2, t_des: 240.2, bed_util_ads: 0.405, bed_util_des: 0.399, des_th: 0.3993473513925572,frac_lost: 0.104, li_recovered:  10.976, time: 0.007849894998798845
L: 0.53, u_super: 0.00830, sec: 765.291, prod: 0.124359, t_ads: 25.1, t_des: 49.8, bed_util_ads: 0.402, bed_util_des: 0.401, des_th: 0.40064642233065956,frac_lost: 0.103, li_recovered:  9.315, time: 0.005435815000964794
L: 2.10, u_super: 0.00825, sec: 2274.828, prod: 0.162602, t_ads: 98.0, t_des: 121.3, bed_util_ads: 0.453, bed_util_des: 0.451, des_th: 0.45115160181958275,frac_lost: 0.103, li_recovered:  35.665, time: 0.009506436001174734
L: 25.29, u_super: 0.00947, sec: 37158.158, prod: 0.160532, t_ads: 855.4, t_des: 1014.8, bed_util_ads: 0.384, bed_util_des: 0.372, des_th: 0.3724834518446467,frac_lost: 0.102, li_recovered:  300.226, time: 0.0060676979992422275
L: 17.30, u_super: 0.00190, sec: 5956.258, prod: 0.024840, t_ads: 2762.1, t_des: 4146.6, bed_util_ads: 0.263, bed_util_des: 0.217, des_th: 0.21751057744147334,frac_lost: 0.101, li_recovered:  171.615, time: 0.005099318999782554
L: 14.64, u_super: 0.00832, sec: 16906.881, prod: 0.155075, t_ads: 594.7, t_des: 626.6, bed_util_ads: 0.424, bed_util_des: 0.419, des_th: 0.4190464375161303,frac_lost: 0.101, li_recovered:  189.385, time: 0.004578661000778084
L: 0.50, u_super: 0.00758, sec: 494.593, prod: 0.149245, t_ads: 25.9, t_des: 32.5, bed_util_ads: 0.458, bed_util_des: 0.457, des_th: 0.45714072491502494,frac_lost: 0.107, li_recovered:  8.717, time: 0.0060549040008481825
L: 0.53, u_super: 0.00285, sec: 236.189, prod: 0.043980, t_ads: 72.4, t_des: 135.7, bed_util_ads: 0.404, bed_util_des: 0.401, des_th: 0.40064642233065956,frac_lost: 0.105, li_recovered:  9.153, time: 0.007535057999120909
L: 12.23, u_super: 0.00962, sec: 17343.245, prod: 0.171643, t_ads: 462.0, t_des: 613.1, bed_util_ads: 0.410, bed_util_des: 0.399, des_th: 0.3991181756243636,frac_lost: 0.102, li_recovered:  184.530, time: 0.005735160999392974
L: 32.06, u_super: 0.00172 — INFEASIBLE (li_recovered=0.000e+00), time: 0.001976246998310671
L: 10.59, u_super: 0.00820, sec: 11411.381, prod: 0.161132, t_ads: 453.5, t_des: 448.3, bed_util_ads: 0.448, bed_util_des: 0.445, des_th: 0.4449807188418535,frac_lost: 0.101, li_recovered:  145.305, time: 0.005698577000657679
L: 0.69, u_super: 0.00744, sec: 660.172, prod: 0.147844, t_ads: 36.0, t_des: 44.9, bed_util_ads: 0.458, bed_util_des: 0.457, des_th: 0.45746779722252257,frac_lost: 0.101, li_recovered:  11.954, time: 0.008176620000085677
L: 0.53, u_super: 0.00821, sec: 598.950, prod: 0.154085, t_ads: 25.2, t_des: 34.6, bed_util_ads: 0.446, bed_util_des: 0.445, des_th: 0.4454744304992602,frac_lost: 0.104, li_recovered:  9.213, time: 0.006611820001126034
L: 0.52, u_super: 0.00269, sec: 226.598, prod: 0.040121, t_ads: 75.5, t_des: 149.2, bed_util_ads: 0.397, bed_util_des: 0.393, des_th: 0.39338372754851925,frac_lost: 0.104, li_recovered:  9.016, time: 0.0072780350001266925
L: 4.06, u_super: 0.00949, sec: 5697.778, prod: 0.168704, t_ads: 163.6, t_des: 239.0, bed_util_ads: 0.426, bed_util_des: 0.421, des_th: 0.4207588731997639,frac_lost: 0.102, li_recovered:  67.914, time: 0.006777750999390264
L: 0.65, u_super: 0.00171, sec: 263.964, prod: 0.016920, t_ads: 147.3, t_des: 510.8, bed_util_ads: 0.325, bed_util_des: 0.314, des_th: 0.31455202307312746,frac_lost: 0.104, li_recovered:  11.136, time: 0.009554050000588177
L: 1.58, u_super: 0.00754, sec: 1593.605, prod: 0.144560, t_ads: 80.9, t_des: 106.1, bed_util_ads: 0.448, bed_util_des: 0.446, des_th: 0.44590136417777715,frac_lost: 0.101, li_recovered:  27.030, time: 0.005368596999687725
L: 2.09, u_super: 0.00677, sec: 1812.171, prod: 0.134011, t_ads: 119.1, t_des: 143.9, bed_util_ads: 0.454, bed_util_des: 0.452, des_th: 0.45177305597879325,frac_lost: 0.107, li_recovered:  35.251, time: 0.006098074998590164
L: 0.56, u_super: 0.00212, sec: 669.389, prod: 0.008965, t_ads: 103.4, t_des: 988.7, bed_util_ads: 0.228, bed_util_des: 0.216, des_th: 0.2161536396837345,frac_lost: 0.104, li_recovered:  9.790, time: 0.022654455000520102
L: 1.39, u_super: 0.00209, sec: 338.115, prod: 0.042638, t_ads: 249.6, t_des: 270.4, bed_util_ads: 0.456, bed_util_des: 0.453, des_th: 0.45262204043484483,frac_lost: 0.106, li_recovered:  22.172, time: 0.005887376999453409
L: 25.29, u_super: 0.00945, sec: 58395.524, prod: 0.101603, t_ads: 1022.3, t_des: 3013.4, bed_util_ads: 0.284, bed_util_des: 0.231, des_th: 0.23144728600653813,frac_lost: 0.102, li_recovered:  410.040, time: 0.009952845000952948
L: 0.50, u_super: 0.00204, sec: 129.344, prod: 0.038707, t_ads: 94.9, t_des: 126.3, bed_util_ads: 0.444, bed_util_des: 0.441, des_th: 0.4413476676729422,frac_lost: 0.103, li_recovered:  8.562, time: 0.005884981999770389
L: 15.39, u_super: 0.00698 — INFEASIBLE (li_recovered=0.000e+00), time: 0.002548673001001589
    10 |      400 |     10 |  0.0859869538 |         ideal
L: 12.55, u_super: 0.00286 — INFEASIBLE (li_recovered=0.000e+00), time: 0.0030592800012527732
L: 0.53, u_super: 0.00270, sec: 229.845, prod: 0.040524, t_ads: 76.4, t_des: 149.7, bed_util_ads: 0.398, bed_util_des: 0.394, des_th: 0.3944741370696108,frac_lost: 0.103, li_recovered:  9.160, time: 0.006622659999266034
L: 12.21, u_super: 0.00962, sec: 17393.310, prod: 0.171042, t_ads: 462.7, t_des: 618.3, bed_util_ads: 0.410, bed_util_des: 0.399, des_th: 0.3991181756243636,frac_lost: 0.104, li_recovered:  184.885, time: 0.0056047990001388825
L: 16.87, u_super: 0.00178 — INFEASIBLE (li_recovered=0.000e+00), time: 0.0009884849987429334
L: 0.56, u_super: 0.00810, sec: 815.308, prod: 0.115901, t_ads: 26.9, t_des: 57.1, bed_util_ads: 0.393, bed_util_des: 0.392, des_th: 0.3916203180979374,frac_lost: 0.102, li_recovered:  9.738, time: 0.00978975799989712
L: 12.33, u_super: 0.00970, sec: 15993.338, prod: 0.191301, t_ads: 445.6, t_des: 440.8, bed_util_ads: 0.449, bed_util_des: 0.446, des_th: 0.4458582554589976,frac_lost: 0.100, li_recovered:  169.575, time: 0.006676615999822388
L: 0.52, u_super: 0.00262, sec: 217.361, prod: 0.039324, t_ads: 76.8, t_des: 150.4, bed_util_ads: 0.398, bed_util_des: 0.394, des_th: 0.3942806239323677,frac_lost: 0.103, li_recovered:  8.932, time: 0.006375601999025093
L: 3.71, u_super: 0.00751, sec: 3553.130, prod: 0.150958, t_ads: 187.4, t_des: 216.3, bed_util_ads: 0.454, bed_util_des: 0.450, des_th: 0.45061673188584916,frac_lost: 0.104, li_recovered:  60.945, time: 0.006422631000532419
L: 0.65, u_super: 0.00170, sec: 160.912, prod: 0.027697, t_ads: 146.3, t_des: 248.4, bed_util_ads: 0.409, bed_util_des: 0.403, des_th: 0.40306786236602116,frac_lost: 0.105, li_recovered:  10.932, time: 0.006992118998823571
L: 0.56, u_super: 0.00833, sec: 641.259, prod: 0.156100, t_ads: 26.2, t_des: 36.0, bed_util_ads: 0.446, bed_util_des: 0.446, des_th: 0.44573599030279326,frac_lost: 0.105, li_recovered:  9.707, time: 0.0062525520006602164
L: 0.53, u_super: 0.00516, sec: 373.581, prod: 0.094003, t_ads: 39.9, t_des: 58.0, bed_util_ads: 0.439, bed_util_des: 0.437, des_th: 0.4374029791859028,frac_lost: 0.101, li_recovered:  9.199, time: 0.005793839000034495
L: 12.23, u_super: 0.00962, sec: 17360.861, prod: 0.171469, t_ads: 462.9, t_des: 614.7, bed_util_ads: 0.410, bed_util_des: 0.399, des_th: 0.39940086073859327,frac_lost: 0.103, li_recovered:  184.771, time: 0.004403096998430556
L: 12.67, u_super: 0.00975, sec: 18217.995, prod: 0.174276, t_ads: 471.5, t_des: 621.3, bed_util_ads: 0.410, bed_util_des: 0.399, des_th: 0.3991181756243636,frac_lost: 0.102, li_recovered:  190.443, time: 0.0048775100003695115
L: 1.12, u_super: 0.00825, sec: 1257.986, prod: 0.157128, t_ads: 52.8, t_des: 70.4, bed_util_ads: 0.448, bed_util_des: 0.447, des_th: 0.4467633229238143,frac_lost: 0.104, li_recovered:  19.369, time: 0.004519411000728724
L: 0.53, u_super: 0.00180, sec: 206.801, prod: 0.019681, t_ads: 113.3, t_des: 348.6, bed_util_ads: 0.341, bed_util_des: 0.334, des_th: 0.33370511092992633,frac_lost: 0.101, li_recovered:  9.091, time: 0.011194315999091486
L: 4.34, u_super: 0.00758 — INFEASIBLE (li_recovered=0.000e+00), time: 0.0031847980008024024
L: 25.63, u_super: 0.00226 — INFEASIBLE (li_recovered=0.000e+00), time: 0.0014282560005085543
L: 0.51, u_super: 0.00289, sec: 172.728, prod: 0.059415, t_ads: 68.8, t_des: 78.6, bed_util_ads: 0.466, bed_util_des: 0.464, des_th: 0.46432676624693375,frac_lost: 0.107, li_recovered:  8.760, time: 0.006400998001481639
L: 0.51, u_super: 0.00669, sec: 400.553, prod: 0.144010, t_ads: 29.8, t_des: 31.5, bed_util_ads: 0.479, bed_util_des: 0.479, des_th: 0.47894056953038494,frac_lost: 0.109, li_recovered:  8.821, time: 0.005249587000434985
L: 0.65, u_super: 0.00932, sec: 1808.813, prod: 0.081423, t_ads: 27.0, t_des: 111.9, bed_util_ads: 0.317, bed_util_des: 0.315, des_th: 0.31455202307312746,frac_lost: 0.100, li_recovered:  11.310, time: 0.011802600998635171
L: 0.58, u_super: 0.00944, sec: 954.934, prod: 0.141424, t_ads: 23.9, t_des: 47.4, bed_util_ads: 0.402, bed_util_des: 0.401, des_th: 0.40065818306041745,frac_lost: 0.103, li_recovered:  10.070, time: 0.0076188200000615325
L: 8.94, u_super: 0.00450, sec: 5459.586, prod: 0.081552, t_ads: 654.2, t_des: 697.6, bed_util_ads: 0.416, bed_util_des: 0.411, des_th: 0.41104621979471506,frac_lost: 0.100, li_recovered:  110.244, time: 0.003626170999268652
L: 125.85, u_super: 0.00829 — INFEASIBLE (li_recovered=0.000e+00), time: 0.0009439260011276929
L: 0.50, u_super: 0.00204, sec: 128.754, prod: 0.038885, t_ads: 94.6, t_des: 125.5, bed_util_ads: 0.445, bed_util_des: 0.442, des_th: 0.44251646972041436,frac_lost: 0.101, li_recovered:  8.559, time: 0.005030311000155052
L: 0.53, u_super: 0.00220, sec: 140.290, prod: 0.043758, t_ads: 92.4, t_des: 113.3, bed_util_ads: 0.455, bed_util_des: 0.453, des_th: 0.4530511702802996,frac_lost: 0.102, li_recovered:  8.997, time: 0.0054856250008015195
L: 1.73, u_super: 0.00170, sec: 400.544, prod: 0.029583, t_ads: 378.4, t_des: 539.5, bed_util_ads: 0.410, bed_util_des: 0.399, des_th: 0.3991181756243636,frac_lost: 0.105, li_recovered:  27.154, time: 0.00760208600149781
L: 1.13, u_super: 0.00832, sec: 1251.396, prod: 0.161348, t_ads: 52.6, t_des: 67.8, bed_util_ads: 0.452, bed_util_des: 0.450, des_th: 0.4502547053202077,frac_lost: 0.104, li_recovered:  19.436, time: 0.005332216998795047
L: 10.54, u_super: 0.00859, sec: 11862.471, prod: 0.170317, t_ads: 436.5, t_des: 435.9, bed_util_ads: 0.449, bed_util_des: 0.445, des_th: 0.44514719311035855,frac_lost: 0.103, li_recovered:  148.589, time: 0.004140789000302902
L: 0.65, u_super: 0.00185, sec: 282.336, prod: 0.018589, t_ads: 135.9, t_des: 463.8, bed_util_ads: 0.328, bed_util_des: 0.318, des_th: 0.31805552940941084,frac_lost: 0.102, li_recovered:  11.148, time: 0.008627509998405003
L: 33.14, u_super: 0.00818 — INFEASIBLE (li_recovered=0.000e+00), time: 0.0013427270005195169
L: 0.61, u_super: 0.00197, sec: 170.451, prod: 0.033019, t_ads: 119.0, t_des: 194.3, bed_util_ads: 0.417, bed_util_des: 0.412, des_th: 0.41245674031162455,frac_lost: 0.103, li_recovered:  10.342, time: 0.0070307980004145065
L: 0.56, u_super: 0.00285, sec: 249.358, prod: 0.044071, t_ads: 76.5, t_des: 143.0, bed_util_ads: 0.404, bed_util_des: 0.401, des_th: 0.40064642233065956,frac_lost: 0.104, li_recovered:  9.672, time: 0.006929901999683352
L: 0.52, u_super: 0.00814, sec: 592.107, prod: 0.151299, t_ads: 25.1, t_des: 35.1, bed_util_ads: 0.445, bed_util_des: 0.444, des_th: 0.44390190981570254,frac_lost: 0.105, li_recovered:  9.112, time: 0.006671946999631473
L: 0.65, u_super: 0.00825, sec: 739.868, prod: 0.154376, t_ads: 30.7, t_des: 42.3, bed_util_ads: 0.446, bed_util_des: 0.446, des_th: 0.4456427357491244,frac_lost: 0.107, li_recovered:  11.273, time: 0.005022778999773436
L: 0.53, u_super: 0.00371, sec: 315.667, prod: 0.056512, t_ads: 55.9, t_des: 106.8, bed_util_ads: 0.403, bed_util_des: 0.401, des_th: 0.40064642233065956,frac_lost: 0.107, li_recovered:  9.196, time: 0.006405157999324729
L: 0.65, u_super: 0.00214, sec: 173.711, prod: 0.040514, t_ads: 116.9, t_des: 153.2, bed_util_ads: 0.445, bed_util_des: 0.442, des_th: 0.44165092089038405,frac_lost: 0.106, li_recovered:  10.945, time: 0.0077083689993742155
L: 16.26, u_super: 0.00208 — INFEASIBLE (li_recovered=0.000e+00), time: 0.0015093830006662756
L: 10.43, u_super: 0.00320 — INFEASIBLE (li_recovered=0.000e+00), time: 0.001658462999330368
L: 7.77, u_super: 0.00185 — INFEASIBLE (li_recovered=0.000e+00), time: 0.0013138769991201116
L: 42.56, u_super: 0.00785 — INFEASIBLE (li_recovered=0.000e+00), time: 0.0010557890000200132
    11 |      440 |     12 |  0.0492358658 |         ideal
L: 0.53, u_super: 0.00181, sec: 151.612, prod: 0.027296, t_ads: 113.7, t_des: 218.6, bed_util_ads: 0.397, bed_util_des: 0.392, des_th: 0.39185119074158803,frac_lost: 0.107, li_recovered:  9.072, time: 0.005968580000626389
L: 0.53, u_super: 0.00816, sec: 746.209, prod: 0.122313, t_ads: 25.4, t_des: 50.3, bed_util_ads: 0.402, bed_util_des: 0.400, des_th: 0.4004807717218999,frac_lost: 0.104, li_recovered:  9.259, time: 0.007329959998969571
L: 0.59, u_super: 0.00635, sec: 498.672, prod: 0.120531, t_ads: 36.1, t_des: 48.9, bed_util_ads: 0.447, bed_util_des: 0.446, des_th: 0.4458569053851846,frac_lost: 0.100, li_recovered:  10.242, time: 0.004597093000484165
L: 0.62, u_super: 0.00451, sec: 428.965, prod: 0.072565, t_ads: 54.0, t_des: 94.5, bed_util_ads: 0.414, bed_util_des: 0.412, des_th: 0.4121366293158067,frac_lost: 0.108, li_recovered:  10.773, time: 0.005690766000043368
L: 0.50, u_super: 0.00825, sec: 557.574, prod: 0.159355, t_ads: 23.8, t_des: 31.3, bed_util_ads: 0.452, bed_util_des: 0.452, des_th: 0.45175651364996705,frac_lost: 0.103, li_recovered:  8.785, time: 0.004670113999964087
L: 0.50, u_super: 0.00204, sec: 131.565, prod: 0.038054, t_ads: 94.8, t_des: 130.3, bed_util_ads: 0.440, bed_util_des: 0.437, des_th: 0.43738839720399825,frac_lost: 0.102, li_recovered:  8.567, time: 0.004908367998723406
L: 0.51, u_super: 0.00838, sec: 541.788, prod: 0.170541, t_ads: 23.7, t_des: 28.2, bed_util_ads: 0.465, bed_util_des: 0.464, des_th: 0.46432676624693375,frac_lost: 0.104, li_recovered:  8.847, time: 0.0042903889989247546
L: 12.32, u_super: 0.00949, sec: 15678.211, prod: 0.185908, t_ads: 455.1, t_des: 444.8, bed_util_ads: 0.448, bed_util_des: 0.445, des_th: 0.44553433481289756,frac_lost: 0.101, li_recovered:  167.288, time: 0.0040092760009429185
L: 11.69, u_super: 0.00962, sec: 14951.582, prod: 0.190409, t_ads: 431.6, t_des: 416.6, bed_util_ads: 0.454, bed_util_des: 0.451, des_th: 0.4516919437693271,frac_lost: 0.104, li_recovered:  161.513, time: 0.004325236999648041
L: 0.51, u_super: 0.00289, sec: 164.174, prod: 0.062511, t_ads: 68.5, t_des: 71.1, bed_util_ads: 0.478, bed_util_des: 0.477, des_th: 0.4772572217560758,frac_lost: 0.104, li_recovered:  8.726, time: 0.0038736339993192814
L: 12.67, u_super: 0.00844, sec: 15326.929, prod: 0.152605, t_ads: 533.4, t_des: 672.0, bed_util_ads: 0.410, bed_util_des: 0.399, des_th: 0.3991181756243636,frac_lost: 0.101, li_recovered:  183.960, time: 0.005061688001660514
L: 0.56, u_super: 0.00181, sec: 109.926, prod: 0.039623, t_ads: 117.6, t_des: 116.2, bed_util_ads: 0.480, bed_util_des: 0.479, des_th: 0.47945493746629175,frac_lost: 0.102, li_recovered:  9.267, time: 0.004884484000285738
L: 12.21, u_super: 0.00946, sec: 16890.159, prod: 0.169973, t_ads: 468.7, t_des: 611.6, bed_util_ads: 0.412, bed_util_des: 0.401, des_th: 0.4014226317354224,frac_lost: 0.103, li_recovered:  183.629, time: 0.00404445999993186
L: 0.55, u_super: 0.00186, sec: 154.026, prod: 0.029265, t_ads: 114.2, t_des: 204.9, bed_util_ads: 0.405, bed_util_des: 0.401, des_th: 0.40064642233065956,frac_lost: 0.108, li_recovered:  9.337, time: 0.005536303000553744
L: 0.55, u_super: 0.00654, sec: 400.202, prod: 0.147954, t_ads: 32.5, t_des: 29.7, bed_util_ads: 0.497, bed_util_des: 0.497, des_th: 0.49731186922862636,frac_lost: 0.102, li_recovered:  9.201, time: 0.003734442998393206
L: 0.52, u_super: 0.00728, sec: 512.966, prod: 0.136906, t_ads: 27.9, t_des: 38.1, bed_util_ads: 0.447, bed_util_des: 0.446, des_th: 0.44589801243440697,frac_lost: 0.106, li_recovered:  9.029, time: 0.0046094249992165715
L: 0.56, u_super: 0.00144, sec: 92.113, prod: 0.029736, t_ads: 148.2, t_des: 164.3, bed_util_ads: 0.463, bed_util_des: 0.461, des_th: 0.4608259696027242,frac_lost: 0.105, li_recovered:  9.293, time: 0.004422252999574994
L: 12.33, u_super: 0.00970, sec: 16871.400, prod: 0.181344, t_ads: 457.5, t_des: 552.7, bed_util_ads: 0.422, bed_util_des: 0.413, des_th: 0.41358316499449277,frac_lost: 0.102, li_recovered:  183.205, time: 0.004632964999473188
L: 0.53, u_super: 0.00351, sec: 233.327, prod: 0.068058, t_ads: 58.8, t_des: 75.5, bed_util_ads: 0.452, bed_util_des: 0.451, des_th: 0.45076184094489763,frac_lost: 0.105, li_recovered:  9.140, time: 0.0045873649996792665
L: 0.52, u_super: 0.00261, sec: 210.196, prod: 0.040392, t_ads: 77.2, t_des: 144.1, bed_util_ads: 0.404, bed_util_des: 0.401, des_th: 0.40064642233065956,frac_lost: 0.104, li_recovered:  8.936, time: 0.005248367000604048
L: 3.45, u_super: 0.00951, sec: 4913.792, prod: 0.166852, t_ads: 139.7, t_des: 208.9, bed_util_ads: 0.425, bed_util_des: 0.421, des_th: 0.4207588731997639,frac_lost: 0.105, li_recovered:  58.161, time: 0.005483216000357061
L: 1.63, u_super: 0.00692, sec: 1458.368, prod: 0.136284, t_ads: 90.7, t_des: 113.1, bed_util_ads: 0.452, bed_util_des: 0.450, des_th: 0.4504875472808705,frac_lost: 0.101, li_recovered:  27.774, time: 0.00563122099993052
L: 9.78, u_super: 0.00516, sec: 6830.857, prod: 0.094801, t_ads: 641.4, t_des: 705.1, bed_util_ads: 0.415, bed_util_des: 0.408, des_th: 0.40799543253038295,frac_lost: 0.103, li_recovered:  127.649, time: 0.0057420650009589735
L: 0.57, u_super: 0.00284, sec: 176.163, prod: 0.063402, t_ads: 77.8, t_des: 71.5, bed_util_ads: 0.492, bed_util_des: 0.492, des_th: 0.49174082087354437,frac_lost: 0.105, li_recovered:  9.466, time: 0.006450855000366573
L: 0.52, u_super: 0.00818, sec: 640.551, prod: 0.141151, t_ads: 25.0, t_des: 39.6, bed_util_ads: 0.429, bed_util_des: 0.428, des_th: 0.42831413540861285,frac_lost: 0.106, li_recovered:  9.117, time: 0.005987208000078681
L: 28.16, u_super: 0.00970 — INFEASIBLE (li_recovered=0.000e+00), time: 0.0024343719996977597
L: 1.94, u_super: 0.00241, sec: 587.303, prod: 0.045752, t_ads: 298.5, t_des: 371.7, bed_util_ads: 0.434, bed_util_des: 0.428, des_th: 0.427792763816414,frac_lost: 0.101, li_recovered:  30.660, time: 0.005235374999756459
L: 8.72, u_super: 0.00170 — INFEASIBLE (li_recovered=0.000e+00), time: 0.001230871999723604
L: 3.67, u_super: 0.00976, sec: 4422.261, prod: 0.208241, t_ads: 143.8, t_des: 148.1, bed_util_ads: 0.473, bed_util_des: 0.471, des_th: 0.47091006797446305,frac_lost: 0.106, li_recovered:  60.785, time: 0.005124993998833816
L: 9.39, u_super: 0.00857, sec: 10398.779, prod: 0.172387, t_ads: 393.5, t_des: 379.5, bed_util_ads: 0.458, bed_util_des: 0.455, des_th: 0.4554355194237238,frac_lost: 0.105, li_recovered:  133.261, time: 0.004137082998568076
L: 0.67, u_super: 0.00720, sec: 671.076, prod: 0.131958, t_ads: 36.4, t_des: 51.7, bed_util_ads: 0.441, bed_util_des: 0.440, des_th: 0.4403474389878058,frac_lost: 0.108, li_recovered:  11.633, time: 0.006042971001079422
L: 0.50, u_super: 0.00260, sec: 151.028, prod: 0.054100, t_ads: 74.5, t_des: 84.2, bed_util_ads: 0.467, bed_util_des: 0.465, des_th: 0.4654028784744361,frac_lost: 0.102, li_recovered:  8.590, time: 0.005219221000515972
L: 0.52, u_super: 0.00695, sec: 482.981, prod: 0.133093, t_ads: 29.5, t_des: 38.9, bed_util_ads: 0.451, bed_util_des: 0.450, des_th: 0.45042989790282184,frac_lost: 0.106, li_recovered:  9.105, time: 0.005551594000280602
L: 25.84, u_super: 0.00516 — INFEASIBLE (li_recovered=0.000e+00), time: 0.0016284920002362924
L: 0.61, u_super: 0.00792, sec: 645.041, prod: 0.153787, t_ads: 30.3, t_des: 39.1, bed_util_ads: 0.453, bed_util_des: 0.453, des_th: 0.45262684991613,frac_lost: 0.105, li_recovered:  10.666, time: 0.006526547000248684
L: 0.53, u_super: 0.00220, sec: 143.665, prod: 0.042730, t_ads: 92.5, t_des: 118.3, bed_util_ads: 0.450, bed_util_des: 0.448, des_th: 0.44769410082695676,frac_lost: 0.103, li_recovered:  9.007, time: 0.0061908740008220775
L: 2.03, u_super: 0.00820, sec: 2286.799, prod: 0.154563, t_ads: 95.3, t_des: 128.4, bed_util_ads: 0.442, bed_util_des: 0.440, des_th: 0.4397230892134433,frac_lost: 0.101, li_recovered:  34.572, time: 0.0050645000010263175
L: 3.67, u_super: 0.00881, sec: 4217.990, prod: 0.176034, t_ads: 158.9, t_des: 187.2, bed_util_ads: 0.454, bed_util_des: 0.451, des_th: 0.4507832061543542,frac_lost: 0.105, li_recovered:  60.932, time: 0.004115326000828645
L: 0.57, u_super: 0.00958, sec: 634.356, prod: 0.216884, t_ads: 23.2, t_des: 21.3, bed_util_ads: 0.497, bed_util_des: 0.497, des_th: 0.49731186922862636,frac_lost: 0.106, li_recovered:  9.659, time: 0.0038601409996772418
L: 12.23, u_super: 0.00698, sec: 11929.200, prod: 0.127067, t_ads: 608.4, t_des: 725.4, bed_util_ads: 0.409, bed_util_des: 0.399, des_th: 0.39940086073859327,frac_lost: 0.102, li_recovered:  169.488, time: 0.0035201529990445124
    12 |      480 |     15 |  0.1367000304 |         ideal
L: 4.24, u_super: 0.00838, sec: 4354.802, prod: 0.177087, t_ads: 190.6, t_des: 197.9, bed_util_ads: 0.467, bed_util_des: 0.464, des_th: 0.46432676624693375,frac_lost: 0.101, li_recovered:  68.799, time: 0.0037985770013619913
L: 0.55, u_super: 0.00181, sec: 145.875, prod: 0.029397, t_ads: 117.0, t_des: 201.4, bed_util_ads: 0.410, bed_util_des: 0.406, des_th: 0.40584097220996396,frac_lost: 0.103, li_recovered:  9.359, time: 0.0047296249995270045
L: 0.53, u_super: 0.00461, sec: 311.366, prod: 0.089294, t_ads: 44.6, t_des: 58.2, bed_util_ads: 0.451, bed_util_des: 0.450, des_th: 0.45037578185787047,frac_lost: 0.101, li_recovered:  9.176, time: 0.008266707000075257
L: 0.51, u_super: 0.00979, sec: 583.388, prod: 0.221888, t_ads: 20.4, t_des: 18.7, bed_util_ads: 0.497, bed_util_des: 0.497, des_th: 0.49731186922862636,frac_lost: 0.105, li_recovered:  8.686, time: 0.0038217130004341016
L: 5.25, u_super: 0.00284 — INFEASIBLE (li_recovered=0.000e+00), time: 0.0019425850005063694
L: 0.51, u_super: 0.00830, sec: 573.634, prod: 0.159453, t_ads: 24.1, t_des: 31.9, bed_util_ads: 0.452, bed_util_des: 0.451, des_th: 0.4509531794827712,frac_lost: 0.104, li_recovered:  8.928, time: 0.005668456999046612
L: 0.68, u_super: 0.00685, sec: 521.050, prod: 0.154526, t_ads: 38.3, t_des: 34.7, bed_util_ads: 0.498, bed_util_des: 0.497, des_th: 0.49739031714592785,frac_lost: 0.103, li_recovered:  11.284, time: 0.004420093999215169
L: 0.51, u_super: 0.00451, sec: 347.014, prod: 0.074069, t_ads: 44.3, t_des: 76.0, bed_util_ads: 0.418, bed_util_des: 0.416, des_th: 0.4158862010311607,frac_lost: 0.102, li_recovered:  8.906, time: 0.006848117000117782
L: 3.63, u_super: 0.00985, sec: 4415.992, prod: 0.210594, t_ads: 140.6, t_des: 145.3, bed_util_ads: 0.473, bed_util_des: 0.471, des_th: 0.47091006797446305,frac_lost: 0.104, li_recovered:  60.208, time: 0.004212940999423154
L: 0.50, u_super: 0.00077, sec: 44.318, prod: 0.015567, t_ads: 247.1, t_des: 270.1, bed_util_ads: 0.455, bed_util_des: 0.452, des_th: 0.45170192212057525,frac_lost: 0.108, li_recovered:  8.051, time: 0.0061016340005153324
L: 0.52, u_super: 0.00728, sec: 489.588, prod: 0.144674, t_ads: 28.2, t_des: 34.8, bed_util_ads: 0.459, bed_util_des: 0.459, des_th: 0.4588563843860057,frac_lost: 0.108, li_recovered:  9.107, time: 0.007751154000288807
L: 0.68, u_super: 0.00976, sec: 937.255, prod: 0.183027, t_ads: 27.3, t_des: 37.6, bed_util_ads: 0.447, bed_util_des: 0.446, des_th: 0.4458582554589976,frac_lost: 0.105, li_recovered:  11.886, time: 0.005998456001179875
L: 1.50, u_super: 0.00839, sec: 1670.699, prod: 0.164277, t_ads: 69.8, t_des: 87.3, bed_util_ads: 0.454, bed_util_des: 0.453, des_th: 0.45270771770219975,frac_lost: 0.108, li_recovered:  25.795, time: 0.004300350999983493
L: 0.57, u_super: 0.00916, sec: 603.670, prod: 0.207243, t_ads: 24.3, t_des: 22.3, bed_util_ads: 0.497, bed_util_des: 0.497, des_th: 0.49731186922862636,frac_lost: 0.107, li_recovered:  9.659, time: 0.003624491999289603
L: 9.39, u_super: 0.00847, sec: 10405.127, prod: 0.168108, t_ads: 398.9, t_des: 431.0, bed_util_ads: 0.442, bed_util_des: 0.437, des_th: 0.437058971039603,frac_lost: 0.101, li_recovered:  139.511, time: 0.00428252399979101
L: 18.11, u_super: 0.00209 — INFEASIBLE (li_recovered=0.000e+00), time: 0.0010989299989887513
L: 3.67, u_super: 0.00976, sec: 4387.178, prod: 0.209906, t_ads: 143.7, t_des: 144.9, bed_util_ads: 0.474, bed_util_des: 0.473, des_th: 0.4727831726554046,frac_lost: 0.106, li_recovered:  60.565, time: 0.0059864020004170015
L: 12.33, u_super: 0.00970, sec: 16266.779, prod: 0.188085, t_ads: 445.5, t_des: 413.1, bed_util_ads: 0.456, bed_util_des: 0.454, des_th: 0.4539503640109019,frac_lost: 0.102, li_recovered:  161.485, time: 0.003783664000366116
L: 0.62, u_super: 0.00382, sec: 356.296, prod: 0.062279, t_ads: 63.2, t_des: 109.2, bed_util_ads: 0.415, bed_util_des: 0.412, des_th: 0.41252268840190237,frac_lost: 0.103, li_recovered:  10.737, time: 0.0053678040003433125
L: 11.99, u_super: 0.00975, sec: 15643.789, prod: 0.192272, t_ads: 431.8, t_des: 415.3, bed_util_ads: 0.454, bed_util_des: 0.451, des_th: 0.4516919437693271,frac_lost: 0.100, li_recovered:  162.887, time: 0.004932606998409028
L: 0.50, u_super: 0.00669, sec: 413.963, prod: 0.138411, t_ads: 29.5, t_des: 33.8, bed_util_ads: 0.469, bed_util_des: 0.469, des_th: 0.4687677989716823,frac_lost: 0.108, li_recovered:  8.771, time: 0.005543392999243224
L: 3.86, u_super: 0.00229, sec: 1171.886, prod: 0.041101, t_ads: 563.6, t_des: 518.7, bed_util_ads: 0.443, bed_util_des: 0.442, des_th: 0.442226106587585,frac_lost: 0.103, li_recovered:  44.484, time: 0.004881164999460452
L: 0.51, u_super: 0.00836, sec: 517.412, prod: 0.178070, t_ads: 23.8, t_des: 25.9, bed_util_ads: 0.475, bed_util_des: 0.475, des_th: 0.4748015602085772,frac_lost: 0.106, li_recovered:  8.844, time: 0.007973371999469236
L: 31.67, u_super: 0.00224 — INFEASIBLE (li_recovered=0.000e+00), time: 0.0010054539998236578
L: 0.60, u_super: 0.00257, sec: 178.585, prod: 0.053397, t_ads: 90.3, t_des: 101.3, bed_util_ads: 0.467, bed_util_des: 0.465, des_th: 0.4654028784744361,frac_lost: 0.103, li_recovered:  10.232, time: 0.005579812001087703
L: 11.69, u_super: 0.00962, sec: 14916.651, prod: 0.190855, t_ads: 432.5, t_des: 442.0, bed_util_ads: 0.445, bed_util_des: 0.441, des_th: 0.44133768932169404,frac_lost: 0.102, li_recovered:  166.899, time: 0.0048088059993460774
L: 0.56, u_super: 0.00181, sec: 118.884, prod: 0.036637, t_ads: 117.9, t_des: 138.7, bed_util_ads: 0.458, bed_util_des: 0.455, des_th: 0.4553556392272797,frac_lost: 0.102, li_recovered:  9.400, time: 0.006506691001050058
L: 12.42, u_super: 0.00646 — INFEASIBLE (li_recovered=0.000e+00), time: 0.0023094959997251863
L: 0.57, u_super: 0.00284, sec: 176.549, prod: 0.063264, t_ads: 77.7, t_des: 69.2, bed_util_ads: 0.496, bed_util_des: 0.496, des_th: 0.4960992197166501,frac_lost: 0.104, li_recovered:  9.294, time: 0.005047218999607139
L: 0.57, u_super: 0.00818, sec: 541.988, prod: 0.183104, t_ads: 27.5, t_des: 26.4, bed_util_ads: 0.492, bed_util_des: 0.492, des_th: 0.49174082087354437,frac_lost: 0.108, li_recovered:  9.880, time: 0.004493161000937107
L: 0.53, u_super: 0.00526, sec: 351.327, prod: 0.103792, t_ads: 39.2, t_des: 49.3, bed_util_ads: 0.457, bed_util_des: 0.456, des_th: 0.45577952757002327,frac_lost: 0.103, li_recovered:  9.193, time: 0.004261340998709784
L: 0.62, u_super: 0.00451, sec: 351.367, prod: 0.088591, t_ads: 53.5, t_des: 67.5, bed_util_ads: 0.454, bed_util_des: 0.453, des_th: 0.4530768715120977,frac_lost: 0.103, li_recovered:  10.723, time: 0.0054820639998069964
L: 0.53, u_super: 0.00146, sec: 92.235, prod: 0.029101, t_ads: 139.1, t_des: 166.1, bed_util_ads: 0.454, bed_util_des: 0.451, des_th: 0.45076184094489763,frac_lost: 0.105, li_recovered:  8.883, time: 0.006657027999608545
L: 9.39, u_super: 0.00900, sec: 10901.842, prod: 0.182353, t_ads: 375.8, t_des: 378.8, bed_util_ads: 0.453, bed_util_des: 0.450, des_th: 0.45024798974228153,frac_lost: 0.102, li_recovered:  137.602, time: 0.006380621000062092
L: 18.86, u_super: 0.00952 — INFEASIBLE (li_recovered=0.000e+00), time: 0.001982134999707341
L: 0.68, u_super: 0.00666, sec: 505.965, prod: 0.150104, t_ads: 39.5, t_des: 35.6, bed_util_ads: 0.499, bed_util_des: 0.499, des_th: 0.4988159877292227,frac_lost: 0.105, li_recovered:  11.262, time: 0.0036467499994614627
L: 11.69, u_super: 0.00962, sec: 16083.346, prod: 0.177010, t_ads: 441.9, t_des: 554.5, bed_util_ads: 0.420, bed_util_des: 0.410, des_th: 0.41075170156469754,frac_lost: 0.103, li_recovered:  176.385, time: 0.00616052000077616
L: 18.13, u_super: 0.00349 — INFEASIBLE (li_recovered=0.000e+00), time: 0.001822185000492027
L: 0.56, u_super: 0.00138, sec: 87.177, prod: 0.028636, t_ads: 154.8, t_des: 168.4, bed_util_ads: 0.464, bed_util_des: 0.462, des_th: 0.4620515876080847,frac_lost: 0.105, li_recovered:  9.254, time: 0.005974136000077124
L: 0.68, u_super: 0.00695, sec: 549.039, prod: 0.151134, t_ads: 37.6, t_des: 39.6, bed_util_ads: 0.479, bed_util_des: 0.478, des_th: 0.4781774803563923,frac_lost: 0.100, li_recovered:  11.668, time: 0.005064832999778446
    13 |      520 |     18 |  0.0886628942 |         ideal
L: 1.62, u_super: 0.00983, sec: 1909.208, prod: 0.216998, t_ads: 64.3, t_des: 63.0, bed_util_ads: 0.487, bed_util_des: 0.486, des_th: 0.4861259460959765,frac_lost: 0.109, li_recovered:  27.626, time: 0.0065232559991272865
L: 0.68, u_super: 0.00983, sec: 920.684, prod: 0.189074, t_ads: 27.2, t_des: 35.7, bed_util_ads: 0.452, bed_util_des: 0.451, des_th: 0.4514900855606341,frac_lost: 0.106, li_recovered:  11.886, time: 0.007332913999562152
L: 0.53, u_super: 0.00557, sec: 328.217, prod: 0.124302, t_ads: 36.7, t_des: 36.0, bed_util_ads: 0.488, bed_util_des: 0.488, des_th: 0.4880995852296005,frac_lost: 0.103, li_recovered:  9.040, time: 0.0058237800003553275
L: 0.54, u_super: 0.00451, sec: 364.189, prod: 0.074719, t_ads: 46.7, t_des: 79.2, bed_util_ads: 0.418, bed_util_des: 0.417, des_th: 0.4167067958438969,frac_lost: 0.101, li_recovered:  9.412, time: 0.00672803700035729
L: 0.64, u_super: 0.00988, sec: 793.826, prod: 0.206720, t_ads: 25.2, t_des: 28.3, bed_util_ads: 0.472, bed_util_des: 0.471, des_th: 0.47148358325014744,frac_lost: 0.108, li_recovered:  11.073, time: 0.004230894999636803
L: 0.51, u_super: 0.00725, sec: 436.626, prod: 0.156167, t_ads: 27.5, t_des: 29.1, bed_util_ads: 0.479, bed_util_des: 0.479, des_th: 0.47894056953038494,frac_lost: 0.107, li_recovered:  8.829, time: 0.005152592000740697
L: 0.53, u_super: 0.00942, sec: 578.926, prod: 0.213446, t_ads: 22.0, t_des: 20.2, bed_util_ads: 0.497, bed_util_des: 0.497, des_th: 0.49731186922862636,frac_lost: 0.105, li_recovered:  8.998, time: 0.004472377000638517
L: 9.21, u_super: 0.00976, sec: 11872.683, prod: 0.194706, t_ads: 340.6, t_des: 299.2, bed_util_ads: 0.473, bed_util_des: 0.473, des_th: 0.4727831726554046,frac_lost: 0.103, li_recovered:  124.579, time: 0.003636018998804502
L: 0.51, u_super: 0.00848, sec: 527.792, prod: 0.179554, t_ads: 23.4, t_des: 25.8, bed_util_ads: 0.475, bed_util_des: 0.475, des_th: 0.4748015602085772,frac_lost: 0.106, li_recovered:  8.846, time: 0.00558647099933296
L: 0.50, u_super: 0.00650, sec: 363.755, prod: 0.147129, t_ads: 29.9, t_des: 27.4, bed_util_ads: 0.497, bed_util_des: 0.497, des_th: 0.49699576396979517,frac_lost: 0.103, li_recovered:  8.434, time: 0.0038972199999989243
L: 0.51, u_super: 0.00979, sec: 612.077, prod: 0.209059, t_ads: 20.1, t_des: 22.0, bed_util_ads: 0.475, bed_util_des: 0.475, des_th: 0.4750026922914297,frac_lost: 0.103, li_recovered:  8.806, time: 0.004091847999006859
L: 0.68, u_super: 0.00486, sec: 424.055, prod: 0.094134, t_ads: 54.5, t_des: 70.6, bed_util_ads: 0.452, bed_util_des: 0.450, des_th: 0.450449431776167,frac_lost: 0.103, li_recovered:  11.774, time: 0.0042460269996809075
L: 0.53, u_super: 0.00144, sec: 90.148, prod: 0.028754, t_ads: 140.9, t_des: 166.9, bed_util_ads: 0.454, bed_util_des: 0.452, des_th: 0.4516923976898985,frac_lost: 0.105, li_recovered:  8.849, time: 0.003940952999982983
L: 5.89, u_super: 0.00299 — INFEASIBLE (li_recovered=0.000e+00), time: 0.0017013409997161943
L: 0.51, u_super: 0.00669, sec: 383.565, prod: 0.150388, t_ads: 29.5, t_des: 28.5, bed_util_ads: 0.490, bed_util_des: 0.490, des_th: 0.48953650898685147,frac_lost: 0.101, li_recovered:  8.722, time: 0.00332151799921121
L: 23.05, u_super: 0.00441 — INFEASIBLE (li_recovered=0.000e+00), time: 0.0011125639994133962
L: 0.53, u_super: 0.00255, sec: 165.413, prod: 0.050188, t_ads: 80.2, t_des: 100.4, bed_util_ads: 0.453, bed_util_des: 0.451, des_th: 0.4512038645677605,frac_lost: 0.103, li_recovered:  9.067, time: 0.004135760000281152
L: 7.03, u_super: 0.00979 — INFEASIBLE (li_recovered=0.000e+00), time: 0.0020333820011728676
L: 0.56, u_super: 0.00181, sec: 109.421, prod: 0.039806, t_ads: 118.0, t_des: 105.9, bed_util_ads: 0.492, bed_util_des: 0.491, des_th: 0.4912994871863563,frac_lost: 0.105, li_recovered:  8.911, time: 0.003423082000153954
L: 0.53, u_super: 0.00146, sec: 91.691, prod: 0.029273, t_ads: 138.9, t_des: 164.3, bed_util_ads: 0.455, bed_util_des: 0.452, des_th: 0.4520383924336902,frac_lost: 0.105, li_recovered:  8.878, time: 0.004259575000105542
L: 0.50, u_super: 0.00077, sec: 45.095, prod: 0.015299, t_ads: 246.2, t_des: 281.4, bed_util_ads: 0.450, bed_util_des: 0.446, des_th: 0.44607009201893877,frac_lost: 0.104, li_recovered:  8.071, time: 0.0047295299991674256
L: 0.50, u_super: 0.00314, sec: 192.309, prod: 0.062135, t_ads: 62.4, t_des: 76.8, bed_util_ads: 0.457, bed_util_des: 0.456, des_th: 0.45596186218770507,frac_lost: 0.106, li_recovered:  8.648, time: 0.005005917999369558
L: 0.52, u_super: 0.00916, sec: 547.646, prod: 0.207072, t_ads: 22.1, t_des: 20.5, bed_util_ads: 0.496, bed_util_des: 0.496, des_th: 0.49600027484517284,frac_lost: 0.107, li_recovered:  8.816, time: 0.0038369530011550523
L: 7.94, u_super: 0.00681 — INFEASIBLE (li_recovered=0.000e+00), time: 0.002202415998908691
L: 0.51, u_super: 0.00843, sec: 522.775, prod: 0.178646, t_ads: 23.5, t_des: 25.9, bed_util_ads: 0.475, bed_util_des: 0.475, des_th: 0.4748015602085772,frac_lost: 0.106, li_recovered:  8.811, time: 0.005377004999900237
L: 0.57, u_super: 0.00562, sec: 438.165, prod: 0.102557, t_ads: 39.3, t_des: 57.0, bed_util_ads: 0.439, bed_util_des: 0.437, des_th: 0.4374029791859028,frac_lost: 0.100, li_recovered:  9.876, time: 0.00475453400031256
L: 0.57, u_super: 0.00923, sec: 617.542, prod: 0.207347, t_ads: 24.3, t_des: 23.3, bed_util_ads: 0.492, bed_util_des: 0.492, des_th: 0.49174082087354437,frac_lost: 0.106, li_recovered:  9.876, time: 0.0036765659988304833
L: 0.56, u_super: 0.00106, sec: 64.644, prod: 0.022743, t_ads: 197.6, t_des: 183.5, bed_util_ads: 0.481, bed_util_des: 0.479, des_th: 0.47945493746629175,frac_lost: 0.102, li_recovered:  8.669, time: 0.004412831000081496
L: 0.55, u_super: 0.00081, sec: 49.742, prod: 0.016847, t_ads: 253.5, t_des: 260.9, bed_util_ads: 0.462, bed_util_des: 0.459, des_th: 0.45958422168230934,frac_lost: 0.101, li_recovered:  8.666, time: 0.00407003899999836
L: 3.88, u_super: 0.00985, sec: 4744.525, prod: 0.209437, t_ads: 149.7, t_des: 125.7, bed_util_ads: 0.497, bed_util_des: 0.497, des_th: 0.49731186922862636,frac_lost: 0.105, li_recovered:  57.680, time: 0.003763314000025275
L: 0.53, u_super: 0.00947, sec: 703.357, prod: 0.177955, t_ads: 21.9, t_des: 30.1, bed_util_ads: 0.446, bed_util_des: 0.446, des_th: 0.44578460554070104,frac_lost: 0.104, li_recovered:  9.251, time: 0.005152981000719592
L: 0.57, u_super: 0.00323, sec: 201.034, prod: 0.072066, t_ads: 68.8, t_des: 61.9, bed_util_ads: 0.495, bed_util_des: 0.495, des_th: 0.49511409648930826,frac_lost: 0.104, li_recovered:  9.418, time: 0.003992275998825789
L: 0.53, u_super: 0.00501, sec: 363.790, prod: 0.090994, t_ads: 41.4, t_des: 59.8, bed_util_ads: 0.439, bed_util_des: 0.437, des_th: 0.4374029791859028,frac_lost: 0.107, li_recovered:  9.204, time: 0.005684361000021454
L: 0.51, u_super: 0.00676, sec: 405.082, prod: 0.146558, t_ads: 29.6, t_des: 31.0, bed_util_ads: 0.481, bed_util_des: 0.480, des_th: 0.4802968865757487,frac_lost: 0.107, li_recovered:  8.880, time: 0.004595651000272483
L: 0.57, u_super: 0.00954, sec: 630.427, prod: 0.215906, t_ads: 23.3, t_des: 21.4, bed_util_ads: 0.497, bed_util_des: 0.497, des_th: 0.49674033237220944,frac_lost: 0.105, li_recovered:  9.654, time: 0.004746575001263409
L: 0.53, u_super: 0.00838, sec: 559.590, prod: 0.172683, t_ads: 24.8, t_des: 28.7, bed_util_ads: 0.468, bed_util_des: 0.468, des_th: 0.4678527987775732,frac_lost: 0.107, li_recovered:  9.252, time: 0.008401643000979675
L: 0.51, u_super: 0.00669, sec: 399.355, prod: 0.144205, t_ads: 29.7, t_des: 31.4, bed_util_ads: 0.479, bed_util_des: 0.479, des_th: 0.47894056953038494,frac_lost: 0.108, li_recovered:  8.805, time: 0.006495011000879458
L: 0.56, u_super: 0.00851, sec: 544.527, prod: 0.192935, t_ads: 25.5, t_des: 23.3, bed_util_ads: 0.497, bed_util_des: 0.497, des_th: 0.49731186922862636,frac_lost: 0.103, li_recovered:  9.416, time: 0.003693446000397671
L: 0.51, u_super: 0.00351, sec: 218.803, prod: 0.069316, t_ads: 56.1, t_des: 69.9, bed_util_ads: 0.456, bed_util_des: 0.454, des_th: 0.4544624315743619,frac_lost: 0.104, li_recovered:  8.732, time: 0.004171077000137302
L: 0.53, u_super: 0.00451, sec: 364.952, prod: 0.072889, t_ads: 45.8, t_des: 80.6, bed_util_ads: 0.414, bed_util_des: 0.412, des_th: 0.4121366293158067,frac_lost: 0.101, li_recovered:  9.215, time: 0.00658640600158833
    14 |      560 |     27 |  0.0236078762 |             f
L: 1.63, u_super: 0.00323 — INFEASIBLE (li_recovered=0.000e+00), time: 0.0032984749996103346
L: 0.57, u_super: 0.00982, sec: 651.959, prod: 0.222206, t_ads: 22.7, t_des: 20.8, bed_util_ads: 0.497, bed_util_des: 0.497, des_th: 0.49731186922862636,frac_lost: 0.107, li_recovered:  9.665, time: 0.005152247000296484
L: 0.53, u_super: 0.00949, sec: 585.533, prod: 0.214516, t_ads: 21.9, t_des: 20.3, bed_util_ads: 0.496, bed_util_des: 0.496, des_th: 0.49600027484517284,frac_lost: 0.107, li_recovered:  9.051, time: 0.004976758998964215
L: 0.56, u_super: 0.00612, sec: 395.171, prod: 0.133033, t_ads: 35.4, t_des: 37.2, bed_util_ads: 0.480, bed_util_des: 0.479, des_th: 0.47945493746629175,frac_lost: 0.102, li_recovered:  9.657, time: 0.005146360001162975
L: 0.51, u_super: 0.00982, sec: 585.133, prod: 0.222685, t_ads: 20.3, t_des: 18.7, bed_util_ads: 0.497, bed_util_des: 0.497, des_th: 0.49731186922862636,frac_lost: 0.105, li_recovered:  8.687, time: 0.0047660960008215625
L: 0.51, u_super: 0.00454, sec: 262.031, prod: 0.098497, t_ads: 43.5, t_des: 45.3, bed_util_ads: 0.479, bed_util_des: 0.479, des_th: 0.47894056953038494,frac_lost: 0.107, li_recovered:  8.752, time: 0.00707057299950975
L: 0.51, u_super: 0.00725, sec: 477.551, prod: 0.142909, t_ads: 27.4, t_des: 34.5, bed_util_ads: 0.457, bed_util_des: 0.457, des_th: 0.4565375233014622,frac_lost: 0.106, li_recovered:  8.849, time: 0.007286224001290975
L: 0.53, u_super: 0.00582, sec: 343.434, prod: 0.130120, t_ads: 35.1, t_des: 34.4, bed_util_ads: 0.488, bed_util_des: 0.488, des_th: 0.4880995852296005,frac_lost: 0.101, li_recovered:  9.040, time: 0.004863355999987107
L: 0.50, u_super: 0.00326, sec: 202.775, prod: 0.063582, t_ads: 59.9, t_des: 76.0, bed_util_ads: 0.453, bed_util_des: 0.452, des_th: 0.45170192212057525,frac_lost: 0.105, li_recovered:  8.636, time: 0.007893738000348094
L: 0.50, u_super: 0.00619, sec: 444.053, prod: 0.108895, t_ads: 31.6, t_des: 48.4, bed_util_ads: 0.433, bed_util_des: 0.432, des_th: 0.43192839250198617,frac_lost: 0.106, li_recovered:  8.713, time: 0.006625465999604785
L: 10.51, u_super: 0.00461 — INFEASIBLE (li_recovered=0.000e+00), time: 0.0021443209989229217
L: 60.57, u_super: 0.00077 — INFEASIBLE (li_recovered=0.000e+00), time: 0.001079899999240297
L: 0.56, u_super: 0.00073, sec: 46.872, prod: 0.015046, t_ads: 280.1, t_des: 245.6, bed_util_ads: 0.480, bed_util_des: 0.479, des_th: 0.4788581659618117,frac_lost: 0.103, li_recovered:  7.909, time: 0.006341288000839995
L: 88.65, u_super: 0.00572 — INFEASIBLE (li_recovered=0.000e+00), time: 0.0019199419984943233
L: 0.50, u_super: 0.00669, sec: 382.277, prod: 0.149424, t_ads: 29.4, t_des: 28.6, bed_util_ads: 0.490, bed_util_des: 0.490, des_th: 0.48953650898685147,frac_lost: 0.106, li_recovered:  8.669, time: 0.006427858999813907
L: 23.15, u_super: 0.00988 — INFEASIBLE (li_recovered=0.000e+00), time: 0.002756256999418838
L: 0.51, u_super: 0.00738, sec: 442.927, prod: 0.159151, t_ads: 26.9, t_des: 28.4, bed_util_ads: 0.479, bed_util_des: 0.479, des_th: 0.47894056953038494,frac_lost: 0.108, li_recovered:  8.799, time: 0.005519514999832609
L: 0.53, u_super: 0.00962, sec: 687.125, prod: 0.188135, t_ads: 21.6, t_des: 27.6, bed_util_ads: 0.456, bed_util_des: 0.455, des_th: 0.4552749220853516,frac_lost: 0.104, li_recovered:  9.249, time: 0.007400982000035583
L: 23.24, u_super: 0.00983 — INFEASIBLE (li_recovered=0.000e+00), time: 0.002747482998529449
L: 1.81, u_super: 0.00669, sec: 1384.763, prod: 0.148208, t_ads: 103.2, t_des: 94.9, bed_util_ads: 0.490, bed_util_des: 0.489, des_th: 0.48953650898685147,frac_lost: 0.101, li_recovered:  29.353, time: 0.004713948001153767
L: 30.03, u_super: 0.00976 — INFEASIBLE (li_recovered=0.000e+00), time: 0.0022981090005487204
L: 0.50, u_super: 0.00191, sec: 103.487, prod: 0.041778, t_ads: 100.4, t_des: 86.9, bed_util_ads: 0.497, bed_util_des: 0.497, des_th: 0.49699576396979517,frac_lost: 0.101, li_recovered:  7.827, time: 0.003839211000013165
L: 0.52, u_super: 0.00910, sec: 549.596, prod: 0.205917, t_ads: 22.5, t_des: 20.6, bed_util_ads: 0.497, bed_util_des: 0.497, des_th: 0.49731186922862636,frac_lost: 0.107, li_recovered:  8.875, time: 0.005718946998968022
L: 49.68, u_super: 0.00665 — INFEASIBLE (li_recovered=0.000e+00), time: 0.001281147999179666
L: 0.52, u_super: 0.00471, sec: 267.994, prod: 0.105941, t_ads: 42.7, t_des: 40.1, bed_util_ads: 0.493, bed_util_des: 0.493, des_th: 0.4925286529694321,frac_lost: 0.104, li_recovered:  8.770, time: 0.005789086999357096
L: 0.50, u_super: 0.00053, sec: 31.205, prod: 0.010377, t_ads: 340.9, t_des: 292.3, bed_util_ads: 0.475, bed_util_des: 0.475, des_th: 0.474739833107267,frac_lost: 0.101, li_recovered:  6.571, time: 0.006806158000472351
L: 0.50, u_super: 0.00077, sec: 47.817, prod: 0.014428, t_ads: 245.9, t_des: 317.3, bed_util_ads: 0.434, bed_util_des: 0.428, des_th: 0.4286256151248269,frac_lost: 0.101, li_recovered:  8.125, time: 0.005581221999818808
L: 0.56, u_super: 0.00133, sec: 83.394, prod: 0.028036, t_ads: 159.7, t_des: 133.8, bed_util_ads: 0.495, bed_util_des: 0.495, des_th: 0.49511409648930826,frac_lost: 0.100, li_recovered:  8.229, time: 0.00515266500042344
L: 0.51, u_super: 0.00266, sec: 147.577, prod: 0.059258, t_ads: 74.4, t_des: 66.1, bed_util_ads: 0.497, bed_util_des: 0.497, des_th: 0.49674213625785335,frac_lost: 0.104, li_recovered:  8.328, time: 0.006170392998683383
L: 0.51, u_super: 0.00874, sec: 544.562, prod: 0.186032, t_ads: 22.7, t_des: 24.9, bed_util_ads: 0.475, bed_util_des: 0.475, des_th: 0.4748015602085772,frac_lost: 0.104, li_recovered:  8.863, time: 0.005131189000167069
L: 0.57, u_super: 0.00916, sec: 857.572, prod: 0.145884, t_ads: 24.2, t_des: 43.8, bed_util_ads: 0.413, bed_util_des: 0.412, des_th: 0.4117237416089277,frac_lost: 0.101, li_recovered:  9.924, time: 0.007442285001161508
L: 8.29, u_super: 0.00656 — INFEASIBLE (li_recovered=0.000e+00), time: 0.0028578790006577037
L: 0.53, u_super: 0.00965, sec: 592.018, prod: 0.218716, t_ads: 21.3, t_des: 19.6, bed_util_ads: 0.497, bed_util_des: 0.497, des_th: 0.49731186922862636,frac_lost: 0.105, li_recovered:  8.962, time: 0.005748133000452071
L: 1.62, u_super: 0.00807, sec: 1513.089, prod: 0.179663, t_ads: 77.3, t_des: 72.9, bed_util_ads: 0.489, bed_util_des: 0.488, des_th: 0.48821666016115683,frac_lost: 0.104, li_recovered:  26.994, time: 0.00615112999912526
L: 0.57, u_super: 0.00805, sec: 532.289, prod: 0.180323, t_ads: 27.9, t_des: 26.8, bed_util_ads: 0.492, bed_util_des: 0.492, des_th: 0.49174082087354437,frac_lost: 0.108, li_recovered:  9.874, time: 0.006851186999483616
L: 0.51, u_super: 0.00539, sec: 301.602, prod: 0.121599, t_ads: 36.6, t_des: 33.1, bed_util_ads: 0.498, bed_util_des: 0.498, des_th: 0.49764519980783595,frac_lost: 0.103, li_recovered:  8.473, time: 0.005831442998896819
L: 1.60, u_super: 0.00985, sec: 2009.761, prod: 0.204207, t_ads: 63.1, t_des: 71.6, bed_util_ads: 0.467, bed_util_des: 0.466, des_th: 0.46571896003663543,frac_lost: 0.105, li_recovered:  27.491, time: 0.006662836000032257
L: 0.55, u_super: 0.00807, sec: 518.498, prod: 0.177607, t_ads: 26.5, t_des: 26.9, bed_util_ads: 0.485, bed_util_des: 0.485, des_th: 0.4847337517206276,frac_lost: 0.107, li_recovered:  9.491, time: 0.006349164999846835
L: 0.50, u_super: 0.00260, sec: 150.233, prod: 0.054386, t_ads: 74.6, t_des: 83.3, bed_util_ads: 0.469, bed_util_des: 0.467, des_th: 0.46754183883015904,frac_lost: 0.103, li_recovered:  8.590, time: 0.006809255999542074
L: 0.51, u_super: 0.00725, sec: 436.446, prod: 0.156232, t_ads: 27.4, t_des: 29.1, bed_util_ads: 0.480, bed_util_des: 0.479, des_th: 0.4791367836697571,frac_lost: 0.107, li_recovered:  8.828, time: 0.005060212999524083
    15 |      600 |     35 |  0.0236733546 |         ideal
L: 0.56, u_super: 0.00851, sec: 574.578, prod: 0.182845, t_ads: 25.7, t_des: 27.4, bed_util_ads: 0.478, bed_util_des: 0.478, des_th: 0.4779658719113699,frac_lost: 0.108, li_recovered:  9.709, time: 0.00624463299936906
L: 0.51, u_super: 0.00539, sec: 351.580, prod: 0.104065, t_ads: 36.5, t_des: 47.8, bed_util_ads: 0.451, bed_util_des: 0.450, des_th: 0.4501105631490544,frac_lost: 0.101, li_recovered:  8.777, time: 0.00549280599989288
L: 0.50, u_super: 0.00163, sec: 97.891, prod: 0.032154, t_ads: 119.4, t_des: 144.4, bed_util_ads: 0.454, bed_util_des: 0.452, des_th: 0.45170192212057525,frac_lost: 0.108, li_recovered:  8.480, time: 0.008700200000021141
L: 0.53, u_super: 0.00579, sec: 341.530, prod: 0.129575, t_ads: 35.2, t_des: 34.6, bed_util_ads: 0.488, bed_util_des: 0.488, des_th: 0.4880995852296005,frac_lost: 0.100, li_recovered:  9.037, time: 0.006411084001229028
L: 0.51, u_super: 0.00720, sec: 413.639, prod: 0.162413, t_ads: 27.7, t_des: 25.1, bed_util_ads: 0.499, bed_util_des: 0.499, des_th: 0.4992304831903228,frac_lost: 0.110, li_recovered:  8.571, time: 0.006669459000477218
L: 13.65, u_super: 0.00060 — INFEASIBLE (li_recovered=0.000e+00), time: 0.001037570998960291
L: 0.51, u_super: 0.00725, sec: 433.599, prod: 0.156398, t_ads: 27.3, t_des: 28.8, bed_util_ads: 0.479, bed_util_des: 0.479, des_th: 0.47894056953038494,frac_lost: 0.107, li_recovered:  8.780, time: 0.007828017000065302
L: 0.50, u_super: 0.00663, sec: 373.206, prod: 0.149653, t_ads: 29.6, t_des: 26.9, bed_util_ads: 0.499, bed_util_des: 0.499, des_th: 0.4987104748471545,frac_lost: 0.110, li_recovered:  8.449, time: 0.006538572999488679
L: 0.51, u_super: 0.00725, sec: 442.494, prod: 0.154097, t_ads: 27.4, t_des: 29.9, bed_util_ads: 0.475, bed_util_des: 0.474, des_th: 0.4744603253950027,frac_lost: 0.106, li_recovered:  8.832, time: 0.00860729300075036
L: 0.50, u_super: 0.00982, sec: 572.035, prod: 0.222750, t_ads: 19.9, t_des: 18.3, bed_util_ads: 0.497, bed_util_des: 0.497, des_th: 0.49731186922862636,frac_lost: 0.103, li_recovered:  8.508, time: 0.004413254000610323
L: 0.51, u_super: 0.00553, sec: 321.870, prod: 0.120448, t_ads: 35.5, t_des: 37.3, bed_util_ads: 0.479, bed_util_des: 0.479, des_th: 0.47894056953038494,frac_lost: 0.101, li_recovered:  8.770, time: 0.005319735000739456
L: 0.51, u_super: 0.00089, sec: 53.365, prod: 0.017698, t_ads: 215.4, t_des: 251.3, bed_util_ads: 0.450, bed_util_des: 0.446, des_th: 0.44607009201893877,frac_lost: 0.105, li_recovered:  8.258, time: 0.005940295000982587
L: 0.52, u_super: 0.00916, sec: 572.257, prod: 0.198166, t_ads: 22.0, t_des: 23.3, bed_util_ads: 0.480, bed_util_des: 0.479, des_th: 0.47951089385468676,frac_lost: 0.105, li_recovered:  8.983, time: 0.005228386000453611
L: 0.57, u_super: 0.00284, sec: 176.703, prod: 0.063209, t_ads: 77.9, t_des: 69.1, bed_util_ads: 0.498, bed_util_des: 0.497, des_th: 0.49744142458478113,frac_lost: 0.105, li_recovered:  9.289, time: 0.004891824000878842
L: 0.50, u_super: 0.00759, sec: 429.734, prod: 0.172237, t_ads: 25.6, t_des: 23.5, bed_util_ads: 0.497, bed_util_des: 0.497, des_th: 0.4969251517730334,frac_lost: 0.100, li_recovered:  8.451, time: 0.005721303999962402
L: 0.50, u_super: 0.00474, sec: 274.903, prod: 0.101016, t_ads: 40.9, t_des: 44.7, bed_util_ads: 0.474, bed_util_des: 0.473, des_th: 0.4733909103436819,frac_lost: 0.101, li_recovered:  8.646, time: 0.006190656000399031
L: 0.50, u_super: 0.00851, sec: 492.147, prod: 0.192578, t_ads: 23.2, t_des: 21.2, bed_util_ads: 0.497, bed_util_des: 0.497, des_th: 0.49731186922862636,frac_lost: 0.107, li_recovered:  8.550, time: 0.004966975999195711
L: 0.51, u_super: 0.00289, sec: 159.142, prod: 0.064488, t_ads: 68.1, t_des: 60.9, bed_util_ads: 0.497, bed_util_des: 0.497, des_th: 0.49668805070595284,frac_lost: 0.101, li_recovered:  8.320, time: 0.005911954998737201
L: 60.70, u_super: 0.00220 — INFEASIBLE (li_recovered=0.000e+00), time: 0.0012548659997264622
L: 0.50, u_super: 0.00027 — INFEASIBLE (li_recovered=0.000e+00), time: 0.002397000000200933
L: 0.51, u_super: 0.00685, sec: 396.145, prod: 0.153006, t_ads: 29.0, t_des: 28.3, bed_util_ads: 0.490, bed_util_des: 0.490, des_th: 0.48953650898685147,frac_lost: 0.106, li_recovered:  8.756, time: 0.00717931100007263
L: 19.20, u_super: 0.00526 — INFEASIBLE (li_recovered=0.000e+00), time: 0.003318940998724429
L: 0.50, u_super: 0.00650, sec: 365.572, prod: 0.146397, t_ads: 29.9, t_des: 28.7, bed_util_ads: 0.490, bed_util_des: 0.490, des_th: 0.4899555922012156,frac_lost: 0.100, li_recovered:  8.578, time: 0.005735001999710221
L: 0.51, u_super: 0.00989, sec: 620.618, prod: 0.212205, t_ads: 20.1, t_des: 21.7, bed_util_ads: 0.477, bed_util_des: 0.477, des_th: 0.4769351086514733,frac_lost: 0.104, li_recovered:  8.876, time: 0.006094558000768302
L: 0.51, u_super: 0.00484, sec: 279.467, prod: 0.105389, t_ads: 40.6, t_des: 42.5, bed_util_ads: 0.479, bed_util_des: 0.479, des_th: 0.47894056953038494,frac_lost: 0.102, li_recovered:  8.753, time: 0.005009349999454571
L: 0.56, u_super: 0.00180, sec: 110.395, prod: 0.039368, t_ads: 119.8, t_des: 105.0, bed_util_ads: 0.495, bed_util_des: 0.495, des_th: 0.49511409648930826,frac_lost: 0.107, li_recovered:  8.850, time: 0.006680229000266991
L: 0.53, u_super: 0.00207, sec: 117.603, prod: 0.045948, t_ads: 97.7, t_des: 91.0, bed_util_ads: 0.489, bed_util_des: 0.488, des_th: 0.48797324170773765,frac_lost: 0.101, li_recovered:  8.671, time: 0.004376683000373305
L: 0.51, u_super: 0.00873, sec: 534.177, prod: 0.188705, t_ads: 22.8, t_des: 24.1, bed_util_ads: 0.480, bed_util_des: 0.479, des_th: 0.4792818043439594,frac_lost: 0.106, li_recovered:  8.841, time: 0.005580605999057298
L: 4.30, u_super: 0.00526 — INFEASIBLE (li_recovered=0.000e+00), time: 0.003642694999143714
L: 0.56, u_super: 0.00106 — INFEASIBLE (li_recovered=0.000e+00), time: 0.004268885000783484
L: 0.51, u_super: 0.00982, sec: 587.685, prod: 0.221030, t_ads: 20.3, t_des: 19.5, bed_util_ads: 0.492, bed_util_des: 0.492, des_th: 0.4916112597308955,frac_lost: 0.105, li_recovered:  8.790, time: 0.0074212670006090775
L: 0.51, u_super: 0.00169, sec: 92.769, prod: 0.037034, t_ads: 114.3, t_des: 112.9, bed_util_ads: 0.480, bed_util_des: 0.479, des_th: 0.4790083501778575,frac_lost: 0.101, li_recovered:  8.411, time: 0.007202209000752191
L: 27.38, u_super: 0.00033 — INFEASIBLE (li_recovered=0.000e+00), time: 0.0010029009990830673
L: 0.56, u_super: 0.00077, sec: 48.748, prod: 0.015698, t_ads: 269.7, t_des: 290.0, bed_util_ads: 0.455, bed_util_des: 0.452, des_th: 0.45170192212057525,frac_lost: 0.101, li_recovered:  8.787, time: 0.007711830001426279
L: 0.51, u_super: 0.00979, sec: 613.523, prod: 0.210989, t_ads: 20.4, t_des: 21.8, bed_util_ads: 0.478, bed_util_des: 0.478, des_th: 0.4777953298559724,frac_lost: 0.104, li_recovered:  8.908, time: 0.008060336998823914
L: 0.50, u_super: 0.00191, sec: 102.821, prod: 0.042048, t_ads: 100.5, t_des: 89.3, bed_util_ads: 0.494, bed_util_des: 0.494, des_th: 0.4938080864876675,frac_lost: 0.102, li_recovered:  7.982, time: 0.007198107001386234
L: 37.04, u_super: 0.00745 — INFEASIBLE (li_recovered=0.000e+00), time: 0.001689442999122548
L: 0.50, u_super: 0.00725, sec: 412.267, prod: 0.164373, t_ads: 27.0, t_des: 24.5, bed_util_ads: 0.499, bed_util_des: 0.499, des_th: 0.49917440297705656,frac_lost: 0.100, li_recovered:  8.466, time: 0.005550450001464924
L: 0.51, u_super: 0.00465, sec: 268.173, prod: 0.101022, t_ads: 42.4, t_des: 44.2, bed_util_ads: 0.479, bed_util_des: 0.479, des_th: 0.47894056953038494,frac_lost: 0.105, li_recovered:  8.752, time: 0.005547867000132101
L: 0.51, u_super: 0.00844, sec: 513.578, prod: 0.181988, t_ads: 23.5, t_des: 24.9, bed_util_ads: 0.480, bed_util_des: 0.480, des_th: 0.4796801579079273,frac_lost: 0.107, li_recovered:  8.809, time: 0.004961784999977681
    16 |      640 |     33 |  0.0242170569 |         nadir
L: 34.40, u_super: 0.00720 — INFEASIBLE (li_recovered=0.000e+00), time: 0.0017221560010511894
L: 0.51, u_super: 0.00691, sec: 396.499, prod: 0.155445, t_ads: 28.8, t_des: 27.1, bed_util_ads: 0.493, bed_util_des: 0.493, des_th: 0.4930068215004051,frac_lost: 0.108, li_recovered:  8.688, time: 0.005650531998981023
L: 0.51, u_super: 0.00990, sec: 590.055, prod: 0.224337, t_ads: 20.2, t_des: 18.6, bed_util_ads: 0.497, bed_util_des: 0.497, des_th: 0.49704482875476863,frac_lost: 0.105, li_recovered:  8.691, time: 0.004653530000723549
L: 0.50, u_super: 0.00053, sec: 31.034, prod: 0.010445, t_ads: 341.5, t_des: 296.6, bed_util_ads: 0.475, bed_util_des: 0.474, des_th: 0.4745058692563199,frac_lost: 0.102, li_recovered:  6.665, time: 0.004110754000066663
L: 0.52, u_super: 0.00953, sec: 571.763, prod: 0.215749, t_ads: 21.2, t_des: 19.7, bed_util_ads: 0.497, bed_util_des: 0.497, des_th: 0.4968903754931099,frac_lost: 0.105, li_recovered:  8.806, time: 0.004708980000941665
L: 52.50, u_super: 0.00077 — INFEASIBLE (li_recovered=0.000e+00), time: 0.0007644939996680478
L: 41.07, u_super: 0.00557 — INFEASIBLE (li_recovered=0.000e+00), time: 0.0008672370004205732
L: 5.71, u_super: 0.00846 — INFEASIBLE (li_recovered=0.000e+00), time: 0.0027677380003297003
L: 0.57, u_super: 0.00249, sec: 162.694, prod: 0.052373, t_ads: 88.7, t_des: 97.2, bed_util_ads: 0.470, bed_util_des: 0.468, des_th: 0.4682164843076103,frac_lost: 0.104, li_recovered:  9.739, time: 0.004665667000153917
L: 0.51, u_super: 0.00844, sec: 489.883, prod: 0.190790, t_ads: 23.5, t_des: 21.6, bed_util_ads: 0.498, bed_util_des: 0.498, des_th: 0.49752654103599586,frac_lost: 0.107, li_recovered:  8.602, time: 0.006445499000619748
L: 0.51, u_super: 0.00104, sec: 59.983, prod: 0.021639, t_ads: 184.0, t_des: 199.7, bed_util_ads: 0.462, bed_util_des: 0.460, des_th: 0.45966146092721266,frac_lost: 0.104, li_recovered:  8.304, time: 0.00487447000159591
L: 0.51, u_super: 0.00553, sec: 327.204, prod: 0.119369, t_ads: 36.2, t_des: 37.9, bed_util_ads: 0.479, bed_util_des: 0.479, des_th: 0.47894056953038494,frac_lost: 0.109, li_recovered:  8.849, time: 0.0054773330011812504
L: 0.50, u_super: 0.00982, sec: 572.122, prod: 0.222716, t_ads: 19.9, t_des: 18.3, bed_util_ads: 0.497, bed_util_des: 0.497, des_th: 0.497116662673246,frac_lost: 0.104, li_recovered:  8.509, time: 0.0037802959996042773
L: 0.51, u_super: 0.00809, sec: 501.237, prod: 0.172558, t_ads: 24.6, t_des: 27.0, bed_util_ads: 0.475, bed_util_des: 0.474, des_th: 0.474396005957382,frac_lost: 0.100, li_recovered:  8.904, time: 0.004862456999035203
L: 0.53, u_super: 0.00554, sec: 346.483, prod: 0.116627, t_ads: 36.8, t_des: 41.3, bed_util_ads: 0.471, bed_util_des: 0.471, des_th: 0.47063979953960394,frac_lost: 0.101, li_recovered:  9.112, time: 0.004586519999065786
L: 0.51, u_super: 0.00926, sec: 587.190, prod: 0.196498, t_ads: 21.7, t_des: 23.9, bed_util_ads: 0.475, bed_util_des: 0.475, des_th: 0.47474677456190567,frac_lost: 0.104, li_recovered:  8.943, time: 0.005384185000366415
L: 0.52, u_super: 0.00476, sec: 323.300, prod: 0.089617, t_ads: 42.3, t_des: 57.9, bed_util_ads: 0.446, bed_util_des: 0.444, des_th: 0.44445647791718024,frac_lost: 0.101, li_recovered:  8.972, time: 0.004633721999198315
L: 0.51, u_super: 0.00720, sec: 413.273, prod: 0.162557, t_ads: 27.7, t_des: 25.1, bed_util_ads: 0.499, bed_util_des: 0.499, des_th: 0.49890926388562823,frac_lost: 0.108, li_recovered:  8.578, time: 0.0044627700008277316
L: 0.51, u_super: 0.00683, sec: 390.094, prod: 0.154459, t_ads: 28.9, t_des: 27.0, bed_util_ads: 0.494, bed_util_des: 0.494, des_th: 0.4942995393915079,frac_lost: 0.103, li_recovered:  8.638, time: 0.0047417149999091635
L: 0.51, u_super: 0.00851, sec: 495.644, prod: 0.192534, t_ads: 23.3, t_des: 21.4, bed_util_ads: 0.497, bed_util_des: 0.497, des_th: 0.49731186922862636,frac_lost: 0.107, li_recovered:  8.611, time: 0.004285973000150989
L: 0.50, u_super: 0.00549, sec: 315.625, prod: 0.119529, t_ads: 35.3, t_des: 37.1, bed_util_ads: 0.480, bed_util_des: 0.479, des_th: 0.47919308890660095,frac_lost: 0.101, li_recovered:  8.657, time: 0.004228453999530757
L: 0.51, u_super: 0.00526, sec: 305.512, prod: 0.114248, t_ads: 37.5, t_des: 39.2, bed_util_ads: 0.479, bed_util_des: 0.479, des_th: 0.47894056953038494,frac_lost: 0.104, li_recovered:  8.768, time: 0.00467201900028158
L: 0.51, u_super: 0.00474, sec: 384.723, prod: 0.073068, t_ads: 41.9, t_des: 78.8, bed_util_ads: 0.406, bed_util_des: 0.404, des_th: 0.40443049202669024,frac_lost: 0.106, li_recovered:  8.818, time: 0.01144504500007315
L: 0.50, u_super: 0.00982, sec: 572.069, prod: 0.222515, t_ads: 19.9, t_des: 18.3, bed_util_ads: 0.498, bed_util_des: 0.498, des_th: 0.4975251865571542,frac_lost: 0.106, li_recovered:  8.495, time: 0.005880487000467838
L: 0.50, u_super: 0.00077, sec: 44.269, prod: 0.015584, t_ads: 246.9, t_des: 269.4, bed_util_ads: 0.455, bed_util_des: 0.452, des_th: 0.45161294801112384,frac_lost: 0.107, li_recovered:  8.047, time: 0.004545282999970368
L: 0.53, u_super: 0.00650, sec: 382.982, prod: 0.147182, t_ads: 31.5, t_des: 28.8, bed_util_ads: 0.498, bed_util_des: 0.497, des_th: 0.4973872193748822,frac_lost: 0.101, li_recovered:  8.875, time: 0.005605180000202381
L: 19.65, u_super: 0.00191 — INFEASIBLE (li_recovered=0.000e+00), time: 0.001053277001119568
L: 14.23, u_super: 0.00932 — INFEASIBLE (li_recovered=0.000e+00), time: 0.0017665390005277004
L: 0.51, u_super: 0.00982, sec: 606.440, prod: 0.214861, t_ads: 20.3, t_des: 21.1, bed_util_ads: 0.482, bed_util_des: 0.481, des_th: 0.4814432382067755,frac_lost: 0.104, li_recovered:  8.899, time: 0.006694625999443815
L: 11.76, u_super: 0.00516 — INFEASIBLE (li_recovered=0.000e+00), time: 0.0026280160000169417
L: 0.51, u_super: 0.00289, sec: 158.019, prod: 0.064465, t_ads: 67.6, t_des: 60.2, bed_util_ads: 0.497, bed_util_des: 0.497, des_th: 0.49668805070595284,frac_lost: 0.101, li_recovered:  8.240, time: 0.006895956999869668
L: 0.50, u_super: 0.00169, sec: 91.569, prod: 0.037056, t_ads: 112.8, t_des: 111.5, bed_util_ads: 0.480, bed_util_des: 0.479, des_th: 0.4791989923592166,frac_lost: 0.101, li_recovered:  8.311, time: 0.005933678001383669
L: 20.74, u_super: 0.00097 — INFEASIBLE (li_recovered=0.000e+00), time: 0.0010973979988193605
L: 0.50, u_super: 0.00759, sec: 430.280, prod: 0.172019, t_ads: 25.6, t_des: 23.9, bed_util_ads: 0.495, bed_util_des: 0.495, des_th: 0.49514451547839866,frac_lost: 0.100, li_recovered:  8.519, time: 0.006215421999513637
L: 0.50, u_super: 0.00190, sec: 108.839, prod: 0.039688, t_ads: 102.2, t_des: 112.5, bed_util_ads: 0.468, bed_util_des: 0.466, des_th: 0.4660558188089909,frac_lost: 0.105, li_recovered:  8.520, time: 0.005319652998878155
L: 0.50, u_super: 0.00072 — INFEASIBLE (li_recovered=0.000e+00), time: 0.003485309998723096
L: 0.57, u_super: 0.00319, sec: 197.842, prod: 0.071460, t_ads: 69.1, t_des: 63.7, bed_util_ads: 0.492, bed_util_des: 0.492, des_th: 0.49205658771623545,frac_lost: 0.101, li_recovered:  9.493, time: 0.004677267001170549
L: 0.50, u_super: 0.00652, sec: 364.115, prod: 0.147738, t_ads: 29.7, t_des: 27.3, bed_util_ads: 0.497, bed_util_des: 0.497, des_th: 0.49699576396979517,frac_lost: 0.100, li_recovered:  8.421, time: 0.00432990300032543
L: 0.50, u_super: 0.00980, sec: 570.737, prod: 0.222218, t_ads: 19.9, t_des: 17.9, bed_util_ads: 0.500, bed_util_des: 0.500, des_th: 0.4999048207455744,frac_lost: 0.104, li_recovered:  8.415, time: 0.0061325940005190205
L: 0.56, u_super: 0.00853, sec: 545.175, prod: 0.193579, t_ads: 25.4, t_des: 23.2, bed_util_ads: 0.497, bed_util_des: 0.497, des_th: 0.49731186922862636,frac_lost: 0.100, li_recovered:  9.407, time: 0.005110267000418389
    17 |      680 |     40 |  0.0074209907 |         ideal
L: 0.57, u_super: 0.00319, sec: 202.671, prod: 0.069757, t_ads: 69.4, t_des: 70.6, bed_util_ads: 0.480, bed_util_des: 0.479, des_th: 0.47945743077728503,frac_lost: 0.103, li_recovered:  9.765, time: 0.004177767999863136
L: 0.52, u_super: 0.00921, sec: 553.570, prod: 0.207022, t_ads: 21.9, t_des: 21.0, bed_util_ads: 0.493, bed_util_des: 0.492, des_th: 0.4924912586943523,frac_lost: 0.105, li_recovered:  8.890, time: 0.0045653449997189455
L: 0.52, u_super: 0.00582, sec: 339.196, prod: 0.130085, t_ads: 34.6, t_des: 34.0, bed_util_ads: 0.488, bed_util_des: 0.488, des_th: 0.4880995852296005,frac_lost: 0.101, li_recovered:  8.929, time: 0.00484436300030211
L: 0.51, u_super: 0.00266, sec: 145.422, prod: 0.059372, t_ads: 73.2, t_des: 65.4, bed_util_ads: 0.497, bed_util_des: 0.497, des_th: 0.49680541011491686,frac_lost: 0.101, li_recovered:  8.228, time: 0.004741606000607135
L: 0.50, u_super: 0.00980, sec: 573.931, prod: 0.220840, t_ads: 20.0, t_des: 19.0, bed_util_ads: 0.494, bed_util_des: 0.494, des_th: 0.4937429063979749,frac_lost: 0.106, li_recovered:  8.607, time: 0.004319920000853017
L: 0.51, u_super: 0.00841, sec: 488.352, prod: 0.190061, t_ads: 23.6, t_des: 21.6, bed_util_ads: 0.498, bed_util_des: 0.498, des_th: 0.49752654103599586,frac_lost: 0.108, li_recovered:  8.591, time: 0.005332722001185175
L: 0.50, u_super: 0.00138, sec: 75.302, prod: 0.029813, t_ads: 138.6, t_des: 138.6, bed_util_ads: 0.476, bed_util_des: 0.474, des_th: 0.4745058692563199,frac_lost: 0.104, li_recovered:  8.264, time: 0.004463817000214476
L: 43.16, u_super: 0.00207 — INFEASIBLE (li_recovered=0.000e+00), time: 0.001080427000488271
L: 0.51, u_super: 0.00561, sec: 316.994, prod: 0.126122, t_ads: 35.1, t_des: 33.8, bed_util_ads: 0.490, bed_util_des: 0.490, des_th: 0.4895305845837529,frac_lost: 0.101, li_recovered:  8.687, time: 0.004392050001115422
L: 0.53, u_super: 0.00579, sec: 337.978, prod: 0.130937, t_ads: 35.2, t_des: 31.9, bed_util_ads: 0.498, bed_util_des: 0.497, des_th: 0.49734514107648015,frac_lost: 0.101, li_recovered:  8.792, time: 0.003715462999025476
L: 0.51, u_super: 0.00363, sec: 206.633, prod: 0.078737, t_ads: 54.5, t_des: 56.2, bed_util_ads: 0.480, bed_util_des: 0.479, des_th: 0.47894056953038494,frac_lost: 0.108, li_recovered:  8.713, time: 0.004769587001646869
L: 0.52, u_super: 0.00469, sec: 280.008, prod: 0.100475, t_ads: 42.8, t_des: 46.2, bed_util_ads: 0.475, bed_util_des: 0.475, des_th: 0.4747171866322461,frac_lost: 0.102, li_recovered:  8.941, time: 0.00383160800083715
L: 0.51, u_super: 0.00979, sec: 576.739, prod: 0.222091, t_ads: 20.2, t_des: 18.3, bed_util_ads: 0.500, bed_util_des: 0.500, des_th: 0.49985751875397566,frac_lost: 0.104, li_recovered:  8.558, time: 0.0036893409996991977
L: 0.53, u_super: 0.00579, sec: 338.828, prod: 0.131023, t_ads: 35.3, t_des: 32.5, bed_util_ads: 0.495, bed_util_des: 0.495, des_th: 0.49529237340012977,frac_lost: 0.100, li_recovered:  8.880, time: 0.004944501000863966
L: 0.50, u_super: 0.00773, sec: 438.588, prod: 0.175422, t_ads: 25.1, t_des: 23.0, bed_util_ads: 0.498, bed_util_des: 0.498, des_th: 0.49799466660103253,frac_lost: 0.101, li_recovered:  8.440, time: 0.004515361999438028
L: 0.53, u_super: 0.00562, sec: 329.439, prod: 0.126949, t_ads: 36.6, t_des: 33.1, bed_util_ads: 0.498, bed_util_des: 0.497, des_th: 0.4973429152454236,frac_lost: 0.103, li_recovered:  8.848, time: 0.005577038000410539
L: 0.50, u_super: 0.00864, sec: 500.174, prod: 0.195285, t_ads: 22.9, t_des: 20.9, bed_util_ads: 0.497, bed_util_des: 0.497, des_th: 0.49731186922862636,frac_lost: 0.108, li_recovered:  8.553, time: 0.0035593400007201126
L: 0.52, u_super: 0.00133, sec: 82.085, prod: 0.026682, t_ads: 149.9, t_des: 176.5, bed_util_ads: 0.455, bed_util_des: 0.452, des_th: 0.4516923976898985,frac_lost: 0.104, li_recovered:  8.709, time: 0.005640730998493382
L: 133.32, u_super: 0.00454 — INFEASIBLE (li_recovered=0.000e+00), time: 0.0008052980010688771
L: 34.46, u_super: 0.00466 — INFEASIBLE (li_recovered=0.000e+00), time: 0.0008075909991021035
L: 0.51, u_super: 0.00104, sec: 60.867, prod: 0.021599, t_ads: 186.7, t_des: 202.6, bed_util_ads: 0.462, bed_util_des: 0.459, des_th: 0.4595466034583393,frac_lost: 0.106, li_recovered:  8.408, time: 0.003985200999522931
L: 22.32, u_super: 0.00191 — INFEASIBLE (li_recovered=0.000e+00), time: 0.0009451299993088469
L: 0.50, u_super: 0.00728, sec: 411.434, prod: 0.164418, t_ads: 26.9, t_des: 24.2, bed_util_ads: 0.499, bed_util_des: 0.499, des_th: 0.49917440297705656,frac_lost: 0.107, li_recovered:  8.392, time: 0.005024545000196667
L: 0.57, u_super: 0.00425, sec: 267.186, prod: 0.095510, t_ads: 52.5, t_des: 48.2, bed_util_ads: 0.495, bed_util_des: 0.495, des_th: 0.49511409648930826,frac_lost: 0.105, li_recovered:  9.613, time: 0.004974328001480899
L: 0.50, u_super: 0.00851, sec: 490.393, prod: 0.192413, t_ads: 23.1, t_des: 21.2, bed_util_ads: 0.497, bed_util_des: 0.497, des_th: 0.497353832897417,frac_lost: 0.108, li_recovered:  8.522, time: 0.006095048000133829
L: 0.53, u_super: 0.00665, sec: 396.328, prod: 0.148876, t_ads: 30.7, t_des: 30.1, bed_util_ads: 0.488, bed_util_des: 0.488, des_th: 0.488105509632699,frac_lost: 0.101, li_recovered:  9.055, time: 0.0045602729987876955
L: 0.51, u_super: 0.00990, sec: 624.542, prod: 0.211950, t_ads: 20.2, t_des: 21.9, bed_util_ads: 0.477, bed_util_des: 0.476, des_th: 0.4764110210937665,frac_lost: 0.104, li_recovered:  8.908, time: 0.003970581999965361
L: 0.50, u_super: 0.00693, sec: 392.965, prod: 0.157065, t_ads: 28.3, t_des: 25.5, bed_util_ads: 0.499, bed_util_des: 0.499, des_th: 0.49917440297705656,frac_lost: 0.101, li_recovered:  8.446, time: 0.0062685089997103205
L: 0.51, u_super: 0.00990, sec: 593.947, prod: 0.222981, t_ads: 20.1, t_des: 19.4, bed_util_ads: 0.491, bed_util_des: 0.491, des_th: 0.4909465130743809,frac_lost: 0.103, li_recovered:  8.811, time: 0.004709269000159111
L: 0.50, u_super: 0.00028 — INFEASIBLE (li_recovered=0.000e+00), time: 0.0028367920003802283
L: 0.50, u_super: 0.00911, sec: 526.067, prod: 0.206356, t_ads: 21.5, t_des: 19.5, bed_util_ads: 0.499, bed_util_des: 0.499, des_th: 0.49864760082990783,frac_lost: 0.105, li_recovered:  8.454, time: 0.003560310999091598
L: 52.98, u_super: 0.00323 — INFEASIBLE (li_recovered=0.000e+00), time: 0.000696134000463644
L: 23.18, u_super: 0.00557 — INFEASIBLE (li_recovered=0.000e+00), time: 0.0009643719986343058
L: 0.50, u_super: 0.00138, sec: 78.920, prod: 0.028321, t_ads: 139.0, t_des: 155.8, bed_util_ads: 0.462, bed_util_des: 0.460, des_th: 0.45962908852986883,frac_lost: 0.104, li_recovered:  8.348, time: 0.003982774000178324
L: 0.51, u_super: 0.00198, sec: 118.691, prod: 0.040077, t_ads: 98.7, t_des: 116.1, bed_util_ads: 0.459, bed_util_des: 0.457, des_th: 0.45696063621787364,frac_lost: 0.105, li_recovered:  8.609, time: 0.004164132000369136
L: 11.22, u_super: 0.00406 — INFEASIBLE (li_recovered=0.000e+00), time: 0.0013566810011980124
L: 0.51, u_super: 0.00326, sec: 178.506, prod: 0.073261, t_ads: 59.9, t_des: 54.5, bed_util_ads: 0.495, bed_util_des: 0.495, des_th: 0.49511409648930826,frac_lost: 0.101, li_recovered:  8.378, time: 0.003612081000028411
L: 0.56, u_super: 0.00873, sec: 562.435, prod: 0.197399, t_ads: 25.1, t_des: 23.0, bed_util_ads: 0.497, bed_util_des: 0.497, des_th: 0.49731186922862636,frac_lost: 0.107, li_recovered:  9.482, time: 0.0038774219992774306
L: 0.57, u_super: 0.00840, sec: 607.199, prod: 0.172031, t_ads: 26.7, t_des: 31.1, bed_util_ads: 0.467, bed_util_des: 0.466, des_th: 0.46627506024266074,frac_lost: 0.108, li_recovered:  9.940, time: 0.004678405999584356
L: 0.50, u_super: 0.00759, sec: 431.654, prod: 0.171537, t_ads: 25.8, t_des: 23.7, bed_util_ads: 0.497, bed_util_des: 0.497, des_th: 0.4969251517730334,frac_lost: 0.107, li_recovered:  8.497, time: 0.004404844999953639
    18 |      720 |     40 |  0.0058998939 |             f
L: 0.51, u_super: 0.00395, sec: 227.146, prod: 0.085496, t_ads: 50.1, t_des: 52.3, bed_util_ads: 0.480, bed_util_des: 0.479, des_th: 0.47894056953038494,frac_lost: 0.106, li_recovered:  8.755, time: 0.004775754998263437
L: 0.50, u_super: 0.00982, sec: 572.889, prod: 0.222412, t_ads: 20.0, t_des: 18.3, bed_util_ads: 0.497, bed_util_des: 0.497, des_th: 0.49731186922862636,frac_lost: 0.106, li_recovered:  8.509, time: 0.0057300019998365315
L: 3.27, u_super: 0.00984, sec: 3939.878, prod: 0.212614, t_ads: 127.2, t_des: 108.6, bed_util_ads: 0.497, bed_util_des: 0.497, des_th: 0.49696008359711774,frac_lost: 0.106, li_recovered:  50.141, time: 0.005819702999360743
L: 24.43, u_super: 0.00289 — INFEASIBLE (li_recovered=0.000e+00), time: 0.0015385040005639894
L: 92.67, u_super: 0.00588 — INFEASIBLE (li_recovered=0.000e+00), time: 0.0013125549994583707
L: 0.51, u_super: 0.00313, sec: 171.975, prod: 0.069889, t_ads: 62.7, t_des: 59.8, bed_util_ads: 0.490, bed_util_des: 0.489, des_th: 0.4893270723382331,frac_lost: 0.102, li_recovered:  8.564, time: 0.00888800699976855
L: 0.50, u_super: 0.00820, sec: 491.547, prod: 0.177128, t_ads: 23.9, t_des: 25.3, bed_util_ads: 0.480, bed_util_des: 0.479, des_th: 0.47944380635570044,frac_lost: 0.106, li_recovered:  8.708, time: 0.009331712999482988
L: 0.50, u_super: 0.00053 — INFEASIBLE (li_recovered=0.000e+00), time: 0.0031617819986422546
L: 0.50, u_super: 0.00053, sec: 31.233, prod: 0.010377, t_ads: 340.6, t_des: 292.5, bed_util_ads: 0.475, bed_util_des: 0.474, des_th: 0.4745058692563199,frac_lost: 0.101, li_recovered:  6.570, time: 0.006169702999613946
L: 0.50, u_super: 0.00864, sec: 536.827, prod: 0.181960, t_ads: 22.8, t_des: 25.4, bed_util_ads: 0.474, bed_util_des: 0.473, des_th: 0.4731515890103986,frac_lost: 0.106, li_recovered:  8.772, time: 0.0050752320003084606
L: 0.53, u_super: 0.00879, sec: 543.400, prod: 0.196052, t_ads: 23.5, t_des: 23.1, bed_util_ads: 0.488, bed_util_des: 0.488, des_th: 0.48797324170773765,frac_lost: 0.106, li_recovered:  9.147, time: 0.007688336001592688
L: 0.51, u_super: 0.00969, sec: 568.931, prod: 0.219859, t_ads: 20.3, t_des: 18.5, bed_util_ads: 0.499, bed_util_des: 0.499, des_th: 0.49917440297705656,frac_lost: 0.104, li_recovered:  8.539, time: 0.0059925190016656416
L: 0.50, u_super: 0.00511, sec: 281.856, prod: 0.115199, t_ads: 38.0, t_des: 35.7, bed_util_ads: 0.493, bed_util_des: 0.492, des_th: 0.49242604452797,frac_lost: 0.102, li_recovered:  8.492, time: 0.006041425998773775
L: 0.50, u_super: 0.00650, sec: 365.057, prod: 0.146604, t_ads: 30.2, t_des: 27.7, bed_util_ads: 0.497, bed_util_des: 0.496, des_th: 0.4964375571027554,frac_lost: 0.109, li_recovered:  8.485, time: 0.006522940999275306
L: 0.51, u_super: 0.00364, sec: 200.277, prod: 0.081578, t_ads: 54.2, t_des: 49.1, bed_util_ads: 0.497, bed_util_des: 0.497, des_th: 0.4969251517730334,frac_lost: 0.106, li_recovered:  8.430, time: 0.00586206099978881
L: 0.51, u_super: 0.00771, sec: 442.412, prod: 0.175028, t_ads: 25.5, t_des: 23.3, bed_util_ads: 0.498, bed_util_des: 0.498, des_th: 0.49752654103599586,frac_lost: 0.100, li_recovered:  8.541, time: 0.005377154000598239
L: 0.50, u_super: 0.00141, sec: 76.688, prod: 0.030780, t_ads: 135.3, t_des: 131.9, bed_util_ads: 0.481, bed_util_des: 0.479, des_th: 0.47936716515729,frac_lost: 0.106, li_recovered:  8.226, time: 0.004391463000501972
L: 0.50, u_super: 0.00218, sec: 117.268, prod: 0.048317, t_ads: 88.7, t_des: 80.2, bed_util_ads: 0.494, bed_util_des: 0.494, des_th: 0.4938080864876675,frac_lost: 0.106, li_recovered:  8.160, time: 0.005904128998736269
L: 0.50, u_super: 0.00915, sec: 528.358, prod: 0.207416, t_ads: 21.3, t_des: 19.4, bed_util_ads: 0.499, bed_util_des: 0.499, des_th: 0.49873234595396193,frac_lost: 0.104, li_recovered:  8.448, time: 0.006926961001227028
L: 0.51, u_super: 0.00115, sec: 63.679, prod: 0.024714, t_ads: 167.6, t_des: 148.8, bed_util_ads: 0.489, bed_util_des: 0.489, des_th: 0.48885109754296874,frac_lost: 0.105, li_recovered:  7.821, time: 0.004375819000415504
L: 0.50, u_super: 0.00690, sec: 391.394, prod: 0.155802, t_ads: 28.6, t_des: 26.2, bed_util_ads: 0.497, bed_util_des: 0.497, des_th: 0.4969251517730334,frac_lost: 0.108, li_recovered:  8.530, time: 0.007475983000404085
L: 0.51, u_super: 0.00575, sec: 324.349, prod: 0.129213, t_ads: 34.6, t_des: 32.1, bed_util_ads: 0.496, bed_util_des: 0.495, des_th: 0.4953176086896665,frac_lost: 0.110, li_recovered:  8.616, time: 0.006075888000850682
L: 0.55, u_super: 0.00061 — INFEASIBLE (li_recovered=0.000e+00), time: 0.0035382099995331373
L: 0.53, u_super: 0.00579, sec: 339.093, prod: 0.130921, t_ads: 35.4, t_des: 32.5, bed_util_ads: 0.496, bed_util_des: 0.496, des_th: 0.49565086614095416,frac_lost: 0.102, li_recovered:  8.888, time: 0.006980252999710501
L: 0.50, u_super: 0.00138, sec: 76.173, prod: 0.029470, t_ads: 137.6, t_des: 115.7, bed_util_ads: 0.499, bed_util_des: 0.498, des_th: 0.4985303315219638,frac_lost: 0.102, li_recovered:  7.463, time: 0.006607157001781161
L: 0.51, u_super: 0.00243, sec: 133.038, prod: 0.054045, t_ads: 80.4, t_des: 71.5, bed_util_ads: 0.496, bed_util_des: 0.496, des_th: 0.49600027484517284,frac_lost: 0.105, li_recovered:  8.208, time: 0.005449398000564543
L: 0.51, u_super: 0.00289, sec: 158.717, prod: 0.064182, t_ads: 67.6, t_des: 58.9, bed_util_ads: 0.499, bed_util_des: 0.499, des_th: 0.4991268611686251,frac_lost: 0.100, li_recovered:  8.115, time: 0.0063302989983640146
L: 51.65, u_super: 0.00695 — INFEASIBLE (li_recovered=0.000e+00), time: 0.0016103840007417602
L: 0.50, u_super: 0.00728, sec: 437.875, prod: 0.154490, t_ads: 26.9, t_des: 29.4, bed_util_ads: 0.476, bed_util_des: 0.475, des_th: 0.47527508321754663,frac_lost: 0.107, li_recovered:  8.696, time: 0.006939875000171014
L: 0.51, u_super: 0.00289, sec: 159.308, prod: 0.064420, t_ads: 68.2, t_des: 60.7, bed_util_ads: 0.497, bed_util_des: 0.497, des_th: 0.49670699065828355,frac_lost: 0.102, li_recovered:  8.305, time: 0.007209788000182016
L: 0.50, u_super: 0.00758, sec: 433.164, prod: 0.170520, t_ads: 25.6, t_des: 24.9, bed_util_ads: 0.490, bed_util_des: 0.490, des_th: 0.4902699720013994,frac_lost: 0.100, li_recovered:  8.615, time: 0.00519865999922331
L: 0.50, u_super: 0.00806, sec: 460.478, prod: 0.182234, t_ads: 24.3, t_des: 22.3, bed_util_ads: 0.498, bed_util_des: 0.498, des_th: 0.49799466660103253,frac_lost: 0.107, li_recovered:  8.501, time: 0.00810076300149376
L: 0.52, u_super: 0.00881, sec: 558.533, prod: 0.186966, t_ads: 22.9, t_des: 25.2, bed_util_ads: 0.474, bed_util_des: 0.474, des_th: 0.4738616795476848,frac_lost: 0.104, li_recovered:  8.986, time: 0.005707196000003023
L: 0.51, u_super: 0.00972, sec: 579.232, prod: 0.220054, t_ads: 20.6, t_des: 19.1, bed_util_ads: 0.496, bed_util_des: 0.496, des_th: 0.49597001839000315,frac_lost: 0.106, li_recovered:  8.726, time: 0.006878629999846453
L: 0.51, u_super: 0.00866, sec: 503.485, prod: 0.195993, t_ads: 22.8, t_des: 21.0, bed_util_ads: 0.498, bed_util_des: 0.498, des_th: 0.49752654103599586,frac_lost: 0.105, li_recovered:  8.599, time: 0.00535105999915686
L: 0.51, u_super: 0.00363, sec: 200.044, prod: 0.081331, t_ads: 54.3, t_des: 48.6, bed_util_ads: 0.498, bed_util_des: 0.498, des_th: 0.49796196765214873,frac_lost: 0.107, li_recovered:  8.372, time: 0.0066461070000514155
L: 0.50, u_super: 0.00053 — INFEASIBLE (li_recovered=0.000e+00), time: 0.002855852999346098
L: 0.50, u_super: 0.00198, sec: 109.481, prod: 0.042832, t_ads: 97.4, t_des: 99.8, bed_util_ads: 0.477, bed_util_des: 0.476, des_th: 0.47557295615749023,frac_lost: 0.107, li_recovered:  8.448, time: 0.006394054000338656
L: 12.78, u_super: 0.00871 — INFEASIBLE (li_recovered=0.000e+00), time: 0.002037054000538774
L: 18.51, u_super: 0.00773 — INFEASIBLE (li_recovered=0.000e+00), time: 0.002901349000239861
    19 |      760 |     40 |  0.0077328877 |             f
L: 0.53, u_super: 0.00704, sec: 484.687, prod: 0.137189, t_ads: 29.3, t_des: 37.5, bed_util_ads: 0.455, bed_util_des: 0.454, des_th: 0.4540199813472473,frac_lost: 0.107, li_recovered:  9.166, time: 0.005778872000519186
L: 1.73, u_super: 0.00650, sec: 1310.088, prod: 0.140861, t_ads: 101.6, t_des: 104.5, bed_util_ads: 0.476, bed_util_des: 0.475, des_th: 0.47518060184377886,frac_lost: 0.100, li_recovered:  29.028, time: 0.007553841000117245
L: 0.50, u_super: 0.00756, sec: 430.684, prod: 0.170218, t_ads: 25.9, t_des: 24.4, bed_util_ads: 0.494, bed_util_des: 0.494, des_th: 0.4938080864876675,frac_lost: 0.107, li_recovered:  8.570, time: 0.005619231998934993
L: 0.50, u_super: 0.00238, sec: 132.048, prod: 0.051338, t_ads: 81.3, t_des: 84.4, bed_util_ads: 0.477, bed_util_des: 0.476, des_th: 0.47557295615749023,frac_lost: 0.105, li_recovered:  8.507, time: 0.006660195000222302
L: 0.51, u_super: 0.00427, sec: 236.053, prod: 0.096235, t_ads: 45.9, t_des: 41.6, bed_util_ads: 0.498, bed_util_des: 0.497, des_th: 0.49752654103599586,frac_lost: 0.103, li_recovered:  8.427, time: 0.006142818001535488
L: 0.51, u_super: 0.00990, sec: 586.257, prod: 0.224559, t_ads: 20.0, t_des: 18.0, bed_util_ads: 0.500, bed_util_des: 0.500, des_th: 0.49993503972751735,frac_lost: 0.103, li_recovered:  8.541, time: 0.005745401000240236
L: 0.51, u_super: 0.00773, sec: 445.502, prod: 0.174662, t_ads: 25.7, t_des: 23.5, bed_util_ads: 0.498, bed_util_des: 0.498, des_th: 0.49799466660103253,frac_lost: 0.108, li_recovered:  8.591, time: 0.006328060999294394
L: 0.50, u_super: 0.00181, sec: 98.659, prod: 0.039268, t_ads: 106.9, t_des: 106.5, bed_util_ads: 0.480, bed_util_des: 0.479, des_th: 0.4791550841267176,frac_lost: 0.109, li_recovered:  8.383, time: 0.007098104999386123
L: 0.50, u_super: 0.00806, sec: 460.510, prod: 0.182222, t_ads: 24.3, t_des: 22.3, bed_util_ads: 0.498, bed_util_des: 0.498, des_th: 0.49796065434658116,frac_lost: 0.107, li_recovered:  8.497, time: 0.007086606001394102
L: 0.50, u_super: 0.00313, sec: 169.397, prod: 0.069946, t_ads: 61.8, t_des: 54.9, bed_util_ads: 0.499, bed_util_des: 0.499, des_th: 0.4986724880839991,frac_lost: 0.103, li_recovered:  8.168, time: 0.007611514998643543
L: 0.56, u_super: 0.00697, sec: 435.676, prod: 0.157623, t_ads: 31.0, t_des: 28.3, bed_util_ads: 0.498, bed_util_des: 0.498, des_th: 0.49796196765214873,frac_lost: 0.104, li_recovered:  9.349, time: 0.006156435001685168
L: 0.51, u_super: 0.00990, sec: 590.074, prod: 0.224356, t_ads: 20.2, t_des: 18.6, bed_util_ads: 0.497, bed_util_des: 0.497, des_th: 0.49704482875476863,frac_lost: 0.105, li_recovered:  8.695, time: 0.006312549001449952
L: 0.52, u_super: 0.00453, sec: 257.211, prod: 0.101885, t_ads: 44.4, t_des: 39.7, bed_util_ads: 0.499, bed_util_des: 0.499, des_th: 0.49864760082990783,frac_lost: 0.104, li_recovered:  8.575, time: 0.0065952619988820516
L: 0.51, u_super: 0.00440, sec: 263.097, prod: 0.091613, t_ads: 44.8, t_des: 50.8, bed_util_ads: 0.468, bed_util_des: 0.467, des_th: 0.46746330768133426,frac_lost: 0.102, li_recovered:  8.759, time: 0.005873400999917067
L: 3.91, u_super: 0.00848, sec: 3983.151, prod: 0.183218, t_ads: 175.0, t_des: 167.1, bed_util_ads: 0.480, bed_util_des: 0.478, des_th: 0.4785390580518426,frac_lost: 0.105, li_recovered:  62.679, time: 0.004690096000558697
L: 0.50, u_super: 0.00511, sec: 281.490, prod: 0.115359, t_ads: 38.0, t_des: 34.5, bed_util_ads: 0.498, bed_util_des: 0.498, des_th: 0.49756313967144833,frac_lost: 0.103, li_recovered:  8.369, time: 0.007305522000024212
L: 0.51, u_super: 0.00652, sec: 373.478, prod: 0.146435, t_ads: 30.2, t_des: 29.4, bed_util_ads: 0.490, bed_util_des: 0.490, des_th: 0.48969213287146435,frac_lost: 0.100, li_recovered:  8.729, time: 0.005940682000073139
L: 1.98, u_super: 0.00990, sec: 2337.327, prod: 0.219700, t_ads: 77.2, t_des: 68.0, bed_util_ads: 0.497, bed_util_des: 0.497, des_th: 0.4970660716616322,frac_lost: 0.103, li_recovered:  31.910, time: 0.0068148870013828855
L: 0.50, u_super: 0.00052 — INFEASIBLE (li_recovered=0.000e+00), time: 0.00380922099975578
L: 0.50, u_super: 0.00120, sec: 66.970, prod: 0.025289, t_ads: 158.2, t_des: 131.3, bed_util_ads: 0.497, bed_util_des: 0.497, des_th: 0.4969251517730334,frac_lost: 0.105, li_recovered:  7.323, time: 0.007576044999950682
L: 4.93, u_super: 0.00561 — INFEASIBLE (li_recovered=0.000e+00), time: 0.0034837940002034884
L: 0.51, u_super: 0.00856, sec: 501.767, prod: 0.192376, t_ads: 23.2, t_des: 22.2, bed_util_ads: 0.491, bed_util_des: 0.491, des_th: 0.49111928850777375,frac_lost: 0.105, li_recovered:  8.733, time: 0.00867857099910907
L: 0.51, u_super: 0.00395, sec: 251.467, prod: 0.076822, t_ads: 49.6, t_des: 64.0, bed_util_ads: 0.452, bed_util_des: 0.451, des_th: 0.450630644247164,frac_lost: 0.103, li_recovered:  8.722, time: 0.007236841000121785
L: 0.50, u_super: 0.00326, sec: 176.993, prod: 0.073059, t_ads: 59.7, t_des: 54.6, bed_util_ads: 0.495, bed_util_des: 0.495, des_th: 0.49511409648930826,frac_lost: 0.107, li_recovered:  8.352, time: 0.006155281998871942
L: 0.50, u_super: 0.00194, sec: 104.398, prod: 0.042731, t_ads: 100.0, t_des: 90.1, bed_util_ads: 0.493, bed_util_des: 0.492, des_th: 0.49220995463808725,frac_lost: 0.109, li_recovered:  8.121, time: 0.005866919998879894
L: 0.51, u_super: 0.00540, sec: 302.352, prod: 0.122079, t_ads: 36.4, t_des: 33.1, bed_util_ads: 0.498, bed_util_des: 0.497, des_th: 0.49745808839493544,frac_lost: 0.102, li_recovered:  8.485, time: 0.007472507999409572
L: 10.65, u_super: 0.00915 — INFEASIBLE (li_recovered=0.000e+00), time: 0.003512810000756872
L: 0.51, u_super: 0.00792, sec: 459.581, prod: 0.178290, t_ads: 24.9, t_des: 24.1, bed_util_ads: 0.491, bed_util_des: 0.490, des_th: 0.49045687930971493,frac_lost: 0.100, li_recovered:  8.726, time: 0.007968537998749525
L: 0.50, u_super: 0.00380, sec: 209.195, prod: 0.085079, t_ads: 51.7, t_des: 45.6, bed_util_ads: 0.499, bed_util_des: 0.499, des_th: 0.49917440297705656,frac_lost: 0.106, li_recovered:  8.276, time: 0.004536854999969364
L: 0.50, u_super: 0.00969, sec: 565.834, prod: 0.218560, t_ads: 20.2, t_des: 19.2, bed_util_ads: 0.493, bed_util_des: 0.493, des_th: 0.4925286529694321,frac_lost: 0.104, li_recovered:  8.600, time: 0.00624600699848088
L: 0.51, u_super: 0.00576, sec: 326.669, prod: 0.129198, t_ads: 34.2, t_des: 33.2, bed_util_ads: 0.490, bed_util_des: 0.489, des_th: 0.48945815884291005,frac_lost: 0.102, li_recovered:  8.707, time: 0.007317163999687182
L: 0.51, u_super: 0.00342, sec: 188.671, prod: 0.076403, t_ads: 57.9, t_des: 51.6, bed_util_ads: 0.498, bed_util_des: 0.498, des_th: 0.4979080308776501,frac_lost: 0.109, li_recovered:  8.369, time: 0.004459634999875561
L: 0.50, u_super: 0.00539, sec: 297.726, prod: 0.121579, t_ads: 36.0, t_des: 33.9, bed_util_ads: 0.493, bed_util_des: 0.493, des_th: 0.4932149212339053,frac_lost: 0.100, li_recovered:  8.501, time: 0.006061827998564695
L: 0.50, u_super: 0.00117, sec: 65.376, prod: 0.024627, t_ads: 162.1, t_des: 134.7, bed_util_ads: 0.497, bed_util_des: 0.497, des_th: 0.4971098781772936,frac_lost: 0.105, li_recovered:  7.309, time: 0.005852227001014398
L: 45.79, u_super: 0.00364 — INFEASIBLE (li_recovered=0.000e+00), time: 0.0010170069999730913
L: 0.51, u_super: 0.00650, sec: 368.190, prod: 0.147135, t_ads: 30.3, t_des: 27.3, bed_util_ads: 0.499, bed_util_des: 0.499, des_th: 0.49925080449754966,frac_lost: 0.102, li_recovered:  8.473, time: 0.0071453609998570755
L: 0.51, u_super: 0.00846, sec: 490.687, prod: 0.191595, t_ads: 23.4, t_des: 21.2, bed_util_ads: 0.499, bed_util_des: 0.499, des_th: 0.4993589959427632,frac_lost: 0.105, li_recovered:  8.544, time: 0.008626081000329577
L: 0.51, u_super: 0.00190, sec: 104.013, prod: 0.042049, t_ads: 101.7, t_des: 90.6, bed_util_ads: 0.494, bed_util_des: 0.494, des_th: 0.4940822033485226,frac_lost: 0.101, li_recovered:  8.086, time: 0.0038378369990823558
L: 0.50, u_super: 0.00363, sec: 197.664, prod: 0.081316, t_ads: 53.8, t_des: 49.7, bed_util_ads: 0.494, bed_util_des: 0.494, des_th: 0.4939491812744407,frac_lost: 0.108, li_recovered:  8.419, time: 0.006649359000221011
L: 0.51, u_super: 0.00964, sec: 565.734, prod: 0.218619, t_ads: 20.4, t_des: 18.9, bed_util_ads: 0.498, bed_util_des: 0.497, des_th: 0.4975168243930384,frac_lost: 0.104, li_recovered:  8.589, time: 0.004394268999021733
    20 |      800 |     40 |  0.0068401140 |         nadir
L: 0.50, u_super: 0.00313, sec: 184.442, prod: 0.064202, t_ads: 62.1, t_des: 71.8, bed_util_ads: 0.465, bed_util_des: 0.464, des_th: 0.4638564893305687,frac_lost: 0.106, li_recovered:  8.598, time: 0.00615929400009918
L: 0.50, u_super: 0.00536, sec: 296.310, prod: 0.120957, t_ads: 36.2, t_des: 34.1, bed_util_ads: 0.493, bed_util_des: 0.493, des_th: 0.49324277381580606,frac_lost: 0.101, li_recovered:  8.499, time: 0.004173790001004818
L: 0.51, u_super: 0.00421, sec: 232.673, prod: 0.094820, t_ads: 46.6, t_des: 42.2, bed_util_ads: 0.498, bed_util_des: 0.497, des_th: 0.49752654103599586,frac_lost: 0.104, li_recovered:  8.420, time: 0.0059542960007092915
L: 15.23, u_super: 0.00649 — INFEASIBLE (li_recovered=0.000e+00), time: 0.004502286999922944
L: 0.51, u_super: 0.00981, sec: 580.717, prod: 0.222266, t_ads: 20.3, t_des: 18.4, bed_util_ads: 0.500, bed_util_des: 0.500, des_th: 0.49980836695867564,frac_lost: 0.106, li_recovered:  8.590, time: 0.007396498000161955
L: 0.51, u_super: 0.00336, sec: 185.332, prod: 0.075179, t_ads: 58.8, t_des: 52.4, bed_util_ads: 0.498, bed_util_des: 0.498, des_th: 0.4979080308776501,frac_lost: 0.107, li_recovered:  8.362, time: 0.005680840999048087
L: 0.50, u_super: 0.00774, sec: 443.433, prod: 0.174982, t_ads: 25.5, t_des: 23.4, bed_util_ads: 0.497, bed_util_des: 0.497, des_th: 0.4969251517730334,frac_lost: 0.106, li_recovered:  8.555, time: 0.009149427000011201
L: 24.41, u_super: 0.00907 — INFEASIBLE (li_recovered=0.000e+00), time: 0.0022621009993599728
L: 0.51, u_super: 0.00397, sec: 219.761, prod: 0.089227, t_ads: 49.8, t_des: 45.5, bed_util_ads: 0.495, bed_util_des: 0.495, des_th: 0.4948581200341923,frac_lost: 0.105, li_recovered:  8.499, time: 0.0069675630002166145
L: 0.51, u_super: 0.00693, sec: 394.483, prod: 0.156551, t_ads: 28.5, t_des: 25.6, bed_util_ads: 0.499, bed_util_des: 0.499, des_th: 0.49917440297705656,frac_lost: 0.107, li_recovered:  8.464, time: 0.00938052400124434
L: 2.91, u_super: 0.00337 — INFEASIBLE (li_recovered=0.000e+00), time: 0.004345232000559918
L: 0.50, u_super: 0.00964, sec: 560.075, prod: 0.218723, t_ads: 20.2, t_des: 18.6, bed_util_ads: 0.498, bed_util_des: 0.498, des_th: 0.4975168243930384,frac_lost: 0.103, li_recovered:  8.491, time: 0.00663845600138302
L: 0.50, u_super: 0.00173, sec: 94.586, prod: 0.037879, t_ads: 110.7, t_des: 96.1, bed_util_ads: 0.496, bed_util_des: 0.496, des_th: 0.49618538986791716,frac_lost: 0.102, li_recovered:  7.832, time: 0.0064047489995573414
L: 0.50, u_super: 0.00984, sec: 573.069, prod: 0.223427, t_ads: 19.8, t_des: 18.0, bed_util_ads: 0.499, bed_util_des: 0.499, des_th: 0.49864760082990783,frac_lost: 0.103, li_recovered:  8.452, time: 0.006095636999816634
L: 0.52, u_super: 0.00775, sec: 455.297, prod: 0.175858, t_ads: 25.9, t_des: 23.7, bed_util_ads: 0.498, bed_util_des: 0.498, des_th: 0.4979895374752711,frac_lost: 0.101, li_recovered:  8.734, time: 0.00602872699892032
L: 0.53, u_super: 0.00036 — INFEASIBLE (li_recovered=0.000e+00), time: 0.001814274999560439
L: 0.50, u_super: 0.00835, sec: 479.915, prod: 0.189141, t_ads: 23.5, t_des: 21.3, bed_util_ads: 0.499, bed_util_des: 0.498, des_th: 0.49850722420717986,frac_lost: 0.106, li_recovered:  8.477, time: 0.007817735999196884
L: 0.50, u_super: 0.00107, sec: 60.201, prod: 0.022512, t_ads: 175.9, t_des: 146.6, bed_util_ads: 0.496, bed_util_des: 0.495, des_th: 0.49543114948612427,frac_lost: 0.105, li_recovered:  7.260, time: 0.005905279000216979
L: 0.51, u_super: 0.00395, sec: 218.724, prod: 0.088796, t_ads: 50.0, t_des: 45.3, bed_util_ads: 0.497, bed_util_des: 0.497, des_th: 0.4967445994942063,frac_lost: 0.105, li_recovered:  8.457, time: 0.00714367399996263
L: 0.50, u_super: 0.00169, sec: 92.255, prod: 0.036766, t_ads: 113.1, t_des: 96.7, bed_util_ads: 0.499, bed_util_des: 0.499, des_th: 0.4986724880839991,frac_lost: 0.104, li_recovered:  7.711, time: 0.007440908000717172
L: 0.52, u_super: 0.00471, sec: 268.505, prod: 0.105740, t_ads: 42.8, t_des: 40.5, bed_util_ads: 0.493, bed_util_des: 0.492, des_th: 0.4925008003875313,frac_lost: 0.105, li_recovered:  8.802, time: 0.0067017780002061045
L: 19.38, u_super: 0.00204 — INFEASIBLE (li_recovered=0.000e+00), time: 0.0011525000008987263
L: 0.53, u_super: 0.00568, sec: 332.157, prod: 0.128405, t_ads: 36.0, t_des: 32.7, bed_util_ads: 0.498, bed_util_des: 0.498, des_th: 0.49779992689526725,frac_lost: 0.101, li_recovered:  8.832, time: 0.006619736999709858
L: 0.51, u_super: 0.00872, sec: 508.529, prod: 0.197357, t_ads: 22.7, t_des: 20.8, bed_util_ads: 0.498, bed_util_des: 0.498, des_th: 0.4976367235684417,frac_lost: 0.107, li_recovered:  8.599, time: 0.005209352999372641
L: 0.50, u_super: 0.00806, sec: 460.239, prod: 0.182202, t_ads: 24.3, t_des: 22.3, bed_util_ads: 0.498, bed_util_des: 0.498, des_th: 0.4980675974916615,frac_lost: 0.107, li_recovered:  8.495, time: 0.005958195000857813
L: 0.50, u_super: 0.00949, sec: 551.300, prod: 0.215087, t_ads: 20.6, t_des: 19.0, bed_util_ads: 0.498, bed_util_des: 0.498, des_th: 0.4975168243930384,frac_lost: 0.105, li_recovered:  8.510, time: 0.005658551001033629
L: 23.88, u_super: 0.00080 — INFEASIBLE (li_recovered=0.000e+00), time: 0.001174095999886049
L: 0.52, u_super: 0.00451, sec: 256.196, prod: 0.101423, t_ads: 44.7, t_des: 39.9, bed_util_ads: 0.499, bed_util_des: 0.499, des_th: 0.49864760082990783,frac_lost: 0.105, li_recovered:  8.576, time: 0.004744735000713263
L: 0.50, u_super: 0.00727, sec: 411.520, prod: 0.164327, t_ads: 26.9, t_des: 24.4, bed_util_ads: 0.499, bed_util_des: 0.499, des_th: 0.49917440297705656,frac_lost: 0.108, li_recovered:  8.440, time: 0.005002337000405532
L: 55.16, u_super: 0.00565 — INFEASIBLE (li_recovered=0.000e+00), time: 0.0008088750000752043
L: 0.51, u_super: 0.00915, sec: 546.172, prod: 0.202588, t_ads: 21.6, t_des: 21.7, bed_util_ads: 0.486, bed_util_des: 0.486, des_th: 0.4861916625966375,frac_lost: 0.105, li_recovered:  8.767, time: 0.005263223998554167
L: 0.50, u_super: 0.00218, sec: 117.261, prod: 0.048320, t_ads: 88.7, t_des: 80.1, bed_util_ads: 0.494, bed_util_des: 0.494, des_th: 0.4939115916782524,frac_lost: 0.106, li_recovered:  8.156, time: 0.004769299999679788
L: 0.51, u_super: 0.00915, sec: 537.560, prod: 0.207199, t_ads: 21.7, t_des: 19.7, bed_util_ads: 0.500, bed_util_des: 0.500, des_th: 0.4999544536136304,frac_lost: 0.106, li_recovered:  8.580, time: 0.004765958999996656
L: 0.50, u_super: 0.00469, sec: 257.959, prod: 0.105358, t_ads: 41.5, t_des: 39.2, bed_util_ads: 0.493, bed_util_des: 0.492, des_th: 0.49253376930362436,frac_lost: 0.104, li_recovered:  8.508, time: 0.004771677999087842
L: 34.20, u_super: 0.00599 — INFEASIBLE (li_recovered=0.000e+00), time: 0.0014775920008105459
L: 0.50, u_super: 0.00733, sec: 415.440, prod: 0.165625, t_ads: 26.8, t_des: 24.3, bed_util_ads: 0.499, bed_util_des: 0.499, des_th: 0.4991282978963573,frac_lost: 0.108, li_recovered:  8.451, time: 0.004130114999497891
L: 0.50, u_super: 0.00837, sec: 525.046, prod: 0.172874, t_ads: 23.3, t_des: 27.0, bed_util_ads: 0.469, bed_util_des: 0.468, des_th: 0.4683875333079092,frac_lost: 0.105, li_recovered:  8.707, time: 0.005046291000326164
L: 0.50, u_super: 0.00427, sec: 242.937, prod: 0.093014, t_ads: 45.8, t_des: 47.5, bed_util_ads: 0.480, bed_util_des: 0.480, des_th: 0.47971637840144177,frac_lost: 0.105, li_recovered:  8.676, time: 0.004096627999388147
L: 0.51, u_super: 0.00432, sec: 238.998, prod: 0.097139, t_ads: 45.6, t_des: 41.2, bed_util_ads: 0.498, bed_util_des: 0.497, des_th: 0.49752654103599586,frac_lost: 0.106, li_recovered:  8.431, time: 0.005116353999255807
L: 0.51, u_super: 0.00337, sec: 185.923, prod: 0.075439, t_ads: 58.6, t_des: 52.5, bed_util_ads: 0.498, bed_util_des: 0.498, des_th: 0.4979080308776501,frac_lost: 0.108, li_recovered:  8.386, time: 0.004402823999043903
    21 |      840 |     40 |  0.0026381298 |             f
L: 0.50, u_super: 0.00141, sec: 78.381, prod: 0.030115, t_ads: 135.8, t_des: 140.7, bed_util_ads: 0.473, bed_util_des: 0.471, des_th: 0.47112348202428544,frac_lost: 0.107, li_recovered:  8.326, time: 0.0051013730007980485
L: 0.51, u_super: 0.00457, sec: 253.074, prod: 0.102605, t_ads: 43.1, t_des: 38.4, bed_util_ads: 0.499, bed_util_des: 0.499, des_th: 0.49917440297705656,frac_lost: 0.107, li_recovered:  8.367, time: 0.004173052000624011
L: 0.51, u_super: 0.00266, sec: 146.354, prod: 0.058994, t_ads: 73.3, t_des: 63.7, bed_util_ads: 0.499, bed_util_des: 0.499, des_th: 0.49896870118472314,frac_lost: 0.103, li_recovered:  8.085, time: 0.003646301998742274
L: 0.50, u_super: 0.00075 — INFEASIBLE (li_recovered=0.000e+00), time: 0.002188414999181987
L: 0.50, u_super: 0.00759, sec: 569.764, prod: 0.129907, t_ads: 25.8, t_des: 41.4, bed_util_ads: 0.427, bed_util_des: 0.426, des_th: 0.42633229580020365,frac_lost: 0.104, li_recovered:  8.726, time: 0.004940683000313584
L: 0.51, u_super: 0.00869, sec: 505.738, prod: 0.196930, t_ads: 22.7, t_des: 20.9, bed_util_ads: 0.498, bed_util_des: 0.498, des_th: 0.49763105482521175,frac_lost: 0.105, li_recovered:  8.596, time: 0.0038091040005383547
L: 0.50, u_super: 0.00511, sec: 281.421, prod: 0.115388, t_ads: 38.0, t_des: 34.5, bed_util_ads: 0.498, bed_util_des: 0.498, des_th: 0.49756313967144833,frac_lost: 0.103, li_recovered:  8.366, time: 0.003987594000136596
L: 0.51, u_super: 0.00669, sec: 384.052, prod: 0.149362, t_ads: 29.5, t_des: 28.7, bed_util_ads: 0.490, bed_util_des: 0.490, des_th: 0.48953650898685147,frac_lost: 0.107, li_recovered:  8.705, time: 0.003815495998424012
L: 0.52, u_super: 0.00471, sec: 268.196, prod: 0.105862, t_ads: 42.8, t_des: 40.0, bed_util_ads: 0.493, bed_util_des: 0.493, des_th: 0.4926124366468191,frac_lost: 0.106, li_recovered:  8.772, time: 0.003698021999298362
L: 0.50, u_super: 0.00650, sec: 363.284, prod: 0.147280, t_ads: 29.9, t_des: 27.4, bed_util_ads: 0.497, bed_util_des: 0.497, des_th: 0.49699576396979517,frac_lost: 0.101, li_recovered:  8.435, time: 0.0037094960007379996
L: 0.50, u_super: 0.00949, sec: 550.958, prod: 0.215221, t_ads: 20.6, t_des: 18.9, bed_util_ads: 0.498, bed_util_des: 0.497, des_th: 0.4974991095860235,frac_lost: 0.104, li_recovered:  8.499, time: 0.0037316689995350316
L: 0.51, u_super: 0.00560, sec: 316.553, prod: 0.125873, t_ads: 35.2, t_des: 33.8, bed_util_ads: 0.490, bed_util_des: 0.490, des_th: 0.49011274703427593,frac_lost: 0.101, li_recovered:  8.688, time: 0.0034653960010473384
L: 0.50, u_super: 0.00972, sec: 565.781, prod: 0.220451, t_ads: 20.1, t_des: 18.5, bed_util_ads: 0.497, bed_util_des: 0.497, des_th: 0.49699576396979517,frac_lost: 0.104, li_recovered:  8.499, time: 0.005877634999706061
L: 0.50, u_super: 0.00773, sec: 438.729, prod: 0.175366, t_ads: 25.1, t_des: 22.7, bed_util_ads: 0.499, bed_util_des: 0.499, des_th: 0.49890697689265157,frac_lost: 0.101, li_recovered:  8.395, time: 0.005325005999111454
L: 0.50, u_super: 0.00347, sec: 188.444, prod: 0.077749, t_ads: 56.0, t_des: 49.9, bed_util_ads: 0.498, bed_util_des: 0.498, des_th: 0.4979649388020223,frac_lost: 0.106, li_recovered:  8.234, time: 0.004926536999846576
L: 0.50, u_super: 0.00313, sec: 169.346, prod: 0.069967, t_ads: 61.8, t_des: 55.0, bed_util_ads: 0.498, bed_util_des: 0.498, des_th: 0.4982088093649083,frac_lost: 0.102, li_recovered:  8.171, time: 0.005455573000290315
L: 0.50, u_super: 0.00806, sec: 460.023, prod: 0.182372, t_ads: 24.3, t_des: 22.1, bed_util_ads: 0.498, bed_util_des: 0.498, des_th: 0.49799466660103253,frac_lost: 0.106, li_recovered:  8.456, time: 0.008086359999651904
L: 0.51, u_super: 0.00579, sec: 325.131, prod: 0.131057, t_ads: 33.9, t_des: 30.8, bed_util_ads: 0.498, bed_util_des: 0.498, des_th: 0.4975917551343466,frac_lost: 0.101, li_recovered:  8.479, time: 0.005503907001184416
L: 0.50, u_super: 0.00511, sec: 281.570, prod: 0.115328, t_ads: 38.1, t_des: 34.4, bed_util_ads: 0.498, bed_util_des: 0.498, des_th: 0.49756313967144833,frac_lost: 0.103, li_recovered:  8.361, time: 0.004837840999243781
L: 0.50, u_super: 0.00773, sec: 438.662, prod: 0.175399, t_ads: 25.1, t_des: 23.0, bed_util_ads: 0.498, bed_util_des: 0.498, des_th: 0.49818812793273376,frac_lost: 0.101, li_recovered:  8.441, time: 0.005718848000469734
L: 0.51, u_super: 0.00990, sec: 663.393, prod: 0.198393, t_ads: 20.1, t_des: 24.6, bed_util_ads: 0.461, bed_util_des: 0.461, des_th: 0.4605918877053002,frac_lost: 0.104, li_recovered:  8.864, time: 0.004673660998378182
L: 0.50, u_super: 0.00693, sec: 447.880, prod: 0.137807, t_ads: 28.5, t_des: 35.2, bed_util_ads: 0.460, bed_util_des: 0.459, des_th: 0.45904225105506347,frac_lost: 0.107, li_recovered:  8.784, time: 0.006357209998895996
L: 0.50, u_super: 0.00917, sec: 627.590, prod: 0.176202, t_ads: 21.4, t_des: 28.3, bed_util_ads: 0.451, bed_util_des: 0.451, des_th: 0.4509398564591979,frac_lost: 0.104, li_recovered:  8.760, time: 0.005209999000726384
L: 1.23, u_super: 0.00169 — INFEASIBLE (li_recovered=0.000e+00), time: 0.004391376998682972
L: 0.50, u_super: 0.00946, sec: 548.666, prod: 0.214344, t_ads: 20.7, t_des: 18.7, bed_util_ads: 0.499, bed_util_des: 0.499, des_th: 0.4986532695731177,frac_lost: 0.105, li_recovered:  8.452, time: 0.00677998199898866
L: 0.50, u_super: 0.00313, sec: 169.781, prod: 0.069787, t_ads: 61.8, t_des: 54.3, bed_util_ads: 0.499, bed_util_des: 0.499, des_th: 0.4986724880839991,frac_lost: 0.102, li_recovered:  8.102, time: 0.0048303280000254745
L: 9.37, u_super: 0.00053 — INFEASIBLE (li_recovered=0.000e+00), time: 0.0011344449994794559
L: 0.53, u_super: 0.00585, sec: 342.906, prod: 0.132387, t_ads: 35.0, t_des: 32.1, bed_util_ads: 0.496, bed_util_des: 0.496, des_th: 0.4957643924688861,frac_lost: 0.101, li_recovered:  8.876, time: 0.005937154001003364
L: 0.50, u_super: 0.00965, sec: 561.517, prod: 0.218734, t_ads: 20.3, t_des: 18.6, bed_util_ads: 0.498, bed_util_des: 0.498, des_th: 0.4975168243930384,frac_lost: 0.105, li_recovered:  8.507, time: 0.005161493001651252
L: 35.45, u_super: 0.00744 — INFEASIBLE (li_recovered=0.000e+00), time: 0.001285907999772462
L: 0.51, u_super: 0.00381, sec: 209.340, prod: 0.085438, t_ads: 51.6, t_des: 46.1, bed_util_ads: 0.499, bed_util_des: 0.499, des_th: 0.49858146986981783,frac_lost: 0.106, li_recovered:  8.344, time: 0.0049225069997191895
L: 17.09, u_super: 0.00661 — INFEASIBLE (li_recovered=0.000e+00), time: 0.0017747990004863823
L: 0.50, u_super: 0.00077, sec: 54.805, prod: 0.012541, t_ads: 248.0, t_des: 408.3, bed_util_ads: 0.403, bed_util_des: 0.394, des_th: 0.3945808027489261,frac_lost: 0.103, li_recovered:  8.230, time: 0.006494679999377695
L: 0.51, u_super: 0.00722, sec: 414.546, prod: 0.163256, t_ads: 27.5, t_des: 24.7, bed_util_ads: 0.499, bed_util_des: 0.499, des_th: 0.49911749502409974,frac_lost: 0.105, li_recovered:  8.514, time: 0.006290561999776401
L: 0.50, u_super: 0.00141, sec: 77.442, prod: 0.030481, t_ads: 135.2, t_des: 136.7, bed_util_ads: 0.476, bed_util_des: 0.474, des_th: 0.4746358302116413,frac_lost: 0.105, li_recovered:  8.290, time: 0.005634995999571402
L: 16.58, u_super: 0.00471 — INFEASIBLE (li_recovered=0.000e+00), time: 0.0014312950006569736
L: 0.53, u_super: 0.00886, sec: 538.173, prod: 0.200530, t_ads: 23.3, t_des: 21.1, bed_util_ads: 0.499, bed_util_des: 0.498, des_th: 0.4984782290102854,frac_lost: 0.106, li_recovered:  8.910, time: 0.004245199001161382
L: 0.51, u_super: 0.00669, sec: 382.099, prod: 0.150965, t_ads: 29.7, t_des: 26.7, bed_util_ads: 0.500, bed_util_des: 0.500, des_th: 0.4998378212265667,frac_lost: 0.109, li_recovered:  8.517, time: 0.006062000000383705
L: 0.50, u_super: 0.00051, sec: 30.418, prod: 0.010040, t_ads: 351.3, t_des: 301.1, bed_util_ads: 0.475, bed_util_des: 0.474, des_th: 0.4745058692563199,frac_lost: 0.103, li_recovered:  6.550, time: 0.0039027820002957014
L: 0.50, u_super: 0.00342, sec: 185.640, prod: 0.076557, t_ads: 56.9, t_des: 51.0, bed_util_ads: 0.498, bed_util_des: 0.498, des_th: 0.4979080308776501,frac_lost: 0.106, li_recovered:  8.263, time: 0.005883881000045221
    22 |      880 |     40 |  0.0024779213 |             f
L: 0.50, u_super: 0.00141, sec: 77.636, prod: 0.030404, t_ads: 134.1, t_des: 114.0, bed_util_ads: 0.497, bed_util_des: 0.497, des_th: 0.49727598777808985,frac_lost: 0.102, li_recovered:  7.545, time: 0.004140356999414507
L: 31.06, u_super: 0.00578 — INFEASIBLE (li_recovered=0.000e+00), time: 0.0022277610005403403
L: 0.50, u_super: 0.00741, sec: 425.335, prod: 0.165661, t_ads: 26.4, t_des: 25.7, bed_util_ads: 0.490, bed_util_des: 0.490, des_th: 0.4902565896281701,frac_lost: 0.107, li_recovered:  8.638, time: 0.006206989999554935
L: 0.50, u_super: 0.00389, sec: 211.809, prod: 0.087274, t_ads: 50.0, t_des: 44.7, bed_util_ads: 0.498, bed_util_des: 0.498, des_th: 0.49756313967144833,frac_lost: 0.105, li_recovered:  8.268, time: 0.006347029000608018
L: 0.51, u_super: 0.00283, sec: 185.386, prod: 0.052829, t_ads: 70.0, t_des: 95.5, bed_util_ads: 0.443, bed_util_des: 0.441, des_th: 0.44110156619936425,frac_lost: 0.106, li_recovered:  8.742, time: 0.006286353000177769
L: 27.59, u_super: 0.00078 — INFEASIBLE (li_recovered=0.000e+00), time: 0.0010367920003773179
L: 0.50, u_super: 0.00889, sec: 517.249, prod: 0.201364, t_ads: 22.2, t_des: 20.1, bed_util_ads: 0.499, bed_util_des: 0.499, des_th: 0.4985820357548811,frac_lost: 0.106, li_recovered:  8.529, time: 0.004876103999777115
L: 138.22, u_super: 0.00471 — INFEASIBLE (li_recovered=0.000e+00), time: 0.0007680409999011317
L: 0.50, u_super: 0.00084, sec: 46.024, prod: 0.017890, t_ads: 222.0, t_des: 210.6, bed_util_ads: 0.476, bed_util_des: 0.474, des_th: 0.47436483709851807,frac_lost: 0.100, li_recovered:  7.741, time: 0.0036922090002917685
L: 0.50, u_super: 0.00265, sec: 142.682, prod: 0.058959, t_ads: 72.9, t_des: 64.9, bed_util_ads: 0.496, bed_util_des: 0.496, des_th: 0.49602674435369853,frac_lost: 0.102, li_recovered:  8.123, time: 0.004298505000406294
L: 0.51, u_super: 0.00338, sec: 185.632, prod: 0.075711, t_ads: 58.2, t_des: 52.6, bed_util_ads: 0.496, bed_util_des: 0.496, des_th: 0.49600027484517284,frac_lost: 0.106, li_recovered:  8.394, time: 0.004896716998700867
L: 0.53, u_super: 0.00582, sec: 340.547, prod: 0.131554, t_ads: 35.2, t_des: 31.9, bed_util_ads: 0.498, bed_util_des: 0.498, des_th: 0.4980161083892145,frac_lost: 0.101, li_recovered:  8.826, time: 0.0058556419990054565
L: 0.50, u_super: 0.00699, sec: 443.123, prod: 0.140287, t_ads: 28.0, t_des: 34.0, bed_util_ads: 0.462, bed_util_des: 0.462, des_th: 0.4617904770909149,frac_lost: 0.107, li_recovered:  8.703, time: 0.008012854999833507
L: 0.50, u_super: 0.00957, sec: 560.421, prod: 0.215445, t_ads: 20.4, t_des: 19.7, bed_util_ads: 0.491, bed_util_des: 0.491, des_th: 0.4907037179352332,frac_lost: 0.103, li_recovered:  8.631, time: 0.006664182001259178
L: 0.51, u_super: 0.00990, sec: 589.981, prod: 0.223240, t_ads: 20.1, t_des: 19.1, bed_util_ads: 0.493, bed_util_des: 0.493, des_th: 0.49268077756891593,frac_lost: 0.105, li_recovered:  8.750, time: 0.006697664999592234
L: 0.51, u_super: 0.00835, sec: 487.122, prod: 0.187798, t_ads: 23.8, t_des: 22.6, bed_util_ads: 0.494, bed_util_des: 0.493, des_th: 0.4933614157948755,frac_lost: 0.108, li_recovered:  8.698, time: 0.0057035200006794184
L: 0.50, u_super: 0.00873, sec: 501.309, prod: 0.198135, t_ads: 22.3, t_des: 20.1, bed_util_ads: 0.499, bed_util_des: 0.499, des_th: 0.4991282978963573,frac_lost: 0.101, li_recovered:  8.400, time: 0.005441408000478987
L: 0.50, u_super: 0.00209, sec: 112.509, prod: 0.046216, t_ads: 92.4, t_des: 82.7, bed_util_ads: 0.494, bed_util_des: 0.494, des_th: 0.4938988738910763,frac_lost: 0.106, li_recovered:  8.091, time: 0.005306999000822543
L: 12.87, u_super: 0.00640 — INFEASIBLE (li_recovered=0.000e+00), time: 0.0019525789994077059
L: 17.86, u_super: 0.00773 — INFEASIBLE (li_recovered=0.000e+00), time: 0.0015805349994479911
L: 0.52, u_super: 0.00257, sec: 143.418, prod: 0.057376, t_ads: 77.6, t_des: 70.9, bed_util_ads: 0.494, bed_util_des: 0.494, des_th: 0.4938837802434061,frac_lost: 0.102, li_recovered:  8.520, time: 0.003783063000810216
L: 0.50, u_super: 0.00314, sec: 169.849, prod: 0.070199, t_ads: 61.6, t_des: 54.7, bed_util_ads: 0.499, bed_util_des: 0.498, des_th: 0.49841385538856153,frac_lost: 0.104, li_recovered:  8.162, time: 0.004615766998540494
L: 0.51, u_super: 0.00682, sec: 389.727, prod: 0.153949, t_ads: 29.1, t_des: 26.1, bed_util_ads: 0.500, bed_util_des: 0.500, des_th: 0.49994326794290284,frac_lost: 0.107, li_recovered:  8.509, time: 0.003793601999859675
L: 0.51, u_super: 0.00959, sec: 725.440, prod: 0.169060, t_ads: 20.6, t_des: 31.7, bed_util_ads: 0.433, bed_util_des: 0.433, des_th: 0.43277661659989924,frac_lost: 0.103, li_recovered:  8.842, time: 0.004692377000537817
L: 0.50, u_super: 0.00168, sec: 100.573, prod: 0.033304, t_ads: 114.7, t_des: 139.0, bed_util_ads: 0.454, bed_util_des: 0.452, des_th: 0.45161294801112384,frac_lost: 0.106, li_recovered:  8.448, time: 0.006029602000126033
L: 0.50, u_super: 0.00327, sec: 200.769, prod: 0.064777, t_ads: 59.7, t_des: 73.7, bed_util_ads: 0.457, bed_util_des: 0.455, des_th: 0.45539651270681275,frac_lost: 0.106, li_recovered:  8.643, time: 0.008394206000957638
L: 0.50, u_super: 0.00647, sec: 365.657, prod: 0.144736, t_ads: 30.3, t_des: 29.1, bed_util_ads: 0.490, bed_util_des: 0.490, des_th: 0.4902253206802877,frac_lost: 0.108, li_recovered:  8.603, time: 0.006006397999954061
L: 0.50, u_super: 0.00913, sec: 527.600, prod: 0.206827, t_ads: 21.4, t_des: 19.4, bed_util_ads: 0.499, bed_util_des: 0.499, des_th: 0.49870156760367124,frac_lost: 0.106, li_recovered:  8.454, time: 0.005957793999186833
L: 0.51, u_super: 0.00945, sec: 556.786, prod: 0.213896, t_ads: 21.0, t_des: 19.5, bed_util_ads: 0.497, bed_util_des: 0.497, des_th: 0.4969692944612695,frac_lost: 0.106, li_recovered:  8.652, time: 0.006270318999668234
L: 0.50, u_super: 0.00216, sec: 116.616, prod: 0.047622, t_ads: 89.4, t_des: 86.5, bed_util_ads: 0.484, bed_util_des: 0.484, des_th: 0.483592857122812,frac_lost: 0.105, li_recovered:  8.376, time: 0.007372045000010985
L: 0.50, u_super: 0.00311, sec: 168.142, prod: 0.069543, t_ads: 62.1, t_des: 55.2, bed_util_ads: 0.498, bed_util_des: 0.498, des_th: 0.4982088093649083,frac_lost: 0.101, li_recovered:  8.157, time: 0.0040565780000179075
L: 5.77, u_super: 0.00048 — INFEASIBLE (li_recovered=0.000e+00), time: 0.0011627350013441173
L: 0.50, u_super: 0.00750, sec: 425.859, prod: 0.169465, t_ads: 26.2, t_des: 23.7, bed_util_ads: 0.499, bed_util_des: 0.499, des_th: 0.4986519944216049,frac_lost: 0.109, li_recovered:  8.447, time: 0.005850218998602941
L: 0.50, u_super: 0.00266, sec: 144.285, prod: 0.059317, t_ads: 72.7, t_des: 64.7, bed_util_ads: 0.497, bed_util_des: 0.497, des_th: 0.49680541011491686,frac_lost: 0.103, li_recovered:  8.151, time: 0.0040730690016062
L: 0.51, u_super: 0.00471, sec: 264.213, prod: 0.105948, t_ads: 42.2, t_des: 37.6, bed_util_ads: 0.500, bed_util_des: 0.500, des_th: 0.49967888805947824,frac_lost: 0.106, li_recovered:  8.450, time: 0.003919392000170774
L: 0.50, u_super: 0.00452, sec: 263.745, prod: 0.095994, t_ads: 43.0, t_des: 47.3, bed_util_ads: 0.473, bed_util_des: 0.472, des_th: 0.47203322030369066,frac_lost: 0.101, li_recovered:  8.673, time: 0.0069766769993293565
L: 0.51, u_super: 0.00755, sec: 434.525, prod: 0.170460, t_ads: 26.3, t_des: 24.1, bed_util_ads: 0.498, bed_util_des: 0.498, des_th: 0.4976367235684417,frac_lost: 0.109, li_recovered:  8.589, time: 0.004989288001524983
L: 0.50, u_super: 0.00513, sec: 282.746, prod: 0.115782, t_ads: 37.9, t_des: 34.4, bed_util_ads: 0.498, bed_util_des: 0.498, des_th: 0.497575857367579,frac_lost: 0.103, li_recovered:  8.369, time: 0.0070895560002099955
L: 0.50, u_super: 0.00650, sec: 363.405, prod: 0.147136, t_ads: 29.8, t_des: 26.7, bed_util_ads: 0.500, bed_util_des: 0.499, des_th: 0.4994917950128399,frac_lost: 0.100, li_recovered:  8.315, time: 0.007392260999040445
L: 0.52, u_super: 0.00449, sec: 255.096, prod: 0.100775, t_ads: 44.9, t_des: 42.2, bed_util_ads: 0.493, bed_util_des: 0.493, des_th: 0.4925286529694321,frac_lost: 0.105, li_recovered:  8.780, time: 0.01058924600147293
    23 |      920 |     40 |  0.0046624085 |             f
L: 0.51, u_super: 0.00958, sec: 564.052, prod: 0.216745, t_ads: 20.7, t_des: 19.2, bed_util_ads: 0.497, bed_util_des: 0.497, des_th: 0.49703624915062566,frac_lost: 0.106, li_recovered:  8.643, time: 0.005267059001198504
L: 0.50, u_super: 0.00051, sec: 30.284, prod: 0.010084, t_ads: 358.4, t_des: 401.2, bed_util_ads: 0.441, bed_util_des: 0.436, des_th: 0.4356164483403566,frac_lost: 0.104, li_recovered:  7.660, time: 0.006552552000357537
L: 0.51, u_super: 0.00281, sec: 181.564, prod: 0.052980, t_ads: 70.2, t_des: 94.2, bed_util_ads: 0.446, bed_util_des: 0.444, des_th: 0.44395103251876405,frac_lost: 0.106, li_recovered:  8.709, time: 0.008945483999923454
L: 0.53, u_super: 0.00153, sec: 87.856, prod: 0.033387, t_ads: 132.0, t_des: 128.8, bed_util_ads: 0.481, bed_util_des: 0.480, des_th: 0.4797644007389472,frac_lost: 0.105, li_recovered:  8.707, time: 0.007138021999708144
L: 0.50, u_super: 0.00431, sec: 235.550, prod: 0.096772, t_ads: 45.2, t_des: 40.5, bed_util_ads: 0.499, bed_util_des: 0.499, des_th: 0.4990200652424354,frac_lost: 0.106, li_recovered:  8.292, time: 0.012847574000261375
L: 0.51, u_super: 0.00773, sec: 443.641, prod: 0.174695, t_ads: 25.6, t_des: 23.2, bed_util_ads: 0.500, bed_util_des: 0.499, des_th: 0.4993950555902918,frac_lost: 0.107, li_recovered:  8.523, time: 0.007188628000221797
L: 0.50, u_super: 0.00804, sec: 457.723, prod: 0.182513, t_ads: 24.2, t_des: 22.1, bed_util_ads: 0.498, bed_util_des: 0.498, des_th: 0.49799466660103253,frac_lost: 0.101, li_recovered:  8.446, time: 0.0055203600004460895
L: 0.50, u_super: 0.00873, sec: 502.077, prod: 0.197832, t_ads: 22.4, t_des: 20.3, bed_util_ads: 0.499, bed_util_des: 0.499, des_th: 0.49897056210971813,frac_lost: 0.105, li_recovered:  8.448, time: 0.006675385999187711
L: 0.53, u_super: 0.00540, sec: 315.411, prod: 0.121988, t_ads: 38.0, t_des: 34.5, bed_util_ads: 0.498, bed_util_des: 0.497, des_th: 0.49749944902796195,frac_lost: 0.102, li_recovered:  8.843, time: 0.006247788000109722
L: 0.50, u_super: 0.00909, sec: 525.438, prod: 0.205669, t_ads: 21.6, t_des: 19.8, bed_util_ads: 0.498, bed_util_des: 0.498, des_th: 0.4980698125018812,frac_lost: 0.106, li_recovered:  8.509, time: 0.0068825510006718105
L: 0.50, u_super: 0.00057, sec: 33.502, prod: 0.011335, t_ads: 319.5, t_des: 271.1, bed_util_ads: 0.480, bed_util_des: 0.479, des_th: 0.4792827375417707,frac_lost: 0.106, li_recovered:  6.695, time: 0.004602555000019493
L: 13.28, u_super: 0.00950 — INFEASIBLE (li_recovered=0.000e+00), time: 0.0028292650004004827
L: 0.50, u_super: 0.00498, sec: 274.758, prod: 0.112254, t_ads: 39.2, t_des: 35.4, bed_util_ads: 0.498, bed_util_des: 0.497, des_th: 0.49741865316713835,frac_lost: 0.104, li_recovered:  8.378, time: 0.0051011469986406155
L: 0.53, u_super: 0.00590, sec: 345.845, prod: 0.133347, t_ads: 34.7, t_des: 31.9, bed_util_ads: 0.496, bed_util_des: 0.496, des_th: 0.4956599493966899,frac_lost: 0.102, li_recovered:  8.885, time: 0.0044360079991747625
L: 0.51, u_super: 0.00782, sec: 449.727, prod: 0.177457, t_ads: 25.1, t_des: 22.8, bed_util_ads: 0.498, bed_util_des: 0.498, des_th: 0.49833798386930034,frac_lost: 0.100, li_recovered:  8.502, time: 0.003559197000868153
L: 0.51, u_super: 0.00751, sec: 430.978, prod: 0.169655, t_ads: 26.4, t_des: 24.2, bed_util_ads: 0.498, bed_util_des: 0.498, des_th: 0.49797355524555126,frac_lost: 0.109, li_recovered:  8.575, time: 0.005183707999094622
L: 0.50, u_super: 0.00511, sec: 294.905, prod: 0.110012, t_ads: 38.0, t_des: 40.6, bed_util_ads: 0.477, bed_util_des: 0.476, des_th: 0.47638344478339084,frac_lost: 0.102, li_recovered:  8.649, time: 0.00398471399967093
L: 9.81, u_super: 0.00582 — INFEASIBLE (li_recovered=0.000e+00), time: 0.001636245999179664
L: 0.50, u_super: 0.00650, sec: 363.196, prod: 0.147203, t_ads: 29.9, t_des: 27.0, bed_util_ads: 0.498, bed_util_des: 0.498, des_th: 0.49802451672014664,frac_lost: 0.101, li_recovered:  8.374, time: 0.0034451890005584573
L: 29.04, u_super: 0.00169 — INFEASIBLE (li_recovered=0.000e+00), time: 0.0009761609999259235
L: 0.50, u_super: 0.00226, sec: 122.731, prod: 0.049907, t_ads: 85.4, t_des: 74.1, bed_util_ads: 0.499, bed_util_des: 0.499, des_th: 0.49881669657841127,frac_lost: 0.107, li_recovered:  7.963, time: 0.003960134999942966
L: 0.50, u_super: 0.00833, sec: 478.279, prod: 0.188581, t_ads: 23.6, t_des: 21.4, bed_util_ads: 0.499, bed_util_des: 0.498, des_th: 0.49850722420717986,frac_lost: 0.105, li_recovered:  8.474, time: 0.0038220219994400395
L: 0.50, u_super: 0.00582, sec: 322.470, prod: 0.131588, t_ads: 33.4, t_des: 30.2, bed_util_ads: 0.498, bed_util_des: 0.497, des_th: 0.4974376152672591,frac_lost: 0.102, li_recovered:  8.368, time: 0.003345925000758143
L: 0.50, u_super: 0.00694, sec: 389.765, prod: 0.157230, t_ads: 28.0, t_des: 25.3, bed_util_ads: 0.498, bed_util_des: 0.498, des_th: 0.49802391558819015,frac_lost: 0.100, li_recovered:  8.381, time: 0.005123310000271886
L: 0.50, u_super: 0.00429, sec: 236.362, prod: 0.096229, t_ads: 45.6, t_des: 40.2, bed_util_ads: 0.500, bed_util_des: 0.500, des_th: 0.4998092349931473,frac_lost: 0.105, li_recovered:  8.256, time: 0.004122778000237304
L: 0.50, u_super: 0.00511, sec: 284.669, prod: 0.114072, t_ads: 38.0, t_des: 37.4, bed_util_ads: 0.487, bed_util_des: 0.487, des_th: 0.4869717014909919,frac_lost: 0.101, li_recovered:  8.592, time: 0.004226664999805507
L: 0.51, u_super: 0.00585, sec: 328.982, prod: 0.132367, t_ads: 33.6, t_des: 31.1, bed_util_ads: 0.496, bed_util_des: 0.496, des_th: 0.4957230318358384,frac_lost: 0.102, li_recovered:  8.560, time: 0.004588784999214113
L: 0.50, u_super: 0.00656, sec: 368.145, prod: 0.148179, t_ads: 29.8, t_des: 27.1, bed_util_ads: 0.499, bed_util_des: 0.499, des_th: 0.49873234595396193,frac_lost: 0.107, li_recovered:  8.441, time: 0.0038254669998423196
L: 0.50, u_super: 0.00141, sec: 77.412, prod: 0.030492, t_ads: 135.5, t_des: 136.3, bed_util_ads: 0.476, bed_util_des: 0.475, des_th: 0.47459029687183923,frac_lost: 0.106, li_recovered:  8.286, time: 0.005197938000492286
L: 7.50, u_super: 0.00328 — INFEASIBLE (li_recovered=0.000e+00), time: 0.0017947260002983967
L: 0.51, u_super: 0.00540, sec: 301.637, prod: 0.121888, t_ads: 36.3, t_des: 32.5, bed_util_ads: 0.500, bed_util_des: 0.500, des_th: 0.49971680021543136,frac_lost: 0.103, li_recovered:  8.385, time: 0.004613901000993792
L: 0.50, u_super: 0.00977, sec: 574.020, prod: 0.221493, t_ads: 20.2, t_des: 18.3, bed_util_ads: 0.500, bed_util_des: 0.500, des_th: 0.49994457336414944,frac_lost: 0.106, li_recovered:  8.530, time: 0.0036767940000572708
L: 0.50, u_super: 0.00246, sec: 133.208, prod: 0.054622, t_ads: 78.9, t_des: 70.1, bed_util_ads: 0.497, bed_util_des: 0.496, des_th: 0.49616951506283136,frac_lost: 0.106, li_recovered:  8.137, time: 0.004719475000456441
L: 0.50, u_super: 0.00451, sec: 246.930, prod: 0.101352, t_ads: 43.2, t_des: 38.6, bed_util_ads: 0.499, bed_util_des: 0.499, des_th: 0.4991955142928789,frac_lost: 0.105, li_recovered:  8.293, time: 0.004154128000664059
L: 0.50, u_super: 0.00496, sec: 272.858, prod: 0.111738, t_ads: 39.2, t_des: 35.0, bed_util_ads: 0.499, bed_util_des: 0.499, des_th: 0.4992186335242665,frac_lost: 0.103, li_recovered:  8.296, time: 0.005400285999712651
L: 0.50, u_super: 0.00421, sec: 230.261, prod: 0.094785, t_ads: 46.2, t_des: 41.7, bed_util_ads: 0.497, bed_util_des: 0.497, des_th: 0.49712878473740013,frac_lost: 0.105, li_recovered:  8.336, time: 0.004462193001018022
L: 0.50, u_super: 0.00806, sec: 460.376, prod: 0.182186, t_ads: 24.3, t_des: 22.3, bed_util_ads: 0.497, bed_util_des: 0.497, des_th: 0.4969659138506807,frac_lost: 0.107, li_recovered:  8.489, time: 0.004414278999320231
L: 0.50, u_super: 0.00841, sec: 483.309, prod: 0.190146, t_ads: 23.4, t_des: 21.4, bed_util_ads: 0.498, bed_util_des: 0.498, des_th: 0.49752654103599586,frac_lost: 0.107, li_recovered:  8.513, time: 0.005921017000218853
L: 0.50, u_super: 0.00946, sec: 548.188, prod: 0.214422, t_ads: 20.6, t_des: 19.0, bed_util_ads: 0.497, bed_util_des: 0.497, des_th: 0.4969471295465945,frac_lost: 0.104, li_recovered:  8.498, time: 0.0042057970003952505
L: 0.50, u_super: 0.00169, sec: 91.280, prod: 0.037173, t_ads: 112.8, t_des: 100.1, bed_util_ads: 0.494, bed_util_des: 0.494, des_th: 0.4939449302231657,frac_lost: 0.102, li_recovered:  7.912, time: 0.00606678299845953
    24 |      960 |     40 |  0.0041604253 |             f
L: 14.36, u_super: 0.00805 — INFEASIBLE (li_recovered=0.000e+00), time: 0.00214914900061558
L: 0.51, u_super: 0.00728, sec: 423.366, prod: 0.164343, t_ads: 27.7, t_des: 24.9, bed_util_ads: 0.499, bed_util_des: 0.499, des_th: 0.49917440297705656,frac_lost: 0.108, li_recovered:  8.634, time: 0.004674754000006942
L: 0.50, u_super: 0.00833, sec: 477.202, prod: 0.189007, t_ads: 23.4, t_des: 21.1, bed_util_ads: 0.500, bed_util_des: 0.500, des_th: 0.49992447488925357,frac_lost: 0.100, li_recovered:  8.412, time: 0.004668161000154214
L: 0.51, u_super: 0.00691, sec: 507.232, prod: 0.121489, t_ads: 28.8, t_des: 44.0, bed_util_ads: 0.433, bed_util_des: 0.432, des_th: 0.43213172616544265,frac_lost: 0.108, li_recovered:  8.847, time: 0.005893211000511656
L: 0.50, u_super: 0.00155, sec: 84.756, prod: 0.033470, t_ads: 123.8, t_des: 105.5, bed_util_ads: 0.497, bed_util_des: 0.497, des_th: 0.4969471295465945,frac_lost: 0.107, li_recovered:  7.672, time: 0.00477598100042087
L: 0.51, u_super: 0.00255, sec: 139.154, prod: 0.056676, t_ads: 76.7, t_des: 68.3, bed_util_ads: 0.497, bed_util_des: 0.497, des_th: 0.4967966797569128,frac_lost: 0.103, li_recovered:  8.218, time: 0.004002280000349856
L: 33.94, u_super: 0.00146 — INFEASIBLE (li_recovered=0.000e+00), time: 0.0010446630003571045
L: 6.41, u_super: 0.00107 — INFEASIBLE (li_recovered=0.000e+00), time: 0.0018572209992271382
L: 0.50, u_super: 0.00990, sec: 577.177, prod: 0.224424, t_ads: 19.7, t_des: 17.7, bed_util_ads: 0.500, bed_util_des: 0.500, des_th: 0.4999435636186269,frac_lost: 0.104, li_recovered:  8.404, time: 0.0054209789996093605
L: 0.50, u_super: 0.00915, sec: 528.761, prod: 0.207258, t_ads: 21.4, t_des: 19.4, bed_util_ads: 0.500, bed_util_des: 0.500, des_th: 0.4997202060365776,frac_lost: 0.106, li_recovered:  8.450, time: 0.004737809000289417
L: 0.53, u_super: 0.00590, sec: 345.983, prod: 0.133294, t_ads: 34.7, t_des: 31.1, bed_util_ads: 0.500, bed_util_des: 0.500, des_th: 0.4998588461329654,frac_lost: 0.102, li_recovered:  8.778, time: 0.004610571000739583
L: 0.50, u_super: 0.00144, sec: 80.104, prod: 0.030729, t_ads: 133.7, t_des: 111.3, bed_util_ads: 0.500, bed_util_des: 0.500, des_th: 0.49993503972751735,frac_lost: 0.108, li_recovered:  7.527, time: 0.0035878239996236516
L: 0.50, u_super: 0.00316, sec: 171.014, prod: 0.070524, t_ads: 61.6, t_des: 55.0, bed_util_ads: 0.498, bed_util_des: 0.498, des_th: 0.4979616110875665,frac_lost: 0.108, li_recovered:  8.224, time: 0.005388761999711278
L: 0.50, u_super: 0.00536, sec: 306.962, prod: 0.116595, t_ads: 36.2, t_des: 37.9, bed_util_ads: 0.479, bed_util_des: 0.479, des_th: 0.47900334171322534,frac_lost: 0.102, li_recovered:  8.646, time: 0.00466903699998511
L: 0.50, u_super: 0.00751, sec: 424.939, prod: 0.170409, t_ads: 25.9, t_des: 23.7, bed_util_ads: 0.498, bed_util_des: 0.498, des_th: 0.49797355524555126,frac_lost: 0.101, li_recovered:  8.441, time: 0.004864687000008416
L: 0.50, u_super: 0.00266, sec: 143.634, prod: 0.059312, t_ads: 72.5, t_des: 64.5, bed_util_ads: 0.497, bed_util_des: 0.497, des_th: 0.4967862220470845,frac_lost: 0.104, li_recovered:  8.129, time: 0.004208889000437921
L: 0.50, u_super: 0.00871, sec: 503.335, prod: 0.196233, t_ads: 22.5, t_des: 21.4, bed_util_ads: 0.493, bed_util_des: 0.493, des_th: 0.4931724233238496,frac_lost: 0.105, li_recovered:  8.600, time: 0.005227114999797777
L: 0.50, u_super: 0.00107 — INFEASIBLE (li_recovered=0.000e+00), time: 0.0037162670014367905
L: 15.94, u_super: 0.00650 — INFEASIBLE (li_recovered=0.000e+00), time: 0.0015895970009296434
L: 0.50, u_super: 0.00914, sec: 528.666, prod: 0.207061, t_ads: 21.4, t_des: 19.4, bed_util_ads: 0.499, bed_util_des: 0.499, des_th: 0.49876483656124715,frac_lost: 0.106, li_recovered:  8.454, time: 0.004196089999823016
L: 26.25, u_super: 0.00590 — INFEASIBLE (li_recovered=0.000e+00), time: 0.0012771140009135706
L: 0.50, u_super: 0.00051, sec: 30.967, prod: 0.009862, t_ads: 359.1, t_des: 423.2, bed_util_ads: 0.436, bed_util_des: 0.429, des_th: 0.42943387824324264,frac_lost: 0.103, li_recovered:  7.715, time: 0.004619231000106083
L: 0.50, u_super: 0.00887, sec: 511.210, prod: 0.200858, t_ads: 22.1, t_des: 20.1, bed_util_ads: 0.499, bed_util_des: 0.499, des_th: 0.4991282978963573,frac_lost: 0.106, li_recovered:  8.462, time: 0.004591044000335387
L: 0.50, u_super: 0.00958, sec: 556.894, prod: 0.216640, t_ads: 20.4, t_des: 19.2, bed_util_ads: 0.494, bed_util_des: 0.494, des_th: 0.4939449302231657,frac_lost: 0.103, li_recovered:  8.563, time: 0.006640802999754669
L: 0.50, u_super: 0.00287, sec: 154.902, prod: 0.064006, t_ads: 67.3, t_des: 59.8, bed_util_ads: 0.498, bed_util_des: 0.498, des_th: 0.4979736691600254,frac_lost: 0.104, li_recovered:  8.137, time: 0.004071592000400415
L: 0.50, u_super: 0.00383, sec: 208.957, prod: 0.085847, t_ads: 50.8, t_des: 44.9, bed_util_ads: 0.500, bed_util_des: 0.499, des_th: 0.4993750442974592,frac_lost: 0.106, li_recovered:  8.213, time: 0.004450246999113006
L: 12.21, u_super: 0.00582 — INFEASIBLE (li_recovered=0.000e+00), time: 0.0018921249993582023
L: 0.50, u_super: 0.00705, sec: 396.485, prod: 0.159773, t_ads: 27.5, t_des: 25.5, bed_util_ads: 0.495, bed_util_des: 0.495, des_th: 0.49512728578874105,frac_lost: 0.101, li_recovered:  8.476, time: 0.003907078000338515
L: 2.93, u_super: 0.00694, sec: 2451.730, prod: 0.146159, t_ads: 160.0, t_des: 132.6, bed_util_ads: 0.498, bed_util_des: 0.498, des_th: 0.49802391558819015,frac_lost: 0.106, li_recovered:  42.773, time: 0.003627899001003243
L: 0.50, u_super: 0.00728, sec: 411.422, prod: 0.164423, t_ads: 26.9, t_des: 24.4, bed_util_ads: 0.499, bed_util_des: 0.499, des_th: 0.49873379038145366,frac_lost: 0.107, li_recovered:  8.439, time: 0.005396432999987155
L: 57.01, u_super: 0.00665 — INFEASIBLE (li_recovered=0.000e+00), time: 0.000900188000741764
L: 39.81, u_super: 0.00985 — INFEASIBLE (li_recovered=0.000e+00), time: 0.0011870279995491728
L: 0.50, u_super: 0.00347, sec: 188.708, prod: 0.077632, t_ads: 56.0, t_des: 49.5, bed_util_ads: 0.499, bed_util_des: 0.498, des_th: 0.49841718310301736,frac_lost: 0.107, li_recovered:  8.194, time: 0.0037646099990524817
L: 0.50, u_super: 0.00141, sec: 76.983, prod: 0.030706, t_ads: 135.5, t_des: 118.8, bed_util_ads: 0.494, bed_util_des: 0.493, des_th: 0.49360658209976754,frac_lost: 0.108, li_recovered:  7.809, time: 0.0043251999995845836
L: 0.50, u_super: 0.00089, sec: 53.480, prod: 0.017406, t_ads: 213.5, t_des: 256.5, bed_util_ads: 0.446, bed_util_des: 0.442, des_th: 0.4416244352701836,frac_lost: 0.105, li_recovered:  8.182, time: 0.004227243000059389
L: 0.50, u_super: 0.00454, sec: 251.956, prod: 0.100986, t_ads: 43.0, t_des: 42.0, bed_util_ads: 0.488, bed_util_des: 0.488, des_th: 0.4875238522813108,frac_lost: 0.107, li_recovered:  8.583, time: 0.005000831000870676
L: 0.50, u_super: 0.00696, sec: 392.550, prod: 0.157207, t_ads: 28.1, t_des: 25.3, bed_util_ads: 0.499, bed_util_des: 0.499, des_th: 0.4991282978963573,frac_lost: 0.107, li_recovered:  8.399, time: 0.00484540300021763
L: 0.50, u_super: 0.00226, sec: 125.760, prod: 0.048732, t_ads: 85.5, t_des: 88.8, bed_util_ads: 0.477, bed_util_des: 0.476, des_th: 0.47557295615749023,frac_lost: 0.106, li_recovered:  8.492, time: 0.004857175001234282
L: 14.61, u_super: 0.00582 — INFEASIBLE (li_recovered=0.000e+00), time: 0.0018989090003742604
L: 0.50, u_super: 0.00511, sec: 281.666, prod: 0.115288, t_ads: 38.0, t_des: 34.0, bed_util_ads: 0.500, bed_util_des: 0.500, des_th: 0.4997920199305282,frac_lost: 0.102, li_recovered:  8.295, time: 0.0060306759987724945
    25 |     1000 |     40 |  0.0032474469 |             f
L: 10.92, u_super: 0.00977 — INFEASIBLE (li_recovered=0.000e+00), time: 0.0031706959998700768
L: 0.50, u_super: 0.00107 — INFEASIBLE (li_recovered=0.000e+00), time: 0.0026121869996131863
L: 18.80, u_super: 0.00383 — INFEASIBLE (li_recovered=0.000e+00), time: 0.0012476899992179824
L: 34.20, u_super: 0.00650 — INFEASIBLE (li_recovered=0.000e+00), time: 0.001167651000287151
L: 0.50, u_super: 0.00705, sec: 449.230, prod: 0.141014, t_ads: 27.8, t_des: 33.9, bed_util_ads: 0.461, bed_util_des: 0.460, des_th: 0.45996258725693656,frac_lost: 0.106, li_recovered:  8.701, time: 0.004399932000524132
L: 0.50, u_super: 0.00511, sec: 281.324, prod: 0.115372, t_ads: 38.0, t_des: 34.5, bed_util_ads: 0.498, bed_util_des: 0.498, des_th: 0.49756313967144833,frac_lost: 0.103, li_recovered:  8.366, time: 0.006375613998898189
L: 0.50, u_super: 0.00689, sec: 386.684, prod: 0.156126, t_ads: 28.2, t_des: 25.5, bed_util_ads: 0.499, bed_util_des: 0.499, des_th: 0.4993015911216866,frac_lost: 0.101, li_recovered:  8.378, time: 0.004919123000945547
L: 0.50, u_super: 0.00389, sec: 212.762, prod: 0.087204, t_ads: 50.1, t_des: 44.2, bed_util_ads: 0.500, bed_util_des: 0.500, des_th: 0.4996478419462199,frac_lost: 0.106, li_recovered:  8.224, time: 0.010076818000015919
L: 0.50, u_super: 0.00014 — INFEASIBLE (li_recovered=0.000e+00), time: 0.00241785400066874
L: 0.50, u_super: 0.00648, sec: 362.724, prod: 0.146773, t_ads: 30.0, t_des: 27.1, bed_util_ads: 0.499, bed_util_des: 0.499, des_th: 0.4992388490801481,frac_lost: 0.102, li_recovered:  8.372, time: 0.010106597999765654
L: 0.50, u_super: 0.00932, sec: 540.811, prod: 0.211191, t_ads: 21.0, t_des: 19.1, bed_util_ads: 0.499, bed_util_des: 0.499, des_th: 0.4988838806622625,frac_lost: 0.107, li_recovered:  8.463, time: 0.00792589899901941
L: 0.53, u_super: 0.00590, sec: 346.014, prod: 0.133225, t_ads: 34.8, t_des: 32.2, bed_util_ads: 0.496, bed_util_des: 0.496, des_th: 0.49564260423698403,frac_lost: 0.103, li_recovered:  8.923, time: 0.008266152999567566
L: 0.50, u_super: 0.00838, sec: 480.373, prod: 0.189698, t_ads: 23.3, t_des: 21.5, bed_util_ads: 0.498, bed_util_des: 0.498, des_th: 0.4976088700185058,frac_lost: 0.106, li_recovered:  8.496, time: 0.007064064000587678
L: 0.50, u_super: 0.00106, sec: 58.695, prod: 0.022490, t_ads: 177.8, t_des: 153.0, bed_util_ads: 0.491, bed_util_des: 0.490, des_th: 0.4903758240112696,frac_lost: 0.103, li_recovered:  7.441, time: 0.007377552999969339
L: 0.51, u_super: 0.00538, sec: 303.156, prod: 0.121497, t_ads: 36.8, t_des: 33.4, bed_util_ads: 0.497, bed_util_des: 0.497, des_th: 0.4971364484180622,frac_lost: 0.103, li_recovered:  8.529, time: 0.008155303999956232
L: 0.50, u_super: 0.00192, sec: 103.446, prod: 0.042354, t_ads: 99.7, t_des: 88.5, bed_util_ads: 0.494, bed_util_des: 0.494, des_th: 0.4939449302231657,frac_lost: 0.102, li_recovered:  7.970, time: 0.007650386000022991
L: 0.51, u_super: 0.00199, sec: 110.231, prod: 0.043480, t_ads: 97.6, t_des: 83.4, bed_util_ads: 0.500, bed_util_des: 0.500, des_th: 0.49993503972751735,frac_lost: 0.101, li_recovered:  7.872, time: 0.006469428999480442
L: 0.50, u_super: 0.00879, sec: 506.260, prod: 0.198830, t_ads: 22.3, t_des: 20.2, bed_util_ads: 0.499, bed_util_des: 0.499, des_th: 0.4991343705239759,frac_lost: 0.107, li_recovered:  8.453, time: 0.007621843999004341
L: 0.50, u_super: 0.00136, sec: 74.018, prod: 0.029458, t_ads: 140.8, t_des: 123.5, bed_util_ads: 0.493, bed_util_des: 0.492, des_th: 0.492480573443177,frac_lost: 0.107, li_recovered:  7.786, time: 0.006579534001502907
L: 0.50, u_super: 0.00582, sec: 323.049, prod: 0.131504, t_ads: 33.4, t_des: 30.3, bed_util_ads: 0.498, bed_util_des: 0.497, des_th: 0.4974376152672591,frac_lost: 0.103, li_recovered:  8.388, time: 0.006881274000988924
L: 0.50, u_super: 0.00773, sec: 438.615, prod: 0.175411, t_ads: 25.1, t_des: 23.0, bed_util_ads: 0.498, bed_util_des: 0.498, des_th: 0.4979859393254381,frac_lost: 0.101, li_recovered:  8.443, time: 0.009107955000217771
L: 0.53, u_super: 0.00590, sec: 349.008, prod: 0.132138, t_ads: 34.7, t_des: 33.8, bed_util_ads: 0.489, bed_util_des: 0.489, des_th: 0.4886642278229089,frac_lost: 0.101, li_recovered:  9.058, time: 0.008375826999326819
L: 14.59, u_super: 0.00782 — INFEASIBLE (li_recovered=0.000e+00), time: 0.0028721329999825684
L: 0.50, u_super: 0.00946, sec: 548.854, prod: 0.214162, t_ads: 20.7, t_des: 19.2, bed_util_ads: 0.497, bed_util_des: 0.497, des_th: 0.4969471295465945,frac_lost: 0.105, li_recovered:  8.532, time: 0.007774084000629955
L: 0.50, u_super: 0.00804, sec: 459.425, prod: 0.181837, t_ads: 24.4, t_des: 22.4, bed_util_ads: 0.498, bed_util_des: 0.498, des_th: 0.4975802747914139,frac_lost: 0.107, li_recovered:  8.498, time: 0.005961340999419917
L: 0.51, u_super: 0.00452, sec: 252.403, prod: 0.101569, t_ads: 44.0, t_des: 39.6, bed_util_ads: 0.498, bed_util_des: 0.498, des_th: 0.4979958260040265,frac_lost: 0.108, li_recovered:  8.497, time: 0.005146155999682378
L: 0.50, u_super: 0.00238, sec: 148.652, prod: 0.045778, t_ads: 81.0, t_des: 105.9, bed_util_ads: 0.447, bed_util_des: 0.445, des_th: 0.44527655730495885,frac_lost: 0.101, li_recovered:  8.555, time: 0.005226525998295983
L: 3.98, u_super: 0.00806, sec: 3912.461, prod: 0.170453, t_ads: 186.0, t_des: 159.7, bed_util_ads: 0.492, bed_util_des: 0.491, des_th: 0.49129500586275027,frac_lost: 0.105, li_recovered:  58.912, time: 0.007362391001151991
L: 0.50, u_super: 0.00433, sec: 236.701, prod: 0.097589, t_ads: 44.8, t_des: 41.1, bed_util_ads: 0.495, bed_util_des: 0.495, des_th: 0.4950500607769676,frac_lost: 0.104, li_recovered:  8.385, time: 0.004526015000010375
L: 0.50, u_super: 0.00915, sec: 529.102, prod: 0.207359, t_ads: 21.4, t_des: 19.4, bed_util_ads: 0.499, bed_util_des: 0.499, des_th: 0.4987496866533165,frac_lost: 0.105, li_recovered:  8.460, time: 0.004147281999394181
L: 0.50, u_super: 0.00144, sec: 78.003, prod: 0.031362, t_ads: 132.9, t_des: 129.6, bed_util_ads: 0.480, bed_util_des: 0.479, des_th: 0.4792767420398404,frac_lost: 0.105, li_recovered:  8.233, time: 0.004516894001426408
L: 0.50, u_super: 0.00228, sec: 122.841, prod: 0.050489, t_ads: 84.8, t_des: 75.4, bed_util_ads: 0.496, bed_util_des: 0.496, des_th: 0.49563160191823347,frac_lost: 0.106, li_recovered:  8.091, time: 0.004329356999733136
L: 0.51, u_super: 0.00460, sec: 256.446, prod: 0.103389, t_ads: 42.8, t_des: 37.8, bed_util_ads: 0.500, bed_util_des: 0.500, des_th: 0.49999265146283456,frac_lost: 0.105, li_recovered:  8.339, time: 0.003913910000846954
L: 0.50, u_super: 0.00931, sec: 541.439, prod: 0.210091, t_ads: 21.0, t_des: 19.9, bed_util_ads: 0.494, bed_util_des: 0.494, des_th: 0.4939449302231657,frac_lost: 0.105, li_recovered:  8.589, time: 0.004636945999664022
L: 0.50, u_super: 0.00988, sec: 642.007, prod: 0.200970, t_ads: 19.8, t_des: 23.6, bed_util_ads: 0.465, bed_util_des: 0.464, des_th: 0.46440885512722374,frac_lost: 0.104, li_recovered:  8.727, time: 0.0046019290002732305
L: 3.13, u_super: 0.00392 — INFEASIBLE (li_recovered=0.000e+00), time: 0.0033083469988923753
L: 0.50, u_super: 0.00582, sec: 322.511, prod: 0.131571, t_ads: 33.4, t_des: 30.2, bed_util_ads: 0.498, bed_util_des: 0.498, des_th: 0.49825137997431906,frac_lost: 0.102, li_recovered:  8.367, time: 0.006120584001109819
L: 0.51, u_super: 0.00804, sec: 483.702, prod: 0.176217, t_ads: 24.9, t_des: 25.5, bed_util_ads: 0.483, bed_util_des: 0.483, des_th: 0.483050770595026,frac_lost: 0.107, li_recovered:  8.868, time: 0.004154346001087106
L: 0.50, u_super: 0.00287, sec: 155.138, prod: 0.063906, t_ads: 67.2, t_des: 59.2, bed_util_ads: 0.498, bed_util_des: 0.498, des_th: 0.4979736691600254,frac_lost: 0.102, li_recovered:  8.077, time: 0.006858651000584359
L: 0.50, u_super: 0.00471, sec: 258.962, prod: 0.105959, t_ads: 41.4, t_des: 36.9, bed_util_ads: 0.500, bed_util_des: 0.500, des_th: 0.49967888805947824,frac_lost: 0.106, li_recovered:  8.291, time: 0.0055650490012340015
    26 |     1040 |     40 |  0.0018569565 |             f
L: 1.99, u_super: 0.00889, sec: 2091.004, prod: 0.196113, t_ads: 86.3, t_des: 75.1, bed_util_ads: 0.499, bed_util_des: 0.499, des_th: 0.4985820357548811,frac_lost: 0.106, li_recovered:  31.652, time: 0.004831537000427488
L: 15.73, u_super: 0.00651 — INFEASIBLE (li_recovered=0.000e+00), time: 0.0024236669996753335
L: 0.50, u_super: 0.00391, sec: 215.076, prod: 0.087837, t_ads: 50.1, t_des: 44.9, bed_util_ads: 0.498, bed_util_des: 0.498, des_th: 0.49756313967144833,frac_lost: 0.106, li_recovered:  8.349, time: 0.007166194998717401
L: 0.50, u_super: 0.00221, sec: 119.435, prod: 0.048981, t_ads: 87.5, t_des: 77.7, bed_util_ads: 0.496, bed_util_des: 0.496, des_th: 0.49563160191823347,frac_lost: 0.108, li_recovered:  8.091, time: 0.005707128999347333
L: 29.73, u_super: 0.00138 — INFEASIBLE (li_recovered=0.000e+00), time: 0.0007993780000106199
L: 0.50, u_super: 0.00336, sec: 182.120, prod: 0.075328, t_ads: 57.4, t_des: 51.1, bed_util_ads: 0.498, bed_util_des: 0.498, des_th: 0.4979080308776501,frac_lost: 0.101, li_recovered:  8.177, time: 0.0066270999996049795
L: 0.51, u_super: 0.00990, sec: 637.934, prod: 0.206369, t_ads: 20.1, t_des: 22.9, bed_util_ads: 0.470, bed_util_des: 0.470, des_th: 0.4698330692117462,frac_lost: 0.105, li_recovered:  8.865, time: 0.007622835000802297
L: 0.50, u_super: 0.00801, sec: 455.099, prod: 0.181831, t_ads: 24.2, t_des: 22.1, bed_util_ads: 0.498, bed_util_des: 0.498, des_th: 0.49827088888693827,frac_lost: 0.100, li_recovered:  8.427, time: 0.00622594900050899
L: 15.27, u_super: 0.00385 — INFEASIBLE (li_recovered=0.000e+00), time: 0.0015944970000418834
L: 0.50, u_super: 0.00799, sec: 455.980, prod: 0.180683, t_ads: 24.5, t_des: 22.4, bed_util_ads: 0.498, bed_util_des: 0.498, des_th: 0.49799466660103253,frac_lost: 0.108, li_recovered:  8.482, time: 0.005446044000564143
L: 1.00, u_super: 0.00877, sec: 1014.216, prod: 0.197262, t_ads: 44.4, t_des: 40.4, bed_util_ads: 0.497, bed_util_des: 0.497, des_th: 0.4968044669854657,frac_lost: 0.107, li_recovered:  16.728, time: 0.007190162001279532
L: 0.50, u_super: 0.00287, sec: 155.286, prod: 0.064074, t_ads: 67.3, t_des: 59.7, bed_util_ads: 0.498, bed_util_des: 0.498, des_th: 0.4979749011525414,frac_lost: 0.103, li_recovered:  8.140, time: 0.007777275000989903
L: 0.52, u_super: 0.00591, sec: 342.820, prod: 0.133699, t_ads: 34.3, t_des: 31.6, bed_util_ads: 0.496, bed_util_des: 0.496, des_th: 0.4956918527633624,frac_lost: 0.101, li_recovered:  8.807, time: 0.004556513000352425
L: 0.50, u_super: 0.00568, sec: 316.867, prod: 0.127884, t_ads: 34.7, t_des: 31.1, bed_util_ads: 0.500, bed_util_des: 0.500, des_th: 0.4998386245356974,frac_lost: 0.109, li_recovered:  8.410, time: 0.005069959999673301
L: 0.51, u_super: 0.00335, sec: 185.158, prod: 0.074934, t_ads: 59.1, t_des: 52.6, bed_util_ads: 0.498, bed_util_des: 0.498, des_th: 0.4979649388020223,frac_lost: 0.110, li_recovered:  8.369, time: 0.0051879820002795896
L: 30.04, u_super: 0.00389 — INFEASIBLE (li_recovered=0.000e+00), time: 0.0013272109990793979
L: 12.90, u_super: 0.00784 — INFEASIBLE (li_recovered=0.000e+00), time: 0.0021476809997693636
L: 0.50, u_super: 0.00915, sec: 528.462, prod: 0.207283, t_ads: 21.4, t_des: 19.4, bed_util_ads: 0.499, bed_util_des: 0.499, des_th: 0.49873234595396193,frac_lost: 0.105, li_recovered:  8.447, time: 0.005167092000192497
L: 8.87, u_super: 0.00170 — INFEASIBLE (li_recovered=0.000e+00), time: 0.001925649999975576
L: 2.88, u_super: 0.00590 — INFEASIBLE (li_recovered=0.000e+00), time: 0.004205913000987493
L: 0.51, u_super: 0.00540, sec: 302.735, prod: 0.121988, t_ads: 36.5, t_des: 33.1, bed_util_ads: 0.498, bed_util_des: 0.497, des_th: 0.49745808839493544,frac_lost: 0.103, li_recovered:  8.492, time: 0.007774875000905013
L: 0.50, u_super: 0.00380, sec: 207.515, prod: 0.085183, t_ads: 51.2, t_des: 45.3, bed_util_ads: 0.500, bed_util_des: 0.499, des_th: 0.49937062798473314,frac_lost: 0.107, li_recovered:  8.226, time: 0.008283047000077204
L: 0.50, u_super: 0.00988, sec: 622.682, prod: 0.207459, t_ads: 19.8, t_des: 22.3, bed_util_ads: 0.472, bed_util_des: 0.472, des_th: 0.47213555173405153,frac_lost: 0.104, li_recovered:  8.724, time: 0.007851116999518126
L: 0.50, u_super: 0.00114 — INFEASIBLE (li_recovered=0.000e+00), time: 0.00406418500097061
L: 0.50, u_super: 0.00872, sec: 503.666, prod: 0.196987, t_ads: 22.5, t_des: 21.1, bed_util_ads: 0.494, bed_util_des: 0.494, des_th: 0.4939700559914057,frac_lost: 0.105, li_recovered:  8.580, time: 0.007734232998700463
L: 0.51, u_super: 0.00051, sec: 31.078, prod: 0.009981, t_ads: 364.3, t_des: 416.2, bed_util_ads: 0.439, bed_util_des: 0.432, des_th: 0.4326033385504608,frac_lost: 0.104, li_recovered:  7.791, time: 0.008083179000095697
L: 0.50, u_super: 0.00582, sec: 322.757, prod: 0.131604, t_ads: 33.4, t_des: 30.2, bed_util_ads: 0.498, bed_util_des: 0.497, des_th: 0.4974376152672591,frac_lost: 0.101, li_recovered:  8.370, time: 0.006328203000521171
L: 0.50, u_super: 0.00287, sec: 155.171, prod: 0.063896, t_ads: 67.2, t_des: 59.1, bed_util_ads: 0.498, bed_util_des: 0.498, des_th: 0.4979737586601041,frac_lost: 0.102, li_recovered:  8.072, time: 0.008402665000176057
L: 0.50, u_super: 0.00653, sec: 366.561, prod: 0.147495, t_ads: 29.9, t_des: 26.8, bed_util_ads: 0.499, bed_util_des: 0.499, des_th: 0.4992388490801481,frac_lost: 0.107, li_recovered:  8.371, time: 0.006853806000435725
L: 0.51, u_super: 0.00255, sec: 138.880, prod: 0.056788, t_ads: 76.8, t_des: 70.0, bed_util_ads: 0.494, bed_util_des: 0.494, des_th: 0.4940823702220821,frac_lost: 0.104, li_recovered:  8.335, time: 0.005966638000245439
L: 0.50, u_super: 0.00421, sec: 229.748, prod: 0.094723, t_ads: 46.2, t_des: 41.7, bed_util_ads: 0.497, bed_util_des: 0.497, des_th: 0.4971275527448842,frac_lost: 0.105, li_recovered:  8.319, time: 0.0066699599992716685
L: 49.66, u_super: 0.00442 — INFEASIBLE (li_recovered=0.000e+00), time: 0.0009365710011479678
L: 0.50, u_super: 0.00726, sec: 410.851, prod: 0.163881, t_ads: 27.0, t_des: 24.5, bed_util_ads: 0.499, bed_util_des: 0.499, des_th: 0.49868529261675315,frac_lost: 0.109, li_recovered:  8.450, time: 0.004585579999911715
L: 0.50, u_super: 0.00346, sec: 187.869, prod: 0.077409, t_ads: 56.3, t_des: 50.2, bed_util_ads: 0.498, bed_util_des: 0.498, des_th: 0.4979080308776501,frac_lost: 0.108, li_recovered:  8.238, time: 0.004730480000944226
L: 0.51, u_super: 0.00990, sec: 586.549, prod: 0.224448, t_ads: 20.1, t_des: 18.2, bed_util_ads: 0.500, bed_util_des: 0.500, des_th: 0.4995784975788668,frac_lost: 0.105, li_recovered:  8.588, time: 0.005292847999953665
L: 0.50, u_super: 0.00945, sec: 547.584, prod: 0.214119, t_ads: 20.7, t_des: 19.0, bed_util_ads: 0.498, bed_util_des: 0.498, des_th: 0.49760879252729634,frac_lost: 0.105, li_recovered:  8.491, time: 0.006449558000895195
L: 0.50, u_super: 0.00705, sec: 396.549, prod: 0.159819, t_ads: 27.5, t_des: 25.5, bed_util_ads: 0.496, bed_util_des: 0.496, des_th: 0.49572407714475575,frac_lost: 0.100, li_recovered:  8.477, time: 0.0068562619999283925
L: 46.46, u_super: 0.00051 — INFEASIBLE (li_recovered=0.000e+00), time: 0.0019225010000809561
L: 0.50, u_super: 0.00248, sec: 133.652, prod: 0.055347, t_ads: 77.6, t_des: 70.0, bed_util_ads: 0.495, bed_util_des: 0.495, des_th: 0.49512728578874105,frac_lost: 0.104, li_recovered:  8.168, time: 0.006476952001321479
L: 0.51, u_super: 0.00711, sec: 407.206, prod: 0.160634, t_ads: 27.9, t_des: 25.6, bed_util_ads: 0.497, bed_util_des: 0.497, des_th: 0.4967966797569128,frac_lost: 0.107, li_recovered:  8.596, time: 0.009003983999718912
    27 |     1080 |     40 |  0.0031911857 |             f
L: 0.50, u_super: 0.00219, sec: 119.446, prod: 0.048175, t_ads: 88.1, t_des: 75.6, bed_util_ads: 0.500, bed_util_des: 0.499, des_th: 0.4993824370151979,frac_lost: 0.107, li_recovered:  7.890, time: 0.006942734999029199
L: 0.50, u_super: 0.00976, sec: 573.182, prod: 0.221045, t_ads: 20.2, t_des: 18.3, bed_util_ads: 0.500, bed_util_des: 0.500, des_th: 0.49994457336414944,frac_lost: 0.106, li_recovered:  8.529, time: 0.011254110999288969
L: 0.50, u_super: 0.00336, sec: 206.881, prod: 0.066312, t_ads: 57.9, t_des: 72.1, bed_util_ads: 0.456, bed_util_des: 0.455, des_th: 0.45485804432705446,frac_lost: 0.106, li_recovered:  8.621, time: 0.010287930999766104
L: 0.50, u_super: 0.00474, sec: 260.560, prod: 0.106565, t_ads: 41.2, t_des: 36.7, bed_util_ads: 0.500, bed_util_des: 0.500, des_th: 0.49967888805947824,frac_lost: 0.107, li_recovered:  8.298, time: 0.01008146599997417
L: 0.50, u_super: 0.00105 — INFEASIBLE (li_recovered=0.000e+00), time: 0.009277705999920727
L: 11.91, u_super: 0.00192 — INFEASIBLE (li_recovered=0.000e+00), time: 0.0023966579992702464
L: 0.52, u_super: 0.00579, sec: 335.391, prod: 0.130808, t_ads: 35.0, t_des: 32.4, bed_util_ads: 0.496, bed_util_des: 0.496, des_th: 0.49572735125032663,frac_lost: 0.102, li_recovered:  8.823, time: 0.007679223999730311
L: 0.51, u_super: 0.00660, sec: 375.099, prod: 0.149262, t_ads: 29.9, t_des: 26.7, bed_util_ads: 0.500, bed_util_des: 0.500, des_th: 0.4998378212265667,frac_lost: 0.101, li_recovered:  8.442, time: 0.00881988300170633
L: 0.50, u_super: 0.00515, sec: 358.792, prod: 0.091997, t_ads: 38.1, t_des: 56.4, bed_util_ads: 0.436, bed_util_des: 0.435, des_th: 0.43509319805944274,frac_lost: 0.108, li_recovered:  8.691, time: 0.008168424999894341
L: 0.51, u_super: 0.00591, sec: 337.535, prod: 0.133464, t_ads: 33.8, t_des: 30.2, bed_util_ads: 0.499, bed_util_des: 0.499, des_th: 0.4991969507232529,frac_lost: 0.102, li_recovered:  8.531, time: 0.005829419000292546
L: 28.10, u_super: 0.00898 — INFEASIBLE (li_recovered=0.000e+00), time: 0.0032648820015310775
L: 0.50, u_super: 0.00051, sec: 30.387, prod: 0.010046, t_ads: 359.1, t_des: 405.0, bed_util_ads: 0.441, bed_util_des: 0.435, des_th: 0.4356164483403566,frac_lost: 0.105, li_recovered:  7.677, time: 0.005051874000855605
L: 56.06, u_super: 0.00525 — INFEASIBLE (li_recovered=0.000e+00), time: 0.001164118000815506
L: 0.50, u_super: 0.00155, sec: 83.978, prod: 0.033957, t_ads: 123.3, t_des: 109.4, bed_util_ads: 0.493, bed_util_des: 0.493, des_th: 0.49295881444679823,frac_lost: 0.104, li_recovered:  7.903, time: 0.007310903998586582
L: 0.50, u_super: 0.00606, sec: 355.158, prod: 0.130799, t_ads: 32.2, t_des: 34.4, bed_util_ads: 0.478, bed_util_des: 0.477, des_th: 0.4773200387774061,frac_lost: 0.102, li_recovered:  8.708, time: 0.004187788999843178
L: 0.50, u_super: 0.00169, sec: 91.311, prod: 0.037160, t_ads: 113.1, t_des: 100.4, bed_util_ads: 0.494, bed_util_des: 0.494, des_th: 0.4939449302231657,frac_lost: 0.104, li_recovered:  7.934, time: 0.004477401000258396
L: 0.50, u_super: 0.00287, sec: 156.028, prod: 0.063735, t_ads: 67.2, t_des: 58.3, bed_util_ads: 0.500, bed_util_des: 0.500, des_th: 0.4998592422019025,frac_lost: 0.103, li_recovered:  8.001, time: 0.005337533999409061
L: 0.50, u_super: 0.00471, sec: 259.834, prod: 0.106013, t_ads: 41.5, t_des: 37.0, bed_util_ads: 0.500, bed_util_des: 0.500, des_th: 0.49967888805947824,frac_lost: 0.105, li_recovered:  8.327, time: 0.005833958999573952
L: 0.50, u_super: 0.00389, sec: 256.023, prod: 0.072411, t_ads: 50.2, t_des: 69.3, bed_util_ads: 0.444, bed_util_des: 0.443, des_th: 0.44284086854291527,frac_lost: 0.108, li_recovered:  8.656, time: 0.008884465998562519
L: 0.50, u_super: 0.00874, sec: 505.907, prod: 0.196608, t_ads: 22.4, t_des: 21.4, bed_util_ads: 0.493, bed_util_des: 0.493, des_th: 0.49294865324410414,frac_lost: 0.107, li_recovered:  8.608, time: 0.0058843509996222565
L: 0.50, u_super: 0.00662, sec: 370.875, prod: 0.149659, t_ads: 29.4, t_des: 26.3, bed_util_ads: 0.500, bed_util_des: 0.500, des_th: 0.4996987339602995,frac_lost: 0.102, li_recovered:  8.334, time: 0.005719435999708367
L: 0.50, u_super: 0.00609, sec: 340.417, prod: 0.137731, t_ads: 32.0, t_des: 28.7, bed_util_ads: 0.500, bed_util_des: 0.500, des_th: 0.4999264911346634,frac_lost: 0.101, li_recovered:  8.367, time: 0.0040278090000356315
L: 0.50, u_super: 0.00420, sec: 229.324, prod: 0.094517, t_ads: 46.3, t_des: 42.7, bed_util_ads: 0.495, bed_util_des: 0.495, des_th: 0.4950500607769676,frac_lost: 0.105, li_recovered:  8.413, time: 0.0046056250012043165
L: 23.63, u_super: 0.00554 — INFEASIBLE (li_recovered=0.000e+00), time: 0.0011262399984843796
L: 1.95, u_super: 0.00786, sec: 1965.650, prod: 0.157633, t_ads: 95.1, t_des: 114.5, bed_util_ads: 0.457, bed_util_des: 0.455, des_th: 0.4552840193509041,frac_lost: 0.102, li_recovered:  33.043, time: 0.005190445999687654
L: 0.50, u_super: 0.00392, sec: 214.102, prod: 0.087819, t_ads: 49.6, t_des: 43.7, bed_util_ads: 0.500, bed_util_des: 0.500, des_th: 0.4995225158650741,frac_lost: 0.105, li_recovered:  8.195, time: 0.007360089999565389
L: 0.50, u_super: 0.00764, sec: 432.797, prod: 0.173263, t_ads: 25.5, t_des: 23.3, bed_util_ads: 0.498, bed_util_des: 0.498, des_th: 0.49793805675581376,frac_lost: 0.100, li_recovered:  8.445, time: 0.004422074000103748
L: 0.51, u_super: 0.00540, sec: 304.792, prod: 0.121101, t_ads: 36.4, t_des: 35.3, bed_util_ads: 0.490, bed_util_des: 0.490, des_th: 0.48956681838966365,frac_lost: 0.102, li_recovered:  8.689, time: 0.004827459999432904
L: 0.50, u_super: 0.00051 — INFEASIBLE (li_recovered=0.000e+00), time: 0.0022478789996966952
L: 0.50, u_super: 0.00619, sec: 345.221, prod: 0.140197, t_ads: 31.4, t_des: 28.4, bed_util_ads: 0.498, bed_util_des: 0.498, des_th: 0.4981035006469006,frac_lost: 0.102, li_recovered:  8.380, time: 0.0037605999987135874
L: 0.50, u_super: 0.00788, sec: 447.763, prod: 0.178693, t_ads: 24.7, t_des: 22.3, bed_util_ads: 0.499, bed_util_des: 0.499, des_th: 0.4991282978963573,frac_lost: 0.101, li_recovered:  8.402, time: 0.00399322600060259
L: 0.50, u_super: 0.00845, sec: 486.600, prod: 0.191199, t_ads: 23.3, t_des: 20.8, bed_util_ads: 0.500, bed_util_des: 0.500, des_th: 0.49992447488925357,frac_lost: 0.107, li_recovered:  8.430, time: 0.004352412999651278
L: 1.46, u_super: 0.00990, sec: 1711.176, prod: 0.221402, t_ads: 57.5, t_des: 51.4, bed_util_ads: 0.498, bed_util_des: 0.498, des_th: 0.49760248790500405,frac_lost: 0.108, li_recovered:  24.117, time: 0.0039195760000438895
L: 0.50, u_super: 0.00107 — INFEASIBLE (li_recovered=0.000e+00), time: 0.002204131000326015
L: 0.50, u_super: 0.00380, sec: 207.594, prod: 0.085151, t_ads: 51.3, t_des: 45.3, bed_util_ads: 0.500, bed_util_des: 0.499, des_th: 0.4993598838550136,frac_lost: 0.108, li_recovered:  8.219, time: 0.005918871000176296
L: 0.50, u_super: 0.00977, sec: 573.724, prod: 0.221608, t_ads: 20.2, t_des: 18.5, bed_util_ads: 0.498, bed_util_des: 0.498, des_th: 0.4980470111368265,frac_lost: 0.104, li_recovered:  8.568, time: 0.005997745000058785
L: 0.50, u_super: 0.00077, sec: 44.065, prod: 0.015596, t_ads: 245.1, t_des: 268.8, bed_util_ads: 0.455, bed_util_des: 0.451, des_th: 0.45161294801112384,frac_lost: 0.105, li_recovered:  8.014, time: 0.006236582999918028
L: 0.50, u_super: 0.00338, sec: 184.749, prod: 0.075789, t_ads: 57.5, t_des: 51.2, bed_util_ads: 0.498, bed_util_des: 0.498, des_th: 0.49756246294772877,frac_lost: 0.100, li_recovered:  8.241, time: 0.005054066999946372
L: 0.50, u_super: 0.00868, sec: 501.798, prod: 0.195410, t_ads: 22.6, t_des: 21.4, bed_util_ads: 0.494, bed_util_des: 0.494, des_th: 0.4937901879309634,frac_lost: 0.107, li_recovered:  8.598, time: 0.005788467999082059
L: 0.50, u_super: 0.00984, sec: 573.299, prod: 0.222809, t_ads: 19.9, t_des: 18.4, bed_util_ads: 0.496, bed_util_des: 0.496, des_th: 0.4959471719148179,frac_lost: 0.104, li_recovered:  8.534, time: 0.006239791999178124
    28 |     1120 |     40 |  0.0028956343 |             f
L: 0.50, u_super: 0.00124 — INFEASIBLE (li_recovered=0.000e+00), time: 0.003130174000034458
L: 0.50, u_super: 0.00747, sec: 425.312, prod: 0.168937, t_ads: 26.3, t_des: 23.6, bed_util_ads: 0.500, bed_util_des: 0.500, des_th: 0.49992447488925357,frac_lost: 0.107, li_recovered:  8.420, time: 0.003928852998797083
L: 0.50, u_super: 0.00958, sec: 558.246, prod: 0.216111, t_ads: 20.4, t_des: 19.4, bed_util_ads: 0.494, bed_util_des: 0.493, des_th: 0.49345854249547755,frac_lost: 0.104, li_recovered:  8.592, time: 0.005176552000193624
L: 0.50, u_super: 0.00990, sec: 577.252, prod: 0.224442, t_ads: 19.7, t_des: 17.7, bed_util_ads: 0.500, bed_util_des: 0.500, des_th: 0.49999247476109726,frac_lost: 0.104, li_recovered:  8.413, time: 0.005848499000421725
L: 0.50, u_super: 0.00224, sec: 122.090, prod: 0.049251, t_ads: 86.2, t_des: 73.9, bed_util_ads: 0.500, bed_util_des: 0.499, des_th: 0.4994759135286454,frac_lost: 0.107, li_recovered:  7.886, time: 0.004915763000099105
L: 10.99, u_super: 0.00248 — INFEASIBLE (li_recovered=0.000e+00), time: 0.0012828149992856197
L: 0.51, u_super: 0.00669, sec: 487.294, prod: 0.118431, t_ads: 29.7, t_des: 45.0, bed_util_ads: 0.435, bed_util_des: 0.434, des_th: 0.4336765675924753,frac_lost: 0.106, li_recovered:  8.842, time: 0.006568492999576847
L: 0.50, u_super: 0.00040, sec: 23.527, prod: 0.007822, t_ads: 447.9, t_des: 473.8, bed_util_ads: 0.440, bed_util_des: 0.435, des_th: 0.4356164483403566,frac_lost: 0.103, li_recovered:  7.209, time: 0.004149947999394499
L: 0.50, u_super: 0.00438, sec: 251.977, prod: 0.093743, t_ads: 44.4, t_des: 47.7, bed_util_ads: 0.476, bed_util_des: 0.475, des_th: 0.47502881753414733,frac_lost: 0.105, li_recovered:  8.636, time: 0.005402012000558898
L: 0.51, u_super: 0.00387, sec: 214.219, prod: 0.086687, t_ads: 50.9, t_des: 48.3, bed_util_ads: 0.490, bed_util_des: 0.490, des_th: 0.48983197605018247,frac_lost: 0.105, li_recovered:  8.593, time: 0.005339489000107278
L: 33.47, u_super: 0.00204 — INFEASIBLE (li_recovered=0.000e+00), time: 0.0009166769996227231
L: 0.50, u_super: 0.00051, sec: 31.610, prod: 0.009659, t_ads: 358.6, t_des: 442.7, bed_util_ads: 0.429, bed_util_des: 0.422, des_th: 0.42175956844621293,frac_lost: 0.101, li_recovered:  7.739, time: 0.005627623999316711
L: 0.50, u_super: 0.00511, sec: 281.140, prod: 0.115286, t_ads: 38.0, t_des: 35.3, bed_util_ads: 0.495, bed_util_des: 0.495, des_th: 0.4950444789942727,frac_lost: 0.102, li_recovered:  8.446, time: 0.005686889000571682
L: 0.50, u_super: 0.00921, sec: 532.338, prod: 0.208710, t_ads: 21.2, t_des: 19.2, bed_util_ads: 0.499, bed_util_des: 0.499, des_th: 0.49923575736959824,frac_lost: 0.105, li_recovered:  8.445, time: 0.005843120999998064
L: 0.50, u_super: 0.00380, sec: 207.592, prod: 0.085154, t_ads: 51.2, t_des: 45.2, bed_util_ads: 0.500, bed_util_des: 0.499, des_th: 0.49937062798473314,frac_lost: 0.107, li_recovered:  8.207, time: 0.00598619099946518
L: 0.50, u_super: 0.00336, sec: 182.547, prod: 0.075151, t_ads: 58.0, t_des: 54.2, bed_util_ads: 0.493, bed_util_des: 0.492, des_th: 0.49231694292285494,frac_lost: 0.108, li_recovered:  8.426, time: 0.005675798000083887
L: 0.50, u_super: 0.00604, sec: 335.922, prod: 0.136683, t_ads: 32.1, t_des: 29.8, bed_util_ads: 0.496, bed_util_des: 0.495, des_th: 0.49543114948612427,frac_lost: 0.102, li_recovered:  8.460, time: 0.005911923000894603
L: 0.50, u_super: 0.00891, sec: 514.223, prod: 0.201798, t_ads: 22.0, t_des: 20.2, bed_util_ads: 0.498, bed_util_des: 0.498, des_th: 0.49797771218545955,frac_lost: 0.106, li_recovered:  8.505, time: 0.0062079959989205236
L: 0.50, u_super: 0.00915, sec: 582.981, prod: 0.188095, t_ads: 21.4, t_des: 25.0, bed_util_ads: 0.468, bed_util_des: 0.467, des_th: 0.46717476256050616,frac_lost: 0.105, li_recovered:  8.725, time: 0.006138459000794683
L: 0.50, u_super: 0.00849, sec: 487.854, prod: 0.191957, t_ads: 23.1, t_des: 21.2, bed_util_ads: 0.498, bed_util_des: 0.498, des_th: 0.49797355524555126,frac_lost: 0.108, li_recovered:  8.498, time: 0.007723873999566422
L: 0.50, u_super: 0.00785, sec: 448.529, prod: 0.176846, t_ads: 25.0, t_des: 23.5, bed_util_ads: 0.494, bed_util_des: 0.494, des_th: 0.4941622491666015,frac_lost: 0.108, li_recovered:  8.567, time: 0.0053449269998964155
L: 0.50, u_super: 0.00889, sec: 526.449, prod: 0.197844, t_ads: 22.2, t_des: 22.0, bed_util_ads: 0.488, bed_util_des: 0.488, des_th: 0.4875744666486072,frac_lost: 0.105, li_recovered:  8.749, time: 0.005459308000354213
L: 1.10, u_super: 0.00088 — INFEASIBLE (li_recovered=0.000e+00), time: 0.0020402130012371344
L: 0.50, u_super: 0.00787, sec: 470.364, prod: 0.169672, t_ads: 24.7, t_des: 26.6, bed_util_ads: 0.478, bed_util_des: 0.477, des_th: 0.47730619965963966,frac_lost: 0.100, li_recovered:  8.698, time: 0.00870529500025441
L: 0.50, u_super: 0.00511, sec: 281.618, prod: 0.115181, t_ads: 38.0, t_des: 34.0, bed_util_ads: 0.500, bed_util_des: 0.500, des_th: 0.49982183258761964,frac_lost: 0.103, li_recovered:  8.296, time: 0.009507224000117276
L: 22.74, u_super: 0.00725 — INFEASIBLE (li_recovered=0.000e+00), time: 0.011449453999375692
L: 0.50, u_super: 0.00331, sec: 185.419, prod: 0.071874, t_ads: 58.8, t_des: 60.7, bed_util_ads: 0.480, bed_util_des: 0.479, des_th: 0.47937811744699577,frac_lost: 0.107, li_recovered:  8.583, time: 0.014749422000022605
L: 0.50, u_super: 0.00248, sec: 134.349, prod: 0.054840, t_ads: 77.8, t_des: 67.6, bed_util_ads: 0.500, bed_util_des: 0.500, des_th: 0.4997741033260895,frac_lost: 0.103, li_recovered:  7.971, time: 0.007286259000466089
L: 0.50, u_super: 0.00946, sec: 550.543, prod: 0.213769, t_ads: 20.7, t_des: 19.5, bed_util_ads: 0.494, bed_util_des: 0.494, des_th: 0.4939449302231657,frac_lost: 0.105, li_recovered:  8.579, time: 0.006229237998923054
L: 0.50, u_super: 0.00898, sec: 520.371, prod: 0.203318, t_ads: 21.9, t_des: 19.7, bed_util_ads: 0.500, bed_util_des: 0.500, des_th: 0.49992447488925357,frac_lost: 0.107, li_recovered:  8.451, time: 0.012297600998863345
L: 0.50, u_super: 0.00434, sec: 275.126, prod: 0.084062, t_ads: 45.1, t_des: 57.9, bed_util_ads: 0.454, bed_util_des: 0.453, des_th: 0.45295343533454724,frac_lost: 0.108, li_recovered:  8.658, time: 0.0068704810000781436
L: 0.50, u_super: 0.00648, sec: 362.770, prod: 0.146771, t_ads: 29.9, t_des: 26.9, bed_util_ads: 0.500, bed_util_des: 0.500, des_th: 0.49978708928690324,frac_lost: 0.101, li_recovered:  8.338, time: 0.006097695000789827
L: 3.19, u_super: 0.00537 — INFEASIBLE (li_recovered=0.000e+00), time: 0.0038052869986131554
L: 0.50, u_super: 0.00116, sec: 65.215, prod: 0.024501, t_ads: 163.1, t_des: 135.0, bed_util_ads: 0.498, bed_util_des: 0.498, des_th: 0.49807162196015164,frac_lost: 0.107, li_recovered:  7.303, time: 0.006170681999719818
L: 0.50, u_super: 0.00882, sec: 508.394, prod: 0.199877, t_ads: 22.2, t_des: 20.2, bed_util_ads: 0.499, bed_util_des: 0.499, des_th: 0.4988838806622625,frac_lost: 0.106, li_recovered:  8.467, time: 0.004998610998882214
L: 0.50, u_super: 0.00115, sec: 63.114, prod: 0.024757, t_ads: 164.8, t_des: 144.6, bed_util_ads: 0.491, bed_util_des: 0.490, des_th: 0.4903073600871884,frac_lost: 0.106, li_recovered:  7.661, time: 0.005235671000264119
L: 0.50, u_super: 0.00285, sec: 154.458, prod: 0.063520, t_ads: 67.7, t_des: 59.6, bed_util_ads: 0.499, bed_util_des: 0.499, des_th: 0.498579224721963,frac_lost: 0.101, li_recovered:  8.085, time: 0.004946200999256689
L: 0.50, u_super: 0.00084, sec: 46.133, prod: 0.017848, t_ads: 224.1, t_des: 210.7, bed_util_ads: 0.477, bed_util_des: 0.476, des_th: 0.4757365898448627,frac_lost: 0.107, li_recovered:  7.760, time: 0.0038041700008761836
L: 0.50, u_super: 0.00219, sec: 119.436, prod: 0.048180, t_ads: 88.1, t_des: 75.6, bed_util_ads: 0.500, bed_util_des: 0.499, des_th: 0.49940603654376803,frac_lost: 0.107, li_recovered:  7.885, time: 0.005680434000169043
L: 0.50, u_super: 0.00288, sec: 155.364, prod: 0.064209, t_ads: 67.1, t_des: 59.7, bed_util_ads: 0.498, bed_util_des: 0.498, des_th: 0.4978204047317416,frac_lost: 0.102, li_recovered:  8.143, time: 0.005357874999390333
    29 |     1160 |     40 |  0.0120080912 |         ideal
L: 0.50, u_super: 0.00705, sec: 398.205, prod: 0.159082, t_ads: 27.8, t_des: 25.8, bed_util_ads: 0.495, bed_util_des: 0.495, des_th: 0.49512728578874105,frac_lost: 0.107, li_recovered:  8.516, time: 0.005980154999633669
L: 79.79, u_super: 0.00433 — INFEASIBLE (li_recovered=0.000e+00), time: 0.0012439139991329284
L: 0.50, u_super: 0.00957, sec: 556.139, prod: 0.216765, t_ads: 20.5, t_des: 18.8, bed_util_ads: 0.498, bed_util_des: 0.498, des_th: 0.49790252781982436,frac_lost: 0.106, li_recovered:  8.507, time: 0.006611319999137777
L: 0.50, u_super: 0.00347, sec: 189.145, prod: 0.077365, t_ads: 56.1, t_des: 53.6, bed_util_ads: 0.490, bed_util_des: 0.490, des_th: 0.48963650060908337,frac_lost: 0.107, li_recovered:  8.484, time: 0.00539867800034699
L: 0.51, u_super: 0.00975, sec: 576.481, prod: 0.221115, t_ads: 20.3, t_des: 18.3, bed_util_ads: 0.500, bed_util_des: 0.500, des_th: 0.4998252360938967,frac_lost: 0.103, li_recovered:  8.543, time: 0.0049596250009926734
L: 0.50, u_super: 0.00183, sec: 98.792, prod: 0.040349, t_ads: 104.4, t_des: 92.7, bed_util_ads: 0.494, bed_util_des: 0.494, des_th: 0.49397867104903087,frac_lost: 0.101, li_recovered:  7.956, time: 0.006327597999188583
L: 0.50, u_super: 0.00146, sec: 79.701, prod: 0.031663, t_ads: 131.1, t_des: 113.5, bed_util_ads: 0.496, bed_util_des: 0.495, des_th: 0.4955233498658513,frac_lost: 0.106, li_recovered:  7.743, time: 0.007051571999909356
L: 0.50, u_super: 0.00751, sec: 428.316, prod: 0.169838, t_ads: 26.2, t_des: 23.8, bed_util_ads: 0.498, bed_util_des: 0.498, des_th: 0.49797355524555126,frac_lost: 0.108, li_recovered:  8.481, time: 0.00599301900001592
L: 0.50, u_super: 0.00176, sec: 95.742, prod: 0.038462, t_ads: 108.7, t_des: 94.0, bed_util_ads: 0.498, bed_util_des: 0.498, des_th: 0.4976241992138784,frac_lost: 0.103, li_recovered:  7.797, time: 0.0061081379990355344
L: 29.75, u_super: 0.00685 — INFEASIBLE (li_recovered=0.000e+00), time: 0.0017939970002771588
L: 0.50, u_super: 0.00574, sec: 319.927, prod: 0.129591, t_ads: 33.9, t_des: 30.1, bed_util_ads: 0.500, bed_util_des: 0.500, des_th: 0.49984003379581626,frac_lost: 0.100, li_recovered:  8.298, time: 0.006654559998423792
L: 0.50, u_super: 0.00787, sec: 449.340, prod: 0.178405, t_ads: 24.8, t_des: 22.1, bed_util_ads: 0.500, bed_util_des: 0.500, des_th: 0.49992447488925357,frac_lost: 0.101, li_recovered:  8.366, time: 0.004715413000667468
L: 0.50, u_super: 0.00475, sec: 261.025, prod: 0.106894, t_ads: 41.0, t_des: 36.6, bed_util_ads: 0.500, bed_util_des: 0.500, des_th: 0.49967888805947824,frac_lost: 0.105, li_recovered:  8.291, time: 0.005263054999886663
L: 0.50, u_super: 0.00138 — INFEASIBLE (li_recovered=0.000e+00), time: 0.00346390800041263
L: 0.50, u_super: 0.00336, sec: 181.758, prod: 0.075478, t_ads: 57.4, t_des: 51.8, bed_util_ads: 0.496, bed_util_des: 0.496, des_th: 0.4957256295302312,frac_lost: 0.100, li_recovered:  8.238, time: 0.005865383000127622
L: 0.50, u_super: 0.00804, sec: 457.637, prod: 0.182501, t_ads: 24.1, t_des: 21.8, bed_util_ads: 0.499, bed_util_des: 0.499, des_th: 0.49893504023879337,frac_lost: 0.100, li_recovered:  8.387, time: 0.005484779998369049
L: 0.51, u_super: 0.00659, sec: 374.708, prod: 0.149107, t_ads: 29.9, t_des: 26.8, bed_util_ads: 0.500, bed_util_des: 0.500, des_th: 0.49982534572563286,frac_lost: 0.101, li_recovered:  8.450, time: 0.0063526229987473926
L: 0.50, u_super: 0.00804, sec: 458.783, prod: 0.182092, t_ads: 24.3, t_des: 22.1, bed_util_ads: 0.498, bed_util_des: 0.498, des_th: 0.49799466660103253,frac_lost: 0.105, li_recovered:  8.448, time: 0.008238214999437332
L: 14.31, u_super: 0.00040 — INFEASIBLE (li_recovered=0.000e+00), time: 0.0012575750006362796
L: 0.50, u_super: 0.00336, sec: 188.852, prod: 0.072580, t_ads: 57.8, t_des: 60.4, bed_util_ads: 0.478, bed_util_des: 0.477, des_th: 0.47752739513285464,frac_lost: 0.106, li_recovered:  8.583, time: 0.010375262001616647
L: 0.50, u_super: 0.00563, sec: 311.973, prod: 0.127328, t_ads: 34.4, t_des: 30.8, bed_util_ads: 0.500, bed_util_des: 0.500, des_th: 0.49957139883581947,frac_lost: 0.100, li_recovered:  8.304, time: 0.005633983999359771
L: 0.50, u_super: 0.00242, sec: 130.405, prod: 0.053865, t_ads: 79.8, t_des: 71.8, bed_util_ads: 0.495, bed_util_des: 0.494, des_th: 0.4941147852429986,frac_lost: 0.105, li_recovered:  8.168, time: 0.004416613001012593
L: 0.50, u_super: 0.00156, sec: 84.499, prod: 0.034146, t_ads: 122.6, t_des: 108.4, bed_util_ads: 0.494, bed_util_des: 0.493, des_th: 0.493239920246034,frac_lost: 0.106, li_recovered:  7.888, time: 0.00443437499961874
L: 0.50, u_super: 0.00391, sec: 214.730, prod: 0.087660, t_ads: 50.3, t_des: 45.0, bed_util_ads: 0.498, bed_util_des: 0.498, des_th: 0.49807067818070755,frac_lost: 0.106, li_recovered:  8.348, time: 0.004382838000310585
L: 0.50, u_super: 0.00690, sec: 387.904, prod: 0.156357, t_ads: 28.1, t_des: 25.1, bed_util_ads: 0.500, bed_util_des: 0.500, des_th: 0.4998386245356974,frac_lost: 0.100, li_recovered:  8.323, time: 0.004713182999694254
L: 0.50, u_super: 0.00266, sec: 143.133, prod: 0.059417, t_ads: 72.5, t_des: 66.1, bed_util_ads: 0.495, bed_util_des: 0.494, des_th: 0.49414113542578614,frac_lost: 0.104, li_recovered:  8.237, time: 0.007032769000943517
L: 0.50, u_super: 0.00868, sec: 499.616, prod: 0.196485, t_ads: 22.6, t_des: 20.5, bed_util_ads: 0.500, bed_util_des: 0.500, des_th: 0.4996133148123219,frac_lost: 0.107, li_recovered:  8.457, time: 0.007224798000606825
L: 13.57, u_super: 0.00465 — INFEASIBLE (li_recovered=0.000e+00), time: 0.002262034000523272
L: 0.50, u_super: 0.00053, sec: 31.767, prod: 0.010492, t_ads: 344.0, t_des: 392.4, bed_util_ads: 0.441, bed_util_des: 0.435, des_th: 0.4356164483403566,frac_lost: 0.103, li_recovered:  7.726, time: 0.007096280998666771
L: 0.50, u_super: 0.00750, sec: 425.639, prod: 0.169528, t_ads: 26.1, t_des: 23.9, bed_util_ads: 0.498, bed_util_des: 0.498, des_th: 0.49797355524555126,frac_lost: 0.108, li_recovered:  8.475, time: 0.005434153999885893
L: 0.51, u_super: 0.00990, sec: 586.345, prod: 0.224526, t_ads: 20.1, t_des: 18.2, bed_util_ads: 0.500, bed_util_des: 0.500, des_th: 0.4996999453680221,frac_lost: 0.104, li_recovered:  8.593, time: 0.007020699998975033
L: 0.50, u_super: 0.00990, sec: 577.025, prod: 0.224530, t_ads: 19.7, t_des: 17.7, bed_util_ads: 0.500, bed_util_des: 0.500, des_th: 0.49992709720551715,frac_lost: 0.103, li_recovered:  8.404, time: 0.004810006001207512
L: 0.51, u_super: 0.00579, sec: 327.844, prod: 0.130853, t_ads: 34.3, t_des: 31.0, bed_util_ads: 0.498, bed_util_des: 0.498, des_th: 0.49790975259645176,frac_lost: 0.102, li_recovered:  8.538, time: 0.0062660139992658515
L: 4.70, u_super: 0.00619 — INFEASIBLE (li_recovered=0.000e+00), time: 0.00307459900068352
L: 0.50, u_super: 0.00936, sec: 544.873, prod: 0.210876, t_ads: 20.9, t_des: 19.8, bed_util_ads: 0.494, bed_util_des: 0.494, des_th: 0.4939067936663544,frac_lost: 0.106, li_recovered:  8.598, time: 0.0048093340010382235
L: 0.50, u_super: 0.00192, sec: 123.401, prod: 0.035505, t_ads: 100.3, t_des: 139.3, bed_util_ads: 0.438, bed_util_des: 0.435, des_th: 0.4350216508446197,frac_lost: 0.102, li_recovered:  8.505, time: 0.007908575998953893
L: 0.50, u_super: 0.00353, sec: 192.785, prod: 0.078943, t_ads: 55.3, t_des: 48.8, bed_util_ads: 0.500, bed_util_des: 0.500, des_th: 0.49992447488925357,frac_lost: 0.107, li_recovered:  8.213, time: 0.005560540001170011
L: 0.50, u_super: 0.00155, sec: 84.075, prod: 0.033917, t_ads: 123.5, t_des: 109.2, bed_util_ads: 0.494, bed_util_des: 0.493, des_th: 0.4930806446872143,frac_lost: 0.106, li_recovered:  7.895, time: 0.006320042999504949
L: 0.50, u_super: 0.00814, sec: 465.574, prod: 0.184123, t_ads: 24.1, t_des: 22.1, bed_util_ads: 0.498, bed_util_des: 0.498, des_th: 0.4979080308776501,frac_lost: 0.107, li_recovered:  8.494, time: 0.004340297000453575
L: 6.63, u_super: 0.00990 — INFEASIBLE (li_recovered=0.000e+00), time: 0.0027748489992518444
    30 |     1200 |     40 |  0.0043424733 |             f
L: 0.50, u_super: 0.00120 — INFEASIBLE (li_recovered=0.000e+00), time: 0.0028086389993404737
L: 0.50, u_super: 0.00738, sec: 417.307, prod: 0.167370, t_ads: 26.3, t_des: 23.7, bed_util_ads: 0.500, bed_util_des: 0.500, des_th: 0.49967172547249217,frac_lost: 0.101, li_recovered:  8.375, time: 0.004039057001136825
L: 0.50, u_super: 0.00482, sec: 264.671, prod: 0.108706, t_ads: 40.3, t_des: 36.4, bed_util_ads: 0.498, bed_util_des: 0.498, des_th: 0.4979904513857062,frac_lost: 0.103, li_recovered:  8.335, time: 0.005007957999623613
L: 0.50, u_super: 0.00040, sec: 23.520, prod: 0.007824, t_ads: 447.4, t_des: 473.2, bed_util_ads: 0.440, bed_util_des: 0.435, des_th: 0.4356164483403566,frac_lost: 0.102, li_recovered:  7.203, time: 0.004015270000309101
L: 0.50, u_super: 0.00604, sec: 335.564, prod: 0.136514, t_ads: 32.2, t_des: 29.1, bed_util_ads: 0.499, bed_util_des: 0.499, des_th: 0.49925407297971525,frac_lost: 0.103, li_recovered:  8.369, time: 0.006941718000234687
L: 0.50, u_super: 0.00833, sec: 478.846, prod: 0.188457, t_ads: 23.6, t_des: 21.2, bed_util_ads: 0.500, bed_util_des: 0.500, des_th: 0.49992447488925357,frac_lost: 0.106, li_recovered:  8.431, time: 0.005530809001356829
L: 0.50, u_super: 0.00511, sec: 281.006, prod: 0.115341, t_ads: 38.0, t_des: 34.4, bed_util_ads: 0.498, bed_util_des: 0.498, des_th: 0.49782173598994073,frac_lost: 0.102, li_recovered:  8.352, time: 0.005480300000272109
L: 0.50, u_super: 0.00906, sec: 523.581, prod: 0.204743, t_ads: 21.5, t_des: 20.3, bed_util_ads: 0.494, bed_util_des: 0.494, des_th: 0.4940369088519013,frac_lost: 0.104, li_recovered:  8.559, time: 0.00474742899859848
L: 0.50, u_super: 0.00479, sec: 263.314, prod: 0.108018, t_ads: 40.6, t_des: 37.5, bed_util_ads: 0.495, bed_util_des: 0.495, des_th: 0.4945257216888346,frac_lost: 0.104, li_recovered:  8.436, time: 0.0048202770012721885
L: 0.50, u_super: 0.00774, sec: 439.003, prod: 0.175637, t_ads: 25.1, t_des: 22.6, bed_util_ads: 0.499, bed_util_des: 0.499, des_th: 0.4988216663589804,frac_lost: 0.101, li_recovered:  8.375, time: 0.004795479999302188
L: 0.50, u_super: 0.00957, sec: 556.139, prod: 0.216765, t_ads: 20.4, t_des: 19.0, bed_util_ads: 0.496, bed_util_des: 0.496, des_th: 0.4956698357357125,frac_lost: 0.104, li_recovered:  8.539, time: 0.004532193999693845
L: 0.50, u_super: 0.00833, sec: 477.681, prod: 0.188501, t_ads: 23.5, t_des: 21.1, bed_util_ads: 0.500, bed_util_des: 0.500, des_th: 0.49992447488925357,frac_lost: 0.105, li_recovered:  8.406, time: 0.006793542999730562
L: 0.50, u_super: 0.00607, sec: 337.914, prod: 0.137370, t_ads: 32.0, t_des: 29.6, bed_util_ads: 0.495, bed_util_des: 0.495, des_th: 0.4951804040216582,frac_lost: 0.102, li_recovered:  8.454, time: 0.004458202000023448
L: 0.50, u_super: 0.00040, sec: 23.531, prod: 0.007818, t_ads: 446.8, t_des: 473.7, bed_util_ads: 0.439, bed_util_des: 0.434, des_th: 0.4341698208090562,frac_lost: 0.101, li_recovered:  7.197, time: 0.005505947998244665
L: 0.51, u_super: 0.00982, sec: 582.261, prod: 0.222568, t_ads: 20.3, t_des: 18.6, bed_util_ads: 0.498, bed_util_des: 0.498, des_th: 0.49798722038819865,frac_lost: 0.106, li_recovered:  8.639, time: 0.00631999100005487
L: 0.50, u_super: 0.00871, sec: 502.820, prod: 0.196756, t_ads: 22.5, t_des: 21.1, bed_util_ads: 0.494, bed_util_des: 0.494, des_th: 0.4939067936663544,frac_lost: 0.105, li_recovered:  8.574, time: 0.006106654000177514
L: 0.50, u_super: 0.00810, sec: 463.366, prod: 0.183028, t_ads: 24.2, t_des: 22.5, bed_util_ads: 0.495, bed_util_des: 0.495, des_th: 0.49512728578874105,frac_lost: 0.106, li_recovered:  8.541, time: 0.006243051999263116
L: 0.50, u_super: 0.00380, sec: 210.773, prod: 0.083492, t_ads: 51.2, t_des: 51.6, bed_util_ads: 0.484, bed_util_des: 0.483, des_th: 0.4831585866710388,frac_lost: 0.105, li_recovered:  8.585, time: 0.006499827999505214
L: 0.50, u_super: 0.00433, sec: 237.459, prod: 0.097376, t_ads: 45.0, t_des: 40.0, bed_util_ads: 0.500, bed_util_des: 0.500, des_th: 0.4998612613037261,frac_lost: 0.106, li_recovered:  8.270, time: 0.0066634009999688715
L: 0.50, u_super: 0.00804, sec: 459.670, prod: 0.181746, t_ads: 24.4, t_des: 22.4, bed_util_ads: 0.497, bed_util_des: 0.497, des_th: 0.4973318325978636,frac_lost: 0.108, li_recovered:  8.498, time: 0.0056039580013020895
L: 0.50, u_super: 0.00324, sec: 175.595, prod: 0.072524, t_ads: 60.0, t_des: 54.3, bed_util_ads: 0.496, bed_util_des: 0.496, des_th: 0.49584663657418593,frac_lost: 0.108, li_recovered:  8.289, time: 0.00587293500029773
L: 0.50, u_super: 0.00577, sec: 319.909, prod: 0.130571, t_ads: 33.6, t_des: 31.2, bed_util_ads: 0.495, bed_util_des: 0.495, des_th: 0.49512728578874105,frac_lost: 0.101, li_recovered:  8.462, time: 0.004571647999910056
L: 0.50, u_super: 0.00945, sec: 563.190, prod: 0.208443, t_ads: 20.7, t_des: 21.0, bed_util_ads: 0.485, bed_util_des: 0.484, des_th: 0.4844086410381205,frac_lost: 0.104, li_recovered:  8.695, time: 0.007845625999834738
L: 0.50, u_super: 0.00619, sec: 345.111, prod: 0.140174, t_ads: 31.4, t_des: 28.4, bed_util_ads: 0.498, bed_util_des: 0.498, des_th: 0.4981035006469006,frac_lost: 0.102, li_recovered:  8.379, time: 0.007430621999446885
L: 0.50, u_super: 0.00392, sec: 213.322, prod: 0.088073, t_ads: 49.6, t_des: 45.3, bed_util_ads: 0.495, bed_util_des: 0.495, des_th: 0.4950087044742685,frac_lost: 0.106, li_recovered:  8.363, time: 0.006673396001133369
L: 0.50, u_super: 0.00873, sec: 502.682, prod: 0.197495, t_ads: 22.5, t_des: 20.1, bed_util_ads: 0.500, bed_util_des: 0.500, des_th: 0.4999690130476333,frac_lost: 0.107, li_recovered:  8.410, time: 0.006981599999562604
L: 25.59, u_super: 0.00267 — INFEASIBLE (li_recovered=0.000e+00), time: 0.0022204380002222024
L: 0.50, u_super: 0.00154, sec: 84.948, prod: 0.032928, t_ads: 124.4, t_des: 103.6, bed_util_ads: 0.500, bed_util_des: 0.500, des_th: 0.49950991402320505,frac_lost: 0.106, li_recovered:  7.505, time: 0.005964425999991363
L: 0.50, u_super: 0.00931, sec: 541.805, prod: 0.209832, t_ads: 21.0, t_des: 19.9, bed_util_ads: 0.494, bed_util_des: 0.494, des_th: 0.4939067936663544,frac_lost: 0.107, li_recovered:  8.594, time: 0.008214957000745926
L: 0.50, u_super: 0.00773, sec: 439.931, prod: 0.174885, t_ads: 25.3, t_des: 22.9, bed_util_ads: 0.499, bed_util_des: 0.499, des_th: 0.4991458509193055,frac_lost: 0.107, li_recovered:  8.438, time: 0.0038622560005023843
L: 0.50, u_super: 0.00336, sec: 181.993, prod: 0.075364, t_ads: 57.3, t_des: 51.1, bed_util_ads: 0.498, bed_util_des: 0.498, des_th: 0.49795832161009307,frac_lost: 0.100, li_recovered:  8.173, time: 0.009618293999665184
L: 93.53, u_super: 0.00136 — INFEASIBLE (li_recovered=0.000e+00), time: 0.0010575599990261253
L: 0.50, u_super: 0.00645, sec: 407.304, prod: 0.129374, t_ads: 30.4, t_des: 36.9, bed_util_ads: 0.461, bed_util_des: 0.461, des_th: 0.4606074233093253,frac_lost: 0.108, li_recovered:  8.701, time: 0.008410312999330927
L: 0.50, u_super: 0.00547, sec: 302.877, prod: 0.123547, t_ads: 35.5, t_des: 31.8, bed_util_ads: 0.500, bed_util_des: 0.499, des_th: 0.49938875863118193,frac_lost: 0.103, li_recovered:  8.322, time: 0.006389411999407457
L: 0.51, u_super: 0.00510, sec: 285.025, prod: 0.114835, t_ads: 38.7, t_des: 34.5, bed_util_ads: 0.500, bed_util_des: 0.500, des_th: 0.49993503972751735,frac_lost: 0.104, li_recovered:  8.407, time: 0.007877895001001889
L: 0.50, u_super: 0.00932, sec: 540.142, prod: 0.211184, t_ads: 21.0, t_des: 19.0, bed_util_ads: 0.500, bed_util_des: 0.500, des_th: 0.4997643015640138,frac_lost: 0.106, li_recovered:  8.443, time: 0.006589231001271401
L: 40.87, u_super: 0.00707 — INFEASIBLE (li_recovered=0.000e+00), time: 0.0028304889983701287
L: 17.78, u_super: 0.00288 — INFEASIBLE (li_recovered=0.000e+00), time: 0.0012151660012023058
L: 0.51, u_super: 0.00674, sec: 385.808, prod: 0.151716, t_ads: 29.5, t_des: 27.7, bed_util_ads: 0.495, bed_util_des: 0.495, des_th: 0.49497560787802286,frac_lost: 0.108, li_recovered:  8.671, time: 0.0046771439992880914
L: 0.62, u_super: 0.00852, sec: 606.163, prod: 0.192329, t_ads: 28.5, t_des: 25.8, bed_util_ads: 0.499, bed_util_des: 0.499, des_th: 0.49912486810180273,frac_lost: 0.108, li_recovered:  10.444, time: 0.006669725000392646
    31 |     1240 |     40 |  0.0038295015 |             f
L: 55.65, u_super: 0.00433 — INFEASIBLE (li_recovered=0.000e+00), time: 0.001447349999580183
L: 0.50, u_super: 0.00648, sec: 363.861, prod: 0.146782, t_ads: 30.1, t_des: 27.2, bed_util_ads: 0.499, bed_util_des: 0.499, des_th: 0.49923862674949915,frac_lost: 0.102, li_recovered:  8.408, time: 0.008462485000563902
L: 0.50, u_super: 0.00085 — INFEASIBLE (li_recovered=0.000e+00), time: 0.0038851650006108684
L: 0.50, u_super: 0.00852, sec: 551.105, prod: 0.170979, t_ads: 22.9, t_des: 28.0, bed_util_ads: 0.462, bed_util_des: 0.461, des_th: 0.46131952878066435,frac_lost: 0.104, li_recovered:  8.710, time: 0.008010977000594721
L: 10.95, u_super: 0.00258 — INFEASIBLE (li_recovered=0.000e+00), time: 0.0020213070001773303
L: 0.50, u_super: 0.00472, sec: 260.175, prod: 0.106298, t_ads: 41.3, t_des: 36.9, bed_util_ads: 0.500, bed_util_des: 0.500, des_th: 0.4996816534820387,frac_lost: 0.104, li_recovered:  8.311, time: 0.011763214999518823
L: 0.50, u_super: 0.00696, sec: 391.418, prod: 0.157573, t_ads: 27.9, t_des: 25.0, bed_util_ads: 0.500, bed_util_des: 0.500, des_th: 0.49967172547249217,frac_lost: 0.101, li_recovered:  8.332, time: 0.006726374000209034
L: 0.50, u_super: 0.00285, sec: 176.060, prod: 0.055537, t_ads: 68.3, t_des: 86.4, bed_util_ads: 0.453, bed_util_des: 0.451, des_th: 0.4513031633851246,frac_lost: 0.106, li_recovered:  8.591, time: 0.008320016999277868
L: 2.35, u_super: 0.00990, sec: 2965.609, prod: 0.204833, t_ads: 91.4, t_des: 103.2, bed_util_ads: 0.465, bed_util_des: 0.464, des_th: 0.4639897897475423,frac_lost: 0.104, li_recovered:  39.869, time: 0.008627709001302719
L: 0.50, u_super: 0.00136, sec: 74.091, prod: 0.029431, t_ads: 139.7, t_des: 122.0, bed_util_ads: 0.493, bed_util_des: 0.493, des_th: 0.49284088981321766,frac_lost: 0.102, li_recovered:  7.700, time: 0.006234061000213842
L: 10.08, u_super: 0.00244 — INFEASIBLE (li_recovered=0.000e+00), time: 0.00225821599997289
L: 0.50, u_super: 0.00290, sec: 156.933, prod: 0.064821, t_ads: 66.5, t_des: 59.0, bed_util_ads: 0.498, bed_util_des: 0.498, des_th: 0.49790252781982436,frac_lost: 0.102, li_recovered:  8.131, time: 0.004799174999789102
L: 0.50, u_super: 0.00591, sec: 328.532, prod: 0.133501, t_ads: 32.9, t_des: 29.4, bed_util_ads: 0.499, bed_util_des: 0.499, des_th: 0.4992388490801481,frac_lost: 0.103, li_recovered:  8.316, time: 0.004843711998546496
L: 0.50, u_super: 0.00131 — INFEASIBLE (li_recovered=0.000e+00), time: 0.0034966500006703427
L: 0.50, u_super: 0.00393, sec: 214.214, prod: 0.088043, t_ads: 49.5, t_des: 43.8, bed_util_ads: 0.499, bed_util_des: 0.499, des_th: 0.4991135785817529,frac_lost: 0.105, li_recovered:  8.218, time: 0.0038637099987681722
L: 0.50, u_super: 0.00943, sec: 546.578, prod: 0.213780, t_ads: 20.7, t_des: 18.8, bed_util_ads: 0.500, bed_util_des: 0.500, des_th: 0.4997643015640138,frac_lost: 0.105, li_recovered:  8.446, time: 0.006498883998574456
L: 0.51, u_super: 0.00298, sec: 164.494, prod: 0.066112, t_ads: 65.9, t_des: 57.1, bed_util_ads: 0.500, bed_util_des: 0.500, des_th: 0.49993503972751735,frac_lost: 0.102, li_recovered:  8.129, time: 0.0047530939991702326
L: 0.50, u_super: 0.00833, sec: 478.860, prod: 0.188329, t_ads: 23.6, t_des: 21.1, bed_util_ads: 0.500, bed_util_des: 0.500, des_th: 0.49992447488925357,frac_lost: 0.107, li_recovered:  8.422, time: 0.005639945000439184
L: 0.50, u_super: 0.00565, sec: 312.676, prod: 0.127733, t_ads: 34.4, t_des: 31.2, bed_util_ads: 0.498, bed_util_des: 0.498, des_th: 0.49821570091962086,frac_lost: 0.102, li_recovered:  8.373, time: 0.00566792199970223
L: 73.34, u_super: 0.00353 — INFEASIBLE (li_recovered=0.000e+00), time: 0.0017999730007431936
L: 0.50, u_super: 0.00951, sec: 551.880, prod: 0.215395, t_ads: 20.5, t_des: 19.1, bed_util_ads: 0.496, bed_util_des: 0.496, des_th: 0.4958062872771001,frac_lost: 0.104, li_recovered:  8.532, time: 0.008287748001748696
L: 0.50, u_super: 0.00728, sec: 485.548, prod: 0.139618, t_ads: 26.9, t_des: 35.5, bed_util_ads: 0.451, bed_util_des: 0.450, des_th: 0.45016366971342037,frac_lost: 0.106, li_recovered:  8.706, time: 0.008892285999536398
L: 0.50, u_super: 0.00986, sec: 575.288, prod: 0.223371, t_ads: 19.9, t_des: 18.2, bed_util_ads: 0.498, bed_util_des: 0.498, des_th: 0.49767202065334365,frac_lost: 0.106, li_recovered:  8.506, time: 0.007844695999665419
L: 0.50, u_super: 0.00897, sec: 517.444, prod: 0.203255, t_ads: 21.8, t_des: 19.8, bed_util_ads: 0.500, bed_util_des: 0.500, des_th: 0.4996218061225804,frac_lost: 0.105, li_recovered:  8.455, time: 0.00980654799968761
L: 8.44, u_super: 0.00832 — INFEASIBLE (li_recovered=0.000e+00), time: 0.004721307999716373
L: 0.50, u_super: 0.00379, sec: 206.068, prod: 0.085006, t_ads: 51.4, t_des: 46.6, bed_util_ads: 0.496, bed_util_des: 0.496, des_th: 0.4957256295302312,frac_lost: 0.107, li_recovered:  8.333, time: 0.007445248000294669
L: 0.50, u_super: 0.00046 — INFEASIBLE (li_recovered=0.000e+00), time: 0.002682258998902398
L: 0.50, u_super: 0.00223, sec: 121.039, prod: 0.049265, t_ads: 86.3, t_des: 84.4, bed_util_ads: 0.484, bed_util_des: 0.483, des_th: 0.48348781094399396,frac_lost: 0.104, li_recovered:  8.410, time: 0.007142860000385554
L: 16.11, u_super: 0.00154 — INFEASIBLE (li_recovered=0.000e+00), time: 0.0014772710001125233
L: 0.50, u_super: 0.00912, sec: 528.237, prod: 0.206001, t_ads: 21.4, t_des: 20.2, bed_util_ads: 0.494, bed_util_des: 0.494, des_th: 0.4940369088519013,frac_lost: 0.106, li_recovered:  8.566, time: 0.00514262599972426
L: 0.50, u_super: 0.00960, sec: 584.609, prod: 0.207755, t_ads: 20.4, t_des: 21.6, bed_util_ads: 0.480, bed_util_des: 0.480, des_th: 0.4798968722504427,frac_lost: 0.105, li_recovered:  8.715, time: 0.008833932999550598
L: 0.50, u_super: 0.00171, sec: 92.331, prod: 0.037562, t_ads: 111.9, t_des: 99.3, bed_util_ads: 0.494, bed_util_des: 0.494, des_th: 0.4939449302231657,frac_lost: 0.103, li_recovered:  7.931, time: 0.0052015999990544515
L: 0.50, u_super: 0.00794, sec: 574.148, prod: 0.141676, t_ads: 24.7, t_des: 36.9, bed_util_ads: 0.436, bed_util_des: 0.436, des_th: 0.4356164483403566,frac_lost: 0.106, li_recovered:  8.721, time: 0.006874513999719056
L: 0.50, u_super: 0.00914, sec: 528.562, prod: 0.206706, t_ads: 21.4, t_des: 19.9, bed_util_ads: 0.495, bed_util_des: 0.495, des_th: 0.49523394369658436,frac_lost: 0.105, li_recovered:  8.539, time: 0.005144913000549423
L: 0.50, u_super: 0.00312, sec: 168.428, prod: 0.069901, t_ads: 61.8, t_des: 55.6, bed_util_ads: 0.496, bed_util_des: 0.496, des_th: 0.49584663657418593,frac_lost: 0.101, li_recovered:  8.206, time: 0.006182188000821043
L: 37.22, u_super: 0.00944 — INFEASIBLE (li_recovered=0.000e+00), time: 0.001648145998842665
L: 0.50, u_super: 0.00511, sec: 281.307, prod: 0.115232, t_ads: 38.1, t_des: 34.6, bed_util_ads: 0.498, bed_util_des: 0.498, des_th: 0.49782173598994073,frac_lost: 0.104, li_recovered:  8.372, time: 0.007570945999759715
L: 0.50, u_super: 0.00205, sec: 111.597, prod: 0.044710, t_ads: 94.2, t_des: 80.1, bed_util_ads: 0.500, bed_util_des: 0.500, des_th: 0.49995484693870884,frac_lost: 0.107, li_recovered:  7.793, time: 0.0059783239994430915
L: 25.28, u_super: 0.00219 — INFEASIBLE (li_recovered=0.000e+00), time: 0.0010380389994679717
L: 0.50, u_super: 0.00458, sec: 251.467, prod: 0.103134, t_ads: 42.4, t_des: 39.7, bed_util_ads: 0.494, bed_util_des: 0.494, des_th: 0.4939449302231657,frac_lost: 0.104, li_recovered:  8.469, time: 0.006772930000806809
    32 |     1280 |     40 |  0.0025582679 |             f
L: 0.50, u_super: 0.00591, sec: 328.069, prod: 0.133690, t_ads: 32.8, t_des: 29.4, bed_util_ads: 0.499, bed_util_des: 0.499, des_th: 0.4992388490801481,frac_lost: 0.100, li_recovered:  8.311, time: 0.004515590000664815
L: 0.50, u_super: 0.00791, sec: 541.298, prod: 0.148950, t_ads: 24.8, t_des: 33.8, bed_util_ads: 0.448, bed_util_des: 0.447, des_th: 0.44724070874125055,frac_lost: 0.106, li_recovered:  8.720, time: 0.007045989001198905
L: 2.55, u_super: 0.00160 — INFEASIBLE (li_recovered=0.000e+00), time: 0.0022543730010511354
L: 6.60, u_super: 0.00433 — INFEASIBLE (li_recovered=0.000e+00), time: 0.003833324999504839
L: 0.50, u_super: 0.00983, sec: 572.722, prod: 0.222910, t_ads: 19.9, t_des: 18.3, bed_util_ads: 0.498, bed_util_des: 0.498, des_th: 0.49760164245175464,frac_lost: 0.104, li_recovered:  8.501, time: 0.006556305999765755
L: 0.50, u_super: 0.00072, sec: 42.809, prod: 0.014089, t_ads: 261.8, t_des: 307.0, bed_util_ads: 0.445, bed_util_des: 0.440, des_th: 0.44069333691779805,frac_lost: 0.106, li_recovered:  8.015, time: 0.005863382000825368
L: 0.50, u_super: 0.00738, sec: 416.667, prod: 0.167473, t_ads: 26.3, t_des: 23.7, bed_util_ads: 0.500, bed_util_des: 0.500, des_th: 0.4998373143496003,frac_lost: 0.100, li_recovered:  8.373, time: 0.004432000998349395
L: 0.50, u_super: 0.00107, sec: 60.125, prod: 0.022540, t_ads: 175.4, t_des: 146.7, bed_util_ads: 0.495, bed_util_des: 0.495, des_th: 0.49535613344984186,frac_lost: 0.103, li_recovered:  7.260, time: 0.0047690539995528525
L: 0.50, u_super: 0.00536, sec: 296.147, prod: 0.121023, t_ads: 36.2, t_des: 32.4, bed_util_ads: 0.500, bed_util_des: 0.500, des_th: 0.49955307459051435,frac_lost: 0.101, li_recovered:  8.306, time: 0.005243359000814962
L: 0.50, u_super: 0.00858, sec: 496.400, prod: 0.193435, t_ads: 22.9, t_des: 21.5, bed_util_ads: 0.495, bed_util_des: 0.495, des_th: 0.49512728578874105,frac_lost: 0.108, li_recovered:  8.603, time: 0.00532010899951274
L: 0.50, u_super: 0.00520, sec: 286.898, prod: 0.117508, t_ads: 37.3, t_des: 33.8, bed_util_ads: 0.497, bed_util_des: 0.497, des_th: 0.49717244011965545,frac_lost: 0.103, li_recovered:  8.362, time: 0.004075376999026048
L: 0.50, u_super: 0.00352, sec: 191.897, prod: 0.078712, t_ads: 55.4, t_des: 49.1, bed_util_ads: 0.500, bed_util_des: 0.500, des_th: 0.4998386245356974,frac_lost: 0.106, li_recovered:  8.228, time: 0.004108464001546963
L: 0.50, u_super: 0.00158, sec: 89.474, prod: 0.033159, t_ads: 120.9, t_des: 132.4, bed_util_ads: 0.467, bed_util_des: 0.465, des_th: 0.465021308753648,frac_lost: 0.101, li_recovered:  8.397, time: 0.0045643129997188225
L: 0.50, u_super: 0.00932, sec: 539.934, prod: 0.211402, t_ads: 20.9, t_des: 18.8, bed_util_ads: 0.500, bed_util_des: 0.500, des_th: 0.4999072087262859,frac_lost: 0.104, li_recovered:  8.399, time: 0.005154381000465946
L: 0.50, u_super: 0.00109, sec: 61.108, prod: 0.023044, t_ads: 171.3, t_des: 143.8, bed_util_ads: 0.495, bed_util_des: 0.495, des_th: 0.4951304479452611,frac_lost: 0.100, li_recovered:  7.262, time: 0.005641417999868281
L: 0.50, u_super: 0.00271, sec: 145.958, prod: 0.060624, t_ads: 71.1, t_des: 64.7, bed_util_ads: 0.494, bed_util_des: 0.494, des_th: 0.4941429233450286,frac_lost: 0.103, li_recovered:  8.236, time: 0.004749234998598695
L: 0.50, u_super: 0.00983, sec: 572.251, prod: 0.222994, t_ads: 19.8, t_des: 17.8, bed_util_ads: 0.500, bed_util_des: 0.500, des_th: 0.499934638189526,frac_lost: 0.103, li_recovered:  8.397, time: 0.005735953000112204
L: 0.50, u_super: 0.00505, sec: 277.730, prod: 0.114019, t_ads: 38.4, t_des: 35.6, bed_util_ads: 0.495, bed_util_des: 0.495, des_th: 0.4950087044742685,frac_lost: 0.102, li_recovered:  8.435, time: 0.005308605999744032
L: 0.50, u_super: 0.00441, sec: 308.633, prod: 0.077515, t_ads: 44.3, t_des: 67.5, bed_util_ads: 0.432, bed_util_des: 0.431, des_th: 0.4309462991377231,frac_lost: 0.107, li_recovered:  8.673, time: 0.006145802000901313
L: 0.50, u_super: 0.00926, sec: 536.597, prod: 0.209590, t_ads: 21.1, t_des: 19.6, bed_util_ads: 0.496, bed_util_des: 0.496, des_th: 0.4961210893993591,frac_lost: 0.105, li_recovered:  8.540, time: 0.004942472000038833
L: 0.50, u_super: 0.00511, sec: 319.786, prod: 0.101353, t_ads: 38.0, t_des: 47.5, bed_util_ads: 0.458, bed_util_des: 0.457, des_th: 0.45674580470720016,frac_lost: 0.101, li_recovered:  8.666, time: 0.005836360998728196
L: 0.50, u_super: 0.00250, sec: 135.317, prod: 0.055235, t_ads: 77.2, t_des: 67.1, bed_util_ads: 0.499, bed_util_des: 0.499, des_th: 0.4991282978963573,frac_lost: 0.103, li_recovered:  7.968, time: 0.0038301269996736664
L: 0.50, u_super: 0.00403, sec: 219.153, prod: 0.090490, t_ads: 48.3, t_des: 44.3, bed_util_ads: 0.495, bed_util_des: 0.495, des_th: 0.4950087044742685,frac_lost: 0.105, li_recovered:  8.379, time: 0.004213980999338673
L: 0.51, u_super: 0.00990, sec: 627.743, prod: 0.209719, t_ads: 20.1, t_des: 22.2, bed_util_ads: 0.474, bed_util_des: 0.474, des_th: 0.4738439342261537,frac_lost: 0.105, li_recovered:  8.862, time: 0.00591221699869493
L: 0.50, u_super: 0.00827, sec: 473.160, prod: 0.187159, t_ads: 23.7, t_des: 21.5, bed_util_ads: 0.499, bed_util_des: 0.499, des_th: 0.4992208639973299,frac_lost: 0.106, li_recovered:  8.452, time: 0.004255547999491682
L: 0.50, u_super: 0.00924, sec: 535.434, prod: 0.209341, t_ads: 21.2, t_des: 19.4, bed_util_ads: 0.498, bed_util_des: 0.498, des_th: 0.49790252781982436,frac_lost: 0.106, li_recovered:  8.505, time: 0.005375520000598044
L: 0.50, u_super: 0.00192, sec: 103.421, prod: 0.042364, t_ads: 99.6, t_des: 88.3, bed_util_ads: 0.494, bed_util_des: 0.494, des_th: 0.4940199462594481,frac_lost: 0.101, li_recovered:  7.960, time: 0.005120413999975426
L: 0.50, u_super: 0.00365, sec: 198.363, prod: 0.082165, t_ads: 53.0, t_des: 49.0, bed_util_ads: 0.494, bed_util_des: 0.494, des_th: 0.49353324162614176,frac_lost: 0.100, li_recovered:  8.383, time: 0.005178221999813104
L: 0.50, u_super: 0.00779, sec: 441.838, prod: 0.176570, t_ads: 25.0, t_des: 22.5, bed_util_ads: 0.499, bed_util_des: 0.499, des_th: 0.49923862674949915,frac_lost: 0.101, li_recovered:  8.382, time: 0.00503208500049368
L: 0.50, u_super: 0.00171, sec: 93.312, prod: 0.037139, t_ads: 111.7, t_des: 95.4, bed_util_ads: 0.498, bed_util_des: 0.498, des_th: 0.49812510881216343,frac_lost: 0.103, li_recovered:  7.693, time: 0.004237309000018286
L: 0.50, u_super: 0.00597, sec: 331.931, prod: 0.134908, t_ads: 32.5, t_des: 29.1, bed_util_ads: 0.500, bed_util_des: 0.500, des_th: 0.49992447488925357,frac_lost: 0.102, li_recovered:  8.317, time: 0.00445870400108106
L: 0.50, u_super: 0.00597, sec: 331.712, prod: 0.135162, t_ads: 32.5, t_des: 29.5, bed_util_ads: 0.498, bed_util_des: 0.498, des_th: 0.49815152226337833,frac_lost: 0.101, li_recovered:  8.381, time: 0.004756143998747575
L: 0.50, u_super: 0.00788, sec: 447.495, prod: 0.178684, t_ads: 24.7, t_des: 22.2, bed_util_ads: 0.499, bed_util_des: 0.499, des_th: 0.49912159786612287,frac_lost: 0.101, li_recovered:  8.377, time: 0.0042144540002482245
L: 0.50, u_super: 0.00703, sec: 395.270, prod: 0.159296, t_ads: 27.6, t_des: 25.6, bed_util_ads: 0.496, bed_util_des: 0.495, des_th: 0.4954279873296042,frac_lost: 0.101, li_recovered:  8.473, time: 0.005850817000464303
L: 0.50, u_super: 0.00453, sec: 248.559, prod: 0.101831, t_ads: 43.0, t_des: 40.2, bed_util_ads: 0.494, bed_util_des: 0.494, des_th: 0.4939431423039233,frac_lost: 0.106, li_recovered:  8.469, time: 0.004761330999826896
L: 0.50, u_super: 0.00719, sec: 407.028, prod: 0.162941, t_ads: 27.1, t_des: 24.2, bed_util_ads: 0.500, bed_util_des: 0.500, des_th: 0.4999248764272449,frac_lost: 0.100, li_recovered:  8.357, time: 0.003867604000333813
L: 0.50, u_super: 0.00597, sec: 332.534, prod: 0.134899, t_ads: 32.6, t_des: 30.5, bed_util_ads: 0.493, bed_util_des: 0.493, des_th: 0.49324277381580606,frac_lost: 0.102, li_recovered:  8.505, time: 0.006060337998860632
L: 23.74, u_super: 0.00040 — INFEASIBLE (li_recovered=0.000e+00), time: 0.0010979180005961098
L: 0.50, u_super: 0.00760, sec: 463.117, prod: 0.159958, t_ads: 25.7, t_des: 28.6, bed_util_ads: 0.474, bed_util_des: 0.473, des_th: 0.47333705370762835,frac_lost: 0.106, li_recovered:  8.700, time: 0.004975263000233099
L: 0.50, u_super: 0.00616, sec: 344.499, prod: 0.139261, t_ads: 31.6, t_des: 28.3, bed_util_ads: 0.500, bed_util_des: 0.500, des_th: 0.4998947564128675,frac_lost: 0.102, li_recovered:  8.347, time: 0.005448883999633836
    33 |     1320 |     40 |  0.0028824406 |             f
L: 0.50, u_super: 0.00740, sec: 419.041, prod: 0.167404, t_ads: 26.4, t_des: 24.0, bed_util_ads: 0.499, bed_util_des: 0.499, des_th: 0.4988216663589804,frac_lost: 0.107, li_recovered:  8.433, time: 0.006724765000399202
L: 0.50, u_super: 0.00648, sec: 364.046, prod: 0.146707, t_ads: 30.1, t_des: 26.9, bed_util_ads: 0.499, bed_util_des: 0.499, des_th: 0.4992388542563461,frac_lost: 0.101, li_recovered:  8.357, time: 0.004767262000314076
L: 0.50, u_super: 0.00570, sec: 316.130, prod: 0.128854, t_ads: 34.0, t_des: 30.4, bed_util_ads: 0.500, bed_util_des: 0.500, des_th: 0.4998386245356974,frac_lost: 0.102, li_recovered:  8.302, time: 0.009132929000770673
L: 44.73, u_super: 0.00444 — INFEASIBLE (li_recovered=0.000e+00), time: 0.001858315999925253
L: 24.22, u_super: 0.00190 — INFEASIBLE (li_recovered=0.000e+00), time: 0.0014176929998939158
L: 0.51, u_super: 0.00989, sec: 585.929, prod: 0.224340, t_ads: 20.1, t_des: 18.4, bed_util_ads: 0.498, bed_util_des: 0.498, des_th: 0.49784888314243,frac_lost: 0.104, li_recovered:  8.638, time: 0.005571529000008013
L: 0.50, u_super: 0.00482, sec: 264.736, prod: 0.108589, t_ads: 40.4, t_des: 36.5, bed_util_ads: 0.498, bed_util_des: 0.498, des_th: 0.4979904513857062,frac_lost: 0.106, li_recovered:  8.349, time: 0.005776887001047726
L: 0.50, u_super: 0.00536, sec: 295.939, prod: 0.121108, t_ads: 36.2, t_des: 33.6, bed_util_ads: 0.495, bed_util_des: 0.495, des_th: 0.4950606765545332,frac_lost: 0.101, li_recovered:  8.458, time: 0.008141231999616139
L: 0.50, u_super: 0.00897, sec: 517.474, prod: 0.203249, t_ads: 21.8, t_des: 19.8, bed_util_ads: 0.499, bed_util_des: 0.499, des_th: 0.4992250457911752,frac_lost: 0.105, li_recovered:  8.454, time: 0.008279367999421083
L: 0.50, u_super: 0.00046, sec: 26.943, prod: 0.009231, t_ads: 388.9, t_des: 361.5, bed_util_ads: 0.462, bed_util_des: 0.460, des_th: 0.4597708026377124,frac_lost: 0.105, li_recovered:  6.927, time: 0.008744736000153353
L: 18.27, u_super: 0.00780 — INFEASIBLE (li_recovered=0.000e+00), time: 0.0025193909987137886
L: 0.51, u_super: 0.00990, sec: 589.851, prod: 0.223116, t_ads: 20.1, t_des: 19.1, bed_util_ads: 0.494, bed_util_des: 0.494, des_th: 0.494048398579058,frac_lost: 0.106, li_recovered:  8.746, time: 0.006882374998895102
L: 0.50, u_super: 0.00530, sec: 292.625, prod: 0.119325, t_ads: 36.7, t_des: 32.5, bed_util_ads: 0.500, bed_util_des: 0.500, des_th: 0.4998386245356974,frac_lost: 0.103, li_recovered:  8.253, time: 0.006520151999211521
L: 0.50, u_super: 0.00075 — INFEASIBLE (li_recovered=0.000e+00), time: 0.0030656109993287828
L: 0.50, u_super: 0.00520, sec: 340.775, prod: 0.098551, t_ads: 37.3, t_des: 50.7, bed_util_ads: 0.447, bed_util_des: 0.446, des_th: 0.44607743207411366,frac_lost: 0.100, li_recovered:  8.670, time: 0.006699039000523044
L: 0.50, u_super: 0.00751, sec: 474.872, prod: 0.152491, t_ads: 26.1, t_des: 31.0, bed_util_ads: 0.464, bed_util_des: 0.464, des_th: 0.463877553273911,frac_lost: 0.107, li_recovered:  8.708, time: 0.008064202000241494
L: 0.50, u_super: 0.00887, sec: 510.832, prod: 0.200727, t_ads: 22.0, t_des: 20.5, bed_util_ads: 0.495, bed_util_des: 0.495, des_th: 0.49517186349213316,frac_lost: 0.104, li_recovered:  8.529, time: 0.006702065000354196
L: 0.50, u_super: 0.00679, sec: 460.284, prod: 0.127098, t_ads: 28.8, t_des: 39.6, bed_util_ads: 0.446, bed_util_des: 0.445, des_th: 0.445226914973559,frac_lost: 0.106, li_recovered:  8.703, time: 0.008751434999794583
L: 0.50, u_super: 0.00682, sec: 382.592, prod: 0.154565, t_ads: 28.5, t_des: 25.8, bed_util_ads: 0.499, bed_util_des: 0.499, des_th: 0.49915439227491587,frac_lost: 0.101, li_recovered:  8.387, time: 0.006194680998305557
L: 0.50, u_super: 0.00021 — INFEASIBLE (li_recovered=0.000e+00), time: 0.003593972000089707
L: 0.50, u_super: 0.00648, sec: 362.776, prod: 0.146752, t_ads: 29.9, t_des: 26.8, bed_util_ads: 0.499, bed_util_des: 0.499, des_th: 0.4992386215733012,frac_lost: 0.101, li_recovered:  8.322, time: 0.007870790001106798
L: 0.50, u_super: 0.00692, sec: 388.142, prod: 0.156689, t_ads: 28.1, t_des: 25.4, bed_util_ads: 0.499, bed_util_des: 0.499, des_th: 0.4992388490801481,frac_lost: 0.101, li_recovered:  8.375, time: 0.006775223000659025
L: 0.50, u_super: 0.00749, sec: 426.093, prod: 0.168956, t_ads: 26.2, t_des: 24.3, bed_util_ads: 0.495, bed_util_des: 0.495, des_th: 0.49511867968853235,frac_lost: 0.109, li_recovered:  8.535, time: 0.00810549600100785
L: 0.50, u_super: 0.00957, sec: 555.711, prod: 0.216855, t_ads: 20.4, t_des: 18.3, bed_util_ads: 0.500, bed_util_des: 0.500, des_th: 0.4999222731322992,frac_lost: 0.105, li_recovered:  8.403, time: 0.008173011001417763
L: 0.50, u_super: 0.00271, sec: 146.092, prod: 0.060619, t_ads: 71.2, t_des: 64.8, bed_util_ads: 0.494, bed_util_des: 0.494, des_th: 0.4941429233450286,frac_lost: 0.103, li_recovered:  8.240, time: 0.004575069999191328
L: 0.50, u_super: 0.00403, sec: 219.869, prod: 0.090195, t_ads: 48.3, t_des: 42.6, bed_util_ads: 0.500, bed_util_des: 0.500, des_th: 0.4995801367982683,frac_lost: 0.106, li_recovered:  8.201, time: 0.009117001998674823
L: 0.50, u_super: 0.00827, sec: 473.205, prod: 0.187012, t_ads: 23.7, t_des: 21.5, bed_util_ads: 0.500, bed_util_des: 0.500, des_th: 0.49961762432847096,frac_lost: 0.108, li_recovered:  8.451, time: 0.009068244000445702
L: 0.50, u_super: 0.00738, sec: 418.545, prod: 0.166853, t_ads: 26.5, t_des: 24.0, bed_util_ads: 0.499, bed_util_des: 0.498, des_th: 0.4983560947065921,frac_lost: 0.108, li_recovered:  8.441, time: 0.006077811998693505
L: 0.50, u_super: 0.00126, sec: 69.126, prod: 0.027287, t_ads: 150.3, t_des: 131.3, bed_util_ads: 0.493, bed_util_des: 0.492, des_th: 0.492480573443177,frac_lost: 0.104, li_recovered:  7.683, time: 0.008204722000300535
L: 0.50, u_super: 0.00163, sec: 89.453, prod: 0.035073, t_ads: 117.9, t_des: 99.0, bed_util_ads: 0.500, bed_util_des: 0.500, des_th: 0.49982790240725133,frac_lost: 0.107, li_recovered:  7.607, time: 0.006140193001556327
L: 0.50, u_super: 0.00697, sec: 391.839, prod: 0.157944, t_ads: 27.9, t_des: 25.8, bed_util_ads: 0.497, bed_util_des: 0.496, des_th: 0.49651347372166743,frac_lost: 0.100, li_recovered:  8.478, time: 0.006743407999238116
L: 0.50, u_super: 0.00939, sec: 803.714, prod: 0.144075, t_ads: 20.7, t_des: 39.9, bed_util_ads: 0.406, bed_util_des: 0.405, des_th: 0.4048946121402517,frac_lost: 0.100, li_recovered:  8.737, time: 0.006017642999722739
L: 27.34, u_super: 0.00900 — INFEASIBLE (li_recovered=0.000e+00), time: 0.003112763999524759
L: 0.50, u_super: 0.00242, sec: 135.441, prod: 0.051862, t_ads: 79.6, t_des: 84.6, bed_util_ads: 0.473, bed_util_des: 0.472, des_th: 0.47234188937052773,frac_lost: 0.102, li_recovered:  8.516, time: 0.0048689539999031695
L: 0.50, u_super: 0.00339, sec: 183.516, prod: 0.076301, t_ads: 56.9, t_des: 52.4, bed_util_ads: 0.494, bed_util_des: 0.494, des_th: 0.4939003525197736,frac_lost: 0.100, li_recovered:  8.341, time: 0.00592736099861213
L: 1.07, u_super: 0.00278, sec: 332.074, prod: 0.059865, t_ads: 145.8, t_des: 125.8, bed_util_ads: 0.494, bed_util_des: 0.494, des_th: 0.4941429233450286,frac_lost: 0.104, li_recovered:  16.263, time: 0.005520939999769325
L: 4.64, u_super: 0.00027 — INFEASIBLE (li_recovered=0.000e+00), time: 0.0008598219992563827
L: 0.50, u_super: 0.00467, sec: 256.208, prod: 0.104961, t_ads: 41.7, t_des: 37.2, bed_util_ads: 0.499, bed_util_des: 0.499, des_th: 0.4992522288116147,frac_lost: 0.106, li_recovered:  8.287, time: 0.006103901998358197
L: 0.51, u_super: 0.00905, sec: 531.367, prod: 0.204974, t_ads: 22.0, t_des: 19.9, bed_util_ads: 0.499, bed_util_des: 0.499, des_th: 0.4992208639973299,frac_lost: 0.107, li_recovered:  8.587, time: 0.005665855000188458
L: 0.50, u_super: 0.00648, sec: 363.597, prod: 0.146888, t_ads: 30.0, t_des: 27.9, bed_util_ads: 0.495, bed_util_des: 0.495, des_th: 0.49499450824437574,frac_lost: 0.100, li_recovered:  8.499, time: 0.004257733000486041
    34 |     1360 |     40 |  0.0018421136 |             f
L: 0.50, u_super: 0.00912, sec: 669.310, prod: 0.162774, t_ads: 21.5, t_des: 32.2, bed_util_ads: 0.436, bed_util_des: 0.436, des_th: 0.4356164483403566,frac_lost: 0.104, li_recovered:  8.734, time: 0.007363546999840764
L: 0.50, u_super: 0.00299, sec: 161.493, prod: 0.066906, t_ads: 64.8, t_des: 60.1, bed_util_ads: 0.493, bed_util_des: 0.493, des_th: 0.4926387147763353,frac_lost: 0.105, li_recovered:  8.355, time: 0.005997000000206754
L: 0.50, u_super: 0.00772, sec: 437.540, prod: 0.175135, t_ads: 25.1, t_des: 22.7, bed_util_ads: 0.499, bed_util_des: 0.499, des_th: 0.4988216663589804,frac_lost: 0.100, li_recovered:  8.373, time: 0.004925543000354082
L: 0.50, u_super: 0.00118, sec: 66.057, prod: 0.024887, t_ads: 160.9, t_des: 170.7, bed_util_ads: 0.467, bed_util_des: 0.465, des_th: 0.46537460990089957,frac_lost: 0.103, li_recovered:  8.253, time: 0.010019822999311145
L: 0.50, u_super: 0.00172, sec: 96.374, prod: 0.036542, t_ads: 111.0, t_des: 119.1, bed_util_ads: 0.470, bed_util_des: 0.468, des_th: 0.46836633221426577,frac_lost: 0.101, li_recovered:  8.410, time: 0.0067965070011268836
L: 0.50, u_super: 0.00332, sec: 180.061, prod: 0.074324, t_ads: 58.7, t_des: 53.6, bed_util_ads: 0.495, bed_util_des: 0.495, des_th: 0.4947108406259993,frac_lost: 0.107, li_recovered:  8.348, time: 0.007335100999625865
L: 0.50, u_super: 0.00511, sec: 281.211, prod: 0.115162, t_ads: 38.1, t_des: 35.2, bed_util_ads: 0.495, bed_util_des: 0.495, des_th: 0.49494310054693647,frac_lost: 0.104, li_recovered:  8.442, time: 0.005285685998387635
L: 0.50, u_super: 0.00372, sec: 202.486, prod: 0.083588, t_ads: 52.2, t_des: 47.4, bed_util_ads: 0.496, bed_util_des: 0.496, des_th: 0.4957256295302312,frac_lost: 0.106, li_recovered:  8.328, time: 0.006750311000359943
L: 19.28, u_super: 0.00682 — INFEASIBLE (li_recovered=0.000e+00), time: 0.001722458999211085
L: 0.50, u_super: 0.00724, sec: 411.338, prod: 0.163339, t_ads: 27.2, t_des: 24.3, bed_util_ads: 0.500, bed_util_des: 0.500, des_th: 0.49989178329282985,frac_lost: 0.110, li_recovered:  8.423, time: 0.0048203549995378125
L: 0.50, u_super: 0.00330, sec: 178.785, prod: 0.073775, t_ads: 59.1, t_des: 53.3, bed_util_ads: 0.496, bed_util_des: 0.496, des_th: 0.4957256295302312,frac_lost: 0.108, li_recovered:  8.294, time: 0.008866759999364149
L: 0.50, u_super: 0.00455, sec: 269.052, prod: 0.094745, t_ads: 42.7, t_des: 48.6, bed_util_ads: 0.468, bed_util_des: 0.467, des_th: 0.46732372691193136,frac_lost: 0.101, li_recovered:  8.649, time: 0.004700735000369605
L: 0.50, u_super: 0.00476, sec: 268.786, prod: 0.104451, t_ads: 40.8, t_des: 41.8, bed_util_ads: 0.482, bed_util_des: 0.482, des_th: 0.48188412689059607,frac_lost: 0.104, li_recovered:  8.629, time: 0.007828736001101788
L: 0.50, u_super: 0.00774, sec: 438.868, prod: 0.175688, t_ads: 25.1, t_des: 22.7, bed_util_ads: 0.499, bed_util_des: 0.499, des_th: 0.4988216663589804,frac_lost: 0.100, li_recovered:  8.389, time: 0.0070025469995016465
L: 0.50, u_super: 0.00546, sec: 347.710, prod: 0.106901, t_ads: 35.6, t_des: 45.6, bed_util_ads: 0.455, bed_util_des: 0.454, des_th: 0.45403453818665285,frac_lost: 0.101, li_recovered:  8.680, time: 0.005692058999557048
L: 0.50, u_super: 0.00040, sec: 23.552, prod: 0.007822, t_ads: 448.0, t_des: 474.2, bed_util_ads: 0.440, bed_util_des: 0.435, des_th: 0.4356164483403566,frac_lost: 0.102, li_recovered:  7.214, time: 0.004297505000067758
L: 0.50, u_super: 0.00433, sec: 236.990, prod: 0.097448, t_ads: 44.9, t_des: 41.5, bed_util_ads: 0.495, bed_util_des: 0.495, des_th: 0.49504972819153586,frac_lost: 0.106, li_recovered:  8.425, time: 0.006352970000079949
L: 0.50, u_super: 0.00883, sec: 512.189, prod: 0.199441, t_ads: 22.2, t_des: 20.9, bed_util_ads: 0.495, bed_util_des: 0.495, des_th: 0.49512728578874105,frac_lost: 0.106, li_recovered:  8.600, time: 0.004703887998402934
L: 0.50, u_super: 0.00878, sec: 505.671, prod: 0.198649, t_ads: 22.3, t_des: 20.0, bed_util_ads: 0.500, bed_util_des: 0.500, des_th: 0.49977600848041703,frac_lost: 0.107, li_recovered:  8.416, time: 0.005613065999568789
L: 0.50, u_super: 0.00969, sec: 563.275, prod: 0.219512, t_ads: 20.1, t_des: 18.7, bed_util_ads: 0.497, bed_util_des: 0.497, des_th: 0.49656600955771185,frac_lost: 0.104, li_recovered:  8.530, time: 0.004391718000988476
L: 4.59, u_super: 0.00070 — INFEASIBLE (li_recovered=0.000e+00), time: 0.0008692329993209569
L: 0.50, u_super: 0.00835, sec: 599.530, prod: 0.151465, t_ads: 23.4, t_des: 34.3, bed_util_ads: 0.439, bed_util_des: 0.438, des_th: 0.43836527348793713,frac_lost: 0.103, li_recovered:  8.752, time: 0.00747075099934591
L: 0.50, u_super: 0.00835, sec: 480.212, prod: 0.188909, t_ads: 23.5, t_des: 21.3, bed_util_ads: 0.500, bed_util_des: 0.500, des_th: 0.49992447488925357,frac_lost: 0.107, li_recovered:  8.469, time: 0.003818168999714544
L: 0.50, u_super: 0.00396, sec: 216.307, prod: 0.088977, t_ads: 49.1, t_des: 45.9, bed_util_ads: 0.493, bed_util_des: 0.492, des_th: 0.492480573443177,frac_lost: 0.105, li_recovered:  8.454, time: 0.007420762000037939
L: 0.50, u_super: 0.00950, sec: 595.067, prod: 0.199470, t_ads: 20.5, t_des: 23.1, bed_util_ads: 0.472, bed_util_des: 0.472, des_th: 0.4719288441800984,frac_lost: 0.103, li_recovered:  8.713, time: 0.00493665899921325
L: 0.50, u_super: 0.00172, sec: 93.996, prod: 0.037441, t_ads: 111.0, t_des: 112.2, bed_util_ads: 0.477, bed_util_des: 0.476, des_th: 0.4759177255887554,frac_lost: 0.102, li_recovered:  8.360, time: 0.006311069999355823
L: 0.50, u_super: 0.00619, sec: 346.245, prod: 0.139782, t_ads: 31.6, t_des: 28.8, bed_util_ads: 0.498, bed_util_des: 0.498, des_th: 0.4981691041727368,frac_lost: 0.108, li_recovered:  8.441, time: 0.004126693000216619
L: 0.50, u_super: 0.00489, sec: 274.743, prod: 0.107711, t_ads: 39.8, t_des: 40.3, bed_util_ads: 0.484, bed_util_des: 0.483, des_th: 0.4832075342295447,frac_lost: 0.103, li_recovered:  8.617, time: 0.006225578001249232
L: 0.50, u_super: 0.00271, sec: 147.170, prod: 0.060166, t_ads: 71.1, t_des: 61.8, bed_util_ads: 0.499, bed_util_des: 0.499, des_th: 0.499225124453305,frac_lost: 0.103, li_recovered:  7.992, time: 0.005883380001250771
L: 0.50, u_super: 0.00500, sec: 275.133, prod: 0.112539, t_ads: 38.9, t_des: 34.7, bed_util_ads: 0.500, bed_util_des: 0.500, des_th: 0.4999248764272449,frac_lost: 0.104, li_recovered:  8.287, time: 0.005194557999857352
L: 0.50, u_super: 0.00834, sec: 477.644, prod: 0.188575, t_ads: 23.5, t_des: 21.3, bed_util_ads: 0.499, bed_util_des: 0.499, des_th: 0.4992208639973299,frac_lost: 0.108, li_recovered:  8.447, time: 0.0064155559994105715
L: 0.50, u_super: 0.00088 — INFEASIBLE (li_recovered=0.000e+00), time: 0.004404250999868964
L: 0.50, u_super: 0.00961, sec: 614.611, prod: 0.197809, t_ads: 20.3, t_des: 23.8, bed_util_ads: 0.467, bed_util_des: 0.467, des_th: 0.46667812918320406,frac_lost: 0.104, li_recovered:  8.717, time: 0.007704625000769738
L: 0.50, u_super: 0.00399, sec: 217.447, prod: 0.089666, t_ads: 48.8, t_des: 44.5, bed_util_ads: 0.495, bed_util_des: 0.495, des_th: 0.4950087044742685,frac_lost: 0.107, li_recovered:  8.368, time: 0.00639382699955604
L: 0.50, u_super: 0.00788, sec: 449.146, prod: 0.178143, t_ads: 24.9, t_des: 22.6, bed_util_ads: 0.499, bed_util_des: 0.499, des_th: 0.49913233659472744,frac_lost: 0.108, li_recovered:  8.455, time: 0.00728566799989494
L: 0.50, u_super: 0.00339, sec: 184.051, prod: 0.075986, t_ads: 57.3, t_des: 53.1, bed_util_ads: 0.494, bed_util_des: 0.494, des_th: 0.4939003525197736,frac_lost: 0.107, li_recovered:  8.393, time: 0.006763780000255792
L: 0.50, u_super: 0.00505, sec: 277.944, prod: 0.113928, t_ads: 38.5, t_des: 35.7, bed_util_ads: 0.496, bed_util_des: 0.496, des_th: 0.49560815556040794,frac_lost: 0.104, li_recovered:  8.445, time: 0.0066581549999682466
L: 0.50, u_super: 0.00353, sec: 191.753, prod: 0.079139, t_ads: 55.1, t_des: 49.9, bed_util_ads: 0.496, bed_util_des: 0.496, des_th: 0.4957256295302312,frac_lost: 0.107, li_recovered:  8.309, time: 0.005195077999815112
L: 0.50, u_super: 0.00271, sec: 145.929, prod: 0.060636, t_ads: 71.1, t_des: 64.6, bed_util_ads: 0.495, bed_util_des: 0.494, des_th: 0.49421182179135204,frac_lost: 0.103, li_recovered:  8.228, time: 0.00680411499888578
L: 0.51, u_super: 0.00210, sec: 116.186, prod: 0.045872, t_ads: 93.0, t_des: 79.4, bed_util_ads: 0.500, bed_util_des: 0.500, des_th: 0.49995484693870884,frac_lost: 0.102, li_recovered:  7.909, time: 0.0036618809990613954
    35 |     1400 |     40 |  0.0045861486 |             f
L: 0.50, u_super: 0.00313, sec: 168.801, prod: 0.070220, t_ads: 61.6, t_des: 56.2, bed_util_ads: 0.495, bed_util_des: 0.494, des_th: 0.49421182179135204,frac_lost: 0.102, li_recovered:  8.269, time: 0.004637031999664032
L: 0.51, u_super: 0.00210, sec: 115.013, prod: 0.046339, t_ads: 93.8, t_des: 83.7, bed_util_ads: 0.496, bed_util_des: 0.495, des_th: 0.49523321525964625,frac_lost: 0.108, li_recovered:  8.225, time: 0.006100783000874799
L: 0.50, u_super: 0.00103 — INFEASIBLE (li_recovered=0.000e+00), time: 0.004338707998613245
L: 0.50, u_super: 0.00285, sec: 153.190, prod: 0.063735, t_ads: 67.7, t_des: 62.6, bed_util_ads: 0.493, bed_util_des: 0.493, des_th: 0.4926387147763353,frac_lost: 0.101, li_recovered:  8.309, time: 0.0042172769990429515
L: 0.50, u_super: 0.00619, sec: 345.369, prod: 0.140137, t_ads: 31.4, t_des: 29.0, bed_util_ads: 0.495, bed_util_des: 0.495, des_th: 0.4951310269497542,frac_lost: 0.102, li_recovered:  8.466, time: 0.007146638999984134
L: 0.50, u_super: 0.00242, sec: 131.303, prod: 0.053505, t_ads: 79.8, t_des: 69.2, bed_util_ads: 0.499, bed_util_des: 0.499, des_th: 0.4992772461505582,frac_lost: 0.105, li_recovered:  7.972, time: 0.006280135999986669
L: 0.51, u_super: 0.00433, sec: 243.541, prod: 0.096405, t_ads: 45.6, t_des: 44.6, bed_util_ads: 0.488, bed_util_des: 0.487, des_th: 0.4873858823867836,frac_lost: 0.105, li_recovered:  8.704, time: 0.007425416999467416
L: 0.50, u_super: 0.00750, sec: 424.559, prod: 0.170019, t_ads: 25.9, t_des: 23.1, bed_util_ads: 0.500, bed_util_des: 0.500, des_th: 0.49979261361469074,frac_lost: 0.100, li_recovered:  8.328, time: 0.005837898999743629
L: 0.50, u_super: 0.00106 — INFEASIBLE (li_recovered=0.000e+00), time: 0.004423483998834854
L: 0.50, u_super: 0.00111, sec: 61.098, prod: 0.023568, t_ads: 170.0, t_des: 146.5, bed_util_ads: 0.493, bed_util_des: 0.492, des_th: 0.49241824245196686,frac_lost: 0.101, li_recovered:  7.459, time: 0.0061751440007355995
L: 0.50, u_super: 0.00290, sec: 192.124, prod: 0.052860, t_ads: 67.1, t_des: 95.8, bed_util_ads: 0.438, bed_util_des: 0.436, des_th: 0.4356164483403566,frac_lost: 0.106, li_recovered:  8.607, time: 0.0075964160005241865
L: 0.50, u_super: 0.00619, sec: 350.804, prod: 0.137966, t_ads: 31.4, t_des: 31.1, bed_util_ads: 0.487, bed_util_des: 0.487, des_th: 0.48695972494960177,frac_lost: 0.103, li_recovered:  8.629, time: 0.005760071999247884
L: 0.50, u_super: 0.00801, sec: 456.958, prod: 0.181234, t_ads: 24.4, t_des: 22.2, bed_util_ads: 0.499, bed_util_des: 0.499, des_th: 0.4991282978963573,frac_lost: 0.107, li_recovered:  8.451, time: 0.0086330239992094
L: 0.51, u_super: 0.00990, sec: 586.526, prod: 0.224396, t_ads: 20.1, t_des: 18.2, bed_util_ads: 0.500, bed_util_des: 0.500, des_th: 0.49952746023749245,frac_lost: 0.105, li_recovered:  8.597, time: 0.006733566000548308
L: 0.50, u_super: 0.00932, sec: 542.636, prod: 0.210317, t_ads: 21.0, t_des: 19.9, bed_util_ads: 0.493, bed_util_des: 0.493, des_th: 0.49278443958073886,frac_lost: 0.104, li_recovered:  8.601, time: 0.007199665000371169
L: 0.51, u_super: 0.00697, sec: 398.738, prod: 0.157952, t_ads: 28.4, t_des: 26.0, bed_util_ads: 0.497, bed_util_des: 0.497, des_th: 0.49651347372166743,frac_lost: 0.101, li_recovered:  8.590, time: 0.00650682999912533
L: 0.50, u_super: 0.00859, sec: 495.952, prod: 0.194359, t_ads: 22.9, t_des: 20.7, bed_util_ads: 0.499, bed_util_des: 0.499, des_th: 0.4992208639973299,frac_lost: 0.108, li_recovered:  8.484, time: 0.006986516000324627
L: 0.50, u_super: 0.00648, sec: 363.397, prod: 0.146548, t_ads: 30.0, t_des: 28.0, bed_util_ads: 0.495, bed_util_des: 0.495, des_th: 0.49499450824437574,frac_lost: 0.103, li_recovered:  8.511, time: 0.006880945000375505
L: 0.50, u_super: 0.00981, sec: 573.449, prod: 0.222551, t_ads: 20.0, t_des: 18.0, bed_util_ads: 0.500, bed_util_des: 0.500, des_th: 0.49978284889851965,frac_lost: 0.104, li_recovered:  8.443, time: 0.006941150999409729
L: 0.50, u_super: 0.00890, sec: 516.093, prod: 0.200832, t_ads: 22.1, t_des: 20.8, bed_util_ads: 0.495, bed_util_des: 0.495, des_th: 0.49512721188439035,frac_lost: 0.106, li_recovered:  8.604, time: 0.004984189001334016
L: 0.50, u_super: 0.00548, sec: 303.193, prod: 0.123811, t_ads: 35.4, t_des: 31.8, bed_util_ads: 0.500, bed_util_des: 0.500, des_th: 0.49957139883581947,frac_lost: 0.102, li_recovered:  8.318, time: 0.005385828000726178
L: 0.50, u_super: 0.00932, sec: 539.856, prod: 0.211433, t_ads: 20.9, t_des: 19.3, bed_util_ads: 0.498, bed_util_des: 0.498, des_th: 0.49758099293533287,frac_lost: 0.103, li_recovered:  8.507, time: 0.004571976998704486
L: 0.50, u_super: 0.00827, sec: 474.614, prod: 0.186555, t_ads: 23.7, t_des: 22.3, bed_util_ads: 0.495, bed_util_des: 0.494, des_th: 0.4944636508584669,frac_lost: 0.106, li_recovered:  8.569, time: 0.006012267998812604
L: 0.50, u_super: 0.00905, sec: 522.524, prod: 0.205113, t_ads: 21.6, t_des: 19.6, bed_util_ads: 0.499, bed_util_des: 0.499, des_th: 0.4992322972780587,frac_lost: 0.106, li_recovered:  8.447, time: 0.00442529999963881
L: 28.92, u_super: 0.00697 — INFEASIBLE (li_recovered=0.000e+00), time: 0.0011913510006706929
L: 0.50, u_super: 0.00782, sec: 445.162, prod: 0.176735, t_ads: 24.9, t_des: 23.6, bed_util_ads: 0.493, bed_util_des: 0.492, des_th: 0.492480573443177,frac_lost: 0.101, li_recovered:  8.562, time: 0.005160868000530172
L: 0.50, u_super: 0.00210, sec: 112.890, prod: 0.046682, t_ads: 91.0, t_des: 81.9, bed_util_ads: 0.495, bed_util_des: 0.494, des_th: 0.4941771162342088,frac_lost: 0.100, li_recovered:  8.071, time: 0.004056616000525537
L: 0.50, u_super: 0.00046 — INFEASIBLE (li_recovered=0.000e+00), time: 0.0022159069994813763
L: 0.50, u_super: 0.00597, sec: 353.156, prod: 0.126955, t_ads: 32.6, t_des: 35.8, bed_util_ads: 0.474, bed_util_des: 0.474, des_th: 0.47392635585529763,frac_lost: 0.102, li_recovered:  8.679, time: 0.004053709999425337
L: 19.51, u_super: 0.00957 — INFEASIBLE (li_recovered=0.000e+00), time: 0.002097954000419122
L: 4.16, u_super: 0.00765 — INFEASIBLE (li_recovered=0.000e+00), time: 0.002320641999176587
L: 0.50, u_super: 0.00458, sec: 251.456, prod: 0.103108, t_ads: 42.5, t_des: 37.8, bed_util_ads: 0.500, bed_util_des: 0.500, des_th: 0.4998075788361381,frac_lost: 0.105, li_recovered:  8.279, time: 0.004048397000588011
L: 0.50, u_super: 0.00905, sec: 522.553, prod: 0.205040, t_ads: 21.6, t_des: 19.6, bed_util_ads: 0.499, bed_util_des: 0.499, des_th: 0.4992208639973299,frac_lost: 0.106, li_recovered:  8.444, time: 0.003965769999922486
L: 0.50, u_super: 0.00825, sec: 472.754, prod: 0.186571, t_ads: 23.7, t_des: 22.0, bed_util_ads: 0.495, bed_util_des: 0.495, des_th: 0.49512728578874105,frac_lost: 0.106, li_recovered:  8.534, time: 0.0037675240000680787
L: 0.50, u_super: 0.00084, sec: 46.133, prod: 0.017847, t_ads: 224.3, t_des: 213.4, bed_util_ads: 0.476, bed_util_des: 0.474, des_th: 0.47436483709851807,frac_lost: 0.107, li_recovered:  7.810, time: 0.003789709999182378
L: 0.50, u_super: 0.00788, sec: 449.495, prod: 0.178004, t_ads: 24.9, t_des: 22.6, bed_util_ads: 0.499, bed_util_des: 0.499, des_th: 0.4990651095169843,frac_lost: 0.109, li_recovered:  8.452, time: 0.003748716999325552
L: 3.11, u_super: 0.00052 — INFEASIBLE (li_recovered=0.000e+00), time: 0.0011733369992725784
L: 29.51, u_super: 0.00916 — INFEASIBLE (li_recovered=0.000e+00), time: 0.0013609199995698873
L: 0.50, u_super: 0.00458, sec: 251.588, prod: 0.103084, t_ads: 42.5, t_des: 39.7, bed_util_ads: 0.494, bed_util_des: 0.494, des_th: 0.49400735278066565,frac_lost: 0.105, li_recovered:  8.470, time: 0.004904037999949651
L: 0.50, u_super: 0.00366, sec: 198.662, prod: 0.082206, t_ads: 53.0, t_des: 48.7, bed_util_ads: 0.495, bed_util_des: 0.495, des_th: 0.4950500607769676,frac_lost: 0.105, li_recovered:  8.367, time: 0.005223076001129812
    36 |     1440 |     40 |  0.0024671217 |             f
L: 6.17, u_super: 0.00370 — INFEASIBLE (li_recovered=0.000e+00), time: 0.0029347189993131906
L: 0.50, u_super: 0.00027 — INFEASIBLE (li_recovered=0.000e+00), time: 0.001729532999888761
L: 0.50, u_super: 0.00541, sec: 298.879, prod: 0.122116, t_ads: 35.9, t_des: 32.1, bed_util_ads: 0.500, bed_util_des: 0.500, des_th: 0.49964739229909844,frac_lost: 0.101, li_recovered:  8.298, time: 0.00412955599858833
L: 0.50, u_super: 0.00582, sec: 323.373, prod: 0.131604, t_ads: 33.4, t_des: 30.2, bed_util_ads: 0.498, bed_util_des: 0.498, des_th: 0.49815152226337833,frac_lost: 0.103, li_recovered:  8.380, time: 0.006271266998737701
L: 0.50, u_super: 0.00482, sec: 264.779, prod: 0.108661, t_ads: 40.4, t_des: 36.5, bed_util_ads: 0.498, bed_util_des: 0.498, des_th: 0.49809593697451743,frac_lost: 0.104, li_recovered:  8.347, time: 0.004429850001542945
L: 0.50, u_super: 0.00257, sec: 138.377, prod: 0.057410, t_ads: 75.0, t_des: 68.5, bed_util_ads: 0.494, bed_util_des: 0.494, des_th: 0.4941147852429986,frac_lost: 0.104, li_recovered:  8.239, time: 0.004758085999128525
L: 0.50, u_super: 0.00802, sec: 460.142, prod: 0.181232, t_ads: 24.6, t_des: 21.9, bed_util_ads: 0.500, bed_util_des: 0.500, des_th: 0.49992447488925357,frac_lost: 0.109, li_recovered:  8.428, time: 0.005421152000053553
L: 0.50, u_super: 0.00977, sec: 568.114, prod: 0.221616, t_ads: 20.0, t_des: 18.1, bed_util_ads: 0.500, bed_util_des: 0.500, des_th: 0.49993499107406486,frac_lost: 0.104, li_recovered:  8.444, time: 0.005537602999538649
L: 0.50, u_super: 0.00022 — INFEASIBLE (li_recovered=0.000e+00), time: 0.002788228999634157
L: 0.51, u_super: 0.00966, sec: 572.122, prod: 0.218425, t_ads: 20.6, t_des: 19.3, bed_util_ads: 0.494, bed_util_des: 0.494, des_th: 0.4943048544180788,frac_lost: 0.104, li_recovered:  8.710, time: 0.004561237001325935
L: 0.50, u_super: 0.00053, sec: 31.733, prod: 0.010496, t_ads: 344.0, t_des: 391.5, bed_util_ads: 0.441, bed_util_des: 0.435, des_th: 0.4356164483403566,frac_lost: 0.103, li_recovered:  7.720, time: 0.005094310999993468
L: 0.50, u_super: 0.00526, sec: 290.575, prod: 0.118787, t_ads: 36.9, t_des: 33.0, bed_util_ads: 0.499, bed_util_des: 0.499, des_th: 0.49866185354506637,frac_lost: 0.102, li_recovered:  8.307, time: 0.0047850669998297235
L: 0.50, u_super: 0.00651, sec: 364.382, prod: 0.147247, t_ads: 29.8, t_des: 26.7, bed_util_ads: 0.499, bed_util_des: 0.499, des_th: 0.49936840751549305,frac_lost: 0.101, li_recovered:  8.319, time: 0.004209755999909248
L: 0.50, u_super: 0.00957, sec: 556.901, prod: 0.216967, t_ads: 20.5, t_des: 18.5, bed_util_ads: 0.500, bed_util_des: 0.500, des_th: 0.49993503972751735,frac_lost: 0.105, li_recovered:  8.460, time: 0.004164940999544342
L: 0.50, u_super: 0.00086, sec: 47.314, prod: 0.018409, t_ads: 216.6, t_des: 202.8, bed_util_ads: 0.477, bed_util_des: 0.476, des_th: 0.47607644528513804,frac_lost: 0.102, li_recovered:  7.720, time: 0.004822565999347717
L: 0.50, u_super: 0.00369, sec: 200.863, prod: 0.082612, t_ads: 52.7, t_des: 46.7, bed_util_ads: 0.499, bed_util_des: 0.499, des_th: 0.4991379725493097,frac_lost: 0.106, li_recovered:  8.210, time: 0.004102218999832985
L: 0.50, u_super: 0.00420, sec: 229.204, prod: 0.094636, t_ads: 46.2, t_des: 42.3, bed_util_ads: 0.495, bed_util_des: 0.495, des_th: 0.4950087044742685,frac_lost: 0.104, li_recovered:  8.372, time: 0.004506216999288881
L: 0.50, u_super: 0.00452, sec: 248.789, prod: 0.101367, t_ads: 43.3, t_des: 38.1, bed_util_ads: 0.500, bed_util_des: 0.500, des_th: 0.49991425162213754,frac_lost: 0.105, li_recovered:  8.250, time: 0.003748577000806108
L: 0.50, u_super: 0.00905, sec: 522.993, prod: 0.204925, t_ads: 21.6, t_des: 19.6, bed_util_ads: 0.499, bed_util_des: 0.499, des_th: 0.49916476279605193,frac_lost: 0.107, li_recovered:  8.451, time: 0.0060997450000286335
L: 0.50, u_super: 0.00572, sec: 318.074, prod: 0.129248, t_ads: 34.1, t_des: 31.6, bed_util_ads: 0.495, bed_util_des: 0.495, des_th: 0.4949962157677192,frac_lost: 0.102, li_recovered:  8.489, time: 0.005431243000202812
L: 0.50, u_super: 0.00832, sec: 475.733, prod: 0.188300, t_ads: 23.5, t_des: 21.4, bed_util_ads: 0.499, bed_util_des: 0.499, des_th: 0.4991282978963573,frac_lost: 0.106, li_recovered:  8.447, time: 0.005554540999582969
L: 0.50, u_super: 0.00617, sec: 343.830, prod: 0.139688, t_ads: 31.5, t_des: 28.5, bed_util_ads: 0.498, bed_util_des: 0.498, des_th: 0.4980273670933093,frac_lost: 0.102, li_recovered:  8.376, time: 0.007435153000187711
L: 0.50, u_super: 0.00536, sec: 295.942, prod: 0.121050, t_ads: 36.3, t_des: 33.5, bed_util_ads: 0.495, bed_util_des: 0.495, des_th: 0.4950606765545332,frac_lost: 0.102, li_recovered:  8.446, time: 0.006853045999378082
L: 0.50, u_super: 0.00403, sec: 219.220, prod: 0.090462, t_ads: 48.3, t_des: 44.6, bed_util_ads: 0.495, bed_util_des: 0.495, des_th: 0.49490321859467035,frac_lost: 0.105, li_recovered:  8.406, time: 0.007266337001055945
L: 0.50, u_super: 0.00087, sec: 47.718, prod: 0.018557, t_ads: 216.1, t_des: 205.9, bed_util_ads: 0.476, bed_util_des: 0.474, des_th: 0.47436483709851807,frac_lost: 0.105, li_recovered:  7.831, time: 0.01183816099910473
L: 0.50, u_super: 0.00360, sec: 195.532, prod: 0.080824, t_ads: 54.0, t_des: 49.4, bed_util_ads: 0.496, bed_util_des: 0.496, des_th: 0.4957256295302312,frac_lost: 0.106, li_recovered:  8.353, time: 0.005802484000014374
L: 0.50, u_super: 0.00963, sec: 559.813, prod: 0.218229, t_ads: 20.3, t_des: 18.4, bed_util_ads: 0.500, bed_util_des: 0.500, des_th: 0.49992192024776033,frac_lost: 0.106, li_recovered:  8.452, time: 0.005286254001475754
L: 54.88, u_super: 0.00918 — INFEASIBLE (li_recovered=0.000e+00), time: 0.0015846509995753877
L: 5.50, u_super: 0.00281 — INFEASIBLE (li_recovered=0.000e+00), time: 0.0024502590003976366
L: 0.50, u_super: 0.00330, sec: 178.808, prod: 0.073766, t_ads: 59.1, t_des: 53.3, bed_util_ads: 0.496, bed_util_des: 0.496, des_th: 0.4957256295302312,frac_lost: 0.108, li_recovered:  8.294, time: 0.005444954000267899
L: 0.50, u_super: 0.00594, sec: 330.509, prod: 0.134353, t_ads: 32.7, t_des: 30.3, bed_util_ads: 0.495, bed_util_des: 0.495, des_th: 0.49501899252514614,frac_lost: 0.102, li_recovered:  8.471, time: 0.006593035001060343
L: 0.50, u_super: 0.00620, sec: 345.618, prod: 0.140323, t_ads: 31.3, t_des: 28.1, bed_util_ads: 0.499, bed_util_des: 0.499, des_th: 0.49926738476369503,frac_lost: 0.100, li_recovered:  8.330, time: 0.008123509000142803
L: 0.51, u_super: 0.00866, sec: 504.678, prod: 0.196468, t_ads: 22.8, t_des: 20.6, bed_util_ads: 0.499, bed_util_des: 0.499, des_th: 0.4992208639973299,frac_lost: 0.101, li_recovered:  8.527, time: 0.006793847000153619
L: 0.50, u_super: 0.00464, sec: 254.502, prod: 0.104354, t_ads: 42.1, t_des: 37.9, bed_util_ads: 0.498, bed_util_des: 0.498, des_th: 0.49801736557200843,frac_lost: 0.107, li_recovered:  8.350, time: 0.006338997000057134
L: 16.14, u_super: 0.00179 — INFEASIBLE (li_recovered=0.000e+00), time: 0.0011227800005144672
L: 0.50, u_super: 0.00207, sec: 111.628, prod: 0.045847, t_ads: 93.5, t_des: 84.5, bed_util_ads: 0.493, bed_util_des: 0.492, des_th: 0.492480573443177,frac_lost: 0.108, li_recovered:  8.157, time: 0.007314645999940694
L: 0.50, u_super: 0.00801, sec: 456.508, prod: 0.181413, t_ads: 24.4, t_des: 22.1, bed_util_ads: 0.500, bed_util_des: 0.499, des_th: 0.4994040632634197,frac_lost: 0.105, li_recovered:  8.435, time: 0.008770768999966094
L: 0.50, u_super: 0.00701, sec: 394.203, prod: 0.158928, t_ads: 27.7, t_des: 25.7, bed_util_ads: 0.496, bed_util_des: 0.496, des_th: 0.49622040081588636,frac_lost: 0.100, li_recovered:  8.480, time: 0.008417045999522088
L: 0.50, u_super: 0.00682, sec: 382.869, prod: 0.154456, t_ads: 28.4, t_des: 25.5, bed_util_ads: 0.499, bed_util_des: 0.499, des_th: 0.49922192675692256,frac_lost: 0.100, li_recovered:  8.325, time: 0.005733271000281093
L: 0.50, u_super: 0.00040, sec: 24.337, prod: 0.007561, t_ads: 452.2, t_des: 526.4, bed_util_ads: 0.427, bed_util_des: 0.420, des_th: 0.4198738283461377,frac_lost: 0.102, li_recovered:  7.400, time: 0.00666778499908105
    37 |     1480 |     40 |  0.0041680901 |             f
L: 0.50, u_super: 0.00102, sec: 56.843, prod: 0.021415, t_ads: 185.0, t_des: 156.5, bed_util_ads: 0.493, bed_util_des: 0.493, des_th: 0.4928077017026545,frac_lost: 0.105, li_recovered:  7.314, time: 0.007333608000408276
L: 0.50, u_super: 0.00136, sec: 115.076, prod: 0.018993, t_ads: 141.8, t_des: 306.6, bed_util_ads: 0.380, bed_util_des: 0.373, des_th: 0.37277157883658846,frac_lost: 0.103, li_recovered:  8.516, time: 0.013577276999058085
L: 0.50, u_super: 0.00344, sec: 186.753, prod: 0.077014, t_ads: 56.7, t_des: 51.1, bed_util_ads: 0.498, bed_util_des: 0.497, des_th: 0.49747040962670336,frac_lost: 0.109, li_recovered:  8.302, time: 0.013060358000075212
L: 0.50, u_super: 0.00841, sec: 481.488, prod: 0.190361, t_ads: 23.3, t_des: 21.1, bed_util_ads: 0.499, bed_util_des: 0.499, des_th: 0.49915146704873165,frac_lost: 0.106, li_recovered:  8.442, time: 0.012040689000059501
L: 0.50, u_super: 0.00300, sec: 161.770, prod: 0.067358, t_ads: 64.1, t_des: 59.2, bed_util_ads: 0.493, bed_util_des: 0.493, des_th: 0.4926416136345046,frac_lost: 0.101, li_recovered:  8.307, time: 0.0070932029993855394
L: 0.50, u_super: 0.00242, sec: 130.259, prod: 0.053925, t_ads: 79.7, t_des: 74.5, bed_util_ads: 0.490, bed_util_des: 0.490, des_th: 0.489694741063838,frac_lost: 0.104, li_recovered:  8.313, time: 0.00795018100143352
L: 12.00, u_super: 0.00912 — INFEASIBLE (li_recovered=0.000e+00), time: 0.007023602000117535
L: 11.98, u_super: 0.00482 — INFEASIBLE (li_recovered=0.000e+00), time: 0.002875818001484731
L: 0.50, u_super: 0.00973, sec: 565.867, prod: 0.220806, t_ads: 20.0, t_des: 18.4, bed_util_ads: 0.498, bed_util_des: 0.498, des_th: 0.49758099293533287,frac_lost: 0.103, li_recovered:  8.497, time: 0.009698499001387972
L: 0.50, u_super: 0.00741, sec: 418.402, prod: 0.168063, t_ads: 26.2, t_des: 24.0, bed_util_ads: 0.498, bed_util_des: 0.498, des_th: 0.49797355524555126,frac_lost: 0.101, li_recovered:  8.439, time: 0.008391382998524932
L: 0.50, u_super: 0.00905, sec: 662.217, prod: 0.161845, t_ads: 21.6, t_des: 32.3, bed_util_ads: 0.437, bed_util_des: 0.436, des_th: 0.43608200550831017,frac_lost: 0.105, li_recovered:  8.726, time: 0.01678399600132252
L: 17.97, u_super: 0.00352 — INFEASIBLE (li_recovered=0.000e+00), time: 0.002285556000060751
L: 0.50, u_super: 0.00275, sec: 147.704, prod: 0.061432, t_ads: 70.1, t_des: 63.9, bed_util_ads: 0.495, bed_util_des: 0.494, des_th: 0.49421182179135204,frac_lost: 0.102, li_recovered:  8.237, time: 0.015380021999590099
L: 1.06, u_super: 0.00990, sec: 1275.518, prod: 0.215236, t_ads: 41.5, t_des: 43.5, bed_util_ads: 0.479, bed_util_des: 0.479, des_th: 0.478566620993522,frac_lost: 0.102, li_recovered:  18.298, time: 0.008013823999135639
L: 0.50, u_super: 0.00680, sec: 384.588, prod: 0.152599, t_ads: 28.9, t_des: 27.4, bed_util_ads: 0.493, bed_util_des: 0.492, des_th: 0.4924414795533054,frac_lost: 0.108, li_recovered:  8.582, time: 0.006874018999951659
L: 0.50, u_super: 0.00801, sec: 456.537, prod: 0.181370, t_ads: 24.4, t_des: 21.9, bed_util_ads: 0.500, bed_util_des: 0.499, des_th: 0.4994040632634197,frac_lost: 0.105, li_recovered:  8.386, time: 0.006352858999889577
L: 0.50, u_super: 0.00701, sec: 396.363, prod: 0.158062, t_ads: 28.0, t_des: 25.9, bed_util_ads: 0.496, bed_util_des: 0.496, des_th: 0.4961924885442658,frac_lost: 0.109, li_recovered:  8.518, time: 0.006937928999832366
L: 0.50, u_super: 0.00941, sec: 545.800, prod: 0.213119, t_ads: 20.8, t_des: 19.1, bed_util_ads: 0.498, bed_util_des: 0.498, des_th: 0.4975784263106751,frac_lost: 0.106, li_recovered:  8.504, time: 0.007528276999437367
L: 0.50, u_super: 0.00990, sec: 659.979, prod: 0.196561, t_ads: 19.7, t_des: 24.7, bed_util_ads: 0.459, bed_util_des: 0.459, des_th: 0.4585793494758508,frac_lost: 0.103, li_recovered:  8.738, time: 0.008871171999999206
L: 0.50, u_super: 0.00841, sec: 500.133, prod: 0.183359, t_ads: 23.3, t_des: 24.1, bed_util_ads: 0.483, bed_util_des: 0.482, des_th: 0.4824754907160236,frac_lost: 0.107, li_recovered:  8.703, time: 0.007945471999846632
L: 0.50, u_super: 0.00687, sec: 387.750, prod: 0.154785, t_ads: 28.6, t_des: 26.5, bed_util_ads: 0.496, bed_util_des: 0.496, des_th: 0.4961827820577481,frac_lost: 0.109, li_recovered:  8.524, time: 0.006676797000181978
L: 0.50, u_super: 0.00589, sec: 329.330, prod: 0.132504, t_ads: 33.4, t_des: 29.7, bed_util_ads: 0.500, bed_util_des: 0.500, des_th: 0.49990095763136344,frac_lost: 0.109, li_recovered:  8.364, time: 0.007385257000350975
L: 0.50, u_super: 0.00401, sec: 218.532, prod: 0.090186, t_ads: 48.5, t_des: 44.3, bed_util_ads: 0.495, bed_util_des: 0.495, des_th: 0.495005805616099,frac_lost: 0.105, li_recovered:  8.365, time: 0.00580602700028976
L: 0.50, u_super: 0.00086 — INFEASIBLE (li_recovered=0.000e+00), time: 0.004182286998911877
L: 0.50, u_super: 0.00782, sec: 867.004, prod: 0.090686, t_ads: 25.0, t_des: 71.4, bed_util_ads: 0.358, bed_util_des: 0.357, des_th: 0.3566336193809786,frac_lost: 0.102, li_recovered:  8.741, time: 0.012915727000290644
L: 0.50, u_super: 0.00216, sec: 116.077, prod: 0.047843, t_ads: 89.5, t_des: 80.6, bed_util_ads: 0.495, bed_util_des: 0.494, des_th: 0.49421182179135204,frac_lost: 0.107, li_recovered:  8.138, time: 0.007088303998898482
L: 0.50, u_super: 0.00823, sec: 490.267, prod: 0.178620, t_ads: 23.8, t_des: 24.9, bed_util_ads: 0.481, bed_util_des: 0.480, des_th: 0.4803620962766384,frac_lost: 0.106, li_recovered:  8.696, time: 0.006957028999750037
L: 0.50, u_super: 0.00173, sec: 104.646, prod: 0.033967, t_ads: 111.7, t_des: 137.6, bed_util_ads: 0.452, bed_util_des: 0.450, des_th: 0.4496476483938556,frac_lost: 0.107, li_recovered:  8.466, time: 0.005842708998898161
L: 0.50, u_super: 0.00040 — INFEASIBLE (li_recovered=0.000e+00), time: 0.003643721000116784
L: 0.50, u_super: 0.00140, sec: 87.531, prod: 0.026525, t_ads: 136.4, t_des: 180.2, bed_util_ads: 0.441, bed_util_des: 0.437, des_th: 0.43726446345548137,frac_lost: 0.102, li_recovered:  8.396, time: 0.00868382900080178
L: 0.50, u_super: 0.00764, sec: 433.614, prod: 0.173227, t_ads: 25.4, t_des: 22.7, bed_util_ads: 0.500, bed_util_des: 0.500, des_th: 0.49998183583920286,frac_lost: 0.100, li_recovered:  8.337, time: 0.005770593999841367
L: 0.50, u_super: 0.00196, sec: 106.727, prod: 0.042901, t_ads: 97.3, t_des: 83.4, bed_util_ads: 0.500, bed_util_des: 0.500, des_th: 0.4999993846554851,frac_lost: 0.100, li_recovered:  7.753, time: 0.005047216000093613
L: 0.50, u_super: 0.00859, sec: 495.495, prod: 0.194539, t_ads: 22.8, t_des: 21.0, bed_util_ads: 0.497, bed_util_des: 0.497, des_th: 0.4967591951870511,frac_lost: 0.106, li_recovered:  8.526, time: 0.0064971730007528095
L: 0.50, u_super: 0.00526, sec: 290.401, prod: 0.118858, t_ads: 36.8, t_des: 33.0, bed_util_ads: 0.499, bed_util_des: 0.499, des_th: 0.498689765291137,frac_lost: 0.101, li_recovered:  8.303, time: 0.005925586001467309
L: 0.50, u_super: 0.00359, sec: 195.689, prod: 0.080319, t_ads: 54.2, t_des: 47.8, bed_util_ads: 0.499, bed_util_des: 0.499, des_th: 0.49914053899511923,frac_lost: 0.107, li_recovered:  8.199, time: 0.0061641849988518516
L: 0.50, u_super: 0.00706, sec: 398.503, prod: 0.159394, t_ads: 27.8, t_des: 24.9, bed_util_ads: 0.500, bed_util_des: 0.500, des_th: 0.4995504464369014,frac_lost: 0.108, li_recovered:  8.398, time: 0.006413266999516054
L: 0.50, u_super: 0.00932, sec: 687.234, prod: 0.165957, t_ads: 21.0, t_des: 31.6, bed_util_ads: 0.435, bed_util_des: 0.435, des_th: 0.4347230774996912,frac_lost: 0.104, li_recovered:  8.727, time: 0.006919794999703299
L: 4.16, u_super: 0.00905 — INFEASIBLE (li_recovered=0.000e+00), time: 0.0029654279987880727
L: 0.50, u_super: 0.00499, sec: 274.579, prod: 0.112483, t_ads: 38.9, t_des: 34.8, bed_util_ads: 0.499, bed_util_des: 0.499, des_th: 0.4992598014790598,frac_lost: 0.103, li_recovered:  8.289, time: 0.003899041999829933
L: 0.50, u_super: 0.00042 — INFEASIBLE (li_recovered=0.000e+00), time: 0.0035206690008635633
    38 |     1520 |     40 |  0.0039662407 |             f
L: 0.50, u_super: 0.00801, sec: 457.067, prod: 0.181191, t_ads: 24.4, t_des: 22.4, bed_util_ads: 0.497, bed_util_des: 0.497, des_th: 0.4968152727178416,frac_lost: 0.107, li_recovered:  8.485, time: 0.004066441000759369
L: 0.50, u_super: 0.00963, sec: 559.843, prod: 0.218266, t_ads: 20.3, t_des: 18.6, bed_util_ads: 0.498, bed_util_des: 0.498, des_th: 0.4975784263106751,frac_lost: 0.105, li_recovered:  8.496, time: 0.004837382999539841
L: 0.50, u_super: 0.00620, sec: 345.613, prod: 0.140231, t_ads: 31.4, t_des: 28.3, bed_util_ads: 0.499, bed_util_des: 0.499, des_th: 0.4991935740347714,frac_lost: 0.103, li_recovered:  8.374, time: 0.004270856999937678
L: 0.50, u_super: 0.00252, sec: 135.306, prod: 0.056244, t_ads: 76.4, t_des: 70.4, bed_util_ads: 0.493, bed_util_des: 0.492, des_th: 0.49232472245319514,frac_lost: 0.102, li_recovered:  8.257, time: 0.004426797000633087
L: 52.11, u_super: 0.00392 — INFEASIBLE (li_recovered=0.000e+00), time: 0.0009354849989904324
L: 0.50, u_super: 0.00646, sec: 450.980, prod: 0.117201, t_ads: 30.3, t_des: 44.0, bed_util_ads: 0.440, bed_util_des: 0.439, des_th: 0.43859172385055467,frac_lost: 0.106, li_recovered:  8.705, time: 0.00528505399961432
L: 0.50, u_super: 0.00103, sec: 56.446, prod: 0.022259, t_ads: 182.8, t_des: 178.4, bed_util_ads: 0.476, bed_util_des: 0.475, des_th: 0.4747047485203464,frac_lost: 0.101, li_recovered:  8.040, time: 0.004135605000556097
L: 0.51, u_super: 0.00990, sec: 586.393, prod: 0.224508, t_ads: 20.0, t_des: 18.1, bed_util_ads: 0.500, bed_util_des: 0.500, des_th: 0.4999251573051864,frac_lost: 0.104, li_recovered:  8.554, time: 0.00535876100002497
L: 0.50, u_super: 0.00973, sec: 566.345, prod: 0.220603, t_ads: 20.1, t_des: 18.4, bed_util_ads: 0.498, bed_util_des: 0.498, des_th: 0.49754058033255405,frac_lost: 0.104, li_recovered:  8.500, time: 0.004432891999385902
L: 2.04, u_super: 0.00319, sec: 744.525, prod: 0.067386, t_ads: 237.2, t_des: 217.0, bed_util_ads: 0.478, bed_util_des: 0.477, des_th: 0.4771687849846053,frac_lost: 0.102, li_recovered:  30.604, time: 0.00543585100058408
L: 0.50, u_super: 0.00870, sec: 500.354, prod: 0.196781, t_ads: 22.5, t_des: 20.7, bed_util_ads: 0.498, bed_util_des: 0.498, des_th: 0.4975695645038355,frac_lost: 0.107, li_recovered:  8.496, time: 0.005521461000171257
L: 29.09, u_super: 0.00990 — INFEASIBLE (li_recovered=0.000e+00), time: 0.0019156670005031629
L: 0.50, u_super: 0.00778, sec: 443.041, prod: 0.175704, t_ads: 25.2, t_des: 22.8, bed_util_ads: 0.500, bed_util_des: 0.499, des_th: 0.499416127233207,frac_lost: 0.109, li_recovered:  8.446, time: 0.00447556099970825
L: 0.50, u_super: 0.00242, sec: 130.253, prod: 0.053926, t_ads: 79.7, t_des: 74.3, bed_util_ads: 0.490, bed_util_des: 0.490, des_th: 0.489694741063838,frac_lost: 0.104, li_recovered:  8.305, time: 0.004200043000309961
L: 0.50, u_super: 0.00750, sec: 423.845, prod: 0.169974, t_ads: 25.9, t_des: 23.4, bed_util_ads: 0.499, bed_util_des: 0.499, des_th: 0.49926738476369503,frac_lost: 0.101, li_recovered:  8.387, time: 0.003806860999247874
L: 0.50, u_super: 0.00764, sec: 434.534, prod: 0.172861, t_ads: 25.6, t_des: 23.0, bed_util_ads: 0.500, bed_util_des: 0.500, des_th: 0.49998183583920286,frac_lost: 0.106, li_recovered:  8.397, time: 0.003795885999352322
L: 0.50, u_super: 0.00902, sec: 519.468, prod: 0.204891, t_ads: 21.5, t_des: 19.4, bed_util_ads: 0.499, bed_util_des: 0.499, des_th: 0.4993948663182713,frac_lost: 0.100, li_recovered:  8.380, time: 0.004102991000763723
L: 0.50, u_super: 0.00097, sec: 54.280, prod: 0.020348, t_ads: 193.5, t_des: 163.9, bed_util_ads: 0.493, bed_util_des: 0.492, des_th: 0.492480573443177,frac_lost: 0.104, li_recovered:  7.273, time: 0.003515741000228445
L: 0.50, u_super: 0.00905, sec: 522.799, prod: 0.204930, t_ads: 21.6, t_des: 19.6, bed_util_ads: 0.499, bed_util_des: 0.499, des_th: 0.4992322972780587,frac_lost: 0.107, li_recovered:  8.449, time: 0.004325588999563479
L: 0.50, u_super: 0.00859, sec: 495.992, prod: 0.194344, t_ads: 22.9, t_des: 20.7, bed_util_ads: 0.499, bed_util_des: 0.499, des_th: 0.4993478827570213,frac_lost: 0.108, li_recovered:  8.481, time: 0.0037773359999846434
L: 16.13, u_super: 0.00441 — INFEASIBLE (li_recovered=0.000e+00), time: 0.0010749129996838747
L: 0.50, u_super: 0.00411, sec: 224.326, prod: 0.092181, t_ads: 47.5, t_des: 43.9, bed_util_ads: 0.495, bed_util_des: 0.495, des_th: 0.4950087044742685,frac_lost: 0.108, li_recovered:  8.425, time: 0.0037038179998489795
L: 0.50, u_super: 0.00909, sec: 526.147, prod: 0.205598, t_ads: 21.5, t_des: 20.0, bed_util_ads: 0.496, bed_util_des: 0.496, des_th: 0.4957939121413637,frac_lost: 0.106, li_recovered:  8.545, time: 0.004094021000128123
L: 0.50, u_super: 0.00046 — INFEASIBLE (li_recovered=0.000e+00), time: 0.0019704830010596197
L: 0.50, u_super: 0.00888, sec: 512.948, prod: 0.200748, t_ads: 22.0, t_des: 20.6, bed_util_ads: 0.495, bed_util_des: 0.495, des_th: 0.4947867095202165,frac_lost: 0.105, li_recovered:  8.560, time: 0.007345128999077133
L: 0.50, u_super: 0.00563, sec: 319.559, prod: 0.124305, t_ads: 34.4, t_des: 35.1, bed_util_ads: 0.483, bed_util_des: 0.482, des_th: 0.48249992898539523,frac_lost: 0.101, li_recovered:  8.640, time: 0.004885604999799398
L: 0.50, u_super: 0.00725, sec: 410.499, prod: 0.164045, t_ads: 26.9, t_des: 24.0, bed_util_ads: 0.500, bed_util_des: 0.500, des_th: 0.4999604047185493,frac_lost: 0.101, li_recovered:  8.350, time: 0.009231218000422814
L: 0.50, u_super: 0.00499, sec: 274.679, prod: 0.112525, t_ads: 39.0, t_des: 35.2, bed_util_ads: 0.499, bed_util_des: 0.499, des_th: 0.4985751637213312,frac_lost: 0.105, li_recovered:  8.345, time: 0.005006932000469533
L: 0.50, u_super: 0.00932, sec: 539.690, prod: 0.211450, t_ads: 20.9, t_des: 18.8, bed_util_ads: 0.500, bed_util_des: 0.500, des_th: 0.4997757994196791,frac_lost: 0.103, li_recovered:  8.402, time: 0.005511491999641294
L: 0.50, u_super: 0.00941, sec: 545.154, prod: 0.213372, t_ads: 20.7, t_des: 18.6, bed_util_ads: 0.500, bed_util_des: 0.500, des_th: 0.49998984315173417,frac_lost: 0.104, li_recovered:  8.391, time: 0.0042758220006362535
L: 0.50, u_super: 0.00607, sec: 338.973, prod: 0.137034, t_ads: 32.0, t_des: 30.3, bed_util_ads: 0.493, bed_util_des: 0.493, des_th: 0.49261800850587817,frac_lost: 0.101, li_recovered:  8.538, time: 0.005191045998799382
L: 0.50, u_super: 0.00643, sec: 359.355, prod: 0.145494, t_ads: 30.2, t_des: 27.0, bed_util_ads: 0.499, bed_util_des: 0.499, des_th: 0.49936840751549305,frac_lost: 0.100, li_recovered:  8.322, time: 0.005909954999879119
L: 45.73, u_super: 0.00192 — INFEASIBLE (li_recovered=0.000e+00), time: 0.0014801879988226574
L: 0.50, u_super: 0.00589, sec: 327.898, prod: 0.133082, t_ads: 33.1, t_des: 29.7, bed_util_ads: 0.500, bed_util_des: 0.500, des_th: 0.49990888012984885,frac_lost: 0.101, li_recovered:  8.346, time: 0.009568440000293776
L: 26.95, u_super: 0.00084 — INFEASIBLE (li_recovered=0.000e+00), time: 0.0012900550009362632
L: 0.50, u_super: 0.00503, sec: 276.672, prod: 0.113453, t_ads: 38.7, t_des: 35.0, bed_util_ads: 0.498, bed_util_des: 0.498, des_th: 0.49827693244771204,frac_lost: 0.103, li_recovered:  8.360, time: 0.004329564999352442
L: 0.50, u_super: 0.00073, sec: 49.289, prod: 0.012776, t_ads: 258.2, t_des: 379.6, bed_util_ads: 0.416, bed_util_des: 0.408, des_th: 0.40817994705442795,frac_lost: 0.105, li_recovered:  8.148, time: 0.006498935999843525
L: 0.50, u_super: 0.00036, sec: 21.727, prod: 0.006996, t_ads: 481.5, t_des: 466.9, bed_util_ads: 0.448, bed_util_des: 0.445, des_th: 0.44497041608740057,frac_lost: 0.102, li_recovered:  6.635, time: 0.006200669999088859
L: 0.50, u_super: 0.00539, sec: 297.753, prod: 0.121491, t_ads: 36.1, t_des: 32.3, bed_util_ads: 0.499, bed_util_des: 0.499, des_th: 0.4992598014790598,frac_lost: 0.104, li_recovered:  8.318, time: 0.008600838000347721
L: 0.50, u_super: 0.00901, sec: 520.011, prod: 0.204114, t_ads: 21.7, t_des: 19.9, bed_util_ads: 0.498, bed_util_des: 0.498, des_th: 0.4975784263106751,frac_lost: 0.105, li_recovered:  8.493, time: 0.005488643000717275
    39 |     1560 |     40 |  0.0031748964 |         ideal
L: 0.50, u_super: 0.00036, sec: 21.733, prod: 0.006998, t_ads: 480.3, t_des: 467.3, bed_util_ads: 0.447, bed_util_des: 0.445, des_th: 0.44497041608740057,frac_lost: 0.101, li_recovered:  6.631, time: 0.00606344799962244
L: 0.50, u_super: 0.00401, sec: 218.692, prod: 0.090077, t_ads: 48.5, t_des: 43.3, bed_util_ads: 0.499, bed_util_des: 0.498, des_th: 0.4982884002613506,frac_lost: 0.105, li_recovered:  8.266, time: 0.0065224510017287685
L: 19.62, u_super: 0.00136 — INFEASIBLE (li_recovered=0.000e+00), time: 0.0019806500004051486
L: 0.50, u_super: 0.00590, sec: 328.511, prod: 0.133335, t_ads: 33.0, t_des: 29.6, bed_util_ads: 0.499, bed_util_des: 0.499, des_th: 0.498689765291137,frac_lost: 0.100, li_recovered:  8.342, time: 0.005456049999338575
L: 0.50, u_super: 0.00682, sec: 383.612, prod: 0.154046, t_ads: 28.7, t_des: 25.7, bed_util_ads: 0.499, bed_util_des: 0.499, des_th: 0.49930328286818026,frac_lost: 0.106, li_recovered:  8.383, time: 0.005942278001384693
L: 60.48, u_super: 0.00651 — INFEASIBLE (li_recovered=0.000e+00), time: 0.001440961001208052
L: 0.50, u_super: 0.00951, sec: 552.467, prod: 0.215391, t_ads: 20.6, t_des: 18.8, bed_util_ads: 0.498, bed_util_des: 0.498, des_th: 0.497572764708692,frac_lost: 0.107, li_recovered:  8.494, time: 0.006897134999235277
L: 0.50, u_super: 0.00167, sec: 91.740, prod: 0.036049, t_ads: 114.8, t_des: 96.5, bed_util_ads: 0.500, bed_util_des: 0.500, des_th: 0.4999290448869121,frac_lost: 0.106, li_recovered:  7.616, time: 0.007698329000049853
L: 34.21, u_super: 0.00563 — INFEASIBLE (li_recovered=0.000e+00), time: 0.0010900849993049633
L: 13.45, u_super: 0.00422 — INFEASIBLE (li_recovered=0.000e+00), time: 0.0012005870012217201
L: 0.50, u_super: 0.00264, sec: 142.182, prod: 0.058891, t_ads: 73.3, t_des: 66.4, bed_util_ads: 0.494, bed_util_des: 0.494, des_th: 0.4938558413175707,frac_lost: 0.106, li_recovered:  8.226, time: 0.004704218999904697
L: 0.50, u_super: 0.00427, sec: 233.147, prod: 0.095973, t_ads: 45.6, t_des: 42.2, bed_util_ads: 0.495, bed_util_des: 0.495, des_th: 0.4947723284493648,frac_lost: 0.105, li_recovered:  8.429, time: 0.00503819199911959
L: 0.50, u_super: 0.00352, sec: 191.372, prod: 0.078629, t_ads: 55.4, t_des: 48.9, bed_util_ads: 0.499, bed_util_des: 0.499, des_th: 0.4991379725493097,frac_lost: 0.108, li_recovered:  8.195, time: 0.003806998000072781
L: 0.50, u_super: 0.00607, sec: 340.589, prod: 0.136384, t_ads: 32.0, t_des: 30.9, bed_util_ads: 0.490, bed_util_des: 0.490, des_th: 0.4897487818062115,frac_lost: 0.102, li_recovered:  8.585, time: 0.0066137730009359075
L: 0.50, u_super: 0.00834, sec: 480.045, prod: 0.188628, t_ads: 23.6, t_des: 21.1, bed_util_ads: 0.500, bed_util_des: 0.500, des_th: 0.4999248764272449,frac_lost: 0.108, li_recovered:  8.427, time: 0.0069003219996375265
L: 0.51, u_super: 0.00286, sec: 157.806, prod: 0.063579, t_ads: 68.3, t_des: 59.5, bed_util_ads: 0.500, bed_util_des: 0.500, des_th: 0.49993503972751735,frac_lost: 0.100, li_recovered:  8.124, time: 0.005533355000807205
L: 0.50, u_super: 0.00070, sec: 39.210, prod: 0.014614, t_ads: 264.8, t_des: 240.2, bed_util_ads: 0.477, bed_util_des: 0.476, des_th: 0.47597239548736486,frac_lost: 0.105, li_recovered:  7.380, time: 0.0045184859991422854
L: 0.50, u_super: 0.00324, sec: 196.026, prod: 0.064983, t_ads: 59.9, t_des: 72.4, bed_util_ads: 0.459, bed_util_des: 0.458, des_th: 0.45792592942460175,frac_lost: 0.106, li_recovered:  8.603, time: 0.007051880998915294
L: 0.50, u_super: 0.00563, sec: 312.240, prod: 0.127220, t_ads: 34.5, t_des: 30.9, bed_util_ads: 0.500, bed_util_des: 0.500, des_th: 0.4999718428857379,frac_lost: 0.102, li_recovered:  8.316, time: 0.004855731000134256
L: 0.50, u_super: 0.00084, sec: 46.119, prod: 0.017845, t_ads: 224.3, t_des: 213.0, bed_util_ads: 0.476, bed_util_des: 0.474, des_th: 0.47436483709851807,frac_lost: 0.107, li_recovered:  7.803, time: 0.005370503999074572
L: 0.50, u_super: 0.00053, sec: 34.231, prod: 0.009730, t_ads: 347.0, t_des: 459.5, bed_util_ads: 0.421, bed_util_des: 0.413, des_th: 0.41267335123338983,frac_lost: 0.103, li_recovered:  7.848, time: 0.00575921599920548
L: 0.50, u_super: 0.00369, sec: 200.891, prod: 0.082600, t_ads: 52.7, t_des: 46.6, bed_util_ads: 0.500, bed_util_des: 0.500, des_th: 0.49966198296167624,frac_lost: 0.107, li_recovered:  8.206, time: 0.007631593000041903
L: 0.50, u_super: 0.00525, sec: 290.150, prod: 0.118461, t_ads: 36.9, t_des: 32.8, bed_util_ads: 0.500, bed_util_des: 0.500, des_th: 0.49990888012984885,frac_lost: 0.101, li_recovered:  8.255, time: 0.005063315998995677
L: 0.50, u_super: 0.00608, sec: 339.115, prod: 0.137085, t_ads: 32.0, t_des: 30.3, bed_util_ads: 0.493, bed_util_des: 0.492, des_th: 0.49246055311810477,frac_lost: 0.101, li_recovered:  8.538, time: 0.005932779999056947
L: 0.50, u_super: 0.00539, sec: 297.665, prod: 0.121578, t_ads: 36.1, t_des: 32.3, bed_util_ads: 0.500, bed_util_des: 0.499, des_th: 0.4993613186521404,frac_lost: 0.102, li_recovered:  8.311, time: 0.0052704390000144485
L: 0.50, u_super: 0.00333, sec: 180.352, prod: 0.074543, t_ads: 58.4, t_des: 52.8, bed_util_ads: 0.496, bed_util_des: 0.496, des_th: 0.49573129113218034,frac_lost: 0.106, li_recovered:  8.288, time: 0.007112960000085877
L: 0.50, u_super: 0.00271, sec: 146.050, prod: 0.060586, t_ads: 71.2, t_des: 64.7, bed_util_ads: 0.495, bed_util_des: 0.494, des_th: 0.49424537652331013,frac_lost: 0.104, li_recovered:  8.237, time: 0.00679394300095737
L: 0.50, u_super: 0.00926, sec: 535.359, prod: 0.209720, t_ads: 21.1, t_des: 18.9, bed_util_ads: 0.500, bed_util_des: 0.500, des_th: 0.4999162715710899,frac_lost: 0.105, li_recovered:  8.392, time: 0.004934495998895727
L: 16.70, u_super: 0.00154 — INFEASIBLE (li_recovered=0.000e+00), time: 0.001238995999301551
L: 0.50, u_super: 0.00107, sec: 59.631, prod: 0.022374, t_ads: 176.5, t_des: 148.0, bed_util_ads: 0.494, bed_util_des: 0.494, des_th: 0.49425009587152485,frac_lost: 0.102, li_recovered:  7.260, time: 0.005014780001147301
L: 0.50, u_super: 0.00683, sec: 384.596, prod: 0.153994, t_ads: 28.8, t_des: 25.8, bed_util_ads: 0.500, bed_util_des: 0.499, des_th: 0.49938486246338826,frac_lost: 0.109, li_recovered:  8.401, time: 0.00482826000006753
L: 0.50, u_super: 0.00818, sec: 467.584, prod: 0.185209, t_ads: 23.9, t_des: 21.7, bed_util_ads: 0.500, bed_util_des: 0.499, des_th: 0.4994040632634197,frac_lost: 0.106, li_recovered:  8.445, time: 0.004286974999558879
L: 0.50, u_super: 0.00242, sec: 130.209, prod: 0.053944, t_ads: 79.7, t_des: 72.7, bed_util_ads: 0.493, bed_util_des: 0.493, des_th: 0.49256396776350464,frac_lost: 0.104, li_recovered:  8.219, time: 0.003889716999765369
L: 40.82, u_super: 0.00721 — INFEASIBLE (li_recovered=0.000e+00), time: 0.0020693440001195995
L: 0.50, u_super: 0.00961, sec: 559.237, prod: 0.217173, t_ads: 20.3, t_des: 19.2, bed_util_ads: 0.494, bed_util_des: 0.494, des_th: 0.49421182179135204,frac_lost: 0.104, li_recovered:  8.572, time: 0.005102609000459779
L: 0.50, u_super: 0.00323, sec: 174.484, prod: 0.072355, t_ads: 59.9, t_des: 53.9, bed_util_ads: 0.498, bed_util_des: 0.497, des_th: 0.4972923033195496,frac_lost: 0.102, li_recovered:  8.229, time: 0.003907151000021258
L: 0.50, u_super: 0.00405, sec: 221.404, prod: 0.090855, t_ads: 48.0, t_des: 42.3, bed_util_ads: 0.500, bed_util_des: 0.500, des_th: 0.4998561661661858,frac_lost: 0.106, li_recovered:  8.206, time: 0.00490358900060528
L: 0.50, u_super: 0.00070, sec: 40.882, prod: 0.014125, t_ads: 264.5, t_des: 298.1, bed_util_ads: 0.450, bed_util_des: 0.446, des_th: 0.44576858928872837,frac_lost: 0.101, li_recovered:  7.947, time: 0.00502891199903388
L: 8.31, u_super: 0.00886 — INFEASIBLE (li_recovered=0.000e+00), time: 0.0019192179988749558
L: 0.50, u_super: 0.00958, sec: 701.954, prod: 0.172041, t_ads: 20.4, t_des: 30.3, bed_util_ads: 0.438, bed_util_des: 0.437, des_th: 0.4371852693430348,frac_lost: 0.105, li_recovered:  8.726, time: 0.006232800000361749
    40 |     1600 |     40 |  0.0029593050 |             f
L: 0.50, u_super: 0.00834, sec: 477.151, prod: 0.188634, t_ads: 23.5, t_des: 21.1, bed_util_ads: 0.500, bed_util_des: 0.500, des_th: 0.49957954443235053,frac_lost: 0.106, li_recovered:  8.401, time: 0.005774526000095648
L: 0.50, u_super: 0.00136, sec: 74.044, prod: 0.029448, t_ads: 139.5, t_des: 122.0, bed_util_ads: 0.493, bed_util_des: 0.492, des_th: 0.492480573443177,frac_lost: 0.101, li_recovered:  7.701, time: 0.0047352960009448
L: 17.14, u_super: 0.00859 — INFEASIBLE (li_recovered=0.000e+00), time: 0.0014787399995839223
L: 0.50, u_super: 0.00750, sec: 425.380, prod: 0.169352, t_ads: 26.2, t_des: 23.7, bed_util_ads: 0.499, bed_util_des: 0.499, des_th: 0.49926738476369503,frac_lost: 0.109, li_recovered:  8.442, time: 0.005382664001444937
L: 62.05, u_super: 0.00990 — INFEASIBLE (li_recovered=0.000e+00), time: 0.0009777060004125815
L: 0.50, u_super: 0.00369, sec: 201.012, prod: 0.082551, t_ads: 52.7, t_des: 46.5, bed_util_ads: 0.500, bed_util_des: 0.499, des_th: 0.49945389452065503,frac_lost: 0.107, li_recovered:  8.191, time: 0.00418350499967346
L: 0.50, u_super: 0.00726, sec: 411.254, prod: 0.163976, t_ads: 27.0, t_des: 24.2, bed_util_ads: 0.500, bed_util_des: 0.500, des_th: 0.49998183583920286,frac_lost: 0.108, li_recovered:  8.396, time: 0.004055823001181125
L: 0.50, u_super: 0.00525, sec: 290.083, prod: 0.118485, t_ads: 37.0, t_des: 33.1, bed_util_ads: 0.500, bed_util_des: 0.500, des_th: 0.49957139883581947,frac_lost: 0.103, li_recovered:  8.307, time: 0.005295198998283013
L: 0.50, u_super: 0.00842, sec: 482.513, prod: 0.190352, t_ads: 23.3, t_des: 21.1, bed_util_ads: 0.500, bed_util_des: 0.499, des_th: 0.49949688528465547,frac_lost: 0.108, li_recovered:  8.444, time: 0.00415221499861218
L: 0.50, u_super: 0.00644, sec: 360.130, prod: 0.145772, t_ads: 30.2, t_des: 27.3, bed_util_ads: 0.499, bed_util_des: 0.499, des_th: 0.4991517174522426,frac_lost: 0.103, li_recovered:  8.375, time: 0.005170735999854514
L: 23.77, u_super: 0.00368 — INFEASIBLE (li_recovered=0.000e+00), time: 0.0011693189990182873
L: 0.50, u_super: 0.00313, sec: 210.161, prod: 0.056401, t_ads: 62.0, t_des: 90.8, bed_util_ads: 0.436, bed_util_des: 0.434, des_th: 0.4338737380815377,frac_lost: 0.104, li_recovered:  8.618, time: 0.00494631099900289
L: 0.50, u_super: 0.00542, sec: 300.039, prod: 0.122387, t_ads: 35.8, t_des: 32.0, bed_util_ads: 0.500, bed_util_des: 0.500, des_th: 0.49991123803383813,frac_lost: 0.103, li_recovered:  8.302, time: 0.00508964100117737
L: 0.50, u_super: 0.00238, sec: 128.248, prod: 0.053085, t_ads: 81.0, t_des: 73.8, bed_util_ads: 0.493, bed_util_des: 0.493, des_th: 0.49256396776350464,frac_lost: 0.104, li_recovered:  8.215, time: 0.004878699000983033
L: 0.50, u_super: 0.00858, sec: 492.701, prod: 0.194057, t_ads: 22.8, t_des: 21.0, bed_util_ads: 0.497, bed_util_des: 0.497, des_th: 0.4966655479853359,frac_lost: 0.106, li_recovered:  8.499, time: 0.004539989000477362
L: 0.50, u_super: 0.00439, sec: 240.075, prod: 0.098531, t_ads: 44.4, t_des: 39.5, bed_util_ads: 0.499, bed_util_des: 0.499, des_th: 0.4986663716123708,frac_lost: 0.106, li_recovered:  8.271, time: 0.004590774000462261
L: 1.32, u_super: 0.00286 — INFEASIBLE (li_recovered=0.000e+00), time: 0.0023007190011412604
L: 0.50, u_super: 0.00886, sec: 513.071, prod: 0.200344, t_ads: 22.2, t_des: 20.6, bed_util_ads: 0.496, bed_util_des: 0.496, des_th: 0.4957939121413637,frac_lost: 0.106, li_recovered:  8.569, time: 0.004897463999441243
L: 0.50, u_super: 0.00214, sec: 114.916, prod: 0.047529, t_ads: 89.4, t_des: 80.5, bed_util_ads: 0.495, bed_util_des: 0.494, des_th: 0.49421182179135204,frac_lost: 0.100, li_recovered:  8.074, time: 0.007196287999249762
L: 13.27, u_super: 0.00592 — INFEASIBLE (li_recovered=0.000e+00), time: 0.001807851000194205
L: 0.50, u_super: 0.00651, sec: 364.217, prod: 0.147313, t_ads: 29.9, t_des: 27.0, bed_util_ads: 0.500, bed_util_des: 0.499, des_th: 0.49936840751549305,frac_lost: 0.103, li_recovered:  8.380, time: 0.00445265900088998
L: 2.17, u_super: 0.00909, sec: 2336.361, prod: 0.200476, t_ads: 92.3, t_des: 81.1, bed_util_ads: 0.497, bed_util_des: 0.497, des_th: 0.49674886023830656,frac_lost: 0.109, li_recovered:  34.747, time: 0.0050974469995708205
L: 0.50, u_super: 0.00482, sec: 265.085, prod: 0.108544, t_ads: 40.4, t_des: 36.0, bed_util_ads: 0.499, bed_util_des: 0.499, des_th: 0.498587913604569,frac_lost: 0.104, li_recovered:  8.294, time: 0.004884660000243457
L: 0.50, u_super: 0.00216, sec: 116.140, prod: 0.047817, t_ads: 89.6, t_des: 80.6, bed_util_ads: 0.495, bed_util_des: 0.495, des_th: 0.4946822431501696,frac_lost: 0.108, li_recovered:  8.141, time: 0.006547491999299382
L: 0.50, u_super: 0.00401, sec: 218.713, prod: 0.090111, t_ads: 48.6, t_des: 44.3, bed_util_ads: 0.496, bed_util_des: 0.496, des_th: 0.4956255233972241,frac_lost: 0.107, li_recovered:  8.370, time: 0.0042734160015243106
L: 0.50, u_super: 0.00192, sec: 104.485, prod: 0.041933, t_ads: 100.7, t_des: 99.3, bed_util_ads: 0.482, bed_util_des: 0.481, des_th: 0.4810552296342689,frac_lost: 0.109, li_recovered:  8.387, time: 0.004220886999974027
L: 0.50, u_super: 0.00842, sec: 524.821, prod: 0.175883, t_ads: 23.3, t_des: 26.4, bed_util_ads: 0.471, bed_util_des: 0.471, des_th: 0.4706882900395515,frac_lost: 0.106, li_recovered:  8.742, time: 0.004571212999508134
L: 0.50, u_super: 0.00531, sec: 293.450, prod: 0.119808, t_ads: 36.6, t_des: 32.8, bed_util_ads: 0.500, bed_util_des: 0.500, des_th: 0.49990888012984885,frac_lost: 0.104, li_recovered:  8.319, time: 0.004028254999866476
L: 0.50, u_super: 0.00390, sec: 212.665, prod: 0.087518, t_ads: 49.9, t_des: 44.5, bed_util_ads: 0.498, bed_util_des: 0.498, des_th: 0.4982293098802232,frac_lost: 0.106, li_recovered:  8.255, time: 0.0045475589995476184
L: 0.50, u_super: 0.00682, sec: 382.901, prod: 0.154217, t_ads: 28.5, t_des: 25.4, bed_util_ads: 0.500, bed_util_des: 0.500, des_th: 0.49961085603227834,frac_lost: 0.101, li_recovered:  8.319, time: 0.004879489999439102
L: 0.50, u_super: 0.00766, sec: 434.075, prod: 0.173569, t_ads: 25.4, t_des: 22.9, bed_util_ads: 0.500, bed_util_des: 0.500, des_th: 0.49998183583920286,frac_lost: 0.101, li_recovered:  8.391, time: 0.004955293999955757
L: 0.50, u_super: 0.00036 — INFEASIBLE (li_recovered=0.000e+00), time: 0.002307156999449944
L: 0.51, u_super: 0.00990, sec: 586.301, prod: 0.224543, t_ads: 20.0, t_des: 18.0, bed_util_ads: 0.500, bed_util_des: 0.500, des_th: 0.4999358141938816,frac_lost: 0.103, li_recovered:  8.532, time: 0.004243002000293927
L: 0.50, u_super: 0.00140, sec: 75.976, prod: 0.030295, t_ads: 137.2, t_des: 120.4, bed_util_ads: 0.493, bed_util_des: 0.492, des_th: 0.492480573443177,frac_lost: 0.107, li_recovered:  7.802, time: 0.005172550001589116
L: 0.50, u_super: 0.00540, sec: 298.761, prod: 0.121971, t_ads: 36.0, t_des: 32.2, bed_util_ads: 0.500, bed_util_des: 0.499, des_th: 0.4994545950102237,frac_lost: 0.103, li_recovered:  8.322, time: 0.005411796000771574
L: 0.50, u_super: 0.00750, sec: 423.981, prod: 0.170077, t_ads: 25.9, t_des: 23.4, bed_util_ads: 0.499, bed_util_des: 0.499, des_th: 0.49926738476369503,frac_lost: 0.100, li_recovered:  8.384, time: 0.004787435998878209
L: 0.50, u_super: 0.00264, sec: 142.406, prod: 0.058799, t_ads: 73.3, t_des: 69.0, bed_util_ads: 0.490, bed_util_des: 0.490, des_th: 0.489625644627137,frac_lost: 0.106, li_recovered:  8.369, time: 0.004373808000309509
L: 0.50, u_super: 0.00713, sec: 538.260, prod: 0.120741, t_ads: 27.5, t_des: 44.7, bed_util_ads: 0.426, bed_util_des: 0.425, des_th: 0.42458030964217036,frac_lost: 0.107, li_recovered:  8.724, time: 0.005626067000775947
L: 0.50, u_super: 0.00565, sec: 312.839, prod: 0.127800, t_ads: 34.3, t_des: 30.9, bed_util_ads: 0.500, bed_util_des: 0.500, des_th: 0.49957139883581947,frac_lost: 0.100, li_recovered:  8.331, time: 0.004786217999935616
L: 0.51, u_super: 0.00311, sec: 170.630, prod: 0.069675, t_ads: 63.2, t_des: 58.1, bed_util_ads: 0.494, bed_util_des: 0.493, des_th: 0.49333597190377976,frac_lost: 0.103, li_recovered:  8.452, time: 0.004307377999793971
    41 |     1640 |     40 |  0.0020496905 |             f
L: 0.50, u_super: 0.00699, sec: 516.216, prod: 0.120823, t_ads: 28.1, t_des: 44.3, bed_util_ads: 0.429, bed_util_des: 0.428, des_th: 0.42826083931652315,frac_lost: 0.106, li_recovered:  8.746, time: 0.00765534299898718
L: 0.50, u_super: 0.00258, sec: 138.387, prod: 0.057492, t_ads: 74.8, t_des: 68.2, bed_util_ads: 0.494, bed_util_des: 0.494, des_th: 0.4938558413175707,frac_lost: 0.103, li_recovered:  8.221, time: 0.005129199998918921
L: 0.50, u_super: 0.00965, sec: 616.328, prod: 0.199365, t_ads: 20.2, t_des: 23.5, bed_util_ads: 0.468, bed_util_des: 0.468, des_th: 0.46769239511308247,frac_lost: 0.103, li_recovered:  8.723, time: 0.004105453999727615
L: 0.50, u_super: 0.00476, sec: 261.414, prod: 0.107156, t_ads: 41.0, t_des: 36.9, bed_util_ads: 0.498, bed_util_des: 0.498, des_th: 0.49801736557200843,frac_lost: 0.106, li_recovered:  8.347, time: 0.00483334599994123
L: 0.51, u_super: 0.00192, sec: 105.251, prod: 0.042349, t_ads: 101.3, t_des: 90.0, bed_util_ads: 0.494, bed_util_des: 0.494, des_th: 0.4940199462594481,frac_lost: 0.101, li_recovered:  8.100, time: 0.00524861099984264
L: 0.50, u_super: 0.00054, sec: 31.815, prod: 0.010722, t_ads: 339.8, t_des: 379.5, bed_util_ads: 0.443, bed_util_des: 0.438, des_th: 0.43844211671770045,frac_lost: 0.102, li_recovered:  7.712, time: 0.004287452999051311
L: 0.50, u_super: 0.00035, sec: 21.214, prod: 0.006721, t_ads: 496.2, t_des: 476.6, bed_util_ads: 0.448, bed_util_des: 0.445, des_th: 0.44497041608740057,frac_lost: 0.104, li_recovered:  6.538, time: 0.005633365999528905
L: 0.50, u_super: 0.00313, sec: 168.758, prod: 0.070161, t_ads: 61.7, t_des: 56.2, bed_util_ads: 0.495, bed_util_des: 0.494, des_th: 0.4942180489900314,frac_lost: 0.102, li_recovered:  8.270, time: 0.005231792001723079
L: 47.66, u_super: 0.00801 — INFEASIBLE (li_recovered=0.000e+00), time: 0.0011744100011128467
L: 0.50, u_super: 0.00608, sec: 339.099, prod: 0.137081, t_ads: 32.0, t_des: 30.3, bed_util_ads: 0.493, bed_util_des: 0.492, des_th: 0.49246055311810477,frac_lost: 0.101, li_recovered:  8.538, time: 0.005506757001057849
L: 0.50, u_super: 0.00311, sec: 167.620, prod: 0.069758, t_ads: 62.0, t_des: 56.6, bed_util_ads: 0.495, bed_util_des: 0.495, des_th: 0.4947485624825196,frac_lost: 0.101, li_recovered:  8.273, time: 0.004457091001313529
L: 0.50, u_super: 0.00507, sec: 279.250, prod: 0.114360, t_ads: 38.3, t_des: 34.2, bed_util_ads: 0.500, bed_util_des: 0.500, des_th: 0.49957139883581947,frac_lost: 0.103, li_recovered:  8.295, time: 0.004497711001022253
L: 29.32, u_super: 0.00024 — INFEASIBLE (li_recovered=0.000e+00), time: 0.0012268179998500273
L: 0.50, u_super: 0.00682, sec: 382.874, prod: 0.154531, t_ads: 28.5, t_des: 25.8, bed_util_ads: 0.499, bed_util_des: 0.499, des_th: 0.49915439227491587,frac_lost: 0.101, li_recovered:  8.392, time: 0.003932248000637628
L: 0.51, u_super: 0.00411, sec: 270.512, prod: 0.077875, t_ads: 47.9, t_des: 65.0, bed_util_ads: 0.446, bed_util_des: 0.445, des_th: 0.44494742875414317,frac_lost: 0.100, li_recovered:  8.788, time: 0.005211174000578467
L: 0.50, u_super: 0.00267, sec: 143.786, prod: 0.059748, t_ads: 72.1, t_des: 66.4, bed_util_ads: 0.494, bed_util_des: 0.493, des_th: 0.4931374913403328,frac_lost: 0.103, li_recovered:  8.279, time: 0.004946476999975857
L: 0.50, u_super: 0.00965, sec: 560.450, prod: 0.218753, t_ads: 20.2, t_des: 18.4, bed_util_ads: 0.500, bed_util_des: 0.500, des_th: 0.4995403924372493,frac_lost: 0.105, li_recovered:  8.457, time: 0.005052918000728823
L: 0.50, u_super: 0.00719, sec: 406.872, prod: 0.162871, t_ads: 27.1, t_des: 24.2, bed_util_ads: 0.500, bed_util_des: 0.500, des_th: 0.4999604047185493,frac_lost: 0.101, li_recovered:  8.356, time: 0.005256118000033894
L: 0.50, u_super: 0.00137, sec: 74.738, prod: 0.029567, t_ads: 139.8, t_des: 121.2, bed_util_ads: 0.494, bed_util_des: 0.493, des_th: 0.493406358271608,frac_lost: 0.107, li_recovered:  7.717, time: 0.004553302998829167
L: 0.50, u_super: 0.00700, sec: 395.126, prod: 0.157969, t_ads: 28.0, t_des: 25.4, bed_util_ads: 0.499, bed_util_des: 0.499, des_th: 0.49915439227491587,frac_lost: 0.109, li_recovered:  8.439, time: 0.0038480160001199692
L: 0.50, u_super: 0.00917, sec: 530.345, prod: 0.207615, t_ads: 21.4, t_des: 19.5, bed_util_ads: 0.498, bed_util_des: 0.498, des_th: 0.497624606153618,frac_lost: 0.106, li_recovered:  8.492, time: 0.004242774000886129
L: 0.50, u_super: 0.00444, sec: 242.867, prod: 0.099785, t_ads: 43.9, t_des: 39.2, bed_util_ads: 0.500, bed_util_des: 0.500, des_th: 0.49968009701610283,frac_lost: 0.105, li_recovered:  8.287, time: 0.0043918129995290656
L: 0.50, u_super: 0.00286, sec: 168.449, prod: 0.058573, t_ads: 68.0, t_des: 78.4, bed_util_ads: 0.464, bed_util_des: 0.463, des_th: 0.4629680971599408,frac_lost: 0.108, li_recovered:  8.578, time: 0.006154091001008055
L: 0.51, u_super: 0.00990, sec: 586.605, prod: 0.224251, t_ads: 20.0, t_des: 18.6, bed_util_ads: 0.496, bed_util_des: 0.496, des_th: 0.49592068568641656,frac_lost: 0.104, li_recovered:  8.673, time: 0.004278387999875122
L: 0.50, u_super: 0.00398, sec: 216.594, prod: 0.089520, t_ads: 48.8, t_des: 44.6, bed_util_ads: 0.495, bed_util_des: 0.495, des_th: 0.4947723284493648,frac_lost: 0.104, li_recovered:  8.362, time: 0.005771183999968343
L: 0.50, u_super: 0.00886, sec: 512.886, prod: 0.200181, t_ads: 22.2, t_des: 20.6, bed_util_ads: 0.496, bed_util_des: 0.496, des_th: 0.4957876849426843,frac_lost: 0.108, li_recovered:  8.562, time: 0.006312920999334892
L: 0.50, u_super: 0.00651, sec: 364.138, prod: 0.147339, t_ads: 29.8, t_des: 26.7, bed_util_ads: 0.499, bed_util_des: 0.499, des_th: 0.49936840751549305,frac_lost: 0.101, li_recovered:  8.327, time: 0.004898391000097035
L: 0.50, u_super: 0.00169, sec: 91.638, prod: 0.037115, t_ads: 112.8, t_des: 99.1, bed_util_ads: 0.494, bed_util_des: 0.494, des_th: 0.4940199462594481,frac_lost: 0.103, li_recovered:  7.863, time: 0.005072625999673619
L: 33.25, u_super: 0.00990 — INFEASIBLE (li_recovered=0.000e+00), time: 0.0016352389993699035
L: 0.50, u_super: 0.00888, sec: 514.157, prod: 0.200884, t_ads: 22.1, t_des: 20.5, bed_util_ads: 0.496, bed_util_des: 0.496, des_th: 0.4957939121413637,frac_lost: 0.105, li_recovered:  8.567, time: 0.005351657999199233
L: 0.50, u_super: 0.00383, sec: 208.211, prod: 0.085908, t_ads: 50.8, t_des: 47.2, bed_util_ads: 0.495, bed_util_des: 0.494, des_th: 0.49421182179135204,frac_lost: 0.106, li_recovered:  8.415, time: 0.00455863900060649
L: 0.50, u_super: 0.00766, sec: 435.545, prod: 0.172895, t_ads: 25.6, t_des: 22.9, bed_util_ads: 0.500, bed_util_des: 0.500, des_th: 0.49998252810478605,frac_lost: 0.109, li_recovered:  8.398, time: 0.004822425000384101
L: 0.50, u_super: 0.00909, sec: 525.197, prod: 0.205970, t_ads: 21.5, t_des: 19.5, bed_util_ads: 0.500, bed_util_des: 0.500, des_th: 0.4999112843921393,frac_lost: 0.105, li_recovered:  8.450, time: 0.004994556000383454
L: 0.50, u_super: 0.00081, sec: 44.316, prod: 0.017131, t_ads: 230.7, t_des: 217.1, bed_util_ads: 0.476, bed_util_des: 0.475, des_th: 0.4750830739710867,frac_lost: 0.101, li_recovered:  7.671, time: 0.005107126999064349
L: 26.73, u_super: 0.00446 — INFEASIBLE (li_recovered=0.000e+00), time: 0.00200127700009034
L: 0.50, u_super: 0.00118, sec: 65.013, prod: 0.025362, t_ads: 160.4, t_des: 138.9, bed_util_ads: 0.493, bed_util_des: 0.492, des_th: 0.49241824245196686,frac_lost: 0.105, li_recovered:  7.591, time: 0.006487599999672966
L: 0.50, u_super: 0.00717, sec: 407.278, prod: 0.161690, t_ads: 27.4, t_des: 25.5, bed_util_ads: 0.495, bed_util_des: 0.495, des_th: 0.4950285440048665,frac_lost: 0.108, li_recovered:  8.555, time: 0.006499772000097437
L: 0.50, u_super: 0.00401, sec: 218.543, prod: 0.090181, t_ads: 48.5, t_des: 44.4, bed_util_ads: 0.495, bed_util_des: 0.495, des_th: 0.4951769526967653,frac_lost: 0.105, li_recovered:  8.373, time: 0.005844474999321392
L: 7.69, u_super: 0.00610 — INFEASIBLE (li_recovered=0.000e+00), time: 0.003575239999918267
L: 0.50, u_super: 0.00595, sec: 332.097, prod: 0.134491, t_ads: 32.7, t_des: 30.7, bed_util_ads: 0.494, bed_util_des: 0.494, des_th: 0.493527923106003,frac_lost: 0.101, li_recovered:  8.526, time: 0.007200755999292596
    42 |     1680 |     40 |  0.0040027065 |             f
L: 37.45, u_super: 0.00187 — INFEASIBLE (li_recovered=0.000e+00), time: 0.0010264180000376655
L: 0.50, u_super: 0.00631, sec: 418.826, prod: 0.119976, t_ads: 31.1, t_des: 41.5, bed_util_ads: 0.449, bed_util_des: 0.449, des_th: 0.44864725287500073,frac_lost: 0.108, li_recovered:  8.702, time: 0.007527664998633554
L: 0.50, u_super: 0.00470, sec: 258.181, prod: 0.105854, t_ads: 41.4, t_des: 36.9, bed_util_ads: 0.499, bed_util_des: 0.499, des_th: 0.4990864923436808,frac_lost: 0.105, li_recovered:  8.281, time: 0.007217321999632986
L: 0.50, u_super: 0.00959, sec: 557.467, prod: 0.217243, t_ads: 20.4, t_des: 18.3, bed_util_ads: 0.500, bed_util_des: 0.500, des_th: 0.49993503972751735,frac_lost: 0.106, li_recovered:  8.410, time: 0.004627106998668751
L: 47.28, u_super: 0.00682 — INFEASIBLE (li_recovered=0.000e+00), time: 0.001198137999381288
L: 0.50, u_super: 0.00258, sec: 138.597, prod: 0.057504, t_ads: 74.9, t_des: 69.2, bed_util_ads: 0.493, bed_util_des: 0.492, des_th: 0.49256396776350464,frac_lost: 0.104, li_recovered:  8.287, time: 0.0043577800006460166
L: 0.50, u_super: 0.00803, sec: 458.595, prod: 0.181501, t_ads: 24.4, t_des: 21.8, bed_util_ads: 0.500, bed_util_des: 0.500, des_th: 0.4999172772003719,frac_lost: 0.107, li_recovered:  8.387, time: 0.004419966999194003
L: 0.50, u_super: 0.00768, sec: 435.007, prod: 0.174105, t_ads: 25.3, t_des: 22.9, bed_util_ads: 0.500, bed_util_des: 0.500, des_th: 0.4995439602721573,frac_lost: 0.101, li_recovered:  8.385, time: 0.004050559999086545
L: 0.50, u_super: 0.00565, sec: 313.220, prod: 0.127645, t_ads: 34.4, t_des: 30.8, bed_util_ads: 0.500, bed_util_des: 0.500, des_th: 0.4995800809658117,frac_lost: 0.102, li_recovered:  8.326, time: 0.004558954999083653
L: 0.50, u_super: 0.00917, sec: 529.936, prod: 0.207775, t_ads: 21.3, t_des: 19.6, bed_util_ads: 0.498, bed_util_des: 0.498, des_th: 0.49778062501171927,frac_lost: 0.104, li_recovered:  8.502, time: 0.004462290000446956
L: 0.50, u_super: 0.00793, sec: 452.333, prod: 0.179519, t_ads: 24.5, t_des: 23.2, bed_util_ads: 0.493, bed_util_des: 0.493, des_th: 0.49331175569275315,frac_lost: 0.101, li_recovered:  8.555, time: 0.004191560999970534
L: 0.50, u_super: 0.00459, sec: 252.145, prod: 0.103340, t_ads: 42.4, t_des: 37.7, bed_util_ads: 0.500, bed_util_des: 0.500, des_th: 0.4997811425748713,frac_lost: 0.105, li_recovered:  8.277, time: 0.00604102299985243
L: 57.42, u_super: 0.00342 — INFEASIBLE (li_recovered=0.000e+00), time: 0.0008611020002717851
L: 6.27, u_super: 0.00917 — INFEASIBLE (li_recovered=0.000e+00), time: 0.0020877890001429478
L: 0.50, u_super: 0.00565, sec: 313.221, prod: 0.127645, t_ads: 34.4, t_des: 30.7, bed_util_ads: 0.500, bed_util_des: 0.500, des_th: 0.4997439364810196,frac_lost: 0.102, li_recovered:  8.308, time: 0.005807150000691763
L: 0.50, u_super: 0.00296, sec: 159.340, prod: 0.066221, t_ads: 65.3, t_des: 60.1, bed_util_ads: 0.493, bed_util_des: 0.493, des_th: 0.49256396776350464,frac_lost: 0.102, li_recovered:  8.304, time: 0.003915444000085699
L: 0.50, u_super: 0.00725, sec: 410.561, prod: 0.164039, t_ads: 26.9, t_des: 24.0, bed_util_ads: 0.500, bed_util_des: 0.500, des_th: 0.49998278102989935,frac_lost: 0.101, li_recovered:  8.350, time: 0.004273722001016722
L: 0.50, u_super: 0.00846, sec: 488.614, prod: 0.190018, t_ads: 23.1, t_des: 22.3, bed_util_ads: 0.492, bed_util_des: 0.491, des_th: 0.4914396580392422,frac_lost: 0.105, li_recovered:  8.618, time: 0.004509366999627673
L: 0.50, u_super: 0.00326, sec: 176.366, prod: 0.072887, t_ads: 59.7, t_des: 54.7, bed_util_ads: 0.494, bed_util_des: 0.494, des_th: 0.4940199462594481,frac_lost: 0.108, li_recovered:  8.339, time: 0.00489925199872232
L: 0.50, u_super: 0.00427, sec: 233.380, prod: 0.095891, t_ads: 45.6, t_des: 40.6, bed_util_ads: 0.500, bed_util_des: 0.499, des_th: 0.4994509431684764,frac_lost: 0.105, li_recovered:  8.270, time: 0.004573773001538939
L: 0.50, u_super: 0.00494, sec: 272.023, prod: 0.111329, t_ads: 39.5, t_des: 35.6, bed_util_ads: 0.498, bed_util_des: 0.498, des_th: 0.49804193158443266,frac_lost: 0.106, li_recovered:  8.355, time: 0.004482712000026368
L: 0.51, u_super: 0.00529, sec: 296.893, prod: 0.119258, t_ads: 37.3, t_des: 33.3, bed_util_ads: 0.500, bed_util_des: 0.500, des_th: 0.49957139883581947,frac_lost: 0.103, li_recovered:  8.427, time: 0.005088440000690753
L: 0.51, u_super: 0.00286, sec: 158.021, prod: 0.063484, t_ads: 68.5, t_des: 59.4, bed_util_ads: 0.500, bed_util_des: 0.500, des_th: 0.49993503972751735,frac_lost: 0.103, li_recovered:  8.124, time: 0.007823570000255131
L: 0.50, u_super: 0.00035, sec: 21.217, prod: 0.006719, t_ads: 496.0, t_des: 476.3, bed_util_ads: 0.447, bed_util_des: 0.445, des_th: 0.44497041608740057,frac_lost: 0.104, li_recovered:  6.533, time: 0.004971325000951765
L: 0.50, u_super: 0.00979, sec: 569.978, prod: 0.222007, t_ads: 20.0, t_des: 18.2, bed_util_ads: 0.499, bed_util_des: 0.499, des_th: 0.49911034017456307,frac_lost: 0.105, li_recovered:  8.470, time: 0.008075020999967819
L: 0.50, u_super: 0.00963, sec: 559.413, prod: 0.218088, t_ads: 20.3, t_des: 18.2, bed_util_ads: 0.500, bed_util_des: 0.500, des_th: 0.4999762138541186,frac_lost: 0.105, li_recovered:  8.397, time: 0.007834190999346902
L: 0.50, u_super: 0.00691, sec: 390.992, prod: 0.156078, t_ads: 28.4, t_des: 25.5, bed_util_ads: 0.500, bed_util_des: 0.500, des_th: 0.4999514194091669,frac_lost: 0.108, li_recovered:  8.422, time: 0.0062348540013772435
L: 0.50, u_super: 0.00882, sec: 507.411, prod: 0.199894, t_ads: 22.1, t_des: 20.1, bed_util_ads: 0.500, bed_util_des: 0.499, des_th: 0.4994040632634197,frac_lost: 0.105, li_recovered:  8.440, time: 0.006674333000773913
L: 4.17, u_super: 0.00672 — INFEASIBLE (li_recovered=0.000e+00), time: 0.002481352001268533
L: 0.50, u_super: 0.00158, sec: 86.526, prod: 0.034290, t_ads: 121.0, t_des: 103.3, bed_util_ads: 0.498, bed_util_des: 0.498, des_th: 0.4981084067944885,frac_lost: 0.106, li_recovered:  7.689, time: 0.004984303999663098
L: 0.50, u_super: 0.00766, sec: 433.850, prod: 0.173524, t_ads: 25.4, t_des: 22.9, bed_util_ads: 0.500, bed_util_des: 0.500, des_th: 0.49998183583920286,frac_lost: 0.102, li_recovered:  8.383, time: 0.007133209999665269
L: 0.50, u_super: 0.00983, sec: 572.245, prod: 0.222849, t_ads: 19.9, t_des: 17.8, bed_util_ads: 0.500, bed_util_des: 0.500, des_th: 0.49998725599841004,frac_lost: 0.104, li_recovered:  8.392, time: 0.008060766000198782
L: 0.50, u_super: 0.00035, sec: 21.214, prod: 0.006720, t_ads: 495.3, t_des: 476.4, bed_util_ads: 0.447, bed_util_des: 0.445, des_th: 0.44497041608740057,frac_lost: 0.103, li_recovered:  6.530, time: 0.00408047400014766
L: 0.50, u_super: 0.00818, sec: 467.519, prod: 0.185235, t_ads: 23.9, t_des: 21.4, bed_util_ads: 0.500, bed_util_des: 0.500, des_th: 0.4998673522668063,frac_lost: 0.105, li_recovered:  8.384, time: 0.006620199001190485
L: 0.50, u_super: 0.00938, sec: 569.271, prod: 0.202741, t_ads: 20.9, t_des: 22.1, bed_util_ads: 0.479, bed_util_des: 0.479, des_th: 0.4787485569172351,frac_lost: 0.105, li_recovered:  8.707, time: 0.005868495998583967
L: 40.44, u_super: 0.00589 — INFEASIBLE (li_recovered=0.000e+00), time: 0.0011955639984080335
L: 0.50, u_super: 0.00515, sec: 285.075, prod: 0.115987, t_ads: 38.0, t_des: 33.8, bed_util_ads: 0.500, bed_util_des: 0.500, des_th: 0.49953235303775306,frac_lost: 0.104, li_recovered:  8.328, time: 0.005871514998943894
L: 50.86, u_super: 0.00525 — INFEASIBLE (li_recovered=0.000e+00), time: 0.0009380920000694459
L: 0.50, u_super: 0.00752, sec: 426.832, prod: 0.170415, t_ads: 25.9, t_des: 23.2, bed_util_ads: 0.500, bed_util_des: 0.500, des_th: 0.4999604047185493,frac_lost: 0.100, li_recovered:  8.370, time: 0.005237326000496978
L: 0.50, u_super: 0.00035, sec: 21.935, prod: 0.006505, t_ads: 490.8, t_des: 439.0, bed_util_ads: 0.456, bed_util_des: 0.455, des_th: 0.4553481511332231,frac_lost: 0.103, li_recovered:  6.048, time: 0.004732239000077243
    43 |     1720 |     40 |  0.0028659013 |             f
L: 0.50, u_super: 0.00725, sec: 410.528, prod: 0.164036, t_ads: 26.9, t_des: 24.0, bed_util_ads: 0.500, bed_util_des: 0.500, des_th: 0.4999604047185493,frac_lost: 0.101, li_recovered:  8.347, time: 0.0038733910005248617
L: 0.50, u_super: 0.00300, sec: 162.093, prod: 0.066976, t_ads: 64.9, t_des: 59.5, bed_util_ads: 0.494, bed_util_des: 0.493, des_th: 0.49327413160404593,frac_lost: 0.108, li_recovered:  8.332, time: 0.004959060999681242
L: 0.50, u_super: 0.00716, sec: 403.537, prod: 0.162409, t_ads: 27.1, t_des: 24.5, bed_util_ads: 0.499, bed_util_des: 0.499, des_th: 0.4990635129162737,frac_lost: 0.100, li_recovered:  8.374, time: 0.003698157999679097
L: 0.50, u_super: 0.00983, sec: 574.568, prod: 0.222209, t_ads: 19.9, t_des: 18.7, bed_util_ads: 0.495, bed_util_des: 0.495, des_th: 0.495005805616099,frac_lost: 0.105, li_recovered:  8.576, time: 0.004294323000067379
L: 0.50, u_super: 0.00208, sec: 113.045, prod: 0.045514, t_ads: 93.1, t_des: 79.9, bed_util_ads: 0.499, bed_util_des: 0.499, des_th: 0.49876850078491064,frac_lost: 0.108, li_recovered:  7.873, time: 0.003609434001191403
L: 0.50, u_super: 0.00878, sec: 505.054, prod: 0.198931, t_ads: 22.3, t_des: 20.2, bed_util_ads: 0.499, bed_util_des: 0.499, des_th: 0.49915146704873165,frac_lost: 0.105, li_recovered:  8.438, time: 0.0041110620004474185
L: 5.97, u_super: 0.00643 — INFEASIBLE (li_recovered=0.000e+00), time: 0.0025800599996728124
L: 1.48, u_super: 0.00889, sec: 1532.850, prod: 0.198778, t_ads: 64.0, t_des: 56.9, bed_util_ads: 0.498, bed_util_des: 0.498, des_th: 0.49778062501171927,frac_lost: 0.102, li_recovered:  24.047, time: 0.004182638000202132
L: 0.50, u_super: 0.00859, sec: 545.343, prod: 0.176756, t_ads: 22.8, t_des: 26.7, bed_util_ads: 0.467, bed_util_des: 0.467, des_th: 0.46674131556913007,frac_lost: 0.103, li_recovered:  8.745, time: 0.004230005000863457
L: 0.50, u_super: 0.00608, sec: 339.212, prod: 0.137040, t_ads: 32.0, t_des: 30.4, bed_util_ads: 0.493, bed_util_des: 0.492, des_th: 0.49246055311810477,frac_lost: 0.101, li_recovered:  8.544, time: 0.0046777559982729144
L: 0.50, u_super: 0.00574, sec: 318.199, prod: 0.129715, t_ads: 33.8, t_des: 30.4, bed_util_ads: 0.500, bed_util_des: 0.500, des_th: 0.49957139883581947,frac_lost: 0.102, li_recovered:  8.330, time: 0.004640405999452923
L: 16.37, u_super: 0.00608 — INFEASIBLE (li_recovered=0.000e+00), time: 0.0014790440000069793
L: 29.37, u_super: 0.00099 — INFEASIBLE (li_recovered=0.000e+00), time: 0.0010007390010287054
L: 0.50, u_super: 0.00110, sec: 61.297, prod: 0.023373, t_ads: 170.5, t_des: 145.0, bed_util_ads: 0.493, bed_util_des: 0.492, des_th: 0.49241824245196686,frac_lost: 0.101, li_recovered:  7.374, time: 0.0040960410005936865
L: 0.50, u_super: 0.00876, sec: 504.514, prod: 0.197981, t_ads: 22.4, t_des: 20.5, bed_util_ads: 0.498, bed_util_des: 0.498, des_th: 0.49778062501171927,frac_lost: 0.108, li_recovered:  8.499, time: 0.004453100000318955
L: 0.50, u_super: 0.00066, sec: 37.407, prod: 0.013747, t_ads: 277.4, t_des: 249.8, bed_util_ads: 0.477, bed_util_des: 0.476, des_th: 0.47564094261460754,frac_lost: 0.103, li_recovered:  7.247, time: 0.003807704999417183
L: 0.50, u_super: 0.00659, sec: 372.084, prod: 0.148070, t_ads: 29.7, t_des: 28.3, bed_util_ads: 0.493, bed_util_des: 0.493, des_th: 0.49256396776350464,frac_lost: 0.107, li_recovered:  8.580, time: 0.00427719399885973
L: 0.50, u_super: 0.00419, sec: 228.947, prod: 0.093988, t_ads: 46.4, t_des: 41.0, bed_util_ads: 0.500, bed_util_des: 0.500, des_th: 0.4999604047185493,frac_lost: 0.104, li_recovered:  8.209, time: 0.004630617999282549
L: 0.50, u_super: 0.00326, sec: 176.565, prod: 0.072809, t_ads: 59.7, t_des: 53.3, bed_util_ads: 0.498, bed_util_des: 0.498, des_th: 0.49812492185791934,frac_lost: 0.108, li_recovered:  8.233, time: 0.003960963000281481
L: 0.50, u_super: 0.00077, sec: 42.712, prod: 0.016397, t_ads: 240.0, t_des: 225.6, bed_util_ads: 0.475, bed_util_des: 0.474, des_th: 0.47379520225660715,frac_lost: 0.102, li_recovered:  7.635, time: 0.0048643399986758595
L: 0.50, u_super: 0.00410, sec: 247.475, prod: 0.083369, t_ads: 47.3, t_des: 56.3, bed_util_ads: 0.462, bed_util_des: 0.461, des_th: 0.4614960653888256,frac_lost: 0.102, li_recovered:  8.639, time: 0.005488102000526851
L: 0.51, u_super: 0.00393, sec: 218.008, prod: 0.087985, t_ads: 50.3, t_des: 44.4, bed_util_ads: 0.500, bed_util_des: 0.500, des_th: 0.4999640545028128,frac_lost: 0.106, li_recovered:  8.338, time: 0.0040725159997236915
L: 0.50, u_super: 0.00567, sec: 313.890, prod: 0.128293, t_ads: 34.2, t_des: 31.7, bed_util_ads: 0.495, bed_util_des: 0.495, des_th: 0.494816475997925,frac_lost: 0.101, li_recovered:  8.452, time: 0.003799534000791027
L: 0.50, u_super: 0.00023 — INFEASIBLE (li_recovered=0.000e+00), time: 0.0018761310002446407
L: 0.50, u_super: 0.00111, sec: 61.292, prod: 0.023494, t_ads: 171.6, t_des: 146.5, bed_util_ads: 0.493, bed_util_des: 0.492, des_th: 0.49241824245196686,frac_lost: 0.107, li_recovered:  7.473, time: 0.004537942999377265
L: 0.50, u_super: 0.00899, sec: 520.324, prod: 0.203618, t_ads: 21.8, t_des: 19.8, bed_util_ads: 0.500, bed_util_des: 0.499, des_th: 0.49938841336476725,frac_lost: 0.107, li_recovered:  8.477, time: 0.0045591679991048295
L: 27.30, u_super: 0.00140 — INFEASIBLE (li_recovered=0.000e+00), time: 0.0007063149987516226
L: 0.50, u_super: 0.00651, sec: 364.089, prod: 0.147359, t_ads: 29.8, t_des: 26.7, bed_util_ads: 0.499, bed_util_des: 0.499, des_th: 0.49936840751549305,frac_lost: 0.100, li_recovered:  8.326, time: 0.004470789999686531
L: 0.50, u_super: 0.00292, sec: 158.762, prod: 0.064815, t_ads: 66.1, t_des: 57.3, bed_util_ads: 0.500, bed_util_des: 0.500, des_th: 0.49989343218132215,frac_lost: 0.102, li_recovered:  7.996, time: 0.00432566099880205
L: 0.50, u_super: 0.00409, sec: 223.346, prod: 0.091939, t_ads: 47.5, t_des: 42.4, bed_util_ads: 0.499, bed_util_des: 0.499, des_th: 0.4991379725493097,frac_lost: 0.105, li_recovered:  8.263, time: 0.0040331669988518115
L: 0.50, u_super: 0.00319, sec: 172.392, prod: 0.071424, t_ads: 60.6, t_des: 54.5, bed_util_ads: 0.497, bed_util_des: 0.496, des_th: 0.49647864123477026,frac_lost: 0.103, li_recovered:  8.224, time: 0.005588872001681011
L: 0.50, u_super: 0.00823, sec: 483.610, prod: 0.181361, t_ads: 23.8, t_des: 24.1, bed_util_ads: 0.486, bed_util_des: 0.485, des_th: 0.4853836142056765,frac_lost: 0.108, li_recovered:  8.682, time: 0.005736498000260326
L: 0.50, u_super: 0.00222, sec: 120.768, prod: 0.048794, t_ads: 86.9, t_des: 74.7, bed_util_ads: 0.500, bed_util_des: 0.499, des_th: 0.49936840751549305,frac_lost: 0.106, li_recovered:  7.885, time: 0.0058238750007149065
L: 0.50, u_super: 0.00192, sec: 103.432, prod: 0.042359, t_ads: 99.7, t_des: 88.5, bed_util_ads: 0.494, bed_util_des: 0.494, des_th: 0.4940199462594481,frac_lost: 0.102, li_recovered:  7.970, time: 0.00600217999999586
L: 0.51, u_super: 0.00529, sec: 300.127, prod: 0.117973, t_ads: 37.6, t_des: 36.3, bed_util_ads: 0.490, bed_util_des: 0.489, des_th: 0.48950137620135725,frac_lost: 0.109, li_recovered:  8.723, time: 0.006457621000663494
L: 0.50, u_super: 0.00707, sec: 417.917, prod: 0.153022, t_ads: 27.8, t_des: 29.2, bed_util_ads: 0.481, bed_util_des: 0.480, des_th: 0.48016356572728347,frac_lost: 0.108, li_recovered:  8.720, time: 0.0048182390000874875
L: 0.50, u_super: 0.00917, sec: 532.551, prod: 0.206670, t_ads: 21.3, t_des: 20.3, bed_util_ads: 0.493, bed_util_des: 0.493, des_th: 0.49253312103082236,frac_lost: 0.105, li_recovered:  8.598, time: 0.005399411998951109
L: 0.50, u_super: 0.00043 — INFEASIBLE (li_recovered=0.000e+00), time: 0.003705054999954882
L: 0.50, u_super: 0.00608, sec: 338.267, prod: 0.137428, t_ads: 32.0, t_des: 29.0, bed_util_ads: 0.498, bed_util_des: 0.498, des_th: 0.4977080521780061,frac_lost: 0.102, li_recovered:  8.377, time: 0.0037856999988434836
L: 0.50, u_super: 0.00238, sec: 131.585, prod: 0.051738, t_ads: 80.9, t_des: 83.3, bed_util_ads: 0.477, bed_util_des: 0.477, des_th: 0.47652360081657397,frac_lost: 0.103, li_recovered:  8.495, time: 0.006522732001030818
    44 |     1760 |     40 |  0.0032384544 |             f
L: 0.50, u_super: 0.00352, sec: 191.389, prod: 0.078626, t_ads: 55.3, t_des: 48.8, bed_util_ads: 0.499, bed_util_des: 0.499, des_th: 0.4991578842042722,frac_lost: 0.107, li_recovered:  8.188, time: 0.005082653000499704
L: 0.50, u_super: 0.00111, sec: 61.274, prod: 0.023479, t_ads: 171.7, t_des: 146.4, bed_util_ads: 0.493, bed_util_des: 0.492, des_th: 0.49241824245196686,frac_lost: 0.108, li_recovered:  7.468, time: 0.005838085999130271
L: 0.50, u_super: 0.00494, sec: 271.789, prod: 0.111457, t_ads: 39.4, t_des: 35.6, bed_util_ads: 0.498, bed_util_des: 0.498, des_th: 0.4980998043421614,frac_lost: 0.104, li_recovered:  8.353, time: 0.006397555000148714
L: 0.51, u_super: 0.00524, sec: 293.949, prod: 0.118114, t_ads: 37.7, t_des: 33.7, bed_util_ads: 0.499, bed_util_des: 0.499, des_th: 0.4991805878467084,frac_lost: 0.103, li_recovered:  8.435, time: 0.006021909000992309
L: 3.98, u_super: 0.00173 — INFEASIBLE (li_recovered=0.000e+00), time: 0.0025087960002565524
L: 0.67, u_super: 0.00793, sec: 628.415, prod: 0.172186, t_ads: 32.7, t_des: 34.4, bed_util_ads: 0.480, bed_util_des: 0.479, des_th: 0.47915352366179614,frac_lost: 0.102, li_recovered:  11.554, time: 0.004827227001442225
L: 0.50, u_super: 0.00268, sec: 144.258, prod: 0.059896, t_ads: 72.0, t_des: 66.7, bed_util_ads: 0.493, bed_util_des: 0.492, des_th: 0.4921374656115442,frac_lost: 0.101, li_recovered:  8.309, time: 0.004495376999329892
L: 0.50, u_super: 0.00163, sec: 88.044, prod: 0.035542, t_ads: 117.6, t_des: 103.1, bed_util_ads: 0.495, bed_util_des: 0.494, des_th: 0.4941669532374286,frac_lost: 0.104, li_recovered:  7.844, time: 0.004192962998786243
L: 0.50, u_super: 0.00444, sec: 243.083, prod: 0.099696, t_ads: 43.9, t_des: 39.2, bed_util_ads: 0.500, bed_util_des: 0.500, des_th: 0.4999902386731332,frac_lost: 0.106, li_recovered:  8.290, time: 0.00448482199863065
L: 0.50, u_super: 0.00042 — INFEASIBLE (li_recovered=0.000e+00), time: 0.0026035450009658234
L: 0.50, u_super: 0.00725, sec: 411.455, prod: 0.163664, t_ads: 27.2, t_des: 24.6, bed_util_ads: 0.499, bed_util_des: 0.498, des_th: 0.49844428094739124,frac_lost: 0.108, li_recovered:  8.472, time: 0.005249648998869816
L: 0.50, u_super: 0.00487, sec: 267.831, prod: 0.109939, t_ads: 39.9, t_des: 36.1, bed_util_ads: 0.498, bed_util_des: 0.498, des_th: 0.49804193158443266,frac_lost: 0.104, li_recovered:  8.348, time: 0.005175469999812776
L: 0.50, u_super: 0.00804, sec: 462.573, prod: 0.180387, t_ads: 24.4, t_des: 23.4, bed_util_ads: 0.492, bed_util_des: 0.492, des_th: 0.4922600251666277,frac_lost: 0.107, li_recovered:  8.620, time: 0.005485096000484191
L: 17.46, u_super: 0.00721 — INFEASIBLE (li_recovered=0.000e+00), time: 0.001806797999961418
L: 53.64, u_super: 0.00643 — INFEASIBLE (li_recovered=0.000e+00), time: 0.0018185799999628216
L: 0.50, u_super: 0.00446, sec: 244.279, prod: 0.100175, t_ads: 43.7, t_des: 38.9, bed_util_ads: 0.500, bed_util_des: 0.500, des_th: 0.49996782377151133,frac_lost: 0.106, li_recovered:  8.281, time: 0.004673564000768238
L: 0.50, u_super: 0.00140, sec: 76.026, prod: 0.030275, t_ads: 137.4, t_des: 120.3, bed_util_ads: 0.493, bed_util_des: 0.492, des_th: 0.4924290983077997,frac_lost: 0.108, li_recovered:  7.803, time: 0.0046618329997727415
L: 0.50, u_super: 0.00369, sec: 200.925, prod: 0.082586, t_ads: 52.7, t_des: 46.6, bed_util_ads: 0.500, bed_util_des: 0.499, des_th: 0.4994614558828081,frac_lost: 0.107, li_recovered:  8.205, time: 0.0059035680005763425
L: 0.51, u_super: 0.00989, sec: 586.874, prod: 0.224202, t_ads: 20.1, t_des: 18.0, bed_util_ads: 0.500, bed_util_des: 0.500, des_th: 0.49993503972751735,frac_lost: 0.105, li_recovered:  8.545, time: 0.006246000000828644
L: 11.42, u_super: 0.00529 — INFEASIBLE (li_recovered=0.000e+00), time: 0.0027484620004543103
L: 0.51, u_super: 0.00990, sec: 586.671, prod: 0.224435, t_ads: 20.1, t_des: 18.0, bed_util_ads: 0.500, bed_util_des: 0.500, des_th: 0.4999140490026576,frac_lost: 0.104, li_recovered:  8.537, time: 0.005663207000907278
L: 0.50, u_super: 0.00878, sec: 505.426, prod: 0.198860, t_ads: 22.3, t_des: 20.5, bed_util_ads: 0.498, bed_util_des: 0.498, des_th: 0.49778062501171927,frac_lost: 0.105, li_recovered:  8.502, time: 0.004430544999195263
L: 0.50, u_super: 0.00206, sec: 110.911, prod: 0.045741, t_ads: 92.9, t_des: 83.6, bed_util_ads: 0.494, bed_util_des: 0.493, des_th: 0.49333321484244824,frac_lost: 0.101, li_recovered:  8.074, time: 0.007019340999249835
L: 0.50, u_super: 0.00708, sec: 399.798, prod: 0.160003, t_ads: 27.6, t_des: 24.8, bed_util_ads: 0.500, bed_util_des: 0.500, des_th: 0.49954520326392826,frac_lost: 0.107, li_recovered:  8.390, time: 0.00621427799887897
L: 0.50, u_super: 0.00608, sec: 339.128, prod: 0.137282, t_ads: 32.0, t_des: 30.0, bed_util_ads: 0.493, bed_util_des: 0.493, des_th: 0.49319386592705283,frac_lost: 0.102, li_recovered:  8.517, time: 0.006304632999672322
L: 0.50, u_super: 0.00742, sec: 420.663, prod: 0.167495, t_ads: 26.4, t_des: 23.7, bed_util_ads: 0.500, bed_util_des: 0.500, des_th: 0.49997370030660204,frac_lost: 0.108, li_recovered:  8.401, time: 0.0061282839997147676
L: 0.50, u_super: 0.00597, sec: 340.468, prod: 0.131452, t_ads: 32.9, t_des: 33.0, bed_util_ads: 0.486, bed_util_des: 0.485, des_th: 0.48541647837214913,frac_lost: 0.108, li_recovered:  8.655, time: 0.005735890999858384
L: 0.50, u_super: 0.00959, sec: 557.250, prod: 0.217327, t_ads: 20.4, t_des: 18.5, bed_util_ads: 0.500, bed_util_des: 0.500, des_th: 0.4996730174341463,frac_lost: 0.106, li_recovered:  8.449, time: 0.007416428999931668
L: 0.50, u_super: 0.00638, sec: 432.877, prod: 0.118825, t_ads: 30.6, t_des: 42.6, bed_util_ads: 0.445, bed_util_des: 0.444, des_th: 0.4440514001110349,frac_lost: 0.105, li_recovered:  8.697, time: 0.007293361999472836
L: 0.50, u_super: 0.00104 — INFEASIBLE (li_recovered=0.000e+00), time: 0.002482044999851496
L: 0.50, u_super: 0.00406, sec: 221.032, prod: 0.091155, t_ads: 48.0, t_des: 44.3, bed_util_ads: 0.495, bed_util_des: 0.494, des_th: 0.4944463309411674,frac_lost: 0.105, li_recovered:  8.411, time: 0.006410279000192531
L: 0.50, u_super: 0.00852, sec: 491.310, prod: 0.191948, t_ads: 23.0, t_des: 21.8, bed_util_ads: 0.493, bed_util_des: 0.493, des_th: 0.49331175569275315,frac_lost: 0.106, li_recovered:  8.595, time: 0.005101401000501937
L: 0.50, u_super: 0.00983, sec: 729.152, prod: 0.175090, t_ads: 19.9, t_des: 30.0, bed_util_ads: 0.435, bed_util_des: 0.434, des_th: 0.43430726531205643,frac_lost: 0.103, li_recovered:  8.732, time: 0.006522155001221108
L: 0.50, u_super: 0.00917, sec: 530.096, prod: 0.207712, t_ads: 21.3, t_des: 19.5, bed_util_ads: 0.498, bed_util_des: 0.498, des_th: 0.4978320915453091,frac_lost: 0.105, li_recovered:  8.489, time: 0.00679901500006963
L: 0.50, u_super: 0.00192, sec: 103.742, prod: 0.042233, t_ads: 99.6, t_des: 87.2, bed_util_ads: 0.496, bed_util_des: 0.495, des_th: 0.49546850883035787,frac_lost: 0.101, li_recovered:  7.888, time: 0.007066977999784285
L: 4.50, u_super: 0.00947 — INFEASIBLE (li_recovered=0.000e+00), time: 0.0023463620000256924
L: 0.50, u_super: 0.00210, sec: 131.005, prod: 0.040281, t_ads: 91.4, t_des: 120.0, bed_util_ads: 0.445, bed_util_des: 0.443, des_th: 0.44321494433597247,frac_lost: 0.100, li_recovered:  8.515, time: 0.008349073001227225
L: 0.50, u_super: 0.00306, sec: 165.038, prod: 0.068609, t_ads: 63.1, t_des: 58.2, bed_util_ads: 0.493, bed_util_des: 0.492, des_th: 0.49244091204960183,frac_lost: 0.101, li_recovered:  8.318, time: 0.007504857001549681
L: 0.50, u_super: 0.00371, sec: 202.074, prod: 0.083112, t_ads: 52.6, t_des: 46.9, bed_util_ads: 0.498, bed_util_des: 0.498, des_th: 0.49804193158443266,frac_lost: 0.108, li_recovered:  8.272, time: 0.007269744000950595
L: 0.50, u_super: 0.00111, sec: 61.568, prod: 0.023538, t_ads: 169.1, t_des: 143.9, bed_util_ads: 0.494, bed_util_des: 0.494, des_th: 0.49399727666181315,frac_lost: 0.101, li_recovered:  7.368, time: 0.00607045700053277
    45 |     1800 |     40 |  0.0029583076 |             f
L: 0.50, u_super: 0.00517, sec: 285.199, prod: 0.116791, t_ads: 37.6, t_des: 34.0, bed_util_ads: 0.498, bed_util_des: 0.498, des_th: 0.4976719503802052,frac_lost: 0.103, li_recovered:  8.355, time: 0.006351281001116149
L: 0.50, u_super: 0.00924, sec: 535.033, prod: 0.209437, t_ads: 21.2, t_des: 19.4, bed_util_ads: 0.498, bed_util_des: 0.498, des_th: 0.49778062501171927,frac_lost: 0.105, li_recovered:  8.497, time: 0.0066707580008369405
L: 0.50, u_super: 0.00140, sec: 75.892, prod: 0.030303, t_ads: 136.9, t_des: 120.2, bed_util_ads: 0.493, bed_util_des: 0.492, des_th: 0.492480573443177,frac_lost: 0.107, li_recovered:  7.793, time: 0.00781512899993686
L: 0.50, u_super: 0.00979, sec: 570.296, prod: 0.221970, t_ads: 20.0, t_des: 18.1, bed_util_ads: 0.500, bed_util_des: 0.500, des_th: 0.49993503972751735,frac_lost: 0.105, li_recovered:  8.452, time: 0.004818482999326079
L: 0.50, u_super: 0.00474, sec: 260.267, prod: 0.106544, t_ads: 41.1, t_des: 38.4, bed_util_ads: 0.494, bed_util_des: 0.494, des_th: 0.4940199462594481,frac_lost: 0.106, li_recovered:  8.470, time: 0.004581197999868891
L: 0.50, u_super: 0.00446, sec: 244.238, prod: 0.100106, t_ads: 43.7, t_des: 38.9, bed_util_ads: 0.500, bed_util_des: 0.500, des_th: 0.49996782377151133,frac_lost: 0.107, li_recovered:  8.272, time: 0.004499329999816837
L: 0.50, u_super: 0.00605, sec: 337.437, prod: 0.136758, t_ads: 32.2, t_des: 28.8, bed_util_ads: 0.500, bed_util_des: 0.500, des_th: 0.49999229242152193,frac_lost: 0.103, li_recovered:  8.337, time: 0.00510521000069275
L: 0.50, u_super: 0.00371, sec: 202.219, prod: 0.083097, t_ads: 52.4, t_des: 46.2, bed_util_ads: 0.500, bed_util_des: 0.500, des_th: 0.49954855050277874,frac_lost: 0.106, li_recovered:  8.193, time: 0.004544322000583634
L: 0.50, u_super: 0.00793, sec: 451.135, prod: 0.179996, t_ads: 24.5, t_des: 22.1, bed_util_ads: 0.500, bed_util_des: 0.499, des_th: 0.4994493479582628,frac_lost: 0.100, li_recovered:  8.388, time: 0.0036777210007130634
L: 3.73, u_super: 0.00009 — INFEASIBLE (li_recovered=0.000e+00), time: 0.0006205790014064405
L: 0.50, u_super: 0.00451, sec: 247.006, prod: 0.101555, t_ads: 43.1, t_des: 39.8, bed_util_ads: 0.495, bed_util_des: 0.494, des_th: 0.4943674346569553,frac_lost: 0.105, li_recovered:  8.420, time: 0.0037525219995586667
L: 0.50, u_super: 0.00427, sec: 233.218, prod: 0.095944, t_ads: 45.7, t_des: 41.2, bed_util_ads: 0.498, bed_util_des: 0.498, des_th: 0.4976951203225884,frac_lost: 0.106, li_recovered:  8.334, time: 0.004330296000262024
L: 0.50, u_super: 0.00487, sec: 268.554, prod: 0.109644, t_ads: 40.0, t_des: 35.6, bed_util_ads: 0.500, bed_util_des: 0.500, des_th: 0.49986717920868545,frac_lost: 0.107, li_recovered:  8.296, time: 0.004312844999731169
L: 0.51, u_super: 0.00987, sec: 593.268, prod: 0.220428, t_ads: 20.1, t_des: 19.8, bed_util_ads: 0.490, bed_util_des: 0.489, des_th: 0.4894544076041506,frac_lost: 0.104, li_recovered:  8.806, time: 0.004863871999987168
L: 0.50, u_super: 0.00025 — INFEASIBLE (li_recovered=0.000e+00), time: 0.001895360001071822
L: 0.50, u_super: 0.00112, sec: 64.356, prod: 0.023101, t_ads: 168.6, t_des: 188.4, bed_util_ads: 0.459, bed_util_des: 0.457, des_th: 0.45687163680950404,frac_lost: 0.102, li_recovered:  8.247, time: 0.003799670001171762
L: 36.12, u_super: 0.00682 — INFEASIBLE (li_recovered=0.000e+00), time: 0.0010339180007576942
L: 0.50, u_super: 0.00608, sec: 338.706, prod: 0.137399, t_ads: 32.1, t_des: 29.0, bed_util_ads: 0.498, bed_util_des: 0.498, des_th: 0.4977080521780061,frac_lost: 0.104, li_recovered:  8.393, time: 0.003654094998637447
L: 0.50, u_super: 0.00084 — INFEASIBLE (li_recovered=0.000e+00), time: 0.0030819710009382106
L: 0.50, u_super: 0.00140, sec: 77.113, prod: 0.029848, t_ads: 135.9, t_des: 114.3, bed_util_ads: 0.498, bed_util_des: 0.498, des_th: 0.4980386574975698,frac_lost: 0.101, li_recovered:  7.466, time: 0.0036231589983799495
L: 45.12, u_super: 0.00084 — INFEASIBLE (li_recovered=0.000e+00), time: 0.000791328000559588
L: 2.85, u_super: 0.00557 — INFEASIBLE (li_recovered=0.000e+00), time: 0.0026472249992366415
L: 20.16, u_super: 0.00983 — INFEASIBLE (li_recovered=0.000e+00), time: 0.0016162169995368458
L: 0.51, u_super: 0.00731, sec: 418.185, prod: 0.165348, t_ads: 27.0, t_des: 24.3, bed_util_ads: 0.500, bed_util_des: 0.500, des_th: 0.4998673522668063,frac_lost: 0.106, li_recovered:  8.477, time: 0.005413454999143141
L: 0.50, u_super: 0.00212, sec: 115.106, prod: 0.046794, t_ads: 91.0, t_des: 79.3, bed_util_ads: 0.498, bed_util_des: 0.498, des_th: 0.4980998043421614,frac_lost: 0.107, li_recovered:  7.969, time: 0.004165759999523289
L: 0.50, u_super: 0.00066, sec: 38.440, prod: 0.013377, t_ads: 277.6, t_des: 233.4, bed_util_ads: 0.484, bed_util_des: 0.484, des_th: 0.4839833701430361,frac_lost: 0.105, li_recovered:  6.835, time: 0.003519556999890483
L: 0.51, u_super: 0.00288, sec: 158.422, prod: 0.064338, t_ads: 68.0, t_des: 60.4, bed_util_ads: 0.498, bed_util_des: 0.498, des_th: 0.4977202034049869,frac_lost: 0.103, li_recovered:  8.264, time: 0.004182671998933074
L: 5.51, u_super: 0.00744 — INFEASIBLE (li_recovered=0.000e+00), time: 0.0034084560011251597
L: 0.50, u_super: 0.00890, sec: 515.589, prod: 0.200743, t_ads: 21.9, t_des: 20.9, bed_util_ads: 0.494, bed_util_des: 0.493, des_th: 0.49351496267387296,frac_lost: 0.105, li_recovered:  8.598, time: 0.006059421999452752
L: 39.15, u_super: 0.00643 — INFEASIBLE (li_recovered=0.000e+00), time: 0.0015709210001659812
L: 0.50, u_super: 0.00637, sec: 355.951, prod: 0.144162, t_ads: 30.5, t_des: 27.2, bed_util_ads: 0.499, bed_util_des: 0.499, des_th: 0.49936840751549305,frac_lost: 0.101, li_recovered:  8.318, time: 0.005507044999831123
L: 0.50, u_super: 0.00917, sec: 530.158, prod: 0.207687, t_ads: 21.3, t_des: 19.5, bed_util_ads: 0.498, bed_util_des: 0.497, des_th: 0.49744296453370773,frac_lost: 0.105, li_recovered:  8.492, time: 0.008623081999758142
L: 0.50, u_super: 0.00818, sec: 467.883, prod: 0.185091, t_ads: 23.9, t_des: 21.9, bed_util_ads: 0.498, bed_util_des: 0.498, des_th: 0.49803856179810674,frac_lost: 0.107, li_recovered:  8.489, time: 0.005406749000030686
L: 0.50, u_super: 0.00841, sec: 482.162, prod: 0.190165, t_ads: 23.3, t_des: 21.1, bed_util_ads: 0.499, bed_util_des: 0.499, des_th: 0.49915146704873165,frac_lost: 0.108, li_recovered:  8.454, time: 0.005947384999672067
L: 0.50, u_super: 0.00230, sec: 124.169, prod: 0.050870, t_ads: 84.0, t_des: 73.9, bed_util_ads: 0.497, bed_util_des: 0.497, des_th: 0.4967049880497608,frac_lost: 0.106, li_recovered:  8.032, time: 0.005818359000841156
L: 0.50, u_super: 0.00065 — INFEASIBLE (li_recovered=0.000e+00), time: 0.0023784739987604553
L: 0.50, u_super: 0.00351, sec: 191.132, prod: 0.078583, t_ads: 55.4, t_des: 48.9, bed_util_ads: 0.500, bed_util_des: 0.500, des_th: 0.4996997575749229,frac_lost: 0.107, li_recovered:  8.194, time: 0.0059962049999739975
L: 0.50, u_super: 0.00276, sec: 154.761, prod: 0.059153, t_ads: 70.2, t_des: 74.4, bed_util_ads: 0.475, bed_util_des: 0.474, des_th: 0.47393586134117616,frac_lost: 0.104, li_recovered:  8.552, time: 0.005991148000248359
L: 0.50, u_super: 0.00464, sec: 254.960, prod: 0.104467, t_ads: 41.9, t_des: 39.2, bed_util_ads: 0.493, bed_util_des: 0.493, des_th: 0.49254169819425636,frac_lost: 0.104, li_recovered:  8.476, time: 0.004472816000998137
L: 7.91, u_super: 0.00989 — INFEASIBLE (li_recovered=0.000e+00), time: 0.002131409999492462
    46 |     1840 |     40 |  0.0040661825 |             f
L: 0.50, u_super: 0.00875, sec: 503.438, prod: 0.197984, t_ads: 22.3, t_des: 20.7, bed_util_ads: 0.496, bed_util_des: 0.496, des_th: 0.49608693906033674,frac_lost: 0.105, li_recovered:  8.522, time: 0.004912909000267973
L: 0.50, u_super: 0.00171, sec: 92.365, prod: 0.037646, t_ads: 111.6, t_des: 99.1, bed_util_ads: 0.495, bed_util_des: 0.494, des_th: 0.49415220862929465,frac_lost: 0.103, li_recovered:  7.932, time: 0.005582252999374759
L: 0.50, u_super: 0.00899, sec: 579.766, prod: 0.182313, t_ads: 21.7, t_des: 26.1, bed_util_ads: 0.464, bed_util_des: 0.463, des_th: 0.4634732389370979,frac_lost: 0.103, li_recovered:  8.715, time: 0.0066437430014048005
L: 0.50, u_super: 0.00408, sec: 222.511, prod: 0.091594, t_ads: 47.7, t_des: 44.6, bed_util_ads: 0.493, bed_util_des: 0.492, des_th: 0.49243941274867886,frac_lost: 0.105, li_recovered:  8.449, time: 0.0059265780000714585
L: 0.50, u_super: 0.00009 — INFEASIBLE (li_recovered=0.000e+00), time: 0.002454752000630833
L: 0.51, u_super: 0.00726, sec: 413.776, prod: 0.164411, t_ads: 27.0, t_des: 24.2, bed_util_ads: 0.500, bed_util_des: 0.500, des_th: 0.4998673522668063,frac_lost: 0.100, li_recovered:  8.414, time: 0.005053752998719574
L: 0.50, u_super: 0.00902, sec: 560.684, prod: 0.189554, t_ads: 21.6, t_des: 24.3, bed_util_ads: 0.472, bed_util_des: 0.471, des_th: 0.4713152066619497,frac_lost: 0.104, li_recovered:  8.711, time: 0.005715285000405856
L: 17.59, u_super: 0.00990 — INFEASIBLE (li_recovered=0.000e+00), time: 0.0023154609989433084
L: 0.50, u_super: 0.00160, sec: 86.519, prod: 0.034972, t_ads: 120.1, t_des: 106.3, bed_util_ads: 0.493, bed_util_des: 0.492, des_th: 0.49241824245196686,frac_lost: 0.106, li_recovered:  7.917, time: 0.004331217998696957
L: 0.50, u_super: 0.00019 — INFEASIBLE (li_recovered=0.000e+00), time: 0.0026593799993861467
L: 0.51, u_super: 0.00727, sec: 416.689, prod: 0.163655, t_ads: 27.3, t_des: 25.5, bed_util_ads: 0.494, bed_util_des: 0.494, des_th: 0.4940199462594481,frac_lost: 0.108, li_recovered:  8.640, time: 0.006465099000706687
L: 0.50, u_super: 0.00565, sec: 314.116, prod: 0.127700, t_ads: 34.4, t_des: 30.8, bed_util_ads: 0.500, bed_util_des: 0.500, des_th: 0.499917699494982,frac_lost: 0.101, li_recovered:  8.327, time: 0.006601777000469156
L: 0.50, u_super: 0.00308, sec: 174.839, prod: 0.065694, t_ads: 63.2, t_des: 67.4, bed_util_ads: 0.475, bed_util_des: 0.474, des_th: 0.47436483709851807,frac_lost: 0.108, li_recovered:  8.580, time: 0.008804265000435407
L: 0.50, u_super: 0.00494, sec: 272.166, prod: 0.111303, t_ads: 39.4, t_des: 35.1, bed_util_ads: 0.500, bed_util_des: 0.500, des_th: 0.4996279579361949,frac_lost: 0.104, li_recovered:  8.295, time: 0.007266836999406223
L: 0.50, u_super: 0.00939, sec: 548.630, prod: 0.211135, t_ads: 20.9, t_des: 20.0, bed_util_ads: 0.493, bed_util_des: 0.493, des_th: 0.49256396776350464,frac_lost: 0.107, li_recovered:  8.621, time: 0.004487562000576872
L: 0.50, u_super: 0.00903, sec: 522.302, prod: 0.204381, t_ads: 21.7, t_des: 19.6, bed_util_ads: 0.500, bed_util_des: 0.500, des_th: 0.4995376149174977,frac_lost: 0.108, li_recovered:  8.445, time: 0.005915378000281635
L: 0.50, u_super: 0.00955, sec: 557.227, prod: 0.216560, t_ads: 20.6, t_des: 18.6, bed_util_ads: 0.499, bed_util_des: 0.499, des_th: 0.49919451357989814,frac_lost: 0.105, li_recovered:  8.484, time: 0.008316356999785057
L: 0.50, u_super: 0.00750, sec: 427.629, prod: 0.168696, t_ads: 26.1, t_des: 24.8, bed_util_ads: 0.493, bed_util_des: 0.492, des_th: 0.4925059440754893,frac_lost: 0.107, li_recovered:  8.582, time: 0.005569695000303909
L: 0.50, u_super: 0.00946, sec: 548.674, prod: 0.214631, t_ads: 20.6, t_des: 18.7, bed_util_ads: 0.500, bed_util_des: 0.500, des_th: 0.49980901706031994,frac_lost: 0.104, li_recovered:  8.441, time: 0.008477987001242582
L: 0.50, u_super: 0.00565, sec: 313.947, prod: 0.127600, t_ads: 34.5, t_des: 30.9, bed_util_ads: 0.500, bed_util_des: 0.500, des_th: 0.49957139883581947,frac_lost: 0.103, li_recovered:  8.341, time: 0.005216531000769464
L: 0.50, u_super: 0.00199, sec: 107.244, prod: 0.043975, t_ads: 96.2, t_des: 85.5, bed_util_ads: 0.495, bed_util_des: 0.494, des_th: 0.49448749163566563,frac_lost: 0.101, li_recovered:  7.990, time: 0.004458964000150445
L: 0.50, u_super: 0.00756, sec: 427.582, prod: 0.171364, t_ads: 25.7, t_des: 23.2, bed_util_ads: 0.500, bed_util_des: 0.500, des_th: 0.4995439602721573,frac_lost: 0.101, li_recovered:  8.385, time: 0.005871684001249378
L: 0.50, u_super: 0.00084, sec: 46.887, prod: 0.017562, t_ads: 221.6, t_des: 193.1, bed_util_ads: 0.487, bed_util_des: 0.486, des_th: 0.4861683867939731,frac_lost: 0.101, li_recovered:  7.283, time: 0.0059875469996768516
L: 0.50, u_super: 0.00105 — INFEASIBLE (li_recovered=0.000e+00), time: 0.003519477000736515
L: 52.59, u_super: 0.00517 — INFEASIBLE (li_recovered=0.000e+00), time: 0.001371035999909509
L: 0.50, u_super: 0.00793, sec: 451.217, prod: 0.179958, t_ads: 24.5, t_des: 22.1, bed_util_ads: 0.500, bed_util_des: 0.499, des_th: 0.4994493479582628,frac_lost: 0.101, li_recovered:  8.388, time: 0.004815464000785141
L: 0.50, u_super: 0.00682, sec: 383.921, prod: 0.153924, t_ads: 28.7, t_des: 26.1, bed_util_ads: 0.499, bed_util_des: 0.499, des_th: 0.49915439227491587,frac_lost: 0.109, li_recovered:  8.438, time: 0.004692413000157103
L: 0.50, u_super: 0.00114, sec: 62.719, prod: 0.024349, t_ads: 167.0, t_des: 144.4, bed_util_ads: 0.493, bed_util_des: 0.492, des_th: 0.4920737318284817,frac_lost: 0.108, li_recovered:  7.582, time: 0.004132581998419482
L: 0.50, u_super: 0.00197, sec: 106.166, prod: 0.043396, t_ads: 98.2, t_des: 87.3, bed_util_ads: 0.495, bed_util_des: 0.494, des_th: 0.49411993272498594,frac_lost: 0.109, li_recovered:  8.053, time: 0.006224845999895479
L: 0.50, u_super: 0.00899, sec: 519.944, prod: 0.203654, t_ads: 21.8, t_des: 19.7, bed_util_ads: 0.500, bed_util_des: 0.499, des_th: 0.49938841336476725,frac_lost: 0.106, li_recovered:  8.456, time: 0.005455929000163451
L: 0.50, u_super: 0.00589, sec: 326.957, prod: 0.133027, t_ads: 33.0, t_des: 29.5, bed_util_ads: 0.500, bed_util_des: 0.500, des_th: 0.4995625599317132,frac_lost: 0.101, li_recovered:  8.316, time: 0.005394385001636692
L: 0.50, u_super: 0.00082 — INFEASIBLE (li_recovered=0.000e+00), time: 0.002655402000527829
L: 0.50, u_super: 0.00959, sec: 557.127, prod: 0.217375, t_ads: 20.4, t_des: 18.7, bed_util_ads: 0.498, bed_util_des: 0.498, des_th: 0.49814477472455093,frac_lost: 0.105, li_recovered:  8.492, time: 0.0044881869998789625
L: 0.50, u_super: 0.00645, sec: 359.908, prod: 0.146034, t_ads: 30.1, t_des: 27.2, bed_util_ads: 0.498, bed_util_des: 0.498, des_th: 0.49778062501171927,frac_lost: 0.100, li_recovered:  8.372, time: 0.004186063999441103
L: 9.60, u_super: 0.00841 — INFEASIBLE (li_recovered=0.000e+00), time: 0.0025825749999057734
L: 5.88, u_super: 0.00362 — INFEASIBLE (li_recovered=0.000e+00), time: 0.00232691299970611
L: 2.63, u_super: 0.00818, sec: 2586.198, prod: 0.176309, t_ads: 123.1, t_des: 103.8, bed_util_ads: 0.500, bed_util_des: 0.499, des_th: 0.4994493479582628,frac_lost: 0.106, li_recovered:  40.013, time: 0.005723275999116595
L: 0.50, u_super: 0.00276, sec: 150.596, prod: 0.061085, t_ads: 69.8, t_des: 69.1, bed_util_ads: 0.483, bed_util_des: 0.483, des_th: 0.48282002630043847,frac_lost: 0.101, li_recovered:  8.486, time: 0.005221926001468091
L: 0.50, u_super: 0.00158, sec: 85.577, prod: 0.034725, t_ads: 121.2, t_des: 108.3, bed_util_ads: 0.493, bed_util_des: 0.492, des_th: 0.492480573443177,frac_lost: 0.107, li_recovered:  7.970, time: 0.004131556999709574
L: 0.50, u_super: 0.00883, sec: 508.663, prod: 0.200098, t_ads: 22.1, t_des: 20.3, bed_util_ads: 0.498, bed_util_des: 0.498, des_th: 0.49778062501171927,frac_lost: 0.105, li_recovered:  8.491, time: 0.005297315999996499
    47 |     1880 |     40 |  0.0018462444 |             f
L: 0.50, u_super: 0.00565, sec: 312.863, prod: 0.127698, t_ads: 34.3, t_des: 30.8, bed_util_ads: 0.500, bed_util_des: 0.500, des_th: 0.49958936997111514,frac_lost: 0.101, li_recovered:  8.313, time: 0.004278070000509615
L: 0.51, u_super: 0.00517, sec: 289.434, prod: 0.116620, t_ads: 38.2, t_des: 35.5, bed_util_ads: 0.494, bed_util_des: 0.494, des_th: 0.4940199462594481,frac_lost: 0.102, li_recovered:  8.593, time: 0.004665251999540487
L: 0.50, u_super: 0.00876, sec: 504.226, prod: 0.198199, t_ads: 22.3, t_des: 20.7, bed_util_ads: 0.496, bed_util_des: 0.496, des_th: 0.49608693906033674,frac_lost: 0.105, li_recovered:  8.527, time: 0.005156650999197154
L: 0.50, u_super: 0.00171, sec: 93.935, prod: 0.037017, t_ads: 111.6, t_des: 94.0, bed_util_ads: 0.500, bed_util_des: 0.500, des_th: 0.4997492391485494,frac_lost: 0.104, li_recovered:  7.613, time: 0.005163394000192056
L: 0.50, u_super: 0.00959, sec: 556.448, prod: 0.217391, t_ads: 20.4, t_des: 18.3, bed_util_ads: 0.500, bed_util_des: 0.500, des_th: 0.4998673522668063,frac_lost: 0.104, li_recovered:  8.406, time: 0.003833422000752762
L: 0.50, u_super: 0.00084 — INFEASIBLE (li_recovered=0.000e+00), time: 0.0023930940005811863
L: 0.50, u_super: 0.00035, sec: 21.239, prod: 0.006720, t_ads: 496.1, t_des: 477.0, bed_util_ads: 0.447, bed_util_des: 0.445, des_th: 0.44497041608740057,frac_lost: 0.104, li_recovered:  6.539, time: 0.004918351000014809
L: 0.50, u_super: 0.00306, sec: 293.152, prod: 0.038625, t_ads: 63.9, t_des: 160.9, bed_util_ads: 0.369, bed_util_des: 0.366, des_th: 0.3657103016905353,frac_lost: 0.106, li_recovered:  8.684, time: 0.00672928699896147
L: 0.51, u_super: 0.00118, sec: 64.937, prod: 0.025301, t_ads: 163.5, t_des: 162.6, bed_util_ads: 0.476, bed_util_des: 0.474, des_th: 0.4742985490637335,frac_lost: 0.105, li_recovered:  8.249, time: 0.007794053000907297
L: 0.50, u_super: 0.00768, sec: 437.346, prod: 0.173477, t_ads: 25.6, t_des: 23.4, bed_util_ads: 0.498, bed_util_des: 0.498, des_th: 0.4977080521780061,frac_lost: 0.109, li_recovered:  8.500, time: 0.0041393000010430114
L: 0.50, u_super: 0.00233, sec: 126.216, prod: 0.051298, t_ads: 83.2, t_des: 72.0, bed_util_ads: 0.499, bed_util_des: 0.499, des_th: 0.4990824634481231,frac_lost: 0.107, li_recovered:  7.962, time: 0.0058336160000180826
L: 0.50, u_super: 0.00313, sec: 169.448, prod: 0.069849, t_ads: 62.3, t_des: 57.6, bed_util_ads: 0.493, bed_util_des: 0.492, des_th: 0.49244091204960183,frac_lost: 0.109, li_recovered:  8.379, time: 0.004625695999493473
L: 2.70, u_super: 0.00400 — INFEASIBLE (li_recovered=0.000e+00), time: 0.002173792001485708
L: 0.50, u_super: 0.00324, sec: 175.749, prod: 0.072196, t_ads: 60.1, t_des: 53.0, bed_util_ads: 0.500, bed_util_des: 0.500, des_th: 0.49971023309050006,frac_lost: 0.108, li_recovered:  8.165, time: 0.004345920999185182
L: 0.51, u_super: 0.00501, sec: 280.574, prod: 0.112646, t_ads: 39.6, t_des: 35.2, bed_util_ads: 0.500, bed_util_des: 0.500, des_th: 0.49957139883581947,frac_lost: 0.106, li_recovered:  8.425, time: 0.003956058999392553
L: 0.51, u_super: 0.00409, sec: 227.218, prod: 0.091625, t_ads: 48.3, t_des: 42.6, bed_util_ads: 0.500, bed_util_des: 0.500, des_th: 0.4999646234308909,frac_lost: 0.105, li_recovered:  8.332, time: 0.003609908999351319
L: 57.28, u_super: 0.00035 — INFEASIBLE (li_recovered=0.000e+00), time: 0.0011835999994218582
L: 0.50, u_super: 0.00517, sec: 285.337, prod: 0.116735, t_ads: 37.6, t_des: 34.1, bed_util_ads: 0.498, bed_util_des: 0.498, des_th: 0.4976538462245253,frac_lost: 0.104, li_recovered:  8.373, time: 0.004232500999933109
L: 22.19, u_super: 0.00529 — INFEASIBLE (li_recovered=0.000e+00), time: 0.0011915450013475493
L: 0.51, u_super: 0.00891, sec: 522.383, prod: 0.201461, t_ads: 22.4, t_des: 20.3, bed_util_ads: 0.500, bed_util_des: 0.500, des_th: 0.49993503972751735,frac_lost: 0.108, li_recovered:  8.592, time: 0.004136482999456348
L: 0.50, u_super: 0.00351, sec: 190.541, prod: 0.078827, t_ads: 55.3, t_des: 50.7, bed_util_ads: 0.494, bed_util_des: 0.494, des_th: 0.49406819131610974,frac_lost: 0.106, li_recovered:  8.352, time: 0.005813842999486951
L: 0.50, u_super: 0.00811, sec: 462.944, prod: 0.183395, t_ads: 24.1, t_des: 21.6, bed_util_ads: 0.500, bed_util_des: 0.500, des_th: 0.49993503972751735,frac_lost: 0.106, li_recovered:  8.390, time: 0.0045902050005679484
L: 0.50, u_super: 0.00238, sec: 128.212, prod: 0.053100, t_ads: 81.0, t_des: 74.6, bed_util_ads: 0.492, bed_util_des: 0.492, des_th: 0.49157277254046067,frac_lost: 0.104, li_recovered:  8.261, time: 0.005650301000059699
L: 0.50, u_super: 0.00608, sec: 337.775, prod: 0.137475, t_ads: 31.9, t_des: 28.9, bed_util_ads: 0.498, bed_util_des: 0.498, des_th: 0.4977080521780061,frac_lost: 0.102, li_recovered:  8.365, time: 0.007432950000293204
L: 0.50, u_super: 0.00468, sec: 256.872, prod: 0.105361, t_ads: 41.6, t_des: 38.5, bed_util_ads: 0.495, bed_util_des: 0.495, des_th: 0.4947723284493648,frac_lost: 0.105, li_recovered:  8.444, time: 0.007002669999565114
L: 0.50, u_super: 0.00767, sec: 534.561, prod: 0.141317, t_ads: 25.5, t_des: 36.2, bed_util_ads: 0.443, bed_util_des: 0.442, des_th: 0.44184222111544463,frac_lost: 0.104, li_recovered:  8.715, time: 0.007248953999805963
L: 0.51, u_super: 0.00726, sec: 414.980, prod: 0.163934, t_ads: 27.3, t_des: 25.0, bed_util_ads: 0.498, bed_util_des: 0.498, des_th: 0.4979608538597952,frac_lost: 0.108, li_recovered:  8.567, time: 0.004920224000670714
L: 0.50, u_super: 0.00672, sec: 377.739, prod: 0.151539, t_ads: 29.2, t_des: 26.2, bed_util_ads: 0.500, bed_util_des: 0.499, des_th: 0.4994947322092294,frac_lost: 0.109, li_recovered:  8.391, time: 0.006468180999945616
L: 15.12, u_super: 0.00682 — INFEASIBLE (li_recovered=0.000e+00), time: 0.0020979149994673207
L: 0.50, u_super: 0.00841, sec: 481.461, prod: 0.190371, t_ads: 23.2, t_des: 21.3, bed_util_ads: 0.498, bed_util_des: 0.498, des_th: 0.49790935915251117,frac_lost: 0.105, li_recovered:  8.486, time: 0.005382821000239346
L: 0.50, u_super: 0.00965, sec: 573.239, prod: 0.214109, t_ads: 20.2, t_des: 20.3, bed_util_ads: 0.486, bed_util_des: 0.485, des_th: 0.48549198872158916,frac_lost: 0.103, li_recovered:  8.681, time: 0.005877311999938684
L: 0.51, u_super: 0.00973, sec: 576.933, prod: 0.220035, t_ads: 20.4, t_des: 19.2, bed_util_ads: 0.494, bed_util_des: 0.494, des_th: 0.4939213622046083,frac_lost: 0.104, li_recovered:  8.711, time: 0.00459516299997631
L: 15.49, u_super: 0.00759 — INFEASIBLE (li_recovered=0.000e+00), time: 0.0018178310001530917
L: 0.50, u_super: 0.00603, sec: 427.608, prod: 0.106981, t_ads: 32.4, t_des: 48.9, bed_util_ads: 0.435, bed_util_des: 0.434, des_th: 0.4336793112758986,frac_lost: 0.106, li_recovered:  8.704, time: 0.0069630089983547805
L: 0.50, u_super: 0.00183, sec: 98.748, prod: 0.040294, t_ads: 104.6, t_des: 92.6, bed_util_ads: 0.495, bed_util_des: 0.494, des_th: 0.49448749163566563,frac_lost: 0.103, li_recovered:  7.947, time: 0.004876955999861821
L: 0.50, u_super: 0.00790, sec: 450.071, prod: 0.178583, t_ads: 24.8, t_des: 22.5, bed_util_ads: 0.499, bed_util_des: 0.499, des_th: 0.49919089213486406,frac_lost: 0.108, li_recovered:  8.447, time: 0.004601953000019421
L: 0.50, u_super: 0.00818, sec: 564.147, prod: 0.153478, t_ads: 23.9, t_des: 32.9, bed_util_ads: 0.447, bed_util_des: 0.446, des_th: 0.44622256064093757,frac_lost: 0.105, li_recovered:  8.713, time: 0.005906521999349934
L: 0.50, u_super: 0.00690, sec: 388.447, prod: 0.155905, t_ads: 28.1, t_des: 26.7, bed_util_ads: 0.493, bed_util_des: 0.493, des_th: 0.49256396776350464,frac_lost: 0.100, li_recovered:  8.547, time: 0.005881901000975631
L: 0.50, u_super: 0.00195, sec: 106.177, prod: 0.042492, t_ads: 98.3, t_des: 83.8, bed_util_ads: 0.499, bed_util_des: 0.499, des_th: 0.4992884267257505,frac_lost: 0.101, li_recovered:  7.736, time: 0.004325273001086316
L: 0.50, u_super: 0.00026 — INFEASIBLE (li_recovered=0.000e+00), time: 0.001948246001120424
    48 |     1920 |     40 |  0.0032615634 |             f
L: 0.50, u_super: 0.00886, sec: 511.398, prod: 0.200544, t_ads: 22.1, t_des: 20.0, bed_util_ads: 0.500, bed_util_des: 0.500, des_th: 0.4998672359301987,frac_lost: 0.108, li_recovered:  8.454, time: 0.004212081999867223
L: 0.51, u_super: 0.00637, sec: 361.414, prod: 0.144287, t_ads: 30.9, t_des: 27.9, bed_util_ads: 0.499, bed_util_des: 0.499, des_th: 0.49936840751549305,frac_lost: 0.101, li_recovered:  8.496, time: 0.003594355999666732
L: 0.50, u_super: 0.00494, sec: 272.136, prod: 0.111151, t_ads: 39.4, t_des: 35.1, bed_util_ads: 0.500, bed_util_des: 0.500, des_th: 0.49957139883581947,frac_lost: 0.105, li_recovered:  8.281, time: 0.0037430320007842965
L: 0.50, u_super: 0.00347, sec: 218.650, prod: 0.066915, t_ads: 56.1, t_des: 72.8, bed_util_ads: 0.451, bed_util_des: 0.449, des_th: 0.4492121854290265,frac_lost: 0.105, li_recovered:  8.624, time: 0.007066485000905232
L: 0.51, u_super: 0.00726, sec: 415.191, prod: 0.163850, t_ads: 27.3, t_des: 24.5, bed_util_ads: 0.500, bed_util_des: 0.500, des_th: 0.4997938501533914,frac_lost: 0.109, li_recovered:  8.487, time: 0.004862944000706193
L: 0.50, u_super: 0.00841, sec: 516.948, prod: 0.177299, t_ads: 23.2, t_des: 25.9, bed_util_ads: 0.474, bed_util_des: 0.473, des_th: 0.47336583791795467,frac_lost: 0.105, li_recovered:  8.707, time: 0.006959232001463533
L: 0.50, u_super: 0.00418, sec: 228.065, prod: 0.094089, t_ads: 46.4, t_des: 42.9, bed_util_ads: 0.495, bed_util_des: 0.495, des_th: 0.49473138824875895,frac_lost: 0.104, li_recovered:  8.410, time: 0.007251392999023665
L: 0.50, u_super: 0.00924, sec: 806.521, prod: 0.138859, t_ads: 21.1, t_des: 41.8, bed_util_ads: 0.402, bed_util_des: 0.401, des_th: 0.4011031285348595,frac_lost: 0.101, li_recovered:  8.730, time: 0.008922425999116967
L: 0.50, u_super: 0.00988, sec: 575.319, prod: 0.224291, t_ads: 19.7, t_des: 17.8, bed_util_ads: 0.500, bed_util_des: 0.500, des_th: 0.49993503972751735,frac_lost: 0.103, li_recovered:  8.406, time: 0.0077981619997444795
L: 0.50, u_super: 0.00709, sec: 402.048, prod: 0.160000, t_ads: 27.8, t_des: 24.8, bed_util_ads: 0.500, bed_util_des: 0.500, des_th: 0.4998673522668063,frac_lost: 0.109, li_recovered:  8.412, time: 0.004321836000599433
L: 0.50, u_super: 0.00199, sec: 107.316, prod: 0.043935, t_ads: 97.0, t_des: 86.3, bed_util_ads: 0.494, bed_util_des: 0.494, des_th: 0.4940422700097118,frac_lost: 0.107, li_recovered:  8.052, time: 0.004683906001446303
L: 0.51, u_super: 0.00990, sec: 586.282, prod: 0.224444, t_ads: 20.0, t_des: 18.4, bed_util_ads: 0.498, bed_util_des: 0.498, des_th: 0.4978608372041438,frac_lost: 0.104, li_recovered:  8.637, time: 0.004788752999957069
L: 0.50, u_super: 0.00284, sec: 155.481, prod: 0.062679, t_ads: 67.9, t_des: 67.8, bed_util_ads: 0.484, bed_util_des: 0.483, des_th: 0.4828938762966807,frac_lost: 0.102, li_recovered:  8.506, time: 0.006430078001358197
L: 0.50, u_super: 0.00755, sec: 428.419, prod: 0.170576, t_ads: 26.0, t_des: 23.5, bed_util_ads: 0.500, bed_util_des: 0.499, des_th: 0.4993697606473875,frac_lost: 0.108, li_recovered:  8.440, time: 0.005191013000512612
L: 0.51, u_super: 0.00964, sec: 580.464, prod: 0.214482, t_ads: 20.6, t_des: 20.5, bed_util_ads: 0.488, bed_util_des: 0.488, des_th: 0.4878810826937515,frac_lost: 0.105, li_recovered:  8.821, time: 0.004643399999622488
L: 0.50, u_super: 0.00261, sec: 140.959, prod: 0.058038, t_ads: 73.6, t_des: 64.8, bed_util_ads: 0.498, bed_util_des: 0.498, des_th: 0.49790935915251117,frac_lost: 0.101, li_recovered:  8.031, time: 0.004072411000379361
L: 0.51, u_super: 0.00280, sec: 155.664, prod: 0.061846, t_ads: 69.8, t_des: 69.8, bed_util_ads: 0.483, bed_util_des: 0.482, des_th: 0.4823421350600835,frac_lost: 0.101, li_recovered:  8.633, time: 0.004055708001033054
L: 0.50, u_super: 0.00990, sec: 577.584, prod: 0.224328, t_ads: 19.8, t_des: 17.9, bed_util_ads: 0.500, bed_util_des: 0.500, des_th: 0.49999526270891276,frac_lost: 0.106, li_recovered:  8.454, time: 0.005518231000678497
L: 45.54, u_super: 0.00723 — INFEASIBLE (li_recovered=0.000e+00), time: 0.0011242269993090304
L: 0.50, u_super: 0.00067, sec: 38.734, prod: 0.013411, t_ads: 278.1, t_des: 310.7, bed_util_ads: 0.449, bed_util_des: 0.445, des_th: 0.44497041608740057,frac_lost: 0.101, li_recovered:  7.896, time: 0.0037947790006001014
L: 0.50, u_super: 0.00980, sec: 584.226, prod: 0.217237, t_ads: 20.0, t_des: 20.0, bed_util_ads: 0.487, bed_util_des: 0.486, des_th: 0.4864475757942539,frac_lost: 0.106, li_recovered:  8.686, time: 0.003899633999026264
L: 0.50, u_super: 0.00062, sec: 36.173, prod: 0.012444, t_ads: 299.8, t_des: 331.1, bed_util_ads: 0.450, bed_util_des: 0.445, des_th: 0.445351071153139,frac_lost: 0.106, li_recovered:  7.851, time: 0.004388620000099763
L: 8.62, u_super: 0.00084 — INFEASIBLE (li_recovered=0.000e+00), time: 0.0009312199999840232
L: 1.05, u_super: 0.00478, sec: 563.957, prod: 0.105152, t_ads: 84.6, t_des: 72.7, bed_util_ads: 0.500, bed_util_des: 0.500, des_th: 0.49957139883581947,frac_lost: 0.106, li_recovered:  16.539, time: 0.003470973000730737
L: 0.50, u_super: 0.00141, sec: 76.971, prod: 0.030446, t_ads: 134.4, t_des: 115.9, bed_util_ads: 0.494, bed_util_des: 0.494, des_th: 0.4941931488299005,frac_lost: 0.100, li_recovered:  7.621, time: 0.0034684339989325963
L: 0.50, u_super: 0.00066 — INFEASIBLE (li_recovered=0.000e+00), time: 0.002604539000458317
L: 0.50, u_super: 0.00575, sec: 334.842, prod: 0.123581, t_ads: 33.8, t_des: 36.4, bed_util_ads: 0.476, bed_util_des: 0.475, des_th: 0.47521968965087336,frac_lost: 0.100, li_recovered:  8.666, time: 0.004804500000318512
L: 0.50, u_super: 0.00255, sec: 137.923, prod: 0.056594, t_ads: 75.7, t_des: 73.1, bed_util_ads: 0.486, bed_util_des: 0.486, des_th: 0.48581588108496443,frac_lost: 0.103, li_recovered:  8.421, time: 0.005071315001259791
L: 0.50, u_super: 0.00351, sec: 193.618, prod: 0.077558, t_ads: 55.4, t_des: 54.9, bed_util_ads: 0.486, bed_util_des: 0.485, des_th: 0.4852968765446517,frac_lost: 0.107, li_recovered:  8.551, time: 0.005896139000469702
L: 35.17, u_super: 0.00924 — INFEASIBLE (li_recovered=0.000e+00), time: 0.0014528339997923467
L: 0.50, u_super: 0.00559, sec: 309.409, prod: 0.126296, t_ads: 34.7, t_des: 31.1, bed_util_ads: 0.500, bed_util_des: 0.499, des_th: 0.49936633989636386,frac_lost: 0.101, li_recovered:  8.317, time: 0.004896147000181372
L: 0.50, u_super: 0.00048, sec: 27.958, prod: 0.009683, t_ads: 377.1, t_des: 395.2, bed_util_ads: 0.448, bed_util_des: 0.444, des_th: 0.4438854055436496,frac_lost: 0.104, li_recovered:  7.478, time: 0.005001506000553491
L: 0.50, u_super: 0.00724, sec: 408.736, prod: 0.163955, t_ads: 26.8, t_des: 23.9, bed_util_ads: 0.500, bed_util_des: 0.500, des_th: 0.49993503972751735,frac_lost: 0.101, li_recovered:  8.313, time: 0.005617093000182649
L: 18.15, u_super: 0.00837 — INFEASIBLE (li_recovered=0.000e+00), time: 0.0028567389999807347
L: 0.50, u_super: 0.00140, sec: 75.964, prod: 0.030274, t_ads: 135.8, t_des: 118.7, bed_util_ads: 0.493, bed_util_des: 0.492, des_th: 0.49233497460051373,frac_lost: 0.101, li_recovered:  7.703, time: 0.005201361998842913
L: 0.51, u_super: 0.00721, sec: 414.275, prod: 0.162821, t_ads: 27.6, t_des: 24.7, bed_util_ads: 0.500, bed_util_des: 0.500, des_th: 0.49957139883581947,frac_lost: 0.107, li_recovered:  8.523, time: 0.004732444000183023
L: 12.50, u_super: 0.00565 — INFEASIBLE (li_recovered=0.000e+00), time: 0.0022976339987508254
L: 0.51, u_super: 0.00976, sec: 577.432, prod: 0.221433, t_ads: 20.3, t_des: 18.4, bed_util_ads: 0.500, bed_util_des: 0.500, des_th: 0.4999342895804321,frac_lost: 0.104, li_recovered:  8.585, time: 0.004320189000281971
L: 0.50, u_super: 0.00637, sec: 356.037, prod: 0.144127, t_ads: 30.5, t_des: 27.2, bed_util_ads: 0.500, bed_util_des: 0.499, des_th: 0.4994170624150242,frac_lost: 0.101, li_recovered:  8.311, time: 0.0037666209991584765
L: 0.50, u_super: 0.00786, sec: 446.110, prod: 0.178257, t_ads: 24.7, t_des: 22.3, bed_util_ads: 0.500, bed_util_des: 0.500, des_th: 0.49987568211453515,frac_lost: 0.100, li_recovered:  8.383, time: 0.004317721000916208
    49 |     1960 |     40 |  0.0017407438 |             f
L: 0.51, u_super: 0.00875, sec: 510.033, prod: 0.197588, t_ads: 22.7, t_des: 21.0, bed_util_ads: 0.496, bed_util_des: 0.496, des_th: 0.49608693906033674,frac_lost: 0.108, li_recovered:  8.630, time: 0.0047552719988743775
L: 62.80, u_super: 0.00937 — INFEASIBLE (li_recovered=0.000e+00), time: 0.002520482999898377
L: 0.50, u_super: 0.00514, sec: 283.445, prod: 0.115975, t_ads: 37.8, t_des: 33.7, bed_util_ads: 0.500, bed_util_des: 0.499, des_th: 0.49952002830654646,frac_lost: 0.102, li_recovered:  8.293, time: 0.005610225000054925
L: 0.50, u_super: 0.00686, sec: 385.964, prod: 0.154918, t_ads: 28.5, t_des: 25.6, bed_util_ads: 0.500, bed_util_des: 0.500, des_th: 0.4996865477553008,frac_lost: 0.106, li_recovered:  8.385, time: 0.0050412549990142
L: 0.51, u_super: 0.00989, sec: 584.922, prod: 0.224222, t_ads: 20.1, t_des: 18.1, bed_util_ads: 0.500, bed_util_des: 0.500, des_th: 0.49993503972751735,frac_lost: 0.104, li_recovered:  8.548, time: 0.004484859000513097
L: 0.50, u_super: 0.00562, sec: 311.333, prod: 0.126967, t_ads: 34.6, t_des: 32.1, bed_util_ads: 0.495, bed_util_des: 0.495, des_th: 0.4947723284493648,frac_lost: 0.103, li_recovered:  8.462, time: 0.004516417000559159
L: 0.50, u_super: 0.00110, sec: 66.488, prod: 0.021492, t_ads: 173.9, t_des: 212.2, bed_util_ads: 0.449, bed_util_des: 0.445, des_th: 0.44497041608740057,frac_lost: 0.108, li_recovered:  8.297, time: 0.00569939799970598
L: 0.50, u_super: 0.00384, sec: 209.655, prod: 0.085884, t_ads: 50.9, t_des: 44.8, bed_util_ads: 0.500, bed_util_des: 0.500, des_th: 0.49954855050277874,frac_lost: 0.109, li_recovered:  8.220, time: 0.005852951000633766
L: 0.50, u_super: 0.00098, sec: 55.535, prod: 0.020339, t_ads: 191.3, t_des: 158.0, bed_util_ads: 0.494, bed_util_des: 0.494, des_th: 0.49448749163566563,frac_lost: 0.103, li_recovered:  7.104, time: 0.0060137170003145
L: 0.50, u_super: 0.00838, sec: 480.311, prod: 0.189495, t_ads: 23.4, t_des: 21.5, bed_util_ads: 0.498, bed_util_des: 0.498, des_th: 0.49790935915251117,frac_lost: 0.107, li_recovered:  8.497, time: 0.006566100999407354
L: 0.50, u_super: 0.00233, sec: 126.227, prod: 0.051289, t_ads: 83.1, t_des: 72.0, bed_util_ads: 0.499, bed_util_des: 0.499, des_th: 0.4990824634481231,frac_lost: 0.107, li_recovered:  7.955, time: 0.006790487999751349
L: 0.51, u_super: 0.00358, sec: 197.977, prod: 0.080084, t_ads: 54.8, t_des: 48.1, bed_util_ads: 0.500, bed_util_des: 0.500, des_th: 0.49981066451788103,frac_lost: 0.101, li_recovered:  8.244, time: 0.007238692000100855
L: 0.50, u_super: 0.00924, sec: 534.451, prod: 0.209572, t_ads: 21.1, t_des: 19.4, bed_util_ads: 0.498, bed_util_des: 0.498, des_th: 0.4978735863490062,frac_lost: 0.104, li_recovered:  8.487, time: 0.005235954000454512
L: 0.50, u_super: 0.00921, sec: 532.399, prod: 0.208765, t_ads: 21.2, t_des: 19.0, bed_util_ads: 0.500, bed_util_des: 0.500, des_th: 0.4998673522668063,frac_lost: 0.104, li_recovered:  8.388, time: 0.006185856000229251
L: 14.68, u_super: 0.00763 — INFEASIBLE (li_recovered=0.000e+00), time: 0.0033078240012400784
L: 0.50, u_super: 0.00833, sec: 512.168, prod: 0.175419, t_ads: 23.5, t_des: 26.2, bed_util_ads: 0.473, bed_util_des: 0.472, des_th: 0.4721495121393051,frac_lost: 0.105, li_recovered:  8.706, time: 0.008093357000689139
L: 0.50, u_super: 0.00215, sec: 116.061, prod: 0.047642, t_ads: 89.7, t_des: 79.9, bed_util_ads: 0.495, bed_util_des: 0.495, des_th: 0.4947307442480076,frac_lost: 0.107, li_recovered:  8.081, time: 0.006631762998949853
L: 0.50, u_super: 0.00596, sec: 331.308, prod: 0.134804, t_ads: 32.6, t_des: 29.5, bed_util_ads: 0.499, bed_util_des: 0.499, des_th: 0.49919089213486406,frac_lost: 0.103, li_recovered:  8.369, time: 0.005116899999848101
L: 38.49, u_super: 0.00875 — INFEASIBLE (li_recovered=0.000e+00), time: 0.0018661360008991323
L: 0.50, u_super: 0.00393, sec: 214.370, prod: 0.088018, t_ads: 49.5, t_des: 43.7, bed_util_ads: 0.500, bed_util_des: 0.500, des_th: 0.4999640545028128,frac_lost: 0.105, li_recovered:  8.199, time: 0.005715275001421105
L: 0.50, u_super: 0.00477, sec: 272.908, prod: 0.103175, t_ads: 40.7, t_des: 43.1, bed_util_ads: 0.478, bed_util_des: 0.477, des_th: 0.4774652843375643,frac_lost: 0.102, li_recovered:  8.645, time: 0.006558921000760165
L: 0.50, u_super: 0.00590, sec: 341.246, prod: 0.128209, t_ads: 33.2, t_des: 34.4, bed_util_ads: 0.482, bed_util_des: 0.481, des_th: 0.4811896310083843,frac_lost: 0.109, li_recovered:  8.670, time: 0.006534525000461144
L: 149.70, u_super: 0.00770 — INFEASIBLE (li_recovered=0.000e+00), time: 0.0015738099991722265
L: 0.50, u_super: 0.00748, sec: 425.131, prod: 0.168878, t_ads: 26.3, t_des: 23.5, bed_util_ads: 0.500, bed_util_des: 0.500, des_th: 0.4995439602721573,frac_lost: 0.109, li_recovered:  8.411, time: 0.006930128000021796
L: 0.51, u_super: 0.00529, sec: 296.672, prod: 0.119369, t_ads: 37.3, t_des: 33.4, bed_util_ads: 0.500, bed_util_des: 0.500, des_th: 0.49957139883581947,frac_lost: 0.102, li_recovered:  8.437, time: 0.005522216999452212
L: 0.50, u_super: 0.00035 — INFEASIBLE (li_recovered=0.000e+00), time: 0.0035033589992963243
L: 0.50, u_super: 0.00735, sec: 417.857, prod: 0.165172, t_ads: 26.6, t_des: 25.4, bed_util_ads: 0.493, bed_util_des: 0.493, des_th: 0.49256396776350464,frac_lost: 0.106, li_recovered:  8.584, time: 0.005747518000134733
L: 0.51, u_super: 0.00749, sec: 443.547, prod: 0.163924, t_ads: 26.4, t_des: 27.1, bed_util_ads: 0.484, bed_util_des: 0.484, des_th: 0.48366783354896664,frac_lost: 0.108, li_recovered:  8.773, time: 0.007444709999617771
L: 0.50, u_super: 0.00520, sec: 287.025, prod: 0.117385, t_ads: 37.4, t_des: 33.9, bed_util_ads: 0.498, bed_util_des: 0.498, des_th: 0.4976719503802052,frac_lost: 0.105, li_recovered:  8.369, time: 0.005848284999956377
L: 0.50, u_super: 0.00199, sec: 107.146, prod: 0.044006, t_ads: 96.1, t_des: 85.6, bed_util_ads: 0.495, bed_util_des: 0.494, des_th: 0.49448749163566563,frac_lost: 0.101, li_recovered:  7.995, time: 0.004730839998956071
L: 0.50, u_super: 0.00538, sec: 297.357, prod: 0.121380, t_ads: 36.1, t_des: 33.9, bed_util_ads: 0.494, bed_util_des: 0.494, des_th: 0.49406819131610974,frac_lost: 0.102, li_recovered:  8.490, time: 0.007172812000135309
L: 0.50, u_super: 0.00690, sec: 428.264, prod: 0.141375, t_ads: 28.4, t_des: 33.1, bed_util_ads: 0.467, bed_util_des: 0.466, des_th: 0.46637919742014367,frac_lost: 0.108, li_recovered:  8.701, time: 0.007851808999475907
L: 0.50, u_super: 0.00144, sec: 77.840, prod: 0.031627, t_ads: 132.5, t_des: 123.6, bed_util_ads: 0.485, bed_util_des: 0.484, des_th: 0.4843788763662758,frac_lost: 0.105, li_recovered:  8.097, time: 0.0063382099997397745
L: 0.50, u_super: 0.00385, sec: 210.077, prod: 0.086260, t_ads: 50.5, t_des: 44.6, bed_util_ads: 0.500, bed_util_des: 0.500, des_th: 0.4995439602721573,frac_lost: 0.106, li_recovered:  8.206, time: 0.0069574170011037495
L: 7.44, u_super: 0.00029 — INFEASIBLE (li_recovered=0.000e+00), time: 0.0009596760010026628
L: 0.50, u_super: 0.00427, sec: 246.366, prod: 0.090823, t_ads: 45.5, t_des: 49.5, bed_util_ads: 0.474, bed_util_des: 0.474, des_th: 0.47363500905065004,frac_lost: 0.103, li_recovered:  8.636, time: 0.0076201880001463
L: 0.50, u_super: 0.00782, sec: 445.633, prod: 0.176785, t_ads: 25.1, t_des: 22.7, bed_util_ads: 0.500, bed_util_des: 0.500, des_th: 0.4995625599317132,frac_lost: 0.108, li_recovered:  8.449, time: 0.006693411998639931
L: 0.50, u_super: 0.00987, sec: 575.389, prod: 0.223853, t_ads: 19.8, t_des: 17.7, bed_util_ads: 0.500, bed_util_des: 0.500, des_th: 0.499899907032232,frac_lost: 0.105, li_recovered:  8.400, time: 0.005534721000003628
L: 1.84, u_super: 0.00171 — INFEASIBLE (li_recovered=0.000e+00), time: 0.004505574001086643
L: 0.50, u_super: 0.00677, sec: 380.885, prod: 0.152681, t_ads: 28.7, t_des: 27.3, bed_util_ads: 0.493, bed_util_des: 0.493, des_th: 0.49259928713675283,frac_lost: 0.102, li_recovered:  8.553, time: 0.005344068000340485
    50 |     2000 |     40 |  0.0037582555 |             f
L: 0.50, u_super: 0.00608, sec: 337.681, prod: 0.137513, t_ads: 31.9, t_des: 28.9, bed_util_ads: 0.498, bed_util_des: 0.498, des_th: 0.4977405919391535,frac_lost: 0.101, li_recovered:  8.362, time: 0.004998092001187615
L: 0.50, u_super: 0.00841, sec: 481.789, prod: 0.190242, t_ads: 23.3, t_des: 20.8, bed_util_ads: 0.500, bed_util_des: 0.500, des_th: 0.49992133371397524,frac_lost: 0.106, li_recovered:  8.392, time: 0.003994261998741422
L: 0.50, u_super: 0.00875, sec: 504.141, prod: 0.197708, t_ads: 22.4, t_des: 20.8, bed_util_ads: 0.496, bed_util_des: 0.496, des_th: 0.49606643568503905,frac_lost: 0.107, li_recovered:  8.538, time: 0.005718953001633054
L: 4.60, u_super: 0.00468 — INFEASIBLE (li_recovered=0.000e+00), time: 0.0023380590009765
L: 0.50, u_super: 0.00167, sec: 90.213, prod: 0.036632, t_ads: 114.8, t_des: 101.9, bed_util_ads: 0.493, bed_util_des: 0.493, des_th: 0.492513924118748,frac_lost: 0.104, li_recovered:  7.938, time: 0.004175619998932234
L: 0.50, u_super: 0.00818, sec: 497.104, prod: 0.174211, t_ads: 23.9, t_des: 26.1, bed_util_ads: 0.475, bed_util_des: 0.475, des_th: 0.47461109731953016,frac_lost: 0.105, li_recovered:  8.703, time: 0.007402960998661001
L: 0.50, u_super: 0.00118, sec: 71.064, prod: 0.023117, t_ads: 161.9, t_des: 197.7, bed_util_ads: 0.448, bed_util_des: 0.445, des_th: 0.44497041608740057,frac_lost: 0.106, li_recovered:  8.313, time: 0.004513318001045263
L: 0.50, u_super: 0.00898, sec: 536.534, prod: 0.196277, t_ads: 21.8, t_des: 22.6, bed_util_ads: 0.483, bed_util_des: 0.482, des_th: 0.48249110599772943,frac_lost: 0.105, li_recovered:  8.702, time: 0.005247675000646268
L: 0.50, u_super: 0.00504, sec: 321.795, prod: 0.098114, t_ads: 38.5, t_des: 49.8, bed_util_ads: 0.453, bed_util_des: 0.452, des_th: 0.4520871598717033,frac_lost: 0.102, li_recovered:  8.668, time: 0.0063104870005190605
L: 0.50, u_super: 0.00049, sec: 29.654, prod: 0.009577, t_ads: 364.1, t_des: 308.0, bed_util_ads: 0.475, bed_util_des: 0.474, des_th: 0.47436483709851807,frac_lost: 0.105, li_recovered:  6.437, time: 0.004056493999087252
L: 0.51, u_super: 0.00890, sec: 521.477, prod: 0.201443, t_ads: 22.3, t_des: 20.0, bed_util_ads: 0.500, bed_util_des: 0.500, des_th: 0.49993503972751735,frac_lost: 0.106, li_recovered:  8.535, time: 0.006143222999526188
L: 0.50, u_super: 0.00818, sec: 467.598, prod: 0.185204, t_ads: 23.9, t_des: 21.4, bed_util_ads: 0.500, bed_util_des: 0.500, des_th: 0.4999261599087625,frac_lost: 0.106, li_recovered:  8.389, time: 0.004457638999156188
L: 0.50, u_super: 0.00494, sec: 271.376, prod: 0.111504, t_ads: 39.3, t_des: 35.5, bed_util_ads: 0.498, bed_util_des: 0.498, des_th: 0.498180789456219,frac_lost: 0.103, li_recovered:  8.335, time: 0.00529459199970006
L: 0.50, u_super: 0.00952, sec: 578.672, prod: 0.206095, t_ads: 20.5, t_des: 21.7, bed_util_ads: 0.479, bed_util_des: 0.479, des_th: 0.4790611643732983,frac_lost: 0.104, li_recovered:  8.711, time: 0.0044170359997224296
L: 0.50, u_super: 0.00401, sec: 218.255, prod: 0.090057, t_ads: 48.5, t_des: 44.5, bed_util_ads: 0.495, bed_util_des: 0.495, des_th: 0.4946752147114463,frac_lost: 0.105, li_recovered:  8.376, time: 0.003959405999921728
L: 0.50, u_super: 0.00709, sec: 440.462, prod: 0.146046, t_ads: 27.7, t_des: 32.1, bed_util_ads: 0.468, bed_util_des: 0.467, des_th: 0.46719481502947585,frac_lost: 0.106, li_recovered:  8.728, time: 0.005089427999337204
L: 0.50, u_super: 0.00628, sec: 368.148, prod: 0.134942, t_ads: 30.9, t_des: 33.3, bed_util_ads: 0.476, bed_util_des: 0.476, des_th: 0.4758151983885479,frac_lost: 0.100, li_recovered:  8.670, time: 0.004261494999809656
L: 0.50, u_super: 0.00235, sec: 127.562, prod: 0.051942, t_ads: 82.0, t_des: 71.2, bed_util_ads: 0.499, bed_util_des: 0.499, des_th: 0.4985711038873798,frac_lost: 0.105, li_recovered:  7.957, time: 0.003795099000853952
L: 0.50, u_super: 0.00171, sec: 92.063, prod: 0.037769, t_ads: 111.5, t_des: 106.4, bed_util_ads: 0.484, bed_util_des: 0.484, des_th: 0.4836587029789841,frac_lost: 0.101, li_recovered:  8.230, time: 0.004496806999668479
L: 0.50, u_super: 0.00887, sec: 513.444, prod: 0.200882, t_ads: 22.1, t_des: 20.3, bed_util_ads: 0.498, bed_util_des: 0.498, des_th: 0.49791021408654484,frac_lost: 0.106, li_recovered:  8.531, time: 0.0039653889998589875
L: 0.50, u_super: 0.00959, sec: 556.326, prod: 0.217438, t_ads: 20.3, t_des: 18.3, bed_util_ads: 0.500, bed_util_des: 0.500, des_th: 0.4998628839163588,frac_lost: 0.104, li_recovered:  8.404, time: 0.0049997379992419155
L: 9.65, u_super: 0.00990 — INFEASIBLE (li_recovered=0.000e+00), time: 0.003297293000287027
L: 40.62, u_super: 0.00433 — INFEASIBLE (li_recovered=0.000e+00), time: 0.0011182580001332099
L: 0.50, u_super: 0.00725, sec: 425.239, prod: 0.158612, t_ads: 27.1, t_des: 27.8, bed_util_ads: 0.484, bed_util_des: 0.483, des_th: 0.48326941941704,frac_lost: 0.108, li_recovered:  8.709, time: 0.0049298279991489835
L: 0.50, u_super: 0.00184, sec: 99.070, prod: 0.040515, t_ads: 104.0, t_des: 92.4, bed_util_ads: 0.495, bed_util_des: 0.494, des_th: 0.49448749163566563,frac_lost: 0.102, li_recovered:  7.960, time: 0.006336029000522103
L: 0.50, u_super: 0.00027 — INFEASIBLE (li_recovered=0.000e+00), time: 0.0020592710006894777
L: 0.50, u_super: 0.00202, sec: 109.676, prod: 0.044497, t_ads: 95.4, t_des: 82.9, bed_util_ads: 0.499, bed_util_des: 0.498, des_th: 0.49826024490921483,frac_lost: 0.108, li_recovered:  7.935, time: 0.004074407999723917
L: 0.50, u_super: 0.00035 — INFEASIBLE (li_recovered=0.000e+00), time: 0.004086926999661955
L: 0.50, u_super: 0.00791, sec: 449.314, prod: 0.179249, t_ads: 24.6, t_des: 22.1, bed_util_ads: 0.499, bed_util_des: 0.499, des_th: 0.49919089213486406,frac_lost: 0.101, li_recovered:  8.371, time: 0.005397524999352754
L: 0.50, u_super: 0.00268, sec: 145.521, prod: 0.059526, t_ads: 71.8, t_des: 62.5, bed_util_ads: 0.500, bed_util_des: 0.500, des_th: 0.499965126588369,frac_lost: 0.103, li_recovered:  7.994, time: 0.004508919999352656
L: 0.50, u_super: 0.00761, sec: 430.948, prod: 0.172629, t_ads: 25.5, t_des: 23.0, bed_util_ads: 0.499, bed_util_des: 0.499, des_th: 0.4985575188942984,frac_lost: 0.100, li_recovered:  8.379, time: 0.005793313999674865
L: 3.49, u_super: 0.00190 — INFEASIBLE (li_recovered=0.000e+00), time: 0.0030636879982921528
L: 0.51, u_super: 0.00965, sec: 570.497, prod: 0.218561, t_ads: 20.6, t_des: 18.5, bed_util_ads: 0.500, bed_util_des: 0.500, des_th: 0.49992851815778877,frac_lost: 0.106, li_recovered:  8.543, time: 0.0053377989988803165
L: 0.50, u_super: 0.00959, sec: 559.550, prod: 0.216186, t_ads: 20.4, t_des: 19.4, bed_util_ads: 0.494, bed_util_des: 0.494, des_th: 0.49393137653968583,frac_lost: 0.105, li_recovered:  8.599, time: 0.004772779000631999
L: 0.50, u_super: 0.00277, sec: 149.233, prod: 0.061959, t_ads: 69.7, t_des: 63.5, bed_util_ads: 0.495, bed_util_des: 0.494, des_th: 0.49448749163566563,frac_lost: 0.103, li_recovered:  8.255, time: 0.003794105999986641
L: 0.50, u_super: 0.00282, sec: 153.344, prod: 0.062341, t_ads: 68.5, t_des: 67.6, bed_util_ads: 0.484, bed_util_des: 0.483, des_th: 0.48336056047318193,frac_lost: 0.101, li_recovered:  8.484, time: 0.004483440001422423
L: 0.50, u_super: 0.00687, sec: 386.912, prod: 0.155189, t_ads: 28.5, t_des: 26.2, bed_util_ads: 0.497, bed_util_des: 0.497, des_th: 0.4966411837809262,frac_lost: 0.107, li_recovered:  8.481, time: 0.004654227999708382
L: 0.50, u_super: 0.00233, sec: 126.611, prod: 0.051493, t_ads: 82.7, t_des: 71.6, bed_util_ads: 0.499, bed_util_des: 0.499, des_th: 0.49898198543394684,frac_lost: 0.106, li_recovered:  7.948, time: 0.004722787998616695
L: 0.51, u_super: 0.00891, sec: 522.799, prod: 0.199934, t_ads: 22.2, t_des: 21.4, bed_util_ads: 0.491, bed_util_des: 0.491, des_th: 0.4909956673383549,frac_lost: 0.106, li_recovered:  8.708, time: 0.006970399999772781
L: 0.50, u_super: 0.00170, sec: 91.773, prod: 0.037523, t_ads: 112.2, t_des: 100.9, bed_util_ads: 0.492, bed_util_des: 0.491, des_th: 0.4912650593509397,frac_lost: 0.102, li_recovered:  7.994, time: 0.0050118020008085296
    51 |     2040 |     40 |  0.0017616456 |             f
L: 0.50, u_super: 0.00446, sec: 244.395, prod: 0.100126, t_ads: 43.8, t_des: 38.9, bed_util_ads: 0.499, bed_util_des: 0.499, des_th: 0.49901837072976657,frac_lost: 0.107, li_recovered:  8.279, time: 0.005226522000157274
L: 53.31, u_super: 0.00525 — INFEASIBLE (li_recovered=0.000e+00), time: 0.001249725000889157
L: 0.50, u_super: 0.00745, sec: 423.152, prod: 0.167865, t_ads: 26.3, t_des: 24.6, bed_util_ads: 0.494, bed_util_des: 0.494, des_th: 0.49406819131610974,frac_lost: 0.107, li_recovered:  8.549, time: 0.007092021000062232
L: 0.50, u_super: 0.00980, sec: 570.207, prod: 0.222301, t_ads: 19.9, t_des: 18.1, bed_util_ads: 0.500, bed_util_des: 0.500, des_th: 0.49996281356886724,frac_lost: 0.104, li_recovered:  8.446, time: 0.004434344999026507
L: 0.50, u_super: 0.00709, sec: 400.156, prod: 0.160170, t_ads: 27.6, t_des: 24.7, bed_util_ads: 0.500, bed_util_des: 0.500, des_th: 0.4999710378278932,frac_lost: 0.107, li_recovered:  8.383, time: 0.0046468860000459244
L: 0.50, u_super: 0.00841, sec: 482.252, prod: 0.190078, t_ads: 23.3, t_des: 21.4, bed_util_ads: 0.498, bed_util_des: 0.498, des_th: 0.49790935915251117,frac_lost: 0.108, li_recovered:  8.496, time: 0.005093398000099114
L: 0.50, u_super: 0.00746, sec: 423.607, prod: 0.168469, t_ads: 26.0, t_des: 24.9, bed_util_ads: 0.492, bed_util_des: 0.492, des_th: 0.4918626969415302,frac_lost: 0.100, li_recovered:  8.570, time: 0.0066349009994155494
L: 0.50, u_super: 0.00341, sec: 198.196, prod: 0.071128, t_ads: 57.0, t_des: 64.0, bed_util_ads: 0.469, bed_util_des: 0.468, des_th: 0.4677880876434954,frac_lost: 0.105, li_recovered:  8.601, time: 0.007146172998545808
L: 0.51, u_super: 0.00749, sec: 431.647, prod: 0.169379, t_ads: 26.5, t_des: 24.2, bed_util_ads: 0.499, bed_util_des: 0.499, des_th: 0.4985621739608406,frac_lost: 0.107, li_recovered:  8.589, time: 0.0066986700003326405
L: 0.50, u_super: 0.00990, sec: 699.342, prod: 0.185790, t_ads: 19.8, t_des: 27.3, bed_util_ads: 0.446, bed_util_des: 0.446, des_th: 0.445559663342326,frac_lost: 0.103, li_recovered:  8.755, time: 0.006131344998721033
L: 0.50, u_super: 0.00048, sec: 27.711, prod: 0.009647, t_ads: 377.0, t_des: 393.3, bed_util_ads: 0.449, bed_util_des: 0.444, des_th: 0.4445949557618028,frac_lost: 0.101, li_recovered:  7.431, time: 0.0048910280002019135
L: 12.44, u_super: 0.00659 — INFEASIBLE (li_recovered=0.000e+00), time: 0.0033520050001243362
L: 0.50, u_super: 0.00937, sec: 557.385, prod: 0.206665, t_ads: 20.8, t_des: 21.2, bed_util_ads: 0.485, bed_util_des: 0.485, des_th: 0.4850214183044124,frac_lost: 0.103, li_recovered:  8.688, time: 0.007574029999886989
L: 0.50, u_super: 0.00010 — INFEASIBLE (li_recovered=0.000e+00), time: 0.0015377079998870613
L: 0.50, u_super: 0.00351, sec: 203.676, prod: 0.073743, t_ads: 55.3, t_des: 61.5, bed_util_ads: 0.470, bed_util_des: 0.469, des_th: 0.46907396116734523,frac_lost: 0.104, li_recovered:  8.607, time: 0.005589471000348567
L: 0.50, u_super: 0.00818, sec: 467.581, prod: 0.185210, t_ads: 23.9, t_des: 21.4, bed_util_ads: 0.500, bed_util_des: 0.500, des_th: 0.49986979124310893,frac_lost: 0.106, li_recovered:  8.391, time: 0.005849145998581662
L: 0.50, u_super: 0.00769, sec: 436.424, prod: 0.174231, t_ads: 25.2, t_des: 23.7, bed_util_ads: 0.495, bed_util_des: 0.495, des_th: 0.49494441715444365,frac_lost: 0.101, li_recovered:  8.522, time: 0.005843812999955844
L: 0.50, u_super: 0.00374, sec: 203.924, prod: 0.083891, t_ads: 51.9, t_des: 45.9, bed_util_ads: 0.500, bed_util_des: 0.500, des_th: 0.4995439602721573,frac_lost: 0.105, li_recovered:  8.206, time: 0.007012527999904705
L: 0.50, u_super: 0.00403, sec: 220.493, prod: 0.090400, t_ads: 48.2, t_des: 42.4, bed_util_ads: 0.500, bed_util_des: 0.500, des_th: 0.49986412456338053,frac_lost: 0.105, li_recovered:  8.191, time: 0.004524453001067741
L: 0.50, u_super: 0.00035, sec: 21.308, prod: 0.006717, t_ads: 497.7, t_des: 478.3, bed_util_ads: 0.447, bed_util_des: 0.445, des_th: 0.44497041608740057,frac_lost: 0.104, li_recovered:  6.556, time: 0.005890450000151759
L: 0.50, u_super: 0.00555, sec: 307.212, prod: 0.125434, t_ads: 34.9, t_des: 31.3, bed_util_ads: 0.500, bed_util_des: 0.500, des_th: 0.49957139883581947,frac_lost: 0.102, li_recovered:  8.310, time: 0.0070030049992055865
L: 3.43, u_super: 0.00073 — INFEASIBLE (li_recovered=0.000e+00), time: 0.0012462619997677393
L: 0.50, u_super: 0.00494, sec: 271.846, prod: 0.111432, t_ads: 39.4, t_des: 35.6, bed_util_ads: 0.498, bed_util_des: 0.498, des_th: 0.498180789456219,frac_lost: 0.104, li_recovered:  8.359, time: 0.0062506840004061814
L: 0.50, u_super: 0.00944, sec: 547.883, prod: 0.213791, t_ads: 20.7, t_des: 18.6, bed_util_ads: 0.500, bed_util_des: 0.500, des_th: 0.4999250263958794,frac_lost: 0.106, li_recovered:  8.409, time: 0.0045772239991492825
L: 0.50, u_super: 0.00481, sec: 264.618, prod: 0.108451, t_ads: 40.5, t_des: 36.5, bed_util_ads: 0.498, bed_util_des: 0.498, des_th: 0.498180789456219,frac_lost: 0.105, li_recovered:  8.343, time: 0.004721212000731612
L: 23.17, u_super: 0.00469 — INFEASIBLE (li_recovered=0.000e+00), time: 0.001234935998581932
L: 24.30, u_super: 0.00637 — INFEASIBLE (li_recovered=0.000e+00), time: 0.0017570519994478673
L: 0.50, u_super: 0.00959, sec: 556.757, prod: 0.217270, t_ads: 20.4, t_des: 18.7, bed_util_ads: 0.498, bed_util_des: 0.498, des_th: 0.4978668392838086,frac_lost: 0.105, li_recovered:  8.495, time: 0.005636498000967549
L: 0.50, u_super: 0.00571, sec: 316.126, prod: 0.129033, t_ads: 34.0, t_des: 30.9, bed_util_ads: 0.498, bed_util_des: 0.498, des_th: 0.4977405919391535,frac_lost: 0.103, li_recovered:  8.371, time: 0.0056281160013895715
L: 0.50, u_super: 0.00084, sec: 67.830, prod: 0.012133, t_ads: 227.8, t_des: 460.2, bed_util_ads: 0.380, bed_util_des: 0.370, des_th: 0.3699757052491726,frac_lost: 0.101, li_recovered:  8.347, time: 0.006974981999519514
L: 0.50, u_super: 0.00735, sec: 415.728, prod: 0.166017, t_ads: 26.6, t_des: 24.4, bed_util_ads: 0.497, bed_util_des: 0.497, des_th: 0.497204481824429,frac_lost: 0.107, li_recovered:  8.478, time: 0.005107999999381718
L: 85.72, u_super: 0.00306 — INFEASIBLE (li_recovered=0.000e+00), time: 0.0015007169986347435
L: 13.95, u_super: 0.00268 — INFEASIBLE (li_recovered=0.000e+00), time: 0.0017250179989787284
L: 0.50, u_super: 0.00663, sec: 371.211, prod: 0.149907, t_ads: 29.3, t_des: 26.2, bed_util_ads: 0.500, bed_util_des: 0.500, des_th: 0.4998628839163588,frac_lost: 0.102, li_recovered:  8.321, time: 0.004792218000147841
L: 0.50, u_super: 0.00732, sec: 416.210, prod: 0.164446, t_ads: 26.8, t_des: 25.4, bed_util_ads: 0.493, bed_util_des: 0.493, des_th: 0.49269640363188805,frac_lost: 0.108, li_recovered:  8.580, time: 0.006871239000247442
L: 0.51, u_super: 0.00986, sec: 584.069, prod: 0.223432, t_ads: 20.2, t_des: 18.2, bed_util_ads: 0.500, bed_util_des: 0.500, des_th: 0.4999220336305926,frac_lost: 0.105, li_recovered:  8.582, time: 0.00478806200044346
L: 62.36, u_super: 0.00330 — INFEASIBLE (li_recovered=0.000e+00), time: 0.0010770389999379404
L: 26.20, u_super: 0.00955 — INFEASIBLE (li_recovered=0.000e+00), time: 0.0023402930000884226
L: 0.50, u_super: 0.00980, sec: 570.821, prod: 0.222346, t_ads: 19.9, t_des: 17.9, bed_util_ads: 0.500, bed_util_des: 0.500, des_th: 0.49993953380586587,frac_lost: 0.104, li_recovered:  8.410, time: 0.005999701001201174
L: 0.50, u_super: 0.00539, sec: 297.325, prod: 0.121611, t_ads: 36.1, t_des: 32.6, bed_util_ads: 0.498, bed_util_des: 0.498, des_th: 0.49818436613696143,frac_lost: 0.103, li_recovered:  8.356, time: 0.004605404001267743
    52 |     2080 |     40 |  0.0048199020 |             f
L: 0.50, u_super: 0.00495, sec: 272.595, prod: 0.111282, t_ads: 39.3, t_des: 37.2, bed_util_ads: 0.492, bed_util_des: 0.492, des_th: 0.49214281063744303,frac_lost: 0.102, li_recovered:  8.512, time: 0.004915079000056721
L: 0.50, u_super: 0.00213, sec: 115.892, prod: 0.046790, t_ads: 89.7, t_des: 76.9, bed_util_ads: 0.500, bed_util_des: 0.500, des_th: 0.49995484300639303,frac_lost: 0.100, li_recovered:  7.795, time: 0.007198770999821136
L: 0.50, u_super: 0.00427, sec: 245.174, prod: 0.091278, t_ads: 45.6, t_des: 49.0, bed_util_ads: 0.475, bed_util_des: 0.474, des_th: 0.47441301532430263,frac_lost: 0.104, li_recovered:  8.635, time: 0.006577026000741171
L: 0.50, u_super: 0.00468, sec: 256.699, prod: 0.105381, t_ads: 41.6, t_des: 38.4, bed_util_ads: 0.495, bed_util_des: 0.495, des_th: 0.4947723284493648,frac_lost: 0.105, li_recovered:  8.429, time: 0.004834194000068237
L: 18.69, u_super: 0.00987 — INFEASIBLE (li_recovered=0.000e+00), time: 0.004293223000786384
L: 0.50, u_super: 0.00235, sec: 127.508, prod: 0.051928, t_ads: 82.1, t_des: 71.1, bed_util_ads: 0.500, bed_util_des: 0.500, des_th: 0.499975438775423,frac_lost: 0.106, li_recovered:  7.954, time: 0.006147860000055516
L: 17.82, u_super: 0.00539 — INFEASIBLE (li_recovered=0.000e+00), time: 0.00336201699974481
L: 0.51, u_super: 0.00891, sec: 521.677, prod: 0.201651, t_ads: 22.3, t_des: 20.2, bed_util_ads: 0.499, bed_util_des: 0.499, des_th: 0.49925435392914513,frac_lost: 0.106, li_recovered:  8.586, time: 0.007155568000598578
L: 0.50, u_super: 0.00329, sec: 178.271, prod: 0.073471, t_ads: 58.6, t_des: 51.6, bed_util_ads: 0.500, bed_util_des: 0.500, des_th: 0.49954524315029786,frac_lost: 0.101, li_recovered:  8.096, time: 0.007926402000521193
L: 0.50, u_super: 0.00899, sec: 518.435, prod: 0.203598, t_ads: 21.7, t_des: 19.5, bed_util_ads: 0.500, bed_util_des: 0.500, des_th: 0.4998673522668063,frac_lost: 0.105, li_recovered:  8.388, time: 0.007219433999125613
L: 0.50, u_super: 0.00694, sec: 391.001, prod: 0.156610, t_ads: 28.2, t_des: 25.3, bed_util_ads: 0.500, bed_util_des: 0.500, des_th: 0.49999482250422683,frac_lost: 0.108, li_recovered:  8.385, time: 0.007393597999907797
L: 29.53, u_super: 0.00446 — INFEASIBLE (li_recovered=0.000e+00), time: 0.0015321599985327339
L: 0.50, u_super: 0.00322, sec: 174.733, prod: 0.072038, t_ads: 60.5, t_des: 55.9, bed_util_ads: 0.494, bed_util_des: 0.494, des_th: 0.4940199462594481,frac_lost: 0.109, li_recovered:  8.382, time: 0.005853709999428247
L: 12.83, u_super: 0.00306 — INFEASIBLE (li_recovered=0.000e+00), time: 0.002653805000591092
L: 0.50, u_super: 0.00268, sec: 146.035, prod: 0.059359, t_ads: 71.9, t_des: 70.8, bed_util_ads: 0.485, bed_util_des: 0.484, des_th: 0.484394047824768,frac_lost: 0.103, li_recovered:  8.475, time: 0.007248313000673079
L: 0.50, u_super: 0.00905, sec: 521.991, prod: 0.205000, t_ads: 21.6, t_des: 19.8, bed_util_ads: 0.498, bed_util_des: 0.498, des_th: 0.49790935915251117,frac_lost: 0.105, li_recovered:  8.486, time: 0.005364053000448621
L: 0.51, u_super: 0.00440, sec: 255.207, prod: 0.095154, t_ads: 44.9, t_des: 47.3, bed_util_ads: 0.478, bed_util_des: 0.477, des_th: 0.47751173910873723,frac_lost: 0.104, li_recovered:  8.780, time: 0.005655558999933419
L: 0.50, u_super: 0.00989, sec: 581.999, prod: 0.224334, t_ads: 19.9, t_des: 17.9, bed_util_ads: 0.500, bed_util_des: 0.500, des_th: 0.49993503972751735,frac_lost: 0.104, li_recovered:  8.488, time: 0.004577628000333789
L: 0.50, u_super: 0.00838, sec: 479.676, prod: 0.189962, t_ads: 23.3, t_des: 21.2, bed_util_ads: 0.498, bed_util_des: 0.498, des_th: 0.49836561794767714,frac_lost: 0.104, li_recovered:  8.443, time: 0.005552302998694358
L: 0.50, u_super: 0.00270, sec: 145.656, prod: 0.060404, t_ads: 71.2, t_des: 64.1, bed_util_ads: 0.495, bed_util_des: 0.495, des_th: 0.49477086563029615,frac_lost: 0.102, li_recovered:  8.173, time: 0.004768931001308374
L: 0.50, u_super: 0.00602, sec: 335.289, prod: 0.136065, t_ads: 32.3, t_des: 28.8, bed_util_ads: 0.500, bed_util_des: 0.500, des_th: 0.4998075304966748,frac_lost: 0.103, li_recovered:  8.317, time: 0.005393935998654342
L: 0.50, u_super: 0.00518, sec: 285.269, prod: 0.116752, t_ads: 37.6, t_des: 34.8, bed_util_ads: 0.496, bed_util_des: 0.496, des_th: 0.4956985144216434,frac_lost: 0.104, li_recovered:  8.450, time: 0.007755622000331641
L: 0.50, u_super: 0.00842, sec: 482.342, prod: 0.190401, t_ads: 23.3, t_des: 21.3, bed_util_ads: 0.497, bed_util_des: 0.497, des_th: 0.49717725109241856,frac_lost: 0.107, li_recovered:  8.481, time: 0.00843346500005282
L: 15.71, u_super: 0.00817 — INFEASIBLE (li_recovered=0.000e+00), time: 0.002483242999005597
L: 6.14, u_super: 0.00709 — INFEASIBLE (li_recovered=0.000e+00), time: 0.0044104580010753125
L: 0.50, u_super: 0.00351, sec: 195.154, prod: 0.076964, t_ads: 55.5, t_des: 55.9, bed_util_ads: 0.483, bed_util_des: 0.482, des_th: 0.48246560658175935,frac_lost: 0.108, li_recovered:  8.574, time: 0.007172272000389057
L: 0.50, u_super: 0.00035, sec: 21.241, prod: 0.006717, t_ads: 496.5, t_des: 476.8, bed_util_ads: 0.447, bed_util_des: 0.444, des_th: 0.4443731651697935,frac_lost: 0.104, li_recovered:  6.537, time: 0.004350347000581678
L: 0.50, u_super: 0.00683, sec: 391.540, prod: 0.151499, t_ads: 28.7, t_des: 28.4, bed_util_ads: 0.488, bed_util_des: 0.488, des_th: 0.4877097931933842,frac_lost: 0.108, li_recovered:  8.651, time: 0.006213479999132687
L: 0.50, u_super: 0.00371, sec: 202.035, prod: 0.083216, t_ads: 52.4, t_des: 46.8, bed_util_ads: 0.499, bed_util_des: 0.499, des_th: 0.4987722659824339,frac_lost: 0.108, li_recovered:  8.256, time: 0.005895829999644775
L: 0.50, u_super: 0.00231, sec: 124.045, prod: 0.051248, t_ads: 83.6, t_des: 75.3, bed_util_ads: 0.495, bed_util_des: 0.494, des_th: 0.4943512238349865,frac_lost: 0.105, li_recovered:  8.145, time: 0.006304887001533643
L: 0.50, u_super: 0.00111, sec: 61.151, prod: 0.023548, t_ads: 170.3, t_des: 146.5, bed_util_ads: 0.493, bed_util_des: 0.492, des_th: 0.49241824245196686,frac_lost: 0.102, li_recovered:  7.460, time: 0.004442790999746649
L: 0.50, u_super: 0.00084, sec: 46.000, prod: 0.017890, t_ads: 221.9, t_des: 210.4, bed_util_ads: 0.476, bed_util_des: 0.474, des_th: 0.47436483709851807,frac_lost: 0.100, li_recovered:  7.734, time: 0.006090366998250829
L: 0.50, u_super: 0.00184, sec: 98.986, prod: 0.040583, t_ads: 104.2, t_des: 93.6, bed_util_ads: 0.493, bed_util_des: 0.492, des_th: 0.49249456038565453,frac_lost: 0.103, li_recovered:  8.030, time: 0.009610698998585576
L: 0.50, u_super: 0.00144, sec: 80.268, prod: 0.030649, t_ads: 131.5, t_des: 108.5, bed_util_ads: 0.500, bed_util_des: 0.500, des_th: 0.49974961321825145,frac_lost: 0.102, li_recovered:  7.357, time: 0.006113321000157157
L: 0.50, u_super: 0.00872, sec: 502.472, prod: 0.197217, t_ads: 22.4, t_des: 20.9, bed_util_ads: 0.496, bed_util_des: 0.496, des_th: 0.49608693906033674,frac_lost: 0.106, li_recovered:  8.537, time: 0.00687361400014197
L: 0.50, u_super: 0.00891, sec: 662.347, prod: 0.156256, t_ads: 22.0, t_des: 33.9, bed_util_ads: 0.433, bed_util_des: 0.432, des_th: 0.4323628510019218,frac_lost: 0.105, li_recovered:  8.725, time: 0.008741699000893277
L: 0.50, u_super: 0.00154, sec: 84.499, prod: 0.033033, t_ads: 124.9, t_des: 105.2, bed_util_ads: 0.499, bed_util_des: 0.499, des_th: 0.4985711038873798,frac_lost: 0.107, li_recovered:  7.600, time: 0.007278691000465187
L: 0.50, u_super: 0.00254, sec: 138.236, prod: 0.056135, t_ads: 75.8, t_des: 74.9, bed_util_ads: 0.483, bed_util_des: 0.482, des_th: 0.48246134818283376,frac_lost: 0.102, li_recovered:  8.459, time: 0.005666087999998126
L: 0.51, u_super: 0.00990, sec: 586.648, prod: 0.224410, t_ads: 20.1, t_des: 18.2, bed_util_ads: 0.499, bed_util_des: 0.499, des_th: 0.49938091179104016,frac_lost: 0.105, li_recovered:  8.601, time: 0.005429550999906496
L: 1.30, u_super: 0.00353, sec: 527.479, prod: 0.074850, t_ads: 139.8, t_des: 115.9, bed_util_ads: 0.499, bed_util_des: 0.499, des_th: 0.4988532009684938,frac_lost: 0.101, li_recovered:  19.143, time: 0.005956078000963316
    53 |     2120 |     40 |  0.0030330902 |             f
L: 0.50, u_super: 0.00637, sec: 356.128, prod: 0.144090, t_ads: 30.5, t_des: 28.5, bed_util_ads: 0.494, bed_util_des: 0.494, des_th: 0.49405291505726534,frac_lost: 0.102, li_recovered:  8.503, time: 0.006391793000148027
L: 0.50, u_super: 0.00365, sec: 198.751, prod: 0.081729, t_ads: 53.2, t_des: 46.9, bed_util_ads: 0.500, bed_util_des: 0.500, des_th: 0.4998458026881404,frac_lost: 0.106, li_recovered:  8.185, time: 0.005291538000165019
L: 25.54, u_super: 0.00816 — INFEASIBLE (li_recovered=0.000e+00), time: 0.0015421090010931948
L: 0.50, u_super: 0.00048 — INFEASIBLE (li_recovered=0.000e+00), time: 0.0037318859995139064
L: 0.51, u_super: 0.00990, sec: 586.839, prod: 0.224337, t_ads: 20.1, t_des: 18.0, bed_util_ads: 0.500, bed_util_des: 0.500, des_th: 0.4998548409218095,frac_lost: 0.105, li_recovered:  8.546, time: 0.004924632999973255
L: 0.50, u_super: 0.00035, sec: 21.326, prod: 0.006689, t_ads: 491.1, t_des: 470.8, bed_util_ads: 0.447, bed_util_des: 0.445, des_th: 0.44497041608740057,frac_lost: 0.100, li_recovered:  6.434, time: 0.004856892001043889
L: 0.50, u_super: 0.00987, sec: 575.481, prod: 0.223754, t_ads: 19.8, t_des: 17.8, bed_util_ads: 0.500, bed_util_des: 0.500, des_th: 0.4999741343632147,frac_lost: 0.105, li_recovered:  8.414, time: 0.00512391299889714
L: 0.50, u_super: 0.00184, sec: 100.629, prod: 0.039920, t_ads: 104.2, t_des: 106.2, bed_util_ads: 0.477, bed_util_des: 0.476, des_th: 0.47609744432800666,frac_lost: 0.101, li_recovered:  8.401, time: 0.004159556001468445
L: 0.50, u_super: 0.00797, sec: 455.064, prod: 0.179913, t_ads: 24.6, t_des: 22.8, bed_util_ads: 0.496, bed_util_des: 0.496, des_th: 0.49611341547656856,frac_lost: 0.107, li_recovered:  8.531, time: 0.004167163999227341
L: 25.95, u_super: 0.00899 — INFEASIBLE (li_recovered=0.000e+00), time: 0.0014266010002756957
L: 0.50, u_super: 0.00351, sec: 190.841, prod: 0.078686, t_ads: 55.5, t_des: 51.2, bed_util_ads: 0.494, bed_util_des: 0.494, des_th: 0.4940412993754051,frac_lost: 0.109, li_recovered:  8.390, time: 0.004896176000329433
L: 0.50, u_super: 0.00143, sec: 78.492, prod: 0.030577, t_ads: 134.2, t_des: 113.1, bed_util_ads: 0.499, bed_util_des: 0.498, des_th: 0.4985711038873798,frac_lost: 0.108, li_recovered:  7.562, time: 0.0037628490008501103
L: 0.50, u_super: 0.00551, sec: 305.137, prod: 0.124350, t_ads: 35.2, t_des: 31.2, bed_util_ads: 0.500, bed_util_des: 0.500, des_th: 0.499873786406117,frac_lost: 0.101, li_recovered:  8.254, time: 0.004619424000338768
L: 0.50, u_super: 0.00518, sec: 284.867, prod: 0.116917, t_ads: 37.5, t_des: 34.0, bed_util_ads: 0.498, bed_util_des: 0.498, des_th: 0.4982884587491375,frac_lost: 0.102, li_recovered:  8.354, time: 0.0041197789996658685
L: 0.50, u_super: 0.00090 — INFEASIBLE (li_recovered=0.000e+00), time: 0.0022417279997171136
L: 5.63, u_super: 0.00989 — INFEASIBLE (li_recovered=0.000e+00), time: 0.001984022999749868
L: 0.50, u_super: 0.00656, sec: 445.798, prod: 0.122451, t_ads: 29.8, t_des: 41.3, bed_util_ads: 0.445, bed_util_des: 0.444, des_th: 0.4438854055436496,frac_lost: 0.105, li_recovered:  8.704, time: 0.005777021000540117
L: 0.50, u_super: 0.00031 — INFEASIBLE (li_recovered=0.000e+00), time: 0.002211312001236365
L: 0.67, u_super: 0.00270, sec: 196.679, prod: 0.059558, t_ads: 95.1, t_des: 91.9, bed_util_ads: 0.485, bed_util_des: 0.484, des_th: 0.4838300411419559,frac_lost: 0.107, li_recovered:  11.138, time: 0.004312766999646556
L: 0.50, u_super: 0.00543, sec: 300.383, prod: 0.122453, t_ads: 35.8, t_des: 33.6, bed_util_ads: 0.494, bed_util_des: 0.494, des_th: 0.49406819131610974,frac_lost: 0.103, li_recovered:  8.492, time: 0.005068481001217151
L: 0.50, u_super: 0.00308, sec: 166.533, prod: 0.069016, t_ads: 62.7, t_des: 56.2, bed_util_ads: 0.498, bed_util_des: 0.497, des_th: 0.4972556848266605,frac_lost: 0.103, li_recovered:  8.201, time: 0.004103802000827272
L: 0.50, u_super: 0.00608, sec: 337.627, prod: 0.137535, t_ads: 31.9, t_des: 28.9, bed_util_ads: 0.498, bed_util_des: 0.498, des_th: 0.4977405919391535,frac_lost: 0.101, li_recovered:  8.362, time: 0.005306614000801346
L: 0.50, u_super: 0.00589, sec: 400.869, prod: 0.108499, t_ads: 33.3, t_des: 46.9, bed_util_ads: 0.443, bed_util_des: 0.442, des_th: 0.44221733127017515,frac_lost: 0.107, li_recovered:  8.701, time: 0.006428912000046694
L: 0.50, u_super: 0.00735, sec: 415.830, prod: 0.165977, t_ads: 26.6, t_des: 24.5, bed_util_ads: 0.497, bed_util_des: 0.497, des_th: 0.49726269857229416,frac_lost: 0.107, li_recovered:  8.483, time: 0.0055035850000422215
L: 34.08, u_super: 0.00446 — INFEASIBLE (li_recovered=0.000e+00), time: 0.0014019829995959299
L: 0.50, u_super: 0.00701, sec: 393.970, prod: 0.158721, t_ads: 27.7, t_des: 24.8, bed_util_ads: 0.500, bed_util_des: 0.500, des_th: 0.499925735115252,frac_lost: 0.101, li_recovered:  8.334, time: 0.006001001998811262
L: 0.50, u_super: 0.00539, sec: 297.042, prod: 0.121771, t_ads: 35.9, t_des: 33.4, bed_util_ads: 0.495, bed_util_des: 0.495, des_th: 0.4947723284493648,frac_lost: 0.100, li_recovered:  8.448, time: 0.005530806000024313
L: 0.50, u_super: 0.00841, sec: 632.068, prod: 0.145061, t_ads: 23.3, t_des: 36.9, bed_util_ads: 0.429, bed_util_des: 0.429, des_th: 0.4286932799671798,frac_lost: 0.105, li_recovered:  8.723, time: 0.006087408999519539
L: 0.50, u_super: 0.00446, sec: 243.948, prod: 0.100263, t_ads: 43.6, t_des: 39.1, bed_util_ads: 0.499, bed_util_des: 0.499, des_th: 0.49901837072976657,frac_lost: 0.105, li_recovered:  8.293, time: 0.005190656000195304
L: 0.50, u_super: 0.00184, sec: 98.957, prod: 0.040594, t_ads: 104.1, t_des: 93.5, bed_util_ads: 0.493, bed_util_des: 0.492, des_th: 0.49252145232635924,frac_lost: 0.102, li_recovered:  8.022, time: 0.006497319000118296
L: 35.78, u_super: 0.00720 — INFEASIBLE (li_recovered=0.000e+00), time: 0.001761024999723304
L: 0.50, u_super: 0.00823, sec: 470.504, prod: 0.186010, t_ads: 23.8, t_des: 21.6, bed_util_ads: 0.500, bed_util_des: 0.500, des_th: 0.49956496418752694,frac_lost: 0.108, li_recovered:  8.446, time: 0.005173550000108662
L: 39.96, u_super: 0.00990 — INFEASIBLE (li_recovered=0.000e+00), time: 0.003130424000119092
L: 0.50, u_super: 0.00609, sec: 339.953, prod: 0.137380, t_ads: 31.9, t_des: 30.3, bed_util_ads: 0.493, bed_util_des: 0.492, des_th: 0.49241824245196686,frac_lost: 0.101, li_recovered:  8.539, time: 0.005605979000392836
L: 0.50, u_super: 0.00984, sec: 583.171, prod: 0.221329, t_ads: 20.0, t_des: 19.3, bed_util_ads: 0.492, bed_util_des: 0.492, des_th: 0.49159344754996376,frac_lost: 0.104, li_recovered:  8.707, time: 0.0076459450010588625
L: 23.79, u_super: 0.00055 — INFEASIBLE (li_recovered=0.000e+00), time: 0.0010845390006579692
L: 40.72, u_super: 0.00323 — INFEASIBLE (li_recovered=0.000e+00), time: 0.0014167579993227264
L: 0.50, u_super: 0.00644, sec: 359.941, prod: 0.145752, t_ads: 30.1, t_des: 27.0, bed_util_ads: 0.499, bed_util_des: 0.499, des_th: 0.49936840751549305,frac_lost: 0.101, li_recovered:  8.330, time: 0.006294156000876683
L: 0.50, u_super: 0.00812, sec: 463.454, prod: 0.183611, t_ads: 24.1, t_des: 21.6, bed_util_ads: 0.500, bed_util_des: 0.500, des_th: 0.4998763127509801,frac_lost: 0.106, li_recovered:  8.391, time: 0.006626906999372295
L: 0.50, u_super: 0.00539, sec: 306.734, prod: 0.117880, t_ads: 36.3, t_des: 37.0, bed_util_ads: 0.483, bed_util_des: 0.483, des_th: 0.4830256088269302,frac_lost: 0.108, li_recovered:  8.644, time: 0.00865078300012101
    54 |     2160 |     40 |  0.0011802447 |             f
L: 0.50, u_super: 0.00191, sec: 104.111, prod: 0.041691, t_ads: 100.0, t_des: 85.3, bed_util_ads: 0.500, bed_util_des: 0.500, des_th: 0.49995484300639303,frac_lost: 0.101, li_recovered:  7.727, time: 0.009351456999866059
L: 0.50, u_super: 0.00184, sec: 121.878, prod: 0.032923, t_ads: 104.8, t_des: 153.6, bed_util_ads: 0.431, bed_util_des: 0.428, des_th: 0.4280762221473979,frac_lost: 0.102, li_recovered:  8.507, time: 0.007178830999691854
L: 0.50, u_super: 0.00492, sec: 270.225, prod: 0.110784, t_ads: 39.5, t_des: 35.3, bed_util_ads: 0.499, bed_util_des: 0.499, des_th: 0.49925509121137746,frac_lost: 0.103, li_recovered:  8.287, time: 0.005073131000244757
L: 0.50, u_super: 0.00351, sec: 190.783, prod: 0.078727, t_ads: 55.4, t_des: 51.2, bed_util_ads: 0.494, bed_util_des: 0.494, des_th: 0.49403825488219116,frac_lost: 0.108, li_recovered:  8.390, time: 0.005301327999404748
L: 0.50, u_super: 0.00842, sec: 482.556, prod: 0.190467, t_ads: 23.3, t_des: 21.3, bed_util_ads: 0.497, bed_util_des: 0.497, des_th: 0.49726573623411413,frac_lost: 0.106, li_recovered:  8.492, time: 0.006367402000250877
L: 0.50, u_super: 0.00468, sec: 257.059, prod: 0.105303, t_ads: 41.6, t_des: 37.1, bed_util_ads: 0.500, bed_util_des: 0.500, des_th: 0.4996746980291733,frac_lost: 0.105, li_recovered:  8.286, time: 0.005262262999167433
L: 0.50, u_super: 0.00365, sec: 198.178, prod: 0.081966, t_ads: 53.2, t_des: 48.8, bed_util_ads: 0.496, bed_util_des: 0.495, des_th: 0.49550926366644027,frac_lost: 0.106, li_recovered:  8.361, time: 0.005063259999587899
L: 17.69, u_super: 0.00988 — INFEASIBLE (li_recovered=0.000e+00), time: 0.0029606540010718163
L: 0.50, u_super: 0.00791, sec: 449.016, prod: 0.179348, t_ads: 24.6, t_des: 22.2, bed_util_ads: 0.499, bed_util_des: 0.499, des_th: 0.49927223036170065,frac_lost: 0.101, li_recovered:  8.392, time: 0.005247344999588677
L: 0.51, u_super: 0.00990, sec: 586.639, prod: 0.224413, t_ads: 20.1, t_des: 18.0, bed_util_ads: 0.500, bed_util_des: 0.500, des_th: 0.49993304640336483,frac_lost: 0.104, li_recovered:  8.538, time: 0.004191828000330133
L: 0.50, u_super: 0.00433, sec: 236.684, prod: 0.097399, t_ads: 45.0, t_des: 40.6, bed_util_ads: 0.498, bed_util_des: 0.498, des_th: 0.498180789456219,frac_lost: 0.106, li_recovered:  8.329, time: 0.0064542180007265415
L: 0.50, u_super: 0.00713, sec: 401.798, prod: 0.161564, t_ads: 27.2, t_des: 24.3, bed_util_ads: 0.500, bed_util_des: 0.500, des_th: 0.4999710378278932,frac_lost: 0.100, li_recovered:  8.316, time: 0.004271251000318443
L: 0.50, u_super: 0.00406, sec: 221.120, prod: 0.091238, t_ads: 47.8, t_des: 42.8, bed_util_ads: 0.499, bed_util_des: 0.499, des_th: 0.4989806489637847,frac_lost: 0.103, li_recovered:  8.263, time: 0.005355392999263131
L: 0.50, u_super: 0.00760, sec: 431.377, prod: 0.171679, t_ads: 25.8, t_des: 23.6, bed_util_ads: 0.497, bed_util_des: 0.497, des_th: 0.497204481824429,frac_lost: 0.107, li_recovered:  8.481, time: 0.0064699960003054
L: 0.50, u_super: 0.00352, sec: 194.805, prod: 0.077376, t_ads: 55.3, t_des: 55.4, bed_util_ads: 0.483, bed_util_des: 0.483, des_th: 0.48280679376807717,frac_lost: 0.107, li_recovered:  8.568, time: 0.005989063998640631
L: 0.50, u_super: 0.00945, sec: 548.854, prod: 0.213813, t_ads: 20.6, t_des: 19.4, bed_util_ads: 0.495, bed_util_des: 0.495, des_th: 0.4947723284493648,frac_lost: 0.104, li_recovered:  8.559, time: 0.006188592000398785
L: 0.50, u_super: 0.00918, sec: 567.111, prod: 0.194598, t_ads: 21.3, t_des: 23.5, bed_util_ads: 0.475, bed_util_des: 0.475, des_th: 0.47462983078731624,frac_lost: 0.105, li_recovered:  8.711, time: 0.004912112999591045
L: 52.93, u_super: 0.00007 — INFEASIBLE (li_recovered=0.000e+00), time: 0.0009994909996748902
L: 0.50, u_super: 0.00710, sec: 400.769, prod: 0.160222, t_ads: 27.6, t_des: 24.8, bed_util_ads: 0.500, bed_util_des: 0.500, des_th: 0.4998628839163588,frac_lost: 0.109, li_recovered:  8.396, time: 0.004940275999615551
L: 7.63, u_super: 0.00608 — INFEASIBLE (li_recovered=0.000e+00), time: 0.0031443150000995956
L: 0.50, u_super: 0.00214, sec: 115.740, prod: 0.047403, t_ads: 89.4, t_des: 78.6, bed_util_ads: 0.497, bed_util_des: 0.497, des_th: 0.4968571066381949,frac_lost: 0.100, li_recovered:  7.964, time: 0.006762491999324993
L: 0.50, u_super: 0.00025 — INFEASIBLE (li_recovered=0.000e+00), time: 0.0025971769991883775
L: 0.50, u_super: 0.00736, sec: 417.168, prod: 0.166310, t_ads: 26.6, t_des: 24.4, bed_util_ads: 0.497, bed_util_des: 0.497, des_th: 0.4972105959134029,frac_lost: 0.108, li_recovered:  8.481, time: 0.006186869999510236
L: 0.50, u_super: 0.00270, sec: 145.694, prod: 0.060389, t_ads: 71.4, t_des: 64.3, bed_util_ads: 0.495, bed_util_des: 0.495, des_th: 0.4948008020642147,frac_lost: 0.103, li_recovered:  8.193, time: 0.006548406001456897
L: 0.50, u_super: 0.00944, sec: 547.110, prod: 0.213923, t_ads: 20.7, t_des: 18.5, bed_util_ads: 0.500, bed_util_des: 0.500, des_th: 0.4998173732799342,frac_lost: 0.104, li_recovered:  8.394, time: 0.00699909399918397
L: 4.10, u_super: 0.00589, sec: 2889.091, prod: 0.123446, t_ads: 258.9, t_des: 260.1, bed_util_ads: 0.465, bed_util_des: 0.463, des_th: 0.4629767476453287,frac_lost: 0.103, li_recovered:  64.070, time: 0.004449559999557096
L: 0.50, u_super: 0.00084 — INFEASIBLE (li_recovered=0.000e+00), time: 0.0022284280003077583
L: 0.50, u_super: 0.00030 — INFEASIBLE (li_recovered=0.000e+00), time: 0.003093907000220497
L: 0.50, u_super: 0.00216, sec: 117.507, prod: 0.047425, t_ads: 89.4, t_des: 88.3, bed_util_ads: 0.483, bed_util_des: 0.482, des_th: 0.482279801143323,frac_lost: 0.105, li_recovered:  8.424, time: 0.004584984999382868
L: 0.50, u_super: 0.00899, sec: 518.490, prod: 0.203549, t_ads: 21.8, t_des: 19.5, bed_util_ads: 0.500, bed_util_des: 0.500, des_th: 0.49986934559092305,frac_lost: 0.106, li_recovered:  8.400, time: 0.005618256000161637
L: 0.50, u_super: 0.00270, sec: 145.498, prod: 0.060443, t_ads: 71.2, t_des: 64.3, bed_util_ads: 0.495, bed_util_des: 0.495, des_th: 0.49477086563029615,frac_lost: 0.101, li_recovered:  8.185, time: 0.0047175380004773615
L: 0.50, u_super: 0.00584, sec: 324.358, prod: 0.132048, t_ads: 33.2, t_des: 29.8, bed_util_ads: 0.500, bed_util_des: 0.500, des_th: 0.4995625599317132,frac_lost: 0.101, li_recovered:  8.325, time: 0.005072672000096645
L: 0.50, u_super: 0.00794, sec: 450.656, prod: 0.180118, t_ads: 24.5, t_des: 22.4, bed_util_ads: 0.497, bed_util_des: 0.497, des_th: 0.49717725109241856,frac_lost: 0.100, li_recovered:  8.432, time: 0.006453043000874459
L: 0.50, u_super: 0.00926, sec: 535.535, prod: 0.209813, t_ads: 21.1, t_des: 19.2, bed_util_ads: 0.500, bed_util_des: 0.500, des_th: 0.4998673522668063,frac_lost: 0.106, li_recovered:  8.448, time: 0.006683939000140526
L: 0.86, u_super: 0.00254, sec: 240.000, prod: 0.055396, t_ads: 129.8, t_des: 115.3, bed_util_ads: 0.493, bed_util_des: 0.492, des_th: 0.4921760066726705,frac_lost: 0.106, li_recovered:  13.576, time: 0.005525717000637087
L: 0.50, u_super: 0.00466, sec: 256.444, prod: 0.104775, t_ads: 41.7, t_des: 36.8, bed_util_ads: 0.500, bed_util_des: 0.500, des_th: 0.49998833353378186,frac_lost: 0.105, li_recovered:  8.231, time: 0.00581312700160197
L: 0.50, u_super: 0.00110 — INFEASIBLE (li_recovered=0.000e+00), time: 0.004144888000155333
L: 0.51, u_super: 0.00990, sec: 586.583, prod: 0.224334, t_ads: 20.1, t_des: 18.4, bed_util_ads: 0.498, bed_util_des: 0.498, des_th: 0.49832630795447086,frac_lost: 0.105, li_recovered:  8.634, time: 0.006682167999315425
L: 0.50, u_super: 0.00537, sec: 296.679, prod: 0.121360, t_ads: 36.1, t_des: 32.4, bed_util_ads: 0.500, bed_util_des: 0.499, des_th: 0.4994597477335889,frac_lost: 0.102, li_recovered:  8.308, time: 0.0065509739997651195
L: 0.50, u_super: 0.00429, sec: 234.638, prod: 0.096368, t_ads: 45.4, t_des: 40.5, bed_util_ads: 0.500, bed_util_des: 0.500, des_th: 0.4999668381871989,frac_lost: 0.107, li_recovered:  8.278, time: 0.006505843000923051
    55 |     2200 |     40 |  0.0027284353 |             f
L: 0.50, u_super: 0.00313, sec: 170.224, prod: 0.069730, t_ads: 62.1, t_des: 54.4, bed_util_ads: 0.500, bed_util_des: 0.500, des_th: 0.4998996175810659,frac_lost: 0.104, li_recovered:  8.124, time: 0.004424669999934849
L: 0.50, u_super: 0.00108, sec: 59.034, prod: 0.023301, t_ads: 175.2, t_des: 171.3, bed_util_ads: 0.476, bed_util_des: 0.474, des_th: 0.4742857168473371,frac_lost: 0.105, li_recovered:  8.075, time: 0.004038025999761885
L: 0.50, u_super: 0.00797, sec: 452.815, prod: 0.180873, t_ads: 24.4, t_des: 22.3, bed_util_ads: 0.499, bed_util_des: 0.499, des_th: 0.49855814940663984,frac_lost: 0.100, li_recovered:  8.438, time: 0.004389356001411215
L: 0.50, u_super: 0.00113, sec: 63.825, prod: 0.023638, t_ads: 167.6, t_des: 136.9, bed_util_ads: 0.498, bed_util_des: 0.498, des_th: 0.4983840425281924,frac_lost: 0.108, li_recovered:  7.197, time: 0.0044559460002346896
L: 44.96, u_super: 0.00271 — INFEASIBLE (li_recovered=0.000e+00), time: 0.0008901509991119383
L: 0.50, u_super: 0.00045 — INFEASIBLE (li_recovered=0.000e+00), time: 0.0025364289995195577
L: 0.50, u_super: 0.00066 — INFEASIBLE (li_recovered=0.000e+00), time: 0.004115835999982664
L: 16.09, u_super: 0.00959 — INFEASIBLE (li_recovered=0.000e+00), time: 0.003983458000220708
L: 0.50, u_super: 0.00987, sec: 575.499, prod: 0.223682, t_ads: 19.8, t_des: 17.8, bed_util_ads: 0.500, bed_util_des: 0.500, des_th: 0.4999700143723859,frac_lost: 0.105, li_recovered:  8.405, time: 0.005057671000031405
L: 0.50, u_super: 0.00526, sec: 317.869, prod: 0.108500, t_ads: 36.8, t_des: 43.0, bed_util_ads: 0.465, bed_util_des: 0.465, des_th: 0.4647620735158819,frac_lost: 0.100, li_recovered:  8.661, time: 0.005227677000220865
L: 11.67, u_super: 0.00794 — INFEASIBLE (li_recovered=0.000e+00), time: 0.0020532239996100543
L: 16.30, u_super: 0.00790 — INFEASIBLE (li_recovered=0.000e+00), time: 0.0014882220002618851
L: 0.50, u_super: 0.00989, sec: 576.405, prod: 0.224202, t_ads: 19.8, t_des: 17.8, bed_util_ads: 0.500, bed_util_des: 0.500, des_th: 0.4999741343632147,frac_lost: 0.104, li_recovered:  8.417, time: 0.005809745998703875
L: 0.50, u_super: 0.00677, sec: 382.363, prod: 0.151966, t_ads: 28.9, t_des: 27.5, bed_util_ads: 0.493, bed_util_des: 0.493, des_th: 0.49259928713675283,frac_lost: 0.107, li_recovered:  8.577, time: 0.0072771940012898995
L: 0.50, u_super: 0.00216, sec: 116.727, prod: 0.047742, t_ads: 89.4, t_des: 78.8, bed_util_ads: 0.497, bed_util_des: 0.497, des_th: 0.49683669031095445,frac_lost: 0.107, li_recovered:  8.033, time: 0.004925166000248282
L: 0.50, u_super: 0.00068, sec: 39.089, prod: 0.013644, t_ads: 273.1, t_des: 229.1, bed_util_ads: 0.486, bed_util_des: 0.485, des_th: 0.4855917371360796,frac_lost: 0.106, li_recovered:  6.852, time: 0.003916710998964845
L: 0.50, u_super: 0.00192, sec: 103.383, prod: 0.042565, t_ads: 99.5, t_des: 89.6, bed_util_ads: 0.493, bed_util_des: 0.493, des_th: 0.49259256574278004,frac_lost: 0.101, li_recovered:  8.046, time: 0.003932953999537858
L: 40.42, u_super: 0.00518 — INFEASIBLE (li_recovered=0.000e+00), time: 0.001195391998408013
L: 0.50, u_super: 0.00915, sec: 528.626, prod: 0.207241, t_ads: 21.4, t_des: 19.1, bed_util_ads: 0.500, bed_util_des: 0.500, des_th: 0.49990488969981217,frac_lost: 0.105, li_recovered:  8.391, time: 0.007084089000272797
L: 0.50, u_super: 0.00648, sec: 362.372, prod: 0.146496, t_ads: 30.0, t_des: 26.8, bed_util_ads: 0.500, bed_util_des: 0.499, des_th: 0.49945858428681683,frac_lost: 0.102, li_recovered:  8.319, time: 0.004602013999829069
L: 0.50, u_super: 0.00390, sec: 212.659, prod: 0.087185, t_ads: 50.0, t_des: 44.0, bed_util_ads: 0.500, bed_util_des: 0.500, des_th: 0.4999742457015743,frac_lost: 0.107, li_recovered:  8.192, time: 0.006960755999898538
L: 0.50, u_super: 0.00894, sec: 515.624, prod: 0.202270, t_ads: 21.9, t_des: 20.1, bed_util_ads: 0.498, bed_util_des: 0.498, des_th: 0.49829934407547716,frac_lost: 0.107, li_recovered:  8.495, time: 0.004375082000478869
L: 5.51, u_super: 0.00254 — INFEASIBLE (li_recovered=0.000e+00), time: 0.0029253489992697723
L: 0.50, u_super: 0.00356, sec: 228.445, prod: 0.067380, t_ads: 54.6, t_des: 73.4, bed_util_ads: 0.446, bed_util_des: 0.445, des_th: 0.44497041608740057,frac_lost: 0.104, li_recovered:  8.628, time: 0.006327179000436445
L: 0.50, u_super: 0.00942, sec: 680.661, prod: 0.171379, t_ads: 20.8, t_des: 30.2, bed_util_ads: 0.440, bed_util_des: 0.439, des_th: 0.4390708202251258,frac_lost: 0.105, li_recovered:  8.733, time: 0.006678100999124581
L: 0.50, u_super: 0.00528, sec: 291.146, prod: 0.119070, t_ads: 36.8, t_des: 32.9, bed_util_ads: 0.500, bed_util_des: 0.500, des_th: 0.4998764918254708,frac_lost: 0.103, li_recovered:  8.301, time: 0.006016056999214925
L: 0.51, u_super: 0.00762, sec: 438.716, prod: 0.172866, t_ads: 25.9, t_des: 23.7, bed_util_ads: 0.497, bed_util_des: 0.497, des_th: 0.49722813628130397,frac_lost: 0.101, li_recovered:  8.576, time: 0.004938134999974864
L: 0.50, u_super: 0.00035, sec: 21.212, prod: 0.006721, t_ads: 495.5, t_des: 476.6, bed_util_ads: 0.447, bed_util_des: 0.445, des_th: 0.44497041608740057,frac_lost: 0.103, li_recovered:  6.534, time: 0.004152367000642698
L: 0.50, u_super: 0.00287, sec: 154.583, prod: 0.064220, t_ads: 67.3, t_des: 62.0, bed_util_ads: 0.493, bed_util_des: 0.492, des_th: 0.49244091204960183,frac_lost: 0.102, li_recovered:  8.307, time: 0.004548536000584136
L: 0.50, u_super: 0.00680, sec: 382.321, prod: 0.153539, t_ads: 28.8, t_des: 25.9, bed_util_ads: 0.500, bed_util_des: 0.500, des_th: 0.4998628839163588,frac_lost: 0.107, li_recovered:  8.390, time: 0.004333326000050874
L: 0.50, u_super: 0.00257, sec: 138.694, prod: 0.057050, t_ads: 75.0, t_des: 66.0, bed_util_ads: 0.498, bed_util_des: 0.497, des_th: 0.4972556848266605,frac_lost: 0.103, li_recovered:  8.042, time: 0.00440842399984831
L: 1.96, u_super: 0.00111 — INFEASIBLE (li_recovered=0.000e+00), time: 0.0022808599987911293
L: 0.50, u_super: 0.00084, sec: 46.220, prod: 0.017910, t_ads: 223.2, t_des: 212.2, bed_util_ads: 0.476, bed_util_des: 0.474, des_th: 0.47436483709851807,frac_lost: 0.106, li_recovered:  7.799, time: 0.004476780999539187
L: 0.50, u_super: 0.00791, sec: 451.217, prod: 0.178865, t_ads: 24.8, t_des: 22.7, bed_util_ads: 0.497, bed_util_des: 0.497, des_th: 0.4971061374622126,frac_lost: 0.108, li_recovered:  8.484, time: 0.006534164000186138
L: 0.50, u_super: 0.00389, sec: 211.728, prod: 0.087535, t_ads: 49.9, t_des: 45.6, bed_util_ads: 0.495, bed_util_des: 0.495, des_th: 0.49477086563029615,frac_lost: 0.105, li_recovered:  8.356, time: 0.005905010999413207
L: 0.50, u_super: 0.00351, sec: 190.883, prod: 0.078747, t_ads: 55.4, t_des: 51.2, bed_util_ads: 0.494, bed_util_des: 0.494, des_th: 0.49406819131610974,frac_lost: 0.107, li_recovered:  8.397, time: 0.005601131999355857
L: 0.50, u_super: 0.00314, sec: 169.326, prod: 0.070307, t_ads: 61.6, t_des: 57.3, bed_util_ads: 0.493, bed_util_des: 0.492, des_th: 0.49252145232635924,frac_lost: 0.102, li_recovered:  8.362, time: 0.004270452998753171
L: 0.50, u_super: 0.00842, sec: 482.714, prod: 0.190393, t_ads: 23.3, t_des: 21.3, bed_util_ads: 0.497, bed_util_des: 0.497, des_th: 0.4970747621381655,frac_lost: 0.107, li_recovered:  8.491, time: 0.004788846999872476
L: 0.50, u_super: 0.00111, sec: 61.406, prod: 0.023432, t_ads: 169.7, t_des: 144.3, bed_util_ads: 0.493, bed_util_des: 0.492, des_th: 0.49241824245196686,frac_lost: 0.100, li_recovered:  7.359, time: 0.005403237000791705
L: 0.50, u_super: 0.00179, sec: 95.965, prod: 0.039455, t_ads: 106.9, t_des: 102.2, bed_util_ads: 0.485, bed_util_des: 0.484, des_th: 0.48398554360798934,frac_lost: 0.101, li_recovered:  8.249, time: 0.005718704000173602
    56 |     2240 |     40 |  0.0025497058 |             f
L: 3.54, u_super: 0.00656, sec: 2982.948, prod: 0.129257, t_ads: 204.3, t_des: 243.4, bed_util_ads: 0.448, bed_util_des: 0.444, des_th: 0.4438854055436496,frac_lost: 0.104, li_recovered:  57.877, time: 0.006059171000742936
L: 38.04, u_super: 0.00842 — INFEASIBLE (li_recovered=0.000e+00), time: 0.0015061849990161136
L: 0.50, u_super: 0.00608, sec: 338.568, prod: 0.137153, t_ads: 32.0, t_des: 28.6, bed_util_ads: 0.500, bed_util_des: 0.500, des_th: 0.4999537945473807,frac_lost: 0.104, li_recovered:  8.313, time: 0.005460215999846696
L: 0.50, u_super: 0.00178, sec: 97.469, prod: 0.038585, t_ads: 107.5, t_des: 90.8, bed_util_ads: 0.500, bed_util_des: 0.500, des_th: 0.49954856335930586,frac_lost: 0.103, li_recovered:  7.653, time: 0.005800806000479497
L: 0.50, u_super: 0.00586, sec: 324.512, prod: 0.132554, t_ads: 33.1, t_des: 30.0, bed_util_ads: 0.498, bed_util_des: 0.498, des_th: 0.4983299071733898,frac_lost: 0.100, li_recovered:  8.367, time: 0.004362136000054306
L: 0.50, u_super: 0.00365, sec: 198.506, prod: 0.081828, t_ads: 53.3, t_des: 47.5, bed_util_ads: 0.499, bed_util_des: 0.499, des_th: 0.49881829004442946,frac_lost: 0.107, li_recovered:  8.250, time: 0.004139138000027742
L: 0.50, u_super: 0.00351, sec: 190.043, prod: 0.079043, t_ads: 54.9, t_des: 50.5, bed_util_ads: 0.494, bed_util_des: 0.494, des_th: 0.49406819131610974,frac_lost: 0.100, li_recovered:  8.335, time: 0.00708105100056855
L: 0.50, u_super: 0.00888, sec: 511.931, prod: 0.201012, t_ads: 22.1, t_des: 20.0, bed_util_ads: 0.500, bed_util_des: 0.500, des_th: 0.4998882702203364,frac_lost: 0.107, li_recovered:  8.445, time: 0.005345125999156153
L: 0.50, u_super: 0.00446, sec: 247.659, prod: 0.098808, t_ads: 43.7, t_des: 43.3, bed_util_ads: 0.485, bed_util_des: 0.485, des_th: 0.4850334770293964,frac_lost: 0.105, li_recovered:  8.589, time: 0.004549859999315231
L: 22.88, u_super: 0.00760 — INFEASIBLE (li_recovered=0.000e+00), time: 0.0019732860000658548
L: 0.50, u_super: 0.00195, sec: 104.790, prod: 0.043108, t_ads: 98.2, t_des: 88.1, bed_util_ads: 0.493, bed_util_des: 0.493, des_th: 0.4925157041580936,frac_lost: 0.101, li_recovered:  8.032, time: 0.005887163999432232
L: 0.50, u_super: 0.00656, sec: 367.311, prod: 0.148540, t_ads: 29.5, t_des: 26.4, bed_util_ads: 0.500, bed_util_des: 0.500, des_th: 0.49986593631527104,frac_lost: 0.100, li_recovered:  8.310, time: 0.007323743999222643
L: 0.50, u_super: 0.00671, sec: 376.348, prod: 0.151846, t_ads: 28.9, t_des: 25.9, bed_util_ads: 0.500, bed_util_des: 0.500, des_th: 0.4995625599317132,frac_lost: 0.101, li_recovered:  8.319, time: 0.004518268000538228
L: 10.14, u_super: 0.00287 — INFEASIBLE (li_recovered=0.000e+00), time: 0.00204076900081418
L: 0.50, u_super: 0.00983, sec: 572.198, prod: 0.222928, t_ads: 19.9, t_des: 17.8, bed_util_ads: 0.500, bed_util_des: 0.500, des_th: 0.49997085564980925,frac_lost: 0.103, li_recovered:  8.404, time: 0.005439901000499958
L: 35.95, u_super: 0.00532 — INFEASIBLE (li_recovered=0.000e+00), time: 0.0009444490005989792
L: 0.50, u_super: 0.00944, sec: 547.062, prod: 0.213941, t_ads: 20.7, t_des: 18.8, bed_util_ads: 0.500, bed_util_des: 0.500, des_th: 0.4998173732799342,frac_lost: 0.105, li_recovered:  8.455, time: 0.004412674999912269
L: 0.50, u_super: 0.00760, sec: 429.806, prod: 0.172306, t_ads: 25.5, t_des: 23.1, bed_util_ads: 0.499, bed_util_des: 0.499, des_th: 0.4989445265251906,frac_lost: 0.100, li_recovered:  8.377, time: 0.005969245999949635
L: 0.50, u_super: 0.00808, sec: 461.297, prod: 0.182708, t_ads: 24.2, t_des: 22.2, bed_util_ads: 0.497, bed_util_des: 0.497, des_th: 0.49711775950379206,frac_lost: 0.107, li_recovered:  8.488, time: 0.005345351000869414
L: 0.50, u_super: 0.00359, sec: 194.796, prod: 0.080341, t_ads: 54.3, t_des: 50.4, bed_util_ads: 0.494, bed_util_des: 0.494, des_th: 0.49409447426398806,frac_lost: 0.107, li_recovered:  8.409, time: 0.006213357000888209
L: 0.50, u_super: 0.00068 — INFEASIBLE (li_recovered=0.000e+00), time: 0.002200072000050568
L: 52.32, u_super: 0.00990 — INFEASIBLE (li_recovered=0.000e+00), time: 0.0013432830000965623
L: 17.59, u_super: 0.00408 — INFEASIBLE (li_recovered=0.000e+00), time: 0.0016088659995148191
L: 0.50, u_super: 0.00032 — INFEASIBLE (li_recovered=0.000e+00), time: 0.0034158790003857575
L: 0.50, u_super: 0.00016 — INFEASIBLE (li_recovered=0.000e+00), time: 0.002488263000486768
L: 38.09, u_super: 0.00718 — INFEASIBLE (li_recovered=0.000e+00), time: 0.0014001470008224715
L: 0.50, u_super: 0.00797, sec: 454.653, prod: 0.180118, t_ads: 24.6, t_des: 22.3, bed_util_ads: 0.499, bed_util_des: 0.499, des_th: 0.49855814940663984,frac_lost: 0.108, li_recovered:  8.446, time: 0.0059085079992655665
L: 6.58, u_super: 0.00293 — INFEASIBLE (li_recovered=0.000e+00), time: 0.002015607000430464
L: 0.50, u_super: 0.00193, sec: 106.386, prod: 0.041629, t_ads: 100.1, t_des: 102.5, bed_util_ads: 0.478, bed_util_des: 0.476, des_th: 0.47648894583596246,frac_lost: 0.107, li_recovered:  8.435, time: 0.005343673999959719
L: 0.50, u_super: 0.00637, sec: 355.738, prod: 0.144248, t_ads: 30.5, t_des: 27.5, bed_util_ads: 0.499, bed_util_des: 0.499, des_th: 0.4986005758123482,frac_lost: 0.102, li_recovered:  8.370, time: 0.005181058000744088
L: 0.51, u_super: 0.00923, sec: 543.450, prod: 0.208978, t_ads: 21.6, t_des: 19.6, bed_util_ads: 0.500, bed_util_des: 0.500, des_th: 0.49993503972751735,frac_lost: 0.107, li_recovered:  8.602, time: 0.0053742489999422105
L: 5.99, u_super: 0.00820 — INFEASIBLE (li_recovered=0.000e+00), time: 0.0025372140007675625
L: 26.66, u_super: 0.00035 — INFEASIBLE (li_recovered=0.000e+00), time: 0.001571790999150835
L: 0.50, u_super: 0.00154, sec: 84.459, prod: 0.033048, t_ads: 124.8, t_des: 105.3, bed_util_ads: 0.499, bed_util_des: 0.498, des_th: 0.4983057620054433,frac_lost: 0.106, li_recovered:  7.602, time: 0.008260202001110883
L: 9.75, u_super: 0.00710 — INFEASIBLE (li_recovered=0.000e+00), time: 0.00525957999889215
L: 0.50, u_super: 0.00917, sec: 530.554, prod: 0.207608, t_ads: 21.3, t_des: 19.8, bed_util_ads: 0.496, bed_util_des: 0.496, des_th: 0.4961586363700222,frac_lost: 0.105, li_recovered:  8.533, time: 0.007044736999887391
L: 0.50, u_super: 0.00554, sec: 306.651, prod: 0.125088, t_ads: 35.1, t_des: 31.4, bed_util_ads: 0.500, bed_util_des: 0.500, des_th: 0.49957139883581947,frac_lost: 0.103, li_recovered:  8.308, time: 0.00841867400049523
L: 0.50, u_super: 0.00446, sec: 249.459, prod: 0.098048, t_ads: 43.6, t_des: 44.2, bed_util_ads: 0.484, bed_util_des: 0.484, des_th: 0.4836016268922225,frac_lost: 0.104, li_recovered:  8.607, time: 0.0057012519991985755
L: 30.61, u_super: 0.00351 — INFEASIBLE (li_recovered=0.000e+00), time: 0.001604181999937282
L: 0.50, u_super: 0.00132, sec: 72.247, prod: 0.028635, t_ads: 143.2, t_des: 124.9, bed_util_ads: 0.493, bed_util_des: 0.492, des_th: 0.4924542904952987,frac_lost: 0.102, li_recovered:  7.678, time: 0.0067150060003768886
    57 |     2280 |     40 |  0.0019997171 |             f
L: 0.50, u_super: 0.00681, sec: 381.963, prod: 0.154148, t_ads: 28.5, t_des: 25.4, bed_util_ads: 0.500, bed_util_des: 0.500, des_th: 0.4998628839163588,frac_lost: 0.100, li_recovered:  8.309, time: 0.004271539999535889
L: 0.50, u_super: 0.00035 — INFEASIBLE (li_recovered=0.000e+00), time: 0.002132216999598313
L: 0.50, u_super: 0.00637, sec: 355.686, prod: 0.144269, t_ads: 30.5, t_des: 27.5, bed_util_ads: 0.499, bed_util_des: 0.499, des_th: 0.4985991598377261,frac_lost: 0.102, li_recovered:  8.367, time: 0.007721633999608457
L: 16.91, u_super: 0.00974 — INFEASIBLE (li_recovered=0.000e+00), time: 0.0023856879997765645
L: 20.28, u_super: 0.00115 — INFEASIBLE (li_recovered=0.000e+00), time: 0.0009667569993325742
L: 0.50, u_super: 0.00441, sec: 249.058, prod: 0.096294, t_ads: 44.1, t_des: 45.4, bed_util_ads: 0.481, bed_util_des: 0.480, des_th: 0.4801431554755226,frac_lost: 0.105, li_recovered:  8.620, time: 0.00415140400036762
L: 0.50, u_super: 0.00492, sec: 269.938, prod: 0.110900, t_ads: 39.5, t_des: 35.8, bed_util_ads: 0.498, bed_util_des: 0.498, des_th: 0.498250161245243,frac_lost: 0.103, li_recovered:  8.350, time: 0.004977347000021837
L: 0.50, u_super: 0.00351, sec: 191.315, prod: 0.078518, t_ads: 55.4, t_des: 48.8, bed_util_ads: 0.500, bed_util_des: 0.500, des_th: 0.49972992942762395,frac_lost: 0.108, li_recovered:  8.185, time: 0.005424701999800163
L: 0.50, u_super: 0.00314, sec: 170.357, prod: 0.069881, t_ads: 61.8, t_des: 54.0, bed_util_ads: 0.499, bed_util_des: 0.499, des_th: 0.49912909612460526,frac_lost: 0.104, li_recovered:  8.090, time: 0.005229770000369172
L: 5.77, u_super: 0.00283 — INFEASIBLE (li_recovered=0.000e+00), time: 0.0028460270004870836
L: 0.50, u_super: 0.00212, sec: 114.714, prod: 0.046789, t_ads: 91.3, t_des: 80.2, bed_util_ads: 0.497, bed_util_des: 0.497, des_th: 0.49683669031095445,frac_lost: 0.109, li_recovered:  8.024, time: 0.004366732999187661
L: 0.50, u_super: 0.00492, sec: 270.310, prod: 0.110749, t_ads: 39.5, t_des: 35.3, bed_util_ads: 0.500, bed_util_des: 0.499, des_th: 0.49950520480826477,frac_lost: 0.104, li_recovered:  8.282, time: 0.004231629998685094
L: 0.50, u_super: 0.00389, sec: 212.536, prod: 0.087202, t_ads: 50.0, t_des: 44.1, bed_util_ads: 0.500, bed_util_des: 0.500, des_th: 0.49997046670812095,frac_lost: 0.107, li_recovered:  8.206, time: 0.006838650999270612
L: 0.50, u_super: 0.00068, sec: 38.196, prod: 0.013963, t_ads: 272.1, t_des: 242.2, bed_util_ads: 0.478, bed_util_des: 0.477, des_th: 0.4771748709750438,frac_lost: 0.102, li_recovered:  7.181, time: 0.005482956999912858
L: 0.50, u_super: 0.00959, sec: 556.733, prod: 0.217251, t_ads: 20.4, t_des: 18.5, bed_util_ads: 0.500, bed_util_des: 0.500, des_th: 0.4998628839163588,frac_lost: 0.106, li_recovered:  8.444, time: 0.0069711840005766135
L: 18.32, u_super: 0.00270 — INFEASIBLE (li_recovered=0.000e+00), time: 0.001419213998815394
L: 0.50, u_super: 0.00492, sec: 269.932, prod: 0.110968, t_ads: 39.5, t_des: 36.1, bed_util_ads: 0.497, bed_util_des: 0.496, des_th: 0.4963254685815095,frac_lost: 0.103, li_recovered:  8.385, time: 0.004556528998364229
L: 0.50, u_super: 0.00318, sec: 172.280, prod: 0.071214, t_ads: 60.7, t_des: 54.0, bed_util_ads: 0.498, bed_util_des: 0.497, des_th: 0.49728602956744056,frac_lost: 0.102, li_recovered:  8.172, time: 0.007890991000749636
L: 43.29, u_super: 0.00209 — INFEASIBLE (li_recovered=0.000e+00), time: 0.0013371659988479223
L: 0.50, u_super: 0.00777, sec: 442.202, prod: 0.175540, t_ads: 25.2, t_des: 22.8, bed_util_ads: 0.499, bed_util_des: 0.499, des_th: 0.4989813410823234,frac_lost: 0.109, li_recovered:  8.442, time: 0.0080450049990759
L: 0.50, u_super: 0.00113 — INFEASIBLE (li_recovered=0.000e+00), time: 0.0039678860011918005
L: 6.30, u_super: 0.00720 — INFEASIBLE (li_recovered=0.000e+00), time: 0.0036615120006899815
L: 0.50, u_super: 0.00969, sec: 563.711, prod: 0.219560, t_ads: 20.2, t_des: 18.1, bed_util_ads: 0.500, bed_util_des: 0.500, des_th: 0.4998628839163588,frac_lost: 0.106, li_recovered:  8.407, time: 0.00842635600020003
L: 0.50, u_super: 0.00453, sec: 248.049, prod: 0.101761, t_ads: 43.0, t_des: 38.3, bed_util_ads: 0.500, bed_util_des: 0.499, des_th: 0.4994592013302688,frac_lost: 0.106, li_recovered:  8.276, time: 0.007092965999618173
L: 0.50, u_super: 0.00608, sec: 337.824, prod: 0.137457, t_ads: 31.9, t_des: 28.7, bed_util_ads: 0.499, bed_util_des: 0.499, des_th: 0.49923791424355324,frac_lost: 0.101, li_recovered:  8.326, time: 0.007001563999438076
L: 0.50, u_super: 0.00393, sec: 215.542, prod: 0.087539, t_ads: 49.5, t_des: 48.0, bed_util_ads: 0.488, bed_util_des: 0.488, des_th: 0.4875158177733919,frac_lost: 0.105, li_recovered:  8.532, time: 0.00837850399875606
L: 0.50, u_super: 0.00808, sec: 463.650, prod: 0.181781, t_ads: 24.2, t_des: 23.0, bed_util_ads: 0.493, bed_util_des: 0.493, des_th: 0.4925653735255379,frac_lost: 0.107, li_recovered:  8.587, time: 0.007428004000757937
L: 0.50, u_super: 0.00546, sec: 301.914, prod: 0.123216, t_ads: 35.5, t_des: 33.4, bed_util_ads: 0.493, bed_util_des: 0.493, des_th: 0.4925975148963719,frac_lost: 0.101, li_recovered:  8.495, time: 0.006643373999395408
L: 0.50, u_super: 0.00035, sec: 21.650, prod: 0.006585, t_ads: 491.9, t_des: 451.0, bed_util_ads: 0.452, bed_util_des: 0.451, des_th: 0.45124761905610217,frac_lost: 0.103, li_recovered:  6.209, time: 0.005687261000275612
L: 0.50, u_super: 0.00179, sec: 99.235, prod: 0.038153, t_ads: 108.1, t_des: 112.6, bed_util_ads: 0.473, bed_util_des: 0.472, des_th: 0.4720264978881898,frac_lost: 0.108, li_recovered:  8.421, time: 0.007738180000160355
L: 0.51, u_super: 0.00990, sec: 600.284, prod: 0.219312, t_ads: 20.1, t_des: 20.2, bed_util_ads: 0.487, bed_util_des: 0.486, des_th: 0.48650496303485735,frac_lost: 0.106, li_recovered:  8.830, time: 0.007033787000182201
L: 0.50, u_super: 0.00680, sec: 381.393, prod: 0.153912, t_ads: 28.5, t_des: 26.7, bed_util_ads: 0.495, bed_util_des: 0.495, des_th: 0.49475711585860677,frac_lost: 0.100, li_recovered:  8.500, time: 0.004598647999955574
L: 0.50, u_super: 0.00254, sec: 141.652, prod: 0.054780, t_ads: 75.7, t_des: 79.8, bed_util_ads: 0.475, bed_util_des: 0.474, des_th: 0.47427732314047855,frac_lost: 0.101, li_recovered:  8.521, time: 0.005016144999899552
L: 0.50, u_super: 0.00709, sec: 400.045, prod: 0.160236, t_ads: 27.6, t_des: 24.7, bed_util_ads: 0.500, bed_util_des: 0.500, des_th: 0.4999710378278932,frac_lost: 0.107, li_recovered:  8.378, time: 0.005640719000439276
L: 0.50, u_super: 0.00793, sec: 450.362, prod: 0.179993, t_ads: 24.5, t_des: 22.1, bed_util_ads: 0.499, bed_util_des: 0.499, des_th: 0.4989255228905653,frac_lost: 0.100, li_recovered:  8.385, time: 0.005074123000667896
L: 0.50, u_super: 0.00890, sec: 513.071, prod: 0.201344, t_ads: 22.0, t_des: 19.9, bed_util_ads: 0.499, bed_util_des: 0.499, des_th: 0.4987798307020117,frac_lost: 0.108, li_recovered:  8.448, time: 0.006471115000749705
L: 0.51, u_super: 0.00758, sec: 439.379, prod: 0.170401, t_ads: 26.3, t_des: 24.9, bed_util_ads: 0.493, bed_util_des: 0.492, des_th: 0.4924635584663337,frac_lost: 0.107, li_recovered:  8.722, time: 0.004592298999341438
L: 0.50, u_super: 0.00645, sec: 435.631, prod: 0.120787, t_ads: 30.3, t_des: 41.7, bed_util_ads: 0.446, bed_util_des: 0.445, des_th: 0.44497041608740057,frac_lost: 0.105, li_recovered:  8.697, time: 0.006265369000175269
L: 0.50, u_super: 0.00254, sec: 138.282, prod: 0.056103, t_ads: 75.8, t_des: 75.0, bed_util_ads: 0.483, bed_util_des: 0.482, des_th: 0.48246134818283376,frac_lost: 0.103, li_recovered:  8.460, time: 0.004279734999727225
L: 16.98, u_super: 0.00072 — INFEASIBLE (li_recovered=0.000e+00), time: 0.0009614470000087749
    58 |     2320 |     40 |  0.0027829652 |             f
L: 0.50, u_super: 0.00351, sec: 191.083, prod: 0.078680, t_ads: 55.5, t_des: 51.2, bed_util_ads: 0.494, bed_util_des: 0.494, des_th: 0.49406819131610974,frac_lost: 0.109, li_recovered:  8.402, time: 0.006039091000275221
L: 0.50, u_super: 0.00706, sec: 397.074, prod: 0.160039, t_ads: 27.5, t_des: 24.8, bed_util_ads: 0.499, bed_util_des: 0.499, des_th: 0.4991191959872835,frac_lost: 0.101, li_recovered:  8.374, time: 0.0051348680008231895
L: 0.50, u_super: 0.00608, sec: 337.810, prod: 0.137461, t_ads: 32.0, t_des: 29.0, bed_util_ads: 0.498, bed_util_des: 0.498, des_th: 0.4982807324945899,frac_lost: 0.102, li_recovered:  8.375, time: 0.0053656270010833396
L: 24.57, u_super: 0.00209 — INFEASIBLE (li_recovered=0.000e+00), time: 0.00108414799979073
L: 0.51, u_super: 0.00455, sec: 254.365, prod: 0.102219, t_ads: 43.5, t_des: 38.3, bed_util_ads: 0.500, bed_util_des: 0.500, des_th: 0.4999966588400469,frac_lost: 0.105, li_recovered:  8.355, time: 0.005390928001361317
L: 43.49, u_super: 0.00294 — INFEASIBLE (li_recovered=0.000e+00), time: 0.0010707860001275549
L: 0.50, u_super: 0.00846, sec: 501.000, prod: 0.185391, t_ads: 23.2, t_des: 23.7, bed_util_ads: 0.484, bed_util_des: 0.483, des_th: 0.4832376622704788,frac_lost: 0.108, li_recovered:  8.690, time: 0.006351968999297242
L: 0.50, u_super: 0.00518, sec: 285.611, prod: 0.116874, t_ads: 37.5, t_des: 33.5, bed_util_ads: 0.500, bed_util_des: 0.500, des_th: 0.4995625599317132,frac_lost: 0.103, li_recovered:  8.295, time: 0.004475551999348681
L: 0.50, u_super: 0.00068, sec: 38.176, prod: 0.013970, t_ads: 272.0, t_des: 242.2, bed_util_ads: 0.479, bed_util_des: 0.478, des_th: 0.4779584329240035,frac_lost: 0.102, li_recovered:  7.184, time: 0.005917597998632118
L: 0.50, u_super: 0.00827, sec: 492.760, prod: 0.179538, t_ads: 23.6, t_des: 24.8, bed_util_ads: 0.480, bed_util_des: 0.480, des_th: 0.47982535054826425,frac_lost: 0.105, li_recovered:  8.694, time: 0.006345788000544417
L: 0.50, u_super: 0.00492, sec: 269.881, prod: 0.110989, t_ads: 39.5, t_des: 36.2, bed_util_ads: 0.497, bed_util_des: 0.496, des_th: 0.4963254685815095,frac_lost: 0.102, li_recovered:  8.394, time: 0.004592954999679932
L: 4.41, u_super: 0.00551 — INFEASIBLE (li_recovered=0.000e+00), time: 0.0026320970009692246
L: 0.50, u_super: 0.00081 — INFEASIBLE (li_recovered=0.000e+00), time: 0.0025410779999219812
L: 0.51, u_super: 0.00881, sec: 516.345, prod: 0.199435, t_ads: 22.6, t_des: 20.7, bed_util_ads: 0.497, bed_util_des: 0.497, des_th: 0.4972149253283696,frac_lost: 0.107, li_recovered:  8.634, time: 0.004457152001123177
L: 0.50, u_super: 0.00751, sec: 425.965, prod: 0.169498, t_ads: 26.1, t_des: 24.0, bed_util_ads: 0.498, bed_util_des: 0.498, des_th: 0.49775863474845516,frac_lost: 0.108, li_recovered:  8.492, time: 0.005335366999133839
L: 11.56, u_super: 0.00641 — INFEASIBLE (li_recovered=0.000e+00), time: 0.002340299000934465
L: 0.50, u_super: 0.00686, sec: 450.993, prod: 0.132682, t_ads: 28.5, t_des: 37.1, bed_util_ads: 0.453, bed_util_des: 0.452, des_th: 0.45223538706228944,frac_lost: 0.105, li_recovered:  8.702, time: 0.005649434999213554
L: 0.50, u_super: 0.00154, sec: 84.431, prod: 0.033031, t_ads: 124.6, t_des: 105.0, bed_util_ads: 0.499, bed_util_des: 0.498, des_th: 0.4983057620054433,frac_lost: 0.106, li_recovered:  7.585, time: 0.005771783999080071
L: 0.50, u_super: 0.00760, sec: 443.753, prod: 0.166891, t_ads: 25.6, t_des: 26.4, bed_util_ads: 0.483, bed_util_des: 0.482, des_th: 0.4823325267336767,frac_lost: 0.101, li_recovered:  8.674, time: 0.004063446000145632
L: 0.50, u_super: 0.00518, sec: 285.109, prod: 0.116818, t_ads: 37.5, t_des: 34.0, bed_util_ads: 0.498, bed_util_des: 0.498, des_th: 0.4977483181937011,frac_lost: 0.104, li_recovered:  8.355, time: 0.003718635000041104
L: 0.50, u_super: 0.00038, sec: 22.450, prod: 0.007359, t_ads: 466.4, t_des: 454.6, bed_util_ads: 0.448, bed_util_des: 0.445, des_th: 0.44497041608740057,frac_lost: 0.103, li_recovered:  6.778, time: 0.003825129000688321
L: 0.50, u_super: 0.00921, sec: 532.658, prod: 0.208736, t_ads: 21.2, t_des: 19.2, bed_util_ads: 0.500, bed_util_des: 0.499, des_th: 0.4994592013302688,frac_lost: 0.106, li_recovered:  8.444, time: 0.004508182999416022
L: 0.50, u_super: 0.00129, sec: 71.661, prod: 0.027582, t_ads: 146.7, t_des: 123.3, bed_util_ads: 0.497, bed_util_des: 0.496, des_th: 0.4963254685815095,frac_lost: 0.104, li_recovered:  7.446, time: 0.00385534499946516
L: 0.50, u_super: 0.00174, sec: 94.937, prod: 0.037849, t_ads: 109.7, t_des: 93.7, bed_util_ads: 0.498, bed_util_des: 0.498, des_th: 0.4979174057237861,frac_lost: 0.102, li_recovered:  7.700, time: 0.004151131000980968
L: 0.50, u_super: 0.00443, sec: 242.678, prod: 0.099822, t_ads: 43.9, t_des: 39.6, bed_util_ads: 0.499, bed_util_des: 0.498, des_th: 0.4984857038764524,frac_lost: 0.105, li_recovered:  8.335, time: 0.004127849000724382
L: 0.50, u_super: 0.00453, sec: 247.833, prod: 0.101850, t_ads: 43.0, t_des: 38.8, bed_util_ads: 0.499, bed_util_des: 0.498, des_th: 0.49850429848119865,frac_lost: 0.106, li_recovered:  8.333, time: 0.003964284998801304
L: 0.50, u_super: 0.00826, sec: 472.628, prod: 0.187034, t_ads: 23.7, t_des: 21.7, bed_util_ads: 0.498, bed_util_des: 0.498, des_th: 0.4982215004224291,frac_lost: 0.106, li_recovered:  8.479, time: 0.004488405000302009
L: 0.50, u_super: 0.00254, sec: 138.360, prod: 0.056085, t_ads: 76.0, t_des: 74.9, bed_util_ads: 0.483, bed_util_des: 0.482, des_th: 0.48246134818283376,frac_lost: 0.104, li_recovered:  8.462, time: 0.004198255001028883
L: 0.50, u_super: 0.00351, sec: 190.597, prod: 0.078814, t_ads: 55.3, t_des: 51.1, bed_util_ads: 0.495, bed_util_des: 0.494, des_th: 0.49417333283599973,frac_lost: 0.106, li_recovered:  8.387, time: 0.0038870110001880676
L: 0.50, u_super: 0.00863, sec: 496.433, prod: 0.195274, t_ads: 22.6, t_des: 21.1, bed_util_ads: 0.495, bed_util_des: 0.495, des_th: 0.4951200840519298,frac_lost: 0.105, li_recovered:  8.532, time: 0.0055081619993870845
L: 0.50, u_super: 0.00417, sec: 227.565, prod: 0.093680, t_ads: 46.7, t_des: 42.2, bed_util_ads: 0.498, bed_util_des: 0.497, des_th: 0.49751512817336235,frac_lost: 0.106, li_recovered:  8.327, time: 0.004331178000938962
L: 0.50, u_super: 0.00212, sec: 140.202, prod: 0.038283, t_ads: 90.9, t_des: 132.2, bed_util_ads: 0.433, bed_util_des: 0.430, des_th: 0.43052192779627724,frac_lost: 0.101, li_recovered:  8.544, time: 0.006146350000562961
L: 26.55, u_super: 0.00617 — INFEASIBLE (li_recovered=0.000e+00), time: 0.00124919200061413
L: 0.50, u_super: 0.00179, sec: 96.057, prod: 0.039416, t_ads: 106.9, t_des: 103.0, bed_util_ads: 0.485, bed_util_des: 0.484, des_th: 0.48398554360798934,frac_lost: 0.100, li_recovered:  8.273, time: 0.004997575999368564
L: 0.50, u_super: 0.00018 — INFEASIBLE (li_recovered=0.000e+00), time: 0.0016123420009535039
L: 0.50, u_super: 0.00798, sec: 453.376, prod: 0.181067, t_ads: 24.3, t_des: 22.3, bed_util_ads: 0.497, bed_util_des: 0.497, des_th: 0.4971959119437822,frac_lost: 0.101, li_recovered:  8.436, time: 0.006975577000048361
L: 0.50, u_super: 0.00720, sec: 407.049, prod: 0.162616, t_ads: 27.2, t_des: 24.7, bed_util_ads: 0.499, bed_util_des: 0.499, des_th: 0.4989445265251906,frac_lost: 0.109, li_recovered:  8.444, time: 0.005148277001353563
L: 0.50, u_super: 0.00141 — INFEASIBLE (li_recovered=0.000e+00), time: 0.0037443410001287702
L: 0.50, u_super: 0.00647, sec: 361.285, prod: 0.146715, t_ads: 29.9, t_des: 27.4, bed_util_ads: 0.497, bed_util_des: 0.497, des_th: 0.4971027580216737,frac_lost: 0.100, li_recovered:  8.418, time: 0.005291768000461161
L: 0.50, u_super: 0.00078, sec: 46.494, prod: 0.015180, t_ads: 241.7, t_des: 289.5, bed_util_ads: 0.444, bed_util_des: 0.439, des_th: 0.43895991485914415,frac_lost: 0.103, li_recovered:  8.063, time: 0.005096236000099452
    59 |     2360 |     40 |  0.0040234588 |             f
L: 0.50, u_super: 0.00798, sec: 461.980, prod: 0.177890, t_ads: 24.6, t_des: 24.1, bed_util_ads: 0.489, bed_util_des: 0.488, des_th: 0.488314191288107,frac_lost: 0.107, li_recovered:  8.654, time: 0.007319863001612248
L: 22.78, u_super: 0.00760 — INFEASIBLE (li_recovered=0.000e+00), time: 0.0018592960004752968
L: 0.50, u_super: 0.00537, sec: 296.790, prod: 0.121314, t_ads: 36.1, t_des: 32.3, bed_util_ads: 0.500, bed_util_des: 0.499, des_th: 0.4994344767507235,frac_lost: 0.102, li_recovered:  8.306, time: 0.0044701569986500544
L: 0.50, u_super: 0.00077, sec: 42.801, prod: 0.016303, t_ads: 240.4, t_des: 220.3, bed_util_ads: 0.478, bed_util_des: 0.477, des_th: 0.476807350538699,frac_lost: 0.103, li_recovered:  7.510, time: 0.005074663000414148
L: 0.50, u_super: 0.00983, sec: 572.054, prod: 0.222939, t_ads: 19.8, t_des: 17.8, bed_util_ads: 0.500, bed_util_des: 0.500, des_th: 0.4999982950953506,frac_lost: 0.103, li_recovered:  8.400, time: 0.004827494998608017
L: 0.51, u_super: 0.00980, sec: 580.256, prod: 0.221964, t_ads: 20.3, t_des: 18.4, bed_util_ads: 0.500, bed_util_des: 0.500, des_th: 0.49993528446827085,frac_lost: 0.106, li_recovered:  8.593, time: 0.005523008001546259
L: 0.50, u_super: 0.00410, sec: 223.544, prod: 0.092061, t_ads: 47.5, t_des: 42.8, bed_util_ads: 0.498, bed_util_des: 0.498, des_th: 0.4977831206335217,frac_lost: 0.107, li_recovered:  8.314, time: 0.005338990999007365
L: 0.50, u_super: 0.00518, sec: 293.018, prod: 0.113664, t_ads: 37.5, t_des: 38.5, bed_util_ads: 0.482, bed_util_des: 0.481, des_th: 0.4814081404141786,frac_lost: 0.102, li_recovered:  8.630, time: 0.00550884699987364
L: 0.50, u_super: 0.00492, sec: 270.060, prod: 0.110915, t_ads: 39.5, t_des: 36.1, bed_util_ads: 0.497, bed_util_des: 0.496, des_th: 0.49633285880681105,frac_lost: 0.104, li_recovered:  8.393, time: 0.005945541999608395
L: 6.56, u_super: 0.00113 — INFEASIBLE (li_recovered=0.000e+00), time: 0.0017875529993034434
L: 0.50, u_super: 0.00720, sec: 407.093, prod: 0.162598, t_ads: 27.2, t_des: 24.6, bed_util_ads: 0.500, bed_util_des: 0.499, des_th: 0.4995060642038452,frac_lost: 0.109, li_recovered:  8.434, time: 0.006592039000679506
L: 0.50, u_super: 0.00352, sec: 191.009, prod: 0.078701, t_ads: 55.5, t_des: 51.3, bed_util_ads: 0.494, bed_util_des: 0.494, des_th: 0.4938286633476817,frac_lost: 0.109, li_recovered:  8.402, time: 0.006440094999561552
L: 0.50, u_super: 0.00942, sec: 545.835, prod: 0.213314, t_ads: 20.8, t_des: 18.8, bed_util_ads: 0.500, bed_util_des: 0.500, des_th: 0.4995712751227227,frac_lost: 0.106, li_recovered:  8.449, time: 0.006107490000431426
L: 0.50, u_super: 0.00275, sec: 150.283, prod: 0.060625, t_ads: 70.2, t_des: 69.9, bed_util_ads: 0.483, bed_util_des: 0.482, des_th: 0.48246134818283376,frac_lost: 0.103, li_recovered:  8.491, time: 0.004190969999399385
L: 27.67, u_super: 0.00202 — INFEASIBLE (li_recovered=0.000e+00), time: 0.002076703000057023
L: 0.50, u_super: 0.00663, sec: 372.253, prod: 0.149478, t_ads: 29.6, t_des: 27.2, bed_util_ads: 0.497, bed_util_des: 0.496, des_th: 0.4963254685815095,frac_lost: 0.108, li_recovered:  8.480, time: 0.009435934998691664
L: 0.50, u_super: 0.00728, sec: 411.685, prod: 0.164321, t_ads: 26.9, t_des: 24.7, bed_util_ads: 0.497, bed_util_des: 0.497, des_th: 0.4971959119437822,frac_lost: 0.108, li_recovered:  8.486, time: 0.0047273560012399685
L: 0.50, u_super: 0.00526, sec: 337.679, prod: 0.102130, t_ads: 36.9, t_des: 48.0, bed_util_ads: 0.453, bed_util_des: 0.452, des_th: 0.45198089487421406,frac_lost: 0.101, li_recovered:  8.670, time: 0.007086256999173202
L: 0.50, u_super: 0.00987, sec: 575.942, prod: 0.223534, t_ads: 19.9, t_des: 18.0, bed_util_ads: 0.500, bed_util_des: 0.500, des_th: 0.49998679848012956,frac_lost: 0.107, li_recovered:  8.458, time: 0.005961775999821839
L: 0.50, u_super: 0.00604, sec: 336.049, prod: 0.136538, t_ads: 32.1, t_des: 28.7, bed_util_ads: 0.500, bed_util_des: 0.500, des_th: 0.4996796552391103,frac_lost: 0.102, li_recovered:  8.304, time: 0.006607432000237168
L: 0.50, u_super: 0.00329, sec: 178.553, prod: 0.073599, t_ads: 59.1, t_des: 55.2, bed_util_ads: 0.493, bed_util_des: 0.492, des_th: 0.49244091204960183,frac_lost: 0.108, li_recovered:  8.414, time: 0.005489752998983022
L: 0.50, u_super: 0.00917, sec: 630.962, prod: 0.174568, t_ads: 21.3, t_des: 28.6, bed_util_ads: 0.450, bed_util_des: 0.450, des_th: 0.4496624974133596,frac_lost: 0.104, li_recovered:  8.719, time: 0.011357880999639747
L: 0.50, u_super: 0.00216, sec: 116.803, prod: 0.047711, t_ads: 89.6, t_des: 78.9, bed_util_ads: 0.497, bed_util_des: 0.497, des_th: 0.4968617999873446,frac_lost: 0.108, li_recovered:  8.038, time: 0.005343250999430893
L: 0.50, u_super: 0.00043, sec: 27.793, prod: 0.007779, t_ads: 425.8, t_des: 556.9, bed_util_ads: 0.416, bed_util_des: 0.405, des_th: 0.40560158302557753,frac_lost: 0.105, li_recovered:  7.644, time: 0.007672599998841179
L: 0.50, u_super: 0.00586, sec: 325.754, prod: 0.132343, t_ads: 33.2, t_des: 29.6, bed_util_ads: 0.500, bed_util_des: 0.500, des_th: 0.4995622642317656,frac_lost: 0.103, li_recovered:  8.315, time: 0.006490159999884781
L: 0.50, u_super: 0.00608, sec: 338.449, prod: 0.137363, t_ads: 32.0, t_des: 29.7, bed_util_ads: 0.496, bed_util_des: 0.495, des_th: 0.4954667349701308,frac_lost: 0.104, li_recovered:  8.470, time: 0.004507221998210298
L: 0.50, u_super: 0.00301, sec: 162.903, prod: 0.066982, t_ads: 64.3, t_des: 56.4, bed_util_ads: 0.499, bed_util_des: 0.499, des_th: 0.4991957975840703,frac_lost: 0.103, li_recovered:  8.087, time: 0.00709861399991496
L: 39.48, u_super: 0.00637 — INFEASIBLE (li_recovered=0.000e+00), time: 0.002677070000572712
L: 8.27, u_super: 0.00944 — INFEASIBLE (li_recovered=0.000e+00), time: 0.0023708959997748025
L: 0.50, u_super: 0.00171, sec: 91.626, prod: 0.037674, t_ads: 112.1, t_des: 104.3, bed_util_ads: 0.488, bed_util_des: 0.488, des_th: 0.4876353569075529,frac_lost: 0.103, li_recovered:  8.151, time: 0.005012080000597052
L: 0.50, u_super: 0.00662, sec: 372.148, prod: 0.149419, t_ads: 29.6, t_des: 26.5, bed_util_ads: 0.500, bed_util_des: 0.500, des_th: 0.4996685883101714,frac_lost: 0.109, li_recovered:  8.379, time: 0.006796979998398456
L: 0.50, u_super: 0.00610, sec: 339.470, prod: 0.137811, t_ads: 31.8, t_des: 28.5, bed_util_ads: 0.500, bed_util_des: 0.500, des_th: 0.4997039709163292,frac_lost: 0.102, li_recovered:  8.309, time: 0.00894876500024111
L: 0.51, u_super: 0.00455, sec: 252.220, prod: 0.102420, t_ads: 43.2, t_des: 38.5, bed_util_ads: 0.500, bed_util_des: 0.500, des_th: 0.49999903001727486,frac_lost: 0.105, li_recovered:  8.361, time: 0.006936935998965055
L: 0.50, u_super: 0.00990, sec: 576.975, prod: 0.224433, t_ads: 19.7, t_des: 17.9, bed_util_ads: 0.500, bed_util_des: 0.500, des_th: 0.49993503972751735,frac_lost: 0.105, li_recovered:  8.458, time: 0.005392978000600124
L: 0.50, u_super: 0.00660, sec: 414.502, prod: 0.133259, t_ads: 29.6, t_des: 35.7, bed_util_ads: 0.463, bed_util_des: 0.462, des_th: 0.4620221771217196,frac_lost: 0.105, li_recovered:  8.691, time: 0.005673763000231702
L: 0.50, u_super: 0.00487, sec: 267.129, prod: 0.109863, t_ads: 39.8, t_des: 36.1, bed_util_ads: 0.498, bed_util_des: 0.498, des_th: 0.4982884587491375,frac_lost: 0.103, li_recovered:  8.344, time: 0.0051755720014625695
L: 0.50, u_super: 0.00107, sec: 65.245, prod: 0.020508, t_ads: 178.0, t_des: 225.3, bed_util_ads: 0.443, bed_util_des: 0.439, des_th: 0.43895991485914415,frac_lost: 0.102, li_recovered:  8.271, time: 0.008077448001131415
L: 0.50, u_super: 0.00212, sec: 114.600, prod: 0.046836, t_ads: 91.2, t_des: 80.4, bed_util_ads: 0.497, bed_util_des: 0.497, des_th: 0.49665225785246947,frac_lost: 0.108, li_recovered:  8.040, time: 0.007861371001126827
L: 0.50, u_super: 0.00093 — INFEASIBLE (li_recovered=0.000e+00), time: 0.0036553949994413415
L: 0.50, u_super: 0.00452, sec: 247.946, prod: 0.101729, t_ads: 43.0, t_des: 40.2, bed_util_ads: 0.494, bed_util_des: 0.494, des_th: 0.4939538763014246,frac_lost: 0.105, li_recovered:  8.463, time: 0.005960242999208276
    60 |     2400 |     40 |  0.0022713113 |             f
L: 0.50, u_super: 0.00104 — INFEASIBLE (li_recovered=0.000e+00), time: 0.003939869000532781
L: 0.50, u_super: 0.00637, sec: 355.468, prod: 0.144316, t_ads: 30.4, t_des: 27.6, bed_util_ads: 0.499, bed_util_des: 0.498, des_th: 0.49851885028656995,frac_lost: 0.101, li_recovered:  8.370, time: 0.005953759000476566
L: 0.50, u_super: 0.00254, sec: 139.873, prod: 0.055449, t_ads: 75.8, t_des: 77.5, bed_util_ads: 0.480, bed_util_des: 0.479, des_th: 0.4792215892984896,frac_lost: 0.102, li_recovered:  8.500, time: 0.00841093000053661
L: 0.50, u_super: 0.00971, sec: 606.307, prod: 0.204899, t_ads: 20.1, t_des: 22.4, bed_util_ads: 0.473, bed_util_des: 0.473, des_th: 0.4729289139783708,frac_lost: 0.103, li_recovered:  8.719, time: 0.006583977001355379
L: 0.50, u_super: 0.00365, sec: 198.368, prod: 0.081887, t_ads: 53.3, t_des: 48.2, bed_util_ads: 0.496, bed_util_des: 0.496, des_th: 0.4958379361900202,frac_lost: 0.107, li_recovered:  8.314, time: 0.00582420600039768
L: 0.50, u_super: 0.00760, sec: 430.082, prod: 0.172321, t_ads: 25.6, t_des: 23.1, bed_util_ads: 0.499, bed_util_des: 0.498, des_th: 0.49847581449774137,frac_lost: 0.100, li_recovered:  8.387, time: 0.006585241999346181
L: 0.50, u_super: 0.00890, sec: 512.850, prod: 0.201430, t_ads: 22.0, t_des: 19.9, bed_util_ads: 0.499, bed_util_des: 0.499, des_th: 0.49868932543694316,frac_lost: 0.107, li_recovered:  8.450, time: 0.005527482000616146
L: 0.50, u_super: 0.00169, sec: 90.830, prod: 0.037344, t_ads: 112.9, t_des: 104.1, bed_util_ads: 0.488, bed_util_des: 0.488, des_th: 0.4876353569075529,frac_lost: 0.102, li_recovered:  8.103, time: 0.005701915999452467
L: 12.06, u_super: 0.00484 — INFEASIBLE (li_recovered=0.000e+00), time: 0.0021509130001504673
L: 0.50, u_super: 0.00621, sec: 346.501, prod: 0.140305, t_ads: 31.4, t_des: 28.3, bed_util_ads: 0.499, bed_util_des: 0.499, des_th: 0.49857877185171173,frac_lost: 0.105, li_recovered:  8.377, time: 0.006343791999825044
L: 0.50, u_super: 0.00383, sec: 208.546, prod: 0.085706, t_ads: 50.9, t_des: 45.0, bed_util_ads: 0.500, bed_util_des: 0.500, des_th: 0.4999982950953506,frac_lost: 0.107, li_recovered:  8.214, time: 0.006341096999676665
L: 0.50, u_super: 0.00066 — INFEASIBLE (li_recovered=0.000e+00), time: 0.0034367059997748584
L: 0.50, u_super: 0.00681, sec: 382.991, prod: 0.153726, t_ads: 28.8, t_des: 26.1, bed_util_ads: 0.499, bed_util_des: 0.499, des_th: 0.4991190133223468,frac_lost: 0.108, li_recovered:  8.432, time: 0.007193198000095435
L: 0.50, u_super: 0.00863, sec: 495.188, prod: 0.195542, t_ads: 22.6, t_des: 20.6, bed_util_ads: 0.498, bed_util_des: 0.498, des_th: 0.4980388903078417,frac_lost: 0.105, li_recovered:  8.449, time: 0.006230392000361462
L: 0.50, u_super: 0.00618, sec: 344.405, prod: 0.139759, t_ads: 31.4, t_des: 28.1, bed_util_ads: 0.500, bed_util_des: 0.500, des_th: 0.4995625599317132,frac_lost: 0.102, li_recovered:  8.314, time: 0.007757954999760841
L: 17.05, u_super: 0.00797 — INFEASIBLE (li_recovered=0.000e+00), time: 0.003657187000499107
L: 0.50, u_super: 0.00822, sec: 469.972, prod: 0.185755, t_ads: 23.8, t_des: 21.3, bed_util_ads: 0.500, bed_util_des: 0.500, des_th: 0.49988491822200865,frac_lost: 0.108, li_recovered:  8.392, time: 0.005034907000663225
L: 0.50, u_super: 0.00537, sec: 296.669, prod: 0.121354, t_ads: 36.1, t_des: 32.4, bed_util_ads: 0.500, bed_util_des: 0.499, des_th: 0.4994597477335889,frac_lost: 0.102, li_recovered:  8.317, time: 0.00569154000004346
L: 0.65, u_super: 0.00750, sec: 552.292, prod: 0.169750, t_ads: 33.6, t_des: 30.5, bed_util_ads: 0.497, bed_util_des: 0.497, des_th: 0.4972762214944789,frac_lost: 0.100, li_recovered:  10.876, time: 0.004440566000994295
L: 30.86, u_super: 0.00555 — INFEASIBLE (li_recovered=0.000e+00), time: 0.0013171850005164742
L: 13.23, u_super: 0.00195 — INFEASIBLE (li_recovered=0.000e+00), time: 0.0010150819998671068
L: 0.50, u_super: 0.00035, sec: 21.096, prod: 0.006758, t_ads: 496.8, t_des: 488.3, bed_util_ads: 0.444, bed_util_des: 0.441, des_th: 0.44111853187631084,frac_lost: 0.103, li_recovered:  6.658, time: 0.006732025000019348
L: 42.69, u_super: 0.00443 — INFEASIBLE (li_recovered=0.000e+00), time: 0.0010234109995508334
L: 0.50, u_super: 0.00077, sec: 52.993, prod: 0.013167, t_ads: 245.5, t_des: 376.8, bed_util_ads: 0.412, bed_util_des: 0.404, des_th: 0.4044741286569907,frac_lost: 0.104, li_recovered:  8.193, time: 0.007278865001353552
L: 0.50, u_super: 0.00943, sec: 546.843, prod: 0.213711, t_ads: 20.7, t_des: 18.8, bed_util_ads: 0.500, bed_util_des: 0.500, des_th: 0.4998898600616406,frac_lost: 0.106, li_recovered:  8.443, time: 0.0053403349993459415
L: 0.50, u_super: 0.00984, sec: 631.703, prod: 0.202664, t_ads: 19.8, t_des: 23.2, bed_util_ads: 0.467, bed_util_des: 0.467, des_th: 0.4666569202620508,frac_lost: 0.102, li_recovered:  8.718, time: 0.007933541999591398
L: 0.50, u_super: 0.00180, sec: 96.830, prod: 0.039682, t_ads: 106.3, t_des: 102.4, bed_util_ads: 0.483, bed_util_des: 0.482, des_th: 0.48246134818283376,frac_lost: 0.101, li_recovered:  8.281, time: 0.004082710000147927
L: 31.99, u_super: 0.00989 — INFEASIBLE (li_recovered=0.000e+00), time: 0.0027656330003082985
L: 0.50, u_super: 0.00989, sec: 622.624, prod: 0.207864, t_ads: 19.7, t_des: 22.2, bed_util_ads: 0.471, bed_util_des: 0.471, des_th: 0.4710718503912561,frac_lost: 0.102, li_recovered:  8.720, time: 0.007000024999797461
L: 0.50, u_super: 0.00421, sec: 240.414, prod: 0.090382, t_ads: 46.2, t_des: 49.2, bed_util_ads: 0.477, bed_util_des: 0.476, des_th: 0.47628236067462326,frac_lost: 0.105, li_recovered:  8.625, time: 0.005831875998410396
L: 0.50, u_super: 0.00733, sec: 413.445, prod: 0.166250, t_ads: 26.5, t_des: 23.9, bed_util_ads: 0.500, bed_util_des: 0.500, des_th: 0.49957139883581947,frac_lost: 0.100, li_recovered:  8.373, time: 0.003969974000938237
L: 0.50, u_super: 0.00719, sec: 405.606, prod: 0.162897, t_ads: 27.0, t_des: 24.1, bed_util_ads: 0.500, bed_util_des: 0.500, des_th: 0.499862988905731,frac_lost: 0.101, li_recovered:  8.318, time: 0.004412137999679544
L: 16.46, u_super: 0.00292 — INFEASIBLE (li_recovered=0.000e+00), time: 0.0009418589997949312
L: 0.50, u_super: 0.00487, sec: 267.888, prod: 0.109647, t_ads: 40.1, t_des: 36.1, bed_util_ads: 0.498, bed_util_des: 0.498, des_th: 0.4982884587491375,frac_lost: 0.106, li_recovered:  8.350, time: 0.0068574269989767345
L: 0.50, u_super: 0.00911, sec: 528.009, prod: 0.205795, t_ads: 21.5, t_des: 20.2, bed_util_ads: 0.495, bed_util_des: 0.495, des_th: 0.4951200840519298,frac_lost: 0.106, li_recovered:  8.566, time: 0.007732825999482884
L: 0.50, u_super: 0.00119 — INFEASIBLE (li_recovered=0.000e+00), time: 0.0036748670008819317
L: 93.22, u_super: 0.00035 — INFEASIBLE (li_recovered=0.000e+00), time: 0.0011167800003022421
L: 0.50, u_super: 0.00684, sec: 386.308, prod: 0.153794, t_ads: 28.4, t_des: 27.5, bed_util_ads: 0.491, bed_util_des: 0.490, des_th: 0.490306493091913,frac_lost: 0.100, li_recovered:  8.589, time: 0.005158329000551021
L: 0.51, u_super: 0.00932, sec: 556.499, prod: 0.208137, t_ads: 21.3, t_des: 20.9, bed_util_ads: 0.489, bed_util_des: 0.489, des_th: 0.4892477280369808,frac_lost: 0.105, li_recovered:  8.801, time: 0.004642342999432003
L: 0.50, u_super: 0.00171, sec: 99.487, prod: 0.034727, t_ads: 112.9, t_des: 130.2, bed_util_ads: 0.460, bed_util_des: 0.458, des_th: 0.45819441865291144,frac_lost: 0.106, li_recovered:  8.440, time: 0.005407683000157704
    61 |     2440 |     40 |  0.0030856360 |             f
L: 0.50, u_super: 0.00080 — INFEASIBLE (li_recovered=0.000e+00), time: 0.002265031998831546
L: 0.50, u_super: 0.00584, sec: 324.498, prod: 0.131984, t_ads: 33.3, t_des: 29.8, bed_util_ads: 0.500, bed_util_des: 0.500, des_th: 0.49998089748385977,frac_lost: 0.103, li_recovered:  8.329, time: 0.004382650999104953
L: 0.50, u_super: 0.00329, sec: 178.828, prod: 0.073483, t_ads: 59.1, t_des: 55.9, bed_util_ads: 0.491, bed_util_des: 0.491, des_th: 0.4908110013014335,frac_lost: 0.107, li_recovered:  8.448, time: 0.00528001100065012
L: 0.50, u_super: 0.00193, sec: 103.822, prod: 0.042742, t_ads: 99.1, t_des: 89.2, bed_util_ads: 0.493, bed_util_des: 0.492, des_th: 0.49210849563276404,frac_lost: 0.101, li_recovered:  8.048, time: 0.004137317999266088
L: 0.50, u_super: 0.00684, sec: 384.846, prod: 0.154554, t_ads: 28.6, t_des: 26.0, bed_util_ads: 0.499, bed_util_des: 0.498, des_th: 0.49851885028656995,frac_lost: 0.107, li_recovered:  8.442, time: 0.00440827599959448
L: 0.50, u_super: 0.00760, sec: 430.191, prod: 0.172277, t_ads: 25.6, t_des: 23.1, bed_util_ads: 0.500, bed_util_des: 0.499, des_th: 0.49943146354358087,frac_lost: 0.101, li_recovered:  8.382, time: 0.004335736999564688
L: 65.49, u_super: 0.00077 — INFEASIBLE (li_recovered=0.000e+00), time: 0.0008964269982243422
L: 0.50, u_super: 0.00490, sec: 269.393, prod: 0.110196, t_ads: 39.8, t_des: 35.4, bed_util_ads: 0.500, bed_util_des: 0.500, des_th: 0.4999654333660157,frac_lost: 0.105, li_recovered:  8.282, time: 0.0040350700000999495
L: 0.50, u_super: 0.00455, sec: 250.803, prod: 0.102526, t_ads: 43.0, t_des: 38.8, bed_util_ads: 0.499, bed_util_des: 0.498, des_th: 0.49840738539693935,frac_lost: 0.105, li_recovered:  8.378, time: 0.004325510000853683
L: 0.50, u_super: 0.00527, sec: 358.569, prod: 0.096286, t_ads: 37.2, t_des: 53.0, bed_util_ads: 0.441, bed_util_des: 0.440, des_th: 0.43955778071384755,frac_lost: 0.107, li_recovered:  8.684, time: 0.005330560001311824
L: 0.50, u_super: 0.00471, sec: 299.796, prod: 0.091475, t_ads: 41.5, t_des: 53.2, bed_util_ads: 0.454, bed_util_des: 0.453, des_th: 0.45323060451763747,frac_lost: 0.107, li_recovered:  8.666, time: 0.005737620000218158
L: 0.50, u_super: 0.00862, sec: 495.076, prod: 0.194999, t_ads: 22.7, t_des: 20.6, bed_util_ads: 0.500, bed_util_des: 0.500, des_th: 0.49957139883581947,frac_lost: 0.107, li_recovered:  8.446, time: 0.004280670998923597
L: 0.50, u_super: 0.00329, sec: 177.715, prod: 0.073945, t_ads: 58.5, t_des: 54.7, bed_util_ads: 0.493, bed_util_des: 0.492, des_th: 0.49244091204960183,frac_lost: 0.100, li_recovered:  8.369, time: 0.005641957999614533
L: 6.03, u_super: 0.00760 — INFEASIBLE (li_recovered=0.000e+00), time: 0.002949060000901227
L: 0.50, u_super: 0.00983, sec: 572.442, prod: 0.222787, t_ads: 19.9, t_des: 18.0, bed_util_ads: 0.500, bed_util_des: 0.500, des_th: 0.49999153101885485,frac_lost: 0.105, li_recovered:  8.455, time: 0.0053115249993425095
L: 0.50, u_super: 0.00786, sec: 478.054, prod: 0.166209, t_ads: 24.9, t_des: 27.4, bed_util_ads: 0.474, bed_util_des: 0.474, des_th: 0.4740159424910738,frac_lost: 0.108, li_recovered:  8.702, time: 0.005701516998669831
L: 0.51, u_super: 0.00955, sec: 564.241, prod: 0.216494, t_ads: 20.8, t_des: 18.7, bed_util_ads: 0.500, bed_util_des: 0.500, des_th: 0.49993503972751735,frac_lost: 0.105, li_recovered:  8.548, time: 0.0065739060009946115
L: 0.50, u_super: 0.00410, sec: 223.472, prod: 0.092091, t_ads: 47.4, t_des: 42.4, bed_util_ads: 0.498, bed_util_des: 0.498, des_th: 0.4977870579600594,frac_lost: 0.105, li_recovered:  8.267, time: 0.004612496000845567
L: 0.50, u_super: 0.00171, sec: 91.905, prod: 0.037543, t_ads: 112.1, t_des: 107.9, bed_util_ads: 0.484, bed_util_des: 0.483, des_th: 0.4826526275566764,frac_lost: 0.103, li_recovered:  8.262, time: 0.006803156999012572
L: 0.50, u_super: 0.00966, sec: 561.650, prod: 0.219051, t_ads: 20.2, t_des: 18.3, bed_util_ads: 0.499, bed_util_des: 0.499, des_th: 0.49868932543694316,frac_lost: 0.105, li_recovered:  8.448, time: 0.005697954000424943
L: 0.50, u_super: 0.00035, sec: 21.020, prod: 0.006783, t_ads: 496.4, t_des: 501.3, bed_util_ads: 0.441, bed_util_des: 0.437, des_th: 0.43709496361770195,frac_lost: 0.101, li_recovered:  6.767, time: 0.006278089000261389
L: 0.50, u_super: 0.00826, sec: 723.982, prod: 0.122098, t_ads: 23.7, t_des: 47.8, bed_util_ads: 0.399, bed_util_des: 0.398, des_th: 0.3981721751767074,frac_lost: 0.105, li_recovered:  8.729, time: 0.007365384999502567
L: 0.51, u_super: 0.00979, sec: 579.473, prod: 0.222199, t_ads: 20.2, t_des: 18.2, bed_util_ads: 0.500, bed_util_des: 0.500, des_th: 0.49993503972751735,frac_lost: 0.103, li_recovered:  8.554, time: 0.005624999999781721
L: 0.50, u_super: 0.00617, sec: 343.547, prod: 0.139373, t_ads: 31.5, t_des: 28.2, bed_util_ads: 0.500, bed_util_des: 0.500, des_th: 0.4998628839163588,frac_lost: 0.102, li_recovered:  8.325, time: 0.005748735000452143
L: 2.27, u_super: 0.00254 — INFEASIBLE (li_recovered=0.000e+00), time: 0.0037219269997876836
L: 0.50, u_super: 0.00382, sec: 207.898, prod: 0.085511, t_ads: 50.9, t_des: 45.1, bed_util_ads: 0.499, bed_util_des: 0.499, des_th: 0.499213873851483,frac_lost: 0.106, li_recovered:  8.209, time: 0.006065049999961047
L: 0.50, u_super: 0.00113, sec: 62.059, prod: 0.024306, t_ads: 167.5, t_des: 146.9, bed_util_ads: 0.490, bed_util_des: 0.490, des_th: 0.4897247152368937,frac_lost: 0.106, li_recovered:  7.642, time: 0.005592485000306624
L: 48.14, u_super: 0.00054 — INFEASIBLE (li_recovered=0.000e+00), time: 0.0013195669998822268
L: 17.08, u_super: 0.00905 — INFEASIBLE (li_recovered=0.000e+00), time: 0.004333331000452745
L: 15.59, u_super: 0.00554 — INFEASIBLE (li_recovered=0.000e+00), time: 0.003348280000864179
L: 0.50, u_super: 0.00216, sec: 116.653, prod: 0.047773, t_ads: 89.4, t_des: 78.9, bed_util_ads: 0.497, bed_util_des: 0.497, des_th: 0.49683669031095445,frac_lost: 0.106, li_recovered:  8.041, time: 0.006198156999744242
L: 0.50, u_super: 0.00157, sec: 85.914, prod: 0.033849, t_ads: 121.2, t_des: 102.8, bed_util_ads: 0.499, bed_util_des: 0.498, des_th: 0.4984750085551324,frac_lost: 0.100, li_recovered:  7.582, time: 0.005067184998551966
L: 43.56, u_super: 0.00584 — INFEASIBLE (li_recovered=0.000e+00), time: 0.002373455999986618
L: 0.50, u_super: 0.00639, sec: 356.692, prod: 0.144417, t_ads: 30.5, t_des: 27.5, bed_util_ads: 0.499, bed_util_des: 0.498, des_th: 0.4985083365381751,frac_lost: 0.104, li_recovered:  8.379, time: 0.0077414220013451995
L: 0.50, u_super: 0.00056, sec: 32.621, prod: 0.011173, t_ads: 328.4, t_des: 362.7, bed_util_ads: 0.446, bed_util_des: 0.441, des_th: 0.44111853187631084,frac_lost: 0.102, li_recovered:  7.722, time: 0.005507855999894673
L: 0.50, u_super: 0.00239, sec: 129.029, prod: 0.053164, t_ads: 80.6, t_des: 71.7, bed_util_ads: 0.497, bed_util_des: 0.497, des_th: 0.4966483205259316,frac_lost: 0.105, li_recovered:  8.101, time: 0.006354246999762836
L: 0.50, u_super: 0.00253, sec: 136.364, prod: 0.056255, t_ads: 76.2, t_des: 72.9, bed_util_ads: 0.488, bed_util_des: 0.487, des_th: 0.48744407753371016,frac_lost: 0.103, li_recovered:  8.389, time: 0.008100737000859226
L: 0.50, u_super: 0.00191, sec: 103.991, prod: 0.041655, t_ads: 100.2, t_des: 85.6, bed_util_ads: 0.499, bed_util_des: 0.499, des_th: 0.49888381821851385,frac_lost: 0.101, li_recovered:  7.740, time: 0.007057578999592806
L: 0.50, u_super: 0.00166, sec: 89.259, prod: 0.036655, t_ads: 115.0, t_des: 106.0, bed_util_ads: 0.490, bed_util_des: 0.489, des_th: 0.4888996283062592,frac_lost: 0.103, li_recovered:  8.099, time: 0.005268553999485448
L: 0.50, u_super: 0.00884, sec: 509.743, prod: 0.199872, t_ads: 22.1, t_des: 20.5, bed_util_ads: 0.497, bed_util_des: 0.497, des_th: 0.49665225785246947,frac_lost: 0.107, li_recovered:  8.528, time: 0.0063831469997239765
    62 |     2480 |     40 |  0.0032831836 |             f
L: 0.50, u_super: 0.00693, sec: 390.289, prod: 0.156572, t_ads: 28.2, t_des: 25.6, bed_util_ads: 0.498, bed_util_des: 0.498, des_th: 0.49828351361845213,frac_lost: 0.107, li_recovered:  8.432, time: 0.006395608999810065
L: 0.50, u_super: 0.00681, sec: 383.430, prod: 0.153858, t_ads: 28.7, t_des: 25.8, bed_util_ads: 0.499, bed_util_des: 0.499, des_th: 0.4991191959872835,frac_lost: 0.108, li_recovered:  8.386, time: 0.007662085999982082
L: 22.92, u_super: 0.00455 — INFEASIBLE (li_recovered=0.000e+00), time: 0.0022865789997013053
L: 0.50, u_super: 0.00756, sec: 430.948, prod: 0.170282, t_ads: 26.0, t_des: 24.3, bed_util_ads: 0.495, bed_util_des: 0.495, des_th: 0.4951200840519298,frac_lost: 0.110, li_recovered:  8.555, time: 0.0066020519989251625
L: 18.20, u_super: 0.00107 — INFEASIBLE (li_recovered=0.000e+00), time: 0.0013201620004110737
L: 0.50, u_super: 0.00798, sec: 453.662, prod: 0.180953, t_ads: 24.4, t_des: 22.5, bed_util_ads: 0.497, bed_util_des: 0.497, des_th: 0.4971959119437822,frac_lost: 0.101, li_recovered:  8.480, time: 0.004306052998799714
L: 0.50, u_super: 0.00516, sec: 284.468, prod: 0.116423, t_ads: 37.6, t_des: 35.3, bed_util_ads: 0.493, bed_util_des: 0.492, des_th: 0.49242968108622315,frac_lost: 0.102, li_recovered:  8.480, time: 0.005651647001286619
L: 0.50, u_super: 0.00498, sec: 273.893, prod: 0.112420, t_ads: 39.0, t_des: 35.2, bed_util_ads: 0.498, bed_util_des: 0.498, des_th: 0.4982884587491375,frac_lost: 0.104, li_recovered:  8.343, time: 0.005982325999866589
L: 0.51, u_super: 0.00987, sec: 584.904, prod: 0.223754, t_ads: 20.1, t_des: 18.1, bed_util_ads: 0.500, bed_util_des: 0.500, des_th: 0.49993503972751735,frac_lost: 0.105, li_recovered:  8.544, time: 0.004845248000492575
L: 0.50, u_super: 0.00253, sec: 137.137, prod: 0.055938, t_ads: 76.4, t_des: 66.3, bed_util_ads: 0.499, bed_util_des: 0.499, des_th: 0.4992500996043606,frac_lost: 0.105, li_recovered:  7.980, time: 0.006418270000722259
L: 0.50, u_super: 0.00798, sec: 481.483, prod: 0.170497, t_ads: 24.5, t_des: 26.5, bed_util_ads: 0.478, bed_util_des: 0.477, des_th: 0.47716967764122037,frac_lost: 0.107, li_recovered:  8.701, time: 0.007867592999900808
L: 0.50, u_super: 0.00324, sec: 175.680, prod: 0.072594, t_ads: 59.6, t_des: 52.9, bed_util_ads: 0.499, bed_util_des: 0.498, des_th: 0.4984925038291845,frac_lost: 0.103, li_recovered:  8.169, time: 0.006242683000891702
L: 6.94, u_super: 0.00808 — INFEASIBLE (li_recovered=0.000e+00), time: 0.00361981500100228
L: 0.51, u_super: 0.00990, sec: 928.786, prod: 0.140840, t_ads: 19.9, t_des: 42.8, bed_util_ads: 0.392, bed_util_des: 0.391, des_th: 0.39138576584428764,frac_lost: 0.101, li_recovered:  8.826, time: 0.011075681999500375
L: 0.50, u_super: 0.00160, sec: 87.670, prod: 0.034747, t_ads: 119.4, t_des: 101.8, bed_util_ads: 0.499, bed_util_des: 0.498, des_th: 0.4984750085551324,frac_lost: 0.106, li_recovered:  7.688, time: 0.0067153119998693
L: 0.50, u_super: 0.00517, sec: 285.258, prod: 0.116647, t_ads: 37.6, t_des: 33.6, bed_util_ads: 0.500, bed_util_des: 0.500, des_th: 0.4995625599317132,frac_lost: 0.103, li_recovered:  8.307, time: 0.005101331000332721
L: 0.50, u_super: 0.00153, sec: 82.396, prod: 0.033530, t_ads: 125.3, t_des: 113.8, bed_util_ads: 0.491, bed_util_des: 0.490, des_th: 0.49023227131119135,frac_lost: 0.106, li_recovered:  8.018, time: 0.008925916999942274
L: 0.50, u_super: 0.00817, sec: 506.230, prod: 0.170421, t_ads: 23.9, t_des: 27.1, bed_util_ads: 0.471, bed_util_des: 0.471, des_th: 0.47075752101114765,frac_lost: 0.106, li_recovered:  8.707, time: 0.005288278000080027
L: 0.50, u_super: 0.00751, sec: 424.069, prod: 0.170256, t_ads: 25.9, t_des: 23.6, bed_util_ads: 0.498, bed_util_des: 0.498, des_th: 0.4976753741734134,frac_lost: 0.101, li_recovered:  8.427, time: 0.0053381990001071244
L: 0.50, u_super: 0.00254, sec: 136.452, prod: 0.056547, t_ads: 76.2, t_des: 69.2, bed_util_ads: 0.495, bed_util_des: 0.494, des_th: 0.4941465809871436,frac_lost: 0.104, li_recovered:  8.219, time: 0.007036544000584399
L: 0.50, u_super: 0.00983, sec: 572.392, prod: 0.222801, t_ads: 19.9, t_des: 17.9, bed_util_ads: 0.500, bed_util_des: 0.500, des_th: 0.49999963292494587,frac_lost: 0.104, li_recovered:  8.410, time: 0.006774515000870451
L: 0.50, u_super: 0.00706, sec: 397.097, prod: 0.159730, t_ads: 27.5, t_des: 24.5, bed_util_ads: 0.500, bed_util_des: 0.500, des_th: 0.4998628839163588,frac_lost: 0.101, li_recovered:  8.314, time: 0.009205411000948516
L: 0.50, u_super: 0.00301, sec: 162.923, prod: 0.066974, t_ads: 64.3, t_des: 56.4, bed_util_ads: 0.499, bed_util_des: 0.499, des_th: 0.4991753504206709,frac_lost: 0.103, li_recovered:  8.080, time: 0.0077575340001203585
L: 0.50, u_super: 0.00906, sec: 523.222, prod: 0.205250, t_ads: 21.6, t_des: 19.6, bed_util_ads: 0.499, bed_util_des: 0.498, des_th: 0.49847581449774137,frac_lost: 0.106, li_recovered:  8.449, time: 0.006650728999375133
L: 0.50, u_super: 0.00400, sec: 217.898, prod: 0.089860, t_ads: 48.7, t_des: 44.1, bed_util_ads: 0.498, bed_util_des: 0.497, des_th: 0.49751512817336235,frac_lost: 0.106, li_recovered:  8.337, time: 0.007391068998913397
L: 0.50, u_super: 0.00064, sec: 37.930, prod: 0.012453, t_ads: 292.1, t_des: 342.4, bed_util_ads: 0.442, bed_util_des: 0.437, des_th: 0.43709496361770195,frac_lost: 0.103, li_recovered:  7.902, time: 0.007114542000635993
L: 0.50, u_super: 0.00331, sec: 179.468, prod: 0.073863, t_ads: 58.8, t_des: 51.9, bed_util_ads: 0.499, bed_util_des: 0.498, des_th: 0.49829962485652224,frac_lost: 0.107, li_recovered:  8.174, time: 0.0074589849991753
L: 0.50, u_super: 0.00066, sec: 37.221, prod: 0.013663, t_ads: 279.1, t_des: 251.0, bed_util_ads: 0.478, bed_util_des: 0.477, des_th: 0.476807350538699,frac_lost: 0.104, li_recovered:  7.243, time: 0.004177365000941791
L: 0.50, u_super: 0.00542, sec: 299.545, prod: 0.122454, t_ads: 35.8, t_des: 32.0, bed_util_ads: 0.500, bed_util_des: 0.500, des_th: 0.49957139883581947,frac_lost: 0.102, li_recovered:  8.300, time: 0.008232791000409634
L: 0.50, u_super: 0.00826, sec: 538.676, prod: 0.164101, t_ads: 23.6, t_des: 29.4, bed_util_ads: 0.459, bed_util_des: 0.458, des_th: 0.4584114795661767,frac_lost: 0.105, li_recovered:  8.709, time: 0.006664024000201607
L: 0.50, u_super: 0.00760, sec: 430.107, prod: 0.172311, t_ads: 25.6, t_des: 23.1, bed_util_ads: 0.499, bed_util_des: 0.499, des_th: 0.4991791082525522,frac_lost: 0.100, li_recovered:  8.389, time: 0.006793048998588347
L: 0.50, u_super: 0.00209, sec: 112.219, prod: 0.046223, t_ads: 92.7, t_des: 84.7, bed_util_ads: 0.493, bed_util_des: 0.492, des_th: 0.49210849563276404,frac_lost: 0.107, li_recovered:  8.199, time: 0.0049764779996621655
L: 0.50, u_super: 0.00253, sec: 136.454, prod: 0.056213, t_ads: 76.4, t_des: 72.9, bed_util_ads: 0.488, bed_util_des: 0.487, des_th: 0.48744407753371016,frac_lost: 0.104, li_recovered:  8.392, time: 0.007317244999285322
L: 0.50, u_super: 0.00031, sec: 19.473, prod: 0.005880, t_ads: 541.5, t_des: 525.7, bed_util_ads: 0.440, bed_util_des: 0.437, des_th: 0.43709496361770195,frac_lost: 0.102, li_recovered:  6.275, time: 0.0061250630005815765
L: 0.50, u_super: 0.00585, sec: 324.111, prod: 0.132243, t_ads: 33.2, t_des: 30.1, bed_util_ads: 0.498, bed_util_des: 0.498, des_th: 0.4982884587491375,frac_lost: 0.102, li_recovered:  8.372, time: 0.007973384001161321
L: 0.50, u_super: 0.00881, sec: 507.465, prod: 0.199337, t_ads: 22.2, t_des: 20.1, bed_util_ads: 0.499, bed_util_des: 0.499, des_th: 0.4993297452753467,frac_lost: 0.108, li_recovered:  8.442, time: 0.004456558001038502
L: 0.50, u_super: 0.00716, sec: 404.198, prod: 0.161679, t_ads: 27.4, t_des: 24.8, bed_util_ads: 0.498, bed_util_des: 0.498, des_th: 0.4982215004224291,frac_lost: 0.108, li_recovered:  8.426, time: 0.006441263998567592
L: 0.50, u_super: 0.00443, sec: 242.926, prod: 0.099721, t_ads: 43.9, t_des: 39.1, bed_util_ads: 0.499, bed_util_des: 0.499, des_th: 0.4985689644514913,frac_lost: 0.105, li_recovered:  8.276, time: 0.0059748899984697346
L: 0.50, u_super: 0.00057 — INFEASIBLE (li_recovered=0.000e+00), time: 0.005466337001053034
L: 0.50, u_super: 0.00229, sec: 124.122, prod: 0.050415, t_ads: 84.7, t_des: 73.3, bed_util_ads: 0.500, bed_util_des: 0.500, des_th: 0.49979304429567,frac_lost: 0.108, li_recovered:  7.964, time: 0.0045366110007307725
    63 |     2520 |     40 |  0.0027287029 |         ideal
L: 21.56, u_super: 0.00555 — INFEASIBLE (li_recovered=0.000e+00), time: 0.0015706100002716994
L: 0.50, u_super: 0.00260, sec: 140.267, prod: 0.057713, t_ads: 74.2, t_des: 65.3, bed_util_ads: 0.499, bed_util_des: 0.498, des_th: 0.4984798370829808,frac_lost: 0.103, li_recovered:  8.051, time: 0.0068832559991278686
L: 0.50, u_super: 0.00819, sec: 486.889, prod: 0.178090, t_ads: 23.8, t_des: 25.0, bed_util_ads: 0.481, bed_util_des: 0.481, des_th: 0.4808534831529176,frac_lost: 0.105, li_recovered:  8.692, time: 0.006394617001205916
L: 0.50, u_super: 0.00036, sec: 21.380, prod: 0.006941, t_ads: 490.8, t_des: 515.2, bed_util_ads: 0.437, bed_util_des: 0.432, des_th: 0.4320753439355422,frac_lost: 0.102, li_recovered:  6.983, time: 0.006437482001274475
L: 0.50, u_super: 0.00392, sec: 230.105, prod: 0.081500, t_ads: 49.6, t_des: 56.2, bed_util_ads: 0.469, bed_util_des: 0.468, des_th: 0.46815345108712786,frac_lost: 0.105, li_recovered:  8.625, time: 0.005453239000416943
L: 0.50, u_super: 0.00585, sec: 323.980, prod: 0.132302, t_ads: 33.1, t_des: 30.1, bed_util_ads: 0.498, bed_util_des: 0.498, des_th: 0.4982368003548092,frac_lost: 0.101, li_recovered:  8.363, time: 0.0055995550010266015
L: 0.50, u_super: 0.00913, sec: 541.023, prod: 0.201510, t_ads: 21.4, t_des: 21.7, bed_util_ads: 0.485, bed_util_des: 0.485, des_th: 0.4848439427511178,frac_lost: 0.104, li_recovered:  8.684, time: 0.005192403999899398
L: 0.50, u_super: 0.00959, sec: 556.767, prod: 0.217410, t_ads: 20.4, t_des: 18.6, bed_util_ads: 0.500, bed_util_des: 0.500, des_th: 0.49954800619360973,frac_lost: 0.105, li_recovered:  8.464, time: 0.005938890999459545
L: 0.50, u_super: 0.00444, sec: 243.373, prod: 0.099918, t_ads: 43.8, t_des: 39.0, bed_util_ads: 0.500, bed_util_des: 0.499, des_th: 0.4993299477733998,frac_lost: 0.105, li_recovered:  8.268, time: 0.006833871000708314
L: 0.50, u_super: 0.00157, sec: 86.042, prod: 0.034047, t_ads: 121.8, t_des: 103.9, bed_util_ads: 0.499, bed_util_des: 0.498, des_th: 0.4984750085551324,frac_lost: 0.107, li_recovered:  7.685, time: 0.005732379000619403
L: 40.43, u_super: 0.00487 — INFEASIBLE (li_recovered=0.000e+00), time: 0.0012080480009899475
L: 8.33, u_super: 0.00237 — INFEASIBLE (li_recovered=0.000e+00), time: 0.002547764001064934
L: 0.50, u_super: 0.00952, sec: 552.036, prod: 0.216026, t_ads: 20.5, t_des: 18.6, bed_util_ads: 0.500, bed_util_des: 0.500, des_th: 0.49957139883581947,frac_lost: 0.104, li_recovered:  8.439, time: 0.0049853429991344456
L: 12.57, u_super: 0.00576 — INFEASIBLE (li_recovered=0.000e+00), time: 0.00246715100001893
L: 0.50, u_super: 0.00421, sec: 262.117, prod: 0.082908, t_ads: 46.2, t_des: 58.1, bed_util_ads: 0.455, bed_util_des: 0.454, des_th: 0.4541235677823887,frac_lost: 0.103, li_recovered:  8.652, time: 0.0050114300011046
L: 14.97, u_super: 0.00354 — INFEASIBLE (li_recovered=0.000e+00), time: 0.0016589110000495566
L: 0.50, u_super: 0.00681, sec: 384.722, prod: 0.153039, t_ads: 28.7, t_des: 27.3, bed_util_ads: 0.492, bed_util_des: 0.492, des_th: 0.4919631414672224,frac_lost: 0.107, li_recovered:  8.571, time: 0.00511301100050332
L: 0.50, u_super: 0.00026 — INFEASIBLE (li_recovered=0.000e+00), time: 0.0022000360004312824
L: 0.50, u_super: 0.00285, sec: 162.086, prod: 0.060238, t_ads: 67.8, t_des: 74.3, bed_util_ads: 0.471, bed_util_des: 0.470, des_th: 0.4703028130791271,frac_lost: 0.101, li_recovered:  8.557, time: 0.0042459519991098205
L: 0.50, u_super: 0.00301, sec: 162.824, prod: 0.066972, t_ads: 64.3, t_des: 56.4, bed_util_ads: 0.499, bed_util_des: 0.499, des_th: 0.4991640130754069,frac_lost: 0.103, li_recovered:  8.081, time: 0.004598356999849784
L: 0.50, u_super: 0.00767, sec: 434.656, prod: 0.173916, t_ads: 25.3, t_des: 22.9, bed_util_ads: 0.500, bed_util_des: 0.500, des_th: 0.4997529014614608,frac_lost: 0.101, li_recovered:  8.399, time: 0.004885199001364526
L: 0.50, u_super: 0.00646, sec: 361.188, prod: 0.146148, t_ads: 30.1, t_des: 27.2, bed_util_ads: 0.499, bed_util_des: 0.499, des_th: 0.49930595926872684,frac_lost: 0.104, li_recovered:  8.377, time: 0.004891456999757793
L: 0.50, u_super: 0.00075, sec: 41.671, prod: 0.015811, t_ads: 247.5, t_des: 227.0, bed_util_ads: 0.478, bed_util_des: 0.477, des_th: 0.476807350538699,frac_lost: 0.104, li_recovered:  7.502, time: 0.004514914999163011
L: 0.50, u_super: 0.00113, sec: 62.190, prod: 0.024255, t_ads: 166.0, t_des: 144.7, bed_util_ads: 0.490, bed_util_des: 0.490, des_th: 0.490055196194051,frac_lost: 0.100, li_recovered:  7.537, time: 0.005235474998698919
L: 0.50, u_super: 0.00365, sec: 198.266, prod: 0.081925, t_ads: 53.3, t_des: 48.7, bed_util_ads: 0.496, bed_util_des: 0.496, des_th: 0.49556092195031703,frac_lost: 0.107, li_recovered:  8.358, time: 0.004679996000049869
L: 15.35, u_super: 0.00079 — INFEASIBLE (li_recovered=0.000e+00), time: 0.000679855998896528
L: 3.30, u_super: 0.00869, sec: 3521.952, prod: 0.184154, t_ads: 143.9, t_des: 119.3, bed_util_ads: 0.499, bed_util_des: 0.499, des_th: 0.4987127178292109,frac_lost: 0.103, li_recovered:  48.475, time: 0.00498495400097454
L: 0.50, u_super: 0.00352, sec: 190.308, prod: 0.079120, t_ads: 54.9, t_des: 50.4, bed_util_ads: 0.495, bed_util_des: 0.495, des_th: 0.49473669121669045,frac_lost: 0.101, li_recovered:  8.333, time: 0.004979291999916313
L: 0.51, u_super: 0.00975, sec: 576.903, prod: 0.221077, t_ads: 20.4, t_des: 18.3, bed_util_ads: 0.500, bed_util_des: 0.500, des_th: 0.4999479217563865,frac_lost: 0.104, li_recovered:  8.543, time: 0.005110374999276246
L: 0.51, u_super: 0.00990, sec: 593.344, prod: 0.221877, t_ads: 20.1, t_des: 19.5, bed_util_ads: 0.490, bed_util_des: 0.490, des_th: 0.4902645684843105,frac_lost: 0.105, li_recovered:  8.791, time: 0.004508963998887339
L: 0.50, u_super: 0.00574, sec: 318.370, prod: 0.129737, t_ads: 33.8, t_des: 30.2, bed_util_ads: 0.500, bed_util_des: 0.500, des_th: 0.49952012410946073,frac_lost: 0.102, li_recovered:  8.307, time: 0.004401603999212966
L: 0.50, u_super: 0.00113, sec: 61.597, prod: 0.024489, t_ads: 168.0, t_des: 161.7, bed_util_ads: 0.480, bed_util_des: 0.478, des_th: 0.4783259239314471,frac_lost: 0.107, li_recovered:  8.073, time: 0.004730930999357952
L: 0.50, u_super: 0.00816, sec: 466.497, prod: 0.184588, t_ads: 24.0, t_des: 21.8, bed_util_ads: 0.498, bed_util_des: 0.498, des_th: 0.4982766449890835,frac_lost: 0.108, li_recovered:  8.450, time: 0.0049040869998862036
L: 0.50, u_super: 0.00747, sec: 423.297, prod: 0.168690, t_ads: 26.2, t_des: 24.1, bed_util_ads: 0.498, bed_util_des: 0.497, des_th: 0.4975157079112176,frac_lost: 0.108, li_recovered:  8.485, time: 0.004161878001468722
L: 0.50, u_super: 0.00301, sec: 165.016, prod: 0.066105, t_ads: 64.2, t_des: 64.8, bed_util_ads: 0.482, bed_util_des: 0.481, des_th: 0.48110429551198886,frac_lost: 0.101, li_recovered:  8.524, time: 0.004406354999446194
L: 0.50, u_super: 0.00265, sec: 143.681, prod: 0.058799, t_ads: 72.6, t_des: 63.2, bed_util_ads: 0.500, bed_util_des: 0.500, des_th: 0.4998704477823793,frac_lost: 0.103, li_recovered:  7.986, time: 0.003952163000576547
L: 0.50, u_super: 0.00365, sec: 198.225, prod: 0.081950, t_ads: 53.2, t_des: 48.7, bed_util_ads: 0.496, bed_util_des: 0.495, des_th: 0.49550926366644027,frac_lost: 0.106, li_recovered:  8.357, time: 0.005286517000058666
L: 5.81, u_super: 0.00641 — INFEASIBLE (li_recovered=0.000e+00), time: 0.002286058001118363
L: 80.81, u_super: 0.00160 — INFEASIBLE (li_recovered=0.000e+00), time: 0.0012098189999960596
L: 0.50, u_super: 0.00921, sec: 532.810, prod: 0.208676, t_ads: 21.2, t_des: 19.3, bed_util_ads: 0.499, bed_util_des: 0.498, des_th: 0.4984470070972898,frac_lost: 0.106, li_recovered:  8.460, time: 0.004860866998569691
    64 |     2560 |     40 |  0.0024736896 |             f
L: 0.50, u_super: 0.00490, sec: 269.082, prod: 0.110303, t_ads: 39.8, t_des: 35.9, bed_util_ads: 0.498, bed_util_des: 0.498, des_th: 0.4982884587491375,frac_lost: 0.106, li_recovered:  8.350, time: 0.00655811700016784
L: 0.50, u_super: 0.00444, sec: 243.374, prod: 0.099929, t_ads: 43.8, t_des: 39.1, bed_util_ads: 0.500, bed_util_des: 0.500, des_th: 0.4998628839163588,frac_lost: 0.106, li_recovered:  8.280, time: 0.008960081000623177
L: 0.50, u_super: 0.00975, sec: 566.784, prod: 0.221280, t_ads: 20.0, t_des: 18.2, bed_util_ads: 0.498, bed_util_des: 0.498, des_th: 0.4983712885394768,frac_lost: 0.103, li_recovered:  8.452, time: 0.006221525000000838
L: 4.06, u_super: 0.00862, sec: 4266.315, prod: 0.184121, t_ads: 178.8, t_des: 180.1, bed_util_ads: 0.472, bed_util_des: 0.470, des_th: 0.47017356518276615,frac_lost: 0.105, li_recovered:  66.073, time: 0.005937952000749647
L: 0.51, u_super: 0.00641, sec: 364.486, prod: 0.145085, t_ads: 30.8, t_des: 27.5, bed_util_ads: 0.500, bed_util_des: 0.500, des_th: 0.49993231547341543,frac_lost: 0.101, li_recovered:  8.456, time: 0.00654841700088582
L: 0.50, u_super: 0.00813, sec: 464.622, prod: 0.184016, t_ads: 24.1, t_des: 22.0, bed_util_ads: 0.498, bed_util_des: 0.498, des_th: 0.4982215004224291,frac_lost: 0.107, li_recovered:  8.480, time: 0.00608810599987919
L: 0.50, u_super: 0.00015 — INFEASIBLE (li_recovered=0.000e+00), time: 0.0023317689992836677
L: 0.50, u_super: 0.00747, sec: 422.957, prod: 0.168829, t_ads: 26.2, t_des: 23.8, bed_util_ads: 0.499, bed_util_des: 0.499, des_th: 0.499106293440359,frac_lost: 0.107, li_recovered:  8.437, time: 0.005174278001504717
L: 0.50, u_super: 0.00888, sec: 545.533, prod: 0.188696, t_ads: 22.0, t_des: 24.2, bed_util_ads: 0.474, bed_util_des: 0.474, des_th: 0.4738713816487679,frac_lost: 0.104, li_recovered:  8.708, time: 0.008252162000644603
L: 0.50, u_super: 0.00887, sec: 510.994, prod: 0.201048, t_ads: 22.0, t_des: 19.9, bed_util_ads: 0.500, bed_util_des: 0.500, des_th: 0.49957139883581947,frac_lost: 0.106, li_recovered:  8.435, time: 0.005943677999312058
L: 0.50, u_super: 0.00153, sec: 82.933, prod: 0.033314, t_ads: 125.2, t_des: 123.2, bed_util_ads: 0.479, bed_util_des: 0.478, des_th: 0.4779872898186311,frac_lost: 0.104, li_recovered:  8.275, time: 0.007380109000223456
L: 0.50, u_super: 0.00094, sec: 53.095, prod: 0.019584, t_ads: 199.7, t_des: 166.9, bed_util_ads: 0.492, bed_util_des: 0.492, des_th: 0.49210849563276404,frac_lost: 0.106, li_recovered:  7.180, time: 0.0051582030009740265
L: 0.50, u_super: 0.00711, sec: 400.882, prod: 0.160591, t_ads: 27.5, t_des: 25.0, bed_util_ads: 0.498, bed_util_des: 0.498, des_th: 0.4982215004224291,frac_lost: 0.107, li_recovered:  8.439, time: 0.004226322000249638
L: 0.51, u_super: 0.00990, sec: 586.273, prod: 0.224554, t_ads: 20.0, t_des: 18.2, bed_util_ads: 0.499, bed_util_des: 0.499, des_th: 0.498852184576134,frac_lost: 0.104, li_recovered:  8.588, time: 0.0045305700004973914
L: 0.50, u_super: 0.00518, sec: 304.937, prod: 0.109222, t_ads: 37.4, t_des: 41.8, bed_util_ads: 0.471, bed_util_des: 0.470, des_th: 0.47031920391691523,frac_lost: 0.101, li_recovered:  8.654, time: 0.004762021000715322
L: 0.50, u_super: 0.00798, sec: 455.324, prod: 0.180287, t_ads: 24.6, t_des: 22.5, bed_util_ads: 0.497, bed_util_des: 0.497, des_th: 0.496987477839755,frac_lost: 0.108, li_recovered:  8.487, time: 0.004742789000374614
L: 0.50, u_super: 0.00209, sec: 113.516, prod: 0.045695, t_ads: 91.7, t_des: 78.5, bed_util_ads: 0.500, bed_util_des: 0.500, des_th: 0.4998858277181396,frac_lost: 0.100, li_recovered:  7.778, time: 0.0045378980012174
L: 0.50, u_super: 0.00952, sec: 552.633, prod: 0.215832, t_ads: 20.5, t_des: 18.6, bed_util_ads: 0.500, bed_util_des: 0.500, des_th: 0.49957139883581947,frac_lost: 0.105, li_recovered:  8.445, time: 0.004648768999686581
L: 0.50, u_super: 0.00482, sec: 320.553, prod: 0.089619, t_ads: 40.3, t_des: 56.4, bed_util_ads: 0.442, bed_util_des: 0.441, des_th: 0.4413710421669202,frac_lost: 0.101, li_recovered:  8.665, time: 0.005818833000375889
L: 0.50, u_super: 0.00221, sec: 121.194, prod: 0.048294, t_ads: 87.1, t_des: 88.0, bed_util_ads: 0.480, bed_util_des: 0.479, des_th: 0.47937666999772105,frac_lost: 0.104, li_recovered:  8.455, time: 0.005618936998871504
L: 0.50, u_super: 0.00627, sec: 351.089, prod: 0.141879, t_ads: 31.0, t_des: 27.8, bed_util_ads: 0.499, bed_util_des: 0.499, des_th: 0.4992394541938157,frac_lost: 0.102, li_recovered:  8.346, time: 0.0053067989992996445
L: 0.50, u_super: 0.00488, sec: 267.972, prod: 0.110019, t_ads: 39.7, t_des: 35.6, bed_util_ads: 0.500, bed_util_des: 0.499, des_th: 0.49948856419002696,frac_lost: 0.102, li_recovered:  8.288, time: 0.005416310999862617
L: 42.67, u_super: 0.00646 — INFEASIBLE (li_recovered=0.000e+00), time: 0.002999805999934324
L: 0.50, u_super: 0.00249, sec: 140.304, prod: 0.053055, t_ads: 77.4, t_des: 83.3, bed_util_ads: 0.472, bed_util_des: 0.471, des_th: 0.47104780432619947,frac_lost: 0.103, li_recovered:  8.523, time: 0.005240504000539659
L: 0.50, u_super: 0.00974, sec: 566.597, prod: 0.220721, t_ads: 20.1, t_des: 18.0, bed_util_ads: 0.500, bed_util_des: 0.500, des_th: 0.4998656081703879,frac_lost: 0.105, li_recovered:  8.400, time: 0.007944351000332972
L: 0.50, u_super: 0.00140, sec: 76.031, prod: 0.030495, t_ads: 136.5, t_des: 133.0, bed_util_ads: 0.480, bed_util_des: 0.478, des_th: 0.4783259239314471,frac_lost: 0.106, li_recovered:  8.219, time: 0.005007432000638801
L: 0.50, u_super: 0.00837, sec: 480.256, prod: 0.188814, t_ads: 23.4, t_des: 21.9, bed_util_ads: 0.495, bed_util_des: 0.495, des_th: 0.4947331082714042,frac_lost: 0.106, li_recovered:  8.559, time: 0.008731656000236399
L: 0.50, u_super: 0.00153, sec: 82.513, prod: 0.033481, t_ads: 125.2, t_des: 112.3, bed_util_ads: 0.491, bed_util_des: 0.490, des_th: 0.49023227131119135,frac_lost: 0.105, li_recovered:  7.951, time: 0.006656654999460443
L: 0.50, u_super: 0.00134, sec: 74.587, prod: 0.028448, t_ads: 141.5, t_des: 117.2, bed_util_ads: 0.499, bed_util_des: 0.499, des_th: 0.49946412253568,frac_lost: 0.103, li_recovered:  7.359, time: 0.006776764999813167
L: 0.50, u_super: 0.00278, sec: 185.561, prod: 0.049985, t_ads: 69.9, t_des: 102.1, bed_util_ads: 0.435, bed_util_des: 0.433, des_th: 0.43275236427953523,frac_lost: 0.104, li_recovered:  8.598, time: 0.006647292000707239
L: 20.08, u_super: 0.00031 — INFEASIBLE (li_recovered=0.000e+00), time: 0.0012693879998550983
L: 53.42, u_super: 0.00845 — INFEASIBLE (li_recovered=0.000e+00), time: 0.0014934850005374756
L: 0.50, u_super: 0.00077 — INFEASIBLE (li_recovered=0.000e+00), time: 0.0030878269990353147
L: 0.50, u_super: 0.00681, sec: 426.622, prod: 0.137999, t_ads: 28.8, t_des: 34.3, bed_util_ads: 0.464, bed_util_des: 0.463, des_th: 0.46341429662735356,frac_lost: 0.107, li_recovered:  8.696, time: 0.005764767000073334
L: 0.50, u_super: 0.00113, sec: 61.481, prod: 0.024535, t_ads: 167.5, t_des: 159.7, bed_util_ads: 0.480, bed_util_des: 0.478, des_th: 0.47852985428075706,frac_lost: 0.105, li_recovered:  8.028, time: 0.005459435000375379
L: 0.50, u_super: 0.00921, sec: 532.647, prod: 0.208702, t_ads: 21.2, t_des: 19.0, bed_util_ads: 0.500, bed_util_des: 0.500, des_th: 0.4999898035348377,frac_lost: 0.105, li_recovered:  8.394, time: 0.007410029000311624
L: 0.50, u_super: 0.00023 — INFEASIBLE (li_recovered=0.000e+00), time: 0.0026692280007409863
L: 0.50, u_super: 0.00215, sec: 117.988, prod: 0.046941, t_ads: 89.6, t_des: 90.4, bed_util_ads: 0.479, bed_util_des: 0.478, des_th: 0.4783259239314471,frac_lost: 0.105, li_recovered:  8.446, time: 0.007700745998590719
L: 0.51, u_super: 0.00183, sec: 99.873, prod: 0.040210, t_ads: 106.1, t_des: 94.4, bed_util_ads: 0.494, bed_util_des: 0.493, des_th: 0.49318555853816987,frac_lost: 0.101, li_recovered:  8.062, time: 0.005029025000112597
L: 51.58, u_super: 0.00450 — INFEASIBLE (li_recovered=0.000e+00), time: 0.0014092679994064383
    65 |     2600 |     40 |  0.0052797483 |             f
L: 0.50, u_super: 0.00886, sec: 509.964, prod: 0.200646, t_ads: 22.1, t_des: 20.1, bed_util_ads: 0.500, bed_util_des: 0.499, des_th: 0.49951521044321917,frac_lost: 0.106, li_recovered:  8.452, time: 0.007481041000573896
L: 0.50, u_super: 0.00940, sec: 544.745, prod: 0.212923, t_ads: 20.8, t_des: 18.9, bed_util_ads: 0.500, bed_util_des: 0.500, des_th: 0.49957139883581947,frac_lost: 0.106, li_recovered:  8.460, time: 0.006500285000583972
L: 0.50, u_super: 0.00250, sec: 134.639, prod: 0.055816, t_ads: 76.9, t_des: 69.4, bed_util_ads: 0.495, bed_util_des: 0.495, des_th: 0.49473687409983186,frac_lost: 0.103, li_recovered:  8.167, time: 0.006066490999728558
L: 0.50, u_super: 0.00940, sec: 544.916, prod: 0.213039, t_ads: 20.8, t_des: 18.9, bed_util_ads: 0.500, bed_util_des: 0.499, des_th: 0.4994592013302688,frac_lost: 0.106, li_recovered:  8.455, time: 0.00413575899983698
L: 0.50, u_super: 0.00726, sec: 410.290, prod: 0.163954, t_ads: 27.0, t_des: 24.4, bed_util_ads: 0.499, bed_util_des: 0.499, des_th: 0.49930595926872684,frac_lost: 0.108, li_recovered:  8.432, time: 0.00705402599851368
L: 0.50, u_super: 0.00585, sec: 324.401, prod: 0.132130, t_ads: 33.2, t_des: 29.7, bed_util_ads: 0.500, bed_util_des: 0.499, des_th: 0.49940663240261246,frac_lost: 0.102, li_recovered:  8.314, time: 0.005567934000282548
L: 0.50, u_super: 0.00716, sec: 403.961, prod: 0.161794, t_ads: 27.3, t_des: 24.8, bed_util_ads: 0.498, bed_util_des: 0.498, des_th: 0.49821918636760276,frac_lost: 0.107, li_recovered:  8.434, time: 0.006847217000540695
L: 0.50, u_super: 0.00708, sec: 399.604, prod: 0.159857, t_ads: 27.7, t_des: 24.9, bed_util_ads: 0.500, bed_util_des: 0.500, des_th: 0.4997430409186001,frac_lost: 0.108, li_recovered:  8.399, time: 0.007062369999403018
L: 0.50, u_super: 0.00758, sec: 430.979, prod: 0.170986, t_ads: 25.9, t_des: 24.0, bed_util_ads: 0.496, bed_util_des: 0.495, des_th: 0.4953675506475484,frac_lost: 0.108, li_recovered:  8.528, time: 0.004947591998643475
L: 0.50, u_super: 0.00252, sec: 135.370, prod: 0.056189, t_ads: 76.5, t_des: 69.9, bed_util_ads: 0.493, bed_util_des: 0.492, des_th: 0.49244091204960183,frac_lost: 0.103, li_recovered:  8.226, time: 0.0037120429988135584
L: 0.50, u_super: 0.00650, sec: 363.289, prod: 0.147132, t_ads: 29.9, t_des: 27.0, bed_util_ads: 0.498, bed_util_des: 0.498, des_th: 0.49831741455075607,frac_lost: 0.102, li_recovered:  8.362, time: 0.005975836998914019
L: 0.51, u_super: 0.00975, sec: 576.732, prod: 0.221132, t_ads: 20.3, t_des: 18.3, bed_util_ads: 0.500, bed_util_des: 0.500, des_th: 0.49993503972751735,frac_lost: 0.104, li_recovered:  8.540, time: 0.004130888999497984
L: 0.50, u_super: 0.00233, sec: 126.121, prod: 0.051321, t_ads: 83.1, t_des: 72.0, bed_util_ads: 0.500, bed_util_des: 0.499, des_th: 0.4993393171634198,frac_lost: 0.107, li_recovered:  7.956, time: 0.004102175998923485
L: 0.50, u_super: 0.00396, sec: 216.783, prod: 0.089019, t_ads: 49.2, t_des: 44.0, bed_util_ads: 0.499, bed_util_des: 0.498, des_th: 0.49840738539693935,frac_lost: 0.104, li_recovered:  8.296, time: 0.0038302470002236078
L: 0.50, u_super: 0.00858, sec: 492.942, prod: 0.194179, t_ads: 22.8, t_des: 20.7, bed_util_ads: 0.500, bed_util_des: 0.500, des_th: 0.49957139883581947,frac_lost: 0.108, li_recovered:  8.451, time: 0.003975765999712166
L: 0.50, u_super: 0.00887, sec: 510.944, prod: 0.201068, t_ads: 22.0, t_des: 20.0, bed_util_ads: 0.500, bed_util_des: 0.500, des_th: 0.4996195139164106,frac_lost: 0.105, li_recovered:  8.451, time: 0.005614905001493753
L: 0.50, u_super: 0.00681, sec: 383.203, prod: 0.153793, t_ads: 28.7, t_des: 25.7, bed_util_ads: 0.500, bed_util_des: 0.500, des_th: 0.4998628839163588,frac_lost: 0.107, li_recovered:  8.374, time: 0.006375069000569056
L: 0.50, u_super: 0.00417, sec: 227.098, prod: 0.093769, t_ads: 46.6, t_des: 42.1, bed_util_ads: 0.497, bed_util_des: 0.497, des_th: 0.4972036729401324,frac_lost: 0.104, li_recovered:  8.314, time: 0.01093802300056268
L: 0.50, u_super: 0.00365, sec: 198.616, prod: 0.081785, t_ads: 53.2, t_des: 50.1, bed_util_ads: 0.493, bed_util_des: 0.492, des_th: 0.4922979182230869,frac_lost: 0.106, li_recovered:  8.448, time: 0.005391347000113456
L: 0.50, u_super: 0.00802, sec: 457.708, prod: 0.181512, t_ads: 24.4, t_des: 22.4, bed_util_ads: 0.497, bed_util_des: 0.497, des_th: 0.4972518442539795,frac_lost: 0.106, li_recovered:  8.487, time: 0.007943623999381089
L: 0.50, u_super: 0.00046, sec: 27.022, prod: 0.009087, t_ads: 395.6, t_des: 428.5, bed_util_ads: 0.442, bed_util_des: 0.437, des_th: 0.43709496361770195,frac_lost: 0.105, li_recovered:  7.489, time: 0.005589466001765686
L: 0.50, u_super: 0.00840, sec: 482.442, prod: 0.189558, t_ads: 23.3, t_des: 21.9, bed_util_ads: 0.494, bed_util_des: 0.494, des_th: 0.494142815158716,frac_lost: 0.106, li_recovered:  8.561, time: 0.00878214700060198
L: 0.50, u_super: 0.00058, sec: 33.507, prod: 0.011650, t_ads: 315.2, t_des: 274.4, bed_util_ads: 0.477, bed_util_des: 0.477, des_th: 0.476807350538699,frac_lost: 0.105, li_recovered:  6.869, time: 0.005509663998964243
L: 0.50, u_super: 0.00387, sec: 210.687, prod: 0.086647, t_ads: 50.3, t_des: 44.5, bed_util_ads: 0.500, bed_util_des: 0.500, des_th: 0.4999982950953506,frac_lost: 0.106, li_recovered:  8.212, time: 0.00801067599968519
L: 0.50, u_super: 0.00285, sec: 154.037, prod: 0.063385, t_ads: 67.8, t_des: 65.3, bed_util_ads: 0.488, bed_util_des: 0.487, des_th: 0.4873481506315239,frac_lost: 0.103, li_recovered:  8.436, time: 0.007060236999677727
L: 0.50, u_super: 0.00681, sec: 382.017, prod: 0.154108, t_ads: 28.5, t_des: 25.5, bed_util_ads: 0.500, bed_util_des: 0.500, des_th: 0.49986288307036775,frac_lost: 0.101, li_recovered:  8.319, time: 0.006095401000493439
L: 0.50, u_super: 0.00921, sec: 532.892, prod: 0.208605, t_ads: 21.2, t_des: 19.0, bed_util_ads: 0.500, bed_util_des: 0.500, des_th: 0.4999949266471621,frac_lost: 0.106, li_recovered:  8.396, time: 0.008782744000200182
L: 0.51, u_super: 0.00990, sec: 587.066, prod: 0.224250, t_ads: 20.1, t_des: 18.2, bed_util_ads: 0.500, bed_util_des: 0.500, des_th: 0.4999359676933963,frac_lost: 0.106, li_recovered:  8.587, time: 0.005664618000082555
L: 0.50, u_super: 0.00353, sec: 192.380, prod: 0.078706, t_ads: 55.0, t_des: 52.9, bed_util_ads: 0.489, bed_util_des: 0.488, des_th: 0.4882155628088922,frac_lost: 0.105, li_recovered:  8.492, time: 0.004380729000331485
L: 0.50, u_super: 0.00535, sec: 381.204, prod: 0.093488, t_ads: 36.6, t_des: 56.4, bed_util_ads: 0.431, bed_util_des: 0.430, des_th: 0.42991741540772604,frac_lost: 0.107, li_recovered:  8.690, time: 0.004753725001137354
L: 0.50, u_super: 0.00514, sec: 282.931, prod: 0.115892, t_ads: 37.8, t_des: 33.8, bed_util_ads: 0.499, bed_util_des: 0.499, des_th: 0.4992770034513708,frac_lost: 0.103, li_recovered:  8.298, time: 0.004124293000131729
L: 41.79, u_super: 0.00229 — INFEASIBLE (li_recovered=0.000e+00), time: 0.0007737550004094373
L: 0.50, u_super: 0.00087, sec: 60.208, prod: 0.014619, t_ads: 218.6, t_des: 345.9, bed_util_ads: 0.410, bed_util_des: 0.403, des_th: 0.4030030102704092,frac_lost: 0.100, li_recovered:  8.253, time: 0.004438362000655616
L: 0.50, u_super: 0.00952, sec: 552.036, prod: 0.216026, t_ads: 20.5, t_des: 18.6, bed_util_ads: 0.500, bed_util_des: 0.500, des_th: 0.49957139883581947,frac_lost: 0.104, li_recovered:  8.439, time: 0.003938779000236536
L: 0.50, u_super: 0.00836, sec: 479.883, prod: 0.188817, t_ads: 23.4, t_des: 22.0, bed_util_ads: 0.495, bed_util_des: 0.495, des_th: 0.4947331082714042,frac_lost: 0.105, li_recovered:  8.561, time: 0.004102226001123199
L: 0.50, u_super: 0.00798, sec: 453.966, prod: 0.181031, t_ads: 24.4, t_des: 22.3, bed_util_ads: 0.498, bed_util_des: 0.498, des_th: 0.4975073671770122,frac_lost: 0.101, li_recovered:  8.442, time: 0.0036373989987623645
L: 71.94, u_super: 0.00383 — INFEASIBLE (li_recovered=0.000e+00), time: 0.0006293269998423057
L: 0.50, u_super: 0.00254, sec: 136.412, prod: 0.056564, t_ads: 76.1, t_des: 69.2, bed_util_ads: 0.495, bed_util_des: 0.494, des_th: 0.4941465809871436,frac_lost: 0.104, li_recovered:  8.221, time: 0.004528204999587615
L: 0.51, u_super: 0.00990, sec: 587.190, prod: 0.224239, t_ads: 20.1, t_des: 18.2, bed_util_ads: 0.500, bed_util_des: 0.500, des_th: 0.49993503972751735,frac_lost: 0.107, li_recovered:  8.601, time: 0.004457237999304198
L: 0.50, u_super: 0.00862, sec: 495.118, prod: 0.194982, t_ads: 22.7, t_des: 20.6, bed_util_ads: 0.500, bed_util_des: 0.500, des_th: 0.49957139883581947,frac_lost: 0.108, li_recovered:  8.451, time: 0.005280268000205979
    66 |     2640 |     40 |  0.0024075502 |             f
L: 0.51, u_super: 0.00209, sec: 115.619, prod: 0.045851, t_ads: 93.8, t_des: 80.4, bed_util_ads: 0.500, bed_util_des: 0.500, des_th: 0.4996453660116019,frac_lost: 0.109, li_recovered:  7.987, time: 0.005330897998646833
L: 4.06, u_super: 0.00097 — INFEASIBLE (li_recovered=0.000e+00), time: 0.0012524249996204162
L: 2.08, u_super: 0.00150 — INFEASIBLE (li_recovered=0.000e+00), time: 0.003010675000041374
L: 0.50, u_super: 0.00188, sec: 102.354, prod: 0.040985, t_ads: 101.6, t_des: 86.9, bed_util_ads: 0.499, bed_util_des: 0.498, des_th: 0.4984750085551324,frac_lost: 0.101, li_recovered:  7.726, time: 0.004998311000235844
L: 0.50, u_super: 0.00596, sec: 333.859, prod: 0.133624, t_ads: 32.9, t_des: 31.2, bed_util_ads: 0.492, bed_util_des: 0.492, des_th: 0.4916256750083644,frac_lost: 0.109, li_recovered:  8.564, time: 0.004604130999723566
L: 0.50, u_super: 0.00888, sec: 511.660, prod: 0.200845, t_ads: 22.1, t_des: 20.0, bed_util_ads: 0.500, bed_util_des: 0.500, des_th: 0.4996195139164106,frac_lost: 0.108, li_recovered:  8.454, time: 0.00572815499981516
L: 0.50, u_super: 0.00311, sec: 168.366, prod: 0.069462, t_ads: 62.3, t_des: 55.2, bed_util_ads: 0.499, bed_util_des: 0.498, des_th: 0.49854441540494937,frac_lost: 0.104, li_recovered:  8.157, time: 0.0047010319995024474
L: 0.50, u_super: 0.00420, sec: 324.099, prod: 0.067018, t_ads: 46.5, t_des: 83.6, bed_util_ads: 0.411, bed_util_des: 0.409, des_th: 0.40933357628289213,frac_lost: 0.101, li_recovered:  8.715, time: 0.007310414999665227
L: 0.50, u_super: 0.00763, sec: 433.988, prod: 0.172326, t_ads: 25.7, t_des: 23.0, bed_util_ads: 0.500, bed_util_des: 0.500, des_th: 0.4998628839163588,frac_lost: 0.109, li_recovered:  8.395, time: 0.004315033000239055
L: 0.50, u_super: 0.00225, sec: 122.155, prod: 0.049712, t_ads: 85.8, t_des: 74.4, bed_util_ads: 0.500, bed_util_des: 0.500, des_th: 0.49970445350053266,frac_lost: 0.108, li_recovered:  7.963, time: 0.004113713999686297
L: 36.37, u_super: 0.00681 — INFEASIBLE (li_recovered=0.000e+00), time: 0.0011227289996895706
L: 0.50, u_super: 0.00182, sec: 97.886, prod: 0.040369, t_ads: 104.9, t_des: 97.7, bed_util_ads: 0.489, bed_util_des: 0.488, des_th: 0.48828435313677954,frac_lost: 0.102, li_recovered:  8.180, time: 0.004673641000408679
L: 0.50, u_super: 0.00145, sec: 78.981, prod: 0.031578, t_ads: 131.7, t_des: 129.9, bed_util_ads: 0.478, bed_util_des: 0.477, des_th: 0.4769806780888022,frac_lost: 0.105, li_recovered:  8.260, time: 0.005634682000163593
L: 0.51, u_super: 0.00962, sec: 570.115, prod: 0.216911, t_ads: 20.6, t_des: 19.6, bed_util_ads: 0.493, bed_util_des: 0.493, des_th: 0.4928270860394361,frac_lost: 0.106, li_recovered:  8.724, time: 0.0048781619989313185
L: 2.08, u_super: 0.00138 — INFEASIBLE (li_recovered=0.000e+00), time: 0.002052470999842626
L: 0.50, u_super: 0.00747, sec: 423.573, prod: 0.168929, t_ads: 26.2, t_des: 23.5, bed_util_ads: 0.500, bed_util_des: 0.500, des_th: 0.49999127869176124,frac_lost: 0.107, li_recovered:  8.387, time: 0.005161781000424526
L: 0.50, u_super: 0.00573, sec: 317.659, prod: 0.129562, t_ads: 33.8, t_des: 30.2, bed_util_ads: 0.500, bed_util_des: 0.500, des_th: 0.4998682687465885,frac_lost: 0.101, li_recovered:  8.298, time: 0.005058314000052633
L: 0.50, u_super: 0.00555, sec: 307.516, prod: 0.125310, t_ads: 34.9, t_des: 31.0, bed_util_ads: 0.500, bed_util_des: 0.500, des_th: 0.49981743994671524,frac_lost: 0.101, li_recovered:  8.255, time: 0.005687033999492996
L: 0.50, u_super: 0.00835, sec: 564.105, prod: 0.160093, t_ads: 23.3, t_des: 31.1, bed_util_ads: 0.451, bed_util_des: 0.451, des_th: 0.4507334441985944,frac_lost: 0.103, li_recovered:  8.711, time: 0.004687327000283403
L: 0.50, u_super: 0.00811, sec: 462.689, prod: 0.183448, t_ads: 24.1, t_des: 21.9, bed_util_ads: 0.498, bed_util_des: 0.498, des_th: 0.4982215004224291,frac_lost: 0.106, li_recovered:  8.440, time: 0.004300021000744891
L: 0.50, u_super: 0.00285, sec: 156.739, prod: 0.062292, t_ads: 67.7, t_des: 69.1, bed_util_ads: 0.480, bed_util_des: 0.479, des_th: 0.47898264279805763,frac_lost: 0.101, li_recovered:  8.520, time: 0.004936323999572778
L: 0.50, u_super: 0.00515, sec: 283.172, prod: 0.116167, t_ads: 37.7, t_des: 35.0, bed_util_ads: 0.496, bed_util_des: 0.495, des_th: 0.4954528547370734,frac_lost: 0.102, li_recovered:  8.442, time: 0.00507943999946292
L: 0.50, u_super: 0.00646, sec: 361.004, prod: 0.146156, t_ads: 30.0, t_des: 26.8, bed_util_ads: 0.499, bed_util_des: 0.499, des_th: 0.49930595926872684,frac_lost: 0.101, li_recovered:  8.312, time: 0.005769943998529925
L: 0.50, u_super: 0.00968, sec: 562.019, prod: 0.219531, t_ads: 20.1, t_des: 18.6, bed_util_ads: 0.497, bed_util_des: 0.497, des_th: 0.49714400036744366,frac_lost: 0.103, li_recovered:  8.496, time: 0.0049891399994521635
L: 15.96, u_super: 0.00068 — INFEASIBLE (li_recovered=0.000e+00), time: 0.0008992069997475483
L: 0.50, u_super: 0.00585, sec: 324.312, prod: 0.132166, t_ads: 33.2, t_des: 29.7, bed_util_ads: 0.499, bed_util_des: 0.499, des_th: 0.4989148687540228,frac_lost: 0.101, li_recovered:  8.315, time: 0.004822558001251309
L: 8.54, u_super: 0.00638 — INFEASIBLE (li_recovered=0.000e+00), time: 0.0025317470008303644
L: 0.50, u_super: 0.00455, sec: 251.156, prod: 0.102382, t_ads: 43.0, t_des: 38.3, bed_util_ads: 0.499, bed_util_des: 0.499, des_th: 0.4992862176877878,frac_lost: 0.106, li_recovered:  8.327, time: 0.005166359000213561
L: 0.50, u_super: 0.00410, sec: 223.653, prod: 0.092102, t_ads: 47.4, t_des: 42.3, bed_util_ads: 0.499, bed_util_des: 0.498, des_th: 0.4984037516247941,frac_lost: 0.105, li_recovered:  8.260, time: 0.0063137860015558545
L: 0.50, u_super: 0.00015 — INFEASIBLE (li_recovered=0.000e+00), time: 0.001400780998665141
L: 0.50, u_super: 0.00166, sec: 91.090, prod: 0.035840, t_ads: 115.2, t_des: 97.0, bed_util_ads: 0.500, bed_util_des: 0.500, des_th: 0.4998185312457712,frac_lost: 0.104, li_recovered:  7.606, time: 0.0048977959995681886
L: 0.50, u_super: 0.00708, sec: 422.883, prod: 0.151057, t_ads: 27.7, t_des: 29.9, bed_util_ads: 0.477, bed_util_des: 0.476, des_th: 0.47636397484249066,frac_lost: 0.106, li_recovered:  8.696, time: 0.007929735000288929
L: 0.50, u_super: 0.00921, sec: 533.425, prod: 0.208537, t_ads: 21.3, t_des: 19.1, bed_util_ads: 0.500, bed_util_des: 0.500, des_th: 0.49992742115141214,frac_lost: 0.107, li_recovered:  8.412, time: 0.0072677190000831615
L: 0.50, u_super: 0.00899, sec: 518.868, prod: 0.203373, t_ads: 21.8, t_des: 20.0, bed_util_ads: 0.498, bed_util_des: 0.498, des_th: 0.4982368003548092,frac_lost: 0.107, li_recovered:  8.495, time: 0.0048118939994310495
L: 18.64, u_super: 0.00990 — INFEASIBLE (li_recovered=0.000e+00), time: 0.0022223579999263166
L: 0.50, u_super: 0.00887, sec: 511.048, prod: 0.201019, t_ads: 22.0, t_des: 19.9, bed_util_ads: 0.500, bed_util_des: 0.499, des_th: 0.4994894002077401,frac_lost: 0.106, li_recovered:  8.436, time: 0.005176747999939835
L: 0.50, u_super: 0.00670, sec: 376.048, prod: 0.151729, t_ads: 29.0, t_des: 25.9, bed_util_ads: 0.500, bed_util_des: 0.500, des_th: 0.49979304429567,frac_lost: 0.101, li_recovered:  8.323, time: 0.00471477500104811
L: 0.50, u_super: 0.00556, sec: 307.560, prod: 0.125508, t_ads: 34.9, t_des: 31.2, bed_util_ads: 0.500, bed_util_des: 0.500, des_th: 0.49957139883581947,frac_lost: 0.102, li_recovered:  8.296, time: 0.0050178139990748605
L: 0.50, u_super: 0.00094, sec: 53.091, prod: 0.019583, t_ads: 200.1, t_des: 167.1, bed_util_ads: 0.492, bed_util_des: 0.492, des_th: 0.4922129383026302,frac_lost: 0.107, li_recovered:  7.191, time: 0.004772184000103152
L: 0.50, u_super: 0.00239, sec: 129.519, prod: 0.052832, t_ads: 80.8, t_des: 70.2, bed_util_ads: 0.500, bed_util_des: 0.500, des_th: 0.4998628839163588,frac_lost: 0.106, li_recovered:  7.978, time: 0.004293300999052008
    67 |     2680 |     40 |  0.0066937927 |             f
L: 0.50, u_super: 0.00627, sec: 364.025, prod: 0.136074, t_ads: 30.9, t_des: 32.7, bed_util_ads: 0.479, bed_util_des: 0.478, des_th: 0.4784355049122881,frac_lost: 0.100, li_recovered:  8.664, time: 0.005762388000221108
L: 44.97, u_super: 0.00952 — INFEASIBLE (li_recovered=0.000e+00), time: 0.0013775499992334517
L: 2.89, u_super: 0.00513, sec: 1749.222, prod: 0.108174, t_ads: 211.6, t_des: 184.4, bed_util_ads: 0.488, bed_util_des: 0.487, des_th: 0.4873119741660058,frac_lost: 0.107, li_recovered:  42.838, time: 0.004174544999841601
L: 0.50, u_super: 0.00832, sec: 477.876, prod: 0.187580, t_ads: 23.6, t_des: 22.1, bed_util_ads: 0.495, bed_util_des: 0.495, des_th: 0.4947331082714042,frac_lost: 0.108, li_recovered:  8.564, time: 0.00694873800057394
L: 58.22, u_super: 0.00254 — INFEASIBLE (li_recovered=0.000e+00), time: 0.0011946300001000054
L: 39.71, u_super: 0.00659 — INFEASIBLE (li_recovered=0.000e+00), time: 0.0010201580007560551
L: 0.50, u_super: 0.00542, sec: 299.762, prod: 0.122370, t_ads: 35.7, t_des: 31.7, bed_util_ads: 0.500, bed_util_des: 0.500, des_th: 0.49958545749564337,frac_lost: 0.101, li_recovered:  8.250, time: 0.006428609000067809
L: 32.77, u_super: 0.00031 — INFEASIBLE (li_recovered=0.000e+00), time: 0.0011708469992299797
L: 0.50, u_super: 0.00714, sec: 403.152, prod: 0.161509, t_ads: 27.4, t_des: 24.9, bed_util_ads: 0.499, bed_util_des: 0.498, des_th: 0.4984037516247941,frac_lost: 0.107, li_recovered:  8.437, time: 0.004228077001243946
L: 0.50, u_super: 0.00034, sec: 20.527, prod: 0.006530, t_ads: 512.3, t_des: 509.6, bed_util_ads: 0.441, bed_util_des: 0.437, des_th: 0.43709496361770195,frac_lost: 0.104, li_recovered:  6.673, time: 0.005802166000648867
L: 0.50, u_super: 0.00767, sec: 436.199, prod: 0.173315, t_ads: 25.6, t_des: 23.1, bed_util_ads: 0.500, bed_util_des: 0.500, des_th: 0.499744594743124,frac_lost: 0.109, li_recovered:  8.442, time: 0.00603804099955596
L: 0.50, u_super: 0.00285, sec: 154.964, prod: 0.063006, t_ads: 67.6, t_des: 67.0, bed_util_ads: 0.483, bed_util_des: 0.483, des_th: 0.482682192264889,frac_lost: 0.100, li_recovered:  8.482, time: 0.005615789001240046
L: 0.50, u_super: 0.00302, sec: 163.422, prod: 0.067609, t_ads: 63.7, t_des: 56.7, bed_util_ads: 0.497, bed_util_des: 0.497, des_th: 0.49724596248521513,frac_lost: 0.101, li_recovered:  8.141, time: 0.005354599999918719
L: 0.50, u_super: 0.00243, sec: 135.172, prod: 0.052116, t_ads: 79.5, t_des: 83.8, bed_util_ads: 0.475, bed_util_des: 0.473, des_th: 0.4734834678085393,frac_lost: 0.103, li_recovered:  8.511, time: 0.006642140000622021
L: 0.50, u_super: 0.00799, sec: 453.769, prod: 0.181277, t_ads: 24.3, t_des: 22.0, bed_util_ads: 0.500, bed_util_des: 0.500, des_th: 0.49957139883581947,frac_lost: 0.100, li_recovered:  8.392, time: 0.004498284000874264
L: 0.50, u_super: 0.00950, sec: 552.735, prod: 0.214811, t_ads: 20.5, t_des: 19.3, bed_util_ads: 0.495, bed_util_des: 0.495, des_th: 0.49533053498470947,frac_lost: 0.105, li_recovered:  8.570, time: 0.004810365999219357
L: 0.50, u_super: 0.00646, sec: 361.189, prod: 0.146076, t_ads: 30.1, t_des: 26.9, bed_util_ads: 0.499, bed_util_des: 0.499, des_th: 0.49930595926872684,frac_lost: 0.103, li_recovered:  8.328, time: 0.007711660999120795
L: 0.50, u_super: 0.00455, sec: 250.978, prod: 0.102454, t_ads: 43.1, t_des: 39.2, bed_util_ads: 0.497, bed_util_des: 0.497, des_th: 0.4966353490938881,frac_lost: 0.107, li_recovered:  8.427, time: 0.005853751999893575
L: 2.87, u_super: 0.00507 — INFEASIBLE (li_recovered=0.000e+00), time: 0.0034263160014234018
L: 0.50, u_super: 0.00205, sec: 111.436, prod: 0.044890, t_ads: 93.2, t_des: 79.9, bed_util_ads: 0.499, bed_util_des: 0.499, des_th: 0.4992611062867289,frac_lost: 0.100, li_recovered:  7.772, time: 0.00572427600127412
L: 31.09, u_super: 0.00455 — INFEASIBLE (li_recovered=0.000e+00), time: 0.0020178760005364893
L: 0.50, u_super: 0.00215, sec: 116.658, prod: 0.047094, t_ads: 90.0, t_des: 77.3, bed_util_ads: 0.500, bed_util_des: 0.499, des_th: 0.4992787498681321,frac_lost: 0.107, li_recovered:  7.876, time: 0.00448347200108401
L: 0.50, u_super: 0.00614, sec: 341.917, prod: 0.138827, t_ads: 31.6, t_des: 28.3, bed_util_ads: 0.500, bed_util_des: 0.500, des_th: 0.4997039709163292,frac_lost: 0.102, li_recovered:  8.321, time: 0.004565461000311188
L: 0.50, u_super: 0.00936, sec: 542.018, prod: 0.211924, t_ads: 20.9, t_des: 19.0, bed_util_ads: 0.500, bed_util_des: 0.499, des_th: 0.49951521044321917,frac_lost: 0.106, li_recovered:  8.459, time: 0.0071139819992822595
L: 0.51, u_super: 0.00990, sec: 584.790, prod: 0.224436, t_ads: 20.0, t_des: 17.9, bed_util_ads: 0.500, bed_util_des: 0.500, des_th: 0.49993503972751735,frac_lost: 0.104, li_recovered:  8.513, time: 0.006017474001055234
L: 6.96, u_super: 0.00726 — INFEASIBLE (li_recovered=0.000e+00), time: 0.004616221000105725
L: 0.50, u_super: 0.00077, sec: 43.476, prod: 0.016050, t_ads: 240.6, t_des: 209.1, bed_util_ads: 0.484, bed_util_des: 0.484, des_th: 0.4838394302975356,frac_lost: 0.104, li_recovered:  7.218, time: 0.0042663690001063515
L: 0.50, u_super: 0.00403, sec: 220.352, prod: 0.090417, t_ads: 48.2, t_des: 42.5, bed_util_ads: 0.500, bed_util_des: 0.500, des_th: 0.4997430409186001,frac_lost: 0.105, li_recovered:  8.197, time: 0.004409297998790862
L: 0.50, u_super: 0.00083, sec: 45.735, prod: 0.017690, t_ads: 223.6, t_des: 207.2, bed_util_ads: 0.478, bed_util_des: 0.477, des_th: 0.4769806780888022,frac_lost: 0.100, li_recovered:  7.620, time: 0.003999926000687992
L: 46.40, u_super: 0.00725 — INFEASIBLE (li_recovered=0.000e+00), time: 0.0011340900000504917
L: 71.47, u_super: 0.00798 — INFEASIBLE (li_recovered=0.000e+00), time: 0.001304704999711248
L: 0.50, u_super: 0.00077 — INFEASIBLE (li_recovered=0.000e+00), time: 0.004307074999815086
L: 0.50, u_super: 0.00621, sec: 346.421, prod: 0.140212, t_ads: 31.3, t_des: 29.2, bed_util_ads: 0.494, bed_util_des: 0.494, des_th: 0.49411424478699745,frac_lost: 0.103, li_recovered:  8.495, time: 0.00558762099899468
L: 0.50, u_super: 0.00113, sec: 61.459, prod: 0.024544, t_ads: 167.3, t_des: 159.7, bed_util_ads: 0.480, bed_util_des: 0.478, des_th: 0.47852985428075706,frac_lost: 0.104, li_recovered:  8.028, time: 0.00620316099957563
L: 0.50, u_super: 0.00805, sec: 459.149, prod: 0.182074, t_ads: 24.3, t_des: 22.1, bed_util_ads: 0.500, bed_util_des: 0.500, des_th: 0.49957139883581947,frac_lost: 0.107, li_recovered:  8.445, time: 0.00510292900071363
L: 0.50, u_super: 0.00927, sec: 535.598, prod: 0.210089, t_ads: 21.1, t_des: 19.3, bed_util_ads: 0.497, bed_util_des: 0.497, des_th: 0.49714400036744366,frac_lost: 0.104, li_recovered:  8.485, time: 0.0037814409988641273
L: 0.50, u_super: 0.00455, sec: 250.874, prod: 0.102497, t_ads: 43.0, t_des: 38.8, bed_util_ads: 0.499, bed_util_des: 0.498, des_th: 0.4984036833160017,frac_lost: 0.106, li_recovered:  8.382, time: 0.0058421590001671575
L: 0.50, u_super: 0.00542, sec: 333.463, prod: 0.109999, t_ads: 35.8, t_des: 43.0, bed_util_ads: 0.463, bed_util_des: 0.462, des_th: 0.4621448694242769,frac_lost: 0.101, li_recovered:  8.667, time: 0.005631505999190267
L: 0.50, u_super: 0.00410, sec: 223.689, prod: 0.092087, t_ads: 47.4, t_des: 42.3, bed_util_ads: 0.499, bed_util_des: 0.498, des_th: 0.4984074537057317,frac_lost: 0.105, li_recovered:  8.255, time: 0.006238150001081522
L: 0.50, u_super: 0.00921, sec: 532.589, prod: 0.208720, t_ads: 21.2, t_des: 19.0, bed_util_ads: 0.500, bed_util_des: 0.500, des_th: 0.4999898035348377,frac_lost: 0.105, li_recovered:  8.396, time: 0.010142869999981485
    68 |     2720 |     40 |  0.0010993858 |             f
L: 0.50, u_super: 0.00544, sec: 300.184, prod: 0.122775, t_ads: 35.7, t_des: 32.0, bed_util_ads: 0.500, bed_util_des: 0.500, des_th: 0.4996554546866313,frac_lost: 0.101, li_recovered:  8.302, time: 0.0070703199999115895
L: 17.16, u_super: 0.00250 — INFEASIBLE (li_recovered=0.000e+00), time: 0.0016407879993494134
L: 8.75, u_super: 0.00285 — INFEASIBLE (li_recovered=0.000e+00), time: 0.0022486880006908905
L: 18.83, u_super: 0.00885 — INFEASIBLE (li_recovered=0.000e+00), time: 0.0033648290009296034
L: 0.50, u_super: 0.00414, sec: 235.168, prod: 0.089214, t_ads: 47.0, t_des: 49.6, bed_util_ads: 0.477, bed_util_des: 0.477, des_th: 0.476807350538699,frac_lost: 0.105, li_recovered:  8.619, time: 0.008279824000055669
L: 0.51, u_super: 0.00489, sec: 273.517, prod: 0.110015, t_ads: 40.5, t_des: 36.1, bed_util_ads: 0.500, bed_util_des: 0.500, des_th: 0.4999207293496757,frac_lost: 0.106, li_recovered:  8.432, time: 0.008782831999269547
L: 0.50, u_super: 0.00084, sec: 46.552, prod: 0.017910, t_ads: 222.4, t_des: 219.6, bed_util_ads: 0.470, bed_util_des: 0.468, des_th: 0.46788559503498856,frac_lost: 0.105, li_recovered:  7.916, time: 0.007709083000008832
L: 0.50, u_super: 0.00859, sec: 562.619, prod: 0.170476, t_ads: 22.7, t_des: 28.4, bed_util_ads: 0.459, bed_util_des: 0.458, des_th: 0.4583097778784487,frac_lost: 0.104, li_recovered:  8.712, time: 0.00934244000018225
L: 0.50, u_super: 0.00596, sec: 331.152, prod: 0.134716, t_ads: 32.5, t_des: 29.1, bed_util_ads: 0.500, bed_util_des: 0.499, des_th: 0.49948755110309756,frac_lost: 0.101, li_recovered:  8.303, time: 0.00583740299953206
L: 0.50, u_super: 0.00862, sec: 495.087, prod: 0.194995, t_ads: 22.7, t_des: 20.6, bed_util_ads: 0.500, bed_util_des: 0.500, des_th: 0.4995646003474423,frac_lost: 0.107, li_recovered:  8.445, time: 0.006947879999643192
L: 0.50, u_super: 0.00715, sec: 403.238, prod: 0.162043, t_ads: 27.1, t_des: 24.2, bed_util_ads: 0.500, bed_util_des: 0.500, des_th: 0.49975182202364127,frac_lost: 0.100, li_recovered:  8.324, time: 0.005073570000604377
L: 0.50, u_super: 0.00761, sec: 432.616, prod: 0.172003, t_ads: 25.7, t_des: 23.0, bed_util_ads: 0.500, bed_util_des: 0.500, des_th: 0.4997529014614608,frac_lost: 0.108, li_recovered:  8.391, time: 0.0036291199994593626
L: 13.07, u_super: 0.00624 — INFEASIBLE (li_recovered=0.000e+00), time: 0.0017886299992824206
L: 0.50, u_super: 0.00157, sec: 85.545, prod: 0.034174, t_ads: 121.9, t_des: 121.2, bed_util_ads: 0.478, bed_util_des: 0.477, des_th: 0.4769806780888022,frac_lost: 0.105, li_recovered:  8.308, time: 0.003941644999940763
L: 0.50, u_super: 0.00660, sec: 387.395, prod: 0.142623, t_ads: 29.4, t_des: 31.4, bed_util_ads: 0.477, bed_util_des: 0.477, des_th: 0.4769806780888022,frac_lost: 0.100, li_recovered:  8.678, time: 0.003932798999812803
L: 0.50, u_super: 0.00720, sec: 407.310, prod: 0.162570, t_ads: 27.2, t_des: 24.7, bed_util_ads: 0.499, bed_util_des: 0.499, des_th: 0.49930595926872684,frac_lost: 0.110, li_recovered:  8.444, time: 0.003655597998658777
L: 0.51, u_super: 0.00946, sec: 557.942, prod: 0.214285, t_ads: 21.0, t_des: 18.9, bed_util_ads: 0.500, bed_util_des: 0.500, des_th: 0.49993503972751735,frac_lost: 0.105, li_recovered:  8.546, time: 0.004626500000085798
L: 51.72, u_super: 0.00022 — INFEASIBLE (li_recovered=0.000e+00), time: 0.0010308100008842302
L: 0.50, u_super: 0.00228, sec: 123.144, prod: 0.050382, t_ads: 84.8, t_des: 74.3, bed_util_ads: 0.498, bed_util_des: 0.498, des_th: 0.49818730946952056,frac_lost: 0.107, li_recovered:  8.016, time: 0.005101790999106015
L: 24.57, u_super: 0.00330 — INFEASIBLE (li_recovered=0.000e+00), time: 0.001595368999915081
L: 0.50, u_super: 0.00367, sec: 198.985, prod: 0.082273, t_ads: 53.0, t_des: 48.6, bed_util_ads: 0.496, bed_util_des: 0.495, des_th: 0.4952106450544223,frac_lost: 0.106, li_recovered:  8.358, time: 0.004636523999579367
L: 0.50, u_super: 0.00681, sec: 383.432, prod: 0.153784, t_ads: 28.7, t_des: 25.8, bed_util_ads: 0.500, bed_util_des: 0.500, des_th: 0.49951521044321917,frac_lost: 0.108, li_recovered:  8.382, time: 0.004154872000071919
L: 0.50, u_super: 0.00080, sec: 44.605, prod: 0.017000, t_ads: 230.8, t_des: 208.9, bed_util_ads: 0.480, bed_util_des: 0.479, des_th: 0.4789278870682347,frac_lost: 0.102, li_recovered:  7.475, time: 0.005554120998567669
L: 0.50, u_super: 0.00983, sec: 573.109, prod: 0.222779, t_ads: 19.9, t_des: 18.2, bed_util_ads: 0.498, bed_util_des: 0.498, des_th: 0.4982946099054059,frac_lost: 0.106, li_recovered:  8.498, time: 0.005406432999734534
L: 69.92, u_super: 0.00159 — INFEASIBLE (li_recovered=0.000e+00), time: 0.0008002250015124446
L: 0.50, u_super: 0.00466, sec: 256.774, prod: 0.104328, t_ads: 41.8, t_des: 40.0, bed_util_ads: 0.491, bed_util_des: 0.491, des_th: 0.49070331828035907,frac_lost: 0.106, li_recovered:  8.531, time: 0.005388689000028535
L: 0.50, u_super: 0.00513, sec: 282.818, prod: 0.115750, t_ads: 37.9, t_des: 33.9, bed_util_ads: 0.499, bed_util_des: 0.499, des_th: 0.4992503679938078,frac_lost: 0.104, li_recovered:  8.308, time: 0.005849791999935405
L: 0.50, u_super: 0.00959, sec: 699.222, prod: 0.173084, t_ads: 20.3, t_des: 30.1, bed_util_ads: 0.438, bed_util_des: 0.437, des_th: 0.43723400803522594,frac_lost: 0.102, li_recovered:  8.722, time: 0.005775457999334321
L: 0.50, u_super: 0.00239, sec: 129.585, prod: 0.052805, t_ads: 80.8, t_des: 70.0, bed_util_ads: 0.500, bed_util_des: 0.500, des_th: 0.4999880120498414,frac_lost: 0.106, li_recovered:  7.962, time: 0.004649659998904099
L: 0.50, u_super: 0.00566, sec: 313.306, prod: 0.127707, t_ads: 34.3, t_des: 30.7, bed_util_ads: 0.500, bed_util_des: 0.500, des_th: 0.49968966046411184,frac_lost: 0.103, li_recovered:  8.311, time: 0.006379251999533153
L: 0.50, u_super: 0.00621, sec: 345.651, prod: 0.140534, t_ads: 31.2, t_des: 28.3, bed_util_ads: 0.499, bed_util_des: 0.499, des_th: 0.4987140033390721,frac_lost: 0.101, li_recovered:  8.364, time: 0.004691538000770379
L: 0.50, u_super: 0.00281, sec: 151.245, prod: 0.062961, t_ads: 68.5, t_des: 63.3, bed_util_ads: 0.492, bed_util_des: 0.492, des_th: 0.49161414397813374,frac_lost: 0.101, li_recovered:  8.295, time: 0.00434546200085606
L: 0.50, u_super: 0.00353, sec: 191.717, prod: 0.079176, t_ads: 55.1, t_des: 50.3, bed_util_ads: 0.496, bed_util_des: 0.495, des_th: 0.49550926366644027,frac_lost: 0.108, li_recovered:  8.349, time: 0.004707535999841639
L: 0.50, u_super: 0.00094 — INFEASIBLE (li_recovered=0.000e+00), time: 0.002679193999938434
L: 0.50, u_super: 0.00446, sec: 245.296, prod: 0.100309, t_ads: 43.9, t_des: 39.5, bed_util_ads: 0.499, bed_util_des: 0.498, des_th: 0.49840738539693935,frac_lost: 0.105, li_recovered:  8.369, time: 0.004719164000562159
L: 0.50, u_super: 0.00886, sec: 641.058, prod: 0.159625, t_ads: 22.0, t_des: 32.6, bed_util_ads: 0.438, bed_util_des: 0.437, des_th: 0.43692623547666964,frac_lost: 0.104, li_recovered:  8.720, time: 0.007298870999875362
L: 7.86, u_super: 0.00099 — INFEASIBLE (li_recovered=0.000e+00), time: 0.0012775929990311852
L: 0.51, u_super: 0.00990, sec: 586.954, prod: 0.224293, t_ads: 20.1, t_des: 18.2, bed_util_ads: 0.500, bed_util_des: 0.500, des_th: 0.4999452157075577,frac_lost: 0.106, li_recovered:  8.583, time: 0.007166704001065227
L: 0.50, u_super: 0.00267, sec: 143.454, prod: 0.059567, t_ads: 72.3, t_des: 65.8, bed_util_ads: 0.495, bed_util_des: 0.494, des_th: 0.4941465809871436,frac_lost: 0.103, li_recovered:  8.225, time: 0.007269210000231396
L: 0.50, u_super: 0.00344, sec: 186.492, prod: 0.076847, t_ads: 56.2, t_des: 49.4, bed_util_ads: 0.500, bed_util_des: 0.500, des_th: 0.4998628839163588,frac_lost: 0.101, li_recovered:  8.116, time: 0.006995661000473774
    69 |     2760 |     40 |  0.0042675226 |             f
L: 0.50, u_super: 0.00596, sec: 331.167, prod: 0.134803, t_ads: 32.5, t_des: 29.2, bed_util_ads: 0.500, bed_util_des: 0.500, des_th: 0.4999730357734926,frac_lost: 0.100, li_recovered:  8.318, time: 0.006505422999907751
L: 0.50, u_super: 0.00083, sec: 45.700, prod: 0.017658, t_ads: 224.1, t_des: 207.3, bed_util_ads: 0.478, bed_util_des: 0.477, des_th: 0.476807350538699,frac_lost: 0.101, li_recovered:  7.617, time: 0.00761136599976453
L: 0.50, u_super: 0.00045 — INFEASIBLE (li_recovered=0.000e+00), time: 0.003613471000790014
L: 0.50, u_super: 0.00446, sec: 245.431, prod: 0.100210, t_ads: 43.9, t_des: 39.1, bed_util_ads: 0.500, bed_util_des: 0.500, des_th: 0.49968894979349376,frac_lost: 0.106, li_recovered:  8.317, time: 0.0068625179992523044
L: 0.50, u_super: 0.00630, sec: 351.516, prod: 0.142476, t_ads: 30.8, t_des: 27.6, bed_util_ads: 0.499, bed_util_des: 0.499, des_th: 0.4993417882543226,frac_lost: 0.102, li_recovered:  8.317, time: 0.006655262001004303
L: 0.50, u_super: 0.00420, sec: 239.285, prod: 0.090624, t_ads: 46.3, t_des: 48.9, bed_util_ads: 0.477, bed_util_des: 0.477, des_th: 0.4768070956089399,frac_lost: 0.105, li_recovered:  8.623, time: 0.007765444999677129
L: 0.50, u_super: 0.00618, sec: 344.607, prod: 0.139770, t_ads: 31.4, t_des: 28.1, bed_util_ads: 0.500, bed_util_des: 0.500, des_th: 0.4996763876986477,frac_lost: 0.103, li_recovered:  8.324, time: 0.007003815000643954
L: 0.50, u_super: 0.00188, sec: 113.443, prod: 0.036979, t_ads: 102.5, t_des: 126.9, bed_util_ads: 0.452, bed_util_des: 0.450, des_th: 0.4499607564782152,frac_lost: 0.103, li_recovered:  8.481, time: 0.006894506001117406
L: 0.50, u_super: 0.00781, sec: 442.759, prod: 0.177091, t_ads: 24.9, t_des: 22.7, bed_util_ads: 0.497, bed_util_des: 0.497, des_th: 0.4972663261692562,frac_lost: 0.101, li_recovered:  8.435, time: 0.00587908499983314
L: 0.50, u_super: 0.00708, sec: 398.038, prod: 0.160479, t_ads: 27.4, t_des: 25.4, bed_util_ads: 0.495, bed_util_des: 0.495, des_th: 0.4951286921309507,frac_lost: 0.100, li_recovered:  8.466, time: 0.0040233610016002785
L: 9.79, u_super: 0.00446 — INFEASIBLE (li_recovered=0.000e+00), time: 0.001830404000429553
L: 0.50, u_super: 0.00011 — INFEASIBLE (li_recovered=0.000e+00), time: 0.0016931019999901764
L: 0.51, u_super: 0.00984, sec: 582.904, prod: 0.223081, t_ads: 20.2, t_des: 18.3, bed_util_ads: 0.500, bed_util_des: 0.500, des_th: 0.499904569238073,frac_lost: 0.105, li_recovered:  8.595, time: 0.006234718999621691
L: 0.50, u_super: 0.00138, sec: 82.121, prod: 0.027246, t_ads: 139.0, t_des: 168.2, bed_util_ads: 0.451, bed_util_des: 0.449, des_th: 0.44859318957590427,frac_lost: 0.103, li_recovered:  8.369, time: 0.00595115600117424
L: 0.50, u_super: 0.00882, sec: 508.025, prod: 0.199529, t_ads: 22.2, t_des: 20.1, bed_util_ads: 0.499, bed_util_des: 0.499, des_th: 0.4985287121136645,frac_lost: 0.108, li_recovered:  8.450, time: 0.008323494999785908
L: 0.50, u_super: 0.00596, sec: 331.230, prod: 0.134683, t_ads: 32.6, t_des: 29.2, bed_util_ads: 0.500, bed_util_des: 0.499, des_th: 0.49948755110309756,frac_lost: 0.102, li_recovered:  8.317, time: 0.009551893999741878
L: 9.45, u_super: 0.00798 — INFEASIBLE (li_recovered=0.000e+00), time: 0.0033048710010916693
L: 0.50, u_super: 0.00670, sec: 375.516, prod: 0.151841, t_ads: 28.9, t_des: 25.9, bed_util_ads: 0.500, bed_util_des: 0.499, des_th: 0.4994690897692729,frac_lost: 0.100, li_recovered:  8.322, time: 0.0071605379998800345
L: 0.50, u_super: 0.00898, sec: 578.972, prod: 0.181927, t_ads: 21.7, t_des: 26.2, bed_util_ads: 0.464, bed_util_des: 0.463, des_th: 0.4634843546820738,frac_lost: 0.103, li_recovered:  8.712, time: 0.0077774619985575555
L: 0.51, u_super: 0.00964, sec: 712.303, prod: 0.174513, t_ads: 20.6, t_des: 30.2, bed_util_ads: 0.439, bed_util_des: 0.438, des_th: 0.4383615936106618,frac_lost: 0.102, li_recovered:  8.865, time: 0.009952297999916482
L: 0.50, u_super: 0.00113, sec: 63.120, prod: 0.023898, t_ads: 167.6, t_des: 176.4, bed_util_ads: 0.468, bed_util_des: 0.466, des_th: 0.46600465095302995,frac_lost: 0.104, li_recovered:  8.219, time: 0.008075202000327408
L: 0.50, u_super: 0.00566, sec: 313.232, prod: 0.127801, t_ads: 34.4, t_des: 31.0, bed_util_ads: 0.499, bed_util_des: 0.498, des_th: 0.49840805989542963,frac_lost: 0.103, li_recovered:  8.357, time: 0.00439283599916962
L: 0.50, u_super: 0.00898, sec: 518.546, prod: 0.203309, t_ads: 21.8, t_des: 19.8, bed_util_ads: 0.500, bed_util_des: 0.500, des_th: 0.49994689096815453,frac_lost: 0.108, li_recovered:  8.451, time: 0.004983912000170676
L: 0.50, u_super: 0.00153, sec: 85.969, prod: 0.032409, t_ads: 124.5, t_des: 133.7, bed_util_ads: 0.469, bed_util_des: 0.467, des_th: 0.467106949317253,frac_lost: 0.102, li_recovered:  8.370, time: 0.005486051000843872
L: 0.50, u_super: 0.00549, sec: 303.874, prod: 0.124009, t_ads: 35.2, t_des: 31.3, bed_util_ads: 0.500, bed_util_des: 0.500, des_th: 0.49968966046411184,frac_lost: 0.100, li_recovered:  8.253, time: 0.004267051999704563
L: 99.25, u_super: 0.00952 — INFEASIBLE (li_recovered=0.000e+00), time: 0.001539490000141086
L: 0.50, u_super: 0.00687, sec: 387.111, prod: 0.155171, t_ads: 28.5, t_des: 25.6, bed_util_ads: 0.499, bed_util_des: 0.499, des_th: 0.49923553559290706,frac_lost: 0.108, li_recovered:  8.394, time: 0.005140936000316287
L: 0.50, u_super: 0.00889, sec: 512.931, prod: 0.201291, t_ads: 22.0, t_des: 19.7, bed_util_ads: 0.500, bed_util_des: 0.500, des_th: 0.49979304429567,frac_lost: 0.107, li_recovered:  8.405, time: 0.0043034509999415604
L: 0.50, u_super: 0.00403, sec: 225.041, prod: 0.088516, t_ads: 48.3, t_des: 48.8, bed_util_ads: 0.484, bed_util_des: 0.483, des_th: 0.48302280467399855,frac_lost: 0.106, li_recovered:  8.598, time: 0.005675316999258939
L: 60.11, u_super: 0.00617 — INFEASIBLE (li_recovered=0.000e+00), time: 0.0011993999996775528
L: 0.50, u_super: 0.00093, sec: 51.056, prod: 0.020070, t_ads: 200.9, t_des: 191.0, bed_util_ads: 0.478, bed_util_des: 0.476, des_th: 0.47658857259485377,frac_lost: 0.103, li_recovered:  7.867, time: 0.0041213219992641825
L: 0.50, u_super: 0.00329, sec: 184.146, prod: 0.071361, t_ads: 59.0, t_des: 61.1, bed_util_ads: 0.479, bed_util_des: 0.478, des_th: 0.4781790683414761,frac_lost: 0.106, li_recovered:  8.574, time: 0.005641318999551004
L: 9.75, u_super: 0.00518 — INFEASIBLE (li_recovered=0.000e+00), time: 0.0025135719988611527
L: 0.50, u_super: 0.00422, sec: 230.262, prod: 0.094759, t_ads: 46.1, t_des: 43.1, bed_util_ads: 0.493, bed_util_des: 0.493, des_th: 0.4926266730338902,frac_lost: 0.104, li_recovered:  8.451, time: 0.0045701260005444055
L: 0.50, u_super: 0.00077 — INFEASIBLE (li_recovered=0.000e+00), time: 0.0032629629986331565
L: 0.50, u_super: 0.00031, sec: 19.344, prod: 0.005935, t_ads: 551.3, t_des: 612.4, bed_util_ads: 0.423, bed_util_des: 0.416, des_th: 0.41602217624333393,frac_lost: 0.100, li_recovered:  6.907, time: 0.004295643000659766
L: 9.69, u_super: 0.00157 — INFEASIBLE (li_recovered=0.000e+00), time: 0.0016024039996409556
L: 0.50, u_super: 0.00281, sec: 152.219, prod: 0.062640, t_ads: 68.6, t_des: 60.2, bed_util_ads: 0.499, bed_util_des: 0.499, des_th: 0.49891599979030865,frac_lost: 0.103, li_recovered:  8.069, time: 0.005518407000636216
L: 0.50, u_super: 0.00813, sec: 491.123, prod: 0.174079, t_ads: 24.0, t_des: 25.9, bed_util_ads: 0.477, bed_util_des: 0.477, des_th: 0.47689031030879797,frac_lost: 0.106, li_recovered:  8.700, time: 0.005276053998386487
L: 0.50, u_super: 0.00011 — INFEASIBLE (li_recovered=0.000e+00), time: 0.0013570859991887119
    70 |     2800 |     40 |  0.0024948916 |             f
L: 0.50, u_super: 0.00805, sec: 459.650, prod: 0.182016, t_ads: 24.3, t_des: 21.8, bed_util_ads: 0.500, bed_util_des: 0.500, des_th: 0.49974312499815815,frac_lost: 0.107, li_recovered:  8.395, time: 0.005644565000693547
L: 26.98, u_super: 0.00466 — INFEASIBLE (li_recovered=0.000e+00), time: 0.0011596849999477854
L: 0.50, u_super: 0.00456, sec: 341.026, prod: 0.075164, t_ads: 42.6, t_des: 72.8, bed_util_ads: 0.418, bed_util_des: 0.416, des_th: 0.41602217624333393,frac_lost: 0.101, li_recovered:  8.674, time: 0.006218878999789013
L: 0.50, u_super: 0.00267, sec: 143.398, prod: 0.059588, t_ads: 72.3, t_des: 65.8, bed_util_ads: 0.495, bed_util_des: 0.494, des_th: 0.49415904844694813,frac_lost: 0.103, li_recovered:  8.227, time: 0.004297224000765709
L: 15.26, u_super: 0.00504 — INFEASIBLE (li_recovered=0.000e+00), time: 0.0013107300001138356
L: 0.51, u_super: 0.00980, sec: 580.456, prod: 0.222178, t_ads: 20.3, t_des: 18.4, bed_util_ads: 0.500, bed_util_des: 0.500, des_th: 0.49993503972751735,frac_lost: 0.106, li_recovered:  8.587, time: 0.003929256001356407
L: 0.50, u_super: 0.00368, sec: 200.586, prod: 0.082643, t_ads: 53.0, t_des: 48.4, bed_util_ads: 0.495, bed_util_des: 0.495, des_th: 0.49508130135409073,frac_lost: 0.107, li_recovered:  8.380, time: 0.003923145999578992
L: 0.50, u_super: 0.00268, sec: 145.392, prod: 0.059369, t_ads: 72.0, t_des: 62.3, bed_util_ads: 0.500, bed_util_des: 0.500, des_th: 0.49956833733099676,frac_lost: 0.103, li_recovered:  7.972, time: 0.004170323001744691
L: 0.50, u_super: 0.00989, sec: 583.966, prod: 0.221047, t_ads: 19.7, t_des: 19.4, bed_util_ads: 0.489, bed_util_des: 0.489, des_th: 0.4890736344038383,frac_lost: 0.104, li_recovered:  8.656, time: 0.004537501001323108
L: 10.55, u_super: 0.00862 — INFEASIBLE (li_recovered=0.000e+00), time: 0.0025495829995634267
L: 0.50, u_super: 0.00125, sec: 67.713, prod: 0.027303, t_ads: 151.4, t_des: 144.0, bed_util_ads: 0.481, bed_util_des: 0.480, des_th: 0.4799344707732786,frac_lost: 0.102, li_recovered:  8.066, time: 0.00506702499842504
L: 6.41, u_super: 0.00711 — INFEASIBLE (li_recovered=0.000e+00), time: 0.003915373999916483
L: 0.50, u_super: 0.00836, sec: 478.583, prod: 0.189329, t_ads: 23.4, t_des: 21.5, bed_util_ads: 0.497, bed_util_des: 0.497, des_th: 0.49666162798125935,frac_lost: 0.105, li_recovered:  8.486, time: 0.004843749000428943
L: 0.50, u_super: 0.00036, sec: 22.593, prod: 0.006636, t_ads: 500.5, t_des: 606.0, bed_util_ads: 0.419, bed_util_des: 0.409, des_th: 0.40960732947211714,frac_lost: 0.105, li_recovered:  7.342, time: 0.005998639999234001
L: 0.50, u_super: 0.00329, sec: 177.737, prod: 0.073936, t_ads: 58.5, t_des: 54.8, bed_util_ads: 0.493, bed_util_des: 0.492, des_th: 0.49244091204960183,frac_lost: 0.100, li_recovered:  8.378, time: 0.0045909649998066016
L: 0.50, u_super: 0.00403, sec: 220.469, prod: 0.090369, t_ads: 48.3, t_des: 42.6, bed_util_ads: 0.500, bed_util_des: 0.500, des_th: 0.49975281738190275,frac_lost: 0.106, li_recovered:  8.209, time: 0.004723956000816543
L: 0.50, u_super: 0.00781, sec: 451.057, prod: 0.173831, t_ads: 24.9, t_des: 24.9, bed_util_ads: 0.487, bed_util_des: 0.487, des_th: 0.48654360491317633,frac_lost: 0.100, li_recovered:  8.650, time: 0.006587829999261885
L: 0.50, u_super: 0.00031 — INFEASIBLE (li_recovered=0.000e+00), time: 0.002090378000502824
L: 22.77, u_super: 0.00119 — INFEASIBLE (li_recovered=0.000e+00), time: 0.0006912960016052239
L: 0.50, u_super: 0.00921, sec: 540.239, prod: 0.205765, t_ads: 21.2, t_des: 20.8, bed_util_ads: 0.489, bed_util_des: 0.489, des_th: 0.48873905217964425,frac_lost: 0.105, li_recovered:  8.653, time: 0.005536974998904043
L: 0.50, u_super: 0.00329, sec: 178.161, prod: 0.073715, t_ads: 58.9, t_des: 54.8, bed_util_ads: 0.492, bed_util_des: 0.492, des_th: 0.4920706890996123,frac_lost: 0.106, li_recovered:  8.382, time: 0.004647900999771082
L: 52.35, u_super: 0.00968 — INFEASIBLE (li_recovered=0.000e+00), time: 0.0010723790001065936
L: 29.14, u_super: 0.00157 — INFEASIBLE (li_recovered=0.000e+00), time: 0.0006367740006680833
L: 0.50, u_super: 0.00518, sec: 285.055, prod: 0.116837, t_ads: 37.5, t_des: 33.9, bed_util_ads: 0.498, bed_util_des: 0.498, des_th: 0.4982884587491375,frac_lost: 0.103, li_recovered:  8.343, time: 0.004577854999297415
L: 0.50, u_super: 0.00441, sec: 251.989, prod: 0.094732, t_ads: 44.1, t_des: 47.0, bed_util_ads: 0.477, bed_util_des: 0.476, des_th: 0.47626601792374657,frac_lost: 0.103, li_recovered:  8.629, time: 0.004314355001042713
L: 12.05, u_super: 0.00113 — INFEASIBLE (li_recovered=0.000e+00), time: 0.0007279810015461408
L: 0.50, u_super: 0.00487, sec: 289.493, prod: 0.101376, t_ads: 39.9, t_des: 45.4, bed_util_ads: 0.468, bed_util_des: 0.468, des_th: 0.4677237308151078,frac_lost: 0.103, li_recovered:  8.652, time: 0.004036882000946207
L: 5.83, u_super: 0.00781 — INFEASIBLE (li_recovered=0.000e+00), time: 0.0030602210008510156
L: 0.50, u_super: 0.00763, sec: 433.866, prod: 0.172553, t_ads: 25.6, t_des: 23.6, bed_util_ads: 0.497, bed_util_des: 0.497, des_th: 0.49657143468179377,frac_lost: 0.107, li_recovered:  8.491, time: 0.004380947999379714
L: 0.50, u_super: 0.00466, sec: 255.725, prod: 0.105014, t_ads: 41.7, t_des: 38.6, bed_util_ads: 0.495, bed_util_des: 0.495, des_th: 0.4951286921309507,frac_lost: 0.105, li_recovered:  8.439, time: 0.0042073620006704004
L: 0.51, u_super: 0.00990, sec: 586.575, prod: 0.224438, t_ads: 20.1, t_des: 18.0, bed_util_ads: 0.500, bed_util_des: 0.500, des_th: 0.49999456294578287,frac_lost: 0.104, li_recovered:  8.544, time: 0.006204592000358389
L: 0.50, u_super: 0.00106, sec: 59.741, prod: 0.022254, t_ads: 178.4, t_des: 189.9, bed_util_ads: 0.465, bed_util_des: 0.462, des_th: 0.4621628787243602,frac_lost: 0.105, li_recovered:  8.195, time: 0.0044150339999760035
L: 0.50, u_super: 0.00921, sec: 542.039, prod: 0.205081, t_ads: 21.2, t_des: 21.1, bed_util_ads: 0.487, bed_util_des: 0.486, des_th: 0.486457406258024,frac_lost: 0.103, li_recovered:  8.665, time: 0.005481829999553156
L: 0.50, u_super: 0.00978, sec: 569.514, prod: 0.221730, t_ads: 20.0, t_des: 17.9, bed_util_ads: 0.500, bed_util_des: 0.500, des_th: 0.4999662421827677,frac_lost: 0.105, li_recovered:  8.401, time: 0.004356670999186463
L: 0.50, u_super: 0.00518, sec: 285.310, prod: 0.116735, t_ads: 37.5, t_des: 33.5, bed_util_ads: 0.500, bed_util_des: 0.500, des_th: 0.4996690553198781,frac_lost: 0.103, li_recovered:  8.290, time: 0.00377149899941287
L: 0.50, u_super: 0.00547, sec: 303.629, prod: 0.123557, t_ads: 35.7, t_des: 32.4, bed_util_ads: 0.499, bed_util_des: 0.498, des_th: 0.49840738539693935,frac_lost: 0.102, li_recovered:  8.412, time: 0.004470081999897957
L: 21.96, u_super: 0.00113 — INFEASIBLE (li_recovered=0.000e+00), time: 0.000756552000893862
L: 0.51, u_super: 0.00575, sec: 323.946, prod: 0.129973, t_ads: 34.3, t_des: 30.8, bed_util_ads: 0.498, bed_util_des: 0.498, des_th: 0.49834772835343394,frac_lost: 0.100, li_recovered:  8.450, time: 0.004039613000713871
L: 0.50, u_super: 0.00218, sec: 117.877, prod: 0.047947, t_ads: 88.7, t_des: 77.1, bed_util_ads: 0.499, bed_util_des: 0.498, des_th: 0.4983445150839452,frac_lost: 0.107, li_recovered:  7.949, time: 0.004165786998783005
L: 0.50, u_super: 0.00448, sec: 245.628, prod: 0.100846, t_ads: 43.4, t_des: 38.7, bed_util_ads: 0.500, bed_util_des: 0.500, des_th: 0.49968966046411184,frac_lost: 0.105, li_recovered:  8.277, time: 0.003413723999983631
    71 |     2840 |     40 |  0.0039570006 |             f
L: 0.50, u_super: 0.00842, sec: 508.317, prod: 0.180917, t_ads: 23.2, t_des: 24.9, bed_util_ads: 0.478, bed_util_des: 0.478, des_th: 0.4776866661406202,frac_lost: 0.105, li_recovered:  8.701, time: 0.0041582689991628285
L: 0.50, u_super: 0.00220, sec: 119.446, prod: 0.048305, t_ads: 87.7, t_des: 75.4, bed_util_ads: 0.500, bed_util_des: 0.500, des_th: 0.49957139883581947,frac_lost: 0.106, li_recovered:  7.879, time: 0.003959432000556262
L: 0.50, u_super: 0.00669, sec: 375.962, prod: 0.150962, t_ads: 29.3, t_des: 26.2, bed_util_ads: 0.500, bed_util_des: 0.499, des_th: 0.4994690897692729,frac_lost: 0.108, li_recovered:  8.378, time: 0.0037061019993416267
L: 0.50, u_super: 0.00271, sec: 145.949, prod: 0.060283, t_ads: 71.2, t_des: 68.1, bed_util_ads: 0.488, bed_util_des: 0.487, des_th: 0.48744807287051306,frac_lost: 0.102, li_recovered:  8.400, time: 0.003693978000228526
L: 4.12, u_super: 0.00434 — INFEASIBLE (li_recovered=0.000e+00), time: 0.0026592109988996526
L: 0.50, u_super: 0.00257, sec: 138.811, prod: 0.056914, t_ads: 75.3, t_des: 65.9, bed_util_ads: 0.498, bed_util_des: 0.498, des_th: 0.49821819698014025,frac_lost: 0.105, li_recovered:  8.037, time: 0.0037396100015030243
L: 0.50, u_super: 0.00923, sec: 534.267, prod: 0.209017, t_ads: 21.2, t_des: 19.2, bed_util_ads: 0.500, bed_util_des: 0.500, des_th: 0.4996317033904435,frac_lost: 0.107, li_recovered:  8.455, time: 0.003801714001383516
L: 58.99, u_super: 0.00985 — INFEASIBLE (li_recovered=0.000e+00), time: 0.000859445000969572
L: 75.36, u_super: 0.00329 — INFEASIBLE (li_recovered=0.000e+00), time: 0.0010531140014791163
L: 0.50, u_super: 0.00155, sec: 84.316, prod: 0.033634, t_ads: 123.7, t_des: 123.2, bed_util_ads: 0.478, bed_util_des: 0.477, des_th: 0.4769806780888022,frac_lost: 0.105, li_recovered:  8.306, time: 0.0042193500012217555
L: 25.25, u_super: 0.00037 — INFEASIBLE (li_recovered=0.000e+00), time: 0.0007356980004260549
L: 0.50, u_super: 0.00285, sec: 153.626, prod: 0.063469, t_ads: 67.8, t_des: 64.8, bed_util_ads: 0.488, bed_util_des: 0.487, des_th: 0.48734534794169,frac_lost: 0.102, li_recovered:  8.412, time: 0.003796079001403996
L: 0.50, u_super: 0.00188, sec: 120.927, prod: 0.034690, t_ads: 102.7, t_des: 142.5, bed_util_ads: 0.438, bed_util_des: 0.435, des_th: 0.4354782252119955,frac_lost: 0.104, li_recovered:  8.506, time: 0.007298896998690907
L: 0.50, u_super: 0.00757, sec: 429.003, prod: 0.171586, t_ads: 25.7, t_des: 23.0, bed_util_ads: 0.500, bed_util_des: 0.500, des_th: 0.4995656429367097,frac_lost: 0.101, li_recovered:  8.340, time: 0.005812756999148405
L: 0.50, u_super: 0.00832, sec: 475.973, prod: 0.188526, t_ads: 23.4, t_des: 21.1, bed_util_ads: 0.500, bed_util_des: 0.500, des_th: 0.49993503972751735,frac_lost: 0.104, li_recovered:  8.397, time: 0.00425460199949157
L: 0.50, u_super: 0.00816, sec: 494.596, prod: 0.173871, t_ads: 23.9, t_des: 26.1, bed_util_ads: 0.476, bed_util_des: 0.476, des_th: 0.4756123383254012,frac_lost: 0.105, li_recovered:  8.701, time: 0.005816320999656455
L: 0.50, u_super: 0.00908, sec: 524.264, prod: 0.205639, t_ads: 21.5, t_des: 19.5, bed_util_ads: 0.500, bed_util_des: 0.500, des_th: 0.49981252263675396,frac_lost: 0.106, li_recovered:  8.442, time: 0.005092342000352801
L: 0.50, u_super: 0.00726, sec: 410.260, prod: 0.163968, t_ads: 27.0, t_des: 24.1, bed_util_ads: 0.500, bed_util_des: 0.500, des_th: 0.499795576951414,frac_lost: 0.107, li_recovered:  8.379, time: 0.005583968000792083
L: 0.50, u_super: 0.00945, sec: 547.536, prod: 0.214058, t_ads: 20.7, t_des: 18.5, bed_util_ads: 0.500, bed_util_des: 0.500, des_th: 0.49995349233960223,frac_lost: 0.105, li_recovered:  8.392, time: 0.0052932030012016185
L: 0.50, u_super: 0.00709, sec: 454.473, prod: 0.141167, t_ads: 27.6, t_des: 34.1, bed_util_ads: 0.459, bed_util_des: 0.459, des_th: 0.458721543897151,frac_lost: 0.106, li_recovered:  8.700, time: 0.005802175999633619
L: 0.50, u_super: 0.00798, sec: 453.469, prod: 0.181060, t_ads: 24.3, t_des: 22.2, bed_util_ads: 0.497, bed_util_des: 0.497, des_th: 0.49716626884294224,frac_lost: 0.101, li_recovered:  8.435, time: 0.004581918999974732
L: 0.50, u_super: 0.00810, sec: 482.085, prod: 0.175701, t_ads: 24.1, t_des: 25.3, bed_util_ads: 0.480, bed_util_des: 0.480, des_th: 0.4800882103214964,frac_lost: 0.106, li_recovered:  8.694, time: 0.0064222099990729475
L: 0.50, u_super: 0.00912, sec: 526.989, prod: 0.206678, t_ads: 21.4, t_des: 19.4, bed_util_ads: 0.499, bed_util_des: 0.499, des_th: 0.4991602591684873,frac_lost: 0.106, li_recovered:  8.447, time: 0.0039054640001268126
L: 41.31, u_super: 0.00031 — INFEASIBLE (li_recovered=0.000e+00), time: 0.0008904730002541328
L: 0.51, u_super: 0.00287, sec: 156.888, prod: 0.064244, t_ads: 68.2, t_des: 62.4, bed_util_ads: 0.495, bed_util_des: 0.494, des_th: 0.49437363652984384,frac_lost: 0.100, li_recovered:  8.386, time: 0.0048457119992235675
L: 0.50, u_super: 0.00188, sec: 102.357, prod: 0.040984, t_ads: 101.6, t_des: 86.9, bed_util_ads: 0.499, bed_util_des: 0.498, des_th: 0.4984750085551324,frac_lost: 0.101, li_recovered:  7.726, time: 0.00530170599995472
L: 0.50, u_super: 0.00632, sec: 352.587, prod: 0.143150, t_ads: 30.7, t_des: 27.7, bed_util_ads: 0.499, bed_util_des: 0.499, des_th: 0.4993417882543226,frac_lost: 0.102, li_recovered:  8.365, time: 0.004745481999634649
L: 0.50, u_super: 0.00261, sec: 185.134, prod: 0.044204, t_ads: 74.4, t_des: 120.2, bed_util_ads: 0.422, bed_util_des: 0.419, des_th: 0.41896373341576254,frac_lost: 0.104, li_recovered:  8.601, time: 0.00679961099922366
L: 0.50, u_super: 0.00329, sec: 178.781, prod: 0.073591, t_ads: 59.1, t_des: 55.3, bed_util_ads: 0.493, bed_util_des: 0.492, des_th: 0.49244371473941395,frac_lost: 0.109, li_recovered:  8.423, time: 0.008311757999763358
L: 0.50, u_super: 0.00401, sec: 218.396, prod: 0.089905, t_ads: 48.6, t_des: 43.4, bed_util_ads: 0.499, bed_util_des: 0.498, des_th: 0.4985027339545106,frac_lost: 0.106, li_recovered:  8.268, time: 0.005448043999422225
L: 0.50, u_super: 0.00596, sec: 352.039, prod: 0.126723, t_ads: 32.6, t_des: 35.8, bed_util_ads: 0.474, bed_util_des: 0.473, des_th: 0.47344660196349414,frac_lost: 0.101, li_recovered:  8.669, time: 0.00801650600078574
L: 0.50, u_super: 0.00797, sec: 453.321, prod: 0.180481, t_ads: 24.4, t_des: 22.8, bed_util_ads: 0.495, bed_util_des: 0.495, des_th: 0.4951286921309507,frac_lost: 0.101, li_recovered:  8.520, time: 0.006452042000091751
L: 0.50, u_super: 0.00866, sec: 527.409, prod: 0.184802, t_ads: 22.6, t_des: 24.5, bed_util_ads: 0.476, bed_util_des: 0.476, des_th: 0.47616854014077054,frac_lost: 0.105, li_recovered:  8.705, time: 0.006170442000438925
L: 0.50, u_super: 0.00989, sec: 576.370, prod: 0.224376, t_ads: 19.7, t_des: 18.2, bed_util_ads: 0.498, bed_util_des: 0.498, des_th: 0.49755282663700073,frac_lost: 0.104, li_recovered:  8.501, time: 0.005689347000952694
L: 0.50, u_super: 0.00367, sec: 199.371, prod: 0.082112, t_ads: 53.1, t_des: 47.3, bed_util_ads: 0.499, bed_util_des: 0.498, des_th: 0.49843463670805355,frac_lost: 0.108, li_recovered:  8.249, time: 0.007525737000833033
L: 0.50, u_super: 0.00078, sec: 42.835, prod: 0.016420, t_ads: 239.3, t_des: 222.4, bed_util_ads: 0.477, bed_util_des: 0.476, des_th: 0.4762286468725308,frac_lost: 0.102, li_recovered:  7.581, time: 0.005485879999469034
L: 2.59, u_super: 0.00323 — INFEASIBLE (li_recovered=0.000e+00), time: 0.004108389999601059
L: 0.50, u_super: 0.00187, sec: 100.523, prod: 0.041133, t_ads: 102.5, t_des: 90.9, bed_util_ads: 0.495, bed_util_des: 0.494, des_th: 0.49418536448476574,frac_lost: 0.102, li_recovered:  7.956, time: 0.005807505000120727
L: 0.50, u_super: 0.00604, sec: 335.464, prod: 0.136533, t_ads: 32.1, t_des: 28.8, bed_util_ads: 0.500, bed_util_des: 0.500, des_th: 0.49988328213633976,frac_lost: 0.101, li_recovered:  8.320, time: 0.005374820000724867
L: 0.50, u_super: 0.00268, sec: 144.982, prod: 0.059542, t_ads: 72.0, t_des: 63.2, bed_util_ads: 0.499, bed_util_des: 0.498, des_th: 0.498448679659312,frac_lost: 0.104, li_recovered:  8.051, time: 0.006666087998382864
    72 |     2880 |     40 |  0.0024887280 |             f
L: 0.50, u_super: 0.00747, sec: 424.105, prod: 0.168777, t_ads: 26.2, t_des: 24.0, bed_util_ads: 0.498, bed_util_des: 0.498, des_th: 0.49767636510955887,frac_lost: 0.109, li_recovered:  8.483, time: 0.007765388998450362
L: 5.02, u_super: 0.00642, sec: 5727.260, prod: 0.091263, t_ads: 299.2, t_des: 609.0, bed_util_ads: 0.373, bed_util_des: 0.359, des_th: 0.3594205467881607,frac_lost: 0.106, li_recovered:  82.889, time: 0.009116269999140059
L: 0.50, u_super: 0.00933, sec: 540.223, prod: 0.211454, t_ads: 20.9, t_des: 19.2, bed_util_ads: 0.497, bed_util_des: 0.497, des_th: 0.49714400036744366,frac_lost: 0.105, li_recovered:  8.485, time: 0.0043424129999039
L: 42.17, u_super: 0.00367 — INFEASIBLE (li_recovered=0.000e+00), time: 0.0016338340010406682
L: 0.50, u_super: 0.00274, sec: 150.430, prod: 0.060212, t_ads: 70.2, t_des: 71.0, bed_util_ads: 0.481, bed_util_des: 0.480, des_th: 0.4799344707732786,frac_lost: 0.101, li_recovered:  8.503, time: 0.007223590000648983
L: 0.50, u_super: 0.00174, sec: 93.524, prod: 0.038297, t_ads: 110.0, t_des: 98.9, bed_util_ads: 0.493, bed_util_des: 0.492, des_th: 0.49254024760042464,frac_lost: 0.103, li_recovered:  8.000, time: 0.00458809200063115
L: 0.50, u_super: 0.00518, sec: 284.969, prod: 0.116875, t_ads: 37.4, t_des: 33.6, bed_util_ads: 0.499, bed_util_des: 0.498, des_th: 0.4983442869289388,frac_lost: 0.101, li_recovered:  8.303, time: 0.006356696001603268
L: 4.80, u_super: 0.00977, sec: 5920.593, prod: 0.204179, t_ads: 185.3, t_des: 154.5, bed_util_ads: 0.495, bed_util_des: 0.495, des_th: 0.4951286921309507,frac_lost: 0.105, li_recovered:  69.389, time: 0.006437562000428443
L: 11.06, u_super: 0.00032 — INFEASIBLE (li_recovered=0.000e+00), time: 0.001156936999905156
L: 0.50, u_super: 0.00207, sec: 111.643, prod: 0.045866, t_ads: 93.0, t_des: 83.1, bed_util_ads: 0.496, bed_util_des: 0.495, des_th: 0.4951286921309507,frac_lost: 0.106, li_recovered:  8.076, time: 0.007871570000133943
L: 0.50, u_super: 0.00658, sec: 368.056, prod: 0.148831, t_ads: 29.5, t_des: 26.4, bed_util_ads: 0.500, bed_util_des: 0.500, des_th: 0.4996013997400426,frac_lost: 0.101, li_recovered:  8.315, time: 0.006898453000758309
L: 0.50, u_super: 0.00547, sec: 433.844, prod: 0.086473, t_ads: 36.0, t_des: 65.2, bed_util_ads: 0.412, bed_util_des: 0.410, des_th: 0.41029822303087854,frac_lost: 0.106, li_recovered:  8.752, time: 0.007967939998707152
L: 0.50, u_super: 0.00013 — INFEASIBLE (li_recovered=0.000e+00), time: 0.002040185998339439
L: 17.72, u_super: 0.00093 — INFEASIBLE (li_recovered=0.000e+00), time: 0.0013242589993751608
L: 0.50, u_super: 0.00506, sec: 278.754, prod: 0.114105, t_ads: 38.4, t_des: 34.3, bed_util_ads: 0.500, bed_util_des: 0.500, des_th: 0.49957139883581947,frac_lost: 0.104, li_recovered:  8.292, time: 0.007354560999374371
L: 0.50, u_super: 0.00990, sec: 577.406, prod: 0.224551, t_ads: 19.7, t_des: 17.7, bed_util_ads: 0.500, bed_util_des: 0.500, des_th: 0.49993503972751735,frac_lost: 0.103, li_recovered:  8.398, time: 0.006835505000708508
L: 0.50, u_super: 0.00527, sec: 290.996, prod: 0.118806, t_ads: 36.9, t_des: 32.9, bed_util_ads: 0.500, bed_util_des: 0.500, des_th: 0.49981212267797326,frac_lost: 0.104, li_recovered:  8.290, time: 0.006064452998543857
L: 0.50, u_super: 0.00646, sec: 360.499, prod: 0.146356, t_ads: 30.0, t_des: 27.2, bed_util_ads: 0.498, bed_util_des: 0.498, des_th: 0.49772659208502285,frac_lost: 0.100, li_recovered:  8.375, time: 0.005629459001283976
L: 0.50, u_super: 0.00880, sec: 506.549, prod: 0.199183, t_ads: 22.2, t_des: 20.2, bed_util_ads: 0.499, bed_util_des: 0.498, des_th: 0.4984915687984177,frac_lost: 0.107, li_recovered:  8.446, time: 0.005705707000743132
L: 0.50, u_super: 0.00990, sec: 576.391, prod: 0.224586, t_ads: 19.7, t_des: 17.9, bed_util_ads: 0.499, bed_util_des: 0.499, des_th: 0.49864231173878143,frac_lost: 0.104, li_recovered:  8.449, time: 0.0065005689993995475
L: 0.50, u_super: 0.00093, sec: 51.026, prod: 0.020082, t_ads: 200.5, t_des: 190.7, bed_util_ads: 0.478, bed_util_des: 0.476, des_th: 0.47658857259485377,frac_lost: 0.102, li_recovered:  7.857, time: 0.007475663998775417
L: 0.50, u_super: 0.00077, sec: 42.775, prod: 0.016313, t_ads: 240.2, t_des: 220.7, bed_util_ads: 0.478, bed_util_des: 0.477, des_th: 0.476807350538699,frac_lost: 0.102, li_recovered:  7.518, time: 0.006994151999606402
L: 0.50, u_super: 0.00125, sec: 69.923, prod: 0.026468, t_ads: 151.3, t_des: 125.2, bed_util_ads: 0.498, bed_util_des: 0.498, des_th: 0.49821819698014025,frac_lost: 0.105, li_recovered:  7.319, time: 0.006752077999408357
L: 0.50, u_super: 0.00465, sec: 254.840, prod: 0.104696, t_ads: 41.8, t_des: 38.7, bed_util_ads: 0.495, bed_util_des: 0.494, des_th: 0.49427178991823134,frac_lost: 0.105, li_recovered:  8.428, time: 0.005995112000164227
L: 9.84, u_super: 0.00419 — INFEASIBLE (li_recovered=0.000e+00), time: 0.0028023779996146914
L: 0.50, u_super: 0.00036, sec: 22.602, prod: 0.006632, t_ads: 502.0, t_des: 605.7, bed_util_ads: 0.419, bed_util_des: 0.409, des_th: 0.40936356898225434,frac_lost: 0.106, li_recovered:  7.346, time: 0.0063123049985733815
L: 0.50, u_super: 0.00687, sec: 385.887, prod: 0.155548, t_ads: 28.2, t_des: 25.2, bed_util_ads: 0.500, bed_util_des: 0.500, des_th: 0.4997676623969615,frac_lost: 0.101, li_recovered:  8.319, time: 0.005510342998604756
L: 10.38, u_super: 0.00861 — INFEASIBLE (li_recovered=0.000e+00), time: 0.0036270660002628574
L: 0.50, u_super: 0.00329, sec: 233.831, prod: 0.056199, t_ads: 58.9, t_des: 94.7, bed_util_ads: 0.424, bed_util_des: 0.422, des_th: 0.4221895283316044,frac_lost: 0.102, li_recovered:  8.633, time: 0.007057709999571671
L: 0.50, u_super: 0.00242, sec: 130.924, prod: 0.053422, t_ads: 79.8, t_des: 69.3, bed_util_ads: 0.500, bed_util_des: 0.499, des_th: 0.49929721511313957,frac_lost: 0.105, li_recovered:  7.967, time: 0.006016676999934134
L: 7.36, u_super: 0.00125 — INFEASIBLE (li_recovered=0.000e+00), time: 0.001161014999524923
L: 0.50, u_super: 0.00781, sec: 442.613, prod: 0.177149, t_ads: 24.9, t_des: 22.7, bed_util_ads: 0.498, bed_util_des: 0.498, des_th: 0.49773430030591176,frac_lost: 0.100, li_recovered:  8.424, time: 0.006189301000631531
L: 0.51, u_super: 0.00466, sec: 287.396, prod: 0.094937, t_ads: 42.2, t_des: 50.3, bed_util_ads: 0.463, bed_util_des: 0.463, des_th: 0.46262674466875525,frac_lost: 0.102, li_recovered:  8.786, time: 0.006729819999236497
L: 0.50, u_super: 0.00726, sec: 409.948, prod: 0.164092, t_ads: 26.9, t_des: 24.4, bed_util_ads: 0.498, bed_util_des: 0.498, des_th: 0.4982709456792274,frac_lost: 0.106, li_recovered:  8.424, time: 0.0038232030001381645
L: 11.37, u_super: 0.00422 — INFEASIBLE (li_recovered=0.000e+00), time: 0.0012921569996251492
L: 0.50, u_super: 0.00336, sec: 226.052, prod: 0.060583, t_ads: 57.8, t_des: 84.6, bed_util_ads: 0.435, bed_util_des: 0.434, des_th: 0.43353827279371143,frac_lost: 0.103, li_recovered:  8.627, time: 0.005799992999527603
L: 0.50, u_super: 0.00391, sec: 212.809, prod: 0.087720, t_ads: 49.7, t_des: 46.5, bed_util_ads: 0.493, bed_util_des: 0.492, des_th: 0.49222265041510727,frac_lost: 0.105, li_recovered:  8.441, time: 0.0047435819997190265
L: 0.50, u_super: 0.00819, sec: 468.097, prod: 0.185420, t_ads: 23.9, t_des: 21.7, bed_util_ads: 0.499, bed_util_des: 0.498, des_th: 0.4984395176247868,frac_lost: 0.106, li_recovered:  8.444, time: 0.005585649998465669
L: 0.50, u_super: 0.00500, sec: 275.044, prod: 0.112690, t_ads: 38.9, t_des: 34.7, bed_util_ads: 0.500, bed_util_des: 0.500, des_th: 0.49977004917980006,frac_lost: 0.104, li_recovered:  8.294, time: 0.004190657000435749
L: 0.50, u_super: 0.00916, sec: 528.579, prod: 0.207625, t_ads: 21.3, t_des: 19.4, bed_util_ads: 0.499, bed_util_des: 0.499, des_th: 0.4985251689478848,frac_lost: 0.104, li_recovered:  8.444, time: 0.004712343999926816
    73 |     2920 |     40 |  0.0177115094 |         nadir
L: 0.50, u_super: 0.00271, sec: 197.256, prod: 0.044852, t_ads: 71.7, t_des: 120.4, bed_util_ads: 0.418, bed_util_des: 0.415, des_th: 0.4150472278192064,frac_lost: 0.105, li_recovered:  8.614, time: 0.007101802000761381
L: 0.50, u_super: 0.00318, sec: 184.698, prod: 0.066209, t_ads: 61.0, t_des: 68.7, bed_util_ads: 0.469, bed_util_des: 0.468, des_th: 0.4679679379535968,frac_lost: 0.105, li_recovered:  8.590, time: 0.004561651001495193
L: 0.50, u_super: 0.00674, sec: 382.211, prod: 0.150897, t_ads: 29.1, t_des: 27.9, bed_util_ads: 0.491, bed_util_des: 0.491, des_th: 0.4909947519685123,frac_lost: 0.109, li_recovered:  8.600, time: 0.0044697779994749
L: 0.50, u_super: 0.00781, sec: 454.444, prod: 0.172538, t_ads: 25.1, t_des: 25.2, bed_util_ads: 0.486, bed_util_des: 0.486, des_th: 0.4860211761291934,frac_lost: 0.106, li_recovered:  8.668, time: 0.005055620000348426
L: 4.40, u_super: 0.00025 — INFEASIBLE (li_recovered=0.000e+00), time: 0.0010791300010168925
L: 0.50, u_super: 0.00125 — INFEASIBLE (li_recovered=0.000e+00), time: 0.001926186001583119
L: 0.50, u_super: 0.00690, sec: 387.780, prod: 0.156323, t_ads: 28.1, t_des: 25.1, bed_util_ads: 0.500, bed_util_des: 0.500, des_th: 0.4997676623969615,frac_lost: 0.100, li_recovered:  8.309, time: 0.003934426998966956
L: 0.50, u_super: 0.00815, sec: 464.350, prod: 0.184973, t_ads: 23.8, t_des: 21.8, bed_util_ads: 0.498, bed_util_des: 0.498, des_th: 0.49831549694726346,frac_lost: 0.101, li_recovered:  8.435, time: 0.006045878999429988
L: 0.51, u_super: 0.00547, sec: 307.154, prod: 0.123518, t_ads: 36.1, t_des: 33.5, bed_util_ads: 0.495, bed_util_des: 0.494, des_th: 0.49432642148917655,frac_lost: 0.101, li_recovered:  8.594, time: 0.0037925249998806976
L: 56.07, u_super: 0.00535 — INFEASIBLE (li_recovered=0.000e+00), time: 0.0008334539998031687
L: 0.50, u_super: 0.00422, sec: 230.392, prod: 0.094706, t_ads: 46.1, t_des: 43.1, bed_util_ads: 0.493, bed_util_des: 0.493, des_th: 0.4926266730338902,frac_lost: 0.105, li_recovered:  8.454, time: 0.004584874001011485
L: 0.50, u_super: 0.00990, sec: 576.404, prod: 0.224581, t_ads: 19.7, t_des: 18.0, bed_util_ads: 0.500, bed_util_des: 0.500, des_th: 0.49957671994968206,frac_lost: 0.104, li_recovered:  8.459, time: 0.004326693000621162
L: 44.89, u_super: 0.00099 — INFEASIBLE (li_recovered=0.000e+00), time: 0.0008845119991747197
L: 0.50, u_super: 0.00094 — INFEASIBLE (li_recovered=0.000e+00), time: 0.0020574819991452387
L: 0.50, u_super: 0.00702, sec: 394.740, prod: 0.159048, t_ads: 27.6, t_des: 24.8, bed_util_ads: 0.500, bed_util_des: 0.500, des_th: 0.4999922626353189,frac_lost: 0.101, li_recovered:  8.334, time: 0.004660422000597464
L: 0.50, u_super: 0.00871, sec: 500.591, prod: 0.197284, t_ads: 22.4, t_des: 20.4, bed_util_ads: 0.500, bed_util_des: 0.500, des_th: 0.49957139883581947,frac_lost: 0.106, li_recovered:  8.445, time: 0.003895822001140914
L: 0.51, u_super: 0.00282, sec: 154.433, prod: 0.063111, t_ads: 69.5, t_des: 63.3, bed_util_ads: 0.495, bed_util_des: 0.494, des_th: 0.49437363652984384,frac_lost: 0.102, li_recovered:  8.378, time: 0.0037389810004242463
L: 5.98, u_super: 0.00022 — INFEASIBLE (li_recovered=0.000e+00), time: 0.0007782089996908326
L: 0.50, u_super: 0.00035, sec: 21.380, prod: 0.006561, t_ads: 493.9, t_des: 461.8, bed_util_ads: 0.449, bed_util_des: 0.447, des_th: 0.44763688086312403,frac_lost: 0.101, li_recovered:  6.270, time: 0.003649009000582737
L: 15.90, u_super: 0.00635 — INFEASIBLE (li_recovered=0.000e+00), time: 0.0013680080010090023
L: 0.50, u_super: 0.00422, sec: 239.730, prod: 0.091014, t_ads: 46.1, t_des: 48.6, bed_util_ads: 0.478, bed_util_des: 0.478, des_th: 0.47757073130101146,frac_lost: 0.105, li_recovered:  8.622, time: 0.0040263789996970445
L: 0.50, u_super: 0.00479, sec: 262.966, prod: 0.107708, t_ads: 40.6, t_des: 38.1, bed_util_ads: 0.494, bed_util_des: 0.493, des_th: 0.493491668071024,frac_lost: 0.104, li_recovered:  8.478, time: 0.004314984000302502
L: 0.50, u_super: 0.00604, sec: 346.509, prod: 0.132189, t_ads: 32.2, t_des: 33.3, bed_util_ads: 0.481, bed_util_des: 0.481, des_th: 0.48097162464271165,frac_lost: 0.102, li_recovered:  8.654, time: 0.003878478999467916
L: 0.50, u_super: 0.00213, sec: 117.275, prod: 0.046247, t_ads: 90.5, t_des: 92.3, bed_util_ads: 0.478, bed_util_des: 0.477, des_th: 0.4769806780888022,frac_lost: 0.106, li_recovered:  8.456, time: 0.003843225000309758
L: 0.50, u_super: 0.00239, sec: 129.478, prod: 0.052788, t_ads: 80.7, t_des: 70.0, bed_util_ads: 0.499, bed_util_des: 0.499, des_th: 0.49927621019873747,frac_lost: 0.105, li_recovered:  7.954, time: 0.0060680019996652845
L: 0.50, u_super: 0.00287, sec: 156.055, prod: 0.063866, t_ads: 67.6, t_des: 59.4, bed_util_ads: 0.499, bed_util_des: 0.498, des_th: 0.4984545893925758,frac_lost: 0.102, li_recovered:  8.109, time: 0.004031022999697598
L: 0.50, u_super: 0.00367, sec: 199.257, prod: 0.082362, t_ads: 53.0, t_des: 48.5, bed_util_ads: 0.496, bed_util_des: 0.495, des_th: 0.4952620939308833,frac_lost: 0.106, li_recovered:  8.356, time: 0.0038906919999135425
L: 0.58, u_super: 0.00908, sec: 610.795, prod: 0.205840, t_ads: 25.0, t_des: 22.5, bed_util_ads: 0.500, bed_util_des: 0.500, des_th: 0.49981252263675396,frac_lost: 0.102, li_recovered:  9.776, time: 0.004610820999005227
L: 12.77, u_super: 0.00836 — INFEASIBLE (li_recovered=0.000e+00), time: 0.0023267199994734256
L: 4.38, u_super: 0.00781 — INFEASIBLE (li_recovered=0.000e+00), time: 0.0024280320012621814
L: 0.50, u_super: 0.00036 — INFEASIBLE (li_recovered=0.000e+00), time: 0.0021425790000648703
L: 9.22, u_super: 0.00680 — INFEASIBLE (li_recovered=0.000e+00), time: 0.0026717960008681985
L: 0.50, u_super: 0.00562, sec: 338.649, prod: 0.116551, t_ads: 34.9, t_des: 39.5, bed_util_ads: 0.470, bed_util_des: 0.469, des_th: 0.4689767734470697,frac_lost: 0.110, li_recovered:  8.677, time: 0.0052676350005640415
L: 0.50, u_super: 0.00696, sec: 392.048, prod: 0.157415, t_ads: 28.1, t_des: 25.5, bed_util_ads: 0.498, bed_util_des: 0.498, des_th: 0.49767636510955887,frac_lost: 0.106, li_recovered:  8.432, time: 0.0054709460000594845
L: 75.29, u_super: 0.00412 — INFEASIBLE (li_recovered=0.000e+00), time: 0.001101265999750467
L: 0.50, u_super: 0.00340, sec: 184.395, prod: 0.076187, t_ads: 57.2, t_des: 51.6, bed_util_ads: 0.497, bed_util_des: 0.497, des_th: 0.49705540763011535,frac_lost: 0.108, li_recovered:  8.289, time: 0.004433505000633886
L: 5.79, u_super: 0.00780 — INFEASIBLE (li_recovered=0.000e+00), time: 0.004199270000754041
L: 8.37, u_super: 0.00965 — INFEASIBLE (li_recovered=0.000e+00), time: 0.003255055000408902
L: 0.50, u_super: 0.00422, sec: 230.160, prod: 0.094941, t_ads: 46.1, t_des: 42.1, bed_util_ads: 0.496, bed_util_des: 0.495, des_th: 0.4953442924440174,frac_lost: 0.105, li_recovered:  8.372, time: 0.006963449000977562
L: 0.50, u_super: 0.00605, sec: 336.704, prod: 0.136837, t_ads: 32.1, t_des: 28.7, bed_util_ads: 0.500, bed_util_des: 0.500, des_th: 0.49988328213633976,frac_lost: 0.101, li_recovered:  8.308, time: 0.004484629000216955
    74 |     2960 |     40 |  0.0016412085 |             f
L: 0.50, u_super: 0.00456, sec: 249.423, prod: 0.102596, t_ads: 42.7, t_des: 39.5, bed_util_ads: 0.494, bed_util_des: 0.494, des_th: 0.49394918226941475,frac_lost: 0.104, li_recovered:  8.429, time: 0.006566924999788171
L: 0.50, u_super: 0.00739, sec: 416.961, prod: 0.167538, t_ads: 26.3, t_des: 23.8, bed_util_ads: 0.499, bed_util_des: 0.499, des_th: 0.4990190756160509,frac_lost: 0.101, li_recovered:  8.387, time: 0.006127471999207046
L: 0.50, u_super: 0.00671, sec: 377.472, prod: 0.151505, t_ads: 29.2, t_des: 26.1, bed_util_ads: 0.500, bed_util_des: 0.500, des_th: 0.49993760148778243,frac_lost: 0.108, li_recovered:  8.373, time: 0.00713871200059657
L: 0.50, u_super: 0.00031, sec: 19.385, prod: 0.005922, t_ads: 551.5, t_des: 619.7, bed_util_ads: 0.422, bed_util_des: 0.415, des_th: 0.41506323032137826,frac_lost: 0.100, li_recovered:  6.936, time: 0.005517137999049737
L: 0.50, u_super: 0.00422, sec: 230.127, prod: 0.094954, t_ads: 46.0, t_des: 42.2, bed_util_ads: 0.496, bed_util_des: 0.495, des_th: 0.4953442924440174,frac_lost: 0.105, li_recovered:  8.375, time: 0.0045215529989945935
L: 0.50, u_super: 0.00984, sec: 572.874, prod: 0.223177, t_ads: 19.8, t_des: 17.8, bed_util_ads: 0.500, bed_util_des: 0.500, des_th: 0.499641611720402,frac_lost: 0.104, li_recovered:  8.402, time: 0.006117106999226962
L: 0.50, u_super: 0.00858, sec: 522.142, prod: 0.183417, t_ads: 22.8, t_des: 24.7, bed_util_ads: 0.477, bed_util_des: 0.476, des_th: 0.47630995876253873,frac_lost: 0.107, li_recovered:  8.706, time: 0.006380683000315912
L: 54.94, u_super: 0.00185 — INFEASIBLE (li_recovered=0.000e+00), time: 0.0010554239997873083
L: 0.50, u_super: 0.00157, sec: 85.529, prod: 0.034181, t_ads: 121.7, t_des: 121.4, bed_util_ads: 0.478, bed_util_des: 0.477, des_th: 0.476959052764451,frac_lost: 0.104, li_recovered:  8.309, time: 0.009069560999705573
L: 0.50, u_super: 0.00933, sec: 540.448, prod: 0.211365, t_ads: 21.0, t_des: 19.2, bed_util_ads: 0.497, bed_util_des: 0.497, des_th: 0.4972016751433168,frac_lost: 0.106, li_recovered:  8.490, time: 0.005555150000873255
L: 0.50, u_super: 0.00575, sec: 318.437, prod: 0.130047, t_ads: 33.7, t_des: 30.6, bed_util_ads: 0.499, bed_util_des: 0.498, des_th: 0.49834772835343394,frac_lost: 0.101, li_recovered:  8.368, time: 0.005522056000700104
L: 0.50, u_super: 0.00759, sec: 431.291, prod: 0.171218, t_ads: 25.8, t_des: 24.0, bed_util_ads: 0.496, bed_util_des: 0.496, des_th: 0.49618931704917196,frac_lost: 0.108, li_recovered:  8.526, time: 0.004958284000167623
L: 0.50, u_super: 0.00880, sec: 506.411, prod: 0.199404, t_ads: 22.2, t_des: 20.2, bed_util_ads: 0.499, bed_util_des: 0.499, des_th: 0.4987406575470841,frac_lost: 0.106, li_recovered:  8.450, time: 0.005646668001645594
L: 0.50, u_super: 0.00139, sec: 76.854, prod: 0.029884, t_ads: 137.2, t_des: 115.7, bed_util_ads: 0.498, bed_util_des: 0.498, des_th: 0.4982022172281532,frac_lost: 0.109, li_recovered:  7.558, time: 0.005865092000021832
L: 0.50, u_super: 0.00121, sec: 121.868, prod: 0.014107, t_ads: 161.1, t_des: 445.6, bed_util_ads: 0.350, bed_util_des: 0.339, des_th: 0.33950935785210457,frac_lost: 0.107, li_recovered:  8.559, time: 0.011528265999004361
L: 0.50, u_super: 0.00815, sec: 465.546, prod: 0.184498, t_ads: 24.0, t_des: 21.8, bed_util_ads: 0.499, bed_util_des: 0.499, des_th: 0.49869874371885686,frac_lost: 0.106, li_recovered:  8.447, time: 0.008060281999860308
L: 7.95, u_super: 0.00511 — INFEASIBLE (li_recovered=0.000e+00), time: 0.0022568320000573294
L: 0.50, u_super: 0.00074, sec: 41.237, prod: 0.015581, t_ads: 250.6, t_des: 228.9, bed_util_ads: 0.478, bed_util_des: 0.476, des_th: 0.47658857259485377,frac_lost: 0.104, li_recovered:  7.472, time: 0.004563383999993675
L: 0.50, u_super: 0.00539, sec: 304.897, prod: 0.118834, t_ads: 36.0, t_des: 36.6, bed_util_ads: 0.484, bed_util_des: 0.484, des_th: 0.48362956410973096,frac_lost: 0.102, li_recovered:  8.630, time: 0.00785052699939115
L: 0.50, u_super: 0.00488, sec: 267.828, prod: 0.109888, t_ads: 39.9, t_des: 36.0, bed_util_ads: 0.498, bed_util_des: 0.498, des_th: 0.49773430030591176,frac_lost: 0.105, li_recovered:  8.338, time: 0.00682577699990361
L: 0.50, u_super: 0.00135, sec: 72.947, prod: 0.029298, t_ads: 142.1, t_des: 137.2, bed_util_ads: 0.481, bed_util_des: 0.480, des_th: 0.48025706065738477,frac_lost: 0.107, li_recovered:  8.180, time: 0.004924673999994411
L: 0.50, u_super: 0.00077, sec: 42.810, prod: 0.016300, t_ads: 240.3, t_des: 242.0, bed_util_ads: 0.467, bed_util_des: 0.464, des_th: 0.46461612942380714,frac_lost: 0.100, li_recovered:  7.862, time: 0.006254300998989493
L: 4.28, u_super: 0.00780 — INFEASIBLE (li_recovered=0.000e+00), time: 0.004219677000946831
L: 0.51, u_super: 0.00347, sec: 191.218, prod: 0.077584, t_ads: 57.2, t_des: 52.3, bed_util_ads: 0.495, bed_util_des: 0.495, des_th: 0.49506359151667,frac_lost: 0.108, li_recovered:  8.492, time: 0.004772231999595533
L: 28.19, u_super: 0.00527 — INFEASIBLE (li_recovered=0.000e+00), time: 0.0012024949992337497
L: 0.50, u_super: 0.00582, sec: 322.670, prod: 0.131480, t_ads: 33.4, t_des: 29.9, bed_util_ads: 0.500, bed_util_des: 0.500, des_th: 0.49996076217474633,frac_lost: 0.102, li_recovered:  8.324, time: 0.006532598999910988
L: 0.50, u_super: 0.00093 — INFEASIBLE (li_recovered=0.000e+00), time: 0.0032462500003020978
L: 49.61, u_super: 0.00817 — INFEASIBLE (li_recovered=0.000e+00), time: 0.0013006870012759464
L: 0.50, u_super: 0.00908, sec: 523.784, prod: 0.205828, t_ads: 21.5, t_des: 19.5, bed_util_ads: 0.500, bed_util_des: 0.499, des_th: 0.49949092504198095,frac_lost: 0.105, li_recovered:  8.446, time: 0.007292636000784114
L: 0.50, u_super: 0.00990, sec: 576.904, prod: 0.224387, t_ads: 19.8, t_des: 17.9, bed_util_ads: 0.499, bed_util_des: 0.499, des_th: 0.4989647807760346,frac_lost: 0.105, li_recovered:  8.459, time: 0.004971381998984725
L: 32.32, u_super: 0.00031 — INFEASIBLE (li_recovered=0.000e+00), time: 0.000958945000093081
L: 0.50, u_super: 0.00185, sec: 100.947, prod: 0.040370, t_ads: 103.3, t_des: 88.3, bed_util_ads: 0.500, bed_util_des: 0.499, des_th: 0.4995656429367097,frac_lost: 0.102, li_recovered:  7.733, time: 0.006375457000103779
L: 0.50, u_super: 0.00864, sec: 496.436, prod: 0.195753, t_ads: 22.6, t_des: 20.8, bed_util_ads: 0.497, bed_util_des: 0.497, des_th: 0.4969320548853617,frac_lost: 0.105, li_recovered:  8.494, time: 0.006263252000280772
L: 0.50, u_super: 0.00743, sec: 445.592, prod: 0.158802, t_ads: 26.3, t_des: 28.4, bed_util_ads: 0.477, bed_util_des: 0.477, des_th: 0.4770189331067346,frac_lost: 0.107, li_recovered:  8.696, time: 0.007579589999295422
L: 0.50, u_super: 0.00912, sec: 527.166, prod: 0.206346, t_ads: 21.5, t_des: 19.5, bed_util_ads: 0.500, bed_util_des: 0.500, des_th: 0.49966304067489037,frac_lost: 0.108, li_recovered:  8.458, time: 0.006530433000079938
L: 22.65, u_super: 0.00990 — INFEASIBLE (li_recovered=0.000e+00), time: 0.00353650800025207
L: 0.50, u_super: 0.00465, sec: 254.883, prod: 0.104679, t_ads: 41.9, t_des: 38.6, bed_util_ads: 0.495, bed_util_des: 0.494, des_th: 0.49429456277257616,frac_lost: 0.105, li_recovered:  8.426, time: 0.00629948399910063
L: 0.50, u_super: 0.00684, sec: 437.824, prod: 0.135915, t_ads: 28.7, t_des: 35.5, bed_util_ads: 0.459, bed_util_des: 0.458, des_th: 0.4584572203711355,frac_lost: 0.106, li_recovered:  8.714, time: 0.0069987530005164444
L: 24.85, u_super: 0.00658 — INFEASIBLE (li_recovered=0.000e+00), time: 0.001834406999478233
L: 0.50, u_super: 0.00780, sec: 443.926, prod: 0.176302, t_ads: 25.1, t_des: 23.0, bed_util_ads: 0.498, bed_util_des: 0.498, des_th: 0.4982884587491375,frac_lost: 0.108, li_recovered:  8.483, time: 0.007833723999283393
    75 |     3000 |     40 |  0.0020966839 |             f
L: 39.70, u_super: 0.00843 — INFEASIBLE (li_recovered=0.000e+00), time: 0.0015291969993995735
L: 0.50, u_super: 0.00924, sec: 641.792, prod: 0.174420, t_ads: 21.1, t_des: 28.9, bed_util_ads: 0.447, bed_util_des: 0.447, des_th: 0.44683829491769606,frac_lost: 0.102, li_recovered:  8.717, time: 0.006699894000121276
L: 0.50, u_super: 0.00794, sec: 451.103, prod: 0.180156, t_ads: 24.4, t_des: 22.0, bed_util_ads: 0.500, bed_util_des: 0.499, des_th: 0.49950484864179334,frac_lost: 0.100, li_recovered:  8.372, time: 0.004054084998642793
L: 0.50, u_super: 0.00862, sec: 550.768, prod: 0.175538, t_ads: 22.7, t_des: 27.0, bed_util_ads: 0.464, bed_util_des: 0.464, des_th: 0.46393053193609474,frac_lost: 0.105, li_recovered:  8.710, time: 0.004912396998406621
L: 9.68, u_super: 0.00031 — INFEASIBLE (li_recovered=0.000e+00), time: 0.0011021469999832334
L: 0.50, u_super: 0.00329, sec: 178.637, prod: 0.073567, t_ads: 59.1, t_des: 55.3, bed_util_ads: 0.493, bed_util_des: 0.493, des_th: 0.4925891204110136,frac_lost: 0.108, li_recovered:  8.420, time: 0.006736866000210284
L: 0.50, u_super: 0.00206, sec: 112.101, prod: 0.045076, t_ads: 92.9, t_des: 79.4, bed_util_ads: 0.500, bed_util_des: 0.500, des_th: 0.4999940584468599,frac_lost: 0.101, li_recovered:  7.768, time: 0.004880689000856364
L: 0.50, u_super: 0.00217, sec: 116.582, prod: 0.048131, t_ads: 89.0, t_des: 81.2, bed_util_ads: 0.493, bed_util_des: 0.492, des_th: 0.49250056449944696,frac_lost: 0.106, li_recovered:  8.192, time: 0.004492482999921776
L: 0.50, u_super: 0.00670, sec: 376.530, prod: 0.151432, t_ads: 29.2, t_des: 26.2, bed_util_ads: 0.500, bed_util_des: 0.499, des_th: 0.4994690897692729,frac_lost: 0.107, li_recovered:  8.386, time: 0.003948495999793522
L: 0.50, u_super: 0.00397, sec: 216.009, prod: 0.089171, t_ads: 49.0, t_des: 44.3, bed_util_ads: 0.498, bed_util_des: 0.498, des_th: 0.4978390095463314,frac_lost: 0.106, li_recovered:  8.319, time: 0.0055977859992708545
L: 0.50, u_super: 0.00287, sec: 156.147, prod: 0.063717, t_ads: 67.4, t_des: 65.5, bed_util_ads: 0.486, bed_util_des: 0.486, des_th: 0.4857401788705319,frac_lost: 0.105, li_recovered:  8.468, time: 0.004638809999960358
L: 0.50, u_super: 0.00020 — INFEASIBLE (li_recovered=0.000e+00), time: 0.001625681999939843
L: 0.50, u_super: 0.00266, sec: 143.435, prod: 0.059130, t_ads: 72.4, t_des: 63.8, bed_util_ads: 0.498, bed_util_des: 0.498, des_th: 0.49821819698014025,frac_lost: 0.101, li_recovered:  8.055, time: 0.005414551000285428
L: 1.11, u_super: 0.00604, sec: 758.730, prod: 0.133887, t_ads: 70.7, t_des: 61.4, bed_util_ads: 0.500, bed_util_des: 0.500, des_th: 0.49988328213633976,frac_lost: 0.102, li_recovered:  17.693, time: 0.0044043010002496885
L: 0.50, u_super: 0.00465, sec: 254.830, prod: 0.104700, t_ads: 41.8, t_des: 38.8, bed_util_ads: 0.495, bed_util_des: 0.495, des_th: 0.4949845081909288,frac_lost: 0.105, li_recovered:  8.439, time: 0.005078311998659046
L: 0.50, u_super: 0.00990, sec: 576.237, prod: 0.224646, t_ads: 19.7, t_des: 17.7, bed_util_ads: 0.500, bed_util_des: 0.500, des_th: 0.4997275809196764,frac_lost: 0.103, li_recovered:  8.407, time: 0.0066305529999226565
L: 0.50, u_super: 0.00722, sec: 408.368, prod: 0.163183, t_ads: 27.1, t_des: 24.9, bed_util_ads: 0.497, bed_util_des: 0.497, des_th: 0.49672471891916087,frac_lost: 0.107, li_recovered:  8.483, time: 0.006174412999826018
L: 0.50, u_super: 0.00471, sec: 258.409, prod: 0.105992, t_ads: 41.3, t_des: 36.9, bed_util_ads: 0.499, bed_util_des: 0.499, des_th: 0.4985766046428931,frac_lost: 0.104, li_recovered:  8.283, time: 0.005994421000650618
L: 20.15, u_super: 0.00604 — INFEASIBLE (li_recovered=0.000e+00), time: 0.0013707159996556584
L: 0.50, u_super: 0.00944, sec: 547.343, prod: 0.213846, t_ads: 20.7, t_des: 18.6, bed_util_ads: 0.500, bed_util_des: 0.500, des_th: 0.49994983010805505,frac_lost: 0.105, li_recovered:  8.400, time: 0.005450575999930152
L: 0.50, u_super: 0.00093, sec: 51.225, prod: 0.020004, t_ads: 201.0, t_des: 197.6, bed_util_ads: 0.473, bed_util_des: 0.471, des_th: 0.47149080217132583,frac_lost: 0.103, li_recovered:  7.974, time: 0.004385819998788065
L: 0.50, u_super: 0.00636, sec: 355.072, prod: 0.144005, t_ads: 30.5, t_des: 27.6, bed_util_ads: 0.499, bed_util_des: 0.499, des_th: 0.4993417882543226,frac_lost: 0.102, li_recovered:  8.374, time: 0.0042056069996760925
L: 0.50, u_super: 0.00213, sec: 117.248, prod: 0.046255, t_ads: 90.6, t_des: 92.2, bed_util_ads: 0.478, bed_util_des: 0.477, des_th: 0.47683246205116364,frac_lost: 0.106, li_recovered:  8.454, time: 0.004766603999087238
L: 0.50, u_super: 0.00505, sec: 278.080, prod: 0.113785, t_ads: 38.5, t_des: 34.4, bed_util_ads: 0.500, bed_util_des: 0.500, des_th: 0.49981212267797326,frac_lost: 0.104, li_recovered:  8.292, time: 0.0034146859998145374
L: 22.07, u_super: 0.00609 — INFEASIBLE (li_recovered=0.000e+00), time: 0.00139762700018764
L: 0.50, u_super: 0.00220, sec: 118.512, prod: 0.048866, t_ads: 87.7, t_des: 78.9, bed_util_ads: 0.495, bed_util_des: 0.494, des_th: 0.49412571203492067,frac_lost: 0.106, li_recovered:  8.140, time: 0.0061637079998035915
L: 0.50, u_super: 0.00023, sec: 14.860, prod: 0.004045, t_ads: 724.2, t_des: 816.6, bed_util_ads: 0.403, bed_util_des: 0.394, des_th: 0.3943068104859974,frac_lost: 0.102, li_recovered:  6.233, time: 0.0034124449994124006
L: 0.50, u_super: 0.00424, sec: 231.401, prod: 0.095405, t_ads: 45.9, t_des: 41.9, bed_util_ads: 0.496, bed_util_des: 0.495, des_th: 0.4953442924440174,frac_lost: 0.105, li_recovered:  8.375, time: 0.004648083999200026
L: 0.50, u_super: 0.00745, sec: 422.632, prod: 0.167983, t_ads: 26.3, t_des: 24.4, bed_util_ads: 0.496, bed_util_des: 0.496, des_th: 0.49564258099611425,frac_lost: 0.108, li_recovered:  8.524, time: 0.004006727000160026
L: 3.37, u_super: 0.00287 — INFEASIBLE (li_recovered=0.000e+00), time: 0.0025641350002842955
L: 0.50, u_super: 0.00697, sec: 401.939, prod: 0.154003, t_ads: 28.1, t_des: 28.1, bed_util_ads: 0.487, bed_util_des: 0.486, des_th: 0.4862677607428188,frac_lost: 0.108, li_recovered:  8.659, time: 0.003855151000607293
L: 0.50, u_super: 0.00478, sec: 262.342, prod: 0.107904, t_ads: 40.6, t_des: 36.7, bed_util_ads: 0.498, bed_util_des: 0.498, des_th: 0.49773430030591176,frac_lost: 0.103, li_recovered:  8.332, time: 0.004542317999948864
L: 0.50, u_super: 0.00836, sec: 478.797, prod: 0.189240, t_ads: 23.4, t_des: 21.5, bed_util_ads: 0.497, bed_util_des: 0.497, des_th: 0.49675103721533664,frac_lost: 0.106, li_recovered:  8.489, time: 0.005002488000172889
L: 0.50, u_super: 0.00527, sec: 290.148, prod: 0.119153, t_ads: 36.7, t_des: 33.8, bed_util_ads: 0.496, bed_util_des: 0.495, des_th: 0.49549528349345207,frac_lost: 0.101, li_recovered:  8.408, time: 0.004411362000610097
L: 0.50, u_super: 0.00458, sec: 251.003, prod: 0.103269, t_ads: 42.4, t_des: 39.2, bed_util_ads: 0.494, bed_util_des: 0.494, des_th: 0.49394918226941475,frac_lost: 0.104, li_recovered:  8.427, time: 0.0036548170010064496
L: 9.55, u_super: 0.00104 — INFEASIBLE (li_recovered=0.000e+00), time: 0.000942189999477705
L: 0.50, u_super: 0.00031, sec: 19.344, prod: 0.005935, t_ads: 552.0, t_des: 612.4, bed_util_ads: 0.423, bed_util_des: 0.416, des_th: 0.41602217624333393,frac_lost: 0.101, li_recovered:  6.910, time: 0.0036279609994380735
L: 0.50, u_super: 0.00724, sec: 409.676, prod: 0.163504, t_ads: 27.1, t_des: 24.2, bed_util_ads: 0.500, bed_util_des: 0.500, des_th: 0.4999135693527246,frac_lost: 0.109, li_recovered:  8.388, time: 0.006583902999409474
L: 0.50, u_super: 0.00580, sec: 322.054, prod: 0.130985, t_ads: 33.5, t_des: 30.0, bed_util_ads: 0.500, bed_util_des: 0.500, des_th: 0.49981212267797326,frac_lost: 0.104, li_recovered:  8.319, time: 0.0075125300008949125
L: 0.50, u_super: 0.00933, sec: 540.027, prod: 0.211548, t_ads: 20.9, t_des: 19.2, bed_util_ads: 0.497, bed_util_des: 0.497, des_th: 0.49714400036744366,frac_lost: 0.104, li_recovered:  8.490, time: 0.006804014001318137
    76 |     3040 |     40 |  0.0079877896 |         ideal
L: 0.50, u_super: 0.00424, sec: 231.488, prod: 0.095372, t_ads: 45.9, t_des: 41.9, bed_util_ads: 0.496, bed_util_des: 0.495, des_th: 0.4953472734912963,frac_lost: 0.106, li_recovered:  8.375, time: 0.00579879399992933
L: 0.50, u_super: 0.00076 — INFEASIBLE (li_recovered=0.000e+00), time: 0.003526705000695074
L: 0.50, u_super: 0.00697, sec: 416.048, prod: 0.148781, t_ads: 28.1, t_des: 30.3, bed_util_ads: 0.477, bed_util_des: 0.477, des_th: 0.47652313387968037,frac_lost: 0.108, li_recovered:  8.691, time: 0.0058371230006741825
L: 0.50, u_super: 0.00667, sec: 374.529, prod: 0.150625, t_ads: 29.3, t_des: 26.3, bed_util_ads: 0.499, bed_util_des: 0.499, des_th: 0.4993460208931079,frac_lost: 0.107, li_recovered:  8.381, time: 0.005718028998671798
L: 0.50, u_super: 0.00990, sec: 576.483, prod: 0.224596, t_ads: 19.7, t_des: 17.7, bed_util_ads: 0.500, bed_util_des: 0.500, des_th: 0.4999729721904664,frac_lost: 0.103, li_recovered:  8.401, time: 0.005126796999320504
L: 0.50, u_super: 0.00126, sec: 67.898, prod: 0.027400, t_ads: 150.9, t_des: 143.5, bed_util_ads: 0.482, bed_util_des: 0.481, des_th: 0.4810575480311859,frac_lost: 0.103, li_recovered:  8.067, time: 0.0043218299997533904
L: 0.50, u_super: 0.00356, sec: 193.699, prod: 0.079594, t_ads: 54.7, t_des: 48.2, bed_util_ads: 0.500, bed_util_des: 0.500, des_th: 0.49955583289188293,frac_lost: 0.108, li_recovered:  8.190, time: 0.0035995400012325263
L: 0.50, u_super: 0.00157, sec: 85.572, prod: 0.034163, t_ads: 122.0, t_des: 121.3, bed_util_ads: 0.478, bed_util_des: 0.477, des_th: 0.476959052764451,frac_lost: 0.105, li_recovered:  8.310, time: 0.00409196800137579
L: 17.97, u_super: 0.00836 — INFEASIBLE (li_recovered=0.000e+00), time: 0.0015544840007351013
L: 0.50, u_super: 0.00872, sec: 801.241, prod: 0.123599, t_ads: 22.3, t_des: 48.3, bed_util_ads: 0.391, bed_util_des: 0.390, des_th: 0.3903398376134848,frac_lost: 0.101, li_recovered:  8.730, time: 0.005797939000331098
L: 0.50, u_super: 0.00166, sec: 90.598, prod: 0.036140, t_ads: 115.0, t_des: 115.8, bed_util_ads: 0.478, bed_util_des: 0.477, des_th: 0.476959052764451,frac_lost: 0.102, li_recovered:  8.343, time: 0.005004573000405799
L: 0.50, u_super: 0.00900, sec: 530.710, prod: 0.199611, t_ads: 21.7, t_des: 21.8, bed_util_ads: 0.486, bed_util_des: 0.486, des_th: 0.4862677607428188,frac_lost: 0.105, li_recovered:  8.674, time: 0.004080644999703509
L: 0.50, u_super: 0.00990, sec: 576.944, prod: 0.224360, t_ads: 19.7, t_des: 17.7, bed_util_ads: 0.500, bed_util_des: 0.500, des_th: 0.4998671816434083,frac_lost: 0.105, li_recovered:  8.409, time: 0.0035830969991366146
L: 0.50, u_super: 0.00609, sec: 338.795, prod: 0.137510, t_ads: 31.9, t_des: 28.5, bed_util_ads: 0.500, bed_util_des: 0.500, des_th: 0.49988328213633976,frac_lost: 0.102, li_recovered:  8.308, time: 0.006053719000192359
L: 0.50, u_super: 0.00794, sec: 451.258, prod: 0.180089, t_ads: 24.5, t_des: 22.1, bed_util_ads: 0.500, bed_util_des: 0.500, des_th: 0.49996528163637416,frac_lost: 0.101, li_recovered:  8.387, time: 0.005082622999907471
L: 0.50, u_super: 0.00287, sec: 154.414, prod: 0.064181, t_ads: 67.3, t_des: 61.3, bed_util_ads: 0.495, bed_util_des: 0.494, des_th: 0.49437363652984384,frac_lost: 0.103, li_recovered:  8.254, time: 0.0046431450009549735
L: 0.50, u_super: 0.00781, sec: 444.922, prod: 0.176222, t_ads: 25.2, t_des: 23.0, bed_util_ads: 0.498, bed_util_des: 0.498, des_th: 0.49773430030591176,frac_lost: 0.110, li_recovered:  8.489, time: 0.004423575001055724
L: 0.50, u_super: 0.00818, sec: 467.999, prod: 0.185025, t_ads: 23.9, t_des: 21.9, bed_util_ads: 0.498, bed_util_des: 0.498, des_th: 0.49831549694726346,frac_lost: 0.108, li_recovered:  8.483, time: 0.004322397999203531
L: 0.50, u_super: 0.00827, sec: 473.167, prod: 0.187098, t_ads: 23.7, t_des: 21.5, bed_util_ads: 0.498, bed_util_des: 0.498, des_th: 0.49831251564929135,frac_lost: 0.107, li_recovered:  8.447, time: 0.003652764000435127
L: 1.07, u_super: 0.00604, sec: 752.479, prod: 0.130704, t_ads: 68.7, t_des: 71.5, bed_util_ads: 0.478, bed_util_des: 0.477, des_th: 0.476844957459297,frac_lost: 0.103, li_recovered:  18.325, time: 0.004056038000271656
L: 0.50, u_super: 0.00093, sec: 51.619, prod: 0.019850, t_ads: 201.2, t_des: 177.6, bed_util_ads: 0.487, bed_util_des: 0.486, des_th: 0.4863331994578896,frac_lost: 0.106, li_recovered:  7.518, time: 0.0048448720008309465
L: 0.50, u_super: 0.00640, sec: 418.850, prod: 0.123448, t_ads: 30.6, t_des: 39.8, bed_util_ads: 0.453, bed_util_des: 0.452, des_th: 0.4519054333258317,frac_lost: 0.107, li_recovered:  8.695, time: 0.0061856339998485055
L: 0.50, u_super: 0.00458, sec: 260.385, prod: 0.099506, t_ads: 42.4, t_des: 44.3, bed_util_ads: 0.479, bed_util_des: 0.479, des_th: 0.47894046232983445,frac_lost: 0.104, li_recovered:  8.629, time: 0.004919725000945618
L: 0.50, u_super: 0.00781, sec: 442.965, prod: 0.177009, t_ads: 24.9, t_des: 23.0, bed_util_ads: 0.497, bed_util_des: 0.497, des_th: 0.4966047304005582,frac_lost: 0.102, li_recovered:  8.471, time: 0.0067609739999170415
L: 0.50, u_super: 0.00768, sec: 437.566, prod: 0.173143, t_ads: 25.5, t_des: 23.9, bed_util_ads: 0.495, bed_util_des: 0.495, des_th: 0.49515473519960973,frac_lost: 0.108, li_recovered:  8.550, time: 0.006671408000329393
L: 0.50, u_super: 0.00566, sec: 312.937, prod: 0.127922, t_ads: 34.3, t_des: 31.5, bed_util_ads: 0.497, bed_util_des: 0.497, des_th: 0.4967007019323482,frac_lost: 0.101, li_recovered:  8.419, time: 0.008465668001008453
L: 0.50, u_super: 0.00023 — INFEASIBLE (li_recovered=0.000e+00), time: 0.0019268010000814684
L: 1.61, u_super: 0.00322, sec: 596.117, prod: 0.067587, t_ads: 187.8, t_des: 159.1, bed_util_ads: 0.493, bed_util_des: 0.492, des_th: 0.49244091204960183,frac_lost: 0.103, li_recovered:  23.446, time: 0.004510119000769919
L: 0.50, u_super: 0.00172, sec: 92.935, prod: 0.037657, t_ads: 111.1, t_des: 97.5, bed_util_ads: 0.495, bed_util_des: 0.494, des_th: 0.49418536448476574,frac_lost: 0.102, li_recovered:  7.854, time: 0.004449076999662793
L: 0.50, u_super: 0.00679, sec: 381.322, prod: 0.153414, t_ads: 28.6, t_des: 27.1, bed_util_ads: 0.494, bed_util_des: 0.493, des_th: 0.4933368542042262,frac_lost: 0.100, li_recovered:  8.534, time: 0.00389748499947018
L: 3.67, u_super: 0.00125 — INFEASIBLE (li_recovered=0.000e+00), time: 0.0015202049999061273
L: 0.50, u_super: 0.00066, sec: 37.307, prod: 0.013684, t_ads: 278.4, t_des: 250.1, bed_util_ads: 0.478, bed_util_des: 0.476, des_th: 0.47658857259485377,frac_lost: 0.104, li_recovered:  7.232, time: 0.0031949609983712435
L: 6.01, u_super: 0.00833 — INFEASIBLE (li_recovered=0.000e+00), time: 0.0020068789999641012
L: 30.02, u_super: 0.00505 — INFEASIBLE (li_recovered=0.000e+00), time: 0.0017295779998676153
L: 0.50, u_super: 0.00049, sec: 36.787, prod: 0.007613, t_ads: 386.3, t_des: 669.9, bed_util_ads: 0.384, bed_util_des: 0.369, des_th: 0.36941148381163036,frac_lost: 0.103, li_recovered:  8.041, time: 0.00535314999979164
L: 0.50, u_super: 0.00968, sec: 563.073, prod: 0.219131, t_ads: 20.2, t_des: 18.7, bed_util_ads: 0.497, bed_util_des: 0.497, des_th: 0.49714400036744366,frac_lost: 0.105, li_recovered:  8.530, time: 0.0037762559986731503
L: 8.92, u_super: 0.00184 — INFEASIBLE (li_recovered=0.000e+00), time: 0.001496306000262848
L: 0.50, u_super: 0.00833, sec: 477.820, prod: 0.188292, t_ads: 23.5, t_des: 21.8, bed_util_ads: 0.497, bed_util_des: 0.497, des_th: 0.49668299992269055,frac_lost: 0.107, li_recovered:  8.529, time: 0.0037586039998132037
L: 0.50, u_super: 0.00127, sec: 69.927, prod: 0.027391, t_ads: 149.0, t_des: 128.2, bed_util_ads: 0.494, bed_util_des: 0.494, des_th: 0.49404251536628857,frac_lost: 0.105, li_recovered:  7.594, time: 0.003584525000405847
L: 0.50, u_super: 0.00673, sec: 377.430, prod: 0.152394, t_ads: 28.8, t_des: 25.8, bed_util_ads: 0.500, bed_util_des: 0.499, des_th: 0.4994474625534031,frac_lost: 0.101, li_recovered:  8.317, time: 0.005645594999805326
    77 |     3080 |     40 |  0.0013136138 |             f
L: 0.50, u_super: 0.00462, sec: 253.128, prod: 0.104052, t_ads: 42.1, t_des: 38.9, bed_util_ads: 0.494, bed_util_des: 0.494, des_th: 0.49394918226941475,frac_lost: 0.104, li_recovered:  8.429, time: 0.005816188999233418
L: 0.50, u_super: 0.00391, sec: 212.826, prod: 0.087717, t_ads: 49.8, t_des: 46.1, bed_util_ads: 0.494, bed_util_des: 0.494, des_th: 0.49351262643512483,frac_lost: 0.107, li_recovered:  8.410, time: 0.006027891000485397
L: 0.50, u_super: 0.00933, sec: 541.271, prod: 0.211062, t_ads: 20.9, t_des: 19.6, bed_util_ads: 0.494, bed_util_des: 0.494, des_th: 0.4941819705572257,frac_lost: 0.104, li_recovered:  8.559, time: 0.006248440999115701
L: 0.51, u_super: 0.00578, sec: 325.141, prod: 0.130586, t_ads: 34.0, t_des: 31.9, bed_util_ads: 0.493, bed_util_des: 0.493, des_th: 0.493230437000528,frac_lost: 0.102, li_recovered:  8.602, time: 0.005478453000250738
L: 0.50, u_super: 0.00091, sec: 52.645, prod: 0.018353, t_ads: 206.9, t_des: 236.1, bed_util_ads: 0.453, bed_util_des: 0.450, des_th: 0.4498362969135861,frac_lost: 0.100, li_recovered:  8.131, time: 0.0043264819996693404
L: 1.50, u_super: 0.00430, sec: 742.313, prod: 0.091987, t_ads: 132.6, t_des: 111.5, bed_util_ads: 0.497, bed_util_des: 0.497, des_th: 0.49731511796014255,frac_lost: 0.100, li_recovered:  22.454, time: 0.005584575999819208
L: 0.50, u_super: 0.00023, sec: 16.207, prod: 0.003709, t_ads: 770.0, t_des: 1117.4, bed_util_ads: 0.372, bed_util_des: 0.352, des_th: 0.35167529821318705,frac_lost: 0.102, li_recovered:  7.000, time: 0.004753541999889421
L: 0.50, u_super: 0.00968, sec: 567.827, prod: 0.217286, t_ads: 20.1, t_des: 19.6, bed_util_ads: 0.490, bed_util_des: 0.490, des_th: 0.48970760761004667,frac_lost: 0.103, li_recovered:  8.636, time: 0.005862897000042722
L: 0.50, u_super: 0.00505, sec: 277.830, prod: 0.113891, t_ads: 38.5, t_des: 34.5, bed_util_ads: 0.500, bed_util_des: 0.500, des_th: 0.49981212267797326,frac_lost: 0.103, li_recovered:  8.305, time: 0.0067808570001943735
L: 4.67, u_super: 0.00728 — INFEASIBLE (li_recovered=0.000e+00), time: 0.0030698570008098613
L: 0.50, u_super: 0.00630, sec: 351.333, prod: 0.142550, t_ads: 30.8, t_des: 27.6, bed_util_ads: 0.499, bed_util_des: 0.499, des_th: 0.4993417882543226,frac_lost: 0.101, li_recovered:  8.324, time: 0.006378671001584735
L: 0.50, u_super: 0.00043, sec: 28.538, prod: 0.007424, t_ads: 430.5, t_des: 606.6, bed_util_ads: 0.406, bed_util_des: 0.394, des_th: 0.3943068104859974,frac_lost: 0.103, li_recovered:  7.699, time: 0.007761901000776561
L: 0.50, u_super: 0.00287, sec: 154.393, prod: 0.064189, t_ads: 67.2, t_des: 61.2, bed_util_ads: 0.495, bed_util_des: 0.494, des_th: 0.49437363652984384,frac_lost: 0.102, li_recovered:  8.246, time: 0.006298484999206266
L: 0.50, u_super: 0.00933, sec: 542.239, prod: 0.210686, t_ads: 21.0, t_des: 19.7, bed_util_ads: 0.495, bed_util_des: 0.495, des_th: 0.4946799779703076,frac_lost: 0.107, li_recovered:  8.569, time: 0.007172125999204582
L: 0.50, u_super: 0.00094, sec: 51.122, prod: 0.020109, t_ads: 200.1, t_des: 188.1, bed_util_ads: 0.478, bed_util_des: 0.477, des_th: 0.476959052764451,frac_lost: 0.102, li_recovered:  7.807, time: 0.0053126880011404864
L: 0.50, u_super: 0.00324, sec: 175.164, prod: 0.072795, t_ads: 59.4, t_des: 53.5, bed_util_ads: 0.497, bed_util_des: 0.497, des_th: 0.49675943369745834,frac_lost: 0.100, li_recovered:  8.214, time: 0.004377169001600123
L: 0.50, u_super: 0.00257, sec: 139.103, prod: 0.056794, t_ads: 75.1, t_des: 65.1, bed_util_ads: 0.500, bed_util_des: 0.500, des_th: 0.4996418072126339,frac_lost: 0.104, li_recovered:  7.967, time: 0.0064695850014686584
L: 0.50, u_super: 0.00990, sec: 577.019, prod: 0.224342, t_ads: 19.8, t_des: 17.9, bed_util_ads: 0.500, bed_util_des: 0.500, des_th: 0.49973150548582224,frac_lost: 0.106, li_recovered:  8.445, time: 0.004924016000586562
L: 0.50, u_super: 0.00855, sec: 490.831, prod: 0.193598, t_ads: 22.9, t_des: 20.5, bed_util_ads: 0.500, bed_util_des: 0.500, des_th: 0.49957139883581947,frac_lost: 0.106, li_recovered:  8.396, time: 0.006675852000626037
L: 0.50, u_super: 0.00977, sec: 568.407, prod: 0.221685, t_ads: 20.0, t_des: 17.9, bed_util_ads: 0.500, bed_util_des: 0.500, des_th: 0.4997275809196764,frac_lost: 0.104, li_recovered:  8.400, time: 0.006382636000125785
L: 0.50, u_super: 0.00206, sec: 112.033, prod: 0.045103, t_ads: 93.8, t_des: 80.4, bed_util_ads: 0.500, bed_util_des: 0.500, des_th: 0.4999800435247792,frac_lost: 0.108, li_recovered:  7.856, time: 0.005713059999834513
L: 12.68, u_super: 0.00224 — INFEASIBLE (li_recovered=0.000e+00), time: 0.0013191800007916754
L: 90.09, u_super: 0.00722 — INFEASIBLE (li_recovered=0.000e+00), time: 0.0011236199989070883
L: 0.50, u_super: 0.00697, sec: 400.512, prod: 0.154552, t_ads: 27.8, t_des: 28.2, bed_util_ads: 0.485, bed_util_des: 0.485, des_th: 0.48478443737819,frac_lost: 0.100, li_recovered:  8.649, time: 0.005996023000989226
L: 0.50, u_super: 0.00477, sec: 261.796, prod: 0.107297, t_ads: 40.9, t_des: 37.8, bed_util_ads: 0.496, bed_util_des: 0.495, des_th: 0.4953442924440174,frac_lost: 0.106, li_recovered:  8.438, time: 0.0060212730004423065
L: 0.50, u_super: 0.00187, sec: 101.613, prod: 0.040692, t_ads: 102.3, t_des: 87.5, bed_util_ads: 0.499, bed_util_des: 0.499, des_th: 0.4988548004408843,frac_lost: 0.101, li_recovered:  7.725, time: 0.006793401000322774
L: 0.50, u_super: 0.00239, sec: 129.473, prod: 0.052788, t_ads: 80.6, t_des: 69.9, bed_util_ads: 0.499, bed_util_des: 0.499, des_th: 0.49927621019873747,frac_lost: 0.104, li_recovered:  7.946, time: 0.005607692000921816
L: 0.50, u_super: 0.00630, sec: 351.657, prod: 0.142554, t_ads: 30.8, t_des: 27.6, bed_util_ads: 0.499, bed_util_des: 0.499, des_th: 0.49935313386209207,frac_lost: 0.102, li_recovered:  8.319, time: 0.007322175999433966
L: 0.50, u_super: 0.00424, sec: 231.430, prod: 0.095393, t_ads: 45.9, t_des: 41.9, bed_util_ads: 0.496, bed_util_des: 0.495, des_th: 0.4953442924440174,frac_lost: 0.106, li_recovered:  8.371, time: 0.007662960999368806
L: 0.50, u_super: 0.00438, sec: 239.435, prod: 0.098350, t_ads: 44.5, t_des: 41.5, bed_util_ads: 0.494, bed_util_des: 0.494, des_th: 0.49394918226941475,frac_lost: 0.106, li_recovered:  8.453, time: 0.005076852999991388
L: 0.50, u_super: 0.00391, sec: 212.668, prod: 0.087778, t_ads: 49.8, t_des: 45.0, bed_util_ads: 0.497, bed_util_des: 0.497, des_th: 0.4970387305264478,frac_lost: 0.106, li_recovered:  8.320, time: 0.006041602000550483
L: 0.50, u_super: 0.00981, sec: 571.049, prod: 0.222457, t_ads: 19.9, t_des: 18.3, bed_util_ads: 0.497, bed_util_des: 0.497, des_th: 0.49714400036744366,frac_lost: 0.104, li_recovered:  8.494, time: 0.005782011001429055
L: 0.50, u_super: 0.00540, sec: 298.321, prod: 0.122118, t_ads: 35.9, t_des: 33.0, bed_util_ads: 0.496, bed_util_des: 0.495, des_th: 0.49547990888016474,frac_lost: 0.102, li_recovered:  8.418, time: 0.005764605999502237
L: 8.22, u_super: 0.00047 — INFEASIBLE (li_recovered=0.000e+00), time: 0.0018990079988725483
L: 0.50, u_super: 0.00206, sec: 112.056, prod: 0.045094, t_ads: 92.9, t_des: 79.5, bed_util_ads: 0.500, bed_util_des: 0.500, des_th: 0.49998784248204914,frac_lost: 0.101, li_recovered:  7.774, time: 0.005788701999335899
L: 34.01, u_super: 0.00397 — INFEASIBLE (li_recovered=0.000e+00), time: 0.0013213749989517964
L: 0.50, u_super: 0.00424, sec: 244.749, prod: 0.090201, t_ads: 45.8, t_des: 49.9, bed_util_ads: 0.474, bed_util_des: 0.473, des_th: 0.47300081051747483,frac_lost: 0.103, li_recovered:  8.628, time: 0.006208748000062769
L: 0.50, u_super: 0.00444, sec: 243.241, prod: 0.099909, t_ads: 43.7, t_des: 40.9, bed_util_ads: 0.493, bed_util_des: 0.492, des_th: 0.49244091204960183,frac_lost: 0.104, li_recovered:  8.461, time: 0.007677063000301132
L: 1.76, u_super: 0.00286 — INFEASIBLE (li_recovered=0.000e+00), time: 0.005316140001013991
L: 0.50, u_super: 0.00622, sec: 346.703, prod: 0.140816, t_ads: 31.1, t_des: 27.8, bed_util_ads: 0.499, bed_util_des: 0.499, des_th: 0.4993417882543226,frac_lost: 0.100, li_recovered:  8.304, time: 0.00638201800029492
    78 |     3120 |     40 |  0.0024754993 |             f
L: 0.50, u_super: 0.00667, sec: 374.721, prod: 0.150547, t_ads: 29.4, t_des: 26.6, bed_util_ads: 0.500, bed_util_des: 0.499, des_th: 0.4993460208931079,frac_lost: 0.109, li_recovered:  8.422, time: 0.0055622279996896395
L: 11.09, u_super: 0.00293 — INFEASIBLE (li_recovered=0.000e+00), time: 0.0015857029993640026
L: 0.50, u_super: 0.00812, sec: 463.580, prod: 0.183583, t_ads: 24.1, t_des: 21.6, bed_util_ads: 0.500, bed_util_des: 0.500, des_th: 0.49972236991449276,frac_lost: 0.107, li_recovered:  8.388, time: 0.005526264998479746
L: 2.30, u_super: 0.00644, sec: 1718.767, prod: 0.140679, t_ads: 136.6, t_des: 123.0, bed_util_ads: 0.490, bed_util_des: 0.490, des_th: 0.4898307829917633,frac_lost: 0.106, li_recovered:  36.512, time: 0.005721458001062274
L: 0.50, u_super: 0.00121 — INFEASIBLE (li_recovered=0.000e+00), time: 0.004205385999739519
L: 0.50, u_super: 0.00423, sec: 231.282, prod: 0.095174, t_ads: 45.9, t_des: 41.0, bed_util_ads: 0.500, bed_util_des: 0.499, des_th: 0.49949092504198095,frac_lost: 0.105, li_recovered:  8.268, time: 0.006443984000725322
L: 0.50, u_super: 0.00093, sec: 51.074, prod: 0.020064, t_ads: 200.9, t_des: 189.1, bed_util_ads: 0.478, bed_util_des: 0.477, des_th: 0.47658857259485377,frac_lost: 0.103, li_recovered:  7.824, time: 0.004895705000308226
L: 0.51, u_super: 0.00551, sec: 308.637, prod: 0.124263, t_ads: 35.7, t_des: 33.5, bed_util_ads: 0.493, bed_util_des: 0.493, des_th: 0.493230437000528,frac_lost: 0.101, li_recovered:  8.601, time: 0.005986910000501666
L: 0.50, u_super: 0.00785, sec: 445.578, prod: 0.177972, t_ads: 24.8, t_des: 22.4, bed_util_ads: 0.499, bed_util_des: 0.499, des_th: 0.499131994348904,frac_lost: 0.102, li_recovered:  8.387, time: 0.005103690000396455
L: 11.86, u_super: 0.00961 — INFEASIBLE (li_recovered=0.000e+00), time: 0.004217366000375478
L: 0.50, u_super: 0.00882, sec: 508.478, prod: 0.199351, t_ads: 22.2, t_des: 20.6, bed_util_ads: 0.497, bed_util_des: 0.497, des_th: 0.49709808022513674,frac_lost: 0.107, li_recovered:  8.531, time: 0.00455454500115593
L: 0.50, u_super: 0.00795, sec: 451.717, prod: 0.180182, t_ads: 24.5, t_des: 22.1, bed_util_ads: 0.499, bed_util_des: 0.499, des_th: 0.4993531470842828,frac_lost: 0.102, li_recovered:  8.381, time: 0.0036983370009693317
L: 0.50, u_super: 0.00722, sec: 407.023, prod: 0.163722, t_ads: 26.9, t_des: 24.6, bed_util_ads: 0.497, bed_util_des: 0.497, des_th: 0.4970829690970877,frac_lost: 0.102, li_recovered:  8.439, time: 0.004308906998630846
L: 0.50, u_super: 0.00155, sec: 84.726, prod: 0.033616, t_ads: 123.4, t_des: 124.1, bed_util_ads: 0.477, bed_util_des: 0.475, des_th: 0.4752241800956278,frac_lost: 0.104, li_recovered:  8.319, time: 0.004682380000303965
L: 9.00, u_super: 0.00928, sec: 11208.024, prod: 0.181063, t_ads: 348.6, t_des: 294.9, bed_util_ads: 0.476, bed_util_des: 0.476, des_th: 0.47632036337809264,frac_lost: 0.103, li_recovered:  116.519, time: 0.005488363998665591
L: 0.50, u_super: 0.00257, sec: 138.579, prod: 0.057010, t_ads: 75.0, t_des: 66.0, bed_util_ads: 0.499, bed_util_des: 0.498, des_th: 0.4982987025333128,frac_lost: 0.103, li_recovered:  8.042, time: 0.00477822799985006
L: 0.50, u_super: 0.00206, sec: 111.232, prod: 0.045427, t_ads: 93.8, t_des: 82.6, bed_util_ads: 0.497, bed_util_des: 0.497, des_th: 0.4969806162591166,frac_lost: 0.108, li_recovered:  8.011, time: 0.0038950289999775123
L: 0.50, u_super: 0.00165, sec: 89.133, prod: 0.035975, t_ads: 116.1, t_des: 101.7, bed_util_ads: 0.495, bed_util_des: 0.494, des_th: 0.49418536448476574,frac_lost: 0.103, li_recovered:  7.835, time: 0.00428988099884009
L: 0.50, u_super: 0.00833, sec: 476.419, prod: 0.188580, t_ads: 23.5, t_des: 21.3, bed_util_ads: 0.498, bed_util_des: 0.498, des_th: 0.49827133990907374,frac_lost: 0.106, li_recovered:  8.438, time: 0.004297868999856291
L: 0.51, u_super: 0.00969, sec: 574.930, prod: 0.219036, t_ads: 20.5, t_des: 19.3, bed_util_ads: 0.495, bed_util_des: 0.494, des_th: 0.494403208824727,frac_lost: 0.106, li_recovered:  8.713, time: 0.004664591000619112
L: 0.50, u_super: 0.00258, sec: 139.709, prod: 0.057171, t_ads: 74.6, t_des: 64.9, bed_util_ads: 0.499, bed_util_des: 0.499, des_th: 0.49927566002811224,frac_lost: 0.102, li_recovered:  7.976, time: 0.005118361001223093
L: 0.50, u_super: 0.00336, sec: 181.683, prod: 0.075191, t_ads: 57.9, t_des: 53.2, bed_util_ads: 0.495, bed_util_des: 0.494, des_th: 0.49437363652984384,frac_lost: 0.106, li_recovered:  8.354, time: 0.003577604999009054
L: 0.50, u_super: 0.00186, sec: 101.128, prod: 0.040759, t_ads: 102.7, t_des: 88.7, bed_util_ads: 0.498, bed_util_des: 0.498, des_th: 0.498253700048249,frac_lost: 0.103, li_recovered:  7.802, time: 0.004287621999537805
L: 7.94, u_super: 0.00909 — INFEASIBLE (li_recovered=0.000e+00), time: 0.0021704089995182585
L: 0.50, u_super: 0.00933, sec: 540.417, prod: 0.211384, t_ads: 21.0, t_des: 19.2, bed_util_ads: 0.498, bed_util_des: 0.498, des_th: 0.4981143413072375,frac_lost: 0.106, li_recovered:  8.489, time: 0.0037568850002571708
L: 0.50, u_super: 0.00028, sec: 17.926, prod: 0.004996, t_ads: 625.8, t_des: 761.9, bed_util_ads: 0.405, bed_util_des: 0.394, des_th: 0.3943068104859974,frac_lost: 0.102, li_recovered:  6.933, time: 0.0044434049996198155
L: 0.50, u_super: 0.00963, sec: 559.728, prod: 0.218354, t_ads: 20.3, t_des: 18.6, bed_util_ads: 0.497, bed_util_des: 0.497, des_th: 0.49714400036744366,frac_lost: 0.105, li_recovered:  8.493, time: 0.004228572999636526
L: 0.51, u_super: 0.00595, sec: 335.063, prod: 0.134252, t_ads: 33.2, t_des: 30.7, bed_util_ads: 0.496, bed_util_des: 0.495, des_th: 0.4955099212414142,frac_lost: 0.105, li_recovered:  8.575, time: 0.003720213000633521
L: 2.56, u_super: 0.00125 — INFEASIBLE (li_recovered=0.000e+00), time: 0.0016891040013433667
L: 0.50, u_super: 0.00780, sec: 444.224, prod: 0.176234, t_ads: 25.1, t_des: 23.1, bed_util_ads: 0.498, bed_util_des: 0.498, des_th: 0.49788598309513954,frac_lost: 0.108, li_recovered:  8.493, time: 0.004954022999299923
L: 0.50, u_super: 0.00367, sec: 199.523, prod: 0.082051, t_ads: 53.1, t_des: 46.9, bed_util_ads: 0.499, bed_util_des: 0.499, des_th: 0.49928177927739065,frac_lost: 0.107, li_recovered:  8.203, time: 0.003394449000552413
L: 0.50, u_super: 0.00024, sec: 15.731, prod: 0.004368, t_ads: 689.4, t_des: 799.2, bed_util_ads: 0.404, bed_util_des: 0.394, des_th: 0.39431926393705885,frac_lost: 0.101, li_recovered:  6.502, time: 0.0037255490005918546
L: 36.81, u_super: 0.00073 — INFEASIBLE (li_recovered=0.000e+00), time: 0.0008827749988995492
L: 0.50, u_super: 0.00324, sec: 175.102, prod: 0.072821, t_ads: 59.4, t_des: 55.4, bed_util_ads: 0.492, bed_util_des: 0.492, des_th: 0.4915196878611338,frac_lost: 0.101, li_recovered:  8.365, time: 0.0037469710005098023
L: 0.50, u_super: 0.00990, sec: 665.024, prod: 0.194649, t_ads: 19.7, t_des: 25.1, bed_util_ads: 0.457, bed_util_des: 0.457, des_th: 0.45678794292644975,frac_lost: 0.104, li_recovered:  8.721, time: 0.004300125998270232
L: 0.50, u_super: 0.00391, sec: 213.148, prod: 0.087582, t_ads: 49.7, t_des: 43.9, bed_util_ads: 0.500, bed_util_des: 0.500, des_th: 0.499967598200011,frac_lost: 0.105, li_recovered:  8.196, time: 0.005154894999577664
L: 0.50, u_super: 0.00710, sec: 412.673, prod: 0.155873, t_ads: 27.3, t_des: 28.3, bed_util_ads: 0.482, bed_util_des: 0.482, des_th: 0.48213530292533624,frac_lost: 0.100, li_recovered:  8.668, time: 0.004014619998997659
L: 0.50, u_super: 0.00780, sec: 444.165, prod: 0.176248, t_ads: 25.1, t_des: 23.1, bed_util_ads: 0.498, bed_util_des: 0.498, des_th: 0.49773430030591176,frac_lost: 0.108, li_recovered:  8.494, time: 0.003600739999455982
L: 0.50, u_super: 0.00301, sec: 184.287, prod: 0.059379, t_ads: 64.5, t_des: 80.2, bed_util_ads: 0.455, bed_util_des: 0.454, des_th: 0.45405783299867036,frac_lost: 0.105, li_recovered:  8.594, time: 0.005856041001607082
L: 0.50, u_super: 0.00962, sec: 558.729, prod: 0.217906, t_ads: 20.3, t_des: 18.7, bed_util_ads: 0.497, bed_util_des: 0.497, des_th: 0.49714400036744366,frac_lost: 0.105, li_recovered:  8.495, time: 0.0059935749995929655
    79 |     3160 |     40 |  0.0034070244 |             f
L: 0.50, u_super: 0.00049, sec: 28.740, prod: 0.009679, t_ads: 371.0, t_des: 411.0, bed_util_ads: 0.442, bed_util_des: 0.436, des_th: 0.43657398272548115,frac_lost: 0.100, li_recovered:  7.568, time: 0.004790208000486018
L: 0.50, u_super: 0.00637, sec: 356.520, prod: 0.143603, t_ads: 30.8, t_des: 27.6, bed_util_ads: 0.500, bed_util_des: 0.499, des_th: 0.4993460208931079,frac_lost: 0.109, li_recovered:  8.383, time: 0.0051269380001031095
L: 0.50, u_super: 0.00966, sec: 561.313, prod: 0.218991, t_ads: 20.2, t_des: 18.2, bed_util_ads: 0.500, bed_util_des: 0.500, des_th: 0.4997275809196764,frac_lost: 0.105, li_recovered:  8.405, time: 0.005525131000467809
L: 0.50, u_super: 0.00636, sec: 355.129, prod: 0.143981, t_ads: 30.5, t_des: 27.6, bed_util_ads: 0.499, bed_util_des: 0.499, des_th: 0.4993417882543226,frac_lost: 0.103, li_recovered:  8.368, time: 0.004457372999240761
L: 0.50, u_super: 0.00206, sec: 111.929, prod: 0.045038, t_ads: 93.0, t_des: 79.6, bed_util_ads: 0.500, bed_util_des: 0.500, des_th: 0.49981212267797326,frac_lost: 0.101, li_recovered:  7.775, time: 0.006228958000065177
L: 0.50, u_super: 0.00987, sec: 574.839, prod: 0.223664, t_ads: 19.8, t_des: 18.2, bed_util_ads: 0.497, bed_util_des: 0.497, des_th: 0.49714400036744366,frac_lost: 0.105, li_recovered:  8.494, time: 0.0062912710000091465
L: 25.42, u_super: 0.00540 — INFEASIBLE (li_recovered=0.000e+00), time: 0.002613484999528737
L: 0.50, u_super: 0.00382, sec: 207.592, prod: 0.085617, t_ads: 51.1, t_des: 46.2, bed_util_ads: 0.497, bed_util_des: 0.496, des_th: 0.49650719910452196,frac_lost: 0.108, li_recovered:  8.325, time: 0.005647463998684543
L: 55.21, u_super: 0.00378 — INFEASIBLE (li_recovered=0.000e+00), time: 0.000960090999797103
L: 2.98, u_super: 0.00990, sec: 3727.947, prod: 0.207271, t_ads: 115.5, t_des: 126.6, bed_util_ads: 0.467, bed_util_des: 0.465, des_th: 0.4650294093916941,frac_lost: 0.102, li_recovered:  50.189, time: 0.004282343999875593
L: 34.40, u_super: 0.00697 — INFEASIBLE (li_recovered=0.000e+00), time: 0.0017981710007006768
L: 0.50, u_super: 0.00125, sec: 67.726, prod: 0.027298, t_ads: 151.5, t_des: 143.8, bed_util_ads: 0.481, bed_util_des: 0.480, des_th: 0.48020393230760233,frac_lost: 0.103, li_recovered:  8.063, time: 0.004472082000575028
L: 0.50, u_super: 0.00551, sec: 306.178, prod: 0.123658, t_ads: 35.3, t_des: 33.8, bed_util_ads: 0.492, bed_util_des: 0.491, des_th: 0.4914985164548721,frac_lost: 0.104, li_recovered:  8.551, time: 0.00465714199890499
L: 22.10, u_super: 0.00564 — INFEASIBLE (li_recovered=0.000e+00), time: 0.001802038999812794
L: 0.50, u_super: 0.00391, sec: 214.620, prod: 0.087039, t_ads: 49.9, t_des: 48.1, bed_util_ads: 0.490, bed_util_des: 0.489, des_th: 0.4892332466292964,frac_lost: 0.108, li_recovered:  8.529, time: 0.005717579000702244
L: 73.20, u_super: 0.00639 — INFEASIBLE (li_recovered=0.000e+00), time: 0.0013886159995308844
L: 0.50, u_super: 0.00835, sec: 477.776, prod: 0.189002, t_ads: 23.4, t_des: 21.2, bed_util_ads: 0.499, bed_util_des: 0.499, des_th: 0.4985287121136645,frac_lost: 0.106, li_recovered:  8.435, time: 0.008068413999353652
L: 0.50, u_super: 0.00288, sec: 235.070, prod: 0.042606, t_ads: 67.3, t_des: 135.5, bed_util_ads: 0.396, bed_util_des: 0.393, des_th: 0.39277117375019527,frac_lost: 0.102, li_recovered:  8.640, time: 0.010152417999051977
L: 0.50, u_super: 0.00022, sec: 15.157, prod: 0.003878, t_ads: 753.1, t_des: 956.5, bed_util_ads: 0.387, bed_util_des: 0.373, des_th: 0.37349751164943745,frac_lost: 0.101, li_recovered:  6.630, time: 0.007462441000825493
L: 0.50, u_super: 0.00367, sec: 198.846, prod: 0.082330, t_ads: 52.6, t_des: 47.0, bed_util_ads: 0.499, bed_util_des: 0.498, des_th: 0.4984671267324889,frac_lost: 0.100, li_recovered:  8.198, time: 0.00780309600122564
L: 0.50, u_super: 0.00722, sec: 442.838, prod: 0.150481, t_ads: 27.1, t_des: 30.7, bed_util_ads: 0.471, bed_util_des: 0.470, des_th: 0.47016036846468817,frac_lost: 0.106, li_recovered:  8.697, time: 0.007453019999957178
L: 0.50, u_super: 0.00616, sec: 342.816, prod: 0.139457, t_ads: 31.5, t_des: 28.3, bed_util_ads: 0.500, bed_util_des: 0.500, des_th: 0.49988328213633976,frac_lost: 0.100, li_recovered:  8.333, time: 0.007554812998932903
L: 0.50, u_super: 0.00505, sec: 277.919, prod: 0.113963, t_ads: 38.5, t_des: 35.2, bed_util_ads: 0.497, bed_util_des: 0.497, des_th: 0.4969806162591166,frac_lost: 0.104, li_recovered:  8.400, time: 0.005517853000128525
L: 0.50, u_super: 0.00205, sec: 111.628, prod: 0.044869, t_ads: 93.4, t_des: 79.8, bed_util_ads: 0.500, bed_util_des: 0.500, des_th: 0.4996784292299988,frac_lost: 0.102, li_recovered:  7.771, time: 0.006427465001252131
L: 0.51, u_super: 0.00927, sec: 545.915, prod: 0.209141, t_ads: 21.3, t_des: 20.3, bed_util_ads: 0.493, bed_util_des: 0.493, des_th: 0.49299461277664763,frac_lost: 0.105, li_recovered:  8.700, time: 0.005075487999420147
L: 3.67, u_super: 0.00707, sec: 3092.139, prod: 0.150868, t_ads: 194.9, t_des: 174.0, bed_util_ads: 0.486, bed_util_des: 0.485, des_th: 0.4853156502123224,frac_lost: 0.104, li_recovered:  55.663, time: 0.006559680001373636
L: 0.50, u_super: 0.00827, sec: 472.771, prod: 0.187064, t_ads: 23.7, t_des: 21.7, bed_util_ads: 0.498, bed_util_des: 0.498, des_th: 0.49773430030591176,frac_lost: 0.106, li_recovered:  8.482, time: 0.008102060999590321
L: 0.50, u_super: 0.00488, sec: 267.739, prod: 0.109925, t_ads: 39.9, t_des: 36.1, bed_util_ads: 0.498, bed_util_des: 0.497, des_th: 0.4974576334660797,frac_lost: 0.104, li_recovered:  8.346, time: 0.005131825000717072
L: 32.82, u_super: 0.00744 — INFEASIBLE (li_recovered=0.000e+00), time: 0.0014188929999363609
L: 0.50, u_super: 0.00200, sec: 109.066, prod: 0.043859, t_ads: 96.3, t_des: 82.5, bed_util_ads: 0.500, bed_util_des: 0.499, des_th: 0.49927621019873747,frac_lost: 0.108, li_recovered:  7.839, time: 0.0057293350000691134
L: 0.50, u_super: 0.00933, sec: 539.836, prod: 0.211616, t_ads: 20.9, t_des: 19.2, bed_util_ads: 0.497, bed_util_des: 0.497, des_th: 0.4972329432384044,frac_lost: 0.104, li_recovered:  8.490, time: 0.007962579999002628
L: 0.50, u_super: 0.00165, sec: 90.306, prod: 0.035508, t_ads: 116.4, t_des: 98.1, bed_util_ads: 0.499, bed_util_des: 0.499, des_th: 0.4992691721704111,frac_lost: 0.106, li_recovered:  7.616, time: 0.006485040999905323
L: 0.50, u_super: 0.00429, sec: 234.252, prod: 0.096486, t_ads: 45.4, t_des: 41.8, bed_util_ads: 0.496, bed_util_des: 0.495, des_th: 0.4953977207724067,frac_lost: 0.106, li_recovered:  8.409, time: 0.0070645089999743504
L: 0.50, u_super: 0.00062, sec: 48.854, prod: 0.009389, t_ads: 305.4, t_des: 571.8, bed_util_ads: 0.382, bed_util_des: 0.369, des_th: 0.36941148381163036,frac_lost: 0.103, li_recovered:  8.236, time: 0.007277372000316973
L: 0.51, u_super: 0.00022 — INFEASIBLE (li_recovered=0.000e+00), time: 0.0032643049999023788
L: 0.50, u_super: 0.00745, sec: 420.975, prod: 0.168644, t_ads: 26.1, t_des: 24.4, bed_util_ads: 0.495, bed_util_des: 0.495, des_th: 0.49499235372138717,frac_lost: 0.100, li_recovered:  8.515, time: 0.007654738001292571
L: 60.18, u_super: 0.00898 — INFEASIBLE (li_recovered=0.000e+00), time: 0.002144743999451748
L: 0.50, u_super: 0.00239, sec: 129.415, prod: 0.052811, t_ads: 80.5, t_des: 69.9, bed_util_ads: 0.499, bed_util_des: 0.499, des_th: 0.4992777807207814,frac_lost: 0.103, li_recovered:  7.947, time: 0.008428367998931208
L: 21.59, u_super: 0.00093 — INFEASIBLE (li_recovered=0.000e+00), time: 0.0014582710009563016
L: 35.52, u_super: 0.00424 — INFEASIBLE (li_recovered=0.000e+00), time: 0.0020960159999958705
    80 |     3200 |     40 |  0.0021529488 |             f
L: 29.47, u_super: 0.00433 — INFEASIBLE (li_recovered=0.000e+00), time: 0.0029796139988320647
L: 0.50, u_super: 0.00324, sec: 179.730, prod: 0.070946, t_ads: 59.9, t_des: 60.7, bed_util_ads: 0.482, bed_util_des: 0.481, des_th: 0.4813394782157457,frac_lost: 0.107, li_recovered:  8.557, time: 0.008380470999327372
L: 0.50, u_super: 0.00882, sec: 507.182, prod: 0.199857, t_ads: 22.1, t_des: 20.1, bed_util_ads: 0.499, bed_util_des: 0.499, des_th: 0.4985287121136645,frac_lost: 0.105, li_recovered:  8.446, time: 0.0074450200008868705
L: 0.50, u_super: 0.00161, sec: 87.812, prod: 0.034917, t_ads: 118.8, t_des: 119.8, bed_util_ads: 0.476, bed_util_des: 0.475, des_th: 0.4752241800956278,frac_lost: 0.102, li_recovered:  8.332, time: 0.00810721800007741
L: 0.50, u_super: 0.00135, sec: 73.791, prod: 0.029339, t_ads: 141.4, t_des: 139.2, bed_util_ads: 0.478, bed_util_des: 0.477, des_th: 0.47658857259485377,frac_lost: 0.107, li_recovered:  8.231, time: 0.00709811300112051
L: 0.50, u_super: 0.00693, sec: 390.954, prod: 0.156483, t_ads: 28.2, t_des: 26.2, bed_util_ads: 0.496, bed_util_des: 0.495, des_th: 0.49546781388808453,frac_lost: 0.107, li_recovered:  8.514, time: 0.0064574589996482246
L: 0.50, u_super: 0.00483, sec: 265.220, prod: 0.108850, t_ads: 40.3, t_des: 37.1, bed_util_ads: 0.496, bed_util_des: 0.495, des_th: 0.49546818930219105,frac_lost: 0.105, li_recovered:  8.425, time: 0.008310860999699798
L: 0.50, u_super: 0.00933, sec: 540.208, prod: 0.211471, t_ads: 20.9, t_des: 18.8, bed_util_ads: 0.500, bed_util_des: 0.500, des_th: 0.4997498136353463,frac_lost: 0.105, li_recovered:  8.395, time: 0.013891884998884052
L: 0.50, u_super: 0.00377, sec: 205.388, prod: 0.084408, t_ads: 51.6, t_des: 45.6, bed_util_ads: 0.500, bed_util_des: 0.499, des_th: 0.4993857961796935,frac_lost: 0.107, li_recovered:  8.205, time: 0.00844268299988471
L: 0.50, u_super: 0.00781, sec: 444.812, prod: 0.176274, t_ads: 25.1, t_des: 23.3, bed_util_ads: 0.497, bed_util_des: 0.496, des_th: 0.49651593841793007,frac_lost: 0.107, li_recovered:  8.528, time: 0.014444379999986268
L: 0.50, u_super: 0.00423, sec: 231.414, prod: 0.095119, t_ads: 45.9, t_des: 43.0, bed_util_ads: 0.493, bed_util_des: 0.493, des_th: 0.4931263765284843,frac_lost: 0.105, li_recovered:  8.455, time: 0.010328357000616961
L: 51.93, u_super: 0.00884 — INFEASIBLE (li_recovered=0.000e+00), time: 0.0022419659999286523
L: 0.50, u_super: 0.00426, sec: 641.203, prod: 0.034787, t_ads: 45.7, t_des: 205.3, bed_util_ads: 0.306, bed_util_des: 0.302, des_th: 0.30240785271995235,frac_lost: 0.100, li_recovered:  8.730, time: 0.02068585599954531
L: 0.50, u_super: 0.00812, sec: 463.699, prod: 0.183536, t_ads: 24.1, t_des: 21.6, bed_util_ads: 0.500, bed_util_des: 0.500, des_th: 0.49991846163254033,frac_lost: 0.107, li_recovered:  8.398, time: 0.006955371998628834
L: 0.50, u_super: 0.00605, sec: 336.695, prod: 0.136841, t_ads: 32.0, t_des: 28.6, bed_util_ads: 0.500, bed_util_des: 0.500, des_th: 0.49988328213633976,frac_lost: 0.101, li_recovered:  8.300, time: 0.006297992000327213
L: 0.50, u_super: 0.00779, sec: 445.795, prod: 0.175175, t_ads: 25.2, t_des: 23.8, bed_util_ads: 0.494, bed_util_des: 0.494, des_th: 0.49387613036647904,frac_lost: 0.109, li_recovered:  8.585, time: 0.004306160000851378
L: 0.50, u_super: 0.00745, sec: 504.572, prod: 0.140703, t_ads: 26.2, t_des: 35.7, bed_util_ads: 0.448, bed_util_des: 0.447, des_th: 0.44741713622294943,frac_lost: 0.104, li_recovered:  8.706, time: 0.006713020000461256
L: 0.50, u_super: 0.00281, sec: 151.002, prod: 0.062892, t_ads: 68.5, t_des: 63.3, bed_util_ads: 0.492, bed_util_des: 0.492, des_th: 0.4918576003022382,frac_lost: 0.101, li_recovered:  8.291, time: 0.00523442600024282
L: 0.50, u_super: 0.00239, sec: 129.577, prod: 0.052775, t_ads: 80.8, t_des: 70.0, bed_util_ads: 0.500, bed_util_des: 0.499, des_th: 0.49949092504198095,frac_lost: 0.106, li_recovered:  7.963, time: 0.006177925000883988
L: 19.32, u_super: 0.00745 — INFEASIBLE (li_recovered=0.000e+00), time: 0.0017002330005198019
L: 0.50, u_super: 0.00661, sec: 371.350, prod: 0.149191, t_ads: 29.7, t_des: 26.9, bed_util_ads: 0.500, bed_util_des: 0.499, des_th: 0.4993460208931079,frac_lost: 0.109, li_recovered:  8.431, time: 0.004018866000478738
L: 37.65, u_super: 0.00429 — INFEASIBLE (li_recovered=0.000e+00), time: 0.0009506740007054759
L: 0.50, u_super: 0.00990, sec: 576.844, prod: 0.224494, t_ads: 19.7, t_des: 17.9, bed_util_ads: 0.500, bed_util_des: 0.500, des_th: 0.4997275809196764,frac_lost: 0.105, li_recovered:  8.457, time: 0.0036793250001210254
L: 0.50, u_super: 0.00391, sec: 212.627, prod: 0.087795, t_ads: 49.7, t_des: 45.0, bed_util_ads: 0.497, bed_util_des: 0.497, des_th: 0.4970658247177082,frac_lost: 0.106, li_recovered:  8.318, time: 0.005608866000329726
L: 0.50, u_super: 0.00357, sec: 194.327, prod: 0.079947, t_ads: 54.4, t_des: 48.1, bed_util_ads: 0.500, bed_util_des: 0.500, des_th: 0.49955583289188293,frac_lost: 0.106, li_recovered:  8.191, time: 0.004803279000043403
L: 0.50, u_super: 0.00208, sec: 112.459, prod: 0.045675, t_ads: 92.2, t_des: 79.9, bed_util_ads: 0.498, bed_util_des: 0.497, des_th: 0.4973474663790967,frac_lost: 0.101, li_recovered:  7.861, time: 0.003511345999868354
L: 0.50, u_super: 0.00022, sec: 14.426, prod: 0.003859, t_ads: 742.5, t_des: 829.2, bed_util_ads: 0.402, bed_util_des: 0.394, des_th: 0.3946014367141745,frac_lost: 0.102, li_recovered:  6.065, time: 0.003678782000861247
L: 0.51, u_super: 0.00578, sec: 325.037, prod: 0.130628, t_ads: 34.0, t_des: 30.5, bed_util_ads: 0.500, bed_util_des: 0.500, des_th: 0.49974691817743755,frac_lost: 0.103, li_recovered:  8.428, time: 0.003689280001708539
L: 1.34, u_super: 0.00986, sec: 1559.056, prod: 0.220599, t_ads: 52.9, t_des: 46.7, bed_util_ads: 0.500, bed_util_des: 0.500, des_th: 0.4997275809196764,frac_lost: 0.107, li_recovered:  21.964, time: 0.005459341000459972
L: 5.03, u_super: 0.00027 — INFEASIBLE (li_recovered=0.000e+00), time: 0.0010186919989791932
L: 0.50, u_super: 0.00488, sec: 267.721, prod: 0.109932, t_ads: 39.9, t_des: 36.1, bed_util_ads: 0.498, bed_util_des: 0.497, des_th: 0.4974576334660797,frac_lost: 0.104, li_recovered:  8.349, time: 0.004655783999623964
L: 0.50, u_super: 0.00836, sec: 479.520, prod: 0.189028, t_ads: 23.5, t_des: 21.4, bed_util_ads: 0.499, bed_util_des: 0.498, des_th: 0.4985073932093839,frac_lost: 0.109, li_recovered:  8.487, time: 0.0071767449990147725
L: 0.50, u_super: 0.00636, sec: 355.052, prod: 0.144013, t_ads: 30.5, t_des: 27.3, bed_util_ads: 0.500, bed_util_des: 0.499, des_th: 0.4994129721627653,frac_lost: 0.100, li_recovered:  8.315, time: 0.006068392998713534
L: 0.50, u_super: 0.00418, sec: 229.393, prod: 0.093232, t_ads: 46.6, t_des: 45.0, bed_util_ads: 0.489, bed_util_des: 0.488, des_th: 0.48845226738109526,frac_lost: 0.105, li_recovered:  8.531, time: 0.0047382580014527775
L: 0.50, u_super: 0.00206, sec: 111.718, prod: 0.045279, t_ads: 92.9, t_des: 80.3, bed_util_ads: 0.499, bed_util_des: 0.498, des_th: 0.498547480536001,frac_lost: 0.102, li_recovered:  7.846, time: 0.00397958000030485
L: 0.50, u_super: 0.00034 — INFEASIBLE (li_recovered=0.000e+00), time: 0.001904437998746289
L: 0.50, u_super: 0.00406, sec: 275.879, prod: 0.073254, t_ads: 48.2, t_des: 70.0, bed_util_ads: 0.438, bed_util_des: 0.436, des_th: 0.4362058830813173,frac_lost: 0.109, li_recovered:  8.660, time: 0.0045092569998814724
L: 0.50, u_super: 0.00965, sec: 561.294, prod: 0.218740, t_ads: 20.3, t_des: 18.4, bed_util_ads: 0.499, bed_util_des: 0.499, des_th: 0.4993494983245738,frac_lost: 0.106, li_recovered:  8.452, time: 0.005647596999551752
L: 0.50, u_super: 0.00929, sec: 537.115, prod: 0.210617, t_ads: 21.0, t_des: 19.1, bed_util_ads: 0.499, bed_util_des: 0.499, des_th: 0.4993460208931079,frac_lost: 0.104, li_recovered:  8.441, time: 0.005851492000147118
L: 0.50, u_super: 0.00652, sec: 364.547, prod: 0.147555, t_ads: 29.7, t_des: 26.6, bed_util_ads: 0.500, bed_util_des: 0.500, des_th: 0.49971987084502284,frac_lost: 0.100, li_recovered:  8.308, time: 0.004272373000276275
    81 |     3240 |     40 |  0.0040502464 |             f
L: 3.01, u_super: 0.00185, sec: 708.967, prod: 0.034491, t_ads: 551.4, t_des: 535.4, bed_util_ads: 0.439, bed_util_des: 0.436, des_th: 0.43657398272548115,frac_lost: 0.102, li_recovered:  37.484, time: 0.003492804000416072
L: 0.50, u_super: 0.00989, sec: 576.364, prod: 0.224431, t_ads: 19.7, t_des: 17.9, bed_util_ads: 0.500, bed_util_des: 0.500, des_th: 0.49972236991449276,frac_lost: 0.105, li_recovered:  8.455, time: 0.003748851999262115
L: 0.50, u_super: 0.00882, sec: 507.622, prod: 0.199682, t_ads: 22.2, t_des: 20.1, bed_util_ads: 0.499, bed_util_des: 0.499, des_th: 0.4985287121136645,frac_lost: 0.106, li_recovered:  8.445, time: 0.003829900999335223
L: 26.74, u_super: 0.00772 — INFEASIBLE (li_recovered=0.000e+00), time: 0.0011664949997793883
L: 0.50, u_super: 0.00093, sec: 51.034, prod: 0.020078, t_ads: 200.7, t_des: 191.0, bed_util_ads: 0.478, bed_util_des: 0.476, des_th: 0.47658857259485377,frac_lost: 0.103, li_recovered:  7.864, time: 0.0037143929985177238
L: 0.50, u_super: 0.00566, sec: 313.244, prod: 0.127797, t_ads: 34.4, t_des: 31.1, bed_util_ads: 0.498, bed_util_des: 0.498, des_th: 0.49822906035993064,frac_lost: 0.103, li_recovered:  8.364, time: 0.0034013690001302166
L: 0.50, u_super: 0.00026, sec: 17.014, prod: 0.004758, t_ads: 649.0, t_des: 776.3, bed_util_ads: 0.405, bed_util_des: 0.394, des_th: 0.3946014367141745,frac_lost: 0.101, li_recovered:  6.781, time: 0.0043836559998453595
L: 0.50, u_super: 0.00223, sec: 121.335, prod: 0.049059, t_ads: 86.4, t_des: 74.2, bed_util_ads: 0.500, bed_util_des: 0.499, des_th: 0.49930734304085594,frac_lost: 0.106, li_recovered:  7.880, time: 0.0035515789986675372
L: 0.50, u_super: 0.00882, sec: 561.333, prod: 0.180586, t_ads: 22.1, t_des: 26.1, bed_util_ads: 0.466, bed_util_des: 0.465, des_th: 0.4653607990232157,frac_lost: 0.103, li_recovered:  8.709, time: 0.004194536000795779
L: 0.50, u_super: 0.00667, sec: 373.557, prod: 0.151017, t_ads: 29.1, t_des: 26.0, bed_util_ads: 0.499, bed_util_des: 0.499, des_th: 0.4993307915231201,frac_lost: 0.100, li_recovered:  8.316, time: 0.00550054499944963
L: 0.50, u_super: 0.00914, sec: 528.087, prod: 0.207241, t_ads: 21.4, t_des: 19.4, bed_util_ads: 0.499, bed_util_des: 0.499, des_th: 0.4985287121136645,frac_lost: 0.105, li_recovered:  8.446, time: 0.004645263999918825
L: 0.50, u_super: 0.00052 — INFEASIBLE (li_recovered=0.000e+00), time: 0.002933789000962861
L: 0.50, u_super: 0.00835, sec: 478.412, prod: 0.188700, t_ads: 23.5, t_des: 21.5, bed_util_ads: 0.498, bed_util_des: 0.498, des_th: 0.4982064889502809,frac_lost: 0.108, li_recovered:  8.486, time: 0.005967576998955337
L: 0.50, u_super: 0.00295, sec: 159.939, prod: 0.065851, t_ads: 65.3, t_des: 57.4, bed_util_ads: 0.499, bed_util_des: 0.499, des_th: 0.4989691121566105,frac_lost: 0.102, li_recovered:  8.081, time: 0.003875917000186746
L: 52.55, u_super: 0.00495 — INFEASIBLE (li_recovered=0.000e+00), time: 0.0007784950012137415
L: 0.50, u_super: 0.00985, sec: 573.406, prod: 0.223314, t_ads: 19.8, t_des: 17.8, bed_util_ads: 0.500, bed_util_des: 0.500, des_th: 0.4997275809196764,frac_lost: 0.104, li_recovered:  8.410, time: 0.005648647000271012
L: 0.68, u_super: 0.00048, sec: 39.005, prod: 0.009297, t_ads: 498.0, t_des: 503.6, bed_util_ads: 0.441, bed_util_des: 0.436, des_th: 0.43657398272548115,frac_lost: 0.105, li_recovered:  9.312, time: 0.004328449000240653
L: 144.33, u_super: 0.00042 — INFEASIBLE (li_recovered=0.000e+00), time: 0.0006960640002944274
L: 0.50, u_super: 0.00805, sec: 458.847, prod: 0.182057, t_ads: 24.3, t_des: 22.0, bed_util_ads: 0.500, bed_util_des: 0.500, des_th: 0.4997275809196764,frac_lost: 0.106, li_recovered:  8.436, time: 0.0061739479988318635
L: 0.50, u_super: 0.00516, sec: 286.569, prod: 0.115623, t_ads: 37.6, t_des: 36.5, bed_util_ads: 0.489, bed_util_des: 0.489, des_th: 0.48898117323155904,frac_lost: 0.103, li_recovered:  8.564, time: 0.0049805429989646655
L: 0.50, u_super: 0.00636, sec: 355.598, prod: 0.143796, t_ads: 30.6, t_des: 27.3, bed_util_ads: 0.500, bed_util_des: 0.499, des_th: 0.4994129721627653,frac_lost: 0.103, li_recovered:  8.323, time: 0.004294258000300033
L: 0.50, u_super: 0.00578, sec: 487.160, prod: 0.086474, t_ads: 34.0, t_des: 67.2, bed_util_ads: 0.401, bed_util_des: 0.400, des_th: 0.3997873547438428,frac_lost: 0.106, li_recovered:  8.754, time: 0.0057723240006453125
L: 0.50, u_super: 0.00481, sec: 263.750, prod: 0.108528, t_ads: 40.3, t_des: 36.9, bed_util_ads: 0.496, bed_util_des: 0.496, des_th: 0.4960993426842779,frac_lost: 0.103, li_recovered:  8.384, time: 0.003633337999417563
L: 0.50, u_super: 0.00968, sec: 562.724, prod: 0.219645, t_ads: 20.1, t_des: 18.5, bed_util_ads: 0.497, bed_util_des: 0.497, des_th: 0.4971122985760028,frac_lost: 0.104, li_recovered:  8.489, time: 0.0035884000008081784
L: 0.50, u_super: 0.00455, sec: 249.326, prod: 0.102341, t_ads: 42.8, t_des: 38.2, bed_util_ads: 0.500, bed_util_des: 0.499, des_th: 0.4994497706768508,frac_lost: 0.106, li_recovered:  8.288, time: 0.003122484999039443
L: 0.50, u_super: 0.00933, sec: 540.407, prod: 0.211382, t_ads: 21.0, t_des: 19.2, bed_util_ads: 0.497, bed_util_des: 0.497, des_th: 0.49724815799984945,frac_lost: 0.106, li_recovered:  8.490, time: 0.005681520000507589
L: 0.50, u_super: 0.00825, sec: 473.339, prod: 0.185927, t_ads: 23.8, t_des: 22.3, bed_util_ads: 0.495, bed_util_des: 0.495, des_th: 0.49499235372138717,frac_lost: 0.108, li_recovered:  8.563, time: 0.004583351999826846
L: 0.50, u_super: 0.00527, sec: 290.878, prod: 0.118854, t_ads: 36.9, t_des: 34.2, bed_util_ads: 0.495, bed_util_des: 0.495, des_th: 0.49467794618642286,frac_lost: 0.105, li_recovered:  8.451, time: 0.005348599999706494
L: 0.50, u_super: 0.00552, sec: 306.066, prod: 0.124453, t_ads: 35.1, t_des: 33.3, bed_util_ads: 0.492, bed_util_des: 0.492, des_th: 0.49181314850602736,frac_lost: 0.101, li_recovered:  8.521, time: 0.004955857000823016
L: 0.51, u_super: 0.00678, sec: 386.715, prod: 0.153549, t_ads: 29.2, t_des: 26.7, bed_util_ads: 0.498, bed_util_des: 0.498, des_th: 0.49773430030591176,frac_lost: 0.103, li_recovered:  8.571, time: 0.0046606719988631085
L: 0.50, u_super: 0.00605, sec: 336.671, prod: 0.136852, t_ads: 32.0, t_des: 28.7, bed_util_ads: 0.500, bed_util_des: 0.500, des_th: 0.49988328213633976,frac_lost: 0.101, li_recovered:  8.308, time: 0.005832912000187207
L: 0.50, u_super: 0.00237, sec: 128.527, prod: 0.052368, t_ads: 81.3, t_des: 70.5, bed_util_ads: 0.499, bed_util_des: 0.499, des_th: 0.49927566002811224,frac_lost: 0.105, li_recovered:  7.949, time: 0.005322097000316717
L: 0.50, u_super: 0.00023 — INFEASIBLE (li_recovered=0.000e+00), time: 0.002127608000591863
L: 0.50, u_super: 0.00722, sec: 411.628, prod: 0.161890, t_ads: 27.1, t_des: 26.1, bed_util_ads: 0.491, bed_util_des: 0.491, des_th: 0.49080019890602594,frac_lost: 0.107, li_recovered:  8.605, time: 0.005537188999369391
L: 0.50, u_super: 0.00086, sec: 47.076, prod: 0.018263, t_ads: 219.6, t_des: 206.1, bed_util_ads: 0.478, bed_util_des: 0.476, des_th: 0.47658857259485377,frac_lost: 0.107, li_recovered:  7.774, time: 0.005180214999199961
L: 2.79, u_super: 0.00327 — INFEASIBLE (li_recovered=0.000e+00), time: 0.003402559999813093
L: 0.50, u_super: 0.00236, sec: 127.752, prod: 0.052091, t_ads: 81.7, t_des: 70.9, bed_util_ads: 0.500, bed_util_des: 0.499, des_th: 0.4994129721627653,frac_lost: 0.104, li_recovered:  7.950, time: 0.004672389999541338
L: 0.50, u_super: 0.00990, sec: 576.552, prod: 0.224524, t_ads: 19.7, t_des: 17.9, bed_util_ads: 0.500, bed_util_des: 0.500, des_th: 0.4997275809196764,frac_lost: 0.104, li_recovered:  8.454, time: 0.006320718001006753
L: 50.02, u_super: 0.00809 — INFEASIBLE (li_recovered=0.000e+00), time: 0.001237042000866495
L: 0.50, u_super: 0.00639, sec: 357.126, prod: 0.144640, t_ads: 30.4, t_des: 27.2, bed_util_ads: 0.499, bed_util_des: 0.499, des_th: 0.4992777807207814,frac_lost: 0.102, li_recovered:  8.320, time: 0.004132421001486364
    82 |     3280 |     40 |  0.0030389598 |             f
L: 0.50, u_super: 0.00745, sec: 422.494, prod: 0.168031, t_ads: 26.3, t_des: 24.5, bed_util_ads: 0.495, bed_util_des: 0.495, des_th: 0.49499235372138717,frac_lost: 0.107, li_recovered:  8.526, time: 0.006986815000345814
L: 0.50, u_super: 0.00911, sec: 538.308, prod: 0.201644, t_ads: 21.4, t_des: 21.6, bed_util_ads: 0.486, bed_util_des: 0.486, des_th: 0.48597668915149744,frac_lost: 0.105, li_recovered:  8.678, time: 0.006295024000792182
L: 0.50, u_super: 0.00149, sec: 81.367, prod: 0.032069, t_ads: 128.9, t_des: 110.0, bed_util_ads: 0.497, bed_util_des: 0.497, des_th: 0.4971589702469416,frac_lost: 0.108, li_recovered:  7.661, time: 0.006960005999644636
L: 0.50, u_super: 0.00903, sec: 521.063, prod: 0.204597, t_ads: 21.6, t_des: 19.6, bed_util_ads: 0.500, bed_util_des: 0.499, des_th: 0.49948970269580595,frac_lost: 0.106, li_recovered:  8.446, time: 0.008490029998938553
L: 0.50, u_super: 0.00667, sec: 374.616, prod: 0.150590, t_ads: 29.3, t_des: 26.4, bed_util_ads: 0.500, bed_util_des: 0.500, des_th: 0.49980114058305714,frac_lost: 0.108, li_recovered:  8.392, time: 0.005597618999672704
L: 9.59, u_super: 0.00455 — INFEASIBLE (li_recovered=0.000e+00), time: 0.0034013810000033118
L: 0.50, u_super: 0.00022 — INFEASIBLE (li_recovered=0.000e+00), time: 0.003626524001447251
L: 0.50, u_super: 0.00357, sec: 194.060, prod: 0.080026, t_ads: 53.9, t_des: 47.5, bed_util_ads: 0.500, bed_util_des: 0.500, des_th: 0.49955583289188293,frac_lost: 0.100, li_recovered:  8.121, time: 0.004221974000756745
L: 0.51, u_super: 0.00692, sec: 393.939, prod: 0.156759, t_ads: 28.4, t_des: 25.4, bed_util_ads: 0.500, bed_util_des: 0.500, des_th: 0.4997965448152366,frac_lost: 0.101, li_recovered:  8.435, time: 0.005389623000155552
L: 0.50, u_super: 0.00356, sec: 193.565, prod: 0.079649, t_ads: 54.7, t_des: 51.2, bed_util_ads: 0.492, bed_util_des: 0.492, des_th: 0.491743622084644,frac_lost: 0.108, li_recovered:  8.438, time: 0.007833378000213997
L: 0.50, u_super: 0.00935, sec: 540.748, prod: 0.211902, t_ads: 20.9, t_des: 18.8, bed_util_ads: 0.500, bed_util_des: 0.499, des_th: 0.49949092504198095,frac_lost: 0.104, li_recovered:  8.400, time: 0.009181403998809401
L: 4.69, u_super: 0.00722 — INFEASIBLE (li_recovered=0.000e+00), time: 0.0027529079998203088
L: 24.25, u_super: 0.00892 — INFEASIBLE (li_recovered=0.000e+00), time: 0.003678710998428869
L: 0.50, u_super: 0.00942, sec: 545.861, prod: 0.213643, t_ads: 20.7, t_des: 18.8, bed_util_ads: 0.499, bed_util_des: 0.499, des_th: 0.4986873622929289,frac_lost: 0.105, li_recovered:  8.449, time: 0.007740601000477909
L: 0.50, u_super: 0.00943, sec: 546.452, prod: 0.213738, t_ads: 20.7, t_des: 18.6, bed_util_ads: 0.500, bed_util_des: 0.500, des_th: 0.4997275809196764,frac_lost: 0.104, li_recovered:  8.395, time: 0.005679715999576729
L: 0.50, u_super: 0.00258, sec: 139.778, prod: 0.057142, t_ads: 74.8, t_des: 65.0, bed_util_ads: 0.499, bed_util_des: 0.499, des_th: 0.49920564787454125,frac_lost: 0.104, li_recovered:  7.985, time: 0.004430688000866212
L: 0.50, u_super: 0.00418, sec: 227.716, prod: 0.093919, t_ads: 46.5, t_des: 42.1, bed_util_ads: 0.498, bed_util_des: 0.497, des_th: 0.4974978551663614,frac_lost: 0.105, li_recovered:  8.321, time: 0.004093233001185581
L: 0.50, u_super: 0.00277, sec: 148.962, prod: 0.061880, t_ads: 69.7, t_des: 64.9, bed_util_ads: 0.492, bed_util_des: 0.491, des_th: 0.4915196878611338,frac_lost: 0.103, li_recovered:  8.330, time: 0.005608254999970086
L: 0.50, u_super: 0.00839, sec: 480.647, prod: 0.189890, t_ads: 23.3, t_des: 21.2, bed_util_ads: 0.499, bed_util_des: 0.499, des_th: 0.49852880949650863,frac_lost: 0.107, li_recovered:  8.446, time: 0.0047206070012180135
L: 0.50, u_super: 0.00709, sec: 407.928, prod: 0.157215, t_ads: 27.6, t_des: 27.4, bed_util_ads: 0.488, bed_util_des: 0.488, des_th: 0.4877148809523371,frac_lost: 0.108, li_recovered:  8.651, time: 0.00729323999985354
L: 0.50, u_super: 0.00263, sec: 141.895, prod: 0.058317, t_ads: 73.4, t_des: 64.4, bed_util_ads: 0.499, bed_util_des: 0.499, des_th: 0.49927688237428725,frac_lost: 0.103, li_recovered:  8.041, time: 0.004869202000918449
L: 0.50, u_super: 0.00376, sec: 204.277, prod: 0.084258, t_ads: 51.9, t_des: 47.4, bed_util_ads: 0.496, bed_util_des: 0.495, des_th: 0.4953977207724067,frac_lost: 0.108, li_recovered:  8.365, time: 0.006443420999858063
L: 4.51, u_super: 0.00651 — INFEASIBLE (li_recovered=0.000e+00), time: 0.003970532001403626
L: 26.85, u_super: 0.00385 — INFEASIBLE (li_recovered=0.000e+00), time: 0.0017945540002983762
L: 0.50, u_super: 0.00693, sec: 400.074, prod: 0.152914, t_ads: 28.2, t_des: 28.4, bed_util_ads: 0.486, bed_util_des: 0.485, des_th: 0.4853634082279045,frac_lost: 0.108, li_recovered:  8.661, time: 0.005074591999800759
L: 84.12, u_super: 0.00781 — INFEASIBLE (li_recovered=0.000e+00), time: 0.0017807040003390284
L: 0.50, u_super: 0.00185, sec: 99.956, prod: 0.040800, t_ads: 103.5, t_des: 91.6, bed_util_ads: 0.495, bed_util_des: 0.494, des_th: 0.49418536448476574,frac_lost: 0.104, li_recovered:  7.959, time: 0.006596117000299273
L: 0.50, u_super: 0.00580, sec: 321.544, prod: 0.130904, t_ads: 33.6, t_des: 31.1, bed_util_ads: 0.496, bed_util_des: 0.495, des_th: 0.4953922007517138,frac_lost: 0.104, li_recovered:  8.458, time: 0.00550170899987279
L: 0.50, u_super: 0.00324, sec: 176.131, prod: 0.072396, t_ads: 59.9, t_des: 56.8, bed_util_ads: 0.491, bed_util_des: 0.490, des_th: 0.4901271459177492,frac_lost: 0.107, li_recovered:  8.447, time: 0.0067604770010802895
L: 0.50, u_super: 0.00053, sec: 36.370, prod: 0.009011, t_ads: 353.6, t_des: 528.4, bed_util_ads: 0.406, bed_util_des: 0.395, des_th: 0.3946014367141745,frac_lost: 0.106, li_recovered:  7.948, time: 0.004506678000325337
L: 2.67, u_super: 0.00736 — INFEASIBLE (li_recovered=0.000e+00), time: 0.002897615000620135
L: 0.50, u_super: 0.00187, sec: 101.168, prod: 0.040871, t_ads: 102.5, t_des: 88.8, bed_util_ads: 0.497, bed_util_des: 0.497, des_th: 0.497049915697251,frac_lost: 0.102, li_recovered:  7.818, time: 0.0054440099993371405
L: 0.50, u_super: 0.00043 — INFEASIBLE (li_recovered=0.000e+00), time: 0.004225384000164922
L: 0.50, u_super: 0.00381, sec: 225.907, prod: 0.078270, t_ads: 51.1, t_des: 59.1, bed_util_ads: 0.466, bed_util_des: 0.465, des_th: 0.4646632282786422,frac_lost: 0.105, li_recovered:  8.623, time: 0.00648269699922821
L: 0.50, u_super: 0.00166, sec: 90.388, prod: 0.036044, t_ads: 115.3, t_des: 116.1, bed_util_ads: 0.478, bed_util_des: 0.477, des_th: 0.47658857259485377,frac_lost: 0.102, li_recovered:  8.342, time: 0.004569222001009621
L: 0.50, u_super: 0.00743, sec: 421.411, prod: 0.167956, t_ads: 26.3, t_des: 23.6, bed_util_ads: 0.500, bed_util_des: 0.500, des_th: 0.4998738314246849,frac_lost: 0.108, li_recovered:  8.394, time: 0.007466343999112723
L: 0.50, u_super: 0.00120, sec: 65.177, prod: 0.026040, t_ads: 158.0, t_des: 153.7, bed_util_ads: 0.478, bed_util_des: 0.477, des_th: 0.476959052764451,frac_lost: 0.103, li_recovered:  8.116, time: 0.004346888001236948
L: 0.50, u_super: 0.00882, sec: 507.689, prod: 0.199654, t_ads: 22.2, t_des: 20.2, bed_util_ads: 0.499, bed_util_des: 0.499, des_th: 0.4985287121136645,frac_lost: 0.107, li_recovered:  8.455, time: 0.004956538001351873
L: 0.50, u_super: 0.00181, sec: 99.087, prod: 0.039212, t_ads: 105.7, t_des: 89.1, bed_util_ads: 0.500, bed_util_des: 0.500, des_th: 0.499989963359925,frac_lost: 0.103, li_recovered:  7.639, time: 0.006438796001020819
L: 0.50, u_super: 0.00352, sec: 193.137, prod: 0.078013, t_ads: 55.2, t_des: 54.1, bed_util_ads: 0.486, bed_util_des: 0.486, des_th: 0.4857657866156697,frac_lost: 0.106, li_recovered:  8.532, time: 0.005754085999797098
    83 |     3320 |     40 |  0.0026108939 |             f
L: 19.13, u_super: 0.00363 — INFEASIBLE (li_recovered=0.000e+00), time: 0.0008751969999138964
L: 0.50, u_super: 0.00634, sec: 354.141, prod: 0.143351, t_ads: 30.7, t_des: 28.5, bed_util_ads: 0.495, bed_util_des: 0.495, des_th: 0.4951070567748014,frac_lost: 0.103, li_recovered:  8.478, time: 0.004913663999104756
L: 0.50, u_super: 0.00120, sec: 65.164, prod: 0.026044, t_ads: 158.0, t_des: 153.5, bed_util_ads: 0.478, bed_util_des: 0.477, des_th: 0.476959052764451,frac_lost: 0.103, li_recovered:  8.112, time: 0.0050549850002425956
L: 26.64, u_super: 0.00962 — INFEASIBLE (li_recovered=0.000e+00), time: 0.0017556989987497218
L: 0.50, u_super: 0.00391, sec: 212.880, prod: 0.087690, t_ads: 49.9, t_des: 45.0, bed_util_ads: 0.497, bed_util_des: 0.497, des_th: 0.4970658247177082,frac_lost: 0.108, li_recovered:  8.316, time: 0.004127263999180286
L: 0.50, u_super: 0.00133, sec: 83.709, prod: 0.025090, t_ads: 143.4, t_des: 190.8, bed_util_ads: 0.440, bed_util_des: 0.436, des_th: 0.43657398272548115,frac_lost: 0.103, li_recovered:  8.386, time: 0.006095738999647438
L: 0.50, u_super: 0.00313, sec: 169.459, prod: 0.070091, t_ads: 61.6, t_des: 54.8, bed_util_ads: 0.497, bed_util_des: 0.497, des_th: 0.4970243427152458,frac_lost: 0.103, li_recovered:  8.163, time: 0.004005831999165821
L: 0.50, u_super: 0.00299, sec: 161.763, prod: 0.066689, t_ads: 64.4, t_des: 56.7, bed_util_ads: 0.499, bed_util_des: 0.499, des_th: 0.4985265378153839,frac_lost: 0.100, li_recovered:  8.073, time: 0.004556800999125699
L: 0.50, u_super: 0.00839, sec: 560.227, prod: 0.162916, t_ads: 23.2, t_des: 30.3, bed_util_ads: 0.453, bed_util_des: 0.453, des_th: 0.45256333087604195,frac_lost: 0.102, li_recovered:  8.709, time: 0.0043867450003745034
L: 0.50, u_super: 0.00540, sec: 297.895, prod: 0.122118, t_ads: 35.9, t_des: 32.5, bed_util_ads: 0.498, bed_util_des: 0.498, des_th: 0.4981656016687315,frac_lost: 0.101, li_recovered:  8.356, time: 0.003632785999798216
L: 0.50, u_super: 0.00553, sec: 305.617, prod: 0.124818, t_ads: 35.2, t_des: 32.2, bed_util_ads: 0.496, bed_util_des: 0.496, des_th: 0.49613431796126967,frac_lost: 0.104, li_recovered:  8.413, time: 0.0039423580001312075
L: 0.50, u_super: 0.00455, sec: 249.526, prod: 0.102259, t_ads: 42.8, t_des: 38.1, bed_util_ads: 0.500, bed_util_des: 0.499, des_th: 0.4994497706768508,frac_lost: 0.106, li_recovered:  8.274, time: 0.003992656000264105
L: 6.36, u_super: 0.00990 — INFEASIBLE (li_recovered=0.000e+00), time: 0.0022174050009198254
L: 0.50, u_super: 0.00639, sec: 356.862, prod: 0.144747, t_ads: 30.4, t_des: 27.8, bed_util_ads: 0.497, bed_util_des: 0.497, des_th: 0.4971530310323454,frac_lost: 0.102, li_recovered:  8.424, time: 0.004943431000356213
L: 9.16, u_super: 0.00646 — INFEASIBLE (li_recovered=0.000e+00), time: 0.00221171500015771
L: 0.50, u_super: 0.00838, sec: 508.370, prod: 0.179144, t_ads: 23.4, t_des: 25.2, bed_util_ads: 0.477, bed_util_des: 0.476, des_th: 0.4764596324705064,frac_lost: 0.107, li_recovered:  8.704, time: 0.004447592998985783
L: 0.50, u_super: 0.00022 — INFEASIBLE (li_recovered=0.000e+00), time: 0.003051454001251841
L: 0.50, u_super: 0.00962, sec: 558.361, prod: 0.218045, t_ads: 20.3, t_des: 18.6, bed_util_ads: 0.497, bed_util_des: 0.497, des_th: 0.49714400036744366,frac_lost: 0.104, li_recovered:  8.491, time: 0.0050770270008797524
L: 0.50, u_super: 0.00295, sec: 160.089, prod: 0.065789, t_ads: 65.4, t_des: 57.4, bed_util_ads: 0.499, bed_util_des: 0.499, des_th: 0.49893441062961885,frac_lost: 0.104, li_recovered:  8.079, time: 0.006019479000315187
L: 0.50, u_super: 0.00201, sec: 108.845, prod: 0.044173, t_ads: 95.9, t_des: 83.5, bed_util_ads: 0.497, bed_util_des: 0.497, des_th: 0.4969934912864547,frac_lost: 0.107, li_recovered:  7.926, time: 0.00552291300118668
L: 0.50, u_super: 0.00658, sec: 368.100, prod: 0.149047, t_ads: 29.4, t_des: 26.4, bed_util_ads: 0.500, bed_util_des: 0.499, des_th: 0.4994497706768508,frac_lost: 0.100, li_recovered:  8.324, time: 0.006634501000007731
L: 0.50, u_super: 0.00741, sec: 418.485, prod: 0.167829, t_ads: 26.2, t_des: 23.7, bed_util_ads: 0.499, bed_util_des: 0.499, des_th: 0.49916246884234833,frac_lost: 0.102, li_recovered:  8.378, time: 0.0071756399993319064
L: 0.50, u_super: 0.00223, sec: 120.889, prod: 0.049241, t_ads: 86.4, t_des: 75.2, bed_util_ads: 0.500, bed_util_des: 0.499, des_th: 0.49930734304085594,frac_lost: 0.106, li_recovered:  7.957, time: 0.00599478900039685
L: 0.50, u_super: 0.00045, sec: 30.465, prod: 0.007812, t_ads: 410.8, t_des: 585.5, bed_util_ads: 0.406, bed_util_des: 0.395, des_th: 0.3946014367141745,frac_lost: 0.106, li_recovered:  7.782, time: 0.00566137100031483
L: 0.50, u_super: 0.00781, sec: 443.004, prod: 0.176993, t_ads: 24.9, t_des: 22.7, bed_util_ads: 0.498, bed_util_des: 0.498, des_th: 0.4977908626092942,frac_lost: 0.102, li_recovered:  8.433, time: 0.005044396000812412
L: 0.50, u_super: 0.00934, sec: 540.525, prod: 0.211657, t_ads: 20.9, t_des: 18.8, bed_util_ads: 0.500, bed_util_des: 0.500, des_th: 0.49989808197450114,frac_lost: 0.105, li_recovered:  8.407, time: 0.004846888999963994
L: 0.50, u_super: 0.00733, sec: 415.431, prod: 0.165602, t_ads: 26.7, t_des: 24.8, bed_util_ads: 0.496, bed_util_des: 0.495, des_th: 0.49540480603311793,frac_lost: 0.107, li_recovered:  8.518, time: 0.005534003001230303
L: 0.50, u_super: 0.00973, sec: 565.134, prod: 0.220765, t_ads: 20.0, t_des: 18.2, bed_util_ads: 0.499, bed_util_des: 0.499, des_th: 0.4989712864548911,frac_lost: 0.103, li_recovered:  8.447, time: 0.006335124999168329
L: 0.50, u_super: 0.00605, sec: 336.249, prod: 0.137024, t_ads: 32.0, t_des: 29.0, bed_util_ads: 0.499, bed_util_des: 0.498, des_th: 0.4983595690284454,frac_lost: 0.101, li_recovered:  8.365, time: 0.005118912000398268
L: 0.50, u_super: 0.00086, sec: 46.990, prod: 0.018296, t_ads: 217.3, t_des: 203.2, bed_util_ads: 0.478, bed_util_des: 0.476, des_th: 0.47658857259485377,frac_lost: 0.100, li_recovered:  7.694, time: 0.006443301999752293
L: 0.50, u_super: 0.00630, sec: 352.221, prod: 0.142138, t_ads: 30.8, t_des: 29.2, bed_util_ads: 0.493, bed_util_des: 0.493, des_th: 0.49305992496443923,frac_lost: 0.102, li_recovered:  8.532, time: 0.005576988000029814
L: 16.46, u_super: 0.00106 — INFEASIBLE (li_recovered=0.000e+00), time: 0.0010637199993652757
L: 0.50, u_super: 0.00259, sec: 140.265, prod: 0.057299, t_ads: 74.6, t_des: 64.8, bed_util_ads: 0.499, bed_util_des: 0.499, des_th: 0.4992747798287162,frac_lost: 0.104, li_recovered:  7.984, time: 0.004121536998354713
L: 0.50, u_super: 0.00722, sec: 408.137, prod: 0.163275, t_ads: 27.1, t_des: 24.6, bed_util_ads: 0.499, bed_util_des: 0.499, des_th: 0.499207708950793,frac_lost: 0.107, li_recovered:  8.433, time: 0.003849873000945081
L: 0.50, u_super: 0.00429, sec: 236.857, prod: 0.095423, t_ads: 45.3, t_des: 44.4, bed_util_ads: 0.488, bed_util_des: 0.487, des_th: 0.4871839098455289,frac_lost: 0.105, li_recovered:  8.561, time: 0.00678353700095613
L: 0.50, u_super: 0.00883, sec: 582.180, prod: 0.174472, t_ads: 22.1, t_des: 27.8, bed_util_ads: 0.458, bed_util_des: 0.457, des_th: 0.45731558817603324,frac_lost: 0.103, li_recovered:  8.713, time: 0.00840471300034551
L: 0.50, u_super: 0.00020 — INFEASIBLE (li_recovered=0.000e+00), time: 0.004225018999932217
L: 0.50, u_super: 0.00781, sec: 444.526, prod: 0.176390, t_ads: 25.1, t_des: 23.0, bed_util_ads: 0.498, bed_util_des: 0.498, des_th: 0.49773430030591176,frac_lost: 0.108, li_recovered:  8.486, time: 0.007359219000136363
L: 0.50, u_super: 0.00728, sec: 411.506, prod: 0.164349, t_ads: 26.9, t_des: 24.7, bed_util_ads: 0.496, bed_util_des: 0.496, des_th: 0.49622130066290393,frac_lost: 0.107, li_recovered:  8.487, time: 0.004236095001033391
L: 23.27, u_super: 0.00375 — INFEASIBLE (li_recovered=0.000e+00), time: 0.0010930689986707876
    84 |     3360 |     40 |  0.0018199374 |             f
L: 0.50, u_super: 0.00831, sec: 475.326, prod: 0.188129, t_ads: 23.5, t_des: 21.3, bed_util_ads: 0.499, bed_util_des: 0.499, des_th: 0.49852880949650863,frac_lost: 0.106, li_recovered:  8.440, time: 0.007279753001057543
L: 3.14, u_super: 0.00934, sec: 3601.232, prod: 0.199397, t_ads: 128.9, t_des: 107.0, bed_util_ads: 0.500, bed_util_des: 0.500, des_th: 0.49998666081247617,frac_lost: 0.108, li_recovered:  47.021, time: 0.0058467149992793566
L: 0.50, u_super: 0.00516, sec: 286.569, prod: 0.115623, t_ads: 37.6, t_des: 36.5, bed_util_ads: 0.489, bed_util_des: 0.489, des_th: 0.48898117323155904,frac_lost: 0.103, li_recovered:  8.564, time: 0.006222377000085544
L: 0.50, u_super: 0.00259, sec: 168.561, prod: 0.047681, t_ads: 75.1, t_des: 104.9, bed_util_ads: 0.440, bed_util_des: 0.438, des_th: 0.43787023343193215,frac_lost: 0.106, li_recovered:  8.582, time: 0.008910573998946347
L: 0.50, u_super: 0.00022 — INFEASIBLE (li_recovered=0.000e+00), time: 0.0029569369999080664
L: 35.68, u_super: 0.00424 — INFEASIBLE (li_recovered=0.000e+00), time: 0.002264216998810298
L: 0.50, u_super: 0.00761, sec: 495.338, prod: 0.150022, t_ads: 25.8, t_des: 32.3, bed_util_ads: 0.458, bed_util_des: 0.457, des_th: 0.4572078253249341,frac_lost: 0.107, li_recovered:  8.707, time: 0.005484072999024647
L: 17.00, u_super: 0.00016 — INFEASIBLE (li_recovered=0.000e+00), time: 0.001099797000279068
L: 5.60, u_super: 0.00508 — INFEASIBLE (li_recovered=0.000e+00), time: 0.004741357999591855
L: 0.50, u_super: 0.00448, sec: 245.231, prod: 0.100764, t_ads: 43.5, t_des: 39.8, bed_util_ads: 0.496, bed_util_des: 0.496, des_th: 0.4955066973132077,frac_lost: 0.107, li_recovered:  8.394, time: 0.004544002000329783
L: 0.50, u_super: 0.00376, sec: 204.283, prod: 0.084443, t_ads: 51.7, t_des: 47.4, bed_util_ads: 0.496, bed_util_des: 0.495, des_th: 0.4953633988519669,frac_lost: 0.106, li_recovered:  8.364, time: 0.004447454999535694
L: 0.50, u_super: 0.00908, sec: 554.569, prod: 0.194402, t_ads: 21.5, t_des: 23.3, bed_util_ads: 0.477, bed_util_des: 0.476, des_th: 0.4762734020870048,frac_lost: 0.105, li_recovered:  8.707, time: 0.007301413999812212
L: 0.50, u_super: 0.00576, sec: 318.999, prod: 0.130238, t_ads: 33.7, t_des: 30.9, bed_util_ads: 0.497, bed_util_des: 0.497, des_th: 0.49670305323488295,frac_lost: 0.102, li_recovered:  8.417, time: 0.005687121998562361
L: 28.64, u_super: 0.00398 — INFEASIBLE (li_recovered=0.000e+00), time: 0.0020889440002065385
L: 0.50, u_super: 0.00082, sec: 46.928, prod: 0.016781, t_ads: 229.5, t_des: 250.4, bed_util_ads: 0.457, bed_util_des: 0.454, des_th: 0.4537850166647771,frac_lost: 0.105, li_recovered:  8.053, time: 0.006482051998318639
L: 0.50, u_super: 0.00022, sec: 14.861, prod: 0.003746, t_ads: 773.0, t_des: 992.6, bed_util_ads: 0.385, bed_util_des: 0.370, des_th: 0.3701198594405707,frac_lost: 0.101, li_recovered:  6.614, time: 0.004803558998901281
L: 0.50, u_super: 0.00839, sec: 495.745, prod: 0.184103, t_ads: 23.3, t_des: 23.9, bed_util_ads: 0.484, bed_util_des: 0.484, des_th: 0.48372930763031985,frac_lost: 0.107, li_recovered:  8.687, time: 0.007924122000986245
L: 0.50, u_super: 0.00669, sec: 375.619, prod: 0.151033, t_ads: 29.2, t_des: 26.9, bed_util_ads: 0.497, bed_util_des: 0.497, des_th: 0.4970829690970877,frac_lost: 0.107, li_recovered:  8.473, time: 0.0061880550001660595
L: 0.50, u_super: 0.00667, sec: 373.667, prod: 0.150973, t_ads: 29.1, t_des: 26.0, bed_util_ads: 0.499, bed_util_des: 0.499, des_th: 0.4993501563487668,frac_lost: 0.101, li_recovered:  8.325, time: 0.0049374339996575145
L: 0.50, u_super: 0.00848, sec: 486.434, prod: 0.191851, t_ads: 23.1, t_des: 20.9, bed_util_ads: 0.499, bed_util_des: 0.499, des_th: 0.4992214461547598,frac_lost: 0.108, li_recovered:  8.439, time: 0.0049398749997635605
L: 0.50, u_super: 0.00814, sec: 465.325, prod: 0.183997, t_ads: 24.1, t_des: 21.8, bed_util_ads: 0.500, bed_util_des: 0.500, des_th: 0.4997275809196764,frac_lost: 0.109, li_recovered:  8.439, time: 0.006209002000105102
L: 0.50, u_super: 0.00615, sec: 342.200, prod: 0.139170, t_ads: 31.6, t_des: 28.6, bed_util_ads: 0.498, bed_util_des: 0.498, des_th: 0.4981100360770174,frac_lost: 0.102, li_recovered:  8.374, time: 0.004448757999853115
L: 0.50, u_super: 0.00964, sec: 560.349, prod: 0.218384, t_ads: 20.3, t_des: 18.6, bed_util_ads: 0.497, bed_util_des: 0.497, des_th: 0.4972245545069629,frac_lost: 0.106, li_recovered:  8.498, time: 0.0063140890015347395
L: 0.50, u_super: 0.00882, sec: 507.825, prod: 0.199543, t_ads: 22.2, t_des: 20.1, bed_util_ads: 0.500, bed_util_des: 0.499, des_th: 0.49949092504198095,frac_lost: 0.107, li_recovered:  8.443, time: 0.004932612000629888
L: 25.42, u_super: 0.00990 — INFEASIBLE (li_recovered=0.000e+00), time: 0.003726367000126629
L: 0.50, u_super: 0.00555, sec: 306.516, prod: 0.125576, t_ads: 34.9, t_des: 32.0, bed_util_ads: 0.497, bed_util_des: 0.497, des_th: 0.4970658247177082,frac_lost: 0.101, li_recovered:  8.401, time: 0.005898203999095131
L: 0.50, u_super: 0.00056, sec: 32.918, prod: 0.011177, t_ads: 326.5, t_des: 365.7, bed_util_ads: 0.444, bed_util_des: 0.439, des_th: 0.4396866278897684,frac_lost: 0.101, li_recovered:  7.737, time: 0.00435008999920683
L: 36.80, u_super: 0.00098 — INFEASIBLE (li_recovered=0.000e+00), time: 0.0011127339985250728
L: 0.50, u_super: 0.00166, sec: 89.309, prod: 0.036480, t_ads: 115.3, t_des: 103.8, bed_util_ads: 0.491, bed_util_des: 0.491, des_th: 0.49097437609337796,frac_lost: 0.104, li_recovered:  7.992, time: 0.005018138999730581
L: 0.50, u_super: 0.00580, sec: 321.428, prod: 0.130960, t_ads: 33.5, t_des: 31.0, bed_util_ads: 0.496, bed_util_des: 0.495, des_th: 0.49540827572010326,frac_lost: 0.103, li_recovered:  8.456, time: 0.0042373710002721054
L: 0.50, u_super: 0.00952, sec: 617.936, prod: 0.192782, t_ads: 20.5, t_des: 24.7, bed_util_ads: 0.463, bed_util_des: 0.463, des_th: 0.46303962654285813,frac_lost: 0.103, li_recovered:  8.716, time: 0.00747624299947347
L: 0.50, u_super: 0.00820, sec: 468.806, prod: 0.185329, t_ads: 23.9, t_des: 21.9, bed_util_ads: 0.498, bed_util_des: 0.498, des_th: 0.49773430030591176,frac_lost: 0.108, li_recovered:  8.491, time: 0.0052859999996144325
L: 0.50, u_super: 0.00745, sec: 423.202, prod: 0.167750, t_ads: 26.3, t_des: 24.7, bed_util_ads: 0.495, bed_util_des: 0.495, des_th: 0.49499235372138717,frac_lost: 0.108, li_recovered:  8.554, time: 0.005110965001222212
L: 0.50, u_super: 0.00149, sec: 81.716, prod: 0.031932, t_ads: 128.7, t_des: 108.5, bed_util_ads: 0.499, bed_util_des: 0.498, des_th: 0.49846976137483967,frac_lost: 0.106, li_recovered:  7.573, time: 0.004112595999686164
L: 0.50, u_super: 0.00243, sec: 131.717, prod: 0.053811, t_ads: 79.3, t_des: 69.0, bed_util_ads: 0.500, bed_util_des: 0.500, des_th: 0.4995977278809571,frac_lost: 0.104, li_recovered:  7.975, time: 0.007884676000685431
L: 0.50, u_super: 0.00137, sec: 75.367, prod: 0.029460, t_ads: 138.1, t_des: 117.5, bed_util_ads: 0.497, bed_util_des: 0.496, des_th: 0.49660686277481997,frac_lost: 0.101, li_recovered:  7.531, time: 0.004369113999928231
L: 0.50, u_super: 0.00715, sec: 412.896, prod: 0.157785, t_ads: 27.4, t_des: 27.5, bed_util_ads: 0.486, bed_util_des: 0.486, des_th: 0.48586306938228446,frac_lost: 0.106, li_recovered:  8.662, time: 0.006871223999041831
L: 30.86, u_super: 0.00958 — INFEASIBLE (li_recovered=0.000e+00), time: 0.0016019760005292483
L: 0.50, u_super: 0.00018, sec: 14.135, prod: 0.002725, t_ads: 783.9, t_des: 794.0, bed_util_ads: 0.396, bed_util_des: 0.395, des_th: 0.3954208750430357,frac_lost: 0.101, li_recovered:  4.299, time: 0.0038384119998227106
L: 0.50, u_super: 0.00366, sec: 198.719, prod: 0.082103, t_ads: 53.2, t_des: 48.7, bed_util_ads: 0.495, bed_util_des: 0.495, des_th: 0.494895069852486,frac_lost: 0.107, li_recovered:  8.360, time: 0.0069107309991522925
    85 |     3400 |     40 |  0.0051109002 |         nadir
L: 0.50, u_super: 0.00303, sec: 163.143, prod: 0.067762, t_ads: 63.8, t_des: 59.4, bed_util_ads: 0.492, bed_util_des: 0.492, des_th: 0.4915196878611338,frac_lost: 0.103, li_recovered:  8.348, time: 0.0063989499994931975
L: 0.50, u_super: 0.00848, sec: 486.439, prod: 0.191849, t_ads: 23.1, t_des: 20.9, bed_util_ads: 0.500, bed_util_des: 0.499, des_th: 0.49948427801544004,frac_lost: 0.108, li_recovered:  8.440, time: 0.0047473369995714165
L: 0.50, u_super: 0.00815, sec: 466.655, prod: 0.183757, t_ads: 24.0, t_des: 22.6, bed_util_ads: 0.495, bed_util_des: 0.495, des_th: 0.49499235372138717,frac_lost: 0.107, li_recovered:  8.560, time: 0.006518206999317044
L: 0.50, u_super: 0.00712, sec: 587.869, prod: 0.109861, t_ads: 27.5, t_des: 51.9, bed_util_ads: 0.407, bed_util_des: 0.406, des_th: 0.4058060846838026,frac_lost: 0.104, li_recovered:  8.719, time: 0.007139618001019699
L: 59.77, u_super: 0.00065 — INFEASIBLE (li_recovered=0.000e+00), time: 0.0010652229993866058
L: 0.50, u_super: 0.00564, sec: 314.420, prod: 0.126370, t_ads: 34.4, t_des: 33.5, bed_util_ads: 0.489, bed_util_des: 0.489, des_th: 0.48899674902982343,frac_lost: 0.101, li_recovered:  8.575, time: 0.005536132999623078
L: 0.50, u_super: 0.00990, sec: 576.931, prod: 0.224363, t_ads: 19.8, t_des: 17.9, bed_util_ads: 0.500, bed_util_des: 0.500, des_th: 0.4997275809196764,frac_lost: 0.106, li_recovered:  8.454, time: 0.007180013999459334
L: 0.50, u_super: 0.00481, sec: 264.744, prod: 0.108148, t_ads: 40.4, t_des: 38.2, bed_util_ads: 0.493, bed_util_des: 0.492, des_th: 0.49249588969405195,frac_lost: 0.104, li_recovered:  8.502, time: 0.004589518999637221
L: 0.50, u_super: 0.00879, sec: 506.040, prod: 0.199046, t_ads: 22.3, t_des: 20.2, bed_util_ads: 0.499, bed_util_des: 0.499, des_th: 0.49929043848314414,frac_lost: 0.107, li_recovered:  8.444, time: 0.006408899000234669
L: 0.50, u_super: 0.00990, sec: 576.697, prod: 0.224452, t_ads: 19.7, t_des: 18.2, bed_util_ads: 0.497, bed_util_des: 0.497, des_th: 0.49708818604587146,frac_lost: 0.104, li_recovered:  8.501, time: 0.005211563000557362
L: 0.50, u_super: 0.00697, sec: 393.031, prod: 0.157082, t_ads: 28.1, t_des: 26.1, bed_util_ads: 0.496, bed_util_des: 0.495, des_th: 0.49542894354986167,frac_lost: 0.108, li_recovered:  8.521, time: 0.00583139599984861
L: 0.50, u_super: 0.00349, sec: 190.327, prod: 0.077933, t_ads: 55.6, t_des: 53.3, bed_util_ads: 0.489, bed_util_des: 0.489, des_th: 0.488581318949683,frac_lost: 0.105, li_recovered:  8.485, time: 0.006187598999531474
L: 0.50, u_super: 0.00752, sec: 424.766, prod: 0.170506, t_ads: 25.8, t_des: 23.7, bed_util_ads: 0.498, bed_util_des: 0.498, des_th: 0.4979846812342119,frac_lost: 0.101, li_recovered:  8.436, time: 0.006928679000338889
L: 0.50, u_super: 0.00802, sec: 457.659, prod: 0.181352, t_ads: 24.4, t_des: 22.2, bed_util_ads: 0.499, bed_util_des: 0.498, des_th: 0.49850680382613777,frac_lost: 0.108, li_recovered:  8.453, time: 0.006516457000543596
L: 0.50, u_super: 0.00722, sec: 409.715, prod: 0.162646, t_ads: 27.1, t_des: 25.4, bed_util_ads: 0.495, bed_util_des: 0.495, des_th: 0.49473213421454765,frac_lost: 0.109, li_recovered:  8.553, time: 0.0073925930009863805
L: 0.50, u_super: 0.00180, sec: 96.803, prod: 0.039915, t_ads: 105.8, t_des: 96.6, bed_util_ads: 0.491, bed_util_des: 0.491, des_th: 0.490712126102858,frac_lost: 0.101, li_recovered:  8.081, time: 0.00501954600076715
L: 0.50, u_super: 0.00223, sec: 120.007, prod: 0.049603, t_ads: 86.4, t_des: 80.6, bed_util_ads: 0.489, bed_util_des: 0.489, des_th: 0.48888347841496127,frac_lost: 0.105, li_recovered:  8.282, time: 0.00552853800036246
L: 0.50, u_super: 0.00142, sec: 77.157, prod: 0.030845, t_ads: 134.6, t_des: 132.8, bed_util_ads: 0.478, bed_util_des: 0.477, des_th: 0.476959052764451,frac_lost: 0.105, li_recovered:  8.247, time: 0.005814609001390636
L: 18.80, u_super: 0.00923 — INFEASIBLE (li_recovered=0.000e+00), time: 0.002278025000123307
L: 0.50, u_super: 0.00116 — INFEASIBLE (li_recovered=0.000e+00), time: 0.0028330139994068304
L: 0.50, u_super: 0.00138, sec: 87.671, prod: 0.025632, t_ads: 138.8, t_des: 189.1, bed_util_ads: 0.437, bed_util_des: 0.434, des_th: 0.43374618855250974,frac_lost: 0.102, li_recovered:  8.403, time: 0.005820574999233941
L: 0.50, u_super: 0.00045 — INFEASIBLE (li_recovered=0.000e+00), time: 0.0028374510002322495
L: 0.50, u_super: 0.00201, sec: 108.100, prod: 0.044477, t_ads: 96.1, t_des: 87.7, bed_util_ads: 0.492, bed_util_des: 0.491, des_th: 0.4909798774563023,frac_lost: 0.108, li_recovered:  8.177, time: 0.005302518999087624
L: 0.50, u_super: 0.00359, sec: 197.058, prod: 0.079524, t_ads: 54.2, t_des: 53.2, bed_util_ads: 0.486, bed_util_des: 0.486, des_th: 0.48575021081740527,frac_lost: 0.106, li_recovered:  8.537, time: 0.004309308998927008
L: 9.70, u_super: 0.00250 — INFEASIBLE (li_recovered=0.000e+00), time: 0.0010442839993629605
L: 0.50, u_super: 0.00536, sec: 295.427, prod: 0.121139, t_ads: 36.2, t_des: 32.9, bed_util_ads: 0.498, bed_util_des: 0.498, des_th: 0.4981100360770174,frac_lost: 0.101, li_recovered:  8.363, time: 0.004858665999563527
L: 0.50, u_super: 0.00352, sec: 191.022, prod: 0.078877, t_ads: 55.3, t_des: 51.1, bed_util_ads: 0.494, bed_util_des: 0.494, des_th: 0.4940439375453656,frac_lost: 0.107, li_recovered:  8.393, time: 0.004502443000092171
L: 0.50, u_super: 0.00847, sec: 485.095, prod: 0.191798, t_ads: 23.1, t_des: 21.0, bed_util_ads: 0.499, bed_util_des: 0.499, des_th: 0.4992203069639278,frac_lost: 0.105, li_recovered:  8.445, time: 0.005356465000659227
L: 0.50, u_super: 0.00201, sec: 109.153, prod: 0.044049, t_ads: 96.0, t_des: 82.6, bed_util_ads: 0.500, bed_util_des: 0.500, des_th: 0.4996306864100791,frac_lost: 0.107, li_recovered:  7.865, time: 0.005152533998625586
L: 0.50, u_super: 0.00321, sec: 173.393, prod: 0.072143, t_ads: 60.0, t_des: 55.9, bed_util_ads: 0.492, bed_util_des: 0.492, des_th: 0.49155855819904476,frac_lost: 0.101, li_recovered:  8.359, time: 0.00346512000032817
L: 0.50, u_super: 0.00097 — INFEASIBLE (li_recovered=0.000e+00), time: 0.002340316999834613
L: 0.50, u_super: 0.00622, sec: 346.814, prod: 0.140663, t_ads: 31.2, t_des: 29.0, bed_util_ads: 0.495, bed_util_des: 0.495, des_th: 0.4953016031181026,frac_lost: 0.103, li_recovered:  8.470, time: 0.0039532070004497655
L: 0.50, u_super: 0.00805, sec: 458.747, prod: 0.182095, t_ads: 24.3, t_des: 21.8, bed_util_ads: 0.500, bed_util_des: 0.500, des_th: 0.4997773488074121,frac_lost: 0.105, li_recovered:  8.391, time: 0.004581724000672693
L: 0.50, u_super: 0.00908, sec: 524.504, prod: 0.205545, t_ads: 21.6, t_des: 19.5, bed_util_ads: 0.500, bed_util_des: 0.500, des_th: 0.4995425555892941,frac_lost: 0.107, li_recovered:  8.436, time: 0.004923215001326753
L: 0.50, u_super: 0.00918, sec: 530.609, prod: 0.207928, t_ads: 21.3, t_des: 19.1, bed_util_ads: 0.500, bed_util_des: 0.500, des_th: 0.49991005554112117,frac_lost: 0.105, li_recovered:  8.398, time: 0.004144725000514882
L: 0.50, u_super: 0.00516, sec: 284.591, prod: 0.116427, t_ads: 37.6, t_des: 33.7, bed_util_ads: 0.500, bed_util_des: 0.499, des_th: 0.49936984354960945,frac_lost: 0.104, li_recovered:  8.302, time: 0.0041014929993252736
L: 0.50, u_super: 0.00908, sec: 524.052, prod: 0.205723, t_ads: 21.5, t_des: 19.6, bed_util_ads: 0.499, bed_util_des: 0.499, des_th: 0.4993656239795244,frac_lost: 0.106, li_recovered:  8.457, time: 0.0041577930005587405
L: 0.50, u_super: 0.00646, sec: 387.074, prod: 0.136453, t_ads: 30.3, t_des: 33.3, bed_util_ads: 0.474, bed_util_des: 0.473, des_th: 0.4733820874884866,frac_lost: 0.109, li_recovered:  8.687, time: 0.004815256999791018
L: 24.02, u_super: 0.00962 — INFEASIBLE (li_recovered=0.000e+00), time: 0.0014741939994564746
L: 9.00, u_super: 0.00471 — INFEASIBLE (li_recovered=0.000e+00), time: 0.001645493000978604
    86 |     3440 |     40 |  0.0034540497 |             f
L: 0.50, u_super: 0.00985, sec: 573.319, prod: 0.223407, t_ads: 19.8, t_des: 18.0, bed_util_ads: 0.500, bed_util_des: 0.499, des_th: 0.49949092504198095,frac_lost: 0.104, li_recovered:  8.452, time: 0.005521686000065529
L: 25.98, u_super: 0.00533 — INFEASIBLE (li_recovered=0.000e+00), time: 0.0013340389996301383
L: 0.50, u_super: 0.00206, sec: 110.501, prod: 0.045557, t_ads: 93.8, t_des: 85.7, bed_util_ads: 0.492, bed_util_des: 0.491, des_th: 0.4909798774563023,frac_lost: 0.106, li_recovered:  8.177, time: 0.006304467000518343
L: 0.50, u_super: 0.00138 — INFEASIBLE (li_recovered=0.000e+00), time: 0.005462458999318187
L: 0.50, u_super: 0.00721, sec: 407.528, prod: 0.162993, t_ads: 27.1, t_des: 24.9, bed_util_ads: 0.497, bed_util_des: 0.497, des_th: 0.4970729435401895,frac_lost: 0.107, li_recovered:  8.484, time: 0.006389814001522609
L: 0.50, u_super: 0.00606, sec: 336.721, prod: 0.137172, t_ads: 32.0, t_des: 29.4, bed_util_ads: 0.497, bed_util_des: 0.497, des_th: 0.49714400036744366,frac_lost: 0.101, li_recovered:  8.421, time: 0.004661008000766742
L: 34.48, u_super: 0.00008 — INFEASIBLE (li_recovered=0.000e+00), time: 0.0008294290000776527
L: 0.50, u_super: 0.00120, sec: 65.455, prod: 0.025928, t_ads: 158.4, t_des: 140.3, bed_util_ads: 0.490, bed_util_des: 0.490, des_th: 0.4896315765747915,frac_lost: 0.107, li_recovered:  7.744, time: 0.006468469999163062
L: 3.86, u_super: 0.00371, sec: 2006.362, prod: 0.064358, t_ads: 385.5, t_des: 552.0, bed_util_ads: 0.408, bed_util_des: 0.397, des_th: 0.3967742840887118,frac_lost: 0.103, li_recovered:  60.339, time: 0.006249641999602318
L: 0.50, u_super: 0.00028 — INFEASIBLE (li_recovered=0.000e+00), time: 0.0035084189985354897
L: 0.50, u_super: 0.00783, sec: 444.002, prod: 0.177524, t_ads: 24.8, t_des: 22.7, bed_util_ads: 0.498, bed_util_des: 0.498, des_th: 0.49773430030591176,frac_lost: 0.101, li_recovered:  8.436, time: 0.006251904998862301
L: 48.63, u_super: 0.00408 — INFEASIBLE (li_recovered=0.000e+00), time: 0.001759601998855942
L: 0.50, u_super: 0.00107, sec: 58.682, prod: 0.022969, t_ads: 175.6, t_des: 155.2, bed_util_ads: 0.489, bed_util_des: 0.489, des_th: 0.48888347841496127,frac_lost: 0.102, li_recovered:  7.597, time: 0.004747093000332825
L: 0.50, u_super: 0.00540, sec: 298.119, prod: 0.121942, t_ads: 35.9, t_des: 32.3, bed_util_ads: 0.500, bed_util_des: 0.499, des_th: 0.49936984354960945,frac_lost: 0.102, li_recovered:  8.320, time: 0.006353656999635859
L: 68.12, u_super: 0.00424 — INFEASIBLE (li_recovered=0.000e+00), time: 0.0009433879986318061
L: 9.61, u_super: 0.00259 — INFEASIBLE (li_recovered=0.000e+00), time: 0.0026789630010171095
L: 0.50, u_super: 0.00990, sec: 577.429, prod: 0.224183, t_ads: 19.7, t_des: 18.4, bed_util_ads: 0.495, bed_util_des: 0.495, des_th: 0.49511155758192743,frac_lost: 0.104, li_recovered:  8.542, time: 0.004474129000300309
L: 0.50, u_super: 0.00201, sec: 108.533, prod: 0.044301, t_ads: 96.1, t_des: 84.7, bed_util_ads: 0.496, bed_util_des: 0.496, des_th: 0.49596851340116344,frac_lost: 0.108, li_recovered:  8.010, time: 0.006106881999585312
L: 0.50, u_super: 0.00815, sec: 465.877, prod: 0.184058, t_ads: 24.1, t_des: 22.0, bed_util_ads: 0.498, bed_util_des: 0.498, des_th: 0.49791719024022246,frac_lost: 0.109, li_recovered:  8.489, time: 0.0049037629996746546
L: 0.50, u_super: 0.00911, sec: 526.386, prod: 0.206489, t_ads: 21.5, t_des: 19.5, bed_util_ads: 0.500, bed_util_des: 0.500, des_th: 0.4997275809196764,frac_lost: 0.106, li_recovered:  8.449, time: 0.005788204998680158
L: 0.50, u_super: 0.00797, sec: 453.958, prod: 0.180628, t_ads: 24.4, t_des: 22.7, bed_util_ads: 0.495, bed_util_des: 0.495, des_th: 0.49499235372138717,frac_lost: 0.102, li_recovered:  8.510, time: 0.005065010998805519
L: 27.25, u_super: 0.00515 — INFEASIBLE (li_recovered=0.000e+00), time: 0.0023798759993951535
L: 56.57, u_super: 0.00956 — INFEASIBLE (li_recovered=0.000e+00), time: 0.002761732999715605
L: 8.95, u_super: 0.00782 — INFEASIBLE (li_recovered=0.000e+00), time: 0.004989953000404057
L: 0.50, u_super: 0.00984, sec: 572.643, prod: 0.223351, t_ads: 19.8, t_des: 18.0, bed_util_ads: 0.499, bed_util_des: 0.499, des_th: 0.4988386935401338,frac_lost: 0.103, li_recovered:  8.449, time: 0.005602471999736736
L: 0.50, u_super: 0.00667, sec: 384.626, prod: 0.146671, t_ads: 29.3, t_des: 29.8, bed_util_ads: 0.484, bed_util_des: 0.483, des_th: 0.48330293901251753,frac_lost: 0.106, li_recovered:  8.661, time: 0.0071593330012547085
L: 0.50, u_super: 0.00259, sec: 143.561, prod: 0.055984, t_ads: 74.6, t_des: 77.6, bed_util_ads: 0.477, bed_util_des: 0.476, des_th: 0.4762995020471413,frac_lost: 0.103, li_recovered:  8.518, time: 0.006475679998402484
L: 0.50, u_super: 0.00144, sec: 78.407, prod: 0.031177, t_ads: 132.9, t_des: 115.2, bed_util_ads: 0.495, bed_util_des: 0.495, des_th: 0.4950132307594291,frac_lost: 0.107, li_recovered:  7.734, time: 0.007003659000474727
L: 0.50, u_super: 0.00933, sec: 842.432, prod: 0.135453, t_ads: 20.9, t_des: 43.5, bed_util_ads: 0.396, bed_util_des: 0.395, des_th: 0.3954208750430357,frac_lost: 0.103, li_recovered:  8.734, time: 0.01053339299869549
L: 31.78, u_super: 0.00558 — INFEASIBLE (li_recovered=0.000e+00), time: 0.0018106770003214478
L: 0.50, u_super: 0.00667, sec: 374.795, prod: 0.150518, t_ads: 29.4, t_des: 26.7, bed_util_ads: 0.499, bed_util_des: 0.498, des_th: 0.49848677405209246,frac_lost: 0.109, li_recovered:  8.435, time: 0.0054057819997979095
L: 0.50, u_super: 0.00226, sec: 124.574, prod: 0.048793, t_ads: 85.6, t_des: 88.2, bed_util_ads: 0.478, bed_util_des: 0.477, des_th: 0.476959052764451,frac_lost: 0.105, li_recovered:  8.480, time: 0.007138214999940828
L: 0.50, u_super: 0.00722, sec: 408.508, prod: 0.163127, t_ads: 27.1, t_des: 24.8, bed_util_ads: 0.497, bed_util_des: 0.497, des_th: 0.496669390343655,frac_lost: 0.108, li_recovered:  8.476, time: 0.0067289269991306355
L: 0.50, u_super: 0.00289, sec: 156.546, prod: 0.064438, t_ads: 66.7, t_des: 58.5, bed_util_ads: 0.499, bed_util_des: 0.499, des_th: 0.4989691121566105,frac_lost: 0.102, li_recovered:  8.067, time: 0.006262524000703706
L: 0.50, u_super: 0.00126, sec: 70.361, prod: 0.026633, t_ads: 150.7, t_des: 124.5, bed_util_ads: 0.499, bed_util_des: 0.499, des_th: 0.4992446278429283,frac_lost: 0.106, li_recovered:  7.328, time: 0.004653018000681186
L: 0.50, u_super: 0.00622, sec: 346.656, prod: 0.140727, t_ads: 31.2, t_des: 27.9, bed_util_ads: 0.500, bed_util_des: 0.500, des_th: 0.4998569940685856,frac_lost: 0.101, li_recovered:  8.304, time: 0.007074046001434908
L: 0.50, u_super: 0.00088, sec: 48.207, prod: 0.018769, t_ads: 213.4, t_des: 198.9, bed_util_ads: 0.478, bed_util_des: 0.477, des_th: 0.476959052764451,frac_lost: 0.104, li_recovered:  7.738, time: 0.005802315999972052
L: 0.50, u_super: 0.00752, sec: 424.890, prod: 0.170461, t_ads: 25.8, t_des: 23.4, bed_util_ads: 0.499, bed_util_des: 0.499, des_th: 0.4989597968081799,frac_lost: 0.101, li_recovered:  8.390, time: 0.005238179999651038
L: 0.50, u_super: 0.00666, sec: 372.629, prod: 0.150955, t_ads: 29.1, t_des: 26.4, bed_util_ads: 0.498, bed_util_des: 0.498, des_th: 0.4981100360770174,frac_lost: 0.100, li_recovered:  8.375, time: 0.007510297999033355
L: 23.56, u_super: 0.00537 — INFEASIBLE (li_recovered=0.000e+00), time: 0.0020973930004402064
    87 |     3480 |     40 |  0.0012463641 |             f
L: 0.50, u_super: 0.00391, sec: 212.592, prod: 0.087809, t_ads: 49.7, t_des: 45.0, bed_util_ads: 0.497, bed_util_des: 0.497, des_th: 0.4970658247177082,frac_lost: 0.105, li_recovered:  8.314, time: 0.00650038900130312
L: 0.50, u_super: 0.00705, sec: 397.566, prod: 0.159109, t_ads: 27.8, t_des: 25.2, bed_util_ads: 0.500, bed_util_des: 0.499, des_th: 0.4993811167062254,frac_lost: 0.109, li_recovered:  8.434, time: 0.004541353999229614
L: 0.50, u_super: 0.00450, sec: 382.213, prod: 0.065335, t_ads: 43.5, t_des: 89.6, bed_util_ads: 0.395, bed_util_des: 0.393, des_th: 0.3931608064172762,frac_lost: 0.106, li_recovered:  8.694, time: 0.008045433000006597
L: 0.50, u_super: 0.00936, sec: 542.489, prod: 0.212174, t_ads: 20.9, t_des: 18.8, bed_util_ads: 0.500, bed_util_des: 0.500, des_th: 0.4997253160727937,frac_lost: 0.105, li_recovered:  8.407, time: 0.004484076998778619
L: 2.61, u_super: 0.00265 — INFEASIBLE (li_recovered=0.000e+00), time: 0.0029500740001822123
L: 0.50, u_super: 0.00418, sec: 231.153, prod: 0.092522, t_ads: 46.5, t_des: 46.1, bed_util_ads: 0.485, bed_util_des: 0.485, des_th: 0.48469054977372794,frac_lost: 0.104, li_recovered:  8.573, time: 0.006357547001243802
L: 22.01, u_super: 0.00693 — INFEASIBLE (li_recovered=0.000e+00), time: 0.0021393879997049225
L: 0.50, u_super: 0.00847, sec: 485.251, prod: 0.191735, t_ads: 23.1, t_des: 21.0, bed_util_ads: 0.499, bed_util_des: 0.499, des_th: 0.49914732148288704,frac_lost: 0.106, li_recovered:  8.455, time: 0.004738554998766631
L: 0.50, u_super: 0.00359, sec: 196.769, prod: 0.079641, t_ads: 54.1, t_des: 53.0, bed_util_ads: 0.486, bed_util_des: 0.486, des_th: 0.4859065567901214,frac_lost: 0.105, li_recovered:  8.530, time: 0.0066409219998604385
L: 10.61, u_super: 0.00359 — INFEASIBLE (li_recovered=0.000e+00), time: 0.004008632000477519
L: 43.37, u_super: 0.00564 — INFEASIBLE (li_recovered=0.000e+00), time: 0.002003737999984878
L: 75.01, u_super: 0.00294 — INFEASIBLE (li_recovered=0.000e+00), time: 0.0014098770006967243
L: 0.50, u_super: 0.00766, sec: 433.746, prod: 0.173936, t_ads: 25.3, t_des: 23.2, bed_util_ads: 0.498, bed_util_des: 0.498, des_th: 0.4979846812342119,frac_lost: 0.100, li_recovered:  8.431, time: 0.006170538999867858
L: 0.50, u_super: 0.00945, sec: 691.589, prod: 0.169780, t_ads: 20.7, t_des: 30.7, bed_util_ads: 0.437, bed_util_des: 0.437, des_th: 0.43657398272548115,frac_lost: 0.105, li_recovered:  8.726, time: 0.00697464599943487
L: 2.39, u_super: 0.00455 — INFEASIBLE (li_recovered=0.000e+00), time: 0.005960997999864048
L: 0.50, u_super: 0.00540, sec: 297.727, prod: 0.122101, t_ads: 35.9, t_des: 32.6, bed_util_ads: 0.497, bed_util_des: 0.497, des_th: 0.49699031255898873,frac_lost: 0.101, li_recovered:  8.363, time: 0.0068460960010270355
L: 0.50, u_super: 0.00714, sec: 403.107, prod: 0.161208, t_ads: 27.4, t_des: 25.1, bed_util_ads: 0.497, bed_util_des: 0.497, des_th: 0.49695669791808855,frac_lost: 0.108, li_recovered:  8.474, time: 0.0068114740006421926
L: 0.50, u_super: 0.00042, sec: 28.407, prod: 0.007402, t_ads: 431.4, t_des: 607.6, bed_util_ads: 0.406, bed_util_des: 0.394, des_th: 0.39430405015426395,frac_lost: 0.102, li_recovered:  7.691, time: 0.0056914699998742435
L: 19.66, u_super: 0.00662 — INFEASIBLE (li_recovered=0.000e+00), time: 0.002342527999644517
L: 0.50, u_super: 0.00523, sec: 287.960, prod: 0.118002, t_ads: 37.1, t_des: 34.6, bed_util_ads: 0.495, bed_util_des: 0.495, des_th: 0.49497965496139,frac_lost: 0.102, li_recovered:  8.458, time: 0.005873038999197888
L: 0.50, u_super: 0.00026 — INFEASIBLE (li_recovered=0.000e+00), time: 0.00218461400072556
L: 0.50, u_super: 0.00622, sec: 348.591, prod: 0.139946, t_ads: 31.3, t_des: 29.9, bed_util_ads: 0.491, bed_util_des: 0.491, des_th: 0.49116023946653803,frac_lost: 0.103, li_recovered:  8.560, time: 0.0063938200000848155
L: 0.50, u_super: 0.00987, sec: 575.407, prod: 0.223767, t_ads: 19.8, t_des: 18.2, bed_util_ads: 0.497, bed_util_des: 0.497, des_th: 0.49714400036744366,frac_lost: 0.105, li_recovered:  8.498, time: 0.006856975998744019
L: 0.50, u_super: 0.00722, sec: 408.147, prod: 0.163212, t_ads: 27.1, t_des: 24.9, bed_util_ads: 0.497, bed_util_des: 0.497, des_th: 0.4970829690970877,frac_lost: 0.107, li_recovered:  8.483, time: 0.009082020000278135
L: 0.50, u_super: 0.00580, sec: 321.404, prod: 0.130970, t_ads: 33.5, t_des: 30.1, bed_util_ads: 0.500, bed_util_des: 0.500, des_th: 0.4997637174507423,frac_lost: 0.102, li_recovered:  8.327, time: 0.006204960998729803
L: 0.50, u_super: 0.00695, sec: 390.095, prod: 0.157331, t_ads: 28.0, t_des: 25.2, bed_util_ads: 0.498, bed_util_des: 0.498, des_th: 0.4983447830650698,frac_lost: 0.101, li_recovered:  8.369, time: 0.004957847000696347
L: 0.50, u_super: 0.00666, sec: 372.687, prod: 0.150932, t_ads: 29.1, t_des: 26.4, bed_util_ads: 0.498, bed_util_des: 0.498, des_th: 0.4979396017235885,frac_lost: 0.101, li_recovered:  8.377, time: 0.006026687999110436
L: 0.50, u_super: 0.00228, sec: 122.914, prod: 0.050696, t_ads: 84.6, t_des: 79.7, bed_util_ads: 0.489, bed_util_des: 0.489, des_th: 0.48888347841496127,frac_lost: 0.106, li_recovered:  8.329, time: 0.004232860999763943
L: 0.50, u_super: 0.00581, sec: 323.213, prod: 0.130881, t_ads: 33.7, t_des: 30.3, bed_util_ads: 0.499, bed_util_des: 0.499, des_th: 0.4989691121566105,frac_lost: 0.109, li_recovered:  8.377, time: 0.004280973998902482
L: 4.46, u_super: 0.00275 — INFEASIBLE (li_recovered=0.000e+00), time: 0.003866855000524083
L: 0.50, u_super: 0.00036 — INFEASIBLE (li_recovered=0.000e+00), time: 0.0019203339998057345
L: 0.50, u_super: 0.00962, sec: 558.123, prod: 0.218138, t_ads: 20.3, t_des: 18.5, bed_util_ads: 0.500, bed_util_des: 0.500, des_th: 0.4995230845501547,frac_lost: 0.104, li_recovered:  8.452, time: 0.003917416999684065
L: 0.50, u_super: 0.00942, sec: 546.527, prod: 0.213439, t_ads: 20.8, t_des: 18.6, bed_util_ads: 0.500, bed_util_des: 0.500, des_th: 0.49995362001941845,frac_lost: 0.106, li_recovered:  8.404, time: 0.003725852999195922
L: 0.50, u_super: 0.00399, sec: 217.134, prod: 0.089530, t_ads: 48.8, t_des: 44.0, bed_util_ads: 0.497, bed_util_des: 0.497, des_th: 0.49716346557393687,frac_lost: 0.106, li_recovered:  8.314, time: 0.00376899900038552
L: 0.50, u_super: 0.00471, sec: 258.281, prod: 0.106323, t_ads: 41.1, t_des: 37.3, bed_util_ads: 0.497, bed_util_des: 0.497, des_th: 0.4970658247177082,frac_lost: 0.103, li_recovered:  8.336, time: 0.0032867940008145524
L: 14.76, u_super: 0.00666 — INFEASIBLE (li_recovered=0.000e+00), time: 0.0013496579995262437
L: 0.50, u_super: 0.00202, sec: 109.050, prod: 0.044740, t_ads: 95.4, t_des: 90.3, bed_util_ads: 0.487, bed_util_des: 0.486, des_th: 0.48602095578971527,frac_lost: 0.107, li_recovered:  8.305, time: 0.00380879599833861
L: 0.50, u_super: 0.00962, sec: 558.496, prod: 0.217982, t_ads: 20.3, t_des: 18.7, bed_util_ads: 0.497, bed_util_des: 0.497, des_th: 0.49714400036744366,frac_lost: 0.104, li_recovered:  8.499, time: 0.0034931450009025866
L: 0.50, u_super: 0.00161, sec: 88.406, prod: 0.034654, t_ads: 118.8, t_des: 122.2, bed_util_ads: 0.474, bed_util_des: 0.473, des_th: 0.4727467550300479,frac_lost: 0.102, li_recovered:  8.355, time: 0.003325902000142378
L: 0.50, u_super: 0.00627, sec: 351.124, prod: 0.141256, t_ads: 30.9, t_des: 29.7, bed_util_ads: 0.492, bed_util_des: 0.491, des_th: 0.49145915280361524,frac_lost: 0.101, li_recovered:  8.559, time: 0.003849261998766451
    88 |     3520 |     40 |  0.0036576749 |             f
L: 31.13, u_super: 0.00989 — INFEASIBLE (li_recovered=0.000e+00), time: 0.0011558039986994117
L: 0.50, u_super: 0.00018, sec: 14.020, prod: 0.002747, t_ads: 784.8, t_des: 805.1, bed_util_ads: 0.395, bed_util_des: 0.393, des_th: 0.3937326664864678,frac_lost: 0.101, li_recovered:  4.368, time: 0.00319605699951353
L: 10.51, u_super: 0.00922 — INFEASIBLE (li_recovered=0.000e+00), time: 0.0030267380006989697
L: 0.50, u_super: 0.00488, sec: 268.119, prod: 0.109764, t_ads: 39.9, t_des: 35.6, bed_util_ads: 0.499, bed_util_des: 0.499, des_th: 0.49921939826262796,frac_lost: 0.105, li_recovered:  8.285, time: 0.004522920000454178
L: 0.50, u_super: 0.00425, sec: 232.230, prod: 0.095616, t_ads: 45.8, t_des: 42.3, bed_util_ads: 0.495, bed_util_des: 0.495, des_th: 0.49477374869791946,frac_lost: 0.106, li_recovered:  8.416, time: 0.003951578999476624
L: 0.50, u_super: 0.00154, sec: 85.326, prod: 0.032926, t_ads: 124.5, t_des: 129.3, bed_util_ads: 0.473, bed_util_des: 0.472, des_th: 0.4715979299411695,frac_lost: 0.106, li_recovered:  8.359, time: 0.004828134000490536
L: 57.70, u_super: 0.00605 — INFEASIBLE (li_recovered=0.000e+00), time: 0.0009132409995800117
L: 0.50, u_super: 0.00286, sec: 162.249, prod: 0.060622, t_ads: 68.1, t_des: 73.2, bed_util_ads: 0.474, bed_util_des: 0.473, des_th: 0.4729257828571091,frac_lost: 0.108, li_recovered:  8.565, time: 0.004090573998837499
L: 0.50, u_super: 0.00797, sec: 453.983, prod: 0.180618, t_ads: 24.4, t_des: 22.8, bed_util_ads: 0.495, bed_util_des: 0.495, des_th: 0.49485727762144843,frac_lost: 0.102, li_recovered:  8.519, time: 0.00526860300124099
L: 0.50, u_super: 0.00447, sec: 245.813, prod: 0.100139, t_ads: 43.5, t_des: 41.6, bed_util_ads: 0.490, bed_util_des: 0.490, des_th: 0.4898202625876814,frac_lost: 0.104, li_recovered:  8.523, time: 0.00725860499915143
L: 0.50, u_super: 0.00812, sec: 474.496, prod: 0.179719, t_ads: 24.1, t_des: 24.2, bed_util_ads: 0.486, bed_util_des: 0.486, des_th: 0.4858067767337169,frac_lost: 0.106, li_recovered:  8.670, time: 0.007023647000096389
L: 15.57, u_super: 0.00990 — INFEASIBLE (li_recovered=0.000e+00), time: 0.002766281999356579
L: 0.50, u_super: 0.00551, sec: 304.925, prod: 0.124450, t_ads: 35.2, t_des: 31.5, bed_util_ads: 0.500, bed_util_des: 0.500, des_th: 0.4997637174507423,frac_lost: 0.103, li_recovered:  8.306, time: 0.004557126001600409
L: 0.50, u_super: 0.00393, sec: 220.970, prod: 0.085636, t_ads: 49.4, t_des: 51.0, bed_util_ads: 0.480, bed_util_des: 0.479, des_th: 0.4792577311145888,frac_lost: 0.105, li_recovered:  8.602, time: 0.005776646999947843
L: 0.50, u_super: 0.00296, sec: 160.086, prod: 0.065959, t_ads: 65.1, t_des: 57.3, bed_util_ads: 0.499, bed_util_des: 0.499, des_th: 0.4989691121566105,frac_lost: 0.101, li_recovered:  8.073, time: 0.0065364649999537505
L: 56.62, u_super: 0.00781 — INFEASIBLE (li_recovered=0.000e+00), time: 0.001201412998852902
L: 0.50, u_super: 0.00063, sec: 39.255, prod: 0.011880, t_ads: 296.7, t_des: 373.2, bed_util_ads: 0.432, bed_util_des: 0.426, des_th: 0.42587491912392916,frac_lost: 0.106, li_recovered:  7.959, time: 0.005484072000399465
L: 0.50, u_super: 0.00206, sec: 111.032, prod: 0.045566, t_ads: 93.7, t_des: 88.8, bed_util_ads: 0.487, bed_util_des: 0.486, des_th: 0.4859655134544487,frac_lost: 0.107, li_recovered:  8.314, time: 0.004234554000504431
L: 0.50, u_super: 0.00101, sec: 55.071, prod: 0.021785, t_ads: 186.7, t_des: 174.6, bed_util_ads: 0.480, bed_util_des: 0.479, des_th: 0.4790006383809584,frac_lost: 0.105, li_recovered:  7.871, time: 0.005450489001304959
L: 0.50, u_super: 0.00793, sec: 450.589, prod: 0.179821, t_ads: 24.5, t_des: 22.1, bed_util_ads: 0.500, bed_util_des: 0.500, des_th: 0.4997680082178477,frac_lost: 0.101, li_recovered:  8.385, time: 0.006806030000007013
L: 0.50, u_super: 0.00359, sec: 196.540, prod: 0.079736, t_ads: 54.3, t_des: 52.6, bed_util_ads: 0.488, bed_util_des: 0.488, des_th: 0.4875455500988261,frac_lost: 0.108, li_recovered:  8.520, time: 0.006641011999818147
L: 0.50, u_super: 0.00289, sec: 156.397, prod: 0.064500, t_ads: 66.6, t_des: 58.6, bed_util_ads: 0.499, bed_util_des: 0.499, des_th: 0.4989752219266343,frac_lost: 0.101, li_recovered:  8.075, time: 0.007479326999600744
L: 0.50, u_super: 0.00540, sec: 298.047, prod: 0.121970, t_ads: 36.0, t_des: 32.6, bed_util_ads: 0.497, bed_util_des: 0.497, des_th: 0.49699031255898873,frac_lost: 0.103, li_recovered:  8.366, time: 0.004127107999011059
L: 0.50, u_super: 0.00086, sec: 48.926, prod: 0.017587, t_ads: 219.0, t_des: 240.2, bed_util_ads: 0.458, bed_util_des: 0.454, des_th: 0.4543829264010003,frac_lost: 0.102, li_recovered:  8.076, time: 0.007904051999503281
L: 0.50, u_super: 0.00586, sec: 325.525, prod: 0.132451, t_ads: 33.1, t_des: 29.6, bed_util_ads: 0.500, bed_util_des: 0.500, des_th: 0.4998594357291696,frac_lost: 0.102, li_recovered:  8.307, time: 0.004722745999970357
L: 0.50, u_super: 0.00695, sec: 390.269, prod: 0.157261, t_ads: 27.9, t_des: 24.9, bed_util_ads: 0.500, bed_util_des: 0.500, des_th: 0.4997410108689999,frac_lost: 0.100, li_recovered:  8.311, time: 0.005659293999997317
L: 0.50, u_super: 0.00212, sec: 114.841, prod: 0.046724, t_ads: 90.3, t_des: 78.5, bed_util_ads: 0.499, bed_util_des: 0.499, des_th: 0.4989691121566105,frac_lost: 0.101, li_recovered:  7.886, time: 0.007149597000534413
L: 50.72, u_super: 0.00259 — INFEASIBLE (li_recovered=0.000e+00), time: 0.0012295070009713527
L: 0.50, u_super: 0.00274, sec: 147.506, prod: 0.061174, t_ads: 70.4, t_des: 63.3, bed_util_ads: 0.496, bed_util_des: 0.496, des_th: 0.495562592791078,frac_lost: 0.103, li_recovered:  8.176, time: 0.005367624000427895
L: 0.50, u_super: 0.00183, sec: 99.075, prod: 0.039940, t_ads: 104.8, t_des: 90.6, bed_util_ads: 0.498, bed_util_des: 0.498, des_th: 0.4976658577743854,frac_lost: 0.103, li_recovered:  7.805, time: 0.006048259998351568
L: 0.50, u_super: 0.00488, sec: 267.872, prod: 0.109867, t_ads: 39.9, t_des: 36.0, bed_util_ads: 0.498, bed_util_des: 0.497, des_th: 0.4974576334660797,frac_lost: 0.105, li_recovered:  8.340, time: 0.005082654999569058
L: 0.50, u_super: 0.00456, sec: 253.497, prod: 0.101140, t_ads: 42.7, t_des: 42.2, bed_util_ads: 0.486, bed_util_des: 0.486, des_th: 0.4859065567901214,frac_lost: 0.105, li_recovered:  8.587, time: 0.006695607000438031
L: 0.50, u_super: 0.00605, sec: 336.073, prod: 0.136921, t_ads: 32.1, t_des: 29.1, bed_util_ads: 0.499, bed_util_des: 0.498, des_th: 0.4983595690284454,frac_lost: 0.101, li_recovered:  8.369, time: 0.006017808998876717
L: 0.50, u_super: 0.00722, sec: 421.201, prod: 0.158127, t_ads: 27.1, t_des: 27.7, bed_util_ads: 0.483, bed_util_des: 0.483, des_th: 0.4831504391314172,frac_lost: 0.108, li_recovered:  8.677, time: 0.006482717999460874
L: 0.50, u_super: 0.00638, sec: 359.965, prod: 0.142784, t_ads: 30.7, t_des: 29.5, bed_util_ads: 0.492, bed_util_des: 0.491, des_th: 0.4913540615536906,frac_lost: 0.108, li_recovered:  8.593, time: 0.006137156000477262
L: 0.50, u_super: 0.00540, sec: 298.284, prod: 0.121870, t_ads: 36.0, t_des: 32.2, bed_util_ads: 0.499, bed_util_des: 0.499, des_th: 0.4988586016267918,frac_lost: 0.103, li_recovered:  8.302, time: 0.00472077199992782
L: 0.50, u_super: 0.00082, sec: 46.929, prod: 0.016780, t_ads: 229.0, t_des: 250.8, bed_util_ads: 0.457, bed_util_des: 0.454, des_th: 0.4537850166647771,frac_lost: 0.104, li_recovered:  8.052, time: 0.006412813001588802
L: 0.50, u_super: 0.00359, sec: 211.560, prod: 0.074072, t_ads: 54.3, t_des: 62.0, bed_util_ads: 0.467, bed_util_des: 0.466, des_th: 0.46651126939805676,frac_lost: 0.107, li_recovered:  8.616, time: 0.005857001000549644
L: 0.50, u_super: 0.00420, sec: 229.074, prod: 0.094318, t_ads: 46.3, t_des: 41.4, bed_util_ads: 0.500, bed_util_des: 0.499, des_th: 0.4994497706768508,frac_lost: 0.105, li_recovered:  8.274, time: 0.006123274000856327
L: 0.50, u_super: 0.00985, sec: 573.668, prod: 0.223571, t_ads: 19.8, t_des: 18.0, bed_util_ads: 0.500, bed_util_des: 0.500, des_th: 0.4997275809196764,frac_lost: 0.104, li_recovered:  8.452, time: 0.005397234999691136
    89 |     3560 |     40 |  0.0032915306 |             f
L: 0.50, u_super: 0.00259, sec: 140.176, prod: 0.057336, t_ads: 74.5, t_des: 64.7, bed_util_ads: 0.499, bed_util_des: 0.499, des_th: 0.49926987786635907,frac_lost: 0.103, li_recovered:  7.982, time: 0.006198170000061509
L: 0.50, u_super: 0.00722, sec: 408.458, prod: 0.163147, t_ads: 27.1, t_des: 24.5, bed_util_ads: 0.500, bed_util_des: 0.499, des_th: 0.49948325115245323,frac_lost: 0.109, li_recovered:  8.428, time: 0.004674363999583875
L: 0.50, u_super: 0.00251, sec: 135.935, prod: 0.055781, t_ads: 76.8, t_des: 67.3, bed_util_ads: 0.499, bed_util_des: 0.498, des_th: 0.4985371636583922,frac_lost: 0.105, li_recovered:  8.039, time: 0.003843149999738671
L: 17.54, u_super: 0.00027 — INFEASIBLE (li_recovered=0.000e+00), time: 0.0011431999992055353
L: 0.50, u_super: 0.00340, sec: 185.976, prod: 0.075610, t_ads: 57.1, t_des: 55.4, bed_util_ads: 0.488, bed_util_des: 0.488, des_th: 0.4875455500988261,frac_lost: 0.107, li_recovered:  8.508, time: 0.005647725998642272
L: 0.50, u_super: 0.00942, sec: 546.804, prod: 0.212984, t_ads: 20.7, t_des: 19.5, bed_util_ads: 0.495, bed_util_des: 0.495, des_th: 0.4949484301751578,frac_lost: 0.104, li_recovered:  8.561, time: 0.005937382999036345
L: 0.50, u_super: 0.00627, sec: 349.166, prod: 0.141750, t_ads: 31.0, t_des: 28.0, bed_util_ads: 0.498, bed_util_des: 0.498, des_th: 0.498273031000977,frac_lost: 0.102, li_recovered:  8.356, time: 0.0046246359997894615
L: 0.50, u_super: 0.00879, sec: 505.932, prod: 0.199088, t_ads: 22.2, t_des: 20.0, bed_util_ads: 0.500, bed_util_des: 0.500, des_th: 0.49957096597020617,frac_lost: 0.106, li_recovered:  8.406, time: 0.004646073999538203
L: 0.50, u_super: 0.00950, sec: 551.224, prod: 0.215151, t_ads: 20.6, t_des: 18.6, bed_util_ads: 0.499, bed_util_des: 0.499, des_th: 0.4991622188429144,frac_lost: 0.106, li_recovered:  8.442, time: 0.007406828999592108
L: 0.50, u_super: 0.00722, sec: 408.790, prod: 0.163014, t_ads: 27.1, t_des: 25.2, bed_util_ads: 0.495, bed_util_des: 0.495, des_th: 0.49496566338889986,frac_lost: 0.107, li_recovered:  8.518, time: 0.005272734000755008
L: 0.50, u_super: 0.00259, sec: 139.192, prod: 0.057741, t_ads: 74.6, t_des: 69.6, bed_util_ads: 0.491, bed_util_des: 0.491, des_th: 0.49102014899155855,frac_lost: 0.104, li_recovered:  8.323, time: 0.0063780959990253905
L: 0.50, u_super: 0.00963, sec: 560.337, prod: 0.217722, t_ads: 20.3, t_des: 18.9, bed_util_ads: 0.497, bed_util_des: 0.497, des_th: 0.4969024638273218,frac_lost: 0.107, li_recovered:  8.540, time: 0.0042298200005461695
L: 0.50, u_super: 0.00893, sec: 514.679, prod: 0.202417, t_ads: 21.9, t_des: 19.8, bed_util_ads: 0.500, bed_util_des: 0.500, des_th: 0.4995230845501547,frac_lost: 0.105, li_recovered:  8.438, time: 0.005811986000480829
L: 0.50, u_super: 0.00455, sec: 249.326, prod: 0.102341, t_ads: 42.8, t_des: 38.2, bed_util_ads: 0.500, bed_util_des: 0.499, des_th: 0.4994497706768508,frac_lost: 0.106, li_recovered:  8.288, time: 0.00560012200003257
L: 0.50, u_super: 0.00549, sec: 468.165, prod: 0.080453, t_ads: 35.5, t_des: 72.7, bed_util_ads: 0.396, bed_util_des: 0.395, des_th: 0.394778330695673,frac_lost: 0.103, li_recovered:  8.705, time: 0.009484681999310851
L: 0.50, u_super: 0.00432, sec: 236.443, prod: 0.097182, t_ads: 45.1, t_des: 40.6, bed_util_ads: 0.498, bed_util_des: 0.497, des_th: 0.4974576334660797,frac_lost: 0.107, li_recovered:  8.328, time: 0.008093259999441216
L: 0.50, u_super: 0.00551, sec: 445.190, prod: 0.085238, t_ads: 35.5, t_des: 66.6, bed_util_ads: 0.407, bed_util_des: 0.406, des_th: 0.4058019502171103,frac_lost: 0.106, li_recovered:  8.704, time: 0.006738128999131732
L: 31.10, u_super: 0.00613 — INFEASIBLE (li_recovered=0.000e+00), time: 0.001265451999643119
L: 0.50, u_super: 0.00962, sec: 558.655, prod: 0.217930, t_ads: 20.3, t_des: 18.4, bed_util_ads: 0.500, bed_util_des: 0.500, des_th: 0.4995279865125117,frac_lost: 0.106, li_recovered:  8.450, time: 0.005708368998966762
L: 0.50, u_super: 0.00908, sec: 523.992, prod: 0.205746, t_ads: 21.5, t_des: 19.8, bed_util_ads: 0.497, bed_util_des: 0.497, des_th: 0.49709051034953333,frac_lost: 0.104, li_recovered:  8.497, time: 0.005823342999065062
L: 0.50, u_super: 0.00969, sec: 656.553, prod: 0.188396, t_ads: 20.2, t_des: 26.1, bed_util_ads: 0.455, bed_util_des: 0.454, des_th: 0.4543915699141473,frac_lost: 0.105, li_recovered:  8.721, time: 0.008444717001111712
L: 0.50, u_super: 0.00547, sec: 303.184, prod: 0.122970, t_ads: 35.8, t_des: 33.3, bed_util_ads: 0.496, bed_util_des: 0.495, des_th: 0.49529619002904035,frac_lost: 0.108, li_recovered:  8.492, time: 0.005774871999165043
L: 0.50, u_super: 0.00488, sec: 267.570, prod: 0.109997, t_ads: 39.8, t_des: 36.1, bed_util_ads: 0.498, bed_util_des: 0.497, des_th: 0.4974576334660797,frac_lost: 0.103, li_recovered:  8.348, time: 0.007643962000656757
L: 0.50, u_super: 0.00990, sec: 576.931, prod: 0.224451, t_ads: 19.7, t_des: 18.1, bed_util_ads: 0.498, bed_util_des: 0.498, des_th: 0.49752419430050643,frac_lost: 0.105, li_recovered:  8.489, time: 0.006681234999632579
L: 0.50, u_super: 0.00596, sec: 331.512, prod: 0.134671, t_ads: 32.6, t_des: 29.1, bed_util_ads: 0.500, bed_util_des: 0.500, des_th: 0.4997275809196764,frac_lost: 0.103, li_recovered:  8.312, time: 0.0062222920005297055
L: 0.50, u_super: 0.00695, sec: 390.155, prod: 0.157606, t_ads: 27.9, t_des: 25.3, bed_util_ads: 0.498, bed_util_des: 0.498, des_th: 0.4983447830650698,frac_lost: 0.100, li_recovered:  8.379, time: 0.005039666999437031
L: 0.50, u_super: 0.00101, sec: 55.226, prod: 0.021723, t_ads: 186.0, t_des: 168.4, bed_util_ads: 0.485, bed_util_des: 0.484, des_th: 0.48399742412131563,frac_lost: 0.103, li_recovered:  7.699, time: 0.0064778960004332475
L: 0.50, u_super: 0.00280, sec: 151.240, prod: 0.062323, t_ads: 68.8, t_des: 60.6, bed_util_ads: 0.499, bed_util_des: 0.499, des_th: 0.4986598614814404,frac_lost: 0.102, li_recovered:  8.065, time: 0.005401535001510638
L: 0.50, u_super: 0.00735, sec: 416.365, prod: 0.166175, t_ads: 26.6, t_des: 24.5, bed_util_ads: 0.497, bed_util_des: 0.497, des_th: 0.4971096594295382,frac_lost: 0.107, li_recovered:  8.486, time: 0.0060520099996210774
L: 0.50, u_super: 0.00638, sec: 370.454, prod: 0.138740, t_ads: 30.7, t_des: 31.8, bed_util_ads: 0.482, bed_util_des: 0.482, des_th: 0.481639525407703,frac_lost: 0.108, li_recovered:  8.671, time: 0.007772245000523981
L: 24.34, u_super: 0.00559 — INFEASIBLE (li_recovered=0.000e+00), time: 0.0019631249997473788
L: 0.50, u_super: 0.00908, sec: 524.197, prod: 0.205666, t_ads: 21.5, t_des: 19.5, bed_util_ads: 0.500, bed_util_des: 0.499, des_th: 0.49949092504198095,frac_lost: 0.106, li_recovered:  8.445, time: 0.006581507001101272
L: 0.50, u_super: 0.00052, sec: 35.195, prod: 0.008787, t_ads: 360.2, t_des: 539.3, bed_util_ads: 0.405, bed_util_des: 0.394, des_th: 0.3938681286055285,frac_lost: 0.101, li_recovered:  7.904, time: 0.00845757000024605
L: 0.50, u_super: 0.00154, sec: 85.188, prod: 0.032979, t_ads: 124.1, t_des: 129.2, bed_util_ads: 0.473, bed_util_des: 0.471, des_th: 0.4715979299411695,frac_lost: 0.103, li_recovered:  8.354, time: 0.005537638000532752
L: 0.50, u_super: 0.00107, sec: 58.427, prod: 0.023203, t_ads: 176.7, t_des: 166.6, bed_util_ads: 0.480, bed_util_des: 0.479, des_th: 0.4790006383809584,frac_lost: 0.107, li_recovered:  7.966, time: 0.005123761000504601
L: 0.50, u_super: 0.00840, sec: 532.260, prod: 0.171841, t_ads: 23.2, t_des: 27.4, bed_util_ads: 0.466, bed_util_des: 0.466, des_th: 0.46566303037137874,frac_lost: 0.104, li_recovered:  8.708, time: 0.006312471999990521
L: 0.50, u_super: 0.00770, sec: 437.792, prod: 0.174071, t_ads: 25.4, t_des: 23.3, bed_util_ads: 0.497, bed_util_des: 0.497, des_th: 0.4970829690970877,frac_lost: 0.107, li_recovered:  8.478, time: 0.004910446999929263
L: 3.61, u_super: 0.00745 — INFEASIBLE (li_recovered=0.000e+00), time: 0.002573003999714274
L: 0.50, u_super: 0.00908, sec: 524.931, prod: 0.205377, t_ads: 21.6, t_des: 19.5, bed_util_ads: 0.500, bed_util_des: 0.499, des_th: 0.49949092504198095,frac_lost: 0.109, li_recovered:  8.440, time: 0.005037377000917331
L: 0.50, u_super: 0.00056, sec: 32.964, prod: 0.011083, t_ads: 325.0, t_des: 275.3, bed_util_ads: 0.479, bed_util_des: 0.479, des_th: 0.4790006383809584,frac_lost: 0.106, li_recovered:  6.653, time: 0.006460364998929435
    90 |     3600 |     40 |  0.0031681546 |             f
L: 0.50, u_super: 0.00725, sec: 408.860, prod: 0.164238, t_ads: 26.7, t_des: 23.9, bed_util_ads: 0.500, bed_util_des: 0.500, des_th: 0.4998773250903011,frac_lost: 0.100, li_recovered:  8.314, time: 0.006669711998256389
L: 0.50, u_super: 0.00307, sec: 166.246, prod: 0.068459, t_ads: 62.8, t_des: 55.1, bed_util_ads: 0.499, bed_util_des: 0.499, des_th: 0.4989276964569847,frac_lost: 0.101, li_recovered:  8.074, time: 0.00685720999899786
L: 0.50, u_super: 0.00161, sec: 87.155, prod: 0.035152, t_ads: 118.7, t_des: 104.0, bed_util_ads: 0.495, bed_util_des: 0.495, des_th: 0.4949375679768667,frac_lost: 0.104, li_recovered:  7.832, time: 0.006998023000051035
L: 0.50, u_super: 0.00540, sec: 297.992, prod: 0.121992, t_ads: 35.9, t_des: 33.4, bed_util_ads: 0.496, bed_util_des: 0.495, des_th: 0.4953579590990243,frac_lost: 0.102, li_recovered:  8.451, time: 0.007002943000770756
L: 0.50, u_super: 0.00807, sec: 460.787, prod: 0.182684, t_ads: 24.2, t_des: 22.0, bed_util_ads: 0.499, bed_util_des: 0.499, des_th: 0.49920796191461725,frac_lost: 0.107, li_recovered:  8.438, time: 0.0068477989989332855
L: 0.50, u_super: 0.00154, sec: 85.199, prod: 0.032973, t_ads: 124.2, t_des: 129.1, bed_util_ads: 0.473, bed_util_des: 0.472, des_th: 0.4715979299411695,frac_lost: 0.104, li_recovered:  8.354, time: 0.007608154000990908
L: 4.28, u_super: 0.00656, sec: 3440.461, prod: 0.135537, t_ads: 242.3, t_des: 207.9, bed_util_ads: 0.485, bed_util_des: 0.485, des_th: 0.4848830112630894,frac_lost: 0.104, li_recovered:  61.020, time: 0.004348837999714306
L: 0.50, u_super: 0.00274, sec: 148.700, prod: 0.060816, t_ads: 70.3, t_des: 61.0, bed_util_ads: 0.500, bed_util_des: 0.500, des_th: 0.4995977278809571,frac_lost: 0.103, li_recovered:  7.985, time: 0.005694919000234222
L: 0.50, u_super: 0.00990, sec: 577.549, prod: 0.224138, t_ads: 19.8, t_des: 18.1, bed_util_ads: 0.499, bed_util_des: 0.499, des_th: 0.49873700235294893,frac_lost: 0.107, li_recovered:  8.498, time: 0.00496877000114182
L: 0.50, u_super: 0.00888, sec: 511.232, prod: 0.200980, t_ads: 22.0, t_des: 20.0, bed_util_ads: 0.500, bed_util_des: 0.500, des_th: 0.4998223653084054,frac_lost: 0.106, li_recovered:  8.445, time: 0.003949879999709083
L: 0.50, u_super: 0.00939, sec: 545.326, prod: 0.212183, t_ads: 20.8, t_des: 19.6, bed_util_ads: 0.495, bed_util_des: 0.495, des_th: 0.4949484301751578,frac_lost: 0.105, li_recovered:  8.568, time: 0.0054801759997644695
L: 0.50, u_super: 0.00044, sec: 29.773, prod: 0.007739, t_ads: 412.2, t_des: 586.4, bed_util_ads: 0.405, bed_util_des: 0.394, des_th: 0.39430405015426395,frac_lost: 0.100, li_recovered:  7.729, time: 0.005161589999261196
L: 0.50, u_super: 0.00507, sec: 358.384, prod: 0.088927, t_ads: 38.7, t_des: 59.0, bed_util_ads: 0.433, bed_util_des: 0.431, des_th: 0.431374530630136,frac_lost: 0.108, li_recovered:  8.687, time: 0.005696313999578706
L: 0.50, u_super: 0.00340, sec: 184.646, prod: 0.076154, t_ads: 56.6, t_des: 49.9, bed_util_ads: 0.499, bed_util_des: 0.499, des_th: 0.4989899008539832,frac_lost: 0.100, li_recovered:  8.108, time: 0.004209421000268776
L: 15.96, u_super: 0.00910 — INFEASIBLE (li_recovered=0.000e+00), time: 0.0028105569999752333
L: 0.50, u_super: 0.00911, sec: 526.111, prod: 0.206465, t_ads: 21.4, t_des: 19.4, bed_util_ads: 0.500, bed_util_des: 0.499, des_th: 0.49939344974568683,frac_lost: 0.106, li_recovered:  8.441, time: 0.005433670999991591
L: 17.25, u_super: 0.00961 — INFEASIBLE (li_recovered=0.000e+00), time: 0.002151448001313838
L: 0.50, u_super: 0.00617, sec: 343.706, prod: 0.139703, t_ads: 31.4, t_des: 28.1, bed_util_ads: 0.500, bed_util_des: 0.500, des_th: 0.4997275809196764,frac_lost: 0.100, li_recovered:  8.308, time: 0.006399483998393407
L: 0.50, u_super: 0.00452, sec: 247.727, prod: 0.101769, t_ads: 43.0, t_des: 38.3, bed_util_ads: 0.499, bed_util_des: 0.499, des_th: 0.49868854223694414,frac_lost: 0.104, li_recovered:  8.275, time: 0.004127316999074537
L: 0.50, u_super: 0.00655, sec: 371.767, prod: 0.146110, t_ads: 29.9, t_des: 29.1, bed_util_ads: 0.490, bed_util_des: 0.490, des_th: 0.48999224669447217,frac_lost: 0.108, li_recovered:  8.618, time: 0.005144557999301469
L: 0.50, u_super: 0.00015 — INFEASIBLE (li_recovered=0.000e+00), time: 0.0018538250005804002
L: 7.63, u_super: 0.00495 — INFEASIBLE (li_recovered=0.000e+00), time: 0.00212352699963958
L: 0.50, u_super: 0.00658, sec: 369.116, prod: 0.148449, t_ads: 29.8, t_des: 27.0, bed_util_ads: 0.498, bed_util_des: 0.498, des_th: 0.498273031000977,frac_lost: 0.109, li_recovered:  8.433, time: 0.0048582960007479414
L: 0.50, u_super: 0.00194, sec: 106.336, prod: 0.042101, t_ads: 99.5, t_des: 100.6, bed_util_ads: 0.479, bed_util_des: 0.478, des_th: 0.4777087379285686,frac_lost: 0.106, li_recovered:  8.421, time: 0.005920550000155345
L: 0.50, u_super: 0.00101, sec: 57.438, prod: 0.020887, t_ads: 187.4, t_des: 204.4, bed_util_ads: 0.461, bed_util_des: 0.458, des_th: 0.4584678028754347,frac_lost: 0.104, li_recovered:  8.184, time: 0.004893896000794484
L: 0.50, u_super: 0.00120, sec: 70.529, prod: 0.024088, t_ads: 159.1, t_des: 185.8, bed_util_ads: 0.455, bed_util_des: 0.452, des_th: 0.4520115738511733,frac_lost: 0.105, li_recovered:  8.306, time: 0.005702377000488923
L: 0.50, u_super: 0.00508, sec: 279.799, prod: 0.114507, t_ads: 38.2, t_des: 34.1, bed_util_ads: 0.500, bed_util_des: 0.499, des_th: 0.49936859917999094,frac_lost: 0.104, li_recovered:  8.289, time: 0.004557749000014155
L: 0.50, u_super: 0.00990, sec: 576.921, prod: 0.224404, t_ads: 19.7, t_des: 17.7, bed_util_ads: 0.500, bed_util_des: 0.500, des_th: 0.4997275809196764,frac_lost: 0.105, li_recovered:  8.411, time: 0.005340757999874768
L: 0.50, u_super: 0.00357, sec: 198.260, prod: 0.078226, t_ads: 54.4, t_des: 55.2, bed_util_ads: 0.482, bed_util_des: 0.481, des_th: 0.48123134755863506,frac_lost: 0.105, li_recovered:  8.573, time: 0.005488626000442309
L: 0.50, u_super: 0.00038 — INFEASIBLE (li_recovered=0.000e+00), time: 0.0036125289989286102
L: 0.50, u_super: 0.00296, sec: 160.195, prod: 0.065914, t_ads: 65.2, t_des: 62.9, bed_util_ads: 0.488, bed_util_des: 0.487, des_th: 0.4875098176530994,frac_lost: 0.102, li_recovered:  8.449, time: 0.00458477099891752
L: 19.15, u_super: 0.00794 — INFEASIBLE (li_recovered=0.000e+00), time: 0.0017142769993370166
L: 0.50, u_super: 0.00102, sec: 55.434, prod: 0.021972, t_ads: 185.0, t_des: 173.4, bed_util_ads: 0.480, bed_util_des: 0.479, des_th: 0.47898579055401824,frac_lost: 0.103, li_recovered:  7.876, time: 0.004703876000348828
L: 0.50, u_super: 0.00730, sec: 412.931, prod: 0.164964, t_ads: 26.8, t_des: 24.1, bed_util_ads: 0.500, bed_util_des: 0.499, des_th: 0.4994877248210998,frac_lost: 0.107, li_recovered:  8.389, time: 0.004203542001050664
L: 0.50, u_super: 0.00152, sec: 83.786, prod: 0.032658, t_ads: 125.9, t_des: 129.5, bed_util_ads: 0.474, bed_util_des: 0.473, des_th: 0.4727467550300479,frac_lost: 0.104, li_recovered:  8.340, time: 0.006727366999257356
L: 2.91, u_super: 0.00970, sec: 3426.945, prod: 0.210525, t_ads: 114.9, t_des: 98.0, bed_util_ads: 0.498, bed_util_des: 0.498, des_th: 0.4977716184095446,frac_lost: 0.106, li_recovered:  44.826, time: 0.009997323000789038
L: 0.50, u_super: 0.00402, sec: 226.317, prod: 0.087530, t_ads: 48.3, t_des: 50.0, bed_util_ads: 0.480, bed_util_des: 0.479, des_th: 0.47921969270165,frac_lost: 0.105, li_recovered:  8.606, time: 0.0046801130010862835
L: 0.50, u_super: 0.00837, sec: 488.039, prod: 0.186001, t_ads: 23.3, t_des: 23.2, bed_util_ads: 0.488, bed_util_des: 0.488, des_th: 0.4875455500988261,frac_lost: 0.105, li_recovered:  8.662, time: 0.004969511999661336
L: 0.50, u_super: 0.00726, sec: 410.360, prod: 0.164117, t_ads: 26.9, t_des: 24.2, bed_util_ads: 0.500, bed_util_des: 0.499, des_th: 0.4994857377210629,frac_lost: 0.107, li_recovered:  8.390, time: 0.004235890999552794
L: 0.50, u_super: 0.00090 — INFEASIBLE (li_recovered=0.000e+00), time: 0.0024121990009007277
    91 |     3640 |     40 |  0.0036279178 |             f
L: 0.50, u_super: 0.00089, sec: 64.682, prod: 0.014271, t_ads: 215.4, t_des: 366.7, bed_util_ads: 0.402, bed_util_des: 0.394, des_th: 0.3937326664864678,frac_lost: 0.105, li_recovered:  8.307, time: 0.008223384000302758
L: 0.50, u_super: 0.00990, sec: 576.977, prod: 0.224389, t_ads: 19.7, t_des: 18.2, bed_util_ads: 0.498, bed_util_des: 0.497, des_th: 0.4974576334660797,frac_lost: 0.105, li_recovered:  8.506, time: 0.0044901689998368965
L: 0.50, u_super: 0.00418, sec: 233.186, prod: 0.091745, t_ads: 46.5, t_des: 47.2, bed_util_ads: 0.483, bed_util_des: 0.483, des_th: 0.4825419311483641,frac_lost: 0.104, li_recovered:  8.600, time: 0.003983554999649641
L: 0.50, u_super: 0.00100, sec: 58.362, prod: 0.020263, t_ads: 188.7, t_des: 216.2, bed_util_ads: 0.455, bed_util_des: 0.452, des_th: 0.4520115738511733,frac_lost: 0.103, li_recovered:  8.204, time: 0.004704484999820124
L: 59.91, u_super: 0.00600 — INFEASIBLE (li_recovered=0.000e+00), time: 0.0010469630014995346
L: 0.50, u_super: 0.00446, sec: 244.291, prod: 0.100254, t_ads: 43.6, t_des: 38.9, bed_util_ads: 0.499, bed_util_des: 0.499, des_th: 0.49895799923248574,frac_lost: 0.106, li_recovered:  8.275, time: 0.004779300999871339
L: 0.50, u_super: 0.00455, sec: 249.397, prod: 0.102312, t_ads: 42.8, t_des: 38.2, bed_util_ads: 0.500, bed_util_des: 0.500, des_th: 0.4998261405571803,frac_lost: 0.106, li_recovered:  8.287, time: 0.0039012500001263106
L: 0.50, u_super: 0.00296, sec: 160.596, prod: 0.065715, t_ads: 65.3, t_des: 63.6, bed_util_ads: 0.486, bed_util_des: 0.486, des_th: 0.48569270043444807,frac_lost: 0.102, li_recovered:  8.469, time: 0.004213668000375037
L: 0.50, u_super: 0.00054 — INFEASIBLE (li_recovered=0.000e+00), time: 0.002199182999902405
L: 0.50, u_super: 0.00319, sec: 173.071, prod: 0.071340, t_ads: 60.4, t_des: 53.2, bed_util_ads: 0.499, bed_util_des: 0.499, des_th: 0.4992585936877954,frac_lost: 0.102, li_recovered:  8.108, time: 0.004097324001122615
L: 0.50, u_super: 0.00815, sec: 609.066, prod: 0.140787, t_ads: 24.0, t_des: 37.9, bed_util_ads: 0.429, bed_util_des: 0.428, des_th: 0.42820629362551627,frac_lost: 0.104, li_recovered:  8.718, time: 0.005313109000780969
L: 6.22, u_super: 0.00844 — INFEASIBLE (li_recovered=0.000e+00), time: 0.0022339210008794907
L: 0.50, u_super: 0.00470, sec: 257.973, prod: 0.105687, t_ads: 41.5, t_des: 37.0, bed_util_ads: 0.500, bed_util_des: 0.500, des_th: 0.4997637174507423,frac_lost: 0.106, li_recovered:  8.289, time: 0.004017953999209567
L: 0.50, u_super: 0.00937, sec: 544.325, prod: 0.211719, t_ads: 20.9, t_des: 19.6, bed_util_ads: 0.495, bed_util_des: 0.495, des_th: 0.49496732466524507,frac_lost: 0.106, li_recovered:  8.567, time: 0.004872784998951829
L: 0.50, u_super: 0.00391, sec: 212.561, prod: 0.087822, t_ads: 49.7, t_des: 44.9, bed_util_ads: 0.497, bed_util_des: 0.497, des_th: 0.4971597176997459,frac_lost: 0.105, li_recovered:  8.303, time: 0.003926634999515954
L: 0.50, u_super: 0.00751, sec: 424.982, prod: 0.169854, t_ads: 25.9, t_des: 24.2, bed_util_ads: 0.495, bed_util_des: 0.495, des_th: 0.4949875310240726,frac_lost: 0.102, li_recovered:  8.519, time: 0.004569071999867447
L: 0.50, u_super: 0.00019 — INFEASIBLE (li_recovered=0.000e+00), time: 0.0019235980016674148
L: 11.02, u_super: 0.00717 — INFEASIBLE (li_recovered=0.000e+00), time: 0.0017650059999141376
L: 21.28, u_super: 0.00415 — INFEASIBLE (li_recovered=0.000e+00), time: 0.0016008209986466682
L: 0.50, u_super: 0.00175, sec: 93.794, prod: 0.038524, t_ads: 109.4, t_des: 104.5, bed_util_ads: 0.485, bed_util_des: 0.484, des_th: 0.4844100568737047,frac_lost: 0.101, li_recovered:  8.240, time: 0.003894200999638997
L: 0.50, u_super: 0.00842, sec: 482.521, prod: 0.190563, t_ads: 23.2, t_des: 21.1, bed_util_ads: 0.499, bed_util_des: 0.499, des_th: 0.49920796191461725,frac_lost: 0.107, li_recovered:  8.446, time: 0.006146429999716929
L: 0.50, u_super: 0.00391, sec: 212.628, prod: 0.087799, t_ads: 49.7, t_des: 44.9, bed_util_ads: 0.497, bed_util_des: 0.497, des_th: 0.4970658247177082,frac_lost: 0.105, li_recovered:  8.307, time: 0.004593394998664735
L: 33.16, u_super: 0.00198 — INFEASIBLE (li_recovered=0.000e+00), time: 0.0009938830007740762
L: 19.81, u_super: 0.00541 — INFEASIBLE (li_recovered=0.000e+00), time: 0.002578392000941676
L: 0.50, u_super: 0.00745, sec: 426.692, prod: 0.166472, t_ads: 26.3, t_des: 25.5, bed_util_ads: 0.490, bed_util_des: 0.490, des_th: 0.49006657480443777,frac_lost: 0.107, li_recovered:  8.629, time: 0.005060825998953078
L: 0.50, u_super: 0.00307, sec: 165.518, prod: 0.068760, t_ads: 62.9, t_des: 56.8, bed_util_ads: 0.496, bed_util_des: 0.496, des_th: 0.495887704391174,frac_lost: 0.101, li_recovered:  8.227, time: 0.0040000159988267114
L: 0.50, u_super: 0.00103, sec: 56.064, prod: 0.022285, t_ads: 182.3, t_des: 171.2, bed_util_ads: 0.480, bed_util_des: 0.479, des_th: 0.4790006383809584,frac_lost: 0.101, li_recovered:  7.876, time: 0.007307771000341745
L: 0.50, u_super: 0.00488, sec: 267.664, prod: 0.109951, t_ads: 39.8, t_des: 36.0, bed_util_ads: 0.498, bed_util_des: 0.497, des_th: 0.4974576334660797,frac_lost: 0.103, li_recovered:  8.332, time: 0.006317216999377706
L: 13.18, u_super: 0.00293 — INFEASIBLE (li_recovered=0.000e+00), time: 0.0012183159997221082
L: 0.50, u_super: 0.00848, sec: 486.513, prod: 0.191819, t_ads: 23.1, t_des: 21.0, bed_util_ads: 0.499, bed_util_des: 0.499, des_th: 0.4992214461547598,frac_lost: 0.108, li_recovered:  8.455, time: 0.004220908000206691
L: 0.50, u_super: 0.00990, sec: 576.623, prod: 0.224428, t_ads: 19.7, t_des: 17.7, bed_util_ads: 0.500, bed_util_des: 0.500, des_th: 0.49997460919585673,frac_lost: 0.104, li_recovered:  8.401, time: 0.005685975000233157
L: 0.50, u_super: 0.00340, sec: 185.026, prod: 0.075998, t_ads: 57.2, t_des: 50.4, bed_util_ads: 0.499, bed_util_des: 0.499, des_th: 0.4988960075929961,frac_lost: 0.108, li_recovered:  8.178, time: 0.004287010000552982
L: 0.50, u_super: 0.00590, sec: 327.888, prod: 0.133360, t_ads: 32.9, t_des: 29.4, bed_util_ads: 0.500, bed_util_des: 0.500, des_th: 0.4997187076346734,frac_lost: 0.102, li_recovered:  8.312, time: 0.004436135001014918
L: 0.50, u_super: 0.00792, sec: 680.955, prod: 0.118705, t_ads: 24.6, t_des: 48.9, bed_util_ads: 0.401, bed_util_des: 0.400, des_th: 0.3999980753401209,frac_lost: 0.102, li_recovered:  8.723, time: 0.008391846000449732
L: 0.50, u_super: 0.00746, sec: 436.601, prod: 0.163491, t_ads: 26.2, t_des: 26.9, bed_util_ads: 0.483, bed_util_des: 0.483, des_th: 0.48301208638756915,frac_lost: 0.107, li_recovered:  8.679, time: 0.004611496999132214
L: 0.50, u_super: 0.00481, sec: 264.058, prod: 0.108170, t_ads: 40.5, t_des: 37.8, bed_util_ads: 0.493, bed_util_des: 0.493, des_th: 0.4929397380259685,frac_lost: 0.105, li_recovered:  8.467, time: 0.004942481999023585
L: 0.50, u_super: 0.00847, sec: 485.619, prod: 0.191591, t_ads: 23.1, t_des: 20.9, bed_util_ads: 0.500, bed_util_des: 0.500, des_th: 0.4996047825521137,frac_lost: 0.107, li_recovered:  8.442, time: 0.004900394998912816
L: 0.50, u_super: 0.00416, sec: 227.107, prod: 0.093277, t_ads: 46.7, t_des: 44.2, bed_util_ads: 0.491, bed_util_des: 0.491, des_th: 0.4911053193380754,frac_lost: 0.104, li_recovered:  8.478, time: 0.004804479000085848
L: 0.50, u_super: 0.00105 — INFEASIBLE (li_recovered=0.000e+00), time: 0.0020486859993980033
L: 0.50, u_super: 0.00274, sec: 148.675, prod: 0.060826, t_ads: 70.3, t_des: 61.1, bed_util_ads: 0.499, bed_util_des: 0.499, des_th: 0.4992132522925855,frac_lost: 0.103, li_recovered:  7.990, time: 0.003649870999652194
    92 |     3680 |     40 |  0.0014795303 |             f
L: 0.50, u_super: 0.00607, sec: 338.036, prod: 0.137323, t_ads: 32.0, t_des: 28.6, bed_util_ads: 0.500, bed_util_des: 0.500, des_th: 0.4997275809196764,frac_lost: 0.102, li_recovered:  8.315, time: 0.004560717999993358
L: 0.50, u_super: 0.00977, sec: 568.643, prod: 0.221468, t_ads: 20.0, t_des: 18.2, bed_util_ads: 0.500, bed_util_des: 0.500, des_th: 0.4997275809196764,frac_lost: 0.106, li_recovered:  8.454, time: 0.00567520299955504
L: 5.19, u_super: 0.00118 — INFEASIBLE (li_recovered=0.000e+00), time: 0.0020577849991241237
L: 20.48, u_super: 0.00342 — INFEASIBLE (li_recovered=0.000e+00), time: 0.0014542079989041667
L: 0.50, u_super: 0.00330, sec: 179.096, prod: 0.073777, t_ads: 58.8, t_des: 52.0, bed_util_ads: 0.499, bed_util_des: 0.499, des_th: 0.49859779342963095,frac_lost: 0.106, li_recovered:  8.177, time: 0.005125506999320351
L: 0.50, u_super: 0.00265, sec: 146.076, prod: 0.057940, t_ads: 72.6, t_des: 74.2, bed_util_ads: 0.480, bed_util_des: 0.479, des_th: 0.4795003979053215,frac_lost: 0.102, li_recovered:  8.509, time: 0.00565817899951071
L: 0.50, u_super: 0.00815, sec: 463.749, prod: 0.184870, t_ads: 23.8, t_des: 21.8, bed_util_ads: 0.498, bed_util_des: 0.498, des_th: 0.497901127492244,frac_lost: 0.101, li_recovered:  8.439, time: 0.005449079000754864
L: 0.50, u_super: 0.00939, sec: 574.515, prod: 0.201395, t_ads: 20.8, t_des: 22.5, bed_util_ads: 0.477, bed_util_des: 0.477, des_th: 0.4771347733597924,frac_lost: 0.103, li_recovered:  8.708, time: 0.007342449000134366
L: 0.50, u_super: 0.00206, sec: 111.961, prod: 0.045026, t_ads: 93.1, t_des: 79.6, bed_util_ads: 0.499, bed_util_des: 0.499, des_th: 0.4989691121566105,frac_lost: 0.101, li_recovered:  7.775, time: 0.005820790000143461
L: 0.50, u_super: 0.00084, sec: 48.363, prod: 0.017151, t_ads: 222.9, t_des: 247.8, bed_util_ads: 0.456, bed_util_des: 0.452, des_th: 0.4523652116876853,frac_lost: 0.102, li_recovered:  8.074, time: 0.004119662000448443
L: 0.50, u_super: 0.00243, sec: 131.761, prod: 0.053789, t_ads: 79.2, t_des: 68.8, bed_util_ads: 0.500, bed_util_des: 0.500, des_th: 0.4995977278809571,frac_lost: 0.104, li_recovered:  7.959, time: 0.0042053990000567865
L: 0.50, u_super: 0.00620, sec: 347.010, prod: 0.139389, t_ads: 31.4, t_des: 30.1, bed_util_ads: 0.492, bed_util_des: 0.491, des_th: 0.4913540525487513,frac_lost: 0.102, li_recovered:  8.564, time: 0.004068076001203735
L: 0.50, u_super: 0.00340, sec: 184.594, prod: 0.076176, t_ads: 57.1, t_des: 51.1, bed_util_ads: 0.498, bed_util_des: 0.497, des_th: 0.4973197947056701,frac_lost: 0.107, li_recovered:  8.245, time: 0.00457377800012182
L: 0.50, u_super: 0.00580, sec: 321.370, prod: 0.130984, t_ads: 33.5, t_des: 30.0, bed_util_ads: 0.499, bed_util_des: 0.499, des_th: 0.4992097505420576,frac_lost: 0.101, li_recovered:  8.312, time: 0.004087027000423404
L: 0.50, u_super: 0.00990, sec: 576.874, prod: 0.224388, t_ads: 19.8, t_des: 17.9, bed_util_ads: 0.500, bed_util_des: 0.500, des_th: 0.4997275809196764,frac_lost: 0.106, li_recovered:  8.451, time: 0.005030414000430028
L: 0.50, u_super: 0.00620, sec: 346.515, prod: 0.139901, t_ads: 31.6, t_des: 28.4, bed_util_ads: 0.500, bed_util_des: 0.500, des_th: 0.4997275809196764,frac_lost: 0.108, li_recovered:  8.382, time: 0.004389953001009417
L: 0.50, u_super: 0.00938, sec: 776.356, prod: 0.148760, t_ads: 20.8, t_des: 37.9, bed_util_ads: 0.413, bed_util_des: 0.412, des_th: 0.41173652054106236,frac_lost: 0.103, li_recovered:  8.730, time: 0.006647472000622656
L: 0.50, u_super: 0.00393, sec: 213.835, prod: 0.088114, t_ads: 49.6, t_des: 44.7, bed_util_ads: 0.498, bed_util_des: 0.497, des_th: 0.49725832697595806,frac_lost: 0.107, li_recovered:  8.310, time: 0.004633968999769422
L: 0.50, u_super: 0.00031 — INFEASIBLE (li_recovered=0.000e+00), time: 0.0018833539998013293
L: 0.50, u_super: 0.00807, sec: 460.711, prod: 0.182707, t_ads: 24.2, t_des: 22.0, bed_util_ads: 0.499, bed_util_des: 0.499, des_th: 0.49920796191461725,frac_lost: 0.107, li_recovered:  8.445, time: 0.004712642999948002
L: 0.50, u_super: 0.00243, sec: 131.875, prod: 0.053746, t_ads: 79.3, t_des: 68.7, bed_util_ads: 0.500, bed_util_des: 0.500, des_th: 0.4995977278809571,frac_lost: 0.105, li_recovered:  7.956, time: 0.003674790999866673
L: 0.50, u_super: 0.00912, sec: 565.202, prod: 0.192550, t_ads: 21.4, t_des: 23.8, bed_util_ads: 0.473, bed_util_des: 0.473, des_th: 0.4727467550300479,frac_lost: 0.104, li_recovered:  8.710, time: 0.0040017089995671995
L: 0.50, u_super: 0.00389, sec: 211.583, prod: 0.087461, t_ads: 49.9, t_des: 45.2, bed_util_ads: 0.497, bed_util_des: 0.497, des_th: 0.49709044345245235,frac_lost: 0.105, li_recovered:  8.321, time: 0.0039164680001704255
L: 36.46, u_super: 0.00893 — INFEASIBLE (li_recovered=0.000e+00), time: 0.0013149200003681472
L: 0.50, u_super: 0.00110 — INFEASIBLE (li_recovered=0.000e+00), time: 0.0028175950010336237
L: 0.50, u_super: 0.00706, sec: 396.641, prod: 0.159981, t_ads: 27.5, t_des: 24.9, bed_util_ads: 0.499, bed_util_des: 0.499, des_th: 0.4988912441445074,frac_lost: 0.100, li_recovered:  8.377, time: 0.0035331199997017393
L: 0.50, u_super: 0.00779, sec: 444.326, prod: 0.175627, t_ads: 25.1, t_des: 23.6, bed_util_ads: 0.495, bed_util_des: 0.495, des_th: 0.49496732466524507,frac_lost: 0.107, li_recovered:  8.555, time: 0.0058141509998677066
L: 0.50, u_super: 0.00481, sec: 264.535, prod: 0.108254, t_ads: 40.5, t_des: 36.0, bed_util_ads: 0.500, bed_util_des: 0.500, des_th: 0.49981665196135855,frac_lost: 0.106, li_recovered:  8.285, time: 0.003910358000212
L: 0.50, u_super: 0.00488, sec: 267.543, prod: 0.110007, t_ads: 39.8, t_des: 36.0, bed_util_ads: 0.497, bed_util_des: 0.497, des_th: 0.4969700455960043,frac_lost: 0.103, li_recovered:  8.342, time: 0.003912625999873853
L: 4.51, u_super: 0.00911 — INFEASIBLE (li_recovered=0.000e+00), time: 0.0024045049995038426
L: 0.50, u_super: 0.00230, sec: 125.091, prod: 0.050748, t_ads: 84.0, t_des: 72.5, bed_util_ads: 0.499, bed_util_des: 0.499, des_th: 0.4989665344803016,frac_lost: 0.108, li_recovered:  7.945, time: 0.003341118001117138
L: 0.50, u_super: 0.00044, sec: 25.760, prod: 0.008557, t_ads: 407.9, t_des: 373.3, bed_util_ads: 0.462, bed_util_des: 0.461, des_th: 0.4609679230768513,frac_lost: 0.103, li_recovered:  6.684, time: 0.0038001060001988662
L: 0.50, u_super: 0.00319, sec: 173.311, prod: 0.071237, t_ads: 60.4, t_des: 52.9, bed_util_ads: 0.500, bed_util_des: 0.500, des_th: 0.4998125526241273,frac_lost: 0.102, li_recovered:  8.073, time: 0.004285752998839598
L: 0.50, u_super: 0.00307, sec: 165.846, prod: 0.068618, t_ads: 62.9, t_des: 55.9, bed_util_ads: 0.497, bed_util_des: 0.497, des_th: 0.4971597176997459,frac_lost: 0.102, li_recovered:  8.149, time: 0.0035867139995389152
L: 0.50, u_super: 0.00120 — INFEASIBLE (li_recovered=0.000e+00), time: 0.0019768199999816716
L: 0.50, u_super: 0.00721, sec: 415.756, prod: 0.159847, t_ads: 27.2, t_des: 27.0, bed_util_ads: 0.488, bed_util_des: 0.487, des_th: 0.48737000097846944,frac_lost: 0.108, li_recovered:  8.655, time: 0.004252479999195202
L: 0.50, u_super: 0.00507, sec: 432.826, prod: 0.073676, t_ads: 38.6, t_des: 79.5, bed_util_ads: 0.396, bed_util_des: 0.394, des_th: 0.39395292110304675,frac_lost: 0.106, li_recovered:  8.703, time: 0.00577323400102614
L: 0.50, u_super: 0.00397, sec: 216.855, prod: 0.089023, t_ads: 48.9, t_des: 43.1, bed_util_ads: 0.500, bed_util_des: 0.499, des_th: 0.4993683622271842,frac_lost: 0.106, li_recovered:  8.196, time: 0.003697759999340633
L: 0.50, u_super: 0.00205, sec: 111.669, prod: 0.044908, t_ads: 93.3, t_des: 79.8, bed_util_ads: 0.500, bed_util_des: 0.500, des_th: 0.49959419957424317,frac_lost: 0.101, li_recovered:  7.771, time: 0.003948088999095489
L: 0.50, u_super: 0.00873, sec: 502.624, prod: 0.197328, t_ads: 22.5, t_des: 20.3, bed_util_ads: 0.500, bed_util_des: 0.500, des_th: 0.49957096597020617,frac_lost: 0.109, li_recovered:  8.445, time: 0.0037133299993001856
    93 |     3720 |     40 |  0.0041705366 |             f
L: 0.50, u_super: 0.00054, sec: 37.620, prod: 0.009194, t_ads: 344.5, t_des: 523.2, bed_util_ads: 0.405, bed_util_des: 0.394, des_th: 0.3937326664864678,frac_lost: 0.105, li_recovered:  7.977, time: 0.00666488900060358
L: 0.50, u_super: 0.00056 — INFEASIBLE (li_recovered=0.000e+00), time: 0.002904669998315512
L: 13.00, u_super: 0.00751 — INFEASIBLE (li_recovered=0.000e+00), time: 0.0028885310002806364
L: 0.50, u_super: 0.00455, sec: 263.552, prod: 0.097031, t_ads: 42.6, t_des: 46.4, bed_util_ads: 0.474, bed_util_des: 0.473, des_th: 0.4730985430598055,frac_lost: 0.102, li_recovered:  8.637, time: 0.006697845001326641
L: 0.50, u_super: 0.00452, sec: 248.105, prod: 0.101675, t_ads: 43.1, t_des: 38.3, bed_util_ads: 0.500, bed_util_des: 0.499, des_th: 0.49933388377449417,frac_lost: 0.107, li_recovered:  8.277, time: 0.0070211160000326345
L: 0.50, u_super: 0.00781, sec: 442.627, prod: 0.177139, t_ads: 24.9, t_des: 22.8, bed_util_ads: 0.498, bed_util_des: 0.498, des_th: 0.49779875997936024,frac_lost: 0.101, li_recovered:  8.437, time: 0.004448250001587439
L: 10.29, u_super: 0.00873 — INFEASIBLE (li_recovered=0.000e+00), time: 0.002370711999901687
L: 0.50, u_super: 0.00085, sec: 46.910, prod: 0.017900, t_ads: 221.8, t_des: 198.2, bed_util_ads: 0.483, bed_util_des: 0.482, des_th: 0.48197090873882065,frac_lost: 0.107, li_recovered:  7.517, time: 0.003946246000850806
L: 0.50, u_super: 0.00621, sec: 390.713, prod: 0.124537, t_ads: 31.5, t_des: 38.2, bed_util_ads: 0.461, bed_util_des: 0.461, des_th: 0.4607873620266308,frac_lost: 0.108, li_recovered:  8.690, time: 0.0054713089994038455
L: 0.50, u_super: 0.00958, sec: 557.368, prod: 0.216482, t_ads: 20.4, t_des: 19.2, bed_util_ads: 0.495, bed_util_des: 0.495, des_th: 0.49496732466524507,frac_lost: 0.104, li_recovered:  8.571, time: 0.006055754000044544
L: 0.50, u_super: 0.00565, sec: 313.065, prod: 0.127601, t_ads: 34.4, t_des: 30.7, bed_util_ads: 0.500, bed_util_des: 0.500, des_th: 0.4997637174507423,frac_lost: 0.103, li_recovered:  8.308, time: 0.004142378998949425
L: 0.50, u_super: 0.00018 — INFEASIBLE (li_recovered=0.000e+00), time: 0.0018535790004534647
L: 0.50, u_super: 0.00702, sec: 491.474, prod: 0.127783, t_ads: 27.9, t_des: 40.2, bed_util_ads: 0.441, bed_util_des: 0.440, des_th: 0.4397285024774323,frac_lost: 0.108, li_recovered:  8.709, time: 0.006412734999685199
L: 0.50, u_super: 0.00154, sec: 87.739, prod: 0.031846, t_ads: 124.4, t_des: 138.9, bed_util_ads: 0.463, bed_util_des: 0.461, des_th: 0.4614321048667148,frac_lost: 0.102, li_recovered:  8.385, time: 0.004821575001187739
L: 15.58, u_super: 0.00175 — INFEASIBLE (li_recovered=0.000e+00), time: 0.0014482369988400023
L: 0.50, u_super: 0.00540, sec: 298.210, prod: 0.121903, t_ads: 36.0, t_des: 32.6, bed_util_ads: 0.499, bed_util_des: 0.499, des_th: 0.49893027309646265,frac_lost: 0.104, li_recovered:  8.360, time: 0.00430313099968771
L: 0.50, u_super: 0.00082 — INFEASIBLE (li_recovered=0.000e+00), time: 0.0023270330002560513
L: 0.50, u_super: 0.00433, sec: 239.298, prod: 0.096297, t_ads: 45.0, t_des: 44.0, bed_util_ads: 0.488, bed_util_des: 0.488, des_th: 0.48753683222124233,frac_lost: 0.106, li_recovered:  8.564, time: 0.0040447579995088745
L: 0.50, u_super: 0.00509, sec: 280.362, prod: 0.114569, t_ads: 38.1, t_des: 33.8, bed_util_ads: 0.500, bed_util_des: 0.500, des_th: 0.49997149239557115,frac_lost: 0.102, li_recovered:  8.235, time: 0.0038679229983245023
L: 0.50, u_super: 0.00482, sec: 264.764, prod: 0.108503, t_ads: 40.4, t_des: 36.0, bed_util_ads: 0.500, bed_util_des: 0.500, des_th: 0.49984523417619586,frac_lost: 0.105, li_recovered:  8.286, time: 0.004395641999508371
L: 0.50, u_super: 0.00937, sec: 544.972, prod: 0.211467, t_ads: 20.8, t_des: 19.8, bed_util_ads: 0.493, bed_util_des: 0.493, des_th: 0.49331506957453186,frac_lost: 0.104, li_recovered:  8.590, time: 0.0038896400001249276
L: 0.50, u_super: 0.00112, sec: 82.864, prod: 0.017901, t_ads: 170.4, t_des: 298.8, bed_util_ads: 0.402, bed_util_des: 0.396, des_th: 0.39554537686699615,frac_lost: 0.102, li_recovered:  8.399, time: 0.005487931999596185
L: 0.50, u_super: 0.00759, sec: 431.039, prod: 0.171344, t_ads: 25.8, t_des: 23.7, bed_util_ads: 0.498, bed_util_des: 0.497, des_th: 0.4974722947040112,frac_lost: 0.109, li_recovered:  8.484, time: 0.004493930000535329
L: 70.50, u_super: 0.00962 — INFEASIBLE (li_recovered=0.000e+00), time: 0.0011343509995640488
L: 0.50, u_super: 0.00706, sec: 398.194, prod: 0.159356, t_ads: 27.8, t_des: 25.1, bed_util_ads: 0.499, bed_util_des: 0.499, des_th: 0.4990210618349583,frac_lost: 0.109, li_recovered:  8.430, time: 0.005219244998443173
L: 0.50, u_super: 0.00990, sec: 576.449, prod: 0.224557, t_ads: 19.7, t_des: 17.9, bed_util_ads: 0.500, bed_util_des: 0.500, des_th: 0.4997275809196764,frac_lost: 0.104, li_recovered:  8.442, time: 0.004728074998638476
L: 0.50, u_super: 0.00101, sec: 59.021, prod: 0.020119, t_ads: 188.7, t_des: 219.6, bed_util_ads: 0.453, bed_util_des: 0.449, des_th: 0.44939493471208397,frac_lost: 0.104, li_recovered:  8.213, time: 0.005141650000950904
L: 0.50, u_super: 0.00137, sec: 74.137, prod: 0.029746, t_ads: 138.5, t_des: 122.7, bed_util_ads: 0.492, bed_util_des: 0.491, des_th: 0.4913540615536906,frac_lost: 0.100, li_recovered:  7.767, time: 0.004061636000187718
L: 0.50, u_super: 0.00516, sec: 284.603, prod: 0.116422, t_ads: 37.7, t_des: 33.7, bed_util_ads: 0.500, bed_util_des: 0.499, des_th: 0.49936984354960945,frac_lost: 0.104, li_recovered:  8.308, time: 0.005094543999803136
L: 0.50, u_super: 0.00185, sec: 137.132, prod: 0.029501, t_ads: 105.3, t_des: 184.6, bed_util_ads: 0.409, bed_util_des: 0.405, des_th: 0.40465201482547986,frac_lost: 0.107, li_recovered:  8.551, time: 0.007400865000818158
L: 0.50, u_super: 0.00858, sec: 491.344, prod: 0.194751, t_ads: 22.6, t_des: 20.4, bed_util_ads: 0.499, bed_util_des: 0.499, des_th: 0.49920796191461725,frac_lost: 0.101, li_recovered:  8.385, time: 0.004841292000492103
L: 49.47, u_super: 0.00054 — INFEASIBLE (li_recovered=0.000e+00), time: 0.0009575950007274514
L: 55.26, u_super: 0.00706 — INFEASIBLE (li_recovered=0.000e+00), time: 0.0014704410004924284
L: 27.49, u_super: 0.00489 — INFEASIBLE (li_recovered=0.000e+00), time: 0.0011608740005613072
L: 0.50, u_super: 0.00379, sec: 206.212, prod: 0.085010, t_ads: 51.3, t_des: 45.9, bed_util_ads: 0.498, bed_util_des: 0.497, des_th: 0.49746613390783834,frac_lost: 0.106, li_recovered:  8.267, time: 0.006369853999785846
L: 0.50, u_super: 0.00929, sec: 538.046, prod: 0.210232, t_ads: 21.1, t_des: 19.1, bed_util_ads: 0.500, bed_util_des: 0.500, des_th: 0.4997268183609418,frac_lost: 0.108, li_recovered:  8.453, time: 0.005997124000714393
L: 0.50, u_super: 0.00837, sec: 482.909, prod: 0.187878, t_ads: 23.4, t_des: 22.5, bed_util_ads: 0.492, bed_util_des: 0.491, des_th: 0.4913540615536906,frac_lost: 0.106, li_recovered:  8.613, time: 0.004885029999059043
L: 0.50, u_super: 0.00532, sec: 293.364, prod: 0.120326, t_ads: 36.4, t_des: 33.1, bed_util_ads: 0.497, bed_util_des: 0.497, des_th: 0.49699031255898873,frac_lost: 0.101, li_recovered:  8.363, time: 0.0047688800004834775
L: 10.97, u_super: 0.00616 — INFEASIBLE (li_recovered=0.000e+00), time: 0.0023598960015078774
L: 0.50, u_super: 0.00160, sec: 87.803, prod: 0.034395, t_ads: 119.5, t_des: 123.3, bed_util_ads: 0.474, bed_util_des: 0.473, des_th: 0.4727467550300479,frac_lost: 0.101, li_recovered:  8.353, time: 0.004184797000561957
    94 |     3760 |     40 |  0.0031676085 |             f
L: 0.50, u_super: 0.00453, sec: 248.350, prod: 0.102013, t_ads: 42.9, t_des: 38.3, bed_util_ads: 0.500, bed_util_des: 0.499, des_th: 0.49933388377449417,frac_lost: 0.105, li_recovered:  8.278, time: 0.004676749000282143
L: 0.50, u_super: 0.00814, sec: 465.424, prod: 0.184099, t_ads: 24.1, t_des: 22.1, bed_util_ads: 0.498, bed_util_des: 0.498, des_th: 0.49773430030591176,frac_lost: 0.107, li_recovered:  8.493, time: 0.0054068139997980325
L: 0.50, u_super: 0.00990, sec: 576.887, prod: 0.224407, t_ads: 19.8, t_des: 17.9, bed_util_ads: 0.500, bed_util_des: 0.500, des_th: 0.49982062824050294,frac_lost: 0.105, li_recovered:  8.454, time: 0.005617088001599768
L: 0.50, u_super: 0.00405, sec: 220.331, prod: 0.091053, t_ads: 47.9, t_des: 43.4, bed_util_ads: 0.497, bed_util_des: 0.497, des_th: 0.49703997203946426,frac_lost: 0.104, li_recovered:  8.319, time: 0.004096966000361135
L: 0.50, u_super: 0.00006 — INFEASIBLE (li_recovered=0.000e+00), time: 0.0013784559996565804
L: 53.25, u_super: 0.00230 — INFEASIBLE (li_recovered=0.000e+00), time: 0.0008299549990624655
L: 0.50, u_super: 0.00582, sec: 322.648, prod: 0.131532, t_ads: 33.4, t_des: 30.7, bed_util_ads: 0.497, bed_util_des: 0.497, des_th: 0.49667755911923356,frac_lost: 0.103, li_recovered:  8.425, time: 0.005612171000393573
L: 0.50, u_super: 0.00841, sec: 569.776, prod: 0.160967, t_ads: 23.2, t_des: 30.9, bed_util_ads: 0.450, bed_util_des: 0.449, des_th: 0.44939615151381856,frac_lost: 0.103, li_recovered:  8.712, time: 0.005573618000198621
L: 0.50, u_super: 0.00296, sec: 159.748, prod: 0.066099, t_ads: 65.1, t_des: 57.9, bed_util_ads: 0.498, bed_util_des: 0.497, des_th: 0.4973070713127856,frac_lost: 0.101, li_recovered:  8.134, time: 0.004764110999531113
L: 0.50, u_super: 0.00746, sec: 421.102, prod: 0.169151, t_ads: 26.0, t_des: 23.8, bed_util_ads: 0.498, bed_util_des: 0.498, des_th: 0.497901127492244,frac_lost: 0.101, li_recovered:  8.427, time: 0.005135904000781011
L: 0.50, u_super: 0.00990, sec: 576.705, prod: 0.224464, t_ads: 19.7, t_des: 17.9, bed_util_ads: 0.500, bed_util_des: 0.500, des_th: 0.4999959034575,frac_lost: 0.105, li_recovered:  8.449, time: 0.0051364110004215036
L: 0.50, u_super: 0.00711, sec: 401.215, prod: 0.160760, t_ads: 27.5, t_des: 25.0, bed_util_ads: 0.499, bed_util_des: 0.499, des_th: 0.4989665344803016,frac_lost: 0.107, li_recovered:  8.441, time: 0.005197238000619109
L: 0.50, u_super: 0.00452, sec: 247.876, prod: 0.101769, t_ads: 43.0, t_des: 38.3, bed_util_ads: 0.500, bed_util_des: 0.499, des_th: 0.49952709932280104,frac_lost: 0.105, li_recovered:  8.277, time: 0.003677974000311224
L: 0.50, u_super: 0.00290, sec: 156.875, prod: 0.064508, t_ads: 66.7, t_des: 58.5, bed_util_ads: 0.499, bed_util_des: 0.499, des_th: 0.4989691121566105,frac_lost: 0.103, li_recovered:  8.078, time: 0.005828751000080956
L: 0.50, u_super: 0.00122, sec: 66.017, prod: 0.026479, t_ads: 156.2, t_des: 142.9, bed_util_ads: 0.486, bed_util_des: 0.485, des_th: 0.4853250308627875,frac_lost: 0.106, li_recovered:  7.918, time: 0.004865281000093091
L: 0.50, u_super: 0.00211, sec: 113.473, prod: 0.046783, t_ads: 91.5, t_des: 83.6, bed_util_ads: 0.492, bed_util_des: 0.491, des_th: 0.49138502182401006,frac_lost: 0.107, li_recovered:  8.194, time: 0.006338424998830305
L: 0.50, u_super: 0.00911, sec: 535.968, prod: 0.202812, t_ads: 21.4, t_des: 21.3, bed_util_ads: 0.487, bed_util_des: 0.487, des_th: 0.487112238293309,frac_lost: 0.104, li_recovered:  8.667, time: 0.004367384000943275
L: 19.31, u_super: 0.00721 — INFEASIBLE (li_recovered=0.000e+00), time: 0.0013154270000086399
L: 0.50, u_super: 0.00160, sec: 86.329, prod: 0.035269, t_ads: 119.3, t_des: 108.4, bed_util_ads: 0.491, bed_util_des: 0.490, des_th: 0.4900456905182527,frac_lost: 0.104, li_recovered:  8.031, time: 0.005080973000076483
L: 0.50, u_super: 0.00888, sec: 529.950, prod: 0.193875, t_ads: 22.1, t_des: 22.8, bed_util_ads: 0.483, bed_util_des: 0.482, des_th: 0.48240124827709346,frac_lost: 0.107, li_recovered:  8.696, time: 0.004687344000558369
L: 0.50, u_super: 0.00084, sec: 46.160, prod: 0.017769, t_ads: 224.5, t_des: 205.6, bed_util_ads: 0.481, bed_util_des: 0.479, des_th: 0.4794126583592828,frac_lost: 0.108, li_recovered:  7.642, time: 0.005027623999922071
L: 0.50, u_super: 0.00711, sec: 401.222, prod: 0.160801, t_ads: 27.5, t_des: 24.7, bed_util_ads: 0.499, bed_util_des: 0.499, des_th: 0.49920796191461725,frac_lost: 0.106, li_recovered:  8.383, time: 0.004257062000760925
L: 0.50, u_super: 0.00085, sec: 46.936, prod: 0.017890, t_ads: 219.3, t_des: 195.6, bed_util_ads: 0.483, bed_util_des: 0.482, des_th: 0.4824087074374641,frac_lost: 0.100, li_recovered:  7.424, time: 0.0036770940005226294
L: 0.50, u_super: 0.00319, sec: 173.219, prod: 0.071225, t_ads: 60.5, t_des: 58.4, bed_util_ads: 0.488, bed_util_des: 0.488, des_th: 0.4875455500988261,frac_lost: 0.102, li_recovered:  8.464, time: 0.00600027600012254
L: 0.50, u_super: 0.00383, sec: 208.415, prod: 0.085842, t_ads: 50.7, t_des: 47.7, bed_util_ads: 0.491, bed_util_des: 0.491, des_th: 0.4911053193380754,frac_lost: 0.105, li_recovered:  8.451, time: 0.0053378589982457925
L: 0.50, u_super: 0.00639, sec: 360.564, prod: 0.143024, t_ads: 30.7, t_des: 29.4, bed_util_ads: 0.492, bed_util_des: 0.491, des_th: 0.4913540615536906,frac_lost: 0.109, li_recovered:  8.591, time: 0.007150245999582694
L: 24.89, u_super: 0.00303 — INFEASIBLE (li_recovered=0.000e+00), time: 0.0011431729999458184
L: 0.50, u_super: 0.00888, sec: 511.370, prod: 0.200921, t_ads: 22.0, t_des: 19.8, bed_util_ads: 0.500, bed_util_des: 0.500, des_th: 0.4998223653084054,frac_lost: 0.107, li_recovered:  8.410, time: 0.006390298000042094
L: 0.50, u_super: 0.00536, sec: 295.839, prod: 0.120993, t_ads: 36.2, t_des: 32.5, bed_util_ads: 0.499, bed_util_des: 0.499, des_th: 0.49922778225628145,frac_lost: 0.102, li_recovered:  8.313, time: 0.004529296000328031
L: 0.50, u_super: 0.00826, sec: 522.886, prod: 0.168655, t_ads: 23.7, t_des: 28.0, bed_util_ads: 0.465, bed_util_des: 0.465, des_th: 0.4649676510342087,frac_lost: 0.105, li_recovered:  8.707, time: 0.00565216699942539
L: 0.50, u_super: 0.00225, sec: 121.861, prod: 0.049586, t_ads: 85.8, t_des: 74.5, bed_util_ads: 0.499, bed_util_des: 0.499, des_th: 0.4988912441445074,frac_lost: 0.106, li_recovered:  7.949, time: 0.006257822000407032
L: 0.50, u_super: 0.00722, sec: 408.177, prod: 0.163259, t_ads: 27.1, t_des: 24.9, bed_util_ads: 0.498, bed_util_des: 0.497, des_th: 0.49747849601613153,frac_lost: 0.107, li_recovered:  8.477, time: 0.0049734450003597885
L: 0.50, u_super: 0.00787, sec: 446.533, prod: 0.178488, t_ads: 24.7, t_des: 22.6, bed_util_ads: 0.498, bed_util_des: 0.498, des_th: 0.49773430030591176,frac_lost: 0.101, li_recovered:  8.432, time: 0.006433870999899227
L: 0.50, u_super: 0.00018, sec: 14.020, prod: 0.002747, t_ads: 784.8, t_des: 805.1, bed_util_ads: 0.395, bed_util_des: 0.393, des_th: 0.3937326664864678,frac_lost: 0.101, li_recovered:  4.368, time: 0.003851927000141586
L: 0.50, u_super: 0.00813, sec: 464.219, prod: 0.183956, t_ads: 24.1, t_des: 21.8, bed_util_ads: 0.499, bed_util_des: 0.499, des_th: 0.4991704821495235,frac_lost: 0.107, li_recovered:  8.433, time: 0.00638867900124751
L: 0.50, u_super: 0.00359, sec: 195.266, prod: 0.080251, t_ads: 54.3, t_des: 47.9, bed_util_ads: 0.500, bed_util_des: 0.500, des_th: 0.49983969834591374,frac_lost: 0.108, li_recovered:  8.201, time: 0.00521732100060035
L: 0.50, u_super: 0.00989, sec: 659.446, prod: 0.196080, t_ads: 19.8, t_des: 24.7, bed_util_ads: 0.459, bed_util_des: 0.459, des_th: 0.45903475245871805,frac_lost: 0.105, li_recovered:  8.724, time: 0.006022184999892488
L: 66.09, u_super: 0.00240 — INFEASIBLE (li_recovered=0.000e+00), time: 0.001134263000494684
L: 0.50, u_super: 0.00177, sec: 97.090, prod: 0.038310, t_ads: 108.2, t_des: 91.0, bed_util_ads: 0.500, bed_util_des: 0.500, des_th: 0.4997275809196764,frac_lost: 0.104, li_recovered:  7.632, time: 0.0062411510007223114
L: 0.50, u_super: 0.00823, sec: 470.886, prod: 0.186277, t_ads: 23.8, t_des: 21.8, bed_util_ads: 0.498, bed_util_des: 0.498, des_th: 0.49787048711985243,frac_lost: 0.107, li_recovered:  8.488, time: 0.00734227000066312
    95 |     3800 |     40 |  0.0041633291 |             f
L: 0.50, u_super: 0.00679, sec: 508.684, prod: 0.115016, t_ads: 28.8, t_des: 46.9, bed_util_ads: 0.425, bed_util_des: 0.424, des_th: 0.4239368275783949,frac_lost: 0.106, li_recovered:  8.710, time: 0.0068769869994866895
L: 0.50, u_super: 0.00018, sec: 14.096, prod: 0.002732, t_ads: 785.8, t_des: 798.1, bed_util_ads: 0.395, bed_util_des: 0.394, des_th: 0.3937326664864678,frac_lost: 0.101, li_recovered:  4.327, time: 0.004987791999155888
L: 0.50, u_super: 0.00044, sec: 25.751, prod: 0.008560, t_ads: 408.5, t_des: 374.1, bed_util_ads: 0.462, bed_util_des: 0.460, des_th: 0.46017224128331713,frac_lost: 0.104, li_recovered:  6.699, time: 0.004873839001447777
L: 0.50, u_super: 0.00962, sec: 558.166, prod: 0.218118, t_ads: 20.3, t_des: 18.4, bed_util_ads: 0.499, bed_util_des: 0.499, des_th: 0.49897338444677897,frac_lost: 0.104, li_recovered:  8.448, time: 0.005748878000304103
L: 0.50, u_super: 0.00635, sec: 354.093, prod: 0.143579, t_ads: 30.6, t_des: 27.7, bed_util_ads: 0.499, bed_util_des: 0.499, des_th: 0.4988912441445074,frac_lost: 0.103, li_recovered:  8.368, time: 0.006109756001023925
L: 0.50, u_super: 0.00103, sec: 56.933, prod: 0.021772, t_ads: 183.1, t_des: 157.5, bed_util_ads: 0.492, bed_util_des: 0.491, des_th: 0.4913540615536906,frac_lost: 0.104, li_recovered:  7.414, time: 0.0063310570003523026
L: 0.50, u_super: 0.00481, sec: 264.200, prod: 0.108389, t_ads: 40.4, t_des: 36.1, bed_util_ads: 0.500, bed_util_des: 0.500, des_th: 0.49969603896142345,frac_lost: 0.104, li_recovered:  8.287, time: 0.007376846000624937
L: 15.28, u_super: 0.00764 — INFEASIBLE (li_recovered=0.000e+00), time: 0.003642002000560751
L: 0.50, u_super: 0.00479, sec: 263.145, prod: 0.107925, t_ads: 40.6, t_des: 36.6, bed_util_ads: 0.498, bed_util_des: 0.498, des_th: 0.4976004842898155,frac_lost: 0.106, li_recovered:  8.337, time: 0.008397906998652616
L: 0.50, u_super: 0.00518, sec: 284.925, prod: 0.116837, t_ads: 37.5, t_des: 33.6, bed_util_ads: 0.500, bed_util_des: 0.500, des_th: 0.49973061556514903,frac_lost: 0.102, li_recovered:  8.304, time: 0.005368604000977939
L: 0.50, u_super: 0.00266, sec: 147.067, prod: 0.057809, t_ads: 72.4, t_des: 74.9, bed_util_ads: 0.479, bed_util_des: 0.478, des_th: 0.4777087379285686,frac_lost: 0.101, li_recovered:  8.517, time: 0.005818691999593284
L: 0.50, u_super: 0.00760, sec: 437.774, prod: 0.169296, t_ads: 25.8, t_des: 25.3, bed_util_ads: 0.489, bed_util_des: 0.489, des_th: 0.48860993780410705,frac_lost: 0.108, li_recovered:  8.643, time: 0.006805691999034025
L: 0.50, u_super: 0.00190, sec: 110.432, prod: 0.039030, t_ads: 101.1, t_des: 115.9, bed_util_ads: 0.462, bed_util_des: 0.460, des_th: 0.4603559487573235,frac_lost: 0.104, li_recovered:  8.469, time: 0.006087301000661682
L: 0.50, u_super: 0.00912, sec: 526.521, prod: 0.206667, t_ads: 21.4, t_des: 19.4, bed_util_ads: 0.500, bed_util_des: 0.500, des_th: 0.499717664939863,frac_lost: 0.105, li_recovered:  8.443, time: 0.006208538001374109
L: 0.50, u_super: 0.00575, sec: 326.175, prod: 0.127105, t_ads: 33.8, t_des: 34.2, bed_util_ads: 0.484, bed_util_des: 0.483, des_th: 0.48322851340342243,frac_lost: 0.102, li_recovered:  8.633, time: 0.004767948001244804
L: 10.05, u_super: 0.00692 — INFEASIBLE (li_recovered=0.000e+00), time: 0.0022716920011589536
L: 0.50, u_super: 0.00534, sec: 462.742, prod: 0.076881, t_ads: 36.5, t_des: 76.7, bed_util_ads: 0.394, bed_util_des: 0.392, des_th: 0.3919541040760725,frac_lost: 0.104, li_recovered:  8.706, time: 0.006919065999682061
L: 0.50, u_super: 0.00574, sec: 318.647, prod: 0.129599, t_ads: 33.9, t_des: 30.2, bed_util_ads: 0.500, bed_util_des: 0.500, des_th: 0.4998399333593305,frac_lost: 0.104, li_recovered:  8.306, time: 0.0042167390001850436
L: 0.50, u_super: 0.00516, sec: 284.178, prod: 0.116389, t_ads: 37.6, t_des: 33.6, bed_util_ads: 0.500, bed_util_des: 0.500, des_th: 0.49968851555917226,frac_lost: 0.102, li_recovered:  8.288, time: 0.004293247999157757
L: 0.50, u_super: 0.00824, sec: 469.453, prod: 0.186914, t_ads: 23.6, t_des: 21.3, bed_util_ads: 0.500, bed_util_des: 0.499, des_th: 0.4994755375390797,frac_lost: 0.100, li_recovered:  8.381, time: 0.0034007850008492824
L: 0.50, u_super: 0.00062, sec: 35.699, prod: 0.012756, t_ads: 291.5, t_des: 257.7, bed_util_ads: 0.478, bed_util_des: 0.477, des_th: 0.476981063680311,frac_lost: 0.100, li_recovered:  7.005, time: 0.003277867999713635
L: 0.50, u_super: 0.00536, sec: 295.912, prod: 0.120963, t_ads: 36.2, t_des: 32.4, bed_util_ads: 0.499, bed_util_des: 0.499, des_th: 0.49922778225628145,frac_lost: 0.102, li_recovered:  8.302, time: 0.003925188999346574
L: 18.10, u_super: 0.00565 — INFEASIBLE (li_recovered=0.000e+00), time: 0.0011739500005205628
L: 0.50, u_super: 0.00319, sec: 173.800, prod: 0.070987, t_ads: 61.0, t_des: 58.4, bed_util_ads: 0.489, bed_util_des: 0.488, des_th: 0.48804103744354205,frac_lost: 0.108, li_recovered:  8.476, time: 0.003465753999989829
L: 0.50, u_super: 0.00709, sec: 403.617, prod: 0.158770, t_ads: 27.6, t_des: 26.6, bed_util_ads: 0.492, bed_util_des: 0.491, des_th: 0.4913540615536906,frac_lost: 0.108, li_recovered:  8.606, time: 0.003783162999752676
L: 0.50, u_super: 0.00303, sec: 165.488, prod: 0.066809, t_ads: 63.8, t_des: 63.6, bed_util_ads: 0.484, bed_util_des: 0.483, des_th: 0.4834317641957212,frac_lost: 0.102, li_recovered:  8.513, time: 0.0036990240005252417
L: 0.50, u_super: 0.00722, sec: 406.699, prod: 0.163856, t_ads: 26.8, t_des: 24.6, bed_util_ads: 0.497, bed_util_des: 0.497, des_th: 0.49719819160624495,frac_lost: 0.100, li_recovered:  8.423, time: 0.003413387999898987
L: 0.50, u_super: 0.00294, sec: 158.645, prod: 0.065504, t_ads: 65.8, t_des: 58.4, bed_util_ads: 0.498, bed_util_des: 0.498, des_th: 0.4975806042887786,frac_lost: 0.104, li_recovered:  8.138, time: 0.003542833001120016
L: 0.50, u_super: 0.00933, sec: 540.241, prod: 0.211540, t_ads: 20.9, t_des: 19.0, bed_util_ads: 0.500, bed_util_des: 0.500, des_th: 0.49970170248253903,frac_lost: 0.105, li_recovered:  8.450, time: 0.004276291001588106
L: 0.50, u_super: 0.00903, sec: 520.499, prod: 0.204538, t_ads: 21.6, t_des: 19.4, bed_util_ads: 0.500, bed_util_des: 0.500, des_th: 0.49996832772982197,frac_lost: 0.104, li_recovered:  8.394, time: 0.004122940001252573
L: 0.50, u_super: 0.00193, sec: 105.628, prod: 0.042125, t_ads: 99.8, t_des: 99.8, bed_util_ads: 0.481, bed_util_des: 0.479, des_th: 0.4795003979053215,frac_lost: 0.107, li_recovered:  8.408, time: 0.004405276000397862
L: 0.50, u_super: 0.00841, sec: 481.730, prod: 0.190274, t_ads: 23.3, t_des: 21.1, bed_util_ads: 0.499, bed_util_des: 0.499, des_th: 0.49917755680632064,frac_lost: 0.107, li_recovered:  8.444, time: 0.0045738669996353565
L: 0.50, u_super: 0.00585, sec: 324.195, prod: 0.132448, t_ads: 33.1, t_des: 30.4, bed_util_ads: 0.497, bed_util_des: 0.497, des_th: 0.4972017911386339,frac_lost: 0.101, li_recovered:  8.414, time: 0.003901896001480054
L: 0.50, u_super: 0.00961, sec: 558.471, prod: 0.217771, t_ads: 20.4, t_des: 18.4, bed_util_ads: 0.500, bed_util_des: 0.500, des_th: 0.49953300052996535,frac_lost: 0.106, li_recovered:  8.448, time: 0.004711726998721133
L: 0.50, u_super: 0.00243, sec: 131.694, prod: 0.053820, t_ads: 79.2, t_des: 68.9, bed_util_ads: 0.500, bed_util_des: 0.500, des_th: 0.4996776639383411,frac_lost: 0.104, li_recovered:  7.972, time: 0.005484323000928271
L: 0.50, u_super: 0.00150, sec: 82.085, prod: 0.032440, t_ads: 127.4, t_des: 108.9, bed_util_ads: 0.497, bed_util_des: 0.497, des_th: 0.4967328130118176,frac_lost: 0.106, li_recovered:  7.667, time: 0.005617617000098107
L: 0.50, u_super: 0.00011 — INFEASIBLE (li_recovered=0.000e+00), time: 0.002067952000288642
L: 0.50, u_super: 0.00350, sec: 190.442, prod: 0.078313, t_ads: 55.5, t_des: 48.9, bed_util_ads: 0.500, bed_util_des: 0.500, des_th: 0.4997634824373255,frac_lost: 0.107, li_recovered:  8.178, time: 0.006100167000113288
L: 0.50, u_super: 0.00973, sec: 565.886, prod: 0.220514, t_ads: 20.1, t_des: 18.0, bed_util_ads: 0.500, bed_util_des: 0.500, des_th: 0.4999973279227233,frac_lost: 0.105, li_recovered:  8.403, time: 0.00554197900055442
L: 0.50, u_super: 0.00646, sec: 362.477, prod: 0.145510, t_ads: 30.0, t_des: 28.8, bed_util_ads: 0.492, bed_util_des: 0.491, des_th: 0.49142240352403405,frac_lost: 0.101, li_recovered:  8.562, time: 0.005296557001202018
    96 |     3840 |     40 |  0.0017625663 |             f
L: 0.50, u_super: 0.00869, sec: 499.238, prod: 0.196635, t_ads: 22.5, t_des: 20.2, bed_util_ads: 0.500, bed_util_des: 0.500, des_th: 0.49974516445061423,frac_lost: 0.106, li_recovered:  8.393, time: 0.00675161700019089
L: 7.39, u_super: 0.00018 — INFEASIBLE (li_recovered=0.000e+00), time: 0.0011817909999081166
L: 0.50, u_super: 0.00265, sec: 143.135, prod: 0.059130, t_ads: 72.6, t_des: 69.4, bed_util_ads: 0.488, bed_util_des: 0.487, des_th: 0.48748202364088733,frac_lost: 0.102, li_recovered:  8.395, time: 0.005918884000493563
L: 0.50, u_super: 0.00439, sec: 240.184, prod: 0.098605, t_ads: 44.4, t_des: 39.6, bed_util_ads: 0.500, bed_util_des: 0.499, des_th: 0.49933388377449417,frac_lost: 0.106, li_recovered:  8.283, time: 0.004993783999452717
L: 0.50, u_super: 0.00148, sec: 79.960, prod: 0.032372, t_ads: 129.3, t_des: 116.1, bed_util_ads: 0.491, bed_util_des: 0.490, des_th: 0.4899327390477972,frac_lost: 0.106, li_recovered:  7.945, time: 0.004604482001013821
L: 0.50, u_super: 0.00724, sec: 408.020, prod: 0.164183, t_ads: 26.8, t_des: 24.5, bed_util_ads: 0.498, bed_util_des: 0.498, des_th: 0.49825754840502595,frac_lost: 0.101, li_recovered:  8.425, time: 0.0037980690012773266
L: 0.50, u_super: 0.00652, sec: 368.209, prod: 0.146095, t_ads: 30.0, t_des: 28.8, bed_util_ads: 0.492, bed_util_des: 0.491, des_th: 0.49142240352403405,frac_lost: 0.107, li_recovered:  8.592, time: 0.0066063370013580425
L: 7.26, u_super: 0.00739 — INFEASIBLE (li_recovered=0.000e+00), time: 0.003595796999434242
L: 0.50, u_super: 0.00574, sec: 318.249, prod: 0.129669, t_ads: 33.8, t_des: 30.3, bed_util_ads: 0.499, bed_util_des: 0.499, des_th: 0.4988912441445074,frac_lost: 0.102, li_recovered:  8.309, time: 0.006373379999786266
L: 88.13, u_super: 0.00399 — INFEASIBLE (li_recovered=0.000e+00), time: 0.0013084120000712574
L: 15.78, u_super: 0.00350 — INFEASIBLE (li_recovered=0.000e+00), time: 0.0011371939999662573
L: 0.50, u_super: 0.00987, sec: 576.744, prod: 0.223320, t_ads: 19.8, t_des: 18.6, bed_util_ads: 0.494, bed_util_des: 0.494, des_th: 0.4940758710165405,frac_lost: 0.104, li_recovered:  8.568, time: 0.004824920999453752
L: 0.50, u_super: 0.00962, sec: 558.555, prod: 0.217969, t_ads: 20.3, t_des: 18.4, bed_util_ads: 0.499, bed_util_des: 0.499, des_th: 0.4989089937628358,frac_lost: 0.105, li_recovered:  8.446, time: 0.0064256609985022806
L: 0.50, u_super: 0.00873, sec: 502.149, prod: 0.197522, t_ads: 22.4, t_des: 20.5, bed_util_ads: 0.497, bed_util_des: 0.497, des_th: 0.49714436693075253,frac_lost: 0.107, li_recovered:  8.485, time: 0.00414823100072681
L: 0.50, u_super: 0.00512, sec: 281.900, prod: 0.115381, t_ads: 38.0, t_des: 34.0, bed_util_ads: 0.500, bed_util_des: 0.500, des_th: 0.49990221317269357,frac_lost: 0.104, li_recovered:  8.305, time: 0.004667437999160029
L: 0.50, u_super: 0.00353, sec: 192.072, prod: 0.078947, t_ads: 55.1, t_des: 48.5, bed_util_ads: 0.499, bed_util_des: 0.499, des_th: 0.4988912441445074,frac_lost: 0.107, li_recovered:  8.177, time: 0.004452316999959294
L: 0.50, u_super: 0.00077, sec: 42.774, prod: 0.016050, t_ads: 242.9, t_des: 249.7, bed_util_ads: 0.463, bed_util_des: 0.460, des_th: 0.46017224128331713,frac_lost: 0.101, li_recovered:  7.906, time: 0.004779532000611653
L: 0.50, u_super: 0.00646, sec: 363.397, prod: 0.145142, t_ads: 30.0, t_des: 29.1, bed_util_ads: 0.490, bed_util_des: 0.489, des_th: 0.4894773874060605,frac_lost: 0.100, li_recovered:  8.584, time: 0.006416290998458862
L: 0.50, u_super: 0.00797, sec: 472.929, prod: 0.173020, t_ads: 24.5, t_des: 25.7, bed_util_ads: 0.481, bed_util_des: 0.481, des_th: 0.4808005150904558,frac_lost: 0.105, li_recovered:  8.691, time: 0.0050828180010284996
L: 0.50, u_super: 0.00989, sec: 576.638, prod: 0.224263, t_ads: 19.8, t_des: 17.9, bed_util_ads: 0.500, bed_util_des: 0.500, des_th: 0.49955338243926256,frac_lost: 0.106, li_recovered:  8.452, time: 0.004113424998649862
L: 0.50, u_super: 0.00084, sec: 46.099, prod: 0.017754, t_ads: 224.6, t_des: 205.9, bed_util_ads: 0.481, bed_util_des: 0.479, des_th: 0.4794126583592828,frac_lost: 0.107, li_recovered:  7.644, time: 0.0034990109998034313
L: 0.50, u_super: 0.00319, sec: 177.483, prod: 0.069514, t_ads: 60.9, t_des: 62.3, bed_util_ads: 0.480, bed_util_des: 0.480, des_th: 0.4795639243632405,frac_lost: 0.106, li_recovered:  8.562, time: 0.0052589050010283245
L: 0.50, u_super: 0.00488, sec: 267.918, prod: 0.110056, t_ads: 39.8, t_des: 36.8, bed_util_ads: 0.495, bed_util_des: 0.495, des_th: 0.49488034350827387,frac_lost: 0.103, li_recovered:  8.428, time: 0.005498918999364832
L: 0.50, u_super: 0.00116, sec: 63.485, prod: 0.024729, t_ads: 164.2, t_des: 142.3, bed_util_ads: 0.492, bed_util_des: 0.491, des_th: 0.49148388597134646,frac_lost: 0.106, li_recovered:  7.580, time: 0.0046178309985407395
L: 0.50, u_super: 0.00414, sec: 226.186, prod: 0.092811, t_ads: 47.0, t_des: 44.4, bed_util_ads: 0.491, bed_util_des: 0.491, des_th: 0.4907194482653528,frac_lost: 0.105, li_recovered:  8.479, time: 0.004134769000302185
L: 0.50, u_super: 0.00327, sec: 177.566, prod: 0.073165, t_ads: 58.9, t_des: 51.7, bed_util_ads: 0.500, bed_util_des: 0.500, des_th: 0.4999841619095465,frac_lost: 0.101, li_recovered:  8.088, time: 0.005667856999934884
L: 0.50, u_super: 0.00350, sec: 196.258, prod: 0.075992, t_ads: 55.7, t_des: 57.3, bed_util_ads: 0.481, bed_util_des: 0.480, des_th: 0.47986391360070163,frac_lost: 0.108, li_recovered:  8.587, time: 0.0075465230002009775
L: 20.18, u_super: 0.00828 — INFEASIBLE (li_recovered=0.000e+00), time: 0.0016073730002972297
L: 0.50, u_super: 0.00622, sec: 349.500, prod: 0.139514, t_ads: 31.2, t_des: 30.4, bed_util_ads: 0.489, bed_util_des: 0.489, des_th: 0.4889003597686854,frac_lost: 0.101, li_recovered:  8.589, time: 0.007020744000328705
L: 0.50, u_super: 0.00454, sec: 248.770, prod: 0.101913, t_ads: 43.0, t_des: 38.2, bed_util_ads: 0.500, bed_util_des: 0.500, des_th: 0.4997634824373255,frac_lost: 0.107, li_recovered:  8.272, time: 0.006555537000167533
L: 0.50, u_super: 0.00040, sec: 26.124, prod: 0.007063, t_ads: 455.4, t_des: 616.7, bed_util_ads: 0.408, bed_util_des: 0.397, des_th: 0.397521911444095,frac_lost: 0.100, li_recovered:  7.571, time: 0.0071510639991174685
L: 0.50, u_super: 0.00706, sec: 397.687, prod: 0.159561, t_ads: 27.7, t_des: 24.9, bed_util_ads: 0.500, bed_util_des: 0.499, des_th: 0.4995053349280625,frac_lost: 0.106, li_recovered:  8.386, time: 0.0034636830005183583
L: 0.50, u_super: 0.00601, sec: 334.314, prod: 0.135772, t_ads: 32.3, t_des: 28.9, bed_util_ads: 0.500, bed_util_des: 0.500, des_th: 0.4996274937801573,frac_lost: 0.103, li_recovered:  8.312, time: 0.004552877000605804
L: 0.50, u_super: 0.00719, sec: 404.848, prod: 0.163123, t_ads: 27.0, t_des: 24.7, bed_util_ads: 0.497, bed_util_des: 0.497, des_th: 0.49723006968090383,frac_lost: 0.100, li_recovered:  8.436, time: 0.006997788001172012
L: 0.50, u_super: 0.00639, sec: 417.944, prod: 0.123230, t_ads: 30.6, t_des: 39.9, bed_util_ads: 0.452, bed_util_des: 0.452, des_th: 0.4515173516621209,frac_lost: 0.106, li_recovered:  8.694, time: 0.00645353500112833
L: 0.50, u_super: 0.00905, sec: 522.816, prod: 0.204969, t_ads: 21.6, t_des: 20.1, bed_util_ads: 0.495, bed_util_des: 0.495, des_th: 0.49496732466524507,frac_lost: 0.104, li_recovered:  8.534, time: 0.007009946999460226
L: 0.50, u_super: 0.00868, sec: 498.387, prod: 0.196512, t_ads: 22.5, t_des: 20.3, bed_util_ads: 0.500, bed_util_des: 0.500, des_th: 0.4999481530231886,frac_lost: 0.105, li_recovered:  8.405, time: 0.005845716999829165
L: 0.50, u_super: 0.00092, sec: 50.526, prod: 0.019837, t_ads: 202.4, t_des: 188.5, bed_util_ads: 0.480, bed_util_des: 0.479, des_th: 0.4794126583592828,frac_lost: 0.102, li_recovered:  7.754, time: 0.006464209998739534
L: 0.50, u_super: 0.00230, sec: 124.858, prod: 0.050445, t_ads: 84.2, t_des: 72.1, bed_util_ads: 0.500, bed_util_des: 0.500, des_th: 0.4997275809196764,frac_lost: 0.107, li_recovered:  7.884, time: 0.006005177001497941
L: 13.08, u_super: 0.00982 — INFEASIBLE (li_recovered=0.000e+00), time: 0.004504997001276934
    97 |     3880 |     40 |  0.0051784460 |             f
L: 0.50, u_super: 0.00530, sec: 292.874, prod: 0.119621, t_ads: 36.7, t_des: 32.8, bed_util_ads: 0.499, bed_util_des: 0.499, des_th: 0.49922778225628145,frac_lost: 0.104, li_recovered:  8.311, time: 0.004404010000143899
L: 0.50, u_super: 0.00824, sec: 469.482, prod: 0.186902, t_ads: 23.6, t_des: 21.3, bed_util_ads: 0.500, bed_util_des: 0.499, des_th: 0.4994755375390797,frac_lost: 0.100, li_recovered:  8.382, time: 0.005525416998352739
L: 0.50, u_super: 0.00194, sec: 103.771, prod: 0.042937, t_ads: 98.8, t_des: 91.1, bed_util_ads: 0.490, bed_util_des: 0.490, des_th: 0.4899236538550681,frac_lost: 0.101, li_recovered:  8.153, time: 0.005402506998507306
L: 0.50, u_super: 0.00077, sec: 43.179, prod: 0.016036, t_ads: 241.7, t_des: 253.2, bed_util_ads: 0.461, bed_util_des: 0.458, des_th: 0.45787445842409086,frac_lost: 0.100, li_recovered:  7.937, time: 0.006637600999965798
L: 0.50, u_super: 0.00990, sec: 576.838, prod: 0.224300, t_ads: 19.8, t_des: 17.7, bed_util_ads: 0.500, bed_util_des: 0.500, des_th: 0.4999405939056057,frac_lost: 0.105, li_recovered:  8.409, time: 0.005936640000072657
L: 0.50, u_super: 0.00416, sec: 243.692, prod: 0.087280, t_ads: 46.6, t_des: 52.3, bed_util_ads: 0.470, bed_util_des: 0.469, des_th: 0.4689572871462729,frac_lost: 0.103, li_recovered:  8.631, time: 0.00717674400038959
L: 0.50, u_super: 0.00301, sec: 164.139, prod: 0.066782, t_ads: 64.6, t_des: 62.4, bed_util_ads: 0.488, bed_util_des: 0.487, des_th: 0.48748202364088733,frac_lost: 0.108, li_recovered:  8.482, time: 0.006531647000883822
L: 0.50, u_super: 0.00759, sec: 450.767, prod: 0.163842, t_ads: 25.8, t_des: 27.2, bed_util_ads: 0.480, bed_util_des: 0.480, des_th: 0.4796640236306601,frac_lost: 0.107, li_recovered:  8.692, time: 0.0061548710000352
L: 0.50, u_super: 0.00566, sec: 313.468, prod: 0.127869, t_ads: 34.3, t_des: 30.7, bed_util_ads: 0.500, bed_util_des: 0.500, des_th: 0.4999434130530955,frac_lost: 0.102, li_recovered:  8.309, time: 0.0044456569994508754
L: 0.50, u_super: 0.00287, sec: 154.898, prod: 0.064161, t_ads: 67.0, t_des: 59.8, bed_util_ads: 0.498, bed_util_des: 0.498, des_th: 0.4975806042887786,frac_lost: 0.101, li_recovered:  8.135, time: 0.004026927999802865
L: 0.50, u_super: 0.00243, sec: 130.683, prod: 0.054233, t_ads: 79.2, t_des: 73.1, bed_util_ads: 0.492, bed_util_des: 0.492, des_th: 0.491977186727145,frac_lost: 0.104, li_recovered:  8.263, time: 0.005658624999341555
L: 0.50, u_super: 0.00794, sec: 452.581, prod: 0.179377, t_ads: 24.7, t_des: 22.3, bed_util_ads: 0.499, bed_util_des: 0.499, des_th: 0.4993613644737507,frac_lost: 0.109, li_recovered:  8.435, time: 0.004321817999880295
L: 1.83, u_super: 0.00909, sec: 1946.767, prod: 0.202628, t_ads: 77.3, t_des: 69.8, bed_util_ads: 0.495, bed_util_des: 0.495, des_th: 0.4947779319431422,frac_lost: 0.102, li_recovered:  29.815, time: 0.0042272829996363726
L: 0.50, u_super: 0.00764, sec: 432.472, prod: 0.173375, t_ads: 25.4, t_des: 23.2, bed_util_ads: 0.498, bed_util_des: 0.497, des_th: 0.4974722947040112,frac_lost: 0.101, li_recovered:  8.433, time: 0.003592508001020178
L: 17.26, u_super: 0.00968 — INFEASIBLE (li_recovered=0.000e+00), time: 0.0017436159996577771
L: 0.50, u_super: 0.00582, sec: 322.925, prod: 0.131602, t_ads: 33.3, t_des: 29.8, bed_util_ads: 0.499, bed_util_des: 0.499, des_th: 0.49922778225628145,frac_lost: 0.101, li_recovered:  8.310, time: 0.004891586000667303
L: 0.50, u_super: 0.00724, sec: 420.379, prod: 0.159355, t_ads: 27.0, t_des: 27.4, bed_util_ads: 0.485, bed_util_des: 0.485, des_th: 0.48454866919530915,frac_lost: 0.107, li_recovered:  8.669, time: 0.004520697999396361
L: 0.50, u_super: 0.00034, sec: 21.868, prod: 0.005969, t_ads: 531.8, t_des: 693.3, bed_util_ads: 0.405, bed_util_des: 0.394, des_th: 0.3937326664864678,frac_lost: 0.100, li_recovered:  7.313, time: 0.00723121800001536
L: 0.50, u_super: 0.00944, sec: 548.169, prod: 0.213402, t_ads: 20.7, t_des: 19.5, bed_util_ads: 0.495, bed_util_des: 0.495, des_th: 0.49496732466524507,frac_lost: 0.104, li_recovered:  8.565, time: 0.0034847919996536803
L: 0.50, u_super: 0.00016 — INFEASIBLE (li_recovered=0.000e+00), time: 0.0015836919992580079
L: 0.50, u_super: 0.00148, sec: 80.115, prod: 0.032251, t_ads: 129.5, t_des: 126.1, bed_util_ads: 0.481, bed_util_des: 0.479, des_th: 0.4795094830925357,frac_lost: 0.106, li_recovered:  8.242, time: 0.004900001998976222
L: 9.45, u_super: 0.00972 — INFEASIBLE (li_recovered=0.000e+00), time: 0.002993066000271938
L: 0.50, u_super: 0.00044 — INFEASIBLE (li_recovered=0.000e+00), time: 0.0019731369993678527
L: 0.50, u_super: 0.00889, sec: 517.462, prod: 0.199226, t_ads: 22.0, t_des: 21.4, bed_util_ads: 0.490, bed_util_des: 0.490, des_th: 0.48964573397398464,frac_lost: 0.105, li_recovered:  8.635, time: 0.0037351760001911316
L: 0.50, u_super: 0.00359, sec: 194.920, prod: 0.080393, t_ads: 54.2, t_des: 48.5, bed_util_ads: 0.498, bed_util_des: 0.497, des_th: 0.4974568167261651,frac_lost: 0.107, li_recovered:  8.258, time: 0.004322739998315228
L: 0.50, u_super: 0.00651, sec: 368.106, prod: 0.145706, t_ads: 30.1, t_des: 28.9, bed_util_ads: 0.491, bed_util_des: 0.491, des_th: 0.4908313078059792,frac_lost: 0.108, li_recovered:  8.597, time: 0.0035299949995533098
L: 0.50, u_super: 0.00712, sec: 400.738, prod: 0.161341, t_ads: 27.3, t_des: 24.7, bed_util_ads: 0.499, bed_util_des: 0.499, des_th: 0.4992352093018068,frac_lost: 0.102, li_recovered:  8.379, time: 0.0038654630006931257
L: 0.50, u_super: 0.00946, sec: 549.842, prod: 0.213860, t_ads: 20.6, t_des: 19.5, bed_util_ads: 0.495, bed_util_des: 0.495, des_th: 0.49496732466524507,frac_lost: 0.104, li_recovered:  8.571, time: 0.005379177999202511
L: 0.50, u_super: 0.00644, sec: 364.017, prod: 0.144140, t_ads: 30.4, t_des: 29.2, bed_util_ads: 0.492, bed_util_des: 0.491, des_th: 0.49151865948919654,frac_lost: 0.109, li_recovered:  8.596, time: 0.004743268998936401
L: 15.82, u_super: 0.00704 — INFEASIBLE (li_recovered=0.000e+00), time: 0.001658037999732187
L: 0.50, u_super: 0.00923, sec: 533.546, prod: 0.209003, t_ads: 21.2, t_des: 19.2, bed_util_ads: 0.499, bed_util_des: 0.499, des_th: 0.49920796191461725,frac_lost: 0.106, li_recovered:  8.451, time: 0.003998488000434008
L: 0.50, u_super: 0.00073, sec: 41.115, prod: 0.015293, t_ads: 254.3, t_des: 226.4, bed_util_ads: 0.480, bed_util_des: 0.479, des_th: 0.4795003979053215,frac_lost: 0.108, li_recovered:  7.352, time: 0.003346633000546717
L: 0.50, u_super: 0.00575, sec: 318.588, prod: 0.129962, t_ads: 33.8, t_des: 31.4, bed_util_ads: 0.495, bed_util_des: 0.495, des_th: 0.4951851015969892,frac_lost: 0.102, li_recovered:  8.462, time: 0.004652522000469617
L: 0.50, u_super: 0.00359, sec: 195.277, prod: 0.080246, t_ads: 54.2, t_des: 47.8, bed_util_ads: 0.500, bed_util_des: 0.500, des_th: 0.4998770103949795,frac_lost: 0.107, li_recovered:  8.183, time: 0.0038731820004613837
L: 0.50, u_super: 0.00285, sec: 153.727, prod: 0.063636, t_ads: 67.6, t_des: 60.2, bed_util_ads: 0.498, bed_util_des: 0.498, des_th: 0.4975806042887786,frac_lost: 0.102, li_recovered:  8.138, time: 0.003489695000098436
L: 0.50, u_super: 0.00637, sec: 358.156, prod: 0.143139, t_ads: 30.5, t_des: 29.5, bed_util_ads: 0.490, bed_util_des: 0.490, des_th: 0.4897182993235536,frac_lost: 0.101, li_recovered:  8.583, time: 0.004221045999656781
L: 0.50, u_super: 0.00937, sec: 544.325, prod: 0.211719, t_ads: 20.9, t_des: 19.6, bed_util_ads: 0.495, bed_util_des: 0.495, des_th: 0.49496732466524507,frac_lost: 0.106, li_recovered:  8.567, time: 0.003940919999877224
L: 0.50, u_super: 0.00853, sec: 489.733, prod: 0.193136, t_ads: 22.9, t_des: 20.8, bed_util_ads: 0.499, bed_util_des: 0.498, des_th: 0.498375925726322,frac_lost: 0.107, li_recovered:  8.448, time: 0.003868318999593612
L: 0.50, u_super: 0.00417, sec: 228.774, prod: 0.093299, t_ads: 46.7, t_des: 44.6, bed_util_ads: 0.491, bed_util_des: 0.491, des_th: 0.4907194482653528,frac_lost: 0.106, li_recovered:  8.514, time: 0.004526847000306589
L: 25.57, u_super: 0.00359 — INFEASIBLE (li_recovered=0.000e+00), time: 0.0009116820001509041
    98 |     3920 |     40 |  0.0017349983 |             f
L: 0.50, u_super: 0.00724, sec: 409.607, prod: 0.163547, t_ads: 27.1, t_des: 24.3, bed_util_ads: 0.500, bed_util_des: 0.499, des_th: 0.4993779443114355,frac_lost: 0.108, li_recovered:  8.394, time: 0.003892300999723375
L: 0.50, u_super: 0.00417, sec: 227.805, prod: 0.093730, t_ads: 46.6, t_des: 43.7, bed_util_ads: 0.494, bed_util_des: 0.493, des_th: 0.49330817179039693,frac_lost: 0.105, li_recovered:  8.456, time: 0.0035468950009089895
L: 0.50, u_super: 0.00212, sec: 114.105, prod: 0.046964, t_ads: 91.0, t_des: 86.0, bed_util_ads: 0.488, bed_util_des: 0.487, des_th: 0.48707747177202126,frac_lost: 0.105, li_recovered:  8.311, time: 0.0037481269991985755
L: 0.50, u_super: 0.00739, sec: 416.736, prod: 0.167467, t_ads: 26.3, t_des: 23.7, bed_util_ads: 0.499, bed_util_des: 0.499, des_th: 0.49911718004487404,frac_lost: 0.100, li_recovered:  8.368, time: 0.006932569000127842
L: 0.50, u_super: 0.00746, sec: 426.583, prod: 0.167318, t_ads: 26.3, t_des: 25.2, bed_util_ads: 0.492, bed_util_des: 0.491, des_th: 0.49142240352403405,frac_lost: 0.109, li_recovered:  8.604, time: 0.004061759998876369
L: 0.50, u_super: 0.00990, sec: 589.500, prod: 0.219592, t_ads: 19.7, t_des: 19.8, bed_util_ads: 0.486, bed_util_des: 0.486, des_th: 0.48558132891347966,frac_lost: 0.102, li_recovered:  8.680, time: 0.004236751999997068
L: 0.50, u_super: 0.00490, sec: 269.466, prod: 0.110482, t_ads: 39.7, t_des: 35.8, bed_util_ads: 0.498, bed_util_des: 0.498, des_th: 0.4976004842898155,frac_lost: 0.105, li_recovered:  8.344, time: 0.0051102779998473125
L: 0.50, u_super: 0.00961, sec: 557.849, prod: 0.217787, t_ads: 20.3, t_des: 18.2, bed_util_ads: 0.500, bed_util_des: 0.500, des_th: 0.4999938791134551,frac_lost: 0.104, li_recovered:  8.399, time: 0.004683070001192391
L: 0.50, u_super: 0.00352, sec: 191.163, prod: 0.078837, t_ads: 55.3, t_des: 49.4, bed_util_ads: 0.498, bed_util_des: 0.497, des_th: 0.4972748665068044,frac_lost: 0.107, li_recovered:  8.250, time: 0.005651268000292475
L: 0.50, u_super: 0.00449, sec: 245.993, prod: 0.100996, t_ads: 43.3, t_des: 38.6, bed_util_ads: 0.499, bed_util_des: 0.499, des_th: 0.49908237744614137,frac_lost: 0.105, li_recovered:  8.271, time: 0.005881630999283516
L: 0.50, u_super: 0.00023 — INFEASIBLE (li_recovered=0.000e+00), time: 0.0019296940008644015
L: 0.50, u_super: 0.00888, sec: 511.426, prod: 0.200899, t_ads: 22.0, t_des: 19.8, bed_util_ads: 0.500, bed_util_des: 0.500, des_th: 0.49982177886865153,frac_lost: 0.107, li_recovered:  8.402, time: 0.005024976999266073
L: 0.50, u_super: 0.00018, sec: 13.981, prod: 0.002754, t_ads: 785.5, t_des: 808.0, bed_util_ads: 0.395, bed_util_des: 0.393, des_th: 0.3937326664864678,frac_lost: 0.101, li_recovered:  4.389, time: 0.0053743839998787735
L: 0.50, u_super: 0.00417, sec: 228.198, prod: 0.093535, t_ads: 46.6, t_des: 44.1, bed_util_ads: 0.491, bed_util_des: 0.491, des_th: 0.4907753078294575,frac_lost: 0.105, li_recovered:  8.487, time: 0.008580178999181953
L: 0.50, u_super: 0.00868, sec: 498.719, prod: 0.196380, t_ads: 22.5, t_des: 20.2, bed_util_ads: 0.500, bed_util_des: 0.500, des_th: 0.4999695955509361,frac_lost: 0.106, li_recovered:  8.391, time: 0.006528809000883484
L: 0.50, u_super: 0.00313, sec: 169.716, prod: 0.069868, t_ads: 61.7, t_des: 54.1, bed_util_ads: 0.500, bed_util_des: 0.500, des_th: 0.4999477201180902,frac_lost: 0.103, li_recovered:  8.092, time: 0.006135843999800272
L: 0.50, u_super: 0.00426, sec: 233.519, prod: 0.095361, t_ads: 45.8, t_des: 43.2, bed_util_ads: 0.492, bed_util_des: 0.491, des_th: 0.49142240352403405,frac_lost: 0.108, li_recovered:  8.493, time: 0.0052842410004814155
L: 0.50, u_super: 0.00925, sec: 568.931, prod: 0.197053, t_ads: 21.1, t_des: 23.1, bed_util_ads: 0.475, bed_util_des: 0.474, des_th: 0.4743850447169763,frac_lost: 0.102, li_recovered:  8.707, time: 0.0057050420000450686
L: 0.50, u_super: 0.00487, sec: 268.622, prod: 0.109132, t_ads: 40.0, t_des: 38.2, bed_util_ads: 0.491, bed_util_des: 0.491, des_th: 0.4907194482653528,frac_lost: 0.104, li_recovered:  8.534, time: 0.006476749000285054
L: 0.50, u_super: 0.00264, sec: 142.124, prod: 0.059102, t_ads: 72.8, t_des: 67.3, bed_util_ads: 0.492, bed_util_des: 0.492, des_th: 0.4917895736928707,frac_lost: 0.102, li_recovered:  8.280, time: 0.0050588409994816175
L: 0.50, u_super: 0.00348, sec: 188.927, prod: 0.077732, t_ads: 55.9, t_des: 49.3, bed_util_ads: 0.500, bed_util_des: 0.500, des_th: 0.49998634782734475,frac_lost: 0.106, li_recovered:  8.173, time: 0.008982375999039505
L: 36.96, u_super: 0.00033 — INFEASIBLE (li_recovered=0.000e+00), time: 0.0010012950006057508
L: 0.50, u_super: 0.00512, sec: 281.982, prod: 0.115346, t_ads: 37.9, t_des: 33.7, bed_util_ads: 0.500, bed_util_des: 0.500, des_th: 0.4997235043986969,frac_lost: 0.102, li_recovered:  8.253, time: 0.004671886999858543
L: 0.50, u_super: 0.00129, sec: 71.393, prod: 0.027408, t_ads: 147.5, t_des: 123.5, bed_util_ads: 0.498, bed_util_des: 0.498, des_th: 0.497957184067406,frac_lost: 0.105, li_recovered:  7.427, time: 0.005221098001129576
L: 0.50, u_super: 0.00909, sec: 525.011, prod: 0.205980, t_ads: 21.5, t_des: 19.5, bed_util_ads: 0.500, bed_util_des: 0.499, des_th: 0.49950997294849775,frac_lost: 0.106, li_recovered:  8.449, time: 0.0055133679998107255
L: 0.50, u_super: 0.00181, sec: 103.691, prod: 0.037640, t_ads: 106.6, t_des: 118.0, bed_util_ads: 0.467, bed_util_des: 0.465, des_th: 0.46512207972031927,frac_lost: 0.108, li_recovered:  8.453, time: 0.006682807999823126
L: 0.50, u_super: 0.00713, sec: 402.161, prod: 0.161017, t_ads: 27.4, t_des: 24.7, bed_util_ads: 0.499, bed_util_des: 0.499, des_th: 0.49933388377449417,frac_lost: 0.107, li_recovered:  8.391, time: 0.005801803001304506
L: 1.54, u_super: 0.00524, sec: 992.348, prod: 0.106333, t_ads: 113.6, t_des: 131.4, bed_util_ads: 0.460, bed_util_des: 0.458, des_th: 0.458402178005116,frac_lost: 0.107, li_recovered:  26.047, time: 0.006547490000230027
L: 0.50, u_super: 0.00990, sec: 576.961, prod: 0.224434, t_ads: 19.7, t_des: 17.9, bed_util_ads: 0.500, bed_util_des: 0.500, des_th: 0.4997281673594302,frac_lost: 0.105, li_recovered:  8.450, time: 0.006219566001163912
L: 0.50, u_super: 0.00219, sec: 118.946, prod: 0.048065, t_ads: 88.1, t_des: 87.1, bed_util_ads: 0.483, bed_util_des: 0.482, des_th: 0.4817283962486577,frac_lost: 0.105, li_recovered:  8.421, time: 0.0058401770002092235
L: 0.50, u_super: 0.00479, sec: 262.663, prod: 0.108123, t_ads: 40.5, t_des: 36.6, bed_util_ads: 0.498, bed_util_des: 0.498, des_th: 0.4975446024556195,frac_lost: 0.102, li_recovered:  8.334, time: 0.00550266799837118
L: 0.50, u_super: 0.00809, sec: 460.464, prod: 0.183464, t_ads: 24.0, t_des: 21.9, bed_util_ads: 0.499, bed_util_des: 0.499, des_th: 0.4988547945909012,frac_lost: 0.102, li_recovered:  8.436, time: 0.00463763699917763
L: 0.50, u_super: 0.00773, sec: 601.849, prod: 0.127624, t_ads: 25.2, t_des: 43.1, bed_util_ads: 0.419, bed_util_des: 0.418, des_th: 0.4184027275544956,frac_lost: 0.103, li_recovered:  8.716, time: 0.005516597999303485
L: 0.50, u_super: 0.00650, sec: 363.105, prod: 0.147167, t_ads: 29.8, t_des: 27.7, bed_util_ads: 0.495, bed_util_des: 0.495, des_th: 0.49488034350827387,frac_lost: 0.101, li_recovered:  8.471, time: 0.007147833000999526
L: 0.50, u_super: 0.00419, sec: 229.758, prod: 0.093746, t_ads: 46.4, t_des: 44.4, bed_util_ads: 0.491, bed_util_des: 0.491, des_th: 0.4907194482653528,frac_lost: 0.105, li_recovered:  8.514, time: 0.008532228999683866
L: 0.50, u_super: 0.00761, sec: 431.856, prod: 0.171939, t_ads: 25.7, t_des: 23.6, bed_util_ads: 0.498, bed_util_des: 0.498, des_th: 0.49759864298186435,frac_lost: 0.107, li_recovered:  8.481, time: 0.005293105999953696
L: 0.50, u_super: 0.00981, sec: 573.504, prod: 0.221486, t_ads: 19.9, t_des: 18.9, bed_util_ads: 0.493, bed_util_des: 0.493, des_th: 0.4927731685102158,frac_lost: 0.104, li_recovered:  8.594, time: 0.004144540998822777
L: 0.50, u_super: 0.00077, sec: 44.735, prod: 0.015369, t_ads: 245.5, t_des: 277.1, bed_util_ads: 0.451, bed_util_des: 0.447, des_th: 0.44700094481212854,frac_lost: 0.106, li_recovered:  8.032, time: 0.00445103200036101
L: 0.50, u_super: 0.00477, sec: 261.814, prod: 0.107567, t_ads: 40.7, t_des: 36.8, bed_util_ads: 0.498, bed_util_des: 0.497, des_th: 0.4974741360119624,frac_lost: 0.104, li_recovered:  8.337, time: 0.004500094000832178
L: 0.50, u_super: 0.00214, sec: 116.335, prod: 0.046973, t_ads: 90.3, t_des: 77.6, bed_util_ads: 0.500, bed_util_des: 0.500, des_th: 0.4996029324166343,frac_lost: 0.108, li_recovered:  7.890, time: 0.0037842120000277646
    99 |     3960 |     40 |  0.0044278515 |             f
L: 0.50, u_super: 0.00301, sec: 163.157, prod: 0.067171, t_ads: 63.9, t_des: 61.9, bed_util_ads: 0.488, bed_util_des: 0.487, des_th: 0.4874261280252029,frac_lost: 0.101, li_recovered:  8.452, time: 0.004250576001140871
L: 0.50, u_super: 0.00412, sec: 224.608, prod: 0.092646, t_ads: 47.2, t_des: 42.6, bed_util_ads: 0.498, bed_util_des: 0.497, des_th: 0.4974568167261651,frac_lost: 0.105, li_recovered:  8.314, time: 0.004412219999721856
L: 0.50, u_super: 0.00131, sec: 104.573, prod: 0.019283, t_ads: 147.4, t_des: 292.7, bed_util_ads: 0.390, bed_util_des: 0.383, des_th: 0.3828300362023265,frac_lost: 0.103, li_recovered:  8.486, time: 0.006812022000303841
L: 0.50, u_super: 0.00842, sec: 482.350, prod: 0.190631, t_ads: 23.2, t_des: 21.0, bed_util_ads: 0.499, bed_util_des: 0.499, des_th: 0.4988972811934752,frac_lost: 0.106, li_recovered:  8.433, time: 0.005036239999753889
L: 0.50, u_super: 0.00194, sec: 113.967, prod: 0.039096, t_ads: 99.9, t_des: 117.2, bed_util_ads: 0.460, bed_util_des: 0.458, des_th: 0.4582210998858139,frac_lost: 0.106, li_recovered:  8.487, time: 0.005450433000078192
L: 0.50, u_super: 0.00482, sec: 269.192, prod: 0.106565, t_ads: 40.2, t_des: 40.5, bed_util_ads: 0.485, bed_util_des: 0.484, des_th: 0.4844100568737047,frac_lost: 0.101, li_recovered:  8.604, time: 0.00508519399954821
L: 0.50, u_super: 0.00363, sec: 197.424, prod: 0.081153, t_ads: 53.6, t_des: 47.3, bed_util_ads: 0.499, bed_util_des: 0.499, des_th: 0.49908237744614137,frac_lost: 0.106, li_recovered:  8.187, time: 0.007009240000115824
L: 0.50, u_super: 0.00602, sec: 334.977, prod: 0.136069, t_ads: 32.3, t_des: 28.9, bed_util_ads: 0.500, bed_util_des: 0.500, des_th: 0.49999112315338634,frac_lost: 0.102, li_recovered:  8.315, time: 0.004981550999218598
L: 0.50, u_super: 0.00743, sec: 419.638, prod: 0.168592, t_ads: 26.1, t_des: 23.9, bed_util_ads: 0.498, bed_util_des: 0.498, des_th: 0.49759864298186435,frac_lost: 0.101, li_recovered:  8.427, time: 0.005633534001390217
L: 0.50, u_super: 0.00705, sec: 397.481, prod: 0.159129, t_ads: 27.8, t_des: 25.2, bed_util_ads: 0.499, bed_util_des: 0.499, des_th: 0.49922778225628145,frac_lost: 0.108, li_recovered:  8.440, time: 0.005061832000137656
L: 37.30, u_super: 0.00197 — INFEASIBLE (li_recovered=0.000e+00), time: 0.001185684999654768
L: 37.32, u_super: 0.00601 — INFEASIBLE (li_recovered=0.000e+00), time: 0.0013084769998386037
L: 0.50, u_super: 0.00018 — INFEASIBLE (li_recovered=0.000e+00), time: 0.0017623029998503625
L: 0.50, u_super: 0.00821, sec: 468.815, prod: 0.186020, t_ads: 23.8, t_des: 21.7, bed_util_ads: 0.498, bed_util_des: 0.498, des_th: 0.49825754840502595,frac_lost: 0.105, li_recovered:  8.448, time: 0.005453601001136121
L: 0.50, u_super: 0.00928, sec: 536.888, prod: 0.210514, t_ads: 21.0, t_des: 19.1, bed_util_ads: 0.499, bed_util_des: 0.499, des_th: 0.4991210503824132,frac_lost: 0.104, li_recovered:  8.450, time: 0.006386376999216736
L: 0.50, u_super: 0.00044, sec: 25.752, prod: 0.008559, t_ads: 409.5, t_des: 374.2, bed_util_ads: 0.462, bed_util_des: 0.460, des_th: 0.46054821991882045,frac_lost: 0.105, li_recovered:  6.708, time: 0.004602105998856132
L: 0.50, u_super: 0.00628, sec: 350.014, prod: 0.142259, t_ads: 30.9, t_des: 27.9, bed_util_ads: 0.499, bed_util_des: 0.499, des_th: 0.4988547945909012,frac_lost: 0.101, li_recovered:  8.362, time: 0.004593296000166447
L: 0.50, u_super: 0.00590, sec: 327.768, prod: 0.133493, t_ads: 32.8, t_des: 29.4, bed_util_ads: 0.500, bed_util_des: 0.500, des_th: 0.4999938791134551,frac_lost: 0.101, li_recovered:  8.307, time: 0.004450252999959048
L: 0.50, u_super: 0.00414, sec: 226.076, prod: 0.092864, t_ads: 46.9, t_des: 44.4, bed_util_ads: 0.491, bed_util_des: 0.491, des_th: 0.4911224967869468,frac_lost: 0.104, li_recovered:  8.477, time: 0.004980050000085612
L: 0.50, u_super: 0.00923, sec: 534.060, prod: 0.208802, t_ads: 21.2, t_des: 19.2, bed_util_ads: 0.499, bed_util_des: 0.499, des_th: 0.49920796191461725,frac_lost: 0.108, li_recovered:  8.447, time: 0.00596107499950449
L: 0.50, u_super: 0.00014 — INFEASIBLE (li_recovered=0.000e+00), time: 0.0026248360009049065
L: 0.50, u_super: 0.00706, sec: 404.264, prod: 0.156964, t_ads: 27.5, t_des: 27.6, bed_util_ads: 0.486, bed_util_des: 0.486, des_th: 0.48602074809869017,frac_lost: 0.101, li_recovered:  8.642, time: 0.006164867998450063
L: 0.50, u_super: 0.00601, sec: 333.975, prod: 0.135910, t_ads: 32.3, t_des: 28.9, bed_util_ads: 0.499, bed_util_des: 0.499, des_th: 0.4993556771127868,frac_lost: 0.101, li_recovered:  8.317, time: 0.004677909000747604
L: 7.53, u_super: 0.00213 — INFEASIBLE (li_recovered=0.000e+00), time: 0.0022083679996285355
L: 0.50, u_super: 0.00965, sec: 614.565, prod: 0.199586, t_ads: 20.2, t_des: 23.4, bed_util_ads: 0.468, bed_util_des: 0.468, des_th: 0.46774095863532805,frac_lost: 0.103, li_recovered:  8.715, time: 0.007683825000640354
L: 0.50, u_super: 0.00956, sec: 554.504, prod: 0.216805, t_ads: 20.4, t_des: 18.3, bed_util_ads: 0.500, bed_util_des: 0.500, des_th: 0.49976473185287273,frac_lost: 0.103, li_recovered:  8.391, time: 0.00558943399846612
L: 0.50, u_super: 0.00542, sec: 299.114, prod: 0.122350, t_ads: 35.8, t_des: 32.1, bed_util_ads: 0.499, bed_util_des: 0.499, des_th: 0.4988912441445074,frac_lost: 0.102, li_recovered:  8.310, time: 0.004222704999847338
L: 0.50, u_super: 0.00738, sec: 429.057, prod: 0.162445, t_ads: 26.5, t_des: 26.9, bed_util_ads: 0.485, bed_util_des: 0.484, des_th: 0.4844100568737047,frac_lost: 0.107, li_recovered:  8.670, time: 0.005713771000955603
L: 0.50, u_super: 0.00990, sec: 576.837, prod: 0.224413, t_ads: 19.7, t_des: 17.9, bed_util_ads: 0.500, bed_util_des: 0.500, des_th: 0.4996277600311394,frac_lost: 0.105, li_recovered:  8.451, time: 0.00592848699852766
L: 0.50, u_super: 0.00129, sec: 73.929, prod: 0.026468, t_ads: 147.9, t_des: 166.3, bed_util_ads: 0.460, bed_util_des: 0.458, des_th: 0.4579632724492456,frac_lost: 0.103, li_recovered:  8.317, time: 0.00420971399944392
L: 0.50, u_super: 0.00649, sec: 362.698, prod: 0.146873, t_ads: 29.9, t_des: 27.7, bed_util_ads: 0.495, bed_util_des: 0.495, des_th: 0.49488034350827387,frac_lost: 0.102, li_recovered:  8.468, time: 0.00477837099970202
L: 0.50, u_super: 0.00737, sec: 415.385, prod: 0.167072, t_ads: 26.3, t_des: 23.9, bed_util_ads: 0.499, bed_util_des: 0.499, des_th: 0.49920409157707807,frac_lost: 0.100, li_recovered:  8.384, time: 0.006548549999934039
L: 0.50, u_super: 0.00359, sec: 272.782, prod: 0.057446, t_ads: 54.0, t_des: 96.6, bed_util_ads: 0.411, bed_util_des: 0.409, des_th: 0.40883322259179566,frac_lost: 0.101, li_recovered:  8.651, time: 0.009355353999126237
L: 0.50, u_super: 0.00803, sec: 458.502, prod: 0.181250, t_ads: 24.4, t_des: 22.6, bed_util_ads: 0.495, bed_util_des: 0.495, des_th: 0.49527595899620924,frac_lost: 0.107, li_recovered:  8.527, time: 0.004638222999346908
L: 0.50, u_super: 0.00954, sec: 553.136, prod: 0.216202, t_ads: 20.5, t_des: 18.6, bed_util_ads: 0.500, bed_util_des: 0.500, des_th: 0.4997637174507423,frac_lost: 0.105, li_recovered:  8.449, time: 0.005540534999454394
L: 0.50, u_super: 0.00888, sec: 511.506, prod: 0.200873, t_ads: 22.0, t_des: 19.7, bed_util_ads: 0.500, bed_util_des: 0.500, des_th: 0.49994872047155126,frac_lost: 0.107, li_recovered:  8.394, time: 0.005129058999955305
L: 0.50, u_super: 0.00989, sec: 582.246, prod: 0.221819, t_ads: 19.7, t_des: 19.3, bed_util_ads: 0.490, bed_util_des: 0.490, des_th: 0.48989739930471493,frac_lost: 0.102, li_recovered:  8.645, time: 0.007851746999222087
L: 0.50, u_super: 0.00301, sec: 164.227, prod: 0.066746, t_ads: 64.6, t_des: 62.5, bed_util_ads: 0.487, bed_util_des: 0.487, des_th: 0.48663926382307104,frac_lost: 0.109, li_recovered:  8.484, time: 0.005432336000012583
L: 0.50, u_super: 0.00084 — INFEASIBLE (li_recovered=0.000e+00), time: 0.002111461000822601
L: 87.01, u_super: 0.00021 — INFEASIBLE (li_recovered=0.000e+00), time: 0.0005822000002808636
   100 |     4000 |     40 |  0.0019607325 |             f
L: 0.50, u_super: 0.00043 — INFEASIBLE (li_recovered=0.000e+00), time: 0.002356491000682581
L: 21.01, u_super: 0.00254 — INFEASIBLE (li_recovered=0.000e+00), time: 0.0007820890004950343
L: 0.50, u_super: 0.00025, sec: 16.106, prod: 0.004482, t_ads: 677.5, t_des: 795.0, bed_util_ads: 0.403, bed_util_des: 0.394, des_th: 0.3937326664864678,frac_lost: 0.101, li_recovered:  6.599, time: 0.005347154999981285
L: 0.50, u_super: 0.00928, sec: 537.287, prod: 0.210352, t_ads: 21.1, t_des: 19.1, bed_util_ads: 0.499, bed_util_des: 0.499, des_th: 0.4991210503824132,frac_lost: 0.106, li_recovered:  8.444, time: 0.004189176001091255
L: 4.45, u_super: 0.00363 — INFEASIBLE (li_recovered=0.000e+00), time: 0.002390708999882918
L: 0.50, u_super: 0.00803, sec: 521.868, prod: 0.159242, t_ads: 24.3, t_des: 30.4, bed_util_ads: 0.458, bed_util_des: 0.458, des_th: 0.45786315923893217,frac_lost: 0.104, li_recovered:  8.707, time: 0.00722474299982423
L: 3.19, u_super: 0.00553, sec: 2110.439, prod: 0.115332, t_ads: 214.7, t_des: 184.3, bed_util_ads: 0.488, bed_util_des: 0.487, des_th: 0.4875051087328572,frac_lost: 0.101, li_recovered:  46.016, time: 0.004219136000756407
L: 0.50, u_super: 0.00923, sec: 533.623, prod: 0.208973, t_ads: 21.2, t_des: 19.2, bed_util_ads: 0.499, bed_util_des: 0.499, des_th: 0.4992548440753825,frac_lost: 0.106, li_recovered:  8.450, time: 0.006032085000697407
L: 0.50, u_super: 0.00961, sec: 558.027, prod: 0.217717, t_ads: 20.3, t_des: 18.2, bed_util_ads: 0.500, bed_util_des: 0.500, des_th: 0.4999938791134551,frac_lost: 0.105, li_recovered:  8.396, time: 0.004237048000504728
L: 0.50, u_super: 0.00019 — INFEASIBLE (li_recovered=0.000e+00), time: 0.0022134000009828014
L: 17.81, u_super: 0.00565 — INFEASIBLE (li_recovered=0.000e+00), time: 0.0015782869995746296
L: 0.50, u_super: 0.00301, sec: 163.129, prod: 0.067183, t_ads: 64.0, t_des: 61.7, bed_util_ads: 0.488, bed_util_des: 0.487, des_th: 0.4874261280252029,frac_lost: 0.102, li_recovered:  8.447, time: 0.00380289900022035
L: 0.50, u_super: 0.00985, sec: 573.933, prod: 0.223420, t_ads: 19.8, t_des: 18.0, bed_util_ads: 0.500, bed_util_des: 0.500, des_th: 0.4997275809196764,frac_lost: 0.105, li_recovered:  8.452, time: 0.003832598000371945
L: 0.50, u_super: 0.00194, sec: 105.723, prod: 0.042421, t_ads: 98.4, t_des: 84.1, bed_util_ads: 0.500, bed_util_des: 0.500, des_th: 0.4998340744507076,frac_lost: 0.101, li_recovered:  7.746, time: 0.004567815001792042
L: 0.50, u_super: 0.00790, sec: 510.911, prod: 0.157383, t_ads: 24.8, t_des: 30.5, bed_util_ads: 0.460, bed_util_des: 0.460, des_th: 0.45975659715396167,frac_lost: 0.108, li_recovered:  8.710, time: 0.003983784999945783
L: 0.50, u_super: 0.00600, sec: 333.487, prod: 0.135706, t_ads: 32.3, t_des: 29.0, bed_util_ads: 0.500, bed_util_des: 0.500, des_th: 0.4999938791134551,frac_lost: 0.101, li_recovered:  8.322, time: 0.003981415999078308
L: 0.50, u_super: 0.00469, sec: 257.721, prod: 0.105520, t_ads: 41.5, t_des: 37.0, bed_util_ads: 0.499, bed_util_des: 0.499, des_th: 0.4988617836865909,frac_lost: 0.106, li_recovered:  8.286, time: 0.0034957169991685078
L: 13.94, u_super: 0.00888 — INFEASIBLE (li_recovered=0.000e+00), time: 0.0015924420004012063
L: 0.50, u_super: 0.00013 — INFEASIBLE (li_recovered=0.000e+00), time: 0.0010131939998245798
L: 23.76, u_super: 0.00761 — INFEASIBLE (li_recovered=0.000e+00), time: 0.0009787290000531357
L: 0.50, u_super: 0.00301, sec: 179.156, prod: 0.061172, t_ads: 64.5, t_des: 75.9, bed_util_ads: 0.462, bed_util_des: 0.461, des_th: 0.4611305488868099,frac_lost: 0.106, li_recovered:  8.588, time: 0.0039004760001262184
L: 13.33, u_super: 0.00194 — INFEASIBLE (li_recovered=0.000e+00), time: 0.0011191530011274153
L: 0.50, u_super: 0.00990, sec: 576.953, prod: 0.224408, t_ads: 19.8, t_des: 17.9, bed_util_ads: 0.500, bed_util_des: 0.500, des_th: 0.4997275809196764,frac_lost: 0.106, li_recovered:  8.457, time: 0.003322173000924522
L: 0.50, u_super: 0.00129, sec: 71.763, prod: 0.027266, t_ads: 147.3, t_des: 122.0, bed_util_ads: 0.498, bed_util_des: 0.498, des_th: 0.49797968066355086,frac_lost: 0.104, li_recovered:  7.343, time: 0.003321992000564933
L: 0.50, u_super: 0.00077, sec: 42.767, prod: 0.016053, t_ads: 242.7, t_des: 216.4, bed_util_ads: 0.482, bed_util_des: 0.481, des_th: 0.481361232731943,frac_lost: 0.105, li_recovered:  7.370, time: 0.0035514430001057917
L: 1.29, u_super: 0.00652, sec: 958.599, prod: 0.144335, t_ads: 76.0, t_des: 66.0, bed_util_ads: 0.499, bed_util_des: 0.499, des_th: 0.49885765995701037,frac_lost: 0.104, li_recovered:  20.489, time: 0.00430079299985664
L: 0.50, u_super: 0.00512, sec: 281.766, prod: 0.115436, t_ads: 37.9, t_des: 34.0, bed_util_ads: 0.500, bed_util_des: 0.500, des_th: 0.4998551533297067,frac_lost: 0.103, li_recovered:  8.302, time: 0.004052794000017457
L: 0.50, u_super: 0.00642, sec: 358.416, prod: 0.145262, t_ads: 30.2, t_des: 28.1, bed_util_ads: 0.495, bed_util_des: 0.495, des_th: 0.49488034350827387,frac_lost: 0.102, li_recovered:  8.469, time: 0.0040330480005650315
L: 0.50, u_super: 0.00412, sec: 246.385, prod: 0.084458, t_ads: 47.2, t_des: 55.1, bed_util_ads: 0.465, bed_util_des: 0.464, des_th: 0.4636369524426613,frac_lost: 0.104, li_recovered:  8.634, time: 0.0038412029989558505
L: 2.28, u_super: 0.00373 — INFEASIBLE (li_recovered=0.000e+00), time: 0.0020668549987021834
L: 0.50, u_super: 0.00046 — INFEASIBLE (li_recovered=0.000e+00), time: 0.0020385099996929057
L: 0.50, u_super: 0.00466, sec: 255.601, prod: 0.104903, t_ads: 41.8, t_des: 37.7, bed_util_ads: 0.498, bed_util_des: 0.497, des_th: 0.4974741360119624,frac_lost: 0.106, li_recovered:  8.339, time: 0.004945722999764257
L: 7.20, u_super: 0.00358 — INFEASIBLE (li_recovered=0.000e+00), time: 0.001729716001136694
L: 0.50, u_super: 0.00044 — INFEASIBLE (li_recovered=0.000e+00), time: 0.0023965260006661993
L: 0.50, u_super: 0.00913, sec: 549.202, prod: 0.198558, t_ads: 21.4, t_des: 22.4, bed_util_ads: 0.481, bed_util_des: 0.481, des_th: 0.481135602543532,frac_lost: 0.105, li_recovered:  8.701, time: 0.006367382000462385
L: 0.50, u_super: 0.00709, sec: 398.824, prod: 0.160741, t_ads: 27.4, t_des: 24.7, bed_util_ads: 0.499, bed_util_des: 0.499, des_th: 0.4993633442323865,frac_lost: 0.101, li_recovered:  8.371, time: 0.005858607999471133
L: 28.79, u_super: 0.00201 — INFEASIBLE (li_recovered=0.000e+00), time: 0.0009906499999488005
L: 0.50, u_super: 0.00694, sec: 610.365, prod: 0.100247, t_ads: 28.2, t_des: 58.8, bed_util_ads: 0.395, bed_util_des: 0.394, des_th: 0.3937326664864678,frac_lost: 0.105, li_recovered:  8.722, time: 0.0073260200006188825
L: 0.50, u_super: 0.00301, sec: 170.636, prod: 0.064227, t_ads: 64.7, t_des: 68.8, bed_util_ads: 0.475, bed_util_des: 0.474, des_th: 0.4744229321601796,frac_lost: 0.109, li_recovered:  8.574, time: 0.0051153679996787105
L: 0.50, u_super: 0.00314, sec: 171.273, prod: 0.069679, t_ads: 61.9, t_des: 60.0, bed_util_ads: 0.488, bed_util_des: 0.487, des_th: 0.4873691697400775,frac_lost: 0.107, li_recovered:  8.492, time: 0.004908343000352033
   101 |     4040 |     40 |  0.0021811095 |             f
L: 0.50, u_super: 0.00478, sec: 261.949, prod: 0.107700, t_ads: 40.7, t_des: 36.8, bed_util_ads: 0.498, bed_util_des: 0.498, des_th: 0.4978213166797959,frac_lost: 0.104, li_recovered:  8.344, time: 0.004192250000414788
L: 0.50, u_super: 0.00226, sec: 122.198, prod: 0.049971, t_ads: 85.5, t_des: 75.0, bed_util_ads: 0.498, bed_util_des: 0.497, des_th: 0.49740446347421896,frac_lost: 0.107, li_recovered:  8.018, time: 0.0047044790007930715
L: 0.50, u_super: 0.00265, sec: 143.421, prod: 0.058994, t_ads: 72.7, t_des: 63.9, bed_util_ads: 0.498, bed_util_des: 0.498, des_th: 0.49823408681782605,frac_lost: 0.104, li_recovered:  8.061, time: 0.004936971999995876
L: 0.50, u_super: 0.00803, sec: 474.172, prod: 0.175259, t_ads: 24.3, t_des: 25.2, bed_util_ads: 0.482, bed_util_des: 0.482, des_th: 0.48169435661985566,frac_lost: 0.105, li_recovered:  8.688, time: 0.005543287999898894
L: 6.55, u_super: 0.00700 — INFEASIBLE (li_recovered=0.000e+00), time: 0.002557758998591453
L: 0.50, u_super: 0.00972, sec: 564.813, prod: 0.220590, t_ads: 20.1, t_des: 18.2, bed_util_ads: 0.500, bed_util_des: 0.500, des_th: 0.49955315678275264,frac_lost: 0.103, li_recovered:  8.441, time: 0.007182940000348026
L: 0.50, u_super: 0.00600, sec: 349.315, prod: 0.129558, t_ads: 32.3, t_des: 34.5, bed_util_ads: 0.478, bed_util_des: 0.477, des_th: 0.4773104458595083,frac_lost: 0.101, li_recovered:  8.664, time: 0.005093798999951105
L: 58.99, u_super: 0.00797 — INFEASIBLE (li_recovered=0.000e+00), time: 0.0023737869996693917
L: 43.38, u_super: 0.00706 — INFEASIBLE (li_recovered=0.000e+00), time: 0.000974349999523838
L: 0.50, u_super: 0.00301, sec: 163.221, prod: 0.067141, t_ads: 64.0, t_des: 61.9, bed_util_ads: 0.488, bed_util_des: 0.487, des_th: 0.4874261280252029,frac_lost: 0.102, li_recovered:  8.454, time: 0.005605284999546711
L: 0.50, u_super: 0.00619, sec: 349.043, prod: 0.138524, t_ads: 31.3, t_des: 30.8, bed_util_ads: 0.488, bed_util_des: 0.488, des_th: 0.4878328233052786,frac_lost: 0.101, li_recovered:  8.605, time: 0.008113085999866598
L: 0.50, u_super: 0.00706, sec: 397.893, prod: 0.159478, t_ads: 27.7, t_des: 25.1, bed_util_ads: 0.499, bed_util_des: 0.499, des_th: 0.4988912441445074,frac_lost: 0.107, li_recovered:  8.428, time: 0.006098207999457372
L: 103.37, u_super: 0.00803 — INFEASIBLE (li_recovered=0.000e+00), time: 0.0014636750001955079
L: 0.50, u_super: 0.00468, sec: 256.749, prod: 0.105403, t_ads: 41.5, t_des: 37.0, bed_util_ads: 0.500, bed_util_des: 0.500, des_th: 0.4999193363590364,frac_lost: 0.104, li_recovered:  8.278, time: 0.00588305000019318
L: 0.50, u_super: 0.00897, sec: 516.995, prod: 0.203074, t_ads: 21.8, t_des: 19.5, bed_util_ads: 0.500, bed_util_des: 0.500, des_th: 0.4998223653084054,frac_lost: 0.105, li_recovered:  8.393, time: 0.00513489200056938
L: 3.37, u_super: 0.00628 — INFEASIBLE (li_recovered=0.000e+00), time: 0.003818459999820334
L: 0.50, u_super: 0.00101, sec: 58.650, prod: 0.020535, t_ads: 187.6, t_des: 212.2, bed_util_ads: 0.456, bed_util_des: 0.453, des_th: 0.4531715033635981,frac_lost: 0.105, li_recovered:  8.209, time: 0.006812239000282716
L: 0.50, u_super: 0.00266, sec: 144.323, prod: 0.058936, t_ads: 72.4, t_des: 62.8, bed_util_ads: 0.500, bed_util_des: 0.500, des_th: 0.49983841841011456,frac_lost: 0.103, li_recovered:  7.969, time: 0.007083393000357319
L: 0.50, u_super: 0.00117, sec: 63.899, prod: 0.025120, t_ads: 162.2, t_des: 142.3, bed_util_ads: 0.490, bed_util_des: 0.490, des_th: 0.4899327390477972,frac_lost: 0.105, li_recovered:  7.651, time: 0.00578733799920883
L: 36.40, u_super: 0.00416 — INFEASIBLE (li_recovered=0.000e+00), time: 0.00156875900029263
L: 0.50, u_super: 0.00128, sec: 68.988, prod: 0.027767, t_ads: 148.6, t_des: 134.7, bed_util_ads: 0.488, bed_util_des: 0.487, des_th: 0.4872019386849915,frac_lost: 0.102, li_recovered:  7.866, time: 0.005436817998997867
L: 0.50, u_super: 0.00645, sec: 360.152, prod: 0.146161, t_ads: 30.0, t_des: 27.2, bed_util_ads: 0.499, bed_util_des: 0.499, des_th: 0.49925677087166864,frac_lost: 0.101, li_recovered:  8.366, time: 0.005643746999339783
L: 0.50, u_super: 0.00928, sec: 538.914, prod: 0.209722, t_ads: 21.1, t_des: 19.8, bed_util_ads: 0.495, bed_util_des: 0.495, des_th: 0.49507783658690063,frac_lost: 0.106, li_recovered:  8.567, time: 0.005163476998859551
L: 0.50, u_super: 0.00851, sec: 488.317, prod: 0.192581, t_ads: 23.0, t_des: 20.6, bed_util_ads: 0.500, bed_util_des: 0.500, des_th: 0.4998223653084054,frac_lost: 0.107, li_recovered:  8.392, time: 0.005263020000711549
L: 0.50, u_super: 0.00856, sec: 491.053, prod: 0.193897, t_ads: 22.8, t_des: 20.7, bed_util_ads: 0.498, bed_util_des: 0.498, des_th: 0.49825754840502595,frac_lost: 0.106, li_recovered:  8.446, time: 0.006133812001280603
L: 0.50, u_super: 0.00842, sec: 568.352, prod: 0.161784, t_ads: 23.1, t_des: 30.7, bed_util_ads: 0.451, bed_util_des: 0.451, des_th: 0.45078149100231224,frac_lost: 0.102, li_recovered:  8.711, time: 0.007594336000693147
L: 0.50, u_super: 0.00011 — INFEASIBLE (li_recovered=0.000e+00), time: 0.0020037760004925076
L: 0.50, u_super: 0.00382, sec: 207.680, prod: 0.085786, t_ads: 50.6, t_des: 45.0, bed_util_ads: 0.499, bed_util_des: 0.499, des_th: 0.49908237744614137,frac_lost: 0.101, li_recovered:  8.196, time: 0.00733133399990038
L: 0.50, u_super: 0.00490, sec: 275.721, prod: 0.107970, t_ads: 39.6, t_des: 40.2, bed_util_ads: 0.483, bed_util_des: 0.483, des_th: 0.4830460867151437,frac_lost: 0.103, li_recovered:  8.618, time: 0.008136221000313526
L: 0.50, u_super: 0.00224, sec: 120.558, prod: 0.049722, t_ads: 86.2, t_des: 77.6, bed_util_ads: 0.495, bed_util_des: 0.495, des_th: 0.4948126003011652,frac_lost: 0.106, li_recovered:  8.146, time: 0.006299906001004274
L: 0.50, u_super: 0.00990, sec: 576.515, prod: 0.224534, t_ads: 19.7, t_des: 17.7, bed_util_ads: 0.500, bed_util_des: 0.500, des_th: 0.4997275809196764,frac_lost: 0.103, li_recovered:  8.395, time: 0.005958576999546494
L: 0.50, u_super: 0.00230, sec: 124.856, prod: 0.050445, t_ads: 84.2, t_des: 72.2, bed_util_ads: 0.500, bed_util_des: 0.500, des_th: 0.4999842723948503,frac_lost: 0.107, li_recovered:  7.890, time: 0.007083583999701659
L: 0.50, u_super: 0.00362, sec: 196.828, prod: 0.081185, t_ads: 53.7, t_des: 47.9, bed_util_ads: 0.498, bed_util_des: 0.497, des_th: 0.4974568167261651,frac_lost: 0.106, li_recovered:  8.248, time: 0.007623395000337041
L: 11.69, u_super: 0.00018 — INFEASIBLE (li_recovered=0.000e+00), time: 0.0012925239989272086
L: 0.50, u_super: 0.00761, sec: 430.715, prod: 0.172770, t_ads: 25.5, t_des: 23.3, bed_util_ads: 0.498, bed_util_des: 0.498, des_th: 0.49759864298186435,frac_lost: 0.100, li_recovered:  8.436, time: 0.00711765599953651
L: 0.50, u_super: 0.00044 — INFEASIBLE (li_recovered=0.000e+00), time: 0.0032611870010441635
L: 5.68, u_super: 0.00136 — INFEASIBLE (li_recovered=0.000e+00), time: 0.002270607999889762
L: 0.50, u_super: 0.00841, sec: 482.235, prod: 0.190359, t_ads: 23.3, t_des: 21.1, bed_util_ads: 0.499, bed_util_des: 0.499, des_th: 0.4988972811934752,frac_lost: 0.107, li_recovered:  8.440, time: 0.006806978999520652
L: 0.50, u_super: 0.00076 — INFEASIBLE (li_recovered=0.000e+00), time: 0.0034031289997074055
L: 0.50, u_super: 0.00972, sec: 586.103, prod: 0.212743, t_ads: 20.0, t_des: 20.8, bed_util_ads: 0.483, bed_util_des: 0.482, des_th: 0.4824439920332362,frac_lost: 0.103, li_recovered:  8.699, time: 0.006972759001655504
   102 |     4080 |     40 |  0.0042863909 |             f
L: 0.50, u_super: 0.00738, sec: 417.814, prod: 0.166846, t_ads: 26.5, t_des: 24.0, bed_util_ads: 0.500, bed_util_des: 0.499, des_th: 0.4994118260824947,frac_lost: 0.107, li_recovered:  8.435, time: 0.004748622999613872
L: 0.50, u_super: 0.00300, sec: 162.307, prod: 0.066820, t_ads: 64.4, t_des: 62.1, bed_util_ads: 0.488, bed_util_des: 0.487, des_th: 0.4874261280252029,frac_lost: 0.102, li_recovered:  8.447, time: 0.00440326599891705
L: 0.50, u_super: 0.00218, sec: 119.930, prod: 0.047389, t_ads: 88.4, t_des: 90.2, bed_util_ads: 0.479, bed_util_des: 0.478, des_th: 0.47764367363681914,frac_lost: 0.104, li_recovered:  8.463, time: 0.005850176999956602
L: 0.50, u_super: 0.00516, sec: 284.579, prod: 0.116466, t_ads: 37.6, t_des: 33.6, bed_util_ads: 0.500, bed_util_des: 0.500, des_th: 0.49998634782734475,frac_lost: 0.103, li_recovered:  8.289, time: 0.004275296998457634
L: 0.50, u_super: 0.00803, sec: 458.457, prod: 0.181268, t_ads: 24.4, t_des: 22.7, bed_util_ads: 0.495, bed_util_des: 0.495, des_th: 0.4950154117157703,frac_lost: 0.107, li_recovered:  8.531, time: 0.004666921000534785
L: 0.50, u_super: 0.00067, sec: 37.445, prod: 0.013894, t_ads: 278.6, t_des: 279.7, bed_util_ads: 0.463, bed_util_des: 0.460, des_th: 0.46017224128331713,frac_lost: 0.106, li_recovered:  7.756, time: 0.003724616000909009
L: 0.50, u_super: 0.00821, sec: 542.445, prod: 0.160543, t_ads: 23.8, t_des: 30.5, bed_util_ads: 0.455, bed_util_des: 0.454, des_th: 0.4543496571571453,frac_lost: 0.103, li_recovered:  8.708, time: 0.007288359998710803
L: 0.50, u_super: 0.00662, sec: 372.230, prod: 0.149216, t_ads: 29.6, t_des: 27.4, bed_util_ads: 0.496, bed_util_des: 0.495, des_th: 0.49547938962977317,frac_lost: 0.109, li_recovered:  8.508, time: 0.007236719999127672
L: 0.50, u_super: 0.00581, sec: 322.116, prod: 0.131162, t_ads: 33.5, t_des: 30.0, bed_util_ads: 0.499, bed_util_des: 0.499, des_th: 0.49910392056782565,frac_lost: 0.103, li_recovered:  8.324, time: 0.0055980359993554885
L: 0.50, u_super: 0.00541, sec: 302.526, prod: 0.120673, t_ads: 35.9, t_des: 35.3, bed_util_ads: 0.488, bed_util_des: 0.487, des_th: 0.4874261280252029,frac_lost: 0.102, li_recovered:  8.596, time: 0.004373746000055689
L: 16.55, u_super: 0.00590 — INFEASIBLE (li_recovered=0.000e+00), time: 0.0023515789998782566
L: 0.50, u_super: 0.00699, sec: 394.441, prod: 0.157910, t_ads: 28.0, t_des: 25.4, bed_util_ads: 0.499, bed_util_des: 0.499, des_th: 0.4990828414446339,frac_lost: 0.109, li_recovered:  8.441, time: 0.005003509999369271
L: 0.50, u_super: 0.00856, sec: 491.174, prod: 0.193706, t_ads: 22.8, t_des: 21.0, bed_util_ads: 0.498, bed_util_des: 0.497, des_th: 0.4974689638150341,frac_lost: 0.106, li_recovered:  8.493, time: 0.004649750000680797
L: 0.50, u_super: 0.00178, sec: 96.797, prod: 0.038934, t_ads: 108.4, t_des: 106.0, bed_util_ads: 0.482, bed_util_des: 0.481, des_th: 0.48058803514992415,frac_lost: 0.109, li_recovered:  8.347, time: 0.00489161800032889
L: 0.50, u_super: 0.00289, sec: 156.760, prod: 0.064104, t_ads: 66.8, t_des: 57.9, bed_util_ads: 0.500, bed_util_des: 0.500, des_th: 0.49998599705370866,frac_lost: 0.103, li_recovered:  7.999, time: 0.0036695689996122383
L: 0.50, u_super: 0.00412, sec: 224.853, prod: 0.092545, t_ads: 47.2, t_des: 42.1, bed_util_ads: 0.500, bed_util_des: 0.499, des_th: 0.4994943963202142,frac_lost: 0.106, li_recovered:  8.268, time: 0.003928312000425649
L: 0.50, u_super: 0.00990, sec: 576.808, prod: 0.224439, t_ads: 19.7, t_des: 17.9, bed_util_ads: 0.500, bed_util_des: 0.500, des_th: 0.4997275809196764,frac_lost: 0.105, li_recovered:  8.454, time: 0.003935505999834277
L: 0.50, u_super: 0.00650, sec: 363.348, prod: 0.147069, t_ads: 29.9, t_des: 27.7, bed_util_ads: 0.495, bed_util_des: 0.495, des_th: 0.49488034350827387,frac_lost: 0.102, li_recovered:  8.472, time: 0.00437928100109275
L: 0.50, u_super: 0.00252, sec: 135.155, prod: 0.056134, t_ads: 76.6, t_des: 70.7, bed_util_ads: 0.492, bed_util_des: 0.492, des_th: 0.4919411258586351,frac_lost: 0.103, li_recovered:  8.272, time: 0.0046110229995974805
L: 0.50, u_super: 0.00329, sec: 178.414, prod: 0.073519, t_ads: 58.6, t_des: 51.5, bed_util_ads: 0.500, bed_util_des: 0.500, des_th: 0.4999841619095465,frac_lost: 0.101, li_recovered:  8.093, time: 0.00382010899920715
L: 0.50, u_super: 0.00422, sec: 231.471, prod: 0.094595, t_ads: 46.2, t_des: 43.6, bed_util_ads: 0.492, bed_util_des: 0.491, des_th: 0.49142240352403405,frac_lost: 0.107, li_recovered:  8.494, time: 0.005015806000301382
L: 0.50, u_super: 0.00419, sec: 229.686, prod: 0.093787, t_ads: 46.4, t_des: 44.3, bed_util_ads: 0.491, bed_util_des: 0.490, des_th: 0.49040150697166957,frac_lost: 0.105, li_recovered:  8.510, time: 0.005029721000028076
L: 0.50, u_super: 0.00895, sec: 636.206, prod: 0.164470, t_ads: 21.8, t_des: 31.2, bed_util_ads: 0.441, bed_util_des: 0.441, des_th: 0.44055229744698177,frac_lost: 0.102, li_recovered:  8.717, time: 0.0048557779991824646
L: 0.50, u_super: 0.00650, sec: 362.938, prod: 0.147227, t_ads: 29.8, t_des: 27.7, bed_util_ads: 0.495, bed_util_des: 0.495, des_th: 0.49488034350827387,frac_lost: 0.100, li_recovered:  8.462, time: 0.005888100000447594
L: 0.50, u_super: 0.00018, sec: 12.612, prod: 0.003054, t_ads: 856.5, t_des: 1008.6, bed_util_ads: 0.382, bed_util_des: 0.372, des_th: 0.37218880290684014,frac_lost: 0.100, li_recovered:  5.695, time: 0.004863054000452394
L: 36.96, u_super: 0.00390 — INFEASIBLE (li_recovered=0.000e+00), time: 0.0013950469983683433
L: 0.50, u_super: 0.00457, sec: 250.875, prod: 0.102667, t_ads: 42.7, t_des: 37.9, bed_util_ads: 0.499, bed_util_des: 0.499, des_th: 0.49907502911406715,frac_lost: 0.108, li_recovered:  8.278, time: 0.006213229000422871
L: 0.50, u_super: 0.00175, sec: 93.686, prod: 0.038569, t_ads: 109.4, t_des: 100.7, bed_util_ads: 0.489, bed_util_des: 0.488, des_th: 0.4883414036448312,frac_lost: 0.102, li_recovered:  8.104, time: 0.003932060999431997
L: 27.52, u_super: 0.00125 — INFEASIBLE (li_recovered=0.000e+00), time: 0.0009945139991032192
L: 0.50, u_super: 0.00803, sec: 458.173, prod: 0.181373, t_ads: 24.4, t_des: 22.4, bed_util_ads: 0.497, bed_util_des: 0.497, des_th: 0.49734716503592,frac_lost: 0.108, li_recovered:  8.486, time: 0.004378129999167868
L: 0.50, u_super: 0.00388, sec: 211.544, prod: 0.087070, t_ads: 50.1, t_des: 44.7, bed_util_ads: 0.499, bed_util_des: 0.499, des_th: 0.49889078014601485,frac_lost: 0.107, li_recovered:  8.255, time: 0.003991194000263931
L: 0.50, u_super: 0.00781, sec: 443.336, prod: 0.176966, t_ads: 24.9, t_des: 22.3, bed_util_ads: 0.500, bed_util_des: 0.500, des_th: 0.4999812166051749,frac_lost: 0.101, li_recovered:  8.339, time: 0.004884460000539548
L: 0.50, u_super: 0.00230, sec: 123.767, prod: 0.051178, t_ads: 83.9, t_des: 78.1, bed_util_ads: 0.490, bed_util_des: 0.490, des_th: 0.4899236538550681,frac_lost: 0.105, li_recovered:  8.288, time: 0.00402361899978132
L: 0.50, u_super: 0.00813, sec: 464.518, prod: 0.183707, t_ads: 24.1, t_des: 21.8, bed_util_ads: 0.499, bed_util_des: 0.499, des_th: 0.4988972811934752,frac_lost: 0.109, li_recovered:  8.436, time: 0.005714770000849967
L: 2.09, u_super: 0.00243 — INFEASIBLE (li_recovered=0.000e+00), time: 0.0020281399993109517
L: 0.50, u_super: 0.00917, sec: 530.951, prod: 0.207382, t_ads: 21.3, t_des: 20.0, bed_util_ads: 0.495, bed_util_des: 0.495, des_th: 0.4950746715185964,frac_lost: 0.105, li_recovered:  8.555, time: 0.004881639999439358
L: 0.50, u_super: 0.00336, sec: 182.335, prod: 0.075118, t_ads: 57.4, t_des: 50.5, bed_util_ads: 0.499, bed_util_des: 0.499, des_th: 0.4988622141383509,frac_lost: 0.101, li_recovered:  8.102, time: 0.00476130899915006
L: 0.50, u_super: 0.00844, sec: 484.316, prod: 0.190787, t_ads: 23.2, t_des: 21.6, bed_util_ads: 0.495, bed_util_des: 0.495, des_th: 0.49527595899620924,frac_lost: 0.106, li_recovered:  8.533, time: 0.0038987060015642783
L: 0.50, u_super: 0.00650, sec: 364.758, prod: 0.146499, t_ads: 30.1, t_des: 28.0, bed_util_ads: 0.495, bed_util_des: 0.495, des_th: 0.4947653857169886,frac_lost: 0.108, li_recovered:  8.511, time: 0.004826222000701819
L: 0.50, u_super: 0.00841, sec: 482.494, prod: 0.190247, t_ads: 23.3, t_des: 20.9, bed_util_ads: 0.500, bed_util_des: 0.500, des_th: 0.49999506797592663,frac_lost: 0.108, li_recovered:  8.399, time: 0.004241994000039995
   103 |     4120 |     40 |  0.0041388176 |             f
L: 0.50, u_super: 0.00016 — INFEASIBLE (li_recovered=0.000e+00), time: 0.0012814729998353869
L: 0.50, u_super: 0.00767, sec: 435.548, prod: 0.173294, t_ads: 25.5, t_des: 23.1, bed_util_ads: 0.499, bed_util_des: 0.499, des_th: 0.4990783584744452,frac_lost: 0.108, li_recovered:  8.434, time: 0.0050093659992853645
L: 8.09, u_super: 0.00148 — INFEASIBLE (li_recovered=0.000e+00), time: 0.0009561170008964837
L: 0.50, u_super: 0.00863, sec: 495.541, prod: 0.195495, t_ads: 22.6, t_des: 20.6, bed_util_ads: 0.499, bed_util_des: 0.499, des_th: 0.4990828414446339,frac_lost: 0.106, li_recovered:  8.445, time: 0.004079915999682271
L: 52.58, u_super: 0.00990 — INFEASIBLE (li_recovered=0.000e+00), time: 0.001030628000080469
L: 0.50, u_super: 0.00032 — INFEASIBLE (li_recovered=0.000e+00), time: 0.0018739600000117207
L: 6.48, u_super: 0.00490 — INFEASIBLE (li_recovered=0.000e+00), time: 0.0023938750000525033
L: 0.50, u_super: 0.00565, sec: 312.751, prod: 0.127730, t_ads: 34.3, t_des: 30.8, bed_util_ads: 0.500, bed_util_des: 0.500, des_th: 0.49982406061576456,frac_lost: 0.101, li_recovered:  8.309, time: 0.004328643999542692
L: 0.50, u_super: 0.00454, sec: 248.730, prod: 0.101905, t_ads: 43.0, t_des: 38.3, bed_util_ads: 0.499, bed_util_des: 0.499, des_th: 0.4990598476172017,frac_lost: 0.107, li_recovered:  8.286, time: 0.003408796999792685
L: 5.07, u_super: 0.00723, sec: 4554.025, prod: 0.148513, t_ads: 260.5, t_des: 279.4, bed_util_ads: 0.455, bed_util_des: 0.452, des_th: 0.45205484285219577,frac_lost: 0.101, li_recovered:  80.178, time: 0.005028641000535572
L: 0.50, u_super: 0.00388, sec: 211.386, prod: 0.087136, t_ads: 50.1, t_des: 44.7, bed_util_ads: 0.499, bed_util_des: 0.499, des_th: 0.49928392498682883,frac_lost: 0.106, li_recovered:  8.256, time: 0.0036427539998840075
L: 0.50, u_super: 0.00736, sec: 417.431, prod: 0.166107, t_ads: 26.6, t_des: 24.7, bed_util_ads: 0.496, bed_util_des: 0.496, des_th: 0.4958998225862681,frac_lost: 0.108, li_recovered:  8.524, time: 0.0040949160011223285
L: 0.50, u_super: 0.00477, sec: 457.299, prod: 0.061424, t_ads: 41.1, t_des: 100.7, bed_util_ads: 0.375, bed_util_des: 0.372, des_th: 0.37218880290684014,frac_lost: 0.106, li_recovered:  8.709, time: 0.007636832000571303
L: 0.50, u_super: 0.00792, sec: 450.185, prod: 0.179506, t_ads: 24.5, t_des: 21.9, bed_util_ads: 0.500, bed_util_des: 0.500, des_th: 0.4999812166051749,frac_lost: 0.101, li_recovered:  8.339, time: 0.005082165000203531
L: 101.72, u_super: 0.00123 — INFEASIBLE (li_recovered=0.000e+00), time: 0.0010497389994270634
L: 0.50, u_super: 0.00293, sec: 158.501, prod: 0.065243, t_ads: 65.9, t_des: 63.5, bed_util_ads: 0.488, bed_util_des: 0.487, des_th: 0.48748202364088733,frac_lost: 0.102, li_recovered:  8.443, time: 0.0041770490006456384
L: 0.50, u_super: 0.00834, sec: 480.906, prod: 0.187232, t_ads: 23.5, t_des: 22.5, bed_util_ads: 0.491, bed_util_des: 0.491, des_th: 0.4911294243522951,frac_lost: 0.106, li_recovered:  8.612, time: 0.0037770309991174145
L: 0.50, u_super: 0.00794, sec: 451.370, prod: 0.180210, t_ads: 24.5, t_des: 22.4, bed_util_ads: 0.498, bed_util_des: 0.498, des_th: 0.49759864298186435,frac_lost: 0.101, li_recovered:  8.436, time: 0.0036777099994651508
L: 19.57, u_super: 0.00766 — INFEASIBLE (li_recovered=0.000e+00), time: 0.0015236149993143044
L: 0.50, u_super: 0.00148, sec: 79.842, prod: 0.032418, t_ads: 129.4, t_des: 117.4, bed_util_ads: 0.490, bed_util_des: 0.489, des_th: 0.48956918025203583,frac_lost: 0.107, li_recovered:  7.999, time: 0.0037639150014001643
L: 0.50, u_super: 0.00677, sec: 675.833, prod: 0.086208, t_ads: 28.7, t_des: 72.5, bed_util_ads: 0.372, bed_util_des: 0.371, des_th: 0.3707193208286747,frac_lost: 0.101, li_recovered:  8.724, time: 0.008475148999423254
L: 2.09, u_super: 0.00355 — INFEASIBLE (li_recovered=0.000e+00), time: 0.0023797430003469344
L: 0.50, u_super: 0.00128, sec: 70.188, prod: 0.027292, t_ads: 148.7, t_des: 126.7, bed_util_ads: 0.496, bed_util_des: 0.496, des_th: 0.4958652881705462,frac_lost: 0.104, li_recovered:  7.518, time: 0.004081642999153701
L: 0.50, u_super: 0.00654, sec: 365.794, prod: 0.147811, t_ads: 29.7, t_des: 27.8, bed_util_ads: 0.495, bed_util_des: 0.495, des_th: 0.49488034350827387,frac_lost: 0.102, li_recovered:  8.501, time: 0.005596675999186118
L: 0.50, u_super: 0.00913, sec: 527.803, prod: 0.206802, t_ads: 21.4, t_des: 19.2, bed_util_ads: 0.500, bed_util_des: 0.500, des_th: 0.4998223653084054,frac_lost: 0.106, li_recovered:  8.401, time: 0.004545224999674247
L: 2.00, u_super: 0.00948, sec: 2254.967, prod: 0.209374, t_ads: 81.3, t_des: 70.4, bed_util_ads: 0.500, bed_util_des: 0.500, des_th: 0.49978623595318095,frac_lost: 0.105, li_recovered:  31.764, time: 0.005600010999842198
L: 0.50, u_super: 0.00621, sec: 345.725, prod: 0.140531, t_ads: 31.2, t_des: 28.2, bed_util_ads: 0.498, bed_util_des: 0.498, des_th: 0.4981593776041627,frac_lost: 0.101, li_recovered:  8.360, time: 0.004748531999211991
L: 0.50, u_super: 0.00954, sec: 553.965, prod: 0.215874, t_ads: 20.6, t_des: 18.6, bed_util_ads: 0.500, bed_util_des: 0.500, des_th: 0.49976303103064446,frac_lost: 0.108, li_recovered:  8.447, time: 0.004711891000624746
L: 0.50, u_super: 0.00539, sec: 316.558, prod: 0.114491, t_ads: 36.0, t_des: 39.7, bed_util_ads: 0.473, bed_util_des: 0.473, des_th: 0.4727874306682726,frac_lost: 0.101, li_recovered:  8.658, time: 0.006744967000486213
L: 0.50, u_super: 0.00038 — INFEASIBLE (li_recovered=0.000e+00), time: 0.0028665720001299633
L: 0.50, u_super: 0.00207, sec: 113.619, prod: 0.044998, t_ads: 93.3, t_des: 94.3, bed_util_ads: 0.479, bed_util_des: 0.478, des_th: 0.47764367363681914,frac_lost: 0.107, li_recovered:  8.441, time: 0.005280691000734805
L: 0.50, u_super: 0.00975, sec: 571.667, prod: 0.219460, t_ads: 20.0, t_des: 19.3, bed_util_ads: 0.492, bed_util_des: 0.491, des_th: 0.4914594845759309,frac_lost: 0.104, li_recovered:  8.621, time: 0.00504712399924756
L: 0.50, u_super: 0.00104, sec: 60.317, prod: 0.021183, t_ads: 182.0, t_des: 206.0, bed_util_ads: 0.456, bed_util_des: 0.453, des_th: 0.4531715033635981,frac_lost: 0.104, li_recovered:  8.220, time: 0.005812540999613702
L: 0.50, u_super: 0.00650, sec: 363.072, prod: 0.147181, t_ads: 29.8, t_des: 27.7, bed_util_ads: 0.495, bed_util_des: 0.495, des_th: 0.4950799729533515,frac_lost: 0.101, li_recovered:  8.464, time: 0.00570614500065858
L: 0.50, u_super: 0.00715, sec: 424.883, prod: 0.153399, t_ads: 27.4, t_des: 29.3, bed_util_ads: 0.478, bed_util_des: 0.478, des_th: 0.4777293625706368,frac_lost: 0.107, li_recovered:  8.690, time: 0.004426370000146562
L: 0.50, u_super: 0.00096, sec: 53.596, prod: 0.020284, t_ads: 195.0, t_des: 167.5, bed_util_ads: 0.490, bed_util_des: 0.490, des_th: 0.4899236538550681,frac_lost: 0.104, li_recovered:  7.354, time: 0.004134090000661672
L: 25.86, u_super: 0.00457 — INFEASIBLE (li_recovered=0.000e+00), time: 0.001726611999401939
L: 0.50, u_super: 0.00724, sec: 408.959, prod: 0.163806, t_ads: 26.8, t_des: 25.3, bed_util_ads: 0.493, bed_util_des: 0.493, des_th: 0.49328922998113206,frac_lost: 0.100, li_recovered:  8.538, time: 0.0050277010013815016
L: 0.50, u_super: 0.00565, sec: 312.865, prod: 0.127683, t_ads: 34.3, t_des: 30.7, bed_util_ads: 0.500, bed_util_des: 0.500, des_th: 0.4998071965437032,frac_lost: 0.101, li_recovered:  8.301, time: 0.004691121001087595
L: 0.50, u_super: 0.00490, sec: 269.633, prod: 0.110414, t_ads: 39.7, t_des: 35.4, bed_util_ads: 0.499, bed_util_des: 0.499, des_th: 0.4989976190546638,frac_lost: 0.104, li_recovered:  8.286, time: 0.006133175000286428
   104 |     4160 |     40 |  0.0018312882 |             f
L: 0.50, u_super: 0.00699, sec: 449.339, prod: 0.138617, t_ads: 27.9, t_des: 34.8, bed_util_ads: 0.458, bed_util_des: 0.458, des_th: 0.45763052663083637,frac_lost: 0.104, li_recovered:  8.697, time: 0.007291690000784001
L: 0.50, u_super: 0.00593, sec: 453.756, prod: 0.097136, t_ads: 33.0, t_des: 56.6, bed_util_ads: 0.418, bed_util_des: 0.417, des_th: 0.4171137984637854,frac_lost: 0.106, li_recovered:  8.703, time: 0.00746435300061421
L: 0.50, u_super: 0.00954, sec: 553.273, prod: 0.216145, t_ads: 20.5, t_des: 18.4, bed_util_ads: 0.500, bed_util_des: 0.500, des_th: 0.4997637174507423,frac_lost: 0.105, li_recovered:  8.398, time: 0.0051038319998042425
L: 0.50, u_super: 0.00650, sec: 365.365, prod: 0.146249, t_ads: 30.1, t_des: 28.3, bed_util_ads: 0.495, bed_util_des: 0.495, des_th: 0.49463091130339315,frac_lost: 0.108, li_recovered:  8.543, time: 0.005192304000956938
L: 0.50, u_super: 0.00018, sec: 12.682, prod: 0.003037, t_ads: 844.2, t_des: 972.8, bed_util_ads: 0.385, bed_util_des: 0.376, des_th: 0.3767105494574441,frac_lost: 0.100, li_recovered:  5.518, time: 0.005274494000332197
L: 0.50, u_super: 0.00811, sec: 463.045, prod: 0.183378, t_ads: 24.1, t_des: 21.6, bed_util_ads: 0.500, bed_util_des: 0.500, des_th: 0.4998223653084054,frac_lost: 0.107, li_recovered:  8.382, time: 0.0050783599999704165
L: 0.50, u_super: 0.00901, sec: 519.729, prod: 0.204015, t_ads: 21.7, t_des: 19.7, bed_util_ads: 0.500, bed_util_des: 0.500, des_th: 0.4995762811877898,frac_lost: 0.106, li_recovered:  8.452, time: 0.006487609000032535
L: 22.20, u_super: 0.00362 — INFEASIBLE (li_recovered=0.000e+00), time: 0.0010024789989984129
L: 0.50, u_super: 0.00975, sec: 567.389, prod: 0.221115, t_ads: 20.0, t_des: 18.0, bed_util_ads: 0.500, bed_util_des: 0.500, des_th: 0.49989026624454946,frac_lost: 0.105, li_recovered:  8.401, time: 0.004561767998893629
L: 0.50, u_super: 0.00900, sec: 519.118, prod: 0.203918, t_ads: 21.7, t_des: 19.5, bed_util_ads: 0.500, bed_util_des: 0.500, des_th: 0.4999841619095465,frac_lost: 0.105, li_recovered:  8.404, time: 0.0067562080002971925
L: 0.50, u_super: 0.00724, sec: 408.020, prod: 0.164183, t_ads: 26.8, t_des: 24.5, bed_util_ads: 0.498, bed_util_des: 0.498, des_th: 0.49825754840502595,frac_lost: 0.101, li_recovered:  8.425, time: 0.00459261499963759
L: 9.79, u_super: 0.00567 — INFEASIBLE (li_recovered=0.000e+00), time: 0.0025691870014270535
L: 0.50, u_super: 0.00283, sec: 260.040, prod: 0.037030, t_ads: 69.3, t_des: 164.7, bed_util_ads: 0.376, bed_util_des: 0.372, des_th: 0.37218880290684014,frac_lost: 0.109, li_recovered:  8.666, time: 0.009076399999685236
L: 0.50, u_super: 0.00306, sec: 166.144, prod: 0.068273, t_ads: 63.5, t_des: 59.9, bed_util_ads: 0.490, bed_util_des: 0.490, des_th: 0.4899136696307301,frac_lost: 0.108, li_recovered:  8.429, time: 0.0053204480009299004
L: 0.50, u_super: 0.00503, sec: 276.792, prod: 0.113422, t_ads: 38.6, t_des: 34.5, bed_util_ads: 0.499, bed_util_des: 0.499, des_th: 0.4991779646534151,frac_lost: 0.103, li_recovered:  8.283, time: 0.005691619999197428
L: 0.50, u_super: 0.00597, sec: 331.410, prod: 0.134912, t_ads: 32.5, t_des: 29.2, bed_util_ads: 0.500, bed_util_des: 0.500, des_th: 0.4999938791134551,frac_lost: 0.101, li_recovered:  8.322, time: 0.004058721999172121
L: 0.50, u_super: 0.00135, sec: 77.329, prod: 0.027681, t_ads: 142.4, t_des: 159.1, bed_util_ads: 0.463, bed_util_des: 0.460, des_th: 0.46024889317775364,frac_lost: 0.107, li_recovered:  8.345, time: 0.00490252499912458
L: 3.44, u_super: 0.00456 — INFEASIBLE (li_recovered=0.000e+00), time: 0.0023852279991842806
L: 0.50, u_super: 0.00642, sec: 358.827, prod: 0.145363, t_ads: 30.2, t_des: 27.0, bed_util_ads: 0.500, bed_util_des: 0.500, des_th: 0.49971284257977155,frac_lost: 0.101, li_recovered:  8.321, time: 0.005717964000723441
L: 0.50, u_super: 0.00218, sec: 119.943, prod: 0.047385, t_ads: 88.4, t_des: 90.2, bed_util_ads: 0.479, bed_util_des: 0.478, des_th: 0.47764367363681914,frac_lost: 0.105, li_recovered:  8.463, time: 0.004095840000445605
L: 0.50, u_super: 0.00265, sec: 143.019, prod: 0.059178, t_ads: 72.5, t_des: 69.3, bed_util_ads: 0.488, bed_util_des: 0.488, des_th: 0.4877314557467488,frac_lost: 0.101, li_recovered:  8.389, time: 0.005671898999935365
L: 25.08, u_super: 0.00990 — INFEASIBLE (li_recovered=0.000e+00), time: 0.0021147600000404054
L: 0.50, u_super: 0.00327, sec: 177.712, prod: 0.073107, t_ads: 58.9, t_des: 51.6, bed_util_ads: 0.500, bed_util_des: 0.500, des_th: 0.4999841619095465,frac_lost: 0.102, li_recovered:  8.081, time: 0.00799860900042404
L: 0.50, u_super: 0.00518, sec: 285.110, prod: 0.116881, t_ads: 37.4, t_des: 33.6, bed_util_ads: 0.499, bed_util_des: 0.499, des_th: 0.4990822989553854,frac_lost: 0.101, li_recovered:  8.299, time: 0.004741111000839737
L: 0.50, u_super: 0.00503, sec: 276.850, prod: 0.113257, t_ads: 38.7, t_des: 34.5, bed_util_ads: 0.500, bed_util_des: 0.500, des_th: 0.49986350676383096,frac_lost: 0.104, li_recovered:  8.285, time: 0.003739140998732182
L: 0.50, u_super: 0.00600, sec: 336.255, prod: 0.134589, t_ads: 32.6, t_des: 31.1, bed_util_ads: 0.492, bed_util_des: 0.492, des_th: 0.49215797799859873,frac_lost: 0.107, li_recovered:  8.568, time: 0.006118957999206032
L: 0.50, u_super: 0.00553, sec: 305.674, prod: 0.124931, t_ads: 35.0, t_des: 31.3, bed_util_ads: 0.499, bed_util_des: 0.499, des_th: 0.4988912441445074,frac_lost: 0.101, li_recovered:  8.291, time: 0.006087382000259822
L: 0.50, u_super: 0.00398, sec: 216.598, prod: 0.089233, t_ads: 48.9, t_des: 43.7, bed_util_ads: 0.499, bed_util_des: 0.499, des_th: 0.4991210503824132,frac_lost: 0.106, li_recovered:  8.264, time: 0.004823491999559337
L: 0.50, u_super: 0.00308, sec: 166.397, prod: 0.068792, t_ads: 62.7, t_des: 55.6, bed_util_ads: 0.498, bed_util_des: 0.497, des_th: 0.4974568167261651,frac_lost: 0.102, li_recovered:  8.140, time: 0.0046570849990530405
L: 0.50, u_super: 0.00439, sec: 240.074, prod: 0.098555, t_ads: 44.4, t_des: 39.6, bed_util_ads: 0.500, bed_util_des: 0.500, des_th: 0.49976301228865344,frac_lost: 0.107, li_recovered:  8.284, time: 0.004907529000774957
L: 12.36, u_super: 0.00888 — INFEASIBLE (li_recovered=0.000e+00), time: 0.002374804000282893
L: 0.50, u_super: 0.00029 — INFEASIBLE (li_recovered=0.000e+00), time: 0.0028134669992141426
L: 0.50, u_super: 0.00983, sec: 576.930, prod: 0.221297, t_ads: 19.9, t_des: 19.1, bed_util_ads: 0.492, bed_util_des: 0.491, des_th: 0.4914694688002689,frac_lost: 0.105, li_recovered:  8.621, time: 0.005659569000272313
L: 0.50, u_super: 0.00181, sec: 102.211, prod: 0.038079, t_ads: 106.8, t_des: 115.0, bed_util_ads: 0.470, bed_util_des: 0.469, des_th: 0.4685907990695358,frac_lost: 0.108, li_recovered:  8.447, time: 0.004809220999959507
L: 18.63, u_super: 0.00666 — INFEASIBLE (li_recovered=0.000e+00), time: 0.0022002429996064166
L: 0.50, u_super: 0.00702, sec: 394.598, prod: 0.159152, t_ads: 27.6, t_des: 24.9, bed_util_ads: 0.499, bed_util_des: 0.499, des_th: 0.4986777840858029,frac_lost: 0.100, li_recovered:  8.363, time: 0.0062318860000232235
L: 0.50, u_super: 0.00990, sec: 576.634, prod: 0.224486, t_ads: 19.7, t_des: 17.9, bed_util_ads: 0.500, bed_util_des: 0.500, des_th: 0.49982898065959175,frac_lost: 0.105, li_recovered:  8.447, time: 0.004190154999378137
L: 0.50, u_super: 0.00265, sec: 142.871, prod: 0.059236, t_ads: 72.7, t_des: 65.5, bed_util_ads: 0.495, bed_util_des: 0.495, des_th: 0.49497225821840307,frac_lost: 0.103, li_recovered:  8.184, time: 0.0049927420004678424
L: 19.40, u_super: 0.00621 — INFEASIBLE (li_recovered=0.000e+00), time: 0.0017925690008269157
L: 0.50, u_super: 0.00169, sec: 92.535, prod: 0.036420, t_ads: 113.3, t_des: 95.4, bed_util_ads: 0.500, bed_util_des: 0.500, des_th: 0.4997637174507423,frac_lost: 0.104, li_recovered:  7.602, time: 0.004440513999725226
   105 |     4200 |     40 |  0.0040017293 |             f
L: 0.50, u_super: 0.00990, sec: 584.833, prod: 0.221332, t_ads: 19.7, t_des: 19.4, bed_util_ads: 0.489, bed_util_des: 0.489, des_th: 0.48873221723002735,frac_lost: 0.104, li_recovered:  8.656, time: 0.004713454000011552
L: 35.43, u_super: 0.00457 — INFEASIBLE (li_recovered=0.000e+00), time: 0.0017242630001419457
L: 0.50, u_super: 0.00775, sec: 440.692, prod: 0.175298, t_ads: 25.2, t_des: 22.9, bed_util_ads: 0.499, bed_util_des: 0.499, des_th: 0.4992106185492271,frac_lost: 0.107, li_recovered:  8.436, time: 0.005986010999549762
L: 0.50, u_super: 0.00962, sec: 558.896, prod: 0.217859, t_ads: 20.4, t_des: 18.5, bed_util_ads: 0.499, bed_util_des: 0.499, des_th: 0.4988972811934752,frac_lost: 0.106, li_recovered:  8.454, time: 0.003963375000239466
L: 0.50, u_super: 0.00619, sec: 344.521, prod: 0.140158, t_ads: 31.3, t_des: 29.0, bed_util_ads: 0.495, bed_util_des: 0.495, des_th: 0.49497225821840307,frac_lost: 0.100, li_recovered:  8.459, time: 0.004489475000809762
L: 0.50, u_super: 0.00096 — INFEASIBLE (li_recovered=0.000e+00), time: 0.0027010089997929754
L: 20.66, u_super: 0.00149 — INFEASIBLE (li_recovered=0.000e+00), time: 0.0011549639984878013
L: 74.41, u_super: 0.00305 — INFEASIBLE (li_recovered=0.000e+00), time: 0.000791440999819315
L: 0.50, u_super: 0.00867, sec: 498.737, prod: 0.196242, t_ads: 22.6, t_des: 20.5, bed_util_ads: 0.499, bed_util_des: 0.499, des_th: 0.4991210503824132,frac_lost: 0.108, li_recovered:  8.448, time: 0.004752474000270013
L: 9.59, u_super: 0.00015 — INFEASIBLE (li_recovered=0.000e+00), time: 0.000699227999575669
L: 0.50, u_super: 0.00663, sec: 370.779, prod: 0.150254, t_ads: 29.2, t_des: 26.4, bed_util_ads: 0.499, bed_util_des: 0.499, des_th: 0.49885460863633296,frac_lost: 0.100, li_recovered:  8.364, time: 0.0061596640007337555
L: 59.01, u_super: 0.00218 — INFEASIBLE (li_recovered=0.000e+00), time: 0.0008411710005020723
L: 0.50, u_super: 0.00190, sec: 103.436, prod: 0.041355, t_ads: 100.9, t_des: 86.0, bed_util_ads: 0.499, bed_util_des: 0.499, des_th: 0.4992639917636241,frac_lost: 0.102, li_recovered:  7.727, time: 0.005530381999051315
L: 0.50, u_super: 0.00384, sec: 236.179, prod: 0.076399, t_ads: 50.5, t_des: 62.4, bed_util_ads: 0.458, bed_util_des: 0.456, des_th: 0.4564720365859306,frac_lost: 0.104, li_recovered:  8.630, time: 0.006217311000000336
L: 0.50, u_super: 0.00439, sec: 240.291, prod: 0.098468, t_ads: 44.3, t_des: 39.1, bed_util_ads: 0.500, bed_util_des: 0.500, des_th: 0.4998861115016563,frac_lost: 0.104, li_recovered:  8.208, time: 0.004453884001122788
L: 0.50, u_super: 0.00597, sec: 331.528, prod: 0.134864, t_ads: 32.6, t_des: 29.8, bed_util_ads: 0.498, bed_util_des: 0.498, des_th: 0.4976348539421492,frac_lost: 0.104, li_recovered:  8.423, time: 0.00490895199982333
L: 0.50, u_super: 0.00990, sec: 576.554, prod: 0.224507, t_ads: 19.7, t_des: 17.7, bed_util_ads: 0.500, bed_util_des: 0.500, des_th: 0.4997677904494326,frac_lost: 0.104, li_recovered:  8.403, time: 0.005768027998783509
L: 0.50, u_super: 0.00637, sec: 358.024, prod: 0.143128, t_ads: 30.4, t_des: 29.5, bed_util_ads: 0.490, bed_util_des: 0.490, des_th: 0.4899236538550681,frac_lost: 0.100, li_recovered:  8.586, time: 0.005063922999397619
L: 0.50, u_super: 0.00724, sec: 409.530, prod: 0.163587, t_ads: 27.0, t_des: 24.3, bed_util_ads: 0.500, bed_util_des: 0.500, des_th: 0.49978892491697335,frac_lost: 0.108, li_recovered:  8.400, time: 0.005613142999209231
L: 0.50, u_super: 0.00811, sec: 462.756, prod: 0.183492, t_ads: 24.1, t_des: 21.6, bed_util_ads: 0.500, bed_util_des: 0.500, des_th: 0.49976545562911656,frac_lost: 0.106, li_recovered:  8.394, time: 0.004568046999338549
L: 10.37, u_super: 0.00362 — INFEASIBLE (li_recovered=0.000e+00), time: 0.002297439001267776
L: 0.50, u_super: 0.00830, sec: 475.048, prod: 0.187651, t_ads: 23.6, t_des: 21.1, bed_util_ads: 0.500, bed_util_des: 0.500, des_th: 0.49989453703778736,frac_lost: 0.107, li_recovered:  8.389, time: 0.004006294000646449
L: 0.50, u_super: 0.00242, sec: 130.755, prod: 0.053758, t_ads: 79.4, t_des: 69.9, bed_util_ads: 0.498, bed_util_des: 0.498, des_th: 0.4981593776041627,frac_lost: 0.103, li_recovered:  8.029, time: 0.006213844999365392
L: 0.50, u_super: 0.00542, sec: 299.330, prod: 0.122305, t_ads: 35.8, t_des: 33.6, bed_util_ads: 0.493, bed_util_des: 0.493, des_th: 0.4932180227701868,frac_lost: 0.101, li_recovered:  8.490, time: 0.0065063770016422495
L: 1.10, u_super: 0.00456, sec: 559.700, prod: 0.101085, t_ads: 92.4, t_des: 89.2, bed_util_ads: 0.485, bed_util_des: 0.484, des_th: 0.4841854647331834,frac_lost: 0.100, li_recovered:  18.355, time: 0.004487395999603905
L: 0.50, u_super: 0.00216, sec: 131.437, prod: 0.042307, t_ads: 89.1, t_des: 112.3, bed_util_ads: 0.451, bed_util_des: 0.449, des_th: 0.44933696968475134,frac_lost: 0.100, li_recovered:  8.518, time: 0.004448894998859032
L: 0.50, u_super: 0.00044 — INFEASIBLE (li_recovered=0.000e+00), time: 0.0022556089988938766
L: 0.50, u_super: 0.00015 — INFEASIBLE (li_recovered=0.000e+00), time: 0.002830510000421782
L: 0.50, u_super: 0.00724, sec: 408.038, prod: 0.164175, t_ads: 26.8, t_des: 24.9, bed_util_ads: 0.496, bed_util_des: 0.495, des_th: 0.49538977324030525,frac_lost: 0.100, li_recovered:  8.480, time: 0.003762164000363555
L: 0.50, u_super: 0.00928, sec: 536.836, prod: 0.210536, t_ads: 21.0, t_des: 19.1, bed_util_ads: 0.499, bed_util_des: 0.499, des_th: 0.4991210503824132,frac_lost: 0.104, li_recovered:  8.452, time: 0.003967815000578412
L: 0.50, u_super: 0.00388, sec: 214.295, prod: 0.085897, t_ads: 50.0, t_des: 49.7, bed_util_ads: 0.485, bed_util_des: 0.485, des_th: 0.4847995194350543,frac_lost: 0.104, li_recovered:  8.563, time: 0.004205658000500989
L: 0.50, u_super: 0.00975, sec: 567.080, prod: 0.221231, t_ads: 20.0, t_des: 18.0, bed_util_ads: 0.500, bed_util_des: 0.500, des_th: 0.4999884572866623,frac_lost: 0.104, li_recovered:  8.402, time: 0.0038154360008775257
L: 0.50, u_super: 0.00761, sec: 448.232, prod: 0.166019, t_ads: 25.7, t_des: 26.6, bed_util_ads: 0.483, bed_util_des: 0.483, des_th: 0.4827925827240983,frac_lost: 0.108, li_recovered:  8.686, time: 0.003949219000787707
L: 0.50, u_super: 0.00275, sec: 149.442, prod: 0.061058, t_ads: 70.0, t_des: 60.7, bed_util_ads: 0.500, bed_util_des: 0.500, des_th: 0.4999841619095465,frac_lost: 0.103, li_recovered:  7.981, time: 0.003727617000549799
L: 0.50, u_super: 0.00265, sec: 142.836, prod: 0.059255, t_ads: 72.8, t_des: 66.2, bed_util_ads: 0.495, bed_util_des: 0.495, des_th: 0.4949062504882284,frac_lost: 0.105, li_recovered:  8.238, time: 0.0036758179994649254
L: 0.50, u_super: 0.00081 — INFEASIBLE (li_recovered=0.000e+00), time: 0.00198711099983484
L: 0.50, u_super: 0.00757, sec: 428.168, prod: 0.171764, t_ads: 25.6, t_des: 23.5, bed_util_ads: 0.498, bed_util_des: 0.498, des_th: 0.49777983072660686,frac_lost: 0.101, li_recovered:  8.435, time: 0.004000550999990082
L: 0.50, u_super: 0.00928, sec: 537.084, prod: 0.210424, t_ads: 21.0, t_des: 19.1, bed_util_ads: 0.499, bed_util_des: 0.499, des_th: 0.4991210503824132,frac_lost: 0.105, li_recovered:  8.442, time: 0.003709410999363172
L: 0.50, u_super: 0.00237, sec: 127.555, prod: 0.052555, t_ads: 81.4, t_des: 72.4, bed_util_ads: 0.496, bed_util_des: 0.496, des_th: 0.49594318941243337,frac_lost: 0.104, li_recovered:  8.082, time: 0.003382533999683801
L: 0.50, u_super: 0.00699, sec: 394.169, prod: 0.158028, t_ads: 28.0, t_des: 25.4, bed_util_ads: 0.499, bed_util_des: 0.499, des_th: 0.4990828414446339,frac_lost: 0.107, li_recovered:  8.437, time: 0.00410990799900901
   106 |     4240 |     40 |  0.0016172064 |             f
L: 0.50, u_super: 0.00855, sec: 488.983, prod: 0.194048, t_ads: 22.7, t_des: 20.5, bed_util_ads: 0.500, bed_util_des: 0.500, des_th: 0.49988042007449673,frac_lost: 0.100, li_recovered:  8.385, time: 0.00428212299993902
L: 0.50, u_super: 0.00597, sec: 331.772, prod: 0.134764, t_ads: 32.6, t_des: 29.1, bed_util_ads: 0.500, bed_util_des: 0.500, des_th: 0.4999857607370104,frac_lost: 0.103, li_recovered:  8.314, time: 0.0058637809997890145
L: 0.50, u_super: 0.00844, sec: 489.454, prod: 0.188965, t_ads: 23.2, t_des: 22.5, bed_util_ads: 0.491, bed_util_des: 0.491, des_th: 0.49052799180593176,frac_lost: 0.107, li_recovered:  8.634, time: 0.005364227001336985
L: 0.50, u_super: 0.00441, sec: 241.504, prod: 0.098999, t_ads: 44.3, t_des: 39.4, bed_util_ads: 0.500, bed_util_des: 0.500, des_th: 0.4999841619095465,frac_lost: 0.108, li_recovered:  8.283, time: 0.005073873000583262
L: 0.50, u_super: 0.00474, sec: 260.399, prod: 0.106778, t_ads: 41.0, t_des: 36.6, bed_util_ads: 0.500, bed_util_des: 0.500, des_th: 0.49976545562911656,frac_lost: 0.105, li_recovered:  8.286, time: 0.004674132000218378
L: 0.50, u_super: 0.00099, sec: 57.615, prod: 0.019947, t_ads: 191.3, t_des: 219.7, bed_util_ads: 0.455, bed_util_des: 0.451, des_th: 0.4513673392727325,frac_lost: 0.103, li_recovered:  8.198, time: 0.004256332000295515
L: 0.50, u_super: 0.00922, sec: 532.971, prod: 0.209090, t_ads: 21.2, t_des: 19.2, bed_util_ads: 0.499, bed_util_des: 0.499, des_th: 0.4992840241854564,frac_lost: 0.105, li_recovered:  8.448, time: 0.005688371000360348
L: 0.50, u_super: 0.00723, sec: 429.986, prod: 0.155396, t_ads: 27.0, t_des: 28.9, bed_util_ads: 0.478, bed_util_des: 0.478, des_th: 0.4778985716965109,frac_lost: 0.105, li_recovered:  8.689, time: 0.005795805000161636
L: 26.51, u_super: 0.00539 — INFEASIBLE (li_recovered=0.000e+00), time: 0.0014302600011433242
L: 0.50, u_super: 0.00084, sec: 47.651, prod: 0.017195, t_ads: 221.6, t_des: 185.1, bed_util_ads: 0.490, bed_util_des: 0.490, des_th: 0.49001940806006644,frac_lost: 0.101, li_recovered:  6.994, time: 0.006227919000593829
L: 4.25, u_super: 0.00059 — INFEASIBLE (li_recovered=0.000e+00), time: 0.0021554170016315766
L: 0.50, u_super: 0.00190, sec: 103.424, prod: 0.041359, t_ads: 100.9, t_des: 86.0, bed_util_ads: 0.499, bed_util_des: 0.499, des_th: 0.49927146012536483,frac_lost: 0.102, li_recovered:  7.729, time: 0.006928531998710241
L: 0.50, u_super: 0.00928, sec: 537.349, prod: 0.210335, t_ads: 21.1, t_des: 19.1, bed_util_ads: 0.500, bed_util_des: 0.499, des_th: 0.499500561433164,frac_lost: 0.106, li_recovered:  8.454, time: 0.007303136999325943
L: 0.50, u_super: 0.00148, sec: 79.914, prod: 0.032389, t_ads: 129.2, t_des: 116.3, bed_util_ads: 0.490, bed_util_des: 0.490, des_th: 0.48967555508406047,frac_lost: 0.106, li_recovered:  7.953, time: 0.005171883000002708
L: 0.50, u_super: 0.00264, sec: 142.179, prod: 0.058871, t_ads: 73.1, t_des: 65.8, bed_util_ads: 0.495, bed_util_des: 0.495, des_th: 0.4948325365463642,frac_lost: 0.104, li_recovered:  8.179, time: 0.006965487000343273
L: 0.50, u_super: 0.00699, sec: 394.560, prod: 0.157872, t_ads: 28.0, t_des: 25.4, bed_util_ads: 0.499, bed_util_des: 0.499, des_th: 0.4990828414446339,frac_lost: 0.109, li_recovered:  8.436, time: 0.00666998000087915
L: 0.50, u_super: 0.00975, sec: 567.666, prod: 0.221000, t_ads: 20.1, t_des: 18.0, bed_util_ads: 0.500, bed_util_des: 0.500, des_th: 0.4999884572866623,frac_lost: 0.106, li_recovered:  8.417, time: 0.005590934999418096
L: 0.50, u_super: 0.00109 — INFEASIBLE (li_recovered=0.000e+00), time: 0.002828439999575494
L: 0.50, u_super: 0.00988, sec: 576.514, prod: 0.223511, t_ads: 19.8, t_des: 18.4, bed_util_ads: 0.496, bed_util_des: 0.496, des_th: 0.49551549322253163,frac_lost: 0.106, li_recovered:  8.540, time: 0.00575195400051598
L: 0.50, u_super: 0.00700, sec: 394.286, prod: 0.158011, t_ads: 28.0, t_des: 25.4, bed_util_ads: 0.499, bed_util_des: 0.499, des_th: 0.4990742654944741,frac_lost: 0.108, li_recovered:  8.434, time: 0.005564772000070661
L: 0.50, u_super: 0.00359, sec: 195.345, prod: 0.080410, t_ads: 54.1, t_des: 47.9, bed_util_ads: 0.499, bed_util_des: 0.499, des_th: 0.4989133090485739,frac_lost: 0.107, li_recovered:  8.205, time: 0.004865238999627763
L: 0.50, u_super: 0.00325, sec: 176.232, prod: 0.072696, t_ads: 59.2, t_des: 52.1, bed_util_ads: 0.500, bed_util_des: 0.500, des_th: 0.49976301228865344,frac_lost: 0.100, li_recovered:  8.091, time: 0.005961004000710091
L: 0.50, u_super: 0.00799, sec: 455.832, prod: 0.180785, t_ads: 24.5, t_des: 22.2, bed_util_ads: 0.499, bed_util_des: 0.499, des_th: 0.49907502911406715,frac_lost: 0.107, li_recovered:  8.440, time: 0.006461003000367782
L: 0.50, u_super: 0.00016 — INFEASIBLE (li_recovered=0.000e+00), time: 0.002266679000967997
L: 0.50, u_super: 0.00394, sec: 214.797, prod: 0.088431, t_ads: 49.4, t_des: 44.1, bed_util_ads: 0.499, bed_util_des: 0.499, des_th: 0.4991209511837857,frac_lost: 0.107, li_recovered:  8.269, time: 0.007130054000299424
L: 0.50, u_super: 0.00218, sec: 119.582, prod: 0.047527, t_ads: 88.4, t_des: 89.5, bed_util_ads: 0.479, bed_util_des: 0.478, des_th: 0.47843706647739115,frac_lost: 0.105, li_recovered:  8.454, time: 0.004485313000259339
L: 8.37, u_super: 0.00974 — INFEASIBLE (li_recovered=0.000e+00), time: 0.003946110000470071
L: 0.50, u_super: 0.00468, sec: 256.968, prod: 0.105389, t_ads: 41.6, t_des: 38.5, bed_util_ads: 0.494, bed_util_des: 0.494, des_th: 0.49417725728581813,frac_lost: 0.106, li_recovered:  8.437, time: 0.00612000699948112
L: 0.50, u_super: 0.00485, sec: 266.530, prod: 0.109253, t_ads: 40.1, t_des: 35.8, bed_util_ads: 0.500, bed_util_des: 0.499, des_th: 0.4995130704417644,frac_lost: 0.104, li_recovered:  8.283, time: 0.006498553999335854
L: 0.50, u_super: 0.00888, sec: 511.230, prod: 0.200981, t_ads: 22.0, t_des: 19.8, bed_util_ads: 0.500, bed_util_des: 0.500, des_th: 0.4998148937301834,frac_lost: 0.106, li_recovered:  8.398, time: 0.006026716000633314
L: 0.50, u_super: 0.00959, sec: 556.979, prod: 0.217555, t_ads: 20.3, t_des: 18.3, bed_util_ads: 0.500, bed_util_des: 0.500, des_th: 0.4999079408624467,frac_lost: 0.104, li_recovered:  8.406, time: 0.006750434000423411
L: 0.50, u_super: 0.00410, sec: 223.793, prod: 0.092198, t_ads: 47.4, t_des: 42.7, bed_util_ads: 0.498, bed_util_des: 0.497, des_th: 0.4974568167261651,frac_lost: 0.106, li_recovered:  8.314, time: 0.005247416000202065
L: 0.50, u_super: 0.00327, sec: 179.216, prod: 0.072491, t_ads: 59.4, t_des: 58.1, bed_util_ads: 0.486, bed_util_des: 0.485, des_th: 0.4851502419252428,frac_lost: 0.107, li_recovered:  8.516, time: 0.005480083000293234
L: 0.50, u_super: 0.00220, sec: 120.226, prod: 0.047912, t_ads: 87.8, t_des: 88.6, bed_util_ads: 0.479, bed_util_des: 0.478, des_th: 0.478507779036189,frac_lost: 0.104, li_recovered:  8.450, time: 0.0068709000006492715
L: 0.50, u_super: 0.00663, sec: 376.354, prod: 0.148028, t_ads: 29.3, t_des: 29.0, bed_util_ads: 0.487, bed_util_des: 0.487, des_th: 0.486778373913374,frac_lost: 0.101, li_recovered:  8.622, time: 0.0067197579992352985
L: 0.50, u_super: 0.00597, sec: 331.506, prod: 0.134872, t_ads: 32.5, t_des: 29.1, bed_util_ads: 0.500, bed_util_des: 0.500, des_th: 0.4999938791134551,frac_lost: 0.101, li_recovered:  8.309, time: 0.006459868000092683
L: 0.50, u_super: 0.00982, sec: 1025.839, prod: 0.124064, t_ads: 20.0, t_des: 50.5, bed_util_ads: 0.373, bed_util_des: 0.372, des_th: 0.37218880290684014,frac_lost: 0.106, li_recovered:  8.746, time: 0.011418281001169817
L: 1.09, u_super: 0.00978, sec: 1256.138, prod: 0.219764, t_ads: 43.6, t_des: 38.8, bed_util_ads: 0.499, bed_util_des: 0.499, des_th: 0.4992447138062556,frac_lost: 0.107, li_recovered:  18.118, time: 0.007185098000263679
L: 0.50, u_super: 0.00699, sec: 394.325, prod: 0.157966, t_ads: 28.0, t_des: 25.2, bed_util_ads: 0.499, bed_util_des: 0.499, des_th: 0.4990828414446339,frac_lost: 0.108, li_recovered:  8.395, time: 0.007840419999411097
L: 4.62, u_super: 0.00183 — INFEASIBLE (li_recovered=0.000e+00), time: 0.0020569899988913676
   107 |     4280 |     40 |  0.0024730925 |             f
L: 0.50, u_super: 0.00663, sec: 372.204, prod: 0.149683, t_ads: 29.5, t_des: 26.4, bed_util_ads: 0.500, bed_util_des: 0.500, des_th: 0.4998106759415823,frac_lost: 0.107, li_recovered:  8.368, time: 0.006761938000636292
L: 0.50, u_super: 0.00565, sec: 312.580, prod: 0.127796, t_ads: 34.3, t_des: 30.8, bed_util_ads: 0.500, bed_util_des: 0.500, des_th: 0.49982406061576456,frac_lost: 0.100, li_recovered:  8.313, time: 0.009154507000857848
L: 0.50, u_super: 0.00542, sec: 298.897, prod: 0.122439, t_ads: 35.7, t_des: 32.2, bed_util_ads: 0.499, bed_util_des: 0.499, des_th: 0.49907834328557604,frac_lost: 0.101, li_recovered:  8.313, time: 0.005730290000428795
L: 0.50, u_super: 0.00731, sec: 413.295, prod: 0.165134, t_ads: 26.8, t_des: 24.3, bed_util_ads: 0.499, bed_util_des: 0.499, des_th: 0.4990828414446339,frac_lost: 0.107, li_recovered:  8.430, time: 0.005728514999645995
L: 0.50, u_super: 0.00980, sec: 570.656, prod: 0.222247, t_ads: 19.9, t_des: 18.0, bed_util_ads: 0.500, bed_util_des: 0.500, des_th: 0.4999812166051749,frac_lost: 0.105, li_recovered:  8.442, time: 0.0057760829986364115
L: 0.50, u_super: 0.00067, sec: 37.307, prod: 0.013944, t_ads: 275.7, t_des: 257.2, bed_util_ads: 0.472, bed_util_des: 0.470, des_th: 0.47047165046373185,frac_lost: 0.102, li_recovered:  7.431, time: 0.004563336999126477
L: 0.50, u_super: 0.00122, sec: 66.597, prod: 0.026403, t_ads: 155.5, t_des: 137.5, bed_util_ads: 0.490, bed_util_des: 0.490, des_th: 0.4899236538550681,frac_lost: 0.106, li_recovered:  7.736, time: 0.005618039998807944
L: 0.50, u_super: 0.00311, sec: 167.572, prod: 0.069754, t_ads: 61.9, t_des: 57.9, bed_util_ads: 0.492, bed_util_des: 0.492, des_th: 0.49168334850625717,frac_lost: 0.100, li_recovered:  8.360, time: 0.006707712998831994
L: 0.50, u_super: 0.00597, sec: 332.717, prod: 0.134381, t_ads: 32.8, t_des: 29.2, bed_util_ads: 0.500, bed_util_des: 0.500, des_th: 0.4999938791134551,frac_lost: 0.109, li_recovered:  8.329, time: 0.006186598000567756
L: 16.41, u_super: 0.00886 — INFEASIBLE (li_recovered=0.000e+00), time: 0.0029672119999304414
L: 0.50, u_super: 0.00965, sec: 643.504, prod: 0.190439, t_ads: 20.3, t_des: 25.5, bed_util_ads: 0.458, bed_util_des: 0.457, des_th: 0.4571577376227163,frac_lost: 0.105, li_recovered:  8.720, time: 0.006734177999533131
L: 0.50, u_super: 0.00044 — INFEASIBLE (li_recovered=0.000e+00), time: 0.0036592939995898632
L: 0.50, u_super: 0.00363, sec: 197.444, prod: 0.081430, t_ads: 53.5, t_des: 47.8, bed_util_ads: 0.499, bed_util_des: 0.498, des_th: 0.49826955929668965,frac_lost: 0.107, li_recovered:  8.250, time: 0.007341697999436292
L: 0.50, u_super: 0.00743, sec: 420.071, prod: 0.168396, t_ads: 26.1, t_des: 23.3, bed_util_ads: 0.500, bed_util_des: 0.500, des_th: 0.4999812166051749,frac_lost: 0.101, li_recovered:  8.327, time: 0.00696947399956116
L: 0.50, u_super: 0.00325, sec: 176.716, prod: 0.072497, t_ads: 59.2, t_des: 51.6, bed_util_ads: 0.500, bed_util_des: 0.500, des_th: 0.4998888518421811,frac_lost: 0.100, li_recovered:  8.032, time: 0.005675162999978056
L: 0.50, u_super: 0.00990, sec: 576.709, prod: 0.224463, t_ads: 19.7, t_des: 17.7, bed_util_ads: 0.500, bed_util_des: 0.500, des_th: 0.49998931965893867,frac_lost: 0.104, li_recovered:  8.397, time: 0.005236801000137348
L: 0.50, u_super: 0.00888, sec: 511.581, prod: 0.200837, t_ads: 22.1, t_des: 20.0, bed_util_ads: 0.499, bed_util_des: 0.499, des_th: 0.49885874566576566,frac_lost: 0.108, li_recovered:  8.447, time: 0.004781019999427372
L: 0.50, u_super: 0.00327, sec: 177.786, prod: 0.073076, t_ads: 59.4, t_des: 52.3, bed_util_ads: 0.500, bed_util_des: 0.500, des_th: 0.4999841619095465,frac_lost: 0.108, li_recovered:  8.165, time: 0.003445872000156669
L: 0.50, u_super: 0.00863, sec: 495.637, prod: 0.195457, t_ads: 22.7, t_des: 20.5, bed_util_ads: 0.499, bed_util_des: 0.499, des_th: 0.4988957423035652,frac_lost: 0.106, li_recovered:  8.430, time: 0.0063721629994688556
L: 0.50, u_super: 0.00288, sec: 155.955, prod: 0.064212, t_ads: 66.9, t_des: 58.8, bed_util_ads: 0.499, bed_util_des: 0.499, des_th: 0.4989133090485739,frac_lost: 0.103, li_recovered:  8.072, time: 0.003977312000642996
L: 13.76, u_super: 0.00149 — INFEASIBLE (li_recovered=0.000e+00), time: 0.0010818379996635485
L: 20.85, u_super: 0.00786 — INFEASIBLE (li_recovered=0.000e+00), time: 0.0015001390001998516
L: 0.50, u_super: 0.00757, sec: 430.076, prod: 0.171008, t_ads: 25.9, t_des: 23.7, bed_util_ads: 0.498, bed_util_des: 0.498, des_th: 0.49777983072660686,frac_lost: 0.108, li_recovered:  8.488, time: 0.003552500000296277
L: 0.50, u_super: 0.00242, sec: 131.285, prod: 0.053541, t_ads: 79.6, t_des: 69.1, bed_util_ads: 0.499, bed_util_des: 0.499, des_th: 0.49864091831459806,frac_lost: 0.105, li_recovered:  7.961, time: 0.0037384989991551265
L: 0.50, u_super: 0.00014 — INFEASIBLE (li_recovered=0.000e+00), time: 0.0014177930006553652
L: 0.50, u_super: 0.00729, sec: 411.973, prod: 0.164650, t_ads: 26.9, t_des: 24.3, bed_util_ads: 0.498, bed_util_des: 0.498, des_th: 0.49825754840502595,frac_lost: 0.107, li_recovered:  8.432, time: 0.004026070999316289
L: 0.50, u_super: 0.00539, sec: 297.476, prod: 0.121546, t_ads: 35.9, t_des: 31.9, bed_util_ads: 0.500, bed_util_des: 0.500, des_th: 0.4998148937301834,frac_lost: 0.100, li_recovered:  8.245, time: 0.0033933180002350127
L: 0.50, u_super: 0.00767, sec: 450.916, prod: 0.167782, t_ads: 25.3, t_des: 26.4, bed_util_ads: 0.481, bed_util_des: 0.481, des_th: 0.4808285157270386,frac_lost: 0.101, li_recovered:  8.678, time: 0.0037632900002790848
L: 0.50, u_super: 0.00253, sec: 224.706, prod: 0.034083, t_ads: 76.7, t_des: 176.7, bed_util_ads: 0.378, bed_util_des: 0.374, des_th: 0.3741663540012681,frac_lost: 0.101, li_recovered:  8.634, time: 0.005863434000275447
L: 0.50, u_super: 0.00288, sec: 156.074, prod: 0.063892, t_ads: 67.0, t_des: 58.2, bed_util_ads: 0.500, bed_util_des: 0.500, des_th: 0.49998599705370866,frac_lost: 0.102, li_recovered:  8.000, time: 0.005050364999988233
L: 0.50, u_super: 0.00663, sec: 372.051, prod: 0.149739, t_ads: 29.5, t_des: 26.8, bed_util_ads: 0.499, bed_util_des: 0.499, des_th: 0.49885460863633296,frac_lost: 0.108, li_recovered:  8.436, time: 0.00434132499867701
L: 0.50, u_super: 0.00518, sec: 285.258, prod: 0.116821, t_ads: 37.5, t_des: 33.5, bed_util_ads: 0.499, bed_util_des: 0.499, des_th: 0.4990822989553854,frac_lost: 0.102, li_recovered:  8.291, time: 0.004023097999379388
L: 7.33, u_super: 0.00565 — INFEASIBLE (li_recovered=0.000e+00), time: 0.0025147669985017274
L: 17.94, u_super: 0.00830 — INFEASIBLE (li_recovered=0.000e+00), time: 0.002034676999755902
L: 0.50, u_super: 0.00190, sec: 103.350, prod: 0.041389, t_ads: 100.7, t_des: 86.0, bed_util_ads: 0.500, bed_util_des: 0.500, des_th: 0.49976127615135585,frac_lost: 0.101, li_recovered:  7.730, time: 0.004279748000044492
L: 0.50, u_super: 0.00620, sec: 345.175, prod: 0.140159, t_ads: 31.3, t_des: 28.1, bed_util_ads: 0.500, bed_util_des: 0.500, des_th: 0.4997298770131726,frac_lost: 0.101, li_recovered:  8.323, time: 0.005162311001186026
L: 0.50, u_super: 0.00199, sec: 108.286, prod: 0.043603, t_ads: 96.8, t_des: 83.1, bed_util_ads: 0.499, bed_util_des: 0.499, des_th: 0.49925509298398535,frac_lost: 0.107, li_recovered:  7.842, time: 0.004324161000113236
L: 0.50, u_super: 0.00990, sec: 577.025, prod: 0.224340, t_ads: 19.7, t_des: 18.4, bed_util_ads: 0.495, bed_util_des: 0.495, des_th: 0.4950674123443951,frac_lost: 0.103, li_recovered:  8.540, time: 0.005891962000532658
L: 0.50, u_super: 0.00318, sec: 172.344, prod: 0.070993, t_ads: 60.6, t_des: 53.3, bed_util_ads: 0.500, bed_util_des: 0.500, des_th: 0.49998741646819084,frac_lost: 0.101, li_recovered:  8.086, time: 0.005035846999817295
L: 0.50, u_super: 0.00901, sec: 519.625, prod: 0.204056, t_ads: 21.7, t_des: 19.7, bed_util_ads: 0.500, bed_util_des: 0.500, des_th: 0.4997270498147482,frac_lost: 0.106, li_recovered:  8.449, time: 0.006304438000370283
   108 |     4320 |     40 |  0.0041731360 |             f
L: 0.50, u_super: 0.00781, sec: 543.057, prod: 0.144470, t_ads: 25.1, t_des: 35.2, bed_util_ads: 0.444, bed_util_des: 0.443, des_th: 0.44312617226487927,frac_lost: 0.107, li_recovered:  8.714, time: 0.007037474000753718
L: 0.50, u_super: 0.00044 — INFEASIBLE (li_recovered=0.000e+00), time: 0.002977886999360635
L: 0.50, u_super: 0.00568, sec: 319.591, prod: 0.126499, t_ads: 34.1, t_des: 34.0, bed_util_ads: 0.487, bed_util_des: 0.487, des_th: 0.4866760126855865,frac_lost: 0.101, li_recovered:  8.612, time: 0.004824101000849623
L: 0.50, u_super: 0.00863, sec: 495.468, prod: 0.195370, t_ads: 22.7, t_des: 20.6, bed_util_ads: 0.499, bed_util_des: 0.499, des_th: 0.49912305002271595,frac_lost: 0.106, li_recovered:  8.452, time: 0.006581788000403321
L: 0.50, u_super: 0.00148, sec: 79.869, prod: 0.032407, t_ads: 129.1, t_des: 116.4, bed_util_ads: 0.490, bed_util_des: 0.490, des_th: 0.4895551867259749,frac_lost: 0.105, li_recovered:  7.956, time: 0.004283112999473815
L: 0.50, u_super: 0.00986, sec: 583.120, prod: 0.220280, t_ads: 19.8, t_des: 19.5, bed_util_ads: 0.489, bed_util_des: 0.489, des_th: 0.48911852518615484,frac_lost: 0.104, li_recovered:  8.660, time: 0.005376995999540668
L: 0.50, u_super: 0.00460, sec: 251.824, prod: 0.103732, t_ads: 42.2, t_des: 38.2, bed_util_ads: 0.498, bed_util_des: 0.497, des_th: 0.4974568167261651,frac_lost: 0.103, li_recovered:  8.338, time: 0.00433312799941632
L: 0.50, u_super: 0.00018 — INFEASIBLE (li_recovered=0.000e+00), time: 0.0019394629998714663
L: 0.50, u_super: 0.00148, sec: 80.323, prod: 0.032224, t_ads: 129.3, t_des: 113.5, bed_util_ads: 0.494, bed_util_des: 0.494, des_th: 0.49371691273124085,frac_lost: 0.107, li_recovered:  7.823, time: 0.004775830000653514
L: 0.50, u_super: 0.00461, sec: 253.250, prod: 0.103742, t_ads: 42.2, t_des: 37.6, bed_util_ads: 0.499, bed_util_des: 0.499, des_th: 0.49891840955319167,frac_lost: 0.106, li_recovered:  8.278, time: 0.004817902001377661
L: 0.50, u_super: 0.00958, sec: 581.599, prod: 0.207558, t_ads: 20.3, t_des: 21.6, bed_util_ads: 0.480, bed_util_des: 0.480, des_th: 0.47964408485113547,frac_lost: 0.102, li_recovered:  8.704, time: 0.004470027000934351
L: 0.50, u_super: 0.00620, sec: 345.330, prod: 0.140320, t_ads: 31.3, t_des: 28.3, bed_util_ads: 0.499, bed_util_des: 0.499, des_th: 0.49916844300720925,frac_lost: 0.102, li_recovered:  8.369, time: 0.004907718001049943
L: 0.50, u_super: 0.00412, sec: 232.823, prod: 0.089377, t_ads: 47.2, t_des: 49.2, bed_util_ads: 0.479, bed_util_des: 0.478, des_th: 0.4781812765971599,frac_lost: 0.105, li_recovered:  8.613, time: 0.004946436998579884
L: 73.67, u_super: 0.00565 — INFEASIBLE (li_recovered=0.000e+00), time: 0.0008533000000170432
L: 0.50, u_super: 0.00244, sec: 132.491, prod: 0.054037, t_ads: 78.9, t_des: 68.4, bed_util_ads: 0.500, bed_util_des: 0.500, des_th: 0.499882093566366,frac_lost: 0.105, li_recovered:  7.961, time: 0.004741603999718791
L: 0.50, u_super: 0.00296, sec: 160.144, prod: 0.065992, t_ads: 65.2, t_des: 57.3, bed_util_ads: 0.500, bed_util_des: 0.500, des_th: 0.4997634513367925,frac_lost: 0.102, li_recovered:  8.083, time: 0.003925253000488738
L: 25.42, u_super: 0.00663 — INFEASIBLE (li_recovered=0.000e+00), time: 0.0014109820003795903
L: 0.50, u_super: 0.00239, sec: 215.327, prod: 0.031707, t_ads: 81.2, t_des: 191.0, bed_util_ads: 0.376, bed_util_des: 0.371, des_th: 0.3711900063174528,frac_lost: 0.102, li_recovered:  8.631, time: 0.00818994300061604
L: 0.50, u_super: 0.00757, sec: 428.072, prod: 0.171802, t_ads: 25.6, t_des: 23.5, bed_util_ads: 0.498, bed_util_des: 0.498, des_th: 0.4977931537460276,frac_lost: 0.100, li_recovered:  8.432, time: 0.006803119000323932
L: 0.50, u_super: 0.00388, sec: 317.375, prod: 0.058039, t_ads: 50.5, t_des: 99.0, bed_util_ads: 0.401, bed_util_des: 0.398, des_th: 0.39848746524308665,frac_lost: 0.109, li_recovered:  8.682, time: 0.007872881998991943
L: 0.50, u_super: 0.00300, sec: 162.377, prod: 0.066852, t_ads: 64.4, t_des: 56.5, bed_util_ads: 0.499, bed_util_des: 0.499, des_th: 0.49885207887515715,frac_lost: 0.103, li_recovered:  8.083, time: 0.004778652000823058
L: 0.50, u_super: 0.00988, sec: 647.732, prod: 0.198899, t_ads: 19.8, t_des: 24.1, bed_util_ads: 0.462, bed_util_des: 0.461, des_th: 0.46146213753283405,frac_lost: 0.103, li_recovered:  8.718, time: 0.006116811000538291
L: 0.50, u_super: 0.00096, sec: 53.587, prod: 0.020287, t_ads: 195.3, t_des: 167.7, bed_util_ads: 0.490, bed_util_des: 0.490, des_th: 0.48993764738112894,frac_lost: 0.105, li_recovered:  7.363, time: 0.005371016999561107
L: 53.28, u_super: 0.00067 — INFEASIBLE (li_recovered=0.000e+00), time: 0.0008212849988922244
L: 0.50, u_super: 0.00620, sec: 345.599, prod: 0.139989, t_ads: 31.4, t_des: 28.0, bed_util_ads: 0.500, bed_util_des: 0.500, des_th: 0.4999024452977033,frac_lost: 0.103, li_recovered:  8.316, time: 0.0053951230001985095
L: 0.50, u_super: 0.00849, sec: 486.814, prod: 0.192194, t_ads: 23.0, t_des: 20.9, bed_util_ads: 0.499, bed_util_des: 0.499, des_th: 0.4988972811934752,frac_lost: 0.106, li_recovered:  8.448, time: 0.005910787000175333
L: 0.50, u_super: 0.00205, sec: 110.485, prod: 0.045191, t_ads: 93.4, t_des: 82.1, bed_util_ads: 0.497, bed_util_des: 0.497, des_th: 0.49695379127118283,frac_lost: 0.101, li_recovered:  7.931, time: 0.005207098000028054
L: 7.90, u_super: 0.00457, sec: 5274.620, prod: 0.077125, t_ads: 619.4, t_des: 872.6, bed_util_ads: 0.389, bed_util_des: 0.373, des_th: 0.3726773490743812,frac_lost: 0.104, li_recovered:  115.072, time: 0.003952105000280426
L: 0.50, u_super: 0.00946, sec: 571.025, prod: 0.205741, t_ads: 20.7, t_des: 21.6, bed_util_ads: 0.481, bed_util_des: 0.480, des_th: 0.4803596803625664,frac_lost: 0.105, li_recovered:  8.702, time: 0.0055052839998097625
L: 0.50, u_super: 0.00333, sec: 180.974, prod: 0.074347, t_ads: 58.4, t_des: 51.5, bed_util_ads: 0.499, bed_util_des: 0.499, des_th: 0.49906992860944943,frac_lost: 0.108, li_recovered:  8.174, time: 0.004874268999628839
L: 8.18, u_super: 0.00780 — INFEASIBLE (li_recovered=0.000e+00), time: 0.0038099620014691027
L: 5.04, u_super: 0.00503 — INFEASIBLE (li_recovered=0.000e+00), time: 0.0021891540000069654
L: 0.50, u_super: 0.00841, sec: 482.042, prod: 0.190344, t_ads: 23.3, t_des: 21.1, bed_util_ads: 0.499, bed_util_des: 0.499, des_th: 0.4988972811934752,frac_lost: 0.107, li_recovered:  8.450, time: 0.00494744199932029
L: 0.50, u_super: 0.00929, sec: 626.043, prod: 0.180645, t_ads: 21.0, t_des: 27.2, bed_util_ads: 0.454, bed_util_des: 0.454, des_th: 0.4538407590174647,frac_lost: 0.104, li_recovered:  8.718, time: 0.0059501619998627575
L: 0.50, u_super: 0.00887, sec: 511.553, prod: 0.200820, t_ads: 22.1, t_des: 20.0, bed_util_ads: 0.500, bed_util_des: 0.500, des_th: 0.4998144546820443,frac_lost: 0.108, li_recovered:  8.445, time: 0.0038418340009229723
L: 14.38, u_super: 0.00597 — INFEASIBLE (li_recovered=0.000e+00), time: 0.002758022999842069
L: 0.50, u_super: 0.00018 — INFEASIBLE (li_recovered=0.000e+00), time: 0.0018418759991618572
L: 0.50, u_super: 0.00150, sec: 80.602, prod: 0.032839, t_ads: 126.9, t_des: 114.9, bed_util_ads: 0.490, bed_util_des: 0.489, des_th: 0.48956918025203583,frac_lost: 0.101, li_recovered:  7.939, time: 0.004592091001541121
L: 0.50, u_super: 0.00888, sec: 511.354, prod: 0.200932, t_ads: 22.0, t_des: 19.8, bed_util_ads: 0.500, bed_util_des: 0.500, des_th: 0.49981482735776545,frac_lost: 0.106, li_recovered:  8.403, time: 0.003996940000433824
L: 0.50, u_super: 0.00828, sec: 473.926, prod: 0.187318, t_ads: 23.6, t_des: 21.2, bed_util_ads: 0.500, bed_util_des: 0.500, des_th: 0.49989453703778736,frac_lost: 0.107, li_recovered:  8.394, time: 0.005494213999554631
   109 |     4360 |     40 |  0.0007337068 |             f
L: 3.00, u_super: 0.00670 — INFEASIBLE (li_recovered=0.000e+00), time: 0.0054772009989392245
L: 0.50, u_super: 0.00260, sec: 141.094, prod: 0.057682, t_ads: 74.0, t_des: 64.3, bed_util_ads: 0.499, bed_util_des: 0.499, des_th: 0.4992064696307231,frac_lost: 0.103, li_recovered:  7.980, time: 0.006562380000104895
L: 0.50, u_super: 0.00126, sec: 68.140, prod: 0.027246, t_ads: 151.3, t_des: 135.6, bed_util_ads: 0.489, bed_util_des: 0.488, des_th: 0.4880627271685653,frac_lost: 0.104, li_recovered:  7.817, time: 0.005349203000150737
L: 0.50, u_super: 0.00600, sec: 333.490, prod: 0.135547, t_ads: 32.4, t_des: 29.0, bed_util_ads: 0.500, bed_util_des: 0.500, des_th: 0.4999881549308035,frac_lost: 0.102, li_recovered:  8.312, time: 0.004952788000082364
L: 0.50, u_super: 0.00150, sec: 80.580, prod: 0.032848, t_ads: 127.6, t_des: 120.5, bed_util_ads: 0.486, bed_util_des: 0.485, des_th: 0.4848316958040649,frac_lost: 0.104, li_recovered:  8.151, time: 0.006567524000274716
L: 0.50, u_super: 0.00278, sec: 150.984, prod: 0.061741, t_ads: 69.2, t_des: 60.0, bed_util_ads: 0.500, bed_util_des: 0.500, des_th: 0.49954840573854403,frac_lost: 0.102, li_recovered:  7.980, time: 0.005773722999947495
L: 0.50, u_super: 0.00428, sec: 234.013, prod: 0.096256, t_ads: 45.4, t_des: 40.5, bed_util_ads: 0.499, bed_util_des: 0.499, des_th: 0.49928392498682883,frac_lost: 0.105, li_recovered:  8.267, time: 0.006415371000912273
L: 0.50, u_super: 0.00518, sec: 285.220, prod: 0.116836, t_ads: 37.5, t_des: 33.5, bed_util_ads: 0.499, bed_util_des: 0.499, des_th: 0.49891224003770085,frac_lost: 0.102, li_recovered:  8.295, time: 0.007308295000257203
L: 0.50, u_super: 0.00218, sec: 117.536, prod: 0.048119, t_ads: 88.7, t_des: 78.1, bed_util_ads: 0.498, bed_util_des: 0.497, des_th: 0.4974917016820991,frac_lost: 0.106, li_recovered:  8.027, time: 0.006851643000118202
L: 0.50, u_super: 0.00503, sec: 276.879, prod: 0.113378, t_ads: 38.6, t_des: 34.5, bed_util_ads: 0.499, bed_util_des: 0.499, des_th: 0.4991779646534151,frac_lost: 0.104, li_recovered:  8.295, time: 0.005582951000178582
L: 0.50, u_super: 0.00018, sec: 12.575, prod: 0.003063, t_ads: 866.1, t_des: 1019.4, bed_util_ads: 0.382, bed_util_des: 0.372, des_th: 0.3721104285124455,frac_lost: 0.102, li_recovered:  5.774, time: 0.004661381000914844
L: 0.50, u_super: 0.00987, sec: 594.093, prod: 0.216508, t_ads: 19.8, t_des: 20.4, bed_util_ads: 0.484, bed_util_des: 0.484, des_th: 0.48410639718142656,frac_lost: 0.106, li_recovered:  8.699, time: 0.006089499000154319
L: 0.50, u_super: 0.00038, sec: 23.506, prod: 0.007161, t_ads: 458.3, t_des: 403.5, bed_util_ads: 0.461, bed_util_des: 0.460, des_th: 0.46017224128331713,frac_lost: 0.104, li_recovered:  6.172, time: 0.005118655000842409
L: 0.50, u_super: 0.00076, sec: 41.797, prod: 0.016035, t_ads: 244.9, t_des: 235.8, bed_util_ads: 0.472, bed_util_des: 0.470, des_th: 0.47047165046373185,frac_lost: 0.101, li_recovered:  7.708, time: 0.0053229269997245865
L: 0.50, u_super: 0.00565, sec: 312.789, prod: 0.127711, t_ads: 34.3, t_des: 30.8, bed_util_ads: 0.500, bed_util_des: 0.500, des_th: 0.4998386747077184,frac_lost: 0.101, li_recovered:  8.316, time: 0.00640340300014941
L: 0.50, u_super: 0.00204, sec: 110.582, prod: 0.044964, t_ads: 94.4, t_des: 82.3, bed_util_ads: 0.497, bed_util_des: 0.497, des_th: 0.49695379127118283,frac_lost: 0.107, li_recovered:  7.947, time: 0.007400360998872202
L: 0.50, u_super: 0.00150, sec: 83.111, prod: 0.032164, t_ads: 127.1, t_des: 105.8, bed_util_ads: 0.500, bed_util_des: 0.500, des_th: 0.49996554886540073,frac_lost: 0.106, li_recovered:  7.492, time: 0.006643667999014724
L: 0.50, u_super: 0.00597, sec: 331.496, prod: 0.134874, t_ads: 32.5, t_des: 29.1, bed_util_ads: 0.500, bed_util_des: 0.500, des_th: 0.4999938791134551,frac_lost: 0.101, li_recovered:  8.310, time: 0.004738169998745434
L: 0.50, u_super: 0.00262, sec: 142.223, prod: 0.058143, t_ads: 73.6, t_des: 63.9, bed_util_ads: 0.500, bed_util_des: 0.500, des_th: 0.4999579497796859,frac_lost: 0.104, li_recovered:  7.993, time: 0.007390982998913387
L: 0.50, u_super: 0.00288, sec: 156.116, prod: 0.064146, t_ads: 67.1, t_des: 58.8, bed_util_ads: 0.500, bed_util_des: 0.500, des_th: 0.49975257386433053,frac_lost: 0.104, li_recovered:  8.071, time: 0.004607189999660477
L: 0.50, u_super: 0.00421, sec: 229.664, prod: 0.094534, t_ads: 46.2, t_des: 41.3, bed_util_ads: 0.499, bed_util_des: 0.499, des_th: 0.4989151537009704,frac_lost: 0.105, li_recovered:  8.273, time: 0.005788615000710706
L: 0.50, u_super: 0.00948, sec: 729.922, prod: 0.161767, t_ads: 20.7, t_des: 33.3, bed_util_ads: 0.427, bed_util_des: 0.426, des_th: 0.42644701286509396,frac_lost: 0.105, li_recovered:  8.729, time: 0.008584101000451483
L: 5.44, u_super: 0.00059 — INFEASIBLE (li_recovered=0.000e+00), time: 0.0022600970005441923
L: 4.91, u_super: 0.00970 — INFEASIBLE (li_recovered=0.000e+00), time: 0.0032688499995856546
L: 0.50, u_super: 0.00359, sec: 194.454, prod: 0.080779, t_ads: 53.7, t_des: 48.4, bed_util_ads: 0.497, bed_util_des: 0.497, des_th: 0.4971491519972789,frac_lost: 0.100, li_recovered:  8.248, time: 0.004638381000404479
L: 0.50, u_super: 0.00044, sec: 32.522, prod: 0.006900, t_ads: 422.4, t_des: 721.5, bed_util_ads: 0.383, bed_util_des: 0.368, des_th: 0.3679014548089156,frac_lost: 0.100, li_recovered:  7.892, time: 0.0078907729985076
L: 0.50, u_super: 0.00565, sec: 312.784, prod: 0.127712, t_ads: 34.3, t_des: 30.7, bed_util_ads: 0.500, bed_util_des: 0.500, des_th: 0.49983667935617393,frac_lost: 0.101, li_recovered:  8.308, time: 0.0072663440005271696
L: 0.50, u_super: 0.00314, sec: 170.270, prod: 0.070203, t_ads: 61.3, t_des: 53.9, bed_util_ads: 0.499, bed_util_des: 0.499, des_th: 0.4990833679662585,frac_lost: 0.101, li_recovered:  8.086, time: 0.00623467100012931
L: 0.50, u_super: 0.00404, sec: 220.522, prod: 0.090554, t_ads: 48.1, t_des: 42.5, bed_util_ads: 0.500, bed_util_des: 0.500, des_th: 0.49983612060503363,frac_lost: 0.105, li_recovered:  8.204, time: 0.005102555000121356
L: 0.50, u_super: 0.00242, sec: 131.286, prod: 0.053545, t_ads: 79.6, t_des: 69.1, bed_util_ads: 0.500, bed_util_des: 0.499, des_th: 0.49933862378819854,frac_lost: 0.105, li_recovered:  7.961, time: 0.005120118999911938
L: 0.50, u_super: 0.00122, sec: 66.580, prod: 0.026410, t_ads: 155.4, t_des: 137.4, bed_util_ads: 0.490, bed_util_des: 0.490, des_th: 0.48985055213572665,frac_lost: 0.105, li_recovered:  7.732, time: 0.0060895289989275625
L: 0.50, u_super: 0.00660, sec: 369.803, prod: 0.149370, t_ads: 29.4, t_des: 26.3, bed_util_ads: 0.500, bed_util_des: 0.500, des_th: 0.4997056279070185,frac_lost: 0.102, li_recovered:  8.317, time: 0.005291331000989885
L: 0.50, u_super: 0.00432, sec: 236.028, prod: 0.097032, t_ads: 45.0, t_des: 40.1, bed_util_ads: 0.499, bed_util_des: 0.499, des_th: 0.4989133090485739,frac_lost: 0.105, li_recovered:  8.264, time: 0.004166880000411766
L: 0.73, u_super: 0.00494, sec: 401.359, prod: 0.110344, t_ads: 57.7, t_des: 50.9, bed_util_ads: 0.499, bed_util_des: 0.499, des_th: 0.4991779646534151,frac_lost: 0.109, li_recovered:  11.983, time: 0.004555123001409811
L: 0.50, u_super: 0.00096, sec: 54.278, prod: 0.020028, t_ads: 197.0, t_des: 209.6, bed_util_ads: 0.463, bed_util_des: 0.460, des_th: 0.46045666766666976,frac_lost: 0.106, li_recovered:  8.144, time: 0.004462295999474009
L: 0.50, u_super: 0.00518, sec: 297.485, prod: 0.112207, t_ads: 37.4, t_des: 39.7, bed_util_ads: 0.478, bed_util_des: 0.478, des_th: 0.4777871101580041,frac_lost: 0.100, li_recovered:  8.644, time: 0.005325427999196108
L: 0.50, u_super: 0.00189, sec: 101.617, prod: 0.041765, t_ads: 101.2, t_des: 90.9, bed_util_ads: 0.493, bed_util_des: 0.492, des_th: 0.49230891456518244,frac_lost: 0.101, li_recovered:  8.026, time: 0.004044942999826162
L: 29.45, u_super: 0.00242 — INFEASIBLE (li_recovered=0.000e+00), time: 0.0008825779987091664
L: 0.50, u_super: 0.00699, sec: 394.408, prod: 0.157932, t_ads: 28.0, t_des: 25.4, bed_util_ads: 0.499, bed_util_des: 0.499, des_th: 0.4989982882909906,frac_lost: 0.109, li_recovered:  8.430, time: 0.004301276001569931
L: 0.50, u_super: 0.00954, sec: 552.782, prod: 0.216340, t_ads: 20.5, t_des: 18.6, bed_util_ads: 0.499, bed_util_des: 0.499, des_th: 0.49892444163899585,frac_lost: 0.104, li_recovered:  8.449, time: 0.005858734000867116
   110 |     4400 |     40 |  0.0018925806 |             f
L: 0.50, u_super: 0.00910, sec: 525.297, prod: 0.206078, t_ads: 21.5, t_des: 19.5, bed_util_ads: 0.499, bed_util_des: 0.499, des_th: 0.4990828414446339,frac_lost: 0.106, li_recovered:  8.451, time: 0.004922480999084655
L: 0.50, u_super: 0.00657, sec: 367.868, prod: 0.148714, t_ads: 29.5, t_des: 26.4, bed_util_ads: 0.500, bed_util_des: 0.500, des_th: 0.4997061418884369,frac_lost: 0.102, li_recovered:  8.326, time: 0.005592060999333626
L: 19.28, u_super: 0.00261 — INFEASIBLE (li_recovered=0.000e+00), time: 0.001048816999173141
L: 38.50, u_super: 0.00067 — INFEASIBLE (li_recovered=0.000e+00), time: 0.0006879720003780676
L: 0.50, u_super: 0.00990, sec: 579.536, prod: 0.223368, t_ads: 19.7, t_des: 18.8, bed_util_ads: 0.493, bed_util_des: 0.493, des_th: 0.49305773951214815,frac_lost: 0.104, li_recovered:  8.597, time: 0.004815260999748716
L: 0.50, u_super: 0.00652, sec: 364.395, prod: 0.147792, t_ads: 29.7, t_des: 26.9, bed_util_ads: 0.499, bed_util_des: 0.499, des_th: 0.4990822989553854,frac_lost: 0.101, li_recovered:  8.369, time: 0.004480453000724083
L: 0.50, u_super: 0.00900, sec: 944.140, prod: 0.112028, t_ads: 21.8, t_des: 56.2, bed_util_ads: 0.371, bed_util_des: 0.369, des_th: 0.3694529520009291,frac_lost: 0.108, li_recovered:  8.745, time: 0.008946964000642765
L: 0.50, u_super: 0.00620, sec: 345.912, prod: 0.140084, t_ads: 31.4, t_des: 28.3, bed_util_ads: 0.500, bed_util_des: 0.500, des_th: 0.4997200364930264,frac_lost: 0.105, li_recovered:  8.371, time: 0.0034443229997123126
L: 0.50, u_super: 0.00506, sec: 283.770, prod: 0.112186, t_ads: 38.3, t_des: 38.5, bed_util_ads: 0.485, bed_util_des: 0.485, des_th: 0.4850937122807373,frac_lost: 0.102, li_recovered:  8.609, time: 0.0055390669986081775
L: 0.50, u_super: 0.00192, sec: 104.134, prod: 0.042014, t_ads: 99.7, t_des: 86.1, bed_util_ads: 0.498, bed_util_des: 0.498, des_th: 0.49759404801551405,frac_lost: 0.102, li_recovered:  7.808, time: 0.004420489998665289
L: 0.50, u_super: 0.00863, sec: 495.676, prod: 0.195219, t_ads: 22.7, t_des: 20.6, bed_util_ads: 0.499, bed_util_des: 0.499, des_th: 0.49907998178551466,frac_lost: 0.107, li_recovered:  8.458, time: 0.006347814000037033
L: 0.50, u_super: 0.00716, sec: 404.399, prod: 0.161634, t_ads: 27.4, t_des: 24.5, bed_util_ads: 0.500, bed_util_des: 0.500, des_th: 0.49967726459970685,frac_lost: 0.108, li_recovered:  8.387, time: 0.006386873001247295
L: 0.50, u_super: 0.00580, sec: 321.956, prod: 0.131167, t_ads: 33.4, t_des: 29.9, bed_util_ads: 0.500, bed_util_des: 0.500, des_th: 0.49982406061576456,frac_lost: 0.102, li_recovered:  8.312, time: 0.006172775001687114
L: 0.50, u_super: 0.00359, sec: 195.208, prod: 0.080491, t_ads: 54.2, t_des: 48.4, bed_util_ads: 0.497, bed_util_des: 0.497, des_th: 0.4971491519972789,frac_lost: 0.107, li_recovered:  8.259, time: 0.005397704000642989
L: 43.83, u_super: 0.00150 — INFEASIBLE (li_recovered=0.000e+00), time: 0.0009484439997322625
L: 0.50, u_super: 0.00947, sec: 549.284, prod: 0.214597, t_ads: 20.6, t_des: 18.5, bed_util_ads: 0.500, bed_util_des: 0.500, des_th: 0.4999330660358279,frac_lost: 0.105, li_recovered:  8.397, time: 0.006712854001307278
L: 0.50, u_super: 0.00781, sec: 444.770, prod: 0.176465, t_ads: 25.1, t_des: 22.4, bed_util_ads: 0.500, bed_util_des: 0.500, des_th: 0.4999812166051749,frac_lost: 0.108, li_recovered:  8.382, time: 0.006784360999517958
L: 0.50, u_super: 0.00811, sec: 463.075, prod: 0.183366, t_ads: 24.1, t_des: 21.6, bed_util_ads: 0.500, bed_util_des: 0.500, des_th: 0.4997649416476982,frac_lost: 0.107, li_recovered:  8.388, time: 0.0054276630016829586
L: 0.50, u_super: 0.00781, sec: 442.764, prod: 0.177244, t_ads: 24.8, t_des: 22.8, bed_util_ads: 0.498, bed_util_des: 0.498, des_th: 0.49782509065678815,frac_lost: 0.100, li_recovered:  8.439, time: 0.004700448998846696
L: 0.50, u_super: 0.00388, sec: 211.197, prod: 0.087214, t_ads: 50.1, t_des: 45.2, bed_util_ads: 0.497, bed_util_des: 0.497, des_th: 0.4972050875554259,frac_lost: 0.106, li_recovered:  8.308, time: 0.005808007001178339
L: 0.50, u_super: 0.00974, sec: 566.662, prod: 0.220678, t_ads: 20.1, t_des: 18.2, bed_util_ads: 0.499, bed_util_des: 0.499, des_th: 0.4989184670505188,frac_lost: 0.106, li_recovered:  8.459, time: 0.004634877999706077
L: 0.50, u_super: 0.00528, sec: 291.426, prod: 0.119287, t_ads: 36.7, t_des: 32.9, bed_util_ads: 0.499, bed_util_des: 0.499, des_th: 0.49885460863633296,frac_lost: 0.102, li_recovered:  8.305, time: 0.004964206000295235
L: 0.50, u_super: 0.00012 — INFEASIBLE (li_recovered=0.000e+00), time: 0.0012830409996240633
L: 0.50, u_super: 0.00562, sec: 310.918, prod: 0.126880, t_ads: 34.5, t_des: 30.9, bed_util_ads: 0.499, bed_util_des: 0.499, des_th: 0.4991596848428798,frac_lost: 0.102, li_recovered:  8.310, time: 0.0038428860007115873
L: 0.50, u_super: 0.00951, sec: 589.379, prod: 0.201779, t_ads: 20.5, t_des: 22.6, bed_util_ads: 0.475, bed_util_des: 0.475, des_th: 0.474801300698429,frac_lost: 0.105, li_recovered:  8.712, time: 0.004892538001513458
L: 0.50, u_super: 0.00435, sec: 238.267, prod: 0.097823, t_ads: 44.7, t_des: 39.9, bed_util_ads: 0.499, bed_util_des: 0.499, des_th: 0.49918082431253424,frac_lost: 0.107, li_recovered:  8.281, time: 0.003997154999524355
L: 0.50, u_super: 0.00144, sec: 79.832, prod: 0.030759, t_ads: 132.9, t_des: 110.4, bed_util_ads: 0.500, bed_util_des: 0.500, des_th: 0.4999812166051749,frac_lost: 0.109, li_recovered:  7.485, time: 0.003780394001296372
L: 0.50, u_super: 0.00648, sec: 362.160, prod: 0.146490, t_ads: 30.0, t_des: 26.8, bed_util_ads: 0.500, bed_util_des: 0.500, des_th: 0.4999938791134551,frac_lost: 0.102, li_recovered:  8.315, time: 0.003887811000822694
L: 0.50, u_super: 0.00966, sec: 571.407, prod: 0.215273, t_ads: 20.2, t_des: 20.1, bed_util_ads: 0.488, bed_util_des: 0.488, des_th: 0.48765826070657237,frac_lost: 0.103, li_recovered:  8.668, time: 0.004194832001303439
L: 0.50, u_super: 0.00189, sec: 101.504, prod: 0.041799, t_ads: 101.0, t_des: 91.0, bed_util_ads: 0.493, bed_util_des: 0.492, des_th: 0.49230891456518244,frac_lost: 0.100, li_recovered:  8.026, time: 0.003926710000087041
L: 0.50, u_super: 0.00714, sec: 408.139, prod: 0.159401, t_ads: 27.4, t_des: 26.7, bed_util_ads: 0.490, bed_util_des: 0.490, des_th: 0.4896789011788311,frac_lost: 0.109, li_recovered:  8.625, time: 0.0039023829995130654
L: 0.50, u_super: 0.00817, sec: 505.842, prod: 0.170546, t_ads: 24.0, t_des: 27.1, bed_util_ads: 0.471, bed_util_des: 0.471, des_th: 0.4710073930480959,frac_lost: 0.106, li_recovered:  8.706, time: 0.0042375229986646445
L: 0.50, u_super: 0.00523, sec: 288.772, prod: 0.117877, t_ads: 37.1, t_des: 32.8, bed_util_ads: 0.500, bed_util_des: 0.500, des_th: 0.49997502401337884,frac_lost: 0.102, li_recovered:  8.238, time: 0.0035145400015608175
L: 0.50, u_super: 0.00359, sec: 195.053, prod: 0.080531, t_ads: 54.1, t_des: 48.4, bed_util_ads: 0.497, bed_util_des: 0.497, des_th: 0.4971196165156607,frac_lost: 0.106, li_recovered:  8.247, time: 0.0036086740001337603
L: 0.50, u_super: 0.00206, sec: 110.798, prod: 0.045592, t_ads: 94.0, t_des: 85.7, bed_util_ads: 0.493, bed_util_des: 0.492, des_th: 0.49230891456518244,frac_lost: 0.108, li_recovered:  8.191, time: 0.004046156000185874
L: 0.50, u_super: 0.00657, sec: 367.574, prod: 0.148780, t_ads: 29.5, t_des: 26.4, bed_util_ads: 0.499, bed_util_des: 0.499, des_th: 0.4990774988153178,frac_lost: 0.100, li_recovered:  8.317, time: 0.004428618000019924
L: 0.50, u_super: 0.00952, sec: 552.324, prod: 0.215972, t_ads: 20.5, t_des: 18.7, bed_util_ads: 0.499, bed_util_des: 0.499, des_th: 0.49918187517182316,frac_lost: 0.104, li_recovered:  8.460, time: 0.0043422250000730855
L: 0.50, u_super: 0.00459, sec: 251.323, prod: 0.103189, t_ads: 42.4, t_des: 37.8, bed_util_ads: 0.499, bed_util_des: 0.499, des_th: 0.49894794484295335,frac_lost: 0.104, li_recovered:  8.272, time: 0.0037554230002569966
L: 0.50, u_super: 0.00548, sec: 303.072, prod: 0.123739, t_ads: 35.4, t_des: 31.7, bed_util_ads: 0.500, bed_util_des: 0.500, des_th: 0.49982406061576456,frac_lost: 0.103, li_recovered:  8.303, time: 0.00476348000120197
L: 0.50, u_super: 0.00521, sec: 287.154, prod: 0.117520, t_ads: 37.3, t_des: 33.4, bed_util_ads: 0.500, bed_util_des: 0.500, des_th: 0.49995994973900787,frac_lost: 0.103, li_recovered:  8.303, time: 0.004791383000338101
   111 |     4440 |     40 |  0.0046443261 |             f
L: 27.82, u_super: 0.00445 — INFEASIBLE (li_recovered=0.000e+00), time: 0.0023716889991192147
L: 0.50, u_super: 0.00236, sec: 127.872, prod: 0.052137, t_ads: 81.7, t_des: 70.9, bed_util_ads: 0.500, bed_util_des: 0.500, des_th: 0.49976248438397863,frac_lost: 0.105, li_recovered:  7.960, time: 0.005325463998815394
L: 0.50, u_super: 0.00699, sec: 392.808, prod: 0.158573, t_ads: 27.7, t_des: 25.1, bed_util_ads: 0.499, bed_util_des: 0.499, des_th: 0.4990828414446339,frac_lost: 0.100, li_recovered:  8.383, time: 0.004191406000245479
L: 0.50, u_super: 0.00863, sec: 496.140, prod: 0.195261, t_ads: 22.7, t_des: 20.6, bed_util_ads: 0.499, bed_util_des: 0.499, des_th: 0.4990828414446339,frac_lost: 0.108, li_recovered:  8.448, time: 0.004490429999350454
L: 0.50, u_super: 0.00428, sec: 234.113, prod: 0.096233, t_ads: 45.4, t_des: 40.5, bed_util_ads: 0.499, bed_util_des: 0.499, des_th: 0.49917648714115376,frac_lost: 0.105, li_recovered:  8.263, time: 0.004087070999958087
L: 0.50, u_super: 0.00363, sec: 197.654, prod: 0.081307, t_ads: 53.5, t_des: 47.3, bed_util_ads: 0.499, bed_util_des: 0.499, des_th: 0.49916844300720925,frac_lost: 0.106, li_recovered:  8.194, time: 0.005163394000192056
L: 21.96, u_super: 0.00650 — INFEASIBLE (li_recovered=0.000e+00), time: 0.0011117370013380423
L: 0.50, u_super: 0.00799, sec: 456.089, prod: 0.180708, t_ads: 24.5, t_des: 21.9, bed_util_ads: 0.500, bed_util_des: 0.500, des_th: 0.49982406061576456,frac_lost: 0.108, li_recovered:  8.393, time: 0.0037523450009757653
L: 27.87, u_super: 0.00122 — INFEASIBLE (li_recovered=0.000e+00), time: 0.0007167580006353091
L: 0.50, u_super: 0.00598, sec: 332.283, prod: 0.135221, t_ads: 32.4, t_des: 29.1, bed_util_ads: 0.499, bed_util_des: 0.499, des_th: 0.4990690132872931,frac_lost: 0.101, li_recovered:  8.313, time: 0.003716355000506155
L: 0.50, u_super: 0.00155, sec: 83.366, prod: 0.033997, t_ads: 123.5, t_des: 112.3, bed_util_ads: 0.490, bed_util_des: 0.490, des_th: 0.48985055213572665,frac_lost: 0.105, li_recovered:  8.015, time: 0.0039472200005548075
L: 0.50, u_super: 0.00217, sec: 117.346, prod: 0.047659, t_ads: 88.4, t_des: 76.5, bed_util_ads: 0.499, bed_util_des: 0.498, des_th: 0.4983828799622319,frac_lost: 0.100, li_recovered:  7.857, time: 0.00394866700116836
L: 0.50, u_super: 0.00242, sec: 131.200, prod: 0.053575, t_ads: 79.5, t_des: 69.1, bed_util_ads: 0.500, bed_util_des: 0.499, des_th: 0.499328636145828,frac_lost: 0.104, li_recovered:  7.966, time: 0.006972859000597964
L: 0.50, u_super: 0.00017, sec: 11.934, prod: 0.002790, t_ads: 919.7, t_des: 1119.7, bed_util_ads: 0.372, bed_util_des: 0.360, des_th: 0.3605926040770024,frac_lost: 0.100, li_recovered:  5.689, time: 0.004302280000047176
L: 0.50, u_super: 0.00024 — INFEASIBLE (li_recovered=0.000e+00), time: 0.0020341569997981424
L: 0.50, u_super: 0.00333, sec: 180.667, prod: 0.074422, t_ads: 58.3, t_des: 51.6, bed_util_ads: 0.499, bed_util_des: 0.499, des_th: 0.4991779646534151,frac_lost: 0.106, li_recovered:  8.177, time: 0.004458928000531159
L: 0.50, u_super: 0.00708, sec: 398.122, prod: 0.160585, t_ads: 27.4, t_des: 25.1, bed_util_ads: 0.498, bed_util_des: 0.498, des_th: 0.49782509065678815,frac_lost: 0.101, li_recovered:  8.424, time: 0.004121370000575553
L: 0.50, u_super: 0.00359, sec: 194.933, prod: 0.080580, t_ads: 54.1, t_des: 48.9, bed_util_ads: 0.497, bed_util_des: 0.497, des_th: 0.4971069258974935,frac_lost: 0.106, li_recovered:  8.301, time: 0.005099620999317267
L: 0.50, u_super: 0.00863, sec: 495.870, prod: 0.195365, t_ads: 22.7, t_des: 20.6, bed_util_ads: 0.499, bed_util_des: 0.499, des_th: 0.4990828414446339,frac_lost: 0.107, li_recovered:  8.452, time: 0.004443646999789053
L: 0.50, u_super: 0.00663, sec: 371.312, prod: 0.150038, t_ads: 29.3, t_des: 26.2, bed_util_ads: 0.499, bed_util_des: 0.499, des_th: 0.4991672980181774,frac_lost: 0.102, li_recovered:  8.327, time: 0.004422375001013279
L: 0.50, u_super: 0.00015 — INFEASIBLE (li_recovered=0.000e+00), time: 0.001981105000595562
L: 40.66, u_super: 0.00990 — INFEASIBLE (li_recovered=0.000e+00), time: 0.0013837869992130436
L: 0.50, u_super: 0.00663, sec: 372.435, prod: 0.149585, t_ads: 29.6, t_des: 26.8, bed_util_ads: 0.499, bed_util_des: 0.499, des_th: 0.49885460863633296,frac_lost: 0.109, li_recovered:  8.429, time: 0.0066057630010618595
L: 0.50, u_super: 0.00503, sec: 277.043, prod: 0.113319, t_ads: 38.7, t_des: 34.5, bed_util_ads: 0.499, bed_util_des: 0.499, des_th: 0.4989198870654529,frac_lost: 0.104, li_recovered:  8.289, time: 0.007152408001275035
L: 0.50, u_super: 0.00642, sec: 358.388, prod: 0.145552, t_ads: 30.2, t_des: 27.6, bed_util_ads: 0.497, bed_util_des: 0.497, des_th: 0.4971491519972789,frac_lost: 0.101, li_recovered:  8.416, time: 0.007816235000063898
L: 0.50, u_super: 0.00043, sec: 25.664, prod: 0.008297, t_ads: 410.8, t_des: 369.4, bed_util_ads: 0.462, bed_util_des: 0.462, des_th: 0.46162276596761775,frac_lost: 0.100, li_recovered:  6.473, time: 0.006301744000666076
L: 9.74, u_super: 0.00549 — INFEASIBLE (li_recovered=0.000e+00), time: 0.0032973029992717784
L: 0.50, u_super: 0.00242, sec: 130.309, prod: 0.053942, t_ads: 79.7, t_des: 74.2, bed_util_ads: 0.490, bed_util_des: 0.490, des_th: 0.4897772270852187,frac_lost: 0.105, li_recovered:  8.303, time: 0.0065602989998296835
L: 0.50, u_super: 0.00287, sec: 155.714, prod: 0.063673, t_ads: 67.3, t_des: 58.4, bed_util_ads: 0.500, bed_util_des: 0.500, des_th: 0.49998702569137904,frac_lost: 0.104, li_recovered:  8.004, time: 0.005903489000047557
L: 0.50, u_super: 0.00981, sec: 571.366, prod: 0.222486, t_ads: 19.9, t_des: 17.9, bed_util_ads: 0.500, bed_util_des: 0.500, des_th: 0.49994585501309635,frac_lost: 0.105, li_recovered:  8.404, time: 0.006817790999775752
L: 0.50, u_super: 0.00758, sec: 428.736, prod: 0.172090, t_ads: 25.6, t_des: 23.4, bed_util_ads: 0.498, bed_util_des: 0.498, des_th: 0.49779856355676666,frac_lost: 0.100, li_recovered:  8.431, time: 0.01023473399982322
L: 0.50, u_super: 0.00888, sec: 511.201, prod: 0.200989, t_ads: 22.0, t_des: 19.8, bed_util_ads: 0.500, bed_util_des: 0.500, des_th: 0.4998148937301834,frac_lost: 0.106, li_recovered:  8.408, time: 0.013221803999840631
L: 0.50, u_super: 0.00191, sec: 102.730, prod: 0.042073, t_ads: 100.3, t_des: 89.1, bed_util_ads: 0.494, bed_util_des: 0.494, des_th: 0.49380448312704356,frac_lost: 0.102, li_recovered:  7.968, time: 0.008188702000552439
L: 0.50, u_super: 0.00502, sec: 276.354, prod: 0.113112, t_ads: 38.7, t_des: 34.5, bed_util_ads: 0.499, bed_util_des: 0.499, des_th: 0.4993204919383124,frac_lost: 0.104, li_recovered:  8.283, time: 0.009926606000590255
L: 0.50, u_super: 0.00461, sec: 253.115, prod: 0.103798, t_ads: 42.2, t_des: 37.7, bed_util_ads: 0.499, bed_util_des: 0.499, des_th: 0.4989606353902974,frac_lost: 0.106, li_recovered:  8.287, time: 0.012976668998817331
L: 0.50, u_super: 0.00435, sec: 238.193, prod: 0.097851, t_ads: 44.7, t_des: 39.8, bed_util_ads: 0.499, bed_util_des: 0.499, des_th: 0.49918082431253424,frac_lost: 0.106, li_recovered:  8.272, time: 0.012250791000042227
L: 0.50, u_super: 0.00620, sec: 346.283, prod: 0.139933, t_ads: 31.5, t_des: 28.3, bed_util_ads: 0.499, bed_util_des: 0.499, des_th: 0.49885575362536483,frac_lost: 0.107, li_recovered:  8.371, time: 0.01045122700088541
L: 0.50, u_super: 0.00617, sec: 344.654, prod: 0.138980, t_ads: 31.8, t_des: 28.5, bed_util_ads: 0.500, bed_util_des: 0.500, des_th: 0.4999652571680934,frac_lost: 0.110, li_recovered:  8.374, time: 0.007674587999645155
L: 0.50, u_super: 0.00503, sec: 276.792, prod: 0.113422, t_ads: 38.6, t_des: 34.5, bed_util_ads: 0.499, bed_util_des: 0.499, des_th: 0.4991779646534151,frac_lost: 0.103, li_recovered:  8.283, time: 0.008457616000669077
L: 0.50, u_super: 0.00027, sec: 18.125, prod: 0.004668, t_ads: 650.7, t_des: 862.9, bed_util_ads: 0.393, bed_util_des: 0.379, des_th: 0.37909572868148006,frac_lost: 0.102, li_recovered:  7.065, time: 0.011163695999130141
   112 |     4480 |     40 |  0.0014638285 |             f
L: 0.50, u_super: 0.00859, sec: 492.872, prod: 0.194333, t_ads: 22.8, t_des: 20.7, bed_util_ads: 0.499, bed_util_des: 0.499, des_th: 0.4991730285754001,frac_lost: 0.107, li_recovered:  8.455, time: 0.0071807639997132355
L: 0.50, u_super: 0.00242, sec: 130.160, prod: 0.054006, t_ads: 79.4, t_des: 74.3, bed_util_ads: 0.490, bed_util_des: 0.490, des_th: 0.4897772270852187,frac_lost: 0.103, li_recovered:  8.301, time: 0.006932970001798822
L: 0.50, u_super: 0.00724, sec: 409.016, prod: 0.163488, t_ads: 27.1, t_des: 24.3, bed_util_ads: 0.500, bed_util_des: 0.500, des_th: 0.49986604104308724,frac_lost: 0.108, li_recovered:  8.402, time: 0.0069283479988371255
L: 0.50, u_super: 0.00333, sec: 180.747, prod: 0.074388, t_ads: 58.4, t_des: 51.6, bed_util_ads: 0.499, bed_util_des: 0.499, des_th: 0.498965753501674,frac_lost: 0.107, li_recovered:  8.178, time: 0.006263448000026983
L: 35.90, u_super: 0.00548 — INFEASIBLE (li_recovered=0.000e+00), time: 0.0011444449992268346
L: 0.50, u_super: 0.00928, sec: 536.970, prod: 0.210484, t_ads: 21.0, t_des: 19.1, bed_util_ads: 0.499, bed_util_des: 0.499, des_th: 0.49917828812211296,frac_lost: 0.105, li_recovered:  8.447, time: 0.004217411000354332
L: 0.50, u_super: 0.00990, sec: 577.001, prod: 0.224422, t_ads: 19.8, t_des: 17.9, bed_util_ads: 0.500, bed_util_des: 0.500, des_th: 0.4997275809196764,frac_lost: 0.106, li_recovered:  8.452, time: 0.0039569609998579836
L: 0.50, u_super: 0.00663, sec: 371.048, prod: 0.150144, t_ads: 29.2, t_des: 26.2, bed_util_ads: 0.500, bed_util_des: 0.500, des_th: 0.49976831440585984,frac_lost: 0.100, li_recovered:  8.325, time: 0.0042641969994292594
L: 0.50, u_super: 0.00389, sec: 391.424, prod: 0.047152, t_ads: 50.3, t_des: 134.2, bed_util_ads: 0.364, bed_util_des: 0.361, des_th: 0.3605926040770024,frac_lost: 0.105, li_recovered:  8.698, time: 0.007347872000536881
L: 0.50, u_super: 0.00467, sec: 255.852, prod: 0.105011, t_ads: 41.6, t_des: 37.2, bed_util_ads: 0.499, bed_util_des: 0.499, des_th: 0.4989778071605865,frac_lost: 0.104, li_recovered:  8.276, time: 0.003991995999967912
L: 0.50, u_super: 0.00066, sec: 36.997, prod: 0.013829, t_ads: 277.4, t_des: 259.5, bed_util_ads: 0.472, bed_util_des: 0.470, des_th: 0.47047165046373185,frac_lost: 0.101, li_recovered:  7.425, time: 0.0035142329998052446
L: 0.50, u_super: 0.00814, sec: 465.079, prod: 0.184304, t_ads: 24.0, t_des: 21.8, bed_util_ads: 0.499, bed_util_des: 0.499, des_th: 0.4991779646534151,frac_lost: 0.107, li_recovered:  8.439, time: 0.004385870999612962
L: 0.50, u_super: 0.00162, sec: 87.752, prod: 0.035599, t_ads: 117.7, t_des: 104.2, bed_util_ads: 0.494, bed_util_des: 0.493, des_th: 0.4932996447264866,frac_lost: 0.104, li_recovered:  7.899, time: 0.004528030000074068
L: 0.50, u_super: 0.00755, sec: 428.509, prod: 0.170734, t_ads: 25.9, t_des: 23.6, bed_util_ads: 0.499, bed_util_des: 0.499, des_th: 0.49885428098331747,frac_lost: 0.108, li_recovered:  8.447, time: 0.003690789000756922
L: 0.50, u_super: 0.00391, sec: 213.192, prod: 0.087752, t_ads: 49.8, t_des: 44.4, bed_util_ads: 0.499, bed_util_des: 0.499, des_th: 0.4990828414446339,frac_lost: 0.107, li_recovered:  8.266, time: 0.0038873879984748783
L: 0.50, u_super: 0.00591, sec: 327.998, prod: 0.133641, t_ads: 32.8, t_des: 29.4, bed_util_ads: 0.500, bed_util_des: 0.500, des_th: 0.49982406061576456,frac_lost: 0.101, li_recovered:  8.309, time: 0.003433383999436046
L: 0.50, u_super: 0.00869, sec: 499.650, prod: 0.196759, t_ads: 22.5, t_des: 20.6, bed_util_ads: 0.498, bed_util_des: 0.498, des_th: 0.49830126097998895,frac_lost: 0.106, li_recovered:  8.485, time: 0.0035643970004457515
L: 0.50, u_super: 0.00544, sec: 300.927, prod: 0.122689, t_ads: 35.7, t_des: 31.6, bed_util_ads: 0.500, bed_util_des: 0.500, des_th: 0.49996504751572074,frac_lost: 0.102, li_recovered:  8.256, time: 0.00390856400008488
L: 0.50, u_super: 0.00095, sec: 53.042, prod: 0.020087, t_ads: 197.1, t_des: 169.5, bed_util_ads: 0.490, bed_util_des: 0.490, des_th: 0.4897798706090417,frac_lost: 0.105, li_recovered:  7.363, time: 0.004142367999520502
L: 0.50, u_super: 0.00407, sec: 221.955, prod: 0.091222, t_ads: 47.9, t_des: 42.8, bed_util_ads: 0.499, bed_util_des: 0.499, des_th: 0.49917648714115376,frac_lost: 0.108, li_recovered:  8.274, time: 0.004114388999369112
L: 0.50, u_super: 0.00433, sec: 236.893, prod: 0.097239, t_ads: 45.0, t_des: 40.0, bed_util_ads: 0.499, bed_util_des: 0.499, des_th: 0.4990863000103876,frac_lost: 0.107, li_recovered:  8.269, time: 0.004108261000510538
L: 0.50, u_super: 0.00127, sec: 69.276, prod: 0.027600, t_ads: 148.9, t_des: 131.8, bed_util_ads: 0.490, bed_util_des: 0.490, des_th: 0.48985055213572665,frac_lost: 0.103, li_recovered:  7.746, time: 0.0034616089997143717
L: 0.50, u_super: 0.00799, sec: 456.102, prod: 0.180678, t_ads: 24.5, t_des: 21.9, bed_util_ads: 0.500, bed_util_des: 0.500, des_th: 0.49992685261647757,frac_lost: 0.108, li_recovered:  8.386, time: 0.003698288001032779
L: 0.50, u_super: 0.00171, sec: 92.115, prod: 0.037740, t_ads: 111.4, t_des: 100.3, bed_util_ads: 0.493, bed_util_des: 0.492, des_th: 0.49251784707927326,frac_lost: 0.102, li_recovered:  7.990, time: 0.0047441349997825455
L: 31.78, u_super: 0.00528 — INFEASIBLE (li_recovered=0.000e+00), time: 0.0011466870000731433
L: 19.53, u_super: 0.00503 — INFEASIBLE (li_recovered=0.000e+00), time: 0.0011324529987177812
L: 0.50, u_super: 0.00811, sec: 462.594, prod: 0.183557, t_ads: 24.1, t_des: 21.9, bed_util_ads: 0.499, bed_util_des: 0.499, des_th: 0.4988517273257239,frac_lost: 0.106, li_recovered:  8.435, time: 0.003689772000143421
L: 0.50, u_super: 0.00019 — INFEASIBLE (li_recovered=0.000e+00), time: 0.0015395549999084324
L: 58.91, u_super: 0.00926 — INFEASIBLE (li_recovered=0.000e+00), time: 0.0010419639984320384
L: 0.50, u_super: 0.00082 — INFEASIBLE (li_recovered=0.000e+00), time: 0.0028298929992160993
L: 0.50, u_super: 0.00329, sec: 178.922, prod: 0.073473, t_ads: 59.1, t_des: 52.1, bed_util_ads: 0.500, bed_util_des: 0.500, des_th: 0.49976545562911656,frac_lost: 0.109, li_recovered:  8.171, time: 0.004757197000799351
L: 0.50, u_super: 0.00460, sec: 251.995, prod: 0.103366, t_ads: 42.3, t_des: 37.7, bed_util_ads: 0.499, bed_util_des: 0.499, des_th: 0.4989609630433129,frac_lost: 0.105, li_recovered:  8.276, time: 0.004844003000471275
L: 0.50, u_super: 0.00697, sec: 392.670, prod: 0.157230, t_ads: 28.1, t_des: 25.8, bed_util_ads: 0.497, bed_util_des: 0.497, des_th: 0.4972050875554259,frac_lost: 0.108, li_recovered:  8.482, time: 0.0035613830004876945
L: 0.50, u_super: 0.00258, sec: 139.957, prod: 0.057204, t_ads: 74.6, t_des: 64.8, bed_util_ads: 0.499, bed_util_des: 0.499, des_th: 0.49916844300720925,frac_lost: 0.104, li_recovered:  7.979, time: 0.0037295509991963627
L: 0.50, u_super: 0.00017, sec: 11.917, prod: 0.002794, t_ads: 933.6, t_des: 1145.0, bed_util_ads: 0.372, bed_util_des: 0.358, des_th: 0.3583333221241295,frac_lost: 0.102, li_recovered:  5.807, time: 0.004921776000628597
L: 0.50, u_super: 0.00962, sec: 558.519, prod: 0.217978, t_ads: 20.3, t_des: 18.5, bed_util_ads: 0.499, bed_util_des: 0.499, des_th: 0.49885624513577254,frac_lost: 0.105, li_recovered:  8.463, time: 0.005102344999613706
L: 0.50, u_super: 0.00243, sec: 158.088, prod: 0.044823, t_ads: 79.3, t_des: 111.8, bed_util_ads: 0.438, bed_util_des: 0.436, des_th: 0.43622473378496596,frac_lost: 0.101, li_recovered:  8.563, time: 0.0068665969993162435
L: 0.50, u_super: 0.00502, sec: 276.096, prod: 0.113218, t_ads: 38.7, t_des: 34.6, bed_util_ads: 0.499, bed_util_des: 0.499, des_th: 0.4993204919383124,frac_lost: 0.103, li_recovered:  8.295, time: 0.004604456000379287
L: 0.50, u_super: 0.00105, sec: 61.985, prod: 0.020792, t_ads: 181.2, t_des: 215.1, bed_util_ads: 0.451, bed_util_des: 0.447, des_th: 0.4475192934057209,frac_lost: 0.103, li_recovered:  8.240, time: 0.0048923630001809215
L: 0.50, u_super: 0.00679, sec: 389.109, prod: 0.150496, t_ads: 28.8, t_des: 28.6, bed_util_ads: 0.488, bed_util_des: 0.487, des_th: 0.4873246405587341,frac_lost: 0.108, li_recovered:  8.647, time: 0.006632024000282399
   113 |     4520 |     40 |  0.0044660172 |             f
L: 0.50, u_super: 0.00724, sec: 409.487, prod: 0.163594, t_ads: 27.0, t_des: 24.6, bed_util_ads: 0.498, bed_util_des: 0.498, des_th: 0.4982810863278447,frac_lost: 0.108, li_recovered:  8.450, time: 0.005365242999687325
L: 0.50, u_super: 0.00012 — INFEASIBLE (li_recovered=0.000e+00), time: 0.001322747999438434
L: 15.91, u_super: 0.00072 — INFEASIBLE (li_recovered=0.000e+00), time: 0.0010373059994890355
L: 0.50, u_super: 0.00600, sec: 333.803, prod: 0.135637, t_ads: 32.4, t_des: 30.0, bed_util_ads: 0.496, bed_util_des: 0.496, des_th: 0.49605265437766255,frac_lost: 0.103, li_recovered:  8.465, time: 0.004206210000120336
L: 0.50, u_super: 0.00490, sec: 269.783, prod: 0.110367, t_ads: 39.7, t_des: 35.4, bed_util_ads: 0.500, bed_util_des: 0.500, des_th: 0.4996901623562273,frac_lost: 0.106, li_recovered:  8.288, time: 0.004341877000115346
L: 0.50, u_super: 0.00947, sec: 549.288, prod: 0.214605, t_ads: 20.6, t_des: 18.5, bed_util_ads: 0.500, bed_util_des: 0.500, des_th: 0.4999330660358279,frac_lost: 0.105, li_recovered:  8.397, time: 0.00519338800040714
L: 0.50, u_super: 0.00781, sec: 442.853, prod: 0.177170, t_ads: 24.9, t_des: 22.7, bed_util_ads: 0.498, bed_util_des: 0.498, des_th: 0.49778731665928944,frac_lost: 0.101, li_recovered:  8.435, time: 0.004622373000529478
L: 0.50, u_super: 0.00311, sec: 172.165, prod: 0.067893, t_ads: 62.6, t_des: 63.4, bed_util_ads: 0.482, bed_util_des: 0.481, des_th: 0.4814942103193398,frac_lost: 0.108, li_recovered:  8.551, time: 0.004518904999713413
L: 0.50, u_super: 0.00727, sec: 409.912, prod: 0.164620, t_ads: 26.7, t_des: 23.8, bed_util_ads: 0.500, bed_util_des: 0.500, des_th: 0.49996114584174417,frac_lost: 0.100, li_recovered:  8.319, time: 0.004093401999853086
L: 0.50, u_super: 0.00635, sec: 354.593, prod: 0.143491, t_ads: 30.6, t_des: 27.3, bed_util_ads: 0.500, bed_util_des: 0.500, des_th: 0.49982406061576456,frac_lost: 0.103, li_recovered:  8.316, time: 0.004060412000399083
L: 0.50, u_super: 0.00859, sec: 493.245, prod: 0.194178, t_ads: 22.8, t_des: 20.7, bed_util_ads: 0.499, bed_util_des: 0.499, des_th: 0.4991682080524575,frac_lost: 0.108, li_recovered:  8.456, time: 0.004940449000059743
L: 0.50, u_super: 0.00946, sec: 548.423, prod: 0.214437, t_ads: 20.7, t_des: 18.7, bed_util_ads: 0.499, bed_util_des: 0.499, des_th: 0.49885624513577254,frac_lost: 0.105, li_recovered:  8.443, time: 0.0037500500002352055
L: 0.50, u_super: 0.00781, sec: 443.012, prod: 0.177145, t_ads: 24.9, t_des: 22.4, bed_util_ads: 0.500, bed_util_des: 0.500, des_th: 0.4996784798504127,frac_lost: 0.101, li_recovered:  8.376, time: 0.00399024400030612
L: 0.50, u_super: 0.00915, sec: 528.540, prod: 0.207396, t_ads: 21.4, t_des: 19.4, bed_util_ads: 0.500, bed_util_des: 0.500, des_th: 0.49993550011875165,frac_lost: 0.105, li_recovered:  8.444, time: 0.00500168199869222
L: 0.50, u_super: 0.00583, sec: 333.516, prod: 0.127821, t_ads: 33.3, t_des: 34.4, bed_util_ads: 0.482, bed_util_des: 0.482, des_th: 0.481868130774883,frac_lost: 0.101, li_recovered:  8.648, time: 0.005360171999200247
L: 17.88, u_super: 0.00679 — INFEASIBLE (li_recovered=0.000e+00), time: 0.0025390760001755552
L: 0.50, u_super: 0.00508, sec: 279.412, prod: 0.114543, t_ads: 38.2, t_des: 34.2, bed_util_ads: 0.499, bed_util_des: 0.499, des_th: 0.4993204919383124,frac_lost: 0.102, li_recovered:  8.290, time: 0.004028004999781842
L: 0.50, u_super: 0.00548, sec: 302.976, prod: 0.123782, t_ads: 35.4, t_des: 31.7, bed_util_ads: 0.500, bed_util_des: 0.500, des_th: 0.49982406061576456,frac_lost: 0.102, li_recovered:  8.306, time: 0.004344609000327182
L: 0.50, u_super: 0.00699, sec: 392.930, prod: 0.158523, t_ads: 27.7, t_des: 25.1, bed_util_ads: 0.499, bed_util_des: 0.499, des_th: 0.4990828414446339,frac_lost: 0.101, li_recovered:  8.376, time: 0.007145711999328341
L: 0.50, u_super: 0.00242, sec: 130.282, prod: 0.053955, t_ads: 79.6, t_des: 74.3, bed_util_ads: 0.490, bed_util_des: 0.490, des_th: 0.4897530468605936,frac_lost: 0.104, li_recovered:  8.308, time: 0.004281011000784929
L: 0.50, u_super: 0.00787, sec: 866.017, prod: 0.092203, t_ads: 24.8, t_des: 70.0, bed_util_ads: 0.360, bed_util_des: 0.358, des_th: 0.3583333221241295,frac_lost: 0.102, li_recovered:  8.737, time: 0.011390104000383872
L: 0.50, u_super: 0.00619, sec: 345.329, prod: 0.139988, t_ads: 31.4, t_des: 28.0, bed_util_ads: 0.500, bed_util_des: 0.500, des_th: 0.49998702569137904,frac_lost: 0.102, li_recovered:  8.306, time: 0.006701842999973451
L: 0.50, u_super: 0.00679, sec: 381.518, prod: 0.153264, t_ads: 28.8, t_des: 26.5, bed_util_ads: 0.497, bed_util_des: 0.497, des_th: 0.4971491519972789,frac_lost: 0.107, li_recovered:  8.471, time: 0.005366859000787372
L: 0.50, u_super: 0.00981, sec: 570.457, prod: 0.222481, t_ads: 19.9, t_des: 18.1, bed_util_ads: 0.499, bed_util_des: 0.499, des_th: 0.49935791049526534,frac_lost: 0.104, li_recovered:  8.448, time: 0.004209643000649521
L: 0.50, u_super: 0.00928, sec: 537.076, prod: 0.210427, t_ads: 21.0, t_des: 19.1, bed_util_ads: 0.499, bed_util_des: 0.499, des_th: 0.4991210503824132,frac_lost: 0.105, li_recovered:  8.452, time: 0.0047644380010751775
L: 0.50, u_super: 0.00924, sec: 535.787, prod: 0.208707, t_ads: 21.2, t_des: 19.9, bed_util_ads: 0.495, bed_util_des: 0.495, des_th: 0.4950165697000298,frac_lost: 0.106, li_recovered:  8.565, time: 0.005205034000027808
L: 15.11, u_super: 0.00901 — INFEASIBLE (li_recovered=0.000e+00), time: 0.0029730500009463867
L: 0.50, u_super: 0.00858, sec: 530.904, prod: 0.180041, t_ads: 22.7, t_des: 25.6, bed_util_ads: 0.471, bed_util_des: 0.471, des_th: 0.4707943607081836,frac_lost: 0.104, li_recovered:  8.705, time: 0.005085238000901882
L: 0.50, u_super: 0.00467, sec: 255.916, prod: 0.104985, t_ads: 41.7, t_des: 37.2, bed_util_ads: 0.499, bed_util_des: 0.499, des_th: 0.4989778071605865,frac_lost: 0.105, li_recovered:  8.287, time: 0.006195815998580656
L: 0.50, u_super: 0.00620, sec: 345.492, prod: 0.140260, t_ads: 31.4, t_des: 28.3, bed_util_ads: 0.499, bed_util_des: 0.499, des_th: 0.49917326353015185,frac_lost: 0.103, li_recovered:  8.374, time: 0.00557646100060083
L: 0.50, u_super: 0.00990, sec: 577.231, prod: 0.224260, t_ads: 19.8, t_des: 17.9, bed_util_ads: 0.500, bed_util_des: 0.500, des_th: 0.4997674829375457,frac_lost: 0.107, li_recovered:  8.461, time: 0.005483541001012782
L: 0.50, u_super: 0.00580, sec: 321.874, prod: 0.131200, t_ads: 33.4, t_des: 30.0, bed_util_ads: 0.500, bed_util_des: 0.500, des_th: 0.49982406061576456,frac_lost: 0.101, li_recovered:  8.313, time: 0.007697971999732545
L: 0.50, u_super: 0.00191, sec: 102.537, prod: 0.042152, t_ads: 100.5, t_des: 90.2, bed_util_ads: 0.494, bed_util_des: 0.494, des_th: 0.49380448312704356,frac_lost: 0.103, li_recovered:  8.035, time: 0.006837151000581798
L: 1.49, u_super: 0.00724, sec: 1245.498, prod: 0.160465, t_ads: 79.6, t_des: 69.9, bed_util_ads: 0.499, bed_util_des: 0.498, des_th: 0.498296512621756,frac_lost: 0.106, li_recovered:  23.990, time: 0.004814986999917892
L: 0.50, u_super: 0.00763, sec: 433.312, prod: 0.172546, t_ads: 25.6, t_des: 23.2, bed_util_ads: 0.499, bed_util_des: 0.499, des_th: 0.498837933233278,frac_lost: 0.107, li_recovered:  8.435, time: 0.005416268999397289
L: 0.50, u_super: 0.00287, sec: 158.603, prod: 0.062513, t_ads: 67.2, t_des: 69.2, bed_util_ads: 0.478, bed_util_des: 0.478, des_th: 0.4777074700953943,frac_lost: 0.102, li_recovered:  8.530, time: 0.0061852549988543615
L: 0.50, u_super: 0.00052, sec: 30.441, prod: 0.010493, t_ads: 343.2, t_des: 306.9, bed_util_ads: 0.471, bed_util_des: 0.470, des_th: 0.47047165046373185,frac_lost: 0.101, li_recovered:  6.820, time: 0.006329847999950289
L: 0.50, u_super: 0.00242, sec: 130.148, prod: 0.054009, t_ads: 79.4, t_des: 74.1, bed_util_ads: 0.490, bed_util_des: 0.490, des_th: 0.4897772270852187,frac_lost: 0.103, li_recovered:  8.295, time: 0.004627061000064714
L: 49.72, u_super: 0.00928 — INFEASIBLE (li_recovered=0.000e+00), time: 0.0014299860013124999
L: 23.31, u_super: 0.00901, sec: 32761.335, prod: 0.150896, t_ads: 864.2, t_des: 1114.5, bed_util_ads: 0.376, bed_util_des: 0.360, des_th: 0.3600018007807439,frac_lost: 0.103, li_recovered:  298.579, time: 0.00562414999876637
   114 |     4560 |     40 |  0.0029895309 |             f
L: 0.50, u_super: 0.00288, sec: 237.969, prod: 0.041926, t_ads: 67.4, t_des: 138.7, bed_util_ads: 0.393, bed_util_des: 0.389, des_th: 0.38941839663072403,frac_lost: 0.101, li_recovered:  8.638, time: 0.007267503999173641
L: 42.20, u_super: 0.00781 — INFEASIBLE (li_recovered=0.000e+00), time: 0.001592873999470612
L: 0.50, u_super: 0.00493, sec: 271.327, prod: 0.111086, t_ads: 39.5, t_des: 35.2, bed_util_ads: 0.500, bed_util_des: 0.500, des_th: 0.4996901623562273,frac_lost: 0.105, li_recovered:  8.297, time: 0.00695134799934749
L: 0.50, u_super: 0.00888, sec: 646.832, prod: 0.158844, t_ads: 22.0, t_des: 32.9, bed_util_ads: 0.436, bed_util_des: 0.436, des_th: 0.43553336999413694,frac_lost: 0.102, li_recovered:  8.719, time: 0.008411028000409715
L: 5.24, u_super: 0.00076 — INFEASIBLE (li_recovered=0.000e+00), time: 0.0018372960003034677
L: 0.50, u_super: 0.00328, sec: 177.746, prod: 0.073435, t_ads: 59.2, t_des: 54.9, bed_util_ads: 0.493, bed_util_des: 0.493, des_th: 0.49276186470635674,frac_lost: 0.107, li_recovered:  8.380, time: 0.006712406000588089
L: 0.50, u_super: 0.00990, sec: 576.616, prod: 0.224585, t_ads: 19.7, t_des: 17.7, bed_util_ads: 0.500, bed_util_des: 0.500, des_th: 0.49997855605756786,frac_lost: 0.103, li_recovered:  8.396, time: 0.006009366999933263
L: 0.50, u_super: 0.00524, sec: 288.965, prod: 0.118277, t_ads: 37.0, t_des: 33.2, bed_util_ads: 0.499, bed_util_des: 0.499, des_th: 0.49885460863633296,frac_lost: 0.103, li_recovered:  8.309, time: 0.006520036000438267
L: 0.50, u_super: 0.00881, sec: 1012.808, prod: 0.099978, t_ads: 22.3, t_des: 65.2, bed_util_ads: 0.356, bed_util_des: 0.355, des_th: 0.3548631281209462,frac_lost: 0.108, li_recovered:  8.749, time: 0.013491613999576657
L: 0.50, u_super: 0.00034 — INFEASIBLE (li_recovered=0.000e+00), time: 0.0031597420002071885
L: 0.50, u_super: 0.00409, sec: 222.934, prod: 0.091764, t_ads: 47.6, t_des: 42.5, bed_util_ads: 0.499, bed_util_des: 0.499, des_th: 0.4991630641234697,frac_lost: 0.106, li_recovered:  8.268, time: 0.0071377310014213435
L: 0.50, u_super: 0.00336, sec: 182.064, prod: 0.075051, t_ads: 57.4, t_des: 50.5, bed_util_ads: 0.499, bed_util_des: 0.499, des_th: 0.499123592544358,frac_lost: 0.100, li_recovered:  8.094, time: 0.006446789999245084
L: 0.50, u_super: 0.00242, sec: 131.244, prod: 0.053558, t_ads: 79.5, t_des: 69.0, bed_util_ads: 0.500, bed_util_des: 0.500, des_th: 0.4996477503492774,frac_lost: 0.104, li_recovered:  7.957, time: 0.007877249001467135
L: 0.50, u_super: 0.00485, sec: 266.696, prod: 0.108956, t_ads: 40.1, t_des: 38.0, bed_util_ads: 0.492, bed_util_des: 0.492, des_th: 0.49168334850625717,frac_lost: 0.103, li_recovered:  8.507, time: 0.008877361000486417
L: 0.50, u_super: 0.00814, sec: 465.333, prod: 0.184204, t_ads: 24.0, t_des: 21.8, bed_util_ads: 0.499, bed_util_des: 0.499, des_th: 0.4991779646534151,frac_lost: 0.108, li_recovered:  8.439, time: 0.01184419700075523
L: 0.50, u_super: 0.00333, sec: 180.467, prod: 0.074499, t_ads: 57.8, t_des: 51.0, bed_util_ads: 0.500, bed_util_des: 0.499, des_th: 0.49944797021527587,frac_lost: 0.100, li_recovered:  8.109, time: 0.006778679000490229
L: 0.50, u_super: 0.00035 — INFEASIBLE (li_recovered=0.000e+00), time: 0.003953957000703667
L: 29.77, u_super: 0.00580 — INFEASIBLE (li_recovered=0.000e+00), time: 0.0021267529991746414
L: 9.32, u_super: 0.00467 — INFEASIBLE (li_recovered=0.000e+00), time: 0.002896099000281538
L: 0.50, u_super: 0.00052, sec: 29.959, prod: 0.010662, t_ads: 344.5, t_des: 323.3, bed_util_ads: 0.466, bed_util_des: 0.464, des_th: 0.46406297245724,frac_lost: 0.101, li_recovered:  7.119, time: 0.006979669000429567
L: 0.50, u_super: 0.00188, sec: 101.256, prod: 0.041378, t_ads: 102.8, t_des: 91.6, bed_util_ads: 0.494, bed_util_des: 0.494, des_th: 0.49380448312704356,frac_lost: 0.108, li_recovered:  8.043, time: 0.006584152000868926
L: 0.50, u_super: 0.00962, sec: 558.839, prod: 0.217853, t_ads: 20.4, t_des: 18.4, bed_util_ads: 0.499, bed_util_des: 0.499, des_th: 0.49888760151611516,frac_lost: 0.106, li_recovered:  8.445, time: 0.00682702699850779
L: 0.50, u_super: 0.00388, sec: 211.440, prod: 0.087114, t_ads: 50.1, t_des: 44.9, bed_util_ads: 0.498, bed_util_des: 0.498, des_th: 0.4976160481610288,frac_lost: 0.107, li_recovered:  8.274, time: 0.0056066519991873065
L: 0.50, u_super: 0.00411, sec: 224.608, prod: 0.092339, t_ads: 47.1, t_des: 41.6, bed_util_ads: 0.499, bed_util_des: 0.499, des_th: 0.49917795892076605,frac_lost: 0.103, li_recovered:  8.196, time: 0.006389176000084262
L: 0.50, u_super: 0.00580, sec: 323.721, prod: 0.130451, t_ads: 33.5, t_des: 32.1, bed_util_ads: 0.491, bed_util_des: 0.491, des_th: 0.4905309241904038,frac_lost: 0.103, li_recovered:  8.557, time: 0.005428460999610252
L: 0.50, u_super: 0.00748, sec: 463.071, prod: 0.154803, t_ads: 26.2, t_des: 30.0, bed_util_ads: 0.470, bed_util_des: 0.470, des_th: 0.4697535318797351,frac_lost: 0.108, li_recovered:  8.703, time: 0.005160225999134127
L: 0.50, u_super: 0.00038 — INFEASIBLE (li_recovered=0.000e+00), time: 0.0027057339993916685
L: 0.50, u_super: 0.00799, sec: 883.344, prod: 0.093290, t_ads: 24.4, t_des: 69.3, bed_util_ads: 0.359, bed_util_des: 0.358, des_th: 0.3576715515934181,frac_lost: 0.102, li_recovered:  8.736, time: 0.008163722000972484
L: 0.50, u_super: 0.00322, sec: 174.115, prod: 0.072118, t_ads: 59.8, t_des: 53.3, bed_util_ads: 0.497, bed_util_des: 0.497, des_th: 0.49716257270893477,frac_lost: 0.101, li_recovered:  8.157, time: 0.004421719000674784
L: 0.50, u_super: 0.00990, sec: 587.282, prod: 0.220421, t_ads: 19.7, t_des: 19.6, bed_util_ads: 0.488, bed_util_des: 0.488, des_th: 0.48760734206740824,frac_lost: 0.103, li_recovered:  8.671, time: 0.004428269001437002
L: 0.50, u_super: 0.00287, sec: 155.541, prod: 0.063744, t_ads: 67.1, t_des: 58.4, bed_util_ads: 0.500, bed_util_des: 0.500, des_th: 0.49999484023250823,frac_lost: 0.101, li_recovered:  7.997, time: 0.004422165000505629
L: 0.50, u_super: 0.00859, sec: 498.485, prod: 0.192145, t_ads: 22.8, t_des: 22.1, bed_util_ads: 0.490, bed_util_des: 0.490, des_th: 0.48977043826493516,frac_lost: 0.107, li_recovered:  8.636, time: 0.004267936999895028
L: 0.50, u_super: 0.00317, sec: 171.694, prod: 0.070679, t_ads: 60.9, t_des: 53.4, bed_util_ads: 0.500, bed_util_des: 0.500, des_th: 0.4996901623562273,frac_lost: 0.102, li_recovered:  8.079, time: 0.004797691999556264
L: 0.50, u_super: 0.00915, sec: 528.883, prod: 0.207262, t_ads: 21.4, t_des: 19.4, bed_util_ads: 0.500, bed_util_des: 0.500, des_th: 0.49993550011875165,frac_lost: 0.106, li_recovered:  8.443, time: 0.004854011000134051
L: 0.50, u_super: 0.00689, sec: 386.635, prod: 0.156142, t_ads: 28.2, t_des: 25.4, bed_util_ads: 0.499, bed_util_des: 0.499, des_th: 0.49885460863633296,frac_lost: 0.101, li_recovered:  8.364, time: 0.004527736999079934
L: 24.75, u_super: 0.00699 — INFEASIBLE (li_recovered=0.000e+00), time: 0.0020345030006865272
L: 47.20, u_super: 0.00472 — INFEASIBLE (li_recovered=0.000e+00), time: 0.0013133530010236427
L: 0.50, u_super: 0.00141, sec: 76.496, prod: 0.030887, t_ads: 135.0, t_des: 130.2, bed_util_ads: 0.482, bed_util_des: 0.481, des_th: 0.4806835540291357,frac_lost: 0.105, li_recovered:  8.192, time: 0.006500958999822615
L: 0.50, u_super: 0.00745, sec: 420.563, prod: 0.168845, t_ads: 26.1, t_des: 23.6, bed_util_ads: 0.499, bed_util_des: 0.499, des_th: 0.4990828414446339,frac_lost: 0.101, li_recovered:  8.378, time: 0.004128649999984191
L: 0.50, u_super: 0.00990, sec: 578.134, prod: 0.223909, t_ads: 19.7, t_des: 18.5, bed_util_ads: 0.495, bed_util_des: 0.495, des_th: 0.49479415506987395,frac_lost: 0.104, li_recovered:  8.565, time: 0.005198405000555795
   115 |     4600 |     40 |  0.0023351215 |             f
L: 0.50, u_super: 0.00253, sec: 135.993, prod: 0.056446, t_ads: 76.1, t_des: 71.1, bed_util_ads: 0.490, bed_util_des: 0.490, des_th: 0.4897772270852187,frac_lost: 0.103, li_recovered:  8.313, time: 0.0039541390015074285
L: 0.50, u_super: 0.00126, sec: 68.335, prod: 0.027432, t_ads: 150.7, t_des: 136.5, bed_util_ads: 0.487, bed_util_des: 0.487, des_th: 0.486600653802839,frac_lost: 0.105, li_recovered:  7.877, time: 0.0044663370008493075
L: 55.49, u_super: 0.00348 — INFEASIBLE (li_recovered=0.000e+00), time: 0.0007171220004238421
L: 0.50, u_super: 0.00467, sec: 255.861, prod: 0.105001, t_ads: 41.7, t_des: 37.2, bed_util_ads: 0.500, bed_util_des: 0.500, des_th: 0.49968371891129704,frac_lost: 0.104, li_recovered:  8.275, time: 0.004250567000781302
L: 31.38, u_super: 0.00924 — INFEASIBLE (li_recovered=0.000e+00), time: 0.001346745000773808
L: 0.50, u_super: 0.00635, sec: 354.593, prod: 0.143491, t_ads: 30.6, t_des: 27.3, bed_util_ads: 0.500, bed_util_des: 0.500, des_th: 0.49982406061576456,frac_lost: 0.103, li_recovered:  8.316, time: 0.0039060709987097653
L: 0.50, u_super: 0.00556, sec: 307.443, prod: 0.125827, t_ads: 34.8, t_des: 31.7, bed_util_ads: 0.498, bed_util_des: 0.498, des_th: 0.49806854185231936,frac_lost: 0.101, li_recovered:  8.370, time: 0.0036551530010910938
L: 0.50, u_super: 0.00742, sec: 419.035, prod: 0.168429, t_ads: 26.1, t_des: 23.9, bed_util_ads: 0.497, bed_util_des: 0.497, des_th: 0.4971491519972789,frac_lost: 0.100, li_recovered:  8.427, time: 0.0038332759995682864
L: 0.50, u_super: 0.00287, sec: 154.979, prod: 0.063976, t_ads: 67.4, t_des: 64.2, bed_util_ads: 0.490, bed_util_des: 0.489, des_th: 0.48901776803696984,frac_lost: 0.104, li_recovered:  8.414, time: 0.0034329009995417437
L: 0.50, u_super: 0.00814, sec: 465.256, prod: 0.184234, t_ads: 24.0, t_des: 21.6, bed_util_ads: 0.500, bed_util_des: 0.499, des_th: 0.49950328083469564,frac_lost: 0.107, li_recovered:  8.409, time: 0.004346237999925506
L: 41.43, u_super: 0.00990 — INFEASIBLE (li_recovered=0.000e+00), time: 0.0012488799984566867
L: 0.50, u_super: 0.00567, sec: 313.950, prod: 0.128192, t_ads: 34.2, t_des: 30.7, bed_util_ads: 0.500, bed_util_des: 0.500, des_th: 0.499819291505799,frac_lost: 0.101, li_recovered:  8.323, time: 0.0035074619991064537
L: 0.50, u_super: 0.00246, sec: 132.513, prod: 0.054728, t_ads: 78.6, t_des: 73.9, bed_util_ads: 0.490, bed_util_des: 0.490, des_th: 0.4897772270852187,frac_lost: 0.106, li_recovered:  8.346, time: 0.0035114540005452
L: 0.50, u_super: 0.00123, sec: 67.328, prod: 0.026333, t_ads: 154.7, t_des: 133.5, bed_util_ads: 0.494, bed_util_des: 0.494, des_th: 0.49380448312704356,frac_lost: 0.105, li_recovered:  7.591, time: 0.004291552999347914
L: 15.39, u_super: 0.00141 — INFEASIBLE (li_recovered=0.000e+00), time: 0.0008750710003369022
L: 0.50, u_super: 0.00681, sec: 383.483, prod: 0.153637, t_ads: 28.7, t_des: 26.7, bed_util_ads: 0.496, bed_util_des: 0.496, des_th: 0.49606051102336096,frac_lost: 0.107, li_recovered:  8.511, time: 0.004050269999424927
L: 0.50, u_super: 0.00017 — INFEASIBLE (li_recovered=0.000e+00), time: 0.0014351450008689426
L: 0.50, u_super: 0.00817, sec: 467.092, prod: 0.184787, t_ads: 24.0, t_des: 21.4, bed_util_ads: 0.500, bed_util_des: 0.500, des_th: 0.4998324060101172,frac_lost: 0.107, li_recovered:  8.387, time: 0.00476967800022976
L: 0.50, u_super: 0.00958, sec: 555.898, prod: 0.217386, t_ads: 20.4, t_des: 18.5, bed_util_ads: 0.499, bed_util_des: 0.499, des_th: 0.4991210503824132,frac_lost: 0.104, li_recovered:  8.440, time: 0.004102492001038627
L: 0.50, u_super: 0.00094, sec: 51.754, prod: 0.020230, t_ads: 198.6, t_des: 195.9, bed_util_ads: 0.472, bed_util_des: 0.470, des_th: 0.47047165046373185,frac_lost: 0.101, li_recovered:  7.980, time: 0.004924212000332773
L: 0.50, u_super: 0.00616, sec: 342.519, prod: 0.139311, t_ads: 31.5, t_des: 28.9, bed_util_ads: 0.496, bed_util_des: 0.496, des_th: 0.49605265437766255,frac_lost: 0.102, li_recovered:  8.421, time: 0.004742601999168983
L: 0.50, u_super: 0.00841, sec: 484.554, prod: 0.189329, t_ads: 23.3, t_des: 22.1, bed_util_ads: 0.494, bed_util_des: 0.494, des_th: 0.4938808594126814,frac_lost: 0.108, li_recovered:  8.589, time: 0.003989109000031021
L: 0.50, u_super: 0.00859, sec: 492.820, prod: 0.194354, t_ads: 22.8, t_des: 20.6, bed_util_ads: 0.499, bed_util_des: 0.499, des_th: 0.4989522758543021,frac_lost: 0.106, li_recovered:  8.437, time: 0.004488173999561695
L: 0.50, u_super: 0.00390, sec: 213.000, prod: 0.087464, t_ads: 49.8, t_des: 43.8, bed_util_ads: 0.500, bed_util_des: 0.500, des_th: 0.4997275809196764,frac_lost: 0.105, li_recovered:  8.187, time: 0.004245251000611461
L: 0.50, u_super: 0.00435, sec: 238.109, prod: 0.097885, t_ads: 44.6, t_des: 39.8, bed_util_ads: 0.499, bed_util_des: 0.499, des_th: 0.49918082431253424,frac_lost: 0.105, li_recovered:  8.262, time: 0.004053445998579264
L: 0.50, u_super: 0.00023 — INFEASIBLE (li_recovered=0.000e+00), time: 0.001960108998900978
L: 0.50, u_super: 0.00645, sec: 360.133, prod: 0.145903, t_ads: 30.1, t_des: 27.3, bed_util_ads: 0.499, bed_util_des: 0.499, des_th: 0.498837933233278,frac_lost: 0.102, li_recovered:  8.375, time: 0.004615542999090394
L: 26.31, u_super: 0.00052 — INFEASIBLE (li_recovered=0.000e+00), time: 0.0007181670007412322
L: 0.50, u_super: 0.00548, sec: 302.852, prod: 0.123832, t_ads: 35.4, t_des: 31.7, bed_util_ads: 0.500, bed_util_des: 0.500, des_th: 0.4997438324126026,frac_lost: 0.101, li_recovered:  8.307, time: 0.0039057960002537584
L: 0.50, u_super: 0.00076, sec: 41.817, prod: 0.016028, t_ads: 245.2, t_des: 235.5, bed_util_ads: 0.472, bed_util_des: 0.470, des_th: 0.47047165046373185,frac_lost: 0.102, li_recovered:  7.705, time: 0.004027711998787709
L: 0.50, u_super: 0.00872, sec: 501.296, prod: 0.197357, t_ads: 22.4, t_des: 20.3, bed_util_ads: 0.499, bed_util_des: 0.499, des_th: 0.49917778771828375,frac_lost: 0.107, li_recovered:  8.444, time: 0.0038968019998719683
L: 0.50, u_super: 0.00432, sec: 235.960, prod: 0.097034, t_ads: 45.0, t_des: 40.2, bed_util_ads: 0.499, bed_util_des: 0.499, des_th: 0.49918082431253424,frac_lost: 0.105, li_recovered:  8.271, time: 0.005754881998655037
L: 0.50, u_super: 0.00896, sec: 516.379, prod: 0.203053, t_ads: 21.8, t_des: 19.8, bed_util_ads: 0.500, bed_util_des: 0.500, des_th: 0.4996113877840321,frac_lost: 0.105, li_recovered:  8.454, time: 0.004845720000957954
L: 0.50, u_super: 0.00784, sec: 446.427, prod: 0.177230, t_ads: 25.0, t_des: 22.7, bed_util_ads: 0.499, bed_util_des: 0.499, des_th: 0.4990828414446339,frac_lost: 0.108, li_recovered:  8.444, time: 0.005782013000498409
L: 0.50, u_super: 0.00181, sec: 97.314, prod: 0.039771, t_ads: 105.8, t_des: 93.9, bed_util_ads: 0.494, bed_util_des: 0.494, des_th: 0.4937966264813436,frac_lost: 0.101, li_recovered:  7.942, time: 0.005662232999384287
L: 0.50, u_super: 0.00928, sec: 1239.392, prod: 0.091063, t_ads: 21.2, t_des: 75.0, bed_util_ads: 0.335, bed_util_des: 0.333, des_th: 0.33303992814380884,frac_lost: 0.107, li_recovered:  8.755, time: 0.011120543000288308
L: 0.50, u_super: 0.00901, sec: 519.691, prod: 0.204020, t_ads: 21.7, t_des: 19.5, bed_util_ads: 0.500, bed_util_des: 0.500, des_th: 0.49981488509858624,frac_lost: 0.106, li_recovered:  8.398, time: 0.0066805550013668835
L: 21.71, u_super: 0.00610 — INFEASIBLE (li_recovered=0.000e+00), time: 0.0021300770004017977
L: 0.50, u_super: 0.00247, sec: 133.007, prod: 0.055179, t_ads: 77.8, t_des: 72.6, bed_util_ads: 0.490, bed_util_des: 0.490, des_th: 0.4897772270852187,frac_lost: 0.103, li_recovered:  8.303, time: 0.00460335499883513
L: 0.50, u_super: 0.00849, sec: 527.086, prod: 0.177403, t_ads: 23.0, t_des: 26.1, bed_util_ads: 0.471, bed_util_des: 0.471, des_th: 0.4710275731353341,frac_lost: 0.105, li_recovered:  8.707, time: 0.005987085000015213
   116 |     4640 |     40 |  0.0069345668 |             f
L: 0.50, u_super: 0.00191, sec: 103.475, prod: 0.041770, t_ads: 100.3, t_des: 86.6, bed_util_ads: 0.499, bed_util_des: 0.498, des_th: 0.4983229535756098,frac_lost: 0.102, li_recovered:  7.808, time: 0.004856306000874611
L: 0.50, u_super: 0.00336, sec: 182.382, prod: 0.074923, t_ads: 58.0, t_des: 51.1, bed_util_ads: 0.499, bed_util_des: 0.499, des_th: 0.499123592544358,frac_lost: 0.108, li_recovered:  8.178, time: 0.008064775000093505
L: 21.92, u_super: 0.00242 — INFEASIBLE (li_recovered=0.000e+00), time: 0.0015040590005810373
L: 0.50, u_super: 0.00315, sec: 170.031, prod: 0.070698, t_ads: 61.2, t_des: 57.2, bed_util_ads: 0.492, bed_util_des: 0.492, des_th: 0.49168334850625717,frac_lost: 0.101, li_recovered:  8.367, time: 0.007003375001659151
L: 0.50, u_super: 0.00024, sec: 16.970, prod: 0.003981, t_ads: 726.6, t_des: 1042.7, bed_util_ads: 0.377, bed_util_des: 0.358, des_th: 0.3582796486132052,frac_lost: 0.101, li_recovered:  7.044, time: 0.005212897000092198
L: 21.16, u_super: 0.00699 — INFEASIBLE (li_recovered=0.000e+00), time: 0.002520787000321434
L: 0.50, u_super: 0.00610, sec: 343.438, prod: 0.136535, t_ads: 31.8, t_des: 31.2, bed_util_ads: 0.489, bed_util_des: 0.489, des_th: 0.48898393724174194,frac_lost: 0.102, li_recovered:  8.601, time: 0.005853130000105011
L: 0.50, u_super: 0.00095, sec: 58.125, prod: 0.018403, t_ads: 198.6, t_des: 247.7, bed_util_ads: 0.443, bed_util_des: 0.439, des_th: 0.4389179887561978,frac_lost: 0.104, li_recovered:  8.214, time: 0.004448636000233819
L: 0.50, u_super: 0.00094, sec: 51.966, prod: 0.020147, t_ads: 198.4, t_des: 200.0, bed_util_ads: 0.470, bed_util_des: 0.468, des_th: 0.467973096926049,frac_lost: 0.100, li_recovered:  8.028, time: 0.008043961999646854
L: 0.50, u_super: 0.00528, sec: 291.857, prod: 0.119110, t_ads: 36.8, t_des: 32.9, bed_util_ads: 0.499, bed_util_des: 0.499, des_th: 0.49885460863633296,frac_lost: 0.105, li_recovered:  8.310, time: 0.005402319999120664
L: 38.66, u_super: 0.00256 — INFEASIBLE (li_recovered=0.000e+00), time: 0.0011493700003484264
L: 0.50, u_super: 0.00181, sec: 97.317, prod: 0.039772, t_ads: 105.8, t_des: 93.9, bed_util_ads: 0.494, bed_util_des: 0.494, des_th: 0.49380351863092103,frac_lost: 0.101, li_recovered:  7.941, time: 0.006222298001375748
L: 0.50, u_super: 0.00281, sec: 151.733, prod: 0.062803, t_ads: 68.5, t_des: 61.0, bed_util_ads: 0.497, bed_util_des: 0.497, des_th: 0.4971656520040431,frac_lost: 0.102, li_recovered:  8.128, time: 0.007371535999482148
L: 8.93, u_super: 0.00083 — INFEASIBLE (li_recovered=0.000e+00), time: 0.0016737419991841307
L: 0.50, u_super: 0.00467, sec: 261.328, prod: 0.102809, t_ads: 41.6, t_des: 42.1, bed_util_ads: 0.484, bed_util_des: 0.483, des_th: 0.48325897730754147,frac_lost: 0.103, li_recovered:  8.609, time: 0.0053522840007644845
L: 0.50, u_super: 0.00345, sec: 187.354, prod: 0.077045, t_ads: 56.4, t_des: 49.8, bed_util_ads: 0.500, bed_util_des: 0.500, des_th: 0.4996259605849767,frac_lost: 0.107, li_recovered:  8.181, time: 0.006743230000211042
L: 0.50, u_super: 0.00764, sec: 433.784, prod: 0.172542, t_ads: 25.6, t_des: 23.0, bed_util_ads: 0.500, bed_util_des: 0.500, des_th: 0.4997275809196764,frac_lost: 0.108, li_recovered:  8.385, time: 0.007495739000660251
L: 0.50, u_super: 0.00242, sec: 130.189, prod: 0.053992, t_ads: 79.5, t_des: 74.1, bed_util_ads: 0.491, bed_util_des: 0.490, des_th: 0.4904641726598597,frac_lost: 0.103, li_recovered:  8.297, time: 0.005819505000545178
L: 0.50, u_super: 0.00749, sec: 424.544, prod: 0.169141, t_ads: 26.2, t_des: 23.7, bed_util_ads: 0.499, bed_util_des: 0.498, des_th: 0.4984169984923525,frac_lost: 0.108, li_recovered:  8.437, time: 0.0076478169994516065
L: 0.50, u_super: 0.00485, sec: 266.661, prod: 0.108936, t_ads: 40.1, t_des: 38.0, bed_util_ads: 0.492, bed_util_des: 0.492, des_th: 0.49168334850625717,frac_lost: 0.103, li_recovered:  8.504, time: 0.005768056000306387
L: 0.50, u_super: 0.00724, sec: 409.617, prod: 0.163541, t_ads: 27.1, t_des: 24.5, bed_util_ads: 0.498, bed_util_des: 0.498, des_th: 0.49825754840502595,frac_lost: 0.109, li_recovered:  8.442, time: 0.006048076000297442
L: 16.52, u_super: 0.00492 — INFEASIBLE (li_recovered=0.000e+00), time: 0.0012137780013290467
L: 0.50, u_super: 0.00431, sec: 235.463, prod: 0.097001, t_ads: 45.1, t_des: 40.7, bed_util_ads: 0.497, bed_util_des: 0.497, des_th: 0.49690747359420906,frac_lost: 0.105, li_recovered:  8.325, time: 0.006652238998867688
L: 0.50, u_super: 0.00847, sec: 486.011, prod: 0.191730, t_ads: 23.1, t_des: 20.9, bed_util_ads: 0.500, bed_util_des: 0.500, des_th: 0.49969136411078263,frac_lost: 0.107, li_recovered:  8.447, time: 0.006348401000650483
L: 0.50, u_super: 0.00194, sec: 104.149, prod: 0.042832, t_ads: 99.6, t_des: 92.0, bed_util_ads: 0.490, bed_util_des: 0.489, des_th: 0.4891082576067861,frac_lost: 0.107, li_recovered:  8.207, time: 0.0069668350006395485
L: 0.50, u_super: 0.00987, sec: 593.286, prod: 0.217090, t_ads: 19.8, t_des: 20.3, bed_util_ads: 0.484, bed_util_des: 0.484, des_th: 0.484090997299581,frac_lost: 0.104, li_recovered:  8.695, time: 0.004892240000117454
L: 0.50, u_super: 0.00181, sec: 97.958, prod: 0.039510, t_ads: 105.7, t_des: 91.6, bed_util_ads: 0.497, bed_util_des: 0.496, des_th: 0.49627443764860135,frac_lost: 0.101, li_recovered:  7.798, time: 0.004608121000273968
L: 41.45, u_super: 0.00931 — INFEASIBLE (li_recovered=0.000e+00), time: 0.0017734640005073743
L: 0.50, u_super: 0.00724, sec: 407.769, prod: 0.164283, t_ads: 26.8, t_des: 24.5, bed_util_ads: 0.498, bed_util_des: 0.498, des_th: 0.4976998759582895,frac_lost: 0.100, li_recovered:  8.428, time: 0.005216458999711904
L: 0.50, u_super: 0.00191, sec: 102.537, prod: 0.042150, t_ads: 100.4, t_des: 90.1, bed_util_ads: 0.494, bed_util_des: 0.494, des_th: 0.49379759097746617,frac_lost: 0.102, li_recovered:  8.029, time: 0.005738697000197135
L: 0.50, u_super: 0.00486, sec: 277.913, prod: 0.105288, t_ads: 39.8, t_des: 42.2, bed_util_ads: 0.478, bed_util_des: 0.477, des_th: 0.4771338503504522,frac_lost: 0.101, li_recovered:  8.636, time: 0.004443797999556409
L: 0.50, u_super: 0.00014, sec: 11.359, prod: 0.002122, t_ads: 960.5, t_des: 1102.7, bed_util_ads: 0.364, bed_util_des: 0.358, des_th: 0.3583333221241295,frac_lost: 0.101, li_recovered:  4.378, time: 0.0034544619993539527
L: 8.97, u_super: 0.00760 — INFEASIBLE (li_recovered=0.000e+00), time: 0.003617772001234698
L: 0.50, u_super: 0.00841, sec: 818.295, prod: 0.112110, t_ads: 23.2, t_des: 54.7, bed_util_ads: 0.381, bed_util_des: 0.380, des_th: 0.38014935805689626,frac_lost: 0.103, li_recovered:  8.734, time: 0.007744618000288028
L: 0.50, u_super: 0.00784, sec: 444.782, prod: 0.177903, t_ads: 24.7, t_des: 22.4, bed_util_ads: 0.499, bed_util_des: 0.499, des_th: 0.49909318594218843,frac_lost: 0.100, li_recovered:  8.387, time: 0.0063898749995132675
L: 0.50, u_super: 0.00975, sec: 581.852, prod: 0.215630, t_ads: 20.0, t_des: 20.3, bed_util_ads: 0.484, bed_util_des: 0.484, des_th: 0.48378313915238214,frac_lost: 0.102, li_recovered:  8.685, time: 0.006282630998612149
L: 0.50, u_super: 0.00596, sec: 331.592, prod: 0.134406, t_ads: 32.5, t_des: 30.9, bed_util_ads: 0.492, bed_util_des: 0.492, des_th: 0.49168334850625717,frac_lost: 0.100, li_recovered:  8.528, time: 0.006284093000431312
L: 0.50, u_super: 0.00584, sec: 323.507, prod: 0.131972, t_ads: 33.3, t_des: 30.1, bed_util_ads: 0.499, bed_util_des: 0.499, des_th: 0.4990459308883427,frac_lost: 0.102, li_recovered:  8.364, time: 0.004192649999822606
L: 0.50, u_super: 0.00012 — INFEASIBLE (li_recovered=0.000e+00), time: 0.001118673999371822
L: 0.50, u_super: 0.00147, sec: 130.304, prod: 0.019611, t_ads: 132.3, t_des: 304.0, bed_util_ads: 0.374, bed_util_des: 0.367, des_th: 0.36689042087982365,frac_lost: 0.107, li_recovered:  8.558, time: 0.008766664999711793
   117 |     4680 |     40 |  0.0030196446 |         nadir
L: 0.50, u_super: 0.00132, sec: 73.186, prod: 0.027871, t_ads: 144.4, t_des: 119.6, bed_util_ads: 0.499, bed_util_des: 0.499, des_th: 0.4991210503824132,frac_lost: 0.104, li_recovered:  7.359, time: 0.0037982879985065665
L: 0.50, u_super: 0.00915, sec: 529.203, prod: 0.207307, t_ads: 21.4, t_des: 19.4, bed_util_ads: 0.500, bed_util_des: 0.500, des_th: 0.499837907329173,frac_lost: 0.107, li_recovered:  8.449, time: 0.00511182300033397
L: 15.37, u_super: 0.00748 — INFEASIBLE (li_recovered=0.000e+00), time: 0.0031596539993188344
L: 0.50, u_super: 0.00287, sec: 154.862, prod: 0.064024, t_ads: 67.2, t_des: 64.1, bed_util_ads: 0.489, bed_util_des: 0.489, des_th: 0.4889936366986985,frac_lost: 0.102, li_recovered:  8.411, time: 0.00471727500007546
L: 0.50, u_super: 0.00345, sec: 187.248, prod: 0.077089, t_ads: 56.0, t_des: 49.1, bed_util_ads: 0.500, bed_util_des: 0.500, des_th: 0.49998121125203204,frac_lost: 0.101, li_recovered:  8.101, time: 0.0033562230000825366
L: 0.50, u_super: 0.00990, sec: 577.163, prod: 0.224287, t_ads: 19.8, t_des: 17.9, bed_util_ads: 0.500, bed_util_des: 0.500, des_th: 0.4997275809196764,frac_lost: 0.106, li_recovered:  8.452, time: 0.004005056000096374
L: 0.50, u_super: 0.00441, sec: 241.466, prod: 0.099060, t_ads: 44.2, t_des: 39.3, bed_util_ads: 0.499, bed_util_des: 0.499, des_th: 0.4991419750552281,frac_lost: 0.107, li_recovered:  8.274, time: 0.004314988998885383
L: 0.50, u_super: 0.00418, sec: 230.559, prod: 0.093144, t_ads: 46.4, t_des: 45.4, bed_util_ads: 0.488, bed_util_des: 0.487, des_th: 0.4873981424037834,frac_lost: 0.104, li_recovered:  8.553, time: 0.005250258000160102
L: 0.50, u_super: 0.00901, sec: 1025.795, prod: 0.103274, t_ads: 21.8, t_des: 62.9, bed_util_ads: 0.358, bed_util_des: 0.357, des_th: 0.35652334393062896,frac_lost: 0.107, li_recovered:  8.748, time: 0.007308598998861271
L: 18.47, u_super: 0.00990 — INFEASIBLE (li_recovered=0.000e+00), time: 0.0016081440007837955
L: 0.50, u_super: 0.00234, sec: 126.606, prod: 0.051523, t_ads: 82.7, t_des: 71.6, bed_util_ads: 0.499, bed_util_des: 0.499, des_th: 0.4990849408119502,frac_lost: 0.106, li_recovered:  7.952, time: 0.004219746000671876
L: 0.50, u_super: 0.00872, sec: 501.514, prod: 0.197162, t_ads: 22.5, t_des: 20.4, bed_util_ads: 0.499, bed_util_des: 0.499, des_th: 0.4991210503824132,frac_lost: 0.108, li_recovered:  8.459, time: 0.004070531000252231
L: 0.50, u_super: 0.00021 — INFEASIBLE (li_recovered=0.000e+00), time: 0.001468974000090384
L: 0.50, u_super: 0.00627, sec: 349.923, prod: 0.141737, t_ads: 31.0, t_des: 28.7, bed_util_ads: 0.496, bed_util_des: 0.496, des_th: 0.49605265437766255,frac_lost: 0.104, li_recovered:  8.469, time: 0.003709262000484159
L: 18.11, u_super: 0.00901 — INFEASIBLE (li_recovered=0.000e+00), time: 0.0018661560006876243
L: 0.50, u_super: 0.00713, sec: 402.647, prod: 0.161233, t_ads: 27.4, t_des: 25.2, bed_util_ads: 0.497, bed_util_des: 0.496, des_th: 0.4963732486914921,frac_lost: 0.106, li_recovered:  8.476, time: 0.005890484999326873
L: 13.94, u_super: 0.00508 — INFEASIBLE (li_recovered=0.000e+00), time: 0.0013180839996493887
L: 0.50, u_super: 0.00222, sec: 119.678, prod: 0.049343, t_ads: 87.0, t_des: 80.9, bed_util_ads: 0.490, bed_util_des: 0.489, des_th: 0.48918897823494817,frac_lost: 0.107, li_recovered:  8.285, time: 0.00423776899879158
L: 0.50, u_super: 0.00917, sec: 576.126, prod: 0.191298, t_ads: 21.3, t_des: 24.3, bed_util_ads: 0.471, bed_util_des: 0.470, des_th: 0.47047165046373185,frac_lost: 0.104, li_recovered:  8.712, time: 0.004185240999504458
L: 0.50, u_super: 0.00817, sec: 466.501, prod: 0.184852, t_ads: 23.9, t_des: 21.5, bed_util_ads: 0.500, bed_util_des: 0.500, des_th: 0.499929998796391,frac_lost: 0.106, li_recovered:  8.388, time: 0.00537943499875837
L: 0.50, u_super: 0.00872, sec: 501.149, prod: 0.197413, t_ads: 22.4, t_des: 20.3, bed_util_ads: 0.499, bed_util_des: 0.499, des_th: 0.49917778771828375,frac_lost: 0.106, li_recovered:  8.435, time: 0.004598121999151772
L: 0.50, u_super: 0.00283, sec: 152.935, prod: 0.062863, t_ads: 68.4, t_des: 60.0, bed_util_ads: 0.500, bed_util_des: 0.500, des_th: 0.4997545254485545,frac_lost: 0.104, li_recovered:  8.070, time: 0.0037188909991527908
L: 0.50, u_super: 0.00585, sec: 324.642, prod: 0.132341, t_ads: 33.1, t_des: 29.6, bed_util_ads: 0.500, bed_util_des: 0.500, des_th: 0.4996450641021382,frac_lost: 0.100, li_recovered:  8.301, time: 0.0037656570002582157
L: 0.50, u_super: 0.00240, sec: 131.153, prod: 0.052448, t_ads: 80.4, t_des: 81.1, bed_util_ads: 0.481, bed_util_des: 0.480, des_th: 0.48000957505550457,frac_lost: 0.103, li_recovered:  8.471, time: 0.004650309998396551
L: 0.50, u_super: 0.00107 — INFEASIBLE (li_recovered=0.000e+00), time: 0.002385826999670826
L: 0.50, u_super: 0.00363, sec: 197.842, prod: 0.081229, t_ads: 53.6, t_des: 47.2, bed_util_ads: 0.499, bed_util_des: 0.499, des_th: 0.49916844300720925,frac_lost: 0.108, li_recovered:  8.190, time: 0.00439694899978349
L: 0.50, u_super: 0.00541, sec: 298.931, prod: 0.122143, t_ads: 35.9, t_des: 32.1, bed_util_ads: 0.499, bed_util_des: 0.499, des_th: 0.49917795892076605,frac_lost: 0.102, li_recovered:  8.302, time: 0.0065969609986495925
L: 0.50, u_super: 0.00621, sec: 346.209, prod: 0.140384, t_ads: 31.3, t_des: 29.0, bed_util_ads: 0.496, bed_util_des: 0.496, des_th: 0.49605265437766255,frac_lost: 0.103, li_recovered:  8.466, time: 0.005553645998588763
L: 0.50, u_super: 0.00024 — INFEASIBLE (li_recovered=0.000e+00), time: 0.002456834999975399
L: 0.50, u_super: 0.00528, sec: 291.286, prod: 0.119344, t_ads: 36.7, t_des: 32.9, bed_util_ads: 0.499, bed_util_des: 0.499, des_th: 0.49885460863633296,frac_lost: 0.101, li_recovered:  8.299, time: 0.004773017000843538
L: 0.50, u_super: 0.00432, sec: 245.999, prod: 0.093236, t_ads: 44.9, t_des: 47.6, bed_util_ads: 0.478, bed_util_des: 0.477, des_th: 0.47693233397000223,frac_lost: 0.103, li_recovered:  8.624, time: 0.0059618129998852964
L: 0.50, u_super: 0.00958, sec: 556.302, prod: 0.217338, t_ads: 20.4, t_des: 18.5, bed_util_ads: 0.499, bed_util_des: 0.499, des_th: 0.49917778771828375,frac_lost: 0.105, li_recovered:  8.446, time: 0.0035098449989163782
L: 0.50, u_super: 0.00962, sec: 558.456, prod: 0.217995, t_ads: 20.3, t_des: 18.4, bed_util_ads: 0.499, bed_util_des: 0.499, des_th: 0.49885624513577254,frac_lost: 0.105, li_recovered:  8.452, time: 0.0036239139990357216
L: 0.50, u_super: 0.00455, sec: 249.253, prod: 0.102368, t_ads: 42.8, t_des: 38.6, bed_util_ads: 0.499, bed_util_des: 0.499, des_th: 0.4989778071605865,frac_lost: 0.106, li_recovered:  8.331, time: 0.003686042000481393
L: 0.50, u_super: 0.00217, sec: 117.944, prod: 0.047655, t_ads: 88.9, t_des: 76.4, bed_util_ads: 0.500, bed_util_des: 0.500, des_th: 0.49968927243900724,frac_lost: 0.107, li_recovered:  7.879, time: 0.006160554999951273
L: 5.62, u_super: 0.00283 — INFEASIBLE (li_recovered=0.000e+00), time: 0.0024405490003118757
L: 0.50, u_super: 0.00663, sec: 372.283, prod: 0.149647, t_ads: 29.5, t_des: 26.5, bed_util_ads: 0.499, bed_util_des: 0.499, des_th: 0.4993314458085641,frac_lost: 0.108, li_recovered:  8.379, time: 0.006550095000420697
L: 0.50, u_super: 0.00671, sec: 376.801, prod: 0.151441, t_ads: 29.2, t_des: 26.4, bed_util_ads: 0.499, bed_util_des: 0.499, des_th: 0.49899166102301784,frac_lost: 0.108, li_recovered:  8.424, time: 0.005864056998689193
L: 0.50, u_super: 0.00814, sec: 464.502, prod: 0.184104, t_ads: 24.0, t_des: 21.6, bed_util_ads: 0.500, bed_util_des: 0.500, des_th: 0.4998324060101172,frac_lost: 0.106, li_recovered:  8.394, time: 0.005295744000250124
L: 0.50, u_super: 0.00367, sec: 199.578, prod: 0.082156, t_ads: 52.9, t_des: 46.8, bed_util_ads: 0.499, bed_util_des: 0.499, des_th: 0.49916844300720925,frac_lost: 0.105, li_recovered:  8.196, time: 0.004323683000620804
   118 |     4720 |     40 |  0.0019016484 |             f
L: 0.50, u_super: 0.00872, sec: 535.317, prod: 0.184817, t_ads: 22.4, t_des: 24.7, bed_util_ads: 0.475, bed_util_des: 0.475, des_th: 0.47507114348113,frac_lost: 0.106, li_recovered:  8.708, time: 0.004850845998589648
L: 0.50, u_super: 0.00616, sec: 343.390, prod: 0.139294, t_ads: 31.6, t_des: 28.5, bed_util_ads: 0.500, bed_util_des: 0.500, des_th: 0.4996450641021382,frac_lost: 0.104, li_recovered:  8.371, time: 0.004672686000048998
L: 0.50, u_super: 0.00928, sec: 580.038, prod: 0.194563, t_ads: 21.0, t_des: 23.7, bed_util_ads: 0.472, bed_util_des: 0.472, des_th: 0.47202438462144614,frac_lost: 0.104, li_recovered:  8.712, time: 0.004988123000657652
L: 0.50, u_super: 0.00525, sec: 379.138, prod: 0.090620, t_ads: 37.3, t_des: 58.6, bed_util_ads: 0.429, bed_util_des: 0.427, des_th: 0.4273356617462273,frac_lost: 0.108, li_recovered:  8.690, time: 0.00550682900029642
L: 0.50, u_super: 0.00468, sec: 257.809, prod: 0.104809, t_ads: 41.6, t_des: 39.8, bed_util_ads: 0.491, bed_util_des: 0.491, des_th: 0.49073466316335723,frac_lost: 0.105, li_recovered:  8.531, time: 0.004211674000544008
L: 0.50, u_super: 0.00990, sec: 576.772, prod: 0.224438, t_ads: 19.7, t_des: 17.9, bed_util_ads: 0.499, bed_util_des: 0.499, des_th: 0.49933588412803687,frac_lost: 0.105, li_recovered:  8.452, time: 0.006025484999554465
L: 26.48, u_super: 0.00075 — INFEASIBLE (li_recovered=0.000e+00), time: 0.0007366669997281861
L: 0.50, u_super: 0.00045, sec: 34.932, prod: 0.006759, t_ads: 417.1, t_des: 764.8, bed_util_ads: 0.375, bed_util_des: 0.358, des_th: 0.3583333221241295,frac_lost: 0.104, li_recovered:  7.989, time: 0.005951390001428081
L: 0.50, u_super: 0.00763, sec: 434.848, prod: 0.171937, t_ads: 25.6, t_des: 24.2, bed_util_ads: 0.494, bed_util_des: 0.494, des_th: 0.49380553455230414,frac_lost: 0.107, li_recovered:  8.564, time: 0.005284228000164148
L: 0.50, u_super: 0.00467, sec: 255.620, prod: 0.105099, t_ads: 41.7, t_des: 38.5, bed_util_ads: 0.496, bed_util_des: 0.495, des_th: 0.49552890256498067,frac_lost: 0.104, li_recovered:  8.427, time: 0.005236140001215972
L: 0.50, u_super: 0.00799, sec: 455.316, prod: 0.180990, t_ads: 24.4, t_des: 22.2, bed_util_ads: 0.499, bed_util_des: 0.499, des_th: 0.49933044335931653,frac_lost: 0.105, li_recovered:  8.439, time: 0.005157875999429962
L: 0.50, u_super: 0.00524, sec: 288.775, prod: 0.118301, t_ads: 37.0, t_des: 33.1, bed_util_ads: 0.499, bed_util_des: 0.499, des_th: 0.4991210503824132,frac_lost: 0.101, li_recovered:  8.293, time: 0.005071359999419656
L: 0.50, u_super: 0.00157, sec: 84.784, prod: 0.034280, t_ads: 122.2, t_des: 108.1, bed_util_ads: 0.494, bed_util_des: 0.494, des_th: 0.49380448312704356,frac_lost: 0.106, li_recovered:  7.896, time: 0.005175144999157055
L: 0.50, u_super: 0.00223, sec: 120.903, prod: 0.049201, t_ads: 86.5, t_des: 75.1, bed_util_ads: 0.499, bed_util_des: 0.499, des_th: 0.49857084849440547,frac_lost: 0.106, li_recovered:  7.950, time: 0.005375320000894135
L: 0.50, u_super: 0.00913, sec: 527.161, prod: 0.206817, t_ads: 21.4, t_des: 19.4, bed_util_ads: 0.499, bed_util_des: 0.499, des_th: 0.4989992601227372,frac_lost: 0.106, li_recovered:  8.447, time: 0.0048754330000519985
L: 1.03, u_super: 0.00990, sec: 1191.255, prod: 0.222876, t_ads: 40.3, t_des: 36.0, bed_util_ads: 0.499, bed_util_des: 0.499, des_th: 0.4993209002869081,frac_lost: 0.104, li_recovered:  16.996, time: 0.005160128001080011
L: 0.50, u_super: 0.00885, sec: 755.017, prod: 0.135106, t_ads: 22.1, t_des: 42.5, bed_util_ads: 0.406, bed_util_des: 0.405, des_th: 0.4047313112756208,frac_lost: 0.105, li_recovered:  8.731, time: 0.008944263001467334
L: 11.87, u_super: 0.00812 — INFEASIBLE (li_recovered=0.000e+00), time: 0.00427980899985414
L: 0.50, u_super: 0.00411, sec: 224.345, prod: 0.092448, t_ads: 47.2, t_des: 42.1, bed_util_ads: 0.499, bed_util_des: 0.499, des_th: 0.4991760357750614,frac_lost: 0.104, li_recovered:  8.255, time: 0.008606669000073452
L: 0.50, u_super: 0.00812, sec: 466.028, prod: 0.182910, t_ads: 24.1, t_des: 22.8, bed_util_ads: 0.493, bed_util_des: 0.493, des_th: 0.49289116881212736,frac_lost: 0.107, li_recovered:  8.580, time: 0.004901110998616787
L: 0.50, u_super: 0.00667, sec: 376.191, prod: 0.149763, t_ads: 29.3, t_des: 27.9, bed_util_ads: 0.492, bed_util_des: 0.492, des_th: 0.49198215636657305,frac_lost: 0.107, li_recovered:  8.570, time: 0.007175471999289584
L: 1.09, u_super: 0.00859, sec: 1086.742, prod: 0.192605, t_ads: 49.5, t_des: 44.2, bed_util_ads: 0.499, bed_util_des: 0.499, des_th: 0.4989522758543021,frac_lost: 0.106, li_recovered:  18.047, time: 0.007880600000135018
L: 0.50, u_super: 0.00141, sec: 92.830, prod: 0.025452, t_ads: 136.6, t_des: 194.8, bed_util_ads: 0.432, bed_util_des: 0.428, des_th: 0.4279097713487696,frac_lost: 0.108, li_recovered:  8.436, time: 0.007051273998513352
L: 0.50, u_super: 0.00288, sec: 155.892, prod: 0.063918, t_ads: 66.9, t_des: 58.2, bed_util_ads: 0.500, bed_util_des: 0.499, des_th: 0.4993839357425426,frac_lost: 0.100, li_recovered:  7.993, time: 0.0071574699995835545
L: 0.71, u_super: 0.00188, sec: 150.015, prod: 0.039806, t_ads: 144.1, t_des: 119.6, bed_util_ads: 0.499, bed_util_des: 0.499, des_th: 0.4989778071605865,frac_lost: 0.103, li_recovered:  10.498, time: 0.00672123799995461
L: 0.50, u_super: 0.00508, sec: 279.791, prod: 0.114388, t_ads: 38.2, t_des: 33.8, bed_util_ads: 0.500, bed_util_des: 0.500, des_th: 0.49971218872259443,frac_lost: 0.102, li_recovered:  8.240, time: 0.004826238999157795
L: 0.50, u_super: 0.00223, sec: 120.045, prod: 0.049588, t_ads: 86.5, t_des: 78.8, bed_util_ads: 0.492, bed_util_des: 0.492, des_th: 0.49190015252800956,frac_lost: 0.106, li_recovered:  8.195, time: 0.008200657999623218
L: 0.50, u_super: 0.00627, sec: 422.795, prod: 0.117308, t_ads: 31.2, t_des: 42.9, bed_util_ads: 0.446, bed_util_des: 0.445, des_th: 0.44505777993665047,frac_lost: 0.108, li_recovered:  8.698, time: 0.005926101999648381
L: 1.56, u_super: 0.00181 — INFEASIBLE (li_recovered=0.000e+00), time: 0.0046764159997110255
L: 0.50, u_super: 0.00160, sec: 149.438, prod: 0.020273, t_ads: 121.5, t_des: 301.9, bed_util_ads: 0.365, bed_util_des: 0.358, des_th: 0.3583333221241295,frac_lost: 0.105, li_recovered:  8.584, time: 0.010359967000113102
L: 0.50, u_super: 0.00207, sec: 112.816, prod: 0.045421, t_ads: 92.2, t_des: 78.9, bed_util_ads: 0.499, bed_util_des: 0.499, des_th: 0.49907281768157263,frac_lost: 0.100, li_recovered:  7.767, time: 0.006677508001303067
L: 22.79, u_super: 0.00845 — INFEASIBLE (li_recovered=0.000e+00), time: 0.00251256900082808
L: 0.50, u_super: 0.00578, sec: 335.471, prod: 0.124846, t_ads: 33.5, t_des: 35.8, bed_util_ads: 0.477, bed_util_des: 0.477, des_th: 0.47684640716235327,frac_lost: 0.101, li_recovered:  8.659, time: 0.00629958900026395
L: 33.67, u_super: 0.00095 — INFEASIBLE (li_recovered=0.000e+00), time: 0.0013127390011504758
L: 9.01, u_super: 0.00673 — INFEASIBLE (li_recovered=0.000e+00), time: 0.003046494999580318
L: 0.50, u_super: 0.00508, sec: 279.533, prod: 0.114493, t_ads: 38.2, t_des: 34.2, bed_util_ads: 0.500, bed_util_des: 0.500, des_th: 0.49972717256313726,frac_lost: 0.103, li_recovered:  8.287, time: 0.0072199440000986215
L: 0.50, u_super: 0.00742, sec: 420.852, prod: 0.167641, t_ads: 26.4, t_des: 24.3, bed_util_ads: 0.497, bed_util_des: 0.497, des_th: 0.4971491519972789,frac_lost: 0.108, li_recovered:  8.491, time: 0.007164927001213073
L: 0.50, u_super: 0.00285, sec: 154.520, prod: 0.063333, t_ads: 67.5, t_des: 58.7, bed_util_ads: 0.499, bed_util_des: 0.499, des_th: 0.49918359777160326,frac_lost: 0.101, li_recovered:  7.995, time: 0.0046765260012762155
L: 0.50, u_super: 0.00181, sec: 97.356, prod: 0.039754, t_ads: 105.9, t_des: 93.9, bed_util_ads: 0.494, bed_util_des: 0.494, des_th: 0.4937973651952789,frac_lost: 0.102, li_recovered:  7.944, time: 0.006935825998880318
L: 0.50, u_super: 0.00973, sec: 1113.891, prod: 0.112078, t_ads: 20.2, t_des: 57.9, bed_util_ads: 0.359, bed_util_des: 0.357, des_th: 0.3574365562967376,frac_lost: 0.107, li_recovered:  8.750, time: 0.010178255000937497
   119 |     4760 |     40 |  0.0024941356 |             f
L: 2.51, u_super: 0.00813, sec: 2468.733, prod: 0.173492, t_ads: 118.0, t_des: 124.2, bed_util_ads: 0.472, bed_util_des: 0.470, des_th: 0.47047165046373185,frac_lost: 0.102, li_recovered:  42.026, time: 0.004292303001420805
L: 13.52, u_super: 0.00742 — INFEASIBLE (li_recovered=0.000e+00), time: 0.0019289249994471902
L: 0.50, u_super: 0.00663, sec: 371.341, prod: 0.150026, t_ads: 29.3, t_des: 26.1, bed_util_ads: 0.500, bed_util_des: 0.500, des_th: 0.4997192383555178,frac_lost: 0.101, li_recovered:  8.310, time: 0.005443071000627242
L: 55.68, u_super: 0.00336 — INFEASIBLE (li_recovered=0.000e+00), time: 0.0012319130000832956
L: 48.23, u_super: 0.00382 — INFEASIBLE (li_recovered=0.000e+00), time: 0.001122085999668343
L: 0.50, u_super: 0.00258, sec: 140.069, prod: 0.057159, t_ads: 74.6, t_des: 64.6, bed_util_ads: 0.499, bed_util_des: 0.499, des_th: 0.49916844300720925,frac_lost: 0.103, li_recovered:  7.957, time: 0.0038512419996550307
L: 0.50, u_super: 0.00701, sec: 395.013, prod: 0.158177, t_ads: 28.0, t_des: 25.3, bed_util_ads: 0.499, bed_util_des: 0.499, des_th: 0.49899166102301784,frac_lost: 0.109, li_recovered:  8.433, time: 0.006272430000535678
L: 0.50, u_super: 0.00466, sec: 255.643, prod: 0.104710, t_ads: 41.8, t_des: 37.2, bed_util_ads: 0.499, bed_util_des: 0.499, des_th: 0.49916829164888477,frac_lost: 0.106, li_recovered:  8.279, time: 0.004831077998460387
L: 0.50, u_super: 0.00990, sec: 577.007, prod: 0.224387, t_ads: 19.8, t_des: 17.9, bed_util_ads: 0.500, bed_util_des: 0.500, des_th: 0.4997546292686577,frac_lost: 0.106, li_recovered:  8.445, time: 0.006520368000565213
L: 0.50, u_super: 0.00223, sec: 120.071, prod: 0.049577, t_ads: 86.6, t_des: 79.7, bed_util_ads: 0.491, bed_util_des: 0.491, des_th: 0.4908618050624074,frac_lost: 0.107, li_recovered:  8.243, time: 0.00511901800018677
L: 28.73, u_super: 0.00766 — INFEASIBLE (li_recovered=0.000e+00), time: 0.0022594539987039752
L: 0.50, u_super: 0.00799, sec: 455.693, prod: 0.180840, t_ads: 24.5, t_des: 22.2, bed_util_ads: 0.499, bed_util_des: 0.499, des_th: 0.4993337532221095,frac_lost: 0.107, li_recovered:  8.444, time: 0.005273290000332054
L: 0.50, u_super: 0.00763, sec: 433.574, prod: 0.172449, t_ads: 25.7, t_des: 23.3, bed_util_ads: 0.499, bed_util_des: 0.499, des_th: 0.498837933233278,frac_lost: 0.108, li_recovered:  8.440, time: 0.004012691000752966
L: 0.50, u_super: 0.00511, sec: 282.769, prod: 0.114680, t_ads: 38.0, t_des: 36.5, bed_util_ads: 0.490, bed_util_des: 0.490, des_th: 0.48979381439146796,frac_lost: 0.103, li_recovered:  8.542, time: 0.004875766000623116
L: 0.50, u_super: 0.00463, sec: 254.043, prod: 0.104226, t_ads: 42.0, t_des: 37.5, bed_util_ads: 0.500, bed_util_des: 0.499, des_th: 0.4994308938142288,frac_lost: 0.105, li_recovered:  8.286, time: 0.004872011000770726
L: 0.50, u_super: 0.00014, sec: 10.838, prod: 0.002224, t_ads: 1003.5, t_des: 1208.0, bed_util_ads: 0.360, bed_util_des: 0.350, des_th: 0.3499707170012989,frac_lost: 0.101, li_recovered:  4.918, time: 0.005949827000222285
L: 13.74, u_super: 0.00913 — INFEASIBLE (li_recovered=0.000e+00), time: 0.0024581869984103832
L: 0.50, u_super: 0.00956, sec: 682.255, prod: 0.176176, t_ads: 20.4, t_des: 29.1, bed_util_ads: 0.442, bed_util_des: 0.442, des_th: 0.4417509195106974,frac_lost: 0.103, li_recovered:  8.721, time: 0.005607835999398958
L: 0.50, u_super: 0.00121, sec: 66.261, prod: 0.025840, t_ads: 157.7, t_des: 135.9, bed_util_ads: 0.494, bed_util_des: 0.494, des_th: 0.4938205898877127,frac_lost: 0.107, li_recovered:  7.586, time: 0.0061324800008151215
L: 0.50, u_super: 0.00125 — INFEASIBLE (li_recovered=0.000e+00), time: 0.0028984330001549097
L: 0.50, u_super: 0.00865, sec: 496.936, prod: 0.195998, t_ads: 22.6, t_des: 20.8, bed_util_ads: 0.497, bed_util_des: 0.497, des_th: 0.49734360356027185,frac_lost: 0.105, li_recovered:  8.499, time: 0.006227373000001535
L: 0.50, u_super: 0.00020 — INFEASIBLE (li_recovered=0.000e+00), time: 0.0016647560005367268
L: 27.77, u_super: 0.00411 — INFEASIBLE (li_recovered=0.000e+00), time: 0.0009816000001592329
L: 5.35, u_super: 0.00009 — INFEASIBLE (li_recovered=0.000e+00), time: 0.000887779999175109
L: 0.50, u_super: 0.00852, sec: 491.147, prod: 0.191965, t_ads: 22.9, t_des: 21.8, bed_util_ads: 0.494, bed_util_des: 0.494, des_th: 0.4938808594126814,frac_lost: 0.106, li_recovered:  8.589, time: 0.0038057199999457225
L: 0.50, u_super: 0.00735, sec: 414.829, prod: 0.166796, t_ads: 26.4, t_des: 23.8, bed_util_ads: 0.499, bed_util_des: 0.499, des_th: 0.4990828414446339,frac_lost: 0.100, li_recovered:  8.369, time: 0.006186468001033063
L: 0.50, u_super: 0.00570, sec: 316.954, prod: 0.128496, t_ads: 34.3, t_des: 30.8, bed_util_ads: 0.500, bed_util_des: 0.500, des_th: 0.49995079049258784,frac_lost: 0.109, li_recovered:  8.376, time: 0.004490981998969801
L: 0.50, u_super: 0.00157, sec: 85.051, prod: 0.034173, t_ads: 122.2, t_des: 106.9, bed_util_ads: 0.494, bed_util_des: 0.494, des_th: 0.4937394394491968,frac_lost: 0.106, li_recovered:  7.831, time: 0.006073295000533108
L: 0.50, u_super: 0.00763, sec: 447.491, prod: 0.167079, t_ads: 25.7, t_des: 26.3, bed_util_ads: 0.483, bed_util_des: 0.483, des_th: 0.48260378484288063,frac_lost: 0.107, li_recovered:  8.681, time: 0.004814889000044786
L: 0.50, u_super: 0.00438, sec: 239.782, prod: 0.098435, t_ads: 44.4, t_des: 39.5, bed_util_ads: 0.499, bed_util_des: 0.499, des_th: 0.49918844133442564,frac_lost: 0.106, li_recovered:  8.266, time: 0.007030210001175874
L: 0.50, u_super: 0.00535, sec: 295.590, prod: 0.120752, t_ads: 36.3, t_des: 32.5, bed_util_ads: 0.499, bed_util_des: 0.499, des_th: 0.4993333088385552,frac_lost: 0.103, li_recovered:  8.304, time: 0.005407508000644157
L: 0.50, u_super: 0.00699, sec: 392.864, prod: 0.158544, t_ads: 27.7, t_des: 25.1, bed_util_ads: 0.499, bed_util_des: 0.499, des_th: 0.4990828414446339,frac_lost: 0.101, li_recovered:  8.373, time: 0.005395538999437122
L: 8.60, u_super: 0.00644 — INFEASIBLE (li_recovered=0.000e+00), time: 0.0018422359989926917
L: 1.02, u_super: 0.00262, sec: 298.875, prod: 0.055996, t_ads: 147.8, t_des: 125.9, bed_util_ads: 0.496, bed_util_des: 0.495, des_th: 0.49526385378331955,frac_lost: 0.104, li_recovered:  15.329, time: 0.003908755999873392
L: 7.29, u_super: 0.00367 — INFEASIBLE (li_recovered=0.000e+00), time: 0.0017883189993881388
L: 0.50, u_super: 0.00817, sec: 479.807, prod: 0.179891, t_ads: 24.0, t_des: 24.3, bed_util_ads: 0.485, bed_util_des: 0.484, des_th: 0.484279217074809,frac_lost: 0.107, li_recovered:  8.680, time: 0.0059470550004334655
L: 0.50, u_super: 0.00585, sec: 324.793, prod: 0.132283, t_ads: 33.1, t_des: 29.7, bed_util_ads: 0.500, bed_util_des: 0.500, des_th: 0.4996450641021382,frac_lost: 0.101, li_recovered:  8.310, time: 0.006014550999680068
L: 0.50, u_super: 0.00242, sec: 131.019, prod: 0.053503, t_ads: 79.7, t_des: 69.2, bed_util_ads: 0.500, bed_util_des: 0.500, des_th: 0.4996462712427684,frac_lost: 0.104, li_recovered:  7.967, time: 0.004016648999822792
L: 0.50, u_super: 0.00338, sec: 183.135, prod: 0.075572, t_ads: 57.0, t_des: 50.3, bed_util_ads: 0.499, bed_util_des: 0.499, des_th: 0.4991066169991789,frac_lost: 0.100, li_recovered:  8.108, time: 0.005158636000487604
L: 0.50, u_super: 0.00948, sec: 627.824, prod: 0.187991, t_ads: 20.6, t_des: 25.8, bed_util_ads: 0.458, bed_util_des: 0.458, des_th: 0.45793418163085414,frac_lost: 0.104, li_recovered:  8.718, time: 0.00531278500056942
   120 |     4800 |     40 |  0.0033803578 |             f
L: 0.50, u_super: 0.00725, sec: 408.740, prod: 0.164454, t_ads: 26.7, t_des: 24.2, bed_util_ads: 0.499, bed_util_des: 0.499, des_th: 0.4990039692895687,frac_lost: 0.101, li_recovered:  8.375, time: 0.004446068998731789
L: 0.50, u_super: 0.00808, sec: 460.880, prod: 0.182876, t_ads: 24.2, t_des: 22.0, bed_util_ads: 0.498, bed_util_des: 0.498, des_th: 0.4981818102444515,frac_lost: 0.106, li_recovered:  8.446, time: 0.004048775999763166
L: 0.50, u_super: 0.00223, sec: 120.086, prod: 0.049571, t_ads: 86.6, t_des: 78.8, bed_util_ads: 0.492, bed_util_des: 0.492, des_th: 0.49190015252800956,frac_lost: 0.107, li_recovered:  8.200, time: 0.006180546999530634
L: 0.50, u_super: 0.00410, sec: 223.749, prod: 0.091963, t_ads: 47.4, t_des: 41.9, bed_util_ads: 0.499, bed_util_des: 0.499, des_th: 0.49917629421636694,frac_lost: 0.104, li_recovered:  8.210, time: 0.00680641500002821
L: 0.50, u_super: 0.00905, sec: 522.233, prod: 0.205071, t_ads: 21.6, t_des: 19.4, bed_util_ads: 0.500, bed_util_des: 0.500, des_th: 0.4999041593234439,frac_lost: 0.105, li_recovered:  8.401, time: 0.004623468999852776
L: 0.50, u_super: 0.00405, sec: 221.354, prod: 0.090939, t_ads: 48.1, t_des: 42.8, bed_util_ads: 0.499, bed_util_des: 0.499, des_th: 0.49899506769293706,frac_lost: 0.108, li_recovered:  8.261, time: 0.004472348000490456
L: 0.50, u_super: 0.00616, sec: 342.692, prod: 0.139241, t_ads: 31.5, t_des: 28.2, bed_util_ads: 0.499, bed_util_des: 0.499, des_th: 0.49913145809185305,frac_lost: 0.100, li_recovered:  8.303, time: 0.0052886100002069725
L: 0.50, u_super: 0.00635, sec: 353.978, prod: 0.143657, t_ads: 30.6, t_des: 27.7, bed_util_ads: 0.498, bed_util_des: 0.498, des_th: 0.4982415916119384,frac_lost: 0.102, li_recovered:  8.378, time: 0.005244652000328642
L: 14.29, u_super: 0.00928 — INFEASIBLE (li_recovered=0.000e+00), time: 0.003677948001495679
L: 0.50, u_super: 0.00699, sec: 394.394, prod: 0.157938, t_ads: 28.0, t_des: 25.4, bed_util_ads: 0.499, bed_util_des: 0.499, des_th: 0.4990828414446339,frac_lost: 0.109, li_recovered:  8.435, time: 0.00779825300014636
L: 0.50, u_super: 0.00955, sec: 579.978, prod: 0.206735, t_ads: 20.5, t_des: 21.7, bed_util_ads: 0.480, bed_util_des: 0.480, des_th: 0.47994950604528486,frac_lost: 0.104, li_recovered:  8.705, time: 0.005137550000654301
L: 0.50, u_super: 0.00824, sec: 471.230, prod: 0.186415, t_ads: 23.8, t_des: 21.5, bed_util_ads: 0.500, bed_util_des: 0.499, des_th: 0.4994917073320462,frac_lost: 0.107, li_recovered:  8.439, time: 0.004107684999326011
L: 0.50, u_super: 0.00242, sec: 131.049, prod: 0.053487, t_ads: 79.6, t_des: 69.1, bed_util_ads: 0.500, bed_util_des: 0.500, des_th: 0.49979797789424935,frac_lost: 0.104, li_recovered:  7.956, time: 0.0038528729983227095
L: 0.50, u_super: 0.00492, sec: 270.437, prod: 0.111012, t_ads: 39.4, t_des: 35.3, bed_util_ads: 0.499, bed_util_des: 0.499, des_th: 0.4993010087117504,frac_lost: 0.102, li_recovered:  8.293, time: 0.003759777000595932
L: 0.50, u_super: 0.00052 — INFEASIBLE (li_recovered=0.000e+00), time: 0.0023450729986507213
L: 0.50, u_super: 0.00444, sec: 242.840, prod: 0.099901, t_ads: 43.8, t_des: 39.5, bed_util_ads: 0.498, bed_util_des: 0.498, des_th: 0.49772737803508216,frac_lost: 0.105, li_recovered:  8.320, time: 0.0045241090010677
L: 0.50, u_super: 0.00580, sec: 321.887, prod: 0.131150, t_ads: 33.4, t_des: 29.9, bed_util_ads: 0.500, bed_util_des: 0.500, des_th: 0.4996450641021382,frac_lost: 0.102, li_recovered:  8.310, time: 0.004450741000255221
L: 0.50, u_super: 0.00818, sec: 467.671, prod: 0.184782, t_ads: 24.0, t_des: 21.7, bed_util_ads: 0.500, bed_util_des: 0.499, des_th: 0.499510709733046,frac_lost: 0.109, li_recovered:  8.449, time: 0.00401913399946352
L: 0.50, u_super: 0.00765, sec: 433.195, prod: 0.173596, t_ads: 25.4, t_des: 22.9, bed_util_ads: 0.499, bed_util_des: 0.499, des_th: 0.49917778771828375,frac_lost: 0.100, li_recovered:  8.384, time: 0.004675887999837869
L: 103.95, u_super: 0.00688 — INFEASIBLE (li_recovered=0.000e+00), time: 0.0010890600005950546
L: 30.45, u_super: 0.00670 — INFEASIBLE (li_recovered=0.000e+00), time: 0.0014097849998506717
L: 59.57, u_super: 0.00018 — INFEASIBLE (li_recovered=0.000e+00), time: 0.0008270819998870138
L: 0.50, u_super: 0.00287, sec: 155.194, prod: 0.063771, t_ads: 67.4, t_des: 59.0, bed_util_ads: 0.499, bed_util_des: 0.499, des_th: 0.49918333933029774,frac_lost: 0.104, li_recovered:  8.061, time: 0.006006634001096245
L: 0.50, u_super: 0.00389, sec: 211.421, prod: 0.087229, t_ads: 50.1, t_des: 45.2, bed_util_ads: 0.497, bed_util_des: 0.496, des_th: 0.4963857887037974,frac_lost: 0.107, li_recovered:  8.316, time: 0.006491096999525325
L: 22.28, u_super: 0.00897 — INFEASIBLE (li_recovered=0.000e+00), time: 0.0017832789999374654
L: 0.50, u_super: 0.00401, sec: 219.148, prod: 0.089997, t_ads: 48.4, t_des: 42.7, bed_util_ads: 0.500, bed_util_des: 0.500, des_th: 0.49967347313343996,frac_lost: 0.105, li_recovered:  8.200, time: 0.005682480999894324
L: 33.15, u_super: 0.00535 — INFEASIBLE (li_recovered=0.000e+00), time: 0.0011831080009869765
L: 0.50, u_super: 0.00872, sec: 501.170, prod: 0.197420, t_ads: 22.4, t_des: 20.3, bed_util_ads: 0.499, bed_util_des: 0.499, des_th: 0.49917778771828375,frac_lost: 0.106, li_recovered:  8.442, time: 0.007198088998848107
L: 0.50, u_super: 0.00965, sec: 560.968, prod: 0.218806, t_ads: 20.3, t_des: 18.3, bed_util_ads: 0.500, bed_util_des: 0.500, des_th: 0.4997275809196764,frac_lost: 0.106, li_recovered:  8.446, time: 0.005362825000702287
L: 73.68, u_super: 0.00191 — INFEASIBLE (li_recovered=0.000e+00), time: 0.000983595000434434
L: 0.50, u_super: 0.00360, sec: 196.044, prod: 0.080484, t_ads: 54.1, t_des: 47.7, bed_util_ads: 0.499, bed_util_des: 0.499, des_th: 0.49918844133442564,frac_lost: 0.108, li_recovered:  8.192, time: 0.00547548599934089
L: 0.50, u_super: 0.00467, sec: 256.099, prod: 0.105067, t_ads: 41.7, t_des: 37.2, bed_util_ads: 0.499, bed_util_des: 0.499, des_th: 0.49916844300720925,frac_lost: 0.105, li_recovered:  8.282, time: 0.005123205999552738
L: 0.50, u_super: 0.00962, sec: 558.115, prod: 0.218269, t_ads: 20.3, t_des: 18.5, bed_util_ads: 0.499, bed_util_des: 0.499, des_th: 0.4990187433492992,frac_lost: 0.103, li_recovered:  8.452, time: 0.005873697999049909
L: 74.55, u_super: 0.00378 — INFEASIBLE (li_recovered=0.000e+00), time: 0.0012613369999598945
L: 0.50, u_super: 0.00751, sec: 543.893, prod: 0.132998, t_ads: 26.0, t_des: 39.5, bed_util_ads: 0.434, bed_util_des: 0.433, des_th: 0.433445208039958,frac_lost: 0.104, li_recovered:  8.712, time: 0.0060864360002597095
L: 0.50, u_super: 0.00014 — INFEASIBLE (li_recovered=0.000e+00), time: 0.002004484998906264
L: 0.50, u_super: 0.00332, sec: 179.661, prod: 0.074209, t_ads: 58.7, t_des: 53.0, bed_util_ads: 0.496, bed_util_des: 0.496, des_th: 0.49575377985858327,frac_lost: 0.108, li_recovered:  8.290, time: 0.00569283300137613
L: 0.50, u_super: 0.00870, sec: 499.854, prod: 0.196916, t_ads: 22.5, t_des: 20.4, bed_util_ads: 0.499, bed_util_des: 0.499, des_th: 0.498837933233278,frac_lost: 0.106, li_recovered:  8.448, time: 0.004324204001022736
L: 0.50, u_super: 0.00575, sec: 319.029, prod: 0.129619, t_ads: 33.7, t_des: 32.0, bed_util_ads: 0.492, bed_util_des: 0.492, des_th: 0.49164100254326126,frac_lost: 0.100, li_recovered:  8.522, time: 0.004399819999889587
L: 0.50, u_super: 0.00323, sec: 175.150, prod: 0.072071, t_ads: 59.8, t_des: 52.4, bed_util_ads: 0.500, bed_util_des: 0.499, des_th: 0.49936319890951797,frac_lost: 0.102, li_recovered:  8.089, time: 0.007734274999165791
   121 |     4840 |     40 |  0.0027569553 |             f
L: 38.92, u_super: 0.00450 — INFEASIBLE (li_recovered=0.000e+00), time: 0.000993548001133604
L: 0.50, u_super: 0.00588, sec: 338.549, prod: 0.128159, t_ads: 33.1, t_des: 34.5, bed_util_ads: 0.481, bed_util_des: 0.481, des_th: 0.4806835540291357,frac_lost: 0.103, li_recovered:  8.657, time: 0.005895459000385017
L: 0.50, u_super: 0.00256, sec: 138.705, prod: 0.056602, t_ads: 75.5, t_des: 65.4, bed_util_ads: 0.500, bed_util_des: 0.499, des_th: 0.4994351353808618,frac_lost: 0.105, li_recovered:  7.975, time: 0.00462844300091092
L: 0.50, u_super: 0.00928, sec: 557.130, prod: 0.202852, t_ads: 21.1, t_des: 21.8, bed_util_ads: 0.483, bed_util_des: 0.483, des_th: 0.4827167685430539,frac_lost: 0.106, li_recovered:  8.698, time: 0.005154819999006577
L: 10.39, u_super: 0.00016 — INFEASIBLE (li_recovered=0.000e+00), time: 0.0008915540001908084
L: 0.50, u_super: 0.00194, sec: 103.818, prod: 0.042969, t_ads: 98.7, t_des: 90.9, bed_util_ads: 0.490, bed_util_des: 0.489, des_th: 0.4891082576067861,frac_lost: 0.100, li_recovered:  8.144, time: 0.004746189999423223
L: 0.50, u_super: 0.00007 — INFEASIBLE (li_recovered=0.000e+00), time: 0.0017170549999718787
L: 0.50, u_super: 0.00595, sec: 331.005, prod: 0.134430, t_ads: 32.7, t_des: 29.2, bed_util_ads: 0.499, bed_util_des: 0.499, des_th: 0.499337471041633,frac_lost: 0.103, li_recovered:  8.316, time: 0.005318076000548899
L: 0.50, u_super: 0.00145, sec: 78.565, prod: 0.031478, t_ads: 132.0, t_des: 115.9, bed_util_ads: 0.494, bed_util_des: 0.494, des_th: 0.4936857904855426,frac_lost: 0.106, li_recovered:  7.802, time: 0.006817460998718161
L: 0.50, u_super: 0.00519, sec: 285.996, prod: 0.116964, t_ads: 37.5, t_des: 33.5, bed_util_ads: 0.499, bed_util_des: 0.499, des_th: 0.4993204919383124,frac_lost: 0.104, li_recovered:  8.296, time: 0.00428975700015144
L: 0.50, u_super: 0.00837, sec: 480.901, prod: 0.188954, t_ads: 23.3, t_des: 22.0, bed_util_ads: 0.494, bed_util_des: 0.494, des_th: 0.4938808594126814,frac_lost: 0.106, li_recovered:  8.564, time: 0.0053990129999874625
L: 0.50, u_super: 0.00223, sec: 121.231, prod: 0.049103, t_ads: 86.2, t_des: 74.2, bed_util_ads: 0.499, bed_util_des: 0.499, des_th: 0.4991293475814713,frac_lost: 0.104, li_recovered:  7.878, time: 0.005243068999334355
L: 0.50, u_super: 0.00141, sec: 76.495, prod: 0.030887, t_ads: 134.9, t_des: 130.4, bed_util_ads: 0.482, bed_util_des: 0.480, des_th: 0.4805913513862729,frac_lost: 0.104, li_recovered:  8.196, time: 0.004796246999831055
L: 0.50, u_super: 0.00896, sec: 514.941, prod: 0.203409, t_ads: 21.7, t_des: 19.6, bed_util_ads: 0.500, bed_util_des: 0.500, des_th: 0.49951547154377235,frac_lost: 0.100, li_recovered:  8.388, time: 0.004890538000836386
L: 0.50, u_super: 0.00725, sec: 408.783, prod: 0.164437, t_ads: 26.8, t_des: 24.4, bed_util_ads: 0.498, bed_util_des: 0.498, des_th: 0.49768432429517623,frac_lost: 0.102, li_recovered:  8.422, time: 0.004139965001741075
L: 21.27, u_super: 0.00467 — INFEASIBLE (li_recovered=0.000e+00), time: 0.0016900179998629028
L: 0.50, u_super: 0.00036, sec: 22.615, prod: 0.006818, t_ads: 472.9, t_des: 423.7, bed_util_ads: 0.456, bed_util_des: 0.455, des_th: 0.4555028475934051,frac_lost: 0.101, li_recovered:  6.113, time: 0.006572621001396328
L: 0.50, u_super: 0.00024 — INFEASIBLE (li_recovered=0.000e+00), time: 0.0023364450007647974
L: 0.50, u_super: 0.00683, sec: 384.598, prod: 0.154053, t_ads: 28.7, t_des: 25.7, bed_util_ads: 0.500, bed_util_des: 0.500, des_th: 0.4995651709176107,frac_lost: 0.109, li_recovered:  8.381, time: 0.006180864000270958
L: 0.50, u_super: 0.00809, sec: 462.110, prod: 0.182970, t_ads: 24.2, t_des: 22.0, bed_util_ads: 0.499, bed_util_des: 0.499, des_th: 0.49917778771828375,frac_lost: 0.108, li_recovered:  8.447, time: 0.006400315998689621
L: 0.50, u_super: 0.00139 — INFEASIBLE (li_recovered=0.000e+00), time: 0.0053728540005977266
L: 0.50, u_super: 0.00381, sec: 207.571, prod: 0.085380, t_ads: 51.1, t_des: 47.8, bed_util_ads: 0.492, bed_util_des: 0.492, des_th: 0.49160817613199215,frac_lost: 0.107, li_recovered:  8.445, time: 0.007174740001573809
L: 0.50, u_super: 0.00548, sec: 302.849, prod: 0.123830, t_ads: 35.4, t_des: 31.7, bed_util_ads: 0.500, bed_util_des: 0.500, des_th: 0.4997438324126026,frac_lost: 0.101, li_recovered:  8.305, time: 0.006441827999879024
L: 0.50, u_super: 0.00680, sec: 382.668, prod: 0.153408, t_ads: 28.9, t_des: 26.1, bed_util_ads: 0.499, bed_util_des: 0.499, des_th: 0.49899166102301784,frac_lost: 0.110, li_recovered:  8.432, time: 0.007023169000603957
L: 0.50, u_super: 0.00958, sec: 556.539, prod: 0.217120, t_ads: 20.4, t_des: 18.5, bed_util_ads: 0.499, bed_util_des: 0.499, des_th: 0.4991210503824132,frac_lost: 0.106, li_recovered:  8.450, time: 0.006327294000584516
L: 0.50, u_super: 0.00174, sec: 93.743, prod: 0.038151, t_ads: 110.3, t_des: 97.7, bed_util_ads: 0.494, bed_util_des: 0.494, des_th: 0.4938568100017894,frac_lost: 0.105, li_recovered:  7.939, time: 0.006617241999265389
L: 0.50, u_super: 0.00699, sec: 394.149, prod: 0.158033, t_ads: 28.0, t_des: 25.4, bed_util_ads: 0.499, bed_util_des: 0.499, des_th: 0.4990786792415561,frac_lost: 0.107, li_recovered:  8.434, time: 0.006652516000031028
L: 0.50, u_super: 0.00811, sec: 463.185, prod: 0.183622, t_ads: 24.1, t_des: 21.9, bed_util_ads: 0.500, bed_util_des: 0.500, des_th: 0.4996658900824659,frac_lost: 0.107, li_recovered:  8.439, time: 0.007773526000164566
L: 0.50, u_super: 0.00094, sec: 51.729, prod: 0.020239, t_ads: 198.4, t_des: 195.6, bed_util_ads: 0.472, bed_util_des: 0.470, des_th: 0.47047165046373185,frac_lost: 0.101, li_recovered:  7.975, time: 0.007454954999047914
L: 0.50, u_super: 0.00788, sec: 447.436, prod: 0.178685, t_ads: 24.7, t_des: 22.2, bed_util_ads: 0.499, bed_util_des: 0.499, des_th: 0.49933044335931653,frac_lost: 0.101, li_recovered:  8.381, time: 0.006727105999743799
L: 0.50, u_super: 0.00658, sec: 368.215, prod: 0.149098, t_ads: 29.5, t_des: 26.7, bed_util_ads: 0.498, bed_util_des: 0.498, des_th: 0.49831341533791046,frac_lost: 0.101, li_recovered:  8.371, time: 0.007524339000156033
L: 0.50, u_super: 0.00492, sec: 295.267, prod: 0.101676, t_ads: 39.4, t_des: 45.7, bed_util_ads: 0.467, bed_util_des: 0.466, des_th: 0.4659221146702484,frac_lost: 0.101, li_recovered:  8.653, time: 0.007112432000212721
L: 0.50, u_super: 0.00765, sec: 433.420, prod: 0.173505, t_ads: 25.3, t_des: 22.7, bed_util_ads: 0.500, bed_util_des: 0.499, des_th: 0.49949724438991194,frac_lost: 0.100, li_recovered:  8.338, time: 0.006956244000321021
L: 0.50, u_super: 0.00052, sec: 30.616, prod: 0.010433, t_ads: 343.1, t_des: 303.0, bed_util_ads: 0.471, bed_util_des: 0.471, des_th: 0.4707479770022003,frac_lost: 0.101, li_recovered:  6.740, time: 0.004501612998865312
L: 0.50, u_super: 0.00258, sec: 138.862, prod: 0.057574, t_ads: 74.7, t_des: 67.3, bed_util_ads: 0.496, bed_util_des: 0.495, des_th: 0.49552890256498067,frac_lost: 0.103, li_recovered:  8.170, time: 0.0040413810002064565
L: 0.50, u_super: 0.00989, sec: 663.681, prod: 0.194591, t_ads: 19.8, t_des: 25.1, bed_util_ads: 0.457, bed_util_des: 0.457, des_th: 0.4569491580686521,frac_lost: 0.104, li_recovered:  8.721, time: 0.004986292000467074
L: 5.50, u_super: 0.00721, sec: 7205.198, prod: 0.101384, t_ads: 291.5, t_des: 605.9, bed_util_ads: 0.371, bed_util_des: 0.357, des_th: 0.35730305381909755,frac_lost: 0.105, li_recovered:  90.979, time: 0.006465665001087473
L: 0.50, u_super: 0.00006 — INFEASIBLE (li_recovered=0.000e+00), time: 0.0011557430007087532
L: 0.50, u_super: 0.00116, sec: 63.622, prod: 0.024755, t_ads: 164.0, t_des: 166.7, bed_util_ads: 0.472, bed_util_des: 0.470, des_th: 0.47017660105838155,frac_lost: 0.104, li_recovered:  8.188, time: 0.004364012998848921
L: 0.50, u_super: 0.00943, sec: 546.648, prod: 0.213797, t_ads: 20.7, t_des: 18.5, bed_util_ads: 0.500, bed_util_des: 0.500, des_th: 0.49990571926704724,frac_lost: 0.104, li_recovered:  8.390, time: 0.004180216999884578
   122 |     4880 |     40 |  0.0037533143 |             f
L: 0.50, u_super: 0.00317, sec: 180.634, prod: 0.067132, t_ads: 60.9, t_des: 66.8, bed_util_ads: 0.471, bed_util_des: 0.470, des_th: 0.47047165046373185,frac_lost: 0.100, li_recovered:  8.576, time: 0.003599367000788334
L: 0.50, u_super: 0.00423, sec: 230.951, prod: 0.094978, t_ads: 46.0, t_des: 41.0, bed_util_ads: 0.499, bed_util_des: 0.499, des_th: 0.49893101254366395,frac_lost: 0.106, li_recovered:  8.267, time: 0.005023273999540834
L: 0.50, u_super: 0.00195, sec: 105.821, prod: 0.042775, t_ads: 98.1, t_des: 84.8, bed_util_ads: 0.498, bed_util_des: 0.498, des_th: 0.4982415916119384,frac_lost: 0.102, li_recovered:  7.821, time: 0.003875702001096215
L: 0.50, u_super: 0.00611, sec: 339.896, prod: 0.138233, t_ads: 31.7, t_des: 28.4, bed_util_ads: 0.499, bed_util_des: 0.499, des_th: 0.4990255711912105,frac_lost: 0.100, li_recovered:  8.310, time: 0.0035818639989884105
L: 0.50, u_super: 0.00052, sec: 29.841, prod: 0.010704, t_ads: 348.4, t_des: 339.8, bed_util_ads: 0.460, bed_util_des: 0.457, des_th: 0.45752465250098345,frac_lost: 0.105, li_recovered:  7.366, time: 0.003526889999193372
L: 0.50, u_super: 0.00751, sec: 429.913, prod: 0.168270, t_ads: 26.1, t_des: 25.1, bed_util_ads: 0.492, bed_util_des: 0.492, des_th: 0.49190015252800956,frac_lost: 0.109, li_recovered:  8.611, time: 0.0038434889993368415
L: 37.07, u_super: 0.00608 — INFEASIBLE (li_recovered=0.000e+00), time: 0.0009266010001738323
L: 0.50, u_super: 0.00110, sec: 60.423, prod: 0.023532, t_ads: 172.4, t_des: 174.0, bed_util_ads: 0.473, bed_util_des: 0.471, des_th: 0.47100394344143437,frac_lost: 0.104, li_recovered:  8.151, time: 0.003935307000574539
L: 25.42, u_super: 0.00892 — INFEASIBLE (li_recovered=0.000e+00), time: 0.002154832000087481
L: 2.04, u_super: 0.00980, sec: 2387.730, prod: 0.216652, t_ads: 80.3, t_des: 69.7, bed_util_ads: 0.500, bed_util_des: 0.500, des_th: 0.4997275809196764,frac_lost: 0.105, li_recovered:  32.488, time: 0.004679155999838258
L: 0.50, u_super: 0.00880, sec: 506.659, prod: 0.198989, t_ads: 22.3, t_des: 20.2, bed_util_ads: 0.499, bed_util_des: 0.499, des_th: 0.498829594026464,frac_lost: 0.108, li_recovered:  8.446, time: 0.004269156001100782
L: 0.50, u_super: 0.00765, sec: 433.190, prod: 0.173598, t_ads: 25.4, t_des: 23.5, bed_util_ads: 0.497, bed_util_des: 0.496, des_th: 0.4964401573413956,frac_lost: 0.100, li_recovered:  8.472, time: 0.004435520000697579
L: 0.50, u_super: 0.00226, sec: 217.845, prod: 0.028106, t_ads: 85.6, t_des: 221.6, bed_util_ads: 0.364, bed_util_des: 0.359, des_th: 0.35908471794324903,frac_lost: 0.101, li_recovered:  8.635, time: 0.006401537999408902
L: 0.50, u_super: 0.00510, sec: 281.556, prod: 0.114804, t_ads: 38.1, t_des: 36.1, bed_util_ads: 0.492, bed_util_des: 0.492, des_th: 0.4917175268322536,frac_lost: 0.103, li_recovered:  8.510, time: 0.0042950019997078925
L: 0.50, u_super: 0.00865, sec: 498.875, prod: 0.195204, t_ads: 22.6, t_des: 21.2, bed_util_ads: 0.494, bed_util_des: 0.494, des_th: 0.49402652229251126,frac_lost: 0.107, li_recovered:  8.565, time: 0.00622761900012847
L: 0.50, u_super: 0.00538, sec: 316.947, prod: 0.113946, t_ads: 36.3, t_des: 39.7, bed_util_ads: 0.474, bed_util_des: 0.474, des_th: 0.4737201551995298,frac_lost: 0.108, li_recovered:  8.666, time: 0.004904498999167117
L: 37.12, u_super: 0.00595 — INFEASIBLE (li_recovered=0.000e+00), time: 0.0009206730010191677
L: 0.50, u_super: 0.00760, sec: 431.989, prod: 0.171787, t_ads: 25.8, t_des: 23.4, bed_util_ads: 0.499, bed_util_des: 0.499, des_th: 0.49898826947257924,frac_lost: 0.109, li_recovered:  8.444, time: 0.004400825000629993
L: 0.50, u_super: 0.00105, sec: 58.069, prod: 0.022219, t_ads: 179.6, t_des: 154.1, bed_util_ads: 0.492, bed_util_des: 0.492, des_th: 0.49168334850625717,frac_lost: 0.104, li_recovered:  7.416, time: 0.003576533999876119
L: 0.50, u_super: 0.00664, sec: 427.660, prod: 0.130495, t_ads: 29.5, t_des: 37.2, bed_util_ads: 0.456, bed_util_des: 0.456, des_th: 0.4557872628138895,frac_lost: 0.106, li_recovered:  8.695, time: 0.005896728998777689
L: 4.54, u_super: 0.00633, sec: 3559.667, prod: 0.129078, t_ads: 263.6, t_des: 224.6, bed_util_ads: 0.484, bed_util_des: 0.484, des_th: 0.48415232394055807,frac_lost: 0.102, li_recovered:  63.020, time: 0.003713235000759596
L: 0.50, u_super: 0.00700, sec: 394.471, prod: 0.157995, t_ads: 28.0, t_des: 25.1, bed_util_ads: 0.500, bed_util_des: 0.500, des_th: 0.49962346213871106,frac_lost: 0.108, li_recovered:  8.384, time: 0.004246361000696197
L: 0.50, u_super: 0.00699, sec: 393.289, prod: 0.158379, t_ads: 27.7, t_des: 24.8, bed_util_ads: 0.500, bed_util_des: 0.500, des_th: 0.4998061062361656,frac_lost: 0.100, li_recovered:  8.310, time: 0.0051780349986074725
L: 0.90, u_super: 0.00237, sec: 233.797, prod: 0.051701, t_ads: 143.5, t_des: 139.8, bed_util_ads: 0.479, bed_util_des: 0.477, des_th: 0.47735200737144917,frac_lost: 0.101, li_recovered:  14.645, time: 0.004036693000671221
L: 0.50, u_super: 0.00898, sec: 519.929, prod: 0.202510, t_ads: 21.7, t_des: 20.7, bed_util_ads: 0.494, bed_util_des: 0.494, des_th: 0.4938808594126814,frac_lost: 0.104, li_recovered:  8.590, time: 0.006604170999708003
L: 19.71, u_super: 0.00020 — INFEASIBLE (li_recovered=0.000e+00), time: 0.0008526260007784003
L: 0.50, u_super: 0.00397, sec: 216.207, prod: 0.088996, t_ads: 48.9, t_des: 43.4, bed_util_ads: 0.499, bed_util_des: 0.499, des_th: 0.4991915395011897,frac_lost: 0.104, li_recovered:  8.213, time: 0.004298618001485011
L: 0.50, u_super: 0.00467, sec: 255.570, prod: 0.105119, t_ads: 41.7, t_des: 37.7, bed_util_ads: 0.498, bed_util_des: 0.498, des_th: 0.49779223139742473,frac_lost: 0.104, li_recovered:  8.339, time: 0.0043690919992513955
L: 0.50, u_super: 0.00385, sec: 209.866, prod: 0.086222, t_ads: 50.5, t_des: 44.7, bed_util_ads: 0.500, bed_util_des: 0.500, des_th: 0.499654609471871,frac_lost: 0.107, li_recovered:  8.210, time: 0.005042077998950845
L: 0.50, u_super: 0.00905, sec: 522.491, prod: 0.204970, t_ads: 21.6, t_des: 19.4, bed_util_ads: 0.500, bed_util_des: 0.500, des_th: 0.49990922832801954,frac_lost: 0.106, li_recovered:  8.397, time: 0.004920983999909367
L: 45.54, u_super: 0.00013 — INFEASIBLE (li_recovered=0.000e+00), time: 0.0007878309988882393
L: 0.50, u_super: 0.00990, sec: 580.455, prod: 0.223095, t_ads: 19.8, t_des: 18.8, bed_util_ads: 0.493, bed_util_des: 0.493, des_th: 0.49311270444368144,frac_lost: 0.106, li_recovered:  8.603, time: 0.004048636999868904
L: 0.50, u_super: 0.00323, sec: 175.151, prod: 0.072196, t_ads: 59.6, t_des: 52.4, bed_util_ads: 0.500, bed_util_des: 0.500, des_th: 0.4996584218505472,frac_lost: 0.101, li_recovered:  8.089, time: 0.0037250559998938115
L: 0.50, u_super: 0.00438, sec: 239.729, prod: 0.098456, t_ads: 44.4, t_des: 39.6, bed_util_ads: 0.500, bed_util_des: 0.500, des_th: 0.4999769949137109,frac_lost: 0.106, li_recovered:  8.271, time: 0.004227441000693943
L: 0.50, u_super: 0.00235, sec: 135.486, prod: 0.048688, t_ads: 82.2, t_des: 92.8, bed_util_ads: 0.466, bed_util_des: 0.464, des_th: 0.46417233885525777,frac_lost: 0.104, li_recovered:  8.522, time: 0.005602036999334814
L: 9.70, u_super: 0.00043 — INFEASIBLE (li_recovered=0.000e+00), time: 0.0008321209988935152
L: 0.50, u_super: 0.00389, sec: 211.373, prod: 0.087249, t_ads: 50.1, t_des: 45.3, bed_util_ads: 0.497, bed_util_des: 0.496, des_th: 0.49640148378919613,frac_lost: 0.106, li_recovered:  8.324, time: 0.004838465998545871
L: 0.50, u_super: 0.00595, sec: 331.004, prod: 0.134430, t_ads: 32.7, t_des: 30.3, bed_util_ads: 0.496, bed_util_des: 0.496, des_th: 0.4958673414817122,frac_lost: 0.104, li_recovered:  8.469, time: 0.004871873999945819
L: 0.50, u_super: 0.00479, sec: 263.504, prod: 0.107840, t_ads: 40.5, t_des: 38.3, bed_util_ads: 0.492, bed_util_des: 0.492, des_th: 0.49190015252800956,frac_lost: 0.103, li_recovered:  8.497, time: 0.003968441000324674
L: 2.56, u_super: 0.00610 — INFEASIBLE (li_recovered=0.000e+00), time: 0.002567954999904032
   123 |     4920 |     40 |  0.0025423923 |             f
L: 0.50, u_super: 0.00891, sec: 513.774, prod: 0.201409, t_ads: 22.0, t_des: 20.4, bed_util_ads: 0.496, bed_util_des: 0.496, des_th: 0.4956011883028644,frac_lost: 0.106, li_recovered:  8.526, time: 0.0044923610003024805
L: 0.50, u_super: 0.00628, sec: 351.268, prod: 0.141545, t_ads: 31.0, t_des: 29.3, bed_util_ads: 0.493, bed_util_des: 0.493, des_th: 0.4930903768321634,frac_lost: 0.103, li_recovered:  8.537, time: 0.00442278100126714
L: 0.50, u_super: 0.00990, sec: 577.015, prod: 0.224343, t_ads: 19.8, t_des: 17.9, bed_util_ads: 0.500, bed_util_des: 0.500, des_th: 0.4997246461889425,frac_lost: 0.106, li_recovered:  8.459, time: 0.003939472999263671
L: 0.50, u_super: 0.00323, sec: 175.202, prod: 0.072173, t_ads: 59.7, t_des: 52.4, bed_util_ads: 0.500, bed_util_des: 0.500, des_th: 0.4997091157061426,frac_lost: 0.102, li_recovered:  8.092, time: 0.00423032099934062
L: 0.50, u_super: 0.00168, sec: 91.664, prod: 0.036477, t_ads: 114.0, t_des: 97.4, bed_util_ads: 0.499, bed_util_des: 0.498, des_th: 0.49831341533791046,frac_lost: 0.105, li_recovered:  7.714, time: 0.003648892999990494
L: 0.50, u_super: 0.00965, sec: 560.426, prod: 0.219013, t_ads: 20.2, t_des: 18.2, bed_util_ads: 0.500, bed_util_des: 0.500, des_th: 0.4997319899530755,frac_lost: 0.103, li_recovered:  8.396, time: 0.003651097000329173
L: 0.50, u_super: 0.00378, sec: 268.991, prod: 0.064765, t_ads: 51.3, t_des: 82.2, bed_util_ads: 0.425, bed_util_des: 0.423, des_th: 0.42321270071235717,frac_lost: 0.101, li_recovered:  8.649, time: 0.0060156689996802015
L: 0.50, u_super: 0.00788, sec: 447.375, prod: 0.178710, t_ads: 24.6, t_des: 22.3, bed_util_ads: 0.500, bed_util_des: 0.499, des_th: 0.49943320949822434,frac_lost: 0.101, li_recovered:  8.383, time: 0.0039015469992591534
L: 0.50, u_super: 0.00323, sec: 175.198, prod: 0.072176, t_ads: 59.6, t_des: 52.3, bed_util_ads: 0.500, bed_util_des: 0.500, des_th: 0.4996584218505472,frac_lost: 0.101, li_recovered:  8.080, time: 0.003915887000403018
L: 0.50, u_super: 0.00758, sec: 430.193, prod: 0.171200, t_ads: 25.9, t_des: 23.4, bed_util_ads: 0.499, bed_util_des: 0.499, des_th: 0.4989013744527928,frac_lost: 0.109, li_recovered:  8.437, time: 0.0052044340009160805
L: 0.50, u_super: 0.00934, sec: 540.853, prod: 0.211788, t_ads: 20.9, t_des: 18.9, bed_util_ads: 0.500, bed_util_des: 0.500, des_th: 0.4999631971852642,frac_lost: 0.105, li_recovered:  8.441, time: 0.004428624000865966
L: 0.50, u_super: 0.00259, sec: 141.527, prod: 0.056675, t_ads: 74.6, t_des: 75.2, bed_util_ads: 0.482, bed_util_des: 0.481, des_th: 0.48088285625247823,frac_lost: 0.103, li_recovered:  8.490, time: 0.005849582001246745
L: 0.50, u_super: 0.00403, sec: 220.150, prod: 0.090345, t_ads: 48.2, t_des: 45.6, bed_util_ads: 0.492, bed_util_des: 0.492, des_th: 0.49172597323494516,frac_lost: 0.106, li_recovered:  8.477, time: 0.0043460809993121075
L: 0.50, u_super: 0.00528, sec: 385.542, prod: 0.089993, t_ads: 37.0, t_des: 59.5, bed_util_ads: 0.426, bed_util_des: 0.425, des_th: 0.4250866206528119,frac_lost: 0.106, li_recovered:  8.691, time: 0.005759349998697871
L: 0.50, u_super: 0.00866, sec: 498.811, prod: 0.195344, t_ads: 22.6, t_des: 21.2, bed_util_ads: 0.494, bed_util_des: 0.494, des_th: 0.49402652229251126,frac_lost: 0.107, li_recovered:  8.561, time: 0.005517724999663187
L: 21.77, u_super: 0.00157 — INFEASIBLE (li_recovered=0.000e+00), time: 0.0015822779987502145
L: 0.50, u_super: 0.00618, sec: 358.787, prod: 0.133915, t_ads: 31.5, t_des: 33.2, bed_util_ads: 0.479, bed_util_des: 0.479, des_th: 0.4785493466858078,frac_lost: 0.102, li_recovered:  8.666, time: 0.0049850209998112405
L: 0.50, u_super: 0.00862, sec: 495.168, prod: 0.195240, t_ads: 22.7, t_des: 20.3, bed_util_ads: 0.500, bed_util_des: 0.500, des_th: 0.4997438324126026,frac_lost: 0.106, li_recovered:  8.393, time: 0.0044395149998308625
L: 0.50, u_super: 0.00216, sec: 117.473, prod: 0.047372, t_ads: 89.5, t_des: 76.7, bed_util_ads: 0.500, bed_util_des: 0.500, des_th: 0.499587795879895,frac_lost: 0.108, li_recovered:  7.875, time: 0.0038041549996705726
L: 0.50, u_super: 0.00127, sec: 70.766, prod: 0.026776, t_ads: 149.9, t_des: 123.7, bed_util_ads: 0.499, bed_util_des: 0.499, des_th: 0.49936580274063214,frac_lost: 0.106, li_recovered:  7.326, time: 0.0036918029982189182
L: 0.50, u_super: 0.00905, sec: 522.565, prod: 0.204940, t_ads: 21.6, t_des: 19.4, bed_util_ads: 0.500, bed_util_des: 0.500, des_th: 0.49990709400131883,frac_lost: 0.106, li_recovered:  8.393, time: 0.0036452770000323653
L: 0.50, u_super: 0.00661, sec: 369.576, prod: 0.149616, t_ads: 29.4, t_des: 26.5, bed_util_ads: 0.499, bed_util_des: 0.499, des_th: 0.49903214659120243,frac_lost: 0.101, li_recovered:  8.368, time: 0.004269905000910512
L: 0.50, u_super: 0.00684, sec: 389.296, prod: 0.152757, t_ads: 28.6, t_des: 27.8, bed_util_ads: 0.489, bed_util_des: 0.489, des_th: 0.4891082576067861,frac_lost: 0.107, li_recovered:  8.619, time: 0.004711124000095879
L: 0.50, u_super: 0.00360, sec: 195.996, prod: 0.080505, t_ads: 54.1, t_des: 47.7, bed_util_ads: 0.499, bed_util_des: 0.499, des_th: 0.49918844133442564,frac_lost: 0.108, li_recovered:  8.199, time: 0.005037336999521358
L: 0.50, u_super: 0.00120, sec: 65.683, prod: 0.025612, t_ads: 158.6, t_des: 161.8, bed_util_ads: 0.472, bed_util_des: 0.470, des_th: 0.47052927505189895,frac_lost: 0.102, li_recovered:  8.206, time: 0.005697295999198104
L: 0.50, u_super: 0.00128, sec: 78.845, prod: 0.024398, t_ads: 149.7, t_des: 193.0, bed_util_ads: 0.443, bed_util_des: 0.440, des_th: 0.43983485412042445,frac_lost: 0.103, li_recovered:  8.360, time: 0.005136730000231182
L: 0.50, u_super: 0.00361, sec: 195.934, prod: 0.080833, t_ads: 53.8, t_des: 50.4, bed_util_ads: 0.493, bed_util_des: 0.492, des_th: 0.4921829698559219,frac_lost: 0.106, li_recovered:  8.429, time: 0.004449998001291533
L: 0.50, u_super: 0.00788, sec: 448.923, prod: 0.178208, t_ads: 24.9, t_des: 22.5, bed_util_ads: 0.499, bed_util_des: 0.499, des_th: 0.4993374175286973,frac_lost: 0.108, li_recovered:  8.445, time: 0.004551577001620899
L: 0.50, u_super: 0.00974, sec: 567.227, prod: 0.220580, t_ads: 20.0, t_des: 18.7, bed_util_ads: 0.496, bed_util_des: 0.496, des_th: 0.49552890256498067,frac_lost: 0.105, li_recovered:  8.539, time: 0.0037655779997294303
L: 0.50, u_super: 0.00699, sec: 393.961, prod: 0.157883, t_ads: 28.0, t_des: 25.1, bed_util_ads: 0.499, bed_util_des: 0.499, des_th: 0.4992170974733599,frac_lost: 0.107, li_recovered:  8.390, time: 0.004070799999681185
L: 0.50, u_super: 0.00008 — INFEASIBLE (li_recovered=0.000e+00), time: 0.0010290160007571103
L: 7.67, u_super: 0.00970 — INFEASIBLE (li_recovered=0.000e+00), time: 0.0022814610001660185
L: 0.50, u_super: 0.00110, sec: 60.382, prod: 0.023358, t_ads: 173.1, t_des: 149.6, bed_util_ads: 0.492, bed_util_des: 0.492, des_th: 0.491634955465026,frac_lost: 0.107, li_recovered:  7.536, time: 0.003817778999291477
L: 29.14, u_super: 0.00707 — INFEASIBLE (li_recovered=0.000e+00), time: 0.0009550909999234136
L: 0.50, u_super: 0.00811, sec: 464.592, prod: 0.183036, t_ads: 24.1, t_des: 22.6, bed_util_ads: 0.494, bed_util_des: 0.494, des_th: 0.4938808594126814,frac_lost: 0.107, li_recovered:  8.556, time: 0.005217093999817735
L: 0.50, u_super: 0.00723, sec: 408.620, prod: 0.163215, t_ads: 27.1, t_des: 24.6, bed_util_ads: 0.499, bed_util_des: 0.499, des_th: 0.49893514206337597,frac_lost: 0.109, li_recovered:  8.442, time: 0.005133763999765506
L: 2.85, u_super: 0.00242, sec: 842.630, prod: 0.047452, t_ads: 418.2, t_des: 383.7, bed_util_ads: 0.461, bed_util_des: 0.459, des_th: 0.4595704950350022,frac_lost: 0.104, li_recovered:  38.056, time: 0.003759892000744003
L: 0.50, u_super: 0.00891, sec: 514.204, prod: 0.201622, t_ads: 21.9, t_des: 20.4, bed_util_ads: 0.497, bed_util_des: 0.496, des_th: 0.496427961622255,frac_lost: 0.106, li_recovered:  8.530, time: 0.004409782000948326
L: 0.50, u_super: 0.00425, sec: 232.519, prod: 0.095589, t_ads: 45.7, t_des: 40.8, bed_util_ads: 0.499, bed_util_des: 0.499, des_th: 0.4989998397698566,frac_lost: 0.106, li_recovered:  8.268, time: 0.004596048000166775
L: 0.85, u_super: 0.00585, sec: 559.197, prod: 0.130849, t_ads: 56.5, t_des: 49.9, bed_util_ads: 0.500, bed_util_des: 0.500, des_th: 0.4996450641021382,frac_lost: 0.106, li_recovered:  13.914, time: 0.004815809999854537
   124 |     4960 |     40 |  0.0024553323 |             f
L: 0.50, u_super: 0.00028 — INFEASIBLE (li_recovered=0.000e+00), time: 0.0019587370006775018
L: 0.50, u_super: 0.00011 — INFEASIBLE (li_recovered=0.000e+00), time: 0.0014653220005129697
L: 0.50, u_super: 0.00684, sec: 384.893, prod: 0.154504, t_ads: 28.6, t_des: 25.7, bed_util_ads: 0.500, bed_util_des: 0.499, des_th: 0.4994514379320811,frac_lost: 0.107, li_recovered:  8.383, time: 0.003952940000090166
L: 0.50, u_super: 0.00284, sec: 152.663, prod: 0.063477, t_ads: 67.9, t_des: 63.4, bed_util_ads: 0.492, bed_util_des: 0.492, des_th: 0.49168334850625717,frac_lost: 0.102, li_recovered:  8.337, time: 0.005109834999529994
L: 33.89, u_super: 0.00778 — INFEASIBLE (li_recovered=0.000e+00), time: 0.002853105001122458
L: 0.50, u_super: 0.00625, sec: 349.565, prod: 0.141034, t_ads: 31.0, t_des: 29.5, bed_util_ads: 0.493, bed_util_des: 0.493, des_th: 0.49270725590481584,frac_lost: 0.101, li_recovered:  8.541, time: 0.007186173999798484
L: 0.50, u_super: 0.00358, sec: 194.062, prod: 0.080110, t_ads: 54.5, t_des: 49.9, bed_util_ads: 0.496, bed_util_des: 0.495, des_th: 0.4953993911638204,frac_lost: 0.108, li_recovered:  8.360, time: 0.004448059000424109
L: 0.50, u_super: 0.00477, sec: 294.273, prod: 0.095501, t_ads: 40.7, t_des: 49.9, bed_util_ads: 0.459, bed_util_des: 0.458, des_th: 0.4583462101939103,frac_lost: 0.102, li_recovered:  8.654, time: 0.005281898000248475
L: 0.50, u_super: 0.00923, sec: 533.460, prod: 0.209031, t_ads: 21.2, t_des: 19.0, bed_util_ads: 0.500, bed_util_des: 0.500, des_th: 0.4999041593234439,frac_lost: 0.105, li_recovered:  8.390, time: 0.007028576999800862
L: 27.31, u_super: 0.00258 — INFEASIBLE (li_recovered=0.000e+00), time: 0.001588186998560559
L: 0.60, u_super: 0.00320, sec: 208.888, prod: 0.071392, t_ads: 72.7, t_des: 68.1, bed_util_ads: 0.492, bed_util_des: 0.491, des_th: 0.49118811319825545,frac_lost: 0.102, li_recovered:  10.050, time: 0.007500603998778388
L: 0.50, u_super: 0.00554, sec: 307.081, prod: 0.124787, t_ads: 35.1, t_des: 33.2, bed_util_ads: 0.492, bed_util_des: 0.492, des_th: 0.4920490849698604,frac_lost: 0.102, li_recovered:  8.518, time: 0.0068735510012629675
L: 0.50, u_super: 0.00076 — INFEASIBLE (li_recovered=0.000e+00), time: 0.0048863119991438
L: 0.50, u_super: 0.00548, sec: 324.001, prod: 0.115751, t_ads: 35.4, t_des: 39.4, bed_util_ads: 0.473, bed_util_des: 0.472, des_th: 0.47213577939254486,frac_lost: 0.102, li_recovered:  8.663, time: 0.00797718600006192
L: 0.50, u_super: 0.00838, sec: 479.513, prod: 0.189723, t_ads: 23.3, t_des: 21.2, bed_util_ads: 0.498, bed_util_des: 0.498, des_th: 0.4982073295755127,frac_lost: 0.106, li_recovered:  8.444, time: 0.00620015999993484
L: 0.50, u_super: 0.00600, sec: 333.751, prod: 0.135714, t_ads: 32.3, t_des: 28.9, bed_util_ads: 0.500, bed_util_des: 0.500, des_th: 0.4996450641021382,frac_lost: 0.102, li_recovered:  8.316, time: 0.005056343999967794
L: 0.50, u_super: 0.00510, sec: 280.831, prod: 0.115098, t_ads: 38.0, t_des: 35.7, bed_util_ads: 0.493, bed_util_des: 0.493, des_th: 0.4926345276349207,frac_lost: 0.101, li_recovered:  8.476, time: 0.006366913999954704
L: 13.53, u_super: 0.00258 — INFEASIBLE (li_recovered=0.000e+00), time: 0.0018192759998783004
L: 46.52, u_super: 0.00492 — INFEASIBLE (li_recovered=0.000e+00), time: 0.001477245999922161
L: 0.50, u_super: 0.00699, sec: 394.199, prod: 0.158013, t_ads: 28.0, t_des: 25.1, bed_util_ads: 0.499, bed_util_des: 0.499, des_th: 0.4990828414446339,frac_lost: 0.107, li_recovered:  8.386, time: 0.006162137000501389
L: 0.50, u_super: 0.00989, sec: 648.997, prod: 0.199209, t_ads: 19.7, t_des: 24.1, bed_util_ads: 0.462, bed_util_des: 0.462, des_th: 0.4618171812861788,frac_lost: 0.102, li_recovered:  8.717, time: 0.006615850999878603
L: 0.50, u_super: 0.00538, sec: 296.909, prod: 0.121405, t_ads: 36.1, t_des: 32.3, bed_util_ads: 0.500, bed_util_des: 0.500, des_th: 0.4996652520587126,frac_lost: 0.102, li_recovered:  8.304, time: 0.005638954999085399
L: 16.89, u_super: 0.00326 — INFEASIBLE (li_recovered=0.000e+00), time: 0.0018767849996947916
L: 0.50, u_super: 0.00068 — INFEASIBLE (li_recovered=0.000e+00), time: 0.003255253999668639
L: 0.50, u_super: 0.00014, sec: 10.836, prod: 0.002224, t_ads: 1003.7, t_des: 1208.3, bed_util_ads: 0.360, bed_util_des: 0.350, des_th: 0.3499707170012989,frac_lost: 0.101, li_recovered:  4.920, time: 0.005380069000239018
L: 0.50, u_super: 0.00773, sec: 439.573, prod: 0.174704, t_ads: 25.3, t_des: 22.8, bed_util_ads: 0.500, bed_util_des: 0.500, des_th: 0.49994699451387586,frac_lost: 0.108, li_recovered:  8.405, time: 0.005683317000148236
L: 48.52, u_super: 0.00323 — INFEASIBLE (li_recovered=0.000e+00), time: 0.001145576999988407
L: 0.50, u_super: 0.00733, sec: 413.197, prod: 0.166097, t_ads: 26.5, t_des: 24.0, bed_util_ads: 0.499, bed_util_des: 0.499, des_th: 0.4987482793865946,frac_lost: 0.101, li_recovered:  8.379, time: 0.004782820000400534
L: 0.50, u_super: 0.00168, sec: 104.968, prod: 0.031892, t_ads: 115.0, t_des: 150.5, bed_util_ads: 0.445, bed_util_des: 0.442, des_th: 0.4418629051634798,frac_lost: 0.107, li_recovered:  8.467, time: 0.006407315000615199
L: 0.50, u_super: 0.00990, sec: 576.680, prod: 0.224466, t_ads: 19.7, t_des: 17.7, bed_util_ads: 0.500, bed_util_des: 0.500, des_th: 0.49972792712487885,frac_lost: 0.104, li_recovered:  8.403, time: 0.005214785000134725
L: 0.50, u_super: 0.00533, sec: 296.466, prod: 0.119316, t_ads: 36.7, t_des: 35.0, bed_util_ads: 0.492, bed_util_des: 0.491, des_th: 0.4914271262104021,frac_lost: 0.108, li_recovered:  8.555, time: 0.007074127999658231
L: 9.93, u_super: 0.00444 — INFEASIBLE (li_recovered=0.000e+00), time: 0.0025616389993956545
L: 0.50, u_super: 0.00866, sec: 497.414, prod: 0.195891, t_ads: 22.6, t_des: 20.8, bed_util_ads: 0.498, bed_util_des: 0.498, des_th: 0.49788761353838423,frac_lost: 0.106, li_recovered:  8.497, time: 0.005583774000115227
L: 0.50, u_super: 0.00444, sec: 242.592, prod: 0.100007, t_ads: 43.7, t_des: 39.6, bed_util_ads: 0.498, bed_util_des: 0.498, des_th: 0.49772737803508216,frac_lost: 0.104, li_recovered:  8.332, time: 0.006638638000367791
L: 0.50, u_super: 0.00153, sec: 84.140, prod: 0.032954, t_ads: 125.0, t_des: 105.4, bed_util_ads: 0.499, bed_util_des: 0.498, des_th: 0.49831341533791046,frac_lost: 0.107, li_recovered:  7.595, time: 0.005426271000033012
L: 0.50, u_super: 0.00006 — INFEASIBLE (li_recovered=0.000e+00), time: 0.002163389000997995
L: 0.50, u_super: 0.00510, sec: 280.816, prod: 0.115103, t_ads: 38.1, t_des: 35.3, bed_util_ads: 0.495, bed_util_des: 0.494, des_th: 0.4943992847912831,frac_lost: 0.103, li_recovered:  8.443, time: 0.006530483000460663
L: 0.50, u_super: 0.00292, sec: 157.408, prod: 0.065434, t_ads: 66.0, t_des: 61.5, bed_util_ads: 0.492, bed_util_des: 0.492, des_th: 0.49168334850625717,frac_lost: 0.102, li_recovered:  8.343, time: 0.005555453999477322
L: 0.50, u_super: 0.00939, sec: 544.502, prod: 0.212586, t_ads: 20.9, t_des: 18.8, bed_util_ads: 0.500, bed_util_des: 0.500, des_th: 0.49990571926704724,frac_lost: 0.107, li_recovered:  8.440, time: 0.006418631999622448
L: 0.50, u_super: 0.00632, sec: 353.841, prod: 0.142474, t_ads: 30.8, t_des: 29.1, bed_util_ads: 0.493, bed_util_des: 0.493, des_th: 0.4930903768321634,frac_lost: 0.103, li_recovered:  8.539, time: 0.006739375001416192
   125 |     5000 |     40 |  0.0046198879 |             f
L: 0.50, u_super: 0.00323, sec: 175.266, prod: 0.072148, t_ads: 59.7, t_des: 52.4, bed_util_ads: 0.500, bed_util_des: 0.500, des_th: 0.4999367961103908,frac_lost: 0.102, li_recovered:  8.093, time: 0.006407478000255651
L: 46.65, u_super: 0.00544 — INFEASIBLE (li_recovered=0.000e+00), time: 0.0011808119998022448
L: 0.50, u_super: 0.00076 — INFEASIBLE (li_recovered=0.000e+00), time: 0.0027718269993783906
L: 0.50, u_super: 0.00866, sec: 566.953, prod: 0.171869, t_ads: 22.5, t_des: 28.2, bed_util_ads: 0.459, bed_util_des: 0.458, des_th: 0.45808835553206384,frac_lost: 0.102, li_recovered:  8.710, time: 0.006555508000019472
L: 0.50, u_super: 0.00258, sec: 139.834, prod: 0.057174, t_ads: 74.6, t_des: 64.9, bed_util_ads: 0.499, bed_util_des: 0.499, des_th: 0.4988784497221786,frac_lost: 0.103, li_recovered:  7.975, time: 0.004379268999400665
L: 0.50, u_super: 0.00416, sec: 227.142, prod: 0.093609, t_ads: 46.6, t_des: 41.8, bed_util_ads: 0.498, bed_util_des: 0.498, des_th: 0.49775109213181057,frac_lost: 0.104, li_recovered:  8.275, time: 0.0055055480006558355
L: 0.50, u_super: 0.00860, sec: 563.601, prod: 0.170485, t_ads: 22.7, t_des: 28.4, bed_util_ads: 0.458, bed_util_des: 0.458, des_th: 0.45752465250098345,frac_lost: 0.104, li_recovered:  8.710, time: 0.0056895030011219205
L: 0.50, u_super: 0.00216, sec: 117.022, prod: 0.047555, t_ads: 89.5, t_des: 77.7, bed_util_ads: 0.498, bed_util_des: 0.498, des_th: 0.49761856399849214,frac_lost: 0.108, li_recovered:  7.952, time: 0.00513070300075924
L: 0.50, u_super: 0.00031, sec: 23.682, prod: 0.004852, t_ads: 584.3, t_des: 990.2, bed_util_ads: 0.370, bed_util_des: 0.350, des_th: 0.3499707170012989,frac_lost: 0.104, li_recovered:  7.639, time: 0.007587141000840347
L: 0.50, u_super: 0.00296, sec: 160.527, prod: 0.066026, t_ads: 65.2, t_des: 57.2, bed_util_ads: 0.499, bed_util_des: 0.499, des_th: 0.4991514604229484,frac_lost: 0.103, li_recovered:  8.076, time: 0.006781611000405974
L: 0.50, u_super: 0.00990, sec: 576.907, prod: 0.224382, t_ads: 19.8, t_des: 17.9, bed_util_ads: 0.500, bed_util_des: 0.500, des_th: 0.4997275809196764,frac_lost: 0.106, li_recovered:  8.453, time: 0.006383263000316219
L: 48.16, u_super: 0.00468 — INFEASIBLE (li_recovered=0.000e+00), time: 0.001094781000574585
L: 0.50, u_super: 0.00388, sec: 211.604, prod: 0.087018, t_ads: 50.2, t_des: 44.8, bed_util_ads: 0.498, bed_util_des: 0.498, des_th: 0.49824105923824796,frac_lost: 0.108, li_recovered:  8.269, time: 0.004935939001370571
L: 0.50, u_super: 0.00807, sec: 460.415, prod: 0.182763, t_ads: 24.2, t_des: 21.8, bed_util_ads: 0.500, bed_util_des: 0.500, des_th: 0.4996728986780532,frac_lost: 0.105, li_recovered:  8.397, time: 0.006199270999786677
L: 0.50, u_super: 0.00072, sec: 40.087, prod: 0.015013, t_ads: 259.1, t_des: 262.6, bed_util_ads: 0.464, bed_util_des: 0.461, des_th: 0.4615740100851653,frac_lost: 0.103, li_recovered:  7.833, time: 0.006601508999665384
L: 0.50, u_super: 0.00839, sec: 480.458, prod: 0.189929, t_ads: 23.3, t_des: 21.4, bed_util_ads: 0.498, bed_util_des: 0.498, des_th: 0.49803959244520946,frac_lost: 0.106, li_recovered:  8.483, time: 0.006700646999888704
L: 0.50, u_super: 0.00708, sec: 398.546, prod: 0.160079, t_ads: 27.6, t_des: 24.9, bed_util_ads: 0.500, bed_util_des: 0.499, des_th: 0.4995058497336554,frac_lost: 0.105, li_recovered:  8.392, time: 0.009034414999405271
L: 0.50, u_super: 0.00260, sec: 141.068, prod: 0.057686, t_ads: 74.0, t_des: 64.3, bed_util_ads: 0.500, bed_util_des: 0.500, des_th: 0.4996462712427684,frac_lost: 0.103, li_recovered:  7.978, time: 0.0056196519999502925
L: 0.50, u_super: 0.00162, sec: 88.922, prod: 0.034910, t_ads: 118.3, t_des: 99.5, bed_util_ads: 0.500, bed_util_des: 0.500, des_th: 0.49993944142827285,frac_lost: 0.106, li_recovered:  7.603, time: 0.004613388000507257
L: 0.50, u_super: 0.00632, sec: 352.981, prod: 0.142961, t_ads: 30.7, t_des: 28.8, bed_util_ads: 0.495, bed_util_des: 0.494, des_th: 0.49442501562266244,frac_lost: 0.101, li_recovered:  8.507, time: 0.004265927998858388
L: 0.50, u_super: 0.00629, sec: 385.233, prod: 0.129408, t_ads: 31.2, t_des: 36.0, bed_util_ads: 0.468, bed_util_des: 0.467, des_th: 0.4674184521457396,frac_lost: 0.108, li_recovered:  8.688, time: 0.0049198930009879405
L: 0.50, u_super: 0.00242, sec: 130.765, prod: 0.053402, t_ads: 79.9, t_des: 69.5, bed_util_ads: 0.500, bed_util_des: 0.500, des_th: 0.4996462712427684,frac_lost: 0.105, li_recovered:  7.980, time: 0.006295143000897951
L: 0.50, u_super: 0.00618, sec: 347.378, prod: 0.138551, t_ads: 31.5, t_des: 30.5, bed_util_ads: 0.490, bed_util_des: 0.490, des_th: 0.48957191073804396,frac_lost: 0.103, li_recovered:  8.589, time: 0.0041475569996691775
L: 43.61, u_super: 0.00814 — INFEASIBLE (li_recovered=0.000e+00), time: 0.0016803309990791604
L: 0.50, u_super: 0.00037 — INFEASIBLE (li_recovered=0.000e+00), time: 0.003925035998690873
L: 0.50, u_super: 0.00965, sec: 560.735, prod: 0.218892, t_ads: 20.2, t_des: 18.3, bed_util_ads: 0.500, bed_util_des: 0.500, des_th: 0.4995801156131597,frac_lost: 0.105, li_recovered:  8.442, time: 0.004718107000371674
L: 0.50, u_super: 0.00467, sec: 255.955, prod: 0.104986, t_ads: 41.7, t_des: 37.2, bed_util_ads: 0.500, bed_util_des: 0.500, des_th: 0.4996857679193797,frac_lost: 0.105, li_recovered:  8.277, time: 0.0056217090004793135
L: 0.50, u_super: 0.00678, sec: 393.824, prod: 0.148393, t_ads: 28.8, t_des: 29.6, bed_util_ads: 0.483, bed_util_des: 0.483, des_th: 0.4829722608795115,frac_lost: 0.107, li_recovered:  8.671, time: 0.005338832999768783
L: 0.50, u_super: 0.00127, sec: 70.715, prod: 0.026796, t_ads: 149.9, t_des: 123.9, bed_util_ads: 0.499, bed_util_des: 0.499, des_th: 0.49936580274063214,frac_lost: 0.106, li_recovered:  7.335, time: 0.004195110999717144
L: 0.50, u_super: 0.00185, sec: 100.687, prod: 0.040302, t_ads: 103.2, t_des: 88.2, bed_util_ads: 0.499, bed_util_des: 0.499, des_th: 0.49867357026869524,frac_lost: 0.101, li_recovered:  7.717, time: 0.005190354000660591
L: 0.50, u_super: 0.00441, sec: 241.399, prod: 0.098975, t_ads: 44.1, t_des: 39.0, bed_util_ads: 0.500, bed_util_des: 0.500, des_th: 0.499654609471871,frac_lost: 0.105, li_recovered:  8.222, time: 0.0050452640007279115
L: 0.50, u_super: 0.00688, sec: 385.937, prod: 0.156027, t_ads: 28.2, t_des: 25.5, bed_util_ads: 0.498, bed_util_des: 0.498, des_th: 0.4980966455019141,frac_lost: 0.100, li_recovered:  8.377, time: 0.003954838999561616
L: 0.50, u_super: 0.00635, sec: 354.282, prod: 0.143534, t_ads: 30.5, t_des: 28.7, bed_util_ads: 0.494, bed_util_des: 0.494, des_th: 0.4940476002159222,frac_lost: 0.100, li_recovered:  8.504, time: 0.003638846999820089
L: 0.50, u_super: 0.00787, sec: 446.550, prod: 0.178460, t_ads: 24.7, t_des: 22.3, bed_util_ads: 0.500, bed_util_des: 0.500, des_th: 0.4996008813891968,frac_lost: 0.101, li_recovered:  8.387, time: 0.004151801000261912
L: 0.50, u_super: 0.00882, sec: 507.863, prod: 0.199878, t_ads: 22.1, t_des: 20.3, bed_util_ads: 0.497, bed_util_des: 0.497, des_th: 0.49693951469622527,frac_lost: 0.105, li_recovered:  8.484, time: 0.004426503001013771
L: 0.50, u_super: 0.00498, sec: 275.906, prod: 0.111458, t_ads: 39.0, t_des: 37.8, bed_util_ads: 0.490, bed_util_des: 0.489, des_th: 0.489182895418192,frac_lost: 0.103, li_recovered:  8.561, time: 0.003962689001127728
L: 0.50, u_super: 0.00976, sec: 1161.339, prod: 0.108149, t_ads: 20.0, t_des: 60.9, bed_util_ads: 0.351, bed_util_des: 0.350, des_th: 0.3499707170012989,frac_lost: 0.100, li_recovered:  8.743, time: 0.008965629000158515
L: 0.50, u_super: 0.00580, sec: 321.008, prod: 0.131174, t_ads: 33.4, t_des: 30.3, bed_util_ads: 0.498, bed_util_des: 0.498, des_th: 0.49831316831956474,frac_lost: 0.101, li_recovered:  8.365, time: 0.004140179000387434
L: 0.50, u_super: 0.00364, sec: 198.070, prod: 0.081527, t_ads: 53.4, t_des: 47.2, bed_util_ads: 0.500, bed_util_des: 0.499, des_th: 0.49937950247168555,frac_lost: 0.106, li_recovered:  8.203, time: 0.005111350999868591
L: 0.50, u_super: 0.00168, sec: 91.584, prod: 0.036509, t_ads: 113.8, t_des: 97.4, bed_util_ads: 0.498, bed_util_des: 0.498, des_th: 0.49824183863028404,frac_lost: 0.103, li_recovered:  7.709, time: 0.0038724010009900667
   126 |     5040 |     40 |  0.0032851848 |             f
L: 0.50, u_super: 0.00143, sec: 79.612, prod: 0.030424, t_ads: 132.3, t_des: 109.3, bed_util_ads: 0.499, bed_util_des: 0.499, des_th: 0.49936580274063214,frac_lost: 0.101, li_recovered:  7.350, time: 0.004058070999235497
L: 21.54, u_super: 0.00624 — INFEASIBLE (li_recovered=0.000e+00), time: 0.0015237790012179175
L: 2.27, u_super: 0.00989, sec: 2687.597, prod: 0.218665, t_ads: 88.0, t_des: 77.2, bed_util_ads: 0.497, bed_util_des: 0.497, des_th: 0.49693951469622527,frac_lost: 0.100, li_recovered:  36.124, time: 0.003650712998933159
L: 50.50, u_super: 0.00633 — INFEASIBLE (li_recovered=0.000e+00), time: 0.001799158999347128
L: 0.50, u_super: 0.00549, sec: 303.291, prod: 0.123959, t_ads: 35.4, t_des: 31.7, bed_util_ads: 0.500, bed_util_des: 0.499, des_th: 0.4994514379320811,frac_lost: 0.102, li_recovered:  8.317, time: 0.004405972000313341
L: 0.50, u_super: 0.00950, sec: 550.720, prod: 0.215354, t_ads: 20.5, t_des: 18.4, bed_util_ads: 0.500, bed_util_des: 0.500, des_th: 0.49990571926704724,frac_lost: 0.104, li_recovered:  8.396, time: 0.004638572001567809
L: 13.94, u_super: 0.00030 — INFEASIBLE (li_recovered=0.000e+00), time: 0.0013190320005378453
L: 0.50, u_super: 0.00014 — INFEASIBLE (li_recovered=0.000e+00), time: 0.0022063130018068478
L: 0.50, u_super: 0.00152, sec: 83.643, prod: 0.032571, t_ads: 125.0, t_des: 104.9, bed_util_ads: 0.498, bed_util_des: 0.498, des_th: 0.49831341533791046,frac_lost: 0.101, li_recovered:  7.490, time: 0.003908114000296337
L: 0.50, u_super: 0.00751, sec: 428.612, prod: 0.168781, t_ads: 26.1, t_des: 24.8, bed_util_ads: 0.493, bed_util_des: 0.493, des_th: 0.49293490556841424,frac_lost: 0.109, li_recovered:  8.586, time: 0.004198179000013624
L: 0.50, u_super: 0.00358, sec: 193.847, prod: 0.080198, t_ads: 54.4, t_des: 49.7, bed_util_ads: 0.496, bed_util_des: 0.495, des_th: 0.49552569911338795,frac_lost: 0.106, li_recovered:  8.347, time: 0.004548735998469056
L: 3.30, u_super: 0.00425 — INFEASIBLE (li_recovered=0.000e+00), time: 0.0027712150003935676
L: 0.50, u_super: 0.00465, sec: 254.672, prod: 0.104673, t_ads: 41.9, t_des: 37.9, bed_util_ads: 0.498, bed_util_des: 0.498, des_th: 0.49777492205896706,frac_lost: 0.105, li_recovered:  8.348, time: 0.005239748999883886
L: 15.49, u_super: 0.00990 — INFEASIBLE (li_recovered=0.000e+00), time: 0.002180186998884892
L: 0.50, u_super: 0.00052 — INFEASIBLE (li_recovered=0.000e+00), time: 0.0022122589998616604
L: 0.50, u_super: 0.00987, sec: 574.987, prod: 0.223631, t_ads: 19.8, t_des: 18.0, bed_util_ads: 0.499, bed_util_des: 0.499, des_th: 0.49936580274063214,frac_lost: 0.106, li_recovered:  8.451, time: 0.0038355140004568966
L: 0.50, u_super: 0.00301, sec: 163.015, prod: 0.067092, t_ads: 64.1, t_des: 56.3, bed_util_ads: 0.500, bed_util_des: 0.500, des_th: 0.4996008813891968,frac_lost: 0.103, li_recovered:  8.076, time: 0.0043430679997982224
L: 0.50, u_super: 0.00651, sec: 363.999, prod: 0.147137, t_ads: 29.9, t_des: 26.7, bed_util_ads: 0.500, bed_util_des: 0.499, des_th: 0.4994514379320811,frac_lost: 0.102, li_recovered:  8.318, time: 0.005182905999390641
L: 5.06, u_super: 0.00255 — INFEASIBLE (li_recovered=0.000e+00), time: 0.003196416000719182
L: 0.50, u_super: 0.00905, sec: 522.675, prod: 0.204894, t_ads: 21.6, t_des: 19.4, bed_util_ads: 0.500, bed_util_des: 0.500, des_th: 0.4999041593234439,frac_lost: 0.107, li_recovered:  8.409, time: 0.004461468999579665
L: 0.50, u_super: 0.00467, sec: 255.736, prod: 0.105051, t_ads: 41.7, t_des: 37.7, bed_util_ads: 0.497, bed_util_des: 0.497, des_th: 0.4972611974816461,frac_lost: 0.106, li_recovered:  8.347, time: 0.005448989999422338
L: 0.50, u_super: 0.00969, sec: 563.102, prod: 0.219728, t_ads: 20.1, t_des: 18.1, bed_util_ads: 0.500, bed_util_des: 0.500, des_th: 0.4998698711637734,frac_lost: 0.104, li_recovered:  8.398, time: 0.003998030999355251
L: 0.50, u_super: 0.00966, sec: 561.232, prod: 0.219095, t_ads: 20.2, t_des: 18.3, bed_util_ads: 0.500, bed_util_des: 0.500, des_th: 0.49968401812817975,frac_lost: 0.105, li_recovered:  8.437, time: 0.0038366070002666675
L: 0.50, u_super: 0.00507, sec: 278.759, prod: 0.114511, t_ads: 38.2, t_des: 35.4, bed_util_ads: 0.495, bed_util_des: 0.494, des_th: 0.4943992847912831,frac_lost: 0.102, li_recovered:  8.434, time: 0.004275084000255447
L: 0.50, u_super: 0.00580, sec: 321.250, prod: 0.131075, t_ads: 33.5, t_des: 30.3, bed_util_ads: 0.498, bed_util_des: 0.498, des_th: 0.49831316831956474,frac_lost: 0.102, li_recovered:  8.363, time: 0.004159029000220471
L: 0.50, u_super: 0.00754, sec: 467.200, prod: 0.156146, t_ads: 26.0, t_des: 29.8, bed_util_ads: 0.470, bed_util_des: 0.469, des_th: 0.4693723607104928,frac_lost: 0.108, li_recovered:  8.702, time: 0.004981462998330244
L: 1.70, u_super: 0.00323 — INFEASIBLE (li_recovered=0.000e+00), time: 0.002899258999605081
L: 0.50, u_super: 0.00298, sec: 161.127, prod: 0.066384, t_ads: 64.8, t_des: 57.0, bed_util_ads: 0.499, bed_util_des: 0.499, des_th: 0.4991514604229484,frac_lost: 0.102, li_recovered:  8.080, time: 0.00498708200029796
L: 0.50, u_super: 0.00416, sec: 227.088, prod: 0.093631, t_ads: 46.7, t_des: 42.2, bed_util_ads: 0.498, bed_util_des: 0.498, des_th: 0.4977971539931697,frac_lost: 0.106, li_recovered:  8.324, time: 0.0053214969993859995
L: 0.50, u_super: 0.00661, sec: 369.849, prod: 0.149842, t_ads: 29.3, t_des: 26.8, bed_util_ads: 0.497, bed_util_des: 0.497, des_th: 0.4969077433895445,frac_lost: 0.101, li_recovered:  8.418, time: 0.0037353610005084192
L: 0.50, u_super: 0.00915, sec: 528.895, prod: 0.207304, t_ads: 21.4, t_des: 19.2, bed_util_ads: 0.500, bed_util_des: 0.500, des_th: 0.4999041593234439,frac_lost: 0.106, li_recovered:  8.398, time: 0.0044827189994975924
L: 0.50, u_super: 0.00626, sec: 348.666, prod: 0.141545, t_ads: 31.1, t_des: 28.4, bed_util_ads: 0.498, bed_util_des: 0.498, des_th: 0.49775109213181057,frac_lost: 0.103, li_recovered:  8.418, time: 0.0053590340012306115
L: 0.50, u_super: 0.00841, sec: 482.348, prod: 0.190019, t_ads: 23.4, t_des: 21.1, bed_util_ads: 0.500, bed_util_des: 0.499, des_th: 0.4994233099303243,frac_lost: 0.109, li_recovered:  8.446, time: 0.005291426999974647
L: 0.50, u_super: 0.00943, sec: 788.978, prod: 0.148131, t_ads: 20.7, t_des: 38.3, bed_util_ads: 0.410, bed_util_des: 0.409, des_th: 0.4094078806360348,frac_lost: 0.102, li_recovered:  8.729, time: 0.0067095559988956666
L: 0.50, u_super: 0.00094, sec: 54.036, prod: 0.019376, t_ads: 200.7, t_des: 220.1, bed_util_ads: 0.459, bed_util_des: 0.456, des_th: 0.4561232469171342,frac_lost: 0.106, li_recovered:  8.153, time: 0.004393774999698508
L: 0.50, u_super: 0.00055 — INFEASIBLE (li_recovered=0.000e+00), time: 0.0024584250004409114
L: 0.50, u_super: 0.00809, sec: 460.279, prod: 0.183552, t_ads: 24.0, t_des: 21.7, bed_util_ads: 0.500, bed_util_des: 0.500, des_th: 0.4996584218505472,frac_lost: 0.100, li_recovered:  8.384, time: 0.004813882000235026
L: 0.50, u_super: 0.00910, sec: 529.168, prod: 0.204773, t_ads: 21.4, t_des: 20.6, bed_util_ads: 0.492, bed_util_des: 0.492, des_th: 0.49168334850625717,frac_lost: 0.104, li_recovered:  8.614, time: 0.0036563810008374276
L: 0.50, u_super: 0.00467, sec: 255.647, prod: 0.105088, t_ads: 41.6, t_des: 38.6, bed_util_ads: 0.495, bed_util_des: 0.494, des_th: 0.4944993641478329,frac_lost: 0.104, li_recovered:  8.437, time: 0.00403484600064985
L: 0.50, u_super: 0.00510, sec: 280.882, prod: 0.115076, t_ads: 38.0, t_des: 34.0, bed_util_ads: 0.499, bed_util_des: 0.499, des_th: 0.4986836199643042,frac_lost: 0.102, li_recovered:  8.292, time: 0.004829895000511897
   127 |     5080 |     40 |  0.0021361053 |             f
L: 0.50, u_super: 0.00742, sec: 420.017, prod: 0.167595, t_ads: 26.4, t_des: 24.0, bed_util_ads: 0.499, bed_util_des: 0.499, des_th: 0.4993333088385552,frac_lost: 0.108, li_recovered:  8.441, time: 0.006297789001109777
L: 0.50, u_super: 0.00211, sec: 218.134, prod: 0.024222, t_ads: 92.4, t_des: 264.4, bed_util_ads: 0.352, bed_util_des: 0.346, des_th: 0.34577650661688886,frac_lost: 0.103, li_recovered:  8.643, time: 0.0075160970009164885
L: 46.77, u_super: 0.00039 — INFEASIBLE (li_recovered=0.000e+00), time: 0.0011528049999469658
L: 0.50, u_super: 0.00056, sec: 31.514, prod: 0.011457, t_ads: 326.9, t_des: 327.3, bed_util_ads: 0.459, bed_util_des: 0.456, des_th: 0.456428433335877,frac_lost: 0.100, li_recovered:  7.496, time: 0.004555229001198313
L: 26.25, u_super: 0.00625 — INFEASIBLE (li_recovered=0.000e+00), time: 0.0017791880000004312
L: 0.50, u_super: 0.00354, sec: 192.226, prod: 0.079053, t_ads: 55.0, t_des: 48.5, bed_util_ads: 0.500, bed_util_des: 0.500, des_th: 0.49990571926704724,frac_lost: 0.107, li_recovered:  8.181, time: 0.003736960999958683
L: 14.55, u_super: 0.00211 — INFEASIBLE (li_recovered=0.000e+00), time: 0.001143477998994058
L: 0.50, u_super: 0.00990, sec: 607.859, prod: 0.212960, t_ads: 19.8, t_des: 21.1, bed_util_ads: 0.478, bed_util_des: 0.478, des_th: 0.477952746651625,frac_lost: 0.106, li_recovered:  8.713, time: 0.004271387999324361
L: 0.50, u_super: 0.00684, sec: 385.076, prod: 0.154431, t_ads: 28.6, t_des: 25.9, bed_util_ads: 0.498, bed_util_des: 0.498, des_th: 0.49830947127596614,frac_lost: 0.109, li_recovered:  8.431, time: 0.0036276589999033604
L: 0.50, u_super: 0.00250, sec: 134.598, prod: 0.055829, t_ads: 77.0, t_des: 70.1, bed_util_ads: 0.493, bed_util_des: 0.493, des_th: 0.49293490556841424,frac_lost: 0.104, li_recovered:  8.211, time: 0.004320408999774372
L: 0.50, u_super: 0.00787, sec: 446.631, prod: 0.178427, t_ads: 24.7, t_des: 22.5, bed_util_ads: 0.498, bed_util_des: 0.498, des_th: 0.4977241598788451,frac_lost: 0.102, li_recovered:  8.428, time: 0.005790162998891901
L: 0.50, u_super: 0.00356, sec: 193.033, prod: 0.079704, t_ads: 54.6, t_des: 48.9, bed_util_ads: 0.498, bed_util_des: 0.498, des_th: 0.4982411504691629,frac_lost: 0.106, li_recovered:  8.251, time: 0.0070551079988945276
L: 0.50, u_super: 0.00254, sec: 137.986, prod: 0.056277, t_ads: 75.8, t_des: 74.2, bed_util_ads: 0.485, bed_util_des: 0.484, des_th: 0.4839998210752015,frac_lost: 0.103, li_recovered:  8.442, time: 0.006078077998608933
L: 0.50, u_super: 0.00031, sec: 22.395, prod: 0.005131, t_ads: 578.0, t_des: 882.6, bed_util_ads: 0.383, bed_util_des: 0.365, des_th: 0.36521596775805776,frac_lost: 0.103, li_recovered:  7.494, time: 0.006757909000953077
L: 0.50, u_super: 0.00324, sec: 181.786, prod: 0.069869, t_ads: 60.1, t_des: 62.6, bed_util_ads: 0.478, bed_util_des: 0.477, des_th: 0.476877694236016,frac_lost: 0.108, li_recovered:  8.577, time: 0.005651044000842376
L: 0.50, u_super: 0.00284, sec: 152.675, prod: 0.063472, t_ads: 68.0, t_des: 63.4, bed_util_ads: 0.492, bed_util_des: 0.492, des_th: 0.491973604835239,frac_lost: 0.102, li_recovered:  8.338, time: 0.005743067000366864
L: 9.57, u_super: 0.00720 — INFEASIBLE (li_recovered=0.000e+00), time: 0.0032168620000447845
L: 0.50, u_super: 0.00128, sec: 70.911, prod: 0.027355, t_ads: 148.8, t_des: 153.5, bed_util_ads: 0.472, bed_util_des: 0.470, des_th: 0.47047165046373185,frac_lost: 0.106, li_recovered:  8.270, time: 0.005808174000776489
L: 0.50, u_super: 0.00492, sec: 270.687, prod: 0.110910, t_ads: 39.5, t_des: 35.2, bed_util_ads: 0.499, bed_util_des: 0.499, des_th: 0.4991547345800925,frac_lost: 0.104, li_recovered:  8.284, time: 0.00497133700082486
L: 0.50, u_super: 0.00540, sec: 298.025, prod: 0.121835, t_ads: 36.0, t_des: 32.2, bed_util_ads: 0.500, bed_util_des: 0.500, des_th: 0.4996008813891968,frac_lost: 0.103, li_recovered:  8.311, time: 0.006456754999817349
L: 0.50, u_super: 0.00021 — INFEASIBLE (li_recovered=0.000e+00), time: 0.001583895000294433
L: 0.50, u_super: 0.00626, sec: 348.810, prod: 0.141559, t_ads: 31.1, t_des: 28.1, bed_util_ads: 0.498, bed_util_des: 0.498, des_th: 0.49831316831956474,frac_lost: 0.103, li_recovered:  8.379, time: 0.0037927640005364083
L: 0.50, u_super: 0.00190, sec: 102.402, prod: 0.042074, t_ads: 101.3, t_des: 93.5, bed_util_ads: 0.490, bed_util_des: 0.489, des_th: 0.4891082576067861,frac_lost: 0.108, li_recovered:  8.198, time: 0.004239149999193614
L: 0.50, u_super: 0.00467, sec: 256.855, prod: 0.104995, t_ads: 41.6, t_des: 39.4, bed_util_ads: 0.492, bed_util_des: 0.492, des_th: 0.4919261785083166,frac_lost: 0.104, li_recovered:  8.500, time: 0.0037415599999803817
L: 25.23, u_super: 0.00949 — INFEASIBLE (li_recovered=0.000e+00), time: 0.0018249179993290454
L: 0.50, u_super: 0.00898, sec: 517.750, prod: 0.203349, t_ads: 21.8, t_des: 19.7, bed_util_ads: 0.500, bed_util_des: 0.500, des_th: 0.49970027952508966,frac_lost: 0.106, li_recovered:  8.443, time: 0.004173818999333889
L: 0.50, u_super: 0.00882, sec: 507.974, prod: 0.199834, t_ads: 22.2, t_des: 20.1, bed_util_ads: 0.499, bed_util_des: 0.499, des_th: 0.49910909379573215,frac_lost: 0.106, li_recovered:  8.438, time: 0.004541553998933523
L: 11.47, u_super: 0.00148 — INFEASIBLE (li_recovered=0.000e+00), time: 0.0012490530007198686
L: 0.50, u_super: 0.00718, sec: 405.833, prod: 0.162190, t_ads: 27.3, t_des: 24.7, bed_util_ads: 0.498, bed_util_des: 0.498, des_th: 0.49824105923824796,frac_lost: 0.108, li_recovered:  8.439, time: 0.0051591350002127
L: 0.50, u_super: 0.00503, sec: 276.838, prod: 0.113569, t_ads: 38.5, t_des: 34.5, bed_util_ads: 0.500, bed_util_des: 0.500, des_th: 0.4998493892742827,frac_lost: 0.102, li_recovered:  8.298, time: 0.004426024001077167
L: 0.50, u_super: 0.00581, sec: 322.428, prod: 0.131444, t_ads: 33.4, t_des: 30.9, bed_util_ads: 0.496, bed_util_des: 0.496, des_th: 0.4955977168365036,frac_lost: 0.102, li_recovered:  8.457, time: 0.00351721300103236
L: 0.50, u_super: 0.00738, sec: 416.709, prod: 0.167397, t_ads: 26.3, t_des: 23.7, bed_util_ads: 0.500, bed_util_des: 0.500, des_th: 0.4996462712427684,frac_lost: 0.101, li_recovered:  8.368, time: 0.005286105000777752
L: 3.15, u_super: 0.00194 — INFEASIBLE (li_recovered=0.000e+00), time: 0.0019611600000644103
L: 0.50, u_super: 0.00006 — INFEASIBLE (li_recovered=0.000e+00), time: 0.001102013999116025
L: 0.50, u_super: 0.00661, sec: 371.142, prod: 0.149320, t_ads: 29.6, t_des: 27.2, bed_util_ads: 0.497, bed_util_des: 0.497, des_th: 0.49661748678931106,frac_lost: 0.107, li_recovered:  8.470, time: 0.004636927000319702
L: 40.42, u_super: 0.00876 — INFEASIBLE (li_recovered=0.000e+00), time: 0.0012380490006762557
L: 0.50, u_super: 0.00689, sec: 386.840, prod: 0.156034, t_ads: 28.1, t_des: 25.2, bed_util_ads: 0.499, bed_util_des: 0.499, des_th: 0.49923331175823993,frac_lost: 0.100, li_recovered:  8.326, time: 0.005034534000515123
L: 0.50, u_super: 0.00052, sec: 29.836, prod: 0.010705, t_ads: 348.0, t_des: 339.7, bed_util_ads: 0.460, bed_util_des: 0.457, des_th: 0.4574136104897888,frac_lost: 0.105, li_recovered:  7.363, time: 0.004499366999880294
L: 0.50, u_super: 0.00684, sec: 385.219, prod: 0.154373, t_ads: 28.6, t_des: 25.6, bed_util_ads: 0.500, bed_util_des: 0.500, des_th: 0.49964346386431063,frac_lost: 0.109, li_recovered:  8.376, time: 0.00544670099952782
L: 0.50, u_super: 0.00980, sec: 571.063, prod: 0.221853, t_ads: 20.0, t_des: 18.5, bed_util_ads: 0.497, bed_util_des: 0.497, des_th: 0.49680363692250146,frac_lost: 0.105, li_recovered:  8.532, time: 0.005967925999357249
   128 |     5120 |     40 |  0.0036509199 |             f
L: 0.50, u_super: 0.00094, sec: 51.848, prod: 0.020193, t_ads: 199.0, t_des: 197.5, bed_util_ads: 0.472, bed_util_des: 0.470, des_th: 0.47047165046373185,frac_lost: 0.103, li_recovered:  8.006, time: 0.00573987800089526
L: 7.50, u_super: 0.00416 — INFEASIBLE (li_recovered=0.000e+00), time: 0.0018680010016396409
L: 0.50, u_super: 0.00586, sec: 324.992, prod: 0.132689, t_ads: 33.1, t_des: 30.0, bed_util_ads: 0.499, bed_util_des: 0.498, des_th: 0.49838875167993196,frac_lost: 0.101, li_recovered:  8.373, time: 0.004207996000332059
L: 25.24, u_super: 0.00055 — INFEASIBLE (li_recovered=0.000e+00), time: 0.0012686270001722733
L: 0.50, u_super: 0.00693, sec: 389.249, prod: 0.156905, t_ads: 28.1, t_des: 25.3, bed_util_ads: 0.499, bed_util_des: 0.499, des_th: 0.49923331175823993,frac_lost: 0.102, li_recovered:  8.373, time: 0.00467024899990065
L: 0.50, u_super: 0.00209, sec: 113.690, prod: 0.045798, t_ads: 91.6, t_des: 78.4, bed_util_ads: 0.500, bed_util_des: 0.499, des_th: 0.49941064784992995,frac_lost: 0.101, li_recovered:  7.782, time: 0.005300421998981619
L: 0.78, u_super: 0.00021 — INFEASIBLE (li_recovered=0.000e+00), time: 0.0029328330001590075
L: 0.50, u_super: 0.00947, sec: 549.040, prod: 0.214427, t_ads: 20.7, t_des: 18.5, bed_util_ads: 0.500, bed_util_des: 0.500, des_th: 0.49990571926704724,frac_lost: 0.106, li_recovered:  8.398, time: 0.006197565000547911
L: 0.50, u_super: 0.00768, sec: 441.411, prod: 0.171663, t_ads: 25.5, t_des: 24.7, bed_util_ads: 0.490, bed_util_des: 0.490, des_th: 0.4899133240339677,frac_lost: 0.108, li_recovered:  8.628, time: 0.007031460998405237
L: 0.50, u_super: 0.00339, sec: 183.978, prod: 0.075699, t_ads: 57.5, t_des: 53.9, bed_util_ads: 0.492, bed_util_des: 0.492, des_th: 0.49168334850625717,frac_lost: 0.108, li_recovered:  8.433, time: 0.007941298001242103
L: 0.50, u_super: 0.00943, sec: 547.109, prod: 0.213357, t_ads: 20.8, t_des: 18.8, bed_util_ads: 0.500, bed_util_des: 0.500, des_th: 0.4999041593234439,frac_lost: 0.108, li_recovered:  8.447, time: 0.005796875000669388
L: 20.15, u_super: 0.00037 — INFEASIBLE (li_recovered=0.000e+00), time: 0.0013534810004784958
L: 0.50, u_super: 0.00416, sec: 227.126, prod: 0.093615, t_ads: 46.6, t_des: 41.7, bed_util_ads: 0.498, bed_util_des: 0.498, des_th: 0.4981818153944683,frac_lost: 0.104, li_recovered:  8.264, time: 0.008388006999666686
L: 0.50, u_super: 0.00751, sec: 428.293, prod: 0.168907, t_ads: 26.1, t_des: 24.8, bed_util_ads: 0.493, bed_util_des: 0.493, des_th: 0.49293490556841424,frac_lost: 0.107, li_recovered:  8.584, time: 0.007456225001078565
L: 0.50, u_super: 0.00466, sec: 255.636, prod: 0.105000, t_ads: 41.7, t_des: 37.7, bed_util_ads: 0.497, bed_util_des: 0.497, des_th: 0.4972450022399531,frac_lost: 0.105, li_recovered:  8.339, time: 0.0046607080003013834
L: 0.50, u_super: 0.00088 — INFEASIBLE (li_recovered=0.000e+00), time: 0.003054647999306326
L: 0.50, u_super: 0.00189, sec: 103.042, prod: 0.041363, t_ads: 101.0, t_des: 101.7, bed_util_ads: 0.478, bed_util_des: 0.477, des_th: 0.4772368691930916,frac_lost: 0.101, li_recovered:  8.383, time: 0.0052119899992248975
L: 0.50, u_super: 0.00153, sec: 84.130, prod: 0.032956, t_ads: 125.0, t_des: 105.4, bed_util_ads: 0.499, bed_util_des: 0.498, des_th: 0.49831341533791046,frac_lost: 0.106, li_recovered:  7.592, time: 0.0041996199997811345
L: 0.50, u_super: 0.00980, sec: 570.288, prod: 0.222346, t_ads: 19.9, t_des: 17.9, bed_util_ads: 0.500, bed_util_des: 0.500, des_th: 0.4997623160913309,frac_lost: 0.104, li_recovered:  8.403, time: 0.0056362579998676665
L: 0.50, u_super: 0.00497, sec: 1022.223, prod: 0.029893, t_ads: 39.6, t_des: 253.5, bed_util_ads: 0.271, bed_util_des: 0.267, des_th: 0.26676746773702686,frac_lost: 0.107, li_recovered:  8.760, time: 0.021310926998921786
L: 0.50, u_super: 0.00718, sec: 405.788, prod: 0.162202, t_ads: 27.3, t_des: 24.7, bed_util_ads: 0.498, bed_util_des: 0.498, des_th: 0.49824105923824796,frac_lost: 0.108, li_recovered:  8.439, time: 0.006023395000738674
L: 0.50, u_super: 0.00659, sec: 368.676, prod: 0.149402, t_ads: 29.4, t_des: 26.9, bed_util_ads: 0.497, bed_util_des: 0.497, des_th: 0.4969077433895445,frac_lost: 0.101, li_recovered:  8.419, time: 0.0066317529999651015
L: 28.07, u_super: 0.00167 — INFEASIBLE (li_recovered=0.000e+00), time: 0.0014335280011437135
L: 0.50, u_super: 0.00282, sec: 294.137, prod: 0.032469, t_ads: 69.5, t_des: 197.8, bed_util_ads: 0.354, bed_util_des: 0.350, des_th: 0.3499707170012989,frac_lost: 0.107, li_recovered:  8.679, time: 0.00820862699947611
L: 0.50, u_super: 0.00253, sec: 137.175, prod: 0.056043, t_ads: 76.1, t_des: 74.5, bed_util_ads: 0.485, bed_util_des: 0.484, des_th: 0.4839998210752015,frac_lost: 0.102, li_recovered:  8.437, time: 0.005917129999943427
L: 0.50, u_super: 0.00776, sec: 441.825, prod: 0.175474, t_ads: 25.2, t_des: 22.9, bed_util_ads: 0.499, bed_util_des: 0.499, des_th: 0.49925504551873306,frac_lost: 0.109, li_recovered:  8.440, time: 0.004868603000431904
L: 27.94, u_super: 0.00388 — INFEASIBLE (li_recovered=0.000e+00), time: 0.001264901000467944
L: 0.50, u_super: 0.00967, sec: 562.952, prod: 0.219027, t_ads: 20.2, t_des: 18.7, bed_util_ads: 0.497, bed_util_des: 0.497, des_th: 0.49680363692250146,frac_lost: 0.105, li_recovered:  8.532, time: 0.004966655000316678
L: 0.50, u_super: 0.00190, sec: 103.757, prod: 0.041525, t_ads: 100.4, t_des: 85.7, bed_util_ads: 0.499, bed_util_des: 0.499, des_th: 0.4987494092480058,frac_lost: 0.102, li_recovered:  7.728, time: 0.006094034000852844
L: 0.50, u_super: 0.00990, sec: 576.909, prod: 0.224470, t_ads: 19.7, t_des: 17.7, bed_util_ads: 0.500, bed_util_des: 0.500, des_th: 0.4998970552054403,frac_lost: 0.104, li_recovered:  8.396, time: 0.005031906999647617
L: 0.50, u_super: 0.00245, sec: 133.005, prod: 0.054231, t_ads: 78.6, t_des: 68.1, bed_util_ads: 0.500, bed_util_des: 0.500, des_th: 0.4997385423198296,frac_lost: 0.104, li_recovered:  7.954, time: 0.0034902660008810926
L: 0.50, u_super: 0.00446, sec: 244.422, prod: 0.100372, t_ads: 43.6, t_des: 38.9, bed_util_ads: 0.500, bed_util_des: 0.500, des_th: 0.49989548809736034,frac_lost: 0.106, li_recovered:  8.286, time: 0.00591495600019698
L: 0.50, u_super: 0.00354, sec: 191.917, prod: 0.079181, t_ads: 55.0, t_des: 49.1, bed_util_ads: 0.498, bed_util_des: 0.498, des_th: 0.4979067781084132,frac_lost: 0.106, li_recovered:  8.239, time: 0.005198707000090508
L: 5.16, u_super: 0.00882 — INFEASIBLE (li_recovered=0.000e+00), time: 0.0032479180008522235
L: 0.50, u_super: 0.00207, sec: 115.928, prod: 0.044040, t_ads: 93.2, t_des: 99.2, bed_util_ads: 0.472, bed_util_des: 0.471, des_th: 0.4709806644791155,frac_lost: 0.105, li_recovered:  8.474, time: 0.004029431000162731
L: 0.50, u_super: 0.00964, sec: 1047.828, prod: 0.116743, t_ads: 20.4, t_des: 54.6, bed_util_ads: 0.366, bed_util_des: 0.365, des_th: 0.36521596775805776,frac_lost: 0.106, li_recovered:  8.747, time: 0.006969952000872581
L: 3.16, u_super: 0.00284 — INFEASIBLE (li_recovered=0.000e+00), time: 0.00332603200149606
L: 0.50, u_super: 0.00787, sec: 448.199, prod: 0.177805, t_ads: 24.9, t_des: 22.3, bed_util_ads: 0.500, bed_util_des: 0.500, des_th: 0.4996008813891968,frac_lost: 0.108, li_recovered:  8.402, time: 0.00385503500001505
L: 18.75, u_super: 0.00874 — INFEASIBLE (li_recovered=0.000e+00), time: 0.0031948949999787146
L: 0.50, u_super: 0.00005 — INFEASIBLE (li_recovered=0.000e+00), time: 0.0013470069989125477
   129 |     5160 |     40 |  0.0018232298 |             f
L: 0.50, u_super: 0.00543, sec: 299.717, prod: 0.122734, t_ads: 35.7, t_des: 32.5, bed_util_ads: 0.498, bed_util_des: 0.498, des_th: 0.49761856399849214,frac_lost: 0.102, li_recovered:  8.370, time: 0.0046915579987398814
L: 0.50, u_super: 0.00190, sec: 102.159, prod: 0.042174, t_ads: 100.4, t_des: 91.2, bed_util_ads: 0.492, bed_util_des: 0.491, des_th: 0.49152933323249587,frac_lost: 0.101, li_recovered:  8.081, time: 0.00421534399902157
L: 0.50, u_super: 0.00726, sec: 409.546, prod: 0.164465, t_ads: 26.7, t_des: 23.9, bed_util_ads: 0.500, bed_util_des: 0.500, des_th: 0.4996658900824659,frac_lost: 0.100, li_recovered:  8.318, time: 0.004133939999519498
L: 0.50, u_super: 0.00127, sec: 70.530, prod: 0.027086, t_ads: 148.9, t_des: 125.0, bed_util_ads: 0.497, bed_util_des: 0.497, des_th: 0.4967070150968134,frac_lost: 0.104, li_recovered:  7.420, time: 0.003719668000485399
L: 0.50, u_super: 0.00835, sec: 477.939, prod: 0.188996, t_ads: 23.4, t_des: 21.5, bed_util_ads: 0.497, bed_util_des: 0.497, des_th: 0.4970058002483126,frac_lost: 0.106, li_recovered:  8.480, time: 0.004942473999108188
L: 25.79, u_super: 0.00917 — INFEASIBLE (li_recovered=0.000e+00), time: 0.0017145180008810712
L: 13.84, u_super: 0.00410 — INFEASIBLE (li_recovered=0.000e+00), time: 0.001429849000487593
L: 0.50, u_super: 0.00014, sec: 11.677, prod: 0.002064, t_ads: 947.2, t_des: 1056.3, bed_util_ads: 0.366, bed_util_des: 0.361, des_th: 0.36143318352549353,frac_lost: 0.101, li_recovered:  4.135, time: 0.0040933759992185514
L: 0.50, u_super: 0.00321, sec: 173.880, prod: 0.071774, t_ads: 60.0, t_des: 52.9, bed_util_ads: 0.498, bed_util_des: 0.498, des_th: 0.49827952182911683,frac_lost: 0.100, li_recovered:  8.097, time: 0.00583154900050431
L: 13.50, u_super: 0.00967 — INFEASIBLE (li_recovered=0.000e+00), time: 0.0026550940001470735
L: 0.50, u_super: 0.00355, sec: 192.136, prod: 0.079573, t_ads: 54.4, t_des: 48.5, bed_util_ads: 0.498, bed_util_des: 0.498, des_th: 0.49824105923824796,frac_lost: 0.100, li_recovered:  8.186, time: 0.004718293999758316
L: 10.06, u_super: 0.00600 — INFEASIBLE (li_recovered=0.000e+00), time: 0.0019783309999183984
L: 0.50, u_super: 0.00467, sec: 256.575, prod: 0.104958, t_ads: 41.6, t_des: 39.3, bed_util_ads: 0.493, bed_util_des: 0.492, des_th: 0.4924712355192333,frac_lost: 0.104, li_recovered:  8.495, time: 0.0038725250014977064
L: 13.39, u_super: 0.00811 — INFEASIBLE (li_recovered=0.000e+00), time: 0.001631785000427044
L: 0.50, u_super: 0.00094, sec: 51.684, prod: 0.020257, t_ads: 198.7, t_des: 193.8, bed_util_ads: 0.474, bed_util_des: 0.472, des_th: 0.47185766199407947,frac_lost: 0.102, li_recovered:  7.952, time: 0.004482958000153303
L: 0.50, u_super: 0.00031, sec: 26.106, prod: 0.004401, t_ads: 590.3, t_des: 1188.3, bed_util_ads: 0.350, bed_util_des: 0.324, des_th: 0.32465280217649856,frac_lost: 0.101, li_recovered:  7.828, time: 0.00812896999923396
L: 0.50, u_super: 0.00909, sec: 524.345, prod: 0.205949, t_ads: 21.5, t_des: 19.5, bed_util_ads: 0.500, bed_util_des: 0.499, des_th: 0.49945241487169983,frac_lost: 0.105, li_recovered:  8.446, time: 0.007410705000438611
L: 0.50, u_super: 0.00164, sec: 89.935, prod: 0.035308, t_ads: 117.0, t_des: 98.4, bed_util_ads: 0.500, bed_util_des: 0.500, des_th: 0.4999588311420122,frac_lost: 0.106, li_recovered:  7.603, time: 0.006350735000523855
L: 0.50, u_super: 0.00984, sec: 574.397, prod: 0.222792, t_ads: 19.9, t_des: 18.4, bed_util_ads: 0.497, bed_util_des: 0.497, des_th: 0.49681611317061336,frac_lost: 0.106, li_recovered:  8.538, time: 0.004134135000640526
L: 0.50, u_super: 0.00056, sec: 40.650, prod: 0.008882, t_ads: 337.6, t_des: 568.8, bed_util_ads: 0.392, bed_util_des: 0.380, des_th: 0.3797516324075756,frac_lost: 0.102, li_recovered:  8.051, time: 0.005493785998623935
L: 2.53, u_super: 0.00194 — INFEASIBLE (li_recovered=0.000e+00), time: 0.004224581000016769
L: 0.50, u_super: 0.00990, sec: 577.179, prod: 0.224280, t_ads: 19.8, t_des: 17.9, bed_util_ads: 0.500, bed_util_des: 0.500, des_th: 0.49980436503587405,frac_lost: 0.106, li_recovered:  8.453, time: 0.007111303999408847
L: 0.50, u_super: 0.00357, sec: 193.935, prod: 0.079929, t_ads: 54.0, t_des: 47.6, bed_util_ads: 0.500, bed_util_des: 0.499, des_th: 0.4993694664471003,frac_lost: 0.100, li_recovered:  8.119, time: 0.006067841999538359
L: 0.50, u_super: 0.00653, sec: 365.166, prod: 0.147674, t_ads: 29.7, t_des: 26.5, bed_util_ads: 0.500, bed_util_des: 0.500, des_th: 0.4995778064862854,frac_lost: 0.101, li_recovered:  8.306, time: 0.005184659999940777
L: 0.50, u_super: 0.00150, sec: 83.957, prod: 0.031882, t_ads: 126.9, t_des: 135.1, bed_util_ads: 0.469, bed_util_des: 0.468, des_th: 0.4675929382552719,frac_lost: 0.102, li_recovered:  8.356, time: 0.007837544000722119
L: 0.50, u_super: 0.00803, sec: 458.074, prod: 0.181529, t_ads: 24.4, t_des: 21.9, bed_util_ads: 0.500, bed_util_des: 0.500, des_th: 0.4996008813891968,frac_lost: 0.107, li_recovered:  8.404, time: 0.006078544000047259
L: 0.50, u_super: 0.00094, sec: 53.600, prod: 0.019533, t_ads: 200.7, t_des: 216.2, bed_util_ads: 0.462, bed_util_des: 0.459, des_th: 0.45900660215469824,frac_lost: 0.107, li_recovered:  8.143, time: 0.006873129999803496
L: 0.50, u_super: 0.00722, sec: 411.262, prod: 0.161930, t_ads: 27.1, t_des: 26.1, bed_util_ads: 0.492, bed_util_des: 0.492, des_th: 0.49164473419528687,frac_lost: 0.106, li_recovered:  8.605, time: 0.006420907000574516
L: 0.50, u_super: 0.00031, sec: 22.709, prod: 0.005060, t_ads: 576.9, t_des: 908.9, bed_util_ads: 0.379, bed_util_des: 0.361, des_th: 0.36064117248612093,frac_lost: 0.101, li_recovered:  7.518, time: 0.006893712001328822
L: 0.50, u_super: 0.00051, sec: 41.442, prod: 0.007181, t_ads: 374.1, t_des: 756.9, bed_util_ads: 0.367, bed_util_des: 0.350, des_th: 0.3499707170012989,frac_lost: 0.103, li_recovered:  8.121, time: 0.0070197810000536265
L: 0.50, u_super: 0.00787, sec: 446.500, prod: 0.178480, t_ads: 24.7, t_des: 22.3, bed_util_ads: 0.500, bed_util_des: 0.500, des_th: 0.4996008813891968,frac_lost: 0.101, li_recovered:  8.393, time: 0.006229128000995843
L: 0.50, u_super: 0.00553, sec: 306.090, prod: 0.124937, t_ads: 35.0, t_des: 32.9, bed_util_ads: 0.493, bed_util_des: 0.493, des_th: 0.49322056419444626,frac_lost: 0.101, li_recovered:  8.491, time: 0.005406339001638116
L: 42.63, u_super: 0.00789 — INFEASIBLE (li_recovered=0.000e+00), time: 0.0011042080004699528
L: 0.50, u_super: 0.00385, sec: 209.618, prod: 0.086173, t_ads: 50.6, t_des: 44.7, bed_util_ads: 0.500, bed_util_des: 0.500, des_th: 0.4996584218505472,frac_lost: 0.106, li_recovered:  8.208, time: 0.0038831330002722098
L: 0.50, u_super: 0.00705, sec: 396.715, prod: 0.159800, t_ads: 27.5, t_des: 24.6, bed_util_ads: 0.500, bed_util_des: 0.500, des_th: 0.49990315755766634,frac_lost: 0.100, li_recovered:  8.328, time: 0.005456604001665255
L: 0.50, u_super: 0.00708, sec: 398.958, prod: 0.159917, t_ads: 27.6, t_des: 25.1, bed_util_ads: 0.498, bed_util_des: 0.498, des_th: 0.4982406807494353,frac_lost: 0.107, li_recovered:  8.434, time: 0.003946148999602883
L: 0.50, u_super: 0.00479, sec: 262.592, prod: 0.107913, t_ads: 40.6, t_des: 37.5, bed_util_ads: 0.495, bed_util_des: 0.494, des_th: 0.49438680854312117,frac_lost: 0.104, li_recovered:  8.430, time: 0.004800913999133627
L: 0.50, u_super: 0.00315, sec: 169.945, prod: 0.070685, t_ads: 61.2, t_des: 57.1, bed_util_ads: 0.492, bed_util_des: 0.492, des_th: 0.49168334850625717,frac_lost: 0.101, li_recovered:  8.360, time: 0.006120505999206216
L: 5.59, u_super: 0.00471 — INFEASIBLE (li_recovered=0.000e+00), time: 0.002201059998697019
L: 0.50, u_super: 0.00866, sec: 497.204, prod: 0.195970, t_ads: 22.6, t_des: 20.8, bed_util_ads: 0.498, bed_util_des: 0.498, des_th: 0.49788761353838423,frac_lost: 0.106, li_recovered:  8.492, time: 0.005016667000745656
   130 |     5200 |     40 |  0.0032100419 |             f
L: 0.50, u_super: 0.00651, sec: 363.999, prod: 0.147137, t_ads: 29.9, t_des: 26.7, bed_util_ads: 0.500, bed_util_des: 0.499, des_th: 0.4994514379320811,frac_lost: 0.102, li_recovered:  8.318, time: 0.0039679099991190014
L: 0.50, u_super: 0.00031, sec: 22.392, prod: 0.005132, t_ads: 577.7, t_des: 882.4, bed_util_ads: 0.383, bed_util_des: 0.365, des_th: 0.36521596775805776,frac_lost: 0.103, li_recovered:  7.493, time: 0.006289373000981868
L: 0.50, u_super: 0.00189, sec: 101.337, prod: 0.041843, t_ads: 101.2, t_des: 92.1, bed_util_ads: 0.492, bed_util_des: 0.491, des_th: 0.49152933323249587,frac_lost: 0.101, li_recovered:  8.088, time: 0.005666672999723232
L: 0.50, u_super: 0.00506, sec: 278.155, prod: 0.114275, t_ads: 38.3, t_des: 35.6, bed_util_ads: 0.495, bed_util_des: 0.494, des_th: 0.4943992847912831,frac_lost: 0.101, li_recovered:  8.441, time: 0.0072792600003595
L: 27.84, u_super: 0.00604 — INFEASIBLE (li_recovered=0.000e+00), time: 0.0014742359999218024
L: 0.50, u_super: 0.00411, sec: 252.809, prod: 0.081858, t_ads: 47.2, t_des: 58.3, bed_util_ads: 0.457, bed_util_des: 0.456, des_th: 0.45637808327053847,frac_lost: 0.102, li_recovered:  8.636, time: 0.006389793999915128
L: 0.50, u_super: 0.00234, sec: 125.959, prod: 0.052150, t_ads: 82.3, t_des: 74.9, bed_util_ads: 0.494, bed_util_des: 0.493, des_th: 0.49342572941417556,frac_lost: 0.105, li_recovered:  8.197, time: 0.005363996000596671
L: 0.50, u_super: 0.00946, sec: 548.534, prod: 0.214598, t_ads: 20.6, t_des: 18.5, bed_util_ads: 0.500, bed_util_des: 0.500, des_th: 0.4999825200418877,frac_lost: 0.104, li_recovered:  8.390, time: 0.004462556998987566
L: 0.50, u_super: 0.00669, sec: 376.096, prod: 0.150943, t_ads: 29.3, t_des: 26.2, bed_util_ads: 0.500, bed_util_des: 0.500, des_th: 0.4998984591656933,frac_lost: 0.109, li_recovered:  8.373, time: 0.005045851999966544
L: 0.50, u_super: 0.00811, sec: 624.682, prod: 0.136151, t_ads: 24.0, t_des: 40.0, bed_util_ads: 0.424, bed_util_des: 0.423, des_th: 0.42266663961371004,frac_lost: 0.103, li_recovered:  8.719, time: 0.006329171999823302
L: 0.50, u_super: 0.00479, sec: 581.421, prod: 0.048723, t_ads: 40.8, t_des: 138.3, bed_util_ads: 0.338, bed_util_des: 0.335, des_th: 0.33470753556322724,frac_lost: 0.103, li_recovered:  8.724, time: 0.008765337001023
L: 0.50, u_super: 0.00244, sec: 153.632, prod: 0.046380, t_ads: 79.1, t_des: 105.4, bed_util_ads: 0.446, bed_util_des: 0.444, des_th: 0.44362785305355773,frac_lost: 0.101, li_recovered:  8.555, time: 0.0046857409997755894
L: 0.50, u_super: 0.00930, sec: 538.448, prod: 0.210535, t_ads: 21.0, t_des: 19.5, bed_util_ads: 0.495, bed_util_des: 0.495, des_th: 0.4953436270647374,frac_lost: 0.104, li_recovered:  8.533, time: 0.004875398000876885
L: 9.62, u_super: 0.00689 — INFEASIBLE (li_recovered=0.000e+00), time: 0.002147381999748177
L: 0.50, u_super: 0.00553, sec: 306.066, prod: 0.124947, t_ads: 35.1, t_des: 32.5, bed_util_ads: 0.495, bed_util_des: 0.495, des_th: 0.4946568818793337,frac_lost: 0.103, li_recovered:  8.455, time: 0.005052705000707647
L: 0.50, u_super: 0.00014, sec: 10.811, prod: 0.002229, t_ads: 1002.6, t_des: 1220.1, bed_util_ads: 0.359, bed_util_des: 0.348, des_th: 0.34915497718770055,frac_lost: 0.100, li_recovered:  4.955, time: 0.004071833998750662
L: 4.60, u_super: 0.00132 — INFEASIBLE (li_recovered=0.000e+00), time: 0.0012515150010585785
L: 0.50, u_super: 0.00756, sec: 428.673, prod: 0.170856, t_ads: 25.7, t_des: 24.3, bed_util_ads: 0.493, bed_util_des: 0.493, des_th: 0.49305219008103507,frac_lost: 0.101, li_recovered:  8.549, time: 0.005605330999969738
L: 0.50, u_super: 0.00600, sec: 333.684, prod: 0.135741, t_ads: 32.3, t_des: 28.9, bed_util_ads: 0.500, bed_util_des: 0.500, des_th: 0.4996450641021382,frac_lost: 0.101, li_recovered:  8.310, time: 0.0067524909991334425
L: 0.50, u_super: 0.00094, sec: 51.711, prod: 0.020246, t_ads: 198.5, t_des: 195.5, bed_util_ads: 0.473, bed_util_des: 0.472, des_th: 0.47185766199407947,frac_lost: 0.101, li_recovered:  7.977, time: 0.004749628000354278
L: 0.50, u_super: 0.00013 — INFEASIBLE (li_recovered=0.000e+00), time: 0.002015627000218956
L: 0.50, u_super: 0.00127, sec: 70.538, prod: 0.027083, t_ads: 149.1, t_des: 125.1, bed_util_ads: 0.497, bed_util_des: 0.497, des_th: 0.4967070150968134,frac_lost: 0.105, li_recovered:  7.426, time: 0.003553511000063736
L: 0.50, u_super: 0.00978, sec: 663.593, prod: 0.190290, t_ads: 19.9, t_des: 25.9, bed_util_ads: 0.454, bed_util_des: 0.454, des_th: 0.4539310865012225,frac_lost: 0.103, li_recovered:  8.720, time: 0.004920315001072595
L: 0.50, u_super: 0.00061 — INFEASIBLE (li_recovered=0.000e+00), time: 0.001999078998778714
L: 0.50, u_super: 0.00827, sec: 473.345, prod: 0.187054, t_ads: 23.7, t_des: 21.4, bed_util_ads: 0.500, bed_util_des: 0.500, des_th: 0.4996462712427684,frac_lost: 0.108, li_recovered:  8.443, time: 0.003886325999701512
L: 0.50, u_super: 0.00637, sec: 355.632, prod: 0.144012, t_ads: 30.6, t_des: 27.6, bed_util_ads: 0.500, bed_util_des: 0.499, des_th: 0.4994514379320811,frac_lost: 0.104, li_recovered:  8.377, time: 0.0033314890006295172
L: 0.50, u_super: 0.00915, sec: 528.804, prod: 0.207325, t_ads: 21.4, t_des: 19.4, bed_util_ads: 0.500, bed_util_des: 0.500, des_th: 0.49958350361433607,frac_lost: 0.106, li_recovered:  8.451, time: 0.0045548150010290556
L: 0.50, u_super: 0.00242, sec: 130.159, prod: 0.053892, t_ads: 79.7, t_des: 74.4, bed_util_ads: 0.490, bed_util_des: 0.490, des_th: 0.4895856032972767,frac_lost: 0.105, li_recovered:  8.306, time: 0.003516320999551681
L: 41.09, u_super: 0.00010 — INFEASIBLE (li_recovered=0.000e+00), time: 0.000611315999776707
L: 0.50, u_super: 0.00095 — INFEASIBLE (li_recovered=0.000e+00), time: 0.0019143570007145172
L: 0.50, u_super: 0.00073, sec: 40.460, prod: 0.015377, t_ads: 254.6, t_des: 238.5, bed_util_ads: 0.475, bed_util_des: 0.473, des_th: 0.4734430723908744,frac_lost: 0.104, li_recovered:  7.583, time: 0.003870219999953406
L: 0.50, u_super: 0.00575, sec: 318.464, prod: 0.129961, t_ads: 33.8, t_des: 30.6, bed_util_ads: 0.498, bed_util_des: 0.498, des_th: 0.4983308095776688,frac_lost: 0.102, li_recovered:  8.366, time: 0.003343336000398267
L: 0.50, u_super: 0.00990, sec: 576.793, prod: 0.224430, t_ads: 19.7, t_des: 17.7, bed_util_ads: 0.500, bed_util_des: 0.500, des_th: 0.49999471056829486,frac_lost: 0.105, li_recovered:  8.411, time: 0.004364889999123989
L: 21.26, u_super: 0.00226 — INFEASIBLE (li_recovered=0.000e+00), time: 0.0016941129997576354
L: 0.50, u_super: 0.00401, sec: 218.116, prod: 0.089976, t_ads: 48.6, t_des: 43.9, bed_util_ads: 0.497, bed_util_des: 0.497, des_th: 0.4970628393022985,frac_lost: 0.106, li_recovered:  8.318, time: 0.0044197859988344135
L: 0.50, u_super: 0.00448, sec: 245.029, prod: 0.100844, t_ads: 43.4, t_des: 39.2, bed_util_ads: 0.498, bed_util_des: 0.498, des_th: 0.49779223139742473,frac_lost: 0.105, li_recovered:  8.329, time: 0.004690024999945308
L: 0.50, u_super: 0.00646, sec: 360.859, prod: 0.146313, t_ads: 30.0, t_des: 27.1, bed_util_ads: 0.499, bed_util_des: 0.499, des_th: 0.49932584959768467,frac_lost: 0.101, li_recovered:  8.364, time: 0.005174537000129931
L: 0.50, u_super: 0.00732, sec: 412.968, prod: 0.165827, t_ads: 26.5, t_des: 23.7, bed_util_ads: 0.500, bed_util_des: 0.500, des_th: 0.4996886271155321,frac_lost: 0.100, li_recovered:  8.332, time: 0.00801887800116674
L: 0.50, u_super: 0.00036 — INFEASIBLE (li_recovered=0.000e+00), time: 0.002815629999531666
L: 0.50, u_super: 0.00620, sec: 384.016, prod: 0.126140, t_ads: 31.5, t_des: 37.3, bed_util_ads: 0.465, bed_util_des: 0.464, des_th: 0.464303130821703,frac_lost: 0.106, li_recovered:  8.686, time: 0.0048365980001108255
   131 |     5240 |     40 |  0.0036070796 |             f
L: 0.50, u_super: 0.00131 — INFEASIBLE (li_recovered=0.000e+00), time: 0.0034340869988227496
L: 0.50, u_super: 0.00056, sec: 31.515, prod: 0.011457, t_ads: 326.9, t_des: 327.2, bed_util_ads: 0.459, bed_util_des: 0.456, des_th: 0.456428433335877,frac_lost: 0.101, li_recovered:  7.494, time: 0.004291537999961292
L: 0.50, u_super: 0.00182, sec: 97.887, prod: 0.040343, t_ads: 104.7, t_des: 95.2, bed_util_ads: 0.492, bed_util_des: 0.492, des_th: 0.49168334850625717,frac_lost: 0.101, li_recovered:  8.066, time: 0.004252079001162201
L: 0.50, u_super: 0.00310, sec: 167.908, prod: 0.069303, t_ads: 62.4, t_des: 55.3, bed_util_ads: 0.499, bed_util_des: 0.498, des_th: 0.49852617754117207,frac_lost: 0.104, li_recovered:  8.153, time: 0.004782310999871697
L: 0.50, u_super: 0.00798, sec: 453.954, prod: 0.181068, t_ads: 24.3, t_des: 22.0, bed_util_ads: 0.500, bed_util_des: 0.500, des_th: 0.4996008813891968,frac_lost: 0.102, li_recovered:  8.400, time: 0.005083760999696096
L: 0.50, u_super: 0.00357, sec: 193.518, prod: 0.080072, t_ads: 54.4, t_des: 49.8, bed_util_ads: 0.496, bed_util_des: 0.495, des_th: 0.49552569911338795,frac_lost: 0.106, li_recovered:  8.344, time: 0.005135490999236936
L: 0.50, u_super: 0.00092, sec: 51.066, prod: 0.019483, t_ads: 203.3, t_des: 210.0, bed_util_ads: 0.467, bed_util_des: 0.464, des_th: 0.46464648782462403,frac_lost: 0.100, li_recovered:  8.053, time: 0.006581206000191742
L: 0.50, u_super: 0.00873, sec: 501.807, prod: 0.197619, t_ads: 22.4, t_des: 20.4, bed_util_ads: 0.499, bed_util_des: 0.499, des_th: 0.49929439687134003,frac_lost: 0.106, li_recovered:  8.453, time: 0.005130667999765137
L: 0.50, u_super: 0.00835, sec: 478.289, prod: 0.188754, t_ads: 23.4, t_des: 21.8, bed_util_ads: 0.496, bed_util_des: 0.496, des_th: 0.4955169173267896,frac_lost: 0.105, li_recovered:  8.528, time: 0.005507752000994515
L: 0.50, u_super: 0.00471, sec: 258.346, prod: 0.105841, t_ads: 41.4, t_des: 36.9, bed_util_ads: 0.499, bed_util_des: 0.499, des_th: 0.4991374756884542,frac_lost: 0.106, li_recovered:  8.288, time: 0.0063742420006747125
L: 0.50, u_super: 0.00089 — INFEASIBLE (li_recovered=0.000e+00), time: 0.004302835999624222
L: 30.49, u_super: 0.00827 — INFEASIBLE (li_recovered=0.000e+00), time: 0.0036017279999214225
L: 0.50, u_super: 0.00235, sec: 127.291, prod: 0.051831, t_ads: 82.2, t_des: 71.2, bed_util_ads: 0.500, bed_util_des: 0.499, des_th: 0.4994514912501364,frac_lost: 0.106, li_recovered:  7.951, time: 0.006803211001169984
L: 0.50, u_super: 0.00341, sec: 184.792, prod: 0.076186, t_ads: 57.1, t_des: 53.6, bed_util_ads: 0.492, bed_util_des: 0.491, des_th: 0.4913249623559416,frac_lost: 0.106, li_recovered:  8.428, time: 0.0058115370011364575
L: 0.50, u_super: 0.00103 — INFEASIBLE (li_recovered=0.000e+00), time: 0.0032299879985657753
L: 0.50, u_super: 0.00371, sec: 201.743, prod: 0.083303, t_ads: 52.4, t_des: 47.4, bed_util_ads: 0.497, bed_util_des: 0.497, des_th: 0.49702950392270595,frac_lost: 0.107, li_recovered:  8.316, time: 0.004702787000496755
L: 0.50, u_super: 0.00875, sec: 503.086, prod: 0.198072, t_ads: 22.4, t_des: 20.3, bed_util_ads: 0.499, bed_util_des: 0.499, des_th: 0.49928170272064676,frac_lost: 0.106, li_recovered:  8.448, time: 0.006878676998894662
L: 0.50, u_super: 0.00141, sec: 76.401, prod: 0.030717, t_ads: 135.6, t_des: 120.5, bed_util_ads: 0.492, bed_util_des: 0.491, des_th: 0.49152933323249587,frac_lost: 0.107, li_recovered:  7.865, time: 0.004372367000541999
L: 0.50, u_super: 0.00219, sec: 118.643, prod: 0.048326, t_ads: 88.0, t_des: 76.6, bed_util_ads: 0.498, bed_util_des: 0.498, des_th: 0.49761856399849214,frac_lost: 0.106, li_recovered:  7.957, time: 0.0052638810011558235
L: 0.50, u_super: 0.00488, sec: 268.906, prod: 0.109846, t_ads: 39.7, t_des: 37.7, bed_util_ads: 0.492, bed_util_des: 0.491, des_th: 0.4914099111647282,frac_lost: 0.103, li_recovered:  8.507, time: 0.004802712999662617
L: 0.50, u_super: 0.00990, sec: 576.385, prod: 0.224575, t_ads: 19.7, t_des: 17.9, bed_util_ads: 0.500, bed_util_des: 0.500, des_th: 0.4997275809196764,frac_lost: 0.104, li_recovered:  8.442, time: 0.005105734999233391
L: 0.50, u_super: 0.00678, sec: 380.046, prod: 0.153578, t_ads: 28.6, t_des: 25.7, bed_util_ads: 0.500, bed_util_des: 0.500, des_th: 0.4995890975478295,frac_lost: 0.100, li_recovered:  8.331, time: 0.0060775359997933265
L: 0.50, u_super: 0.00207, sec: 112.682, prod: 0.045349, t_ads: 92.4, t_des: 79.0, bed_util_ads: 0.499, bed_util_des: 0.499, des_th: 0.49891799975809764,frac_lost: 0.101, li_recovered:  7.771, time: 0.0036791869988519466
L: 0.50, u_super: 0.00882, sec: 507.812, prod: 0.199900, t_ads: 22.1, t_des: 20.3, bed_util_ads: 0.497, bed_util_des: 0.497, des_th: 0.49693951469622527,frac_lost: 0.105, li_recovered:  8.487, time: 0.006035861000782461
L: 0.50, u_super: 0.00637, sec: 356.144, prod: 0.144074, t_ads: 30.5, t_des: 27.2, bed_util_ads: 0.500, bed_util_des: 0.500, des_th: 0.4999914732114455,frac_lost: 0.103, li_recovered:  8.317, time: 0.00400338899999042
L: 0.50, u_super: 0.00165, sec: 90.479, prod: 0.035560, t_ads: 115.9, t_des: 97.6, bed_util_ads: 0.500, bed_util_des: 0.500, des_th: 0.4999588311420122,frac_lost: 0.104, li_recovered:  7.593, time: 0.0040527220007788856
L: 0.50, u_super: 0.00535, sec: 295.244, prod: 0.120894, t_ads: 36.3, t_des: 32.9, bed_util_ads: 0.498, bed_util_des: 0.498, des_th: 0.4979265248908671,frac_lost: 0.103, li_recovered:  8.359, time: 0.0047294930009229574
L: 0.50, u_super: 0.00014, sec: 10.831, prod: 0.002225, t_ads: 1003.0, t_des: 1208.6, bed_util_ads: 0.360, bed_util_des: 0.350, des_th: 0.35046232037215463,frac_lost: 0.101, li_recovered:  4.921, time: 0.0031402739987242967
L: 0.50, u_super: 0.00596, sec: 331.732, prod: 0.134652, t_ads: 32.6, t_des: 29.1, bed_util_ads: 0.500, bed_util_des: 0.500, des_th: 0.4998627338036414,frac_lost: 0.104, li_recovered:  8.311, time: 0.004407505999552086
L: 0.50, u_super: 0.00946, sec: 632.555, prod: 0.185860, t_ads: 20.6, t_des: 26.3, bed_util_ads: 0.457, bed_util_des: 0.457, des_th: 0.45680971142742194,frac_lost: 0.104, li_recovered:  8.719, time: 0.005445436998343212
L: 0.50, u_super: 0.00990, sec: 600.850, prod: 0.215444, t_ads: 19.7, t_des: 20.7, bed_util_ads: 0.480, bed_util_des: 0.480, des_th: 0.48020016910812685,frac_lost: 0.103, li_recovered:  8.704, time: 0.005720052000469877
L: 0.50, u_super: 0.00684, sec: 384.082, prod: 0.154830, t_ads: 28.4, t_des: 25.3, bed_util_ads: 0.500, bed_util_des: 0.500, des_th: 0.49995804756260104,frac_lost: 0.101, li_recovered:  8.312, time: 0.00500996499977191
L: 0.50, u_super: 0.00071, sec: 40.671, prod: 0.014552, t_ads: 261.2, t_des: 283.1, bed_util_ads: 0.454, bed_util_des: 0.451, des_th: 0.4505890767553104,frac_lost: 0.101, li_recovered:  7.920, time: 0.004473372999200365
L: 0.50, u_super: 0.00661, sec: 369.665, prod: 0.149828, t_ads: 29.3, t_des: 26.8, bed_util_ads: 0.497, bed_util_des: 0.497, des_th: 0.4967202826573281,frac_lost: 0.101, li_recovered:  8.418, time: 0.005646003999572713
L: 0.50, u_super: 0.00927, sec: 536.971, prod: 0.209901, t_ads: 21.1, t_des: 19.1, bed_util_ads: 0.500, bed_util_des: 0.500, des_th: 0.49976103124113785,frac_lost: 0.107, li_recovered:  8.445, time: 0.007880860001023393
L: 0.50, u_super: 0.00500, sec: 274.625, prod: 0.112884, t_ads: 38.8, t_des: 35.5, bed_util_ads: 0.497, bed_util_des: 0.497, des_th: 0.49695879936344145,frac_lost: 0.103, li_recovered:  8.391, time: 0.004654156000469811
L: 0.50, u_super: 0.00911, sec: 525.816, prod: 0.206394, t_ads: 21.4, t_des: 19.7, bed_util_ads: 0.498, bed_util_des: 0.498, des_th: 0.49788761353838423,frac_lost: 0.105, li_recovered:  8.489, time: 0.00375898900165339
L: 0.50, u_super: 0.00361, sec: 196.013, prod: 0.080760, t_ads: 53.9, t_des: 50.6, bed_util_ads: 0.492, bed_util_des: 0.492, des_th: 0.49168334850625717,frac_lost: 0.106, li_recovered:  8.438, time: 0.004005628999948385
L: 0.50, u_super: 0.00014, sec: 10.761, prod: 0.002240, t_ads: 1014.9, t_des: 1227.8, bed_util_ads: 0.360, bed_util_des: 0.349, des_th: 0.34915497718770055,frac_lost: 0.101, li_recovered:  5.023, time: 0.004334770999776083
L: 0.50, u_super: 0.00315, sec: 170.071, prod: 0.070632, t_ads: 61.3, t_des: 57.2, bed_util_ads: 0.492, bed_util_des: 0.492, des_th: 0.49168334850625717,frac_lost: 0.102, li_recovered:  8.365, time: 0.003963021999879857
   132 |     5280 |     40 |  0.0026177125 |             f
L: 0.50, u_super: 0.00990, sec: 598.648, prod: 0.216236, t_ads: 19.8, t_des: 20.5, bed_util_ads: 0.482, bed_util_des: 0.482, des_th: 0.48189893814631896,frac_lost: 0.105, li_recovered:  8.703, time: 0.0051292829994054046
L: 0.50, u_super: 0.00967, sec: 641.894, prod: 0.192090, t_ads: 20.1, t_des: 25.2, bed_util_ads: 0.458, bed_util_des: 0.458, des_th: 0.4575037462262811,frac_lost: 0.102, li_recovered:  8.716, time: 0.006459850999817718
L: 0.50, u_super: 0.00698, sec: 392.743, prod: 0.158074, t_ads: 27.8, t_des: 24.9, bed_util_ads: 0.500, bed_util_des: 0.500, des_th: 0.49993932732720314,frac_lost: 0.102, li_recovered:  8.326, time: 0.006922167998709483
L: 0.50, u_super: 0.00732, sec: 412.834, prod: 0.165980, t_ads: 26.5, t_des: 23.9, bed_util_ads: 0.500, bed_util_des: 0.499, des_th: 0.4994494630063081,frac_lost: 0.101, li_recovered:  8.370, time: 0.006987258999288315
L: 0.50, u_super: 0.00259, sec: 256.281, prod: 0.031410, t_ads: 75.5, t_des: 200.3, bed_util_ads: 0.362, bed_util_des: 0.357, des_th: 0.35740960668535937,frac_lost: 0.107, li_recovered:  8.663, time: 0.00954891299988958
L: 39.88, u_super: 0.00726 — INFEASIBLE (li_recovered=0.000e+00), time: 0.0017324160016869428
L: 0.50, u_super: 0.00558, sec: 308.527, prod: 0.126145, t_ads: 34.7, t_des: 32.3, bed_util_ads: 0.495, bed_util_des: 0.495, des_th: 0.4946568818793337,frac_lost: 0.101, li_recovered:  8.458, time: 0.005748518000473268
L: 0.50, u_super: 0.00276, sec: 148.230, prod: 0.061591, t_ads: 70.0, t_des: 65.3, bed_util_ads: 0.492, bed_util_des: 0.491, des_th: 0.49152933323249587,frac_lost: 0.103, li_recovered:  8.332, time: 0.004256260999682127
L: 0.50, u_super: 0.00835, sec: 478.757, prod: 0.188570, t_ads: 23.5, t_des: 21.7, bed_util_ads: 0.496, bed_util_des: 0.496, des_th: 0.4955169173267896,frac_lost: 0.108, li_recovered:  8.527, time: 0.004361237999546574
L: 0.50, u_super: 0.00637, sec: 361.099, prod: 0.141833, t_ads: 30.5, t_des: 30.3, bed_util_ads: 0.486, bed_util_des: 0.486, des_th: 0.48593935371361946,frac_lost: 0.102, li_recovered:  8.624, time: 0.004287313000531867
L: 0.50, u_super: 0.00726, sec: 410.335, prod: 0.164141, t_ads: 26.9, t_des: 24.5, bed_util_ads: 0.499, bed_util_des: 0.499, des_th: 0.4990780103829585,frac_lost: 0.107, li_recovered:  8.437, time: 0.004175805999693694
L: 0.50, u_super: 0.00099 — INFEASIBLE (li_recovered=0.000e+00), time: 0.003009766000104719
L: 0.50, u_super: 0.00575, sec: 318.356, prod: 0.129902, t_ads: 33.8, t_des: 30.6, bed_util_ads: 0.499, bed_util_des: 0.498, des_th: 0.49838990783639847,frac_lost: 0.103, li_recovered:  8.371, time: 0.004658831998312962
L: 0.50, u_super: 0.00534, sec: 294.440, prod: 0.120723, t_ads: 36.3, t_des: 33.0, bed_util_ads: 0.498, bed_util_des: 0.498, des_th: 0.4977971539931697,frac_lost: 0.102, li_recovered:  8.372, time: 0.0036893689994030865
L: 0.50, u_super: 0.00768, sec: 441.362, prod: 0.171682, t_ads: 25.5, t_des: 24.8, bed_util_ads: 0.490, bed_util_des: 0.490, des_th: 0.4899133240339677,frac_lost: 0.107, li_recovered:  8.628, time: 0.004974280000169529
L: 0.50, u_super: 0.00011 — INFEASIBLE (li_recovered=0.000e+00), time: 0.0013912949998484692
L: 3.20, u_super: 0.00977, sec: 3798.477, prod: 0.212406, t_ads: 125.1, t_des: 108.6, bed_util_ads: 0.495, bed_util_des: 0.494, des_th: 0.4943992847912831,frac_lost: 0.105, li_recovered:  49.639, time: 0.003419221000513062
L: 14.11, u_super: 0.00630 — INFEASIBLE (li_recovered=0.000e+00), time: 0.0016336099997715792
L: 0.50, u_super: 0.00433, sec: 236.563, prod: 0.097284, t_ads: 44.9, t_des: 40.1, bed_util_ads: 0.500, bed_util_des: 0.500, des_th: 0.4996732456414784,frac_lost: 0.105, li_recovered:  8.267, time: 0.004361016000984819
L: 0.50, u_super: 0.00235, sec: 127.527, prod: 0.051640, t_ads: 82.2, t_des: 70.6, bed_util_ads: 0.500, bed_util_des: 0.500, des_th: 0.4996906553593536,frac_lost: 0.105, li_recovered:  7.892, time: 0.003717771000083303
L: 0.50, u_super: 0.00027 — INFEASIBLE (li_recovered=0.000e+00), time: 0.001822456000809325
L: 0.50, u_super: 0.00533, sec: 303.795, prod: 0.116494, t_ads: 36.4, t_des: 37.8, bed_util_ads: 0.482, bed_util_des: 0.481, des_th: 0.481103391403773,frac_lost: 0.102, li_recovered:  8.641, time: 0.004248663000907982
L: 0.50, u_super: 0.00657, sec: 367.063, prod: 0.148660, t_ads: 29.6, t_des: 27.0, bed_util_ads: 0.497, bed_util_des: 0.497, des_th: 0.4967202826573281,frac_lost: 0.102, li_recovered:  8.417, time: 0.005781596000815625
L: 0.50, u_super: 0.00140, sec: 75.792, prod: 0.030457, t_ads: 136.6, t_des: 121.3, bed_util_ads: 0.492, bed_util_des: 0.492, des_th: 0.49168334850625717,frac_lost: 0.106, li_recovered:  7.852, time: 0.00593650299924775
L: 0.50, u_super: 0.00014, sec: 10.767, prod: 0.002238, t_ads: 1015.2, t_des: 1225.5, bed_util_ads: 0.360, bed_util_des: 0.349, des_th: 0.34915497718770055,frac_lost: 0.101, li_recovered:  5.016, time: 0.006018829999447917
L: 0.50, u_super: 0.00768, sec: 434.996, prod: 0.174193, t_ads: 25.3, t_des: 22.9, bed_util_ads: 0.500, bed_util_des: 0.500, des_th: 0.49960094526995347,frac_lost: 0.101, li_recovered:  8.387, time: 0.004739309999422403
L: 0.50, u_super: 0.00254, sec: 139.890, prod: 0.055514, t_ads: 75.8, t_des: 77.2, bed_util_ads: 0.479, bed_util_des: 0.478, des_th: 0.47849073991189267,frac_lost: 0.103, li_recovered:  8.497, time: 0.00813869400008116
L: 0.50, u_super: 0.00960, sec: 655.343, prod: 0.185248, t_ads: 20.3, t_des: 26.7, bed_util_ads: 0.452, bed_util_des: 0.452, des_th: 0.4516468018633062,frac_lost: 0.104, li_recovered:  8.720, time: 0.007163805001255241
L: 0.50, u_super: 0.00684, sec: 383.985, prod: 0.154973, t_ads: 28.3, t_des: 25.4, bed_util_ads: 0.500, bed_util_des: 0.500, des_th: 0.4998871040612565,frac_lost: 0.100, li_recovered:  8.319, time: 0.0067649190004885895
L: 0.50, u_super: 0.00493, sec: 270.693, prod: 0.111022, t_ads: 39.5, t_des: 35.7, bed_util_ads: 0.498, bed_util_des: 0.498, des_th: 0.4979265248908671,frac_lost: 0.105, li_recovered:  8.351, time: 0.005642902000545291
L: 6.04, u_super: 0.00094 — INFEASIBLE (li_recovered=0.000e+00), time: 0.0016838310002640355
L: 0.50, u_super: 0.00291, sec: 305.737, prod: 0.033394, t_ads: 66.7, t_des: 193.1, bed_util_ads: 0.353, bed_util_des: 0.349, des_th: 0.3486811271529365,frac_lost: 0.100, li_recovered:  8.674, time: 0.012049016999299056
L: 0.50, u_super: 0.00524, sec: 289.342, prod: 0.118169, t_ads: 37.1, t_des: 33.1, bed_util_ads: 0.500, bed_util_des: 0.500, des_th: 0.49976310447946054,frac_lost: 0.104, li_recovered:  8.293, time: 0.006146461999378516
L: 0.50, u_super: 0.00410, sec: 223.831, prod: 0.092134, t_ads: 47.4, t_des: 42.3, bed_util_ads: 0.500, bed_util_des: 0.500, des_th: 0.49965039174204706,frac_lost: 0.106, li_recovered:  8.264, time: 0.007117918999938411
L: 16.40, u_super: 0.00257 — INFEASIBLE (li_recovered=0.000e+00), time: 0.0017056489996321034
L: 0.50, u_super: 0.00058, sec: 32.868, prod: 0.011760, t_ads: 316.9, t_des: 287.1, bed_util_ads: 0.473, bed_util_des: 0.472, des_th: 0.47185766199407947,frac_lost: 0.104, li_recovered:  7.103, time: 0.0041670560003694845
L: 0.50, u_super: 0.00555, sec: 307.028, prod: 0.125388, t_ads: 35.0, t_des: 31.3, bed_util_ads: 0.500, bed_util_des: 0.500, des_th: 0.49956935590544616,frac_lost: 0.102, li_recovered:  8.312, time: 0.006732716999977129
L: 2.97, u_super: 0.00464, sec: 1637.710, prod: 0.096524, t_ads: 238.3, t_des: 207.0, bed_util_ads: 0.485, bed_util_des: 0.484, des_th: 0.4842644462981553,frac_lost: 0.104, li_recovered:  42.979, time: 0.00528722499984724
L: 0.50, u_super: 0.00600, sec: 333.783, prod: 0.135701, t_ads: 32.4, t_des: 30.0, bed_util_ads: 0.495, bed_util_des: 0.495, des_th: 0.49472330235402234,frac_lost: 0.103, li_recovered:  8.464, time: 0.005921636000493891
L: 0.50, u_super: 0.00768, sec: 440.849, prod: 0.171880, t_ads: 25.4, t_des: 24.8, bed_util_ads: 0.489, bed_util_des: 0.489, des_th: 0.489034935329883,frac_lost: 0.105, li_recovered:  8.625, time: 0.00482350300080725
   133 |     5320 |     40 |  0.0025965849 |             f
L: 0.50, u_super: 0.00882, sec: 508.691, prod: 0.199554, t_ads: 22.2, t_des: 20.6, bed_util_ads: 0.497, bed_util_des: 0.497, des_th: 0.49693951469622527,frac_lost: 0.107, li_recovered:  8.529, time: 0.004152653000346618
L: 0.50, u_super: 0.00700, sec: 394.614, prod: 0.157897, t_ads: 28.0, t_des: 25.1, bed_util_ads: 0.500, bed_util_des: 0.500, des_th: 0.49994303854920835,frac_lost: 0.109, li_recovered:  8.388, time: 0.005134893001013552
L: 0.50, u_super: 0.00732, sec: 414.362, prod: 0.165379, t_ads: 26.7, t_des: 23.9, bed_util_ads: 0.500, bed_util_des: 0.500, des_th: 0.49977335384172955,frac_lost: 0.108, li_recovered:  8.378, time: 0.004214820999550284
L: 14.86, u_super: 0.00967 — INFEASIBLE (li_recovered=0.000e+00), time: 0.0021872690012969542
L: 0.50, u_super: 0.00835, sec: 497.761, prod: 0.181370, t_ads: 23.4, t_des: 24.5, bed_util_ads: 0.481, bed_util_des: 0.481, des_th: 0.4808376751950057,frac_lost: 0.106, li_recovered:  8.695, time: 0.006065554000088014
L: 0.50, u_super: 0.00930, sec: 538.079, prod: 0.210681, t_ads: 21.0, t_des: 19.5, bed_util_ads: 0.495, bed_util_des: 0.495, des_th: 0.4953436270647374,frac_lost: 0.103, li_recovered:  8.526, time: 0.0063975399989431025
L: 0.50, u_super: 0.00262, sec: 140.661, prod: 0.058413, t_ads: 73.7, t_des: 67.9, bed_util_ads: 0.492, bed_util_des: 0.492, des_th: 0.49168334850625717,frac_lost: 0.103, li_recovered:  8.274, time: 0.007146404999730294
L: 0.50, u_super: 0.00467, sec: 255.880, prod: 0.105007, t_ads: 41.8, t_des: 38.0, bed_util_ads: 0.498, bed_util_des: 0.497, des_th: 0.49741052551607606,frac_lost: 0.107, li_recovered:  8.374, time: 0.0038989209988358198
L: 0.50, u_super: 0.00342, sec: 185.259, prod: 0.076522, t_ads: 57.0, t_des: 51.4, bed_util_ads: 0.497, bed_util_des: 0.496, des_th: 0.4964084940577035,frac_lost: 0.108, li_recovered:  8.295, time: 0.005086662999019609
L: 66.45, u_super: 0.00441 — INFEASIBLE (li_recovered=0.000e+00), time: 0.0008583540002291556
L: 7.19, u_super: 0.00623 — INFEASIBLE (li_recovered=0.000e+00), time: 0.00339116500072123
L: 53.28, u_super: 0.00637 — INFEASIBLE (li_recovered=0.000e+00), time: 0.0009394080007041339
L: 3.50, u_super: 0.00339 — INFEASIBLE (li_recovered=0.000e+00), time: 0.0031902369992167223
L: 24.29, u_super: 0.00838 — INFEASIBLE (li_recovered=0.000e+00), time: 0.0027277980007056613
L: 0.50, u_super: 0.00704, sec: 396.045, prod: 0.159590, t_ads: 27.6, t_des: 25.5, bed_util_ads: 0.496, bed_util_des: 0.495, des_th: 0.49534943108866597,frac_lost: 0.101, li_recovered:  8.474, time: 0.00466467600017495
L: 0.50, u_super: 0.00877, sec: 504.996, prod: 0.198265, t_ads: 22.3, t_des: 20.7, bed_util_ads: 0.496, bed_util_des: 0.496, des_th: 0.4955169173267896,frac_lost: 0.106, li_recovered:  8.526, time: 0.0070338699988496955
L: 14.72, u_super: 0.00849 — INFEASIBLE (li_recovered=0.000e+00), time: 0.0037579039999400266
L: 0.50, u_super: 0.00235, sec: 127.288, prod: 0.051832, t_ads: 82.3, t_des: 71.4, bed_util_ads: 0.500, bed_util_des: 0.499, des_th: 0.4994514912501364,frac_lost: 0.107, li_recovered:  7.966, time: 0.006624616000408423
L: 0.50, u_super: 0.00599, sec: 333.129, prod: 0.135395, t_ads: 32.4, t_des: 29.0, bed_util_ads: 0.500, bed_util_des: 0.500, des_th: 0.49964131551094676,frac_lost: 0.102, li_recovered:  8.314, time: 0.004981803000191576
L: 0.50, u_super: 0.00990, sec: 578.565, prod: 0.223727, t_ads: 19.8, t_des: 18.6, bed_util_ads: 0.494, bed_util_des: 0.494, des_th: 0.494285865147704,frac_lost: 0.105, li_recovered:  8.570, time: 0.005027182000048924
L: 0.50, u_super: 0.00910, sec: 525.279, prod: 0.206030, t_ads: 21.5, t_des: 19.7, bed_util_ads: 0.497, bed_util_des: 0.497, des_th: 0.496758548911884,frac_lost: 0.105, li_recovered:  8.494, time: 0.008118247000311385
L: 0.67, u_super: 0.00276, sec: 201.365, prod: 0.061160, t_ads: 93.7, t_des: 85.2, bed_util_ads: 0.492, bed_util_des: 0.492, des_th: 0.49152933323249587,frac_lost: 0.101, li_recovered:  10.941, time: 0.005286794999847189
L: 0.50, u_super: 0.00008 — INFEASIBLE (li_recovered=0.000e+00), time: 0.0017064419989765156
L: 0.50, u_super: 0.00510, sec: 280.413, prod: 0.115254, t_ads: 38.0, t_des: 34.4, bed_util_ads: 0.498, bed_util_des: 0.498, des_th: 0.49790225999091253,frac_lost: 0.101, li_recovered:  8.345, time: 0.005323256998963188
L: 0.50, u_super: 0.00195, sec: 106.163, prod: 0.042593, t_ads: 98.1, t_des: 83.8, bed_util_ads: 0.499, bed_util_des: 0.499, des_th: 0.49851063865777373,frac_lost: 0.101, li_recovered:  7.747, time: 0.007093926000379724
L: 0.50, u_super: 0.00014, sec: 10.855, prod: 0.002220, t_ads: 1002.0, t_des: 1206.2, bed_util_ads: 0.359, bed_util_des: 0.349, des_th: 0.34923788063811156,frac_lost: 0.100, li_recovered:  4.903, time: 0.004555629999231314
L: 0.50, u_super: 0.00122, sec: 66.775, prod: 0.026278, t_ads: 155.6, t_des: 135.7, bed_util_ads: 0.493, bed_util_des: 0.492, des_th: 0.4921592460865011,frac_lost: 0.106, li_recovered:  7.653, time: 0.004974753999704262
L: 0.50, u_super: 0.00039 — INFEASIBLE (li_recovered=0.000e+00), time: 0.0028456269992602756
L: 0.50, u_super: 0.00009 — INFEASIBLE (li_recovered=0.000e+00), time: 0.0014759549994778354
L: 0.50, u_super: 0.00235, sec: 127.280, prod: 0.051835, t_ads: 82.2, t_des: 71.3, bed_util_ads: 0.500, bed_util_des: 0.499, des_th: 0.49945681615247167,frac_lost: 0.106, li_recovered:  7.959, time: 0.0047894500003167195
L: 0.50, u_super: 0.00972, sec: 565.901, prod: 0.220052, t_ads: 20.1, t_des: 18.7, bed_util_ads: 0.497, bed_util_des: 0.497, des_th: 0.49680363692250146,frac_lost: 0.105, li_recovered:  8.534, time: 0.0053912929997750325
L: 74.49, u_super: 0.00393 — INFEASIBLE (li_recovered=0.000e+00), time: 0.0011109179995401064
L: 0.50, u_super: 0.00929, sec: 546.332, prod: 0.206987, t_ads: 21.0, t_des: 20.9, bed_util_ads: 0.488, bed_util_des: 0.487, des_th: 0.48751065947283867,frac_lost: 0.103, li_recovered:  8.663, time: 0.00447007399998256
L: 0.50, u_super: 0.00699, sec: 393.796, prod: 0.157848, t_ads: 28.0, t_des: 25.1, bed_util_ads: 0.500, bed_util_des: 0.500, des_th: 0.49996651258923935,frac_lost: 0.107, li_recovered:  8.384, time: 0.005671456001437036
L: 0.50, u_super: 0.00984, sec: 572.545, prod: 0.223362, t_ads: 19.8, t_des: 18.1, bed_util_ads: 0.498, bed_util_des: 0.498, des_th: 0.4979783666887848,frac_lost: 0.103, li_recovered:  8.457, time: 0.0054462770003738115
L: 0.50, u_super: 0.00134, sec: 131.347, prod: 0.016216, t_ads: 144.9, t_des: 383.4, bed_util_ads: 0.356, bed_util_des: 0.347, des_th: 0.3470711946450961,frac_lost: 0.107, li_recovered:  8.567, time: 0.009257531000912422
L: 0.50, u_super: 0.00698, sec: 394.705, prod: 0.157288, t_ads: 28.0, t_des: 26.4, bed_util_ads: 0.495, bed_util_des: 0.495, des_th: 0.4946357072353334,frac_lost: 0.107, li_recovered:  8.552, time: 0.0050544730002002325
L: 0.50, u_super: 0.00726, sec: 410.572, prod: 0.164054, t_ads: 26.9, t_des: 24.2, bed_util_ads: 0.500, bed_util_des: 0.500, des_th: 0.4996612138346261,frac_lost: 0.107, li_recovered:  8.385, time: 0.006796433999625151
L: 0.50, u_super: 0.00141, sec: 76.391, prod: 0.030721, t_ads: 135.4, t_des: 120.3, bed_util_ads: 0.492, bed_util_des: 0.491, des_th: 0.4915346508951724,frac_lost: 0.106, li_recovered:  7.855, time: 0.0058473089993640315
L: 58.82, u_super: 0.00235 — INFEASIBLE (li_recovered=0.000e+00), time: 0.0012805919996026205
   134 |     5360 |     40 |  0.0019677912 |             f
L: 0.50, u_super: 0.00611, sec: 339.940, prod: 0.138261, t_ads: 31.8, t_des: 29.4, bed_util_ads: 0.496, bed_util_des: 0.495, des_th: 0.49543668464465795,frac_lost: 0.102, li_recovered:  8.458, time: 0.004557522001050529
L: 0.50, u_super: 0.00694, sec: 390.930, prod: 0.156698, t_ads: 28.2, t_des: 25.3, bed_util_ads: 0.500, bed_util_des: 0.499, des_th: 0.4994494630063081,frac_lost: 0.108, li_recovered:  8.388, time: 0.005919420000282116
L: 0.50, u_super: 0.00504, sec: 277.286, prod: 0.113780, t_ads: 38.4, t_des: 34.5, bed_util_ads: 0.500, bed_util_des: 0.499, des_th: 0.4995365356668148,frac_lost: 0.102, li_recovered:  8.294, time: 0.005970592001176556
L: 0.50, u_super: 0.00956, sec: 555.043, prod: 0.216516, t_ads: 20.5, t_des: 18.5, bed_util_ads: 0.500, bed_util_des: 0.499, des_th: 0.4994833105671999,frac_lost: 0.106, li_recovered:  8.445, time: 0.00815546499870834
L: 0.50, u_super: 0.00065 — INFEASIBLE (li_recovered=0.000e+00), time: 0.0030108249993645586
L: 0.50, u_super: 0.00212, sec: 114.965, prod: 0.046744, t_ads: 91.0, t_des: 79.2, bed_util_ads: 0.499, bed_util_des: 0.498, des_th: 0.4985372576909572,frac_lost: 0.108, li_recovered:  7.958, time: 0.006442754000090645
L: 0.50, u_super: 0.00031, sec: 23.127, prod: 0.004968, t_ads: 578.0, t_des: 944.2, bed_util_ads: 0.375, bed_util_des: 0.355, des_th: 0.35557741853764324,frac_lost: 0.100, li_recovered:  7.563, time: 0.008541244998923503
L: 0.50, u_super: 0.00066, sec: 36.906, prod: 0.013703, t_ads: 280.0, t_des: 257.8, bed_util_ads: 0.474, bed_util_des: 0.473, des_th: 0.47309357136945573,frac_lost: 0.104, li_recovered:  7.369, time: 0.004642076000891393
L: 0.50, u_super: 0.00141, sec: 88.279, prod: 0.026584, t_ads: 135.5, t_des: 180.4, bed_util_ads: 0.440, bed_util_des: 0.437, des_th: 0.4367515000455053,frac_lost: 0.101, li_recovered:  8.399, time: 0.007116126998880645
L: 40.26, u_super: 0.00323 — INFEASIBLE (li_recovered=0.000e+00), time: 0.0010900670004048152
L: 0.50, u_super: 0.00008 — INFEASIBLE (li_recovered=0.000e+00), time: 0.0016807680003694259
L: 0.50, u_super: 0.00505, sec: 277.826, prod: 0.114074, t_ads: 38.4, t_des: 34.8, bed_util_ads: 0.498, bed_util_des: 0.498, des_th: 0.4979571449349672,frac_lost: 0.103, li_recovered:  8.351, time: 0.004922172000078717
L: 0.50, u_super: 0.00141, sec: 76.406, prod: 0.030715, t_ads: 135.5, t_des: 120.4, bed_util_ads: 0.492, bed_util_des: 0.491, des_th: 0.4915346508951724,frac_lost: 0.106, li_recovered:  7.860, time: 0.005879120999452425
L: 0.50, u_super: 0.00050, sec: 29.785, prod: 0.009802, t_ads: 358.4, t_des: 308.0, bed_util_ads: 0.474, bed_util_des: 0.473, des_th: 0.4734430723908744,frac_lost: 0.103, li_recovered:  6.532, time: 0.005119763000038802
L: 0.50, u_super: 0.00990, sec: 576.824, prod: 0.224402, t_ads: 19.7, t_des: 17.7, bed_util_ads: 0.500, bed_util_des: 0.500, des_th: 0.49971799975722236,frac_lost: 0.105, li_recovered:  8.408, time: 0.006324963998849853
L: 31.64, u_super: 0.00510 — INFEASIBLE (li_recovered=0.000e+00), time: 0.002120891000231495
L: 0.50, u_super: 0.00597, sec: 335.066, prod: 0.133546, t_ads: 32.5, t_des: 31.9, bed_util_ads: 0.489, bed_util_des: 0.488, des_th: 0.4883312989279136,frac_lost: 0.101, li_recovered:  8.597, time: 0.00750657400021737
L: 0.50, u_super: 0.00096, sec: 52.673, prod: 0.020663, t_ads: 194.7, t_des: 191.9, bed_util_ads: 0.473, bed_util_des: 0.472, des_th: 0.47163713740612306,frac_lost: 0.101, li_recovered:  7.988, time: 0.00578206099999079
L: 0.50, u_super: 0.00947, sec: 549.207, prod: 0.214719, t_ads: 20.6, t_des: 18.5, bed_util_ads: 0.500, bed_util_des: 0.500, des_th: 0.4998552323457757,frac_lost: 0.104, li_recovered:  8.390, time: 0.004919241000607144
L: 0.50, u_super: 0.00097, sec: 52.867, prod: 0.020738, t_ads: 194.3, t_des: 190.9, bed_util_ads: 0.474, bed_util_des: 0.472, des_th: 0.47185766199407947,frac_lost: 0.102, li_recovered:  7.988, time: 0.004834736000702833
L: 0.50, u_super: 0.00984, sec: 572.623, prod: 0.223200, t_ads: 19.8, t_des: 18.0, bed_util_ads: 0.500, bed_util_des: 0.500, des_th: 0.4997001075548417,frac_lost: 0.104, li_recovered:  8.443, time: 0.006510216000606306
L: 0.50, u_super: 0.00768, sec: 436.735, prod: 0.173500, t_ads: 25.5, t_des: 23.4, bed_util_ads: 0.497, bed_util_des: 0.497, des_th: 0.4973199129425365,frac_lost: 0.108, li_recovered:  8.487, time: 0.004387992999909329
L: 0.50, u_super: 0.00401, sec: 453.530, prod: 0.043272, t_ads: 48.7, t_des: 152.6, bed_util_ads: 0.346, bed_util_des: 0.342, des_th: 0.3423267769428348,frac_lost: 0.103, li_recovered:  8.709, time: 0.013524261999918963
L: 0.50, u_super: 0.00811, sec: 463.176, prod: 0.183618, t_ads: 24.1, t_des: 21.6, bed_util_ads: 0.500, bed_util_des: 0.500, des_th: 0.49963925944770865,frac_lost: 0.106, li_recovered:  8.383, time: 0.005044724999606842
L: 0.50, u_super: 0.00235, sec: 127.249, prod: 0.051848, t_ads: 82.2, t_des: 71.3, bed_util_ads: 0.499, bed_util_des: 0.499, des_th: 0.49904210304608876,frac_lost: 0.105, li_recovered:  7.956, time: 0.006339854999168892
L: 0.99, u_super: 0.00342, sec: 374.699, prod: 0.074957, t_ads: 110.6, t_des: 97.2, bed_util_ads: 0.495, bed_util_des: 0.495, des_th: 0.4951668806970879,frac_lost: 0.102, li_recovered:  15.577, time: 0.006092121999245137
L: 4.07, u_super: 0.00493 — INFEASIBLE (li_recovered=0.000e+00), time: 0.003002651999850059
L: 0.50, u_super: 0.00636, sec: 354.818, prod: 0.143835, t_ads: 30.5, t_des: 27.3, bed_util_ads: 0.500, bed_util_des: 0.499, des_th: 0.4994514379320811,frac_lost: 0.101, li_recovered:  8.322, time: 0.006824874000812997
L: 0.50, u_super: 0.00984, sec: 1188.543, prod: 0.107639, t_ads: 19.9, t_des: 61.4, bed_util_ads: 0.351, bed_util_des: 0.349, des_th: 0.34915497718770055,frac_lost: 0.107, li_recovered:  8.752, time: 0.008608652000475558
L: 0.50, u_super: 0.00730, sec: 411.844, prod: 0.165426, t_ads: 26.6, t_des: 24.0, bed_util_ads: 0.500, bed_util_des: 0.499, des_th: 0.49941883917641106,frac_lost: 0.102, li_recovered:  8.382, time: 0.0078060369996819645
L: 0.50, u_super: 0.00736, sec: 416.325, prod: 0.166479, t_ads: 26.5, t_des: 24.2, bed_util_ads: 0.498, bed_util_des: 0.498, des_th: 0.4977842171540545,frac_lost: 0.106, li_recovered:  8.444, time: 0.007537067000157549
L: 5.99, u_super: 0.00490 — INFEASIBLE (li_recovered=0.000e+00), time: 0.002688435999516514
L: 0.50, u_super: 0.00637, sec: 355.503, prod: 0.144072, t_ads: 30.5, t_des: 27.6, bed_util_ads: 0.500, bed_util_des: 0.499, des_th: 0.4994668162108614,frac_lost: 0.103, li_recovered:  8.373, time: 0.005629042998407385
L: 15.58, u_super: 0.00866 — INFEASIBLE (li_recovered=0.000e+00), time: 0.00303422399883857
L: 0.50, u_super: 0.00436, sec: 238.310, prod: 0.097837, t_ads: 44.7, t_des: 39.7, bed_util_ads: 0.500, bed_util_des: 0.500, des_th: 0.4998627338036414,frac_lost: 0.106, li_recovered:  8.261, time: 0.005026565000662231
L: 0.50, u_super: 0.00340, sec: 184.172, prod: 0.076129, t_ads: 57.2, t_des: 51.7, bed_util_ads: 0.497, bed_util_des: 0.497, des_th: 0.49661842405571105,frac_lost: 0.107, li_recovered:  8.291, time: 0.005433706999610877
L: 49.11, u_super: 0.00388 — INFEASIBLE (li_recovered=0.000e+00), time: 0.0008207970004150411
L: 0.50, u_super: 0.00600, sec: 333.957, prod: 0.135630, t_ads: 32.4, t_des: 28.9, bed_util_ads: 0.500, bed_util_des: 0.500, des_th: 0.4996792902333243,frac_lost: 0.102, li_recovered:  8.305, time: 0.0035210349997214507
L: 0.50, u_super: 0.00841, sec: 482.040, prod: 0.190382, t_ads: 23.2, t_des: 21.3, bed_util_ads: 0.497, bed_util_des: 0.497, des_th: 0.4970628393022985,frac_lost: 0.106, li_recovered:  8.488, time: 0.006629396999414894
L: 0.50, u_super: 0.00990, sec: 577.031, prod: 0.224337, t_ads: 19.8, t_des: 17.9, bed_util_ads: 0.500, bed_util_des: 0.500, des_th: 0.4997286323799045,frac_lost: 0.106, li_recovered:  8.460, time: 0.004052683998452267
   135 |     5400 |     40 |  0.0044728004 |             f
L: 0.50, u_super: 0.00930, sec: 538.354, prod: 0.210573, t_ads: 21.1, t_des: 19.1, bed_util_ads: 0.500, bed_util_des: 0.500, des_th: 0.49957247906840335,frac_lost: 0.107, li_recovered:  8.448, time: 0.00566664799953287
L: 0.50, u_super: 0.00014, sec: 10.614, prod: 0.002271, t_ads: 1105.2, t_des: 1476.6, bed_util_ads: 0.350, bed_util_des: 0.329, des_th: 0.3295830022720246,frac_lost: 0.102, li_recovered:  5.863, time: 0.005114149000291945
L: 91.92, u_super: 0.00547 — INFEASIBLE (li_recovered=0.000e+00), time: 0.0014664800000900868
L: 0.50, u_super: 0.00965, sec: 560.759, prod: 0.218858, t_ads: 20.2, t_des: 18.6, bed_util_ads: 0.498, bed_util_des: 0.498, des_th: 0.4977898988910532,frac_lost: 0.104, li_recovered:  8.497, time: 0.0064041370005725184
L: 0.50, u_super: 0.00516, sec: 284.451, prod: 0.116378, t_ads: 37.5, t_des: 33.3, bed_util_ads: 0.500, bed_util_des: 0.500, des_th: 0.4999928415129882,frac_lost: 0.101, li_recovered:  8.247, time: 0.0050804580005205935
L: 0.50, u_super: 0.00385, sec: 209.654, prod: 0.086158, t_ads: 50.6, t_des: 44.7, bed_util_ads: 0.500, bed_util_des: 0.500, des_th: 0.49988829177514543,frac_lost: 0.106, li_recovered:  8.209, time: 0.006814854999902309
L: 0.50, u_super: 0.00909, sec: 528.621, prod: 0.204283, t_ads: 21.5, t_des: 20.6, bed_util_ads: 0.493, bed_util_des: 0.492, des_th: 0.49238605219016024,frac_lost: 0.106, li_recovered:  8.615, time: 0.006425440000384697
L: 0.50, u_super: 0.00259, sec: 140.388, prod: 0.057336, t_ads: 74.5, t_des: 72.8, bed_util_ads: 0.485, bed_util_des: 0.484, des_th: 0.4839998210752015,frac_lost: 0.103, li_recovered:  8.442, time: 0.006165893000797951
L: 0.50, u_super: 0.00385, sec: 209.513, prod: 0.086214, t_ads: 50.5, t_des: 44.8, bed_util_ads: 0.500, bed_util_des: 0.500, des_th: 0.4999594316410757,frac_lost: 0.106, li_recovered:  8.222, time: 0.0040719839998928364
L: 0.50, u_super: 0.00142, sec: 76.990, prod: 0.031085, t_ads: 134.4, t_des: 120.8, bed_util_ads: 0.491, bed_util_des: 0.490, des_th: 0.49008061891683063,frac_lost: 0.107, li_recovered:  7.933, time: 0.005698647999452078
L: 5.53, u_super: 0.00899 — INFEASIBLE (li_recovered=0.000e+00), time: 0.0034065950003423495
L: 0.50, u_super: 0.00596, sec: 331.415, prod: 0.134784, t_ads: 32.6, t_des: 29.2, bed_util_ads: 0.500, bed_util_des: 0.500, des_th: 0.4999422080695871,frac_lost: 0.102, li_recovered:  8.326, time: 0.005499269000210916
L: 0.50, u_super: 0.00990, sec: 576.406, prod: 0.224659, t_ads: 19.7, t_des: 17.7, bed_util_ads: 0.500, bed_util_des: 0.500, des_th: 0.4997275809196764,frac_lost: 0.103, li_recovered:  8.397, time: 0.003929611000785371
L: 0.50, u_super: 0.00206, sec: 110.887, prod: 0.045598, t_ads: 92.9, t_des: 82.5, bed_util_ads: 0.495, bed_util_des: 0.495, des_th: 0.4947728901974649,frac_lost: 0.101, li_recovered:  7.998, time: 0.004255355001077987
L: 0.50, u_super: 0.00919, sec: 530.679, prod: 0.208230, t_ads: 21.2, t_des: 19.1, bed_util_ads: 0.500, bed_util_des: 0.500, des_th: 0.49987934800063655,frac_lost: 0.104, li_recovered:  8.401, time: 0.004144728998653591
L: 0.50, u_super: 0.00840, sec: 481.215, prod: 0.190001, t_ads: 23.3, t_des: 21.4, bed_util_ads: 0.497, bed_util_des: 0.497, des_th: 0.49697252650564,frac_lost: 0.107, li_recovered:  8.491, time: 0.006617094000830548
L: 0.50, u_super: 0.00768, sec: 435.375, prod: 0.174042, t_ads: 25.3, t_des: 23.6, bed_util_ads: 0.496, bed_util_des: 0.495, des_th: 0.49536782115073924,frac_lost: 0.100, li_recovered:  8.513, time: 0.006308223000814905
L: 0.50, u_super: 0.00073, sec: 40.522, prod: 0.015353, t_ads: 253.9, t_des: 235.5, bed_util_ads: 0.475, bed_util_des: 0.473, des_th: 0.4734430723908744,frac_lost: 0.103, li_recovered:  7.515, time: 0.00645830599933106
L: 0.50, u_super: 0.00841, sec: 481.937, prod: 0.190423, t_ads: 23.2, t_des: 21.4, bed_util_ads: 0.497, bed_util_des: 0.497, des_th: 0.4970996738445684,frac_lost: 0.106, li_recovered:  8.496, time: 0.0039215229990077205
L: 131.80, u_super: 0.00549 — INFEASIBLE (li_recovered=0.000e+00), time: 0.0011208969990548212
L: 0.50, u_super: 0.00974, sec: 566.426, prod: 0.220904, t_ads: 20.0, t_des: 18.4, bed_util_ads: 0.498, bed_util_des: 0.498, des_th: 0.4977903886507544,frac_lost: 0.104, li_recovered:  8.489, time: 0.004701597999883234
L: 0.50, u_super: 0.00787, sec: 447.043, prod: 0.178263, t_ads: 24.7, t_des: 22.0, bed_util_ads: 0.500, bed_util_des: 0.500, des_th: 0.4999575644109727,frac_lost: 0.101, li_recovered:  8.327, time: 0.0054296700000122655
L: 0.50, u_super: 0.00122 — INFEASIBLE (li_recovered=0.000e+00), time: 0.0038249499993980862
L: 0.50, u_super: 0.00377, sec: 229.847, prod: 0.075525, t_ads: 51.6, t_des: 62.7, bed_util_ads: 0.459, bed_util_des: 0.458, des_th: 0.4579608491608416,frac_lost: 0.105, li_recovered:  8.627, time: 0.006380313998306519
L: 0.50, u_super: 0.00401, sec: 220.700, prod: 0.088924, t_ads: 48.6, t_des: 47.6, bed_util_ads: 0.488, bed_util_des: 0.487, des_th: 0.4871209417193689,frac_lost: 0.106, li_recovered:  8.554, time: 0.004559585000606603
L: 2.66, u_super: 0.00010 — INFEASIBLE (li_recovered=0.000e+00), time: 0.0010335560000385158
L: 0.50, u_super: 0.00263, sec: 141.506, prod: 0.058740, t_ads: 73.3, t_des: 66.7, bed_util_ads: 0.494, bed_util_des: 0.493, des_th: 0.4933954322876988,frac_lost: 0.103, li_recovered:  8.222, time: 0.0048413849999633385
L: 0.50, u_super: 0.00714, sec: 403.196, prod: 0.161327, t_ads: 27.4, t_des: 24.9, bed_util_ads: 0.500, bed_util_des: 0.499, des_th: 0.49945241487169983,frac_lost: 0.108, li_recovered:  8.440, time: 0.004533329998594127
L: 0.50, u_super: 0.00513, sec: 282.797, prod: 0.115822, t_ads: 37.9, t_des: 34.3, bed_util_ads: 0.499, bed_util_des: 0.498, des_th: 0.49841488419706675,frac_lost: 0.105, li_recovered:  8.359, time: 0.004291602999728639
L: 0.50, u_super: 0.00466, sec: 255.541, prod: 0.104970, t_ads: 41.7, t_des: 37.6, bed_util_ads: 0.498, bed_util_des: 0.498, des_th: 0.49779223139742473,frac_lost: 0.105, li_recovered:  8.333, time: 0.0038890129999344936
L: 0.50, u_super: 0.00661, sec: 369.913, prod: 0.149728, t_ads: 29.4, t_des: 26.9, bed_util_ads: 0.497, bed_util_des: 0.496, des_th: 0.4964265205035501,frac_lost: 0.102, li_recovered:  8.426, time: 0.004215218999888748
L: 0.50, u_super: 0.00154, sec: 84.707, prod: 0.033055, t_ads: 124.6, t_des: 127.9, bed_util_ads: 0.475, bed_util_des: 0.473, des_th: 0.4733977521214997,frac_lost: 0.105, li_recovered:  8.345, time: 0.0040010760003497126
L: 0.50, u_super: 0.00435, sec: 237.737, prod: 0.097823, t_ads: 44.8, t_des: 40.4, bed_util_ads: 0.498, bed_util_des: 0.498, des_th: 0.49787060100753133,frac_lost: 0.106, li_recovered:  8.334, time: 0.003555584999048733
L: 0.50, u_super: 0.00343, sec: 185.990, prod: 0.076897, t_ads: 56.7, t_des: 51.3, bed_util_ads: 0.497, bed_util_des: 0.496, des_th: 0.49649880685436204,frac_lost: 0.107, li_recovered:  8.302, time: 0.003428076999625773
L: 0.50, u_super: 0.00195, sec: 105.835, prod: 0.042578, t_ads: 99.0, t_des: 85.1, bed_util_ads: 0.499, bed_util_des: 0.498, des_th: 0.4985143535447173,frac_lost: 0.107, li_recovered:  7.840, time: 0.005506012999831
L: 0.50, u_super: 0.00436, sec: 238.314, prod: 0.097835, t_ads: 44.6, t_des: 39.5, bed_util_ads: 0.500, bed_util_des: 0.500, des_th: 0.49996613701160175,frac_lost: 0.104, li_recovered:  8.229, time: 0.004063913000209141
L: 0.50, u_super: 0.00190, sec: 101.711, prod: 0.041972, t_ads: 100.9, t_des: 91.6, bed_util_ads: 0.492, bed_util_des: 0.492, des_th: 0.4917839421760513,frac_lost: 0.101, li_recovered:  8.079, time: 0.003948841000237735
L: 0.50, u_super: 0.00900, sec: 518.773, prod: 0.203832, t_ads: 21.7, t_des: 20.0, bed_util_ads: 0.497, bed_util_des: 0.497, des_th: 0.49696241884104075,frac_lost: 0.105, li_recovered:  8.493, time: 0.006216550000317511
L: 0.50, u_super: 0.00835, sec: 477.753, prod: 0.188966, t_ads: 23.4, t_des: 21.3, bed_util_ads: 0.499, bed_util_des: 0.498, des_th: 0.498401464298404,frac_lost: 0.106, li_recovered:  8.447, time: 0.003816091999397031
L: 0.50, u_super: 0.00289, sec: 155.638, prod: 0.064729, t_ads: 66.7, t_des: 60.8, bed_util_ads: 0.495, bed_util_des: 0.494, des_th: 0.4942324800443808,frac_lost: 0.102, li_recovered:  8.251, time: 0.005069389000709634
   136 |     5440 |     40 |  0.0015910954 |             f
L: 0.50, u_super: 0.00872, sec: 501.020, prod: 0.197457, t_ads: 22.4, t_des: 20.1, bed_util_ads: 0.500, bed_util_des: 0.500, des_th: 0.49958935893669637,frac_lost: 0.105, li_recovered:  8.399, time: 0.005981741000141483
L: 0.50, u_super: 0.00780, sec: 444.154, prod: 0.176343, t_ads: 25.1, t_des: 22.8, bed_util_ads: 0.498, bed_util_des: 0.498, des_th: 0.4980131677889666,frac_lost: 0.108, li_recovered:  8.448, time: 0.004338591001214809
L: 0.50, u_super: 0.00592, sec: 593.511, prod: 0.074012, t_ads: 33.0, t_des: 84.8, bed_util_ads: 0.370, bed_util_des: 0.368, des_th: 0.3681359698902343,frac_lost: 0.103, li_recovered:  8.721, time: 0.009008967001136625
L: 0.50, u_super: 0.00990, sec: 576.855, prod: 0.224483, t_ads: 19.7, t_des: 17.9, bed_util_ads: 0.500, bed_util_des: 0.500, des_th: 0.4997275809196764,frac_lost: 0.105, li_recovered:  8.454, time: 0.0046918200005166
L: 0.50, u_super: 0.00014, sec: 10.613, prod: 0.002271, t_ads: 1091.1, t_des: 1448.3, bed_util_ads: 0.350, bed_util_des: 0.331, des_th: 0.33085822483837457,frac_lost: 0.100, li_recovered:  5.767, time: 0.004598925999744097
L: 0.50, u_super: 0.00510, sec: 280.696, prod: 0.115187, t_ads: 38.1, t_des: 34.5, bed_util_ads: 0.498, bed_util_des: 0.498, des_th: 0.49779223139742473,frac_lost: 0.103, li_recovered:  8.359, time: 0.00410178699894459
L: 0.50, u_super: 0.00388, sec: 211.397, prod: 0.086881, t_ads: 50.1, t_des: 44.3, bed_util_ads: 0.500, bed_util_des: 0.500, des_th: 0.499889728156198,frac_lost: 0.106, li_recovered:  8.205, time: 0.004512875000727945
L: 0.50, u_super: 0.00882, sec: 507.954, prod: 0.199844, t_ads: 22.2, t_des: 20.3, bed_util_ads: 0.498, bed_util_des: 0.498, des_th: 0.49763147922345197,frac_lost: 0.106, li_recovered:  8.480, time: 0.006243711000934127
L: 0.50, u_super: 0.00900, sec: 518.768, prod: 0.203844, t_ads: 21.7, t_des: 19.9, bed_util_ads: 0.497, bed_util_des: 0.497, des_th: 0.49696241884104075,frac_lost: 0.105, li_recovered:  8.487, time: 0.004592564000631683
L: 0.50, u_super: 0.00979, sec: 569.447, prod: 0.222093, t_ads: 19.9, t_des: 17.9, bed_util_ads: 0.500, bed_util_des: 0.500, des_th: 0.49990287866527067,frac_lost: 0.103, li_recovered:  8.396, time: 0.004773685001055128
L: 0.50, u_super: 0.00122, sec: 67.337, prod: 0.026059, t_ads: 155.5, t_des: 132.4, bed_util_ads: 0.495, bed_util_des: 0.494, des_th: 0.49435250986302814,frac_lost: 0.105, li_recovered:  7.502, time: 0.004488291999223293
L: 0.50, u_super: 0.00016, sec: 11.857, prod: 0.002617, t_ads: 1004.2, t_des: 1380.6, bed_util_ads: 0.356, bed_util_des: 0.335, des_th: 0.3354206695576575,frac_lost: 0.100, li_recovered:  6.241, time: 0.004712154001026647
L: 0.50, u_super: 0.00435, sec: 251.195, prod: 0.092582, t_ads: 44.7, t_des: 48.6, bed_util_ads: 0.475, bed_util_des: 0.474, des_th: 0.47398380789518046,frac_lost: 0.104, li_recovered:  8.633, time: 0.006560193998666364
L: 6.31, u_super: 0.00612, sec: 4868.839, prod: 0.122021, t_ads: 370.6, t_des: 335.7, bed_util_ads: 0.467, bed_util_des: 0.466, des_th: 0.46623484537760923,frac_lost: 0.104, li_recovered:  86.186, time: 0.006127577000370366
L: 0.50, u_super: 0.00834, sec: 716.115, prod: 0.125858, t_ads: 23.5, t_des: 45.9, bed_util_ads: 0.403, bed_util_des: 0.402, des_th: 0.4022341518080922,frac_lost: 0.106, li_recovered:  8.730, time: 0.011004597999999532
L: 0.50, u_super: 0.00789, sec: 447.559, prod: 0.179035, t_ads: 24.6, t_des: 22.5, bed_util_ads: 0.498, bed_util_des: 0.498, des_th: 0.4978582270984672,frac_lost: 0.100, li_recovered:  8.435, time: 0.006178950998219079
L: 0.50, u_super: 0.00661, sec: 369.808, prod: 0.149818, t_ads: 29.3, t_des: 26.5, bed_util_ads: 0.499, bed_util_des: 0.499, des_th: 0.49918945183347624,frac_lost: 0.101, li_recovered:  8.366, time: 0.004671051001423621
L: 0.50, u_super: 0.00442, sec: 241.732, prod: 0.099312, t_ads: 44.1, t_des: 39.7, bed_util_ads: 0.498, bed_util_des: 0.498, des_th: 0.49795273363313414,frac_lost: 0.107, li_recovered:  8.324, time: 0.005288754000503104
L: 0.50, u_super: 0.00461, sec: 252.412, prod: 0.103658, t_ads: 42.2, t_des: 37.6, bed_util_ads: 0.500, bed_util_des: 0.500, des_th: 0.4996008813891968,frac_lost: 0.104, li_recovered:  8.269, time: 0.005063042999609024
L: 0.50, u_super: 0.00031, sec: 22.688, prod: 0.005065, t_ads: 579.3, t_des: 908.2, bed_util_ads: 0.380, bed_util_des: 0.362, des_th: 0.36188565402600836,frac_lost: 0.104, li_recovered:  7.534, time: 0.006603512998481165
L: 0.50, u_super: 0.00135, sec: 73.139, prod: 0.029502, t_ads: 141.2, t_des: 135.2, bed_util_ads: 0.482, bed_util_des: 0.481, des_th: 0.4813013819511858,frac_lost: 0.106, li_recovered:  8.153, time: 0.0049108759994851425
L: 0.50, u_super: 0.00073, sec: 40.628, prod: 0.015313, t_ads: 254.9, t_des: 233.1, bed_util_ads: 0.477, bed_util_des: 0.476, des_th: 0.4758018402817838,frac_lost: 0.105, li_recovered:  7.473, time: 0.0035665060004248517
L: 0.50, u_super: 0.00658, sec: 367.807, prod: 0.149100, t_ads: 29.5, t_des: 27.0, bed_util_ads: 0.497, bed_util_des: 0.497, des_th: 0.4967497265591335,frac_lost: 0.101, li_recovered:  8.422, time: 0.0049402660006308
L: 0.50, u_super: 0.00547, sec: 302.316, prod: 0.123349, t_ads: 35.4, t_des: 31.5, bed_util_ads: 0.500, bed_util_des: 0.500, des_th: 0.4999928415129882,frac_lost: 0.101, li_recovered:  8.256, time: 0.004846865998842986
L: 0.50, u_super: 0.00814, sec: 464.571, prod: 0.184288, t_ads: 24.0, t_des: 21.8, bed_util_ads: 0.499, bed_util_des: 0.498, des_th: 0.498401464298404,frac_lost: 0.106, li_recovered:  8.441, time: 0.006542444998558494
L: 4.15, u_super: 0.00307 — INFEASIBLE (li_recovered=0.000e+00), time: 0.002059748001556727
L: 0.50, u_super: 0.00981, sec: 597.982, prod: 0.212401, t_ads: 19.9, t_des: 21.1, bed_util_ads: 0.480, bed_util_des: 0.479, des_th: 0.4793811809502891,frac_lost: 0.103, li_recovered:  8.706, time: 0.0044725919997290475
L: 0.50, u_super: 0.00023 — INFEASIBLE (li_recovered=0.000e+00), time: 0.0016089260006992845
L: 0.50, u_super: 0.00190, sec: 104.032, prod: 0.041375, t_ads: 101.6, t_des: 101.5, bed_util_ads: 0.480, bed_util_des: 0.479, des_th: 0.4785658285832377,frac_lost: 0.108, li_recovered:  8.403, time: 0.004601402000844246
L: 0.50, u_super: 0.00516, sec: 284.040, prod: 0.116313, t_ads: 37.6, t_des: 33.7, bed_util_ads: 0.500, bed_util_des: 0.500, des_th: 0.4999928415129882,frac_lost: 0.103, li_recovered:  8.294, time: 0.00444555899957777
L: 0.50, u_super: 0.00037 — INFEASIBLE (li_recovered=0.000e+00), time: 0.0024346230002265656
L: 0.50, u_super: 0.00398, sec: 217.375, prod: 0.089335, t_ads: 48.7, t_des: 43.0, bed_util_ads: 0.500, bed_util_des: 0.500, des_th: 0.4997265117833806,frac_lost: 0.105, li_recovered:  8.195, time: 0.0035631160008051665
L: 0.50, u_super: 0.00900, sec: 528.448, prod: 0.200053, t_ads: 21.7, t_des: 21.6, bed_util_ads: 0.488, bed_util_des: 0.488, des_th: 0.4877124984600517,frac_lost: 0.105, li_recovered:  8.666, time: 0.006722440000885399
L: 0.50, u_super: 0.00516, sec: 284.658, prod: 0.116293, t_ads: 37.7, t_des: 33.6, bed_util_ads: 0.500, bed_util_des: 0.500, des_th: 0.4999928415129882,frac_lost: 0.104, li_recovered:  8.288, time: 0.006098519001170644
L: 0.50, u_super: 0.00873, sec: 503.523, prod: 0.197279, t_ads: 22.4, t_des: 21.0, bed_util_ads: 0.495, bed_util_des: 0.495, des_th: 0.4953436270647374,frac_lost: 0.106, li_recovered:  8.557, time: 0.00842656600070768
L: 0.50, u_super: 0.00956, sec: 554.942, prod: 0.216875, t_ads: 20.4, t_des: 18.3, bed_util_ads: 0.500, bed_util_des: 0.500, des_th: 0.4998552323457757,frac_lost: 0.104, li_recovered:  8.401, time: 0.005772119000539533
L: 0.50, u_super: 0.00866, sec: 497.065, prod: 0.196025, t_ads: 22.6, t_des: 20.5, bed_util_ads: 0.498, bed_util_des: 0.498, des_th: 0.49828542534356296,frac_lost: 0.106, li_recovered:  8.453, time: 0.005591435001406353
L: 0.50, u_super: 0.00990, sec: 617.293, prod: 0.209785, t_ads: 19.7, t_des: 21.8, bed_util_ads: 0.474, bed_util_des: 0.473, des_th: 0.4735003345223897,frac_lost: 0.103, li_recovered:  8.713, time: 0.006124175999502768
L: 0.50, u_super: 0.00203, sec: 111.989, prod: 0.043657, t_ads: 95.3, t_des: 98.3, bed_util_ads: 0.477, bed_util_des: 0.476, des_th: 0.47567777002808626,frac_lost: 0.107, li_recovered:  8.453, time: 0.004735595000965986
L: 0.50, u_super: 0.00669, sec: 374.537, prod: 0.151576, t_ads: 29.0, t_des: 26.2, bed_util_ads: 0.499, bed_util_des: 0.499, des_th: 0.4992334273044847,frac_lost: 0.101, li_recovered:  8.368, time: 0.004161323000516859
   137 |     5480 |     40 |  0.0047401609 |             f
L: 0.50, u_super: 0.00923, sec: 534.469, prod: 0.209076, t_ads: 21.2, t_des: 19.5, bed_util_ads: 0.498, bed_util_des: 0.498, des_th: 0.4978775082858925,frac_lost: 0.106, li_recovered:  8.498, time: 0.003895147001458099
L: 0.50, u_super: 0.00713, sec: 403.031, prod: 0.160724, t_ads: 27.5, t_des: 25.5, bed_util_ads: 0.496, bed_util_des: 0.495, des_th: 0.49534943108866597,frac_lost: 0.109, li_recovered:  8.513, time: 0.004079729000295629
L: 29.92, u_super: 0.00446 — INFEASIBLE (li_recovered=0.000e+00), time: 0.0010728079996624729
L: 0.50, u_super: 0.00547, sec: 302.501, prod: 0.123275, t_ads: 35.5, t_des: 31.4, bed_util_ads: 0.500, bed_util_des: 0.500, des_th: 0.4999928415129882,frac_lost: 0.101, li_recovered:  8.238, time: 0.00457927899878996
L: 0.50, u_super: 0.00307, sec: 166.526, prod: 0.068548, t_ads: 62.8, t_des: 55.1, bed_util_ads: 0.500, bed_util_des: 0.500, des_th: 0.49984195082169874,frac_lost: 0.103, li_recovered:  8.084, time: 0.0035605690009106183
L: 0.50, u_super: 0.00351, sec: 190.872, prod: 0.078647, t_ads: 55.4, t_des: 49.4, bed_util_ads: 0.498, bed_util_des: 0.498, des_th: 0.49787060100753133,frac_lost: 0.108, li_recovered:  8.247, time: 0.004491040999710094
L: 0.50, u_super: 0.00391, sec: 212.679, prod: 0.087868, t_ads: 49.6, t_des: 46.0, bed_util_ads: 0.494, bed_util_des: 0.493, des_th: 0.4934814527055209,frac_lost: 0.104, li_recovered:  8.406, time: 0.004174582998530241
L: 12.49, u_super: 0.00736 — INFEASIBLE (li_recovered=0.000e+00), time: 0.0019683999998960644
L: 0.50, u_super: 0.00066, sec: 52.612, prod: 0.009654, t_ads: 287.6, t_des: 564.9, bed_util_ads: 0.378, bed_util_des: 0.365, des_th: 0.36521596775805776,frac_lost: 0.101, li_recovered:  8.229, time: 0.006381195000358275
L: 6.57, u_super: 0.00957, sec: 7851.472, prod: 0.201589, t_ads: 255.7, t_des: 239.7, bed_util_ads: 0.475, bed_util_des: 0.473, des_th: 0.4733977521214997,frac_lost: 0.106, li_recovered:  99.881, time: 0.0035853829995176056
L: 0.50, u_super: 0.00926, sec: 535.537, prod: 0.210036, t_ads: 21.1, t_des: 19.4, bed_util_ads: 0.497, bed_util_des: 0.497, des_th: 0.4967386571356867,frac_lost: 0.104, li_recovered:  8.490, time: 0.0035979010008304613
L: 0.50, u_super: 0.00606, sec: 342.093, prod: 0.135119, t_ads: 32.0, t_des: 31.7, bed_util_ads: 0.487, bed_util_des: 0.487, des_th: 0.4865887150663177,frac_lost: 0.102, li_recovered:  8.616, time: 0.004153157000473584
L: 0.50, u_super: 0.00814, sec: 464.890, prod: 0.184161, t_ads: 24.0, t_des: 21.8, bed_util_ads: 0.499, bed_util_des: 0.498, des_th: 0.49840399179464967,frac_lost: 0.107, li_recovered:  8.437, time: 0.004072347999681369
L: 0.50, u_super: 0.00396, sec: 403.487, prod: 0.047521, t_ads: 49.3, t_des: 133.8, bed_util_ads: 0.362, bed_util_des: 0.359, des_th: 0.359363551383033,frac_lost: 0.105, li_recovered:  8.701, time: 0.008396781999181258
L: 0.50, u_super: 0.00190, sec: 101.778, prod: 0.041945, t_ads: 101.1, t_des: 91.8, bed_util_ads: 0.491, bed_util_des: 0.491, des_th: 0.4908533167193943,frac_lost: 0.103, li_recovered:  8.091, time: 0.004170868998699007
L: 0.50, u_super: 0.00736, sec: 415.105, prod: 0.166968, t_ads: 26.3, t_des: 23.9, bed_util_ads: 0.499, bed_util_des: 0.499, des_th: 0.4989768458097262,frac_lost: 0.100, li_recovered:  8.382, time: 0.0039086329998099245
L: 0.50, u_super: 0.00845, sec: 516.810, prod: 0.179069, t_ads: 23.1, t_des: 25.5, bed_util_ads: 0.474, bed_util_des: 0.474, des_th: 0.473617736736881,frac_lost: 0.104, li_recovered:  8.703, time: 0.004300218999560457
L: 0.50, u_super: 0.00658, sec: 381.489, prod: 0.143821, t_ads: 29.8, t_des: 30.5, bed_util_ads: 0.483, bed_util_des: 0.482, des_th: 0.4824129208448809,frac_lost: 0.109, li_recovered:  8.670, time: 0.0038595580008404795
L: 0.50, u_super: 0.00497, sec: 272.940, prod: 0.112063, t_ads: 39.1, t_des: 35.4, bed_util_ads: 0.497, bed_util_des: 0.497, des_th: 0.49707640925936614,frac_lost: 0.103, li_recovered:  8.348, time: 0.003596775999540114
L: 34.20, u_super: 0.00204 — INFEASIBLE (li_recovered=0.000e+00), time: 0.000954160001128912
L: 0.50, u_super: 0.00611, sec: 340.022, prod: 0.138227, t_ads: 31.8, t_des: 29.5, bed_util_ads: 0.496, bed_util_des: 0.495, des_th: 0.49543668464465795,frac_lost: 0.102, li_recovered:  8.463, time: 0.004235419999531587
L: 0.50, u_super: 0.00284, sec: 152.587, prod: 0.063507, t_ads: 67.9, t_des: 62.8, bed_util_ads: 0.492, bed_util_des: 0.492, des_th: 0.49168334850625717,frac_lost: 0.101, li_recovered:  8.299, time: 0.003794051999648218
L: 0.50, u_super: 0.00990, sec: 581.555, prod: 0.222670, t_ads: 19.7, t_des: 19.0, bed_util_ads: 0.492, bed_util_des: 0.492, des_th: 0.49158165805022397,frac_lost: 0.105, li_recovered:  8.624, time: 0.004903357999864966
L: 3.98, u_super: 0.00122 — INFEASIBLE (li_recovered=0.000e+00), time: 0.0015552460008620983
L: 0.50, u_super: 0.00253, sec: 136.722, prod: 0.056344, t_ads: 76.3, t_des: 67.7, bed_util_ads: 0.497, bed_util_des: 0.497, des_th: 0.4970628393022985,frac_lost: 0.106, li_recovered:  8.111, time: 0.005061461999503081
L: 0.50, u_super: 0.00107, sec: 60.993, prod: 0.022081, t_ads: 177.6, t_des: 194.7, bed_util_ads: 0.461, bed_util_des: 0.458, des_th: 0.45831582942363264,frac_lost: 0.106, li_recovered:  8.221, time: 0.0052491080004983814
L: 0.50, u_super: 0.00235, sec: 127.249, prod: 0.051848, t_ads: 82.2, t_des: 71.3, bed_util_ads: 0.499, bed_util_des: 0.499, des_th: 0.49904210304608876,frac_lost: 0.105, li_recovered:  7.956, time: 0.004319743000451126
L: 5.22, u_super: 0.00032 — INFEASIBLE (li_recovered=0.000e+00), time: 0.0008362290009245044
L: 0.50, u_super: 0.00071 — INFEASIBLE (li_recovered=0.000e+00), time: 0.0018890520004788414
L: 0.50, u_super: 0.00496, sec: 292.736, prod: 0.104081, t_ads: 39.1, t_des: 44.0, bed_util_ads: 0.471, bed_util_des: 0.470, des_th: 0.47027483056423086,frac_lost: 0.102, li_recovered:  8.652, time: 0.004730276999907801
L: 0.50, u_super: 0.00568, sec: 314.990, prod: 0.128325, t_ads: 34.1, t_des: 30.3, bed_util_ads: 0.500, bed_util_des: 0.500, des_th: 0.4999928415129882,frac_lost: 0.101, li_recovered:  8.262, time: 0.003482870999505394
L: 0.50, u_super: 0.00435, sec: 237.737, prod: 0.097823, t_ads: 44.8, t_des: 40.4, bed_util_ads: 0.498, bed_util_des: 0.498, des_th: 0.4978680735112857,frac_lost: 0.106, li_recovered:  8.333, time: 0.003726547998667229
L: 0.50, u_super: 0.00014 — INFEASIBLE (li_recovered=0.000e+00), time: 0.0013980140010971809
L: 0.50, u_super: 0.00526, sec: 289.873, prod: 0.118840, t_ads: 36.9, t_des: 33.9, bed_util_ads: 0.496, bed_util_des: 0.495, des_th: 0.49543668464465795,frac_lost: 0.102, li_recovered:  8.415, time: 0.004085029000634677
L: 0.50, u_super: 0.00235, sec: 126.856, prod: 0.052009, t_ads: 82.2, t_des: 72.2, bed_util_ads: 0.498, bed_util_des: 0.498, des_th: 0.4978494743838837,frac_lost: 0.105, li_recovered:  8.028, time: 0.005246523000096204
L: 0.50, u_super: 0.00072 — INFEASIBLE (li_recovered=0.000e+00), time: 0.0020860829990851926
L: 0.50, u_super: 0.00596, sec: 332.169, prod: 0.134478, t_ads: 32.6, t_des: 30.9, bed_util_ads: 0.493, bed_util_des: 0.493, des_th: 0.49273384106332385,frac_lost: 0.102, li_recovered:  8.528, time: 0.0036222449998604134
L: 0.50, u_super: 0.00014 — INFEASIBLE (li_recovered=0.000e+00), time: 0.001163950000773184
L: 0.50, u_super: 0.00083 — INFEASIBLE (li_recovered=0.000e+00), time: 0.0023305469985643867
L: 0.50, u_super: 0.00611, sec: 799.792, prod: 0.058766, t_ads: 31.9, t_des: 116.7, bed_util_ads: 0.330, bed_util_des: 0.328, des_th: 0.3276095416721124,frac_lost: 0.102, li_recovered:  8.737, time: 0.0078217370009952
   138 |     5520 |     40 |  0.0030832267 |             f
L: 0.50, u_super: 0.00595, sec: 330.586, prod: 0.134600, t_ads: 32.6, t_des: 29.2, bed_util_ads: 0.500, bed_util_des: 0.500, des_th: 0.4999422080695871,frac_lost: 0.101, li_recovered:  8.318, time: 0.004054983000969514
L: 0.50, u_super: 0.00401, sec: 217.973, prod: 0.090035, t_ads: 48.5, t_des: 43.9, bed_util_ads: 0.497, bed_util_des: 0.497, des_th: 0.4970628393022985,frac_lost: 0.105, li_recovered:  8.319, time: 0.004843124999752035
L: 0.50, u_super: 0.00048, sec: 62.931, prod: 0.004201, t_ads: 408.6, t_des: 1616.2, bed_util_ads: 0.291, bed_util_des: 0.261, des_th: 0.2608834532015559,frac_lost: 0.104, li_recovered:  8.505, time: 0.010380574000009801
L: 0.50, u_super: 0.00990, sec: 576.815, prod: 0.224499, t_ads: 19.7, t_des: 17.9, bed_util_ads: 0.500, bed_util_des: 0.500, des_th: 0.4997187237741801,frac_lost: 0.105, li_recovered:  8.456, time: 0.004677535000155331
L: 0.50, u_super: 0.00215, sec: 118.242, prod: 0.046645, t_ads: 89.7, t_des: 91.6, bed_util_ads: 0.478, bed_util_des: 0.477, des_th: 0.4765934717003627,frac_lost: 0.105, li_recovered:  8.456, time: 0.005191238000406884
L: 0.50, u_super: 0.00211, sec: 114.312, prod: 0.046506, t_ads: 91.4, t_des: 79.6, bed_util_ads: 0.498, bed_util_des: 0.498, des_th: 0.49787060100753133,frac_lost: 0.107, li_recovered:  7.955, time: 0.004024194000521675
L: 0.50, u_super: 0.00568, sec: 314.397, prod: 0.128510, t_ads: 34.1, t_des: 31.6, bed_util_ads: 0.496, bed_util_des: 0.495, des_th: 0.49543668464465795,frac_lost: 0.101, li_recovered:  8.444, time: 0.003642842999397544
L: 0.50, u_super: 0.00754, sec: 426.362, prod: 0.170817, t_ads: 25.8, t_des: 23.3, bed_util_ads: 0.499, bed_util_des: 0.499, des_th: 0.4986595527689381,frac_lost: 0.102, li_recovered:  8.378, time: 0.0044372089996613795
L: 0.50, u_super: 0.00590, sec: 327.654, prod: 0.133424, t_ads: 32.9, t_des: 29.5, bed_util_ads: 0.500, bed_util_des: 0.499, des_th: 0.4994514379320811,frac_lost: 0.102, li_recovered:  8.318, time: 0.004387344999486231
L: 5.92, u_super: 0.00423 — INFEASIBLE (li_recovered=0.000e+00), time: 0.0026254360000166344
L: 51.21, u_super: 0.00460 — INFEASIBLE (li_recovered=0.000e+00), time: 0.0007448559990734793
L: 0.50, u_super: 0.00936, sec: 541.498, prod: 0.212124, t_ads: 20.9, t_des: 19.2, bed_util_ads: 0.497, bed_util_des: 0.497, des_th: 0.4970635682343216,frac_lost: 0.104, li_recovered:  8.491, time: 0.006673991001662216
L: 0.50, u_super: 0.00900, sec: 574.766, prod: 0.183984, t_ads: 21.7, t_des: 25.7, bed_util_ads: 0.465, bed_util_des: 0.465, des_th: 0.46508340053665986,frac_lost: 0.103, li_recovered:  8.711, time: 0.005303748999722302
L: 0.50, u_super: 0.00156, sec: 85.469, prod: 0.033767, t_ads: 122.9, t_des: 104.6, bed_util_ads: 0.499, bed_util_des: 0.498, des_th: 0.49831812828632577,frac_lost: 0.108, li_recovered:  7.682, time: 0.004601079001076869
L: 0.50, u_super: 0.00023 — INFEASIBLE (li_recovered=0.000e+00), time: 0.0020459360002860194
L: 4.30, u_super: 0.00684 — INFEASIBLE (li_recovered=0.000e+00), time: 0.0024769429983280133
L: 0.50, u_super: 0.00310, sec: 176.320, prod: 0.065964, t_ads: 62.7, t_des: 67.4, bed_util_ads: 0.474, bed_util_des: 0.473, des_th: 0.4733977521214997,frac_lost: 0.107, li_recovered:  8.579, time: 0.00543741600085923
L: 0.50, u_super: 0.00014, sec: 10.915, prod: 0.002208, t_ads: 1163.6, t_des: 1729.9, bed_util_ads: 0.338, bed_util_des: 0.310, des_th: 0.31006100961740535,frac_lost: 0.102, li_recovered:  6.389, time: 0.00612716400064528
L: 29.79, u_super: 0.00031 — INFEASIBLE (li_recovered=0.000e+00), time: 0.000798897999629844
L: 0.50, u_super: 0.00285, sec: 153.309, prod: 0.063713, t_ads: 67.7, t_des: 63.3, bed_util_ads: 0.492, bed_util_des: 0.492, des_th: 0.49168334850625717,frac_lost: 0.102, li_recovered:  8.347, time: 0.004592445000525913
L: 0.50, u_super: 0.00467, sec: 255.629, prod: 0.105096, t_ads: 41.7, t_des: 37.7, bed_util_ads: 0.498, bed_util_des: 0.498, des_th: 0.49779223139742473,frac_lost: 0.105, li_recovered:  8.340, time: 0.005019821001042146
L: 0.50, u_super: 0.00744, sec: 421.716, prod: 0.167966, t_ads: 26.4, t_des: 23.6, bed_util_ads: 0.500, bed_util_des: 0.500, des_th: 0.4998689753637263,frac_lost: 0.109, li_recovered:  8.392, time: 0.008060535001277458
L: 26.90, u_super: 0.00684 — INFEASIBLE (li_recovered=0.000e+00), time: 0.0015753440002299612
L: 0.50, u_super: 0.00068 — INFEASIBLE (li_recovered=0.000e+00), time: 0.002577408000433934
L: 0.50, u_super: 0.00436, sec: 238.501, prod: 0.098032, t_ads: 44.6, t_des: 39.8, bed_util_ads: 0.499, bed_util_des: 0.499, des_th: 0.4985372576909572,frac_lost: 0.105, li_recovered:  8.271, time: 0.004872733999945922
L: 0.50, u_super: 0.00611, sec: 383.516, prod: 0.122603, t_ads: 32.0, t_des: 38.8, bed_util_ads: 0.462, bed_util_des: 0.461, des_th: 0.4611573207963847,frac_lost: 0.107, li_recovered:  8.687, time: 0.0052017149992025224
L: 6.93, u_super: 0.00315 — INFEASIBLE (li_recovered=0.000e+00), time: 0.0013824130001012236
L: 0.50, u_super: 0.00724, sec: 407.892, prod: 0.164199, t_ads: 26.8, t_des: 24.2, bed_util_ads: 0.499, bed_util_des: 0.499, des_th: 0.4989768458097262,frac_lost: 0.100, li_recovered:  8.379, time: 0.0051089580010739155
L: 0.50, u_super: 0.00212, sec: 114.946, prod: 0.046752, t_ads: 90.1, t_des: 78.1, bed_util_ads: 0.499, bed_util_des: 0.498, des_th: 0.4985372576909572,frac_lost: 0.100, li_recovered:  7.864, time: 0.004449000000022352
L: 0.50, u_super: 0.00526, sec: 289.892, prod: 0.118832, t_ads: 36.9, t_des: 33.9, bed_util_ads: 0.496, bed_util_des: 0.495, des_th: 0.49530968728345576,frac_lost: 0.103, li_recovered:  8.412, time: 0.005407328999353922
L: 0.50, u_super: 0.00358, sec: 201.699, prod: 0.077488, t_ads: 54.3, t_des: 56.6, bed_util_ads: 0.479, bed_util_des: 0.478, des_th: 0.47819829302948974,frac_lost: 0.106, li_recovered:  8.594, time: 0.004939575001117191
L: 0.50, u_super: 0.00822, sec: 468.172, prod: 0.186438, t_ads: 23.6, t_des: 21.3, bed_util_ads: 0.500, bed_util_des: 0.500, des_th: 0.49975948166833584,frac_lost: 0.100, li_recovered:  8.385, time: 0.004975924000973464
L: 50.32, u_super: 0.00611 — INFEASIBLE (li_recovered=0.000e+00), time: 0.00130359899958421
L: 0.50, u_super: 0.00847, sec: 489.068, prod: 0.190489, t_ads: 23.0, t_des: 22.2, bed_util_ads: 0.492, bed_util_des: 0.492, des_th: 0.4918670941885265,frac_lost: 0.105, li_recovered:  8.610, time: 0.006150208000690327
L: 0.50, u_super: 0.00782, sec: 443.725, prod: 0.177412, t_ads: 24.8, t_des: 22.4, bed_util_ads: 0.500, bed_util_des: 0.500, des_th: 0.49960094526995347,frac_lost: 0.101, li_recovered:  8.382, time: 0.005049842000516946
L: 0.50, u_super: 0.00492, sec: 270.251, prod: 0.111021, t_ads: 39.5, t_des: 35.7, bed_util_ads: 0.497, bed_util_des: 0.497, des_th: 0.4970628393022985,frac_lost: 0.103, li_recovered:  8.344, time: 0.005308776000674698
L: 0.50, u_super: 0.00159, sec: 85.883, prod: 0.034755, t_ads: 120.7, t_des: 106.9, bed_util_ads: 0.494, bed_util_des: 0.493, des_th: 0.493543157986201,frac_lost: 0.107, li_recovered:  7.913, time: 0.0038287400002445793
L: 0.50, u_super: 0.00739, sec: 417.181, prod: 0.167736, t_ads: 26.2, t_des: 24.0, bed_util_ads: 0.498, bed_util_des: 0.498, des_th: 0.49828542534356296,frac_lost: 0.101, li_recovered:  8.431, time: 0.006753261999620008
L: 0.50, u_super: 0.00771, sec: 438.427, prod: 0.174067, t_ads: 25.5, t_des: 23.1, bed_util_ads: 0.500, bed_util_des: 0.500, des_th: 0.49960094526995347,frac_lost: 0.109, li_recovered:  8.448, time: 0.0048563470008957665
L: 0.50, u_super: 0.00758, sec: 441.952, prod: 0.166589, t_ads: 25.9, t_des: 26.2, bed_util_ads: 0.484, bed_util_des: 0.484, des_th: 0.48393240788143826,frac_lost: 0.108, li_recovered:  8.674, time: 0.005733108000640641
   139 |     5560 |     40 |  0.0022185827 |             f
L: 0.50, u_super: 0.00429, sec: 234.437, prod: 0.096404, t_ads: 45.3, t_des: 40.4, bed_util_ads: 0.500, bed_util_des: 0.499, des_th: 0.4994514379320811,frac_lost: 0.105, li_recovered:  8.262, time: 0.006562968999787699
L: 0.50, u_super: 0.00385, sec: 209.654, prod: 0.086156, t_ads: 50.6, t_des: 44.7, bed_util_ads: 0.500, bed_util_des: 0.500, des_th: 0.49989347512847443,frac_lost: 0.107, li_recovered:  8.213, time: 0.0059080050014017615
L: 2.79, u_super: 0.00435 — INFEASIBLE (li_recovered=0.000e+00), time: 0.003610878999097622
L: 47.59, u_super: 0.00990 — INFEASIBLE (li_recovered=0.000e+00), time: 0.0012269649996596854
L: 0.50, u_super: 0.00827, sec: 473.100, prod: 0.187186, t_ads: 23.6, t_des: 21.7, bed_util_ads: 0.497, bed_util_des: 0.497, des_th: 0.4970628393022985,frac_lost: 0.106, li_recovered:  8.486, time: 0.006575732000783319
L: 0.50, u_super: 0.00021, sec: 14.506, prod: 0.003586, t_ads: 798.8, t_des: 1037.9, bed_util_ads: 0.381, bed_util_des: 0.365, des_th: 0.36521596775805776,frac_lost: 0.101, li_recovered:  6.587, time: 0.005945208000412094
L: 0.50, u_super: 0.00679, sec: 390.920, prod: 0.149663, t_ads: 28.6, t_des: 29.3, bed_util_ads: 0.483, bed_util_des: 0.483, des_th: 0.48275038886009985,frac_lost: 0.100, li_recovered:  8.656, time: 0.00587397500021325
L: 0.50, u_super: 0.00938, sec: 543.122, prod: 0.212640, t_ads: 20.8, t_des: 19.1, bed_util_ads: 0.497, bed_util_des: 0.497, des_th: 0.4970635682343216,frac_lost: 0.104, li_recovered:  8.488, time: 0.0061456530002033105
L: 0.50, u_super: 0.00400, sec: 221.545, prod: 0.088148, t_ads: 48.7, t_des: 48.7, bed_util_ads: 0.485, bed_util_des: 0.484, des_th: 0.4842589776805567,frac_lost: 0.105, li_recovered:  8.578, time: 0.0053189400005067
L: 0.50, u_super: 0.00075, sec: 46.424, prod: 0.014035, t_ads: 251.4, t_des: 324.0, bed_util_ads: 0.434, bed_util_des: 0.428, des_th: 0.4282511684054139,frac_lost: 0.102, li_recovered:  8.076, time: 0.006356331999995746
L: 0.50, u_super: 0.00116, sec: 104.346, prod: 0.015096, t_ads: 166.2, t_des: 396.5, bed_util_ads: 0.366, bed_util_des: 0.357, des_th: 0.35666777696446483,frac_lost: 0.101, li_recovered:  8.494, time: 0.010139396999875316
L: 0.50, u_super: 0.00681, sec: 400.279, prod: 0.147292, t_ads: 28.5, t_des: 30.4, bed_util_ads: 0.478, bed_util_des: 0.478, des_th: 0.4780523423862289,frac_lost: 0.101, li_recovered:  8.676, time: 0.006930816000021878
L: 0.50, u_super: 0.00636, sec: 354.911, prod: 0.143797, t_ads: 30.5, t_des: 27.3, bed_util_ads: 0.500, bed_util_des: 0.500, des_th: 0.49952095824796533,frac_lost: 0.102, li_recovered:  8.319, time: 0.004258712000591913
L: 0.50, u_super: 0.00568, sec: 355.668, prod: 0.113598, t_ads: 34.1, t_des: 42.2, bed_util_ads: 0.459, bed_util_des: 0.459, des_th: 0.4586148724946571,frac_lost: 0.101, li_recovered:  8.673, time: 0.007660160999876098
L: 0.50, u_super: 0.00467, sec: 255.561, prod: 0.105123, t_ads: 41.6, t_des: 37.6, bed_util_ads: 0.498, bed_util_des: 0.498, des_th: 0.4977953432959117,frac_lost: 0.104, li_recovered:  8.331, time: 0.004949197000314598
L: 0.50, u_super: 0.00802, sec: 457.384, prod: 0.181217, t_ads: 24.4, t_des: 22.4, bed_util_ads: 0.498, bed_util_des: 0.498, des_th: 0.4978494743838837,frac_lost: 0.107, li_recovered:  8.489, time: 0.006123025001215865
L: 0.50, u_super: 0.00804, sec: 458.943, prod: 0.181957, t_ads: 24.3, t_des: 21.8, bed_util_ads: 0.500, bed_util_des: 0.500, des_th: 0.4997275809196764,frac_lost: 0.106, li_recovered:  8.385, time: 0.004489246000957792
L: 0.50, u_super: 0.00496, sec: 272.345, prod: 0.111862, t_ads: 39.2, t_des: 35.8, bed_util_ads: 0.497, bed_util_des: 0.497, des_th: 0.4970628393022985,frac_lost: 0.104, li_recovered:  8.387, time: 0.0058223110008839285
L: 19.93, u_super: 0.00256 — INFEASIBLE (li_recovered=0.000e+00), time: 0.0018834920010704082
L: 16.05, u_super: 0.00672 — INFEASIBLE (li_recovered=0.000e+00), time: 0.0022108230004960205
L: 9.35, u_super: 0.00351 — INFEASIBLE (li_recovered=0.000e+00), time: 0.001854100999480579
L: 0.50, u_super: 0.00899, sec: 519.413, prod: 0.203423, t_ads: 21.8, t_des: 19.9, bed_util_ads: 0.498, bed_util_des: 0.498, des_th: 0.49787060100753133,frac_lost: 0.108, li_recovered:  8.490, time: 0.005777545000455575
L: 0.50, u_super: 0.00014, sec: 10.597, prod: 0.002274, t_ads: 1105.6, t_des: 1460.3, bed_util_ads: 0.351, bed_util_des: 0.331, des_th: 0.33085822483837457,frac_lost: 0.102, li_recovered:  5.835, time: 0.007633105000422802
L: 0.50, u_super: 0.00387, sec: 210.765, prod: 0.086934, t_ads: 50.2, t_des: 45.0, bed_util_ads: 0.499, bed_util_des: 0.498, des_th: 0.498401464298404,frac_lost: 0.106, li_recovered:  8.273, time: 0.006886512999699335
L: 0.50, u_super: 0.00875, sec: 505.347, prod: 0.197378, t_ads: 22.4, t_des: 21.0, bed_util_ads: 0.494, bed_util_des: 0.494, des_th: 0.4939180205068239,frac_lost: 0.107, li_recovered:  8.570, time: 0.006917734999660752
L: 0.50, u_super: 0.00522, sec: 287.926, prod: 0.117540, t_ads: 37.2, t_des: 32.9, bed_util_ads: 0.500, bed_util_des: 0.500, des_th: 0.4999908746791397,frac_lost: 0.102, li_recovered:  8.241, time: 0.007245671999044134
L: 0.50, u_super: 0.00281, sec: 151.335, prod: 0.062910, t_ads: 68.5, t_des: 64.0, bed_util_ads: 0.492, bed_util_des: 0.492, des_th: 0.49168334850625717,frac_lost: 0.102, li_recovered:  8.338, time: 0.00802371600002516
L: 0.50, u_super: 0.00118, sec: 65.814, prod: 0.024854, t_ads: 160.5, t_des: 170.9, bed_util_ads: 0.466, bed_util_des: 0.464, des_th: 0.4636714245982177,frac_lost: 0.100, li_recovered:  8.236, time: 0.005786289000752731
L: 0.50, u_super: 0.00217, sec: 116.686, prod: 0.048133, t_ads: 89.1, t_des: 81.2, bed_util_ads: 0.492, bed_util_des: 0.492, des_th: 0.4917839421760513,frac_lost: 0.107, li_recovered:  8.194, time: 0.0075236480006424244
L: 0.50, u_super: 0.00096 — INFEASIBLE (li_recovered=0.000e+00), time: 0.0030264630004239734
L: 0.50, u_super: 0.00253, sec: 137.486, prod: 0.056031, t_ads: 76.2, t_des: 66.0, bed_util_ads: 0.500, bed_util_des: 0.499, des_th: 0.4994984186031966,frac_lost: 0.105, li_recovered:  7.968, time: 0.004565905001072679
L: 0.50, u_super: 0.00107, sec: 59.881, prod: 0.022491, t_ads: 175.5, t_des: 146.9, bed_util_ads: 0.495, bed_util_des: 0.495, des_th: 0.4951205846383735,frac_lost: 0.102, li_recovered:  7.251, time: 0.008229371000197716
L: 0.50, u_super: 0.00351, sec: 190.853, prod: 0.078655, t_ads: 55.4, t_des: 49.4, bed_util_ads: 0.498, bed_util_des: 0.498, des_th: 0.4981601818848386,frac_lost: 0.108, li_recovered:  8.241, time: 0.005692483000530046
L: 79.54, u_super: 0.00247 — INFEASIBLE (li_recovered=0.000e+00), time: 0.0009181400000670692
L: 0.50, u_super: 0.00705, sec: 396.504, prod: 0.159508, t_ads: 27.5, t_des: 24.6, bed_util_ads: 0.500, bed_util_des: 0.500, des_th: 0.4998871040612565,frac_lost: 0.101, li_recovered:  8.308, time: 0.006747863000782672
L: 0.50, u_super: 0.00435, sec: 237.635, prod: 0.097865, t_ads: 44.7, t_des: 40.4, bed_util_ads: 0.498, bed_util_des: 0.498, des_th: 0.49775711696235575,frac_lost: 0.105, li_recovered:  8.328, time: 0.006668693999017705
L: 0.50, u_super: 0.00912, sec: 526.483, prod: 0.206535, t_ads: 21.4, t_des: 19.4, bed_util_ads: 0.500, bed_util_des: 0.500, des_th: 0.4996463860577008,frac_lost: 0.106, li_recovered:  8.445, time: 0.004832717999306624
L: 30.16, u_super: 0.00111 — INFEASIBLE (li_recovered=0.000e+00), time: 0.0012185920004412765
L: 0.50, u_super: 0.00684, sec: 383.908, prod: 0.155004, t_ads: 28.4, t_des: 25.6, bed_util_ads: 0.500, bed_util_des: 0.499, des_th: 0.4994794761842304,frac_lost: 0.102, li_recovered:  8.369, time: 0.004506859000684926
L: 0.50, u_super: 0.00654, sec: 416.089, prod: 0.130042, t_ads: 29.9, t_des: 37.0, bed_util_ads: 0.459, bed_util_des: 0.458, des_th: 0.45831582942363264,frac_lost: 0.105, li_recovered:  8.691, time: 0.005795160999696236
   140 |     5600 |     40 |  0.0038904147 |             f
L: 0.50, u_super: 0.00190, sec: 102.423, prod: 0.041681, t_ads: 100.7, t_des: 88.2, bed_util_ads: 0.496, bed_util_des: 0.495, des_th: 0.49542071357682627,frac_lost: 0.101, li_recovered:  7.877, time: 0.005316052000125637
L: 0.50, u_super: 0.00045 — INFEASIBLE (li_recovered=0.000e+00), time: 0.0032393599994975375
L: 0.50, u_super: 0.00754, sec: 428.510, prod: 0.169961, t_ads: 25.9, t_des: 24.4, bed_util_ads: 0.494, bed_util_des: 0.494, des_th: 0.49375494281242915,frac_lost: 0.106, li_recovered:  8.553, time: 0.005143129999851226
L: 0.50, u_super: 0.00657, sec: 366.929, prod: 0.148870, t_ads: 29.5, t_des: 27.0, bed_util_ads: 0.496, bed_util_des: 0.496, des_th: 0.4962614810164083,frac_lost: 0.100, li_recovered:  8.417, time: 0.007647501999599626
L: 0.50, u_super: 0.00464, sec: 254.421, prod: 0.104570, t_ads: 41.9, t_des: 37.8, bed_util_ads: 0.498, bed_util_des: 0.498, des_th: 0.4981601818848386,frac_lost: 0.105, li_recovered:  8.329, time: 0.005762022001363221
L: 1.88, u_super: 0.00436, sec: 1170.719, prod: 0.075011, t_ads: 165.2, t_des: 254.3, bed_util_ads: 0.419, bed_util_des: 0.413, des_th: 0.41342877199626893,frac_lost: 0.104, li_recovered:  31.467, time: 0.005731093000576948
L: 3.50, u_super: 0.00172 — INFEASIBLE (li_recovered=0.000e+00), time: 0.0019300910007586936
L: 0.50, u_super: 0.00979, sec: 569.931, prod: 0.221905, t_ads: 19.9, t_des: 18.4, bed_util_ads: 0.498, bed_util_des: 0.498, des_th: 0.4976144038513586,frac_lost: 0.105, li_recovered:  8.508, time: 0.005200108000281034
L: 0.50, u_super: 0.00768, sec: 434.903, prod: 0.174236, t_ads: 25.3, t_des: 23.4, bed_util_ads: 0.496, bed_util_des: 0.495, des_th: 0.4953981506611078,frac_lost: 0.100, li_recovered:  8.475, time: 0.006884510999952909
L: 0.50, u_super: 0.00827, sec: 471.706, prod: 0.187739, t_ads: 23.5, t_des: 21.2, bed_util_ads: 0.499, bed_util_des: 0.499, des_th: 0.49874079225586254,frac_lost: 0.100, li_recovered:  8.381, time: 0.004165747001025011
L: 0.50, u_super: 0.00568, sec: 314.476, prod: 0.128395, t_ads: 34.2, t_des: 31.7, bed_util_ads: 0.496, bed_util_des: 0.495, des_th: 0.49543668464465795,frac_lost: 0.102, li_recovered:  8.459, time: 0.00504064000051585
L: 0.50, u_super: 0.00986, sec: 1283.132, prod: 0.100119, t_ads: 19.9, t_des: 67.5, bed_util_ads: 0.339, bed_util_des: 0.338, des_th: 0.33786688684273264,frac_lost: 0.106, li_recovered:  8.754, time: 0.010732931999882567
L: 0.50, u_super: 0.00285, sec: 154.472, prod: 0.063233, t_ads: 67.7, t_des: 66.1, bed_util_ads: 0.486, bed_util_des: 0.485, des_th: 0.4851833965163658,frac_lost: 0.102, li_recovered:  8.460, time: 0.003944758000216098
L: 0.50, u_super: 0.00107, sec: 59.881, prod: 0.022491, t_ads: 175.5, t_des: 146.9, bed_util_ads: 0.495, bed_util_des: 0.495, des_th: 0.4951205846383735,frac_lost: 0.102, li_recovered:  7.251, time: 0.004211081000903505
L: 0.50, u_super: 0.00135, sec: 75.262, prod: 0.028669, t_ads: 140.0, t_des: 115.8, bed_util_ads: 0.498, bed_util_des: 0.498, des_th: 0.49844064841129027,frac_lost: 0.102, li_recovered:  7.334, time: 0.004454649999388494
L: 0.50, u_super: 0.00315, sec: 169.929, prod: 0.070691, t_ads: 61.2, t_des: 57.0, bed_util_ads: 0.492, bed_util_des: 0.492, des_th: 0.49168334850625717,frac_lost: 0.101, li_recovered:  8.352, time: 0.004563966998830438
L: 0.50, u_super: 0.00158, sec: 86.167, prod: 0.034411, t_ads: 120.8, t_des: 104.4, bed_util_ads: 0.496, bed_util_des: 0.495, des_th: 0.49539367728835304,frac_lost: 0.105, li_recovered:  7.750, time: 0.003997060999608948
L: 15.44, u_super: 0.00676 — INFEASIBLE (li_recovered=0.000e+00), time: 0.0017198989989992697
L: 0.50, u_super: 0.00467, sec: 255.824, prod: 0.105192, t_ads: 41.6, t_des: 37.6, bed_util_ads: 0.498, bed_util_des: 0.498, des_th: 0.497786622608281,frac_lost: 0.104, li_recovered:  8.339, time: 0.0036731149994011503
L: 0.50, u_super: 0.00628, sec: 351.460, prod: 0.141646, t_ads: 30.9, t_des: 29.3, bed_util_ads: 0.492, bed_util_des: 0.492, des_th: 0.4918870202040907,frac_lost: 0.103, li_recovered:  8.537, time: 0.0040818399993440835
L: 0.50, u_super: 0.00135, sec: 74.124, prod: 0.029110, t_ads: 141.4, t_des: 142.6, bed_util_ads: 0.475, bed_util_des: 0.474, des_th: 0.4738749940179406,frac_lost: 0.106, li_recovered:  8.268, time: 0.004634928998711985
L: 0.50, u_super: 0.00787, sec: 446.414, prod: 0.178457, t_ads: 24.7, t_des: 22.6, bed_util_ads: 0.498, bed_util_des: 0.498, des_th: 0.49828542534356296,frac_lost: 0.101, li_recovered:  8.435, time: 0.003685158999360283
L: 0.50, u_super: 0.00686, sec: 389.434, prod: 0.153776, t_ads: 28.5, t_des: 27.4, bed_util_ads: 0.491, bed_util_des: 0.491, des_th: 0.4907954753962891,frac_lost: 0.107, li_recovered:  8.600, time: 0.0038006149989087135
L: 0.50, u_super: 0.00457, sec: 250.409, prod: 0.102952, t_ads: 42.5, t_des: 38.4, bed_util_ads: 0.498, bed_util_des: 0.498, des_th: 0.4977953432959117,frac_lost: 0.105, li_recovered:  8.331, time: 0.004131202000280609
L: 0.50, u_super: 0.00827, sec: 473.200, prod: 0.187146, t_ads: 23.6, t_des: 21.8, bed_util_ads: 0.497, bed_util_des: 0.497, des_th: 0.4970628393022985,frac_lost: 0.106, li_recovered:  8.495, time: 0.0037120279994269367
L: 0.50, u_super: 0.00623, sec: 359.253, prod: 0.135967, t_ads: 31.1, t_des: 32.5, bed_util_ads: 0.481, bed_util_des: 0.480, des_th: 0.4804288109211889,frac_lost: 0.100, li_recovered:  8.658, time: 0.0038158039988047676
L: 0.50, u_super: 0.00253, sec: 137.368, prod: 0.056079, t_ads: 76.1, t_des: 66.0, bed_util_ads: 0.500, bed_util_des: 0.500, des_th: 0.49993944524438916,frac_lost: 0.104, li_recovered:  7.966, time: 0.005785864999779733
L: 4.11, u_super: 0.00716 — INFEASIBLE (li_recovered=0.000e+00), time: 0.0020680999987234827
L: 0.50, u_super: 0.00073, sec: 40.449, prod: 0.015381, t_ads: 255.1, t_des: 241.4, bed_util_ads: 0.473, bed_util_des: 0.471, des_th: 0.47154438886906547,frac_lost: 0.105, li_recovered:  7.638, time: 0.0038234740004554624
L: 0.50, u_super: 0.00636, sec: 354.886, prod: 0.143889, t_ads: 30.5, t_des: 27.3, bed_util_ads: 0.500, bed_util_des: 0.499, des_th: 0.4994514379320811,frac_lost: 0.101, li_recovered:  8.316, time: 0.005205388999456773
L: 0.50, u_super: 0.00018 — INFEASIBLE (li_recovered=0.000e+00), time: 0.0017638799999986077
L: 0.50, u_super: 0.00763, sec: 433.684, prod: 0.172452, t_ads: 25.7, t_des: 23.5, bed_util_ads: 0.498, bed_util_des: 0.498, des_th: 0.4978582270984672,frac_lost: 0.108, li_recovered:  8.478, time: 0.005481579999468522
L: 0.50, u_super: 0.00429, sec: 234.596, prod: 0.096339, t_ads: 45.4, t_des: 40.4, bed_util_ads: 0.500, bed_util_des: 0.499, des_th: 0.4994514379320811,frac_lost: 0.107, li_recovered:  8.271, time: 0.004981220001354814
L: 0.50, u_super: 0.00821, sec: 482.718, prod: 0.180655, t_ads: 23.8, t_des: 24.2, bed_util_ads: 0.485, bed_util_des: 0.485, des_th: 0.48457710428485806,frac_lost: 0.107, li_recovered:  8.681, time: 0.004117504999157973
L: 1.18, u_super: 0.00603, sec: 800.231, prod: 0.134561, t_ads: 75.1, t_des: 67.7, bed_util_ads: 0.496, bed_util_des: 0.495, des_th: 0.49543668464465795,frac_lost: 0.103, li_recovered:  19.221, time: 0.00491915800012066
L: 0.50, u_super: 0.00705, sec: 438.459, prod: 0.144379, t_ads: 27.8, t_des: 32.4, bed_util_ads: 0.466, bed_util_des: 0.466, des_th: 0.4659688945132538,frac_lost: 0.108, li_recovered:  8.698, time: 0.004862231000515749
L: 0.50, u_super: 0.00202, sec: 108.872, prod: 0.044707, t_ads: 94.7, t_des: 84.0, bed_util_ads: 0.495, bed_util_des: 0.495, des_th: 0.4951217448601502,frac_lost: 0.101, li_recovered:  7.990, time: 0.004115516001547803
L: 41.89, u_super: 0.00351 — INFEASIBLE (li_recovered=0.000e+00), time: 0.0011411499999667285
L: 0.50, u_super: 0.00990, sec: 576.640, prod: 0.224567, t_ads: 19.7, t_des: 17.7, bed_util_ads: 0.500, bed_util_des: 0.500, des_th: 0.4996087595041218,frac_lost: 0.104, li_recovered:  8.411, time: 0.006809415001043817
L: 0.50, u_super: 0.00159, sec: 85.891, prod: 0.034752, t_ads: 120.7, t_des: 106.8, bed_util_ads: 0.494, bed_util_des: 0.494, des_th: 0.49363609353859866,frac_lost: 0.107, li_recovered:  7.908, time: 0.0057710290002432885
   141 |     5640 |     40 |  0.0016430299 |             f
L: 0.79, u_super: 0.00470, sec: 418.732, prod: 0.103053, t_ads: 64.7, t_des: 66.0, bed_util_ads: 0.480, bed_util_des: 0.480, des_th: 0.47958122577748025,frac_lost: 0.100, li_recovered:  13.471, time: 0.006465097001637332
L: 0.50, u_super: 0.00290, sec: 156.992, prod: 0.064629, t_ads: 66.5, t_des: 58.4, bed_util_ads: 0.500, bed_util_des: 0.499, des_th: 0.4994514379320811,frac_lost: 0.103, li_recovered:  8.072, time: 0.007479545000023791
L: 0.50, u_super: 0.00724, sec: 792.889, prod: 0.084538, t_ads: 26.9, t_des: 76.4, bed_util_ads: 0.359, bed_util_des: 0.357, des_th: 0.35703153904786034,frac_lost: 0.100, li_recovered:  8.730, time: 0.00943467799879727
L: 0.50, u_super: 0.00611, sec: 342.780, prod: 0.137116, t_ads: 31.8, t_des: 30.8, bed_util_ads: 0.490, bed_util_des: 0.490, des_th: 0.4902012014672611,frac_lost: 0.103, li_recovered:  8.580, time: 0.005906513999434537
L: 0.50, u_super: 0.00902, sec: 520.419, prod: 0.204437, t_ads: 21.7, t_des: 19.7, bed_util_ads: 0.500, bed_util_des: 0.500, des_th: 0.4997273377392546,frac_lost: 0.106, li_recovered:  8.448, time: 0.006193883000378264
L: 0.50, u_super: 0.00535, sec: 294.596, prod: 0.120836, t_ads: 36.3, t_des: 32.9, bed_util_ads: 0.498, bed_util_des: 0.498, des_th: 0.4976368532450532,frac_lost: 0.101, li_recovered:  8.360, time: 0.004054558999996516
L: 0.50, u_super: 0.00893, sec: 514.281, prod: 0.202172, t_ads: 21.9, t_des: 19.9, bed_util_ads: 0.498, bed_util_des: 0.498, des_th: 0.49828542534356296,frac_lost: 0.106, li_recovered:  8.451, time: 0.005072310001196456
L: 0.50, u_super: 0.00569, sec: 314.837, prod: 0.128631, t_ads: 34.1, t_des: 31.4, bed_util_ads: 0.496, bed_util_des: 0.495, des_th: 0.49543668464465795,frac_lost: 0.102, li_recovered:  8.424, time: 0.003960388999985298
L: 1.70, u_super: 0.00362 — INFEASIBLE (li_recovered=0.000e+00), time: 0.0028717160002997844
L: 0.50, u_super: 0.00272, sec: 146.251, prod: 0.060886, t_ads: 70.7, t_des: 65.5, bed_util_ads: 0.492, bed_util_des: 0.492, des_th: 0.4916272051020497,frac_lost: 0.101, li_recovered:  8.291, time: 0.005421539999588276
L: 0.50, u_super: 0.00235, sec: 126.892, prod: 0.051994, t_ads: 82.2, t_des: 72.2, bed_util_ads: 0.498, bed_util_des: 0.498, des_th: 0.4978494743838837,frac_lost: 0.106, li_recovered:  8.028, time: 0.0044545920009113615
L: 20.79, u_super: 0.00704 — INFEASIBLE (li_recovered=0.000e+00), time: 0.0029034510007477365
L: 0.50, u_super: 0.00459, sec: 251.651, prod: 0.103308, t_ads: 42.4, t_des: 38.3, bed_util_ads: 0.498, bed_util_des: 0.498, des_th: 0.4981601818848386,frac_lost: 0.107, li_recovered:  8.337, time: 0.004910196001219447
L: 0.50, u_super: 0.00107, sec: 59.695, prod: 0.022408, t_ads: 178.1, t_des: 187.4, bed_util_ads: 0.466, bed_util_des: 0.464, des_th: 0.4636714245982177,frac_lost: 0.106, li_recovered:  8.191, time: 0.004588157999023679
L: 0.50, u_super: 0.00014, sec: 10.598, prod: 0.002274, t_ads: 1105.4, t_des: 1460.9, bed_util_ads: 0.351, bed_util_des: 0.331, des_th: 0.33085822483837457,frac_lost: 0.102, li_recovered:  5.836, time: 0.00452077400041162
L: 0.50, u_super: 0.00012 — INFEASIBLE (li_recovered=0.000e+00), time: 0.001298575998589513
L: 32.12, u_super: 0.00355 — INFEASIBLE (li_recovered=0.000e+00), time: 0.0013786710005661007
L: 2.72, u_super: 0.00619 — INFEASIBLE (li_recovered=0.000e+00), time: 0.002663117998963571
L: 0.50, u_super: 0.00838, sec: 478.095, prod: 0.190223, t_ads: 23.2, t_des: 21.1, bed_util_ads: 0.499, bed_util_des: 0.499, des_th: 0.49874079225586254,frac_lost: 0.100, li_recovered:  8.427, time: 0.004206148001685506
L: 0.50, u_super: 0.00990, sec: 576.974, prod: 0.224435, t_ads: 19.7, t_des: 17.7, bed_util_ads: 0.500, bed_util_des: 0.500, des_th: 0.4995853522874657,frac_lost: 0.105, li_recovered:  8.413, time: 0.005030481999710901
L: 0.50, u_super: 0.00804, sec: 459.310, prod: 0.181756, t_ads: 24.3, t_des: 22.6, bed_util_ads: 0.496, bed_util_des: 0.495, des_th: 0.49534943108866597,frac_lost: 0.106, li_recovered:  8.524, time: 0.003957254000852117
L: 0.50, u_super: 0.00416, sec: 227.177, prod: 0.093327, t_ads: 46.8, t_des: 41.7, bed_util_ads: 0.499, bed_util_des: 0.499, des_th: 0.499271249280818,frac_lost: 0.107, li_recovered:  8.262, time: 0.0033342770002491307
L: 0.50, u_super: 0.00031 — INFEASIBLE (li_recovered=0.000e+00), time: 0.001663029001065297
L: 0.50, u_super: 0.00014, sec: 10.631, prod: 0.002267, t_ads: 1115.9, t_des: 1504.3, bed_util_ads: 0.349, bed_util_des: 0.327, des_th: 0.32757709563375764,frac_lost: 0.102, li_recovered:  5.940, time: 0.004231353999784915
L: 0.50, u_super: 0.00985, sec: 574.000, prod: 0.223237, t_ads: 19.9, t_des: 18.0, bed_util_ads: 0.500, bed_util_des: 0.500, des_th: 0.4997275809196764,frac_lost: 0.106, li_recovered:  8.449, time: 0.006396713000867749
L: 0.50, u_super: 0.00079, sec: 43.352, prod: 0.016691, t_ads: 236.1, t_des: 229.8, bed_util_ads: 0.470, bed_util_des: 0.468, des_th: 0.4684344212132114,frac_lost: 0.100, li_recovered:  7.775, time: 0.004446668001037324
L: 0.50, u_super: 0.00537, sec: 296.445, prod: 0.121266, t_ads: 36.1, t_des: 32.3, bed_util_ads: 0.500, bed_util_des: 0.500, des_th: 0.4999928415129882,frac_lost: 0.102, li_recovered:  8.301, time: 0.006159604999993462
L: 0.50, u_super: 0.00827, sec: 472.495, prod: 0.187120, t_ads: 23.6, t_des: 21.2, bed_util_ads: 0.500, bed_util_des: 0.499, des_th: 0.4994476467705353,frac_lost: 0.105, li_recovered:  8.393, time: 0.00418393000109063
L: 0.50, u_super: 0.00733, sec: 415.188, prod: 0.165337, t_ads: 26.7, t_des: 24.8, bed_util_ads: 0.496, bed_util_des: 0.496, des_th: 0.49616886401242793,frac_lost: 0.108, li_recovered:  8.519, time: 0.007268676999956369
L: 37.05, u_super: 0.00832 — INFEASIBLE (li_recovered=0.000e+00), time: 0.002127851001205272
L: 0.50, u_super: 0.00492, sec: 270.142, prod: 0.111067, t_ads: 39.4, t_des: 35.7, bed_util_ads: 0.497, bed_util_des: 0.497, des_th: 0.4970628393022985,frac_lost: 0.102, li_recovered:  8.337, time: 0.005269405999570154
L: 0.50, u_super: 0.00562, sec: 310.934, prod: 0.126889, t_ads: 34.5, t_des: 31.0, bed_util_ads: 0.500, bed_util_des: 0.500, des_th: 0.49989343020590155,frac_lost: 0.102, li_recovered:  8.311, time: 0.004893981000350323
L: 0.50, u_super: 0.00956, sec: 595.347, prod: 0.202156, t_ads: 20.4, t_des: 22.7, bed_util_ads: 0.473, bed_util_des: 0.473, des_th: 0.47285643449047493,frac_lost: 0.103, li_recovered:  8.711, time: 0.004404367999086389
L: 0.50, u_super: 0.00577, sec: 344.331, prod: 0.121234, t_ads: 33.7, t_des: 37.8, bed_util_ads: 0.472, bed_util_des: 0.471, des_th: 0.47135331271387887,frac_lost: 0.103, li_recovered:  8.671, time: 0.00516040399998019
L: 0.50, u_super: 0.00159, sec: 89.732, prod: 0.033264, t_ads: 120.5, t_des: 131.7, bed_util_ads: 0.467, bed_util_des: 0.465, des_th: 0.465272740751949,frac_lost: 0.103, li_recovered:  8.392, time: 0.004597844999807421
L: 0.50, u_super: 0.00072, sec: 59.783, prod: 0.010214, t_ads: 264.6, t_des: 548.4, bed_util_ads: 0.374, bed_util_des: 0.361, des_th: 0.361106846246334,frac_lost: 0.104, li_recovered:  8.305, time: 0.008099921000393806
L: 0.50, u_super: 0.00286, sec: 154.039, prod: 0.063963, t_ads: 67.5, t_des: 63.0, bed_util_ads: 0.492, bed_util_des: 0.492, des_th: 0.49168334850625717,frac_lost: 0.103, li_recovered:  8.348, time: 0.004870290000326349
L: 0.50, u_super: 0.00880, sec: 506.827, prod: 0.198948, t_ads: 22.2, t_des: 20.7, bed_util_ads: 0.496, bed_util_des: 0.495, des_th: 0.49543668464465795,frac_lost: 0.106, li_recovered:  8.533, time: 0.006366551000610343
L: 0.50, u_super: 0.00757, sec: 429.354, prod: 0.170996, t_ads: 25.9, t_des: 23.1, bed_util_ads: 0.500, bed_util_des: 0.500, des_th: 0.49975882115483466,frac_lost: 0.107, li_recovered:  8.381, time: 0.0039288210009544855
L: 10.68, u_super: 0.00900 — INFEASIBLE (li_recovered=0.000e+00), time: 0.002016053998886491
   142 |     5680 |     40 |  0.0048455834 |             f
L: 0.50, u_super: 0.00370, sec: 201.149, prod: 0.083096, t_ads: 52.5, t_des: 48.0, bed_util_ads: 0.496, bed_util_des: 0.495, des_th: 0.49540293045129763,frac_lost: 0.107, li_recovered:  8.356, time: 0.004222588999255095
L: 0.50, u_super: 0.00629, sec: 350.951, prod: 0.142193, t_ads: 30.9, t_des: 27.6, bed_util_ads: 0.500, bed_util_des: 0.500, des_th: 0.4996728941345671,frac_lost: 0.102, li_recovered:  8.310, time: 0.004369405000034021
L: 0.50, u_super: 0.00097, sec: 53.165, prod: 0.020874, t_ads: 193.6, t_des: 177.1, bed_util_ads: 0.483, bed_util_des: 0.482, des_th: 0.4815908855784574,frac_lost: 0.104, li_recovered:  7.737, time: 0.004076171000633622
L: 0.50, u_super: 0.00315, sec: 169.955, prod: 0.070681, t_ads: 61.2, t_des: 57.2, bed_util_ads: 0.492, bed_util_des: 0.492, des_th: 0.49168334850625717,frac_lost: 0.101, li_recovered:  8.364, time: 0.004924795000988524
L: 55.24, u_super: 0.00790 — INFEASIBLE (li_recovered=0.000e+00), time: 0.0008597390005888883
L: 0.50, u_super: 0.00031, sec: 22.382, prod: 0.005134, t_ads: 577.8, t_des: 881.3, bed_util_ads: 0.383, bed_util_des: 0.365, des_th: 0.36521596775805776,frac_lost: 0.103, li_recovered:  7.490, time: 0.004568062999169342
L: 0.50, u_super: 0.00638, sec: 356.109, prod: 0.144188, t_ads: 30.5, t_des: 27.2, bed_util_ads: 0.500, bed_util_des: 0.499, des_th: 0.4994794761842304,frac_lost: 0.102, li_recovered:  8.321, time: 0.003976928999691154
L: 0.50, u_super: 0.00535, sec: 294.672, prod: 0.120805, t_ads: 36.3, t_des: 32.8, bed_util_ads: 0.498, bed_util_des: 0.498, des_th: 0.4976322679474702,frac_lost: 0.101, li_recovered:  8.348, time: 0.0037818450000486337
L: 0.50, u_super: 0.00684, sec: 383.966, prod: 0.154980, t_ads: 28.3, t_des: 25.3, bed_util_ads: 0.500, bed_util_des: 0.499, des_th: 0.49950044218122236,frac_lost: 0.100, li_recovered:  8.318, time: 0.0037621270003000973
L: 0.50, u_super: 0.00703, sec: 395.018, prod: 0.159307, t_ads: 27.6, t_des: 24.9, bed_util_ads: 0.500, bed_util_des: 0.499, des_th: 0.4994514379320811,frac_lost: 0.101, li_recovered:  8.372, time: 0.0036847120009042555
L: 0.50, u_super: 0.00844, sec: 483.971, prod: 0.191005, t_ads: 23.2, t_des: 21.2, bed_util_ads: 0.497, bed_util_des: 0.497, des_th: 0.49731362083006586,frac_lost: 0.107, li_recovered:  8.485, time: 0.005462536999402801
L: 0.50, u_super: 0.00552, sec: 304.936, prod: 0.124788, t_ads: 35.2, t_des: 32.2, bed_util_ads: 0.497, bed_util_des: 0.497, des_th: 0.4970628393022985,frac_lost: 0.102, li_recovered:  8.408, time: 0.005740008999055135
L: 0.50, u_super: 0.00014, sec: 10.584, prod: 0.002277, t_ads: 1078.9, t_des: 1401.6, bed_util_ads: 0.353, bed_util_des: 0.335, des_th: 0.3355100912040214,frac_lost: 0.101, li_recovered:  5.649, time: 0.0039026280010148184
L: 1.96, u_super: 0.00936, sec: 2176.440, prod: 0.207326, t_ads: 81.0, t_des: 71.3, bed_util_ads: 0.497, bed_util_des: 0.497, des_th: 0.4970635682343216,frac_lost: 0.105, li_recovered:  31.592, time: 0.005278788999930839
L: 0.50, u_super: 0.00611, sec: 339.853, prod: 0.138296, t_ads: 31.7, t_des: 29.4, bed_util_ads: 0.496, bed_util_des: 0.495, des_th: 0.4954015007699318,frac_lost: 0.101, li_recovered:  8.455, time: 0.005322494998836191
L: 0.50, u_super: 0.00868, sec: 499.627, prod: 0.196409, t_ads: 22.5, t_des: 20.9, bed_util_ads: 0.496, bed_util_des: 0.496, des_th: 0.4962614810164083,frac_lost: 0.106, li_recovered:  8.529, time: 0.005078038999272394
L: 41.24, u_super: 0.00014 — INFEASIBLE (li_recovered=0.000e+00), time: 0.0012683510012720944
L: 0.50, u_super: 0.00662, sec: 370.202, prod: 0.149756, t_ads: 29.4, t_des: 27.2, bed_util_ads: 0.496, bed_util_des: 0.496, des_th: 0.496032186265462,frac_lost: 0.102, li_recovered:  8.464, time: 0.004661461000068812
L: 0.50, u_super: 0.00351, sec: 190.466, prod: 0.078817, t_ads: 54.9, t_des: 48.8, bed_util_ads: 0.498, bed_util_des: 0.498, des_th: 0.49785976437444407,frac_lost: 0.100, li_recovered:  8.170, time: 0.006773989998691832
L: 0.50, u_super: 0.00989, sec: 576.064, prod: 0.224415, t_ads: 19.7, t_des: 17.9, bed_util_ads: 0.500, bed_util_des: 0.500, des_th: 0.4997275809196764,frac_lost: 0.104, li_recovered:  8.449, time: 0.004735909000373795
L: 0.50, u_super: 0.00716, sec: 404.267, prod: 0.161791, t_ads: 27.3, t_des: 25.1, bed_util_ads: 0.497, bed_util_des: 0.497, des_th: 0.497213168361796,frac_lost: 0.107, li_recovered:  8.478, time: 0.004667926999900374
L: 0.50, u_super: 0.00032, sec: 19.904, prod: 0.005987, t_ads: 529.2, t_des: 507.8, bed_util_ads: 0.442, bed_util_des: 0.440, des_th: 0.4395208802730036,frac_lost: 0.100, li_recovered:  6.209, time: 0.004441643999598455
L: 0.50, u_super: 0.00626, sec: 348.322, prod: 0.141636, t_ads: 31.0, t_des: 28.8, bed_util_ads: 0.496, bed_util_des: 0.495, des_th: 0.49543668464465795,frac_lost: 0.100, li_recovered:  8.464, time: 0.004254028001014376
L: 0.50, u_super: 0.00847, sec: 540.925, prod: 0.172227, t_ads: 23.1, t_des: 27.5, bed_util_ads: 0.465, bed_util_des: 0.465, des_th: 0.4646220110892342,frac_lost: 0.105, li_recovered:  8.709, time: 0.006457101000705734
L: 0.50, u_super: 0.00757, sec: 435.757, prod: 0.168484, t_ads: 25.9, t_des: 25.4, bed_util_ads: 0.490, bed_util_des: 0.489, des_th: 0.4895199440623002,frac_lost: 0.109, li_recovered:  8.642, time: 0.0051483110000845045
L: 27.61, u_super: 0.00692 — INFEASIBLE (li_recovered=0.000e+00), time: 0.0016162600004463457
L: 0.50, u_super: 0.00592, sec: 328.500, prod: 0.133770, t_ads: 32.8, t_des: 29.7, bed_util_ads: 0.498, bed_util_des: 0.498, des_th: 0.49793159752131705,frac_lost: 0.103, li_recovered:  8.360, time: 0.006232805000763619
L: 7.17, u_super: 0.00188 — INFEASIBLE (li_recovered=0.000e+00), time: 0.002843453999958001
L: 0.50, u_super: 0.00789, sec: 447.969, prod: 0.178870, t_ads: 24.6, t_des: 22.7, bed_util_ads: 0.496, bed_util_des: 0.496, des_th: 0.49606863901269793,frac_lost: 0.101, li_recovered:  8.472, time: 0.006377288000294357
L: 0.50, u_super: 0.00990, sec: 576.406, prod: 0.224659, t_ads: 19.7, t_des: 17.7, bed_util_ads: 0.500, bed_util_des: 0.500, des_th: 0.4997275809196764,frac_lost: 0.103, li_recovered:  8.397, time: 0.005605428999842843
L: 0.50, u_super: 0.00847, sec: 489.235, prod: 0.190423, t_ads: 23.1, t_des: 22.2, bed_util_ads: 0.492, bed_util_des: 0.492, des_th: 0.4918670941885265,frac_lost: 0.105, li_recovered:  8.611, time: 0.007564125000499189
L: 0.50, u_super: 0.00351, sec: 190.782, prod: 0.078684, t_ads: 55.3, t_des: 51.8, bed_util_ads: 0.492, bed_util_des: 0.492, des_th: 0.49194084824297946,frac_lost: 0.106, li_recovered:  8.428, time: 0.005924011000388418
L: 25.10, u_super: 0.00658 — INFEASIBLE (li_recovered=0.000e+00), time: 0.0013997030000609811
L: 0.50, u_super: 0.00989, sec: 692.158, prod: 0.186850, t_ads: 19.7, t_des: 27.0, bed_util_ads: 0.447, bed_util_des: 0.447, des_th: 0.4466633540421635,frac_lost: 0.103, li_recovered:  8.721, time: 0.00959346700074093
L: 0.50, u_super: 0.00597, sec: 336.394, prod: 0.132889, t_ads: 32.5, t_des: 32.3, bed_util_ads: 0.486, bed_util_des: 0.486, des_th: 0.48580561257333893,frac_lost: 0.101, li_recovered:  8.615, time: 0.005813113999465713
L: 0.50, u_super: 0.00448, sec: 245.258, prod: 0.100869, t_ads: 43.3, t_des: 38.7, bed_util_ads: 0.498, bed_util_des: 0.498, des_th: 0.4981601818848386,frac_lost: 0.104, li_recovered:  8.277, time: 0.005096355998830404
L: 0.50, u_super: 0.00746, sec: 421.856, prod: 0.168984, t_ads: 26.0, t_des: 23.3, bed_util_ads: 0.500, bed_util_des: 0.500, des_th: 0.49975882115483466,frac_lost: 0.101, li_recovered:  8.327, time: 0.006583698999747867
L: 10.96, u_super: 0.00935 — INFEASIBLE (li_recovered=0.000e+00), time: 0.004301438000766211
L: 0.50, u_super: 0.00733, sec: 413.328, prod: 0.166081, t_ads: 26.5, t_des: 24.6, bed_util_ads: 0.496, bed_util_des: 0.496, des_th: 0.4961712700163593,frac_lost: 0.101, li_recovered:  8.483, time: 0.006112078999649384
L: 0.50, u_super: 0.00658, sec: 368.076, prod: 0.148867, t_ads: 29.5, t_des: 26.4, bed_util_ads: 0.500, bed_util_des: 0.499, des_th: 0.4994514379320811,frac_lost: 0.101, li_recovered:  8.313, time: 0.004961405998983537
   143 |     5720 |     40 |  0.0028243169 |             f
L: 0.50, u_super: 0.00791, sec: 479.454, prod: 0.168125, t_ads: 24.7, t_des: 27.0, bed_util_ads: 0.475, bed_util_des: 0.475, des_th: 0.4746890496088807,frac_lost: 0.107, li_recovered:  8.701, time: 0.006010459999743034
L: 0.50, u_super: 0.00533, sec: 294.096, prod: 0.120282, t_ads: 36.4, t_des: 32.6, bed_util_ads: 0.499, bed_util_des: 0.499, des_th: 0.4987495948197693,frac_lost: 0.102, li_recovered:  8.303, time: 0.0063790280000830535
L: 0.50, u_super: 0.00912, sec: 579.533, prod: 0.187628, t_ads: 21.4, t_des: 25.0, bed_util_ads: 0.467, bed_util_des: 0.467, des_th: 0.466932086549782,frac_lost: 0.104, li_recovered:  8.712, time: 0.005291778001264902
L: 0.50, u_super: 0.00936, sec: 541.486, prod: 0.212126, t_ads: 20.9, t_des: 19.0, bed_util_ads: 0.499, bed_util_des: 0.499, des_th: 0.49933674939352346,frac_lost: 0.105, li_recovered:  8.448, time: 0.007079496999722323
L: 0.50, u_super: 0.00564, sec: 319.257, prod: 0.124410, t_ads: 34.4, t_des: 35.0, bed_util_ads: 0.483, bed_util_des: 0.483, des_th: 0.48285323532135327,frac_lost: 0.101, li_recovered:  8.632, time: 0.005582472000241978
L: 0.50, u_super: 0.00395, sec: 214.954, prod: 0.088741, t_ads: 49.2, t_des: 44.5, bed_util_ads: 0.497, bed_util_des: 0.497, des_th: 0.496917363254041,frac_lost: 0.106, li_recovered:  8.312, time: 0.004478711000047042
L: 0.50, u_super: 0.00560, sec: 309.741, prod: 0.126622, t_ads: 34.7, t_des: 31.7, bed_util_ads: 0.497, bed_util_des: 0.497, des_th: 0.4968613072117899,frac_lost: 0.102, li_recovered:  8.408, time: 0.005434143999082153
L: 0.50, u_super: 0.00025 — INFEASIBLE (li_recovered=0.000e+00), time: 0.0015606790002493653
L: 0.50, u_super: 0.00956, sec: 555.152, prod: 0.216793, t_ads: 20.4, t_des: 18.6, bed_util_ads: 0.500, bed_util_des: 0.500, des_th: 0.49985500107951225,frac_lost: 0.105, li_recovered:  8.453, time: 0.006010394999975688
L: 2.26, u_super: 0.00990, sec: 2691.440, prod: 0.217127, t_ads: 87.3, t_des: 74.6, bed_util_ads: 0.500, bed_util_des: 0.500, des_th: 0.49997595782259635,frac_lost: 0.101, li_recovered:  35.146, time: 0.00661459000002651
L: 0.50, u_super: 0.00892, sec: 517.811, prod: 0.200367, t_ads: 21.9, t_des: 21.1, bed_util_ads: 0.491, bed_util_des: 0.491, des_th: 0.4912440001312443,frac_lost: 0.105, li_recovered:  8.618, time: 0.008314356000482803
L: 0.50, u_super: 0.00296, sec: 160.766, prod: 0.065876, t_ads: 65.0, t_des: 56.5, bed_util_ads: 0.500, bed_util_des: 0.500, des_th: 0.49976407197670336,frac_lost: 0.101, li_recovered:  8.001, time: 0.015058081999086426
L: 0.50, u_super: 0.00656, sec: 366.474, prod: 0.148562, t_ads: 29.6, t_des: 27.4, bed_util_ads: 0.496, bed_util_des: 0.495, des_th: 0.49534943108866597,frac_lost: 0.100, li_recovered:  8.463, time: 0.007913980000012089
L: 0.50, u_super: 0.00125, sec: 68.773, prod: 0.026879, t_ads: 151.5, t_des: 130.3, bed_util_ads: 0.494, bed_util_des: 0.493, des_th: 0.493543157986201,frac_lost: 0.105, li_recovered:  7.576, time: 0.006765670001186663
L: 0.50, u_super: 0.00768, sec: 650.593, prod: 0.116549, t_ads: 25.4, t_des: 49.5, bed_util_ads: 0.404, bed_util_des: 0.402, des_th: 0.40244145547727694,frac_lost: 0.102, li_recovered:  8.721, time: 0.009452997999687796
L: 0.50, u_super: 0.00945, sec: 547.659, prod: 0.214373, t_ads: 20.6, t_des: 19.0, bed_util_ads: 0.497, bed_util_des: 0.497, des_th: 0.4970635682343216,frac_lost: 0.104, li_recovered:  8.488, time: 0.004636301999198622
L: 0.50, u_super: 0.00010 — INFEASIBLE (li_recovered=0.000e+00), time: 0.001328824000665918
L: 26.98, u_super: 0.00413 — INFEASIBLE (li_recovered=0.000e+00), time: 0.0015040800008137012
L: 0.50, u_super: 0.00350, sec: 189.647, prod: 0.078405, t_ads: 55.6, t_des: 50.7, bed_util_ads: 0.496, bed_util_des: 0.495, des_th: 0.49540095565143843,frac_lost: 0.107, li_recovered:  8.336, time: 0.0046252840002125595
L: 0.50, u_super: 0.00394, sec: 214.285, prod: 0.088537, t_ads: 49.3, t_des: 44.6, bed_util_ads: 0.497, bed_util_des: 0.497, des_th: 0.4970628393022985,frac_lost: 0.105, li_recovered:  8.314, time: 0.004857989000811358
L: 0.50, u_super: 0.00459, sec: 251.421, prod: 0.103193, t_ads: 42.5, t_des: 38.2, bed_util_ads: 0.498, bed_util_des: 0.498, des_th: 0.4979145013611817,frac_lost: 0.106, li_recovered:  8.322, time: 0.004626394000297296
L: 48.12, u_super: 0.00898 — INFEASIBLE (li_recovered=0.000e+00), time: 0.0011420170012570452
L: 0.50, u_super: 0.00880, sec: 506.107, prod: 0.199231, t_ads: 22.2, t_des: 20.1, bed_util_ads: 0.500, bed_util_des: 0.500, des_th: 0.4996261260646626,frac_lost: 0.106, li_recovered:  8.436, time: 0.005880693999642972
L: 16.67, u_super: 0.00065 — INFEASIBLE (li_recovered=0.000e+00), time: 0.001286314000026323
L: 0.50, u_super: 0.00161, sec: 88.080, prod: 0.034620, t_ads: 119.1, t_des: 100.5, bed_util_ads: 0.499, bed_util_des: 0.499, des_th: 0.4989106701588885,frac_lost: 0.105, li_recovered:  7.605, time: 0.005177859000468743
L: 0.50, u_super: 0.00296, sec: 160.063, prod: 0.065867, t_ads: 65.3, t_des: 57.3, bed_util_ads: 0.500, bed_util_des: 0.500, des_th: 0.49959577606351147,frac_lost: 0.103, li_recovered:  8.077, time: 0.00422913299917127
L: 0.50, u_super: 0.00328, sec: 177.447, prod: 0.073274, t_ads: 59.4, t_des: 54.8, bed_util_ads: 0.493, bed_util_des: 0.493, des_th: 0.4929258140993067,frac_lost: 0.108, li_recovered:  8.372, time: 0.004443370000444702
L: 0.50, u_super: 0.00343, sec: 400.831, prod: 0.035731, t_ads: 56.9, t_des: 186.7, bed_util_ads: 0.340, bed_util_des: 0.336, des_th: 0.3355100912040214,frac_lost: 0.105, li_recovered:  8.705, time: 0.011422631001551053
L: 0.50, u_super: 0.00757, sec: 428.060, prod: 0.171513, t_ads: 25.7, t_des: 23.2, bed_util_ads: 0.500, bed_util_des: 0.500, des_th: 0.4997590524210978,frac_lost: 0.102, li_recovered:  8.381, time: 0.005391758999394369
L: 66.72, u_super: 0.00397 — INFEASIBLE (li_recovered=0.000e+00), time: 0.000834185999337933
L: 0.50, u_super: 0.00764, sec: 433.897, prod: 0.172560, t_ads: 25.7, t_des: 23.5, bed_util_ads: 0.498, bed_util_des: 0.498, des_th: 0.49785354726164516,frac_lost: 0.108, li_recovered:  8.479, time: 0.004319251000197255
L: 0.50, u_super: 0.00944, sec: 546.795, prod: 0.213979, t_ads: 20.7, t_des: 18.6, bed_util_ads: 0.500, bed_util_des: 0.500, des_th: 0.4999133118912465,frac_lost: 0.104, li_recovered:  8.405, time: 0.005363923999539111
L: 0.50, u_super: 0.00789, sec: 449.289, prod: 0.178344, t_ads: 24.8, t_des: 22.5, bed_util_ads: 0.500, bed_util_des: 0.500, des_th: 0.49952803445472094,frac_lost: 0.108, li_recovered:  8.442, time: 0.004917059000945301
L: 0.50, u_super: 0.00204, sec: 109.683, prod: 0.045401, t_ads: 93.7, t_des: 85.5, bed_util_ads: 0.492, bed_util_des: 0.492, des_th: 0.4917839421760513,frac_lost: 0.102, li_recovered:  8.137, time: 0.005393020999690634
L: 0.50, u_super: 0.00987, sec: 1366.680, prod: 0.094086, t_ads: 19.9, t_des: 73.2, bed_util_ads: 0.331, bed_util_des: 0.329, des_th: 0.32911208244782697,frac_lost: 0.107, li_recovered:  8.757, time: 0.009226764999766601
L: 0.50, u_super: 0.00555, sec: 307.015, prod: 0.125394, t_ads: 35.0, t_des: 31.4, bed_util_ads: 0.499, bed_util_des: 0.499, des_th: 0.499271249280818,frac_lost: 0.102, li_recovered:  8.321, time: 0.0038666320015181554
L: 0.50, u_super: 0.00579, sec: 320.358, prod: 0.130994, t_ads: 33.5, t_des: 30.4, bed_util_ads: 0.497, bed_util_des: 0.497, des_th: 0.497063384420791,frac_lost: 0.100, li_recovered:  8.369, time: 0.005088746000183164
L: 0.50, u_super: 0.00077, sec: 42.754, prod: 0.016039, t_ads: 243.0, t_des: 216.4, bed_util_ads: 0.482, bed_util_des: 0.481, des_th: 0.4812247951188494,frac_lost: 0.105, li_recovered:  7.369, time: 0.005009279999285354
L: 4.29, u_super: 0.00014 — INFEASIBLE (li_recovered=0.000e+00), time: 0.001319827999395784
L: 10.12, u_super: 0.00964 — INFEASIBLE (li_recovered=0.000e+00), time: 0.0034237030013173353
   144 |     5760 |     40 |  0.0026325062 |             f
L: 20.24, u_super: 0.00195 — INFEASIBLE (li_recovered=0.000e+00), time: 0.001175965000584256
L: 0.50, u_super: 0.00107, sec: 59.378, prod: 0.022527, t_ads: 175.9, t_des: 149.2, bed_util_ads: 0.493, bed_util_des: 0.493, des_th: 0.4929584978271942,frac_lost: 0.101, li_recovered:  7.324, time: 0.004427310001119622
L: 13.09, u_super: 0.00990 — INFEASIBLE (li_recovered=0.000e+00), time: 0.0019769619993894594
L: 0.50, u_super: 0.00899, sec: 524.734, prod: 0.201385, t_ads: 21.8, t_des: 21.1, bed_util_ads: 0.491, bed_util_des: 0.491, des_th: 0.4912440001312443,frac_lost: 0.107, li_recovered:  8.639, time: 0.005667205999998259
L: 0.50, u_super: 0.00636, sec: 356.685, prod: 0.143133, t_ads: 30.6, t_des: 29.3, bed_util_ads: 0.492, bed_util_des: 0.492, des_th: 0.4917839421760513,frac_lost: 0.102, li_recovered:  8.563, time: 0.005310900000040419
L: 0.50, u_super: 0.00979, sec: 569.739, prod: 0.221979, t_ads: 20.0, t_des: 18.1, bed_util_ads: 0.500, bed_util_des: 0.500, des_th: 0.4997046907254074,frac_lost: 0.105, li_recovered:  8.453, time: 0.005810457001643954
L: 0.50, u_super: 0.00154, sec: 86.137, prod: 0.032447, t_ads: 124.5, t_des: 133.5, bed_util_ads: 0.469, bed_util_des: 0.467, des_th: 0.4671427070162651,frac_lost: 0.103, li_recovered:  8.372, time: 0.005048085000453284
L: 0.50, u_super: 0.00613, sec: 341.536, prod: 0.138582, t_ads: 31.7, t_des: 28.4, bed_util_ads: 0.500, bed_util_des: 0.500, des_th: 0.4995968315869837,frac_lost: 0.103, li_recovered:  8.322, time: 0.0054749320006521884
L: 0.50, u_super: 0.00485, sec: 312.160, prod: 0.093089, t_ads: 40.0, t_des: 53.0, bed_util_ads: 0.449, bed_util_des: 0.448, des_th: 0.4482717424425121,frac_lost: 0.101, li_recovered:  8.661, time: 0.007101737999619218
L: 0.50, u_super: 0.00563, sec: 311.440, prod: 0.127117, t_ads: 34.5, t_des: 31.2, bed_util_ads: 0.499, bed_util_des: 0.499, des_th: 0.4987495948197693,frac_lost: 0.103, li_recovered:  8.363, time: 0.006473116000051959
L: 0.50, u_super: 0.00616, sec: 342.744, prod: 0.139217, t_ads: 31.6, t_des: 28.5, bed_util_ads: 0.498, bed_util_des: 0.498, des_th: 0.4981601818848386,frac_lost: 0.103, li_recovered:  8.364, time: 0.005285645998810651
L: 0.50, u_super: 0.00038, sec: 22.450, prod: 0.007433, t_ads: 464.1, t_des: 469.3, bed_util_ads: 0.444, bed_util_des: 0.440, des_th: 0.43992150564103966,frac_lost: 0.102, li_recovered:  6.938, time: 0.0041060240000661
L: 0.50, u_super: 0.00845, sec: 484.433, prod: 0.190978, t_ads: 23.2, t_des: 21.0, bed_util_ads: 0.499, bed_util_des: 0.499, des_th: 0.4992373189017007,frac_lost: 0.108, li_recovered:  8.442, time: 0.005917364000197267
L: 0.50, u_super: 0.00844, sec: 619.935, prod: 0.149113, t_ads: 23.1, t_des: 35.4, bed_util_ads: 0.433, bed_util_des: 0.433, des_th: 0.43253809427027157,frac_lost: 0.103, li_recovered:  8.717, time: 0.0060533790001500165
L: 0.50, u_super: 0.00253, sec: 136.490, prod: 0.056440, t_ads: 75.9, t_des: 67.6, bed_util_ads: 0.497, bed_util_des: 0.497, des_th: 0.4970628393022985,frac_lost: 0.102, li_recovered:  8.097, time: 0.0050042930015479214
L: 0.50, u_super: 0.00990, sec: 577.038, prod: 0.224412, t_ads: 19.8, t_des: 17.9, bed_util_ads: 0.500, bed_util_des: 0.500, des_th: 0.4997275809196764,frac_lost: 0.106, li_recovered:  8.447, time: 0.003802812001595157
L: 0.50, u_super: 0.00014 — INFEASIBLE (li_recovered=0.000e+00), time: 0.001984477001315099
L: 7.72, u_super: 0.00936 — INFEASIBLE (li_recovered=0.000e+00), time: 0.002886676998969051
L: 0.50, u_super: 0.00436, sec: 238.427, prod: 0.098062, t_ads: 44.7, t_des: 40.3, bed_util_ads: 0.499, bed_util_des: 0.499, des_th: 0.4985614210228229,frac_lost: 0.107, li_recovered:  8.338, time: 0.005314314999850467
L: 0.50, u_super: 0.00681, sec: 383.405, prod: 0.153811, t_ads: 28.7, t_des: 26.4, bed_util_ads: 0.497, bed_util_des: 0.497, des_th: 0.4972015193781686,frac_lost: 0.108, li_recovered:  8.479, time: 0.007669144999454147
L: 0.50, u_super: 0.00272, sec: 159.606, prod: 0.055792, t_ads: 71.0, t_des: 82.4, bed_util_ads: 0.464, bed_util_des: 0.462, des_th: 0.46233814508209653,frac_lost: 0.102, li_recovered:  8.559, time: 0.006012742998791509
L: 31.71, u_super: 0.00844 — INFEASIBLE (li_recovered=0.000e+00), time: 0.00227711499974248
L: 0.50, u_super: 0.00723, sec: 408.583, prod: 0.163270, t_ads: 27.1, t_des: 24.9, bed_util_ads: 0.497, bed_util_des: 0.497, des_th: 0.497213168361796,frac_lost: 0.107, li_recovered:  8.483, time: 0.006185705999087077
L: 2.50, u_super: 0.00814, sec: 2419.494, prod: 0.177192, t_ads: 117.7, t_des: 101.6, bed_util_ads: 0.496, bed_util_des: 0.496, des_th: 0.4961712700163593,frac_lost: 0.105, li_recovered:  38.860, time: 0.006848986000477453
L: 0.50, u_super: 0.00390, sec: 214.621, prod: 0.086609, t_ads: 49.9, t_des: 48.8, bed_util_ads: 0.487, bed_util_des: 0.486, des_th: 0.48606199949960205,frac_lost: 0.106, li_recovered:  8.547, time: 0.006748167999830912
L: 0.50, u_super: 0.00804, sec: 502.851, prod: 0.166019, t_ads: 24.3, t_des: 28.1, bed_util_ads: 0.468, bed_util_des: 0.468, des_th: 0.46777463476297737,frac_lost: 0.106, li_recovered:  8.705, time: 0.008473349000269081
L: 34.72, u_super: 0.00058 — INFEASIBLE (li_recovered=0.000e+00), time: 0.0013211510013206862
L: 0.50, u_super: 0.00893, sec: 515.456, prod: 0.202046, t_ads: 21.9, t_des: 20.2, bed_util_ads: 0.498, bed_util_des: 0.498, des_th: 0.4975306548905128,frac_lost: 0.108, li_recovered:  8.504, time: 0.007844015999580733
L: 111.26, u_super: 0.00692 — INFEASIBLE (li_recovered=0.000e+00), time: 0.0010969510003633332
L: 0.65, u_super: 0.00733, sec: 652.928, prod: 0.137230, t_ads: 34.6, t_des: 48.0, bed_util_ads: 0.445, bed_util_des: 0.444, des_th: 0.44404213328727526,frac_lost: 0.101, li_recovered:  11.330, time: 0.0076780899998993846
L: 0.50, u_super: 0.00979, sec: 569.447, prod: 0.222093, t_ads: 19.9, t_des: 17.9, bed_util_ads: 0.500, bed_util_des: 0.500, des_th: 0.49990287866527067,frac_lost: 0.103, li_recovered:  8.396, time: 0.006216961000973242
L: 0.50, u_super: 0.00659, sec: 368.896, prod: 0.149053, t_ads: 29.5, t_des: 26.3, bed_util_ads: 0.500, bed_util_des: 0.499, des_th: 0.4994972551881686,frac_lost: 0.102, li_recovered:  8.319, time: 0.0067485420004231855
L: 0.50, u_super: 0.00398, sec: 217.051, prod: 0.089488, t_ads: 48.8, t_des: 43.6, bed_util_ads: 0.499, bed_util_des: 0.499, des_th: 0.4987747226349751,frac_lost: 0.105, li_recovered:  8.266, time: 0.006354839000778156
L: 18.53, u_super: 0.00142 — INFEASIBLE (li_recovered=0.000e+00), time: 0.0011033509999833768
L: 3.15, u_super: 0.00611 — INFEASIBLE (li_recovered=0.000e+00), time: 0.0037377689986897167
L: 1.02, u_super: 0.00804, sec: 948.332, prod: 0.180118, t_ads: 49.5, t_des: 43.6, bed_util_ads: 0.500, bed_util_des: 0.500, des_th: 0.49992156313676966,frac_lost: 0.106, li_recovered:  16.766, time: 0.005348455999410362
L: 0.50, u_super: 0.00702, sec: 394.440, prod: 0.158905, t_ads: 27.6, t_des: 24.7, bed_util_ads: 0.500, bed_util_des: 0.499, des_th: 0.4994794761842304,frac_lost: 0.100, li_recovered:  8.324, time: 0.0038243750004767207
L: 0.50, u_super: 0.00014 — INFEASIBLE (li_recovered=0.000e+00), time: 0.001678320000792155
L: 0.50, u_super: 0.00717, sec: 403.762, prod: 0.162547, t_ads: 27.1, t_des: 24.7, bed_util_ads: 0.498, bed_util_des: 0.498, des_th: 0.4980577154087076,frac_lost: 0.102, li_recovered:  8.415, time: 0.004980210000212537
L: 0.50, u_super: 0.00733, sec: 1040.037, prod: 0.066003, t_ads: 26.8, t_des: 105.8, bed_util_ads: 0.322, bed_util_des: 0.320, des_th: 0.31986266160096305,frac_lost: 0.107, li_recovered:  8.751, time: 0.012268190999748185
   145 |     5800 |     40 |  0.0024165332 |             f
L: 0.50, u_super: 0.00212, sec: 114.861, prod: 0.046707, t_ads: 90.2, t_des: 78.2, bed_util_ads: 0.499, bed_util_des: 0.499, des_th: 0.4987495948197693,frac_lost: 0.101, li_recovered:  7.867, time: 0.004421470999659505
L: 0.50, u_super: 0.00520, sec: 481.203, prod: 0.070002, t_ads: 37.5, t_des: 86.9, bed_util_ads: 0.382, bed_util_des: 0.380, des_th: 0.38010304062898853,frac_lost: 0.104, li_recovered:  8.710, time: 0.006066222000299604
L: 0.50, u_super: 0.00780, sec: 443.389, prod: 0.176343, t_ads: 25.1, t_des: 22.5, bed_util_ads: 0.500, bed_util_des: 0.499, des_th: 0.4994794761842304,frac_lost: 0.106, li_recovered:  8.391, time: 0.004259040000761161
L: 0.50, u_super: 0.00090 — INFEASIBLE (li_recovered=0.000e+00), time: 0.001941021999300574
L: 0.50, u_super: 0.00014 — INFEASIBLE (li_recovered=0.000e+00), time: 0.001167919999716105
L: 0.50, u_super: 0.00038, sec: 22.439, prod: 0.007437, t_ads: 463.5, t_des: 468.9, bed_util_ads: 0.444, bed_util_des: 0.440, des_th: 0.4408014380921235,frac_lost: 0.101, li_recovered:  6.934, time: 0.003610667001339607
L: 0.50, u_super: 0.00459, sec: 251.664, prod: 0.103394, t_ads: 42.4, t_des: 38.3, bed_util_ads: 0.499, bed_util_des: 0.499, des_th: 0.4985614210228229,frac_lost: 0.106, li_recovered:  8.343, time: 0.00546950299940363
L: 0.50, u_super: 0.00956, sec: 555.475, prod: 0.216619, t_ads: 20.5, t_des: 18.5, bed_util_ads: 0.499, bed_util_des: 0.499, des_th: 0.49928863650872224,frac_lost: 0.107, li_recovered:  8.446, time: 0.004096444999959203
L: 0.50, u_super: 0.00796, sec: 453.739, prod: 0.179948, t_ads: 24.6, t_des: 22.6, bed_util_ads: 0.498, bed_util_des: 0.498, des_th: 0.4981601818848386,frac_lost: 0.107, li_recovered:  8.484, time: 0.0036684659989987267
L: 0.50, u_super: 0.00349, sec: 189.367, prod: 0.078125, t_ads: 55.7, t_des: 49.8, bed_util_ads: 0.498, bed_util_des: 0.498, des_th: 0.4978556789587711,frac_lost: 0.107, li_recovered:  8.247, time: 0.004566805999274948
L: 0.50, u_super: 0.00982, sec: 570.916, prod: 0.222770, t_ads: 19.9, t_des: 18.1, bed_util_ads: 0.499, bed_util_des: 0.499, des_th: 0.49881439910993525,frac_lost: 0.103, li_recovered:  8.451, time: 0.0037197429992374964
L: 0.50, u_super: 0.00117, sec: 63.533, prod: 0.025386, t_ads: 162.2, t_des: 155.8, bed_util_ads: 0.479, bed_util_des: 0.478, des_th: 0.4780029023831728,frac_lost: 0.105, li_recovered:  8.072, time: 0.0038591239990637405
L: 0.50, u_super: 0.00605, sec: 336.188, prod: 0.136695, t_ads: 32.2, t_des: 29.1, bed_util_ads: 0.499, bed_util_des: 0.499, des_th: 0.49868321176854497,frac_lost: 0.103, li_recovered:  8.370, time: 0.0038538110002264148
L: 0.50, u_super: 0.00456, sec: 344.753, prod: 0.074392, t_ads: 42.5, t_des: 74.1, bed_util_ads: 0.415, bed_util_des: 0.414, des_th: 0.41362560109517255,frac_lost: 0.101, li_recovered:  8.674, time: 0.005174060001081671
L: 0.50, u_super: 0.00315, sec: 169.929, prod: 0.070691, t_ads: 61.2, t_des: 57.0, bed_util_ads: 0.492, bed_util_des: 0.492, des_th: 0.49168334850625717,frac_lost: 0.101, li_recovered:  8.352, time: 0.0043741780009440845
L: 0.50, u_super: 0.00979, sec: 569.538, prod: 0.222062, t_ads: 19.9, t_des: 18.3, bed_util_ads: 0.498, bed_util_des: 0.498, des_th: 0.49763119690321306,frac_lost: 0.104, li_recovered:  8.493, time: 0.003478353999526007
L: 0.50, u_super: 0.00530, sec: 306.741, prod: 0.114002, t_ads: 36.7, t_des: 39.2, bed_util_ads: 0.476, bed_util_des: 0.476, des_th: 0.47593215278775464,frac_lost: 0.103, li_recovered:  8.653, time: 0.0035020459999941522
L: 0.50, u_super: 0.00312, sec: 168.404, prod: 0.070061, t_ads: 61.8, t_des: 56.9, bed_util_ads: 0.493, bed_util_des: 0.493, des_th: 0.4929258140993067,frac_lost: 0.102, li_recovered:  8.312, time: 0.004545986999801244
L: 0.50, u_super: 0.00960, sec: 559.681, prod: 0.216682, t_ads: 20.3, t_des: 19.3, bed_util_ads: 0.493, bed_util_des: 0.493, des_th: 0.49281320569151427,frac_lost: 0.104, li_recovered:  8.590, time: 0.0037938379991828697
L: 0.50, u_super: 0.00544, sec: 300.011, prod: 0.122858, t_ads: 35.7, t_des: 32.4, bed_util_ads: 0.498, bed_util_des: 0.498, des_th: 0.4978494743838837,frac_lost: 0.102, li_recovered:  8.364, time: 0.004195105000690091
L: 0.50, u_super: 0.00190, sec: 101.711, prod: 0.041972, t_ads: 100.9, t_des: 91.6, bed_util_ads: 0.492, bed_util_des: 0.492, des_th: 0.4917839421760513,frac_lost: 0.101, li_recovered:  8.079, time: 0.004723292000562651
L: 0.50, u_super: 0.00948, sec: 593.116, prod: 0.199339, t_ads: 20.6, t_des: 23.1, bed_util_ads: 0.472, bed_util_des: 0.472, des_th: 0.4719436643888749,frac_lost: 0.103, li_recovered:  8.712, time: 0.004804502999832039
L: 0.50, u_super: 0.00107, sec: 106.773, prod: 0.012528, t_ads: 182.4, t_des: 498.7, bed_util_ads: 0.349, bed_util_des: 0.338, des_th: 0.3379420885546285,frac_lost: 0.108, li_recovered:  8.534, time: 0.008877518999724998
L: 0.50, u_super: 0.00315, sec: 169.937, prod: 0.070688, t_ads: 61.1, t_des: 57.2, bed_util_ads: 0.491, bed_util_des: 0.491, des_th: 0.4907943432821342,frac_lost: 0.101, li_recovered:  8.363, time: 0.004265010000381153
L: 0.50, u_super: 0.00856, sec: 491.612, prod: 0.193831, t_ads: 22.9, t_des: 20.7, bed_util_ads: 0.500, bed_util_des: 0.500, des_th: 0.4996261260646626,frac_lost: 0.107, li_recovered:  8.451, time: 0.006095692999224411
L: 0.50, u_super: 0.00438, sec: 239.838, prod: 0.098504, t_ads: 44.4, t_des: 39.6, bed_util_ads: 0.500, bed_util_des: 0.500, des_th: 0.49971019366891395,frac_lost: 0.106, li_recovered:  8.277, time: 0.0049249459989368916
L: 0.50, u_super: 0.00541, sec: 339.140, prod: 0.107517, t_ads: 36.0, t_des: 44.7, bed_util_ads: 0.458, bed_util_des: 0.457, des_th: 0.4573302270052004,frac_lost: 0.103, li_recovered:  8.671, time: 0.006530067999847233
L: 2.34, u_super: 0.00235 — INFEASIBLE (li_recovered=0.000e+00), time: 0.0034854509995057015
L: 0.50, u_super: 0.00850, sec: 487.043, prod: 0.192425, t_ads: 23.0, t_des: 20.9, bed_util_ads: 0.499, bed_util_des: 0.499, des_th: 0.4988910836398791,frac_lost: 0.106, li_recovered:  8.443, time: 0.006090110999139142
L: 24.32, u_super: 0.00247 — INFEASIBLE (li_recovered=0.000e+00), time: 0.0014777030010009184
L: 0.50, u_super: 0.00893, sec: 514.535, prod: 0.202408, t_ads: 21.8, t_des: 20.1, bed_util_ads: 0.498, bed_util_des: 0.498, des_th: 0.497597037941437,frac_lost: 0.104, li_recovered:  8.493, time: 0.004824708001251565
L: 109.58, u_super: 0.00767 — INFEASIBLE (li_recovered=0.000e+00), time: 0.0008876120009517763
L: 0.50, u_super: 0.00940, sec: 544.765, prod: 0.213088, t_ads: 20.8, t_des: 18.8, bed_util_ads: 0.499, bed_util_des: 0.499, des_th: 0.49933674939352346,frac_lost: 0.106, li_recovered:  8.445, time: 0.0049868139994941885
L: 0.50, u_super: 0.00190, sec: 101.693, prod: 0.041979, t_ads: 100.8, t_des: 91.7, bed_util_ads: 0.492, bed_util_des: 0.492, des_th: 0.4918244439054162,frac_lost: 0.101, li_recovered:  8.083, time: 0.005675721999068628
L: 0.50, u_super: 0.00023, sec: 17.297, prod: 0.003440, t_ads: 792.7, t_des: 1328.9, bed_util_ads: 0.355, bed_util_des: 0.328, des_th: 0.328602378461186,frac_lost: 0.102, li_recovered:  7.297, time: 0.007495477999327704
L: 0.50, u_super: 0.00633, sec: 386.861, prod: 0.130905, t_ads: 30.9, t_des: 35.5, bed_util_ads: 0.469, bed_util_des: 0.468, des_th: 0.46804424243361337,frac_lost: 0.108, li_recovered:  8.687, time: 0.004806001001270488
L: 3.50, u_super: 0.00494 — INFEASIBLE (li_recovered=0.000e+00), time: 0.0025823119995038724
L: 0.50, u_super: 0.00367, sec: 199.297, prod: 0.082446, t_ads: 52.9, t_des: 48.5, bed_util_ads: 0.496, bed_util_des: 0.495, des_th: 0.49540293045129763,frac_lost: 0.106, li_recovered:  8.357, time: 0.007520765000663232
L: 7.76, u_super: 0.00175 — INFEASIBLE (li_recovered=0.000e+00), time: 0.001677145999565255
L: 0.50, u_super: 0.00492, sec: 270.250, prod: 0.111044, t_ads: 39.4, t_des: 35.7, bed_util_ads: 0.497, bed_util_des: 0.497, des_th: 0.4970628393022985,frac_lost: 0.103, li_recovered:  8.346, time: 0.0062454029994114535
   146 |     5840 |     40 |  0.0055933867 |             f
L: 31.61, u_super: 0.00307 — INFEASIBLE (li_recovered=0.000e+00), time: 0.0014418800001294585
L: 0.50, u_super: 0.00361, sec: 196.300, prod: 0.080949, t_ads: 53.9, t_des: 48.2, bed_util_ads: 0.498, bed_util_des: 0.498, des_th: 0.49803672715831077,frac_lost: 0.107, li_recovered:  8.258, time: 0.006445158998758416
L: 0.50, u_super: 0.00390, sec: 214.528, prod: 0.086646, t_ads: 49.9, t_des: 48.7, bed_util_ads: 0.487, bed_util_des: 0.486, des_th: 0.4863814022242599,frac_lost: 0.106, li_recovered:  8.545, time: 0.004865547998633701
L: 0.50, u_super: 0.00529, sec: 298.781, prod: 0.116720, t_ads: 36.6, t_des: 37.3, bed_util_ads: 0.483, bed_util_des: 0.483, des_th: 0.48275248500484363,frac_lost: 0.101, li_recovered:  8.625, time: 0.004705825000201003
L: 0.50, u_super: 0.00472, sec: 258.864, prod: 0.106324, t_ads: 41.3, t_des: 37.7, bed_util_ads: 0.497, bed_util_des: 0.497, des_th: 0.4971048292039399,frac_lost: 0.106, li_recovered:  8.392, time: 0.004348370999650797
L: 0.50, u_super: 0.00349, sec: 201.118, prod: 0.073560, t_ads: 55.8, t_des: 61.2, bed_util_ads: 0.472, bed_util_des: 0.472, des_th: 0.47160492967563467,frac_lost: 0.106, li_recovered:  8.605, time: 0.0048560279992670985
L: 0.50, u_super: 0.00733, sec: 414.467, prod: 0.165625, t_ads: 26.7, t_des: 23.9, bed_util_ads: 0.500, bed_util_des: 0.500, des_th: 0.4999432319503888,frac_lost: 0.106, li_recovered:  8.379, time: 0.004978349999873899
L: 2.93, u_super: 0.00007 — INFEASIBLE (li_recovered=0.000e+00), time: 0.0011063530000683386
L: 0.50, u_super: 0.00118, sec: 65.779, prod: 0.025098, t_ads: 160.2, t_des: 134.6, bed_util_ads: 0.496, bed_util_des: 0.496, des_th: 0.495679365724001,frac_lost: 0.106, li_recovered:  7.398, time: 0.003580675000193878
L: 0.50, u_super: 0.00863, sec: 495.499, prod: 0.195351, t_ads: 22.7, t_des: 20.6, bed_util_ads: 0.499, bed_util_des: 0.499, des_th: 0.49874079225586254,frac_lost: 0.106, li_recovered:  8.451, time: 0.005151041999852168
L: 0.50, u_super: 0.00880, sec: 506.781, prod: 0.198964, t_ads: 22.3, t_des: 20.2, bed_util_ads: 0.500, bed_util_des: 0.500, des_th: 0.4997162024943285,frac_lost: 0.109, li_recovered:  8.452, time: 0.0062402579987974605
L: 0.50, u_super: 0.00053, sec: 30.971, prod: 0.010575, t_ads: 339.1, t_des: 298.9, bed_util_ads: 0.472, bed_util_des: 0.471, des_th: 0.4714067823930854,frac_lost: 0.100, li_recovered:  6.748, time: 0.005855789000634104
L: 0.50, u_super: 0.00492, sec: 270.555, prod: 0.110897, t_ads: 39.5, t_des: 35.2, bed_util_ads: 0.499, bed_util_des: 0.499, des_th: 0.4987336209509926,frac_lost: 0.103, li_recovered:  8.285, time: 0.005359683000278892
L: 0.50, u_super: 0.00659, sec: 368.600, prod: 0.149173, t_ads: 29.5, t_des: 26.7, bed_util_ads: 0.499, bed_util_des: 0.499, des_th: 0.49874895279616743,frac_lost: 0.102, li_recovered:  8.374, time: 0.006376071998602129
L: 0.50, u_super: 0.00648, sec: 361.724, prod: 0.146708, t_ads: 29.9, t_des: 27.1, bed_util_ads: 0.499, bed_util_des: 0.499, des_th: 0.4985545595256057,frac_lost: 0.101, li_recovered:  8.370, time: 0.004021361000923207
L: 18.05, u_super: 0.00185 — INFEASIBLE (li_recovered=0.000e+00), time: 0.0014708929993503261
L: 0.50, u_super: 0.00107, sec: 59.327, prod: 0.022547, t_ads: 175.9, t_des: 149.4, bed_util_ads: 0.493, bed_util_des: 0.493, des_th: 0.4929584978271942,frac_lost: 0.101, li_recovered:  7.335, time: 0.006894735999594559
L: 0.50, u_super: 0.00636, sec: 355.287, prod: 0.143926, t_ads: 30.6, t_des: 27.6, bed_util_ads: 0.499, bed_util_des: 0.498, des_th: 0.4984353944293325,frac_lost: 0.103, li_recovered:  8.368, time: 0.0038039339997339994
L: 0.50, u_super: 0.00011, sec: 10.717, prod: 0.001314, t_ads: 1109.5, t_des: 1211.2, bed_util_ads: 0.339, bed_util_des: 0.335, des_th: 0.3355100912040214,frac_lost: 0.101, li_recovered:  3.048, time: 0.005138655998962349
L: 0.50, u_super: 0.00990, sec: 576.499, prod: 0.224625, t_ads: 19.7, t_des: 17.9, bed_util_ads: 0.500, bed_util_des: 0.500, des_th: 0.4997275809196764,frac_lost: 0.104, li_recovered:  8.446, time: 0.004726379000203451
L: 0.50, u_super: 0.00722, sec: 409.940, prod: 0.162361, t_ads: 27.1, t_des: 25.7, bed_util_ads: 0.493, bed_util_des: 0.493, des_th: 0.4929258140993067,frac_lost: 0.107, li_recovered:  8.574, time: 0.004811213000721182
L: 0.50, u_super: 0.00206, sec: 110.587, prod: 0.045833, t_ads: 92.7, t_des: 84.7, bed_util_ads: 0.492, bed_util_des: 0.491, des_th: 0.4914398580714123,frac_lost: 0.100, li_recovered:  8.134, time: 0.005669141999533167
L: 0.50, u_super: 0.00990, sec: 576.450, prod: 0.224642, t_ads: 19.7, t_des: 17.9, bed_util_ads: 0.499, bed_util_des: 0.499, des_th: 0.49928268498588146,frac_lost: 0.104, li_recovered:  8.445, time: 0.004118795999602298
L: 32.68, u_super: 0.00923 — INFEASIBLE (li_recovered=0.000e+00), time: 0.0014414479992410634
L: 17.77, u_super: 0.00223 — INFEASIBLE (li_recovered=0.000e+00), time: 0.0024789929993858095
L: 18.84, u_super: 0.00912 — INFEASIBLE (li_recovered=0.000e+00), time: 0.0031400770003529033
L: 0.50, u_super: 0.00964, sec: 559.761, prod: 0.218501, t_ads: 20.3, t_des: 18.2, bed_util_ads: 0.500, bed_util_des: 0.500, des_th: 0.4998552323457757,frac_lost: 0.104, li_recovered:  8.406, time: 0.005334273000698886
L: 0.50, u_super: 0.00584, sec: 409.892, prod: 0.104480, t_ads: 33.5, t_des: 49.7, bed_util_ads: 0.436, bed_util_des: 0.435, des_th: 0.4348141297830369,frac_lost: 0.107, li_recovered:  8.695, time: 0.008619890999398194
L: 12.75, u_super: 0.00659 — INFEASIBLE (li_recovered=0.000e+00), time: 0.0028572120008902857
L: 0.50, u_super: 0.00770, sec: 436.255, prod: 0.174604, t_ads: 25.2, t_des: 22.8, bed_util_ads: 0.500, bed_util_des: 0.499, des_th: 0.4994794761842304,frac_lost: 0.101, li_recovered:  8.377, time: 0.006949784999960684
L: 0.50, u_super: 0.00187, sec: 100.521, prod: 0.041348, t_ads: 102.1, t_des: 91.9, bed_util_ads: 0.492, bed_util_des: 0.492, des_th: 0.49196201332255257,frac_lost: 0.101, li_recovered:  8.022, time: 0.007635154001036426
L: 36.04, u_super: 0.00827 — INFEASIBLE (li_recovered=0.000e+00), time: 0.0015724549994047265
L: 15.37, u_super: 0.00533 — INFEASIBLE (li_recovered=0.000e+00), time: 0.0019107269999949494
L: 0.50, u_super: 0.00387, sec: 243.519, prod: 0.075083, t_ads: 50.2, t_des: 64.8, bed_util_ads: 0.452, bed_util_des: 0.450, des_th: 0.4503914398642155,frac_lost: 0.103, li_recovered:  8.633, time: 0.0074877670012938324
L: 0.50, u_super: 0.00849, sec: 486.737, prod: 0.192152, t_ads: 23.0, t_des: 20.6, bed_util_ads: 0.500, bed_util_des: 0.500, des_th: 0.4996463860577008,frac_lost: 0.106, li_recovered:  8.391, time: 0.006808558999182424
L: 19.21, u_super: 0.00159 — INFEASIBLE (li_recovered=0.000e+00), time: 0.0011240340008953353
L: 0.50, u_super: 0.00046, sec: 27.076, prod: 0.009254, t_ads: 391.3, t_des: 414.6, bed_util_ads: 0.446, bed_util_des: 0.441, des_th: 0.4410606420743714,frac_lost: 0.105, li_recovered:  7.459, time: 0.005390031001297757
L: 0.50, u_super: 0.00280, sec: 158.990, prod: 0.059231, t_ads: 69.0, t_des: 75.4, bed_util_ads: 0.471, bed_util_des: 0.470, des_th: 0.4701936234958182,frac_lost: 0.102, li_recovered:  8.553, time: 0.004902972999843769
L: 0.50, u_super: 0.00014, sec: 10.584, prod: 0.002277, t_ads: 1078.9, t_des: 1401.6, bed_util_ads: 0.353, bed_util_des: 0.335, des_th: 0.3355100912040214,frac_lost: 0.101, li_recovered:  5.649, time: 0.004777121001097839
L: 0.50, u_super: 0.00789, sec: 449.841, prod: 0.178414, t_ads: 24.8, t_des: 22.5, bed_util_ads: 0.499, bed_util_des: 0.499, des_th: 0.49874079225586254,frac_lost: 0.108, li_recovered:  8.443, time: 0.003998248999778298
   147 |     5880 |     40 |  0.0027684193 |             f
L: 0.50, u_super: 0.00937, sec: 542.679, prod: 0.212489, t_ads: 20.8, t_des: 18.9, bed_util_ads: 0.499, bed_util_des: 0.499, des_th: 0.49933674939352346,frac_lost: 0.105, li_recovered:  8.446, time: 0.004233515999658266
L: 42.93, u_super: 0.00682 — INFEASIBLE (li_recovered=0.000e+00), time: 0.0020336510006018216
L: 0.50, u_super: 0.00529, sec: 301.126, prod: 0.115560, t_ads: 36.7, t_des: 38.1, bed_util_ads: 0.481, bed_util_des: 0.480, des_th: 0.4801103758437429,frac_lost: 0.102, li_recovered:  8.639, time: 0.006056633999833139
L: 0.50, u_super: 0.00413, sec: 225.819, prod: 0.092700, t_ads: 47.0, t_des: 41.6, bed_util_ads: 0.499, bed_util_des: 0.499, des_th: 0.49925927794793434,frac_lost: 0.105, li_recovered:  8.215, time: 0.00432097100019746
L: 0.50, u_super: 0.00704, sec: 395.435, prod: 0.159523, t_ads: 27.6, t_des: 25.0, bed_util_ads: 0.499, bed_util_des: 0.499, des_th: 0.4988993801918433,frac_lost: 0.101, li_recovered:  8.380, time: 0.003696141999171232
L: 0.50, u_super: 0.00990, sec: 577.156, prod: 0.224367, t_ads: 19.8, t_des: 17.9, bed_util_ads: 0.500, bed_util_des: 0.500, des_th: 0.4997275809196764,frac_lost: 0.106, li_recovered:  8.453, time: 0.0042839249999815365
L: 0.50, u_super: 0.00227, sec: 122.065, prod: 0.050493, t_ads: 84.9, t_des: 77.4, bed_util_ads: 0.493, bed_util_des: 0.493, des_th: 0.4926859822930705,frac_lost: 0.105, li_recovered:  8.195, time: 0.005187340999327716
L: 0.50, u_super: 0.00124, sec: 67.187, prod: 0.027033, t_ads: 152.5, t_des: 139.0, bed_util_ads: 0.488, bed_util_des: 0.487, des_th: 0.48722302258974026,frac_lost: 0.103, li_recovered:  7.880, time: 0.0033868800001073396
L: 0.50, u_super: 0.00258, sec: 138.422, prod: 0.057583, t_ads: 74.6, t_des: 68.0, bed_util_ads: 0.493, bed_util_des: 0.493, des_th: 0.4929258140993067,frac_lost: 0.101, li_recovered:  8.212, time: 0.0037639229994965717
L: 0.50, u_super: 0.00230, sec: 130.361, prod: 0.048378, t_ads: 83.8, t_des: 92.1, bed_util_ads: 0.469, bed_util_des: 0.468, des_th: 0.4677764879694945,frac_lost: 0.101, li_recovered:  8.506, time: 0.003935067999918829
L: 0.50, u_super: 0.00279, sec: 154.368, prod: 0.060843, t_ads: 69.1, t_des: 71.0, bed_util_ads: 0.479, bed_util_des: 0.478, des_th: 0.4779634781013563,frac_lost: 0.103, li_recovered:  8.525, time: 0.003921920000721002
L: 0.50, u_super: 0.00459, sec: 257.077, prod: 0.101217, t_ads: 42.2, t_des: 42.8, bed_util_ads: 0.484, bed_util_des: 0.483, des_th: 0.48318022706083075,frac_lost: 0.102, li_recovered:  8.606, time: 0.004989260998627287
L: 0.50, u_super: 0.00077 — INFEASIBLE (li_recovered=0.000e+00), time: 0.001993129000766203
L: 0.50, u_super: 0.00158, sec: 85.549, prod: 0.034628, t_ads: 120.9, t_des: 107.0, bed_util_ads: 0.494, bed_util_des: 0.493, des_th: 0.493543157986201,frac_lost: 0.105, li_recovered:  7.891, time: 0.0036770860006072326
L: 0.50, u_super: 0.00011, sec: 10.491, prod: 0.001396, t_ads: 1108.1, t_des: 1242.3, bed_util_ads: 0.340, bed_util_des: 0.335, des_th: 0.3355100912040214,frac_lost: 0.101, li_recovered:  3.280, time: 0.0036525800005620113
L: 0.50, u_super: 0.00648, sec: 374.612, prod: 0.141597, t_ads: 30.2, t_des: 31.0, bed_util_ads: 0.482, bed_util_des: 0.482, des_th: 0.48203974199008753,frac_lost: 0.108, li_recovered:  8.667, time: 0.004328437000367558
L: 0.50, u_super: 0.00964, sec: 559.882, prod: 0.218535, t_ads: 20.3, t_des: 18.2, bed_util_ads: 0.500, bed_util_des: 0.500, des_th: 0.4997522388803188,frac_lost: 0.104, li_recovered:  8.400, time: 0.0050327370008744765
L: 0.50, u_super: 0.00774, sec: 440.175, prod: 0.174987, t_ads: 25.3, t_des: 22.9, bed_util_ads: 0.500, bed_util_des: 0.499, des_th: 0.4994794761842304,frac_lost: 0.108, li_recovered:  8.444, time: 0.005980537998766522
L: 0.50, u_super: 0.00430, sec: 235.656, prod: 0.096598, t_ads: 45.1, t_des: 42.7, bed_util_ads: 0.491, bed_util_des: 0.491, des_th: 0.4911526193101805,frac_lost: 0.104, li_recovered:  8.488, time: 0.005172196999410517
L: 0.50, u_super: 0.00457, sec: 250.877, prod: 0.102750, t_ads: 42.5, t_des: 37.6, bed_util_ads: 0.500, bed_util_des: 0.500, des_th: 0.4999995929834065,frac_lost: 0.105, li_recovered:  8.230, time: 0.005158476000360679
L: 0.50, u_super: 0.00028 — INFEASIBLE (li_recovered=0.000e+00), time: 0.0019907570003852015
L: 0.50, u_super: 0.00219, sec: 118.872, prod: 0.048314, t_ads: 88.2, t_des: 76.5, bed_util_ads: 0.498, bed_util_des: 0.498, des_th: 0.49781889559072073,frac_lost: 0.108, li_recovered:  7.956, time: 0.005075840999779757
L: 0.50, u_super: 0.00633, sec: 352.423, prod: 0.143267, t_ads: 30.6, t_des: 27.8, bed_util_ads: 0.499, bed_util_des: 0.499, des_th: 0.4987609241290469,frac_lost: 0.100, li_recovered:  8.366, time: 0.005009990998587455
L: 0.50, u_super: 0.00388, sec: 211.457, prod: 0.086914, t_ads: 50.1, t_des: 44.3, bed_util_ads: 0.500, bed_util_des: 0.500, des_th: 0.49954165988808286,frac_lost: 0.106, li_recovered:  8.210, time: 0.004519488000369165
L: 0.50, u_super: 0.00272, sec: 146.334, prod: 0.060852, t_ads: 70.8, t_des: 65.3, bed_util_ads: 0.492, bed_util_des: 0.492, des_th: 0.4916272051020497,frac_lost: 0.102, li_recovered:  8.286, time: 0.005783254999187193
L: 0.50, u_super: 0.00451, sec: 250.034, prod: 0.099998, t_ads: 43.2, t_des: 42.7, bed_util_ads: 0.486, bed_util_des: 0.486, des_th: 0.4855701222632099,frac_lost: 0.104, li_recovered:  8.581, time: 0.007002559999818914
L: 0.50, u_super: 0.00551, sec: 304.726, prod: 0.124618, t_ads: 35.1, t_des: 31.5, bed_util_ads: 0.500, bed_util_des: 0.500, des_th: 0.4998527817333872,frac_lost: 0.101, li_recovered:  8.301, time: 0.004434124999534106
L: 0.50, u_super: 0.00361, sec: 196.301, prod: 0.080948, t_ads: 53.8, t_des: 48.1, bed_util_ads: 0.498, bed_util_des: 0.498, des_th: 0.49803672715831077,frac_lost: 0.107, li_recovered:  8.248, time: 0.0045304140003281645
L: 83.60, u_super: 0.00821 — INFEASIBLE (li_recovered=0.000e+00), time: 0.0012915989991597598
L: 0.50, u_super: 0.00988, sec: 575.183, prod: 0.224185, t_ads: 19.7, t_des: 18.2, bed_util_ads: 0.498, bed_util_des: 0.498, des_th: 0.4978494743838837,frac_lost: 0.103, li_recovered:  8.498, time: 0.005518603000382427
L: 0.50, u_super: 0.00804, sec: 478.744, prod: 0.174378, t_ads: 24.3, t_des: 25.6, bed_util_ads: 0.481, bed_util_des: 0.481, des_th: 0.4805453103768071,frac_lost: 0.106, li_recovered:  8.693, time: 0.006540250999023556
L: 0.50, u_super: 0.00135, sec: 73.284, prod: 0.029188, t_ads: 142.0, t_des: 124.7, bed_util_ads: 0.493, bed_util_des: 0.493, des_th: 0.4929584978271942,frac_lost: 0.108, li_recovered:  7.785, time: 0.00398058199971274
L: 0.50, u_super: 0.00912, sec: 526.504, prod: 0.206526, t_ads: 21.5, t_des: 19.5, bed_util_ads: 0.500, bed_util_des: 0.500, des_th: 0.4998176021165018,frac_lost: 0.106, li_recovered:  8.452, time: 0.00878484200075036
L: 36.29, u_super: 0.00533 — INFEASIBLE (li_recovered=0.000e+00), time: 0.0018620190003275638
L: 0.50, u_super: 0.00313, sec: 169.342, prod: 0.069740, t_ads: 61.7, t_des: 54.2, bed_util_ads: 0.499, bed_util_des: 0.499, des_th: 0.498713504582694,frac_lost: 0.102, li_recovered:  8.083, time: 0.004689838000558666
L: 0.50, u_super: 0.00404, sec: 222.193, prod: 0.089934, t_ads: 48.0, t_des: 47.0, bed_util_ads: 0.487, bed_util_des: 0.486, des_th: 0.4861384002950364,frac_lost: 0.103, li_recovered:  8.545, time: 0.005756288001066423
L: 25.79, u_super: 0.00598 — INFEASIBLE (li_recovered=0.000e+00), time: 0.001269627000510809
L: 0.50, u_super: 0.00574, sec: 318.132, prod: 0.129896, t_ads: 33.8, t_des: 31.0, bed_util_ads: 0.497, bed_util_des: 0.497, des_th: 0.4971738140194017,frac_lost: 0.102, li_recovered:  8.411, time: 0.005982852000670391
L: 0.50, u_super: 0.00553, sec: 308.382, prod: 0.123970, t_ads: 35.1, t_des: 34.1, bed_util_ads: 0.489, bed_util_des: 0.488, des_th: 0.4884307221502002,frac_lost: 0.102, li_recovered:  8.573, time: 0.005098855001051561
L: 0.50, u_super: 0.00420, sec: 237.820, prod: 0.091044, t_ads: 46.2, t_des: 48.4, bed_util_ads: 0.479, bed_util_des: 0.479, des_th: 0.47863721964785966,frac_lost: 0.104, li_recovered:  8.617, time: 0.0051666139988810755
   148 |     5920 |     40 |  0.0039486369 |         nadir
L: 0.50, u_super: 0.00029 — INFEASIBLE (li_recovered=0.000e+00), time: 0.0034331530005147215
L: 0.50, u_super: 0.00862, sec: 518.070, prod: 0.186439, t_ads: 22.7, t_des: 24.0, bed_util_ads: 0.480, bed_util_des: 0.479, des_th: 0.4793047014474359,frac_lost: 0.106, li_recovered:  8.700, time: 0.005770540999947116
L: 0.50, u_super: 0.00219, sec: 118.835, prod: 0.048329, t_ads: 88.1, t_des: 76.5, bed_util_ads: 0.498, bed_util_des: 0.498, des_th: 0.49781889559072073,frac_lost: 0.107, li_recovered:  7.955, time: 0.005728362000809284
L: 0.50, u_super: 0.00074, sec: 41.476, prod: 0.015365, t_ads: 251.6, t_des: 221.8, bed_util_ads: 0.483, bed_util_des: 0.482, des_th: 0.4819766675857138,frac_lost: 0.105, li_recovered:  7.274, time: 0.005907308999667293
L: 0.50, u_super: 0.00733, sec: 414.389, prod: 0.165656, t_ads: 26.7, t_des: 24.3, bed_util_ads: 0.498, bed_util_des: 0.498, des_th: 0.49769959452352475,frac_lost: 0.107, li_recovered:  8.443, time: 0.006956815001103678
L: 17.95, u_super: 0.00144 — INFEASIBLE (li_recovered=0.000e+00), time: 0.001282421999349026
L: 0.50, u_super: 0.00252, sec: 135.565, prod: 0.056243, t_ads: 76.5, t_des: 70.6, bed_util_ads: 0.492, bed_util_des: 0.492, des_th: 0.4916272051020497,frac_lost: 0.104, li_recovered:  8.273, time: 0.007430191000821651
L: 0.50, u_super: 0.00387, sec: 227.707, prod: 0.080177, t_ads: 50.4, t_des: 57.2, bed_util_ads: 0.468, bed_util_des: 0.467, des_th: 0.4674729782089124,frac_lost: 0.107, li_recovered:  8.626, time: 0.00712763299998187
L: 0.50, u_super: 0.00912, sec: 526.559, prod: 0.206500, t_ads: 21.4, t_des: 19.2, bed_util_ads: 0.500, bed_util_des: 0.500, des_th: 0.4996463860577008,frac_lost: 0.105, li_recovered:  8.399, time: 0.006121190999692772
L: 0.50, u_super: 0.00180, sec: 98.428, prod: 0.038946, t_ads: 106.4, t_des: 89.8, bed_util_ads: 0.500, bed_util_des: 0.500, des_th: 0.4996463860577008,frac_lost: 0.103, li_recovered:  7.639, time: 0.00711231700006465
L: 0.50, u_super: 0.00493, sec: 271.652, prod: 0.111055, t_ads: 39.5, t_des: 35.1, bed_util_ads: 0.500, bed_util_des: 0.500, des_th: 0.49975234032141547,frac_lost: 0.106, li_recovered:  8.287, time: 0.005732765001084772
L: 0.50, u_super: 0.00602, sec: 334.697, prod: 0.136260, t_ads: 32.2, t_des: 29.2, bed_util_ads: 0.499, bed_util_des: 0.499, des_th: 0.49864249686386297,frac_lost: 0.102, li_recovered:  8.377, time: 0.006266092999794637
L: 0.50, u_super: 0.00328, sec: 176.746, prod: 0.073565, t_ads: 58.9, t_des: 54.2, bed_util_ads: 0.494, bed_util_des: 0.494, des_th: 0.49378695287953533,frac_lost: 0.101, li_recovered:  8.321, time: 0.00835545399968396
L: 16.63, u_super: 0.00141 — INFEASIBLE (li_recovered=0.000e+00), time: 0.0016202730002987664
L: 0.50, u_super: 0.00374, sec: 203.285, prod: 0.083783, t_ads: 52.1, t_des: 46.5, bed_util_ads: 0.498, bed_util_des: 0.498, des_th: 0.4980026302449387,frac_lost: 0.107, li_recovered:  8.263, time: 0.006077782998545445
L: 0.50, u_super: 0.00757, sec: 428.416, prod: 0.171371, t_ads: 25.7, t_des: 22.9, bed_util_ads: 0.500, bed_util_des: 0.500, des_th: 0.4998618526608009,frac_lost: 0.101, li_recovered:  8.327, time: 0.005922805999944103
L: 0.50, u_super: 0.00397, sec: 216.689, prod: 0.088944, t_ads: 49.0, t_des: 43.2, bed_util_ads: 0.500, bed_util_des: 0.500, des_th: 0.49989847236188195,frac_lost: 0.106, li_recovered:  8.195, time: 0.004769903000124032
L: 0.50, u_super: 0.00011 — INFEASIBLE (li_recovered=0.000e+00), time: 0.0021294439993653214
L: 0.50, u_super: 0.00954, sec: 1243.346, prod: 0.096322, t_ads: 20.6, t_des: 70.3, bed_util_ads: 0.339, bed_util_des: 0.337, des_th: 0.33717158841806955,frac_lost: 0.107, li_recovered:  8.754, time: 0.010035392999270698
L: 3.52, u_super: 0.00849 — INFEASIBLE (li_recovered=0.000e+00), time: 0.0025437630010856083
L: 0.50, u_super: 0.00492, sec: 270.175, prod: 0.111054, t_ads: 39.5, t_des: 36.0, bed_util_ads: 0.497, bed_util_des: 0.497, des_th: 0.4970628393022985,frac_lost: 0.103, li_recovered:  8.384, time: 0.006663849999313243
L: 0.50, u_super: 0.00130, sec: 70.797, prod: 0.028051, t_ads: 146.3, t_des: 127.8, bed_util_ads: 0.493, bed_util_des: 0.493, des_th: 0.49279128375962933,frac_lost: 0.104, li_recovered:  7.690, time: 0.006730290000632522
L: 0.50, u_super: 0.00979, sec: 569.649, prod: 0.222122, t_ads: 19.9, t_des: 18.4, bed_util_ads: 0.498, bed_util_des: 0.498, des_th: 0.497597037941437,frac_lost: 0.103, li_recovered:  8.502, time: 0.006242043000384001
L: 0.50, u_super: 0.00990, sec: 576.598, prod: 0.224584, t_ads: 19.7, t_des: 17.9, bed_util_ads: 0.500, bed_util_des: 0.500, des_th: 0.49975232114172957,frac_lost: 0.104, li_recovered:  8.452, time: 0.004771500000060769
L: 0.50, u_super: 0.00659, sec: 368.362, prod: 0.149271, t_ads: 29.4, t_des: 26.6, bed_util_ads: 0.499, bed_util_des: 0.499, des_th: 0.49874895279616743,frac_lost: 0.101, li_recovered:  8.371, time: 0.004014432999611017
L: 0.50, u_super: 0.00314, sec: 168.956, prod: 0.070406, t_ads: 61.4, t_des: 56.7, bed_util_ads: 0.493, bed_util_des: 0.493, des_th: 0.4929258140993067,frac_lost: 0.100, li_recovered:  8.315, time: 0.005771002999608754
L: 0.50, u_super: 0.00827, sec: 473.029, prod: 0.187214, t_ads: 23.6, t_des: 21.4, bed_util_ads: 0.499, bed_util_des: 0.499, des_th: 0.49874079225586254,frac_lost: 0.106, li_recovered:  8.437, time: 0.005561423999097315
L: 79.17, u_super: 0.00988 — INFEASIBLE (li_recovered=0.000e+00), time: 0.0017488180001237197
L: 0.50, u_super: 0.00976, sec: 567.511, prod: 0.221247, t_ads: 20.0, t_des: 18.4, bed_util_ads: 0.497, bed_util_des: 0.497, des_th: 0.49703425164789755,frac_lost: 0.104, li_recovered:  8.499, time: 0.006636680000156048
L: 0.50, u_super: 0.00694, sec: 391.245, prod: 0.156734, t_ads: 28.2, t_des: 25.3, bed_util_ads: 0.500, bed_util_des: 0.499, des_th: 0.4994794761842304,frac_lost: 0.108, li_recovered:  8.388, time: 0.008069030000115163
L: 0.50, u_super: 0.00167, sec: 90.109, prod: 0.036668, t_ads: 114.4, t_des: 101.6, bed_util_ads: 0.493, bed_util_des: 0.493, des_th: 0.4929990058111658,frac_lost: 0.103, li_recovered:  7.921, time: 0.005877174999113777
L: 0.50, u_super: 0.00633, sec: 352.423, prod: 0.143267, t_ads: 30.6, t_des: 27.8, bed_util_ads: 0.499, bed_util_des: 0.499, des_th: 0.4987609241290469,frac_lost: 0.100, li_recovered:  8.366, time: 0.006207084999914514
L: 0.50, u_super: 0.00157, sec: 84.743, prod: 0.034256, t_ads: 122.3, t_des: 118.8, bed_util_ads: 0.481, bed_util_des: 0.480, des_th: 0.4802076975623468,frac_lost: 0.105, li_recovered:  8.260, time: 0.007689605001360178
L: 0.50, u_super: 0.00777, sec: 442.042, prod: 0.175605, t_ads: 25.2, t_des: 22.8, bed_util_ads: 0.499, bed_util_des: 0.499, des_th: 0.498774889169232,frac_lost: 0.108, li_recovered:  8.441, time: 0.007107945999450749
L: 0.50, u_super: 0.00430, sec: 235.891, prod: 0.096502, t_ads: 45.2, t_des: 42.8, bed_util_ads: 0.491, bed_util_des: 0.491, des_th: 0.4911526193101805,frac_lost: 0.106, li_recovered:  8.492, time: 0.006631878999542096
L: 0.50, u_super: 0.00650, sec: 364.198, prod: 0.146667, t_ads: 30.1, t_des: 27.4, bed_util_ads: 0.499, bed_util_des: 0.499, des_th: 0.49874895279616743,frac_lost: 0.108, li_recovered:  8.432, time: 0.005935392999163014
L: 0.50, u_super: 0.00240, sec: 273.684, prod: 0.025269, t_ads: 81.4, t_des: 262.0, bed_util_ads: 0.340, bed_util_des: 0.334, des_th: 0.33387789730993683,frac_lost: 0.106, li_recovered:  8.677, time: 0.010445842999615707
L: 0.50, u_super: 0.00135, sec: 80.314, prod: 0.026867, t_ads: 141.8, t_des: 169.5, bed_util_ads: 0.453, bed_util_des: 0.450, des_th: 0.4502563220307697,frac_lost: 0.106, li_recovered:  8.364, time: 0.009783969000636716
L: 16.56, u_super: 0.00912 — INFEASIBLE (li_recovered=0.000e+00), time: 0.003042948999791406
L: 0.50, u_super: 0.00057, sec: 33.768, prod: 0.011243, t_ads: 319.6, t_des: 266.3, bed_util_ads: 0.481, bed_util_des: 0.481, des_th: 0.4812988598190406,frac_lost: 0.106, li_recovered:  6.587, time: 0.004404009001518716
   149 |     5960 |     40 |  0.0037447326 |             f
L: 6.36, u_super: 0.00525 — INFEASIBLE (li_recovered=0.000e+00), time: 0.0024333510009455495
L: 0.50, u_super: 0.00011, sec: 10.482, prod: 0.001397, t_ads: 1106.4, t_des: 1244.5, bed_util_ads: 0.340, bed_util_des: 0.335, des_th: 0.3355100912040214,frac_lost: 0.101, li_recovered:  3.284, time: 0.005378325999117806
L: 0.50, u_super: 0.00328, sec: 177.319, prod: 0.073327, t_ads: 59.4, t_des: 53.7, bed_util_ads: 0.497, bed_util_des: 0.496, des_th: 0.4962945843593226,frac_lost: 0.107, li_recovered:  8.293, time: 0.006174390999149182
L: 11.98, u_super: 0.00940, sec: 15435.230, prod: 0.180037, t_ads: 446.7, t_des: 402.2, bed_util_ads: 0.459, bed_util_des: 0.458, des_th: 0.45779896220203514,frac_lost: 0.104, li_recovered:  152.841, time: 0.006130049001512816
L: 0.50, u_super: 0.00582, sec: 322.841, prod: 0.131367, t_ads: 33.4, t_des: 29.9, bed_util_ads: 0.500, bed_util_des: 0.500, des_th: 0.4997275809196764,frac_lost: 0.103, li_recovered:  8.316, time: 0.006795579000026919
L: 0.50, u_super: 0.00694, sec: 394.383, prod: 0.155554, t_ads: 28.2, t_des: 27.1, bed_util_ads: 0.492, bed_util_des: 0.492, des_th: 0.4916272051020497,frac_lost: 0.108, li_recovered:  8.600, time: 0.006529796000904753
L: 0.50, u_super: 0.00875, sec: 503.777, prod: 0.198107, t_ads: 22.4, t_des: 20.1, bed_util_ads: 0.500, bed_util_des: 0.500, des_th: 0.49978000005969553,frac_lost: 0.107, li_recovered:  8.403, time: 0.004423330999998143
L: 0.50, u_super: 0.00470, sec: 258.191, prod: 0.105819, t_ads: 41.4, t_des: 36.9, bed_util_ads: 0.500, bed_util_des: 0.500, des_th: 0.49960979783167264,frac_lost: 0.105, li_recovered:  8.281, time: 0.008192472998416633
L: 0.50, u_super: 0.00107, sec: 57.966, prod: 0.023125, t_ads: 175.9, t_des: 163.5, bed_util_ads: 0.482, bed_util_des: 0.481, des_th: 0.48148421407696795,frac_lost: 0.100, li_recovered:  7.848, time: 0.004543686000033631
L: 14.63, u_super: 0.00312 — INFEASIBLE (li_recovered=0.000e+00), time: 0.0012969239996891702
L: 0.50, u_super: 0.00398, sec: 216.668, prod: 0.089226, t_ads: 48.9, t_des: 43.7, bed_util_ads: 0.499, bed_util_des: 0.499, des_th: 0.49910435182565455,frac_lost: 0.106, li_recovered:  8.260, time: 0.006133863998911693
L: 0.50, u_super: 0.00650, sec: 801.710, prod: 0.066761, t_ads: 30.0, t_des: 100.9, bed_util_ads: 0.339, bed_util_des: 0.337, des_th: 0.33729715120699244,frac_lost: 0.102, li_recovered:  8.735, time: 0.011899295001057908
L: 8.01, u_super: 0.00783 — INFEASIBLE (li_recovered=0.000e+00), time: 0.0024437439988105325
L: 18.97, u_super: 0.00921 — INFEASIBLE (li_recovered=0.000e+00), time: 0.003654991998701007
L: 0.50, u_super: 0.00212, sec: 115.206, prod: 0.046583, t_ads: 91.0, t_des: 78.4, bed_util_ads: 0.500, bed_util_des: 0.500, des_th: 0.4996703401923753,frac_lost: 0.108, li_recovered:  7.894, time: 0.006334845000310452
L: 0.83, u_super: 0.00349, sec: 320.088, prod: 0.076799, t_ads: 91.2, t_des: 79.1, bed_util_ads: 0.498, bed_util_des: 0.498, des_th: 0.49789029242923827,frac_lost: 0.101, li_recovered:  13.076, time: 0.005033303001255263
L: 2.32, u_super: 0.00472 — INFEASIBLE (li_recovered=0.000e+00), time: 0.006354532999466755
L: 0.50, u_super: 0.00270, sec: 145.473, prod: 0.060376, t_ads: 71.4, t_des: 66.6, bed_util_ads: 0.492, bed_util_des: 0.492, des_th: 0.4916272051020497,frac_lost: 0.104, li_recovered:  8.333, time: 0.005727355999624706
L: 0.50, u_super: 0.00884, sec: 551.473, prod: 0.184663, t_ads: 22.1, t_des: 25.1, bed_util_ads: 0.471, bed_util_des: 0.471, des_th: 0.4710893505865296,frac_lost: 0.105, li_recovered:  8.710, time: 0.0063692899984744145
L: 0.50, u_super: 0.00228, sec: 122.935, prod: 0.050321, t_ads: 85.0, t_des: 74.7, bed_util_ads: 0.498, bed_util_des: 0.498, des_th: 0.49781088100292636,frac_lost: 0.108, li_recovered:  8.037, time: 0.005714370001442148
L: 0.50, u_super: 0.00038, sec: 23.128, prod: 0.007215, t_ads: 459.7, t_des: 416.6, bed_util_ads: 0.458, bed_util_des: 0.456, des_th: 0.456465273890446,frac_lost: 0.103, li_recovered:  6.323, time: 0.0061846419994253665
L: 0.50, u_super: 0.00849, sec: 486.998, prod: 0.192049, t_ads: 23.1, t_des: 20.7, bed_util_ads: 0.500, bed_util_des: 0.500, des_th: 0.49997860276536765,frac_lost: 0.107, li_recovered:  8.395, time: 0.009523127000647946
L: 1.12, u_super: 0.00698, sec: 890.649, prod: 0.155789, t_ads: 61.8, t_des: 54.3, bed_util_ads: 0.500, bed_util_des: 0.499, des_th: 0.4993546742984741,frac_lost: 0.102, li_recovered:  18.081, time: 0.006397789000402554
L: 0.50, u_super: 0.00960, sec: 563.489, prod: 0.215225, t_ads: 20.3, t_des: 19.8, bed_util_ads: 0.491, bed_util_des: 0.491, des_th: 0.49068352483008276,frac_lost: 0.104, li_recovered:  8.641, time: 0.006362265999996453
L: 0.50, u_super: 0.00252, sec: 136.661, prod: 0.055726, t_ads: 76.6, t_des: 66.4, bed_util_ads: 0.500, bed_util_des: 0.499, des_th: 0.4994794761842304,frac_lost: 0.105, li_recovered:  7.967, time: 0.006290038998486125
L: 0.50, u_super: 0.00435, sec: 238.077, prod: 0.097571, t_ads: 44.7, t_des: 42.4, bed_util_ads: 0.491, bed_util_des: 0.491, des_th: 0.49100469845211125,frac_lost: 0.104, li_recovered:  8.492, time: 0.006849825998870074
L: 0.50, u_super: 0.00664, sec: 372.829, prod: 0.149669, t_ads: 29.5, t_des: 27.1, bed_util_ads: 0.497, bed_util_des: 0.497, des_th: 0.4970628393022985,frac_lost: 0.109, li_recovered:  8.471, time: 0.007378160000371281
L: 0.50, u_super: 0.00171, sec: 91.726, prod: 0.037704, t_ads: 111.7, t_des: 101.7, bed_util_ads: 0.491, bed_util_des: 0.491, des_th: 0.4909999798784235,frac_lost: 0.101, li_recovered:  8.047, time: 0.008329078000315349
L: 0.50, u_super: 0.00605, sec: 336.160, prod: 0.136706, t_ads: 32.2, t_des: 29.1, bed_util_ads: 0.499, bed_util_des: 0.498, des_th: 0.4984288305837582,frac_lost: 0.103, li_recovered:  8.374, time: 0.0066406839996489
L: 0.50, u_super: 0.00580, sec: 321.364, prod: 0.131031, t_ads: 33.4, t_des: 29.9, bed_util_ads: 0.500, bed_util_des: 0.500, des_th: 0.49975070902509583,frac_lost: 0.101, li_recovered:  8.301, time: 0.0046549290000257315
L: 0.50, u_super: 0.00029 — INFEASIBLE (li_recovered=0.000e+00), time: 0.0018381879999651574
L: 0.50, u_super: 0.00073, sec: 43.547, prod: 0.014503, t_ads: 255.7, t_des: 297.1, bed_util_ads: 0.446, bed_util_des: 0.442, des_th: 0.44164381341542447,frac_lost: 0.106, li_recovered:  8.018, time: 0.00470665900138556
L: 16.33, u_super: 0.00733 — INFEASIBLE (li_recovered=0.000e+00), time: 0.001765737999448902
L: 0.50, u_super: 0.00841, sec: 482.982, prod: 0.189933, t_ads: 23.3, t_des: 21.6, bed_util_ads: 0.496, bed_util_des: 0.496, des_th: 0.49632636552557247,frac_lost: 0.108, li_recovered:  8.532, time: 0.005256131000351161
L: 0.50, u_super: 0.00694, sec: 402.428, prod: 0.152378, t_ads: 28.0, t_des: 28.9, bed_util_ads: 0.482, bed_util_des: 0.481, des_th: 0.48132999815248595,frac_lost: 0.101, li_recovered:  8.665, time: 0.005530619000637671
L: 0.50, u_super: 0.00533, sec: 294.108, prod: 0.120277, t_ads: 36.4, t_des: 32.5, bed_util_ads: 0.499, bed_util_des: 0.499, des_th: 0.4988291263337097,frac_lost: 0.102, li_recovered:  8.291, time: 0.006141683999885572
L: 0.50, u_super: 0.00432, sec: 236.690, prod: 0.097019, t_ads: 45.0, t_des: 42.5, bed_util_ads: 0.491, bed_util_des: 0.491, des_th: 0.4911526193101805,frac_lost: 0.105, li_recovered:  8.484, time: 0.006808263000493753
L: 0.50, u_super: 0.00879, sec: 505.662, prod: 0.199156, t_ads: 22.2, t_des: 20.2, bed_util_ads: 0.500, bed_util_des: 0.500, des_th: 0.49964622027903854,frac_lost: 0.106, li_recovered:  8.441, time: 0.004261146999851917
L: 0.50, u_super: 0.00397, sec: 230.703, prod: 0.083541, t_ads: 48.9, t_des: 54.3, bed_util_ads: 0.472, bed_util_des: 0.471, des_th: 0.47097084146298535,frac_lost: 0.104, li_recovered:  8.623, time: 0.004993544000171823
L: 0.50, u_super: 0.00880, sec: 506.273, prod: 0.199166, t_ads: 22.2, t_des: 20.1, bed_util_ads: 0.500, bed_util_des: 0.500, des_th: 0.49961090178583695,frac_lost: 0.107, li_recovered:  8.443, time: 0.006686627999442862
   150 |     6000 |     40 |  0.0013543042 |             f
L: 0.50, u_super: 0.00398, sec: 216.582, prod: 0.089262, t_ads: 48.9, t_des: 43.6, bed_util_ads: 0.499, bed_util_des: 0.499, des_th: 0.49910435182565455,frac_lost: 0.105, li_recovered:  8.259, time: 0.004504571999859763
L: 0.50, u_super: 0.00946, sec: 606.270, prod: 0.194096, t_ads: 20.6, t_des: 24.3, bed_util_ads: 0.466, bed_util_des: 0.465, des_th: 0.4654910679417017,frac_lost: 0.104, li_recovered:  8.714, time: 0.004278479998902185
L: 0.50, u_super: 0.00076, sec: 42.647, prod: 0.015852, t_ads: 244.3, t_des: 215.3, bed_util_ads: 0.482, bed_util_des: 0.481, des_th: 0.4812988598190406,frac_lost: 0.104, li_recovered:  7.286, time: 0.004736938000860391
L: 0.50, u_super: 0.00757, sec: 429.573, prod: 0.170909, t_ads: 25.9, t_des: 23.1, bed_util_ads: 0.500, bed_util_des: 0.500, des_th: 0.49997326577665496,frac_lost: 0.108, li_recovered:  8.379, time: 0.004171840999333654
L: 0.50, u_super: 0.00956, sec: 555.047, prod: 0.216834, t_ads: 20.4, t_des: 18.5, bed_util_ads: 0.500, bed_util_des: 0.500, des_th: 0.4998555690111489,frac_lost: 0.105, li_recovered:  8.446, time: 0.003966890000810963
L: 0.50, u_super: 0.00445, sec: 243.285, prod: 0.100099, t_ads: 43.7, t_des: 39.5, bed_util_ads: 0.497, bed_util_des: 0.497, des_th: 0.4969914162843007,frac_lost: 0.105, li_recovered:  8.333, time: 0.0042352890013717115
L: 0.50, u_super: 0.00694, sec: 860.297, prod: 0.071279, t_ads: 28.1, t_des: 94.5, bed_util_ads: 0.339, bed_util_des: 0.337, des_th: 0.3373563082536144,frac_lost: 0.101, li_recovered:  8.737, time: 0.008000830999662867
L: 0.50, u_super: 0.00633, sec: 352.830, prod: 0.143102, t_ads: 30.7, t_des: 27.8, bed_util_ads: 0.499, bed_util_des: 0.499, des_th: 0.4987491896068857,frac_lost: 0.103, li_recovered:  8.371, time: 0.004233442999975523
L: 0.50, u_super: 0.00165, sec: 88.813, prod: 0.036238, t_ads: 115.9, t_des: 104.0, bed_util_ads: 0.492, bed_util_des: 0.492, des_th: 0.49167855777030794,frac_lost: 0.103, li_recovered:  7.971, time: 0.0039772489999450045
L: 49.84, u_super: 0.00849 — INFEASIBLE (li_recovered=0.000e+00), time: 0.0010642469987942604
L: 41.64, u_super: 0.00450 — INFEASIBLE (li_recovered=0.000e+00), time: 0.0009263520005333703
L: 0.50, u_super: 0.00541, sec: 298.575, prod: 0.121994, t_ads: 35.9, t_des: 32.1, bed_util_ads: 0.499, bed_util_des: 0.499, des_th: 0.49871220453664183,frac_lost: 0.102, li_recovered:  8.299, time: 0.0033922410002560355
L: 0.50, u_super: 0.00703, sec: 396.737, prod: 0.158666, t_ads: 27.9, t_des: 24.9, bed_util_ads: 0.500, bed_util_des: 0.500, des_th: 0.49974357654239954,frac_lost: 0.109, li_recovered:  8.372, time: 0.004638495000108378
L: 0.50, u_super: 0.00107 — INFEASIBLE (li_recovered=0.000e+00), time: 0.0024030910008150386
L: 29.98, u_super: 0.00491 — INFEASIBLE (li_recovered=0.000e+00), time: 0.0011725019994628383
L: 0.50, u_super: 0.00077 — INFEASIBLE (li_recovered=0.000e+00), time: 0.0026789759995153872
L: 0.50, u_super: 0.00822, sec: 474.027, prod: 0.184590, t_ads: 23.8, t_des: 22.9, bed_util_ads: 0.492, bed_util_des: 0.492, des_th: 0.4919088277957111,frac_lost: 0.106, li_recovered:  8.616, time: 0.005034294999859412
L: 0.50, u_super: 0.00912, sec: 530.888, prod: 0.204821, t_ads: 21.5, t_des: 20.6, bed_util_ads: 0.492, bed_util_des: 0.492, des_th: 0.4915921918374767,frac_lost: 0.106, li_recovered:  8.620, time: 0.005603870000413735
L: 0.50, u_super: 0.00349, sec: 189.500, prod: 0.078070, t_ads: 55.8, t_des: 49.8, bed_util_ads: 0.498, bed_util_des: 0.498, des_th: 0.4978556789587711,frac_lost: 0.108, li_recovered:  8.242, time: 0.005384144000345259
L: 7.12, u_super: 0.00187 — INFEASIBLE (li_recovered=0.000e+00), time: 0.0014417200000025332
L: 0.50, u_super: 0.00058, sec: 35.075, prod: 0.011012, t_ads: 322.8, t_des: 389.6, bed_util_ads: 0.435, bed_util_des: 0.429, des_th: 0.4287917176160843,frac_lost: 0.105, li_recovered:  7.845, time: 0.0064746989992272574
L: 0.50, u_super: 0.00212, sec: 115.318, prod: 0.046537, t_ads: 90.3, t_des: 77.4, bed_util_ads: 0.500, bed_util_des: 0.500, des_th: 0.4996700035260829,frac_lost: 0.102, li_recovered:  7.807, time: 0.007324883999899612
L: 0.50, u_super: 0.00990, sec: 577.218, prod: 0.224145, t_ads: 19.8, t_des: 17.9, bed_util_ads: 0.500, bed_util_des: 0.500, des_th: 0.4997275809196764,frac_lost: 0.107, li_recovered:  8.459, time: 0.005999685001370381
L: 0.50, u_super: 0.00011 — INFEASIBLE (li_recovered=0.000e+00), time: 0.0016057479988376144
L: 0.50, u_super: 0.00533, sec: 293.902, prod: 0.120362, t_ads: 36.3, t_des: 32.6, bed_util_ads: 0.499, bed_util_des: 0.499, des_th: 0.49896672425642297,frac_lost: 0.101, li_recovered:  8.294, time: 0.0060944260003452655
L: 0.50, u_super: 0.00917, sec: 529.770, prod: 0.207721, t_ads: 21.3, t_des: 19.1, bed_util_ads: 0.500, bed_util_des: 0.500, des_th: 0.4996463860577008,frac_lost: 0.105, li_recovered:  8.401, time: 0.0051592939998954535
L: 0.50, u_super: 0.00210, sec: 112.625, prod: 0.046457, t_ads: 92.1, t_des: 84.5, bed_util_ads: 0.492, bed_util_des: 0.492, des_th: 0.4916272051020497,frac_lost: 0.107, li_recovered:  8.204, time: 0.005701720001525246
L: 51.75, u_super: 0.00289 — INFEASIBLE (li_recovered=0.000e+00), time: 0.0011195150000276044
L: 0.50, u_super: 0.00204, sec: 110.830, prod: 0.044633, t_ads: 94.8, t_des: 81.3, bed_util_ads: 0.500, bed_util_des: 0.500, des_th: 0.499707714045701,frac_lost: 0.108, li_recovered:  7.858, time: 0.00597471599940036
L: 18.28, u_super: 0.00970 — INFEASIBLE (li_recovered=0.000e+00), time: 0.0022132650010462385
L: 0.50, u_super: 0.00011, sec: 10.471, prod: 0.001398, t_ads: 1107.7, t_des: 1245.7, bed_util_ads: 0.340, bed_util_des: 0.335, des_th: 0.3355100912040214,frac_lost: 0.101, li_recovered:  3.291, time: 0.00439603800077748
L: 0.50, u_super: 0.00969, sec: 562.919, prod: 0.219605, t_ads: 20.2, t_des: 18.3, bed_util_ads: 0.500, bed_util_des: 0.500, des_th: 0.4997275809196764,frac_lost: 0.105, li_recovered:  8.454, time: 0.005123679000462289
L: 0.50, u_super: 0.00229, sec: 123.558, prod: 0.050603, t_ads: 84.4, t_des: 74.0, bed_util_ads: 0.498, bed_util_des: 0.498, des_th: 0.4978018033938339,frac_lost: 0.106, li_recovered:  8.016, time: 0.0038997139999992214
L: 0.50, u_super: 0.00823, sec: 470.790, prod: 0.186267, t_ads: 23.8, t_des: 21.3, bed_util_ads: 0.500, bed_util_des: 0.500, des_th: 0.49968301742815413,frac_lost: 0.107, li_recovered:  8.402, time: 0.005753123999966192
L: 0.50, u_super: 0.00373, sec: 202.722, prod: 0.083440, t_ads: 52.1, t_des: 46.1, bed_util_ads: 0.500, bed_util_des: 0.500, des_th: 0.4999531200920466,frac_lost: 0.105, li_recovered:  8.198, time: 0.00506998799937719
L: 0.50, u_super: 0.00252, sec: 136.710, prod: 0.055771, t_ads: 76.5, t_des: 66.3, bed_util_ads: 0.499, bed_util_des: 0.499, des_th: 0.49918179571456883,frac_lost: 0.104, li_recovered:  7.962, time: 0.003983884998888243
L: 0.50, u_super: 0.00171, sec: 93.152, prod: 0.037126, t_ads: 111.8, t_des: 95.6, bed_util_ads: 0.498, bed_util_des: 0.498, des_th: 0.4977469679753247,frac_lost: 0.103, li_recovered:  7.700, time: 0.0059882759996980894
L: 0.50, u_super: 0.00638, sec: 357.693, prod: 0.144303, t_ads: 30.5, t_des: 27.3, bed_util_ads: 0.500, bed_util_des: 0.500, des_th: 0.49980338243053063,frac_lost: 0.102, li_recovered:  8.349, time: 0.0053510840007220395
L: 0.50, u_super: 0.00392, sec: 213.557, prod: 0.087939, t_ads: 49.6, t_des: 44.3, bed_util_ads: 0.499, bed_util_des: 0.499, des_th: 0.49910435182565455,frac_lost: 0.107, li_recovered:  8.259, time: 0.008687641000506119
L: 6.78, u_super: 0.00533 — INFEASIBLE (li_recovered=0.000e+00), time: 0.0032244849990092916
   151 |     6040 |     40 |  0.0030677065 |             f
L: 0.50, u_super: 0.00962, sec: 651.292, prod: 0.187272, t_ads: 20.3, t_des: 26.3, bed_util_ads: 0.454, bed_util_des: 0.454, des_th: 0.4537673251453254,frac_lost: 0.103, li_recovered:  8.718, time: 0.006617819000894087
L: 0.50, u_super: 0.00541, sec: 298.237, prod: 0.122133, t_ads: 35.9, t_des: 32.5, bed_util_ads: 0.497, bed_util_des: 0.497, des_th: 0.4972863166545478,frac_lost: 0.102, li_recovered:  8.352, time: 0.004637268999431399
L: 24.50, u_super: 0.00054 — INFEASIBLE (li_recovered=0.000e+00), time: 0.0008830629994918127
L: 0.50, u_super: 0.00827, sec: 473.248, prod: 0.187127, t_ads: 23.7, t_des: 21.4, bed_util_ads: 0.499, bed_util_des: 0.499, des_th: 0.4987668626759831,frac_lost: 0.107, li_recovered:  8.441, time: 0.004034420000607497
L: 0.50, u_super: 0.00252, sec: 162.007, prod: 0.047063, t_ads: 77.1, t_des: 105.1, bed_util_ads: 0.443, bed_util_des: 0.441, des_th: 0.4408127267296968,frac_lost: 0.107, li_recovered:  8.575, time: 0.005215049000980798
L: 0.50, u_super: 0.00684, sec: 385.240, prod: 0.154490, t_ads: 28.6, t_des: 26.3, bed_util_ads: 0.497, bed_util_des: 0.497, des_th: 0.4969914162843007,frac_lost: 0.108, li_recovered:  8.488, time: 0.006597318999411073
L: 3.56, u_super: 0.00893, sec: 3922.705, prod: 0.188911, t_ads: 150.9, t_des: 125.3, bed_util_ads: 0.498, bed_util_des: 0.498, des_th: 0.497597037941437,frac_lost: 0.104, li_recovered:  52.177, time: 0.003928240001187078
L: 0.50, u_super: 0.00729, sec: 413.018, prod: 0.164607, t_ads: 26.8, t_des: 24.9, bed_util_ads: 0.496, bed_util_des: 0.496, des_th: 0.4961712700163593,frac_lost: 0.107, li_recovered:  8.517, time: 0.00673392500175396
L: 0.50, u_super: 0.00685, sec: 383.957, prod: 0.155208, t_ads: 28.3, t_des: 25.7, bed_util_ads: 0.499, bed_util_des: 0.499, des_th: 0.498774889169232,frac_lost: 0.101, li_recovered:  8.381, time: 0.004464638999706949
L: 0.50, u_super: 0.00509, sec: 315.056, prod: 0.102019, t_ads: 38.2, t_des: 46.7, bed_util_ads: 0.459, bed_util_des: 0.459, des_th: 0.4585838595183556,frac_lost: 0.102, li_recovered:  8.662, time: 0.00730085000031977
L: 0.50, u_super: 0.00987, sec: 575.007, prod: 0.223794, t_ads: 19.8, t_des: 17.8, bed_util_ads: 0.500, bed_util_des: 0.500, des_th: 0.4998480192449277,frac_lost: 0.105, li_recovered:  8.403, time: 0.005167161998542724
L: 0.50, u_super: 0.00430, sec: 237.998, prod: 0.095647, t_ads: 45.3, t_des: 44.3, bed_util_ads: 0.488, bed_util_des: 0.488, des_th: 0.48769676283485597,frac_lost: 0.107, li_recovered:  8.565, time: 0.005519360000107554
L: 0.50, u_super: 0.00465, sec: 254.614, prod: 0.104592, t_ads: 41.9, t_des: 38.3, bed_util_ads: 0.497, bed_util_des: 0.497, des_th: 0.4970000900650989,frac_lost: 0.106, li_recovered:  8.393, time: 0.006556578999152407
L: 0.50, u_super: 0.00489, sec: 268.136, prod: 0.110275, t_ads: 39.7, t_des: 36.3, bed_util_ads: 0.497, bed_util_des: 0.497, des_th: 0.4970628393022985,frac_lost: 0.103, li_recovered:  8.389, time: 0.00558098900000914
L: 5.65, u_super: 0.00849 — INFEASIBLE (li_recovered=0.000e+00), time: 0.0022268850007094443
L: 0.50, u_super: 0.00534, sec: 294.617, prod: 0.120671, t_ads: 36.3, t_des: 32.6, bed_util_ads: 0.499, bed_util_des: 0.499, des_th: 0.4987135275075225,frac_lost: 0.101, li_recovered:  8.309, time: 0.0043443269987619715
L: 0.50, u_super: 0.00007 — INFEASIBLE (li_recovered=0.000e+00), time: 0.0021470210012921598
L: 0.50, u_super: 0.00475, sec: 261.060, prod: 0.107025, t_ads: 40.9, t_des: 36.5, bed_util_ads: 0.500, bed_util_des: 0.500, des_th: 0.49978000005969553,frac_lost: 0.105, li_recovered:  8.285, time: 0.004671675998906721
L: 0.50, u_super: 0.00804, sec: 460.197, prod: 0.181406, t_ads: 24.4, t_des: 22.8, bed_util_ads: 0.496, bed_util_des: 0.495, des_th: 0.49534943108866597,frac_lost: 0.108, li_recovered:  8.554, time: 0.005174641999474261
L: 5.13, u_super: 0.00694 — INFEASIBLE (li_recovered=0.000e+00), time: 0.003619638000600389
L: 0.50, u_super: 0.00165, sec: 89.971, prod: 0.035771, t_ads: 116.0, t_des: 99.1, bed_util_ads: 0.498, bed_util_des: 0.498, des_th: 0.49757134917134166,frac_lost: 0.104, li_recovered:  7.694, time: 0.005295963999742526
L: 0.50, u_super: 0.00038 — INFEASIBLE (li_recovered=0.000e+00), time: 0.0030524659996444825
L: 0.50, u_super: 0.00544, sec: 300.770, prod: 0.122917, t_ads: 35.6, t_des: 31.9, bed_util_ads: 0.500, bed_util_des: 0.500, des_th: 0.49974180622298725,frac_lost: 0.102, li_recovered:  8.307, time: 0.007722946998910629
L: 0.50, u_super: 0.00605, sec: 336.160, prod: 0.136706, t_ads: 32.2, t_des: 29.1, bed_util_ads: 0.499, bed_util_des: 0.498, des_th: 0.4984288305837582,frac_lost: 0.103, li_recovered:  8.374, time: 0.00681411099867546
L: 0.50, u_super: 0.00990, sec: 577.095, prod: 0.224389, t_ads: 19.8, t_des: 18.0, bed_util_ads: 0.500, bed_util_des: 0.500, des_th: 0.4997275809196764,frac_lost: 0.106, li_recovered:  8.463, time: 0.007702364000579109
L: 0.50, u_super: 0.00192, sec: 103.008, prod: 0.042573, t_ads: 99.5, t_des: 90.6, bed_util_ads: 0.492, bed_util_des: 0.491, des_th: 0.49145911375525425,frac_lost: 0.100, li_recovered:  8.094, time: 0.005894830001125229
L: 0.50, u_super: 0.00283, sec: 152.060, prod: 0.063273, t_ads: 68.2, t_des: 62.8, bed_util_ads: 0.493, bed_util_des: 0.493, des_th: 0.4929258140993067,frac_lost: 0.102, li_recovered:  8.289, time: 0.006242585999643779
L: 0.50, u_super: 0.00579, sec: 320.508, prod: 0.130932, t_ads: 33.5, t_des: 30.5, bed_util_ads: 0.497, bed_util_des: 0.497, des_th: 0.49708881426153156,frac_lost: 0.101, li_recovered:  8.381, time: 0.007072141999742598
L: 0.50, u_super: 0.00242, sec: 130.144, prod: 0.053952, t_ads: 79.7, t_des: 73.6, bed_util_ads: 0.493, bed_util_des: 0.492, des_th: 0.49208113228812966,frac_lost: 0.105, li_recovered:  8.272, time: 0.005450878001283854
L: 0.50, u_super: 0.00874, sec: 502.265, prod: 0.197789, t_ads: 22.4, t_des: 20.5, bed_util_ads: 0.498, bed_util_des: 0.498, des_th: 0.49758836416063884,frac_lost: 0.106, li_recovered:  8.485, time: 0.005630258001474431
L: 0.50, u_super: 0.00736, sec: 417.260, prod: 0.166152, t_ads: 26.6, t_des: 24.7, bed_util_ads: 0.496, bed_util_des: 0.496, des_th: 0.4961712700163593,frac_lost: 0.108, li_recovered:  8.516, time: 0.004474862000279245
L: 0.50, u_super: 0.00969, sec: 562.724, prod: 0.219681, t_ads: 20.2, t_des: 18.3, bed_util_ads: 0.500, bed_util_des: 0.500, des_th: 0.4997275809196764,frac_lost: 0.104, li_recovered:  8.447, time: 0.004708764001406962
L: 0.50, u_super: 0.00631, sec: 783.421, prod: 0.064198, t_ads: 30.8, t_des: 105.2, bed_util_ads: 0.338, bed_util_des: 0.336, des_th: 0.3355100912040214,frac_lost: 0.100, li_recovered:  8.733, time: 0.008852572000250802
L: 1.08, u_super: 0.00394, sec: 473.021, prod: 0.086735, t_ads: 106.2, t_des: 95.7, bed_util_ads: 0.492, bed_util_des: 0.492, des_th: 0.4916272051020497,frac_lost: 0.109, li_recovered:  17.515, time: 0.00592625900026178
L: 0.50, u_super: 0.00008 — INFEASIBLE (li_recovered=0.000e+00), time: 0.0020354829994175816
L: 0.50, u_super: 0.00148, sec: 91.618, prod: 0.028439, t_ads: 128.7, t_des: 167.0, bed_util_ads: 0.444, bed_util_des: 0.441, des_th: 0.4408014380921235,frac_lost: 0.101, li_recovered:  8.409, time: 0.00626609000028111
L: 6.83, u_super: 0.00252 — INFEASIBLE (li_recovered=0.000e+00), time: 0.0029487940009857994
L: 0.50, u_super: 0.00561, sec: 687.007, prod: 0.057363, t_ads: 34.7, t_des: 117.5, bed_util_ads: 0.338, bed_util_des: 0.335, des_th: 0.3354157641469579,frac_lost: 0.100, li_recovered:  8.727, time: 0.012483005000831326
L: 4.58, u_super: 0.00891, sec: 5073.132, prod: 0.186784, t_ads: 192.9, t_des: 163.5, bed_util_ads: 0.491, bed_util_des: 0.491, des_th: 0.4911526193101805,frac_lost: 0.104, li_recovered:  66.585, time: 0.009828746000493993
L: 0.50, u_super: 0.00433, sec: 255.575, prod: 0.090239, t_ads: 44.8, t_des: 50.9, bed_util_ads: 0.469, bed_util_des: 0.468, des_th: 0.46844724966301043,frac_lost: 0.103, li_recovered:  8.638, time: 0.0057400679997954285
   152 |     6080 |     40 |  0.0019493348 |             f
L: 0.50, u_super: 0.00716, sec: 508.973, prod: 0.128412, t_ads: 27.3, t_des: 40.5, bed_util_ads: 0.437, bed_util_des: 0.437, des_th: 0.4365653512641313,frac_lost: 0.106, li_recovered:  8.709, time: 0.0069309950013121124
L: 0.50, u_super: 0.00827, sec: 490.347, prod: 0.180602, t_ads: 23.6, t_des: 24.5, bed_util_ads: 0.482, bed_util_des: 0.482, des_th: 0.4819205021704517,frac_lost: 0.106, li_recovered:  8.690, time: 0.005470309999509482
L: 0.50, u_super: 0.00140 — INFEASIBLE (li_recovered=0.000e+00), time: 0.0031886099986877525
L: 0.50, u_super: 0.00232, sec: 130.384, prod: 0.049213, t_ads: 83.1, t_des: 89.7, bed_util_ads: 0.472, bed_util_des: 0.470, des_th: 0.470514883155791,frac_lost: 0.102, li_recovered:  8.505, time: 0.0054527910015167436
L: 0.50, u_super: 0.00531, sec: 292.808, prod: 0.119820, t_ads: 36.5, t_des: 32.7, bed_util_ads: 0.499, bed_util_des: 0.499, des_th: 0.49910435182565455,frac_lost: 0.102, li_recovered:  8.290, time: 0.004396489999635378
L: 0.50, u_super: 0.00636, sec: 354.772, prod: 0.144076, t_ads: 30.5, t_des: 27.6, bed_util_ads: 0.499, bed_util_des: 0.499, des_th: 0.4988508411989443,frac_lost: 0.101, li_recovered:  8.367, time: 0.005014635000406997
L: 0.50, u_super: 0.00650, sec: 364.760, prod: 0.146698, t_ads: 30.1, t_des: 27.0, bed_util_ads: 0.500, bed_util_des: 0.500, des_th: 0.49972119091989997,frac_lost: 0.109, li_recovered:  8.376, time: 0.004400248000820284
L: 0.50, u_super: 0.00936, sec: 545.739, prod: 0.210474, t_ads: 20.9, t_des: 20.1, bed_util_ads: 0.492, bed_util_des: 0.491, des_th: 0.4914507496425422,frac_lost: 0.104, li_recovered:  8.618, time: 0.005387417000747519
L: 3.11, u_super: 0.00430 — INFEASIBLE (li_recovered=0.000e+00), time: 0.002148199000657769
L: 0.50, u_super: 0.00753, sec: 521.554, prod: 0.139453, t_ads: 25.9, t_des: 36.5, bed_util_ads: 0.444, bed_util_des: 0.443, des_th: 0.44288949903082875,frac_lost: 0.104, li_recovered:  8.708, time: 0.006309997999778716
L: 0.50, u_super: 0.00832, sec: 476.231, prod: 0.188223, t_ads: 23.5, t_des: 21.6, bed_util_ads: 0.497, bed_util_des: 0.497, des_th: 0.4970628393022985,frac_lost: 0.107, li_recovered:  8.484, time: 0.0050211649995617336
L: 0.50, u_super: 0.00332, sec: 199.055, prod: 0.067166, t_ads: 58.5, t_des: 69.6, bed_util_ads: 0.462, bed_util_des: 0.460, des_th: 0.4604379553482439,frac_lost: 0.105, li_recovered:  8.605, time: 0.005565326999203535
L: 0.50, u_super: 0.00005 — INFEASIBLE (li_recovered=0.000e+00), time: 0.0008212859993363963
L: 0.50, u_super: 0.00124, sec: 67.126, prod: 0.027087, t_ads: 152.5, t_des: 143.8, bed_util_ads: 0.482, bed_util_des: 0.481, des_th: 0.4812247951188494,frac_lost: 0.102, li_recovered:  8.026, time: 0.006453410000176518
L: 12.56, u_super: 0.00516 — INFEASIBLE (li_recovered=0.000e+00), time: 0.0015302709998650244
L: 0.50, u_super: 0.00990, sec: 576.913, prod: 0.224465, t_ads: 19.7, t_des: 17.9, bed_util_ads: 0.500, bed_util_des: 0.500, des_th: 0.4997275809196764,frac_lost: 0.105, li_recovered:  8.451, time: 0.0049243749999732245
L: 0.50, u_super: 0.00283, sec: 153.277, prod: 0.062735, t_ads: 68.1, t_des: 59.1, bed_util_ads: 0.500, bed_util_des: 0.500, des_th: 0.4998552323457757,frac_lost: 0.102, li_recovered:  7.984, time: 0.00437859399971785
L: 30.14, u_super: 0.00671 — INFEASIBLE (li_recovered=0.000e+00), time: 0.0014837819999229396
L: 0.50, u_super: 0.00605, sec: 348.756, prod: 0.131769, t_ads: 32.2, t_des: 33.6, bed_util_ads: 0.480, bed_util_des: 0.480, des_th: 0.48005963160075277,frac_lost: 0.103, li_recovered:  8.659, time: 0.005046545000368496
L: 0.50, u_super: 0.00349, sec: 189.618, prod: 0.078021, t_ads: 55.7, t_des: 49.1, bed_util_ads: 0.499, bed_util_des: 0.499, des_th: 0.49901274342528423,frac_lost: 0.106, li_recovered:  8.177, time: 0.004653109001083067
L: 0.50, u_super: 0.00057, sec: 36.851, prod: 0.010302, t_ads: 326.5, t_des: 442.2, bed_util_ads: 0.421, bed_util_des: 0.412, des_th: 0.41225043567912856,frac_lost: 0.103, li_recovered:  7.919, time: 0.0050320510017627385
L: 0.50, u_super: 0.00900, sec: 537.800, prod: 0.196601, t_ads: 21.7, t_des: 22.5, bed_util_ads: 0.482, bed_util_des: 0.481, des_th: 0.48148421407696795,frac_lost: 0.104, li_recovered:  8.694, time: 0.004468699000426568
L: 0.50, u_super: 0.00503, sec: 276.663, prod: 0.113285, t_ads: 38.7, t_des: 34.5, bed_util_ads: 0.499, bed_util_des: 0.499, des_th: 0.4993294570855892,frac_lost: 0.104, li_recovered:  8.292, time: 0.004540302999885171
L: 0.50, u_super: 0.00400, sec: 217.897, prod: 0.089695, t_ads: 48.7, t_des: 43.4, bed_util_ads: 0.499, bed_util_des: 0.499, des_th: 0.49896672425642297,frac_lost: 0.106, li_recovered:  8.260, time: 0.005797454001367441
L: 0.50, u_super: 0.00217, sec: 117.219, prod: 0.047933, t_ads: 89.0, t_des: 78.3, bed_util_ads: 0.497, bed_util_des: 0.497, des_th: 0.4970469651817413,frac_lost: 0.107, li_recovered:  8.018, time: 0.004361766999863903
L: 0.50, u_super: 0.00990, sec: 576.630, prod: 0.224569, t_ads: 19.7, t_des: 17.7, bed_util_ads: 0.500, bed_util_des: 0.500, des_th: 0.4997570766662579,frac_lost: 0.104, li_recovered:  8.407, time: 0.003942766999898595
L: 0.50, u_super: 0.00123, sec: 67.481, prod: 0.026348, t_ads: 154.8, t_des: 133.2, bed_util_ads: 0.494, bed_util_des: 0.494, des_th: 0.49405264122112963,frac_lost: 0.107, li_recovered:  7.588, time: 0.007371981000687811
L: 0.50, u_super: 0.00969, sec: 575.308, prod: 0.214876, t_ads: 20.1, t_des: 20.3, bed_util_ads: 0.486, bed_util_des: 0.486, des_th: 0.48556829699522797,frac_lost: 0.103, li_recovered:  8.678, time: 0.005991816999085131
L: 0.50, u_super: 0.00659, sec: 368.264, prod: 0.149259, t_ads: 29.4, t_des: 26.6, bed_util_ads: 0.499, bed_util_des: 0.499, des_th: 0.49874079225586254,frac_lost: 0.100, li_recovered:  8.364, time: 0.005594197999016615
L: 0.50, u_super: 0.00579, sec: 391.691, prod: 0.107138, t_ads: 33.8, t_des: 47.3, bed_util_ads: 0.444, bed_util_des: 0.443, des_th: 0.44279271197859843,frac_lost: 0.107, li_recovered:  8.691, time: 0.006066425001336029
L: 0.50, u_super: 0.00470, sec: 567.990, prod: 0.047929, t_ads: 41.5, t_des: 140.5, bed_util_ads: 0.338, bed_util_des: 0.335, des_th: 0.33466330250378573,frac_lost: 0.101, li_recovered:  8.720, time: 0.01024930099993071
L: 0.50, u_super: 0.00941, sec: 545.332, prod: 0.213051, t_ads: 20.8, t_des: 18.8, bed_util_ads: 0.500, bed_util_des: 0.500, des_th: 0.4996463860577008,frac_lost: 0.107, li_recovered:  8.446, time: 0.007191788999989512
L: 0.50, u_super: 0.00854, sec: 490.184, prod: 0.193197, t_ads: 22.9, t_des: 21.0, bed_util_ads: 0.497, bed_util_des: 0.497, des_th: 0.4970628393022985,frac_lost: 0.107, li_recovered:  8.486, time: 0.005829409999932977
L: 2.54, u_super: 0.00954, sec: 2881.268, prod: 0.210796, t_ads: 101.8, t_des: 91.2, bed_util_ads: 0.493, bed_util_des: 0.493, des_th: 0.4929258140993067,frac_lost: 0.102, li_recovered:  40.684, time: 0.004766272999404464
L: 3.31, u_super: 0.00139 — INFEASIBLE (li_recovered=0.000e+00), time: 0.0017803920000005746
L: 0.50, u_super: 0.00107 — INFEASIBLE (li_recovered=0.000e+00), time: 0.003024612000444904
L: 0.50, u_super: 0.00398, sec: 217.107, prod: 0.089335, t_ads: 48.7, t_des: 43.2, bed_util_ads: 0.499, bed_util_des: 0.499, des_th: 0.49910435182565455,frac_lost: 0.105, li_recovered:  8.214, time: 0.004448851999768522
L: 18.63, u_super: 0.00204 — INFEASIBLE (li_recovered=0.000e+00), time: 0.0014327370008686557
L: 0.50, u_super: 0.00804, sec: 458.535, prod: 0.181765, t_ads: 24.3, t_des: 22.6, bed_util_ads: 0.496, bed_util_des: 0.496, des_th: 0.4959511100044503,frac_lost: 0.105, li_recovered:  8.516, time: 0.004545722000329988
L: 0.50, u_super: 0.00893, sec: 515.043, prod: 0.202208, t_ads: 21.9, t_des: 20.1, bed_util_ads: 0.498, bed_util_des: 0.498, des_th: 0.49751229483102766,frac_lost: 0.107, li_recovered:  8.486, time: 0.006071048001103918
   153 |     6120 |     40 |  0.0037746719 |             f
L: 34.25, u_super: 0.00011 — INFEASIBLE (li_recovered=0.000e+00), time: 0.001021156000206247
L: 0.50, u_super: 0.00275, sec: 147.862, prod: 0.061539, t_ads: 70.0, t_des: 64.7, bed_util_ads: 0.492, bed_util_des: 0.492, des_th: 0.4916272051020497,frac_lost: 0.101, li_recovered:  8.288, time: 0.005584570999417338
L: 0.50, u_super: 0.00465, sec: 305.697, prod: 0.087113, t_ads: 41.7, t_des: 57.7, bed_util_ads: 0.444, bed_util_des: 0.443, des_th: 0.4430946162443615,frac_lost: 0.101, li_recovered:  8.659, time: 0.006376727000315441
L: 0.50, u_super: 0.00266, sec: 144.234, prod: 0.058915, t_ads: 72.5, t_des: 62.9, bed_util_ads: 0.500, bed_util_des: 0.500, des_th: 0.49973292241360645,frac_lost: 0.104, li_recovered:  7.980, time: 0.0054727930000808556
L: 5.24, u_super: 0.00752 — INFEASIBLE (li_recovered=0.000e+00), time: 0.002187152998885722
L: 0.50, u_super: 0.00889, sec: 514.286, prod: 0.200292, t_ads: 22.0, t_des: 20.9, bed_util_ads: 0.493, bed_util_des: 0.493, des_th: 0.4929258140993067,frac_lost: 0.105, li_recovered:  8.591, time: 0.005958399000519421
L: 0.50, u_super: 0.00398, sec: 217.100, prod: 0.089048, t_ads: 48.9, t_des: 43.1, bed_util_ads: 0.500, bed_util_des: 0.500, des_th: 0.49974180622298725,frac_lost: 0.106, li_recovered:  8.193, time: 0.005020906999561703
L: 16.25, u_super: 0.00172 — INFEASIBLE (li_recovered=0.000e+00), time: 0.0013556670000980375
L: 0.50, u_super: 0.00685, sec: 385.386, prod: 0.154633, t_ads: 28.6, t_des: 26.0, bed_util_ads: 0.499, bed_util_des: 0.499, des_th: 0.4987624526447125,frac_lost: 0.108, li_recovered:  8.440, time: 0.004950154001562623
L: 0.50, u_super: 0.00124, sec: 66.990, prod: 0.026921, t_ads: 153.2, t_des: 147.8, bed_util_ads: 0.479, bed_util_des: 0.478, des_th: 0.4782478803799906,frac_lost: 0.102, li_recovered:  8.102, time: 0.005556825000894605
L: 0.50, u_super: 0.00632, sec: 352.386, prod: 0.142939, t_ads: 30.7, t_des: 27.7, bed_util_ads: 0.499, bed_util_des: 0.499, des_th: 0.4987609241290469,frac_lost: 0.102, li_recovered:  8.357, time: 0.005108301000291249
L: 0.50, u_super: 0.00855, sec: 490.926, prod: 0.193617, t_ads: 22.9, t_des: 20.9, bed_util_ads: 0.498, bed_util_des: 0.498, des_th: 0.49785134066239195,frac_lost: 0.106, li_recovered:  8.482, time: 0.004305946999011212
L: 0.50, u_super: 0.00107 — INFEASIBLE (li_recovered=0.000e+00), time: 0.0024126970001816517
L: 0.50, u_super: 0.00757, sec: 428.103, prod: 0.171496, t_ads: 25.7, t_des: 23.1, bed_util_ads: 0.500, bed_util_des: 0.500, des_th: 0.4997590524210978,frac_lost: 0.101, li_recovered:  8.373, time: 0.005113203000291833
L: 0.50, u_super: 0.00503, sec: 613.017, prod: 0.051127, t_ads: 39.1, t_des: 131.7, bed_util_ads: 0.339, bed_util_des: 0.336, des_th: 0.335741525012954,frac_lost: 0.109, li_recovered:  8.734, time: 0.013275401001010323
L: 0.50, u_super: 0.00419, sec: 230.085, prod: 0.093775, t_ads: 46.4, t_des: 44.5, bed_util_ads: 0.490, bed_util_des: 0.490, des_th: 0.48968729600143174,frac_lost: 0.105, li_recovered:  8.518, time: 0.005874852000488318
L: 0.50, u_super: 0.00882, sec: 507.495, prod: 0.199785, t_ads: 22.1, t_des: 20.4, bed_util_ads: 0.497, bed_util_des: 0.497, des_th: 0.497063384420791,frac_lost: 0.105, li_recovered:  8.495, time: 0.005365224000343005
L: 0.50, u_super: 0.00703, sec: 395.134, prod: 0.159308, t_ads: 27.6, t_des: 25.0, bed_util_ads: 0.500, bed_util_des: 0.499, des_th: 0.4994794761842304,frac_lost: 0.101, li_recovered:  8.378, time: 0.004737356000987347
L: 0.50, u_super: 0.00722, sec: 408.963, prod: 0.162749, t_ads: 27.0, t_des: 25.5, bed_util_ads: 0.494, bed_util_des: 0.494, des_th: 0.493684605095525,frac_lost: 0.106, li_recovered:  8.554, time: 0.005124683999383706
L: 0.50, u_super: 0.00346, sec: 187.690, prod: 0.077487, t_ads: 56.2, t_des: 50.2, bed_util_ads: 0.498, bed_util_des: 0.498, des_th: 0.4978556789587711,frac_lost: 0.107, li_recovered:  8.243, time: 0.0047048170017660595
L: 0.50, u_super: 0.00579, sec: 321.901, prod: 0.130368, t_ads: 33.8, t_des: 31.0, bed_util_ads: 0.497, bed_util_des: 0.497, des_th: 0.49706484549565466,frac_lost: 0.109, li_recovered:  8.457, time: 0.005446130999189336
L: 7.26, u_super: 0.00917 — INFEASIBLE (li_recovered=0.000e+00), time: 0.002503176001482643
L: 0.50, u_super: 0.00435, sec: 238.077, prod: 0.097598, t_ads: 44.7, t_des: 42.3, bed_util_ads: 0.492, bed_util_des: 0.491, des_th: 0.49125265944829066,frac_lost: 0.104, li_recovered:  8.486, time: 0.003946221999285626
L: 8.44, u_super: 0.00317 — INFEASIBLE (li_recovered=0.000e+00), time: 0.001832046998970327
L: 0.50, u_super: 0.00532, sec: 293.892, prod: 0.120084, t_ads: 36.5, t_des: 32.7, bed_util_ads: 0.499, bed_util_des: 0.499, des_th: 0.49910435182565455,frac_lost: 0.103, li_recovered:  8.306, time: 0.006164266000268981
L: 12.60, u_super: 0.00100 — INFEASIBLE (li_recovered=0.000e+00), time: 0.001465448000089964
L: 0.50, u_super: 0.00804, sec: 458.936, prod: 0.181606, t_ads: 24.3, t_des: 22.6, bed_util_ads: 0.496, bed_util_des: 0.496, des_th: 0.49596354453434055,frac_lost: 0.106, li_recovered:  8.524, time: 0.005796483999802149
L: 0.50, u_super: 0.00007 — INFEASIBLE (li_recovered=0.000e+00), time: 0.0016924989995459327
L: 0.50, u_super: 0.00806, sec: 566.456, prod: 0.147871, t_ads: 24.2, t_des: 34.7, bed_util_ads: 0.442, bed_util_des: 0.441, des_th: 0.44090428359127665,frac_lost: 0.103, li_recovered:  8.712, time: 0.007031903998722555
L: 0.50, u_super: 0.00934, sec: 540.291, prod: 0.211888, t_ads: 20.9, t_des: 18.8, bed_util_ads: 0.500, bed_util_des: 0.500, des_th: 0.49969187293659095,frac_lost: 0.103, li_recovered:  8.405, time: 0.004471246000321116
L: 0.50, u_super: 0.00349, sec: 193.453, prod: 0.076475, t_ads: 55.6, t_des: 56.4, bed_util_ads: 0.482, bed_util_des: 0.481, des_th: 0.48146823388779675,frac_lost: 0.105, li_recovered:  8.567, time: 0.005558490000112215
L: 0.50, u_super: 0.00804, sec: 458.685, prod: 0.181705, t_ads: 24.4, t_des: 22.1, bed_util_ads: 0.499, bed_util_des: 0.499, des_th: 0.49919617507943836,frac_lost: 0.108, li_recovered:  8.441, time: 0.005672508999850834
L: 0.50, u_super: 0.00014 — INFEASIBLE (li_recovered=0.000e+00), time: 0.0023851480000303127
L: 0.50, u_super: 0.00124, sec: 67.126, prod: 0.027087, t_ads: 152.5, t_des: 143.8, bed_util_ads: 0.482, bed_util_des: 0.481, des_th: 0.4812247951188494,frac_lost: 0.102, li_recovered:  8.026, time: 0.006436522000512923
L: 15.93, u_super: 0.00590 — INFEASIBLE (li_recovered=0.000e+00), time: 0.001444589001039276
L: 0.50, u_super: 0.00204, sec: 111.054, prod: 0.044630, t_ads: 93.9, t_des: 80.3, bed_util_ads: 0.500, bed_util_des: 0.500, des_th: 0.499707714045701,frac_lost: 0.102, li_recovered:  7.775, time: 0.006635724999796366
L: 0.50, u_super: 0.00804, sec: 459.082, prod: 0.181549, t_ads: 24.3, t_des: 22.6, bed_util_ads: 0.496, bed_util_des: 0.496, des_th: 0.4958793880519826,frac_lost: 0.107, li_recovered:  8.531, time: 0.0067719329999818
L: 0.50, u_super: 0.00165, sec: 88.637, prod: 0.036222, t_ads: 115.8, t_des: 104.2, bed_util_ads: 0.492, bed_util_des: 0.492, des_th: 0.49167855777030794,frac_lost: 0.102, li_recovered:  7.969, time: 0.00576376800017897
L: 0.50, u_super: 0.00777, sec: 460.590, prod: 0.168532, t_ads: 25.2, t_des: 26.4, bed_util_ads: 0.482, bed_util_des: 0.481, des_th: 0.48125456114335935,frac_lost: 0.107, li_recovered:  8.692, time: 0.006275065999943763
L: 28.23, u_super: 0.00579 — INFEASIBLE (li_recovered=0.000e+00), time: 0.0024634399997012224
   154 |     6160 |     40 |  0.0015560725 |             f
L: 0.50, u_super: 0.00956, sec: 554.754, prod: 0.216948, t_ads: 20.4, t_des: 18.3, bed_util_ads: 0.500, bed_util_des: 0.500, des_th: 0.4999405177820176,frac_lost: 0.103, li_recovered:  8.393, time: 0.005947498000750784
L: 0.50, u_super: 0.00301, sec: 162.396, prod: 0.067489, t_ads: 64.1, t_des: 59.0, bed_util_ads: 0.493, bed_util_des: 0.493, des_th: 0.4929258140993067,frac_lost: 0.103, li_recovered:  8.312, time: 0.006743399999322719
L: 0.50, u_super: 0.00757, sec: 427.928, prod: 0.171566, t_ads: 25.7, t_des: 23.1, bed_util_ads: 0.500, bed_util_des: 0.500, des_th: 0.4997406165226011,frac_lost: 0.101, li_recovered:  8.372, time: 0.006947265999770025
L: 0.50, u_super: 0.00960, sec: 598.516, prod: 0.202856, t_ads: 20.3, t_des: 22.6, bed_util_ads: 0.474, bed_util_des: 0.473, des_th: 0.473422783759651,frac_lost: 0.104, li_recovered:  8.712, time: 0.007576474999950733
L: 12.95, u_super: 0.00193 — INFEASIBLE (li_recovered=0.000e+00), time: 0.0019030710009246832
L: 0.50, u_super: 0.00827, sec: 473.007, prod: 0.187226, t_ads: 23.6, t_des: 21.4, bed_util_ads: 0.499, bed_util_des: 0.499, des_th: 0.49881520943359037,frac_lost: 0.106, li_recovered:  8.437, time: 0.006688819999908446
L: 0.50, u_super: 0.00843, sec: 526.255, prod: 0.175038, t_ads: 23.2, t_des: 26.6, bed_util_ads: 0.469, bed_util_des: 0.469, des_th: 0.46876873874705477,frac_lost: 0.104, li_recovered:  8.706, time: 0.005947293999270187
L: 16.71, u_super: 0.00204 — INFEASIBLE (li_recovered=0.000e+00), time: 0.0018320719991606893
L: 0.50, u_super: 0.00011, sec: 9.933, prod: 0.001474, t_ads: 1143.9, t_des: 1338.6, bed_util_ads: 0.337, bed_util_des: 0.330, des_th: 0.32983010650372996,frac_lost: 0.101, li_recovered:  3.659, time: 0.005404270999861183
L: 0.50, u_super: 0.00544, sec: 300.770, prod: 0.122917, t_ads: 35.6, t_des: 31.9, bed_util_ads: 0.500, bed_util_des: 0.500, des_th: 0.49974180622298725,frac_lost: 0.102, li_recovered:  8.307, time: 0.008076475000052596
L: 0.50, u_super: 0.00685, sec: 385.272, prod: 0.154631, t_ads: 28.6, t_des: 26.3, bed_util_ads: 0.496, bed_util_des: 0.496, des_th: 0.4958323770017723,frac_lost: 0.107, li_recovered:  8.482, time: 0.005197778998990543
L: 0.50, u_super: 0.00990, sec: 576.450, prod: 0.224646, t_ads: 19.7, t_des: 17.9, bed_util_ads: 0.500, bed_util_des: 0.500, des_th: 0.4997275809196764,frac_lost: 0.104, li_recovered:  8.447, time: 0.007666915998925106
L: 0.50, u_super: 0.00516, sec: 284.154, prod: 0.116509, t_ads: 37.6, t_des: 34.1, bed_util_ads: 0.499, bed_util_des: 0.498, des_th: 0.4984288305837582,frac_lost: 0.103, li_recovered:  8.354, time: 0.005931385001531453
L: 35.52, u_super: 0.00327 — INFEASIBLE (li_recovered=0.000e+00), time: 0.0013123680000717286
L: 0.50, u_super: 0.00861, sec: 494.808, prod: 0.194945, t_ads: 22.7, t_des: 20.3, bed_util_ads: 0.500, bed_util_des: 0.500, des_th: 0.4999050848694457,frac_lost: 0.106, li_recovered:  8.391, time: 0.007698549999986426
L: 0.50, u_super: 0.00631, sec: 351.627, prod: 0.142762, t_ads: 30.8, t_des: 27.8, bed_util_ads: 0.499, bed_util_des: 0.499, des_th: 0.4987609241290469,frac_lost: 0.102, li_recovered:  8.368, time: 0.00631866000003356
L: 0.50, u_super: 0.00736, sec: 416.568, prod: 0.166425, t_ads: 26.6, t_des: 24.1, bed_util_ads: 0.499, bed_util_des: 0.498, des_th: 0.4983827849759841,frac_lost: 0.107, li_recovered:  8.436, time: 0.0060501219995785505
L: 0.50, u_super: 0.00607, sec: 337.218, prod: 0.137406, t_ads: 32.0, t_des: 29.3, bed_util_ads: 0.497, bed_util_des: 0.497, des_th: 0.497063384420791,frac_lost: 0.101, li_recovered:  8.413, time: 0.005043013999966206
L: 30.15, u_super: 0.00605 — INFEASIBLE (li_recovered=0.000e+00), time: 0.002188164999097353
L: 0.50, u_super: 0.00040, sec: 33.097, prod: 0.005518, t_ads: 473.8, t_des: 976.5, bed_util_ads: 0.357, bed_util_des: 0.335, des_th: 0.3355100912040214,frac_lost: 0.102, li_recovered:  8.003, time: 0.009917614999721991
L: 0.50, u_super: 0.00804, sec: 458.419, prod: 0.181811, t_ads: 24.3, t_des: 22.3, bed_util_ads: 0.497, bed_util_des: 0.497, des_th: 0.4970329373493804,frac_lost: 0.106, li_recovered:  8.482, time: 0.0068746010001632385
L: 0.50, u_super: 0.00934, sec: 540.849, prod: 0.211665, t_ads: 20.9, t_des: 19.0, bed_util_ads: 0.500, bed_util_des: 0.500, des_th: 0.49961745152193143,frac_lost: 0.106, li_recovered:  8.448, time: 0.006769126999643049
L: 0.50, u_super: 0.00685, sec: 393.098, prod: 0.151600, t_ads: 28.6, t_des: 28.5, bed_util_ads: 0.488, bed_util_des: 0.487, des_th: 0.48737192440884397,frac_lost: 0.108, li_recovered:  8.651, time: 0.00600999499874888
L: 0.50, u_super: 0.00465, sec: 287.766, prod: 0.092542, t_ads: 41.8, t_des: 51.7, bed_util_ads: 0.458, bed_util_des: 0.457, des_th: 0.4569199242732043,frac_lost: 0.103, li_recovered:  8.653, time: 0.007961719999002526
L: 0.50, u_super: 0.00312, sec: 170.874, prod: 0.069048, t_ads: 62.2, t_des: 61.0, bed_util_ads: 0.485, bed_util_des: 0.485, des_th: 0.48466659784740834,frac_lost: 0.107, li_recovered:  8.510, time: 0.005680381000274792
L: 0.50, u_super: 0.00722, sec: 410.817, prod: 0.162014, t_ads: 27.1, t_des: 26.0, bed_util_ads: 0.491, bed_util_des: 0.491, des_th: 0.490879862914167,frac_lost: 0.106, li_recovered:  8.598, time: 0.004790971001057187
L: 0.50, u_super: 0.00862, sec: 494.470, prod: 0.195177, t_ads: 22.7, t_des: 20.6, bed_util_ads: 0.499, bed_util_des: 0.499, des_th: 0.49874079225586254,frac_lost: 0.105, li_recovered:  8.439, time: 0.004612550999809173
L: 0.50, u_super: 0.00804, sec: 458.039, prod: 0.182009, t_ads: 24.3, t_des: 22.1, bed_util_ads: 0.499, bed_util_des: 0.499, des_th: 0.4988936084736196,frac_lost: 0.105, li_recovered:  8.444, time: 0.0058192099986627
L: 0.50, u_super: 0.00395, sec: 215.154, prod: 0.088768, t_ads: 49.1, t_des: 43.9, bed_util_ads: 0.498, bed_util_des: 0.498, des_th: 0.4978556789587711,frac_lost: 0.104, li_recovered:  8.260, time: 0.004544740999335772
L: 76.22, u_super: 0.00331 — INFEASIBLE (li_recovered=0.000e+00), time: 0.0009331680012110155
L: 0.50, u_super: 0.00165, sec: 89.947, prod: 0.035781, t_ads: 115.8, t_des: 99.0, bed_util_ads: 0.497, bed_util_des: 0.497, des_th: 0.49688449219554376,frac_lost: 0.103, li_recovered:  7.686, time: 0.006961139999475563
L: 22.69, u_super: 0.00595 — INFEASIBLE (li_recovered=0.000e+00), time: 0.0014550760006386554
L: 0.50, u_super: 0.00580, sec: 321.602, prod: 0.131311, t_ads: 33.4, t_des: 30.7, bed_util_ads: 0.497, bed_util_des: 0.497, des_th: 0.497063384420791,frac_lost: 0.102, li_recovered:  8.416, time: 0.0060580299996217946
L: 0.50, u_super: 0.00107, sec: 63.683, prod: 0.021049, t_ads: 177.2, t_des: 214.7, bed_util_ads: 0.448, bed_util_des: 0.445, des_th: 0.4448624828689604,frac_lost: 0.100, li_recovered:  8.249, time: 0.00529229700077849
L: 0.50, u_super: 0.00916, sec: 529.239, prod: 0.207395, t_ads: 21.4, t_des: 19.2, bed_util_ads: 0.500, bed_util_des: 0.500, des_th: 0.49973441526481993,frac_lost: 0.106, li_recovered:  8.406, time: 0.005600823000349919
L: 16.56, u_super: 0.00336 — INFEASIBLE (li_recovered=0.000e+00), time: 0.001290982998398249
L: 0.50, u_super: 0.00204, sec: 110.752, prod: 0.044664, t_ads: 94.6, t_des: 81.3, bed_util_ads: 0.500, bed_util_des: 0.500, des_th: 0.49971223207161014,frac_lost: 0.107, li_recovered:  7.857, time: 0.0056599359995743725
L: 0.50, u_super: 0.00970, sec: 563.713, prod: 0.219831, t_ads: 20.2, t_des: 18.3, bed_util_ads: 0.500, bed_util_des: 0.500, des_th: 0.4996395517125572,frac_lost: 0.105, li_recovered:  8.446, time: 0.004099441001017112
L: 0.50, u_super: 0.00735, sec: 416.446, prod: 0.166010, t_ads: 26.7, t_des: 24.5, bed_util_ads: 0.498, bed_util_des: 0.498, des_th: 0.49795761355585316,frac_lost: 0.108, li_recovered:  8.485, time: 0.0044789780004066415
L: 0.50, u_super: 0.00764, sec: 432.192, prod: 0.173230, t_ads: 25.4, t_des: 23.0, bed_util_ads: 0.499, bed_util_des: 0.499, des_th: 0.49932400650539127,frac_lost: 0.101, li_recovered:  8.388, time: 0.0038254080009210156
   155 |     6200 |     40 |  0.0029885200 |             f
L: 0.50, u_super: 0.00813, sec: 464.062, prod: 0.183996, t_ads: 24.1, t_des: 21.8, bed_util_ads: 0.499, bed_util_des: 0.499, des_th: 0.4992981102262926,frac_lost: 0.106, li_recovered:  8.435, time: 0.004883106999841402
L: 0.50, u_super: 0.00965, sec: 560.133, prod: 0.218766, t_ads: 20.2, t_des: 18.6, bed_util_ads: 0.498, bed_util_des: 0.498, des_th: 0.4983887963962071,frac_lost: 0.104, li_recovered:  8.490, time: 0.0037765599990962073
L: 0.50, u_super: 0.00483, sec: 265.086, prod: 0.108811, t_ads: 40.3, t_des: 36.8, bed_util_ads: 0.497, bed_util_des: 0.497, des_th: 0.4970000900650989,frac_lost: 0.105, li_recovered:  8.394, time: 0.003743985000255634
L: 0.50, u_super: 0.00964, sec: 560.572, prod: 0.218551, t_ads: 20.3, t_des: 18.2, bed_util_ads: 0.500, bed_util_des: 0.500, des_th: 0.4999405177820176,frac_lost: 0.105, li_recovered:  8.407, time: 0.0046644659996673
L: 30.88, u_super: 0.00242 — INFEASIBLE (li_recovered=0.000e+00), time: 0.0008786140006122878
L: 0.50, u_super: 0.00488, sec: 267.830, prod: 0.110163, t_ads: 39.7, t_des: 35.9, bed_util_ads: 0.498, bed_util_des: 0.498, des_th: 0.4980297896092261,frac_lost: 0.102, li_recovered:  8.336, time: 0.003582683999411529
L: 0.50, u_super: 0.00667, sec: 373.146, prod: 0.150969, t_ads: 29.1, t_des: 26.4, bed_util_ads: 0.499, bed_util_des: 0.499, des_th: 0.498774889169232,frac_lost: 0.102, li_recovered:  8.384, time: 0.003740575000847457
L: 7.31, u_super: 0.00349 — INFEASIBLE (li_recovered=0.000e+00), time: 0.001873109000371187
L: 4.34, u_super: 0.00433, sec: 2269.782, prod: 0.088005, t_ads: 365.0, t_des: 360.3, bed_util_ads: 0.457, bed_util_des: 0.454, des_th: 0.453844843479812,frac_lost: 0.106, li_recovered:  63.835, time: 0.003511081999022281
L: 0.50, u_super: 0.00782, sec: 445.177, prod: 0.176891, t_ads: 25.0, t_des: 22.7, bed_util_ads: 0.499, bed_util_des: 0.499, des_th: 0.4987613875036707,frac_lost: 0.107, li_recovered:  8.444, time: 0.004656267001337255
L: 0.50, u_super: 0.00212, sec: 114.870, prod: 0.046771, t_ads: 90.8, t_des: 79.2, bed_util_ads: 0.497, bed_util_des: 0.497, des_th: 0.49705589876253803,frac_lost: 0.106, li_recovered:  7.954, time: 0.0045147439996071626
L: 0.50, u_super: 0.00204, sec: 109.602, prod: 0.045133, t_ads: 94.8, t_des: 86.8, bed_util_ads: 0.491, bed_util_des: 0.490, des_th: 0.49045104618166024,frac_lost: 0.107, li_recovered:  8.193, time: 0.003918237000107183
L: 0.50, u_super: 0.00897, sec: 516.973, prod: 0.203480, t_ads: 21.7, t_des: 20.0, bed_util_ads: 0.498, bed_util_des: 0.498, des_th: 0.497597037941437,frac_lost: 0.104, li_recovered:  8.487, time: 0.004241288999764947
L: 0.50, u_super: 0.00990, sec: 576.708, prod: 0.224542, t_ads: 19.7, t_des: 17.9, bed_util_ads: 0.500, bed_util_des: 0.500, des_th: 0.499686342392598,frac_lost: 0.105, li_recovered:  8.443, time: 0.004923611000776873
L: 5.72, u_super: 0.00445 — INFEASIBLE (li_recovered=0.000e+00), time: 0.0030517380000674166
L: 0.50, u_super: 0.00031 — INFEASIBLE (li_recovered=0.000e+00), time: 0.0022343779983202694
L: 0.50, u_super: 0.00289, sec: 155.725, prod: 0.064772, t_ads: 66.6, t_des: 60.7, bed_util_ads: 0.495, bed_util_des: 0.495, des_th: 0.4951399564465885,frac_lost: 0.102, li_recovered:  8.245, time: 0.006338997998682316
L: 0.50, u_super: 0.00260, sec: 139.661, prod: 0.058007, t_ads: 74.2, t_des: 67.7, bed_util_ads: 0.494, bed_util_des: 0.494, des_th: 0.49374604236804864,frac_lost: 0.103, li_recovered:  8.232, time: 0.005355608998797834
L: 0.50, u_super: 0.00038, sec: 22.439, prod: 0.007437, t_ads: 463.5, t_des: 468.9, bed_util_ads: 0.444, bed_util_des: 0.440, des_th: 0.4408014380921235,frac_lost: 0.101, li_recovered:  6.934, time: 0.0037081400005263276
L: 0.50, u_super: 0.00882, sec: 507.495, prod: 0.199785, t_ads: 22.1, t_des: 20.4, bed_util_ads: 0.497, bed_util_des: 0.497, des_th: 0.497063384420791,frac_lost: 0.105, li_recovered:  8.495, time: 0.006766972001059912
L: 0.50, u_super: 0.00132, sec: 71.452, prod: 0.028716, t_ads: 145.1, t_des: 138.4, bed_util_ads: 0.482, bed_util_des: 0.481, des_th: 0.4812247951188494,frac_lost: 0.108, li_recovered:  8.142, time: 0.00796930400065321
L: 0.50, u_super: 0.00185, sec: 102.543, prod: 0.039852, t_ads: 103.9, t_des: 107.4, bed_util_ads: 0.475, bed_util_des: 0.474, des_th: 0.4739008316729853,frac_lost: 0.106, li_recovered:  8.424, time: 0.0068040030000702245
L: 0.50, u_super: 0.00432, sec: 237.025, prod: 0.096700, t_ads: 45.0, t_des: 43.1, bed_util_ads: 0.490, bed_util_des: 0.490, des_th: 0.48968729600143174,frac_lost: 0.104, li_recovered:  8.517, time: 0.006439163000322878
L: 23.45, u_super: 0.00077 — INFEASIBLE (li_recovered=0.000e+00), time: 0.0015274029992724536
L: 0.50, u_super: 0.00111 — INFEASIBLE (li_recovered=0.000e+00), time: 0.003601100001105806
L: 0.50, u_super: 0.00893, sec: 538.666, prod: 0.193341, t_ads: 21.9, t_des: 23.1, bed_util_ads: 0.480, bed_util_des: 0.480, des_th: 0.4796237060073173,frac_lost: 0.105, li_recovered:  8.702, time: 0.006718598999214009
L: 8.22, u_super: 0.00310 — INFEASIBLE (li_recovered=0.000e+00), time: 0.002384774999882211
L: 0.50, u_super: 0.00157, sec: 85.929, prod: 0.034013, t_ads: 121.8, t_des: 103.9, bed_util_ads: 0.498, bed_util_des: 0.498, des_th: 0.4978556789587711,frac_lost: 0.106, li_recovered:  7.679, time: 0.007447099998898921
L: 0.50, u_super: 0.00662, sec: 370.775, prod: 0.149841, t_ads: 29.3, t_des: 26.2, bed_util_ads: 0.500, bed_util_des: 0.500, des_th: 0.4998329284709939,frac_lost: 0.101, li_recovered:  8.324, time: 0.006360008999763522
L: 0.50, u_super: 0.00690, sec: 388.105, prod: 0.155778, t_ads: 28.4, t_des: 25.7, bed_util_ads: 0.499, bed_util_des: 0.499, des_th: 0.49876595556887,frac_lost: 0.107, li_recovered:  8.429, time: 0.007166372999563464
L: 0.50, u_super: 0.00165, sec: 90.317, prod: 0.035548, t_ads: 116.2, t_des: 97.9, bed_util_ads: 0.500, bed_util_des: 0.500, des_th: 0.4999906422021173,frac_lost: 0.105, li_recovered:  7.610, time: 0.013240676000350504
L: 0.50, u_super: 0.00349, sec: 189.372, prod: 0.078123, t_ads: 55.8, t_des: 49.8, bed_util_ads: 0.498, bed_util_des: 0.498, des_th: 0.4978964461540527,frac_lost: 0.107, li_recovered:  8.249, time: 0.008879502000127104
L: 0.50, u_super: 0.00812, sec: 463.773, prod: 0.183442, t_ads: 24.1, t_des: 22.1, bed_util_ads: 0.498, bed_util_des: 0.498, des_th: 0.4982178823628595,frac_lost: 0.108, li_recovered:  8.486, time: 0.007848983999792836
L: 0.50, u_super: 0.00127, sec: 136.001, prod: 0.013952, t_ads: 153.0, t_des: 461.9, bed_util_ads: 0.340, bed_util_des: 0.330, des_th: 0.32983010650372996,frac_lost: 0.104, li_recovered:  8.579, time: 0.015820376000192482
L: 0.50, u_super: 0.00084 — INFEASIBLE (li_recovered=0.000e+00), time: 0.004550788000415196
L: 0.50, u_super: 0.00704, sec: 400.669, prod: 0.157738, t_ads: 27.8, t_des: 26.7, bed_util_ads: 0.492, bed_util_des: 0.492, des_th: 0.49201969501560594,frac_lost: 0.109, li_recovered:  8.604, time: 0.006234886999664013
L: 0.50, u_super: 0.00590, sec: 327.094, prod: 0.133321, t_ads: 32.9, t_des: 29.8, bed_util_ads: 0.499, bed_util_des: 0.499, des_th: 0.4987609241290469,frac_lost: 0.102, li_recovered:  8.367, time: 0.008064588000706863
L: 0.50, u_super: 0.00827, sec: 471.706, prod: 0.187739, t_ads: 23.5, t_des: 21.2, bed_util_ads: 0.499, bed_util_des: 0.499, des_th: 0.49874079225586254,frac_lost: 0.100, li_recovered:  8.381, time: 0.007190783999249106
L: 0.50, u_super: 0.00544, sec: 311.850, prod: 0.118550, t_ads: 35.6, t_des: 37.3, bed_util_ads: 0.480, bed_util_des: 0.479, des_th: 0.4793770867188001,frac_lost: 0.100, li_recovered:  8.645, time: 0.007608263000292936
L: 0.50, u_super: 0.00016 — INFEASIBLE (li_recovered=0.000e+00), time: 0.0020726900002046023
   156 |     6240 |     40 |  0.0037875722 |             f
L: 0.50, u_super: 0.00352, sec: 191.476, prod: 0.078817, t_ads: 55.1, t_des: 48.7, bed_util_ads: 0.500, bed_util_des: 0.500, des_th: 0.499843358684788,frac_lost: 0.106, li_recovered:  8.185, time: 0.008443373999398318
L: 0.50, u_super: 0.00757, sec: 458.759, prod: 0.160036, t_ads: 25.9, t_des: 28.5, bed_util_ads: 0.475, bed_util_des: 0.474, des_th: 0.4743137821269416,frac_lost: 0.107, li_recovered:  8.699, time: 0.008236550000219722
L: 0.50, u_super: 0.00674, sec: 377.711, prod: 0.152374, t_ads: 28.8, t_des: 25.7, bed_util_ads: 0.500, bed_util_des: 0.500, des_th: 0.4999769303641155,frac_lost: 0.101, li_recovered:  8.313, time: 0.007252615001561935
L: 0.50, u_super: 0.00395, sec: 215.154, prod: 0.088768, t_ads: 49.1, t_des: 43.9, bed_util_ads: 0.498, bed_util_des: 0.498, des_th: 0.4978556789587711,frac_lost: 0.104, li_recovered:  8.260, time: 0.011116372001197306
L: 0.50, u_super: 0.00882, sec: 567.087, prod: 0.178791, t_ads: 22.1, t_des: 26.6, bed_util_ads: 0.464, bed_util_des: 0.463, des_th: 0.46332862162562183,frac_lost: 0.103, li_recovered:  8.710, time: 0.008330201999342535
L: 0.50, u_super: 0.00242, sec: 131.243, prod: 0.053500, t_ads: 79.7, t_des: 69.1, bed_util_ads: 0.499, bed_util_des: 0.499, des_th: 0.498729537838177,frac_lost: 0.105, li_recovered:  7.956, time: 0.006371139999828301
L: 0.50, u_super: 0.00990, sec: 576.835, prod: 0.224489, t_ads: 19.7, t_des: 17.7, bed_util_ads: 0.500, bed_util_des: 0.500, des_th: 0.4997275809196764,frac_lost: 0.104, li_recovered:  8.411, time: 0.006004794000546099
L: 0.50, u_super: 0.00327, sec: 176.837, prod: 0.073474, t_ads: 58.9, t_des: 53.0, bed_util_ads: 0.497, bed_util_des: 0.497, des_th: 0.497063384420791,frac_lost: 0.101, li_recovered:  8.222, time: 0.005175112999495468
L: 0.50, u_super: 0.00272, sec: 337.736, prod: 0.026352, t_ads: 71.9, t_des: 258.1, bed_util_ads: 0.328, bed_util_des: 0.323, des_th: 0.3226095829556102,frac_lost: 0.105, li_recovered:  8.696, time: 0.009910925999065512
L: 0.50, u_super: 0.00851, sec: 520.191, prod: 0.180548, t_ads: 22.9, t_des: 25.3, bed_util_ads: 0.475, bed_util_des: 0.474, des_th: 0.47431029312225,frac_lost: 0.103, li_recovered:  8.702, time: 0.0060225919987715315
L: 23.24, u_super: 0.00157 — INFEASIBLE (li_recovered=0.000e+00), time: 0.0009190410000883276
L: 0.50, u_super: 0.00107, sec: 58.214, prod: 0.023026, t_ads: 177.5, t_des: 161.3, bed_util_ads: 0.485, bed_util_des: 0.484, des_th: 0.4842206419105805,frac_lost: 0.107, li_recovered:  7.801, time: 0.004708722999566817
L: 0.50, u_super: 0.00179, sec: 96.315, prod: 0.039626, t_ads: 106.6, t_des: 97.0, bed_util_ads: 0.491, bed_util_des: 0.491, des_th: 0.49099633213020133,frac_lost: 0.102, li_recovered:  8.068, time: 0.004820000998734031
L: 0.50, u_super: 0.00700, sec: 400.618, prod: 0.155604, t_ads: 27.7, t_des: 27.8, bed_util_ads: 0.485, bed_util_des: 0.485, des_th: 0.4848688358339858,frac_lost: 0.100, li_recovered:  8.641, time: 0.004638579999664216
L: 0.50, u_super: 0.00370, sec: 201.433, prod: 0.082981, t_ads: 52.6, t_des: 47.0, bed_util_ads: 0.498, bed_util_des: 0.498, des_th: 0.4978556789587711,frac_lost: 0.108, li_recovered:  8.261, time: 0.004171430999122094
L: 0.50, u_super: 0.00260, sec: 139.744, prod: 0.057973, t_ads: 74.3, t_des: 67.5, bed_util_ads: 0.494, bed_util_des: 0.494, des_th: 0.49388929274752863,frac_lost: 0.104, li_recovered:  8.222, time: 0.004450645999895642
L: 0.50, u_super: 0.00260, sec: 141.075, prod: 0.057594, t_ads: 74.2, t_des: 64.3, bed_util_ads: 0.500, bed_util_des: 0.500, des_th: 0.4997275809196764,frac_lost: 0.104, li_recovered:  7.974, time: 0.004053738000948215
L: 0.50, u_super: 0.00328, sec: 177.494, prod: 0.073255, t_ads: 59.3, t_des: 53.0, bed_util_ads: 0.497, bed_util_des: 0.497, des_th: 0.49715348250460617,frac_lost: 0.107, li_recovered:  8.232, time: 0.005469794999953592
L: 0.50, u_super: 0.00721, sec: 408.138, prod: 0.162559, t_ads: 27.1, t_des: 25.5, bed_util_ads: 0.494, bed_util_des: 0.494, des_th: 0.4935069857953725,frac_lost: 0.106, li_recovered:  8.545, time: 0.004735161999633419
L: 0.50, u_super: 0.00462, sec: 253.259, prod: 0.104189, t_ads: 42.0, t_des: 38.0, bed_util_ads: 0.497, bed_util_des: 0.497, des_th: 0.4969971414614552,frac_lost: 0.104, li_recovered:  8.337, time: 0.004368718999103294
L: 0.50, u_super: 0.00185, sec: 100.995, prod: 0.040463, t_ads: 102.8, t_des: 88.0, bed_util_ads: 0.499, bed_util_des: 0.499, des_th: 0.49897911996291466,frac_lost: 0.100, li_recovered:  7.720, time: 0.004006434000984882
L: 0.50, u_super: 0.00544, sec: 300.947, prod: 0.122845, t_ads: 35.6, t_des: 31.6, bed_util_ads: 0.500, bed_util_des: 0.500, des_th: 0.49974180622298725,frac_lost: 0.101, li_recovered:  8.254, time: 0.00441413999942597
L: 0.50, u_super: 0.00934, sec: 540.291, prod: 0.211888, t_ads: 20.9, t_des: 18.8, bed_util_ads: 0.500, bed_util_des: 0.500, des_th: 0.49969187293659095,frac_lost: 0.103, li_recovered:  8.405, time: 0.003874447000271175
L: 54.67, u_super: 0.00057 — INFEASIBLE (li_recovered=0.000e+00), time: 0.0006321540004137205
L: 0.50, u_super: 0.00562, sec: 312.025, prod: 0.126577, t_ads: 34.5, t_des: 32.8, bed_util_ads: 0.492, bed_util_des: 0.492, des_th: 0.4917791103169457,frac_lost: 0.102, li_recovered:  8.528, time: 0.005318908000845113
L: 0.50, u_super: 0.00725, sec: 411.944, prod: 0.163044, t_ads: 27.0, t_des: 25.6, bed_util_ads: 0.494, bed_util_des: 0.494, des_th: 0.493684605095525,frac_lost: 0.107, li_recovered:  8.577, time: 0.0048061710003821645
L: 0.50, u_super: 0.00579, sec: 321.428, prod: 0.130611, t_ads: 33.6, t_des: 31.5, bed_util_ads: 0.494, bed_util_des: 0.494, des_th: 0.49378695287953533,frac_lost: 0.103, li_recovered:  8.501, time: 0.004370976999780396
L: 0.50, u_super: 0.00050 — INFEASIBLE (li_recovered=0.000e+00), time: 0.0024766170008660993
L: 0.50, u_super: 0.00892, sec: 513.965, prod: 0.201866, t_ads: 21.9, t_des: 20.1, bed_util_ads: 0.498, bed_util_des: 0.498, des_th: 0.4976550756893302,frac_lost: 0.106, li_recovered:  8.493, time: 0.004528196999672218
L: 0.50, u_super: 0.00897, sec: 517.388, prod: 0.203317, t_ads: 21.8, t_des: 20.0, bed_util_ads: 0.498, bed_util_des: 0.498, des_th: 0.497597037941437,frac_lost: 0.105, li_recovered:  8.490, time: 0.005334966999726021
L: 13.62, u_super: 0.00633 — INFEASIBLE (li_recovered=0.000e+00), time: 0.0016956129984464496
L: 87.15, u_super: 0.00149 — INFEASIBLE (li_recovered=0.000e+00), time: 0.0008524429995304672
L: 0.50, u_super: 0.00354, sec: 191.861, prod: 0.079213, t_ads: 54.9, t_des: 49.1, bed_util_ads: 0.498, bed_util_des: 0.498, des_th: 0.4978556789587711,frac_lost: 0.106, li_recovered:  8.243, time: 0.003916274999937741
L: 0.50, u_super: 0.00516, sec: 284.175, prod: 0.116500, t_ads: 37.6, t_des: 33.7, bed_util_ads: 0.498, bed_util_des: 0.498, des_th: 0.49828556162009174,frac_lost: 0.102, li_recovered:  8.298, time: 0.005007320000004256
L: 0.50, u_super: 0.00957, sec: 559.320, prod: 0.215407, t_ads: 20.4, t_des: 19.6, bed_util_ads: 0.492, bed_util_des: 0.492, des_th: 0.49208113228812966,frac_lost: 0.105, li_recovered:  8.614, time: 0.005391625998527161
L: 0.50, u_super: 0.00964, sec: 559.659, prod: 0.218704, t_ads: 20.2, t_des: 18.2, bed_util_ads: 0.500, bed_util_des: 0.500, des_th: 0.49969187293659095,frac_lost: 0.103, li_recovered:  8.396, time: 0.004600538000886445
L: 0.50, u_super: 0.00663, sec: 371.185, prod: 0.150194, t_ads: 29.2, t_des: 26.2, bed_util_ads: 0.500, bed_util_des: 0.500, des_th: 0.49999773052167473,frac_lost: 0.100, li_recovered:  8.324, time: 0.005166655000721221
L: 0.50, u_super: 0.00181, sec: 97.446, prod: 0.039813, t_ads: 105.7, t_des: 93.9, bed_util_ads: 0.494, bed_util_des: 0.494, des_th: 0.49369098735059236,frac_lost: 0.102, li_recovered:  7.948, time: 0.003816108001046814
L: 0.50, u_super: 0.00974, sec: 574.129, prod: 0.218001, t_ads: 20.0, t_des: 19.7, bed_util_ads: 0.490, bed_util_des: 0.490, des_th: 0.48968729600143174,frac_lost: 0.104, li_recovered:  8.653, time: 0.004752639000798808
L: 0.50, u_super: 0.00265, sec: 148.050, prod: 0.056754, t_ads: 72.9, t_des: 77.4, bed_util_ads: 0.475, bed_util_des: 0.474, des_th: 0.4739557628287071,frac_lost: 0.102, li_recovered:  8.532, time: 0.005902667000555084
   157 |     6280 |     40 |  0.0022664786 |             f
L: 0.50, u_super: 0.00283, sec: 152.143, prod: 0.063239, t_ads: 68.3, t_des: 62.9, bed_util_ads: 0.493, bed_util_des: 0.493, des_th: 0.4929258140993067,frac_lost: 0.103, li_recovered:  8.295, time: 0.005697865999536589
L: 0.50, u_super: 0.00029 — INFEASIBLE (li_recovered=0.000e+00), time: 0.0020446240014280193
L: 0.50, u_super: 0.00446, sec: 250.923, prod: 0.097792, t_ads: 43.6, t_des: 44.5, bed_util_ads: 0.482, bed_util_des: 0.481, des_th: 0.48148421407696795,frac_lost: 0.104, li_recovered:  8.613, time: 0.0038714830006938428
L: 0.50, u_super: 0.00827, sec: 473.544, prod: 0.187010, t_ads: 23.7, t_des: 21.5, bed_util_ads: 0.499, bed_util_des: 0.499, des_th: 0.49918939362253006,frac_lost: 0.109, li_recovered:  8.447, time: 0.005177279001145507
L: 11.06, u_super: 0.00515 — INFEASIBLE (li_recovered=0.000e+00), time: 0.002177499000026728
L: 0.50, u_super: 0.00633, sec: 353.110, prod: 0.142991, t_ads: 30.8, t_des: 27.8, bed_util_ads: 0.500, bed_util_des: 0.500, des_th: 0.49978196558130816,frac_lost: 0.104, li_recovered:  8.371, time: 0.00765536700055236
L: 4.28, u_super: 0.00492 — INFEASIBLE (li_recovered=0.000e+00), time: 0.0028679530005319975
L: 0.50, u_super: 0.00008 — INFEASIBLE (li_recovered=0.000e+00), time: 0.003377354001713684
L: 0.50, u_super: 0.00310, sec: 167.041, prod: 0.069334, t_ads: 62.3, t_des: 56.0, bed_util_ads: 0.497, bed_util_des: 0.497, des_th: 0.4970469651817413,frac_lost: 0.102, li_recovered:  8.206, time: 0.007689983000091161
L: 0.50, u_super: 0.00174, sec: 94.223, prod: 0.037940, t_ads: 110.0, t_des: 95.3, bed_util_ads: 0.497, bed_util_des: 0.497, des_th: 0.4970799360611919,frac_lost: 0.102, li_recovered:  7.789, time: 0.007966123001097003
L: 0.50, u_super: 0.00989, sec: 576.869, prod: 0.224082, t_ads: 19.8, t_des: 17.9, bed_util_ads: 0.500, bed_util_des: 0.500, des_th: 0.4999405177820176,frac_lost: 0.107, li_recovered:  8.453, time: 0.005356441000913037
L: 0.50, u_super: 0.00692, sec: 390.460, prod: 0.156187, t_ads: 28.3, t_des: 26.0, bed_util_ads: 0.497, bed_util_des: 0.497, des_th: 0.4970937975029859,frac_lost: 0.109, li_recovered:  8.485, time: 0.008262594001280377
L: 0.50, u_super: 0.00373, sec: 202.624, prod: 0.083693, t_ads: 52.1, t_des: 48.2, bed_util_ads: 0.494, bed_util_des: 0.494, des_th: 0.49378695287953533,frac_lost: 0.106, li_recovered:  8.398, time: 0.005295888000546256
L: 0.50, u_super: 0.00019 — INFEASIBLE (li_recovered=0.000e+00), time: 0.0029552579999290174
L: 0.50, u_super: 0.00827, sec: 473.122, prod: 0.187177, t_ads: 23.7, t_des: 21.5, bed_util_ads: 0.499, bed_util_des: 0.499, des_th: 0.4992439554724641,frac_lost: 0.107, li_recovered:  8.446, time: 0.00835112700042373
L: 0.50, u_super: 0.00896, sec: 516.673, prod: 0.203061, t_ads: 21.8, t_des: 19.8, bed_util_ads: 0.500, bed_util_des: 0.500, des_th: 0.4996716560512009,frac_lost: 0.106, li_recovered:  8.450, time: 0.007047720999253215
L: 0.50, u_super: 0.00105 — INFEASIBLE (li_recovered=0.000e+00), time: 0.0030625529998360435
L: 29.06, u_super: 0.00038 — INFEASIBLE (li_recovered=0.000e+00), time: 0.0008448699991276953
L: 52.54, u_super: 0.00891 — INFEASIBLE (li_recovered=0.000e+00), time: 0.0018997709994437173
L: 0.50, u_super: 0.00211, sec: 113.072, prod: 0.046783, t_ads: 90.8, t_des: 82.0, bed_util_ads: 0.493, bed_util_des: 0.493, des_th: 0.4929258140993067,frac_lost: 0.100, li_recovered:  8.082, time: 0.006606273998841061
L: 0.50, u_super: 0.00098, sec: 54.306, prod: 0.020824, t_ads: 191.8, t_des: 166.8, bed_util_ads: 0.490, bed_util_des: 0.489, des_th: 0.48968729600143174,frac_lost: 0.105, li_recovered:  7.466, time: 0.0037908560007053893
L: 0.50, u_super: 0.00077 — INFEASIBLE (li_recovered=0.000e+00), time: 0.003359195001394255
L: 0.50, u_super: 0.00612, sec: 341.618, prod: 0.138192, t_ads: 31.9, t_des: 29.3, bed_util_ads: 0.497, bed_util_des: 0.497, des_th: 0.4969914162843007,frac_lost: 0.107, li_recovered:  8.464, time: 0.00642680599958112
L: 0.50, u_super: 0.00757, sec: 427.888, prod: 0.171579, t_ads: 25.6, t_des: 23.2, bed_util_ads: 0.499, bed_util_des: 0.499, des_th: 0.4987194579682363,frac_lost: 0.101, li_recovered:  8.374, time: 0.005017122999561252
L: 0.50, u_super: 0.00990, sec: 576.625, prod: 0.224570, t_ads: 19.7, t_des: 17.7, bed_util_ads: 0.500, bed_util_des: 0.500, des_th: 0.4997275809196764,frac_lost: 0.103, li_recovered:  8.397, time: 0.006716165000398178
L: 0.50, u_super: 0.00969, sec: 563.571, prod: 0.219680, t_ads: 20.2, t_des: 18.3, bed_util_ads: 0.500, bed_util_des: 0.500, des_th: 0.49969187293659095,frac_lost: 0.106, li_recovered:  8.446, time: 0.004079497000930132
L: 0.50, u_super: 0.00395, sec: 215.273, prod: 0.088718, t_ads: 49.2, t_des: 43.9, bed_util_ads: 0.498, bed_util_des: 0.498, des_th: 0.4978556789587711,frac_lost: 0.105, li_recovered:  8.253, time: 0.005553740998948342
L: 13.31, u_super: 0.00419 — INFEASIBLE (li_recovered=0.000e+00), time: 0.0017359410012431908
L: 0.50, u_super: 0.00485, sec: 273.738, prod: 0.106441, t_ads: 40.0, t_des: 41.0, bed_util_ads: 0.482, bed_util_des: 0.481, des_th: 0.48109074491514847,frac_lost: 0.102, li_recovered:  8.622, time: 0.004665206999561633
L: 0.50, u_super: 0.00568, sec: 314.328, prod: 0.128229, t_ads: 34.2, t_des: 30.7, bed_util_ads: 0.500, bed_util_des: 0.500, des_th: 0.4997077664570953,frac_lost: 0.102, li_recovered:  8.317, time: 0.007155565999710234
L: 0.50, u_super: 0.00325, sec: 175.696, prod: 0.072802, t_ads: 59.3, t_des: 52.8, bed_util_ads: 0.497, bed_util_des: 0.497, des_th: 0.49723391916409637,frac_lost: 0.100, li_recovered:  8.163, time: 0.004579346001264639
L: 0.50, u_super: 0.00981, sec: 581.079, prod: 0.218342, t_ads: 19.9, t_des: 19.8, bed_util_ads: 0.487, bed_util_des: 0.487, des_th: 0.4866502903174578,frac_lost: 0.103, li_recovered:  8.670, time: 0.004260683001120924
L: 0.50, u_super: 0.00948, sec: 548.908, prod: 0.214945, t_ads: 20.6, t_des: 18.8, bed_util_ads: 0.499, bed_util_des: 0.499, des_th: 0.4988936084736196,frac_lost: 0.104, li_recovered:  8.455, time: 0.004651700000977144
L: 0.50, u_super: 0.00932, sec: 539.521, prod: 0.211134, t_ads: 21.0, t_des: 19.0, bed_util_ads: 0.500, bed_util_des: 0.500, des_th: 0.49975357533857206,frac_lost: 0.106, li_recovered:  8.446, time: 0.0055408009993698215
L: 30.68, u_super: 0.00492 — INFEASIBLE (li_recovered=0.000e+00), time: 0.0016253419998975005
L: 0.50, u_super: 0.00305, sec: 164.328, prod: 0.068288, t_ads: 63.4, t_des: 58.4, bed_util_ads: 0.493, bed_util_des: 0.493, des_th: 0.4929258140993067,frac_lost: 0.103, li_recovered:  8.314, time: 0.0052304600012575975
L: 0.50, u_super: 0.00009 — INFEASIBLE (li_recovered=0.000e+00), time: 0.0017359479988954263
L: 0.50, u_super: 0.00984, sec: 578.761, prod: 0.221027, t_ads: 19.8, t_des: 19.3, bed_util_ads: 0.490, bed_util_des: 0.490, des_th: 0.4897561855658461,frac_lost: 0.103, li_recovered:  8.637, time: 0.005306732000462944
L: 0.50, u_super: 0.00011 — INFEASIBLE (li_recovered=0.000e+00), time: 0.0017611700004636077
L: 0.50, u_super: 0.00409, sec: 223.151, prod: 0.091636, t_ads: 47.5, t_des: 41.9, bed_util_ads: 0.500, bed_util_des: 0.500, des_th: 0.4995844733222173,frac_lost: 0.104, li_recovered:  8.192, time: 0.003916331999789691
   158 |     6320 |     40 |  0.0026981649 |             f
L: 0.50, u_super: 0.00364, sec: 197.739, prod: 0.081569, t_ads: 53.4, t_des: 47.7, bed_util_ads: 0.499, bed_util_des: 0.499, des_th: 0.4985983737588772,frac_lost: 0.107, li_recovered:  8.251, time: 0.005541426000490901
L: 0.50, u_super: 0.00446, sec: 244.263, prod: 0.100437, t_ads: 43.6, t_des: 39.4, bed_util_ads: 0.497, bed_util_des: 0.497, des_th: 0.4969914162843007,frac_lost: 0.106, li_recovered:  8.336, time: 0.005844617000548169
L: 0.50, u_super: 0.00519, sec: 285.727, prod: 0.117171, t_ads: 37.3, t_des: 33.5, bed_util_ads: 0.499, bed_util_des: 0.498, des_th: 0.4984533915009237,frac_lost: 0.101, li_recovered:  8.295, time: 0.004221006998704979
L: 0.50, u_super: 0.00185, sec: 101.103, prod: 0.040420, t_ads: 103.0, t_des: 87.9, bed_util_ads: 0.500, bed_util_des: 0.500, des_th: 0.49971765820708164,frac_lost: 0.102, li_recovered:  7.714, time: 0.0055024249995767605
L: 0.50, u_super: 0.00921, sec: 532.506, prod: 0.208772, t_ads: 21.2, t_des: 19.3, bed_util_ads: 0.500, bed_util_des: 0.500, des_th: 0.4996149796821338,frac_lost: 0.105, li_recovered:  8.456, time: 0.00477672499982873
L: 0.50, u_super: 0.00659, sec: 368.369, prod: 0.149119, t_ads: 29.4, t_des: 26.4, bed_util_ads: 0.500, bed_util_des: 0.500, des_th: 0.4999733967062066,frac_lost: 0.100, li_recovered:  8.318, time: 0.006596131001060712
L: 0.50, u_super: 0.00803, sec: 457.279, prod: 0.181707, t_ads: 24.3, t_des: 22.1, bed_util_ads: 0.499, bed_util_des: 0.499, des_th: 0.4993730038910715,frac_lost: 0.105, li_recovered:  8.436, time: 0.004252025999448961
L: 0.50, u_super: 0.00105, sec: 56.877, prod: 0.022582, t_ads: 180.3, t_des: 167.1, bed_util_ads: 0.482, bed_util_des: 0.481, des_th: 0.4812247951188494,frac_lost: 0.103, li_recovered:  7.845, time: 0.004018311999971047
L: 0.50, u_super: 0.00675, sec: 378.284, prod: 0.153008, t_ads: 28.7, t_des: 26.3, bed_util_ads: 0.497, bed_util_des: 0.497, des_th: 0.4970937975029859,frac_lost: 0.101, li_recovered:  8.419, time: 0.0059256269996694755
L: 0.50, u_super: 0.00724, sec: 409.919, prod: 0.163475, t_ads: 27.1, t_des: 24.8, bed_util_ads: 0.497, bed_util_des: 0.497, des_th: 0.49692386684432427,frac_lost: 0.109, li_recovered:  8.485, time: 0.004098523999346071
L: 0.98, u_super: 0.00579, sec: 634.053, prod: 0.129337, t_ads: 65.0, t_des: 57.9, bed_util_ads: 0.497, bed_util_des: 0.497, des_th: 0.497063384420791,frac_lost: 0.101, li_recovered:  15.904, time: 0.005339408000509138
L: 0.50, u_super: 0.00073, sec: 44.855, prod: 0.013752, t_ads: 257.8, t_des: 327.2, bed_util_ads: 0.434, bed_util_des: 0.429, des_th: 0.42871738798687253,frac_lost: 0.101, li_recovered:  8.045, time: 0.004313379000450368
L: 0.50, u_super: 0.00692, sec: 390.071, prod: 0.156341, t_ads: 28.3, t_des: 25.9, bed_util_ads: 0.497, bed_util_des: 0.497, des_th: 0.4970937975029859,frac_lost: 0.108, li_recovered:  8.474, time: 0.00386041700039641
L: 0.50, u_super: 0.00157, sec: 88.437, prod: 0.033049, t_ads: 121.9, t_des: 131.9, bed_util_ads: 0.468, bed_util_des: 0.466, des_th: 0.46660292408008974,frac_lost: 0.104, li_recovered:  8.386, time: 0.006112218999987817
L: 0.50, u_super: 0.00242, sec: 130.776, prod: 0.053691, t_ads: 79.5, t_des: 69.8, bed_util_ads: 0.497, bed_util_des: 0.497, des_th: 0.4971959006968071,frac_lost: 0.103, li_recovered:  8.019, time: 0.004873635998592363
L: 0.50, u_super: 0.00342, sec: 185.248, prod: 0.076474, t_ads: 57.0, t_des: 52.8, bed_util_ads: 0.494, bed_util_des: 0.494, des_th: 0.4938100506879961,frac_lost: 0.108, li_recovered:  8.393, time: 0.007036328999674879
L: 9.38, u_super: 0.00769, sec: 9426.133, prod: 0.151169, t_ads: 432.7, t_des: 405.9, bed_util_ads: 0.457, bed_util_des: 0.455, des_th: 0.45491294587427217,frac_lost: 0.105, li_recovered:  126.765, time: 0.004990223000277183
L: 0.50, u_super: 0.00024, sec: 18.644, prod: 0.003465, t_ads: 770.9, t_des: 1381.9, bed_util_ads: 0.349, bed_util_des: 0.321, des_th: 0.32090134507012524,frac_lost: 0.103, li_recovered:  7.459, time: 0.006070510000427021
L: 0.50, u_super: 0.00804, sec: 461.368, prod: 0.180696, t_ads: 24.4, t_des: 23.1, bed_util_ads: 0.493, bed_util_des: 0.493, des_th: 0.49299800820046175,frac_lost: 0.108, li_recovered:  8.590, time: 0.004866895000304794
L: 0.50, u_super: 0.00834, sec: 539.057, prod: 0.167165, t_ads: 23.4, t_des: 28.7, bed_util_ads: 0.461, bed_util_des: 0.461, des_th: 0.4606315166838065,frac_lost: 0.105, li_recovered:  8.709, time: 0.0046307570009958
L: 0.82, u_super: 0.00755, sec: 701.174, prod: 0.169956, t_ads: 42.1, t_des: 38.4, bed_util_ads: 0.496, bed_util_des: 0.496, des_th: 0.49613208858169444,frac_lost: 0.106, li_recovered:  13.683, time: 0.006689777001156472
L: 0.50, u_super: 0.00015, sec: 10.972, prod: 0.002365, t_ads: 1081.4, t_des: 1465.1, bed_util_ads: 0.351, bed_util_des: 0.330, des_th: 0.32983010650372996,frac_lost: 0.101, li_recovered:  6.024, time: 0.004302999999708845
L: 0.50, u_super: 0.00154, sec: 84.424, prod: 0.033385, t_ads: 124.0, t_des: 105.8, bed_util_ads: 0.498, bed_util_des: 0.498, des_th: 0.4978311180416055,frac_lost: 0.106, li_recovered:  7.670, time: 0.007146658999772626
L: 6.26, u_super: 0.00544 — INFEASIBLE (li_recovered=0.000e+00), time: 0.002283130001160316
L: 0.50, u_super: 0.00057 — INFEASIBLE (li_recovered=0.000e+00), time: 0.002058186999420286
L: 0.50, u_super: 0.00374, sec: 203.313, prod: 0.083857, t_ads: 52.0, t_des: 46.6, bed_util_ads: 0.498, bed_util_des: 0.498, des_th: 0.4976329062273369,frac_lost: 0.107, li_recovered:  8.271, time: 0.005944288001046516
L: 0.50, u_super: 0.00043, sec: 24.995, prod: 0.008427, t_ads: 422.1, t_des: 447.5, bed_util_ads: 0.443, bed_util_des: 0.438, des_th: 0.43855123142827046,frac_lost: 0.103, li_recovered:  7.328, time: 0.006600492000870872
L: 47.44, u_super: 0.00409 — INFEASIBLE (li_recovered=0.000e+00), time: 0.0011305990010441747
L: 5.91, u_super: 0.00259 — INFEASIBLE (li_recovered=0.000e+00), time: 0.0024076800000329968
L: 0.50, u_super: 0.00524, sec: 288.824, prod: 0.118306, t_ads: 37.1, t_des: 34.0, bed_util_ads: 0.497, bed_util_des: 0.497, des_th: 0.4965805386784019,frac_lost: 0.104, li_recovered:  8.406, time: 0.006746513001417043
L: 0.50, u_super: 0.00482, sec: 264.681, prod: 0.108686, t_ads: 40.2, t_des: 35.9, bed_util_ads: 0.499, bed_util_des: 0.499, des_th: 0.4990581097145256,frac_lost: 0.102, li_recovered:  8.275, time: 0.006173887000841205
L: 27.83, u_super: 0.00544 — INFEASIBLE (li_recovered=0.000e+00), time: 0.002376450000156183
L: 0.50, u_super: 0.00663, sec: 371.216, prod: 0.150198, t_ads: 29.2, t_des: 26.2, bed_util_ads: 0.500, bed_util_des: 0.500, des_th: 0.4998329284709939,frac_lost: 0.100, li_recovered:  8.326, time: 0.009717048998936662
L: 0.50, u_super: 0.00254, sec: 136.872, prod: 0.056455, t_ads: 76.1, t_des: 67.6, bed_util_ads: 0.497, bed_util_des: 0.497, des_th: 0.4970628393022985,frac_lost: 0.105, li_recovered:  8.110, time: 0.008206493999750819
L: 0.50, u_super: 0.00674, sec: 377.616, prod: 0.152412, t_ads: 28.8, t_des: 25.7, bed_util_ads: 0.500, bed_util_des: 0.500, des_th: 0.4999769303641155,frac_lost: 0.101, li_recovered:  8.314, time: 0.008946377998654498
L: 0.50, u_super: 0.00990, sec: 576.230, prod: 0.224728, t_ads: 19.7, t_des: 17.9, bed_util_ads: 0.500, bed_util_des: 0.499, des_th: 0.49942132725883337,frac_lost: 0.103, li_recovered:  8.447, time: 0.009540696999465581
L: 0.50, u_super: 0.00283, sec: 152.884, prod: 0.062933, t_ads: 68.2, t_des: 60.0, bed_util_ads: 0.499, bed_util_des: 0.499, des_th: 0.49916166040778426,frac_lost: 0.103, li_recovered:  8.069, time: 0.007861821999540552
L: 0.50, u_super: 0.00932, sec: 539.582, prod: 0.211110, t_ads: 21.0, t_des: 19.0, bed_util_ads: 0.500, bed_util_des: 0.500, des_th: 0.49973033744256745,frac_lost: 0.106, li_recovered:  8.443, time: 0.009198710999044124
L: 0.50, u_super: 0.00489, sec: 268.266, prod: 0.110178, t_ads: 39.8, t_des: 35.9, bed_util_ads: 0.497, bed_util_des: 0.497, des_th: 0.4972646519379873,frac_lost: 0.104, li_recovered:  8.341, time: 0.008020997000130592
L: 46.69, u_super: 0.00831 — INFEASIBLE (li_recovered=0.000e+00), time: 0.0016673989994160365
   159 |     6360 |     40 |  0.0014493957 |             f
L: 0.50, u_super: 0.00093, sec: 51.054, prod: 0.020021, t_ads: 200.4, t_des: 184.4, bed_util_ads: 0.482, bed_util_des: 0.481, des_th: 0.4812247951188494,frac_lost: 0.101, li_recovered:  7.703, time: 0.006868208998639602
L: 0.50, u_super: 0.00964, sec: 559.469, prod: 0.218886, t_ads: 20.2, t_des: 18.3, bed_util_ads: 0.499, bed_util_des: 0.499, des_th: 0.49880375080672107,frac_lost: 0.103, li_recovered:  8.436, time: 0.006633101998886559
L: 0.50, u_super: 0.00696, sec: 395.233, prod: 0.156058, t_ads: 28.1, t_des: 27.0, bed_util_ads: 0.492, bed_util_des: 0.492, des_th: 0.49153554633434715,frac_lost: 0.106, li_recovered:  8.600, time: 0.010312181000699638
L: 0.50, u_super: 0.00803, sec: 468.178, prod: 0.177477, t_ads: 24.4, t_des: 24.5, bed_util_ads: 0.486, bed_util_des: 0.486, des_th: 0.48601935149802244,frac_lost: 0.106, li_recovered:  8.669, time: 0.004733592999400571
L: 0.50, u_super: 0.00250, sec: 134.533, prod: 0.055513, t_ads: 77.3, t_des: 68.7, bed_util_ads: 0.497, bed_util_des: 0.497, des_th: 0.49704688013316733,frac_lost: 0.104, li_recovered:  8.102, time: 0.004598419000103604
L: 0.50, u_super: 0.00478, sec: 262.086, prod: 0.107716, t_ads: 40.7, t_des: 37.1, bed_util_ads: 0.497, bed_util_des: 0.497, des_th: 0.49692386684432427,frac_lost: 0.104, li_recovered:  8.384, time: 0.007871392999732052
L: 2.49, u_super: 0.00217 — INFEASIBLE (li_recovered=0.000e+00), time: 0.008502389000568655
L: 0.50, u_super: 0.00732, sec: 413.019, prod: 0.166032, t_ads: 26.5, t_des: 23.9, bed_util_ads: 0.499, bed_util_des: 0.499, des_th: 0.4987194579682363,frac_lost: 0.101, li_recovered:  8.373, time: 0.006629090999922482
L: 0.50, u_super: 0.00990, sec: 576.447, prod: 0.224641, t_ads: 19.7, t_des: 17.9, bed_util_ads: 0.500, bed_util_des: 0.499, des_th: 0.49942132725883337,frac_lost: 0.104, li_recovered:  8.454, time: 0.00961483799983398
L: 0.50, u_super: 0.00283, sec: 152.194, prod: 0.063219, t_ads: 68.3, t_des: 62.8, bed_util_ads: 0.493, bed_util_des: 0.493, des_th: 0.4928040247089268,frac_lost: 0.104, li_recovered:  8.288, time: 0.00749353900027927
L: 0.50, u_super: 0.00544, sec: 300.662, prod: 0.122962, t_ads: 35.6, t_des: 32.0, bed_util_ads: 0.500, bed_util_des: 0.500, des_th: 0.4997496302628329,frac_lost: 0.102, li_recovered:  8.315, time: 0.009343051000541891
L: 0.50, u_super: 0.00686, sec: 384.796, prod: 0.155439, t_ads: 28.3, t_des: 25.6, bed_util_ads: 0.499, bed_util_des: 0.499, des_th: 0.4986835679943937,frac_lost: 0.101, li_recovered:  8.379, time: 0.008194115000151214
L: 0.50, u_super: 0.00596, sec: 330.876, prod: 0.134998, t_ads: 32.5, t_des: 29.8, bed_util_ads: 0.497, bed_util_des: 0.497, des_th: 0.49657685242855115,frac_lost: 0.101, li_recovered:  8.413, time: 0.0070911200000409735
L: 0.50, u_super: 0.00037 — INFEASIBLE (li_recovered=0.000e+00), time: 0.0030070239990891423
L: 0.50, u_super: 0.00917, sec: 529.663, prod: 0.207869, t_ads: 21.3, t_des: 19.5, bed_util_ads: 0.497, bed_util_des: 0.497, des_th: 0.497063384420791,frac_lost: 0.104, li_recovered:  8.484, time: 0.007454169999618898
L: 0.50, u_super: 0.00803, sec: 457.512, prod: 0.181614, t_ads: 24.4, t_des: 22.1, bed_util_ads: 0.499, bed_util_des: 0.499, des_th: 0.4993730038910715,frac_lost: 0.106, li_recovered:  8.439, time: 0.005800701999760349
L: 0.50, u_super: 0.00921, sec: 532.644, prod: 0.208716, t_ads: 21.2, t_des: 19.1, bed_util_ads: 0.500, bed_util_des: 0.500, des_th: 0.4997869015470777,frac_lost: 0.105, li_recovered:  8.404, time: 0.006376941000780789
L: 0.50, u_super: 0.00637, sec: 355.684, prod: 0.143900, t_ads: 30.5, t_des: 27.2, bed_util_ads: 0.500, bed_util_des: 0.500, des_th: 0.4997216807098817,frac_lost: 0.102, li_recovered:  8.310, time: 0.004890135000096052
L: 11.29, u_super: 0.00416 — INFEASIBLE (li_recovered=0.000e+00), time: 0.002326432999325334
L: 0.50, u_super: 0.00827, sec: 473.074, prod: 0.187196, t_ads: 23.7, t_des: 21.4, bed_util_ads: 0.499, bed_util_des: 0.499, des_th: 0.4987090032439392,frac_lost: 0.107, li_recovered:  8.441, time: 0.005782951999208308
L: 0.50, u_super: 0.00453, sec: 247.985, prod: 0.102048, t_ads: 42.9, t_des: 39.1, bed_util_ads: 0.497, bed_util_des: 0.497, des_th: 0.49699150133287473,frac_lost: 0.105, li_recovered:  8.374, time: 0.00525654600096459
L: 22.59, u_super: 0.00729 — INFEASIBLE (li_recovered=0.000e+00), time: 0.0022201940009836107
L: 27.78, u_super: 0.00938 — INFEASIBLE (li_recovered=0.000e+00), time: 0.0016176770004676655
L: 11.21, u_super: 0.00990 — INFEASIBLE (li_recovered=0.000e+00), time: 0.0028244299992365995
L: 0.50, u_super: 0.00281, sec: 161.037, prod: 0.059119, t_ads: 68.7, t_des: 76.1, bed_util_ads: 0.469, bed_util_des: 0.468, des_th: 0.4683755100634379,frac_lost: 0.102, li_recovered:  8.557, time: 0.004555846999210189
L: 0.50, u_super: 0.00692, sec: 389.804, prod: 0.156448, t_ads: 28.2, t_des: 26.0, bed_util_ads: 0.497, bed_util_des: 0.497, des_th: 0.4970937975029859,frac_lost: 0.106, li_recovered:  8.480, time: 0.004054965000250377
L: 0.50, u_super: 0.00897, sec: 517.714, prod: 0.203184, t_ads: 21.8, t_des: 20.0, bed_util_ads: 0.498, bed_util_des: 0.498, des_th: 0.497597037941437,frac_lost: 0.106, li_recovered:  8.489, time: 0.004182415999821387
L: 0.50, u_super: 0.00752, sec: 424.893, prod: 0.170518, t_ads: 25.8, t_des: 23.3, bed_util_ads: 0.499, bed_util_des: 0.499, des_th: 0.49871159762530964,frac_lost: 0.100, li_recovered:  8.382, time: 0.005606352000540937
L: 0.50, u_super: 0.00854, sec: 489.732, prod: 0.193375, t_ads: 22.9, t_des: 20.6, bed_util_ads: 0.499, bed_util_des: 0.499, des_th: 0.4992477515593587,frac_lost: 0.105, li_recovered:  8.403, time: 0.006936450001376215
L: 0.50, u_super: 0.00827, sec: 486.570, prod: 0.181943, t_ads: 23.7, t_des: 24.0, bed_util_ads: 0.485, bed_util_des: 0.485, des_th: 0.4847433065213598,frac_lost: 0.107, li_recovered:  8.682, time: 0.005214823000642355
L: 0.50, u_super: 0.00475, sec: 260.545, prod: 0.107086, t_ads: 40.9, t_des: 37.0, bed_util_ads: 0.497, bed_util_des: 0.497, des_th: 0.4970000900650989,frac_lost: 0.104, li_recovered:  8.344, time: 0.005344135000996175
L: 0.50, u_super: 0.00011, sec: 9.410, prod: 0.001556, t_ads: 1182.2, t_des: 1455.5, bed_util_ads: 0.334, bed_util_des: 0.324, des_th: 0.32421627105551704,frac_lost: 0.101, li_recovered:  4.104, time: 0.0042986050011677435
L: 0.50, u_super: 0.00983, sec: 593.361, prod: 0.215082, t_ads: 19.8, t_des: 20.6, bed_util_ads: 0.483, bed_util_des: 0.482, des_th: 0.4823593879301926,frac_lost: 0.104, li_recovered:  8.700, time: 0.006514842998512904
L: 0.50, u_super: 0.00948, sec: 549.098, prod: 0.214947, t_ads: 20.6, t_des: 18.5, bed_util_ads: 0.500, bed_util_des: 0.500, des_th: 0.4996149796821338,frac_lost: 0.103, li_recovered:  8.400, time: 0.0067858880011044675
L: 0.50, u_super: 0.00579, sec: 320.952, prod: 0.130751, t_ads: 33.6, t_des: 30.1, bed_util_ads: 0.500, bed_util_des: 0.500, des_th: 0.4996180114182951,frac_lost: 0.102, li_recovered:  8.318, time: 0.006398956998964422
L: 0.50, u_super: 0.00822, sec: 782.171, prod: 0.111864, t_ads: 23.7, t_des: 54.3, bed_util_ads: 0.384, bed_util_des: 0.383, des_th: 0.38308554865663763,frac_lost: 0.102, li_recovered:  8.730, time: 0.008972413001174573
L: 0.50, u_super: 0.00757, sec: 427.888, prod: 0.171579, t_ads: 25.6, t_des: 23.2, bed_util_ads: 0.499, bed_util_des: 0.499, des_th: 0.4987194579682363,frac_lost: 0.101, li_recovered:  8.374, time: 0.004134216000238666
L: 0.50, u_super: 0.00298, sec: 161.490, prod: 0.066427, t_ads: 64.7, t_des: 56.8, bed_util_ads: 0.500, bed_util_des: 0.500, des_th: 0.499655073887,frac_lost: 0.103, li_recovered:  8.071, time: 0.005491430998517899
L: 0.50, u_super: 0.00262, sec: 141.154, prod: 0.058447, t_ads: 73.4, t_des: 65.5, bed_util_ads: 0.497, bed_util_des: 0.497, des_th: 0.49712476751797413,frac_lost: 0.102, li_recovered:  8.118, time: 0.00525933700009773
L: 0.50, u_super: 0.00300, sec: 161.233, prod: 0.067165, t_ads: 64.3, t_des: 59.4, bed_util_ads: 0.493, bed_util_des: 0.493, des_th: 0.4929258140993067,frac_lost: 0.101, li_recovered:  8.309, time: 0.0062414540007011965
   160 |     6400 |     40 |  0.0033041475 |             f
L: 0.50, u_super: 0.00539, sec: 297.123, prod: 0.121840, t_ads: 36.0, t_des: 32.7, bed_util_ads: 0.497, bed_util_des: 0.497, des_th: 0.4969920071214937,frac_lost: 0.101, li_recovered:  8.364, time: 0.005444075999548659
L: 0.50, u_super: 0.00222, sec: 120.778, prod: 0.048810, t_ads: 86.9, t_des: 74.5, bed_util_ads: 0.500, bed_util_des: 0.500, des_th: 0.49972524190971335,frac_lost: 0.106, li_recovered:  7.878, time: 0.004911718000585097
L: 0.50, u_super: 0.00880, sec: 522.186, prod: 0.193473, t_ads: 22.2, t_des: 22.7, bed_util_ads: 0.484, bed_util_des: 0.483, des_th: 0.48347000782620736,frac_lost: 0.104, li_recovered:  8.687, time: 0.005096955001135939
L: 0.50, u_super: 0.00095, sec: 52.048, prod: 0.020399, t_ads: 197.7, t_des: 181.2, bed_util_ads: 0.482, bed_util_des: 0.481, des_th: 0.4814677264127543,frac_lost: 0.104, li_recovered:  7.728, time: 0.004130593999434495
L: 0.50, u_super: 0.00646, sec: 360.140, prod: 0.146271, t_ads: 30.0, t_des: 27.6, bed_util_ads: 0.498, bed_util_des: 0.498, des_th: 0.4975455212762871,frac_lost: 0.100, li_recovered:  8.423, time: 0.006758587998774601
L: 0.50, u_super: 0.00349, sec: 189.076, prod: 0.078153, t_ads: 55.7, t_des: 51.6, bed_util_ads: 0.494, bed_util_des: 0.494, des_th: 0.4938100506879961,frac_lost: 0.106, li_recovered:  8.385, time: 0.006335918998956913
L: 0.50, u_super: 0.00364, sec: 197.638, prod: 0.081611, t_ads: 53.4, t_des: 47.8, bed_util_ads: 0.498, bed_util_des: 0.498, des_th: 0.4978508833810611,frac_lost: 0.106, li_recovered:  8.262, time: 0.008133637998980703
L: 0.50, u_super: 0.00493, sec: 270.817, prod: 0.111383, t_ads: 39.3, t_des: 35.5, bed_util_ads: 0.497, bed_util_des: 0.497, des_th: 0.4969914162843007,frac_lost: 0.102, li_recovered:  8.334, time: 0.009710968999570468
L: 0.50, u_super: 0.00651, sec: 363.630, prod: 0.147492, t_ads: 29.8, t_des: 27.3, bed_util_ads: 0.498, bed_util_des: 0.498, des_th: 0.4978394803518294,frac_lost: 0.101, li_recovered:  8.418, time: 0.008002082000530208
L: 0.50, u_super: 0.00011 — INFEASIBLE (li_recovered=0.000e+00), time: 0.0017881269995996263
L: 0.61, u_super: 0.00164 — INFEASIBLE (li_recovered=0.000e+00), time: 0.006472195000242209
L: 0.50, u_super: 0.00283, sec: 152.892, prod: 0.062929, t_ads: 68.2, t_des: 59.9, bed_util_ads: 0.498, bed_util_des: 0.498, des_th: 0.4982145966101466,frac_lost: 0.102, li_recovered:  8.058, time: 0.007184362999396399
L: 0.50, u_super: 0.00990, sec: 577.913, prod: 0.224073, t_ads: 19.8, t_des: 18.1, bed_util_ads: 0.498, bed_util_des: 0.498, des_th: 0.4978458465945604,frac_lost: 0.108, li_recovered:  8.498, time: 0.009544292999635218
L: 0.50, u_super: 0.00463, sec: 261.222, prod: 0.101224, t_ads: 41.9, t_des: 43.3, bed_util_ads: 0.481, bed_util_des: 0.481, des_th: 0.48072310062794765,frac_lost: 0.101, li_recovered:  8.620, time: 0.008550077000109013
L: 0.50, u_super: 0.00328, sec: 177.345, prod: 0.073316, t_ads: 59.3, t_des: 55.0, bed_util_ads: 0.494, bed_util_des: 0.494, des_th: 0.49378695287953533,frac_lost: 0.107, li_recovered:  8.379, time: 0.00778282699866395
L: 0.50, u_super: 0.00941, sec: 549.134, prod: 0.211854, t_ads: 20.7, t_des: 19.9, bed_util_ads: 0.492, bed_util_des: 0.492, des_th: 0.4922488693298341,frac_lost: 0.104, li_recovered:  8.615, time: 0.01028963300086616
L: 0.50, u_super: 0.00282, sec: 152.691, prod: 0.062797, t_ads: 68.4, t_des: 60.0, bed_util_ads: 0.499, bed_util_des: 0.499, des_th: 0.49888948296382196,frac_lost: 0.103, li_recovered:  8.062, time: 0.009810788998947828
L: 0.50, u_super: 0.00663, sec: 372.006, prod: 0.149554, t_ads: 29.5, t_des: 26.5, bed_util_ads: 0.500, bed_util_des: 0.500, des_th: 0.4999733967062066,frac_lost: 0.108, li_recovered:  8.381, time: 0.007923383000161266
L: 0.50, u_super: 0.00516, sec: 284.524, prod: 0.116357, t_ads: 37.7, t_des: 33.7, bed_util_ads: 0.499, bed_util_des: 0.499, des_th: 0.4987410679383278,frac_lost: 0.104, li_recovered:  8.303, time: 0.008059552001213888
L: 0.50, u_super: 0.00276, sec: 160.848, prod: 0.056859, t_ads: 70.0, t_des: 80.6, bed_util_ads: 0.465, bed_util_des: 0.464, des_th: 0.4636962250924575,frac_lost: 0.101, li_recovered:  8.559, time: 0.007271585000125924
L: 0.50, u_super: 0.00958, sec: 555.820, prod: 0.217137, t_ads: 20.4, t_des: 18.7, bed_util_ads: 0.497, bed_util_des: 0.497, des_th: 0.4973356521326641,frac_lost: 0.104, li_recovered:  8.494, time: 0.007126276999770198
L: 0.50, u_super: 0.00009 — INFEASIBLE (li_recovered=0.000e+00), time: 0.0014129350001894636
L: 0.50, u_super: 0.00584, sec: 323.519, prod: 0.132113, t_ads: 33.2, t_des: 30.6, bed_util_ads: 0.497, bed_util_des: 0.497, des_th: 0.4968189079250487,frac_lost: 0.101, li_recovered:  8.424, time: 0.007653545999346534
L: 0.50, u_super: 0.00593, sec: 355.256, prod: 0.124097, t_ads: 32.8, t_des: 37.1, bed_util_ads: 0.470, bed_util_des: 0.469, des_th: 0.4689825518887788,frac_lost: 0.102, li_recovered:  8.671, time: 0.008530864000931615
L: 0.50, u_super: 0.00820, sec: 468.488, prod: 0.185622, t_ads: 23.8, t_des: 21.6, bed_util_ads: 0.499, bed_util_des: 0.499, des_th: 0.49874079225586254,frac_lost: 0.106, li_recovered:  8.439, time: 0.007524696000473341
L: 0.50, u_super: 0.00157, sec: 86.393, prod: 0.033831, t_ads: 121.9, t_des: 102.6, bed_util_ads: 0.499, bed_util_des: 0.499, des_th: 0.498603169336587,frac_lost: 0.107, li_recovered:  7.595, time: 0.0062011339996388415
L: 0.50, u_super: 0.00403, sec: 219.896, prod: 0.090278, t_ads: 48.3, t_des: 42.6, bed_util_ads: 0.500, bed_util_des: 0.500, des_th: 0.4999638329699671,frac_lost: 0.106, li_recovered:  8.209, time: 0.007749737000267487
L: 0.50, u_super: 0.00130, sec: 145.627, prod: 0.013780, t_ads: 149.2, t_des: 474.7, bed_util_ads: 0.334, bed_util_des: 0.324, des_th: 0.32421627105551704,frac_lost: 0.105, li_recovered:  8.597, time: 0.018737475998932496
L: 0.50, u_super: 0.00699, sec: 392.528, prod: 0.158507, t_ads: 27.7, t_des: 25.2, bed_util_ads: 0.499, bed_util_des: 0.499, des_th: 0.4987194579682363,frac_lost: 0.100, li_recovered:  8.383, time: 0.008175423001375748
L: 21.71, u_super: 0.00011 — INFEASIBLE (li_recovered=0.000e+00), time: 0.0014763159997528419
L: 0.50, u_super: 0.00271, sec: 146.810, prod: 0.060133, t_ads: 71.1, t_des: 61.8, bed_util_ads: 0.500, bed_util_des: 0.500, des_th: 0.49964493853821224,frac_lost: 0.102, li_recovered:  7.990, time: 0.010106544999871403
L: 0.50, u_super: 0.00077 — INFEASIBLE (li_recovered=0.000e+00), time: 0.005584817999988445
L: 0.50, u_super: 0.00803, sec: 457.790, prod: 0.181504, t_ads: 24.4, t_des: 22.2, bed_util_ads: 0.500, bed_util_des: 0.499, des_th: 0.4993730038910715,frac_lost: 0.107, li_recovered:  8.453, time: 0.008046905000810511
L: 0.50, u_super: 0.00551, sec: 304.632, prod: 0.124212, t_ads: 35.3, t_des: 31.6, bed_util_ads: 0.500, bed_util_des: 0.500, des_th: 0.4996160113792671,frac_lost: 0.104, li_recovered:  8.311, time: 0.010575162999884924
L: 0.50, u_super: 0.00871, sec: 503.827, prod: 0.196081, t_ads: 22.5, t_des: 21.3, bed_util_ads: 0.493, bed_util_des: 0.493, des_th: 0.4929508016192202,frac_lost: 0.108, li_recovered:  8.591, time: 0.008489542999086552
L: 22.93, u_super: 0.00823 — INFEASIBLE (li_recovered=0.000e+00), time: 0.0033582299984118436
L: 0.50, u_super: 0.00419, sec: 229.866, prod: 0.093864, t_ads: 46.3, t_des: 44.4, bed_util_ads: 0.490, bed_util_des: 0.489, des_th: 0.48936957398927283,frac_lost: 0.104, li_recovered:  8.512, time: 0.00481663699974888
L: 0.50, u_super: 0.00605, sec: 335.731, prod: 0.136896, t_ads: 32.1, t_des: 29.4, bed_util_ads: 0.497, bed_util_des: 0.497, des_th: 0.497063384420791,frac_lost: 0.101, li_recovered:  8.411, time: 0.005444296999485232
L: 49.33, u_super: 0.00955 — INFEASIBLE (li_recovered=0.000e+00), time: 0.0010421290007798234
L: 0.50, u_super: 0.00205, sec: 111.298, prod: 0.044850, t_ads: 94.2, t_des: 80.9, bed_util_ads: 0.499, bed_util_des: 0.499, des_th: 0.49897911996291466,frac_lost: 0.107, li_recovered:  7.855, time: 0.003724139998666942
   161 |     6440 |     40 |  0.0028814463 |             f
L: 0.50, u_super: 0.00220, sec: 119.287, prod: 0.048550, t_ads: 87.6, t_des: 76.2, bed_util_ads: 0.499, bed_util_des: 0.499, des_th: 0.4986266302073934,frac_lost: 0.107, li_recovered:  7.954, time: 0.0038723439993191278
L: 0.50, u_super: 0.00328, sec: 177.515, prod: 0.073475, t_ads: 58.8, t_des: 52.2, bed_util_ads: 0.498, bed_util_des: 0.498, des_th: 0.4977545592240778,frac_lost: 0.101, li_recovered:  8.155, time: 0.004369178001070395
L: 0.50, u_super: 0.00986, sec: 1408.119, prod: 0.091134, t_ads: 19.9, t_des: 76.2, bed_util_ads: 0.326, bed_util_des: 0.324, des_th: 0.32421627105551704,frac_lost: 0.104, li_recovered:  8.754, time: 0.009281507000196143
L: 0.50, u_super: 0.00150, sec: 82.493, prod: 0.032225, t_ads: 127.7, t_des: 107.5, bed_util_ads: 0.499, bed_util_des: 0.499, des_th: 0.49897911996291466,frac_lost: 0.107, li_recovered:  7.579, time: 0.004158820000156993
L: 0.50, u_super: 0.00699, sec: 393.800, prod: 0.157761, t_ads: 28.0, t_des: 25.5, bed_util_ads: 0.498, bed_util_des: 0.498, des_th: 0.4978508833810611,frac_lost: 0.108, li_recovered:  8.439, time: 0.004025141000965959
L: 0.50, u_super: 0.00107, sec: 57.967, prod: 0.023124, t_ads: 175.9, t_des: 163.6, bed_util_ads: 0.482, bed_util_des: 0.481, des_th: 0.48148421407696795,frac_lost: 0.100, li_recovered:  7.850, time: 0.004513495001447154
L: 0.50, u_super: 0.00336, sec: 217.806, prod: 0.062722, t_ads: 57.9, t_des: 79.6, bed_util_ads: 0.443, bed_util_des: 0.442, des_th: 0.4416489304922906,frac_lost: 0.104, li_recovered:  8.621, time: 0.005020053000407643
L: 4.36, u_super: 0.00819 — INFEASIBLE (li_recovered=0.000e+00), time: 0.0025406369986740174
L: 0.50, u_super: 0.00343, sec: 186.268, prod: 0.076473, t_ads: 56.2, t_des: 49.0, bed_util_ads: 0.500, bed_util_des: 0.500, des_th: 0.4999513425170372,frac_lost: 0.100, li_recovered:  8.052, time: 0.004433036998307216
L: 0.50, u_super: 0.00328, sec: 176.697, prod: 0.073585, t_ads: 58.8, t_des: 53.8, bed_util_ads: 0.494, bed_util_des: 0.494, des_th: 0.49378695287953533,frac_lost: 0.100, li_recovered:  8.284, time: 0.006593699001314235
L: 0.50, u_super: 0.00712, sec: 400.214, prod: 0.161312, t_ads: 27.3, t_des: 24.7, bed_util_ads: 0.499, bed_util_des: 0.499, des_th: 0.49871930065524506,frac_lost: 0.100, li_recovered:  8.375, time: 0.006361407000440522
L: 0.50, u_super: 0.00035 — INFEASIBLE (li_recovered=0.000e+00), time: 0.004090978998647188
L: 0.50, u_super: 0.00520, sec: 285.877, prod: 0.117390, t_ads: 37.3, t_des: 33.8, bed_util_ads: 0.499, bed_util_des: 0.498, des_th: 0.4984288305837582,frac_lost: 0.101, li_recovered:  8.347, time: 0.004728692001663148
L: 5.77, u_super: 0.00011 — INFEASIBLE (li_recovered=0.000e+00), time: 0.0013029490000917576
L: 3.35, u_super: 0.00414 — INFEASIBLE (li_recovered=0.000e+00), time: 0.003277197998613701
L: 0.50, u_super: 0.00612, sec: 340.178, prod: 0.138352, t_ads: 31.8, t_des: 29.2, bed_util_ads: 0.497, bed_util_des: 0.497, des_th: 0.497063384420791,frac_lost: 0.102, li_recovered:  8.430, time: 0.004584936999890488
L: 0.50, u_super: 0.00470, sec: 257.622, prod: 0.105874, t_ads: 41.4, t_des: 37.3, bed_util_ads: 0.499, bed_util_des: 0.498, des_th: 0.49843199907518076,frac_lost: 0.105, li_recovered:  8.334, time: 0.0063928100007615285
L: 0.50, u_super: 0.00245, sec: 131.478, prod: 0.054602, t_ads: 78.6, t_des: 71.9, bed_util_ads: 0.493, bed_util_des: 0.492, des_th: 0.49208113228812966,frac_lost: 0.102, li_recovered:  8.217, time: 0.00633442900107184
L: 0.50, u_super: 0.00911, sec: 530.533, prod: 0.204587, t_ads: 21.5, t_des: 20.7, bed_util_ads: 0.492, bed_util_des: 0.492, des_th: 0.4921947000305542,frac_lost: 0.107, li_recovered:  8.621, time: 0.005243650000920752
L: 0.50, u_super: 0.00395, sec: 214.890, prod: 0.088646, t_ads: 49.3, t_des: 45.5, bed_util_ads: 0.494, bed_util_des: 0.494, des_th: 0.4938880720125559,frac_lost: 0.106, li_recovered:  8.405, time: 0.005659321999701206
L: 0.50, u_super: 0.00006 — INFEASIBLE (li_recovered=0.000e+00), time: 0.0010516210004425375
L: 0.50, u_super: 0.00958, sec: 567.953, prod: 0.212498, t_ads: 20.4, t_des: 20.5, bed_util_ads: 0.486, bed_util_des: 0.486, des_th: 0.48570226360494806,frac_lost: 0.103, li_recovered:  8.677, time: 0.004870946999290027
L: 0.50, u_super: 0.00365, sec: 198.261, prod: 0.081806, t_ads: 53.3, t_des: 47.7, bed_util_ads: 0.499, bed_util_des: 0.498, des_th: 0.4984288305837582,frac_lost: 0.107, li_recovered:  8.264, time: 0.005290004000926274
L: 0.50, u_super: 0.00932, sec: 539.209, prod: 0.211255, t_ads: 20.9, t_des: 18.8, bed_util_ads: 0.500, bed_util_des: 0.500, des_th: 0.49975357533857206,frac_lost: 0.104, li_recovered:  8.394, time: 0.00370421899970097
L: 0.50, u_super: 0.00735, sec: 415.931, prod: 0.166006, t_ads: 26.7, t_des: 24.1, bed_util_ads: 0.499, bed_util_des: 0.499, des_th: 0.4987941468573944,frac_lost: 0.108, li_recovered:  8.430, time: 0.006222316000275896
L: 0.50, u_super: 0.00271, sec: 146.548, prod: 0.060240, t_ads: 71.2, t_des: 62.5, bed_util_ads: 0.500, bed_util_des: 0.499, des_th: 0.499378028834174,frac_lost: 0.104, li_recovered:  8.059, time: 0.0061430180012393976
L: 0.50, u_super: 0.00728, sec: 410.272, prod: 0.165139, t_ads: 26.6, t_des: 24.1, bed_util_ads: 0.499, bed_util_des: 0.499, des_th: 0.4986835679943937,frac_lost: 0.100, li_recovered:  8.379, time: 0.004780457000379101
L: 0.50, u_super: 0.00465, sec: 289.126, prod: 0.092353, t_ads: 41.6, t_des: 52.0, bed_util_ads: 0.457, bed_util_des: 0.456, des_th: 0.4560980080116722,frac_lost: 0.100, li_recovered:  8.651, time: 0.006697079999867128
L: 0.50, u_super: 0.00822, sec: 470.234, prod: 0.185802, t_ads: 23.9, t_des: 21.7, bed_util_ads: 0.499, bed_util_des: 0.499, des_th: 0.4992811230021656,frac_lost: 0.109, li_recovered:  8.456, time: 0.005342698999811546
L: 46.03, u_super: 0.00395 — INFEASIBLE (li_recovered=0.000e+00), time: 0.0014619590001530014
L: 0.50, u_super: 0.00361, sec: 195.857, prod: 0.080785, t_ads: 54.0, t_des: 48.3, bed_util_ads: 0.498, bed_util_des: 0.498, des_th: 0.4978508833810611,frac_lost: 0.107, li_recovered:  8.263, time: 0.005617086999336607
L: 0.50, u_super: 0.00859, sec: 492.012, prod: 0.195040, t_ads: 22.6, t_des: 20.5, bed_util_ads: 0.499, bed_util_des: 0.499, des_th: 0.4988573279961019,frac_lost: 0.101, li_recovered:  8.398, time: 0.003765125999052543
L: 0.50, u_super: 0.00865, sec: 496.418, prod: 0.195867, t_ads: 22.6, t_des: 20.8, bed_util_ads: 0.498, bed_util_des: 0.498, des_th: 0.497597037941437,frac_lost: 0.105, li_recovered:  8.487, time: 0.004916833000606857
L: 0.50, u_super: 0.00264, sec: 144.838, prod: 0.057779, t_ads: 73.2, t_des: 73.9, bed_util_ads: 0.481, bed_util_des: 0.481, des_th: 0.48072310062794765,frac_lost: 0.104, li_recovered:  8.500, time: 0.006179942000017036
L: 0.50, u_super: 0.00129, sec: 69.739, prod: 0.028238, t_ads: 146.5, t_des: 139.9, bed_util_ads: 0.482, bed_util_des: 0.481, des_th: 0.4812247951188494,frac_lost: 0.101, li_recovered:  8.087, time: 0.00925627000106033
L: 0.50, u_super: 0.00185, sec: 100.210, prod: 0.040780, t_ads: 103.0, t_des: 90.3, bed_util_ads: 0.496, bed_util_des: 0.496, des_th: 0.4957646070182129,frac_lost: 0.101, li_recovered:  7.883, time: 0.004611649001162732
L: 0.50, u_super: 0.00843, sec: 482.970, prod: 0.190832, t_ads: 23.2, t_des: 21.1, bed_util_ads: 0.499, bed_util_des: 0.499, des_th: 0.49872088156617783,frac_lost: 0.106, li_recovered:  8.447, time: 0.006113328001447371
L: 0.50, u_super: 0.00871, sec: 1268.226, prod: 0.077866, t_ads: 22.6, t_des: 89.9, bed_util_ads: 0.322, bed_util_des: 0.320, des_th: 0.32010553595022473,frac_lost: 0.109, li_recovered:  8.758, time: 0.01215447399954428
L: 0.50, u_super: 0.00827, sec: 473.428, prod: 0.187055, t_ads: 23.7, t_des: 21.5, bed_util_ads: 0.499, bed_util_des: 0.499, des_th: 0.49873936865792096,frac_lost: 0.108, li_recovered:  8.445, time: 0.006338483999570599
L: 0.50, u_super: 0.00010 — INFEASIBLE (li_recovered=0.000e+00), time: 0.0026307959997211583
   162 |     6480 |     40 |  0.0036265511 |             f
L: 0.50, u_super: 0.00014 — INFEASIBLE (li_recovered=0.000e+00), time: 0.0025704569998197258
L: 0.50, u_super: 0.00333, sec: 201.604, prod: 0.066792, t_ads: 58.3, t_des: 70.6, bed_util_ads: 0.459, bed_util_des: 0.458, des_th: 0.4580721981282953,frac_lost: 0.104, li_recovered:  8.607, time: 0.0073041949999606
L: 0.50, u_super: 0.00551, sec: 304.349, prod: 0.124328, t_ads: 35.2, t_des: 31.6, bed_util_ads: 0.500, bed_util_des: 0.499, des_th: 0.4994313710980296,frac_lost: 0.102, li_recovered:  8.310, time: 0.006462390998422052
L: 13.64, u_super: 0.00300 — INFEASIBLE (li_recovered=0.000e+00), time: 0.001881458998468588
L: 0.50, u_super: 0.00669, sec: 374.362, prod: 0.151373, t_ads: 29.0, t_des: 26.0, bed_util_ads: 0.500, bed_util_des: 0.500, des_th: 0.4999925793547318,frac_lost: 0.100, li_recovered:  8.328, time: 0.005693138999049552
L: 0.50, u_super: 0.00105, sec: 58.345, prod: 0.022047, t_ads: 180.1, t_des: 152.2, bed_util_ads: 0.494, bed_util_des: 0.494, des_th: 0.49378695287953533,frac_lost: 0.105, li_recovered:  7.327, time: 0.006172177001644741
L: 0.50, u_super: 0.00803, sec: 519.953, prod: 0.159807, t_ads: 24.4, t_des: 30.1, bed_util_ads: 0.460, bed_util_des: 0.460, des_th: 0.4599200834981296,frac_lost: 0.107, li_recovered:  8.710, time: 0.007183244000771083
L: 0.50, u_super: 0.00185, sec: 100.231, prod: 0.040437, t_ads: 104.6, t_des: 102.0, bed_util_ads: 0.482, bed_util_des: 0.481, des_th: 0.4812247951188494,frac_lost: 0.108, li_recovered:  8.352, time: 0.006075297000279534
L: 0.50, u_super: 0.00759, sec: 430.506, prod: 0.171474, t_ads: 25.8, t_des: 23.4, bed_util_ads: 0.499, bed_util_des: 0.499, des_th: 0.4987194579682363,frac_lost: 0.108, li_recovered:  8.442, time: 0.006444076998377568
L: 0.50, u_super: 0.00343, sec: 196.395, prod: 0.072530, t_ads: 56.8, t_des: 61.7, bed_util_ads: 0.473, bed_util_des: 0.472, des_th: 0.4723196825894767,frac_lost: 0.107, li_recovered:  8.600, time: 0.0055418329993699444
L: 17.63, u_super: 0.00300 — INFEASIBLE (li_recovered=0.000e+00), time: 0.0025972420007747132
L: 0.50, u_super: 0.00438, sec: 239.578, prod: 0.098390, t_ads: 44.4, t_des: 39.6, bed_util_ads: 0.500, bed_util_des: 0.500, des_th: 0.4997595843487074,frac_lost: 0.106, li_recovered:  8.269, time: 0.00567729300018982
L: 0.50, u_super: 0.00757, sec: 429.220, prod: 0.171073, t_ads: 25.9, t_des: 23.5, bed_util_ads: 0.499, bed_util_des: 0.499, des_th: 0.4987194579682363,frac_lost: 0.107, li_recovered:  8.446, time: 0.0046598509998148074
L: 0.50, u_super: 0.00811, sec: 462.689, prod: 0.183622, t_ads: 24.1, t_des: 21.9, bed_util_ads: 0.500, bed_util_des: 0.499, des_th: 0.49945245805326477,frac_lost: 0.106, li_recovered:  8.444, time: 0.005922133999774815
L: 0.50, u_super: 0.00545, sec: 300.834, prod: 0.123009, t_ads: 35.6, t_des: 31.9, bed_util_ads: 0.500, bed_util_des: 0.500, des_th: 0.4996160113792671,frac_lost: 0.102, li_recovered:  8.305, time: 0.005964985999526107
L: 21.77, u_super: 0.00448 — INFEASIBLE (li_recovered=0.000e+00), time: 0.002616475001559593
L: 0.50, u_super: 0.00011 — INFEASIBLE (li_recovered=0.000e+00), time: 0.0018268730000272626
L: 0.50, u_super: 0.00107, sec: 58.189, prod: 0.023036, t_ads: 176.1, t_des: 159.3, bed_util_ads: 0.486, bed_util_des: 0.485, des_th: 0.48563602907920006,frac_lost: 0.101, li_recovered:  7.725, time: 0.007077247000779607
L: 0.50, u_super: 0.00539, sec: 310.204, prod: 0.116701, t_ads: 36.0, t_des: 38.1, bed_util_ads: 0.478, bed_util_des: 0.478, des_th: 0.47770944038908314,frac_lost: 0.101, li_recovered:  8.649, time: 0.006657420999545138
L: 0.50, u_super: 0.00314, sec: 169.245, prod: 0.070369, t_ads: 61.5, t_des: 56.6, bed_util_ads: 0.494, bed_util_des: 0.494, des_th: 0.49378695287953533,frac_lost: 0.103, li_recovered:  8.313, time: 0.005448545000035665
L: 0.50, u_super: 0.00468, sec: 569.349, prod: 0.047535, t_ads: 41.6, t_des: 141.8, bed_util_ads: 0.337, bed_util_des: 0.334, des_th: 0.3337120812568411,frac_lost: 0.101, li_recovered:  8.721, time: 0.012192926998977782
L: 0.50, u_super: 0.00085, sec: 46.761, prod: 0.017945, t_ads: 222.2, t_des: 200.8, bed_util_ads: 0.482, bed_util_des: 0.481, des_th: 0.4812988598190406,frac_lost: 0.108, li_recovered:  7.591, time: 0.006775552999897627
L: 0.50, u_super: 0.00911, sec: 530.413, prod: 0.204633, t_ads: 21.4, t_des: 20.7, bed_util_ads: 0.491, bed_util_des: 0.491, des_th: 0.4909073536102064,frac_lost: 0.105, li_recovered:  8.623, time: 0.005202973001360078
L: 15.20, u_super: 0.00882 — INFEASIBLE (li_recovered=0.000e+00), time: 0.0034525199989730027
L: 0.50, u_super: 0.00414, sec: 227.524, prod: 0.092121, t_ads: 47.1, t_des: 45.6, bed_util_ads: 0.490, bed_util_des: 0.489, des_th: 0.4891349117002909,frac_lost: 0.107, li_recovered:  8.542, time: 0.004976741000064067
L: 4.81, u_super: 0.00330 — INFEASIBLE (li_recovered=0.000e+00), time: 0.002620987999762292
L: 0.50, u_super: 0.00990, sec: 576.812, prod: 0.224497, t_ads: 19.7, t_des: 17.9, bed_util_ads: 0.500, bed_util_des: 0.499, des_th: 0.49942132725883337,frac_lost: 0.105, li_recovered:  8.449, time: 0.006637177999436972
L: 0.50, u_super: 0.00049 — INFEASIBLE (li_recovered=0.000e+00), time: 0.0035687060008058324
L: 0.50, u_super: 0.00297, sec: 164.970, prod: 0.064550, t_ads: 64.8, t_des: 67.5, bed_util_ads: 0.478, bed_util_des: 0.477, des_th: 0.4775552155421033,frac_lost: 0.100, li_recovered:  8.543, time: 0.00693861800027662
L: 0.50, u_super: 0.00989, sec: 575.925, prod: 0.224385, t_ads: 19.7, t_des: 17.9, bed_util_ads: 0.500, bed_util_des: 0.500, des_th: 0.4998359483033452,frac_lost: 0.104, li_recovered:  8.447, time: 0.0071985159993346315
L: 0.50, u_super: 0.00890, sec: 513.181, prod: 0.201560, t_ads: 22.0, t_des: 20.2, bed_util_ads: 0.497, bed_util_des: 0.497, des_th: 0.497063384420791,frac_lost: 0.106, li_recovered:  8.498, time: 0.007712499998888234
L: 0.50, u_super: 0.00635, sec: 354.096, prod: 0.143520, t_ads: 30.6, t_des: 27.4, bed_util_ads: 0.500, bed_util_des: 0.500, des_th: 0.4996302346937652,frac_lost: 0.101, li_recovered:  8.315, time: 0.007292076999874553
L: 0.50, u_super: 0.00638, sec: 356.195, prod: 0.144093, t_ads: 30.5, t_des: 27.3, bed_util_ads: 0.500, bed_util_des: 0.500, des_th: 0.49996913283533145,frac_lost: 0.103, li_recovered:  8.328, time: 0.005529472000489477
L: 0.50, u_super: 0.00265, sec: 142.924, prod: 0.059099, t_ads: 72.7, t_des: 64.8, bed_util_ads: 0.496, bed_util_des: 0.496, des_th: 0.4957646070182129,frac_lost: 0.103, li_recovered:  8.127, time: 0.004739230998893618
L: 0.50, u_super: 0.00517, sec: 285.000, prod: 0.116562, t_ads: 37.6, t_des: 33.6, bed_util_ads: 0.499, bed_util_des: 0.499, des_th: 0.4987609241290469,frac_lost: 0.104, li_recovered:  8.300, time: 0.0075974309984303545
L: 0.50, u_super: 0.00058, sec: 55.159, prod: 0.007031, t_ads: 331.2, t_des: 851.8, bed_util_ads: 0.343, bed_util_des: 0.324, des_th: 0.32421627105551704,frac_lost: 0.101, li_recovered:  8.318, time: 0.009021113999551744
L: 0.50, u_super: 0.00579, sec: 325.821, prod: 0.128797, t_ads: 33.6, t_des: 33.3, bed_util_ads: 0.486, bed_util_des: 0.486, des_th: 0.48608965043952107,frac_lost: 0.103, li_recovered:  8.613, time: 0.00681974600047397
L: 0.50, u_super: 0.00911, sec: 528.303, prod: 0.205452, t_ads: 21.4, t_des: 20.4, bed_util_ads: 0.492, bed_util_des: 0.492, des_th: 0.4921947000305542,frac_lost: 0.104, li_recovered:  8.594, time: 0.006942603999050334
L: 0.50, u_super: 0.00090, sec: 49.656, prod: 0.019263, t_ads: 208.2, t_des: 189.0, bed_util_ads: 0.482, bed_util_des: 0.481, des_th: 0.4812247951188494,frac_lost: 0.106, li_recovered:  7.651, time: 0.004771345000335714
L: 0.50, u_super: 0.00281, sec: 151.896, prod: 0.062512, t_ads: 68.7, t_des: 60.3, bed_util_ads: 0.500, bed_util_des: 0.499, des_th: 0.49941203463624445,frac_lost: 0.103, li_recovered:  8.063, time: 0.005704735000108485
   163 |     6520 |     40 |  0.0020647666 |             f
L: 0.50, u_super: 0.00107, sec: 60.061, prod: 0.022318, t_ads: 175.7, t_des: 145.6, bed_util_ads: 0.495, bed_util_des: 0.495, des_th: 0.4952006307465848,frac_lost: 0.102, li_recovered:  7.171, time: 0.004450491000170587
L: 0.50, u_super: 0.00811, sec: 462.689, prod: 0.183622, t_ads: 24.1, t_des: 21.9, bed_util_ads: 0.500, bed_util_des: 0.499, des_th: 0.49945245805326477,frac_lost: 0.106, li_recovered:  8.444, time: 0.006343273000311456
L: 0.50, u_super: 0.00969, sec: 565.168, prod: 0.219144, t_ads: 20.2, t_des: 18.9, bed_util_ads: 0.495, bed_util_des: 0.495, des_th: 0.4948960272170059,frac_lost: 0.105, li_recovered:  8.565, time: 0.004471569998713676
L: 43.63, u_super: 0.00712 — INFEASIBLE (li_recovered=0.000e+00), time: 0.0009091499996429775
L: 0.50, u_super: 0.00055, sec: 49.962, prod: 0.007059, t_ads: 347.2, t_des: 823.2, bed_util_ads: 0.351, bed_util_des: 0.332, des_th: 0.332257551448884,frac_lost: 0.103, li_recovered:  8.261, time: 0.0082970010007557
L: 0.50, u_super: 0.00911, sec: 528.653, prod: 0.205315, t_ads: 21.4, t_des: 20.4, bed_util_ads: 0.492, bed_util_des: 0.492, des_th: 0.4921947000305542,frac_lost: 0.105, li_recovered:  8.596, time: 0.005373867999878712
L: 0.50, u_super: 0.00074, sec: 48.538, prod: 0.013029, t_ads: 257.2, t_des: 366.8, bed_util_ads: 0.420, bed_util_des: 0.413, des_th: 0.4127545995784843,frac_lost: 0.105, li_recovered:  8.131, time: 0.006593947000510525
L: 0.50, u_super: 0.00936, sec: 544.307, prod: 0.211125, t_ads: 20.9, t_des: 19.8, bed_util_ads: 0.494, bed_util_des: 0.494, des_th: 0.49378695287953533,frac_lost: 0.105, li_recovered:  8.591, time: 0.006709096000122372
L: 0.50, u_super: 0.00363, sec: 197.546, prod: 0.081202, t_ads: 53.5, t_des: 47.2, bed_util_ads: 0.500, bed_util_des: 0.500, des_th: 0.49995995651043895,frac_lost: 0.106, li_recovered:  8.179, time: 0.004614796998794191
L: 15.96, u_super: 0.00825 — INFEASIBLE (li_recovered=0.000e+00), time: 0.002606386000479688
L: 0.50, u_super: 0.00912, sec: 526.928, prod: 0.206702, t_ads: 21.4, t_des: 19.7, bed_util_ads: 0.497, bed_util_des: 0.497, des_th: 0.49716918010590133,frac_lost: 0.105, li_recovered:  8.495, time: 0.006511178999062395
L: 0.50, u_super: 0.00349, sec: 189.498, prod: 0.078182, t_ads: 55.7, t_des: 49.7, bed_util_ads: 0.499, bed_util_des: 0.498, des_th: 0.4984288305837582,frac_lost: 0.107, li_recovered:  8.244, time: 0.005028191000747029
L: 0.50, u_super: 0.00265, sec: 143.511, prod: 0.058692, t_ads: 72.8, t_des: 63.3, bed_util_ads: 0.500, bed_util_des: 0.500, des_th: 0.4999513425170372,frac_lost: 0.104, li_recovered:  7.987, time: 0.006496794001577655
L: 45.60, u_super: 0.00803 — INFEASIBLE (li_recovered=0.000e+00), time: 0.0011363560006429907
L: 0.50, u_super: 0.00157, sec: 85.253, prod: 0.034283, t_ads: 121.8, t_des: 106.6, bed_util_ads: 0.495, bed_util_des: 0.494, des_th: 0.49425194623277224,frac_lost: 0.106, li_recovered:  7.828, time: 0.004288516000087839
L: 0.50, u_super: 0.00959, sec: 556.350, prod: 0.217522, t_ads: 20.3, t_des: 18.7, bed_util_ads: 0.497, bed_util_des: 0.497, des_th: 0.49715856276656256,frac_lost: 0.103, li_recovered:  8.488, time: 0.0046406189994741
L: 0.50, u_super: 0.00185, sec: 100.098, prod: 0.040826, t_ads: 103.5, t_des: 91.4, bed_util_ads: 0.496, bed_util_des: 0.495, des_th: 0.49552354464127074,frac_lost: 0.105, li_recovered:  7.957, time: 0.004230903999996372
L: 0.50, u_super: 0.00959, sec: 556.619, prod: 0.217422, t_ads: 20.4, t_des: 18.5, bed_util_ads: 0.500, bed_util_des: 0.500, des_th: 0.4997122426080007,frac_lost: 0.105, li_recovered:  8.450, time: 0.003870516000461066
L: 0.50, u_super: 0.00216, sec: 116.898, prod: 0.047537, t_ads: 89.5, t_des: 77.7, bed_util_ads: 0.499, bed_util_des: 0.499, des_th: 0.4986266302073934,frac_lost: 0.107, li_recovered:  7.948, time: 0.0054683959988324204
L: 0.50, u_super: 0.00775, sec: 440.632, prod: 0.175210, t_ads: 25.3, t_des: 22.9, bed_util_ads: 0.499, bed_util_des: 0.499, des_th: 0.4986835679943937,frac_lost: 0.107, li_recovered:  8.443, time: 0.0038544540002476424
L: 0.50, u_super: 0.00220, sec: 119.405, prod: 0.048229, t_ads: 87.8, t_des: 86.9, bed_util_ads: 0.483, bed_util_des: 0.482, des_th: 0.48174871869429015,frac_lost: 0.105, li_recovered:  8.424, time: 0.00456963700162305
L: 0.50, u_super: 0.00115, sec: 64.933, prod: 0.024115, t_ads: 163.9, t_des: 134.2, bed_util_ads: 0.498, bed_util_des: 0.498, des_th: 0.4978556789587711,frac_lost: 0.105, li_recovered:  7.189, time: 0.006129510000391747
L: 0.50, u_super: 0.00373, sec: 202.830, prod: 0.083432, t_ads: 52.2, t_des: 46.2, bed_util_ads: 0.500, bed_util_des: 0.499, des_th: 0.49942417379374227,frac_lost: 0.106, li_recovered:  8.204, time: 0.0042443679994903505
L: 0.50, u_super: 0.00579, sec: 320.514, prod: 0.130930, t_ads: 33.5, t_des: 30.4, bed_util_ads: 0.498, bed_util_des: 0.498, des_th: 0.4979221759335523,frac_lost: 0.101, li_recovered:  8.366, time: 0.0052839920008409536
L: 0.50, u_super: 0.00703, sec: 396.962, prod: 0.158751, t_ads: 27.9, t_des: 25.2, bed_util_ads: 0.499, bed_util_des: 0.499, des_th: 0.4987194579682363,frac_lost: 0.109, li_recovered:  8.433, time: 0.003828731998510193
L: 0.50, u_super: 0.00220, sec: 118.654, prod: 0.048809, t_ads: 87.6, t_des: 78.0, bed_util_ads: 0.496, bed_util_des: 0.496, des_th: 0.4958440644047578,frac_lost: 0.106, li_recovered:  8.084, time: 0.0047585100001015235
L: 0.50, u_super: 0.00309, sec: 167.482, prod: 0.068894, t_ads: 62.5, t_des: 54.8, bed_util_ads: 0.500, bed_util_des: 0.500, des_th: 0.49975357533857206,frac_lost: 0.103, li_recovered:  8.081, time: 0.004450978000022587
L: 0.50, u_super: 0.00663, sec: 377.564, prod: 0.147370, t_ads: 29.5, t_des: 29.0, bed_util_ads: 0.489, bed_util_des: 0.488, des_th: 0.4882211047096389,frac_lost: 0.108, li_recovered:  8.632, time: 0.004554127999654156
L: 0.50, u_super: 0.00284, sec: 152.570, prod: 0.063514, t_ads: 67.9, t_des: 62.1, bed_util_ads: 0.494, bed_util_des: 0.494, des_th: 0.49385803707297393,frac_lost: 0.101, li_recovered:  8.254, time: 0.004391498001496075
L: 0.50, u_super: 0.00043 — INFEASIBLE (li_recovered=0.000e+00), time: 0.003975368999817874
L: 3.48, u_super: 0.00071 — INFEASIBLE (li_recovered=0.000e+00), time: 0.0016344270006811712
L: 0.50, u_super: 0.00343, sec: 185.932, prod: 0.076779, t_ads: 56.8, t_des: 51.3, bed_util_ads: 0.496, bed_util_des: 0.496, des_th: 0.4957646070182129,frac_lost: 0.108, li_recovered:  8.298, time: 0.007023133999609854
L: 8.63, u_super: 0.00990 — INFEASIBLE (li_recovered=0.000e+00), time: 0.003326830999867525
L: 0.50, u_super: 0.00421, sec: 230.289, prod: 0.094434, t_ads: 46.2, t_des: 40.7, bed_util_ads: 0.500, bed_util_des: 0.500, des_th: 0.49998410916815156,frac_lost: 0.105, li_recovered:  8.203, time: 0.008683320000272943
L: 22.51, u_super: 0.00841 — INFEASIBLE (li_recovered=0.000e+00), time: 0.001777175000825082
L: 15.07, u_super: 0.00829 — INFEASIBLE (li_recovered=0.000e+00), time: 0.0034471689996280475
L: 0.50, u_super: 0.00497, sec: 273.004, prod: 0.111960, t_ads: 39.2, t_des: 35.4, bed_util_ads: 0.497, bed_util_des: 0.497, des_th: 0.4970628393022985,frac_lost: 0.105, li_recovered:  8.353, time: 0.008961448998888955
L: 0.50, u_super: 0.00011 — INFEASIBLE (li_recovered=0.000e+00), time: 0.002319017999980133
L: 0.50, u_super: 0.00732, sec: 414.748, prod: 0.165344, t_ads: 26.8, t_des: 24.3, bed_util_ads: 0.499, bed_util_des: 0.499, des_th: 0.4987194579682363,frac_lost: 0.109, li_recovered:  8.443, time: 0.006190572999912547
L: 0.50, u_super: 0.00989, sec: 592.054, prod: 0.218267, t_ads: 19.7, t_des: 20.1, bed_util_ads: 0.485, bed_util_des: 0.485, des_th: 0.48460795238913446,frac_lost: 0.103, li_recovered:  8.690, time: 0.010626324999975623
   164 |     6560 |     40 |  0.0037011464 |             f
L: 0.50, u_super: 0.00048 — INFEASIBLE (li_recovered=0.000e+00), time: 0.004213288999380893
L: 0.50, u_super: 0.00652, sec: 365.955, prod: 0.147127, t_ads: 30.0, t_des: 26.9, bed_util_ads: 0.500, bed_util_des: 0.499, des_th: 0.4994259046019861,frac_lost: 0.109, li_recovered:  8.380, time: 0.008580146999520366
L: 0.50, u_super: 0.00011, sec: 9.430, prod: 0.001553, t_ads: 1182.9, t_des: 1449.8, bed_util_ads: 0.334, bed_util_des: 0.324, des_th: 0.3242495539185605,frac_lost: 0.101, li_recovered:  4.088, time: 0.007674919001146918
L: 9.91, u_super: 0.00843 — INFEASIBLE (li_recovered=0.000e+00), time: 0.004659890000766609
L: 0.50, u_super: 0.00107, sec: 58.080, prod: 0.023079, t_ads: 177.4, t_des: 165.2, bed_util_ads: 0.483, bed_util_des: 0.481, des_th: 0.48148421407696795,frac_lost: 0.106, li_recovered:  7.907, time: 0.007429293000313919
L: 0.50, u_super: 0.00395, sec: 247.247, prod: 0.077044, t_ads: 49.1, t_des: 62.9, bed_util_ads: 0.453, bed_util_des: 0.451, des_th: 0.4514214995278032,frac_lost: 0.102, li_recovered:  8.634, time: 0.011444589001257555
L: 0.50, u_super: 0.00284, sec: 153.470, prod: 0.063182, t_ads: 67.9, t_des: 59.6, bed_util_ads: 0.500, bed_util_des: 0.499, des_th: 0.4993932796584074,frac_lost: 0.102, li_recovered:  8.055, time: 0.006548810999447596
L: 0.50, u_super: 0.00127, sec: 70.588, prod: 0.026726, t_ads: 150.1, t_des: 124.0, bed_util_ads: 0.499, bed_util_des: 0.498, des_th: 0.4984851003295972,frac_lost: 0.105, li_recovered:  7.326, time: 0.008616594001068734
L: 0.50, u_super: 0.00567, sec: 313.512, prod: 0.128105, t_ads: 34.2, t_des: 31.1, bed_util_ads: 0.497, bed_util_des: 0.497, des_th: 0.497063384420791,frac_lost: 0.102, li_recovered:  8.368, time: 0.005017826000766945
L: 0.50, u_super: 0.00732, sec: 414.325, prod: 0.165508, t_ads: 26.7, t_des: 24.2, bed_util_ads: 0.499, bed_util_des: 0.499, des_th: 0.4987013161372064,frac_lost: 0.108, li_recovered:  8.429, time: 0.008899542999643018
L: 8.91, u_super: 0.00041 — INFEASIBLE (li_recovered=0.000e+00), time: 0.0013104949994158233
L: 0.50, u_super: 0.00912, sec: 526.976, prod: 0.206686, t_ads: 21.4, t_des: 19.6, bed_util_ads: 0.497, bed_util_des: 0.497, des_th: 0.4973077329580383,frac_lost: 0.105, li_recovered:  8.484, time: 0.008430327998212306
L: 0.50, u_super: 0.00870, sec: 500.846, prod: 0.196905, t_ads: 22.5, t_des: 20.8, bed_util_ads: 0.496, bed_util_des: 0.496, des_th: 0.4957646070182129,frac_lost: 0.106, li_recovered:  8.522, time: 0.009991401000661426
L: 0.50, u_super: 0.00157, sec: 86.436, prod: 0.033814, t_ads: 122.1, t_des: 102.6, bed_util_ads: 0.500, bed_util_des: 0.499, des_th: 0.49955495115801324,frac_lost: 0.108, li_recovered:  7.597, time: 0.00755028400089941
L: 0.50, u_super: 0.00757, sec: 429.371, prod: 0.170986, t_ads: 25.9, t_des: 23.5, bed_util_ads: 0.499, bed_util_des: 0.499, des_th: 0.4986505234650674,frac_lost: 0.108, li_recovered:  8.444, time: 0.010202429999480955
L: 0.50, u_super: 0.00057 — INFEASIBLE (li_recovered=0.000e+00), time: 0.005775902000095812
L: 15.81, u_super: 0.00757 — INFEASIBLE (li_recovered=0.000e+00), time: 0.002242290998765384
L: 0.50, u_super: 0.00968, sec: 562.230, prod: 0.219556, t_ads: 20.1, t_des: 18.1, bed_util_ads: 0.500, bed_util_des: 0.500, des_th: 0.4998246587937424,frac_lost: 0.103, li_recovered:  8.395, time: 0.007970108001245535
L: 0.50, u_super: 0.00011 — INFEASIBLE (li_recovered=0.000e+00), time: 0.0025320339991594665
L: 0.50, u_super: 0.00827, sec: 472.903, prod: 0.187238, t_ads: 23.6, t_des: 21.4, bed_util_ads: 0.499, bed_util_des: 0.499, des_th: 0.49872088156617783,frac_lost: 0.106, li_recovered:  8.439, time: 0.012367798000923358
L: 0.50, u_super: 0.00660, sec: 380.612, prod: 0.144843, t_ads: 29.4, t_des: 30.4, bed_util_ads: 0.481, bed_util_des: 0.481, des_th: 0.48111733317630584,frac_lost: 0.101, li_recovered:  8.659, time: 0.01197286899878236
L: 0.50, u_super: 0.00988, sec: 575.434, prod: 0.224024, t_ads: 19.8, t_des: 17.9, bed_util_ads: 0.500, bed_util_des: 0.500, des_th: 0.499966760003114,frac_lost: 0.105, li_recovered:  8.450, time: 0.007044131998554803
L: 0.50, u_super: 0.00220, sec: 118.460, prod: 0.048888, t_ads: 87.5, t_des: 78.9, bed_util_ads: 0.495, bed_util_des: 0.494, des_th: 0.4943892645971864,frac_lost: 0.106, li_recovered:  8.137, time: 0.007739640999716357
L: 0.50, u_super: 0.00185, sec: 100.274, prod: 0.040754, t_ads: 103.1, t_des: 90.3, bed_util_ads: 0.496, bed_util_des: 0.495, des_th: 0.49548267830582327,frac_lost: 0.102, li_recovered:  7.883, time: 0.0072906749992398545
L: 0.50, u_super: 0.00824, sec: 471.170, prod: 0.186645, t_ads: 23.7, t_des: 21.5, bed_util_ads: 0.500, bed_util_des: 0.499, des_th: 0.49945245805326477,frac_lost: 0.106, li_recovered:  8.436, time: 0.006046890999641619
L: 0.50, u_super: 0.00939, sec: 543.535, prod: 0.212851, t_ads: 20.8, t_des: 18.9, bed_util_ads: 0.499, bed_util_des: 0.499, des_th: 0.4986835679943937,frac_lost: 0.105, li_recovered:  8.445, time: 0.006153504000394605
L: 0.50, u_super: 0.00550, sec: 303.302, prod: 0.124287, t_ads: 35.3, t_des: 32.3, bed_util_ads: 0.496, bed_util_des: 0.496, des_th: 0.4959114912517228,frac_lost: 0.101, li_recovered:  8.402, time: 0.008864609999363893
L: 0.50, u_super: 0.00425, sec: 232.630, prod: 0.095498, t_ads: 45.8, t_des: 42.7, bed_util_ads: 0.494, bed_util_des: 0.494, des_th: 0.49419882780584495,frac_lost: 0.107, li_recovered:  8.451, time: 0.004513580999628175
L: 0.50, u_super: 0.00846, sec: 541.917, prod: 0.171286, t_ads: 23.1, t_des: 27.8, bed_util_ads: 0.464, bed_util_des: 0.463, des_th: 0.46347379421545215,frac_lost: 0.104, li_recovered:  8.709, time: 0.0055439089992432855
L: 0.50, u_super: 0.00638, sec: 356.135, prod: 0.144118, t_ads: 30.5, t_des: 27.2, bed_util_ads: 0.500, bed_util_des: 0.500, des_th: 0.49997119373425486,frac_lost: 0.103, li_recovered:  8.319, time: 0.006364037999446737
L: 0.50, u_super: 0.00870, sec: 520.609, prod: 0.189250, t_ads: 22.4, t_des: 23.5, bed_util_ads: 0.481, bed_util_des: 0.481, des_th: 0.48111866722359103,frac_lost: 0.105, li_recovered:  8.697, time: 0.0074197980011376785
L: 0.88, u_super: 0.00657, sec: 651.585, prod: 0.147406, t_ads: 52.1, t_des: 47.7, bed_util_ads: 0.495, bed_util_des: 0.495, des_th: 0.494870440014343,frac_lost: 0.107, li_recovered:  14.706, time: 0.006283583999902476
L: 66.09, u_super: 0.00270 — INFEASIBLE (li_recovered=0.000e+00), time: 0.0008321179993799888
L: 0.50, u_super: 0.00551, sec: 304.405, prod: 0.124307, t_ads: 35.2, t_des: 31.5, bed_util_ads: 0.499, bed_util_des: 0.499, des_th: 0.49918850930243863,frac_lost: 0.102, li_recovered:  8.297, time: 0.00548785799946927
L: 0.50, u_super: 0.00539, sec: 297.309, prod: 0.121764, t_ads: 36.0, t_des: 33.0, bed_util_ads: 0.497, bed_util_des: 0.497, des_th: 0.4970609416127324,frac_lost: 0.103, li_recovered:  8.404, time: 0.004465472000447335
L: 0.50, u_super: 0.00560, sec: 317.147, prod: 0.123587, t_ads: 34.7, t_des: 35.2, bed_util_ads: 0.483, bed_util_des: 0.483, des_th: 0.48279307838551017,frac_lost: 0.102, li_recovered:  8.631, time: 0.005305720000251313
L: 0.50, u_super: 0.00652, sec: 365.399, prod: 0.147136, t_ads: 30.0, t_des: 27.0, bed_util_ads: 0.500, bed_util_des: 0.500, des_th: 0.49996913283533145,frac_lost: 0.108, li_recovered:  8.386, time: 0.0055525259995192755
L: 0.50, u_super: 0.00405, sec: 220.685, prod: 0.090820, t_ads: 48.1, t_des: 44.9, bed_util_ads: 0.494, bed_util_des: 0.493, des_th: 0.4933790155711795,frac_lost: 0.106, li_recovered:  8.445, time: 0.004640560000552796
L: 0.50, u_super: 0.00107, sec: 115.302, prod: 0.011740, t_ads: 181.3, t_des: 547.6, bed_util_ads: 0.338, bed_util_des: 0.326, des_th: 0.3258282827314231,frac_lost: 0.106, li_recovered:  8.557, time: 0.008324229000209016
L: 0.50, u_super: 0.00449, sec: 245.779, prod: 0.101187, t_ads: 43.3, t_des: 39.3, bed_util_ads: 0.497, bed_util_des: 0.497, des_th: 0.4969914162843007,frac_lost: 0.105, li_recovered:  8.351, time: 0.003933223999410984
   165 |     6600 |     40 |  0.0021674333 |             f
L: 0.50, u_super: 0.00211, sec: 113.437, prod: 0.046704, t_ads: 90.8, t_des: 80.8, bed_util_ads: 0.495, bed_util_des: 0.494, des_th: 0.4944197499533764,frac_lost: 0.100, li_recovered:  8.012, time: 0.004358537000371143
L: 0.50, u_super: 0.00127, sec: 68.990, prod: 0.027433, t_ads: 150.1, t_des: 132.5, bed_util_ads: 0.491, bed_util_des: 0.491, des_th: 0.4908821378085753,frac_lost: 0.106, li_recovered:  7.753, time: 0.004033458000776591
L: 0.50, u_super: 0.00033 — INFEASIBLE (li_recovered=0.000e+00), time: 0.00216656900011003
L: 0.50, u_super: 0.00301, sec: 162.914, prod: 0.067305, t_ads: 64.1, t_des: 56.8, bed_util_ads: 0.498, bed_util_des: 0.498, des_th: 0.4975430710137176,frac_lost: 0.103, li_recovered:  8.134, time: 0.00506406700151274
L: 0.50, u_super: 0.00130, sec: 71.440, prod: 0.027827, t_ads: 146.2, t_des: 124.6, bed_util_ads: 0.496, bed_util_des: 0.495, des_th: 0.49549753925369605,frac_lost: 0.104, li_recovered:  7.535, time: 0.004016851000415045
L: 23.99, u_super: 0.00631 — INFEASIBLE (li_recovered=0.000e+00), time: 0.002100251998854219
L: 0.50, u_super: 0.00491, sec: 269.723, prod: 0.110900, t_ads: 39.5, t_des: 36.2, bed_util_ads: 0.496, bed_util_des: 0.496, des_th: 0.4958810551632286,frac_lost: 0.103, li_recovered:  8.394, time: 0.004065584000272793
L: 0.50, u_super: 0.00732, sec: 414.911, prod: 0.165275, t_ads: 26.7, t_des: 24.8, bed_util_ads: 0.496, bed_util_des: 0.496, des_th: 0.4958043585528614,frac_lost: 0.108, li_recovered:  8.519, time: 0.004261943000528845
L: 0.50, u_super: 0.00686, sec: 384.721, prod: 0.155469, t_ads: 28.3, t_des: 25.6, bed_util_ads: 0.499, bed_util_des: 0.499, des_th: 0.49866859629945914,frac_lost: 0.101, li_recovered:  8.371, time: 0.0044203540001035435
L: 0.50, u_super: 0.00663, sec: 370.960, prod: 0.149975, t_ads: 29.3, t_des: 26.2, bed_util_ads: 0.500, bed_util_des: 0.500, des_th: 0.4999733967062066,frac_lost: 0.101, li_recovered:  8.315, time: 0.004401617999974405
L: 0.50, u_super: 0.00214, sec: 115.427, prod: 0.047203, t_ads: 90.3, t_des: 79.5, bed_util_ads: 0.497, bed_util_des: 0.496, des_th: 0.4964142614861892,frac_lost: 0.107, li_recovered:  8.018, time: 0.004390584001157549
L: 0.50, u_super: 0.00055 — INFEASIBLE (li_recovered=0.000e+00), time: 0.002690637000341667
L: 17.28, u_super: 0.00029 — INFEASIBLE (li_recovered=0.000e+00), time: 0.0007004580002103467
L: 0.50, u_super: 0.00137, sec: 74.845, prod: 0.029600, t_ads: 138.1, t_des: 119.4, bed_util_ads: 0.495, bed_util_des: 0.494, des_th: 0.49435397013738624,frac_lost: 0.100, li_recovered:  7.621, time: 0.004224431999318767
L: 0.50, u_super: 0.00815, sec: 466.150, prod: 0.184089, t_ads: 24.0, t_des: 22.2, bed_util_ads: 0.497, bed_util_des: 0.497, des_th: 0.49659580351218985,frac_lost: 0.108, li_recovered:  8.520, time: 0.004610538000633824
L: 0.50, u_super: 0.00642, sec: 358.849, prod: 0.145272, t_ads: 30.2, t_des: 28.3, bed_util_ads: 0.495, bed_util_des: 0.494, des_th: 0.4943813772904189,frac_lost: 0.101, li_recovered:  8.495, time: 0.0045647120005014585
L: 0.50, u_super: 0.00869, sec: 500.455, prod: 0.196188, t_ads: 22.6, t_des: 20.9, bed_util_ads: 0.497, bed_util_des: 0.497, des_th: 0.497063384420791,frac_lost: 0.109, li_recovered:  8.531, time: 0.005564834998949664
L: 0.50, u_super: 0.00843, sec: 483.156, prod: 0.190760, t_ads: 23.2, t_des: 21.1, bed_util_ads: 0.500, bed_util_des: 0.500, des_th: 0.4996347536500763,frac_lost: 0.107, li_recovered:  8.446, time: 0.006122836000940879
L: 12.85, u_super: 0.00114 — INFEASIBLE (li_recovered=0.000e+00), time: 0.0011547089998202864
L: 0.50, u_super: 0.00179, sec: 97.572, prod: 0.038946, t_ads: 107.0, t_des: 91.3, bed_util_ads: 0.500, bed_util_des: 0.499, des_th: 0.4993745027261749,frac_lost: 0.104, li_recovered:  7.720, time: 0.006038923000232899
L: 0.50, u_super: 0.00040, sec: 42.634, prod: 0.004372, t_ads: 477.2, t_des: 1417.0, bed_util_ads: 0.315, bed_util_des: 0.287, des_th: 0.2867086941639598,frac_lost: 0.101, li_recovered:  8.281, time: 0.01116410100075882
L: 0.50, u_super: 0.00319, sec: 171.819, prod: 0.071487, t_ads: 60.6, t_des: 55.8, bed_util_ads: 0.494, bed_util_des: 0.494, des_th: 0.4938840424605485,frac_lost: 0.102, li_recovered:  8.316, time: 0.005782981001175358
L: 0.50, u_super: 0.00373, sec: 202.984, prod: 0.083368, t_ads: 52.2, t_des: 46.0, bed_util_ads: 0.500, bed_util_des: 0.500, des_th: 0.4999640750973932,frac_lost: 0.107, li_recovered:  8.190, time: 0.0059047480008302955
L: 0.50, u_super: 0.00162, sec: 87.690, prod: 0.035584, t_ads: 117.8, t_des: 104.4, bed_util_ads: 0.494, bed_util_des: 0.493, des_th: 0.4935537889001438,frac_lost: 0.104, li_recovered:  7.907, time: 0.006580041999768582
L: 0.50, u_super: 0.00265, sec: 143.253, prod: 0.058963, t_ads: 72.7, t_des: 64.0, bed_util_ads: 0.499, bed_util_des: 0.499, des_th: 0.4986797043673605,frac_lost: 0.103, li_recovered:  8.058, time: 0.006194394998601638
L: 0.50, u_super: 0.00900, sec: 519.294, prod: 0.203642, t_ads: 21.8, t_des: 19.9, bed_util_ads: 0.498, bed_util_des: 0.498, des_th: 0.49798071151609874,frac_lost: 0.107, li_recovered:  8.485, time: 0.0067810660002578516
L: 0.50, u_super: 0.00990, sec: 576.881, prod: 0.224477, t_ads: 19.7, t_des: 17.7, bed_util_ads: 0.500, bed_util_des: 0.500, des_th: 0.4998713502677616,frac_lost: 0.104, li_recovered:  8.405, time: 0.005599930000244058
L: 0.50, u_super: 0.00019, sec: 14.546, prod: 0.002911, t_ads: 927.6, t_des: 1496.0, bed_util_ads: 0.349, bed_util_des: 0.321, des_th: 0.32071686692516316,frac_lost: 0.104, li_recovered:  7.055, time: 0.007846083999538678
L: 0.50, u_super: 0.00316, sec: 171.201, prod: 0.070682, t_ads: 61.6, t_des: 56.8, bed_util_ads: 0.494, bed_util_des: 0.494, des_th: 0.49378695287953533,frac_lost: 0.109, li_recovered:  8.368, time: 0.00808761799999047
L: 0.50, u_super: 0.00255, sec: 136.976, prod: 0.056718, t_ads: 75.8, t_des: 68.1, bed_util_ads: 0.496, bed_util_des: 0.496, des_th: 0.4957646070182129,frac_lost: 0.104, li_recovered:  8.164, time: 0.009592787999281427
L: 0.50, u_super: 0.00757, sec: 428.329, prod: 0.171402, t_ads: 25.7, t_des: 22.9, bed_util_ads: 0.500, bed_util_des: 0.500, des_th: 0.4997593735875205,frac_lost: 0.101, li_recovered:  8.331, time: 0.008456540999759454
L: 0.50, u_super: 0.00156, sec: 85.870, prod: 0.033680, t_ads: 122.4, t_des: 103.3, bed_util_ads: 0.499, bed_util_des: 0.498, des_th: 0.4983830652599533,frac_lost: 0.106, li_recovered:  7.601, time: 0.007514418999562622
L: 0.50, u_super: 0.00185, sec: 100.983, prod: 0.040468, t_ads: 102.9, t_des: 88.0, bed_util_ads: 0.500, bed_util_des: 0.499, des_th: 0.4994742878937085,frac_lost: 0.101, li_recovered:  7.726, time: 0.008895401999325259
L: 0.50, u_super: 0.00712, sec: 400.270, prod: 0.161290, t_ads: 27.3, t_des: 24.7, bed_util_ads: 0.499, bed_util_des: 0.499, des_th: 0.49870561510455147,frac_lost: 0.101, li_recovered:  8.379, time: 0.006633528999373084
L: 2.67, u_super: 0.00386 — INFEASIBLE (li_recovered=0.000e+00), time: 0.0040833849998307414
L: 0.50, u_super: 0.00712, sec: 400.214, prod: 0.161312, t_ads: 27.3, t_des: 24.7, bed_util_ads: 0.499, bed_util_des: 0.499, des_th: 0.49871930065524506,frac_lost: 0.100, li_recovered:  8.375, time: 0.00925198600089061
L: 0.50, u_super: 0.00815, sec: 466.007, prod: 0.184270, t_ads: 24.1, t_des: 21.8, bed_util_ads: 0.499, bed_util_des: 0.499, des_th: 0.4985420248810884,frac_lost: 0.109, li_recovered:  8.449, time: 0.009904824999466655
L: 0.50, u_super: 0.00040, sec: 32.747, prod: 0.005798, t_ads: 465.0, t_des: 910.4, bed_util_ads: 0.363, bed_util_des: 0.343, des_th: 0.34310410932394286,frac_lost: 0.104, li_recovered:  7.974, time: 0.009965287999875727
L: 48.09, u_super: 0.00157 — INFEASIBLE (li_recovered=0.000e+00), time: 0.0014785570001549786
L: 0.50, u_super: 0.00119, sec: 66.847, prod: 0.024867, t_ads: 159.9, t_des: 130.5, bed_util_ads: 0.499, bed_util_des: 0.499, des_th: 0.4993730038910715,frac_lost: 0.108, li_recovered:  7.222, time: 0.011644263999187388
   166 |     6640 |     40 |  0.0040541463 |             f
L: 0.50, u_super: 0.00465, sec: 254.900, prod: 0.104548, t_ads: 41.9, t_des: 37.4, bed_util_ads: 0.499, bed_util_des: 0.498, des_th: 0.49843199907518076,frac_lost: 0.106, li_recovered:  8.294, time: 0.00817879199894378
L: 36.57, u_super: 0.00990 — INFEASIBLE (li_recovered=0.000e+00), time: 0.0030366900009539677
L: 0.50, u_super: 0.00711, sec: 401.037, prod: 0.160584, t_ads: 27.5, t_des: 25.0, bed_util_ads: 0.499, bed_util_des: 0.499, des_th: 0.4987202308140878,frac_lost: 0.108, li_recovered:  8.442, time: 0.007219795999844791
L: 0.50, u_super: 0.00405, sec: 220.524, prod: 0.091018, t_ads: 48.0, t_des: 44.5, bed_util_ads: 0.494, bed_util_des: 0.493, des_th: 0.4933790155711795,frac_lost: 0.105, li_recovered:  8.412, time: 0.008627222998256912
L: 0.50, u_super: 0.00118, sec: 129.465, prod: 0.012653, t_ads: 164.6, t_des: 513.0, bed_util_ads: 0.335, bed_util_des: 0.324, des_th: 0.32421627105551704,frac_lost: 0.104, li_recovered:  8.574, time: 0.018613488999108085
L: 0.50, u_super: 0.00327, sec: 178.365, prod: 0.072575, t_ads: 59.5, t_des: 57.6, bed_util_ads: 0.488, bed_util_des: 0.488, des_th: 0.48794348528129244,frac_lost: 0.107, li_recovered:  8.499, time: 0.01048121399981028
L: 0.50, u_super: 0.00966, sec: 561.165, prod: 0.219167, t_ads: 20.2, t_des: 18.4, bed_util_ads: 0.500, bed_util_des: 0.500, des_th: 0.4996149796821338,frac_lost: 0.104, li_recovered:  8.458, time: 0.007737961999737308
L: 0.50, u_super: 0.00579, sec: 320.358, prod: 0.130994, t_ads: 33.5, t_des: 30.4, bed_util_ads: 0.497, bed_util_des: 0.497, des_th: 0.497063384420791,frac_lost: 0.100, li_recovered:  8.369, time: 0.008305120998556959
L: 0.50, u_super: 0.00373, sec: 202.727, prod: 0.083474, t_ads: 52.1, t_des: 46.1, bed_util_ads: 0.500, bed_util_des: 0.499, des_th: 0.4994197316619192,frac_lost: 0.105, li_recovered:  8.199, time: 0.005830043999594636
L: 39.96, u_super: 0.00470 — INFEASIBLE (li_recovered=0.000e+00), time: 0.0017645629995968193
L: 0.50, u_super: 0.00714, sec: 401.625, prod: 0.161684, t_ads: 27.2, t_des: 24.6, bed_util_ads: 0.499, bed_util_des: 0.499, des_th: 0.49871930065524506,frac_lost: 0.102, li_recovered:  8.385, time: 0.008317212001202279
L: 0.50, u_super: 0.00760, sec: 429.737, prod: 0.172431, t_ads: 25.5, t_des: 23.4, bed_util_ads: 0.497, bed_util_des: 0.497, des_th: 0.4969653150030218,frac_lost: 0.100, li_recovered:  8.438, time: 0.00846257000011974
L: 0.50, u_super: 0.00301, sec: 162.563, prod: 0.067450, t_ads: 64.2, t_des: 59.0, bed_util_ads: 0.494, bed_util_des: 0.494, des_th: 0.49408596727972975,frac_lost: 0.105, li_recovered:  8.312, time: 0.007820803999493364
L: 20.43, u_super: 0.00610 — INFEASIBLE (li_recovered=0.000e+00), time: 0.0026284140003554057
L: 0.50, u_super: 0.00607, sec: 338.541, prod: 0.136869, t_ads: 32.3, t_des: 29.3, bed_util_ads: 0.499, bed_util_des: 0.499, des_th: 0.49862604576380654,frac_lost: 0.109, li_recovered:  8.425, time: 0.007583425000120769
L: 0.50, u_super: 0.00619, sec: 344.838, prod: 0.139977, t_ads: 31.3, t_des: 28.0, bed_util_ads: 0.499, bed_util_des: 0.499, des_th: 0.49932190569094803,frac_lost: 0.101, li_recovered:  8.313, time: 0.009763538999322918
L: 36.62, u_super: 0.00895 — INFEASIBLE (li_recovered=0.000e+00), time: 0.002265097999043064
L: 0.50, u_super: 0.00980, sec: 581.390, prod: 0.218016, t_ads: 19.9, t_des: 19.9, bed_util_ads: 0.488, bed_util_des: 0.488, des_th: 0.48771470489876767,frac_lost: 0.104, li_recovered:  8.673, time: 0.00785123300011037
L: 0.50, u_super: 0.00878, sec: 1088.343, prod: 0.092290, t_ads: 22.4, t_des: 72.4, bed_util_ads: 0.345, bed_util_des: 0.343, des_th: 0.34310410932394286,frac_lost: 0.107, li_recovered:  8.751, time: 0.023796020999725442
L: 0.50, u_super: 0.00572, sec: 316.871, prod: 0.129204, t_ads: 33.9, t_des: 30.4, bed_util_ads: 0.500, bed_util_des: 0.500, des_th: 0.4995585123685587,frac_lost: 0.102, li_recovered:  8.314, time: 0.008723791999727837
L: 0.50, u_super: 0.00186, sec: 100.309, prod: 0.040922, t_ads: 103.0, t_des: 100.4, bed_util_ads: 0.483, bed_util_des: 0.482, des_th: 0.48184438820249664,frac_lost: 0.102, li_recovered:  8.324, time: 0.008345571999598178
L: 0.50, u_super: 0.00687, sec: 385.262, prod: 0.155648, t_ads: 28.2, t_des: 25.5, bed_util_ads: 0.499, bed_util_des: 0.499, des_th: 0.4986676661406164,frac_lost: 0.101, li_recovered:  8.369, time: 0.009720443000333034
L: 0.50, u_super: 0.00254, sec: 136.720, prod: 0.056695, t_ads: 75.7, t_des: 68.3, bed_util_ads: 0.495, bed_util_des: 0.495, des_th: 0.49494983830997735,frac_lost: 0.103, li_recovered:  8.163, time: 0.008668529000715353
L: 0.50, u_super: 0.00767, sec: 434.113, prod: 0.173951, t_ads: 25.3, t_des: 22.9, bed_util_ads: 0.500, bed_util_des: 0.499, des_th: 0.49939456515305364,frac_lost: 0.100, li_recovered:  8.378, time: 0.011465059000329347
L: 0.50, u_super: 0.00882, sec: 510.197, prod: 0.198727, t_ads: 22.2, t_des: 21.1, bed_util_ads: 0.494, bed_util_des: 0.494, des_th: 0.4937766973161241,frac_lost: 0.106, li_recovered:  8.593, time: 0.00944324800002505
L: 0.50, u_super: 0.00803, sec: 457.512, prod: 0.181614, t_ads: 24.4, t_des: 22.1, bed_util_ads: 0.499, bed_util_des: 0.499, des_th: 0.4993730038910715,frac_lost: 0.106, li_recovered:  8.439, time: 0.0088315960001637
L: 0.50, u_super: 0.00040, sec: 31.269, prod: 0.006072, t_ads: 459.5, t_des: 840.7, bed_util_ads: 0.372, bed_util_des: 0.353, des_th: 0.3536742036773154,frac_lost: 0.100, li_recovered:  7.894, time: 0.01131593299942324
L: 0.50, u_super: 0.00638, sec: 356.171, prod: 0.144103, t_ads: 30.5, t_des: 27.2, bed_util_ads: 0.500, bed_util_des: 0.500, des_th: 0.49997306991972146,frac_lost: 0.102, li_recovered:  8.308, time: 0.013468548999298946
L: 0.50, u_super: 0.00551, sec: 304.282, prod: 0.124433, t_ads: 35.3, t_des: 32.0, bed_util_ads: 0.497, bed_util_des: 0.497, des_th: 0.4969920071214937,frac_lost: 0.103, li_recovered:  8.371, time: 0.011464835000879248
L: 0.50, u_super: 0.00328, sec: 177.140, prod: 0.073402, t_ads: 58.8, t_des: 52.4, bed_util_ads: 0.499, bed_util_des: 0.498, des_th: 0.49853962028093146,frac_lost: 0.101, li_recovered:  8.165, time: 0.008420833999480237
L: 0.50, u_super: 0.00253, sec: 136.031, prod: 0.056210, t_ads: 76.3, t_des: 68.0, bed_util_ads: 0.496, bed_util_des: 0.496, des_th: 0.4957646070182129,frac_lost: 0.103, li_recovered:  8.109, time: 0.00966833799975575
L: 0.50, u_super: 0.00544, sec: 300.007, prod: 0.122871, t_ads: 35.6, t_des: 32.0, bed_util_ads: 0.499, bed_util_des: 0.499, des_th: 0.4991548380550742,frac_lost: 0.100, li_recovered:  8.305, time: 0.010082329999931972
L: 0.50, u_super: 0.00577, sec: 319.715, prod: 0.130665, t_ads: 33.6, t_des: 30.5, bed_util_ads: 0.497, bed_util_des: 0.497, des_th: 0.4970628393022985,frac_lost: 0.101, li_recovered:  8.366, time: 0.006674199999906705
L: 0.50, u_super: 0.00478, sec: 263.028, prod: 0.107551, t_ads: 40.6, t_des: 35.9, bed_util_ads: 0.500, bed_util_des: 0.500, des_th: 0.4999733967062066,frac_lost: 0.104, li_recovered:  8.227, time: 0.008277324999653501
L: 0.50, u_super: 0.00929, sec: 538.247, prod: 0.210107, t_ads: 21.1, t_des: 19.5, bed_util_ads: 0.497, bed_util_des: 0.497, des_th: 0.4969793635309953,frac_lost: 0.106, li_recovered:  8.531, time: 0.008316720000948408
L: 0.50, u_super: 0.00373, sec: 202.866, prod: 0.083595, t_ads: 52.2, t_des: 46.7, bed_util_ads: 0.499, bed_util_des: 0.499, des_th: 0.4987708643990837,frac_lost: 0.108, li_recovered:  8.265, time: 0.006363742999383248
L: 0.50, u_super: 0.00016, sec: 11.501, prod: 0.002616, t_ads: 968.9, t_des: 1216.7, bed_util_ads: 0.365, bed_util_des: 0.351, des_th: 0.3508446339669591,frac_lost: 0.100, li_recovered:  5.718, time: 0.006010818000504514
L: 0.50, u_super: 0.00065 — INFEASIBLE (li_recovered=0.000e+00), time: 0.002635679000377422
L: 0.50, u_super: 0.00853, sec: 488.922, prod: 0.193050, t_ads: 22.9, t_des: 20.8, bed_util_ads: 0.499, bed_util_des: 0.498, des_th: 0.4984791579313515,frac_lost: 0.106, li_recovered:  8.447, time: 0.0062691160001122626
L: 0.50, u_super: 0.00328, sec: 177.541, prod: 0.073235, t_ads: 58.8, t_des: 51.8, bed_util_ads: 0.499, bed_util_des: 0.499, des_th: 0.4989375938972361,frac_lost: 0.101, li_recovered:  8.101, time: 0.0046795839989499655
   167 |     6680 |     40 |  0.0013707531 |             f
L: 0.50, u_super: 0.00870, sec: 500.057, prod: 0.196958, t_ads: 22.5, t_des: 20.4, bed_util_ads: 0.500, bed_util_des: 0.500, des_th: 0.4995693549367205,frac_lost: 0.107, li_recovered:  8.449, time: 0.006041061998985242
L: 0.50, u_super: 0.00457, sec: 275.034, prod: 0.093432, t_ads: 42.4, t_des: 50.1, bed_util_ads: 0.464, bed_util_des: 0.463, des_th: 0.4630174970262091,frac_lost: 0.101, li_recovered:  8.645, time: 0.0060608900002989685
L: 0.50, u_super: 0.00406, sec: 221.190, prod: 0.091114, t_ads: 47.9, t_des: 42.7, bed_util_ads: 0.500, bed_util_des: 0.499, des_th: 0.49954561169507816,frac_lost: 0.105, li_recovered:  8.259, time: 0.005548437000470585
L: 0.81, u_super: 0.00373, sec: 332.302, prod: 0.082156, t_ads: 83.7, t_des: 72.5, bed_util_ads: 0.499, bed_util_des: 0.499, des_th: 0.4987653508673743,frac_lost: 0.107, li_recovered:  12.831, time: 0.004931181001666118
L: 0.50, u_super: 0.00301, sec: 162.494, prod: 0.067502, t_ads: 64.1, t_des: 58.3, bed_util_ads: 0.494, bed_util_des: 0.494, des_th: 0.49408596727972975,frac_lost: 0.103, li_recovered:  8.259, time: 0.006328490999294445
L: 0.50, u_super: 0.00264, sec: 143.568, prod: 0.058198, t_ads: 73.2, t_des: 72.3, bed_util_ads: 0.483, bed_util_des: 0.483, des_th: 0.48264133198496495,frac_lost: 0.104, li_recovered:  8.468, time: 0.006455198001276585
L: 0.50, u_super: 0.00244, sec: 334.578, prod: 0.021395, t_ads: 80.0, t_des: 326.6, bed_util_ads: 0.313, bed_util_des: 0.307, des_th: 0.30680448620184375,frac_lost: 0.105, li_recovered:  8.700, time: 0.013009858999794233
L: 7.96, u_super: 0.00136 — INFEASIBLE (li_recovered=0.000e+00), time: 0.00149348699960683
L: 0.50, u_super: 0.00284, sec: 294.425, prod: 0.032913, t_ads: 68.9, t_des: 194.8, bed_util_ads: 0.356, bed_util_des: 0.351, des_th: 0.3511341995582228,frac_lost: 0.105, li_recovered:  8.678, time: 0.010618117999911192
L: 0.50, u_super: 0.00105, sec: 67.555, prod: 0.019332, t_ads: 181.3, t_des: 248.2, bed_util_ads: 0.432, bed_util_des: 0.428, des_th: 0.4275614332529048,frac_lost: 0.105, li_recovered:  8.302, time: 0.005741826998928445
L: 0.50, u_super: 0.00207, sec: 112.335, prod: 0.045282, t_ads: 93.5, t_des: 80.2, bed_util_ads: 0.500, bed_util_des: 0.500, des_th: 0.4995896629344337,frac_lost: 0.108, li_recovered:  7.865, time: 0.006019967000611359
L: 0.50, u_super: 0.00011, sec: 8.744, prod: 0.001674, t_ads: 1377.0, t_des: 1906.7, bed_util_ads: 0.326, bed_util_des: 0.300, des_th: 0.30083131239719535,frac_lost: 0.102, li_recovered:  5.498, time: 0.005357747000743984
L: 0.50, u_super: 0.00731, sec: 412.027, prod: 0.165769, t_ads: 26.5, t_des: 24.3, bed_util_ads: 0.497, bed_util_des: 0.497, des_th: 0.4970628393022985,frac_lost: 0.101, li_recovered:  8.435, time: 0.00518297700000403
L: 3.30, u_super: 0.00630 — INFEASIBLE (li_recovered=0.000e+00), time: 0.0029736090000369586
L: 0.50, u_super: 0.00328, sec: 190.362, prod: 0.068303, t_ads: 59.4, t_des: 66.5, bed_util_ads: 0.469, bed_util_des: 0.468, des_th: 0.46839009202941817,frac_lost: 0.107, li_recovered:  8.597, time: 0.004454140000234474
L: 0.50, u_super: 0.00276, sec: 148.265, prod: 0.061622, t_ads: 70.0, t_des: 63.7, bed_util_ads: 0.494, bed_util_des: 0.494, des_th: 0.49408596727972975,frac_lost: 0.102, li_recovered:  8.233, time: 0.004915722000077949
L: 0.50, u_super: 0.00253, sec: 136.086, prod: 0.056187, t_ads: 76.3, t_des: 67.9, bed_util_ads: 0.496, bed_util_des: 0.496, des_th: 0.49609249346256995,frac_lost: 0.104, li_recovered:  8.105, time: 0.004738898000141489
L: 0.50, u_super: 0.00402, sec: 223.509, prod: 0.088599, t_ads: 48.4, t_des: 48.5, bed_util_ads: 0.485, bed_util_des: 0.484, des_th: 0.4845014962567578,frac_lost: 0.107, li_recovered:  8.585, time: 0.007177061999755097
L: 0.50, u_super: 0.00615, sec: 342.365, prod: 0.139139, t_ads: 31.6, t_des: 28.9, bed_util_ads: 0.497, bed_util_des: 0.497, des_th: 0.4970546643265653,frac_lost: 0.103, li_recovered:  8.423, time: 0.004495875999054988
L: 28.05, u_super: 0.00915 — INFEASIBLE (li_recovered=0.000e+00), time: 0.002017263999732677
L: 0.50, u_super: 0.00233, sec: 129.483, prod: 0.050343, t_ads: 82.7, t_des: 86.0, bed_util_ads: 0.476, bed_util_des: 0.475, des_th: 0.47504375899699897,frac_lost: 0.105, li_recovered:  8.494, time: 0.005823024999699555
L: 0.50, u_super: 0.00328, sec: 177.297, prod: 0.073312, t_ads: 59.3, t_des: 54.9, bed_util_ads: 0.494, bed_util_des: 0.494, des_th: 0.49378695287953533,frac_lost: 0.107, li_recovered:  8.376, time: 0.003801202001341153
L: 0.50, u_super: 0.00495, sec: 272.240, prod: 0.111721, t_ads: 39.2, t_des: 36.3, bed_util_ads: 0.495, bed_util_des: 0.494, des_th: 0.4943892645971864,frac_lost: 0.104, li_recovered:  8.434, time: 0.006309350001174607
L: 0.50, u_super: 0.00009 — INFEASIBLE (li_recovered=0.000e+00), time: 0.0011767180003516842
L: 0.50, u_super: 0.00040 — INFEASIBLE (li_recovered=0.000e+00), time: 0.0019448969997029053
L: 24.02, u_super: 0.00285 — INFEASIBLE (li_recovered=0.000e+00), time: 0.0009838540008786367
L: 0.50, u_super: 0.00990, sec: 578.654, prod: 0.223782, t_ads: 19.7, t_des: 18.6, bed_util_ads: 0.494, bed_util_des: 0.494, des_th: 0.494205790766762,frac_lost: 0.104, li_recovered:  8.576, time: 0.004147961999478866
L: 0.50, u_super: 0.00645, sec: 584.312, prod: 0.090077, t_ads: 30.2, t_des: 66.6, bed_util_ads: 0.388, bed_util_des: 0.387, des_th: 0.38686146326957954,frac_lost: 0.102, li_recovered:  8.717, time: 0.006889984999361332
L: 0.50, u_super: 0.00498, sec: 273.816, prod: 0.112276, t_ads: 39.1, t_des: 35.2, bed_util_ads: 0.499, bed_util_des: 0.499, des_th: 0.4987194579682363,frac_lost: 0.104, li_recovered:  8.338, time: 0.004126198999074404
L: 0.50, u_super: 0.00921, sec: 531.978, prod: 0.208680, t_ads: 21.2, t_des: 19.3, bed_util_ads: 0.499, bed_util_des: 0.499, des_th: 0.49936484163116074,frac_lost: 0.105, li_recovered:  8.453, time: 0.006455939999796101
L: 0.50, u_super: 0.00256, sec: 137.635, prod: 0.057109, t_ads: 75.2, t_des: 67.9, bed_util_ads: 0.496, bed_util_des: 0.495, des_th: 0.49552354464127074,frac_lost: 0.103, li_recovered:  8.174, time: 0.005224526999882073
L: 0.50, u_super: 0.00405, sec: 220.513, prod: 0.091022, t_ads: 48.0, t_des: 44.4, bed_util_ads: 0.494, bed_util_des: 0.494, des_th: 0.49351587988875323,frac_lost: 0.105, li_recovered:  8.407, time: 0.005134086999532883
L: 76.22, u_super: 0.00418 — INFEASIBLE (li_recovered=0.000e+00), time: 0.0010870040005102055
L: 0.50, u_super: 0.00775, sec: 439.409, prod: 0.175697, t_ads: 25.1, t_des: 22.7, bed_util_ads: 0.500, bed_util_des: 0.499, des_th: 0.4994893729674793,frac_lost: 0.102, li_recovered:  8.391, time: 0.005539404000955983
L: 0.50, u_super: 0.00105, sec: 96.044, prod: 0.013564, t_ads: 183.5, t_des: 442.0, bed_util_ads: 0.363, bed_util_des: 0.353, des_th: 0.3530557395881268,frac_lost: 0.104, li_recovered:  8.484, time: 0.007411618000332965
L: 0.50, u_super: 0.00017 — INFEASIBLE (li_recovered=0.000e+00), time: 0.0017728659986460116
L: 0.50, u_super: 0.00679, sec: 381.419, prod: 0.153651, t_ads: 28.6, t_des: 26.8, bed_util_ads: 0.494, bed_util_des: 0.494, des_th: 0.49372555025999415,frac_lost: 0.102, li_recovered:  8.506, time: 0.004184519999398617
L: 0.50, u_super: 0.00042 — INFEASIBLE (li_recovered=0.000e+00), time: 0.004292677998819272
L: 0.50, u_super: 0.00811, sec: 1113.559, prod: 0.076302, t_ads: 24.3, t_des: 90.5, bed_util_ads: 0.329, bed_util_des: 0.327, des_th: 0.32675941007538134,frac_lost: 0.108, li_recovered:  8.754, time: 0.013050088000454707
L: 0.50, u_super: 0.00284, sec: 152.920, prod: 0.063369, t_ads: 67.8, t_des: 60.5, bed_util_ads: 0.497, bed_util_des: 0.497, des_th: 0.49712449392241537,frac_lost: 0.101, li_recovered:  8.133, time: 0.0038345759985531913
   168 |     6720 |     40 |  0.0031183827 |             f
L: 0.50, u_super: 0.00621, sec: 345.631, prod: 0.140452, t_ads: 31.3, t_des: 28.7, bed_util_ads: 0.497, bed_util_des: 0.497, des_th: 0.49715195426331316,frac_lost: 0.102, li_recovered:  8.421, time: 0.006648532000326668
L: 35.66, u_super: 0.00607 — INFEASIBLE (li_recovered=0.000e+00), time: 0.001348116998997284
L: 0.50, u_super: 0.00006 — INFEASIBLE (li_recovered=0.000e+00), time: 0.0008620919998065801
L: 0.50, u_super: 0.00476, sec: 261.417, prod: 0.107251, t_ads: 40.8, t_des: 36.4, bed_util_ads: 0.499, bed_util_des: 0.499, des_th: 0.4987193072959421,frac_lost: 0.103, li_recovered:  8.271, time: 0.006321378999928129
L: 0.50, u_super: 0.00539, sec: 297.123, prod: 0.121840, t_ads: 36.0, t_des: 32.7, bed_util_ads: 0.497, bed_util_des: 0.497, des_th: 0.4969920071214937,frac_lost: 0.101, li_recovered:  8.364, time: 0.004418808000991703
L: 0.50, u_super: 0.00802, sec: 457.147, prod: 0.181336, t_ads: 24.4, t_des: 21.9, bed_util_ads: 0.500, bed_util_des: 0.499, des_th: 0.4994893729674793,frac_lost: 0.106, li_recovered:  8.391, time: 0.0038218849986151326
L: 0.50, u_super: 0.00207, sec: 112.472, prod: 0.045226, t_ads: 92.7, t_des: 79.2, bed_util_ads: 0.500, bed_util_des: 0.500, des_th: 0.4995896629344337,frac_lost: 0.102, li_recovered:  7.773, time: 0.004295521999665652
L: 0.50, u_super: 0.00053, sec: 30.408, prod: 0.010838, t_ads: 340.4, t_des: 318.0, bed_util_ads: 0.466, bed_util_des: 0.464, des_th: 0.4644023479730378,frac_lost: 0.102, li_recovered:  7.136, time: 0.003975047999119852
L: 0.50, u_super: 0.00465, sec: 254.782, prod: 0.104597, t_ads: 41.8, t_des: 37.4, bed_util_ads: 0.500, bed_util_des: 0.500, des_th: 0.4995635374030771,frac_lost: 0.104, li_recovered:  8.283, time: 0.005878108999240794
L: 0.50, u_super: 0.00796, sec: 453.518, prod: 0.180062, t_ads: 24.6, t_des: 22.4, bed_util_ads: 0.499, bed_util_des: 0.499, des_th: 0.49885009913785094,frac_lost: 0.107, li_recovered:  8.451, time: 0.003812568000284955
L: 0.50, u_super: 0.00009 — INFEASIBLE (li_recovered=0.000e+00), time: 0.001199162999910186
L: 0.50, u_super: 0.00026, sec: 18.488, prod: 0.004233, t_ads: 683.8, t_des: 1020.1, bed_util_ads: 0.376, bed_util_des: 0.357, des_th: 0.35665421953741633,frac_lost: 0.101, li_recovered:  7.213, time: 0.0054955809991952265
L: 0.50, u_super: 0.00075, sec: 42.262, prod: 0.015666, t_ads: 247.0, t_des: 217.3, bed_util_ads: 0.482, bed_util_des: 0.481, des_th: 0.4812247951188494,frac_lost: 0.105, li_recovered:  7.274, time: 0.005030583000916522
L: 0.50, u_super: 0.00549, sec: 302.850, prod: 0.124034, t_ads: 35.3, t_des: 32.1, bed_util_ads: 0.497, bed_util_des: 0.497, des_th: 0.49705699364417977,frac_lost: 0.101, li_recovered:  8.358, time: 0.005058540000391076
L: 0.50, u_super: 0.00200, sec: 109.029, prod: 0.043780, t_ads: 95.6, t_des: 81.6, bed_util_ads: 0.500, bed_util_des: 0.499, des_th: 0.49953800443793867,frac_lost: 0.102, li_recovered:  7.757, time: 0.006433632999687688
L: 0.50, u_super: 0.00663, sec: 371.229, prod: 0.149866, t_ads: 29.3, t_des: 26.1, bed_util_ads: 0.500, bed_util_des: 0.500, des_th: 0.4999712377229147,frac_lost: 0.102, li_recovered:  8.307, time: 0.0066484519993537106
L: 2.45, u_super: 0.00677, sec: 1987.101, prod: 0.143700, t_ads: 137.1, t_des: 113.6, bed_util_ads: 0.499, bed_util_des: 0.499, des_th: 0.4986676661406164,frac_lost: 0.100, li_recovered:  36.019, time: 0.007060881000143127
L: 0.50, u_super: 0.00896, sec: 516.811, prod: 0.202911, t_ads: 21.8, t_des: 19.8, bed_util_ads: 0.500, bed_util_des: 0.500, des_th: 0.4996321545518724,frac_lost: 0.107, li_recovered:  8.452, time: 0.0052401060002011945
L: 0.50, u_super: 0.00746, sec: 422.713, prod: 0.168581, t_ads: 26.3, t_des: 23.8, bed_util_ads: 0.499, bed_util_des: 0.499, des_th: 0.49863088811832285,frac_lost: 0.108, li_recovered:  8.441, time: 0.005750520000219694
L: 0.50, u_super: 0.00373, sec: 202.841, prod: 0.083426, t_ads: 52.2, t_des: 46.2, bed_util_ads: 0.500, bed_util_des: 0.499, des_th: 0.4994197316619192,frac_lost: 0.106, li_recovered:  8.206, time: 0.003946429998904932
L: 0.50, u_super: 0.00436, sec: 666.575, prod: 0.035103, t_ads: 44.7, t_des: 204.1, bed_util_ads: 0.305, bed_util_des: 0.301, des_th: 0.30083131239719535,frac_lost: 0.102, li_recovered:  8.734, time: 0.016072538999651442
L: 0.50, u_super: 0.00733, sec: 414.604, prod: 0.165835, t_ads: 26.7, t_des: 24.2, bed_util_ads: 0.499, bed_util_des: 0.499, des_th: 0.4987194513275393,frac_lost: 0.106, li_recovered:  8.432, time: 0.0041762270011531655
L: 0.50, u_super: 0.00077, sec: 42.754, prod: 0.016039, t_ads: 243.0, t_des: 216.4, bed_util_ads: 0.482, bed_util_des: 0.481, des_th: 0.4812247951188494,frac_lost: 0.105, li_recovered:  7.369, time: 0.004837566999412957
L: 0.50, u_super: 0.00776, sec: 441.345, prod: 0.175348, t_ads: 25.3, t_des: 22.8, bed_util_ads: 0.500, bed_util_des: 0.499, des_th: 0.4994840782542914,frac_lost: 0.108, li_recovered:  8.433, time: 0.004661757000576472
L: 23.61, u_super: 0.00928 — INFEASIBLE (li_recovered=0.000e+00), time: 0.0028490530003182357
L: 0.50, u_super: 0.00181, sec: 98.621, prod: 0.039387, t_ads: 105.6, t_des: 90.2, bed_util_ads: 0.498, bed_util_des: 0.498, des_th: 0.4980372041230096,frac_lost: 0.102, li_recovered:  7.714, time: 0.004938412999763386
L: 0.50, u_super: 0.00521, sec: 357.010, prod: 0.094560, t_ads: 37.2, t_des: 54.5, bed_util_ads: 0.437, bed_util_des: 0.436, des_th: 0.43626156172613584,frac_lost: 0.100, li_recovered:  8.675, time: 0.006933651999133872
L: 0.50, u_super: 0.00522, sec: 287.747, prod: 0.117838, t_ads: 37.1, t_des: 33.2, bed_util_ads: 0.500, bed_util_des: 0.500, des_th: 0.4999649639592075,frac_lost: 0.102, li_recovered:  8.291, time: 0.004755447998832096
L: 0.50, u_super: 0.00900, sec: 1322.095, prod: 0.080057, t_ads: 21.8, t_des: 87.6, bed_util_ads: 0.321, bed_util_des: 0.319, des_th: 0.3190610152325867,frac_lost: 0.107, li_recovered:  8.757, time: 0.013255619998744805
L: 0.50, u_super: 0.00328, sec: 177.322, prod: 0.073326, t_ads: 59.3, t_des: 54.9, bed_util_ads: 0.494, bed_util_des: 0.494, des_th: 0.49378695287953533,frac_lost: 0.107, li_recovered:  8.377, time: 0.004799175001608091
L: 0.50, u_super: 0.00654, sec: 365.740, prod: 0.147879, t_ads: 29.7, t_des: 26.6, bed_util_ads: 0.500, bed_util_des: 0.499, des_th: 0.49944916718668203,frac_lost: 0.102, li_recovered:  8.328, time: 0.005317621000358486
L: 0.50, u_super: 0.00058, sec: 34.416, prod: 0.011551, t_ads: 312.2, t_des: 261.1, bed_util_ads: 0.481, bed_util_des: 0.481, des_th: 0.4812988598190406,frac_lost: 0.105, li_recovered:  6.623, time: 0.0052984080011810875
L: 0.50, u_super: 0.00771, sec: 436.506, prod: 0.174763, t_ads: 25.2, t_des: 22.8, bed_util_ads: 0.500, bed_util_des: 0.499, des_th: 0.4994242328877156,frac_lost: 0.101, li_recovered:  8.386, time: 0.004994007000277634
L: 0.50, u_super: 0.00988, sec: 624.217, prod: 0.206361, t_ads: 19.8, t_des: 22.5, bed_util_ads: 0.471, bed_util_des: 0.470, des_th: 0.4701906322551731,frac_lost: 0.104, li_recovered:  8.716, time: 0.006722186000843067
L: 0.50, u_super: 0.00638, sec: 355.956, prod: 0.144190, t_ads: 30.4, t_des: 27.2, bed_util_ads: 0.500, bed_util_des: 0.500, des_th: 0.4999733527175468,frac_lost: 0.102, li_recovered:  8.316, time: 0.005567457999859471
L: 0.50, u_super: 0.00426, sec: 232.398, prod: 0.095656, t_ads: 45.7, t_des: 42.3, bed_util_ads: 0.494, bed_util_des: 0.494, des_th: 0.49408596727972975,frac_lost: 0.106, li_recovered:  8.419, time: 0.005727775000195834
L: 0.50, u_super: 0.00910, sec: 524.990, prod: 0.206149, t_ads: 21.5, t_des: 19.7, bed_util_ads: 0.498, bed_util_des: 0.498, des_th: 0.49798071151609874,frac_lost: 0.105, li_recovered:  8.486, time: 0.00612019800064445
L: 0.50, u_super: 0.00966, sec: 561.227, prod: 0.219267, t_ads: 20.2, t_des: 18.3, bed_util_ads: 0.499, bed_util_des: 0.499, des_th: 0.499076251043162,frac_lost: 0.104, li_recovered:  8.437, time: 0.005680362999555655
L: 0.50, u_super: 0.00007 — INFEASIBLE (li_recovered=0.000e+00), time: 0.0018790889989759307
L: 0.50, u_super: 0.00663, sec: 376.204, prod: 0.147885, t_ads: 29.3, t_des: 29.1, bed_util_ads: 0.487, bed_util_des: 0.487, des_th: 0.48708316672354146,frac_lost: 0.100, li_recovered:  8.623, time: 0.004479058001379599
   169 |     6760 |     40 |  0.0038326869 |             f
L: 0.50, u_super: 0.00974, sec: 566.507, prod: 0.220870, t_ads: 20.1, t_des: 18.2, bed_util_ads: 0.499, bed_util_des: 0.499, des_th: 0.49913648987713627,frac_lost: 0.105, li_recovered:  8.453, time: 0.00461646700023266
L: 0.50, u_super: 0.00426, sec: 232.409, prod: 0.095652, t_ads: 45.7, t_des: 40.8, bed_util_ads: 0.499, bed_util_des: 0.499, des_th: 0.49887194580652383,frac_lost: 0.105, li_recovered:  8.270, time: 0.004190387999187806
L: 1.84, u_super: 0.00294, sec: 698.161, prod: 0.054996, t_ads: 236.3, t_des: 307.4, bed_util_ads: 0.434, bed_util_des: 0.429, des_th: 0.42875485661498086,frac_lost: 0.106, li_recovered:  29.902, time: 0.004549474000668852
L: 9.76, u_super: 0.00876 — INFEASIBLE (li_recovered=0.000e+00), time: 0.0025125450010818895
L: 0.50, u_super: 0.00008, sec: 10.032, prod: 0.000699, t_ads: 1388.7, t_des: 1376.4, bed_util_ads: 0.304, bed_util_des: 0.301, des_th: 0.30083131239719535,frac_lost: 0.101, li_recovered:  1.932, time: 0.0025492620006843936
L: 0.50, u_super: 0.00443, sec: 242.380, prod: 0.099660, t_ads: 43.9, t_des: 39.2, bed_util_ads: 0.499, bed_util_des: 0.498, des_th: 0.49837712645694243,frac_lost: 0.104, li_recovered:  8.277, time: 0.004114899998967303
L: 0.50, u_super: 0.00088 — INFEASIBLE (li_recovered=0.000e+00), time: 0.002818071001456701
L: 0.50, u_super: 0.00689, sec: 448.544, prod: 0.134602, t_ads: 28.3, t_des: 36.3, bed_util_ads: 0.455, bed_util_des: 0.454, des_th: 0.4543720444745886,frac_lost: 0.105, li_recovered:  8.698, time: 0.006268863000514102
L: 9.94, u_super: 0.00732 — INFEASIBLE (li_recovered=0.000e+00), time: 0.0023130219997256063
L: 0.50, u_super: 0.00284, sec: 152.638, prod: 0.063486, t_ads: 67.9, t_des: 61.9, bed_util_ads: 0.494, bed_util_des: 0.494, des_th: 0.49409153775194303,frac_lost: 0.102, li_recovered:  8.241, time: 0.004583902000376838
L: 0.50, u_super: 0.00548, sec: 302.695, prod: 0.123937, t_ads: 35.4, t_des: 32.6, bed_util_ads: 0.496, bed_util_des: 0.496, des_th: 0.496178318472082,frac_lost: 0.102, li_recovered:  8.421, time: 0.004982003998520668
L: 2.82, u_super: 0.00328 — INFEASIBLE (li_recovered=0.000e+00), time: 0.002453642000546097
L: 0.95, u_super: 0.00687, sec: 742.040, prod: 0.154106, t_ads: 53.5, t_des: 47.6, bed_util_ads: 0.499, bed_util_des: 0.499, des_th: 0.4986676661406164,frac_lost: 0.100, li_recovered:  15.581, time: 0.004564116999972612
L: 0.50, u_super: 0.00989, sec: 576.134, prod: 0.224474, t_ads: 19.7, t_des: 17.9, bed_util_ads: 0.500, bed_util_des: 0.499, des_th: 0.49942132725883337,frac_lost: 0.104, li_recovered:  8.449, time: 0.005262594999294379
L: 0.50, u_super: 0.00301, sec: 163.555, prod: 0.067064, t_ads: 64.0, t_des: 62.3, bed_util_ads: 0.486, bed_util_des: 0.486, des_th: 0.48594832946091676,frac_lost: 0.101, li_recovered:  8.468, time: 0.004971217000274919
L: 0.50, u_super: 0.00018, sec: 16.273, prod: 0.002429, t_ads: 999.1, t_des: 2124.7, bed_util_ads: 0.316, bed_util_des: 0.275, des_th: 0.2748278947182039,frac_lost: 0.103, li_recovered:  7.588, time: 0.006879258000481059
L: 0.50, u_super: 0.00234, sec: 129.883, prod: 0.050584, t_ads: 82.1, t_des: 85.7, bed_util_ads: 0.476, bed_util_des: 0.475, des_th: 0.47504375899699897,frac_lost: 0.102, li_recovered:  8.492, time: 0.005142640000485699
L: 0.50, u_super: 0.00843, sec: 484.023, prod: 0.190417, t_ads: 23.2, t_des: 21.8, bed_util_ads: 0.495, bed_util_des: 0.495, des_th: 0.49462097880698436,frac_lost: 0.105, li_recovered:  8.557, time: 0.005173531000764342
L: 0.50, u_super: 0.00125, sec: 67.834, prod: 0.027209, t_ads: 151.9, t_des: 137.4, bed_util_ads: 0.488, bed_util_des: 0.487, des_th: 0.48708743860852655,frac_lost: 0.105, li_recovered:  7.871, time: 0.005234087000644649
L: 0.50, u_super: 0.00796, sec: 454.782, prod: 0.179561, t_ads: 24.6, t_des: 23.1, bed_util_ads: 0.494, bed_util_des: 0.494, des_th: 0.4940639393853166,frac_lost: 0.106, li_recovered:  8.555, time: 0.003961584001444862
L: 0.50, u_super: 0.00568, sec: 314.810, prod: 0.128226, t_ads: 34.1, t_des: 32.1, bed_util_ads: 0.494, bed_util_des: 0.494, des_th: 0.49385803707297393,frac_lost: 0.101, li_recovered:  8.499, time: 0.004072695001013926
L: 0.50, u_super: 0.00374, sec: 203.542, prod: 0.083649, t_ads: 52.1, t_des: 46.1, bed_util_ads: 0.500, bed_util_des: 0.499, des_th: 0.49936484163116074,frac_lost: 0.108, li_recovered:  8.215, time: 0.00502506599877961
L: 4.14, u_super: 0.00328 — INFEASIBLE (li_recovered=0.000e+00), time: 0.0029798060004395666
L: 0.50, u_super: 0.00258, sec: 140.198, prod: 0.056929, t_ads: 74.7, t_des: 73.9, bed_util_ads: 0.484, bed_util_des: 0.483, des_th: 0.48336340930567395,frac_lost: 0.102, li_recovered:  8.461, time: 0.004257886001141742
L: 0.50, u_super: 0.00954, sec: 554.046, prod: 0.216218, t_ads: 20.5, t_des: 18.6, bed_util_ads: 0.500, bed_util_des: 0.500, des_th: 0.49969653415604254,frac_lost: 0.106, li_recovered:  8.451, time: 0.004448263000085717
L: 0.50, u_super: 0.00778, sec: 444.909, prod: 0.175030, t_ads: 25.2, t_des: 23.9, bed_util_ads: 0.494, bed_util_des: 0.493, des_th: 0.4933226290999922,frac_lost: 0.108, li_recovered:  8.583, time: 0.005628224000247428
L: 0.50, u_super: 0.00301, sec: 162.471, prod: 0.067512, t_ads: 64.1, t_des: 58.9, bed_util_ads: 0.494, bed_util_des: 0.494, des_th: 0.49408596727972975,frac_lost: 0.103, li_recovered:  8.305, time: 0.005194086001210962
L: 30.36, u_super: 0.00899 — INFEASIBLE (li_recovered=0.000e+00), time: 0.0022632829986832803
L: 0.50, u_super: 0.00561, sec: 309.973, prod: 0.126751, t_ads: 34.6, t_des: 31.8, bed_util_ads: 0.497, bed_util_des: 0.497, des_th: 0.49705687835407886,frac_lost: 0.102, li_recovered:  8.418, time: 0.004185027999483282
L: 8.74, u_super: 0.00391 — INFEASIBLE (li_recovered=0.000e+00), time: 0.002271858000312932
L: 0.50, u_super: 0.00181, sec: 98.621, prod: 0.039387, t_ads: 105.6, t_des: 90.2, bed_util_ads: 0.498, bed_util_des: 0.498, des_th: 0.4980372041230096,frac_lost: 0.102, li_recovered:  7.714, time: 0.003925074999642675
L: 0.50, u_super: 0.00378, sec: 205.319, prod: 0.084677, t_ads: 51.6, t_des: 47.7, bed_util_ads: 0.494, bed_util_des: 0.494, des_th: 0.49408596727972975,frac_lost: 0.107, li_recovered:  8.408, time: 0.0043417119995865505
L: 0.50, u_super: 0.00755, sec: 428.596, prod: 0.170479, t_ads: 26.0, t_des: 23.8, bed_util_ads: 0.497, bed_util_des: 0.497, des_th: 0.4971560963679125,frac_lost: 0.108, li_recovered:  8.486, time: 0.004261375999703887
L: 0.50, u_super: 0.00921, sec: 532.248, prod: 0.208575, t_ads: 21.2, t_des: 19.3, bed_util_ads: 0.499, bed_util_des: 0.499, des_th: 0.4993783236790865,frac_lost: 0.106, li_recovered:  8.452, time: 0.005074635999335442
L: 19.15, u_super: 0.00861 — INFEASIBLE (li_recovered=0.000e+00), time: 0.0015912680009932956
L: 1.74, u_super: 0.00497, sec: 1002.963, prod: 0.106079, t_ads: 133.6, t_des: 111.3, bed_util_ads: 0.499, bed_util_des: 0.499, des_th: 0.4987194579682363,frac_lost: 0.107, li_recovered:  25.970, time: 0.0038265000002866145
L: 1.64, u_super: 0.00484, sec: 919.333, prod: 0.103231, t_ads: 129.7, t_des: 107.7, bed_util_ads: 0.500, bed_util_des: 0.499, des_th: 0.49949620341073514,frac_lost: 0.107, li_recovered:  24.512, time: 0.004983492999599548
L: 0.50, u_super: 0.00294, sec: 158.164, prod: 0.065735, t_ads: 65.7, t_des: 59.9, bed_util_ads: 0.494, bed_util_des: 0.494, des_th: 0.49408596727972975,frac_lost: 0.103, li_recovered:  8.258, time: 0.004550694000499789
L: 22.27, u_super: 0.00990 — INFEASIBLE (li_recovered=0.000e+00), time: 0.0016369589993701084
L: 32.00, u_super: 0.00638 — INFEASIBLE (li_recovered=0.000e+00), time: 0.0010903259990300285
   170 |     6800 |     40 |  0.0021372035 |             f
L: 0.65, u_super: 0.00522, sec: 377.776, prod: 0.116888, t_ads: 48.6, t_des: 42.9, bed_util_ads: 0.500, bed_util_des: 0.500, des_th: 0.4999912570633594,frac_lost: 0.106, li_recovered:  10.695, time: 0.004126915999222547
L: 0.50, u_super: 0.00223, sec: 119.766, prod: 0.049445, t_ads: 86.6, t_des: 78.2, bed_util_ads: 0.495, bed_util_des: 0.494, des_th: 0.4943892645971864,frac_lost: 0.106, li_recovered:  8.148, time: 0.003626411998993717
L: 0.50, u_super: 0.00493, sec: 320.090, prod: 0.093934, t_ads: 39.7, t_des: 52.6, bed_util_ads: 0.450, bed_util_des: 0.449, des_th: 0.4485475023320266,frac_lost: 0.108, li_recovered:  8.673, time: 0.005413672999566188
L: 0.50, u_super: 0.00547, sec: 308.221, prod: 0.121198, t_ads: 35.5, t_des: 35.6, bed_util_ads: 0.485, bed_util_des: 0.485, des_th: 0.4847301237477389,frac_lost: 0.102, li_recovered:  8.620, time: 0.004731786999400356
L: 0.50, u_super: 0.00815, sec: 465.313, prod: 0.184274, t_ads: 24.0, t_des: 21.8, bed_util_ads: 0.499, bed_util_des: 0.498, des_th: 0.49837712645694243,frac_lost: 0.107, li_recovered:  8.442, time: 0.00409638099881704
L: 0.50, u_super: 0.00705, sec: 411.701, prod: 0.153615, t_ads: 27.7, t_des: 28.7, bed_util_ads: 0.482, bed_util_des: 0.481, des_th: 0.48148421407696795,frac_lost: 0.106, li_recovered:  8.677, time: 0.005538833998798509
L: 0.50, u_super: 0.00092 — INFEASIBLE (li_recovered=0.000e+00), time: 0.00268465999943146
L: 0.50, u_super: 0.00511, sec: 281.369, prod: 0.115262, t_ads: 37.9, t_des: 35.7, bed_util_ads: 0.494, bed_util_des: 0.494, des_th: 0.4935776889361961,frac_lost: 0.101, li_recovered:  8.481, time: 0.004291014000045834
L: 0.50, u_super: 0.00181, sec: 98.482, prod: 0.039443, t_ads: 105.6, t_des: 90.5, bed_util_ads: 0.498, bed_util_des: 0.498, des_th: 0.498232044963178,frac_lost: 0.102, li_recovered:  7.732, time: 0.004945611000948702
L: 0.50, u_super: 0.00040, sec: 24.949, prod: 0.007641, t_ads: 433.0, t_des: 374.2, bed_util_ads: 0.465, bed_util_des: 0.464, des_th: 0.4644023479730378,frac_lost: 0.104, li_recovered:  6.168, time: 0.004536001000815304
L: 0.50, u_super: 0.00220, sec: 118.574, prod: 0.048842, t_ads: 87.5, t_des: 78.2, bed_util_ads: 0.496, bed_util_des: 0.496, des_th: 0.4957160068002363,frac_lost: 0.105, li_recovered:  8.095, time: 0.004827217999263667
L: 1.65, u_super: 0.00597, sec: 1132.855, prod: 0.130042, t_ads: 105.5, t_des: 90.4, bed_util_ads: 0.499, bed_util_des: 0.498, des_th: 0.49846536628528965,frac_lost: 0.102, li_recovered:  25.474, time: 0.00485229300102219
L: 20.07, u_super: 0.00914 — INFEASIBLE (li_recovered=0.000e+00), time: 0.001728614999592537
L: 28.81, u_super: 0.00373 — INFEASIBLE (li_recovered=0.000e+00), time: 0.0008917970008042175
L: 0.50, u_super: 0.00258, sec: 372.927, prod: 0.021402, t_ads: 75.7, t_des: 331.2, bed_util_ads: 0.306, bed_util_des: 0.300, des_th: 0.3001415091006046,frac_lost: 0.103, li_recovered:  8.709, time: 0.01205529800063232
L: 0.50, u_super: 0.00301, sec: 162.768, prod: 0.067388, t_ads: 64.0, t_des: 57.0, bed_util_ads: 0.498, bed_util_des: 0.498, des_th: 0.4980228052288096,frac_lost: 0.102, li_recovered:  8.155, time: 0.0048078090003400575
L: 0.50, u_super: 0.00522, sec: 287.659, prod: 0.117874, t_ads: 37.2, t_des: 34.1, bed_util_ads: 0.497, bed_util_des: 0.497, des_th: 0.49710030532271304,frac_lost: 0.104, li_recovered:  8.404, time: 0.004173942999841529
L: 0.50, u_super: 0.00026 — INFEASIBLE (li_recovered=0.000e+00), time: 0.0019080239999311743
L: 0.50, u_super: 0.00921, sec: 531.978, prod: 0.208680, t_ads: 21.2, t_des: 19.3, bed_util_ads: 0.499, bed_util_des: 0.499, des_th: 0.49936484163116074,frac_lost: 0.105, li_recovered:  8.453, time: 0.004536750999250216
L: 20.95, u_super: 0.00300 — INFEASIBLE (li_recovered=0.000e+00), time: 0.0010264079992339248
L: 0.50, u_super: 0.00059, sec: 64.296, prod: 0.006246, t_ads: 329.2, t_des: 1019.5, bed_util_ads: 0.322, bed_util_des: 0.301, des_th: 0.30083131239719535,frac_lost: 0.104, li_recovered:  8.424, time: 0.009042317999046645
L: 15.58, u_super: 0.00924 — INFEASIBLE (li_recovered=0.000e+00), time: 0.002386210999247851
L: 0.50, u_super: 0.00990, sec: 576.755, prod: 0.224522, t_ads: 19.7, t_des: 17.9, bed_util_ads: 0.500, bed_util_des: 0.499, des_th: 0.49942132725883337,frac_lost: 0.105, li_recovered:  8.457, time: 0.004644684000595589
L: 0.50, u_super: 0.00439, sec: 240.442, prod: 0.098721, t_ads: 44.3, t_des: 39.6, bed_util_ads: 0.499, bed_util_des: 0.499, des_th: 0.4985420248810884,frac_lost: 0.106, li_recovered:  8.282, time: 0.004321533000620548
L: 0.50, u_super: 0.00268, sec: 144.656, prod: 0.059527, t_ads: 72.0, t_des: 63.3, bed_util_ads: 0.499, bed_util_des: 0.499, des_th: 0.49871930065524506,frac_lost: 0.103, li_recovered:  8.050, time: 0.00405069599946728
L: 0.50, u_super: 0.00742, sec: 459.504, prod: 0.153263, t_ads: 26.2, t_des: 30.5, bed_util_ads: 0.467, bed_util_des: 0.467, des_th: 0.4666889459890616,frac_lost: 0.101, li_recovered:  8.693, time: 0.005253997000181698
L: 0.50, u_super: 0.00311, sec: 168.557, prod: 0.069372, t_ads: 62.1, t_des: 54.5, bed_util_ads: 0.499, bed_util_des: 0.499, des_th: 0.4989280628397345,frac_lost: 0.103, li_recovered:  8.090, time: 0.005333557000994915
L: 0.50, u_super: 0.00465, sec: 257.286, prod: 0.103578, t_ads: 41.8, t_des: 40.9, bed_util_ads: 0.487, bed_util_des: 0.487, des_th: 0.4870591164883706,frac_lost: 0.103, li_recovered:  8.569, time: 0.004986256999472971
L: 0.50, u_super: 0.00701, sec: 395.104, prod: 0.158236, t_ads: 28.0, t_des: 25.3, bed_util_ads: 0.499, bed_util_des: 0.499, des_th: 0.4986676661406164,frac_lost: 0.108, li_recovered:  8.431, time: 0.005008613999962108
L: 0.50, u_super: 0.00057, sec: 35.087, prod: 0.010797, t_ads: 325.7, t_des: 401.2, bed_util_ads: 0.432, bed_util_des: 0.425, des_th: 0.42532665690558613,frac_lost: 0.104, li_recovered:  7.848, time: 0.005908178000026965
L: 0.50, u_super: 0.00498, sec: 273.701, prod: 0.112323, t_ads: 39.0, t_des: 35.0, bed_util_ads: 0.499, bed_util_des: 0.499, des_th: 0.4987209184461551,frac_lost: 0.102, li_recovered:  8.302, time: 0.005155904000275768
L: 0.50, u_super: 0.00465, sec: 265.531, prod: 0.100362, t_ads: 41.7, t_des: 44.3, bed_util_ads: 0.478, bed_util_des: 0.477, des_th: 0.4771806869945829,frac_lost: 0.102, li_recovered:  8.633, time: 0.005749955998908263
L: 0.50, u_super: 0.00011 — INFEASIBLE (li_recovered=0.000e+00), time: 0.0013127750007697614
L: 0.50, u_super: 0.00181, sec: 112.937, prod: 0.034395, t_ads: 106.8, t_des: 139.9, bed_util_ads: 0.445, bed_util_des: 0.443, des_th: 0.44268612325827117,frac_lost: 0.106, li_recovered:  8.487, time: 0.005692148000889574
L: 0.50, u_super: 0.00607, sec: 337.767, prod: 0.137183, t_ads: 32.0, t_des: 28.6, bed_util_ads: 0.500, bed_util_des: 0.500, des_th: 0.49989162624786443,frac_lost: 0.102, li_recovered:  8.320, time: 0.005215689001488499
L: 0.50, u_super: 0.00687, sec: 773.457, prod: 0.077529, t_ads: 28.4, t_des: 84.3, bed_util_ads: 0.354, bed_util_des: 0.352, des_th: 0.35201448848141426,frac_lost: 0.102, li_recovered:  8.732, time: 0.007945077999465866
L: 0.50, u_super: 0.00660, sec: 368.681, prod: 0.149447, t_ads: 29.4, t_des: 26.6, bed_util_ads: 0.498, bed_util_des: 0.498, des_th: 0.49831040216287487,frac_lost: 0.100, li_recovered:  8.366, time: 0.004357431000244105
L: 0.50, u_super: 0.00919, sec: 531.179, prod: 0.208056, t_ads: 21.3, t_des: 19.3, bed_util_ads: 0.499, bed_util_des: 0.499, des_th: 0.49932408565267716,frac_lost: 0.107, li_recovered:  8.444, time: 0.003997330999482074
L: 0.50, u_super: 0.00035 — INFEASIBLE (li_recovered=0.000e+00), time: 0.002868789999411092
L: 0.50, u_super: 0.00734, sec: 415.810, prod: 0.165841, t_ads: 26.7, t_des: 24.2, bed_util_ads: 0.499, bed_util_des: 0.499, des_th: 0.4987602139464773,frac_lost: 0.109, li_recovered:  8.445, time: 0.0051829870008077705
   171 |     6840 |     40 |  0.0017243893 |             f
L: 14.78, u_super: 0.00771 — INFEASIBLE (li_recovered=0.000e+00), time: 0.0018573650013422593
L: 0.50, u_super: 0.00062, sec: 34.827, prod: 0.012928, t_ads: 296.2, t_des: 286.8, bed_util_ads: 0.467, bed_util_des: 0.464, des_th: 0.4644023479730378,frac_lost: 0.104, li_recovered:  7.538, time: 0.004486169000301743
L: 0.50, u_super: 0.00921, sec: 535.224, prod: 0.207415, t_ads: 21.3, t_des: 20.2, bed_util_ads: 0.494, bed_util_des: 0.494, des_th: 0.49358144106122004,frac_lost: 0.107, li_recovered:  8.593, time: 0.004748381999888807
L: 0.50, u_super: 0.00730, sec: 412.981, prod: 0.164800, t_ads: 26.8, t_des: 24.0, bed_util_ads: 0.500, bed_util_des: 0.500, des_th: 0.49960021102377933,frac_lost: 0.108, li_recovered:  8.384, time: 0.0036656039992521983
L: 0.50, u_super: 0.00264, sec: 142.553, prod: 0.058847, t_ads: 72.9, t_des: 69.7, bed_util_ads: 0.488, bed_util_des: 0.487, des_th: 0.48707163759837024,frac_lost: 0.102, li_recovered:  8.395, time: 0.004370542999822646
L: 0.50, u_super: 0.00368, sec: 200.435, prod: 0.082475, t_ads: 52.7, t_des: 46.6, bed_util_ads: 0.500, bed_util_des: 0.499, des_th: 0.4994197316619192,frac_lost: 0.105, li_recovered:  8.189, time: 0.004157978000876028
L: 0.50, u_super: 0.00220, sec: 126.473, prod: 0.045791, t_ads: 87.6, t_des: 98.1, bed_util_ads: 0.467, bed_util_des: 0.466, des_th: 0.46577198118925267,frac_lost: 0.104, li_recovered:  8.507, time: 0.005369360000258894
L: 0.50, u_super: 0.00162, sec: 105.441, prod: 0.029596, t_ads: 118.9, t_des: 167.3, bed_util_ads: 0.435, bed_util_des: 0.431, des_th: 0.4314026404820852,frac_lost: 0.105, li_recovered:  8.469, time: 0.005741657998441951
L: 0.50, u_super: 0.00638, sec: 988.319, prod: 0.051932, t_ads: 30.9, t_des: 137.7, bed_util_ads: 0.309, bed_util_des: 0.306, des_th: 0.3059053981107444,frac_lost: 0.108, li_recovered:  8.754, time: 0.01266226900042966
L: 0.50, u_super: 0.00107, sec: 58.092, prod: 0.023074, t_ads: 177.1, t_des: 163.6, bed_util_ads: 0.483, bed_util_des: 0.481, des_th: 0.48148421407696795,frac_lost: 0.105, li_recovered:  7.862, time: 0.004455246998986695
L: 0.50, u_super: 0.00021 — INFEASIBLE (li_recovered=0.000e+00), time: 0.00319355700048618
L: 0.50, u_super: 0.00578, sec: 320.405, prod: 0.130805, t_ads: 33.5, t_des: 31.2, bed_util_ads: 0.496, bed_util_des: 0.495, des_th: 0.49548832603877235,frac_lost: 0.101, li_recovered:  8.460, time: 0.006575229999725707
L: 11.93, u_super: 0.00622 — INFEASIBLE (li_recovered=0.000e+00), time: 0.0024255560001620324
L: 0.50, u_super: 0.00011, sec: 8.756, prod: 0.001672, t_ads: 1371.9, t_des: 1886.8, bed_util_ads: 0.326, bed_util_des: 0.301, des_th: 0.30083131239719535,frac_lost: 0.101, li_recovered:  5.449, time: 0.0066822229982790304
L: 0.50, u_super: 0.00295, sec: 158.778, prod: 0.065965, t_ads: 65.6, t_des: 60.4, bed_util_ads: 0.494, bed_util_des: 0.494, des_th: 0.49385803707297393,frac_lost: 0.104, li_recovered:  8.310, time: 0.004892240000117454
L: 0.50, u_super: 0.00918, sec: 531.062, prod: 0.207740, t_ads: 21.3, t_des: 19.8, bed_util_ads: 0.496, bed_util_des: 0.496, des_th: 0.496214321510611,frac_lost: 0.105, li_recovered:  8.532, time: 0.006368422999003087
L: 11.14, u_super: 0.00728 — INFEASIBLE (li_recovered=0.000e+00), time: 0.0036154859990347177
L: 0.50, u_super: 0.00147, sec: 79.289, prod: 0.032130, t_ads: 129.9, t_des: 125.5, bed_util_ads: 0.482, bed_util_des: 0.481, des_th: 0.4807478936088428,frac_lost: 0.103, li_recovered:  8.206, time: 0.005266042000585003
L: 0.50, u_super: 0.00990, sec: 576.680, prod: 0.224551, t_ads: 19.7, t_des: 18.1, bed_util_ads: 0.497, bed_util_des: 0.497, des_th: 0.4968729629465604,frac_lost: 0.104, li_recovered:  8.497, time: 0.0045806510006514145
L: 0.50, u_super: 0.00119 — INFEASIBLE (li_recovered=0.000e+00), time: 0.002995991000716458
L: 17.40, u_super: 0.00988 — INFEASIBLE (li_recovered=0.000e+00), time: 0.0029432770006678766
L: 13.83, u_super: 0.00715 — INFEASIBLE (li_recovered=0.000e+00), time: 0.0027761439996538684
L: 0.50, u_super: 0.00465, sec: 255.128, prod: 0.104454, t_ads: 41.8, t_des: 36.9, bed_util_ads: 0.500, bed_util_des: 0.500, des_th: 0.4996850446332659,frac_lost: 0.104, li_recovered:  8.226, time: 0.006770920999770169
L: 27.73, u_super: 0.00917 — INFEASIBLE (li_recovered=0.000e+00), time: 0.002085846001136815
L: 0.50, u_super: 0.00119, sec: 64.323, prod: 0.025817, t_ads: 159.9, t_des: 148.7, bed_util_ads: 0.484, bed_util_des: 0.483, des_th: 0.4833792103158302,frac_lost: 0.105, li_recovered:  7.967, time: 0.006956246001209365
L: 0.50, u_super: 0.00430, sec: 254.404, prod: 0.089180, t_ads: 45.2, t_des: 51.7, bed_util_ads: 0.468, bed_util_des: 0.467, des_th: 0.4673657535387603,frac_lost: 0.103, li_recovered:  8.637, time: 0.007016829000349389
L: 7.82, u_super: 0.00077 — INFEASIBLE (li_recovered=0.000e+00), time: 0.001168888999018236
L: 20.03, u_super: 0.00323 — INFEASIBLE (li_recovered=0.000e+00), time: 0.0012220239987073
L: 0.50, u_super: 0.00007 — INFEASIBLE (li_recovered=0.000e+00), time: 0.0022287040010269266
L: 0.50, u_super: 0.00796, sec: 452.345, prod: 0.180529, t_ads: 24.4, t_des: 22.0, bed_util_ads: 0.499, bed_util_des: 0.499, des_th: 0.49885009913785094,frac_lost: 0.101, li_recovered:  8.383, time: 0.00834257700080343
L: 0.50, u_super: 0.00793, sec: 882.431, prod: 0.091735, t_ads: 24.6, t_des: 70.6, bed_util_ads: 0.358, bed_util_des: 0.357, des_th: 0.35665421953741633,frac_lost: 0.103, li_recovered:  8.738, time: 0.011507962999530719
L: 0.50, u_super: 0.00498, sec: 274.146, prod: 0.112309, t_ads: 39.0, t_des: 34.8, bed_util_ads: 0.499, bed_util_des: 0.499, des_th: 0.4987209184461551,frac_lost: 0.103, li_recovered:  8.285, time: 0.004457516999536892
L: 0.50, u_super: 0.00328, sec: 178.233, prod: 0.072951, t_ads: 59.4, t_des: 51.8, bed_util_ads: 0.500, bed_util_des: 0.500, des_th: 0.49996796999728227,frac_lost: 0.108, li_recovered:  8.112, time: 0.005702591999579454
L: 0.50, u_super: 0.00948, sec: 549.448, prod: 0.214811, t_ads: 20.6, t_des: 18.7, bed_util_ads: 0.500, bed_util_des: 0.500, des_th: 0.4996149796821338,frac_lost: 0.105, li_recovered:  8.449, time: 0.006815701999585144
L: 0.50, u_super: 0.00373, sec: 202.841, prod: 0.083426, t_ads: 52.2, t_des: 46.2, bed_util_ads: 0.500, bed_util_des: 0.499, des_th: 0.4994197316619192,frac_lost: 0.106, li_recovered:  8.206, time: 0.007343986000705627
L: 0.50, u_super: 0.00258, sec: 139.757, prod: 0.057108, t_ads: 74.7, t_des: 73.1, bed_util_ads: 0.485, bed_util_des: 0.484, des_th: 0.4842118493763444,frac_lost: 0.102, li_recovered:  8.440, time: 0.007349671001065872
L: 0.50, u_super: 0.00861, sec: 493.720, prod: 0.195020, t_ads: 22.7, t_des: 20.6, bed_util_ads: 0.499, bed_util_des: 0.499, des_th: 0.49871935041478616,frac_lost: 0.105, li_recovered:  8.438, time: 0.006068709000828676
L: 0.50, u_super: 0.00355, sec: 192.630, prod: 0.079676, t_ads: 54.7, t_des: 50.0, bed_util_ads: 0.495, bed_util_des: 0.495, des_th: 0.49456283526463723,frac_lost: 0.106, li_recovered:  8.345, time: 0.006841985001301509
L: 60.02, u_super: 0.00539 — INFEASIBLE (li_recovered=0.000e+00), time: 0.0014136739991954528
L: 0.50, u_super: 0.00795, sec: 463.333, prod: 0.175775, t_ads: 24.6, t_des: 24.7, bed_util_ads: 0.487, bed_util_des: 0.487, des_th: 0.4865457456331424,frac_lost: 0.107, li_recovered:  8.669, time: 0.004883072999291471
   172 |     6880 |     40 |  0.0036328086 |             f
L: 0.50, u_super: 0.00539, sec: 297.530, prod: 0.121673, t_ads: 36.1, t_des: 32.6, bed_util_ads: 0.499, bed_util_des: 0.499, des_th: 0.4987338665560023,frac_lost: 0.103, li_recovered:  8.350, time: 0.005248093999398407
L: 0.50, u_super: 0.00082, sec: 45.658, prod: 0.017360, t_ads: 225.9, t_des: 202.1, bed_util_ads: 0.482, bed_util_des: 0.481, des_th: 0.4812247951188494,frac_lost: 0.102, li_recovered:  7.431, time: 0.004681479998907889
L: 0.50, u_super: 0.00511, sec: 280.932, prod: 0.115292, t_ads: 38.0, t_des: 34.5, bed_util_ads: 0.497, bed_util_des: 0.497, des_th: 0.497063384420791,frac_lost: 0.103, li_recovered:  8.359, time: 0.005122578000737121
L: 0.50, u_super: 0.00328, sec: 177.322, prod: 0.073326, t_ads: 59.3, t_des: 54.9, bed_util_ads: 0.494, bed_util_des: 0.494, des_th: 0.49378695287953533,frac_lost: 0.107, li_recovered:  8.377, time: 0.005375830000048154
L: 0.69, u_super: 0.00098 — INFEASIBLE (li_recovered=0.000e+00), time: 0.0024459289998048916
L: 0.50, u_super: 0.00548, sec: 302.697, prod: 0.123817, t_ads: 35.3, t_des: 31.7, bed_util_ads: 0.499, bed_util_des: 0.499, des_th: 0.499143927904669,frac_lost: 0.101, li_recovered:  8.300, time: 0.006009914999594912
L: 0.50, u_super: 0.00220, sec: 118.577, prod: 0.048840, t_ads: 87.8, t_des: 79.0, bed_util_ads: 0.495, bed_util_des: 0.494, des_th: 0.494396323627286,frac_lost: 0.108, li_recovered:  8.146, time: 0.005225363000135985
L: 0.50, u_super: 0.00712, sec: 401.958, prod: 0.160612, t_ads: 27.6, t_des: 24.9, bed_util_ads: 0.499, bed_util_des: 0.499, des_th: 0.4992472059433846,frac_lost: 0.109, li_recovered:  8.433, time: 0.005397956001615967
L: 0.50, u_super: 0.00469, sec: 257.668, prod: 0.105289, t_ads: 41.5, t_des: 36.6, bed_util_ads: 0.500, bed_util_des: 0.500, des_th: 0.4999825222314207,frac_lost: 0.106, li_recovered:  8.232, time: 0.0042656999994505895
L: 0.50, u_super: 0.00169, sec: 90.748, prod: 0.037238, t_ads: 113.2, t_des: 103.1, bed_util_ads: 0.491, bed_util_des: 0.490, des_th: 0.49006757194179135,frac_lost: 0.103, li_recovered:  8.052, time: 0.00508746499872359
L: 0.50, u_super: 0.00404, sec: 220.085, prod: 0.090910, t_ads: 48.0, t_des: 44.4, bed_util_ads: 0.494, bed_util_des: 0.494, des_th: 0.49409216577480386,frac_lost: 0.104, li_recovered:  8.403, time: 0.0054656119991705054
L: 0.50, u_super: 0.00736, sec: 415.513, prod: 0.166944, t_ads: 26.4, t_des: 23.8, bed_util_ads: 0.500, bed_util_des: 0.499, des_th: 0.49942132725883337,frac_lost: 0.101, li_recovered:  8.376, time: 0.0036603179996745894
L: 0.50, u_super: 0.00663, sec: 371.261, prod: 0.149853, t_ads: 29.3, t_des: 26.2, bed_util_ads: 0.500, bed_util_des: 0.500, des_th: 0.4999809882789445,frac_lost: 0.102, li_recovered:  8.313, time: 0.005464515001222026
L: 0.50, u_super: 0.00814, sec: 465.099, prod: 0.184297, t_ads: 24.0, t_des: 21.8, bed_util_ads: 0.499, bed_util_des: 0.498, des_th: 0.49837712645694243,frac_lost: 0.107, li_recovered:  8.450, time: 0.0051336470005480805
L: 0.50, u_super: 0.00948, sec: 1766.492, prod: 0.066814, t_ads: 20.7, t_des: 110.5, bed_util_ads: 0.291, bed_util_des: 0.289, des_th: 0.2887960833645216,frac_lost: 0.106, li_recovered:  8.763, time: 0.017657682999924873
L: 0.50, u_super: 0.00498, sec: 273.961, prod: 0.112217, t_ads: 39.0, t_des: 34.9, bed_util_ads: 0.499, bed_util_des: 0.499, des_th: 0.4987209184461551,frac_lost: 0.104, li_recovered:  8.293, time: 0.00682201699964935
L: 0.50, u_super: 0.00053, sec: 30.367, prod: 0.010852, t_ads: 339.0, t_des: 318.5, bed_util_ads: 0.466, bed_util_des: 0.464, des_th: 0.4645738671244556,frac_lost: 0.100, li_recovered:  7.136, time: 0.006768623999960255
L: 0.50, u_super: 0.00843, sec: 484.273, prod: 0.190319, t_ads: 23.2, t_des: 21.8, bed_util_ads: 0.495, bed_util_des: 0.494, des_th: 0.494443916013944,frac_lost: 0.106, li_recovered:  8.557, time: 0.005110523999974248
L: 0.50, u_super: 0.00843, sec: 483.157, prod: 0.190759, t_ads: 23.2, t_des: 21.3, bed_util_ads: 0.497, bed_util_des: 0.497, des_th: 0.4969790221110237,frac_lost: 0.106, li_recovered:  8.483, time: 0.009320999000919983
L: 0.50, u_super: 0.00659, sec: 370.450, prod: 0.148454, t_ads: 29.7, t_des: 27.9, bed_util_ads: 0.493, bed_util_des: 0.493, des_th: 0.49322352144592757,frac_lost: 0.106, li_recovered:  8.536, time: 0.005835572999785654
L: 0.50, u_super: 0.00566, sec: 313.087, prod: 0.127990, t_ads: 34.3, t_des: 31.0, bed_util_ads: 0.499, bed_util_des: 0.499, des_th: 0.4987209184461551,frac_lost: 0.101, li_recovered:  8.356, time: 0.006895430000440683
L: 0.50, u_super: 0.00617, sec: 344.533, prod: 0.139270, t_ads: 31.7, t_des: 29.1, bed_util_ads: 0.497, bed_util_des: 0.497, des_th: 0.497063384420791,frac_lost: 0.107, li_recovered:  8.464, time: 0.00607242800106178
L: 0.50, u_super: 0.00882, sec: 528.716, prod: 0.191766, t_ads: 22.1, t_des: 23.2, bed_util_ads: 0.481, bed_util_des: 0.481, des_th: 0.48081649483216815,frac_lost: 0.104, li_recovered:  8.697, time: 0.007787499000187381
L: 0.50, u_super: 0.00225, sec: 122.074, prod: 0.049665, t_ads: 85.8, t_des: 74.4, bed_util_ads: 0.499, bed_util_des: 0.498, des_th: 0.4983366600511754,frac_lost: 0.107, li_recovered:  7.957, time: 0.0069133010001678485
L: 0.50, u_super: 0.00343, sec: 185.715, prod: 0.076778, t_ads: 56.8, t_des: 51.4, bed_util_ads: 0.497, bed_util_des: 0.496, des_th: 0.49631492979225855,frac_lost: 0.107, li_recovered:  8.307, time: 0.0066327819986327086
L: 0.50, u_super: 0.00659, sec: 368.344, prod: 0.149124, t_ads: 29.4, t_des: 26.4, bed_util_ads: 0.500, bed_util_des: 0.500, des_th: 0.49999300910988925,frac_lost: 0.100, li_recovered:  8.322, time: 0.006962130000829347
L: 0.50, u_super: 0.00461, sec: 252.932, prod: 0.103819, t_ads: 42.1, t_des: 37.5, bed_util_ads: 0.500, bed_util_des: 0.500, des_th: 0.4995635374030771,frac_lost: 0.104, li_recovered:  8.270, time: 0.006210768000528333
L: 0.50, u_super: 0.00128, sec: 69.129, prod: 0.027957, t_ads: 148.1, t_des: 140.6, bed_util_ads: 0.482, bed_util_des: 0.481, des_th: 0.4814780104719378,frac_lost: 0.102, li_recovered:  8.071, time: 0.007622883000294678
L: 0.50, u_super: 0.00990, sec: 601.045, prod: 0.215445, t_ads: 19.7, t_des: 20.7, bed_util_ads: 0.480, bed_util_des: 0.480, des_th: 0.47987921353642193,frac_lost: 0.103, li_recovered:  8.703, time: 0.006512772999485605
L: 0.50, u_super: 0.00757, sec: 428.057, prod: 0.171511, t_ads: 25.7, t_des: 23.1, bed_util_ads: 0.499, bed_util_des: 0.499, des_th: 0.49872681211845155,frac_lost: 0.101, li_recovered:  8.369, time: 0.0077051459993526805
L: 0.50, u_super: 0.00147, sec: 90.531, prod: 0.028140, t_ads: 131.6, t_des: 167.6, bed_util_ads: 0.446, bed_util_des: 0.443, des_th: 0.44283287798497506,frac_lost: 0.109, li_recovered:  8.419, time: 0.006400259000656661
L: 0.50, u_super: 0.00539, sec: 297.355, prod: 0.121806, t_ads: 36.0, t_des: 32.7, bed_util_ads: 0.497, bed_util_des: 0.497, des_th: 0.4969920071214937,frac_lost: 0.102, li_recovered:  8.366, time: 0.007467647001249134
L: 27.76, u_super: 0.00011 — INFEASIBLE (li_recovered=0.000e+00), time: 0.0009497600003669504
L: 14.63, u_super: 0.00712 — INFEASIBLE (li_recovered=0.000e+00), time: 0.003147764000459574
L: 0.50, u_super: 0.00328, sec: 177.624, prod: 0.073201, t_ads: 59.4, t_des: 52.9, bed_util_ads: 0.499, bed_util_des: 0.499, des_th: 0.49867586015918525,frac_lost: 0.109, li_recovered:  8.224, time: 0.006381809000231442
L: 17.47, u_super: 0.00843 — INFEASIBLE (li_recovered=0.000e+00), time: 0.0016676160012139007
L: 0.50, u_super: 0.00423, sec: 230.773, prod: 0.095045, t_ads: 45.9, t_des: 41.0, bed_util_ads: 0.500, bed_util_des: 0.499, des_th: 0.4994294915928125,frac_lost: 0.104, li_recovered:  8.264, time: 0.0050214700004289625
L: 0.50, u_super: 0.00640, sec: 357.014, prod: 0.144882, t_ads: 30.3, t_des: 27.7, bed_util_ads: 0.497, bed_util_des: 0.497, des_th: 0.49710030532271304,frac_lost: 0.102, li_recovered:  8.409, time: 0.0068781420013692696
L: 0.50, u_super: 0.00258, sec: 139.677, prod: 0.057140, t_ads: 74.6, t_des: 73.1, bed_util_ads: 0.485, bed_util_des: 0.484, des_th: 0.4842118493763444,frac_lost: 0.101, li_recovered:  8.439, time: 0.005754052001066157
L: 0.50, u_super: 0.00989, sec: 576.219, prod: 0.224357, t_ads: 19.7, t_des: 17.9, bed_util_ads: 0.500, bed_util_des: 0.500, des_th: 0.49955537306909786,frac_lost: 0.105, li_recovered:  8.451, time: 0.005522359999304172
   173 |     6920 |     40 |  0.0018969819 |             f
L: 0.50, u_super: 0.00817, sec: 466.481, prod: 0.184852, t_ads: 23.9, t_des: 21.7, bed_util_ads: 0.500, bed_util_des: 0.500, des_th: 0.4995316317112602,frac_lost: 0.106, li_recovered:  8.445, time: 0.00579555399963283
L: 0.50, u_super: 0.00301, sec: 162.437, prod: 0.067526, t_ads: 64.0, t_des: 58.3, bed_util_ads: 0.494, bed_util_des: 0.494, des_th: 0.49414000635546007,frac_lost: 0.102, li_recovered:  8.258, time: 0.005588997999439016
L: 0.50, u_super: 0.00903, sec: 521.298, prod: 0.204527, t_ads: 21.7, t_des: 19.9, bed_util_ads: 0.497, bed_util_des: 0.497, des_th: 0.49736858931193145,frac_lost: 0.106, li_recovered:  8.491, time: 0.006957890998819494
L: 0.50, u_super: 0.00695, sec: 389.928, prod: 0.157445, t_ads: 27.9, t_des: 25.3, bed_util_ads: 0.499, bed_util_des: 0.499, des_th: 0.49871930065524506,frac_lost: 0.100, li_recovered:  8.371, time: 0.004829133999010082
L: 5.66, u_super: 0.00011 — INFEASIBLE (li_recovered=0.000e+00), time: 0.0010066909999295603
L: 0.50, u_super: 0.00424, sec: 231.564, prod: 0.095105, t_ads: 46.0, t_des: 41.0, bed_util_ads: 0.500, bed_util_des: 0.499, des_th: 0.49942132725883337,frac_lost: 0.107, li_recovered:  8.273, time: 0.004008595999039244
L: 0.50, u_super: 0.00796, sec: 452.271, prod: 0.180556, t_ads: 24.4, t_des: 22.1, bed_util_ads: 0.499, bed_util_des: 0.499, des_th: 0.49885009913785094,frac_lost: 0.101, li_recovered:  8.391, time: 0.004672365999795147
L: 0.50, u_super: 0.00284, sec: 152.641, prod: 0.063485, t_ads: 67.9, t_des: 63.4, bed_util_ads: 0.491, bed_util_des: 0.491, des_th: 0.4908892135710834,frac_lost: 0.101, li_recovered:  8.336, time: 0.003995784998551244
L: 0.50, u_super: 0.00181, sec: 98.617, prod: 0.039389, t_ads: 105.7, t_des: 90.2, bed_util_ads: 0.499, bed_util_des: 0.499, des_th: 0.49920517655234714,frac_lost: 0.102, li_recovered:  7.714, time: 0.0038719280000805156
L: 0.50, u_super: 0.00226, sec: 122.581, prod: 0.049906, t_ads: 85.3, t_des: 74.0, bed_util_ads: 0.499, bed_util_des: 0.499, des_th: 0.4987194579682363,frac_lost: 0.106, li_recovered:  7.951, time: 0.004381171000204631
L: 0.50, u_super: 0.00815, sec: 1351.522, prod: 0.063587, t_ads: 24.0, t_des: 113.7, bed_util_ads: 0.303, bed_util_des: 0.301, des_th: 0.30083131239719535,frac_lost: 0.105, li_recovered:  8.757, time: 0.01070193899977312
L: 0.50, u_super: 0.00691, sec: 389.209, prod: 0.156074, t_ads: 28.3, t_des: 26.0, bed_util_ads: 0.497, bed_util_des: 0.497, des_th: 0.4969573338100085,frac_lost: 0.107, li_recovered:  8.476, time: 0.004446984999958659
L: 0.50, u_super: 0.00845, sec: 484.371, prod: 0.191344, t_ads: 23.1, t_des: 21.0, bed_util_ads: 0.499, bed_util_des: 0.499, des_th: 0.498624471278555,frac_lost: 0.106, li_recovered:  8.447, time: 0.003997477999291732
L: 0.50, u_super: 0.00897, sec: 516.913, prod: 0.203097, t_ads: 21.8, t_des: 20.0, bed_util_ads: 0.497, bed_util_des: 0.497, des_th: 0.49731654466809644,frac_lost: 0.105, li_recovered:  8.492, time: 0.004747681001390447
L: 0.50, u_super: 0.00029 — INFEASIBLE (li_recovered=0.000e+00), time: 0.002046602001428255
L: 0.50, u_super: 0.00461, sec: 252.932, prod: 0.103819, t_ads: 42.1, t_des: 37.5, bed_util_ads: 0.500, bed_util_des: 0.500, des_th: 0.4995635374030771,frac_lost: 0.104, li_recovered:  8.270, time: 0.004296483999496559
L: 0.50, u_super: 0.00060, sec: 34.942, prod: 0.011943, t_ads: 304.6, t_des: 258.2, bed_util_ads: 0.482, bed_util_des: 0.481, des_th: 0.4815801142906359,frac_lost: 0.104, li_recovered:  6.721, time: 0.0034643550006876467
L: 0.50, u_super: 0.00288, sec: 155.224, prod: 0.064266, t_ads: 66.9, t_des: 59.6, bed_util_ads: 0.498, bed_util_des: 0.497, des_th: 0.4973319714310613,frac_lost: 0.101, li_recovered:  8.130, time: 0.004306181999709224
L: 0.50, u_super: 0.00258, sec: 139.618, prod: 0.057164, t_ads: 74.7, t_des: 72.8, bed_util_ads: 0.485, bed_util_des: 0.484, des_th: 0.4842118493763444,frac_lost: 0.102, li_recovered:  8.433, time: 0.004423905998919508
L: 0.50, u_super: 0.00973, sec: 565.439, prod: 0.220693, t_ads: 20.1, t_des: 18.2, bed_util_ads: 0.499, bed_util_des: 0.499, des_th: 0.4986754064406601,frac_lost: 0.104, li_recovered:  8.441, time: 0.0040946689987322316
L: 36.00, u_super: 0.00843 — INFEASIBLE (li_recovered=0.000e+00), time: 0.0012709689999610418
L: 0.50, u_super: 0.00053, sec: 30.235, prod: 0.010899, t_ads: 341.7, t_des: 334.3, bed_util_ads: 0.460, bed_util_des: 0.458, des_th: 0.4578864761227556,frac_lost: 0.103, li_recovered:  7.369, time: 0.0059936650013696635
L: 12.05, u_super: 0.00787 — INFEASIBLE (li_recovered=0.000e+00), time: 0.002016246000493993
L: 12.04, u_super: 0.00948 — INFEASIBLE (li_recovered=0.000e+00), time: 0.0028204669997649034
L: 0.50, u_super: 0.00917, sec: 531.427, prod: 0.207146, t_ads: 21.3, t_des: 20.0, bed_util_ads: 0.494, bed_util_des: 0.494, des_th: 0.49408596727972975,frac_lost: 0.105, li_recovered:  8.567, time: 0.004769588000272051
L: 10.17, u_super: 0.00921 — INFEASIBLE (li_recovered=0.000e+00), time: 0.002064689000690123
L: 69.62, u_super: 0.00225 — INFEASIBLE (li_recovered=0.000e+00), time: 0.0009222950011462672
L: 7.76, u_super: 0.00687 — INFEASIBLE (li_recovered=0.000e+00), time: 0.002571308001279249
L: 5.45, u_super: 0.00790, sec: 5393.509, prod: 0.162389, t_ads: 256.0, t_des: 219.9, bed_util_ads: 0.484, bed_util_des: 0.484, des_th: 0.48401426773046763,frac_lost: 0.106, li_recovered:  77.276, time: 0.004707237001639442
L: 0.50, u_super: 0.00023 — INFEASIBLE (li_recovered=0.000e+00), time: 0.0017555770009494154
L: 0.50, u_super: 0.00878, sec: 504.604, prod: 0.198885, t_ads: 22.2, t_des: 20.2, bed_util_ads: 0.499, bed_util_des: 0.499, des_th: 0.49877371669039056,frac_lost: 0.105, li_recovered:  8.441, time: 0.004280789999029366
L: 0.50, u_super: 0.00178, sec: 95.971, prod: 0.039137, t_ads: 107.6, t_des: 95.3, bed_util_ads: 0.495, bed_util_des: 0.494, des_th: 0.49448563635441783,frac_lost: 0.103, li_recovered:  7.939, time: 0.004348848000518046
L: 0.50, u_super: 0.00147, sec: 79.222, prod: 0.032180, t_ads: 130.1, t_des: 123.9, bed_util_ads: 0.484, bed_util_des: 0.483, des_th: 0.4829085441569103,frac_lost: 0.105, li_recovered:  8.174, time: 0.004350253000666271
L: 38.83, u_super: 0.00559 — INFEASIBLE (li_recovered=0.000e+00), time: 0.0009804639994399622
L: 0.50, u_super: 0.00990, sec: 576.760, prod: 0.224524, t_ads: 19.7, t_des: 17.9, bed_util_ads: 0.500, bed_util_des: 0.499, des_th: 0.49942132725883337,frac_lost: 0.105, li_recovered:  8.444, time: 0.004869509999480215
L: 6.17, u_super: 0.00712 — INFEASIBLE (li_recovered=0.000e+00), time: 0.002832973001204664
L: 20.94, u_super: 0.00775 — INFEASIBLE (li_recovered=0.000e+00), time: 0.001386036999974749
L: 21.57, u_super: 0.00545 — INFEASIBLE (li_recovered=0.000e+00), time: 0.001424344998667948
L: 0.50, u_super: 0.00282, sec: 151.647, prod: 0.063054, t_ads: 68.4, t_des: 62.3, bed_util_ads: 0.494, bed_util_des: 0.494, des_th: 0.49408596727972975,frac_lost: 0.102, li_recovered:  8.244, time: 0.004840097000851529
L: 20.92, u_super: 0.00989 — INFEASIBLE (li_recovered=0.000e+00), time: 0.0020335150002210867
   174 |     6960 |     40 |  0.0029574727 |             f
L: 17.25, u_super: 0.00962 — INFEASIBLE (li_recovered=0.000e+00), time: 0.002283388001160347
L: 0.50, u_super: 0.00209, sec: 113.647, prod: 0.045755, t_ads: 91.6, t_des: 78.4, bed_util_ads: 0.500, bed_util_des: 0.500, des_th: 0.49996698561600006,frac_lost: 0.101, li_recovered:  7.779, time: 0.006037710998498369
L: 0.50, u_super: 0.00776, sec: 441.261, prod: 0.175238, t_ads: 25.3, t_des: 22.9, bed_util_ads: 0.499, bed_util_des: 0.499, des_th: 0.4987386980209002,frac_lost: 0.109, li_recovered:  8.442, time: 0.005785264998849016
L: 0.50, u_super: 0.00579, sec: 1117.115, prod: 0.037565, t_ads: 34.0, t_des: 199.2, bed_util_ads: 0.280, bed_util_des: 0.277, des_th: 0.27681599544583035,frac_lost: 0.108, li_recovered:  8.761, time: 0.018264497999552987
L: 7.47, u_super: 0.00230 — INFEASIBLE (li_recovered=0.000e+00), time: 0.0022092289982538205
L: 0.50, u_super: 0.00912, sec: 699.650, prod: 0.155366, t_ads: 21.4, t_des: 34.7, bed_util_ads: 0.427, bed_util_des: 0.426, des_th: 0.42615086041954053,frac_lost: 0.104, li_recovered:  8.725, time: 0.0072639450008864515
L: 0.50, u_super: 0.00659, sec: 370.707, prod: 0.148387, t_ads: 29.7, t_des: 27.9, bed_util_ads: 0.494, bed_util_des: 0.494, des_th: 0.4936201501560643,frac_lost: 0.107, li_recovered:  8.541, time: 0.005106996999529656
L: 0.50, u_super: 0.00511, sec: 281.369, prod: 0.115265, t_ads: 38.0, t_des: 33.9, bed_util_ads: 0.500, bed_util_des: 0.499, des_th: 0.49942132725883337,frac_lost: 0.102, li_recovered:  8.289, time: 0.005588145000729128
L: 0.50, u_super: 0.00082, sec: 45.618, prod: 0.017374, t_ads: 225.4, t_des: 202.3, bed_util_ads: 0.482, bed_util_des: 0.481, des_th: 0.4812247951188494,frac_lost: 0.100, li_recovered:  7.430, time: 0.005727970999942045
L: 0.50, u_super: 0.00432, sec: 236.154, prod: 0.096924, t_ads: 45.1, t_des: 40.2, bed_util_ads: 0.499, bed_util_des: 0.499, des_th: 0.49851760151353564,frac_lost: 0.107, li_recovered:  8.273, time: 0.005342456999642309
L: 0.50, u_super: 0.00102 — INFEASIBLE (li_recovered=0.000e+00), time: 0.00291810499948042
L: 0.50, u_super: 0.00663, sec: 391.284, prod: 0.142185, t_ads: 29.5, t_des: 31.6, bed_util_ads: 0.477, bed_util_des: 0.477, des_th: 0.47675897285886004,frac_lost: 0.106, li_recovered:  8.682, time: 0.00658904899864865
L: 13.21, u_super: 0.00840 — INFEASIBLE (li_recovered=0.000e+00), time: 0.002621939000164275
L: 0.50, u_super: 0.00219, sec: 124.123, prod: 0.046322, t_ads: 87.8, t_des: 95.6, bed_util_ads: 0.470, bed_util_des: 0.469, des_th: 0.4691171875534322,frac_lost: 0.103, li_recovered:  8.496, time: 0.008243542999480269
L: 0.50, u_super: 0.00806, sec: 1270.975, prod: 0.065899, t_ads: 24.4, t_des: 108.5, bed_util_ads: 0.310, bed_util_des: 0.307, des_th: 0.30746531825828255,frac_lost: 0.108, li_recovered:  8.758, time: 0.012845504999859259
L: 0.50, u_super: 0.00346, sec: 187.775, prod: 0.077459, t_ads: 56.3, t_des: 52.0, bed_util_ads: 0.495, bed_util_des: 0.494, des_th: 0.49456283526463723,frac_lost: 0.109, li_recovered:  8.390, time: 0.006126546000814415
L: 0.50, u_super: 0.00699, sec: 408.242, prod: 0.152290, t_ads: 28.0, t_des: 29.0, bed_util_ads: 0.482, bed_util_des: 0.481, des_th: 0.4812247951188494,frac_lost: 0.108, li_recovered:  8.678, time: 0.005538149000130943
L: 0.50, u_super: 0.00480, sec: 263.341, prod: 0.108279, t_ads: 40.4, t_des: 36.5, bed_util_ads: 0.497, bed_util_des: 0.497, des_th: 0.497063384420791,frac_lost: 0.103, li_recovered:  8.331, time: 0.005846327001563623
L: 0.50, u_super: 0.00498, sec: 273.718, prod: 0.112137, t_ads: 39.0, t_des: 34.8, bed_util_ads: 0.499, bed_util_des: 0.499, des_th: 0.49896552988500686,frac_lost: 0.103, li_recovered:  8.282, time: 0.0041678629986563465
L: 0.50, u_super: 0.00139, sec: 76.078, prod: 0.030160, t_ads: 137.1, t_des: 118.8, bed_util_ads: 0.494, bed_util_des: 0.494, des_th: 0.49378695287953533,frac_lost: 0.107, li_recovered:  7.719, time: 0.003981858000770444
L: 0.50, u_super: 0.00288, sec: 155.978, prod: 0.064157, t_ads: 66.9, t_des: 58.6, bed_util_ads: 0.499, bed_util_des: 0.499, des_th: 0.49866723510898553,frac_lost: 0.102, li_recovered:  8.054, time: 0.00504894700134173
L: 0.50, u_super: 0.00441, sec: 241.009, prod: 0.099149, t_ads: 44.2, t_des: 39.9, bed_util_ads: 0.498, bed_util_des: 0.498, des_th: 0.49822103394775524,frac_lost: 0.106, li_recovered:  8.332, time: 0.006424337998396368
L: 0.50, u_super: 0.00565, sec: 313.137, prod: 0.127694, t_ads: 34.4, t_des: 31.8, bed_util_ads: 0.496, bed_util_des: 0.496, des_th: 0.49578995547714716,frac_lost: 0.104, li_recovered:  8.451, time: 0.00623162199917715
L: 0.50, u_super: 0.00023 — INFEASIBLE (li_recovered=0.000e+00), time: 0.0021045080011390382
L: 0.50, u_super: 0.00161, sec: 86.770, prod: 0.035437, t_ads: 118.7, t_des: 113.2, bed_util_ads: 0.485, bed_util_des: 0.484, des_th: 0.4842118493763444,frac_lost: 0.104, li_recovered:  8.217, time: 0.005832400000144844
L: 0.50, u_super: 0.00757, sec: 429.329, prod: 0.171003, t_ads: 25.9, t_des: 23.2, bed_util_ads: 0.500, bed_util_des: 0.500, des_th: 0.49962773357023166,frac_lost: 0.107, li_recovered:  8.392, time: 0.00783991599928413
L: 2.54, u_super: 0.00398, sec: 1193.627, prod: 0.082510, t_ads: 236.3, t_des: 203.2, bed_util_ads: 0.486, bed_util_des: 0.485, des_th: 0.4854342527260009,frac_lost: 0.103, li_recovered:  36.265, time: 0.005978875000437256
L: 0.50, u_super: 0.00985, sec: 574.561, prod: 0.223096, t_ads: 19.8, t_des: 18.4, bed_util_ads: 0.497, bed_util_des: 0.497, des_th: 0.49710030532271304,frac_lost: 0.105, li_recovered:  8.534, time: 0.007366863999777706
L: 28.01, u_super: 0.00100 — INFEASIBLE (li_recovered=0.000e+00), time: 0.001155945999926189
L: 0.50, u_super: 0.00768, sec: 437.811, prod: 0.173254, t_ads: 25.5, t_des: 23.9, bed_util_ads: 0.495, bed_util_des: 0.495, des_th: 0.4947645073576178,frac_lost: 0.107, li_recovered:  8.554, time: 0.0059587239993561525
L: 0.50, u_super: 0.00784, sec: 462.274, prod: 0.171123, t_ads: 25.0, t_des: 25.8, bed_util_ads: 0.482, bed_util_des: 0.481, des_th: 0.48148421407696795,frac_lost: 0.106, li_recovered:  8.686, time: 0.005790175000583986
L: 0.50, u_super: 0.00948, sec: 549.610, prod: 0.214862, t_ads: 20.6, t_des: 18.5, bed_util_ads: 0.500, bed_util_des: 0.500, des_th: 0.4997585876775302,frac_lost: 0.105, li_recovered:  8.403, time: 0.00514107100025285
L: 0.50, u_super: 0.00370, sec: 201.855, prod: 0.082546, t_ads: 52.5, t_des: 50.4, bed_util_ads: 0.489, bed_util_des: 0.489, des_th: 0.4888996950643564,frac_lost: 0.105, li_recovered:  8.496, time: 0.00708480100001907
L: 0.50, u_super: 0.00010 — INFEASIBLE (li_recovered=0.000e+00), time: 0.0016086539999378147
L: 0.50, u_super: 0.00543, sec: 299.960, prod: 0.122617, t_ads: 35.8, t_des: 32.8, bed_util_ads: 0.497, bed_util_des: 0.497, des_th: 0.49710030532271304,frac_lost: 0.104, li_recovered:  8.412, time: 0.007446816000083345
L: 0.50, u_super: 0.00064 — INFEASIBLE (li_recovered=0.000e+00), time: 0.00499324200063711
L: 0.50, u_super: 0.00462, sec: 253.425, prod: 0.103893, t_ads: 42.2, t_des: 37.6, bed_util_ads: 0.500, bed_util_des: 0.500, des_th: 0.499590717970525,frac_lost: 0.106, li_recovered:  8.287, time: 0.0047107680002227426
L: 0.50, u_super: 0.00274, sec: 148.789, prod: 0.060466, t_ads: 70.5, t_des: 69.6, bed_util_ads: 0.484, bed_util_des: 0.483, des_th: 0.4829085441569103,frac_lost: 0.102, li_recovered:  8.472, time: 0.00436584499948367
L: 0.50, u_super: 0.00353, sec: 191.657, prod: 0.079262, t_ads: 54.9, t_des: 50.9, bed_util_ads: 0.494, bed_util_des: 0.494, des_th: 0.4937379780064615,frac_lost: 0.106, li_recovered:  8.390, time: 0.004935783999826526
L: 82.85, u_super: 0.00328 — INFEASIBLE (li_recovered=0.000e+00), time: 0.0009493159996054601
   175 |     7000 |     40 |  0.0035993755 |             f
L: 0.50, u_super: 0.00180, sec: 97.217, prod: 0.039676, t_ads: 105.9, t_des: 103.5, bed_util_ads: 0.482, bed_util_des: 0.481, des_th: 0.4814848334731829,frac_lost: 0.100, li_recovered:  8.310, time: 0.004944844999045017
L: 0.50, u_super: 0.00921, sec: 532.427, prod: 0.208504, t_ads: 21.2, t_des: 19.5, bed_util_ads: 0.497, bed_util_des: 0.497, des_th: 0.49698269073068496,frac_lost: 0.106, li_recovered:  8.491, time: 0.005574738999712281
L: 0.50, u_super: 0.00190, sec: 103.213, prod: 0.041744, t_ads: 100.3, t_des: 86.9, bed_util_ads: 0.497, bed_util_des: 0.497, des_th: 0.49710030532271304,frac_lost: 0.101, li_recovered:  7.814, time: 0.0051139389997842954
L: 0.50, u_super: 0.00026, sec: 18.490, prod: 0.004233, t_ads: 684.0, t_des: 1020.5, bed_util_ads: 0.376, bed_util_des: 0.357, des_th: 0.35665421953741633,frac_lost: 0.101, li_recovered:  7.215, time: 0.00668821600083902
L: 0.50, u_super: 0.00873, sec: 502.255, prod: 0.197680, t_ads: 22.4, t_des: 20.6, bed_util_ads: 0.498, bed_util_des: 0.498, des_th: 0.4977006167751547,frac_lost: 0.106, li_recovered:  8.490, time: 0.004254133000358706
L: 0.50, u_super: 0.00171, sec: 93.596, prod: 0.036943, t_ads: 111.8, t_des: 94.3, bed_util_ads: 0.500, bed_util_des: 0.499, des_th: 0.49942132725883337,frac_lost: 0.102, li_recovered:  7.614, time: 0.004925286999423406
L: 6.50, u_super: 0.00702, sec: 5659.800, prod: 0.144028, t_ads: 338.1, t_des: 333.4, bed_util_ads: 0.461, bed_util_des: 0.458, des_th: 0.4578864761227556,frac_lost: 0.104, li_recovered:  96.709, time: 0.004727749001176562
L: 0.50, u_super: 0.00275, sec: 148.734, prod: 0.061138, t_ads: 70.3, t_des: 61.7, bed_util_ads: 0.499, bed_util_des: 0.499, des_th: 0.49904398503773,frac_lost: 0.105, li_recovered:  8.068, time: 0.004706308998720488
L: 21.77, u_super: 0.00030 — INFEASIBLE (li_recovered=0.000e+00), time: 0.000753407999582123
L: 52.26, u_super: 0.00607 — INFEASIBLE (li_recovered=0.000e+00), time: 0.0011996440007351339
L: 0.50, u_super: 0.00125 — INFEASIBLE (li_recovered=0.000e+00), time: 0.003954138999688439
L: 0.50, u_super: 0.00796, sec: 452.721, prod: 0.180376, t_ads: 24.4, t_des: 22.0, bed_util_ads: 0.500, bed_util_des: 0.499, des_th: 0.4994061420587035,frac_lost: 0.102, li_recovered:  8.376, time: 0.004920964000120875
L: 0.50, u_super: 0.00817, sec: 466.646, prod: 0.184787, t_ads: 24.0, t_des: 21.7, bed_util_ads: 0.500, bed_util_des: 0.500, des_th: 0.4995612969619289,frac_lost: 0.107, li_recovered:  8.433, time: 0.004201596999337198
L: 0.50, u_super: 0.00869, sec: 499.660, prod: 0.196803, t_ads: 22.5, t_des: 20.5, bed_util_ads: 0.500, bed_util_des: 0.499, des_th: 0.4994155769143193,frac_lost: 0.107, li_recovered:  8.458, time: 0.0043414640003902605
L: 0.50, u_super: 0.00324, sec: 175.844, prod: 0.072346, t_ads: 59.5, t_des: 52.2, bed_util_ads: 0.500, bed_util_des: 0.499, des_th: 0.49932686030416823,frac_lost: 0.102, li_recovered:  8.080, time: 0.004016097000203445
L: 0.50, u_super: 0.00878, sec: 504.604, prod: 0.198885, t_ads: 22.2, t_des: 20.2, bed_util_ads: 0.499, bed_util_des: 0.499, des_th: 0.49877371669039056,frac_lost: 0.105, li_recovered:  8.441, time: 0.004837882001083926
L: 0.50, u_super: 0.00575, sec: 319.489, prod: 0.129799, t_ads: 33.8, t_des: 31.7, bed_util_ads: 0.494, bed_util_des: 0.494, des_th: 0.4936911270348189,frac_lost: 0.103, li_recovered:  8.498, time: 0.004703274998973939
L: 0.50, u_super: 0.00105, sec: 57.326, prod: 0.022804, t_ads: 178.4, t_des: 165.4, bed_util_ads: 0.482, bed_util_des: 0.481, des_th: 0.4809927374906329,frac_lost: 0.102, li_recovered:  7.840, time: 0.0049971440002991585
L: 0.50, u_super: 0.00076, sec: 42.761, prod: 0.015903, t_ads: 243.6, t_des: 214.7, bed_util_ads: 0.482, bed_util_des: 0.481, des_th: 0.4812241757226345,frac_lost: 0.104, li_recovered:  7.288, time: 0.005005822999009979
L: 0.50, u_super: 0.00617, sec: 352.862, prod: 0.135983, t_ads: 31.4, t_des: 32.1, bed_util_ads: 0.484, bed_util_des: 0.483, des_th: 0.48319296735463346,frac_lost: 0.101, li_recovered:  8.647, time: 0.005101312999613583
L: 0.50, u_super: 0.00513, sec: 281.950, prod: 0.115781, t_ads: 37.8, t_des: 34.3, bed_util_ads: 0.498, bed_util_des: 0.498, des_th: 0.498232044963178,frac_lost: 0.102, li_recovered:  8.351, time: 0.006114208001235966
L: 0.50, u_super: 0.00274, sec: 149.546, prod: 0.060346, t_ads: 71.0, t_des: 69.6, bed_util_ads: 0.485, bed_util_des: 0.484, des_th: 0.4842118493763444,frac_lost: 0.109, li_recovered:  8.484, time: 0.004308415000195964
L: 0.50, u_super: 0.00776, sec: 441.110, prod: 0.175308, t_ads: 25.2, t_des: 22.7, bed_util_ads: 0.500, bed_util_des: 0.499, des_th: 0.4994868616151917,frac_lost: 0.108, li_recovered:  8.403, time: 0.00674854899989441
L: 0.50, u_super: 0.00942, sec: 548.109, prod: 0.212660, t_ads: 20.7, t_des: 19.7, bed_util_ads: 0.494, bed_util_des: 0.494, des_th: 0.49378695287953533,frac_lost: 0.104, li_recovered:  8.591, time: 0.0061075099984009285
L: 0.50, u_super: 0.00039 — INFEASIBLE (li_recovered=0.000e+00), time: 0.003808005001701531
L: 0.50, u_super: 0.00878, sec: 523.202, prod: 0.191815, t_ads: 22.2, t_des: 23.1, bed_util_ads: 0.483, bed_util_des: 0.483, des_th: 0.48256796300265903,frac_lost: 0.105, li_recovered:  8.693, time: 0.00852763600050821
L: 0.50, u_super: 0.00567, sec: 893.310, prod: 0.045025, t_ads: 34.4, t_des: 159.8, bed_util_ads: 0.304, bed_util_des: 0.301, des_th: 0.30083131239719535,frac_lost: 0.102, li_recovered:  8.743, time: 0.014026183998794295
L: 0.50, u_super: 0.00712, sec: 401.474, prod: 0.160806, t_ads: 27.5, t_des: 24.7, bed_util_ads: 0.500, bed_util_des: 0.500, des_th: 0.4997158056527767,frac_lost: 0.107, li_recovered:  8.395, time: 0.005059015998995164
L: 0.50, u_super: 0.00990, sec: 578.006, prod: 0.224037, t_ads: 19.8, t_des: 18.3, bed_util_ads: 0.497, bed_util_des: 0.497, des_th: 0.4970943449297472,frac_lost: 0.107, li_recovered:  8.535, time: 0.005231660999925225
L: 0.50, u_super: 0.00712, sec: 415.963, prod: 0.155205, t_ads: 27.4, t_des: 28.5, bed_util_ads: 0.481, bed_util_des: 0.481, des_th: 0.48112527763242735,frac_lost: 0.105, li_recovered:  8.677, time: 0.006587665000552079
L: 0.50, u_super: 0.00771, sec: 438.660, prod: 0.174154, t_ads: 25.4, t_des: 22.8, bed_util_ads: 0.500, bed_util_des: 0.500, des_th: 0.4996470505947084,frac_lost: 0.109, li_recovered:  8.398, time: 0.00678574599987769
L: 0.50, u_super: 0.00687, sec: 385.070, prod: 0.155726, t_ads: 28.2, t_des: 25.6, bed_util_ads: 0.499, bed_util_des: 0.499, des_th: 0.4986380003451799,frac_lost: 0.100, li_recovered:  8.383, time: 0.00800760799938871
L: 0.50, u_super: 0.00074, sec: 85.593, prod: 0.007489, t_ads: 260.4, t_des: 874.0, bed_util_ads: 0.319, bed_util_des: 0.301, des_th: 0.30083131239719535,frac_lost: 0.100, li_recovered:  8.497, time: 0.012492865000240272
L: 0.50, u_super: 0.00230, sec: 123.572, prod: 0.051064, t_ads: 83.9, t_des: 75.5, bed_util_ads: 0.494, bed_util_des: 0.494, des_th: 0.49378695287953533,frac_lost: 0.104, li_recovered:  8.135, time: 0.006179971998790279
L: 0.50, u_super: 0.00948, sec: 549.098, prod: 0.214947, t_ads: 20.6, t_des: 18.5, bed_util_ads: 0.500, bed_util_des: 0.500, des_th: 0.4996149796821338,frac_lost: 0.103, li_recovered:  8.400, time: 0.00592346299890778
L: 0.50, u_super: 0.00659, sec: 370.443, prod: 0.148266, t_ads: 29.7, t_des: 28.0, bed_util_ads: 0.494, bed_util_des: 0.494, des_th: 0.4936201501560643,frac_lost: 0.106, li_recovered:  8.547, time: 0.005726301998947747
L: 0.50, u_super: 0.00396, sec: 215.571, prod: 0.088975, t_ads: 49.1, t_des: 45.3, bed_util_ads: 0.495, bed_util_des: 0.494, des_th: 0.49437952788722594,frac_lost: 0.105, li_recovered:  8.402, time: 0.005184346000532969
L: 0.50, u_super: 0.00712, sec: 400.840, prod: 0.161060, t_ads: 27.3, t_des: 24.4, bed_util_ads: 0.500, bed_util_des: 0.500, des_th: 0.49982523978539906,frac_lost: 0.101, li_recovered:  8.319, time: 0.005090774999189307
L: 35.00, u_super: 0.00579 — INFEASIBLE (li_recovered=0.000e+00), time: 0.0011921929999516578
L: 19.81, u_super: 0.00865 — INFEASIBLE (li_recovered=0.000e+00), time: 0.0016703410001355223
   176 |     7040 |     40 |  0.0012223189 |             f
L: 0.50, u_super: 0.00620, sec: 345.569, prod: 0.140133, t_ads: 31.3, t_des: 28.0, bed_util_ads: 0.500, bed_util_des: 0.500, des_th: 0.49993571006636006,frac_lost: 0.102, li_recovered:  8.310, time: 0.004984756000339985
L: 3.68, u_super: 0.00026 — INFEASIBLE (li_recovered=0.000e+00), time: 0.0011404340002627578
L: 0.50, u_super: 0.00169, sec: 92.315, prod: 0.036757, t_ads: 113.0, t_des: 96.5, bed_util_ads: 0.499, bed_util_des: 0.499, des_th: 0.49883766661911766,frac_lost: 0.104, li_recovered:  7.701, time: 0.005619137000394403
L: 28.97, u_super: 0.00420 — INFEASIBLE (li_recovered=0.000e+00), time: 0.0014246810005715815
L: 0.50, u_super: 0.00011, sec: 8.825, prod: 0.001659, t_ads: 1314.2, t_des: 1753.1, bed_util_ads: 0.328, bed_util_des: 0.307, des_th: 0.3074548731223135,frac_lost: 0.101, li_recovered:  5.089, time: 0.006126784001025953
L: 42.84, u_super: 0.00888 — INFEASIBLE (li_recovered=0.000e+00), time: 0.0015838390008866554
L: 0.50, u_super: 0.00445, sec: 243.564, prod: 0.100005, t_ads: 43.8, t_des: 39.1, bed_util_ads: 0.500, bed_util_des: 0.500, des_th: 0.4998534134608319,frac_lost: 0.106, li_recovered:  8.287, time: 0.0059973099996568635
L: 0.50, u_super: 0.00598, sec: 331.842, prod: 0.135153, t_ads: 32.4, t_des: 29.1, bed_util_ads: 0.500, bed_util_des: 0.500, des_th: 0.4995313640225182,frac_lost: 0.100, li_recovered:  8.308, time: 0.005373150999730569
L: 0.50, u_super: 0.00875, sec: 516.577, prod: 0.193130, t_ads: 22.3, t_des: 22.7, bed_util_ads: 0.484, bed_util_des: 0.484, des_th: 0.4842118493763444,frac_lost: 0.104, li_recovered:  8.680, time: 0.007073864000631147
L: 0.50, u_super: 0.00442, sec: 241.662, prod: 0.099276, t_ads: 44.0, t_des: 39.3, bed_util_ads: 0.499, bed_util_des: 0.499, des_th: 0.4987290503498698,frac_lost: 0.105, li_recovered:  8.269, time: 0.006603019999602111
L: 0.50, u_super: 0.00368, sec: 199.872, prod: 0.082571, t_ads: 52.8, t_des: 47.8, bed_util_ads: 0.497, bed_util_des: 0.497, des_th: 0.496977745960106,frac_lost: 0.107, li_recovered:  8.312, time: 0.007509514000048512
L: 0.50, u_super: 0.00802, sec: 458.620, prod: 0.181024, t_ads: 24.4, t_des: 22.9, bed_util_ads: 0.494, bed_util_des: 0.494, des_th: 0.49381482424898043,frac_lost: 0.106, li_recovered:  8.556, time: 0.006226534000234096
L: 0.50, u_super: 0.00887, sec: 510.459, prod: 0.200834, t_ads: 22.0, t_des: 20.0, bed_util_ads: 0.500, bed_util_des: 0.500, des_th: 0.49952990697881783,frac_lost: 0.106, li_recovered:  8.451, time: 0.006972930999836535
L: 71.96, u_super: 0.00958 — INFEASIBLE (li_recovered=0.000e+00), time: 0.0013567890000558691
L: 0.50, u_super: 0.00177, sec: 95.576, prod: 0.038972, t_ads: 108.0, t_des: 95.7, bed_util_ads: 0.494, bed_util_des: 0.494, des_th: 0.49378695287953533,frac_lost: 0.103, li_recovered:  7.939, time: 0.005459399000756093
L: 0.50, u_super: 0.00391, sec: 212.512, prod: 0.087721, t_ads: 49.8, t_des: 44.9, bed_util_ads: 0.497, bed_util_des: 0.497, des_th: 0.4966207229428092,frac_lost: 0.106, li_recovered:  8.309, time: 0.0072097440006473335
L: 0.50, u_super: 0.00218, sec: 118.679, prod: 0.047895, t_ads: 88.6, t_des: 76.0, bed_util_ads: 0.500, bed_util_des: 0.500, des_th: 0.49981842063355314,frac_lost: 0.108, li_recovered:  7.883, time: 0.005206832000112627
L: 0.50, u_super: 0.00139, sec: 76.550, prod: 0.029974, t_ads: 135.8, t_des: 115.7, bed_util_ads: 0.496, bed_util_des: 0.496, des_th: 0.49620383381555044,frac_lost: 0.101, li_recovered:  7.537, time: 0.0056468780003342545
L: 0.50, u_super: 0.00751, sec: 424.251, prod: 0.170223, t_ads: 25.9, t_des: 23.4, bed_util_ads: 0.499, bed_util_des: 0.499, des_th: 0.4987194579682363,frac_lost: 0.101, li_recovered:  8.384, time: 0.004963508999935584
L: 0.50, u_super: 0.00259, sec: 140.210, prod: 0.057636, t_ads: 74.2, t_des: 71.9, bed_util_ads: 0.485, bed_util_des: 0.485, des_th: 0.4847213948044456,frac_lost: 0.101, li_recovered:  8.419, time: 0.004863117999775568
L: 0.50, u_super: 0.00515, sec: 283.652, prod: 0.116345, t_ads: 37.7, t_des: 34.5, bed_util_ads: 0.497, bed_util_des: 0.497, des_th: 0.497063384420791,frac_lost: 0.103, li_recovered:  8.396, time: 0.006130153999038157
L: 0.50, u_super: 0.00543, sec: 299.769, prod: 0.122695, t_ads: 35.8, t_des: 32.4, bed_util_ads: 0.498, bed_util_des: 0.498, des_th: 0.4982178826023708,frac_lost: 0.103, li_recovered:  8.364, time: 0.006916289999935543
L: 0.50, u_super: 0.00318, sec: 171.191, prod: 0.071340, t_ads: 60.6, t_des: 55.9, bed_util_ads: 0.494, bed_util_des: 0.494, des_th: 0.4936584696269028,frac_lost: 0.100, li_recovered:  8.314, time: 0.006956633000299917
L: 0.50, u_super: 0.00990, sec: 577.186, prod: 0.224356, t_ads: 19.7, t_des: 18.2, bed_util_ads: 0.497, bed_util_des: 0.497, des_th: 0.49709376923110193,frac_lost: 0.105, li_recovered:  8.502, time: 0.004378457000711933
L: 0.50, u_super: 0.00929, sec: 536.944, prod: 0.210532, t_ads: 21.0, t_des: 19.1, bed_util_ads: 0.499, bed_util_des: 0.499, des_th: 0.49936510931990274,frac_lost: 0.105, li_recovered:  8.453, time: 0.005786404000900802
L: 0.50, u_super: 0.00260, sec: 140.794, prod: 0.057759, t_ads: 74.2, t_des: 65.0, bed_util_ads: 0.499, bed_util_des: 0.499, des_th: 0.49877371669039056,frac_lost: 0.105, li_recovered:  8.042, time: 0.004821020998861059
L: 0.50, u_super: 0.00615, sec: 342.468, prod: 0.139169, t_ads: 31.6, t_des: 28.5, bed_util_ads: 0.498, bed_util_des: 0.498, des_th: 0.49821290204404056,frac_lost: 0.102, li_recovered:  8.363, time: 0.007763046000036411
L: 0.50, u_super: 0.00059, sec: 38.559, prod: 0.010616, t_ads: 317.0, t_des: 433.8, bed_util_ads: 0.420, bed_util_des: 0.412, des_th: 0.41203371571445313,frac_lost: 0.107, li_recovered:  7.970, time: 0.006936121000762796
L: 0.50, u_super: 0.00197, sec: 107.099, prod: 0.043102, t_ads: 98.0, t_des: 84.1, bed_util_ads: 0.500, bed_util_des: 0.499, des_th: 0.4995728191256182,frac_lost: 0.108, li_recovered:  7.850, time: 0.007619874999363674
L: 22.58, u_super: 0.00817 — INFEASIBLE (li_recovered=0.000e+00), time: 0.002370446998611442
L: 0.50, u_super: 0.00670, sec: 375.553, prod: 0.151608, t_ads: 29.0, t_des: 25.8, bed_util_ads: 0.500, bed_util_des: 0.500, des_th: 0.4996149796821338,frac_lost: 0.101, li_recovered:  8.309, time: 0.008123736999550601
L: 0.50, u_super: 0.00656, sec: 368.423, prod: 0.147994, t_ads: 29.9, t_des: 27.4, bed_util_ads: 0.497, bed_util_des: 0.497, des_th: 0.49707625438768255,frac_lost: 0.109, li_recovered:  8.476, time: 0.0061675239994656295
L: 0.50, u_super: 0.00980, sec: 570.145, prod: 0.222274, t_ads: 19.9, t_des: 18.1, bed_util_ads: 0.500, bed_util_des: 0.499, des_th: 0.49942132725883337,frac_lost: 0.104, li_recovered:  8.445, time: 0.006983031000345363
L: 0.50, u_super: 0.00230, sec: 123.956, prod: 0.051196, t_ads: 83.7, t_des: 75.3, bed_util_ads: 0.494, bed_util_des: 0.494, des_th: 0.4938884051547765,frac_lost: 0.105, li_recovered:  8.139, time: 0.007317908999539213
L: 0.50, u_super: 0.00757, sec: 428.030, prod: 0.171522, t_ads: 25.7, t_des: 23.1, bed_util_ads: 0.499, bed_util_des: 0.499, des_th: 0.4987194579682363,frac_lost: 0.101, li_recovered:  8.372, time: 0.007816579000063939
L: 12.75, u_super: 0.00383 — INFEASIBLE (li_recovered=0.000e+00), time: 0.0026371379990450805
L: 0.50, u_super: 0.00816, sec: 466.188, prod: 0.184659, t_ads: 24.0, t_des: 21.8, bed_util_ads: 0.500, bed_util_des: 0.499, des_th: 0.49942228945799805,frac_lost: 0.107, li_recovered:  8.446, time: 0.009183600001051673
L: 0.50, u_super: 0.00639, sec: 356.600, prod: 0.144554, t_ads: 30.4, t_des: 27.5, bed_util_ads: 0.499, bed_util_des: 0.499, des_th: 0.4987209184461551,frac_lost: 0.102, li_recovered:  8.370, time: 0.00743397399855894
L: 0.50, u_super: 0.00006, sec: 6.582, prod: 0.000591, t_ads: 1961.3, t_des: 2277.9, bed_util_ads: 0.271, bed_util_des: 0.257, des_th: 0.25697905354424205,frac_lost: 0.102, li_recovered:  2.505, time: 0.0056164699999499135
L: 26.21, u_super: 0.00817 — INFEASIBLE (li_recovered=0.000e+00), time: 0.002251390998935676
   177 |     7080 |     40 |  0.0037952859 |         ideal
L: 0.50, u_super: 0.00757, sec: 428.173, prod: 0.171738, t_ads: 25.6, t_des: 23.1, bed_util_ads: 0.499, bed_util_des: 0.499, des_th: 0.499369972875358,frac_lost: 0.100, li_recovered:  8.374, time: 0.005620975998681388
L: 0.50, u_super: 0.00026 — INFEASIBLE (li_recovered=0.000e+00), time: 0.00287379399924248
L: 2.33, u_super: 0.00480 — INFEASIBLE (li_recovered=0.000e+00), time: 0.0036204589996486902
L: 0.50, u_super: 0.00781, sec: 443.513, prod: 0.177118, t_ads: 24.9, t_des: 22.4, bed_util_ads: 0.499, bed_util_des: 0.499, des_th: 0.49871930065524506,frac_lost: 0.102, li_recovered:  8.383, time: 0.006420473999241949
L: 0.50, u_super: 0.00027 — INFEASIBLE (li_recovered=0.000e+00), time: 0.0038493440006277524
L: 0.50, u_super: 0.00107, sec: 58.160, prod: 0.023048, t_ads: 177.8, t_des: 163.6, bed_util_ads: 0.483, bed_util_des: 0.482, des_th: 0.4822255699588469,frac_lost: 0.108, li_recovered:  7.867, time: 0.008486570999593823
L: 0.50, u_super: 0.00300, sec: 165.991, prod: 0.065580, t_ads: 64.9, t_des: 65.4, bed_util_ads: 0.482, bed_util_des: 0.482, des_th: 0.4816128875670858,frac_lost: 0.109, li_recovered:  8.542, time: 0.00835875099983241
L: 0.99, u_super: 0.00796, sec: 909.115, prod: 0.178727, t_ads: 48.6, t_des: 43.4, bed_util_ads: 0.499, bed_util_des: 0.499, des_th: 0.49887044319388696,frac_lost: 0.106, li_recovered:  16.445, time: 0.008019421000426519
L: 8.39, u_super: 0.00367 — INFEASIBLE (li_recovered=0.000e+00), time: 0.0032487379994563526
L: 0.50, u_super: 0.00053, sec: 30.241, prod: 0.010897, t_ads: 342.2, t_des: 334.7, bed_util_ads: 0.460, bed_util_des: 0.458, des_th: 0.4578864761227556,frac_lost: 0.103, li_recovered:  7.376, time: 0.00739752600020438
L: 0.50, u_super: 0.00556, sec: 306.746, prod: 0.125690, t_ads: 34.8, t_des: 31.6, bed_util_ads: 0.498, bed_util_des: 0.498, des_th: 0.49821787257868794,frac_lost: 0.100, li_recovered:  8.358, time: 0.008177063999028178
L: 5.53, u_super: 0.00709 — INFEASIBLE (li_recovered=0.000e+00), time: 0.004091044998858706
L: 0.50, u_super: 0.00439, sec: 240.365, prod: 0.098575, t_ads: 44.2, t_des: 39.1, bed_util_ads: 0.500, bed_util_des: 0.500, des_th: 0.4999064492929753,frac_lost: 0.104, li_recovered:  8.210, time: 0.006484316998466966
L: 0.50, u_super: 0.00317, sec: 171.444, prod: 0.070823, t_ads: 61.5, t_des: 56.2, bed_util_ads: 0.495, bed_util_des: 0.494, des_th: 0.49414000635546007,frac_lost: 0.109, li_recovered:  8.330, time: 0.004693120999945677
L: 0.50, u_super: 0.00546, sec: 301.509, prod: 0.123322, t_ads: 35.5, t_des: 31.8, bed_util_ads: 0.499, bed_util_des: 0.499, des_th: 0.49885009913785094,frac_lost: 0.101, li_recovered:  8.300, time: 0.004240768001182005
L: 0.50, u_super: 0.00888, sec: 511.877, prod: 0.200844, t_ads: 22.1, t_des: 20.2, bed_util_ads: 0.499, bed_util_des: 0.499, des_th: 0.49872180708737573,frac_lost: 0.108, li_recovered:  8.488, time: 0.00669476199982455
L: 0.50, u_super: 0.00579, sec: 320.638, prod: 0.130879, t_ads: 33.5, t_des: 30.8, bed_util_ads: 0.497, bed_util_des: 0.497, des_th: 0.49708739554474707,frac_lost: 0.102, li_recovered:  8.415, time: 0.005509960999916075
L: 0.50, u_super: 0.00920, sec: 531.729, prod: 0.208502, t_ads: 21.2, t_des: 19.3, bed_util_ads: 0.499, bed_util_des: 0.499, des_th: 0.498714326723595,frac_lost: 0.105, li_recovered:  8.444, time: 0.0060181699991517235
L: 0.50, u_super: 0.00424, sec: 422.020, prod: 0.052185, t_ads: 46.1, t_des: 120.7, bed_util_ads: 0.366, bed_util_des: 0.364, des_th: 0.36373275878851313,frac_lost: 0.104, li_recovered:  8.703, time: 0.009570530999553739
L: 0.50, u_super: 0.00751, sec: 424.251, prod: 0.170223, t_ads: 25.9, t_des: 23.4, bed_util_ads: 0.499, bed_util_des: 0.499, des_th: 0.4987194579682363,frac_lost: 0.101, li_recovered:  8.384, time: 0.006048843999451492
L: 0.50, u_super: 0.00990, sec: 576.666, prod: 0.224558, t_ads: 19.7, t_des: 17.7, bed_util_ads: 0.500, bed_util_des: 0.500, des_th: 0.49986314741142585,frac_lost: 0.104, li_recovered:  8.406, time: 0.006549800998982391
L: 0.50, u_super: 0.00737, sec: 415.905, prod: 0.167156, t_ads: 26.3, t_des: 23.9, bed_util_ads: 0.498, bed_util_des: 0.498, des_th: 0.49826936115049525,frac_lost: 0.101, li_recovered:  8.391, time: 0.004961634000210324
L: 0.50, u_super: 0.00275, sec: 149.067, prod: 0.061002, t_ads: 70.1, t_des: 60.9, bed_util_ads: 0.500, bed_util_des: 0.499, des_th: 0.49936221723615165,frac_lost: 0.102, li_recovered:  7.987, time: 0.004560239998681936
L: 0.50, u_super: 0.00416, sec: 226.685, prod: 0.093498, t_ads: 46.8, t_des: 42.7, bed_util_ads: 0.496, bed_util_des: 0.496, des_th: 0.49623526309999005,frac_lost: 0.106, li_recovered:  8.367, time: 0.005822602999614901
L: 0.50, u_super: 0.00082 — INFEASIBLE (li_recovered=0.000e+00), time: 0.0024834810010361252
L: 57.58, u_super: 0.00869 — INFEASIBLE (li_recovered=0.000e+00), time: 0.001020125000650296
L: 10.10, u_super: 0.00480 — INFEASIBLE (li_recovered=0.000e+00), time: 0.0014814759997534566
L: 0.50, u_super: 0.00328, sec: 183.710, prod: 0.070776, t_ads: 59.4, t_des: 61.8, bed_util_ads: 0.478, bed_util_des: 0.478, des_th: 0.4775988821234054,frac_lost: 0.107, li_recovered:  8.577, time: 0.005256742000710801
L: 0.50, u_super: 0.00744, sec: 421.491, prod: 0.168209, t_ads: 26.3, t_des: 23.9, bed_util_ads: 0.499, bed_util_des: 0.499, des_th: 0.4987194679919192,frac_lost: 0.107, li_recovered:  8.437, time: 0.004791065000972594
L: 0.50, u_super: 0.00044, sec: 58.235, prod: 0.003891, t_ads: 441.5, t_des: 1742.3, bed_util_ads: 0.289, bed_util_des: 0.257, des_th: 0.25697905354424205,frac_lost: 0.105, li_recovered:  8.497, time: 0.012293593001231784
L: 0.50, u_super: 0.00281, sec: 151.873, prod: 0.062533, t_ads: 68.6, t_des: 60.3, bed_util_ads: 0.499, bed_util_des: 0.499, des_th: 0.4991167121612153,frac_lost: 0.103, li_recovered:  8.065, time: 0.005269817000225885
L: 6.65, u_super: 0.00952 — INFEASIBLE (li_recovered=0.000e+00), time: 0.0041091799994319445
L: 40.50, u_super: 0.00089 — INFEASIBLE (li_recovered=0.000e+00), time: 0.001026365998768597
L: 0.50, u_super: 0.00862, sec: 495.071, prod: 0.195312, t_ads: 22.7, t_des: 20.5, bed_util_ads: 0.499, bed_util_des: 0.499, des_th: 0.499363916109693,frac_lost: 0.106, li_recovered:  8.433, time: 0.00529419600024994
L: 0.50, u_super: 0.00887, sec: 510.296, prod: 0.200899, t_ads: 22.0, t_des: 20.0, bed_util_ads: 0.500, bed_util_des: 0.499, des_th: 0.4995056801058117,frac_lost: 0.105, li_recovered:  8.449, time: 0.004584861000694218
L: 0.50, u_super: 0.00064, sec: 35.704, prod: 0.013276, t_ads: 288.8, t_des: 272.6, bed_util_ads: 0.470, bed_util_des: 0.468, des_th: 0.467989229194608,frac_lost: 0.103, li_recovered:  7.453, time: 0.0043300030010868795
L: 0.50, u_super: 0.00343, sec: 185.770, prod: 0.076702, t_ads: 56.8, t_des: 52.6, bed_util_ads: 0.494, bed_util_des: 0.494, des_th: 0.49378695287953533,frac_lost: 0.108, li_recovered:  8.390, time: 0.004147665000346024
L: 0.50, u_super: 0.00588, sec: 326.067, prod: 0.132838, t_ads: 33.0, t_des: 29.6, bed_util_ads: 0.500, bed_util_des: 0.500, des_th: 0.4999522071777441,frac_lost: 0.101, li_recovered:  8.310, time: 0.00593355899945891
L: 0.50, u_super: 0.00751, sec: 425.608, prod: 0.169680, t_ads: 26.1, t_des: 23.4, bed_util_ads: 0.500, bed_util_des: 0.500, des_th: 0.49954566691066604,frac_lost: 0.107, li_recovered:  8.396, time: 0.0037025390010967385
L: 3.37, u_super: 0.00697 — INFEASIBLE (li_recovered=0.000e+00), time: 0.0024156590006896295
   178 |     7120 |     40 |  0.0027330875 |             f
L: 0.50, u_super: 0.00139, sec: 76.011, prod: 0.030187, t_ads: 137.0, t_des: 119.0, bed_util_ads: 0.494, bed_util_des: 0.494, des_th: 0.49378695287953533,frac_lost: 0.106, li_recovered:  7.726, time: 0.004115491999982623
L: 0.50, u_super: 0.00679, sec: 380.441, prod: 0.153842, t_ads: 28.6, t_des: 25.9, bed_util_ads: 0.499, bed_util_des: 0.499, des_th: 0.49863874496420213,frac_lost: 0.101, li_recovered:  8.373, time: 0.003890504998707911
L: 0.50, u_super: 0.00977, sec: 568.638, prod: 0.221643, t_ads: 20.0, t_des: 17.9, bed_util_ads: 0.500, bed_util_des: 0.500, des_th: 0.49995452778612703,frac_lost: 0.104, li_recovered:  8.395, time: 0.0045853609990444966
L: 0.50, u_super: 0.00480, sec: 263.403, prod: 0.108253, t_ads: 40.5, t_des: 37.0, bed_util_ads: 0.497, bed_util_des: 0.497, des_th: 0.49704065763854577,frac_lost: 0.104, li_recovered:  8.386, time: 0.00417248799931258
L: 0.50, u_super: 0.00887, sec: 510.651, prod: 0.200759, t_ads: 22.1, t_des: 20.0, bed_util_ads: 0.499, bed_util_des: 0.499, des_th: 0.49869608307497065,frac_lost: 0.106, li_recovered:  8.444, time: 0.004022369999802322
L: 0.50, u_super: 0.00498, sec: 274.202, prod: 0.112120, t_ads: 39.1, t_des: 34.9, bed_util_ads: 0.500, bed_util_des: 0.500, des_th: 0.49985163232799784,frac_lost: 0.106, li_recovered:  8.297, time: 0.004066543000590173
L: 7.10, u_super: 0.00312 — INFEASIBLE (li_recovered=0.000e+00), time: 0.0014690330008306773
L: 0.50, u_super: 0.00206, sec: 111.042, prod: 0.045452, t_ads: 93.0, t_des: 81.7, bed_util_ads: 0.497, bed_util_des: 0.497, des_th: 0.49710030532271304,frac_lost: 0.101, li_recovered:  7.940, time: 0.004154735999691184
L: 0.50, u_super: 0.00039, sec: 49.364, prod: 0.003606, t_ads: 496.6, t_des: 1844.7, bed_util_ads: 0.291, bed_util_des: 0.257, des_th: 0.25697905354424205,frac_lost: 0.104, li_recovered:  8.442, time: 0.011231717000555363
L: 0.50, u_super: 0.00602, sec: 334.553, prod: 0.136013, t_ads: 32.3, t_des: 29.1, bed_util_ads: 0.499, bed_util_des: 0.499, des_th: 0.49901359100769593,frac_lost: 0.103, li_recovered:  8.356, time: 0.004483622999032377
L: 0.50, u_super: 0.00311, sec: 179.365, prod: 0.065183, t_ads: 62.6, t_des: 69.2, bed_util_ads: 0.470, bed_util_des: 0.469, des_th: 0.4693349798793546,frac_lost: 0.107, li_recovered:  8.586, time: 0.0053994509999029106
L: 2.42, u_super: 0.00202 — INFEASIBLE (li_recovered=0.000e+00), time: 0.0022951270002522506
L: 0.50, u_super: 0.00476, sec: 261.164, prod: 0.107179, t_ads: 40.8, t_des: 36.4, bed_util_ads: 0.500, bed_util_des: 0.499, des_th: 0.499485288814702,frac_lost: 0.104, li_recovered:  8.279, time: 0.004909564000627142
L: 0.50, u_super: 0.00343, sec: 196.342, prod: 0.072572, t_ads: 56.7, t_des: 61.7, bed_util_ads: 0.473, bed_util_des: 0.472, des_th: 0.4717417233205692,frac_lost: 0.106, li_recovered:  8.598, time: 0.00627545099996496
L: 0.50, u_super: 0.00973, sec: 571.470, prod: 0.218363, t_ads: 20.0, t_des: 19.5, bed_util_ads: 0.491, bed_util_des: 0.490, des_th: 0.49045704076760444,frac_lost: 0.103, li_recovered:  8.639, time: 0.005421832000138238
L: 0.50, u_super: 0.00117, sec: 65.480, prod: 0.024703, t_ads: 161.8, t_des: 134.3, bed_util_ads: 0.497, bed_util_des: 0.497, des_th: 0.49710030532271304,frac_lost: 0.106, li_recovered:  7.313, time: 0.004811849999896367
L: 0.50, u_super: 0.00230, sec: 124.743, prod: 0.050820, t_ads: 83.8, t_des: 72.7, bed_util_ads: 0.499, bed_util_des: 0.499, des_th: 0.4990961977170937,frac_lost: 0.106, li_recovered:  7.955, time: 0.004932895000820281
L: 0.50, u_super: 0.00237, sec: 128.342, prod: 0.052302, t_ads: 81.4, t_des: 70.6, bed_util_ads: 0.499, bed_util_des: 0.499, des_th: 0.49883766661911766,frac_lost: 0.105, li_recovered:  7.953, time: 0.004820296999241691
L: 0.50, u_super: 0.00990, sec: 576.398, prod: 0.224659, t_ads: 19.7, t_des: 17.9, bed_util_ads: 0.500, bed_util_des: 0.499, des_th: 0.49942132725883337,frac_lost: 0.104, li_recovered:  8.446, time: 0.0074010589996760245
L: 0.50, u_super: 0.00282, sec: 235.248, prod: 0.040793, t_ads: 68.7, t_des: 143.0, bed_util_ads: 0.391, bed_util_des: 0.388, des_th: 0.3881103170108652,frac_lost: 0.102, li_recovered:  8.639, time: 0.010005744999944
L: 14.33, u_super: 0.00894 — INFEASIBLE (li_recovered=0.000e+00), time: 0.003611844000261044
L: 0.50, u_super: 0.00241, sec: 130.775, prod: 0.053371, t_ads: 79.9, t_des: 78.0, bed_util_ads: 0.485, bed_util_des: 0.484, des_th: 0.4842118493763444,frac_lost: 0.104, li_recovered:  8.424, time: 0.005152501998963999
L: 0.50, u_super: 0.00949, sec: 549.889, prod: 0.215346, t_ads: 20.5, t_des: 18.7, bed_util_ads: 0.500, bed_util_des: 0.500, des_th: 0.4996367267088552,frac_lost: 0.103, li_recovered:  8.445, time: 0.006657882999206777
L: 13.08, u_super: 0.00639 — INFEASIBLE (li_recovered=0.000e+00), time: 0.0020642420004151063
L: 0.50, u_super: 0.00990, sec: 577.193, prod: 0.224349, t_ads: 19.8, t_des: 17.9, bed_util_ads: 0.499, bed_util_des: 0.499, des_th: 0.4987784198859346,frac_lost: 0.106, li_recovered:  8.454, time: 0.004609809999237768
L: 0.50, u_super: 0.00169, sec: 92.315, prod: 0.036757, t_ads: 113.0, t_des: 96.5, bed_util_ads: 0.499, bed_util_des: 0.499, des_th: 0.49883766661911766,frac_lost: 0.104, li_recovered:  7.701, time: 0.003971593998358003
L: 0.50, u_super: 0.00513, sec: 282.715, prod: 0.115762, t_ads: 37.8, t_des: 33.8, bed_util_ads: 0.500, bed_util_des: 0.500, des_th: 0.4995728191256182,frac_lost: 0.103, li_recovered:  8.296, time: 0.005090624999866122
L: 21.01, u_super: 0.00109 — INFEASIBLE (li_recovered=0.000e+00), time: 0.001384572999086231
L: 0.50, u_super: 0.00124, sec: 70.455, prod: 0.025902, t_ads: 153.5, t_des: 166.7, bed_util_ads: 0.465, bed_util_des: 0.463, des_th: 0.4626142048939332,frac_lost: 0.106, li_recovered:  8.294, time: 0.005486890999236493
L: 0.50, u_super: 0.00107 — INFEASIBLE (li_recovered=0.000e+00), time: 0.003074652000577771
L: 0.50, u_super: 0.00768, sec: 436.216, prod: 0.173582, t_ads: 25.5, t_des: 23.1, bed_util_ads: 0.500, bed_util_des: 0.500, des_th: 0.4997018278625352,frac_lost: 0.108, li_recovered:  8.439, time: 0.006345334000798175
L: 0.50, u_super: 0.00616, sec: 343.285, prod: 0.139331, t_ads: 31.6, t_des: 28.8, bed_util_ads: 0.497, bed_util_des: 0.497, des_th: 0.4971092441607686,frac_lost: 0.104, li_recovered:  8.412, time: 0.005328728000677074
L: 33.95, u_super: 0.00600 — INFEASIBLE (li_recovered=0.000e+00), time: 0.0020406879993970506
L: 41.39, u_super: 0.00843 — INFEASIBLE (li_recovered=0.000e+00), time: 0.001440508000086993
L: 0.50, u_super: 0.00527, sec: 2419.969, prod: 0.014307, t_ads: 37.1, t_des: 576.6, bed_util_ads: 0.193, bed_util_des: 0.188, des_th: 0.18769491339423539,frac_lost: 0.102, li_recovered:  8.780, time: 0.03966120199947909
L: 0.50, u_super: 0.00702, sec: 395.189, prod: 0.158896, t_ads: 27.7, t_des: 25.9, bed_util_ads: 0.494, bed_util_des: 0.494, des_th: 0.4938884051547765,frac_lost: 0.101, li_recovered:  8.507, time: 0.005327963999661733
L: 0.50, u_super: 0.00141, sec: 77.182, prod: 0.030375, t_ads: 135.5, t_des: 116.0, bed_util_ads: 0.496, bed_util_des: 0.496, des_th: 0.4961291453032293,frac_lost: 0.107, li_recovered:  7.640, time: 0.0059018339998146985
L: 0.50, u_super: 0.00170, sec: 91.769, prod: 0.037330, t_ads: 112.3, t_des: 109.8, bed_util_ads: 0.482, bed_util_des: 0.481, des_th: 0.4812247951188494,frac_lost: 0.101, li_recovered:  8.292, time: 0.007318287000089185
L: 10.36, u_super: 0.00422 — INFEASIBLE (li_recovered=0.000e+00), time: 0.002458395001667668
L: 0.50, u_super: 0.00973, sec: 565.138, prod: 0.220831, t_ads: 20.0, t_des: 18.2, bed_util_ads: 0.499, bed_util_des: 0.499, des_th: 0.4986754064406601,frac_lost: 0.103, li_recovered:  8.451, time: 0.006269572000746848
   179 |     7160 |     40 |  0.0015894713 |             f
L: 0.50, u_super: 0.00369, sec: 200.756, prod: 0.082733, t_ads: 52.7, t_des: 47.1, bed_util_ads: 0.498, bed_util_des: 0.498, des_th: 0.49794009271371686,frac_lost: 0.107, li_recovered:  8.261, time: 0.006330455998977413
L: 0.50, u_super: 0.00280, sec: 150.622, prod: 0.062505, t_ads: 69.1, t_des: 62.8, bed_util_ads: 0.494, bed_util_des: 0.494, des_th: 0.49378695287953533,frac_lost: 0.104, li_recovered:  8.242, time: 0.006951160999960848
L: 0.50, u_super: 0.00082, sec: 45.838, prod: 0.017291, t_ads: 225.5, t_des: 199.3, bed_util_ads: 0.484, bed_util_des: 0.483, des_th: 0.482989139307397,frac_lost: 0.101, li_recovered:  7.345, time: 0.005404472000009264
L: 4.16, u_super: 0.00258 — INFEASIBLE (li_recovered=0.000e+00), time: 0.004861548000917537
L: 0.50, u_super: 0.00580, sec: 321.374, prod: 0.131025, t_ads: 33.5, t_des: 30.0, bed_util_ads: 0.500, bed_util_des: 0.500, des_th: 0.4995313640225182,frac_lost: 0.101, li_recovered:  8.313, time: 0.004846538999117911
L: 42.03, u_super: 0.00005 — INFEASIBLE (li_recovered=0.000e+00), time: 0.0015832150002097478
L: 0.50, u_super: 0.00170, sec: 92.780, prod: 0.036923, t_ads: 112.5, t_des: 96.1, bed_util_ads: 0.498, bed_util_des: 0.498, des_th: 0.4975566606059315,frac_lost: 0.104, li_recovered:  7.702, time: 0.008147212000039872
L: 4.38, u_super: 0.00663 — INFEASIBLE (li_recovered=0.000e+00), time: 0.0034396520004520426
L: 0.50, u_super: 0.00698, sec: 393.263, prod: 0.157697, t_ads: 28.0, t_des: 25.4, bed_util_ads: 0.499, bed_util_des: 0.499, des_th: 0.498714326723595,frac_lost: 0.107, li_recovered:  8.429, time: 0.006967872001041542
L: 0.50, u_super: 0.00317, sec: 171.126, prod: 0.071108, t_ads: 60.8, t_des: 54.8, bed_util_ads: 0.496, bed_util_des: 0.496, des_th: 0.4958943023619316,frac_lost: 0.101, li_recovered:  8.219, time: 0.0077927869988343446
L: 0.50, u_super: 0.00281, sec: 152.002, prod: 0.062480, t_ads: 68.8, t_des: 60.3, bed_util_ads: 0.499, bed_util_des: 0.499, des_th: 0.4992267217186133,frac_lost: 0.104, li_recovered:  8.062, time: 0.005696247000742005
L: 0.50, u_super: 0.00191, sec: 105.578, prod: 0.040876, t_ads: 100.4, t_des: 105.8, bed_util_ads: 0.473, bed_util_des: 0.472, des_th: 0.47188009550449966,frac_lost: 0.100, li_recovered:  8.430, time: 0.007397907000267878
L: 0.50, u_super: 0.00627, sec: 357.878, prod: 0.138745, t_ads: 31.0, t_des: 31.3, bed_util_ads: 0.484, bed_util_des: 0.484, des_th: 0.48416590183016317,frac_lost: 0.102, li_recovered:  8.642, time: 0.007202987999335164
L: 3.68, u_super: 0.00416 — INFEASIBLE (li_recovered=0.000e+00), time: 0.004074424999998882
L: 0.50, u_super: 0.00391, sec: 212.512, prod: 0.087721, t_ads: 49.8, t_des: 44.9, bed_util_ads: 0.497, bed_util_des: 0.497, des_th: 0.4966207229428092,frac_lost: 0.106, li_recovered:  8.309, time: 0.007399222000458394
L: 0.74, u_super: 0.00781, sec: 660.512, prod: 0.176442, t_ads: 36.8, t_des: 33.0, bed_util_ads: 0.499, bed_util_des: 0.499, des_th: 0.4987293074524194,frac_lost: 0.101, li_recovered:  12.323, time: 0.008484256999508943
L: 6.16, u_super: 0.00679 — INFEASIBLE (li_recovered=0.000e+00), time: 0.005715078999855905
L: 0.50, u_super: 0.00566, sec: 326.363, prod: 0.122820, t_ads: 34.2, t_des: 36.2, bed_util_ads: 0.478, bed_util_des: 0.478, des_th: 0.4777772724849557,frac_lost: 0.100, li_recovered:  8.653, time: 0.00796116399942548
L: 0.50, u_super: 0.00336, sec: 182.313, prod: 0.074915, t_ads: 58.0, t_des: 51.2, bed_util_ads: 0.499, bed_util_des: 0.499, des_th: 0.4991167121612153,frac_lost: 0.108, li_recovered:  8.182, time: 0.006063991000701208
L: 0.50, u_super: 0.00416, sec: 226.542, prod: 0.093557, t_ads: 46.7, t_des: 42.3, bed_util_ads: 0.496, bed_util_des: 0.496, des_th: 0.49623526309999005,frac_lost: 0.104, li_recovered:  8.326, time: 0.006619779998800368
L: 29.26, u_super: 0.00737 — INFEASIBLE (li_recovered=0.000e+00), time: 0.0017260149998037377
L: 0.50, u_super: 0.00796, sec: 454.234, prod: 0.179923, t_ads: 24.6, t_des: 22.3, bed_util_ads: 0.499, bed_util_des: 0.499, des_th: 0.49885009913785094,frac_lost: 0.109, li_recovered:  8.446, time: 0.006441945999540621
L: 0.50, u_super: 0.00887, sec: 510.958, prod: 0.200638, t_ads: 22.1, t_des: 19.8, bed_util_ads: 0.500, bed_util_des: 0.500, des_th: 0.49981577534086447,frac_lost: 0.107, li_recovered:  8.402, time: 0.006833007000750513
L: 9.63, u_super: 0.00391 — INFEASIBLE (li_recovered=0.000e+00), time: 0.0017106499999499647
L: 0.50, u_super: 0.00071, sec: 59.467, prod: 0.009771, t_ads: 270.9, t_des: 579.5, bed_util_ads: 0.370, bed_util_des: 0.356, des_th: 0.35665421953741633,frac_lost: 0.103, li_recovered:  8.310, time: 0.010476707999259816
L: 0.50, u_super: 0.00616, sec: 343.285, prod: 0.139331, t_ads: 31.6, t_des: 28.8, bed_util_ads: 0.497, bed_util_des: 0.497, des_th: 0.4971092441607686,frac_lost: 0.104, li_recovered:  8.412, time: 0.008059737998337368
L: 12.55, u_super: 0.00206 — INFEASIBLE (li_recovered=0.000e+00), time: 0.0013655109996761894
L: 0.50, u_super: 0.00614, sec: 341.876, prod: 0.138646, t_ads: 31.7, t_des: 28.3, bed_util_ads: 0.500, bed_util_des: 0.500, des_th: 0.4995313640225182,frac_lost: 0.103, li_recovered:  8.311, time: 0.005475698999362066
L: 0.72, u_super: 0.00672, sec: 546.598, prod: 0.151121, t_ads: 41.8, t_des: 37.3, bed_util_ads: 0.499, bed_util_des: 0.499, des_th: 0.49871930065524506,frac_lost: 0.105, li_recovered:  11.951, time: 0.00662615100009134
L: 0.50, u_super: 0.00616, sec: 343.247, prod: 0.139347, t_ads: 31.5, t_des: 28.2, bed_util_ads: 0.499, bed_util_des: 0.499, des_th: 0.49910869469750146,frac_lost: 0.102, li_recovered:  8.321, time: 0.004019760999653954
L: 0.50, u_super: 0.00887, sec: 510.754, prod: 0.200718, t_ads: 22.1, t_des: 20.0, bed_util_ads: 0.500, bed_util_des: 0.500, des_th: 0.49982701037474336,frac_lost: 0.107, li_recovered:  8.447, time: 0.006472512999607716
L: 0.50, u_super: 0.00379, sec: 206.208, prod: 0.085190, t_ads: 51.2, t_des: 46.4, bed_util_ads: 0.497, bed_util_des: 0.497, des_th: 0.49700923684879583,frac_lost: 0.106, li_recovered:  8.316, time: 0.004680930998802069
L: 0.50, u_super: 0.00444, sec: 243.324, prod: 0.099904, t_ads: 43.8, t_des: 39.1, bed_util_ads: 0.500, bed_util_des: 0.500, des_th: 0.4998534134608319,frac_lost: 0.106, li_recovered:  8.280, time: 0.007621780001500156
L: 34.48, u_super: 0.00522 — INFEASIBLE (li_recovered=0.000e+00), time: 0.0012962270011485089
L: 0.50, u_super: 0.00498, sec: 273.730, prod: 0.112311, t_ads: 39.0, t_des: 35.2, bed_util_ads: 0.499, bed_util_des: 0.499, des_th: 0.4987193556811839,frac_lost: 0.104, li_recovered:  8.342, time: 0.006811164001192083
L: 0.50, u_super: 0.00990, sec: 576.950, prod: 0.224452, t_ads: 19.7, t_des: 17.9, bed_util_ads: 0.500, bed_util_des: 0.499, des_th: 0.49942132725883337,frac_lost: 0.105, li_recovered:  8.446, time: 0.0070726070007367525
L: 0.50, u_super: 0.00522, sec: 287.577, prod: 0.117908, t_ads: 37.2, t_des: 33.7, bed_util_ads: 0.497, bed_util_des: 0.497, des_th: 0.49710030532271304,frac_lost: 0.103, li_recovered:  8.356, time: 0.005460729000333231
L: 17.10, u_super: 0.00349 — INFEASIBLE (li_recovered=0.000e+00), time: 0.001611482999578584
L: 0.50, u_super: 0.00382, sec: 207.747, prod: 0.085803, t_ads: 50.9, t_des: 46.1, bed_util_ads: 0.497, bed_util_des: 0.497, des_th: 0.496977745960106,frac_lost: 0.106, li_recovered:  8.325, time: 0.006414116998712416
L: 0.50, u_super: 0.00276, sec: 148.409, prod: 0.061704, t_ads: 69.9, t_des: 63.8, bed_util_ads: 0.494, bed_util_des: 0.494, des_th: 0.4939543908900481,frac_lost: 0.102, li_recovered:  8.247, time: 0.006133650000265334
   180 |     7200 |     40 |  0.0022630524 |             f
L: 0.50, u_super: 0.00843, sec: 483.139, prod: 0.190765, t_ads: 23.2, t_des: 21.0, bed_util_ads: 0.499, bed_util_des: 0.499, des_th: 0.49873321541658455,frac_lost: 0.107, li_recovered:  8.443, time: 0.005454571999507607
L: 0.50, u_super: 0.00948, sec: 549.225, prod: 0.214898, t_ads: 20.6, t_des: 18.7, bed_util_ads: 0.500, bed_util_des: 0.500, des_th: 0.4997485713785146,frac_lost: 0.104, li_recovered:  8.449, time: 0.007213380000393954
L: 0.50, u_super: 0.00137, sec: 74.726, prod: 0.029582, t_ads: 139.6, t_des: 121.0, bed_util_ads: 0.494, bed_util_des: 0.494, des_th: 0.49368927147511,frac_lost: 0.107, li_recovered:  7.711, time: 0.005239944999630097
L: 27.46, u_super: 0.00445 — INFEASIBLE (li_recovered=0.000e+00), time: 0.0027681459996529156
L: 0.50, u_super: 0.00726, sec: 409.112, prod: 0.164676, t_ads: 26.7, t_des: 24.2, bed_util_ads: 0.498, bed_util_des: 0.498, des_th: 0.49826936115049525,frac_lost: 0.100, li_recovered:  8.385, time: 0.005875302000276861
L: 0.50, u_super: 0.00504, sec: 276.957, prod: 0.113628, t_ads: 38.6, t_des: 34.8, bed_util_ads: 0.499, bed_util_des: 0.499, des_th: 0.4987209184461551,frac_lost: 0.103, li_recovered:  8.337, time: 0.004681423999500112
L: 30.87, u_super: 0.00980 — INFEASIBLE (li_recovered=0.000e+00), time: 0.0014809889999014558
L: 14.52, u_super: 0.00074 — INFEASIBLE (li_recovered=0.000e+00), time: 0.0015017959995020647
L: 0.50, u_super: 0.00380, sec: 291.115, prod: 0.060512, t_ads: 51.5, t_des: 91.8, bed_util_ads: 0.412, bed_util_des: 0.410, des_th: 0.4098174511187928,frac_lost: 0.107, li_recovered:  8.668, time: 0.0069983129997126525
L: 0.50, u_super: 0.00973, sec: 565.625, prod: 0.220641, t_ads: 20.1, t_des: 18.3, bed_util_ads: 0.499, bed_util_des: 0.499, des_th: 0.4986754064406601,frac_lost: 0.105, li_recovered:  8.459, time: 0.005578008000156842
L: 0.50, u_super: 0.00948, sec: 549.456, prod: 0.214807, t_ads: 20.6, t_des: 18.5, bed_util_ads: 0.500, bed_util_des: 0.500, des_th: 0.4996149796821338,frac_lost: 0.105, li_recovered:  8.407, time: 0.006314250000286847
L: 0.50, u_super: 0.00990, sec: 2544.477, prod: 0.050893, t_ads: 19.8, t_des: 152.5, bed_util_ads: 0.255, bed_util_des: 0.252, des_th: 0.2523829960237041,frac_lost: 0.105, li_recovered:  8.770, time: 0.023009866999927908
L: 0.50, u_super: 0.00476, sec: 261.285, prod: 0.107129, t_ads: 40.9, t_des: 36.5, bed_util_ads: 0.500, bed_util_des: 0.500, des_th: 0.49985483329424174,frac_lost: 0.105, li_recovered:  8.291, time: 0.010512268001548364
L: 0.50, u_super: 0.00524, sec: 294.635, prod: 0.116056, t_ads: 37.0, t_des: 37.2, bed_util_ads: 0.485, bed_util_des: 0.485, des_th: 0.48509058504014,frac_lost: 0.102, li_recovered:  8.616, time: 0.006404290001228219
L: 0.50, u_super: 0.00833, sec: 647.068, prod: 0.138884, t_ads: 23.4, t_des: 39.4, bed_util_ads: 0.422, bed_util_des: 0.421, des_th: 0.4208625705604336,frac_lost: 0.103, li_recovered:  8.721, time: 0.008154929999363958
L: 0.50, u_super: 0.00522, sec: 287.704, prod: 0.117855, t_ads: 37.1, t_des: 33.3, bed_util_ads: 0.499, bed_util_des: 0.499, des_th: 0.49933651327683637,frac_lost: 0.102, li_recovered:  8.303, time: 0.006553338000230724
L: 0.50, u_super: 0.00016 — INFEASIBLE (li_recovered=0.000e+00), time: 0.002813384000546648
L: 0.50, u_super: 0.00712, sec: 449.420, prod: 0.143651, t_ads: 27.5, t_des: 33.0, bed_util_ads: 0.463, bed_util_des: 0.462, des_th: 0.4623561134244788,frac_lost: 0.107, li_recovered:  8.700, time: 0.009351241000331356
L: 0.50, u_super: 0.00416, sec: 226.735, prod: 0.093478, t_ads: 46.8, t_des: 43.2, bed_util_ads: 0.495, bed_util_des: 0.495, des_th: 0.4950627378101644,frac_lost: 0.105, li_recovered:  8.409, time: 0.004802326000572066
L: 0.72, u_super: 0.00139 — INFEASIBLE (li_recovered=0.000e+00), time: 0.0028716399992845254
L: 0.50, u_super: 0.00990, sec: 576.736, prod: 0.224531, t_ads: 19.7, t_des: 17.9, bed_util_ads: 0.500, bed_util_des: 0.500, des_th: 0.49964958059754994,frac_lost: 0.105, li_recovered:  8.448, time: 0.007008615999438916
L: 0.50, u_super: 0.00476, sec: 260.918, prod: 0.107280, t_ads: 40.8, t_des: 36.9, bed_util_ads: 0.499, bed_util_des: 0.498, des_th: 0.49832670231619225,frac_lost: 0.104, li_recovered:  8.343, time: 0.005617519000225002
L: 0.50, u_super: 0.00107, sec: 58.097, prod: 0.023073, t_ads: 177.6, t_des: 167.1, bed_util_ads: 0.481, bed_util_des: 0.480, des_th: 0.47972338440287565,frac_lost: 0.107, li_recovered:  7.953, time: 0.008304588000100921
L: 0.50, u_super: 0.00533, sec: 293.810, prod: 0.120483, t_ads: 36.4, t_des: 33.0, bed_util_ads: 0.497, bed_util_des: 0.497, des_th: 0.49710030532271304,frac_lost: 0.101, li_recovered:  8.351, time: 0.007134632000088459
L: 0.50, u_super: 0.00575, sec: 323.122, prod: 0.128016, t_ads: 33.7, t_des: 33.5, bed_util_ads: 0.486, bed_util_des: 0.486, des_th: 0.48572492713069315,frac_lost: 0.101, li_recovered:  8.610, time: 0.007525827999415924
L: 0.50, u_super: 0.00017, sec: 12.298, prod: 0.002573, t_ads: 878.7, t_des: 979.5, bed_util_ads: 0.379, bed_util_des: 0.374, des_th: 0.374221168333264,frac_lost: 0.101, li_recovered:  4.782, time: 0.0056758560003800085
L: 0.50, u_super: 0.00678, sec: 380.692, prod: 0.153227, t_ads: 28.8, t_des: 26.1, bed_util_ads: 0.499, bed_util_des: 0.498, des_th: 0.4983875067546551,frac_lost: 0.106, li_recovered:  8.420, time: 0.00811333499950706
L: 66.55, u_super: 0.00330 — INFEASIBLE (li_recovered=0.000e+00), time: 0.0012507450010161847
L: 0.50, u_super: 0.00141, sec: 77.156, prod: 0.030386, t_ads: 135.6, t_des: 116.1, bed_util_ads: 0.497, bed_util_des: 0.496, des_th: 0.4962799029052172,frac_lost: 0.107, li_recovered:  7.649, time: 0.005401956999776303
L: 0.50, u_super: 0.00082, sec: 45.618, prod: 0.017374, t_ads: 225.4, t_des: 202.3, bed_util_ads: 0.482, bed_util_des: 0.481, des_th: 0.4812247951188494,frac_lost: 0.100, li_recovered:  7.430, time: 0.006058630999177694
L: 0.50, u_super: 0.00006 — INFEASIBLE (li_recovered=0.000e+00), time: 0.0016677170006005326
L: 45.80, u_super: 0.00579 — INFEASIBLE (li_recovered=0.000e+00), time: 0.002075640000839485
L: 0.50, u_super: 0.00293, sec: 158.447, prod: 0.065151, t_ads: 66.1, t_des: 57.9, bed_util_ads: 0.499, bed_util_des: 0.499, des_th: 0.49872088156617783,frac_lost: 0.104, li_recovered:  8.079, time: 0.007082198000716744
L: 0.50, u_super: 0.00887, sec: 562.067, prod: 0.182394, t_ads: 22.0, t_des: 25.8, bed_util_ads: 0.466, bed_util_des: 0.466, des_th: 0.4660614382089503,frac_lost: 0.102, li_recovered:  8.708, time: 0.009771745000762166
L: 40.75, u_super: 0.00801 — INFEASIBLE (li_recovered=0.000e+00), time: 0.0023292959995160345
L: 35.24, u_super: 0.00948 — INFEASIBLE (li_recovered=0.000e+00), time: 0.002206809000199428
L: 0.50, u_super: 0.00035 — INFEASIBLE (li_recovered=0.000e+00), time: 0.0037244169998302823
L: 0.50, u_super: 0.00917, sec: 529.467, prod: 0.207810, t_ads: 21.3, t_des: 19.3, bed_util_ads: 0.500, bed_util_des: 0.499, des_th: 0.4994927297986206,frac_lost: 0.105, li_recovered:  8.446, time: 0.01432693099923199
L: 0.50, u_super: 0.00580, sec: 321.404, prod: 0.131013, t_ads: 33.5, t_des: 30.0, bed_util_ads: 0.500, bed_util_des: 0.500, des_th: 0.4997659633299839,frac_lost: 0.102, li_recovered:  8.316, time: 0.007654659000763786
L: 0.50, u_super: 0.00230, sec: 125.295, prod: 0.050649, t_ads: 83.9, t_des: 82.7, bed_util_ads: 0.483, bed_util_des: 0.482, des_th: 0.48173841373315096,frac_lost: 0.106, li_recovered:  8.435, time: 0.00992832600059046
   181 |     7240 |     40 |  0.0031735724 |             f
L: 0.50, u_super: 0.00258, sec: 139.679, prod: 0.057139, t_ads: 74.6, t_des: 73.1, bed_util_ads: 0.485, bed_util_des: 0.485, des_th: 0.48458310470808946,frac_lost: 0.102, li_recovered:  8.439, time: 0.008934729001339292
L: 0.50, u_super: 0.00476, sec: 261.177, prod: 0.107174, t_ads: 40.8, t_des: 36.5, bed_util_ads: 0.499, bed_util_des: 0.498, des_th: 0.49833948854562105,frac_lost: 0.104, li_recovered:  8.290, time: 0.0069743299991387175
L: 38.19, u_super: 0.00409 — INFEASIBLE (li_recovered=0.000e+00), time: 0.00278916100069182
L: 0.50, u_super: 0.00053 — INFEASIBLE (li_recovered=0.000e+00), time: 0.0048431190007249825
L: 0.50, u_super: 0.00598, sec: 332.319, prod: 0.134960, t_ads: 32.6, t_des: 29.1, bed_util_ads: 0.500, bed_util_des: 0.500, des_th: 0.4995313640225182,frac_lost: 0.103, li_recovered:  8.324, time: 0.008095533999949112
L: 21.05, u_super: 0.00793 — INFEASIBLE (li_recovered=0.000e+00), time: 0.0018989959989994531
L: 0.50, u_super: 0.00532, sec: 293.548, prod: 0.120079, t_ads: 36.5, t_des: 32.7, bed_util_ads: 0.500, bed_util_des: 0.500, des_th: 0.4996157775629691,frac_lost: 0.102, li_recovered:  8.305, time: 0.0070950260014797095
L: 0.50, u_super: 0.00368, sec: 199.872, prod: 0.082571, t_ads: 52.8, t_des: 47.8, bed_util_ads: 0.497, bed_util_des: 0.497, des_th: 0.496977745960106,frac_lost: 0.107, li_recovered:  8.312, time: 0.005583996000495972
L: 0.50, u_super: 0.00679, sec: 380.479, prod: 0.153826, t_ads: 28.6, t_des: 25.9, bed_util_ads: 0.499, bed_util_des: 0.499, des_th: 0.49874710107434816,frac_lost: 0.101, li_recovered:  8.378, time: 0.0059535140007938026
L: 0.50, u_super: 0.00339, sec: 183.965, prod: 0.075939, t_ads: 57.4, t_des: 53.0, bed_util_ads: 0.494, bed_util_des: 0.494, des_th: 0.4939057325783719,frac_lost: 0.108, li_recovered:  8.385, time: 0.006279835000896128
L: 22.32, u_super: 0.00170 — INFEASIBLE (li_recovered=0.000e+00), time: 0.0015078050000738585
L: 0.50, u_super: 0.00699, sec: 393.789, prod: 0.157753, t_ads: 28.0, t_des: 25.4, bed_util_ads: 0.499, bed_util_des: 0.499, des_th: 0.4987209184461551,frac_lost: 0.108, li_recovered:  8.432, time: 0.005045261001214385
L: 0.50, u_super: 0.00887, sec: 510.296, prod: 0.200899, t_ads: 22.0, t_des: 20.0, bed_util_ads: 0.500, bed_util_des: 0.499, des_th: 0.4995056801058117,frac_lost: 0.105, li_recovered:  8.449, time: 0.006684336000034818
L: 0.50, u_super: 0.00054 — INFEASIBLE (li_recovered=0.000e+00), time: 0.003897194999808562
L: 0.50, u_super: 0.00861, sec: 494.758, prod: 0.194995, t_ads: 22.7, t_des: 20.8, bed_util_ads: 0.498, bed_util_des: 0.498, des_th: 0.4978794717048153,frac_lost: 0.106, li_recovered:  8.485, time: 0.006162690000564908
L: 35.16, u_super: 0.00581 — INFEASIBLE (li_recovered=0.000e+00), time: 0.0014183009989210404
L: 0.50, u_super: 0.00780, sec: 442.531, prod: 0.176914, t_ads: 24.9, t_des: 22.5, bed_util_ads: 0.500, bed_util_des: 0.500, des_th: 0.49978508414579226,frac_lost: 0.101, li_recovered:  8.382, time: 0.00604244500027562
L: 0.50, u_super: 0.00533, sec: 293.949, prod: 0.120426, t_ads: 36.4, t_des: 33.4, bed_util_ads: 0.497, bed_util_des: 0.497, des_th: 0.4967285525005386,frac_lost: 0.103, li_recovered:  8.412, time: 0.007282320999365766
L: 0.50, u_super: 0.00862, sec: 495.398, prod: 0.195183, t_ads: 22.7, t_des: 20.6, bed_util_ads: 0.499, bed_util_des: 0.499, des_th: 0.49935112983693225,frac_lost: 0.107, li_recovered:  8.444, time: 0.005900640000618296
L: 0.50, u_super: 0.00020 — INFEASIBLE (li_recovered=0.000e+00), time: 0.001891280000563711
L: 0.50, u_super: 0.00142, sec: 82.300, prod: 0.028731, t_ads: 135.5, t_des: 155.9, bed_util_ads: 0.459, bed_util_des: 0.457, des_th: 0.4569271656545975,frac_lost: 0.105, li_recovered:  8.371, time: 0.008025904000533046
L: 28.48, u_super: 0.00796 — INFEASIBLE (li_recovered=0.000e+00), time: 0.0024179949996323558
L: 0.50, u_super: 0.00241, sec: 131.041, prod: 0.053051, t_ads: 80.0, t_des: 68.6, bed_util_ads: 0.500, bed_util_des: 0.500, des_th: 0.4999488918255112,frac_lost: 0.104, li_recovered:  7.881, time: 0.006812976000219351
L: 0.50, u_super: 0.00978, sec: 568.839, prod: 0.221616, t_ads: 20.0, t_des: 18.2, bed_util_ads: 0.500, bed_util_des: 0.500, des_th: 0.49953056614168284,frac_lost: 0.105, li_recovered:  8.456, time: 0.009302120999564067
L: 0.50, u_super: 0.00301, sec: 162.437, prod: 0.067526, t_ads: 64.0, t_des: 58.3, bed_util_ads: 0.494, bed_util_des: 0.494, des_th: 0.49414000635546007,frac_lost: 0.102, li_recovered:  8.258, time: 0.00819039599991811
L: 0.50, u_super: 0.00904, sec: 521.694, prod: 0.204661, t_ads: 21.7, t_des: 19.6, bed_util_ads: 0.499, bed_util_des: 0.499, des_th: 0.4993800971418985,frac_lost: 0.107, li_recovered:  8.451, time: 0.009897805999571574
L: 0.50, u_super: 0.00843, sec: 483.123, prod: 0.190772, t_ads: 23.2, t_des: 21.0, bed_util_ads: 0.499, bed_util_des: 0.499, des_th: 0.49872088156617783,frac_lost: 0.107, li_recovered:  8.436, time: 0.007224167999083875
L: 0.50, u_super: 0.00493, sec: 271.052, prod: 0.111145, t_ads: 39.5, t_des: 36.0, bed_util_ads: 0.496, bed_util_des: 0.496, des_th: 0.49623526309999005,frac_lost: 0.105, li_recovered:  8.390, time: 0.010600675001114723
L: 11.58, u_super: 0.00696 — INFEASIBLE (li_recovered=0.000e+00), time: 0.0030991700004960876
L: 0.50, u_super: 0.00990, sec: 576.678, prod: 0.224555, t_ads: 19.7, t_des: 17.9, bed_util_ads: 0.500, bed_util_des: 0.499, des_th: 0.49942132725883337,frac_lost: 0.104, li_recovered:  8.447, time: 0.006804798998928163
L: 0.50, u_super: 0.00320, sec: 174.628, prod: 0.071078, t_ads: 60.2, t_des: 59.5, bed_util_ads: 0.485, bed_util_des: 0.484, des_th: 0.4842118493763444,frac_lost: 0.100, li_recovered:  8.503, time: 0.0075234390005789464
L: 0.50, u_super: 0.00717, sec: 419.643, prod: 0.156310, t_ads: 27.3, t_des: 28.2, bed_util_ads: 0.483, bed_util_des: 0.482, des_th: 0.4822908732146125,frac_lost: 0.107, li_recovered:  8.680, time: 0.00671368499934033
L: 0.50, u_super: 0.00350, sec: 189.896, prod: 0.078249, t_ads: 55.1, t_des: 48.5, bed_util_ads: 0.500, bed_util_des: 0.499, des_th: 0.49937091368300834,frac_lost: 0.100, li_recovered:  8.107, time: 0.00705701299921202
L: 0.50, u_super: 0.00475, sec: 260.630, prod: 0.106756, t_ads: 41.0, t_des: 36.5, bed_util_ads: 0.500, bed_util_des: 0.500, des_th: 0.49965468555949116,frac_lost: 0.105, li_recovered:  8.279, time: 0.005998515000101179
L: 0.50, u_super: 0.00358, sec: 194.997, prod: 0.080143, t_ads: 54.3, t_des: 47.9, bed_util_ads: 0.499, bed_util_des: 0.499, des_th: 0.49927514057495986,frac_lost: 0.107, li_recovered:  8.192, time: 0.008428028999333037
L: 0.50, u_super: 0.00404, sec: 220.488, prod: 0.090549, t_ads: 48.1, t_des: 42.4, bed_util_ads: 0.500, bed_util_des: 0.500, des_th: 0.49957165057059455,frac_lost: 0.105, li_recovered:  8.197, time: 0.007520741000917042
L: 0.50, u_super: 0.00343, sec: 185.694, prod: 0.076734, t_ads: 56.8, t_des: 52.5, bed_util_ads: 0.494, bed_util_des: 0.494, des_th: 0.49378695287953533,frac_lost: 0.107, li_recovered:  8.386, time: 0.008814797000013641
L: 0.50, u_super: 0.00846, sec: 485.990, prod: 0.191288, t_ads: 23.1, t_des: 21.5, bed_util_ads: 0.497, bed_util_des: 0.497, des_th: 0.4966394045176301,frac_lost: 0.107, li_recovered:  8.531, time: 0.007056794998788973
L: 0.50, u_super: 0.00873, sec: 502.003, prod: 0.197622, t_ads: 22.4, t_des: 20.3, bed_util_ads: 0.500, bed_util_des: 0.500, des_th: 0.4995314986535918,frac_lost: 0.107, li_recovered:  8.439, time: 0.0066052700003638165
L: 26.70, u_super: 0.00611 — INFEASIBLE (li_recovered=0.000e+00), time: 0.001520026000434882
   182 |     7280 |     40 |  0.0022319054 |             f
L: 0.50, u_super: 0.00681, sec: 381.524, prod: 0.154309, t_ads: 28.5, t_des: 25.8, bed_util_ads: 0.499, bed_util_des: 0.499, des_th: 0.49863874496420213,frac_lost: 0.100, li_recovered:  8.378, time: 0.006904400001076283
L: 15.28, u_super: 0.00938 — INFEASIBLE (li_recovered=0.000e+00), time: 0.0039069739996193675
L: 0.50, u_super: 0.00283, sec: 182.915, prod: 0.052670, t_ads: 68.6, t_des: 94.6, bed_util_ads: 0.442, bed_util_des: 0.440, des_th: 0.43979293627271865,frac_lost: 0.104, li_recovered:  8.593, time: 0.012135941000451567
L: 0.50, u_super: 0.00379, sec: 205.823, prod: 0.084975, t_ads: 51.4, t_des: 46.5, bed_util_ads: 0.497, bed_util_des: 0.497, des_th: 0.4965941526460356,frac_lost: 0.107, li_recovered:  8.317, time: 0.009990733999075019
L: 0.50, u_super: 0.00028 — INFEASIBLE (li_recovered=0.000e+00), time: 0.003892945998813957
L: 0.50, u_super: 0.00618, sec: 1426.967, prod: 0.033656, t_ads: 31.9, t_des: 228.6, bed_util_ads: 0.260, bed_util_des: 0.257, des_th: 0.25697905354424205,frac_lost: 0.109, li_recovered:  8.769, time: 0.02233019199957198
L: 0.50, u_super: 0.00044, sec: 25.653, prod: 0.008697, t_ads: 406.0, t_des: 382.0, bed_util_ads: 0.460, bed_util_des: 0.457, des_th: 0.4577348927816784,frac_lost: 0.103, li_recovered:  6.853, time: 0.005721330000596936
L: 0.50, u_super: 0.00990, sec: 576.690, prod: 0.224549, t_ads: 19.7, t_des: 17.9, bed_util_ads: 0.500, bed_util_des: 0.499, des_th: 0.49942132725883337,frac_lost: 0.104, li_recovered:  8.445, time: 0.00626654799998505
L: 0.50, u_super: 0.00469, sec: 257.040, prod: 0.105693, t_ads: 41.5, t_des: 37.8, bed_util_ads: 0.496, bed_util_des: 0.496, des_th: 0.4962219776359686,frac_lost: 0.105, li_recovered:  8.376, time: 0.005867005000254721
L: 0.50, u_super: 0.00487, sec: 267.198, prod: 0.109913, t_ads: 39.8, t_des: 36.9, bed_util_ads: 0.494, bed_util_des: 0.494, des_th: 0.49421824742791287,frac_lost: 0.102, li_recovered:  8.433, time: 0.005126981999637792
L: 0.50, u_super: 0.00648, sec: 361.659, prod: 0.146672, t_ads: 30.0, t_des: 27.1, bed_util_ads: 0.498, bed_util_des: 0.498, des_th: 0.49826936115049525,frac_lost: 0.101, li_recovered:  8.367, time: 0.00610788299854903
L: 0.50, u_super: 0.00466, sec: 255.762, prod: 0.104919, t_ads: 41.7, t_des: 37.2, bed_util_ads: 0.500, bed_util_des: 0.500, des_th: 0.4995313640225182,frac_lost: 0.105, li_recovered:  8.273, time: 0.0054821390003780834
L: 0.50, u_super: 0.00265, sec: 162.113, prod: 0.052031, t_ads: 73.5, t_des: 91.3, bed_util_ads: 0.455, bed_util_des: 0.453, des_th: 0.45306169640176985,frac_lost: 0.109, li_recovered:  8.573, time: 0.0063402859996131156
L: 0.50, u_super: 0.00391, sec: 212.434, prod: 0.087755, t_ads: 49.8, t_des: 45.1, bed_util_ads: 0.497, bed_util_des: 0.497, des_th: 0.49661859186005886,frac_lost: 0.105, li_recovered:  8.320, time: 0.0060914569985470735
L: 0.50, u_super: 0.00803, sec: 457.820, prod: 0.181689, t_ads: 24.3, t_des: 21.8, bed_util_ads: 0.500, bed_util_des: 0.500, des_th: 0.4995316317112602,frac_lost: 0.106, li_recovered:  8.384, time: 0.006920994999745744
L: 0.50, u_super: 0.00494, sec: 271.473, prod: 0.111335, t_ads: 39.4, t_des: 36.0, bed_util_ads: 0.496, bed_util_des: 0.496, des_th: 0.49623526309999005,frac_lost: 0.105, li_recovered:  8.394, time: 0.005402337999839801
L: 0.50, u_super: 0.00596, sec: 330.989, prod: 0.134602, t_ads: 32.6, t_des: 29.1, bed_util_ads: 0.500, bed_util_des: 0.500, des_th: 0.4995313640225182,frac_lost: 0.102, li_recovered:  8.310, time: 0.00505348399929062
L: 0.50, u_super: 0.00555, sec: 333.138, prod: 0.115378, t_ads: 35.1, t_des: 40.0, bed_util_ads: 0.469, bed_util_des: 0.468, des_th: 0.46817002292997434,frac_lost: 0.103, li_recovered:  8.668, time: 0.005873161000636173
L: 0.50, u_super: 0.00780, sec: 442.686, prod: 0.176956, t_ads: 24.9, t_des: 22.5, bed_util_ads: 0.499, bed_util_des: 0.499, des_th: 0.499369972875358,frac_lost: 0.101, li_recovered:  8.381, time: 0.005289194001306896
L: 0.50, u_super: 0.00218, sec: 117.573, prod: 0.048139, t_ads: 88.6, t_des: 77.9, bed_util_ads: 0.497, bed_util_des: 0.497, des_th: 0.4971268756194866,frac_lost: 0.106, li_recovered:  8.015, time: 0.0057394589985051425
L: 0.50, u_super: 0.00580, sec: 321.664, prod: 0.130907, t_ads: 33.5, t_des: 30.0, bed_util_ads: 0.500, bed_util_des: 0.500, des_th: 0.4997052286295925,frac_lost: 0.103, li_recovered:  8.313, time: 0.004959755999152549
L: 0.50, u_super: 0.00045 — INFEASIBLE (li_recovered=0.000e+00), time: 0.0024454180002067005
L: 0.50, u_super: 0.00544, sec: 300.130, prod: 0.122855, t_ads: 35.7, t_des: 32.4, bed_util_ads: 0.497, bed_util_des: 0.497, des_th: 0.4971691383644846,frac_lost: 0.102, li_recovered:  8.368, time: 0.006138005999673624
L: 0.50, u_super: 0.00445, sec: 243.848, prod: 0.099888, t_ads: 43.7, t_des: 38.6, bed_util_ads: 0.500, bed_util_des: 0.500, des_th: 0.4998534134608319,frac_lost: 0.105, li_recovered:  8.223, time: 0.0051551750002545305
L: 1.69, u_super: 0.00170, sec: 348.720, prod: 0.033293, t_ads: 358.4, t_des: 307.5, bed_util_ads: 0.474, bed_util_des: 0.473, des_th: 0.47326286454072997,frac_lost: 0.104, li_recovered:  22.168, time: 0.003995611999926041
L: 0.50, u_super: 0.00967, sec: 563.531, prod: 0.218823, t_ads: 20.2, t_des: 19.0, bed_util_ads: 0.495, bed_util_des: 0.495, des_th: 0.49474060728867897,frac_lost: 0.104, li_recovered:  8.564, time: 0.004421008999997866
L: 0.50, u_super: 0.00074, sec: 62.101, prod: 0.010296, t_ads: 258.0, t_des: 549.9, bed_util_ads: 0.371, bed_util_des: 0.358, des_th: 0.3582471131020145,frac_lost: 0.102, li_recovered:  8.318, time: 0.0072720219995972
L: 0.50, u_super: 0.00485, sec: 266.495, prod: 0.109189, t_ads: 40.1, t_des: 35.8, bed_util_ads: 0.500, bed_util_des: 0.500, des_th: 0.4998534134608319,frac_lost: 0.105, li_recovered:  8.296, time: 0.005212460000620922
L: 0.50, u_super: 0.00990, sec: 576.654, prod: 0.224569, t_ads: 19.7, t_des: 17.9, bed_util_ads: 0.500, bed_util_des: 0.499, des_th: 0.49942132725883337,frac_lost: 0.104, li_recovered:  8.443, time: 0.004776383000717033
L: 0.50, u_super: 0.00904, sec: 521.535, prod: 0.204724, t_ads: 21.6, t_des: 19.4, bed_util_ads: 0.500, bed_util_des: 0.500, des_th: 0.4996264863814185,frac_lost: 0.105, li_recovered:  8.401, time: 0.0065960049996647285
L: 0.50, u_super: 0.00734, sec: 413.963, prod: 0.166497, t_ads: 26.4, t_des: 23.9, bed_util_ads: 0.499, bed_util_des: 0.499, des_th: 0.4987209184461551,frac_lost: 0.100, li_recovered:  8.380, time: 0.005479569001181517
L: 0.50, u_super: 0.00699, sec: 392.274, prod: 0.158363, t_ads: 27.8, t_des: 25.1, bed_util_ads: 0.499, bed_util_des: 0.499, des_th: 0.4987209184461551,frac_lost: 0.100, li_recovered:  8.379, time: 0.004226129000016954
L: 0.50, u_super: 0.00006 — INFEASIBLE (li_recovered=0.000e+00), time: 0.001732984999762266
L: 0.50, u_super: 0.00093 — INFEASIBLE (li_recovered=0.000e+00), time: 0.0039271820005524205
L: 0.50, u_super: 0.00204, sec: 113.388, prod: 0.043881, t_ads: 94.5, t_des: 98.3, bed_util_ads: 0.476, bed_util_des: 0.474, des_th: 0.474361717526821,frac_lost: 0.106, li_recovered:  8.461, time: 0.005180498999834526
L: 0.50, u_super: 0.00579, sec: 321.275, prod: 0.130700, t_ads: 33.6, t_des: 29.9, bed_util_ads: 0.500, bed_util_des: 0.500, des_th: 0.4995313640225182,frac_lost: 0.103, li_recovered:  8.299, time: 0.0042244439991918625
L: 0.50, u_super: 0.00686, sec: 386.623, prod: 0.154871, t_ads: 28.6, t_des: 25.6, bed_util_ads: 0.500, bed_util_des: 0.500, des_th: 0.49960697978392504,frac_lost: 0.109, li_recovered:  8.380, time: 0.004964892999851145
L: 0.50, u_super: 0.00252, sec: 136.503, prod: 0.055806, t_ads: 76.5, t_des: 74.6, bed_util_ads: 0.485, bed_util_des: 0.484, des_th: 0.4842118493763444,frac_lost: 0.103, li_recovered:  8.432, time: 0.007045278000077815
L: 0.50, u_super: 0.00416, sec: 226.818, prod: 0.093443, t_ads: 46.8, t_des: 42.8, bed_util_ads: 0.496, bed_util_des: 0.496, des_th: 0.49615652637224905,frac_lost: 0.107, li_recovered:  8.373, time: 0.005293110001730383
L: 18.01, u_super: 0.00737 — INFEASIBLE (li_recovered=0.000e+00), time: 0.0029664230005437275
   183 |     7320 |     40 |  0.0036901335 |             f
L: 0.50, u_super: 0.00030, sec: 69.253, prod: 0.001549, t_ads: 658.0, t_des: 5051.9, bed_util_ads: 0.219, bed_util_des: 0.163, des_th: 0.16270410893427323,frac_lost: 0.101, li_recovered:  8.847, time: 0.024760854999840376
L: 19.72, u_super: 0.00097 — INFEASIBLE (li_recovered=0.000e+00), time: 0.0012029360004817136
L: 0.50, u_super: 0.00819, sec: 467.590, prod: 0.185330, t_ads: 23.9, t_des: 21.6, bed_util_ads: 0.500, bed_util_des: 0.500, des_th: 0.4995357125111027,frac_lost: 0.106, li_recovered:  8.433, time: 0.0073766929999692366
L: 9.78, u_super: 0.00282 — INFEASIBLE (li_recovered=0.000e+00), time: 0.0018216090011264896
L: 0.50, u_super: 0.00990, sec: 592.792, prod: 0.218453, t_ads: 19.7, t_des: 20.0, bed_util_ads: 0.486, bed_util_des: 0.486, des_th: 0.4856998138070915,frac_lost: 0.105, li_recovered:  8.691, time: 0.006059239000023808
L: 0.50, u_super: 0.00380, sec: 212.334, prod: 0.082924, t_ads: 51.1, t_des: 52.5, bed_util_ads: 0.481, bed_util_des: 0.481, des_th: 0.48076744114710357,frac_lost: 0.105, li_recovered:  8.592, time: 0.007078301001456566
L: 0.50, u_super: 0.00780, sec: 444.318, prod: 0.176307, t_ads: 25.1, t_des: 22.7, bed_util_ads: 0.500, bed_util_des: 0.499, des_th: 0.49937459887272134,frac_lost: 0.109, li_recovered:  8.436, time: 0.005706111000108649
L: 0.50, u_super: 0.00413, sec: 224.807, prod: 0.092811, t_ads: 47.1, t_des: 42.6, bed_util_ads: 0.497, bed_util_des: 0.496, des_th: 0.49631832996066894,frac_lost: 0.104, li_recovered:  8.319, time: 0.006728561000272748
L: 0.50, u_super: 0.00107 — INFEASIBLE (li_recovered=0.000e+00), time: 0.002934357999038184
L: 0.50, u_super: 0.00948, sec: 549.228, prod: 0.214896, t_ads: 20.6, t_des: 18.7, bed_util_ads: 0.500, bed_util_des: 0.500, des_th: 0.4998195779563896,frac_lost: 0.104, li_recovered:  8.441, time: 0.005489979001140455
L: 0.50, u_super: 0.00576, sec: 319.632, prod: 0.130076, t_ads: 33.7, t_des: 30.1, bed_util_ads: 0.500, bed_util_des: 0.500, des_th: 0.4995313640225182,frac_lost: 0.103, li_recovered:  8.307, time: 0.006260619000386214
L: 5.17, u_super: 0.00058 — INFEASIBLE (li_recovered=0.000e+00), time: 0.0013345789993763901
L: 0.50, u_super: 0.00887, sec: 510.829, prod: 0.200976, t_ads: 22.0, t_des: 20.0, bed_util_ads: 0.498, bed_util_des: 0.498, des_th: 0.4982730087400445,frac_lost: 0.106, li_recovered:  8.447, time: 0.006510273999083438
L: 0.50, u_super: 0.00082, sec: 45.665, prod: 0.017356, t_ads: 226.0, t_des: 202.1, bed_util_ads: 0.482, bed_util_des: 0.481, des_th: 0.48117869277364833,frac_lost: 0.102, li_recovered:  7.430, time: 0.004988331000276958
L: 0.50, u_super: 0.00191, sec: 353.039, prod: 0.012224, t_ads: 102.7, t_des: 610.8, bed_util_ads: 0.272, bed_util_des: 0.262, des_th: 0.2625099723169254,frac_lost: 0.104, li_recovered:  8.723, time: 0.01938201799930539
L: 0.50, u_super: 0.00576, sec: 319.455, prod: 0.130209, t_ads: 33.7, t_des: 30.1, bed_util_ads: 0.500, bed_util_des: 0.500, des_th: 0.49991486247749006,frac_lost: 0.102, li_recovered:  8.306, time: 0.005454496000311337
L: 0.50, u_super: 0.00368, sec: 209.370, prod: 0.078825, t_ads: 52.8, t_des: 56.3, bed_util_ads: 0.475, bed_util_des: 0.475, des_th: 0.47464975020209177,frac_lost: 0.106, li_recovered:  8.605, time: 0.004676103000747389
L: 29.45, u_super: 0.00734 — INFEASIBLE (li_recovered=0.000e+00), time: 0.0011820110012195073
L: 2.76, u_super: 0.00887, sec: 2906.844, prod: 0.194900, t_ads: 119.3, t_des: 108.2, bed_util_ads: 0.491, bed_util_des: 0.490, des_th: 0.49019340477523893,frac_lost: 0.105, li_recovered:  44.337, time: 0.005498958998941816
L: 0.50, u_super: 0.00699, sec: 393.779, prod: 0.157757, t_ads: 28.0, t_des: 25.7, bed_util_ads: 0.497, bed_util_des: 0.496, des_th: 0.4963332685628949,frac_lost: 0.107, li_recovered:  8.478, time: 0.005432373000076041
L: 0.50, u_super: 0.00746, sec: 434.779, prod: 0.163848, t_ads: 26.0, t_des: 26.9, bed_util_ads: 0.482, bed_util_des: 0.481, des_th: 0.4812403073571182,frac_lost: 0.100, li_recovered:  8.670, time: 0.004374324998934753
L: 10.21, u_super: 0.00919 — INFEASIBLE (li_recovered=0.000e+00), time: 0.0029958309987705434
L: 0.50, u_super: 0.00554, sec: 306.197, prod: 0.125409, t_ads: 35.0, t_des: 32.1, bed_util_ads: 0.497, bed_util_des: 0.497, des_th: 0.49692005606478884,frac_lost: 0.101, li_recovered:  8.405, time: 0.004493812999498914
L: 0.50, u_super: 0.00216, sec: 117.189, prod: 0.047623, t_ads: 88.5, t_des: 76.6, bed_util_ads: 0.498, bed_util_des: 0.498, des_th: 0.49786946801867704,frac_lost: 0.100, li_recovered:  7.860, time: 0.003968906999944011
L: 0.50, u_super: 0.00243, sec: 136.426, prod: 0.051981, t_ads: 79.3, t_des: 84.5, bed_util_ads: 0.473, bed_util_des: 0.472, des_th: 0.4723374494762446,frac_lost: 0.103, li_recovered:  8.515, time: 0.005887425000764779
L: 0.50, u_super: 0.00847, sec: 488.730, prod: 0.190249, t_ads: 23.1, t_des: 22.2, bed_util_ads: 0.491, bed_util_des: 0.491, des_th: 0.49114787251302117,frac_lost: 0.105, li_recovered:  8.612, time: 0.004084842999873217
L: 0.50, u_super: 0.00323, sec: 177.637, prod: 0.071291, t_ads: 60.2, t_des: 59.5, bed_util_ads: 0.485, bed_util_des: 0.484, des_th: 0.4841286637913356,frac_lost: 0.108, li_recovered:  8.531, time: 0.006470337000791915
L: 0.50, u_super: 0.00902, sec: 542.000, prod: 0.196343, t_ads: 21.7, t_des: 22.6, bed_util_ads: 0.481, bed_util_des: 0.481, des_th: 0.4810300085483831,frac_lost: 0.105, li_recovered:  8.699, time: 0.005722221998439636
L: 0.50, u_super: 0.00340, sec: 184.099, prod: 0.076112, t_ads: 57.2, t_des: 51.7, bed_util_ads: 0.497, bed_util_des: 0.497, des_th: 0.49661859186005886,frac_lost: 0.107, li_recovered:  8.292, time: 0.0063559780010109534
L: 0.50, u_super: 0.00448, sec: 245.385, prod: 0.100535, t_ads: 43.4, t_des: 38.3, bed_util_ads: 0.500, bed_util_des: 0.500, des_th: 0.4998534134608319,frac_lost: 0.104, li_recovered:  8.216, time: 0.004521584000030998
L: 0.50, u_super: 0.00312, sec: 189.406, prod: 0.062171, t_ads: 62.2, t_des: 76.1, bed_util_ads: 0.457, bed_util_des: 0.456, des_th: 0.45617554757344747,frac_lost: 0.105, li_recovered:  8.597, time: 0.005508045000169659
L: 2.64, u_super: 0.00648 — INFEASIBLE (li_recovered=0.000e+00), time: 0.0036420470005396055
L: 0.50, u_super: 0.00757, sec: 429.859, prod: 0.171065, t_ads: 25.9, t_des: 23.4, bed_util_ads: 0.499, bed_util_des: 0.499, des_th: 0.4993065382092261,frac_lost: 0.109, li_recovered:  8.436, time: 0.006233715001144446
L: 0.50, u_super: 0.00006 — INFEASIBLE (li_recovered=0.000e+00), time: 0.0011356300001352793
L: 0.50, u_super: 0.00982, sec: 571.323, prod: 0.222631, t_ads: 19.9, t_des: 17.9, bed_util_ads: 0.500, bed_util_des: 0.500, des_th: 0.49953236085321717,frac_lost: 0.104, li_recovered:  8.407, time: 0.004794606000359636
L: 0.50, u_super: 0.00170, sec: 92.342, prod: 0.037098, t_ads: 112.4, t_des: 97.3, bed_util_ads: 0.497, bed_util_des: 0.496, des_th: 0.4963439437244519,frac_lost: 0.103, li_recovered:  7.782, time: 0.0047882500002742745
L: 10.38, u_super: 0.00597 — INFEASIBLE (li_recovered=0.000e+00), time: 0.0026763660007418366
L: 0.50, u_super: 0.00698, sec: 399.497, prod: 0.155098, t_ads: 27.8, t_des: 27.9, bed_util_ads: 0.486, bed_util_des: 0.485, des_th: 0.485369657364375,frac_lost: 0.101, li_recovered:  8.642, time: 0.005444676000479376
L: 0.50, u_super: 0.00205, sec: 111.764, prod: 0.045003, t_ads: 93.0, t_des: 79.7, bed_util_ads: 0.499, bed_util_des: 0.499, des_th: 0.49872088156617783,frac_lost: 0.100, li_recovered:  7.770, time: 0.004259129000274697
L: 0.50, u_super: 0.00116, sec: 62.800, prod: 0.025158, t_ads: 163.8, t_des: 154.1, bed_util_ads: 0.483, bed_util_des: 0.481, des_th: 0.48148421407696795,frac_lost: 0.105, li_recovered:  7.997, time: 0.0044633489997067954
   184 |     7360 |     40 |  0.0024286984 |             f
L: 0.50, u_super: 0.00682, sec: 383.409, prod: 0.154044, t_ads: 28.7, t_des: 26.1, bed_util_ads: 0.499, bed_util_des: 0.499, des_th: 0.49863481495997675,frac_lost: 0.107, li_recovered:  8.441, time: 0.006468411000241758
L: 0.50, u_super: 0.00848, sec: 486.162, prod: 0.191976, t_ads: 23.1, t_des: 20.9, bed_util_ads: 0.499, bed_util_des: 0.499, des_th: 0.49872344282267145,frac_lost: 0.106, li_recovered:  8.440, time: 0.006451412000387791
L: 0.50, u_super: 0.00868, sec: 498.632, prod: 0.196453, t_ads: 22.5, t_des: 20.4, bed_util_ads: 0.500, bed_util_des: 0.499, des_th: 0.4995056801058117,frac_lost: 0.106, li_recovered:  8.445, time: 0.0068712089996552095
L: 25.58, u_super: 0.00549 — INFEASIBLE (li_recovered=0.000e+00), time: 0.002259917000628775
L: 0.50, u_super: 0.00990, sec: 576.184, prod: 0.224748, t_ads: 19.7, t_des: 17.9, bed_util_ads: 0.500, bed_util_des: 0.499, des_th: 0.49942132725883337,frac_lost: 0.103, li_recovered:  8.454, time: 0.004380647998914355
L: 0.50, u_super: 0.00943, sec: 547.298, prod: 0.213543, t_ads: 20.8, t_des: 18.8, bed_util_ads: 0.500, bed_util_des: 0.500, des_th: 0.4996149796821338,frac_lost: 0.108, li_recovered:  8.444, time: 0.0062874609993741615
L: 0.50, u_super: 0.00771, sec: 436.528, prod: 0.174769, t_ads: 25.2, t_des: 23.0, bed_util_ads: 0.497, bed_util_des: 0.497, des_th: 0.4969535018989632,frac_lost: 0.101, li_recovered:  8.433, time: 0.005781720999948448
L: 33.25, u_super: 0.00190 — INFEASIBLE (li_recovered=0.000e+00), time: 0.0014932860012777383
L: 0.50, u_super: 0.00094, sec: 79.986, prod: 0.012929, t_ads: 204.1, t_des: 446.6, bed_util_ads: 0.373, bed_util_des: 0.362, des_th: 0.36244097246465395,frac_lost: 0.101, li_recovered:  8.413, time: 0.009066698999959044
L: 0.50, u_super: 0.00721, sec: 406.116, prod: 0.163523, t_ads: 26.9, t_des: 24.3, bed_util_ads: 0.499, bed_util_des: 0.499, des_th: 0.49913263126270563,frac_lost: 0.100, li_recovered:  8.373, time: 0.0039574049988004845
L: 0.50, u_super: 0.00170, sec: 91.390, prod: 0.037484, t_ads: 112.5, t_des: 102.2, bed_util_ads: 0.491, bed_util_des: 0.490, des_th: 0.4899733195538609,frac_lost: 0.103, li_recovered:  8.047, time: 0.004631457000868977
L: 0.50, u_super: 0.00466, sec: 255.592, prod: 0.104989, t_ads: 41.6, t_des: 37.2, bed_util_ads: 0.500, bed_util_des: 0.500, des_th: 0.49955655845446667,frac_lost: 0.104, li_recovered:  8.276, time: 0.006806208000853076
L: 0.50, u_super: 0.00990, sec: 576.430, prod: 0.224653, t_ads: 19.7, t_des: 17.9, bed_util_ads: 0.500, bed_util_des: 0.499, des_th: 0.49942132725883337,frac_lost: 0.104, li_recovered:  8.443, time: 0.00489596000079473
L: 0.50, u_super: 0.00948, sec: 549.284, prod: 0.214874, t_ads: 20.6, t_des: 18.5, bed_util_ads: 0.500, bed_util_des: 0.500, des_th: 0.4996149796821338,frac_lost: 0.104, li_recovered:  8.401, time: 0.006732735999321449
L: 0.50, u_super: 0.00921, sec: 531.793, prod: 0.208753, t_ads: 21.2, t_des: 19.2, bed_util_ads: 0.500, bed_util_des: 0.499, des_th: 0.49944473842699844,frac_lost: 0.104, li_recovered:  8.442, time: 0.004458224000700284
L: 0.50, u_super: 0.00698, sec: 414.496, prod: 0.149769, t_ads: 28.1, t_des: 30.0, bed_util_ads: 0.477, bed_util_des: 0.477, des_th: 0.4769750886594616,frac_lost: 0.108, li_recovered:  8.688, time: 0.006387715999153443
L: 0.50, u_super: 0.00598, sec: 331.980, prod: 0.135097, t_ads: 32.5, t_des: 29.1, bed_util_ads: 0.500, bed_util_des: 0.500, des_th: 0.4996603367612948,frac_lost: 0.101, li_recovered:  8.310, time: 0.005030350001106854
L: 0.50, u_super: 0.00494, sec: 271.365, prod: 0.111379, t_ads: 39.4, t_des: 36.0, bed_util_ads: 0.497, bed_util_des: 0.496, des_th: 0.4965008056066926,frac_lost: 0.104, li_recovered:  8.394, time: 0.004267705999154714
L: 0.50, u_super: 0.00732, sec: 414.635, prod: 0.165394, t_ads: 26.8, t_des: 24.2, bed_util_ads: 0.499, bed_util_des: 0.499, des_th: 0.49924572782780047,frac_lost: 0.109, li_recovered:  8.432, time: 0.005568189999394235
L: 0.50, u_super: 0.00734, sec: 418.687, prod: 0.164437, t_ads: 26.7, t_des: 25.7, bed_util_ads: 0.491, bed_util_des: 0.491, des_th: 0.4909596443364285,frac_lost: 0.107, li_recovered:  8.607, time: 0.004921490000924678
L: 0.50, u_super: 0.00299, sec: 161.640, prod: 0.066884, t_ads: 64.4, t_des: 57.3, bed_util_ads: 0.497, bed_util_des: 0.497, des_th: 0.49710030532271304,frac_lost: 0.102, li_recovered:  8.138, time: 0.005207111000345321
L: 37.25, u_super: 0.00921 — INFEASIBLE (li_recovered=0.000e+00), time: 0.0013714029992115684
L: 0.50, u_super: 0.00064, sec: 95.171, prod: 0.005009, t_ads: 304.5, t_des: 1410.5, bed_util_ads: 0.282, bed_util_des: 0.257, des_th: 0.25697905354424205,frac_lost: 0.101, li_recovered:  8.591, time: 0.014130651999948896
L: 5.70, u_super: 0.00554 — INFEASIBLE (li_recovered=0.000e+00), time: 0.002756810999926529
L: 9.84, u_super: 0.00630 — INFEASIBLE (li_recovered=0.000e+00), time: 0.0026525290013523772
L: 0.50, u_super: 0.00038, sec: 23.355, prod: 0.007197, t_ads: 457.2, t_des: 409.0, bed_util_ads: 0.459, bed_util_des: 0.458, des_th: 0.4578864761227556,frac_lost: 0.103, li_recovered:  6.234, time: 0.004424409000421292
L: 0.50, u_super: 0.00482, sec: 264.527, prod: 0.108789, t_ads: 40.2, t_des: 36.4, bed_util_ads: 0.498, bed_util_des: 0.498, des_th: 0.4976362535217526,frac_lost: 0.103, li_recovered:  8.340, time: 0.004926266001348267
L: 0.50, u_super: 0.00239, sec: 133.626, prod: 0.051225, t_ads: 80.4, t_des: 85.6, bed_util_ads: 0.474, bed_util_des: 0.473, des_th: 0.4727264062488737,frac_lost: 0.101, li_recovered:  8.505, time: 0.004938830999890342
L: 0.50, u_super: 0.00868, sec: 499.145, prod: 0.196386, t_ads: 22.6, t_des: 20.4, bed_util_ads: 0.500, bed_util_des: 0.500, des_th: 0.49991632786203466,frac_lost: 0.108, li_recovered:  8.447, time: 0.0062773360004939605
L: 0.50, u_super: 0.00293, sec: 158.713, prod: 0.065042, t_ads: 65.8, t_des: 57.2, bed_util_ads: 0.500, bed_util_des: 0.500, des_th: 0.4995218698869621,frac_lost: 0.101, li_recovered:  7.999, time: 0.008441377998678945
L: 0.50, u_super: 0.00904, sec: 521.454, prod: 0.204661, t_ads: 21.6, t_des: 19.6, bed_util_ads: 0.500, bed_util_des: 0.499, des_th: 0.4995056801058117,frac_lost: 0.106, li_recovered:  8.448, time: 0.006704056000671699
L: 0.50, u_super: 0.00258, sec: 139.766, prod: 0.057103, t_ads: 74.6, t_des: 73.2, bed_util_ads: 0.485, bed_util_des: 0.484, des_th: 0.48401310791100005,frac_lost: 0.102, li_recovered:  8.443, time: 0.006433533999370411
L: 0.50, u_super: 0.00787, sec: 448.497, prod: 0.177904, t_ads: 24.9, t_des: 22.5, bed_util_ads: 0.499, bed_util_des: 0.499, des_th: 0.4987209184461551,frac_lost: 0.108, li_recovered:  8.441, time: 0.009285621999879368
L: 0.50, u_super: 0.00632, sec: 352.538, prod: 0.142994, t_ads: 30.7, t_des: 27.7, bed_util_ads: 0.498, bed_util_des: 0.498, des_th: 0.49826936115049525,frac_lost: 0.102, li_recovered:  8.361, time: 0.00834108799972455
L: 0.50, u_super: 0.00469, sec: 267.871, prod: 0.101491, t_ads: 41.4, t_des: 43.7, bed_util_ads: 0.478, bed_util_des: 0.478, des_th: 0.4776282236024903,frac_lost: 0.103, li_recovered:  8.634, time: 0.007826727000065148
L: 0.50, u_super: 0.00243, sec: 136.914, prod: 0.051795, t_ads: 79.2, t_des: 85.2, bed_util_ads: 0.473, bed_util_des: 0.472, des_th: 0.4718565412320384,frac_lost: 0.103, li_recovered:  8.518, time: 0.007139017001463799
L: 0.50, u_super: 0.00884, sec: 509.098, prod: 0.199950, t_ads: 22.2, t_des: 20.1, bed_util_ads: 0.500, bed_util_des: 0.500, des_th: 0.49971197895799163,frac_lost: 0.108, li_recovered:  8.459, time: 0.005365114999221987
L: 0.50, u_super: 0.00877, sec: 504.959, prod: 0.198527, t_ads: 22.3, t_des: 20.2, bed_util_ads: 0.500, bed_util_des: 0.500, des_th: 0.4996149796821338,frac_lost: 0.107, li_recovered:  8.451, time: 0.008251823999671615
L: 0.50, u_super: 0.00757, sec: 534.705, prod: 0.137522, t_ads: 25.9, t_des: 37.5, bed_util_ads: 0.440, bed_util_des: 0.440, des_th: 0.4396547154923536,frac_lost: 0.107, li_recovered:  8.713, time: 0.008683498001119005
L: 53.21, u_super: 0.00799 — INFEASIBLE (li_recovered=0.000e+00), time: 0.0021400370005721925
   185 |     7400 |     40 |  0.0042055004 |             f
L: 0.50, u_super: 0.00647, sec: 361.122, prod: 0.146492, t_ads: 30.0, t_des: 27.1, bed_util_ads: 0.498, bed_util_des: 0.498, des_th: 0.49826936115049525,frac_lost: 0.101, li_recovered:  8.368, time: 0.007579372999316547
L: 0.50, u_super: 0.00391, sec: 213.132, prod: 0.087469, t_ads: 49.8, t_des: 43.8, bed_util_ads: 0.500, bed_util_des: 0.499, des_th: 0.4994839758684676,frac_lost: 0.106, li_recovered:  8.190, time: 0.006969324998863158
L: 0.50, u_super: 0.00507, sec: 278.939, prod: 0.114230, t_ads: 38.4, t_des: 35.6, bed_util_ads: 0.496, bed_util_des: 0.495, des_th: 0.4954828979175166,frac_lost: 0.104, li_recovered:  8.453, time: 0.007520073000705452
L: 0.50, u_super: 0.00107, sec: 58.587, prod: 0.022879, t_ads: 177.6, t_des: 177.2, bed_util_ads: 0.473, bed_util_des: 0.472, des_th: 0.4717428820105179,frac_lost: 0.105, li_recovered:  8.117, time: 0.008031241999560734
L: 0.50, u_super: 0.00787, sec: 446.867, prod: 0.178553, t_ads: 24.7, t_des: 22.3, bed_util_ads: 0.500, bed_util_des: 0.499, des_th: 0.49940750959819197,frac_lost: 0.101, li_recovered:  8.388, time: 0.008235324001361732
L: 97.12, u_super: 0.00026 — INFEASIBLE (li_recovered=0.000e+00), time: 0.0010344900001655333
L: 16.65, u_super: 0.00113 — INFEASIBLE (li_recovered=0.000e+00), time: 0.0018262150006194133
L: 0.50, u_super: 0.00549, sec: 310.641, prod: 0.121306, t_ads: 35.3, t_des: 35.8, bed_util_ads: 0.484, bed_util_des: 0.483, des_th: 0.4832920538643167,frac_lost: 0.101, li_recovered:  8.628, time: 0.007364418001088779
L: 0.50, u_super: 0.00175, sec: 94.712, prod: 0.038162, t_ads: 109.3, t_des: 94.8, bed_util_ads: 0.497, bed_util_des: 0.497, des_th: 0.4970908157374732,frac_lost: 0.102, li_recovered:  7.789, time: 0.00822366600004898
L: 0.50, u_super: 0.00258, sec: 139.712, prod: 0.057125, t_ads: 74.6, t_des: 73.1, bed_util_ads: 0.484, bed_util_des: 0.484, des_th: 0.48355536463141224,frac_lost: 0.101, li_recovered:  8.439, time: 0.00973395300025004
L: 52.00, u_super: 0.00443 — INFEASIBLE (li_recovered=0.000e+00), time: 0.004055518000313896
L: 0.50, u_super: 0.00082, sec: 55.170, prod: 0.014366, t_ads: 230.4, t_des: 340.9, bed_util_ads: 0.418, bed_util_des: 0.411, des_th: 0.41124897420836737,frac_lost: 0.103, li_recovered:  8.207, time: 0.011626397999862093
L: 0.50, u_super: 0.00990, sec: 578.218, prod: 0.223819, t_ads: 19.7, t_des: 18.5, bed_util_ads: 0.495, bed_util_des: 0.495, des_th: 0.49465745648337633,frac_lost: 0.105, li_recovered:  8.567, time: 0.009347371000330895
L: 1.97, u_super: 0.00767, sec: 1775.255, prod: 0.167480, t_ads: 98.2, t_des: 83.8, bed_util_ads: 0.500, bed_util_des: 0.499, des_th: 0.499369972875358,frac_lost: 0.102, li_recovered:  30.486, time: 0.007440956000209553
L: 0.50, u_super: 0.00053, sec: 30.297, prod: 0.010877, t_ads: 342.9, t_des: 326.3, bed_util_ads: 0.464, bed_util_des: 0.462, des_th: 0.4623164763582453,frac_lost: 0.105, li_recovered:  7.279, time: 0.00976545299999998
L: 0.50, u_super: 0.00630, sec: 351.493, prod: 0.142575, t_ads: 30.8, t_des: 28.5, bed_util_ads: 0.496, bed_util_des: 0.496, des_th: 0.4959838619415816,frac_lost: 0.102, li_recovered:  8.464, time: 0.00811075400088157
L: 0.50, u_super: 0.00172, sec: 92.859, prod: 0.037616, t_ads: 111.2, t_des: 109.8, bed_util_ads: 0.481, bed_util_des: 0.480, des_th: 0.47961010466112475,frac_lost: 0.101, li_recovered:  8.315, time: 0.006926983000084874
L: 0.50, u_super: 0.00005, sec: 7.869, prod: 0.000394, t_ads: 1958.6, t_des: 1856.9, bed_util_ads: 0.264, bed_util_des: 0.257, des_th: 0.25697905354424205,frac_lost: 0.102, li_recovered:  1.505, time: 0.005369350001274142
L: 30.54, u_super: 0.00598 — INFEASIBLE (li_recovered=0.000e+00), time: 0.0024788950013316935
L: 0.50, u_super: 0.00341, sec: 184.728, prod: 0.076238, t_ads: 57.2, t_des: 51.5, bed_util_ads: 0.497, bed_util_des: 0.497, des_th: 0.49661859186005886,frac_lost: 0.109, li_recovered:  8.287, time: 0.0066159650014014915
L: 0.50, u_super: 0.00990, sec: 577.508, prod: 0.224231, t_ads: 19.7, t_des: 18.3, bed_util_ads: 0.496, bed_util_des: 0.496, des_th: 0.49578693350831476,frac_lost: 0.105, li_recovered:  8.536, time: 0.0089166159996239
L: 0.50, u_super: 0.00368, sec: 199.872, prod: 0.082571, t_ads: 52.8, t_des: 47.8, bed_util_ads: 0.497, bed_util_des: 0.497, des_th: 0.496977745960106,frac_lost: 0.107, li_recovered:  8.312, time: 0.008577612999943085
L: 0.50, u_super: 0.00191, sec: 103.443, prod: 0.041720, t_ads: 101.4, t_des: 99.2, bed_util_ads: 0.483, bed_util_des: 0.482, des_th: 0.4816214275709463,frac_lost: 0.108, li_recovered:  8.369, time: 0.011466260999441147
L: 0.50, u_super: 0.00299, sec: 161.782, prod: 0.066825, t_ads: 64.6, t_des: 57.3, bed_util_ads: 0.497, bed_util_des: 0.497, des_th: 0.49710030532271304,frac_lost: 0.104, li_recovered:  8.147, time: 0.00879446100043424
L: 32.98, u_super: 0.00015 — INFEASIBLE (li_recovered=0.000e+00), time: 0.001264361000721692
L: 0.50, u_super: 0.00474, sec: 276.563, prod: 0.100422, t_ads: 40.9, t_des: 45.1, bed_util_ads: 0.473, bed_util_des: 0.472, des_th: 0.47199941867869555,frac_lost: 0.102, li_recovered:  8.644, time: 0.008440981000603642
L: 0.50, u_super: 0.00967, sec: 563.710, prod: 0.218753, t_ads: 20.2, t_des: 19.0, bed_util_ads: 0.495, bed_util_des: 0.495, des_th: 0.49474060728867897,frac_lost: 0.104, li_recovered:  8.567, time: 0.009487356999670737
L: 0.50, u_super: 0.00411, sec: 225.175, prod: 0.092013, t_ads: 47.2, t_des: 45.3, bed_util_ads: 0.489, bed_util_des: 0.489, des_th: 0.4891177285293919,frac_lost: 0.104, li_recovered:  8.510, time: 0.008136753000144381
L: 0.50, u_super: 0.00598, sec: 332.153, prod: 0.135027, t_ads: 32.5, t_des: 29.1, bed_util_ads: 0.500, bed_util_des: 0.500, des_th: 0.4997773050124938,frac_lost: 0.103, li_recovered:  8.325, time: 0.008038009000301827
L: 4.38, u_super: 0.00517 — INFEASIBLE (li_recovered=0.000e+00), time: 0.005215743000007933
L: 0.79, u_super: 0.00967, sec: 891.404, prod: 0.218719, t_ads: 31.7, t_des: 28.4, bed_util_ads: 0.500, bed_util_des: 0.499, des_th: 0.49949906994481263,frac_lost: 0.101, li_recovered:  13.150, time: 0.008684267000717227
L: 0.50, u_super: 0.00734, sec: 437.066, prod: 0.157696, t_ads: 26.7, t_des: 28.4, bed_util_ads: 0.478, bed_util_des: 0.478, des_th: 0.47754475150348635,frac_lost: 0.108, li_recovered:  8.692, time: 0.012256449999767938
L: 0.50, u_super: 0.00293, sec: 157.819, prod: 0.065411, t_ads: 66.0, t_des: 62.2, bed_util_ads: 0.491, bed_util_des: 0.490, des_th: 0.49040281858249807,frac_lost: 0.103, li_recovered:  8.386, time: 0.009059230998900603
L: 0.50, u_super: 0.00143, sec: 78.673, prod: 0.030571, t_ads: 132.7, t_des: 111.7, bed_util_ads: 0.499, bed_util_des: 0.498, des_th: 0.49856540160111185,frac_lost: 0.100, li_recovered:  7.470, time: 0.008628402001704671
L: 0.50, u_super: 0.00921, sec: 531.825, prod: 0.208740, t_ads: 21.2, t_des: 19.2, bed_util_ads: 0.500, bed_util_des: 0.500, des_th: 0.49964735212773687,frac_lost: 0.104, li_recovered:  8.443, time: 0.005281808998915949
L: 0.50, u_super: 0.00340, sec: 184.487, prod: 0.075952, t_ads: 56.8, t_des: 49.8, bed_util_ads: 0.500, bed_util_des: 0.500, des_th: 0.49958054531384644,frac_lost: 0.101, li_recovered:  8.098, time: 0.007535602999269031
L: 0.50, u_super: 0.00132, sec: 74.696, prod: 0.027593, t_ads: 144.7, t_des: 156.8, bed_util_ads: 0.465, bed_util_des: 0.463, des_th: 0.46339128144690117,frac_lost: 0.105, li_recovered:  8.319, time: 0.009739691000504536
L: 0.50, u_super: 0.00979, sec: 569.642, prod: 0.222089, t_ads: 19.9, t_des: 18.1, bed_util_ads: 0.500, bed_util_des: 0.500, des_th: 0.4995313640225182,frac_lost: 0.104, li_recovered:  8.455, time: 0.009102206000534352
L: 0.50, u_super: 0.00083, sec: 45.463, prod: 0.017582, t_ads: 225.3, t_des: 221.0, bed_util_ads: 0.470, bed_util_des: 0.468, des_th: 0.4684222157862963,frac_lost: 0.100, li_recovered:  7.846, time: 0.008210878000681987
L: 0.50, u_super: 0.00595, sec: 330.567, prod: 0.134584, t_ads: 32.6, t_des: 30.2, bed_util_ads: 0.495, bed_util_des: 0.495, des_th: 0.49486246674695844,frac_lost: 0.102, li_recovered:  8.455, time: 0.01077112299935834
   186 |     7440 |     40 |  0.0010094682 |             f
L: 0.50, u_super: 0.00308, sec: 166.163, prod: 0.068964, t_ads: 62.7, t_des: 56.3, bed_util_ads: 0.497, bed_util_des: 0.497, des_th: 0.4971659979869644,frac_lost: 0.102, li_recovered:  8.207, time: 0.006944145001398283
L: 0.50, u_super: 0.00816, sec: 495.909, prod: 0.173545, t_ads: 24.0, t_des: 26.2, bed_util_ads: 0.476, bed_util_des: 0.476, des_th: 0.4757020885315231,frac_lost: 0.106, li_recovered:  8.703, time: 0.008776448999924469
L: 0.50, u_super: 0.00882, sec: 507.568, prod: 0.199690, t_ads: 22.2, t_des: 20.1, bed_util_ads: 0.500, bed_util_des: 0.500, des_th: 0.4995632403352108,frac_lost: 0.106, li_recovered:  8.442, time: 0.014107672999671195
L: 2.58, u_super: 0.00095 — INFEASIBLE (li_recovered=0.000e+00), time: 0.0030741170012333896
L: 0.50, u_super: 0.00006 — INFEASIBLE (li_recovered=0.000e+00), time: 0.0016201420003199019
L: 0.50, u_super: 0.00258, sec: 139.716, prod: 0.057124, t_ads: 74.7, t_des: 73.0, bed_util_ads: 0.485, bed_util_des: 0.484, des_th: 0.4841988795755705,frac_lost: 0.102, li_recovered:  8.439, time: 0.009166161999019096
L: 0.50, u_super: 0.00553, sec: 305.570, prod: 0.124781, t_ads: 35.2, t_des: 32.2, bed_util_ads: 0.497, bed_util_des: 0.497, des_th: 0.4967637397259699,frac_lost: 0.104, li_recovered:  8.415, time: 0.008611870000095223
L: 0.50, u_super: 0.00675, sec: 379.217, prod: 0.152423, t_ads: 29.0, t_des: 26.3, bed_util_ads: 0.499, bed_util_des: 0.499, des_th: 0.49863874496420213,frac_lost: 0.108, li_recovered:  8.433, time: 0.008251818000644562
L: 0.50, u_super: 0.00979, sec: 569.270, prod: 0.221925, t_ads: 20.0, t_des: 18.2, bed_util_ads: 0.500, bed_util_des: 0.500, des_th: 0.49959498382352474,frac_lost: 0.105, li_recovered:  8.461, time: 0.007178246998591931
L: 0.50, u_super: 0.00006, sec: 6.580, prod: 0.000591, t_ads: 1960.9, t_des: 2279.4, bed_util_ads: 0.271, bed_util_des: 0.257, des_th: 0.25697905354424205,frac_lost: 0.102, li_recovered:  2.507, time: 0.0063115379998635035
L: 0.50, u_super: 0.00913, sec: 527.368, prod: 0.206756, t_ads: 21.4, t_des: 19.4, bed_util_ads: 0.500, bed_util_des: 0.500, des_th: 0.4996846028751343,frac_lost: 0.106, li_recovered:  8.443, time: 0.009077041999262292
L: 0.50, u_super: 0.00820, sec: 468.403, prod: 0.185723, t_ads: 23.8, t_des: 21.4, bed_util_ads: 0.500, bed_util_des: 0.500, des_th: 0.4995316317112602,frac_lost: 0.105, li_recovered:  8.390, time: 0.009530431001621764
L: 0.50, u_super: 0.00636, sec: 358.709, prod: 0.142549, t_ads: 30.5, t_des: 29.8, bed_util_ads: 0.489, bed_util_des: 0.489, des_th: 0.48852154876256093,frac_lost: 0.101, li_recovered:  8.600, time: 0.006745922999471077
L: 0.50, u_super: 0.00281, sec: 152.152, prod: 0.062630, t_ads: 68.5, t_des: 60.2, bed_util_ads: 0.498, bed_util_des: 0.498, des_th: 0.49826936115049525,frac_lost: 0.103, li_recovered:  8.065, time: 0.00861549500041292
L: 24.91, u_super: 0.00627 — INFEASIBLE (li_recovered=0.000e+00), time: 0.0018928789995698025
L: 0.50, u_super: 0.00679, sec: 380.589, prod: 0.153781, t_ads: 28.6, t_des: 25.8, bed_util_ads: 0.499, bed_util_des: 0.499, des_th: 0.49863874496420213,frac_lost: 0.101, li_recovered:  8.369, time: 0.009460790000957786
L: 0.50, u_super: 0.00368, sec: 199.897, prod: 0.082560, t_ads: 52.9, t_des: 47.8, bed_util_ads: 0.497, bed_util_des: 0.497, des_th: 0.4968912701484395,frac_lost: 0.107, li_recovered:  8.308, time: 0.006799013999625458
L: 0.50, u_super: 0.00737, sec: 417.104, prod: 0.166606, t_ads: 26.5, t_des: 24.1, bed_util_ads: 0.499, bed_util_des: 0.499, des_th: 0.49879482869480596,frac_lost: 0.107, li_recovered:  8.444, time: 0.007287533999260631
L: 48.35, u_super: 0.00973 — INFEASIBLE (li_recovered=0.000e+00), time: 0.0017932690007000929
L: 0.50, u_super: 0.00749, sec: 422.878, prod: 0.169744, t_ads: 25.9, t_des: 23.4, bed_util_ads: 0.499, bed_util_des: 0.499, des_th: 0.49930425166674347,frac_lost: 0.100, li_recovered:  8.375, time: 0.007785092000631266
L: 0.50, u_super: 0.00033, sec: 24.211, prod: 0.005141, t_ads: 560.7, t_des: 925.1, bed_util_ads: 0.376, bed_util_des: 0.356, des_th: 0.35665421953741633,frac_lost: 0.104, li_recovered:  7.638, time: 0.007761679999020998
L: 0.50, u_super: 0.00505, sec: 278.032, prod: 0.113792, t_ads: 38.5, t_des: 34.4, bed_util_ads: 0.500, bed_util_des: 0.499, des_th: 0.4994380565462543,frac_lost: 0.104, li_recovered:  8.293, time: 0.004629810999176698
L: 2.98, u_super: 0.00694 — INFEASIBLE (li_recovered=0.000e+00), time: 0.00242784500005655
L: 0.50, u_super: 0.00216, sec: 434.430, prod: 0.012847, t_ads: 90.4, t_des: 589.4, bed_util_ads: 0.264, bed_util_des: 0.255, des_th: 0.2552042074815981,frac_lost: 0.102, li_recovered:  8.733, time: 0.015572573998724693
L: 0.50, u_super: 0.00522, sec: 287.494, prod: 0.117942, t_ads: 37.1, t_des: 33.7, bed_util_ads: 0.497, bed_util_des: 0.497, des_th: 0.4971127123344995,frac_lost: 0.102, li_recovered:  8.355, time: 0.004248421000738745
L: 0.50, u_super: 0.00987, sec: 576.195, prod: 0.223193, t_ads: 19.8, t_des: 18.6, bed_util_ads: 0.495, bed_util_des: 0.495, des_th: 0.4948969236274841,frac_lost: 0.104, li_recovered:  8.573, time: 0.004318103001423879
L: 0.50, u_super: 0.00117, sec: 63.599, prod: 0.025503, t_ads: 161.7, t_des: 151.9, bed_util_ads: 0.483, bed_util_des: 0.481, des_th: 0.48148421407696795,frac_lost: 0.105, li_recovered:  7.999, time: 0.003895271998771932
L: 0.50, u_super: 0.00147, sec: 79.459, prod: 0.032146, t_ads: 130.2, t_des: 125.2, bed_util_ads: 0.483, bed_util_des: 0.482, des_th: 0.4816214275709463,frac_lost: 0.106, li_recovered:  8.209, time: 0.005799279999337159
L: 0.50, u_super: 0.00877, sec: 504.291, prod: 0.198649, t_ads: 22.3, t_des: 20.3, bed_util_ads: 0.500, bed_util_des: 0.499, des_th: 0.49942132725883337,frac_lost: 0.106, li_recovered:  8.451, time: 0.004157022000072175
L: 0.50, u_super: 0.00084, sec: 47.922, prod: 0.017382, t_ads: 222.8, t_des: 240.9, bed_util_ads: 0.459, bed_util_des: 0.456, des_th: 0.4561736044680013,frac_lost: 0.104, li_recovered:  8.060, time: 0.004229050000503776
L: 0.50, u_super: 0.00921, sec: 532.570, prod: 0.208452, t_ads: 21.3, t_des: 19.3, bed_util_ads: 0.500, bed_util_des: 0.499, des_th: 0.49944473842699844,frac_lost: 0.107, li_recovered:  8.453, time: 0.003907213000275078
L: 0.50, u_super: 0.00540, sec: 298.077, prod: 0.122091, t_ads: 35.9, t_des: 32.5, bed_util_ads: 0.497, bed_util_des: 0.497, des_th: 0.4971691383644846,frac_lost: 0.102, li_recovered:  8.356, time: 0.003853652999168844
L: 0.50, u_super: 0.00052, sec: 29.763, prod: 0.010686, t_ads: 348.5, t_des: 339.7, bed_util_ads: 0.461, bed_util_des: 0.458, des_th: 0.45865023480011796,frac_lost: 0.105, li_recovered:  7.354, time: 0.003908204998879228
L: 7.78, u_super: 0.00635, sec: 6292.034, prod: 0.125925, t_ads: 435.3, t_des: 430.2, bed_util_ads: 0.450, bed_util_des: 0.446, des_th: 0.4463594855748156,frac_lost: 0.103, li_recovered:  108.997, time: 0.005429038999864133
L: 0.50, u_super: 0.00838, sec: 478.759, prod: 0.190186, t_ads: 23.2, t_des: 20.9, bed_util_ads: 0.499, bed_util_des: 0.499, des_th: 0.499369972875358,frac_lost: 0.101, li_recovered:  8.385, time: 0.005320835000020452
L: 0.50, u_super: 0.00168, sec: 91.212, prod: 0.036570, t_ads: 114.1, t_des: 98.6, bed_util_ads: 0.497, bed_util_des: 0.497, des_th: 0.49710030532271304,frac_lost: 0.105, li_recovered:  7.777, time: 0.004232499999488937
L: 0.50, u_super: 0.00445, sec: 243.905, prod: 0.099865, t_ads: 43.7, t_des: 38.5, bed_util_ads: 0.500, bed_util_des: 0.500, des_th: 0.49997502715328446,frac_lost: 0.105, li_recovered:  8.210, time: 0.004684888001065701
L: 0.50, u_super: 0.00865, sec: 496.759, prod: 0.195814, t_ads: 22.6, t_des: 20.5, bed_util_ads: 0.500, bed_util_des: 0.499, des_th: 0.4995056801058117,frac_lost: 0.106, li_recovered:  8.441, time: 0.004092868000952876
L: 0.50, u_super: 0.00692, sec: 414.737, prod: 0.147003, t_ads: 28.3, t_des: 30.8, bed_util_ads: 0.476, bed_util_des: 0.475, des_th: 0.47520068898172585,frac_lost: 0.109, li_recovered:  8.692, time: 0.006016436000209069
L: 22.47, u_super: 0.00990 — INFEASIBLE (li_recovered=0.000e+00), time: 0.001956124999196618
   187 |     7480 |     40 |  0.0027685323 |             f
L: 16.89, u_super: 0.00192 — INFEASIBLE (li_recovered=0.000e+00), time: 0.0010434269988763845
L: 0.50, u_super: 0.00006 — INFEASIBLE (li_recovered=0.000e+00), time: 0.0012420189996191766
L: 23.81, u_super: 0.00466 — INFEASIBLE (li_recovered=0.000e+00), time: 0.0011522500008140923
L: 0.50, u_super: 0.00882, sec: 507.951, prod: 0.199540, t_ads: 22.2, t_des: 20.6, bed_util_ads: 0.497, bed_util_des: 0.497, des_th: 0.4968223309606816,frac_lost: 0.105, li_recovered:  8.527, time: 0.004238670000631828
L: 0.50, u_super: 0.00068, sec: 37.935, prod: 0.014258, t_ads: 273.1, t_des: 258.7, bed_util_ads: 0.472, bed_util_des: 0.470, des_th: 0.4697933373645079,frac_lost: 0.107, li_recovered:  7.583, time: 0.004058671000166214
L: 0.50, u_super: 0.00258, sec: 139.860, prod: 0.057097, t_ads: 74.7, t_des: 73.2, bed_util_ads: 0.485, bed_util_des: 0.484, des_th: 0.4842118493763444,frac_lost: 0.102, li_recovered:  8.445, time: 0.004324683999584522
L: 0.50, u_super: 0.00954, sec: 553.881, prod: 0.216315, t_ads: 20.5, t_des: 18.4, bed_util_ads: 0.500, bed_util_des: 0.500, des_th: 0.4996846028751343,frac_lost: 0.105, li_recovered:  8.405, time: 0.005065452000053483
L: 0.50, u_super: 0.00505, sec: 277.855, prod: 0.113865, t_ads: 38.4, t_des: 34.3, bed_util_ads: 0.500, bed_util_des: 0.499, des_th: 0.49942115062941833,frac_lost: 0.102, li_recovered:  8.281, time: 0.004370309001387795
L: 0.50, u_super: 0.00749, sec: 423.162, prod: 0.169917, t_ads: 25.9, t_des: 23.4, bed_util_ads: 0.499, bed_util_des: 0.499, des_th: 0.4987021906934155,frac_lost: 0.100, li_recovered:  8.382, time: 0.004429606999110547
L: 9.18, u_super: 0.00631 — INFEASIBLE (li_recovered=0.000e+00), time: 0.0022685149997414555
L: 0.50, u_super: 0.00892, sec: 513.607, prod: 0.201975, t_ads: 21.9, t_des: 19.9, bed_util_ads: 0.500, bed_util_des: 0.500, des_th: 0.4996846028751343,frac_lost: 0.106, li_recovered:  8.445, time: 0.00587746299970604
L: 11.24, u_super: 0.00921 — INFEASIBLE (li_recovered=0.000e+00), time: 0.003451218000918743
L: 0.50, u_super: 0.00280, sec: 153.141, prod: 0.061808, t_ads: 68.8, t_des: 68.6, bed_util_ads: 0.482, bed_util_des: 0.482, des_th: 0.4816214275709463,frac_lost: 0.102, li_recovered:  8.494, time: 0.006134224999186699
L: 0.50, u_super: 0.00215, sec: 116.424, prod: 0.047412, t_ads: 89.7, t_des: 78.1, bed_util_ads: 0.498, bed_util_des: 0.498, des_th: 0.49786946801867704,frac_lost: 0.106, li_recovered:  7.955, time: 0.004331137999542989
L: 0.50, u_super: 0.00717, sec: 404.777, prod: 0.162042, t_ads: 27.3, t_des: 24.5, bed_util_ads: 0.499, bed_util_des: 0.499, des_th: 0.49913806476219774,frac_lost: 0.107, li_recovered:  8.395, time: 0.005985163999866927
L: 0.50, u_super: 0.00095, sec: 55.496, prod: 0.019216, t_ads: 197.5, t_des: 227.6, bed_util_ads: 0.453, bed_util_des: 0.450, des_th: 0.4501327501180333,frac_lost: 0.101, li_recovered:  8.167, time: 0.0050417359998391476
L: 0.50, u_super: 0.00699, sec: 392.418, prod: 0.158305, t_ads: 27.8, t_des: 25.1, bed_util_ads: 0.499, bed_util_des: 0.499, des_th: 0.4987276872399363,frac_lost: 0.101, li_recovered:  8.371, time: 0.004948291998516652
L: 0.50, u_super: 0.00936, sec: 541.832, prod: 0.212109, t_ads: 20.9, t_des: 19.0, bed_util_ads: 0.500, bed_util_des: 0.499, des_th: 0.49942132725883337,frac_lost: 0.105, li_recovered:  8.450, time: 0.005779290999271325
L: 0.50, u_super: 0.00597, sec: 331.941, prod: 0.135006, t_ads: 32.5, t_des: 29.1, bed_util_ads: 0.500, bed_util_des: 0.500, des_th: 0.49983988570984766,frac_lost: 0.102, li_recovered:  8.309, time: 0.005079135000414681
L: 10.14, u_super: 0.00545 — INFEASIBLE (li_recovered=0.000e+00), time: 0.0020485959994402947
L: 0.50, u_super: 0.00368, sec: 200.512, prod: 0.082307, t_ads: 52.9, t_des: 46.6, bed_util_ads: 0.500, bed_util_des: 0.500, des_th: 0.4997139338002781,frac_lost: 0.108, li_recovered:  8.187, time: 0.005660194001393393
L: 0.50, u_super: 0.00602, sec: 335.614, prod: 0.135683, t_ads: 32.3, t_des: 30.5, bed_util_ads: 0.494, bed_util_des: 0.493, des_th: 0.4934894053659294,frac_lost: 0.103, li_recovered:  8.528, time: 0.005799534999823663
L: 11.82, u_super: 0.00648 — INFEASIBLE (li_recovered=0.000e+00), time: 0.0019852589994115988
L: 0.50, u_super: 0.00729, sec: 412.622, prod: 0.164594, t_ads: 26.9, t_des: 24.0, bed_util_ads: 0.500, bed_util_des: 0.500, des_th: 0.49999914561771014,frac_lost: 0.108, li_recovered:  8.380, time: 0.005049391998909414
L: 0.50, u_super: 0.00990, sec: 576.439, prod: 0.224648, t_ads: 19.7, t_des: 17.9, bed_util_ads: 0.500, bed_util_des: 0.499, des_th: 0.4994382331756693,frac_lost: 0.104, li_recovered:  8.448, time: 0.004348672000560327
L: 0.50, u_super: 0.00693, sec: 390.093, prod: 0.156468, t_ads: 28.2, t_des: 25.3, bed_util_ads: 0.500, bed_util_des: 0.499, des_th: 0.49942623734645303,frac_lost: 0.107, li_recovered:  8.381, time: 0.0046841959992889315
L: 0.50, u_super: 0.00674, sec: 378.327, prod: 0.152364, t_ads: 29.0, t_des: 26.4, bed_util_ads: 0.499, bed_util_des: 0.499, des_th: 0.49858938164403327,frac_lost: 0.106, li_recovered:  8.434, time: 0.005441700999654131
L: 0.50, u_super: 0.00560, sec: 353.643, prod: 0.110805, t_ads: 34.7, t_des: 43.6, bed_util_ads: 0.457, bed_util_des: 0.456, des_th: 0.45645191333657337,frac_lost: 0.102, li_recovered:  8.674, time: 0.005027614000937319
L: 0.50, u_super: 0.00701, sec: 394.357, prod: 0.158779, t_ads: 27.7, t_des: 24.7, bed_util_ads: 0.500, bed_util_des: 0.500, des_th: 0.499584771297207,frac_lost: 0.101, li_recovered:  8.319, time: 0.004973553999661817
L: 15.16, u_super: 0.00467 — INFEASIBLE (li_recovered=0.000e+00), time: 0.0014276239999162499
L: 0.50, u_super: 0.00821, sec: 469.256, prod: 0.185782, t_ads: 23.8, t_des: 21.6, bed_util_ads: 0.500, bed_util_des: 0.500, des_th: 0.4995261982117437,frac_lost: 0.107, li_recovered:  8.441, time: 0.004626018000635668
L: 0.50, u_super: 0.00355, sec: 193.366, prod: 0.079413, t_ads: 54.7, t_des: 48.2, bed_util_ads: 0.500, bed_util_des: 0.500, des_th: 0.49981584942638596,frac_lost: 0.107, li_recovered:  8.173, time: 0.005400246000135667
L: 0.50, u_super: 0.00648, sec: 361.814, prod: 0.146609, t_ads: 30.0, t_des: 27.1, bed_util_ads: 0.498, bed_util_des: 0.498, des_th: 0.498262592356714,frac_lost: 0.102, li_recovered:  8.376, time: 0.0053465270011656685
L: 0.50, u_super: 0.00391, sec: 212.590, prod: 0.087690, t_ads: 49.8, t_des: 45.0, bed_util_ads: 0.497, bed_util_des: 0.497, des_th: 0.49661859186005886,frac_lost: 0.107, li_recovered:  8.311, time: 0.005967596000118647
L: 31.54, u_super: 0.00505 — INFEASIBLE (li_recovered=0.000e+00), time: 0.0013710269995499402
L: 0.50, u_super: 0.00213, sec: 114.363, prod: 0.047195, t_ads: 90.7, t_des: 83.8, bed_util_ads: 0.491, bed_util_des: 0.491, des_th: 0.4905583299983451,frac_lost: 0.107, li_recovered:  8.237, time: 0.0046589900011895224
L: 0.50, u_super: 0.00191, sec: 111.252, prod: 0.038791, t_ads: 101.3, t_des: 117.2, bed_util_ads: 0.462, bed_util_des: 0.460, des_th: 0.4599896749096611,frac_lost: 0.105, li_recovered:  8.475, time: 0.0078095250009937445
L: 0.50, u_super: 0.00475, sec: 261.198, prod: 0.106874, t_ads: 40.9, t_des: 36.1, bed_util_ads: 0.500, bed_util_des: 0.500, des_th: 0.49979836005053146,frac_lost: 0.104, li_recovered:  8.232, time: 0.006113168001320446
L: 0.50, u_super: 0.00988, sec: 575.456, prod: 0.224144, t_ads: 19.8, t_des: 17.9, bed_util_ads: 0.500, bed_util_des: 0.499, des_th: 0.49942132725883337,frac_lost: 0.104, li_recovered:  8.442, time: 0.0046105109995551175
L: 0.50, u_super: 0.00621, sec: 345.975, prod: 0.140570, t_ads: 31.2, t_des: 28.9, bed_util_ads: 0.496, bed_util_des: 0.496, des_th: 0.49571227272956864,frac_lost: 0.102, li_recovered:  8.461, time: 0.006293816999459523
   188 |     7520 |     40 |  0.0027907258 |             f
L: 0.50, u_super: 0.00865, sec: 496.867, prod: 0.195771, t_ads: 22.6, t_des: 20.3, bed_util_ads: 0.500, bed_util_des: 0.500, des_th: 0.49984575095559547,frac_lost: 0.106, li_recovered:  8.391, time: 0.008558344999983092
L: 20.36, u_super: 0.00985 — INFEASIBLE (li_recovered=0.000e+00), time: 0.0021348460013541626
L: 0.50, u_super: 0.00525, sec: 289.163, prod: 0.118679, t_ads: 36.9, t_des: 34.3, bed_util_ads: 0.495, bed_util_des: 0.495, des_th: 0.49486246674695844,frac_lost: 0.101, li_recovered:  8.441, time: 0.00639140800012683
L: 17.44, u_super: 0.00392 — INFEASIBLE (li_recovered=0.000e+00), time: 0.0022773750006308546
L: 0.50, u_super: 0.00415, sec: 226.217, prod: 0.093252, t_ads: 46.9, t_des: 42.3, bed_util_ads: 0.497, bed_util_des: 0.497, des_th: 0.4969879322839935,frac_lost: 0.106, li_recovered:  8.319, time: 0.005443242000183091
L: 0.50, u_super: 0.00781, sec: 444.646, prod: 0.176618, t_ads: 25.1, t_des: 22.8, bed_util_ads: 0.500, bed_util_des: 0.499, des_th: 0.49940750959819197,frac_lost: 0.108, li_recovered:  8.450, time: 0.0069664679995185
L: 4.27, u_super: 0.00309 — INFEASIBLE (li_recovered=0.000e+00), time: 0.0035382590012886794
L: 0.50, u_super: 0.00058, sec: 46.832, prod: 0.008397, t_ads: 326.6, t_des: 647.6, bed_util_ads: 0.373, bed_util_des: 0.359, des_th: 0.3588617536292562,frac_lost: 0.103, li_recovered:  8.180, time: 0.007925645000796067
L: 0.50, u_super: 0.00967, sec: 563.877, prod: 0.218688, t_ads: 20.2, t_des: 19.0, bed_util_ads: 0.495, bed_util_des: 0.494, des_th: 0.49449633090356926,frac_lost: 0.104, li_recovered:  8.574, time: 0.005575185999987298
L: 0.50, u_super: 0.00990, sec: 575.982, prod: 0.224630, t_ads: 19.7, t_des: 17.7, bed_util_ads: 0.500, bed_util_des: 0.500, des_th: 0.4996846028751343,frac_lost: 0.102, li_recovered:  8.397, time: 0.006102248000388499
L: 0.50, u_super: 0.00799, sec: 455.622, prod: 0.180487, t_ads: 24.6, t_des: 22.3, bed_util_ads: 0.500, bed_util_des: 0.499, des_th: 0.49946679726545606,frac_lost: 0.109, li_recovered:  8.456, time: 0.007053702998746303
L: 12.11, u_super: 0.00749 — INFEASIBLE (li_recovered=0.000e+00), time: 0.002182453999921563
L: 0.50, u_super: 0.00865, sec: 1996.329, prod: 0.048726, t_ads: 22.6, t_des: 157.3, bed_util_ads: 0.264, bed_util_des: 0.261, des_th: 0.2614409677537108,frac_lost: 0.101, li_recovered:  8.762, time: 0.022555830000783317
L: 0.50, u_super: 0.00522, sec: 287.664, prod: 0.117872, t_ads: 37.2, t_des: 33.7, bed_util_ads: 0.497, bed_util_des: 0.497, des_th: 0.49713154531563336,frac_lost: 0.103, li_recovered:  8.361, time: 0.0075307799997972324
L: 0.50, u_super: 0.00445, sec: 243.196, prod: 0.100156, t_ads: 43.7, t_des: 39.5, bed_util_ads: 0.497, bed_util_des: 0.497, des_th: 0.49697513475682764,frac_lost: 0.105, li_recovered:  8.335, time: 0.007889024000178324
L: 8.20, u_super: 0.00908, sec: 9559.566, prod: 0.184975, t_ads: 326.5, t_des: 298.2, bed_util_ads: 0.471, bed_util_des: 0.469, des_th: 0.4694155829885864,frac_lost: 0.101, li_recovered:  115.545, time: 0.0052322369992907625
L: 0.50, u_super: 0.00289, sec: 156.321, prod: 0.064527, t_ads: 66.5, t_des: 58.6, bed_util_ads: 0.498, bed_util_des: 0.498, des_th: 0.49826960754551664,frac_lost: 0.100, li_recovered:  8.073, time: 0.005084680000436492
L: 0.50, u_super: 0.00895, sec: 529.459, prod: 0.197437, t_ads: 21.8, t_des: 22.2, bed_util_ads: 0.484, bed_util_des: 0.484, des_th: 0.4840732045751361,frac_lost: 0.103, li_recovered:  8.682, time: 0.0067908700002590194
L: 0.50, u_super: 0.00139, sec: 76.463, prod: 0.029931, t_ads: 136.1, t_des: 115.9, bed_util_ads: 0.496, bed_util_des: 0.496, des_th: 0.49629552710283403,frac_lost: 0.102, li_recovered:  7.544, time: 0.005740807000620407
L: 0.50, u_super: 0.00369, sec: 200.838, prod: 0.082490, t_ads: 52.8, t_des: 46.6, bed_util_ads: 0.500, bed_util_des: 0.499, des_th: 0.4995133423181437,frac_lost: 0.107, li_recovered:  8.197, time: 0.0073427249990345445
L: 0.50, u_super: 0.00845, sec: 484.577, prod: 0.191244, t_ads: 23.2, t_des: 21.0, bed_util_ads: 0.499, bed_util_des: 0.499, des_th: 0.4986983966734937,frac_lost: 0.107, li_recovered:  8.439, time: 0.005420855999545893
L: 0.50, u_super: 0.00570, sec: 315.553, prod: 0.128892, t_ads: 34.0, t_des: 30.8, bed_util_ads: 0.499, bed_util_des: 0.499, des_th: 0.49874945504027524,frac_lost: 0.102, li_recovered:  8.356, time: 0.0063846499997453066
L: 0.50, u_super: 0.00553, sec: 305.506, prod: 0.125148, t_ads: 35.0, t_des: 31.9, bed_util_ads: 0.497, bed_util_des: 0.497, des_th: 0.49692005606478884,frac_lost: 0.101, li_recovered:  8.371, time: 0.0074502289990050485
L: 0.50, u_super: 0.00277, sec: 149.866, prod: 0.061410, t_ads: 69.5, t_des: 60.5, bed_util_ads: 0.499, bed_util_des: 0.499, des_th: 0.4991036165778404,frac_lost: 0.101, li_recovered:  7.986, time: 0.005442416999358102
L: 0.50, u_super: 0.00098 — INFEASIBLE (li_recovered=0.000e+00), time: 0.003416850999201415
L: 0.50, u_super: 0.00100, sec: 169.244, prod: 0.006892, t_ads: 197.1, t_des: 1062.8, bed_util_ads: 0.275, bed_util_des: 0.257, des_th: 0.25697905354424205,frac_lost: 0.107, li_recovered:  8.684, time: 0.019458012000541203
L: 0.50, u_super: 0.00475, sec: 260.515, prod: 0.106884, t_ads: 41.0, t_des: 37.9, bed_util_ads: 0.495, bed_util_des: 0.495, des_th: 0.49475619279737265,frac_lost: 0.105, li_recovered:  8.434, time: 0.00538090500049293
L: 0.50, u_super: 0.00088, sec: 49.631, prod: 0.018170, t_ads: 214.6, t_des: 230.2, bed_util_ads: 0.461, bed_util_des: 0.458, des_th: 0.45812047490343477,frac_lost: 0.104, li_recovered:  8.081, time: 0.006003338001391967
L: 0.50, u_super: 0.00910, sec: 529.316, prod: 0.204619, t_ads: 21.5, t_des: 20.6, bed_util_ads: 0.493, bed_util_des: 0.493, des_th: 0.4925839577306316,frac_lost: 0.106, li_recovered:  8.615, time: 0.006957929999771295
L: 0.50, u_super: 0.00655, sec: 365.930, prod: 0.148181, t_ads: 29.7, t_des: 26.8, bed_util_ads: 0.498, bed_util_des: 0.498, des_th: 0.4982100715871895,frac_lost: 0.102, li_recovered:  8.372, time: 0.004690554000262637
L: 0.50, u_super: 0.00308, sec: 166.530, prod: 0.068812, t_ads: 62.7, t_des: 55.7, bed_util_ads: 0.498, bed_util_des: 0.497, des_th: 0.4972708652272446,frac_lost: 0.103, li_recovered:  8.149, time: 0.0045046590003039455
L: 0.50, u_super: 0.00006 — INFEASIBLE (li_recovered=0.000e+00), time: 0.0018067759992845822
L: 0.50, u_super: 0.00472, sec: 259.128, prod: 0.106039, t_ads: 41.3, t_des: 36.8, bed_util_ads: 0.500, bed_util_des: 0.500, des_th: 0.49979836005053146,frac_lost: 0.107, li_recovered:  8.287, time: 0.0067637989996001124
L: 0.50, u_super: 0.00554, sec: 306.623, prod: 0.125235, t_ads: 35.0, t_des: 31.3, bed_util_ads: 0.500, bed_util_des: 0.500, des_th: 0.49978819887782877,frac_lost: 0.102, li_recovered:  8.307, time: 0.005094676000226173
L: 23.52, u_super: 0.00099 — INFEASIBLE (li_recovered=0.000e+00), time: 0.0012867400000686757
L: 0.50, u_super: 0.00835, sec: 477.867, prod: 0.189049, t_ads: 23.4, t_des: 21.2, bed_util_ads: 0.499, bed_util_des: 0.499, des_th: 0.4987206351711564,frac_lost: 0.106, li_recovered:  8.440, time: 0.00665485500030627
L: 0.50, u_super: 0.00200, sec: 108.662, prod: 0.043782, t_ads: 96.4, t_des: 82.8, bed_util_ads: 0.500, bed_util_des: 0.500, des_th: 0.4996296461436154,frac_lost: 0.107, li_recovered:  7.846, time: 0.005401852999057155
L: 0.50, u_super: 0.00419, sec: 228.816, prod: 0.094222, t_ads: 46.4, t_des: 41.6, bed_util_ads: 0.499, bed_util_des: 0.498, des_th: 0.49850513750683995,frac_lost: 0.106, li_recovered:  8.288, time: 0.007264571999257896
L: 0.50, u_super: 0.00522, sec: 287.946, prod: 0.117757, t_ads: 37.2, t_des: 33.2, bed_util_ads: 0.499, bed_util_des: 0.499, des_th: 0.4987904482427637,frac_lost: 0.103, li_recovered:  8.294, time: 0.004632672000298044
L: 0.50, u_super: 0.00551, sec: 304.452, prod: 0.124643, t_ads: 35.1, t_des: 32.7, bed_util_ads: 0.495, bed_util_des: 0.495, des_th: 0.4945429827845397,frac_lost: 0.100, li_recovered:  8.454, time: 0.005729363001591992
   189 |     7560 |     40 |  0.0028506460 |             f
L: 0.50, u_super: 0.00026, sec: 18.799, prod: 0.004163, t_ads: 692.1, t_des: 1060.7, bed_util_ads: 0.373, bed_util_des: 0.352, des_th: 0.35213961744427413,frac_lost: 0.104, li_recovered:  7.297, time: 0.0077545069998450344
L: 0.50, u_super: 0.00799, sec: 453.919, prod: 0.181164, t_ads: 24.3, t_des: 22.0, bed_util_ads: 0.500, bed_util_des: 0.499, des_th: 0.49948075538293535,frac_lost: 0.101, li_recovered:  8.382, time: 0.007924773999548052
L: 0.50, u_super: 0.00134 — INFEASIBLE (li_recovered=0.000e+00), time: 0.0029573890005849535
L: 0.50, u_super: 0.00678, sec: 381.492, prod: 0.153127, t_ads: 28.8, t_des: 25.8, bed_util_ads: 0.500, bed_util_des: 0.500, des_th: 0.4995377975225635,frac_lost: 0.108, li_recovered:  8.370, time: 0.004612942999301595
L: 0.50, u_super: 0.00143, sec: 94.302, prod: 0.025504, t_ads: 134.1, t_des: 196.3, bed_util_ads: 0.428, bed_util_des: 0.424, des_th: 0.42417019659671357,frac_lost: 0.101, li_recovered:  8.428, time: 0.006877290001284564
L: 0.50, u_super: 0.00158, sec: 86.995, prod: 0.034157, t_ads: 120.8, t_des: 101.8, bed_util_ads: 0.500, bed_util_des: 0.500, des_th: 0.499760393430875,frac_lost: 0.106, li_recovered:  7.605, time: 0.006518913000036264
L: 2.64, u_super: 0.00492 — INFEASIBLE (li_recovered=0.000e+00), time: 0.003335601999424398
L: 0.50, u_super: 0.00678, sec: 380.066, prod: 0.153530, t_ads: 28.6, t_des: 25.9, bed_util_ads: 0.499, bed_util_des: 0.499, des_th: 0.49858938164403327,frac_lost: 0.102, li_recovered:  8.368, time: 0.00619723499949032
L: 0.50, u_super: 0.00147, sec: 81.394, prod: 0.031411, t_ads: 130.0, t_des: 108.1, bed_util_ads: 0.499, bed_util_des: 0.499, des_th: 0.49912529148468976,frac_lost: 0.107, li_recovered:  7.478, time: 0.006372062000082224
L: 0.50, u_super: 0.00966, sec: 561.212, prod: 0.219128, t_ads: 20.2, t_des: 18.4, bed_util_ads: 0.500, bed_util_des: 0.500, des_th: 0.49960656389165725,frac_lost: 0.104, li_recovered:  8.451, time: 0.004685967000114033
L: 0.50, u_super: 0.00216, sec: 116.776, prod: 0.047792, t_ads: 88.5, t_des: 77.5, bed_util_ads: 0.498, bed_util_des: 0.498, des_th: 0.49778043464236804,frac_lost: 0.101, li_recovered:  7.935, time: 0.006225343999176403
L: 6.91, u_super: 0.00026 — INFEASIBLE (li_recovered=0.000e+00), time: 0.001757056001224555
L: 0.50, u_super: 0.00389, sec: 211.973, prod: 0.087371, t_ads: 49.9, t_des: 44.6, bed_util_ads: 0.499, bed_util_des: 0.499, des_th: 0.49874945504027524,frac_lost: 0.106, li_recovered:  8.259, time: 0.008252554000137025
L: 47.94, u_super: 0.00253 — INFEASIBLE (li_recovered=0.000e+00), time: 0.0010529400005907519
L: 36.81, u_super: 0.00839 — INFEASIBLE (li_recovered=0.000e+00), time: 0.0022673329985991586
L: 0.50, u_super: 0.00972, sec: 564.423, prod: 0.220539, t_ads: 20.1, t_des: 18.3, bed_util_ads: 0.500, bed_util_des: 0.499, des_th: 0.49940750959819197,frac_lost: 0.103, li_recovered:  8.453, time: 0.006073538999771699
L: 0.50, u_super: 0.00130, sec: 70.158, prod: 0.028296, t_ads: 146.1, t_des: 132.7, bed_util_ads: 0.488, bed_util_des: 0.487, des_th: 0.48743961993148993,frac_lost: 0.103, li_recovered:  7.890, time: 0.005315505999533343
L: 0.50, u_super: 0.00527, sec: 290.578, prod: 0.119067, t_ads: 36.8, t_des: 33.8, bed_util_ads: 0.496, bed_util_des: 0.496, des_th: 0.4956108926974718,frac_lost: 0.103, li_recovered:  8.406, time: 0.004594623998855241
L: 0.50, u_super: 0.00919, sec: 534.516, prod: 0.206706, t_ads: 21.3, t_des: 20.4, bed_util_ads: 0.492, bed_util_des: 0.491, des_th: 0.49139398679648666,frac_lost: 0.105, li_recovered:  8.612, time: 0.007289716000741464
L: 0.50, u_super: 0.00340, sec: 183.435, prod: 0.076387, t_ads: 56.7, t_des: 52.3, bed_util_ads: 0.494, bed_util_des: 0.494, des_th: 0.4936339302831204,frac_lost: 0.100, li_recovered:  8.327, time: 0.004797866999069811
L: 32.56, u_super: 0.00172 — INFEASIBLE (li_recovered=0.000e+00), time: 0.0013996870002301876
L: 0.50, u_super: 0.00875, sec: 520.817, prod: 0.191200, t_ads: 22.3, t_des: 23.2, bed_util_ads: 0.482, bed_util_des: 0.481, des_th: 0.4814380637153273,frac_lost: 0.104, li_recovered:  8.692, time: 0.005764303999967524
L: 0.50, u_super: 0.00913, sec: 528.391, prod: 0.206356, t_ads: 21.5, t_des: 19.9, bed_util_ads: 0.496, bed_util_des: 0.496, des_th: 0.4958534993479954,frac_lost: 0.107, li_recovered:  8.538, time: 0.00518988600015291
L: 0.50, u_super: 0.00006, sec: 5.244, prod: 0.000742, t_ads: 2433.0, t_des: 3491.5, bed_util_ads: 0.266, bed_util_des: 0.230, des_th: 0.2304987009523996,frac_lost: 0.100, li_recovered:  4.394, time: 0.006691751001199009
L: 20.03, u_super: 0.00781 — INFEASIBLE (li_recovered=0.000e+00), time: 0.0019139549985993654
L: 0.50, u_super: 0.00735, sec: 414.550, prod: 0.166625, t_ads: 26.4, t_des: 23.8, bed_util_ads: 0.500, bed_util_des: 0.499, des_th: 0.49943032562182366,frac_lost: 0.100, li_recovered:  8.364, time: 0.0059262340000714175
L: 0.50, u_super: 0.00441, sec: 261.342, prod: 0.091504, t_ads: 44.0, t_des: 50.4, bed_util_ads: 0.467, bed_util_des: 0.467, des_th: 0.4666703835928693,frac_lost: 0.102, li_recovered:  8.639, time: 0.006228819998796098
L: 0.50, u_super: 0.00391, sec: 213.148, prod: 0.087461, t_ads: 49.8, t_des: 43.9, bed_util_ads: 0.500, bed_util_des: 0.500, des_th: 0.4996534380667031,frac_lost: 0.107, li_recovered:  8.196, time: 0.007288114000402857
L: 0.50, u_super: 0.00990, sec: 578.861, prod: 0.223677, t_ads: 19.8, t_des: 18.6, bed_util_ads: 0.495, bed_util_des: 0.495, des_th: 0.49454125860230985,frac_lost: 0.105, li_recovered:  8.576, time: 0.0063076280002860585
L: 0.50, u_super: 0.00674, sec: 378.791, prod: 0.152178, t_ads: 29.0, t_des: 26.3, bed_util_ads: 0.499, bed_util_des: 0.499, des_th: 0.4986784150203341,frac_lost: 0.108, li_recovered:  8.426, time: 0.006092763998822193
L: 13.23, u_super: 0.00571 — INFEASIBLE (li_recovered=0.000e+00), time: 0.0024781920001260005
L: 0.50, u_super: 0.00088, sec: 48.674, prod: 0.018527, t_ads: 214.5, t_des: 217.9, bed_util_ads: 0.467, bed_util_des: 0.465, des_th: 0.46469946409388607,frac_lost: 0.105, li_recovered:  8.011, time: 0.007999187999303103
L: 0.50, u_super: 0.00334, sec: 181.472, prod: 0.074594, t_ads: 58.2, t_des: 51.4, bed_util_ads: 0.500, bed_util_des: 0.499, des_th: 0.4995056801058117,frac_lost: 0.108, li_recovered:  8.176, time: 0.006822097000622307
L: 15.86, u_super: 0.00777 — INFEASIBLE (li_recovered=0.000e+00), time: 0.0030057110016059596
L: 0.50, u_super: 0.00815, sec: 465.675, prod: 0.184510, t_ads: 24.0, t_des: 21.8, bed_util_ads: 0.499, bed_util_des: 0.498, des_th: 0.4985047625844841,frac_lost: 0.107, li_recovered:  8.444, time: 0.007876489000409492
L: 0.50, u_super: 0.00648, sec: 411.524, prod: 0.129106, t_ads: 30.0, t_des: 37.3, bed_util_ads: 0.458, bed_util_des: 0.457, des_th: 0.4573970321753037,frac_lost: 0.101, li_recovered:  8.685, time: 0.009443901999475202
L: 0.50, u_super: 0.00054, sec: 82.203, prod: 0.004194, t_ads: 357.5, t_des: 1688.1, bed_util_ads: 0.276, bed_util_des: 0.247, des_th: 0.24738660637879914,frac_lost: 0.100, li_recovered:  8.580, time: 0.02442340299967327
L: 0.50, u_super: 0.00598, sec: 453.673, prod: 0.099188, t_ads: 32.7, t_des: 55.0, bed_util_ads: 0.421, bed_util_des: 0.420, des_th: 0.4202130367494138,frac_lost: 0.107, li_recovered:  8.705, time: 0.010290029000316281
L: 0.50, u_super: 0.00659, sec: 368.310, prod: 0.149328, t_ads: 29.4, t_des: 26.6, bed_util_ads: 0.498, bed_util_des: 0.498, des_th: 0.4978665623615283,frac_lost: 0.100, li_recovered:  8.368, time: 0.008454213999357307
L: 0.50, u_super: 0.00143, sec: 79.120, prod: 0.030698, t_ads: 132.1, t_des: 111.0, bed_util_ads: 0.498, bed_util_des: 0.498, des_th: 0.49823151277104005,frac_lost: 0.101, li_recovered:  7.461, time: 0.007094030999724055
   190 |     7600 |     40 |  0.0019592456 |             f
L: 0.50, u_super: 0.00390, sec: 234.898, prod: 0.079164, t_ads: 49.7, t_des: 59.2, bed_util_ads: 0.462, bed_util_des: 0.461, des_th: 0.4608287174433145,frac_lost: 0.103, li_recovered:  8.627, time: 0.008078883000052883
L: 0.50, u_super: 0.00970, sec: 584.660, prod: 0.211999, t_ads: 20.1, t_des: 20.9, bed_util_ads: 0.482, bed_util_des: 0.482, des_th: 0.48212551286403266,frac_lost: 0.104, li_recovered:  8.700, time: 0.009423226001672447
L: 0.50, u_super: 0.00159, sec: 87.215, prod: 0.034218, t_ads: 120.5, t_des: 101.6, bed_util_ads: 0.499, bed_util_des: 0.499, des_th: 0.49874945504027524,frac_lost: 0.106, li_recovered:  7.600, time: 0.00623637399985455
L: 0.50, u_super: 0.00424, sec: 231.436, prod: 0.095199, t_ads: 45.9, t_des: 41.0, bed_util_ads: 0.500, bed_util_des: 0.499, des_th: 0.49942115062941833,frac_lost: 0.106, li_recovered:  8.277, time: 0.007413770999846747
L: 0.50, u_super: 0.00713, sec: 402.529, prod: 0.160930, t_ads: 27.5, t_des: 24.7, bed_util_ads: 0.500, bed_util_des: 0.500, des_th: 0.4996780444982154,frac_lost: 0.108, li_recovered:  8.397, time: 0.006656008999925689
L: 9.33, u_super: 0.00216 — INFEASIBLE (li_recovered=0.000e+00), time: 0.0019454619996395195
L: 23.74, u_super: 0.00345 — INFEASIBLE (li_recovered=0.000e+00), time: 0.0017113470003096154
L: 0.50, u_super: 0.00323, sec: 174.818, prod: 0.072105, t_ads: 60.3, t_des: 53.9, bed_util_ads: 0.497, bed_util_des: 0.497, des_th: 0.4971070256272697,frac_lost: 0.108, li_recovered:  8.232, time: 0.005841775999215315
L: 0.50, u_super: 0.00966, sec: 561.506, prod: 0.219010, t_ads: 20.2, t_des: 18.4, bed_util_ads: 0.500, bed_util_des: 0.500, des_th: 0.49960656389165725,frac_lost: 0.105, li_recovered:  8.458, time: 0.005104212999867741
L: 0.50, u_super: 0.00789, sec: 449.484, prod: 0.178252, t_ads: 24.9, t_des: 22.5, bed_util_ads: 0.499, bed_util_des: 0.499, des_th: 0.49858938164403327,frac_lost: 0.109, li_recovered:  8.445, time: 0.007018823000180419
L: 0.50, u_super: 0.00333, sec: 180.390, prod: 0.074499, t_ads: 57.9, t_des: 51.1, bed_util_ads: 0.500, bed_util_des: 0.500, des_th: 0.49960656389165725,frac_lost: 0.100, li_recovered:  8.114, time: 0.0056885340000008
L: 0.50, u_super: 0.00404, sec: 220.731, prod: 0.090629, t_ads: 48.1, t_des: 42.4, bed_util_ads: 0.500, bed_util_des: 0.500, des_th: 0.49955655845446667,frac_lost: 0.105, li_recovered:  8.205, time: 0.007332421999308281
L: 0.50, u_super: 0.00006 — INFEASIBLE (li_recovered=0.000e+00), time: 0.0012879059995611897
L: 0.50, u_super: 0.00717, sec: 404.984, prod: 0.161970, t_ads: 27.3, t_des: 24.5, bed_util_ads: 0.500, bed_util_des: 0.500, des_th: 0.49999914561771014,frac_lost: 0.107, li_recovered:  8.382, time: 0.005661592000251403
L: 0.50, u_super: 0.00822, sec: 469.738, prod: 0.185817, t_ads: 23.8, t_des: 21.3, bed_util_ads: 0.500, bed_util_des: 0.500, des_th: 0.4998942514582161,frac_lost: 0.107, li_recovered:  8.386, time: 0.007718113000009907
L: 0.50, u_super: 0.00964, sec: 560.272, prod: 0.218556, t_ads: 20.3, t_des: 18.4, bed_util_ads: 0.500, bed_util_des: 0.500, des_th: 0.4996846028751343,frac_lost: 0.106, li_recovered:  8.444, time: 0.005546722999497433
L: 0.50, u_super: 0.00778, sec: 441.516, prod: 0.176553, t_ads: 25.0, t_des: 22.6, bed_util_ads: 0.500, bed_util_des: 0.499, des_th: 0.49948075538293535,frac_lost: 0.101, li_recovered:  8.389, time: 0.006145187000583974
L: 0.50, u_super: 0.00258, sec: 140.544, prod: 0.056788, t_ads: 74.6, t_des: 74.6, bed_util_ads: 0.482, bed_util_des: 0.482, des_th: 0.4816586790847345,frac_lost: 0.101, li_recovered:  8.472, time: 0.007664628999918932
L: 0.50, u_super: 0.00508, sec: 280.029, prod: 0.114623, t_ads: 38.2, t_des: 34.2, bed_util_ads: 0.500, bed_util_des: 0.499, des_th: 0.49942115062941833,frac_lost: 0.104, li_recovered:  8.297, time: 0.005922219999774825
L: 0.50, u_super: 0.00102, sec: 55.920, prod: 0.022027, t_ads: 183.8, t_des: 166.3, bed_util_ads: 0.486, bed_util_des: 0.485, des_th: 0.48483357790975323,frac_lost: 0.103, li_recovered:  7.712, time: 0.005033866000303533
L: 23.84, u_super: 0.00570 — INFEASIBLE (li_recovered=0.000e+00), time: 0.001188124999316642
L: 0.50, u_super: 0.00080, sec: 157.590, prod: 0.004772, t_ads: 244.6, t_des: 1579.0, bed_util_ads: 0.254, bed_util_des: 0.230, des_th: 0.2304987009523996,frac_lost: 0.103, li_recovered:  8.703, time: 0.01597568099896307
L: 0.50, u_super: 0.00966, sec: 561.028, prod: 0.218935, t_ads: 20.2, t_des: 18.3, bed_util_ads: 0.499, bed_util_des: 0.499, des_th: 0.49937653125217024,frac_lost: 0.105, li_recovered:  8.445, time: 0.0045054399997752625
L: 0.50, u_super: 0.00191, sec: 126.209, prod: 0.034194, t_ads: 100.9, t_des: 148.0, bed_util_ads: 0.431, bed_util_des: 0.428, des_th: 0.4277909682480969,frac_lost: 0.100, li_recovered:  8.511, time: 0.004966397998941829
L: 0.50, u_super: 0.00788, sec: 447.060, prod: 0.178783, t_ads: 24.6, t_des: 22.3, bed_util_ads: 0.500, bed_util_des: 0.499, des_th: 0.49940750959819197,frac_lost: 0.100, li_recovered:  8.385, time: 0.0037178580005274853
L: 0.50, u_super: 0.00850, sec: 487.464, prod: 0.192446, t_ads: 23.0, t_des: 20.6, bed_util_ads: 0.500, bed_util_des: 0.500, des_th: 0.49956419066494856,frac_lost: 0.106, li_recovered:  8.395, time: 0.003789779000726412
L: 0.50, u_super: 0.00088, sec: 48.129, prod: 0.018737, t_ads: 214.4, t_des: 203.6, bed_util_ads: 0.477, bed_util_des: 0.475, des_th: 0.47511881751544294,frac_lost: 0.106, li_recovered:  7.832, time: 0.004073620000781375
L: 0.50, u_super: 0.00681, sec: 382.187, prod: 0.154107, t_ads: 28.5, t_des: 25.4, bed_util_ads: 0.500, bed_util_des: 0.500, des_th: 0.49999914561771014,frac_lost: 0.101, li_recovered:  8.314, time: 0.00372287000027427
L: 1.87, u_super: 0.00960, sec: 2138.525, prod: 0.212624, t_ads: 75.3, t_des: 65.4, bed_util_ads: 0.500, bed_util_des: 0.499, des_th: 0.4995056801058117,frac_lost: 0.105, li_recovered:  29.924, time: 0.006434662000174285
L: 0.50, u_super: 0.00086, sec: 74.009, prod: 0.011576, t_ads: 223.7, t_des: 501.0, bed_util_ads: 0.368, bed_util_des: 0.357, des_th: 0.35665421953741633,frac_lost: 0.101, li_recovered:  8.389, time: 0.009821469000598881
L: 0.50, u_super: 0.00678, sec: 2114.148, prod: 0.027601, t_ads: 28.9, t_des: 288.9, bed_util_ads: 0.230, bed_util_des: 0.227, des_th: 0.2265047718392415,frac_lost: 0.104, li_recovered:  8.773, time: 0.021580343000096036
L: 0.50, u_super: 0.00990, sec: 576.929, prod: 0.224457, t_ads: 19.7, t_des: 17.9, bed_util_ads: 0.500, bed_util_des: 0.499, des_th: 0.49942256698289217,frac_lost: 0.105, li_recovered:  8.454, time: 0.004492083000513958
L: 0.50, u_super: 0.00946, sec: 549.807, prod: 0.213764, t_ads: 20.7, t_des: 19.4, bed_util_ads: 0.496, bed_util_des: 0.496, des_th: 0.4958634506620251,frac_lost: 0.106, li_recovered:  8.562, time: 0.005086204999315669
L: 37.81, u_super: 0.00289 — INFEASIBLE (li_recovered=0.000e+00), time: 0.0007231090003188001
L: 0.50, u_super: 0.00191, sec: 102.980, prod: 0.041907, t_ads: 101.2, t_des: 97.6, bed_util_ads: 0.485, bed_util_des: 0.484, des_th: 0.48417459786255623,frac_lost: 0.107, li_recovered:  8.335, time: 0.004782383000929258
L: 0.50, u_super: 0.00155, sec: 85.315, prod: 0.033275, t_ads: 122.6, t_des: 102.8, bed_util_ads: 0.500, bed_util_des: 0.500, des_th: 0.499760393430875,frac_lost: 0.101, li_recovered:  7.502, time: 0.0035616240002127597
L: 0.50, u_super: 0.00458, sec: 251.070, prod: 0.103037, t_ads: 42.5, t_des: 37.9, bed_util_ads: 0.500, bed_util_des: 0.499, des_th: 0.49942132725883337,frac_lost: 0.105, li_recovered:  8.281, time: 0.004746868000438553
L: 0.50, u_super: 0.00053, sec: 30.239, prod: 0.010898, t_ads: 341.9, t_des: 334.4, bed_util_ads: 0.460, bed_util_des: 0.458, des_th: 0.45773901082237034,frac_lost: 0.103, li_recovered:  7.369, time: 0.003591091999624041
L: 0.50, u_super: 0.00966, sec: 609.993, prod: 0.201435, t_ads: 20.2, t_des: 23.0, bed_util_ads: 0.470, bed_util_des: 0.470, des_th: 0.47004191069038165,frac_lost: 0.104, li_recovered:  8.715, time: 0.0048758559987618355
L: 0.50, u_super: 0.00289, sec: 156.461, prod: 0.064469, t_ads: 66.5, t_des: 58.5, bed_util_ads: 0.498, bed_util_des: 0.498, des_th: 0.49821947016854723,frac_lost: 0.101, li_recovered:  8.059, time: 0.0035430030002316926
   191 |     7640 |     40 |  0.0054529196 |             f
L: 0.50, u_super: 0.00931, sec: 538.824, prod: 0.210770, t_ads: 21.0, t_des: 19.5, bed_util_ads: 0.496, bed_util_des: 0.496, des_th: 0.4958634506620251,frac_lost: 0.104, li_recovered:  8.527, time: 0.004967492001014762
L: 0.50, u_super: 0.00246, sec: 133.427, prod: 0.054438, t_ads: 78.4, t_des: 68.1, bed_util_ads: 0.500, bed_util_des: 0.499, des_th: 0.4994988885343746,frac_lost: 0.106, li_recovered:  7.977, time: 0.004634243001419236
L: 0.50, u_super: 0.00292, sec: 157.500, prod: 0.065318, t_ads: 66.0, t_des: 62.3, bed_util_ads: 0.490, bed_util_des: 0.490, des_th: 0.4898627858751324,frac_lost: 0.102, li_recovered:  8.383, time: 0.0038077089993748814
L: 0.50, u_super: 0.00052, sec: 29.698, prod: 0.010654, t_ads: 349.3, t_des: 341.2, bed_util_ads: 0.461, bed_util_des: 0.458, des_th: 0.4578864761227556,frac_lost: 0.104, li_recovered:  7.356, time: 0.004496997000387637
L: 0.50, u_super: 0.00630, sec: 362.737, prod: 0.138156, t_ads: 30.8, t_des: 31.8, bed_util_ads: 0.481, bed_util_des: 0.481, des_th: 0.4811208072753932,frac_lost: 0.101, li_recovered:  8.656, time: 0.004161429000305361
L: 0.50, u_super: 0.00821, sec: 469.663, prod: 0.185716, t_ads: 23.8, t_des: 22.1, bed_util_ads: 0.496, bed_util_des: 0.496, des_th: 0.495531756720148,frac_lost: 0.105, li_recovered:  8.522, time: 0.005573512000410119
L: 26.18, u_super: 0.00655 — INFEASIBLE (li_recovered=0.000e+00), time: 0.0014500130000669742
L: 0.50, u_super: 0.00843, sec: 523.932, prod: 0.175947, t_ads: 23.1, t_des: 26.3, bed_util_ads: 0.470, bed_util_des: 0.470, des_th: 0.469766537278307,frac_lost: 0.103, li_recovered:  8.705, time: 0.004281712001102278
L: 0.50, u_super: 0.00738, sec: 417.663, prod: 0.166747, t_ads: 26.5, t_des: 23.8, bed_util_ads: 0.500, bed_util_des: 0.499, des_th: 0.4993699480724548,frac_lost: 0.107, li_recovered:  8.385, time: 0.004353923000962823
L: 0.50, u_super: 0.00010, sec: 8.561, prod: 0.001313, t_ads: 1820.1, t_des: 3586.4, bed_util_ads: 0.283, bed_util_des: 0.225, des_th: 0.2254567695535605,frac_lost: 0.100, li_recovered:  7.099, time: 0.0065474490002088714
L: 0.50, u_super: 0.00957, sec: 556.138, prod: 0.216898, t_ads: 20.4, t_des: 18.5, bed_util_ads: 0.500, bed_util_des: 0.500, des_th: 0.49968794758471535,frac_lost: 0.106, li_recovered:  8.442, time: 0.0045457249998435145
L: 0.50, u_super: 0.00393, sec: 217.674, prod: 0.086624, t_ads: 49.5, t_des: 49.5, bed_util_ads: 0.484, bed_util_des: 0.484, des_th: 0.48377546954572126,frac_lost: 0.105, li_recovered:  8.576, time: 0.005086347000542446
L: 2.28, u_super: 0.00629, sec: 1965.567, prod: 0.115522, t_ads: 139.7, t_des: 192.2, bed_util_ads: 0.436, bed_util_des: 0.432, des_th: 0.4321158225249342,frac_lost: 0.107, li_recovered:  38.338, time: 0.005533747000299627
L: 0.50, u_super: 0.00085, sec: 46.783, prod: 0.018135, t_ads: 221.0, t_des: 206.9, bed_util_ads: 0.478, bed_util_des: 0.477, des_th: 0.4770526629103683,frac_lost: 0.107, li_recovered:  7.761, time: 0.004801708999366383
L: 0.50, u_super: 0.00691, sec: 389.537, prod: 0.156058, t_ads: 28.3, t_des: 25.4, bed_util_ads: 0.500, bed_util_des: 0.500, des_th: 0.4999732987641263,frac_lost: 0.108, li_recovered:  8.381, time: 0.004037009999592556
L: 0.50, u_super: 0.00008, sec: 6.610, prod: 0.001108, t_ads: 2148.2, t_des: 3578.4, bed_util_ads: 0.283, bed_util_des: 0.230, des_th: 0.2304987009523996,frac_lost: 0.103, li_recovered:  6.342, time: 0.005361240999263828
L: 0.50, u_super: 0.00972, sec: 610.651, prod: 0.204120, t_ads: 20.1, t_des: 22.6, bed_util_ads: 0.473, bed_util_des: 0.472, des_th: 0.4724958571497895,frac_lost: 0.105, li_recovered:  8.715, time: 0.007018533999143983
L: 0.50, u_super: 0.00844, sec: 483.541, prod: 0.190962, t_ads: 23.2, t_des: 21.0, bed_util_ads: 0.500, bed_util_des: 0.500, des_th: 0.4995656218301213,frac_lost: 0.107, li_recovered:  8.447, time: 0.008542515999579336
L: 0.50, u_super: 0.00545, sec: 300.848, prod: 0.123206, t_ads: 35.6, t_des: 32.7, bed_util_ads: 0.496, bed_util_des: 0.496, des_th: 0.4956108926974718,frac_lost: 0.102, li_recovered:  8.410, time: 0.006005803999869386
L: 45.04, u_super: 0.00876 — INFEASIBLE (li_recovered=0.000e+00), time: 0.001807720998840523
L: 0.50, u_super: 0.00502, sec: 276.264, prod: 0.113208, t_ads: 38.7, t_des: 34.6, bed_util_ads: 0.500, bed_util_des: 0.499, des_th: 0.49942115062941833,frac_lost: 0.103, li_recovered:  8.292, time: 0.008662766000270494
L: 0.50, u_super: 0.00285, sec: 155.119, prod: 0.062981, t_ads: 67.8, t_des: 66.9, bed_util_ads: 0.485, bed_util_des: 0.484, des_th: 0.4842118493763444,frac_lost: 0.103, li_recovered:  8.485, time: 0.007212253998659435
L: 0.50, u_super: 0.00117, sec: 65.135, prod: 0.024902, t_ads: 161.5, t_des: 136.1, bed_util_ads: 0.496, bed_util_des: 0.496, des_th: 0.49634657500607593,frac_lost: 0.106, li_recovered:  7.410, time: 0.005658647000018391
L: 0.50, u_super: 0.00850, sec: 487.770, prod: 0.192456, t_ads: 23.0, t_des: 20.6, bed_util_ads: 0.500, bed_util_des: 0.500, des_th: 0.4999112165594197,frac_lost: 0.106, li_recovered:  8.394, time: 0.005170865999389207
L: 12.87, u_super: 0.00492 — INFEASIBLE (li_recovered=0.000e+00), time: 0.002451927999572945
L: 0.50, u_super: 0.00124, sec: 69.549, prod: 0.025939, t_ads: 153.5, t_des: 125.1, bed_util_ads: 0.499, bed_util_des: 0.499, des_th: 0.4993016908780433,frac_lost: 0.106, li_recovered:  7.225, time: 0.007181544999184553
L: 0.50, u_super: 0.00174, sec: 95.530, prod: 0.037723, t_ads: 109.5, t_des: 92.4, bed_util_ads: 0.500, bed_util_des: 0.500, des_th: 0.49976041821709377,frac_lost: 0.102, li_recovered:  7.617, time: 0.004601906000971212
L: 0.50, u_super: 0.00452, sec: 247.564, prod: 0.101719, t_ads: 43.1, t_des: 38.8, bed_util_ads: 0.499, bed_util_des: 0.498, des_th: 0.49835187726677066,frac_lost: 0.106, li_recovered:  8.329, time: 0.006165630999021232
L: 0.50, u_super: 0.00085, sec: 47.296, prod: 0.018102, t_ads: 219.7, t_des: 197.0, bed_util_ads: 0.482, bed_util_des: 0.481, des_th: 0.48148421407696795,frac_lost: 0.107, li_recovered:  7.543, time: 0.0053724209992651595
L: 0.50, u_super: 0.00155, sec: 85.526, prod: 0.033193, t_ads: 123.5, t_des: 102.9, bed_util_ads: 0.500, bed_util_des: 0.500, des_th: 0.4997570487212939,frac_lost: 0.106, li_recovered:  7.512, time: 0.006909506999363657
L: 0.50, u_super: 0.00630, sec: 351.493, prod: 0.142575, t_ads: 30.8, t_des: 28.5, bed_util_ads: 0.496, bed_util_des: 0.496, des_th: 0.4959838619415816,frac_lost: 0.102, li_recovered:  8.464, time: 0.005581191999226576
L: 0.50, u_super: 0.00191, sec: 103.350, prod: 0.041757, t_ads: 100.4, t_des: 86.9, bed_util_ads: 0.497, bed_util_des: 0.497, des_th: 0.4970168418875211,frac_lost: 0.102, li_recovered:  7.822, time: 0.010100053999849479
L: 0.50, u_super: 0.00053 — INFEASIBLE (li_recovered=0.000e+00), time: 0.004859501999817439
L: 0.50, u_super: 0.00682, sec: 381.959, prod: 0.154448, t_ads: 28.5, t_des: 26.0, bed_util_ads: 0.497, bed_util_des: 0.497, des_th: 0.4967507713174768,frac_lost: 0.101, li_recovered:  8.417, time: 0.009602707999874838
L: 0.50, u_super: 0.00788, sec: 447.743, prod: 0.178677, t_ads: 24.7, t_des: 22.2, bed_util_ads: 0.500, bed_util_des: 0.499, des_th: 0.499497031633614,frac_lost: 0.102, li_recovered:  8.373, time: 0.007053897999867331
L: 0.50, u_super: 0.00487, sec: 267.225, prod: 0.109806, t_ads: 39.9, t_des: 36.9, bed_util_ads: 0.496, bed_util_des: 0.496, des_th: 0.4956108926974718,frac_lost: 0.103, li_recovered:  8.431, time: 0.006293194999670959
L: 0.50, u_super: 0.00823, sec: 470.690, prod: 0.186200, t_ads: 23.8, t_des: 21.5, bed_util_ads: 0.500, bed_util_des: 0.499, des_th: 0.4994292256831326,frac_lost: 0.107, li_recovered:  8.438, time: 0.008921635999286082
L: 0.50, u_super: 0.00764, sec: 432.462, prod: 0.173044, t_ads: 25.5, t_des: 23.0, bed_util_ads: 0.499, bed_util_des: 0.499, des_th: 0.4993685417101853,frac_lost: 0.102, li_recovered:  8.388, time: 0.00991969000097015
L: 0.50, u_super: 0.00729, sec: 418.484, prod: 0.162288, t_ads: 26.9, t_des: 26.4, bed_util_ads: 0.489, bed_util_des: 0.489, des_th: 0.48862175010832626,frac_lost: 0.107, li_recovered:  8.640, time: 0.009043955000379356
L: 14.94, u_super: 0.00733 — INFEASIBLE (li_recovered=0.000e+00), time: 0.002558337999289506
   192 |     7680 |     40 |  0.0040574194 |             f
L: 43.62, u_super: 0.00916, sec: 76817.236, prod: 0.124858, t_ads: 1691.1, t_des: 3181.0, bed_util_ads: 0.291, bed_util_des: 0.239, des_th: 0.23888903729746327,frac_lost: 0.101, li_recovered:  608.313, time: 0.010233507000521058
L: 40.41, u_super: 0.00190 — INFEASIBLE (li_recovered=0.000e+00), time: 0.0012774699989677174
L: 0.50, u_super: 0.00355, sec: 193.262, prod: 0.079456, t_ads: 54.8, t_des: 48.4, bed_util_ads: 0.500, bed_util_des: 0.500, des_th: 0.49982281999522976,frac_lost: 0.108, li_recovered:  8.195, time: 0.008039435000682715
L: 0.50, u_super: 0.00982, sec: 571.698, prod: 0.222852, t_ads: 19.9, t_des: 18.0, bed_util_ads: 0.500, bed_util_des: 0.500, des_th: 0.49964077547179364,frac_lost: 0.104, li_recovered:  8.449, time: 0.011302048000288778
L: 0.50, u_super: 0.00914, sec: 527.871, prod: 0.207123, t_ads: 21.4, t_des: 19.4, bed_util_ads: 0.500, bed_util_des: 0.500, des_th: 0.4996846028751343,frac_lost: 0.105, li_recovered:  8.453, time: 0.008898054999008309
L: 0.50, u_super: 0.00369, sec: 200.544, prod: 0.082833, t_ads: 52.7, t_des: 47.7, bed_util_ads: 0.497, bed_util_des: 0.497, des_th: 0.49661859186005886,frac_lost: 0.107, li_recovered:  8.312, time: 0.010092432999954326
L: 0.50, u_super: 0.00246, sec: 133.427, prod: 0.054437, t_ads: 78.3, t_des: 67.9, bed_util_ads: 0.500, bed_util_des: 0.499, des_th: 0.4994988885343746,frac_lost: 0.105, li_recovered:  7.963, time: 0.008306166000693338
L: 0.50, u_super: 0.00445, sec: 243.268, prod: 0.100125, t_ads: 43.8, t_des: 39.9, bed_util_ads: 0.497, bed_util_des: 0.497, des_th: 0.49692768619409583,frac_lost: 0.106, li_recovered:  8.376, time: 0.007731374000286451
L: 0.50, u_super: 0.00124, sec: 68.618, prod: 0.026291, t_ads: 153.6, t_des: 128.9, bed_util_ads: 0.497, bed_util_des: 0.497, des_th: 0.4970322340333182,frac_lost: 0.106, li_recovered:  7.427, time: 0.013933976000771509
L: 0.50, u_super: 0.00235, sec: 126.731, prod: 0.052269, t_ads: 81.9, t_des: 72.9, bed_util_ads: 0.496, bed_util_des: 0.496, des_th: 0.49600001788102177,frac_lost: 0.104, li_recovered:  8.089, time: 0.009717070999613497
L: 0.50, u_super: 0.00652, sec: 364.135, prod: 0.147729, t_ads: 29.7, t_des: 27.0, bed_util_ads: 0.498, bed_util_des: 0.498, des_th: 0.4983113057144219,frac_lost: 0.100, li_recovered:  8.377, time: 0.009354977999464609
L: 0.50, u_super: 0.00957, sec: 555.475, prod: 0.217157, t_ads: 20.4, t_des: 18.3, bed_util_ads: 0.500, bed_util_des: 0.500, des_th: 0.49968794758471535,frac_lost: 0.104, li_recovered:  8.402, time: 0.00585090099957597
L: 33.39, u_super: 0.00571 — INFEASIBLE (li_recovered=0.000e+00), time: 0.0015539479991275584
L: 0.50, u_super: 0.00717, sec: 404.077, prod: 0.162439, t_ads: 27.1, t_des: 24.2, bed_util_ads: 0.500, bed_util_des: 0.500, des_th: 0.4997737171104331,frac_lost: 0.101, li_recovered:  8.325, time: 0.007762148999972851
L: 0.50, u_super: 0.00913, sec: 527.339, prod: 0.206768, t_ads: 21.4, t_des: 19.4, bed_util_ads: 0.500, bed_util_des: 0.500, des_th: 0.4996846028751343,frac_lost: 0.106, li_recovered:  8.446, time: 0.006916882999576046
L: 0.50, u_super: 0.00873, sec: 502.505, prod: 0.197682, t_ads: 22.4, t_des: 20.8, bed_util_ads: 0.496, bed_util_des: 0.496, des_th: 0.4956969262132021,frac_lost: 0.105, li_recovered:  8.522, time: 0.00745389900112059
L: 0.50, u_super: 0.00268, sec: 162.268, prod: 0.053097, t_ads: 72.7, t_des: 88.8, bed_util_ads: 0.457, bed_util_des: 0.455, des_th: 0.45544671469935644,frac_lost: 0.108, li_recovered:  8.573, time: 0.005088713000077405
L: 0.50, u_super: 0.00338, sec: 183.990, prod: 0.075354, t_ads: 57.5, t_des: 50.2, bed_util_ads: 0.500, bed_util_des: 0.500, des_th: 0.49981584942638596,frac_lost: 0.108, li_recovered:  8.123, time: 0.0049409010007366305
L: 0.50, u_super: 0.00417, sec: 227.977, prod: 0.093754, t_ads: 46.6, t_des: 41.6, bed_util_ads: 0.500, bed_util_des: 0.499, des_th: 0.4994735981601719,frac_lost: 0.106, li_recovered:  8.268, time: 0.00450785800057929
L: 0.50, u_super: 0.00006 — INFEASIBLE (li_recovered=0.000e+00), time: 0.0012088050007150741
L: 0.50, u_super: 0.00014 — INFEASIBLE (li_recovered=0.000e+00), time: 0.0017371800004184479
L: 0.50, u_super: 0.00985, sec: 574.356, prod: 0.223182, t_ads: 19.9, t_des: 18.0, bed_util_ads: 0.500, bed_util_des: 0.499, des_th: 0.49942132725883337,frac_lost: 0.107, li_recovered:  8.452, time: 0.004048279999551596
L: 0.50, u_super: 0.00799, sec: 453.791, prod: 0.181215, t_ads: 24.3, t_des: 21.9, bed_util_ads: 0.500, bed_util_des: 0.499, des_th: 0.4994815551824255,frac_lost: 0.100, li_recovered:  8.379, time: 0.003708411999468808
L: 0.50, u_super: 0.00308, sec: 166.510, prod: 0.068820, t_ads: 62.8, t_des: 55.8, bed_util_ads: 0.497, bed_util_des: 0.497, des_th: 0.49721205863511037,frac_lost: 0.104, li_recovered:  8.159, time: 0.0038963620008871658
L: 0.50, u_super: 0.00864, sec: 495.970, prod: 0.195563, t_ads: 22.6, t_des: 20.3, bed_util_ads: 0.500, bed_util_des: 0.500, des_th: 0.4995056801058117,frac_lost: 0.106, li_recovered:  8.399, time: 0.004223207000904949
L: 50.76, u_super: 0.00682 — INFEASIBLE (li_recovered=0.000e+00), time: 0.001253618998816819
L: 0.50, u_super: 0.00595, sec: 330.493, prod: 0.134615, t_ads: 32.6, t_des: 30.2, bed_util_ads: 0.495, bed_util_des: 0.495, des_th: 0.49486246674695844,frac_lost: 0.102, li_recovered:  8.458, time: 0.004309678000936401
L: 4.74, u_super: 0.00478 — INFEASIBLE (li_recovered=0.000e+00), time: 0.004501213999901665
L: 0.50, u_super: 0.00534, sec: 294.471, prod: 0.120633, t_ads: 36.4, t_des: 33.3, bed_util_ads: 0.496, bed_util_des: 0.496, des_th: 0.49571227272956864,frac_lost: 0.103, li_recovered:  8.405, time: 0.005417628999566659
L: 0.50, u_super: 0.00665, sec: 372.106, prod: 0.150749, t_ads: 29.1, t_des: 26.4, bed_util_ads: 0.499, bed_util_des: 0.499, des_th: 0.49874892312914393,frac_lost: 0.100, li_recovered:  8.375, time: 0.006255324000449036
L: 21.59, u_super: 0.00990 — INFEASIBLE (li_recovered=0.000e+00), time: 0.001550740998936817
L: 0.50, u_super: 0.00191, sec: 102.479, prod: 0.042112, t_ads: 100.3, t_des: 96.8, bed_util_ads: 0.485, bed_util_des: 0.484, des_th: 0.48417459786255623,frac_lost: 0.100, li_recovered:  8.302, time: 0.004687128001023666
L: 0.50, u_super: 0.00414, sec: 226.228, prod: 0.092996, t_ads: 47.0, t_des: 41.9, bed_util_ads: 0.499, bed_util_des: 0.499, des_th: 0.49874920092465974,frac_lost: 0.107, li_recovered:  8.273, time: 0.0062445269995805575
L: 1.06, u_super: 0.00246 — INFEASIBLE (li_recovered=0.000e+00), time: 0.002475533001415897
L: 0.50, u_super: 0.00527, sec: 290.718, prod: 0.119010, t_ads: 36.8, t_des: 33.0, bed_util_ads: 0.500, bed_util_des: 0.500, des_th: 0.49959233096446415,frac_lost: 0.103, li_recovered:  8.314, time: 0.0046203889996832
L: 0.50, u_super: 0.00653, sec: 364.979, prod: 0.147969, t_ads: 29.7, t_des: 27.6, bed_util_ads: 0.495, bed_util_des: 0.495, des_th: 0.49486246674695844,frac_lost: 0.100, li_recovered:  8.469, time: 0.005878673000552226
L: 0.50, u_super: 0.00445, sec: 243.285, prod: 0.100119, t_ads: 43.8, t_des: 40.0, bed_util_ads: 0.497, bed_util_des: 0.497, des_th: 0.49662758610402996,frac_lost: 0.106, li_recovered:  8.389, time: 0.0064001920000009704
L: 0.50, u_super: 0.00226, sec: 700.702, prod: 0.008684, t_ads: 87.1, t_des: 923.3, bed_util_ads: 0.220, bed_util_des: 0.210, des_th: 0.2098410715751041,frac_lost: 0.104, li_recovered:  8.774, time: 0.028670431000136887
L: 0.50, u_super: 0.00913, sec: 527.094, prod: 0.206864, t_ads: 21.4, t_des: 19.2, bed_util_ads: 0.500, bed_util_des: 0.500, des_th: 0.49966869994445945,frac_lost: 0.105, li_recovered:  8.400, time: 0.0053333710002334556
L: 0.50, u_super: 0.00700, sec: 394.831, prod: 0.158184, t_ads: 27.9, t_des: 25.1, bed_util_ads: 0.500, bed_util_des: 0.500, des_th: 0.4999864511049607,frac_lost: 0.108, li_recovered:  8.384, time: 0.006417850998332142
   193 |     7720 |     40 |  0.0029098609 |             f
L: 0.50, u_super: 0.00548, sec: 303.984, prod: 0.123469, t_ads: 35.7, t_des: 32.8, bed_util_ads: 0.496, bed_util_des: 0.496, des_th: 0.4956108926974718,frac_lost: 0.109, li_recovered:  8.457, time: 0.00556453300123394
L: 0.50, u_super: 0.00154, sec: 90.487, prod: 0.030902, t_ads: 124.5, t_des: 147.4, bed_util_ads: 0.456, bed_util_des: 0.453, des_th: 0.45342372780533036,frac_lost: 0.103, li_recovered:  8.403, time: 0.006145549999928335
L: 0.50, u_super: 0.00621, sec: 347.347, prod: 0.140015, t_ads: 31.6, t_des: 28.3, bed_util_ads: 0.500, bed_util_des: 0.499, des_th: 0.4994055745690543,frac_lost: 0.110, li_recovered:  8.381, time: 0.005534058000193909
L: 0.50, u_super: 0.00078, sec: 43.737, prod: 0.016136, t_ads: 239.9, t_des: 207.9, bed_util_ads: 0.485, bed_util_des: 0.484, des_th: 0.4842118493763444,frac_lost: 0.106, li_recovered:  7.227, time: 0.003953759998694295
L: 0.50, u_super: 0.00456, sec: 280.425, prod: 0.091535, t_ads: 42.5, t_des: 52.0, bed_util_ads: 0.460, bed_util_des: 0.459, des_th: 0.45912131050567867,frac_lost: 0.102, li_recovered:  8.649, time: 0.004523294999671634
L: 0.50, u_super: 0.00305, sec: 168.187, prod: 0.066985, t_ads: 63.7, t_des: 63.8, bed_util_ads: 0.483, bed_util_des: 0.482, des_th: 0.4823854962137986,frac_lost: 0.107, li_recovered:  8.534, time: 0.0051773669983958825
L: 0.50, u_super: 0.00738, sec: 416.397, prod: 0.167257, t_ads: 26.3, t_des: 23.8, bed_util_ads: 0.499, bed_util_des: 0.499, des_th: 0.4993699480724548,frac_lost: 0.101, li_recovered:  8.387, time: 0.003742994000276667
L: 0.50, u_super: 0.00006, sec: 5.221, prod: 0.000738, t_ads: 2442.9, t_des: 3508.0, bed_util_ads: 0.266, bed_util_des: 0.230, des_th: 0.2304987009523996,frac_lost: 0.101, li_recovered:  4.391, time: 0.004928022000967758
L: 0.50, u_super: 0.00799, sec: 455.647, prod: 0.180480, t_ads: 24.6, t_des: 22.2, bed_util_ads: 0.500, bed_util_des: 0.499, des_th: 0.4994815551824255,frac_lost: 0.109, li_recovered:  8.441, time: 0.004277647998605971
L: 0.50, u_super: 0.00990, sec: 577.963, prod: 0.224057, t_ads: 19.7, t_des: 18.5, bed_util_ads: 0.495, bed_util_des: 0.495, des_th: 0.4952693166595543,frac_lost: 0.103, li_recovered:  8.564, time: 0.0038703989994246513
L: 44.80, u_super: 0.00864 — INFEASIBLE (li_recovered=0.000e+00), time: 0.0015930589997878997
L: 39.68, u_super: 0.00102 — INFEASIBLE (li_recovered=0.000e+00), time: 0.0006825589989603031
L: 0.50, u_super: 0.00955, sec: 557.918, prod: 0.214863, t_ads: 20.5, t_des: 19.6, bed_util_ads: 0.492, bed_util_des: 0.492, des_th: 0.49151437416416893,frac_lost: 0.104, li_recovered:  8.616, time: 0.00609785400047258
L: 0.50, u_super: 0.00286, sec: 155.627, prod: 0.063152, t_ads: 67.7, t_des: 66.6, bed_util_ads: 0.485, bed_util_des: 0.484, des_th: 0.4842118493763444,frac_lost: 0.104, li_recovered:  8.485, time: 0.004690666999522364
L: 0.50, u_super: 0.00216, sec: 117.229, prod: 0.047607, t_ads: 88.5, t_des: 76.6, bed_util_ads: 0.499, bed_util_des: 0.499, des_th: 0.4987277376251098,frac_lost: 0.101, li_recovered:  7.860, time: 0.0057213610016333405
L: 0.50, u_super: 0.00892, sec: 513.607, prod: 0.201975, t_ads: 21.9, t_des: 19.9, bed_util_ads: 0.500, bed_util_des: 0.500, des_th: 0.4996846028751343,frac_lost: 0.106, li_recovered:  8.445, time: 0.0052800270004809136
L: 0.50, u_super: 0.00391, sec: 212.954, prod: 0.087540, t_ads: 49.8, t_des: 44.0, bed_util_ads: 0.500, bed_util_des: 0.500, des_th: 0.4997458947073733,frac_lost: 0.106, li_recovered:  8.208, time: 0.005206980998991639
L: 0.50, u_super: 0.00621, sec: 345.936, prod: 0.140586, t_ads: 31.3, t_des: 28.7, bed_util_ads: 0.497, bed_util_des: 0.497, des_th: 0.4972193422803281,frac_lost: 0.102, li_recovered:  8.425, time: 0.005906455000513233
L: 0.50, u_super: 0.00535, sec: 294.830, prod: 0.121027, t_ads: 36.2, t_des: 33.3, bed_util_ads: 0.496, bed_util_des: 0.496, des_th: 0.49571227272956864,frac_lost: 0.100, li_recovered:  8.409, time: 0.00514682500033814
L: 0.50, u_super: 0.00854, sec: 489.819, prod: 0.193146, t_ads: 22.9, t_des: 21.3, bed_util_ads: 0.496, bed_util_des: 0.496, des_th: 0.4958024258811623,frac_lost: 0.105, li_recovered:  8.523, time: 0.004593788000420318
L: 0.50, u_super: 0.00275, sec: 156.550, prod: 0.058181, t_ads: 70.1, t_des: 76.8, bed_util_ads: 0.471, bed_util_des: 0.470, des_th: 0.4697933373645079,frac_lost: 0.102, li_recovered:  8.550, time: 0.0044376840014592744
L: 0.50, u_super: 0.00127, sec: 70.071, prod: 0.027181, t_ads: 149.3, t_des: 126.9, bed_util_ads: 0.495, bed_util_des: 0.495, des_th: 0.49475619279737265,frac_lost: 0.104, li_recovered:  7.508, time: 0.006463247000283445
L: 10.91, u_super: 0.00630 — INFEASIBLE (li_recovered=0.000e+00), time: 0.004176483000264852
L: 0.50, u_super: 0.00478, sec: 261.964, prod: 0.107700, t_ads: 40.7, t_des: 37.1, bed_util_ads: 0.497, bed_util_des: 0.497, des_th: 0.49697513475682764,frac_lost: 0.104, li_recovered:  8.379, time: 0.008547403998818481
L: 0.50, u_super: 0.00012 — INFEASIBLE (li_recovered=0.000e+00), time: 0.0028954879999218974
L: 0.50, u_super: 0.00990, sec: 576.339, prod: 0.224684, t_ads: 19.7, t_des: 17.9, bed_util_ads: 0.500, bed_util_des: 0.499, des_th: 0.49942132725883337,frac_lost: 0.103, li_recovered:  8.456, time: 0.009631026001443388
L: 0.50, u_super: 0.00551, sec: 304.483, prod: 0.124690, t_ads: 35.2, t_des: 32.3, bed_util_ads: 0.496, bed_util_des: 0.496, des_th: 0.49556173470279646,frac_lost: 0.101, li_recovered:  8.407, time: 0.008830937000311678
L: 0.50, u_super: 0.00059 — INFEASIBLE (li_recovered=0.000e+00), time: 0.00510132599993085
L: 0.50, u_super: 0.00052, sec: 86.132, prod: 0.003670, t_ads: 376.5, t_des: 1976.0, bed_util_ads: 0.265, bed_util_des: 0.233, des_th: 0.23336409388261978,frac_lost: 0.103, li_recovered:  8.634, time: 0.02793687000121281
L: 0.50, u_super: 0.00451, sec: 246.946, prod: 0.101585, t_ads: 43.1, t_des: 38.9, bed_util_ads: 0.499, bed_util_des: 0.498, des_th: 0.49835187726677066,frac_lost: 0.105, li_recovered:  8.337, time: 0.009302735999881406
L: 0.50, u_super: 0.00570, sec: 320.126, prod: 0.127050, t_ads: 34.3, t_des: 33.4, bed_util_ads: 0.490, bed_util_des: 0.490, des_th: 0.4895348487497396,frac_lost: 0.108, li_recovered:  8.600, time: 0.007098042000507121
L: 0.50, u_super: 0.00764, sec: 433.856, prod: 0.172488, t_ads: 25.7, t_des: 23.3, bed_util_ads: 0.500, bed_util_des: 0.499, des_th: 0.4993898639170685,frac_lost: 0.109, li_recovered:  8.442, time: 0.013604851999843959
L: 0.50, u_super: 0.00167, sec: 89.534, prod: 0.036770, t_ads: 114.7, t_des: 106.6, bed_util_ads: 0.488, bed_util_des: 0.487, des_th: 0.48701855698818325,frac_lost: 0.103, li_recovered:  8.136, time: 0.011536308998984168
L: 0.50, u_super: 0.00308, sec: 166.245, prod: 0.068930, t_ads: 62.9, t_des: 57.0, bed_util_ads: 0.496, bed_util_des: 0.496, des_th: 0.49565892843620385,frac_lost: 0.105, li_recovered:  8.267, time: 0.009604995999325183
L: 0.50, u_super: 0.00516, sec: 283.862, prod: 0.116506, t_ads: 37.6, t_des: 34.5, bed_util_ads: 0.496, bed_util_des: 0.496, des_th: 0.4961597976343151,frac_lost: 0.102, li_recovered:  8.405, time: 0.010507382001378573
L: 0.50, u_super: 0.00498, sec: 273.410, prod: 0.112347, t_ads: 39.0, t_des: 36.1, bed_util_ads: 0.495, bed_util_des: 0.495, des_th: 0.49487973127595897,frac_lost: 0.102, li_recovered:  8.429, time: 0.008816768000542652
L: 0.50, u_super: 0.00155, sec: 85.289, prod: 0.033286, t_ads: 122.5, t_des: 102.8, bed_util_ads: 0.500, bed_util_des: 0.500, des_th: 0.49983185155837395,frac_lost: 0.100, li_recovered:  7.499, time: 0.00690700799896149
L: 0.50, u_super: 0.00114, sec: 61.719, prod: 0.024681, t_ads: 166.4, t_des: 153.5, bed_util_ads: 0.485, bed_util_des: 0.484, des_th: 0.48428455950989074,frac_lost: 0.105, li_recovered:  7.896, time: 0.010122037001565332
L: 0.50, u_super: 0.00337, sec: 183.449, prod: 0.075280, t_ads: 57.8, t_des: 50.8, bed_util_ads: 0.500, bed_util_des: 0.500, des_th: 0.4996657970223225,frac_lost: 0.109, li_recovered:  8.177, time: 0.008479308999085333
L: 0.50, u_super: 0.00068, sec: 37.920, prod: 0.014263, t_ads: 272.8, t_des: 258.8, bed_util_ads: 0.472, bed_util_des: 0.470, des_th: 0.4697933373645079,frac_lost: 0.106, li_recovered:  7.583, time: 0.008508592998623499
   194 |     7760 |     40 |  0.0021801982 |             f
L: 0.50, u_super: 0.00514, sec: 282.853, prod: 0.116058, t_ads: 37.8, t_des: 34.7, bed_util_ads: 0.496, bed_util_des: 0.496, des_th: 0.4961597976343151,frac_lost: 0.103, li_recovered:  8.409, time: 0.008084343000518857
L: 0.50, u_super: 0.00019, sec: 12.849, prod: 0.003185, t_ads: 853.4, t_des: 1010.5, bed_util_ads: 0.384, bed_util_des: 0.373, des_th: 0.37292406223128727,frac_lost: 0.102, li_recovered:  5.936, time: 0.0077026260005368385
L: 0.50, u_super: 0.00867, sec: 497.756, prod: 0.196281, t_ads: 22.6, t_des: 20.5, bed_util_ads: 0.500, bed_util_des: 0.499, des_th: 0.4994815551824255,frac_lost: 0.106, li_recovered:  8.455, time: 0.0070350909991248045
L: 39.44, u_super: 0.00063 — INFEASIBLE (li_recovered=0.000e+00), time: 0.0009271950002585072
L: 0.50, u_super: 0.00785, sec: 445.668, prod: 0.178196, t_ads: 24.7, t_des: 22.3, bed_util_ads: 0.499, bed_util_des: 0.499, des_th: 0.4993685417101853,frac_lost: 0.100, li_recovered:  8.384, time: 0.006905275000463007
L: 0.50, u_super: 0.00734, sec: 415.500, prod: 0.165903, t_ads: 26.6, t_des: 23.9, bed_util_ads: 0.500, bed_util_des: 0.500, des_th: 0.4996927300840147,frac_lost: 0.107, li_recovered:  8.381, time: 0.006759049001630046
L: 28.50, u_super: 0.00411, sec: 21270.000, prod: 0.055580, t_ads: 2046.7, t_des: 2936.9, bed_util_ads: 0.284, bed_util_des: 0.250, des_th: 0.24987644909798898,frac_lost: 0.101, li_recovered:  276.986, time: 0.005352348000087659
L: 0.50, u_super: 0.00663, sec: 370.989, prod: 0.150237, t_ads: 29.3, t_des: 26.5, bed_util_ads: 0.499, bed_util_des: 0.499, des_th: 0.49877352762616445,frac_lost: 0.101, li_recovered:  8.372, time: 0.004346431000158191
L: 0.50, u_super: 0.00151, sec: 81.122, prod: 0.033039, t_ads: 127.1, t_des: 119.5, bed_util_ads: 0.485, bed_util_des: 0.484, des_th: 0.48417459786255623,frac_lost: 0.105, li_recovered:  8.146, time: 0.006233428000996355
L: 0.50, u_super: 0.00788, sec: 447.581, prod: 0.178742, t_ads: 24.6, t_des: 22.2, bed_util_ads: 0.500, bed_util_des: 0.500, des_th: 0.4995619622370966,frac_lost: 0.101, li_recovered:  8.377, time: 0.006209212000612752
L: 0.50, u_super: 0.00391, sec: 212.434, prod: 0.087755, t_ads: 49.8, t_des: 45.1, bed_util_ads: 0.497, bed_util_des: 0.497, des_th: 0.49661859186005886,frac_lost: 0.105, li_recovered:  8.320, time: 0.005655123000906315
L: 0.50, u_super: 0.00224, sec: 121.272, prod: 0.049603, t_ads: 86.1, t_des: 75.6, bed_util_ads: 0.498, bed_util_des: 0.498, des_th: 0.49778043464236804,frac_lost: 0.107, li_recovered:  8.023, time: 0.005507535999640822
L: 0.50, u_super: 0.00977, sec: 568.693, prod: 0.221608, t_ads: 20.0, t_des: 18.2, bed_util_ads: 0.499, bed_util_des: 0.499, des_th: 0.49874892312914393,frac_lost: 0.105, li_recovered:  8.456, time: 0.00510357799976191
L: 0.50, u_super: 0.00006, sec: 6.920, prod: 0.000557, t_ads: 1907.2, t_des: 2141.1, bed_util_ads: 0.271, bed_util_des: 0.259, des_th: 0.25893429248510036,frac_lost: 0.101, li_recovered:  2.254, time: 0.006084298998757731
L: 0.50, u_super: 0.00159, sec: 85.343, prod: 0.034860, t_ads: 120.8, t_des: 113.4, bed_util_ads: 0.486, bed_util_des: 0.485, des_th: 0.48483357790975323,frac_lost: 0.105, li_recovered:  8.165, time: 0.007062700999085791
L: 0.50, u_super: 0.00881, sec: 507.597, prod: 0.199380, t_ads: 22.2, t_des: 20.6, bed_util_ads: 0.496, bed_util_des: 0.496, des_th: 0.4958634506620251,frac_lost: 0.105, li_recovered:  8.529, time: 0.007247840001582517
L: 27.60, u_super: 0.00130 — INFEASIBLE (li_recovered=0.000e+00), time: 0.0008469680014968617
L: 0.50, u_super: 0.00595, sec: 330.572, prod: 0.134582, t_ads: 32.6, t_des: 30.2, bed_util_ads: 0.495, bed_util_des: 0.495, des_th: 0.49486246674695844,frac_lost: 0.102, li_recovered:  8.458, time: 0.00592643999880238
L: 0.50, u_super: 0.00931, sec: 544.225, prod: 0.208679, t_ads: 21.0, t_des: 20.4, bed_util_ads: 0.490, bed_util_des: 0.490, des_th: 0.4902070168470479,frac_lost: 0.105, li_recovered:  8.636, time: 0.005701432000932982
L: 7.02, u_super: 0.00355 — INFEASIBLE (li_recovered=0.000e+00), time: 0.0015132110002014088
L: 0.50, u_super: 0.00299, sec: 161.440, prod: 0.066772, t_ads: 64.6, t_des: 57.4, bed_util_ads: 0.497, bed_util_des: 0.497, des_th: 0.4971659979869644,frac_lost: 0.103, li_recovered:  8.148, time: 0.0052846039998257766
L: 0.50, u_super: 0.00570, sec: 315.787, prod: 0.128796, t_ads: 34.0, t_des: 30.5, bed_util_ads: 0.499, bed_util_des: 0.499, des_th: 0.4987436814227347,frac_lost: 0.101, li_recovered:  8.306, time: 0.0052028710015292745
L: 0.50, u_super: 0.00788, sec: 447.376, prod: 0.178756, t_ads: 24.6, t_des: 22.3, bed_util_ads: 0.500, bed_util_des: 0.500, des_th: 0.49968794758471535,frac_lost: 0.101, li_recovered:  8.389, time: 0.004504254000494257
L: 6.91, u_super: 0.00895 — INFEASIBLE (li_recovered=0.000e+00), time: 0.0040399310000793776
L: 0.50, u_super: 0.00020 — INFEASIBLE (li_recovered=0.000e+00), time: 0.002553121999881114
L: 1.30, u_super: 0.00949, sec: 1447.773, prod: 0.212735, t_ads: 53.4, t_des: 48.8, bed_util_ads: 0.496, bed_util_des: 0.496, des_th: 0.4957778173607078,frac_lost: 0.109, li_recovered:  21.738, time: 0.003929507998691406
L: 0.50, u_super: 0.00804, sec: 458.361, prod: 0.181756, t_ads: 24.4, t_des: 22.1, bed_util_ads: 0.500, bed_util_des: 0.499, des_th: 0.4994685657876447,frac_lost: 0.107, li_recovered:  8.442, time: 0.007977536999533186
L: 0.50, u_super: 0.00068, sec: 37.937, prod: 0.014257, t_ads: 272.9, t_des: 258.5, bed_util_ads: 0.471, bed_util_des: 0.469, des_th: 0.4691146874954436,frac_lost: 0.106, li_recovered:  7.576, time: 0.005005507000532816
L: 0.50, u_super: 0.00298, sec: 161.232, prod: 0.066362, t_ads: 64.7, t_des: 56.8, bed_util_ads: 0.500, bed_util_des: 0.500, des_th: 0.49982281999522976,frac_lost: 0.102, li_recovered:  8.064, time: 0.005198283999561681
L: 0.50, u_super: 0.00671, sec: 406.672, prod: 0.140527, t_ads: 29.2, t_des: 32.7, bed_util_ads: 0.471, bed_util_des: 0.471, des_th: 0.4709098154533972,frac_lost: 0.107, li_recovered:  8.690, time: 0.005082648000097834
L: 0.50, u_super: 0.00633, sec: 352.891, prod: 0.143066, t_ads: 30.8, t_des: 28.2, bed_util_ads: 0.497, bed_util_des: 0.497, des_th: 0.4967507713174768,frac_lost: 0.103, li_recovered:  8.429, time: 0.006644906001383788
L: 0.50, u_super: 0.00570, sec: 315.553, prod: 0.128892, t_ads: 34.0, t_des: 30.8, bed_util_ads: 0.499, bed_util_des: 0.499, des_th: 0.49874945504027524,frac_lost: 0.102, li_recovered:  8.356, time: 0.006070854000427062
L: 0.50, u_super: 0.00516, sec: 284.211, prod: 0.116363, t_ads: 37.7, t_des: 34.4, bed_util_ads: 0.496, bed_util_des: 0.496, des_th: 0.4961597976343151,frac_lost: 0.105, li_recovered:  8.399, time: 0.006315212000117754
L: 0.50, u_super: 0.00765, sec: 434.566, prod: 0.172933, t_ads: 25.6, t_des: 23.2, bed_util_ads: 0.499, bed_util_des: 0.499, des_th: 0.49874892312914393,frac_lost: 0.108, li_recovered:  8.445, time: 0.007980386999406619
L: 0.50, u_super: 0.00915, sec: 529.267, prod: 0.207198, t_ads: 21.3, t_des: 19.8, bed_util_ads: 0.496, bed_util_des: 0.496, des_th: 0.4958634506620251,frac_lost: 0.105, li_recovered:  8.529, time: 0.010237554999548593
L: 40.49, u_super: 0.00411 — INFEASIBLE (li_recovered=0.000e+00), time: 0.002780141001494485
L: 0.50, u_super: 0.00349, sec: 190.138, prod: 0.078018, t_ads: 55.8, t_des: 49.1, bed_util_ads: 0.500, bed_util_des: 0.500, des_th: 0.4998317295711363,frac_lost: 0.109, li_recovered:  8.180, time: 0.007730729999821051
L: 0.50, u_super: 0.00615, sec: 388.544, prod: 0.122368, t_ads: 31.6, t_des: 39.4, bed_util_ads: 0.459, bed_util_des: 0.458, des_th: 0.45797716635557106,frac_lost: 0.100, li_recovered:  8.680, time: 0.007976300001246273
L: 29.60, u_super: 0.00211 — INFEASIBLE (li_recovered=0.000e+00), time: 0.0011967709997406928
L: 30.72, u_super: 0.00833 — INFEASIBLE (li_recovered=0.000e+00), time: 0.0014885700002196245
   195 |     7800 |     40 |  0.0036187147 |             f
L: 0.50, u_super: 0.00854, sec: 490.757, prod: 0.192776, t_ads: 23.0, t_des: 21.3, bed_util_ads: 0.497, bed_util_des: 0.497, des_th: 0.49713182548381746,frac_lost: 0.108, li_recovered:  8.530, time: 0.00510910299999523
L: 0.50, u_super: 0.00123, sec: 67.428, prod: 0.026439, t_ads: 153.9, t_des: 156.7, bed_util_ads: 0.473, bed_util_des: 0.471, des_th: 0.4709279129670213,frac_lost: 0.101, li_recovered:  8.211, time: 0.0047850519986241125
L: 23.89, u_super: 0.00337 — INFEASIBLE (li_recovered=0.000e+00), time: 0.0010513849993003532
L: 0.50, u_super: 0.00571, sec: 316.215, prod: 0.129107, t_ads: 34.0, t_des: 30.8, bed_util_ads: 0.499, bed_util_des: 0.499, des_th: 0.49891653066470515,frac_lost: 0.102, li_recovered:  8.367, time: 0.004215724000459886
L: 0.50, u_super: 0.00014, sec: 11.815, prod: 0.001927, t_ads: 1284.5, t_des: 2450.4, bed_util_ads: 0.311, bed_util_des: 0.266, des_th: 0.26612517794811763,frac_lost: 0.103, li_recovered:  7.199, time: 0.004984814999261289
L: 0.50, u_super: 0.00416, sec: 227.164, prod: 0.093464, t_ads: 46.8, t_des: 41.8, bed_util_ads: 0.500, bed_util_des: 0.499, des_th: 0.49946010263278917,frac_lost: 0.106, li_recovered:  8.275, time: 0.0046472850008285604
L: 0.50, u_super: 0.00386, sec: 210.081, prod: 0.086825, t_ads: 50.3, t_des: 45.6, bed_util_ads: 0.496, bed_util_des: 0.496, des_th: 0.49615099546369196,frac_lost: 0.105, li_recovered:  8.328, time: 0.0046677800000907155
L: 8.20, u_super: 0.00804 — INFEASIBLE (li_recovered=0.000e+00), time: 0.00228758800039941
L: 22.26, u_super: 0.00285 — INFEASIBLE (li_recovered=0.000e+00), time: 0.001067981000232976
L: 0.50, u_super: 0.00579, sec: 320.906, prod: 0.130923, t_ads: 33.5, t_des: 31.0, bed_util_ads: 0.495, bed_util_des: 0.495, des_th: 0.49486246674695844,frac_lost: 0.102, li_recovered:  8.452, time: 0.004756669999551377
L: 0.50, u_super: 0.00734, sec: 426.486, prod: 0.161627, t_ads: 26.6, t_des: 27.0, bed_util_ads: 0.485, bed_util_des: 0.484, des_th: 0.48432785707656645,frac_lost: 0.106, li_recovered:  8.669, time: 0.004062748999785981
L: 0.50, u_super: 0.00397, sec: 408.528, prod: 0.047213, t_ads: 49.2, t_des: 135.1, bed_util_ads: 0.361, bed_util_des: 0.358, des_th: 0.35781323362089346,frac_lost: 0.105, li_recovered:  8.702, time: 0.009958769000149914
L: 0.50, u_super: 0.00073, sec: 41.880, prod: 0.015024, t_ads: 251.0, t_des: 213.9, bed_util_ads: 0.485, bed_util_des: 0.485, des_th: 0.48503223918285615,frac_lost: 0.101, li_recovered:  6.985, time: 0.004028070999993361
L: 0.50, u_super: 0.00431, sec: 235.757, prod: 0.096987, t_ads: 45.0, t_des: 40.2, bed_util_ads: 0.499, bed_util_des: 0.499, des_th: 0.49874945504027524,frac_lost: 0.105, li_recovered:  8.265, time: 0.006315116001132992
L: 0.50, u_super: 0.00990, sec: 576.519, prod: 0.224617, t_ads: 19.7, t_des: 17.9, bed_util_ads: 0.500, bed_util_des: 0.499, des_th: 0.4994652254274067,frac_lost: 0.104, li_recovered:  8.455, time: 0.007137099999454222
L: 0.50, u_super: 0.00072 — INFEASIBLE (li_recovered=0.000e+00), time: 0.003965724999943632
L: 0.50, u_super: 0.00475, sec: 260.515, prod: 0.106884, t_ads: 41.0, t_des: 37.9, bed_util_ads: 0.495, bed_util_des: 0.495, des_th: 0.49475619279737265,frac_lost: 0.105, li_recovered:  8.434, time: 0.006228013000509236
L: 7.20, u_super: 0.00594 — INFEASIBLE (li_recovered=0.000e+00), time: 0.0023666090000915574
L: 0.50, u_super: 0.00744, sec: 420.156, prod: 0.168614, t_ads: 26.1, t_des: 23.6, bed_util_ads: 0.500, bed_util_des: 0.500, des_th: 0.49996495312846445,frac_lost: 0.101, li_recovered:  8.373, time: 0.006276273999901605
L: 0.50, u_super: 0.00446, sec: 247.472, prod: 0.099043, t_ads: 43.6, t_des: 43.0, bed_util_ads: 0.486, bed_util_des: 0.485, des_th: 0.4854057731512163,frac_lost: 0.104, li_recovered:  8.578, time: 0.00789238600009412
L: 0.50, u_super: 0.00474, sec: 259.955, prod: 0.106682, t_ads: 41.1, t_des: 37.6, bed_util_ads: 0.497, bed_util_des: 0.497, des_th: 0.49662739403068207,frac_lost: 0.106, li_recovered:  8.396, time: 0.008738286000152584
L: 0.50, u_super: 0.00990, sec: 576.452, prod: 0.224639, t_ads: 19.7, t_des: 17.9, bed_util_ads: 0.500, bed_util_des: 0.499, des_th: 0.49942132725883337,frac_lost: 0.104, li_recovered:  8.457, time: 0.009112979998462833
L: 0.50, u_super: 0.00915, sec: 529.259, prod: 0.207200, t_ads: 21.3, t_des: 19.8, bed_util_ads: 0.497, bed_util_des: 0.496, des_th: 0.4964956804331201,frac_lost: 0.105, li_recovered:  8.524, time: 0.005487630000061472
L: 0.50, u_super: 0.00516, sec: 288.468, prod: 0.114646, t_ads: 37.6, t_des: 37.4, bed_util_ads: 0.486, bed_util_des: 0.485, des_th: 0.4853923860169545,frac_lost: 0.102, li_recovered:  8.601, time: 0.006400631998985773
L: 24.47, u_super: 0.00258 — INFEASIBLE (li_recovered=0.000e+00), time: 0.0014442179999605287
L: 0.50, u_super: 0.00026 — INFEASIBLE (li_recovered=0.000e+00), time: 0.002087147000565892
L: 0.50, u_super: 0.00350, sec: 190.229, prod: 0.078199, t_ads: 55.6, t_des: 49.0, bed_util_ads: 0.500, bed_util_des: 0.499, des_th: 0.4993402991017653,frac_lost: 0.107, li_recovered:  8.177, time: 0.005457330000353977
L: 0.50, u_super: 0.00475, sec: 260.429, prod: 0.106919, t_ads: 41.0, t_des: 37.4, bed_util_ads: 0.498, bed_util_des: 0.497, des_th: 0.4973569051400567,frac_lost: 0.106, li_recovered:  8.386, time: 0.005213586999161635
L: 0.50, u_super: 0.00567, sec: 314.007, prod: 0.128281, t_ads: 34.2, t_des: 31.4, bed_util_ads: 0.497, bed_util_des: 0.497, des_th: 0.49697513475682764,frac_lost: 0.102, li_recovered:  8.412, time: 0.006320381000477937
L: 0.50, u_super: 0.00341, sec: 184.624, prod: 0.076244, t_ads: 57.2, t_des: 51.7, bed_util_ads: 0.497, bed_util_des: 0.497, des_th: 0.49661859186005886,frac_lost: 0.108, li_recovered:  8.302, time: 0.008387417999983882
L: 0.50, u_super: 0.00682, sec: 418.723, prod: 0.140887, t_ads: 28.7, t_des: 33.0, bed_util_ads: 0.469, bed_util_des: 0.468, des_th: 0.4681189131176018,frac_lost: 0.107, li_recovered:  8.693, time: 0.008332534000146552
L: 0.50, u_super: 0.00592, sec: 354.802, prod: 0.123950, t_ads: 32.8, t_des: 37.1, bed_util_ads: 0.470, bed_util_des: 0.470, des_th: 0.4697933373645079,frac_lost: 0.102, li_recovered:  8.672, time: 0.008070574998782831
L: 0.50, u_super: 0.00452, sec: 276.545, prod: 0.091036, t_ads: 42.9, t_des: 52.1, bed_util_ads: 0.461, bed_util_des: 0.460, des_th: 0.4601668179921775,frac_lost: 0.102, li_recovered:  8.648, time: 0.00749077599903103
L: 0.50, u_super: 0.00239, sec: 129.793, prod: 0.052601, t_ads: 80.7, t_des: 69.3, bed_util_ads: 0.500, bed_util_des: 0.500, des_th: 0.4996657970223225,frac_lost: 0.105, li_recovered:  7.893, time: 0.006125283000073978
L: 0.50, u_super: 0.00191, sec: 102.974, prod: 0.041910, t_ads: 101.2, t_des: 97.6, bed_util_ads: 0.485, bed_util_des: 0.484, des_th: 0.48417459786255623,frac_lost: 0.107, li_recovered:  8.334, time: 0.0065150179998454405
L: 0.50, u_super: 0.00135, sec: 73.845, prod: 0.029120, t_ads: 140.2, t_des: 121.0, bed_util_ads: 0.495, bed_util_des: 0.495, des_th: 0.49475619279737265,frac_lost: 0.101, li_recovered:  7.605, time: 0.009506458998657763
L: 0.50, u_super: 0.00100, sec: 56.746, prod: 0.020809, t_ads: 187.1, t_des: 154.1, bed_util_ads: 0.495, bed_util_des: 0.495, des_th: 0.49486246674695844,frac_lost: 0.103, li_recovered:  7.098, time: 0.007189472000391106
L: 0.50, u_super: 0.00677, sec: 379.284, prod: 0.153481, t_ads: 28.6, t_des: 26.2, bed_util_ads: 0.497, bed_util_des: 0.497, des_th: 0.49693090237241333,frac_lost: 0.101, li_recovered:  8.416, time: 0.007024540000202251
L: 9.49, u_super: 0.00159 — INFEASIBLE (li_recovered=0.000e+00), time: 0.001209344000017154
L: 0.50, u_super: 0.00911, sec: 525.884, prod: 0.206582, t_ads: 21.4, t_des: 19.4, bed_util_ads: 0.499, bed_util_des: 0.499, des_th: 0.4989721003039348,frac_lost: 0.105, li_recovered:  8.443, time: 0.004164535999734653
   196 |     7840 |     40 |  0.0016321808 |             f
L: 2.18, u_super: 0.00859, sec: 2206.392, prod: 0.189383, t_ads: 96.8, t_des: 84.9, bed_util_ads: 0.496, bed_util_des: 0.496, des_th: 0.4958024258811623,frac_lost: 0.101, li_recovered:  34.418, time: 0.004486106998228934
L: 0.50, u_super: 0.00258, sec: 139.560, prod: 0.057188, t_ads: 74.6, t_des: 72.9, bed_util_ads: 0.485, bed_util_des: 0.484, des_th: 0.4842118493763444,frac_lost: 0.101, li_recovered:  8.432, time: 0.0044423540002753725
L: 0.50, u_super: 0.00935, sec: 541.159, prod: 0.211993, t_ads: 20.9, t_des: 19.2, bed_util_ads: 0.498, bed_util_des: 0.498, des_th: 0.4980622500036716,frac_lost: 0.104, li_recovered:  8.485, time: 0.005759249999755411
L: 0.50, u_super: 0.00094 — INFEASIBLE (li_recovered=0.000e+00), time: 0.0024524079999537207
L: 0.50, u_super: 0.00006, sec: 5.782, prod: 0.000666, t_ads: 2151.5, t_des: 2771.3, bed_util_ads: 0.268, bed_util_des: 0.245, des_th: 0.24542774616720642,frac_lost: 0.101, li_recovered:  3.280, time: 0.003169793000779464
L: 0.50, u_super: 0.00564, sec: 312.055, prod: 0.127682, t_ads: 34.3, t_des: 31.5, bed_util_ads: 0.496, bed_util_des: 0.496, des_th: 0.49610550196152264,frac_lost: 0.101, li_recovered:  8.406, time: 0.005681884998921305
L: 0.50, u_super: 0.00946, sec: 605.017, prod: 0.194421, t_ads: 20.7, t_des: 24.2, bed_util_ads: 0.467, bed_util_des: 0.467, des_th: 0.4668705064450617,frac_lost: 0.105, li_recovered:  8.716, time: 0.0043665709999913815
L: 61.53, u_super: 0.00524 — INFEASIBLE (li_recovered=0.000e+00), time: 0.0008309569984703558
L: 0.50, u_super: 0.00035 — INFEASIBLE (li_recovered=0.000e+00), time: 0.0018369989993516356
L: 34.89, u_super: 0.00734 — INFEASIBLE (li_recovered=0.000e+00), time: 0.0008909890002541943
L: 0.50, u_super: 0.00399, sec: 216.851, prod: 0.089589, t_ads: 48.7, t_des: 44.0, bed_util_ads: 0.497, bed_util_des: 0.497, des_th: 0.49655181165312984,frac_lost: 0.104, li_recovered:  8.304, time: 0.005424967999715591
L: 0.50, u_super: 0.00595, sec: 630.358, prod: 0.070578, t_ads: 32.8, t_des: 90.8, bed_util_ads: 0.361, bed_util_des: 0.359, des_th: 0.3590306726400817,frac_lost: 0.102, li_recovered:  8.723, time: 0.006908845998623292
L: 11.45, u_super: 0.00218 — INFEASIBLE (li_recovered=0.000e+00), time: 0.0020251949990779394
L: 0.50, u_super: 0.00567, sec: 314.264, prod: 0.128176, t_ads: 34.2, t_des: 30.6, bed_util_ads: 0.499, bed_util_des: 0.499, des_th: 0.4987793986220386,frac_lost: 0.102, li_recovered:  8.306, time: 0.0051656380001077196
L: 17.66, u_super: 0.00279 — INFEASIBLE (li_recovered=0.000e+00), time: 0.0009482969999226043
L: 0.50, u_super: 0.00682, sec: 383.045, prod: 0.154038, t_ads: 28.7, t_des: 26.1, bed_util_ads: 0.499, bed_util_des: 0.498, des_th: 0.4983865773049175,frac_lost: 0.106, li_recovered:  8.434, time: 0.003657109999039676
L: 0.50, u_super: 0.00596, sec: 331.452, prod: 0.134690, t_ads: 32.6, t_des: 29.2, bed_util_ads: 0.500, bed_util_des: 0.500, des_th: 0.4996764771431701,frac_lost: 0.103, li_recovered:  8.319, time: 0.005496230000062496
L: 0.50, u_super: 0.00990, sec: 590.088, prod: 0.219452, t_ads: 19.7, t_des: 19.9, bed_util_ads: 0.486, bed_util_des: 0.486, des_th: 0.4858313658108997,frac_lost: 0.104, li_recovered:  8.682, time: 0.004371564000393846
L: 4.93, u_super: 0.00290 — INFEASIBLE (li_recovered=0.000e+00), time: 0.0022166529997775797
L: 0.50, u_super: 0.00337, sec: 183.598, prod: 0.075220, t_ads: 57.6, t_des: 50.3, bed_util_ads: 0.500, bed_util_des: 0.500, des_th: 0.49977964000356145,frac_lost: 0.107, li_recovered:  8.119, time: 0.005590840999502689
L: 0.50, u_super: 0.00653, sec: 364.474, prod: 0.147922, t_ads: 29.7, t_des: 26.9, bed_util_ads: 0.499, bed_util_des: 0.499, des_th: 0.49877352762616445,frac_lost: 0.100, li_recovered:  8.377, time: 0.003999728000053437
L: 0.50, u_super: 0.00613, sec: 341.176, prod: 0.138793, t_ads: 31.6, t_des: 29.3, bed_util_ads: 0.496, bed_util_des: 0.496, des_th: 0.49563422072153474,frac_lost: 0.101, li_recovered:  8.456, time: 0.006613052999455249
L: 0.50, u_super: 0.00764, sec: 454.282, prod: 0.164733, t_ads: 25.7, t_des: 27.1, bed_util_ads: 0.480, bed_util_des: 0.480, des_th: 0.47987278701240954,frac_lost: 0.108, li_recovered:  8.694, time: 0.004650722999940626
L: 0.50, u_super: 0.00404, sec: 219.787, prod: 0.090759, t_ads: 48.1, t_des: 43.4, bed_util_ads: 0.497, bed_util_des: 0.497, des_th: 0.497020628258997,frac_lost: 0.105, li_recovered:  8.308, time: 0.006416712998543517
L: 0.50, u_super: 0.00734, sec: 415.558, prod: 0.165880, t_ads: 26.7, t_des: 23.9, bed_util_ads: 0.500, bed_util_des: 0.500, des_th: 0.4996903843216148,frac_lost: 0.107, li_recovered:  8.386, time: 0.004693329001383972
L: 0.50, u_super: 0.00682, sec: 383.515, prod: 0.153821, t_ads: 28.7, t_des: 26.4, bed_util_ads: 0.497, bed_util_des: 0.497, des_th: 0.49675276148319086,frac_lost: 0.108, li_recovered:  8.477, time: 0.004963470999427955
L: 0.50, u_super: 0.00496, sec: 1400.774, prod: 0.021791, t_ads: 39.7, t_des: 362.9, bed_util_ads: 0.237, bed_util_des: 0.232, des_th: 0.23239482927757338,frac_lost: 0.108, li_recovered:  8.774, time: 0.024488371000188636
L: 0.50, u_super: 0.00874, sec: 503.246, prod: 0.197700, t_ads: 22.4, t_des: 20.1, bed_util_ads: 0.500, bed_util_des: 0.500, des_th: 0.4999926703108691,frac_lost: 0.108, li_recovered:  8.402, time: 0.004999767999834148
L: 10.91, u_super: 0.00258 — INFEASIBLE (li_recovered=0.000e+00), time: 0.0013663009995070752
L: 0.50, u_super: 0.00012 — INFEASIBLE (li_recovered=0.000e+00), time: 0.001032387999657658
L: 15.60, u_super: 0.00354 — INFEASIBLE (li_recovered=0.000e+00), time: 0.001073109999197186
L: 0.50, u_super: 0.00842, sec: 482.006, prod: 0.190530, t_ads: 23.2, t_des: 21.4, bed_util_ads: 0.498, bed_util_des: 0.498, des_th: 0.49780367139718656,frac_lost: 0.105, li_recovered:  8.491, time: 0.004240453999955207
L: 0.50, u_super: 0.00659, sec: 368.444, prod: 0.149266, t_ads: 29.5, t_des: 27.0, bed_util_ads: 0.497, bed_util_des: 0.497, des_th: 0.4967507713174768,frac_lost: 0.101, li_recovered:  8.431, time: 0.0064646329992683604
L: 28.90, u_super: 0.00238 — INFEASIBLE (li_recovered=0.000e+00), time: 0.0008469949989375891
L: 15.33, u_super: 0.00989 — INFEASIBLE (li_recovered=0.000e+00), time: 0.00294416099859518
L: 0.50, u_super: 0.00765, sec: 440.345, prod: 0.170482, t_ads: 25.6, t_des: 25.1, bed_util_ads: 0.489, bed_util_des: 0.488, des_th: 0.4884590535556313,frac_lost: 0.106, li_recovered:  8.641, time: 0.0054241269990598084
L: 0.50, u_super: 0.00560, sec: 309.822, prod: 0.126615, t_ads: 34.7, t_des: 31.8, bed_util_ads: 0.497, bed_util_des: 0.497, des_th: 0.49697513475682764,frac_lost: 0.103, li_recovered:  8.414, time: 0.005483191998791881
L: 3.73, u_super: 0.00990, sec: 4611.961, prod: 0.209722, t_ads: 143.5, t_des: 118.7, bed_util_ads: 0.499, bed_util_des: 0.499, des_th: 0.49942132725883337,frac_lost: 0.105, li_recovered:  54.981, time: 0.005030694999732077
L: 0.50, u_super: 0.00430, sec: 234.794, prod: 0.096571, t_ads: 45.2, t_des: 40.4, bed_util_ads: 0.499, bed_util_des: 0.498, des_th: 0.49829944481696337,frac_lost: 0.105, li_recovered:  8.265, time: 0.005856927000422729
L: 0.50, u_super: 0.00804, sec: 552.575, prod: 0.150767, t_ads: 24.3, t_des: 33.5, bed_util_ads: 0.447, bed_util_des: 0.446, des_th: 0.4462720073446256,frac_lost: 0.104, li_recovered:  8.711, time: 0.0071557499995833496
   197 |     7880 |     40 |  0.0031979898 |             f
L: 0.50, u_super: 0.00113, sec: 61.223, prod: 0.024349, t_ads: 168.5, t_des: 153.2, bed_util_ads: 0.486, bed_util_des: 0.485, des_th: 0.48483357790975323,frac_lost: 0.106, li_recovered:  7.832, time: 0.006382263998602866
L: 0.50, u_super: 0.00842, sec: 489.059, prod: 0.187782, t_ads: 23.3, t_des: 22.8, bed_util_ads: 0.490, bed_util_des: 0.489, des_th: 0.4894066645597977,frac_lost: 0.107, li_recovered:  8.648, time: 0.007847687000321457
L: 0.50, u_super: 0.00285, sec: 154.376, prod: 0.063575, t_ads: 67.5, t_des: 59.4, bed_util_ads: 0.499, bed_util_des: 0.498, des_th: 0.4982908632175527,frac_lost: 0.102, li_recovered:  8.067, time: 0.005054741001004004
L: 0.50, u_super: 0.00386, sec: 210.136, prod: 0.086802, t_ads: 50.3, t_des: 45.6, bed_util_ads: 0.496, bed_util_des: 0.496, des_th: 0.49615099546369196,frac_lost: 0.106, li_recovered:  8.322, time: 0.005294541000694153
L: 0.50, u_super: 0.00718, sec: 404.981, prod: 0.162672, t_ads: 27.0, t_des: 24.1, bed_util_ads: 0.500, bed_util_des: 0.500, des_th: 0.499973891520886,frac_lost: 0.101, li_recovered:  8.317, time: 0.00552332799998112
L: 0.50, u_super: 0.00317, sec: 171.149, prod: 0.071143, t_ads: 60.7, t_des: 54.7, bed_util_ads: 0.497, bed_util_des: 0.496, des_th: 0.4964314521017149,frac_lost: 0.101, li_recovered:  8.213, time: 0.006010848999721929
L: 0.50, u_super: 0.00667, sec: 1994.145, prod: 0.028309, t_ads: 29.4, t_des: 280.5, bed_util_ads: 0.234, bed_util_des: 0.230, des_th: 0.2304987009523996,frac_lost: 0.104, li_recovered:  8.771, time: 0.02548877499975788
L: 0.50, u_super: 0.00730, sec: 464.871, prod: 0.146682, t_ads: 26.7, t_des: 32.6, bed_util_ads: 0.462, bed_util_des: 0.461, des_th: 0.46116021552563746,frac_lost: 0.105, li_recovered:  8.700, time: 0.004462024000531528
L: 0.50, u_super: 0.00804, sec: 458.349, prod: 0.181761, t_ads: 24.3, t_des: 21.8, bed_util_ads: 0.500, bed_util_des: 0.500, des_th: 0.4997957706977662,frac_lost: 0.106, li_recovered:  8.391, time: 0.004675666999901296
L: 0.50, u_super: 0.00983, sec: 571.980, prod: 0.223045, t_ads: 19.8, t_des: 18.0, bed_util_ads: 0.500, bed_util_des: 0.500, des_th: 0.4995303921858556,frac_lost: 0.104, li_recovered:  8.444, time: 0.004231065000567469
L: 35.62, u_super: 0.00123 — INFEASIBLE (li_recovered=0.000e+00), time: 0.0009091740012081573
L: 0.50, u_super: 0.00516, sec: 283.827, prod: 0.116520, t_ads: 37.6, t_des: 34.1, bed_util_ads: 0.498, bed_util_des: 0.498, des_th: 0.49802999412504984,frac_lost: 0.102, li_recovered:  8.353, time: 0.005277312000544043
L: 0.50, u_super: 0.00452, sec: 248.697, prod: 0.101254, t_ads: 43.0, t_des: 41.1, bed_util_ads: 0.490, bed_util_des: 0.490, des_th: 0.48990182716046826,frac_lost: 0.105, li_recovered:  8.522, time: 0.0065440559992566705
L: 7.62, u_super: 0.00561 — INFEASIBLE (li_recovered=0.000e+00), time: 0.003526947000864311
L: 63.36, u_super: 0.00026 — INFEASIBLE (li_recovered=0.000e+00), time: 0.0009371520009153755
L: 0.50, u_super: 0.00299, sec: 161.624, prod: 0.066906, t_ads: 64.4, t_des: 57.3, bed_util_ads: 0.497, bed_util_des: 0.497, des_th: 0.4971659979869644,frac_lost: 0.102, li_recovered:  8.142, time: 0.004733703999590944
L: 0.50, u_super: 0.00017, sec: 18.270, prod: 0.001917, t_ads: 1099.2, t_des: 3101.0, bed_util_ads: 0.285, bed_util_des: 0.230, des_th: 0.2304987009523996,frac_lost: 0.104, li_recovered:  8.052, time: 0.009077106999029638
L: 0.50, u_super: 0.00210, sec: 114.531, prod: 0.046107, t_ads: 91.0, t_des: 77.8, bed_util_ads: 0.500, bed_util_des: 0.500, des_th: 0.499750071657196,frac_lost: 0.102, li_recovered:  7.786, time: 0.003984867000326631
L: 0.50, u_super: 0.00839, sec: 481.041, prod: 0.189765, t_ads: 23.3, t_des: 21.4, bed_util_ads: 0.498, bed_util_des: 0.498, des_th: 0.49778043464236804,frac_lost: 0.108, li_recovered:  8.485, time: 0.0043555189986363985
L: 0.50, u_super: 0.00634, sec: 358.621, prod: 0.141249, t_ads: 30.7, t_des: 30.3, bed_util_ads: 0.487, bed_util_des: 0.487, des_th: 0.4871179665626739,frac_lost: 0.102, li_recovered:  8.620, time: 0.005614447998596006
L: 0.50, u_super: 0.00442, sec: 241.979, prod: 0.099301, t_ads: 44.1, t_des: 39.2, bed_util_ads: 0.499, bed_util_des: 0.499, des_th: 0.49882007461142386,frac_lost: 0.106, li_recovered:  8.273, time: 0.005041417000029469
L: 0.50, u_super: 0.00258, sec: 138.559, prod: 0.057601, t_ads: 74.7, t_des: 68.9, bed_util_ads: 0.493, bed_util_des: 0.492, des_th: 0.4923071937139491,frac_lost: 0.103, li_recovered:  8.272, time: 0.005150011000296217
L: 0.50, u_super: 0.00515, sec: 291.542, prod: 0.113146, t_ads: 38.0, t_des: 38.3, bed_util_ads: 0.484, bed_util_des: 0.484, des_th: 0.48397500804824406,frac_lost: 0.110, li_recovered:  8.632, time: 0.005477927999891108
L: 0.50, u_super: 0.00874, sec: 502.472, prod: 0.198005, t_ads: 22.3, t_des: 20.0, bed_util_ads: 0.500, bed_util_des: 0.500, des_th: 0.49999525545039913,frac_lost: 0.105, li_recovered:  8.389, time: 0.006910437999977148
L: 0.50, u_super: 0.00892, sec: 537.733, prod: 0.192913, t_ads: 21.9, t_des: 23.2, bed_util_ads: 0.479, bed_util_des: 0.479, des_th: 0.4790475860386147,frac_lost: 0.104, li_recovered:  8.701, time: 0.008158927001204574
L: 5.56, u_super: 0.00754 — INFEASIBLE (li_recovered=0.000e+00), time: 0.003623200000220095
L: 0.50, u_super: 0.00061 — INFEASIBLE (li_recovered=0.000e+00), time: 0.005014196000047377
L: 0.50, u_super: 0.00162, sec: 89.185, prod: 0.034996, t_ads: 118.1, t_des: 99.3, bed_util_ads: 0.500, bed_util_des: 0.500, des_th: 0.4999620202173413,frac_lost: 0.107, li_recovered:  7.606, time: 0.006908342000315315
L: 0.50, u_super: 0.00355, sec: 193.417, prod: 0.079392, t_ads: 54.9, t_des: 48.4, bed_util_ads: 0.500, bed_util_des: 0.499, des_th: 0.49949561501371603,frac_lost: 0.109, li_recovered:  8.197, time: 0.006187072000102489
L: 0.50, u_super: 0.00493, sec: 272.969, prod: 0.110306, t_ads: 39.3, t_des: 38.3, bed_util_ads: 0.488, bed_util_des: 0.488, des_th: 0.4878958466874499,frac_lost: 0.102, li_recovered:  8.560, time: 0.007371748999503325
L: 0.50, u_super: 0.00831, sec: 475.672, prod: 0.187777, t_ads: 23.6, t_des: 21.7, bed_util_ads: 0.498, bed_util_des: 0.498, des_th: 0.49780367139718656,frac_lost: 0.107, li_recovered:  8.503, time: 0.00551873800031899
L: 0.50, u_super: 0.00764, sec: 433.988, prod: 0.172436, t_ads: 25.7, t_des: 23.0, bed_util_ads: 0.500, bed_util_des: 0.500, des_th: 0.4998778266745088,frac_lost: 0.109, li_recovered:  8.393, time: 0.005832190001456183
L: 0.50, u_super: 0.00355, sec: 255.297, prod: 0.060149, t_ads: 54.6, t_des: 89.1, bed_util_ads: 0.422, bed_util_des: 0.420, des_th: 0.4200884559315986,frac_lost: 0.102, li_recovered:  8.643, time: 0.006890188000397757
L: 0.50, u_super: 0.00778, sec: 442.295, prod: 0.175818, t_ads: 25.2, t_des: 22.9, bed_util_ads: 0.500, bed_util_des: 0.499, des_th: 0.4994685657876447,frac_lost: 0.108, li_recovered:  8.447, time: 0.007194443000116735
L: 0.50, u_super: 0.00734, sec: 415.719, prod: 0.165813, t_ads: 26.7, t_des: 23.9, bed_util_ads: 0.500, bed_util_des: 0.500, des_th: 0.4996927300840147,frac_lost: 0.108, li_recovered:  8.379, time: 0.007681081999180606
L: 5.27, u_super: 0.00690 — INFEASIBLE (li_recovered=0.000e+00), time: 0.004558111999358516
L: 0.50, u_super: 0.00957, sec: 570.557, prod: 0.211417, t_ads: 20.3, t_des: 20.7, bed_util_ads: 0.484, bed_util_des: 0.484, des_th: 0.4838044544326031,frac_lost: 0.102, li_recovered:  8.686, time: 0.005943914999079425
L: 0.50, u_super: 0.00206, sec: 111.875, prod: 0.045090, t_ads: 92.9, t_des: 79.6, bed_util_ads: 0.500, bed_util_des: 0.499, des_th: 0.49942132725883337,frac_lost: 0.100, li_recovered:  7.778, time: 0.006599368998649879
L: 0.50, u_super: 0.00475, sec: 265.198, prod: 0.104997, t_ads: 40.9, t_des: 41.0, bed_util_ads: 0.485, bed_util_des: 0.485, des_th: 0.4847916458846187,frac_lost: 0.103, li_recovered:  8.602, time: 0.005968962999759242
L: 0.50, u_super: 0.00191, sec: 109.636, prod: 0.039363, t_ads: 101.3, t_des: 113.8, bed_util_ads: 0.465, bed_util_des: 0.463, des_th: 0.46314360852998193,frac_lost: 0.106, li_recovered:  8.469, time: 0.007946570000058273
   198 |     7920 |     40 |  0.0025150772 |             f
L: 0.50, u_super: 0.00579, sec: 321.086, prod: 0.130850, t_ads: 33.5, t_des: 30.0, bed_util_ads: 0.500, bed_util_des: 0.499, des_th: 0.4994657806021207,frac_lost: 0.101, li_recovered:  8.307, time: 0.00879856500068854
L: 0.50, u_super: 0.00057 — INFEASIBLE (li_recovered=0.000e+00), time: 0.006002486999932444
L: 0.50, u_super: 0.00986, sec: 590.334, prod: 0.217402, t_ads: 19.8, t_des: 20.2, bed_util_ads: 0.485, bed_util_des: 0.485, des_th: 0.48483357790975323,frac_lost: 0.104, li_recovered:  8.691, time: 0.009770743999979459
L: 0.50, u_super: 0.00390, sec: 212.208, prod: 0.087378, t_ads: 50.0, t_des: 44.6, bed_util_ads: 0.499, bed_util_des: 0.498, des_th: 0.4985101121827832,frac_lost: 0.107, li_recovered:  8.265, time: 0.00813693900090584
L: 0.50, u_super: 0.00942, sec: 546.169, prod: 0.213227, t_ads: 20.8, t_des: 18.8, bed_util_ads: 0.500, bed_util_des: 0.500, des_th: 0.49999525545039913,frac_lost: 0.107, li_recovered:  8.448, time: 0.007544365000285325
L: 0.50, u_super: 0.00798, sec: 453.783, prod: 0.180793, t_ads: 24.3, t_des: 22.8, bed_util_ads: 0.496, bed_util_des: 0.496, des_th: 0.4956156131969923,frac_lost: 0.100, li_recovered:  8.517, time: 0.01250406700091844
L: 3.14, u_super: 0.00621 — INFEASIBLE (li_recovered=0.000e+00), time: 0.004391733000375098
L: 0.50, u_super: 0.00137, sec: 74.261, prod: 0.029924, t_ads: 139.4, t_des: 125.5, bed_util_ads: 0.490, bed_util_des: 0.489, des_th: 0.48890148007830936,frac_lost: 0.107, li_recovered:  7.925, time: 0.006921531001353287
L: 0.50, u_super: 0.00911, sec: 526.808, prod: 0.206219, t_ads: 21.5, t_des: 19.7, bed_util_ads: 0.498, bed_util_des: 0.498, des_th: 0.49783806045551277,frac_lost: 0.107, li_recovered:  8.494, time: 0.008024756998565863
L: 0.50, u_super: 0.00701, sec: 396.675, prod: 0.157529, t_ads: 27.9, t_des: 26.5, bed_util_ads: 0.493, bed_util_des: 0.493, des_th: 0.49304388516561815,frac_lost: 0.107, li_recovered:  8.571, time: 0.009388808999574394
L: 0.50, u_super: 0.00516, sec: 283.980, prod: 0.116458, t_ads: 37.7, t_des: 34.5, bed_util_ads: 0.497, bed_util_des: 0.497, des_th: 0.49676899182060963,frac_lost: 0.103, li_recovered:  8.404, time: 0.009941850999894086
L: 0.50, u_super: 0.00562, sec: 310.866, prod: 0.126800, t_ads: 34.6, t_des: 31.0, bed_util_ads: 0.500, bed_util_des: 0.500, des_th: 0.4997701008570727,frac_lost: 0.103, li_recovered:  8.318, time: 0.007394529000521288
L: 0.50, u_super: 0.00411, sec: 224.458, prod: 0.092172, t_ads: 47.3, t_des: 41.7, bed_util_ads: 0.500, bed_util_des: 0.500, des_th: 0.4996846028751343,frac_lost: 0.105, li_recovered:  8.201, time: 0.00904338899999857
L: 0.50, u_super: 0.00979, sec: 569.500, prod: 0.222028, t_ads: 19.9, t_des: 18.1, bed_util_ads: 0.499, bed_util_des: 0.499, des_th: 0.4987413090608739,frac_lost: 0.104, li_recovered:  8.451, time: 0.006183104998854105
L: 0.50, u_super: 0.00768, sec: 434.981, prod: 0.174299, t_ads: 25.2, t_des: 22.8, bed_util_ads: 0.500, bed_util_des: 0.499, des_th: 0.4994685657876447,frac_lost: 0.100, li_recovered:  8.379, time: 0.004922629999782657
L: 6.23, u_super: 0.00823, sec: 6479.938, prod: 0.168735, t_ads: 278.2, t_des: 243.4, bed_util_ads: 0.480, bed_util_des: 0.479, des_th: 0.47887932746885353,frac_lost: 0.103, li_recovered:  88.017, time: 0.004391685999507899
L: 0.50, u_super: 0.00350, sec: 357.495, prod: 0.041546, t_ads: 55.9, t_des: 153.3, bed_util_ads: 0.360, bed_util_des: 0.357, des_th: 0.35665421953741633,frac_lost: 0.106, li_recovered:  8.693, time: 0.009227425000062794
L: 0.50, u_super: 0.00136 — INFEASIBLE (li_recovered=0.000e+00), time: 0.003159339999911026
L: 0.50, u_super: 0.00678, sec: 380.478, prod: 0.153577, t_ads: 28.6, t_des: 26.5, bed_util_ads: 0.496, bed_util_des: 0.496, des_th: 0.49615099546369196,frac_lost: 0.102, li_recovered:  8.472, time: 0.005499371998666902
L: 1.10, u_super: 0.00786, sec: 990.910, prod: 0.175852, t_ads: 54.2, t_des: 47.8, bed_util_ads: 0.500, bed_util_des: 0.500, des_th: 0.4996722686382992,frac_lost: 0.107, li_recovered:  17.939, time: 0.003989128999819513
L: 0.50, u_super: 0.00830, sec: 474.820, prod: 0.187618, t_ads: 23.6, t_des: 21.1, bed_util_ads: 0.500, bed_util_des: 0.500, des_th: 0.4996846028751343,frac_lost: 0.107, li_recovered:  8.395, time: 0.004935400998874684
L: 0.50, u_super: 0.00165, sec: 89.842, prod: 0.035803, t_ads: 116.1, t_des: 116.8, bed_util_ads: 0.478, bed_util_des: 0.477, des_th: 0.47671770657434637,frac_lost: 0.103, li_recovered:  8.340, time: 0.004073504000189132
L: 0.50, u_super: 0.00596, sec: 331.060, prod: 0.134593, t_ads: 32.6, t_des: 29.1, bed_util_ads: 0.500, bed_util_des: 0.500, des_th: 0.49979657183616777,frac_lost: 0.102, li_recovered:  8.305, time: 0.005234743999608327
L: 0.50, u_super: 0.00513, sec: 282.521, prod: 0.115861, t_ads: 37.8, t_des: 34.3, bed_util_ads: 0.499, bed_util_des: 0.498, des_th: 0.49838900801302294,frac_lost: 0.103, li_recovered:  8.357, time: 0.005996032999973977
L: 0.50, u_super: 0.00158, sec: 87.537, prod: 0.033650, t_ads: 121.3, t_des: 127.5, bed_util_ads: 0.472, bed_util_des: 0.471, des_th: 0.4709279129670213,frac_lost: 0.103, li_recovered:  8.370, time: 0.004639979999410571
L: 0.50, u_super: 0.00216, sec: 117.507, prod: 0.047494, t_ads: 89.3, t_des: 76.8, bed_util_ads: 0.499, bed_util_des: 0.499, des_th: 0.4989144744889723,frac_lost: 0.107, li_recovered:  7.889, time: 0.0062938669998402474
L: 20.44, u_super: 0.00398 — INFEASIBLE (li_recovered=0.000e+00), time: 0.0010889509994740365
L: 21.20, u_super: 0.00048 — INFEASIBLE (li_recovered=0.000e+00), time: 0.0007201629996416159
L: 9.53, u_super: 0.00630 — INFEASIBLE (li_recovered=0.000e+00), time: 0.002075426998999319
L: 0.50, u_super: 0.00369, sec: 200.403, prod: 0.082896, t_ads: 52.3, t_des: 46.5, bed_util_ads: 0.499, bed_util_des: 0.499, des_th: 0.4986729254129581,frac_lost: 0.101, li_recovered:  8.191, time: 0.00491706799948588
L: 0.50, u_super: 0.00867, sec: 498.730, prod: 0.196123, t_ads: 22.6, t_des: 20.9, bed_util_ads: 0.496, bed_util_des: 0.496, des_th: 0.49615099546369196,frac_lost: 0.106, li_recovered:  8.523, time: 0.004294790998756071
L: 0.50, u_super: 0.00686, sec: 385.018, prod: 0.155448, t_ads: 28.2, t_des: 25.3, bed_util_ads: 0.500, bed_util_des: 0.499, des_th: 0.49943673616247697,frac_lost: 0.100, li_recovered:  8.329, time: 0.0046571220009354874
L: 0.50, u_super: 0.00295, sec: 208.588, prod: 0.050243, t_ads: 65.9, t_des: 105.6, bed_util_ads: 0.423, bed_util_des: 0.421, des_th: 0.42087291882293776,frac_lost: 0.104, li_recovered:  8.618, time: 0.006268307999562239
L: 21.03, u_super: 0.00072 — INFEASIBLE (li_recovered=0.000e+00), time: 0.0013292780004121596
L: 10.76, u_super: 0.00520 — INFEASIBLE (li_recovered=0.000e+00), time: 0.002241373998913332
L: 0.50, u_super: 0.00453, sec: 247.836, prod: 0.101814, t_ads: 43.1, t_des: 38.8, bed_util_ads: 0.499, bed_util_des: 0.499, des_th: 0.4986838321654522,frac_lost: 0.107, li_recovered:  8.336, time: 0.006023971000104211
L: 0.50, u_super: 0.00202, sec: 109.896, prod: 0.044395, t_ads: 95.4, t_des: 93.6, bed_util_ads: 0.483, bed_util_des: 0.482, des_th: 0.4816957079864174,frac_lost: 0.107, li_recovered:  8.390, time: 0.0060982409995631315
L: 0.50, u_super: 0.00854, sec: 489.601, prod: 0.193232, t_ads: 22.9, t_des: 21.0, bed_util_ads: 0.498, bed_util_des: 0.498, des_th: 0.498061355071751,frac_lost: 0.106, li_recovered:  8.483, time: 0.00481306800065795
L: 36.26, u_super: 0.00416 — INFEASIBLE (li_recovered=0.000e+00), time: 0.0010205500002484769
L: 0.50, u_super: 0.00603, sec: 1825.726, prod: 0.025016, t_ads: 32.6, t_des: 318.1, bed_util_ads: 0.232, bed_util_des: 0.228, des_th: 0.22792989674391728,frac_lost: 0.106, li_recovered:  8.774, time: 0.02463172600073449
   199 |     7960 |     40 |  0.0031144990 |             f
L: 11.99, u_super: 0.00424 — INFEASIBLE (li_recovered=0.000e+00), time: 0.001833048001572024
L: 0.50, u_super: 0.00216, sec: 116.776, prod: 0.047792, t_ads: 88.5, t_des: 77.5, bed_util_ads: 0.498, bed_util_des: 0.498, des_th: 0.49778043464236804,frac_lost: 0.101, li_recovered:  7.935, time: 0.004336714000601205
L: 0.50, u_super: 0.00057 — INFEASIBLE (li_recovered=0.000e+00), time: 0.004011557999547222
L: 0.50, u_super: 0.00715, sec: 446.771, prod: 0.145851, t_ads: 27.3, t_des: 32.3, bed_util_ads: 0.466, bed_util_des: 0.465, des_th: 0.4652774512596167,frac_lost: 0.105, li_recovered:  8.697, time: 0.009404894999534008
L: 0.50, u_super: 0.00123, sec: 67.494, prod: 0.026414, t_ads: 154.1, t_des: 157.0, bed_util_ads: 0.473, bed_util_des: 0.471, des_th: 0.4709279129670213,frac_lost: 0.102, li_recovered:  8.216, time: 0.005470843001603498
L: 0.50, u_super: 0.00337, sec: 182.940, prod: 0.075220, t_ads: 57.7, t_des: 50.9, bed_util_ads: 0.500, bed_util_des: 0.500, des_th: 0.4996657970223225,frac_lost: 0.107, li_recovered:  8.172, time: 0.006216972999027348
L: 0.50, u_super: 0.00116, sec: 65.056, prod: 0.024280, t_ads: 163.6, t_des: 175.8, bed_util_ads: 0.465, bed_util_des: 0.462, des_th: 0.4623891044004458,frac_lost: 0.102, li_recovered:  8.239, time: 0.006565698000486009
L: 0.50, u_super: 0.00653, sec: 374.484, prod: 0.143968, t_ads: 30.0, t_des: 30.1, bed_util_ads: 0.485, bed_util_des: 0.485, des_th: 0.4848521689253839,frac_lost: 0.107, li_recovered:  8.653, time: 0.007375279999905615
L: 0.50, u_super: 0.00276, sec: 149.460, prod: 0.061516, t_ads: 69.7, t_des: 61.2, bed_util_ads: 0.499, bed_util_des: 0.498, des_th: 0.4982908632175527,frac_lost: 0.102, li_recovered:  8.051, time: 0.00853248400017037
L: 3.97, u_super: 0.00957 — INFEASIBLE (li_recovered=0.000e+00), time: 0.004075206001289189
L: 0.50, u_super: 0.00854, sec: 488.517, prod: 0.193661, t_ads: 22.8, t_des: 20.8, bed_util_ads: 0.498, bed_util_des: 0.498, des_th: 0.498061355071751,frac_lost: 0.102, li_recovered:  8.435, time: 0.004521104998275405
L: 0.50, u_super: 0.00670, sec: 376.528, prod: 0.151134, t_ads: 29.3, t_des: 26.5, bed_util_ads: 0.499, bed_util_des: 0.499, des_th: 0.4988521986550639,frac_lost: 0.109, li_recovered:  8.434, time: 0.00510132599993085
L: 0.50, u_super: 0.00215, sec: 115.883, prod: 0.047777, t_ads: 89.7, t_des: 81.7, bed_util_ads: 0.493, bed_util_des: 0.492, des_th: 0.4923071937139491,frac_lost: 0.108, li_recovered:  8.191, time: 0.004390308000438381
L: 0.50, u_super: 0.00079, sec: 43.284, prod: 0.016670, t_ads: 236.4, t_des: 230.6, bed_util_ads: 0.471, bed_util_des: 0.469, des_th: 0.46927756546522076,frac_lost: 0.100, li_recovered:  7.784, time: 0.004774495999299688
L: 0.50, u_super: 0.00192, sec: 104.019, prod: 0.042231, t_ads: 100.6, t_des: 97.1, bed_util_ads: 0.485, bed_util_des: 0.484, des_th: 0.48414276314626525,frac_lost: 0.108, li_recovered:  8.347, time: 0.004508560001340811
L: 0.50, u_super: 0.00701, sec: 396.675, prod: 0.157529, t_ads: 27.9, t_des: 26.5, bed_util_ads: 0.493, bed_util_des: 0.493, des_th: 0.49304388516561815,frac_lost: 0.107, li_recovered:  8.571, time: 0.004185665999102639
L: 0.50, u_super: 0.00651, sec: 374.424, prod: 0.143387, t_ads: 29.9, t_des: 30.5, bed_util_ads: 0.484, bed_util_des: 0.483, des_th: 0.48338458914044574,frac_lost: 0.103, li_recovered:  8.656, time: 0.005454346999613335
L: 0.50, u_super: 0.00804, sec: 458.175, prod: 0.181830, t_ads: 24.3, t_des: 22.1, bed_util_ads: 0.499, bed_util_des: 0.499, des_th: 0.4989769930528861,frac_lost: 0.106, li_recovered:  8.434, time: 0.003862546000164002
L: 32.61, u_super: 0.00673 — INFEASIBLE (li_recovered=0.000e+00), time: 0.000965561001066817
L: 0.50, u_super: 0.00006, sec: 5.221, prod: 0.000738, t_ads: 2442.9, t_des: 3508.0, bed_util_ads: 0.266, bed_util_des: 0.230, des_th: 0.2304987009523996,frac_lost: 0.101, li_recovered:  4.391, time: 0.004297617000702303
L: 0.50, u_super: 0.00370, sec: 380.532, prod: 0.043812, t_ads: 52.8, t_des: 145.7, bed_util_ads: 0.360, bed_util_des: 0.357, des_th: 0.35665421953741633,frac_lost: 0.104, li_recovered:  8.697, time: 0.006915161999131669
L: 0.50, u_super: 0.00478, sec: 262.621, prod: 0.107761, t_ads: 40.6, t_des: 36.2, bed_util_ads: 0.500, bed_util_des: 0.500, des_th: 0.499973891520886,frac_lost: 0.104, li_recovered:  8.280, time: 0.004600505999405868
L: 0.50, u_super: 0.00744, sec: 435.129, prod: 0.162809, t_ads: 26.4, t_des: 26.9, bed_util_ads: 0.483, bed_util_des: 0.483, des_th: 0.48310695330300907,frac_lost: 0.109, li_recovered:  8.680, time: 0.003988723001384642
L: 0.50, u_super: 0.00516, sec: 284.103, prod: 0.116407, t_ads: 37.6, t_des: 33.6, bed_util_ads: 0.499, bed_util_des: 0.499, des_th: 0.49906124222827614,frac_lost: 0.102, li_recovered:  8.291, time: 0.0037321269992389716
L: 0.50, u_super: 0.00266, sec: 144.423, prod: 0.059070, t_ads: 72.3, t_des: 62.8, bed_util_ads: 0.500, bed_util_des: 0.500, des_th: 0.49972510072422016,frac_lost: 0.103, li_recovered:  7.986, time: 0.0035383469985390548
L: 0.50, u_super: 0.00959, sec: 556.887, prod: 0.217304, t_ads: 20.4, t_des: 18.5, bed_util_ads: 0.500, bed_util_des: 0.499, des_th: 0.49942132725883337,frac_lost: 0.106, li_recovered:  8.445, time: 0.0038003169993316988
L: 0.50, u_super: 0.00744, sec: 420.507, prod: 0.168471, t_ads: 26.1, t_des: 23.3, bed_util_ads: 0.500, bed_util_des: 0.500, des_th: 0.49996495312846445,frac_lost: 0.101, li_recovered:  8.328, time: 0.004398101998958737
L: 0.50, u_super: 0.00545, sec: 302.016, prod: 0.122625, t_ads: 35.9, t_des: 32.0, bed_util_ads: 0.500, bed_util_des: 0.500, des_th: 0.49997545107763197,frac_lost: 0.109, li_recovered:  8.325, time: 0.0045684680007980205
L: 0.50, u_super: 0.00288, sec: 155.735, prod: 0.064167, t_ads: 66.9, t_des: 58.8, bed_util_ads: 0.499, bed_util_des: 0.498, des_th: 0.49828618498628796,frac_lost: 0.101, li_recovered:  8.063, time: 0.004343570000855834
L: 0.50, u_super: 0.00259, sec: 140.237, prod: 0.057293, t_ads: 74.4, t_des: 73.0, bed_util_ads: 0.485, bed_util_des: 0.484, des_th: 0.4841684696624539,frac_lost: 0.102, li_recovered:  8.443, time: 0.004795225999259856
L: 0.50, u_super: 0.00327, sec: 177.272, prod: 0.073035, t_ads: 58.9, t_des: 51.8, bed_util_ads: 0.500, bed_util_des: 0.500, des_th: 0.49958928661096563,frac_lost: 0.101, li_recovered:  8.086, time: 0.00498124200021266
L: 0.50, u_super: 0.00971, sec: 564.813, prod: 0.220261, t_ads: 20.1, t_des: 18.3, bed_util_ads: 0.499, bed_util_des: 0.499, des_th: 0.4993709836146124,frac_lost: 0.105, li_recovered:  8.463, time: 0.005111233000206994
L: 0.50, u_super: 0.00526, sec: 313.587, prod: 0.109934, t_ads: 36.9, t_des: 41.9, bed_util_ads: 0.470, bed_util_des: 0.469, des_th: 0.46948945175582446,frac_lost: 0.102, li_recovered:  8.660, time: 0.0061675289998675
L: 0.50, u_super: 0.00425, sec: 231.929, prod: 0.095649, t_ads: 45.7, t_des: 41.3, bed_util_ads: 0.498, bed_util_des: 0.497, des_th: 0.4973569051400567,frac_lost: 0.105, li_recovered:  8.321, time: 0.004753920000439393
L: 0.50, u_super: 0.00005, sec: 5.828, prod: 0.000505, t_ads: 2253.4, t_des: 2646.2, bed_util_ads: 0.258, bed_util_des: 0.241, des_th: 0.2407146616996353,frac_lost: 0.102, li_recovered:  2.476, time: 0.004482293999899412
L: 0.50, u_super: 0.00911, sec: 526.179, prod: 0.206466, t_ads: 21.5, t_des: 19.4, bed_util_ads: 0.500, bed_util_des: 0.500, des_th: 0.49979085771389903,frac_lost: 0.106, li_recovered:  8.442, time: 0.005143809999935911
L: 0.50, u_super: 0.00563, sec: 311.438, prod: 0.127289, t_ads: 34.4, t_des: 32.0, bed_util_ads: 0.495, bed_util_des: 0.495, des_th: 0.49486246674695844,frac_lost: 0.101, li_recovered:  8.451, time: 0.00608601599924441
L: 0.50, u_super: 0.00938, sec: 543.409, prod: 0.212446, t_ads: 20.9, t_des: 18.9, bed_util_ads: 0.500, bed_util_des: 0.500, des_th: 0.4996846028751343,frac_lost: 0.106, li_recovered:  8.450, time: 0.006299442999079474
L: 0.50, u_super: 0.00033, sec: 43.870, prod: 0.002809, t_ads: 598.6, t_des: 2418.1, bed_util_ads: 0.277, bed_util_des: 0.235, des_th: 0.2351647287433522,frac_lost: 0.103, li_recovered:  8.474, time: 0.011656533999484964
L: 0.50, u_super: 0.00701, sec: 393.914, prod: 0.158736, t_ads: 27.7, t_des: 24.8, bed_util_ads: 0.500, bed_util_des: 0.500, des_th: 0.499973891520886,frac_lost: 0.100, li_recovered:  8.321, time: 0.006202651999046793
   200 |     8000 |     40 |  0.0021879169 |             f
L: 0.50, u_super: 0.00353, sec: 191.643, prod: 0.078951, t_ads: 54.6, t_des: 48.0, bed_util_ads: 0.500, bed_util_des: 0.500, des_th: 0.49958928661096563,frac_lost: 0.100, li_recovered:  8.105, time: 0.006596306999199442
L: 0.50, u_super: 0.00137, sec: 74.223, prod: 0.029939, t_ads: 139.0, t_des: 125.2, bed_util_ads: 0.490, bed_util_des: 0.489, des_th: 0.48890148007830936,frac_lost: 0.106, li_recovered:  7.912, time: 0.005211249001149554
L: 30.97, u_super: 0.00006 — INFEASIBLE (li_recovered=0.000e+00), time: 0.0008243400006904267
L: 0.50, u_super: 0.00092, sec: 50.455, prod: 0.019555, t_ads: 205.0, t_des: 203.9, bed_util_ads: 0.472, bed_util_des: 0.470, des_th: 0.4697933373645079,frac_lost: 0.104, li_recovered:  7.996, time: 0.007248195999636664
L: 0.50, u_super: 0.00274, sec: 147.153, prod: 0.061165, t_ads: 70.4, t_des: 65.8, bed_util_ads: 0.491, bed_util_des: 0.490, des_th: 0.4904591681565376,frac_lost: 0.102, li_recovered:  8.334, time: 0.006451167000705027
L: 0.50, u_super: 0.00368, sec: 200.649, prod: 0.082296, t_ads: 53.0, t_des: 46.6, bed_util_ads: 0.500, bed_util_des: 0.499, des_th: 0.49946010263278917,frac_lost: 0.109, li_recovered:  8.195, time: 0.00724915799946757
L: 0.50, u_super: 0.00613, sec: 387.100, prod: 0.122327, t_ads: 32.0, t_des: 39.1, bed_util_ads: 0.460, bed_util_des: 0.460, des_th: 0.4596265393712978,frac_lost: 0.109, li_recovered:  8.690, time: 0.008414291000008234
L: 0.50, u_super: 0.00451, sec: 247.233, prod: 0.101380, t_ads: 43.2, t_des: 38.5, bed_util_ads: 0.499, bed_util_des: 0.499, des_th: 0.49882007461142386,frac_lost: 0.107, li_recovered:  8.283, time: 0.008198466999601806
L: 9.09, u_super: 0.00788 — INFEASIBLE (li_recovered=0.000e+00), time: 0.003745422000065446
L: 0.50, u_super: 0.00830, sec: 474.755, prod: 0.187644, t_ads: 23.6, t_des: 21.4, bed_util_ads: 0.500, bed_util_des: 0.500, des_th: 0.4996846028751343,frac_lost: 0.108, li_recovered:  8.443, time: 0.008154531000400311
L: 0.50, u_super: 0.00503, sec: 277.035, prod: 0.113409, t_ads: 38.7, t_des: 34.9, bed_util_ads: 0.499, bed_util_des: 0.499, des_th: 0.49882007461142386,frac_lost: 0.106, li_recovered:  8.349, time: 0.008338625000760658
L: 0.50, u_super: 0.00416, sec: 226.794, prod: 0.093614, t_ads: 46.4, t_des: 41.3, bed_util_ads: 0.500, bed_util_des: 0.500, des_th: 0.4998066907468333,frac_lost: 0.100, li_recovered:  8.209, time: 0.006551444999786327
L: 0.50, u_super: 0.00851, sec: 488.227, prod: 0.192630, t_ads: 23.0, t_des: 20.9, bed_util_ads: 0.500, bed_util_des: 0.499, des_th: 0.4994871776580885,frac_lost: 0.107, li_recovered:  8.450, time: 0.005822410999826388
L: 0.50, u_super: 0.00503, sec: 276.589, prod: 0.113315, t_ads: 38.6, t_des: 34.5, bed_util_ads: 0.500, bed_util_des: 0.500, des_th: 0.49997545107763197,frac_lost: 0.103, li_recovered:  8.289, time: 0.00843808399986301
L: 0.50, u_super: 0.00854, sec: 490.364, prod: 0.192931, t_ads: 22.9, t_des: 21.3, bed_util_ads: 0.497, bed_util_des: 0.496, des_th: 0.49642935612259714,frac_lost: 0.107, li_recovered:  8.525, time: 0.004745573000036529
L: 0.50, u_super: 0.00990, sec: 577.166, prod: 0.224366, t_ads: 19.8, t_des: 18.0, bed_util_ads: 0.500, bed_util_des: 0.500, des_th: 0.4999020060906222,frac_lost: 0.106, li_recovered:  8.462, time: 0.0042721800000435906
L: 0.50, u_super: 0.00079, sec: 43.293, prod: 0.016666, t_ads: 236.6, t_des: 230.4, bed_util_ads: 0.471, bed_util_des: 0.469, des_th: 0.46927756546522076,frac_lost: 0.101, li_recovered:  7.782, time: 0.00424483999995573
L: 0.50, u_super: 0.00022, sec: 26.315, prod: 0.002210, t_ads: 863.4, t_des: 2885.0, bed_util_ads: 0.281, bed_util_des: 0.230, des_th: 0.2304987009523996,frac_lost: 0.103, li_recovered:  8.286, time: 0.008917557001041132
L: 0.50, u_super: 0.00990, sec: 576.325, prod: 0.224693, t_ads: 19.7, t_des: 17.9, bed_util_ads: 0.500, bed_util_des: 0.500, des_th: 0.49977335354428365,frac_lost: 0.103, li_recovered:  8.445, time: 0.0037959639994369354
L: 64.90, u_super: 0.00475 — INFEASIBLE (li_recovered=0.000e+00), time: 0.0007290849989658454
L: 15.27, u_super: 0.00830 — INFEASIBLE (li_recovered=0.000e+00), time: 0.0015625109990651254
L: 0.50, u_super: 0.00749, sec: 423.260, prod: 0.169882, t_ads: 25.9, t_des: 23.4, bed_util_ads: 0.500, bed_util_des: 0.499, des_th: 0.4994685657876447,frac_lost: 0.101, li_recovered:  8.379, time: 0.0037651940001524054
L: 0.50, u_super: 0.00544, sec: 301.494, prod: 0.122586, t_ads: 35.7, t_des: 33.8, bed_util_ads: 0.493, bed_util_des: 0.492, des_th: 0.4923071937139491,frac_lost: 0.102, li_recovered:  8.521, time: 0.004013834999568644
L: 0.50, u_super: 0.00420, sec: 228.994, prod: 0.094357, t_ads: 46.3, t_des: 41.4, bed_util_ads: 0.500, bed_util_des: 0.499, des_th: 0.49933323543500074,frac_lost: 0.104, li_recovered:  8.270, time: 0.0036361069996928563
L: 0.50, u_super: 0.00676, sec: 378.905, prod: 0.153169, t_ads: 28.7, t_des: 26.0, bed_util_ads: 0.499, bed_util_des: 0.499, des_th: 0.49877352762616445,frac_lost: 0.101, li_recovered:  8.372, time: 0.0038241000002017245
L: 73.83, u_super: 0.00844 — INFEASIBLE (li_recovered=0.000e+00), time: 0.0008477089995722054
L: 0.50, u_super: 0.00529, sec: 291.835, prod: 0.119317, t_ads: 36.7, t_des: 32.8, bed_util_ads: 0.499, bed_util_des: 0.499, des_th: 0.4989968430177726,frac_lost: 0.103, li_recovered:  8.290, time: 0.003911808998964261
L: 5.64, u_super: 0.00929 — INFEASIBLE (li_recovered=0.000e+00), time: 0.0021756610003649257
L: 0.50, u_super: 0.00137, sec: 76.302, prod: 0.029123, t_ads: 137.8, t_des: 114.2, bed_util_ads: 0.499, bed_util_des: 0.499, des_th: 0.4985590354678289,frac_lost: 0.101, li_recovered:  7.340, time: 0.004239736001181882
L: 0.50, u_super: 0.00597, sec: 336.130, prod: 0.132980, t_ads: 32.5, t_des: 32.2, bed_util_ads: 0.488, bed_util_des: 0.487, des_th: 0.4875168451864268,frac_lost: 0.102, li_recovered:  8.613, time: 0.005179923000468989
L: 0.50, u_super: 0.00258, sec: 138.575, prod: 0.057595, t_ads: 74.7, t_des: 69.0, bed_util_ads: 0.493, bed_util_des: 0.492, des_th: 0.4923071937139491,frac_lost: 0.103, li_recovered:  8.274, time: 0.004519445999903837
L: 0.50, u_super: 0.00656, sec: 366.509, prod: 0.148576, t_ads: 29.6, t_des: 26.8, bed_util_ads: 0.499, bed_util_des: 0.499, des_th: 0.4987549157409972,frac_lost: 0.101, li_recovered:  8.378, time: 0.005162044000826427
L: 0.50, u_super: 0.00229, sec: 123.470, prod: 0.050572, t_ads: 84.5, t_des: 74.2, bed_util_ads: 0.498, bed_util_des: 0.498, des_th: 0.49778043464236804,frac_lost: 0.106, li_recovered:  8.028, time: 0.004430021001098794
L: 0.50, u_super: 0.00068, sec: 37.945, prod: 0.014254, t_ads: 270.2, t_des: 252.6, bed_util_ads: 0.473, bed_util_des: 0.471, des_th: 0.47137359447136296,frac_lost: 0.101, li_recovered:  7.452, time: 0.0039774569995643105
L: 0.50, u_super: 0.00402, sec: 219.491, prod: 0.090244, t_ads: 48.4, t_des: 43.1, bed_util_ads: 0.499, bed_util_des: 0.499, des_th: 0.4986729254129581,frac_lost: 0.107, li_recovered:  8.257, time: 0.005386200000430108
L: 1.17, u_super: 0.00745, sec: 1003.037, prod: 0.166225, t_ads: 60.8, t_des: 53.3, bed_util_ads: 0.500, bed_util_des: 0.500, des_th: 0.49996495312846445,frac_lost: 0.103, li_recovered:  18.957, time: 0.004898095001408365
L: 0.50, u_super: 0.00606, sec: 336.895, prod: 0.137245, t_ads: 32.0, t_des: 29.0, bed_util_ads: 0.499, bed_util_des: 0.498, des_th: 0.49838900801302294,frac_lost: 0.101, li_recovered:  8.368, time: 0.0064746179996291175
L: 0.50, u_super: 0.00788, sec: 582.888, prod: 0.137116, t_ads: 24.8, t_des: 38.7, bed_util_ads: 0.431, bed_util_des: 0.430, des_th: 0.43049833212357513,frac_lost: 0.106, li_recovered:  8.718, time: 0.0055688079992251005
L: 0.50, u_super: 0.00990, sec: 576.679, prod: 0.224558, t_ads: 19.7, t_des: 17.9, bed_util_ads: 0.500, bed_util_des: 0.499, des_th: 0.4994209217993203,frac_lost: 0.104, li_recovered:  8.452, time: 0.006778856999517302
L: 0.50, u_super: 0.00343, sec: 187.809, prod: 0.075882, t_ads: 56.8, t_des: 55.6, bed_util_ads: 0.486, bed_util_des: 0.486, des_th: 0.48557717289506047,frac_lost: 0.107, li_recovered:  8.527, time: 0.004605242000252474
   201 |     8040 |     40 |  0.0044226410 |             f
L: 0.50, u_super: 0.00363, sec: 202.706, prod: 0.079328, t_ads: 53.5, t_des: 54.7, bed_util_ads: 0.481, bed_util_des: 0.480, des_th: 0.4803073657995962,frac_lost: 0.105, li_recovered:  8.583, time: 0.004447048999281833
L: 0.50, u_super: 0.00892, sec: 513.547, prod: 0.201999, t_ads: 21.9, t_des: 19.9, bed_util_ads: 0.500, bed_util_des: 0.500, des_th: 0.49967765998341085,frac_lost: 0.106, li_recovered:  8.450, time: 0.004570148999846424
L: 3.62, u_super: 0.00150 — INFEASIBLE (li_recovered=0.000e+00), time: 0.0026054000009025913
L: 0.50, u_super: 0.00579, sec: 321.051, prod: 0.130863, t_ads: 33.5, t_des: 30.0, bed_util_ads: 0.499, bed_util_des: 0.499, des_th: 0.4989230191830007,frac_lost: 0.101, li_recovered:  8.308, time: 0.0070061080004961696
L: 0.50, u_super: 0.00990, sec: 642.164, prod: 0.201655, t_ads: 19.7, t_des: 23.5, bed_util_ads: 0.465, bed_util_des: 0.464, des_th: 0.4643554680591921,frac_lost: 0.103, li_recovered:  8.716, time: 0.005375341001126799
L: 0.50, u_super: 0.00718, sec: 405.955, prod: 0.162280, t_ads: 27.3, t_des: 24.4, bed_util_ads: 0.500, bed_util_des: 0.500, des_th: 0.499973891520886,frac_lost: 0.108, li_recovered:  8.388, time: 0.0041400410009373445
L: 0.50, u_super: 0.00137, sec: 76.131, prod: 0.029206, t_ads: 139.6, t_des: 145.0, bed_util_ads: 0.472, bed_util_des: 0.470, des_th: 0.4697933373645079,frac_lost: 0.107, li_recovered:  8.311, time: 0.00529423899934045
L: 0.50, u_super: 0.00723, sec: 408.771, prod: 0.163273, t_ads: 27.1, t_des: 24.3, bed_util_ads: 0.500, bed_util_des: 0.500, des_th: 0.49997386158757345,frac_lost: 0.108, li_recovered:  8.385, time: 0.004684281000663759
L: 8.68, u_super: 0.00258 — INFEASIBLE (li_recovered=0.000e+00), time: 0.0017254220001632348
L: 0.50, u_super: 0.00006, sec: 4.965, prod: 0.000776, t_ads: 2802.0, t_des: 4430.4, bed_util_ads: 0.264, bed_util_des: 0.211, des_th: 0.2113453635244627,frac_lost: 0.101, li_recovered:  5.612, time: 0.0063703149990033126
L: 0.50, u_super: 0.00006 — INFEASIBLE (li_recovered=0.000e+00), time: 0.001198900999952457
L: 0.50, u_super: 0.00191, sec: 102.484, prod: 0.042110, t_ads: 100.3, t_des: 96.8, bed_util_ads: 0.485, bed_util_des: 0.484, des_th: 0.48383311811218055,frac_lost: 0.100, li_recovered:  8.301, time: 0.004189527000562521
L: 2.61, u_super: 0.00135 — INFEASIBLE (li_recovered=0.000e+00), time: 0.002571730999989086
L: 0.50, u_super: 0.00402, sec: 219.124, prod: 0.090394, t_ads: 48.4, t_des: 44.2, bed_util_ads: 0.495, bed_util_des: 0.495, des_th: 0.4952033381779514,frac_lost: 0.106, li_recovered:  8.367, time: 0.004414514000018244
L: 42.38, u_super: 0.00832 — INFEASIBLE (li_recovered=0.000e+00), time: 0.0013026540000282694
L: 0.50, u_super: 0.00575, sec: 380.573, prod: 0.108951, t_ads: 34.1, t_des: 45.7, bed_util_ads: 0.449, bed_util_des: 0.448, des_th: 0.44801126082237946,frac_lost: 0.109, li_recovered:  8.689, time: 0.006559489000210306
L: 0.50, u_super: 0.00050 — INFEASIBLE (li_recovered=0.000e+00), time: 0.0028124769996793475
L: 0.50, u_super: 0.00023, sec: 15.528, prod: 0.004045, t_ads: 734.7, t_des: 918.6, bed_util_ads: 0.392, bed_util_des: 0.378, des_th: 0.37816882561729626,frac_lost: 0.103, li_recovered:  6.687, time: 0.004555315999823506
L: 0.50, u_super: 0.00562, sec: 311.473, prod: 0.126979, t_ads: 34.5, t_des: 30.9, bed_util_ads: 0.500, bed_util_des: 0.500, des_th: 0.49958928661096563,frac_lost: 0.103, li_recovered:  8.303, time: 0.004249300000083167
L: 0.58, u_super: 0.00093 — INFEASIBLE (li_recovered=0.000e+00), time: 0.003178373999617179
L: 0.50, u_super: 0.00911, sec: 529.268, prod: 0.205261, t_ads: 21.5, t_des: 20.4, bed_util_ads: 0.494, bed_util_des: 0.494, des_th: 0.4936540262299741,frac_lost: 0.107, li_recovered:  8.593, time: 0.005359122000299976
L: 0.50, u_super: 0.00763, sec: 440.055, prod: 0.170023, t_ads: 25.6, t_des: 25.2, bed_util_ads: 0.489, bed_util_des: 0.489, des_th: 0.48890148007830936,frac_lost: 0.107, li_recovered:  8.645, time: 0.004518305000601686
L: 0.50, u_super: 0.00861, sec: 494.736, prod: 0.194811, t_ads: 22.7, t_des: 20.4, bed_util_ads: 0.500, bed_util_des: 0.500, des_th: 0.4999928827176645,frac_lost: 0.107, li_recovered:  8.393, time: 0.005492246998983319
L: 0.50, u_super: 0.00026, sec: 17.848, prod: 0.004385, t_ads: 676.3, t_des: 937.7, bed_util_ads: 0.385, bed_util_des: 0.369, des_th: 0.3688531699535837,frac_lost: 0.101, li_recovered:  7.077, time: 0.005396653001298546
L: 0.50, u_super: 0.00102, sec: 56.577, prod: 0.021771, t_ads: 184.0, t_des: 159.7, bed_util_ads: 0.489, bed_util_des: 0.489, des_th: 0.48900875837598445,frac_lost: 0.104, li_recovered:  7.483, time: 0.005804481999803102
L: 0.50, u_super: 0.00284, sec: 153.424, prod: 0.063087, t_ads: 68.1, t_des: 59.7, bed_util_ads: 0.499, bed_util_des: 0.498, des_th: 0.49828618498628796,frac_lost: 0.103, li_recovered:  8.060, time: 0.004515705000812886
L: 0.50, u_super: 0.00545, sec: 301.302, prod: 0.122917, t_ads: 35.6, t_des: 31.5, bed_util_ads: 0.500, bed_util_des: 0.500, des_th: 0.4999754810109445,frac_lost: 0.101, li_recovered:  8.245, time: 0.004636518000552314
L: 0.50, u_super: 0.00964, sec: 564.096, prod: 0.216939, t_ads: 20.3, t_des: 19.5, bed_util_ads: 0.493, bed_util_des: 0.492, des_th: 0.49235106751864416,frac_lost: 0.104, li_recovered:  8.618, time: 0.005582235000474611
L: 0.50, u_super: 0.00804, sec: 458.060, prod: 0.181875, t_ads: 24.3, t_des: 22.1, bed_util_ads: 0.499, bed_util_des: 0.499, des_th: 0.49886303586957714,frac_lost: 0.106, li_recovered:  8.449, time: 0.005000832001314848
L: 0.50, u_super: 0.00990, sec: 3189.230, prod: 0.040604, t_ads: 19.8, t_des: 196.3, bed_util_ads: 0.232, bed_util_des: 0.229, des_th: 0.22927367778183394,frac_lost: 0.105, li_recovered:  8.775, time: 0.025797418000365724
L: 0.50, u_super: 0.00288, sec: 155.395, prod: 0.064307, t_ads: 66.9, t_des: 59.5, bed_util_ads: 0.498, bed_util_des: 0.498, des_th: 0.4980273590775787,frac_lost: 0.102, li_recovered:  8.134, time: 0.005675557998984004
L: 0.50, u_super: 0.00931, sec: 539.135, prod: 0.210880, t_ads: 21.0, t_des: 19.5, bed_util_ads: 0.496, bed_util_des: 0.496, des_th: 0.4958634506620251,frac_lost: 0.104, li_recovered:  8.525, time: 0.004969750998498057
L: 0.50, u_super: 0.00451, sec: 256.848, prod: 0.097585, t_ads: 43.0, t_des: 45.4, bed_util_ads: 0.478, bed_util_des: 0.478, des_th: 0.4777573776436144,frac_lost: 0.103, li_recovered:  8.628, time: 0.007202091999715776
L: 0.50, u_super: 0.00883, sec: 508.350, prod: 0.200015, t_ads: 22.1, t_des: 20.1, bed_util_ads: 0.499, bed_util_des: 0.499, des_th: 0.4988556278378733,frac_lost: 0.106, li_recovered:  8.453, time: 0.004523046000031172
L: 0.50, u_super: 0.00830, sec: 475.125, prod: 0.187497, t_ads: 23.6, t_des: 21.2, bed_util_ads: 0.500, bed_util_des: 0.500, des_th: 0.4999147248758198,frac_lost: 0.108, li_recovered:  8.399, time: 0.006463622999945073
L: 0.50, u_super: 0.00772, sec: 476.426, prod: 0.160779, t_ads: 25.3, t_des: 28.8, bed_util_ads: 0.470, bed_util_des: 0.470, des_th: 0.4697933373645079,frac_lost: 0.105, li_recovered:  8.701, time: 0.007148712998969131
L: 0.50, u_super: 0.00906, sec: 523.509, prod: 0.204884, t_ads: 21.7, t_des: 19.8, bed_util_ads: 0.499, bed_util_des: 0.499, des_th: 0.4987192436573012,frac_lost: 0.108, li_recovered:  8.489, time: 0.008017707999897539
L: 0.50, u_super: 0.00327, sec: 176.754, prod: 0.073147, t_ads: 59.5, t_des: 54.5, bed_util_ads: 0.495, bed_util_des: 0.495, des_th: 0.49486246674695844,frac_lost: 0.107, li_recovered:  8.334, time: 0.006541032998939045
L: 0.50, u_super: 0.00804, sec: 458.412, prod: 0.181736, t_ads: 24.4, t_des: 22.1, bed_util_ads: 0.500, bed_util_des: 0.500, des_th: 0.49968759532026685,frac_lost: 0.107, li_recovered:  8.442, time: 0.008661625000968343
L: 0.50, u_super: 0.00013, sec: 11.941, prod: 0.001671, t_ads: 969.1, t_des: 1037.8, bed_util_ads: 0.358, bed_util_des: 0.356, des_th: 0.35665421953741633,frac_lost: 0.101, li_recovered:  3.354, time: 0.004707214999143616
   202 |     8080 |     40 |  0.0032606528 |             f
L: 36.42, u_super: 0.00369 — INFEASIBLE (li_recovered=0.000e+00), time: 0.0020381140002427856
L: 0.50, u_super: 0.00343, sec: 187.992, prod: 0.075808, t_ads: 56.8, t_des: 55.7, bed_util_ads: 0.486, bed_util_des: 0.486, des_th: 0.4855660943474469,frac_lost: 0.108, li_recovered:  8.530, time: 0.007826588000170887
L: 0.50, u_super: 0.00179, sec: 111.627, prod: 0.033933, t_ads: 107.9, t_des: 142.0, bed_util_ads: 0.445, bed_util_des: 0.442, des_th: 0.44200286686665585,frac_lost: 0.105, li_recovered:  8.481, time: 0.009309735998613178
L: 0.50, u_super: 0.00701, sec: 395.193, prod: 0.158209, t_ads: 28.0, t_des: 25.4, bed_util_ads: 0.499, bed_util_des: 0.499, des_th: 0.49881816683594493,frac_lost: 0.109, li_recovered:  8.443, time: 0.011292600998785929
L: 0.50, u_super: 0.00008 — INFEASIBLE (li_recovered=0.000e+00), time: 0.0018017920010606758
L: 0.50, u_super: 0.00984, sec: 572.783, prod: 0.223006, t_ads: 19.9, t_des: 18.0, bed_util_ads: 0.500, bed_util_des: 0.499, des_th: 0.49942132725883337,frac_lost: 0.105, li_recovered:  8.456, time: 0.00872234300004493
L: 0.50, u_super: 0.00026, sec: 17.718, prod: 0.004417, t_ads: 676.2, t_des: 921.7, bed_util_ads: 0.388, bed_util_des: 0.372, des_th: 0.3720095671250626,frac_lost: 0.102, li_recovered:  7.058, time: 0.007178684998507379
L: 7.20, u_super: 0.00605 — INFEASIBLE (li_recovered=0.000e+00), time: 0.0036644930005422793
L: 6.38, u_super: 0.00545 — INFEASIBLE (li_recovered=0.000e+00), time: 0.003240841000661021
L: 0.50, u_super: 0.00064 — INFEASIBLE (li_recovered=0.000e+00), time: 0.002029056000537821
L: 0.50, u_super: 0.00494, sec: 271.050, prod: 0.111330, t_ads: 39.3, t_des: 35.5, bed_util_ads: 0.498, bed_util_des: 0.498, des_th: 0.4981681130378349,frac_lost: 0.103, li_recovered:  8.334, time: 0.006051843000022927
L: 0.50, u_super: 0.00458, sec: 251.077, prod: 0.103191, t_ads: 42.4, t_des: 39.2, bed_util_ads: 0.495, bed_util_des: 0.495, des_th: 0.4952033381779514,frac_lost: 0.105, li_recovered:  8.429, time: 0.007700251000642311
L: 0.50, u_super: 0.00191, sec: 110.229, prod: 0.039151, t_ads: 101.4, t_des: 115.0, bed_util_ads: 0.464, bed_util_des: 0.462, des_th: 0.46205143232171175,frac_lost: 0.106, li_recovered:  8.472, time: 0.006634752000536537
L: 0.50, u_super: 0.00068, sec: 38.148, prod: 0.014178, t_ads: 270.5, t_des: 246.3, bed_util_ads: 0.476, bed_util_des: 0.475, des_th: 0.4752169585895084,frac_lost: 0.102, li_recovered:  7.327, time: 0.005938250998951844
L: 0.50, u_super: 0.00043, sec: 43.164, prod: 0.004948, t_ads: 445.8, t_des: 1222.7, bed_util_ads: 0.326, bed_util_des: 0.301, des_th: 0.300773966577609,frac_lost: 0.102, li_recovered:  8.256, time: 0.01197738300106721
L: 0.50, u_super: 0.00109, sec: 59.299, prod: 0.023483, t_ads: 174.6, t_des: 158.6, bed_util_ads: 0.486, bed_util_des: 0.485, des_th: 0.48483357790975323,frac_lost: 0.108, li_recovered:  7.825, time: 0.007274248000612715
L: 0.50, u_super: 0.00264, sec: 142.391, prod: 0.058821, t_ads: 73.0, t_des: 69.7, bed_util_ads: 0.489, bed_util_des: 0.488, des_th: 0.48806068330877145,frac_lost: 0.103, li_recovered:  8.392, time: 0.007585139999719104
L: 0.50, u_super: 0.00005, sec: 4.585, prod: 0.000656, t_ads: 2928.0, t_des: 4368.7, bed_util_ads: 0.257, bed_util_des: 0.211, des_th: 0.2113453635244627,frac_lost: 0.100, li_recovered:  4.785, time: 0.006628683000599267
L: 0.50, u_super: 0.00658, sec: 368.499, prod: 0.148955, t_ads: 29.5, t_des: 26.3, bed_util_ads: 0.500, bed_util_des: 0.500, des_th: 0.4996289590751508,frac_lost: 0.101, li_recovered:  8.316, time: 0.006356744999720831
L: 0.50, u_super: 0.00990, sec: 577.006, prod: 0.224426, t_ads: 19.7, t_des: 17.9, bed_util_ads: 0.500, bed_util_des: 0.499, des_th: 0.49942132725883337,frac_lost: 0.105, li_recovered:  8.442, time: 0.010400300001492724
L: 0.50, u_super: 0.00327, sec: 176.280, prod: 0.073344, t_ads: 59.0, t_des: 53.7, bed_util_ads: 0.495, bed_util_des: 0.495, des_th: 0.49474800951122166,frac_lost: 0.101, li_recovered:  8.270, time: 0.007086548001097981
L: 0.50, u_super: 0.00102, sec: 55.916, prod: 0.022028, t_ads: 183.8, t_des: 166.4, bed_util_ads: 0.486, bed_util_des: 0.485, des_th: 0.48484465645736674,frac_lost: 0.103, li_recovered:  7.714, time: 0.009245623001334025
L: 0.50, u_super: 0.00506, sec: 278.629, prod: 0.114146, t_ads: 38.3, t_des: 34.3, bed_util_ads: 0.500, bed_util_des: 0.500, des_th: 0.49984480214725074,frac_lost: 0.103, li_recovered:  8.290, time: 0.007459544000084861
L: 0.50, u_super: 0.00451, sec: 246.997, prod: 0.101490, t_ads: 43.1, t_des: 38.4, bed_util_ads: 0.500, bed_util_des: 0.500, des_th: 0.49996556728321606,frac_lost: 0.104, li_recovered:  8.268, time: 0.007015388000581879
L: 0.50, u_super: 0.00303, sec: 940.353, prod: 0.011799, t_ads: 65.0, t_des: 678.9, bed_util_ads: 0.223, bed_util_des: 0.215, des_th: 0.21536935365945992,frac_lost: 0.106, li_recovered:  8.776, time: 0.03525741200064658
L: 0.50, u_super: 0.00575, sec: 318.297, prod: 0.130041, t_ads: 33.7, t_des: 30.4, bed_util_ads: 0.499, bed_util_des: 0.499, des_th: 0.49886303586957714,frac_lost: 0.100, li_recovered:  8.331, time: 0.0063974449985835236
L: 0.50, u_super: 0.00137, sec: 82.191, prod: 0.027036, t_ads: 139.5, t_des: 170.2, bed_util_ads: 0.451, bed_util_des: 0.448, des_th: 0.4482249668456255,frac_lost: 0.104, li_recovered:  8.372, time: 0.007558694000181276
L: 0.50, u_super: 0.00393, sec: 213.981, prod: 0.088403, t_ads: 49.4, t_des: 45.1, bed_util_ads: 0.495, bed_util_des: 0.495, des_th: 0.4951693824831655,frac_lost: 0.105, li_recovered:  8.358, time: 0.0072647070010134485
L: 0.50, u_super: 0.00397, sec: 216.080, prod: 0.088985, t_ads: 49.0, t_des: 43.7, bed_util_ads: 0.499, bed_util_des: 0.499, des_th: 0.4987978463968034,frac_lost: 0.106, li_recovered:  8.256, time: 0.00849076799931936
L: 2.59, u_super: 0.00683, sec: 2250.688, prod: 0.136087, t_ads: 145.2, t_des: 172.3, bed_util_ads: 0.454, bed_util_des: 0.451, des_th: 0.451082393097132,frac_lost: 0.105, li_recovered:  43.208, time: 0.004849273000218091
L: 0.50, u_super: 0.00976, sec: 570.926, prod: 0.219963, t_ads: 20.1, t_des: 19.0, bed_util_ads: 0.494, bed_util_des: 0.494, des_th: 0.4936382945828428,frac_lost: 0.106, li_recovered:  8.600, time: 0.0058744199995999224
L: 0.50, u_super: 0.00685, sec: 385.728, prod: 0.154762, t_ads: 28.5, t_des: 26.3, bed_util_ads: 0.496, bed_util_des: 0.496, des_th: 0.49615099546369196,frac_lost: 0.107, li_recovered:  8.481, time: 0.0076517079996847315
L: 0.50, u_super: 0.00478, sec: 283.860, prod: 0.099698, t_ads: 40.6, t_des: 46.1, bed_util_ads: 0.470, bed_util_des: 0.469, des_th: 0.46920082349133535,frac_lost: 0.103, li_recovered:  8.651, time: 0.009127315001023817
L: 5.37, u_super: 0.00503 — INFEASIBLE (li_recovered=0.000e+00), time: 0.003511130000333651
L: 0.50, u_super: 0.00649, sec: 364.025, prod: 0.146329, t_ads: 30.1, t_des: 28.0, bed_util_ads: 0.495, bed_util_des: 0.495, des_th: 0.49523448200620024,frac_lost: 0.107, li_recovered:  8.505, time: 0.005322294999132282
L: 0.50, u_super: 0.00363, sec: 197.309, prod: 0.081218, t_ads: 53.8, t_des: 48.0, bed_util_ads: 0.499, bed_util_des: 0.499, des_th: 0.4986729254129581,frac_lost: 0.109, li_recovered:  8.262, time: 0.005675005999364657
L: 0.50, u_super: 0.00659, sec: 368.934, prod: 0.149281, t_ads: 29.5, t_des: 26.7, bed_util_ads: 0.500, bed_util_des: 0.499, des_th: 0.4994685657876447,frac_lost: 0.102, li_recovered:  8.381, time: 0.006049675001122523
L: 0.50, u_super: 0.00600, sec: 333.554, prod: 0.135641, t_ads: 32.3, t_des: 28.9, bed_util_ads: 0.500, bed_util_des: 0.500, des_th: 0.49958928661096563,frac_lost: 0.101, li_recovered:  8.309, time: 0.006064158000299358
L: 0.50, u_super: 0.00822, sec: 470.091, prod: 0.186037, t_ads: 23.8, t_des: 21.8, bed_util_ads: 0.497, bed_util_des: 0.497, des_th: 0.4968044364935217,frac_lost: 0.106, li_recovered:  8.486, time: 0.005674459000147181
L: 0.50, u_super: 0.00137, sec: 74.867, prod: 0.029681, t_ads: 139.1, t_des: 139.0, bed_util_ads: 0.476, bed_util_des: 0.475, des_th: 0.4750311179101,frac_lost: 0.105, li_recovered:  8.253, time: 0.006693073999485932
   203 |     8120 |     40 |  0.0018183257 |             f
L: 9.84, u_super: 0.00369 — INFEASIBLE (li_recovered=0.000e+00), time: 0.001954326000486617
L: 0.50, u_super: 0.00867, sec: 498.533, prod: 0.196224, t_ads: 22.6, t_des: 20.4, bed_util_ads: 0.499, bed_util_des: 0.499, des_th: 0.4991600761345763,frac_lost: 0.107, li_recovered:  8.433, time: 0.005973944000288611
L: 0.50, u_super: 0.00278, sec: 149.849, prod: 0.061937, t_ads: 69.5, t_des: 61.8, bed_util_ads: 0.498, bed_util_des: 0.497, des_th: 0.4972619842632508,frac_lost: 0.104, li_recovered:  8.133, time: 0.005601293998552137
L: 0.50, u_super: 0.00327, sec: 176.702, prod: 0.073169, t_ads: 59.0, t_des: 52.6, bed_util_ads: 0.498, bed_util_des: 0.498, des_th: 0.49816897092150475,frac_lost: 0.101, li_recovered:  8.166, time: 0.004713149000963313
L: 0.50, u_super: 0.00538, sec: 297.211, prod: 0.121363, t_ads: 36.0, t_des: 31.9, bed_util_ads: 0.500, bed_util_des: 0.500, des_th: 0.49980373770469805,frac_lost: 0.101, li_recovered:  8.243, time: 0.005420789000709192
L: 0.50, u_super: 0.00887, sec: 511.114, prod: 0.200620, t_ads: 22.1, t_des: 20.0, bed_util_ads: 0.500, bed_util_des: 0.500, des_th: 0.4999965439488652,frac_lost: 0.108, li_recovered:  8.446, time: 0.00534273899938853
L: 0.50, u_super: 0.00005, sec: 4.672, prod: 0.000643, t_ads: 2805.4, t_des: 4076.9, bed_util_ads: 0.257, bed_util_des: 0.216, des_th: 0.21667518627816001,frac_lost: 0.101, li_recovered:  4.428, time: 0.006023530999300419
L: 0.50, u_super: 0.00931, sec: 538.869, prod: 0.210984, t_ads: 21.0, t_des: 19.1, bed_util_ads: 0.499, bed_util_des: 0.499, des_th: 0.4991920745662998,frac_lost: 0.106, li_recovered:  8.459, time: 0.005904469999222783
L: 0.50, u_super: 0.00883, sec: 904.100, prod: 0.112329, t_ads: 22.1, t_des: 55.7, bed_util_ads: 0.373, bed_util_des: 0.372, des_th: 0.3720095671250626,frac_lost: 0.101, li_recovered:  8.735, time: 0.009238885000740993
L: 0.50, u_super: 0.00808, sec: 826.744, prod: 0.102072, t_ads: 24.3, t_des: 61.3, bed_util_ads: 0.373, bed_util_des: 0.372, des_th: 0.3720095671250626,frac_lost: 0.108, li_recovered:  8.741, time: 0.010423869000078412
L: 0.50, u_super: 0.00125, sec: 67.917, prod: 0.027189, t_ads: 151.5, t_des: 135.8, bed_util_ads: 0.489, bed_util_des: 0.489, des_th: 0.48890148007830936,frac_lost: 0.103, li_recovered:  7.811, time: 0.005999647999487934
L: 0.50, u_super: 0.00707, sec: 399.232, prod: 0.159714, t_ads: 27.7, t_des: 24.8, bed_util_ads: 0.500, bed_util_des: 0.500, des_th: 0.499923236435302,frac_lost: 0.108, li_recovered:  8.381, time: 0.005814345000544563
L: 0.50, u_super: 0.00861, sec: 494.416, prod: 0.194937, t_ads: 22.7, t_des: 20.6, bed_util_ads: 0.500, bed_util_des: 0.499, des_th: 0.4994405974380169,frac_lost: 0.106, li_recovered:  8.453, time: 0.0038184549994184636
L: 0.50, u_super: 0.00915, sec: 529.426, prod: 0.206908, t_ads: 21.4, t_des: 19.9, bed_util_ads: 0.496, bed_util_des: 0.496, des_th: 0.4958634506620251,frac_lost: 0.106, li_recovered:  8.533, time: 0.00479434100088838
L: 0.50, u_super: 0.00022 — INFEASIBLE (li_recovered=0.000e+00), time: 0.0016172329997061752
L: 32.81, u_super: 0.00964 — INFEASIBLE (li_recovered=0.000e+00), time: 0.001206982999065076
L: 0.50, u_super: 0.00744, sec: 420.428, prod: 0.168504, t_ads: 26.1, t_des: 23.3, bed_util_ads: 0.500, bed_util_des: 0.500, des_th: 0.4999504194280836,frac_lost: 0.101, li_recovered:  8.324, time: 0.0038761899995733984
L: 0.50, u_super: 0.00190, sec: 106.211, prod: 0.040565, t_ads: 101.2, t_des: 107.0, bed_util_ads: 0.473, bed_util_des: 0.472, des_th: 0.4717082670374099,frac_lost: 0.105, li_recovered:  8.446, time: 0.0043390629998611985
L: 0.50, u_super: 0.00797, sec: 453.246, prod: 0.180919, t_ads: 24.3, t_des: 22.0, bed_util_ads: 0.500, bed_util_des: 0.500, des_th: 0.4999378400902233,frac_lost: 0.101, li_recovered:  8.385, time: 0.003979999000875978
L: 29.38, u_super: 0.00157 — INFEASIBLE (li_recovered=0.000e+00), time: 0.0007346900001721224
L: 0.50, u_super: 0.00147, sec: 79.531, prod: 0.032317, t_ads: 129.7, t_des: 117.9, bed_util_ads: 0.490, bed_util_des: 0.490, des_th: 0.48966647637001004,frac_lost: 0.106, li_recovered:  8.003, time: 0.005220992999966256
L: 0.50, u_super: 0.00763, sec: 456.125, prod: 0.164033, t_ads: 25.6, t_des: 27.4, bed_util_ads: 0.478, bed_util_des: 0.477, des_th: 0.47718574365730243,frac_lost: 0.106, li_recovered:  8.694, time: 0.005931023999437457
L: 0.50, u_super: 0.00409, sec: 222.921, prod: 0.092010, t_ads: 47.5, t_des: 43.4, bed_util_ads: 0.496, bed_util_des: 0.495, des_th: 0.4952972673631278,frac_lost: 0.105, li_recovered:  8.366, time: 0.004775656998390332
L: 0.50, u_super: 0.00719, sec: 406.457, prod: 0.162408, t_ads: 27.2, t_des: 24.4, bed_util_ads: 0.500, bed_util_des: 0.500, des_th: 0.49997386158757345,frac_lost: 0.108, li_recovered:  8.392, time: 0.004800290000275709
L: 0.50, u_super: 0.00982, sec: 572.158, prod: 0.222654, t_ads: 19.9, t_des: 18.3, bed_util_ads: 0.498, bed_util_des: 0.498, des_th: 0.4981561539196735,frac_lost: 0.105, li_recovered:  8.497, time: 0.004099126999790315
L: 14.15, u_super: 0.00990 — INFEASIBLE (li_recovered=0.000e+00), time: 0.0028678110011242097
L: 0.50, u_super: 0.00033 — INFEASIBLE (li_recovered=0.000e+00), time: 0.0021234349987935275
L: 0.50, u_super: 0.00028 — INFEASIBLE (li_recovered=0.000e+00), time: 0.0015415369998663664
L: 0.50, u_super: 0.00005, sec: 4.402, prod: 0.000683, t_ads: 3379.6, t_des: 5794.0, bed_util_ads: 0.253, bed_util_des: 0.185, des_th: 0.1851696623157332,frac_lost: 0.102, li_recovered:  6.265, time: 0.004706313999122358
L: 0.50, u_super: 0.00823, sec: 470.625, prod: 0.186142, t_ads: 23.8, t_des: 21.3, bed_util_ads: 0.500, bed_util_des: 0.500, des_th: 0.499973891520886,frac_lost: 0.107, li_recovered:  8.391, time: 0.004906072001176653
L: 0.50, u_super: 0.00990, sec: 576.517, prod: 0.224618, t_ads: 19.7, t_des: 17.7, bed_util_ads: 0.500, bed_util_des: 0.500, des_th: 0.49996684647006495,frac_lost: 0.103, li_recovered:  8.406, time: 0.00502987100117025
L: 0.50, u_super: 0.00911, sec: 526.036, prod: 0.206522, t_ads: 21.4, t_des: 19.5, bed_util_ads: 0.499, bed_util_des: 0.499, des_th: 0.4989721003039348,frac_lost: 0.105, li_recovered:  8.444, time: 0.0055278320014622295
L: 0.50, u_super: 0.00827, sec: 480.285, prod: 0.184142, t_ads: 23.7, t_des: 23.3, bed_util_ads: 0.489, bed_util_des: 0.489, des_th: 0.48890148007830936,frac_lost: 0.107, li_recovered:  8.652, time: 0.004862065999986953
L: 0.50, u_super: 0.00442, sec: 274.901, prod: 0.087409, t_ads: 43.8, t_des: 55.1, bed_util_ads: 0.456, bed_util_des: 0.455, des_th: 0.454591568171689,frac_lost: 0.100, li_recovered:  8.645, time: 0.004484524999497808
L: 0.50, u_super: 0.00781, sec: 442.981, prod: 0.177034, t_ads: 24.9, t_des: 22.4, bed_util_ads: 0.500, bed_util_des: 0.499, des_th: 0.49948218767400326,frac_lost: 0.101, li_recovered:  8.379, time: 0.006527042000016081
L: 0.50, u_super: 0.00327, sec: 179.517, prod: 0.072092, t_ads: 59.5, t_des: 58.9, bed_util_ads: 0.485, bed_util_des: 0.484, des_th: 0.48417459786255623,frac_lost: 0.107, li_recovered:  8.533, time: 0.0051725829998758854
L: 0.50, u_super: 0.00089, sec: 49.218, prod: 0.018776, t_ads: 211.7, t_des: 186.7, bed_util_ads: 0.486, bed_util_des: 0.485, des_th: 0.48485923477048726,frac_lost: 0.107, li_recovered:  7.479, time: 0.004847451000387082
L: 0.50, u_super: 0.00011 — INFEASIBLE (li_recovered=0.000e+00), time: 0.0018278299994562985
L: 0.50, u_super: 0.00320, sec: 172.343, prod: 0.071796, t_ads: 60.2, t_des: 55.0, bed_util_ads: 0.495, bed_util_des: 0.495, des_th: 0.49474800951122166,frac_lost: 0.100, li_recovered:  8.275, time: 0.005941434999840567
L: 0.50, u_super: 0.00189, sec: 106.050, prod: 0.040110, t_ads: 102.0, t_des: 108.7, bed_util_ads: 0.471, bed_util_des: 0.470, des_th: 0.4697933373645079,frac_lost: 0.106, li_recovered:  8.449, time: 0.005200738998610177
   204 |     8160 |     40 |  0.0038694078 |             f
L: 0.50, u_super: 0.00191, sec: 102.808, prod: 0.041977, t_ads: 101.2, t_des: 96.8, bed_util_ads: 0.485, bed_util_des: 0.484, des_th: 0.48417459786255623,frac_lost: 0.107, li_recovered:  8.310, time: 0.0053801839985681
L: 0.50, u_super: 0.00679, sec: 381.488, prod: 0.153250, t_ads: 28.8, t_des: 26.5, bed_util_ads: 0.496, bed_util_des: 0.496, des_th: 0.4961330222676027,frac_lost: 0.107, li_recovered:  8.473, time: 0.005474434999996447
L: 0.50, u_super: 0.00542, sec: 299.004, prod: 0.122406, t_ads: 35.8, t_des: 32.9, bed_util_ads: 0.496, bed_util_des: 0.496, des_th: 0.4959404626478121,frac_lost: 0.103, li_recovered:  8.416, time: 0.00524151099853043
L: 0.50, u_super: 0.00324, sec: 174.909, prod: 0.072779, t_ads: 59.4, t_des: 54.1, bed_util_ads: 0.495, bed_util_des: 0.495, des_th: 0.49474800951122166,frac_lost: 0.101, li_recovered:  8.260, time: 0.004540773001281195
L: 0.50, u_super: 0.00558, sec: 308.787, prod: 0.126034, t_ads: 34.7, t_des: 32.6, bed_util_ads: 0.494, bed_util_des: 0.493, des_th: 0.49338318724913083,frac_lost: 0.101, li_recovered:  8.485, time: 0.005613012999674538
L: 0.50, u_super: 0.00068 — INFEASIBLE (li_recovered=0.000e+00), time: 0.003980684999987716
L: 0.50, u_super: 0.00513, sec: 282.741, prod: 0.115811, t_ads: 37.8, t_des: 33.8, bed_util_ads: 0.499, bed_util_des: 0.499, des_th: 0.4991920745662998,frac_lost: 0.103, li_recovered:  8.296, time: 0.004596511998897768
L: 11.76, u_super: 0.00343 — INFEASIBLE (li_recovered=0.000e+00), time: 0.001878332999694976
L: 0.50, u_super: 0.00885, sec: 510.053, prod: 0.200309, t_ads: 22.1, t_des: 20.1, bed_util_ads: 0.500, bed_util_des: 0.500, des_th: 0.4999965439488652,frac_lost: 0.108, li_recovered:  8.451, time: 0.005876631999853998
L: 2.72, u_super: 0.00381, sec: 1249.131, prod: 0.077179, t_ads: 263.5, t_des: 221.0, bed_util_ads: 0.486, bed_util_des: 0.486, des_th: 0.48621726310668034,frac_lost: 0.104, li_recovered:  37.394, time: 0.005030867001551087
L: 0.50, u_super: 0.00026, sec: 17.476, prod: 0.004479, t_ads: 675.5, t_des: 888.1, bed_util_ads: 0.392, bed_util_des: 0.377, des_th: 0.3770306329092895,frac_lost: 0.104, li_recovered:  7.003, time: 0.00690327699885529
L: 0.50, u_super: 0.00964, sec: 562.542, prod: 0.217538, t_ads: 20.2, t_des: 19.3, bed_util_ads: 0.493, bed_util_des: 0.492, des_th: 0.49235106751864416,frac_lost: 0.104, li_recovered:  8.597, time: 0.004461582000658382
L: 0.50, u_super: 0.00888, sec: 511.293, prod: 0.201211, t_ads: 22.0, t_des: 20.0, bed_util_ads: 0.499, bed_util_des: 0.499, des_th: 0.4989721003039348,frac_lost: 0.105, li_recovered:  8.441, time: 0.005603364001217415
L: 0.50, u_super: 0.00671, sec: 376.210, prod: 0.151832, t_ads: 28.9, t_des: 25.8, bed_util_ads: 0.500, bed_util_des: 0.500, des_th: 0.49958928661096563,frac_lost: 0.102, li_recovered:  8.317, time: 0.003900414998497581
L: 0.50, u_super: 0.00649, sec: 362.579, prod: 0.146911, t_ads: 29.9, t_des: 27.7, bed_util_ads: 0.496, bed_util_des: 0.496, des_th: 0.49568333158442646,frac_lost: 0.102, li_recovered:  8.461, time: 0.005481389000124182
L: 0.50, u_super: 0.00369, sec: 200.939, prod: 0.082674, t_ads: 52.6, t_des: 46.5, bed_util_ads: 0.499, bed_util_des: 0.499, des_th: 0.49921293262181626,frac_lost: 0.106, li_recovered:  8.193, time: 0.004083626999999979
L: 0.50, u_super: 0.00076, sec: 42.824, prod: 0.015670, t_ads: 243.3, t_des: 210.6, bed_util_ads: 0.485, bed_util_des: 0.485, des_th: 0.48485923477048726,frac_lost: 0.100, li_recovered:  7.113, time: 0.005118289000165532
L: 0.50, u_super: 0.00147, sec: 79.654, prod: 0.032266, t_ads: 129.7, t_des: 116.6, bed_util_ads: 0.490, bed_util_des: 0.490, des_th: 0.48966647637001004,frac_lost: 0.106, li_recovered:  7.948, time: 0.004122849000850692
L: 0.50, u_super: 0.00701, sec: 394.015, prod: 0.158614, t_ads: 27.7, t_des: 24.8, bed_util_ads: 0.500, bed_util_des: 0.500, des_th: 0.49992848297779,frac_lost: 0.101, li_recovered:  8.325, time: 0.004797502999281278
L: 10.21, u_super: 0.00763 — INFEASIBLE (li_recovered=0.000e+00), time: 0.004248412000379176
L: 11.74, u_super: 0.00005 — INFEASIBLE (li_recovered=0.000e+00), time: 0.0010539439990679966
L: 0.50, u_super: 0.00023, sec: 15.335, prod: 0.003886, t_ads: 755.1, t_des: 971.7, bed_util_ads: 0.387, bed_util_des: 0.372, des_th: 0.3720095671250626,frac_lost: 0.103, li_recovered:  6.710, time: 0.004790410999703454
L: 0.50, u_super: 0.00246, sec: 132.763, prod: 0.054561, t_ads: 78.4, t_des: 69.0, bed_util_ads: 0.498, bed_util_des: 0.498, des_th: 0.4980273590775787,frac_lost: 0.104, li_recovered:  8.043, time: 0.004924229999232921
L: 0.50, u_super: 0.00442, sec: 255.638, prod: 0.093994, t_ads: 44.0, t_des: 47.9, bed_util_ads: 0.475, bed_util_des: 0.474, des_th: 0.47403559613268925,frac_lost: 0.104, li_recovered:  8.636, time: 0.004697978998592589
L: 0.50, u_super: 0.00904, sec: 521.826, prod: 0.204666, t_ads: 21.7, t_des: 19.6, bed_util_ads: 0.500, bed_util_des: 0.500, des_th: 0.49984480214725074,frac_lost: 0.107, li_recovered:  8.449, time: 0.004681917998823337
L: 0.50, u_super: 0.00613, sec: 341.663, prod: 0.138595, t_ads: 31.7, t_des: 29.4, bed_util_ads: 0.496, bed_util_des: 0.496, des_th: 0.49563422072153474,frac_lost: 0.104, li_recovered:  8.471, time: 0.00578913700155681
L: 0.50, u_super: 0.00343, sec: 185.720, prod: 0.076737, t_ads: 56.6, t_des: 50.6, bed_util_ads: 0.498, bed_util_des: 0.498, des_th: 0.49816619148212393,frac_lost: 0.106, li_recovered:  8.233, time: 0.004961316000844818
L: 0.50, u_super: 0.00229, sec: 123.888, prod: 0.050401, t_ads: 84.4, t_des: 73.1, bed_util_ads: 0.499, bed_util_des: 0.499, des_th: 0.49870314222970574,frac_lost: 0.106, li_recovered:  7.940, time: 0.0065876930002559675
L: 0.53, u_super: 0.00320, sec: 184.895, prod: 0.071271, t_ads: 64.3, t_des: 56.5, bed_util_ads: 0.499, bed_util_des: 0.499, des_th: 0.49861242453450794,frac_lost: 0.103, li_recovered:  8.610, time: 0.004510527000093134
L: 0.50, u_super: 0.00990, sec: 576.544, prod: 0.224607, t_ads: 19.7, t_des: 17.8, bed_util_ads: 0.500, bed_util_des: 0.499, des_th: 0.49942132725883337,frac_lost: 0.104, li_recovered:  8.412, time: 0.004854057000557077
L: 0.50, u_super: 0.00285, sec: 153.656, prod: 0.063558, t_ads: 67.7, t_des: 60.1, bed_util_ads: 0.498, bed_util_des: 0.498, des_th: 0.4980438326763245,frac_lost: 0.102, li_recovered:  8.120, time: 0.004656012999475934
L: 0.50, u_super: 0.00684, sec: 384.973, prod: 0.154242, t_ads: 28.7, t_des: 26.3, bed_util_ads: 0.497, bed_util_des: 0.497, des_th: 0.4967507713174768,frac_lost: 0.109, li_recovered:  8.475, time: 0.003996694998932071
L: 0.50, u_super: 0.00861, sec: 494.916, prod: 0.194742, t_ads: 22.8, t_des: 20.6, bed_util_ads: 0.499, bed_util_des: 0.499, des_th: 0.498990554207479,frac_lost: 0.108, li_recovered:  8.454, time: 0.005837026999870432
L: 0.50, u_super: 0.00876, sec: 503.720, prod: 0.198501, t_ads: 22.3, t_des: 20.2, bed_util_ads: 0.499, bed_util_des: 0.499, des_th: 0.49865206735743395,frac_lost: 0.105, li_recovered:  8.439, time: 0.003811389000475174
L: 0.50, u_super: 0.00363, sec: 207.695, prod: 0.077313, t_ads: 53.5, t_des: 57.9, bed_util_ads: 0.475, bed_util_des: 0.474, des_th: 0.4739036959718709,frac_lost: 0.104, li_recovered:  8.605, time: 0.006826008999269106
L: 0.50, u_super: 0.00287, sec: 156.285, prod: 0.063605, t_ads: 67.1, t_des: 66.2, bed_util_ads: 0.485, bed_util_des: 0.484, des_th: 0.48417459786255623,frac_lost: 0.102, li_recovered:  8.481, time: 0.004617604001396103
L: 0.50, u_super: 0.00651, sec: 363.546, prod: 0.147436, t_ads: 29.8, t_des: 27.6, bed_util_ads: 0.496, bed_util_des: 0.496, des_th: 0.49563422072153474,frac_lost: 0.101, li_recovered:  8.459, time: 0.00504563999857055
L: 0.50, u_super: 0.00235, sec: 126.755, prod: 0.051955, t_ads: 82.2, t_des: 72.2, bed_util_ads: 0.498, bed_util_des: 0.498, des_th: 0.4977878454052374,frac_lost: 0.105, li_recovered:  8.024, time: 0.004423431999384775
L: 0.50, u_super: 0.00316, sec: 170.447, prod: 0.070735, t_ads: 61.2, t_des: 55.2, bed_util_ads: 0.497, bed_util_des: 0.496, des_th: 0.49631217886893064,frac_lost: 0.103, li_recovered:  8.230, time: 0.006112662000305136
L: 0.50, u_super: 0.00207, sec: 112.248, prod: 0.045540, t_ads: 93.2, t_des: 80.9, bed_util_ads: 0.498, bed_util_des: 0.498, des_th: 0.49778043464236804,frac_lost: 0.108, li_recovered:  7.932, time: 0.004506027999013895
   205 |     8200 |     40 |  0.0021209311 |             f
L: 0.50, u_super: 0.00732, sec: 7463.535, prod: 0.009189, t_ads: 26.7, t_des: 929.6, bed_util_ads: 0.138, bed_util_des: 0.134, des_th: 0.13411586060059996,frac_lost: 0.101, li_recovered:  8.787, time: 0.10929387400028645
L: 0.50, u_super: 0.00409, sec: 222.500, prod: 0.091910, t_ads: 47.5, t_des: 43.5, bed_util_ads: 0.496, bed_util_des: 0.495, des_th: 0.4952972673631278,frac_lost: 0.105, li_recovered:  8.367, time: 0.004807917999642086
L: 0.50, u_super: 0.00106, sec: 58.555, prod: 0.022693, t_ads: 176.6, t_des: 154.0, bed_util_ads: 0.490, bed_util_des: 0.490, des_th: 0.48966080002431683,frac_lost: 0.101, li_recovered:  7.501, time: 0.00424769799974456
L: 0.50, u_super: 0.00014 — INFEASIBLE (li_recovered=0.000e+00), time: 0.0010991810013365466
L: 0.50, u_super: 0.00442, sec: 241.820, prod: 0.099366, t_ads: 44.0, t_des: 39.2, bed_util_ads: 0.499, bed_util_des: 0.499, des_th: 0.49882007461142386,frac_lost: 0.105, li_recovered:  8.269, time: 0.0037499150002986426
L: 0.50, u_super: 0.00316, sec: 170.807, prod: 0.070586, t_ads: 61.6, t_des: 55.6, bed_util_ads: 0.497, bed_util_des: 0.496, des_th: 0.49631217886893064,frac_lost: 0.108, li_recovered:  8.274, time: 0.0046303369999805
L: 7.59, u_super: 0.00506 — INFEASIBLE (li_recovered=0.000e+00), time: 0.0021390170004451647
L: 0.50, u_super: 0.00565, sec: 313.049, prod: 0.127759, t_ads: 34.4, t_des: 31.5, bed_util_ads: 0.497, bed_util_des: 0.497, des_th: 0.4967507713174768,frac_lost: 0.103, li_recovered:  8.418, time: 0.0038297760002024006
L: 0.50, u_super: 0.00147, sec: 79.552, prod: 0.032308, t_ads: 129.7, t_des: 117.8, bed_util_ads: 0.490, bed_util_des: 0.489, des_th: 0.4890181538059246,frac_lost: 0.106, li_recovered:  7.998, time: 0.004071792000104324
L: 0.50, u_super: 0.00756, sec: 660.481, prod: 0.110886, t_ads: 25.8, t_des: 52.9, bed_util_ads: 0.397, bed_util_des: 0.396, des_th: 0.396071161961935,frac_lost: 0.102, li_recovered:  8.722, time: 0.005718259000786929
L: 0.50, u_super: 0.00968, sec: 562.612, prod: 0.219416, t_ads: 20.2, t_des: 18.3, bed_util_ads: 0.500, bed_util_des: 0.500, des_th: 0.49975921831541353,frac_lost: 0.105, li_recovered:  8.447, time: 0.0048541550004301826
L: 0.50, u_super: 0.00278, sec: 149.637, prod: 0.062025, t_ads: 69.4, t_des: 65.6, bed_util_ads: 0.489, bed_util_des: 0.489, des_th: 0.48884589634176,frac_lost: 0.102, li_recovered:  8.373, time: 0.00418023699967307
L: 0.50, u_super: 0.00369, sec: 200.257, prod: 0.082802, t_ads: 52.7, t_des: 47.7, bed_util_ads: 0.497, bed_util_des: 0.497, des_th: 0.49654789032533087,frac_lost: 0.106, li_recovered:  8.315, time: 0.0037640059999830555
L: 0.50, u_super: 0.00075, sec: 41.942, prod: 0.015551, t_ads: 248.5, t_des: 219.1, bed_util_ads: 0.482, bed_util_des: 0.481, des_th: 0.48094311274941975,frac_lost: 0.104, li_recovered:  7.272, time: 0.004082469999048044
L: 0.50, u_super: 0.00990, sec: 576.505, prod: 0.224623, t_ads: 19.7, t_des: 17.9, bed_util_ads: 0.500, bed_util_des: 0.499, des_th: 0.49942132725883337,frac_lost: 0.104, li_recovered:  8.459, time: 0.0037826269999641227
L: 0.50, u_super: 0.00861, sec: 494.488, prod: 0.194909, t_ads: 22.7, t_des: 20.6, bed_util_ads: 0.500, bed_util_des: 0.500, des_th: 0.4995945074730016,frac_lost: 0.107, li_recovered:  8.449, time: 0.004753086999699008
L: 0.50, u_super: 0.00929, sec: 537.550, prod: 0.210500, t_ads: 21.0, t_des: 19.0, bed_util_ads: 0.500, bed_util_des: 0.500, des_th: 0.4998480914531607,frac_lost: 0.106, li_recovered:  8.439, time: 0.005282698999508284
L: 0.50, u_super: 0.00034 — INFEASIBLE (li_recovered=0.000e+00), time: 0.0020110229997953866
L: 32.33, u_super: 0.00804 — INFEASIBLE (li_recovered=0.000e+00), time: 0.0011794929996540304
L: 0.50, u_super: 0.00990, sec: 576.545, prod: 0.224608, t_ads: 19.7, t_des: 17.8, bed_util_ads: 0.500, bed_util_des: 0.499, des_th: 0.49942132725883337,frac_lost: 0.104, li_recovered:  8.412, time: 0.004277497999282787
L: 0.50, u_super: 0.00797, sec: 453.425, prod: 0.180848, t_ads: 24.4, t_des: 22.0, bed_util_ads: 0.500, bed_util_des: 0.500, des_th: 0.4996097833440482,frac_lost: 0.101, li_recovered:  8.381, time: 0.004740467000374338
L: 0.50, u_super: 0.00964, sec: 564.490, prod: 0.216788, t_ads: 20.3, t_des: 19.5, bed_util_ads: 0.493, bed_util_des: 0.492, des_th: 0.49235106751864416,frac_lost: 0.105, li_recovered:  8.622, time: 0.0045236660007503815
L: 0.50, u_super: 0.00861, sec: 494.337, prod: 0.194968, t_ads: 22.7, t_des: 20.6, bed_util_ads: 0.500, bed_util_des: 0.499, des_th: 0.4994405974380169,frac_lost: 0.106, li_recovered:  8.440, time: 0.004882731998804957
L: 6.03, u_super: 0.00562 — INFEASIBLE (li_recovered=0.000e+00), time: 0.003735334999873885
L: 0.50, u_super: 0.00760, sec: 431.724, prod: 0.171789, t_ads: 25.8, t_des: 23.1, bed_util_ads: 0.500, bed_util_des: 0.500, des_th: 0.49991149315471306,frac_lost: 0.108, li_recovered:  8.390, time: 0.003907347998392652
L: 6.41, u_super: 0.00701 — INFEASIBLE (li_recovered=0.000e+00), time: 0.0028356549992167857
L: 0.50, u_super: 0.00037 — INFEASIBLE (li_recovered=0.000e+00), time: 0.00315725200016459
L: 57.12, u_super: 0.00442 — INFEASIBLE (li_recovered=0.000e+00), time: 0.0010305870000593131
L: 0.50, u_super: 0.00028 — INFEASIBLE (li_recovered=0.000e+00), time: 0.0018209339996246854
L: 0.50, u_super: 0.00723, sec: 409.189, prod: 0.163264, t_ads: 27.1, t_des: 24.3, bed_util_ads: 0.500, bed_util_des: 0.500, des_th: 0.49997386158757345,frac_lost: 0.109, li_recovered:  8.391, time: 0.004799905000254512
L: 18.35, u_super: 0.00538 — INFEASIBLE (li_recovered=0.000e+00), time: 0.0015310039998439606
L: 0.50, u_super: 0.00711, sec: 401.536, prod: 0.160700, t_ads: 27.5, t_des: 24.7, bed_util_ads: 0.500, bed_util_des: 0.500, des_th: 0.49996495312846445,frac_lost: 0.107, li_recovered:  8.389, time: 0.0046246959991549375
L: 0.50, u_super: 0.00562, sec: 311.322, prod: 0.127040, t_ads: 34.5, t_des: 30.9, bed_util_ads: 0.500, bed_util_des: 0.499, des_th: 0.4994353765759809,frac_lost: 0.102, li_recovered:  8.316, time: 0.0044873709994135424
L: 0.50, u_super: 0.00508, sec: 280.201, prod: 0.114413, t_ads: 38.2, t_des: 36.2, bed_util_ads: 0.492, bed_util_des: 0.492, des_th: 0.4915531880394666,frac_lost: 0.102, li_recovered:  8.507, time: 0.004030193000289728
L: 0.50, u_super: 0.00005, sec: 4.357, prod: 0.000675, t_ads: 3405.8, t_des: 5821.1, bed_util_ads: 0.252, bed_util_des: 0.185, des_th: 0.1851696623157332,frac_lost: 0.102, li_recovered:  6.227, time: 0.004394039999169763
L: 0.50, u_super: 0.00343, sec: 186.648, prod: 0.076690, t_ads: 56.6, t_des: 53.6, bed_util_ads: 0.490, bed_util_des: 0.490, des_th: 0.48979340053179365,frac_lost: 0.106, li_recovered:  8.456, time: 0.0065932599991356255
L: 0.50, u_super: 0.00129, sec: 92.825, prod: 0.021092, t_ads: 149.9, t_des: 250.5, bed_util_ads: 0.411, bed_util_des: 0.405, des_th: 0.40499838404675026,frac_lost: 0.107, li_recovered:  8.445, time: 0.005860550998477265
L: 0.50, u_super: 0.00113, sec: 62.142, prod: 0.024319, t_ads: 167.4, t_des: 146.5, bed_util_ads: 0.490, bed_util_des: 0.490, des_th: 0.48966647637001004,frac_lost: 0.106, li_recovered:  7.634, time: 0.00624374600010924
L: 0.50, u_super: 0.00124, sec: 69.414, prod: 0.026289, t_ads: 152.4, t_des: 126.3, bed_util_ads: 0.497, bed_util_des: 0.497, des_th: 0.49737049067261074,frac_lost: 0.105, li_recovered:  7.326, time: 0.005232456000157981
L: 60.57, u_super: 0.00609 — INFEASIBLE (li_recovered=0.000e+00), time: 0.0011713610001606867
   206 |     8240 |     40 |  0.0024397442 |             f
L: 0.50, u_super: 0.00007 — INFEASIBLE (li_recovered=0.000e+00), time: 0.0014207610001903959
L: 0.50, u_super: 0.00949, sec: 550.141, prod: 0.214980, t_ads: 20.6, t_des: 18.7, bed_util_ads: 0.500, bed_util_des: 0.499, des_th: 0.4994133230746661,frac_lost: 0.106, li_recovered:  8.442, time: 0.00533230399923923
L: 0.50, u_super: 0.00377, sec: 207.233, prod: 0.083644, t_ads: 51.6, t_des: 50.6, bed_util_ads: 0.487, bed_util_des: 0.487, des_th: 0.48658678205264405,frac_lost: 0.106, li_recovered:  8.544, time: 0.005820253998535918
L: 0.50, u_super: 0.00506, sec: 278.683, prod: 0.114124, t_ads: 38.4, t_des: 34.3, bed_util_ads: 0.500, bed_util_des: 0.500, des_th: 0.49989019605054424,frac_lost: 0.104, li_recovered:  8.297, time: 0.004291443001420703
L: 0.50, u_super: 0.00616, sec: 357.304, prod: 0.133593, t_ads: 31.5, t_des: 33.3, bed_util_ads: 0.478, bed_util_des: 0.478, des_th: 0.47806180020038097,frac_lost: 0.101, li_recovered:  8.663, time: 0.006025931001204299
L: 0.50, u_super: 0.00757, sec: 429.472, prod: 0.171050, t_ads: 25.9, t_des: 23.4, bed_util_ads: 0.499, bed_util_des: 0.499, des_th: 0.49931117882964016,frac_lost: 0.108, li_recovered:  8.436, time: 0.005325910000465228
L: 0.50, u_super: 0.00728, sec: 411.798, prod: 0.164416, t_ads: 26.9, t_des: 24.1, bed_util_ads: 0.500, bed_util_des: 0.500, des_th: 0.49959124307125724,frac_lost: 0.108, li_recovered:  8.390, time: 0.0066071429992007324
L: 19.51, u_super: 0.00572 — INFEASIBLE (li_recovered=0.000e+00), time: 0.0025118100002146093
L: 0.50, u_super: 0.00150, sec: 123.866, prod: 0.021379, t_ads: 129.1, t_des: 270.0, bed_util_ads: 0.385, bed_util_des: 0.379, des_th: 0.3791628448089872,frac_lost: 0.103, li_recovered:  8.532, time: 0.0084183729995857
L: 0.50, u_super: 0.00868, sec: 498.879, prod: 0.196564, t_ads: 22.5, t_des: 20.2, bed_util_ads: 0.500, bed_util_des: 0.500, des_th: 0.49997326990060764,frac_lost: 0.106, li_recovered:  8.399, time: 0.005091113000162295
L: 0.50, u_super: 0.00760, sec: 431.570, prod: 0.171700, t_ads: 25.8, t_des: 23.7, bed_util_ads: 0.497, bed_util_des: 0.497, des_th: 0.4967293969621176,frac_lost: 0.108, li_recovered:  8.488, time: 0.005543736999243265
L: 31.49, u_super: 0.00766 — INFEASIBLE (li_recovered=0.000e+00), time: 0.0012488430002122186
L: 0.50, u_super: 0.00153, sec: 83.326, prod: 0.033161, t_ads: 125.3, t_des: 108.1, bed_util_ads: 0.496, bed_util_des: 0.495, des_th: 0.4953015312378657,frac_lost: 0.107, li_recovered:  7.737, time: 0.003901805999703356
L: 0.50, u_super: 0.00723, sec: 409.349, prod: 0.163042, t_ads: 27.1, t_des: 25.2, bed_util_ads: 0.496, bed_util_des: 0.496, des_th: 0.49577734524242634,frac_lost: 0.108, li_recovered:  8.525, time: 0.00441916899944772
L: 0.88, u_super: 0.00990, sec: 1022.985, prod: 0.223686, t_ads: 34.6, t_des: 31.1, bed_util_ads: 0.500, bed_util_des: 0.499, des_th: 0.4994240709983954,frac_lost: 0.102, li_recovered:  14.689, time: 0.003573646001314046
L: 0.50, u_super: 0.00124, sec: 67.394, prod: 0.026809, t_ads: 153.0, t_des: 135.7, bed_util_ads: 0.490, bed_util_des: 0.489, des_th: 0.4895172625347017,frac_lost: 0.103, li_recovered:  7.738, time: 0.0036146000002190704
L: 0.50, u_super: 0.00569, sec: 314.884, prod: 0.128750, t_ads: 34.0, t_des: 30.9, bed_util_ads: 0.498, bed_util_des: 0.498, des_th: 0.49780590018899934,frac_lost: 0.101, li_recovered:  8.356, time: 0.005563916000028257
L: 0.50, u_super: 0.00671, sec: 376.887, prod: 0.151559, t_ads: 29.1, t_des: 26.2, bed_util_ads: 0.500, bed_util_des: 0.500, des_th: 0.4996702399572205,frac_lost: 0.107, li_recovered:  8.378, time: 0.006846872000096482
L: 0.50, u_super: 0.00529, sec: 291.600, prod: 0.119413, t_ads: 36.6, t_des: 32.8, bed_util_ads: 0.499, bed_util_des: 0.499, des_th: 0.49898809896502916,frac_lost: 0.101, li_recovered:  8.298, time: 0.00696832900030131
L: 0.50, u_super: 0.00010 — INFEASIBLE (li_recovered=0.000e+00), time: 0.0020919369999319315
L: 8.90, u_super: 0.00410, sec: 16714.055, prod: 0.021980, t_ads: 875.8, t_des: 6340.1, bed_util_ads: 0.217, bed_util_des: 0.149, des_th: 0.1492125017922671,frac_lost: 0.102, li_recovered:  158.607, time: 0.022936507000849815
L: 0.50, u_super: 0.00876, sec: 504.187, prod: 0.198317, t_ads: 22.3, t_des: 20.3, bed_util_ads: 0.499, bed_util_des: 0.499, des_th: 0.4986793417124333,frac_lost: 0.107, li_recovered:  8.453, time: 0.011429373000282794
L: 0.50, u_super: 0.00990, sec: 576.724, prod: 0.224403, t_ads: 19.7, t_des: 17.9, bed_util_ads: 0.500, bed_util_des: 0.499, des_th: 0.4994243753455001,frac_lost: 0.105, li_recovered:  8.458, time: 0.008068780000030529
L: 0.50, u_super: 0.00316, sec: 171.281, prod: 0.070391, t_ads: 61.2, t_des: 53.6, bed_util_ads: 0.499, bed_util_des: 0.499, des_th: 0.4992485946106647,frac_lost: 0.103, li_recovered:  8.084, time: 0.008227057998738019
L: 0.50, u_super: 0.00188, sec: 101.714, prod: 0.041369, t_ads: 101.7, t_des: 89.0, bed_util_ads: 0.497, bed_util_des: 0.496, des_th: 0.4962175428963147,frac_lost: 0.102, li_recovered:  7.888, time: 0.009537396999803605
L: 0.50, u_super: 0.00072, sec: 40.038, prod: 0.015235, t_ads: 256.8, t_des: 246.6, bed_util_ads: 0.472, bed_util_des: 0.470, des_th: 0.4698341828037463,frac_lost: 0.103, li_recovered:  7.670, time: 0.009732931001053657
L: 0.50, u_super: 0.00192, sec: 103.897, prod: 0.042031, t_ads: 99.6, t_des: 86.2, bed_util_ads: 0.498, bed_util_des: 0.498, des_th: 0.4977784021558173,frac_lost: 0.100, li_recovered:  7.808, time: 0.00835914699928253
L: 0.50, u_super: 0.00522, sec: 287.813, prod: 0.117940, t_ads: 37.1, t_des: 33.3, bed_util_ads: 0.499, bed_util_des: 0.499, des_th: 0.4989156956593671,frac_lost: 0.102, li_recovered:  8.308, time: 0.0076868819996889215
L: 23.53, u_super: 0.00024 — INFEASIBLE (li_recovered=0.000e+00), time: 0.0010916129995166557
L: 0.50, u_super: 0.00758, sec: 429.029, prod: 0.171817, t_ads: 25.6, t_des: 22.9, bed_util_ads: 0.500, bed_util_des: 0.500, des_th: 0.49998787237099934,frac_lost: 0.100, li_recovered:  8.337, time: 0.007672128000194789
L: 0.50, u_super: 0.00648, sec: 365.161, prod: 0.145530, t_ads: 30.2, t_des: 28.7, bed_util_ads: 0.492, bed_util_des: 0.492, des_th: 0.49182612526030783,frac_lost: 0.108, li_recovered:  8.569, time: 0.0076728699987143045
L: 0.50, u_super: 0.00506, sec: 278.662, prod: 0.114132, t_ads: 38.4, t_des: 34.3, bed_util_ads: 0.499, bed_util_des: 0.499, des_th: 0.49870705036858787,frac_lost: 0.103, li_recovered:  8.295, time: 0.009093511000173748
L: 0.50, u_super: 0.00393, sec: 215.251, prod: 0.087882, t_ads: 49.5, t_des: 47.3, bed_util_ads: 0.490, bed_util_des: 0.490, des_th: 0.4895343275889319,frac_lost: 0.106, li_recovered:  8.505, time: 0.008672924999700626
L: 0.50, u_super: 0.00565, sec: 320.692, prod: 0.124714, t_ads: 34.3, t_des: 34.9, bed_util_ads: 0.483, bed_util_des: 0.483, des_th: 0.48286717590381256,frac_lost: 0.102, li_recovered:  8.634, time: 0.007334007001190912
L: 0.50, u_super: 0.00442, sec: 241.905, prod: 0.099331, t_ads: 44.0, t_des: 39.2, bed_util_ads: 0.499, bed_util_des: 0.499, des_th: 0.498817330871428,frac_lost: 0.106, li_recovered:  8.270, time: 0.007251064000229235
L: 0.50, u_super: 0.00208, sec: 112.582, prod: 0.046006, t_ads: 91.9, t_des: 80.6, bed_util_ads: 0.497, bed_util_des: 0.497, des_th: 0.4971644701282983,frac_lost: 0.102, li_recovered:  7.938, time: 0.006710143999953289
L: 0.50, u_super: 0.00267, sec: 143.449, prod: 0.059717, t_ads: 72.1, t_des: 66.7, bed_util_ads: 0.493, bed_util_des: 0.492, des_th: 0.49222976651169537,frac_lost: 0.101, li_recovered:  8.283, time: 0.005747965000409749
L: 17.46, u_super: 0.00324 — INFEASIBLE (li_recovered=0.000e+00), time: 0.0011433880008553388
L: 52.76, u_super: 0.00316 — INFEASIBLE (li_recovered=0.000e+00), time: 0.0007347080008912599
L: 0.59, u_super: 0.00189, sec: 832.066, prod: 0.006001, t_ads: 121.7, t_des: 1596.0, bed_util_ads: 0.200, bed_util_des: 0.185, des_th: 0.1851696623157332,frac_lost: 0.102, li_recovered:  10.308, time: 0.02603472100054205
   207 |     8280 |     40 |  0.0037026954 |             f
L: 0.50, u_super: 0.00068, sec: 37.937, prod: 0.014257, t_ads: 273.2, t_des: 258.8, bed_util_ads: 0.472, bed_util_des: 0.470, des_th: 0.46986980181481935,frac_lost: 0.107, li_recovered:  7.586, time: 0.004035938000015449
L: 0.50, u_super: 0.00200, sec: 107.752, prod: 0.044006, t_ads: 96.7, t_des: 92.7, bed_util_ads: 0.486, bed_util_des: 0.485, des_th: 0.4849531813337086,frac_lost: 0.107, li_recovered:  8.335, time: 0.0037481500003195833
L: 0.50, u_super: 0.00693, sec: 499.856, prod: 0.122215, t_ads: 28.2, t_des: 43.1, bed_util_ads: 0.433, bed_util_des: 0.432, des_th: 0.43218538772710113,frac_lost: 0.105, li_recovered:  8.707, time: 0.005285800998535706
L: 0.50, u_super: 0.00990, sec: 576.945, prod: 0.224450, t_ads: 19.7, t_des: 17.9, bed_util_ads: 0.500, bed_util_des: 0.499, des_th: 0.49942132725883337,frac_lost: 0.105, li_recovered:  8.448, time: 0.004542890999800875
L: 0.50, u_super: 0.00865, sec: 497.116, prod: 0.195874, t_ads: 22.6, t_des: 20.5, bed_util_ads: 0.499, bed_util_des: 0.499, des_th: 0.49865206735743395,frac_lost: 0.107, li_recovered:  8.454, time: 0.00379428199994436
L: 0.50, u_super: 0.00930, sec: 550.319, prod: 0.206100, t_ads: 21.0, t_des: 21.1, bed_util_ads: 0.486, bed_util_des: 0.485, des_th: 0.4854542778532773,frac_lost: 0.104, li_recovered:  8.677, time: 0.0034002759985014563
L: 0.50, u_super: 0.00889, sec: 521.297, prod: 0.197635, t_ads: 22.0, t_des: 21.9, bed_util_ads: 0.488, bed_util_des: 0.488, des_th: 0.48794692666537903,frac_lost: 0.105, li_recovered:  8.665, time: 0.004050272998938453
L: 0.50, u_super: 0.00648, sec: 378.220, prod: 0.140508, t_ads: 30.2, t_des: 31.6, bed_util_ads: 0.481, bed_util_des: 0.480, des_th: 0.48030440463013957,frac_lost: 0.107, li_recovered:  8.675, time: 0.003695614999742247
L: 60.95, u_super: 0.00502 — INFEASIBLE (li_recovered=0.000e+00), time: 0.0007555830015917309
L: 0.50, u_super: 0.00313, sec: 168.673, prod: 0.070142, t_ads: 61.6, t_des: 55.7, bed_util_ads: 0.496, bed_util_des: 0.495, des_th: 0.4952881558489722,frac_lost: 0.101, li_recovered:  8.224, time: 0.004030349999084137
L: 0.50, u_super: 0.00904, sec: 521.461, prod: 0.204809, t_ads: 21.6, t_des: 19.6, bed_util_ads: 0.500, bed_util_des: 0.500, des_th: 0.49990812887441416,frac_lost: 0.106, li_recovered:  8.445, time: 0.0037896060002822196
L: 10.44, u_super: 0.00569 — INFEASIBLE (li_recovered=0.000e+00), time: 0.001993846999539528
L: 0.50, u_super: 0.00007 — INFEASIBLE (li_recovered=0.000e+00), time: 0.001777004999894416
L: 0.50, u_super: 0.00506, sec: 278.698, prod: 0.114117, t_ads: 38.4, t_des: 34.3, bed_util_ads: 0.500, bed_util_des: 0.500, des_th: 0.49992693037577524,frac_lost: 0.104, li_recovered:  8.295, time: 0.004719881999335485
L: 0.50, u_super: 0.00005, sec: 4.355, prod: 0.000674, t_ads: 3418.9, t_des: 5819.6, bed_util_ads: 0.253, bed_util_des: 0.185, des_th: 0.1851696623157332,frac_lost: 0.103, li_recovered:  6.225, time: 0.006217215001015575
L: 0.50, u_super: 0.00111, sec: 60.995, prod: 0.023766, t_ads: 169.2, t_des: 147.7, bed_util_ads: 0.490, bed_util_des: 0.490, des_th: 0.48961196903245635,frac_lost: 0.100, li_recovered:  7.532, time: 0.004486525000174879
L: 0.50, u_super: 0.00071 — INFEASIBLE (li_recovered=0.000e+00), time: 0.0023471309996239142
L: 9.58, u_super: 0.00089 — INFEASIBLE (li_recovered=0.000e+00), time: 0.0009010470002976945
L: 0.50, u_super: 0.00830, sec: 487.348, prod: 0.182795, t_ads: 23.6, t_des: 23.9, bed_util_ads: 0.485, bed_util_des: 0.485, des_th: 0.48484524854894845,frac_lost: 0.106, li_recovered:  8.679, time: 0.004980964000424137
L: 0.50, u_super: 0.00797, sec: 455.122, prod: 0.180177, t_ads: 24.6, t_des: 22.2, bed_util_ads: 0.500, bed_util_des: 0.500, des_th: 0.49958015929046884,frac_lost: 0.109, li_recovered:  8.439, time: 0.004566198000247823
L: 0.50, u_super: 0.00258, sec: 138.605, prod: 0.057582, t_ads: 74.8, t_des: 68.9, bed_util_ads: 0.493, bed_util_des: 0.492, des_th: 0.4923647782251543,frac_lost: 0.103, li_recovered:  8.274, time: 0.004268567001417978
L: 0.50, u_super: 0.00623, sec: 347.103, prod: 0.140833, t_ads: 31.2, t_des: 27.9, bed_util_ads: 0.500, bed_util_des: 0.500, des_th: 0.49958928661096563,frac_lost: 0.101, li_recovered:  8.313, time: 0.0043665769990184344
L: 22.17, u_super: 0.00219 — INFEASIBLE (li_recovered=0.000e+00), time: 0.0016465919998154277
L: 0.50, u_super: 0.00764, sec: 434.374, prod: 0.172726, t_ads: 25.6, t_des: 22.9, bed_util_ads: 0.500, bed_util_des: 0.500, des_th: 0.4999909710605238,frac_lost: 0.108, li_recovered:  8.383, time: 0.004304165000576177
L: 0.50, u_super: 0.00483, sec: 265.214, prod: 0.108671, t_ads: 40.3, t_des: 35.9, bed_util_ads: 0.500, bed_util_des: 0.500, des_th: 0.49984480214725074,frac_lost: 0.105, li_recovered:  8.285, time: 0.004464526000447222
L: 0.50, u_super: 0.00005, sec: 4.367, prod: 0.000673, t_ads: 3506.8, t_des: 6314.8, bed_util_ads: 0.249, bed_util_des: 0.175, des_th: 0.17577329545476972,frac_lost: 0.102, li_recovered:  6.613, time: 0.005931109999437467
L: 0.50, u_super: 0.00706, sec: 397.927, prod: 0.159408, t_ads: 27.7, t_des: 24.8, bed_util_ads: 0.500, bed_util_des: 0.500, des_th: 0.499973891520886,frac_lost: 0.107, li_recovered:  8.378, time: 0.0050331680013187
L: 0.50, u_super: 0.00412, sec: 224.635, prod: 0.092645, t_ads: 47.2, t_des: 43.2, bed_util_ads: 0.497, bed_util_des: 0.496, des_th: 0.4963212903830862,frac_lost: 0.106, li_recovered:  8.374, time: 0.005114259000038146
L: 0.50, u_super: 0.00876, sec: 540.997, prod: 0.184824, t_ads: 22.3, t_des: 24.8, bed_util_ads: 0.474, bed_util_des: 0.473, des_th: 0.4734534423309648,frac_lost: 0.106, li_recovered:  8.709, time: 0.00418530900060432
L: 0.50, u_super: 0.00797, sec: 453.335, prod: 0.180884, t_ads: 24.4, t_des: 22.0, bed_util_ads: 0.500, bed_util_des: 0.500, des_th: 0.4999378400902233,frac_lost: 0.101, li_recovered:  8.389, time: 0.004239264000716503
L: 0.50, u_super: 0.00562, sec: 346.432, prod: 0.114165, t_ads: 34.5, t_des: 41.4, bed_util_ads: 0.463, bed_util_des: 0.462, des_th: 0.46247223461743203,frac_lost: 0.101, li_recovered:  8.671, time: 0.005598412000836106
L: 0.50, u_super: 0.00310, sec: 175.337, prod: 0.066242, t_ads: 62.6, t_des: 66.8, bed_util_ads: 0.475, bed_util_des: 0.474, des_th: 0.47429141082630794,frac_lost: 0.106, li_recovered:  8.575, time: 0.004898208000668092
L: 0.50, u_super: 0.00464, sec: 254.550, prod: 0.104339, t_ads: 42.0, t_des: 37.4, bed_util_ads: 0.499, bed_util_des: 0.499, des_th: 0.49872151941571735,frac_lost: 0.106, li_recovered:  8.285, time: 0.006434290000470355
L: 0.50, u_super: 0.00261, sec: 148.383, prod: 0.055173, t_ads: 73.9, t_des: 80.9, bed_util_ads: 0.471, bed_util_des: 0.470, des_th: 0.4697933373645079,frac_lost: 0.102, li_recovered:  8.539, time: 0.005211034998865216
L: 0.50, u_super: 0.00566, sec: 324.873, prod: 0.123367, t_ads: 34.3, t_des: 35.8, bed_util_ads: 0.480, bed_util_des: 0.480, des_th: 0.4800588156307877,frac_lost: 0.102, li_recovered:  8.651, time: 0.0055741479991411325
L: 0.50, u_super: 0.00990, sec: 581.677, prod: 0.222621, t_ads: 19.8, t_des: 19.0, bed_util_ads: 0.493, bed_util_des: 0.492, des_th: 0.492491138015088,frac_lost: 0.106, li_recovered:  8.624, time: 0.005686002999937045
L: 0.50, u_super: 0.00949, sec: 549.821, prod: 0.215105, t_ads: 20.6, t_des: 18.7, bed_util_ads: 0.500, bed_util_des: 0.499, des_th: 0.4994737447157254,frac_lost: 0.104, li_recovered:  8.442, time: 0.005259784000372747
L: 0.50, u_super: 0.00808, sec: 460.412, prod: 0.182849, t_ads: 24.2, t_des: 22.0, bed_util_ads: 0.499, bed_util_des: 0.499, des_th: 0.4991920745662998,frac_lost: 0.105, li_recovered:  8.440, time: 0.004958223000357975
L: 0.50, u_super: 0.00964, sec: 560.013, prod: 0.218525, t_ads: 20.3, t_des: 18.3, bed_util_ads: 0.499, bed_util_des: 0.499, des_th: 0.4992716747379855,frac_lost: 0.105, li_recovered:  8.439, time: 0.006204781999258557
L: 2.05, u_super: 0.00026 — INFEASIBLE (li_recovered=0.000e+00), time: 0.001721389000522322
   208 |     8320 |     40 |  0.0026289664 |             f
L: 54.75, u_super: 0.00187 — INFEASIBLE (li_recovered=0.000e+00), time: 0.001196283999888692
L: 0.50, u_super: 0.00878, sec: 504.961, prod: 0.199052, t_ads: 22.2, t_des: 20.2, bed_util_ads: 0.500, bed_util_des: 0.500, des_th: 0.4996846028751343,frac_lost: 0.105, li_recovered:  8.445, time: 0.004349309001554502
L: 0.50, u_super: 0.00990, sec: 576.687, prod: 0.224557, t_ads: 19.7, t_des: 17.9, bed_util_ads: 0.500, bed_util_des: 0.499, des_th: 0.49940026869617227,frac_lost: 0.104, li_recovered:  8.448, time: 0.004442846000529244
L: 0.50, u_super: 0.00608, sec: 338.195, prod: 0.137533, t_ads: 31.9, t_des: 28.5, bed_util_ads: 0.500, bed_util_des: 0.500, des_th: 0.49993241270525857,frac_lost: 0.100, li_recovered:  8.303, time: 0.005246609000096214
L: 0.50, u_super: 0.00048, sec: 176.037, prod: 0.001528, t_ads: 418.5, t_des: 5427.9, bed_util_ads: 0.189, bed_util_des: 0.143, des_th: 0.14333292416751503,frac_lost: 0.105, li_recovered:  8.932, time: 0.032565129000431625
L: 71.69, u_super: 0.00258 — INFEASIBLE (li_recovered=0.000e+00), time: 0.001234417999512516
L: 0.50, u_super: 0.00153, sec: 83.279, prod: 0.033179, t_ads: 125.5, t_des: 108.4, bed_util_ads: 0.496, bed_util_des: 0.495, des_th: 0.4953015312378657,frac_lost: 0.108, li_recovered:  7.760, time: 0.0070646390013280325
L: 0.50, u_super: 0.00153, sec: 83.847, prod: 0.032844, t_ads: 125.4, t_des: 105.7, bed_util_ads: 0.499, bed_util_des: 0.499, des_th: 0.4992716747379855,frac_lost: 0.107, li_recovered:  7.591, time: 0.00571726700036379
L: 0.50, u_super: 0.00742, sec: 420.590, prod: 0.167754, t_ads: 26.4, t_des: 23.6, bed_util_ads: 0.500, bed_util_des: 0.500, des_th: 0.4999987121234281,frac_lost: 0.107, li_recovered:  8.375, time: 0.005990812000163714
L: 0.50, u_super: 0.00529, sec: 291.439, prod: 0.119479, t_ads: 36.7, t_des: 33.7, bed_util_ads: 0.496, bed_util_des: 0.496, des_th: 0.49550886144987943,frac_lost: 0.102, li_recovered:  8.413, time: 0.006192533999637817
L: 0.50, u_super: 0.00188, sec: 102.521, prod: 0.041043, t_ads: 101.5, t_des: 86.7, bed_util_ads: 0.500, bed_util_des: 0.500, des_th: 0.4998821715348846,frac_lost: 0.101, li_recovered:  7.724, time: 0.006024225000146544
L: 0.50, u_super: 0.00529, sec: 291.621, prod: 0.119404, t_ads: 36.7, t_des: 32.9, bed_util_ads: 0.499, bed_util_des: 0.499, des_th: 0.49898809896502916,frac_lost: 0.102, li_recovered:  8.314, time: 0.004984717999832355
L: 0.50, u_super: 0.00949, sec: 549.876, prod: 0.215082, t_ads: 20.6, t_des: 18.7, bed_util_ads: 0.500, bed_util_des: 0.499, des_th: 0.4994737447157254,frac_lost: 0.105, li_recovered:  8.444, time: 0.006556575999638881
L: 16.26, u_super: 0.00258 — INFEASIBLE (li_recovered=0.000e+00), time: 0.001795666999896639
L: 0.50, u_super: 0.00723, sec: 408.453, prod: 0.163400, t_ads: 27.0, t_des: 24.3, bed_util_ads: 0.500, bed_util_des: 0.500, des_th: 0.49997386158757345,frac_lost: 0.106, li_recovered:  8.380, time: 0.005028321000281721
L: 0.50, u_super: 0.00956, sec: 667.315, prod: 0.180213, t_ads: 20.4, t_des: 28.0, bed_util_ads: 0.447, bed_util_des: 0.447, des_th: 0.4466299583723717,frac_lost: 0.103, li_recovered:  8.720, time: 0.008515539000654826
L: 12.51, u_super: 0.00990 — INFEASIBLE (li_recovered=0.000e+00), time: 0.0036097079992032377
L: 5.28, u_super: 0.00904 — INFEASIBLE (li_recovered=0.000e+00), time: 0.003962007000154699
L: 5.58, u_super: 0.00680 — INFEASIBLE (li_recovered=0.000e+00), time: 0.004174994999630144
L: 0.50, u_super: 0.00278, sec: 150.552, prod: 0.061967, t_ads: 69.2, t_des: 60.8, bed_util_ads: 0.499, bed_util_des: 0.498, des_th: 0.498373733698937,frac_lost: 0.102, li_recovered:  8.057, time: 0.005491901998539106
L: 0.50, u_super: 0.00027, sec: 19.981, prod: 0.004146, t_ads: 680.8, t_des: 1116.8, bed_util_ads: 0.367, bed_util_des: 0.344, des_th: 0.3442875487433775,frac_lost: 0.105, li_recovered:  7.452, time: 0.00739407200126152
L: 0.50, u_super: 0.00562, sec: 311.186, prod: 0.127096, t_ads: 34.5, t_des: 30.9, bed_util_ads: 0.500, bed_util_des: 0.499, des_th: 0.4994353765759809,frac_lost: 0.101, li_recovered:  8.304, time: 0.005005462000553962
L: 0.50, u_super: 0.00847, sec: 485.705, prod: 0.191797, t_ads: 23.1, t_des: 20.9, bed_util_ads: 0.499, bed_util_des: 0.499, des_th: 0.4992767043702348,frac_lost: 0.106, li_recovered:  8.442, time: 0.00627298899962625
L: 0.50, u_super: 0.00803, sec: 458.352, prod: 0.181390, t_ads: 24.4, t_des: 22.6, bed_util_ads: 0.496, bed_util_des: 0.496, des_th: 0.4955629727530505,frac_lost: 0.106, li_recovered:  8.524, time: 0.004640070999812451
L: 0.50, u_super: 0.00451, sec: 247.060, prod: 0.101412, t_ads: 43.1, t_des: 38.4, bed_util_ads: 0.499, bed_util_des: 0.499, des_th: 0.49872151941571735,frac_lost: 0.105, li_recovered:  8.272, time: 0.006869136001114384
L: 0.50, u_super: 0.00393, sec: 214.309, prod: 0.088268, t_ads: 49.4, t_des: 46.3, bed_util_ads: 0.493, bed_util_des: 0.492, des_th: 0.49236383263206973,frac_lost: 0.105, li_recovered:  8.445, time: 0.006176221999339759
L: 0.50, u_super: 0.00977, sec: 568.640, prod: 0.221591, t_ads: 20.0, t_des: 18.4, bed_util_ads: 0.497, bed_util_des: 0.497, des_th: 0.4971644701282983,frac_lost: 0.104, li_recovered:  8.496, time: 0.005734023001423338
L: 0.50, u_super: 0.00365, sec: 198.023, prod: 0.081789, t_ads: 53.2, t_des: 47.7, bed_util_ads: 0.498, bed_util_des: 0.498, des_th: 0.49803179610044485,frac_lost: 0.106, li_recovered:  8.257, time: 0.007013540000116336
L: 0.50, u_super: 0.00506, sec: 278.690, prod: 0.114121, t_ads: 38.4, t_des: 34.3, bed_util_ads: 0.500, bed_util_des: 0.500, des_th: 0.4998519137018437,frac_lost: 0.103, li_recovered:  8.290, time: 0.007617699000547873
L: 0.50, u_super: 0.00404, sec: 219.813, prod: 0.090811, t_ads: 48.1, t_des: 44.1, bed_util_ads: 0.496, bed_util_des: 0.496, des_th: 0.49614257564595043,frac_lost: 0.105, li_recovered:  8.375, time: 0.004755077001391328
L: 69.75, u_super: 0.00442 — INFEASIBLE (li_recovered=0.000e+00), time: 0.0008376559999305755
L: 0.50, u_super: 0.00026, sec: 17.478, prod: 0.004478, t_ads: 675.8, t_des: 888.4, bed_util_ads: 0.392, bed_util_des: 0.377, des_th: 0.3770306329092895,frac_lost: 0.104, li_recovered:  7.005, time: 0.004898889999822131
L: 0.50, u_super: 0.00547, sec: 302.488, prod: 0.123346, t_ads: 35.4, t_des: 31.4, bed_util_ads: 0.500, bed_util_des: 0.500, des_th: 0.49998527600940523,frac_lost: 0.101, li_recovered:  8.236, time: 0.004273780999938026
L: 40.98, u_super: 0.00810 — INFEASIBLE (li_recovered=0.000e+00), time: 0.001790517000699765
L: 0.50, u_super: 0.00972, sec: 565.030, prod: 0.220558, t_ads: 20.1, t_des: 18.2, bed_util_ads: 0.499, bed_util_des: 0.499, des_th: 0.49926670327327455,frac_lost: 0.104, li_recovered:  8.447, time: 0.004098493000128656
L: 0.50, u_super: 0.00751, sec: 426.362, prod: 0.169696, t_ads: 26.1, t_des: 23.3, bed_util_ads: 0.500, bed_util_des: 0.500, des_th: 0.49996495312846445,frac_lost: 0.108, li_recovered:  8.382, time: 0.004737889999887557
L: 3.93, u_super: 0.00068 — INFEASIBLE (li_recovered=0.000e+00), time: 0.0013612230013677618
L: 0.50, u_super: 0.00005, sec: 4.355, prod: 0.000674, t_ads: 3414.6, t_des: 5812.9, bed_util_ads: 0.253, bed_util_des: 0.185, des_th: 0.1851696623157332,frac_lost: 0.102, li_recovered:  6.217, time: 0.004710168999736197
L: 0.50, u_super: 0.00393, sec: 214.305, prod: 0.088269, t_ads: 49.4, t_des: 44.1, bed_util_ads: 0.499, bed_util_des: 0.499, des_th: 0.4989192235846959,frac_lost: 0.106, li_recovered:  8.256, time: 0.005193416998736211
L: 0.50, u_super: 0.00797, sec: 453.140, prod: 0.180962, t_ads: 24.3, t_des: 22.0, bed_util_ads: 0.500, bed_util_des: 0.500, des_th: 0.4997172601409957,frac_lost: 0.100, li_recovered:  8.381, time: 0.006396595001206151
   209 |     8360 |     40 |  0.0023218036 |             f
L: 0.50, u_super: 0.00325, sec: 176.379, prod: 0.072487, t_ads: 59.9, t_des: 52.7, bed_util_ads: 0.500, bed_util_des: 0.500, des_th: 0.49976123169524855,frac_lost: 0.108, li_recovered:  8.164, time: 0.006944848999410169
L: 0.50, u_super: 0.00316, sec: 170.368, prod: 0.070768, t_ads: 61.1, t_des: 55.0, bed_util_ads: 0.497, bed_util_des: 0.496, des_th: 0.49631217886893064,frac_lost: 0.101, li_recovered:  8.218, time: 0.008538010999473045
L: 0.50, u_super: 0.00153, sec: 83.608, prod: 0.033049, t_ads: 125.2, t_des: 106.9, bed_util_ads: 0.497, bed_util_des: 0.497, des_th: 0.4972023874443709,frac_lost: 0.107, li_recovered:  7.672, time: 0.006482411999968463
L: 39.14, u_super: 0.00277, sec: 25173.154, prod: 0.028803, t_ads: 3391.2, t_des: 4351.4, bed_util_ads: 0.229, bed_util_des: 0.199, des_th: 0.1987840289688482,frac_lost: 0.101, li_recovered:  223.007, time: 0.006800147000831203
L: 0.50, u_super: 0.00187, sec: 100.778, prod: 0.041046, t_ads: 102.4, t_des: 90.0, bed_util_ads: 0.496, bed_util_des: 0.496, des_th: 0.4962175428963147,frac_lost: 0.102, li_recovered:  7.896, time: 0.007755783000902738
L: 12.11, u_super: 0.00089 — INFEASIBLE (li_recovered=0.000e+00), time: 0.0014104020010563545
L: 0.50, u_super: 0.00986, sec: 577.892, prod: 0.221995, t_ads: 19.8, t_des: 19.0, bed_util_ads: 0.492, bed_util_des: 0.492, des_th: 0.4919921001241604,frac_lost: 0.104, li_recovered:  8.616, time: 0.007357669001066824
L: 23.49, u_super: 0.00201 — INFEASIBLE (li_recovered=0.000e+00), time: 0.0018314839999220567
L: 0.50, u_super: 0.00920, sec: 532.431, prod: 0.208351, t_ads: 21.3, t_des: 19.2, bed_util_ads: 0.500, bed_util_des: 0.500, des_th: 0.4998703323797015,frac_lost: 0.107, li_recovered:  8.439, time: 0.007637644999704207
L: 0.50, u_super: 0.00229, sec: 124.486, prod: 0.050362, t_ads: 84.4, t_des: 83.1, bed_util_ads: 0.483, bed_util_des: 0.483, des_th: 0.48258014270826466,frac_lost: 0.106, li_recovered:  8.432, time: 0.007984346999364789
L: 0.50, u_super: 0.00674, sec: 423.736, prod: 0.136094, t_ads: 29.0, t_des: 34.9, bed_util_ads: 0.464, bed_util_des: 0.463, des_th: 0.46297902059621343,frac_lost: 0.106, li_recovered:  8.694, time: 0.007965676000821986
L: 0.50, u_super: 0.00355, sec: 192.773, prod: 0.079527, t_ads: 54.8, t_des: 49.0, bed_util_ads: 0.498, bed_util_des: 0.498, des_th: 0.49803179610044485,frac_lost: 0.107, li_recovered:  8.254, time: 0.006547138998939772
L: 8.97, u_super: 0.00408 — INFEASIBLE (li_recovered=0.000e+00), time: 0.002533468999899924
L: 0.50, u_super: 0.00089, sec: 49.274, prod: 0.018754, t_ads: 209.5, t_des: 184.4, bed_util_ads: 0.485, bed_util_des: 0.485, des_th: 0.48485923477048726,frac_lost: 0.100, li_recovered:  7.389, time: 0.005744448000768898
L: 0.50, u_super: 0.00185, sec: 100.152, prod: 0.040780, t_ads: 102.9, t_des: 90.3, bed_util_ads: 0.496, bed_util_des: 0.496, des_th: 0.4955629727530505,frac_lost: 0.100, li_recovered:  7.877, time: 0.004397871000037412
L: 0.50, u_super: 0.00723, sec: 447.612, prod: 0.149127, t_ads: 27.1, t_des: 31.2, bed_util_ads: 0.469, bed_util_des: 0.468, des_th: 0.4684907693761054,frac_lost: 0.107, li_recovered:  8.699, time: 0.004880380000031437
L: 0.50, u_super: 0.00584, sec: 324.077, prod: 0.132073, t_ads: 33.3, t_des: 30.1, bed_util_ads: 0.498, bed_util_des: 0.498, des_th: 0.49780590018899934,frac_lost: 0.103, li_recovered:  8.371, time: 0.0037240350011416012
L: 0.50, u_super: 0.00980, sec: 569.906, prod: 0.222555, t_ads: 19.9, t_des: 18.1, bed_util_ads: 0.500, bed_util_des: 0.499, des_th: 0.49942132725883337,frac_lost: 0.103, li_recovered:  8.447, time: 0.004489855999054271
L: 61.56, u_super: 0.00353 — INFEASIBLE (li_recovered=0.000e+00), time: 0.0007603239992022282
L: 0.50, u_super: 0.00100, sec: 80.762, prod: 0.014463, t_ads: 193.7, t_des: 388.5, bed_util_ads: 0.384, bed_util_des: 0.375, des_th: 0.3753637068886932,frac_lost: 0.108, li_recovered:  8.421, time: 0.005909273999350262
L: 0.50, u_super: 0.00005 — INFEASIBLE (li_recovered=0.000e+00), time: 0.0010408629987068707
L: 0.50, u_super: 0.00010 — INFEASIBLE (li_recovered=0.000e+00), time: 0.0009770689994184067
L: 0.50, u_super: 0.00684, sec: 385.085, prod: 0.154197, t_ads: 28.7, t_des: 26.3, bed_util_ads: 0.497, bed_util_des: 0.497, des_th: 0.49688487456731983,frac_lost: 0.109, li_recovered:  8.476, time: 0.004171823999058688
L: 0.50, u_super: 0.00620, sec: 345.314, prod: 0.140292, t_ads: 31.3, t_des: 28.0, bed_util_ads: 0.499, bed_util_des: 0.499, des_th: 0.4992433246667065,frac_lost: 0.101, li_recovered:  8.318, time: 0.00347940499887045
L: 0.50, u_super: 0.00627, sec: 350.075, prod: 0.141795, t_ads: 31.0, t_des: 27.7, bed_util_ads: 0.500, bed_util_des: 0.500, des_th: 0.49999969169223396,frac_lost: 0.103, li_recovered:  8.320, time: 0.003483428001345601
L: 60.78, u_super: 0.00935 — INFEASIBLE (li_recovered=0.000e+00), time: 0.0012171879989182344
L: 0.50, u_super: 0.00428, sec: 234.037, prod: 0.095965, t_ads: 45.4, t_des: 40.1, bed_util_ads: 0.500, bed_util_des: 0.500, des_th: 0.49966322318234535,frac_lost: 0.105, li_recovered:  8.208, time: 0.004894428000625339
L: 0.50, u_super: 0.00483, sec: 265.655, prod: 0.108862, t_ads: 40.2, t_des: 35.9, bed_util_ads: 0.500, bed_util_des: 0.500, des_th: 0.49984480214725074,frac_lost: 0.104, li_recovered:  8.283, time: 0.0036479249993135454
L: 0.50, u_super: 0.00556, sec: 308.011, prod: 0.125606, t_ads: 34.9, t_des: 31.3, bed_util_ads: 0.500, bed_util_des: 0.500, des_th: 0.49998527600940523,frac_lost: 0.103, li_recovered:  8.312, time: 0.004490489000090747
L: 0.50, u_super: 0.00047, sec: 109.394, prod: 0.002316, t_ads: 424.6, t_des: 3366.7, bed_util_ads: 0.225, bed_util_des: 0.185, des_th: 0.1851696623157332,frac_lost: 0.102, li_recovered:  8.781, time: 0.01672875300027954
L: 0.50, u_super: 0.00153, sec: 83.237, prod: 0.033196, t_ads: 125.2, t_des: 108.3, bed_util_ads: 0.496, bed_util_des: 0.495, des_th: 0.4953015312378657,frac_lost: 0.106, li_recovered:  7.749, time: 0.0039045199991960544
L: 0.50, u_super: 0.00825, sec: 471.955, prod: 0.186425, t_ads: 23.7, t_des: 22.0, bed_util_ads: 0.496, bed_util_des: 0.496, des_th: 0.4962447251456976,frac_lost: 0.106, li_recovered:  8.523, time: 0.004521401000602054
L: 0.50, u_super: 0.00767, sec: 435.856, prod: 0.173154, t_ads: 25.6, t_des: 23.4, bed_util_ads: 0.497, bed_util_des: 0.497, des_th: 0.4967507713174768,frac_lost: 0.108, li_recovered:  8.487, time: 0.0039452769997296855
L: 0.50, u_super: 0.00770, sec: 436.499, prod: 0.174288, t_ads: 25.2, t_des: 22.5, bed_util_ads: 0.500, bed_util_des: 0.500, des_th: 0.4999909710605238,frac_lost: 0.101, li_recovered:  8.323, time: 0.0041963219991885126
L: 0.50, u_super: 0.00258, sec: 138.559, prod: 0.057601, t_ads: 74.7, t_des: 68.9, bed_util_ads: 0.493, bed_util_des: 0.492, des_th: 0.4923071937139491,frac_lost: 0.103, li_recovered:  8.272, time: 0.004480655001316336
L: 0.50, u_super: 0.00396, sec: 215.382, prod: 0.089062, t_ads: 49.0, t_des: 44.8, bed_util_ads: 0.495, bed_util_des: 0.495, des_th: 0.4951693824831655,frac_lost: 0.104, li_recovered:  8.352, time: 0.004508883999733371
L: 0.50, u_super: 0.00973, sec: 565.959, prod: 0.220643, t_ads: 20.1, t_des: 18.2, bed_util_ads: 0.500, bed_util_des: 0.499, des_th: 0.49942132725883337,frac_lost: 0.105, li_recovered:  8.449, time: 0.004043696999360691
L: 0.50, u_super: 0.00622, sec: 346.692, prod: 0.140632, t_ads: 31.2, t_des: 27.9, bed_util_ads: 0.500, bed_util_des: 0.500, des_th: 0.49997386158757345,frac_lost: 0.101, li_recovered:  8.306, time: 0.003460429001279408
L: 5.54, u_super: 0.00504 — INFEASIBLE (li_recovered=0.000e+00), time: 0.0020481540013861377
L: 0.71, u_super: 0.00931, sec: 770.430, prod: 0.210077, t_ads: 29.9, t_des: 26.8, bed_util_ads: 0.500, bed_util_des: 0.500, des_th: 0.4998715845071483,frac_lost: 0.108, li_recovered:  11.926, time: 0.0036074370000278577
   210 |     8400 |     40 |  0.0045245606 |             f
L: 0.50, u_super: 0.00647, sec: 362.397, prod: 0.146263, t_ads: 29.9, t_des: 28.4, bed_util_ads: 0.492, bed_util_des: 0.492, des_th: 0.4919886316704985,frac_lost: 0.100, li_recovered:  8.531, time: 0.00379115199939406
L: 0.50, u_super: 0.00456, sec: 250.052, prod: 0.102437, t_ads: 42.8, t_des: 38.1, bed_util_ads: 0.500, bed_util_des: 0.499, des_th: 0.49933598648427524,frac_lost: 0.107, li_recovered:  8.281, time: 0.0037137769995752024
L: 0.50, u_super: 0.00153, sec: 82.532, prod: 0.033480, t_ads: 125.2, t_des: 112.3, bed_util_ads: 0.491, bed_util_des: 0.490, des_th: 0.49049952126421614,frac_lost: 0.106, li_recovered:  7.951, time: 0.004103657000086969
L: 0.50, u_super: 0.00723, sec: 408.790, prod: 0.163265, t_ads: 27.1, t_des: 24.2, bed_util_ads: 0.500, bed_util_des: 0.500, des_th: 0.4995474977935966,frac_lost: 0.108, li_recovered:  8.382, time: 0.0037411609991977457
L: 0.50, u_super: 0.00089, sec: 70.343, prod: 0.013279, t_ads: 213.9, t_des: 415.3, bed_util_ads: 0.386, bed_util_des: 0.377, des_th: 0.3770306329092895,frac_lost: 0.101, li_recovered:  8.354, time: 0.006375541999659617
L: 0.50, u_super: 0.00286, sec: 154.517, prod: 0.063697, t_ads: 67.3, t_des: 59.2, bed_util_ads: 0.499, bed_util_des: 0.499, des_th: 0.4991008393808798,frac_lost: 0.101, li_recovered:  8.061, time: 0.0036050779999641236
L: 0.50, u_super: 0.00243, sec: 130.557, prod: 0.054103, t_ads: 79.5, t_des: 73.3, bed_util_ads: 0.493, bed_util_des: 0.492, des_th: 0.4923071937139491,frac_lost: 0.105, li_recovered:  8.269, time: 0.003998214000603184
L: 0.50, u_super: 0.00671, sec: 377.237, prod: 0.151419, t_ads: 29.2, t_des: 26.2, bed_util_ads: 0.500, bed_util_des: 0.500, des_th: 0.49958928661096563,frac_lost: 0.109, li_recovered:  8.391, time: 0.004264011000486789
L: 0.50, u_super: 0.00902, sec: 520.114, prod: 0.204169, t_ads: 21.7, t_des: 19.7, bed_util_ads: 0.500, bed_util_des: 0.500, des_th: 0.4998615575352379,frac_lost: 0.106, li_recovered:  8.447, time: 0.004054625000208034
L: 49.14, u_super: 0.00828 — INFEASIBLE (li_recovered=0.000e+00), time: 0.0008530909999535652
L: 0.50, u_super: 0.00847, sec: 487.585, prod: 0.191058, t_ads: 23.1, t_des: 21.7, bed_util_ads: 0.496, bed_util_des: 0.496, des_th: 0.49553889100162185,frac_lost: 0.108, li_recovered:  8.561, time: 0.003982948999691871
L: 0.50, u_super: 0.00988, sec: 575.575, prod: 0.224043, t_ads: 19.8, t_des: 17.9, bed_util_ads: 0.500, bed_util_des: 0.499, des_th: 0.49942132725883337,frac_lost: 0.105, li_recovered:  8.445, time: 0.004176989999905345
L: 0.50, u_super: 0.00156, sec: 85.065, prod: 0.033637, t_ads: 123.1, t_des: 105.0, bed_util_ads: 0.497, bed_util_des: 0.497, des_th: 0.4969143449254917,frac_lost: 0.106, li_recovered:  7.671, time: 0.0032633139999234118
L: 0.50, u_super: 0.00648, sec: 366.023, prod: 0.145187, t_ads: 30.2, t_des: 29.0, bed_util_ads: 0.491, bed_util_des: 0.491, des_th: 0.4908666644460674,frac_lost: 0.108, li_recovered:  8.591, time: 0.005844823001098121
L: 0.50, u_super: 0.00371, sec: 201.907, prod: 0.083110, t_ads: 52.5, t_des: 46.8, bed_util_ads: 0.498, bed_util_des: 0.498, des_th: 0.49803179610044485,frac_lost: 0.108, li_recovered:  8.251, time: 0.003919864000636153
L: 47.63, u_super: 0.00025 — INFEASIBLE (li_recovered=0.000e+00), time: 0.0006192500004544854
L: 0.50, u_super: 0.00153, sec: 83.878, prod: 0.033055, t_ads: 123.9, t_des: 105.4, bed_util_ads: 0.498, bed_util_des: 0.498, des_th: 0.4980273590775787,frac_lost: 0.100, li_recovered:  7.581, time: 0.0035121839991916204
L: 0.50, u_super: 0.00320, sec: 172.992, prod: 0.071533, t_ads: 60.7, t_des: 56.3, bed_util_ads: 0.493, bed_util_des: 0.492, des_th: 0.4923071937139491,frac_lost: 0.107, li_recovered:  8.373, time: 0.003864947000693064
L: 0.50, u_super: 0.00465, sec: 257.723, prod: 0.103668, t_ads: 41.8, t_des: 40.9, bed_util_ads: 0.488, bed_util_des: 0.487, des_th: 0.48712821290208,frac_lost: 0.104, li_recovered:  8.570, time: 0.003897233998941374
L: 0.50, u_super: 0.00508, sec: 279.446, prod: 0.114629, t_ads: 38.2, t_des: 35.5, bed_util_ads: 0.496, bed_util_des: 0.495, des_th: 0.49550886144987943,frac_lost: 0.103, li_recovered:  8.445, time: 0.00357903000076476
L: 0.50, u_super: 0.00797, sec: 454.665, prod: 0.180355, t_ads: 24.5, t_des: 22.0, bed_util_ads: 0.500, bed_util_des: 0.500, des_th: 0.49993237681643365,frac_lost: 0.107, li_recovered:  8.383, time: 0.004164922000200022
L: 0.50, u_super: 0.00973, sec: 565.590, prod: 0.220787, t_ads: 20.0, t_des: 18.0, bed_util_ads: 0.500, bed_util_des: 0.500, des_th: 0.49997353707841335,frac_lost: 0.103, li_recovered:  8.396, time: 0.0036380469991854625
L: 0.50, u_super: 0.00025 — INFEASIBLE (li_recovered=0.000e+00), time: 0.0015936210002109874
L: 0.50, u_super: 0.00027 — INFEASIBLE (li_recovered=0.000e+00), time: 0.002182340000217664
L: 0.50, u_super: 0.00990, sec: 576.593, prod: 0.224588, t_ads: 19.7, t_des: 17.9, bed_util_ads: 0.500, bed_util_des: 0.499, des_th: 0.49942132725883337,frac_lost: 0.104, li_recovered:  8.454, time: 0.0039758589991834015
L: 0.50, u_super: 0.00931, sec: 539.198, prod: 0.210855, t_ads: 21.0, t_des: 19.1, bed_util_ads: 0.499, bed_util_des: 0.499, des_th: 0.4991920745662998,frac_lost: 0.107, li_recovered:  8.454, time: 0.00455931599935866
L: 0.50, u_super: 0.00063, sec: 185.652, prod: 0.002524, t_ads: 311.8, t_des: 3177.6, bed_util_ads: 0.210, bed_util_des: 0.177, des_th: 0.17695267841995177,frac_lost: 0.101, li_recovered:  8.808, time: 0.022827906999737024
L: 0.50, u_super: 0.00506, sec: 278.450, prod: 0.114219, t_ads: 38.3, t_des: 34.3, bed_util_ads: 0.500, bed_util_des: 0.500, des_th: 0.4999087521973095,frac_lost: 0.102, li_recovered:  8.291, time: 0.004122661001019878
L: 0.50, u_super: 0.00683, sec: 384.530, prod: 0.154339, t_ads: 28.6, t_des: 25.7, bed_util_ads: 0.500, bed_util_des: 0.500, des_th: 0.49996495312846445,frac_lost: 0.107, li_recovered:  8.379, time: 0.004823184999622754
L: 0.50, u_super: 0.00529, sec: 292.296, prod: 0.119129, t_ads: 36.8, t_des: 32.8, bed_util_ads: 0.500, bed_util_des: 0.499, des_th: 0.49942399220705525,frac_lost: 0.106, li_recovered:  8.295, time: 0.004481511999983923
L: 0.50, u_super: 0.00904, sec: 521.764, prod: 0.204762, t_ads: 21.6, t_des: 19.6, bed_util_ads: 0.500, bed_util_des: 0.500, des_th: 0.49990812887441416,frac_lost: 0.106, li_recovered:  8.449, time: 0.004330891999416053
L: 0.50, u_super: 0.00207, sec: 111.583, prod: 0.045919, t_ads: 93.3, t_des: 86.2, bed_util_ads: 0.490, bed_util_des: 0.490, des_th: 0.48986208010856613,frac_lost: 0.108, li_recovered:  8.243, time: 0.004068160000315402
L: 0.50, u_super: 0.00506, sec: 279.024, prod: 0.113984, t_ads: 38.4, t_des: 33.9, bed_util_ads: 0.500, bed_util_des: 0.500, des_th: 0.4999890186451615,frac_lost: 0.103, li_recovered:  8.241, time: 0.003713501999300206
L: 0.50, u_super: 0.00054, sec: 30.934, prod: 0.010828, t_ads: 336.2, t_des: 304.0, bed_util_ads: 0.471, bed_util_des: 0.470, des_th: 0.4697933373645079,frac_lost: 0.101, li_recovered:  6.931, time: 0.005787983998743584
L: 1.45, u_super: 0.00730, sec: 2081.674, prod: 0.094983, t_ads: 77.7, t_des: 186.4, bed_util_ads: 0.374, bed_util_des: 0.370, des_th: 0.36958881039582564,frac_lost: 0.108, li_recovered:  25.090, time: 0.010218982999504078
L: 0.50, u_super: 0.00288, sec: 158.331, prod: 0.063000, t_ads: 66.9, t_des: 68.3, bed_util_ads: 0.480, bed_util_des: 0.479, des_th: 0.47951677673502524,frac_lost: 0.100, li_recovered:  8.521, time: 0.005366170000343118
L: 1.40, u_super: 0.00861, sec: 1407.970, prod: 0.192327, t_ads: 62.8, t_des: 55.4, bed_util_ads: 0.500, bed_util_des: 0.499, des_th: 0.4994405974380169,frac_lost: 0.100, li_recovered:  22.722, time: 0.0036791219990846002
L: 0.50, u_super: 0.00404, sec: 220.547, prod: 0.090812, t_ads: 48.1, t_des: 44.9, bed_util_ads: 0.493, bed_util_des: 0.492, des_th: 0.49232778656224935,frac_lost: 0.105, li_recovered:  8.443, time: 0.007382773999779602
L: 0.50, u_super: 0.00380, sec: 206.753, prod: 0.085154, t_ads: 51.1, t_des: 45.3, bed_util_ads: 0.499, bed_util_des: 0.499, des_th: 0.49872151941571735,frac_lost: 0.105, li_recovered:  8.210, time: 0.006689885000014328
L: 0.50, u_super: 0.00217, sec: 117.451, prod: 0.047843, t_ads: 88.9, t_des: 77.4, bed_util_ads: 0.499, bed_util_des: 0.499, des_th: 0.49879876228968034,frac_lost: 0.106, li_recovered:  7.953, time: 0.0055326969995803665
   211 |     8440 |     40 |  0.0014957241 |             f
L: 0.50, u_super: 0.00990, sec: 577.026, prod: 0.224420, t_ads: 19.8, t_des: 17.9, bed_util_ads: 0.500, bed_util_des: 0.500, des_th: 0.4996576207785505,frac_lost: 0.106, li_recovered:  8.452, time: 0.004277676000128849
L: 0.50, u_super: 0.00774, sec: 440.022, prod: 0.174966, t_ads: 25.3, t_des: 22.7, bed_util_ads: 0.500, bed_util_des: 0.500, des_th: 0.49999925605113166,frac_lost: 0.107, li_recovered:  8.399, time: 0.005937198999163229
L: 0.50, u_super: 0.00452, sec: 247.824, prod: 0.101461, t_ads: 43.0, t_des: 38.0, bed_util_ads: 0.500, bed_util_des: 0.500, des_th: 0.4998615575352379,frac_lost: 0.105, li_recovered:  8.217, time: 0.006625566000366234
L: 0.50, u_super: 0.00720, sec: 407.070, prod: 0.162726, t_ads: 27.0, t_des: 25.5, bed_util_ads: 0.493, bed_util_des: 0.492, des_th: 0.4923900602336803,frac_lost: 0.102, li_recovered:  8.546, time: 0.0070451369992952095
L: 0.50, u_super: 0.00718, sec: 431.143, prod: 0.152746, t_ads: 27.2, t_des: 29.7, bed_util_ads: 0.476, bed_util_des: 0.475, des_th: 0.47537955731276793,frac_lost: 0.106, li_recovered:  8.692, time: 0.0073702690006030025
L: 0.50, u_super: 0.00850, sec: 487.355, prod: 0.192336, t_ads: 23.0, t_des: 20.9, bed_util_ads: 0.499, bed_util_des: 0.499, des_th: 0.49928104758327363,frac_lost: 0.107, li_recovered:  8.440, time: 0.006023928999638883
L: 0.50, u_super: 0.00538, sec: 297.604, prod: 0.121152, t_ads: 36.1, t_des: 34.2, bed_util_ads: 0.492, bed_util_des: 0.492, des_th: 0.4921655578250546,frac_lost: 0.102, li_recovered:  8.518, time: 0.00503389799996512
L: 0.54, u_super: 0.00163, sec: 95.661, prod: 0.035597, t_ads: 127.3, t_des: 112.9, bed_util_ads: 0.493, bed_util_des: 0.492, des_th: 0.492299672703216,frac_lost: 0.107, li_recovered:  8.550, time: 0.006722187999912421
L: 0.50, u_super: 0.00464, sec: 254.105, prod: 0.104522, t_ads: 41.9, t_des: 37.9, bed_util_ads: 0.499, bed_util_des: 0.498, des_th: 0.4983088889025327,frac_lost: 0.104, li_recovered:  8.336, time: 0.006739940999977989
L: 0.50, u_super: 0.00859, sec: 493.335, prod: 0.194556, t_ads: 22.8, t_des: 20.5, bed_util_ads: 0.500, bed_util_des: 0.500, des_th: 0.49992353974500614,frac_lost: 0.106, li_recovered:  8.406, time: 0.007326223001655308
L: 0.50, u_super: 0.00023 — INFEASIBLE (li_recovered=0.000e+00), time: 0.002901836000091862
L: 0.50, u_super: 0.00531, sec: 292.754, prod: 0.119930, t_ads: 36.6, t_des: 33.2, bed_util_ads: 0.498, bed_util_des: 0.498, des_th: 0.4978506443932528,frac_lost: 0.103, li_recovered:  8.363, time: 0.005791034000139916
L: 0.50, u_super: 0.00089 — INFEASIBLE (li_recovered=0.000e+00), time: 0.0035161399991920916
L: 0.50, u_super: 0.00464, sec: 254.418, prod: 0.104394, t_ads: 42.0, t_des: 37.8, bed_util_ads: 0.499, bed_util_des: 0.499, des_th: 0.49872151941571735,frac_lost: 0.107, li_recovered:  8.331, time: 0.005605340998954489
L: 0.50, u_super: 0.00278, sec: 156.291, prod: 0.059678, t_ads: 69.3, t_des: 73.9, bed_util_ads: 0.475, bed_util_des: 0.474, des_th: 0.4739645638773551,frac_lost: 0.102, li_recovered:  8.544, time: 0.007606443999975454
L: 0.50, u_super: 0.00990, sec: 577.164, prod: 0.224362, t_ads: 19.7, t_des: 18.2, bed_util_ads: 0.498, bed_util_des: 0.498, des_th: 0.4978486934592448,frac_lost: 0.105, li_recovered:  8.511, time: 0.006628426999668591
L: 18.83, u_super: 0.00585 — INFEASIBLE (li_recovered=0.000e+00), time: 0.001678701999480836
L: 0.50, u_super: 0.00949, sec: 550.132, prod: 0.215126, t_ads: 20.6, t_des: 18.7, bed_util_ads: 0.499, bed_util_des: 0.499, des_th: 0.4992767043702348,frac_lost: 0.105, li_recovered:  8.451, time: 0.006456916999013629
L: 0.50, u_super: 0.00902, sec: 519.811, prod: 0.204288, t_ads: 21.7, t_des: 19.5, bed_util_ads: 0.500, bed_util_des: 0.500, des_th: 0.4998615575352379,frac_lost: 0.105, li_recovered:  8.400, time: 0.0046666150010423735
L: 0.50, u_super: 0.00339, sec: 183.408, prod: 0.075828, t_ads: 57.3, t_des: 51.3, bed_util_ads: 0.498, bed_util_des: 0.498, des_th: 0.49816619148212393,frac_lost: 0.106, li_recovered:  8.238, time: 0.005274095999993733
L: 0.50, u_super: 0.00089, sec: 49.078, prod: 0.018829, t_ads: 209.7, t_des: 186.7, bed_util_ads: 0.485, bed_util_des: 0.484, des_th: 0.48437706089131405,frac_lost: 0.101, li_recovered:  7.463, time: 0.004773675000251387
L: 0.50, u_super: 0.00482, sec: 264.807, prod: 0.108737, t_ads: 40.3, t_des: 37.2, bed_util_ads: 0.496, bed_util_des: 0.495, des_th: 0.49550886144987943,frac_lost: 0.104, li_recovered:  8.430, time: 0.00481136500093271
L: 0.50, u_super: 0.00896, sec: 516.887, prod: 0.202888, t_ads: 21.8, t_des: 20.0, bed_util_ads: 0.498, bed_util_des: 0.498, des_th: 0.49780590018899934,frac_lost: 0.106, li_recovered:  8.489, time: 0.005433992000689614
L: 0.50, u_super: 0.00258, sec: 139.893, prod: 0.057176, t_ads: 74.7, t_des: 64.9, bed_util_ads: 0.500, bed_util_des: 0.500, des_th: 0.4997731486474429,frac_lost: 0.104, li_recovered:  7.980, time: 0.005160769998838077
L: 70.10, u_super: 0.00761 — INFEASIBLE (li_recovered=0.000e+00), time: 0.001265892000446911
L: 0.50, u_super: 0.00647, sec: 361.704, prod: 0.146542, t_ads: 29.9, t_des: 26.8, bed_util_ads: 0.500, bed_util_des: 0.500, des_th: 0.4997837048719984,frac_lost: 0.101, li_recovered:  8.323, time: 0.006004711000059615
L: 0.50, u_super: 0.00243, sec: 130.516, prod: 0.053987, t_ads: 79.7, t_des: 74.2, bed_util_ads: 0.490, bed_util_des: 0.490, des_th: 0.48952478354543477,frac_lost: 0.105, li_recovered:  8.307, time: 0.005461688000650611
L: 0.50, u_super: 0.00025, sec: 39.698, prod: 0.001827, t_ads: 789.2, t_des: 3931.5, bed_util_ads: 0.248, bed_util_des: 0.193, des_th: 0.19263488725853792,frac_lost: 0.101, li_recovered:  8.627, time: 0.012455093999960809
L: 0.50, u_super: 0.00612, sec: 340.707, prod: 0.138460, t_ads: 31.7, t_des: 28.4, bed_util_ads: 0.500, bed_util_des: 0.500, des_th: 0.49991692170714624,frac_lost: 0.101, li_recovered:  8.314, time: 0.005228010999417165
L: 0.50, u_super: 0.00720, sec: 3584.908, prod: 0.018483, t_ads: 27.2, t_des: 447.8, bed_util_ads: 0.189, bed_util_des: 0.185, des_th: 0.1851696623157332,frac_lost: 0.103, li_recovered:  8.780, time: 0.03584398000020883
L: 0.50, u_super: 0.00859, sec: 493.406, prod: 0.194324, t_ads: 22.8, t_des: 20.9, bed_util_ads: 0.499, bed_util_des: 0.498, des_th: 0.4983906103051129,frac_lost: 0.107, li_recovered:  8.485, time: 0.005635239998809993
L: 0.50, u_super: 0.00803, sec: 470.163, prod: 0.176834, t_ads: 24.3, t_des: 24.7, bed_util_ads: 0.485, bed_util_des: 0.485, des_th: 0.48480856700589237,frac_lost: 0.105, li_recovered:  8.676, time: 0.004844310999033041
L: 0.50, u_super: 0.00111, sec: 72.472, prod: 0.020002, t_ads: 171.9, t_des: 244.6, bed_util_ads: 0.428, bed_util_des: 0.423, des_th: 0.42315663064355435,frac_lost: 0.103, li_recovered:  8.331, time: 0.006254851001358475
L: 0.50, u_super: 0.00984, sec: 583.992, prod: 0.219039, t_ads: 19.9, t_des: 19.7, bed_util_ads: 0.489, bed_util_des: 0.488, des_th: 0.4883292342733412,frac_lost: 0.105, li_recovered:  8.672, time: 0.004567320998830837
L: 6.63, u_super: 0.00579 — INFEASIBLE (li_recovered=0.000e+00), time: 0.00232651700025599
L: 2.05, u_super: 0.00945, sec: 2313.549, prod: 0.207580, t_ads: 83.8, t_des: 71.7, bed_util_ads: 0.500, bed_util_des: 0.500, des_th: 0.49998372155372056,frac_lost: 0.107, li_recovered:  32.286, time: 0.00501912599975185
L: 0.50, u_super: 0.00651, sec: 364.247, prod: 0.147345, t_ads: 29.8, t_des: 26.6, bed_util_ads: 0.500, bed_util_des: 0.500, des_th: 0.49996495312846445,frac_lost: 0.101, li_recovered:  8.314, time: 0.004234198999256478
L: 0.50, u_super: 0.00504, sec: 295.576, prod: 0.106406, t_ads: 38.5, t_des: 42.8, bed_util_ads: 0.471, bed_util_des: 0.471, des_th: 0.47086037527697255,frac_lost: 0.101, li_recovered:  8.650, time: 0.00743451299968001
L: 0.50, u_super: 0.00981, sec: 579.698, prod: 0.219304, t_ads: 19.9, t_des: 19.6, bed_util_ads: 0.489, bed_util_des: 0.488, des_th: 0.488456087893304,frac_lost: 0.105, li_recovered:  8.658, time: 0.004814574000192806
L: 8.82, u_super: 0.00691 — INFEASIBLE (li_recovered=0.000e+00), time: 0.002127972000380396
   212 |     8480 |     40 |  0.0036872638 |             f
L: 0.50, u_super: 0.00810, sec: 465.390, prod: 0.181848, t_ads: 24.2, t_des: 23.2, bed_util_ads: 0.492, bed_util_des: 0.492, des_th: 0.4921450311735378,frac_lost: 0.106, li_recovered:  8.607, time: 0.004382952000014484
L: 67.44, u_super: 0.00346 — INFEASIBLE (li_recovered=0.000e+00), time: 0.0007937840000522556
L: 20.21, u_super: 0.00671 — INFEASIBLE (li_recovered=0.000e+00), time: 0.002159953999580466
L: 0.50, u_super: 0.00791, sec: 448.943, prod: 0.179540, t_ads: 24.5, t_des: 22.4, bed_util_ads: 0.498, bed_util_des: 0.498, des_th: 0.49783611016713497,frac_lost: 0.100, li_recovered:  8.434, time: 0.005068758000561502
L: 0.50, u_super: 0.00243, sec: 130.302, prod: 0.054076, t_ads: 79.4, t_des: 72.6, bed_util_ads: 0.493, bed_util_des: 0.493, des_th: 0.49268910745226424,frac_lost: 0.103, li_recovered:  8.218, time: 0.005185582998819882
L: 0.50, u_super: 0.00230, sec: 123.568, prod: 0.051119, t_ads: 84.0, t_des: 77.3, bed_util_ads: 0.492, bed_util_des: 0.492, des_th: 0.4916770666548254,frac_lost: 0.106, li_recovered:  8.245, time: 0.0058006350009236485
L: 0.50, u_super: 0.00942, sec: 546.778, prod: 0.213287, t_ads: 20.7, t_des: 19.3, bed_util_ads: 0.496, bed_util_des: 0.496, des_th: 0.49597164064315447,frac_lost: 0.105, li_recovered:  8.531, time: 0.004583600000842125
L: 0.50, u_super: 0.00428, sec: 237.098, prod: 0.094864, t_ads: 45.4, t_des: 45.0, bed_util_ads: 0.486, bed_util_des: 0.485, des_th: 0.48513277058254395,frac_lost: 0.105, li_recovered:  8.576, time: 0.006216929999936838
L: 0.50, u_super: 0.00152, sec: 127.040, prod: 0.021474, t_ads: 126.9, t_des: 270.5, bed_util_ads: 0.383, bed_util_des: 0.377, des_th: 0.37673713635044054,frac_lost: 0.101, li_recovered:  8.534, time: 0.007815347000359907
L: 4.76, u_super: 0.00170 — INFEASIBLE (li_recovered=0.000e+00), time: 0.0012587130004249047
L: 0.50, u_super: 0.00286, sec: 154.256, prod: 0.063870, t_ads: 67.4, t_des: 60.1, bed_util_ads: 0.497, bed_util_des: 0.496, des_th: 0.49631217886893064,frac_lost: 0.102, li_recovered:  8.147, time: 0.0035984440000902396
L: 0.50, u_super: 0.00005 — INFEASIBLE (li_recovered=0.000e+00), time: 0.0006974920015636599
L: 0.50, u_super: 0.00931, sec: 638.400, prod: 0.177961, t_ads: 21.0, t_des: 28.0, bed_util_ads: 0.450, bed_util_des: 0.450, des_th: 0.44975862953359974,frac_lost: 0.103, li_recovered:  8.718, time: 0.004287284000383806
L: 0.50, u_super: 0.00177, sec: 97.080, prod: 0.038411, t_ads: 107.8, t_des: 91.0, bed_util_ads: 0.500, bed_util_des: 0.500, des_th: 0.4999208661940094,frac_lost: 0.103, li_recovered:  7.637, time: 0.003881480000927695
L: 0.50, u_super: 0.00021, sec: 29.661, prod: 0.001774, t_ads: 921.8, t_des: 3874.5, bed_util_ads: 0.257, bed_util_des: 0.199, des_th: 0.19885208978007263,frac_lost: 0.102, li_recovered:  8.508, time: 0.008858392999172793
L: 0.50, u_super: 0.00944, sec: 547.477, prod: 0.213719, t_ads: 20.8, t_des: 18.8, bed_util_ads: 0.499, bed_util_des: 0.499, des_th: 0.4987532370437107,frac_lost: 0.107, li_recovered:  8.449, time: 0.0036826270006713457
L: 0.50, u_super: 0.00068 — INFEASIBLE (li_recovered=0.000e+00), time: 0.002018430999669363
L: 0.50, u_super: 0.00637, sec: 361.075, prod: 0.142028, t_ads: 30.8, t_des: 29.9, bed_util_ads: 0.490, bed_util_des: 0.490, des_th: 0.4898956303795162,frac_lost: 0.109, li_recovered:  8.616, time: 0.004017098999611335
L: 0.50, u_super: 0.00990, sec: 576.608, prod: 0.224579, t_ads: 19.7, t_des: 17.9, bed_util_ads: 0.500, bed_util_des: 0.500, des_th: 0.4996488084884514,frac_lost: 0.104, li_recovered:  8.456, time: 0.004343423001046176
L: 0.50, u_super: 0.00514, sec: 297.039, prod: 0.110712, t_ads: 37.6, t_des: 40.4, bed_util_ads: 0.476, bed_util_des: 0.476, des_th: 0.47574336760549174,frac_lost: 0.100, li_recovered:  8.646, time: 0.0041495200002827914
L: 0.50, u_super: 0.00979, sec: 569.851, prod: 0.222126, t_ads: 19.9, t_des: 18.1, bed_util_ads: 0.498, bed_util_des: 0.498, des_th: 0.498135907341295,frac_lost: 0.105, li_recovered:  8.458, time: 0.004676122000091709
L: 0.50, u_super: 0.00744, sec: 421.353, prod: 0.168109, t_ads: 26.3, t_des: 23.9, bed_util_ads: 0.499, bed_util_des: 0.499, des_th: 0.4986895716988214,frac_lost: 0.108, li_recovered:  8.438, time: 0.004840927998884581
L: 0.50, u_super: 0.00647, sec: 361.808, prod: 0.146500, t_ads: 29.9, t_des: 26.8, bed_util_ads: 0.500, bed_util_des: 0.500, des_th: 0.4997522173149743,frac_lost: 0.101, li_recovered:  8.309, time: 0.004810317999726976
L: 0.50, u_super: 0.00005, sec: 4.358, prod: 0.000673, t_ads: 3504.9, t_des: 6243.7, bed_util_ads: 0.250, bed_util_des: 0.177, des_th: 0.17744404640339623,frac_lost: 0.103, li_recovered:  6.564, time: 0.006124497998825973
L: 0.50, u_super: 0.00587, sec: 325.249, prod: 0.132701, t_ads: 33.1, t_des: 30.0, bed_util_ads: 0.498, bed_util_des: 0.498, des_th: 0.49777371930466346,frac_lost: 0.102, li_recovered:  8.375, time: 0.003716913999596727
L: 17.09, u_super: 0.00545 — INFEASIBLE (li_recovered=0.000e+00), time: 0.0012585660006152466
L: 0.50, u_super: 0.00089 — INFEASIBLE (li_recovered=0.000e+00), time: 0.002976452000439167
L: 0.50, u_super: 0.00027 — INFEASIBLE (li_recovered=0.000e+00), time: 0.002296945000125561
L: 33.78, u_super: 0.00627 — INFEASIBLE (li_recovered=0.000e+00), time: 0.0009348380008304957
L: 0.50, u_super: 0.00477, sec: 261.442, prod: 0.107390, t_ads: 40.8, t_des: 36.9, bed_util_ads: 0.499, bed_util_des: 0.498, des_th: 0.4983088889025327,frac_lost: 0.105, li_recovered:  8.343, time: 0.004313499999625492
L: 0.50, u_super: 0.00974, sec: 566.026, prod: 0.220771, t_ads: 20.1, t_des: 18.2, bed_util_ads: 0.500, bed_util_des: 0.500, des_th: 0.4999674384655865,frac_lost: 0.105, li_recovered:  8.439, time: 0.006551200000103563
L: 21.89, u_super: 0.00506 — INFEASIBLE (li_recovered=0.000e+00), time: 0.003125351999187842
L: 0.50, u_super: 0.00898, sec: 539.860, prod: 0.195270, t_ads: 21.7, t_des: 22.8, bed_util_ads: 0.480, bed_util_des: 0.480, des_th: 0.4796408373629628,frac_lost: 0.104, li_recovered:  8.698, time: 0.004801254000994959
L: 0.50, u_super: 0.00711, sec: 403.961, prod: 0.159720, t_ads: 27.6, t_des: 26.2, bed_util_ads: 0.493, bed_util_des: 0.493, des_th: 0.4929091540515986,frac_lost: 0.109, li_recovered:  8.582, time: 0.004249059000358102
L: 14.87, u_super: 0.00542 — INFEASIBLE (li_recovered=0.000e+00), time: 0.0013323250004759757
L: 41.98, u_super: 0.00683 — INFEASIBLE (li_recovered=0.000e+00), time: 0.0007946629993966781
L: 3.43, u_super: 0.00243 — INFEASIBLE (li_recovered=0.000e+00), time: 0.0019767810008488595
L: 62.08, u_super: 0.00540 — INFEASIBLE (li_recovered=0.000e+00), time: 0.001499244999649818
L: 0.50, u_super: 0.00973, sec: 566.036, prod: 0.220548, t_ads: 20.1, t_des: 18.2, bed_util_ads: 0.500, bed_util_des: 0.499, des_th: 0.49942132725883337,frac_lost: 0.106, li_recovered:  8.454, time: 0.003996391000328003
L: 0.50, u_super: 0.00739, sec: 417.172, prod: 0.167298, t_ads: 26.3, t_des: 23.5, bed_util_ads: 0.500, bed_util_des: 0.500, des_th: 0.4999755354151441,frac_lost: 0.101, li_recovered:  8.322, time: 0.003862513000058243
   213 |     8520 |     40 |  0.0021399074 |             f
L: 0.50, u_super: 0.00937, sec: 542.721, prod: 0.212091, t_ads: 20.8, t_des: 19.4, bed_util_ads: 0.496, bed_util_des: 0.496, des_th: 0.49606847985708596,frac_lost: 0.105, li_recovered:  8.527, time: 0.004125388999455026
L: 0.50, u_super: 0.00783, sec: 444.834, prod: 0.177582, t_ads: 24.8, t_des: 22.4, bed_util_ads: 0.500, bed_util_des: 0.500, des_th: 0.499765295489063,frac_lost: 0.102, li_recovered:  8.388, time: 0.00491650500043761
L: 39.60, u_super: 0.00356 — INFEASIBLE (li_recovered=0.000e+00), time: 0.0012574110005516559
L: 33.32, u_super: 0.00711 — INFEASIBLE (li_recovered=0.000e+00), time: 0.0012745410003844881
L: 0.50, u_super: 0.00456, sec: 276.580, prod: 0.092619, t_ads: 42.6, t_des: 50.8, bed_util_ads: 0.462, bed_util_des: 0.462, des_th: 0.4616076751952185,frac_lost: 0.102, li_recovered:  8.647, time: 0.004283098000087193
L: 0.50, u_super: 0.00316, sec: 171.460, prod: 0.070317, t_ads: 61.0, t_des: 59.5, bed_util_ads: 0.487, bed_util_des: 0.486, des_th: 0.48627875359259864,frac_lost: 0.100, li_recovered:  8.477, time: 0.004361182000138797
L: 0.50, u_super: 0.00292, sec: 157.101, prod: 0.065241, t_ads: 66.2, t_des: 61.6, bed_util_ads: 0.493, bed_util_des: 0.492, des_th: 0.4923071937139491,frac_lost: 0.103, li_recovered:  8.344, time: 0.0043997449993185
L: 0.50, u_super: 0.00124, sec: 67.312, prod: 0.026841, t_ads: 153.8, t_des: 137.4, bed_util_ads: 0.490, bed_util_des: 0.489, des_th: 0.4895172625347017,frac_lost: 0.107, li_recovered:  7.817, time: 0.004926400999465841
L: 0.50, u_super: 0.00063 — INFEASIBLE (li_recovered=0.000e+00), time: 0.0037345759992604144
L: 0.50, u_super: 0.00728, sec: 418.153, prod: 0.161898, t_ads: 26.9, t_des: 26.5, bed_util_ads: 0.489, bed_util_des: 0.489, des_th: 0.48855092158173974,frac_lost: 0.108, li_recovered:  8.643, time: 0.0038751029987906804
L: 0.50, u_super: 0.00979, sec: 569.658, prod: 0.222178, t_ads: 19.9, t_des: 17.9, bed_util_ads: 0.500, bed_util_des: 0.500, des_th: 0.4996681833947302,frac_lost: 0.103, li_recovered:  8.396, time: 0.0036392459987837356
L: 0.50, u_super: 0.00215, sec: 131.979, prod: 0.041825, t_ads: 89.4, t_des: 114.3, bed_util_ads: 0.450, bed_util_des: 0.448, des_th: 0.44786863419597445,frac_lost: 0.101, li_recovered:  8.517, time: 0.005032932000176515
L: 0.50, u_super: 0.00879, sec: 505.868, prod: 0.199092, t_ads: 22.2, t_des: 20.2, bed_util_ads: 0.499, bed_util_des: 0.499, des_th: 0.49924788296174316,frac_lost: 0.106, li_recovered:  8.444, time: 0.004105444000742864
L: 0.50, u_super: 0.00506, sec: 278.402, prod: 0.113900, t_ads: 38.5, t_des: 34.3, bed_util_ads: 0.500, bed_util_des: 0.500, des_th: 0.4999087521973095,frac_lost: 0.104, li_recovered:  8.288, time: 0.003646593999292236
L: 0.50, u_super: 0.00985, sec: 573.699, prod: 0.223536, t_ads: 19.8, t_des: 18.0, bed_util_ads: 0.500, bed_util_des: 0.499, des_th: 0.49942132725883337,frac_lost: 0.104, li_recovered:  8.456, time: 0.0042776339996635215
L: 0.50, u_super: 0.00710, sec: 459.256, prod: 0.139847, t_ads: 27.6, t_des: 34.7, bed_util_ads: 0.457, bed_util_des: 0.457, des_th: 0.45655209846402534,frac_lost: 0.106, li_recovered:  8.700, time: 0.004834413000935456
L: 0.50, u_super: 0.00011, sec: 12.485, prod: 0.001205, t_ads: 1702.8, t_des: 5081.5, bed_util_ads: 0.257, bed_util_des: 0.183, des_th: 0.1833214989861711,frac_lost: 0.102, li_recovered:  8.172, time: 0.007307235000553192
L: 10.38, u_super: 0.00911 — INFEASIBLE (li_recovered=0.000e+00), time: 0.0025559009991411585
L: 0.50, u_super: 0.00810, sec: 460.586, prod: 0.183745, t_ads: 24.0, t_des: 21.7, bed_util_ads: 0.499, bed_util_des: 0.499, des_th: 0.49916293936148093,frac_lost: 0.100, li_recovered:  8.390, time: 0.004003242000180762
L: 0.50, u_super: 0.00054, sec: 34.478, prod: 0.009715, t_ads: 346.0, t_des: 462.7, bed_util_ads: 0.420, bed_util_des: 0.412, des_th: 0.4116914128316921,frac_lost: 0.103, li_recovered:  7.857, time: 0.004973285998858046
L: 0.50, u_super: 0.00826, sec: 475.037, prod: 0.185732, t_ads: 23.7, t_des: 22.6, bed_util_ads: 0.492, bed_util_des: 0.492, des_th: 0.4921975022798472,frac_lost: 0.107, li_recovered:  8.594, time: 0.004155278000325779
L: 0.50, u_super: 0.00770, sec: 437.286, prod: 0.173975, t_ads: 25.4, t_des: 22.8, bed_util_ads: 0.500, bed_util_des: 0.500, des_th: 0.4999909710605238,frac_lost: 0.107, li_recovered:  8.395, time: 0.004766725000081351
L: 0.50, u_super: 0.00260, sec: 140.729, prod: 0.057579, t_ads: 74.1, t_des: 64.4, bed_util_ads: 0.500, bed_util_des: 0.500, des_th: 0.4999087521973095,frac_lost: 0.103, li_recovered:  7.977, time: 0.0038460270006908104
L: 0.50, u_super: 0.00452, sec: 247.227, prod: 0.101681, t_ads: 43.1, t_des: 39.3, bed_util_ads: 0.497, bed_util_des: 0.496, des_th: 0.4963099268428161,frac_lost: 0.106, li_recovered:  8.379, time: 0.0037347580000641756
L: 0.50, u_super: 0.00264, sec: 142.321, prod: 0.058691, t_ads: 72.9, t_des: 64.3, bed_util_ads: 0.499, bed_util_des: 0.498, des_th: 0.4983088889025327,frac_lost: 0.101, li_recovered:  8.052, time: 0.004593435998685891
L: 0.50, u_super: 0.00611, sec: 339.740, prod: 0.138063, t_ads: 31.8, t_des: 28.6, bed_util_ads: 0.500, bed_util_des: 0.499, des_th: 0.4993813878482838,frac_lost: 0.102, li_recovered:  8.332, time: 0.003636626999650616
L: 0.50, u_super: 0.00119, sec: 66.294, prod: 0.025012, t_ads: 159.7, t_des: 132.4, bed_util_ads: 0.498, bed_util_des: 0.498, des_th: 0.4976380642344087,frac_lost: 0.106, li_recovered:  7.306, time: 0.0034458659993106266
L: 0.50, u_super: 0.00428, sec: 233.697, prod: 0.096104, t_ads: 45.4, t_des: 40.5, bed_util_ads: 0.499, bed_util_des: 0.499, des_th: 0.49874827402823546,frac_lost: 0.105, li_recovered:  8.259, time: 0.004361362000054214
L: 0.50, u_super: 0.00579, sec: 322.814, prod: 0.130088, t_ads: 33.6, t_des: 32.2, bed_util_ads: 0.491, bed_util_des: 0.490, des_th: 0.4904680592352421,frac_lost: 0.103, li_recovered:  8.555, time: 0.004717911000625463
L: 0.50, u_super: 0.00316, sec: 170.404, prod: 0.070753, t_ads: 61.1, t_des: 55.1, bed_util_ads: 0.497, bed_util_des: 0.496, des_th: 0.49650457092133504,frac_lost: 0.102, li_recovered:  8.226, time: 0.005234491000010166
L: 0.50, u_super: 0.00904, sec: 521.646, prod: 0.204967, t_ads: 21.6, t_des: 19.6, bed_util_ads: 0.499, bed_util_des: 0.499, des_th: 0.4992767043702348,frac_lost: 0.105, li_recovered:  8.436, time: 0.005522852001377032
L: 0.50, u_super: 0.00633, sec: 355.939, prod: 0.142072, t_ads: 30.7, t_des: 29.8, bed_util_ads: 0.490, bed_util_des: 0.490, des_th: 0.4898956303795162,frac_lost: 0.101, li_recovered:  8.588, time: 0.00403227399874595
L: 0.50, u_super: 0.00538, sec: 296.937, prod: 0.121427, t_ads: 36.0, t_des: 33.9, bed_util_ads: 0.492, bed_util_des: 0.492, des_th: 0.4921655578250546,frac_lost: 0.100, li_recovered:  8.487, time: 0.004444727999725728
L: 0.50, u_super: 0.00978, sec: 568.765, prod: 0.221904, t_ads: 19.9, t_des: 18.1, bed_util_ads: 0.499, bed_util_des: 0.499, des_th: 0.4993894985249041,frac_lost: 0.104, li_recovered:  8.446, time: 0.003744880999875022
L: 0.50, u_super: 0.00238, sec: 129.121, prod: 0.052590, t_ads: 81.0, t_des: 70.2, bed_util_ads: 0.499, bed_util_des: 0.499, des_th: 0.499149813094607,frac_lost: 0.105, li_recovered:  7.952, time: 0.004364242999145063
L: 0.50, u_super: 0.00683, sec: 426.195, prod: 0.139251, t_ads: 28.7, t_des: 33.8, bed_util_ads: 0.466, bed_util_des: 0.466, des_th: 0.4657563383362653,frac_lost: 0.109, li_recovered:  8.697, time: 0.004387164999570814
L: 0.50, u_super: 0.00365, sec: 198.464, prod: 0.081607, t_ads: 53.4, t_des: 47.2, bed_util_ads: 0.499, bed_util_des: 0.499, des_th: 0.4987968482025606,frac_lost: 0.107, li_recovered:  8.211, time: 0.0037406870014820015
L: 0.50, u_super: 0.00286, sec: 154.721, prod: 0.063679, t_ads: 67.5, t_des: 59.3, bed_util_ads: 0.499, bed_util_des: 0.498, des_th: 0.498483385087439,frac_lost: 0.103, li_recovered:  8.070, time: 0.005320339998434065
L: 0.50, u_super: 0.00647, sec: 361.881, prod: 0.146471, t_ads: 30.0, t_des: 26.9, bed_util_ads: 0.500, bed_util_des: 0.500, des_th: 0.49983556575680826,frac_lost: 0.102, li_recovered:  8.330, time: 0.003767288000744884
L: 0.50, u_super: 0.00741, sec: 423.394, prod: 0.166222, t_ads: 26.5, t_des: 25.3, bed_util_ads: 0.492, bed_util_des: 0.492, des_th: 0.4919947916059497,frac_lost: 0.109, li_recovered:  8.602, time: 0.004014071000710828
   214 |     8560 |     40 |  0.0050164681 |             f
L: 0.50, u_super: 0.00343, sec: 186.300, prod: 0.076774, t_ads: 56.6, t_des: 50.1, bed_util_ads: 0.498, bed_util_des: 0.498, des_th: 0.49803179610044485,frac_lost: 0.106, li_recovered:  8.193, time: 0.004409205999763799
L: 0.50, u_super: 0.00851, sec: 488.451, prod: 0.192619, t_ads: 23.0, t_des: 20.9, bed_util_ads: 0.500, bed_util_des: 0.500, des_th: 0.4997377575786007,frac_lost: 0.107, li_recovered:  8.451, time: 0.00403488899974036
L: 10.18, u_super: 0.00531 — INFEASIBLE (li_recovered=0.000e+00), time: 0.0023823120009183185
L: 1.11, u_super: 0.00990, sec: 1286.286, prod: 0.222697, t_ads: 43.4, t_des: 38.8, bed_util_ads: 0.500, bed_util_des: 0.500, des_th: 0.4997859001660802,frac_lost: 0.105, li_recovered:  18.316, time: 0.005789516999357147
L: 0.50, u_super: 0.00960, sec: 556.771, prod: 0.217693, t_ads: 20.3, t_des: 18.4, bed_util_ads: 0.499, bed_util_des: 0.499, des_th: 0.4987532370437107,frac_lost: 0.104, li_recovered:  8.435, time: 0.005073173999335268
L: 0.50, u_super: 0.00826, sec: 473.116, prod: 0.186750, t_ads: 23.8, t_des: 21.5, bed_util_ads: 0.500, bed_util_des: 0.500, des_th: 0.49996495312846445,frac_lost: 0.109, li_recovered:  8.449, time: 0.004519791998973233
L: 0.50, u_super: 0.00535, sec: 296.650, prod: 0.120308, t_ads: 36.2, t_des: 34.8, bed_util_ads: 0.491, bed_util_des: 0.490, des_th: 0.4904680592352421,frac_lost: 0.101, li_recovered:  8.542, time: 0.005020373000661493
L: 0.50, u_super: 0.00006, sec: 5.173, prod: 0.000709, t_ads: 3357.4, t_des: 7362.2, bed_util_ads: 0.242, bed_util_des: 0.155, des_th: 0.1546625028715803,frac_lost: 0.101, li_recovered:  7.600, time: 0.006118310000601923
L: 0.50, u_super: 0.00151, sec: 81.594, prod: 0.033112, t_ads: 126.4, t_des: 113.6, bed_util_ads: 0.491, bed_util_des: 0.490, des_th: 0.4905300343495989,frac_lost: 0.105, li_recovered:  7.947, time: 0.004974874998879386
L: 4.68, u_super: 0.00579 — INFEASIBLE (li_recovered=0.000e+00), time: 0.0030222209989005933
L: 9.94, u_super: 0.00316 — INFEASIBLE (li_recovered=0.000e+00), time: 0.001432462999218842
L: 0.50, u_super: 0.00365, sec: 198.110, prod: 0.081753, t_ads: 53.3, t_des: 47.7, bed_util_ads: 0.498, bed_util_des: 0.498, des_th: 0.49803179610044485,frac_lost: 0.106, li_recovered:  8.254, time: 0.004408503000377095
L: 0.50, u_super: 0.00498, sec: 344.100, prod: 0.089501, t_ads: 39.1, t_des: 57.8, bed_util_ads: 0.436, bed_util_des: 0.435, des_th: 0.43472913277740843,frac_lost: 0.104, li_recovered:  8.677, time: 0.008224394998251228
L: 0.50, u_super: 0.00681, sec: 382.096, prod: 0.154231, t_ads: 28.5, t_des: 25.5, bed_util_ads: 0.500, bed_util_des: 0.500, des_th: 0.49974142202435073,frac_lost: 0.101, li_recovered:  8.323, time: 0.004866036999374046
L: 0.50, u_super: 0.00786, sec: 448.176, prod: 0.177654, t_ads: 24.9, t_des: 22.3, bed_util_ads: 0.500, bed_util_des: 0.500, des_th: 0.499765295489063,frac_lost: 0.109, li_recovered:  8.396, time: 0.005958220999673358
L: 9.94, u_super: 0.00491 — INFEASIBLE (li_recovered=0.000e+00), time: 0.0018932290004158858
L: 0.50, u_super: 0.00052 — INFEASIBLE (li_recovered=0.000e+00), time: 0.0026485609996598214
L: 0.50, u_super: 0.00148, sec: 80.344, prod: 0.032390, t_ads: 129.0, t_des: 114.5, bed_util_ads: 0.492, bed_util_des: 0.492, des_th: 0.4916770666548254,frac_lost: 0.107, li_recovered:  7.887, time: 0.005870988999959081
L: 0.50, u_super: 0.00185, sec: 101.031, prod: 0.040426, t_ads: 103.1, t_des: 88.1, bed_util_ads: 0.500, bed_util_des: 0.500, des_th: 0.49964182931265033,frac_lost: 0.102, li_recovered:  7.727, time: 0.005989651001073071
L: 2.56, u_super: 0.00048 — INFEASIBLE (li_recovered=0.000e+00), time: 0.0015911440004856559
L: 1.16, u_super: 0.00658, sec: 869.964, prod: 0.146019, t_ads: 67.9, t_des: 58.9, bed_util_ads: 0.500, bed_util_des: 0.500, des_th: 0.49996495312846445,frac_lost: 0.103, li_recovered:  18.518, time: 0.004527342000073986
L: 0.50, u_super: 0.00527, sec: 291.452, prod: 0.118751, t_ads: 36.8, t_des: 34.9, bed_util_ads: 0.492, bed_util_des: 0.492, des_th: 0.49191664713537203,frac_lost: 0.102, li_recovered:  8.515, time: 0.00468153299880214
L: 0.50, u_super: 0.00163, sec: 88.388, prod: 0.035455, t_ads: 117.4, t_des: 101.8, bed_util_ads: 0.496, bed_util_des: 0.496, des_th: 0.4955629727530505,frac_lost: 0.104, li_recovered:  7.774, time: 0.005721878998883767
L: 0.50, u_super: 0.00743, sec: 423.535, prod: 0.167007, t_ads: 26.3, t_des: 25.1, bed_util_ads: 0.492, bed_util_des: 0.492, des_th: 0.4921975022798472,frac_lost: 0.107, li_recovered:  8.588, time: 0.0044602930011024
L: 0.50, u_super: 0.00584, sec: 326.427, prod: 0.130885, t_ads: 33.3, t_des: 32.2, bed_util_ads: 0.490, bed_util_des: 0.490, des_th: 0.4898956303795162,frac_lost: 0.103, li_recovered:  8.578, time: 0.006759582000086084
L: 0.50, u_super: 0.00337, sec: 202.153, prod: 0.068251, t_ads: 57.6, t_des: 68.5, bed_util_ads: 0.461, bed_util_des: 0.460, des_th: 0.46017508906047,frac_lost: 0.105, li_recovered:  8.607, time: 0.005166300999917439
L: 0.50, u_super: 0.00349, sec: 189.689, prod: 0.078134, t_ads: 55.8, t_des: 52.0, bed_util_ads: 0.492, bed_util_des: 0.492, des_th: 0.4916465535694427,frac_lost: 0.108, li_recovered:  8.423, time: 0.00762000199938484
L: 0.50, u_super: 0.00826, sec: 472.386, prod: 0.186775, t_ads: 23.7, t_des: 21.7, bed_util_ads: 0.498, bed_util_des: 0.497, des_th: 0.49744986208150077,frac_lost: 0.107, li_recovered:  8.487, time: 0.0058452659995964495
L: 0.50, u_super: 0.00636, sec: 356.332, prod: 0.143103, t_ads: 30.6, t_des: 29.2, bed_util_ads: 0.492, bed_util_des: 0.492, des_th: 0.4920241191290368,frac_lost: 0.102, li_recovered:  8.559, time: 0.005891545000849874
L: 0.50, u_super: 0.00847, sec: 489.548, prod: 0.190292, t_ads: 23.1, t_des: 22.2, bed_util_ads: 0.492, bed_util_des: 0.492, des_th: 0.4922134129928452,frac_lost: 0.107, li_recovered:  8.612, time: 0.004715824001323199
L: 0.50, u_super: 0.00810, sec: 462.104, prod: 0.183521, t_ads: 24.1, t_des: 21.7, bed_util_ads: 0.499, bed_util_des: 0.499, des_th: 0.4992052204357105,frac_lost: 0.104, li_recovered:  8.390, time: 0.004254047998983879
L: 0.50, u_super: 0.00681, sec: 381.829, prod: 0.154035, t_ads: 28.5, t_des: 25.4, bed_util_ads: 0.500, bed_util_des: 0.500, des_th: 0.49996495312846445,frac_lost: 0.101, li_recovered:  8.308, time: 0.006507465999675333
L: 0.50, u_super: 0.00145, sec: 77.799, prod: 0.031705, t_ads: 131.4, t_des: 120.1, bed_util_ads: 0.489, bed_util_des: 0.488, des_th: 0.48828181132150406,frac_lost: 0.101, li_recovered:  7.972, time: 0.004571583000142709
L: 0.50, u_super: 0.00430, sec: 252.167, prod: 0.090055, t_ads: 45.3, t_des: 50.6, bed_util_ads: 0.471, bed_util_des: 0.470, des_th: 0.4697933373645079,frac_lost: 0.105, li_recovered:  8.638, time: 0.004759720999572892
L: 0.50, u_super: 0.00973, sec: 565.893, prod: 0.220669, t_ads: 20.1, t_des: 18.0, bed_util_ads: 0.500, bed_util_des: 0.500, des_th: 0.49997353707841335,frac_lost: 0.104, li_recovered:  8.394, time: 0.005978668999887304
L: 0.50, u_super: 0.00990, sec: 578.177, prod: 0.223969, t_ads: 19.7, t_des: 18.5, bed_util_ads: 0.496, bed_util_des: 0.495, des_th: 0.49548899895378723,frac_lost: 0.104, li_recovered:  8.565, time: 0.005081745999632403
L: 0.50, u_super: 0.00590, sec: 2604.853, prod: 0.016744, t_ads: 33.2, t_des: 491.1, bed_util_ads: 0.197, bed_util_des: 0.192, des_th: 0.19245828820000258,frac_lost: 0.103, li_recovered:  8.779, time: 0.031463961000554264
L: 0.50, u_super: 0.00583, sec: 347.218, prod: 0.122912, t_ads: 33.2, t_des: 37.3, bed_util_ads: 0.471, bed_util_des: 0.471, des_th: 0.47087567930244306,frac_lost: 0.100, li_recovered:  8.668, time: 0.004665540000132751
L: 0.50, u_super: 0.00005 — INFEASIBLE (li_recovered=0.000e+00), time: 0.00129127000036533
L: 0.50, u_super: 0.00050 — INFEASIBLE (li_recovered=0.000e+00), time: 0.002369457000895636
   215 |     8600 |     40 |  0.0017783688 |             f
L: 0.50, u_super: 0.00185, sec: 100.542, prod: 0.040622, t_ads: 103.0, t_des: 89.2, bed_util_ads: 0.497, bed_util_des: 0.497, des_th: 0.497260249045119,frac_lost: 0.101, li_recovered:  7.807, time: 0.004860080998696503
L: 40.27, u_super: 0.00265 — INFEASIBLE (li_recovered=0.000e+00), time: 0.0009462529997108504
L: 0.50, u_super: 0.00482, sec: 269.442, prod: 0.106869, t_ads: 40.2, t_des: 40.3, bed_util_ads: 0.485, bed_util_des: 0.484, des_th: 0.48429591128597177,frac_lost: 0.102, li_recovered:  8.601, time: 0.004426162000527256
L: 0.50, u_super: 0.00477, sec: 262.123, prod: 0.107410, t_ads: 40.7, t_des: 36.3, bed_util_ads: 0.500, bed_util_des: 0.500, des_th: 0.499924863915009,frac_lost: 0.105, li_recovered:  8.274, time: 0.0038178180002432782
L: 0.50, u_super: 0.00810, sec: 462.214, prod: 0.183098, t_ads: 24.2, t_des: 21.9, bed_util_ads: 0.499, bed_util_des: 0.499, des_th: 0.4991532556398434,frac_lost: 0.107, li_recovered:  8.441, time: 0.0047800159991311375
L: 0.50, u_super: 0.00876, sec: 503.818, prod: 0.198452, t_ads: 22.3, t_des: 20.2, bed_util_ads: 0.499, bed_util_des: 0.499, des_th: 0.49930929457213113,frac_lost: 0.106, li_recovered:  8.445, time: 0.0037359319994720863
L: 0.50, u_super: 0.00633, sec: 353.125, prod: 0.143204, t_ads: 30.6, t_des: 27.4, bed_util_ads: 0.500, bed_util_des: 0.500, des_th: 0.49982199298899227,frac_lost: 0.101, li_recovered:  8.319, time: 0.004756381000333931
L: 0.50, u_super: 0.00005, sec: 4.515, prod: 0.000650, t_ads: 3003.1, t_des: 4505.9, bed_util_ads: 0.256, bed_util_des: 0.209, des_th: 0.20898301578342107,frac_lost: 0.101, li_recovered:  4.881, time: 0.004861503999563865
L: 0.50, u_super: 0.00579, sec: 320.795, prod: 0.130907, t_ads: 33.5, t_des: 30.3, bed_util_ads: 0.498, bed_util_des: 0.498, des_th: 0.49832322966485626,frac_lost: 0.102, li_recovered:  8.361, time: 0.004597167999236262
L: 0.50, u_super: 0.00322, sec: 174.930, prod: 0.071553, t_ads: 60.5, t_des: 52.7, bed_util_ads: 0.500, bed_util_des: 0.500, des_th: 0.49991848948771306,frac_lost: 0.109, li_recovered:  8.103, time: 0.004950290000124369
L: 0.50, u_super: 0.00738, sec: 418.089, prod: 0.166909, t_ads: 26.5, t_des: 23.7, bed_util_ads: 0.500, bed_util_des: 0.500, des_th: 0.49996495312846445,frac_lost: 0.107, li_recovered:  8.382, time: 0.006654323999100598
L: 0.50, u_super: 0.00826, sec: 472.887, prod: 0.186576, t_ads: 23.7, t_des: 22.1, bed_util_ads: 0.496, bed_util_des: 0.496, des_th: 0.4960816111576849,frac_lost: 0.106, li_recovered:  8.539, time: 0.006595300999833853
L: 0.50, u_super: 0.00482, sec: 266.238, prod: 0.108153, t_ads: 40.3, t_des: 38.6, bed_util_ads: 0.490, bed_util_des: 0.490, des_th: 0.4899620866292757,frac_lost: 0.104, li_recovered:  8.535, time: 0.005310856000505737
L: 0.50, u_super: 0.00977, sec: 5142.523, prod: 0.024496, t_ads: 20.1, t_des: 338.4, bed_util_ads: 0.188, bed_util_des: 0.185, des_th: 0.1851696623157332,frac_lost: 0.107, li_recovered:  8.784, time: 0.036159025999950245
L: 0.50, u_super: 0.00586, sec: 325.142, prod: 0.132479, t_ads: 33.1, t_des: 29.7, bed_util_ads: 0.500, bed_util_des: 0.500, des_th: 0.499544687839398,frac_lost: 0.101, li_recovered:  8.319, time: 0.0072720269999990705
L: 0.50, u_super: 0.00796, sec: 452.490, prod: 0.180390, t_ads: 24.4, t_des: 21.8, bed_util_ads: 0.500, bed_util_des: 0.500, des_th: 0.4999909710605238,frac_lost: 0.100, li_recovered:  8.325, time: 0.005464515999847208
L: 0.50, u_super: 0.00467, sec: 257.602, prod: 0.104727, t_ads: 41.7, t_des: 39.7, bed_util_ads: 0.491, bed_util_des: 0.491, des_th: 0.49061299437618106,frac_lost: 0.106, li_recovered:  8.526, time: 0.004369908001535805
L: 0.50, u_super: 0.00230, sec: 123.548, prod: 0.051128, t_ads: 84.0, t_des: 77.4, bed_util_ads: 0.492, bed_util_des: 0.492, des_th: 0.4916770666548254,frac_lost: 0.106, li_recovered:  8.250, time: 0.006657460999122122
L: 0.50, u_super: 0.00720, sec: 408.924, prod: 0.161988, t_ads: 27.2, t_des: 25.8, bed_util_ads: 0.493, bed_util_des: 0.492, des_th: 0.4923900602336803,frac_lost: 0.107, li_recovered:  8.576, time: 0.006186028000229271
L: 0.50, u_super: 0.00967, sec: 566.600, prod: 0.217662, t_ads: 20.2, t_des: 19.4, bed_util_ads: 0.492, bed_util_des: 0.492, des_th: 0.4916770666548254,frac_lost: 0.105, li_recovered:  8.619, time: 0.006680107999272877
L: 0.50, u_super: 0.00089 — INFEASIBLE (li_recovered=0.000e+00), time: 0.004432256000654888
L: 27.74, u_super: 0.00365 — INFEASIBLE (li_recovered=0.000e+00), time: 0.0012154530013503972
L: 0.50, u_super: 0.00264, sec: 142.336, prod: 0.058685, t_ads: 72.9, t_des: 64.3, bed_util_ads: 0.499, bed_util_des: 0.498, des_th: 0.4983185726237951,frac_lost: 0.101, li_recovered:  8.050, time: 0.007682910998482839
L: 14.56, u_super: 0.00970 — INFEASIBLE (li_recovered=0.000e+00), time: 0.003825015000984422
L: 0.50, u_super: 0.00809, sec: 461.791, prod: 0.183236, t_ads: 24.1, t_des: 21.6, bed_util_ads: 0.500, bed_util_des: 0.500, des_th: 0.49996495312846445,frac_lost: 0.105, li_recovered:  8.383, time: 0.00740737399974023
L: 0.50, u_super: 0.00920, sec: 537.400, prod: 0.206424, t_ads: 21.2, t_des: 20.7, bed_util_ads: 0.490, bed_util_des: 0.490, des_th: 0.4897920743193073,frac_lost: 0.103, li_recovered:  8.637, time: 0.007291236999662942
L: 15.06, u_super: 0.00316 — INFEASIBLE (li_recovered=0.000e+00), time: 0.002155210000637453
L: 0.50, u_super: 0.00428, sec: 234.093, prod: 0.095942, t_ads: 45.4, t_des: 43.1, bed_util_ads: 0.491, bed_util_des: 0.491, des_th: 0.49089140179995233,frac_lost: 0.104, li_recovered:  8.489, time: 0.008231715999500011
L: 0.50, u_super: 0.00914, sec: 528.587, prod: 0.206896, t_ads: 21.4, t_des: 19.8, bed_util_ads: 0.496, bed_util_des: 0.496, des_th: 0.4962047183603563,frac_lost: 0.105, li_recovered:  8.526, time: 0.008241781000833726
L: 0.50, u_super: 0.00965, sec: 560.437, prod: 0.218722, t_ads: 20.2, t_des: 18.3, bed_util_ads: 0.499, bed_util_des: 0.499, des_th: 0.4987532370437107,frac_lost: 0.105, li_recovered:  8.438, time: 0.007179668000389938
L: 0.50, u_super: 0.00264, sec: 142.427, prod: 0.058648, t_ads: 73.0, t_des: 64.2, bed_util_ads: 0.499, bed_util_des: 0.498, des_th: 0.4983088889025327,frac_lost: 0.102, li_recovered:  8.048, time: 0.007848266999644693
L: 0.50, u_super: 0.00106 — INFEASIBLE (li_recovered=0.000e+00), time: 0.004222108000249136
L: 0.50, u_super: 0.00613, sec: 344.478, prod: 0.137363, t_ads: 31.8, t_des: 30.8, bed_util_ads: 0.490, bed_util_des: 0.490, des_th: 0.4896653039976384,frac_lost: 0.104, li_recovered:  8.589, time: 0.008801793001111946
L: 0.50, u_super: 0.00365, sec: 198.222, prod: 0.081707, t_ads: 53.2, t_des: 47.2, bed_util_ads: 0.499, bed_util_des: 0.499, des_th: 0.4990906580959183,frac_lost: 0.105, li_recovered:  8.207, time: 0.005957542000032845
L: 0.50, u_super: 0.00645, sec: 360.274, prod: 0.145948, t_ads: 30.1, t_des: 27.2, bed_util_ads: 0.499, bed_util_des: 0.499, des_th: 0.4986015096139541,frac_lost: 0.102, li_recovered:  8.366, time: 0.006841370999609353
L: 0.50, u_super: 0.00802, sec: 456.947, prod: 0.181645, t_ads: 24.3, t_des: 22.1, bed_util_ads: 0.499, bed_util_des: 0.499, des_th: 0.49916293936148093,frac_lost: 0.105, li_recovered:  8.439, time: 0.008445781999398605
L: 0.50, u_super: 0.00222, sec: 120.382, prod: 0.049062, t_ads: 86.7, t_des: 75.5, bed_util_ads: 0.499, bed_util_des: 0.498, des_th: 0.49851141576252833,frac_lost: 0.106, li_recovered:  7.958, time: 0.007315525999729289
L: 0.50, u_super: 0.00312, sec: 168.340, prod: 0.070115, t_ads: 61.7, t_des: 56.9, bed_util_ads: 0.493, bed_util_des: 0.492, des_th: 0.4923071937139491,frac_lost: 0.101, li_recovered:  8.316, time: 0.006404140000086045
L: 0.50, u_super: 0.00640, sec: 360.397, prod: 0.143792, t_ads: 30.3, t_des: 29.4, bed_util_ads: 0.490, bed_util_des: 0.490, des_th: 0.48978082925550315,frac_lost: 0.102, li_recovered:  8.586, time: 0.007180730999607476
L: 0.50, u_super: 0.00990, sec: 576.258, prod: 0.224719, t_ads: 19.7, t_des: 17.9, bed_util_ads: 0.499, bed_util_des: 0.499, des_th: 0.49854281118675053,frac_lost: 0.103, li_recovered:  8.444, time: 0.00641779800025688
   216 |     8640 |     40 |  0.0035348604 |             f
L: 0.50, u_super: 0.00533, sec: 295.811, prod: 0.119693, t_ads: 36.4, t_des: 35.0, bed_util_ads: 0.490, bed_util_des: 0.490, des_th: 0.4897030764719401,frac_lost: 0.103, li_recovered:  8.549, time: 0.00623917500161042
L: 0.50, u_super: 0.00163, sec: 88.540, prod: 0.035394, t_ads: 117.7, t_des: 101.6, bed_util_ads: 0.497, bed_util_des: 0.496, des_th: 0.49620411280248133,frac_lost: 0.105, li_recovered:  7.761, time: 0.0057886800004780525
L: 0.50, u_super: 0.00633, sec: 356.050, prod: 0.142047, t_ads: 30.7, t_des: 29.8, bed_util_ads: 0.490, bed_util_des: 0.490, des_th: 0.4899115280238782,frac_lost: 0.101, li_recovered:  8.589, time: 0.004681345999415498
L: 0.50, u_super: 0.00185, sec: 99.706, prod: 0.040963, t_ads: 103.0, t_des: 99.2, bed_util_ads: 0.484, bed_util_des: 0.483, des_th: 0.4831302281511843,frac_lost: 0.100, li_recovered:  8.284, time: 0.006295544000749942
L: 0.50, u_super: 0.00348, sec: 188.651, prod: 0.077901, t_ads: 55.8, t_des: 49.8, bed_util_ads: 0.498, bed_util_des: 0.498, des_th: 0.4980243636003632,frac_lost: 0.106, li_recovered:  8.231, time: 0.004407604999869363
L: 0.50, u_super: 0.00390, sec: 357.302, prod: 0.051960, t_ads: 49.8, t_des: 117.3, bed_util_ads: 0.378, bed_util_des: 0.376, des_th: 0.37552377058664255,frac_lost: 0.100, li_recovered:  8.682, time: 0.010078289000375662
L: 2.18, u_super: 0.00326 — INFEASIBLE (li_recovered=0.000e+00), time: 0.003587756000342779
L: 0.50, u_super: 0.00163, sec: 87.519, prod: 0.035828, t_ads: 117.4, t_des: 106.8, bed_util_ads: 0.490, bed_util_des: 0.490, des_th: 0.48961196903245635,frac_lost: 0.103, li_recovered:  8.031, time: 0.006794994000301813
L: 0.50, u_super: 0.00277, sec: 150.002, prod: 0.061625, t_ads: 69.7, t_des: 61.1, bed_util_ads: 0.499, bed_util_des: 0.498, des_th: 0.4983088889025327,frac_lost: 0.104, li_recovered:  8.057, time: 0.004067174999363488
L: 0.50, u_super: 0.00005, sec: 4.357, prod: 0.000674, t_ads: 3371.4, t_des: 5687.5, bed_util_ads: 0.253, bed_util_des: 0.187, des_th: 0.18766412014435624,frac_lost: 0.101, li_recovered:  6.102, time: 0.006297406000157935
L: 0.50, u_super: 0.00264, sec: 142.872, prod: 0.058465, t_ads: 73.1, t_des: 63.5, bed_util_ads: 0.500, bed_util_des: 0.500, des_th: 0.4999729361404168,frac_lost: 0.103, li_recovered:  7.987, time: 0.007296707999557839
L: 0.50, u_super: 0.00770, sec: 436.191, prod: 0.174643, t_ads: 25.2, t_des: 22.8, bed_util_ads: 0.500, bed_util_des: 0.500, des_th: 0.4999877032057623,frac_lost: 0.101, li_recovered:  8.376, time: 0.00600193200079957
L: 0.50, u_super: 0.00124, sec: 67.358, prod: 0.026752, t_ads: 153.6, t_des: 135.9, bed_util_ads: 0.490, bed_util_des: 0.489, des_th: 0.4895172625347017,frac_lost: 0.105, li_recovered:  7.746, time: 0.003558537999197142
L: 0.50, u_super: 0.00826, sec: 472.227, prod: 0.186840, t_ads: 23.7, t_des: 21.7, bed_util_ads: 0.498, bed_util_des: 0.497, des_th: 0.49744986208150077,frac_lost: 0.106, li_recovered:  8.486, time: 0.003778931000852026
L: 8.76, u_super: 0.00953 — INFEASIBLE (li_recovered=0.000e+00), time: 0.00289576099930855
L: 0.50, u_super: 0.00625, sec: 349.803, prod: 0.140672, t_ads: 31.1, t_des: 29.8, bed_util_ads: 0.492, bed_util_des: 0.492, des_th: 0.4916770666548254,frac_lost: 0.102, li_recovered:  8.558, time: 0.004685828000219772
L: 0.50, u_super: 0.00796, sec: 452.724, prod: 0.180297, t_ads: 24.4, t_des: 21.8, bed_util_ads: 0.500, bed_util_des: 0.500, des_th: 0.4999947875602233,frac_lost: 0.101, li_recovered:  8.333, time: 0.005095393000374315
L: 23.26, u_super: 0.00005 — INFEASIBLE (li_recovered=0.000e+00), time: 0.0009237300000677351
L: 0.50, u_super: 0.00068, sec: 37.931, prod: 0.014259, t_ads: 273.0, t_des: 258.6, bed_util_ads: 0.472, bed_util_des: 0.470, des_th: 0.4697933373645079,frac_lost: 0.106, li_recovered:  7.579, time: 0.004659318999983952
L: 0.50, u_super: 0.00774, sec: 440.554, prod: 0.174907, t_ads: 25.3, t_des: 22.6, bed_util_ads: 0.500, bed_util_des: 0.500, des_th: 0.4999909710605238,frac_lost: 0.108, li_recovered:  8.384, time: 0.004882862000158639
L: 0.50, u_super: 0.00914, sec: 528.391, prod: 0.206972, t_ads: 21.4, t_des: 19.8, bed_util_ads: 0.496, bed_util_des: 0.496, des_th: 0.49556357831092546,frac_lost: 0.105, li_recovered:  8.522, time: 0.0041285499992227415
L: 11.50, u_super: 0.00613 — INFEASIBLE (li_recovered=0.000e+00), time: 0.001959184999577701
L: 0.50, u_super: 0.00990, sec: 576.428, prod: 0.224649, t_ads: 19.7, t_des: 17.9, bed_util_ads: 0.499, bed_util_des: 0.499, des_th: 0.49933347374132664,frac_lost: 0.104, li_recovered:  8.447, time: 0.00378977800028224
L: 0.50, u_super: 0.00837, sec: 479.500, prod: 0.189320, t_ads: 23.4, t_des: 21.2, bed_util_ads: 0.500, bed_util_des: 0.499, des_th: 0.4994480273028321,frac_lost: 0.108, li_recovered:  8.444, time: 0.0037035770001239143
L: 0.50, u_super: 0.00024 — INFEASIBLE (li_recovered=0.000e+00), time: 0.0017282549997617025
L: 0.50, u_super: 0.00124, sec: 67.296, prod: 0.026848, t_ads: 153.6, t_des: 137.2, bed_util_ads: 0.490, bed_util_des: 0.489, des_th: 0.4895172625347017,frac_lost: 0.106, li_recovered:  7.808, time: 0.004122222999285441
L: 10.17, u_super: 0.00698 — INFEASIBLE (li_recovered=0.000e+00), time: 0.0033455310003773775
L: 0.50, u_super: 0.00683, sec: 591.359, prod: 0.100359, t_ads: 28.5, t_des: 58.3, bed_util_ads: 0.398, bed_util_des: 0.396, des_th: 0.3963881407317327,frac_lost: 0.102, li_recovered:  8.717, time: 0.00612403900049685
L: 0.50, u_super: 0.00506, sec: 278.304, prod: 0.114279, t_ads: 38.3, t_des: 34.7, bed_util_ads: 0.498, bed_util_des: 0.498, des_th: 0.4981975584752568,frac_lost: 0.102, li_recovered:  8.339, time: 0.003646388999186456
L: 0.50, u_super: 0.00683, sec: 384.445, prod: 0.154144, t_ads: 28.7, t_des: 25.7, bed_util_ads: 0.500, bed_util_des: 0.500, des_th: 0.4999925788636532,frac_lost: 0.109, li_recovered:  8.387, time: 0.004415921001054812
L: 0.50, u_super: 0.00026, sec: 17.627, prod: 0.004498, t_ads: 672.1, t_des: 891.8, bed_util_ads: 0.392, bed_util_des: 0.377, des_th: 0.3770306329092895,frac_lost: 0.104, li_recovered:  7.034, time: 0.004509922000579536
L: 0.50, u_super: 0.00416, sec: 226.965, prod: 0.093381, t_ads: 46.8, t_des: 43.7, bed_util_ads: 0.492, bed_util_des: 0.492, des_th: 0.4921655578250546,frac_lost: 0.105, li_recovered:  8.449, time: 0.005845155001225066
L: 5.77, u_super: 0.00442 — INFEASIBLE (li_recovered=0.000e+00), time: 0.002933403000497492
L: 0.50, u_super: 0.00203, sec: 110.353, prod: 0.044353, t_ads: 94.4, t_des: 80.7, bed_util_ads: 0.499, bed_util_des: 0.499, des_th: 0.4992412513043888,frac_lost: 0.102, li_recovered:  7.769, time: 0.004439085998455994
L: 0.50, u_super: 0.00355, sec: 212.800, prod: 0.071829, t_ads: 54.8, t_des: 65.2, bed_util_ads: 0.462, bed_util_des: 0.461, des_th: 0.4611763858675475,frac_lost: 0.104, li_recovered:  8.615, time: 0.006395395999788889
L: 0.50, u_super: 0.00163, sec: 89.411, prod: 0.035049, t_ads: 117.4, t_des: 121.2, bed_util_ads: 0.475, bed_util_des: 0.473, des_th: 0.47335455729940723,frac_lost: 0.101, li_recovered:  8.361, time: 0.004685939999035327
L: 0.50, u_super: 0.00826, sec: 517.034, prod: 0.170645, t_ads: 23.7, t_des: 27.4, bed_util_ads: 0.468, bed_util_des: 0.468, des_th: 0.4680029252197921,frac_lost: 0.105, li_recovered:  8.706, time: 0.006330907001029118
L: 0.50, u_super: 0.00502, sec: 276.361, prod: 0.113088, t_ads: 38.7, t_des: 34.6, bed_util_ads: 0.500, bed_util_des: 0.500, des_th: 0.4999535097402547,frac_lost: 0.104, li_recovered:  8.290, time: 0.004443853000339004
L: 0.50, u_super: 0.00428, sec: 233.742, prod: 0.096086, t_ads: 45.5, t_des: 40.5, bed_util_ads: 0.499, bed_util_des: 0.499, des_th: 0.49872577419553227,frac_lost: 0.105, li_recovered:  8.262, time: 0.005159864000233938
L: 0.50, u_super: 0.00077 — INFEASIBLE (li_recovered=0.000e+00), time: 0.003938940999432816
   217 |     8680 |     40 |  0.0018007159 |             f
L: 0.50, u_super: 0.00005, sec: 4.354, prod: 0.000674, t_ads: 3413.8, t_des: 5822.0, bed_util_ads: 0.253, bed_util_des: 0.185, des_th: 0.1851696623157332,frac_lost: 0.102, li_recovered:  6.225, time: 0.006986627000515
L: 0.50, u_super: 0.00826, sec: 472.322, prod: 0.186799, t_ads: 23.7, t_des: 21.5, bed_util_ads: 0.498, bed_util_des: 0.498, des_th: 0.49800198229350334,frac_lost: 0.107, li_recovered:  8.451, time: 0.005588358999375487
L: 0.50, u_super: 0.00879, sec: 508.506, prod: 0.198058, t_ads: 22.3, t_des: 21.1, bed_util_ads: 0.493, bed_util_des: 0.493, des_th: 0.4925509610493577,frac_lost: 0.106, li_recovered:  8.591, time: 0.006685188000119524
L: 0.50, u_super: 0.00415, sec: 226.188, prod: 0.093266, t_ads: 46.8, t_des: 41.9, bed_util_ads: 0.499, bed_util_des: 0.498, des_th: 0.4983653283629064,frac_lost: 0.104, li_recovered:  8.270, time: 0.004228406000038376
L: 0.50, u_super: 0.00891, sec: 517.169, prod: 0.200180, t_ads: 21.9, t_des: 21.1, bed_util_ads: 0.491, bed_util_des: 0.491, des_th: 0.49104061677136035,frac_lost: 0.105, li_recovered:  8.617, time: 0.006454004000261193
L: 0.50, u_super: 0.00163, sec: 88.035, prod: 0.035619, t_ads: 117.3, t_des: 103.2, bed_util_ads: 0.495, bed_util_des: 0.495, des_th: 0.4948503126373922,frac_lost: 0.103, li_recovered:  7.856, time: 0.004497421001360635
L: 0.50, u_super: 0.00744, sec: 420.415, prod: 0.168507, t_ads: 26.1, t_des: 23.3, bed_util_ads: 0.500, bed_util_des: 0.500, des_th: 0.49982417396176226,frac_lost: 0.101, li_recovered:  8.329, time: 0.004947913999785669
L: 0.50, u_super: 0.00055 — INFEASIBLE (li_recovered=0.000e+00), time: 0.0031909689987514867
L: 0.50, u_super: 0.00990, sec: 576.743, prod: 0.224532, t_ads: 19.7, t_des: 17.7, bed_util_ads: 0.500, bed_util_des: 0.500, des_th: 0.49978217031870575,frac_lost: 0.104, li_recovered:  8.397, time: 0.004732135999802267
L: 0.50, u_super: 0.00010, sec: 9.683, prod: 0.001116, t_ads: 1984.5, t_des: 5120.4, bed_util_ads: 0.260, bed_util_des: 0.185, des_th: 0.1851696623157332,frac_lost: 0.103, li_recovered:  7.927, time: 0.010522362999836332
L: 0.50, u_super: 0.00744, sec: 419.904, prod: 0.168715, t_ads: 26.1, t_des: 23.6, bed_util_ads: 0.499, bed_util_des: 0.499, des_th: 0.4987813354028432,frac_lost: 0.100, li_recovered:  8.375, time: 0.004626318999726209
L: 0.50, u_super: 0.00536, sec: 296.731, prod: 0.120435, t_ads: 36.2, t_des: 34.8, bed_util_ads: 0.490, bed_util_des: 0.490, des_th: 0.4900259206337676,frac_lost: 0.101, li_recovered:  8.541, time: 0.004124380000575911
L: 0.50, u_super: 0.00621, sec: 345.789, prod: 0.140371, t_ads: 31.3, t_des: 28.0, bed_util_ads: 0.500, bed_util_des: 0.500, des_th: 0.499544687839398,frac_lost: 0.101, li_recovered:  8.319, time: 0.004371757999251713
L: 0.50, u_super: 0.00653, sec: 365.219, prod: 0.147730, t_ads: 29.7, t_des: 26.6, bed_util_ads: 0.500, bed_util_des: 0.500, des_th: 0.49960177024511215,frac_lost: 0.102, li_recovered:  8.324, time: 0.005331514999852516
L: 0.50, u_super: 0.00990, sec: 576.597, prod: 0.224583, t_ads: 19.7, t_des: 17.9, bed_util_ads: 0.500, bed_util_des: 0.499, des_th: 0.4994386412615909,frac_lost: 0.104, li_recovered:  8.458, time: 0.0061009849996480625
L: 0.50, u_super: 0.00582, sec: 322.460, prod: 0.131667, t_ads: 33.3, t_des: 30.2, bed_util_ads: 0.498, bed_util_des: 0.498, des_th: 0.49816314923619537,frac_lost: 0.101, li_recovered:  8.361, time: 0.005471301001307438
L: 0.50, u_super: 0.00589, sec: 329.391, prod: 0.131999, t_ads: 33.0, t_des: 32.0, bed_util_ads: 0.490, bed_util_des: 0.490, des_th: 0.4896653039976384,frac_lost: 0.103, li_recovered:  8.579, time: 0.005592121000518091
L: 0.50, u_super: 0.00944, sec: 580.402, prod: 0.201596, t_ads: 20.7, t_des: 22.5, bed_util_ads: 0.476, bed_util_des: 0.476, des_th: 0.47571028157374945,frac_lost: 0.103, li_recovered:  8.708, time: 0.006709525998303434
L: 0.50, u_super: 0.00365, sec: 198.125, prod: 0.081749, t_ads: 53.4, t_des: 48.3, bed_util_ads: 0.498, bed_util_des: 0.497, des_th: 0.49747967588844233,frac_lost: 0.108, li_recovered:  8.314, time: 0.0067744670013780706
L: 34.95, u_super: 0.00322 — INFEASIBLE (li_recovered=0.000e+00), time: 0.0012466330008464865
L: 0.50, u_super: 0.00580, sec: 343.760, prod: 0.122575, t_ads: 33.5, t_des: 37.3, bed_util_ads: 0.472, bed_util_des: 0.471, des_th: 0.4713403334654007,frac_lost: 0.101, li_recovered:  8.666, time: 0.008220968000387074
L: 0.50, u_super: 0.00452, sec: 247.273, prod: 0.101662, t_ads: 43.1, t_des: 39.4, bed_util_ads: 0.497, bed_util_des: 0.496, des_th: 0.4962807018246737,frac_lost: 0.106, li_recovered:  8.385, time: 0.005050911000580527
L: 26.48, u_super: 0.00153 — INFEASIBLE (li_recovered=0.000e+00), time: 0.0010779610001918627
L: 0.50, u_super: 0.00796, sec: 453.765, prod: 0.179883, t_ads: 24.6, t_des: 22.3, bed_util_ads: 0.499, bed_util_des: 0.499, des_th: 0.4985078350025003,frac_lost: 0.108, li_recovered:  8.447, time: 0.005990174000544357
L: 0.50, u_super: 0.00633, sec: 353.248, prod: 0.143157, t_ads: 30.7, t_des: 27.4, bed_util_ads: 0.500, bed_util_des: 0.500, des_th: 0.4999627684967338,frac_lost: 0.101, li_recovered:  8.308, time: 0.007886527999289683
L: 34.57, u_super: 0.00966 — INFEASIBLE (li_recovered=0.000e+00), time: 0.0026426389995322097
L: 0.50, u_super: 0.00671, sec: 375.877, prod: 0.151967, t_ads: 28.9, t_des: 25.9, bed_util_ads: 0.500, bed_util_des: 0.500, des_th: 0.4997127948459911,frac_lost: 0.100, li_recovered:  8.320, time: 0.0065219409989367705
L: 0.50, u_super: 0.00132, sec: 71.699, prod: 0.028781, t_ads: 143.4, t_des: 128.1, bed_util_ads: 0.490, bed_util_des: 0.489, des_th: 0.4895172625347017,frac_lost: 0.103, li_recovered:  7.815, time: 0.00673304199881386
L: 0.50, u_super: 0.00879, sec: 505.911, prod: 0.199074, t_ads: 22.3, t_des: 20.1, bed_util_ads: 0.499, bed_util_des: 0.499, des_th: 0.49924788296174316,frac_lost: 0.106, li_recovered:  8.440, time: 0.006769810999685433
L: 0.50, u_super: 0.00966, sec: 561.349, prod: 0.219199, t_ads: 20.2, t_des: 18.3, bed_util_ads: 0.500, bed_util_des: 0.500, des_th: 0.4999287043683298,frac_lost: 0.104, li_recovered:  8.439, time: 0.0072722770000837045
L: 0.50, u_super: 0.00979, sec: 569.713, prod: 0.221787, t_ads: 20.0, t_des: 17.9, bed_util_ads: 0.500, bed_util_des: 0.500, des_th: 0.49997353707841335,frac_lost: 0.105, li_recovered:  8.396, time: 0.004991661999156349
L: 0.50, u_super: 0.00449, sec: 245.835, prod: 0.101141, t_ads: 43.3, t_des: 39.5, bed_util_ads: 0.496, bed_util_des: 0.496, des_th: 0.49598708210888914,frac_lost: 0.106, li_recovered:  8.379, time: 0.006233805999727338
L: 11.90, u_super: 0.00620 — INFEASIBLE (li_recovered=0.000e+00), time: 0.0031034109997563064
L: 0.50, u_super: 0.00861, sec: 494.825, prod: 0.194774, t_ads: 22.8, t_des: 20.7, bed_util_ads: 0.500, bed_util_des: 0.499, des_th: 0.49943967760028557,frac_lost: 0.108, li_recovered:  8.459, time: 0.005643395999868517
L: 0.50, u_super: 0.00787, sec: 446.465, prod: 0.178445, t_ads: 24.7, t_des: 22.3, bed_util_ads: 0.500, bed_util_des: 0.500, des_th: 0.4999676785013935,frac_lost: 0.100, li_recovered:  8.374, time: 0.00579468099931546
L: 0.50, u_super: 0.00025 — INFEASIBLE (li_recovered=0.000e+00), time: 0.003364035001141019
L: 0.50, u_super: 0.00848, sec: 546.151, prod: 0.170854, t_ads: 23.0, t_des: 28.0, bed_util_ads: 0.462, bed_util_des: 0.461, des_th: 0.461166573528124,frac_lost: 0.103, li_recovered:  8.708, time: 0.0057462980003037956
L: 9.52, u_super: 0.00178 — INFEASIBLE (li_recovered=0.000e+00), time: 0.003006138000273495
L: 0.50, u_super: 0.00482, sec: 264.872, prod: 0.108711, t_ads: 40.3, t_des: 37.3, bed_util_ads: 0.496, bed_util_des: 0.495, des_th: 0.49550886144987943,frac_lost: 0.104, li_recovered:  8.438, time: 0.004738063000331749
L: 0.50, u_super: 0.00611, sec: 340.101, prod: 0.138324, t_ads: 31.7, t_des: 28.5, bed_util_ads: 0.500, bed_util_des: 0.500, des_th: 0.49982199298899227,frac_lost: 0.101, li_recovered:  8.327, time: 0.00781270500010578
   218 |     8720 |     40 |  0.0038333180 |             f
L: 0.83, u_super: 0.00011 — INFEASIBLE (li_recovered=0.000e+00), time: 0.0023824569998396328
L: 0.50, u_super: 0.00770, sec: 437.634, prod: 0.173903, t_ads: 25.5, t_des: 23.0, bed_util_ads: 0.499, bed_util_des: 0.499, des_th: 0.49878389124017297,frac_lost: 0.109, li_recovered:  8.433, time: 0.0056368670011579525
L: 0.50, u_super: 0.00819, sec: 468.601, prod: 0.185213, t_ads: 23.9, t_des: 21.9, bed_util_ads: 0.498, bed_util_des: 0.497, des_th: 0.49744986208150077,frac_lost: 0.108, li_recovered:  8.488, time: 0.00591436399918166
L: 0.50, u_super: 0.00379, sec: 206.467, prod: 0.084990, t_ads: 51.4, t_des: 45.8, bed_util_ads: 0.498, bed_util_des: 0.498, des_th: 0.49803179610044485,frac_lost: 0.108, li_recovered:  8.258, time: 0.00629598200066539
L: 0.50, u_super: 0.00983, sec: 571.965, prod: 0.222905, t_ads: 19.9, t_des: 18.0, bed_util_ads: 0.500, bed_util_des: 0.500, des_th: 0.4996024378994722,frac_lost: 0.104, li_recovered:  8.451, time: 0.005809421998492326
L: 0.50, u_super: 0.00061, sec: 34.506, prod: 0.012627, t_ads: 301.0, t_des: 277.3, bed_util_ads: 0.473, bed_util_des: 0.471, des_th: 0.47105171135738666,frac_lost: 0.106, li_recovered:  7.303, time: 0.005063505999714835
L: 0.50, u_super: 0.00430, sec: 235.281, prod: 0.096714, t_ads: 45.2, t_des: 40.3, bed_util_ads: 0.499, bed_util_des: 0.499, des_th: 0.4987204910390625,frac_lost: 0.106, li_recovered:  8.273, time: 0.004406787998959771
L: 0.50, u_super: 0.00264, sec: 142.920, prod: 0.058445, t_ads: 73.0, t_des: 63.4, bed_util_ads: 0.500, bed_util_des: 0.499, des_th: 0.49933749884817225,frac_lost: 0.103, li_recovered:  7.975, time: 0.004271363000952988
L: 0.50, u_super: 0.00477, sec: 261.537, prod: 0.107430, t_ads: 40.8, t_des: 37.7, bed_util_ads: 0.496, bed_util_des: 0.496, des_th: 0.4956275265822281,frac_lost: 0.104, li_recovered:  8.427, time: 0.00663033999990148
L: 0.50, u_super: 0.00863, sec: 495.441, prod: 0.195261, t_ads: 22.7, t_des: 20.6, bed_util_ads: 0.500, bed_util_des: 0.499, des_th: 0.4994405974380169,frac_lost: 0.107, li_recovered:  8.446, time: 0.0054417400006059324
L: 0.50, u_super: 0.00579, sec: 355.292, prod: 0.118196, t_ads: 33.5, t_des: 39.8, bed_util_ads: 0.464, bed_util_des: 0.463, des_th: 0.46291433252477737,frac_lost: 0.102, li_recovered:  8.673, time: 0.005854658000316704
L: 18.62, u_super: 0.00220 — INFEASIBLE (li_recovered=0.000e+00), time: 0.0015150979997997638
L: 0.50, u_super: 0.00917, sec: 529.711, prod: 0.207612, t_ads: 21.3, t_des: 19.3, bed_util_ads: 0.500, bed_util_des: 0.499, des_th: 0.49942132725883337,frac_lost: 0.106, li_recovered:  8.447, time: 0.005596979999609175
L: 0.50, u_super: 0.00161, sec: 86.655, prod: 0.035429, t_ads: 118.7, t_des: 107.9, bed_util_ads: 0.490, bed_util_des: 0.490, des_th: 0.48971345416526746,frac_lost: 0.104, li_recovered:  8.027, time: 0.004923849999613594
L: 0.50, u_super: 0.00506, sec: 278.642, prod: 0.114140, t_ads: 38.4, t_des: 34.7, bed_util_ads: 0.498, bed_util_des: 0.498, des_th: 0.4981975584752568,frac_lost: 0.105, li_recovered:  8.349, time: 0.006461773000410176
L: 0.50, u_super: 0.00089, sec: 50.164, prod: 0.018422, t_ads: 211.7, t_des: 227.1, bed_util_ads: 0.461, bed_util_des: 0.458, des_th: 0.4577055698771556,frac_lost: 0.103, li_recovered:  8.082, time: 0.0074297900009696605
L: 22.59, u_super: 0.00536 — INFEASIBLE (li_recovered=0.000e+00), time: 0.0017708280010992894
L: 0.50, u_super: 0.00005, sec: 4.485, prod: 0.000654, t_ads: 3051.1, t_des: 4636.7, bed_util_ads: 0.256, bed_util_des: 0.207, des_th: 0.20660225231009466,frac_lost: 0.101, li_recovered:  5.030, time: 0.004992650001440779
L: 0.50, u_super: 0.00671, sec: 376.182, prod: 0.151843, t_ads: 28.9, t_des: 25.8, bed_util_ads: 0.500, bed_util_des: 0.500, des_th: 0.4997610881358572,frac_lost: 0.101, li_recovered:  8.314, time: 0.00637776199982909
L: 0.50, u_super: 0.00878, sec: 4516.173, prod: 0.022213, t_ads: 22.3, t_des: 372.9, bed_util_ads: 0.188, bed_util_des: 0.185, des_th: 0.1851696623157332,frac_lost: 0.103, li_recovered:  8.780, time: 0.03467391400045017
L: 123.60, u_super: 0.00505 — INFEASIBLE (li_recovered=0.000e+00), time: 0.001029069999276544
L: 0.50, u_super: 0.00298, sec: 160.491, prod: 0.066764, t_ads: 64.7, t_des: 59.7, bed_util_ads: 0.493, bed_util_des: 0.492, des_th: 0.4923071937139491,frac_lost: 0.102, li_recovered:  8.310, time: 0.004961164999258472
L: 28.81, u_super: 0.00685 — INFEASIBLE (li_recovered=0.000e+00), time: 0.002065681001113262
L: 0.50, u_super: 0.00653, sec: 364.817, prod: 0.147893, t_ads: 29.7, t_des: 26.9, bed_util_ads: 0.499, bed_util_des: 0.499, des_th: 0.49875256903872595,frac_lost: 0.101, li_recovered:  8.379, time: 0.0059423620004963595
L: 0.50, u_super: 0.00665, sec: 371.900, prod: 0.150471, t_ads: 29.2, t_des: 26.5, bed_util_ads: 0.499, bed_util_des: 0.499, des_th: 0.49916143975922267,frac_lost: 0.102, li_recovered:  8.381, time: 0.006887843999720644
L: 12.24, u_super: 0.00975 — INFEASIBLE (li_recovered=0.000e+00), time: 0.005420970001068781
L: 0.50, u_super: 0.00259, sec: 139.533, prod: 0.057855, t_ads: 74.4, t_des: 69.4, bed_util_ads: 0.491, bed_util_des: 0.491, des_th: 0.4906404026684287,frac_lost: 0.104, li_recovered:  8.320, time: 0.004838683000343735
L: 10.55, u_super: 0.00260 — INFEASIBLE (li_recovered=0.000e+00), time: 0.002099919998727273
L: 0.50, u_super: 0.00326, sec: 176.854, prod: 0.072907, t_ads: 59.0, t_des: 51.9, bed_util_ads: 0.499, bed_util_des: 0.499, des_th: 0.4989278047712119,frac_lost: 0.100, li_recovered:  8.089, time: 0.004850678998991498
L: 0.50, u_super: 0.00754, sec: 426.129, prod: 0.171058, t_ads: 25.7, t_des: 23.3, bed_util_ads: 0.499, bed_util_des: 0.499, des_th: 0.4987813354028432,frac_lost: 0.100, li_recovered:  8.382, time: 0.00656875200002105
L: 0.50, u_super: 0.00249, sec: 134.656, prod: 0.055196, t_ads: 77.6, t_des: 68.0, bed_util_ads: 0.499, bed_util_des: 0.499, des_th: 0.4987692179119855,frac_lost: 0.106, li_recovered:  8.036, time: 0.0047185889998218045
L: 0.50, u_super: 0.00322, sec: 174.494, prod: 0.071732, t_ads: 60.5, t_des: 53.4, bed_util_ads: 0.500, bed_util_des: 0.500, des_th: 0.49957012826886416,frac_lost: 0.108, li_recovered:  8.169, time: 0.005728158999772859
L: 17.33, u_super: 0.00068 — INFEASIBLE (li_recovered=0.000e+00), time: 0.0009990559992729686
L: 0.50, u_super: 0.00482, sec: 270.674, prod: 0.106380, t_ads: 40.2, t_des: 40.8, bed_util_ads: 0.484, bed_util_des: 0.483, des_th: 0.4834012901566585,frac_lost: 0.102, li_recovered:  8.612, time: 0.006527153000206454
L: 0.50, u_super: 0.00185, sec: 99.591, prod: 0.041011, t_ads: 103.1, t_des: 98.3, bed_util_ads: 0.485, bed_util_des: 0.484, des_th: 0.48436471082072463,frac_lost: 0.101, li_recovered:  8.257, time: 0.007663972000955255
L: 1.52, u_super: 0.00054 — INFEASIBLE (li_recovered=0.000e+00), time: 0.0027926580005441792
L: 0.50, u_super: 0.00633, sec: 353.125, prod: 0.143204, t_ads: 30.6, t_des: 27.4, bed_util_ads: 0.500, bed_util_des: 0.500, des_th: 0.49982199298899227,frac_lost: 0.101, li_recovered:  8.319, time: 0.005311941999025294
L: 0.50, u_super: 0.00770, sec: 438.125, prod: 0.173872, t_ads: 25.5, t_des: 22.8, bed_util_ads: 0.500, bed_util_des: 0.500, des_th: 0.4999759418210869,frac_lost: 0.109, li_recovered:  8.396, time: 0.005876854000234744
L: 0.50, u_super: 0.00990, sec: 576.701, prod: 0.224529, t_ads: 19.7, t_des: 17.9, bed_util_ads: 0.500, bed_util_des: 0.499, des_th: 0.49942072849583635,frac_lost: 0.105, li_recovered:  8.450, time: 0.004272501000741613
L: 0.50, u_super: 0.00844, sec: 483.942, prod: 0.190934, t_ads: 23.2, t_des: 21.0, bed_util_ads: 0.500, bed_util_des: 0.499, des_th: 0.49944119620101385,frac_lost: 0.108, li_recovered:  8.445, time: 0.006677418999970541
   219 |     8760 |     40 |  0.0015930391 |             f
L: 0.50, u_super: 0.00365, sec: 212.815, prod: 0.076104, t_ads: 53.2, t_des: 59.9, bed_util_ads: 0.469, bed_util_des: 0.468, des_th: 0.4682070752100633,frac_lost: 0.104, li_recovered:  8.612, time: 0.005501659999936237
L: 0.50, u_super: 0.00705, sec: 399.672, prod: 0.158565, t_ads: 27.7, t_des: 26.4, bed_util_ads: 0.493, bed_util_des: 0.493, des_th: 0.4929091540515986,frac_lost: 0.107, li_recovered:  8.576, time: 0.005976643000394688
L: 0.50, u_super: 0.00508, sec: 280.132, prod: 0.114258, t_ads: 38.2, t_des: 36.3, bed_util_ads: 0.492, bed_util_des: 0.492, des_th: 0.49171158439468093,frac_lost: 0.102, li_recovered:  8.513, time: 0.005962990000625723
L: 0.50, u_super: 0.00197, sec: 106.497, prod: 0.043429, t_ads: 98.0, t_des: 93.9, bed_util_ads: 0.485, bed_util_des: 0.484, des_th: 0.48436471082072463,frac_lost: 0.108, li_recovered:  8.334, time: 0.007873713999288157
L: 26.09, u_super: 0.00533 — INFEASIBLE (li_recovered=0.000e+00), time: 0.0022697360000165645
L: 7.96, u_super: 0.00724 — INFEASIBLE (li_recovered=0.000e+00), time: 0.0024753449997660937
L: 0.50, u_super: 0.00203, sec: 110.723, prod: 0.044503, t_ads: 94.0, t_des: 80.3, bed_util_ads: 0.500, bed_util_des: 0.499, des_th: 0.49953569247792257,frac_lost: 0.101, li_recovered:  7.757, time: 0.004773819000547519
L: 0.50, u_super: 0.00974, sec: 4638.277, prod: 0.026960, t_ads: 20.1, t_des: 305.4, bed_util_ads: 0.196, bed_util_des: 0.193, des_th: 0.1928544512165896,frac_lost: 0.102, li_recovered:  8.776, time: 0.03960540200023388
L: 0.50, u_super: 0.00511, sec: 281.117, prod: 0.115310, t_ads: 38.0, t_des: 34.3, bed_util_ads: 0.498, bed_util_des: 0.498, des_th: 0.4981931000773249,frac_lost: 0.103, li_recovered:  8.343, time: 0.004948980000335723
L: 17.81, u_super: 0.00939 — INFEASIBLE (li_recovered=0.000e+00), time: 0.0021074190008221194
L: 22.42, u_super: 0.00681 — INFEASIBLE (li_recovered=0.000e+00), time: 0.0021918689999438357
L: 0.50, u_super: 0.00711, sec: 404.013, prod: 0.159699, t_ads: 27.5, t_des: 26.2, bed_util_ads: 0.493, bed_util_des: 0.493, des_th: 0.4929091540515986,frac_lost: 0.108, li_recovered:  8.585, time: 0.007463887999620056
L: 0.50, u_super: 0.00264, sec: 149.268, prod: 0.055960, t_ads: 73.2, t_des: 79.4, bed_util_ads: 0.472, bed_util_des: 0.471, des_th: 0.4711148252276687,frac_lost: 0.103, li_recovered:  8.540, time: 0.006061988999135792
L: 0.50, u_super: 0.00459, sec: 251.810, prod: 0.103053, t_ads: 42.4, t_des: 40.1, bed_util_ads: 0.492, bed_util_des: 0.492, des_th: 0.4921613091124068,frac_lost: 0.104, li_recovered:  8.495, time: 0.005866739000339294
L: 0.50, u_super: 0.00331, sec: 1448.263, prod: 0.009157, t_ads: 59.4, t_des: 900.2, bed_util_ads: 0.193, bed_util_des: 0.185, des_th: 0.1851696623157332,frac_lost: 0.104, li_recovered:  8.787, time: 0.03763629300010507
L: 0.50, u_super: 0.00333, sec: 181.008, prod: 0.074412, t_ads: 58.4, t_des: 51.5, bed_util_ads: 0.500, bed_util_des: 0.500, des_th: 0.4998050434592926,frac_lost: 0.108, li_recovered:  8.182, time: 0.00624937599968689
L: 0.50, u_super: 0.00203, sec: 110.246, prod: 0.044396, t_ads: 95.2, t_des: 81.7, bed_util_ads: 0.500, bed_util_des: 0.499, des_th: 0.49929500268078353,frac_lost: 0.108, li_recovered:  7.854, time: 0.004138928001339082
L: 65.19, u_super: 0.00110 — INFEASIBLE (li_recovered=0.000e+00), time: 0.0011263230007898528
L: 0.50, u_super: 0.00703, sec: 395.299, prod: 0.159122, t_ads: 27.6, t_des: 24.6, bed_util_ads: 0.500, bed_util_des: 0.500, des_th: 0.4999877032057623,frac_lost: 0.100, li_recovered:  8.313, time: 0.008640076001029229
L: 0.50, u_super: 0.00326, sec: 176.874, prod: 0.072753, t_ads: 59.7, t_des: 52.7, bed_util_ads: 0.499, bed_util_des: 0.499, des_th: 0.4989278047712119,frac_lost: 0.108, li_recovered:  8.173, time: 0.004238105000695214
L: 0.50, u_super: 0.00709, sec: 398.902, prod: 0.160670, t_ads: 27.4, t_des: 24.7, bed_util_ads: 0.499, bed_util_des: 0.499, des_th: 0.49875256903872595,frac_lost: 0.101, li_recovered:  8.374, time: 0.00688734600043972
L: 0.50, u_super: 0.00379, sec: 206.236, prod: 0.085086, t_ads: 51.3, t_des: 45.9, bed_util_ads: 0.499, bed_util_des: 0.498, des_th: 0.49848522621046687,frac_lost: 0.106, li_recovered:  8.264, time: 0.007516786999985925
L: 2.52, u_super: 0.00440 — INFEASIBLE (li_recovered=0.000e+00), time: 0.0037712439989263657
L: 0.50, u_super: 0.00544, sec: 300.734, prod: 0.122832, t_ads: 35.7, t_des: 32.0, bed_util_ads: 0.500, bed_util_des: 0.500, des_th: 0.499899715276622,frac_lost: 0.103, li_recovered:  8.311, time: 0.0068629120014520595
L: 0.50, u_super: 0.00671, sec: 466.195, prod: 0.122525, t_ads: 29.1, t_des: 41.9, bed_util_ads: 0.440, bed_util_des: 0.440, des_th: 0.43955483531421435,frac_lost: 0.105, li_recovered:  8.702, time: 0.008570480000344105
L: 4.89, u_super: 0.00558 — INFEASIBLE (li_recovered=0.000e+00), time: 0.0034209219993499573
L: 0.50, u_super: 0.00263, sec: 142.208, prod: 0.058433, t_ads: 73.3, t_des: 64.4, bed_util_ads: 0.499, bed_util_des: 0.498, des_th: 0.49834285894961095,frac_lost: 0.104, li_recovered:  8.048, time: 0.0061729029985144734
L: 0.50, u_super: 0.00010 — INFEASIBLE (li_recovered=0.000e+00), time: 0.001587478998771985
L: 0.50, u_super: 0.00504, sec: 277.107, prod: 0.113623, t_ads: 38.5, t_des: 34.5, bed_util_ads: 0.500, bed_util_des: 0.500, des_th: 0.49976789728649906,frac_lost: 0.103, li_recovered:  8.299, time: 0.006775709000066854
L: 21.57, u_super: 0.00616 — INFEASIBLE (li_recovered=0.000e+00), time: 0.0017043160005414393
L: 6.08, u_super: 0.00974 — INFEASIBLE (li_recovered=0.000e+00), time: 0.004077874000358861
L: 28.50, u_super: 0.00891 — INFEASIBLE (li_recovered=0.000e+00), time: 0.0019609929986472707
L: 0.50, u_super: 0.00054, sec: 30.934, prod: 0.010828, t_ads: 336.2, t_des: 304.0, bed_util_ads: 0.471, bed_util_des: 0.470, des_th: 0.4697933373645079,frac_lost: 0.101, li_recovered:  6.931, time: 0.006140883999250946
L: 0.50, u_super: 0.00241, sec: 129.768, prod: 0.053737, t_ads: 80.1, t_des: 73.5, bed_util_ads: 0.493, bed_util_des: 0.492, des_th: 0.4923114424265969,frac_lost: 0.106, li_recovered:  8.253, time: 0.011870278000060352
L: 0.50, u_super: 0.00047 — INFEASIBLE (li_recovered=0.000e+00), time: 0.003977166999902693
L: 0.50, u_super: 0.00816, sec: 465.845, prod: 0.184709, t_ads: 24.0, t_des: 21.7, bed_util_ads: 0.498, bed_util_des: 0.498, des_th: 0.4981878449033133,frac_lost: 0.106, li_recovered:  8.437, time: 0.0072868259994720574
L: 0.50, u_super: 0.00132, sec: 71.606, prod: 0.028818, t_ads: 143.2, t_des: 128.4, bed_util_ads: 0.490, bed_util_des: 0.489, des_th: 0.4894406540571593,frac_lost: 0.101, li_recovered:  7.827, time: 0.007754784999633557
L: 0.50, u_super: 0.00057, sec: 144.387, prod: 0.002663, t_ads: 345.2, t_des: 2955.8, bed_util_ads: 0.223, bed_util_des: 0.188, des_th: 0.18837349931042677,frac_lost: 0.104, li_recovered:  8.791, time: 0.04092175400000997
L: 0.50, u_super: 0.00490, sec: 270.473, prod: 0.109872, t_ads: 39.6, t_des: 38.1, bed_util_ads: 0.491, bed_util_des: 0.490, des_th: 0.49025879203425043,frac_lost: 0.103, li_recovered:  8.537, time: 0.008055981999859796
L: 0.50, u_super: 0.00741, sec: 418.101, prod: 0.167962, t_ads: 26.2, t_des: 23.7, bed_util_ads: 0.498, bed_util_des: 0.498, des_th: 0.49825858249028865,frac_lost: 0.101, li_recovered:  8.383, time: 0.008378668000659673
   220 |     8800 |     40 |  0.0029897481 |             f
L: 0.50, u_super: 0.00091, sec: 50.382, prod: 0.019473, t_ads: 205.4, t_des: 183.9, bed_util_ads: 0.485, bed_util_des: 0.484, des_th: 0.48437706089131405,frac_lost: 0.105, li_recovered:  7.579, time: 0.006577793999895221
L: 0.50, u_super: 0.00671, sec: 395.564, prod: 0.144403, t_ads: 29.3, t_des: 30.9, bed_util_ads: 0.479, bed_util_des: 0.479, des_th: 0.4788043701712727,frac_lost: 0.110, li_recovered:  8.685, time: 0.0073760620016400935
L: 0.50, u_super: 0.00796, sec: 452.471, prod: 0.180398, t_ads: 24.4, t_des: 21.8, bed_util_ads: 0.500, bed_util_des: 0.500, des_th: 0.4999948405473177,frac_lost: 0.100, li_recovered:  8.336, time: 0.00546564800060878
L: 0.50, u_super: 0.00417, sec: 227.439, prod: 0.093659, t_ads: 46.6, t_des: 41.7, bed_util_ads: 0.499, bed_util_des: 0.498, des_th: 0.49832093277627104,frac_lost: 0.105, li_recovered:  8.271, time: 0.006018113001118763
L: 0.50, u_super: 0.00544, sec: 300.536, prod: 0.122913, t_ads: 35.6, t_des: 31.9, bed_util_ads: 0.500, bed_util_des: 0.500, des_th: 0.4999938201465913,frac_lost: 0.102, li_recovered:  8.306, time: 0.007368110000243178
L: 0.50, u_super: 0.00222, sec: 120.336, prod: 0.048921, t_ads: 86.2, t_des: 74.6, bed_util_ads: 0.499, bed_util_des: 0.498, des_th: 0.49832322966485626,frac_lost: 0.100, li_recovered:  7.867, time: 0.0063971979998314055
L: 0.50, u_super: 0.00132 — INFEASIBLE (li_recovered=0.000e+00), time: 0.0038731420008843997
L: 0.50, u_super: 0.00827, sec: 2675.860, prod: 0.033099, t_ads: 23.7, t_des: 241.4, bed_util_ads: 0.229, bed_util_des: 0.226, des_th: 0.22589307182035534,frac_lost: 0.105, li_recovered:  8.774, time: 0.02960859400081972
L: 0.50, u_super: 0.00333, sec: 180.744, prod: 0.074374, t_ads: 58.4, t_des: 51.6, bed_util_ads: 0.500, bed_util_des: 0.499, des_th: 0.49942132725883337,frac_lost: 0.107, li_recovered:  8.179, time: 0.00521717300034652
L: 0.50, u_super: 0.00424, sec: 230.958, prod: 0.095359, t_ads: 45.8, t_des: 42.0, bed_util_ads: 0.497, bed_util_des: 0.496, des_th: 0.4963099268428161,frac_lost: 0.104, li_recovered:  8.379, time: 0.0050694589990598615
L: 0.50, u_super: 0.00132, sec: 72.818, prod: 0.028338, t_ads: 143.2, t_des: 121.7, bed_util_ads: 0.496, bed_util_des: 0.495, des_th: 0.4953575280978067,frac_lost: 0.102, li_recovered:  7.507, time: 0.0037736880003649276
L: 0.50, u_super: 0.00230, sec: 137.954, prod: 0.045789, t_ads: 83.9, t_des: 102.4, bed_util_ads: 0.456, bed_util_des: 0.454, des_th: 0.4544114212563466,frac_lost: 0.102, li_recovered:  8.529, time: 0.004202041998723871
L: 0.50, u_super: 0.00819, sec: 468.168, prod: 0.185384, t_ads: 23.9, t_des: 21.4, bed_util_ads: 0.500, bed_util_des: 0.500, des_th: 0.4999826799298705,frac_lost: 0.106, li_recovered:  8.394, time: 0.00447645299936994
L: 0.50, u_super: 0.00529, sec: 292.391, prod: 0.119161, t_ads: 36.6, t_des: 34.8, bed_util_ads: 0.492, bed_util_des: 0.492, des_th: 0.4921655578250546,frac_lost: 0.101, li_recovered:  8.516, time: 0.0035129369989590487
L: 0.50, u_super: 0.00005 — INFEASIBLE (li_recovered=0.000e+00), time: 0.000762633000704227
L: 0.50, u_super: 0.00433, sec: 244.179, prod: 0.094579, t_ads: 44.8, t_des: 46.3, bed_util_ads: 0.481, bed_util_des: 0.480, des_th: 0.48039680969658866,frac_lost: 0.103, li_recovered:  8.614, time: 0.00437076900016109
L: 0.50, u_super: 0.00361, sec: 215.695, prod: 0.073454, t_ads: 53.9, t_des: 63.4, bed_util_ads: 0.463, bed_util_des: 0.462, des_th: 0.46245210018574956,frac_lost: 0.105, li_recovered:  8.618, time: 0.004101369000636623
L: 0.50, u_super: 0.00666, sec: 373.117, prod: 0.150685, t_ads: 29.1, t_des: 26.0, bed_util_ads: 0.500, bed_util_des: 0.500, des_th: 0.49982199298899227,frac_lost: 0.101, li_recovered:  8.311, time: 0.003642910998678417
L: 0.50, u_super: 0.00990, sec: 576.772, prod: 0.224320, t_ads: 19.8, t_des: 17.9, bed_util_ads: 0.500, bed_util_des: 0.500, des_th: 0.4999172963885018,frac_lost: 0.106, li_recovered:  8.459, time: 0.006096529999922495
L: 0.50, u_super: 0.00700, sec: 394.308, prod: 0.158348, t_ads: 27.9, t_des: 25.4, bed_util_ads: 0.498, bed_util_des: 0.498, des_th: 0.4978575010964015,frac_lost: 0.106, li_recovered:  8.439, time: 0.004893982999419677
L: 0.50, u_super: 0.00054, sec: 31.107, prod: 0.010768, t_ads: 338.6, t_des: 300.3, bed_util_ads: 0.473, bed_util_des: 0.472, des_th: 0.47195321612832586,frac_lost: 0.105, li_recovered:  6.881, time: 0.004456800001207739
L: 0.50, u_super: 0.00891, sec: 514.900, prod: 0.201062, t_ads: 22.0, t_des: 20.6, bed_util_ads: 0.494, bed_util_des: 0.494, des_th: 0.49430028570700396,frac_lost: 0.107, li_recovered:  8.564, time: 0.006163695999930496
L: 0.50, u_super: 0.00962, sec: 558.741, prod: 0.218083, t_ads: 20.3, t_des: 18.2, bed_util_ads: 0.500, bed_util_des: 0.500, des_th: 0.4999532702173668,frac_lost: 0.104, li_recovered:  8.393, time: 0.00477622399921529
L: 0.50, u_super: 0.00005, sec: 4.356, prod: 0.000674, t_ads: 3383.4, t_des: 5778.0, bed_util_ads: 0.252, bed_util_des: 0.185, des_th: 0.1851696623157332,frac_lost: 0.100, li_recovered:  6.172, time: 0.006022745001246221
L: 0.50, u_super: 0.00587, sec: 327.452, prod: 0.131878, t_ads: 33.1, t_des: 31.8, bed_util_ads: 0.492, bed_util_des: 0.492, des_th: 0.4916770666548254,frac_lost: 0.103, li_recovered:  8.559, time: 0.0044805630004702834
L: 0.50, u_super: 0.00611, sec: 342.650, prod: 0.137295, t_ads: 31.7, t_des: 30.8, bed_util_ads: 0.490, bed_util_des: 0.489, des_th: 0.48939897692651085,frac_lost: 0.100, li_recovered:  8.580, time: 0.004188253000393161
L: 0.50, u_super: 0.00027 — INFEASIBLE (li_recovered=0.000e+00), time: 0.0017713580000418006
L: 0.50, u_super: 0.00976, sec: 568.262, prod: 0.221281, t_ads: 20.0, t_des: 18.1, bed_util_ads: 0.500, bed_util_des: 0.500, des_th: 0.4998050434592926,frac_lost: 0.106, li_recovered:  8.449, time: 0.004319547999330098
L: 0.50, u_super: 0.00780, sec: 442.645, prod: 0.177027, t_ads: 24.9, t_des: 22.4, bed_util_ads: 0.499, bed_util_des: 0.499, des_th: 0.49927918075212235,frac_lost: 0.100, li_recovered:  8.369, time: 0.00391511499947228
L: 0.50, u_super: 0.00579, sec: 322.721, prod: 0.130125, t_ads: 33.5, t_des: 32.2, bed_util_ads: 0.492, bed_util_des: 0.491, des_th: 0.4912831661654765,frac_lost: 0.102, li_recovered:  8.557, time: 0.004652596000596532
L: 0.50, u_super: 0.00185, sec: 100.624, prod: 0.040589, t_ads: 103.1, t_des: 89.1, bed_util_ads: 0.498, bed_util_des: 0.498, des_th: 0.49804069294808473,frac_lost: 0.102, li_recovered:  7.803, time: 0.003988017999290605
L: 5.02, u_super: 0.00879 — INFEASIBLE (li_recovered=0.000e+00), time: 0.0024073940003290772
L: 0.50, u_super: 0.00063 — INFEASIBLE (li_recovered=0.000e+00), time: 0.0019585879999794997
L: 0.50, u_super: 0.00891, sec: 6083.660, prod: 0.017017, t_ads: 22.0, t_des: 494.1, bed_util_ads: 0.167, bed_util_des: 0.163, des_th: 0.1634538623101345,frac_lost: 0.103, li_recovered:  8.782, time: 0.04543070399995486
L: 0.50, u_super: 0.00289, sec: 156.528, prod: 0.064439, t_ads: 66.7, t_des: 58.6, bed_util_ads: 0.499, bed_util_des: 0.498, des_th: 0.49830405753780765,frac_lost: 0.102, li_recovered:  8.068, time: 0.0044962149986531585
L: 3.80, u_super: 0.00403 — INFEASIBLE (li_recovered=0.000e+00), time: 0.002041927000391297
L: 0.50, u_super: 0.00616, sec: 343.335, prod: 0.139396, t_ads: 31.5, t_des: 28.2, bed_util_ads: 0.500, bed_util_des: 0.500, des_th: 0.4997127948459911,frac_lost: 0.101, li_recovered:  8.312, time: 0.003944943999158568
L: 0.50, u_super: 0.00966, sec: 561.239, prod: 0.219198, t_ads: 20.2, t_des: 18.4, bed_util_ads: 0.500, bed_util_des: 0.499, des_th: 0.49943259056517214,frac_lost: 0.104, li_recovered:  8.449, time: 0.004677058001107071
L: 0.50, u_super: 0.00879, sec: 554.312, prod: 0.181692, t_ads: 22.2, t_des: 25.7, bed_util_ads: 0.468, bed_util_des: 0.468, des_th: 0.46786123268294794,frac_lost: 0.104, li_recovered:  8.710, time: 0.0039672570001130225
L: 26.31, u_super: 0.00977 — INFEASIBLE (li_recovered=0.000e+00), time: 0.0012944849986524787
   221 |     8840 |     40 |  0.0012769873 |             f
L: 0.50, u_super: 0.00188, sec: 103.418, prod: 0.040519, t_ads: 102.7, t_des: 105.2, bed_util_ads: 0.477, bed_util_des: 0.476, des_th: 0.47589183435474736,frac_lost: 0.106, li_recovered:  8.422, time: 0.004150486998696579
L: 0.50, u_super: 0.00350, sec: 190.103, prod: 0.078252, t_ads: 55.6, t_des: 52.2, bed_util_ads: 0.492, bed_util_des: 0.492, des_th: 0.4917119437777157,frac_lost: 0.107, li_recovered:  8.435, time: 0.004628833001333987
L: 0.50, u_super: 0.00985, sec: 652.139, prod: 0.196516, t_ads: 19.8, t_des: 24.6, bed_util_ads: 0.459, bed_util_des: 0.459, des_th: 0.4589483801808115,frac_lost: 0.102, li_recovered:  8.717, time: 0.005179755999051849
L: 0.50, u_super: 0.00891, sec: 512.964, prod: 0.201705, t_ads: 21.9, t_des: 19.7, bed_util_ads: 0.500, bed_util_des: 0.500, des_th: 0.4999826799298705,frac_lost: 0.105, li_recovered:  8.396, time: 0.003989001999798347
L: 0.50, u_super: 0.00544, sec: 300.929, prod: 0.122763, t_ads: 35.6, t_des: 31.6, bed_util_ads: 0.500, bed_util_des: 0.500, des_th: 0.49987720414482295,frac_lost: 0.101, li_recovered:  8.245, time: 0.004026106998935575
L: 1.31, u_super: 0.00582, sec: 864.742, prod: 0.129263, t_ads: 87.2, t_des: 81.3, bed_util_ads: 0.490, bed_util_des: 0.490, des_th: 0.4897612526799344,frac_lost: 0.107, li_recovered:  21.787, time: 0.004478602999370196
L: 78.67, u_super: 0.00503 — INFEASIBLE (li_recovered=0.000e+00), time: 0.000704297999618575
L: 0.50, u_super: 0.00671, sec: 375.845, prod: 0.151979, t_ads: 28.9, t_des: 26.1, bed_util_ads: 0.500, bed_util_des: 0.500, des_th: 0.49961988808392577,frac_lost: 0.102, li_recovered:  8.370, time: 0.004032288999951561
L: 0.50, u_super: 0.00933, sec: 540.210, prod: 0.211386, t_ads: 21.0, t_des: 19.0, bed_util_ads: 0.499, bed_util_des: 0.499, des_th: 0.4987532370437107,frac_lost: 0.106, li_recovered:  8.450, time: 0.005077111998616601
L: 0.50, u_super: 0.00879, sec: 504.504, prod: 0.199630, t_ads: 22.1, t_des: 19.9, bed_util_ads: 0.499, bed_util_des: 0.499, des_th: 0.49924788296174316,frac_lost: 0.100, li_recovered:  8.379, time: 0.004538533999948413
L: 0.50, u_super: 0.00770, sec: 439.129, prod: 0.173474, t_ads: 25.4, t_des: 23.9, bed_util_ads: 0.494, bed_util_des: 0.494, des_th: 0.4940478490315438,frac_lost: 0.108, li_recovered:  8.559, time: 0.004634745999283041
L: 0.50, u_super: 0.00819, sec: 468.517, prod: 0.185246, t_ads: 23.9, t_des: 21.4, bed_util_ads: 0.500, bed_util_des: 0.500, des_th: 0.4999834480520239,frac_lost: 0.108, li_recovered:  8.393, time: 0.003920913999536424
L: 0.50, u_super: 0.00944, sec: 546.521, prod: 0.214093, t_ads: 20.7, t_des: 18.8, bed_util_ads: 0.499, bed_util_des: 0.499, des_th: 0.4990178405955702,frac_lost: 0.104, li_recovered:  8.452, time: 0.004004477999842493
L: 0.50, u_super: 0.00990, sec: 576.949, prod: 0.224450, t_ads: 19.7, t_des: 17.9, bed_util_ads: 0.500, bed_util_des: 0.500, des_th: 0.4999011134144095,frac_lost: 0.105, li_recovered:  8.454, time: 0.005109231000460568
L: 0.50, u_super: 0.00452, sec: 247.625, prod: 0.101750, t_ads: 43.1, t_des: 39.3, bed_util_ads: 0.496, bed_util_des: 0.496, des_th: 0.4962277660346334,frac_lost: 0.107, li_recovered:  8.387, time: 0.003956687000027159
L: 0.50, u_super: 0.00672, sec: 376.423, prod: 0.152036, t_ads: 28.9, t_des: 25.9, bed_util_ads: 0.500, bed_util_des: 0.500, des_th: 0.4998701733666903,frac_lost: 0.101, li_recovered:  8.322, time: 0.004187913998976001
L: 0.50, u_super: 0.00257, sec: 139.043, prod: 0.057098, t_ads: 75.0, t_des: 65.9, bed_util_ads: 0.499, bed_util_des: 0.498, des_th: 0.4983088889025327,frac_lost: 0.105, li_recovered:  8.046, time: 0.004527200999291381
L: 0.50, u_super: 0.00162, sec: 88.787, prod: 0.034857, t_ads: 118.4, t_des: 99.7, bed_util_ads: 0.500, bed_util_des: 0.499, des_th: 0.49950463401783957,frac_lost: 0.106, li_recovered:  7.604, time: 0.00366881599984481
L: 0.50, u_super: 0.00109, sec: 60.715, prod: 0.022863, t_ads: 172.6, t_des: 144.8, bed_util_ads: 0.495, bed_util_des: 0.494, des_th: 0.49458166482455185,frac_lost: 0.101, li_recovered:  7.256, time: 0.004470447000130662
L: 0.50, u_super: 0.00005, sec: 4.355, prod: 0.000674, t_ads: 3413.2, t_des: 5814.4, bed_util_ads: 0.252, bed_util_des: 0.185, des_th: 0.18504784230617033,frac_lost: 0.102, li_recovered:  6.217, time: 0.004490972998610232
L: 0.50, u_super: 0.00032 — INFEASIBLE (li_recovered=0.000e+00), time: 0.00221600899931218
L: 0.50, u_super: 0.00006, sec: 5.437, prod: 0.000831, t_ads: 2901.1, t_des: 5509.2, bed_util_ads: 0.258, bed_util_des: 0.185, des_th: 0.1851696623157332,frac_lost: 0.104, li_recovered:  6.993, time: 0.005327650998879108
L: 0.50, u_super: 0.00335, sec: 181.216, prod: 0.074995, t_ads: 57.6, t_des: 51.1, bed_util_ads: 0.498, bed_util_des: 0.498, des_th: 0.49811527793271054,frac_lost: 0.100, li_recovered:  8.153, time: 0.003563464000762906
L: 0.50, u_super: 0.00158, sec: 86.064, prod: 0.034108, t_ads: 121.7, t_des: 103.9, bed_util_ads: 0.498, bed_util_des: 0.498, des_th: 0.4982747413323153,frac_lost: 0.107, li_recovered:  7.695, time: 0.0036675669998658122
L: 0.50, u_super: 0.00739, sec: 418.431, prod: 0.167109, t_ads: 26.5, t_des: 24.1, bed_util_ads: 0.498, bed_util_des: 0.498, des_th: 0.49822029022233943,frac_lost: 0.107, li_recovered:  8.444, time: 0.004290567998396
L: 0.50, u_super: 0.00452, sec: 247.549, prod: 0.101548, t_ads: 43.2, t_des: 39.8, bed_util_ads: 0.495, bed_util_des: 0.495, des_th: 0.49473877571160685,frac_lost: 0.107, li_recovered:  8.428, time: 0.003914531998816528
L: 0.50, u_super: 0.00946, sec: 547.931, prod: 0.214547, t_ads: 20.6, t_des: 18.8, bed_util_ads: 0.499, bed_util_des: 0.499, des_th: 0.49924788296174316,frac_lost: 0.104, li_recovered:  8.450, time: 0.004982693000783911
L: 0.50, u_super: 0.00054, sec: 30.934, prod: 0.010828, t_ads: 336.2, t_des: 304.0, bed_util_ads: 0.471, bed_util_des: 0.470, des_th: 0.4697933373645079,frac_lost: 0.101, li_recovered:  6.931, time: 0.003933596999559086
L: 0.50, u_super: 0.00829, sec: 474.238, prod: 0.187388, t_ads: 23.6, t_des: 21.2, bed_util_ads: 0.500, bed_util_des: 0.500, des_th: 0.4999748199672624,frac_lost: 0.107, li_recovered:  8.399, time: 0.004753757999424124
L: 0.50, u_super: 0.00161, sec: 87.348, prod: 0.035148, t_ads: 119.0, t_des: 103.9, bed_util_ads: 0.495, bed_util_des: 0.495, des_th: 0.4950672196281508,frac_lost: 0.106, li_recovered:  7.835, time: 0.00493936899874825
L: 12.66, u_super: 0.00415 — INFEASIBLE (li_recovered=0.000e+00), time: 0.001747222999256337
L: 2.75, u_super: 0.00005 — INFEASIBLE (li_recovered=0.000e+00), time: 0.0020085349988221424
L: 0.50, u_super: 0.00115, sec: 62.965, prod: 0.024734, t_ads: 164.5, t_des: 144.5, bed_util_ads: 0.490, bed_util_des: 0.489, des_th: 0.48952281397402064,frac_lost: 0.104, li_recovered:  7.643, time: 0.0038921129998925608
L: 16.76, u_super: 0.00743 — INFEASIBLE (li_recovered=0.000e+00), time: 0.0025081420008064015
L: 0.50, u_super: 0.00517, sec: 284.693, prod: 0.116880, t_ads: 37.5, t_des: 34.0, bed_util_ads: 0.498, bed_util_des: 0.498, des_th: 0.4981931000773249,frac_lost: 0.102, li_recovered:  8.359, time: 0.005889382999157533
L: 0.50, u_super: 0.00584, sec: 326.404, prod: 0.130954, t_ads: 33.3, t_des: 32.2, bed_util_ads: 0.490, bed_util_des: 0.490, des_th: 0.48961196903245635,frac_lost: 0.102, li_recovered:  8.576, time: 0.0061460359993361635
L: 0.50, u_super: 0.00379, sec: 206.176, prod: 0.085110, t_ads: 51.2, t_des: 45.9, bed_util_ads: 0.499, bed_util_des: 0.498, des_th: 0.4985098730279312,frac_lost: 0.106, li_recovered:  8.268, time: 0.00488961399969412
L: 0.50, u_super: 0.00796, sec: 452.477, prod: 0.180396, t_ads: 24.4, t_des: 21.8, bed_util_ads: 0.500, bed_util_des: 0.500, des_th: 0.49994354515126854,frac_lost: 0.100, li_recovered:  8.329, time: 0.0054156779988261405
L: 16.85, u_super: 0.00770 — INFEASIBLE (li_recovered=0.000e+00), time: 0.002556487001129426
L: 0.50, u_super: 0.00713, sec: 404.666, prod: 0.160159, t_ads: 27.5, t_des: 26.1, bed_util_ads: 0.493, bed_util_des: 0.492, des_th: 0.4923900602336803,frac_lost: 0.108, li_recovered:  8.580, time: 0.004492289999689092
   222 |     8880 |     40 |  0.0028701523 |             f
L: 0.50, u_super: 0.00700, sec: 450.260, prod: 0.138670, t_ads: 28.0, t_des: 34.8, bed_util_ads: 0.459, bed_util_des: 0.458, des_th: 0.45829845911945577,frac_lost: 0.107, li_recovered:  8.700, time: 0.007428982000419637
L: 56.99, u_super: 0.00653 — INFEASIBLE (li_recovered=0.000e+00), time: 0.0009453950005990919
L: 0.50, u_super: 0.00132, sec: 71.606, prod: 0.028818, t_ads: 143.2, t_des: 128.4, bed_util_ads: 0.490, bed_util_des: 0.489, des_th: 0.4894406540571593,frac_lost: 0.101, li_recovered:  7.827, time: 0.00636621999910858
L: 0.50, u_super: 0.00250, sec: 135.194, prod: 0.055221, t_ads: 77.2, t_des: 67.1, bed_util_ads: 0.499, bed_util_des: 0.499, des_th: 0.49927986855939127,frac_lost: 0.104, li_recovered:  7.967, time: 0.005082237999886274
L: 0.50, u_super: 0.00178, sec: 95.458, prod: 0.039361, t_ads: 107.3, t_des: 99.0, bed_util_ads: 0.489, bed_util_des: 0.488, des_th: 0.48841767537900144,frac_lost: 0.101, li_recovered:  8.121, time: 0.006757400999049423
L: 0.50, u_super: 0.00989, sec: 576.812, prod: 0.224192, t_ads: 19.8, t_des: 17.9, bed_util_ads: 0.499, bed_util_des: 0.499, des_th: 0.49924788296174316,frac_lost: 0.106, li_recovered:  8.453, time: 0.006775080999432248
L: 0.50, u_super: 0.00571, sec: 318.850, prod: 0.128015, t_ads: 34.0, t_des: 33.0, bed_util_ads: 0.490, bed_util_des: 0.490, des_th: 0.4902120283049848,frac_lost: 0.103, li_recovered:  8.575, time: 0.005232105000686715
L: 0.50, u_super: 0.00424, sec: 251.893, prod: 0.087433, t_ads: 45.8, t_des: 53.0, bed_util_ads: 0.467, bed_util_des: 0.466, des_th: 0.46621227981223357,frac_lost: 0.103, li_recovered:  8.636, time: 0.006857835000118939
L: 0.50, u_super: 0.00756, sec: 429.243, prod: 0.170976, t_ads: 25.9, t_des: 23.2, bed_util_ads: 0.500, bed_util_des: 0.500, des_th: 0.4999877032057623,frac_lost: 0.107, li_recovered:  8.398, time: 0.006303227999524097
L: 0.50, u_super: 0.00204, sec: 115.324, prod: 0.042890, t_ads: 94.8, t_des: 102.9, bed_util_ads: 0.469, bed_util_des: 0.468, des_th: 0.46798516373425925,frac_lost: 0.106, li_recovered:  8.478, time: 0.007386821000181953
L: 0.50, u_super: 0.00089 — INFEASIBLE (li_recovered=0.000e+00), time: 0.003796564998992835
L: 0.50, u_super: 0.00857, sec: 492.438, prod: 0.193940, t_ads: 22.8, t_des: 20.9, bed_util_ads: 0.498, bed_util_des: 0.498, des_th: 0.4981931000773249,frac_lost: 0.107, li_recovered:  8.488, time: 0.007761263999782386
L: 0.50, u_super: 0.00543, sec: 300.432, prod: 0.122617, t_ads: 35.8, t_des: 32.0, bed_util_ads: 0.500, bed_util_des: 0.500, des_th: 0.49997492382836567,frac_lost: 0.104, li_recovered:  8.314, time: 0.004841643001782359
L: 0.50, u_super: 0.00796, sec: 452.471, prod: 0.180398, t_ads: 24.4, t_des: 21.8, bed_util_ads: 0.500, bed_util_des: 0.500, des_th: 0.4999948405473177,frac_lost: 0.100, li_recovered:  8.336, time: 0.006669301999863819
L: 0.50, u_super: 0.00452, sec: 247.262, prod: 0.101808, t_ads: 43.0, t_des: 39.3, bed_util_ads: 0.497, bed_util_des: 0.496, des_th: 0.4963099268428161,frac_lost: 0.105, li_recovered:  8.377, time: 0.004539029998340993
L: 0.50, u_super: 0.00366, sec: 1994.264, prod: 0.008190, t_ads: 53.4, t_des: 1019.5, bed_util_ads: 0.176, bed_util_des: 0.169, des_th: 0.16873097683371652,frac_lost: 0.101, li_recovered:  8.788, time: 0.04430363400024362
L: 20.37, u_super: 0.00413 — INFEASIBLE (li_recovered=0.000e+00), time: 0.0016585639987169998
L: 0.50, u_super: 0.00183, sec: 98.360, prod: 0.040239, t_ads: 104.5, t_des: 92.9, bed_util_ads: 0.494, bed_util_des: 0.493, des_th: 0.4931473409286193,frac_lost: 0.101, li_recovered:  7.943, time: 0.0067729630009125685
L: 7.75, u_super: 0.00150 — INFEASIBLE (li_recovered=0.000e+00), time: 0.0022676200005662395
L: 69.36, u_super: 0.00611 — INFEASIBLE (li_recovered=0.000e+00), time: 0.0008355690006283112
L: 0.50, u_super: 0.00452, sec: 247.625, prod: 0.101750, t_ads: 43.1, t_des: 39.3, bed_util_ads: 0.496, bed_util_des: 0.496, des_th: 0.4962277660346334,frac_lost: 0.107, li_recovered:  8.387, time: 0.004809086000022944
L: 0.50, u_super: 0.00917, sec: 530.042, prod: 0.207515, t_ads: 21.4, t_des: 19.6, bed_util_ads: 0.498, bed_util_des: 0.498, des_th: 0.49829124405268077,frac_lost: 0.107, li_recovered:  8.492, time: 0.004494486998737557
L: 1.42, u_super: 0.00803, sec: 1329.234, prod: 0.178185, t_ads: 68.3, t_des: 59.2, bed_util_ads: 0.500, bed_util_des: 0.500, des_th: 0.4999959647205515,frac_lost: 0.103, li_recovered:  22.726, time: 0.004289242999220733
L: 0.50, u_super: 0.00877, sec: 513.394, prod: 0.195032, t_ads: 22.3, t_des: 22.1, bed_util_ads: 0.488, bed_util_des: 0.488, des_th: 0.4878115976755326,frac_lost: 0.106, li_recovered:  8.663, time: 0.007016907999059185
L: 25.92, u_super: 0.00829 — INFEASIBLE (li_recovered=0.000e+00), time: 0.0018586070000310428
L: 0.50, u_super: 0.00379, sec: 206.336, prod: 0.085044, t_ads: 51.4, t_des: 46.0, bed_util_ads: 0.499, bed_util_des: 0.498, des_th: 0.49855322927373374,frac_lost: 0.107, li_recovered:  8.281, time: 0.006064397999580251
L: 0.50, u_super: 0.00852, sec: 488.952, prod: 0.192798, t_ads: 23.0, t_des: 20.6, bed_util_ads: 0.500, bed_util_des: 0.500, des_th: 0.4999826799298705,frac_lost: 0.107, li_recovered:  8.394, time: 0.004665494001528714
L: 0.50, u_super: 0.00700, sec: 394.789, prod: 0.158154, t_ads: 28.0, t_des: 25.4, bed_util_ads: 0.498, bed_util_des: 0.498, des_th: 0.4978575010964015,frac_lost: 0.108, li_recovered:  8.439, time: 0.003667734001282952
L: 0.50, u_super: 0.00990, sec: 577.136, prod: 0.224377, t_ads: 19.8, t_des: 17.9, bed_util_ads: 0.500, bed_util_des: 0.500, des_th: 0.49989458132291187,frac_lost: 0.106, li_recovered:  8.444, time: 0.00546818600014376
L: 0.50, u_super: 0.00005, sec: 4.478, prod: 0.000655, t_ads: 3667.9, t_des: 7384.6, bed_util_ads: 0.242, bed_util_des: 0.157, des_th: 0.1576307218367878,frac_lost: 0.100, li_recovered:  7.243, time: 0.008241768999141641
L: 0.50, u_super: 0.00533, sec: 294.641, prod: 0.119977, t_ads: 36.4, t_des: 34.6, bed_util_ads: 0.493, bed_util_des: 0.492, des_th: 0.4924191535225835,frac_lost: 0.102, li_recovered:  8.518, time: 0.0084728140009247
L: 0.50, u_super: 0.00829, sec: 474.292, prod: 0.187711, t_ads: 23.6, t_des: 21.2, bed_util_ads: 0.500, bed_util_des: 0.500, des_th: 0.49999371618866717,frac_lost: 0.106, li_recovered:  8.396, time: 0.006664603999524843
L: 0.50, u_super: 0.00379, sec: 206.330, prod: 0.085047, t_ads: 51.3, t_des: 45.9, bed_util_ads: 0.499, bed_util_des: 0.498, des_th: 0.4985098730279312,frac_lost: 0.107, li_recovered:  8.263, time: 0.004293051999411546
L: 0.50, u_super: 0.00424, sec: 231.165, prod: 0.095366, t_ads: 45.9, t_des: 42.0, bed_util_ads: 0.496, bed_util_des: 0.496, des_th: 0.4962277660346334,frac_lost: 0.105, li_recovered:  8.381, time: 0.004093538000233821
L: 62.54, u_super: 0.00007 — INFEASIBLE (li_recovered=0.000e+00), time: 0.0009282520004489925
L: 0.50, u_super: 0.00255, sec: 138.377, prod: 0.056470, t_ads: 75.6, t_des: 65.5, bed_util_ads: 0.499, bed_util_des: 0.499, des_th: 0.4991843154112984,frac_lost: 0.104, li_recovered:  7.969, time: 0.004952443001457141
L: 0.50, u_super: 0.00054, sec: 30.971, prod: 0.010815, t_ads: 339.2, t_des: 304.4, bed_util_ads: 0.471, bed_util_des: 0.470, des_th: 0.4697933373645079,frac_lost: 0.105, li_recovered:  6.961, time: 0.0044292150014371146
L: 0.50, u_super: 0.00452, sec: 248.119, prod: 0.101648, t_ads: 42.9, t_des: 37.9, bed_util_ads: 0.500, bed_util_des: 0.500, des_th: 0.4999886051695921,frac_lost: 0.104, li_recovered:  8.215, time: 0.006354045000989572
L: 0.50, u_super: 0.00038 — INFEASIBLE (li_recovered=0.000e+00), time: 0.0037425120008265367
L: 0.50, u_super: 0.00783, sec: 445.905, prod: 0.177003, t_ads: 25.0, t_des: 22.4, bed_util_ads: 0.500, bed_util_des: 0.500, des_th: 0.49982711666032537,frac_lost: 0.108, li_recovered:  8.398, time: 0.008449404000202776
   223 |     8920 |     40 |  0.0032521213 |             f
L: 0.50, u_super: 0.00618, sec: 345.407, prod: 0.139374, t_ads: 31.7, t_des: 28.5, bed_util_ads: 0.500, bed_util_des: 0.500, des_th: 0.4997557949157809,frac_lost: 0.109, li_recovered:  8.383, time: 0.005265836000035051
L: 0.50, u_super: 0.00326, sec: 176.469, prod: 0.073066, t_ads: 59.0, t_des: 52.5, bed_util_ads: 0.498, bed_util_des: 0.498, des_th: 0.4982765068885927,frac_lost: 0.100, li_recovered:  8.148, time: 0.005993479000608204
L: 0.50, u_super: 0.00222, sec: 120.228, prod: 0.048965, t_ads: 86.9, t_des: 75.6, bed_util_ads: 0.499, bed_util_des: 0.499, des_th: 0.49918233587718663,frac_lost: 0.107, li_recovered:  7.958, time: 0.005510397000762168
L: 0.50, u_super: 0.00744, sec: 425.969, prod: 0.166313, t_ads: 26.3, t_des: 25.6, bed_util_ads: 0.490, bed_util_des: 0.490, des_th: 0.48953604733085954,frac_lost: 0.106, li_recovered:  8.625, time: 0.0055521230005979305
L: 10.88, u_super: 0.00653 — INFEASIBLE (li_recovered=0.000e+00), time: 0.0029711549996136455
L: 63.02, u_super: 0.00960 — INFEASIBLE (li_recovered=0.000e+00), time: 0.0015034959997137776
L: 0.50, u_super: 0.00053, sec: 30.675, prod: 0.010589, t_ads: 340.7, t_des: 304.5, bed_util_ads: 0.471, bed_util_des: 0.470, des_th: 0.4697933373645079,frac_lost: 0.101, li_recovered:  6.832, time: 0.005669570000463864
L: 0.50, u_super: 0.00358, sec: 195.076, prod: 0.080028, t_ads: 54.3, t_des: 51.5, bed_util_ads: 0.490, bed_util_des: 0.490, des_th: 0.4897013462845352,frac_lost: 0.107, li_recovered:  8.468, time: 0.006337416998576373
L: 0.50, u_super: 0.00005 — INFEASIBLE (li_recovered=0.000e+00), time: 0.000939596000534948
L: 0.50, u_super: 0.00289, sec: 183.899, prod: 0.054848, t_ads: 67.1, t_des: 89.6, bed_util_ads: 0.447, bed_util_des: 0.445, des_th: 0.4449767677902799,frac_lost: 0.105, li_recovered:  8.595, time: 0.006426075000490528
L: 64.82, u_super: 0.00326 — INFEASIBLE (li_recovered=0.000e+00), time: 0.0009391050007252488
L: 0.50, u_super: 0.00980, sec: 574.889, prod: 0.220356, t_ads: 19.9, t_des: 19.2, bed_util_ads: 0.491, bed_util_des: 0.491, des_th: 0.49117463688465673,frac_lost: 0.105, li_recovered:  8.624, time: 0.005936489000305301
L: 0.50, u_super: 0.00846, sec: 485.215, prod: 0.191218, t_ads: 23.2, t_des: 20.8, bed_util_ads: 0.500, bed_util_des: 0.500, des_th: 0.4999826799298705,frac_lost: 0.108, li_recovered:  8.402, time: 0.006478244000390987
L: 0.50, u_super: 0.00732, sec: 413.888, prod: 0.165581, t_ads: 26.7, t_des: 24.3, bed_util_ads: 0.498, bed_util_des: 0.498, des_th: 0.4983303987586417,frac_lost: 0.106, li_recovered:  8.438, time: 0.0062010950005060295
L: 0.50, u_super: 0.00132, sec: 73.665, prod: 0.028013, t_ads: 143.4, t_des: 118.6, bed_util_ads: 0.499, bed_util_des: 0.499, des_th: 0.49913813005392726,frac_lost: 0.104, li_recovered:  7.340, time: 0.006276283000261174
L: 0.50, u_super: 0.00355, sec: 192.962, prod: 0.079523, t_ads: 54.8, t_des: 51.2, bed_util_ads: 0.492, bed_util_des: 0.492, des_th: 0.4917119437777157,frac_lost: 0.107, li_recovered:  8.428, time: 0.006789414001104888
L: 0.50, u_super: 0.00452, sec: 255.201, prod: 0.098640, t_ads: 42.9, t_des: 44.5, bed_util_ads: 0.480, bed_util_des: 0.479, des_th: 0.4794587052188146,frac_lost: 0.102, li_recovered:  8.619, time: 0.007828656998754013
L: 0.50, u_super: 0.00697, sec: 392.730, prod: 0.157486, t_ads: 28.1, t_des: 25.5, bed_util_ads: 0.498, bed_util_des: 0.498, des_th: 0.49787229777232633,frac_lost: 0.107, li_recovered:  8.435, time: 0.006004273000144167
L: 0.50, u_super: 0.00132, sec: 73.507, prod: 0.028033, t_ads: 143.4, t_des: 119.0, bed_util_ads: 0.499, bed_util_des: 0.499, des_th: 0.4991162645931607,frac_lost: 0.103, li_recovered:  7.354, time: 0.0046914790000300854
L: 0.50, u_super: 0.00946, sec: 548.233, prod: 0.214354, t_ads: 20.7, t_des: 18.8, bed_util_ads: 0.499, bed_util_des: 0.499, des_th: 0.49926031337747967,frac_lost: 0.105, li_recovered:  8.454, time: 0.005581048999374616
L: 39.62, u_super: 0.00693 — INFEASIBLE (li_recovered=0.000e+00), time: 0.0009759970016602892
L: 0.50, u_super: 0.00089 — INFEASIBLE (li_recovered=0.000e+00), time: 0.0029649730004166486
L: 0.50, u_super: 0.00010, sec: 10.814, prod: 0.000999, t_ads: 2041.2, t_des: 6289.8, bed_util_ads: 0.247, bed_util_des: 0.163, des_th: 0.16352841637328738,frac_lost: 0.103, li_recovered:  8.323, time: 0.010279510999680497
L: 0.50, u_super: 0.00132, sec: 73.221, prod: 0.028182, t_ads: 143.4, t_des: 120.2, bed_util_ads: 0.498, bed_util_des: 0.498, des_th: 0.4980722107411236,frac_lost: 0.104, li_recovered:  7.430, time: 0.0067232609999337
L: 0.50, u_super: 0.00917, sec: 529.558, prod: 0.207672, t_ads: 21.3, t_des: 19.3, bed_util_ads: 0.499, bed_util_des: 0.499, des_th: 0.49874376972069007,frac_lost: 0.106, li_recovered:  8.443, time: 0.005535653999686474
L: 0.50, u_super: 0.00668, sec: 375.401, prod: 0.150776, t_ads: 29.3, t_des: 26.3, bed_util_ads: 0.500, bed_util_des: 0.499, des_th: 0.49942132725883337,frac_lost: 0.108, li_recovered:  8.381, time: 0.0056721950004430255
L: 0.50, u_super: 0.00254, sec: 137.445, prod: 0.056120, t_ads: 76.0, t_des: 66.0, bed_util_ads: 0.500, bed_util_des: 0.500, des_th: 0.49954445904324696,frac_lost: 0.104, li_recovered:  7.968, time: 0.006794020000597811
L: 0.50, u_super: 0.00488, sec: 268.207, prod: 0.109750, t_ads: 39.7, t_des: 37.7, bed_util_ads: 0.492, bed_util_des: 0.492, des_th: 0.4917119437777157,frac_lost: 0.101, li_recovered:  8.502, time: 0.0062159459994290955
L: 0.50, u_super: 0.00675, sec: 3076.495, prod: 0.018798, t_ads: 29.0, t_des: 437.9, bed_util_ads: 0.195, bed_util_des: 0.192, des_th: 0.19151913663592088,frac_lost: 0.101, li_recovered:  8.777, time: 0.051284037001096294
L: 9.58, u_super: 0.00956 — INFEASIBLE (li_recovered=0.000e+00), time: 0.0053222599999571685
L: 0.50, u_super: 0.00317, sec: 171.390, prod: 0.070898, t_ads: 60.9, t_des: 54.1, bed_util_ads: 0.499, bed_util_des: 0.498, des_th: 0.4985098730279312,frac_lost: 0.102, li_recovered:  8.157, time: 0.007424022000122932
L: 0.50, u_super: 0.00089, sec: 49.200, prod: 0.018783, t_ads: 211.5, t_des: 186.7, bed_util_ads: 0.486, bed_util_des: 0.485, des_th: 0.484980011853694,frac_lost: 0.106, li_recovered:  7.478, time: 0.009775464999620453
L: 0.50, u_super: 0.00271, sec: 152.416, prod: 0.057764, t_ads: 71.2, t_des: 76.6, bed_util_ads: 0.474, bed_util_des: 0.472, des_th: 0.47256079709209686,frac_lost: 0.101, li_recovered:  8.540, time: 0.008271716998933698
L: 0.50, u_super: 0.00650, sec: 368.447, prod: 0.144977, t_ads: 30.1, t_des: 29.3, bed_util_ads: 0.490, bed_util_des: 0.490, des_th: 0.4902120283049848,frac_lost: 0.108, li_recovered:  8.616, time: 0.011654681999061722
L: 26.10, u_super: 0.00005 — INFEASIBLE (li_recovered=0.000e+00), time: 0.0013305769989528926
L: 3.33, u_super: 0.00656 — INFEASIBLE (li_recovered=0.000e+00), time: 0.004344564000348328
L: 0.50, u_super: 0.00050, sec: 29.473, prod: 0.009926, t_ads: 358.4, t_des: 315.9, bed_util_ads: 0.471, bed_util_des: 0.470, des_th: 0.4697933373645079,frac_lost: 0.103, li_recovered:  6.693, time: 0.006442317000619369
L: 0.50, u_super: 0.00511, sec: 280.868, prod: 0.115315, t_ads: 38.0, t_des: 34.4, bed_util_ads: 0.499, bed_util_des: 0.498, des_th: 0.49834413335584066,frac_lost: 0.102, li_recovered:  8.351, time: 0.0069081819983694
L: 35.13, u_super: 0.00845, sec: 62587.179, prod: 0.104063, t_ads: 1543.2, t_des: 3596.1, bed_util_ads: 0.281, bed_util_des: 0.221, des_th: 0.22110167294387417,frac_lost: 0.101, li_recovered:  534.818, time: 0.014195407000443083
L: 0.50, u_super: 0.00010 — INFEASIBLE (li_recovered=0.000e+00), time: 0.0024438609998469474
   224 |     8960 |     40 |  0.0026563769 |             f
L: 3.77, u_super: 0.00990 — INFEASIBLE (li_recovered=0.000e+00), time: 0.0041330659987579565
L: 0.50, u_super: 0.00664, sec: 407.380, prod: 0.137271, t_ads: 29.5, t_des: 33.8, bed_util_ads: 0.469, bed_util_des: 0.468, des_th: 0.46798516373425925,frac_lost: 0.109, li_recovered:  8.693, time: 0.011924903999897651
L: 0.50, u_super: 0.00025 — INFEASIBLE (li_recovered=0.000e+00), time: 0.0030436109991569538
L: 0.50, u_super: 0.00588, sec: 326.504, prod: 0.132716, t_ads: 33.1, t_des: 29.6, bed_util_ads: 0.500, bed_util_des: 0.500, des_th: 0.4999948405473177,frac_lost: 0.103, li_recovered:  8.317, time: 0.006630399999266956
L: 52.62, u_super: 0.00373 — INFEASIBLE (li_recovered=0.000e+00), time: 0.0015126529997360194
L: 0.50, u_super: 0.00547, sec: 302.262, prod: 0.123597, t_ads: 35.4, t_des: 31.8, bed_util_ads: 0.499, bed_util_des: 0.499, des_th: 0.49921670152675846,frac_lost: 0.101, li_recovered:  8.308, time: 0.0069808499993087025
L: 0.50, u_super: 0.00894, sec: 515.806, prod: 0.202451, t_ads: 21.9, t_des: 19.6, bed_util_ads: 0.500, bed_util_des: 0.500, des_th: 0.4999250205413391,frac_lost: 0.106, li_recovered:  8.395, time: 0.008224364000852802
L: 0.50, u_super: 0.00072 — INFEASIBLE (li_recovered=0.000e+00), time: 0.005079463000583928
L: 0.50, u_super: 0.00824, sec: 475.122, prod: 0.185030, t_ads: 23.7, t_des: 22.8, bed_util_ads: 0.492, bed_util_des: 0.491, des_th: 0.4914831644515206,frac_lost: 0.106, li_recovered:  8.615, time: 0.0072331179999309825
L: 0.50, u_super: 0.00204, sec: 109.752, prod: 0.045068, t_ads: 93.9, t_des: 83.4, bed_util_ads: 0.495, bed_util_des: 0.494, des_th: 0.4944325725283294,frac_lost: 0.101, li_recovered:  7.992, time: 0.006613634999666829
L: 0.50, u_super: 0.00790, sec: 453.906, prod: 0.176988, t_ads: 24.8, t_des: 23.8, bed_util_ads: 0.492, bed_util_des: 0.492, des_th: 0.4917119437777157,frac_lost: 0.109, li_recovered:  8.613, time: 0.0076949260001129005
L: 0.50, u_super: 0.00577, sec: 321.789, prod: 0.129791, t_ads: 33.6, t_des: 32.3, bed_util_ads: 0.490, bed_util_des: 0.490, des_th: 0.4902120283049848,frac_lost: 0.102, li_recovered:  8.556, time: 0.008917579998524161
L: 12.23, u_super: 0.00055 — INFEASIBLE (li_recovered=0.000e+00), time: 0.0012980290011910256
L: 0.50, u_super: 0.00018 — INFEASIBLE (li_recovered=0.000e+00), time: 0.002126162999047665
L: 0.50, u_super: 0.00885, sec: 509.211, prod: 0.200520, t_ads: 22.1, t_des: 20.1, bed_util_ads: 0.499, bed_util_des: 0.499, des_th: 0.4986624282794241,frac_lost: 0.105, li_recovered:  8.448, time: 0.007520581000790116
L: 0.50, u_super: 0.00570, sec: 315.442, prod: 0.128856, t_ads: 34.1, t_des: 30.9, bed_util_ads: 0.499, bed_util_des: 0.499, des_th: 0.4987431230023716,frac_lost: 0.102, li_recovered:  8.370, time: 0.006387511999491835
L: 0.50, u_super: 0.00089, sec: 49.212, prod: 0.018778, t_ads: 211.6, t_des: 186.7, bed_util_ads: 0.485, bed_util_des: 0.484, des_th: 0.48437706089131405,frac_lost: 0.106, li_recovered:  7.478, time: 0.004696445001172833
L: 10.84, u_super: 0.00924 — INFEASIBLE (li_recovered=0.000e+00), time: 0.0024375829998461995
L: 0.50, u_super: 0.00158, sec: 86.508, prod: 0.033933, t_ads: 121.5, t_des: 102.5, bed_util_ads: 0.498, bed_util_des: 0.498, des_th: 0.49825835297777155,frac_lost: 0.106, li_recovered:  7.601, time: 0.004764751000038814
L: 40.26, u_super: 0.00192 — INFEASIBLE (li_recovered=0.000e+00), time: 0.0010665660011
L: 9.91, u_super: 0.00942, sec: 49209.435, prod: 0.046901, t_ads: 417.1, t_des: 3293.2, bed_util_ads: 0.226, bed_util_des: 0.187, des_th: 0.18660204269848552,frac_lost: 0.103, li_recovered:  174.019, time: 0.025439076000111527
L: 0.50, u_super: 0.00851, sec: 492.204, prod: 0.191129, t_ads: 23.0, t_des: 22.1, bed_util_ads: 0.492, bed_util_des: 0.492, des_th: 0.4916770666548254,frac_lost: 0.107, li_recovered:  8.615, time: 0.006827272000009543
L: 0.50, u_super: 0.00410, sec: 223.587, prod: 0.092229, t_ads: 47.3, t_des: 42.3, bed_util_ads: 0.499, bed_util_des: 0.498, des_th: 0.4985098730279312,frac_lost: 0.104, li_recovered:  8.266, time: 0.006357371001286083
L: 0.50, u_super: 0.00138, sec: 76.433, prod: 0.029420, t_ads: 138.4, t_des: 115.4, bed_util_ads: 0.499, bed_util_des: 0.499, des_th: 0.4985753163955479,frac_lost: 0.108, li_recovered:  7.468, time: 0.005577750998781994
L: 24.97, u_super: 0.00289 — INFEASIBLE (li_recovered=0.000e+00), time: 0.0011257940004725242
L: 0.50, u_super: 0.00728, sec: 410.478, prod: 0.165102, t_ads: 26.6, t_des: 24.1, bed_util_ads: 0.498, bed_util_des: 0.498, des_th: 0.49836641729751047,frac_lost: 0.101, li_recovered:  8.372, time: 0.0055097410004236735
L: 0.50, u_super: 0.00949, sec: 597.644, prod: 0.198115, t_ads: 20.5, t_des: 23.4, bed_util_ads: 0.471, bed_util_des: 0.470, des_th: 0.4701700622736915,frac_lost: 0.103, li_recovered:  8.712, time: 0.005848607999723754
L: 0.50, u_super: 0.00483, sec: 265.265, prod: 0.108626, t_ads: 40.3, t_des: 36.0, bed_util_ads: 0.500, bed_util_des: 0.500, des_th: 0.4999377898285248,frac_lost: 0.105, li_recovered:  8.289, time: 0.005207704998611007
L: 0.50, u_super: 0.00254, sec: 144.799, prod: 0.053270, t_ads: 76.0, t_des: 84.2, bed_util_ads: 0.468, bed_util_des: 0.467, des_th: 0.46732070770450007,frac_lost: 0.102, li_recovered:  8.533, time: 0.0053387120005936595
L: 7.59, u_super: 0.00517, sec: 5155.734, prod: 0.097869, t_ads: 504.3, t_des: 476.5, bed_util_ads: 0.447, bed_util_des: 0.445, des_th: 0.4455215627001675,frac_lost: 0.102, li_recovered:  95.990, time: 0.006064884000807069
L: 21.05, u_super: 0.00891 — INFEASIBLE (li_recovered=0.000e+00), time: 0.0017087950000131968
L: 0.50, u_super: 0.00298, sec: 161.324, prod: 0.066436, t_ads: 64.7, t_des: 56.8, bed_util_ads: 0.500, bed_util_des: 0.499, des_th: 0.4994921364349384,frac_lost: 0.102, li_recovered:  8.069, time: 0.0050534069996501785
L: 0.50, u_super: 0.00703, sec: 396.645, prod: 0.158929, t_ads: 27.8, t_des: 25.2, bed_util_ads: 0.498, bed_util_des: 0.498, des_th: 0.4978575010964015,frac_lost: 0.108, li_recovered:  8.432, time: 0.006433091999497265
L: 0.50, u_super: 0.00222, sec: 1012.206, prod: 0.005816, t_ads: 88.5, t_des: 1423.8, bed_util_ads: 0.187, bed_util_des: 0.175, des_th: 0.1748362009365222,frac_lost: 0.102, li_recovered:  8.795, time: 0.03976271300052758
L: 22.46, u_super: 0.00446 — INFEASIBLE (li_recovered=0.000e+00), time: 0.0017581209995114477
L: 0.50, u_super: 0.00511, sec: 281.208, prod: 0.115273, t_ads: 38.0, t_des: 35.2, bed_util_ads: 0.495, bed_util_des: 0.495, des_th: 0.49523769862056205,frac_lost: 0.103, li_recovered:  8.445, time: 0.006581509000170627
L: 0.50, u_super: 0.00326, sec: 176.809, prod: 0.072926, t_ads: 59.7, t_des: 53.3, bed_util_ads: 0.499, bed_util_des: 0.498, des_th: 0.4982765068885927,frac_lost: 0.108, li_recovered:  8.237, time: 0.004757610000524437
L: 0.50, u_super: 0.00102, sec: 55.417, prod: 0.021972, t_ads: 185.2, t_des: 175.4, bed_util_ads: 0.480, bed_util_des: 0.478, des_th: 0.47855254999650876,frac_lost: 0.104, li_recovered:  7.922, time: 0.003743434001080459
L: 20.31, u_super: 0.00700 — INFEASIBLE (li_recovered=0.000e+00), time: 0.0022154690013849176
L: 40.89, u_super: 0.00222 — INFEASIBLE (li_recovered=0.000e+00), time: 0.0011062590001529315
   225 |     9000 |     40 |  0.0018753566 |             f
L: 0.50, u_super: 0.00933, sec: 540.314, prod: 0.211216, t_ads: 21.0, t_des: 19.1, bed_util_ads: 0.499, bed_util_des: 0.499, des_th: 0.49851700695408974,frac_lost: 0.107, li_recovered:  8.459, time: 0.006719996999891009
L: 0.50, u_super: 0.00006, sec: 6.091, prod: 0.000662, t_ads: 3373.6, t_des: 9233.9, bed_util_ads: 0.231, bed_util_des: 0.132, des_th: 0.13178062918888933,frac_lost: 0.102, li_recovered:  8.342, time: 0.01182751200030907
L: 0.50, u_super: 0.00873, sec: 502.370, prod: 0.197533, t_ads: 22.4, t_des: 20.3, bed_util_ads: 0.500, bed_util_des: 0.500, des_th: 0.4999826799298705,frac_lost: 0.108, li_recovered:  8.449, time: 0.006438685000830446
L: 0.50, u_super: 0.00728, sec: 411.952, prod: 0.164539, t_ads: 26.9, t_des: 24.4, bed_util_ads: 0.499, bed_util_des: 0.499, des_th: 0.4990192583715372,frac_lost: 0.108, li_recovered:  8.440, time: 0.0067063300011795945
L: 0.50, u_super: 0.00732, sec: 414.401, prod: 0.165376, t_ads: 26.8, t_des: 24.3, bed_util_ads: 0.498, bed_util_des: 0.498, des_th: 0.49821023533598224,frac_lost: 0.108, li_recovered:  8.444, time: 0.005113516999699641
L: 0.50, u_super: 0.00514, sec: 3416.715, prod: 0.009608, t_ads: 38.1, t_des: 876.7, bed_util_ads: 0.164, bed_util_des: 0.159, des_th: 0.1585439364818156,frac_lost: 0.103, li_recovered:  8.790, time: 0.0555522579998069
L: 0.50, u_super: 0.00158, sec: 86.564, prod: 0.033911, t_ads: 121.5, t_des: 102.3, bed_util_ads: 0.499, bed_util_des: 0.499, des_th: 0.4985916004702315,frac_lost: 0.106, li_recovered:  7.589, time: 0.006161789000543649
L: 0.50, u_super: 0.00843, sec: 483.132, prod: 0.190746, t_ads: 23.2, t_des: 20.7, bed_util_ads: 0.500, bed_util_des: 0.500, des_th: 0.4999947638528384,frac_lost: 0.106, li_recovered:  8.381, time: 0.005518179999853601
L: 0.50, u_super: 0.00980, sec: 576.343, prod: 0.219800, t_ads: 19.9, t_des: 19.4, bed_util_ads: 0.490, bed_util_des: 0.490, des_th: 0.4902599652954779,frac_lost: 0.104, li_recovered:  8.641, time: 0.004928866001137067
L: 0.50, u_super: 0.00222, sec: 120.660, prod: 0.048789, t_ads: 86.9, t_des: 74.6, bed_util_ads: 0.499, bed_util_des: 0.499, des_th: 0.49918019676915093,frac_lost: 0.106, li_recovered:  7.877, time: 0.0035483760002534837
L: 0.50, u_super: 0.00544, sec: 300.144, prod: 0.123073, t_ads: 35.6, t_des: 32.7, bed_util_ads: 0.496, bed_util_des: 0.496, des_th: 0.4963075241141233,frac_lost: 0.101, li_recovered:  8.405, time: 0.0036945659994671587
L: 0.50, u_super: 0.00656, sec: 366.906, prod: 0.148441, t_ads: 29.6, t_des: 26.5, bed_util_ads: 0.500, bed_util_des: 0.500, des_th: 0.4999987919965418,frac_lost: 0.101, li_recovered:  8.316, time: 0.005539346999285044
L: 0.50, u_super: 0.00672, sec: 379.098, prod: 0.150963, t_ads: 28.9, t_des: 28.0, bed_util_ads: 0.490, bed_util_des: 0.490, des_th: 0.4898737882235007,frac_lost: 0.100, li_recovered:  8.590, time: 0.0045696729994233465
L: 0.50, u_super: 0.00326, sec: 176.689, prod: 0.072976, t_ads: 59.0, t_des: 52.1, bed_util_ads: 0.499, bed_util_des: 0.499, des_th: 0.49927240331849737,frac_lost: 0.101, li_recovered:  8.114, time: 0.004835241999899154
L: 0.50, u_super: 0.00154, sec: 582.677, prod: 0.004803, t_ads: 128.3, t_des: 1704.1, bed_util_ads: 0.199, bed_util_des: 0.183, des_th: 0.18305902859066087,frac_lost: 0.105, li_recovered:  8.801, time: 0.030874997999490006
L: 0.50, u_super: 0.00827, sec: 471.718, prod: 0.187775, t_ads: 23.5, t_des: 21.2, bed_util_ads: 0.500, bed_util_des: 0.500, des_th: 0.49999466936814607,frac_lost: 0.100, li_recovered:  8.387, time: 0.00540367800022068
L: 0.50, u_super: 0.00630, sec: 351.970, prod: 0.142441, t_ads: 30.8, t_des: 27.5, bed_util_ads: 0.500, bed_util_des: 0.500, des_th: 0.499960970961285,frac_lost: 0.103, li_recovered:  8.311, time: 0.00615195099999255
L: 0.50, u_super: 0.00254, sec: 137.366, prod: 0.056153, t_ads: 75.9, t_des: 74.3, bed_util_ads: 0.485, bed_util_des: 0.484, des_th: 0.4844547365670866,frac_lost: 0.102, li_recovered:  8.436, time: 0.007206873000541236
L: 35.43, u_super: 0.00206 — INFEASIBLE (li_recovered=0.000e+00), time: 0.0010284279996994883
L: 38.93, u_super: 0.00472 — INFEASIBLE (li_recovered=0.000e+00), time: 0.0011691809995681979
L: 0.50, u_super: 0.00060, sec: 34.603, prod: 0.011943, t_ads: 312.0, t_des: 341.3, bed_util_ads: 0.450, bed_util_des: 0.445, des_th: 0.4456393707410758,frac_lost: 0.107, li_recovered:  7.803, time: 0.005614780999167124
L: 0.50, u_super: 0.00334, sec: 181.347, prod: 0.074651, t_ads: 58.1, t_des: 51.4, bed_util_ads: 0.500, bed_util_des: 0.500, des_th: 0.49995267507216995,frac_lost: 0.107, li_recovered:  8.174, time: 0.005162080999070895
L: 0.50, u_super: 0.00174, sec: 93.456, prod: 0.038437, t_ads: 109.7, t_des: 99.9, bed_util_ads: 0.491, bed_util_des: 0.490, des_th: 0.49022858000137426,frac_lost: 0.101, li_recovered:  8.054, time: 0.005082089999632444
L: 13.22, u_super: 0.00611 — INFEASIBLE (li_recovered=0.000e+00), time: 0.0028972709988011047
L: 0.50, u_super: 0.00007 — INFEASIBLE (li_recovered=0.000e+00), time: 0.0010608350003167288
L: 0.50, u_super: 0.00204, sec: 109.646, prod: 0.045111, t_ads: 93.8, t_des: 83.5, bed_util_ads: 0.495, bed_util_des: 0.495, des_th: 0.4945481650021215,frac_lost: 0.100, li_recovered:  7.997, time: 0.005512958001418156
L: 1.37, u_super: 0.00798, sec: 1274.897, prod: 0.177241, t_ads: 66.4, t_des: 57.6, bed_util_ads: 0.500, bed_util_des: 0.500, des_th: 0.4999875369164261,frac_lost: 0.103, li_recovered:  21.972, time: 0.006156491999718128
L: 0.50, u_super: 0.00854, sec: 490.688, prod: 0.193248, t_ads: 22.9, t_des: 20.7, bed_util_ads: 0.500, bed_util_des: 0.500, des_th: 0.4995775314775907,frac_lost: 0.108, li_recovered:  8.441, time: 0.006819266000093194
L: 0.50, u_super: 0.00946, sec: 548.263, prod: 0.214417, t_ads: 20.7, t_des: 18.8, bed_util_ads: 0.499, bed_util_des: 0.499, des_th: 0.49925002206977886,frac_lost: 0.105, li_recovered:  8.452, time: 0.006591975999981514
L: 0.50, u_super: 0.00452, sec: 247.876, prod: 0.101556, t_ads: 43.0, t_des: 37.9, bed_util_ads: 0.500, bed_util_des: 0.500, des_th: 0.4999358639089513,frac_lost: 0.104, li_recovered:  8.217, time: 0.0068040980004298035
L: 0.50, u_super: 0.00770, sec: 437.564, prod: 0.174134, t_ads: 25.4, t_des: 23.1, bed_util_ads: 0.498, bed_util_des: 0.498, des_th: 0.4983303987586417,frac_lost: 0.107, li_recovered:  8.443, time: 0.006032211000274401
L: 0.50, u_super: 0.00946, sec: 548.195, prod: 0.214442, t_ads: 20.6, t_des: 18.9, bed_util_ads: 0.498, bed_util_des: 0.498, des_th: 0.49825198651473335,frac_lost: 0.104, li_recovered:  8.486, time: 0.006498224998722435
L: 0.50, u_super: 0.00014 — INFEASIBLE (li_recovered=0.000e+00), time: 0.001343598001767532
L: 0.50, u_super: 0.00610, sec: 339.807, prod: 0.137910, t_ads: 31.8, t_des: 28.5, bed_util_ads: 0.500, bed_util_des: 0.500, des_th: 0.49982528340561005,frac_lost: 0.103, li_recovered:  8.317, time: 0.004416724999828148
L: 0.50, u_super: 0.00908, sec: 524.506, prod: 0.205713, t_ads: 21.5, t_des: 19.5, bed_util_ads: 0.499, bed_util_des: 0.499, des_th: 0.49875976734013755,frac_lost: 0.106, li_recovered:  8.450, time: 0.005620215999442735
L: 0.50, u_super: 0.00005, sec: 4.354, prod: 0.000674, t_ads: 3414.3, t_des: 5821.7, bed_util_ads: 0.253, bed_util_des: 0.185, des_th: 0.1851696623157332,frac_lost: 0.102, li_recovered:  6.225, time: 0.00578145500003302
L: 0.50, u_super: 0.00509, sec: 279.896, prod: 0.114876, t_ads: 38.1, t_des: 35.4, bed_util_ads: 0.495, bed_util_des: 0.494, des_th: 0.4944325725283294,frac_lost: 0.102, li_recovered:  8.441, time: 0.004966848000549362
L: 0.50, u_super: 0.00478, sec: 262.274, prod: 0.107603, t_ads: 40.7, t_des: 36.3, bed_util_ads: 0.500, bed_util_des: 0.500, des_th: 0.49992894081214906,frac_lost: 0.104, li_recovered:  8.283, time: 0.004336295000030077
L: 0.50, u_super: 0.00611, sec: 340.312, prod: 0.138238, t_ads: 31.7, t_des: 28.4, bed_util_ads: 0.500, bed_util_des: 0.500, des_th: 0.49982199298899227,frac_lost: 0.102, li_recovered:  8.315, time: 0.003746372000023257
L: 0.50, u_super: 0.00429, sec: 234.089, prod: 0.096400, t_ads: 45.4, t_des: 41.4, bed_util_ads: 0.496, bed_util_des: 0.496, des_th: 0.49618357272889724,frac_lost: 0.106, li_recovered:  8.368, time: 0.004491417999815894
   226 |     9040 |     40 |  0.0044525731 |             f
L: 0.50, u_super: 0.00326, sec: 177.200, prod: 0.072765, t_ads: 59.7, t_des: 52.5, bed_util_ads: 0.500, bed_util_des: 0.500, des_th: 0.4999852938013582,frac_lost: 0.109, li_recovered:  8.166, time: 0.003819196001131786
L: 5.42, u_super: 0.00955 — INFEASIBLE (li_recovered=0.000e+00), time: 0.0030367260005732533
L: 0.50, u_super: 0.00010 — INFEASIBLE (li_recovered=0.000e+00), time: 0.0009954029992513824
L: 0.50, u_super: 0.00254, sec: 215.901, prod: 0.035727, t_ads: 76.5, t_des: 165.1, bed_util_ads: 0.387, bed_util_des: 0.383, des_th: 0.3827643138778316,frac_lost: 0.102, li_recovered:  8.629, time: 0.005704238999896916
L: 0.50, u_super: 0.00926, sec: 535.750, prod: 0.209558, t_ads: 21.2, t_des: 19.2, bed_util_ads: 0.500, bed_util_des: 0.500, des_th: 0.49987247021230885,frac_lost: 0.107, li_recovered:  8.454, time: 0.004314722998969955
L: 0.50, u_super: 0.00238, sec: 128.562, prod: 0.052909, t_ads: 81.0, t_des: 77.2, bed_util_ads: 0.487, bed_util_des: 0.486, des_th: 0.486419917843484,frac_lost: 0.105, li_recovered:  8.370, time: 0.004119543000342674
L: 1.93, u_super: 0.00980, sec: 2230.314, prod: 0.218722, t_ads: 75.7, t_des: 69.9, bed_util_ads: 0.492, bed_util_des: 0.491, des_th: 0.49117463688465673,frac_lost: 0.103, li_recovered:  31.840, time: 0.003739644000233966
L: 0.50, u_super: 0.00466, sec: 255.191, prod: 0.105006, t_ads: 41.7, t_des: 38.1, bed_util_ads: 0.497, bed_util_des: 0.496, des_th: 0.4963099268428161,frac_lost: 0.104, li_recovered:  8.379, time: 0.004777915999511606
L: 0.50, u_super: 0.00796, sec: 452.519, prod: 0.180379, t_ads: 24.4, t_des: 21.8, bed_util_ads: 0.500, bed_util_des: 0.500, des_th: 0.4999954575916501,frac_lost: 0.100, li_recovered:  8.327, time: 0.004348561000369955
L: 0.50, u_super: 0.00599, sec: 332.972, prod: 0.135618, t_ads: 32.4, t_des: 29.3, bed_util_ads: 0.499, bed_util_des: 0.499, des_th: 0.4987431230023716,frac_lost: 0.102, li_recovered:  8.364, time: 0.003953964000174892
L: 0.50, u_super: 0.00007 — INFEASIBLE (li_recovered=0.000e+00), time: 0.0014814840014878428
L: 0.50, u_super: 0.00717, sec: 405.197, prod: 0.161972, t_ads: 27.3, t_des: 24.8, bed_util_ads: 0.498, bed_util_des: 0.498, des_th: 0.4983303987586417,frac_lost: 0.108, li_recovered:  8.445, time: 0.00456979900081933
L: 0.50, u_super: 0.00613, sec: 341.530, prod: 0.138471, t_ads: 31.8, t_des: 29.4, bed_util_ads: 0.496, bed_util_des: 0.496, des_th: 0.4963075241141233,frac_lost: 0.104, li_recovered:  8.469, time: 0.004227155999615206
L: 53.44, u_super: 0.00020 — INFEASIBLE (li_recovered=0.000e+00), time: 0.0008370510004169773
L: 0.50, u_super: 0.00220, sec: 119.422, prod: 0.048520, t_ads: 87.8, t_des: 76.1, bed_util_ads: 0.499, bed_util_des: 0.499, des_th: 0.49918233587718663,frac_lost: 0.108, li_recovered:  7.956, time: 0.003727040999365272
L: 0.50, u_super: 0.00050, sec: 29.298, prod: 0.009985, t_ads: 358.9, t_des: 320.4, bed_util_ads: 0.470, bed_util_des: 0.469, des_th: 0.46908753684889104,frac_lost: 0.103, li_recovered:  6.783, time: 0.0035561870008677943
L: 0.50, u_super: 0.00672, sec: 377.539, prod: 0.151587, t_ads: 29.2, t_des: 26.1, bed_util_ads: 0.500, bed_util_des: 0.500, des_th: 0.49985978158508426,frac_lost: 0.108, li_recovered:  8.374, time: 0.00397151200013468
L: 7.57, u_super: 0.00005 — INFEASIBLE (li_recovered=0.000e+00), time: 0.0010332550009479746
L: 20.13, u_super: 0.00990 — INFEASIBLE (li_recovered=0.000e+00), time: 0.001755711999066989
L: 0.50, u_super: 0.00647, sec: 361.851, prod: 0.146491, t_ads: 30.0, t_des: 26.8, bed_util_ads: 0.500, bed_util_des: 0.500, des_th: 0.4999638929425894,frac_lost: 0.101, li_recovered:  8.312, time: 0.003906638999978895
L: 0.50, u_super: 0.00842, sec: 482.055, prod: 0.190714, t_ads: 23.2, t_des: 21.1, bed_util_ads: 0.498, bed_util_des: 0.498, des_th: 0.49821969377005343,frac_lost: 0.105, li_recovered:  8.444, time: 0.0036324969987617806
L: 0.50, u_super: 0.00192, sec: 103.507, prod: 0.042504, t_ads: 100.4, t_des: 91.6, bed_util_ads: 0.491, bed_util_des: 0.491, des_th: 0.4907391231081403,frac_lost: 0.108, li_recovered:  8.161, time: 0.00455240300107107
L: 0.50, u_super: 0.00102, sec: 333.563, prod: 0.003682, t_ads: 193.0, t_des: 2196.9, bed_util_ads: 0.208, bed_util_des: 0.185, des_th: 0.1851696623157332,frac_lost: 0.103, li_recovered:  8.800, time: 0.022076342000218574
L: 0.50, u_super: 0.00347, sec: 188.579, prod: 0.077495, t_ads: 56.2, t_des: 49.6, bed_util_ads: 0.500, bed_util_des: 0.500, des_th: 0.4998700372175965,frac_lost: 0.108, li_recovered:  8.194, time: 0.003902088999893749
L: 0.50, u_super: 0.00699, sec: 392.578, prod: 0.158434, t_ads: 27.8, t_des: 25.1, bed_util_ads: 0.499, bed_util_des: 0.499, des_th: 0.49924788296174316,frac_lost: 0.101, li_recovered:  8.380, time: 0.003958090999731212
L: 0.50, u_super: 0.00006, sec: 4.729, prod: 0.000741, t_ads: 3135.3, t_des: 5398.1, bed_util_ads: 0.256, bed_util_des: 0.190, des_th: 0.19016283113942173,frac_lost: 0.101, li_recovered:  6.326, time: 0.005051711001215153
L: 0.50, u_super: 0.00379, sec: 206.441, prod: 0.085001, t_ads: 51.4, t_des: 45.8, bed_util_ads: 0.499, bed_util_des: 0.499, des_th: 0.4986773903654671,frac_lost: 0.108, li_recovered:  8.262, time: 0.003499722000924521
L: 0.50, u_super: 0.00770, sec: 436.404, prod: 0.174557, t_ads: 25.2, t_des: 22.5, bed_util_ads: 0.500, bed_util_des: 0.500, des_th: 0.4999870861594622,frac_lost: 0.100, li_recovered:  8.331, time: 0.004513152000072296
L: 0.50, u_super: 0.00697, sec: 392.392, prod: 0.157362, t_ads: 28.1, t_des: 25.2, bed_util_ads: 0.500, bed_util_des: 0.500, des_th: 0.4998701733666903,frac_lost: 0.107, li_recovered:  8.380, time: 0.004180494999673101
L: 0.50, u_super: 0.00837, sec: 3142.291, prod: 0.028902, t_ads: 23.4, t_des: 280.2, bed_util_ads: 0.215, bed_util_des: 0.212, des_th: 0.2119961712821442,frac_lost: 0.105, li_recovered:  8.777, time: 0.022534959000040544
L: 0.50, u_super: 0.00904, sec: 525.330, prod: 0.203443, t_ads: 21.6, t_des: 20.7, bed_util_ads: 0.491, bed_util_des: 0.491, des_th: 0.49117463688465673,frac_lost: 0.105, li_recovered:  8.612, time: 0.004606956001225626
L: 11.55, u_super: 0.00158 — INFEASIBLE (li_recovered=0.000e+00), time: 0.0010418539986858377
L: 0.50, u_super: 0.00965, sec: 560.696, prod: 0.218694, t_ads: 20.3, t_des: 18.3, bed_util_ads: 0.500, bed_util_des: 0.500, des_th: 0.4997590334082568,frac_lost: 0.106, li_recovered:  8.444, time: 0.003791263001403422
L: 0.50, u_super: 0.00334, sec: 181.605, prod: 0.074545, t_ads: 58.0, t_des: 50.8, bed_util_ads: 0.500, bed_util_des: 0.500, des_th: 0.4998677883305812,frac_lost: 0.105, li_recovered:  8.109, time: 0.004896432999885292
L: 0.50, u_super: 0.00275, sec: 151.823, prod: 0.059823, t_ads: 70.2, t_des: 72.2, bed_util_ads: 0.479, bed_util_des: 0.478, des_th: 0.4783533540408782,frac_lost: 0.102, li_recovered:  8.523, time: 0.004113301998586394
L: 0.50, u_super: 0.00377, sec: 205.029, prod: 0.084471, t_ads: 51.7, t_des: 46.1, bed_util_ads: 0.499, bed_util_des: 0.498, des_th: 0.4985098730279312,frac_lost: 0.107, li_recovered:  8.260, time: 0.004456605000086711
L: 0.50, u_super: 0.00132, sec: 71.565, prod: 0.028834, t_ads: 143.1, t_des: 128.7, bed_util_ads: 0.490, bed_util_des: 0.489, des_th: 0.4894406540571593,frac_lost: 0.101, li_recovered:  7.837, time: 0.0038705529987055343
L: 9.38, u_super: 0.00588 — INFEASIBLE (li_recovered=0.000e+00), time: 0.0021817790002387483
L: 0.50, u_super: 0.00990, sec: 576.739, prod: 0.224528, t_ads: 19.7, t_des: 17.7, bed_util_ads: 0.500, bed_util_des: 0.500, des_th: 0.499885065167019,frac_lost: 0.104, li_recovered:  8.397, time: 0.0038840769993839785
L: 0.50, u_super: 0.00192, sec: 102.890, prod: 0.042605, t_ads: 99.5, t_des: 91.9, bed_util_ads: 0.491, bed_util_des: 0.490, des_th: 0.49022858000137426,frac_lost: 0.100, li_recovered:  8.152, time: 0.0049311629991279915
   227 |     9080 |     40 |  0.0052257805 |             f
L: 0.50, u_super: 0.00420, sec: 229.623, prod: 0.094250, t_ads: 46.4, t_des: 41.2, bed_util_ads: 0.499, bed_util_des: 0.499, des_th: 0.4992601095590324,frac_lost: 0.107, li_recovered:  8.259, time: 0.004862964999119868
L: 0.50, u_super: 0.00007, sec: 6.670, prod: 0.000919, t_ads: 2569.6, t_des: 5598.3, bed_util_ads: 0.256, bed_util_des: 0.179, des_th: 0.17913776196896064,frac_lost: 0.102, li_recovered:  7.509, time: 0.007249509999383008
L: 0.50, u_super: 0.00971, sec: 564.782, prod: 0.219992, t_ads: 20.2, t_des: 18.3, bed_util_ads: 0.499, bed_util_des: 0.499, des_th: 0.49875976734013755,frac_lost: 0.106, li_recovered:  8.461, time: 0.004497036999964621
L: 50.22, u_super: 0.00404 — INFEASIBLE (li_recovered=0.000e+00), time: 0.0014474820000032196
L: 0.50, u_super: 0.00544, sec: 300.397, prod: 0.122969, t_ads: 35.6, t_des: 32.0, bed_util_ads: 0.499, bed_util_des: 0.498, des_th: 0.4983827290338599,frac_lost: 0.101, li_recovered:  8.312, time: 0.004767292000906309
L: 0.50, u_super: 0.00939, sec: 543.969, prod: 0.212872, t_ads: 20.8, t_des: 18.9, bed_util_ads: 0.498, bed_util_des: 0.498, des_th: 0.49823772486550355,frac_lost: 0.105, li_recovered:  8.452, time: 0.004025874999570078
L: 0.50, u_super: 0.00570, sec: 315.744, prod: 0.128735, t_ads: 34.0, t_des: 30.4, bed_util_ads: 0.500, bed_util_des: 0.500, des_th: 0.4997530767056084,frac_lost: 0.102, li_recovered:  8.302, time: 0.005448339999929885
L: 0.50, u_super: 0.00873, sec: 502.071, prod: 0.197651, t_ads: 22.4, t_des: 20.1, bed_util_ads: 0.500, bed_util_des: 0.500, des_th: 0.49998753920265365,frac_lost: 0.106, li_recovered:  8.391, time: 0.004937875000905478
L: 0.50, u_super: 0.00132, sec: 75.205, prod: 0.027434, t_ads: 144.7, t_des: 158.8, bed_util_ads: 0.464, bed_util_des: 0.461, des_th: 0.46130556014127516,frac_lost: 0.106, li_recovered:  8.325, time: 0.006792465999751585
L: 0.50, u_super: 0.00874, sec: 603.564, prod: 0.164760, t_ads: 22.3, t_des: 30.6, bed_util_ads: 0.447, bed_util_des: 0.447, des_th: 0.44667475695195624,frac_lost: 0.103, li_recovered:  8.715, time: 0.006168768999486929
L: 0.50, u_super: 0.00132, sec: 71.545, prod: 0.028843, t_ads: 143.0, t_des: 128.7, bed_util_ads: 0.490, bed_util_des: 0.489, des_th: 0.48946387856324375,frac_lost: 0.100, li_recovered:  7.835, time: 0.005154795000635204
L: 0.50, u_super: 0.00050 — INFEASIBLE (li_recovered=0.000e+00), time: 0.002284689000589424
L: 22.84, u_super: 0.00005 — INFEASIBLE (li_recovered=0.000e+00), time: 0.0013320749985723523
L: 0.50, u_super: 0.00025, sec: 41.141, prod: 0.001801, t_ads: 781.1, t_des: 4017.3, bed_util_ads: 0.246, bed_util_des: 0.190, des_th: 0.1899390415060201,frac_lost: 0.101, li_recovered:  8.642, time: 0.014778786000533728
L: 0.50, u_super: 0.00147, sec: 81.049, prod: 0.031600, t_ads: 130.0, t_des: 109.4, bed_util_ads: 0.498, bed_util_des: 0.498, des_th: 0.49828225227553413,frac_lost: 0.107, li_recovered:  7.566, time: 0.005140432000189321
L: 0.50, u_super: 0.00827, sec: 473.117, prod: 0.187120, t_ads: 23.6, t_des: 21.2, bed_util_ads: 0.500, bed_util_des: 0.500, des_th: 0.4997590334082568,frac_lost: 0.106, li_recovered:  8.391, time: 0.004090816999450908
L: 0.50, u_super: 0.00538, sec: 296.701, prod: 0.121655, t_ads: 36.0, t_des: 33.1, bed_util_ads: 0.497, bed_util_des: 0.496, des_th: 0.49632220365846125,frac_lost: 0.101, li_recovered:  8.406, time: 0.00400645199988503
L: 0.50, u_super: 0.00770, sec: 437.677, prod: 0.174023, t_ads: 25.4, t_des: 22.8, bed_util_ads: 0.500, bed_util_des: 0.500, des_th: 0.4999877032057623,frac_lost: 0.108, li_recovered:  8.397, time: 0.005738054000175907
L: 0.50, u_super: 0.00158, sec: 95.044, prod: 0.030885, t_ads: 122.2, t_des: 150.8, bed_util_ads: 0.452, bed_util_des: 0.449, des_th: 0.4489354317453989,frac_lost: 0.105, li_recovered:  8.429, time: 0.004841998999836505
L: 0.50, u_super: 0.00539, sec: 297.101, prod: 0.121780, t_ads: 36.0, t_des: 33.0, bed_util_ads: 0.497, bed_util_des: 0.497, des_th: 0.49664131788569976,frac_lost: 0.102, li_recovered:  8.405, time: 0.0065265329994872445
L: 0.50, u_super: 0.00326, sec: 176.838, prod: 0.072914, t_ads: 59.7, t_des: 53.2, bed_util_ads: 0.499, bed_util_des: 0.498, des_th: 0.4982765068885927,frac_lost: 0.108, li_recovered:  8.232, time: 0.005052058000728721
L: 0.50, u_super: 0.00622, sec: 346.921, prod: 0.140757, t_ads: 31.2, t_des: 27.9, bed_util_ads: 0.500, bed_util_des: 0.500, des_th: 0.4998701733666903,frac_lost: 0.101, li_recovered:  8.312, time: 0.006726616999003454
L: 0.50, u_super: 0.00642, sec: 358.766, prod: 0.145328, t_ads: 30.2, t_des: 27.1, bed_util_ads: 0.500, bed_util_des: 0.500, des_th: 0.4999638929425894,frac_lost: 0.101, li_recovered:  8.321, time: 0.005273847000353271
L: 0.50, u_super: 0.00754, sec: 427.890, prod: 0.170550, t_ads: 25.9, t_des: 23.5, bed_util_ads: 0.499, bed_util_des: 0.499, des_th: 0.4992298518578408,frac_lost: 0.107, li_recovered:  8.434, time: 0.006357628999467124
L: 0.50, u_super: 0.00990, sec: 576.148, prod: 0.224758, t_ads: 19.7, t_des: 17.9, bed_util_ads: 0.500, bed_util_des: 0.499, des_th: 0.49942132725883337,frac_lost: 0.103, li_recovered:  8.447, time: 0.00620178699864482
L: 0.50, u_super: 0.00827, sec: 473.090, prod: 0.187140, t_ads: 23.6, t_des: 21.2, bed_util_ads: 0.500, bed_util_des: 0.500, des_th: 0.4999928472151417,frac_lost: 0.106, li_recovered:  8.390, time: 0.006968793999476475
L: 0.50, u_super: 0.00417, sec: 227.887, prod: 0.093559, t_ads: 46.6, t_des: 41.1, bed_util_ads: 0.500, bed_util_des: 0.500, des_th: 0.4996128939545116,frac_lost: 0.104, li_recovered:  8.200, time: 0.006510876000902499
L: 20.44, u_super: 0.00056 — INFEASIBLE (li_recovered=0.000e+00), time: 0.001308330998654128
L: 0.50, u_super: 0.00670, sec: 375.646, prod: 0.151726, t_ads: 28.9, t_des: 25.9, bed_util_ads: 0.500, bed_util_des: 0.500, des_th: 0.49975399329249004,frac_lost: 0.101, li_recovered:  8.322, time: 0.00632429500001308
L: 0.50, u_super: 0.00451, sec: 269.367, prod: 0.093176, t_ads: 43.0, t_des: 49.8, bed_util_ads: 0.467, bed_util_des: 0.466, des_th: 0.4661766633082114,frac_lost: 0.102, li_recovered:  8.644, time: 0.006938111999261309
L: 0.50, u_super: 0.00298, sec: 161.370, prod: 0.066416, t_ads: 64.8, t_des: 56.9, bed_util_ads: 0.500, bed_util_des: 0.499, des_th: 0.4994921364349384,frac_lost: 0.103, li_recovered:  8.082, time: 0.003997417999926256
L: 0.50, u_super: 0.00666, sec: 393.684, prod: 0.142952, t_ads: 29.4, t_des: 31.4, bed_util_ads: 0.478, bed_util_des: 0.478, des_th: 0.47758498402076865,frac_lost: 0.107, li_recovered:  8.683, time: 0.0065219419993809424
L: 10.21, u_super: 0.00620 — INFEASIBLE (li_recovered=0.000e+00), time: 0.003219038000679575
L: 0.50, u_super: 0.00956, sec: 554.565, prod: 0.216609, t_ads: 20.4, t_des: 18.3, bed_util_ads: 0.500, bed_util_des: 0.500, des_th: 0.4999826799298705,frac_lost: 0.104, li_recovered:  8.388, time: 0.0068451650004135445
L: 0.50, u_super: 0.00732, sec: 487.968, prod: 0.140443, t_ads: 26.7, t_des: 35.3, bed_util_ads: 0.452, bed_util_des: 0.451, des_th: 0.45093501111135165,frac_lost: 0.105, li_recovered:  8.704, time: 0.008404719999816734
L: 0.50, u_super: 0.00377, sec: 205.280, prod: 0.084288, t_ads: 51.6, t_des: 48.9, bed_util_ads: 0.492, bed_util_des: 0.491, des_th: 0.4913197219384717,frac_lost: 0.106, li_recovered:  8.471, time: 0.00619131900020875
L: 0.50, u_super: 0.00985, sec: 574.835, prod: 0.223058, t_ads: 19.9, t_des: 18.0, bed_util_ads: 0.500, bed_util_des: 0.500, des_th: 0.49996404172256603,frac_lost: 0.108, li_recovered:  8.455, time: 0.005615578000288224
L: 0.50, u_super: 0.00766, sec: 435.318, prod: 0.173243, t_ads: 25.6, t_des: 23.2, bed_util_ads: 0.499, bed_util_des: 0.498, des_th: 0.4985098730279312,frac_lost: 0.108, li_recovered:  8.446, time: 0.006696942000417039
L: 0.50, u_super: 0.00485, sec: 267.119, prod: 0.109124, t_ads: 40.2, t_des: 35.8, bed_util_ads: 0.500, bed_util_des: 0.500, des_th: 0.49987502366389197,frac_lost: 0.107, li_recovered:  8.290, time: 0.0072784929998306325
L: 0.50, u_super: 0.00422, sec: 230.725, prod: 0.094550, t_ads: 46.1, t_des: 40.6, bed_util_ads: 0.500, bed_util_des: 0.500, des_th: 0.4999948405473177,frac_lost: 0.106, li_recovered:  8.204, time: 0.004631596000763238
   228 |     9120 |     40 |  0.0018311083 |             f
L: 0.50, u_super: 0.00873, sec: 502.457, prod: 0.197500, t_ads: 22.4, t_des: 20.1, bed_util_ads: 0.500, bed_util_des: 0.500, des_th: 0.49993206303400617,frac_lost: 0.107, li_recovered:  8.400, time: 0.006061789999876055
L: 29.14, u_super: 0.00414 — INFEASIBLE (li_recovered=0.000e+00), time: 0.001604446000783355
L: 0.50, u_super: 0.00570, sec: 315.585, prod: 0.128797, t_ads: 34.0, t_des: 30.5, bed_util_ads: 0.500, bed_util_des: 0.499, des_th: 0.49949023280906374,frac_lost: 0.101, li_recovered:  8.313, time: 0.005729642000005697
L: 0.50, u_super: 0.00070, sec: 39.150, prod: 0.014819, t_ads: 263.5, t_des: 253.1, bed_util_ads: 0.470, bed_util_des: 0.468, des_th: 0.4684718807083776,frac_lost: 0.105, li_recovered:  7.655, time: 0.006635114999880898
L: 0.50, u_super: 0.00909, sec: 572.641, prod: 0.188609, t_ads: 21.5, t_des: 24.7, bed_util_ads: 0.469, bed_util_des: 0.469, des_th: 0.4688080281803665,frac_lost: 0.104, li_recovered:  8.711, time: 0.0071183309992193244
L: 0.50, u_super: 0.00984, sec: 572.611, prod: 0.223237, t_ads: 19.8, t_des: 17.8, bed_util_ads: 0.500, bed_util_des: 0.500, des_th: 0.49968078928015347,frac_lost: 0.103, li_recovered:  8.400, time: 0.007850598998629721
L: 0.50, u_super: 0.00452, sec: 247.678, prod: 0.101637, t_ads: 43.0, t_des: 38.3, bed_util_ads: 0.500, bed_util_des: 0.500, des_th: 0.49987638990078614,frac_lost: 0.105, li_recovered:  8.266, time: 0.006237577999854693
L: 0.50, u_super: 0.00939, sec: 543.824, prod: 0.212927, t_ads: 20.8, t_des: 19.1, bed_util_ads: 0.498, bed_util_des: 0.498, des_th: 0.4982439065332026,frac_lost: 0.104, li_recovered:  8.485, time: 0.005304198999510845
L: 0.50, u_super: 0.00732, sec: 420.540, prod: 0.162961, t_ads: 26.8, t_des: 26.2, bed_util_ads: 0.489, bed_util_des: 0.489, des_th: 0.48923452323213934,frac_lost: 0.109, li_recovered:  8.640, time: 0.006839810001110891
L: 0.50, u_super: 0.00875, sec: 503.192, prod: 0.197926, t_ads: 22.4, t_des: 20.1, bed_util_ads: 0.500, bed_util_des: 0.500, des_th: 0.4999681560366515,frac_lost: 0.107, li_recovered:  8.409, time: 0.005051157999332645
L: 0.50, u_super: 0.00783, sec: 445.839, prod: 0.176836, t_ads: 25.0, t_des: 22.4, bed_util_ads: 0.500, bed_util_des: 0.500, des_th: 0.49992527553312066,frac_lost: 0.108, li_recovered:  8.393, time: 0.004734533000373631
L: 0.50, u_super: 0.00281, sec: 152.050, prod: 0.062620, t_ads: 68.5, t_des: 60.2, bed_util_ads: 0.498, bed_util_des: 0.498, des_th: 0.4982765068885927,frac_lost: 0.102, li_recovered:  8.061, time: 0.004989638999177259
L: 0.50, u_super: 0.00450, sec: 246.045, prod: 0.101336, t_ads: 43.2, t_des: 39.5, bed_util_ads: 0.497, bed_util_des: 0.496, des_th: 0.4963099268428161,frac_lost: 0.105, li_recovered:  8.377, time: 0.0057905529993149685
L: 44.34, u_super: 0.00990 — INFEASIBLE (li_recovered=0.000e+00), time: 0.0012622960002772743
L: 0.50, u_super: 0.00575, sec: 318.703, prod: 0.129837, t_ads: 33.8, t_des: 31.4, bed_util_ads: 0.495, bed_util_des: 0.494, des_th: 0.4944479700999142,frac_lost: 0.103, li_recovered:  8.464, time: 0.00540962299965031
L: 0.50, u_super: 0.00010, sec: 10.624, prod: 0.001156, t_ads: 1858.6, t_des: 5043.6, bed_util_ads: 0.259, bed_util_des: 0.185, des_th: 0.1851696623157332,frac_lost: 0.101, li_recovered:  7.981, time: 0.0075400590012577595
L: 58.96, u_super: 0.00613 — INFEASIBLE (li_recovered=0.000e+00), time: 0.0009555990000080783
L: 0.50, u_super: 0.00108 — INFEASIBLE (li_recovered=0.000e+00), time: 0.0020299469997553388
L: 0.50, u_super: 0.00238, sec: 130.436, prod: 0.052148, t_ads: 80.9, t_des: 81.5, bed_util_ads: 0.481, bed_util_des: 0.480, des_th: 0.4803868115468234,frac_lost: 0.104, li_recovered:  8.470, time: 0.004112548000193783
L: 9.89, u_super: 0.00343 — INFEASIBLE (li_recovered=0.000e+00), time: 0.001348333998976159
L: 51.11, u_super: 0.00174 — INFEASIBLE (li_recovered=0.000e+00), time: 0.0005810399998154026
L: 0.50, u_super: 0.00494, sec: 275.725, prod: 0.109640, t_ads: 39.4, t_des: 39.0, bed_util_ads: 0.486, bed_util_des: 0.486, des_th: 0.48602109575738905,frac_lost: 0.104, li_recovered:  8.598, time: 0.0035907639994547935
L: 4.26, u_super: 0.00204 — INFEASIBLE (li_recovered=0.000e+00), time: 0.00222222599950328
L: 5.52, u_super: 0.00842 — INFEASIBLE (li_recovered=0.000e+00), time: 0.002856156999769155
L: 0.50, u_super: 0.00021, sec: 41.083, prod: 0.001261, t_ads: 951.0, t_des: 6066.4, bed_util_ads: 0.223, bed_util_des: 0.155, des_th: 0.15472383588326538,frac_lost: 0.101, li_recovered:  8.847, time: 0.013241339998785406
L: 44.51, u_super: 0.00481 — INFEASIBLE (li_recovered=0.000e+00), time: 0.0008826480006973725
L: 0.50, u_super: 0.00819, sec: 531.829, prod: 0.163195, t_ads: 23.9, t_des: 29.5, bed_util_ads: 0.461, bed_util_des: 0.460, des_th: 0.46003827339712244,frac_lost: 0.106, li_recovered:  8.710, time: 0.0038915559998713434
L: 0.50, u_super: 0.00281, sec: 182.474, prod: 0.052099, t_ads: 69.2, t_des: 95.8, bed_util_ads: 0.441, bed_util_des: 0.439, des_th: 0.4394255284175561,frac_lost: 0.106, li_recovered:  8.596, time: 0.005381035000027623
L: 0.50, u_super: 0.00731, sec: 411.737, prod: 0.165707, t_ads: 26.5, t_des: 24.1, bed_util_ads: 0.498, bed_util_des: 0.498, des_th: 0.4983231866398276,frac_lost: 0.100, li_recovered:  8.387, time: 0.003924433000065619
L: 0.50, u_super: 0.00266, sec: 144.283, prod: 0.059057, t_ads: 72.3, t_des: 62.8, bed_util_ads: 0.499, bed_util_des: 0.499, des_th: 0.4992251597827737,frac_lost: 0.102, li_recovered:  7.980, time: 0.004028292998555116
L: 0.50, u_super: 0.00347, sec: 188.118, prod: 0.077766, t_ads: 56.1, t_des: 51.2, bed_util_ads: 0.496, bed_util_des: 0.495, des_th: 0.49530764092199736,frac_lost: 0.107, li_recovered:  8.343, time: 0.0039210249997267965
L: 0.50, u_super: 0.00800, sec: 456.424, prod: 0.181029, t_ads: 24.5, t_des: 22.2, bed_util_ads: 0.498, bed_util_des: 0.498, des_th: 0.49821969377005343,frac_lost: 0.107, li_recovered:  8.442, time: 0.003496114999506972
L: 0.50, u_super: 0.00588, sec: 326.103, prod: 0.132879, t_ads: 33.0, t_des: 29.6, bed_util_ads: 0.500, bed_util_des: 0.499, des_th: 0.4994297865920181,frac_lost: 0.101, li_recovered:  8.314, time: 0.0035052259991061874
L: 0.50, u_super: 0.00199, sec: 107.956, prod: 0.043601, t_ads: 97.2, t_des: 95.0, bed_util_ads: 0.483, bed_util_des: 0.482, des_th: 0.481597179197258,frac_lost: 0.108, li_recovered:  8.382, time: 0.003792445999351912
L: 0.50, u_super: 0.00899, sec: 518.259, prod: 0.203515, t_ads: 21.8, t_des: 19.7, bed_util_ads: 0.499, bed_util_des: 0.499, des_th: 0.49875976734013755,frac_lost: 0.106, li_recovered:  8.445, time: 0.003537786999004311
L: 0.50, u_super: 0.00102, sec: 58.357, prod: 0.020865, t_ads: 186.1, t_des: 206.8, bed_util_ads: 0.459, bed_util_des: 0.456, des_th: 0.45639010256037554,frac_lost: 0.104, li_recovered:  8.199, time: 0.004037483999127289
L: 0.50, u_super: 0.00697, sec: 391.566, prod: 0.157893, t_ads: 27.9, t_des: 25.8, bed_util_ads: 0.497, bed_util_des: 0.496, des_th: 0.49643936922608456,frac_lost: 0.101, li_recovered:  8.466, time: 0.005190853000385687
L: 0.50, u_super: 0.00248, sec: 133.400, prod: 0.055140, t_ads: 77.9, t_des: 73.6, bed_util_ads: 0.490, bed_util_des: 0.489, des_th: 0.48940516729338074,frac_lost: 0.104, li_recovered:  8.353, time: 0.004489315000682836
L: 0.50, u_super: 0.00140, sec: 75.471, prod: 0.030516, t_ads: 137.0, t_des: 124.5, bed_util_ads: 0.489, bed_util_des: 0.488, des_th: 0.48780002648016463,frac_lost: 0.107, li_recovered:  7.980, time: 0.0048145040000235895
L: 0.50, u_super: 0.00057, sec: 32.848, prod: 0.011644, t_ads: 320.1, t_des: 339.9, bed_util_ads: 0.451, bed_util_des: 0.447, des_th: 0.44730203879573693,frac_lost: 0.101, li_recovered:  7.686, time: 0.005212042999119149
   229 |     9160 |     40 |  0.0045080651 |             f
L: 29.21, u_super: 0.00739 — INFEASIBLE (li_recovered=0.000e+00), time: 0.002105823999954737
L: 0.50, u_super: 0.00976, sec: 566.958, prod: 0.221556, t_ads: 19.9, t_des: 18.0, bed_util_ads: 0.500, bed_util_des: 0.500, des_th: 0.49965997898775216,frac_lost: 0.102, li_recovered:  8.398, time: 0.007746105000478565
L: 0.50, u_super: 0.00777, sec: 442.337, prod: 0.175582, t_ads: 25.2, t_des: 23.1, bed_util_ads: 0.498, bed_util_des: 0.498, des_th: 0.4981523759532779,frac_lost: 0.108, li_recovered:  8.485, time: 0.007132781998734572
L: 0.50, u_super: 0.00511, sec: 281.004, prod: 0.115259, t_ads: 38.0, t_des: 34.9, bed_util_ads: 0.496, bed_util_des: 0.495, des_th: 0.4954730139033421,frac_lost: 0.103, li_recovered:  8.410, time: 0.006427345999327372
L: 3.88, u_super: 0.00030 — INFEASIBLE (li_recovered=0.000e+00), time: 0.0010462730006111087
L: 0.50, u_super: 0.00978, sec: 608.596, prod: 0.207515, t_ads: 20.0, t_des: 22.0, bed_util_ads: 0.475, bed_util_des: 0.475, des_th: 0.47452662156617803,frac_lost: 0.105, li_recovered:  8.714, time: 0.004778284999702009
L: 0.70, u_super: 0.00202, sec: 153.700, prod: 0.044155, t_ads: 132.1, t_des: 118.7, bed_util_ads: 0.490, bed_util_des: 0.489, des_th: 0.48949125314445713,frac_lost: 0.105, li_recovered:  11.074, time: 0.006202783000844647
L: 0.50, u_super: 0.00452, sec: 247.549, prod: 0.101737, t_ads: 43.1, t_des: 39.3, bed_util_ads: 0.497, bed_util_des: 0.496, des_th: 0.4963099268428161,frac_lost: 0.106, li_recovered:  8.383, time: 0.006190807000166387
L: 0.50, u_super: 0.00140, sec: 75.729, prod: 0.030412, t_ads: 136.7, t_des: 133.5, bed_util_ads: 0.480, bed_util_des: 0.478, des_th: 0.4785170648307081,frac_lost: 0.105, li_recovered:  8.216, time: 0.006068799999411567
L: 0.50, u_super: 0.00939, sec: 543.533, prod: 0.213041, t_ads: 20.8, t_des: 18.9, bed_util_ads: 0.498, bed_util_des: 0.498, des_th: 0.4982439065332026,frac_lost: 0.104, li_recovered:  8.444, time: 0.00448169700030121
L: 17.00, u_super: 0.00414 — INFEASIBLE (li_recovered=0.000e+00), time: 0.001117245999921579
L: 43.47, u_super: 0.00511 — INFEASIBLE (li_recovered=0.000e+00), time: 0.0010631620007188758
L: 0.50, u_super: 0.00014, sec: 15.411, prod: 0.001380, t_ads: 1429.9, t_des: 4527.8, bed_util_ads: 0.261, bed_util_des: 0.193, des_th: 0.19283478006659024,frac_lost: 0.101, li_recovered:  8.223, time: 0.00980978799998411
L: 0.50, u_super: 0.00651, sec: 365.343, prod: 0.146959, t_ads: 30.1, t_des: 27.6, bed_util_ads: 0.497, bed_util_des: 0.496, des_th: 0.49643936922608456,frac_lost: 0.108, li_recovered:  8.470, time: 0.005456004000734538
L: 0.50, u_super: 0.00945, sec: 560.378, prod: 0.209239, t_ads: 20.7, t_des: 20.8, bed_util_ads: 0.486, bed_util_des: 0.485, des_th: 0.48537988327235737,frac_lost: 0.105, li_recovered:  8.680, time: 0.006727624999257387
L: 0.50, u_super: 0.00087, sec: 49.181, prod: 0.018067, t_ads: 213.7, t_des: 180.4, bed_util_ads: 0.491, bed_util_des: 0.490, des_th: 0.49057666823344226,frac_lost: 0.102, li_recovered:  7.121, time: 0.005300816999806557
L: 0.50, u_super: 0.00012, sec: 12.443, prod: 0.001272, t_ads: 1644.6, t_des: 4699.7, bed_util_ads: 0.262, bed_util_des: 0.191, des_th: 0.1912256823676886,frac_lost: 0.101, li_recovered:  8.067, time: 0.007230822999190423
L: 0.50, u_super: 0.00409, sec: 223.131, prod: 0.091755, t_ads: 47.6, t_des: 42.5, bed_util_ads: 0.499, bed_util_des: 0.498, des_th: 0.4985098730279312,frac_lost: 0.107, li_recovered:  8.266, time: 0.005012206998799229
L: 0.50, u_super: 0.00990, sec: 590.188, prod: 0.219244, t_ads: 19.7, t_des: 19.9, bed_util_ads: 0.486, bed_util_des: 0.486, des_th: 0.48552348105199433,frac_lost: 0.105, li_recovered:  8.683, time: 0.0046074720012256876
L: 0.50, u_super: 0.00432, sec: 236.262, prod: 0.096860, t_ads: 45.0, t_des: 39.7, bed_util_ads: 0.500, bed_util_des: 0.500, des_th: 0.4999902025002062,frac_lost: 0.104, li_recovered:  8.203, time: 0.0052150979990983615
L: 0.50, u_super: 0.00329, sec: 178.581, prod: 0.073471, t_ads: 59.1, t_des: 52.2, bed_util_ads: 0.500, bed_util_des: 0.499, des_th: 0.4994921364349384,frac_lost: 0.108, li_recovered:  8.181, time: 0.003803333998803282
L: 0.50, u_super: 0.00609, sec: 338.400, prod: 0.137738, t_ads: 31.9, t_des: 29.2, bed_util_ads: 0.498, bed_util_des: 0.497, des_th: 0.4973683168607431,frac_lost: 0.102, li_recovered:  8.413, time: 0.004971755999576999
L: 0.50, u_super: 0.00005, sec: 4.350, prod: 0.000673, t_ads: 3421.6, t_des: 5828.3, bed_util_ads: 0.253, bed_util_des: 0.185, des_th: 0.1851696623157332,frac_lost: 0.103, li_recovered:  6.227, time: 0.006443214000682929
L: 13.78, u_super: 0.00536 — INFEASIBLE (li_recovered=0.000e+00), time: 0.0017641269987507258
L: 11.03, u_super: 0.00790 — INFEASIBLE (li_recovered=0.000e+00), time: 0.002240296000309172
L: 0.50, u_super: 0.00677, sec: 380.516, prod: 0.152789, t_ads: 28.9, t_des: 26.6, bed_util_ads: 0.497, bed_util_des: 0.496, des_th: 0.49643936922608456,frac_lost: 0.107, li_recovered:  8.474, time: 0.0058194359990011435
L: 0.50, u_super: 0.00102, sec: 55.998, prod: 0.021744, t_ads: 184.8, t_des: 162.8, bed_util_ads: 0.488, bed_util_des: 0.488, des_th: 0.4878355116457708,frac_lost: 0.104, li_recovered:  7.560, time: 0.00435381200077245
L: 0.50, u_super: 0.00326, sec: 176.540, prod: 0.073037, t_ads: 59.2, t_des: 52.6, bed_util_ads: 0.499, bed_util_des: 0.498, des_th: 0.49841350155052627,frac_lost: 0.102, li_recovered:  8.163, time: 0.004210787999909371
L: 0.50, u_super: 0.00982, sec: 571.200, prod: 0.222985, t_ads: 19.8, t_des: 18.0, bed_util_ads: 0.500, bed_util_des: 0.499, des_th: 0.49942132725883337,frac_lost: 0.103, li_recovered:  8.446, time: 0.004479527999137645
L: 0.50, u_super: 0.00198, sec: 108.013, prod: 0.043363, t_ads: 96.4, t_des: 82.4, bed_util_ads: 0.500, bed_util_des: 0.500, des_th: 0.499586057871889,frac_lost: 0.101, li_recovered:  7.753, time: 0.005051451000326779
L: 0.50, u_super: 0.00647, sec: 361.760, prod: 0.146528, t_ads: 29.9, t_des: 26.8, bed_util_ads: 0.500, bed_util_des: 0.499, des_th: 0.499452884399333,frac_lost: 0.101, li_recovered:  8.318, time: 0.0049805580001702765
L: 0.50, u_super: 0.00259, sec: 139.770, prod: 0.057710, t_ads: 74.4, t_des: 70.9, bed_util_ads: 0.488, bed_util_des: 0.487, des_th: 0.4874296300877337,frac_lost: 0.103, li_recovered:  8.385, time: 0.005822850000186008
L: 0.50, u_super: 0.00417, sec: 227.658, prod: 0.093714, t_ads: 46.6, t_des: 41.6, bed_util_ads: 0.499, bed_util_des: 0.498, des_th: 0.4985098730279312,frac_lost: 0.105, li_recovered:  8.270, time: 0.004880055999819888
L: 0.50, u_super: 0.00988, sec: 575.328, prod: 0.223995, t_ads: 19.8, t_des: 18.0, bed_util_ads: 0.500, bed_util_des: 0.499, des_th: 0.4994157985174054,frac_lost: 0.105, li_recovered:  8.454, time: 0.006196424999870942
L: 0.50, u_super: 0.00368, sec: 1638.841, prod: 0.010047, t_ads: 53.4, t_des: 821.0, bed_util_ads: 0.192, bed_util_des: 0.185, des_th: 0.1851696623157332,frac_lost: 0.103, li_recovered:  8.785, time: 0.030328803000884363
L: 0.50, u_super: 0.00939, sec: 543.846, prod: 0.212920, t_ads: 20.8, t_des: 18.8, bed_util_ads: 0.500, bed_util_des: 0.499, des_th: 0.4994081461656456,frac_lost: 0.105, li_recovered:  8.439, time: 0.004381245000331546
L: 0.50, u_super: 0.00266, sec: 144.283, prod: 0.059057, t_ads: 72.3, t_des: 62.8, bed_util_ads: 0.499, bed_util_des: 0.499, des_th: 0.4992251597827737,frac_lost: 0.102, li_recovered:  7.980, time: 0.005028785000831704
L: 0.50, u_super: 0.00730, sec: 411.721, prod: 0.165530, t_ads: 26.6, t_des: 24.7, bed_util_ads: 0.497, bed_util_des: 0.496, des_th: 0.49644465334075183,frac_lost: 0.100, li_recovered:  8.481, time: 0.005346441999790841
L: 0.50, u_super: 0.00005 — INFEASIBLE (li_recovered=0.000e+00), time: 0.0009610699999029748
L: 0.50, u_super: 0.00903, sec: 625.423, prod: 0.170197, t_ads: 21.6, t_des: 29.6, bed_util_ads: 0.447, bed_util_des: 0.446, des_th: 0.4464633032470813,frac_lost: 0.104, li_recovered:  8.718, time: 0.0055181139996420825
   230 |     9200 |     40 |  0.0032163817 |             f
L: 0.50, u_super: 0.00238, sec: 128.174, prod: 0.053069, t_ads: 81.0, t_des: 74.5, bed_util_ads: 0.492, bed_util_des: 0.492, des_th: 0.49176454338507736,frac_lost: 0.106, li_recovered:  8.253, time: 0.00482746299894643
L: 0.50, u_super: 0.00467, sec: 255.772, prod: 0.105078, t_ads: 41.7, t_des: 38.0, bed_util_ads: 0.496, bed_util_des: 0.496, des_th: 0.49622494760561653,frac_lost: 0.106, li_recovered:  8.380, time: 0.005261905998850125
L: 0.50, u_super: 0.00511, sec: 294.675, prod: 0.109912, t_ads: 38.0, t_des: 40.7, bed_util_ads: 0.476, bed_util_des: 0.476, des_th: 0.475535988925507,frac_lost: 0.101, li_recovered:  8.646, time: 0.004693457000030321
L: 0.50, u_super: 0.00369, sec: 205.192, prod: 0.080854, t_ads: 52.7, t_des: 53.5, bed_util_ads: 0.482, bed_util_des: 0.482, des_th: 0.48186020313724154,frac_lost: 0.105, li_recovered:  8.579, time: 0.0045725130003120285
L: 0.50, u_super: 0.00764, sec: 435.746, prod: 0.171847, t_ads: 25.5, t_des: 24.6, bed_util_ads: 0.490, bed_util_des: 0.490, des_th: 0.49022858000137426,frac_lost: 0.102, li_recovered:  8.597, time: 0.005692161999832024
L: 0.50, u_super: 0.00969, sec: 563.285, prod: 0.219837, t_ads: 20.1, t_des: 18.5, bed_util_ads: 0.498, bed_util_des: 0.498, des_th: 0.49821890629644344,frac_lost: 0.104, li_recovered:  8.494, time: 0.005339600000297651
L: 1.38, u_super: 0.00624, sec: 973.717, prod: 0.138846, t_ads: 85.0, t_des: 78.4, bed_util_ads: 0.492, bed_util_des: 0.491, des_th: 0.49143429492213825,frac_lost: 0.104, li_recovered:  22.693, time: 0.00476454900126555
L: 0.50, u_super: 0.00502, sec: 276.722, prod: 0.113124, t_ads: 38.8, t_des: 34.5, bed_util_ads: 0.500, bed_util_des: 0.500, des_th: 0.4999377898285248,frac_lost: 0.105, li_recovered:  8.288, time: 0.005585442000665353
L: 0.50, u_super: 0.00206, sec: 730.438, prod: 0.006926, t_ads: 95.5, t_des: 1173.0, bed_util_ads: 0.207, bed_util_des: 0.196, des_th: 0.19558416137504728,frac_lost: 0.105, li_recovered:  8.786, time: 0.024053540000750218
L: 0.50, u_super: 0.00087, sec: 49.144, prod: 0.018081, t_ads: 213.2, t_des: 180.4, bed_util_ads: 0.491, bed_util_des: 0.490, des_th: 0.49057666823344226,frac_lost: 0.100, li_recovered:  7.116, time: 0.00402689700058545
L: 63.32, u_super: 0.00677 — INFEASIBLE (li_recovered=0.000e+00), time: 0.0012240229989401996
L: 0.50, u_super: 0.00990, sec: 576.813, prod: 0.224499, t_ads: 19.7, t_des: 17.8, bed_util_ads: 0.500, bed_util_des: 0.499, des_th: 0.49942132725883337,frac_lost: 0.104, li_recovered:  8.416, time: 0.005370605000280193
L: 0.50, u_super: 0.00247, sec: 133.341, prod: 0.054771, t_ads: 78.1, t_des: 68.6, bed_util_ads: 0.499, bed_util_des: 0.498, des_th: 0.4984319533076124,frac_lost: 0.104, li_recovered:  8.036, time: 0.004373685998871224
L: 0.50, u_super: 0.00755, sec: 428.071, prod: 0.170536, t_ads: 26.0, t_des: 23.5, bed_util_ads: 0.499, bed_util_des: 0.499, des_th: 0.4992298518578408,frac_lost: 0.108, li_recovered:  8.438, time: 0.005251094000414014
L: 0.50, u_super: 0.00011, sec: 11.015, prod: 0.001168, t_ads: 1834.4, t_des: 5069.1, bed_util_ads: 0.259, bed_util_des: 0.185, des_th: 0.1851696623157332,frac_lost: 0.104, li_recovered:  8.066, time: 0.007451149998814799
L: 41.09, u_super: 0.00697 — INFEASIBLE (li_recovered=0.000e+00), time: 0.0013429740010906244
L: 0.50, u_super: 0.00817, sec: 467.307, prod: 0.184792, t_ads: 24.0, t_des: 21.4, bed_util_ads: 0.500, bed_util_des: 0.500, des_th: 0.49998924752924867,frac_lost: 0.108, li_recovered:  8.391, time: 0.005488804999913555
L: 5.19, u_super: 0.00329 — INFEASIBLE (li_recovered=0.000e+00), time: 0.0030613360013376223
L: 0.50, u_super: 0.00939, sec: 549.713, prod: 0.210498, t_ads: 20.8, t_des: 20.3, bed_util_ads: 0.490, bed_util_des: 0.490, des_th: 0.49001449843603184,frac_lost: 0.104, li_recovered:  8.640, time: 0.006423540000469075
L: 0.50, u_super: 0.00494, sec: 271.602, prod: 0.111502, t_ads: 39.3, t_des: 36.0, bed_util_ads: 0.497, bed_util_des: 0.496, des_th: 0.49643936922608456,frac_lost: 0.104, li_recovered:  8.395, time: 0.004939958998875227
L: 0.50, u_super: 0.00267, sec: 145.485, prod: 0.058718, t_ads: 72.2, t_des: 72.3, bed_util_ads: 0.482, bed_util_des: 0.481, des_th: 0.48120132882071387,frac_lost: 0.101, li_recovered:  8.482, time: 0.005245962000117288
L: 0.50, u_super: 0.00908, sec: 523.700, prod: 0.206030, t_ads: 21.5, t_des: 19.5, bed_util_ads: 0.499, bed_util_des: 0.499, des_th: 0.49875976734013755,frac_lost: 0.103, li_recovered:  8.445, time: 0.004450583001016639
L: 0.50, u_super: 0.00187, sec: 102.627, prod: 0.040678, t_ads: 101.8, t_des: 85.9, bed_util_ads: 0.500, bed_util_des: 0.500, des_th: 0.499999507021701,frac_lost: 0.101, li_recovered:  7.636, time: 0.003978090000600787
L: 0.50, u_super: 0.00842, sec: 531.091, prod: 0.173105, t_ads: 23.2, t_des: 27.1, bed_util_ads: 0.467, bed_util_des: 0.466, des_th: 0.46609662849366673,frac_lost: 0.105, li_recovered:  8.707, time: 0.00557752500026254
L: 0.50, u_super: 0.00041, sec: 84.845, prod: 0.002323, t_ads: 480.9, t_des: 3283.7, bed_util_ads: 0.235, bed_util_des: 0.193, des_th: 0.19289480587764796,frac_lost: 0.102, li_recovered:  8.745, time: 0.0174224239999603
L: 0.50, u_super: 0.00953, sec: 552.611, prod: 0.215958, t_ads: 20.5, t_des: 18.6, bed_util_ads: 0.500, bed_util_des: 0.499, des_th: 0.49942132725883337,frac_lost: 0.105, li_recovered:  8.451, time: 0.006298725000306149
L: 0.50, u_super: 0.00013 — INFEASIBLE (li_recovered=0.000e+00), time: 0.0018613820011523785
L: 0.50, u_super: 0.00012 — INFEASIBLE (li_recovered=0.000e+00), time: 0.0011825999990833225
L: 15.65, u_super: 0.00132 — INFEASIBLE (li_recovered=0.000e+00), time: 0.0011594219995458843
L: 0.50, u_super: 0.00298, sec: 161.343, prod: 0.066428, t_ads: 64.7, t_des: 56.7, bed_util_ads: 0.500, bed_util_des: 0.500, des_th: 0.4996438241464995,frac_lost: 0.102, li_recovered:  8.065, time: 0.005589061000137008
L: 0.50, u_super: 0.00906, sec: 534.319, prod: 0.200891, t_ads: 21.6, t_des: 21.6, bed_util_ads: 0.486, bed_util_des: 0.486, des_th: 0.48620045285524105,frac_lost: 0.105, li_recovered:  8.674, time: 0.004764911998790922
L: 0.50, u_super: 0.00777, sec: 440.472, prod: 0.176268, t_ads: 25.0, t_des: 22.8, bed_util_ads: 0.498, bed_util_des: 0.498, des_th: 0.4983449094991462,frac_lost: 0.101, li_recovered:  8.431, time: 0.004240420999849448
L: 0.50, u_super: 0.00367, sec: 199.623, prod: 0.082266, t_ads: 53.0, t_des: 47.3, bed_util_ads: 0.499, bed_util_des: 0.499, des_th: 0.49867592518344556,frac_lost: 0.107, li_recovered:  8.255, time: 0.00612079900020035
L: 0.50, u_super: 0.00600, sec: 333.499, prod: 0.135605, t_ads: 32.4, t_des: 29.6, bed_util_ads: 0.497, bed_util_des: 0.497, des_th: 0.49707271343858456,frac_lost: 0.104, li_recovered:  8.417, time: 0.005684289000782883
L: 0.50, u_super: 0.00485, sec: 276.077, prod: 0.105249, t_ads: 40.0, t_des: 42.0, bed_util_ads: 0.480, bed_util_des: 0.479, des_th: 0.47909897394531126,frac_lost: 0.102, li_recovered:  8.635, time: 0.004620182000508066
L: 0.50, u_super: 0.00894, sec: 514.952, prod: 0.202592, t_ads: 21.8, t_des: 19.6, bed_util_ads: 0.500, bed_util_des: 0.500, des_th: 0.4999451666104269,frac_lost: 0.104, li_recovered:  8.390, time: 0.005302290001054644
L: 0.50, u_super: 0.00174, sec: 94.925, prod: 0.037842, t_ads: 109.7, t_des: 93.7, bed_util_ads: 0.499, bed_util_des: 0.498, des_th: 0.498456574814632,frac_lost: 0.102, li_recovered:  7.697, time: 0.005141298999660648
L: 0.50, u_super: 0.00701, sec: 395.471, prod: 0.158203, t_ads: 28.0, t_des: 25.3, bed_util_ads: 0.499, bed_util_des: 0.499, des_th: 0.4992298518578408,frac_lost: 0.109, li_recovered:  8.438, time: 0.004566814999634516
L: 32.75, u_super: 0.00452 — INFEASIBLE (li_recovered=0.000e+00), time: 0.0010214349986199522
L: 0.50, u_super: 0.00285, sec: 154.305, prod: 0.063546, t_ads: 67.6, t_des: 59.5, bed_util_ads: 0.499, bed_util_des: 0.498, des_th: 0.4982765068885927,frac_lost: 0.103, li_recovered:  8.076, time: 0.004661635000957176
   231 |     9240 |     40 |  0.0030780656 |             f
L: 0.50, u_super: 0.00388, sec: 211.044, prod: 0.087152, t_ads: 50.0, t_des: 44.9, bed_util_ads: 0.499, bed_util_des: 0.498, des_th: 0.4985098730279312,frac_lost: 0.105, li_recovered:  8.273, time: 0.00537470199924428
L: 0.50, u_super: 0.00876, sec: 503.929, prod: 0.198429, t_ads: 22.3, t_des: 20.3, bed_util_ads: 0.498, bed_util_des: 0.498, des_th: 0.4982380555253584,frac_lost: 0.106, li_recovered:  8.456, time: 0.0051781670008494984
L: 11.65, u_super: 0.00460 — INFEASIBLE (li_recovered=0.000e+00), time: 0.0017534340004203841
L: 0.50, u_super: 0.00717, sec: 417.952, prod: 0.157029, t_ads: 27.2, t_des: 28.0, bed_util_ads: 0.483, bed_util_des: 0.483, des_th: 0.48269378347256675,frac_lost: 0.105, li_recovered:  8.674, time: 0.00631876500119688
L: 0.50, u_super: 0.00776, sec: 441.801, prod: 0.175287, t_ads: 25.3, t_des: 23.1, bed_util_ads: 0.498, bed_util_des: 0.498, des_th: 0.4983449094991462,frac_lost: 0.109, li_recovered:  8.481, time: 0.005421046998890233
L: 0.50, u_super: 0.00939, sec: 543.897, prod: 0.212898, t_ads: 20.8, t_des: 19.1, bed_util_ads: 0.498, bed_util_des: 0.498, des_th: 0.49823977389067664,frac_lost: 0.105, li_recovered:  8.487, time: 0.006321333999949275
L: 0.50, u_super: 0.00638, sec: 355.790, prod: 0.144314, t_ads: 30.5, t_des: 27.5, bed_util_ads: 0.499, bed_util_des: 0.499, des_th: 0.4986203681467041,frac_lost: 0.102, li_recovered:  8.364, time: 0.004013993000626215
L: 0.50, u_super: 0.00092, sec: 50.727, prod: 0.019703, t_ads: 203.6, t_des: 201.9, bed_util_ads: 0.472, bed_util_des: 0.470, des_th: 0.46984782882397913,frac_lost: 0.103, li_recovered:  7.990, time: 0.0037865070007683244
L: 0.50, u_super: 0.00953, sec: 651.624, prod: 0.183144, t_ads: 20.5, t_des: 27.1, bed_util_ads: 0.452, bed_util_des: 0.451, des_th: 0.4510842737812566,frac_lost: 0.103, li_recovered:  8.719, time: 0.006703992999973707
L: 0.50, u_super: 0.00020 — INFEASIBLE (li_recovered=0.000e+00), time: 0.0025601850011298666
L: 0.50, u_super: 0.00301, sec: 162.353, prod: 0.067527, t_ads: 64.0, t_des: 58.3, bed_util_ads: 0.495, bed_util_des: 0.495, des_th: 0.4946128827014363,frac_lost: 0.102, li_recovered:  8.258, time: 0.003644512000391842
L: 0.50, u_super: 0.00199, sec: 108.054, prod: 0.043448, t_ads: 97.2, t_des: 83.4, bed_util_ads: 0.499, bed_util_des: 0.499, des_th: 0.4988902713899608,frac_lost: 0.108, li_recovered:  7.845, time: 0.005121578999023768
L: 0.50, u_super: 0.00711, sec: 401.150, prod: 0.160751, t_ads: 27.5, t_des: 24.9, bed_util_ads: 0.498, bed_util_des: 0.498, des_th: 0.4983303987586417,frac_lost: 0.107, li_recovered:  8.429, time: 0.006004453998684767
L: 0.50, u_super: 0.00107, sec: 58.813, prod: 0.022811, t_ads: 175.8, t_des: 153.3, bed_util_ads: 0.490, bed_util_des: 0.490, des_th: 0.49012295764618957,frac_lost: 0.101, li_recovered:  7.507, time: 0.00430545000017446
L: 0.50, u_super: 0.00803, sec: 458.053, prod: 0.181554, t_ads: 24.4, t_des: 22.4, bed_util_ads: 0.498, bed_util_des: 0.498, des_th: 0.49821969377005343,frac_lost: 0.107, li_recovered:  8.485, time: 0.004565760998957558
L: 0.50, u_super: 0.00873, sec: 502.169, prod: 0.197612, t_ads: 22.4, t_des: 20.1, bed_util_ads: 0.500, bed_util_des: 0.500, des_th: 0.49994200868655425,frac_lost: 0.107, li_recovered:  8.404, time: 0.004930358998535667
L: 0.50, u_super: 0.00600, sec: 333.037, prod: 0.135806, t_ads: 32.3, t_des: 29.7, bed_util_ads: 0.496, bed_util_des: 0.496, des_th: 0.49622494760561653,frac_lost: 0.101, li_recovered:  8.421, time: 0.006887281000672374
L: 0.50, u_super: 0.00468, sec: 256.817, prod: 0.105350, t_ads: 41.5, t_des: 38.8, bed_util_ads: 0.494, bed_util_des: 0.493, des_th: 0.4932283213090509,frac_lost: 0.104, li_recovered:  8.464, time: 0.004376376000436721
L: 19.79, u_super: 0.00651 — INFEASIBLE (li_recovered=0.000e+00), time: 0.0024580940007581376
L: 0.50, u_super: 0.00818, sec: 466.716, prod: 0.185478, t_ads: 23.7, t_des: 21.2, bed_util_ads: 0.500, bed_util_des: 0.500, des_th: 0.49998924752924867,frac_lost: 0.101, li_recovered:  8.334, time: 0.004070332999617676
L: 0.50, u_super: 0.00706, sec: 397.218, prod: 0.159932, t_ads: 27.5, t_des: 24.5, bed_util_ads: 0.500, bed_util_des: 0.500, des_th: 0.49981248335487544,frac_lost: 0.100, li_recovered:  8.317, time: 0.004737885999929858
L: 0.50, u_super: 0.00677, sec: 380.398, prod: 0.152836, t_ads: 28.9, t_des: 26.6, bed_util_ads: 0.497, bed_util_des: 0.496, des_th: 0.4964435018677401,frac_lost: 0.107, li_recovered:  8.476, time: 0.0065438669989816844
L: 0.50, u_super: 0.00022 — INFEASIBLE (li_recovered=0.000e+00), time: 0.001922240000567399
L: 8.36, u_super: 0.00238 — INFEASIBLE (li_recovered=0.000e+00), time: 0.0013566590005211765
L: 0.50, u_super: 0.00005, sec: 4.353, prod: 0.000673, t_ads: 3382.6, t_des: 5693.5, bed_util_ads: 0.253, bed_util_des: 0.187, des_th: 0.18772761118091577,frac_lost: 0.102, li_recovered:  6.105, time: 0.005046115998993628
L: 0.50, u_super: 0.00635, sec: 354.588, prod: 0.143678, t_ads: 30.6, t_des: 27.3, bed_util_ads: 0.500, bed_util_des: 0.500, des_th: 0.4998701733666903,frac_lost: 0.102, li_recovered:  8.318, time: 0.0043237159989075735
L: 0.50, u_super: 0.00517, sec: 324.524, prod: 0.102169, t_ads: 37.5, t_des: 47.3, bed_util_ads: 0.456, bed_util_des: 0.456, des_th: 0.4555639133219251,frac_lost: 0.100, li_recovered:  8.663, time: 0.006017755000357283
L: 0.50, u_super: 0.00206, sec: 111.493, prod: 0.045224, t_ads: 92.9, t_des: 80.4, bed_util_ads: 0.498, bed_util_des: 0.498, des_th: 0.49821178760154705,frac_lost: 0.100, li_recovered:  7.841, time: 0.005427911999504431
L: 0.50, u_super: 0.00754, sec: 435.900, prod: 0.167416, t_ads: 26.0, t_des: 25.7, bed_util_ads: 0.488, bed_util_des: 0.487, des_th: 0.4873672594353127,frac_lost: 0.107, li_recovered:  8.654, time: 0.004875605000052019
L: 0.50, u_super: 0.00945, sec: 548.306, prod: 0.214045, t_ads: 20.7, t_des: 19.0, bed_util_ads: 0.498, bed_util_des: 0.498, des_th: 0.4982439065332026,frac_lost: 0.106, li_recovered:  8.500, time: 0.004738347999591497
L: 10.12, u_super: 0.00670 — INFEASIBLE (li_recovered=0.000e+00), time: 0.002172160000554868
L: 0.50, u_super: 0.00141, sec: 76.058, prod: 0.030848, t_ads: 135.4, t_des: 123.7, bed_util_ads: 0.489, bed_util_des: 0.488, des_th: 0.48780002648016463,frac_lost: 0.105, li_recovered:  7.995, time: 0.0061428879998857155
L: 0.50, u_super: 0.00691, sec: 388.132, prod: 0.156364, t_ads: 28.1, t_des: 25.1, bed_util_ads: 0.500, bed_util_des: 0.500, des_th: 0.4998701733666903,frac_lost: 0.101, li_recovered:  8.324, time: 0.004794747999767424
L: 0.50, u_super: 0.00600, sec: 609.655, prod: 0.074180, t_ads: 32.5, t_des: 85.1, bed_util_ads: 0.368, bed_util_des: 0.366, des_th: 0.3659137330908778,frac_lost: 0.102, li_recovered:  8.721, time: 0.009960822000721237
L: 53.44, u_super: 0.00651 — INFEASIBLE (li_recovered=0.000e+00), time: 0.0010535720011830563
L: 0.50, u_super: 0.00173, sec: 94.896, prod: 0.037480, t_ads: 110.2, t_des: 93.0, bed_util_ads: 0.500, bed_util_des: 0.500, des_th: 0.49965511893029646,frac_lost: 0.102, li_recovered:  7.618, time: 0.00821820300006948
L: 0.50, u_super: 0.00452, sec: 247.288, prod: 0.101797, t_ads: 42.9, t_des: 38.5, bed_util_ads: 0.498, bed_util_des: 0.498, des_th: 0.4980415777806572,frac_lost: 0.103, li_recovered:  8.291, time: 0.005250202999377507
L: 0.50, u_super: 0.00174, sec: 101.275, prod: 0.035470, t_ads: 110.0, t_des: 127.8, bed_util_ads: 0.460, bed_util_des: 0.458, des_th: 0.4576281336218728,frac_lost: 0.101, li_recovered:  8.437, time: 0.005225908000284107
L: 0.50, u_super: 0.00271, sec: 154.485, prod: 0.057103, t_ads: 71.4, t_des: 78.4, bed_util_ads: 0.470, bed_util_des: 0.469, des_th: 0.46908753684889104,frac_lost: 0.103, li_recovered:  8.549, time: 0.005765666001025238
L: 24.92, u_super: 0.00785 — INFEASIBLE (li_recovered=0.000e+00), time: 0.0022698169996147044
   232 |     9280 |     40 |  0.0014809267 |             f
L: 14.54, u_super: 0.00976 — INFEASIBLE (li_recovered=0.000e+00), time: 0.0029313699997146614
L: 0.50, u_super: 0.00567, sec: 363.130, prod: 0.110739, t_ads: 34.6, t_des: 43.9, bed_util_ads: 0.456, bed_util_des: 0.456, des_th: 0.4555725583841421,frac_lost: 0.108, li_recovered:  8.685, time: 0.004988567001419142
L: 0.50, u_super: 0.00495, sec: 272.513, prod: 0.111638, t_ads: 39.2, t_des: 36.7, bed_util_ads: 0.493, bed_util_des: 0.493, des_th: 0.4929101041420232,frac_lost: 0.103, li_recovered:  8.475, time: 0.006219461000000592
L: 0.50, u_super: 0.00050 — INFEASIBLE (li_recovered=0.000e+00), time: 0.0034523599988460774
L: 0.50, u_super: 0.00511, sec: 294.979, prod: 0.110113, t_ads: 37.9, t_des: 40.6, bed_util_ads: 0.477, bed_util_des: 0.476, des_th: 0.47646986056220697,frac_lost: 0.101, li_recovered:  8.647, time: 0.005593081001279643
L: 0.50, u_super: 0.00746, sec: 424.117, prod: 0.167934, t_ads: 26.3, t_des: 24.7, bed_util_ads: 0.494, bed_util_des: 0.493, des_th: 0.4933136483856407,frac_lost: 0.108, li_recovered:  8.560, time: 0.0061773760007781675
L: 0.50, u_super: 0.00978, sec: 569.149, prod: 0.221785, t_ads: 20.0, t_des: 18.1, bed_util_ads: 0.500, bed_util_des: 0.499, des_th: 0.49942132725883337,frac_lost: 0.105, li_recovered:  8.443, time: 0.0062238959999376675
L: 19.97, u_super: 0.00919 — INFEASIBLE (li_recovered=0.000e+00), time: 0.0024444959999527782
L: 0.50, u_super: 0.00015 — INFEASIBLE (li_recovered=0.000e+00), time: 0.001946833999681985
L: 0.50, u_super: 0.00099 — INFEASIBLE (li_recovered=0.000e+00), time: 0.003029036000953056
L: 0.50, u_super: 0.00354, sec: 192.172, prod: 0.079228, t_ads: 55.0, t_des: 49.1, bed_util_ads: 0.499, bed_util_des: 0.498, des_th: 0.4984012134910281,frac_lost: 0.108, li_recovered:  8.251, time: 0.005217264000748401
L: 0.50, u_super: 0.00844, sec: 483.436, prod: 0.191152, t_ads: 23.1, t_des: 21.0, bed_util_ads: 0.498, bed_util_des: 0.498, des_th: 0.4982380555253584,frac_lost: 0.106, li_recovered:  8.443, time: 0.006244400001378381
L: 0.50, u_super: 0.00810, sec: 462.166, prod: 0.183111, t_ads: 24.2, t_des: 21.7, bed_util_ads: 0.500, bed_util_des: 0.500, des_th: 0.4998701733666903,frac_lost: 0.107, li_recovered:  8.393, time: 0.00643243599915877
L: 0.50, u_super: 0.00872, sec: 501.496, prod: 0.197236, t_ads: 22.5, t_des: 20.6, bed_util_ads: 0.498, bed_util_des: 0.498, des_th: 0.49822339215454003,frac_lost: 0.107, li_recovered:  8.493, time: 0.006023192998327431
L: 0.50, u_super: 0.00753, sec: 427.374, prod: 0.170170, t_ads: 26.0, t_des: 23.6, bed_util_ads: 0.499, bed_util_des: 0.499, des_th: 0.4992298518578408,frac_lost: 0.108, li_recovered:  8.436, time: 0.006065327001124388
L: 33.74, u_super: 0.00274 — INFEASIBLE (li_recovered=0.000e+00), time: 0.0013812679990223842
L: 0.50, u_super: 0.00212, sec: 115.148, prod: 0.046518, t_ads: 91.1, t_des: 78.3, bed_util_ads: 0.500, bed_util_des: 0.500, des_th: 0.4996121679496569,frac_lost: 0.107, li_recovered:  7.878, time: 0.006124864999947022
L: 0.50, u_super: 0.00093, sec: 52.101, prod: 0.019636, t_ads: 201.8, t_des: 172.9, bed_util_ads: 0.491, bed_util_des: 0.490, des_th: 0.49058582885210544,frac_lost: 0.108, li_recovered:  7.356, time: 0.005928585000219755
L: 0.50, u_super: 0.00611, sec: 355.688, prod: 0.132088, t_ads: 31.7, t_des: 33.9, bed_util_ads: 0.477, bed_util_des: 0.477, des_th: 0.4766033208974113,frac_lost: 0.100, li_recovered:  8.663, time: 0.007342195000092033
L: 0.50, u_super: 0.00203, sec: 109.813, prod: 0.044582, t_ads: 94.2, t_des: 81.7, bed_util_ads: 0.498, bed_util_des: 0.498, des_th: 0.49823066504049446,frac_lost: 0.100, li_recovered:  7.845, time: 0.006064728000637842
L: 0.50, u_super: 0.00780, sec: 442.190, prod: 0.176980, t_ads: 24.9, t_des: 22.7, bed_util_ads: 0.498, bed_util_des: 0.498, des_th: 0.4983580838570059,frac_lost: 0.101, li_recovered:  8.428, time: 0.0060294110007816926
L: 0.50, u_super: 0.00143, sec: 77.143, prod: 0.031241, t_ads: 133.6, t_des: 120.5, bed_util_ads: 0.491, bed_util_des: 0.490, des_th: 0.49022858000137426,frac_lost: 0.105, li_recovered:  7.937, time: 0.004488130000027013
L: 0.50, u_super: 0.00588, sec: 390.053, prod: 0.111093, t_ads: 33.0, t_des: 45.1, bed_util_ads: 0.446, bed_util_des: 0.445, des_th: 0.4455109366877712,frac_lost: 0.100, li_recovered:  8.681, time: 0.008265455999207916
L: 0.50, u_super: 0.00806, sec: 458.744, prod: 0.182993, t_ads: 24.1, t_des: 22.3, bed_util_ads: 0.497, bed_util_des: 0.497, des_th: 0.4968238367830508,frac_lost: 0.100, li_recovered:  8.483, time: 0.005515736998859211
L: 0.50, u_super: 0.00266, sec: 143.708, prod: 0.059123, t_ads: 72.5, t_des: 63.8, bed_util_ads: 0.498, bed_util_des: 0.498, des_th: 0.49813980858814055,frac_lost: 0.103, li_recovered:  8.056, time: 0.005957132001640275
L: 0.50, u_super: 0.00527, sec: 290.541, prod: 0.118952, t_ads: 36.8, t_des: 32.9, bed_util_ads: 0.499, bed_util_des: 0.499, des_th: 0.49914215467800005,frac_lost: 0.102, li_recovered:  8.295, time: 0.00609190900104295
L: 0.50, u_super: 0.00811, sec: 462.572, prod: 0.183677, t_ads: 24.1, t_des: 21.6, bed_util_ads: 0.500, bed_util_des: 0.500, des_th: 0.4998549087275606,frac_lost: 0.105, li_recovered:  8.395, time: 0.006588741000086884
L: 0.50, u_super: 0.00077 — INFEASIBLE (li_recovered=0.000e+00), time: 0.003918684999007382
L: 0.50, u_super: 0.00344, sec: 1661.141, prod: 0.008675, t_ads: 56.8, t_des: 955.8, bed_util_ads: 0.185, bed_util_des: 0.177, des_th: 0.1774450872319294,frac_lost: 0.100, li_recovered:  8.784, time: 0.06949643599909905
L: 0.50, u_super: 0.00806, sec: 498.907, prod: 0.168198, t_ads: 24.2, t_des: 27.5, bed_util_ads: 0.470, bed_util_des: 0.470, des_th: 0.46993225883230716,frac_lost: 0.104, li_recovered:  8.703, time: 0.007834396999896853
L: 0.50, u_super: 0.00005, sec: 4.350, prod: 0.000673, t_ads: 3421.6, t_des: 5828.3, bed_util_ads: 0.253, bed_util_des: 0.185, des_th: 0.1851696623157332,frac_lost: 0.103, li_recovered:  6.227, time: 0.005705861000024015
L: 0.50, u_super: 0.00543, sec: 299.386, prod: 0.122758, t_ads: 35.7, t_des: 32.4, bed_util_ads: 0.499, bed_util_des: 0.498, des_th: 0.49834413335584066,frac_lost: 0.101, li_recovered:  8.356, time: 0.00550384199959808
L: 0.50, u_super: 0.00616, sec: 396.281, prod: 0.120481, t_ads: 31.8, t_des: 40.3, bed_util_ads: 0.456, bed_util_des: 0.455, des_th: 0.4552014480941349,frac_lost: 0.109, li_recovered:  8.692, time: 0.006125896001321962
L: 0.50, u_super: 0.00778, sec: 441.884, prod: 0.176342, t_ads: 25.0, t_des: 22.3, bed_util_ads: 0.500, bed_util_des: 0.500, des_th: 0.499997179972301,frac_lost: 0.101, li_recovered:  8.332, time: 0.004352316000222345
L: 0.50, u_super: 0.00916, sec: 529.020, prod: 0.207463, t_ads: 21.3, t_des: 19.4, bed_util_ads: 0.499, bed_util_des: 0.499, des_th: 0.49875976734013755,frac_lost: 0.106, li_recovered:  8.447, time: 0.004710070001237909
L: 0.50, u_super: 0.00269, sec: 145.512, prod: 0.059839, t_ads: 71.7, t_des: 63.0, bed_util_ads: 0.499, bed_util_des: 0.498, des_th: 0.4982765068885927,frac_lost: 0.104, li_recovered:  8.060, time: 0.00523726000028546
L: 0.50, u_super: 0.00432, sec: 236.860, prod: 0.096615, t_ads: 45.1, t_des: 43.1, bed_util_ads: 0.491, bed_util_des: 0.490, des_th: 0.4904163869290643,frac_lost: 0.105, li_recovered:  8.515, time: 0.005357557000024826
L: 0.50, u_super: 0.00711, sec: 401.292, prod: 0.160661, t_ads: 27.5, t_des: 25.0, bed_util_ads: 0.498, bed_util_des: 0.498, des_th: 0.4983208454380634,frac_lost: 0.108, li_recovered:  8.432, time: 0.004020088001198019
L: 0.50, u_super: 0.00953, sec: 552.396, prod: 0.216042, t_ads: 20.5, t_des: 18.6, bed_util_ads: 0.500, bed_util_des: 0.499, des_th: 0.49942132725883337,frac_lost: 0.104, li_recovered:  8.454, time: 0.003792051000345964
L: 0.50, u_super: 0.00087, sec: 267.732, prod: 0.003319, t_ads: 226.3, t_des: 2423.9, bed_util_ads: 0.211, bed_util_des: 0.185, des_th: 0.1851696623157332,frac_lost: 0.102, li_recovered:  8.795, time: 0.021174542998778634
   233 |     9320 |     40 |  0.0033705642 |             f
L: 0.50, u_super: 0.00143, sec: 77.191, prod: 0.031222, t_ads: 133.7, t_des: 120.3, bed_util_ads: 0.491, bed_util_des: 0.490, des_th: 0.49022858000137426,frac_lost: 0.106, li_recovered:  7.932, time: 0.0033368919994245516
L: 20.89, u_super: 0.00984 — INFEASIBLE (li_recovered=0.000e+00), time: 0.001515873000244028
L: 0.50, u_super: 0.00495, sec: 272.536, prod: 0.111629, t_ads: 39.2, t_des: 35.0, bed_util_ads: 0.500, bed_util_des: 0.500, des_th: 0.4997828479469298,frac_lost: 0.104, li_recovered:  8.279, time: 0.0033398020004824502
L: 0.50, u_super: 0.00475, sec: 260.601, prod: 0.106839, t_ads: 41.0, t_des: 36.6, bed_util_ads: 0.500, bed_util_des: 0.500, des_th: 0.4998701733666903,frac_lost: 0.105, li_recovered:  8.291, time: 0.003683364999233163
L: 0.50, u_super: 0.00052 — INFEASIBLE (li_recovered=0.000e+00), time: 0.0019442939992586616
L: 0.50, u_super: 0.00166, sec: 91.126, prod: 0.035865, t_ads: 115.0, t_des: 96.9, bed_util_ads: 0.500, bed_util_des: 0.500, des_th: 0.4998515546209092,frac_lost: 0.103, li_recovered:  7.597, time: 0.004340692001278512
L: 0.50, u_super: 0.00326, sec: 176.817, prod: 0.072922, t_ads: 59.0, t_des: 51.9, bed_util_ads: 0.500, bed_util_des: 0.499, des_th: 0.4994456775072341,frac_lost: 0.100, li_recovered:  8.090, time: 0.003918102998795803
L: 0.50, u_super: 0.00298, sec: 161.384, prod: 0.066412, t_ads: 64.7, t_des: 56.8, bed_util_ads: 0.500, bed_util_des: 0.499, des_th: 0.4994921364349384,frac_lost: 0.102, li_recovered:  8.068, time: 0.004052395999678993
L: 0.50, u_super: 0.00005, sec: 7.007, prod: 0.000418, t_ads: 2054.8, t_des: 2115.9, bed_util_ads: 0.259, bed_util_des: 0.249, des_th: 0.2492693575318288,frac_lost: 0.100, li_recovered:  1.743, time: 0.002841272000296158
L: 0.50, u_super: 0.00051 — INFEASIBLE (li_recovered=0.000e+00), time: 0.002563046000432223
L: 2.97, u_super: 0.00325 — INFEASIBLE (li_recovered=0.000e+00), time: 0.002664048999577062
L: 0.50, u_super: 0.00491, sec: 269.757, prod: 0.110597, t_ads: 39.5, t_des: 35.3, bed_util_ads: 0.500, bed_util_des: 0.500, des_th: 0.49984295517008126,frac_lost: 0.103, li_recovered:  8.276, time: 0.004998704998797621
L: 0.50, u_super: 0.00086, sec: 47.301, prod: 0.018242, t_ads: 219.0, t_des: 215.3, bed_util_ads: 0.471, bed_util_des: 0.469, des_th: 0.46908753684889104,frac_lost: 0.105, li_recovered:  7.924, time: 0.006820769000114524
L: 0.50, u_super: 0.00311, sec: 168.455, prod: 0.069329, t_ads: 62.1, t_des: 54.5, bed_util_ads: 0.499, bed_util_des: 0.499, des_th: 0.49866757632268616,frac_lost: 0.102, li_recovered:  8.084, time: 0.00701787399884779
L: 0.50, u_super: 0.00600, sec: 333.196, prod: 0.135742, t_ads: 32.4, t_des: 29.6, bed_util_ads: 0.496, bed_util_des: 0.496, des_th: 0.49621858882924014,frac_lost: 0.102, li_recovered:  8.415, time: 0.0050352910002402496
L: 0.50, u_super: 0.00452, sec: 247.467, prod: 0.101723, t_ads: 43.1, t_des: 39.4, bed_util_ads: 0.497, bed_util_des: 0.496, des_th: 0.4962888819862415,frac_lost: 0.106, li_recovered:  8.387, time: 0.005694718000086141
L: 0.50, u_super: 0.00031 — INFEASIBLE (li_recovered=0.000e+00), time: 0.0017253320002055261
L: 0.50, u_super: 0.00745, sec: 422.148, prod: 0.168386, t_ads: 26.3, t_des: 23.8, bed_util_ads: 0.499, bed_util_des: 0.499, des_th: 0.4985934278157298,frac_lost: 0.108, li_recovered:  8.434, time: 0.004558384000119986
L: 0.50, u_super: 0.00087 — INFEASIBLE (li_recovered=0.000e+00), time: 0.002143437999620801
L: 0.50, u_super: 0.00990, sec: 576.408, prod: 0.224661, t_ads: 19.7, t_des: 17.7, bed_util_ads: 0.500, bed_util_des: 0.500, des_th: 0.49984258800410347,frac_lost: 0.103, li_recovered:  8.401, time: 0.004869499000051292
L: 0.50, u_super: 0.00421, sec: 230.674, prod: 0.094478, t_ads: 46.2, t_des: 40.7, bed_util_ads: 0.500, bed_util_des: 0.500, des_th: 0.4999902025002062,frac_lost: 0.107, li_recovered:  8.215, time: 0.0042291509998904075
L: 0.50, u_super: 0.00367, sec: 199.736, prod: 0.082219, t_ads: 52.9, t_des: 46.8, bed_util_ads: 0.499, bed_util_des: 0.499, des_th: 0.49867592518344556,frac_lost: 0.105, li_recovered:  8.193, time: 0.004050142999403761
L: 0.50, u_super: 0.00470, sec: 258.056, prod: 0.105599, t_ads: 41.5, t_des: 38.8, bed_util_ads: 0.494, bed_util_des: 0.494, des_th: 0.4939677065736249,frac_lost: 0.106, li_recovered:  8.479, time: 0.004425479999554227
L: 0.50, u_super: 0.00091, sec: 50.312, prod: 0.019504, t_ads: 205.3, t_des: 204.2, bed_util_ads: 0.471, bed_util_des: 0.469, des_th: 0.46908753684889104,frac_lost: 0.103, li_recovered:  7.988, time: 0.004024218000267865
L: 0.50, u_super: 0.00953, sec: 552.210, prod: 0.216115, t_ads: 20.5, t_des: 18.6, bed_util_ads: 0.500, bed_util_des: 0.499, des_th: 0.4994296484105166,frac_lost: 0.104, li_recovered:  8.444, time: 0.004852695999943535
L: 0.50, u_super: 0.00912, sec: 527.803, prod: 0.206185, t_ads: 21.4, t_des: 20.1, bed_util_ads: 0.494, bed_util_des: 0.494, des_th: 0.49433353947952136,frac_lost: 0.104, li_recovered:  8.561, time: 0.004180825000730692
L: 0.50, u_super: 0.00238, sec: 128.015, prod: 0.053134, t_ads: 80.8, t_des: 74.5, bed_util_ads: 0.492, bed_util_des: 0.492, des_th: 0.49176454338507736,frac_lost: 0.103, li_recovered:  8.251, time: 0.004061414998432156
L: 0.50, u_super: 0.00409, sec: 222.827, prod: 0.091880, t_ads: 47.5, t_des: 42.5, bed_util_ads: 0.499, bed_util_des: 0.498, des_th: 0.4985098730279312,frac_lost: 0.104, li_recovered:  8.263, time: 0.005105721998916124
L: 0.50, u_super: 0.00450, sec: 247.780, prod: 0.100873, t_ads: 43.1, t_des: 41.4, bed_util_ads: 0.490, bed_util_des: 0.489, des_th: 0.48946387856324375,frac_lost: 0.104, li_recovered:  8.527, time: 0.0059869999986403855
L: 0.50, u_super: 0.00095, sec: 52.784, prod: 0.019938, t_ads: 198.7, t_des: 170.4, bed_util_ads: 0.491, bed_util_des: 0.490, des_th: 0.49058582885210544,frac_lost: 0.106, li_recovered:  7.358, time: 0.006365516999721876
L: 34.13, u_super: 0.00651 — INFEASIBLE (li_recovered=0.000e+00), time: 0.0018705470010900171
L: 0.50, u_super: 0.00683, sec: 534.959, prod: 0.110679, t_ads: 28.6, t_des: 50.1, bed_util_ads: 0.416, bed_util_des: 0.415, des_th: 0.41496084396886723,frac_lost: 0.105, li_recovered:  8.712, time: 0.0089020060004259
L: 0.50, u_super: 0.00654, sec: 365.508, prod: 0.148184, t_ads: 29.6, t_des: 26.8, bed_util_ads: 0.498, bed_util_des: 0.498, des_th: 0.49835248221660006,frac_lost: 0.101, li_recovered:  8.364, time: 0.007870060000641388
L: 0.50, u_super: 0.00238, sec: 128.100, prod: 0.053100, t_ads: 80.9, t_des: 74.7, bed_util_ads: 0.492, bed_util_des: 0.492, des_th: 0.49177090215235547,frac_lost: 0.104, li_recovered:  8.264, time: 0.006259895000766846
L: 0.50, u_super: 0.00622, sec: 356.495, prod: 0.136977, t_ads: 31.2, t_des: 32.0, bed_util_ads: 0.482, bed_util_des: 0.482, des_th: 0.48174453677175444,frac_lost: 0.101, li_recovered:  8.649, time: 0.006442152000090573
L: 0.50, u_super: 0.00964, sec: 7371.179, prod: 0.016621, t_ads: 20.3, t_des: 508.1, bed_util_ads: 0.159, bed_util_des: 0.156, des_th: 0.15643602868012424,frac_lost: 0.102, li_recovered:  8.782, time: 0.05917058600061864
L: 0.50, u_super: 0.00436, sec: 238.301, prod: 0.098198, t_ads: 44.5, t_des: 41.2, bed_util_ads: 0.495, bed_util_des: 0.495, des_th: 0.4945978961395445,frac_lost: 0.104, li_recovered:  8.419, time: 0.004879018000792712
L: 0.50, u_super: 0.00093, sec: 51.239, prod: 0.019966, t_ads: 201.8, t_des: 197.6, bed_util_ads: 0.473, bed_util_des: 0.471, des_th: 0.47113262747336443,frac_lost: 0.105, li_recovered:  7.975, time: 0.005861462999746436
L: 0.50, u_super: 0.00016, sec: 25.503, prod: 0.001140, t_ads: 1277.0, t_des: 6441.1, bed_util_ads: 0.232, bed_util_des: 0.155, des_th: 0.15460955531573944,frac_lost: 0.104, li_recovered:  8.801, time: 0.01719205500012322
L: 0.50, u_super: 0.00050 — INFEASIBLE (li_recovered=0.000e+00), time: 0.002530183999624569
   234 |     9360 |     40 |  0.0011661169 |             f
L: 0.50, u_super: 0.00650, sec: 364.442, prod: 0.146573, t_ads: 30.2, t_des: 27.3, bed_util_ads: 0.498, bed_util_des: 0.498, des_th: 0.49793944636766985,frac_lost: 0.109, li_recovered:  8.427, time: 0.006533939998917049
L: 0.50, u_super: 0.00565, sec: 312.810, prod: 0.127811, t_ads: 34.2, t_des: 30.7, bed_util_ads: 0.500, bed_util_des: 0.499, des_th: 0.4994525824515138,frac_lost: 0.100, li_recovered:  8.300, time: 0.006574910999916028
L: 0.50, u_super: 0.00050 — INFEASIBLE (li_recovered=0.000e+00), time: 0.0026944809997075936
L: 0.50, u_super: 0.00939, sec: 543.533, prod: 0.213041, t_ads: 20.8, t_des: 18.9, bed_util_ads: 0.498, bed_util_des: 0.498, des_th: 0.4982439065332026,frac_lost: 0.104, li_recovered:  8.444, time: 0.004845416000534897
L: 0.50, u_super: 0.00086, sec: 47.517, prod: 0.018160, t_ads: 218.7, t_des: 220.5, bed_util_ads: 0.468, bed_util_des: 0.466, des_th: 0.46571069171248763,frac_lost: 0.104, li_recovered:  7.976, time: 0.006816697999965982
L: 4.34, u_super: 0.00122 — INFEASIBLE (li_recovered=0.000e+00), time: 0.0013938529991719406
L: 0.50, u_super: 0.00005, sec: 4.335, prod: 0.000671, t_ads: 3428.4, t_des: 5843.1, bed_util_ads: 0.253, bed_util_des: 0.185, des_th: 0.1851696623157332,frac_lost: 0.103, li_recovered:  6.220, time: 0.005953742998826783
L: 0.50, u_super: 0.00978, sec: 568.866, prod: 0.221897, t_ads: 20.0, t_des: 18.1, bed_util_ads: 0.500, bed_util_des: 0.499, des_th: 0.49942132725883337,frac_lost: 0.104, li_recovered:  8.441, time: 0.006194465999215026
L: 0.50, u_super: 0.00813, sec: 464.120, prod: 0.183938, t_ads: 24.0, t_des: 21.5, bed_util_ads: 0.500, bed_util_des: 0.500, des_th: 0.4998871930438565,frac_lost: 0.106, li_recovered:  8.380, time: 0.005276026000501588
L: 0.50, u_super: 0.00241, sec: 129.909, prod: 0.053354, t_ads: 80.0, t_des: 70.3, bed_util_ads: 0.498, bed_util_des: 0.498, des_th: 0.4982542391973128,frac_lost: 0.103, li_recovered:  8.017, time: 0.006367817999489489
L: 0.50, u_super: 0.00990, sec: 576.822, prod: 0.224495, t_ads: 19.7, t_des: 17.9, bed_util_ads: 0.499, bed_util_des: 0.499, des_th: 0.49853640623761064,frac_lost: 0.105, li_recovered:  8.451, time: 0.005508068001290667
L: 33.05, u_super: 0.00910 — INFEASIBLE (li_recovered=0.000e+00), time: 0.0023060250005073613
L: 13.75, u_super: 0.00565 — INFEASIBLE (li_recovered=0.000e+00), time: 0.001591160998941632
L: 0.50, u_super: 0.00844, sec: 496.932, prod: 0.185961, t_ads: 23.2, t_des: 23.5, bed_util_ads: 0.484, bed_util_des: 0.484, des_th: 0.4840790296284265,frac_lost: 0.106, li_recovered:  8.680, time: 0.00499527399915678
L: 0.50, u_super: 0.00965, sec: 560.686, prod: 0.218719, t_ads: 20.3, t_des: 18.4, bed_util_ads: 0.499, bed_util_des: 0.499, des_th: 0.4988024864257882,frac_lost: 0.105, li_recovered:  8.446, time: 0.005284532000587205
L: 0.50, u_super: 0.00866, sec: 497.289, prod: 0.196068, t_ads: 22.6, t_des: 20.4, bed_util_ads: 0.499, bed_util_des: 0.499, des_th: 0.4987431230023716,frac_lost: 0.106, li_recovered:  8.435, time: 0.0070071999998617684
L: 0.50, u_super: 0.00978, sec: 572.821, prod: 0.220363, t_ads: 20.0, t_des: 19.0, bed_util_ads: 0.493, bed_util_des: 0.493, des_th: 0.4929098346293955,frac_lost: 0.106, li_recovered:  8.606, time: 0.004930580000291229
L: 0.50, u_super: 0.00204, sec: 110.797, prod: 0.044576, t_ads: 93.9, t_des: 80.3, bed_util_ads: 0.500, bed_util_des: 0.500, des_th: 0.4998701733666903,frac_lost: 0.101, li_recovered:  7.763, time: 0.004459308000150486
L: 3.46, u_super: 0.00326 — INFEASIBLE (li_recovered=0.000e+00), time: 0.001963710999916657
L: 0.50, u_super: 0.00009 — INFEASIBLE (li_recovered=0.000e+00), time: 0.0021123299993632827
L: 0.50, u_super: 0.00367, sec: 199.527, prod: 0.082305, t_ads: 53.0, t_des: 47.3, bed_util_ads: 0.499, bed_util_des: 0.499, des_th: 0.49867592518344556,frac_lost: 0.107, li_recovered:  8.256, time: 0.007565640000393614
L: 0.50, u_super: 0.00984, sec: 573.255, prod: 0.223147, t_ads: 19.9, t_des: 18.0, bed_util_ads: 0.499, bed_util_des: 0.499, des_th: 0.49871186779964144,frac_lost: 0.105, li_recovered:  8.452, time: 0.0046334259986906545
L: 0.50, u_super: 0.00849, sec: 486.711, prod: 0.192276, t_ads: 23.0, t_des: 21.0, bed_util_ads: 0.499, bed_util_des: 0.499, des_th: 0.4991172323304549,frac_lost: 0.106, li_recovered:  8.454, time: 0.004197856000246247
L: 0.50, u_super: 0.00269, sec: 145.512, prod: 0.059839, t_ads: 71.7, t_des: 63.0, bed_util_ads: 0.499, bed_util_des: 0.498, des_th: 0.4982765068885927,frac_lost: 0.104, li_recovered:  8.060, time: 0.0038698640000802698
L: 0.50, u_super: 0.00953, sec: 581.951, prod: 0.205070, t_ads: 20.5, t_des: 22.0, bed_util_ads: 0.478, bed_util_des: 0.477, des_th: 0.4772689230393222,frac_lost: 0.103, li_recovered:  8.707, time: 0.005924066001171013
L: 0.50, u_super: 0.00843, sec: 521.098, prod: 0.176877, t_ads: 23.2, t_des: 26.0, bed_util_ads: 0.472, bed_util_des: 0.471, des_th: 0.47113262747336443,frac_lost: 0.105, li_recovered:  8.706, time: 0.004529097001068294
L: 0.50, u_super: 0.00717, sec: 404.047, prod: 0.162433, t_ads: 27.0, t_des: 24.2, bed_util_ads: 0.500, bed_util_des: 0.500, des_th: 0.49969302433618706,frac_lost: 0.100, li_recovered:  8.321, time: 0.006121960001109983
L: 1.74, u_super: 0.00908, sec: 1870.535, prod: 0.201240, t_ads: 74.0, t_des: 64.3, bed_util_ads: 0.500, bed_util_des: 0.499, des_th: 0.4993039639893067,frac_lost: 0.103, li_recovered:  27.830, time: 0.0039518730009149294
L: 0.50, u_super: 0.00511, sec: 281.351, prod: 0.115117, t_ads: 38.1, t_des: 34.0, bed_util_ads: 0.500, bed_util_des: 0.500, des_th: 0.4996817987100088,frac_lost: 0.104, li_recovered:  8.293, time: 0.005693422001058934
L: 0.50, u_super: 0.00324, sec: 175.601, prod: 0.072412, t_ads: 60.0, t_des: 56.2, bed_util_ads: 0.492, bed_util_des: 0.492, des_th: 0.4918018227571737,frac_lost: 0.107, li_recovered:  8.417, time: 0.006079699998736032
L: 15.89, u_super: 0.00409 — INFEASIBLE (li_recovered=0.000e+00), time: 0.0015585519995511277
L: 0.50, u_super: 0.00246, sec: 132.596, prod: 0.054488, t_ads: 78.5, t_des: 69.1, bed_util_ads: 0.499, bed_util_des: 0.498, des_th: 0.4982765068885927,frac_lost: 0.104, li_recovered:  8.040, time: 0.0073083669994957745
L: 0.50, u_super: 0.00685, sec: 385.842, prod: 0.154672, t_ads: 28.6, t_des: 25.6, bed_util_ads: 0.500, bed_util_des: 0.499, des_th: 0.4994297865920181,frac_lost: 0.108, li_recovered:  8.384, time: 0.007568042001366848
L: 0.50, u_super: 0.00937, sec: 552.168, prod: 0.208597, t_ads: 20.8, t_des: 20.7, bed_util_ads: 0.487, bed_util_des: 0.487, des_th: 0.4869534782318502,frac_lost: 0.105, li_recovered:  8.666, time: 0.005074418999356567
L: 48.84, u_super: 0.00496 — INFEASIBLE (li_recovered=0.000e+00), time: 0.0010352019999118056
L: 0.50, u_super: 0.00650, sec: 362.956, prod: 0.147222, t_ads: 29.8, t_des: 27.1, bed_util_ads: 0.498, bed_util_des: 0.498, des_th: 0.4982380555253584,frac_lost: 0.101, li_recovered:  8.378, time: 0.003695759000038379
L: 0.50, u_super: 0.00745, sec: 422.399, prod: 0.168286, t_ads: 26.3, t_des: 23.9, bed_util_ads: 0.499, bed_util_des: 0.499, des_th: 0.49915544466476264,frac_lost: 0.109, li_recovered:  8.443, time: 0.005352432999643497
L: 0.50, u_super: 0.00661, sec: 375.234, prod: 0.147600, t_ads: 29.6, t_des: 28.8, bed_util_ads: 0.490, bed_util_des: 0.490, des_th: 0.49022858000137426,frac_lost: 0.107, li_recovered:  8.616, time: 0.004301963999751024
L: 0.50, u_super: 0.00373, sec: 1667.753, prod: 0.010145, t_ads: 52.7, t_des: 813.3, bed_util_ads: 0.192, bed_util_des: 0.185, des_th: 0.1851696623157332,frac_lost: 0.104, li_recovered:  8.787, time: 0.03422171200145385
L: 2.76, u_super: 0.00953, sec: 3197.475, prod: 0.206130, t_ads: 110.7, t_des: 93.4, bed_util_ads: 0.500, bed_util_des: 0.499, des_th: 0.4994296484105166,frac_lost: 0.102, li_recovered:  42.067, time: 0.004918934000670561
   235 |     9400 |     40 |  0.0019935704 |             f
L: 0.50, u_super: 0.00723, sec: 407.491, prod: 0.164043, t_ads: 26.8, t_des: 24.2, bed_util_ads: 0.500, bed_util_des: 0.499, des_th: 0.4994525824515138,frac_lost: 0.100, li_recovered:  8.373, time: 0.0048780840006656945
L: 35.97, u_super: 0.00298 — INFEASIBLE (li_recovered=0.000e+00), time: 0.001088701001208392
L: 0.50, u_super: 0.00005, sec: 4.339, prod: 0.000670, t_ads: 3396.3, t_des: 5740.2, bed_util_ads: 0.253, bed_util_des: 0.186, des_th: 0.1866906065710484,frac_lost: 0.102, li_recovered:  6.124, time: 0.005576816000029794
L: 0.50, u_super: 0.00494, sec: 271.690, prod: 0.111225, t_ads: 39.4, t_des: 35.1, bed_util_ads: 0.500, bed_util_des: 0.500, des_th: 0.4998955791586817,frac_lost: 0.105, li_recovered:  8.289, time: 0.0046812380005576415
L: 0.50, u_super: 0.00908, sec: 523.024, prod: 0.206296, t_ads: 21.4, t_des: 19.3, bed_util_ads: 0.499, bed_util_des: 0.499, des_th: 0.49876922871177887,frac_lost: 0.100, li_recovered:  8.393, time: 0.00552055099979043
L: 0.50, u_super: 0.00876, sec: 504.228, prod: 0.198311, t_ads: 22.4, t_des: 20.3, bed_util_ads: 0.500, bed_util_des: 0.500, des_th: 0.4995398150979472,frac_lost: 0.107, li_recovered:  8.452, time: 0.004575064000164275
L: 0.50, u_super: 0.00252, sec: 135.105, prod: 0.056170, t_ads: 76.5, t_des: 70.8, bed_util_ads: 0.492, bed_util_des: 0.492, des_th: 0.491634105560114,frac_lost: 0.102, li_recovered:  8.271, time: 0.004943940999510232
L: 0.50, u_super: 0.00452, sec: 247.481, prod: 0.101717, t_ads: 43.1, t_des: 39.3, bed_util_ads: 0.497, bed_util_des: 0.496, des_th: 0.49629912452497965,frac_lost: 0.106, li_recovered:  8.385, time: 0.004671549000704545
L: 0.50, u_super: 0.00122, sec: 68.078, prod: 0.025706, t_ads: 155.6, t_des: 128.7, bed_util_ads: 0.499, bed_util_des: 0.499, des_th: 0.49895159218950585,frac_lost: 0.106, li_recovered:  7.309, time: 0.004427895000844728
L: 0.50, u_super: 0.00604, sec: 335.802, prod: 0.136424, t_ads: 32.2, t_des: 28.7, bed_util_ads: 0.500, bed_util_des: 0.500, des_th: 0.49966407983515704,frac_lost: 0.102, li_recovered:  8.308, time: 0.0049412489988753805
L: 0.50, u_super: 0.00857, sec: 491.821, prod: 0.194039, t_ads: 22.8, t_des: 20.9, bed_util_ads: 0.498, bed_util_des: 0.498, des_th: 0.4983311835409621,frac_lost: 0.106, li_recovered:  8.482, time: 0.006434293998609064
L: 0.50, u_super: 0.00334, sec: 180.495, prod: 0.074841, t_ads: 57.7, t_des: 51.5, bed_util_ads: 0.498, bed_util_des: 0.498, des_th: 0.4981085752059072,frac_lost: 0.100, li_recovered:  8.173, time: 0.004473925999263884
L: 0.50, u_super: 0.00916, sec: 528.760, prod: 0.207563, t_ads: 21.3, t_des: 19.4, bed_util_ads: 0.499, bed_util_des: 0.499, des_th: 0.49875976734013755,frac_lost: 0.105, li_recovered:  8.462, time: 0.007492651999200461
L: 0.50, u_super: 0.00718, sec: 405.937, prod: 0.162029, t_ads: 27.3, t_des: 24.4, bed_util_ads: 0.500, bed_util_des: 0.500, des_th: 0.49973627102395024,frac_lost: 0.109, li_recovered:  8.387, time: 0.005278206999719259
L: 0.50, u_super: 0.00013, sec: 16.018, prod: 0.001317, t_ads: 1452.7, t_des: 4877.1, bed_util_ads: 0.256, bed_util_des: 0.185, des_th: 0.18501611999246875,frac_lost: 0.103, li_recovered:  8.339, time: 0.011028394999812008
L: 7.83, u_super: 0.00269 — INFEASIBLE (li_recovered=0.000e+00), time: 0.002050902001428767
L: 0.50, u_super: 0.00421, sec: 230.103, prod: 0.094299, t_ads: 46.2, t_des: 40.7, bed_util_ads: 0.500, bed_util_des: 0.500, des_th: 0.4998622032348444,frac_lost: 0.105, li_recovered:  8.196, time: 0.004864769998675911
L: 0.50, u_super: 0.00086 — INFEASIBLE (li_recovered=0.000e+00), time: 0.0036941889993613586
L: 0.50, u_super: 0.00559, sec: 309.045, prod: 0.126389, t_ads: 34.6, t_des: 31.1, bed_util_ads: 0.500, bed_util_des: 0.500, des_th: 0.49969302433618706,frac_lost: 0.100, li_recovered:  8.313, time: 0.005465366000862559
L: 16.55, u_super: 0.00012 — INFEASIBLE (li_recovered=0.000e+00), time: 0.0012528009992820444
L: 0.50, u_super: 0.00367, sec: 199.144, prod: 0.082463, t_ads: 52.8, t_des: 48.5, bed_util_ads: 0.495, bed_util_des: 0.495, des_th: 0.49473860536631364,frac_lost: 0.105, li_recovered:  8.358, time: 0.005239964000793407
L: 0.50, u_super: 0.00270, sec: 145.948, prod: 0.060035, t_ads: 71.4, t_des: 62.7, bed_util_ads: 0.499, bed_util_des: 0.498, des_th: 0.4982765068885927,frac_lost: 0.103, li_recovered:  8.046, time: 0.00503009999920323
L: 14.13, u_super: 0.00939 — INFEASIBLE (li_recovered=0.000e+00), time: 0.004862329000388854
L: 0.50, u_super: 0.00745, sec: 422.456, prod: 0.168263, t_ads: 26.3, t_des: 23.8, bed_util_ads: 0.500, bed_util_des: 0.499, des_th: 0.499394451661616,frac_lost: 0.109, li_recovered:  8.430, time: 0.006227889000001596
L: 0.50, u_super: 0.00239, sec: 129.332, prod: 0.052803, t_ads: 80.6, t_des: 70.1, bed_util_ads: 0.498, bed_util_des: 0.498, des_th: 0.49823066504049446,frac_lost: 0.104, li_recovered:  7.958, time: 0.007292278000022634
L: 0.50, u_super: 0.00990, sec: 576.785, prod: 0.224509, t_ads: 19.7, t_des: 17.9, bed_util_ads: 0.500, bed_util_des: 0.499, des_th: 0.4994317469828145,frac_lost: 0.105, li_recovered:  8.452, time: 0.00527866999982507
L: 0.50, u_super: 0.00816, sec: 497.388, prod: 0.172958, t_ads: 23.9, t_des: 26.4, bed_util_ads: 0.474, bed_util_des: 0.473, des_th: 0.4734944609362325,frac_lost: 0.104, li_recovered:  8.701, time: 0.006266193000556086
L: 0.50, u_super: 0.00600, sec: 332.977, prod: 0.135707, t_ads: 32.4, t_des: 29.6, bed_util_ads: 0.497, bed_util_des: 0.496, des_th: 0.4964125628173914,frac_lost: 0.101, li_recovered:  8.415, time: 0.008714432999113342
L: 0.50, u_super: 0.00367, sec: 199.652, prod: 0.082254, t_ads: 53.0, t_des: 47.3, bed_util_ads: 0.499, bed_util_des: 0.499, des_th: 0.4986834176167395,frac_lost: 0.107, li_recovered:  8.249, time: 0.006947973000933416
L: 0.50, u_super: 0.00969, sec: 562.850, prod: 0.219707, t_ads: 20.2, t_des: 18.3, bed_util_ads: 0.500, bed_util_des: 0.500, des_th: 0.4995892196072035,frac_lost: 0.104, li_recovered:  8.450, time: 0.006284381001023576
L: 0.50, u_super: 0.00109, sec: 59.562, prod: 0.023325, t_ads: 174.1, t_des: 174.1, bed_util_ads: 0.473, bed_util_des: 0.471, des_th: 0.47113262747336443,frac_lost: 0.103, li_recovered:  8.121, time: 0.007883655000114231
L: 0.50, u_super: 0.00451, sec: 246.849, prod: 0.101629, t_ads: 43.1, t_des: 39.4, bed_util_ads: 0.496, bed_util_des: 0.496, des_th: 0.49625859440889175,frac_lost: 0.105, li_recovered:  8.381, time: 0.0065701900002750335
L: 0.50, u_super: 0.00005, sec: 4.516, prod: 0.000702, t_ads: 3325.0, t_des: 5794.2, bed_util_ads: 0.253, bed_util_des: 0.184, des_th: 0.18372198686030825,frac_lost: 0.102, li_recovered:  6.402, time: 0.005062385000201175
L: 0.50, u_super: 0.00056, sec: 32.008, prod: 0.011491, t_ads: 324.0, t_des: 298.3, bed_util_ads: 0.470, bed_util_des: 0.469, des_th: 0.46908753684889104,frac_lost: 0.103, li_recovered:  7.151, time: 0.004899088999081869
L: 0.50, u_super: 0.00801, sec: 456.302, prod: 0.181460, t_ads: 24.3, t_des: 21.9, bed_util_ads: 0.500, bed_util_des: 0.500, des_th: 0.4998871930438565,frac_lost: 0.104, li_recovered:  8.397, time: 0.006035909998900024
L: 11.24, u_super: 0.00395 — INFEASIBLE (li_recovered=0.000e+00), time: 0.0017422939999960363
L: 0.50, u_super: 0.00253, sec: 143.724, prod: 0.053438, t_ads: 76.2, t_des: 83.4, bed_util_ads: 0.470, bed_util_des: 0.469, des_th: 0.4693340491677127,frac_lost: 0.102, li_recovered:  8.532, time: 0.005168917999981204
L: 0.50, u_super: 0.00990, sec: 576.148, prod: 0.224758, t_ads: 19.7, t_des: 17.9, bed_util_ads: 0.500, bed_util_des: 0.499, des_th: 0.49942132725883337,frac_lost: 0.103, li_recovered:  8.447, time: 0.0068513400001393165
L: 0.50, u_super: 0.00876, sec: 509.630, prod: 0.196209, t_ads: 22.3, t_des: 21.7, bed_util_ads: 0.491, bed_util_des: 0.490, des_th: 0.4904405495219066,frac_lost: 0.106, li_recovered:  8.636, time: 0.007141086000046926
L: 0.50, u_super: 0.00093, sec: 51.239, prod: 0.019966, t_ads: 201.8, t_des: 197.6, bed_util_ads: 0.473, bed_util_des: 0.471, des_th: 0.47113262747336443,frac_lost: 0.105, li_recovered:  7.975, time: 0.004860345999986748
   236 |     9440 |     40 |  0.0036689821 |             f
L: 0.50, u_super: 0.00236, sec: 127.883, prod: 0.052078, t_ads: 81.8, t_des: 70.8, bed_util_ads: 0.500, bed_util_des: 0.500, des_th: 0.4998622032348444,frac_lost: 0.105, li_recovered:  7.946, time: 0.0065317179996782215
L: 0.50, u_super: 0.00121, sec: 65.751, prod: 0.026316, t_ads: 156.2, t_des: 152.4, bed_util_ads: 0.479, bed_util_des: 0.477, des_th: 0.47739466394503927,frac_lost: 0.102, li_recovered:  8.122, time: 0.007056774999000481
L: 0.50, u_super: 0.00679, sec: 380.816, prod: 0.153767, t_ads: 28.5, t_des: 25.5, bed_util_ads: 0.500, bed_util_des: 0.499, des_th: 0.4994245130415948,frac_lost: 0.100, li_recovered:  8.318, time: 0.008426289999988512
L: 0.50, u_super: 0.00298, sec: 161.393, prod: 0.066407, t_ads: 64.8, t_des: 56.8, bed_util_ads: 0.499, bed_util_des: 0.499, des_th: 0.4990232029358976,frac_lost: 0.103, li_recovered:  8.076, time: 0.006794986000386416
L: 0.50, u_super: 0.00409, sec: 224.491, prod: 0.091199, t_ads: 47.5, t_des: 46.1, bed_util_ads: 0.488, bed_util_des: 0.487, des_th: 0.4874481007227998,frac_lost: 0.104, li_recovered:  8.533, time: 0.007779913999911514
L: 0.50, u_super: 0.00908, sec: 523.993, prod: 0.205532, t_ads: 21.6, t_des: 19.5, bed_util_ads: 0.499, bed_util_des: 0.499, des_th: 0.49876756465928507,frac_lost: 0.106, li_recovered:  8.448, time: 0.006716706999213784
L: 0.50, u_super: 0.00689, sec: 386.796, prod: 0.156135, t_ads: 28.1, t_des: 25.2, bed_util_ads: 0.500, bed_util_des: 0.500, des_th: 0.4998928660511298,frac_lost: 0.100, li_recovered:  8.331, time: 0.006418741999368649
L: 0.50, u_super: 0.00152, sec: 81.685, prod: 0.033312, t_ads: 126.0, t_des: 118.7, bed_util_ads: 0.485, bed_util_des: 0.484, des_th: 0.48411528091543166,frac_lost: 0.104, li_recovered:  8.149, time: 0.005665763999786577
L: 0.50, u_super: 0.00005, sec: 4.380, prod: 0.000664, t_ads: 3595.9, t_des: 6792.0, bed_util_ads: 0.246, bed_util_des: 0.167, des_th: 0.16731260432842174,frac_lost: 0.101, li_recovered:  6.897, time: 0.007668917998671532
L: 0.50, u_super: 0.00452, sec: 247.332, prod: 0.101779, t_ads: 43.0, t_des: 39.3, bed_util_ads: 0.497, bed_util_des: 0.496, des_th: 0.4963099268428161,frac_lost: 0.105, li_recovered:  8.381, time: 0.008090927000012016
L: 0.50, u_super: 0.00236, sec: 127.625, prod: 0.052284, t_ads: 81.9, t_des: 71.9, bed_util_ads: 0.499, bed_util_des: 0.498, des_th: 0.49823066504049446,frac_lost: 0.107, li_recovered:  8.042, time: 0.006208058000993333
L: 0.50, u_super: 0.00909, sec: 524.506, prod: 0.205879, t_ads: 21.5, t_des: 19.5, bed_util_ads: 0.500, bed_util_des: 0.500, des_th: 0.49969302433618706,frac_lost: 0.106, li_recovered:  8.445, time: 0.005224540998824523
L: 0.50, u_super: 0.00054, sec: 31.190, prod: 0.011104, t_ads: 333.9, t_des: 306.8, bed_util_ads: 0.469, bed_util_des: 0.468, des_th: 0.4679193945853307,frac_lost: 0.105, li_recovered:  7.114, time: 0.005952950999926543
L: 102.93, u_super: 0.00411 — INFEASIBLE (li_recovered=0.000e+00), time: 0.0009062319986696821
L: 0.50, u_super: 0.00745, sec: 421.968, prod: 0.168458, t_ads: 26.3, t_des: 23.8, bed_util_ads: 0.499, bed_util_des: 0.499, des_th: 0.4988715540730309,frac_lost: 0.107, li_recovered:  8.434, time: 0.005238534999080002
L: 0.50, u_super: 0.00421, sec: 230.141, prod: 0.094283, t_ads: 46.3, t_des: 40.7, bed_util_ads: 0.500, bed_util_des: 0.500, des_th: 0.4998622032348444,frac_lost: 0.106, li_recovered:  8.199, time: 0.007725514000412659
L: 0.50, u_super: 0.00298, sec: 161.349, prod: 0.066425, t_ads: 64.7, t_des: 56.8, bed_util_ads: 0.500, bed_util_des: 0.499, des_th: 0.4994921364349384,frac_lost: 0.102, li_recovered:  8.069, time: 0.006690747999527957
L: 0.50, u_super: 0.00511, sec: 281.145, prod: 0.115202, t_ads: 38.0, t_des: 34.1, bed_util_ads: 0.500, bed_util_des: 0.499, des_th: 0.4994975951849394,frac_lost: 0.103, li_recovered:  8.303, time: 0.006507800000690622
L: 0.50, u_super: 0.00005, sec: 4.335, prod: 0.000671, t_ads: 3395.5, t_des: 5810.8, bed_util_ads: 0.252, bed_util_des: 0.185, des_th: 0.1851696623157332,frac_lost: 0.100, li_recovered:  6.176, time: 0.006874193999465206
L: 49.12, u_super: 0.00463 — INFEASIBLE (li_recovered=0.000e+00), time: 0.0015502330006711418
L: 0.50, u_super: 0.00960, sec: 565.811, prod: 0.214182, t_ads: 20.4, t_des: 20.0, bed_util_ads: 0.490, bed_util_des: 0.489, des_th: 0.48937637043186977,frac_lost: 0.106, li_recovered:  8.660, time: 0.006977929999266053
L: 0.50, u_super: 0.00981, sec: 572.067, prod: 0.222082, t_ads: 19.9, t_des: 18.5, bed_util_ads: 0.497, bed_util_des: 0.496, des_th: 0.4964400541836623,frac_lost: 0.106, li_recovered:  8.536, time: 0.007150049999836483
L: 0.50, u_super: 0.00461, sec: 252.347, prod: 0.103847, t_ads: 42.2, t_des: 38.2, bed_util_ads: 0.498, bed_util_des: 0.497, des_th: 0.49729667211036077,frac_lost: 0.104, li_recovered:  8.347, time: 0.006192806000399287
L: 0.50, u_super: 0.00256, sec: 138.264, prod: 0.056847, t_ads: 75.3, t_des: 66.2, bed_util_ads: 0.498, bed_util_des: 0.498, des_th: 0.49823066504049446,frac_lost: 0.104, li_recovered:  8.045, time: 0.00476675299978524
L: 0.50, u_super: 0.00741, sec: 418.356, prod: 0.167919, t_ads: 26.2, t_des: 23.7, bed_util_ads: 0.499, bed_util_des: 0.499, des_th: 0.4985950918682236,frac_lost: 0.102, li_recovered:  8.390, time: 0.006574000000910019
L: 0.50, u_super: 0.00617, sec: 343.849, prod: 0.139442, t_ads: 31.5, t_des: 28.2, bed_util_ads: 0.500, bed_util_des: 0.500, des_th: 0.4996873512730606,frac_lost: 0.103, li_recovered:  8.319, time: 0.007445361999998568
L: 0.50, u_super: 0.00691, sec: 388.208, prod: 0.156333, t_ads: 28.1, t_des: 25.1, bed_util_ads: 0.500, bed_util_des: 0.500, des_th: 0.49990957073894055,frac_lost: 0.102, li_recovered:  8.325, time: 0.006328686999040656
L: 0.50, u_super: 0.00863, sec: 496.024, prod: 0.195226, t_ads: 22.7, t_des: 20.5, bed_util_ads: 0.499, bed_util_des: 0.499, des_th: 0.49937051514926417,frac_lost: 0.108, li_recovered:  8.444, time: 0.007583169999634265
L: 0.50, u_super: 0.00288, sec: 154.705, prod: 0.064380, t_ads: 67.0, t_des: 61.1, bed_util_ads: 0.495, bed_util_des: 0.495, des_th: 0.49473860536631364,frac_lost: 0.102, li_recovered:  8.245, time: 0.006460451999373618
L: 20.84, u_super: 0.00805 — INFEASIBLE (li_recovered=0.000e+00), time: 0.0016288139995594975
L: 19.70, u_super: 0.00558 — INFEASIBLE (li_recovered=0.000e+00), time: 0.0014780569999857107
L: 9.41, u_super: 0.00015 — INFEASIBLE (li_recovered=0.000e+00), time: 0.0013069309989077738
L: 0.50, u_super: 0.00324, sec: 175.274, prod: 0.072572, t_ads: 59.5, t_des: 53.0, bed_util_ads: 0.499, bed_util_des: 0.498, des_th: 0.49849957064965994,frac_lost: 0.101, li_recovered:  8.162, time: 0.0055344149986922275
L: 0.50, u_super: 0.00908, sec: 525.258, prod: 0.205419, t_ads: 21.6, t_des: 19.7, bed_util_ads: 0.499, bed_util_des: 0.499, des_th: 0.4986087036645027,frac_lost: 0.109, li_recovered:  8.487, time: 0.005726061999666854
L: 0.50, u_super: 0.00629, sec: 351.082, prod: 0.142099, t_ads: 30.9, t_des: 27.6, bed_util_ads: 0.500, bed_util_des: 0.500, des_th: 0.4998955791586817,frac_lost: 0.103, li_recovered:  8.314, time: 0.005257656999674509
L: 0.50, u_super: 0.00916, sec: 529.472, prod: 0.207542, t_ads: 21.3, t_des: 19.4, bed_util_ads: 0.499, bed_util_des: 0.499, des_th: 0.49875976734013755,frac_lost: 0.106, li_recovered:  8.452, time: 0.006276584999795887
L: 17.71, u_super: 0.00908 — INFEASIBLE (li_recovered=0.000e+00), time: 0.00264548300037859
L: 0.50, u_super: 0.00512, sec: 281.458, prod: 0.115754, t_ads: 37.8, t_des: 34.7, bed_util_ads: 0.497, bed_util_des: 0.496, des_th: 0.4963099268428161,frac_lost: 0.101, li_recovered:  8.398, time: 0.0038998430009087315
L: 0.50, u_super: 0.00744, sec: 420.727, prod: 0.168699, t_ads: 26.1, t_des: 23.6, bed_util_ads: 0.499, bed_util_des: 0.499, des_th: 0.49887782585855633,frac_lost: 0.102, li_recovered:  8.380, time: 0.0036220559995854273
L: 10.80, u_super: 0.00086 — INFEASIBLE (li_recovered=0.000e+00), time: 0.0011766799998440547
   237 |     9480 |     40 |  0.0036947703 |             f
L: 0.50, u_super: 0.00367, sec: 218.734, prod: 0.075078, t_ads: 53.0, t_des: 61.9, bed_util_ads: 0.465, bed_util_des: 0.464, des_th: 0.46411525033816475,frac_lost: 0.105, li_recovered:  8.620, time: 0.004088861000127508
L: 0.50, u_super: 0.00256, sec: 138.694, prod: 0.056671, t_ads: 75.2, t_des: 65.3, bed_util_ads: 0.500, bed_util_des: 0.500, des_th: 0.4997097598625662,frac_lost: 0.103, li_recovered:  7.964, time: 0.003915825000149198
L: 0.50, u_super: 0.00747, sec: 423.542, prod: 0.168910, t_ads: 26.2, t_des: 23.8, bed_util_ads: 0.498, bed_util_des: 0.498, des_th: 0.4982670105566484,frac_lost: 0.108, li_recovered:  8.441, time: 0.003972976999648381
L: 0.50, u_super: 0.00500, sec: 275.037, prod: 0.112568, t_ads: 38.9, t_des: 34.7, bed_util_ads: 0.500, bed_util_des: 0.500, des_th: 0.4996121556151466,frac_lost: 0.104, li_recovered:  8.293, time: 0.003420130000449717
L: 0.50, u_super: 0.00960, sec: 557.380, prod: 0.217422, t_ads: 20.4, t_des: 18.3, bed_util_ads: 0.500, bed_util_des: 0.500, des_th: 0.49992619065812083,frac_lost: 0.105, li_recovered:  8.402, time: 0.004674856001656735
L: 0.50, u_super: 0.00509, sec: 280.188, prod: 0.114796, t_ads: 38.1, t_des: 35.7, bed_util_ads: 0.493, bed_util_des: 0.493, des_th: 0.49253253988906476,frac_lost: 0.102, li_recovered:  8.476, time: 0.004286130000764388
L: 83.46, u_super: 0.00846 — INFEASIBLE (li_recovered=0.000e+00), time: 0.0008676439992996166
L: 0.50, u_super: 0.00984, sec: 572.981, prod: 0.223236, t_ads: 19.8, t_des: 17.8, bed_util_ads: 0.500, bed_util_des: 0.500, des_th: 0.49969302433618706,frac_lost: 0.104, li_recovered:  8.404, time: 0.0035399429998506093
L: 0.50, u_super: 0.00454, sec: 248.619, prod: 0.102293, t_ads: 42.8, t_des: 39.2, bed_util_ads: 0.497, bed_util_des: 0.496, des_th: 0.4964107793360378,frac_lost: 0.105, li_recovered:  8.395, time: 0.0036573080014932202
L: 0.50, u_super: 0.00421, sec: 230.002, prod: 0.094340, t_ads: 46.2, t_des: 40.7, bed_util_ads: 0.500, bed_util_des: 0.500, des_th: 0.49986111982341824,frac_lost: 0.105, li_recovered:  8.202, time: 0.004568500000459608
L: 0.50, u_super: 0.00512, sec: 281.649, prod: 0.115676, t_ads: 37.9, t_des: 34.7, bed_util_ads: 0.497, bed_util_des: 0.497, des_th: 0.49658605331657024,frac_lost: 0.102, li_recovered:  8.400, time: 0.005446023000331479
L: 0.50, u_super: 0.00619, sec: 344.576, prod: 0.139860, t_ads: 31.4, t_des: 28.1, bed_util_ads: 0.500, bed_util_des: 0.500, des_th: 0.4996873512730606,frac_lost: 0.102, li_recovered:  8.315, time: 0.0038287779989332194
L: 2.55, u_super: 0.00473 — INFEASIBLE (li_recovered=0.000e+00), time: 0.002288306999616907
L: 0.50, u_super: 0.00461, sec: 252.738, prod: 0.103686, t_ads: 42.2, t_des: 37.7, bed_util_ads: 0.500, bed_util_des: 0.500, des_th: 0.4996292177572762,frac_lost: 0.105, li_recovered:  8.285, time: 0.0038403500002459623
L: 0.50, u_super: 0.00131, sec: 71.153, prod: 0.028388, t_ads: 145.9, t_des: 142.8, bed_util_ads: 0.479, bed_util_des: 0.477, des_th: 0.47739466394503927,frac_lost: 0.106, li_recovered:  8.195, time: 0.00430978700023843
L: 0.50, u_super: 0.00005, sec: 4.335, prod: 0.000671, t_ads: 3428.4, t_des: 5843.1, bed_util_ads: 0.253, bed_util_des: 0.185, des_th: 0.1851696623157332,frac_lost: 0.103, li_recovered:  6.220, time: 0.00444802600031835
L: 0.50, u_super: 0.00874, sec: 502.394, prod: 0.197773, t_ads: 22.4, t_des: 20.5, bed_util_ads: 0.498, bed_util_des: 0.498, des_th: 0.4982535137106789,frac_lost: 0.106, li_recovered:  8.489, time: 0.0041347659989696695
L: 0.78, u_super: 0.00811, sec: 767.115, prod: 0.172986, t_ads: 37.3, t_des: 40.8, bed_util_ads: 0.474, bed_util_des: 0.473, des_th: 0.47315271143476667,frac_lost: 0.100, li_recovered:  13.511, time: 0.004069206999702146
L: 0.50, u_super: 0.00987, sec: 574.653, prod: 0.223814, t_ads: 19.8, t_des: 18.0, bed_util_ads: 0.499, bed_util_des: 0.499, des_th: 0.4988602498064056,frac_lost: 0.105, li_recovered:  8.449, time: 0.003518483999869204
L: 0.50, u_super: 0.00081, sec: 44.785, prod: 0.016973, t_ads: 230.4, t_des: 206.1, bed_util_ads: 0.482, bed_util_des: 0.481, des_th: 0.48084854058488063,frac_lost: 0.102, li_recovered:  7.409, time: 0.00370570300037798
L: 0.50, u_super: 0.00588, sec: 325.789, prod: 0.133007, t_ads: 33.0, t_des: 30.0, bed_util_ads: 0.498, bed_util_des: 0.498, des_th: 0.4982870691007693,frac_lost: 0.101, li_recovered:  8.376, time: 0.004112329999770736
L: 0.50, u_super: 0.00727, sec: 410.522, prod: 0.164309, t_ads: 26.9, t_des: 24.4, bed_util_ads: 0.499, bed_util_des: 0.499, des_th: 0.4989479365833744,frac_lost: 0.106, li_recovered:  8.432, time: 0.0037637850000464823
L: 0.50, u_super: 0.00212, sec: 115.210, prod: 0.046493, t_ads: 90.2, t_des: 77.4, bed_util_ads: 0.500, bed_util_des: 0.500, des_th: 0.4998955908458606,frac_lost: 0.100, li_recovered:  7.792, time: 0.0037573660010821186
L: 2.01, u_super: 0.00801, sec: 1869.875, prod: 0.177884, t_ads: 96.0, t_des: 89.4, bed_util_ads: 0.489, bed_util_des: 0.489, des_th: 0.48893357929817755,frac_lost: 0.101, li_recovered:  32.979, time: 0.004714648999652127
L: 0.50, u_super: 0.00174, sec: 93.434, prod: 0.038446, t_ads: 109.6, t_des: 99.9, bed_util_ads: 0.491, bed_util_des: 0.490, des_th: 0.4900468933957476,frac_lost: 0.101, li_recovered:  8.056, time: 0.004536331000053906
L: 0.50, u_super: 0.00289, sec: 155.407, prod: 0.064598, t_ads: 66.8, t_des: 60.8, bed_util_ads: 0.495, bed_util_des: 0.494, des_th: 0.4942852889473073,frac_lost: 0.102, li_recovered:  8.242, time: 0.004944706999594928
L: 0.50, u_super: 0.00556, sec: 307.615, prod: 0.125649, t_ads: 34.9, t_des: 31.3, bed_util_ads: 0.500, bed_util_des: 0.499, des_th: 0.49942132725883337,frac_lost: 0.102, li_recovered:  8.309, time: 0.0045688520003750455
L: 0.50, u_super: 0.00116, sec: 469.639, prod: 0.003365, t_ads: 170.5, t_des: 2450.5, bed_util_ads: 0.191, bed_util_des: 0.169, des_th: 0.16938895055871372,frac_lost: 0.104, li_recovered:  8.820, time: 0.031388377001349
L: 0.94, u_super: 0.00876, sec: 951.444, prod: 0.197464, t_ads: 41.7, t_des: 37.7, bed_util_ads: 0.498, bed_util_des: 0.498, des_th: 0.4982370075296391,frac_lost: 0.104, li_recovered:  15.664, time: 0.006083301999751711
L: 0.50, u_super: 0.00904, sec: 758.704, prod: 0.140826, t_ads: 21.6, t_des: 40.4, bed_util_ads: 0.409, bed_util_des: 0.408, des_th: 0.40787573842614955,frac_lost: 0.103, li_recovered:  8.728, time: 0.006993867000346654
L: 1.20, u_super: 0.00586, sec: 800.742, prod: 0.129530, t_ads: 79.1, t_des: 68.6, bed_util_ads: 0.500, bed_util_des: 0.500, des_th: 0.49995897890660723,frac_lost: 0.104, li_recovered:  19.133, time: 0.004317168000852689
L: 0.50, u_super: 0.00421, sec: 229.991, prod: 0.094345, t_ads: 46.2, t_des: 40.8, bed_util_ads: 0.500, bed_util_des: 0.500, des_th: 0.4998860888650086,frac_lost: 0.105, li_recovered:  8.208, time: 0.003510628999720211
L: 0.50, u_super: 0.00844, sec: 493.420, prod: 0.187284, t_ads: 23.2, t_des: 23.1, bed_util_ads: 0.487, bed_util_des: 0.487, des_th: 0.4867571248311215,frac_lost: 0.107, li_recovered:  8.666, time: 0.00466953800059855
L: 0.50, u_super: 0.00712, sec: 400.522, prod: 0.161570, t_ads: 27.2, t_des: 24.9, bed_util_ads: 0.497, bed_util_des: 0.497, des_th: 0.4973595504353494,frac_lost: 0.100, li_recovered:  8.426, time: 0.00457317200016405
L: 6.39, u_super: 0.00808 — INFEASIBLE (li_recovered=0.000e+00), time: 0.0021799749993078876
L: 0.50, u_super: 0.00367, sec: 200.459, prod: 0.081923, t_ads: 53.0, t_des: 50.8, bed_util_ads: 0.490, bed_util_des: 0.489, des_th: 0.4891953084992191,frac_lost: 0.106, li_recovered:  8.496, time: 0.0051530979999370174
L: 0.50, u_super: 0.00983, sec: 610.012, prod: 0.209256, t_ads: 19.9, t_des: 21.7, bed_util_ads: 0.476, bed_util_des: 0.476, des_th: 0.47582203276438195,frac_lost: 0.106, li_recovered:  8.715, time: 0.006438364998757606
L: 0.50, u_super: 0.00441, sec: 241.170, prod: 0.099376, t_ads: 44.0, t_des: 40.3, bed_util_ads: 0.496, bed_util_des: 0.496, des_th: 0.4960684503985194,frac_lost: 0.105, li_recovered:  8.386, time: 0.0037070489997859113
L: 0.50, u_super: 0.00742, sec: 419.711, prod: 0.167714, t_ads: 26.4, t_des: 23.9, bed_util_ads: 0.500, bed_util_des: 0.499, des_th: 0.4994389033105084,frac_lost: 0.106, li_recovered:  8.431, time: 0.005482171998664853
L: 4.61, u_super: 0.00717 — INFEASIBLE (li_recovered=0.000e+00), time: 0.002477162999639404
   238 |     9520 |     40 |  0.0012824320 |             f
L: 0.50, u_super: 0.00751, sec: 4633.666, prod: 0.015592, t_ads: 26.1, t_des: 537.1, bed_util_ads: 0.172, bed_util_des: 0.169, des_th: 0.16872921845488092,frac_lost: 0.102, li_recovered:  8.781, time: 0.04705319499953475
L: 0.50, u_super: 0.00201, sec: 117.494, prod: 0.040755, t_ads: 95.9, t_des: 112.3, bed_util_ads: 0.460, bed_util_des: 0.458, des_th: 0.4583945574386594,frac_lost: 0.103, li_recovered:  8.486, time: 0.006063782999262912
L: 20.48, u_super: 0.00366 — INFEASIBLE (li_recovered=0.000e+00), time: 0.00122467700020934
L: 0.50, u_super: 0.00409, sec: 223.148, prod: 0.091748, t_ads: 47.6, t_des: 42.4, bed_util_ads: 0.500, bed_util_des: 0.499, des_th: 0.4995087834925099,frac_lost: 0.107, li_recovered:  8.264, time: 0.005115052001201548
L: 0.50, u_super: 0.00844, sec: 483.905, prod: 0.190944, t_ads: 23.2, t_des: 21.0, bed_util_ads: 0.500, bed_util_des: 0.500, des_th: 0.49988431963922303,frac_lost: 0.108, li_recovered:  8.437, time: 0.004012753001006786
L: 61.32, u_super: 0.00259 — INFEASIBLE (li_recovered=0.000e+00), time: 0.0014219879994925577
L: 0.50, u_super: 0.00541, sec: 299.199, prod: 0.122169, t_ads: 35.9, t_des: 32.0, bed_util_ads: 0.500, bed_util_des: 0.499, des_th: 0.49942132725883337,frac_lost: 0.103, li_recovered:  8.293, time: 0.004975772999387118
L: 0.50, u_super: 0.00965, sec: 571.122, prod: 0.214902, t_ads: 20.2, t_des: 20.1, bed_util_ads: 0.488, bed_util_des: 0.488, des_th: 0.4879513170319378,frac_lost: 0.104, li_recovered:  8.670, time: 0.005058338998424006
L: 0.50, u_super: 0.00718, sec: 404.299, prod: 0.162814, t_ads: 27.0, t_des: 24.4, bed_util_ads: 0.498, bed_util_des: 0.498, des_th: 0.4982670105566484,frac_lost: 0.100, li_recovered:  8.370, time: 0.004898655999568291
L: 0.50, u_super: 0.00989, sec: 575.598, prod: 0.224456, t_ads: 19.7, t_des: 18.0, bed_util_ads: 0.498, bed_util_des: 0.498, des_th: 0.4982745349833565,frac_lost: 0.103, li_recovered:  8.456, time: 0.004784904000189272
L: 0.50, u_super: 0.00073, sec: 40.937, prod: 0.015382, t_ads: 252.9, t_des: 229.1, bed_util_ads: 0.478, bed_util_des: 0.477, des_th: 0.4772969075472193,frac_lost: 0.104, li_recovered:  7.413, time: 0.0036780690006708028
L: 25.44, u_super: 0.00409 — INFEASIBLE (li_recovered=0.000e+00), time: 0.0009750770004757214
L: 0.50, u_super: 0.00650, sec: 363.059, prod: 0.147180, t_ads: 29.9, t_des: 27.0, bed_util_ads: 0.498, bed_util_des: 0.498, des_th: 0.4982380555253584,frac_lost: 0.101, li_recovered:  8.366, time: 0.007539918999100337
L: 0.50, u_super: 0.00556, sec: 307.440, prod: 0.125721, t_ads: 34.9, t_des: 31.7, bed_util_ads: 0.498, bed_util_des: 0.498, des_th: 0.49824378143090997,frac_lost: 0.102, li_recovered:  8.367, time: 0.006932036998477997
L: 0.50, u_super: 0.00334, sec: 180.855, prod: 0.074693, t_ads: 58.2, t_des: 52.0, bed_util_ads: 0.498, bed_util_des: 0.498, des_th: 0.4981085752059072,frac_lost: 0.107, li_recovered:  8.234, time: 0.003984101000241935
L: 0.50, u_super: 0.00256, sec: 138.268, prod: 0.056845, t_ads: 75.3, t_des: 66.2, bed_util_ads: 0.499, bed_util_des: 0.498, des_th: 0.49829559409954666,frac_lost: 0.104, li_recovered:  8.046, time: 0.004256021000401233
L: 0.50, u_super: 0.00990, sec: 576.868, prod: 0.224477, t_ads: 19.7, t_des: 17.9, bed_util_ads: 0.500, bed_util_des: 0.500, des_th: 0.4996073240364845,frac_lost: 0.105, li_recovered:  8.453, time: 0.005567236999922898
L: 0.50, u_super: 0.00728, sec: 411.678, prod: 0.164287, t_ads: 27.0, t_des: 24.4, bed_util_ads: 0.498, bed_util_des: 0.498, des_th: 0.4982380555253584,frac_lost: 0.109, li_recovered:  8.440, time: 0.006861472000309732
L: 0.50, u_super: 0.00005 — INFEASIBLE (li_recovered=0.000e+00), time: 0.0014753939994989196
L: 0.50, u_super: 0.00825, sec: 471.708, prod: 0.186463, t_ads: 23.7, t_des: 21.8, bed_util_ads: 0.498, bed_util_des: 0.498, des_th: 0.4982557685090092,frac_lost: 0.107, li_recovered:  8.490, time: 0.005241638000370585
L: 0.50, u_super: 0.00017 — INFEASIBLE (li_recovered=0.000e+00), time: 0.001778415000444511
L: 0.50, u_super: 0.00144, sec: 77.756, prod: 0.031346, t_ads: 132.8, t_des: 118.2, bed_util_ads: 0.491, bed_util_des: 0.491, des_th: 0.4908973491745821,frac_lost: 0.105, li_recovered:  7.870, time: 0.006595508999453159
L: 0.50, u_super: 0.00499, sec: 274.608, prod: 0.112628, t_ads: 39.0, t_des: 35.6, bed_util_ads: 0.497, bed_util_des: 0.496, des_th: 0.49631679990640837,frac_lost: 0.105, li_recovered:  8.392, time: 0.0047473979993810644
L: 0.50, u_super: 0.00300, sec: 162.268, prod: 0.066748, t_ads: 64.4, t_des: 56.5, bed_util_ads: 0.500, bed_util_des: 0.499, des_th: 0.4994921364349384,frac_lost: 0.103, li_recovered:  8.073, time: 0.006388552999851527
L: 0.50, u_super: 0.00691, sec: 387.663, prod: 0.156575, t_ads: 28.1, t_des: 25.4, bed_util_ads: 0.499, bed_util_des: 0.499, des_th: 0.49885506471679886,frac_lost: 0.101, li_recovered:  8.375, time: 0.007424331999573042
L: 0.50, u_super: 0.00815, sec: 465.663, prod: 0.184235, t_ads: 24.1, t_des: 21.8, bed_util_ads: 0.500, bed_util_des: 0.500, des_th: 0.49998924752924867,frac_lost: 0.108, li_recovered:  8.441, time: 0.0054308720009430544
L: 0.50, u_super: 0.00137, sec: 74.910, prod: 0.029632, t_ads: 138.0, t_des: 119.3, bed_util_ads: 0.495, bed_util_des: 0.495, des_th: 0.4950107136223768,frac_lost: 0.101, li_recovered:  7.626, time: 0.006379794000167749
L: 0.50, u_super: 0.00290, sec: 157.114, prod: 0.064311, t_ads: 66.6, t_des: 57.8, bed_util_ads: 0.500, bed_util_des: 0.500, des_th: 0.4996121679496569,frac_lost: 0.102, li_recovered:  7.999, time: 0.00593103500068537
L: 0.50, u_super: 0.00650, sec: 363.618, prod: 0.146953, t_ads: 29.9, t_des: 26.7, bed_util_ads: 0.500, bed_util_des: 0.499, des_th: 0.49938484748509293,frac_lost: 0.103, li_recovered:  8.322, time: 0.005418437000116683
L: 0.50, u_super: 0.00321, sec: 172.982, prod: 0.071991, t_ads: 60.1, t_des: 54.9, bed_util_ads: 0.495, bed_util_des: 0.495, des_th: 0.4948361682737497,frac_lost: 0.101, li_recovered:  8.280, time: 0.005291621000651503
L: 34.85, u_super: 0.00753 — INFEASIBLE (li_recovered=0.000e+00), time: 0.0018863160003093071
L: 0.50, u_super: 0.00174, sec: 93.484, prod: 0.038426, t_ads: 109.8, t_des: 100.0, bed_util_ads: 0.491, bed_util_des: 0.490, des_th: 0.4900468933957476,frac_lost: 0.102, li_recovered:  8.062, time: 0.003906810001353733
L: 0.50, u_super: 0.00844, sec: 504.296, prod: 0.183245, t_ads: 23.2, t_des: 24.3, bed_util_ads: 0.481, bed_util_des: 0.480, des_th: 0.48035918169975433,frac_lost: 0.106, li_recovered:  8.697, time: 0.010253028000079212
L: 0.50, u_super: 0.00869, sec: 499.120, prod: 0.196704, t_ads: 22.5, t_des: 20.4, bed_util_ads: 0.500, bed_util_des: 0.500, des_th: 0.49989776451520646,frac_lost: 0.106, li_recovered:  8.435, time: 0.006099902000642032
L: 0.50, u_super: 0.00212, sec: 114.097, prod: 0.046947, t_ads: 91.1, t_des: 85.9, bed_util_ads: 0.488, bed_util_des: 0.487, des_th: 0.4874417169848314,frac_lost: 0.106, li_recovered:  8.306, time: 0.006886510000185808
L: 0.50, u_super: 0.00558, sec: 316.088, prod: 0.123051, t_ads: 34.8, t_des: 35.4, bed_util_ads: 0.483, bed_util_des: 0.483, des_th: 0.48294795383346933,frac_lost: 0.102, li_recovered:  8.632, time: 0.005597031000434072
L: 0.50, u_super: 0.00143, sec: 439.429, prod: 0.005485, t_ads: 138.4, t_des: 1463.8, bed_util_ads: 0.217, bed_util_des: 0.201, des_th: 0.2008325445649592,frac_lost: 0.107, li_recovered:  8.787, time: 0.028788043000531616
L: 16.13, u_super: 0.00747 — INFEASIBLE (li_recovered=0.000e+00), time: 0.003227395998692373
L: 0.50, u_super: 0.00838, sec: 478.374, prod: 0.190196, t_ads: 23.2, t_des: 21.2, bed_util_ads: 0.498, bed_util_des: 0.498, des_th: 0.4982380555253584,frac_lost: 0.101, li_recovered:  8.434, time: 0.005457478000607807
L: 0.50, u_super: 0.00876, sec: 503.828, prod: 0.198469, t_ads: 22.3, t_des: 20.2, bed_util_ads: 0.498, bed_util_des: 0.498, des_th: 0.4982380555253584,frac_lost: 0.106, li_recovered:  8.443, time: 0.0071711380005581304
   239 |     9560 |     40 |  0.0030413312 |             f
L: 0.50, u_super: 0.00435, sec: 238.443, prod: 0.097778, t_ads: 44.6, t_des: 39.4, bed_util_ads: 0.500, bed_util_des: 0.500, des_th: 0.4998860888650086,frac_lost: 0.104, li_recovered:  8.211, time: 0.006187778000821709
L: 0.50, u_super: 0.00334, sec: 182.453, prod: 0.074038, t_ads: 58.3, t_des: 56.6, bed_util_ads: 0.487, bed_util_des: 0.486, des_th: 0.48635490842646295,frac_lost: 0.108, li_recovered:  8.508, time: 0.00667897400126094
L: 0.50, u_super: 0.00980, sec: 597.582, prod: 0.211910, t_ads: 19.9, t_des: 21.2, bed_util_ads: 0.479, bed_util_des: 0.479, des_th: 0.4789427943542103,frac_lost: 0.103, li_recovered:  8.706, time: 0.006706382000629674
L: 0.50, u_super: 0.00461, sec: 252.679, prod: 0.103711, t_ads: 42.3, t_des: 38.1, bed_util_ads: 0.498, bed_util_des: 0.497, des_th: 0.49729667211036077,frac_lost: 0.107, li_recovered:  8.337, time: 0.006260288999328623
L: 11.00, u_super: 0.00409 — INFEASIBLE (li_recovered=0.000e+00), time: 0.0022648970007139724
L: 0.50, u_super: 0.00581, sec: 322.104, prod: 0.131404, t_ads: 33.4, t_des: 30.3, bed_util_ads: 0.498, bed_util_des: 0.498, des_th: 0.4982870691007693,frac_lost: 0.102, li_recovered:  8.375, time: 0.005389809999542194
L: 0.50, u_super: 0.00887, sec: 537.290, prod: 0.191131, t_ads: 22.0, t_des: 23.5, bed_util_ads: 0.478, bed_util_des: 0.478, des_th: 0.4775991115695868,frac_lost: 0.105, li_recovered:  8.703, time: 0.005671503999110428
L: 16.01, u_super: 0.00781 — INFEASIBLE (li_recovered=0.000e+00), time: 0.002088446999550797
L: 0.50, u_super: 0.00657, sec: 367.015, prod: 0.148881, t_ads: 29.5, t_des: 26.7, bed_util_ads: 0.499, bed_util_des: 0.499, des_th: 0.49876922871177887,frac_lost: 0.100, li_recovered:  8.374, time: 0.006020067999997991
L: 0.50, u_super: 0.00261, sec: 141.019, prod: 0.057982, t_ads: 73.9, t_des: 64.9, bed_util_ads: 0.498, bed_util_des: 0.498, des_th: 0.4977567192077269,frac_lost: 0.103, li_recovered:  8.049, time: 0.006682696999632753
L: 0.50, u_super: 0.00077 — INFEASIBLE (li_recovered=0.000e+00), time: 0.0030721249986527255
L: 0.50, u_super: 0.00366, sec: 198.583, prod: 0.082012, t_ads: 53.2, t_des: 48.7, bed_util_ads: 0.496, bed_util_des: 0.496, des_th: 0.49558920938415996,frac_lost: 0.107, li_recovered:  8.361, time: 0.005838581999341841
L: 0.50, u_super: 0.00605, sec: 357.129, prod: 0.128656, t_ads: 32.1, t_des: 35.3, bed_util_ads: 0.474, bed_util_des: 0.473, des_th: 0.4731378826819596,frac_lost: 0.101, li_recovered:  8.670, time: 0.0074044559987669345
L: 0.50, u_super: 0.00747, sec: 423.674, prod: 0.168858, t_ads: 26.2, t_des: 24.0, bed_util_ads: 0.498, bed_util_des: 0.498, des_th: 0.497649179057808,frac_lost: 0.108, li_recovered:  8.481, time: 0.004728306999822962
L: 0.50, u_super: 0.00333, sec: 180.296, prod: 0.074405, t_ads: 58.6, t_des: 52.8, bed_util_ads: 0.496, bed_util_des: 0.496, des_th: 0.4960684503985194,frac_lost: 0.109, li_recovered:  8.286, time: 0.004011950999483815
L: 0.50, u_super: 0.00211, sec: 114.109, prod: 0.046484, t_ads: 91.4, t_des: 79.8, bed_util_ads: 0.498, bed_util_des: 0.498, des_th: 0.49820135381212766,frac_lost: 0.107, li_recovered:  7.961, time: 0.005323136001607054
L: 0.50, u_super: 0.00897, sec: 517.115, prod: 0.203102, t_ads: 21.8, t_des: 20.0, bed_util_ads: 0.498, bed_util_des: 0.498, des_th: 0.4982380555253584,frac_lost: 0.106, li_recovered:  8.486, time: 0.005227502000707318
L: 0.50, u_super: 0.00990, sec: 589.903, prod: 0.219517, t_ads: 19.7, t_des: 19.8, bed_util_ads: 0.486, bed_util_des: 0.486, des_th: 0.48578767268709333,frac_lost: 0.105, li_recovered:  8.681, time: 0.005426578998594778
L: 0.50, u_super: 0.00050, sec: 111.837, prod: 0.002561, t_ads: 399.4, t_des: 3023.4, bed_util_ads: 0.231, bed_util_des: 0.193, des_th: 0.19283478006659024,frac_lost: 0.103, li_recovered:  8.766, time: 0.018117305999112432
L: 11.58, u_super: 0.00943 — INFEASIBLE (li_recovered=0.000e+00), time: 0.002044238999587833
L: 0.50, u_super: 0.00174, sec: 95.154, prod: 0.037751, t_ads: 109.9, t_des: 111.8, bed_util_ads: 0.477, bed_util_des: 0.475, des_th: 0.47534484536291866,frac_lost: 0.102, li_recovered:  8.371, time: 0.004784310998729779
L: 0.50, u_super: 0.00033 — INFEASIBLE (li_recovered=0.000e+00), time: 0.00249228599932394
L: 0.50, u_super: 0.00086, sec: 47.301, prod: 0.018242, t_ads: 219.0, t_des: 215.3, bed_util_ads: 0.471, bed_util_des: 0.469, des_th: 0.46908753684889104,frac_lost: 0.105, li_recovered:  7.924, time: 0.004254949000824126
L: 0.50, u_super: 0.00939, sec: 543.570, prod: 0.213027, t_ads: 20.8, t_des: 18.9, bed_util_ads: 0.499, bed_util_des: 0.498, des_th: 0.4985069709628228,frac_lost: 0.104, li_recovered:  8.447, time: 0.004974092000338715
L: 0.50, u_super: 0.00801, sec: 457.210, prod: 0.181099, t_ads: 24.5, t_des: 21.9, bed_util_ads: 0.500, bed_util_des: 0.500, des_th: 0.4998871930438565,frac_lost: 0.108, li_recovered:  8.394, time: 0.004097154000191949
L: 64.35, u_super: 0.00012 — INFEASIBLE (li_recovered=0.000e+00), time: 0.0010856580011022743
L: 0.50, u_super: 0.00334, sec: 180.976, prod: 0.074517, t_ads: 58.2, t_des: 51.5, bed_util_ads: 0.499, bed_util_des: 0.498, des_th: 0.4982670105566484,frac_lost: 0.107, li_recovered:  8.179, time: 0.003566063998732716
L: 0.50, u_super: 0.00901, sec: 519.705, prod: 0.204245, t_ads: 21.7, t_des: 19.7, bed_util_ads: 0.498, bed_util_des: 0.498, des_th: 0.4982380555253584,frac_lost: 0.105, li_recovered:  8.446, time: 0.004856503999690176
L: 0.50, u_super: 0.00541, sec: 299.199, prod: 0.122169, t_ads: 35.9, t_des: 32.0, bed_util_ads: 0.500, bed_util_des: 0.499, des_th: 0.49942132725883337,frac_lost: 0.103, li_recovered:  8.293, time: 0.005525571999896783
L: 0.50, u_super: 0.00677, sec: 379.052, prod: 0.153379, t_ads: 28.7, t_des: 26.2, bed_util_ads: 0.498, bed_util_des: 0.498, des_th: 0.49781660251328186,frac_lost: 0.101, li_recovered:  8.413, time: 0.004405739999128855
L: 0.50, u_super: 0.00495, sec: 272.349, prod: 0.111647, t_ads: 39.2, t_des: 35.0, bed_util_ads: 0.500, bed_util_des: 0.500, des_th: 0.4997081733558033,frac_lost: 0.103, li_recovered:  8.285, time: 0.005654329999742913
L: 0.50, u_super: 0.00470, sec: 257.773, prod: 0.105731, t_ads: 41.4, t_des: 36.9, bed_util_ads: 0.499, bed_util_des: 0.499, des_th: 0.49885506471679886,frac_lost: 0.104, li_recovered:  8.275, time: 0.003647850000561448
L: 0.50, u_super: 0.00121, sec: 65.688, prod: 0.026341, t_ads: 156.5, t_des: 150.6, bed_util_ads: 0.479, bed_util_des: 0.478, des_th: 0.4779856150456651,frac_lost: 0.103, li_recovered:  8.090, time: 0.006420366000384092
L: 0.50, u_super: 0.00505, sec: 277.833, prod: 0.113985, t_ads: 38.5, t_des: 34.8, bed_util_ads: 0.498, bed_util_des: 0.498, des_th: 0.4981085752059072,frac_lost: 0.104, li_recovered:  8.350, time: 0.005146797999259434
L: 0.50, u_super: 0.00220, sec: 118.489, prod: 0.048847, t_ads: 87.6, t_des: 82.8, bed_util_ads: 0.488, bed_util_des: 0.487, des_th: 0.48746923120367314,frac_lost: 0.105, li_recovered:  8.320, time: 0.005073361000540899
L: 0.50, u_super: 0.00409, sec: 222.960, prod: 0.091825, t_ads: 47.5, t_des: 42.5, bed_util_ads: 0.499, bed_util_des: 0.498, des_th: 0.4985098730279312,frac_lost: 0.105, li_recovered:  8.264, time: 0.005145284998434363
L: 0.50, u_super: 0.00650, sec: 362.956, prod: 0.147222, t_ads: 29.8, t_des: 27.1, bed_util_ads: 0.498, bed_util_des: 0.498, des_th: 0.4982380555253584,frac_lost: 0.101, li_recovered:  8.378, time: 0.005630918998576817
L: 0.50, u_super: 0.00005, sec: 4.380, prod: 0.000662, t_ads: 3231.8, t_des: 5136.6, bed_util_ads: 0.255, bed_util_des: 0.198, des_th: 0.1980714438759227,frac_lost: 0.101, li_recovered:  5.538, time: 0.006262279999646125
L: 0.50, u_super: 0.00014 — INFEASIBLE (li_recovered=0.000e+00), time: 0.0015517169995291624
L: 0.50, u_super: 0.00256, sec: 1221.048, prod: 0.006437, t_ads: 76.8, t_des: 1289.6, bed_util_ads: 0.184, bed_util_des: 0.174, des_th: 0.17377217951212764,frac_lost: 0.103, li_recovered:  8.795, time: 0.03370574200016563
   240 |     9600 |     40 |  0.0011784918 |             f
L: 0.50, u_super: 0.00747, sec: 422.153, prod: 0.169466, t_ads: 26.0, t_des: 23.5, bed_util_ads: 0.498, bed_util_des: 0.498, des_th: 0.49824075796083656,frac_lost: 0.101, li_recovered:  8.382, time: 0.004433572999914759
L: 1.64, u_super: 0.00650, sec: 1318.089, prod: 0.132723, t_ads: 97.1, t_des: 112.2, bed_util_ads: 0.462, bed_util_des: 0.460, des_th: 0.4600069576502922,frac_lost: 0.104, li_recovered:  27.773, time: 0.004808259998753783
L: 0.50, u_super: 0.00385, sec: 225.341, prod: 0.080353, t_ads: 50.6, t_des: 56.8, bed_util_ads: 0.470, bed_util_des: 0.469, des_th: 0.46908753684889104,frac_lost: 0.106, li_recovered:  8.624, time: 0.0059391249997133855
L: 17.76, u_super: 0.00551 — INFEASIBLE (li_recovered=0.000e+00), time: 0.001963386999705108
L: 0.50, u_super: 0.00409, sec: 222.589, prod: 0.091979, t_ads: 47.4, t_des: 43.9, bed_util_ads: 0.495, bed_util_des: 0.494, des_th: 0.4945341259301397,frac_lost: 0.104, li_recovered:  8.403, time: 0.004112880000320729
L: 0.50, u_super: 0.00620, sec: 345.424, prod: 0.139985, t_ads: 31.4, t_des: 28.1, bed_util_ads: 0.500, bed_util_des: 0.500, des_th: 0.4999042675356172,frac_lost: 0.103, li_recovered:  8.321, time: 0.004852182999457
L: 0.50, u_super: 0.00619, sec: 344.749, prod: 0.139787, t_ads: 31.4, t_des: 28.0, bed_util_ads: 0.500, bed_util_des: 0.500, des_th: 0.4998619312445455,frac_lost: 0.102, li_recovered:  8.310, time: 0.00460156099870801
L: 0.50, u_super: 0.00684, sec: 383.696, prod: 0.154835, t_ads: 28.4, t_des: 25.6, bed_util_ads: 0.500, bed_util_des: 0.500, des_th: 0.49959150145125697,frac_lost: 0.102, li_recovered:  8.368, time: 0.003941310000300291
L: 0.50, u_super: 0.00014, sec: 16.728, prod: 0.001272, t_ads: 1459.4, t_des: 5178.2, bed_util_ads: 0.252, bed_util_des: 0.179, des_th: 0.1789935796878497,frac_lost: 0.104, li_recovered:  8.440, time: 0.010465057999681449
L: 0.50, u_super: 0.00875, sec: 503.096, prod: 0.198103, t_ads: 22.3, t_des: 20.0, bed_util_ads: 0.500, bed_util_des: 0.500, des_th: 0.499663857558915,frac_lost: 0.105, li_recovered:  8.393, time: 0.004076437000549049
L: 8.26, u_super: 0.00677 — INFEASIBLE (li_recovered=0.000e+00), time: 0.002667254000698449
L: 0.50, u_super: 0.00300, sec: 161.743, prod: 0.067343, t_ads: 64.1, t_des: 58.6, bed_util_ads: 0.495, bed_util_des: 0.495, des_th: 0.4948359025682569,frac_lost: 0.101, li_recovered:  8.263, time: 0.005127119999087881
L: 0.50, u_super: 0.00617, sec: 343.405, prod: 0.139581, t_ads: 31.5, t_des: 28.5, bed_util_ads: 0.499, bed_util_des: 0.499, des_th: 0.4988213743204545,frac_lost: 0.102, li_recovered:  8.368, time: 0.0057525939992046915
L: 0.50, u_super: 0.00288, sec: 1228.038, prod: 0.008122, t_ads: 68.3, t_des: 1013.9, bed_util_ads: 0.194, bed_util_des: 0.185, des_th: 0.1851696623157332,frac_lost: 0.104, li_recovered:  8.789, time: 0.036424296000404865
L: 0.50, u_super: 0.00990, sec: 575.986, prod: 0.224725, t_ads: 19.7, t_des: 17.9, bed_util_ads: 0.500, bed_util_des: 0.499, des_th: 0.49942132725883337,frac_lost: 0.103, li_recovered:  8.442, time: 0.005963179000900709
L: 0.50, u_super: 0.00203, sec: 110.209, prod: 0.044422, t_ads: 95.3, t_des: 81.9, bed_util_ads: 0.499, bed_util_des: 0.498, des_th: 0.4984125051354733,frac_lost: 0.108, li_recovered:  7.871, time: 0.008019303999390104
L: 0.50, u_super: 0.00851, sec: 540.575, prod: 0.173719, t_ads: 23.0, t_des: 27.2, bed_util_ads: 0.465, bed_util_des: 0.465, des_th: 0.46498863932719986,frac_lost: 0.105, li_recovered:  8.709, time: 0.0059281819994794205
L: 0.50, u_super: 0.00541, sec: 298.542, prod: 0.122438, t_ads: 35.8, t_des: 32.5, bed_util_ads: 0.498, bed_util_des: 0.498, des_th: 0.49804832985480785,frac_lost: 0.101, li_recovered:  8.355, time: 0.0070797589996800525
L: 0.50, u_super: 0.00990, sec: 576.956, prod: 0.224447, t_ads: 19.7, t_des: 17.9, bed_util_ads: 0.500, bed_util_des: 0.499, des_th: 0.49944757898827336,frac_lost: 0.105, li_recovered:  8.450, time: 0.0062455110000883
L: 0.50, u_super: 0.00290, sec: 244.578, prod: 0.041482, t_ads: 66.8, t_des: 141.5, bed_util_ads: 0.389, bed_util_des: 0.386, des_th: 0.38599893123786877,frac_lost: 0.101, li_recovered:  8.642, time: 0.009016065001560492
L: 22.50, u_super: 0.00041 — INFEASIBLE (li_recovered=0.000e+00), time: 0.0008920020009099972
L: 0.50, u_super: 0.00086 — INFEASIBLE (li_recovered=0.000e+00), time: 0.0026472210010979325
L: 0.50, u_super: 0.00011, sec: 12.396, prod: 0.001039, t_ads: 1876.8, t_des: 6223.1, bed_util_ads: 0.245, bed_util_des: 0.163, des_th: 0.16352893884997688,frac_lost: 0.103, li_recovered:  8.412, time: 0.010683476999474806
L: 26.27, u_super: 0.00339 — INFEASIBLE (li_recovered=0.000e+00), time: 0.001631466999242548
L: 0.50, u_super: 0.00691, sec: 389.216, prod: 0.156163, t_ads: 28.3, t_des: 25.7, bed_util_ads: 0.499, bed_util_des: 0.499, des_th: 0.49885506471679886,frac_lost: 0.108, li_recovered:  8.438, time: 0.006993024000621517
L: 0.50, u_super: 0.00844, sec: 484.252, prod: 0.190834, t_ads: 23.2, t_des: 21.3, bed_util_ads: 0.498, bed_util_des: 0.498, des_th: 0.49824028046176005,frac_lost: 0.108, li_recovered:  8.489, time: 0.007122531000277377
L: 0.50, u_super: 0.00932, sec: 539.785, prod: 0.211117, t_ads: 21.0, t_des: 19.0, bed_util_ads: 0.499, bed_util_des: 0.499, des_th: 0.4987214329521789,frac_lost: 0.106, li_recovered:  8.449, time: 0.006636007999986759
L: 0.50, u_super: 0.00302, sec: 163.174, prod: 0.067489, t_ads: 63.9, t_des: 56.8, bed_util_ads: 0.498, bed_util_des: 0.497, des_th: 0.4974429436588551,frac_lost: 0.102, li_recovered:  8.142, time: 0.006396668000888894
L: 44.10, u_super: 0.00168 — INFEASIBLE (li_recovered=0.000e+00), time: 0.001349755999399349
L: 39.98, u_super: 0.00768 — INFEASIBLE (li_recovered=0.000e+00), time: 0.0016634359999443404
L: 0.50, u_super: 0.00710, sec: 401.165, prod: 0.160411, t_ads: 27.6, t_des: 24.7, bed_util_ads: 0.500, bed_util_des: 0.500, des_th: 0.49992445689210835,frac_lost: 0.108, li_recovered:  8.387, time: 0.005228590000115219
L: 0.50, u_super: 0.00011 — INFEASIBLE (li_recovered=0.000e+00), time: 0.0018190250011684839
L: 0.50, u_super: 0.00798, sec: 465.912, prod: 0.176281, t_ads: 24.5, t_des: 24.7, bed_util_ads: 0.485, bed_util_des: 0.485, des_th: 0.48520830962640715,frac_lost: 0.107, li_recovered:  8.671, time: 0.006527468000058434
L: 0.50, u_super: 0.00254, sec: 143.468, prod: 0.053819, t_ads: 76.0, t_des: 82.5, bed_util_ads: 0.472, bed_util_des: 0.471, des_th: 0.47068078042902345,frac_lost: 0.102, li_recovered:  8.530, time: 0.00811284799965506
L: 0.50, u_super: 0.00080, sec: 45.310, prod: 0.016587, t_ads: 234.5, t_des: 248.5, bed_util_ads: 0.461, bed_util_des: 0.458, des_th: 0.45794602623406594,frac_lost: 0.106, li_recovered:  8.012, time: 0.007125538000764209
L: 0.50, u_super: 0.00334, sec: 181.478, prod: 0.074436, t_ads: 58.4, t_des: 51.3, bed_util_ads: 0.500, bed_util_des: 0.499, des_th: 0.49948156612382205,frac_lost: 0.109, li_recovered:  8.168, time: 0.006599406999157509
L: 0.50, u_super: 0.00090 — INFEASIBLE (li_recovered=0.000e+00), time: 0.003935972001272603
L: 0.50, u_super: 0.00404, sec: 236.364, prod: 0.084666, t_ads: 48.0, t_des: 53.9, bed_util_ads: 0.470, bed_util_des: 0.469, des_th: 0.4688276278737281,frac_lost: 0.103, li_recovered:  8.626, time: 0.007660395000129938
L: 35.48, u_super: 0.00109 — INFEASIBLE (li_recovered=0.000e+00), time: 0.001224903999172966
L: 10.26, u_super: 0.00094 — INFEASIBLE (li_recovered=0.000e+00), time: 0.0012646940012928098
   241 |     9640 |     40 |  0.0018916456 |             f
L: 28.33, u_super: 0.00512 — INFEASIBLE (li_recovered=0.000e+00), time: 0.0015182729985099286
L: 0.50, u_super: 0.00646, sec: 360.473, prod: 0.146174, t_ads: 30.1, t_des: 27.2, bed_util_ads: 0.500, bed_util_des: 0.499, des_th: 0.4994525824515138,frac_lost: 0.101, li_recovered:  8.368, time: 0.006225193999853218
L: 0.50, u_super: 0.00933, sec: 540.283, prod: 0.211278, t_ads: 20.9, t_des: 19.5, bed_util_ads: 0.496, bed_util_des: 0.496, des_th: 0.49620691020231195,frac_lost: 0.104, li_recovered:  8.532, time: 0.007340665999436169
L: 0.50, u_super: 0.00916, sec: 529.244, prod: 0.207373, t_ads: 21.4, t_des: 19.3, bed_util_ads: 0.500, bed_util_des: 0.500, des_th: 0.4996139320547155,frac_lost: 0.107, li_recovered:  8.445, time: 0.00591336700017564
L: 0.50, u_super: 0.00809, sec: 462.129, prod: 0.183039, t_ads: 24.2, t_des: 21.7, bed_util_ads: 0.500, bed_util_des: 0.500, des_th: 0.4998871930438565,frac_lost: 0.107, li_recovered:  8.396, time: 0.006571122999957879
L: 3.60, u_super: 0.00088 — INFEASIBLE (li_recovered=0.000e+00), time: 0.0012635769999178592
L: 0.50, u_super: 0.00948, sec: 549.153, prod: 0.214856, t_ads: 20.6, t_des: 18.4, bed_util_ads: 0.500, bed_util_des: 0.500, des_th: 0.49986419892132383,frac_lost: 0.103, li_recovered:  8.385, time: 0.005847337999512092
L: 0.50, u_super: 0.00905, sec: 522.687, prod: 0.204754, t_ads: 21.6, t_des: 19.8, bed_util_ads: 0.497, bed_util_des: 0.497, des_th: 0.49731136935489584,frac_lost: 0.107, li_recovered:  8.493, time: 0.005477775999679579
L: 0.50, u_super: 0.00515, sec: 1771.783, prod: 0.018589, t_ads: 38.2, t_des: 434.0, bed_util_ads: 0.218, bed_util_des: 0.213, des_th: 0.21336807270756175,frac_lost: 0.106, li_recovered:  8.778, time: 0.023589660000652657
L: 0.50, u_super: 0.00050, sec: 29.287, prod: 0.009988, t_ads: 358.3, t_des: 320.5, bed_util_ads: 0.470, bed_util_des: 0.469, des_th: 0.46908753684889104,frac_lost: 0.102, li_recovered:  6.781, time: 0.0037615569999616127
L: 0.50, u_super: 0.00221, sec: 118.694, prod: 0.048911, t_ads: 87.4, t_des: 82.9, bed_util_ads: 0.488, bed_util_des: 0.487, des_th: 0.48746923120367314,frac_lost: 0.105, li_recovered:  8.328, time: 0.005125486999531859
L: 0.50, u_super: 0.00741, sec: 419.645, prod: 0.167429, t_ads: 26.4, t_des: 23.7, bed_util_ads: 0.500, bed_util_des: 0.500, des_th: 0.4998871930438565,frac_lost: 0.107, li_recovered:  8.389, time: 0.0037746299985883525
L: 0.50, u_super: 0.00510, sec: 280.291, prod: 0.115055, t_ads: 38.1, t_des: 34.6, bed_util_ads: 0.498, bed_util_des: 0.498, des_th: 0.49802677714562993,frac_lost: 0.103, li_recovered:  8.358, time: 0.004567903999486589
L: 0.50, u_super: 0.00509, sec: 285.748, prod: 0.112756, t_ads: 38.1, t_des: 38.2, bed_util_ads: 0.485, bed_util_des: 0.485, des_th: 0.4847271892481039,frac_lost: 0.103, li_recovered:  8.612, time: 0.004819812000278034
L: 0.50, u_super: 0.00620, sec: 345.171, prod: 0.140088, t_ads: 31.3, t_des: 28.0, bed_util_ads: 0.500, bed_util_des: 0.500, des_th: 0.49982063765128193,frac_lost: 0.101, li_recovered:  8.313, time: 0.004856125000515021
L: 0.50, u_super: 0.00013 — INFEASIBLE (li_recovered=0.000e+00), time: 0.0014692779986944515
L: 0.50, u_super: 0.00021 — INFEASIBLE (li_recovered=0.000e+00), time: 0.002361077000387013
L: 0.50, u_super: 0.00954, sec: 576.737, prod: 0.207600, t_ads: 20.4, t_des: 21.5, bed_util_ads: 0.481, bed_util_des: 0.481, des_th: 0.4806957329590322,frac_lost: 0.102, li_recovered:  8.700, time: 0.00697986599880096
L: 0.50, u_super: 0.00747, sec: 423.763, prod: 0.168822, t_ads: 26.2, t_des: 23.7, bed_util_ads: 0.499, bed_util_des: 0.499, des_th: 0.49867123704067134,frac_lost: 0.109, li_recovered:  8.434, time: 0.005836661999637727
L: 0.50, u_super: 0.00872, sec: 502.156, prod: 0.197193, t_ads: 22.5, t_des: 20.6, bed_util_ads: 0.498, bed_util_des: 0.498, des_th: 0.4982380555253584,frac_lost: 0.108, li_recovered:  8.494, time: 0.004524095000306261
L: 0.50, u_super: 0.00334, sec: 180.876, prod: 0.074684, t_ads: 58.2, t_des: 52.1, bed_util_ads: 0.498, bed_util_des: 0.498, des_th: 0.4981085752059072,frac_lost: 0.107, li_recovered:  8.239, time: 0.00394419599979301
L: 37.27, u_super: 0.00254 — INFEASIBLE (li_recovered=0.000e+00), time: 0.0009032279995153658
L: 0.50, u_super: 0.00365, sec: 205.708, prod: 0.078794, t_ads: 53.4, t_des: 55.7, bed_util_ads: 0.478, bed_util_des: 0.478, des_th: 0.4777238410385209,frac_lost: 0.107, li_recovered:  8.599, time: 0.005026314000133425
L: 0.50, u_super: 0.00212, sec: 122.367, prod: 0.043841, t_ads: 90.8, t_des: 103.0, bed_util_ads: 0.465, bed_util_des: 0.463, des_th: 0.463224947304011,frac_lost: 0.103, li_recovered:  8.496, time: 0.004255306999766617
L: 0.50, u_super: 0.00307, sec: 166.032, prod: 0.068727, t_ads: 62.7, t_des: 55.7, bed_util_ads: 0.498, bed_util_des: 0.498, des_th: 0.4981479962231771,frac_lost: 0.101, li_recovered:  8.137, time: 0.004025537999041262
L: 0.50, u_super: 0.00461, sec: 252.521, prod: 0.103776, t_ads: 42.2, t_des: 38.1, bed_util_ads: 0.498, bed_util_des: 0.498, des_th: 0.4982233582808231,frac_lost: 0.105, li_recovered:  8.333, time: 0.004257094999047695
L: 2.35, u_super: 0.00042 — INFEASIBLE (li_recovered=0.000e+00), time: 0.0009681760002422379
L: 0.50, u_super: 0.00074, sec: 41.128, prod: 0.015468, t_ads: 251.8, t_des: 228.0, bed_util_ads: 0.479, bed_util_des: 0.478, des_th: 0.4779856150456651,frac_lost: 0.105, li_recovered:  7.421, time: 0.003287233999799355
L: 0.84, u_super: 0.00334, sec: 309.440, prod: 0.073334, t_ads: 96.1, t_des: 83.4, bed_util_ads: 0.498, bed_util_des: 0.498, des_th: 0.4981085752059072,frac_lost: 0.100, li_recovered:  13.163, time: 0.003933894000510918
L: 0.50, u_super: 0.00541, sec: 298.847, prod: 0.122313, t_ads: 35.8, t_des: 32.1, bed_util_ads: 0.500, bed_util_des: 0.499, des_th: 0.49947413014798553,frac_lost: 0.101, li_recovered:  8.311, time: 0.0034534589995018905
L: 0.50, u_super: 0.00010, sec: 9.330, prod: 0.001335, t_ads: 1766.8, t_des: 3753.8, bed_util_ads: 0.280, bed_util_des: 0.219, des_th: 0.21929297853939891,frac_lost: 0.101, li_recovered:  7.368, time: 0.005036524000388454
L: 0.50, u_super: 0.00366, sec: 198.618, prod: 0.081998, t_ads: 53.3, t_des: 48.8, bed_util_ads: 0.496, bed_util_des: 0.496, des_th: 0.4956352787307948,frac_lost: 0.108, li_recovered:  8.369, time: 0.004130399000132456
L: 0.50, u_super: 0.00960, sec: 621.032, prod: 0.195137, t_ads: 20.4, t_des: 24.3, bed_util_ads: 0.465, bed_util_des: 0.465, des_th: 0.46453255911711766,frac_lost: 0.105, li_recovered:  8.717, time: 0.004353959000582108
L: 2.98, u_super: 0.00185 — INFEASIBLE (li_recovered=0.000e+00), time: 0.00167472000066482
L: 0.50, u_super: 0.00290, sec: 1238.559, prod: 0.008175, t_ads: 67.8, t_des: 1007.3, bed_util_ads: 0.194, bed_util_des: 0.185, des_th: 0.1851696623157332,frac_lost: 0.104, li_recovered:  8.789, time: 0.026566881000690046
L: 0.50, u_super: 0.00783, sec: 487.100, prod: 0.162188, t_ads: 25.0, t_des: 28.7, bed_util_ads: 0.469, bed_util_des: 0.468, des_th: 0.468252081229884,frac_lost: 0.106, li_recovered:  8.703, time: 0.004957102999469498
L: 0.50, u_super: 0.00433, sec: 237.412, prod: 0.097264, t_ads: 44.9, t_des: 39.7, bed_util_ads: 0.500, bed_util_des: 0.500, des_th: 0.49966269268959407,frac_lost: 0.106, li_recovered:  8.225, time: 0.004352463000032003
L: 0.50, u_super: 0.00512, sec: 281.711, prod: 0.115650, t_ads: 37.8, t_des: 33.9, bed_util_ads: 0.499, bed_util_des: 0.499, des_th: 0.49870568080820027,frac_lost: 0.101, li_recovered:  8.296, time: 0.005668282001352054
L: 0.50, u_super: 0.00643, sec: 359.200, prod: 0.145682, t_ads: 30.2, t_des: 27.3, bed_util_ads: 0.498, bed_util_des: 0.498, des_th: 0.4982580648578609,frac_lost: 0.102, li_recovered:  8.376, time: 0.00520081700051378
L: 0.50, u_super: 0.00943, sec: 546.954, prod: 0.213470, t_ads: 20.7, t_des: 19.3, bed_util_ads: 0.496, bed_util_des: 0.496, des_th: 0.49636401286942927,frac_lost: 0.104, li_recovered:  8.537, time: 0.006089245000111987
   242 |     9680 |     40 |  0.0031513270 |             f
L: 18.42, u_super: 0.00977 — INFEASIBLE (li_recovered=0.000e+00), time: 0.001985612998396391
L: 20.39, u_super: 0.00541 — INFEASIBLE (li_recovered=0.000e+00), time: 0.0012440749997040257
L: 4.31, u_super: 0.00588 — INFEASIBLE (li_recovered=0.000e+00), time: 0.0027375520003261045
L: 47.13, u_super: 0.00096 — INFEASIBLE (li_recovered=0.000e+00), time: 0.001013488999888068
L: 0.50, u_super: 0.00425, sec: 232.198, prod: 0.095523, t_ads: 45.8, t_des: 40.9, bed_util_ads: 0.500, bed_util_des: 0.500, des_th: 0.49966269268959407,frac_lost: 0.106, li_recovered:  8.277, time: 0.00385343200105126
L: 0.50, u_super: 0.00005, sec: 4.461, prod: 0.000687, t_ads: 3231.8, t_des: 5306.3, bed_util_ads: 0.255, bed_util_des: 0.194, des_th: 0.19394142283931148,frac_lost: 0.101, li_recovered:  5.868, time: 0.00465008499850228
L: 0.50, u_super: 0.00909, sec: 524.876, prod: 0.205842, t_ads: 21.5, t_des: 19.3, bed_util_ads: 0.500, bed_util_des: 0.500, des_th: 0.4998871930438565,frac_lost: 0.106, li_recovered:  8.405, time: 0.004690175999712665
L: 0.50, u_super: 0.00464, sec: 254.112, prod: 0.104408, t_ads: 42.0, t_des: 38.8, bed_util_ads: 0.495, bed_util_des: 0.495, des_th: 0.4945341259301397,frac_lost: 0.105, li_recovered:  8.427, time: 0.004609457000697148
L: 0.50, u_super: 0.00121, sec: 74.002, prod: 0.023382, t_ads: 157.9, t_des: 198.5, bed_util_ads: 0.445, bed_util_des: 0.442, des_th: 0.44158406167225644,frac_lost: 0.105, li_recovered:  8.333, time: 0.005182261000300059
L: 0.50, u_super: 0.00989, sec: 576.113, prod: 0.224147, t_ads: 19.8, t_des: 18.0, bed_util_ads: 0.498, bed_util_des: 0.498, des_th: 0.4982745349833565,frac_lost: 0.105, li_recovered:  8.465, time: 0.00448621999930765
L: 12.83, u_super: 0.00281 — INFEASIBLE (li_recovered=0.000e+00), time: 0.0009309600009146379
L: 0.50, u_super: 0.00920, sec: 531.611, prod: 0.208348, t_ads: 21.2, t_des: 19.1, bed_util_ads: 0.500, bed_util_des: 0.500, des_th: 0.49992619065812083,frac_lost: 0.105, li_recovered:  8.399, time: 0.003937126000892022
L: 0.50, u_super: 0.00812, sec: 462.296, prod: 0.184339, t_ads: 23.9, t_des: 21.6, bed_util_ads: 0.499, bed_util_des: 0.499, des_th: 0.49903365703972263,frac_lost: 0.100, li_recovered:  8.381, time: 0.004471292999369325
L: 0.50, u_super: 0.00014 — INFEASIBLE (li_recovered=0.000e+00), time: 0.001495337000960717
L: 0.50, u_super: 0.00384, sec: 208.819, prod: 0.086172, t_ads: 50.7, t_des: 45.9, bed_util_ads: 0.497, bed_util_des: 0.496, des_th: 0.49640817461757014,frac_lost: 0.107, li_recovered:  8.323, time: 0.003729799000211642
L: 0.50, u_super: 0.00174, sec: 93.503, prod: 0.038418, t_ads: 109.8, t_des: 99.9, bed_util_ads: 0.491, bed_util_des: 0.490, des_th: 0.490443930606944,frac_lost: 0.102, li_recovered:  8.059, time: 0.004726876999484375
L: 0.50, u_super: 0.00007, sec: 5.945, prod: 0.000885, t_ads: 2718.0, t_des: 5378.2, bed_util_ads: 0.259, bed_util_des: 0.185, des_th: 0.1851696623157332,frac_lost: 0.103, li_recovered:  7.167, time: 0.005462516999614309
L: 0.50, u_super: 0.00810, sec: 462.997, prod: 0.183130, t_ads: 24.2, t_des: 21.6, bed_util_ads: 0.500, bed_util_des: 0.500, des_th: 0.49989175651981965,frac_lost: 0.108, li_recovered:  8.391, time: 0.003749510999114136
L: 10.94, u_super: 0.00050 — INFEASIBLE (li_recovered=0.000e+00), time: 0.0008400469996558968
L: 0.50, u_super: 0.00747, sec: 423.546, prod: 0.168909, t_ads: 26.2, t_des: 23.8, bed_util_ads: 0.498, bed_util_des: 0.498, des_th: 0.4982415422376582,frac_lost: 0.108, li_recovered:  8.440, time: 0.004589479000060237
L: 0.50, u_super: 0.00377, sec: 220.174, prod: 0.078667, t_ads: 51.6, t_des: 58.0, bed_util_ads: 0.470, bed_util_des: 0.469, des_th: 0.46901939770751855,frac_lost: 0.105, li_recovered:  8.619, time: 0.0045153629998822
L: 0.50, u_super: 0.00265, sec: 143.017, prod: 0.058814, t_ads: 72.8, t_des: 64.0, bed_util_ads: 0.498, bed_util_des: 0.498, des_th: 0.49823066504049446,frac_lost: 0.103, li_recovered:  8.048, time: 0.004216420000375365
L: 0.50, u_super: 0.00780, sec: 446.094, prod: 0.175373, t_ads: 25.1, t_des: 23.9, bed_util_ads: 0.493, bed_util_des: 0.493, des_th: 0.4932221270398015,frac_lost: 0.107, li_recovered:  8.587, time: 0.006748386000253959
L: 0.50, u_super: 0.00842, sec: 482.078, prod: 0.190500, t_ads: 23.2, t_des: 20.9, bed_util_ads: 0.500, bed_util_des: 0.500, des_th: 0.49989542325363734,frac_lost: 0.106, li_recovered:  8.396, time: 0.004958198000167613
L: 0.50, u_super: 0.00288, sec: 155.719, prod: 0.063961, t_ads: 67.3, t_des: 64.7, bed_util_ads: 0.488, bed_util_des: 0.488, des_th: 0.48765435235739973,frac_lost: 0.104, li_recovered:  8.442, time: 0.003896721998899011
L: 0.50, u_super: 0.00585, sec: 324.279, prod: 0.132202, t_ads: 33.1, t_des: 29.7, bed_util_ads: 0.499, bed_util_des: 0.499, des_th: 0.4989229016837232,frac_lost: 0.101, li_recovered:  8.311, time: 0.004305348000343656
L: 1.98, u_super: 0.00698, sec: 1622.836, prod: 0.151193, t_ads: 108.3, t_des: 91.4, bed_util_ads: 0.500, bed_util_des: 0.500, des_th: 0.49992445689210835,frac_lost: 0.103, li_recovered:  30.195, time: 0.006632874999922933
L: 0.50, u_super: 0.00813, sec: 464.155, prod: 0.183907, t_ads: 24.1, t_des: 21.6, bed_util_ads: 0.500, bed_util_des: 0.500, des_th: 0.49991293762272604,frac_lost: 0.106, li_recovered:  8.393, time: 0.005591626999375876
L: 0.50, u_super: 0.00605, sec: 337.639, prod: 0.136517, t_ads: 32.3, t_des: 29.3, bed_util_ads: 0.499, bed_util_des: 0.499, des_th: 0.4988213743204545,frac_lost: 0.109, li_recovered:  8.420, time: 0.00451275299928966
L: 26.84, u_super: 0.00645 — INFEASIBLE (li_recovered=0.000e+00), time: 0.001433780000297702
L: 0.50, u_super: 0.00752, sec: 426.475, prod: 0.170137, t_ads: 26.0, t_des: 23.6, bed_util_ads: 0.498, bed_util_des: 0.498, des_th: 0.49824075796083656,frac_lost: 0.107, li_recovered:  8.444, time: 0.005909786001211614
L: 0.50, u_super: 0.00323, sec: 181.050, prod: 0.069651, t_ads: 60.3, t_des: 62.8, bed_util_ads: 0.478, bed_util_des: 0.477, des_th: 0.4774665125591075,frac_lost: 0.107, li_recovered:  8.576, time: 0.005355138000595616
L: 0.50, u_super: 0.00694, sec: 391.499, prod: 0.156698, t_ads: 28.2, t_des: 25.9, bed_util_ads: 0.498, bed_util_des: 0.498, des_th: 0.49781660251328186,frac_lost: 0.109, li_recovered:  8.478, time: 0.005112089000249398
L: 0.50, u_super: 0.00844, sec: 3074.293, prod: 0.030059, t_ads: 23.2, t_des: 268.7, bed_util_ads: 0.218, bed_util_des: 0.215, des_th: 0.21485312350331012,frac_lost: 0.104, li_recovered:  8.776, time: 0.02715397700012545
L: 0.50, u_super: 0.00987, sec: 575.443, prod: 0.223754, t_ads: 19.8, t_des: 18.2, bed_util_ads: 0.498, bed_util_des: 0.498, des_th: 0.4983431310146859,frac_lost: 0.106, li_recovered:  8.494, time: 0.00446872400061693
L: 0.50, u_super: 0.00541, sec: 338.231, prod: 0.108071, t_ads: 36.0, t_des: 44.3, bed_util_ads: 0.460, bed_util_des: 0.459, des_th: 0.45898561920601977,frac_lost: 0.104, li_recovered:  8.672, time: 0.004824865000045975
L: 0.50, u_super: 0.00988, sec: 579.799, prod: 0.222514, t_ads: 19.8, t_des: 19.0, bed_util_ads: 0.493, bed_util_des: 0.492, des_th: 0.4923906995923312,frac_lost: 0.104, li_recovered:  8.618, time: 0.004410086999996565
L: 0.50, u_super: 0.00381, sec: 206.952, prod: 0.085506, t_ads: 51.0, t_des: 45.8, bed_util_ads: 0.498, bed_util_des: 0.497, des_th: 0.4973253562425299,frac_lost: 0.105, li_recovered:  8.272, time: 0.0041210740000678925
L: 0.50, u_super: 0.00801, sec: 456.302, prod: 0.181460, t_ads: 24.3, t_des: 21.9, bed_util_ads: 0.500, bed_util_des: 0.500, des_th: 0.4998871930438565,frac_lost: 0.104, li_recovered:  8.397, time: 0.00482487699991907
L: 0.50, u_super: 0.00334, sec: 180.952, prod: 0.074653, t_ads: 58.3, t_des: 52.0, bed_util_ads: 0.498, bed_util_des: 0.498, des_th: 0.4981085752059072,frac_lost: 0.107, li_recovered:  8.232, time: 0.007314649999898393
   243 |     9720 |     40 |  0.0025023786 |             f
L: 0.50, u_super: 0.00565, sec: 312.810, prod: 0.127811, t_ads: 34.2, t_des: 30.7, bed_util_ads: 0.500, bed_util_des: 0.499, des_th: 0.4994525824515138,frac_lost: 0.100, li_recovered:  8.300, time: 0.005085191000034683
L: 0.50, u_super: 0.00409, sec: 222.758, prod: 0.091909, t_ads: 47.5, t_des: 44.0, bed_util_ads: 0.495, bed_util_des: 0.494, des_th: 0.4945341259301397,frac_lost: 0.105, li_recovered:  8.413, time: 0.005230319999100175
L: 96.72, u_super: 0.00990 — INFEASIBLE (li_recovered=0.000e+00), time: 0.0009765499999048188
L: 0.50, u_super: 0.00535, sec: 295.355, prod: 0.120959, t_ads: 36.2, t_des: 32.8, bed_util_ads: 0.498, bed_util_des: 0.498, des_th: 0.4982320960483358,frac_lost: 0.102, li_recovered:  8.352, time: 0.004472800001167343
L: 0.50, u_super: 0.00043, sec: 88.163, prod: 0.002407, t_ads: 462.8, t_des: 3168.2, bed_util_ads: 0.236, bed_util_des: 0.195, des_th: 0.1947699747925458,frac_lost: 0.102, li_recovered:  8.739, time: 0.01775619899854064
L: 0.50, u_super: 0.00733, sec: 413.287, prod: 0.166127, t_ads: 26.5, t_des: 24.0, bed_util_ads: 0.499, bed_util_des: 0.499, des_th: 0.49925793243144073,frac_lost: 0.101, li_recovered:  8.383, time: 0.0041960929993365426
L: 0.50, u_super: 0.00619, sec: 344.732, prod: 0.140181, t_ads: 31.3, t_des: 28.3, bed_util_ads: 0.499, bed_util_des: 0.499, des_th: 0.4987979059449835,frac_lost: 0.101, li_recovered:  8.363, time: 0.004681090000303811
L: 0.50, u_super: 0.00022, sec: 28.201, prod: 0.002057, t_ads: 868.5, t_des: 3202.8, bed_util_ads: 0.271, bed_util_des: 0.218, des_th: 0.21831419123726714,frac_lost: 0.102, li_recovered:  8.376, time: 0.008606421000877162
L: 0.50, u_super: 0.00960, sec: 557.130, prod: 0.217519, t_ads: 20.3, t_des: 18.2, bed_util_ads: 0.500, bed_util_des: 0.500, des_th: 0.49992619065812083,frac_lost: 0.104, li_recovered:  8.390, time: 0.005342399999790359
L: 0.50, u_super: 0.00905, sec: 522.780, prod: 0.204718, t_ads: 21.6, t_des: 20.1, bed_util_ads: 0.496, bed_util_des: 0.496, des_th: 0.49574630870347447,frac_lost: 0.105, li_recovered:  8.534, time: 0.004526114000327652
L: 14.15, u_super: 0.00672, sec: 36886.729, prod: 0.044004, t_ads: 842.9, t_des: 4790.9, bed_util_ads: 0.236, bed_util_des: 0.175, des_th: 0.1746345535022115,frac_lost: 0.104, li_recovered:  247.914, time: 0.015126364998650388
L: 0.50, u_super: 0.00677, sec: 379.282, prod: 0.153286, t_ads: 28.7, t_des: 26.0, bed_util_ads: 0.499, bed_util_des: 0.499, des_th: 0.4986735208116883,frac_lost: 0.102, li_recovered:  8.377, time: 0.006060224999600905
L: 0.50, u_super: 0.00433, sec: 243.225, prod: 0.094939, t_ads: 44.9, t_des: 45.8, bed_util_ads: 0.482, bed_util_des: 0.481, des_th: 0.4814315008510156,frac_lost: 0.105, li_recovered:  8.609, time: 0.005921731999478652
L: 0.50, u_super: 0.00221, sec: 124.773, prod: 0.046528, t_ads: 87.4, t_des: 95.2, bed_util_ads: 0.471, bed_util_des: 0.469, des_th: 0.4693396569806123,frac_lost: 0.104, li_recovered:  8.498, time: 0.005646780000461149
L: 0.50, u_super: 0.00990, sec: 576.468, prod: 0.224633, t_ads: 19.7, t_des: 17.9, bed_util_ads: 0.500, bed_util_des: 0.500, des_th: 0.4996713325539058,frac_lost: 0.104, li_recovered:  8.443, time: 0.006628183999055182
L: 0.50, u_super: 0.00421, sec: 229.740, prod: 0.094562, t_ads: 46.3, t_des: 42.8, bed_util_ads: 0.495, bed_util_des: 0.494, des_th: 0.4945341259301397,frac_lost: 0.106, li_recovered:  8.422, time: 0.0059876420000364305
L: 0.50, u_super: 0.00051 — INFEASIBLE (li_recovered=0.000e+00), time: 0.002857502999177086
L: 0.50, u_super: 0.00728, sec: 411.261, prod: 0.164454, t_ads: 26.9, t_des: 24.4, bed_util_ads: 0.498, bed_util_des: 0.498, des_th: 0.49823837062179716,frac_lost: 0.107, li_recovered:  8.439, time: 0.005461380000269855
L: 0.50, u_super: 0.00533, sec: 293.875, prod: 0.120385, t_ads: 36.4, t_des: 33.0, bed_util_ads: 0.498, bed_util_des: 0.498, des_th: 0.49802895448763485,frac_lost: 0.103, li_recovered:  8.356, time: 0.006499350000012782
L: 6.33, u_super: 0.00169 — INFEASIBLE (li_recovered=0.000e+00), time: 0.0025537189994793152
L: 0.50, u_super: 0.00174, sec: 93.434, prod: 0.038446, t_ads: 109.6, t_des: 99.9, bed_util_ads: 0.491, bed_util_des: 0.490, des_th: 0.4900468933957476,frac_lost: 0.101, li_recovered:  8.056, time: 0.005431945999589516
L: 0.50, u_super: 0.00869, sec: 499.094, prod: 0.196715, t_ads: 22.5, t_des: 20.2, bed_util_ads: 0.500, bed_util_des: 0.500, des_th: 0.49989776451520646,frac_lost: 0.105, li_recovered:  8.398, time: 0.005912683000133256
L: 0.50, u_super: 0.00497, sec: 273.194, prod: 0.112280, t_ads: 39.0, t_des: 35.2, bed_util_ads: 0.498, bed_util_des: 0.498, des_th: 0.49802677714562993,frac_lost: 0.102, li_recovered:  8.334, time: 0.005479448998812586
L: 0.50, u_super: 0.00192, sec: 104.209, prod: 0.042098, t_ads: 99.6, t_des: 86.1, bed_util_ads: 0.498, bed_util_des: 0.498, des_th: 0.49804689884696657,frac_lost: 0.102, li_recovered:  7.815, time: 0.006454090998886386
L: 0.50, u_super: 0.00062, sec: 34.784, prod: 0.012827, t_ads: 296.9, t_des: 277.4, bed_util_ads: 0.471, bed_util_des: 0.469, des_th: 0.46908753684889104,frac_lost: 0.103, li_recovered:  7.366, time: 0.0048649889995431295
L: 0.50, u_super: 0.00074, sec: 40.895, prod: 0.015600, t_ads: 251.3, t_des: 241.2, bed_util_ads: 0.471, bed_util_des: 0.469, des_th: 0.46896751656530444,frac_lost: 0.103, li_recovered:  7.683, time: 0.006846809999842662
L: 0.50, u_super: 0.00677, sec: 379.178, prod: 0.153328, t_ads: 28.7, t_des: 26.2, bed_util_ads: 0.498, bed_util_des: 0.498, des_th: 0.4978400708886922,frac_lost: 0.102, li_recovered:  8.418, time: 0.0063701030012452975
L: 15.76, u_super: 0.00462 — INFEASIBLE (li_recovered=0.000e+00), time: 0.0016383140009565977
L: 0.50, u_super: 0.00121, sec: 65.694, prod: 0.026339, t_ads: 156.5, t_des: 150.6, bed_util_ads: 0.479, bed_util_des: 0.478, des_th: 0.4779856150456651,frac_lost: 0.103, li_recovered:  8.089, time: 0.004874393998761661
L: 0.50, u_super: 0.00234, sec: 138.776, prod: 0.047369, t_ads: 82.2, t_des: 97.9, bed_util_ads: 0.460, bed_util_des: 0.458, des_th: 0.45822686170673854,frac_lost: 0.102, li_recovered:  8.529, time: 0.006172880999656627
L: 0.50, u_super: 0.00005 — INFEASIBLE (li_recovered=0.000e+00), time: 0.0010572890005278168
L: 0.50, u_super: 0.00865, sec: 497.072, prod: 0.195849, t_ads: 22.6, t_des: 20.3, bed_util_ads: 0.500, bed_util_des: 0.500, des_th: 0.49979401212337443,frac_lost: 0.106, li_recovered:  8.395, time: 0.005719925000448711
L: 10.01, u_super: 0.00960 — INFEASIBLE (li_recovered=0.000e+00), time: 0.004386287999295746
L: 0.50, u_super: 0.00086, sec: 48.195, prod: 0.017904, t_ads: 216.3, t_des: 185.7, bed_util_ads: 0.488, bed_util_des: 0.487, des_th: 0.4872171107771431,frac_lost: 0.100, li_recovered:  7.198, time: 0.005870797000170569
L: 0.50, u_super: 0.00334, sec: 180.495, prod: 0.074841, t_ads: 57.7, t_des: 51.5, bed_util_ads: 0.498, bed_util_des: 0.498, des_th: 0.4981085752059072,frac_lost: 0.100, li_recovered:  8.173, time: 0.005669318999935058
L: 0.50, u_super: 0.00768, sec: 438.371, prod: 0.172761, t_ads: 25.5, t_des: 24.2, bed_util_ads: 0.493, bed_util_des: 0.493, des_th: 0.4929939105556852,frac_lost: 0.107, li_recovered:  8.580, time: 0.00582590900012292
L: 27.85, u_super: 0.00542 — INFEASIBLE (li_recovered=0.000e+00), time: 0.0011050270004488993
L: 0.50, u_super: 0.00470, sec: 257.659, prod: 0.105777, t_ads: 41.3, t_des: 36.9, bed_util_ads: 0.499, bed_util_des: 0.499, des_th: 0.4988547496203599,frac_lost: 0.103, li_recovered:  8.270, time: 0.0065837069996632636
L: 66.76, u_super: 0.00308 — INFEASIBLE (li_recovered=0.000e+00), time: 0.0011702560004778206
L: 0.50, u_super: 0.00551, sec: 304.546, prod: 0.124516, t_ads: 35.1, t_des: 31.5, bed_util_ads: 0.499, bed_util_des: 0.499, des_th: 0.49894974298756684,frac_lost: 0.101, li_recovered:  8.294, time: 0.006306258001131937
   244 |     9760 |     40 |  0.0027027596 |             f
L: 0.50, u_super: 0.00294, sec: 158.496, prod: 0.065936, t_ads: 65.5, t_des: 59.7, bed_util_ads: 0.495, bed_util_des: 0.495, des_th: 0.49473860536631364,frac_lost: 0.102, li_recovered:  8.257, time: 0.006327181999949971
L: 0.50, u_super: 0.00309, sec: 167.255, prod: 0.068821, t_ads: 62.6, t_des: 54.9, bed_util_ads: 0.499, bed_util_des: 0.499, des_th: 0.4988213743204545,frac_lost: 0.103, li_recovered:  8.084, time: 0.005051666999861482
L: 0.50, u_super: 0.00433, sec: 237.188, prod: 0.097356, t_ads: 44.9, t_des: 42.0, bed_util_ads: 0.494, bed_util_des: 0.493, des_th: 0.49351712101449663,frac_lost: 0.106, li_recovered:  8.460, time: 0.006485742000222672
L: 0.50, u_super: 0.00007, sec: 6.813, prod: 0.000902, t_ads: 2601.9, t_des: 5893.8, bed_util_ads: 0.253, bed_util_des: 0.173, des_th: 0.1735534642197111,frac_lost: 0.103, li_recovered:  7.664, time: 0.008933948000048986
L: 0.50, u_super: 0.00344, sec: 186.339, prod: 0.077074, t_ads: 56.5, t_des: 51.7, bed_util_ads: 0.496, bed_util_des: 0.496, des_th: 0.49558920938415996,frac_lost: 0.107, li_recovered:  8.339, time: 0.005897278999327682
L: 0.50, u_super: 0.00409, sec: 223.264, prod: 0.091701, t_ads: 47.7, t_des: 44.5, bed_util_ads: 0.493, bed_util_des: 0.493, des_th: 0.4930414870088466,frac_lost: 0.107, li_recovered:  8.452, time: 0.0073986200004583225
L: 0.50, u_super: 0.00769, sec: 435.589, prod: 0.174493, t_ads: 25.2, t_des: 22.8, bed_util_ads: 0.500, bed_util_des: 0.500, des_th: 0.49989542325363734,frac_lost: 0.100, li_recovered:  8.381, time: 0.005289298000207054
L: 0.50, u_super: 0.00850, sec: 487.698, prod: 0.192254, t_ads: 23.0, t_des: 21.1, bed_util_ads: 0.498, bed_util_des: 0.498, des_th: 0.49787542858899203,frac_lost: 0.107, li_recovered:  8.493, time: 0.006911018001119373
L: 0.50, u_super: 0.00720, sec: 405.257, prod: 0.163142, t_ads: 27.0, t_des: 24.4, bed_util_ads: 0.499, bed_util_des: 0.499, des_th: 0.4987979059449835,frac_lost: 0.101, li_recovered:  8.372, time: 0.00427252800000133
L: 0.50, u_super: 0.00054 — INFEASIBLE (li_recovered=0.000e+00), time: 0.003161160999297863
L: 0.50, u_super: 0.00949, sec: 550.330, prod: 0.214966, t_ads: 20.6, t_des: 19.0, bed_util_ads: 0.498, bed_util_des: 0.497, des_th: 0.4974196137306197,frac_lost: 0.105, li_recovered:  8.501, time: 0.0064204190002783434
L: 0.50, u_super: 0.00810, sec: 469.096, prod: 0.180627, t_ads: 24.0, t_des: 23.9, bed_util_ads: 0.486, bed_util_des: 0.486, des_th: 0.4859754063698302,frac_lost: 0.100, li_recovered:  8.648, time: 0.007942992000607774
L: 0.50, u_super: 0.00379, sec: 205.882, prod: 0.084933, t_ads: 51.3, t_des: 45.9, bed_util_ads: 0.499, bed_util_des: 0.499, des_th: 0.49880584166565456,frac_lost: 0.106, li_recovered:  8.262, time: 0.005176992999622598
L: 1.35, u_super: 0.00749, sec: 1171.484, prod: 0.166219, t_ads: 69.7, t_des: 60.5, bed_util_ads: 0.500, bed_util_des: 0.499, des_th: 0.49942700004976875,frac_lost: 0.103, li_recovered:  21.643, time: 0.006051745000149822
L: 0.50, u_super: 0.00519, sec: 309.086, prod: 0.108126, t_ads: 37.5, t_des: 42.6, bed_util_ads: 0.470, bed_util_des: 0.469, des_th: 0.46924912734599744,frac_lost: 0.103, li_recovered:  8.660, time: 0.005964771000435576
L: 7.38, u_super: 0.00873 — INFEASIBLE (li_recovered=0.000e+00), time: 0.0030009630008862587
L: 0.50, u_super: 0.00795, sec: 453.219, prod: 0.179586, t_ads: 24.7, t_des: 22.1, bed_util_ads: 0.500, bed_util_des: 0.500, des_th: 0.49983893984461797,frac_lost: 0.108, li_recovered:  8.398, time: 0.007008079999650363
L: 0.50, u_super: 0.00920, sec: 531.817, prod: 0.208335, t_ads: 21.3, t_des: 19.1, bed_util_ads: 0.500, bed_util_des: 0.500, des_th: 0.49998230774394997,frac_lost: 0.106, li_recovered:  8.398, time: 0.007595633000164526
L: 0.50, u_super: 0.00874, sec: 515.938, prod: 0.192866, t_ads: 22.3, t_des: 22.7, bed_util_ads: 0.485, bed_util_des: 0.484, des_th: 0.4843857281744832,frac_lost: 0.105, li_recovered:  8.681, time: 0.007012358000793029
L: 0.50, u_super: 0.00604, sec: 335.666, prod: 0.136701, t_ads: 32.1, t_des: 29.1, bed_util_ads: 0.498, bed_util_des: 0.498, des_th: 0.4981479962231771,frac_lost: 0.101, li_recovered:  8.367, time: 0.006232491999980994
L: 0.50, u_super: 0.00990, sec: 576.736, prod: 0.224529, t_ads: 19.7, t_des: 17.9, bed_util_ads: 0.500, bed_util_des: 0.499, des_th: 0.49942132725883337,frac_lost: 0.105, li_recovered:  8.447, time: 0.005602502000328968
L: 0.50, u_super: 0.00121, sec: 65.809, prod: 0.026379, t_ads: 156.3, t_des: 150.7, bed_util_ads: 0.479, bed_util_des: 0.478, des_th: 0.4779856150456651,frac_lost: 0.103, li_recovered:  8.097, time: 0.006816920000346727
L: 0.50, u_super: 0.00983, sec: 572.524, prod: 0.222914, t_ads: 19.9, t_des: 17.8, bed_util_ads: 0.500, bed_util_des: 0.500, des_th: 0.49992619065812083,frac_lost: 0.105, li_recovered:  8.400, time: 0.005073981999885291
L: 0.50, u_super: 0.00920, sec: 533.399, prod: 0.207650, t_ads: 21.3, t_des: 20.0, bed_util_ads: 0.495, bed_util_des: 0.494, des_th: 0.49445744676957687,frac_lost: 0.106, li_recovered:  8.568, time: 0.007662579999305308
L: 0.50, u_super: 0.00264, sec: 142.502, prod: 0.058592, t_ads: 73.1, t_des: 64.3, bed_util_ads: 0.498, bed_util_des: 0.498, des_th: 0.49823066504049446,frac_lost: 0.104, li_recovered:  8.051, time: 0.005227920999459457
L: 0.50, u_super: 0.00812, sec: 463.851, prod: 0.183721, t_ads: 24.1, t_des: 21.8, bed_util_ads: 0.499, bed_util_des: 0.499, des_th: 0.49903365703972263,frac_lost: 0.107, li_recovered:  8.439, time: 0.007767180000882945
L: 0.50, u_super: 0.00677, sec: 3801.232, prod: 0.015295, t_ads: 29.0, t_des: 545.4, bed_util_ads: 0.179, bed_util_des: 0.175, des_th: 0.17488065408208825,frac_lost: 0.105, li_recovered:  8.786, time: 0.05700652599989553
L: 0.50, u_super: 0.00221, sec: 118.576, prod: 0.048960, t_ads: 87.5, t_des: 81.6, bed_util_ads: 0.489, bed_util_des: 0.489, des_th: 0.4887149540169067,frac_lost: 0.106, li_recovered:  8.281, time: 0.00763994599947182
L: 0.50, u_super: 0.00240, sec: 128.966, prod: 0.053356, t_ads: 80.4, t_des: 72.4, bed_util_ads: 0.495, bed_util_des: 0.495, des_th: 0.4946303609866259,frac_lost: 0.104, li_recovered:  8.153, time: 0.006657625999650918
L: 81.67, u_super: 0.00137 — INFEASIBLE (li_recovered=0.000e+00), time: 0.0014665079997939756
L: 0.50, u_super: 0.00605, sec: 336.460, prod: 0.136995, t_ads: 32.1, t_des: 29.4, bed_util_ads: 0.497, bed_util_des: 0.496, des_th: 0.49634765291573396,frac_lost: 0.102, li_recovered:  8.415, time: 0.007034215001112898
L: 0.50, u_super: 0.00987, sec: 575.123, prod: 0.223734, t_ads: 19.8, t_des: 18.0, bed_util_ads: 0.498, bed_util_des: 0.498, des_th: 0.49823508472694217,frac_lost: 0.106, li_recovered:  8.462, time: 0.005416702000729856
L: 0.50, u_super: 0.00121, sec: 65.688, prod: 0.026341, t_ads: 156.5, t_des: 150.6, bed_util_ads: 0.479, bed_util_des: 0.478, des_th: 0.4779856150456651,frac_lost: 0.103, li_recovered:  8.090, time: 0.007799327000611811
L: 50.83, u_super: 0.00842 — INFEASIBLE (li_recovered=0.000e+00), time: 0.001665743999183178
L: 0.50, u_super: 0.00415, sec: 226.596, prod: 0.093335, t_ads: 46.9, t_des: 42.3, bed_util_ads: 0.497, bed_util_des: 0.497, des_th: 0.4966819282233778,frac_lost: 0.106, li_recovered:  8.326, time: 0.006962186000237125
L: 0.50, u_super: 0.00377, sec: 205.207, prod: 0.084640, t_ads: 51.5, t_des: 46.1, bed_util_ads: 0.498, bed_util_des: 0.498, des_th: 0.4981767443578809,frac_lost: 0.106, li_recovered:  8.260, time: 0.006865022000056342
L: 0.50, u_super: 0.00842, sec: 504.907, prod: 0.181886, t_ads: 23.2, t_des: 24.6, bed_util_ads: 0.480, bed_util_des: 0.480, des_th: 0.47967847210259795,frac_lost: 0.106, li_recovered:  8.699, time: 0.007539670999904047
L: 0.50, u_super: 0.00075, sec: 41.326, prod: 0.015793, t_ads: 248.6, t_des: 238.5, bed_util_ads: 0.471, bed_util_des: 0.469, des_th: 0.46953527636776876,frac_lost: 0.103, li_recovered:  7.694, time: 0.007398708999971859
L: 0.50, u_super: 0.00005, sec: 5.182, prod: 0.000561, t_ads: 2443.9, t_des: 3170.1, bed_util_ads: 0.256, bed_util_des: 0.231, des_th: 0.23128679906054828,frac_lost: 0.101, li_recovered:  3.151, time: 0.004893060000540572
L: 0.50, u_super: 0.00770, sec: 438.059, prod: 0.174096, t_ads: 25.4, t_des: 23.1, bed_util_ads: 0.499, bed_util_des: 0.499, des_th: 0.49891141293177305,frac_lost: 0.108, li_recovered:  8.454, time: 0.005756200000178069
   245 |     9800 |     40 |  0.0029382109 |             f
L: 0.50, u_super: 0.00028 — INFEASIBLE (li_recovered=0.000e+00), time: 0.0034166719997301698
L: 5.05, u_super: 0.00990 — INFEASIBLE (li_recovered=0.000e+00), time: 0.003697068001201842
L: 58.65, u_super: 0.00038 — INFEASIBLE (li_recovered=0.000e+00), time: 0.0010029290006059455
L: 0.50, u_super: 0.00886, sec: 510.165, prod: 0.200499, t_ads: 22.1, t_des: 20.3, bed_util_ads: 0.498, bed_util_des: 0.497, des_th: 0.4974196137306197,frac_lost: 0.106, li_recovered:  8.499, time: 0.006314803998975549
L: 0.50, u_super: 0.00121, sec: 67.638, prod: 0.025586, t_ads: 156.1, t_des: 166.4, bed_util_ads: 0.467, bed_util_des: 0.465, des_th: 0.4650049917267487,frac_lost: 0.100, li_recovered:  8.252, time: 0.007412184000713751
L: 0.50, u_super: 0.00565, sec: 381.624, prod: 0.104765, t_ads: 34.6, t_des: 48.3, bed_util_ads: 0.444, bed_util_des: 0.443, des_th: 0.4427126788944206,frac_lost: 0.107, li_recovered:  8.689, time: 0.007294289000128629
L: 0.50, u_super: 0.00762, sec: 431.606, prod: 0.172492, t_ads: 25.5, t_des: 22.8, bed_util_ads: 0.500, bed_util_des: 0.500, des_th: 0.4999684024393433,frac_lost: 0.101, li_recovered:  8.325, time: 0.006281387999479193
L: 0.50, u_super: 0.00461, sec: 252.348, prod: 0.103847, t_ads: 42.2, t_des: 38.2, bed_util_ads: 0.498, bed_util_des: 0.497, des_th: 0.49729667211036077,frac_lost: 0.104, li_recovered:  8.345, time: 0.005976583999654395
L: 10.23, u_super: 0.00676 — INFEASIBLE (li_recovered=0.000e+00), time: 0.0029396030004136264
L: 0.50, u_super: 0.00983, sec: 572.443, prod: 0.223015, t_ads: 19.9, t_des: 18.1, bed_util_ads: 0.500, bed_util_des: 0.499, des_th: 0.49942132725883337,frac_lost: 0.105, li_recovered:  8.456, time: 0.005876302999240579
L: 0.50, u_super: 0.00563, sec: 311.675, prod: 0.127261, t_ads: 34.5, t_des: 31.2, bed_util_ads: 0.498, bed_util_des: 0.498, des_th: 0.49781660251328186,frac_lost: 0.103, li_recovered:  8.367, time: 0.006444635999287129
L: 0.50, u_super: 0.00856, sec: 491.210, prod: 0.193693, t_ads: 22.8, t_des: 21.0, bed_util_ads: 0.498, bed_util_des: 0.498, des_th: 0.498141507320335,frac_lost: 0.106, li_recovered:  8.496, time: 0.0069776440013811225
L: 0.50, u_super: 0.00062 — INFEASIBLE (li_recovered=0.000e+00), time: 0.0027284150000923546
L: 23.06, u_super: 0.00195 — INFEASIBLE (li_recovered=0.000e+00), time: 0.0009288780001952546
L: 0.50, u_super: 0.00394, sec: 214.318, prod: 0.088478, t_ads: 49.3, t_des: 45.8, bed_util_ads: 0.494, bed_util_des: 0.493, des_th: 0.4932890159417826,frac_lost: 0.105, li_recovered:  8.412, time: 0.004161111000939854
L: 0.50, u_super: 0.00504, sec: 277.286, prod: 0.113764, t_ads: 38.5, t_des: 34.9, bed_util_ads: 0.498, bed_util_des: 0.498, des_th: 0.4982413988172382,frac_lost: 0.104, li_recovered:  8.348, time: 0.0057018449988390785
L: 0.50, u_super: 0.00829, sec: 474.330, prod: 0.187693, t_ads: 23.6, t_des: 21.4, bed_util_ads: 0.499, bed_util_des: 0.498, des_th: 0.49847317491739207,frac_lost: 0.106, li_recovered:  8.441, time: 0.004797826999492827
L: 0.50, u_super: 0.00168, sec: 451.417, prod: 0.007417, t_ads: 117.1, t_des: 1064.9, bed_util_ads: 0.232, bed_util_des: 0.218, des_th: 0.21831419123726714,frac_lost: 0.106, li_recovered:  8.766, time: 0.02475432399842248
L: 0.50, u_super: 0.00932, sec: 539.231, prod: 0.211148, t_ads: 21.0, t_des: 19.0, bed_util_ads: 0.500, bed_util_des: 0.499, des_th: 0.49942132725883337,frac_lost: 0.105, li_recovered:  8.446, time: 0.0047468400007346645
L: 0.50, u_super: 0.00511, sec: 281.494, prod: 0.115222, t_ads: 38.0, t_des: 34.0, bed_util_ads: 0.499, bed_util_des: 0.499, des_th: 0.4987852481291455,frac_lost: 0.104, li_recovered:  8.299, time: 0.006830395001088618
L: 4.64, u_super: 0.00604 — INFEASIBLE (li_recovered=0.000e+00), time: 0.002523158000258263
L: 0.50, u_super: 0.00121, sec: 65.714, prod: 0.026413, t_ads: 156.2, t_des: 143.4, bed_util_ads: 0.486, bed_util_des: 0.485, des_th: 0.48521417791314064,frac_lost: 0.104, li_recovered:  7.912, time: 0.004848498998399009
L: 0.50, u_super: 0.00752, sec: 426.805, prod: 0.170006, t_ads: 26.0, t_des: 23.7, bed_util_ads: 0.499, bed_util_des: 0.499, des_th: 0.49866992376916525,frac_lost: 0.108, li_recovered:  8.448, time: 0.0042570850000629434
L: 0.50, u_super: 0.00433, sec: 237.380, prod: 0.097277, t_ads: 45.0, t_des: 42.0, bed_util_ads: 0.493, bed_util_des: 0.493, des_th: 0.49310307568575135,frac_lost: 0.107, li_recovered:  8.466, time: 0.0038012240001989994
L: 0.50, u_super: 0.00334, sec: 181.093, prod: 0.074595, t_ads: 58.2, t_des: 51.6, bed_util_ads: 0.498, bed_util_des: 0.498, des_th: 0.4981085752059072,frac_lost: 0.107, li_recovered:  8.195, time: 0.005911897000260069
L: 0.50, u_super: 0.00769, sec: 437.418, prod: 0.173791, t_ads: 25.5, t_des: 23.1, bed_util_ads: 0.499, bed_util_des: 0.499, des_th: 0.49903365703972263,frac_lost: 0.109, li_recovered:  8.446, time: 0.005914810000831494
L: 0.50, u_super: 0.00064, sec: 36.061, prod: 0.013454, t_ads: 285.4, t_des: 269.8, bed_util_ads: 0.471, bed_util_des: 0.469, des_th: 0.46908753684889104,frac_lost: 0.103, li_recovered:  7.469, time: 0.005578653001066414
L: 15.56, u_super: 0.00634 — INFEASIBLE (li_recovered=0.000e+00), time: 0.0013933359987277072
L: 0.50, u_super: 0.00871, sec: 3342.492, prod: 0.029559, t_ads: 22.5, t_des: 274.4, bed_util_ads: 0.213, bed_util_des: 0.211, des_th: 0.2105076691384969,frac_lost: 0.104, li_recovered:  8.777, time: 0.0281326269996498
L: 0.50, u_super: 0.00583, sec: 325.932, prod: 0.130833, t_ads: 33.3, t_des: 32.3, bed_util_ads: 0.490, bed_util_des: 0.490, des_th: 0.48988061588246107,frac_lost: 0.102, li_recovered:  8.575, time: 0.0054535229992325185
L: 0.50, u_super: 0.00426, sec: 232.463, prod: 0.095770, t_ads: 45.7, t_des: 42.2, bed_util_ads: 0.495, bed_util_des: 0.495, des_th: 0.4945341259301397,frac_lost: 0.105, li_recovered:  8.417, time: 0.006190680000145221
L: 0.50, u_super: 0.00470, sec: 257.993, prod: 0.105748, t_ads: 41.4, t_des: 36.9, bed_util_ads: 0.499, bed_util_des: 0.499, des_th: 0.49908094324358826,frac_lost: 0.105, li_recovered:  8.285, time: 0.00419093900018197
L: 0.50, u_super: 0.00005, sec: 4.328, prod: 0.000670, t_ads: 3434.0, t_des: 5859.7, bed_util_ads: 0.253, bed_util_des: 0.185, des_th: 0.1851696623157332,frac_lost: 0.103, li_recovered:  6.228, time: 0.006097707000662922
L: 0.50, u_super: 0.00847, sec: 485.801, prod: 0.191630, t_ads: 23.1, t_des: 21.2, bed_util_ads: 0.498, bed_util_des: 0.498, des_th: 0.4980234338537501,frac_lost: 0.107, li_recovered:  8.484, time: 0.0039061340012267465
L: 18.74, u_super: 0.00105 — INFEASIBLE (li_recovered=0.000e+00), time: 0.0008126110005832743
L: 0.50, u_super: 0.00119, sec: 450.946, prod: 0.003685, t_ads: 165.9, t_des: 2224.2, bed_util_ads: 0.196, bed_util_des: 0.176, des_th: 0.17573808988334547,frac_lost: 0.102, li_recovered:  8.807, time: 0.02796938599931309
L: 0.50, u_super: 0.00876, sec: 503.870, prod: 0.198452, t_ads: 22.3, t_des: 20.3, bed_util_ads: 0.498, bed_util_des: 0.498, des_th: 0.4982608851256717,frac_lost: 0.106, li_recovered:  8.447, time: 0.004365271999631659
L: 0.50, u_super: 0.00837, sec: 479.425, prod: 0.189534, t_ads: 23.3, t_des: 20.9, bed_util_ads: 0.500, bed_util_des: 0.500, des_th: 0.49989542325363734,frac_lost: 0.106, li_recovered:  8.385, time: 0.004577615000016522
L: 0.50, u_super: 0.00010 — INFEASIBLE (li_recovered=0.000e+00), time: 0.0009812019998207688
L: 0.50, u_super: 0.00692, sec: 388.281, prod: 0.156953, t_ads: 28.0, t_des: 25.6, bed_util_ads: 0.498, bed_util_des: 0.498, des_th: 0.49779377291296856,frac_lost: 0.100, li_recovered:  8.416, time: 0.004258739998476813
   246 |     9840 |     40 |  0.0027416391 |             f
L: 0.50, u_super: 0.00663, sec: 371.703, prod: 0.149617, t_ads: 29.5, t_des: 26.8, bed_util_ads: 0.498, bed_util_des: 0.498, des_th: 0.4979000414219393,frac_lost: 0.107, li_recovered:  8.430, time: 0.0038038179991417564
L: 0.50, u_super: 0.00729, sec: 413.093, prod: 0.164587, t_ads: 26.9, t_des: 24.7, bed_util_ads: 0.497, bed_util_des: 0.496, des_th: 0.4963772453624339,frac_lost: 0.109, li_recovered:  8.493, time: 0.004066800000146031
L: 13.45, u_super: 0.00144 — INFEASIBLE (li_recovered=0.000e+00), time: 0.0009214729998348048
L: 0.50, u_super: 0.00511, sec: 281.124, prod: 0.115374, t_ads: 37.9, t_des: 34.0, bed_util_ads: 0.499, bed_util_des: 0.499, des_th: 0.4988066974667112,frac_lost: 0.101, li_recovered:  8.298, time: 0.003885389000060968
L: 0.50, u_super: 0.00990, sec: 576.846, prod: 0.224486, t_ads: 19.7, t_des: 17.9, bed_util_ads: 0.500, bed_util_des: 0.500, des_th: 0.49984070782155615,frac_lost: 0.105, li_recovered:  8.445, time: 0.0034517200001573656
L: 0.50, u_super: 0.00677, sec: 380.577, prod: 0.152765, t_ads: 28.9, t_des: 26.2, bed_util_ads: 0.498, bed_util_des: 0.498, des_th: 0.49827292476143165,frac_lost: 0.109, li_recovered:  8.425, time: 0.004213448000882636
L: 0.50, u_super: 0.00812, sec: 464.008, prod: 0.183544, t_ads: 24.1, t_des: 22.1, bed_util_ads: 0.498, bed_util_des: 0.498, des_th: 0.49753149836550176,frac_lost: 0.108, li_recovered:  8.485, time: 0.0037519840007007588
L: 7.19, u_super: 0.00587 — INFEASIBLE (li_recovered=0.000e+00), time: 0.0019623039988800883
L: 0.50, u_super: 0.00174, sec: 93.491, prod: 0.038423, t_ads: 109.8, t_des: 99.9, bed_util_ads: 0.491, bed_util_des: 0.490, des_th: 0.4900468933957476,frac_lost: 0.102, li_recovered:  8.058, time: 0.004045633000714588
L: 0.50, u_super: 0.00619, sec: 345.023, prod: 0.140062, t_ads: 31.4, t_des: 28.3, bed_util_ads: 0.499, bed_util_des: 0.499, des_th: 0.4990631554112548,frac_lost: 0.103, li_recovered:  8.360, time: 0.0038372740000340855
L: 0.50, u_super: 0.00960, sec: 557.046, prod: 0.217552, t_ads: 20.3, t_des: 18.2, bed_util_ads: 0.500, bed_util_des: 0.500, des_th: 0.49997675794939095,frac_lost: 0.104, li_recovered:  8.389, time: 0.0035545860009733588
L: 0.50, u_super: 0.00783, sec: 445.692, prod: 0.177005, t_ads: 25.0, t_des: 22.7, bed_util_ads: 0.499, bed_util_des: 0.499, des_th: 0.49925793243144073,frac_lost: 0.108, li_recovered:  8.442, time: 0.004932866999297403
L: 0.50, u_super: 0.00123, sec: 66.560, prod: 0.026656, t_ads: 154.8, t_des: 140.0, bed_util_ads: 0.487, bed_util_des: 0.487, des_th: 0.48653477552555974,frac_lost: 0.105, li_recovered:  7.858, time: 0.003977153000960243
L: 15.36, u_super: 0.00557 — INFEASIBLE (li_recovered=0.000e+00), time: 0.0013460710015351651
L: 0.50, u_super: 0.00673, sec: 376.987, prod: 0.152640, t_ads: 28.8, t_des: 26.1, bed_util_ads: 0.498, bed_util_des: 0.498, des_th: 0.4977786572398454,frac_lost: 0.100, li_recovered:  8.381, time: 0.005159007001566351
L: 0.50, u_super: 0.00619, sec: 344.646, prod: 0.140216, t_ads: 31.3, t_des: 28.4, bed_util_ads: 0.499, bed_util_des: 0.499, des_th: 0.49879826784648057,frac_lost: 0.101, li_recovered:  8.374, time: 0.00428036699850054
L: 0.50, u_super: 0.00418, sec: 228.563, prod: 0.093871, t_ads: 46.6, t_des: 43.4, bed_util_ads: 0.494, bed_util_des: 0.493, des_th: 0.49351712101449663,frac_lost: 0.107, li_recovered:  8.449, time: 0.0041150670003844425
L: 0.50, u_super: 0.00005, sec: 4.329, prod: 0.000669, t_ads: 3437.1, t_des: 5831.6, bed_util_ads: 0.253, bed_util_des: 0.185, des_th: 0.1851696623157332,frac_lost: 0.103, li_recovered:  6.200, time: 0.007022920999588678
L: 0.50, u_super: 0.00602, sec: 334.738, prod: 0.136308, t_ads: 32.2, t_des: 29.2, bed_util_ads: 0.498, bed_util_des: 0.498, des_th: 0.49820517480417437,frac_lost: 0.102, li_recovered:  8.372, time: 0.0051910170004703104
L: 12.61, u_super: 0.00128 — INFEASIBLE (li_recovered=0.000e+00), time: 0.0010421410006529186
L: 0.50, u_super: 0.00269, sec: 144.987, prod: 0.060180, t_ads: 71.7, t_des: 65.3, bed_util_ads: 0.495, bed_util_des: 0.494, des_th: 0.4945240922676427,frac_lost: 0.104, li_recovered:  8.243, time: 0.005199145998631138
L: 0.50, u_super: 0.00224, sec: 120.548, prod: 0.049685, t_ads: 86.2, t_des: 81.3, bed_util_ads: 0.489, bed_util_des: 0.489, des_th: 0.4887149540169067,frac_lost: 0.106, li_recovered:  8.324, time: 0.005264612000246416
L: 0.50, u_super: 0.00333, sec: 182.770, prod: 0.073339, t_ads: 58.6, t_des: 57.8, bed_util_ads: 0.486, bed_util_des: 0.485, des_th: 0.48521417791314064,frac_lost: 0.108, li_recovered:  8.537, time: 0.006428912000046694
L: 0.50, u_super: 0.00960, sec: 557.686, prod: 0.217302, t_ads: 20.4, t_des: 18.4, bed_util_ads: 0.500, bed_util_des: 0.500, des_th: 0.4999101395393032,frac_lost: 0.107, li_recovered:  8.438, time: 0.004704398999820114
L: 0.50, u_super: 0.00264, sec: 142.799, prod: 0.058470, t_ads: 73.0, t_des: 63.5, bed_util_ads: 0.499, bed_util_des: 0.499, des_th: 0.49917903606151837,frac_lost: 0.102, li_recovered:  7.978, time: 0.004506913999648532
L: 0.50, u_super: 0.00473, sec: 259.723, prod: 0.106626, t_ads: 41.0, t_des: 38.4, bed_util_ads: 0.494, bed_util_des: 0.493, des_th: 0.49351712101449663,frac_lost: 0.103, li_recovered:  8.467, time: 0.004195200999674853
L: 0.50, u_super: 0.00087, sec: 47.616, prod: 0.018413, t_ads: 217.0, t_des: 213.5, bed_util_ads: 0.472, bed_util_des: 0.470, des_th: 0.4704175948907514,frac_lost: 0.105, li_recovered:  7.928, time: 0.005391183998654014
L: 0.50, u_super: 0.00765, sec: 433.623, prod: 0.173512, t_ads: 25.4, t_des: 22.9, bed_util_ads: 0.500, bed_util_des: 0.500, des_th: 0.4996001488757207,frac_lost: 0.102, li_recovered:  8.371, time: 0.0063574859996151645
L: 0.50, u_super: 0.00049, sec: 119.444, prod: 0.002384, t_ads: 401.5, t_des: 3286.5, bed_util_ads: 0.224, bed_util_des: 0.185, des_th: 0.1851696623157332,frac_lost: 0.104, li_recovered:  8.793, time: 0.01686533099928056
L: 0.50, u_super: 0.00286, sec: 154.554, prod: 0.063632, t_ads: 67.6, t_des: 59.4, bed_util_ads: 0.499, bed_util_des: 0.499, des_th: 0.49923968320678946,frac_lost: 0.104, li_recovered:  8.082, time: 0.005390563999753795
L: 0.50, u_super: 0.00409, sec: 222.758, prod: 0.091909, t_ads: 47.5, t_des: 44.1, bed_util_ads: 0.494, bed_util_des: 0.494, des_th: 0.4941798526931691,frac_lost: 0.105, li_recovered:  8.418, time: 0.005738710000514402
L: 0.50, u_super: 0.00288, sec: 154.705, prod: 0.064380, t_ads: 67.0, t_des: 61.1, bed_util_ads: 0.495, bed_util_des: 0.495, des_th: 0.49473860536631364,frac_lost: 0.102, li_recovered:  8.245, time: 0.00770208300127706
L: 0.50, u_super: 0.00219, sec: 120.404, prod: 0.047546, t_ads: 88.0, t_des: 90.0, bed_util_ads: 0.478, bed_util_des: 0.477, des_th: 0.4770477950370694,frac_lost: 0.104, li_recovered:  8.461, time: 0.004881910999756656
L: 0.50, u_super: 0.00775, sec: 439.411, prod: 0.175729, t_ads: 25.1, t_des: 22.7, bed_util_ads: 0.500, bed_util_des: 0.500, des_th: 0.49989542325363734,frac_lost: 0.102, li_recovered:  8.391, time: 0.007576805999633507
L: 33.67, u_super: 0.00267 — INFEASIBLE (li_recovered=0.000e+00), time: 0.0014370270000654273
L: 0.50, u_super: 0.00517, sec: 284.618, prod: 0.116533, t_ads: 37.6, t_des: 35.2, bed_util_ads: 0.494, bed_util_des: 0.494, des_th: 0.49403090281486467,frac_lost: 0.102, li_recovered:  8.474, time: 0.004628986000170698
L: 0.50, u_super: 0.00990, sec: 576.148, prod: 0.224758, t_ads: 19.7, t_des: 17.9, bed_util_ads: 0.500, bed_util_des: 0.499, des_th: 0.49942132725883337,frac_lost: 0.103, li_recovered:  8.447, time: 0.007106548000592738
L: 0.50, u_super: 0.00482, sec: 264.639, prod: 0.108735, t_ads: 40.3, t_des: 36.8, bed_util_ads: 0.497, bed_util_des: 0.497, des_th: 0.49723949352936303,frac_lost: 0.104, li_recovered:  8.386, time: 0.005585234999671229
L: 0.50, u_super: 0.00800, sec: 456.134, prod: 0.181024, t_ads: 24.4, t_des: 22.4, bed_util_ads: 0.498, bed_util_des: 0.498, des_th: 0.49779377291296856,frac_lost: 0.106, li_recovered:  8.484, time: 0.006184881000081077
L: 0.50, u_super: 0.00677, sec: 398.113, prod: 0.146035, t_ads: 28.9, t_des: 30.6, bed_util_ads: 0.479, bed_util_des: 0.479, des_th: 0.47864385073158305,frac_lost: 0.106, li_recovered:  8.681, time: 0.0073452799988444895
   247 |     9880 |     40 |  0.0022971448 |             f
L: 0.50, u_super: 0.00050, sec: 29.313, prod: 0.009980, t_ads: 358.4, t_des: 319.9, bed_util_ads: 0.470, bed_util_des: 0.469, des_th: 0.46908753684889104,frac_lost: 0.103, li_recovered:  6.769, time: 0.006398672001523664
L: 0.50, u_super: 0.00429, sec: 238.935, prod: 0.094514, t_ads: 45.5, t_des: 45.5, bed_util_ads: 0.486, bed_util_des: 0.485, des_th: 0.48513007838714534,frac_lost: 0.107, li_recovered:  8.595, time: 0.00902604099974269
L: 0.50, u_super: 0.00174, sec: 94.126, prod: 0.038164, t_ads: 109.8, t_des: 96.3, bed_util_ads: 0.496, bed_util_des: 0.495, des_th: 0.4955839544897008,frac_lost: 0.102, li_recovered:  7.863, time: 0.005085048000182724
L: 9.36, u_super: 0.00663 — INFEASIBLE (li_recovered=0.000e+00), time: 0.003000476001034258
L: 0.50, u_super: 0.00087, sec: 47.605, prod: 0.018417, t_ads: 216.9, t_des: 213.5, bed_util_ads: 0.472, bed_util_des: 0.470, des_th: 0.4704175948907514,frac_lost: 0.104, li_recovered:  7.926, time: 0.005458693000036874
L: 0.50, u_super: 0.00702, sec: 396.263, prod: 0.158258, t_ads: 27.9, t_des: 25.9, bed_util_ads: 0.496, bed_util_des: 0.496, des_th: 0.4960245605566688,frac_lost: 0.108, li_recovered:  8.518, time: 0.006722055999489385
L: 17.43, u_super: 0.00021 — INFEASIBLE (li_recovered=0.000e+00), time: 0.001759294000294176
L: 0.50, u_super: 0.00619, sec: 344.787, prod: 0.140159, t_ads: 31.4, t_des: 28.4, bed_util_ads: 0.498, bed_util_des: 0.498, des_th: 0.498086654770136,frac_lost: 0.102, li_recovered:  8.380, time: 0.004464906000066549
L: 0.50, u_super: 0.00005, sec: 4.329, prod: 0.000670, t_ads: 3438.1, t_des: 5856.3, bed_util_ads: 0.253, bed_util_des: 0.185, des_th: 0.1851696623157332,frac_lost: 0.103, li_recovered:  6.227, time: 0.008717765000255895
L: 0.50, u_super: 0.00138, sec: 75.350, prod: 0.029836, t_ads: 138.5, t_des: 119.9, bed_util_ads: 0.495, bed_util_des: 0.494, des_th: 0.4944090759373815,frac_lost: 0.107, li_recovered:  7.710, time: 0.006070911000279011
L: 101.23, u_super: 0.00872 — INFEASIBLE (li_recovered=0.000e+00), time: 0.0017575080000824528
L: 10.47, u_super: 0.00354 — INFEASIBLE (li_recovered=0.000e+00), time: 0.0023823980009183288
L: 0.50, u_super: 0.00703, sec: 396.076, prod: 0.158720, t_ads: 27.8, t_des: 25.6, bed_util_ads: 0.497, bed_util_des: 0.497, des_th: 0.4969879780927568,frac_lost: 0.107, li_recovered:  8.477, time: 0.005922745998759638
L: 3.77, u_super: 0.00990 — INFEASIBLE (li_recovered=0.000e+00), time: 0.003087566001340747
L: 0.50, u_super: 0.00240, sec: 129.202, prod: 0.053258, t_ads: 80.5, t_des: 71.6, bed_util_ads: 0.496, bed_util_des: 0.496, des_th: 0.4961551473172,frac_lost: 0.105, li_recovered:  8.101, time: 0.00578564399984316
L: 0.50, u_super: 0.00166, sec: 90.783, prod: 0.035773, t_ads: 115.2, t_des: 97.3, bed_util_ads: 0.500, bed_util_des: 0.500, des_th: 0.4997342172468531,frac_lost: 0.103, li_recovered:  7.601, time: 0.0056495070002711145
L: 2.12, u_super: 0.00949, sec: 2387.198, prod: 0.209758, t_ads: 86.2, t_des: 75.7, bed_util_ads: 0.498, bed_util_des: 0.497, des_th: 0.4974196137306197,frac_lost: 0.107, li_recovered:  33.958, time: 0.006025208000210114
L: 0.50, u_super: 0.00087, sec: 47.622, prod: 0.018410, t_ads: 217.0, t_des: 213.2, bed_util_ads: 0.471, bed_util_des: 0.469, des_th: 0.46928848268876144,frac_lost: 0.104, li_recovered:  7.921, time: 0.00557683800070663
L: 0.50, u_super: 0.00205, sec: 647.033, prod: 0.007727, t_ads: 96.0, t_des: 1039.9, bed_util_ads: 0.218, bed_util_des: 0.206, des_th: 0.20633114252914336,frac_lost: 0.105, li_recovered:  8.777, time: 0.026825947999896016
L: 0.50, u_super: 0.00545, sec: 301.016, prod: 0.122878, t_ads: 35.6, t_des: 33.4, bed_util_ads: 0.494, bed_util_des: 0.494, des_th: 0.49403090281486467,frac_lost: 0.102, li_recovered:  8.485, time: 0.005517354999028612
L: 0.50, u_super: 0.00588, sec: 328.700, prod: 0.131898, t_ads: 33.0, t_des: 32.0, bed_util_ads: 0.490, bed_util_des: 0.490, des_th: 0.48988061588246107,frac_lost: 0.102, li_recovered:  8.576, time: 0.006184232999657979
L: 0.50, u_super: 0.00366, sec: 199.285, prod: 0.081723, t_ads: 53.2, t_des: 50.4, bed_util_ads: 0.490, bed_util_des: 0.490, des_th: 0.4900521482693431,frac_lost: 0.107, li_recovered:  8.470, time: 0.005985248999422765
L: 0.50, u_super: 0.00990, sec: 576.597, prod: 0.224583, t_ads: 19.7, t_des: 17.9, bed_util_ads: 0.499, bed_util_des: 0.499, des_th: 0.49939552970714274,frac_lost: 0.104, li_recovered:  8.453, time: 0.006201995000083116
L: 13.12, u_super: 0.00286 — INFEASIBLE (li_recovered=0.000e+00), time: 0.001709664000372868
L: 0.50, u_super: 0.00149, sec: 80.902, prod: 0.032391, t_ads: 128.8, t_des: 126.5, bed_util_ads: 0.480, bed_util_des: 0.478, des_th: 0.4783369382975339,frac_lost: 0.107, li_recovered:  8.269, time: 0.005988062999676913
L: 0.50, u_super: 0.00812, sec: 462.296, prod: 0.184339, t_ads: 23.9, t_des: 21.6, bed_util_ads: 0.499, bed_util_des: 0.499, des_th: 0.49903365703972263,frac_lost: 0.100, li_recovered:  8.381, time: 0.005891036000321037
L: 0.50, u_super: 0.00277, sec: 149.622, prod: 0.061603, t_ads: 69.6, t_des: 61.1, bed_util_ads: 0.499, bed_util_des: 0.499, des_th: 0.49875851192331006,frac_lost: 0.102, li_recovered:  8.050, time: 0.005790039000203251
L: 4.30, u_super: 0.00692 — INFEASIBLE (li_recovered=0.000e+00), time: 0.0036952640002709813
L: 0.50, u_super: 0.00945, sec: 549.209, prod: 0.213794, t_ads: 20.6, t_des: 19.4, bed_util_ads: 0.494, bed_util_des: 0.494, des_th: 0.4942722517038153,frac_lost: 0.104, li_recovered:  8.565, time: 0.007140506999348872
L: 0.50, u_super: 0.00554, sec: 305.641, prod: 0.125203, t_ads: 35.0, t_des: 31.8, bed_util_ads: 0.498, bed_util_des: 0.498, des_th: 0.4980404271845712,frac_lost: 0.101, li_recovered:  8.369, time: 0.006357338999805506
L: 0.50, u_super: 0.00033 — INFEASIBLE (li_recovered=0.000e+00), time: 0.004898113000308513
L: 0.50, u_super: 0.00393, sec: 213.594, prod: 0.088156, t_ads: 49.6, t_des: 45.3, bed_util_ads: 0.496, bed_util_des: 0.496, des_th: 0.49558920938415996,frac_lost: 0.106, li_recovered:  8.360, time: 0.007567124999695807
L: 0.50, u_super: 0.00898, sec: 517.894, prod: 0.203278, t_ads: 21.8, t_des: 20.0, bed_util_ads: 0.498, bed_util_des: 0.497, des_th: 0.4974196137306197,frac_lost: 0.106, li_recovered:  8.491, time: 0.008299183000417543
L: 0.50, u_super: 0.00015, sec: 20.528, prod: 0.001310, t_ads: 1303.8, t_des: 5222.2, bed_util_ads: 0.248, bed_util_des: 0.176, des_th: 0.1757314197655309,frac_lost: 0.103, li_recovered:  8.551, time: 0.013426503999653505
L: 0.50, u_super: 0.00827, sec: 473.027, prod: 0.186898, t_ads: 23.6, t_des: 22.0, bed_util_ads: 0.496, bed_util_des: 0.496, des_th: 0.49582187181183157,frac_lost: 0.106, li_recovered:  8.524, time: 0.007823285000995384
L: 0.50, u_super: 0.00581, sec: 321.921, prod: 0.131222, t_ads: 33.4, t_des: 29.9, bed_util_ads: 0.500, bed_util_des: 0.500, des_th: 0.49953168012036236,frac_lost: 0.101, li_recovered:  8.303, time: 0.005598506000751513
L: 0.50, u_super: 0.00413, sec: 225.721, prod: 0.092803, t_ads: 47.1, t_des: 44.0, bed_util_ads: 0.493, bed_util_des: 0.492, des_th: 0.4923946999374493,frac_lost: 0.106, li_recovered:  8.452, time: 0.0069048929999553366
L: 0.50, u_super: 0.00007 — INFEASIBLE (li_recovered=0.000e+00), time: 0.0011395159999665339
L: 0.50, u_super: 0.00240, sec: 128.800, prod: 0.053424, t_ads: 80.3, t_des: 73.3, bed_util_ads: 0.494, bed_util_des: 0.493, des_th: 0.4933899245054209,frac_lost: 0.104, li_recovered:  8.208, time: 0.007380818999081384
L: 0.50, u_super: 0.00563, sec: 311.439, prod: 0.127358, t_ads: 34.4, t_des: 31.2, bed_util_ads: 0.498, bed_util_des: 0.498, des_th: 0.4979282467019365,frac_lost: 0.101, li_recovered:  8.363, time: 0.004506792000029236
   248 |     9920 |     40 |  0.0046466906 |             f
L: 0.50, u_super: 0.00467, sec: 2204.109, prod: 0.012230, t_ads: 41.9, t_des: 676.1, bed_util_ads: 0.189, bed_util_des: 0.184, des_th: 0.18376265731139055,frac_lost: 0.102, li_recovered:  8.782, time: 0.04522622100012086
L: 0.50, u_super: 0.00221, sec: 119.409, prod: 0.048618, t_ads: 87.4, t_des: 76.0, bed_util_ads: 0.498, bed_util_des: 0.498, des_th: 0.49805389066397154,frac_lost: 0.106, li_recovered:  7.946, time: 0.005558086000746698
L: 0.50, u_super: 0.00336, sec: 182.508, prod: 0.075211, t_ads: 57.3, t_des: 50.3, bed_util_ads: 0.500, bed_util_des: 0.500, des_th: 0.499643316170477,frac_lost: 0.100, li_recovered:  8.093, time: 0.004436331000761129
L: 0.50, u_super: 0.00517, sec: 292.165, prod: 0.113522, t_ads: 37.5, t_des: 38.5, bed_util_ads: 0.482, bed_util_des: 0.482, des_th: 0.48177647369783944,frac_lost: 0.101, li_recovered:  8.628, time: 0.00472101999912411
L: 0.50, u_super: 0.00980, sec: 570.174, prod: 0.222336, t_ads: 19.9, t_des: 17.9, bed_util_ads: 0.500, bed_util_des: 0.500, des_th: 0.4999965246446369,frac_lost: 0.103, li_recovered:  8.398, time: 0.004102363998754299
L: 0.50, u_super: 0.00868, sec: 498.591, prod: 0.196710, t_ads: 22.5, t_des: 20.7, bed_util_ads: 0.498, bed_util_des: 0.497, des_th: 0.4974552696605443,frac_lost: 0.104, li_recovered:  8.492, time: 0.005820932999995421
L: 0.50, u_super: 0.00216, sec: 116.132, prod: 0.047712, t_ads: 89.7, t_des: 79.9, bed_util_ads: 0.496, bed_util_des: 0.496, des_th: 0.49558920938415996,frac_lost: 0.107, li_recovered:  8.091, time: 0.00520459099971049
L: 0.50, u_super: 0.00827, sec: 473.027, prod: 0.186898, t_ads: 23.6, t_des: 22.0, bed_util_ads: 0.496, bed_util_des: 0.496, des_th: 0.49582187181183157,frac_lost: 0.106, li_recovered:  8.524, time: 0.004987948999769287
L: 0.50, u_super: 0.00619, sec: 344.631, prod: 0.140222, t_ads: 31.3, t_des: 28.4, bed_util_ads: 0.499, bed_util_des: 0.499, des_th: 0.4988100637348178,frac_lost: 0.101, li_recovered:  8.369, time: 0.005492840999067994
L: 0.50, u_super: 0.00497, sec: 273.470, prod: 0.112166, t_ads: 39.1, t_des: 35.3, bed_util_ads: 0.498, bed_util_des: 0.498, des_th: 0.49802677714562993,frac_lost: 0.104, li_recovered:  8.343, time: 0.007410961001369287
L: 0.50, u_super: 0.00975, sec: 567.198, prod: 0.221112, t_ads: 20.0, t_des: 18.0, bed_util_ads: 0.500, bed_util_des: 0.500, des_th: 0.4998806274424679,frac_lost: 0.104, li_recovered:  8.397, time: 0.006467074001193396
L: 0.50, u_super: 0.00770, sec: 437.910, prod: 0.173874, t_ads: 25.4, t_des: 23.6, bed_util_ads: 0.496, bed_util_des: 0.496, des_th: 0.49582187181183157,frac_lost: 0.107, li_recovered:  8.521, time: 0.004235641999912332
L: 0.50, u_super: 0.00905, sec: 527.473, prod: 0.202975, t_ads: 21.6, t_des: 21.0, bed_util_ads: 0.491, bed_util_des: 0.490, des_th: 0.49049971133025005,frac_lost: 0.104, li_recovered:  8.634, time: 0.006487728998763487
L: 0.50, u_super: 0.00469, sec: 257.187, prod: 0.105450, t_ads: 41.5, t_des: 37.1, bed_util_ads: 0.500, bed_util_des: 0.500, des_th: 0.49962955021887767,frac_lost: 0.105, li_recovered:  8.288, time: 0.004801441999006784
L: 40.38, u_super: 0.00040 — INFEASIBLE (li_recovered=0.000e+00), time: 0.0016572399999859044
L: 0.50, u_super: 0.00752, sec: 425.190, prod: 0.170652, t_ads: 25.8, t_des: 23.6, bed_util_ads: 0.498, bed_util_des: 0.498, des_th: 0.49824075796083656,frac_lost: 0.101, li_recovered:  8.433, time: 0.005412390000856249
L: 60.43, u_super: 0.00012 — INFEASIBLE (li_recovered=0.000e+00), time: 0.0008173200003511738
L: 0.50, u_super: 0.00663, sec: 371.150, prod: 0.149839, t_ads: 29.3, t_des: 27.5, bed_util_ads: 0.494, bed_util_des: 0.493, des_th: 0.4935048055951011,frac_lost: 0.101, li_recovered:  8.509, time: 0.006729921999067301
L: 0.50, u_super: 0.00007 — INFEASIBLE (li_recovered=0.000e+00), time: 0.0015191009988484439
L: 0.50, u_super: 0.00691, sec: 389.492, prod: 0.155968, t_ads: 28.3, t_des: 26.3, bed_util_ads: 0.496, bed_util_des: 0.496, des_th: 0.4958683262005453,frac_lost: 0.107, li_recovered:  8.513, time: 0.004371420000097714
L: 0.50, u_super: 0.00497, sec: 275.682, prod: 0.111266, t_ads: 39.0, t_des: 37.9, bed_util_ads: 0.489, bed_util_des: 0.489, des_th: 0.48880592263279565,frac_lost: 0.103, li_recovered:  8.563, time: 0.006254859001273871
L: 0.50, u_super: 0.00972, sec: 569.349, prod: 0.218675, t_ads: 20.1, t_des: 19.3, bed_util_ads: 0.492, bed_util_des: 0.492, des_th: 0.49193321752761465,frac_lost: 0.104, li_recovered:  8.622, time: 0.006033056000887882
L: 0.50, u_super: 0.00240, sec: 129.001, prod: 0.053341, t_ads: 80.5, t_des: 72.4, bed_util_ads: 0.495, bed_util_des: 0.494, des_th: 0.4944229351738093,frac_lost: 0.105, li_recovered:  8.156, time: 0.005295906999890576
L: 0.50, u_super: 0.00006 — INFEASIBLE (li_recovered=0.000e+00), time: 0.0017871180007205112
L: 0.50, u_super: 0.00341, sec: 184.824, prod: 0.076424, t_ads: 57.0, t_des: 51.6, bed_util_ads: 0.496, bed_util_des: 0.496, des_th: 0.49555355345419644,frac_lost: 0.107, li_recovered:  8.300, time: 0.0068920279991289135
L: 0.50, u_super: 0.00990, sec: 576.148, prod: 0.224758, t_ads: 19.7, t_des: 17.9, bed_util_ads: 0.500, bed_util_des: 0.499, des_th: 0.49942132725883337,frac_lost: 0.103, li_recovered:  8.447, time: 0.008424781999565312
L: 2.77, u_super: 0.00663, sec: 2206.551, prod: 0.139783, t_ads: 158.6, t_des: 131.7, bed_util_ads: 0.498, bed_util_des: 0.498, des_th: 0.4979000414219393,frac_lost: 0.105, li_recovered:  40.583, time: 0.004395780999402632
L: 0.50, u_super: 0.00752, sec: 426.655, prod: 0.170066, t_ads: 26.0, t_des: 23.6, bed_util_ads: 0.498, bed_util_des: 0.498, des_th: 0.4982401032813941,frac_lost: 0.107, li_recovered:  8.443, time: 0.005838352000864688
L: 0.50, u_super: 0.00729, sec: 425.914, prod: 0.159633, t_ads: 26.8, t_des: 27.5, bed_util_ads: 0.483, bed_util_des: 0.482, des_th: 0.48248487422852465,frac_lost: 0.107, li_recovered:  8.677, time: 0.005017347000830341
L: 0.50, u_super: 0.00393, sec: 217.442, prod: 0.086595, t_ads: 49.4, t_des: 49.6, bed_util_ads: 0.485, bed_util_des: 0.484, des_th: 0.4841470170878399,frac_lost: 0.103, li_recovered:  8.575, time: 0.00494052400063083
L: 0.50, u_super: 0.00983, sec: 572.881, prod: 0.222844, t_ads: 19.9, t_des: 18.0, bed_util_ads: 0.500, bed_util_des: 0.499, des_th: 0.49942132725883337,frac_lost: 0.106, li_recovered:  8.449, time: 0.0050293849999434315
L: 18.26, u_super: 0.00155 — INFEASIBLE (li_recovered=0.000e+00), time: 0.0011810679989139317
L: 0.50, u_super: 0.00288, sec: 155.124, prod: 0.064207, t_ads: 67.0, t_des: 59.7, bed_util_ads: 0.497, bed_util_des: 0.497, des_th: 0.4967411841591429,frac_lost: 0.102, li_recovered:  8.135, time: 0.0062157180000212975
L: 0.50, u_super: 0.00517, sec: 284.296, prod: 0.116665, t_ads: 37.5, t_des: 34.9, bed_util_ads: 0.494, bed_util_des: 0.494, des_th: 0.49403090281486467,frac_lost: 0.101, li_recovered:  8.443, time: 0.005797484000140685
L: 0.50, u_super: 0.00367, sec: 207.646, prod: 0.078874, t_ads: 53.0, t_des: 56.1, bed_util_ads: 0.477, bed_util_des: 0.477, des_th: 0.47657701568166555,frac_lost: 0.105, li_recovered:  8.601, time: 0.006766287000573357
L: 0.50, u_super: 0.00461, sec: 252.347, prod: 0.103847, t_ads: 42.2, t_des: 38.2, bed_util_ads: 0.498, bed_util_des: 0.497, des_th: 0.49729667211036077,frac_lost: 0.104, li_recovered:  8.347, time: 0.0057259170007455396
L: 0.50, u_super: 0.00375, sec: 204.264, prod: 0.083798, t_ads: 52.0, t_des: 45.8, bed_util_ads: 0.500, bed_util_des: 0.499, des_th: 0.4994144696612043,frac_lost: 0.108, li_recovered:  8.196, time: 0.005893707000723225
L: 0.50, u_super: 0.00663, sec: 371.900, prod: 0.149537, t_ads: 29.5, t_des: 26.5, bed_util_ads: 0.500, bed_util_des: 0.500, des_th: 0.4997508642157821,frac_lost: 0.108, li_recovered:  8.377, time: 0.007848228999137064
L: 0.50, u_super: 0.00990, sec: 577.349, prod: 0.224290, t_ads: 19.8, t_des: 18.2, bed_util_ads: 0.498, bed_util_des: 0.498, des_th: 0.49799607352429104,frac_lost: 0.106, li_recovered:  8.510, time: 0.007132192000426585
L: 14.70, u_super: 0.00221 — INFEASIBLE (li_recovered=0.000e+00), time: 0.0023874809994595125
   249 |     9960 |     40 |  0.0021865410 |             f
L: 0.50, u_super: 0.00108, sec: 59.114, prod: 0.022983, t_ads: 176.1, t_des: 177.9, bed_util_ads: 0.472, bed_util_des: 0.470, des_th: 0.4704175948907514,frac_lost: 0.104, li_recovered:  8.138, time: 0.007094368000252871
L: 0.50, u_super: 0.00225, sec: 121.201, prod: 0.049987, t_ads: 85.8, t_des: 77.3, bed_util_ads: 0.495, bed_util_des: 0.495, des_th: 0.49473860536631364,frac_lost: 0.107, li_recovered:  8.154, time: 0.007101370998498169
L: 0.50, u_super: 0.00817, sec: 467.344, prod: 0.184582, t_ads: 24.0, t_des: 22.2, bed_util_ads: 0.496, bed_util_des: 0.496, des_th: 0.49582187181183157,frac_lost: 0.107, li_recovered:  8.528, time: 0.0077859449993411545
L: 0.50, u_super: 0.00619, sec: 344.631, prod: 0.140222, t_ads: 31.3, t_des: 28.4, bed_util_ads: 0.499, bed_util_des: 0.499, des_th: 0.4988100637348178,frac_lost: 0.101, li_recovered:  8.369, time: 0.007019312000920763
L: 10.49, u_super: 0.00663 — INFEASIBLE (li_recovered=0.000e+00), time: 0.003526459999193321
L: 0.50, u_super: 0.00517, sec: 284.682, prod: 0.116506, t_ads: 37.6, t_des: 34.9, bed_util_ads: 0.495, bed_util_des: 0.495, des_th: 0.4945974943520433,frac_lost: 0.104, li_recovered:  8.451, time: 0.007906935999926645
L: 1.00, u_super: 0.00868, sec: 1003.429, prod: 0.195136, t_ads: 44.9, t_des: 40.5, bed_util_ads: 0.498, bed_util_des: 0.497, des_th: 0.4974552696605443,frac_lost: 0.108, li_recovered:  16.654, time: 0.008327008999913232
L: 0.50, u_super: 0.00393, sec: 224.487, prod: 0.083878, t_ads: 49.4, t_des: 53.3, bed_util_ads: 0.475, bed_util_des: 0.474, des_th: 0.47436639743246506,frac_lost: 0.103, li_recovered:  8.615, time: 0.009399626000231365
L: 0.50, u_super: 0.00005, sec: 4.729, prod: 0.000738, t_ads: 3215.2, t_des: 5682.4, bed_util_ads: 0.255, bed_util_des: 0.185, des_th: 0.1851696623157332,frac_lost: 0.103, li_recovered:  6.564, time: 0.00964570299947809
L: 24.29, u_super: 0.00851 — INFEASIBLE (li_recovered=0.000e+00), time: 0.0028246270012459718
L: 0.50, u_super: 0.00540, sec: 298.275, prod: 0.121666, t_ads: 35.9, t_des: 31.8, bed_util_ads: 0.500, bed_util_des: 0.500, des_th: 0.49997675794939095,frac_lost: 0.101, li_recovered:  8.237, time: 0.005893068000659696
L: 2.63, u_super: 0.00158 — INFEASIBLE (li_recovered=0.000e+00), time: 0.0030862769999657758
L: 0.50, u_super: 0.00858, sec: 494.035, prod: 0.193635, t_ads: 22.8, t_des: 21.4, bed_util_ads: 0.495, bed_util_des: 0.495, des_th: 0.4948565013734647,frac_lost: 0.107, li_recovered:  8.561, time: 0.006392764000338502
L: 0.50, u_super: 0.00501, sec: 275.465, prod: 0.113013, t_ads: 38.7, t_des: 34.6, bed_util_ads: 0.499, bed_util_des: 0.498, des_th: 0.4984066240996717,frac_lost: 0.102, li_recovered:  8.284, time: 0.007557606000773376
L: 0.50, u_super: 0.00963, sec: 559.157, prod: 0.218282, t_ads: 20.3, t_des: 18.4, bed_util_ads: 0.500, bed_util_des: 0.500, des_th: 0.4999537776518132,frac_lost: 0.105, li_recovered:  8.447, time: 0.0064746179996291175
L: 7.48, u_super: 0.00393 — INFEASIBLE (li_recovered=0.000e+00), time: 0.002841808998709894
L: 10.42, u_super: 0.00264 — INFEASIBLE (li_recovered=0.000e+00), time: 0.00151679000009608
L: 34.18, u_super: 0.00709 — INFEASIBLE (li_recovered=0.000e+00), time: 0.0011066240003856365
L: 0.50, u_super: 0.00793, sec: 452.333, prod: 0.179130, t_ads: 24.7, t_des: 22.6, bed_util_ads: 0.498, bed_util_des: 0.498, des_th: 0.49824075796083656,frac_lost: 0.109, li_recovered:  8.487, time: 0.005051449999882607
L: 0.50, u_super: 0.00050, sec: 29.287, prod: 0.009988, t_ads: 358.3, t_des: 320.5, bed_util_ads: 0.470, bed_util_des: 0.469, des_th: 0.46908753684889104,frac_lost: 0.102, li_recovered:  6.781, time: 0.004239080000843387
L: 0.50, u_super: 0.00149, sec: 81.427, prod: 0.032182, t_ads: 128.6, t_des: 129.6, bed_util_ads: 0.477, bed_util_des: 0.476, des_th: 0.4759022918684785,frac_lost: 0.105, li_recovered:  8.309, time: 0.00368875999993179
L: 0.50, u_super: 0.00334, sec: 181.216, prod: 0.074544, t_ads: 58.3, t_des: 51.6, bed_util_ads: 0.499, bed_util_des: 0.499, des_th: 0.49922015396794045,frac_lost: 0.108, li_recovered:  8.195, time: 0.004685427000367781
L: 0.50, u_super: 0.00497, sec: 273.194, prod: 0.112280, t_ads: 39.0, t_des: 35.2, bed_util_ads: 0.498, bed_util_des: 0.498, des_th: 0.49802677714562993,frac_lost: 0.102, li_recovered:  8.334, time: 0.004920850999042159
L: 0.50, u_super: 0.00086, sec: 47.627, prod: 0.018396, t_ads: 217.1, t_des: 213.8, bed_util_ads: 0.471, bed_util_des: 0.469, des_th: 0.46908753684889104,frac_lost: 0.104, li_recovered:  7.928, time: 0.005485360001330264
L: 17.34, u_super: 0.00523 — INFEASIBLE (li_recovered=0.000e+00), time: 0.0016998419996525627
L: 46.89, u_super: 0.00990 — INFEASIBLE (li_recovered=0.000e+00), time: 0.001252166000995203
L: 9.91, u_super: 0.00936 — INFEASIBLE (li_recovered=0.000e+00), time: 0.0029444689989759354
L: 0.50, u_super: 0.00624, sec: 348.394, prod: 0.140986, t_ads: 31.2, t_des: 29.1, bed_util_ads: 0.495, bed_util_des: 0.494, des_th: 0.4943441655980995,frac_lost: 0.103, li_recovered:  8.500, time: 0.004336770000008983
L: 0.50, u_super: 0.00319, sec: 172.084, prod: 0.071368, t_ads: 60.4, t_des: 54.0, bed_util_ads: 0.498, bed_util_des: 0.497, des_th: 0.49733737365159836,frac_lost: 0.100, li_recovered:  8.164, time: 0.004444374999366119
L: 0.50, u_super: 0.00121, sec: 71.457, prod: 0.024214, t_ads: 157.9, t_des: 185.5, bed_util_ads: 0.455, bed_util_des: 0.451, des_th: 0.4515490451149714,frac_lost: 0.106, li_recovered:  8.315, time: 0.0044332039997243555
L: 0.50, u_super: 0.00588, sec: 327.335, prod: 0.132448, t_ads: 33.3, t_des: 30.3, bed_util_ads: 0.499, bed_util_des: 0.499, des_th: 0.4987415928879306,frac_lost: 0.110, li_recovered:  8.428, time: 0.004330977000790881
L: 0.50, u_super: 0.00869, sec: 500.151, prod: 0.196662, t_ads: 22.5, t_des: 20.6, bed_util_ads: 0.498, bed_util_des: 0.498, des_th: 0.4979282467019365,frac_lost: 0.108, li_recovered:  8.487, time: 0.003690855999593623
L: 0.50, u_super: 0.00827, sec: 472.695, prod: 0.187029, t_ads: 23.7, t_des: 21.5, bed_util_ads: 0.499, bed_util_des: 0.499, des_th: 0.498914921207158,frac_lost: 0.107, li_recovered:  8.451, time: 0.0038471299994853325
L: 0.50, u_super: 0.00434, sec: 237.483, prod: 0.097464, t_ads: 45.0, t_des: 40.4, bed_util_ads: 0.499, bed_util_des: 0.499, des_th: 0.4988100637348178,frac_lost: 0.109, li_recovered:  8.329, time: 0.004297534000215819
L: 0.50, u_super: 0.00288, sec: 154.746, prod: 0.064363, t_ads: 67.0, t_des: 61.0, bed_util_ads: 0.495, bed_util_des: 0.495, des_th: 0.49464119124394607,frac_lost: 0.102, li_recovered:  8.239, time: 0.0037983559996064287
L: 0.50, u_super: 0.00163, sec: 89.274, prod: 0.035044, t_ads: 117.9, t_des: 99.1, bed_util_ads: 0.500, bed_util_des: 0.500, des_th: 0.4998301232852388,frac_lost: 0.106, li_recovered:  7.604, time: 0.003844922999633127
L: 20.26, u_super: 0.00530 — INFEASIBLE (li_recovered=0.000e+00), time: 0.0015451180006493814
L: 0.50, u_super: 0.00469, sec: 257.296, prod: 0.105598, t_ads: 41.5, t_des: 38.4, bed_util_ads: 0.494, bed_util_des: 0.494, des_th: 0.49403090281486467,frac_lost: 0.105, li_recovered:  8.436, time: 0.004025503998491331
L: 0.50, u_super: 0.00619, sec: 346.057, prod: 0.139411, t_ads: 31.5, t_des: 29.8, bed_util_ads: 0.494, bed_util_des: 0.493, des_th: 0.49351712101449663,frac_lost: 0.104, li_recovered:  8.538, time: 0.004017862000182504
L: 0.50, u_super: 0.00905, sec: 527.853, prod: 0.202829, t_ads: 21.6, t_des: 21.0, bed_util_ads: 0.491, bed_util_des: 0.491, des_th: 0.49059712545248263,frac_lost: 0.104, li_recovered:  8.638, time: 0.004322553999372758
   250 |    10000 |     40 |  0.0048250012 |             f
L: 0.50, u_super: 0.00990, sec: 576.736, prod: 0.224529, t_ads: 19.7, t_des: 17.9, bed_util_ads: 0.500, bed_util_des: 0.499, des_th: 0.49942132725883337,frac_lost: 0.105, li_recovered:  8.447, time: 0.00498814599995967
L: 0.50, u_super: 0.00521, sec: 286.937, prod: 0.117522, t_ads: 37.2, t_des: 34.9, bed_util_ads: 0.494, bed_util_des: 0.494, des_th: 0.49403090281486467,frac_lost: 0.101, li_recovered:  8.479, time: 0.004902018001303077
L: 0.50, u_super: 0.00624, sec: 348.185, prod: 0.141070, t_ads: 31.2, t_des: 28.8, bed_util_ads: 0.497, bed_util_des: 0.496, des_th: 0.49634807192350466,frac_lost: 0.104, li_recovered:  8.468, time: 0.003945565000321949
L: 0.50, u_super: 0.00397, sec: 216.870, prod: 0.089014, t_ads: 49.0, t_des: 43.2, bed_util_ads: 0.500, bed_util_des: 0.499, des_th: 0.4994074011020309,frac_lost: 0.106, li_recovered:  8.200, time: 0.0035461429997667437
L: 0.50, u_super: 0.00366, sec: 198.639, prod: 0.081989, t_ads: 53.2, t_des: 48.1, bed_util_ads: 0.496, bed_util_des: 0.496, des_th: 0.49613563856025966,frac_lost: 0.107, li_recovered:  8.311, time: 0.003841643001578632
L: 2.25, u_super: 0.00588, sec: 1571.722, prod: 0.124362, t_ads: 145.6, t_des: 120.4, bed_util_ads: 0.498, bed_util_des: 0.498, des_th: 0.4982767964806776,frac_lost: 0.104, li_recovered:  33.070, time: 0.0038192859992705053
L: 0.50, u_super: 0.00886, sec: 510.480, prod: 0.200520, t_ads: 22.1, t_des: 20.3, bed_util_ads: 0.498, bed_util_des: 0.498, des_th: 0.4979309495207304,frac_lost: 0.107, li_recovered:  8.495, time: 0.004006397999546607
L: 9.53, u_super: 0.00393 — INFEASIBLE (li_recovered=0.000e+00), time: 0.0012536400008684723
L: 0.50, u_super: 0.00015, sec: 18.629, prod: 0.001335, t_ads: 1340.1, t_des: 4978.1, bed_util_ads: 0.252, bed_util_des: 0.181, des_th: 0.18114714105838814,frac_lost: 0.101, li_recovered:  8.437, time: 0.00834399400082475
L: 0.50, u_super: 0.00973, sec: 566.096, prod: 0.220710, t_ads: 20.1, t_des: 18.2, bed_util_ads: 0.500, bed_util_des: 0.500, des_th: 0.49997262203842435,frac_lost: 0.105, li_recovered:  8.443, time: 0.0038950119997025467
L: 0.50, u_super: 0.00905, sec: 527.473, prod: 0.202975, t_ads: 21.6, t_des: 21.0, bed_util_ads: 0.491, bed_util_des: 0.490, des_th: 0.49049971133025005,frac_lost: 0.104, li_recovered:  8.634, time: 0.003930004000721965
L: 79.44, u_super: 0.00591 — INFEASIBLE (li_recovered=0.000e+00), time: 0.0007710289992246544
L: 0.50, u_super: 0.00234, sec: 126.282, prod: 0.051692, t_ads: 82.7, t_des: 72.5, bed_util_ads: 0.499, bed_util_des: 0.498, des_th: 0.49827840219512753,frac_lost: 0.107, li_recovered:  8.026, time: 0.0037630609986081254
L: 0.50, u_super: 0.00461, sec: 252.617, prod: 0.103736, t_ads: 42.1, t_des: 39.5, bed_util_ads: 0.493, bed_util_des: 0.493, des_th: 0.49281311195050825,frac_lost: 0.103, li_recovered:  8.464, time: 0.006386724999174476
L: 0.50, u_super: 0.00433, sec: 237.370, prod: 0.097281, t_ads: 45.0, t_des: 42.0, bed_util_ads: 0.494, bed_util_des: 0.493, des_th: 0.49351712101449663,frac_lost: 0.107, li_recovered:  8.464, time: 0.004473081999094575
L: 0.50, u_super: 0.00199, sec: 702.076, prod: 0.006680, t_ads: 99.0, t_des: 1216.0, bed_util_ads: 0.207, bed_util_des: 0.195, des_th: 0.19488121814882223,frac_lost: 0.103, li_recovered:  8.784, time: 0.02555591300006199
L: 117.96, u_super: 0.00666 — INFEASIBLE (li_recovered=0.000e+00), time: 0.0009943829991243547
L: 0.50, u_super: 0.00319, sec: 171.977, prod: 0.071412, t_ads: 60.6, t_des: 54.6, bed_util_ads: 0.496, bed_util_des: 0.496, des_th: 0.49568324290405985,frac_lost: 0.102, li_recovered:  8.223, time: 0.0040763309989415575
L: 0.50, u_super: 0.00225, sec: 124.299, prod: 0.048741, t_ads: 85.8, t_des: 88.1, bed_util_ads: 0.478, bed_util_des: 0.477, des_th: 0.47655456167114146,frac_lost: 0.106, li_recovered:  8.478, time: 0.005116263000672916
L: 0.50, u_super: 0.00854, sec: 489.755, prod: 0.193338, t_ads: 22.9, t_des: 21.0, bed_util_ads: 0.498, bed_util_des: 0.498, des_th: 0.4977166476433627,frac_lost: 0.105, li_recovered:  8.488, time: 0.004775160999997752
L: 0.50, u_super: 0.00729, sec: 411.631, prod: 0.165172, t_ads: 26.6, t_des: 24.9, bed_util_ads: 0.495, bed_util_des: 0.494, des_th: 0.4943733390370278,frac_lost: 0.100, li_recovered:  8.514, time: 0.005572776000917656
L: 4.41, u_super: 0.00314 — INFEASIBLE (li_recovered=0.000e+00), time: 0.002531613999963156
L: 36.24, u_super: 0.00979 — INFEASIBLE (li_recovered=0.000e+00), time: 0.0013548759998229798
L: 0.50, u_super: 0.00715, sec: 402.727, prod: 0.162140, t_ads: 27.1, t_des: 24.6, bed_util_ads: 0.500, bed_util_des: 0.499, des_th: 0.49948057332605444,frac_lost: 0.101, li_recovered:  8.383, time: 0.005908517998250318
L: 0.50, u_super: 0.00563, sec: 311.118, prod: 0.127347, t_ads: 34.4, t_des: 31.2, bed_util_ads: 0.498, bed_util_des: 0.497, des_th: 0.4974169109118259,frac_lost: 0.100, li_recovered:  8.361, time: 0.005312506000336725
L: 0.50, u_super: 0.00192, sec: 104.209, prod: 0.042098, t_ads: 99.6, t_des: 86.1, bed_util_ads: 0.498, bed_util_des: 0.498, des_th: 0.49804689884696657,frac_lost: 0.102, li_recovered:  7.815, time: 0.005412304999481421
L: 0.50, u_super: 0.00142, sec: 76.740, prod: 0.031032, t_ads: 134.7, t_des: 128.6, bed_util_ads: 0.482, bed_util_des: 0.481, des_th: 0.4813395941507652,frac_lost: 0.106, li_recovered:  8.172, time: 0.0048573229996691225
L: 0.50, u_super: 0.00624, sec: 348.082, prod: 0.141112, t_ads: 31.1, t_des: 29.1, bed_util_ads: 0.494, bed_util_des: 0.494, des_th: 0.49428478310280166,frac_lost: 0.101, li_recovered:  8.496, time: 0.004340126999522909
L: 0.50, u_super: 0.00932, sec: 539.231, prod: 0.211148, t_ads: 21.0, t_des: 19.0, bed_util_ads: 0.500, bed_util_des: 0.499, des_th: 0.49942132725883337,frac_lost: 0.105, li_recovered:  8.446, time: 0.006013699001414352
L: 0.50, u_super: 0.00331, sec: 179.158, prod: 0.073919, t_ads: 58.9, t_des: 52.6, bed_util_ads: 0.498, bed_util_des: 0.498, des_th: 0.4981194115550915,frac_lost: 0.108, li_recovered:  8.237, time: 0.0058907079983328
L: 0.50, u_super: 0.00265, sec: 142.547, prod: 0.059056, t_ads: 72.9, t_des: 65.7, bed_util_ads: 0.495, bed_util_des: 0.495, des_th: 0.49469086661267003,frac_lost: 0.104, li_recovered:  8.186, time: 0.004629568999007461
L: 0.50, u_super: 0.00644, sec: 359.444, prod: 0.145615, t_ads: 30.2, t_des: 27.6, bed_util_ads: 0.497, bed_util_des: 0.497, des_th: 0.49730627539637007,frac_lost: 0.103, li_recovered:  8.425, time: 0.005889604999538278
L: 0.50, u_super: 0.00029 — INFEASIBLE (li_recovered=0.000e+00), time: 0.003754673000003095
L: 0.50, u_super: 0.00725, sec: 411.830, prod: 0.163232, t_ads: 27.0, t_des: 25.4, bed_util_ads: 0.494, bed_util_des: 0.494, des_th: 0.4935048055951011,frac_lost: 0.109, li_recovered:  8.560, time: 0.004979424998964532
L: 32.11, u_super: 0.00393 — INFEASIBLE (li_recovered=0.000e+00), time: 0.0019145100013702177
L: 0.50, u_super: 0.00005, sec: 4.330, prod: 0.000670, t_ads: 3436.0, t_des: 5850.8, bed_util_ads: 0.253, bed_util_des: 0.185, des_th: 0.1851696623157332,frac_lost: 0.103, li_recovered:  6.222, time: 0.006846336000307929
L: 0.50, u_super: 0.00285, sec: 153.733, prod: 0.063560, t_ads: 67.7, t_des: 60.1, bed_util_ads: 0.497, bed_util_des: 0.497, des_th: 0.4969410859481716,frac_lost: 0.102, li_recovered:  8.125, time: 0.004335314999480033
L: 1.47, u_super: 0.00319 — INFEASIBLE (li_recovered=0.000e+00), time: 0.0036806379994231975
L: 0.50, u_super: 0.00334, sec: 180.506, prod: 0.074837, t_ads: 57.7, t_des: 51.6, bed_util_ads: 0.498, bed_util_des: 0.498, des_th: 0.4981085752059072,frac_lost: 0.101, li_recovered:  8.180, time: 0.005170069000087096
L: 0.50, u_super: 0.00793, sec: 450.538, prod: 0.179633, t_ads: 24.5, t_des: 22.9, bed_util_ads: 0.495, bed_util_des: 0.495, des_th: 0.4947854975108689,frac_lost: 0.100, li_recovered:  8.516, time: 0.004849774999456713
   251 |    10040 |     40 |  0.0030538019 |             f
L: 0.50, u_super: 0.00714, sec: 403.495, prod: 0.161388, t_ads: 27.4, t_des: 25.1, bed_util_ads: 0.498, bed_util_des: 0.498, des_th: 0.49777757349408874,frac_lost: 0.108, li_recovered:  8.475, time: 0.005321332999301376
L: 16.62, u_super: 0.00140 — INFEASIBLE (li_recovered=0.000e+00), time: 0.0010523180008021882
L: 0.50, u_super: 0.00729, sec: 429.954, prod: 0.158133, t_ads: 26.8, t_des: 28.1, bed_util_ads: 0.481, bed_util_des: 0.480, des_th: 0.4801971827915249,frac_lost: 0.107, li_recovered:  8.686, time: 0.005513210000572144
L: 0.50, u_super: 0.00494, sec: 280.208, prod: 0.107937, t_ads: 39.3, t_des: 40.7, bed_util_ads: 0.481, bed_util_des: 0.480, des_th: 0.4804399846177663,frac_lost: 0.103, li_recovered:  8.631, time: 0.005384254998716642
L: 0.50, u_super: 0.00425, sec: 232.617, prod: 0.095466, t_ads: 45.7, t_des: 40.4, bed_util_ads: 0.500, bed_util_des: 0.499, des_th: 0.4994074011020309,frac_lost: 0.105, li_recovered:  8.214, time: 0.004367969999293564
L: 0.50, u_super: 0.00461, sec: 252.980, prod: 0.103587, t_ads: 42.3, t_des: 39.5, bed_util_ads: 0.495, bed_util_des: 0.494, des_th: 0.4942263319437385,frac_lost: 0.107, li_recovered:  8.468, time: 0.006036975000824896
L: 6.85, u_super: 0.00563 — INFEASIBLE (li_recovered=0.000e+00), time: 0.0030323609989864053
L: 0.50, u_super: 0.00145, sec: 78.636, prod: 0.031571, t_ads: 132.0, t_des: 129.0, bed_util_ads: 0.480, bed_util_des: 0.478, des_th: 0.4783369382975339,frac_lost: 0.105, li_recovered:  8.241, time: 0.005431953999504913
L: 0.50, u_super: 0.00100, sec: 324.080, prod: 0.003629, t_ads: 197.3, t_des: 2228.0, bed_util_ads: 0.208, bed_util_des: 0.185, des_th: 0.1851696623157332,frac_lost: 0.104, li_recovered:  8.801, time: 0.026661781001166673
L: 0.50, u_super: 0.00793, sec: 451.785, prod: 0.179137, t_ads: 24.7, t_des: 22.4, bed_util_ads: 0.499, bed_util_des: 0.499, des_th: 0.4991661564436812,frac_lost: 0.108, li_recovered:  8.443, time: 0.004380124999443069
L: 0.50, u_super: 0.00334, sec: 181.077, prod: 0.074601, t_ads: 58.4, t_des: 52.0, bed_util_ads: 0.498, bed_util_des: 0.498, des_th: 0.4981085752059072,frac_lost: 0.109, li_recovered:  8.235, time: 0.004274614999303594
L: 0.50, u_super: 0.00175, sec: 95.664, prod: 0.038096, t_ads: 109.2, t_des: 93.1, bed_util_ads: 0.498, bed_util_des: 0.498, des_th: 0.49804689884696657,frac_lost: 0.104, li_recovered:  7.708, time: 0.0048519079991820036
L: 0.50, u_super: 0.00288, sec: 158.956, prod: 0.062659, t_ads: 67.2, t_des: 69.0, bed_util_ads: 0.479, bed_util_des: 0.479, des_th: 0.47866689353537467,frac_lost: 0.102, li_recovered:  8.532, time: 0.007041289998596767
L: 0.50, u_super: 0.00317, sec: 184.213, prod: 0.066123, t_ads: 61.4, t_des: 68.6, bed_util_ads: 0.469, bed_util_des: 0.468, des_th: 0.46829087104043265,frac_lost: 0.107, li_recovered:  8.592, time: 0.00747989299998153
L: 0.50, u_super: 0.00827, sec: 472.895, prod: 0.186951, t_ads: 23.7, t_des: 21.5, bed_util_ads: 0.499, bed_util_des: 0.499, des_th: 0.498914921207158,frac_lost: 0.108, li_recovered:  8.446, time: 0.005512513000212493
L: 0.50, u_super: 0.00750, sec: 426.845, prod: 0.168996, t_ads: 26.1, t_des: 24.6, bed_util_ads: 0.495, bed_util_des: 0.494, des_th: 0.4943733390370278,frac_lost: 0.108, li_recovered:  8.560, time: 0.005661627999870689
L: 0.50, u_super: 0.00939, sec: 545.314, prod: 0.212244, t_ads: 20.8, t_des: 19.6, bed_util_ads: 0.495, bed_util_des: 0.495, des_th: 0.49473860536631364,frac_lost: 0.105, li_recovered:  8.567, time: 0.0046891470010450576
L: 0.50, u_super: 0.00268, sec: 144.572, prod: 0.059674, t_ads: 72.0, t_des: 63.8, bed_util_ads: 0.498, bed_util_des: 0.497, des_th: 0.4974169109118259,frac_lost: 0.103, li_recovered:  8.105, time: 0.004947741999785649
L: 0.50, u_super: 0.00065, sec: 36.340, prod: 0.013456, t_ads: 284.1, t_des: 262.4, bed_util_ads: 0.473, bed_util_des: 0.471, des_th: 0.4712681023322413,frac_lost: 0.103, li_recovered:  7.354, time: 0.0045606919993588235
L: 0.50, u_super: 0.00805, sec: 459.058, prod: 0.182063, t_ads: 24.3, t_des: 22.1, bed_util_ads: 0.498, bed_util_des: 0.498, des_th: 0.4980471123987456,frac_lost: 0.107, li_recovered:  8.443, time: 0.004962211000020034
L: 0.50, u_super: 0.00319, sec: 172.624, prod: 0.071144, t_ads: 61.0, t_des: 57.2, bed_util_ads: 0.492, bed_util_des: 0.491, des_th: 0.49112655303715613,frac_lost: 0.108, li_recovered:  8.415, time: 0.004796747000000323
L: 0.50, u_super: 0.00935, sec: 541.444, prod: 0.211791, t_ads: 20.9, t_des: 19.2, bed_util_ads: 0.498, bed_util_des: 0.498, des_th: 0.49802677714562993,frac_lost: 0.106, li_recovered:  8.490, time: 0.005864521001058165
L: 0.50, u_super: 0.00469, sec: 257.092, prod: 0.105682, t_ads: 41.4, t_des: 37.4, bed_util_ads: 0.497, bed_util_des: 0.497, des_th: 0.49710124297414243,frac_lost: 0.104, li_recovered:  8.335, time: 0.005651767000017571
L: 0.50, u_super: 0.00990, sec: 576.974, prod: 0.224436, t_ads: 19.7, t_des: 18.1, bed_util_ads: 0.498, bed_util_des: 0.497, des_th: 0.49742116031154504,frac_lost: 0.105, li_recovered:  8.490, time: 0.004795552998984931
L: 0.50, u_super: 0.00582, sec: 323.973, prod: 0.131226, t_ads: 33.6, t_des: 30.2, bed_util_ads: 0.499, bed_util_des: 0.499, des_th: 0.4987415928879306,frac_lost: 0.109, li_recovered:  8.379, time: 0.006323347999568796
L: 0.50, u_super: 0.00599, sec: 332.632, prod: 0.135333, t_ads: 32.4, t_des: 29.1, bed_util_ads: 0.499, bed_util_des: 0.499, des_th: 0.4988100637348178,frac_lost: 0.102, li_recovered:  8.326, time: 0.004738349998660851
L: 0.50, u_super: 0.00765, sec: 433.767, prod: 0.173042, t_ads: 25.4, t_des: 23.8, bed_util_ads: 0.495, bed_util_des: 0.495, des_th: 0.4947854975108689,frac_lost: 0.102, li_recovered:  8.525, time: 0.007705696998527856
L: 0.50, u_super: 0.00420, sec: 228.808, prod: 0.094465, t_ads: 46.3, t_des: 42.3, bed_util_ads: 0.495, bed_util_des: 0.495, des_th: 0.49502505347845366,frac_lost: 0.104, li_recovered:  8.370, time: 0.005105445001390763
L: 0.50, u_super: 0.00456, sec: 249.757, prod: 0.102765, t_ads: 42.6, t_des: 38.5, bed_util_ads: 0.498, bed_util_des: 0.498, des_th: 0.4976850727800898,frac_lost: 0.104, li_recovered:  8.329, time: 0.004472696000448195
L: 0.50, u_super: 0.00196, sec: 111.276, prod: 0.041281, t_ads: 98.5, t_des: 106.8, bed_util_ads: 0.471, bed_util_des: 0.469, des_th: 0.46908753684889104,frac_lost: 0.108, li_recovered:  8.472, time: 0.004475856998396921
L: 0.50, u_super: 0.00972, sec: 564.822, prod: 0.220281, t_ads: 20.1, t_des: 18.3, bed_util_ads: 0.500, bed_util_des: 0.499, des_th: 0.49942132725883337,frac_lost: 0.105, li_recovered:  8.452, time: 0.0036850489996140823
L: 0.50, u_super: 0.00664, sec: 373.761, prod: 0.149393, t_ads: 29.5, t_des: 27.7, bed_util_ads: 0.494, bed_util_des: 0.493, des_th: 0.49342888409684615,frac_lost: 0.108, li_recovered:  8.546, time: 0.0055355580007017124
L: 3.40, u_super: 0.00005 — INFEASIBLE (li_recovered=0.000e+00), time: 0.0010808770002768142
L: 0.50, u_super: 0.00656, sec: 366.808, prod: 0.148608, t_ads: 29.6, t_des: 26.7, bed_util_ads: 0.499, bed_util_des: 0.499, des_th: 0.4987415928879306,frac_lost: 0.101, li_recovered:  8.361, time: 0.005571539000811754
L: 0.50, u_super: 0.00216, sec: 117.500, prod: 0.047410, t_ads: 89.3, t_des: 88.3, bed_util_ads: 0.482, bed_util_des: 0.481, des_th: 0.4812146290688835,frac_lost: 0.105, li_recovered:  8.420, time: 0.00567207300082373
L: 21.19, u_super: 0.00567 — INFEASIBLE (li_recovered=0.000e+00), time: 0.0013445699987642001
L: 0.50, u_super: 0.00563, sec: 311.656, prod: 0.127127, t_ads: 34.5, t_des: 30.9, bed_util_ads: 0.500, bed_util_des: 0.500, des_th: 0.49976513557835617,frac_lost: 0.102, li_recovered:  8.308, time: 0.0033796820007410133
L: 0.50, u_super: 0.00086, sec: 47.301, prod: 0.018242, t_ads: 219.0, t_des: 215.3, bed_util_ads: 0.471, bed_util_des: 0.469, des_th: 0.46908753684889104,frac_lost: 0.105, li_recovered:  7.924, time: 0.006005256000207737
L: 0.50, u_super: 0.00009, sec: 9.441, prod: 0.001105, t_ads: 2012.7, t_des: 5124.7, bed_util_ads: 0.260, bed_util_des: 0.185, des_th: 0.1851696623157332,frac_lost: 0.103, li_recovered:  7.890, time: 0.009030158998939442
L: 0.50, u_super: 0.00793, sec: 450.538, prod: 0.179633, t_ads: 24.5, t_des: 22.9, bed_util_ads: 0.495, bed_util_des: 0.495, des_th: 0.4947854975108689,frac_lost: 0.100, li_recovered:  8.516, time: 0.005009517999496893
   252 |    10080 |     40 |  0.0029639245 |             f
L: 0.50, u_super: 0.00020, sec: 20.980, prod: 0.002220, t_ads: 954.7, t_des: 2682.6, bed_util_ads: 0.292, bed_util_des: 0.243, des_th: 0.24311080347357442,frac_lost: 0.105, li_recovered:  8.073, time: 0.009200815000440343
L: 8.02, u_super: 0.00031 — INFEASIBLE (li_recovered=0.000e+00), time: 0.0011907300013263011
L: 0.50, u_super: 0.00802, sec: 457.499, prod: 0.181431, t_ads: 24.4, t_des: 22.4, bed_util_ads: 0.497, bed_util_des: 0.497, des_th: 0.497280391460297,frac_lost: 0.106, li_recovered:  8.492, time: 0.005754540999987512
L: 0.50, u_super: 0.00005, sec: 4.329, prod: 0.000670, t_ads: 3438.0, t_des: 5857.5, bed_util_ads: 0.253, bed_util_des: 0.185, des_th: 0.1851696623157332,frac_lost: 0.103, li_recovered:  6.228, time: 0.0058772229986061575
L: 0.50, u_super: 0.00663, sec: 424.432, prod: 0.131029, t_ads: 29.5, t_des: 36.9, bed_util_ads: 0.459, bed_util_des: 0.458, des_th: 0.4579433784555537,frac_lost: 0.106, li_recovered:  8.695, time: 0.007181425999078783
L: 0.50, u_super: 0.00329, sec: 178.125, prod: 0.073660, t_ads: 59.0, t_des: 52.9, bed_util_ads: 0.498, bed_util_des: 0.498, des_th: 0.4977166476433627,frac_lost: 0.106, li_recovered:  8.242, time: 0.005377405999752227
L: 0.50, u_super: 0.00201, sec: 108.396, prod: 0.044399, t_ads: 96.1, t_des: 85.6, bed_util_ads: 0.495, bed_util_des: 0.494, des_th: 0.49453472700792805,frac_lost: 0.108, li_recovered:  8.066, time: 0.006261165999603691
L: 23.52, u_super: 0.00288 — INFEASIBLE (li_recovered=0.000e+00), time: 0.0014131819989415817
L: 0.50, u_super: 0.00121 — INFEASIBLE (li_recovered=0.000e+00), time: 0.0022676509997836547
L: 1.32, u_super: 0.00433, sec: 796.192, prod: 0.076713, t_ads: 117.5, t_des: 174.9, bed_util_ads: 0.428, bed_util_des: 0.424, des_th: 0.4243420318245994,frac_lost: 0.103, li_recovered:  22.435, time: 0.004777821999596199
L: 0.50, u_super: 0.00494, sec: 271.210, prod: 0.111261, t_ads: 39.4, t_des: 35.6, bed_util_ads: 0.498, bed_util_des: 0.498, des_th: 0.49802677714562993,frac_lost: 0.104, li_recovered:  8.340, time: 0.004466235999643686
L: 22.98, u_super: 0.00392 — INFEASIBLE (li_recovered=0.000e+00), time: 0.0010339830005250406
L: 0.50, u_super: 0.00192, sec: 104.209, prod: 0.042098, t_ads: 99.6, t_des: 86.1, bed_util_ads: 0.498, bed_util_des: 0.498, des_th: 0.49804689884696657,frac_lost: 0.102, li_recovered:  7.815, time: 0.004343393000453943
L: 0.50, u_super: 0.00644, sec: 359.826, prod: 0.145635, t_ads: 30.1, t_des: 28.2, bed_util_ads: 0.494, bed_util_des: 0.494, des_th: 0.4940447292505112,frac_lost: 0.101, li_recovered:  8.498, time: 0.0055044230011844775
L: 0.50, u_super: 0.00990, sec: 576.736, prod: 0.224529, t_ads: 19.7, t_des: 17.9, bed_util_ads: 0.500, bed_util_des: 0.499, des_th: 0.49942132725883337,frac_lost: 0.105, li_recovered:  8.447, time: 0.004667203000281006
L: 0.50, u_super: 0.00307, sec: 165.479, prod: 0.068663, t_ads: 63.1, t_des: 57.4, bed_util_ads: 0.496, bed_util_des: 0.496, des_th: 0.4956496546312442,frac_lost: 0.105, li_recovered:  8.272, time: 0.006274346998907276
L: 0.50, u_super: 0.00268, sec: 144.705, prod: 0.059619, t_ads: 71.8, t_des: 63.2, bed_util_ads: 0.498, bed_util_des: 0.498, des_th: 0.497797882495025,frac_lost: 0.102, li_recovered:  8.052, time: 0.004872949999480625
L: 0.50, u_super: 0.00026, sec: 42.938, prod: 0.001776, t_ads: 771.1, t_des: 4110.0, bed_util_ads: 0.243, bed_util_des: 0.187, des_th: 0.18729047977521726,frac_lost: 0.101, li_recovered:  8.666, time: 0.017241613999431138
L: 0.50, u_super: 0.00243, sec: 130.523, prod: 0.054055, t_ads: 79.5, t_des: 72.3, bed_util_ads: 0.494, bed_util_des: 0.493, des_th: 0.4933899245054209,frac_lost: 0.105, li_recovered:  8.207, time: 0.007777876999170985
L: 0.50, u_super: 0.00986, sec: 627.178, prod: 0.204557, t_ads: 19.9, t_des: 22.8, bed_util_ads: 0.469, bed_util_des: 0.469, des_th: 0.46908753684889104,frac_lost: 0.106, li_recovered:  8.718, time: 0.006098566000218852
L: 0.50, u_super: 0.00868, sec: 533.375, prod: 0.183881, t_ads: 22.5, t_des: 24.8, bed_util_ads: 0.475, bed_util_des: 0.474, des_th: 0.47424724125886497,frac_lost: 0.106, li_recovered:  8.708, time: 0.0063949099985620705
L: 0.50, u_super: 0.00729, sec: 452.582, prod: 0.150227, t_ads: 26.8, t_des: 31.1, bed_util_ads: 0.468, bed_util_des: 0.468, des_th: 0.4675878488593856,frac_lost: 0.107, li_recovered:  8.699, time: 0.0067204620008851634
L: 0.50, u_super: 0.00905, sec: 524.482, prod: 0.204133, t_ads: 21.6, t_des: 20.5, bed_util_ads: 0.493, bed_util_des: 0.493, des_th: 0.49259846686599457,frac_lost: 0.105, li_recovered:  8.588, time: 0.007505249999667285
L: 0.50, u_super: 0.00878, sec: 505.421, prod: 0.198481, t_ads: 22.3, t_des: 20.7, bed_util_ads: 0.497, bed_util_des: 0.497, des_th: 0.49671738619564326,frac_lost: 0.106, li_recovered:  8.528, time: 0.005567574000451714
L: 0.50, u_super: 0.00521, sec: 286.731, prod: 0.117606, t_ads: 37.3, t_des: 33.7, bed_util_ads: 0.498, bed_util_des: 0.498, des_th: 0.4975430737599577,frac_lost: 0.102, li_recovered:  8.346, time: 0.005868914000529912
L: 0.50, u_super: 0.00692, sec: 388.315, prod: 0.156939, t_ads: 28.0, t_des: 25.6, bed_util_ads: 0.498, bed_util_des: 0.498, des_th: 0.49779377291296856,frac_lost: 0.100, li_recovered:  8.420, time: 0.0069685130001744255
L: 0.50, u_super: 0.00625, sec: 359.453, prod: 0.137177, t_ads: 31.0, t_des: 32.1, bed_util_ads: 0.482, bed_util_des: 0.482, des_th: 0.4815586074431655,frac_lost: 0.100, li_recovered:  8.654, time: 0.00814921499841148
L: 0.50, u_super: 0.00564, sec: 312.182, prod: 0.127363, t_ads: 34.5, t_des: 31.3, bed_util_ads: 0.498, bed_util_des: 0.497, des_th: 0.49742623845785355,frac_lost: 0.104, li_recovered:  8.376, time: 0.0057289699998364085
L: 14.84, u_super: 0.00029 — INFEASIBLE (li_recovered=0.000e+00), time: 0.0012826069996663136
L: 0.50, u_super: 0.00731, sec: 414.732, prod: 0.164639, t_ads: 26.8, t_des: 25.2, bed_util_ads: 0.495, bed_util_des: 0.494, des_th: 0.4943305336167748,frac_lost: 0.107, li_recovered:  8.556, time: 0.004093825999007095
L: 47.80, u_super: 0.00905 — INFEASIBLE (li_recovered=0.000e+00), time: 0.0013250569991214434
L: 0.50, u_super: 0.00521, sec: 286.861, prod: 0.117553, t_ads: 37.2, t_des: 33.4, bed_util_ads: 0.500, bed_util_des: 0.499, des_th: 0.4994274562688833,frac_lost: 0.102, li_recovered:  8.302, time: 0.003963395000027958
L: 0.50, u_super: 0.00091 — INFEASIBLE (li_recovered=0.000e+00), time: 0.0026120959992113058
L: 0.50, u_super: 0.00575, sec: 318.336, prod: 0.129982, t_ads: 33.8, t_des: 31.0, bed_util_ads: 0.498, bed_util_des: 0.497, des_th: 0.4974504991846225,frac_lost: 0.102, li_recovered:  8.417, time: 0.005275808000078541
L: 1.29, u_super: 0.00854, sec: 1283.659, prod: 0.190868, t_ads: 59.0, t_des: 52.7, bed_util_ads: 0.498, bed_util_des: 0.498, des_th: 0.4977166476433627,frac_lost: 0.108, li_recovered:  21.309, time: 0.005010959999708575
L: 21.30, u_super: 0.00692 — INFEASIBLE (li_recovered=0.000e+00), time: 0.0023043860001052963
L: 0.50, u_super: 0.00439, sec: 240.004, prod: 0.098696, t_ads: 44.4, t_des: 40.0, bed_util_ads: 0.498, bed_util_des: 0.498, des_th: 0.49794366349731745,frac_lost: 0.106, li_recovered:  8.329, time: 0.007712041000559111
L: 0.50, u_super: 0.00823, sec: 483.859, prod: 0.181131, t_ads: 23.8, t_des: 24.1, bed_util_ads: 0.485, bed_util_des: 0.485, des_th: 0.4846389210766455,frac_lost: 0.107, li_recovered:  8.681, time: 0.007731486999546178
L: 0.50, u_super: 0.00827, sec: 472.695, prod: 0.187029, t_ads: 23.7, t_des: 21.5, bed_util_ads: 0.499, bed_util_des: 0.499, des_th: 0.498914921207158,frac_lost: 0.107, li_recovered:  8.451, time: 0.006304054000793258
L: 77.51, u_super: 0.00278 — INFEASIBLE (li_recovered=0.000e+00), time: 0.0013040250014455523
   253 |    10120 |     40 |  0.0021603323 |             f
L: 29.97, u_super: 0.00161 — INFEASIBLE (li_recovered=0.000e+00), time: 0.0015806049996172078
L: 0.50, u_super: 0.00960, sec: 556.957, prod: 0.217865, t_ads: 20.3, t_des: 18.5, bed_util_ads: 0.499, bed_util_des: 0.499, des_th: 0.49936280915560843,frac_lost: 0.103, li_recovered:  8.447, time: 0.009464978000323754
L: 0.50, u_super: 0.00375, sec: 203.686, prod: 0.084024, t_ads: 51.9, t_des: 46.4, bed_util_ads: 0.498, bed_util_des: 0.498, des_th: 0.4982260205931188,frac_lost: 0.106, li_recovered:  8.259, time: 0.005292416999509442
L: 0.50, u_super: 0.00385, sec: 209.586, prod: 0.086567, t_ads: 50.4, t_des: 46.8, bed_util_ads: 0.494, bed_util_des: 0.493, des_th: 0.4935048055951011,frac_lost: 0.105, li_recovered:  8.413, time: 0.006084300999646075
L: 0.50, u_super: 0.00132, sec: 71.868, prod: 0.028521, t_ads: 143.7, t_des: 125.6, bed_util_ads: 0.493, bed_util_des: 0.493, des_th: 0.49278850480125885,frac_lost: 0.102, li_recovered:  7.681, time: 0.006391393000740209
L: 0.50, u_super: 0.00521, sec: 286.799, prod: 0.117578, t_ads: 37.3, t_des: 33.7, bed_util_ads: 0.498, bed_util_des: 0.498, des_th: 0.498249225694182,frac_lost: 0.103, li_recovered:  8.348, time: 0.006263958999625174
L: 0.50, u_super: 0.00793, sec: 453.117, prod: 0.178610, t_ads: 24.7, t_des: 23.2, bed_util_ads: 0.494, bed_util_des: 0.494, des_th: 0.4939528170234596,frac_lost: 0.108, li_recovered:  8.558, time: 0.006418589000531938
L: 0.50, u_super: 0.00715, sec: 402.723, prod: 0.162049, t_ads: 27.2, t_des: 24.5, bed_util_ads: 0.500, bed_util_des: 0.499, des_th: 0.4994865899832456,frac_lost: 0.102, li_recovered:  8.375, time: 0.005684632998963934
L: 0.50, u_super: 0.00867, sec: 497.995, prod: 0.196164, t_ads: 22.6, t_des: 20.4, bed_util_ads: 0.499, bed_util_des: 0.499, des_th: 0.49877365068468515,frac_lost: 0.107, li_recovered:  8.439, time: 0.005080793998786248
L: 0.50, u_super: 0.00469, sec: 257.092, prod: 0.105682, t_ads: 41.4, t_des: 37.4, bed_util_ads: 0.497, bed_util_des: 0.497, des_th: 0.49710124297414243,frac_lost: 0.104, li_recovered:  8.335, time: 0.00553215000036289
L: 0.50, u_super: 0.00521, sec: 286.970, prod: 0.117508, t_ads: 37.3, t_des: 33.8, bed_util_ads: 0.498, bed_util_des: 0.498, des_th: 0.4976288372354262,frac_lost: 0.104, li_recovered:  8.354, time: 0.005620398000246496
L: 9.64, u_super: 0.00717 — INFEASIBLE (li_recovered=0.000e+00), time: 0.0033343779996357625
L: 13.16, u_super: 0.00664 — INFEASIBLE (li_recovered=0.000e+00), time: 0.0021586720013146987
L: 76.96, u_super: 0.00933 — INFEASIBLE (li_recovered=0.000e+00), time: 0.0013097730006847996
L: 0.50, u_super: 0.00921, sec: 532.883, prod: 0.208354, t_ads: 21.2, t_des: 19.7, bed_util_ads: 0.496, bed_util_des: 0.496, des_th: 0.49558920938415996,frac_lost: 0.105, li_recovered:  8.531, time: 0.0048241070016956655
L: 1.95, u_super: 0.00061, sec: 242.362, prod: 0.007101, t_ads: 1201.9, t_des: 3145.5, bed_util_ads: 0.286, bed_util_des: 0.231, des_th: 0.23116528657624985,frac_lost: 0.102, li_recovered:  30.870, time: 0.009507431999736582
L: 0.50, u_super: 0.00213, sec: 115.580, prod: 0.046984, t_ads: 89.7, t_des: 77.7, bed_util_ads: 0.498, bed_util_des: 0.498, des_th: 0.49804689884696657,frac_lost: 0.100, li_recovered:  7.865, time: 0.004553081000267412
L: 0.50, u_super: 0.00619, sec: 345.113, prod: 0.140026, t_ads: 31.3, t_des: 28.0, bed_util_ads: 0.500, bed_util_des: 0.500, des_th: 0.4996443609202973,frac_lost: 0.101, li_recovered:  8.306, time: 0.0063034199993126094
L: 0.50, u_super: 0.00086, sec: 47.295, prod: 0.018245, t_ads: 219.0, t_des: 215.1, bed_util_ads: 0.471, bed_util_des: 0.469, des_th: 0.4690025796426143,frac_lost: 0.105, li_recovered:  7.920, time: 0.0058532370003376855
L: 0.50, u_super: 0.00692, sec: 388.361, prod: 0.156985, t_ads: 28.0, t_des: 25.7, bed_util_ads: 0.498, bed_util_des: 0.497, des_th: 0.4974169109118259,frac_lost: 0.100, li_recovered:  8.428, time: 0.006786281999666244
L: 0.50, u_super: 0.00290, sec: 160.481, prod: 0.063084, t_ads: 66.6, t_des: 68.7, bed_util_ads: 0.479, bed_util_des: 0.478, des_th: 0.4783369382975339,frac_lost: 0.102, li_recovered:  8.536, time: 0.005993277000015951
L: 0.50, u_super: 0.00989, sec: 576.063, prod: 0.224217, t_ads: 19.7, t_des: 17.7, bed_util_ads: 0.500, bed_util_des: 0.500, des_th: 0.4999989958829501,frac_lost: 0.104, li_recovered:  8.404, time: 0.006451747000028263
L: 15.28, u_super: 0.00008 — INFEASIBLE (li_recovered=0.000e+00), time: 0.0011747550015570596
L: 0.50, u_super: 0.00670, sec: 376.607, prod: 0.150960, t_ads: 29.2, t_des: 27.2, bed_util_ads: 0.496, bed_util_des: 0.496, des_th: 0.49558920938415996,frac_lost: 0.108, li_recovered:  8.513, time: 0.005842143000336364
L: 0.50, u_super: 0.00609, sec: 338.522, prod: 0.137714, t_ads: 31.9, t_des: 28.9, bed_util_ads: 0.499, bed_util_des: 0.499, des_th: 0.4988100637348178,frac_lost: 0.102, li_recovered:  8.373, time: 0.005511838999154861
L: 0.50, u_super: 0.00752, sec: 426.893, prod: 0.169971, t_ads: 26.0, t_des: 23.9, bed_util_ads: 0.498, bed_util_des: 0.498, des_th: 0.4975346060266123,frac_lost: 0.108, li_recovered:  8.483, time: 0.007465458000297076
L: 0.50, u_super: 0.00086, sec: 47.274, prod: 0.018253, t_ads: 218.9, t_des: 215.1, bed_util_ads: 0.472, bed_util_des: 0.470, des_th: 0.46991860226534365,frac_lost: 0.105, li_recovered:  7.922, time: 0.0063014520001161145
L: 0.50, u_super: 0.00692, sec: 390.272, prod: 0.156244, t_ads: 28.3, t_des: 25.9, bed_util_ads: 0.498, bed_util_des: 0.498, des_th: 0.49778774100236867,frac_lost: 0.109, li_recovered:  8.474, time: 0.006216095000127098
L: 0.50, u_super: 0.00599, sec: 332.568, prod: 0.135359, t_ads: 32.5, t_des: 29.4, bed_util_ads: 0.498, bed_util_des: 0.498, des_th: 0.49775306069334696,frac_lost: 0.103, li_recovered:  8.371, time: 0.004256095000528148
L: 0.50, u_super: 0.00413, sec: 255.240, prod: 0.081783, t_ads: 47.0, t_des: 58.6, bed_util_ads: 0.457, bed_util_des: 0.456, des_th: 0.45614046131871544,frac_lost: 0.102, li_recovered:  8.639, time: 0.005736753999372013
L: 0.50, u_super: 0.00990, sec: 577.303, prod: 0.224312, t_ads: 19.8, t_des: 17.9, bed_util_ads: 0.499, bed_util_des: 0.499, des_th: 0.49933555147535374,frac_lost: 0.107, li_recovered:  8.457, time: 0.00806893300068623
L: 0.50, u_super: 0.00018, sec: 27.805, prod: 0.001424, t_ads: 1077.6, t_des: 4994.5, bed_util_ads: 0.244, bed_util_des: 0.176, des_th: 0.17638576306970163,frac_lost: 0.103, li_recovered:  8.648, time: 0.019307984999613836
L: 0.50, u_super: 0.00468, sec: 256.267, prod: 0.105482, t_ads: 41.5, t_des: 38.0, bed_util_ads: 0.497, bed_util_des: 0.497, des_th: 0.4965900695978141,frac_lost: 0.104, li_recovered:  8.383, time: 0.008058280000113882
L: 0.50, u_super: 0.00801, sec: 459.438, prod: 0.180210, t_ads: 24.4, t_des: 23.2, bed_util_ads: 0.493, bed_util_des: 0.493, des_th: 0.49261853347335766,frac_lost: 0.107, li_recovered:  8.590, time: 0.008010071000171592
L: 0.50, u_super: 0.00376, sec: 205.244, prod: 0.084128, t_ads: 51.9, t_des: 45.7, bed_util_ads: 0.500, bed_util_des: 0.499, des_th: 0.4994627193950351,frac_lost: 0.109, li_recovered:  8.206, time: 0.007405774000289966
L: 0.50, u_super: 0.00788, sec: 447.545, prod: 0.178862, t_ads: 24.6, t_des: 22.2, bed_util_ads: 0.499, bed_util_des: 0.499, des_th: 0.498914921207158,frac_lost: 0.100, li_recovered:  8.375, time: 0.006992968999838922
L: 0.50, u_super: 0.00854, sec: 489.952, prod: 0.193260, t_ads: 22.9, t_des: 21.0, bed_util_ads: 0.498, bed_util_des: 0.498, des_th: 0.4977166476433627,frac_lost: 0.106, li_recovered:  8.492, time: 0.00662681399990106
L: 0.50, u_super: 0.00379, sec: 262.525, prod: 0.066870, t_ads: 51.6, t_des: 77.8, bed_util_ads: 0.433, bed_util_des: 0.431, des_th: 0.431135734124292,frac_lost: 0.109, li_recovered:  8.655, time: 0.006709999999657157
L: 0.50, u_super: 0.00268, sec: 144.566, prod: 0.059615, t_ads: 71.9, t_des: 63.5, bed_util_ads: 0.498, bed_util_des: 0.498, des_th: 0.49779377291296856,frac_lost: 0.102, li_recovered:  8.072, time: 0.006270181000218145
L: 0.50, u_super: 0.00902, sec: 522.967, prod: 0.203208, t_ads: 21.7, t_des: 20.6, bed_util_ads: 0.493, bed_util_des: 0.493, des_th: 0.49259846686599457,frac_lost: 0.106, li_recovered:  8.595, time: 0.005053798000517418
   254 |    10160 |     40 |  0.0034662342 |             f
L: 0.50, u_super: 0.00392, sec: 213.207, prod: 0.088234, t_ads: 49.4, t_des: 45.3, bed_util_ads: 0.496, bed_util_des: 0.496, des_th: 0.49558920938415996,frac_lost: 0.104, li_recovered:  8.361, time: 0.004342639998867526
L: 0.50, u_super: 0.00433, sec: 237.037, prod: 0.097417, t_ads: 44.9, t_des: 40.0, bed_util_ads: 0.500, bed_util_des: 0.499, des_th: 0.499317530046875,frac_lost: 0.105, li_recovered:  8.266, time: 0.004863115000262042
L: 40.45, u_super: 0.00366 — INFEASIBLE (li_recovered=0.000e+00), time: 0.00088939799934451
L: 9.66, u_super: 0.00670 — INFEASIBLE (li_recovered=0.000e+00), time: 0.001980389999516774
L: 0.50, u_super: 0.00325, sec: 176.526, prod: 0.072402, t_ads: 60.0, t_des: 56.7, bed_util_ads: 0.491, bed_util_des: 0.490, des_th: 0.4902323931805424,frac_lost: 0.109, li_recovered:  8.451, time: 0.0038774600016040495
L: 0.50, u_super: 0.00827, sec: 485.573, prod: 0.182069, t_ads: 23.7, t_des: 24.0, bed_util_ads: 0.485, bed_util_des: 0.485, des_th: 0.4845249167105218,frac_lost: 0.106, li_recovered:  8.679, time: 0.005538040999454097
L: 0.50, u_super: 0.00500, sec: 274.865, prod: 0.112851, t_ads: 38.8, t_des: 35.6, bed_util_ads: 0.496, bed_util_des: 0.496, des_th: 0.4959684420832018,frac_lost: 0.103, li_recovered:  8.399, time: 0.005370726001274306
L: 7.39, u_super: 0.00050 — INFEASIBLE (li_recovered=0.000e+00), time: 0.0012558119997265749
L: 0.50, u_super: 0.00752, sec: 425.261, prod: 0.170548, t_ads: 25.8, t_des: 23.6, bed_util_ads: 0.498, bed_util_des: 0.498, des_th: 0.4977421123030637,frac_lost: 0.102, li_recovered:  8.435, time: 0.006260853999265237
L: 0.50, u_super: 0.00959, sec: 556.927, prod: 0.217267, t_ads: 20.4, t_des: 18.7, bed_util_ads: 0.498, bed_util_des: 0.498, des_th: 0.49804712603777246,frac_lost: 0.106, li_recovered:  8.491, time: 0.004301914999814471
L: 0.50, u_super: 0.00990, sec: 576.880, prod: 0.224472, t_ads: 19.7, t_des: 17.9, bed_util_ads: 0.499, bed_util_des: 0.499, des_th: 0.4991891688353722,frac_lost: 0.105, li_recovered:  8.453, time: 0.0045088880015100585
L: 0.50, u_super: 0.00796, sec: 452.022, prod: 0.180536, t_ads: 24.4, t_des: 22.6, bed_util_ads: 0.496, bed_util_des: 0.496, des_th: 0.4956477285652619,frac_lost: 0.100, li_recovered:  8.479, time: 0.003519647001667181
L: 0.50, u_super: 0.00352, sec: 1714.181, prod: 0.008806, t_ads: 55.6, t_des: 942.2, bed_util_ads: 0.185, bed_util_des: 0.177, des_th: 0.17722050638142162,frac_lost: 0.102, li_recovered:  8.787, time: 0.0422904329989251
L: 0.50, u_super: 0.00520, sec: 286.769, prod: 0.117290, t_ads: 37.3, t_des: 33.3, bed_util_ads: 0.499, bed_util_des: 0.499, des_th: 0.49879150262814986,frac_lost: 0.103, li_recovered:  8.290, time: 0.007061346999762463
L: 0.50, u_super: 0.00960, sec: 571.271, prod: 0.212407, t_ads: 20.4, t_des: 20.5, bed_util_ads: 0.486, bed_util_des: 0.486, des_th: 0.485586250714286,frac_lost: 0.106, li_recovered:  8.684, time: 0.006576969000889221
L: 0.50, u_super: 0.00436, sec: 238.631, prod: 0.097932, t_ads: 44.7, t_des: 41.7, bed_util_ads: 0.494, bed_util_des: 0.493, des_th: 0.49351712101449663,frac_lost: 0.106, li_recovered:  8.458, time: 0.0070235570001386805
L: 0.50, u_super: 0.00361, sec: 196.186, prod: 0.081006, t_ads: 53.7, t_des: 48.1, bed_util_ads: 0.498, bed_util_des: 0.498, des_th: 0.4981243705906973,frac_lost: 0.106, li_recovered:  8.247, time: 0.007422785000017029
L: 0.50, u_super: 0.00840, sec: 481.104, prod: 0.189920, t_ads: 23.3, t_des: 21.4, bed_util_ads: 0.498, bed_util_des: 0.498, des_th: 0.49804689884696657,frac_lost: 0.107, li_recovered:  8.487, time: 0.006650335000813357
L: 0.50, u_super: 0.00789, sec: 449.187, prod: 0.178292, t_ads: 24.8, t_des: 22.5, bed_util_ads: 0.499, bed_util_des: 0.499, des_th: 0.498914921207158,frac_lost: 0.108, li_recovered:  8.444, time: 0.005103464000058011
L: 0.50, u_super: 0.00990, sec: 579.277, prod: 0.223544, t_ads: 19.7, t_des: 18.7, bed_util_ads: 0.494, bed_util_des: 0.494, des_th: 0.49361576262472273,frac_lost: 0.104, li_recovered:  8.593, time: 0.005968667001070571
L: 0.50, u_super: 0.00528, sec: 290.871, prod: 0.119074, t_ads: 36.8, t_des: 33.3, bed_util_ads: 0.498, bed_util_des: 0.498, des_th: 0.4975430737599577,frac_lost: 0.104, li_recovered:  8.357, time: 0.0039432560006389394
L: 0.50, u_super: 0.00939, sec: 543.365, prod: 0.213031, t_ads: 20.8, t_des: 18.9, bed_util_ads: 0.499, bed_util_des: 0.499, des_th: 0.49936280915560843,frac_lost: 0.103, li_recovered:  8.444, time: 0.003967632999774651
L: 0.50, u_super: 0.00086, sec: 47.284, prod: 0.018249, t_ads: 218.9, t_des: 215.4, bed_util_ads: 0.472, bed_util_des: 0.470, des_th: 0.46991860226534365,frac_lost: 0.105, li_recovered:  7.926, time: 0.00429578799958108
L: 0.50, u_super: 0.00011, sec: 11.928, prod: 0.001164, t_ads: 1773.7, t_des: 5250.1, bed_util_ads: 0.256, bed_util_des: 0.180, des_th: 0.18059926040490296,frac_lost: 0.102, li_recovered:  8.173, time: 0.006563264001670177
L: 0.50, u_super: 0.00149, sec: 80.902, prod: 0.032391, t_ads: 128.8, t_des: 126.5, bed_util_ads: 0.480, bed_util_des: 0.478, des_th: 0.4783369382975339,frac_lost: 0.107, li_recovered:  8.269, time: 0.004761068999869167
L: 14.00, u_super: 0.00923 — INFEASIBLE (li_recovered=0.000e+00), time: 0.0017875270004878985
L: 81.99, u_super: 0.00181 — INFEASIBLE (li_recovered=0.000e+00), time: 0.0005955249998805812
L: 0.50, u_super: 0.00575, sec: 318.336, prod: 0.129982, t_ads: 33.8, t_des: 31.0, bed_util_ads: 0.498, bed_util_des: 0.497, des_th: 0.4974504991846225,frac_lost: 0.102, li_recovered:  8.417, time: 0.0034317299996473594
L: 0.50, u_super: 0.00729, sec: 556.444, prod: 0.122186, t_ads: 26.8, t_des: 44.5, bed_util_ads: 0.423, bed_util_des: 0.422, des_th: 0.422074701682152,frac_lost: 0.105, li_recovered:  8.714, time: 0.005395476999183302
L: 0.50, u_super: 0.00366, sec: 199.212, prod: 0.082106, t_ads: 53.1, t_des: 47.5, bed_util_ads: 0.498, bed_util_des: 0.498, des_th: 0.49765812846192053,frac_lost: 0.107, li_recovered:  8.259, time: 0.0036908340007357765
L: 0.50, u_super: 0.00008 — INFEASIBLE (li_recovered=0.000e+00), time: 0.0008299849996546982
L: 7.33, u_super: 0.00789 — INFEASIBLE (li_recovered=0.000e+00), time: 0.0021194330001890194
L: 0.50, u_super: 0.00752, sec: 425.190, prod: 0.170652, t_ads: 25.8, t_des: 23.6, bed_util_ads: 0.498, bed_util_des: 0.498, des_th: 0.49824075796083656,frac_lost: 0.101, li_recovered:  8.433, time: 0.004677037000874407
L: 0.50, u_super: 0.00660, sec: 371.463, prod: 0.148524, t_ads: 29.6, t_des: 27.9, bed_util_ads: 0.494, bed_util_des: 0.493, des_th: 0.4935048055951011,frac_lost: 0.108, li_recovered:  8.547, time: 0.00425881999944977
L: 0.50, u_super: 0.00169, sec: 90.917, prod: 0.037198, t_ads: 113.0, t_des: 101.5, bed_util_ads: 0.493, bed_util_des: 0.492, des_th: 0.49261853347335766,frac_lost: 0.102, li_recovered:  7.980, time: 0.003950345000703237
L: 0.50, u_super: 0.00960, sec: 560.288, prod: 0.216570, t_ads: 20.4, t_des: 19.3, bed_util_ads: 0.494, bed_util_des: 0.494, des_th: 0.4935839750517034,frac_lost: 0.106, li_recovered:  8.593, time: 0.004868752001129906
L: 0.50, u_super: 0.00788, sec: 447.532, prod: 0.178612, t_ads: 24.7, t_des: 22.3, bed_util_ads: 0.499, bed_util_des: 0.499, des_th: 0.498914921207158,frac_lost: 0.102, li_recovered:  8.382, time: 0.004367511999589624
L: 0.50, u_super: 0.00983, sec: 571.951, prod: 0.222979, t_ads: 19.9, t_des: 18.0, bed_util_ads: 0.500, bed_util_des: 0.499, des_th: 0.49942132725883337,frac_lost: 0.104, li_recovered:  8.441, time: 0.006186749998960295
L: 0.50, u_super: 0.00301, sec: 163.112, prod: 0.067220, t_ads: 64.0, t_des: 56.3, bed_util_ads: 0.499, bed_util_des: 0.499, des_th: 0.49916476247516334,frac_lost: 0.102, li_recovered:  8.089, time: 0.00417532699975709
L: 0.50, u_super: 0.00827, sec: 473.112, prod: 0.186865, t_ads: 23.7, t_des: 21.5, bed_util_ads: 0.499, bed_util_des: 0.499, des_th: 0.49906277025647633,frac_lost: 0.108, li_recovered:  8.446, time: 0.005046723999839742
   255 |    10200 |     40 |  0.0017175238 |             f
L: 0.50, u_super: 0.00418, sec: 228.280, prod: 0.093665, t_ads: 46.5, t_des: 41.0, bed_util_ads: 0.500, bed_util_des: 0.500, des_th: 0.49971482685424223,frac_lost: 0.105, li_recovered:  8.200, time: 0.005460442998810322
L: 2.25, u_super: 0.00737, sec: 1952.752, prod: 0.159874, t_ads: 116.7, t_des: 99.7, bed_util_ads: 0.498, bed_util_des: 0.498, des_th: 0.49824075796083656,frac_lost: 0.105, li_recovered:  34.605, time: 0.006631550000747666
L: 0.50, u_super: 0.00216, sec: 116.191, prod: 0.047885, t_ads: 89.4, t_des: 80.7, bed_util_ads: 0.494, bed_util_des: 0.494, des_th: 0.49362983920558096,frac_lost: 0.107, li_recovered:  8.148, time: 0.004165784001088468
L: 0.50, u_super: 0.00024 — INFEASIBLE (li_recovered=0.000e+00), time: 0.004240676000335952
L: 0.50, u_super: 0.00086 — INFEASIBLE (li_recovered=0.000e+00), time: 0.004520843000136665
L: 0.50, u_super: 0.00776, sec: 442.198, prod: 0.175075, t_ads: 25.3, t_des: 23.4, bed_util_ads: 0.496, bed_util_des: 0.496, des_th: 0.4956285249763932,frac_lost: 0.109, li_recovered:  8.521, time: 0.008130936001180089
L: 0.50, u_super: 0.00902, sec: 524.209, prod: 0.202726, t_ads: 21.7, t_des: 20.8, bed_util_ads: 0.493, bed_util_des: 0.493, des_th: 0.49259846686599457,frac_lost: 0.106, li_recovered:  8.615, time: 0.00514638599997852
L: 0.50, u_super: 0.00820, sec: 531.907, prod: 0.163545, t_ads: 23.8, t_des: 29.5, bed_util_ads: 0.460, bed_util_des: 0.460, des_th: 0.4596874927053066,frac_lost: 0.103, li_recovered:  8.707, time: 0.006412557999283308
L: 0.50, u_super: 0.00878, sec: 505.427, prod: 0.198479, t_ads: 22.3, t_des: 20.7, bed_util_ads: 0.497, bed_util_des: 0.497, des_th: 0.49671738619564326,frac_lost: 0.106, li_recovered:  8.528, time: 0.005247738999969442
L: 27.45, u_super: 0.00111 — INFEASIBLE (li_recovered=0.000e+00), time: 0.0019731390002561966
L: 0.50, u_super: 0.00243, sec: 130.390, prod: 0.054111, t_ads: 79.3, t_des: 72.4, bed_util_ads: 0.494, bed_util_des: 0.493, des_th: 0.4933899245054209,frac_lost: 0.103, li_recovered:  8.213, time: 0.006444489001296461
L: 6.78, u_super: 0.00616 — INFEASIBLE (li_recovered=0.000e+00), time: 0.0027602190002653515
L: 0.50, u_super: 0.00324, sec: 175.571, prod: 0.072505, t_ads: 60.0, t_des: 54.2, bed_util_ads: 0.496, bed_util_des: 0.496, des_th: 0.49556395053148233,frac_lost: 0.108, li_recovered:  8.283, time: 0.003794338001171127
L: 0.50, u_super: 0.00698, sec: 392.044, prod: 0.158108, t_ads: 27.8, t_des: 25.1, bed_util_ads: 0.499, bed_util_des: 0.499, des_th: 0.49860800179441883,frac_lost: 0.101, li_recovered:  8.371, time: 0.008419862999289762
L: 2.01, u_super: 0.00910, sec: 2172.835, prod: 0.200935, t_ads: 85.4, t_des: 74.3, bed_util_ads: 0.499, bed_util_des: 0.499, des_th: 0.49860683023100977,frac_lost: 0.106, li_recovered:  32.097, time: 0.005533895000553457
L: 0.50, u_super: 0.00113, sec: 74.006, prod: 0.020262, t_ads: 169.1, t_des: 242.6, bed_util_ads: 0.428, bed_util_des: 0.423, des_th: 0.42297657822129575,frac_lost: 0.103, li_recovered:  8.342, time: 0.005891794000490336
L: 0.50, u_super: 0.00603, sec: 353.098, prod: 0.129648, t_ads: 32.1, t_des: 34.7, bed_util_ads: 0.476, bed_util_des: 0.475, des_th: 0.4751238962002532,frac_lost: 0.101, li_recovered:  8.665, time: 0.006196942000315175
L: 0.50, u_super: 0.00005, sec: 4.371, prod: 0.000664, t_ads: 3262.4, t_des: 5215.3, bed_util_ads: 0.255, bed_util_des: 0.197, des_th: 0.19690303748575633,frac_lost: 0.102, li_recovered:  5.625, time: 0.005551517999265343
L: 0.50, u_super: 0.00873, sec: 503.129, prod: 0.197071, t_ads: 22.5, t_des: 20.8, bed_util_ads: 0.497, bed_util_des: 0.497, des_th: 0.49671738619564326,frac_lost: 0.109, li_recovered:  8.537, time: 0.004384978999951272
L: 0.50, u_super: 0.00005, sec: 4.333, prod: 0.000669, t_ads: 3435.9, t_des: 5824.3, bed_util_ads: 0.253, bed_util_des: 0.185, des_th: 0.18521311610890412,frac_lost: 0.103, li_recovered:  6.199, time: 0.00949974000104703
L: 0.50, u_super: 0.00990, sec: 576.793, prod: 0.224506, t_ads: 19.7, t_des: 17.9, bed_util_ads: 0.499, bed_util_des: 0.499, des_th: 0.4991761074872499,frac_lost: 0.105, li_recovered:  8.447, time: 0.00567876700006309
L: 0.50, u_super: 0.00389, sec: 228.290, prod: 0.081138, t_ads: 49.8, t_des: 56.4, bed_util_ads: 0.469, bed_util_des: 0.468, des_th: 0.4683725238408457,frac_lost: 0.103, li_recovered:  8.623, time: 0.006280163999690558
L: 0.50, u_super: 0.00634, sec: 372.038, prod: 0.136595, t_ads: 30.9, t_des: 32.6, bed_util_ads: 0.480, bed_util_des: 0.479, des_th: 0.47913582546987377,frac_lost: 0.109, li_recovered:  8.678, time: 0.008864576999258134
L: 0.50, u_super: 0.00620, sec: 345.003, prod: 0.140227, t_ads: 31.4, t_des: 28.7, bed_util_ads: 0.498, bed_util_des: 0.498, des_th: 0.49767733205078274,frac_lost: 0.102, li_recovered:  8.415, time: 0.0056587930012028664
L: 2.14, u_super: 0.00563 — INFEASIBLE (li_recovered=0.000e+00), time: 0.002316527001312352
L: 2.37, u_super: 0.00626, sec: 1778.438, prod: 0.131809, t_ads: 144.1, t_des: 117.9, bed_util_ads: 0.500, bed_util_des: 0.500, des_th: 0.4996250626186753,frac_lost: 0.104, li_recovered:  34.542, time: 0.006024309999702382
L: 0.50, u_super: 0.00729, sec: 411.631, prod: 0.165172, t_ads: 26.6, t_des: 24.9, bed_util_ads: 0.495, bed_util_des: 0.494, des_th: 0.4943733390370278,frac_lost: 0.100, li_recovered:  8.514, time: 0.0057544030005374225
L: 0.50, u_super: 0.00039 — INFEASIBLE (li_recovered=0.000e+00), time: 0.003796479999436997
L: 0.50, u_super: 0.00334, sec: 181.077, prod: 0.074601, t_ads: 58.4, t_des: 52.0, bed_util_ads: 0.498, bed_util_des: 0.498, des_th: 0.4981085752059072,frac_lost: 0.109, li_recovered:  8.235, time: 0.0062272880004456965
L: 0.50, u_super: 0.00746, sec: 465.957, prod: 0.152847, t_ads: 26.2, t_des: 30.7, bed_util_ads: 0.466, bed_util_des: 0.466, des_th: 0.4656533207543825,frac_lost: 0.106, li_recovered:  8.701, time: 0.0062136809992807684
L: 0.50, u_super: 0.00726, sec: 410.197, prod: 0.163934, t_ads: 27.0, t_des: 24.5, bed_util_ads: 0.498, bed_util_des: 0.498, des_th: 0.4981243705906973,frac_lost: 0.108, li_recovered:  8.441, time: 0.005577707001066301
L: 0.50, u_super: 0.00469, sec: 256.840, prod: 0.105722, t_ads: 41.4, t_des: 37.8, bed_util_ads: 0.497, bed_util_des: 0.497, des_th: 0.4965900695978141,frac_lost: 0.104, li_recovered:  8.377, time: 0.006705061001412105
L: 0.50, u_super: 0.00990, sec: 576.758, prod: 0.224520, t_ads: 19.7, t_des: 17.9, bed_util_ads: 0.500, bed_util_des: 0.499, des_th: 0.4994037634347042,frac_lost: 0.105, li_recovered:  8.459, time: 0.0056642639992787736
L: 0.50, u_super: 0.00751, sec: 426.326, prod: 0.169491, t_ads: 26.1, t_des: 24.2, bed_util_ads: 0.496, bed_util_des: 0.496, des_th: 0.4960797906876897,frac_lost: 0.108, li_recovered:  8.515, time: 0.005406741998740472
L: 0.50, u_super: 0.00897, sec: 519.669, prod: 0.202176, t_ads: 21.8, t_des: 20.7, bed_util_ads: 0.493, bed_util_des: 0.493, des_th: 0.49259846686599457,frac_lost: 0.105, li_recovered:  8.594, time: 0.00579609299893491
L: 0.50, u_super: 0.00670, sec: 376.607, prod: 0.150960, t_ads: 29.2, t_des: 27.2, bed_util_ads: 0.496, bed_util_des: 0.496, des_th: 0.49558920938415996,frac_lost: 0.108, li_recovered:  8.513, time: 0.00595402299950365
L: 0.50, u_super: 0.00108, sec: 62.016, prod: 0.021908, t_ads: 176.6, t_des: 199.2, bed_util_ads: 0.457, bed_util_des: 0.454, des_th: 0.45456290615138917,frac_lost: 0.104, li_recovered:  8.233, time: 0.0060492849988804664
L: 11.81, u_super: 0.00422 — INFEASIBLE (li_recovered=0.000e+00), time: 0.002728139001192176
L: 29.26, u_super: 0.00980 — INFEASIBLE (li_recovered=0.000e+00), time: 0.0029112410011293832
L: 0.50, u_super: 0.00181, sec: 98.155, prod: 0.039520, t_ads: 105.9, t_des: 91.5, bed_util_ads: 0.498, bed_util_des: 0.498, des_th: 0.49804689884696657,frac_lost: 0.104, li_recovered:  7.803, time: 0.0040082850009639515
   256 |    10240 |     40 |  0.0044815969 |             f
L: 0.50, u_super: 0.00935, sec: 541.952, prod: 0.211660, t_ads: 20.9, t_des: 19.4, bed_util_ads: 0.497, bed_util_des: 0.496, des_th: 0.4964785091995662,frac_lost: 0.105, li_recovered:  8.530, time: 0.004885938998995698
L: 0.50, u_super: 0.00278, sec: 150.816, prod: 0.061797, t_ads: 69.3, t_des: 60.3, bed_util_ads: 0.499, bed_util_des: 0.499, des_th: 0.4992071938107481,frac_lost: 0.103, li_recovered:  8.009, time: 0.0058944569991581375
L: 0.50, u_super: 0.00736, sec: 415.319, prod: 0.166837, t_ads: 26.4, t_des: 23.9, bed_util_ads: 0.499, bed_util_des: 0.499, des_th: 0.499097197287377,frac_lost: 0.101, li_recovered:  8.385, time: 0.005959283000265714
L: 0.50, u_super: 0.00044 — INFEASIBLE (li_recovered=0.000e+00), time: 0.003970497999034706
L: 0.50, u_super: 0.00826, sec: 472.280, prod: 0.186724, t_ads: 23.7, t_des: 21.8, bed_util_ads: 0.498, bed_util_des: 0.498, des_th: 0.4977166476433627,frac_lost: 0.107, li_recovered:  8.490, time: 0.006459926999013987
L: 21.06, u_super: 0.00733 — INFEASIBLE (li_recovered=0.000e+00), time: 0.0013926069987064693
L: 1.60, u_super: 0.00935, sec: 12899.210, prod: 0.028509, t_ads: 67.5, t_des: 920.2, bed_util_ads: 0.201, bed_util_des: 0.192, des_th: 0.19225196665626865,frac_lost: 0.106, li_recovered:  28.160, time: 0.03170355099973676
L: 0.50, u_super: 0.00149, sec: 80.821, prod: 0.032424, t_ads: 128.4, t_des: 126.5, bed_util_ads: 0.480, bed_util_des: 0.478, des_th: 0.4784995108955744,frac_lost: 0.104, li_recovered:  8.266, time: 0.005974271000013687
L: 0.50, u_super: 0.00020 — INFEASIBLE (li_recovered=0.000e+00), time: 0.0022659930000372697
L: 0.50, u_super: 0.00980, sec: 570.870, prod: 0.221766, t_ads: 19.9, t_des: 18.6, bed_util_ads: 0.496, bed_util_des: 0.496, des_th: 0.49558920938415996,frac_lost: 0.105, li_recovered:  8.540, time: 0.005441533001430798
L: 0.50, u_super: 0.00283, sec: 152.508, prod: 0.063421, t_ads: 68.0, t_des: 62.0, bed_util_ads: 0.495, bed_util_des: 0.495, des_th: 0.49473860536631364,frac_lost: 0.102, li_recovered:  8.250, time: 0.005359497999961604
L: 0.50, u_super: 0.00575, sec: 318.403, prod: 0.129955, t_ads: 33.7, t_des: 30.3, bed_util_ads: 0.499, bed_util_des: 0.499, des_th: 0.49887178998039805,frac_lost: 0.101, li_recovered:  8.320, time: 0.006031184999301331
L: 0.50, u_super: 0.00745, sec: 467.521, prod: 0.152148, t_ads: 26.2, t_des: 30.9, bed_util_ads: 0.465, bed_util_des: 0.465, des_th: 0.46478949650891194,frac_lost: 0.106, li_recovered:  8.701, time: 0.008317978999912157
L: 0.50, u_super: 0.00551, sec: 2631.120, prod: 0.014424, t_ads: 35.6, t_des: 573.3, bed_util_ads: 0.190, bed_util_des: 0.185, des_th: 0.1851696623157332,frac_lost: 0.103, li_recovered:  8.782, time: 0.04291709000062838
L: 33.97, u_super: 0.00392 — INFEASIBLE (li_recovered=0.000e+00), time: 0.0009193730002152734
L: 22.48, u_super: 0.00361 — INFEASIBLE (li_recovered=0.000e+00), time: 0.0010000570000556763
L: 0.50, u_super: 0.00057 — INFEASIBLE (li_recovered=0.000e+00), time: 0.0029521630003728205
L: 0.50, u_super: 0.00673, sec: 377.038, prod: 0.152518, t_ads: 28.8, t_des: 26.0, bed_util_ads: 0.499, bed_util_des: 0.499, des_th: 0.4988449279862595,frac_lost: 0.101, li_recovered:  8.363, time: 0.0061409289992298
L: 0.50, u_super: 0.00972, sec: 565.739, prod: 0.220365, t_ads: 20.1, t_des: 18.4, bed_util_ads: 0.498, bed_util_des: 0.498, des_th: 0.49752748262784313,frac_lost: 0.105, li_recovered:  8.494, time: 0.005610225000054925
L: 0.50, u_super: 0.00023 — INFEASIBLE (li_recovered=0.000e+00), time: 0.0028040010001859628
L: 0.50, u_super: 0.00345, sec: 187.054, prod: 0.077382, t_ads: 55.9, t_des: 53.2, bed_util_ads: 0.490, bed_util_des: 0.490, des_th: 0.4899380111135228,frac_lost: 0.100, li_recovered:  8.443, time: 0.00547878799989121
L: 0.50, u_super: 0.00503, sec: 276.606, prod: 0.113342, t_ads: 38.7, t_des: 35.8, bed_util_ads: 0.495, bed_util_des: 0.495, des_th: 0.49473860536631364,frac_lost: 0.104, li_recovered:  8.440, time: 0.005880808999791043
L: 0.50, u_super: 0.00826, sec: 472.602, prod: 0.186623, t_ads: 23.7, t_des: 22.0, bed_util_ads: 0.496, bed_util_des: 0.496, des_th: 0.49558920938415996,frac_lost: 0.106, li_recovered:  8.522, time: 0.004702603999248822
L: 0.50, u_super: 0.00629, sec: 351.240, prod: 0.141952, t_ads: 30.9, t_des: 29.0, bed_util_ads: 0.494, bed_util_des: 0.494, des_th: 0.4935048055951011,frac_lost: 0.103, li_recovered:  8.506, time: 0.005430757999420166
L: 0.50, u_super: 0.00082, sec: 45.054, prod: 0.017457, t_ads: 226.8, t_des: 220.3, bed_util_ads: 0.472, bed_util_des: 0.470, des_th: 0.4704175948907514,frac_lost: 0.100, li_recovered:  7.805, time: 0.004654225000194856
L: 0.50, u_super: 0.00921, sec: 537.916, prod: 0.206404, t_ads: 21.2, t_des: 20.6, bed_util_ads: 0.491, bed_util_des: 0.491, des_th: 0.490531609524037,frac_lost: 0.105, li_recovered:  8.637, time: 0.006341252999845892
L: 0.50, u_super: 0.00057 — INFEASIBLE (li_recovered=0.000e+00), time: 0.005277506999846082
L: 0.50, u_super: 0.00520, sec: 285.939, prod: 0.117375, t_ads: 37.3, t_des: 34.2, bed_util_ads: 0.497, bed_util_des: 0.497, des_th: 0.49724796884440675,frac_lost: 0.102, li_recovered:  8.394, time: 0.005996212999889394
L: 0.50, u_super: 0.00776, sec: 3192.061, prod: 0.024253, t_ads: 25.3, t_des: 336.7, bed_util_ads: 0.206, bed_util_des: 0.203, des_th: 0.20254711767900221,frac_lost: 0.104, li_recovered:  8.778, time: 0.034343867999268696
L: 0.50, u_super: 0.00391, sec: 213.184, prod: 0.087494, t_ads: 49.8, t_des: 43.9, bed_util_ads: 0.500, bed_util_des: 0.499, des_th: 0.49942132725883337,frac_lost: 0.106, li_recovered:  8.192, time: 0.004173929999524262
L: 0.50, u_super: 0.00136, sec: 73.464, prod: 0.029753, t_ads: 140.3, t_des: 130.8, bed_util_ads: 0.486, bed_util_des: 0.485, des_th: 0.4846406585958755,frac_lost: 0.106, li_recovered:  8.065, time: 0.005273638000289793
L: 0.50, u_super: 0.00086, sec: 47.293, prod: 0.018246, t_ads: 218.9, t_des: 215.3, bed_util_ads: 0.471, bed_util_des: 0.469, des_th: 0.46898325758288323,frac_lost: 0.105, li_recovered:  7.922, time: 0.006663713000307325
L: 0.50, u_super: 0.00990, sec: 577.578, prod: 0.224201, t_ads: 19.8, t_des: 17.9, bed_util_ads: 0.500, bed_util_des: 0.499, des_th: 0.49943237564607723,frac_lost: 0.107, li_recovered:  8.450, time: 0.005982302000120399
L: 0.50, u_super: 0.00028 — INFEASIBLE (li_recovered=0.000e+00), time: 0.0025785289999475935
L: 0.50, u_super: 0.00716, sec: 405.152, prod: 0.161499, t_ads: 27.4, t_des: 25.4, bed_util_ads: 0.496, bed_util_des: 0.496, des_th: 0.49596218495140154,frac_lost: 0.108, li_recovered:  8.520, time: 0.005129233999468852
L: 0.50, u_super: 0.00592, sec: 355.269, prod: 0.124044, t_ads: 32.8, t_des: 37.1, bed_util_ads: 0.470, bed_util_des: 0.469, des_th: 0.46908753684889104,frac_lost: 0.102, li_recovered:  8.671, time: 0.00662758199905511
L: 18.09, u_super: 0.00827 — INFEASIBLE (li_recovered=0.000e+00), time: 0.0028005780004605185
L: 0.50, u_super: 0.00528, sec: 291.105, prod: 0.118978, t_ads: 36.9, t_des: 33.0, bed_util_ads: 0.500, bed_util_des: 0.499, des_th: 0.4994368963271401,frac_lost: 0.104, li_recovered:  8.311, time: 0.00739607099967543
L: 0.50, u_super: 0.00504, sec: 277.096, prod: 0.113830, t_ads: 38.5, t_des: 34.8, bed_util_ads: 0.498, bed_util_des: 0.498, des_th: 0.49769607780483804,frac_lost: 0.102, li_recovered:  8.343, time: 0.00644736100002774
L: 0.50, u_super: 0.00467, sec: 257.070, prod: 0.104718, t_ads: 41.8, t_des: 39.5, bed_util_ads: 0.492, bed_util_des: 0.492, des_th: 0.49163763156488005,frac_lost: 0.107, li_recovered:  8.510, time: 0.0068170619997545145
   257 |    10280 |     40 |  0.0021567067 |             f
L: 4.42, u_super: 0.00567, sec: 14600.081, prod: 0.024361, t_ads: 308.0, t_des: 2882.8, bed_util_ads: 0.217, bed_util_des: 0.185, des_th: 0.1851696623157332,frac_lost: 0.102, li_recovered:  77.732, time: 0.027470987999549834
L: 0.50, u_super: 0.00912, sec: 528.060, prod: 0.206080, t_ads: 21.4, t_des: 20.2, bed_util_ads: 0.494, bed_util_des: 0.493, des_th: 0.4933953527392848,frac_lost: 0.104, li_recovered:  8.569, time: 0.0052602530013246
L: 0.50, u_super: 0.00136, sec: 73.569, prod: 0.029711, t_ads: 140.5, t_des: 127.9, bed_util_ads: 0.489, bed_util_des: 0.488, des_th: 0.48782465996116287,frac_lost: 0.107, li_recovered:  7.974, time: 0.005595248998361058
L: 10.58, u_super: 0.00213 — INFEASIBLE (li_recovered=0.000e+00), time: 0.0023022120003588498
L: 0.50, u_super: 0.00796, sec: 460.631, prod: 0.177162, t_ads: 24.7, t_des: 24.1, bed_util_ads: 0.489, bed_util_des: 0.489, des_th: 0.48896160984156184,frac_lost: 0.109, li_recovered:  8.647, time: 0.008132676000968786
L: 0.50, u_super: 0.00525, sec: 343.702, prod: 0.099794, t_ads: 37.3, t_des: 49.7, bed_util_ads: 0.449, bed_util_des: 0.448, des_th: 0.44828018134296344,frac_lost: 0.109, li_recovered:  8.680, time: 0.005198185001063393
L: 0.50, u_super: 0.00434, sec: 237.347, prod: 0.097601, t_ads: 44.8, t_des: 40.0, bed_util_ads: 0.499, bed_util_des: 0.499, des_th: 0.49901373157777,frac_lost: 0.105, li_recovered:  8.278, time: 0.006689637000818038
L: 0.50, u_super: 0.00191, sec: 103.322, prod: 0.041753, t_ads: 100.3, t_des: 86.8, bed_util_ads: 0.498, bed_util_des: 0.498, des_th: 0.49804689884696657,frac_lost: 0.102, li_recovered:  7.814, time: 0.005448433999845292
L: 0.50, u_super: 0.00776, sec: 441.979, prod: 0.175162, t_ads: 25.2, t_des: 23.5, bed_util_ads: 0.496, bed_util_des: 0.496, des_th: 0.4956285249763932,frac_lost: 0.107, li_recovered:  8.529, time: 0.005762406000940246
L: 9.24, u_super: 0.00523 — INFEASIBLE (li_recovered=0.000e+00), time: 0.0029726699995080708
L: 0.50, u_super: 0.00283, sec: 152.189, prod: 0.063336, t_ads: 68.1, t_des: 62.8, bed_util_ads: 0.494, bed_util_des: 0.493, des_th: 0.49320100764509744,frac_lost: 0.102, li_recovered:  8.290, time: 0.007064765999530209
L: 0.50, u_super: 0.00108, sec: 59.825, prod: 0.022711, t_ads: 174.5, t_des: 147.9, bed_util_ads: 0.493, bed_util_des: 0.493, des_th: 0.4926317126735232,frac_lost: 0.101, li_recovered:  7.323, time: 0.005511272000148892
L: 0.50, u_super: 0.00990, sec: 576.148, prod: 0.224758, t_ads: 19.7, t_des: 17.9, bed_util_ads: 0.500, bed_util_des: 0.499, des_th: 0.49942132725883337,frac_lost: 0.103, li_recovered:  8.447, time: 0.005110365000291495
L: 0.50, u_super: 0.00447, sec: 244.332, prod: 0.100649, t_ads: 43.5, t_des: 39.3, bed_util_ads: 0.498, bed_util_des: 0.498, des_th: 0.49794366349731745,frac_lost: 0.104, li_recovered:  8.336, time: 0.006344433999402099
L: 0.50, u_super: 0.00418, sec: 228.314, prod: 0.093652, t_ads: 46.6, t_des: 41.1, bed_util_ads: 0.500, bed_util_des: 0.500, des_th: 0.49976258123942513,frac_lost: 0.105, li_recovered:  8.208, time: 0.007464054999218206
L: 0.50, u_super: 0.00013 — INFEASIBLE (li_recovered=0.000e+00), time: 0.0027410120001150062
L: 0.50, u_super: 0.00573, sec: 317.793, prod: 0.129507, t_ads: 33.9, t_des: 31.5, bed_util_ads: 0.495, bed_util_des: 0.495, des_th: 0.49473860536631364,frac_lost: 0.103, li_recovered:  8.463, time: 0.0039365099983115215
L: 0.50, u_super: 0.00926, sec: 535.832, prod: 0.209950, t_ads: 21.1, t_des: 19.4, bed_util_ads: 0.498, bed_util_des: 0.498, des_th: 0.49775306069334696,frac_lost: 0.105, li_recovered:  8.491, time: 0.005031107999457163
L: 0.50, u_super: 0.00045, sec: 29.346, prod: 0.008107, t_ads: 405.6, t_des: 544.0, bed_util_ads: 0.414, bed_util_des: 0.404, des_th: 0.40402970697084356,frac_lost: 0.102, li_recovered:  7.698, time: 0.005023020999942673
L: 0.50, u_super: 0.00112, sec: 62.988, prod: 0.023398, t_ads: 169.2, t_des: 138.9, bed_util_ads: 0.498, bed_util_des: 0.498, des_th: 0.4977112187452546,frac_lost: 0.107, li_recovered:  7.208, time: 0.004844212999159936
L: 2.27, u_super: 0.00990, sec: 2728.445, prod: 0.215687, t_ads: 88.6, t_des: 89.4, bed_util_ads: 0.480, bed_util_des: 0.479, des_th: 0.478948124566152,frac_lost: 0.106, li_recovered:  38.404, time: 0.005722670000977814
L: 0.50, u_super: 0.00496, sec: 272.645, prod: 0.111851, t_ads: 39.2, t_des: 35.5, bed_util_ads: 0.498, bed_util_des: 0.498, des_th: 0.49775306069334696,frac_lost: 0.104, li_recovered:  8.355, time: 0.004942535999362008
L: 6.18, u_super: 0.00921, sec: 7515.673, prod: 0.182730, t_ads: 251.7, t_des: 290.9, bed_util_ads: 0.448, bed_util_des: 0.443, des_th: 0.4431597381355615,frac_lost: 0.104, li_recovered:  99.159, time: 0.008098258998870733
L: 0.50, u_super: 0.00418, sec: 227.722, prod: 0.093895, t_ads: 46.6, t_des: 42.6, bed_util_ads: 0.496, bed_util_des: 0.496, des_th: 0.49575986987449494,frac_lost: 0.106, li_recovered:  8.372, time: 0.006854251001641387
L: 0.50, u_super: 0.00106, sec: 57.468, prod: 0.022817, t_ads: 178.1, t_des: 163.2, bed_util_ads: 0.484, bed_util_des: 0.484, des_th: 0.48367050592490307,frac_lost: 0.102, li_recovered:  7.786, time: 0.0076539550009329105
L: 0.50, u_super: 0.00763, sec: 431.869, prod: 0.173133, t_ads: 25.4, t_des: 23.0, bed_util_ads: 0.499, bed_util_des: 0.499, des_th: 0.4993507978014002,frac_lost: 0.100, li_recovered:  8.375, time: 0.007740757000647136
L: 0.50, u_super: 0.00472, sec: 258.793, prod: 0.106353, t_ads: 41.2, t_des: 37.6, bed_util_ads: 0.497, bed_util_des: 0.497, des_th: 0.4965900695978141,frac_lost: 0.105, li_recovered:  8.384, time: 0.006113782001193613
L: 0.50, u_super: 0.00278, sec: 150.440, prod: 0.061951, t_ads: 69.2, t_des: 60.8, bed_util_ads: 0.499, bed_util_des: 0.499, des_th: 0.4992071938107481,frac_lost: 0.102, li_recovered:  8.058, time: 0.006091379000281449
L: 0.50, u_super: 0.00366, sec: 198.729, prod: 0.081961, t_ads: 53.2, t_des: 47.6, bed_util_ads: 0.498, bed_util_des: 0.498, des_th: 0.4975632840297866,frac_lost: 0.107, li_recovered:  8.265, time: 0.006275735000599525
L: 0.50, u_super: 0.00916, sec: 529.512, prod: 0.207389, t_ads: 21.4, t_des: 19.4, bed_util_ads: 0.500, bed_util_des: 0.500, des_th: 0.49953318408578734,frac_lost: 0.107, li_recovered:  8.451, time: 0.006099926000388223
L: 0.50, u_super: 0.00213, sec: 121.270, prod: 0.044780, t_ads: 90.4, t_des: 99.3, bed_util_ads: 0.469, bed_util_des: 0.468, des_th: 0.46785272922148796,frac_lost: 0.104, li_recovered:  8.492, time: 0.010779889000332332
L: 0.50, u_super: 0.00790, sec: 448.615, prod: 0.179020, t_ads: 24.6, t_des: 22.8, bed_util_ads: 0.497, bed_util_des: 0.497, des_th: 0.496643897274298,frac_lost: 0.102, li_recovered:  8.482, time: 0.008858981000230415
L: 0.50, u_super: 0.00708, sec: 399.572, prod: 0.160079, t_ads: 27.6, t_des: 25.1, bed_util_ads: 0.499, bed_util_des: 0.499, des_th: 0.49860800179441883,frac_lost: 0.107, li_recovered:  8.431, time: 0.00699647500005085
L: 0.50, u_super: 0.00854, sec: 489.755, prod: 0.193338, t_ads: 22.9, t_des: 21.0, bed_util_ads: 0.498, bed_util_des: 0.498, des_th: 0.4977166476433627,frac_lost: 0.105, li_recovered:  8.488, time: 0.006652805001067463
L: 0.50, u_super: 0.00323, sec: 1319.155, prod: 0.009589, t_ads: 61.0, t_des: 855.7, bed_util_ads: 0.199, bed_util_des: 0.191, des_th: 0.1912091183994271,frac_lost: 0.107, li_recovered:  8.790, time: 0.04788850099976116
L: 9.61, u_super: 0.00243 — INFEASIBLE (li_recovered=0.000e+00), time: 0.0019132360012008576
L: 0.50, u_super: 0.00606, sec: 339.735, prod: 0.136057, t_ads: 32.0, t_des: 31.1, bed_util_ads: 0.490, bed_util_des: 0.490, des_th: 0.4902337777684219,frac_lost: 0.101, li_recovered:  8.581, time: 0.006484460000137915
L: 0.50, u_super: 0.00921, sec: 532.283, prod: 0.208589, t_ads: 21.2, t_des: 19.7, bed_util_ads: 0.496, bed_util_des: 0.496, des_th: 0.4955303826325406,frac_lost: 0.103, li_recovered:  8.529, time: 0.006555261001267354
L: 3.28, u_super: 0.00277 — INFEASIBLE (li_recovered=0.000e+00), time: 0.002852563000487862
L: 0.50, u_super: 0.00439, sec: 239.938, prod: 0.098723, t_ads: 44.4, t_des: 40.1, bed_util_ads: 0.498, bed_util_des: 0.498, des_th: 0.49800249023656085,frac_lost: 0.106, li_recovered:  8.335, time: 0.0050840050007536775
   258 |    10320 |     40 |  0.0036495739 |             f
L: 0.50, u_super: 0.00391, sec: 212.855, prod: 0.087629, t_ads: 49.8, t_des: 46.7, bed_util_ads: 0.493, bed_util_des: 0.493, des_th: 0.4931009311170168,frac_lost: 0.106, li_recovered:  8.449, time: 0.006137274998764042
L: 0.50, u_super: 0.00023 — INFEASIBLE (li_recovered=0.000e+00), time: 0.0019917150002584094
L: 0.50, u_super: 0.00061 — INFEASIBLE (li_recovered=0.000e+00), time: 0.002548104999732459
L: 0.50, u_super: 0.00213, sec: 115.944, prod: 0.046837, t_ads: 90.5, t_des: 77.7, bed_util_ads: 0.500, bed_util_des: 0.500, des_th: 0.49967361103844427,frac_lost: 0.107, li_recovered:  7.878, time: 0.006292497000686126
L: 0.50, u_super: 0.00822, sec: 533.131, prod: 0.164109, t_ads: 23.7, t_des: 29.3, bed_util_ads: 0.460, bed_util_des: 0.459, des_th: 0.45912187800005233,frac_lost: 0.104, li_recovered:  8.707, time: 0.006185627000377281
L: 0.50, u_super: 0.00499, sec: 274.323, prod: 0.112440, t_ads: 38.9, t_des: 34.8, bed_util_ads: 0.499, bed_util_des: 0.499, des_th: 0.4992490870972708,frac_lost: 0.103, li_recovered:  8.291, time: 0.005952141000307165
L: 0.50, u_super: 0.00707, sec: 397.607, prod: 0.160109, t_ads: 27.5, t_des: 24.8, bed_util_ads: 0.499, bed_util_des: 0.499, des_th: 0.4986007683420298,frac_lost: 0.102, li_recovered:  8.377, time: 0.00643195900011051
L: 0.50, u_super: 0.00267, sec: 144.131, prod: 0.059288, t_ads: 72.3, t_des: 63.5, bed_util_ads: 0.498, bed_util_des: 0.498, des_th: 0.49810196292797126,frac_lost: 0.103, li_recovered:  8.049, time: 0.005769204000898753
L: 0.50, u_super: 0.00527, sec: 290.149, prod: 0.118902, t_ads: 36.9, t_des: 33.4, bed_util_ads: 0.498, bed_util_des: 0.498, des_th: 0.4977166169943631,frac_lost: 0.103, li_recovered:  8.351, time: 0.006087011999625247
L: 0.50, u_super: 0.00716, sec: 404.344, prod: 0.161821, t_ads: 27.3, t_des: 25.2, bed_util_ads: 0.496, bed_util_des: 0.496, des_th: 0.49596218495140154,frac_lost: 0.106, li_recovered:  8.489, time: 0.00623403600002348
L: 0.50, u_super: 0.00007, sec: 6.130, prod: 0.000997, t_ads: 2132.2, t_des: 3169.9, bed_util_ads: 0.283, bed_util_des: 0.243, des_th: 0.24311080347357442,frac_lost: 0.100, li_recovered:  5.284, time: 0.0049516340004629456
L: 0.50, u_super: 0.00401, sec: 1810.695, prod: 0.010861, t_ads: 48.8, t_des: 759.7, bed_util_ads: 0.192, bed_util_des: 0.185, des_th: 0.1851696623157332,frac_lost: 0.101, li_recovered:  8.781, time: 0.0341159890012932
L: 0.50, u_super: 0.00496, sec: 272.839, prod: 0.111772, t_ads: 39.2, t_des: 34.9, bed_util_ads: 0.500, bed_util_des: 0.500, des_th: 0.499788040331566,frac_lost: 0.104, li_recovered:  8.282, time: 0.005294005999530782
L: 0.50, u_super: 0.00243, sec: 130.858, prod: 0.053917, t_ads: 79.5, t_des: 70.7, bed_util_ads: 0.497, bed_util_des: 0.497, des_th: 0.49662153933747344,frac_lost: 0.105, li_recovered:  8.098, time: 0.004904579000140075
L: 0.50, u_super: 0.00391, sec: 212.925, prod: 0.087600, t_ads: 49.7, t_des: 44.0, bed_util_ads: 0.500, bed_util_des: 0.499, des_th: 0.49942132725883337,frac_lost: 0.105, li_recovered:  8.206, time: 0.005471186001159367
L: 0.50, u_super: 0.00948, sec: 556.007, prod: 0.212644, t_ads: 20.6, t_des: 20.0, bed_util_ads: 0.491, bed_util_des: 0.490, des_th: 0.4904794119177904,frac_lost: 0.105, li_recovered:  8.639, time: 0.004749159999846597
L: 29.73, u_super: 0.00356 — INFEASIBLE (li_recovered=0.000e+00), time: 0.0012761959987983573
L: 47.75, u_super: 0.00914 — INFEASIBLE (li_recovered=0.000e+00), time: 0.0016919500012591016
L: 0.50, u_super: 0.00734, sec: 3663.165, prod: 0.018819, t_ads: 26.7, t_des: 439.9, bed_util_ads: 0.189, bed_util_des: 0.185, des_th: 0.1851696623157332,frac_lost: 0.102, li_recovered:  8.780, time: 0.03236366900091525
L: 0.50, u_super: 0.00314, sec: 179.793, prod: 0.066453, t_ads: 61.9, t_des: 67.3, bed_util_ads: 0.472, bed_util_des: 0.471, des_th: 0.4712681023322413,frac_lost: 0.107, li_recovered:  8.584, time: 0.004395523999846773
L: 0.50, u_super: 0.00566, sec: 313.216, prod: 0.127939, t_ads: 34.3, t_des: 31.1, bed_util_ads: 0.498, bed_util_des: 0.497, des_th: 0.49742538985852636,frac_lost: 0.102, li_recovered:  8.370, time: 0.004541796999546932
L: 0.50, u_super: 0.00967, sec: 561.775, prod: 0.219363, t_ads: 20.2, t_des: 18.6, bed_util_ads: 0.498, bed_util_des: 0.498, des_th: 0.4975302845490327,frac_lost: 0.104, li_recovered:  8.496, time: 0.0037017150007159216
L: 0.50, u_super: 0.00990, sec: 577.182, prod: 0.224355, t_ads: 19.8, t_des: 17.9, bed_util_ads: 0.500, bed_util_des: 0.499, des_th: 0.49949177559230207,frac_lost: 0.106, li_recovered:  8.457, time: 0.0036683279995486373
L: 0.50, u_super: 0.00349, sec: 224.022, prod: 0.065897, t_ads: 55.7, t_des: 75.1, bed_util_ads: 0.446, bed_util_des: 0.444, des_th: 0.44440259060362686,frac_lost: 0.104, li_recovered:  8.625, time: 0.005867523999768309
L: 0.50, u_super: 0.00855, sec: 490.694, prod: 0.193445, t_ads: 22.9, t_des: 21.0, bed_util_ads: 0.498, bed_util_des: 0.498, des_th: 0.4975431044089573,frac_lost: 0.107, li_recovered:  8.485, time: 0.0049734699987311615
L: 0.50, u_super: 0.00599, sec: 332.423, prod: 0.135418, t_ads: 32.4, t_des: 29.4, bed_util_ads: 0.498, bed_util_des: 0.498, des_th: 0.49775306069334696,frac_lost: 0.102, li_recovered:  8.372, time: 0.0037588440009130863
L: 42.84, u_super: 0.00989 — INFEASIBLE (li_recovered=0.000e+00), time: 0.0014283820000855485
L: 0.50, u_super: 0.00009 — INFEASIBLE (li_recovered=0.000e+00), time: 0.001044395999997505
L: 0.50, u_super: 0.00065, sec: 36.262, prod: 0.013485, t_ads: 284.4, t_des: 265.1, bed_util_ads: 0.473, bed_util_des: 0.471, des_th: 0.4712681023322413,frac_lost: 0.103, li_recovered:  7.410, time: 0.005017174000386149
L: 3.31, u_super: 0.00324 — INFEASIBLE (li_recovered=0.000e+00), time: 0.002222080000137794
L: 0.50, u_super: 0.00629, sec: 350.803, prod: 0.142129, t_ads: 30.9, t_des: 28.9, bed_util_ads: 0.494, bed_util_des: 0.494, des_th: 0.4940028233699148,frac_lost: 0.102, li_recovered:  8.496, time: 0.005179973000849714
L: 0.50, u_super: 0.00886, sec: 510.677, prod: 0.200608, t_ads: 22.1, t_des: 20.2, bed_util_ads: 0.498, bed_util_des: 0.498, des_th: 0.4977166476433627,frac_lost: 0.107, li_recovered:  8.491, time: 0.006794962000640226
L: 0.50, u_super: 0.00688, sec: 386.195, prod: 0.155961, t_ads: 28.2, t_des: 25.5, bed_util_ads: 0.500, bed_util_des: 0.499, des_th: 0.4993987607554578,frac_lost: 0.101, li_recovered:  8.371, time: 0.005344388999219518
L: 0.50, u_super: 0.00357, sec: 193.608, prod: 0.079945, t_ads: 54.5, t_des: 48.8, bed_util_ads: 0.498, bed_util_des: 0.498, des_th: 0.49804689884696657,frac_lost: 0.106, li_recovered:  8.260, time: 0.004487342999709654
L: 5.63, u_super: 0.00243 — INFEASIBLE (li_recovered=0.000e+00), time: 0.0014576110006601084
L: 0.50, u_super: 0.00213, sec: 115.266, prod: 0.047112, t_ads: 89.9, t_des: 78.7, bed_util_ads: 0.497, bed_util_des: 0.497, des_th: 0.4969062620275562,frac_lost: 0.102, li_recovered:  7.945, time: 0.004408435999721405
L: 0.50, u_super: 0.00478, sec: 5333.776, prod: 0.005295, t_ads: 41.0, t_des: 1620.3, bed_util_ads: 0.130, bed_util_des: 0.124, des_th: 0.12371631410065717,frac_lost: 0.102, li_recovered:  8.797, time: 0.0730640809997567
L: 0.50, u_super: 0.00925, sec: 535.637, prod: 0.209356, t_ads: 21.2, t_des: 19.4, bed_util_ads: 0.497, bed_util_des: 0.497, des_th: 0.4971093184402132,frac_lost: 0.107, li_recovered:  8.497, time: 0.004056993000631337
L: 0.50, u_super: 0.00050, sec: 30.589, prod: 0.009563, t_ads: 365.9, t_des: 439.0, bed_util_ads: 0.432, bed_util_des: 0.425, des_th: 0.4249859394847345,frac_lost: 0.102, li_recovered:  7.697, time: 0.00572904699947685
L: 0.50, u_super: 0.00033 — INFEASIBLE (li_recovered=0.000e+00), time: 0.002214644000559929
   259 |    10360 |     40 |  0.0020234346 |             f
L: 0.50, u_super: 0.00967, sec: 561.389, prod: 0.219309, t_ads: 20.2, t_des: 18.4, bed_util_ads: 0.498, bed_util_des: 0.498, des_th: 0.49796537395693075,frac_lost: 0.104, li_recovered:  8.458, time: 0.0046374459998332895
L: 0.50, u_super: 0.00385, sec: 209.312, prod: 0.086418, t_ads: 50.5, t_des: 46.9, bed_util_ads: 0.493, bed_util_des: 0.493, des_th: 0.4931009311170168,frac_lost: 0.105, li_recovered:  8.413, time: 0.005623578999802703
L: 0.50, u_super: 0.00375, sec: 204.054, prod: 0.084233, t_ads: 51.9, t_des: 47.4, bed_util_ads: 0.496, bed_util_des: 0.496, des_th: 0.49575986987449494,frac_lost: 0.107, li_recovered:  8.361, time: 0.0038305759990180377
L: 13.30, u_super: 0.00640 — INFEASIBLE (li_recovered=0.000e+00), time: 0.0020457329992495943
L: 0.50, u_super: 0.00798, sec: 453.861, prod: 0.181022, t_ads: 24.4, t_des: 22.2, bed_util_ads: 0.499, bed_util_des: 0.499, des_th: 0.4987909767839421,frac_lost: 0.102, li_recovered:  8.432, time: 0.005664594998961547
L: 0.50, u_super: 0.00243, sec: 130.390, prod: 0.054111, t_ads: 79.3, t_des: 72.4, bed_util_ads: 0.494, bed_util_des: 0.493, des_th: 0.4933899245054209,frac_lost: 0.103, li_recovered:  8.213, time: 0.00527967700145382
L: 0.50, u_super: 0.00800, sec: 456.633, prod: 0.180775, t_ads: 24.5, t_des: 22.7, bed_util_ads: 0.497, bed_util_des: 0.496, des_th: 0.4964355191572925,frac_lost: 0.107, li_recovered:  8.520, time: 0.005494668001119862
L: 0.50, u_super: 0.00499, sec: 274.050, prod: 0.112552, t_ads: 38.9, t_des: 35.7, bed_util_ads: 0.497, bed_util_des: 0.497, des_th: 0.4967034943661165,frac_lost: 0.103, li_recovered:  8.396, time: 0.0040996630013978574
L: 0.50, u_super: 0.00050 — INFEASIBLE (li_recovered=0.000e+00), time: 0.0034787209988280665
L: 36.49, u_super: 0.00592 — INFEASIBLE (li_recovered=0.000e+00), time: 0.00160765000146057
L: 0.50, u_super: 0.00213, sec: 115.170, prod: 0.047152, t_ads: 90.4, t_des: 79.6, bed_util_ads: 0.497, bed_util_des: 0.497, des_th: 0.4969062620275562,frac_lost: 0.106, li_recovered:  8.015, time: 0.0048962740002025384
L: 0.50, u_super: 0.00324, sec: 175.435, prod: 0.072561, t_ads: 59.9, t_des: 54.3, bed_util_ads: 0.496, bed_util_des: 0.496, des_th: 0.495574269683479,frac_lost: 0.107, li_recovered:  8.288, time: 0.005811949000417371
L: 25.24, u_super: 0.00243 — INFEASIBLE (li_recovered=0.000e+00), time: 0.001324398999713594
L: 0.50, u_super: 0.00875, sec: 511.884, prod: 0.194837, t_ads: 22.3, t_des: 22.2, bed_util_ads: 0.488, bed_util_des: 0.487, des_th: 0.4873293283899274,frac_lost: 0.103, li_recovered:  8.661, time: 0.00428384100086987
L: 14.46, u_super: 0.00364 — INFEASIBLE (li_recovered=0.000e+00), time: 0.0031249450003087986
L: 0.50, u_super: 0.00567, sec: 314.231, prod: 0.128081, t_ads: 34.3, t_des: 31.0, bed_util_ads: 0.499, bed_util_des: 0.499, des_th: 0.4989217328383585,frac_lost: 0.104, li_recovered:  8.362, time: 0.004567503001453588
L: 0.50, u_super: 0.00005, sec: 6.394, prod: 0.000454, t_ads: 2141.5, t_des: 2341.9, bed_util_ads: 0.259, bed_util_des: 0.245, des_th: 0.24594524786559208,frac_lost: 0.101, li_recovered:  2.034, time: 0.0028629479984374484
L: 0.50, u_super: 0.00409, sec: 222.673, prod: 0.091806, t_ads: 47.5, t_des: 42.5, bed_util_ads: 0.499, bed_util_des: 0.499, des_th: 0.4992826151044698,frac_lost: 0.104, li_recovered:  8.262, time: 0.004112531998544
L: 0.50, u_super: 0.00367, sec: 199.837, prod: 0.082101, t_ads: 53.0, t_des: 46.7, bed_util_ads: 0.500, bed_util_des: 0.499, des_th: 0.4995028370821414,frac_lost: 0.107, li_recovered:  8.183, time: 0.00472240400085866
L: 39.15, u_super: 0.00599 — INFEASIBLE (li_recovered=0.000e+00), time: 0.0010944540008495096
L: 15.22, u_super: 0.00323 — INFEASIBLE (li_recovered=0.000e+00), time: 0.001107861000491539
L: 9.70, u_super: 0.00884 — INFEASIBLE (li_recovered=0.000e+00), time: 0.002508547999241273
L: 0.50, u_super: 0.00213, sec: 114.847, prod: 0.047284, t_ads: 89.6, t_des: 79.7, bed_util_ads: 0.495, bed_util_des: 0.495, des_th: 0.495083924669705,frac_lost: 0.100, li_recovered:  8.005, time: 0.004213848000290454
L: 14.03, u_super: 0.00752 — INFEASIBLE (li_recovered=0.000e+00), time: 0.0021733479989052285
L: 0.50, u_super: 0.00895, sec: 518.287, prod: 0.201764, t_ads: 21.8, t_des: 20.8, bed_util_ads: 0.494, bed_util_des: 0.493, des_th: 0.4933953527392848,frac_lost: 0.105, li_recovered:  8.592, time: 0.005208333999689785
L: 0.50, u_super: 0.00005, sec: 4.332, prod: 0.000670, t_ads: 3482.4, t_des: 6108.3, bed_util_ads: 0.250, bed_util_des: 0.179, des_th: 0.17947554798452187,frac_lost: 0.101, li_recovered:  6.422, time: 0.006115792999480618
L: 0.50, u_super: 0.00309, sec: 178.738, prod: 0.064749, t_ads: 62.8, t_des: 69.8, bed_util_ads: 0.470, bed_util_des: 0.469, des_th: 0.4686254134222842,frac_lost: 0.106, li_recovered:  8.584, time: 0.005190604999370407
L: 0.50, u_super: 0.00069 — INFEASIBLE (li_recovered=0.000e+00), time: 0.0029974570006743306
L: 0.50, u_super: 0.00990, sec: 582.852, prod: 0.222174, t_ads: 19.7, t_des: 19.2, bed_util_ads: 0.491, bed_util_des: 0.491, des_th: 0.49081076278902197,frac_lost: 0.103, li_recovered:  8.641, time: 0.005835514999489533
L: 0.50, u_super: 0.00151, sec: 82.019, prod: 0.033062, t_ads: 126.3, t_des: 123.4, bed_util_ads: 0.481, bed_util_des: 0.480, des_th: 0.4795996819961142,frac_lost: 0.105, li_recovered:  8.255, time: 0.004586639999615727
L: 12.08, u_super: 0.00418 — INFEASIBLE (li_recovered=0.000e+00), time: 0.002187186999435653
L: 0.50, u_super: 0.00461, sec: 264.605, prod: 0.099255, t_ads: 42.2, t_des: 44.9, bed_util_ads: 0.477, bed_util_des: 0.476, des_th: 0.47596894013311164,frac_lost: 0.104, li_recovered:  8.636, time: 0.004688119001002633
L: 0.50, u_super: 0.00453, sec: 248.288, prod: 0.102004, t_ads: 43.0, t_des: 38.7, bed_util_ads: 0.498, bed_util_des: 0.498, des_th: 0.4979055229875167,frac_lost: 0.106, li_recovered:  8.332, time: 0.0049627860007603886
L: 0.50, u_super: 0.00184, sec: 121.246, prod: 0.032996, t_ads: 104.8, t_des: 152.9, bed_util_ads: 0.432, bed_util_des: 0.428, des_th: 0.4284138238237862,frac_lost: 0.102, li_recovered:  8.503, time: 0.006546700000399142
L: 0.50, u_super: 0.00752, sec: 426.621, prod: 0.170079, t_ads: 26.0, t_des: 23.6, bed_util_ads: 0.498, bed_util_des: 0.498, des_th: 0.4982318937396451,frac_lost: 0.107, li_recovered:  8.446, time: 0.005458518000523327
L: 0.50, u_super: 0.00868, sec: 501.303, prod: 0.195763, t_ads: 22.5, t_des: 21.4, bed_util_ads: 0.493, bed_util_des: 0.493, des_th: 0.4931086488663168,frac_lost: 0.105, li_recovered:  8.588, time: 0.00679542199941352
L: 59.67, u_super: 0.00990 — INFEASIBLE (li_recovered=0.000e+00), time: 0.0015770789996167878
L: 0.50, u_super: 0.00629, sec: 350.287, prod: 0.142338, t_ads: 30.9, t_des: 28.2, bed_util_ads: 0.498, bed_util_des: 0.498, des_th: 0.49774460356451955,frac_lost: 0.102, li_recovered:  8.412, time: 0.005468211000334122
L: 0.50, u_super: 0.00391, sec: 215.594, prod: 0.086515, t_ads: 49.7, t_des: 49.2, bed_util_ads: 0.486, bed_util_des: 0.485, des_th: 0.48523819996334805,frac_lost: 0.105, li_recovered:  8.561, time: 0.004536249000011594
L: 0.50, u_super: 0.00886, sec: 520.340, prod: 0.196883, t_ads: 22.1, t_des: 21.9, bed_util_ads: 0.487, bed_util_des: 0.487, des_th: 0.48680186331457476,frac_lost: 0.107, li_recovered:  8.667, time: 0.004799276000994723
   260 |    10400 |     40 |  0.0036319252 |             f
L: 0.50, u_super: 0.00947, sec: 558.970, prod: 0.210786, t_ads: 20.6, t_des: 20.5, bed_util_ads: 0.487, bed_util_des: 0.487, des_th: 0.48674984925414044,frac_lost: 0.104, li_recovered:  8.668, time: 0.004081443001268781
L: 4.69, u_super: 0.00716 — INFEASIBLE (li_recovered=0.000e+00), time: 0.003084615998886875
L: 0.50, u_super: 0.00014, sec: 13.385, prod: 0.001664, t_ads: 1346.4, t_des: 3306.6, bed_util_ads: 0.285, bed_util_des: 0.228, des_th: 0.2282435756483651,frac_lost: 0.100, li_recovered:  7.741, time: 0.008886519999578013
L: 65.99, u_super: 0.00026 — INFEASIBLE (li_recovered=0.000e+00), time: 0.0013000710005144356
L: 0.50, u_super: 0.00722, sec: 408.000, prod: 0.163108, t_ads: 27.1, t_des: 24.6, bed_util_ads: 0.498, bed_util_des: 0.498, des_th: 0.49824075796083656,frac_lost: 0.108, li_recovered:  8.444, time: 0.004640987999664503
L: 0.50, u_super: 0.00453, sec: 248.132, prod: 0.102068, t_ads: 42.9, t_des: 38.7, bed_util_ads: 0.498, bed_util_des: 0.498, des_th: 0.4979055229875167,frac_lost: 0.105, li_recovered:  8.334, time: 0.004416728999785846
L: 58.82, u_super: 0.00629 — INFEASIBLE (li_recovered=0.000e+00), time: 0.001604595001481357
L: 28.14, u_super: 0.00325 — INFEASIBLE (li_recovered=0.000e+00), time: 0.0010336280010960763
L: 0.50, u_super: 0.00990, sec: 592.118, prod: 0.218696, t_ads: 19.7, t_des: 20.0, bed_util_ads: 0.484, bed_util_des: 0.484, des_th: 0.4839828726282753,frac_lost: 0.103, li_recovered:  8.687, time: 0.004995332999897073
L: 7.57, u_super: 0.00528 — INFEASIBLE (li_recovered=0.000e+00), time: 0.0026011019999714335
L: 0.50, u_super: 0.00250, sec: 134.280, prod: 0.055590, t_ads: 77.3, t_des: 69.7, bed_util_ads: 0.496, bed_util_des: 0.495, des_th: 0.495574269683479,frac_lost: 0.105, li_recovered:  8.174, time: 0.005793825001092046
L: 0.50, u_super: 0.00121, sec: 67.423, prod: 0.025500, t_ads: 156.8, t_des: 130.0, bed_util_ads: 0.498, bed_util_des: 0.498, des_th: 0.49829501099917195,frac_lost: 0.105, li_recovered:  7.313, time: 0.004629745000784169
L: 0.50, u_super: 0.00042 — INFEASIBLE (li_recovered=0.000e+00), time: 0.0025369909999426454
L: 0.50, u_super: 0.00629, sec: 350.510, prod: 0.142247, t_ads: 30.9, t_des: 28.3, bed_util_ads: 0.498, bed_util_des: 0.498, des_th: 0.49771675252312053,frac_lost: 0.103, li_recovered:  8.423, time: 0.005317782999554765
L: 0.50, u_super: 0.00106, sec: 696.552, prod: 0.001903, t_ads: 188.0, t_des: 4481.6, bed_util_ads: 0.155, bed_util_des: 0.129, des_th: 0.12943558697745358,frac_lost: 0.108, li_recovered:  8.887, time: 0.04799048700078856
L: 0.50, u_super: 0.00390, sec: 212.486, prod: 0.087386, t_ads: 50.0, t_des: 44.5, bed_util_ads: 0.500, bed_util_des: 0.499, des_th: 0.49942132725883337,frac_lost: 0.108, li_recovered:  8.252, time: 0.00379851900106587
L: 0.50, u_super: 0.00380, sec: 206.969, prod: 0.085235, t_ads: 51.0, t_des: 45.2, bed_util_ads: 0.500, bed_util_des: 0.499, des_th: 0.4993631063255286,frac_lost: 0.105, li_recovered:  8.203, time: 0.004319589001170243
L: 0.50, u_super: 0.00792, sec: 451.795, prod: 0.178889, t_ads: 24.7, t_des: 22.9, bed_util_ads: 0.496, bed_util_des: 0.496, des_th: 0.4956285249763932,frac_lost: 0.107, li_recovered:  8.523, time: 0.005529629001102876
L: 0.50, u_super: 0.00662, sec: 371.488, prod: 0.149578, t_ads: 29.3, t_des: 27.7, bed_util_ads: 0.494, bed_util_des: 0.493, des_th: 0.4935048055951011,frac_lost: 0.101, li_recovered:  8.533, time: 0.004118823999306187
L: 0.50, u_super: 0.00167, sec: 91.273, prod: 0.036236, t_ads: 114.5, t_des: 97.6, bed_util_ads: 0.498, bed_util_des: 0.498, des_th: 0.4980628073096515,frac_lost: 0.104, li_recovered:  7.684, time: 0.006064754001272377
L: 1.34, u_super: 0.00496, sec: 752.342, prod: 0.108875, t_ads: 103.7, t_des: 90.6, bed_util_ads: 0.496, bed_util_des: 0.496, des_th: 0.4958569419895864,frac_lost: 0.103, li_recovered:  21.150, time: 0.004979115999958594
L: 0.50, u_super: 0.00251, sec: 137.536, prod: 0.054996, t_ads: 76.9, t_des: 77.4, bed_util_ads: 0.481, bed_util_des: 0.481, des_th: 0.48063371916463976,frac_lost: 0.104, li_recovered:  8.484, time: 0.004988764001609525
L: 0.50, u_super: 0.00006 — INFEASIBLE (li_recovered=0.000e+00), time: 0.0014304569995147176
L: 0.50, u_super: 0.00912, sec: 529.414, prod: 0.205552, t_ads: 21.4, t_des: 20.4, bed_util_ads: 0.494, bed_util_des: 0.493, des_th: 0.4933953527392848,frac_lost: 0.105, li_recovered:  8.596, time: 0.0051871659998141695
L: 6.73, u_super: 0.00106 — INFEASIBLE (li_recovered=0.000e+00), time: 0.0009533359989291057
L: 0.50, u_super: 0.00669, sec: 376.822, prod: 0.150482, t_ads: 29.3, t_des: 27.5, bed_util_ads: 0.494, bed_util_des: 0.494, des_th: 0.4935505330010713,frac_lost: 0.108, li_recovered:  8.543, time: 0.004527702998530003
L: 0.50, u_super: 0.00190, sec: 103.008, prod: 0.041645, t_ads: 100.6, t_des: 87.1, bed_util_ads: 0.498, bed_util_des: 0.498, des_th: 0.49804689884696657,frac_lost: 0.102, li_recovered:  7.820, time: 0.004540056001133053
L: 0.50, u_super: 0.00065, sec: 36.150, prod: 0.013527, t_ads: 284.0, t_des: 278.0, bed_util_ads: 0.466, bed_util_des: 0.464, des_th: 0.46383390891405585,frac_lost: 0.101, li_recovered:  7.602, time: 0.004384180001579807
L: 2.71, u_super: 0.00578 — INFEASIBLE (li_recovered=0.000e+00), time: 0.0029018309996899916
L: 22.06, u_super: 0.00321 — INFEASIBLE (li_recovered=0.000e+00), time: 0.0011522140011948068
L: 0.50, u_super: 0.00816, sec: 507.435, prod: 0.169375, t_ads: 24.0, t_des: 27.4, bed_util_ads: 0.469, bed_util_des: 0.469, des_th: 0.46872668107746424,frac_lost: 0.105, li_recovered:  8.704, time: 0.0043571189999056514
L: 0.50, u_super: 0.00564, sec: 335.692, prod: 0.118481, t_ads: 34.4, t_des: 38.8, bed_util_ads: 0.471, bed_util_des: 0.471, des_th: 0.47082173046054887,frac_lost: 0.101, li_recovered:  8.665, time: 0.00533608799923968
L: 0.50, u_super: 0.00775, sec: 441.299, prod: 0.175034, t_ads: 25.3, t_des: 23.2, bed_util_ads: 0.498, bed_util_des: 0.498, des_th: 0.49774449868476167,frac_lost: 0.109, li_recovered:  8.489, time: 0.004793632999280817
L: 0.50, u_super: 0.00913, sec: 529.510, prod: 0.205753, t_ads: 21.4, t_des: 20.4, bed_util_ads: 0.494, bed_util_des: 0.493, des_th: 0.4933953527392848,frac_lost: 0.105, li_recovered:  8.593, time: 0.00455750800028909
L: 0.50, u_super: 0.00007 — INFEASIBLE (li_recovered=0.000e+00), time: 0.0014916110012563877
L: 0.50, u_super: 0.00988, sec: 701.447, prod: 0.183760, t_ads: 19.8, t_des: 27.7, bed_util_ads: 0.445, bed_util_des: 0.444, des_th: 0.44406725096944294,frac_lost: 0.104, li_recovered:  8.724, time: 0.006142543001260492
L: 0.50, u_super: 0.00942, sec: 545.732, prod: 0.213607, t_ads: 20.7, t_des: 19.0, bed_util_ads: 0.498, bed_util_des: 0.498, des_th: 0.4979052248243068,frac_lost: 0.104, li_recovered:  8.482, time: 0.004507784000452375
L: 0.50, u_super: 0.00583, sec: 323.050, prod: 0.131694, t_ads: 33.4, t_des: 30.2, bed_util_ads: 0.498, bed_util_des: 0.498, des_th: 0.49775306069334696,frac_lost: 0.103, li_recovered:  8.370, time: 0.004996064000806655
L: 0.50, u_super: 0.00716, sec: 405.152, prod: 0.161499, t_ads: 27.4, t_des: 25.4, bed_util_ads: 0.496, bed_util_des: 0.496, des_th: 0.49596218495140154,frac_lost: 0.108, li_recovered:  8.520, time: 0.005268025999612291
L: 0.50, u_super: 0.00566, sec: 313.433, prod: 0.127981, t_ads: 34.2, t_des: 30.7, bed_util_ads: 0.499, bed_util_des: 0.499, des_th: 0.49912076398756616,frac_lost: 0.101, li_recovered:  8.314, time: 0.004057677000673721
   261 |    10440 |     40 |  0.0027099574 |             f
L: 0.50, u_super: 0.00462, sec: 253.133, prod: 0.104093, t_ads: 42.1, t_des: 38.5, bed_util_ads: 0.496, bed_util_des: 0.496, des_th: 0.49575986987449494,frac_lost: 0.105, li_recovered:  8.386, time: 0.005131130001245765
L: 0.50, u_super: 0.00771, sec: 439.249, prod: 0.174100, t_ads: 25.5, t_des: 23.3, bed_util_ads: 0.498, bed_util_des: 0.498, des_th: 0.4977166476433627,frac_lost: 0.110, li_recovered:  8.489, time: 0.0055427650004276074
L: 0.50, u_super: 0.00752, sec: 431.388, prod: 0.168199, t_ads: 26.0, t_des: 25.3, bed_util_ads: 0.490, bed_util_des: 0.489, des_th: 0.48938265710724627,frac_lost: 0.107, li_recovered:  8.625, time: 0.0056763700013107155
L: 0.50, u_super: 0.00491, sec: 269.749, prod: 0.110844, t_ads: 39.5, t_des: 35.7, bed_util_ads: 0.498, bed_util_des: 0.498, des_th: 0.4975430737599577,frac_lost: 0.103, li_recovered:  8.341, time: 0.00685524899927259
L: 0.50, u_super: 0.00104, sec: 58.539, prod: 0.021643, t_ads: 180.9, t_des: 149.5, bed_util_ads: 0.495, bed_util_des: 0.495, des_th: 0.4953024949904657,frac_lost: 0.103, li_recovered:  7.151, time: 0.005241967999609187
L: 0.50, u_super: 0.00635, sec: 354.709, prod: 0.143726, t_ads: 30.6, t_des: 28.0, bed_util_ads: 0.498, bed_util_des: 0.498, des_th: 0.4975431044089573,frac_lost: 0.104, li_recovered:  8.421, time: 0.007978919999004574
L: 0.50, u_super: 0.00390, sec: 1782.342, prod: 0.010418, t_ads: 50.3, t_des: 792.9, bed_util_ads: 0.191, bed_util_des: 0.184, des_th: 0.18387835352608203,frac_lost: 0.102, li_recovered:  8.784, time: 0.036324198999864166
L: 0.50, u_super: 0.00147, sec: 79.531, prod: 0.032292, t_ads: 130.0, t_des: 122.4, bed_util_ads: 0.485, bed_util_des: 0.484, des_th: 0.48361482168765535,frac_lost: 0.107, li_recovered:  8.148, time: 0.005742095001551206
L: 0.50, u_super: 0.00075 — INFEASIBLE (li_recovered=0.000e+00), time: 0.002568280000559753
L: 0.50, u_super: 0.00357, sec: 193.454, prod: 0.079976, t_ads: 54.5, t_des: 49.9, bed_util_ads: 0.496, bed_util_des: 0.496, des_th: 0.4956951410691409,frac_lost: 0.107, li_recovered:  8.349, time: 0.0054255710001598345
L: 0.50, u_super: 0.00665, sec: 374.768, prod: 0.149591, t_ads: 29.5, t_des: 27.7, bed_util_ads: 0.494, bed_util_des: 0.494, des_th: 0.49350962414530436,frac_lost: 0.109, li_recovered:  8.549, time: 0.004268736998710665
L: 0.50, u_super: 0.00742, sec: 543.982, prod: 0.129438, t_ads: 26.4, t_des: 40.9, bed_util_ads: 0.432, bed_util_des: 0.431, des_th: 0.4310317138545012,frac_lost: 0.106, li_recovered:  8.714, time: 0.007018779000645736
L: 0.50, u_super: 0.00005, sec: 4.327, prod: 0.000669, t_ads: 3406.0, t_des: 5816.9, bed_util_ads: 0.252, bed_util_des: 0.185, des_th: 0.1851696623157332,frac_lost: 0.101, li_recovered:  6.173, time: 0.006355768999128486
L: 0.50, u_super: 0.00328, sec: 176.839, prod: 0.073534, t_ads: 58.8, t_des: 53.1, bed_util_ads: 0.496, bed_util_des: 0.496, des_th: 0.49604883932454563,frac_lost: 0.100, li_recovered:  8.225, time: 0.005090156000733259
L: 0.50, u_super: 0.00526, sec: 289.866, prod: 0.118836, t_ads: 36.9, t_des: 33.4, bed_util_ads: 0.498, bed_util_des: 0.498, des_th: 0.4975430737599577,frac_lost: 0.102, li_recovered:  8.357, time: 0.007181750999734504
L: 0.50, u_super: 0.00288, sec: 154.705, prod: 0.064380, t_ads: 67.0, t_des: 61.1, bed_util_ads: 0.495, bed_util_des: 0.495, des_th: 0.49473860536631364,frac_lost: 0.102, li_recovered:  8.245, time: 0.0070895360004215036
L: 0.50, u_super: 0.00722, sec: 407.745, prod: 0.163210, t_ads: 27.1, t_des: 24.7, bed_util_ads: 0.498, bed_util_des: 0.498, des_th: 0.49824075796083656,frac_lost: 0.107, li_recovered:  8.448, time: 0.005924008000874892
L: 2.19, u_super: 0.00106 — INFEASIBLE (li_recovered=0.000e+00), time: 0.0038000370004738215
L: 16.11, u_super: 0.00967 — INFEASIBLE (li_recovered=0.000e+00), time: 0.0025895109993143706
L: 0.50, u_super: 0.00512, sec: 281.990, prod: 0.115561, t_ads: 38.0, t_des: 34.3, bed_util_ads: 0.498, bed_util_des: 0.498, des_th: 0.4979055229875167,frac_lost: 0.104, li_recovered:  8.349, time: 0.0045108399990567705
L: 0.50, u_super: 0.00691, sec: 389.323, prod: 0.156143, t_ads: 28.3, t_des: 25.7, bed_util_ads: 0.499, bed_util_des: 0.499, des_th: 0.4989965007412647,frac_lost: 0.108, li_recovered:  8.434, time: 0.0071645780008111615
L: 0.50, u_super: 0.00246, sec: 133.100, prod: 0.054300, t_ads: 78.5, t_des: 76.7, bed_util_ads: 0.484, bed_util_des: 0.484, des_th: 0.48367050592490307,frac_lost: 0.104, li_recovered:  8.429, time: 0.0049760589990910375
L: 0.50, u_super: 0.00850, sec: 487.345, prod: 0.192333, t_ads: 23.0, t_des: 21.1, bed_util_ads: 0.498, bed_util_des: 0.498, des_th: 0.49774460356451955,frac_lost: 0.106, li_recovered:  8.483, time: 0.0061092579999240115
L: 0.50, u_super: 0.00064, sec: 36.097, prod: 0.013137, t_ads: 289.3, t_des: 259.4, bed_util_ads: 0.477, bed_util_des: 0.476, des_th: 0.4759714217572949,frac_lost: 0.106, li_recovered:  7.208, time: 0.0038004430007276824
L: 0.50, u_super: 0.00657, sec: 369.135, prod: 0.148251, t_ads: 29.7, t_des: 27.7, bed_util_ads: 0.495, bed_util_des: 0.495, des_th: 0.4945763643297172,frac_lost: 0.107, li_recovered:  8.511, time: 0.006430634999560425
L: 0.50, u_super: 0.00064, sec: 35.755, prod: 0.013346, t_ads: 287.3, t_des: 278.5, bed_util_ads: 0.466, bed_util_des: 0.464, des_th: 0.46383390891405585,frac_lost: 0.101, li_recovered:  7.551, time: 0.006111553000664571
L: 0.50, u_super: 0.00324, sec: 175.351, prod: 0.072628, t_ads: 59.5, t_des: 52.9, bed_util_ads: 0.498, bed_util_des: 0.498, des_th: 0.49804689884696657,frac_lost: 0.101, li_recovered:  8.163, time: 0.006666450999546214
L: 0.50, u_super: 0.00909, sec: 527.943, prod: 0.204903, t_ads: 21.5, t_des: 20.4, bed_util_ads: 0.494, bed_util_des: 0.493, des_th: 0.4933905341890816,frac_lost: 0.107, li_recovered:  8.594, time: 0.0062552939998568036
L: 0.50, u_super: 0.00418, sec: 227.722, prod: 0.093895, t_ads: 46.6, t_des: 42.6, bed_util_ads: 0.496, bed_util_des: 0.496, des_th: 0.49575986987449494,frac_lost: 0.106, li_recovered:  8.372, time: 0.006200813000759808
L: 0.50, u_super: 0.00357, sec: 193.532, prod: 0.079976, t_ads: 54.5, t_des: 49.3, bed_util_ads: 0.496, bed_util_des: 0.496, des_th: 0.49600409955085495,frac_lost: 0.107, li_recovered:  8.306, time: 0.006141662999652908
L: 0.50, u_super: 0.00133, sec: 73.321, prod: 0.028329, t_ads: 144.1, t_des: 148.3, bed_util_ads: 0.472, bed_util_des: 0.470, des_th: 0.4704939365209316,frac_lost: 0.106, li_recovered:  8.285, time: 0.007120866999684949
L: 0.50, u_super: 0.00391, sec: 213.350, prod: 0.087669, t_ads: 49.6, t_des: 43.8, bed_util_ads: 0.500, bed_util_des: 0.499, des_th: 0.49942132725883337,frac_lost: 0.105, li_recovered:  8.189, time: 0.005245329999524984
L: 0.50, u_super: 0.00213, sec: 114.847, prod: 0.047284, t_ads: 89.6, t_des: 79.7, bed_util_ads: 0.495, bed_util_des: 0.495, des_th: 0.495083924669705,frac_lost: 0.100, li_recovered:  8.005, time: 0.005850956000358565
L: 2.79, u_super: 0.00990, sec: 3366.960, prod: 0.214415, t_ads: 107.8, t_des: 90.9, bed_util_ads: 0.500, bed_util_des: 0.499, des_th: 0.49942132725883337,frac_lost: 0.104, li_recovered:  42.605, time: 0.005616680999082746
L: 0.50, u_super: 0.00967, sec: 561.683, prod: 0.219194, t_ads: 20.2, t_des: 18.5, bed_util_ads: 0.498, bed_util_des: 0.498, des_th: 0.49796537395693075,frac_lost: 0.105, li_recovered:  8.484, time: 0.007030042999758734
L: 0.50, u_super: 0.00401, sec: 241.738, prod: 0.081343, t_ads: 48.4, t_des: 57.7, bed_util_ads: 0.463, bed_util_des: 0.462, des_th: 0.46163025089398646,frac_lost: 0.103, li_recovered:  8.631, time: 0.005926861000261852
L: 0.50, u_super: 0.00521, sec: 287.053, prod: 0.117482, t_ads: 37.4, t_des: 34.2, bed_util_ads: 0.496, bed_util_des: 0.496, des_th: 0.4959993351396064,frac_lost: 0.105, li_recovered:  8.406, time: 0.007262135000928538
L: 0.50, u_super: 0.00569, sec: 316.271, prod: 0.128306, t_ads: 34.4, t_des: 31.3, bed_util_ads: 0.498, bed_util_des: 0.498, des_th: 0.49775306069334696,frac_lost: 0.109, li_recovered:  8.428, time: 0.005732084000555915
L: 0.50, u_super: 0.00081, sec: 45.484, prod: 0.017067, t_ads: 230.4, t_des: 237.0, bed_util_ads: 0.464, bed_util_des: 0.462, des_th: 0.461814316709975,frac_lost: 0.105, li_recovered:  7.977, time: 0.008233818998633069
L: 35.85, u_super: 0.00571 — INFEASIBLE (li_recovered=0.000e+00), time: 0.0021503850002773106
   262 |    10480 |     40 |  0.0036537280 |             f
L: 0.50, u_super: 0.00557, sec: 307.955, prod: 0.126086, t_ads: 34.8, t_des: 31.6, bed_util_ads: 0.498, bed_util_des: 0.498, des_th: 0.4977166476433627,frac_lost: 0.101, li_recovered:  8.367, time: 0.006470851001722622
L: 0.50, u_super: 0.00967, sec: 561.626, prod: 0.219216, t_ads: 20.2, t_des: 18.6, bed_util_ads: 0.498, bed_util_des: 0.498, des_th: 0.4979674073544079,frac_lost: 0.104, li_recovered:  8.494, time: 0.010507309998502024
L: 0.50, u_super: 0.00686, sec: 384.912, prod: 0.155246, t_ads: 28.3, t_des: 25.3, bed_util_ads: 0.500, bed_util_des: 0.499, des_th: 0.49942132725883337,frac_lost: 0.101, li_recovered:  8.316, time: 0.006409687999621383
L: 40.63, u_super: 0.00633 — INFEASIBLE (li_recovered=0.000e+00), time: 0.0014890209986333502
L: 0.50, u_super: 0.00288, sec: 154.705, prod: 0.064380, t_ads: 67.0, t_des: 61.1, bed_util_ads: 0.495, bed_util_des: 0.495, des_th: 0.49473860536631364,frac_lost: 0.102, li_recovered:  8.245, time: 0.0068587030000344384
L: 0.50, u_super: 0.00106, sec: 57.595, prod: 0.022767, t_ads: 178.2, t_des: 161.3, bed_util_ads: 0.486, bed_util_des: 0.485, des_th: 0.48499013593572116,frac_lost: 0.102, li_recovered:  7.728, time: 0.005853227999978117
L: 0.50, u_super: 0.00434, sec: 237.230, prod: 0.097606, t_ads: 44.9, t_des: 40.4, bed_util_ads: 0.498, bed_util_des: 0.498, des_th: 0.49792043792080876,frac_lost: 0.106, li_recovered:  8.322, time: 0.0056958940003823955
L: 0.50, u_super: 0.00005, sec: 4.332, prod: 0.000669, t_ads: 3402.9, t_des: 5781.1, bed_util_ads: 0.252, bed_util_des: 0.185, des_th: 0.1851696623157332,frac_lost: 0.100, li_recovered:  6.140, time: 0.009057339000719367
L: 0.50, u_super: 0.00691, sec: 388.087, prod: 0.156640, t_ads: 28.0, t_des: 25.2, bed_util_ads: 0.499, bed_util_des: 0.499, des_th: 0.4990111929979233,frac_lost: 0.100, li_recovered:  8.337, time: 0.0054762660001870245
L: 0.50, u_super: 0.00016 — INFEASIBLE (li_recovered=0.000e+00), time: 0.0025577730011718813
L: 0.50, u_super: 0.00015, sec: 20.156, prod: 0.001256, t_ads: 1351.1, t_des: 5492.0, bed_util_ads: 0.245, bed_util_des: 0.171, des_th: 0.17132484942099574,frac_lost: 0.104, li_recovered:  8.594, time: 0.012428155998350121
L: 0.50, u_super: 0.00056 — INFEASIBLE (li_recovered=0.000e+00), time: 0.003241557000364992
L: 36.51, u_super: 0.00081 — INFEASIBLE (li_recovered=0.000e+00), time: 0.0009045169990713475
L: 2.10, u_super: 0.00222 — INFEASIBLE (li_recovered=0.000e+00), time: 0.003626845000326284
L: 0.50, u_super: 0.00746, sec: 423.010, prod: 0.168616, t_ads: 26.2, t_des: 24.0, bed_util_ads: 0.498, bed_util_des: 0.498, des_th: 0.4977166476433627,frac_lost: 0.108, li_recovered:  8.479, time: 0.005095350999908987
L: 0.50, u_super: 0.00107 — INFEASIBLE (li_recovered=0.000e+00), time: 0.003660340998976608
L: 0.50, u_super: 0.00622, sec: 361.211, prod: 0.135091, t_ads: 31.2, t_des: 32.9, bed_util_ads: 0.480, bed_util_des: 0.480, des_th: 0.4796000391551649,frac_lost: 0.102, li_recovered:  8.665, time: 0.004386350999993738
L: 0.50, u_super: 0.00430, sec: 234.774, prod: 0.096645, t_ads: 45.3, t_des: 41.8, bed_util_ads: 0.495, bed_util_des: 0.495, des_th: 0.49473860536631364,frac_lost: 0.106, li_recovered:  8.419, time: 0.006467144999987795
L: 0.50, u_super: 0.00347, sec: 187.938, prod: 0.077711, t_ads: 56.1, t_des: 50.7, bed_util_ads: 0.496, bed_util_des: 0.496, des_th: 0.4956951410691409,frac_lost: 0.107, li_recovered:  8.299, time: 0.004605005000485107
L: 0.50, u_super: 0.00966, sec: 561.298, prod: 0.218963, t_ads: 20.2, t_des: 18.6, bed_util_ads: 0.498, bed_util_des: 0.498, des_th: 0.4979618598307451,frac_lost: 0.105, li_recovered:  8.490, time: 0.005377313000280992
L: 0.50, u_super: 0.00765, sec: 434.183, prod: 0.172874, t_ads: 25.6, t_des: 23.2, bed_util_ads: 0.499, bed_util_des: 0.499, des_th: 0.4987259223278547,frac_lost: 0.107, li_recovered:  8.444, time: 0.004142076999414712
L: 0.50, u_super: 0.00276, sec: 148.429, prod: 0.061715, t_ads: 69.9, t_des: 64.5, bed_util_ads: 0.494, bed_util_des: 0.493, des_th: 0.4933878883163455,frac_lost: 0.103, li_recovered:  8.294, time: 0.00518120199922123
L: 0.50, u_super: 0.00569, sec: 315.094, prod: 0.128786, t_ads: 34.1, t_des: 30.9, bed_util_ads: 0.498, bed_util_des: 0.498, des_th: 0.49800237949196946,frac_lost: 0.101, li_recovered:  8.359, time: 0.004015202999653411
L: 0.50, u_super: 0.00778, sec: 443.107, prod: 0.175791, t_ads: 25.2, t_des: 23.1, bed_util_ads: 0.498, bed_util_des: 0.498, des_th: 0.49774460356451955,frac_lost: 0.109, li_recovered:  8.483, time: 0.003851208000924089
L: 0.50, u_super: 0.00447, sec: 244.517, prod: 0.100572, t_ads: 43.5, t_des: 39.2, bed_util_ads: 0.498, bed_util_des: 0.498, des_th: 0.49828097047112463,frac_lost: 0.106, li_recovered:  8.325, time: 0.005115105999720981
L: 0.50, u_super: 0.00457, sec: 265.243, prod: 0.096911, t_ads: 42.4, t_des: 46.7, bed_util_ads: 0.473, bed_util_des: 0.472, des_th: 0.4721094031159059,frac_lost: 0.100, li_recovered:  8.636, time: 0.004289026001060847
L: 0.50, u_super: 0.00189, sec: 102.328, prod: 0.041638, t_ads: 101.0, t_des: 88.4, bed_util_ads: 0.496, bed_util_des: 0.496, des_th: 0.49590223925894744,frac_lost: 0.101, li_recovered:  7.885, time: 0.004709315000582137
L: 0.50, u_super: 0.00599, sec: 332.641, prod: 0.135329, t_ads: 32.4, t_des: 29.0, bed_util_ads: 0.499, bed_util_des: 0.499, des_th: 0.49898233610759773,frac_lost: 0.101, li_recovered:  8.304, time: 0.004478423999898951
L: 0.50, u_super: 0.00101, sec: 180.293, prod: 0.006693, t_ads: 193.5, t_des: 1105.0, bed_util_ads: 0.269, bed_util_des: 0.251, des_th: 0.2513655798622458,frac_lost: 0.105, li_recovered:  8.691, time: 0.013667181001437712
L: 26.77, u_super: 0.00262 — INFEASIBLE (li_recovered=0.000e+00), time: 0.0009761860001162859
L: 0.50, u_super: 0.00987, sec: 594.223, prod: 0.216443, t_ads: 19.8, t_des: 20.4, bed_util_ads: 0.484, bed_util_des: 0.484, des_th: 0.483868015982737,frac_lost: 0.105, li_recovered:  8.699, time: 0.005047885999374557
L: 0.50, u_super: 0.00691, sec: 389.496, prod: 0.156073, t_ads: 28.3, t_des: 25.9, bed_util_ads: 0.497, bed_util_des: 0.497, des_th: 0.4970811903961694,frac_lost: 0.108, li_recovered:  8.467, time: 0.004155148999416269
L: 0.50, u_super: 0.00693, sec: 388.773, prod: 0.157002, t_ads: 28.0, t_des: 25.6, bed_util_ads: 0.498, bed_util_des: 0.497, des_th: 0.4974169109118259,frac_lost: 0.101, li_recovered:  8.426, time: 0.004573879001327441
L: 0.50, u_super: 0.00418, sec: 227.746, prod: 0.093885, t_ads: 46.6, t_des: 42.6, bed_util_ads: 0.496, bed_util_des: 0.496, des_th: 0.49575986987449494,frac_lost: 0.106, li_recovered:  8.380, time: 0.005151596000359859
L: 0.50, u_super: 0.00717, sec: 1910.489, prod: 0.034356, t_ads: 27.3, t_des: 227.9, bed_util_ads: 0.246, bed_util_des: 0.243, des_th: 0.24311080347357442,frac_lost: 0.102, li_recovered:  8.766, time: 0.01805339900056424
L: 0.50, u_super: 0.00201, sec: 108.840, prod: 0.044102, t_ads: 96.2, t_des: 83.5, bed_util_ads: 0.498, bed_util_des: 0.498, des_th: 0.49774460356451955,frac_lost: 0.108, li_recovered:  7.924, time: 0.003860295000777114
L: 0.50, u_super: 0.00287, sec: 154.856, prod: 0.063994, t_ads: 67.3, t_des: 59.7, bed_util_ads: 0.498, bed_util_des: 0.498, des_th: 0.49794366349731745,frac_lost: 0.103, li_recovered:  8.128, time: 0.0037164240002312
L: 0.50, u_super: 0.00608, sec: 338.216, prod: 0.137718, t_ads: 31.9, t_des: 28.8, bed_util_ads: 0.498, bed_util_des: 0.498, des_th: 0.49775306069334696,frac_lost: 0.101, li_recovered:  8.359, time: 0.004101775000890484
L: 14.41, u_super: 0.00753 — INFEASIBLE (li_recovered=0.000e+00), time: 0.0015621760012436425
L: 0.50, u_super: 0.00682, sec: 382.346, prod: 0.154493, t_ads: 28.5, t_des: 25.7, bed_util_ads: 0.498, bed_util_des: 0.498, des_th: 0.49824075796083656,frac_lost: 0.101, li_recovered:  8.366, time: 0.004596114000378293
   263 |    10520 |     40 |  0.0022532691 |             f
L: 0.50, u_super: 0.00158, sec: 92.033, prod: 0.032054, t_ads: 121.4, t_des: 141.0, bed_util_ads: 0.459, bed_util_des: 0.457, des_th: 0.4568009431393513,frac_lost: 0.103, li_recovered:  8.409, time: 0.004947625999193406
L: 0.50, u_super: 0.00411, sec: 224.112, prod: 0.092316, t_ads: 47.3, t_des: 42.3, bed_util_ads: 0.499, bed_util_des: 0.499, des_th: 0.4989466204536257,frac_lost: 0.105, li_recovered:  8.272, time: 0.0037706020011682995
L: 0.50, u_super: 0.00669, sec: 376.925, prod: 0.150442, t_ads: 29.3, t_des: 27.5, bed_util_ads: 0.494, bed_util_des: 0.494, des_th: 0.4937313314429623,frac_lost: 0.109, li_recovered:  8.547, time: 0.004001327999503701
L: 0.50, u_super: 0.00912, sec: 670.609, prod: 0.162274, t_ads: 21.4, t_des: 32.4, bed_util_ads: 0.435, bed_util_des: 0.434, des_th: 0.4340504415166467,frac_lost: 0.103, li_recovered:  8.721, time: 0.004724548000012874
L: 0.50, u_super: 0.00635, sec: 354.468, prod: 0.143823, t_ads: 30.5, t_des: 27.6, bed_util_ads: 0.498, bed_util_des: 0.498, des_th: 0.4982039328418981,frac_lost: 0.102, li_recovered:  8.361, time: 0.007018897000307334
L: 0.50, u_super: 0.00283, sec: 159.246, prod: 0.060548, t_ads: 68.1, t_des: 73.0, bed_util_ads: 0.473, bed_util_des: 0.472, des_th: 0.47250883183834946,frac_lost: 0.101, li_recovered:  8.548, time: 0.0048122870011866326
L: 47.10, u_super: 0.00005 — INFEASIBLE (li_recovered=0.000e+00), time: 0.0009401639999850886
L: 0.50, u_super: 0.00167, sec: 89.746, prod: 0.036707, t_ads: 114.8, t_des: 109.2, bed_util_ads: 0.485, bed_util_des: 0.484, des_th: 0.48392053720502737,frac_lost: 0.104, li_recovered:  8.222, time: 0.0042080430011992576
L: 1.25, u_super: 0.00174, sec: 246.498, prod: 0.036333, t_ads: 267.3, t_des: 268.7, bed_util_ads: 0.464, bed_util_des: 0.462, des_th: 0.461814316709975,frac_lost: 0.103, li_recovered:  19.474, time: 0.004003316000307677
L: 0.50, u_super: 0.00155, sec: 83.776, prod: 0.033826, t_ads: 123.7, t_des: 109.4, bed_util_ads: 0.493, bed_util_des: 0.493, des_th: 0.49286426232021163,frac_lost: 0.106, li_recovered:  7.885, time: 0.004684464000092703
L: 0.50, u_super: 0.00068 — INFEASIBLE (li_recovered=0.000e+00), time: 0.002213321000454016
L: 0.50, u_super: 0.00361, sec: 196.184, prod: 0.080810, t_ads: 53.5, t_des: 47.0, bed_util_ads: 0.500, bed_util_des: 0.500, des_th: 0.49979035182352893,frac_lost: 0.101, li_recovered:  8.123, time: 0.0037168080016272143
L: 0.50, u_super: 0.00645, sec: 359.958, prod: 0.146062, t_ads: 30.1, t_des: 27.2, bed_util_ads: 0.498, bed_util_des: 0.498, des_th: 0.49800237949196946,frac_lost: 0.101, li_recovered:  8.370, time: 0.0052333029998408165
L: 0.50, u_super: 0.00414, sec: 288.667, prod: 0.072856, t_ads: 47.2, t_des: 71.7, bed_util_ads: 0.432, bed_util_des: 0.431, des_th: 0.43074136412751995,frac_lost: 0.107, li_recovered:  8.663, time: 0.005915478001043084
L: 0.50, u_super: 0.00557, sec: 308.300, prod: 0.125945, t_ads: 34.8, t_des: 31.2, bed_util_ads: 0.499, bed_util_des: 0.499, des_th: 0.4989738948143001,frac_lost: 0.101, li_recovered:  8.306, time: 0.003883688999849255
L: 0.50, u_super: 0.00528, sec: 318.667, prod: 0.108687, t_ads: 36.7, t_des: 42.9, bed_util_ads: 0.465, bed_util_des: 0.465, des_th: 0.4646437272118401,frac_lost: 0.100, li_recovered:  8.660, time: 0.004409219998706249
L: 0.50, u_super: 0.00398, sec: 217.133, prod: 0.089369, t_ads: 48.8, t_des: 43.5, bed_util_ads: 0.499, bed_util_des: 0.498, des_th: 0.49842032715193446,frac_lost: 0.106, li_recovered:  8.248, time: 0.004002575000413344
L: 0.50, u_super: 0.00599, sec: 334.159, prod: 0.134715, t_ads: 32.4, t_des: 31.1, bed_util_ads: 0.492, bed_util_des: 0.491, des_th: 0.49131655480178443,frac_lost: 0.102, li_recovered:  8.554, time: 0.0043854630002897466
L: 0.50, u_super: 0.00990, sec: 576.792, prod: 0.224511, t_ads: 19.7, t_des: 17.9, bed_util_ads: 0.500, bed_util_des: 0.499, des_th: 0.49942132725883337,frac_lost: 0.105, li_recovered:  8.447, time: 0.0037677020009141415
L: 53.30, u_super: 0.00960 — INFEASIBLE (li_recovered=0.000e+00), time: 0.0012722350002150051
L: 0.50, u_super: 0.00462, sec: 273.020, prod: 0.096511, t_ads: 41.9, t_des: 47.6, bed_util_ads: 0.468, bed_util_des: 0.468, des_th: 0.4676670468897411,frac_lost: 0.101, li_recovered:  8.643, time: 0.004581781999149825
L: 0.50, u_super: 0.00826, sec: 472.280, prod: 0.186724, t_ads: 23.7, t_des: 21.8, bed_util_ads: 0.498, bed_util_des: 0.498, des_th: 0.4977166476433627,frac_lost: 0.107, li_recovered:  8.490, time: 0.004705598999862559
L: 13.47, u_super: 0.00055 — INFEASIBLE (li_recovered=0.000e+00), time: 0.0009255580007447861
L: 46.71, u_super: 0.00189 — INFEASIBLE (li_recovered=0.000e+00), time: 0.0007916659997135866
L: 0.50, u_super: 0.00367, sec: 199.511, prod: 0.082065, t_ads: 53.2, t_des: 47.4, bed_util_ads: 0.499, bed_util_des: 0.499, des_th: 0.49898417295112046,frac_lost: 0.109, li_recovered:  8.255, time: 0.0038101419995655306
L: 0.50, u_super: 0.00099, sec: 317.750, prod: 0.003591, t_ads: 200.4, t_des: 2250.8, bed_util_ads: 0.208, bed_util_des: 0.185, des_th: 0.1851696623157332,frac_lost: 0.104, li_recovered:  8.803, time: 0.02497549299914681
L: 0.50, u_super: 0.00324, sec: 175.351, prod: 0.072628, t_ads: 59.5, t_des: 52.9, bed_util_ads: 0.498, bed_util_des: 0.498, des_th: 0.49804689884696657,frac_lost: 0.101, li_recovered:  8.163, time: 0.005233882999164052
L: 30.47, u_super: 0.00861 — INFEASIBLE (li_recovered=0.000e+00), time: 0.002311401000042679
L: 0.50, u_super: 0.00202, sec: 108.490, prod: 0.044594, t_ads: 95.8, t_des: 86.3, bed_util_ads: 0.494, bed_util_des: 0.493, des_th: 0.4934900765643687,frac_lost: 0.107, li_recovered:  8.118, time: 0.004464652000024216
L: 0.50, u_super: 0.00649, sec: 362.549, prod: 0.147123, t_ads: 29.9, t_des: 27.3, bed_util_ads: 0.498, bed_util_des: 0.498, des_th: 0.4975431044089573,frac_lost: 0.101, li_recovered:  8.417, time: 0.005453403999126749
L: 0.50, u_super: 0.00716, sec: 411.978, prod: 0.158823, t_ads: 27.3, t_des: 27.2, bed_util_ads: 0.487, bed_util_des: 0.486, des_th: 0.4865053551283426,frac_lost: 0.106, li_recovered:  8.651, time: 0.005015580001781927
L: 0.50, u_super: 0.00802, sec: 457.630, prod: 0.181117, t_ads: 24.4, t_des: 22.7, bed_util_ads: 0.496, bed_util_des: 0.496, des_th: 0.49578209520618766,frac_lost: 0.107, li_recovered:  8.523, time: 0.005104719000883051
L: 0.50, u_super: 0.00050, sec: 29.321, prod: 0.009977, t_ads: 358.8, t_des: 319.8, bed_util_ads: 0.470, bed_util_des: 0.469, des_th: 0.46908753684889104,frac_lost: 0.103, li_recovered:  6.771, time: 0.004489295999519527
L: 0.50, u_super: 0.00826, sec: 471.899, prod: 0.186874, t_ads: 23.7, t_des: 21.8, bed_util_ads: 0.498, bed_util_des: 0.498, des_th: 0.4979425072882903,frac_lost: 0.105, li_recovered:  8.488, time: 0.004276233001291985
L: 0.50, u_super: 0.00462, sec: 253.149, prod: 0.104087, t_ads: 42.1, t_des: 38.5, bed_util_ads: 0.496, bed_util_des: 0.496, des_th: 0.49575727894727284,frac_lost: 0.105, li_recovered:  8.387, time: 0.0057459199997538235
L: 0.50, u_super: 0.00123, sec: 66.459, prod: 0.026791, t_ads: 154.2, t_des: 143.4, bed_util_ads: 0.484, bed_util_des: 0.483, des_th: 0.48338439743644607,frac_lost: 0.103, li_recovered:  7.971, time: 0.004784852999364375
L: 0.50, u_super: 0.00761, sec: 430.666, prod: 0.172691, t_ads: 25.5, t_des: 23.3, bed_util_ads: 0.498, bed_util_des: 0.498, des_th: 0.4977102052304835,frac_lost: 0.101, li_recovered:  8.430, time: 0.005935862998740049
L: 26.19, u_super: 0.00841 — INFEASIBLE (li_recovered=0.000e+00), time: 0.0016034469990700018
L: 52.51, u_super: 0.00202 — INFEASIBLE (li_recovered=0.000e+00), time: 0.000823606998892501
L: 80.51, u_super: 0.00491 — INFEASIBLE (li_recovered=0.000e+00), time: 0.0009021969999594148
   264 |    10560 |     40 |  0.0040903024 |             f
L: 0.50, u_super: 0.00284, sec: 152.974, prod: 0.063578, t_ads: 67.7, t_des: 61.1, bed_util_ads: 0.496, bed_util_des: 0.495, des_th: 0.49542392101998123,frac_lost: 0.101, li_recovered:  8.189, time: 0.004279405000488623
L: 0.50, u_super: 0.00045, sec: 27.446, prod: 0.008701, t_ads: 392.0, t_des: 335.9, bed_util_ads: 0.470, bed_util_des: 0.470, des_th: 0.46972683611854954,frac_lost: 0.103, li_recovered:  6.333, time: 0.004100696000023163
L: 0.50, u_super: 0.00798, sec: 454.023, prod: 0.181072, t_ads: 24.3, t_des: 22.5, bed_util_ads: 0.497, bed_util_des: 0.496, des_th: 0.49645425517874103,frac_lost: 0.101, li_recovered:  8.483, time: 0.004365643000710406
L: 0.50, u_super: 0.00332, sec: 179.942, prod: 0.074132, t_ads: 58.7, t_des: 52.3, bed_util_ads: 0.498, bed_util_des: 0.498, des_th: 0.49784740513743486,frac_lost: 0.109, li_recovered:  8.233, time: 0.004025838999950793
L: 0.50, u_super: 0.00467, sec: 256.136, prod: 0.104992, t_ads: 41.7, t_des: 37.2, bed_util_ads: 0.499, bed_util_des: 0.499, des_th: 0.4990834639119976,frac_lost: 0.106, li_recovered:  8.282, time: 0.004053975999340764
L: 0.50, u_super: 0.00273, sec: 147.646, prod: 0.060828, t_ads: 70.5, t_des: 62.2, bed_util_ads: 0.499, bed_util_des: 0.498, des_th: 0.498550360287804,frac_lost: 0.103, li_recovered:  8.072, time: 0.0041718030006450135
L: 0.50, u_super: 0.00858, sec: 492.940, prod: 0.194048, t_ads: 22.8, t_des: 21.1, bed_util_ads: 0.496, bed_util_des: 0.496, des_th: 0.49575986987449494,frac_lost: 0.106, li_recovered:  8.522, time: 0.004498113999943598
L: 0.50, u_super: 0.00826, sec: 472.355, prod: 0.186694, t_ads: 23.7, t_des: 21.4, bed_util_ads: 0.500, bed_util_des: 0.499, des_th: 0.4994587565533562,frac_lost: 0.108, li_recovered:  8.435, time: 0.0037374469993665116
L: 17.38, u_super: 0.00669 — INFEASIBLE (li_recovered=0.000e+00), time: 0.0017382080004608724
L: 0.50, u_super: 0.00541, sec: 298.387, prod: 0.122321, t_ads: 35.8, t_des: 32.5, bed_util_ads: 0.498, bed_util_des: 0.498, des_th: 0.4977166476433627,frac_lost: 0.101, li_recovered:  8.359, time: 0.004385591999380267
L: 0.50, u_super: 0.00568, sec: 314.537, prod: 0.128575, t_ads: 34.1, t_des: 31.0, bed_util_ads: 0.498, bed_util_des: 0.498, des_th: 0.49800237949196946,frac_lost: 0.101, li_recovered:  8.369, time: 0.00429966699994111
L: 0.50, u_super: 0.00233, sec: 125.734, prod: 0.051411, t_ads: 83.2, t_des: 72.8, bed_util_ads: 0.498, bed_util_des: 0.498, des_th: 0.4979330816238094,frac_lost: 0.107, li_recovered:  8.022, time: 0.0039815380005165935
L: 0.50, u_super: 0.00005, sec: 4.330, prod: 0.000669, t_ads: 3439.5, t_des: 5828.8, bed_util_ads: 0.253, bed_util_des: 0.185, des_th: 0.1851696623157332,frac_lost: 0.103, li_recovered:  6.199, time: 0.004557914000542951
L: 0.50, u_super: 0.00679, sec: 384.119, prod: 0.152441, t_ads: 28.8, t_des: 27.4, bed_util_ads: 0.493, bed_util_des: 0.492, des_th: 0.49249371798183034,frac_lost: 0.108, li_recovered:  8.579, time: 0.004877443998339004
L: 0.50, u_super: 0.00440, sec: 240.635, prod: 0.099051, t_ads: 44.2, t_des: 39.8, bed_util_ads: 0.498, bed_util_des: 0.498, des_th: 0.4975430737599577,frac_lost: 0.105, li_recovered:  8.319, time: 0.00428115000067919
L: 0.50, u_super: 0.00707, sec: 397.526, prod: 0.160355, t_ads: 27.4, t_des: 25.1, bed_util_ads: 0.498, bed_util_des: 0.498, des_th: 0.4975511742937643,frac_lost: 0.101, li_recovered:  8.423, time: 0.0048580470011074794
L: 0.50, u_super: 0.00822, sec: 469.460, prod: 0.186138, t_ads: 23.8, t_des: 21.6, bed_util_ads: 0.500, bed_util_des: 0.499, des_th: 0.4993873626417828,frac_lost: 0.105, li_recovered:  8.441, time: 0.003899140001522028
L: 0.50, u_super: 0.00243, sec: 135.397, prod: 0.052110, t_ads: 79.5, t_des: 83.8, bed_util_ads: 0.475, bed_util_des: 0.474, des_th: 0.4735866516429334,frac_lost: 0.104, li_recovered:  8.509, time: 0.004587051000271458
L: 0.50, u_super: 0.00761, sec: 432.545, prod: 0.171941, t_ads: 25.7, t_des: 23.6, bed_util_ads: 0.498, bed_util_des: 0.498, des_th: 0.4977102052304835,frac_lost: 0.108, li_recovered:  8.487, time: 0.004691446998549509
L: 0.50, u_super: 0.00024, sec: 27.357, prod: 0.002474, t_ads: 799.4, t_des: 2536.8, bed_util_ads: 0.289, bed_util_des: 0.243, des_th: 0.24311080347357442,frac_lost: 0.105, li_recovered:  8.253, time: 0.008096150999335805
L: 0.50, u_super: 0.00895, sec: 515.548, prod: 0.202745, t_ads: 21.8, t_des: 20.0, bed_util_ads: 0.497, bed_util_des: 0.497, des_th: 0.49703641278295757,frac_lost: 0.105, li_recovered:  8.482, time: 0.004568651000226964
L: 0.50, u_super: 0.00205, sec: 110.903, prod: 0.045295, t_ads: 94.0, t_des: 82.7, bed_util_ads: 0.496, bed_util_des: 0.496, des_th: 0.4959411765410026,frac_lost: 0.107, li_recovered:  8.002, time: 0.0036595229994418332
L: 2.05, u_super: 0.00005 — INFEASIBLE (li_recovered=0.000e+00), time: 0.0020000700005766703
L: 0.50, u_super: 0.00904, sec: 526.722, prod: 0.202958, t_ads: 21.6, t_des: 20.9, bed_util_ads: 0.490, bed_util_des: 0.490, des_th: 0.49009535628643386,frac_lost: 0.104, li_recovered:  8.630, time: 0.004781142999490839
L: 0.50, u_super: 0.00063, sec: 35.142, prod: 0.013061, t_ads: 292.8, t_des: 290.2, bed_util_ads: 0.464, bed_util_des: 0.461, des_th: 0.461814316709975,frac_lost: 0.101, li_recovered:  7.615, time: 0.003608619999795337
L: 0.50, u_super: 0.00968, sec: 562.962, prod: 0.219482, t_ads: 20.2, t_des: 18.3, bed_util_ads: 0.500, bed_util_des: 0.499, des_th: 0.49941612636817884,frac_lost: 0.106, li_recovered:  8.447, time: 0.006578231001185486
L: 0.50, u_super: 0.00473, sec: 277.268, prod: 0.099531, t_ads: 41.0, t_des: 45.8, bed_util_ads: 0.471, bed_util_des: 0.470, des_th: 0.46996347936497607,frac_lost: 0.102, li_recovered:  8.644, time: 0.006101296999986516
L: 0.50, u_super: 0.00939, sec: 543.896, prod: 0.212823, t_ads: 20.8, t_des: 19.1, bed_util_ads: 0.498, bed_util_des: 0.498, des_th: 0.49798698739020075,frac_lost: 0.105, li_recovered:  8.486, time: 0.0061724600000161445
L: 0.50, u_super: 0.00460, sec: 251.815, prod: 0.103449, t_ads: 42.4, t_des: 38.2, bed_util_ads: 0.498, bed_util_des: 0.498, des_th: 0.4975430737599577,frac_lost: 0.106, li_recovered:  8.337, time: 0.006209499000760843
L: 0.50, u_super: 0.00283, sec: 153.140, prod: 0.063013, t_ads: 68.1, t_des: 59.8, bed_util_ads: 0.498, bed_util_des: 0.498, des_th: 0.49810196292797126,frac_lost: 0.103, li_recovered:  8.065, time: 0.007237314999656519
L: 0.50, u_super: 0.00982, sec: 572.044, prod: 0.222469, t_ads: 19.9, t_des: 18.1, bed_util_ads: 0.500, bed_util_des: 0.500, des_th: 0.49985439876691046,frac_lost: 0.107, li_recovered:  8.457, time: 0.0067878350000682985
L: 0.50, u_super: 0.00055, sec: 33.700, prod: 0.010518, t_ads: 333.8, t_des: 407.2, bed_util_ads: 0.432, bed_util_des: 0.426, des_th: 0.4258181412772587,frac_lost: 0.100, li_recovered:  7.793, time: 0.005115526999361464
L: 0.50, u_super: 0.00072, sec: 39.876, prod: 0.015048, t_ads: 258.9, t_des: 258.0, bed_util_ads: 0.465, bed_util_des: 0.463, des_th: 0.4628691548236069,frac_lost: 0.102, li_recovered:  7.777, time: 0.006193569000970456
L: 0.50, u_super: 0.00490, sec: 269.024, prod: 0.110383, t_ads: 39.7, t_des: 36.7, bed_util_ads: 0.496, bed_util_des: 0.496, des_th: 0.49575986987449494,frac_lost: 0.104, li_recovered:  8.436, time: 0.004638416001398582
L: 0.50, u_super: 0.00489, sec: 268.088, prod: 0.110235, t_ads: 39.7, t_des: 36.3, bed_util_ads: 0.496, bed_util_des: 0.496, des_th: 0.49595408441758987,frac_lost: 0.103, li_recovered:  8.381, time: 0.004350904000602895
L: 0.50, u_super: 0.00946, sec: 548.282, prod: 0.214325, t_ads: 20.7, t_des: 18.9, bed_util_ads: 0.498, bed_util_des: 0.498, des_th: 0.4979425072882903,frac_lost: 0.105, li_recovered:  8.487, time: 0.005887178998818854
L: 0.50, u_super: 0.00106, sec: 58.816, prod: 0.022294, t_ads: 178.3, t_des: 151.0, bed_util_ads: 0.494, bed_util_des: 0.494, des_th: 0.4937288757464698,frac_lost: 0.104, li_recovered:  7.340, time: 0.004114302000743919
L: 0.50, u_super: 0.00347, sec: 187.870, prod: 0.077739, t_ads: 56.0, t_des: 51.2, bed_util_ads: 0.496, bed_util_des: 0.496, des_th: 0.4956951410691409,frac_lost: 0.106, li_recovered:  8.335, time: 0.004403344000820653
L: 0.50, u_super: 0.00753, sec: 480.885, prod: 0.151318, t_ads: 26.0, t_des: 31.5, bed_util_ads: 0.462, bed_util_des: 0.462, des_th: 0.461814316709975,frac_lost: 0.106, li_recovered:  8.704, time: 0.0047103510005399585
L: 0.50, u_super: 0.00154, sec: 84.259, prod: 0.033301, t_ads: 124.5, t_des: 106.2, bed_util_ads: 0.498, bed_util_des: 0.498, des_th: 0.4979425072882903,frac_lost: 0.108, li_recovered:  7.682, time: 0.005512970001291251
   265 |    10600 |     40 |  0.0031981241 |             f
L: 0.50, u_super: 0.00669, sec: 403.743, prod: 0.140449, t_ads: 29.2, t_des: 32.6, bed_util_ads: 0.473, bed_util_des: 0.472, des_th: 0.47216701101411857,frac_lost: 0.106, li_recovered:  8.689, time: 0.004554069000732852
L: 0.50, u_super: 0.00220, sec: 119.264, prod: 0.048609, t_ads: 87.6, t_des: 76.3, bed_util_ads: 0.499, bed_util_des: 0.499, des_th: 0.49867979692444747,frac_lost: 0.106, li_recovered:  7.963, time: 0.005684305999238859
L: 0.50, u_super: 0.00990, sec: 576.736, prod: 0.224529, t_ads: 19.7, t_des: 17.9, bed_util_ads: 0.500, bed_util_des: 0.499, des_th: 0.49942132725883337,frac_lost: 0.105, li_recovered:  8.447, time: 0.0044811690004280536
L: 0.50, u_super: 0.00543, sec: 299.470, prod: 0.122677, t_ads: 35.7, t_des: 32.4, bed_util_ads: 0.498, bed_util_des: 0.498, des_th: 0.49781717359755967,frac_lost: 0.102, li_recovered:  8.355, time: 0.005794639000669122
L: 0.50, u_super: 0.00912, sec: 543.019, prod: 0.200403, t_ads: 21.4, t_des: 22.0, bed_util_ads: 0.483, bed_util_des: 0.483, des_th: 0.48293689075917107,frac_lost: 0.104, li_recovered:  8.690, time: 0.005246589000307722
L: 0.50, u_super: 0.00707, sec: 399.625, prod: 0.159512, t_ads: 27.7, t_des: 25.7, bed_util_ads: 0.496, bed_util_des: 0.496, des_th: 0.49576709968074717,frac_lost: 0.108, li_recovered:  8.514, time: 0.005133504000696121
L: 0.50, u_super: 0.00168, sec: 92.377, prod: 0.036415, t_ads: 113.5, t_des: 95.7, bed_util_ads: 0.500, bed_util_des: 0.500, des_th: 0.4998659645129728,frac_lost: 0.104, li_recovered:  7.620, time: 0.006366418998368317
L: 0.50, u_super: 0.00865, sec: 497.156, prod: 0.195665, t_ads: 22.6, t_des: 20.7, bed_util_ads: 0.498, bed_util_des: 0.498, des_th: 0.49773778603207336,frac_lost: 0.107, li_recovered:  8.488, time: 0.006038624000211712
L: 0.50, u_super: 0.00377, sec: 219.035, prod: 0.079108, t_ads: 51.5, t_des: 57.4, bed_util_ads: 0.471, bed_util_des: 0.470, des_th: 0.4703859510312468,frac_lost: 0.105, li_recovered:  8.617, time: 0.005246419001196045
L: 0.50, u_super: 0.00608, sec: 346.147, prod: 0.134563, t_ads: 31.9, t_des: 32.3, bed_util_ads: 0.484, bed_util_des: 0.484, des_th: 0.48411333727116784,frac_lost: 0.102, li_recovered:  8.638, time: 0.0057584070000302745
L: 0.50, u_super: 0.00343, sec: 186.747, prod: 0.076492, t_ads: 56.2, t_des: 54.8, bed_util_ads: 0.487, bed_util_des: 0.487, des_th: 0.4869248954199403,frac_lost: 0.101, li_recovered:  8.495, time: 0.006484584999270737
L: 5.62, u_super: 0.00990 — INFEASIBLE (li_recovered=0.000e+00), time: 0.004486765999899944
L: 0.50, u_super: 0.00554, sec: 306.930, prod: 0.124719, t_ads: 35.4, t_des: 32.1, bed_util_ads: 0.498, bed_util_des: 0.498, des_th: 0.4975430737599577,frac_lost: 0.109, li_recovered:  8.417, time: 0.004466034999495605
L: 0.50, u_super: 0.00123, sec: 68.189, prod: 0.026111, t_ads: 154.3, t_des: 129.6, bed_util_ads: 0.497, bed_util_des: 0.496, des_th: 0.4965928966925644,frac_lost: 0.105, li_recovered:  7.413, time: 0.005990912999550346
L: 0.50, u_super: 0.00663, sec: 370.936, prod: 0.150279, t_ads: 29.2, t_des: 26.5, bed_util_ads: 0.498, bed_util_des: 0.498, des_th: 0.4977166476433627,frac_lost: 0.101, li_recovered:  8.381, time: 0.006155267999929492
L: 0.50, u_super: 0.00288, sec: 154.833, prod: 0.064327, t_ads: 67.1, t_des: 62.7, bed_util_ads: 0.491, bed_util_des: 0.490, des_th: 0.4904059808983289,frac_lost: 0.102, li_recovered:  8.348, time: 0.00587850800002343
L: 0.50, u_super: 0.00669, sec: 376.055, prod: 0.150790, t_ads: 29.3, t_des: 27.2, bed_util_ads: 0.495, bed_util_des: 0.495, des_th: 0.49462628931001923,frac_lost: 0.107, li_recovered:  8.513, time: 0.0068389139996725135
L: 0.50, u_super: 0.00005, sec: 4.324, prod: 0.000670, t_ads: 3442.0, t_des: 5873.1, bed_util_ads: 0.253, bed_util_des: 0.185, des_th: 0.1851696623157332,frac_lost: 0.103, li_recovered:  6.237, time: 0.007737701000223751
L: 0.50, u_super: 0.00679, sec: 400.290, prod: 0.146282, t_ads: 28.8, t_des: 30.5, bed_util_ads: 0.479, bed_util_des: 0.479, des_th: 0.47871983719535877,frac_lost: 0.108, li_recovered:  8.684, time: 0.005923808001170983
L: 0.50, u_super: 0.00788, sec: 447.173, prod: 0.178887, t_ads: 24.6, t_des: 22.5, bed_util_ads: 0.498, bed_util_des: 0.498, des_th: 0.49774460356451955,frac_lost: 0.100, li_recovered:  8.435, time: 0.005800642999020056
L: 3.63, u_super: 0.00608 — INFEASIBLE (li_recovered=0.000e+00), time: 0.0029185220009821933
L: 59.28, u_super: 0.00968 — INFEASIBLE (li_recovered=0.000e+00), time: 0.0010444540002936265
L: 51.53, u_super: 0.00106 — INFEASIBLE (li_recovered=0.000e+00), time: 0.0011429520000092452
L: 0.50, u_super: 0.00374, sec: 203.388, prod: 0.083980, t_ads: 52.0, t_des: 46.9, bed_util_ads: 0.498, bed_util_des: 0.497, des_th: 0.4974792156821297,frac_lost: 0.107, li_recovered:  8.307, time: 0.005603012999927159
L: 0.50, u_super: 0.00832, sec: 489.325, prod: 0.183305, t_ads: 23.5, t_des: 23.9, bed_util_ads: 0.484, bed_util_des: 0.484, des_th: 0.48380661355392807,frac_lost: 0.106, li_recovered:  8.679, time: 0.0072477209996577585
L: 0.50, u_super: 0.00739, sec: 419.266, prod: 0.166857, t_ads: 26.5, t_des: 24.6, bed_util_ads: 0.496, bed_util_des: 0.496, des_th: 0.49573873148554076,frac_lost: 0.108, li_recovered:  8.518, time: 0.007101712000803673
L: 0.50, u_super: 0.00051, sec: 152.915, prod: 0.001979, t_ads: 390.6, t_des: 4083.4, bed_util_ads: 0.205, bed_util_des: 0.164, des_th: 0.1644535816152289,frac_lost: 0.102, li_recovered:  8.852, time: 0.027541268998902524
L: 2.09, u_super: 0.00167 — INFEASIBLE (li_recovered=0.000e+00), time: 0.002988349999213824
L: 0.50, u_super: 0.00421, sec: 230.068, prod: 0.094656, t_ads: 46.3, t_des: 41.7, bed_util_ads: 0.498, bed_util_des: 0.498, des_th: 0.4981067349559419,frac_lost: 0.107, li_recovered:  8.324, time: 0.005387691000578343
L: 0.50, u_super: 0.00858, sec: 493.220, prod: 0.193938, t_ads: 22.8, t_des: 21.2, bed_util_ads: 0.496, bed_util_des: 0.496, des_th: 0.4955836320352001,frac_lost: 0.107, li_recovered:  8.527, time: 0.006508644000859931
L: 2.56, u_super: 0.00413 — INFEASIBLE (li_recovered=0.000e+00), time: 0.0038233909999689786
L: 0.50, u_super: 0.00081, sec: 44.875, prod: 0.017299, t_ads: 230.4, t_des: 216.6, bed_util_ads: 0.477, bed_util_des: 0.475, des_th: 0.4749887429931788,frac_lost: 0.107, li_recovered:  7.733, time: 0.007665025001188042
L: 120.29, u_super: 0.00279 — INFEASIBLE (li_recovered=0.000e+00), time: 0.001214738000271609
L: 0.50, u_super: 0.00599, sec: 336.271, prod: 0.133868, t_ads: 32.4, t_des: 31.8, bed_util_ads: 0.489, bed_util_des: 0.489, des_th: 0.4885850132102837,frac_lost: 0.101, li_recovered:  8.599, time: 0.006537179000588367
L: 0.50, u_super: 0.00785, sec: 445.476, prod: 0.178037, t_ads: 24.8, t_des: 22.6, bed_util_ads: 0.498, bed_util_des: 0.498, des_th: 0.4977102052304835,frac_lost: 0.102, li_recovered:  8.435, time: 0.0064072229997691466
L: 11.30, u_super: 0.00380 — INFEASIBLE (li_recovered=0.000e+00), time: 0.0019412689998716814
L: 0.50, u_super: 0.00985, sec: 579.711, prod: 0.220756, t_ads: 19.8, t_des: 19.3, bed_util_ads: 0.490, bed_util_des: 0.490, des_th: 0.49006610245871973,frac_lost: 0.105, li_recovered:  8.642, time: 0.0074435160004213685
L: 0.50, u_super: 0.00656, sec: 461.441, prod: 0.118048, t_ads: 29.8, t_des: 43.9, bed_util_ads: 0.437, bed_util_des: 0.436, des_th: 0.4362736783412581,frac_lost: 0.105, li_recovered:  8.702, time: 0.008813242000542232
L: 0.50, u_super: 0.00939, sec: 543.365, prod: 0.213031, t_ads: 20.8, t_des: 18.9, bed_util_ads: 0.499, bed_util_des: 0.499, des_th: 0.49936280915560843,frac_lost: 0.103, li_recovered:  8.444, time: 0.006161204000818543
L: 0.50, u_super: 0.00589, sec: 326.790, prod: 0.133184, t_ads: 33.0, t_des: 29.8, bed_util_ads: 0.498, bed_util_des: 0.498, des_th: 0.49775306069334696,frac_lost: 0.102, li_recovered:  8.365, time: 0.0067752329996437766
   266 |    10640 |     40 |  0.0019216568 |             f
L: 0.50, u_super: 0.00549, sec: 303.459, prod: 0.123912, t_ads: 35.4, t_des: 31.6, bed_util_ads: 0.499, bed_util_des: 0.499, des_th: 0.49920504702933105,frac_lost: 0.102, li_recovered:  8.300, time: 0.007124085999748786
L: 0.50, u_super: 0.00788, sec: 447.138, prod: 0.178901, t_ads: 24.6, t_des: 22.5, bed_util_ads: 0.498, bed_util_des: 0.498, des_th: 0.49774460356451955,frac_lost: 0.100, li_recovered:  8.433, time: 0.007923264000055497
L: 0.50, u_super: 0.00288, sec: 154.703, prod: 0.064381, t_ads: 67.0, t_des: 61.2, bed_util_ads: 0.495, bed_util_des: 0.495, des_th: 0.49473860536631364,frac_lost: 0.102, li_recovered:  8.252, time: 0.007288300001164316
L: 0.50, u_super: 0.00042 — INFEASIBLE (li_recovered=0.000e+00), time: 0.004343265998613788
L: 0.50, u_super: 0.00189, sec: 101.965, prod: 0.041537, t_ads: 101.2, t_des: 88.9, bed_util_ads: 0.496, bed_util_des: 0.496, des_th: 0.49590223925894744,frac_lost: 0.101, li_recovered:  7.897, time: 0.006349369999952614
L: 0.50, u_super: 0.00005 — INFEASIBLE (li_recovered=0.000e+00), time: 0.0014868620000925148
L: 0.50, u_super: 0.00130, sec: 76.611, prod: 0.025833, t_ads: 147.7, t_des: 175.2, bed_util_ads: 0.453, bed_util_des: 0.450, des_th: 0.4503922194292024,frac_lost: 0.105, li_recovered:  8.341, time: 0.009009551999042742
L: 0.50, u_super: 0.00488, sec: 268.061, prod: 0.110116, t_ads: 39.8, t_des: 35.9, bed_util_ads: 0.498, bed_util_des: 0.498, des_th: 0.49776015787464223,frac_lost: 0.103, li_recovered:  8.329, time: 0.007139490999179543
L: 0.50, u_super: 0.00314, sec: 169.775, prod: 0.070274, t_ads: 61.4, t_des: 54.7, bed_util_ads: 0.498, bed_util_des: 0.498, des_th: 0.4975511742937643,frac_lost: 0.102, li_recovered:  8.161, time: 0.0077253690014913445
L: 0.50, u_super: 0.00440, sec: 240.619, prod: 0.099057, t_ads: 44.2, t_des: 39.8, bed_util_ads: 0.498, bed_util_des: 0.497, des_th: 0.4974455772337938,frac_lost: 0.105, li_recovered:  8.319, time: 0.007841057000405272
L: 0.50, u_super: 0.00968, sec: 562.476, prod: 0.219481, t_ads: 20.2, t_des: 18.3, bed_util_ads: 0.500, bed_util_des: 0.499, des_th: 0.49951456845135067,frac_lost: 0.105, li_recovered:  8.446, time: 0.009345382000901736
L: 8.74, u_super: 0.00680 — INFEASIBLE (li_recovered=0.000e+00), time: 0.00435850199937704
L: 0.50, u_super: 0.00924, sec: 536.912, prod: 0.208376, t_ads: 21.1, t_des: 20.1, bed_util_ads: 0.494, bed_util_des: 0.493, des_th: 0.4933953527392848,frac_lost: 0.105, li_recovered:  8.595, time: 0.00789954300125828
L: 0.50, u_super: 0.00199, sec: 110.318, prod: 0.042884, t_ads: 96.8, t_des: 100.2, bed_util_ads: 0.476, bed_util_des: 0.474, des_th: 0.47448156471047215,frac_lost: 0.106, li_recovered:  8.449, time: 0.006127300999651197
L: 0.50, u_super: 0.00007, sec: 6.170, prod: 0.000904, t_ads: 2659.6, t_des: 5380.1, bed_util_ads: 0.259, bed_util_des: 0.185, des_th: 0.18471542123605594,frac_lost: 0.103, li_recovered:  7.267, time: 0.009625446000427473
L: 47.32, u_super: 0.00147 — INFEASIBLE (li_recovered=0.000e+00), time: 0.0009981929997593397
L: 0.50, u_super: 0.00226, sec: 122.486, prod: 0.049879, t_ads: 85.3, t_des: 74.2, bed_util_ads: 0.498, bed_util_des: 0.498, des_th: 0.4980816506802731,frac_lost: 0.106, li_recovered:  7.956, time: 0.004464838999410858
L: 0.50, u_super: 0.00788, sec: 447.725, prod: 0.178667, t_ads: 24.7, t_des: 22.8, bed_util_ads: 0.497, bed_util_des: 0.497, des_th: 0.4968487825716248,frac_lost: 0.102, li_recovered:  8.482, time: 0.0073110559987981105
L: 0.50, u_super: 0.00123, sec: 66.617, prod: 0.026727, t_ads: 154.3, t_des: 140.2, bed_util_ads: 0.487, bed_util_des: 0.486, des_th: 0.4862382202910577,frac_lost: 0.104, li_recovered:  7.872, time: 0.007228624001072603
L: 0.50, u_super: 0.00372, sec: 202.742, prod: 0.083335, t_ads: 52.2, t_des: 46.1, bed_util_ads: 0.500, bed_util_des: 0.500, des_th: 0.4995827859763825,frac_lost: 0.107, li_recovered:  8.198, time: 0.00738465800168342
L: 0.50, u_super: 0.00990, sec: 576.736, prod: 0.224529, t_ads: 19.7, t_des: 17.9, bed_util_ads: 0.500, bed_util_des: 0.499, des_th: 0.49942132725883337,frac_lost: 0.105, li_recovered:  8.447, time: 0.007579672999781906
L: 0.50, u_super: 0.00826, sec: 471.899, prod: 0.186874, t_ads: 23.7, t_des: 21.8, bed_util_ads: 0.498, bed_util_des: 0.498, des_th: 0.4979425072882903,frac_lost: 0.105, li_recovered:  8.488, time: 0.0070340410002245335
L: 0.50, u_super: 0.00886, sec: 510.677, prod: 0.200608, t_ads: 22.1, t_des: 20.2, bed_util_ads: 0.498, bed_util_des: 0.498, des_th: 0.4977166476433627,frac_lost: 0.107, li_recovered:  8.491, time: 0.006592322999495082
L: 0.50, u_super: 0.00721, sec: 407.739, prod: 0.162922, t_ads: 27.1, t_des: 24.9, bed_util_ads: 0.498, bed_util_des: 0.498, des_th: 0.4977166476433627,frac_lost: 0.108, li_recovered:  8.473, time: 0.007386208999378141
L: 0.50, u_super: 0.00143, sec: 77.012, prod: 0.031255, t_ads: 133.9, t_des: 126.3, bed_util_ads: 0.485, bed_util_des: 0.484, des_th: 0.48361482168765535,frac_lost: 0.106, li_recovered:  8.133, time: 0.006205616000443115
L: 0.50, u_super: 0.00179, sec: 684.468, prod: 0.005526, t_ads: 110.0, t_des: 1480.5, bed_util_ads: 0.199, bed_util_des: 0.185, des_th: 0.1851696623157332,frac_lost: 0.102, li_recovered:  8.790, time: 0.04479621799873712
L: 0.50, u_super: 0.00542, sec: 323.770, prod: 0.113045, t_ads: 35.9, t_des: 40.8, bed_util_ads: 0.470, bed_util_des: 0.470, des_th: 0.4695671930198504,frac_lost: 0.103, li_recovered:  8.665, time: 0.00538480300019728
L: 0.50, u_super: 0.00640, sec: 357.390, prod: 0.144938, t_ads: 30.3, t_des: 27.5, bed_util_ads: 0.498, bed_util_des: 0.498, des_th: 0.4980976578713974,frac_lost: 0.102, li_recovered:  8.377, time: 0.004066638999574934
L: 0.50, u_super: 0.00694, sec: 389.339, prod: 0.157265, t_ads: 28.0, t_des: 25.4, bed_util_ads: 0.498, bed_util_des: 0.498, des_th: 0.49804689884696657,frac_lost: 0.100, li_recovered:  8.383, time: 0.0064667099995858734
L: 0.50, u_super: 0.00288, sec: 154.842, prod: 0.064323, t_ads: 67.0, t_des: 60.4, bed_util_ads: 0.496, bed_util_des: 0.496, des_th: 0.49594485503071084,frac_lost: 0.102, li_recovered:  8.199, time: 0.0053498090001085075
L: 0.50, u_super: 0.00990, sec: 576.453, prod: 0.224563, t_ads: 19.7, t_des: 17.9, bed_util_ads: 0.500, bed_util_des: 0.499, des_th: 0.49941608397314935,frac_lost: 0.104, li_recovered:  8.447, time: 0.0064169709985435475
L: 0.50, u_super: 0.00727, sec: 411.645, prod: 0.164217, t_ads: 27.0, t_des: 24.5, bed_util_ads: 0.498, bed_util_des: 0.498, des_th: 0.49824075796083656,frac_lost: 0.109, li_recovered:  8.448, time: 0.006304129999989527
L: 0.50, u_super: 0.00070, sec: 38.863, prod: 0.014530, t_ads: 267.3, t_des: 244.5, bed_util_ads: 0.476, bed_util_des: 0.475, des_th: 0.4749887429931788,frac_lost: 0.107, li_recovered:  7.437, time: 0.0060067289996368345
L: 0.50, u_super: 0.00598, sec: 333.616, prod: 0.134872, t_ads: 32.7, t_des: 29.8, bed_util_ads: 0.498, bed_util_des: 0.498, des_th: 0.49775306069334696,frac_lost: 0.109, li_recovered:  8.430, time: 0.005218411999521777
L: 0.50, u_super: 0.00508, sec: 279.997, prod: 0.114602, t_ads: 38.2, t_des: 35.9, bed_util_ads: 0.493, bed_util_des: 0.493, des_th: 0.4932202733224276,frac_lost: 0.102, li_recovered:  8.485, time: 0.005647170999509399
L: 0.50, u_super: 0.00167, sec: 123.178, prod: 0.026744, t_ads: 115.6, t_des: 202.9, bed_util_ads: 0.408, bed_util_des: 0.403, des_th: 0.40339081082443495,frac_lost: 0.102, li_recovered:  8.518, time: 0.005856058000063058
L: 0.50, u_super: 0.00319, sec: 172.302, prod: 0.071252, t_ads: 60.6, t_des: 53.9, bed_util_ads: 0.499, bed_util_des: 0.499, des_th: 0.4986450450911409,frac_lost: 0.103, li_recovered:  8.159, time: 0.006257058999835863
L: 0.50, u_super: 0.00858, sec: 492.534, prod: 0.194208, t_ads: 22.8, t_des: 20.9, bed_util_ads: 0.498, bed_util_des: 0.498, des_th: 0.49761080319474466,frac_lost: 0.106, li_recovered:  8.487, time: 0.005743095000070753
L: 95.49, u_super: 0.00802 — INFEASIBLE (li_recovered=0.000e+00), time: 0.0007758450010442175
L: 0.50, u_super: 0.00990, sec: 576.616, prod: 0.224465, t_ads: 19.7, t_des: 17.9, bed_util_ads: 0.500, bed_util_des: 0.499, des_th: 0.49942132725883337,frac_lost: 0.105, li_recovered:  8.445, time: 0.004955123999025091
   267 |    10680 |     40 |  0.0055859540 |             f
L: 52.88, u_super: 0.00831 — INFEASIBLE (li_recovered=0.000e+00), time: 0.0011141119994135806
L: 0.50, u_super: 0.00912, sec: 534.302, prod: 0.203672, t_ads: 21.4, t_des: 21.0, bed_util_ads: 0.489, bed_util_des: 0.489, des_th: 0.48901738114403376,frac_lost: 0.106, li_recovered:  8.653, time: 0.005688420000296901
L: 0.50, u_super: 0.00761, sec: 430.764, prod: 0.172652, t_ads: 25.5, t_des: 23.3, bed_util_ads: 0.498, bed_util_des: 0.498, des_th: 0.4977102052304835,frac_lost: 0.101, li_recovered:  8.430, time: 0.003849786000500899
L: 0.50, u_super: 0.00345, sec: 1527.358, prod: 0.009440, t_ads: 57.0, t_des: 873.7, bed_util_ads: 0.192, bed_util_des: 0.185, des_th: 0.18471542123605594,frac_lost: 0.103, li_recovered:  8.786, time: 0.03566486600175267
L: 25.08, u_super: 0.00398 — INFEASIBLE (li_recovered=0.000e+00), time: 0.0015036060012789676
L: 0.50, u_super: 0.00541, sec: 304.413, prod: 0.120074, t_ads: 35.8, t_des: 36.0, bed_util_ads: 0.485, bed_util_des: 0.484, des_th: 0.48435279002454334,frac_lost: 0.100, li_recovered:  8.615, time: 0.004730516000563512
L: 0.50, u_super: 0.00041 — INFEASIBLE (li_recovered=0.000e+00), time: 0.0021377819994086167
L: 0.50, u_super: 0.00592, sec: 328.721, prod: 0.133897, t_ads: 32.8, t_des: 30.1, bed_util_ads: 0.497, bed_util_des: 0.497, des_th: 0.49656098107462104,frac_lost: 0.103, li_recovered:  8.422, time: 0.005492443000548519
L: 0.50, u_super: 0.00509, sec: 279.498, prod: 0.114873, t_ads: 38.1, t_des: 34.6, bed_util_ads: 0.498, bed_util_des: 0.498, des_th: 0.49800237949196946,frac_lost: 0.101, li_recovered:  8.347, time: 0.003942280000046594
L: 0.50, u_super: 0.00571, sec: 317.014, prod: 0.128562, t_ads: 34.3, t_des: 31.2, bed_util_ads: 0.498, bed_util_des: 0.498, des_th: 0.49800237949196946,frac_lost: 0.109, li_recovered:  8.423, time: 0.00417038900013722
L: 0.50, u_super: 0.00540, sec: 297.981, prod: 0.121781, t_ads: 36.1, t_des: 32.5, bed_util_ads: 0.499, bed_util_des: 0.499, des_th: 0.49920504702933105,frac_lost: 0.104, li_recovered:  8.352, time: 0.004240947999278433
L: 0.50, u_super: 0.00006 — INFEASIBLE (li_recovered=0.000e+00), time: 0.0008805029992799973
L: 6.12, u_super: 0.00347 — INFEASIBLE (li_recovered=0.000e+00), time: 0.0016374250008084346
L: 48.56, u_super: 0.00523 — INFEASIBLE (li_recovered=0.000e+00), time: 0.0008235730001615593
L: 0.50, u_super: 0.00031 — INFEASIBLE (li_recovered=0.000e+00), time: 0.001836221999838017
L: 0.50, u_super: 0.00459, sec: 275.248, prod: 0.094341, t_ads: 42.2, t_des: 49.4, bed_util_ads: 0.465, bed_util_des: 0.465, des_th: 0.46473707779700246,frac_lost: 0.101, li_recovered:  8.645, time: 0.004784875998666394
L: 0.50, u_super: 0.00070 — INFEASIBLE (li_recovered=0.000e+00), time: 0.0020806979991903063
L: 5.37, u_super: 0.00826 — INFEASIBLE (li_recovered=0.000e+00), time: 0.0021788779995404184
L: 0.50, u_super: 0.00123, sec: 67.523, prod: 0.026368, t_ads: 154.5, t_des: 133.0, bed_util_ads: 0.493, bed_util_des: 0.493, des_th: 0.49304006968719266,frac_lost: 0.105, li_recovered:  7.581, time: 0.00335210699995514
L: 0.50, u_super: 0.00858, sec: 492.534, prod: 0.194208, t_ads: 22.8, t_des: 20.9, bed_util_ads: 0.498, bed_util_des: 0.498, des_th: 0.49761080319474466,frac_lost: 0.106, li_recovered:  8.487, time: 0.004261260999555816
L: 0.50, u_super: 0.00886, sec: 510.312, prod: 0.200752, t_ads: 22.0, t_des: 20.3, bed_util_ads: 0.498, bed_util_des: 0.498, des_th: 0.4977166476433627,frac_lost: 0.105, li_recovered:  8.498, time: 0.004122485001062159
L: 0.50, u_super: 0.00015 — INFEASIBLE (li_recovered=0.000e+00), time: 0.0012258099995960947
L: 0.50, u_super: 0.00799, sec: 454.037, prod: 0.181296, t_ads: 24.3, t_des: 22.2, bed_util_ads: 0.499, bed_util_des: 0.498, des_th: 0.49843565960094627,frac_lost: 0.101, li_recovered:  8.426, time: 0.0047096479993342655
L: 0.50, u_super: 0.00712, sec: 400.505, prod: 0.161368, t_ads: 27.2, t_des: 24.6, bed_util_ads: 0.499, bed_util_des: 0.499, des_th: 0.4992682219749457,frac_lost: 0.101, li_recovered:  8.367, time: 0.004626456000551116
L: 0.50, u_super: 0.00111, sec: 311.427, prod: 0.004619, t_ads: 178.8, t_des: 1722.9, bed_util_ads: 0.222, bed_util_des: 0.202, des_th: 0.20238206959233232,frac_lost: 0.107, li_recovered:  8.783, time: 0.026098559999809368
L: 0.50, u_super: 0.00460, sec: 325.946, prod: 0.079975, t_ads: 42.3, t_des: 66.1, bed_util_ads: 0.429, bed_util_des: 0.428, des_th: 0.4278195073733861,frac_lost: 0.102, li_recovered:  8.670, time: 0.006599776999792084
L: 13.67, u_super: 0.00559 — INFEASIBLE (li_recovered=0.000e+00), time: 0.0021385939999163384
L: 0.50, u_super: 0.00526, sec: 289.860, prod: 0.118931, t_ads: 36.8, t_des: 33.4, bed_util_ads: 0.498, bed_util_des: 0.498, des_th: 0.4975430737599577,frac_lost: 0.102, li_recovered:  8.357, time: 0.006343926999761607
L: 0.50, u_super: 0.00858, sec: 494.368, prod: 0.193488, t_ads: 22.9, t_des: 21.4, bed_util_ads: 0.495, bed_util_des: 0.495, des_th: 0.4948389985527563,frac_lost: 0.108, li_recovered:  8.561, time: 0.004517564999332535
L: 0.50, u_super: 0.00886, sec: 6474.980, prod: 0.015822, t_ads: 22.1, t_des: 533.0, bed_util_ads: 0.162, bed_util_des: 0.158, des_th: 0.15849088879931741,frac_lost: 0.102, li_recovered:  8.782, time: 0.06448460100000375
L: 0.50, u_super: 0.00266, sec: 143.783, prod: 0.059243, t_ads: 72.3, t_des: 63.7, bed_util_ads: 0.498, bed_util_des: 0.498, des_th: 0.49810196292797126,frac_lost: 0.102, li_recovered:  8.060, time: 0.005382981998991454
L: 0.50, u_super: 0.00005, sec: 4.331, prod: 0.000669, t_ads: 3400.5, t_des: 5784.7, bed_util_ads: 0.251, bed_util_des: 0.185, des_th: 0.1851696623157332,frac_lost: 0.100, li_recovered:  6.140, time: 0.008038766000026953
L: 0.50, u_super: 0.00404, sec: 223.228, prod: 0.089513, t_ads: 48.1, t_des: 47.6, bed_util_ads: 0.485, bed_util_des: 0.485, des_th: 0.48483414947481407,frac_lost: 0.104, li_recovered:  8.566, time: 0.006491305999588803
L: 9.17, u_super: 0.00990 — INFEASIBLE (li_recovered=0.000e+00), time: 0.00414178500068374
L: 0.50, u_super: 0.00167, sec: 89.707, prod: 0.036723, t_ads: 114.7, t_des: 109.1, bed_util_ads: 0.485, bed_util_des: 0.484, des_th: 0.48392053720502737,frac_lost: 0.103, li_recovered:  8.219, time: 0.004865065000558388
L: 0.50, u_super: 0.00786, sec: 454.664, prod: 0.175140, t_ads: 24.9, t_des: 24.5, bed_util_ads: 0.488, bed_util_des: 0.488, des_th: 0.48808170359857167,frac_lost: 0.107, li_recovered:  8.647, time: 0.005661047000103281
L: 0.50, u_super: 0.00705, sec: 396.300, prod: 0.159873, t_ads: 27.5, t_des: 24.9, bed_util_ads: 0.499, bed_util_des: 0.498, des_th: 0.4984227659618707,frac_lost: 0.100, li_recovered:  8.373, time: 0.0063046340001164936
L: 0.50, u_super: 0.00294, sec: 159.209, prod: 0.065654, t_ads: 65.4, t_des: 57.5, bed_util_ads: 0.498, bed_util_des: 0.498, des_th: 0.4979425072882903,frac_lost: 0.101, li_recovered:  8.070, time: 0.0054815860003145644
L: 0.50, u_super: 0.00361, sec: 196.215, prod: 0.080906, t_ads: 53.9, t_des: 48.1, bed_util_ads: 0.498, bed_util_des: 0.498, des_th: 0.49771420883342643,frac_lost: 0.107, li_recovered:  8.250, time: 0.006617995000851806
L: 0.50, u_super: 0.00819, sec: 469.052, prod: 0.184720, t_ads: 23.9, t_des: 22.5, bed_util_ads: 0.495, bed_util_des: 0.495, des_th: 0.49473860536631364,frac_lost: 0.106, li_recovered:  8.560, time: 0.005995815999995102
   268 |    10720 |     40 |  0.0015447126 |             f
L: 0.50, u_super: 0.00972, sec: 580.526, prod: 0.214756, t_ads: 20.1, t_des: 20.4, bed_util_ads: 0.485, bed_util_des: 0.485, des_th: 0.48474526493635145,frac_lost: 0.104, li_recovered:  8.687, time: 0.005770011999629787
L: 0.50, u_super: 0.00748, sec: 423.937, prod: 0.169160, t_ads: 26.1, t_des: 23.8, bed_util_ads: 0.498, bed_util_des: 0.498, des_th: 0.4977102052304835,frac_lost: 0.107, li_recovered:  8.447, time: 0.006587535001017386
L: 0.50, u_super: 0.00488, sec: 295.352, prod: 0.099941, t_ads: 39.7, t_des: 46.9, bed_util_ads: 0.465, bed_util_des: 0.464, des_th: 0.4638958078221354,frac_lost: 0.101, li_recovered:  8.654, time: 0.0063365120004164055
L: 0.50, u_super: 0.00372, sec: 202.744, prod: 0.083334, t_ads: 52.3, t_des: 46.2, bed_util_ads: 0.500, bed_util_des: 0.499, des_th: 0.49942543570578307,frac_lost: 0.107, li_recovered:  8.207, time: 0.005234276000919635
L: 0.50, u_super: 0.00569, sec: 333.627, prod: 0.121632, t_ads: 34.1, t_des: 37.1, bed_util_ads: 0.475, bed_util_des: 0.475, des_th: 0.47456963234697025,frac_lost: 0.102, li_recovered:  8.664, time: 0.005763891000242438
L: 0.50, u_super: 0.00879, sec: 505.156, prod: 0.199115, t_ads: 22.2, t_des: 20.4, bed_util_ads: 0.498, bed_util_des: 0.498, des_th: 0.4977166476433627,frac_lost: 0.104, li_recovered:  8.486, time: 0.005343950000678888
L: 14.54, u_super: 0.00005 — INFEASIBLE (li_recovered=0.000e+00), time: 0.0006962220013519982
L: 0.50, u_super: 0.00398, sec: 216.658, prod: 0.089565, t_ads: 48.7, t_des: 44.2, bed_util_ads: 0.496, bed_util_des: 0.496, des_th: 0.49609033470248837,frac_lost: 0.104, li_recovered:  8.321, time: 0.00618409500020789
L: 0.50, u_super: 0.00128, sec: 71.523, prod: 0.027162, t_ads: 148.0, t_des: 122.5, bed_util_ads: 0.499, bed_util_des: 0.499, des_th: 0.49865614758978255,frac_lost: 0.105, li_recovered:  7.346, time: 0.00718450699969253
L: 0.50, u_super: 0.00078 — INFEASIBLE (li_recovered=0.000e+00), time: 0.004098878000149853
L: 0.50, u_super: 0.00712, sec: 413.083, prod: 0.156454, t_ads: 27.5, t_des: 27.9, bed_util_ads: 0.484, bed_util_des: 0.484, des_th: 0.48402269340530335,frac_lost: 0.107, li_recovered:  8.669, time: 0.006485157999122748
L: 18.18, u_super: 0.00810 — INFEASIBLE (li_recovered=0.000e+00), time: 0.0016907890003494686
L: 0.50, u_super: 0.00829, sec: 474.358, prod: 0.187674, t_ads: 23.6, t_des: 21.7, bed_util_ads: 0.498, bed_util_des: 0.498, des_th: 0.49753631242128427,frac_lost: 0.106, li_recovered:  8.492, time: 0.006369102999087772
L: 2.74, u_super: 0.00005 — INFEASIBLE (li_recovered=0.000e+00), time: 0.0017122669996751938
L: 16.84, u_super: 0.00123 — INFEASIBLE (li_recovered=0.000e+00), time: 0.001001651000478887
L: 0.50, u_super: 0.00243, sec: 131.173, prod: 0.053788, t_ads: 79.5, t_des: 69.7, bed_util_ads: 0.498, bed_util_des: 0.498, des_th: 0.4978030081750531,frac_lost: 0.105, li_recovered:  8.024, time: 0.005653245001667528
L: 0.50, u_super: 0.00095, sec: 51.905, prod: 0.020403, t_ads: 197.8, t_des: 190.2, bed_util_ads: 0.476, bed_util_des: 0.474, des_th: 0.4741272809691535,frac_lost: 0.103, li_recovered:  7.916, time: 0.005553441000301973
L: 8.52, u_super: 0.00911 — INFEASIBLE (li_recovered=0.000e+00), time: 0.004014169999209116
L: 1.80, u_super: 0.00567, sec: 1190.896, prod: 0.121683, t_ads: 120.9, t_des: 101.3, bed_util_ads: 0.499, bed_util_des: 0.499, des_th: 0.4993948163456966,frac_lost: 0.100, li_recovered:  27.036, time: 0.004693188000601367
L: 0.50, u_super: 0.00167, sec: 91.121, prod: 0.036225, t_ads: 114.5, t_des: 97.7, bed_util_ads: 0.499, bed_util_des: 0.498, des_th: 0.4985225668202872,frac_lost: 0.104, li_recovered:  7.685, time: 0.005650398999932804
L: 0.50, u_super: 0.00925, sec: 537.573, prod: 0.208635, t_ads: 21.1, t_des: 20.1, bed_util_ads: 0.494, bed_util_des: 0.493, des_th: 0.4933953527392848,frac_lost: 0.105, li_recovered:  8.591, time: 0.004677226001149393
L: 0.50, u_super: 0.00640, sec: 357.382, prod: 0.144942, t_ads: 30.3, t_des: 27.4, bed_util_ads: 0.498, bed_util_des: 0.498, des_th: 0.4981237105656744,frac_lost: 0.102, li_recovered:  8.371, time: 0.003937181001674617
L: 0.50, u_super: 0.00946, sec: 548.326, prod: 0.214307, t_ads: 20.7, t_des: 19.0, bed_util_ads: 0.498, bed_util_des: 0.498, des_th: 0.49809982880557446,frac_lost: 0.105, li_recovered:  8.495, time: 0.006094065000070259
L: 0.50, u_super: 0.00085 — INFEASIBLE (li_recovered=0.000e+00), time: 0.0024787710008240538
L: 16.94, u_super: 0.00250 — INFEASIBLE (li_recovered=0.000e+00), time: 0.0010957270005746977
L: 3.23, u_super: 0.00674, sec: 15876.514, prod: 0.023517, t_ads: 189.5, t_des: 2232.3, bed_util_ads: 0.205, bed_util_des: 0.183, des_th: 0.18275979496512035,frac_lost: 0.104, li_recovered:  56.953, time: 0.027444200999525492
L: 0.50, u_super: 0.00748, sec: 422.809, prod: 0.169676, t_ads: 25.9, t_des: 23.4, bed_util_ads: 0.499, bed_util_des: 0.499, des_th: 0.4992254716613982,frac_lost: 0.101, li_recovered:  8.371, time: 0.004039534998810268
L: 0.50, u_super: 0.00319, sec: 175.699, prod: 0.070024, t_ads: 60.9, t_des: 61.0, bed_util_ads: 0.483, bed_util_des: 0.483, des_th: 0.4827383326390921,frac_lost: 0.106, li_recovered:  8.542, time: 0.00625066900101956
L: 0.50, u_super: 0.00811, sec: 477.789, prod: 0.177840, t_ads: 24.1, t_des: 24.7, bed_util_ads: 0.483, bed_util_des: 0.483, des_th: 0.48256507641433566,frac_lost: 0.105, li_recovered:  8.684, time: 0.007157546000598813
L: 0.50, u_super: 0.00167, sec: 91.473, prod: 0.036014, t_ads: 114.6, t_des: 96.6, bed_util_ads: 0.499, bed_util_des: 0.499, des_th: 0.49910771383175917,frac_lost: 0.104, li_recovered:  7.610, time: 0.0046962439992057625
L: 0.50, u_super: 0.00058, sec: 35.317, prod: 0.011302, t_ads: 317.0, t_des: 377.2, bed_util_ads: 0.438, bed_util_des: 0.432, des_th: 0.43221445659389524,frac_lost: 0.104, li_recovered:  7.846, time: 0.004604463998475694
L: 9.33, u_super: 0.00203 — INFEASIBLE (li_recovered=0.000e+00), time: 0.001547804000438191
L: 0.50, u_super: 0.00488, sec: 268.533, prod: 0.109922, t_ads: 39.8, t_des: 35.5, bed_util_ads: 0.500, bed_util_des: 0.499, des_th: 0.49945590264912054,frac_lost: 0.105, li_recovered:  8.282, time: 0.004305893000491778
L: 0.50, u_super: 0.00398, sec: 219.947, prod: 0.088225, t_ads: 48.8, t_des: 48.3, bed_util_ads: 0.486, bed_util_des: 0.485, des_th: 0.48505337414352717,frac_lost: 0.105, li_recovered:  8.564, time: 0.00547158800145553
L: 0.50, u_super: 0.00826, sec: 474.634, prod: 0.185798, t_ads: 23.7, t_des: 22.5, bed_util_ads: 0.494, bed_util_des: 0.494, des_th: 0.49352942137794875,frac_lost: 0.107, li_recovered:  8.589, time: 0.00552167199930409
L: 0.50, u_super: 0.00427, sec: 233.012, prod: 0.095905, t_ads: 45.5, t_des: 40.7, bed_util_ads: 0.498, bed_util_des: 0.498, des_th: 0.4982324978987793,frac_lost: 0.105, li_recovered:  8.270, time: 0.004521446999206091
L: 0.50, u_super: 0.00922, sec: 535.415, prod: 0.207838, t_ads: 21.2, t_des: 20.1, bed_util_ads: 0.493, bed_util_des: 0.493, des_th: 0.4932340066924874,frac_lost: 0.105, li_recovered:  8.593, time: 0.004545108999082004
L: 0.50, u_super: 0.00986, sec: 574.354, prod: 0.223500, t_ads: 19.8, t_des: 18.0, bed_util_ads: 0.500, bed_util_des: 0.500, des_th: 0.4997312939134996,frac_lost: 0.106, li_recovered:  8.459, time: 0.006358411999826785
L: 0.50, u_super: 0.00798, sec: 453.579, prod: 0.181130, t_ads: 24.3, t_des: 22.2, bed_util_ads: 0.498, bed_util_des: 0.498, des_th: 0.4977102052304835,frac_lost: 0.101, li_recovered:  8.428, time: 0.006239279000510578
L: 0.50, u_super: 0.00012, sec: 11.216, prod: 0.001492, t_ads: 1548.9, t_des: 3542.0, bed_util_ads: 0.283, bed_util_des: 0.223, des_th: 0.22335481926113315,frac_lost: 0.103, li_recovered:  7.596, time: 0.007098526000845595
   269 |    10760 |     40 |  0.0030947093 |             f
L: 0.50, u_super: 0.00476, sec: 261.145, prod: 0.107327, t_ads: 40.8, t_des: 36.9, bed_util_ads: 0.497, bed_util_des: 0.497, des_th: 0.49715256404678765,frac_lost: 0.104, li_recovered:  8.341, time: 0.005773281998699531
L: 7.63, u_super: 0.00641 — INFEASIBLE (li_recovered=0.000e+00), time: 0.002741837000939995
L: 0.50, u_super: 0.00717, sec: 404.707, prod: 0.161930, t_ads: 27.3, t_des: 24.5, bed_util_ads: 0.499, bed_util_des: 0.499, des_th: 0.4993318501935032,frac_lost: 0.107, li_recovered:  8.385, time: 0.004637603000446688
L: 0.50, u_super: 0.00406, sec: 221.686, prod: 0.091115, t_ads: 47.8, t_des: 42.2, bed_util_ads: 0.500, bed_util_des: 0.500, des_th: 0.4995827859763825,frac_lost: 0.104, li_recovered:  8.201, time: 0.004941364999467623
L: 0.50, u_super: 0.00982, sec: 571.819, prod: 0.222576, t_ads: 19.9, t_des: 18.3, bed_util_ads: 0.498, bed_util_des: 0.498, des_th: 0.4979356682654775,frac_lost: 0.105, li_recovered:  8.496, time: 0.004746139999042498
L: 0.50, u_super: 0.00023 — INFEASIBLE (li_recovered=0.000e+00), time: 0.0018784089988912456
L: 0.50, u_super: 0.00608, sec: 338.197, prod: 0.137726, t_ads: 31.9, t_des: 28.9, bed_util_ads: 0.498, bed_util_des: 0.498, des_th: 0.49775306069334696,frac_lost: 0.101, li_recovered:  8.377, time: 0.005001753999749781
L: 0.50, u_super: 0.00181, sec: 100.118, prod: 0.038896, t_ads: 106.4, t_des: 110.0, bed_util_ads: 0.476, bed_util_des: 0.475, des_th: 0.4746562795928813,frac_lost: 0.106, li_recovered:  8.418, time: 0.005187198001294746
L: 4.99, u_super: 0.00854, sec: 5263.717, prod: 0.179347, t_ads: 219.7, t_des: 226.3, bed_util_ads: 0.466, bed_util_des: 0.463, des_th: 0.46313531484241327,frac_lost: 0.104, li_recovered:  79.982, time: 0.004114986999411485
L: 0.50, u_super: 0.00449, sec: 245.663, prod: 0.101017, t_ads: 43.4, t_des: 39.1, bed_util_ads: 0.498, bed_util_des: 0.497, des_th: 0.4974295451015014,frac_lost: 0.106, li_recovered:  8.328, time: 0.003861941000650404
L: 54.40, u_super: 0.00488 — INFEASIBLE (li_recovered=0.000e+00), time: 0.0007671980001759948
L: 0.50, u_super: 0.00535, sec: 298.842, prod: 0.119521, t_ads: 36.3, t_des: 35.6, bed_util_ads: 0.487, bed_util_des: 0.487, des_th: 0.4870147647463676,frac_lost: 0.103, li_recovered:  8.588, time: 0.003998662999947555
L: 0.50, u_super: 0.00986, sec: 574.142, prod: 0.223583, t_ads: 19.8, t_des: 17.8, bed_util_ads: 0.500, bed_util_des: 0.500, des_th: 0.49955935393562234,frac_lost: 0.104, li_recovered:  8.409, time: 0.003749249999600579
L: 0.50, u_super: 0.00558, sec: 308.705, prod: 0.126230, t_ads: 34.8, t_des: 31.8, bed_util_ads: 0.497, bed_util_des: 0.497, des_th: 0.4967425666780162,frac_lost: 0.102, li_recovered:  8.408, time: 0.0036375420004333137
L: 0.50, u_super: 0.00853, sec: 489.499, prod: 0.193137, t_ads: 22.9, t_des: 21.0, bed_util_ads: 0.498, bed_util_des: 0.498, des_th: 0.4975456840043203,frac_lost: 0.106, li_recovered:  8.486, time: 0.004969019999407465
L: 0.50, u_super: 0.00030, sec: 43.121, prod: 0.002505, t_ads: 639.0, t_des: 2756.9, bed_util_ads: 0.268, bed_util_des: 0.223, des_th: 0.22335481926113315,frac_lost: 0.101, li_recovered:  8.506, time: 0.01075090700032888
L: 9.87, u_super: 0.00570 — INFEASIBLE (li_recovered=0.000e+00), time: 0.0021997929998178734
L: 0.50, u_super: 0.00990, sec: 576.813, prod: 0.224499, t_ads: 19.7, t_des: 17.8, bed_util_ads: 0.500, bed_util_des: 0.499, des_th: 0.49942132725883337,frac_lost: 0.104, li_recovered:  8.416, time: 0.004100698000911507
L: 0.50, u_super: 0.00050, sec: 90.751, prod: 0.003150, t_ads: 396.0, t_des: 2356.5, bed_util_ads: 0.252, bed_util_des: 0.217, des_th: 0.21725377566918494,frac_lost: 0.101, li_recovered:  8.671, time: 0.012933719001011923
L: 0.50, u_super: 0.00835, sec: 500.155, prod: 0.180636, t_ads: 23.4, t_des: 24.8, bed_util_ads: 0.479, bed_util_des: 0.479, des_th: 0.47860364305628506,frac_lost: 0.105, li_recovered:  8.696, time: 0.005306541999743786
L: 44.85, u_super: 0.00484 — INFEASIBLE (li_recovered=0.000e+00), time: 0.0010557300010987092
L: 0.50, u_super: 0.00385, sec: 209.797, prod: 0.086430, t_ads: 50.5, t_des: 45.2, bed_util_ads: 0.498, bed_util_des: 0.497, des_th: 0.49745241625660663,frac_lost: 0.107, li_recovered:  8.273, time: 0.004962143000739161
L: 0.50, u_super: 0.00243, sec: 161.669, prod: 0.043783, t_ads: 80.0, t_des: 115.9, bed_util_ads: 0.435, bed_util_des: 0.432, des_th: 0.43221445659389524,frac_lost: 0.107, li_recovered:  8.576, time: 0.004823458000828396
L: 17.39, u_super: 0.00950 — INFEASIBLE (li_recovered=0.000e+00), time: 0.0023757400012982544
L: 0.50, u_super: 0.00832, sec: 475.806, prod: 0.188176, t_ads: 23.5, t_des: 21.6, bed_util_ads: 0.497, bed_util_des: 0.497, des_th: 0.4973454295588075,frac_lost: 0.106, li_recovered:  8.485, time: 0.005195677000301657
L: 0.50, u_super: 0.00630, sec: 351.159, prod: 0.142499, t_ads: 30.8, t_des: 27.8, bed_util_ads: 0.498, bed_util_des: 0.498, des_th: 0.49815245132730046,frac_lost: 0.102, li_recovered:  8.361, time: 0.0047844579985394375
L: 3.11, u_super: 0.00243 — INFEASIBLE (li_recovered=0.000e+00), time: 0.0041149120006593876
L: 0.50, u_super: 0.00346, sec: 188.066, prod: 0.077532, t_ads: 56.0, t_des: 49.6, bed_util_ads: 0.498, bed_util_des: 0.498, des_th: 0.498062930979259,frac_lost: 0.105, li_recovered:  8.188, time: 0.005770071000370081
L: 0.50, u_super: 0.00544, sec: 300.401, prod: 0.122741, t_ads: 35.7, t_des: 31.9, bed_util_ads: 0.499, bed_util_des: 0.499, des_th: 0.4990088789510715,frac_lost: 0.102, li_recovered:  8.295, time: 0.006118260000221198
L: 0.50, u_super: 0.00029, sec: 51.553, prod: 0.001950, t_ads: 677.3, t_des: 3792.3, bed_util_ads: 0.244, bed_util_des: 0.192, des_th: 0.19165292785068472,frac_lost: 0.106, li_recovered:  8.714, time: 0.018597729998873547
L: 7.28, u_super: 0.00157 — INFEASIBLE (li_recovered=0.000e+00), time: 0.0023520769991591806
L: 0.50, u_super: 0.00763, sec: 431.350, prod: 0.173036, t_ads: 25.4, t_des: 23.2, bed_util_ads: 0.498, bed_util_des: 0.498, des_th: 0.4979892399574456,frac_lost: 0.100, li_recovered:  8.424, time: 0.006300332999671809
L: 0.50, u_super: 0.00717, sec: 403.358, prod: 0.162472, t_ads: 27.1, t_des: 24.5, bed_util_ads: 0.499, bed_util_des: 0.499, des_th: 0.4993333347839947,frac_lost: 0.101, li_recovered:  8.379, time: 0.006628408000324271
L: 0.50, u_super: 0.00224, sec: 120.845, prod: 0.049747, t_ads: 86.0, t_des: 76.7, bed_util_ads: 0.495, bed_util_des: 0.495, des_th: 0.49473860536631364,frac_lost: 0.106, li_recovered:  8.091, time: 0.0073013900000660215
L: 0.50, u_super: 0.00828, sec: 473.938, prod: 0.187370, t_ads: 23.6, t_des: 21.6, bed_util_ads: 0.498, bed_util_des: 0.498, des_th: 0.49753631242128427,frac_lost: 0.107, li_recovered:  8.481, time: 0.006008676999044837
L: 0.50, u_super: 0.00886, sec: 536.548, prod: 0.190935, t_ads: 22.1, t_des: 23.5, bed_util_ads: 0.478, bed_util_des: 0.478, des_th: 0.4780444723972292,frac_lost: 0.106, li_recovered:  8.704, time: 0.006797002999519464
L: 0.50, u_super: 0.00533, sec: 1664.083, prod: 0.021259, t_ads: 37.0, t_des: 375.9, bed_util_ads: 0.228, bed_util_des: 0.223, des_th: 0.22335481926113315,frac_lost: 0.108, li_recovered:  8.777, time: 0.030972610000389977
L: 0.50, u_super: 0.00684, sec: 383.638, prod: 0.155104, t_ads: 28.4, t_des: 26.0, bed_util_ads: 0.498, bed_util_des: 0.498, des_th: 0.49775306069334696,frac_lost: 0.101, li_recovered:  8.433, time: 0.007128485000066576
L: 0.50, u_super: 0.00046 — INFEASIBLE (li_recovered=0.000e+00), time: 0.003846722000162117
L: 0.50, u_super: 0.00629, sec: 351.917, prod: 0.141894, t_ads: 30.9, t_des: 29.3, bed_util_ads: 0.493, bed_util_des: 0.492, des_th: 0.49249371798183034,frac_lost: 0.102, li_recovered:  8.537, time: 0.007307011001103092
   270 |    10800 |     40 |  0.0036204495 |             f
L: 24.87, u_super: 0.00990 — INFEASIBLE (li_recovered=0.000e+00), time: 0.0032500819997949293
L: 10.48, u_super: 0.00132, sec: 3059.556, prod: 0.014173, t_ads: 1836.2, t_des: 2188.0, bed_util_ads: 0.278, bed_util_des: 0.264, des_th: 0.2639640107857713,frac_lost: 0.101, li_recovered:  57.036, time: 0.004895717000181321
L: 0.50, u_super: 0.00234, sec: 126.215, prod: 0.052032, t_ads: 82.2, t_des: 78.6, bed_util_ads: 0.488, bed_util_des: 0.487, des_th: 0.48700442018742013,frac_lost: 0.103, li_recovered:  8.363, time: 0.00763612899936561
L: 58.76, u_super: 0.00778 — INFEASIBLE (li_recovered=0.000e+00), time: 0.0015807429990672972
L: 0.50, u_super: 0.00572, sec: 316.731, prod: 0.129361, t_ads: 33.9, t_des: 31.4, bed_util_ads: 0.495, bed_util_des: 0.495, des_th: 0.4948373947673393,frac_lost: 0.101, li_recovered:  8.452, time: 0.005854127999555203
L: 0.50, u_super: 0.00822, sec: 472.233, prod: 0.184896, t_ads: 23.8, t_des: 22.6, bed_util_ads: 0.494, bed_util_des: 0.493, des_th: 0.4933953527392848,frac_lost: 0.107, li_recovered:  8.590, time: 0.007702335999056231
L: 19.54, u_super: 0.00742 — INFEASIBLE (li_recovered=0.000e+00), time: 0.0019929999998566927
L: 0.50, u_super: 0.00059, sec: 35.922, prod: 0.011417, t_ads: 312.8, t_des: 375.9, bed_util_ads: 0.437, bed_util_des: 0.431, des_th: 0.43144830603845535,frac_lost: 0.103, li_recovered:  7.863, time: 0.0053726699989056215
L: 0.50, u_super: 0.00988, sec: 575.996, prod: 0.223858, t_ads: 19.8, t_des: 18.2, bed_util_ads: 0.498, bed_util_des: 0.498, des_th: 0.4979356682654775,frac_lost: 0.106, li_recovered:  8.499, time: 0.006158115000289399
L: 0.50, u_super: 0.00012 — INFEASIBLE (li_recovered=0.000e+00), time: 0.0022511659990414046
L: 0.50, u_super: 0.00245, sec: 132.400, prod: 0.054077, t_ads: 78.8, t_des: 77.0, bed_util_ads: 0.485, bed_util_des: 0.484, des_th: 0.4841742352482521,frac_lost: 0.103, li_recovered:  8.426, time: 0.007155714001783053
L: 0.50, u_super: 0.00035 — INFEASIBLE (li_recovered=0.000e+00), time: 0.00309673300034774
L: 0.50, u_super: 0.00476, sec: 261.185, prod: 0.107311, t_ads: 40.8, t_des: 36.9, bed_util_ads: 0.498, bed_util_des: 0.498, des_th: 0.49795319378831293,frac_lost: 0.104, li_recovered:  8.339, time: 0.005996326999593293
L: 0.50, u_super: 0.00730, sec: 413.622, prod: 0.164853, t_ads: 26.8, t_des: 25.0, bed_util_ads: 0.495, bed_util_des: 0.495, des_th: 0.4947194892465003,frac_lost: 0.106, li_recovered:  8.529, time: 0.005824452999149798
L: 0.50, u_super: 0.00910, sec: 528.546, prod: 0.204992, t_ads: 21.5, t_des: 20.4, bed_util_ads: 0.493, bed_util_des: 0.493, des_th: 0.49293620997876997,frac_lost: 0.106, li_recovered:  8.598, time: 0.005594538999503129
L: 0.50, u_super: 0.00021, sec: 23.890, prod: 0.002124, t_ads: 916.8, t_des: 2948.3, bed_util_ads: 0.281, bed_util_des: 0.230, des_th: 0.22963086622700812,frac_lost: 0.100, li_recovered:  8.208, time: 0.011748636001357227
L: 0.50, u_super: 0.00487, sec: 267.501, prod: 0.109624, t_ads: 39.9, t_des: 35.6, bed_util_ads: 0.499, bed_util_des: 0.499, des_th: 0.4992254716613982,frac_lost: 0.104, li_recovered:  8.280, time: 0.0054404829988925485
L: 0.50, u_super: 0.00895, sec: 515.941, prod: 0.202861, t_ads: 21.8, t_des: 20.0, bed_util_ads: 0.498, bed_util_des: 0.498, des_th: 0.4977166476433627,frac_lost: 0.105, li_recovered:  8.485, time: 0.005424414999652072
L: 0.50, u_super: 0.00937, sec: 542.417, prod: 0.212246, t_ads: 20.9, t_des: 18.9, bed_util_ads: 0.500, bed_util_des: 0.499, des_th: 0.49942132725883337,frac_lost: 0.106, li_recovered:  8.438, time: 0.006061206000595121
L: 0.50, u_super: 0.00608, sec: 364.229, prod: 0.127603, t_ads: 32.2, t_des: 35.8, bed_util_ads: 0.473, bed_util_des: 0.473, des_th: 0.47283673483585253,frac_lost: 0.109, li_recovered:  8.683, time: 0.005824519001180306
L: 0.50, u_super: 0.00946, sec: 548.282, prod: 0.214325, t_ads: 20.7, t_des: 18.9, bed_util_ads: 0.498, bed_util_des: 0.498, des_th: 0.4979425072882903,frac_lost: 0.105, li_recovered:  8.487, time: 0.0061190799988253275
L: 0.50, u_super: 0.00544, sec: 300.536, prod: 0.122749, t_ads: 35.7, t_des: 33.5, bed_util_ads: 0.494, bed_util_des: 0.493, des_th: 0.4934002690626264,frac_lost: 0.102, li_recovered:  8.484, time: 0.004318047998822294
L: 0.50, u_super: 0.00222, sec: 120.057, prod: 0.048879, t_ads: 87.1, t_des: 75.7, bed_util_ads: 0.498, bed_util_des: 0.498, des_th: 0.49790358995731554,frac_lost: 0.106, li_recovered:  7.955, time: 0.004360458000519429
L: 0.50, u_super: 0.00890, sec: 514.006, prod: 0.200972, t_ads: 22.0, t_des: 20.7, bed_util_ads: 0.495, bed_util_des: 0.495, des_th: 0.49473860536631364,frac_lost: 0.105, li_recovered:  8.566, time: 0.005272438000247348
L: 0.50, u_super: 0.00081, sec: 64.112, prod: 0.012106, t_ads: 235.1, t_des: 452.3, bed_util_ads: 0.385, bed_util_des: 0.375, des_th: 0.3748904000299703,frac_lost: 0.104, li_recovered:  8.322, time: 0.005297119998431299
L: 0.50, u_super: 0.00166, sec: 89.136, prod: 0.036602, t_ads: 115.0, t_des: 108.5, bed_util_ads: 0.485, bed_util_des: 0.485, des_th: 0.48468589343009366,frac_lost: 0.101, li_recovered:  8.180, time: 0.0054537480009457795
L: 24.33, u_super: 0.00568 — INFEASIBLE (li_recovered=0.000e+00), time: 0.0012452519986254629
L: 0.50, u_super: 0.00480, sec: 1518.968, prod: 0.018768, t_ads: 41.0, t_des: 426.6, bed_util_ads: 0.225, bed_util_des: 0.220, des_th: 0.2204629934842836,frac_lost: 0.107, li_recovered:  8.777, time: 0.024202325999794994
L: 4.15, u_super: 0.00904, sec: 4625.839, prod: 0.191811, t_ads: 174.3, t_des: 148.8, bed_util_ads: 0.493, bed_util_des: 0.493, des_th: 0.49314165457581377,frac_lost: 0.108, li_recovered:  61.982, time: 0.005028808998758905
L: 0.50, u_super: 0.00603, sec: 428.703, prod: 0.106755, t_ads: 32.2, t_des: 49.2, bed_util_ads: 0.432, bed_util_des: 0.431, des_th: 0.4314489541078099,frac_lost: 0.102, li_recovered:  8.692, time: 0.005904915000428446
L: 0.50, u_super: 0.00982, sec: 571.776, prod: 0.222593, t_ads: 19.9, t_des: 18.3, bed_util_ads: 0.498, bed_util_des: 0.498, des_th: 0.49753995125143824,frac_lost: 0.105, li_recovered:  8.495, time: 0.004348407001089072
L: 0.50, u_super: 0.00819, sec: 467.716, prod: 0.185213, t_ads: 23.9, t_des: 21.9, bed_util_ads: 0.498, bed_util_des: 0.498, des_th: 0.4977637196548593,frac_lost: 0.106, li_recovered:  8.486, time: 0.004612202001226251
L: 0.50, u_super: 0.00241, sec: 131.555, prod: 0.052987, t_ads: 80.0, t_des: 79.7, bed_util_ads: 0.482, bed_util_des: 0.481, des_th: 0.4809921023765465,frac_lost: 0.104, li_recovered:  8.459, time: 0.004733787000077427
L: 0.50, u_super: 0.00243, sec: 130.363, prod: 0.054122, t_ads: 79.3, t_des: 72.5, bed_util_ads: 0.494, bed_util_des: 0.493, des_th: 0.4933899245054209,frac_lost: 0.103, li_recovered:  8.218, time: 0.004214276999846334
L: 0.50, u_super: 0.00749, sec: 422.887, prod: 0.169903, t_ads: 25.9, t_des: 23.7, bed_util_ads: 0.498, bed_util_des: 0.498, des_th: 0.49800237949196946,frac_lost: 0.100, li_recovered:  8.432, time: 0.005843421000463422
L: 0.50, u_super: 0.00535, sec: 295.255, prod: 0.120973, t_ads: 36.2, t_des: 33.6, bed_util_ads: 0.495, bed_util_des: 0.494, des_th: 0.4943988534389689,frac_lost: 0.101, li_recovered:  8.448, time: 0.004549950999717112
L: 0.50, u_super: 0.00712, sec: 400.326, prod: 0.161387, t_ads: 27.3, t_des: 25.0, bed_util_ads: 0.498, bed_util_des: 0.498, des_th: 0.4977166476433627,frac_lost: 0.101, li_recovered:  8.427, time: 0.005135337998581235
L: 0.50, u_super: 0.00632, sec: 352.765, prod: 0.142967, t_ads: 30.8, t_des: 27.7, bed_util_ads: 0.499, bed_util_des: 0.499, des_th: 0.4993333347839947,frac_lost: 0.103, li_recovered:  8.365, time: 0.0049034399999072775
L: 0.50, u_super: 0.00135, sec: 481.865, prod: 0.004478, t_ads: 145.7, t_des: 1818.7, bed_util_ads: 0.203, bed_util_des: 0.185, des_th: 0.1851696623157332,frac_lost: 0.103, li_recovered:  8.797, time: 0.028673130000242963
L: 19.75, u_super: 0.00043 — INFEASIBLE (li_recovered=0.000e+00), time: 0.0009735829989949707
   271 |    10840 |     40 |  0.0022830118 |             f
L: 0.50, u_super: 0.00971, sec: 564.112, prod: 0.220228, t_ads: 20.1, t_des: 18.3, bed_util_ads: 0.498, bed_util_des: 0.498, des_th: 0.4979425072882903,frac_lost: 0.104, li_recovered:  8.456, time: 0.004179700999884517
L: 0.50, u_super: 0.00685, sec: 385.253, prod: 0.154699, t_ads: 28.6, t_des: 25.9, bed_util_ads: 0.498, bed_util_des: 0.498, des_th: 0.4977166476433627,frac_lost: 0.107, li_recovered:  8.432, time: 0.004453958001249703
L: 0.50, u_super: 0.00137, sec: 82.377, prod: 0.026873, t_ads: 139.7, t_des: 171.9, bed_util_ads: 0.449, bed_util_des: 0.447, des_th: 0.4465417684873493,frac_lost: 0.103, li_recovered:  8.371, time: 0.006534094000016921
L: 0.50, u_super: 0.00936, sec: 543.092, prod: 0.211664, t_ads: 20.8, t_des: 19.6, bed_util_ads: 0.494, bed_util_des: 0.494, des_th: 0.4937970994390697,frac_lost: 0.103, li_recovered:  8.567, time: 0.0060673360003420385
L: 0.50, u_super: 0.00243, sec: 130.454, prod: 0.054084, t_ads: 79.5, t_des: 72.4, bed_util_ads: 0.494, bed_util_des: 0.494, des_th: 0.49370374621326096,frac_lost: 0.104, li_recovered:  8.214, time: 0.006666082999799983
L: 1.44, u_super: 0.00120 — INFEASIBLE (li_recovered=0.000e+00), time: 0.003801415999987512
L: 0.50, u_super: 0.00534, sec: 294.822, prod: 0.120592, t_ads: 36.4, t_des: 33.7, bed_util_ads: 0.495, bed_util_des: 0.494, des_th: 0.49443890923817446,frac_lost: 0.103, li_recovered:  8.453, time: 0.007540929000242613
L: 0.50, u_super: 0.00254, sec: 137.054, prod: 0.056631, t_ads: 75.7, t_des: 67.5, bed_util_ads: 0.497, bed_util_des: 0.496, des_th: 0.496212558575913,frac_lost: 0.103, li_recovered:  8.109, time: 0.005546282000068459
L: 0.50, u_super: 0.00509, sec: 2363.156, prod: 0.013586, t_ads: 38.5, t_des: 607.7, bed_util_ads: 0.191, bed_util_des: 0.186, des_th: 0.18609770590499763,frac_lost: 0.102, li_recovered:  8.780, time: 0.04376728700117383
L: 0.50, u_super: 0.00559, sec: 308.792, prod: 0.126407, t_ads: 34.6, t_des: 32.2, bed_util_ads: 0.495, bed_util_des: 0.495, des_th: 0.4948373947673393,frac_lost: 0.100, li_recovered:  8.448, time: 0.006302727999354829
L: 36.79, u_super: 0.00778 — INFEASIBLE (li_recovered=0.000e+00), time: 0.0014771610003663227
L: 0.50, u_super: 0.00131, sec: 73.224, prod: 0.027834, t_ads: 144.6, t_des: 119.6, bed_util_ads: 0.499, bed_util_des: 0.499, des_th: 0.49865435540944486,frac_lost: 0.105, li_recovered:  7.353, time: 0.0051027270001213765
L: 0.50, u_super: 0.00879, sec: 505.498, prod: 0.198980, t_ads: 22.3, t_des: 20.2, bed_util_ads: 0.498, bed_util_des: 0.498, des_th: 0.49836054817455916,frac_lost: 0.106, li_recovered:  8.446, time: 0.005376809998779208
L: 0.50, u_super: 0.00684, sec: 383.638, prod: 0.155104, t_ads: 28.4, t_des: 26.0, bed_util_ads: 0.498, bed_util_des: 0.498, des_th: 0.49775306069334696,frac_lost: 0.101, li_recovered:  8.433, time: 0.004688887000156683
L: 0.50, u_super: 0.00985, sec: 573.212, prod: 0.223647, t_ads: 19.8, t_des: 18.0, bed_util_ads: 0.500, bed_util_des: 0.500, des_th: 0.4995412826334389,frac_lost: 0.103, li_recovered:  8.453, time: 0.004729577000034624
L: 0.50, u_super: 0.00198, sec: 109.372, prod: 0.042553, t_ads: 97.6, t_des: 100.8, bed_util_ads: 0.476, bed_util_des: 0.474, des_th: 0.47448156471047215,frac_lost: 0.107, li_recovered:  8.445, time: 0.004992546000721632
L: 0.50, u_super: 0.00243, sec: 130.452, prod: 0.054085, t_ads: 79.4, t_des: 72.4, bed_util_ads: 0.494, bed_util_des: 0.493, des_th: 0.4931729703296757,frac_lost: 0.104, li_recovered:  8.213, time: 0.004399047000333667
L: 0.50, u_super: 0.00449, sec: 245.800, prod: 0.100961, t_ads: 43.4, t_des: 39.2, bed_util_ads: 0.498, bed_util_des: 0.498, des_th: 0.4977667667925462,frac_lost: 0.107, li_recovered:  8.339, time: 0.004177901999355527
L: 0.50, u_super: 0.00778, sec: 596.798, prod: 0.130520, t_ads: 25.1, t_des: 41.7, bed_util_ads: 0.423, bed_util_des: 0.422, des_th: 0.4219069510047584,frac_lost: 0.104, li_recovered:  8.717, time: 0.005661318999045761
L: 0.50, u_super: 0.00005, sec: 4.331, prod: 0.000669, t_ads: 3400.5, t_des: 5784.7, bed_util_ads: 0.251, bed_util_des: 0.185, des_th: 0.1851696623157332,frac_lost: 0.100, li_recovered:  6.140, time: 0.0057394350005779415
L: 0.50, u_super: 0.00509, sec: 279.697, prod: 0.114792, t_ads: 38.2, t_des: 34.5, bed_util_ads: 0.499, bed_util_des: 0.499, des_th: 0.4986128713860701,frac_lost: 0.103, li_recovered:  8.347, time: 0.003993138998339418
L: 4.15, u_super: 0.00913 — INFEASIBLE (li_recovered=0.000e+00), time: 0.0035607139998319326
L: 0.50, u_super: 0.00021, sec: 24.545, prod: 0.002067, t_ads: 924.2, t_des: 3078.7, bed_util_ads: 0.278, bed_util_des: 0.225, des_th: 0.2252051223818575,frac_lost: 0.103, li_recovered:  8.274, time: 0.010661971000445192
L: 0.50, u_super: 0.00839, sec: 480.730, prod: 0.190009, t_ads: 23.3, t_des: 21.4, bed_util_ads: 0.497, bed_util_des: 0.497, des_th: 0.49699032990418085,frac_lost: 0.105, li_recovered:  8.494, time: 0.005853877000845387
L: 0.50, u_super: 0.00348, sec: 251.610, prod: 0.058455, t_ads: 55.7, t_des: 92.1, bed_util_ads: 0.421, bed_util_des: 0.419, des_th: 0.41923651800368267,frac_lost: 0.101, li_recovered:  8.642, time: 0.008913146000850247
L: 0.76, u_super: 0.00819, sec: 746.519, prod: 0.176677, t_ads: 36.0, t_des: 38.5, bed_util_ads: 0.476, bed_util_des: 0.476, des_th: 0.476013461886755,frac_lost: 0.100, li_recovered:  13.169, time: 0.004899501000181772
L: 0.50, u_super: 0.00005 — INFEASIBLE (li_recovered=0.000e+00), time: 0.001061303999449592
L: 0.50, u_super: 0.00017, sec: 18.086, prod: 0.001901, t_ads: 1108.7, t_des: 3119.7, bed_util_ads: 0.284, bed_util_des: 0.230, des_th: 0.22963086622700812,frac_lost: 0.103, li_recovered:  8.039, time: 0.009324318998551462
L: 26.24, u_super: 0.00946 — INFEASIBLE (li_recovered=0.000e+00), time: 0.002561703999163001
L: 0.50, u_super: 0.00663, sec: 372.553, prod: 0.149626, t_ads: 29.5, t_des: 26.5, bed_util_ads: 0.500, bed_util_des: 0.500, des_th: 0.49956486597117933,frac_lost: 0.109, li_recovered:  8.382, time: 0.006863254999188939
L: 0.50, u_super: 0.00915, sec: 531.075, prod: 0.206420, t_ads: 21.4, t_des: 20.3, bed_util_ads: 0.493, bed_util_des: 0.493, des_th: 0.4932579957188528,frac_lost: 0.105, li_recovered:  8.589, time: 0.007008747999861953
L: 49.67, u_super: 0.00193 — INFEASIBLE (li_recovered=0.000e+00), time: 0.001499931999205728
L: 36.13, u_super: 0.00608 — INFEASIBLE (li_recovered=0.000e+00), time: 0.0014134430002741283
L: 0.50, u_super: 0.00831, sec: 475.581, prod: 0.187877, t_ads: 23.6, t_des: 21.6, bed_util_ads: 0.498, bed_util_des: 0.497, des_th: 0.4974264979638145,frac_lost: 0.107, li_recovered:  8.487, time: 0.006001584999467013
L: 0.50, u_super: 0.00133, sec: 74.165, prod: 0.028284, t_ads: 142.1, t_des: 117.8, bed_util_ads: 0.499, bed_util_des: 0.499, des_th: 0.4986583033155194,frac_lost: 0.102, li_recovered:  7.350, time: 0.005303453999658814
L: 2.38, u_super: 0.00990, sec: 2845.340, prod: 0.216798, t_ads: 92.0, t_des: 78.7, bed_util_ads: 0.500, bed_util_des: 0.500, des_th: 0.49991651613216725,frac_lost: 0.101, li_recovered:  37.016, time: 0.006532224000693532
L: 11.07, u_super: 0.00044 — INFEASIBLE (li_recovered=0.000e+00), time: 0.0012339549994067056
L: 0.50, u_super: 0.00379, sec: 206.085, prod: 0.085173, t_ads: 51.2, t_des: 46.5, bed_util_ads: 0.496, bed_util_des: 0.496, des_th: 0.4957577128453326,frac_lost: 0.106, li_recovered:  8.321, time: 0.005052618000263465
L: 0.50, u_super: 0.00630, sec: 351.259, prod: 0.142601, t_ads: 30.8, t_des: 28.2, bed_util_ads: 0.498, bed_util_des: 0.498, des_th: 0.49774460356451955,frac_lost: 0.102, li_recovered:  8.419, time: 0.005444655000246712
L: 0.50, u_super: 0.00347, sec: 1388.375, prod: 0.010519, t_ads: 56.6, t_des: 778.2, bed_util_ads: 0.201, bed_util_des: 0.194, des_th: 0.1935395710469574,frac_lost: 0.103, li_recovered:  8.782, time: 0.042265234000296914
   272 |    10880 |     40 |  0.0040637598 |             f
L: 0.50, u_super: 0.00174, sec: 93.692, prod: 0.038398, t_ads: 109.6, t_des: 98.5, bed_util_ads: 0.493, bed_util_des: 0.492, des_th: 0.4925853205896473,frac_lost: 0.102, li_recovered:  7.993, time: 0.006631239000853384
L: 0.50, u_super: 0.00349, sec: 189.069, prod: 0.078160, t_ads: 55.7, t_des: 50.4, bed_util_ads: 0.497, bed_util_des: 0.497, des_th: 0.4965835698674226,frac_lost: 0.107, li_recovered:  8.296, time: 0.007262080000145943
L: 0.50, u_super: 0.00630, sec: 351.580, prod: 0.142471, t_ads: 30.9, t_des: 27.9, bed_util_ads: 0.500, bed_util_des: 0.499, des_th: 0.4994031276486849,frac_lost: 0.104, li_recovered:  8.371, time: 0.00702029800049786
L: 0.50, u_super: 0.00490, sec: 269.213, prod: 0.110473, t_ads: 39.7, t_des: 35.9, bed_util_ads: 0.499, bed_util_des: 0.499, des_th: 0.4986583033155194,frac_lost: 0.105, li_recovered:  8.347, time: 0.006729418000759324
L: 16.25, u_super: 0.00468 — INFEASIBLE (li_recovered=0.000e+00), time: 0.0015790720008226344
L: 0.50, u_super: 0.00572, sec: 321.863, prod: 0.127298, t_ads: 34.0, t_des: 33.7, bed_util_ads: 0.487, bed_util_des: 0.487, des_th: 0.4870737703060146,frac_lost: 0.102, li_recovered:  8.613, time: 0.006627879000006942
L: 0.50, u_super: 0.00730, sec: 501.498, prod: 0.135966, t_ads: 26.8, t_des: 37.2, bed_util_ads: 0.445, bed_util_des: 0.444, des_th: 0.4438355924912984,frac_lost: 0.106, li_recovered:  8.708, time: 0.00801587199930509
L: 0.50, u_super: 0.00418, sec: 227.662, prod: 0.093920, t_ads: 46.6, t_des: 42.6, bed_util_ads: 0.496, bed_util_des: 0.495, des_th: 0.49539142892734,frac_lost: 0.105, li_recovered:  8.373, time: 0.0066987650006922195
L: 0.50, u_super: 0.00919, sec: 531.229, prod: 0.208360, t_ads: 21.2, t_des: 19.5, bed_util_ads: 0.498, bed_util_des: 0.498, des_th: 0.49790294912075195,frac_lost: 0.105, li_recovered:  8.489, time: 0.0056143260007957
L: 0.50, u_super: 0.00819, sec: 468.050, prod: 0.185236, t_ads: 23.9, t_des: 21.6, bed_util_ads: 0.500, bed_util_des: 0.500, des_th: 0.4997235927785283,frac_lost: 0.107, li_recovered:  8.437, time: 0.005821155999001348
L: 19.60, u_super: 0.00742 — INFEASIBLE (li_recovered=0.000e+00), time: 0.0020804010000574635
L: 28.24, u_super: 0.00324, sec: 16407.697, prod: 0.043837, t_ads: 3001.4, t_des: 5183.4, bed_util_ads: 0.259, bed_util_des: 0.193, des_th: 0.19366793242139788,frac_lost: 0.101, li_recovered:  358.800, time: 0.007168898999225348
L: 0.50, u_super: 0.00862, sec: 496.417, prod: 0.194627, t_ads: 22.7, t_des: 21.3, bed_util_ads: 0.495, bed_util_des: 0.495, des_th: 0.49499593878323567,frac_lost: 0.106, li_recovered:  8.564, time: 0.005030124999393593
L: 10.56, u_super: 0.00572 — INFEASIBLE (li_recovered=0.000e+00), time: 0.001967382999282563
L: 10.59, u_super: 0.00936 — INFEASIBLE (li_recovered=0.000e+00), time: 0.0022095049989729887
L: 0.50, u_super: 0.00711, sec: 401.293, prod: 0.160675, t_ads: 27.5, t_des: 25.0, bed_util_ads: 0.498, bed_util_des: 0.498, des_th: 0.4979772661793896,frac_lost: 0.107, li_recovered:  8.435, time: 0.003869221000059042
L: 0.50, u_super: 0.00264, sec: 142.537, prod: 0.058630, t_ads: 73.0, t_des: 64.2, bed_util_ads: 0.498, bed_util_des: 0.498, des_th: 0.4975511742937643,frac_lost: 0.103, li_recovered:  8.043, time: 0.004303219000576064
L: 0.50, u_super: 0.00778, sec: 442.923, prod: 0.175658, t_ads: 25.2, t_des: 23.1, bed_util_ads: 0.498, bed_util_des: 0.498, des_th: 0.49774460356451955,frac_lost: 0.109, li_recovered:  8.489, time: 0.004095913000128348
L: 0.50, u_super: 0.00514, sec: 282.357, prod: 0.116058, t_ads: 37.7, t_des: 34.3, bed_util_ads: 0.497, bed_util_des: 0.497, des_th: 0.49715256404678765,frac_lost: 0.101, li_recovered:  8.355, time: 0.0037157999995542923
L: 1.09, u_super: 0.00005, sec: 17.237, prod: 0.000367, t_ads: 4404.1, t_des: 4411.0, bed_util_ads: 0.199, bed_util_des: 0.177, des_th: 0.1772524313663368,frac_lost: 0.102, li_recovered:  3.237, time: 0.002419644999463344
L: 0.50, u_super: 0.00262, sec: 141.050, prod: 0.058558, t_ads: 73.4, t_des: 66.2, bed_util_ads: 0.495, bed_util_des: 0.495, des_th: 0.494722078468791,frac_lost: 0.102, li_recovered:  8.172, time: 0.0036868560000584694
L: 0.50, u_super: 0.00989, sec: 580.410, prod: 0.222549, t_ads: 19.7, t_des: 19.0, bed_util_ads: 0.492, bed_util_des: 0.492, des_th: 0.49197261460895975,frac_lost: 0.104, li_recovered:  8.623, time: 0.004040861000248697
L: 0.50, u_super: 0.00143, sec: 78.515, prod: 0.030586, t_ads: 134.2, t_des: 113.1, bed_util_ads: 0.498, bed_util_des: 0.498, des_th: 0.4981237105656744,frac_lost: 0.108, li_recovered:  7.564, time: 0.004555026000161888
L: 0.50, u_super: 0.00387, sec: 210.646, prod: 0.086824, t_ads: 50.3, t_des: 45.0, bed_util_ads: 0.499, bed_util_des: 0.498, des_th: 0.49851540332498756,frac_lost: 0.107, li_recovered:  8.272, time: 0.0037330459999793675
L: 9.82, u_super: 0.00476 — INFEASIBLE (li_recovered=0.000e+00), time: 0.0014548859999194974
L: 0.50, u_super: 0.00768, sec: 436.565, prod: 0.173567, t_ads: 25.5, t_des: 23.4, bed_util_ads: 0.498, bed_util_des: 0.498, des_th: 0.49774460356451955,frac_lost: 0.108, li_recovered:  8.484, time: 0.00416776000020036
L: 4.41, u_super: 0.00729, sec: 5088.470, prod: 0.117634, t_ads: 231.6, t_des: 389.1, bed_util_ads: 0.403, bed_util_des: 0.394, des_th: 0.3941078782978245,frac_lost: 0.107, li_recovered:  73.014, time: 0.006676816001345287
L: 0.50, u_super: 0.00337, sec: 193.087, prod: 0.071223, t_ads: 57.7, t_des: 63.0, bed_util_ads: 0.474, bed_util_des: 0.473, des_th: 0.4726842376285097,frac_lost: 0.106, li_recovered:  8.597, time: 0.00714576400059741
L: 0.50, u_super: 0.00112, sec: 63.305, prod: 0.023493, t_ads: 168.8, t_des: 138.2, bed_util_ads: 0.498, bed_util_des: 0.498, des_th: 0.49800237949196946,frac_lost: 0.108, li_recovered:  7.212, time: 0.005298823001794517
L: 0.50, u_super: 0.00005 — INFEASIBLE (li_recovered=0.000e+00), time: 0.0015445419994648546
L: 0.50, u_super: 0.00343, sec: 186.145, prod: 0.076887, t_ads: 56.7, t_des: 52.3, bed_util_ads: 0.494, bed_util_des: 0.493, des_th: 0.49339001940584853,frac_lost: 0.107, li_recovered:  8.379, time: 0.008500912999807042
L: 0.50, u_super: 0.00816, sec: 467.332, prod: 0.184188, t_ads: 24.0, t_des: 22.5, bed_util_ads: 0.495, bed_util_des: 0.495, des_th: 0.4948352866313829,frac_lost: 0.106, li_recovered:  8.553, time: 0.006297358000665554
L: 0.50, u_super: 0.00518, sec: 285.178, prod: 0.116736, t_ads: 37.6, t_des: 33.9, bed_util_ads: 0.498, bed_util_des: 0.498, des_th: 0.4980054347060022,frac_lost: 0.104, li_recovered:  8.343, time: 0.005949476999376202
L: 18.09, u_super: 0.00362 — INFEASIBLE (li_recovered=0.000e+00), time: 0.0018975120001414325
L: 0.50, u_super: 0.00288, sec: 154.810, prod: 0.064337, t_ads: 67.1, t_des: 61.0, bed_util_ads: 0.495, bed_util_des: 0.495, des_th: 0.49473860536631364,frac_lost: 0.103, li_recovered:  8.241, time: 0.00401357999908214
L: 0.50, u_super: 0.00624, sec: 376.523, prod: 0.130233, t_ads: 31.4, t_des: 35.3, bed_util_ads: 0.472, bed_util_des: 0.471, des_th: 0.4711072511718588,frac_lost: 0.107, li_recovered:  8.684, time: 0.006808613001339836
L: 14.94, u_super: 0.00782 — INFEASIBLE (li_recovered=0.000e+00), time: 0.0020609019993571565
L: 0.50, u_super: 0.00255, sec: 793.290, prod: 0.009841, t_ads: 77.0, t_des: 814.5, bed_util_ads: 0.221, bed_util_des: 0.212, des_th: 0.2119560743470613,frac_lost: 0.104, li_recovered:  8.774, time: 0.030968410999776097
L: 0.50, u_super: 0.00626, sec: 348.945, prod: 0.141839, t_ads: 31.0, t_des: 28.1, bed_util_ads: 0.498, bed_util_des: 0.498, des_th: 0.49774460356451955,frac_lost: 0.101, li_recovered:  8.375, time: 0.007442511001499952
L: 0.50, u_super: 0.00049, sec: 28.463, prod: 0.009743, t_ads: 368.2, t_des: 334.0, bed_util_ads: 0.467, bed_util_des: 0.466, des_th: 0.46572848986103776,frac_lost: 0.103, li_recovered:  6.841, time: 0.007028149999314337
   273 |    10920 |     40 |  0.0026645668 |             f
L: 0.50, u_super: 0.00655, sec: 377.130, prod: 0.144039, t_ads: 29.9, t_des: 30.3, bed_util_ads: 0.484, bed_util_des: 0.484, des_th: 0.48367050592490307,frac_lost: 0.107, li_recovered:  8.659, time: 0.006295462999332813
L: 0.50, u_super: 0.00449, sec: 245.663, prod: 0.101017, t_ads: 43.4, t_des: 39.1, bed_util_ads: 0.498, bed_util_des: 0.497, des_th: 0.4974295451015014,frac_lost: 0.106, li_recovered:  8.328, time: 0.006426608999390737
L: 0.50, u_super: 0.00879, sec: 505.156, prod: 0.199115, t_ads: 22.2, t_des: 20.4, bed_util_ads: 0.498, bed_util_des: 0.498, des_th: 0.4977166476433627,frac_lost: 0.104, li_recovered:  8.486, time: 0.004914252000162378
L: 20.39, u_super: 0.00459 — INFEASIBLE (li_recovered=0.000e+00), time: 0.0012218179999763379
L: 0.50, u_super: 0.00288, sec: 154.833, prod: 0.064327, t_ads: 67.0, t_des: 60.4, bed_util_ads: 0.495, bed_util_des: 0.495, des_th: 0.4947499867882178,frac_lost: 0.101, li_recovered:  8.197, time: 0.006141152000054717
L: 0.50, u_super: 0.00575, sec: 318.399, prod: 0.130070, t_ads: 33.7, t_des: 31.3, bed_util_ads: 0.495, bed_util_des: 0.495, des_th: 0.4948373947673393,frac_lost: 0.100, li_recovered:  8.456, time: 0.004798998999831383
L: 28.05, u_super: 0.00711 — INFEASIBLE (li_recovered=0.000e+00), time: 0.0013446849989122711
L: 0.50, u_super: 0.00663, sec: 426.621, prod: 0.130663, t_ads: 29.5, t_des: 37.1, bed_util_ads: 0.457, bed_util_des: 0.456, des_th: 0.456254354605967,frac_lost: 0.106, li_recovered:  8.694, time: 0.004625689000022248
L: 0.50, u_super: 0.00066, sec: 40.421, prod: 0.012738, t_ads: 280.1, t_des: 344.8, bed_util_ads: 0.437, bed_util_des: 0.431, des_th: 0.43144830603845535,frac_lost: 0.101, li_recovered:  7.960, time: 0.0049038790002668975
L: 0.50, u_super: 0.00101, sec: 63.372, prod: 0.018966, t_ads: 187.3, t_des: 248.1, bed_util_ads: 0.436, bed_util_des: 0.431, des_th: 0.43144830603845535,frac_lost: 0.101, li_recovered:  8.258, time: 0.004944981999869924
L: 0.50, u_super: 0.00072 — INFEASIBLE (li_recovered=0.000e+00), time: 0.0027519720006239368
L: 0.50, u_super: 0.00952, sec: 566.754, prod: 0.210262, t_ads: 20.5, t_des: 20.8, bed_util_ads: 0.485, bed_util_des: 0.485, des_th: 0.48468589343009366,frac_lost: 0.104, li_recovered:  8.686, time: 0.005085007000161568
L: 0.50, u_super: 0.00979, sec: 570.721, prod: 0.221775, t_ads: 20.0, t_des: 18.3, bed_util_ads: 0.498, bed_util_des: 0.498, des_th: 0.4980008183184508,frac_lost: 0.107, li_recovered:  8.496, time: 0.005129650000526453
L: 0.50, u_super: 0.00525, sec: 1535.387, prod: 0.022361, t_ads: 37.5, t_des: 354.9, bed_util_ads: 0.234, bed_util_des: 0.230, des_th: 0.22963086622700812,frac_lost: 0.107, li_recovered:  8.774, time: 0.02805965500010643
L: 0.50, u_super: 0.00633, sec: 352.941, prod: 0.143363, t_ads: 30.6, t_des: 27.8, bed_util_ads: 0.498, bed_util_des: 0.498, des_th: 0.49771110634841004,frac_lost: 0.101, li_recovered:  8.373, time: 0.005762167000284535
L: 0.50, u_super: 0.00289, sec: 155.552, prod: 0.064598, t_ads: 66.8, t_des: 60.3, bed_util_ads: 0.495, bed_util_des: 0.495, des_th: 0.49473860536631364,frac_lost: 0.102, li_recovered:  8.208, time: 0.00538974099981715
L: 0.50, u_super: 0.00199, sec: 120.772, prod: 0.039172, t_ads: 96.6, t_des: 120.3, bed_util_ads: 0.453, bed_util_des: 0.450, des_th: 0.4505238057321753,frac_lost: 0.103, li_recovered:  8.498, time: 0.00591892100055702
L: 0.50, u_super: 0.00843, sec: 485.360, prod: 0.189953, t_ads: 23.2, t_des: 22.0, bed_util_ads: 0.492, bed_util_des: 0.492, des_th: 0.4922740516011075,frac_lost: 0.105, li_recovered:  8.589, time: 0.004473455999686848
L: 0.50, u_super: 0.00663, sec: 372.698, prod: 0.149568, t_ads: 29.5, t_des: 27.4, bed_util_ads: 0.495, bed_util_des: 0.495, des_th: 0.4953004256351076,frac_lost: 0.107, li_recovered:  8.510, time: 0.005296602999806055
L: 0.50, u_super: 0.00060 — INFEASIBLE (li_recovered=0.000e+00), time: 0.00348213899997063
L: 40.83, u_super: 0.00021 — INFEASIBLE (li_recovered=0.000e+00), time: 0.0011504069989314303
L: 0.50, u_super: 0.00990, sec: 576.736, prod: 0.224529, t_ads: 19.7, t_des: 17.9, bed_util_ads: 0.500, bed_util_des: 0.499, des_th: 0.49942132725883337,frac_lost: 0.105, li_recovered:  8.447, time: 0.004059912998854998
L: 6.40, u_super: 0.00778 — INFEASIBLE (li_recovered=0.000e+00), time: 0.0027905400002055103
L: 6.26, u_super: 0.00232 — INFEASIBLE (li_recovered=0.000e+00), time: 0.002420265000182553
L: 0.50, u_super: 0.00370, sec: 201.384, prod: 0.083042, t_ads: 52.5, t_des: 47.0, bed_util_ads: 0.499, bed_util_des: 0.498, des_th: 0.49850401643826864,frac_lost: 0.107, li_recovered:  8.266, time: 0.00557068300076935
L: 0.50, u_super: 0.00808, sec: 460.708, prod: 0.183103, t_ads: 24.1, t_des: 22.0, bed_util_ads: 0.498, bed_util_des: 0.498, des_th: 0.4979425072882903,frac_lost: 0.104, li_recovered:  8.448, time: 0.0040866020008252235
L: 0.50, u_super: 0.00199, sec: 110.173, prod: 0.042941, t_ads: 96.9, t_des: 99.8, bed_util_ads: 0.476, bed_util_des: 0.475, des_th: 0.47463647088320554,frac_lost: 0.107, li_recovered:  8.446, time: 0.008371844998691813
L: 0.50, u_super: 0.00005, sec: 4.795, prod: 0.000604, t_ads: 3919.9, t_des: 9399.0, bed_util_ads: 0.232, bed_util_des: 0.133, des_th: 0.13337251294186037,frac_lost: 0.103, li_recovered:  8.041, time: 0.008502298998791957
L: 0.50, u_super: 0.00786, sec: 446.297, prod: 0.178257, t_ads: 24.7, t_des: 22.3, bed_util_ads: 0.500, bed_util_des: 0.500, des_th: 0.49990292150590665,frac_lost: 0.102, li_recovered:  8.387, time: 0.005472209999425104
L: 0.50, u_super: 0.00064 — INFEASIBLE (li_recovered=0.000e+00), time: 0.00433200699990266
L: 72.15, u_super: 0.00676, sec: 93407.681, prod: 0.089604, t_ads: 3579.9, t_des: 5923.1, bed_util_ads: 0.250, bed_util_des: 0.185, des_th: 0.1851696623157332,frac_lost: 0.102, li_recovered:  851.506, time: 0.0069241100009094225
L: 0.50, u_super: 0.00187, sec: 106.342, prod: 0.039277, t_ads: 102.9, t_des: 112.4, bed_util_ads: 0.468, bed_util_des: 0.467, des_th: 0.46688685159540483,frac_lost: 0.106, li_recovered:  8.456, time: 0.0064716260003478965
L: 0.50, u_super: 0.00738, sec: 416.621, prod: 0.167427, t_ads: 26.3, t_des: 24.0, bed_util_ads: 0.498, bed_util_des: 0.498, des_th: 0.49794406846180905,frac_lost: 0.101, li_recovered:  8.420, time: 0.004268991000571987
L: 0.50, u_super: 0.00039 — INFEASIBLE (li_recovered=0.000e+00), time: 0.002203931000622106
L: 0.50, u_super: 0.00778, sec: 443.447, prod: 0.175656, t_ads: 25.2, t_des: 23.4, bed_util_ads: 0.495, bed_util_des: 0.495, des_th: 0.49487089196970213,frac_lost: 0.107, li_recovered:  8.532, time: 0.005205326999202953
L: 0.50, u_super: 0.00416, sec: 227.029, prod: 0.093603, t_ads: 46.7, t_des: 42.8, bed_util_ads: 0.496, bed_util_des: 0.495, des_th: 0.49539142892734,frac_lost: 0.106, li_recovered:  8.384, time: 0.005785860001196852
L: 0.81, u_super: 0.00279, sec: 246.128, prod: 0.061337, t_ads: 110.3, t_des: 97.8, bed_util_ads: 0.494, bed_util_des: 0.493, des_th: 0.4933899245054209,frac_lost: 0.103, li_recovered:  12.766, time: 0.0052305530007288326
L: 0.50, u_super: 0.00415, sec: 226.112, prod: 0.093292, t_ads: 46.8, t_des: 42.3, bed_util_ads: 0.498, bed_util_des: 0.498, des_th: 0.49779725542692194,frac_lost: 0.105, li_recovered:  8.320, time: 0.006202639999173698
L: 0.50, u_super: 0.00608, sec: 340.211, prod: 0.136911, t_ads: 31.9, t_des: 30.6, bed_util_ads: 0.490, bed_util_des: 0.490, des_th: 0.49021312371802284,frac_lost: 0.101, li_recovered:  8.560, time: 0.006407371000022977
L: 0.50, u_super: 0.00288, sec: 155.275, prod: 0.064144, t_ads: 67.2, t_des: 59.6, bed_util_ads: 0.498, bed_util_des: 0.498, des_th: 0.49790125599842927,frac_lost: 0.104, li_recovered:  8.135, time: 0.006613991001358954
   274 |    10960 |     40 |  0.0022541369 |             f
L: 12.83, u_super: 0.00534 — INFEASIBLE (li_recovered=0.000e+00), time: 0.0022439979984483216
L: 0.50, u_super: 0.00005, sec: 4.527, prod: 0.000640, t_ads: 3761.9, t_des: 7960.3, bed_util_ads: 0.239, bed_util_des: 0.150, des_th: 0.15013117866489611,frac_lost: 0.101, li_recovered:  7.497, time: 0.009804493000046932
L: 0.50, u_super: 0.00933, sec: 539.988, prod: 0.211415, t_ads: 21.0, t_des: 19.0, bed_util_ads: 0.500, bed_util_des: 0.500, des_th: 0.49991114459641184,frac_lost: 0.105, li_recovered:  8.438, time: 0.0077853670009062625
L: 0.50, u_super: 0.00804, sec: 458.899, prod: 0.181773, t_ads: 24.4, t_des: 22.3, bed_util_ads: 0.498, bed_util_des: 0.498, des_th: 0.4977109737215561,frac_lost: 0.107, li_recovered:  8.487, time: 0.006391593000444118
L: 0.50, u_super: 0.00092 — INFEASIBLE (li_recovered=0.000e+00), time: 0.0037421340002765646
L: 5.47, u_super: 0.00351 — INFEASIBLE (li_recovered=0.000e+00), time: 0.002782060000754427
L: 6.30, u_super: 0.00026 — INFEASIBLE (li_recovered=0.000e+00), time: 0.0016256110011454439
L: 0.50, u_super: 0.00702, sec: 394.068, prod: 0.159093, t_ads: 27.6, t_des: 25.0, bed_util_ads: 0.499, bed_util_des: 0.499, des_th: 0.49922689644540275,frac_lost: 0.100, li_recovered:  8.378, time: 0.00759409400052391
L: 0.50, u_super: 0.00843, sec: 483.264, prod: 0.190777, t_ads: 23.2, t_des: 21.3, bed_util_ads: 0.497, bed_util_des: 0.497, des_th: 0.496925952000631,frac_lost: 0.106, li_recovered:  8.495, time: 0.005446553999718162
L: 0.50, u_super: 0.00720, sec: 406.264, prod: 0.162786, t_ads: 27.1, t_des: 24.7, bed_util_ads: 0.498, bed_util_des: 0.498, des_th: 0.4977166476433627,frac_lost: 0.106, li_recovered:  8.438, time: 0.006601164999665343
L: 0.50, u_super: 0.00711, sec: 400.066, prod: 0.161168, t_ads: 27.3, t_des: 25.0, bed_util_ads: 0.498, bed_util_des: 0.498, des_th: 0.4980054632342586,frac_lost: 0.102, li_recovered:  8.428, time: 0.006310097000095993
L: 7.92, u_super: 0.00167 — INFEASIBLE (li_recovered=0.000e+00), time: 0.001602311998794903
L: 0.50, u_super: 0.00574, sec: 317.594, prod: 0.129704, t_ads: 33.8, t_des: 31.3, bed_util_ads: 0.495, bed_util_des: 0.495, des_th: 0.49483749312889985,frac_lost: 0.101, li_recovered:  8.447, time: 0.005631482001263066
L: 0.50, u_super: 0.00534, sec: 294.978, prod: 0.120528, t_ads: 36.3, t_des: 34.1, bed_util_ads: 0.494, bed_util_des: 0.493, des_th: 0.49337996430422026,frac_lost: 0.102, li_recovered:  8.488, time: 0.006475766000221483
L: 0.50, u_super: 0.00073, sec: 41.656, prod: 0.015160, t_ads: 250.3, t_des: 216.7, bed_util_ads: 0.484, bed_util_des: 0.483, des_th: 0.48367050592490307,frac_lost: 0.100, li_recovered:  7.079, time: 0.006936654999663006
L: 26.31, u_super: 0.00675 — INFEASIBLE (li_recovered=0.000e+00), time: 0.0019181659990863409
L: 0.50, u_super: 0.00349, sec: 189.025, prod: 0.078092, t_ads: 55.8, t_des: 50.4, bed_util_ads: 0.497, bed_util_des: 0.497, des_th: 0.4966879527783099,frac_lost: 0.107, li_recovered:  8.296, time: 0.007884005999585497
L: 6.91, u_super: 0.00441 — INFEASIBLE (li_recovered=0.000e+00), time: 0.0019520079986250494
L: 0.50, u_super: 0.00490, sec: 272.239, prod: 0.109245, t_ads: 39.7, t_des: 38.8, bed_util_ads: 0.488, bed_util_des: 0.488, des_th: 0.4876911427327147,frac_lost: 0.104, li_recovered:  8.578, time: 0.006597649000468664
L: 0.50, u_super: 0.00658, sec: 415.113, prod: 0.132015, t_ads: 29.8, t_des: 36.1, bed_util_ads: 0.462, bed_util_des: 0.461, des_th: 0.4614141565262216,frac_lost: 0.107, li_recovered:  8.694, time: 0.00800563300072099
L: 0.50, u_super: 0.00985, sec: 575.387, prod: 0.222715, t_ads: 19.8, t_des: 18.7, bed_util_ads: 0.494, bed_util_des: 0.493, des_th: 0.49343225070412755,frac_lost: 0.104, li_recovered:  8.576, time: 0.006823797999459202
L: 0.50, u_super: 0.00668, sec: 374.880, prod: 0.150717, t_ads: 29.3, t_des: 26.6, bed_util_ads: 0.498, bed_util_des: 0.498, des_th: 0.49794818121009693,frac_lost: 0.108, li_recovered:  8.432, time: 0.006279678000282729
L: 0.50, u_super: 0.00201, sec: 110.781, prod: 0.043548, t_ads: 95.8, t_des: 98.0, bed_util_ads: 0.477, bed_util_des: 0.476, des_th: 0.4757931371748189,frac_lost: 0.106, li_recovered:  8.440, time: 0.00487267099924793
L: 28.18, u_super: 0.00241 — INFEASIBLE (li_recovered=0.000e+00), time: 0.001039803999447031
L: 26.91, u_super: 0.00268 — INFEASIBLE (li_recovered=0.000e+00), time: 0.0012075670001649996
L: 0.50, u_super: 0.00106, sec: 57.480, prod: 0.022813, t_ads: 178.2, t_des: 163.2, bed_util_ads: 0.485, bed_util_des: 0.484, des_th: 0.48367050592490307,frac_lost: 0.102, li_recovered:  7.789, time: 0.0062405209991993615
L: 0.50, u_super: 0.00684, sec: 384.914, prod: 0.154590, t_ads: 28.6, t_des: 25.9, bed_util_ads: 0.498, bed_util_des: 0.498, des_th: 0.49775306069334696,frac_lost: 0.107, li_recovered:  8.428, time: 0.006493202999990899
L: 0.50, u_super: 0.00937, sec: 542.490, prod: 0.212241, t_ads: 20.9, t_des: 18.9, bed_util_ads: 0.500, bed_util_des: 0.500, des_th: 0.49979661775887413,frac_lost: 0.106, li_recovered:  8.447, time: 0.0062911580007494194
L: 0.50, u_super: 0.00120, sec: 65.389, prod: 0.025932, t_ads: 157.9, t_des: 139.9, bed_util_ads: 0.490, bed_util_des: 0.490, des_th: 0.48997560966941023,frac_lost: 0.104, li_recovered:  7.721, time: 0.0041210350009350805
L: 0.50, u_super: 0.00270, sec: 145.000, prod: 0.060263, t_ads: 71.5, t_des: 65.1, bed_util_ads: 0.495, bed_util_des: 0.495, des_th: 0.494738507004753,frac_lost: 0.103, li_recovered:  8.230, time: 0.005838436998601537
L: 0.50, u_super: 0.00243, sec: 130.631, prod: 0.054011, t_ads: 79.5, t_des: 71.6, bed_util_ads: 0.495, bed_util_des: 0.494, des_th: 0.49444886943937516,frac_lost: 0.105, li_recovered:  8.162, time: 0.004426624000188895
L: 0.50, u_super: 0.00879, sec: 539.709, prod: 0.186367, t_ads: 22.2, t_des: 24.5, bed_util_ads: 0.475, bed_util_des: 0.474, des_th: 0.4742118724209997,frac_lost: 0.104, li_recovered:  8.706, time: 0.005438922000394086
L: 0.50, u_super: 0.00337, sec: 182.774, prod: 0.075557, t_ads: 57.5, t_des: 51.5, bed_util_ads: 0.498, bed_util_des: 0.498, des_th: 0.49804689884696657,frac_lost: 0.106, li_recovered:  8.236, time: 0.004344024999227258
L: 0.50, u_super: 0.00188, sec: 106.366, prod: 0.039349, t_ads: 102.9, t_des: 112.0, bed_util_ads: 0.468, bed_util_des: 0.467, des_th: 0.46676077390507004,frac_lost: 0.107, li_recovered:  8.455, time: 0.0044427369994082255
L: 0.50, u_super: 0.00801, sec: 456.919, prod: 0.181339, t_ads: 24.4, t_des: 22.4, bed_util_ads: 0.498, bed_util_des: 0.498, des_th: 0.4976098926947922,frac_lost: 0.106, li_recovered:  8.480, time: 0.005168440999113955
L: 0.50, u_super: 0.00990, sec: 576.410, prod: 0.224655, t_ads: 19.7, t_des: 17.9, bed_util_ads: 0.499, bed_util_des: 0.499, des_th: 0.4986467279171398,frac_lost: 0.104, li_recovered:  8.451, time: 0.004212301000734442
L: 0.50, u_super: 0.00133, sec: 73.705, prod: 0.028460, t_ads: 142.1, t_des: 119.5, bed_util_ads: 0.497, bed_util_des: 0.497, des_th: 0.4965228211972377,frac_lost: 0.102, li_recovered:  7.444, time: 0.0038306879996525822
L: 0.50, u_super: 0.00544, sec: 300.706, prod: 0.122871, t_ads: 35.6, t_des: 31.9, bed_util_ads: 0.499, bed_util_des: 0.499, des_th: 0.4986583033155194,frac_lost: 0.102, li_recovered:  8.301, time: 0.004649369000617298
L: 0.50, u_super: 0.00017, sec: 17.965, prod: 0.001849, t_ads: 1126.7, t_des: 3228.2, bed_util_ads: 0.281, bed_util_des: 0.226, des_th: 0.22596019265477027,frac_lost: 0.102, li_recovered:  8.052, time: 0.006903247000082047
L: 0.50, u_super: 0.00082, sec: 50.926, prod: 0.015470, t_ads: 231.5, t_des: 295.2, bed_util_ads: 0.437, bed_util_des: 0.431, des_th: 0.43144830603845535,frac_lost: 0.107, li_recovered:  8.147, time: 0.006736642000760185
   275 |    11000 |     40 |  0.0040923980 |             f
L: 0.50, u_super: 0.00270, sec: 145.000, prod: 0.060263, t_ads: 71.5, t_des: 65.1, bed_util_ads: 0.495, bed_util_des: 0.495, des_th: 0.494738507004753,frac_lost: 0.103, li_recovered:  8.230, time: 0.0063882920003379695
L: 0.50, u_super: 0.00476, sec: 261.165, prod: 0.107319, t_ads: 40.8, t_des: 36.9, bed_util_ads: 0.497, bed_util_des: 0.497, des_th: 0.4971388410328561,frac_lost: 0.104, li_recovered:  8.337, time: 0.005317933999322122
L: 0.50, u_super: 0.00257, sec: 142.513, prod: 0.055489, t_ads: 75.1, t_des: 78.4, bed_util_ads: 0.477, bed_util_des: 0.476, des_th: 0.47582826345965756,frac_lost: 0.102, li_recovered:  8.516, time: 0.005690449001122033
L: 1.79, u_super: 0.00749, sec: 1562.319, prod: 0.164744, t_ads: 92.5, t_des: 80.4, bed_util_ads: 0.498, bed_util_des: 0.498, des_th: 0.49800237949196946,frac_lost: 0.108, li_recovered:  28.484, time: 0.004633693999494426
L: 0.50, u_super: 0.00602, sec: 334.420, prod: 0.136203, t_ads: 32.2, t_des: 29.2, bed_util_ads: 0.498, bed_util_des: 0.498, des_th: 0.49775306069334696,frac_lost: 0.102, li_recovered:  8.368, time: 0.0049453840001660865
L: 0.50, u_super: 0.00912, sec: 527.620, prod: 0.206251, t_ads: 21.4, t_des: 19.9, bed_util_ads: 0.495, bed_util_des: 0.495, des_th: 0.49527555082087693,frac_lost: 0.106, li_recovered:  8.538, time: 0.006533228999614948
L: 0.50, u_super: 0.00990, sec: 577.078, prod: 0.224396, t_ads: 19.7, t_des: 18.1, bed_util_ads: 0.498, bed_util_des: 0.498, des_th: 0.49783590763478264,frac_lost: 0.105, li_recovered:  8.494, time: 0.007243863999974565
L: 16.41, u_super: 0.00971 — INFEASIBLE (li_recovered=0.000e+00), time: 0.0030252680007833987
L: 0.50, u_super: 0.00533, sec: 293.822, prod: 0.120403, t_ads: 36.4, t_des: 33.0, bed_util_ads: 0.498, bed_util_des: 0.498, des_th: 0.49775444352289444,frac_lost: 0.102, li_recovered:  8.354, time: 0.006451842999013024
L: 0.79, u_super: 0.00243, sec: 210.471, prod: 0.052924, t_ads: 124.4, t_des: 109.0, bed_util_ads: 0.494, bed_util_des: 0.493, des_th: 0.4933899245054209,frac_lost: 0.105, li_recovered:  12.352, time: 0.010448805000123684
L: 0.50, u_super: 0.00633, sec: 353.081, prod: 0.143306, t_ads: 30.7, t_des: 27.8, bed_util_ads: 0.499, bed_util_des: 0.499, des_th: 0.4987658279569943,frac_lost: 0.102, li_recovered:  8.374, time: 0.007169799999246607
L: 0.54, u_super: 0.00969, sec: 631.431, prod: 0.211834, t_ads: 21.8, t_des: 22.5, bed_util_ads: 0.483, bed_util_des: 0.482, des_th: 0.4824579051283947,frac_lost: 0.106, li_recovered:  9.394, time: 0.008615856000687927
L: 0.50, u_super: 0.00879, sec: 696.750, prod: 0.144362, t_ads: 22.2, t_des: 38.2, bed_util_ads: 0.419, bed_util_des: 0.418, des_th: 0.4177851365292975,frac_lost: 0.103, li_recovered:  8.723, time: 0.009942757000317215
L: 0.50, u_super: 0.00990, sec: 576.657, prod: 0.224559, t_ads: 19.7, t_des: 17.7, bed_util_ads: 0.500, bed_util_des: 0.500, des_th: 0.4998096045906584,frac_lost: 0.103, li_recovered:  8.394, time: 0.006734465998306405
L: 0.50, u_super: 0.00055 — INFEASIBLE (li_recovered=0.000e+00), time: 0.003159369000059087
L: 0.50, u_super: 0.00833, sec: 476.966, prod: 0.188639, t_ads: 23.5, t_des: 21.5, bed_util_ads: 0.498, bed_util_des: 0.498, des_th: 0.4977166476433627,frac_lost: 0.106, li_recovered:  8.483, time: 0.007924433000880526
L: 0.50, u_super: 0.00490, sec: 269.213, prod: 0.110473, t_ads: 39.7, t_des: 35.9, bed_util_ads: 0.499, bed_util_des: 0.499, des_th: 0.4986583033155194,frac_lost: 0.105, li_recovered:  8.347, time: 0.006198224999025115
L: 14.37, u_super: 0.00808 — INFEASIBLE (li_recovered=0.000e+00), time: 0.003463580998868565
L: 0.50, u_super: 0.00888, sec: 511.634, prod: 0.201236, t_ads: 22.0, t_des: 20.2, bed_util_ads: 0.497, bed_util_des: 0.497, des_th: 0.49692477226268306,frac_lost: 0.105, li_recovered:  8.491, time: 0.006362889000229188
L: 1.21, u_super: 0.00879, sec: 1234.371, prod: 0.196666, t_ads: 53.4, t_des: 47.2, bed_util_ads: 0.500, bed_util_des: 0.499, des_th: 0.49929498552774165,frac_lost: 0.106, li_recovered:  19.776, time: 0.005274293000184116
L: 0.50, u_super: 0.00055, sec: 31.306, prod: 0.011229, t_ads: 331.3, t_des: 308.3, bed_util_ads: 0.468, bed_util_des: 0.466, des_th: 0.46590946212674644,frac_lost: 0.103, li_recovered:  7.182, time: 0.005118343000503955
L: 0.50, u_super: 0.00720, sec: 406.747, prod: 0.162592, t_ads: 27.2, t_des: 24.4, bed_util_ads: 0.500, bed_util_des: 0.500, des_th: 0.49994011939062727,frac_lost: 0.108, li_recovered:  8.387, time: 0.004871684999670833
L: 0.50, u_super: 0.00800, sec: 455.797, prod: 0.180928, t_ads: 24.5, t_des: 22.2, bed_util_ads: 0.499, bed_util_des: 0.499, des_th: 0.4993300179278643,frac_lost: 0.107, li_recovered:  8.438, time: 0.005138657001225511
L: 0.50, u_super: 0.00534, sec: 294.822, prod: 0.120592, t_ads: 36.4, t_des: 33.7, bed_util_ads: 0.495, bed_util_des: 0.494, des_th: 0.49443890923817446,frac_lost: 0.103, li_recovered:  8.453, time: 0.005596777000391739
L: 0.50, u_super: 0.00610, sec: 398.339, prod: 0.117444, t_ads: 31.8, t_des: 42.1, bed_util_ads: 0.450, bed_util_des: 0.450, des_th: 0.4495369253733049,frac_lost: 0.100, li_recovered:  8.682, time: 0.005549905001316802
L: 2.12, u_super: 0.00201 — INFEASIBLE (li_recovered=0.000e+00), time: 0.0022034109988453565
L: 0.50, u_super: 0.00759, sec: 430.949, prod: 0.171282, t_ads: 25.9, t_des: 23.7, bed_util_ads: 0.498, bed_util_des: 0.498, des_th: 0.4979425072882903,frac_lost: 0.109, li_recovered:  8.487, time: 0.004139963999477914
L: 0.50, u_super: 0.00137, sec: 74.162, prod: 0.030056, t_ads: 139.0, t_des: 129.7, bed_util_ads: 0.486, bed_util_des: 0.485, des_th: 0.48468589343009366,frac_lost: 0.106, li_recovered:  8.075, time: 0.003542219001246849
L: 0.50, u_super: 0.00440, sec: 240.642, prod: 0.099048, t_ads: 44.2, t_des: 39.9, bed_util_ads: 0.498, bed_util_des: 0.497, des_th: 0.4974455772337938,frac_lost: 0.105, li_recovered:  8.325, time: 0.00352096800088475
L: 0.50, u_super: 0.00768, sec: 448.249, prod: 0.169043, t_ads: 25.5, t_des: 25.8, bed_util_ads: 0.484, bed_util_des: 0.484, des_th: 0.48420377356050487,frac_lost: 0.107, li_recovered:  8.674, time: 0.004679022000345867
L: 0.50, u_super: 0.00533, sec: 2528.147, prod: 0.013986, t_ads: 36.8, t_des: 591.1, bed_util_ads: 0.190, bed_util_des: 0.185, des_th: 0.1851696623157332,frac_lost: 0.103, li_recovered:  8.782, time: 0.030078507001235266
L: 0.50, u_super: 0.00729, sec: 412.940, prod: 0.164708, t_ads: 26.9, t_des: 24.6, bed_util_ads: 0.497, bed_util_des: 0.497, des_th: 0.496925952000631,frac_lost: 0.109, li_recovered:  8.479, time: 0.004758839000714943
L: 0.50, u_super: 0.00529, sec: 291.679, prod: 0.119461, t_ads: 36.7, t_des: 33.2, bed_util_ads: 0.498, bed_util_des: 0.498, des_th: 0.49775306069334696,frac_lost: 0.103, li_recovered:  8.355, time: 0.004911499998343061
L: 0.50, u_super: 0.00783, sec: 444.341, prod: 0.177803, t_ads: 24.8, t_des: 22.7, bed_util_ads: 0.497, bed_util_des: 0.497, des_th: 0.49657237419766237,frac_lost: 0.100, li_recovered:  8.442, time: 0.004572181000185083
L: 13.13, u_super: 0.00808 — INFEASIBLE (li_recovered=0.000e+00), time: 0.003173559000060777
L: 0.50, u_super: 0.00534, sec: 294.483, prod: 0.120731, t_ads: 36.3, t_des: 33.7, bed_util_ads: 0.495, bed_util_des: 0.495, des_th: 0.4952317651206897,frac_lost: 0.101, li_recovered:  8.450, time: 0.004793956000867183
L: 0.50, u_super: 0.00490, sec: 269.213, prod: 0.110473, t_ads: 39.7, t_des: 35.9, bed_util_ads: 0.499, bed_util_des: 0.499, des_th: 0.4986583033155194,frac_lost: 0.105, li_recovered:  8.347, time: 0.006188566998389433
L: 0.50, u_super: 0.00263, sec: 141.824, prod: 0.058399, t_ads: 73.3, t_des: 64.5, bed_util_ads: 0.498, bed_util_des: 0.497, des_th: 0.4973880575331872,frac_lost: 0.102, li_recovered:  8.049, time: 0.0050297830002818955
L: 0.50, u_super: 0.00858, sec: 501.837, prod: 0.190608, t_ads: 22.8, t_des: 22.6, bed_util_ads: 0.487, bed_util_des: 0.487, des_th: 0.48717123211416624,frac_lost: 0.107, li_recovered:  8.664, time: 0.005751557000621688
L: 0.50, u_super: 0.00104, sec: 56.642, prod: 0.022347, t_ads: 182.5, t_des: 176.2, bed_util_ads: 0.477, bed_util_des: 0.475, des_th: 0.4749991471736305,frac_lost: 0.106, li_recovered:  8.017, time: 0.005201305999435135
   276 |    11040 |     40 |  0.0019527324 |             f
L: 0.50, u_super: 0.00532, sec: 293.345, prod: 0.120180, t_ads: 36.5, t_des: 33.0, bed_util_ads: 0.498, bed_util_des: 0.498, des_th: 0.49775306069334696,frac_lost: 0.102, li_recovered:  8.352, time: 0.00523215500106744
L: 0.50, u_super: 0.00800, sec: 469.076, prod: 0.176133, t_ads: 24.4, t_des: 24.8, bed_util_ads: 0.485, bed_util_des: 0.484, des_th: 0.48436185089562256,frac_lost: 0.107, li_recovered:  8.678, time: 0.00561221699899761
L: 0.50, u_super: 0.00201, sec: 111.191, prod: 0.043388, t_ads: 95.8, t_des: 98.9, bed_util_ads: 0.477, bed_util_des: 0.476, des_th: 0.4757931371748189,frac_lost: 0.106, li_recovered:  8.449, time: 0.004914409000775777
L: 0.50, u_super: 0.00653, sec: 364.353, prod: 0.147855, t_ads: 29.7, t_des: 27.0, bed_util_ads: 0.498, bed_util_des: 0.498, des_th: 0.4977166476433627,frac_lost: 0.100, li_recovered:  8.378, time: 0.006115568001405336
L: 0.50, u_super: 0.00879, sec: 550.854, prod: 0.182596, t_ads: 22.3, t_des: 25.4, bed_util_ads: 0.470, bed_util_des: 0.470, des_th: 0.46959801343150814,frac_lost: 0.106, li_recovered:  8.711, time: 0.00499879100061662
L: 0.50, u_super: 0.00490, sec: 315.950, prod: 0.094131, t_ads: 39.6, t_des: 52.4, bed_util_ads: 0.450, bed_util_des: 0.449, des_th: 0.4492959740737434,frac_lost: 0.101, li_recovered:  8.663, time: 0.0057069120011874475
L: 0.50, u_super: 0.00948, sec: 575.210, prod: 0.205279, t_ads: 20.6, t_des: 21.8, bed_util_ads: 0.480, bed_util_des: 0.480, des_th: 0.4799174028550538,frac_lost: 0.104, li_recovered:  8.704, time: 0.00880381800016039
L: 0.50, u_super: 0.00283, sec: 153.080, prod: 0.062996, t_ads: 68.1, t_des: 59.8, bed_util_ads: 0.499, bed_util_des: 0.498, des_th: 0.4983166991420139,frac_lost: 0.102, li_recovered:  8.055, time: 0.005320281999956933
L: 0.50, u_super: 0.00912, sec: 526.480, prod: 0.206698, t_ads: 21.4, t_des: 19.4, bed_util_ads: 0.499, bed_util_des: 0.498, des_th: 0.49849683182801136,frac_lost: 0.105, li_recovered:  8.441, time: 0.004257227001289721
L: 0.50, u_super: 0.00389, sec: 211.754, prod: 0.087318, t_ads: 49.9, t_des: 44.5, bed_util_ads: 0.499, bed_util_des: 0.498, des_th: 0.49851540332498756,frac_lost: 0.105, li_recovered:  8.247, time: 0.00584316700042109
L: 0.50, u_super: 0.00440, sec: 240.667, prod: 0.099038, t_ads: 44.2, t_des: 39.9, bed_util_ads: 0.497, bed_util_des: 0.497, des_th: 0.49689015702196065,frac_lost: 0.106, li_recovered:  8.329, time: 0.006967863000681973
L: 0.50, u_super: 0.00095, sec: 52.105, prod: 0.020257, t_ads: 197.3, t_des: 177.1, bed_util_ads: 0.485, bed_util_des: 0.484, des_th: 0.48413021155069863,frac_lost: 0.102, li_recovered:  7.585, time: 0.005490694000400254
L: 0.50, u_super: 0.00014, sec: 13.524, prod: 0.001713, t_ads: 1319.2, t_des: 3182.6, bed_util_ads: 0.287, bed_util_des: 0.232, des_th: 0.23212819547230115,frac_lost: 0.101, li_recovered:  7.713, time: 0.008594050001192954
L: 0.50, u_super: 0.00942, sec: 545.843, prod: 0.213456, t_ads: 20.7, t_des: 19.1, bed_util_ads: 0.498, bed_util_des: 0.498, des_th: 0.4979425072882903,frac_lost: 0.105, li_recovered:  8.501, time: 0.006537663999552024
L: 9.31, u_super: 0.00349 — INFEASIBLE (li_recovered=0.000e+00), time: 0.0024340159998246236
L: 0.50, u_super: 0.00201, sec: 109.894, prod: 0.043900, t_ads: 95.9, t_des: 95.8, bed_util_ads: 0.481, bed_util_des: 0.480, des_th: 0.47971041561351374,frac_lost: 0.107, li_recovered:  8.417, time: 0.005666479000865365
L: 0.50, u_super: 0.00506, sec: 356.559, prod: 0.089267, t_ads: 38.6, t_des: 58.6, bed_util_ads: 0.433, bed_util_des: 0.431, des_th: 0.43144830603845535,frac_lost: 0.107, li_recovered:  8.684, time: 0.00905184399925929
L: 0.50, u_super: 0.00729, sec: 412.940, prod: 0.164708, t_ads: 26.9, t_des: 24.6, bed_util_ads: 0.497, bed_util_des: 0.497, des_th: 0.496925952000631,frac_lost: 0.109, li_recovered:  8.479, time: 0.006030938000549213
L: 0.50, u_super: 0.00699, sec: 393.621, prod: 0.157854, t_ads: 28.0, t_des: 25.4, bed_util_ads: 0.499, bed_util_des: 0.499, des_th: 0.49922689644540275,frac_lost: 0.107, li_recovered:  8.432, time: 0.007772166998620378
L: 0.50, u_super: 0.00114 — INFEASIBLE (li_recovered=0.000e+00), time: 0.0044069510004192125
L: 0.50, u_super: 0.00641, sec: 357.806, prod: 0.145175, t_ads: 30.3, t_des: 27.4, bed_util_ads: 0.498, bed_util_des: 0.498, des_th: 0.49775306069334696,frac_lost: 0.101, li_recovered:  8.373, time: 0.0051688430012291064
L: 0.50, u_super: 0.00923, sec: 534.938, prod: 0.208543, t_ads: 21.2, t_des: 19.9, bed_util_ads: 0.495, bed_util_des: 0.495, des_th: 0.49527555082087693,frac_lost: 0.105, li_recovered:  8.562, time: 0.00566343199898256
L: 0.50, u_super: 0.00476, sec: 261.667, prod: 0.107113, t_ads: 40.9, t_des: 36.4, bed_util_ads: 0.500, bed_util_des: 0.500, des_th: 0.4995576621759322,frac_lost: 0.106, li_recovered:  8.275, time: 0.005726425999455387
L: 0.50, u_super: 0.00116, sec: 265.208, prod: 0.006014, t_ads: 167.9, t_des: 1284.0, bed_util_ads: 0.243, bed_util_des: 0.226, des_th: 0.2257636984773784,frac_lost: 0.100, li_recovered:  8.731, time: 0.022989924998910283
L: 0.50, u_super: 0.00316, sec: 170.898, prod: 0.070635, t_ads: 61.1, t_des: 54.2, bed_util_ads: 0.498, bed_util_des: 0.498, des_th: 0.4979425072882903,frac_lost: 0.102, li_recovered:  8.145, time: 0.006414249999579624
L: 0.50, u_super: 0.00387, sec: 210.699, prod: 0.086801, t_ads: 50.1, t_des: 44.5, bed_util_ads: 0.499, bed_util_des: 0.499, des_th: 0.49894317404316973,frac_lost: 0.104, li_recovered:  8.212, time: 0.006548997000209056
L: 2.13, u_super: 0.00965, sec: 2440.444, prod: 0.214387, t_ads: 85.2, t_des: 76.7, bed_util_ads: 0.495, bed_util_des: 0.494, des_th: 0.49436440716593977,frac_lost: 0.105, li_recovered:  34.718, time: 0.005184425999686937
L: 0.50, u_super: 0.00990, sec: 576.467, prod: 0.224633, t_ads: 19.7, t_des: 17.9, bed_util_ads: 0.500, bed_util_des: 0.499, des_th: 0.49942132725883337,frac_lost: 0.104, li_recovered:  8.453, time: 0.007806084999174345
L: 0.50, u_super: 0.00241, sec: 129.603, prod: 0.053502, t_ads: 79.9, t_des: 76.5, bed_util_ads: 0.487, bed_util_des: 0.487, des_th: 0.4867635051932998,frac_lost: 0.102, li_recovered:  8.368, time: 0.005155011998795089
L: 0.50, u_super: 0.00869, sec: 499.171, prod: 0.196778, t_ads: 22.5, t_des: 20.7, bed_util_ads: 0.498, bed_util_des: 0.497, des_th: 0.4974801924745162,frac_lost: 0.105, li_recovered:  8.489, time: 0.0053725349989690585
L: 0.50, u_super: 0.00298, sec: 160.769, prod: 0.066788, t_ads: 64.8, t_des: 58.9, bed_util_ads: 0.495, bed_util_des: 0.494, des_th: 0.49427889613412734,frac_lost: 0.103, li_recovered:  8.260, time: 0.006044282999937423
L: 0.50, u_super: 0.00686, sec: 392.070, prod: 0.152652, t_ads: 28.6, t_des: 28.0, bed_util_ads: 0.489, bed_util_des: 0.489, des_th: 0.4887067856001556,frac_lost: 0.108, li_recovered:  8.635, time: 0.007410303000142449
L: 0.50, u_super: 0.00058, sec: 32.851, prod: 0.012005, t_ads: 312.9, t_des: 295.4, bed_util_ads: 0.468, bed_util_des: 0.466, des_th: 0.46590946212674644,frac_lost: 0.101, li_recovered:  7.303, time: 0.004742601999168983
L: 0.50, u_super: 0.00016, sec: 20.613, prod: 0.001356, t_ads: 1277.3, t_des: 5009.6, bed_util_ads: 0.250, bed_util_des: 0.180, des_th: 0.17971871407956583,frac_lost: 0.104, li_recovered:  8.525, time: 0.014029032001417363
L: 0.50, u_super: 0.00544, sec: 305.350, prod: 0.121003, t_ads: 35.7, t_des: 35.5, bed_util_ads: 0.486, bed_util_des: 0.486, des_th: 0.48551865364298846,frac_lost: 0.102, li_recovered:  8.608, time: 0.004930881999825942
L: 0.50, u_super: 0.00095 — INFEASIBLE (li_recovered=0.000e+00), time: 0.0040926630008470966
L: 0.50, u_super: 0.00785, sec: 445.724, prod: 0.178195, t_ads: 24.7, t_des: 22.3, bed_util_ads: 0.499, bed_util_des: 0.499, des_th: 0.4992593050569699,frac_lost: 0.101, li_recovered:  8.383, time: 0.006527636000100756
L: 0.50, u_super: 0.00009, sec: 7.844, prod: 0.001265, t_ads: 1916.4, t_des: 3509.9, bed_util_ads: 0.285, bed_util_des: 0.229, des_th: 0.22963086622700812,frac_lost: 0.103, li_recovered:  6.863, time: 0.006921731999682379
L: 0.50, u_super: 0.00043, sec: 87.752, prod: 0.002456, t_ads: 459.9, t_des: 3098.9, bed_util_ads: 0.238, bed_util_des: 0.197, des_th: 0.19678163957577802,frac_lost: 0.103, li_recovered:  8.739, time: 0.021574205999058904
L: 0.50, u_super: 0.00490, sec: 269.391, prod: 0.110400, t_ads: 39.8, t_des: 35.9, bed_util_ads: 0.499, bed_util_des: 0.499, des_th: 0.4986583033155194,frac_lost: 0.106, li_recovered:  8.348, time: 0.005160565000551287
   277 |    11080 |     40 |  0.0028954619 |             f
L: 0.50, u_super: 0.00768, sec: 436.013, prod: 0.173636, t_ads: 25.5, t_des: 23.1, bed_util_ads: 0.498, bed_util_des: 0.498, des_th: 0.49800237949196946,frac_lost: 0.107, li_recovered:  8.437, time: 0.006355970999720739
L: 0.50, u_super: 0.00266, sec: 142.896, prod: 0.059350, t_ads: 72.6, t_des: 66.1, bed_util_ads: 0.494, bed_util_des: 0.493, des_th: 0.4933899245054209,frac_lost: 0.103, li_recovered:  8.227, time: 0.0052523850008583395
L: 0.50, u_super: 0.00264, sec: 142.585, prod: 0.058684, t_ads: 73.0, t_des: 64.2, bed_util_ads: 0.498, bed_util_des: 0.497, des_th: 0.4974455772337938,frac_lost: 0.102, li_recovered:  8.050, time: 0.0045824440003343625
L: 3.06, u_super: 0.00651 — INFEASIBLE (li_recovered=0.000e+00), time: 0.004060433999256929
L: 0.50, u_super: 0.00676, sec: 378.658, prod: 0.153177, t_ads: 28.7, t_des: 25.9, bed_util_ads: 0.498, bed_util_des: 0.498, des_th: 0.4983078044340389,frac_lost: 0.100, li_recovered:  8.366, time: 0.0055805519987188745
L: 0.50, u_super: 0.00387, sec: 210.612, prod: 0.086837, t_ads: 50.3, t_des: 45.1, bed_util_ads: 0.499, bed_util_des: 0.498, des_th: 0.49851540332498756,frac_lost: 0.107, li_recovered:  8.281, time: 0.005172896999283694
L: 0.50, u_super: 0.00858, sec: 612.376, prod: 0.156202, t_ads: 22.7, t_des: 33.1, bed_util_ads: 0.440, bed_util_des: 0.439, des_th: 0.43920648616892033,frac_lost: 0.103, li_recovered:  8.716, time: 0.006169967000460019
L: 0.50, u_super: 0.00495, sec: 272.098, prod: 0.111521, t_ads: 39.3, t_des: 35.1, bed_util_ads: 0.499, bed_util_des: 0.499, des_th: 0.4986583033155194,frac_lost: 0.104, li_recovered:  8.292, time: 0.004598243000145885
L: 17.01, u_super: 0.00990, sec: 61245.858, prod: 0.071913, t_ads: 675.9, t_des: 3399.7, bed_util_ads: 0.253, bed_util_des: 0.203, des_th: 0.20270686190756299,frac_lost: 0.102, li_recovered:  293.093, time: 0.015111550001165597
L: 0.50, u_super: 0.00348, sec: 188.603, prod: 0.077881, t_ads: 56.0, t_des: 50.5, bed_util_ads: 0.497, bed_util_des: 0.497, des_th: 0.4966640209247994,frac_lost: 0.108, li_recovered:  8.295, time: 0.00645341100062069
L: 0.50, u_super: 0.00490, sec: 279.684, prod: 0.106337, t_ads: 39.6, t_des: 41.6, bed_util_ads: 0.479, bed_util_des: 0.478, des_th: 0.4782289707289951,frac_lost: 0.103, li_recovered:  8.637, time: 0.006901398999616504
L: 0.50, u_super: 0.00818, sec: 482.896, prod: 0.179285, t_ads: 23.9, t_des: 24.5, bed_util_ads: 0.484, bed_util_des: 0.483, des_th: 0.4833902319125713,frac_lost: 0.107, li_recovered:  8.686, time: 0.0049458269986644154
L: 0.50, u_super: 0.00219, sec: 160.574, prod: 0.035558, t_ads: 88.9, t_des: 152.4, bed_util_ads: 0.413, bed_util_des: 0.410, des_th: 0.40956621026437356,frac_lost: 0.106, li_recovered:  8.580, time: 0.00790477699956682
L: 21.29, u_super: 0.00243 — INFEASIBLE (li_recovered=0.000e+00), time: 0.00166743900081201
L: 42.52, u_super: 0.00806 — INFEASIBLE (li_recovered=0.000e+00), time: 0.0012348420004855143
L: 0.50, u_super: 0.00298, sec: 161.031, prod: 0.066553, t_ads: 64.8, t_des: 57.5, bed_util_ads: 0.498, bed_util_des: 0.498, des_th: 0.4982102354413065,frac_lost: 0.103, li_recovered:  8.141, time: 0.004756547001306899
L: 0.50, u_super: 0.00476, sec: 260.968, prod: 0.107400, t_ads: 40.7, t_des: 36.8, bed_util_ads: 0.497, bed_util_des: 0.497, des_th: 0.4971553144409099,frac_lost: 0.103, li_recovered:  8.333, time: 0.008885949999239529
L: 0.50, u_super: 0.00104 — INFEASIBLE (li_recovered=0.000e+00), time: 0.004045933001179947
L: 0.50, u_super: 0.00901, sec: 519.897, prod: 0.204099, t_ads: 21.7, t_des: 19.7, bed_util_ads: 0.499, bed_util_des: 0.499, des_th: 0.4988919874273196,frac_lost: 0.106, li_recovered:  8.445, time: 0.004884858999503194
L: 0.50, u_super: 0.00189, sec: 103.385, prod: 0.041190, t_ads: 102.0, t_des: 101.9, bed_util_ads: 0.481, bed_util_des: 0.480, des_th: 0.47971041561351374,frac_lost: 0.108, li_recovered:  8.401, time: 0.008681225001055282
L: 10.62, u_super: 0.00248 — INFEASIBLE (li_recovered=0.000e+00), time: 0.0020734919999085832
L: 0.50, u_super: 0.00680, sec: 381.536, prod: 0.153960, t_ads: 28.6, t_des: 25.8, bed_util_ads: 0.499, bed_util_des: 0.499, des_th: 0.4992593050569699,frac_lost: 0.103, li_recovered:  8.373, time: 0.007765730999381049
L: 0.50, u_super: 0.00549, sec: 303.197, prod: 0.124170, t_ads: 35.3, t_des: 32.0, bed_util_ads: 0.498, bed_util_des: 0.498, des_th: 0.4977855288592895,frac_lost: 0.101, li_recovered:  8.362, time: 0.006566889000168885
L: 0.50, u_super: 0.00128, sec: 70.911, prod: 0.027318, t_ads: 149.0, t_des: 153.7, bed_util_ads: 0.472, bed_util_des: 0.470, des_th: 0.4700283456460696,frac_lost: 0.106, li_recovered:  8.270, time: 0.0060872930007462855
L: 0.50, u_super: 0.00283, sec: 153.143, prod: 0.062970, t_ads: 68.2, t_des: 59.8, bed_util_ads: 0.499, bed_util_des: 0.498, des_th: 0.4983166991420139,frac_lost: 0.103, li_recovered:  8.059, time: 0.004642396999770426
L: 0.50, u_super: 0.00964, sec: 746.721, prod: 0.163796, t_ads: 20.3, t_des: 33.0, bed_util_ads: 0.427, bed_util_des: 0.426, des_th: 0.42593180353759147,frac_lost: 0.106, li_recovered:  8.730, time: 0.009247468999092234
L: 0.50, u_super: 0.00005 — INFEASIBLE (li_recovered=0.000e+00), time: 0.0017078550008591264
L: 0.50, u_super: 0.00222, sec: 120.119, prod: 0.049150, t_ads: 86.8, t_des: 83.6, bed_util_ads: 0.485, bed_util_des: 0.485, des_th: 0.4846052464385819,frac_lost: 0.105, li_recovered:  8.377, time: 0.005145930001162924
L: 0.50, u_super: 0.00555, sec: 307.000, prod: 0.125409, t_ads: 34.9, t_des: 31.4, bed_util_ads: 0.500, bed_util_des: 0.500, des_th: 0.49965073427524265,frac_lost: 0.102, li_recovered:  8.314, time: 0.007095081000443315
L: 0.50, u_super: 0.00170, sec: 92.959, prod: 0.036704, t_ads: 112.7, t_des: 95.2, bed_util_ads: 0.499, bed_util_des: 0.499, des_th: 0.499202917974738,frac_lost: 0.104, li_recovered:  7.629, time: 0.006198753999342443
L: 0.50, u_super: 0.00137, sec: 82.265, prod: 0.027095, t_ads: 139.0, t_des: 169.9, bed_util_ads: 0.451, bed_util_des: 0.448, des_th: 0.4481221695095075,frac_lost: 0.102, li_recovered:  8.370, time: 0.00542331199903856
L: 0.50, u_super: 0.00822, sec: 470.910, prod: 0.185726, t_ads: 23.9, t_des: 21.9, bed_util_ads: 0.498, bed_util_des: 0.498, des_th: 0.49761080319474466,frac_lost: 0.109, li_recovered:  8.495, time: 0.006142550000731717
L: 0.50, u_super: 0.00005, sec: 4.328, prod: 0.000669, t_ads: 3453.6, t_des: 5937.3, bed_util_ads: 0.251, bed_util_des: 0.183, des_th: 0.1827487883436391,frac_lost: 0.102, li_recovered:  6.282, time: 0.009783588000573218
L: 0.50, u_super: 0.00736, sec: 415.052, prod: 0.166988, t_ads: 26.3, t_des: 24.1, bed_util_ads: 0.497, bed_util_des: 0.497, des_th: 0.4965835698674226,frac_lost: 0.100, li_recovered:  8.429, time: 0.0056713569993007695
L: 0.50, u_super: 0.00933, sec: 545.849, prod: 0.209083, t_ads: 21.0, t_des: 20.3, bed_util_ads: 0.490, bed_util_des: 0.490, des_th: 0.49008593358663494,frac_lost: 0.106, li_recovered:  8.637, time: 0.006681648999801837
L: 0.50, u_super: 0.00284, sec: 155.945, prod: 0.062450, t_ads: 67.8, t_des: 68.4, bed_util_ads: 0.481, bed_util_des: 0.481, des_th: 0.48058366879269326,frac_lost: 0.102, li_recovered:  8.510, time: 0.005492325000886922
L: 0.50, u_super: 0.00258, sec: 139.581, prod: 0.057379, t_ads: 74.7, t_des: 65.7, bed_util_ads: 0.499, bed_util_des: 0.498, des_th: 0.49851540332498756,frac_lost: 0.104, li_recovered:  8.056, time: 0.005598715999440174
L: 0.50, u_super: 0.00257, sec: 138.476, prod: 0.057202, t_ads: 75.1, t_des: 66.8, bed_util_ads: 0.498, bed_util_des: 0.497, des_th: 0.4974455772337938,frac_lost: 0.104, li_recovered:  8.113, time: 0.00555469899882155
L: 0.50, u_super: 0.00201, sec: 108.439, prod: 0.044489, t_ads: 95.8, t_des: 90.9, bed_util_ads: 0.487, bed_util_des: 0.487, des_th: 0.4867068619585765,frac_lost: 0.107, li_recovered:  8.307, time: 0.0056346000001212815
L: 0.50, u_super: 0.00443, sec: 252.493, prod: 0.095822, t_ads: 43.9, t_des: 46.2, bed_util_ads: 0.479, bed_util_des: 0.478, des_th: 0.47797656474979155,frac_lost: 0.105, li_recovered:  8.628, time: 0.005737543000577716
   278 |    11120 |     40 |  0.0028947852 |             f
L: 0.50, u_super: 0.00005, sec: 4.332, prod: 0.000668, t_ads: 3402.0, t_des: 5777.8, bed_util_ads: 0.251, bed_util_des: 0.185, des_th: 0.1851696623157332,frac_lost: 0.100, li_recovered:  6.135, time: 0.005509197999344906
L: 0.50, u_super: 0.00021, sec: 23.916, prod: 0.002121, t_ads: 918.2, t_des: 2956.2, bed_util_ads: 0.281, bed_util_des: 0.230, des_th: 0.22963086622700812,frac_lost: 0.101, li_recovered:  8.219, time: 0.013075174001642154
L: 0.50, u_super: 0.00017 — INFEASIBLE (li_recovered=0.000e+00), time: 0.003093418001299142
L: 82.75, u_super: 0.00812 — INFEASIBLE (li_recovered=0.000e+00), time: 0.0016031409995775903
L: 9.01, u_super: 0.00490 — INFEASIBLE (li_recovered=0.000e+00), time: 0.004499814000155311
L: 0.50, u_super: 0.00637, sec: 363.450, prod: 0.140949, t_ads: 30.5, t_des: 30.8, bed_util_ads: 0.484, bed_util_des: 0.484, des_th: 0.4841273357890411,frac_lost: 0.102, li_recovered:  8.642, time: 0.007078889999320381
L: 0.50, u_super: 0.00097 — INFEASIBLE (li_recovered=0.000e+00), time: 0.004025026999443071
L: 0.50, u_super: 0.00476, sec: 261.380, prod: 0.107231, t_ads: 40.9, t_des: 36.9, bed_util_ads: 0.499, bed_util_des: 0.498, des_th: 0.4985133206470165,frac_lost: 0.106, li_recovered:  8.346, time: 0.005203325001275516
L: 47.57, u_super: 0.00448 — INFEASIBLE (li_recovered=0.000e+00), time: 0.0013472919999912847
L: 0.64, u_super: 0.00443, sec: 313.760, prod: 0.099116, t_ads: 56.6, t_des: 50.6, bed_util_ads: 0.498, bed_util_des: 0.498, des_th: 0.497693536202455,frac_lost: 0.107, li_recovered:  10.625, time: 0.005793841000922839
L: 0.50, u_super: 0.00836, sec: 492.064, prod: 0.183864, t_ads: 23.4, t_des: 23.8, bed_util_ads: 0.485, bed_util_des: 0.485, des_th: 0.4846052464385819,frac_lost: 0.107, li_recovered:  8.682, time: 0.0051858499991794815
L: 9.27, u_super: 0.00684 — INFEASIBLE (li_recovered=0.000e+00), time: 0.0034108399995602667
L: 0.50, u_super: 0.00924, sec: 534.841, prod: 0.209185, t_ads: 21.2, t_des: 19.1, bed_util_ads: 0.499, bed_util_des: 0.499, des_th: 0.49925941086797554,frac_lost: 0.107, li_recovered:  8.440, time: 0.008116367000184255
L: 0.50, u_super: 0.00014 — INFEASIBLE (li_recovered=0.000e+00), time: 0.001661759999478818
L: 0.50, u_super: 0.00055, sec: 31.306, prod: 0.011229, t_ads: 331.3, t_des: 308.3, bed_util_ads: 0.468, bed_util_des: 0.466, des_th: 0.46590946212674644,frac_lost: 0.103, li_recovered:  7.182, time: 0.006173880999995163
L: 0.50, u_super: 0.00465, sec: 254.973, prod: 0.104861, t_ads: 41.8, t_des: 37.7, bed_util_ads: 0.497, bed_util_des: 0.497, des_th: 0.49702865479779207,frac_lost: 0.104, li_recovered:  8.335, time: 0.011973873000897584
L: 0.50, u_super: 0.00757, sec: 428.130, prod: 0.171863, t_ads: 25.6, t_des: 23.5, bed_util_ads: 0.498, bed_util_des: 0.498, des_th: 0.4979425072882903,frac_lost: 0.100, li_recovered:  8.435, time: 0.0060211190011614235
L: 0.50, u_super: 0.00729, sec: 412.795, prod: 0.164765, t_ads: 26.8, t_des: 24.7, bed_util_ads: 0.497, bed_util_des: 0.497, des_th: 0.4969248776671354,frac_lost: 0.107, li_recovered:  8.493, time: 0.006992881000769557
L: 0.50, u_super: 0.00106 — INFEASIBLE (li_recovered=0.000e+00), time: 0.003920977998859598
L: 0.50, u_super: 0.00389, sec: 211.650, prod: 0.087360, t_ads: 50.0, t_des: 45.2, bed_util_ads: 0.498, bed_util_des: 0.497, des_th: 0.49752105823990544,frac_lost: 0.106, li_recovered:  8.318, time: 0.005250866999631398
L: 0.50, u_super: 0.00651, sec: 394.488, prod: 0.135954, t_ads: 30.1, t_des: 33.8, bed_util_ads: 0.472, bed_util_des: 0.471, des_th: 0.4712775668769127,frac_lost: 0.108, li_recovered:  8.689, time: 0.00768974399943545
L: 0.50, u_super: 0.00684, sec: 385.577, prod: 0.154324, t_ads: 28.6, t_des: 26.6, bed_util_ads: 0.495, bed_util_des: 0.495, des_th: 0.49495564801085007,frac_lost: 0.108, li_recovered:  8.514, time: 0.008229195000239997
L: 0.50, u_super: 0.00118, sec: 72.270, prod: 0.022860, t_ads: 161.1, t_des: 202.8, bed_util_ads: 0.444, bed_util_des: 0.441, des_th: 0.4408823612177055,frac_lost: 0.104, li_recovered:  8.319, time: 0.010381603000496398
L: 0.50, u_super: 0.00316, sec: 170.949, prod: 0.070614, t_ads: 61.2, t_des: 54.3, bed_util_ads: 0.499, bed_util_des: 0.499, des_th: 0.49864112496012347,frac_lost: 0.104, li_recovered:  8.156, time: 0.007606490999023663
L: 0.50, u_super: 0.00764, sec: 432.184, prod: 0.173375, t_ads: 25.4, t_des: 23.2, bed_util_ads: 0.498, bed_util_des: 0.498, des_th: 0.49771124409663414,frac_lost: 0.100, li_recovered:  8.430, time: 0.007093973999872105
L: 0.50, u_super: 0.00738, sec: 428.016, prod: 0.162804, t_ads: 26.3, t_des: 26.9, bed_util_ads: 0.484, bed_util_des: 0.484, des_th: 0.48367050592490307,frac_lost: 0.101, li_recovered:  8.664, time: 0.007119748001059634
L: 0.50, u_super: 0.00387, sec: 210.856, prod: 0.086737, t_ads: 50.2, t_des: 44.5, bed_util_ads: 0.499, bed_util_des: 0.499, des_th: 0.4989141833578331,frac_lost: 0.105, li_recovered:  8.212, time: 0.006266943000809988
L: 0.50, u_super: 0.00931, sec: 538.769, prod: 0.210888, t_ads: 21.0, t_des: 19.3, bed_util_ads: 0.498, bed_util_des: 0.498, des_th: 0.49757198694794125,frac_lost: 0.105, li_recovered:  8.494, time: 0.005858762999196188
L: 0.50, u_super: 0.00633, sec: 390.928, prod: 0.129433, t_ads: 30.6, t_des: 36.4, bed_util_ads: 0.464, bed_util_des: 0.464, des_th: 0.46361329028160725,frac_lost: 0.100, li_recovered:  8.680, time: 0.007686083999942639
L: 0.50, u_super: 0.00236, sec: 127.293, prod: 0.052126, t_ads: 82.0, t_des: 71.9, bed_util_ads: 0.498, bed_util_des: 0.498, des_th: 0.49761080319474466,frac_lost: 0.106, li_recovered:  8.019, time: 0.005519291000382509
L: 0.50, u_super: 0.00323, sec: 174.652, prod: 0.072394, t_ads: 59.6, t_des: 53.2, bed_util_ads: 0.498, bed_util_des: 0.498, des_th: 0.49794505663322164,frac_lost: 0.101, li_recovered:  8.167, time: 0.005052127999078948
L: 10.29, u_super: 0.00768 — INFEASIBLE (li_recovered=0.000e+00), time: 0.002423140000246349
L: 0.50, u_super: 0.00670, sec: 3298.736, prod: 0.017284, t_ads: 29.2, t_des: 478.8, bed_util_ads: 0.189, bed_util_des: 0.185, des_th: 0.1851696623157332,frac_lost: 0.103, li_recovered:  8.781, time: 0.035238972001025104
L: 0.50, u_super: 0.00082, sec: 50.926, prod: 0.015470, t_ads: 231.5, t_des: 295.2, bed_util_ads: 0.437, bed_util_des: 0.431, des_th: 0.43144830603845535,frac_lost: 0.107, li_recovered:  8.147, time: 0.004628053000487853
L: 0.50, u_super: 0.00987, sec: 574.590, prod: 0.223877, t_ads: 19.8, t_des: 17.9, bed_util_ads: 0.500, bed_util_des: 0.500, des_th: 0.49954745952183816,frac_lost: 0.104, li_recovered:  8.446, time: 0.004534050000074785
L: 0.50, u_super: 0.00529, sec: 298.571, prod: 0.116703, t_ads: 36.7, t_des: 37.3, bed_util_ads: 0.483, bed_util_des: 0.483, des_th: 0.48271611033004785,frac_lost: 0.101, li_recovered:  8.625, time: 0.004563554000924341
L: 0.50, u_super: 0.00440, sec: 240.561, prod: 0.099081, t_ads: 44.2, t_des: 39.9, bed_util_ads: 0.498, bed_util_des: 0.497, des_th: 0.49744665156728946,frac_lost: 0.105, li_recovered:  8.329, time: 0.00416398099878279
L: 0.50, u_super: 0.00387, sec: 214.428, prod: 0.085292, t_ads: 50.2, t_des: 50.3, bed_util_ads: 0.484, bed_util_des: 0.484, des_th: 0.48397036229141366,frac_lost: 0.105, li_recovered:  8.575, time: 0.004682866001530783
L: 0.50, u_super: 0.00684, sec: 384.176, prod: 0.154887, t_ads: 28.3, t_des: 25.3, bed_util_ads: 0.500, bed_util_des: 0.500, des_th: 0.49992768019498385,frac_lost: 0.101, li_recovered:  8.310, time: 0.004049917999509489
L: 0.50, u_super: 0.00789, sec: 447.870, prod: 0.179100, t_ads: 24.6, t_des: 22.4, bed_util_ads: 0.498, bed_util_des: 0.498, des_th: 0.497950617613338,frac_lost: 0.100, li_recovered:  8.422, time: 0.00453837500026566
   279 |    11160 |     40 |  0.0019386396 |             f
L: 0.50, u_super: 0.00011, sec: 10.104, prod: 0.001431, t_ads: 1647.6, t_des: 3538.1, bed_util_ads: 0.284, bed_util_des: 0.225, des_th: 0.22492069259844938,frac_lost: 0.103, li_recovered:  7.423, time: 0.006537123001180589
L: 86.48, u_super: 0.00217 — INFEASIBLE (li_recovered=0.000e+00), time: 0.0014143069984129397
L: 0.50, u_super: 0.00189, sec: 102.332, prod: 0.041614, t_ads: 101.8, t_des: 98.4, bed_util_ads: 0.484, bed_util_des: 0.483, des_th: 0.4829311266724975,frac_lost: 0.107, li_recovered:  8.334, time: 0.005213290998653974
L: 0.50, u_super: 0.00264, sec: 142.643, prod: 0.058738, t_ads: 72.9, t_des: 64.2, bed_util_ads: 0.499, bed_util_des: 0.498, des_th: 0.4983166991420139,frac_lost: 0.102, li_recovered:  8.051, time: 0.004602324001098168
L: 45.87, u_super: 0.00660 — INFEASIBLE (li_recovered=0.000e+00), time: 0.0011726609991455916
L: 0.50, u_super: 0.00408, sec: 222.562, prod: 0.091745, t_ads: 47.7, t_des: 43.5, bed_util_ads: 0.497, bed_util_des: 0.496, des_th: 0.49639181426348405,frac_lost: 0.107, li_recovered:  8.370, time: 0.004700462000982952
L: 0.50, u_super: 0.00573, sec: 317.697, prod: 0.129518, t_ads: 33.9, t_des: 31.4, bed_util_ads: 0.495, bed_util_des: 0.495, des_th: 0.4948373947673393,frac_lost: 0.103, li_recovered:  8.460, time: 0.0040389799996773945
L: 0.50, u_super: 0.00920, sec: 531.757, prod: 0.208258, t_ads: 21.3, t_des: 19.5, bed_util_ads: 0.498, bed_util_des: 0.498, des_th: 0.497753057944998,frac_lost: 0.106, li_recovered:  8.494, time: 0.005789389000710798
L: 0.50, u_super: 0.00005, sec: 5.575, prod: 0.000519, t_ads: 4098.7, t_des: 12783.3, bed_util_ads: 0.218, bed_util_des: 0.106, des_th: 0.10611894325572813,frac_lost: 0.100, li_recovered:  8.766, time: 0.012523610999778612
L: 0.50, u_super: 0.00943, sec: 546.688, prod: 0.213888, t_ads: 20.7, t_des: 19.1, bed_util_ads: 0.498, bed_util_des: 0.498, des_th: 0.4979425072882903,frac_lost: 0.104, li_recovered:  8.500, time: 0.006047429998943699
L: 0.50, u_super: 0.00283, sec: 152.547, prod: 0.063216, t_ads: 68.0, t_des: 60.7, bed_util_ads: 0.498, bed_util_des: 0.497, des_th: 0.49741228930522774,frac_lost: 0.101, li_recovered:  8.139, time: 0.004403551998620969
L: 0.50, u_super: 0.00580, sec: 321.846, prod: 0.131216, t_ads: 33.4, t_des: 31.0, bed_util_ads: 0.495, bed_util_des: 0.495, des_th: 0.4948373947673393,frac_lost: 0.102, li_recovered:  8.461, time: 0.005259181998553686
L: 0.50, u_super: 0.00608, sec: 338.313, prod: 0.137679, t_ads: 31.9, t_des: 28.9, bed_util_ads: 0.498, bed_util_des: 0.498, des_th: 0.4977335838251305,frac_lost: 0.102, li_recovered:  8.371, time: 0.006344434001221089
L: 0.50, u_super: 0.00349, sec: 189.176, prod: 0.078116, t_ads: 55.8, t_des: 50.3, bed_util_ads: 0.497, bed_util_des: 0.497, des_th: 0.4968084725933683,frac_lost: 0.108, li_recovered:  8.290, time: 0.004853344998991815
L: 0.50, u_super: 0.00529, sec: 291.358, prod: 0.119332, t_ads: 36.7, t_des: 32.9, bed_util_ads: 0.499, bed_util_des: 0.499, des_th: 0.49875005478088813,frac_lost: 0.101, li_recovered:  8.297, time: 0.007763323999824934
L: 0.50, u_super: 0.00924, sec: 534.841, prod: 0.209185, t_ads: 21.2, t_des: 19.1, bed_util_ads: 0.499, bed_util_des: 0.499, des_th: 0.49925941086797554,frac_lost: 0.107, li_recovered:  8.440, time: 0.0056925560002127895
L: 0.50, u_super: 0.00236, sec: 171.052, prod: 0.038791, t_ads: 82.5, t_des: 139.0, bed_util_ads: 0.416, bed_util_des: 0.413, des_th: 0.4130621746613181,frac_lost: 0.105, li_recovered:  8.590, time: 0.007651318999705836
L: 25.89, u_super: 0.00682 — INFEASIBLE (li_recovered=0.000e+00), time: 0.0017093139995267848
L: 0.50, u_super: 0.00139, sec: 76.041, prod: 0.029962, t_ads: 137.7, t_des: 138.5, bed_util_ads: 0.476, bed_util_des: 0.474, des_th: 0.4744453939904762,frac_lost: 0.106, li_recovered:  8.276, time: 0.006467952000093646
L: 0.50, u_super: 0.00290, sec: 168.082, prod: 0.060294, t_ads: 67.0, t_des: 75.2, bed_util_ads: 0.468, bed_util_des: 0.467, des_th: 0.46697427576806816,frac_lost: 0.107, li_recovered:  8.574, time: 0.005113037999763037
L: 0.50, u_super: 0.00166, sec: 89.192, prod: 0.036579, t_ads: 115.0, t_des: 109.6, bed_util_ads: 0.486, bed_util_des: 0.485, des_th: 0.4847362948187692,frac_lost: 0.101, li_recovered:  8.214, time: 0.004928626000037184
L: 0.50, u_super: 0.00523, sec: 288.151, prod: 0.118274, t_ads: 37.0, t_des: 33.6, bed_util_ads: 0.498, bed_util_des: 0.498, des_th: 0.49775306069334696,frac_lost: 0.102, li_recovered:  8.359, time: 0.0043454490005387925
L: 0.50, u_super: 0.00858, sec: 498.408, prod: 0.191919, t_ads: 22.8, t_des: 22.2, bed_util_ads: 0.490, bed_util_des: 0.489, des_th: 0.489311630494475,frac_lost: 0.106, li_recovered:  8.639, time: 0.0040374959990003845
L: 0.50, u_super: 0.00733, sec: 414.851, prod: 0.165650, t_ads: 26.7, t_des: 24.3, bed_util_ads: 0.498, bed_util_des: 0.498, des_th: 0.4976681648810817,frac_lost: 0.108, li_recovered:  8.450, time: 0.004401018000862678
L: 0.50, u_super: 0.00011 — INFEASIBLE (li_recovered=0.000e+00), time: 0.0013479259996529436
L: 0.50, u_super: 0.00972, sec: 597.185, prod: 0.208478, t_ads: 20.1, t_des: 21.7, bed_util_ads: 0.477, bed_util_des: 0.477, des_th: 0.4768310862048894,frac_lost: 0.103, li_recovered:  8.709, time: 0.00580201899902022
L: 44.63, u_super: 0.00684 — INFEASIBLE (li_recovered=0.000e+00), time: 0.0008975399996415945
L: 0.50, u_super: 0.00655, sec: 366.115, prod: 0.148458, t_ads: 29.6, t_des: 26.8, bed_util_ads: 0.498, bed_util_des: 0.498, des_th: 0.49771110634841004,frac_lost: 0.100, li_recovered:  8.372, time: 0.0038161769989528693
L: 0.50, u_super: 0.00166, sec: 89.116, prod: 0.036610, t_ads: 115.0, t_des: 108.5, bed_util_ads: 0.486, bed_util_des: 0.485, des_th: 0.4855848566355723,frac_lost: 0.101, li_recovered:  8.180, time: 0.006090793998737354
L: 0.50, u_super: 0.00384, sec: 208.530, prod: 0.086143, t_ads: 50.6, t_des: 45.4, bed_util_ads: 0.498, bed_util_des: 0.497, des_th: 0.49752105823990544,frac_lost: 0.105, li_recovered:  8.271, time: 0.0043572470003709896
L: 0.50, u_super: 0.00495, sec: 271.981, prod: 0.111569, t_ads: 39.3, t_des: 36.0, bed_util_ads: 0.497, bed_util_des: 0.497, des_th: 0.4970580329822722,frac_lost: 0.105, li_recovered:  8.406, time: 0.005174539999643457
L: 0.50, u_super: 0.00137, sec: 74.191, prod: 0.030044, t_ads: 139.1, t_des: 129.4, bed_util_ads: 0.485, bed_util_des: 0.484, des_th: 0.48446063514956816,frac_lost: 0.106, li_recovered:  8.068, time: 0.004214354999930947
L: 0.50, u_super: 0.00388, sec: 211.289, prod: 0.086815, t_ads: 50.2, t_des: 44.4, bed_util_ads: 0.500, bed_util_des: 0.500, des_th: 0.49983990737145045,frac_lost: 0.107, li_recovered:  8.216, time: 0.0037272600002324907
L: 0.50, u_super: 0.00098, sec: 54.005, prod: 0.020853, t_ads: 192.5, t_des: 194.7, bed_util_ads: 0.470, bed_util_des: 0.468, des_th: 0.46765063030616894,frac_lost: 0.103, li_recovered:  8.074, time: 0.004895806001513847
L: 14.00, u_super: 0.00082 — INFEASIBLE (li_recovered=0.000e+00), time: 0.0008246149991464335
L: 0.50, u_super: 0.00953, sec: 552.563, prod: 0.216028, t_ads: 20.5, t_des: 18.8, bed_util_ads: 0.498, bed_util_des: 0.498, des_th: 0.49760793727313635,frac_lost: 0.104, li_recovered:  8.483, time: 0.004288550999262952
L: 0.50, u_super: 0.00389, sec: 212.395, prod: 0.087149, t_ads: 50.0, t_des: 44.0, bed_util_ads: 0.500, bed_util_des: 0.500, des_th: 0.499785966235698,frac_lost: 0.106, li_recovered:  8.186, time: 0.004334560999268433
L: 0.50, u_super: 0.00184, sec: 100.115, prod: 0.040095, t_ads: 104.9, t_des: 104.1, bed_util_ads: 0.481, bed_util_des: 0.479, des_th: 0.47953235481694784,frac_lost: 0.107, li_recovered:  8.376, time: 0.00424248800118221
L: 0.50, u_super: 0.00664, sec: 371.148, prod: 0.150419, t_ads: 29.2, t_des: 26.4, bed_util_ads: 0.498, bed_util_des: 0.498, des_th: 0.4977166476433627,frac_lost: 0.100, li_recovered:  8.370, time: 0.0036954229999537347
L: 19.18, u_super: 0.00894 — INFEASIBLE (li_recovered=0.000e+00), time: 0.0014202469992596889
   280 |    11200 |     40 |  0.0043677553 |             f
L: 0.50, u_super: 0.00888, sec: 511.423, prod: 0.201109, t_ads: 22.0, t_des: 20.2, bed_util_ads: 0.498, bed_util_des: 0.498, des_th: 0.49776840437908093,frac_lost: 0.105, li_recovered:  8.495, time: 0.004640402001314214
L: 0.50, u_super: 0.00229, sec: 123.552, prod: 0.050631, t_ads: 84.3, t_des: 74.1, bed_util_ads: 0.498, bed_util_des: 0.498, des_th: 0.49761080319474466,frac_lost: 0.105, li_recovered:  8.020, time: 0.0048755490006442415
L: 0.50, u_super: 0.00088, sec: 58.335, prod: 0.015522, t_ads: 215.3, t_des: 314.9, bed_util_ads: 0.421, bed_util_des: 0.415, des_th: 0.4148569693369873,frac_lost: 0.101, li_recovered:  8.230, time: 0.006993758999669808
L: 2.94, u_super: 0.00986, sec: 3524.517, prod: 0.214174, t_ads: 114.0, t_des: 97.6, bed_util_ads: 0.498, bed_util_des: 0.498, des_th: 0.4979425072882903,frac_lost: 0.104, li_recovered:  45.327, time: 0.00448344799951883
L: 0.50, u_super: 0.00616, sec: 342.193, prod: 0.139453, t_ads: 31.5, t_des: 28.9, bed_util_ads: 0.497, bed_util_des: 0.497, des_th: 0.49720472158756274,frac_lost: 0.100, li_recovered:  8.413, time: 0.006089665001127287
L: 0.50, u_super: 0.00833, sec: 476.282, prod: 0.188530, t_ads: 23.4, t_des: 21.6, bed_util_ads: 0.498, bed_util_des: 0.498, des_th: 0.49771775124808404,frac_lost: 0.105, li_recovered:  8.492, time: 0.004468798999369028
L: 0.50, u_super: 0.00349, sec: 189.029, prod: 0.078177, t_ads: 55.7, t_des: 50.4, bed_util_ads: 0.497, bed_util_des: 0.497, des_th: 0.496576547174837,frac_lost: 0.106, li_recovered:  8.296, time: 0.006252141000004485
L: 45.72, u_super: 0.00055 — INFEASIBLE (li_recovered=0.000e+00), time: 0.0008519650000380352
L: 1.24, u_super: 0.00747, sec: 1063.048, prod: 0.166911, t_ads: 64.2, t_des: 57.2, bed_util_ads: 0.498, bed_util_des: 0.498, des_th: 0.4979425072882903,frac_lost: 0.103, li_recovered:  20.274, time: 0.005084895999971195
L: 0.50, u_super: 0.00990, sec: 576.555, prod: 0.224422, t_ads: 19.7, t_des: 17.9, bed_util_ads: 0.500, bed_util_des: 0.499, des_th: 0.49948089536319035,frac_lost: 0.105, li_recovered:  8.449, time: 0.004910788000415778
L: 0.50, u_super: 0.00021, sec: 21.289, prod: 0.002383, t_ads: 906.1, t_des: 2457.2, bed_util_ads: 0.298, bed_util_des: 0.252, des_th: 0.25212255541670486,frac_lost: 0.102, li_recovered:  8.015, time: 0.008022228999834624
L: 0.50, u_super: 0.00033, sec: 19.863, prod: 0.006205, t_ads: 527.0, t_des: 524.3, bed_util_ads: 0.440, bed_util_des: 0.436, des_th: 0.43651845793196786,frac_lost: 0.102, li_recovered:  6.523, time: 0.003801700000622077
L: 0.50, u_super: 0.00323, sec: 174.652, prod: 0.072394, t_ads: 59.6, t_des: 53.2, bed_util_ads: 0.498, bed_util_des: 0.498, des_th: 0.49794505663322164,frac_lost: 0.101, li_recovered:  8.167, time: 0.005323544999555452
L: 0.50, u_super: 0.00684, sec: 385.058, prod: 0.154532, t_ads: 28.6, t_des: 25.7, bed_util_ads: 0.500, bed_util_des: 0.500, des_th: 0.4998482421008084,frac_lost: 0.108, li_recovered:  8.384, time: 0.004717347001133021
L: 0.50, u_super: 0.00749, sec: 422.887, prod: 0.169903, t_ads: 25.9, t_des: 23.7, bed_util_ads: 0.498, bed_util_des: 0.498, des_th: 0.49800237949196946,frac_lost: 0.100, li_recovered:  8.432, time: 0.004823493000003509
L: 0.50, u_super: 0.00005, sec: 4.332, prod: 0.000668, t_ads: 3402.0, t_des: 5777.8, bed_util_ads: 0.251, bed_util_des: 0.185, des_th: 0.1851696623157332,frac_lost: 0.100, li_recovered:  6.135, time: 0.007665900000574766
L: 0.50, u_super: 0.00072, sec: 39.806, prod: 0.015059, t_ads: 260.1, t_des: 254.7, bed_util_ads: 0.469, bed_util_des: 0.467, des_th: 0.46693658836244717,frac_lost: 0.106, li_recovered:  7.752, time: 0.005834968000272056
L: 0.50, u_super: 0.00522, sec: 287.105, prod: 0.117872, t_ads: 37.1, t_des: 33.7, bed_util_ads: 0.498, bed_util_des: 0.498, des_th: 0.4977053635158939,frac_lost: 0.101, li_recovered:  8.350, time: 0.0045355250003922265
L: 0.50, u_super: 0.00406, sec: 221.254, prod: 0.091254, t_ads: 47.9, t_des: 43.3, bed_util_ads: 0.498, bed_util_des: 0.497, des_th: 0.4974411419295712,frac_lost: 0.106, li_recovered:  8.324, time: 0.005581945999438176
L: 11.52, u_super: 0.00685 — INFEASIBLE (li_recovered=0.000e+00), time: 0.003383593999387813
L: 0.50, u_super: 0.00323, sec: 179.681, prod: 0.070368, t_ads: 60.1, t_des: 61.6, bed_util_ads: 0.480, bed_util_des: 0.479, des_th: 0.4794571865481194,frac_lost: 0.106, li_recovered:  8.563, time: 0.0066572390005603665
L: 15.55, u_super: 0.00138 — INFEASIBLE (li_recovered=0.000e+00), time: 0.0011348290008754702
L: 0.50, u_super: 0.00495, sec: 271.733, prod: 0.111671, t_ads: 39.2, t_des: 35.5, bed_util_ads: 0.497, bed_util_des: 0.497, des_th: 0.49729874196267504,frac_lost: 0.102, li_recovered:  8.339, time: 0.0051124290002917405
L: 0.50, u_super: 0.00018, sec: 18.637, prod: 0.002005, t_ads: 1054.6, t_des: 2932.9, bed_util_ads: 0.287, bed_util_des: 0.235, des_th: 0.23521317995298385,frac_lost: 0.100, li_recovered:  7.997, time: 0.010522796999794082
L: 0.50, u_super: 0.00634, sec: 353.467, prod: 0.143525, t_ads: 30.6, t_des: 28.0, bed_util_ads: 0.498, bed_util_des: 0.498, des_th: 0.4977100027436887,frac_lost: 0.102, li_recovered:  8.414, time: 0.006712569000228541
L: 0.50, u_super: 0.00298, sec: 160.979, prod: 0.066574, t_ads: 64.7, t_des: 57.5, bed_util_ads: 0.498, bed_util_des: 0.498, des_th: 0.49821725813361817,frac_lost: 0.102, li_recovered:  8.136, time: 0.006595093000214547
L: 0.50, u_super: 0.00518, sec: 287.052, prod: 0.116381, t_ads: 37.4, t_des: 36.0, bed_util_ads: 0.490, bed_util_des: 0.490, des_th: 0.48988373779132116,frac_lost: 0.102, li_recovered:  8.546, time: 0.006214381000972935
L: 0.50, u_super: 0.00810, sec: 462.504, prod: 0.183371, t_ads: 24.1, t_des: 22.0, bed_util_ads: 0.498, bed_util_des: 0.498, des_th: 0.49800237949196946,frac_lost: 0.106, li_recovered:  8.454, time: 0.005297354000504129
L: 0.50, u_super: 0.00762, sec: 433.278, prod: 0.172150, t_ads: 25.7, t_des: 23.5, bed_util_ads: 0.497, bed_util_des: 0.497, des_th: 0.4968650121350526,frac_lost: 0.109, li_recovered:  8.483, time: 0.006053315000826842
L: 0.50, u_super: 0.00888, sec: 690.996, prod: 0.149001, t_ads: 21.9, t_des: 36.6, bed_util_ads: 0.423, bed_util_des: 0.422, des_th: 0.4222337511325056,frac_lost: 0.102, li_recovered:  8.723, time: 0.006655574001342757
L: 0.50, u_super: 0.00858, sec: 496.388, prod: 0.192700, t_ads: 22.8, t_des: 21.9, bed_util_ads: 0.492, bed_util_des: 0.492, des_th: 0.492229140214387,frac_lost: 0.107, li_recovered:  8.614, time: 0.006014309999955003
L: 0.50, u_super: 0.00876, sec: 503.284, prod: 0.198456, t_ads: 22.3, t_des: 20.5, bed_util_ads: 0.498, bed_util_des: 0.498, des_th: 0.497753057944998,frac_lost: 0.104, li_recovered:  8.484, time: 0.00838291299987759
L: 89.21, u_super: 0.00727 — INFEASIBLE (li_recovered=0.000e+00), time: 0.0014594889998988947
L: 0.50, u_super: 0.00408, sec: 222.562, prod: 0.091745, t_ads: 47.7, t_des: 43.5, bed_util_ads: 0.497, bed_util_des: 0.496, des_th: 0.49639181426348405,frac_lost: 0.107, li_recovered:  8.370, time: 0.0054399349992309
L: 0.50, u_super: 0.00137, sec: 74.156, prod: 0.030058, t_ads: 138.9, t_des: 129.6, bed_util_ads: 0.486, bed_util_des: 0.485, des_th: 0.48468589343009366,frac_lost: 0.106, li_recovered:  8.071, time: 0.006280293000600068
L: 0.50, u_super: 0.00247, sec: 133.646, prod: 0.054889, t_ads: 78.0, t_des: 68.6, bed_util_ads: 0.497, bed_util_des: 0.497, des_th: 0.4971869778524974,frac_lost: 0.104, li_recovered:  8.042, time: 0.004829018000236829
L: 0.50, u_super: 0.00982, sec: 571.333, prod: 0.222605, t_ads: 19.9, t_des: 18.1, bed_util_ads: 0.500, bed_util_des: 0.499, des_th: 0.49946900120015997,frac_lost: 0.105, li_recovered:  8.452, time: 0.0043673939999280265
L: 0.50, u_super: 0.00239, sec: 129.193, prod: 0.053000, t_ads: 80.7, t_des: 70.9, bed_util_ads: 0.498, bed_util_des: 0.498, des_th: 0.49813793350833707,frac_lost: 0.105, li_recovered:  8.032, time: 0.005282817999614053
L: 0.50, u_super: 0.00222, sec: 120.126, prod: 0.049148, t_ads: 86.1, t_des: 75.3, bed_util_ads: 0.498, bed_util_des: 0.497, des_th: 0.4974105839883163,frac_lost: 0.100, li_recovered:  7.929, time: 0.005294888998832903
L: 0.50, u_super: 0.00216, sec: 116.402, prod: 0.047908, t_ads: 89.2, t_des: 84.4, bed_util_ads: 0.487, bed_util_des: 0.487, des_th: 0.4867068619585765,frac_lost: 0.106, li_recovered:  8.320, time: 0.008924259000195889
   281 |    11240 |     40 |  0.0024429184 |             f
L: 0.50, u_super: 0.00761, sec: 432.018, prod: 0.171865, t_ads: 25.8, t_des: 23.6, bed_util_ads: 0.497, bed_util_des: 0.497, des_th: 0.49686041818110027,frac_lost: 0.108, li_recovered:  8.479, time: 0.008734675000596326
L: 15.33, u_super: 0.00955 — INFEASIBLE (li_recovered=0.000e+00), time: 0.002070619999358314
L: 1.66, u_super: 0.00256 — INFEASIBLE (li_recovered=0.000e+00), time: 0.004318398001487367
L: 63.95, u_super: 0.00403 — INFEASIBLE (li_recovered=0.000e+00), time: 0.00102413000058732
L: 0.50, u_super: 0.00287, sec: 154.628, prod: 0.064012, t_ads: 67.2, t_des: 59.9, bed_util_ads: 0.498, bed_util_des: 0.497, des_th: 0.49741228930522774,frac_lost: 0.102, li_recovered:  8.136, time: 0.00687113300045894
L: 0.50, u_super: 0.00034 — INFEASIBLE (li_recovered=0.000e+00), time: 0.003965214000345441
L: 0.50, u_super: 0.00005, sec: 4.324, prod: 0.000670, t_ads: 3438.0, t_des: 5866.5, bed_util_ads: 0.253, bed_util_des: 0.185, des_th: 0.1851696623157332,frac_lost: 0.103, li_recovered:  6.230, time: 0.007091049001246574
L: 0.50, u_super: 0.00532, sec: 293.208, prod: 0.120086, t_ads: 36.5, t_des: 33.9, bed_util_ads: 0.495, bed_util_des: 0.494, des_th: 0.4942902794160989,frac_lost: 0.102, li_recovered:  8.451, time: 0.006152051999379182
L: 0.50, u_super: 0.00120 — INFEASIBLE (li_recovered=0.000e+00), time: 0.004018613000880578
L: 0.50, u_super: 0.00388, sec: 225.553, prod: 0.081454, t_ads: 50.2, t_des: 55.7, bed_util_ads: 0.471, bed_util_des: 0.470, des_th: 0.4698047537580884,frac_lost: 0.105, li_recovered:  8.621, time: 0.006612577000851161
L: 0.50, u_super: 0.00738, sec: 416.681, prod: 0.167446, t_ads: 26.3, t_des: 23.8, bed_util_ads: 0.499, bed_util_des: 0.499, des_th: 0.4985728833310882,frac_lost: 0.101, li_recovered:  8.381, time: 0.006968804000280215
L: 21.43, u_super: 0.00752 — INFEASIBLE (li_recovered=0.000e+00), time: 0.0019153180001012515
L: 0.50, u_super: 0.00936, sec: 542.078, prod: 0.211938, t_ads: 20.9, t_des: 19.2, bed_util_ads: 0.498, bed_util_des: 0.498, des_th: 0.4979425072882903,frac_lost: 0.106, li_recovered:  8.490, time: 0.005097848999866983
L: 21.40, u_super: 0.00495 — INFEASIBLE (li_recovered=0.000e+00), time: 0.0022587530002056155
L: 0.50, u_super: 0.00788, sec: 485.029, prod: 0.164798, t_ads: 24.9, t_des: 28.0, bed_util_ads: 0.472, bed_util_des: 0.471, des_th: 0.4711004223649181,frac_lost: 0.107, li_recovered:  8.703, time: 0.007867308999266243
L: 0.50, u_super: 0.00140 — INFEASIBLE (li_recovered=0.000e+00), time: 0.0026534640001045773
L: 0.50, u_super: 0.00990, sec: 632.952, prod: 0.204587, t_ads: 19.7, t_des: 22.9, bed_util_ads: 0.468, bed_util_des: 0.467, des_th: 0.4672446617670383,frac_lost: 0.103, li_recovered:  8.715, time: 0.010722834000262083
L: 7.03, u_super: 0.00731 — INFEASIBLE (li_recovered=0.000e+00), time: 0.005026273000112269
L: 0.50, u_super: 0.00911, sec: 526.697, prod: 0.206283, t_ads: 21.5, t_des: 19.7, bed_util_ads: 0.498, bed_util_des: 0.498, des_th: 0.49762516874782964,frac_lost: 0.107, li_recovered:  8.496, time: 0.006439400998715428
L: 0.50, u_super: 0.00990, sec: 623.158, prod: 0.207802, t_ads: 19.7, t_des: 22.2, bed_util_ads: 0.471, bed_util_des: 0.471, des_th: 0.47102003100250867,frac_lost: 0.103, li_recovered:  8.714, time: 0.006870490999062895
L: 0.50, u_super: 0.00537, sec: 296.469, prod: 0.121369, t_ads: 36.1, t_des: 32.8, bed_util_ads: 0.498, bed_util_des: 0.498, des_th: 0.49775306069334696,frac_lost: 0.103, li_recovered:  8.365, time: 0.005843618999278988
L: 0.50, u_super: 0.00329, sec: 177.882, prod: 0.073514, t_ads: 59.2, t_des: 53.5, bed_util_ads: 0.497, bed_util_des: 0.496, des_th: 0.49639181426348405,frac_lost: 0.108, li_recovered:  8.283, time: 0.005791843999759294
L: 0.50, u_super: 0.00651, sec: 364.935, prod: 0.147007, t_ads: 30.0, t_des: 27.3, bed_util_ads: 0.498, bed_util_des: 0.498, des_th: 0.49771110634841004,frac_lost: 0.108, li_recovered:  8.429, time: 0.005317266999554704
L: 0.50, u_super: 0.00347, sec: 232.880, prod: 0.062979, t_ads: 55.8, t_des: 81.2, bed_util_ads: 0.437, bed_util_des: 0.435, des_th: 0.43513727502615923,frac_lost: 0.102, li_recovered:  8.630, time: 0.0057099839996226365
L: 0.50, u_super: 0.00384, sec: 208.530, prod: 0.086143, t_ads: 50.6, t_des: 45.4, bed_util_ads: 0.498, bed_util_des: 0.497, des_th: 0.49752105823990544,frac_lost: 0.105, li_recovered:  8.271, time: 0.0057039980001718504
L: 9.04, u_super: 0.00201 — INFEASIBLE (li_recovered=0.000e+00), time: 0.0014381089986272855
L: 13.73, u_super: 0.00229 — INFEASIBLE (li_recovered=0.000e+00), time: 0.0019961479993071407
L: 0.50, u_super: 0.00335, sec: 184.713, prod: 0.073533, t_ads: 58.3, t_des: 58.0, bed_util_ads: 0.484, bed_util_des: 0.484, des_th: 0.48367050592490307,frac_lost: 0.109, li_recovered:  8.551, time: 0.007822057999874232
L: 27.61, u_super: 0.00128 — INFEASIBLE (li_recovered=0.000e+00), time: 0.0011763419988710666
L: 0.50, u_super: 0.00298, sec: 161.666, prod: 0.066291, t_ads: 64.6, t_des: 56.3, bed_util_ads: 0.500, bed_util_des: 0.500, des_th: 0.49980543056028576,frac_lost: 0.101, li_recovered:  8.015, time: 0.005673305999152944
L: 0.50, u_super: 0.00098 — INFEASIBLE (li_recovered=0.000e+00), time: 0.004532050001216703
L: 0.50, u_super: 0.00005, sec: 4.326, prod: 0.000669, t_ads: 3444.8, t_des: 5862.3, bed_util_ads: 0.253, bed_util_des: 0.185, des_th: 0.1851696623157332,frac_lost: 0.103, li_recovered:  6.229, time: 0.006633285000134492
L: 16.96, u_super: 0.00684 — INFEASIBLE (li_recovered=0.000e+00), time: 0.0017862259992398322
L: 0.50, u_super: 0.00389, sec: 267.552, prod: 0.069158, t_ads: 49.8, t_des: 75.2, bed_util_ads: 0.433, bed_util_des: 0.431, des_th: 0.43097049873194104,frac_lost: 0.100, li_recovered:  8.645, time: 0.008929116998842801
L: 0.50, u_super: 0.00866, sec: 498.088, prod: 0.195828, t_ads: 22.6, t_des: 20.7, bed_util_ads: 0.498, bed_util_des: 0.498, des_th: 0.49770255993263457,frac_lost: 0.108, li_recovered:  8.492, time: 0.005792310999822803
L: 0.50, u_super: 0.00381, sec: 210.208, prod: 0.084093, t_ads: 51.1, t_des: 50.7, bed_util_ads: 0.485, bed_util_des: 0.484, des_th: 0.4842905833268577,frac_lost: 0.106, li_recovered:  8.563, time: 0.006313441999736824
L: 0.50, u_super: 0.00323, sec: 175.327, prod: 0.072115, t_ads: 60.1, t_des: 56.9, bed_util_ads: 0.491, bed_util_des: 0.490, des_th: 0.490117883955677,frac_lost: 0.107, li_recovered:  8.443, time: 0.004885943000772386
L: 0.50, u_super: 0.00762, sec: 433.660, prod: 0.171998, t_ads: 25.7, t_des: 23.8, bed_util_ads: 0.497, bed_util_des: 0.497, des_th: 0.4968893935861793,frac_lost: 0.109, li_recovered:  8.518, time: 0.007300630999452551
L: 0.50, u_super: 0.00025, sec: 63.671, prod: 0.001167, t_ads: 799.2, t_des: 6878.5, bed_util_ads: 0.206, bed_util_des: 0.140, des_th: 0.14026875228340763,frac_lost: 0.101, li_recovered:  8.962, time: 0.02540823599883879
L: 0.50, u_super: 0.00298, sec: 161.289, prod: 0.066446, t_ads: 64.7, t_des: 56.9, bed_util_ads: 0.498, bed_util_des: 0.498, des_th: 0.49819287668246975,frac_lost: 0.102, li_recovered:  8.077, time: 0.005683374000000185
   282 |    11280 |     40 |  0.0033547936 |             f
L: 8.41, u_super: 0.00455 — INFEASIBLE (li_recovered=0.000e+00), time: 0.0029950959997222526
L: 0.50, u_super: 0.00543, sec: 299.770, prod: 0.122849, t_ads: 35.7, t_des: 32.4, bed_util_ads: 0.497, bed_util_des: 0.497, des_th: 0.49726679510234223,frac_lost: 0.101, li_recovered:  8.369, time: 0.007510178000302403
L: 0.50, u_super: 0.00573, sec: 317.535, prod: 0.129584, t_ads: 33.9, t_des: 30.7, bed_util_ads: 0.498, bed_util_des: 0.498, des_th: 0.49774287807293566,frac_lost: 0.103, li_recovered:  8.369, time: 0.006085218999942299
L: 0.50, u_super: 0.00005, sec: 4.381, prod: 0.000661, t_ads: 3223.5, t_des: 5127.6, bed_util_ads: 0.255, bed_util_des: 0.198, des_th: 0.197843905738037,frac_lost: 0.100, li_recovered:  5.519, time: 0.005405452000559308
L: 0.50, u_super: 0.00989, sec: 576.084, prod: 0.224349, t_ads: 19.7, t_des: 17.9, bed_util_ads: 0.499, bed_util_des: 0.499, des_th: 0.49925395570895376,frac_lost: 0.104, li_recovered:  8.452, time: 0.0044995139996899525
L: 0.50, u_super: 0.00602, sec: 335.588, prod: 0.135729, t_ads: 32.5, t_des: 29.5, bed_util_ads: 0.498, bed_util_des: 0.498, des_th: 0.49775306069334696,frac_lost: 0.109, li_recovered:  8.426, time: 0.005106193999381503
L: 31.59, u_super: 0.00485 — INFEASIBLE (li_recovered=0.000e+00), time: 0.0018324430002394365
L: 0.50, u_super: 0.00348, sec: 214.030, prod: 0.068631, t_ads: 55.9, t_des: 69.6, bed_util_ads: 0.456, bed_util_des: 0.455, des_th: 0.4552784314090989,frac_lost: 0.105, li_recovered:  8.618, time: 0.006800314000429353
L: 0.50, u_super: 0.00616, sec: 343.343, prod: 0.139272, t_ads: 31.5, t_des: 29.4, bed_util_ads: 0.495, bed_util_des: 0.495, des_th: 0.4948373947673393,frac_lost: 0.102, li_recovered:  8.491, time: 0.005195779998757644
L: 20.92, u_super: 0.00306 — INFEASIBLE (li_recovered=0.000e+00), time: 0.0018821229987224797
L: 0.50, u_super: 0.00518, sec: 285.186, prod: 0.117142, t_ads: 37.4, t_des: 34.3, bed_util_ads: 0.496, bed_util_des: 0.496, des_th: 0.4962985903778469,frac_lost: 0.101, li_recovered:  8.399, time: 0.005822248000185937
L: 0.50, u_super: 0.00408, sec: 222.972, prod: 0.091576, t_ads: 47.5, t_des: 45.1, bed_util_ads: 0.491, bed_util_des: 0.490, des_th: 0.49037319808140256,frac_lost: 0.103, li_recovered:  8.481, time: 0.006775163999918732
L: 0.50, u_super: 0.00458, sec: 250.516, prod: 0.103106, t_ads: 42.5, t_des: 38.4, bed_util_ads: 0.498, bed_util_des: 0.497, des_th: 0.49740599799218344,frac_lost: 0.104, li_recovered:  8.337, time: 0.0065162579994648695
L: 0.50, u_super: 0.00824, sec: 488.608, prod: 0.179900, t_ads: 23.8, t_des: 24.5, bed_util_ads: 0.483, bed_util_des: 0.483, des_th: 0.48289094015730005,frac_lost: 0.108, li_recovered:  8.692, time: 0.008538136999050039
L: 0.50, u_super: 0.00711, sec: 399.747, prod: 0.161081, t_ads: 27.3, t_des: 25.3, bed_util_ads: 0.497, bed_util_des: 0.497, des_th: 0.496576547174837,frac_lost: 0.101, li_recovered:  8.471, time: 0.007862119000492385
L: 0.50, u_super: 0.00586, sec: 324.912, prod: 0.132382, t_ads: 33.2, t_des: 30.0, bed_util_ads: 0.498, bed_util_des: 0.498, des_th: 0.4977166476433627,frac_lost: 0.103, li_recovered:  8.370, time: 0.007256609998876229
L: 42.00, u_super: 0.00391 — INFEASIBLE (li_recovered=0.000e+00), time: 0.0014900999995006714
L: 64.91, u_super: 0.00651 — INFEASIBLE (li_recovered=0.000e+00), time: 0.00207209699874511
L: 0.50, u_super: 0.00676, sec: 479.155, prod: 0.121054, t_ads: 29.0, t_des: 43.0, bed_util_ads: 0.437, bed_util_des: 0.436, des_th: 0.4357836547288272,frac_lost: 0.107, li_recovered:  8.706, time: 0.008890249000614858
L: 0.50, u_super: 0.00762, sec: 432.643, prod: 0.172403, t_ads: 25.6, t_des: 23.5, bed_util_ads: 0.497, bed_util_des: 0.497, des_th: 0.4968650121350526,frac_lost: 0.106, li_recovered:  8.476, time: 0.00856736700006877
L: 0.50, u_super: 0.00851, sec: 486.647, prod: 0.193345, t_ads: 22.8, t_des: 20.8, bed_util_ads: 0.498, bed_util_des: 0.498, des_th: 0.4979425072882903,frac_lost: 0.100, li_recovered:  8.431, time: 0.007227022000733996
L: 0.50, u_super: 0.00904, sec: 566.044, prod: 0.188735, t_ads: 21.6, t_des: 24.5, bed_util_ads: 0.470, bed_util_des: 0.470, des_th: 0.4701108944746159,frac_lost: 0.105, li_recovered:  8.711, time: 0.006204729999808478
L: 0.50, u_super: 0.00264, sec: 143.982, prod: 0.058192, t_ads: 72.9, t_des: 72.7, bed_util_ads: 0.482, bed_util_des: 0.481, des_th: 0.4812041175385691,frac_lost: 0.102, li_recovered:  8.476, time: 0.005641175999699044
L: 0.50, u_super: 0.00733, sec: 414.759, prod: 0.165614, t_ads: 26.7, t_des: 24.5, bed_util_ads: 0.497, bed_util_des: 0.497, des_th: 0.49709217298543473,frac_lost: 0.107, li_recovered:  8.479, time: 0.005692265998732182
L: 0.50, u_super: 0.00971, sec: 564.264, prod: 0.220169, t_ads: 20.1, t_des: 18.5, bed_util_ads: 0.498, bed_util_des: 0.498, des_th: 0.4979425072882903,frac_lost: 0.104, li_recovered:  8.498, time: 0.004323340999690117
L: 0.50, u_super: 0.00158, sec: 85.765, prod: 0.034275, t_ads: 121.6, t_des: 120.8, bed_util_ads: 0.479, bed_util_des: 0.477, des_th: 0.4773659172209953,frac_lost: 0.105, li_recovered:  8.309, time: 0.004777436999575002
L: 0.50, u_super: 0.00409, sec: 223.100, prod: 0.091996, t_ads: 47.4, t_des: 42.4, bed_util_ads: 0.498, bed_util_des: 0.498, des_th: 0.49828420651493344,frac_lost: 0.104, li_recovered:  8.264, time: 0.004119138000532985
L: 0.50, u_super: 0.00005, sec: 4.369, prod: 0.000663, t_ads: 3610.1, t_des: 6807.2, bed_util_ads: 0.246, bed_util_des: 0.167, des_th: 0.16740828929769025,frac_lost: 0.102, li_recovered:  6.903, time: 0.006043307999789249
L: 0.50, u_super: 0.00971, sec: 564.523, prod: 0.220068, t_ads: 20.1, t_des: 18.4, bed_util_ads: 0.498, bed_util_des: 0.498, des_th: 0.4982903173929726,frac_lost: 0.105, li_recovered:  8.487, time: 0.0046265639994089724
L: 0.50, u_super: 0.00962, sec: 612.295, prod: 0.198813, t_ads: 20.3, t_des: 23.5, bed_util_ads: 0.468, bed_util_des: 0.468, des_th: 0.46787295231434123,frac_lost: 0.103, li_recovered:  8.714, time: 0.006131713998911437
L: 0.50, u_super: 0.00808, sec: 461.000, prod: 0.182986, t_ads: 24.2, t_des: 21.7, bed_util_ads: 0.500, bed_util_des: 0.500, des_th: 0.4996055482337814,frac_lost: 0.105, li_recovered:  8.392, time: 0.00412443200002599
L: 0.50, u_super: 0.00368, sec: 199.575, prod: 0.082467, t_ads: 52.9, t_des: 47.9, bed_util_ads: 0.497, bed_util_des: 0.497, des_th: 0.4969248776671354,frac_lost: 0.107, li_recovered:  8.317, time: 0.004859561999182915
L: 49.70, u_super: 0.00797 — INFEASIBLE (li_recovered=0.000e+00), time: 0.001129063999542268
L: 0.50, u_super: 0.00810, sec: 462.517, prod: 0.183319, t_ads: 24.1, t_des: 22.2, bed_util_ads: 0.498, bed_util_des: 0.497, des_th: 0.49751255144930245,frac_lost: 0.106, li_recovered:  8.488, time: 0.0056884419991547475
L: 0.50, u_super: 0.00884, sec: 509.445, prod: 0.199998, t_ads: 22.2, t_des: 20.3, bed_util_ads: 0.498, bed_util_des: 0.498, des_th: 0.49775021696135097,frac_lost: 0.107, li_recovered:  8.495, time: 0.0053059370002301876
L: 14.85, u_super: 0.00464 — INFEASIBLE (li_recovered=0.000e+00), time: 0.002212920999227208
L: 0.50, u_super: 0.00349, sec: 189.171, prod: 0.078118, t_ads: 55.7, t_des: 49.8, bed_util_ads: 0.497, bed_util_des: 0.497, des_th: 0.4970439201984419,frac_lost: 0.106, li_recovered:  8.241, time: 0.005725929000618635
L: 0.50, u_super: 0.00537, sec: 296.398, prod: 0.121399, t_ads: 36.1, t_des: 32.7, bed_util_ads: 0.498, bed_util_des: 0.498, des_th: 0.49825611758339267,frac_lost: 0.102, li_recovered:  8.354, time: 0.005912515000090934
L: 0.50, u_super: 0.00082, sec: 46.485, prod: 0.016948, t_ads: 225.7, t_des: 191.3, bed_util_ads: 0.488, bed_util_des: 0.488, des_th: 0.4883313990241146,frac_lost: 0.101, li_recovered:  7.067, time: 0.0062323040001501795
L: 0.50, u_super: 0.00166, sec: 89.108, prod: 0.036613, t_ads: 114.9, t_des: 108.6, bed_util_ads: 0.486, bed_util_des: 0.485, des_th: 0.4855848566355723,frac_lost: 0.101, li_recovered:  8.183, time: 0.00587675700080581
   283 |    11320 |     40 |  0.0030624965 |             f
L: 0.50, u_super: 0.00166, sec: 89.149, prod: 0.036596, t_ads: 115.1, t_des: 108.4, bed_util_ads: 0.486, bed_util_des: 0.485, des_th: 0.4854652104711191,frac_lost: 0.102, li_recovered:  8.178, time: 0.004761300000609481
L: 0.50, u_super: 0.00201, sec: 107.967, prod: 0.044683, t_ads: 95.1, t_des: 89.7, bed_util_ads: 0.488, bed_util_des: 0.487, des_th: 0.48717091695269954,frac_lost: 0.101, li_recovered:  8.254, time: 0.005247257000519312
L: 0.50, u_super: 0.00768, sec: 446.116, prod: 0.169677, t_ads: 25.5, t_des: 25.6, bed_util_ads: 0.486, bed_util_des: 0.486, des_th: 0.4855799828226097,frac_lost: 0.108, li_recovered:  8.666, time: 0.0044998969988228055
L: 0.50, u_super: 0.00097 — INFEASIBLE (li_recovered=0.000e+00), time: 0.0032807030002004467
L: 0.50, u_super: 0.00264, sec: 142.685, prod: 0.058720, t_ads: 73.0, t_des: 64.3, bed_util_ads: 0.499, bed_util_des: 0.498, des_th: 0.4983166991420139,frac_lost: 0.103, li_recovered:  8.061, time: 0.005165770999155939
L: 0.50, u_super: 0.00964, sec: 560.519, prod: 0.218424, t_ads: 20.3, t_des: 18.6, bed_util_ads: 0.498, bed_util_des: 0.498, des_th: 0.4979425072882903,frac_lost: 0.106, li_recovered:  8.493, time: 0.004218744999889168
L: 0.50, u_super: 0.00025 — INFEASIBLE (li_recovered=0.000e+00), time: 0.0021704850005335175
L: 0.50, u_super: 0.00711, sec: 399.747, prod: 0.161081, t_ads: 27.3, t_des: 25.3, bed_util_ads: 0.497, bed_util_des: 0.497, des_th: 0.496576547174837,frac_lost: 0.101, li_recovered:  8.471, time: 0.004894003999652341
L: 0.50, u_super: 0.00763, sec: 433.316, prod: 0.172513, t_ads: 25.6, t_des: 23.5, bed_util_ads: 0.498, bed_util_des: 0.498, des_th: 0.49776272599239063,frac_lost: 0.107, li_recovered:  8.480, time: 0.004142989999309066
L: 0.50, u_super: 0.00302, sec: 164.011, prod: 0.067117, t_ads: 64.0, t_des: 62.2, bed_util_ads: 0.487, bed_util_des: 0.486, des_th: 0.48627825678509184,frac_lost: 0.103, li_recovered:  8.472, time: 0.006515683999168687
L: 2.41, u_super: 0.00349 — INFEASIBLE (li_recovered=0.000e+00), time: 0.0024297479994856985
L: 0.50, u_super: 0.00832, sec: 475.887, prod: 0.188173, t_ads: 23.5, t_des: 21.6, bed_util_ads: 0.498, bed_util_des: 0.498, des_th: 0.49774287807293566,frac_lost: 0.106, li_recovered:  8.494, time: 0.004657800000131829
L: 0.50, u_super: 0.00135, sec: 72.875, prod: 0.029434, t_ads: 141.9, t_des: 130.5, bed_util_ads: 0.486, bed_util_des: 0.486, des_th: 0.4855848566355723,frac_lost: 0.108, li_recovered:  8.017, time: 0.005095536000226275
L: 47.23, u_super: 0.00763 — INFEASIBLE (li_recovered=0.000e+00), time: 0.0010561559993220726
L: 0.50, u_super: 0.00107, sec: 57.984, prod: 0.023059, t_ads: 176.4, t_des: 161.9, bed_util_ads: 0.484, bed_util_des: 0.483, des_th: 0.48367050592490307,frac_lost: 0.102, li_recovered:  7.801, time: 0.0035669169992615934
L: 0.50, u_super: 0.00966, sec: 561.606, prod: 0.219063, t_ads: 20.2, t_des: 18.3, bed_util_ads: 0.500, bed_util_des: 0.499, des_th: 0.49942132725883337,frac_lost: 0.105, li_recovered:  8.439, time: 0.005151826999281184
L: 0.50, u_super: 0.00711, sec: 399.613, prod: 0.161135, t_ads: 27.3, t_des: 24.7, bed_util_ads: 0.498, bed_util_des: 0.498, des_th: 0.49793448479324365,frac_lost: 0.100, li_recovered:  8.375, time: 0.005165399999896181
L: 0.50, u_super: 0.00477, sec: 261.991, prod: 0.107552, t_ads: 40.8, t_des: 37.2, bed_util_ads: 0.497, bed_util_des: 0.497, des_th: 0.4969284681567969,frac_lost: 0.106, li_recovered:  8.392, time: 0.006526458000735147
L: 0.50, u_super: 0.00323, sec: 174.750, prod: 0.072354, t_ads: 59.7, t_des: 53.1, bed_util_ads: 0.498, bed_util_des: 0.498, des_th: 0.49794988871683266,frac_lost: 0.101, li_recovered:  8.158, time: 0.004066806000992074
L: 21.21, u_super: 0.00440 — INFEASIBLE (li_recovered=0.000e+00), time: 0.0011601450005400693
L: 0.50, u_super: 0.00349, sec: 188.643, prod: 0.078337, t_ads: 55.3, t_des: 49.8, bed_util_ads: 0.496, bed_util_des: 0.496, des_th: 0.49611246171960827,frac_lost: 0.100, li_recovered:  8.228, time: 0.004671979000704596
L: 0.50, u_super: 0.00930, sec: 538.809, prod: 0.210640, t_ads: 21.0, t_des: 19.5, bed_util_ads: 0.497, bed_util_des: 0.497, des_th: 0.4968650121350526,frac_lost: 0.105, li_recovered:  8.530, time: 0.004926011999486946
L: 0.50, u_super: 0.00005, sec: 4.418, prod: 0.000655, t_ads: 3682.4, t_des: 7245.6, bed_util_ads: 0.243, bed_util_des: 0.160, des_th: 0.1605868785745871,frac_lost: 0.102, li_recovered:  7.161, time: 0.006109553998612682
L: 0.50, u_super: 0.00802, sec: 457.485, prod: 0.181273, t_ads: 24.4, t_des: 22.4, bed_util_ads: 0.498, bed_util_des: 0.498, des_th: 0.4979425072882903,frac_lost: 0.107, li_recovered:  8.486, time: 0.004448642999705044
L: 0.50, u_super: 0.00387, sec: 212.149, prod: 0.086057, t_ads: 50.4, t_des: 48.7, bed_util_ads: 0.488, bed_util_des: 0.488, des_th: 0.48764524436887485,frac_lost: 0.107, li_recovered:  8.529, time: 0.00483057900055428
L: 0.50, u_super: 0.00626, sec: 348.958, prod: 0.141571, t_ads: 31.0, t_des: 28.7, bed_util_ads: 0.495, bed_util_des: 0.495, des_th: 0.4948373947673393,frac_lost: 0.102, li_recovered:  8.465, time: 0.005814373000248452
L: 0.50, u_super: 0.00990, sec: 576.148, prod: 0.224758, t_ads: 19.7, t_des: 17.9, bed_util_ads: 0.500, bed_util_des: 0.499, des_th: 0.49942132725883337,frac_lost: 0.103, li_recovered:  8.447, time: 0.0051145710003766
L: 0.50, u_super: 0.00698, sec: 393.810, prod: 0.157562, t_ads: 28.1, t_des: 25.8, bed_util_ads: 0.497, bed_util_des: 0.497, des_th: 0.497082507686391,frac_lost: 0.109, li_recovered:  8.481, time: 0.004355058001237921
L: 0.50, u_super: 0.00197, sec: 107.462, prod: 0.043131, t_ads: 96.9, t_des: 82.8, bed_util_ads: 0.499, bed_util_des: 0.499, des_th: 0.49863242878854674,frac_lost: 0.101, li_recovered:  7.748, time: 0.003925312001229031
L: 0.50, u_super: 0.00688, sec: 387.577, prod: 0.155112, t_ads: 28.5, t_des: 26.4, bed_util_ads: 0.495, bed_util_des: 0.495, des_th: 0.4948373947673393,frac_lost: 0.108, li_recovered:  8.513, time: 0.004118535000088741
L: 0.50, u_super: 0.00586, sec: 324.771, prod: 0.132523, t_ads: 33.1, t_des: 30.0, bed_util_ads: 0.498, bed_util_des: 0.498, des_th: 0.4977166476433627,frac_lost: 0.101, li_recovered:  8.370, time: 0.005395159998442978
L: 0.50, u_super: 0.00970, sec: 563.913, prod: 0.220009, t_ads: 20.1, t_des: 18.5, bed_util_ads: 0.497, bed_util_des: 0.497, des_th: 0.4968328930675905,frac_lost: 0.104, li_recovered:  8.495, time: 0.004006920000392711
L: 0.50, u_super: 0.00021, sec: 32.537, prod: 0.001610, t_ads: 933.8, t_des: 4427.4, bed_util_ads: 0.247, bed_util_des: 0.185, des_th: 0.1851696623157332,frac_lost: 0.103, li_recovered:  8.631, time: 0.012985863999347202
L: 0.50, u_super: 0.00804, sec: 458.524, prod: 0.182025, t_ads: 24.3, t_des: 21.9, bed_util_ads: 0.500, bed_util_des: 0.500, des_th: 0.499896989292171,frac_lost: 0.106, li_recovered:  8.400, time: 0.00438743999984581
L: 0.50, u_super: 0.00940, sec: 544.965, prod: 0.212896, t_ads: 20.8, t_des: 19.3, bed_util_ads: 0.497, bed_util_des: 0.497, des_th: 0.49658456966987896,frac_lost: 0.105, li_recovered:  8.527, time: 0.004686517999289208
L: 0.50, u_super: 0.00543, sec: 299.968, prod: 0.122768, t_ads: 35.7, t_des: 32.4, bed_util_ads: 0.497, bed_util_des: 0.497, des_th: 0.4972632046126807,frac_lost: 0.102, li_recovered:  8.360, time: 0.003908776001480874
L: 1.27, u_super: 0.00264 — INFEASIBLE (li_recovered=0.000e+00), time: 0.002269024000270292
L: 0.50, u_super: 0.00342, sec: 191.523, prod: 0.074338, t_ads: 56.7, t_des: 58.7, bed_util_ads: 0.480, bed_util_des: 0.479, des_th: 0.478925724212093,frac_lost: 0.105, li_recovered:  8.580, time: 0.00399632699918584
L: 0.50, u_super: 0.00349, sec: 1935.774, prod: 0.007634, t_ads: 56.7, t_des: 1096.2, bed_util_ads: 0.175, bed_util_des: 0.167, des_th: 0.1671875815090065,frac_lost: 0.108, li_recovered:  8.801, time: 0.049845949999507866
L: 38.75, u_super: 0.00322 — INFEASIBLE (li_recovered=0.000e+00), time: 0.0009638800001994241
   284 |    11360 |     40 |  0.0017314329 |             f
L: 0.50, u_super: 0.00351, sec: 190.442, prod: 0.078514, t_ads: 55.5, t_des: 49.5, bed_util_ads: 0.499, bed_util_des: 0.498, des_th: 0.49828420651493344,frac_lost: 0.108, li_recovered:  8.245, time: 0.004712408999694162
L: 0.50, u_super: 0.00823, sec: 470.941, prod: 0.186271, t_ads: 23.8, t_des: 21.8, bed_util_ads: 0.497, bed_util_des: 0.497, des_th: 0.49726679510234223,frac_lost: 0.107, li_recovered:  8.490, time: 0.005242248000286054
L: 0.50, u_super: 0.00201, sec: 107.967, prod: 0.044683, t_ads: 95.1, t_des: 89.7, bed_util_ads: 0.488, bed_util_des: 0.487, des_th: 0.48717091695269954,frac_lost: 0.101, li_recovered:  8.254, time: 0.006109680000008666
L: 31.84, u_super: 0.00346 — INFEASIBLE (li_recovered=0.000e+00), time: 0.001672562000749167
L: 0.50, u_super: 0.00694, sec: 391.337, prod: 0.156642, t_ads: 28.3, t_des: 25.6, bed_util_ads: 0.498, bed_util_des: 0.498, des_th: 0.49793448479324365,frac_lost: 0.109, li_recovered:  8.440, time: 0.006961516999581363
L: 0.50, u_super: 0.00354, sec: 191.965, prod: 0.079301, t_ads: 55.0, t_des: 49.7, bed_util_ads: 0.496, bed_util_des: 0.496, des_th: 0.4961203934350645,frac_lost: 0.107, li_recovered:  8.305, time: 0.005704306000552606
L: 26.49, u_super: 0.00023 — INFEASIBLE (li_recovered=0.000e+00), time: 0.0015957370014803018
L: 0.50, u_super: 0.00990, sec: 576.148, prod: 0.224758, t_ads: 19.7, t_des: 17.9, bed_util_ads: 0.500, bed_util_des: 0.499, des_th: 0.49942132725883337,frac_lost: 0.103, li_recovered:  8.447, time: 0.0045865430001867935
L: 0.50, u_super: 0.00055, sec: 31.312, prod: 0.011227, t_ads: 331.3, t_des: 308.3, bed_util_ads: 0.467, bed_util_des: 0.465, des_th: 0.4652827063869818,frac_lost: 0.103, li_recovered:  7.182, time: 0.006429545999708353
L: 0.50, u_super: 0.00502, sec: 275.747, prod: 0.113149, t_ads: 38.7, t_des: 35.0, bed_util_ads: 0.497, bed_util_des: 0.497, des_th: 0.49722869938130115,frac_lost: 0.103, li_recovered:  8.345, time: 0.005304612999680103
L: 0.50, u_super: 0.00858, sec: 492.852, prod: 0.194009, t_ads: 22.8, t_des: 20.5, bed_util_ads: 0.500, bed_util_des: 0.500, des_th: 0.4998930545867489,frac_lost: 0.108, li_recovered:  8.401, time: 0.005604068999673473
L: 0.50, u_super: 0.00334, sec: 181.170, prod: 0.074484, t_ads: 58.3, t_des: 51.4, bed_util_ads: 0.499, bed_util_des: 0.499, des_th: 0.49867220763144005,frac_lost: 0.107, li_recovered:  8.166, time: 0.004703644000983331
L: 0.50, u_super: 0.00455, sec: 249.140, prod: 0.102420, t_ads: 42.8, t_des: 38.6, bed_util_ads: 0.498, bed_util_des: 0.497, des_th: 0.49739798201169094,frac_lost: 0.105, li_recovered:  8.329, time: 0.004651308001484722
L: 0.50, u_super: 0.00625, sec: 348.606, prod: 0.141364, t_ads: 31.1, t_des: 28.7, bed_util_ads: 0.495, bed_util_des: 0.495, des_th: 0.4952831755717331,frac_lost: 0.103, li_recovered:  8.460, time: 0.005064573999334243
L: 0.50, u_super: 0.00518, sec: 284.851, prod: 0.116897, t_ads: 37.5, t_des: 34.1, bed_util_ads: 0.498, bed_util_des: 0.497, des_th: 0.49733277457018904,frac_lost: 0.102, li_recovered:  8.369, time: 0.004673863999414607
L: 0.50, u_super: 0.00005 — INFEASIBLE (li_recovered=0.000e+00), time: 0.0009313850005128188
L: 0.50, u_super: 0.00887, sec: 510.559, prod: 0.200977, t_ads: 22.0, t_des: 20.2, bed_util_ads: 0.498, bed_util_des: 0.498, des_th: 0.49762516874782964,frac_lost: 0.105, li_recovered:  8.488, time: 0.0047218670006259345
L: 0.50, u_super: 0.00031 — INFEASIBLE (li_recovered=0.000e+00), time: 0.0024330439991899766
L: 0.50, u_super: 0.00964, sec: 567.785, prod: 0.215549, t_ads: 20.3, t_des: 19.9, bed_util_ads: 0.489, bed_util_des: 0.488, des_th: 0.48834693940192975,frac_lost: 0.104, li_recovered:  8.654, time: 0.004741044000184047
L: 0.50, u_super: 0.00527, sec: 290.525, prod: 0.119024, t_ads: 36.9, t_des: 33.4, bed_util_ads: 0.498, bed_util_des: 0.498, des_th: 0.4979425072882903,frac_lost: 0.103, li_recovered:  8.364, time: 0.00409577999926114
L: 0.50, u_super: 0.00476, sec: 260.968, prod: 0.107400, t_ads: 40.7, t_des: 36.8, bed_util_ads: 0.497, bed_util_des: 0.497, des_th: 0.4971553144409099,frac_lost: 0.103, li_recovered:  8.333, time: 0.003799218000494875
L: 0.50, u_super: 0.00264, sec: 141.903, prod: 0.058963, t_ads: 73.0, t_des: 66.5, bed_util_ads: 0.494, bed_util_des: 0.494, des_th: 0.4936328404548197,frac_lost: 0.102, li_recovered:  8.223, time: 0.003917545000149403
L: 0.50, u_super: 0.00384, sec: 208.979, prod: 0.086190, t_ads: 50.7, t_des: 46.0, bed_util_ads: 0.497, bed_util_des: 0.497, des_th: 0.4969248776671354,frac_lost: 0.108, li_recovered:  8.334, time: 0.004756610998811084
L: 0.50, u_super: 0.00402, sec: 218.598, prod: 0.090282, t_ads: 48.4, t_des: 43.8, bed_util_ads: 0.498, bed_util_des: 0.497, des_th: 0.497438719851833,frac_lost: 0.105, li_recovered:  8.318, time: 0.00384242899963283
L: 0.50, u_super: 0.00373, sec: 202.657, prod: 0.083574, t_ads: 52.2, t_des: 46.6, bed_util_ads: 0.498, bed_util_des: 0.498, des_th: 0.49752105823990544,frac_lost: 0.106, li_recovered:  8.256, time: 0.0037253579994285246
L: 0.50, u_super: 0.00033, sec: 19.863, prod: 0.006205, t_ads: 527.0, t_des: 524.3, bed_util_ads: 0.440, bed_util_des: 0.436, des_th: 0.43651845793196786,frac_lost: 0.102, li_recovered:  6.523, time: 0.003595149999455316
L: 0.50, u_super: 0.00323, sec: 175.030, prod: 0.072238, t_ads: 59.6, t_des: 52.5, bed_util_ads: 0.499, bed_util_des: 0.498, des_th: 0.49838715926204874,frac_lost: 0.100, li_recovered:  8.097, time: 0.003750875999685377
L: 0.50, u_super: 0.00264, sec: 142.758, prod: 0.058690, t_ads: 73.0, t_des: 64.1, bed_util_ads: 0.498, bed_util_des: 0.498, des_th: 0.4982433142016171,frac_lost: 0.103, li_recovered:  8.046, time: 0.004012356999737676
L: 0.50, u_super: 0.00955, sec: 554.089, prod: 0.216572, t_ads: 20.4, t_des: 18.8, bed_util_ads: 0.498, bed_util_des: 0.498, des_th: 0.49761080319474466,frac_lost: 0.104, li_recovered:  8.491, time: 0.005328384999302216
L: 3.38, u_super: 0.00082 — INFEASIBLE (li_recovered=0.000e+00), time: 0.0015936169984342996
L: 0.50, u_super: 0.00584, sec: 324.198, prod: 0.131978, t_ads: 33.3, t_des: 30.1, bed_util_ads: 0.499, bed_util_des: 0.499, des_th: 0.49873812422563213,frac_lost: 0.104, li_recovered:  8.369, time: 0.003992238998762332
L: 0.50, u_super: 0.00395, sec: 215.215, prod: 0.088661, t_ads: 49.2, t_des: 43.9, bed_util_ads: 0.499, bed_util_des: 0.498, des_th: 0.49828420651493344,frac_lost: 0.106, li_recovered:  8.257, time: 0.004484535000301548
L: 0.50, u_super: 0.00201, sec: 107.984, prod: 0.044676, t_ads: 95.0, t_des: 89.9, bed_util_ads: 0.487, bed_util_des: 0.487, des_th: 0.4867251344694692,frac_lost: 0.100, li_recovered:  8.261, time: 0.005267305999950622
L: 0.50, u_super: 0.00917, sec: 530.580, prod: 0.207501, t_ads: 21.3, t_des: 19.8, bed_util_ads: 0.497, bed_util_des: 0.497, des_th: 0.496550537062365,frac_lost: 0.106, li_recovered:  8.530, time: 0.007390978000330506
L: 0.50, u_super: 0.00630, sec: 3593.345, prod: 0.013929, t_ads: 31.1, t_des: 599.4, bed_util_ads: 0.177, bed_util_des: 0.172, des_th: 0.17244389837888885,frac_lost: 0.102, li_recovered:  8.782, time: 0.040308235000338755
L: 0.50, u_super: 0.00066, sec: 37.046, prod: 0.013937, t_ads: 276.4, t_des: 267.7, bed_util_ads: 0.468, bed_util_des: 0.466, des_th: 0.46590946212674644,frac_lost: 0.100, li_recovered:  7.584, time: 0.00475064999955066
L: 0.50, u_super: 0.00733, sec: 521.176, prod: 0.131798, t_ads: 26.8, t_des: 39.3, bed_util_ads: 0.439, bed_util_des: 0.438, des_th: 0.4377943814264588,frac_lost: 0.108, li_recovered:  8.713, time: 0.00723955299872614
L: 0.50, u_super: 0.00294, sec: 158.361, prod: 0.065768, t_ads: 65.7, t_des: 61.2, bed_util_ads: 0.492, bed_util_des: 0.492, des_th: 0.4917120984927595,frac_lost: 0.103, li_recovered:  8.346, time: 0.007078470000124071
L: 7.63, u_super: 0.00982 — INFEASIBLE (li_recovered=0.000e+00), time: 0.003153751000354532
L: 0.50, u_super: 0.00733, sec: 414.440, prod: 0.165742, t_ads: 26.7, t_des: 24.2, bed_util_ads: 0.498, bed_util_des: 0.498, des_th: 0.4983528302799775,frac_lost: 0.106, li_recovered:  8.435, time: 0.006568619000972831
   285 |    11400 |     40 |  0.0039459740 |             f
L: 0.50, u_super: 0.00802, sec: 493.617, prod: 0.168004, t_ads: 24.4, t_des: 27.4, bed_util_ads: 0.472, bed_util_des: 0.471, des_th: 0.47113946060145984,frac_lost: 0.107, li_recovered:  8.704, time: 0.00722256300105073
L: 37.56, u_super: 0.00684 — INFEASIBLE (li_recovered=0.000e+00), time: 0.002156299999114708
L: 0.50, u_super: 0.00137, sec: 75.736, prod: 0.029309, t_ads: 138.0, t_des: 116.0, bed_util_ads: 0.498, bed_util_des: 0.498, des_th: 0.49828420651493344,frac_lost: 0.101, li_recovered:  7.446, time: 0.004165697000644286
L: 0.50, u_super: 0.00479, sec: 262.921, prod: 0.107795, t_ads: 40.6, t_des: 37.9, bed_util_ads: 0.494, bed_util_des: 0.493, des_th: 0.493353129701912,frac_lost: 0.104, li_recovered:  8.465, time: 0.006572949001565576
L: 74.07, u_super: 0.00964 — INFEASIBLE (li_recovered=0.000e+00), time: 0.0016242300007434096
L: 0.50, u_super: 0.00340, sec: 184.136, prod: 0.076030, t_ads: 57.2, t_des: 51.1, bed_util_ads: 0.498, bed_util_des: 0.498, des_th: 0.49794505663322164,frac_lost: 0.107, li_recovered:  8.237, time: 0.004747097000290523
L: 39.80, u_super: 0.00763 — INFEASIBLE (li_recovered=0.000e+00), time: 0.0019492769988573855
L: 0.50, u_super: 0.00455, sec: 249.140, prod: 0.102420, t_ads: 42.8, t_des: 38.6, bed_util_ads: 0.498, bed_util_des: 0.497, des_th: 0.49739798201169094,frac_lost: 0.105, li_recovered:  8.329, time: 0.005777315998784616
L: 0.50, u_super: 0.00811, sec: 462.707, prod: 0.183428, t_ads: 24.1, t_des: 22.1, bed_util_ads: 0.498, bed_util_des: 0.498, des_th: 0.4977166476433627,frac_lost: 0.106, li_recovered:  8.483, time: 0.006333421000817907
L: 0.50, u_super: 0.00168, sec: 108.151, prod: 0.030901, t_ads: 114.8, t_des: 159.5, bed_util_ads: 0.437, bed_util_des: 0.434, des_th: 0.43366441108061415,frac_lost: 0.104, li_recovered:  8.474, time: 0.007482855000489508
L: 33.03, u_super: 0.00721 — INFEASIBLE (li_recovered=0.000e+00), time: 0.0014382259996637003
L: 0.50, u_super: 0.00041 — INFEASIBLE (li_recovered=0.000e+00), time: 0.002890067999032908
L: 0.50, u_super: 0.00603, sec: 334.777, prod: 0.136437, t_ads: 32.2, t_des: 29.2, bed_util_ads: 0.498, bed_util_des: 0.497, des_th: 0.49745280131473474,frac_lost: 0.101, li_recovered:  8.372, time: 0.004633184000340407
L: 0.50, u_super: 0.00649, sec: 369.380, prod: 0.144190, t_ads: 30.2, t_des: 29.7, bed_util_ads: 0.489, bed_util_des: 0.488, des_th: 0.4883313990241146,frac_lost: 0.109, li_recovered:  8.632, time: 0.004698175998782972
L: 0.50, u_super: 0.00373, sec: 202.486, prod: 0.083587, t_ads: 52.1, t_des: 46.7, bed_util_ads: 0.499, bed_util_des: 0.498, des_th: 0.49828420651493344,frac_lost: 0.106, li_recovered:  8.258, time: 0.006567926000570878
L: 0.50, u_super: 0.00464, sec: 254.308, prod: 0.104458, t_ads: 41.9, t_des: 37.8, bed_util_ads: 0.498, bed_util_des: 0.497, des_th: 0.49740392390641675,frac_lost: 0.105, li_recovered:  8.328, time: 0.0066909090000990545
L: 8.02, u_super: 0.00712 — INFEASIBLE (li_recovered=0.000e+00), time: 0.0038579120009671897
L: 0.50, u_super: 0.00936, sec: 541.685, prod: 0.212042, t_ads: 20.9, t_des: 18.9, bed_util_ads: 0.500, bed_util_des: 0.500, des_th: 0.49960210940589367,frac_lost: 0.105, li_recovered:  8.445, time: 0.005326575999788474
L: 0.50, u_super: 0.00010 — INFEASIBLE (li_recovered=0.000e+00), time: 0.0016978569983621128
L: 2.12, u_super: 0.00610, sec: 1484.350, prod: 0.133327, t_ads: 132.9, t_des: 126.6, bed_util_ads: 0.484, bed_util_des: 0.483, des_th: 0.48276265684687997,frac_lost: 0.106, li_recovered:  34.591, time: 0.005153053998583346
L: 0.50, u_super: 0.00990, sec: 576.356, prod: 0.224677, t_ads: 19.7, t_des: 17.9, bed_util_ads: 0.500, bed_util_des: 0.499, des_th: 0.49942132725883337,frac_lost: 0.103, li_recovered:  8.451, time: 0.005454592999740271
L: 0.50, u_super: 0.00408, sec: 224.789, prod: 0.090723, t_ads: 47.6, t_des: 46.6, bed_util_ads: 0.488, bed_util_des: 0.487, des_th: 0.48717091695269954,frac_lost: 0.105, li_recovered:  8.552, time: 0.005355075998522807
L: 0.50, u_super: 0.00261, sec: 140.899, prod: 0.058210, t_ads: 73.8, t_des: 65.8, bed_util_ads: 0.498, bed_util_des: 0.497, des_th: 0.4974350249253342,frac_lost: 0.104, li_recovered:  8.126, time: 0.005907890999878873
L: 0.50, u_super: 0.00823, sec: 470.923, prod: 0.186279, t_ads: 23.8, t_des: 21.5, bed_util_ads: 0.499, bed_util_des: 0.499, des_th: 0.49893057076132674,frac_lost: 0.107, li_recovered:  8.441, time: 0.00720853500024532
L: 0.50, u_super: 0.00742, sec: 420.247, prod: 0.167476, t_ads: 26.4, t_des: 23.9, bed_util_ads: 0.499, bed_util_des: 0.498, des_th: 0.4983528302799775,frac_lost: 0.109, li_recovered:  8.434, time: 0.007021643999905791
L: 0.50, u_super: 0.00746, sec: 422.597, prod: 0.168670, t_ads: 26.2, t_des: 24.1, bed_util_ads: 0.497, bed_util_des: 0.497, des_th: 0.4968650121350526,frac_lost: 0.106, li_recovered:  8.477, time: 0.005962561999695026
L: 0.50, u_super: 0.00005, sec: 4.324, prod: 0.000670, t_ads: 3442.0, t_des: 5873.1, bed_util_ads: 0.253, bed_util_des: 0.185, des_th: 0.1851696623157332,frac_lost: 0.103, li_recovered:  6.237, time: 0.004580495000482188
L: 0.50, u_super: 0.00166, sec: 89.108, prod: 0.036613, t_ads: 114.9, t_des: 108.6, bed_util_ads: 0.486, bed_util_des: 0.485, des_th: 0.4855848566355723,frac_lost: 0.101, li_recovered:  8.183, time: 0.004259458000888117
L: 0.50, u_super: 0.00571, sec: 316.401, prod: 0.129116, t_ads: 34.0, t_des: 30.7, bed_util_ads: 0.498, bed_util_des: 0.498, des_th: 0.49774287807293566,frac_lost: 0.102, li_recovered:  8.357, time: 0.004978748000212363
L: 0.50, u_super: 0.00921, sec: 532.613, prod: 0.208725, t_ads: 21.2, t_des: 19.5, bed_util_ads: 0.498, bed_util_des: 0.498, des_th: 0.4979425072882903,frac_lost: 0.105, li_recovered:  8.496, time: 0.006970815999011393
L: 0.50, u_super: 0.00688, sec: 4145.722, prod: 0.014525, t_ads: 28.5, t_des: 576.3, bed_util_ads: 0.174, bed_util_des: 0.170, des_th: 0.16952627203330356,frac_lost: 0.102, li_recovered:  8.783, time: 0.04512413600059517
L: 0.50, u_super: 0.00796, sec: 451.985, prod: 0.180602, t_ads: 24.4, t_des: 22.3, bed_util_ads: 0.498, bed_util_des: 0.498, des_th: 0.49760465344729937,frac_lost: 0.100, li_recovered:  8.425, time: 0.004430633000083617
L: 3.60, u_super: 0.00139 — INFEASIBLE (li_recovered=0.000e+00), time: 0.001949445000718697
L: 0.50, u_super: 0.00294, sec: 158.486, prod: 0.065716, t_ads: 65.8, t_des: 61.3, bed_util_ads: 0.492, bed_util_des: 0.491, des_th: 0.49139053730660404,frac_lost: 0.104, li_recovered:  8.356, time: 0.005076982000900898
L: 0.50, u_super: 0.00753, sec: 427.557, prod: 0.170177, t_ads: 26.0, t_des: 23.9, bed_util_ads: 0.498, bed_util_des: 0.498, des_th: 0.4979481360716667,frac_lost: 0.108, li_recovered:  8.491, time: 0.005778636999821174
L: 0.50, u_super: 0.00197, sec: 107.462, prod: 0.043131, t_ads: 96.9, t_des: 82.8, bed_util_ads: 0.499, bed_util_des: 0.499, des_th: 0.49863242878854674,frac_lost: 0.101, li_recovered:  7.748, time: 0.004060825000124169
L: 0.50, u_super: 0.00194, sec: 105.815, prod: 0.042489, t_ads: 99.3, t_des: 85.0, bed_util_ads: 0.499, bed_util_des: 0.499, des_th: 0.49901550692507046,frac_lost: 0.108, li_recovered:  7.832, time: 0.004730345001007663
L: 33.16, u_super: 0.00499 — INFEASIBLE (li_recovered=0.000e+00), time: 0.0011124230004497804
L: 0.50, u_super: 0.00802, sec: 457.370, prod: 0.181318, t_ads: 24.4, t_des: 21.9, bed_util_ads: 0.500, bed_util_des: 0.500, des_th: 0.49998610141022987,frac_lost: 0.107, li_recovered:  8.393, time: 0.004655374999856576
L: 0.50, u_super: 0.00848, sec: 486.422, prod: 0.191912, t_ads: 23.1, t_des: 21.2, bed_util_ads: 0.498, bed_util_des: 0.498, des_th: 0.49761080319474466,frac_lost: 0.107, li_recovered:  8.488, time: 0.005296125000313623
   286 |    11440 |     40 |  0.0038702268 |             f
L: 4.30, u_super: 0.00819, sec: 4486.118, prod: 0.166121, t_ads: 199.5, t_des: 223.5, bed_util_ads: 0.457, bed_util_des: 0.453, des_th: 0.4533112684063528,frac_lost: 0.107, li_recovered:  70.282, time: 0.005104526999275549
L: 29.16, u_super: 0.00516 — INFEASIBLE (li_recovered=0.000e+00), time: 0.0013796149996778695
L: 0.50, u_super: 0.00288, sec: 154.852, prod: 0.064411, t_ads: 67.0, t_des: 61.0, bed_util_ads: 0.494, bed_util_des: 0.494, des_th: 0.4936328404548197,frac_lost: 0.102, li_recovered:  8.246, time: 0.004984924000382307
L: 0.50, u_super: 0.00323, sec: 174.333, prod: 0.072527, t_ads: 59.7, t_des: 55.0, bed_util_ads: 0.494, bed_util_des: 0.493, des_th: 0.4932492410217404,frac_lost: 0.102, li_recovered:  8.321, time: 0.005953701000180445
L: 0.50, u_super: 0.00340, sec: 184.576, prod: 0.075848, t_ads: 57.3, t_des: 50.5, bed_util_ads: 0.500, bed_util_des: 0.500, des_th: 0.4999592101903023,frac_lost: 0.108, li_recovered:  8.181, time: 0.005660128001181874
L: 0.50, u_super: 0.00543, sec: 299.622, prod: 0.122910, t_ads: 35.6, t_des: 32.4, bed_util_ads: 0.497, bed_util_des: 0.497, des_th: 0.4973072122569449,frac_lost: 0.100, li_recovered:  8.360, time: 0.004718248001154279
L: 0.50, u_super: 0.00621, sec: 362.308, prod: 0.134028, t_ads: 31.3, t_des: 33.4, bed_util_ads: 0.477, bed_util_des: 0.477, des_th: 0.4767449033367692,frac_lost: 0.101, li_recovered:  8.667, time: 0.005203970000366098
L: 0.50, u_super: 0.00712, sec: 401.805, prod: 0.160993, t_ads: 27.4, t_des: 25.0, bed_util_ads: 0.498, bed_util_des: 0.498, des_th: 0.49793448479324365,frac_lost: 0.107, li_recovered:  8.443, time: 0.0058521369992377
L: 5.33, u_super: 0.00990 — INFEASIBLE (li_recovered=0.000e+00), time: 0.005393211999034975
L: 0.50, u_super: 0.00439, sec: 239.874, prod: 0.098666, t_ads: 44.3, t_des: 39.6, bed_util_ads: 0.499, bed_util_des: 0.499, des_th: 0.49892652940604343,frac_lost: 0.104, li_recovered:  8.273, time: 0.004674926000006963
L: 0.50, u_super: 0.00259, sec: 139.846, prod: 0.057741, t_ads: 74.3, t_des: 71.1, bed_util_ads: 0.488, bed_util_des: 0.487, des_th: 0.4873444368671048,frac_lost: 0.102, li_recovered:  8.392, time: 0.005176595999728306
L: 0.50, u_super: 0.00334, sec: 180.962, prod: 0.074707, t_ads: 58.2, t_des: 52.1, bed_util_ads: 0.498, bed_util_des: 0.498, des_th: 0.49794505663322164,frac_lost: 0.107, li_recovered:  8.241, time: 0.004185850999419927
L: 0.50, u_super: 0.00148, sec: 81.631, prod: 0.031528, t_ads: 129.5, t_des: 107.7, bed_util_ads: 0.500, bed_util_des: 0.500, des_th: 0.4997621997250427,frac_lost: 0.106, li_recovered:  7.480, time: 0.0045290829984878656
L: 0.50, u_super: 0.00007, sec: 6.081, prod: 0.000941, t_ads: 2542.5, t_des: 4806.2, bed_util_ads: 0.264, bed_util_des: 0.197, des_th: 0.19700792401594178,frac_lost: 0.101, li_recovered:  6.912, time: 0.007022504998531076
L: 0.50, u_super: 0.00479, sec: 317.008, prod: 0.089404, t_ads: 40.5, t_des: 56.4, bed_util_ads: 0.443, bed_util_des: 0.442, des_th: 0.44215571713136337,frac_lost: 0.101, li_recovered:  8.663, time: 0.005417872000180068
L: 0.50, u_super: 0.00543, sec: 299.786, prod: 0.122842, t_ads: 35.7, t_des: 32.4, bed_util_ads: 0.498, bed_util_des: 0.498, des_th: 0.49830006756590967,frac_lost: 0.101, li_recovered:  8.358, time: 0.004728600000817096
L: 1.67, u_super: 0.00157 — INFEASIBLE (li_recovered=0.000e+00), time: 0.0029559660015365807
L: 0.50, u_super: 0.00094 — INFEASIBLE (li_recovered=0.000e+00), time: 0.00230673999976716
L: 0.50, u_super: 0.00046 — INFEASIBLE (li_recovered=0.000e+00), time: 0.0028736759995808825
L: 0.50, u_super: 0.00602, sec: 334.420, prod: 0.136203, t_ads: 32.2, t_des: 29.2, bed_util_ads: 0.498, bed_util_des: 0.498, des_th: 0.49775306069334696,frac_lost: 0.102, li_recovered:  8.368, time: 0.005010384000343038
L: 0.50, u_super: 0.00033, sec: 20.363, prod: 0.006053, t_ads: 539.9, t_des: 635.9, bed_util_ads: 0.417, bed_util_des: 0.408, des_th: 0.4087090252565522,frac_lost: 0.101, li_recovered:  7.117, time: 0.0050442870015103836
L: 0.50, u_super: 0.00216, sec: 116.805, prod: 0.047497, t_ads: 88.8, t_des: 77.0, bed_util_ads: 0.498, bed_util_des: 0.498, des_th: 0.49828420651493344,frac_lost: 0.101, li_recovered:  7.872, time: 0.004694531000495772
L: 0.50, u_super: 0.00166, sec: 104.010, prod: 0.031367, t_ads: 116.2, t_des: 153.6, bed_util_ads: 0.443, bed_util_des: 0.440, des_th: 0.44053570026766303,frac_lost: 0.106, li_recovered:  8.463, time: 0.0054810709989396855
L: 0.50, u_super: 0.00409, sec: 223.352, prod: 0.091892, t_ads: 47.5, t_des: 42.4, bed_util_ads: 0.498, bed_util_des: 0.498, des_th: 0.49824378936033,frac_lost: 0.106, li_recovered:  8.263, time: 0.004242114999215119
L: 0.50, u_super: 0.00378, sec: 205.900, prod: 0.084550, t_ads: 51.6, t_des: 45.5, bed_util_ads: 0.500, bed_util_des: 0.500, des_th: 0.49976848533640944,frac_lost: 0.108, li_recovered:  8.207, time: 0.0049555790010344936
L: 0.50, u_super: 0.00439, sec: 239.948, prod: 0.098611, t_ads: 44.4, t_des: 40.1, bed_util_ads: 0.498, bed_util_des: 0.497, des_th: 0.49744665156728946,frac_lost: 0.107, li_recovered:  8.335, time: 0.004479040000660461
L: 0.50, u_super: 0.00888, sec: 512.610, prod: 0.200853, t_ads: 22.0, t_des: 20.4, bed_util_ads: 0.497, bed_util_des: 0.497, des_th: 0.49692477226268306,frac_lost: 0.107, li_recovered:  8.528, time: 0.0048474109989911085
L: 0.50, u_super: 0.00411, sec: 223.970, prod: 0.092333, t_ads: 47.2, t_des: 42.2, bed_util_ads: 0.498, bed_util_des: 0.498, des_th: 0.49829113091206445,frac_lost: 0.104, li_recovered:  8.262, time: 0.004906909000055748
L: 0.50, u_super: 0.00203, sec: 109.415, prod: 0.044982, t_ads: 94.0, t_des: 83.6, bed_util_ads: 0.495, bed_util_des: 0.495, des_th: 0.49466774479377057,frac_lost: 0.100, li_recovered:  7.992, time: 0.00566775500010408
L: 0.50, u_super: 0.00823, sec: 471.175, prod: 0.186139, t_ads: 23.8, t_des: 21.3, bed_util_ads: 0.500, bed_util_des: 0.500, des_th: 0.49999707224526224,frac_lost: 0.108, li_recovered:  8.387, time: 0.0050308139998378465
L: 0.50, u_super: 0.00280, sec: 150.579, prod: 0.062641, t_ads: 68.8, t_des: 64.1, bed_util_ads: 0.492, bed_util_des: 0.492, des_th: 0.4917120984927595,frac_lost: 0.102, li_recovered:  8.328, time: 0.0040591319993836805
L: 0.50, u_super: 0.00351, sec: 194.763, prod: 0.076821, t_ads: 55.4, t_des: 56.2, bed_util_ads: 0.482, bed_util_des: 0.481, des_th: 0.48148052464447266,frac_lost: 0.106, li_recovered:  8.571, time: 0.004412950000187266
L: 0.50, u_super: 0.00072, sec: 50.296, prod: 0.012192, t_ads: 261.8, t_des: 408.4, bed_util_ads: 0.409, bed_util_des: 0.400, des_th: 0.4003343667780874,frac_lost: 0.105, li_recovered:  8.171, time: 0.005747373001213418
L: 0.50, u_super: 0.00733, sec: 414.657, prod: 0.165655, t_ads: 26.7, t_des: 24.5, bed_util_ads: 0.497, bed_util_des: 0.497, des_th: 0.49731955781640697,frac_lost: 0.107, li_recovered:  8.484, time: 0.0044313569997029845
L: 0.50, u_super: 0.00990, sec: 577.086, prod: 0.224336, t_ads: 19.8, t_des: 17.9, bed_util_ads: 0.500, bed_util_des: 0.499, des_th: 0.49942132725883337,frac_lost: 0.106, li_recovered:  8.448, time: 0.00957388599999831
L: 0.50, u_super: 0.00672, sec: 380.457, prod: 0.150693, t_ads: 28.8, t_des: 28.3, bed_util_ads: 0.489, bed_util_des: 0.488, des_th: 0.4884941484820064,frac_lost: 0.100, li_recovered:  8.606, time: 0.00530556599915144
L: 14.92, u_super: 0.00336 — INFEASIBLE (li_recovered=0.000e+00), time: 0.0015675649992772378
L: 0.50, u_super: 0.00057, sec: 34.256, prod: 0.011253, t_ads: 322.7, t_des: 371.6, bed_util_ads: 0.442, bed_util_des: 0.436, des_th: 0.43651845793196786,frac_lost: 0.106, li_recovered:  7.813, time: 0.005980363999697147
L: 0.50, u_super: 0.00340, sec: 184.244, prod: 0.075985, t_ads: 57.3, t_des: 51.1, bed_util_ads: 0.498, bed_util_des: 0.498, des_th: 0.4979414609106511,frac_lost: 0.108, li_recovered:  8.236, time: 0.005751497999881394
L: 0.50, u_super: 0.00297, sec: 160.209, prod: 0.066348, t_ads: 64.9, t_des: 57.8, bed_util_ads: 0.498, bed_util_des: 0.497, des_th: 0.49744665156728946,frac_lost: 0.102, li_recovered:  8.143, time: 0.005579107000812655
   287 |    11480 |     40 |  0.0026081264 |             f
L: 0.50, u_super: 0.00969, sec: 563.570, prod: 0.219638, t_ads: 20.2, t_des: 18.5, bed_util_ads: 0.498, bed_util_des: 0.497, des_th: 0.4974429935327674,frac_lost: 0.105, li_recovered:  8.498, time: 0.004887072000201442
L: 0.50, u_super: 0.00859, sec: 493.331, prod: 0.194286, t_ads: 22.8, t_des: 20.9, bed_util_ads: 0.498, bed_util_des: 0.498, des_th: 0.49772964085173466,frac_lost: 0.107, li_recovered:  8.498, time: 0.003977062000558362
L: 0.50, u_super: 0.00082 — INFEASIBLE (li_recovered=0.000e+00), time: 0.0040767489990685135
L: 0.50, u_super: 0.00373, sec: 202.628, prod: 0.083529, t_ads: 52.2, t_des: 46.6, bed_util_ads: 0.499, bed_util_des: 0.498, des_th: 0.49828420651493344,frac_lost: 0.107, li_recovered:  8.254, time: 0.006616962000407511
L: 0.50, u_super: 0.00822, sec: 482.741, prod: 0.180984, t_ads: 23.8, t_des: 24.1, bed_util_ads: 0.486, bed_util_des: 0.486, des_th: 0.4855848566355723,frac_lost: 0.107, li_recovered:  8.680, time: 0.004971535001459415
L: 0.50, u_super: 0.00033 — INFEASIBLE (li_recovered=0.000e+00), time: 0.002730610000071465
L: 0.50, u_super: 0.00543, sec: 300.059, prod: 0.122730, t_ads: 35.7, t_des: 31.9, bed_util_ads: 0.500, bed_util_des: 0.500, des_th: 0.4998138840551843,frac_lost: 0.101, li_recovered:  8.298, time: 0.004749253999762004
L: 0.50, u_super: 0.00654, sec: 460.188, prod: 0.117562, t_ads: 29.9, t_des: 44.1, bed_util_ads: 0.438, bed_util_des: 0.437, des_th: 0.43664904795919823,frac_lost: 0.107, li_recovered:  8.703, time: 0.005500391000168747
L: 0.50, u_super: 0.00602, sec: 334.426, prod: 0.136200, t_ads: 32.3, t_des: 29.6, bed_util_ads: 0.497, bed_util_des: 0.496, des_th: 0.49648682913589987,frac_lost: 0.102, li_recovered:  8.424, time: 0.005290162000164855
L: 0.50, u_super: 0.00756, sec: 427.684, prod: 0.171468, t_ads: 25.7, t_des: 23.2, bed_util_ads: 0.499, bed_util_des: 0.499, des_th: 0.4989783564777599,frac_lost: 0.101, li_recovered:  8.376, time: 0.0039896409998618765
L: 0.50, u_super: 0.00757, sec: 436.337, prod: 0.168652, t_ads: 25.9, t_des: 25.4, bed_util_ads: 0.489, bed_util_des: 0.488, des_th: 0.4882551461490078,frac_lost: 0.108, li_recovered:  8.643, time: 0.00688212099885277
L: 0.50, u_super: 0.00533, sec: 299.131, prod: 0.118105, t_ads: 36.8, t_des: 36.1, bed_util_ads: 0.488, bed_util_des: 0.488, des_th: 0.4877672374260713,frac_lost: 0.109, li_recovered:  8.611, time: 0.004538619999948423
L: 0.50, u_super: 0.00439, sec: 239.743, prod: 0.098720, t_ads: 44.3, t_des: 40.0, bed_util_ads: 0.497, bed_util_des: 0.497, des_th: 0.4972197825122425,frac_lost: 0.105, li_recovered:  8.330, time: 0.0077213889999256935
L: 0.50, u_super: 0.00075, sec: 49.458, prod: 0.013165, t_ads: 254.7, t_des: 364.4, bed_util_ads: 0.420, bed_util_des: 0.413, des_th: 0.41279911975879174,frac_lost: 0.108, li_recovered:  8.150, time: 0.0054073070004960755
L: 20.33, u_super: 0.00481 — INFEASIBLE (li_recovered=0.000e+00), time: 0.0017976830004045041
L: 0.50, u_super: 0.00146, sec: 85.815, prod: 0.029150, t_ads: 131.5, t_des: 156.1, bed_util_ads: 0.455, bed_util_des: 0.453, des_th: 0.4527360430057293,frac_lost: 0.103, li_recovered:  8.385, time: 0.0051699709983950015
L: 0.50, u_super: 0.00259, sec: 145.144, prod: 0.055634, t_ads: 74.3, t_des: 79.0, bed_util_ads: 0.474, bed_util_des: 0.473, des_th: 0.4730907153720928,frac_lost: 0.101, li_recovered:  8.525, time: 0.004847333999350667
L: 0.50, u_super: 0.00795, sec: 453.401, prod: 0.179905, t_ads: 24.6, t_des: 22.3, bed_util_ads: 0.499, bed_util_des: 0.498, des_th: 0.4984086772862085,frac_lost: 0.107, li_recovered:  8.439, time: 0.007899049998741248
L: 0.50, u_super: 0.00373, sec: 202.529, prod: 0.083534, t_ads: 52.2, t_des: 46.6, bed_util_ads: 0.498, bed_util_des: 0.498, des_th: 0.4976288267823517,frac_lost: 0.106, li_recovered:  8.250, time: 0.008181926001270767
L: 0.50, u_super: 0.00376, sec: 204.617, prod: 0.084196, t_ads: 51.7, t_des: 45.8, bed_util_ads: 0.499, bed_util_des: 0.499, des_th: 0.49881966183963944,frac_lost: 0.106, li_recovered:  8.207, time: 0.005623748000289197
L: 0.50, u_super: 0.00990, sec: 576.580, prod: 0.224590, t_ads: 19.7, t_des: 17.9, bed_util_ads: 0.500, bed_util_des: 0.499, des_th: 0.49942132725883337,frac_lost: 0.104, li_recovered:  8.448, time: 0.007587453999803984
L: 0.50, u_super: 0.00699, sec: 394.127, prod: 0.157627, t_ads: 28.1, t_des: 25.7, bed_util_ads: 0.498, bed_util_des: 0.498, des_th: 0.49776272599239063,frac_lost: 0.109, li_recovered:  8.479, time: 0.0063366459999087965
L: 0.50, u_super: 0.00782, sec: 549.290, prod: 0.143412, t_ads: 25.0, t_des: 35.7, bed_util_ads: 0.442, bed_util_des: 0.441, des_th: 0.4411115042227523,frac_lost: 0.107, li_recovered:  8.714, time: 0.006896249999044812
L: 0.50, u_super: 0.00163, sec: 89.507, prod: 0.035215, t_ads: 117.2, t_des: 98.9, bed_util_ads: 0.500, bed_util_des: 0.500, des_th: 0.49999707224526224,frac_lost: 0.105, li_recovered:  7.610, time: 0.005335402000127942
L: 0.50, u_super: 0.00454, sec: 248.510, prod: 0.102069, t_ads: 42.8, t_des: 40.0, bed_util_ads: 0.494, bed_util_des: 0.493, des_th: 0.493353129701912,frac_lost: 0.104, li_recovered:  8.459, time: 0.004795791001015459
L: 0.50, u_super: 0.00137, sec: 95.165, prod: 0.023325, t_ads: 140.9, t_des: 221.3, bed_util_ads: 0.419, bed_util_des: 0.414, des_th: 0.41431905089862053,frac_lost: 0.107, li_recovered:  8.449, time: 0.006385935999787762
L: 47.69, u_super: 0.00215 — INFEASIBLE (li_recovered=0.000e+00), time: 0.0011906670006283093
L: 8.87, u_super: 0.00599 — INFEASIBLE (li_recovered=0.000e+00), time: 0.0027273510004306445
L: 0.50, u_super: 0.00626, sec: 349.075, prod: 0.141524, t_ads: 31.1, t_des: 28.4, bed_util_ads: 0.498, bed_util_des: 0.498, des_th: 0.49807695782021316,frac_lost: 0.104, li_recovered:  8.418, time: 0.006015224998918711
L: 0.50, u_super: 0.00153, sec: 83.854, prod: 0.032818, t_ads: 125.3, t_des: 105.6, bed_util_ads: 0.498, bed_util_des: 0.498, des_th: 0.49797163523957866,frac_lost: 0.106, li_recovered:  7.578, time: 0.004567199999655713
L: 0.50, u_super: 0.00088 — INFEASIBLE (li_recovered=0.000e+00), time: 0.00409186300021247
L: 0.50, u_super: 0.00307, sec: 166.401, prod: 0.068644, t_ads: 62.6, t_des: 55.1, bed_util_ads: 0.498, bed_util_des: 0.498, des_th: 0.49828420651493344,frac_lost: 0.101, li_recovered:  8.084, time: 0.004585884998959955
L: 0.50, u_super: 0.00630, sec: 351.544, prod: 0.142560, t_ads: 30.8, t_des: 27.8, bed_util_ads: 0.499, bed_util_des: 0.499, des_th: 0.4990139587945253,frac_lost: 0.103, li_recovered:  8.365, time: 0.0053859690015087835
L: 23.31, u_super: 0.00323 — INFEASIBLE (li_recovered=0.000e+00), time: 0.001586815000337083
L: 0.50, u_super: 0.00733, sec: 426.194, prod: 0.161171, t_ads: 26.7, t_des: 27.1, bed_util_ads: 0.485, bed_util_des: 0.485, des_th: 0.48467913073413404,frac_lost: 0.109, li_recovered:  8.672, time: 0.006130281999503495
L: 0.50, u_super: 0.00984, sec: 572.814, prod: 0.223108, t_ads: 19.9, t_des: 18.0, bed_util_ads: 0.500, bed_util_des: 0.499, des_th: 0.49942132725883337,frac_lost: 0.105, li_recovered:  8.444, time: 0.004526572000031592
L: 0.50, u_super: 0.00005, sec: 4.324, prod: 0.000669, t_ads: 3437.3, t_des: 5863.3, bed_util_ads: 0.253, bed_util_des: 0.185, des_th: 0.1851696623157332,frac_lost: 0.103, li_recovered:  6.226, time: 0.005990113000734709
L: 0.50, u_super: 0.00921, sec: 532.699, prod: 0.208634, t_ads: 21.2, t_des: 19.2, bed_util_ads: 0.499, bed_util_des: 0.499, des_th: 0.4988942084093187,frac_lost: 0.106, li_recovered:  8.439, time: 0.005112094000651268
L: 0.50, u_super: 0.00137, sec: 75.736, prod: 0.029309, t_ads: 138.0, t_des: 116.0, bed_util_ads: 0.498, bed_util_des: 0.498, des_th: 0.49828420651493344,frac_lost: 0.101, li_recovered:  7.446, time: 0.0036663029986812035
L: 0.50, u_super: 0.00964, sec: 560.519, prod: 0.218424, t_ads: 20.3, t_des: 18.6, bed_util_ads: 0.498, bed_util_des: 0.498, des_th: 0.4979425072882903,frac_lost: 0.106, li_recovered:  8.493, time: 0.005218880000029458
   288 |    11520 |     40 |  0.0017055901 |             f
L: 0.50, u_super: 0.00082, sec: 46.748, prod: 0.016852, t_ads: 229.0, t_des: 248.4, bed_util_ads: 0.458, bed_util_des: 0.455, des_th: 0.45500906110467354,frac_lost: 0.104, li_recovered:  8.045, time: 0.004371297000034247
L: 0.50, u_super: 0.00756, sec: 445.883, prod: 0.164470, t_ads: 25.7, t_des: 27.1, bed_util_ads: 0.480, bed_util_des: 0.479, des_th: 0.47931131205238287,frac_lost: 0.101, li_recovered:  8.681, time: 0.004242158998749801
L: 38.62, u_super: 0.00351 — INFEASIBLE (li_recovered=0.000e+00), time: 0.0008616270006314153
L: 0.50, u_super: 0.00740, sec: 419.481, prod: 0.166867, t_ads: 26.2, t_des: 25.1, bed_util_ads: 0.492, bed_util_des: 0.492, des_th: 0.4916120460463552,frac_lost: 0.100, li_recovered:  8.571, time: 0.005286409001200809
L: 0.50, u_super: 0.00884, sec: 509.474, prod: 0.199987, t_ads: 22.2, t_des: 20.3, bed_util_ads: 0.498, bed_util_des: 0.498, des_th: 0.497867827111886,frac_lost: 0.108, li_recovered:  8.488, time: 0.00396070500028145
L: 0.50, u_super: 0.00013 — INFEASIBLE (li_recovered=0.000e+00), time: 0.001278206998904352
L: 0.50, u_super: 0.00757, sec: 429.809, prod: 0.171103, t_ads: 25.9, t_des: 23.7, bed_util_ads: 0.498, bed_util_des: 0.498, des_th: 0.49787892087757685,frac_lost: 0.108, li_recovered:  8.482, time: 0.005454767000628635
L: 30.04, u_super: 0.00753 — INFEASIBLE (li_recovered=0.000e+00), time: 0.0012855280001531355
L: 0.50, u_super: 0.00215, sec: 116.263, prod: 0.047645, t_ads: 89.7, t_des: 85.6, bed_util_ads: 0.486, bed_util_des: 0.486, des_th: 0.4855848566355723,frac_lost: 0.107, li_recovered:  8.348, time: 0.004959193000104278
L: 0.50, u_super: 0.00603, sec: 335.260, prod: 0.136561, t_ads: 32.1, t_des: 29.1, bed_util_ads: 0.498, bed_util_des: 0.498, des_th: 0.49775306069334696,frac_lost: 0.101, li_recovered:  8.369, time: 0.005238293000729755
L: 0.50, u_super: 0.00209, sec: 113.306, prod: 0.046072, t_ads: 92.4, t_des: 80.5, bed_util_ads: 0.499, bed_util_des: 0.498, des_th: 0.498587228328605,frac_lost: 0.108, li_recovered:  7.964, time: 0.004123983000681619
L: 0.50, u_super: 0.00990, sec: 577.105, prod: 0.224363, t_ads: 19.8, t_des: 17.9, bed_util_ads: 0.500, bed_util_des: 0.500, des_th: 0.49976386372362147,frac_lost: 0.106, li_recovered:  8.460, time: 0.005047064001701074
L: 0.50, u_super: 0.00479, sec: 308.150, prod: 0.091973, t_ads: 40.5, t_des: 53.6, bed_util_ads: 0.450, bed_util_des: 0.449, des_th: 0.44883903713783413,frac_lost: 0.101, li_recovered:  8.660, time: 0.00544796999929531
L: 18.79, u_super: 0.00741 — INFEASIBLE (li_recovered=0.000e+00), time: 0.002500747999874875
L: 0.50, u_super: 0.00288, sec: 155.872, prod: 0.064243, t_ads: 66.9, t_des: 58.9, bed_util_ads: 0.498, bed_util_des: 0.498, des_th: 0.49821725813361817,frac_lost: 0.102, li_recovered:  8.076, time: 0.005252869999821996
L: 0.50, u_super: 0.00543, sec: 299.622, prod: 0.122910, t_ads: 35.6, t_des: 32.4, bed_util_ads: 0.497, bed_util_des: 0.497, des_th: 0.4973072122569449,frac_lost: 0.100, li_recovered:  8.360, time: 0.005603888999758055
L: 0.50, u_super: 0.00033, sec: 19.852, prod: 0.006209, t_ads: 527.1, t_des: 525.5, bed_util_ads: 0.440, bed_util_des: 0.436, des_th: 0.4362822680585793,frac_lost: 0.102, li_recovered:  6.535, time: 0.005386705999626429
L: 36.59, u_super: 0.00665 — INFEASIBLE (li_recovered=0.000e+00), time: 0.0017226319996552775
L: 0.50, u_super: 0.00082, sec: 46.519, prod: 0.016935, t_ads: 226.3, t_des: 191.3, bed_util_ads: 0.488, bed_util_des: 0.488, des_th: 0.4881982549014265,frac_lost: 0.102, li_recovered:  7.072, time: 0.005317581000781502
L: 1.71, u_super: 0.00005 — INFEASIBLE (li_recovered=0.000e+00), time: 0.00273804599964933
L: 0.50, u_super: 0.00913, sec: 585.283, prod: 0.186530, t_ads: 21.4, t_des: 25.3, bed_util_ads: 0.465, bed_util_des: 0.465, des_th: 0.4650400223449396,frac_lost: 0.105, li_recovered:  8.714, time: 0.005002125000828528
L: 0.50, u_super: 0.00552, sec: 305.034, prod: 0.124851, t_ads: 35.1, t_des: 31.8, bed_util_ads: 0.497, bed_util_des: 0.497, des_th: 0.4972829504381118,frac_lost: 0.101, li_recovered:  8.360, time: 0.005203119999350747
L: 14.60, u_super: 0.00331 — INFEASIBLE (li_recovered=0.000e+00), time: 0.001244631999725243
L: 29.15, u_super: 0.00479 — INFEASIBLE (li_recovered=0.000e+00), time: 0.0016177210000023479
L: 0.50, u_super: 0.00255, sec: 137.412, prod: 0.056783, t_ads: 75.4, t_des: 72.3, bed_util_ads: 0.488, bed_util_des: 0.487, des_th: 0.4873444368671048,frac_lost: 0.101, li_recovered:  8.385, time: 0.004536112001005677
L: 0.50, u_super: 0.00921, sec: 532.011, prod: 0.208903, t_ads: 21.2, t_des: 19.2, bed_util_ads: 0.500, bed_util_des: 0.500, des_th: 0.49969622309619605,frac_lost: 0.104, li_recovered:  8.440, time: 0.004369209998912993
L: 0.50, u_super: 0.00166, sec: 90.622, prod: 0.036073, t_ads: 115.0, t_des: 98.3, bed_util_ads: 0.498, bed_util_des: 0.498, des_th: 0.49828420651493344,frac_lost: 0.103, li_recovered:  7.695, time: 0.003967135000493727
L: 0.50, u_super: 0.00794, sec: 461.049, prod: 0.176356, t_ads: 24.7, t_des: 24.4, bed_util_ads: 0.488, bed_util_des: 0.488, des_th: 0.48774101608694065,frac_lost: 0.107, li_recovered:  8.658, time: 0.004277668000213453
L: 44.07, u_super: 0.00873 — INFEASIBLE (li_recovered=0.000e+00), time: 0.00110801399932825
L: 0.50, u_super: 0.00729, sec: 413.019, prod: 0.164653, t_ads: 26.9, t_des: 24.6, bed_util_ads: 0.498, bed_util_des: 0.498, des_th: 0.49776272599239063,frac_lost: 0.109, li_recovered:  8.476, time: 0.005922074000409339
L: 0.50, u_super: 0.00602, sec: 334.286, prod: 0.136258, t_ads: 32.2, t_des: 29.6, bed_util_ads: 0.497, bed_util_des: 0.497, des_th: 0.49662231542258223,frac_lost: 0.101, li_recovered:  8.428, time: 0.005300683998939348
L: 0.50, u_super: 0.00664, sec: 386.790, prod: 0.144557, t_ads: 29.5, t_des: 30.6, bed_util_ads: 0.481, bed_util_des: 0.481, des_th: 0.48094278257325673,frac_lost: 0.107, li_recovered:  8.674, time: 0.004440509999767528
L: 0.50, u_super: 0.00785, sec: 447.120, prod: 0.177238, t_ads: 25.0, t_des: 22.9, bed_util_ads: 0.498, bed_util_des: 0.498, des_th: 0.49775021696135097,frac_lost: 0.109, li_recovered:  8.484, time: 0.004931505000058678
L: 2.91, u_super: 0.00651, sec: 2291.096, prod: 0.136211, t_ads: 169.0, t_des: 139.0, bed_util_ads: 0.498, bed_util_des: 0.498, des_th: 0.49771110634841004,frac_lost: 0.106, li_recovered:  41.958, time: 0.004198099000859656
L: 0.50, u_super: 0.00137, sec: 74.261, prod: 0.029891, t_ads: 139.3, t_des: 134.4, bed_util_ads: 0.480, bed_util_des: 0.479, des_th: 0.4793124865131884,frac_lost: 0.106, li_recovered:  8.180, time: 0.006993122999119805
L: 0.50, u_super: 0.00005, sec: 4.333, prod: 0.000668, t_ads: 3369.1, t_des: 5654.3, bed_util_ads: 0.253, bed_util_des: 0.188, des_th: 0.1883773177460036,frac_lost: 0.101, li_recovered:  6.029, time: 0.0060519689995999215
L: 0.50, u_super: 0.00284, sec: 169.308, prod: 0.057242, t_ads: 68.5, t_des: 81.3, bed_util_ads: 0.461, bed_util_des: 0.460, des_th: 0.4597801483860016,frac_lost: 0.107, li_recovered:  8.579, time: 0.006190377000166336
L: 0.50, u_super: 0.00859, sec: 492.577, prod: 0.194583, t_ads: 22.7, t_des: 20.7, bed_util_ads: 0.498, bed_util_des: 0.498, des_th: 0.49786219957598427,frac_lost: 0.105, li_recovered:  8.447, time: 0.004199936000077287
L: 0.50, u_super: 0.00448, sec: 245.354, prod: 0.100607, t_ads: 43.5, t_des: 40.7, bed_util_ads: 0.494, bed_util_des: 0.493, des_th: 0.493353129701912,frac_lost: 0.106, li_recovered:  8.468, time: 0.006125398000222049
L: 0.50, u_super: 0.00762, sec: 431.441, prod: 0.172794, t_ads: 25.5, t_des: 23.0, bed_util_ads: 0.499, bed_util_des: 0.499, des_th: 0.4989952916087896,frac_lost: 0.101, li_recovered:  8.386, time: 0.004812684999706107
   289 |    11560 |     40 |  0.0029047528 |             f
L: 0.50, u_super: 0.00763, sec: 438.059, prod: 0.170538, t_ads: 25.6, t_des: 25.0, bed_util_ads: 0.490, bed_util_des: 0.490, des_th: 0.48997875019121706,frac_lost: 0.106, li_recovered:  8.629, time: 0.006443193999075447
L: 4.92, u_super: 0.00259 — INFEASIBLE (li_recovered=0.000e+00), time: 0.0031338279986812267
L: 0.50, u_super: 0.00694, sec: 391.337, prod: 0.156642, t_ads: 28.3, t_des: 25.6, bed_util_ads: 0.498, bed_util_des: 0.498, des_th: 0.49793448479324365,frac_lost: 0.109, li_recovered:  8.440, time: 0.006838840001364588
L: 0.50, u_super: 0.00987, sec: 586.098, prod: 0.219673, t_ads: 19.8, t_des: 19.7, bed_util_ads: 0.488, bed_util_des: 0.488, des_th: 0.4875376278538222,frac_lost: 0.104, li_recovered:  8.673, time: 0.005192055001316476
L: 0.50, u_super: 0.00533, sec: 342.317, prod: 0.103303, t_ads: 36.5, t_des: 47.4, bed_util_ads: 0.453, bed_util_des: 0.452, des_th: 0.45176886131906957,frac_lost: 0.103, li_recovered:  8.673, time: 0.011084043000664678
L: 0.50, u_super: 0.00921, sec: 539.997, prod: 0.205814, t_ads: 21.2, t_des: 20.8, bed_util_ads: 0.489, bed_util_des: 0.489, des_th: 0.48896499518036185,frac_lost: 0.105, li_recovered:  8.652, time: 0.0067623300001287134
L: 0.50, u_super: 0.00858, sec: 492.449, prod: 0.194424, t_ads: 22.7, t_des: 20.9, bed_util_ads: 0.498, bed_util_des: 0.498, des_th: 0.49771110634841004,frac_lost: 0.105, li_recovered:  8.486, time: 0.007412949998979457
L: 18.86, u_super: 0.00097 — INFEASIBLE (li_recovered=0.000e+00), time: 0.0014010340000822907
L: 0.50, u_super: 0.00903, sec: 520.778, prod: 0.204434, t_ads: 21.7, t_des: 19.9, bed_util_ads: 0.498, bed_util_des: 0.498, des_th: 0.4979340819836963,frac_lost: 0.106, li_recovered:  8.493, time: 0.006373316000463092
L: 0.50, u_super: 0.00323, sec: 174.757, prod: 0.072300, t_ads: 60.1, t_des: 54.4, bed_util_ads: 0.496, bed_util_des: 0.495, des_th: 0.49542654592997676,frac_lost: 0.107, li_recovered:  8.281, time: 0.006120973999713897
L: 0.50, u_super: 0.00005 — INFEASIBLE (li_recovered=0.000e+00), time: 0.0012042769994877744
L: 0.50, u_super: 0.00573, sec: 321.171, prod: 0.128117, t_ads: 33.8, t_des: 33.3, bed_util_ads: 0.488, bed_util_des: 0.487, des_th: 0.487441957955811,frac_lost: 0.101, li_recovered:  8.596, time: 0.0042906199996650685
L: 5.49, u_super: 0.00990 — INFEASIBLE (li_recovered=0.000e+00), time: 0.0025811639989115065
L: 14.25, u_super: 0.00195 — INFEASIBLE (li_recovered=0.000e+00), time: 0.0016548830008105142
L: 0.50, u_super: 0.00162, sec: 87.211, prod: 0.035706, t_ads: 118.0, t_des: 111.2, bed_util_ads: 0.487, bed_util_des: 0.486, des_th: 0.48586059780855506,frac_lost: 0.104, li_recovered:  8.182, time: 0.005609361000097124
L: 0.50, u_super: 0.00807, sec: 460.595, prod: 0.182585, t_ads: 24.2, t_des: 22.2, bed_util_ads: 0.498, bed_util_des: 0.498, des_th: 0.49771110634841004,frac_lost: 0.106, li_recovered:  8.483, time: 0.005364035001548473
L: 0.50, u_super: 0.00972, sec: 565.091, prod: 0.220430, t_ads: 20.1, t_des: 18.5, bed_util_ads: 0.498, bed_util_des: 0.498, des_th: 0.49760465344729937,frac_lost: 0.104, li_recovered:  8.498, time: 0.005832708000525599
L: 0.50, u_super: 0.00839, sec: 480.852, prod: 0.189611, t_ads: 23.4, t_des: 21.4, bed_util_ads: 0.498, bed_util_des: 0.498, des_th: 0.49781230643925173,frac_lost: 0.108, li_recovered:  8.484, time: 0.004022494000309962
L: 0.50, u_super: 0.00693, sec: 395.605, prod: 0.154361, t_ads: 28.2, t_des: 27.7, bed_util_ads: 0.488, bed_util_des: 0.488, des_th: 0.488158644943006,frac_lost: 0.106, li_recovered:  8.632, time: 0.00550658100110013
L: 24.06, u_super: 0.00092 — INFEASIBLE (li_recovered=0.000e+00), time: 0.0008292239999718731
L: 0.50, u_super: 0.00030, sec: 55.103, prod: 0.001877, t_ads: 666.9, t_des: 3986.0, bed_util_ads: 0.239, bed_util_des: 0.186, des_th: 0.18588682033855755,frac_lost: 0.104, li_recovered:  8.735, time: 0.014570474999345606
L: 0.50, u_super: 0.00378, sec: 205.835, prod: 0.084577, t_ads: 51.5, t_des: 45.5, bed_util_ads: 0.500, bed_util_des: 0.500, des_th: 0.49993402564919687,frac_lost: 0.107, li_recovered:  8.206, time: 0.004288800000722404
L: 0.50, u_super: 0.00227, sec: 123.247, prod: 0.050157, t_ads: 84.8, t_des: 73.6, bed_util_ads: 0.499, bed_util_des: 0.499, des_th: 0.49918341680293027,frac_lost: 0.106, li_recovered:  7.945, time: 0.004065815001013107
L: 0.50, u_super: 0.00479, sec: 262.917, prod: 0.107684, t_ads: 40.5, t_des: 38.4, bed_util_ads: 0.492, bed_util_des: 0.491, des_th: 0.4913438918653577,frac_lost: 0.102, li_recovered:  8.495, time: 0.003731183000127203
L: 0.50, u_super: 0.00082, sec: 47.127, prod: 0.016717, t_ads: 228.6, t_des: 253.3, bed_util_ads: 0.455, bed_util_des: 0.452, des_th: 0.4520454504427458,frac_lost: 0.102, li_recovered:  8.055, time: 0.0038367680008377647
L: 0.50, u_super: 0.00652, sec: 365.464, prod: 0.147000, t_ads: 30.1, t_des: 27.3, bed_util_ads: 0.498, bed_util_des: 0.498, des_th: 0.49786219957598427,frac_lost: 0.109, li_recovered:  8.430, time: 0.003733252000529319
L: 0.50, u_super: 0.00077, sec: 46.525, prod: 0.015036, t_ads: 242.1, t_des: 293.9, bed_util_ads: 0.441, bed_util_des: 0.437, des_th: 0.4366616486230586,frac_lost: 0.101, li_recovered:  8.059, time: 0.0039284419999603415
L: 0.50, u_super: 0.00711, sec: 400.867, prod: 0.160631, t_ads: 27.5, t_des: 25.0, bed_util_ads: 0.498, bed_util_des: 0.498, des_th: 0.4979429100978377,frac_lost: 0.107, li_recovered:  8.430, time: 0.0036487690013018437
L: 0.50, u_super: 0.00351, sec: 194.652, prod: 0.076915, t_ads: 55.4, t_des: 56.0, bed_util_ads: 0.482, bed_util_des: 0.481, des_th: 0.48148052464447266,frac_lost: 0.106, li_recovered:  8.568, time: 0.004409537999890745
L: 0.50, u_super: 0.00076, sec: 252.533, prod: 0.002682, t_ads: 259.3, t_des: 3028.1, bed_util_ads: 0.202, bed_util_des: 0.173, des_th: 0.17266378444317632,frac_lost: 0.101, li_recovered:  8.816, time: 0.023520856000686763
L: 0.50, u_super: 0.00137, sec: 75.553, prod: 0.029380, t_ads: 139.4, t_des: 117.7, bed_util_ads: 0.498, bed_util_des: 0.498, des_th: 0.49815459774624876,frac_lost: 0.108, li_recovered:  7.555, time: 0.004360656001153984
L: 0.50, u_super: 0.00288, sec: 155.586, prod: 0.064071, t_ads: 67.0, t_des: 58.9, bed_util_ads: 0.499, bed_util_des: 0.499, des_th: 0.49861466618247674,frac_lost: 0.103, li_recovered:  8.073, time: 0.0036967119995097164
L: 0.50, u_super: 0.00859, sec: 491.442, prod: 0.195033, t_ads: 22.6, t_des: 20.6, bed_util_ads: 0.498, bed_util_des: 0.498, des_th: 0.49758491852473224,frac_lost: 0.100, li_recovered:  8.435, time: 0.005042307999246987
L: 0.50, u_super: 0.00693, sec: 389.127, prod: 0.157038, t_ads: 28.0, t_des: 25.3, bed_util_ads: 0.499, bed_util_des: 0.499, des_th: 0.4990769031272695,frac_lost: 0.101, li_recovered:  8.368, time: 0.004612679000274511
L: 0.50, u_super: 0.00788, sec: 449.164, prod: 0.177832, t_ads: 24.9, t_des: 23.1, bed_util_ads: 0.497, bed_util_des: 0.496, des_th: 0.49639545867169227,frac_lost: 0.108, li_recovered:  8.525, time: 0.0049571869985811645
L: 0.50, u_super: 0.00550, sec: 303.778, prod: 0.124479, t_ads: 35.2, t_des: 31.9, bed_util_ads: 0.498, bed_util_des: 0.498, des_th: 0.497732707902101,frac_lost: 0.101, li_recovered:  8.358, time: 0.007045129999823985
L: 0.50, u_super: 0.00389, sec: 213.043, prod: 0.086553, t_ads: 50.1, t_des: 48.4, bed_util_ads: 0.489, bed_util_des: 0.488, des_th: 0.4883313990241146,frac_lost: 0.106, li_recovered:  8.526, time: 0.005109955998705118
L: 0.50, u_super: 0.00265, sec: 143.046, prod: 0.058757, t_ads: 73.0, t_des: 64.0, bed_util_ads: 0.498, bed_util_des: 0.498, des_th: 0.49775021696135097,frac_lost: 0.104, li_recovered:  8.052, time: 0.004583263000313309
L: 4.23, u_super: 0.00965, sec: 4993.691, prod: 0.207999, t_ads: 166.2, t_des: 147.8, bed_util_ads: 0.489, bed_util_des: 0.488, des_th: 0.488261481772519,frac_lost: 0.105, li_recovered:  65.318, time: 0.003945514999941224
L: 0.50, u_super: 0.00879, sec: 515.263, prod: 0.195272, t_ads: 22.3, t_des: 22.1, bed_util_ads: 0.488, bed_util_des: 0.487, des_th: 0.4873444368671048,frac_lost: 0.106, li_recovered:  8.666, time: 0.005372059998990153
   290 |    11600 |     40 |  0.0022523081 |             f
L: 1.64, u_super: 0.00157, sec: 314.172, prod: 0.030465, t_ads: 369.2, t_des: 316.3, bed_util_ads: 0.473, bed_util_des: 0.472, des_th: 0.47257758169214764,frac_lost: 0.100, li_recovered:  20.884, time: 0.004683076000219444
L: 1.55, u_super: 0.00814, sec: 1468.915, prod: 0.180171, t_ads: 73.3, t_des: 63.6, bed_util_ads: 0.500, bed_util_des: 0.500, des_th: 0.49999715028066344,frac_lost: 0.103, li_recovered:  24.668, time: 0.006922832000782364
L: 51.67, u_super: 0.00859 — INFEASIBLE (li_recovered=0.000e+00), time: 0.0019258110005466733
L: 0.50, u_super: 0.00943, sec: 546.180, prod: 0.213812, t_ads: 20.7, t_des: 19.0, bed_util_ads: 0.498, bed_util_des: 0.498, des_th: 0.4979425072882903,frac_lost: 0.104, li_recovered:  8.488, time: 0.004299543999877642
L: 0.50, u_super: 0.00739, sec: 479.645, prod: 0.145512, t_ads: 26.5, t_des: 33.3, bed_util_ads: 0.458, bed_util_des: 0.458, des_th: 0.4576720941823949,frac_lost: 0.107, li_recovered:  8.705, time: 0.008089375000054133
L: 0.50, u_super: 0.00333, sec: 182.829, prod: 0.073736, t_ads: 58.4, t_des: 57.3, bed_util_ads: 0.486, bed_util_des: 0.485, des_th: 0.48536527606653035,frac_lost: 0.107, li_recovered:  8.526, time: 0.006318105999525869
L: 0.50, u_super: 0.00672, sec: 378.111, prod: 0.151701, t_ads: 28.8, t_des: 27.6, bed_util_ads: 0.492, bed_util_des: 0.492, des_th: 0.49176013272411656,frac_lost: 0.100, li_recovered:  8.557, time: 0.004860054999880958
L: 0.50, u_super: 0.00602, sec: 1878.692, prod: 0.024245, t_ads: 32.6, t_des: 329.3, bed_util_ads: 0.229, bed_util_des: 0.225, des_th: 0.22483972004286895,frac_lost: 0.105, li_recovered:  8.773, time: 0.025841606000540196
L: 0.50, u_super: 0.00096 — INFEASIBLE (li_recovered=0.000e+00), time: 0.002619611999762128
L: 0.50, u_super: 0.00797, sec: 2395.653, prod: 0.034195, t_ads: 24.7, t_des: 231.9, bed_util_ads: 0.236, bed_util_des: 0.233, des_th: 0.23288793573560157,frac_lost: 0.107, li_recovered:  8.776, time: 0.025898589999997057
L: 0.50, u_super: 0.00206, sec: 111.890, prod: 0.045032, t_ads: 93.0, t_des: 79.6, bed_util_ads: 0.499, bed_util_des: 0.499, des_th: 0.49918594261931243,frac_lost: 0.101, li_recovered:  7.769, time: 0.004393711000375333
L: 0.50, u_super: 0.00811, sec: 469.888, prod: 0.180816, t_ads: 24.1, t_des: 23.7, bed_util_ads: 0.489, bed_util_des: 0.488, des_th: 0.48840112672212566,frac_lost: 0.106, li_recovered:  8.647, time: 0.004935474999001599
L: 0.50, u_super: 0.00351, sec: 190.356, prod: 0.078650, t_ads: 55.4, t_des: 51.3, bed_util_ads: 0.493, bed_util_des: 0.493, des_th: 0.49299102881422663,frac_lost: 0.106, li_recovered:  8.389, time: 0.006173080000735354
L: 0.50, u_super: 0.00455, sec: 248.913, prod: 0.102301, t_ads: 42.8, t_des: 38.6, bed_util_ads: 0.498, bed_util_des: 0.497, des_th: 0.4974363955748715,frac_lost: 0.106, li_recovered:  8.326, time: 0.0055711539989715675
L: 0.50, u_super: 0.00990, sec: 577.072, prod: 0.224398, t_ads: 19.7, t_des: 18.2, bed_util_ads: 0.498, bed_util_des: 0.498, des_th: 0.49771495446487773,frac_lost: 0.105, li_recovered:  8.503, time: 0.006074764000004507
L: 0.50, u_super: 0.00390, sec: 211.829, prod: 0.087571, t_ads: 49.8, t_des: 45.0, bed_util_ads: 0.497, bed_util_des: 0.497, des_th: 0.4972197825122425,frac_lost: 0.104, li_recovered:  8.300, time: 0.00516837699979078
L: 0.50, u_super: 0.00454, sec: 248.510, prod: 0.102069, t_ads: 42.8, t_des: 40.0, bed_util_ads: 0.494, bed_util_des: 0.493, des_th: 0.493353129701912,frac_lost: 0.104, li_recovered:  8.459, time: 0.005981181000606739
L: 0.50, u_super: 0.00312, sec: 206.501, prod: 0.056963, t_ads: 62.2, t_des: 89.0, bed_util_ads: 0.438, bed_util_des: 0.436, des_th: 0.4362822680585793,frac_lost: 0.103, li_recovered:  8.613, time: 0.007656865998797002
L: 0.50, u_super: 0.00156, sec: 84.176, prod: 0.034351, t_ads: 122.5, t_des: 115.1, bed_util_ads: 0.486, bed_util_des: 0.485, des_th: 0.4846804940329228,frac_lost: 0.105, li_recovered:  8.160, time: 0.006391506998625118
L: 0.50, u_super: 0.00154, sec: 83.361, prod: 0.033531, t_ads: 124.3, t_des: 122.6, bed_util_ads: 0.480, bed_util_des: 0.479, des_th: 0.47907310126725455,frac_lost: 0.103, li_recovered:  8.279, time: 0.005765722000433016
L: 0.50, u_super: 0.00990, sec: 576.726, prod: 0.224532, t_ads: 19.7, t_des: 17.9, bed_util_ads: 0.500, bed_util_des: 0.499, des_th: 0.49942132725883337,frac_lost: 0.105, li_recovered:  8.438, time: 0.006563398999787751
L: 28.47, u_super: 0.00762 — INFEASIBLE (li_recovered=0.000e+00), time: 0.0021548300010181265
L: 0.50, u_super: 0.00256, sec: 137.424, prod: 0.057085, t_ads: 75.3, t_des: 68.7, bed_util_ads: 0.494, bed_util_des: 0.493, des_th: 0.4932492410217404,frac_lost: 0.103, li_recovered:  8.221, time: 0.0055673389997537015
L: 0.50, u_super: 0.00464, sec: 254.505, prod: 0.104336, t_ads: 42.0, t_des: 39.2, bed_util_ads: 0.494, bed_util_des: 0.493, des_th: 0.493353129701912,frac_lost: 0.105, li_recovered:  8.465, time: 0.007438657999955467
L: 0.50, u_super: 0.00691, sec: 389.950, prod: 0.155808, t_ads: 28.3, t_des: 26.3, bed_util_ads: 0.495, bed_util_des: 0.495, des_th: 0.4948373947673393,frac_lost: 0.108, li_recovered:  8.518, time: 0.005216071998802363
L: 0.78, u_super: 0.00532, sec: 468.175, prod: 0.118232, t_ads: 57.4, t_des: 55.4, bed_util_ads: 0.489, bed_util_des: 0.488, des_th: 0.48849723739261297,frac_lost: 0.109, li_recovered:  13.335, time: 0.011286005999863846
L: 0.50, u_super: 0.00005 — INFEASIBLE (li_recovered=0.000e+00), time: 0.0015150870003708405
L: 0.50, u_super: 0.00697, sec: 398.365, prod: 0.155164, t_ads: 28.1, t_des: 27.6, bed_util_ads: 0.489, bed_util_des: 0.488, des_th: 0.4883313990241146,frac_lost: 0.107, li_recovered:  8.635, time: 0.006378538999342709
L: 0.50, u_super: 0.00091, sec: 54.946, prod: 0.017483, t_ads: 209.5, t_des: 258.4, bed_util_ads: 0.443, bed_util_des: 0.438, des_th: 0.4382626421200965,frac_lost: 0.105, li_recovered:  8.180, time: 0.006767346001652186
L: 0.50, u_super: 0.00651, sec: 370.399, prod: 0.144838, t_ads: 29.8, t_des: 29.8, bed_util_ads: 0.486, bed_util_des: 0.486, des_th: 0.4860839539473392,frac_lost: 0.100, li_recovered:  8.632, time: 0.006099742000515107
L: 0.50, u_super: 0.00519, sec: 286.406, prod: 0.116892, t_ads: 37.4, t_des: 33.1, bed_util_ads: 0.500, bed_util_des: 0.500, des_th: 0.49999156734617733,frac_lost: 0.103, li_recovered:  8.241, time: 0.0048422410000057425
L: 0.50, u_super: 0.00137, sec: 75.407, prod: 0.029437, t_ads: 139.4, t_des: 142.2, bed_util_ads: 0.475, bed_util_des: 0.473, des_th: 0.4732654635191163,frac_lost: 0.106, li_recovered:  8.289, time: 0.005173727000510553
L: 0.50, u_super: 0.00106, sec: 58.270, prod: 0.022771, t_ads: 176.9, t_des: 156.2, bed_util_ads: 0.489, bed_util_des: 0.488, des_th: 0.4883313990241146,frac_lost: 0.102, li_recovered:  7.584, time: 0.004835267000089516
L: 0.50, u_super: 0.00553, sec: 305.511, prod: 0.124913, t_ads: 35.0, t_des: 31.4, bed_util_ads: 0.500, bed_util_des: 0.499, des_th: 0.49944923625988913,frac_lost: 0.101, li_recovered:  8.300, time: 0.00441520900130854
L: 0.50, u_super: 0.00978, sec: 690.315, prod: 0.182827, t_ads: 19.9, t_des: 27.8, bed_util_ads: 0.445, bed_util_des: 0.445, des_th: 0.4448483804098325,frac_lost: 0.102, li_recovered:  8.721, time: 0.006537510000271141
L: 0.50, u_super: 0.00642, sec: 358.545, prod: 0.145398, t_ads: 30.2, t_des: 27.4, bed_util_ads: 0.499, bed_util_des: 0.499, des_th: 0.4985390693197055,frac_lost: 0.102, li_recovered:  8.377, time: 0.0055359950001729885
L: 0.50, u_super: 0.00044 — INFEASIBLE (li_recovered=0.000e+00), time: 0.004379683001388912
L: 0.50, u_super: 0.00703, sec: 396.534, prod: 0.158613, t_ads: 27.9, t_des: 25.3, bed_util_ads: 0.500, bed_util_des: 0.500, des_th: 0.4996810714064414,frac_lost: 0.109, li_recovered:  8.436, time: 0.004964247000316391
L: 0.50, u_super: 0.00964, sec: 576.274, prod: 0.212452, t_ads: 20.3, t_des: 20.6, bed_util_ads: 0.484, bed_util_des: 0.484, des_th: 0.48394104971974544,frac_lost: 0.105, li_recovered:  8.691, time: 0.006168785999761894
L: 0.50, u_super: 0.00317, sec: 171.108, prod: 0.071143, t_ads: 60.9, t_des: 56.1, bed_util_ads: 0.494, bed_util_des: 0.493, des_th: 0.4932492410217404,frac_lost: 0.102, li_recovered:  8.322, time: 0.007191852999312687
   291 |    11640 |     40 |  0.0052015998 |             f
L: 0.50, u_super: 0.00853, sec: 490.081, prod: 0.192996, t_ads: 23.0, t_des: 21.0, bed_util_ads: 0.498, bed_util_des: 0.498, des_th: 0.49775021696135097,frac_lost: 0.108, li_recovered:  8.489, time: 0.00660223699924245
L: 35.89, u_super: 0.00969 — INFEASIBLE (li_recovered=0.000e+00), time: 0.0030614150000474183
L: 0.50, u_super: 0.00793, sec: 454.804, prod: 0.178266, t_ads: 24.7, t_des: 23.5, bed_util_ads: 0.493, bed_util_des: 0.493, des_th: 0.49308173713702874,frac_lost: 0.109, li_recovered:  8.591, time: 0.009925112999553676
L: 0.50, u_super: 0.00610, sec: 426.794, prod: 0.109529, t_ads: 32.1, t_des: 47.3, bed_util_ads: 0.437, bed_util_des: 0.436, des_th: 0.4362822680585793,frac_lost: 0.107, li_recovered:  8.698, time: 0.00769953000053647
L: 0.50, u_super: 0.00961, sec: 5024.252, prod: 0.024177, t_ads: 20.4, t_des: 342.7, bed_util_ads: 0.188, bed_util_des: 0.185, des_th: 0.1851696623157332,frac_lost: 0.104, li_recovered:  8.780, time: 0.06032458099980431
L: 0.50, u_super: 0.00921, sec: 532.592, prod: 0.208675, t_ads: 21.2, t_des: 19.6, bed_util_ads: 0.497, bed_util_des: 0.497, des_th: 0.49670278628309195,frac_lost: 0.104, li_recovered:  8.519, time: 0.011817733000498265
L: 0.50, u_super: 0.00920, sec: 532.158, prod: 0.208524, t_ads: 21.2, t_des: 19.1, bed_util_ads: 0.500, bed_util_des: 0.500, des_th: 0.49999156734617733,frac_lost: 0.105, li_recovered:  8.402, time: 0.008025672999792732
L: 0.50, u_super: 0.00813, sec: 464.345, prod: 0.183770, t_ads: 24.1, t_des: 22.1, bed_util_ads: 0.498, bed_util_des: 0.498, des_th: 0.49775021696135097,frac_lost: 0.107, li_recovered:  8.489, time: 0.006900848000441329
L: 0.50, u_super: 0.00543, sec: 299.857, prod: 0.122589, t_ads: 35.7, t_des: 32.0, bed_util_ads: 0.500, bed_util_des: 0.499, des_th: 0.49951800175520605,frac_lost: 0.102, li_recovered:  8.302, time: 0.004957580000336748
L: 0.50, u_super: 0.00972, sec: 606.794, prod: 0.205280, t_ads: 20.1, t_des: 22.4, bed_util_ads: 0.473, bed_util_des: 0.473, des_th: 0.47277901746737655,frac_lost: 0.104, li_recovered:  8.713, time: 0.006713860000672867
L: 10.69, u_super: 0.00711 — INFEASIBLE (li_recovered=0.000e+00), time: 0.0041350299998157425
L: 0.50, u_super: 0.00119, sec: 64.662, prod: 0.025958, t_ads: 159.1, t_des: 149.5, bed_util_ads: 0.483, bed_util_des: 0.481, des_th: 0.48150124407088374,frac_lost: 0.105, li_recovered:  8.010, time: 0.005258090999632259
L: 0.50, u_super: 0.00952, sec: 553.599, prod: 0.215150, t_ads: 20.5, t_des: 19.3, bed_util_ads: 0.496, bed_util_des: 0.496, des_th: 0.4955686853094152,frac_lost: 0.105, li_recovered:  8.564, time: 0.006893212999784737
L: 0.50, u_super: 0.00244, sec: 131.929, prod: 0.053830, t_ads: 79.2, t_des: 68.8, bed_util_ads: 0.499, bed_util_des: 0.499, des_th: 0.49918341680293027,frac_lost: 0.105, li_recovered:  7.967, time: 0.0044445650000852766
L: 0.50, u_super: 0.00064 — INFEASIBLE (li_recovered=0.000e+00), time: 0.005346812000425416
L: 0.50, u_super: 0.00033 — INFEASIBLE (li_recovered=0.000e+00), time: 0.0026207660012005363
L: 0.50, u_super: 0.00026 — INFEASIBLE (li_recovered=0.000e+00), time: 0.0024124040010065073
L: 0.50, u_super: 0.00668, sec: 375.055, prod: 0.150731, t_ads: 29.3, t_des: 26.2, bed_util_ads: 0.499, bed_util_des: 0.499, des_th: 0.4992373975592732,frac_lost: 0.108, li_recovered:  8.373, time: 0.008111461000225972
L: 0.50, u_super: 0.00923, sec: 533.942, prod: 0.209018, t_ads: 21.2, t_des: 19.2, bed_util_ads: 0.500, bed_util_des: 0.500, des_th: 0.49969622309619605,frac_lost: 0.107, li_recovered:  8.446, time: 0.008146853999278392
L: 31.32, u_super: 0.00133 — INFEASIBLE (li_recovered=0.000e+00), time: 0.0014534170004480984
L: 0.50, u_super: 0.00410, sec: 223.239, prod: 0.092126, t_ads: 47.4, t_des: 42.9, bed_util_ads: 0.498, bed_util_des: 0.498, des_th: 0.49758491852473224,frac_lost: 0.105, li_recovered:  8.322, time: 0.007109979000233579
L: 11.74, u_super: 0.00327 — INFEASIBLE (li_recovered=0.000e+00), time: 0.0022088999994593905
L: 15.38, u_super: 0.00036 — INFEASIBLE (li_recovered=0.000e+00), time: 0.0017547970001032809
L: 0.50, u_super: 0.00034 — INFEASIBLE (li_recovered=0.000e+00), time: 0.0038133769994601607
L: 3.92, u_super: 0.00251 — INFEASIBLE (li_recovered=0.000e+00), time: 0.003476358999250806
L: 0.50, u_super: 0.00298, sec: 168.369, prod: 0.063652, t_ads: 65.2, t_des: 69.4, bed_util_ads: 0.475, bed_util_des: 0.475, des_th: 0.4746068732430526,frac_lost: 0.107, li_recovered:  8.568, time: 0.01110765200064634
L: 34.47, u_super: 0.00541 — INFEASIBLE (li_recovered=0.000e+00), time: 0.0016679039999871748
L: 0.50, u_super: 0.00747, sec: 422.883, prod: 0.168875, t_ads: 26.2, t_des: 23.5, bed_util_ads: 0.499, bed_util_des: 0.499, des_th: 0.4991564400344421,frac_lost: 0.106, li_recovered:  8.387, time: 0.008126999000523938
L: 0.50, u_super: 0.00711, sec: 451.078, prod: 0.143060, t_ads: 27.5, t_des: 33.3, bed_util_ads: 0.462, bed_util_des: 0.462, des_th: 0.4615599000652755,frac_lost: 0.105, li_recovered:  8.698, time: 0.013900736999858054
L: 0.50, u_super: 0.00859, sec: 492.969, prod: 0.194428, t_ads: 22.8, t_des: 20.9, bed_util_ads: 0.498, bed_util_des: 0.498, des_th: 0.4982064546590745,frac_lost: 0.106, li_recovered:  8.486, time: 0.008600678000220796
L: 0.50, u_super: 0.00762, sec: 431.171, prod: 0.172902, t_ads: 25.4, t_des: 23.0, bed_util_ads: 0.500, bed_util_des: 0.499, des_th: 0.49941928706759736,frac_lost: 0.100, li_recovered:  8.375, time: 0.005789106999145588
L: 0.50, u_super: 0.00251, sec: 135.830, prod: 0.055780, t_ads: 76.8, t_des: 67.4, bed_util_ads: 0.499, bed_util_des: 0.499, des_th: 0.4986101850360882,frac_lost: 0.105, li_recovered:  8.044, time: 0.007457896999767399
L: 0.50, u_super: 0.00533, sec: 293.884, prod: 0.120213, t_ads: 36.4, t_des: 32.7, bed_util_ads: 0.499, bed_util_des: 0.498, des_th: 0.4984440208784005,frac_lost: 0.103, li_recovered:  8.310, time: 0.005320985001162626
L: 0.50, u_super: 0.00973, sec: 565.628, prod: 0.220528, t_ads: 20.1, t_des: 18.0, bed_util_ads: 0.500, bed_util_des: 0.500, des_th: 0.49986388101612267,frac_lost: 0.104, li_recovered:  8.401, time: 0.009446965999813983
L: 11.00, u_super: 0.00396 — INFEASIBLE (li_recovered=0.000e+00), time: 0.0035574049998103874
L: 0.50, u_super: 0.00785, sec: 563.578, prod: 0.140614, t_ads: 25.0, t_des: 37.0, bed_util_ads: 0.438, bed_util_des: 0.437, des_th: 0.43703679281105423,frac_lost: 0.107, li_recovered:  8.717, time: 0.013725992999752634
L: 0.50, u_super: 0.00508, sec: 2820.074, prod: 0.011355, t_ads: 38.6, t_des: 735.1, bed_util_ads: 0.177, bed_util_des: 0.172, des_th: 0.171800101354039,frac_lost: 0.102, li_recovered:  8.784, time: 0.13048967299982905
L: 0.50, u_super: 0.00419, sec: 229.163, prod: 0.093891, t_ads: 46.4, t_des: 44.0, bed_util_ads: 0.492, bed_util_des: 0.492, des_th: 0.49176013272411656,frac_lost: 0.105, li_recovered:  8.488, time: 0.014521912999043707
L: 0.50, u_super: 0.00704, sec: 395.795, prod: 0.159631, t_ads: 27.6, t_des: 25.2, bed_util_ads: 0.497, bed_util_des: 0.497, des_th: 0.4972666606906535,frac_lost: 0.101, li_recovered:  8.428, time: 0.008951681000326062
L: 0.50, u_super: 0.00409, sec: 223.069, prod: 0.091794, t_ads: 47.6, t_des: 42.5, bed_util_ads: 0.499, bed_util_des: 0.498, des_th: 0.49829113091206445,frac_lost: 0.106, li_recovered:  8.269, time: 0.01498365699990245
   292 |    11680 |     40 |  0.0024214786 |             f
L: 0.50, u_super: 0.00573, sec: 317.397, prod: 0.129599, t_ads: 33.9, t_des: 31.0, bed_util_ads: 0.497, bed_util_des: 0.497, des_th: 0.49662231542258223,frac_lost: 0.102, li_recovered:  8.413, time: 0.017349989000649657
L: 0.50, u_super: 0.00987, sec: 675.541, prod: 0.190555, t_ads: 19.8, t_des: 26.0, bed_util_ads: 0.453, bed_util_des: 0.452, des_th: 0.4522811524052359,frac_lost: 0.105, li_recovered:  8.722, time: 0.009469784999964759
L: 2.17, u_super: 0.00351 — INFEASIBLE (li_recovered=0.000e+00), time: 0.00818613499905041
L: 0.50, u_super: 0.00602, sec: 334.684, prod: 0.136321, t_ads: 32.2, t_des: 29.2, bed_util_ads: 0.498, bed_util_des: 0.498, des_th: 0.498230575959842,frac_lost: 0.101, li_recovered:  8.366, time: 0.00778316600008111
L: 25.96, u_super: 0.00037 — INFEASIBLE (li_recovered=0.000e+00), time: 0.0019015079997188877
L: 10.63, u_super: 0.00007 — INFEASIBLE (li_recovered=0.000e+00), time: 0.012304726000365918
L: 0.50, u_super: 0.00194, sec: 105.930, prod: 0.042442, t_ads: 98.4, t_des: 83.9, bed_util_ads: 0.500, bed_util_des: 0.499, des_th: 0.49942566168857166,frac_lost: 0.102, li_recovered:  7.739, time: 0.007346452001002035
L: 0.50, u_super: 0.00956, sec: 621.152, prod: 0.193679, t_ads: 20.4, t_des: 24.6, bed_util_ads: 0.463, bed_util_des: 0.463, des_th: 0.46267296413577,frac_lost: 0.104, li_recovered:  8.716, time: 0.009424932000911213
L: 0.50, u_super: 0.00166, sec: 89.189, prod: 0.036580, t_ads: 115.2, t_des: 108.4, bed_util_ads: 0.486, bed_util_des: 0.486, des_th: 0.4857188506207169,frac_lost: 0.103, li_recovered:  8.180, time: 0.01670076399932441
L: 0.50, u_super: 0.00601, sec: 346.617, prod: 0.131019, t_ads: 32.3, t_des: 33.8, bed_util_ads: 0.480, bed_util_des: 0.479, des_th: 0.4793124865131884,frac_lost: 0.102, li_recovered:  8.657, time: 0.016237244999501854
L: 0.50, u_super: 0.00298, sec: 161.328, prod: 0.066430, t_ads: 64.7, t_des: 56.8, bed_util_ads: 0.500, bed_util_des: 0.500, des_th: 0.4996493112405721,frac_lost: 0.102, li_recovered:  8.068, time: 0.00841038600083266
L: 0.50, u_super: 0.00477, sec: 262.234, prod: 0.107470, t_ads: 40.7, t_des: 38.1, bed_util_ads: 0.494, bed_util_des: 0.493, des_th: 0.493353129701912,frac_lost: 0.104, li_recovered:  8.469, time: 0.010452438000356779
L: 0.50, u_super: 0.00376, sec: 205.260, prod: 0.083885, t_ads: 51.7, t_des: 49.6, bed_util_ads: 0.489, bed_util_des: 0.489, des_th: 0.48888993830639,frac_lost: 0.105, li_recovered:  8.501, time: 0.008172420000846614
L: 0.50, u_super: 0.00695, sec: 495.531, prod: 0.124040, t_ads: 28.2, t_des: 42.0, bed_util_ads: 0.436, bed_util_des: 0.435, des_th: 0.43527102100961723,frac_lost: 0.106, li_recovered:  8.708, time: 0.009934417001204565
L: 0.50, u_super: 0.00507, sec: 279.228, prod: 0.114308, t_ads: 38.3, t_des: 34.2, bed_util_ads: 0.500, bed_util_des: 0.500, des_th: 0.4999756544113441,frac_lost: 0.104, li_recovered:  8.292, time: 0.010677648000637419
L: 0.50, u_super: 0.00007, sec: 6.213, prod: 0.000909, t_ads: 2629.7, t_des: 5352.9, bed_util_ads: 0.258, bed_util_des: 0.185, des_th: 0.1849880261623775,frac_lost: 0.102, li_recovered:  7.255, time: 0.02327345300000161
L: 0.50, u_super: 0.00866, sec: 498.235, prod: 0.195882, t_ads: 22.6, t_des: 20.7, bed_util_ads: 0.498, bed_util_des: 0.498, des_th: 0.49775021696135097,frac_lost: 0.108, li_recovered:  8.490, time: 0.007856071000787779
L: 0.50, u_super: 0.00020 — INFEASIBLE (li_recovered=0.000e+00), time: 0.0037004830010118894
L: 1.33, u_super: 0.00098 — INFEASIBLE (li_recovered=0.000e+00), time: 0.004011345999970217
L: 0.50, u_super: 0.00602, sec: 334.190, prod: 0.136338, t_ads: 32.2, t_des: 29.2, bed_util_ads: 0.498, bed_util_des: 0.498, des_th: 0.49774287807293566,frac_lost: 0.100, li_recovered:  8.371, time: 0.008423792000030517
L: 0.50, u_super: 0.00945, sec: 547.966, prod: 0.214002, t_ads: 20.7, t_des: 19.0, bed_util_ads: 0.498, bed_util_des: 0.498, des_th: 0.4979425072882903,frac_lost: 0.106, li_recovered:  8.493, time: 0.005815077000079327
L: 0.50, u_super: 0.00333, sec: 191.884, prod: 0.070123, t_ads: 58.3, t_des: 64.3, bed_util_ads: 0.472, bed_util_des: 0.471, des_th: 0.4707071439664159,frac_lost: 0.105, li_recovered:  8.596, time: 0.00717686799907824
L: 0.50, u_super: 0.00303, sec: 163.805, prod: 0.067600, t_ads: 63.9, t_des: 56.6, bed_util_ads: 0.498, bed_util_des: 0.498, des_th: 0.4979211669670198,frac_lost: 0.104, li_recovered:  8.142, time: 0.005539223000596394
L: 0.50, u_super: 0.00005 — INFEASIBLE (li_recovered=0.000e+00), time: 0.0015094099999259925
L: 0.50, u_super: 0.00884, sec: 509.445, prod: 0.199998, t_ads: 22.2, t_des: 20.3, bed_util_ads: 0.498, bed_util_des: 0.498, des_th: 0.49775021696135097,frac_lost: 0.107, li_recovered:  8.495, time: 0.0052557620001607575
L: 0.50, u_super: 0.00523, sec: 288.841, prod: 0.117913, t_ads: 37.1, t_des: 32.8, bed_util_ads: 0.500, bed_util_des: 0.500, des_th: 0.4998563820842685,frac_lost: 0.102, li_recovered:  8.242, time: 0.0046467499996651895
L: 0.50, u_super: 0.00762, sec: 432.847, prod: 0.172233, t_ads: 25.7, t_des: 23.3, bed_util_ads: 0.499, bed_util_des: 0.499, des_th: 0.4990091323040905,frac_lost: 0.108, li_recovered:  8.437, time: 0.012655129001359455
L: 0.50, u_super: 0.00379, sec: 206.129, prod: 0.084819, t_ads: 51.3, t_des: 45.4, bed_util_ads: 0.500, bed_util_des: 0.500, des_th: 0.49993402564919687,frac_lost: 0.106, li_recovered:  8.208, time: 0.007288509001227794
L: 0.69, u_super: 0.00265, sec: 200.619, prod: 0.057980, t_ads: 100.1, t_des: 86.5, bed_util_ads: 0.498, bed_util_des: 0.498, des_th: 0.4976150121573662,frac_lost: 0.102, li_recovered:  10.819, time: 0.006897744999150746
L: 0.50, u_super: 0.00188, sec: 101.747, prod: 0.041083, t_ads: 101.9, t_des: 88.1, bed_util_ads: 0.498, bed_util_des: 0.498, des_th: 0.49774287807293566,frac_lost: 0.102, li_recovered:  7.807, time: 0.008290486999612767
L: 0.50, u_super: 0.00711, sec: 400.785, prod: 0.160664, t_ads: 27.5, t_des: 25.0, bed_util_ads: 0.498, bed_util_des: 0.498, des_th: 0.49794186917838323,frac_lost: 0.106, li_recovered:  8.437, time: 0.009346460999950068
L: 0.50, u_super: 0.00440, sec: 240.617, prod: 0.098965, t_ads: 44.2, t_des: 39.9, bed_util_ads: 0.497, bed_util_des: 0.497, des_th: 0.4972197825122425,frac_lost: 0.106, li_recovered:  8.325, time: 0.00757944099859742
L: 3.59, u_super: 0.00084 — INFEASIBLE (li_recovered=0.000e+00), time: 0.0068353469996509375
L: 0.50, u_super: 0.00658, sec: 369.824, prod: 0.148452, t_ads: 29.7, t_des: 27.6, bed_util_ads: 0.495, bed_util_des: 0.495, des_th: 0.4948373947673393,frac_lost: 0.107, li_recovered:  8.513, time: 0.007161294999605161
L: 0.50, u_super: 0.00835, sec: 478.253, prod: 0.189066, t_ads: 23.4, t_des: 21.5, bed_util_ads: 0.498, bed_util_des: 0.498, des_th: 0.49775792532185964,frac_lost: 0.106, li_recovered:  8.486, time: 0.008317101999637089
L: 0.50, u_super: 0.00746, sec: 423.751, prod: 0.168042, t_ads: 26.2, t_des: 24.7, bed_util_ads: 0.494, bed_util_des: 0.493, des_th: 0.4934159152363624,frac_lost: 0.107, li_recovered:  8.554, time: 0.010198099000263028
L: 0.50, u_super: 0.00212, sec: 115.206, prod: 0.046573, t_ads: 91.0, t_des: 78.3, bed_util_ads: 0.500, bed_util_des: 0.500, des_th: 0.4996446195831098,frac_lost: 0.107, li_recovered:  7.882, time: 0.0074460899995756336
L: 0.50, u_super: 0.00990, sec: 610.203, prod: 0.212219, t_ads: 19.7, t_des: 21.3, bed_util_ads: 0.477, bed_util_des: 0.477, des_th: 0.47669245754219775,frac_lost: 0.104, li_recovered:  8.712, time: 0.008676942001329735
L: 0.50, u_super: 0.00166, sec: 89.302, prod: 0.036629, t_ads: 115.1, t_des: 108.2, bed_util_ads: 0.486, bed_util_des: 0.486, des_th: 0.4855848566355723,frac_lost: 0.103, li_recovered:  8.180, time: 0.012043132999679074
L: 0.50, u_super: 0.00546, sec: 301.586, prod: 0.123171, t_ads: 35.6, t_des: 31.8, bed_util_ads: 0.499, bed_util_des: 0.499, des_th: 0.49928018196866886,frac_lost: 0.102, li_recovered:  8.294, time: 0.00949135199880402
   293 |    11720 |     40 |  0.0036482188 |             f
L: 9.44, u_super: 0.00573 — INFEASIBLE (li_recovered=0.000e+00), time: 0.004240390000632033
L: 0.50, u_super: 0.00107, sec: 58.424, prod: 0.023219, t_ads: 176.5, t_des: 166.3, bed_util_ads: 0.481, bed_util_des: 0.479, des_th: 0.4793124865131884,frac_lost: 0.106, li_recovered:  7.959, time: 0.00840089099983743
L: 0.50, u_super: 0.00417, sec: 235.695, prod: 0.090282, t_ads: 46.7, t_des: 48.8, bed_util_ads: 0.479, bed_util_des: 0.479, des_th: 0.47877021415849147,frac_lost: 0.105, li_recovered:  8.616, time: 0.013503129999662633
L: 0.50, u_super: 0.00346, sec: 189.342, prod: 0.076647, t_ads: 56.2, t_des: 55.0, bed_util_ads: 0.486, bed_util_des: 0.485, des_th: 0.48536527606653035,frac_lost: 0.106, li_recovered:  8.524, time: 0.015413421000630478
L: 0.50, u_super: 0.00945, sec: 547.835, prod: 0.214054, t_ads: 20.6, t_des: 19.2, bed_util_ads: 0.496, bed_util_des: 0.496, des_th: 0.496105582406435,frac_lost: 0.104, li_recovered:  8.530, time: 0.007759116000670474
L: 0.50, u_super: 0.00022 — INFEASIBLE (li_recovered=0.000e+00), time: 0.0033342719998472603
L: 27.44, u_super: 0.00298 — INFEASIBLE (li_recovered=0.000e+00), time: 0.0019006399998033885
L: 0.50, u_super: 0.00685, sec: 386.267, prod: 0.154551, t_ads: 28.3, t_des: 27.1, bed_util_ads: 0.492, bed_util_des: 0.492, des_th: 0.49176013272411656,frac_lost: 0.100, li_recovered:  8.566, time: 0.007377048999842373
L: 0.50, u_super: 0.00082, sec: 46.525, prod: 0.016933, t_ads: 226.4, t_des: 191.3, bed_util_ads: 0.489, bed_util_des: 0.488, des_th: 0.4883313990241146,frac_lost: 0.103, li_recovered:  7.074, time: 0.00677189500129316
L: 10.92, u_super: 0.00651 — INFEASIBLE (li_recovered=0.000e+00), time: 0.011018101999070495
L: 0.50, u_super: 0.00106, sec: 58.253, prod: 0.022778, t_ads: 177.0, t_des: 156.5, bed_util_ads: 0.489, bed_util_des: 0.488, des_th: 0.48836205099508784,frac_lost: 0.102, li_recovered:  7.596, time: 0.007435772999087931
L: 0.50, u_super: 0.00463, sec: 263.079, prod: 0.100594, t_ads: 42.0, t_des: 43.8, bed_util_ads: 0.480, bed_util_des: 0.479, des_th: 0.4793124865131884,frac_lost: 0.104, li_recovered:  8.630, time: 0.013436409000860294
L: 0.50, u_super: 0.00601, sec: 333.877, prod: 0.135959, t_ads: 32.3, t_des: 29.3, bed_util_ads: 0.498, bed_util_des: 0.498, des_th: 0.4978374533643145,frac_lost: 0.102, li_recovered:  8.370, time: 0.011425295000663027
L: 8.26, u_super: 0.00793 — INFEASIBLE (li_recovered=0.000e+00), time: 0.004390920999867376
L: 14.83, u_super: 0.00067, sec: 4633.424, prod: 0.003353, t_ads: 4000.0, t_des: 2937.1, bed_util_ads: 0.198, bed_util_des: 0.185, des_th: 0.1851696623157332,frac_lost: 0.102, li_recovered:  23.259, time: 0.0042103750001842855
L: 0.50, u_super: 0.00663, sec: 370.642, prod: 0.150036, t_ads: 29.3, t_des: 26.5, bed_util_ads: 0.498, bed_util_des: 0.498, des_th: 0.49793448479324365,frac_lost: 0.101, li_recovered:  8.370, time: 0.007950417999381898
L: 0.50, u_super: 0.00488, sec: 270.115, prod: 0.109261, t_ads: 39.8, t_des: 38.6, bed_util_ads: 0.489, bed_util_des: 0.488, des_th: 0.48838257277502445,frac_lost: 0.103, li_recovered:  8.556, time: 0.008450910001556622
L: 0.50, u_super: 0.00985, sec: 573.795, prod: 0.223246, t_ads: 19.9, t_des: 18.0, bed_util_ads: 0.500, bed_util_des: 0.499, des_th: 0.49942132725883337,frac_lost: 0.106, li_recovered:  8.451, time: 0.008569238998461515
L: 0.50, u_super: 0.00896, sec: 516.576, prod: 0.202980, t_ads: 21.8, t_des: 19.8, bed_util_ads: 0.499, bed_util_des: 0.499, des_th: 0.4991199187227361,frac_lost: 0.106, li_recovered:  8.448, time: 0.013853753000148572
L: 0.50, u_super: 0.00626, sec: 348.956, prod: 0.141572, t_ads: 31.1, t_des: 28.0, bed_util_ads: 0.499, bed_util_des: 0.499, des_th: 0.49892185997282884,frac_lost: 0.103, li_recovered:  8.366, time: 0.00760214799993264
L: 0.50, u_super: 0.00747, sec: 423.103, prod: 0.168787, t_ads: 26.2, t_des: 23.8, bed_util_ads: 0.499, bed_util_des: 0.499, des_th: 0.4991564400344421,frac_lost: 0.107, li_recovered:  8.446, time: 0.013837665999744786
L: 0.50, u_super: 0.00764, sec: 437.781, prod: 0.171350, t_ads: 25.7, t_des: 24.6, bed_util_ads: 0.492, bed_util_des: 0.492, des_th: 0.49176013272411656,frac_lost: 0.109, li_recovered:  8.607, time: 0.011080665999543271
L: 3.41, u_super: 0.00964, sec: 4061.229, prod: 0.205575, t_ads: 135.2, t_des: 112.4, bed_util_ads: 0.500, bed_util_des: 0.499, des_th: 0.49942132725883337,frac_lost: 0.108, li_recovered:  50.914, time: 0.008250671000496368
L: 0.50, u_super: 0.00711, sec: 400.969, prod: 0.160590, t_ads: 27.5, t_des: 25.0, bed_util_ads: 0.499, bed_util_des: 0.499, des_th: 0.4986750746559605,frac_lost: 0.107, li_recovered:  8.429, time: 0.008465787999739405
L: 0.50, u_super: 0.00886, sec: 4565.041, prod: 0.022416, t_ads: 22.1, t_des: 369.5, bed_util_ads: 0.188, bed_util_des: 0.185, des_th: 0.1851696623157332,frac_lost: 0.103, li_recovered:  8.779, time: 0.11617437499990046
L: 0.50, u_super: 0.00033 — INFEASIBLE (li_recovered=0.000e+00), time: 0.004174843999862787
L: 0.50, u_super: 0.00463, sec: 254.035, prod: 0.104313, t_ads: 42.0, t_des: 38.4, bed_util_ads: 0.496, bed_util_des: 0.496, des_th: 0.49559803966881955,frac_lost: 0.106, li_recovered:  8.394, time: 0.016406508000727626
L: 0.50, u_super: 0.00823, sec: 471.085, prod: 0.186174, t_ads: 23.8, t_des: 21.3, bed_util_ads: 0.500, bed_util_des: 0.500, des_th: 0.4999979856936968,frac_lost: 0.107, li_recovered:  8.386, time: 0.00878298600036942
L: 0.50, u_super: 0.00921, sec: 532.254, prod: 0.208808, t_ads: 21.2, t_des: 19.1, bed_util_ads: 0.500, bed_util_des: 0.500, des_th: 0.49969622309619605,frac_lost: 0.104, li_recovered:  8.407, time: 0.00810437000109232
L: 4.24, u_super: 0.00333 — INFEASIBLE (li_recovered=0.000e+00), time: 0.009562774999722023
L: 0.50, u_super: 0.00136, sec: 74.148, prod: 0.029553, t_ads: 140.1, t_des: 123.0, bed_util_ads: 0.492, bed_util_des: 0.492, des_th: 0.49176013272411656,frac_lost: 0.107, li_recovered:  7.775, time: 0.00797388000137289
L: 0.50, u_super: 0.00632, sec: 352.018, prod: 0.143064, t_ads: 30.7, t_des: 27.8, bed_util_ads: 0.499, bed_util_des: 0.499, des_th: 0.49898232781945107,frac_lost: 0.101, li_recovered:  8.364, time: 0.0095903699984774
L: 0.50, u_super: 0.00747, sec: 421.727, prod: 0.169338, t_ads: 26.0, t_des: 23.5, bed_util_ads: 0.499, bed_util_des: 0.499, des_th: 0.4991564400344421,frac_lost: 0.100, li_recovered:  8.378, time: 0.007320201000766247
L: 0.50, u_super: 0.00519, sec: 285.663, prod: 0.117157, t_ads: 37.3, t_des: 33.6, bed_util_ads: 0.498, bed_util_des: 0.498, des_th: 0.4982194995969799,frac_lost: 0.101, li_recovered:  8.307, time: 0.013895357000365038
L: 0.50, u_super: 0.00270, sec: 146.039, prod: 0.060096, t_ads: 71.2, t_des: 62.6, bed_util_ads: 0.498, bed_util_des: 0.498, des_th: 0.49775021696135097,frac_lost: 0.102, li_recovered:  8.043, time: 0.013212234000093304
L: 0.50, u_super: 0.00071 — INFEASIBLE (li_recovered=0.000e+00), time: 0.004250670001056278
L: 15.47, u_super: 0.00263 — INFEASIBLE (li_recovered=0.000e+00), time: 0.001962713000466465
L: 10.35, u_super: 0.00503 — INFEASIBLE (li_recovered=0.000e+00), time: 0.0031479079989367165
L: 0.50, u_super: 0.00477, sec: 262.720, prod: 0.107271, t_ads: 40.8, t_des: 38.5, bed_util_ads: 0.493, bed_util_des: 0.493, des_th: 0.492916951385746,frac_lost: 0.105, li_recovered:  8.502, time: 0.008947066999098752
L: 0.50, u_super: 0.00928, sec: 556.961, prod: 0.202727, t_ads: 21.1, t_des: 21.8, bed_util_ads: 0.482, bed_util_des: 0.482, des_th: 0.48178322664565687,frac_lost: 0.106, li_recovered:  8.698, time: 0.01536909200149239
   294 |    11760 |     40 |  0.0022642378 |             f
L: 0.50, u_super: 0.00519, sec: 291.390, prod: 0.114854, t_ads: 37.4, t_des: 37.6, bed_util_ads: 0.485, bed_util_des: 0.484, des_th: 0.48423959396029237,frac_lost: 0.102, li_recovered:  8.614, time: 0.007918053999674157
L: 0.50, u_super: 0.00275, sec: 148.642, prod: 0.061166, t_ads: 70.2, t_des: 61.8, bed_util_ads: 0.499, bed_util_des: 0.499, des_th: 0.49918341680293027,frac_lost: 0.104, li_recovered:  8.076, time: 0.007913236000604229
L: 0.50, u_super: 0.00271, sec: 146.665, prod: 0.060374, t_ads: 70.9, t_des: 62.3, bed_util_ads: 0.498, bed_util_des: 0.498, des_th: 0.4979443221118505,frac_lost: 0.102, li_recovered:  8.044, time: 0.013776416999462526
L: 0.50, u_super: 0.00776, sec: 439.683, prod: 0.176136, t_ads: 25.0, t_des: 22.9, bed_util_ads: 0.498, bed_util_des: 0.497, des_th: 0.4974418316304073,frac_lost: 0.100, li_recovered:  8.430, time: 0.013951283999631414
L: 0.50, u_super: 0.00747, sec: 423.146, prod: 0.168770, t_ads: 26.2, t_des: 23.5, bed_util_ads: 0.499, bed_util_des: 0.499, des_th: 0.4991958190295489,frac_lost: 0.107, li_recovered:  8.394, time: 0.008597435999035952
L: 0.50, u_super: 0.00923, sec: 533.587, prod: 0.209005, t_ads: 21.2, t_des: 19.5, bed_util_ads: 0.498, bed_util_des: 0.498, des_th: 0.49771110634841004,frac_lost: 0.105, li_recovered:  8.499, time: 0.015152666999711073
L: 0.50, u_super: 0.00553, sec: 305.511, prod: 0.124913, t_ads: 35.0, t_des: 31.4, bed_util_ads: 0.500, bed_util_des: 0.499, des_th: 0.49944923625988913,frac_lost: 0.101, li_recovered:  8.300, time: 0.008758549998674425
L: 0.50, u_super: 0.00888, sec: 3975.837, prod: 0.025870, t_ads: 22.1, t_des: 317.3, bed_util_ads: 0.200, bed_util_des: 0.197, des_th: 0.19702632038434242,frac_lost: 0.104, li_recovered:  8.779, time: 0.10032573399985267
L: 0.50, u_super: 0.00018 — INFEASIBLE (li_recovered=0.000e+00), time: 0.0031301849994633812
L: 0.50, u_super: 0.00728, sec: 410.805, prod: 0.165015, t_ads: 26.6, t_des: 23.8, bed_util_ads: 0.500, bed_util_des: 0.500, des_th: 0.4996395070455096,frac_lost: 0.100, li_recovered:  8.328, time: 0.017673749000095995
L: 0.50, u_super: 0.00984, sec: 628.424, prod: 0.203513, t_ads: 19.9, t_des: 23.0, bed_util_ads: 0.469, bed_util_des: 0.468, des_th: 0.4684478186850021,frac_lost: 0.105, li_recovered:  8.717, time: 0.013415513001746149
L: 0.50, u_super: 0.00071, sec: 41.018, prod: 0.014459, t_ads: 260.9, t_des: 288.1, bed_util_ads: 0.452, bed_util_des: 0.449, des_th: 0.44867970160020254,frac_lost: 0.101, li_recovered:  7.939, time: 0.014708916998642962
L: 10.71, u_super: 0.00553 — INFEASIBLE (li_recovered=0.000e+00), time: 0.0035374119997868547
L: 0.50, u_super: 0.00889, sec: 512.120, prod: 0.201135, t_ads: 22.0, t_des: 20.2, bed_util_ads: 0.498, bed_util_des: 0.498, des_th: 0.4981323904488626,frac_lost: 0.107, li_recovered:  8.492, time: 0.013999388000229374
L: 0.50, u_super: 0.00990, sec: 597.494, prod: 0.216603, t_ads: 19.7, t_des: 20.5, bed_util_ads: 0.482, bed_util_des: 0.482, des_th: 0.4821355472204161,frac_lost: 0.103, li_recovered:  8.699, time: 0.00997367300078622
L: 0.50, u_super: 0.00034 — INFEASIBLE (li_recovered=0.000e+00), time: 0.006853098000647151
L: 0.50, u_super: 0.00807, sec: 460.530, prod: 0.182416, t_ads: 24.3, t_des: 21.7, bed_util_ads: 0.500, bed_util_des: 0.500, des_th: 0.4997721979478201,frac_lost: 0.107, li_recovered:  8.391, time: 0.00855844000034267
L: 0.50, u_super: 0.00764, sec: 436.573, prod: 0.171871, t_ads: 25.6, t_des: 24.4, bed_util_ads: 0.493, bed_util_des: 0.493, des_th: 0.49308173713702874,frac_lost: 0.107, li_recovered:  8.587, time: 0.010002160001022276
L: 15.19, u_super: 0.00212 — INFEASIBLE (li_recovered=0.000e+00), time: 0.0024050789998000255
L: 0.50, u_super: 0.00369, sec: 201.083, prod: 0.082688, t_ads: 52.6, t_des: 46.5, bed_util_ads: 0.500, bed_util_des: 0.499, des_th: 0.4994739150070996,frac_lost: 0.106, li_recovered:  8.194, time: 0.008098561000224436
L: 0.50, u_super: 0.00926, sec: 535.736, prod: 0.210004, t_ads: 21.1, t_des: 19.2, bed_util_ads: 0.499, bed_util_des: 0.499, des_th: 0.4990967635684214,frac_lost: 0.105, li_recovered:  8.456, time: 0.010072613999000168
L: 0.50, u_super: 0.00429, sec: 233.978, prod: 0.096414, t_ads: 45.4, t_des: 41.0, bed_util_ads: 0.497, bed_util_des: 0.497, des_th: 0.4971794652875134,frac_lost: 0.105, li_recovered:  8.324, time: 0.010257805999572156
L: 0.50, u_super: 0.00711, sec: 401.374, prod: 0.160428, t_ads: 27.6, t_des: 25.3, bed_util_ads: 0.498, bed_util_des: 0.498, des_th: 0.49789510571350803,frac_lost: 0.108, li_recovered:  8.484, time: 0.012882545999673312
L: 0.50, u_super: 0.00650, sec: 363.107, prod: 0.147034, t_ads: 29.8, t_des: 26.7, bed_util_ads: 0.500, bed_util_des: 0.500, des_th: 0.49969622309619605,frac_lost: 0.101, li_recovered:  8.319, time: 0.014821114000369562
L: 0.50, u_super: 0.00859, sec: 491.442, prod: 0.195033, t_ads: 22.6, t_des: 20.6, bed_util_ads: 0.498, bed_util_des: 0.498, des_th: 0.49758491852473224,frac_lost: 0.100, li_recovered:  8.435, time: 0.008822923999105114
L: 0.50, u_super: 0.00066, sec: 37.428, prod: 0.013449, t_ads: 280.7, t_des: 245.1, bed_util_ads: 0.481, bed_util_des: 0.480, des_th: 0.48061301525925937,frac_lost: 0.105, li_recovered:  7.070, time: 0.013615613999718335
L: 0.50, u_super: 0.00990, sec: 590.002, prod: 0.219480, t_ads: 19.7, t_des: 19.9, bed_util_ads: 0.485, bed_util_des: 0.485, des_th: 0.4852441696688328,frac_lost: 0.103, li_recovered:  8.681, time: 0.00902696599951014
L: 0.50, u_super: 0.00472, sec: 258.503, prod: 0.106256, t_ads: 41.1, t_des: 36.8, bed_util_ads: 0.498, bed_util_des: 0.498, des_th: 0.4982194995969799,frac_lost: 0.103, li_recovered:  8.286, time: 0.01371460699920135
L: 0.50, u_super: 0.00862, sec: 495.235, prod: 0.195037, t_ads: 22.7, t_des: 20.8, bed_util_ads: 0.498, bed_util_des: 0.498, des_th: 0.49758491852473224,frac_lost: 0.107, li_recovered:  8.492, time: 0.013231053999334108
L: 0.50, u_super: 0.00923, sec: 534.419, prod: 0.208694, t_ads: 21.2, t_des: 19.7, bed_util_ads: 0.496, bed_util_des: 0.496, des_th: 0.496105582406435,frac_lost: 0.106, li_recovered:  8.532, time: 0.008775841999522527
L: 25.81, u_super: 0.00005 — INFEASIBLE (li_recovered=0.000e+00), time: 0.0019587839997257106
L: 0.50, u_super: 0.00302, sec: 163.587, prod: 0.067444, t_ads: 63.8, t_des: 56.2, bed_util_ads: 0.500, bed_util_des: 0.500, des_th: 0.4997031153581867,frac_lost: 0.103, li_recovered:  8.096, time: 0.010479585000211955
L: 0.50, u_super: 0.00305, sec: 165.112, prod: 0.068146, t_ads: 63.1, t_des: 55.6, bed_util_ads: 0.500, bed_util_des: 0.499, des_th: 0.4993647143279518,frac_lost: 0.101, li_recovered:  8.086, time: 0.015820624999832944
L: 0.50, u_super: 0.00510, sec: 283.103, prod: 0.114129, t_ads: 38.0, t_des: 37.0, bed_util_ads: 0.489, bed_util_des: 0.488, des_th: 0.4883313990241146,frac_lost: 0.102, li_recovered:  8.567, time: 0.012463748000300257
L: 0.50, u_super: 0.00351, sec: 190.589, prod: 0.078554, t_ads: 55.6, t_des: 51.3, bed_util_ads: 0.493, bed_util_des: 0.493, des_th: 0.49307364967128237,frac_lost: 0.109, li_recovered:  8.394, time: 0.007933840000987402
L: 37.56, u_super: 0.00216 — INFEASIBLE (li_recovered=0.000e+00), time: 0.0017662579994066618
L: 0.50, u_super: 0.00573, sec: 317.911, prod: 0.129389, t_ads: 33.9, t_des: 30.3, bed_util_ads: 0.500, bed_util_des: 0.500, des_th: 0.49965369931263015,frac_lost: 0.103, li_recovered:  8.312, time: 0.008580964000429958
L: 0.50, u_super: 0.00082, sec: 46.489, prod: 0.016946, t_ads: 225.8, t_des: 191.3, bed_util_ads: 0.489, bed_util_des: 0.488, des_th: 0.48850211742732635,frac_lost: 0.101, li_recovered:  7.069, time: 0.007634538000274915
L: 0.50, u_super: 0.00166, sec: 91.121, prod: 0.035804, t_ads: 115.3, t_des: 96.9, bed_util_ads: 0.500, bed_util_des: 0.500, des_th: 0.4995839347455631,frac_lost: 0.105, li_recovered:  7.598, time: 0.013351399999010027
L: 0.50, u_super: 0.00421, sec: 229.719, prod: 0.094866, t_ads: 46.0, t_des: 41.8, bed_util_ads: 0.497, bed_util_des: 0.497, des_th: 0.4972197825122425,frac_lost: 0.104, li_recovered:  8.331, time: 0.014021565000803093
   295 |    11800 |     40 |  0.0046150226 |             f
L: 0.50, u_super: 0.00584, sec: 323.656, prod: 0.132005, t_ads: 33.3, t_des: 30.5, bed_util_ads: 0.496, bed_util_des: 0.496, des_th: 0.4961726934527416,frac_lost: 0.102, li_recovered:  8.414, time: 0.007835917000193149
L: 0.50, u_super: 0.00803, sec: 464.938, prod: 0.178879, t_ads: 24.4, t_des: 23.9, bed_util_ads: 0.489, bed_util_des: 0.488, des_th: 0.4883393030353815,frac_lost: 0.108, li_recovered:  8.647, time: 0.017944068000360858
L: 0.50, u_super: 0.00615, sec: 341.929, prod: 0.139118, t_ads: 31.6, t_des: 28.6, bed_util_ads: 0.499, bed_util_des: 0.499, des_th: 0.49892185997282884,frac_lost: 0.101, li_recovered:  8.363, time: 0.007779051000397885
L: 0.50, u_super: 0.00057, sec: 34.510, prod: 0.011124, t_ads: 323.9, t_des: 379.5, bed_util_ads: 0.439, bed_util_des: 0.433, des_th: 0.43299170943389936,frac_lost: 0.106, li_recovered:  7.824, time: 0.008454363998680492
L: 40.39, u_super: 0.00587 — INFEASIBLE (li_recovered=0.000e+00), time: 0.0020701749999716412
L: 22.74, u_super: 0.00990 — INFEASIBLE (li_recovered=0.000e+00), time: 0.0032524260004720418
L: 79.74, u_super: 0.00137 — INFEASIBLE (li_recovered=0.000e+00), time: 0.001225910000357544
L: 0.50, u_super: 0.00203, sec: 110.563, prod: 0.044492, t_ads: 95.0, t_des: 81.4, bed_util_ads: 0.500, bed_util_des: 0.500, des_th: 0.4996446195831098,frac_lost: 0.108, li_recovered:  7.852, time: 0.01643713699922955
L: 11.43, u_super: 0.00903 — INFEASIBLE (li_recovered=0.000e+00), time: 0.0043241359999228735
L: 0.50, u_super: 0.00413, sec: 225.058, prod: 0.092674, t_ads: 47.1, t_des: 44.1, bed_util_ads: 0.493, bed_util_des: 0.493, des_th: 0.49299102881422663,frac_lost: 0.104, li_recovered:  8.451, time: 0.008246778001193888
L: 0.50, u_super: 0.00636, sec: 357.477, prod: 0.142724, t_ads: 30.5, t_des: 29.7, bed_util_ads: 0.489, bed_util_des: 0.488, des_th: 0.48838257277502445,frac_lost: 0.100, li_recovered:  8.588, time: 0.01374249000036798
L: 0.50, u_super: 0.00644, sec: 3147.718, prod: 0.016668, t_ads: 30.4, t_des: 496.4, bed_util_ads: 0.189, bed_util_des: 0.185, des_th: 0.1851696623157332,frac_lost: 0.102, li_recovered:  8.780, time: 0.09068116600064968
L: 0.50, u_super: 0.00081, sec: 50.535, prod: 0.015080, t_ads: 234.8, t_des: 305.2, bed_util_ads: 0.434, bed_util_des: 0.429, des_th: 0.42878784929854585,frac_lost: 0.106, li_recovered:  8.143, time: 0.009423527000762988
L: 0.50, u_super: 0.00557, sec: 308.095, prod: 0.125976, t_ads: 34.8, t_des: 31.2, bed_util_ads: 0.500, bed_util_des: 0.499, des_th: 0.49944923625988913,frac_lost: 0.101, li_recovered:  8.313, time: 0.009181056000670651
L: 0.50, u_super: 0.00166, sec: 90.806, prod: 0.036010, t_ads: 115.4, t_des: 98.2, bed_util_ads: 0.499, bed_util_des: 0.498, des_th: 0.4983405302314735,frac_lost: 0.106, li_recovered:  7.694, time: 0.01534308299960685
L: 19.47, u_super: 0.00747 — INFEASIBLE (li_recovered=0.000e+00), time: 0.0028273790012462996
L: 0.50, u_super: 0.00942, sec: 545.236, prod: 0.213614, t_ads: 20.7, t_des: 19.0, bed_util_ads: 0.498, bed_util_des: 0.498, des_th: 0.4978788960471217,frac_lost: 0.103, li_recovered:  8.490, time: 0.009006182001030538
L: 0.50, u_super: 0.00113 — INFEASIBLE (li_recovered=0.000e+00), time: 0.00444040600086737
L: 0.50, u_super: 0.00137, sec: 75.706, prod: 0.029321, t_ads: 137.9, t_des: 116.1, bed_util_ads: 0.498, bed_util_des: 0.498, des_th: 0.49831917489881056,frac_lost: 0.101, li_recovered:  7.447, time: 0.009475377000853769
L: 0.50, u_super: 0.00006, sec: 5.552, prod: 0.000737, t_ads: 3211.4, t_des: 7272.3, bed_util_ads: 0.242, bed_util_des: 0.155, des_th: 0.1547836757245003,frac_lost: 0.102, li_recovered:  7.728, time: 0.01404361599998083
L: 0.50, u_super: 0.00082 — INFEASIBLE (li_recovered=0.000e+00), time: 0.0056730149990471546
L: 0.50, u_super: 0.00729, sec: 412.170, prod: 0.164591, t_ads: 26.9, t_des: 24.1, bed_util_ads: 0.500, bed_util_des: 0.500, des_th: 0.4996986929011644,frac_lost: 0.108, li_recovered:  8.382, time: 0.01583647300140001
L: 0.50, u_super: 0.00476, sec: 262.167, prod: 0.106945, t_ads: 40.9, t_des: 38.6, bed_util_ads: 0.492, bed_util_des: 0.492, des_th: 0.4916422384166511,frac_lost: 0.106, li_recovered:  8.503, time: 0.014298781999968924
L: 0.50, u_super: 0.00182, sec: 97.698, prod: 0.040268, t_ads: 105.0, t_des: 99.1, bed_util_ads: 0.486, bed_util_des: 0.486, des_th: 0.4855848566355723,frac_lost: 0.101, li_recovered:  8.220, time: 0.00870611100071983
L: 6.58, u_super: 0.00720 — INFEASIBLE (li_recovered=0.000e+00), time: 0.004563174999930197
L: 0.50, u_super: 0.00374, sec: 204.058, prod: 0.083736, t_ads: 52.1, t_des: 46.0, bed_util_ads: 0.500, bed_util_des: 0.499, des_th: 0.499391169794234,frac_lost: 0.109, li_recovered:  8.210, time: 0.01852314700045099
L: 0.50, u_super: 0.00319, sec: 172.343, prod: 0.071480, t_ads: 60.4, t_des: 57.2, bed_util_ads: 0.490, bed_util_des: 0.489, des_th: 0.48922154252992384,frac_lost: 0.101, li_recovered:  8.407, time: 0.008404406999034109
L: 0.50, u_super: 0.00521, sec: 287.106, prod: 0.117372, t_ads: 37.3, t_des: 33.4, bed_util_ads: 0.499, bed_util_des: 0.499, des_th: 0.49892185997282884,frac_lost: 0.104, li_recovered:  8.302, time: 0.011245656000028248
L: 14.42, u_super: 0.00024 — INFEASIBLE (li_recovered=0.000e+00), time: 0.0012329070013947785
L: 133.72, u_super: 0.00795 — INFEASIBLE (li_recovered=0.000e+00), time: 0.0016753489999246085
L: 0.50, u_super: 0.00819, sec: 467.823, prod: 0.185311, t_ads: 23.9, t_des: 21.4, bed_util_ads: 0.500, bed_util_des: 0.500, des_th: 0.499998880717118,frac_lost: 0.106, li_recovered:  8.392, time: 0.012284587000976899
L: 0.50, u_super: 0.00243, sec: 131.803, prod: 0.053798, t_ads: 79.2, t_des: 68.8, bed_util_ads: 0.499, bed_util_des: 0.499, des_th: 0.4991574843435096,frac_lost: 0.104, li_recovered:  7.959, time: 0.009793093000553199
L: 0.50, u_super: 0.00986, sec: 573.833, prod: 0.223529, t_ads: 19.8, t_des: 18.0, bed_util_ads: 0.499, bed_util_des: 0.499, des_th: 0.4991583264085569,frac_lost: 0.105, li_recovered:  8.458, time: 0.01404891699894506
L: 0.50, u_super: 0.00604, sec: 335.597, prod: 0.136626, t_ads: 32.2, t_des: 29.5, bed_util_ads: 0.496, bed_util_des: 0.496, des_th: 0.49606413972344526,frac_lost: 0.102, li_recovered:  8.425, time: 0.008311331999721006
L: 0.50, u_super: 0.00977, sec: 592.004, prod: 0.212567, t_ads: 20.0, t_des: 21.0, bed_util_ads: 0.481, bed_util_des: 0.481, des_th: 0.48096707808512,frac_lost: 0.104, li_recovered:  8.703, time: 0.013051464999080054
L: 0.50, u_super: 0.00469, sec: 266.272, prod: 0.101984, t_ads: 41.3, t_des: 43.3, bed_util_ads: 0.480, bed_util_des: 0.479, des_th: 0.4791855441361065,frac_lost: 0.102, li_recovered:  8.628, time: 0.010843305000889814
L: 0.50, u_super: 0.00985, sec: 573.990, prod: 0.223328, t_ads: 19.8, t_des: 18.2, bed_util_ads: 0.498, bed_util_des: 0.498, des_th: 0.49789603447318853,frac_lost: 0.105, li_recovered:  8.493, time: 0.008657448001031298
L: 21.17, u_super: 0.00636 — INFEASIBLE (li_recovered=0.000e+00), time: 0.003981891000876203
L: 0.50, u_super: 0.00711, sec: 400.952, prod: 0.160596, t_ads: 27.5, t_des: 24.7, bed_util_ads: 0.500, bed_util_des: 0.499, des_th: 0.49945976908137896,frac_lost: 0.107, li_recovered:  8.386, time: 0.007636161999471369
L: 0.50, u_super: 0.00007 — INFEASIBLE (li_recovered=0.000e+00), time: 0.0017968560005101608
   296 |    11840 |     40 |  0.0016310472 |             f
L: 14.22, u_super: 0.00269 — INFEASIBLE (li_recovered=0.000e+00), time: 0.002423837999231182
L: 0.50, u_super: 0.00891, sec: 513.159, prod: 0.201648, t_ads: 22.0, t_des: 19.9, bed_util_ads: 0.499, bed_util_des: 0.499, des_th: 0.4991199187227361,frac_lost: 0.107, li_recovered:  8.446, time: 0.008115706999888062
L: 0.50, u_super: 0.00397, sec: 227.782, prod: 0.084812, t_ads: 48.9, t_des: 52.7, bed_util_ads: 0.474, bed_util_des: 0.474, des_th: 0.47374048741664665,frac_lost: 0.105, li_recovered:  8.619, time: 0.011036934000003384
L: 0.50, u_super: 0.00907, sec: 526.435, prod: 0.204440, t_ads: 21.6, t_des: 20.5, bed_util_ads: 0.494, bed_util_des: 0.494, des_th: 0.4941455801048707,frac_lost: 0.106, li_recovered:  8.594, time: 0.012854320000769803
L: 0.69, u_super: 0.00238, sec: 181.298, prod: 0.051359, t_ads: 111.0, t_des: 93.5, bed_util_ads: 0.500, bed_util_des: 0.499, des_th: 0.49952000184032824,frac_lost: 0.103, li_recovered:  10.501, time: 0.008030214999962482
L: 22.35, u_super: 0.00789 — INFEASIBLE (li_recovered=0.000e+00), time: 0.0030052919992158422
L: 0.50, u_super: 0.00185, sec: 99.754, prod: 0.040530, t_ads: 103.6, t_des: 90.8, bed_util_ads: 0.496, bed_util_des: 0.495, des_th: 0.49524671543717075,frac_lost: 0.102, li_recovered:  7.878, time: 0.015677972000048612
L: 2.34, u_super: 0.00832, sec: 2426.723, prod: 0.173260, t_ads: 107.9, t_des: 120.4, bed_util_ads: 0.465, bed_util_des: 0.463, des_th: 0.46321525819764975,frac_lost: 0.101, li_recovered:  39.547, time: 0.014407840000785654
L: 4.10, u_super: 0.00844 — INFEASIBLE (li_recovered=0.000e+00), time: 0.004661287999624619
L: 0.50, u_super: 0.00033, sec: 20.289, prod: 0.006075, t_ads: 520.7, t_des: 492.2, bed_util_ads: 0.445, bed_util_des: 0.443, des_th: 0.44282526247969434,frac_lost: 0.100, li_recovered:  6.153, time: 0.007243690999530372
L: 47.73, u_super: 0.00990 — INFEASIBLE (li_recovered=0.000e+00), time: 0.0022457160011981614
L: 0.50, u_super: 0.00571, sec: 315.986, prod: 0.129033, t_ads: 33.9, t_des: 30.4, bed_util_ads: 0.500, bed_util_des: 0.499, des_th: 0.49944923625988913,frac_lost: 0.100, li_recovered:  8.298, time: 0.0132992649996595
L: 0.50, u_super: 0.00087, sec: 47.938, prod: 0.018533, t_ads: 216.4, t_des: 198.0, bed_util_ads: 0.480, bed_util_des: 0.479, des_th: 0.4791796869808636,frac_lost: 0.108, li_recovered:  7.680, time: 0.011765610999646015
L: 0.50, u_super: 0.00763, sec: 432.031, prod: 0.173110, t_ads: 25.4, t_des: 23.0, bed_util_ads: 0.500, bed_util_des: 0.499, des_th: 0.49942714187169573,frac_lost: 0.101, li_recovered:  8.379, time: 0.012929508000524947
L: 0.50, u_super: 0.00526, sec: 290.416, prod: 0.118724, t_ads: 36.9, t_des: 33.0, bed_util_ads: 0.499, bed_util_des: 0.499, des_th: 0.4991748304829946,frac_lost: 0.103, li_recovered:  8.298, time: 0.01852230199983751
L: 51.76, u_super: 0.00470 — INFEASIBLE (li_recovered=0.000e+00), time: 0.0019275720005680341
L: 0.50, u_super: 0.00892, sec: 4613.005, prod: 0.022506, t_ads: 22.0, t_des: 368.2, bed_util_ads: 0.188, bed_util_des: 0.185, des_th: 0.1851696623157332,frac_lost: 0.105, li_recovered:  8.782, time: 0.10252855399994587
L: 0.50, u_super: 0.00703, sec: 424.231, prod: 0.148424, t_ads: 27.9, t_des: 30.7, bed_util_ads: 0.474, bed_util_des: 0.473, des_th: 0.473440556587151,frac_lost: 0.108, li_recovered:  8.694, time: 0.016239965998465777
L: 33.29, u_super: 0.00691 — INFEASIBLE (li_recovered=0.000e+00), time: 0.0025664889999461593
L: 0.50, u_super: 0.00990, sec: 678.220, prod: 0.190833, t_ads: 19.8, t_des: 26.0, bed_util_ads: 0.452, bed_util_des: 0.452, des_th: 0.4517406786017941,frac_lost: 0.105, li_recovered:  8.722, time: 0.01007687600031204
L: 10.34, u_super: 0.00055, sec: 3150.970, prod: 0.002312, t_ads: 3214.9, t_des: 1889.6, bed_util_ads: 0.211, bed_util_des: 0.204, des_th: 0.20467153412014696,frac_lost: 0.102, li_recovered:  11.802, time: 0.004768036000314169
L: 0.50, u_super: 0.00389, sec: 211.818, prod: 0.087345, t_ads: 49.9, t_des: 44.7, bed_util_ads: 0.498, bed_util_des: 0.498, des_th: 0.49775021696135097,frac_lost: 0.105, li_recovered:  8.261, time: 0.01884332400004496
L: 0.50, u_super: 0.00602, sec: 334.650, prod: 0.135926, t_ads: 32.3, t_des: 28.8, bed_util_ads: 0.500, bed_util_des: 0.499, des_th: 0.4994900233313996,frac_lost: 0.102, li_recovered:  8.309, time: 0.0073114739989250666
L: 0.50, u_super: 0.00742, sec: 420.355, prod: 0.167813, t_ads: 26.3, t_des: 23.7, bed_util_ads: 0.500, bed_util_des: 0.500, des_th: 0.4997721979478201,frac_lost: 0.107, li_recovered:  8.394, time: 0.008920901000237791
L: 9.01, u_super: 0.00762 — INFEASIBLE (li_recovered=0.000e+00), time: 0.004352149000624195
L: 0.50, u_super: 0.00434, sec: 241.787, prod: 0.095892, t_ads: 44.7, t_des: 44.8, bed_util_ads: 0.484, bed_util_des: 0.484, des_th: 0.48365081158610035,frac_lost: 0.104, li_recovered:  8.591, time: 0.008707999999387539
L: 0.50, u_super: 0.00664, sec: 371.844, prod: 0.150244, t_ads: 29.2, t_des: 26.1, bed_util_ads: 0.500, bed_util_des: 0.500, des_th: 0.4997298811625361,frac_lost: 0.101, li_recovered:  8.318, time: 0.008008491999135003
L: 0.50, u_super: 0.00155, sec: 83.614, prod: 0.034020, t_ads: 123.6, t_des: 117.3, bed_util_ads: 0.484, bed_util_des: 0.483, des_th: 0.4833683732393965,frac_lost: 0.106, li_recovered:  8.195, time: 0.013050157000179752
L: 16.77, u_super: 0.00728 — INFEASIBLE (li_recovered=0.000e+00), time: 0.003295775999504258
L: 0.50, u_super: 0.00650, sec: 363.464, prod: 0.146889, t_ads: 29.9, t_des: 26.7, bed_util_ads: 0.500, bed_util_des: 0.500, des_th: 0.49969622309619605,frac_lost: 0.103, li_recovered:  8.319, time: 0.007544619000327657
L: 0.50, u_super: 0.00305, sec: 164.982, prod: 0.067989, t_ads: 63.3, t_des: 55.6, bed_util_ads: 0.500, bed_util_des: 0.499, des_th: 0.4993438592077632,frac_lost: 0.102, li_recovered:  8.083, time: 0.012263626000276417
L: 33.18, u_super: 0.00807 — INFEASIBLE (li_recovered=0.000e+00), time: 0.0025523080003040377
L: 0.50, u_super: 0.00218, sec: 118.194, prod: 0.048124, t_ads: 88.4, t_des: 76.9, bed_util_ads: 0.499, bed_util_des: 0.499, des_th: 0.4989304462927645,frac_lost: 0.107, li_recovered:  7.958, time: 0.00851992999923823
L: 0.50, u_super: 0.00076, sec: 43.516, prod: 0.015497, t_ads: 244.2, t_des: 204.3, bed_util_ads: 0.488, bed_util_des: 0.488, des_th: 0.4883313990241146,frac_lost: 0.104, li_recovered:  6.950, time: 0.007804558999850997
L: 0.50, u_super: 0.00009 — INFEASIBLE (li_recovered=0.000e+00), time: 0.00638912700014771
L: 0.50, u_super: 0.00929, sec: 537.594, prod: 0.210342, t_ads: 21.1, t_des: 18.9, bed_util_ads: 0.500, bed_util_des: 0.500, des_th: 0.49969622309619605,frac_lost: 0.106, li_recovered:  8.405, time: 0.01918764100082626
L: 0.50, u_super: 0.00775, sec: 592.239, prod: 0.130502, t_ads: 25.3, t_des: 41.6, bed_util_ads: 0.424, bed_util_des: 0.423, des_th: 0.42339085692127343,frac_lost: 0.106, li_recovered:  8.720, time: 0.010401487999843084
L: 0.50, u_super: 0.00772, sec: 496.535, prod: 0.154409, t_ads: 25.3, t_des: 31.0, bed_util_ads: 0.460, bed_util_des: 0.460, des_th: 0.4599380277006913,frac_lost: 0.106, li_recovered:  8.705, time: 0.023447206000128062
L: 0.50, u_super: 0.00068 — INFEASIBLE (li_recovered=0.000e+00), time: 0.004267791000529542
L: 2.95, u_super: 0.00823 — INFEASIBLE (li_recovered=0.000e+00), time: 0.009126904000368086
   297 |    11880 |     40 |  0.0037053259 |             f
L: 0.50, u_super: 0.00079 — INFEASIBLE (li_recovered=0.000e+00), time: 0.005541964999792981
L: 0.50, u_super: 0.00624, sec: 2929.012, prod: 0.016766, t_ads: 31.4, t_des: 492.3, bed_util_ads: 0.192, bed_util_des: 0.188, des_th: 0.1881116012906734,frac_lost: 0.102, li_recovered:  8.779, time: 0.09409729199978756
L: 0.50, u_super: 0.00218, sec: 118.194, prod: 0.048124, t_ads: 88.4, t_des: 76.9, bed_util_ads: 0.499, bed_util_des: 0.499, des_th: 0.4989304462927645,frac_lost: 0.107, li_recovered:  7.958, time: 0.013705871000638581
L: 0.50, u_super: 0.00602, sec: 410.254, prod: 0.110877, t_ads: 32.6, t_des: 45.9, bed_util_ads: 0.442, bed_util_des: 0.442, des_th: 0.44153116016418503,frac_lost: 0.108, li_recovered:  8.695, time: 0.013881165999919176
L: 0.50, u_super: 0.00553, sec: 317.045, prod: 0.120369, t_ads: 35.1, t_des: 36.8, bed_util_ads: 0.479, bed_util_des: 0.479, des_th: 0.4790457865213148,frac_lost: 0.101, li_recovered:  8.648, time: 0.015319768999688677
L: 0.50, u_super: 0.00351, sec: 190.597, prod: 0.078551, t_ads: 55.6, t_des: 51.3, bed_util_ads: 0.494, bed_util_des: 0.493, des_th: 0.49341617606030364,frac_lost: 0.109, li_recovered:  8.395, time: 0.009735587000250234
L: 0.50, u_super: 0.00985, sec: 573.277, prod: 0.223565, t_ads: 19.8, t_des: 18.0, bed_util_ads: 0.500, bed_util_des: 0.499, des_th: 0.49942132725883337,frac_lost: 0.104, li_recovered:  8.445, time: 0.007562452999991365
L: 0.50, u_super: 0.00154, sec: 83.233, prod: 0.033887, t_ads: 123.9, t_des: 118.0, bed_util_ads: 0.484, bed_util_des: 0.483, des_th: 0.4833683732393965,frac_lost: 0.105, li_recovered:  8.196, time: 0.010774831000162521
L: 0.50, u_super: 0.00727, sec: 410.199, prod: 0.164700, t_ads: 26.7, t_des: 23.9, bed_util_ads: 0.500, bed_util_des: 0.500, des_th: 0.49969622309619605,frac_lost: 0.101, li_recovered:  8.330, time: 0.00832509899919387
L: 0.50, u_super: 0.00440, sec: 240.872, prod: 0.098860, t_ads: 44.3, t_des: 39.4, bed_util_ads: 0.499, bed_util_des: 0.499, des_th: 0.49912691493478306,frac_lost: 0.106, li_recovered:  8.272, time: 0.01501193599870021
L: 0.50, u_super: 0.00195, sec: 105.892, prod: 0.042851, t_ads: 98.7, t_des: 96.6, bed_util_ads: 0.482, bed_util_des: 0.481, des_th: 0.48150124407088374,frac_lost: 0.106, li_recovered:  8.371, time: 0.008167945999957738
L: 0.50, u_super: 0.00624, sec: 348.109, prod: 0.140896, t_ads: 31.2, t_des: 27.8, bed_util_ads: 0.500, bed_util_des: 0.500, des_th: 0.49988528330541554,frac_lost: 0.103, li_recovered:  8.312, time: 0.012245870000697323
L: 0.50, u_super: 0.00945, sec: 548.188, prod: 0.213916, t_ads: 20.7, t_des: 19.2, bed_util_ads: 0.496, bed_util_des: 0.496, des_th: 0.496105582406435,frac_lost: 0.105, li_recovered:  8.526, time: 0.008248531001299853
L: 0.50, u_super: 0.00141, sec: 76.795, prod: 0.030396, t_ads: 134.6, t_des: 116.2, bed_util_ads: 0.496, bed_util_des: 0.495, des_th: 0.4955009419114901,frac_lost: 0.100, li_recovered:  7.624, time: 0.008544491000066046
L: 34.44, u_super: 0.00249 — INFEASIBLE (li_recovered=0.000e+00), time: 0.0018605509994813474
L: 0.50, u_super: 0.00763, sec: 437.043, prod: 0.171125, t_ads: 25.7, t_des: 24.6, bed_util_ads: 0.492, bed_util_des: 0.492, des_th: 0.4920197490765562,frac_lost: 0.108, li_recovered:  8.609, time: 0.014426839999941876
L: 0.50, u_super: 0.00057, sec: 34.352, prod: 0.011175, t_ads: 323.3, t_des: 376.3, bed_util_ads: 0.440, bed_util_des: 0.434, des_th: 0.43470919263781826,frac_lost: 0.105, li_recovered:  7.817, time: 0.008835148999423836
L: 0.50, u_super: 0.00823, sec: 511.054, prod: 0.171614, t_ads: 23.7, t_des: 27.0, bed_util_ads: 0.471, bed_util_des: 0.470, des_th: 0.4702333994221463,frac_lost: 0.106, li_recovered:  8.706, time: 0.015555669999230304
L: 0.50, u_super: 0.00136, sec: 73.846, prod: 0.029702, t_ads: 140.2, t_des: 135.2, bed_util_ads: 0.481, bed_util_des: 0.480, des_th: 0.47992229714056783,frac_lost: 0.106, li_recovered:  8.181, time: 0.008146854999722564
L: 63.68, u_super: 0.00717 — INFEASIBLE (li_recovered=0.000e+00), time: 0.0015126660000532866
L: 0.50, u_super: 0.00967, sec: 582.577, prod: 0.211519, t_ads: 20.2, t_des: 21.0, bed_util_ads: 0.482, bed_util_des: 0.482, des_th: 0.4822035990338932,frac_lost: 0.104, li_recovered:  8.699, time: 0.011195242999747279
L: 0.50, u_super: 0.00005 — INFEASIBLE (li_recovered=0.000e+00), time: 0.0015385469996544998
L: 0.50, u_super: 0.00859, sec: 491.442, prod: 0.195033, t_ads: 22.6, t_des: 20.6, bed_util_ads: 0.498, bed_util_des: 0.498, des_th: 0.49758491852473224,frac_lost: 0.100, li_recovered:  8.435, time: 0.011867105999044725
L: 3.33, u_super: 0.00031 — INFEASIBLE (li_recovered=0.000e+00), time: 0.0016134210000018356
L: 0.50, u_super: 0.00137 — INFEASIBLE (li_recovered=0.000e+00), time: 0.00451081099890871
L: 0.50, u_super: 0.00664, sec: 372.911, prod: 0.149814, t_ads: 29.5, t_des: 26.5, bed_util_ads: 0.499, bed_util_des: 0.499, des_th: 0.4992759231847618,frac_lost: 0.109, li_recovered:  8.382, time: 0.007865247998779523
L: 0.50, u_super: 0.00829, sec: 474.517, prod: 0.187397, t_ads: 23.6, t_des: 21.2, bed_util_ads: 0.500, bed_util_des: 0.500, des_th: 0.49999941560964456,frac_lost: 0.108, li_recovered:  8.393, time: 0.010674081999241025
L: 0.50, u_super: 0.00305, sec: 165.229, prod: 0.068182, t_ads: 63.0, t_des: 55.5, bed_util_ads: 0.500, bed_util_des: 0.499, des_th: 0.4993438592077632,frac_lost: 0.100, li_recovered:  8.075, time: 0.007691157999943243
L: 0.50, u_super: 0.00185, sec: 99.754, prod: 0.040530, t_ads: 103.6, t_des: 90.8, bed_util_ads: 0.496, bed_util_des: 0.495, des_th: 0.49524671543717075,frac_lost: 0.102, li_recovered:  7.878, time: 0.01290316700033145
L: 0.50, u_super: 0.00333, sec: 180.993, prod: 0.074294, t_ads: 58.4, t_des: 55.4, bed_util_ads: 0.490, bed_util_des: 0.489, des_th: 0.48934642691609415,frac_lost: 0.107, li_recovered:  8.456, time: 0.011595399000725592
L: 0.50, u_super: 0.00005, sec: 4.331, prod: 0.000668, t_ads: 3400.5, t_des: 5783.1, bed_util_ads: 0.251, bed_util_des: 0.185, des_th: 0.1851696623157332,frac_lost: 0.100, li_recovered:  6.139, time: 0.011735476000467315
L: 0.50, u_super: 0.00859, sec: 493.745, prod: 0.194123, t_ads: 22.8, t_des: 21.2, bed_util_ads: 0.496, bed_util_des: 0.496, des_th: 0.49578143642391115,frac_lost: 0.106, li_recovered:  8.535, time: 0.00897522599916556
L: 0.50, u_super: 0.00664, sec: 371.435, prod: 0.150409, t_ads: 29.2, t_des: 26.4, bed_util_ads: 0.500, bed_util_des: 0.499, des_th: 0.49946519362891145,frac_lost: 0.101, li_recovered:  8.370, time: 0.007938015000036103
L: 18.07, u_super: 0.00016 — INFEASIBLE (li_recovered=0.000e+00), time: 0.0016593020009167958
L: 25.50, u_super: 0.00553 — INFEASIBLE (li_recovered=0.000e+00), time: 0.0021246289998089196
L: 0.50, u_super: 0.00087, sec: 47.908, prod: 0.018639, t_ads: 213.5, t_des: 197.0, bed_util_ads: 0.480, bed_util_des: 0.479, des_th: 0.47917986099104853,frac_lost: 0.101, li_recovered:  7.652, time: 0.006759427000361029
L: 1.82, u_super: 0.00643, sec: 1359.521, prod: 0.139873, t_ads: 108.2, t_des: 92.3, bed_util_ads: 0.498, bed_util_des: 0.498, des_th: 0.4979363474986431,frac_lost: 0.104, li_recovered:  28.045, time: 0.007759613999951398
L: 49.97, u_super: 0.00667 — INFEASIBLE (li_recovered=0.000e+00), time: 0.0017216050000570249
L: 7.43, u_super: 0.00535 — INFEASIBLE (li_recovered=0.000e+00), time: 0.004175101999862818
L: 0.50, u_super: 0.00965, sec: 560.531, prod: 0.218597, t_ads: 20.3, t_des: 18.4, bed_util_ads: 0.500, bed_util_des: 0.499, des_th: 0.49942132725883337,frac_lost: 0.106, li_recovered:  8.456, time: 0.007666561999940313
   298 |    11920 |     40 |  0.0023260833 |             f
L: 32.80, u_super: 0.00905, sec: 73960.690, prod: 0.094929, t_ads: 1404.6, t_des: 4244.5, bed_util_ads: 0.266, bed_util_des: 0.200, des_th: 0.20006455114089164,frac_lost: 0.104, li_recovered:  536.268, time: 0.01306722300068941
L: 21.13, u_super: 0.00278 — INFEASIBLE (li_recovered=0.000e+00), time: 0.0017348189994663699
L: 0.50, u_super: 0.00585, sec: 447.420, prod: 0.095946, t_ads: 33.4, t_des: 57.3, bed_util_ads: 0.419, bed_util_des: 0.417, des_th: 0.4173477254147125,frac_lost: 0.105, li_recovered:  8.702, time: 0.009778380999705405
L: 0.50, u_super: 0.00615, sec: 342.105, prod: 0.139055, t_ads: 31.6, t_des: 28.5, bed_util_ads: 0.499, bed_util_des: 0.499, des_th: 0.4993570033524685,frac_lost: 0.102, li_recovered:  8.363, time: 0.006018017998940195
L: 0.50, u_super: 0.00218, sec: 118.882, prod: 0.047846, t_ads: 87.7, t_des: 74.8, bed_util_ads: 0.500, bed_util_des: 0.500, des_th: 0.4998976992142212,frac_lost: 0.101, li_recovered:  7.775, time: 0.006759455000064918
L: 0.50, u_super: 0.00990, sec: 576.736, prod: 0.224529, t_ads: 19.7, t_des: 17.9, bed_util_ads: 0.500, bed_util_des: 0.499, des_th: 0.4994213551000591,frac_lost: 0.105, li_recovered:  8.447, time: 0.006031111999618588
L: 0.50, u_super: 0.00391, sec: 213.438, prod: 0.087608, t_ads: 49.8, t_des: 43.9, bed_util_ads: 0.500, bed_util_des: 0.500, des_th: 0.49962790118451267,frac_lost: 0.107, li_recovered:  8.203, time: 0.007100703000105568
L: 0.50, u_super: 0.00821, sec: 469.333, prod: 0.185922, t_ads: 23.8, t_des: 21.4, bed_util_ads: 0.500, bed_util_des: 0.500, des_th: 0.4995073155138273,frac_lost: 0.106, li_recovered:  8.392, time: 0.006542979999721865
L: 0.50, u_super: 0.00035 — INFEASIBLE (li_recovered=0.000e+00), time: 0.0036010610001540044
L: 0.50, u_super: 0.00059, sec: 34.107, prod: 0.011739, t_ads: 310.5, t_des: 266.7, bed_util_ads: 0.479, bed_util_des: 0.479, des_th: 0.47917986099104853,frac_lost: 0.103, li_recovered:  6.776, time: 0.006169416001284844
L: 5.21, u_super: 0.00459 — INFEASIBLE (li_recovered=0.000e+00), time: 0.004104491001271526
L: 0.50, u_super: 0.00033, sec: 19.866, prod: 0.006204, t_ads: 527.6, t_des: 524.3, bed_util_ads: 0.440, bed_util_des: 0.436, des_th: 0.4362822680585793,frac_lost: 0.102, li_recovered:  6.526, time: 0.0069837850005569635
L: 0.50, u_super: 0.00304, sec: 164.607, prod: 0.067765, t_ads: 63.5, t_des: 55.8, bed_util_ads: 0.500, bed_util_des: 0.500, des_th: 0.4998672837582848,frac_lost: 0.103, li_recovered:  8.087, time: 0.0063393720010935795
L: 0.50, u_super: 0.00351, sec: 190.323, prod: 0.078664, t_ads: 55.4, t_des: 51.2, bed_util_ads: 0.493, bed_util_des: 0.493, des_th: 0.4930300629519625,frac_lost: 0.106, li_recovered:  8.382, time: 0.005527319999600877
L: 0.50, u_super: 0.00763, sec: 432.129, prod: 0.173071, t_ads: 25.4, t_des: 23.0, bed_util_ads: 0.500, bed_util_des: 0.500, des_th: 0.49995936559518994,frac_lost: 0.101, li_recovered:  8.385, time: 0.00586741899860499
L: 2.58, u_super: 0.00533 — INFEASIBLE (li_recovered=0.000e+00), time: 0.003260903999034781
L: 0.50, u_super: 0.00829, sec: 474.517, prod: 0.187397, t_ads: 23.6, t_des: 21.2, bed_util_ads: 0.500, bed_util_des: 0.500, des_th: 0.49999941560964456,frac_lost: 0.108, li_recovered:  8.393, time: 0.005476181000631186
L: 0.50, u_super: 0.00743, sec: 421.136, prod: 0.168064, t_ads: 26.3, t_des: 23.9, bed_util_ads: 0.499, bed_util_des: 0.498, des_th: 0.4983681222608908,frac_lost: 0.107, li_recovered:  8.446, time: 0.006117205000919057
L: 0.50, u_super: 0.00267, sec: 144.493, prod: 0.059226, t_ads: 72.1, t_des: 62.9, bed_util_ads: 0.500, bed_util_des: 0.500, des_th: 0.49984237701373546,frac_lost: 0.102, li_recovered:  7.995, time: 0.006593971000256715
L: 0.50, u_super: 0.00012 — INFEASIBLE (li_recovered=0.000e+00), time: 0.0017144350003945874
L: 0.50, u_super: 0.00859, sec: 493.019, prod: 0.194409, t_ads: 22.8, t_des: 20.9, bed_util_ads: 0.497, bed_util_des: 0.497, des_th: 0.4972642914268331,frac_lost: 0.106, li_recovered:  8.488, time: 0.007364955001321505
L: 15.70, u_super: 0.00640 — INFEASIBLE (li_recovered=0.000e+00), time: 0.002541547000873834
L: 0.50, u_super: 0.00906, sec: 524.143, prod: 0.204691, t_ads: 21.6, t_des: 20.3, bed_util_ads: 0.494, bed_util_des: 0.494, des_th: 0.4941368264123325,frac_lost: 0.105, li_recovered:  8.563, time: 0.00684797299982165
L: 0.50, u_super: 0.00258, sec: 140.783, prod: 0.056792, t_ads: 74.8, t_des: 74.4, bed_util_ads: 0.482, bed_util_des: 0.481, des_th: 0.4814856605093673,frac_lost: 0.103, li_recovered:  8.474, time: 0.006975114998567733
L: 0.50, u_super: 0.00763, sec: 434.232, prod: 0.172233, t_ads: 25.7, t_des: 23.8, bed_util_ads: 0.496, bed_util_des: 0.495, des_th: 0.49546003407171646,frac_lost: 0.109, li_recovered:  8.519, time: 0.00675599700116436
L: 0.50, u_super: 0.00805, sec: 458.866, prod: 0.182114, t_ads: 24.3, t_des: 22.1, bed_util_ads: 0.498, bed_util_des: 0.498, des_th: 0.49789345399387724,frac_lost: 0.106, li_recovered:  8.452, time: 0.006650252000326873
L: 0.50, u_super: 0.00609, sec: 339.084, prod: 0.137604, t_ads: 31.9, t_des: 28.5, bed_util_ads: 0.500, bed_util_des: 0.500, des_th: 0.4999725614251287,frac_lost: 0.103, li_recovered:  8.313, time: 0.007210747999124578
L: 0.50, u_super: 0.00502, sec: 344.093, prod: 0.090960, t_ads: 38.6, t_des: 56.7, bed_util_ads: 0.437, bed_util_des: 0.436, des_th: 0.4357428461186879,frac_lost: 0.101, li_recovered:  8.672, time: 0.009275028000047314
L: 0.50, u_super: 0.00694, sec: 539.601, prod: 0.113631, t_ads: 28.1, t_des: 48.6, bed_util_ads: 0.419, bed_util_des: 0.417, des_th: 0.41745825812450216,frac_lost: 0.104, li_recovered:  8.712, time: 0.011350177999702282
L: 0.50, u_super: 0.00865, sec: 496.660, prod: 0.195810, t_ads: 22.6, t_des: 20.8, bed_util_ads: 0.498, bed_util_des: 0.498, des_th: 0.49758491852473224,frac_lost: 0.105, li_recovered:  8.493, time: 0.008147380000082194
L: 0.50, u_super: 0.00005, sec: 4.331, prod: 0.000669, t_ads: 3400.5, t_des: 5784.7, bed_util_ads: 0.251, bed_util_des: 0.185, des_th: 0.1851696623157332,frac_lost: 0.100, li_recovered:  6.140, time: 0.010197980998782441
L: 0.50, u_super: 0.00585, sec: 324.262, prod: 0.132148, t_ads: 33.2, t_des: 30.5, bed_util_ads: 0.496, bed_util_des: 0.496, des_th: 0.49591873904287054,frac_lost: 0.103, li_recovered:  8.425, time: 0.007732916001259582
L: 0.50, u_super: 0.00990, sec: 576.779, prod: 0.224512, t_ads: 19.7, t_des: 17.9, bed_util_ads: 0.499, bed_util_des: 0.499, des_th: 0.49937514739646827,frac_lost: 0.105, li_recovered:  8.454, time: 0.00840246599909733
L: 0.50, u_super: 0.00060, sec: 34.942, prod: 0.011950, t_ads: 304.7, t_des: 258.3, bed_util_ads: 0.482, bed_util_des: 0.481, des_th: 0.48150124407088374,frac_lost: 0.104, li_recovered:  6.727, time: 0.00848008499997377
L: 0.50, u_super: 0.00473, sec: 259.042, prod: 0.106522, t_ads: 41.1, t_des: 37.2, bed_util_ads: 0.497, bed_util_des: 0.497, des_th: 0.4972197825122425,frac_lost: 0.104, li_recovered:  8.345, time: 0.007781603000694304
L: 0.50, u_super: 0.00862, sec: 495.775, prod: 0.194606, t_ads: 22.7, t_des: 21.3, bed_util_ads: 0.494, bed_util_des: 0.494, des_th: 0.4941455801048707,frac_lost: 0.105, li_recovered:  8.562, time: 0.008030335000512423
L: 0.50, u_super: 0.00945, sec: 548.030, prod: 0.213978, t_ads: 20.7, t_des: 19.0, bed_util_ads: 0.498, bed_util_des: 0.498, des_th: 0.49799490308326627,frac_lost: 0.106, li_recovered:  8.501, time: 0.007867766998970183
L: 0.50, u_super: 0.00807, sec: 460.502, prod: 0.182427, t_ads: 24.3, t_des: 22.0, bed_util_ads: 0.499, bed_util_des: 0.499, des_th: 0.49920778510067415,frac_lost: 0.108, li_recovered:  8.446, time: 0.009160222998616518
L: 0.50, u_super: 0.00658, sec: 367.926, prod: 0.149150, t_ads: 29.4, t_des: 26.7, bed_util_ads: 0.498, bed_util_des: 0.498, des_th: 0.49793448479324365,frac_lost: 0.100, li_recovered:  8.367, time: 0.007386965000478085
L: 0.50, u_super: 0.00305, sec: 164.982, prod: 0.067989, t_ads: 63.3, t_des: 55.6, bed_util_ads: 0.500, bed_util_des: 0.499, des_th: 0.4993438592077632,frac_lost: 0.102, li_recovered:  8.083, time: 0.007312544001251808
   299 |    11960 |     40 |  0.0039656853 |             f
L: 0.50, u_super: 0.00185, sec: 99.754, prod: 0.040530, t_ads: 103.6, t_des: 90.8, bed_util_ads: 0.496, bed_util_des: 0.495, des_th: 0.49524671543717075,frac_lost: 0.102, li_recovered:  7.878, time: 0.008184516000255826
L: 0.50, u_super: 0.00829, sec: 474.377, prod: 0.187452, t_ads: 23.6, t_des: 21.1, bed_util_ads: 0.500, bed_util_des: 0.500, des_th: 0.49996572392184835,frac_lost: 0.107, li_recovered:  8.385, time: 0.01224740899851895
L: 0.50, u_super: 0.00763, sec: 433.567, prod: 0.172497, t_ads: 25.7, t_des: 23.0, bed_util_ads: 0.500, bed_util_des: 0.500, des_th: 0.49954878338969444,frac_lost: 0.108, li_recovered:  8.393, time: 0.008305394998387783
L: 0.50, u_super: 0.00430, sec: 235.017, prod: 0.096551, t_ads: 45.3, t_des: 40.3, bed_util_ads: 0.499, bed_util_des: 0.499, des_th: 0.4992633136915857,frac_lost: 0.106, li_recovered:  8.268, time: 0.008345316999111674
L: 0.50, u_super: 0.00801, sec: 457.059, prod: 0.181222, t_ads: 24.4, t_des: 22.1, bed_util_ads: 0.499, bed_util_des: 0.499, des_th: 0.4989304462927645,frac_lost: 0.107, li_recovered:  8.441, time: 0.008443253000223194
L: 0.50, u_super: 0.00413, sec: 227.423, prod: 0.092086, t_ads: 47.2, t_des: 45.6, bed_util_ads: 0.489, bed_util_des: 0.488, des_th: 0.4884354560725941,frac_lost: 0.107, li_recovered:  8.540, time: 0.00980380500004685
L: 0.50, u_super: 0.00389, sec: 211.732, prod: 0.087380, t_ads: 50.0, t_des: 45.1, bed_util_ads: 0.497, bed_util_des: 0.497, des_th: 0.49714855747580894,frac_lost: 0.106, li_recovered:  8.307, time: 0.008705141999598709
L: 3.16, u_super: 0.00306 — INFEASIBLE (li_recovered=0.000e+00), time: 0.004934608999974444
L: 7.93, u_super: 0.00220 — INFEASIBLE (li_recovered=0.000e+00), time: 0.0026803250002558343
L: 0.50, u_super: 0.00021 — INFEASIBLE (li_recovered=0.000e+00), time: 0.003701232999446802
L: 0.50, u_super: 0.00167, sec: 91.130, prod: 0.036256, t_ads: 114.5, t_des: 97.9, bed_util_ads: 0.497, bed_util_des: 0.497, des_th: 0.4972197825122425,frac_lost: 0.104, li_recovered:  7.698, time: 0.008703613999387017
L: 0.50, u_super: 0.00119 — INFEASIBLE (li_recovered=0.000e+00), time: 0.005295220000334666
L: 0.50, u_super: 0.00097, sec: 55.197, prod: 0.020189, t_ads: 192.8, t_des: 158.9, bed_util_ads: 0.495, bed_util_des: 0.494, des_th: 0.4944533342809211,frac_lost: 0.105, li_recovered:  7.100, time: 0.011915445000340696
L: 0.50, u_super: 0.00351, sec: 190.380, prod: 0.078641, t_ads: 55.4, t_des: 51.3, bed_util_ads: 0.494, bed_util_des: 0.493, des_th: 0.49323782713016895,frac_lost: 0.107, li_recovered:  8.390, time: 0.0083897029999207
L: 0.50, u_super: 0.00013 — INFEASIBLE (li_recovered=0.000e+00), time: 0.0027310740006214473
L: 0.50, u_super: 0.00965, sec: 560.252, prod: 0.218706, t_ads: 20.2, t_des: 18.6, bed_util_ads: 0.497, bed_util_des: 0.497, des_th: 0.49652297617081903,frac_lost: 0.104, li_recovered:  8.500, time: 0.009302483998908428
L: 0.50, u_super: 0.00218, sec: 118.178, prod: 0.048131, t_ads: 88.4, t_des: 77.0, bed_util_ads: 0.499, bed_util_des: 0.499, des_th: 0.49905728576630287,frac_lost: 0.107, li_recovered:  7.959, time: 0.008182923000276787
L: 0.50, u_super: 0.00743, sec: 421.221, prod: 0.168030, t_ads: 26.3, t_des: 23.9, bed_util_ads: 0.499, bed_util_des: 0.498, des_th: 0.4983513843600435,frac_lost: 0.108, li_recovered:  8.446, time: 0.010087426000609412
L: 11.74, u_super: 0.00267 — INFEASIBLE (li_recovered=0.000e+00), time: 0.002330905001144856
L: 0.50, u_super: 0.00335, sec: 193.930, prod: 0.070364, t_ads: 57.9, t_des: 64.3, bed_util_ads: 0.471, bed_util_des: 0.470, des_th: 0.47009984880765293,frac_lost: 0.106, li_recovered:  8.599, time: 0.009565434998876299
L: 0.50, u_super: 0.00539, sec: 297.541, prod: 0.121622, t_ads: 36.0, t_des: 32.3, bed_util_ads: 0.500, bed_util_des: 0.499, des_th: 0.49947275719967243,frac_lost: 0.103, li_recovered:  8.311, time: 0.013933091000581044
L: 0.50, u_super: 0.00946, sec: 551.115, prod: 0.213417, t_ads: 20.7, t_des: 19.6, bed_util_ads: 0.494, bed_util_des: 0.494, des_th: 0.4940028024053729,frac_lost: 0.106, li_recovered:  8.590, time: 0.008437939000941697
L: 19.01, u_super: 0.00019 — INFEASIBLE (li_recovered=0.000e+00), time: 0.007112022000001161
L: 0.50, u_super: 0.00222, sec: 120.127, prod: 0.048849, t_ads: 87.2, t_des: 75.6, bed_util_ads: 0.499, bed_util_des: 0.499, des_th: 0.49893474973514657,frac_lost: 0.107, li_recovered:  7.952, time: 0.008744102000491694
L: 0.50, u_super: 0.00945, sec: 550.447, prod: 0.213038, t_ads: 20.7, t_des: 19.7, bed_util_ads: 0.494, bed_util_des: 0.493, des_th: 0.49336506964416954,frac_lost: 0.105, li_recovered:  8.599, time: 0.008419279000008828
L: 0.50, u_super: 0.00283, sec: 158.051, prod: 0.061134, t_ads: 68.1, t_des: 71.6, bed_util_ads: 0.477, bed_util_des: 0.476, des_th: 0.47582610210986226,frac_lost: 0.101, li_recovered:  8.542, time: 0.012182251000922406
L: 0.50, u_super: 0.00193, sec: 104.149, prod: 0.042564, t_ads: 99.0, t_des: 96.9, bed_util_ads: 0.482, bed_util_des: 0.481, des_th: 0.48150124407088374,frac_lost: 0.100, li_recovered:  8.338, time: 0.007869402999858721
L: 0.50, u_super: 0.00990, sec: 576.637, prod: 0.224567, t_ads: 19.7, t_des: 17.9, bed_util_ads: 0.500, bed_util_des: 0.499, des_th: 0.4994289291339886,frac_lost: 0.104, li_recovered:  8.451, time: 0.009688132999144727
L: 0.50, u_super: 0.00711, sec: 399.613, prod: 0.161135, t_ads: 27.3, t_des: 24.7, bed_util_ads: 0.498, bed_util_des: 0.498, des_th: 0.49793448479324365,frac_lost: 0.100, li_recovered:  8.375, time: 0.008308687998578534
L: 0.50, u_super: 0.00439, sec: 243.267, prod: 0.097395, t_ads: 44.2, t_des: 43.8, bed_util_ads: 0.486, bed_util_des: 0.486, des_th: 0.4855848566355723,frac_lost: 0.104, li_recovered:  8.577, time: 0.01928405000035127
L: 20.68, u_super: 0.00664 — INFEASIBLE (li_recovered=0.000e+00), time: 0.0026905989998340374
L: 0.50, u_super: 0.00244, sec: 132.260, prod: 0.053695, t_ads: 79.0, t_des: 78.2, bed_util_ads: 0.482, bed_util_des: 0.482, des_th: 0.48157591969306035,frac_lost: 0.102, li_recovered:  8.444, time: 0.008118294999803766
L: 0.50, u_super: 0.00906, sec: 662.962, prod: 0.161831, t_ads: 21.6, t_des: 32.3, bed_util_ads: 0.437, bed_util_des: 0.436, des_th: 0.43589680065506864,frac_lost: 0.105, li_recovered:  8.723, time: 0.01023852199978137
L: 0.50, u_super: 0.00990, sec: 576.600, prod: 0.224582, t_ads: 19.7, t_des: 17.9, bed_util_ads: 0.499, bed_util_des: 0.499, des_th: 0.49920694195944176,frac_lost: 0.104, li_recovered:  8.451, time: 0.011765433000618941
L: 0.50, u_super: 0.00389, sec: 1755.319, prod: 0.010557, t_ads: 50.4, t_des: 781.8, bed_util_ads: 0.192, bed_util_des: 0.185, des_th: 0.1851696623157332,frac_lost: 0.104, li_recovered:  8.785, time: 0.09816108499944676
L: 0.50, u_super: 0.00945, sec: 573.933, prod: 0.204320, t_ads: 20.7, t_des: 21.9, bed_util_ads: 0.479, bed_util_des: 0.479, des_th: 0.4789952150172227,frac_lost: 0.105, li_recovered:  8.705, time: 0.009259888000087813
L: 0.50, u_super: 0.00763, sec: 432.017, prod: 0.173116, t_ads: 25.4, t_des: 23.0, bed_util_ads: 0.500, bed_util_des: 0.499, des_th: 0.4994953219031424,frac_lost: 0.101, li_recovered:  8.391, time: 0.0077050670006428845
L: 0.50, u_super: 0.00063 — INFEASIBLE (li_recovered=0.000e+00), time: 0.003815506999671925
L: 14.29, u_super: 0.00319 — INFEASIBLE (li_recovered=0.000e+00), time: 0.0020642460003728047
L: 0.50, u_super: 0.00032, sec: 55.614, prod: 0.002195, t_ads: 608.4, t_des: 3337.3, bed_util_ads: 0.248, bed_util_des: 0.201, des_th: 0.2005487736904842,frac_lost: 0.102, li_recovered:  8.659, time: 0.022450250999099808
   300 |    12000 |     40 |  0.0016005903 |             f
L: 14.06, u_super: 0.00945 — INFEASIBLE (li_recovered=0.000e+00), time: 0.0033236309991480084
L: 0.50, u_super: 0.00556, sec: 307.464, prod: 0.125607, t_ads: 34.9, t_des: 31.2, bed_util_ads: 0.500, bed_util_des: 0.500, des_th: 0.49988528330541554,frac_lost: 0.101, li_recovered:  8.301, time: 0.008012391999727697
L: 0.50, u_super: 0.00097, sec: 53.128, prod: 0.020925, t_ads: 193.5, t_des: 178.8, bed_util_ads: 0.483, bed_util_des: 0.481, des_th: 0.48150124407088374,frac_lost: 0.105, li_recovered:  7.789, time: 0.00419425499967474
L: 0.50, u_super: 0.00665, sec: 371.798, prod: 0.150535, t_ads: 29.2, t_des: 26.5, bed_util_ads: 0.498, bed_util_des: 0.498, des_th: 0.4979298616983918,frac_lost: 0.101, li_recovered:  8.384, time: 0.010127514999112464
L: 0.50, u_super: 0.00644, sec: 377.716, prod: 0.138705, t_ads: 30.4, t_des: 32.1, bed_util_ads: 0.479, bed_util_des: 0.478, des_th: 0.4782715255747697,frac_lost: 0.108, li_recovered:  8.679, time: 0.008436099999016733
L: 80.03, u_super: 0.00884 — INFEASIBLE (li_recovered=0.000e+00), time: 0.0016438849997939542
L: 0.50, u_super: 0.00685, sec: 389.863, prod: 0.152987, t_ads: 28.6, t_des: 27.8, bed_util_ads: 0.490, bed_util_des: 0.490, des_th: 0.48994046054530904,frac_lost: 0.107, li_recovered:  8.619, time: 0.004753388999233721
L: 0.50, u_super: 0.00896, sec: 518.384, prod: 0.202335, t_ads: 21.8, t_des: 20.5, bed_util_ads: 0.494, bed_util_des: 0.494, des_th: 0.4941368264123325,frac_lost: 0.107, li_recovered:  8.564, time: 0.006440249999286607
L: 0.50, u_super: 0.00975, sec: 567.254, prod: 0.221190, t_ads: 20.0, t_des: 18.2, bed_util_ads: 0.499, bed_util_des: 0.499, des_th: 0.49931836182459394,frac_lost: 0.105, li_recovered:  8.453, time: 0.004361141000117641
L: 26.03, u_super: 0.00007 — INFEASIBLE (li_recovered=0.000e+00), time: 0.0010458929991727928
L: 0.50, u_super: 0.00250, sec: 135.417, prod: 0.055218, t_ads: 77.3, t_des: 66.9, bed_util_ads: 0.500, bed_util_des: 0.500, des_th: 0.4998672837582848,frac_lost: 0.105, li_recovered:  7.963, time: 0.006284305000008317
L: 0.50, u_super: 0.00829, sec: 587.370, prod: 0.151392, t_ads: 23.5, t_des: 34.0, bed_util_ads: 0.440, bed_util_des: 0.440, des_th: 0.43977791859198523,frac_lost: 0.103, li_recovered:  8.714, time: 0.007670815000892617
L: 0.50, u_super: 0.00048, sec: 115.859, prod: 0.002360, t_ads: 409.9, t_des: 3315.6, bed_util_ads: 0.225, bed_util_des: 0.185, des_th: 0.1851696623157332,frac_lost: 0.104, li_recovered:  8.791, time: 0.03811028299969621
L: 0.50, u_super: 0.00867, sec: 498.207, prod: 0.196404, t_ads: 22.5, t_des: 20.7, bed_util_ads: 0.498, bed_util_des: 0.497, des_th: 0.4975029163238977,frac_lost: 0.105, li_recovered:  8.497, time: 0.006867576999866287
L: 32.48, u_super: 0.00624 — INFEASIBLE (li_recovered=0.000e+00), time: 0.002115078999850084
L: 0.50, u_super: 0.00031 — INFEASIBLE (li_recovered=0.000e+00), time: 0.004249943000104395
L: 0.50, u_super: 0.00463, sec: 254.014, prod: 0.104321, t_ads: 42.0, t_des: 37.8, bed_util_ads: 0.498, bed_util_des: 0.498, des_th: 0.49762297252727294,frac_lost: 0.105, li_recovered:  8.325, time: 0.005764640000052168
L: 0.50, u_super: 0.00142, sec: 78.155, prod: 0.030646, t_ads: 133.0, t_des: 113.2, bed_util_ads: 0.497, bed_util_des: 0.497, des_th: 0.4970714357270679,frac_lost: 0.101, li_recovered:  7.547, time: 0.0063882160011417
L: 7.31, u_super: 0.00119 — INFEASIBLE (li_recovered=0.000e+00), time: 0.001381960000799154
L: 0.50, u_super: 0.00826, sec: 471.113, prod: 0.187516, t_ads: 23.5, t_des: 21.2, bed_util_ads: 0.500, bed_util_des: 0.500, des_th: 0.49996572392184835,frac_lost: 0.100, li_recovered:  8.380, time: 0.006353464001222164
L: 8.18, u_super: 0.00859 — INFEASIBLE (li_recovered=0.000e+00), time: 0.003181923000738607
L: 0.50, u_super: 0.00710, sec: 399.319, prod: 0.160979, t_ads: 27.3, t_des: 24.7, bed_util_ads: 0.500, bed_util_des: 0.499, des_th: 0.4994698107097856,frac_lost: 0.101, li_recovered:  8.375, time: 0.005780518000392476
L: 0.50, u_super: 0.00328, sec: 177.765, prod: 0.073398, t_ads: 59.3, t_des: 53.5, bed_util_ads: 0.496, bed_util_des: 0.496, des_th: 0.4961303201220544,frac_lost: 0.108, li_recovered:  8.280, time: 0.006755831000191392
L: 58.56, u_super: 0.00440 — INFEASIBLE (li_recovered=0.000e+00), time: 0.0012250609997863648
L: 0.50, u_super: 0.00488, sec: 268.180, prod: 0.110050, t_ads: 39.8, t_des: 35.6, bed_util_ads: 0.500, bed_util_des: 0.500, des_th: 0.49990552005608346,frac_lost: 0.103, li_recovered:  8.291, time: 0.005915612999160658
L: 0.50, u_super: 0.00413, sec: 225.265, prod: 0.092589, t_ads: 47.2, t_des: 44.1, bed_util_ads: 0.493, bed_util_des: 0.493, des_th: 0.49299102881422663,frac_lost: 0.106, li_recovered:  8.453, time: 0.005328355999154155
L: 0.50, u_super: 0.00391, sec: 212.710, prod: 0.087681, t_ads: 49.9, t_des: 44.9, bed_util_ads: 0.498, bed_util_des: 0.497, des_th: 0.49725147832044153,frac_lost: 0.107, li_recovered:  8.311, time: 0.006544711000969983
L: 103.82, u_super: 0.00031 — INFEASIBLE (li_recovered=0.000e+00), time: 0.001040602001012303
L: 0.50, u_super: 0.00989, sec: 576.077, prod: 0.224284, t_ads: 19.7, t_des: 17.9, bed_util_ads: 0.500, bed_util_des: 0.499, des_th: 0.49942132725883337,frac_lost: 0.105, li_recovered:  8.448, time: 0.0072041940002236515
L: 0.50, u_super: 0.00060 — INFEASIBLE (li_recovered=0.000e+00), time: 0.0039065510009095306
L: 0.50, u_super: 0.00182, sec: 99.012, prod: 0.039640, t_ads: 106.2, t_des: 105.0, bed_util_ads: 0.481, bed_util_des: 0.480, des_th: 0.48006854032286234,frac_lost: 0.108, li_recovered:  8.371, time: 0.007443098998919595
L: 0.50, u_super: 0.00166, sec: 89.166, prod: 0.036589, t_ads: 115.2, t_des: 107.0, bed_util_ads: 0.487, bed_util_des: 0.487, des_th: 0.4865882768365619,frac_lost: 0.103, li_recovered:  8.131, time: 0.00838264100093511
L: 0.50, u_super: 0.00892, sec: 648.748, prod: 0.160098, t_ads: 21.9, t_des: 32.6, bed_util_ads: 0.437, bed_util_des: 0.436, des_th: 0.4362822680585793,frac_lost: 0.103, li_recovered:  8.719, time: 0.011816707999969367
L: 0.50, u_super: 0.00584, sec: 344.370, prod: 0.124065, t_ads: 33.3, t_des: 36.6, bed_util_ads: 0.474, bed_util_des: 0.473, des_th: 0.4733439400426303,frac_lost: 0.102, li_recovered:  8.667, time: 0.00879710399931355
L: 2.07, u_super: 0.00488, sec: 1154.413, prod: 0.105587, t_ads: 160.7, t_des: 143.8, bed_util_ads: 0.489, bed_util_des: 0.488, des_th: 0.48838257277502445,frac_lost: 0.106, li_recovered:  32.155, time: 0.008462501999019878
L: 0.50, u_super: 0.00398, sec: 222.135, prod: 0.087346, t_ads: 48.9, t_des: 49.5, bed_util_ads: 0.482, bed_util_des: 0.482, des_th: 0.48157668560900824,frac_lost: 0.106, li_recovered:  8.592, time: 0.0092735519992857
L: 31.46, u_super: 0.00042 — INFEASIBLE (li_recovered=0.000e+00), time: 0.0016554499998164829
L: 0.50, u_super: 0.00313, sec: 169.594, prod: 0.069779, t_ads: 61.8, t_des: 54.2, bed_util_ads: 0.500, bed_util_des: 0.500, des_th: 0.4998137840860119,frac_lost: 0.104, li_recovered:  8.095, time: 0.008250894999946468
L: 0.50, u_super: 0.00809, sec: 2840.197, prod: 0.029731, t_ads: 24.3, t_des: 270.9, bed_util_ads: 0.221, bed_util_des: 0.218, des_th: 0.2176983526268496,frac_lost: 0.105, li_recovered:  8.776, time: 0.041666805000204477
L: 0.50, u_super: 0.00622, sec: 346.272, prod: 0.140862, t_ads: 31.2, t_des: 28.6, bed_util_ads: 0.497, bed_util_des: 0.497, des_th: 0.4972079737876489,frac_lost: 0.101, li_recovered:  8.421, time: 0.009005827998407767
   301 |    12040 |     40 |  0.0041212311 |             f
L: 0.50, u_super: 0.00119, sec: 80.776, prod: 0.020713, t_ads: 160.7, t_des: 244.0, bed_util_ads: 0.421, bed_util_des: 0.416, des_th: 0.4159448518171758,frac_lost: 0.103, li_recovered:  8.381, time: 0.01041054699999222
L: 0.50, u_super: 0.00811, sec: 485.574, prod: 0.175112, t_ads: 24.1, t_des: 25.6, bed_util_ads: 0.479, bed_util_des: 0.478, des_th: 0.4783500373363754,frac_lost: 0.106, li_recovered:  8.696, time: 0.012789263999366085
L: 0.50, u_super: 0.00443, sec: 242.177, prod: 0.099631, t_ads: 44.0, t_des: 39.7, bed_util_ads: 0.498, bed_util_des: 0.498, des_th: 0.4975879134994211,frac_lost: 0.106, li_recovered:  8.333, time: 0.009851021999566001
L: 0.50, u_super: 0.00826, sec: 474.893, prod: 0.186023, t_ads: 23.7, t_des: 22.5, bed_util_ads: 0.493, bed_util_des: 0.493, des_th: 0.4930835697474013,frac_lost: 0.107, li_recovered:  8.585, time: 0.011081389000537456
L: 0.50, u_super: 0.00319, sec: 172.798, prod: 0.071306, t_ads: 60.4, t_des: 53.2, bed_util_ads: 0.500, bed_util_des: 0.499, des_th: 0.49941137967367044,frac_lost: 0.101, li_recovered:  8.101, time: 0.009070369000255596
L: 3.24, u_super: 0.00436 — INFEASIBLE (li_recovered=0.000e+00), time: 0.00438568400022632
L: 0.50, u_super: 0.00584, sec: 323.664, prod: 0.132001, t_ads: 33.3, t_des: 30.5, bed_util_ads: 0.497, bed_util_des: 0.497, des_th: 0.4967265496767258,frac_lost: 0.102, li_recovered:  8.414, time: 0.009022603999255807
L: 0.50, u_super: 0.00246, sec: 141.215, prod: 0.051449, t_ads: 78.2, t_des: 87.6, bed_util_ads: 0.467, bed_util_des: 0.466, des_th: 0.4658096193671727,frac_lost: 0.101, li_recovered:  8.528, time: 0.010768853000627132
L: 0.50, u_super: 0.00581, sec: 322.459, prod: 0.131111, t_ads: 33.5, t_des: 29.9, bed_util_ads: 0.499, bed_util_des: 0.499, des_th: 0.49919009728806907,frac_lost: 0.104, li_recovered:  8.313, time: 0.00772786199922848
L: 0.50, u_super: 0.00906, sec: 523.608, prod: 0.204901, t_ads: 21.5, t_des: 20.3, bed_util_ads: 0.494, bed_util_des: 0.494, des_th: 0.4941368264123325,frac_lost: 0.103, li_recovered:  8.559, time: 0.008270058999187313
L: 0.50, u_super: 0.00119, sec: 66.587, prod: 0.025208, t_ads: 158.5, t_des: 131.9, bed_util_ads: 0.498, bed_util_des: 0.497, des_th: 0.49759523715521237,frac_lost: 0.105, li_recovered:  7.320, time: 0.009514282000964158
L: 0.50, u_super: 0.00164, sec: 87.950, prod: 0.036042, t_ads: 116.9, t_des: 110.1, bed_util_ads: 0.486, bed_util_des: 0.485, des_th: 0.4855848566355723,frac_lost: 0.103, li_recovered:  8.181, time: 0.007447146001140936
L: 0.50, u_super: 0.00832, sec: 556.223, prod: 0.161192, t_ads: 23.5, t_des: 30.6, bed_util_ads: 0.453, bed_util_des: 0.452, des_th: 0.4524862961430419,frac_lost: 0.104, li_recovered:  8.711, time: 0.006447593999837409
L: 0.50, u_super: 0.00231, sec: 125.377, prod: 0.051016, t_ads: 83.5, t_des: 72.3, bed_util_ads: 0.499, bed_util_des: 0.499, des_th: 0.49918341680293027,frac_lost: 0.106, li_recovered:  7.948, time: 0.005586540000876994
L: 0.50, u_super: 0.00039 — INFEASIBLE (li_recovered=0.000e+00), time: 0.003156941000270308
L: 0.50, u_super: 0.00005, sec: 4.324, prod: 0.000670, t_ads: 3442.0, t_des: 5873.1, bed_util_ads: 0.253, bed_util_des: 0.185, des_th: 0.1851696623157332,frac_lost: 0.103, li_recovered:  6.237, time: 0.007066609001412871
L: 0.50, u_super: 0.00581, sec: 322.245, prod: 0.131479, t_ads: 33.4, t_des: 30.6, bed_util_ads: 0.496, bed_util_des: 0.496, des_th: 0.4961726934527416,frac_lost: 0.102, li_recovered:  8.419, time: 0.006459240999902249
L: 0.50, u_super: 0.00117, sec: 65.645, prod: 0.024726, t_ads: 161.6, t_des: 133.8, bed_util_ads: 0.498, bed_util_des: 0.498, des_th: 0.49762297252727294,frac_lost: 0.107, li_recovered:  7.305, time: 0.006144984001366538
L: 0.50, u_super: 0.00041 — INFEASIBLE (li_recovered=0.000e+00), time: 0.002608648999739671
L: 0.50, u_super: 0.00103 — INFEASIBLE (li_recovered=0.000e+00), time: 0.0026463430003786925
L: 15.74, u_super: 0.00976 — INFEASIBLE (li_recovered=0.000e+00), time: 0.002227995999419363
L: 0.50, u_super: 0.00005, sec: 4.353, prod: 0.000665, t_ads: 3314.2, t_des: 5394.4, bed_util_ads: 0.254, bed_util_des: 0.193, des_th: 0.19308577949455666,frac_lost: 0.101, li_recovered:  5.792, time: 0.009035451999807265
L: 0.50, u_super: 0.00351, sec: 190.869, prod: 0.078439, t_ads: 55.4, t_des: 48.8, bed_util_ads: 0.500, bed_util_des: 0.500, des_th: 0.4997953578799368,frac_lost: 0.107, li_recovered:  8.178, time: 0.005317080000168062
L: 0.50, u_super: 0.00630, sec: 369.165, prod: 0.135483, t_ads: 30.8, t_des: 33.2, bed_util_ads: 0.476, bed_util_des: 0.476, des_th: 0.4756599638554146,frac_lost: 0.100, li_recovered:  8.669, time: 0.0069114529997023055
L: 0.50, u_super: 0.00388, sec: 211.151, prod: 0.086894, t_ads: 50.1, t_des: 44.4, bed_util_ads: 0.499, bed_util_des: 0.499, des_th: 0.4989916177485764,frac_lost: 0.105, li_recovered:  8.213, time: 0.009441435999178793
L: 43.99, u_super: 0.00945 — INFEASIBLE (li_recovered=0.000e+00), time: 0.001837844998590299
L: 33.88, u_super: 0.00682 — INFEASIBLE (li_recovered=0.000e+00), time: 0.0016145429999596672
L: 0.50, u_super: 0.00802, sec: 457.480, prod: 0.181298, t_ads: 24.4, t_des: 22.4, bed_util_ads: 0.497, bed_util_des: 0.497, des_th: 0.4969483112180411,frac_lost: 0.107, li_recovered:  8.487, time: 0.007553011000709375
L: 13.48, u_super: 0.00873 — INFEASIBLE (li_recovered=0.000e+00), time: 0.002424581000013859
L: 58.22, u_super: 0.00142 — INFEASIBLE (li_recovered=0.000e+00), time: 0.0010868959998333594
L: 0.50, u_super: 0.00286, sec: 159.417, prod: 0.061638, t_ads: 67.6, t_des: 71.0, bed_util_ads: 0.477, bed_util_des: 0.476, des_th: 0.47582610210986226,frac_lost: 0.102, li_recovered:  8.544, time: 0.007655926001461921
L: 0.50, u_super: 0.00421, sec: 230.304, prod: 0.094555, t_ads: 46.1, t_des: 40.7, bed_util_ads: 0.500, bed_util_des: 0.500, des_th: 0.49966436786521695,frac_lost: 0.104, li_recovered:  8.204, time: 0.005842968001161353
L: 0.50, u_super: 0.00816, sec: 480.951, prod: 0.179013, t_ads: 23.9, t_des: 24.6, bed_util_ads: 0.484, bed_util_des: 0.484, des_th: 0.48383525043438463,frac_lost: 0.105, li_recovered:  8.684, time: 0.00664369500009343
L: 0.50, u_super: 0.00760, sec: 447.483, prod: 0.165741, t_ads: 25.7, t_des: 26.7, bed_util_ads: 0.482, bed_util_des: 0.481, des_th: 0.4811748657066832,frac_lost: 0.107, li_recovered:  8.685, time: 0.0085122099990258
L: 11.53, u_super: 0.00351 — INFEASIBLE (li_recovered=0.000e+00), time: 0.0023064540000632405
L: 0.50, u_super: 0.00504, sec: 277.961, prod: 0.113610, t_ads: 38.6, t_des: 36.1, bed_util_ads: 0.495, bed_util_des: 0.494, des_th: 0.49448592095148003,frac_lost: 0.105, li_recovered:  8.480, time: 0.007945760999064078
L: 31.05, u_super: 0.00443 — INFEASIBLE (li_recovered=0.000e+00), time: 0.0018834389993571676
L: 0.50, u_super: 0.00919, sec: 531.080, prod: 0.208027, t_ads: 21.3, t_des: 19.5, bed_util_ads: 0.497, bed_util_des: 0.497, des_th: 0.49715162786782663,frac_lost: 0.106, li_recovered:  8.488, time: 0.005979517998639494
L: 0.50, u_super: 0.00581, sec: 322.145, prod: 0.131400, t_ads: 33.4, t_des: 30.3, bed_util_ads: 0.498, bed_util_des: 0.498, des_th: 0.49762297252727294,frac_lost: 0.102, li_recovered:  8.371, time: 0.0058649479997257
L: 0.50, u_super: 0.00423, sec: 230.996, prod: 0.095167, t_ads: 46.0, t_des: 42.1, bed_util_ads: 0.496, bed_util_des: 0.496, des_th: 0.49610251201441724,frac_lost: 0.106, li_recovered:  8.381, time: 0.005598677000307362
   302 |    12080 |     40 |  0.0015514861 |             f
L: 0.50, u_super: 0.00016 — INFEASIBLE (li_recovered=0.000e+00), time: 0.00220750200060138
L: 0.50, u_super: 0.00917, sec: 532.428, prod: 0.206780, t_ads: 21.3, t_des: 20.2, bed_util_ads: 0.493, bed_util_des: 0.493, des_th: 0.4930300629519625,frac_lost: 0.106, li_recovered:  8.590, time: 0.005695470999853569
L: 0.50, u_super: 0.00119, sec: 64.327, prod: 0.025832, t_ads: 159.7, t_des: 150.2, bed_util_ads: 0.483, bed_util_des: 0.481, des_th: 0.48150124407088374,frac_lost: 0.104, li_recovered:  8.006, time: 0.006932324000445078
L: 0.50, u_super: 0.00743, sec: 422.454, prod: 0.167540, t_ads: 26.3, t_des: 24.8, bed_util_ads: 0.495, bed_util_des: 0.494, des_th: 0.4944221076583105,frac_lost: 0.107, li_recovered:  8.557, time: 0.005433417998574441
L: 0.50, u_super: 0.00413, sec: 225.144, prod: 0.092639, t_ads: 47.1, t_des: 44.1, bed_util_ads: 0.493, bed_util_des: 0.493, des_th: 0.4925758051624613,frac_lost: 0.105, li_recovered:  8.453, time: 0.004742559000078472
L: 0.50, u_super: 0.00600, sec: 333.120, prod: 0.135822, t_ads: 32.3, t_des: 29.7, bed_util_ads: 0.497, bed_util_des: 0.497, des_th: 0.4972115251186045,frac_lost: 0.101, li_recovered:  8.420, time: 0.004761342999699991
L: 0.50, u_super: 0.00312, sec: 172.090, prod: 0.068585, t_ads: 62.1, t_des: 62.3, bed_util_ads: 0.482, bed_util_des: 0.482, des_th: 0.48181351226867464,frac_lost: 0.106, li_recovered:  8.537, time: 0.00493086200003745
L: 0.50, u_super: 0.00007 — INFEASIBLE (li_recovered=0.000e+00), time: 0.0010056600003736094
L: 0.50, u_super: 0.00179, sec: 96.922, prod: 0.039326, t_ads: 106.7, t_des: 105.2, bed_util_ads: 0.481, bed_util_des: 0.480, des_th: 0.48006854032286234,frac_lost: 0.101, li_recovered:  8.330, time: 0.0040661460006958805
L: 3.56, u_super: 0.00783 — INFEASIBLE (li_recovered=0.000e+00), time: 0.0031830899988563033
L: 0.50, u_super: 0.00556, sec: 307.479, prod: 0.125601, t_ads: 34.9, t_des: 31.3, bed_util_ads: 0.500, bed_util_des: 0.500, des_th: 0.4999212155140706,frac_lost: 0.102, li_recovered:  8.314, time: 0.005152304000148433
L: 0.50, u_super: 0.00685, sec: 384.055, prod: 0.155300, t_ads: 28.3, t_des: 25.9, bed_util_ads: 0.497, bed_util_des: 0.497, des_th: 0.49681289447796456,frac_lost: 0.101, li_recovered:  8.426, time: 0.00437836499986588
L: 0.50, u_super: 0.00763, sec: 433.889, prod: 0.172369, t_ads: 25.7, t_des: 23.5, bed_util_ads: 0.497, bed_util_des: 0.497, des_th: 0.49718214566454355,frac_lost: 0.109, li_recovered:  8.483, time: 0.004474851999475504
L: 0.50, u_super: 0.00401, sec: 218.270, prod: 0.090149, t_ads: 48.4, t_des: 44.8, bed_util_ads: 0.494, bed_util_des: 0.494, des_th: 0.49374385655401204,frac_lost: 0.105, li_recovered:  8.400, time: 0.003862337000100524
L: 0.50, u_super: 0.00640, sec: 450.198, prod: 0.114923, t_ads: 30.6, t_des: 45.1, bed_util_ads: 0.437, bed_util_des: 0.436, des_th: 0.4362822680585793,frac_lost: 0.108, li_recovered:  8.703, time: 0.004653684000004432
L: 0.50, u_super: 0.00321, sec: 173.658, prod: 0.071873, t_ads: 60.0, t_des: 53.3, bed_util_ads: 0.498, bed_util_des: 0.498, des_th: 0.49775021696135097,frac_lost: 0.101, li_recovered:  8.146, time: 0.005943357000433025
L: 0.50, u_super: 0.00826, sec: 472.417, prod: 0.186999, t_ads: 23.7, t_des: 21.5, bed_util_ads: 0.500, bed_util_des: 0.499, des_th: 0.49949438500533005,frac_lost: 0.106, li_recovered:  8.438, time: 0.00418014599927119
L: 0.50, u_super: 0.00782, sec: 461.974, prod: 0.170474, t_ads: 25.0, t_des: 25.9, bed_util_ads: 0.482, bed_util_des: 0.481, des_th: 0.48150124407088374,frac_lost: 0.107, li_recovered:  8.688, time: 0.005201553998631425
L: 0.50, u_super: 0.00643, sec: 378.909, prod: 0.137690, t_ads: 30.4, t_des: 32.6, bed_util_ads: 0.478, bed_util_des: 0.477, des_th: 0.4771314773574324,frac_lost: 0.107, li_recovered:  8.680, time: 0.004612575999999535
L: 0.50, u_super: 0.00379, sec: 206.365, prod: 0.084813, t_ads: 51.3, t_des: 45.3, bed_util_ads: 0.500, bed_util_des: 0.499, des_th: 0.49942132725883337,frac_lost: 0.106, li_recovered:  8.199, time: 0.004666804999942542
L: 0.59, u_super: 0.00060 — INFEASIBLE (li_recovered=0.000e+00), time: 0.0027894690010725753
L: 0.50, u_super: 0.00463, sec: 254.014, prod: 0.104321, t_ads: 42.0, t_des: 37.8, bed_util_ads: 0.498, bed_util_des: 0.498, des_th: 0.49762297252727294,frac_lost: 0.105, li_recovered:  8.325, time: 0.005885829999897396
L: 0.50, u_super: 0.00763, sec: 433.658, prod: 0.172461, t_ads: 25.7, t_des: 22.9, bed_util_ads: 0.500, bed_util_des: 0.500, des_th: 0.49980020570384637,frac_lost: 0.108, li_recovered:  8.382, time: 0.005942460000369465
L: 9.00, u_super: 0.00947 — INFEASIBLE (li_recovered=0.000e+00), time: 0.0022941629995330004
L: 0.50, u_super: 0.00540, sec: 299.667, prod: 0.121288, t_ads: 35.9, t_des: 34.5, bed_util_ads: 0.491, bed_util_des: 0.490, des_th: 0.49033891953215364,frac_lost: 0.102, li_recovered:  8.549, time: 0.004210283001157222
L: 0.50, u_super: 0.00512, sec: 1578.543, prod: 0.020663, t_ads: 38.4, t_des: 386.3, bed_util_ads: 0.229, bed_util_des: 0.224, des_th: 0.2239864771828224,frac_lost: 0.107, li_recovered:  8.775, time: 0.022762134000004153
L: 0.50, u_super: 0.00886, sec: 510.912, prod: 0.200583, t_ads: 22.1, t_des: 20.2, bed_util_ads: 0.498, bed_util_des: 0.498, des_th: 0.49775021696135097,frac_lost: 0.107, li_recovered:  8.490, time: 0.0051491090016497765
L: 0.50, u_super: 0.00330, sec: 178.697, prod: 0.073787, t_ads: 58.9, t_des: 52.7, bed_util_ads: 0.497, bed_util_des: 0.497, des_th: 0.4970714357270679,frac_lost: 0.107, li_recovered:  8.235, time: 0.00542047300041304
L: 0.50, u_super: 0.00801, sec: 456.627, prod: 0.181394, t_ads: 24.4, t_des: 22.2, bed_util_ads: 0.499, bed_util_des: 0.499, des_th: 0.49909902530131156,frac_lost: 0.106, li_recovered:  8.444, time: 0.004554966000796412
L: 0.50, u_super: 0.00584, sec: 326.326, prod: 0.130925, t_ads: 33.3, t_des: 32.3, bed_util_ads: 0.490, bed_util_des: 0.489, des_th: 0.48930024720010395,frac_lost: 0.102, li_recovered:  8.577, time: 0.005437518000690034
L: 0.50, u_super: 0.00224, sec: 122.019, prod: 0.048953, t_ads: 86.3, t_des: 86.2, bed_util_ads: 0.481, bed_util_des: 0.480, des_th: 0.48006854032286234,frac_lost: 0.105, li_recovered:  8.443, time: 0.0053511790010816185
L: 0.50, u_super: 0.00142, sec: 79.213, prod: 0.030237, t_ads: 133.2, t_des: 109.9, bed_util_ads: 0.499, bed_util_des: 0.499, des_th: 0.4993844807331234,frac_lost: 0.102, li_recovered:  7.349, time: 0.004956307999236742
L: 0.50, u_super: 0.00130, sec: 72.546, prod: 0.027551, t_ads: 145.8, t_des: 120.5, bed_util_ads: 0.499, bed_util_des: 0.499, des_th: 0.49918341680293027,frac_lost: 0.104, li_recovered:  7.338, time: 0.006732673999067629
L: 0.50, u_super: 0.00045 — INFEASIBLE (li_recovered=0.000e+00), time: 0.00404610599980515
L: 0.50, u_super: 0.00882, sec: 507.432, prod: 0.199798, t_ads: 22.1, t_des: 19.9, bed_util_ads: 0.500, bed_util_des: 0.499, des_th: 0.49941137967367044,frac_lost: 0.105, li_recovered:  8.400, time: 0.008044247999350773
L: 40.87, u_super: 0.00990 — INFEASIBLE (li_recovered=0.000e+00), time: 0.0019266309991508024
L: 0.50, u_super: 0.00042 — INFEASIBLE (li_recovered=0.000e+00), time: 0.003771608000533888
L: 0.50, u_super: 0.00928, sec: 537.436, prod: 0.210209, t_ads: 21.0, t_des: 19.5, bed_util_ads: 0.496, bed_util_des: 0.496, des_th: 0.496105582406435,frac_lost: 0.105, li_recovered:  8.526, time: 0.0073181099996872945
L: 0.50, u_super: 0.00919, sec: 531.284, prod: 0.207947, t_ads: 21.3, t_des: 19.6, bed_util_ads: 0.498, bed_util_des: 0.498, des_th: 0.4977429447334834,frac_lost: 0.106, li_recovered:  8.500, time: 0.008601970001109294
L: 0.50, u_super: 0.00196, sec: 150.735, prod: 0.030425, t_ads: 99.1, t_des: 182.7, bed_util_ads: 0.404, bed_util_des: 0.399, des_th: 0.3994664073248936,frac_lost: 0.107, li_recovered:  8.573, time: 0.018264030000864295
   303 |    12120 |     40 |  0.0039583483 |             f
L: 0.50, u_super: 0.00679, sec: 398.206, prod: 0.146875, t_ads: 28.8, t_des: 30.3, bed_util_ads: 0.480, bed_util_des: 0.480, des_th: 0.48006854032286234,frac_lost: 0.107, li_recovered:  8.681, time: 0.008622825998827466
L: 0.50, u_super: 0.00800, sec: 456.523, prod: 0.181037, t_ads: 24.4, t_des: 21.9, bed_util_ads: 0.500, bed_util_des: 0.500, des_th: 0.49996572392184835,frac_lost: 0.107, li_recovered:  8.386, time: 0.01475794600082736
L: 0.50, u_super: 0.00401, sec: 218.393, prod: 0.090098, t_ads: 48.5, t_des: 44.9, bed_util_ads: 0.494, bed_util_des: 0.494, des_th: 0.49374385655401204,frac_lost: 0.105, li_recovered:  8.409, time: 0.012375555999824428
L: 0.50, u_super: 0.00977, sec: 568.362, prod: 0.221538, t_ads: 20.0, t_des: 18.2, bed_util_ads: 0.500, bed_util_des: 0.500, des_th: 0.49956405447732155,frac_lost: 0.105, li_recovered:  8.463, time: 0.008560492000469822
L: 0.50, u_super: 0.00763, sec: 432.200, prod: 0.173043, t_ads: 25.5, t_des: 23.0, bed_util_ads: 0.500, bed_util_des: 0.500, des_th: 0.49955177495244296,frac_lost: 0.102, li_recovered:  8.383, time: 0.011754335999285104
L: 0.50, u_super: 0.00350, sec: 195.653, prod: 0.075902, t_ads: 55.6, t_des: 57.5, bed_util_ads: 0.479, bed_util_des: 0.478, des_th: 0.4784852467110186,frac_lost: 0.105, li_recovered:  8.583, time: 0.01601858899994113
L: 0.50, u_super: 0.00468, sec: 257.168, prod: 0.104936, t_ads: 41.7, t_des: 39.4, bed_util_ads: 0.493, bed_util_des: 0.493, des_th: 0.4928207251293247,frac_lost: 0.106, li_recovered:  8.504, time: 0.00811460900149541
L: 0.50, u_super: 0.00016 — INFEASIBLE (li_recovered=0.000e+00), time: 0.003016978000232484
L: 0.50, u_super: 0.00658, sec: 368.506, prod: 0.148994, t_ads: 29.5, t_des: 26.3, bed_util_ads: 0.500, bed_util_des: 0.500, des_th: 0.49969622309619605,frac_lost: 0.101, li_recovered:  8.311, time: 0.007221306999781518
L: 0.50, u_super: 0.00303, sec: 163.466, prod: 0.067934, t_ads: 63.5, t_des: 57.3, bed_util_ads: 0.496, bed_util_des: 0.496, des_th: 0.4961726934527416,frac_lost: 0.101, li_recovered:  8.207, time: 0.006913733001056244
L: 0.50, u_super: 0.00167, sec: 90.515, prod: 0.036605, t_ads: 114.3, t_des: 112.7, bed_util_ads: 0.481, bed_util_des: 0.480, des_th: 0.48006854032286234,frac_lost: 0.102, li_recovered:  8.308, time: 0.008543444000679301
L: 0.50, u_super: 0.00743, sec: 421.136, prod: 0.168064, t_ads: 26.3, t_des: 23.9, bed_util_ads: 0.499, bed_util_des: 0.498, des_th: 0.4983681222608908,frac_lost: 0.107, li_recovered:  8.446, time: 0.0054752399992139544
L: 0.50, u_super: 0.00267, sec: 144.621, prod: 0.059178, t_ads: 72.3, t_des: 62.9, bed_util_ads: 0.500, bed_util_des: 0.500, des_th: 0.49984237701373546,frac_lost: 0.104, li_recovered:  8.002, time: 0.00785337100023753
L: 0.50, u_super: 0.00689, sec: 386.492, prod: 0.155926, t_ads: 28.2, t_des: 25.2, bed_util_ads: 0.500, bed_util_des: 0.500, des_th: 0.4998334366123294,frac_lost: 0.100, li_recovered:  8.323, time: 0.006079277000026195
L: 6.74, u_super: 0.00005 — INFEASIBLE (li_recovered=0.000e+00), time: 0.0015277830007107696
L: 2.02, u_super: 0.00526, sec: 1248.131, prod: 0.111430, t_ads: 145.3, t_des: 120.3, bed_util_ads: 0.499, bed_util_des: 0.499, des_th: 0.49913137555058834,frac_lost: 0.104, li_recovered:  29.599, time: 0.00656044999959704
L: 0.50, u_super: 0.00033 — INFEASIBLE (li_recovered=0.000e+00), time: 0.003625300998464809
L: 0.50, u_super: 0.00351, sec: 190.586, prod: 0.078437, t_ads: 55.4, t_des: 48.9, bed_util_ads: 0.500, bed_util_des: 0.500, des_th: 0.499921936894822,frac_lost: 0.106, li_recovered:  8.179, time: 0.007894039999882807
L: 0.50, u_super: 0.00978, sec: 569.140, prod: 0.221719, t_ads: 20.0, t_des: 18.2, bed_util_ads: 0.500, bed_util_des: 0.499, des_th: 0.49942132725883337,frac_lost: 0.105, li_recovered:  8.461, time: 0.00650580899855413
L: 0.50, u_super: 0.00143, sec: 77.346, prod: 0.031216, t_ads: 133.8, t_des: 128.8, bed_util_ads: 0.481, bed_util_des: 0.480, des_th: 0.48006854032286234,frac_lost: 0.106, li_recovered:  8.197, time: 0.005156061000889167
L: 2.41, u_super: 0.00188 — INFEASIBLE (li_recovered=0.000e+00), time: 0.0025319030009995913
L: 0.50, u_super: 0.00728, sec: 480.479, prod: 0.141086, t_ads: 26.8, t_des: 34.9, bed_util_ads: 0.453, bed_util_des: 0.453, des_th: 0.45272296879166707,frac_lost: 0.105, li_recovered:  8.703, time: 0.006703163000565837
L: 0.50, u_super: 0.00801, sec: 456.627, prod: 0.181394, t_ads: 24.4, t_des: 22.2, bed_util_ads: 0.499, bed_util_des: 0.499, des_th: 0.49909902530131156,frac_lost: 0.106, li_recovered:  8.444, time: 0.004973977000190644
L: 0.50, u_super: 0.00566, sec: 318.053, prod: 0.126166, t_ads: 34.2, t_des: 34.0, bed_util_ads: 0.486, bed_util_des: 0.486, des_th: 0.48562819975026456,frac_lost: 0.100, li_recovered:  8.608, time: 0.006428868000512011
L: 0.50, u_super: 0.00005, sec: 4.363, prod: 0.000664, t_ads: 3608.6, t_des: 6758.4, bed_util_ads: 0.247, bed_util_des: 0.168, des_th: 0.16848503669548273,frac_lost: 0.102, li_recovered:  6.879, time: 0.007176257000537589
L: 36.30, u_super: 0.00860 — INFEASIBLE (li_recovered=0.000e+00), time: 0.0019415869992371881
L: 0.50, u_super: 0.00515, sec: 283.606, prod: 0.116142, t_ads: 37.7, t_des: 33.7, bed_util_ads: 0.500, bed_util_des: 0.500, des_th: 0.49991380341653757,frac_lost: 0.102, li_recovered:  8.289, time: 0.006553492999955779
L: 0.50, u_super: 0.00489, sec: 333.772, prod: 0.088564, t_ads: 39.7, t_des: 58.2, bed_util_ads: 0.437, bed_util_des: 0.436, des_th: 0.4362822680585793,frac_lost: 0.101, li_recovered:  8.670, time: 0.005439753000246128
L: 9.71, u_super: 0.00215 — INFEASIBLE (li_recovered=0.000e+00), time: 0.0025352940010634484
L: 0.50, u_super: 0.00528, sec: 291.547, prod: 0.119229, t_ads: 36.7, t_des: 32.8, bed_util_ads: 0.500, bed_util_des: 0.500, des_th: 0.4998672837582848,frac_lost: 0.102, li_recovered:  8.290, time: 0.004459384001165745
L: 0.50, u_super: 0.00054 — INFEASIBLE (li_recovered=0.000e+00), time: 0.002905041001213249
L: 0.50, u_super: 0.00801, sec: 456.524, prod: 0.181435, t_ads: 24.4, t_des: 22.1, bed_util_ads: 0.500, bed_util_des: 0.499, des_th: 0.49947389538958326,frac_lost: 0.105, li_recovered:  8.433, time: 0.005059121998783667
L: 56.54, u_super: 0.00463 — INFEASIBLE (li_recovered=0.000e+00), time: 0.0009429190013179323
L: 0.50, u_super: 0.00597, sec: 331.097, prod: 0.135047, t_ads: 32.5, t_des: 29.8, bed_util_ads: 0.497, bed_util_des: 0.497, des_th: 0.4972115251186045,frac_lost: 0.101, li_recovered:  8.416, time: 0.0037104200000612764
L: 0.50, u_super: 0.00142, sec: 353.689, prod: 0.006772, t_ads: 137.2, t_des: 1154.2, bed_util_ads: 0.237, bed_util_des: 0.222, des_th: 0.22190435256376778,frac_lost: 0.100, li_recovered:  8.745, time: 0.018827216001227498
L: 0.50, u_super: 0.00943, sec: 574.505, prod: 0.203191, t_ads: 20.7, t_des: 22.2, bed_util_ads: 0.479, bed_util_des: 0.478, des_th: 0.4783686669335785,frac_lost: 0.104, li_recovered:  8.706, time: 0.005410862999269739
L: 0.50, u_super: 0.00413, sec: 275.714, prod: 0.075647, t_ads: 47.0, t_des: 67.4, bed_util_ads: 0.439, bed_util_des: 0.438, des_th: 0.43807768983911777,frac_lost: 0.100, li_recovered:  8.648, time: 0.0046963379991211696
L: 0.50, u_super: 0.00503, sec: 276.761, prod: 0.113488, t_ads: 38.5, t_des: 36.2, bed_util_ads: 0.493, bed_util_des: 0.493, des_th: 0.4930300629519625,frac_lost: 0.101, li_recovered:  8.474, time: 0.004543156999716302
L: 82.48, u_super: 0.00626 — INFEASIBLE (li_recovered=0.000e+00), time: 0.00113407500066387
L: 0.50, u_super: 0.00895, sec: 515.474, prod: 0.202679, t_ads: 21.8, t_des: 19.6, bed_util_ads: 0.500, bed_util_des: 0.500, des_th: 0.49968329460831007,frac_lost: 0.105, li_recovered:  8.394, time: 0.003993868000179646
   304 |    12160 |     40 |  0.0019290269 |             f
L: 0.50, u_super: 0.00403, sec: 219.642, prod: 0.090427, t_ads: 48.4, t_des: 43.6, bed_util_ads: 0.497, bed_util_des: 0.497, des_th: 0.49716788273580526,frac_lost: 0.108, li_recovered:  8.324, time: 0.006520267001178581
L: 0.50, u_super: 0.00346, sec: 188.009, prod: 0.077217, t_ads: 56.3, t_des: 49.6, bed_util_ads: 0.500, bed_util_des: 0.499, des_th: 0.49951277104707403,frac_lost: 0.108, li_recovered:  8.179, time: 0.004980813000656781
L: 5.69, u_super: 0.00146 — INFEASIBLE (li_recovered=0.000e+00), time: 0.0025952180003514513
L: 0.50, u_super: 0.00572, sec: 443.887, prod: 0.092184, t_ads: 34.2, t_des: 60.2, bed_util_ads: 0.415, bed_util_des: 0.414, des_th: 0.4138628056125772,frac_lost: 0.105, li_recovered:  8.702, time: 0.008390335999138188
L: 46.47, u_super: 0.00741 — INFEASIBLE (li_recovered=0.000e+00), time: 0.001140296999437851
L: 33.32, u_super: 0.00698 — INFEASIBLE (li_recovered=0.000e+00), time: 0.0028989269994781353
L: 0.50, u_super: 0.00747, sec: 423.340, prod: 0.168783, t_ads: 26.2, t_des: 23.5, bed_util_ads: 0.500, bed_util_des: 0.500, des_th: 0.4996088425161856,frac_lost: 0.107, li_recovered:  8.389, time: 0.0043678309993993025
L: 0.50, u_super: 0.00982, sec: 571.134, prod: 0.222625, t_ads: 19.9, t_des: 18.1, bed_util_ads: 0.499, bed_util_des: 0.498, des_th: 0.4984653994451557,frac_lost: 0.104, li_recovered:  8.450, time: 0.008269173000371666
L: 0.50, u_super: 0.00303, sec: 164.253, prod: 0.067262, t_ads: 63.8, t_des: 55.4, bed_util_ads: 0.500, bed_util_des: 0.500, des_th: 0.49988623517276143,frac_lost: 0.102, li_recovered:  8.016, time: 0.00567768399923807
L: 0.50, u_super: 0.00379, sec: 206.331, prod: 0.084827, t_ads: 51.3, t_des: 45.4, bed_util_ads: 0.500, bed_util_des: 0.499, des_th: 0.49942132725883337,frac_lost: 0.106, li_recovered:  8.204, time: 0.007316981998883421
L: 0.50, u_super: 0.00254, sec: 137.533, prod: 0.056260, t_ads: 75.8, t_des: 65.9, bed_util_ads: 0.500, bed_util_des: 0.500, des_th: 0.49984237701373546,frac_lost: 0.103, li_recovered:  7.975, time: 0.00676815400038322
L: 0.50, u_super: 0.00826, sec: 492.323, prod: 0.179438, t_ads: 23.7, t_des: 24.8, bed_util_ads: 0.481, bed_util_des: 0.481, des_th: 0.48066300487821345,frac_lost: 0.106, li_recovered:  8.695, time: 0.005890022999665234
L: 0.50, u_super: 0.00060, sec: 38.852, prod: 0.010747, t_ads: 313.7, t_des: 428.4, bed_util_ads: 0.421, bed_util_des: 0.413, des_th: 0.41310736606195037,frac_lost: 0.106, li_recovered:  7.976, time: 0.00896913799988397
L: 0.50, u_super: 0.00029 — INFEASIBLE (li_recovered=0.000e+00), time: 0.0033203389994014287
L: 0.50, u_super: 0.00803, sec: 458.264, prod: 0.181542, t_ads: 24.4, t_des: 22.1, bed_util_ads: 0.500, bed_util_des: 0.500, des_th: 0.49996572392184835,frac_lost: 0.108, li_recovered:  8.443, time: 0.007608873998833587
L: 0.50, u_super: 0.00988, sec: 575.737, prod: 0.223909, t_ads: 19.8, t_des: 18.0, bed_util_ads: 0.500, bed_util_des: 0.499, des_th: 0.49942132725883337,frac_lost: 0.106, li_recovered:  8.460, time: 0.007907215998784523
L: 0.50, u_super: 0.00238, sec: 128.742, prod: 0.052534, t_ads: 81.0, t_des: 70.4, bed_util_ads: 0.499, bed_util_des: 0.499, des_th: 0.49918341680293027,frac_lost: 0.104, li_recovered:  7.954, time: 0.012946644999829005
L: 2.89, u_super: 0.00928, sec: 3248.160, prod: 0.200801, t_ads: 119.4, t_des: 101.5, bed_util_ads: 0.498, bed_util_des: 0.498, des_th: 0.4975662483664357,frac_lost: 0.108, li_recovered:  44.370, time: 0.007669194999834872
L: 0.50, u_super: 0.00303, sec: 163.466, prod: 0.067934, t_ads: 63.5, t_des: 57.3, bed_util_ads: 0.496, bed_util_des: 0.496, des_th: 0.4961726934527416,frac_lost: 0.101, li_recovered:  8.207, time: 0.008100744998955633
L: 0.50, u_super: 0.00304, sec: 163.757, prod: 0.068048, t_ads: 63.6, t_des: 58.7, bed_util_ads: 0.493, bed_util_des: 0.493, des_th: 0.49290700774506047,frac_lost: 0.103, li_recovered:  8.321, time: 0.008838245999868377
L: 0.50, u_super: 0.00185, sec: 100.848, prod: 0.040404, t_ads: 104.2, t_des: 103.1, bed_util_ads: 0.481, bed_util_des: 0.480, des_th: 0.48006854032286234,frac_lost: 0.108, li_recovered:  8.378, time: 0.009602750000340166
L: 0.50, u_super: 0.00060, sec: 151.728, prod: 0.002752, t_ads: 330.5, t_des: 2861.3, bed_util_ads: 0.223, bed_util_des: 0.189, des_th: 0.18928762558383244,frac_lost: 0.103, li_recovered:  8.784, time: 0.04294431600101234
L: 0.50, u_super: 0.00891, sec: 562.422, prod: 0.184335, t_ads: 21.8, t_des: 25.4, bed_util_ads: 0.467, bed_util_des: 0.467, des_th: 0.46678751901651777,frac_lost: 0.102, li_recovered:  8.707, time: 0.013882792000003974
L: 0.50, u_super: 0.00143, sec: 77.346, prod: 0.031216, t_ads: 133.8, t_des: 128.8, bed_util_ads: 0.481, bed_util_des: 0.480, des_th: 0.48006854032286234,frac_lost: 0.106, li_recovered:  8.197, time: 0.01091959599943948
L: 0.50, u_super: 0.00228, sec: 125.073, prod: 0.049455, t_ads: 84.8, t_des: 86.5, bed_util_ads: 0.479, bed_util_des: 0.478, des_th: 0.47853224628280633,frac_lost: 0.105, li_recovered:  8.472, time: 0.008413485998971737
L: 6.33, u_super: 0.00026 — INFEASIBLE (li_recovered=0.000e+00), time: 0.0011272400006419048
L: 0.50, u_super: 0.00689, sec: 387.748, prod: 0.155421, t_ads: 28.4, t_des: 26.1, bed_util_ads: 0.497, bed_util_des: 0.497, des_th: 0.4965227701613619,frac_lost: 0.108, li_recovered:  8.474, time: 0.005437124000309268
L: 0.50, u_super: 0.00925, sec: 535.579, prod: 0.209595, t_ads: 21.1, t_des: 19.6, bed_util_ads: 0.497, bed_util_des: 0.496, des_th: 0.49644528031121843,frac_lost: 0.104, li_recovered:  8.526, time: 0.007622209999681218
L: 0.50, u_super: 0.00776, sec: 440.300, prod: 0.175934, t_ads: 25.1, t_des: 22.6, bed_util_ads: 0.500, bed_util_des: 0.500, des_th: 0.49961873386107486,frac_lost: 0.102, li_recovered:  8.390, time: 0.006805045000874088
L: 0.50, u_super: 0.00097 — INFEASIBLE (li_recovered=0.000e+00), time: 0.005186189999221824
L: 0.50, u_super: 0.00033 — INFEASIBLE (li_recovered=0.000e+00), time: 0.0073721560002013575
L: 0.50, u_super: 0.00719, sec: 4998.292, prod: 0.013201, t_ads: 27.2, t_des: 638.1, bed_util_ads: 0.163, bed_util_des: 0.159, des_th: 0.15944086180758155,frac_lost: 0.102, li_recovered:  8.784, time: 0.09684869199918467
L: 0.50, u_super: 0.00461, sec: 252.649, prod: 0.103715, t_ads: 42.3, t_des: 38.0, bed_util_ads: 0.498, bed_util_des: 0.498, des_th: 0.49762297252727294,frac_lost: 0.106, li_recovered:  8.325, time: 0.00828871799967601
L: 0.50, u_super: 0.00688, sec: 386.248, prod: 0.155724, t_ads: 28.2, t_des: 25.3, bed_util_ads: 0.500, bed_util_des: 0.500, des_th: 0.4998334366123294,frac_lost: 0.101, li_recovered:  8.327, time: 0.008029976999750943
L: 0.50, u_super: 0.00155, sec: 83.803, prod: 0.033840, t_ads: 123.6, t_des: 120.5, bed_util_ads: 0.481, bed_util_des: 0.480, des_th: 0.4797688085100708,frac_lost: 0.105, li_recovered:  8.260, time: 0.007828006000636378
L: 0.50, u_super: 0.00859, sec: 492.892, prod: 0.194459, t_ads: 22.8, t_des: 20.9, bed_util_ads: 0.498, bed_util_des: 0.498, des_th: 0.4982960404491241,frac_lost: 0.106, li_recovered:  8.484, time: 0.008287773000120069
L: 0.50, u_super: 0.00339, sec: 188.468, prod: 0.073944, t_ads: 57.3, t_des: 58.6, bed_util_ads: 0.481, bed_util_des: 0.480, des_th: 0.48006854032286234,frac_lost: 0.105, li_recovered:  8.570, time: 0.008748555999773089
L: 0.50, u_super: 0.00303, sec: 163.466, prod: 0.067934, t_ads: 63.5, t_des: 57.3, bed_util_ads: 0.496, bed_util_des: 0.496, des_th: 0.4961726934527416,frac_lost: 0.101, li_recovered:  8.207, time: 0.005877530998986913
L: 0.50, u_super: 0.00689, sec: 388.007, prod: 0.155317, t_ads: 28.5, t_des: 25.4, bed_util_ads: 0.500, bed_util_des: 0.500, des_th: 0.4999374913310229,frac_lost: 0.109, li_recovered:  8.375, time: 0.005579355000008945
L: 0.50, u_super: 0.00827, sec: 473.212, prod: 0.187013, t_ads: 23.7, t_des: 21.2, bed_util_ads: 0.500, bed_util_des: 0.500, des_th: 0.49996572392184835,frac_lost: 0.107, li_recovered:  8.388, time: 0.007274888999745599
   305 |    12200 |     40 |  0.0027401974 |             f
L: 0.50, u_super: 0.00488, sec: 274.168, prod: 0.107646, t_ads: 39.7, t_des: 40.3, bed_util_ads: 0.483, bed_util_des: 0.483, des_th: 0.4829400113762803,frac_lost: 0.102, li_recovered:  8.614, time: 0.007367719001194928
L: 0.50, u_super: 0.00006, sec: 5.073, prod: 0.000789, t_ads: 3043.5, t_des: 5543.9, bed_util_ads: 0.257, bed_util_des: 0.186, des_th: 0.1860599285213841,frac_lost: 0.104, li_recovered:  6.772, time: 0.008105426999463816
L: 0.50, u_super: 0.00776, sec: 441.790, prod: 0.175341, t_ads: 25.3, t_des: 23.1, bed_util_ads: 0.498, bed_util_des: 0.498, des_th: 0.49813699439505,frac_lost: 0.109, li_recovered:  8.485, time: 0.0064302739992854185
L: 13.92, u_super: 0.00558 — INFEASIBLE (li_recovered=0.000e+00), time: 0.002713156000027084
L: 0.50, u_super: 0.00060, sec: 34.885, prod: 0.012085, t_ads: 303.4, t_des: 260.5, bed_util_ads: 0.480, bed_util_des: 0.480, des_th: 0.480110889327066,frac_lost: 0.104, li_recovered:  6.814, time: 0.004203488000712241
L: 0.50, u_super: 0.00671, sec: 376.521, prod: 0.151896, t_ads: 28.9, t_des: 25.8, bed_util_ads: 0.500, bed_util_des: 0.500, des_th: 0.49969622309619605,frac_lost: 0.101, li_recovered:  8.308, time: 0.008158945000104723
L: 0.50, u_super: 0.00545, sec: 301.014, prod: 0.123149, t_ads: 35.6, t_des: 32.7, bed_util_ads: 0.496, bed_util_des: 0.496, des_th: 0.49587794754410125,frac_lost: 0.103, li_recovered:  8.412, time: 0.006160638000437757
L: 48.50, u_super: 0.00379 — INFEASIBLE (li_recovered=0.000e+00), time: 0.0014949849992262898
L: 0.50, u_super: 0.00031 — INFEASIBLE (li_recovered=0.000e+00), time: 0.0035624129995994736
L: 24.67, u_super: 0.00060 — INFEASIBLE (li_recovered=0.000e+00), time: 0.001130831000409671
L: 0.50, u_super: 0.00297, sec: 161.068, prod: 0.065969, t_ads: 64.9, t_des: 56.3, bed_util_ads: 0.500, bed_util_des: 0.500, des_th: 0.4996814905064791,frac_lost: 0.101, li_recovered:  7.995, time: 0.008618865998869296
L: 0.50, u_super: 0.00976, sec: 568.986, prod: 0.220605, t_ads: 20.0, t_des: 18.8, bed_util_ads: 0.494, bed_util_des: 0.494, des_th: 0.493910347472929,frac_lost: 0.104, li_recovered:  8.569, time: 0.004981440000847215
L: 0.50, u_super: 0.00435, sec: 241.129, prod: 0.096595, t_ads: 44.6, t_des: 44.2, bed_util_ads: 0.486, bed_util_des: 0.486, des_th: 0.48553884170548967,frac_lost: 0.103, li_recovered:  8.576, time: 0.007057270000586868
L: 0.50, u_super: 0.00716, sec: 452.219, prod: 0.144527, t_ads: 27.3, t_des: 32.9, bed_util_ads: 0.463, bed_util_des: 0.463, des_th: 0.46268662058818844,frac_lost: 0.106, li_recovered:  8.699, time: 0.006147168000097736
L: 0.50, u_super: 0.00892, sec: 514.035, prod: 0.202180, t_ads: 21.9, t_des: 19.8, bed_util_ads: 0.500, bed_util_des: 0.500, des_th: 0.49968329460831007,frac_lost: 0.105, li_recovered:  8.439, time: 0.008344496000063373
L: 15.29, u_super: 0.00143 — INFEASIBLE (li_recovered=0.000e+00), time: 0.0015858320002735127
L: 16.53, u_super: 0.00303 — INFEASIBLE (li_recovered=0.000e+00), time: 0.0011383880009816494
L: 8.06, u_super: 0.00578 — INFEASIBLE (li_recovered=0.000e+00), time: 0.0037854940001125215
L: 0.50, u_super: 0.00267, sec: 143.706, prod: 0.059550, t_ads: 72.3, t_des: 68.1, bed_util_ads: 0.489, bed_util_des: 0.489, des_th: 0.4889799739252595,frac_lost: 0.103, li_recovered:  8.359, time: 0.006704684999931487
L: 0.50, u_super: 0.00229, sec: 126.116, prod: 0.049852, t_ads: 84.1, t_des: 85.9, bed_util_ads: 0.479, bed_util_des: 0.478, des_th: 0.4785565411269236,frac_lost: 0.104, li_recovered:  8.475, time: 0.007369154000116396
L: 0.50, u_super: 0.00867, sec: 498.431, prod: 0.196379, t_ads: 22.5, t_des: 20.7, bed_util_ads: 0.498, bed_util_des: 0.497, des_th: 0.4975029163238977,frac_lost: 0.106, li_recovered:  8.493, time: 0.004977720998795121
L: 0.50, u_super: 0.00416, sec: 226.941, prod: 0.093327, t_ads: 46.8, t_des: 43.7, bed_util_ads: 0.493, bed_util_des: 0.493, des_th: 0.49299102881422663,frac_lost: 0.106, li_recovered:  8.446, time: 0.006196931000886252
L: 0.50, u_super: 0.00143, sec: 77.067, prod: 0.031203, t_ads: 134.0, t_des: 127.7, bed_util_ads: 0.483, bed_util_des: 0.481, des_th: 0.48145889506668005,frac_lost: 0.105, li_recovered:  8.166, time: 0.004870488000960904
L: 3.57, u_super: 0.00971, sec: 4174.616, prod: 0.212129, t_ads: 140.3, t_des: 129.7, bed_util_ads: 0.487, bed_util_des: 0.486, des_th: 0.4860284365277237,frac_lost: 0.106, li_recovered:  57.277, time: 0.004217790001348476
L: 0.50, u_super: 0.00865, sec: 496.935, prod: 0.195737, t_ads: 22.6, t_des: 20.3, bed_util_ads: 0.500, bed_util_des: 0.500, des_th: 0.49996572392184835,frac_lost: 0.106, li_recovered:  8.401, time: 0.006147306999991997
L: 3.37, u_super: 0.00702 — INFEASIBLE (li_recovered=0.000e+00), time: 0.003396948999579763
L: 0.50, u_super: 0.00351, sec: 196.314, prod: 0.076080, t_ads: 55.6, t_des: 57.3, bed_util_ads: 0.480, bed_util_des: 0.480, des_th: 0.4795688672887304,frac_lost: 0.108, li_recovered:  8.586, time: 0.00621522800065577
L: 0.50, u_super: 0.00806, sec: 459.941, prod: 0.182349, t_ads: 24.3, t_des: 21.7, bed_util_ads: 0.500, bed_util_des: 0.500, des_th: 0.49996572392184835,frac_lost: 0.106, li_recovered:  8.388, time: 0.00568715500048711
L: 0.50, u_super: 0.00030, sec: 19.079, prod: 0.005613, t_ads: 552.3, t_des: 534.6, bed_util_ads: 0.438, bed_util_des: 0.436, des_th: 0.4362822680585793,frac_lost: 0.100, li_recovered:  6.101, time: 0.004422900999998092
L: 13.44, u_super: 0.00904 — INFEASIBLE (li_recovered=0.000e+00), time: 0.0034187539986305637
L: 0.50, u_super: 0.00653, sec: 366.002, prod: 0.147383, t_ads: 30.0, t_des: 26.9, bed_util_ads: 0.500, bed_util_des: 0.500, des_th: 0.49983901277860365,frac_lost: 0.107, li_recovered:  8.375, time: 0.0044151500005682465
L: 0.50, u_super: 0.00461, sec: 252.649, prod: 0.103715, t_ads: 42.3, t_des: 38.0, bed_util_ads: 0.498, bed_util_des: 0.498, des_th: 0.49762297252727294,frac_lost: 0.106, li_recovered:  8.325, time: 0.006053401000826852
L: 0.50, u_super: 0.00584, sec: 323.656, prod: 0.132005, t_ads: 33.3, t_des: 30.5, bed_util_ads: 0.496, bed_util_des: 0.496, des_th: 0.4961726934527416,frac_lost: 0.102, li_recovered:  8.414, time: 0.004082929001015145
L: 0.50, u_super: 0.00032, sec: 60.700, prod: 0.002009, t_ads: 614.1, t_des: 3732.6, bed_util_ads: 0.240, bed_util_des: 0.190, des_th: 0.1896422409470728,frac_lost: 0.104, li_recovered:  8.735, time: 0.01727084000049217
L: 0.50, u_super: 0.00490, sec: 269.631, prod: 0.110484, t_ads: 39.6, t_des: 35.3, bed_util_ads: 0.500, bed_util_des: 0.500, des_th: 0.49990552005608346,frac_lost: 0.104, li_recovered:  8.277, time: 0.006908946999828913
L: 56.07, u_super: 0.00097 — INFEASIBLE (li_recovered=0.000e+00), time: 0.0008986000011645956
L: 0.50, u_super: 0.00539, sec: 297.541, prod: 0.121622, t_ads: 36.0, t_des: 32.3, bed_util_ads: 0.500, bed_util_des: 0.499, des_th: 0.49947275719967243,frac_lost: 0.103, li_recovered:  8.311, time: 0.004286576999220415
L: 0.50, u_super: 0.00331, sec: 180.210, prod: 0.073787, t_ads: 58.7, t_des: 51.2, bed_util_ads: 0.500, bed_util_des: 0.500, des_th: 0.49997008584358704,frac_lost: 0.107, li_recovered:  8.110, time: 0.005971178999971016
L: 95.54, u_super: 0.00379 — INFEASIBLE (li_recovered=0.000e+00), time: 0.0010757099989859853
L: 0.50, u_super: 0.00023 — INFEASIBLE (li_recovered=0.000e+00), time: 0.00204199499967217
   306 |    12240 |     40 |  0.0022224680 |             f
L: 1.06, u_super: 0.00275, sec: 323.097, prod: 0.059404, t_ads: 145.8, t_des: 127.4, bed_util_ads: 0.493, bed_util_des: 0.493, des_th: 0.49299102881422663,frac_lost: 0.103, li_recovered:  16.230, time: 0.005223287998887827
L: 0.50, u_super: 0.00791, sec: 449.151, prod: 0.179380, t_ads: 24.6, t_des: 22.2, bed_util_ads: 0.500, bed_util_des: 0.499, des_th: 0.49946441127264757,frac_lost: 0.101, li_recovered:  8.386, time: 0.005625247998978011
L: 0.50, u_super: 0.00909, sec: 525.340, prod: 0.205831, t_ads: 21.5, t_des: 19.3, bed_util_ads: 0.500, bed_util_des: 0.500, des_th: 0.49996572392184835,frac_lost: 0.107, li_recovered:  8.403, time: 0.005442783000034979
L: 0.50, u_super: 0.00677, sec: 380.675, prod: 0.152853, t_ads: 28.9, t_des: 25.9, bed_util_ads: 0.500, bed_util_des: 0.500, des_th: 0.49988528330541554,frac_lost: 0.108, li_recovered:  8.377, time: 0.004293963000236545
L: 0.50, u_super: 0.00186, sec: 101.462, prod: 0.040547, t_ads: 102.8, t_des: 87.6, bed_util_ads: 0.500, bed_util_des: 0.500, des_th: 0.49996572392184835,frac_lost: 0.103, li_recovered:  7.720, time: 0.004785645998708787
L: 0.50, u_super: 0.00435, sec: 241.577, prod: 0.096416, t_ads: 44.7, t_des: 44.3, bed_util_ads: 0.486, bed_util_des: 0.485, des_th: 0.4854841043069559,frac_lost: 0.106, li_recovered:  8.581, time: 0.00698355900021852
L: 0.50, u_super: 0.00980, sec: 571.291, prod: 0.221849, t_ads: 20.0, t_des: 18.5, bed_util_ads: 0.497, bed_util_des: 0.497, des_th: 0.4969323114693111,frac_lost: 0.106, li_recovered:  8.536, time: 0.004407559999890509
L: 6.05, u_super: 0.00008 — INFEASIBLE (li_recovered=0.000e+00), time: 0.0010005020012613386
L: 6.98, u_super: 0.00064 — INFEASIBLE (li_recovered=0.000e+00), time: 0.0014969040003052214
L: 0.50, u_super: 0.00985, sec: 573.771, prod: 0.223507, t_ads: 19.8, t_des: 18.0, bed_util_ads: 0.500, bed_util_des: 0.499, des_th: 0.49942132725883337,frac_lost: 0.105, li_recovered:  8.451, time: 0.005680484000549768
L: 70.84, u_super: 0.00545 — INFEASIBLE (li_recovered=0.000e+00), time: 0.000782271999923978
L: 0.50, u_super: 0.00130, sec: 70.045, prod: 0.028368, t_ads: 145.9, t_des: 139.0, bed_util_ads: 0.482, bed_util_des: 0.481, des_th: 0.48140947012103635,frac_lost: 0.101, li_recovered:  8.083, time: 0.00448904000040784
L: 0.50, u_super: 0.00528, sec: 291.128, prod: 0.119234, t_ads: 36.7, t_des: 32.9, bed_util_ads: 0.500, bed_util_des: 0.499, des_th: 0.4994067688972639,frac_lost: 0.102, li_recovered:  8.300, time: 0.006050254000001587
L: 0.50, u_super: 0.00097, sec: 53.128, prod: 0.020925, t_ads: 193.5, t_des: 178.8, bed_util_ads: 0.483, bed_util_des: 0.481, des_th: 0.48150124407088374,frac_lost: 0.105, li_recovered:  7.789, time: 0.005950433998805238
L: 0.50, u_super: 0.00983, sec: 577.049, prod: 0.221209, t_ads: 19.9, t_des: 19.1, bed_util_ads: 0.491, bed_util_des: 0.491, des_th: 0.4912205730697785,frac_lost: 0.104, li_recovered:  8.623, time: 0.007707785000093281
L: 0.50, u_super: 0.00707, sec: 398.887, prod: 0.159889, t_ads: 27.6, t_des: 24.9, bed_util_ads: 0.500, bed_util_des: 0.500, des_th: 0.49964946192603976,frac_lost: 0.106, li_recovered:  8.392, time: 0.006916038999406737
L: 0.50, u_super: 0.00026 — INFEASIBLE (li_recovered=0.000e+00), time: 0.0028327480013103923
L: 29.85, u_super: 0.00351 — INFEASIBLE (li_recovered=0.000e+00), time: 0.001513945000624517
L: 33.37, u_super: 0.00524 — INFEASIBLE (li_recovered=0.000e+00), time: 0.001383979999445728
L: 0.50, u_super: 0.00823, sec: 471.936, prod: 0.185589, t_ads: 23.8, t_des: 22.3, bed_util_ads: 0.494, bed_util_des: 0.494, des_th: 0.4941368264123325,frac_lost: 0.107, li_recovered:  8.561, time: 0.006627545999435824
L: 0.50, u_super: 0.00297, sec: 161.068, prod: 0.065969, t_ads: 64.9, t_des: 56.3, bed_util_ads: 0.500, bed_util_des: 0.500, des_th: 0.4996814905064791,frac_lost: 0.101, li_recovered:  7.995, time: 0.003885583999363007
L: 0.50, u_super: 0.00800, sec: 475.254, prod: 0.173500, t_ads: 24.5, t_des: 25.6, bed_util_ads: 0.480, bed_util_des: 0.480, des_th: 0.48006854032286234,frac_lost: 0.106, li_recovered:  8.692, time: 0.005924077000599937
L: 0.50, u_super: 0.00224, sec: 120.529, prod: 0.049558, t_ads: 86.3, t_des: 76.8, bed_util_ads: 0.496, bed_util_des: 0.496, des_th: 0.49571878784934464,frac_lost: 0.106, li_recovered:  8.082, time: 0.006758380999599467
L: 0.50, u_super: 0.00235, sec: 129.084, prod: 0.051179, t_ads: 81.9, t_des: 83.8, bed_util_ads: 0.479, bed_util_des: 0.478, des_th: 0.4777235036682323,frac_lost: 0.102, li_recovered:  8.476, time: 0.004605481999533367
L: 0.50, u_super: 0.00304, sec: 164.951, prod: 0.067582, t_ads: 63.4, t_des: 61.9, bed_util_ads: 0.486, bed_util_des: 0.485, des_th: 0.48499408439041036,frac_lost: 0.101, li_recovered:  8.472, time: 0.004702139000073657
L: 0.50, u_super: 0.00580, sec: 406.819, prod: 0.103761, t_ads: 33.8, t_des: 50.0, bed_util_ads: 0.436, bed_util_des: 0.435, des_th: 0.4350210921357893,frac_lost: 0.108, li_recovered:  8.695, time: 0.0063744359995325794
L: 0.50, u_super: 0.00727, sec: 411.403, prod: 0.164196, t_ads: 27.0, t_des: 24.4, bed_util_ads: 0.500, bed_util_des: 0.500, des_th: 0.49968550122433847,frac_lost: 0.109, li_recovered:  8.439, time: 0.006559474000823684
L: 5.02, u_super: 0.00325 — INFEASIBLE (li_recovered=0.000e+00), time: 0.002744897999946261
L: 0.50, u_super: 0.00272, sec: 152.640, prod: 0.058381, t_ads: 70.9, t_des: 75.3, bed_util_ads: 0.475, bed_util_des: 0.474, des_th: 0.4735913887685599,frac_lost: 0.103, li_recovered:  8.539, time: 0.0052884950000589015
L: 0.50, u_super: 0.00379, sec: 206.422, prod: 0.084789, t_ads: 51.4, t_des: 45.5, bed_util_ads: 0.500, bed_util_des: 0.500, des_th: 0.4998997883303148,frac_lost: 0.108, li_recovered:  8.216, time: 0.005703331999029615
L: 0.50, u_super: 0.00961, sec: 558.326, prod: 0.217862, t_ads: 20.3, t_des: 18.5, bed_util_ads: 0.500, bed_util_des: 0.499, des_th: 0.49942132725883337,frac_lost: 0.106, li_recovered:  8.463, time: 0.00438301699978183
L: 3.86, u_super: 0.00689 — INFEASIBLE (li_recovered=0.000e+00), time: 0.0041528349993313896
L: 0.50, u_super: 0.00011 — INFEASIBLE (li_recovered=0.000e+00), time: 0.001843805999669712
L: 0.50, u_super: 0.00490, sec: 269.935, prod: 0.110360, t_ads: 39.6, t_des: 35.1, bed_util_ads: 0.500, bed_util_des: 0.500, des_th: 0.49989556445836375,frac_lost: 0.104, li_recovered:  8.241, time: 0.004665806000048178
L: 0.50, u_super: 0.00358, sec: 194.542, prod: 0.080035, t_ads: 54.3, t_des: 48.0, bed_util_ads: 0.500, bed_util_des: 0.500, des_th: 0.4996814905064791,frac_lost: 0.107, li_recovered:  8.192, time: 0.00525193199973728
L: 0.50, u_super: 0.00741, sec: 3711.856, prod: 0.018938, t_ads: 26.5, t_des: 437.3, bed_util_ads: 0.189, bed_util_des: 0.185, des_th: 0.1851696623157332,frac_lost: 0.104, li_recovered:  8.782, time: 0.04451227199933783
L: 0.50, u_super: 0.00763, sec: 482.408, prod: 0.155033, t_ads: 25.6, t_des: 30.5, bed_util_ads: 0.464, bed_util_des: 0.464, des_th: 0.4635417027096269,frac_lost: 0.106, li_recovered:  8.703, time: 0.006811948998802109
L: 48.30, u_super: 0.00212 — INFEASIBLE (li_recovered=0.000e+00), time: 0.0011340830005792668
L: 0.50, u_super: 0.00775, sec: 439.276, prod: 0.175825, t_ads: 25.0, t_des: 22.6, bed_util_ads: 0.500, bed_util_des: 0.500, des_th: 0.49964034468925383,frac_lost: 0.101, li_recovered:  8.382, time: 0.006032283001331962
L: 13.95, u_super: 0.00382 — INFEASIBLE (li_recovered=0.000e+00), time: 0.0021643759992002742
   307 |    12280 |     40 |  0.0042772608 |             f
L: 0.50, u_super: 0.00989, sec: 576.211, prod: 0.224405, t_ads: 19.7, t_des: 17.9, bed_util_ads: 0.500, bed_util_des: 0.499, des_th: 0.49942656298149085,frac_lost: 0.104, li_recovered:  8.451, time: 0.006688426999971853
L: 0.50, u_super: 0.00379, sec: 206.669, prod: 0.084688, t_ads: 51.5, t_des: 45.4, bed_util_ads: 0.500, bed_util_des: 0.500, des_th: 0.4998905716277627,frac_lost: 0.109, li_recovered:  8.208, time: 0.005212829999436508
L: 0.50, u_super: 0.00653, sec: 366.112, prod: 0.147303, t_ads: 30.0, t_des: 27.6, bed_util_ads: 0.496, bed_util_des: 0.496, des_th: 0.4961348421475949,frac_lost: 0.108, li_recovered:  8.474, time: 0.00482104600087041
L: 0.50, u_super: 0.00650, sec: 363.114, prod: 0.147031, t_ads: 29.8, t_des: 26.7, bed_util_ads: 0.500, bed_util_des: 0.500, des_th: 0.49968249838358,frac_lost: 0.101, li_recovered:  8.315, time: 0.006836480000856682
L: 0.50, u_super: 0.00005, sec: 4.711, prod: 0.000615, t_ads: 2731.9, t_des: 3859.2, bed_util_ads: 0.255, bed_util_des: 0.219, des_th: 0.21969028679269997,frac_lost: 0.101, li_recovered:  4.051, time: 0.006427561000236892
L: 0.50, u_super: 0.00303, sec: 168.922, prod: 0.065563, t_ads: 64.1, t_des: 66.4, bed_util_ads: 0.478, bed_util_des: 0.477, des_th: 0.4774362505880829,frac_lost: 0.107, li_recovered:  8.557, time: 0.006963354000617983
L: 18.26, u_super: 0.00490 — INFEASIBLE (li_recovered=0.000e+00), time: 0.001975025001229369
L: 0.50, u_super: 0.00252, sec: 136.814, prod: 0.055872, t_ads: 76.3, t_des: 66.2, bed_util_ads: 0.500, bed_util_des: 0.500, des_th: 0.49996572392184835,frac_lost: 0.103, li_recovered:  7.961, time: 0.0050433750002412125
L: 0.50, u_super: 0.00315, sec: 175.901, prod: 0.068312, t_ads: 61.7, t_des: 63.7, bed_util_ads: 0.480, bed_util_des: 0.479, des_th: 0.47900168257728126,frac_lost: 0.106, li_recovered:  8.566, time: 0.004764363999129273
L: 0.50, u_super: 0.00190, sec: 101.646, prod: 0.042020, t_ads: 100.8, t_des: 95.2, bed_util_ads: 0.488, bed_util_des: 0.487, des_th: 0.4872535449345225,frac_lost: 0.100, li_recovered:  8.233, time: 0.006771157999537536
L: 0.50, u_super: 0.00267, sec: 143.735, prod: 0.059538, t_ads: 72.3, t_des: 68.2, bed_util_ads: 0.489, bed_util_des: 0.489, des_th: 0.48881533609635375,frac_lost: 0.103, li_recovered:  8.363, time: 0.005716797000786755
L: 0.50, u_super: 0.00859, sec: 493.547, prod: 0.194201, t_ads: 22.8, t_des: 21.1, bed_util_ads: 0.496, bed_util_des: 0.496, des_th: 0.49591704428491706,frac_lost: 0.106, li_recovered:  8.522, time: 0.0038940040012676036
L: 69.33, u_super: 0.00582 — INFEASIBLE (li_recovered=0.000e+00), time: 0.0009362290002172813
L: 0.50, u_super: 0.00435, sec: 238.329, prod: 0.097730, t_ads: 44.6, t_des: 39.4, bed_util_ads: 0.500, bed_util_des: 0.500, des_th: 0.49998848339389534,frac_lost: 0.104, li_recovered:  8.210, time: 0.004405691999636474
L: 0.50, u_super: 0.00826, sec: 472.522, prod: 0.186957, t_ads: 23.7, t_des: 21.2, bed_util_ads: 0.500, bed_util_des: 0.500, des_th: 0.49998823915028645,frac_lost: 0.106, li_recovered:  8.386, time: 0.004747962999317679
L: 0.50, u_super: 0.00295, sec: 159.440, prod: 0.065679, t_ads: 65.5, t_des: 57.5, bed_util_ads: 0.500, bed_util_des: 0.500, des_th: 0.4996395070455096,frac_lost: 0.102, li_recovered:  8.078, time: 0.0037181400002737064
L: 0.50, u_super: 0.00908, sec: 524.451, prod: 0.205714, t_ads: 21.5, t_des: 19.3, bed_util_ads: 0.500, bed_util_des: 0.500, des_th: 0.49995919127925087,frac_lost: 0.106, li_recovered:  8.405, time: 0.003858279000269249
L: 0.50, u_super: 0.00572, sec: 316.722, prod: 0.129136, t_ads: 33.9, t_des: 30.4, bed_util_ads: 0.500, bed_util_des: 0.499, des_th: 0.49941601653492296,frac_lost: 0.102, li_recovered:  8.310, time: 0.0054274439989967505
L: 0.50, u_super: 0.00768, sec: 436.629, prod: 0.173719, t_ads: 25.5, t_des: 23.0, bed_util_ads: 0.500, bed_util_des: 0.500, des_th: 0.4995435126218549,frac_lost: 0.108, li_recovered:  8.428, time: 0.005325476999132661
L: 0.50, u_super: 0.00667, sec: 373.280, prod: 0.151144, t_ads: 29.1, t_des: 26.2, bed_util_ads: 0.500, bed_util_des: 0.499, des_th: 0.4994204936098234,frac_lost: 0.100, li_recovered:  8.360, time: 0.005959308999081259
L: 0.50, u_super: 0.00490, sec: 308.369, prod: 0.096558, t_ads: 39.9, t_des: 49.8, bed_util_ads: 0.457, bed_util_des: 0.456, des_th: 0.45638971158637776,frac_lost: 0.109, li_recovered:  8.668, time: 0.005149526999957743
L: 0.50, u_super: 0.00240, sec: 129.795, prod: 0.053148, t_ads: 80.5, t_des: 77.7, bed_util_ads: 0.486, bed_util_des: 0.485, des_th: 0.48499408439041036,frac_lost: 0.105, li_recovered:  8.403, time: 0.005936016001214739
L: 18.18, u_super: 0.00707 — INFEASIBLE (li_recovered=0.000e+00), time: 0.0015312840005208272
L: 0.50, u_super: 0.00831, sec: 500.706, prod: 0.178720, t_ads: 23.5, t_des: 25.2, bed_util_ads: 0.478, bed_util_des: 0.478, des_th: 0.4777235036682323,frac_lost: 0.105, li_recovered:  8.700, time: 0.0062800039995636325
L: 0.50, u_super: 0.00060 — INFEASIBLE (li_recovered=0.000e+00), time: 0.0029558429996541236
L: 0.50, u_super: 0.00076, sec: 243.415, prod: 0.002754, t_ads: 260.4, t_des: 2938.2, bed_util_ads: 0.205, bed_util_des: 0.175, des_th: 0.17542511073637992,frac_lost: 0.100, li_recovered:  8.809, time: 0.03370466100022895
L: 0.50, u_super: 0.00578, sec: 320.987, prod: 0.130590, t_ads: 33.6, t_des: 30.0, bed_util_ads: 0.500, bed_util_des: 0.500, des_th: 0.49969622309619605,frac_lost: 0.103, li_recovered:  8.309, time: 0.005650667000736576
L: 16.02, u_super: 0.00379 — INFEASIBLE (li_recovered=0.000e+00), time: 0.0013661109987879172
L: 56.38, u_super: 0.00490 — INFEASIBLE (li_recovered=0.000e+00), time: 0.0011339180000504712
L: 0.50, u_super: 0.00540, sec: 297.787, prod: 0.122018, t_ads: 35.9, t_des: 33.0, bed_util_ads: 0.496, bed_util_des: 0.496, des_th: 0.49617699314448316,frac_lost: 0.102, li_recovered:  8.414, time: 0.004185662999589113
L: 0.50, u_super: 0.00174, sec: 94.059, prod: 0.038311, t_ads: 109.7, t_des: 106.9, bed_util_ads: 0.483, bed_util_des: 0.482, des_th: 0.4821357865449541,frac_lost: 0.102, li_recovered:  8.299, time: 0.006202758000654285
L: 0.50, u_super: 0.00689, sec: 386.782, prod: 0.155809, t_ads: 28.2, t_des: 25.1, bed_util_ads: 0.500, bed_util_des: 0.500, des_th: 0.4998619214267625,frac_lost: 0.101, li_recovered:  8.307, time: 0.006177091998324613
L: 7.64, u_super: 0.00753 — INFEASIBLE (li_recovered=0.000e+00), time: 0.003191601999787963
L: 0.50, u_super: 0.00903, sec: 520.927, prod: 0.204737, t_ads: 21.6, t_des: 19.6, bed_util_ads: 0.500, bed_util_des: 0.499, des_th: 0.49942132725883337,frac_lost: 0.105, li_recovered:  8.442, time: 0.005313747000400326
L: 0.50, u_super: 0.00728, sec: 412.059, prod: 0.164513, t_ads: 26.9, t_des: 24.2, bed_util_ads: 0.500, bed_util_des: 0.500, des_th: 0.49967446618437084,frac_lost: 0.108, li_recovered:  8.401, time: 0.004381241000373848
L: 0.50, u_super: 0.00407, sec: 222.132, prod: 0.091426, t_ads: 47.8, t_des: 42.7, bed_util_ads: 0.500, bed_util_des: 0.500, des_th: 0.49964161751561176,frac_lost: 0.106, li_recovered:  8.269, time: 0.005094504998851335
L: 18.19, u_super: 0.00945 — INFEASIBLE (li_recovered=0.000e+00), time: 0.0017016900001181057
L: 0.50, u_super: 0.00859, sec: 493.320, prod: 0.194290, t_ads: 22.8, t_des: 20.9, bed_util_ads: 0.498, bed_util_des: 0.498, des_th: 0.4975687887686757,frac_lost: 0.107, li_recovered:  8.491, time: 0.004763925999213825
L: 0.50, u_super: 0.00130, sec: 70.198, prod: 0.028306, t_ads: 146.0, t_des: 132.6, bed_util_ads: 0.487, bed_util_des: 0.487, des_th: 0.48654549627036325,frac_lost: 0.102, li_recovered:  7.887, time: 0.005048900999099715
L: 19.36, u_super: 0.00989 — INFEASIBLE (li_recovered=0.000e+00), time: 0.0030941189997975016
   308 |    12320 |     40 |  0.0016661831 |             f
L: 0.50, u_super: 0.00763, sec: 432.495, prod: 0.172924, t_ads: 25.4, t_des: 22.7, bed_util_ads: 0.500, bed_util_des: 0.500, des_th: 0.49985420783470674,frac_lost: 0.101, li_recovered:  8.333, time: 0.004700520999904256
L: 38.55, u_super: 0.00017 — INFEASIBLE (li_recovered=0.000e+00), time: 0.0008542760006093886
L: 0.50, u_super: 0.00945, sec: 547.452, prod: 0.214204, t_ads: 20.7, t_des: 18.8, bed_util_ads: 0.499, bed_util_des: 0.499, des_th: 0.4986589788037012,frac_lost: 0.105, li_recovered:  8.444, time: 0.004421069999807514
L: 0.50, u_super: 0.00830, sec: 474.807, prod: 0.187670, t_ads: 23.6, t_des: 21.1, bed_util_ads: 0.500, bed_util_des: 0.500, des_th: 0.49996572392184835,frac_lost: 0.107, li_recovered:  8.392, time: 0.00619062700025097
L: 0.50, u_super: 0.00552, sec: 305.604, prod: 0.124589, t_ads: 35.2, t_des: 31.5, bed_util_ads: 0.500, bed_util_des: 0.500, des_th: 0.49987707120539787,frac_lost: 0.104, li_recovered:  8.309, time: 0.003933212999982061
L: 0.50, u_super: 0.00174, sec: 94.471, prod: 0.037991, t_ads: 111.0, t_des: 108.5, bed_util_ads: 0.482, bed_util_des: 0.481, des_th: 0.4813644415894007,frac_lost: 0.109, li_recovered:  8.337, time: 0.004149426000367384
L: 0.50, u_super: 0.00837, sec: 479.576, prod: 0.189161, t_ads: 23.4, t_des: 21.2, bed_util_ads: 0.500, bed_util_des: 0.500, des_th: 0.4996931073255885,frac_lost: 0.109, li_recovered:  8.446, time: 0.004801799001143081
L: 0.50, u_super: 0.00740, sec: 417.948, prod: 0.167845, t_ads: 26.2, t_des: 23.7, bed_util_ads: 0.499, bed_util_des: 0.499, des_th: 0.4992730662569743,frac_lost: 0.101, li_recovered:  8.377, time: 0.003960689000450657
L: 0.50, u_super: 0.00907, sec: 523.786, prod: 0.205311, t_ads: 21.6, t_des: 19.8, bed_util_ads: 0.498, bed_util_des: 0.497, des_th: 0.4974789327983332,frac_lost: 0.107, li_recovered:  8.489, time: 0.004762651000419282
L: 0.50, u_super: 0.00713, sec: 403.030, prod: 0.160738, t_ads: 27.5, t_des: 25.5, bed_util_ads: 0.496, bed_util_des: 0.496, des_th: 0.49626452488394734,frac_lost: 0.109, li_recovered:  8.515, time: 0.0049445620006736135
L: 4.58, u_super: 0.00167 — INFEASIBLE (li_recovered=0.000e+00), time: 0.002228903000286664
L: 0.50, u_super: 0.00902, sec: 520.376, prod: 0.204150, t_ads: 21.7, t_des: 19.5, bed_util_ads: 0.500, bed_util_des: 0.500, des_th: 0.49996635552219854,frac_lost: 0.106, li_recovered:  8.403, time: 0.007672064999496797
L: 0.50, u_super: 0.00528, sec: 292.601, prod: 0.118634, t_ads: 36.7, t_des: 35.3, bed_util_ads: 0.491, bed_util_des: 0.491, des_th: 0.4907339550056594,frac_lost: 0.101, li_recovered:  8.547, time: 0.005837190999955055
L: 0.50, u_super: 0.00945, sec: 547.565, prod: 0.214159, t_ads: 20.7, t_des: 18.8, bed_util_ads: 0.499, bed_util_des: 0.499, des_th: 0.499212329449697,frac_lost: 0.105, li_recovered:  8.446, time: 0.007005442999798106
L: 0.50, u_super: 0.00330, sec: 178.697, prod: 0.073787, t_ads: 58.9, t_des: 52.7, bed_util_ads: 0.497, bed_util_des: 0.497, des_th: 0.4970714357270679,frac_lost: 0.107, li_recovered:  8.235, time: 0.0052854069999739295
L: 0.50, u_super: 0.00822, sec: 470.389, prod: 0.185984, t_ads: 23.8, t_des: 21.4, bed_util_ads: 0.500, bed_util_des: 0.500, des_th: 0.49981100741253576,frac_lost: 0.107, li_recovered:  8.403, time: 0.007729816001301515
L: 0.50, u_super: 0.00191, sec: 102.147, prod: 0.042240, t_ads: 100.3, t_des: 92.5, bed_util_ads: 0.490, bed_util_des: 0.489, des_th: 0.4889799739252595,frac_lost: 0.101, li_recovered:  8.145, time: 0.012117272999603301
L: 0.50, u_super: 0.00378, sec: 206.053, prod: 0.084677, t_ads: 51.4, t_des: 45.5, bed_util_ads: 0.500, bed_util_des: 0.499, des_th: 0.4994119741729635,frac_lost: 0.107, li_recovered:  8.206, time: 0.009069838000868913
L: 0.50, u_super: 0.00730, sec: 3623.222, prod: 0.018783, t_ads: 26.9, t_des: 440.6, bed_util_ads: 0.189, bed_util_des: 0.186, des_th: 0.18561311345522166,frac_lost: 0.104, li_recovered:  8.781, time: 0.04467409700009739
L: 0.50, u_super: 0.00267, sec: 143.851, prod: 0.059490, t_ads: 72.2, t_des: 68.8, bed_util_ads: 0.489, bed_util_des: 0.488, des_th: 0.4882711767202703,frac_lost: 0.102, li_recovered:  8.389, time: 0.006491082000138704
L: 0.50, u_super: 0.00195, sec: 105.432, prod: 0.042835, t_ads: 99.1, t_des: 95.8, bed_util_ads: 0.484, bed_util_des: 0.483, des_th: 0.48350188145247,frac_lost: 0.108, li_recovered:  8.351, time: 0.005390804000853677
L: 0.50, u_super: 0.00326, sec: 176.850, prod: 0.072996, t_ads: 59.5, t_des: 53.2, bed_util_ads: 0.497, bed_util_des: 0.497, des_th: 0.4970714357270679,frac_lost: 0.107, li_recovered:  8.230, time: 0.005510380999112385
L: 0.50, u_super: 0.00528, sec: 291.522, prod: 0.119230, t_ads: 36.8, t_des: 33.0, bed_util_ads: 0.500, bed_util_des: 0.499, des_th: 0.49941496728636836,frac_lost: 0.103, li_recovered:  8.313, time: 0.004514755999480258
L: 0.50, u_super: 0.00942, sec: 546.060, prod: 0.213531, t_ads: 20.7, t_des: 18.8, bed_util_ads: 0.499, bed_util_des: 0.499, des_th: 0.4993876360074719,frac_lost: 0.106, li_recovered:  8.455, time: 0.005390846999944188
L: 0.50, u_super: 0.00434, sec: 237.530, prod: 0.097656, t_ads: 44.8, t_des: 40.0, bed_util_ads: 0.500, bed_util_des: 0.499, des_th: 0.499411514541487,frac_lost: 0.105, li_recovered:  8.276, time: 0.00632856999982323
L: 0.50, u_super: 0.00086, sec: 47.442, prod: 0.018165, t_ads: 218.9, t_des: 196.2, bed_util_ads: 0.483, bed_util_des: 0.482, des_th: 0.4816963421795746,frac_lost: 0.107, li_recovered:  7.541, time: 0.006140314999356633
L: 7.49, u_super: 0.00803 — INFEASIBLE (li_recovered=0.000e+00), time: 0.003907723999873269
L: 0.50, u_super: 0.00584, sec: 324.164, prod: 0.131996, t_ads: 33.2, t_des: 29.8, bed_util_ads: 0.500, bed_util_des: 0.500, des_th: 0.49964743918530113,frac_lost: 0.102, li_recovered:  8.315, time: 0.00580384700151626
L: 0.50, u_super: 0.00800, sec: 456.523, prod: 0.181037, t_ads: 24.4, t_des: 21.9, bed_util_ads: 0.500, bed_util_des: 0.500, des_th: 0.49996572392184835,frac_lost: 0.107, li_recovered:  8.386, time: 0.008589316999859875
L: 0.50, u_super: 0.00604, sec: 336.852, prod: 0.136087, t_ads: 32.4, t_des: 29.8, bed_util_ads: 0.496, bed_util_des: 0.496, des_th: 0.49605787542330715,frac_lost: 0.109, li_recovered:  8.469, time: 0.006341545000395854
L: 0.50, u_super: 0.00130 — INFEASIBLE (li_recovered=0.000e+00), time: 0.006433271999412682
L: 0.50, u_super: 0.00892, sec: 514.035, prod: 0.202180, t_ads: 21.9, t_des: 19.8, bed_util_ads: 0.500, bed_util_des: 0.500, des_th: 0.49968329460831007,frac_lost: 0.105, li_recovered:  8.439, time: 0.007064166999043664
L: 0.50, u_super: 0.00430, sec: 234.754, prod: 0.096729, t_ads: 45.2, t_des: 40.8, bed_util_ads: 0.498, bed_util_des: 0.498, des_th: 0.49762297252727294,frac_lost: 0.105, li_recovered:  8.325, time: 0.007801599000231363
L: 0.50, u_super: 0.00033 — INFEASIBLE (li_recovered=0.000e+00), time: 0.004405342999234563
L: 3.19, u_super: 0.00493 — INFEASIBLE (li_recovered=0.000e+00), time: 0.0033121569995273603
L: 25.99, u_super: 0.00761 — INFEASIBLE (li_recovered=0.000e+00), time: 0.0018279510004504118
L: 0.50, u_super: 0.00624, sec: 348.230, prod: 0.141117, t_ads: 31.1, t_des: 27.8, bed_util_ads: 0.500, bed_util_des: 0.500, des_th: 0.4998946027757041,frac_lost: 0.102, li_recovered:  8.309, time: 0.006662474999757251
L: 7.20, u_super: 0.00147 — INFEASIBLE (li_recovered=0.000e+00), time: 0.002141834000212839
L: 0.50, u_super: 0.00946, sec: 548.677, prod: 0.214322, t_ads: 20.6, t_des: 19.2, bed_util_ads: 0.496, bed_util_des: 0.496, des_th: 0.496105582406435,frac_lost: 0.104, li_recovered:  8.529, time: 0.0067592760005936725
L: 0.50, u_super: 0.00988, sec: 575.423, prod: 0.224009, t_ads: 19.8, t_des: 17.9, bed_util_ads: 0.500, bed_util_des: 0.499, des_th: 0.49942132725883337,frac_lost: 0.105, li_recovered:  8.441, time: 0.007334154999625753
   309 |    12360 |     40 |  0.0035934949 |             f
L: 1.47, u_super: 0.00603, sec: 1017.881, prod: 0.131872, t_ads: 93.4, t_des: 79.8, bed_util_ads: 0.500, bed_util_des: 0.499, des_th: 0.49948866580483237,frac_lost: 0.101, li_recovered:  22.835, time: 0.006597904000955168
L: 0.50, u_super: 0.00330, sec: 181.268, prod: 0.072741, t_ads: 58.9, t_des: 58.4, bed_util_ads: 0.484, bed_util_des: 0.484, des_th: 0.4837428075824624,frac_lost: 0.106, li_recovered:  8.536, time: 0.00879031000113173
L: 0.50, u_super: 0.00650, sec: 363.107, prod: 0.147034, t_ads: 29.8, t_des: 26.7, bed_util_ads: 0.500, bed_util_des: 0.500, des_th: 0.49969622309619605,frac_lost: 0.101, li_recovered:  8.319, time: 0.01297659199917689
L: 0.50, u_super: 0.00911, sec: 526.647, prod: 0.206131, t_ads: 21.5, t_des: 19.9, bed_util_ads: 0.496, bed_util_des: 0.496, des_th: 0.49571878784934464,frac_lost: 0.105, li_recovered:  8.531, time: 0.01108499300062249
L: 0.50, u_super: 0.00060 — INFEASIBLE (li_recovered=0.000e+00), time: 0.01013331499962078
L: 0.50, u_super: 0.00947, sec: 569.294, prod: 0.206968, t_ads: 20.6, t_des: 21.4, bed_util_ads: 0.482, bed_util_des: 0.481, des_th: 0.48150124407088374,frac_lost: 0.104, li_recovered:  8.698, time: 0.011261159999776282
L: 0.50, u_super: 0.00016, sec: 20.172, prod: 0.001411, t_ads: 1255.9, t_des: 4733.2, bed_util_ads: 0.254, bed_util_des: 0.185, des_th: 0.1851696623157332,frac_lost: 0.102, li_recovered:  8.453, time: 0.025759520000065095
L: 0.50, u_super: 0.00909, sec: 633.738, prod: 0.170625, t_ads: 21.4, t_des: 29.7, bed_util_ads: 0.446, bed_util_des: 0.446, des_th: 0.4458412239499205,frac_lost: 0.102, li_recovered:  8.716, time: 0.012277164998522494
L: 0.50, u_super: 0.00033 — INFEASIBLE (li_recovered=0.000e+00), time: 0.004225289998430526
L: 0.50, u_super: 0.00867, sec: 498.499, prod: 0.196289, t_ads: 22.6, t_des: 20.7, bed_util_ads: 0.498, bed_util_des: 0.498, des_th: 0.49752461372208856,frac_lost: 0.106, li_recovered:  8.490, time: 0.008164351000232273
L: 0.50, u_super: 0.00061 — INFEASIBLE (li_recovered=0.000e+00), time: 0.004298755999116111
L: 0.50, u_super: 0.00944, sec: 547.386, prod: 0.214075, t_ads: 20.7, t_des: 18.8, bed_util_ads: 0.499, bed_util_des: 0.499, des_th: 0.4993876360074719,frac_lost: 0.105, li_recovered:  8.457, time: 0.009103639000386465
L: 0.50, u_super: 0.00033, sec: 19.980, prod: 0.006169, t_ads: 539.3, t_des: 598.3, bed_util_ads: 0.425, bed_util_des: 0.418, des_th: 0.41796213414484396,frac_lost: 0.104, li_recovered:  7.018, time: 0.00892967499930819
L: 0.50, u_super: 0.00910, sec: 525.416, prod: 0.206137, t_ads: 21.5, t_des: 19.5, bed_util_ads: 0.500, bed_util_des: 0.499, des_th: 0.49942132725883337,frac_lost: 0.106, li_recovered:  8.445, time: 0.009964271999706398
L: 0.50, u_super: 0.00302, sec: 163.644, prod: 0.067105, t_ads: 63.9, t_des: 55.6, bed_util_ads: 0.500, bed_util_des: 0.500, des_th: 0.49990552005608346,frac_lost: 0.101, li_recovered:  8.016, time: 0.0192917979984486
L: 0.50, u_super: 0.00675, sec: 379.456, prod: 0.152455, t_ads: 29.0, t_des: 26.1, bed_util_ads: 0.500, bed_util_des: 0.500, des_th: 0.49969622309619605,frac_lost: 0.108, li_recovered:  8.392, time: 0.009867566999673727
L: 9.84, u_super: 0.00348 — INFEASIBLE (li_recovered=0.000e+00), time: 0.002511881000827998
L: 0.50, u_super: 0.00942, sec: 545.891, prod: 0.213597, t_ads: 20.7, t_des: 18.8, bed_util_ads: 0.499, bed_util_des: 0.499, des_th: 0.4993876360074719,frac_lost: 0.105, li_recovered:  8.446, time: 0.008135949999996228
L: 39.81, u_super: 0.00378 — INFEASIBLE (li_recovered=0.000e+00), time: 0.0017980200009333203
L: 0.50, u_super: 0.00490, sec: 269.631, prod: 0.110484, t_ads: 39.6, t_des: 35.3, bed_util_ads: 0.500, bed_util_des: 0.500, des_th: 0.49990552005608346,frac_lost: 0.104, li_recovered:  8.277, time: 0.006663623000349617
L: 61.87, u_super: 0.00284 — INFEASIBLE (li_recovered=0.000e+00), time: 0.0019146779995935503
L: 0.50, u_super: 0.00689, sec: 405.874, prod: 0.148480, t_ads: 28.4, t_des: 30.1, bed_util_ads: 0.480, bed_util_des: 0.479, des_th: 0.4791893756140015,frac_lost: 0.107, li_recovered:  8.684, time: 0.008332253999469685
L: 0.50, u_super: 0.00094 — INFEASIBLE (li_recovered=0.000e+00), time: 0.004421810999701847
L: 0.50, u_super: 0.00290, sec: 156.886, prod: 0.064581, t_ads: 66.5, t_des: 58.4, bed_util_ads: 0.500, bed_util_des: 0.500, des_th: 0.4996395070455096,frac_lost: 0.103, li_recovered:  8.070, time: 0.005378829000619589
L: 0.50, u_super: 0.00914, sec: 527.879, prod: 0.207095, t_ads: 21.4, t_des: 19.4, bed_util_ads: 0.500, bed_util_des: 0.500, des_th: 0.4999522122851401,frac_lost: 0.106, li_recovered:  8.442, time: 0.0062053430010564625
L: 0.50, u_super: 0.00768, sec: 550.309, prod: 0.137833, t_ads: 25.4, t_des: 37.8, bed_util_ads: 0.437, bed_util_des: 0.436, des_th: 0.435857697625283,frac_lost: 0.105, li_recovered:  8.713, time: 0.00964924799882283
L: 0.50, u_super: 0.00143, sec: 95.345, prod: 0.025221, t_ads: 135.4, t_des: 199.5, bed_util_ads: 0.428, bed_util_des: 0.424, des_th: 0.42382925303319907,frac_lost: 0.108, li_recovered:  8.446, time: 0.008790531001068302
L: 0.50, u_super: 0.00534, sec: 294.656, prod: 0.120702, t_ads: 36.3, t_des: 32.6, bed_util_ads: 0.499, bed_util_des: 0.499, des_th: 0.49908303223875033,frac_lost: 0.101, li_recovered:  8.305, time: 0.007261102000484243
L: 0.50, u_super: 0.00020, sec: 33.040, prod: 0.001368, t_ads: 1018.4, t_des: 5389.8, bed_util_ads: 0.236, bed_util_des: 0.168, des_th: 0.1677069741639543,frac_lost: 0.104, li_recovered:  8.765, time: 0.017018346001350437
L: 0.50, u_super: 0.00097, sec: 54.074, prod: 0.020559, t_ads: 193.1, t_des: 201.0, bed_util_ads: 0.466, bed_util_des: 0.463, des_th: 0.4633471912359872,frac_lost: 0.101, li_recovered:  8.101, time: 0.006088870999519713
L: 2.19, u_super: 0.00988, sec: 2580.171, prod: 0.219159, t_ads: 85.8, t_des: 80.8, bed_util_ads: 0.489, bed_util_des: 0.489, des_th: 0.4885874595575657,frac_lost: 0.106, li_recovered:  36.527, time: 0.009271920998799033
L: 0.50, u_super: 0.00484, sec: 265.836, prod: 0.108811, t_ads: 40.3, t_des: 36.0, bed_util_ads: 0.500, bed_util_des: 0.500, des_th: 0.4996395070455096,frac_lost: 0.106, li_recovered:  8.296, time: 0.006574106000698521
L: 0.50, u_super: 0.00137, sec: 75.108, prod: 0.029378, t_ads: 138.5, t_des: 118.1, bed_util_ads: 0.496, bed_util_des: 0.496, des_th: 0.49571878784934464,frac_lost: 0.102, li_recovered:  7.539, time: 0.00381804800053942
L: 0.50, u_super: 0.00714, sec: 403.013, prod: 0.161470, t_ads: 27.4, t_des: 24.6, bed_util_ads: 0.500, bed_util_des: 0.500, des_th: 0.4996931073255885,frac_lost: 0.106, li_recovered:  8.391, time: 0.0058017999999719905
L: 0.50, u_super: 0.00685, sec: 384.192, prod: 0.154980, t_ads: 28.3, t_des: 25.4, bed_util_ads: 0.500, bed_util_des: 0.500, des_th: 0.49964161751561176,frac_lost: 0.101, li_recovered:  8.329, time: 0.003832504000456538
L: 0.50, u_super: 0.00508, sec: 280.016, prod: 0.114464, t_ads: 38.3, t_des: 34.1, bed_util_ads: 0.500, bed_util_des: 0.500, des_th: 0.49962061046536727,frac_lost: 0.105, li_recovered:  8.292, time: 0.004246701999363722
L: 0.50, u_super: 0.00789, sec: 448.478, prod: 0.178853, t_ads: 24.6, t_des: 23.0, bed_util_ads: 0.496, bed_util_des: 0.496, des_th: 0.49571878784934464,frac_lost: 0.101, li_recovered:  8.511, time: 0.004060174998812727
L: 0.50, u_super: 0.00410, sec: 223.907, prod: 0.091894, t_ads: 47.4, t_des: 41.8, bed_util_ads: 0.500, bed_util_des: 0.499, des_th: 0.4994277759475078,frac_lost: 0.105, li_recovered:  8.201, time: 0.003615085999626899
L: 0.50, u_super: 0.00235, sec: 127.354, prod: 0.051846, t_ads: 82.1, t_des: 71.1, bed_util_ads: 0.500, bed_util_des: 0.500, des_th: 0.49996572392184835,frac_lost: 0.106, li_recovered:  7.946, time: 0.0052756250006495975
L: 0.50, u_super: 0.00771, sec: 436.704, prod: 0.174783, t_ads: 25.2, t_des: 22.7, bed_util_ads: 0.500, bed_util_des: 0.499, des_th: 0.49942132725883337,frac_lost: 0.101, li_recovered:  8.374, time: 0.003926105000573443
   310 |    12400 |     40 |  0.0028309647 |             f
L: 17.14, u_super: 0.00407 — INFEASIBLE (li_recovered=0.000e+00), time: 0.0020788099991477793
L: 0.50, u_super: 0.00010 — INFEASIBLE (li_recovered=0.000e+00), time: 0.002351444998566876
L: 8.43, u_super: 0.00894 — INFEASIBLE (li_recovered=0.000e+00), time: 0.0043455420000100276
L: 14.40, u_super: 0.00572 — INFEASIBLE (li_recovered=0.000e+00), time: 0.0015857449998293305
L: 0.50, u_super: 0.00081, sec: 45.240, prod: 0.017187, t_ads: 227.4, t_des: 203.7, bed_util_ads: 0.482, bed_util_des: 0.481, des_th: 0.48150124407088374,frac_lost: 0.100, li_recovered:  7.409, time: 0.005128257000251324
L: 0.50, u_super: 0.00835, sec: 478.252, prod: 0.188684, t_ads: 23.5, t_des: 21.2, bed_util_ads: 0.500, bed_util_des: 0.499, des_th: 0.49942448204693307,frac_lost: 0.109, li_recovered:  8.438, time: 0.003981310999733978
L: 55.52, u_super: 0.00005 — INFEASIBLE (li_recovered=0.000e+00), time: 0.0007459789994754829
L: 0.50, u_super: 0.00228, sec: 123.779, prod: 0.050338, t_ads: 84.7, t_des: 73.4, bed_util_ads: 0.500, bed_util_des: 0.500, des_th: 0.49975824108568667,frac_lost: 0.108, li_recovered:  7.958, time: 0.0044971669994993135
L: 0.50, u_super: 0.00978, sec: 569.461, prod: 0.221811, t_ads: 20.0, t_des: 18.1, bed_util_ads: 0.500, bed_util_des: 0.500, des_th: 0.49972565347425446,frac_lost: 0.105, li_recovered:  8.444, time: 0.006487007000032463
L: 0.50, u_super: 0.00294, sec: 159.338, prod: 0.065245, t_ads: 65.6, t_des: 56.9, bed_util_ads: 0.500, bed_util_des: 0.500, des_th: 0.4999421944677996,frac_lost: 0.101, li_recovered:  7.994, time: 0.0057208660000469536
L: 42.41, u_super: 0.00126 — INFEASIBLE (li_recovered=0.000e+00), time: 0.0008960790000855923
L: 0.50, u_super: 0.00450, sec: 247.360, prod: 0.100690, t_ads: 43.3, t_des: 41.4, bed_util_ads: 0.491, bed_util_des: 0.490, des_th: 0.49034834826997276,frac_lost: 0.105, li_recovered:  8.524, time: 0.00615552000090247
L: 27.28, u_super: 0.00650 — INFEASIBLE (li_recovered=0.000e+00), time: 0.0016772640010458417
L: 0.50, u_super: 0.00467, sec: 2680.369, prod: 0.010055, t_ads: 42.0, t_des: 832.1, bed_util_ads: 0.174, bed_util_des: 0.168, des_th: 0.16832812439492606,frac_lost: 0.104, li_recovered:  8.789, time: 0.05450688699966122
L: 0.50, u_super: 0.00620, sec: 345.616, prod: 0.140111, t_ads: 31.4, t_des: 28.7, bed_util_ads: 0.498, bed_util_des: 0.498, des_th: 0.4976955371616311,frac_lost: 0.105, li_recovered:  8.419, time: 0.005643132000841433
L: 0.50, u_super: 0.00126, sec: 67.938, prod: 0.027456, t_ads: 150.6, t_des: 141.6, bed_util_ads: 0.482, bed_util_des: 0.481, des_th: 0.48150124407088374,frac_lost: 0.102, li_recovered:  8.022, time: 0.0051958969997940585
L: 8.47, u_super: 0.00129 — INFEASIBLE (li_recovered=0.000e+00), time: 0.0017924349995155353
L: 0.50, u_super: 0.00860, sec: 493.434, prod: 0.194573, t_ads: 22.8, t_des: 20.7, bed_util_ads: 0.500, bed_util_des: 0.500, des_th: 0.4996931073255885,frac_lost: 0.107, li_recovered:  8.448, time: 0.004929901000650716
L: 0.50, u_super: 0.00060, sec: 35.119, prod: 0.012004, t_ads: 302.7, t_des: 256.8, bed_util_ads: 0.480, bed_util_des: 0.480, des_th: 0.479981321781743,frac_lost: 0.102, li_recovered:  6.717, time: 0.005213344000367215
L: 0.50, u_super: 0.00130, sec: 70.805, prod: 0.028064, t_ads: 146.0, t_des: 127.6, bed_util_ads: 0.493, bed_util_des: 0.492, des_th: 0.49221857448219447,frac_lost: 0.103, li_recovered:  7.677, time: 0.004378834999442915
L: 0.50, u_super: 0.00785, sec: 445.132, prod: 0.177970, t_ads: 24.7, t_des: 22.3, bed_util_ads: 0.500, bed_util_des: 0.500, des_th: 0.49996572392184835,frac_lost: 0.101, li_recovered:  8.377, time: 0.004293030999178882
L: 0.50, u_super: 0.00195, sec: 118.625, prod: 0.038071, t_ads: 98.6, t_des: 124.4, bed_util_ads: 0.450, bed_util_des: 0.448, des_th: 0.44799687145936345,frac_lost: 0.101, li_recovered:  8.489, time: 0.007443580001563532
L: 0.50, u_super: 0.00714, sec: 426.245, prod: 0.152670, t_ads: 27.3, t_des: 29.6, bed_util_ads: 0.476, bed_util_des: 0.476, des_th: 0.4756432145374735,frac_lost: 0.106, li_recovered:  8.689, time: 0.004989435001334641
L: 0.50, u_super: 0.00442, sec: 241.877, prod: 0.099435, t_ads: 44.1, t_des: 40.1, bed_util_ads: 0.498, bed_util_des: 0.497, des_th: 0.4975061930638003,frac_lost: 0.107, li_recovered:  8.373, time: 0.006293172000368941
L: 0.50, u_super: 0.00060, sec: 34.885, prod: 0.012085, t_ads: 303.4, t_des: 260.5, bed_util_ads: 0.480, bed_util_des: 0.480, des_th: 0.480110889327066,frac_lost: 0.104, li_recovered:  6.814, time: 0.005077591000372195
L: 0.50, u_super: 0.00837, sec: 478.772, prod: 0.189479, t_ads: 23.4, t_des: 21.2, bed_util_ads: 0.500, bed_util_des: 0.499, des_th: 0.49938878110817586,frac_lost: 0.106, li_recovered:  8.440, time: 0.004340526000305545
L: 0.50, u_super: 0.00648, sec: 366.912, prod: 0.144922, t_ads: 30.1, t_des: 29.3, bed_util_ads: 0.489, bed_util_des: 0.489, des_th: 0.48889105437338387,frac_lost: 0.106, li_recovered:  8.607, time: 0.004606578000675654
L: 0.50, u_super: 0.00988, sec: 575.986, prod: 0.223790, t_ads: 19.8, t_des: 18.0, bed_util_ads: 0.500, bed_util_des: 0.500, des_th: 0.49963666276150936,frac_lost: 0.107, li_recovered:  8.462, time: 0.005894686999454279
L: 0.50, u_super: 0.00679, sec: 396.044, prod: 0.148020, t_ads: 28.8, t_des: 29.8, bed_util_ads: 0.482, bed_util_des: 0.481, des_th: 0.48140947012103635,frac_lost: 0.108, li_recovered:  8.676, time: 0.005436905999886221
L: 0.50, u_super: 0.00158, sec: 86.684, prod: 0.034289, t_ads: 121.0, t_des: 103.0, bed_util_ads: 0.498, bed_util_des: 0.498, des_th: 0.49816580611076783,frac_lost: 0.107, li_recovered:  7.682, time: 0.005031093000070541
L: 19.33, u_super: 0.00735 — INFEASIBLE (li_recovered=0.000e+00), time: 0.0014669970005343203
L: 0.50, u_super: 0.00032 — INFEASIBLE (li_recovered=0.000e+00), time: 0.0020641400005843025
L: 0.50, u_super: 0.00461, sec: 252.692, prod: 0.103698, t_ads: 42.3, t_des: 38.5, bed_util_ads: 0.496, bed_util_des: 0.496, des_th: 0.4961001288183672,frac_lost: 0.107, li_recovered:  8.383, time: 0.0037773999993078178
L: 34.98, u_super: 0.00924 — INFEASIBLE (li_recovered=0.000e+00), time: 0.0020840850011154544
L: 0.50, u_super: 0.00333, sec: 183.529, prod: 0.073036, t_ads: 58.5, t_des: 58.6, bed_util_ads: 0.484, bed_util_des: 0.483, des_th: 0.48350188145247,frac_lost: 0.107, li_recovered:  8.552, time: 0.005847678999998607
L: 0.50, u_super: 0.00605, sec: 347.436, prod: 0.132695, t_ads: 32.1, t_des: 33.2, bed_util_ads: 0.481, bed_util_des: 0.481, des_th: 0.4807813518825287,frac_lost: 0.101, li_recovered:  8.652, time: 0.006560462999914307
L: 0.50, u_super: 0.00990, sec: 576.574, prod: 0.224595, t_ads: 19.7, t_des: 17.9, bed_util_ads: 0.499, bed_util_des: 0.499, des_th: 0.49939497291435714,frac_lost: 0.104, li_recovered:  8.458, time: 0.0055937830002221745
L: 7.21, u_super: 0.00376 — INFEASIBLE (li_recovered=0.000e+00), time: 0.0030051220001041656
L: 23.24, u_super: 0.00461 — INFEASIBLE (li_recovered=0.000e+00), time: 0.0010147720004169969
L: 8.05, u_super: 0.00916 — INFEASIBLE (li_recovered=0.000e+00), time: 0.0020030099985888228
   311 |    12440 |     40 |  0.0026559958 |             f
L: 0.50, u_super: 0.00302, sec: 163.480, prod: 0.067172, t_ads: 64.1, t_des: 56.1, bed_util_ads: 0.500, bed_util_des: 0.500, des_th: 0.4999916693361129,frac_lost: 0.104, li_recovered:  8.068, time: 0.00649807499939925
L: 0.50, u_super: 0.00508, sec: 279.671, prod: 0.114606, t_ads: 38.2, t_des: 34.2, bed_util_ads: 0.500, bed_util_des: 0.500, des_th: 0.4995930650601836,frac_lost: 0.102, li_recovered:  8.290, time: 0.00678228200013109
L: 0.50, u_super: 0.00866, sec: 544.863, prod: 0.179055, t_ads: 22.6, t_des: 26.1, bed_util_ads: 0.468, bed_util_des: 0.468, des_th: 0.46798669060509884,frac_lost: 0.105, li_recovered:  8.709, time: 0.007910743001048104
L: 0.50, u_super: 0.00333, sec: 231.560, prod: 0.057901, t_ads: 58.4, t_des: 90.7, bed_util_ads: 0.428, bed_util_des: 0.427, des_th: 0.4265640604031494,frac_lost: 0.103, li_recovered:  8.632, time: 0.0075728530009655515
L: 0.50, u_super: 0.00852, sec: 536.498, prod: 0.175782, t_ads: 23.0, t_des: 26.6, bed_util_ads: 0.469, bed_util_des: 0.468, des_th: 0.4684364878653502,frac_lost: 0.107, li_recovered:  8.711, time: 0.005739926999012823
L: 40.14, u_super: 0.00990 — INFEASIBLE (li_recovered=0.000e+00), time: 0.0019742229997063987
L: 0.50, u_super: 0.00795, sec: 452.026, prod: 0.180263, t_ads: 24.4, t_des: 22.0, bed_util_ads: 0.500, bed_util_des: 0.500, des_th: 0.49996572392184835,frac_lost: 0.102, li_recovered:  8.372, time: 0.0050145519999205135
L: 0.50, u_super: 0.00083, sec: 45.991, prod: 0.017357, t_ads: 224.6, t_des: 198.3, bed_util_ads: 0.485, bed_util_des: 0.484, des_th: 0.4841964595056731,frac_lost: 0.101, li_recovered:  7.341, time: 0.005848200999025721
L: 0.50, u_super: 0.00775, sec: 439.149, prod: 0.175675, t_ads: 25.1, t_des: 22.6, bed_util_ads: 0.500, bed_util_des: 0.499, des_th: 0.4994953219031424,frac_lost: 0.101, li_recovered:  8.379, time: 0.0064636770002834965
L: 0.50, u_super: 0.00650, sec: 364.174, prod: 0.146603, t_ads: 30.1, t_des: 27.4, bed_util_ads: 0.498, bed_util_des: 0.498, des_th: 0.4982630247226932,frac_lost: 0.109, li_recovered:  8.434, time: 0.00535355099964363
L: 0.50, u_super: 0.00379, sec: 211.696, prod: 0.082671, t_ads: 51.3, t_des: 52.6, bed_util_ads: 0.481, bed_util_des: 0.481, des_th: 0.48059259404731336,frac_lost: 0.105, li_recovered:  8.591, time: 0.004920375000438071
L: 0.50, u_super: 0.00216, sec: 116.926, prod: 0.047638, t_ads: 89.3, t_des: 77.8, bed_util_ads: 0.499, bed_util_des: 0.498, des_th: 0.4985894903998038,frac_lost: 0.106, li_recovered:  7.959, time: 0.0055396910011040745
L: 0.50, u_super: 0.00636, sec: 356.103, prod: 0.143561, t_ads: 30.5, t_des: 28.9, bed_util_ads: 0.493, bed_util_des: 0.493, des_th: 0.492952611292087,frac_lost: 0.102, li_recovered:  8.536, time: 0.004940168999382877
L: 0.50, u_super: 0.00508, sec: 279.649, prod: 0.114615, t_ads: 38.2, t_des: 34.2, bed_util_ads: 0.500, bed_util_des: 0.500, des_th: 0.4996246777585186,frac_lost: 0.103, li_recovered:  8.296, time: 0.005486029000167036
L: 0.50, u_super: 0.00008, sec: 8.030, prod: 0.000956, t_ads: 2356.3, t_des: 5909.5, bed_util_ads: 0.252, bed_util_des: 0.171, des_th: 0.17151514534364654,frac_lost: 0.102, li_recovered:  7.902, time: 0.006948074000320048
L: 0.50, u_super: 0.00912, sec: 526.833, prod: 0.206722, t_ads: 21.4, t_des: 19.2, bed_util_ads: 0.500, bed_util_des: 0.500, des_th: 0.4997081400007278,frac_lost: 0.105, li_recovered:  8.393, time: 0.00460974399902625
L: 0.50, u_super: 0.00535, sec: 295.391, prod: 0.120605, t_ads: 36.4, t_des: 32.5, bed_util_ads: 0.499, bed_util_des: 0.499, des_th: 0.49908303223875033,frac_lost: 0.104, li_recovered:  8.307, time: 0.0038408379987231456
L: 25.99, u_super: 0.00867 — INFEASIBLE (li_recovered=0.000e+00), time: 0.0012685879992204718
L: 0.50, u_super: 0.00330, sec: 178.780, prod: 0.073753, t_ads: 58.9, t_des: 52.6, bed_util_ads: 0.497, bed_util_des: 0.497, des_th: 0.4971367442692924,frac_lost: 0.107, li_recovered:  8.223, time: 0.003560570999979973
L: 8.41, u_super: 0.00024 — INFEASIBLE (li_recovered=0.000e+00), time: 0.0007422309990943177
L: 0.50, u_super: 0.00442, sec: 241.804, prod: 0.099464, t_ads: 44.0, t_des: 39.8, bed_util_ads: 0.498, bed_util_des: 0.498, des_th: 0.49753349990405465,frac_lost: 0.106, li_recovered:  8.335, time: 0.0037775119999423623
L: 0.50, u_super: 0.00745, sec: 420.548, prod: 0.168806, t_ads: 26.1, t_des: 23.5, bed_util_ads: 0.499, bed_util_des: 0.499, des_th: 0.49927211554373985,frac_lost: 0.101, li_recovered:  8.374, time: 0.0033086629991885275
L: 0.50, u_super: 0.00532, sec: 293.408, prod: 0.119949, t_ads: 36.5, t_des: 32.7, bed_util_ads: 0.499, bed_util_des: 0.499, des_th: 0.49908303223875033,frac_lost: 0.103, li_recovered:  8.299, time: 0.0034466039996914333
L: 0.50, u_super: 0.00058 — INFEASIBLE (li_recovered=0.000e+00), time: 0.0028988830017624423
L: 0.50, u_super: 0.00033 — INFEASIBLE (li_recovered=0.000e+00), time: 0.002786329001537524
L: 0.50, u_super: 0.00919, sec: 531.604, prod: 0.208214, t_ads: 21.3, t_des: 19.3, bed_util_ads: 0.500, bed_util_des: 0.500, des_th: 0.4999820841183751,frac_lost: 0.107, li_recovered:  8.444, time: 0.004504546999669401
L: 0.50, u_super: 0.00031, sec: 55.537, prod: 0.001980, t_ads: 645.5, t_des: 3754.3, bed_util_ads: 0.242, bed_util_des: 0.191, des_th: 0.19074269154804468,frac_lost: 0.104, li_recovered:  8.713, time: 0.01633304100141686
L: 0.50, u_super: 0.00560, sec: 310.046, prod: 0.126529, t_ads: 34.6, t_des: 30.9, bed_util_ads: 0.500, bed_util_des: 0.499, des_th: 0.49941601653492296,frac_lost: 0.101, li_recovered:  8.295, time: 0.005180141999517218
L: 0.50, u_super: 0.00649, sec: 363.203, prod: 0.146868, t_ads: 29.9, t_des: 26.7, bed_util_ads: 0.500, bed_util_des: 0.500, des_th: 0.4996309583823792,frac_lost: 0.102, li_recovered:  8.315, time: 0.004966751999745611
L: 0.50, u_super: 0.00062 — INFEASIBLE (li_recovered=0.000e+00), time: 0.0032115559988596942
L: 19.92, u_super: 0.00831 — INFEASIBLE (li_recovered=0.000e+00), time: 0.001569390999065945
L: 0.50, u_super: 0.00191, sec: 103.031, prod: 0.041881, t_ads: 100.4, t_des: 99.1, bed_util_ads: 0.481, bed_util_des: 0.480, des_th: 0.48006854032286234,frac_lost: 0.100, li_recovered:  8.352, time: 0.006046860999049386
L: 0.50, u_super: 0.00800, sec: 456.443, prod: 0.181068, t_ads: 24.4, t_des: 22.0, bed_util_ads: 0.500, bed_util_des: 0.500, des_th: 0.49996136280054687,frac_lost: 0.107, li_recovered:  8.401, time: 0.005522224000742426
L: 0.50, u_super: 0.00892, sec: 514.035, prod: 0.202180, t_ads: 21.9, t_des: 19.8, bed_util_ads: 0.500, bed_util_des: 0.500, des_th: 0.49968329460831007,frac_lost: 0.105, li_recovered:  8.439, time: 0.0052118959993094904
L: 0.50, u_super: 0.00948, sec: 550.300, prod: 0.214473, t_ads: 20.6, t_des: 19.2, bed_util_ads: 0.496, bed_util_des: 0.496, des_th: 0.49630586166666096,frac_lost: 0.105, li_recovered:  8.539, time: 0.005413012999269995
L: 0.50, u_super: 0.00763, sec: 451.320, prod: 0.165513, t_ads: 25.7, t_des: 26.8, bed_util_ads: 0.481, bed_util_des: 0.481, des_th: 0.4806816727880799,frac_lost: 0.108, li_recovered:  8.690, time: 0.005015406999518746
L: 2.07, u_super: 0.00378 — INFEASIBLE (li_recovered=0.000e+00), time: 0.002481414001522353
L: 0.50, u_super: 0.00954, sec: 574.987, prod: 0.208116, t_ads: 20.5, t_des: 21.3, bed_util_ads: 0.482, bed_util_des: 0.481, des_th: 0.48150124407088374,frac_lost: 0.106, li_recovered:  8.702, time: 0.004158869000093546
L: 2.98, u_super: 0.00057 — INFEASIBLE (li_recovered=0.000e+00), time: 0.0023510599985456793
L: 0.50, u_super: 0.00103 — INFEASIBLE (li_recovered=0.000e+00), time: 0.002502185001503676
   312 |    12480 |     40 |  0.0016500098 |             f
L: 0.50, u_super: 0.00005, sec: 10.793, prod: 0.000268, t_ads: 1878.1, t_des: 1392.3, bed_util_ads: 0.263, bed_util_des: 0.260, des_th: 0.26003577131739136,frac_lost: 0.100, li_recovered:  0.877, time: 0.0018854450008802814
L: 0.50, u_super: 0.00442, sec: 241.752, prod: 0.099486, t_ads: 44.0, t_des: 39.6, bed_util_ads: 0.498, bed_util_des: 0.497, des_th: 0.49750004701154005,frac_lost: 0.105, li_recovered:  8.318, time: 0.004980513000191422
L: 42.41, u_super: 0.00636 — INFEASIBLE (li_recovered=0.000e+00), time: 0.0013220919990999391
L: 0.50, u_super: 0.00892, sec: 514.387, prod: 0.202041, t_ads: 21.9, t_des: 19.6, bed_util_ads: 0.500, bed_util_des: 0.500, des_th: 0.4999818072816856,frac_lost: 0.106, li_recovered:  8.393, time: 0.0036525479990814347
L: 0.50, u_super: 0.00525, sec: 289.726, prod: 0.118497, t_ads: 37.0, t_des: 33.0, bed_util_ads: 0.500, bed_util_des: 0.500, des_th: 0.4995259236232756,frac_lost: 0.103, li_recovered:  8.296, time: 0.004506520999711938
L: 0.50, u_super: 0.00097, sec: 52.865, prod: 0.020747, t_ads: 194.6, t_des: 178.1, bed_util_ads: 0.482, bed_util_des: 0.481, des_th: 0.48150124407088374,frac_lost: 0.104, li_recovered:  7.731, time: 0.0038727439987269463
L: 0.50, u_super: 0.00462, sec: 253.460, prod: 0.104055, t_ads: 42.2, t_des: 38.1, bed_util_ads: 0.498, bed_util_des: 0.498, des_th: 0.49762297252727294,frac_lost: 0.107, li_recovered:  8.355, time: 0.0049085660011769505
L: 0.50, u_super: 0.00758, sec: 428.848, prod: 0.171945, t_ads: 25.6, t_des: 23.2, bed_util_ads: 0.500, bed_util_des: 0.499, des_th: 0.49942448204693307,frac_lost: 0.101, li_recovered:  8.383, time: 0.005398452000008547
L: 13.86, u_super: 0.00330 — INFEASIBLE (li_recovered=0.000e+00), time: 0.0018070359983539674
L: 0.50, u_super: 0.00967, sec: 561.914, prod: 0.219273, t_ads: 20.2, t_des: 18.3, bed_util_ads: 0.500, bed_util_des: 0.500, des_th: 0.4998334366123294,frac_lost: 0.105, li_recovered:  8.444, time: 0.005427678999694763
L: 0.50, u_super: 0.00990, sec: 576.854, prod: 0.224486, t_ads: 19.7, t_des: 17.9, bed_util_ads: 0.499, bed_util_des: 0.499, des_th: 0.4987406873485586,frac_lost: 0.105, li_recovered:  8.452, time: 0.007854856999983895
L: 0.50, u_super: 0.00933, sec: 540.170, prod: 0.211535, t_ads: 20.9, t_des: 19.0, bed_util_ads: 0.500, bed_util_des: 0.500, des_th: 0.49952890880294804,frac_lost: 0.105, li_recovered:  8.442, time: 0.006185068999911891
L: 11.44, u_super: 0.00871 — INFEASIBLE (li_recovered=0.000e+00), time: 0.0023253740000654943
L: 0.50, u_super: 0.00074 — INFEASIBLE (li_recovered=0.000e+00), time: 0.002888209999582614
L: 2.24, u_super: 0.00330, sec: 849.026, prod: 0.069425, t_ads: 252.4, t_des: 249.8, bed_util_ads: 0.467, bed_util_des: 0.465, des_th: 0.4646311159945133,frac_lost: 0.103, li_recovered:  34.867, time: 0.005597510000370676
L: 0.50, u_super: 0.00560, sec: 309.644, prod: 0.126542, t_ads: 34.6, t_des: 31.0, bed_util_ads: 0.500, bed_util_des: 0.499, des_th: 0.4994524816869869,frac_lost: 0.101, li_recovered:  8.305, time: 0.006115275999036385
L: 0.50, u_super: 0.00385, sec: 2902.586, prod: 0.006234, t_ads: 50.8, t_des: 1359.8, bed_util_ads: 0.153, bed_util_des: 0.146, des_th: 0.14569089205221014,frac_lost: 0.101, li_recovered:  8.794, time: 0.06592294899928675
L: 0.50, u_super: 0.00095, sec: 52.085, prod: 0.020422, t_ads: 197.3, t_des: 180.8, bed_util_ads: 0.482, bed_util_des: 0.481, des_th: 0.48150124407088374,frac_lost: 0.104, li_recovered:  7.722, time: 0.0071342679984809365
L: 15.63, u_super: 0.00714 — INFEASIBLE (li_recovered=0.000e+00), time: 0.002965212999697542
L: 0.50, u_super: 0.00800, sec: 456.746, prod: 0.180948, t_ads: 24.5, t_des: 21.9, bed_util_ads: 0.500, bed_util_des: 0.500, des_th: 0.4999866602621567,frac_lost: 0.107, li_recovered:  8.384, time: 0.006895987000461901
L: 0.50, u_super: 0.00948, sec: 549.959, prod: 0.214606, t_ads: 20.6, t_des: 19.1, bed_util_ads: 0.496, bed_util_des: 0.496, des_th: 0.4963004309895825,frac_lost: 0.105, li_recovered:  8.525, time: 0.006243920999622787
L: 0.50, u_super: 0.00062, sec: 35.313, prod: 0.012532, t_ads: 298.4, t_des: 261.2, bed_util_ads: 0.478, bed_util_des: 0.477, des_th: 0.47757709088627,frac_lost: 0.106, li_recovered:  7.013, time: 0.005475859999933164
L: 0.50, u_super: 0.00509, sec: 280.120, prod: 0.114947, t_ads: 38.1, t_des: 34.8, bed_util_ads: 0.496, bed_util_des: 0.496, des_th: 0.49615411953690597,frac_lost: 0.103, li_recovered:  8.389, time: 0.005568321999817272
L: 0.50, u_super: 0.00033 — INFEASIBLE (li_recovered=0.000e+00), time: 0.003926232000594609
L: 7.69, u_super: 0.00377 — INFEASIBLE (li_recovered=0.000e+00), time: 0.002421777000563452
L: 0.50, u_super: 0.00167, sec: 90.211, prod: 0.036728, t_ads: 114.1, t_des: 111.3, bed_util_ads: 0.482, bed_util_des: 0.481, des_th: 0.4811855953657323,frac_lost: 0.101, li_recovered:  8.278, time: 0.006762068998796167
L: 0.50, u_super: 0.00650, sec: 364.889, prod: 0.146661, t_ads: 30.1, t_des: 27.9, bed_util_ads: 0.496, bed_util_des: 0.496, des_th: 0.49560371723320107,frac_lost: 0.107, li_recovered:  8.504, time: 0.006978977999096969
L: 0.50, u_super: 0.00800, sec: 456.583, prod: 0.181013, t_ads: 24.4, t_des: 21.9, bed_util_ads: 0.500, bed_util_des: 0.500, des_th: 0.49996136280054687,frac_lost: 0.107, li_recovered:  8.388, time: 0.0070944190010777675
L: 0.50, u_super: 0.00789, sec: 447.904, prod: 0.179019, t_ads: 24.6, t_des: 22.2, bed_util_ads: 0.499, bed_util_des: 0.499, des_th: 0.4993865569275897,frac_lost: 0.100, li_recovered:  8.377, time: 0.006337817998428363
L: 0.50, u_super: 0.00033, sec: 19.916, prod: 0.006189, t_ads: 527.0, t_des: 518.3, bed_util_ads: 0.441, bed_util_des: 0.438, des_th: 0.438049554878871,frac_lost: 0.102, li_recovered:  6.469, time: 0.005560830000831629
L: 25.19, u_super: 0.00291 — INFEASIBLE (li_recovered=0.000e+00), time: 0.0016927579999901354
L: 0.50, u_super: 0.00417, sec: 227.577, prod: 0.093754, t_ads: 46.6, t_des: 42.0, bed_util_ads: 0.497, bed_util_des: 0.497, des_th: 0.4970714357270679,frac_lost: 0.106, li_recovered:  8.313, time: 0.0081152340007975
L: 0.50, u_super: 0.00442, sec: 241.810, prod: 0.099611, t_ads: 43.9, t_des: 39.7, bed_util_ads: 0.498, bed_util_des: 0.497, des_th: 0.49749699857846397,frac_lost: 0.104, li_recovered:  8.328, time: 0.007775546000630129
L: 0.50, u_super: 0.00037, sec: 22.339, prod: 0.007276, t_ads: 476.2, t_des: 508.3, bed_util_ads: 0.437, bed_util_des: 0.431, des_th: 0.4314309282154781,frac_lost: 0.105, li_recovered:  7.163, time: 0.007372514000962838
L: 0.50, u_super: 0.00280, sec: 151.759, prod: 0.062119, t_ads: 68.7, t_des: 59.7, bed_util_ads: 0.500, bed_util_des: 0.500, des_th: 0.49996572392184835,frac_lost: 0.101, li_recovered:  7.975, time: 0.0072042539995891275
L: 0.50, u_super: 0.00044 — INFEASIBLE (li_recovered=0.000e+00), time: 0.0045008440010860795
L: 0.50, u_super: 0.00675, sec: 378.513, prod: 0.152835, t_ads: 28.7, t_des: 25.7, bed_util_ads: 0.500, bed_util_des: 0.500, des_th: 0.49972549626275703,frac_lost: 0.100, li_recovered:  8.312, time: 0.006638086999373627
L: 0.50, u_super: 0.00815, sec: 465.597, prod: 0.184177, t_ads: 24.1, t_des: 21.7, bed_util_ads: 0.500, bed_util_des: 0.500, des_th: 0.499596157030361,frac_lost: 0.108, li_recovered:  8.436, time: 0.008091080000667716
L: 0.50, u_super: 0.00990, sec: 577.136, prod: 0.224337, t_ads: 19.8, t_des: 17.9, bed_util_ads: 0.500, bed_util_des: 0.500, des_th: 0.49969638030769353,frac_lost: 0.106, li_recovered:  8.448, time: 0.0050927009997394634
L: 8.12, u_super: 0.00061 — INFEASIBLE (li_recovered=0.000e+00), time: 0.001845237000452471
   313 |    12520 |     40 |  0.0035694163 |             f
L: 0.50, u_super: 0.00815, sec: 465.059, prod: 0.184390, t_ads: 24.0, t_des: 21.6, bed_util_ads: 0.500, bed_util_des: 0.500, des_th: 0.4998921122722667,frac_lost: 0.106, li_recovered:  8.397, time: 0.007485532998543931
L: 0.50, u_super: 0.00580, sec: 321.603, prod: 0.131214, t_ads: 33.4, t_des: 29.9, bed_util_ads: 0.500, bed_util_des: 0.500, des_th: 0.49972549626275703,frac_lost: 0.100, li_recovered:  8.309, time: 0.00565826499951072
L: 0.50, u_super: 0.00462, sec: 253.212, prod: 0.104156, t_ads: 42.0, t_des: 38.0, bed_util_ads: 0.498, bed_util_des: 0.498, des_th: 0.497707926078729,frac_lost: 0.104, li_recovered:  8.333, time: 0.008144334999087732
L: 0.50, u_super: 0.00052, sec: 130.125, prod: 0.002463, t_ads: 377.8, t_des: 3191.2, bed_util_ads: 0.222, bed_util_des: 0.185, des_th: 0.1851696623157332,frac_lost: 0.103, li_recovered:  8.789, time: 0.03332146299908345
L: 0.50, u_super: 0.00130, sec: 70.078, prod: 0.028373, t_ads: 145.9, t_des: 139.1, bed_util_ads: 0.482, bed_util_des: 0.481, des_th: 0.48150124407088374,frac_lost: 0.101, li_recovered:  8.086, time: 0.007110590999218402
L: 0.50, u_super: 0.00664, sec: 462.063, prod: 0.121063, t_ads: 29.4, t_des: 42.4, bed_util_ads: 0.440, bed_util_des: 0.440, des_th: 0.43960361362575273,frac_lost: 0.106, li_recovered:  8.702, time: 0.010549925000304938
L: 0.50, u_super: 0.00328, sec: 177.639, prod: 0.073165, t_ads: 58.9, t_des: 51.7, bed_util_ads: 0.500, bed_util_des: 0.500, des_th: 0.4997938650718813,frac_lost: 0.101, li_recovered:  8.091, time: 0.009861376998742344
L: 0.50, u_super: 0.00202, sec: 110.111, prod: 0.044229, t_ads: 95.5, t_des: 94.6, bed_util_ads: 0.482, bed_util_des: 0.481, des_th: 0.4811855953657323,frac_lost: 0.107, li_recovered:  8.407, time: 0.008270905000244966
L: 0.50, u_super: 0.00977, sec: 568.919, prod: 0.221556, t_ads: 20.0, t_des: 18.1, bed_util_ads: 0.500, bed_util_des: 0.500, des_th: 0.4998334366123294,frac_lost: 0.106, li_recovered:  8.444, time: 0.01518257700081449
L: 0.50, u_super: 0.00224, sec: 120.566, prod: 0.049543, t_ads: 86.5, t_des: 76.9, bed_util_ads: 0.496, bed_util_des: 0.496, des_th: 0.4958479251261475,frac_lost: 0.108, li_recovered:  8.095, time: 0.007909801999630872
L: 0.50, u_super: 0.00919, sec: 531.854, prod: 0.208116, t_ads: 21.3, t_des: 19.3, bed_util_ads: 0.500, bed_util_des: 0.500, des_th: 0.4999817532067227,frac_lost: 0.107, li_recovered:  8.449, time: 0.006026663000739063
L: 0.50, u_super: 0.00744, sec: 421.664, prod: 0.167965, t_ads: 26.4, t_des: 23.9, bed_util_ads: 0.499, bed_util_des: 0.499, des_th: 0.4992730662569743,frac_lost: 0.109, li_recovered:  8.445, time: 0.007965348999277921
L: 0.50, u_super: 0.00825, sec: 471.431, prod: 0.186698, t_ads: 23.7, t_des: 21.5, bed_util_ads: 0.500, bed_util_des: 0.499, des_th: 0.49941848162058083,frac_lost: 0.106, li_recovered:  8.445, time: 0.008911259999877075
L: 14.09, u_super: 0.00410 — INFEASIBLE (li_recovered=0.000e+00), time: 0.002428885998597252
L: 0.50, u_super: 0.00124, sec: 69.073, prod: 0.026174, t_ads: 153.0, t_des: 126.8, bed_util_ads: 0.499, bed_util_des: 0.498, des_th: 0.49863901497072277,frac_lost: 0.105, li_recovered:  7.325, time: 0.006345443000100204
L: 0.50, u_super: 0.00990, sec: 577.146, prod: 0.224369, t_ads: 19.7, t_des: 18.1, bed_util_ads: 0.498, bed_util_des: 0.497, des_th: 0.4974942640761793,frac_lost: 0.105, li_recovered:  8.497, time: 0.006963447000089218
L: 42.33, u_super: 0.00929 — INFEASIBLE (li_recovered=0.000e+00), time: 0.0012014790008834098
L: 0.50, u_super: 0.00962, sec: 557.967, prod: 0.218187, t_ads: 20.3, t_des: 18.2, bed_util_ads: 0.500, bed_util_des: 0.499, des_th: 0.49942132725883337,frac_lost: 0.103, li_recovered:  8.402, time: 0.008107437999569811
L: 0.50, u_super: 0.00835, sec: 523.771, prod: 0.172286, t_ads: 23.4, t_des: 27.1, bed_util_ads: 0.468, bed_util_des: 0.468, des_th: 0.4679434579711448,frac_lost: 0.104, li_recovered:  8.706, time: 0.009152402000836446
L: 50.04, u_super: 0.00548 — INFEASIBLE (li_recovered=0.000e+00), time: 0.0012940819997311337
L: 0.50, u_super: 0.00544, sec: 300.271, prod: 0.122996, t_ads: 35.7, t_des: 32.7, bed_util_ads: 0.497, bed_util_des: 0.497, des_th: 0.4965448520451336,frac_lost: 0.102, li_recovered:  8.401, time: 0.004257147998941946
L: 0.50, u_super: 0.00138 — INFEASIBLE (li_recovered=0.000e+00), time: 0.004250315001627314
L: 0.50, u_super: 0.00895, sec: 559.591, prod: 0.186698, t_ads: 21.9, t_des: 24.8, bed_util_ads: 0.472, bed_util_des: 0.471, des_th: 0.4712150748899813,frac_lost: 0.106, li_recovered:  8.712, time: 0.007799385999533115
L: 0.50, u_super: 0.00587, sec: 325.703, prod: 0.132726, t_ads: 33.0, t_des: 29.6, bed_util_ads: 0.500, bed_util_des: 0.499, des_th: 0.4994524816869869,frac_lost: 0.101, li_recovered:  8.320, time: 0.007318081001358223
L: 44.90, u_super: 0.00835 — INFEASIBLE (li_recovered=0.000e+00), time: 0.0016463960000692168
L: 0.50, u_super: 0.00184, sec: 99.812, prod: 0.040265, t_ads: 103.9, t_des: 89.8, bed_util_ads: 0.498, bed_util_des: 0.498, des_th: 0.4978314955019727,frac_lost: 0.102, li_recovered:  7.800, time: 0.005306328999722609
L: 0.50, u_super: 0.00005, sec: 4.329, prod: 0.000669, t_ads: 3399.5, t_des: 5796.5, bed_util_ads: 0.251, bed_util_des: 0.185, des_th: 0.1851696623157332,frac_lost: 0.100, li_recovered:  6.150, time: 0.007775832998959231
L: 0.50, u_super: 0.00167, sec: 90.254, prod: 0.036711, t_ads: 114.3, t_des: 111.2, bed_util_ads: 0.482, bed_util_des: 0.481, des_th: 0.48105622732577635,frac_lost: 0.102, li_recovered:  8.279, time: 0.0061541960003523855
L: 0.50, u_super: 0.00892, sec: 514.263, prod: 0.202090, t_ads: 21.9, t_des: 19.9, bed_util_ads: 0.500, bed_util_des: 0.500, des_th: 0.4996938934115109,frac_lost: 0.106, li_recovered:  8.446, time: 0.006760562000636128
L: 27.28, u_super: 0.00459 — INFEASIBLE (li_recovered=0.000e+00), time: 0.0012360250002529938
L: 15.55, u_super: 0.00719 — INFEASIBLE (li_recovered=0.000e+00), time: 0.0014290449998952681
L: 0.50, u_super: 0.00619, sec: 344.507, prod: 0.140006, t_ads: 31.4, t_des: 28.8, bed_util_ads: 0.496, bed_util_des: 0.496, des_th: 0.49605787542330715,frac_lost: 0.102, li_recovered:  8.429, time: 0.007277494998561451
L: 0.50, u_super: 0.00620, sec: 344.923, prod: 0.140392, t_ads: 31.3, t_des: 28.4, bed_util_ads: 0.498, bed_util_des: 0.498, des_th: 0.49765701759820613,frac_lost: 0.100, li_recovered:  8.371, time: 0.0039581469991389895
L: 0.50, u_super: 0.00340, sec: 195.043, prod: 0.071989, t_ads: 57.2, t_des: 62.2, bed_util_ads: 0.473, bed_util_des: 0.473, des_th: 0.4725952940575327,frac_lost: 0.106, li_recovered:  8.599, time: 0.004537888000413659
L: 0.50, u_super: 0.00757, sec: 452.415, prod: 0.162283, t_ads: 25.7, t_des: 27.9, bed_util_ads: 0.476, bed_util_des: 0.476, des_th: 0.47553389112351224,frac_lost: 0.101, li_recovered:  8.688, time: 0.005154651000339072
L: 0.50, u_super: 0.00126, sec: 68.016, prod: 0.027425, t_ads: 150.7, t_des: 138.2, bed_util_ads: 0.486, bed_util_des: 0.486, des_th: 0.4857093701072978,frac_lost: 0.103, li_recovered:  7.923, time: 0.004667897999752313
L: 0.50, u_super: 0.00620, sec: 344.953, prod: 0.140380, t_ads: 31.3, t_des: 28.7, bed_util_ads: 0.497, bed_util_des: 0.497, des_th: 0.4970708209532485,frac_lost: 0.101, li_recovered:  8.414, time: 0.0037519249999604654
L: 0.50, u_super: 0.00508, sec: 279.809, prod: 0.114551, t_ads: 38.2, t_des: 34.2, bed_util_ads: 0.500, bed_util_des: 0.500, des_th: 0.4996246777585186,frac_lost: 0.103, li_recovered:  8.291, time: 0.00703392000104941
L: 0.50, u_super: 0.00330, sec: 201.634, prod: 0.065393, t_ads: 58.9, t_des: 72.8, bed_util_ads: 0.457, bed_util_des: 0.456, des_th: 0.4559990644072791,frac_lost: 0.105, li_recovered:  8.608, time: 0.006487332999313367
L: 0.50, u_super: 0.00560, sec: 314.387, prod: 0.124631, t_ads: 35.0, t_des: 34.1, bed_util_ads: 0.489, bed_util_des: 0.488, des_th: 0.48823882080000386,frac_lost: 0.108, li_recovered:  8.603, time: 0.004916451998724369
   314 |    12560 |     40 |  0.0017257636 |             f
L: 28.07, u_super: 0.00333 — INFEASIBLE (li_recovered=0.000e+00), time: 0.001153331000750768
L: 0.50, u_super: 0.00742, sec: 3712.585, prod: 0.018957, t_ads: 26.5, t_des: 436.8, bed_util_ads: 0.189, bed_util_des: 0.185, des_th: 0.1851696623157332,frac_lost: 0.104, li_recovered:  8.782, time: 0.04533830500076874
L: 2.55, u_super: 0.00130 — INFEASIBLE (li_recovered=0.000e+00), time: 0.0022278600008576177
L: 14.89, u_super: 0.00508 — INFEASIBLE (li_recovered=0.000e+00), time: 0.0016147890000866028
L: 0.50, u_super: 0.00919, sec: 531.397, prod: 0.208295, t_ads: 21.3, t_des: 19.3, bed_util_ads: 0.500, bed_util_des: 0.500, des_th: 0.499983757140442,frac_lost: 0.106, li_recovered:  8.448, time: 0.006924954999703914
L: 0.50, u_super: 0.00948, sec: 549.432, prod: 0.214812, t_ads: 20.6, t_des: 18.7, bed_util_ads: 0.500, bed_util_des: 0.499, des_th: 0.4994959456069308,frac_lost: 0.105, li_recovered:  8.449, time: 0.005852825001056772
L: 0.50, u_super: 0.00462, sec: 253.259, prod: 0.104137, t_ads: 42.1, t_des: 38.0, bed_util_ads: 0.498, bed_util_des: 0.498, des_th: 0.497707926078729,frac_lost: 0.105, li_recovered:  8.338, time: 0.0046547989986720495
L: 0.50, u_super: 0.00554, sec: 306.129, prod: 0.125104, t_ads: 35.0, t_des: 31.4, bed_util_ads: 0.500, bed_util_des: 0.500, des_th: 0.49968329460831007,frac_lost: 0.101, li_recovered:  8.301, time: 0.005665499000315322
L: 0.50, u_super: 0.00417, sec: 243.619, prod: 0.087590, t_ads: 46.6, t_des: 51.9, bed_util_ads: 0.471, bed_util_des: 0.470, des_th: 0.47011379451843427,frac_lost: 0.105, li_recovered:  8.632, time: 0.006418520000806893
L: 0.50, u_super: 0.00329, sec: 178.526, prod: 0.073610, t_ads: 59.1, t_des: 52.8, bed_util_ads: 0.497, bed_util_des: 0.497, des_th: 0.4970714357270679,frac_lost: 0.108, li_recovered:  8.238, time: 0.004420766999828629
L: 0.50, u_super: 0.00033, sec: 19.852, prod: 0.006209, t_ads: 527.1, t_des: 525.5, bed_util_ads: 0.440, bed_util_des: 0.436, des_th: 0.4362822680585793,frac_lost: 0.102, li_recovered:  6.535, time: 0.005403750999903423
L: 0.50, u_super: 0.00675, sec: 379.438, prod: 0.152462, t_ads: 29.0, t_des: 26.0, bed_util_ads: 0.500, bed_util_des: 0.500, des_th: 0.49968265670085577,frac_lost: 0.107, li_recovered:  8.379, time: 0.005912361999435234
L: 17.88, u_super: 0.00302 — INFEASIBLE (li_recovered=0.000e+00), time: 0.0013074130001768935
L: 0.50, u_super: 0.00835, sec: 478.338, prod: 0.188769, t_ads: 23.5, t_des: 21.2, bed_util_ads: 0.500, bed_util_des: 0.499, des_th: 0.4994937236808465,frac_lost: 0.108, li_recovered:  8.437, time: 0.005326052998498199
L: 0.50, u_super: 0.00718, sec: 403.904, prod: 0.162786, t_ads: 27.0, t_des: 24.7, bed_util_ads: 0.498, bed_util_des: 0.498, des_th: 0.49753235693436804,frac_lost: 0.100, li_recovered:  8.428, time: 0.006652178999502212
L: 0.50, u_super: 0.00981, sec: 575.844, prod: 0.220716, t_ads: 19.9, t_des: 19.1, bed_util_ads: 0.492, bed_util_des: 0.491, des_th: 0.4913986145514744,frac_lost: 0.106, li_recovered:  8.621, time: 0.005707917000108864
L: 4.13, u_super: 0.00061 — INFEASIBLE (li_recovered=0.000e+00), time: 0.0013425529996311525
L: 108.07, u_super: 0.00316 — INFEASIBLE (li_recovered=0.000e+00), time: 0.0010582900013105245
L: 47.69, u_super: 0.00859 — INFEASIBLE (li_recovered=0.000e+00), time: 0.0013260920004540822
L: 0.50, u_super: 0.00032 — INFEASIBLE (li_recovered=0.000e+00), time: 0.0017260340009670472
L: 28.68, u_super: 0.00353 — INFEASIBLE (li_recovered=0.000e+00), time: 0.0011565490003704326
L: 0.50, u_super: 0.00410, sec: 224.204, prod: 0.091950, t_ads: 47.4, t_des: 41.7, bed_util_ads: 0.500, bed_util_des: 0.500, des_th: 0.49962180624787417,frac_lost: 0.106, li_recovered:  8.197, time: 0.0048018079996836605
L: 0.50, u_super: 0.00714, sec: 402.160, prod: 0.161813, t_ads: 27.1, t_des: 24.3, bed_util_ads: 0.500, bed_util_des: 0.500, des_th: 0.4997539003366396,frac_lost: 0.100, li_recovered:  8.327, time: 0.005741433998991852
L: 0.50, u_super: 0.00062, sec: 34.571, prod: 0.012800, t_ads: 298.7, t_des: 292.0, bed_util_ads: 0.464, bed_util_des: 0.462, des_th: 0.46203045960150274,frac_lost: 0.103, li_recovered:  7.562, time: 0.006917950000570272
L: 0.50, u_super: 0.00761, sec: 433.072, prod: 0.171782, t_ads: 25.7, t_des: 23.9, bed_util_ads: 0.496, bed_util_des: 0.496, des_th: 0.49629917590702927,frac_lost: 0.109, li_recovered:  8.523, time: 0.0061934339992149035
L: 0.50, u_super: 0.00343, sec: 186.217, prod: 0.076687, t_ads: 56.2, t_des: 49.3, bed_util_ads: 0.500, bed_util_des: 0.500, des_th: 0.4999916693361129,frac_lost: 0.101, li_recovered:  8.094, time: 0.006337349999739672
L: 0.50, u_super: 0.00899, sec: 518.293, prod: 0.203439, t_ads: 21.8, t_des: 19.7, bed_util_ads: 0.500, bed_util_des: 0.499, des_th: 0.4994524816869869,frac_lost: 0.107, li_recovered:  8.437, time: 0.005974616999083082
L: 0.50, u_super: 0.00127, sec: 70.531, prod: 0.027073, t_ads: 149.4, t_des: 125.3, bed_util_ads: 0.498, bed_util_des: 0.498, des_th: 0.4978041736493067,frac_lost: 0.106, li_recovered:  7.437, time: 0.006428011998650618
L: 0.50, u_super: 0.00401, sec: 218.668, prod: 0.090063, t_ads: 48.5, t_des: 43.3, bed_util_ads: 0.500, bed_util_des: 0.499, des_th: 0.4994277759475078,frac_lost: 0.106, li_recovered:  8.262, time: 0.004975009998815949
L: 0.50, u_super: 0.00267, sec: 143.706, prod: 0.059550, t_ads: 72.3, t_des: 68.1, bed_util_ads: 0.489, bed_util_des: 0.489, des_th: 0.4889799739252595,frac_lost: 0.103, li_recovered:  8.359, time: 0.007274424999195617
L: 0.50, u_super: 0.00778, sec: 441.180, prod: 0.176253, t_ads: 24.9, t_des: 22.3, bed_util_ads: 0.500, bed_util_des: 0.500, des_th: 0.4999820841183751,frac_lost: 0.100, li_recovered:  8.329, time: 0.005629285000395612
L: 0.50, u_super: 0.00892, sec: 514.469, prod: 0.202009, t_ads: 21.9, t_des: 19.9, bed_util_ads: 0.500, bed_util_des: 0.500, des_th: 0.4997261341702114,frac_lost: 0.107, li_recovered:  8.459, time: 0.005705735000447021
L: 25.49, u_super: 0.00378 — INFEASIBLE (li_recovered=0.000e+00), time: 0.0010937249990092823
L: 0.50, u_super: 0.00774, sec: 439.078, prod: 0.175583, t_ads: 25.1, t_des: 22.6, bed_util_ads: 0.500, bed_util_des: 0.499, des_th: 0.499426080269229,frac_lost: 0.101, li_recovered:  8.374, time: 0.005557405000217841
L: 0.50, u_super: 0.00769, sec: 435.491, prod: 0.174324, t_ads: 25.3, t_des: 22.8, bed_util_ads: 0.500, bed_util_des: 0.500, des_th: 0.49966302439563925,frac_lost: 0.101, li_recovered:  8.385, time: 0.004997289001039462
L: 0.50, u_super: 0.00010, sec: 10.611, prod: 0.001082, t_ads: 1948.4, t_des: 5560.0, bed_util_ads: 0.253, bed_util_des: 0.175, des_th: 0.17543881276542547,frac_lost: 0.102, li_recovered:  8.126, time: 0.012610093999683158
L: 0.50, u_super: 0.00224, sec: 120.777, prod: 0.049626, t_ads: 86.3, t_des: 76.7, bed_util_ads: 0.497, bed_util_des: 0.496, des_th: 0.49622212234116636,frac_lost: 0.107, li_recovered:  8.088, time: 0.004674521000197274
L: 0.50, u_super: 0.00988, sec: 574.896, prod: 0.224166, t_ads: 19.7, t_des: 18.0, bed_util_ads: 0.500, bed_util_des: 0.499, des_th: 0.4994214238814235,frac_lost: 0.103, li_recovered:  8.456, time: 0.0053784430001542205
L: 0.50, u_super: 0.00689, sec: 386.492, prod: 0.155926, t_ads: 28.2, t_des: 25.2, bed_util_ads: 0.500, bed_util_des: 0.500, des_th: 0.4998334366123294,frac_lost: 0.100, li_recovered:  8.323, time: 0.004471726999327075
L: 0.50, u_super: 0.00859, sec: 493.352, prod: 0.194300, t_ads: 22.8, t_des: 20.7, bed_util_ads: 0.500, bed_util_des: 0.500, des_th: 0.49976396374200294,frac_lost: 0.108, li_recovered:  8.449, time: 0.004312654999012011
   315 |    12600 |     40 |  0.0029579025 |             f
L: 0.50, u_super: 0.00694, sec: 390.833, prod: 0.156650, t_ads: 28.2, t_des: 25.6, bed_util_ads: 0.498, bed_util_des: 0.498, des_th: 0.497707926078729,frac_lost: 0.108, li_recovered:  8.437, time: 0.0035426710001047468
L: 0.50, u_super: 0.00603, sec: 335.331, prod: 0.136434, t_ads: 32.1, t_des: 28.8, bed_util_ads: 0.500, bed_util_des: 0.500, des_th: 0.49995563006606736,frac_lost: 0.101, li_recovered:  8.307, time: 0.004905621999569121
L: 0.50, u_super: 0.00858, sec: 492.645, prod: 0.194338, t_ads: 22.8, t_des: 20.9, bed_util_ads: 0.498, bed_util_des: 0.498, des_th: 0.49758574849371245,frac_lost: 0.105, li_recovered:  8.494, time: 0.0034387479990982683
L: 0.50, u_super: 0.00297, sec: 160.710, prod: 0.066109, t_ads: 65.1, t_des: 57.1, bed_util_ads: 0.500, bed_util_des: 0.500, des_th: 0.49996572392184835,frac_lost: 0.103, li_recovered:  8.076, time: 0.003996680999989621
L: 0.50, u_super: 0.00133, sec: 74.102, prod: 0.028196, t_ads: 142.6, t_des: 117.9, bed_util_ads: 0.499, bed_util_des: 0.499, des_th: 0.4993798391843287,frac_lost: 0.104, li_recovered:  7.345, time: 0.003830960000414052
L: 0.50, u_super: 0.00628, sec: 350.242, prod: 0.141958, t_ads: 30.9, t_des: 27.7, bed_util_ads: 0.500, bed_util_des: 0.500, des_th: 0.49962250051332324,frac_lost: 0.102, li_recovered:  8.318, time: 0.004146110999499797
L: 0.50, u_super: 0.00005, sec: 4.325, prod: 0.000669, t_ads: 3438.5, t_des: 5860.1, bed_util_ads: 0.253, bed_util_des: 0.185, des_th: 0.1851696623157332,frac_lost: 0.103, li_recovered:  6.224, time: 0.005612872000710922
L: 0.50, u_super: 0.00522, sec: 287.247, prod: 0.117748, t_ads: 37.2, t_des: 33.4, bed_util_ads: 0.500, bed_util_des: 0.499, des_th: 0.4994524816869869,frac_lost: 0.102, li_recovered:  8.310, time: 0.004733598001621431
L: 0.50, u_super: 0.00381, sec: 207.403, prod: 0.085590, t_ads: 51.1, t_des: 46.3, bed_util_ads: 0.497, bed_util_des: 0.497, des_th: 0.4970714357270679,frac_lost: 0.107, li_recovered:  8.329, time: 0.004832777000046917
L: 30.41, u_super: 0.00951 — INFEASIBLE (li_recovered=0.000e+00), time: 0.0023436970004695468
L: 0.50, u_super: 0.00062, sec: 36.198, prod: 0.012225, t_ads: 302.1, t_des: 340.6, bed_util_ads: 0.447, bed_util_des: 0.442, des_th: 0.44205496623829665,frac_lost: 0.106, li_recovered:  7.858, time: 0.008176021001418121
L: 0.50, u_super: 0.00881, sec: 507.029, prod: 0.199463, t_ads: 22.2, t_des: 20.1, bed_util_ads: 0.500, bed_util_des: 0.500, des_th: 0.4998569561937074,frac_lost: 0.107, li_recovered:  8.442, time: 0.006845366999186808
L: 0.50, u_super: 0.00990, sec: 576.554, prod: 0.224599, t_ads: 19.7, t_des: 17.9, bed_util_ads: 0.500, bed_util_des: 0.499, des_th: 0.49942132725883337,frac_lost: 0.104, li_recovered:  8.445, time: 0.007684799998969538
L: 0.50, u_super: 0.00604, sec: 335.328, prod: 0.136706, t_ads: 32.1, t_des: 29.6, bed_util_ads: 0.496, bed_util_des: 0.496, des_th: 0.49605213282532656,frac_lost: 0.101, li_recovered:  8.430, time: 0.005592153998804861
L: 22.16, u_super: 0.00601 — INFEASIBLE (li_recovered=0.000e+00), time: 0.0024127730011969106
L: 0.50, u_super: 0.00302, sec: 162.727, prod: 0.067483, t_ads: 64.0, t_des: 57.5, bed_util_ads: 0.497, bed_util_des: 0.497, des_th: 0.49675465887263465,frac_lost: 0.103, li_recovered:  8.199, time: 0.006719189999785158
L: 0.50, u_super: 0.00263, sec: 141.303, prod: 0.058601, t_ads: 73.3, t_des: 69.4, bed_util_ads: 0.489, bed_util_des: 0.489, des_th: 0.488772283030357,frac_lost: 0.101, li_recovered:  8.362, time: 0.005868780001037521
L: 0.50, u_super: 0.00534, sec: 295.225, prod: 0.120469, t_ads: 36.4, t_des: 32.5, bed_util_ads: 0.499, bed_util_des: 0.499, des_th: 0.4991588697297212,frac_lost: 0.104, li_recovered:  8.302, time: 0.006552011000167113
L: 0.50, u_super: 0.00407, sec: 222.124, prod: 0.091183, t_ads: 47.8, t_des: 42.1, bed_util_ads: 0.500, bed_util_des: 0.500, des_th: 0.4998334366123294,frac_lost: 0.105, li_recovered:  8.193, time: 0.006275059999097721
L: 0.50, u_super: 0.00344, sec: 186.072, prod: 0.077010, t_ads: 56.5, t_des: 51.8, bed_util_ads: 0.494, bed_util_des: 0.494, des_th: 0.4939632415609643,frac_lost: 0.106, li_recovered:  8.342, time: 0.005975261999992654
L: 0.50, u_super: 0.00868, sec: 498.944, prod: 0.196332, t_ads: 22.6, t_des: 20.7, bed_util_ads: 0.498, bed_util_des: 0.497, des_th: 0.4975020863549175,frac_lost: 0.107, li_recovered:  8.494, time: 0.006349442999635357
L: 0.50, u_super: 0.00543, sec: 299.990, prod: 0.122703, t_ads: 35.7, t_des: 32.0, bed_util_ads: 0.499, bed_util_des: 0.499, des_th: 0.49908303223875033,frac_lost: 0.101, li_recovered:  8.300, time: 0.006147778998638387
L: 0.50, u_super: 0.00505, sec: 284.291, prod: 0.111267, t_ads: 38.5, t_des: 39.0, bed_util_ads: 0.483, bed_util_des: 0.483, des_th: 0.48259132986043995,frac_lost: 0.103, li_recovered:  8.620, time: 0.005845667999892612
L: 0.50, u_super: 0.00797, sec: 566.003, prod: 0.144871, t_ads: 24.6, t_des: 35.6, bed_util_ads: 0.441, bed_util_des: 0.440, des_th: 0.4398302799054066,frac_lost: 0.108, li_recovered:  8.718, time: 0.008440388999588322
L: 0.50, u_super: 0.00990, sec: 576.535, prod: 0.224608, t_ads: 19.7, t_des: 17.9, bed_util_ads: 0.500, bed_util_des: 0.499, des_th: 0.49942132725883337,frac_lost: 0.104, li_recovered:  8.456, time: 0.00639109800067672
L: 0.50, u_super: 0.00164, sec: 91.901, prod: 0.034753, t_ads: 116.7, t_des: 124.9, bed_util_ads: 0.470, bed_util_des: 0.468, des_th: 0.46833065019692555,frac_lost: 0.103, li_recovered:  8.396, time: 0.007990210999196279
L: 0.50, u_super: 0.00167, sec: 91.844, prod: 0.036075, t_ads: 114.4, t_des: 117.6, bed_util_ads: 0.475, bed_util_des: 0.474, des_th: 0.4738022532428244,frac_lost: 0.102, li_recovered:  8.370, time: 0.007098584999766899
L: 0.50, u_super: 0.00916, sec: 529.014, prod: 0.207438, t_ads: 21.3, t_des: 19.1, bed_util_ads: 0.500, bed_util_des: 0.500, des_th: 0.49999051361615016,frac_lost: 0.105, li_recovered:  8.396, time: 0.0070897860005061375
L: 0.50, u_super: 0.00429, sec: 234.141, prod: 0.096325, t_ads: 45.5, t_des: 41.4, bed_util_ads: 0.497, bed_util_des: 0.497, des_th: 0.49698267613887276,frac_lost: 0.107, li_recovered:  8.375, time: 0.006414120000044932
L: 0.50, u_super: 0.00485, sec: 266.616, prod: 0.109314, t_ads: 40.1, t_des: 35.8, bed_util_ads: 0.500, bed_util_des: 0.500, des_th: 0.4996246777585186,frac_lost: 0.104, li_recovered:  8.296, time: 0.005873695999980555
L: 0.50, u_super: 0.00462, sec: 253.275, prod: 0.104130, t_ads: 42.1, t_des: 37.9, bed_util_ads: 0.498, bed_util_des: 0.498, des_th: 0.4977136686766909,frac_lost: 0.105, li_recovered:  8.331, time: 0.005729940001401701
L: 0.50, u_super: 0.00378, sec: 206.161, prod: 0.084714, t_ads: 51.4, t_des: 45.5, bed_util_ads: 0.500, bed_util_des: 0.500, des_th: 0.4998334366123294,frac_lost: 0.107, li_recovered:  8.210, time: 0.007456901999830734
L: 0.50, u_super: 0.00883, sec: 508.229, prod: 0.200091, t_ads: 22.1, t_des: 20.1, bed_util_ads: 0.499, bed_util_des: 0.499, des_th: 0.4993865569275897,frac_lost: 0.106, li_recovered:  8.446, time: 0.0061536580014944775
L: 0.50, u_super: 0.00564, sec: 312.153, prod: 0.127278, t_ads: 34.4, t_des: 30.8, bed_util_ads: 0.500, bed_util_des: 0.500, des_th: 0.49957743066804716,frac_lost: 0.102, li_recovered:  8.307, time: 0.00893363500108535
L: 0.50, u_super: 0.00966, sec: 561.697, prod: 0.219040, t_ads: 20.2, t_des: 18.4, bed_util_ads: 0.500, bed_util_des: 0.500, des_th: 0.49976200694920886,frac_lost: 0.106, li_recovered:  8.457, time: 0.005169546999240993
L: 0.50, u_super: 0.00924, sec: 534.466, prod: 0.209146, t_ads: 21.2, t_des: 19.0, bed_util_ads: 0.500, bed_util_des: 0.500, des_th: 0.499983757140442,frac_lost: 0.106, li_recovered:  8.398, time: 0.006995747999098967
L: 0.50, u_super: 0.00508, sec: 279.866, prod: 0.114526, t_ads: 38.2, t_des: 34.1, bed_util_ads: 0.500, bed_util_des: 0.500, des_th: 0.4997838846950299,frac_lost: 0.104, li_recovered:  8.287, time: 0.005360400999052217
L: 0.50, u_super: 0.00988, sec: 575.537, prod: 0.223916, t_ads: 19.8, t_des: 17.9, bed_util_ads: 0.500, bed_util_des: 0.499, des_th: 0.49941841426741984,frac_lost: 0.106, li_recovered:  8.446, time: 0.006592384001123719
L: 0.50, u_super: 0.00413, sec: 224.851, prod: 0.092783, t_ads: 47.1, t_des: 42.6, bed_util_ads: 0.497, bed_util_des: 0.497, des_th: 0.4970714357270679,frac_lost: 0.105, li_recovered:  8.319, time: 0.004923867998513742
L: 0.50, u_super: 0.00604, sec: 335.376, prod: 0.136686, t_ads: 32.1, t_des: 29.1, bed_util_ads: 0.498, bed_util_des: 0.497, des_th: 0.49739079327939506,frac_lost: 0.101, li_recovered:  8.371, time: 0.006639445000473643
   316 |    12640 |     40 |  0.0038960227 |             f
L: 86.51, u_super: 0.00328 — INFEASIBLE (li_recovered=0.000e+00), time: 0.0013208820000727428
L: 0.50, u_super: 0.00398, sec: 216.793, prod: 0.089545, t_ads: 48.8, t_des: 44.1, bed_util_ads: 0.497, bed_util_des: 0.497, des_th: 0.4968653510825378,frac_lost: 0.105, li_recovered:  8.318, time: 0.006049791998520959
L: 4.10, u_super: 0.00718 — INFEASIBLE (li_recovered=0.000e+00), time: 0.0036364939987834077
L: 0.50, u_super: 0.00987, sec: 574.969, prod: 0.223949, t_ads: 19.8, t_des: 18.0, bed_util_ads: 0.500, bed_util_des: 0.499, des_th: 0.49942132725883337,frac_lost: 0.104, li_recovered:  8.457, time: 0.006215444000190473
L: 0.50, u_super: 0.00033 — INFEASIBLE (li_recovered=0.000e+00), time: 0.003967529999499675
L: 0.50, u_super: 0.00272, sec: 146.395, prod: 0.060913, t_ads: 70.7, t_des: 64.5, bed_util_ads: 0.494, bed_util_des: 0.494, des_th: 0.49389787582455896,frac_lost: 0.102, li_recovered:  8.236, time: 0.006202422999194823
L: 0.50, u_super: 0.00675, sec: 378.412, prod: 0.152875, t_ads: 28.7, t_des: 25.7, bed_util_ads: 0.500, bed_util_des: 0.500, des_th: 0.49995056997882453,frac_lost: 0.101, li_recovered:  8.327, time: 0.006414292998670135
L: 0.50, u_super: 0.00948, sec: 617.291, prod: 0.191197, t_ads: 20.5, t_des: 25.0, bed_util_ads: 0.463, bed_util_des: 0.462, des_th: 0.4623371911103832,frac_lost: 0.102, li_recovered:  8.713, time: 0.006643937000262667
L: 0.50, u_super: 0.00966, sec: 628.975, prod: 0.195610, t_ads: 20.2, t_des: 24.4, bed_util_ads: 0.464, bed_util_des: 0.464, des_th: 0.46354492433934785,frac_lost: 0.104, li_recovered:  8.717, time: 0.010723890000008396
L: 0.50, u_super: 0.00990, sec: 632.428, prod: 0.204756, t_ads: 19.7, t_des: 22.9, bed_util_ads: 0.468, bed_util_des: 0.468, des_th: 0.46782746851612617,frac_lost: 0.104, li_recovered:  8.716, time: 0.00839939800061984
L: 0.50, u_super: 0.00007 — INFEASIBLE (li_recovered=0.000e+00), time: 0.0015447200003109174
L: 0.50, u_super: 0.00162, sec: 88.964, prod: 0.034942, t_ads: 118.1, t_des: 99.4, bed_util_ads: 0.499, bed_util_des: 0.499, des_th: 0.49932489496534627,frac_lost: 0.105, li_recovered:  7.601, time: 0.007870552999520442
L: 0.50, u_super: 0.00657, sec: 367.978, prod: 0.148737, t_ads: 29.5, t_des: 26.4, bed_util_ads: 0.500, bed_util_des: 0.500, des_th: 0.49968928888108677,frac_lost: 0.102, li_recovered:  8.321, time: 0.0074481880001258105
L: 0.50, u_super: 0.00500, sec: 274.528, prod: 0.112708, t_ads: 38.9, t_des: 35.1, bed_util_ads: 0.498, bed_util_des: 0.498, des_th: 0.49753235693436804,frac_lost: 0.103, li_recovered:  8.335, time: 0.007173171999966144
L: 0.50, u_super: 0.00399, sec: 217.659, prod: 0.089657, t_ads: 48.7, t_des: 43.5, bed_util_ads: 0.499, bed_util_des: 0.499, des_th: 0.49853448007995155,frac_lost: 0.106, li_recovered:  8.262, time: 0.007502935999582405
L: 12.95, u_super: 0.00286 — INFEASIBLE (li_recovered=0.000e+00), time: 0.001735481000650907
L: 53.92, u_super: 0.00378 — INFEASIBLE (li_recovered=0.000e+00), time: 0.0019899890012311516
L: 0.50, u_super: 0.00202, sec: 110.027, prod: 0.044263, t_ads: 95.5, t_des: 94.4, bed_util_ads: 0.482, bed_util_des: 0.481, des_th: 0.4811855953657323,frac_lost: 0.107, li_recovered:  8.403, time: 0.0064419410009577405
L: 0.50, u_super: 0.00858, sec: 492.489, prod: 0.194270, t_ads: 22.8, t_des: 20.6, bed_util_ads: 0.500, bed_util_des: 0.499, des_th: 0.4995034405296165,frac_lost: 0.106, li_recovered:  8.437, time: 0.010303734999979497
L: 0.50, u_super: 0.00543, sec: 299.927, prod: 0.122729, t_ads: 35.7, t_des: 32.0, bed_util_ads: 0.499, bed_util_des: 0.499, des_th: 0.49883457870692266,frac_lost: 0.101, li_recovered:  8.301, time: 0.007447104999300791
L: 0.50, u_super: 0.00151, sec: 89.724, prod: 0.030064, t_ads: 126.8, t_des: 152.7, bed_util_ads: 0.454, bed_util_des: 0.452, des_th: 0.451915400372099,frac_lost: 0.103, li_recovered:  8.404, time: 0.008972524999990128
L: 0.50, u_super: 0.00835, sec: 600.067, prod: 0.150381, t_ads: 23.4, t_des: 34.6, bed_util_ads: 0.438, bed_util_des: 0.437, des_th: 0.4368943996110446,frac_lost: 0.104, li_recovered:  8.717, time: 0.009100675999434316
L: 0.50, u_super: 0.00116, sec: 62.731, prod: 0.025111, t_ads: 164.2, t_des: 154.2, bed_util_ads: 0.483, bed_util_des: 0.481, des_th: 0.48150124407088374,frac_lost: 0.106, li_recovered:  7.996, time: 0.011411406001570867
L: 0.50, u_super: 0.00224, sec: 120.506, prod: 0.049738, t_ads: 86.4, t_des: 79.6, bed_util_ads: 0.492, bed_util_des: 0.491, des_th: 0.4915318006895557,frac_lost: 0.108, li_recovered:  8.256, time: 0.007250700000440702
L: 0.50, u_super: 0.00604, sec: 335.328, prod: 0.136706, t_ads: 32.1, t_des: 29.6, bed_util_ads: 0.496, bed_util_des: 0.496, des_th: 0.49605213282532656,frac_lost: 0.101, li_recovered:  8.430, time: 0.010034404998805257
L: 0.50, u_super: 0.00101 — INFEASIBLE (li_recovered=0.000e+00), time: 0.005378620000556111
L: 0.50, u_super: 0.00126, sec: 70.171, prod: 0.026582, t_ads: 151.0, t_des: 124.9, bed_util_ads: 0.498, bed_util_des: 0.498, des_th: 0.4983973423203556,frac_lost: 0.106, li_recovered:  7.333, time: 0.007345017000261578
L: 0.50, u_super: 0.00986, sec: 5961.717, prod: 0.021524, t_ads: 19.9, t_des: 388.1, bed_util_ads: 0.177, bed_util_des: 0.174, des_th: 0.1740976216059644,frac_lost: 0.105, li_recovered:  8.783, time: 0.10449866100134386
L: 0.50, u_super: 0.00311, sec: 171.790, prod: 0.067935, t_ads: 62.6, t_des: 63.3, bed_util_ads: 0.482, bed_util_des: 0.482, des_th: 0.4816945099499571,frac_lost: 0.107, li_recovered:  8.547, time: 0.009388180998939788
L: 0.50, u_super: 0.00781, sec: 444.928, prod: 0.176501, t_ads: 25.1, t_des: 22.7, bed_util_ads: 0.500, bed_util_des: 0.499, des_th: 0.49939349114256737,frac_lost: 0.109, li_recovered:  8.442, time: 0.008282336999400286
L: 0.50, u_super: 0.00719, sec: 404.874, prod: 0.163202, t_ads: 26.9, t_des: 24.7, bed_util_ads: 0.498, bed_util_des: 0.498, des_th: 0.497707926078729,frac_lost: 0.100, li_recovered:  8.426, time: 0.007209368000985705
L: 0.50, u_super: 0.00061, sec: 34.179, prod: 0.012625, t_ads: 302.6, t_des: 296.5, bed_util_ads: 0.464, bed_util_des: 0.462, des_th: 0.46203045960150274,frac_lost: 0.104, li_recovered:  7.564, time: 0.009239749000698794
L: 0.50, u_super: 0.00662, sec: 372.391, prod: 0.149136, t_ads: 29.6, t_des: 27.5, bed_util_ads: 0.497, bed_util_des: 0.496, des_th: 0.49643156092686197,frac_lost: 0.109, li_recovered:  8.517, time: 0.008798712999123381
L: 13.51, u_super: 0.00604 — INFEASIBLE (li_recovered=0.000e+00), time: 0.004656724000597023
L: 0.50, u_super: 0.00564, sec: 312.411, prod: 0.127173, t_ads: 34.5, t_des: 30.8, bed_util_ads: 0.500, bed_util_des: 0.499, des_th: 0.499419634618865,frac_lost: 0.104, li_recovered:  8.306, time: 0.0075488349993975135
L: 0.50, u_super: 0.00297, sec: 160.710, prod: 0.066109, t_ads: 65.1, t_des: 57.1, bed_util_ads: 0.500, bed_util_des: 0.500, des_th: 0.49996572392184835,frac_lost: 0.103, li_recovered:  8.076, time: 0.007127052998839645
L: 0.50, u_super: 0.00683, sec: 382.730, prod: 0.154657, t_ads: 28.4, t_des: 25.7, bed_util_ads: 0.500, bed_util_des: 0.499, des_th: 0.4994227092842017,frac_lost: 0.101, li_recovered:  8.376, time: 0.008153811999363825
L: 0.50, u_super: 0.00718, sec: 421.257, prod: 0.156080, t_ads: 27.0, t_des: 28.6, bed_util_ads: 0.479, bed_util_des: 0.479, des_th: 0.4791455847819541,frac_lost: 0.100, li_recovered:  8.676, time: 0.00897343199903844
L: 0.50, u_super: 0.00694, sec: 390.833, prod: 0.156650, t_ads: 28.2, t_des: 25.6, bed_util_ads: 0.498, bed_util_des: 0.498, des_th: 0.497707926078729,frac_lost: 0.108, li_recovered:  8.437, time: 0.0068705619996762834
L: 0.50, u_super: 0.00914, sec: 599.538, prod: 0.182360, t_ads: 21.4, t_des: 26.4, bed_util_ads: 0.460, bed_util_des: 0.459, des_th: 0.4594639897057328,frac_lost: 0.104, li_recovered:  8.715, time: 0.015873243999521947
   317 |    12680 |     40 |  0.0015699140 |             f
L: 0.50, u_super: 0.00882, sec: 507.656, prod: 0.199686, t_ads: 22.2, t_des: 20.1, bed_util_ads: 0.500, bed_util_des: 0.499, des_th: 0.4994959456069308,frac_lost: 0.107, li_recovered:  8.444, time: 0.008099810998828616
L: 0.50, u_super: 0.00054 — INFEASIBLE (li_recovered=0.000e+00), time: 0.004873349000263261
L: 0.50, u_super: 0.00564, sec: 312.290, prod: 0.127222, t_ads: 34.5, t_des: 30.8, bed_util_ads: 0.500, bed_util_des: 0.500, des_th: 0.499699064012603,frac_lost: 0.103, li_recovered:  8.301, time: 0.007179566000559134
L: 0.50, u_super: 0.00433, sec: 236.536, prod: 0.097382, t_ads: 45.0, t_des: 41.0, bed_util_ads: 0.497, bed_util_des: 0.497, des_th: 0.49698267613887276,frac_lost: 0.106, li_recovered:  8.377, time: 0.006813305999457953
L: 39.73, u_super: 0.00340 — INFEASIBLE (li_recovered=0.000e+00), time: 0.0025925339996319963
L: 0.50, u_super: 0.00990, sec: 576.884, prod: 0.224471, t_ads: 19.7, t_des: 17.9, bed_util_ads: 0.500, bed_util_des: 0.499, des_th: 0.4994777558895461,frac_lost: 0.105, li_recovered:  8.456, time: 0.00794264700016356
L: 0.50, u_super: 0.00916, sec: 612.728, prod: 0.179205, t_ads: 21.3, t_des: 27.3, bed_util_ads: 0.456, bed_util_des: 0.455, des_th: 0.4550967823641742,frac_lost: 0.104, li_recovered:  8.716, time: 0.010766588000478805
L: 0.50, u_super: 0.00005 — INFEASIBLE (li_recovered=0.000e+00), time: 0.001967474001503433
L: 0.50, u_super: 0.00115, sec: 63.242, prod: 0.024618, t_ads: 165.1, t_des: 142.9, bed_util_ads: 0.492, bed_util_des: 0.492, des_th: 0.4919010474860826,frac_lost: 0.107, li_recovered:  7.580, time: 0.005361986999560031
L: 0.50, u_super: 0.00934, sec: 541.076, prod: 0.211729, t_ads: 20.9, t_des: 19.0, bed_util_ads: 0.500, bed_util_des: 0.500, des_th: 0.49996696328819007,frac_lost: 0.106, li_recovered:  8.447, time: 0.00769318399943586
L: 0.50, u_super: 0.00557, sec: 307.678, prod: 0.125832, t_ads: 34.9, t_des: 31.9, bed_util_ads: 0.496, bed_util_des: 0.496, des_th: 0.49608110224424584,frac_lost: 0.102, li_recovered:  8.407, time: 0.006713593000313267
L: 0.50, u_super: 0.00623, sec: 348.974, prod: 0.140114, t_ads: 31.2, t_des: 29.9, bed_util_ads: 0.492, bed_util_des: 0.492, des_th: 0.4915318006895557,frac_lost: 0.103, li_recovered:  8.562, time: 0.006426009000279009
L: 0.50, u_super: 0.00835, sec: 477.966, prod: 0.188797, t_ads: 23.4, t_des: 21.5, bed_util_ads: 0.497, bed_util_des: 0.497, des_th: 0.4969018523610336,frac_lost: 0.107, li_recovered:  8.490, time: 0.00732434900055523
L: 17.19, u_super: 0.00005 — INFEASIBLE (li_recovered=0.000e+00), time: 0.0016956990002654493
L: 55.77, u_super: 0.00485 — INFEASIBLE (li_recovered=0.000e+00), time: 0.001397133999489597
L: 0.50, u_super: 0.00858, sec: 492.711, prod: 0.193993, t_ads: 22.8, t_des: 20.9, bed_util_ads: 0.498, bed_util_des: 0.498, des_th: 0.49758491852473224,frac_lost: 0.107, li_recovered:  8.492, time: 0.00800992699987546
L: 0.50, u_super: 0.00172, sec: 92.813, prod: 0.037748, t_ads: 111.3, t_des: 108.5, bed_util_ads: 0.482, bed_util_des: 0.481, des_th: 0.48150124407088374,frac_lost: 0.102, li_recovered:  8.296, time: 0.011013405999619863
L: 0.50, u_super: 0.00565, sec: 313.262, prod: 0.127675, t_ads: 34.3, t_des: 30.7, bed_util_ads: 0.500, bed_util_des: 0.500, des_th: 0.49999313521634414,frac_lost: 0.103, li_recovered:  8.303, time: 0.008645538000564557
L: 0.50, u_super: 0.00960, sec: 557.113, prod: 0.217738, t_ads: 20.3, t_des: 18.4, bed_util_ads: 0.500, bed_util_des: 0.499, des_th: 0.4994039164611105,frac_lost: 0.104, li_recovered:  8.443, time: 0.00615201300024637
L: 0.50, u_super: 0.00719, sec: 406.802, prod: 0.162429, t_ads: 27.2, t_des: 25.0, bed_util_ads: 0.498, bed_util_des: 0.498, des_th: 0.497707926078729,frac_lost: 0.108, li_recovered:  8.486, time: 0.008561839000321925
L: 9.42, u_super: 0.00859 — INFEASIBLE (li_recovered=0.000e+00), time: 0.004490854998948635
L: 0.50, u_super: 0.00845, sec: 541.271, prod: 0.170965, t_ads: 23.1, t_des: 27.9, bed_util_ads: 0.462, bed_util_des: 0.462, des_th: 0.46203045960150274,frac_lost: 0.102, li_recovered:  8.706, time: 0.00960139199924015
L: 0.50, u_super: 0.00719, sec: 406.997, prod: 0.162351, t_ads: 27.3, t_des: 25.0, bed_util_ads: 0.498, bed_util_des: 0.498, des_th: 0.49758516915280854,frac_lost: 0.109, li_recovered:  8.490, time: 0.007478549001461943
L: 0.50, u_super: 0.00785, sec: 491.844, prod: 0.161116, t_ads: 24.9, t_des: 29.1, bed_util_ads: 0.467, bed_util_des: 0.467, des_th: 0.4669208883817433,frac_lost: 0.106, li_recovered:  8.704, time: 0.010165768000661046
L: 0.50, u_super: 0.00256, sec: 137.749, prod: 0.057247, t_ads: 75.1, t_des: 68.5, bed_util_ads: 0.494, bed_util_des: 0.494, des_th: 0.49407121282754757,frac_lost: 0.102, li_recovered:  8.218, time: 0.006665033000899712
L: 0.50, u_super: 0.00604, sec: 335.365, prod: 0.136690, t_ads: 32.1, t_des: 29.1, bed_util_ads: 0.498, bed_util_des: 0.497, des_th: 0.4973680296698891,frac_lost: 0.101, li_recovered:  8.364, time: 0.008004060000530444
L: 0.50, u_super: 0.00082 — INFEASIBLE (li_recovered=0.000e+00), time: 0.004832808001083322
L: 0.50, u_super: 0.00677, sec: 3294.138, prod: 0.017635, t_ads: 29.0, t_des: 468.9, bed_util_ads: 0.190, bed_util_des: 0.186, des_th: 0.18614171160957746,frac_lost: 0.103, li_recovered:  8.780, time: 0.06689916799950879
L: 0.50, u_super: 0.00474, sec: 266.700, prod: 0.103970, t_ads: 41.0, t_des: 41.9, bed_util_ads: 0.483, bed_util_des: 0.483, des_th: 0.482611862892623,frac_lost: 0.103, li_recovered:  8.619, time: 0.008193162000679877
L: 0.50, u_super: 0.00297, sec: 160.680, prod: 0.066121, t_ads: 65.0, t_des: 57.1, bed_util_ads: 0.500, bed_util_des: 0.500, des_th: 0.4999825177740835,frac_lost: 0.103, li_recovered:  8.075, time: 0.009218772000167519
L: 15.86, u_super: 0.00024 — INFEASIBLE (li_recovered=0.000e+00), time: 0.0014265209993027383
L: 0.50, u_super: 0.00229, sec: 124.094, prod: 0.050522, t_ads: 84.3, t_des: 73.1, bed_util_ads: 0.500, bed_util_des: 0.500, des_th: 0.49962250051332324,frac_lost: 0.106, li_recovered:  7.952, time: 0.007797813001161558
L: 0.50, u_super: 0.00429, sec: 234.316, prod: 0.096253, t_ads: 45.4, t_des: 40.5, bed_util_ads: 0.500, bed_util_des: 0.500, des_th: 0.49969058989395465,frac_lost: 0.107, li_recovered:  8.273, time: 0.007034604999716976
L: 0.50, u_super: 0.00650, sec: 3792.190, prod: 0.014079, t_ads: 30.1, t_des: 593.8, bed_util_ads: 0.175, bed_util_des: 0.171, des_th: 0.17118013458721026,frac_lost: 0.102, li_recovered:  8.784, time: 0.06644731599953957
L: 0.96, u_super: 0.00184 — INFEASIBLE (li_recovered=0.000e+00), time: 0.0028656960002990672
L: 14.70, u_super: 0.00790 — INFEASIBLE (li_recovered=0.000e+00), time: 0.002256886999020935
L: 0.50, u_super: 0.00489, sec: 325.289, prod: 0.091183, t_ads: 40.1, t_des: 55.1, bed_util_ads: 0.445, bed_util_des: 0.444, des_th: 0.444216680937117,frac_lost: 0.109, li_recovered:  8.676, time: 0.008250151000538608
L: 0.50, u_super: 0.00922, sec: 532.887, prod: 0.208877, t_ads: 21.2, t_des: 19.0, bed_util_ads: 0.500, bed_util_des: 0.500, des_th: 0.49957743066804716,frac_lost: 0.105, li_recovered:  8.404, time: 0.008371201998670585
L: 25.94, u_super: 0.00382 — INFEASIBLE (li_recovered=0.000e+00), time: 0.0017954430004465394
L: 0.50, u_super: 0.00967, sec: 562.236, prod: 0.219189, t_ads: 20.2, t_des: 18.3, bed_util_ads: 0.500, bed_util_des: 0.500, des_th: 0.49963430232032874,frac_lost: 0.106, li_recovered:  8.437, time: 0.00886493300095026
   318 |    12720 |     40 |  0.0029258565 |             f
L: 0.50, u_super: 0.00789, sec: 465.960, prod: 0.172082, t_ads: 24.8, t_des: 25.7, bed_util_ads: 0.483, bed_util_des: 0.482, des_th: 0.4823615890446331,frac_lost: 0.107, li_recovered:  8.688, time: 0.007690634000027785
L: 0.85, u_super: 0.00544, sec: 515.523, prod: 0.121441, t_ads: 60.5, t_des: 57.3, bed_util_ads: 0.491, bed_util_des: 0.490, des_th: 0.49031359474061714,frac_lost: 0.107, li_recovered:  14.303, time: 0.006498485998235992
L: 0.50, u_super: 0.00882, sec: 507.656, prod: 0.199686, t_ads: 22.2, t_des: 20.1, bed_util_ads: 0.500, bed_util_des: 0.499, des_th: 0.4994959456069308,frac_lost: 0.107, li_recovered:  8.444, time: 0.010915216000285
L: 0.50, u_super: 0.00174, sec: 93.959, prod: 0.038310, t_ads: 109.6, t_des: 106.9, bed_util_ads: 0.482, bed_util_des: 0.481, des_th: 0.4811855953657323,frac_lost: 0.101, li_recovered:  8.295, time: 0.007846010999855935
L: 13.02, u_super: 0.00033 — INFEASIBLE (li_recovered=0.000e+00), time: 0.001569175999975414
L: 0.50, u_super: 0.00519, sec: 285.650, prod: 0.117057, t_ads: 37.4, t_des: 33.5, bed_util_ads: 0.500, bed_util_des: 0.500, des_th: 0.49980581729289775,frac_lost: 0.102, li_recovered:  8.298, time: 0.006970197999180527
L: 0.50, u_super: 0.00646, sec: 531.108, prod: 0.099264, t_ads: 30.2, t_des: 57.5, bed_util_ads: 0.406, bed_util_des: 0.405, des_th: 0.4049529846126533,frac_lost: 0.104, li_recovered:  8.713, time: 0.010026958001617459
L: 0.50, u_super: 0.00485, sec: 277.644, prod: 0.104972, t_ads: 39.9, t_des: 42.4, bed_util_ads: 0.478, bed_util_des: 0.477, des_th: 0.47713711933972175,frac_lost: 0.101, li_recovered:  8.636, time: 0.007350181000219891
L: 0.50, u_super: 0.00852, sec: 3290.576, prod: 0.028611, t_ads: 23.1, t_des: 283.8, bed_util_ads: 0.213, bed_util_des: 0.210, des_th: 0.20961468576370607,frac_lost: 0.105, li_recovered:  8.778, time: 0.042061996000484214
L: 0.50, u_super: 0.00990, sec: 600.390, prod: 0.215683, t_ads: 19.7, t_des: 20.7, bed_util_ads: 0.481, bed_util_des: 0.480, des_th: 0.48039094904760593,frac_lost: 0.102, li_recovered:  8.702, time: 0.009427039000001969
L: 0.50, u_super: 0.00378, sec: 206.053, prod: 0.084677, t_ads: 51.4, t_des: 45.5, bed_util_ads: 0.500, bed_util_des: 0.499, des_th: 0.4994119741729635,frac_lost: 0.107, li_recovered:  8.206, time: 0.014694671001052484
L: 46.97, u_super: 0.00957 — INFEASIBLE (li_recovered=0.000e+00), time: 0.005871411000043736
L: 0.50, u_super: 0.00882, sec: 507.756, prod: 0.199647, t_ads: 22.2, t_des: 20.1, bed_util_ads: 0.500, bed_util_des: 0.499, des_th: 0.4994959456069308,frac_lost: 0.107, li_recovered:  8.446, time: 0.011351320999892778
L: 0.50, u_super: 0.00700, sec: 393.269, prod: 0.158623, t_ads: 27.7, t_des: 25.5, bed_util_ads: 0.498, bed_util_des: 0.498, des_th: 0.497707926078729,frac_lost: 0.102, li_recovered:  8.439, time: 0.008081771999059129
L: 0.50, u_super: 0.00062, sec: 34.639, prod: 0.012776, t_ads: 299.1, t_des: 298.4, bed_util_ads: 0.462, bed_util_des: 0.459, des_th: 0.45932615549746586,frac_lost: 0.104, li_recovered:  7.634, time: 0.008949631001087255
L: 0.50, u_super: 0.00552, sec: 305.396, prod: 0.124744, t_ads: 35.2, t_des: 32.6, bed_util_ads: 0.496, bed_util_des: 0.496, des_th: 0.49605213282532656,frac_lost: 0.103, li_recovered:  8.450, time: 0.018000030000621337
L: 0.50, u_super: 0.00030, sec: 18.971, prod: 0.005670, t_ads: 557.5, t_des: 542.1, bed_util_ads: 0.439, bed_util_des: 0.436, des_th: 0.4362822680585793,frac_lost: 0.103, li_recovered:  6.235, time: 0.013586070999735966
L: 3.14, u_super: 0.00990, sec: 3815.831, prod: 0.213357, t_ads: 121.4, t_des: 102.4, bed_util_ads: 0.500, bed_util_des: 0.499, des_th: 0.49942132725883337,frac_lost: 0.105, li_recovered:  47.763, time: 0.010331883999242564
L: 0.50, u_super: 0.00830, sec: 475.343, prod: 0.187806, t_ads: 23.6, t_des: 21.6, bed_util_ads: 0.498, bed_util_des: 0.498, des_th: 0.497707926078729,frac_lost: 0.107, li_recovered:  8.487, time: 0.019459033001112402
L: 7.83, u_super: 0.00271 — INFEASIBLE (li_recovered=0.000e+00), time: 0.012750615000186372
L: 0.50, u_super: 0.00694, sec: 407.080, prod: 0.150398, t_ads: 28.1, t_des: 29.6, bed_util_ads: 0.480, bed_util_des: 0.479, des_th: 0.4794266782481803,frac_lost: 0.105, li_recovered:  8.680, time: 0.015882294001130504
L: 0.50, u_super: 0.00605, sec: 347.472, prod: 0.132548, t_ads: 32.1, t_des: 33.2, bed_util_ads: 0.482, bed_util_des: 0.482, des_th: 0.48161569941479526,frac_lost: 0.103, li_recovered:  8.654, time: 0.014366610001161462
L: 0.50, u_super: 0.00344, sec: 227.371, prod: 0.063022, t_ads: 56.5, t_des: 80.4, bed_util_ads: 0.439, bed_util_des: 0.438, des_th: 0.4377325067479885,frac_lost: 0.103, li_recovered:  8.627, time: 0.015441481000380008
L: 0.50, u_super: 0.00433, sec: 236.449, prod: 0.097418, t_ads: 44.9, t_des: 40.6, bed_util_ads: 0.497, bed_util_des: 0.497, des_th: 0.49686138709440025,frac_lost: 0.105, li_recovered:  8.329, time: 0.010092690999954357
L: 8.67, u_super: 0.00148 — INFEASIBLE (li_recovered=0.000e+00), time: 0.0019127529994875658
L: 0.50, u_super: 0.00068 — INFEASIBLE (li_recovered=0.000e+00), time: 0.005269362000035471
L: 0.50, u_super: 0.00030 — INFEASIBLE (li_recovered=0.000e+00), time: 0.0035822240006382344
L: 0.50, u_super: 0.00297, sec: 170.310, prod: 0.062383, t_ads: 65.6, t_des: 71.9, bed_util_ads: 0.472, bed_util_des: 0.471, des_th: 0.4705526118493039,frac_lost: 0.108, li_recovered:  8.577, time: 0.0078822659997968
L: 0.50, u_super: 0.00511, sec: 281.299, prod: 0.115243, t_ads: 38.0, t_des: 34.0, bed_util_ads: 0.500, bed_util_des: 0.499, des_th: 0.4994959456069308,frac_lost: 0.103, li_recovered:  8.299, time: 0.005137418000231264
L: 0.50, u_super: 0.00005, sec: 4.360, prod: 0.000664, t_ads: 3268.8, t_des: 5302.4, bed_util_ads: 0.254, bed_util_des: 0.194, des_th: 0.19476348818360328,frac_lost: 0.100, li_recovered:  5.692, time: 0.007128380000722245
L: 0.50, u_super: 0.00643, sec: 359.329, prod: 0.145618, t_ads: 30.2, t_des: 27.2, bed_util_ads: 0.499, bed_util_des: 0.499, des_th: 0.4991302691494959,frac_lost: 0.102, li_recovered:  8.363, time: 0.011484053000458516
L: 0.50, u_super: 0.00095, sec: 52.085, prod: 0.020422, t_ads: 197.3, t_des: 180.8, bed_util_ads: 0.482, bed_util_des: 0.481, des_th: 0.48150124407088374,frac_lost: 0.104, li_recovered:  7.722, time: 0.01541315900067275
L: 0.50, u_super: 0.00718, sec: 405.610, prod: 0.162194, t_ads: 27.3, t_des: 25.0, bed_util_ads: 0.498, bed_util_des: 0.498, des_th: 0.497707926078729,frac_lost: 0.107, li_recovered:  8.481, time: 0.007009185999777401
L: 0.50, u_super: 0.00547, sec: 303.002, prod: 0.123241, t_ads: 35.5, t_des: 33.7, bed_util_ads: 0.492, bed_util_des: 0.492, des_th: 0.49160063543128635,frac_lost: 0.102, li_recovered:  8.518, time: 0.008639139001388685
L: 0.50, u_super: 0.00781, sec: 443.426, prod: 0.177099, t_ads: 24.9, t_des: 22.5, bed_util_ads: 0.500, bed_util_des: 0.499, des_th: 0.49939349114256737,frac_lost: 0.102, li_recovered:  8.387, time: 0.013284245000249939
L: 0.50, u_super: 0.00452, sec: 247.374, prod: 0.101717, t_ads: 43.0, t_des: 38.5, bed_util_ads: 0.499, bed_util_des: 0.499, des_th: 0.499236945393922,frac_lost: 0.104, li_recovered:  8.284, time: 0.009546539999064407
L: 0.50, u_super: 0.00486, sec: 335.093, prod: 0.087301, t_ads: 40.0, t_des: 59.4, bed_util_ads: 0.435, bed_util_des: 0.434, des_th: 0.4340888495727931,frac_lost: 0.102, li_recovered:  8.671, time: 0.013032316999670002
L: 0.50, u_super: 0.00990, sec: 577.023, prod: 0.224421, t_ads: 19.8, t_des: 18.0, bed_util_ads: 0.500, bed_util_des: 0.499, des_th: 0.49942132725883337,frac_lost: 0.106, li_recovered:  8.464, time: 0.009904638000080013
L: 0.50, u_super: 0.00882, sec: 507.622, prod: 0.199699, t_ads: 22.2, t_des: 20.1, bed_util_ads: 0.500, bed_util_des: 0.500, des_th: 0.49981056281649083,frac_lost: 0.106, li_recovered:  8.438, time: 0.009123877000092762
L: 0.50, u_super: 0.00130, sec: 70.029, prod: 0.028393, t_ads: 145.8, t_des: 137.4, bed_util_ads: 0.483, bed_util_des: 0.482, des_th: 0.48178430070236744,frac_lost: 0.101, li_recovered:  8.040, time: 0.009303849999923841
   319 |    12760 |     40 |  0.0010129060 |             f
L: 0.50, u_super: 0.00230, sec: 125.058, prod: 0.050647, t_ads: 83.8, t_des: 72.0, bed_util_ads: 0.500, bed_util_des: 0.500, des_th: 0.499992554597879,frac_lost: 0.105, li_recovered:  7.887, time: 0.006958642999961739
L: 0.50, u_super: 0.00277, sec: 149.715, prod: 0.061641, t_ads: 69.6, t_des: 61.2, bed_util_ads: 0.499, bed_util_des: 0.499, des_th: 0.4992596871877361,frac_lost: 0.103, li_recovered:  8.065, time: 0.008608494001236977
L: 0.50, u_super: 0.00252, sec: 136.868, prod: 0.055850, t_ads: 76.3, t_des: 66.2, bed_util_ads: 0.500, bed_util_des: 0.500, des_th: 0.4999584533877017,frac_lost: 0.104, li_recovered:  7.959, time: 0.010122087000127067
L: 0.50, u_super: 0.00376, sec: 2148.540, prod: 0.008022, t_ads: 52.2, t_des: 1043.7, bed_util_ads: 0.173, bed_util_des: 0.166, des_th: 0.1655401193476647,frac_lost: 0.102, li_recovered:  8.791, time: 0.08020125700022618
L: 0.50, u_super: 0.00603, sec: 335.163, prod: 0.136380, t_ads: 32.2, t_des: 29.8, bed_util_ads: 0.496, bed_util_des: 0.496, des_th: 0.49605213282532656,frac_lost: 0.102, li_recovered:  8.453, time: 0.006586111001524841
L: 0.50, u_super: 0.00061, sec: 34.307, prod: 0.012706, t_ads: 300.1, t_des: 294.6, bed_util_ads: 0.464, bed_util_des: 0.462, des_th: 0.46203045960150274,frac_lost: 0.102, li_recovered:  7.556, time: 0.006648229000347783
L: 0.50, u_super: 0.00179, sec: 98.164, prod: 0.038796, t_ads: 106.7, t_des: 89.9, bed_util_ads: 0.500, bed_util_des: 0.500, des_th: 0.4998088231517047,frac_lost: 0.102, li_recovered:  7.625, time: 0.005249394000202301
L: 0.50, u_super: 0.00124, sec: 69.505, prod: 0.025904, t_ads: 153.8, t_des: 125.3, bed_util_ads: 0.500, bed_util_des: 0.500, des_th: 0.49953901059340533,frac_lost: 0.107, li_recovered:  7.230, time: 0.0051406250004220055
L: 0.50, u_super: 0.00917, sec: 529.495, prod: 0.207694, t_ads: 21.3, t_des: 19.4, bed_util_ads: 0.500, bed_util_des: 0.500, des_th: 0.49957004357243784,frac_lost: 0.105, li_recovered:  8.451, time: 0.00572940500023833
L: 0.50, u_super: 0.00568, sec: 2657.677, prod: 0.015173, t_ads: 34.5, t_des: 544.2, bed_util_ads: 0.192, bed_util_des: 0.187, des_th: 0.1871363731750534,frac_lost: 0.103, li_recovered:  8.782, time: 0.038037910000639386
L: 0.50, u_super: 0.00206, sec: 112.323, prod: 0.044859, t_ads: 94.0, t_des: 93.8, bed_util_ads: 0.481, bed_util_des: 0.480, des_th: 0.47953000182027444,frac_lost: 0.107, li_recovered:  8.424, time: 0.004386532000353327
L: 29.08, u_super: 0.00062 — INFEASIBLE (li_recovered=0.000e+00), time: 0.0007746809988020686
L: 18.73, u_super: 0.00954 — INFEASIBLE (li_recovered=0.000e+00), time: 0.0016643180006212788
L: 0.50, u_super: 0.00630, sec: 351.532, prod: 0.142351, t_ads: 30.9, t_des: 27.5, bed_util_ads: 0.500, bed_util_des: 0.500, des_th: 0.4996992522579877,frac_lost: 0.102, li_recovered:  8.312, time: 0.004541909998806659
L: 0.50, u_super: 0.00857, sec: 491.990, prod: 0.194090, t_ads: 22.8, t_des: 20.5, bed_util_ads: 0.500, bed_util_des: 0.499, des_th: 0.4994277759475078,frac_lost: 0.106, li_recovered:  8.407, time: 0.00457880700014357
L: 0.50, u_super: 0.00252, sec: 136.746, prod: 0.055900, t_ads: 76.4, t_des: 66.4, bed_util_ads: 0.500, bed_util_des: 0.500, des_th: 0.49997096279624725,frac_lost: 0.104, li_recovered:  7.978, time: 0.0044815880009991815
L: 0.50, u_super: 0.00138, sec: 75.171, prod: 0.029816, t_ads: 138.6, t_des: 120.4, bed_util_ads: 0.495, bed_util_des: 0.494, des_th: 0.494300938514721,frac_lost: 0.107, li_recovered:  7.722, time: 0.0035826139992423123
L: 0.50, u_super: 0.00383, sec: 208.951, prod: 0.085742, t_ads: 50.7, t_des: 48.2, bed_util_ads: 0.491, bed_util_des: 0.491, des_th: 0.4911109241249543,frac_lost: 0.105, li_recovered:  8.479, time: 0.0040874160004023
L: 0.50, u_super: 0.00424, sec: 231.698, prod: 0.095050, t_ads: 45.9, t_des: 40.5, bed_util_ads: 0.500, bed_util_des: 0.500, des_th: 0.49991130845427806,frac_lost: 0.105, li_recovered:  8.203, time: 0.0043586219999269815
L: 0.50, u_super: 0.00989, sec: 595.284, prod: 0.217299, t_ads: 19.7, t_des: 20.3, bed_util_ads: 0.484, bed_util_des: 0.483, des_th: 0.4834184886514757,frac_lost: 0.104, li_recovered:  8.697, time: 0.00410660599845869
L: 0.50, u_super: 0.00694, sec: 389.544, prod: 0.157168, t_ads: 28.0, t_des: 25.3, bed_util_ads: 0.499, bed_util_des: 0.499, des_th: 0.49863314045870616,frac_lost: 0.101, li_recovered:  8.370, time: 0.004707271998995566
L: 0.50, u_super: 0.00015 — INFEASIBLE (li_recovered=0.000e+00), time: 0.0012985989997105207
L: 64.38, u_super: 0.00467 — INFEASIBLE (li_recovered=0.000e+00), time: 0.0006581859997822903
L: 0.50, u_super: 0.00781, sec: 443.251, prod: 0.177169, t_ads: 24.9, t_des: 22.4, bed_util_ads: 0.500, bed_util_des: 0.499, des_th: 0.49939349114256737,frac_lost: 0.101, li_recovered:  8.378, time: 0.005528102999960538
L: 0.50, u_super: 0.00873, sec: 501.962, prod: 0.197529, t_ads: 22.4, t_des: 20.1, bed_util_ads: 0.500, bed_util_des: 0.500, des_th: 0.49998401426980754,frac_lost: 0.106, li_recovered:  8.399, time: 0.004888659999778611
L: 80.10, u_super: 0.00621 — INFEASIBLE (li_recovered=0.000e+00), time: 0.0013718879999942146
L: 0.50, u_super: 0.00725, sec: 410.019, prod: 0.163620, t_ads: 27.0, t_des: 24.9, bed_util_ads: 0.498, bed_util_des: 0.498, des_th: 0.4977152389379868,frac_lost: 0.108, li_recovered:  8.491, time: 0.004793038000570959
L: 12.37, u_super: 0.00033 — INFEASIBLE (li_recovered=0.000e+00), time: 0.0007405010001093615
L: 0.50, u_super: 0.00015 — INFEASIBLE (li_recovered=0.000e+00), time: 0.0011881549999088747
L: 0.50, u_super: 0.00092, sec: 50.309, prod: 0.019642, t_ads: 204.7, t_des: 187.8, bed_util_ads: 0.482, bed_util_des: 0.481, des_th: 0.4811855953657323,frac_lost: 0.105, li_recovered:  7.709, time: 0.0036243840004317462
L: 0.50, u_super: 0.00344, sec: 228.035, prod: 0.062838, t_ads: 56.5, t_des: 80.8, bed_util_ads: 0.439, bed_util_des: 0.437, des_th: 0.4372056356958357,frac_lost: 0.103, li_recovered:  8.628, time: 0.006145138000647421
L: 0.50, u_super: 0.00800, sec: 455.823, prod: 0.180874, t_ads: 24.5, t_des: 22.2, bed_util_ads: 0.500, bed_util_des: 0.499, des_th: 0.4993865569275897,frac_lost: 0.107, li_recovered:  8.446, time: 0.004082527000718983
L: 0.50, u_super: 0.00719, sec: 406.816, prod: 0.162403, t_ads: 27.3, t_des: 24.7, bed_util_ads: 0.499, bed_util_des: 0.499, des_th: 0.4991042355065378,frac_lost: 0.110, li_recovered:  8.436, time: 0.004413351998664439
L: 0.50, u_super: 0.00426, sec: 232.939, prod: 0.095551, t_ads: 45.6, t_des: 40.3, bed_util_ads: 0.500, bed_util_des: 0.500, des_th: 0.49981056281649083,frac_lost: 0.105, li_recovered:  8.207, time: 0.005775822999567026
L: 0.50, u_super: 0.00990, sec: 684.363, prod: 0.189218, t_ads: 19.7, t_des: 26.4, bed_util_ads: 0.451, bed_util_des: 0.451, des_th: 0.45052622940041714,frac_lost: 0.104, li_recovered:  8.723, time: 0.006064891000278294
L: 0.50, u_super: 0.00527, sec: 298.521, prod: 0.115562, t_ads: 36.9, t_des: 37.8, bed_util_ads: 0.482, bed_util_des: 0.482, des_th: 0.481858431166025,frac_lost: 0.103, li_recovered:  8.634, time: 0.003923928999938653
L: 23.76, u_super: 0.00377 — INFEASIBLE (li_recovered=0.000e+00), time: 0.0012217599996802164
L: 48.35, u_super: 0.00589 — INFEASIBLE (li_recovered=0.000e+00), time: 0.0010028440010501072
L: 0.50, u_super: 0.00486, sec: 289.753, prod: 0.100868, t_ads: 40.0, t_des: 45.8, bed_util_ads: 0.468, bed_util_des: 0.467, des_th: 0.46736337376020853,frac_lost: 0.102, li_recovered:  8.652, time: 0.004558517999612377
L: 0.50, u_super: 0.00471, sec: 258.134, prod: 0.105929, t_ads: 41.3, t_des: 36.9, bed_util_ads: 0.500, bed_util_des: 0.499, des_th: 0.4994119741729635,frac_lost: 0.105, li_recovered:  8.292, time: 0.004296234001230914
   320 |    12800 |     40 |  0.0030360663 |             f
L: 0.50, u_super: 0.00344, sec: 229.743, prod: 0.062671, t_ads: 56.5, t_des: 81.2, bed_util_ads: 0.438, bed_util_des: 0.436, des_th: 0.4362822680585793,frac_lost: 0.104, li_recovered:  8.630, time: 0.006671940000160248
L: 0.50, u_super: 0.00990, sec: 576.625, prod: 0.224573, t_ads: 19.7, t_des: 17.9, bed_util_ads: 0.500, bed_util_des: 0.499, des_th: 0.4994329335418783,frac_lost: 0.104, li_recovered:  8.455, time: 0.005400505000579869
L: 0.50, u_super: 0.00874, sec: 502.688, prod: 0.197930, t_ads: 22.4, t_des: 20.3, bed_util_ads: 0.499, bed_util_des: 0.499, des_th: 0.49863314045870616,frac_lost: 0.106, li_recovered:  8.451, time: 0.005468096000186051
L: 12.99, u_super: 0.00617 — INFEASIBLE (li_recovered=0.000e+00), time: 0.0018549670003267238
L: 1.87, u_super: 0.00070, sec: 378.678, prod: 0.005703, t_ads: 1054.1, t_des: 4571.6, bed_util_ads: 0.250, bed_util_des: 0.185, des_th: 0.1851696623157332,frac_lost: 0.104, li_recovered:  32.081, time: 0.018377463000433636
L: 0.50, u_super: 0.00638, sec: 356.631, prod: 0.144090, t_ads: 30.5, t_des: 28.5, bed_util_ads: 0.495, bed_util_des: 0.494, des_th: 0.494300938514721,frac_lost: 0.103, li_recovered:  8.503, time: 0.007188288998804637
L: 0.50, u_super: 0.00374, sec: 203.787, prod: 0.083807, t_ads: 51.9, t_des: 45.9, bed_util_ads: 0.500, bed_util_des: 0.499, des_th: 0.49932092695051733,frac_lost: 0.106, li_recovered:  8.203, time: 0.006816155000706203
L: 22.75, u_super: 0.00420 — INFEASIBLE (li_recovered=0.000e+00), time: 0.00208228399969812
L: 0.50, u_super: 0.00793, sec: 450.639, prod: 0.179994, t_ads: 24.5, t_des: 22.1, bed_util_ads: 0.500, bed_util_des: 0.499, des_th: 0.4994218197589193,frac_lost: 0.101, li_recovered:  8.384, time: 0.005716069999834872
L: 0.50, u_super: 0.00136, sec: 74.117, prod: 0.029259, t_ads: 139.5, t_des: 120.5, bed_util_ads: 0.495, bed_util_des: 0.494, des_th: 0.4946088486915258,frac_lost: 0.101, li_recovered:  7.608, time: 0.006739727999956813
L: 0.50, u_super: 0.00162, sec: 88.971, prod: 0.034939, t_ads: 118.2, t_des: 99.6, bed_util_ads: 0.499, bed_util_des: 0.499, des_th: 0.49932489496534627,frac_lost: 0.106, li_recovered:  7.610, time: 0.007386039000266464
L: 0.50, u_super: 0.00764, sec: 434.049, prod: 0.172533, t_ads: 25.7, t_des: 23.5, bed_util_ads: 0.498, bed_util_des: 0.498, des_th: 0.49764948900670847,frac_lost: 0.108, li_recovered:  8.485, time: 0.007628749999639695
L: 0.50, u_super: 0.00912, sec: 526.827, prod: 0.206366, t_ads: 21.5, t_des: 19.2, bed_util_ads: 0.500, bed_util_des: 0.500, des_th: 0.49999165760265885,frac_lost: 0.106, li_recovered:  8.394, time: 0.007256429000335629
L: 0.50, u_super: 0.00960, sec: 557.713, prod: 0.217600, t_ads: 20.4, t_des: 18.3, bed_util_ads: 0.500, bed_util_des: 0.500, des_th: 0.4998021030032722,frac_lost: 0.105, li_recovered:  8.404, time: 0.009883442999125691
L: 0.50, u_super: 0.00345, sec: 187.026, prod: 0.077366, t_ads: 56.3, t_des: 52.1, bed_util_ads: 0.494, bed_util_des: 0.494, des_th: 0.4939632415609643,frac_lost: 0.106, li_recovered:  8.382, time: 0.007334679999985383
L: 0.50, u_super: 0.00523, sec: 288.171, prod: 0.117925, t_ads: 37.1, t_des: 33.2, bed_util_ads: 0.500, bed_util_des: 0.500, des_th: 0.4999340595232767,frac_lost: 0.103, li_recovered:  8.295, time: 0.012664738998864777
L: 0.50, u_super: 0.00351, sec: 190.607, prod: 0.078437, t_ads: 55.4, t_des: 49.0, bed_util_ads: 0.500, bed_util_des: 0.499, des_th: 0.49940940225901725,frac_lost: 0.107, li_recovered:  8.192, time: 0.00836183299907134
L: 0.50, u_super: 0.00023 — INFEASIBLE (li_recovered=0.000e+00), time: 0.0038908599999558646
L: 0.50, u_super: 0.00032 — INFEASIBLE (li_recovered=0.000e+00), time: 0.005387858000176493
L: 0.50, u_super: 0.00565, sec: 317.663, prod: 0.125907, t_ads: 34.3, t_des: 34.1, bed_util_ads: 0.486, bed_util_des: 0.486, des_th: 0.4860169087345854,frac_lost: 0.101, li_recovered:  8.609, time: 0.007681053999476717
L: 0.50, u_super: 0.00692, sec: 389.877, prod: 0.156334, t_ads: 28.3, t_des: 25.4, bed_util_ads: 0.500, bed_util_des: 0.500, des_th: 0.49981056281649083,frac_lost: 0.108, li_recovered:  8.389, time: 0.005743416000768775
L: 0.50, u_super: 0.00786, sec: 445.815, prod: 0.178288, t_ads: 24.7, t_des: 22.3, bed_util_ads: 0.499, bed_util_des: 0.499, des_th: 0.4993865569275897,frac_lost: 0.100, li_recovered:  8.377, time: 0.006571721000000252
L: 0.50, u_super: 0.00922, sec: 533.298, prod: 0.208716, t_ads: 21.2, t_des: 19.7, bed_util_ads: 0.496, bed_util_des: 0.495, des_th: 0.4954213806684786,frac_lost: 0.105, li_recovered:  8.526, time: 0.004243801000484382
L: 0.50, u_super: 0.00150, sec: 82.405, prod: 0.032114, t_ads: 126.7, t_des: 106.5, bed_util_ads: 0.500, bed_util_des: 0.500, des_th: 0.49969622309619605,frac_lost: 0.101, li_recovered:  7.492, time: 0.003837655000097584
L: 0.50, u_super: 0.00791, sec: 448.883, prod: 0.179514, t_ads: 24.5, t_des: 22.5, bed_util_ads: 0.498, bed_util_des: 0.498, des_th: 0.497707926078729,frac_lost: 0.100, li_recovered:  8.437, time: 0.0036111129993514623
L: 0.50, u_super: 0.00129 — INFEASIBLE (li_recovered=0.000e+00), time: 0.002373964998696465
L: 0.50, u_super: 0.00880, sec: 506.402, prod: 0.199436, t_ads: 22.2, t_des: 20.4, bed_util_ads: 0.498, bed_util_des: 0.497, des_th: 0.49740910762613355,frac_lost: 0.105, li_recovered:  8.488, time: 0.0042721049994725036
L: 0.50, u_super: 0.00989, sec: 576.335, prod: 0.224289, t_ads: 19.8, t_des: 17.9, bed_util_ads: 0.499, bed_util_des: 0.499, des_th: 0.49939299864248143,frac_lost: 0.105, li_recovered:  8.451, time: 0.0036056850003660657
L: 0.50, u_super: 0.00722, sec: 407.960, prod: 0.163034, t_ads: 27.1, t_des: 24.7, bed_util_ads: 0.499, bed_util_des: 0.499, des_th: 0.4988829863586029,frac_lost: 0.108, li_recovered:  8.445, time: 0.003677642000184278
L: 0.50, u_super: 0.00005, sec: 4.331, prod: 0.000669, t_ads: 3400.5, t_des: 5784.7, bed_util_ads: 0.251, bed_util_des: 0.185, des_th: 0.1851696623157332,frac_lost: 0.100, li_recovered:  6.140, time: 0.004327415999796358
L: 0.50, u_super: 0.00218, sec: 117.067, prod: 0.048412, t_ads: 88.4, t_des: 81.8, bed_util_ads: 0.491, bed_util_des: 0.490, des_th: 0.49001806555291644,frac_lost: 0.105, li_recovered:  8.240, time: 0.003987202999269357
L: 0.50, u_super: 0.00555, sec: 307.262, prod: 0.125377, t_ads: 35.0, t_des: 31.3, bed_util_ads: 0.500, bed_util_des: 0.500, des_th: 0.49957331001953,frac_lost: 0.103, li_recovered:  8.315, time: 0.004276775998732774
L: 0.50, u_super: 0.00603, sec: 335.352, prod: 0.136303, t_ads: 32.2, t_des: 29.8, bed_util_ads: 0.496, bed_util_des: 0.496, des_th: 0.4960693231595035,frac_lost: 0.103, li_recovered:  8.455, time: 0.003646009001386119
L: 0.50, u_super: 0.00114, sec: 62.100, prod: 0.024648, t_ads: 166.3, t_des: 149.5, bed_util_ads: 0.488, bed_util_des: 0.487, des_th: 0.48707488710952884,frac_lost: 0.106, li_recovered:  7.784, time: 0.003504326999973273
L: 0.50, u_super: 0.00884, sec: 509.386, prod: 0.200146, t_ads: 22.1, t_des: 20.1, bed_util_ads: 0.500, bed_util_des: 0.499, des_th: 0.49949730702833534,frac_lost: 0.107, li_recovered:  8.454, time: 0.0043105629993078765
L: 0.50, u_super: 0.00968, sec: 564.515, prod: 0.218870, t_ads: 20.2, t_des: 19.0, bed_util_ads: 0.494, bed_util_des: 0.494, des_th: 0.4943257606687844,frac_lost: 0.105, li_recovered:  8.569, time: 0.004386275000797468
L: 0.50, u_super: 0.00691, sec: 389.167, prod: 0.156064, t_ads: 28.3, t_des: 26.0, bed_util_ads: 0.498, bed_util_des: 0.498, des_th: 0.49777031778258185,frac_lost: 0.107, li_recovered:  8.474, time: 0.005572089999986929
L: 0.50, u_super: 0.00779, sec: 442.083, prod: 0.176780, t_ads: 24.9, t_des: 22.5, bed_util_ads: 0.500, bed_util_des: 0.499, des_th: 0.49950607219104093,frac_lost: 0.101, li_recovered:  8.383, time: 0.004610041998603265
L: 0.50, u_super: 0.00917, sec: 529.594, prod: 0.207655, t_ads: 21.3, t_des: 19.4, bed_util_ads: 0.499, bed_util_des: 0.499, des_th: 0.49883706066376343,frac_lost: 0.106, li_recovered:  8.453, time: 0.004398339999170275
L: 0.50, u_super: 0.00543, sec: 300.079, prod: 0.122667, t_ads: 35.7, t_des: 32.1, bed_util_ads: 0.500, bed_util_des: 0.500, des_th: 0.49966728024369805,frac_lost: 0.102, li_recovered:  8.316, time: 0.004943047000779188
   321 |    12840 |     40 |  0.0031242060 |             f
L: 0.50, u_super: 0.00005, sec: 4.924, prod: 0.000588, t_ads: 2578.9, t_des: 3484.0, bed_util_ads: 0.255, bed_util_des: 0.225, des_th: 0.22504617402223331,frac_lost: 0.101, li_recovered:  3.565, time: 0.004659009999159025
L: 0.50, u_super: 0.00265, sec: 143.581, prod: 0.058650, t_ads: 72.9, t_des: 63.2, bed_util_ads: 0.500, bed_util_des: 0.500, des_th: 0.49997096279624725,frac_lost: 0.104, li_recovered:  7.980, time: 0.004042743001264171
L: 0.50, u_super: 0.00764, sec: 435.484, prod: 0.171965, t_ads: 25.7, t_des: 24.1, bed_util_ads: 0.494, bed_util_des: 0.494, des_th: 0.4942712015807559,frac_lost: 0.109, li_recovered:  8.559, time: 0.003819498000666499
L: 21.15, u_super: 0.00963 — INFEASIBLE (li_recovered=0.000e+00), time: 0.0013956500006315764
L: 0.50, u_super: 0.00513, sec: 282.790, prod: 0.115584, t_ads: 37.9, t_des: 33.8, bed_util_ads: 0.500, bed_util_des: 0.499, des_th: 0.4994277759475078,frac_lost: 0.104, li_recovered:  8.289, time: 0.005320516000210773
L: 0.50, u_super: 0.00452, sec: 247.441, prod: 0.101690, t_ads: 43.0, t_des: 38.4, bed_util_ads: 0.500, bed_util_des: 0.500, des_th: 0.49963797401099547,frac_lost: 0.104, li_recovered:  8.279, time: 0.0051249349999125116
L: 0.50, u_super: 0.00297, sec: 160.318, prod: 0.066271, t_ads: 65.0, t_des: 57.7, bed_util_ads: 0.498, bed_util_des: 0.498, des_th: 0.49777760829239426,frac_lost: 0.103, li_recovered:  8.134, time: 0.0049473649996798486
L: 0.50, u_super: 0.00429, sec: 233.890, prod: 0.096429, t_ads: 45.4, t_des: 41.0, bed_util_ads: 0.498, bed_util_des: 0.498, des_th: 0.49758720441468085,frac_lost: 0.105, li_recovered:  8.330, time: 0.004038110000692541
L: 0.50, u_super: 0.00178, sec: 102.348, prod: 0.036571, t_ads: 107.8, t_des: 122.9, bed_util_ads: 0.462, bed_util_des: 0.460, des_th: 0.4602899454335495,frac_lost: 0.101, li_recovered:  8.439, time: 0.005126467000081902
L: 0.50, u_super: 0.00206, sec: 111.883, prod: 0.045035, t_ads: 93.9, t_des: 92.8, bed_util_ads: 0.483, bed_util_des: 0.482, des_th: 0.481862670696861,frac_lost: 0.107, li_recovered:  8.409, time: 0.00622804799968435
L: 0.50, u_super: 0.00214, sec: 116.647, prod: 0.046770, t_ads: 90.2, t_des: 90.1, bed_util_ads: 0.481, bed_util_des: 0.480, des_th: 0.47968134359776415,frac_lost: 0.105, li_recovered:  8.430, time: 0.009272601000702707
L: 0.50, u_super: 0.00572, sec: 317.884, prod: 0.128666, t_ads: 34.3, t_des: 30.4, bed_util_ads: 0.500, bed_util_des: 0.500, des_th: 0.49999313521634414,frac_lost: 0.109, li_recovered:  8.321, time: 0.006007559999488876
L: 0.50, u_super: 0.00190, sec: 103.800, prod: 0.041131, t_ads: 100.8, t_des: 84.9, bed_util_ads: 0.500, bed_util_des: 0.500, des_th: 0.49999165760265885,frac_lost: 0.101, li_recovered:  7.640, time: 0.005851312000231701
L: 0.50, u_super: 0.00092, sec: 50.291, prod: 0.019649, t_ads: 204.6, t_des: 199.3, bed_util_ads: 0.474, bed_util_des: 0.472, des_th: 0.4721072378998589,frac_lost: 0.103, li_recovered:  7.935, time: 0.0036973669994040392
L: 0.50, u_super: 0.00656, sec: 367.761, prod: 0.147976, t_ads: 29.8, t_des: 26.8, bed_util_ads: 0.500, bed_util_des: 0.500, des_th: 0.4996246777585186,frac_lost: 0.108, li_recovered:  8.377, time: 0.00763148199985153
L: 0.50, u_super: 0.00218, sec: 117.298, prod: 0.048317, t_ads: 88.7, t_des: 79.8, bed_util_ads: 0.494, bed_util_des: 0.493, des_th: 0.49333486479899086,frac_lost: 0.107, li_recovered:  8.141, time: 0.004237675999320345
L: 0.50, u_super: 0.00893, sec: 514.283, prod: 0.202419, t_ads: 21.9, t_des: 19.9, bed_util_ads: 0.500, bed_util_des: 0.499, des_th: 0.4994959456069308,frac_lost: 0.105, li_recovered:  8.448, time: 0.006114464998972835
L: 0.50, u_super: 0.00463, sec: 253.905, prod: 0.104194, t_ads: 42.0, t_des: 37.4, bed_util_ads: 0.499, bed_util_des: 0.499, des_th: 0.498662378200845,frac_lost: 0.105, li_recovered:  8.275, time: 0.005623099999866099
L: 0.50, u_super: 0.00328, sec: 177.538, prod: 0.073207, t_ads: 58.8, t_des: 51.8, bed_util_ads: 0.500, bed_util_des: 0.500, des_th: 0.4998583745142126,frac_lost: 0.101, li_recovered:  8.097, time: 0.006364865001160069
L: 0.50, u_super: 0.00810, sec: 462.584, prod: 0.183109, t_ads: 24.2, t_des: 22.2, bed_util_ads: 0.498, bed_util_des: 0.498, des_th: 0.4977040480000516,frac_lost: 0.107, li_recovered:  8.488, time: 0.004682107000917313
L: 0.50, u_super: 0.00042, sec: 25.486, prod: 0.008225, t_ads: 414.0, t_des: 372.1, bed_util_ads: 0.463, bed_util_des: 0.462, des_th: 0.46203045960150274,frac_lost: 0.101, li_recovered:  6.465, time: 0.0045060319989715936
L: 0.50, u_super: 0.00433, sec: 237.205, prod: 0.097246, t_ads: 44.8, t_des: 39.6, bed_util_ads: 0.500, bed_util_des: 0.500, des_th: 0.49978204655591335,frac_lost: 0.105, li_recovered:  8.208, time: 0.003942559000279289
L: 0.50, u_super: 0.00485, sec: 266.787, prod: 0.109244, t_ads: 40.1, t_des: 35.8, bed_util_ads: 0.499, bed_util_des: 0.499, des_th: 0.4992236491404298,frac_lost: 0.105, li_recovered:  8.293, time: 0.004939061000186484
L: 49.22, u_super: 0.00725 — INFEASIBLE (li_recovered=0.000e+00), time: 0.001165819001471391
L: 10.01, u_super: 0.00859 — INFEASIBLE (li_recovered=0.000e+00), time: 0.00349684899993008
L: 0.50, u_super: 0.00641, sec: 357.846, prod: 0.144914, t_ads: 30.3, t_des: 27.1, bed_util_ads: 0.500, bed_util_des: 0.500, des_th: 0.49969622309619605,frac_lost: 0.102, li_recovered:  8.319, time: 0.005105852000269806
L: 0.50, u_super: 0.00548, sec: 303.098, prod: 0.123865, t_ads: 35.5, t_des: 32.1, bed_util_ads: 0.499, bed_util_des: 0.499, des_th: 0.49886376535281574,frac_lost: 0.104, li_recovered:  8.367, time: 0.006228881999049918
L: 0.50, u_super: 0.00990, sec: 576.901, prod: 0.224464, t_ads: 19.7, t_des: 17.9, bed_util_ads: 0.500, bed_util_des: 0.500, des_th: 0.4998603938852605,frac_lost: 0.105, li_recovered:  8.444, time: 0.0058179879997624084
L: 0.50, u_super: 0.00246, sec: 132.407, prod: 0.054916, t_ads: 78.3, t_des: 71.9, bed_util_ads: 0.492, bed_util_des: 0.492, des_th: 0.4915579829822515,frac_lost: 0.104, li_recovered:  8.251, time: 0.005796896999527235
L: 15.57, u_super: 0.00884 — INFEASIBLE (li_recovered=0.000e+00), time: 0.0021321349995560013
L: 0.50, u_super: 0.00523, sec: 288.604, prod: 0.117748, t_ads: 37.1, t_des: 32.9, bed_util_ads: 0.500, bed_util_des: 0.500, des_th: 0.4999444557044723,frac_lost: 0.103, li_recovered:  8.244, time: 0.005076474999441416
L: 0.50, u_super: 0.00922, sec: 533.453, prod: 0.208655, t_ads: 21.3, t_des: 19.2, bed_util_ads: 0.500, bed_util_des: 0.500, des_th: 0.4996780410997395,frac_lost: 0.108, li_recovered:  8.451, time: 0.004072530000485131
L: 0.50, u_super: 0.00447, sec: 244.689, prod: 0.100431, t_ads: 43.6, t_des: 38.9, bed_util_ads: 0.500, bed_util_des: 0.500, des_th: 0.49969622309619605,frac_lost: 0.106, li_recovered:  8.278, time: 0.004209187000014936
L: 0.50, u_super: 0.00690, sec: 388.413, prod: 0.155940, t_ads: 28.3, t_des: 25.7, bed_util_ads: 0.498, bed_util_des: 0.498, des_th: 0.497707926078729,frac_lost: 0.107, li_recovered:  8.428, time: 0.004541157999483403
L: 33.61, u_super: 0.00452 — INFEASIBLE (li_recovered=0.000e+00), time: 0.0014370500011864351
L: 0.50, u_super: 0.00110, sec: 61.728, prod: 0.022875, t_ads: 173.4, t_des: 185.9, bed_util_ads: 0.465, bed_util_des: 0.462, des_th: 0.46241558604039645,frac_lost: 0.105, li_recovered:  8.220, time: 0.004786752000654815
L: 0.50, u_super: 0.00005, sec: 4.333, prod: 0.000668, t_ads: 3401.3, t_des: 5693.7, bed_util_ads: 0.253, bed_util_des: 0.188, des_th: 0.18779919323567662,frac_lost: 0.102, li_recovered:  6.077, time: 0.0052093999984208494
L: 0.50, u_super: 0.00528, sec: 291.385, prod: 0.119279, t_ads: 36.7, t_des: 32.9, bed_util_ads: 0.500, bed_util_des: 0.500, des_th: 0.49954531441768874,frac_lost: 0.102, li_recovered:  8.308, time: 0.005465059999551158
L: 6.91, u_super: 0.00005 — INFEASIBLE (li_recovered=0.000e+00), time: 0.000981348999630427
L: 0.50, u_super: 0.00746, sec: 423.106, prod: 0.168600, t_ads: 26.3, t_des: 23.8, bed_util_ads: 0.500, bed_util_des: 0.499, des_th: 0.49945246552008526,frac_lost: 0.109, li_recovered:  8.447, time: 0.0036940150002919836
   322 |    12880 |     40 |  0.0035700284 |             f
L: 0.50, u_super: 0.00775, sec: 439.377, prod: 0.175857, t_ads: 25.0, t_des: 22.7, bed_util_ads: 0.500, bed_util_des: 0.500, des_th: 0.4999226630114961,frac_lost: 0.101, li_recovered:  8.388, time: 0.0055576349986949936
L: 0.50, u_super: 0.00051, sec: 135.375, prod: 0.002247, t_ads: 390.6, t_des: 3539.0, bed_util_ads: 0.217, bed_util_des: 0.177, des_th: 0.17721333329230737,frac_lost: 0.106, li_recovered:  8.829, time: 0.02797837000071013
L: 0.50, u_super: 0.00280, sec: 152.025, prod: 0.062200, t_ads: 68.8, t_des: 59.7, bed_util_ads: 0.500, bed_util_des: 0.500, des_th: 0.4999988215348849,frac_lost: 0.103, li_recovered:  7.996, time: 0.006628135000937618
L: 0.50, u_super: 0.00800, sec: 455.731, prod: 0.180911, t_ads: 24.5, t_des: 22.2, bed_util_ads: 0.500, bed_util_des: 0.500, des_th: 0.49957066465877725,frac_lost: 0.107, li_recovered:  8.439, time: 0.006891062999784481
L: 0.50, u_super: 0.00221, sec: 119.555, prod: 0.048688, t_ads: 87.4, t_des: 76.0, bed_util_ads: 0.498, bed_util_des: 0.498, des_th: 0.4976684551609793,frac_lost: 0.106, li_recovered:  7.957, time: 0.005652279000059934
L: 10.13, u_super: 0.00283 — INFEASIBLE (li_recovered=0.000e+00), time: 0.0013960179985588184
L: 57.88, u_super: 0.00905 — INFEASIBLE (li_recovered=0.000e+00), time: 0.0009851169998000842
L: 0.50, u_super: 0.00350, sec: 190.263, prod: 0.078414, t_ads: 55.0, t_des: 48.4, bed_util_ads: 0.500, bed_util_des: 0.499, des_th: 0.49941686266275487,frac_lost: 0.100, li_recovered:  8.107, time: 0.003702529000292998
L: 0.50, u_super: 0.00622, sec: 346.944, prod: 0.140495, t_ads: 31.3, t_des: 27.9, bed_util_ads: 0.500, bed_util_des: 0.500, des_th: 0.49962250051332324,frac_lost: 0.103, li_recovered:  8.310, time: 0.006873068999993848
L: 0.50, u_super: 0.00428, sec: 234.166, prod: 0.096066, t_ads: 45.4, t_des: 40.1, bed_util_ads: 0.500, bed_util_des: 0.500, des_th: 0.49968093233506816,frac_lost: 0.105, li_recovered:  8.215, time: 0.005027788000006694
L: 0.50, u_super: 0.00162, sec: 89.089, prod: 0.034893, t_ads: 118.3, t_des: 99.3, bed_util_ads: 0.500, bed_util_des: 0.500, des_th: 0.49963802657098216,frac_lost: 0.107, li_recovered:  7.594, time: 0.006592309000552632
L: 0.50, u_super: 0.00297, sec: 160.231, prod: 0.066307, t_ads: 65.0, t_des: 57.8, bed_util_ads: 0.498, bed_util_des: 0.498, des_th: 0.49777760829239426,frac_lost: 0.102, li_recovered:  8.141, time: 0.005965514999843435
L: 17.88, u_super: 0.00342 — INFEASIBLE (li_recovered=0.000e+00), time: 0.0023680649992456893
L: 0.50, u_super: 0.00656, sec: 367.926, prod: 0.147910, t_ads: 29.9, t_des: 26.8, bed_util_ads: 0.500, bed_util_des: 0.500, des_th: 0.4996246777585186,frac_lost: 0.109, li_recovered:  8.378, time: 0.005726822999349679
L: 9.33, u_super: 0.00092 — INFEASIBLE (li_recovered=0.000e+00), time: 0.002062833998934366
L: 0.50, u_super: 0.00826, sec: 472.172, prod: 0.186815, t_ads: 23.7, t_des: 21.2, bed_util_ads: 0.500, bed_util_des: 0.500, des_th: 0.4997291331411057,frac_lost: 0.106, li_recovered:  8.391, time: 0.006965395999941393
L: 0.50, u_super: 0.00733, sec: 414.875, prod: 0.165406, t_ads: 26.8, t_des: 24.3, bed_util_ads: 0.499, bed_util_des: 0.499, des_th: 0.49863314045870616,frac_lost: 0.109, li_recovered:  8.444, time: 0.00785416799953964
L: 0.50, u_super: 0.00572, sec: 316.665, prod: 0.129161, t_ads: 34.0, t_des: 30.8, bed_util_ads: 0.498, bed_util_des: 0.498, des_th: 0.4976773272675858,frac_lost: 0.103, li_recovered:  8.370, time: 0.008586793001086335
L: 0.50, u_super: 0.00163, sec: 89.210, prod: 0.035074, t_ads: 117.9, t_des: 99.3, bed_util_ads: 0.499, bed_util_des: 0.499, des_th: 0.49932489496534627,frac_lost: 0.106, li_recovered:  7.619, time: 0.007021467999948072
L: 0.50, u_super: 0.00364, sec: 197.909, prod: 0.081291, t_ads: 53.5, t_des: 47.2, bed_util_ads: 0.500, bed_util_des: 0.499, des_th: 0.4994277759475078,frac_lost: 0.107, li_recovered:  8.189, time: 0.00829402399904211
L: 0.50, u_super: 0.00931, sec: 538.959, prod: 0.210686, t_ads: 21.0, t_des: 19.0, bed_util_ads: 0.500, bed_util_des: 0.499, des_th: 0.4994212729915831,frac_lost: 0.107, li_recovered:  8.448, time: 0.00777915799881157
L: 0.50, u_super: 0.00886, sec: 510.329, prod: 0.200579, t_ads: 22.1, t_des: 20.1, bed_util_ads: 0.500, bed_util_des: 0.499, des_th: 0.49949730702833534,frac_lost: 0.107, li_recovered:  8.456, time: 0.007282297001438565
L: 0.50, u_super: 0.00837, sec: 536.261, prod: 0.169217, t_ads: 23.4, t_des: 28.1, bed_util_ads: 0.463, bed_util_des: 0.462, des_th: 0.4623684575833426,frac_lost: 0.105, li_recovered:  8.709, time: 0.006197329999849899
L: 0.50, u_super: 0.00924, sec: 561.613, prod: 0.199263, t_ads: 21.1, t_des: 22.6, bed_util_ads: 0.479, bed_util_des: 0.478, des_th: 0.47834787071478685,frac_lost: 0.104, li_recovered:  8.705, time: 0.005713734999517328
L: 0.50, u_super: 0.00603, sec: 335.368, prod: 0.136296, t_ads: 32.2, t_des: 28.8, bed_util_ads: 0.500, bed_util_des: 0.500, des_th: 0.4995178362506548,frac_lost: 0.102, li_recovered:  8.317, time: 0.005470819000038318
L: 0.50, u_super: 0.00434, sec: 237.716, prod: 0.097380, t_ads: 44.8, t_des: 39.5, bed_util_ads: 0.500, bed_util_des: 0.500, des_th: 0.4998398601238362,frac_lost: 0.105, li_recovered:  8.207, time: 0.004041856000185362
L: 0.50, u_super: 0.00739, sec: 418.072, prod: 0.166931, t_ads: 26.5, t_des: 23.8, bed_util_ads: 0.500, bed_util_des: 0.499, des_th: 0.49945246552008526,frac_lost: 0.107, li_recovered:  8.397, time: 0.005088692998469924
L: 0.50, u_super: 0.00719, sec: 406.670, prod: 0.162481, t_ads: 27.2, t_des: 24.4, bed_util_ads: 0.499, bed_util_des: 0.499, des_th: 0.4993400665807194,frac_lost: 0.108, li_recovered:  8.390, time: 0.0037301750016922597
L: 8.13, u_super: 0.00005 — INFEASIBLE (li_recovered=0.000e+00), time: 0.0010623830003169132
L: 0.50, u_super: 0.00482, sec: 264.585, prod: 0.108393, t_ads: 40.4, t_des: 36.1, bed_util_ads: 0.500, bed_util_des: 0.499, des_th: 0.4993305904711179,frac_lost: 0.105, li_recovered:  8.292, time: 0.005363403999581351
L: 30.44, u_super: 0.00429 — INFEASIBLE (li_recovered=0.000e+00), time: 0.0011581809994822834
L: 0.50, u_super: 0.00800, sec: 456.042, prod: 0.180787, t_ads: 24.5, t_des: 22.2, bed_util_ads: 0.499, bed_util_des: 0.499, des_th: 0.498863451582854,frac_lost: 0.108, li_recovered:  8.443, time: 0.00405510500058881
L: 0.50, u_super: 0.00859, sec: 493.143, prod: 0.194360, t_ads: 22.8, t_des: 20.9, bed_util_ads: 0.498, bed_util_des: 0.497, des_th: 0.4974308776053847,frac_lost: 0.107, li_recovered:  8.485, time: 0.005426469000667566
L: 0.50, u_super: 0.00094, sec: 63.768, prod: 0.016316, t_ads: 203.3, t_des: 304.8, bed_util_ads: 0.419, bed_util_des: 0.413, des_th: 0.4125949934488658,frac_lost: 0.107, li_recovered:  8.290, time: 0.0069871409996267175
L: 0.50, u_super: 0.00401, sec: 218.668, prod: 0.090063, t_ads: 48.5, t_des: 43.3, bed_util_ads: 0.500, bed_util_des: 0.499, des_th: 0.4994277759475078,frac_lost: 0.106, li_recovered:  8.262, time: 0.004420516001118813
L: 0.50, u_super: 0.00162, sec: 89.044, prod: 0.034910, t_ads: 118.4, t_des: 99.5, bed_util_ads: 0.500, bed_util_des: 0.499, des_th: 0.49936428685964335,frac_lost: 0.107, li_recovered:  7.607, time: 0.00358536599924264
L: 0.50, u_super: 0.00418, sec: 227.864, prod: 0.093898, t_ads: 46.5, t_des: 41.6, bed_util_ads: 0.500, bed_util_des: 0.499, des_th: 0.4993865569275897,frac_lost: 0.104, li_recovered:  8.267, time: 0.003931776000172249
L: 0.50, u_super: 0.00764, sec: 432.384, prod: 0.173198, t_ads: 25.4, t_des: 23.0, bed_util_ads: 0.499, bed_util_des: 0.499, des_th: 0.49861384431042666,frac_lost: 0.101, li_recovered:  8.397, time: 0.004655511000237311
L: 35.30, u_super: 0.00560 — INFEASIBLE (li_recovered=0.000e+00), time: 0.001257046000318951
L: 5.85, u_super: 0.00756 — INFEASIBLE (li_recovered=0.000e+00), time: 0.002179197999794269
   323 |    12920 |     40 |  0.0018341258 |             f
L: 0.50, u_super: 0.00265, sec: 143.299, prod: 0.058659, t_ads: 72.8, t_des: 63.3, bed_util_ads: 0.500, bed_util_des: 0.500, des_th: 0.49997096279624725,frac_lost: 0.103, li_recovered:  7.984, time: 0.003966188000049442
L: 0.50, u_super: 0.00162, sec: 88.964, prod: 0.034942, t_ads: 118.1, t_des: 99.4, bed_util_ads: 0.499, bed_util_des: 0.499, des_th: 0.49932489496534627,frac_lost: 0.105, li_recovered:  7.601, time: 0.0037645180000254186
L: 12.98, u_super: 0.00206 — INFEASIBLE (li_recovered=0.000e+00), time: 0.0013892839997424744
L: 0.50, u_super: 0.00950, sec: 3407.500, prod: 0.034808, t_ads: 20.7, t_des: 231.5, bed_util_ads: 0.221, bed_util_des: 0.218, des_th: 0.21807991367649016,frac_lost: 0.104, li_recovered:  8.776, time: 0.028795404999982566
L: 0.50, u_super: 0.00108, sec: 58.991, prod: 0.023037, t_ads: 176.5, t_des: 176.1, bed_util_ads: 0.474, bed_util_des: 0.472, des_th: 0.4721072378998589,frac_lost: 0.106, li_recovered:  8.123, time: 0.004194649000055506
L: 0.50, u_super: 0.00690, sec: 387.210, prod: 0.156424, t_ads: 28.1, t_des: 25.4, bed_util_ads: 0.500, bed_util_des: 0.499, des_th: 0.4993930939026171,frac_lost: 0.100, li_recovered:  8.367, time: 0.007026065000900417
L: 0.50, u_super: 0.00570, sec: 315.579, prod: 0.128797, t_ads: 34.0, t_des: 30.6, bed_util_ads: 0.499, bed_util_des: 0.499, des_th: 0.49881620351238015,frac_lost: 0.101, li_recovered:  8.320, time: 0.005288576001476031
L: 0.50, u_super: 0.00115, sec: 62.716, prod: 0.024759, t_ads: 165.1, t_des: 146.5, bed_util_ads: 0.489, bed_util_des: 0.488, des_th: 0.48802299244665104,frac_lost: 0.106, li_recovered:  7.714, time: 0.00433603400051652
L: 0.50, u_super: 0.00401, sec: 219.000, prod: 0.089906, t_ads: 48.5, t_des: 42.8, bed_util_ads: 0.500, bed_util_des: 0.500, des_th: 0.4998398601238362,frac_lost: 0.106, li_recovered:  8.206, time: 0.004240033000314725
L: 0.50, u_super: 0.00656, sec: 368.009, prod: 0.147876, t_ads: 29.9, t_des: 26.8, bed_util_ads: 0.500, bed_util_des: 0.500, des_th: 0.49990551634276725,frac_lost: 0.109, li_recovered:  8.384, time: 0.005686181000783108
L: 0.50, u_super: 0.00246, sec: 132.352, prod: 0.054939, t_ads: 78.2, t_des: 72.3, bed_util_ads: 0.492, bed_util_des: 0.492, des_th: 0.4915579829822515,frac_lost: 0.103, li_recovered:  8.271, time: 0.005856398000105401
L: 0.50, u_super: 0.00343, sec: 186.159, prod: 0.076671, t_ads: 56.2, t_des: 49.4, bed_util_ads: 0.500, bed_util_des: 0.499, des_th: 0.49932478933898017,frac_lost: 0.101, li_recovered:  8.101, time: 0.004615170000761282
L: 0.50, u_super: 0.00005, sec: 4.332, prod: 0.000668, t_ads: 3402.0, t_des: 5777.8, bed_util_ads: 0.251, bed_util_des: 0.185, des_th: 0.1851696623157332,frac_lost: 0.100, li_recovered:  6.135, time: 0.005730949998905999
L: 21.87, u_super: 0.00856 — INFEASIBLE (li_recovered=0.000e+00), time: 0.0016740840001148172
L: 0.50, u_super: 0.00033 — INFEASIBLE (li_recovered=0.000e+00), time: 0.0019620279999799095
L: 0.50, u_super: 0.00948, sec: 549.432, prod: 0.214812, t_ads: 20.6, t_des: 18.7, bed_util_ads: 0.500, bed_util_des: 0.499, des_th: 0.4994959456069308,frac_lost: 0.105, li_recovered:  8.449, time: 0.005586713001321186
L: 0.50, u_super: 0.00540, sec: 297.965, prod: 0.121807, t_ads: 36.0, t_des: 32.2, bed_util_ads: 0.500, bed_util_des: 0.499, des_th: 0.49942302766723545,frac_lost: 0.102, li_recovered:  8.301, time: 0.004044314999191556
L: 0.50, u_super: 0.00434, sec: 237.822, prod: 0.097445, t_ads: 44.7, t_des: 39.4, bed_util_ads: 0.500, bed_util_des: 0.500, des_th: 0.4998398601238362,frac_lost: 0.104, li_recovered:  8.198, time: 0.005243904999588267
L: 0.50, u_super: 0.00613, sec: 342.246, prod: 0.138276, t_ads: 31.9, t_des: 28.7, bed_util_ads: 0.499, bed_util_des: 0.499, des_th: 0.49887588275633865,frac_lost: 0.108, li_recovered:  8.377, time: 0.006162805000712979
L: 0.50, u_super: 0.00101, sec: 56.745, prod: 0.021030, t_ads: 187.7, t_des: 200.7, bed_util_ads: 0.464, bed_util_des: 0.461, des_th: 0.4616584707870294,frac_lost: 0.104, li_recovered:  8.168, time: 0.0066165409989480395
L: 0.50, u_super: 0.00686, sec: 386.256, prod: 0.154675, t_ads: 28.6, t_des: 25.6, bed_util_ads: 0.500, bed_util_des: 0.500, des_th: 0.4996246777585186,frac_lost: 0.109, li_recovered:  8.387, time: 0.006219515000339015
L: 0.50, u_super: 0.00398, sec: 216.640, prod: 0.089306, t_ads: 48.8, t_des: 43.7, bed_util_ads: 0.498, bed_util_des: 0.498, des_th: 0.49769449359818985,frac_lost: 0.105, li_recovered:  8.260, time: 0.0055229360004886985
L: 0.50, u_super: 0.00111, sec: 61.820, prod: 0.023577, t_ads: 170.5, t_des: 177.2, bed_util_ads: 0.468, bed_util_des: 0.466, des_th: 0.46596507457494674,frac_lost: 0.104, li_recovered:  8.196, time: 0.007346229000177118
L: 0.50, u_super: 0.00180, sec: 102.803, prod: 0.037343, t_ads: 107.3, t_des: 118.9, bed_util_ads: 0.466, bed_util_des: 0.464, des_th: 0.464025464689319,frac_lost: 0.107, li_recovered:  8.448, time: 0.007754962000035448
L: 0.50, u_super: 0.00434, sec: 237.601, prod: 0.097447, t_ads: 44.9, t_des: 39.9, bed_util_ads: 0.500, bed_util_des: 0.499, des_th: 0.4994277759475078,frac_lost: 0.107, li_recovered:  8.270, time: 0.005728922000344028
L: 4.31, u_super: 0.00384 — INFEASIBLE (li_recovered=0.000e+00), time: 0.004170301001067855
L: 0.50, u_super: 0.00603, sec: 335.133, prod: 0.136392, t_ads: 32.2, t_des: 29.5, bed_util_ads: 0.496, bed_util_des: 0.496, des_th: 0.49605213282532656,frac_lost: 0.102, li_recovered:  8.420, time: 0.0070231720001174835
L: 0.50, u_super: 0.00176, sec: 96.432, prod: 0.038080, t_ads: 108.6, t_des: 91.6, bed_util_ads: 0.499, bed_util_des: 0.499, des_th: 0.49932103257688343,frac_lost: 0.103, li_recovered:  7.624, time: 0.007661973999347538
L: 0.50, u_super: 0.00989, sec: 618.471, prod: 0.208857, t_ads: 19.7, t_des: 22.0, bed_util_ads: 0.474, bed_util_des: 0.473, des_th: 0.47346946809878476,frac_lost: 0.104, li_recovered:  8.714, time: 0.007765493999613682
L: 0.50, u_super: 0.00572, sec: 396.798, prod: 0.103077, t_ads: 34.3, t_des: 50.1, bed_util_ads: 0.438, bed_util_des: 0.437, des_th: 0.4368586514588263,frac_lost: 0.107, li_recovered:  8.693, time: 0.009426160000657546
L: 0.50, u_super: 0.00775, sec: 439.868, prod: 0.175660, t_ads: 25.0, t_des: 22.4, bed_util_ads: 0.500, bed_util_des: 0.500, des_th: 0.4999807533414163,frac_lost: 0.101, li_recovered:  8.331, time: 0.007458177000444266
L: 17.70, u_super: 0.00328 — INFEASIBLE (li_recovered=0.000e+00), time: 0.0019744420005736174
L: 0.50, u_super: 0.00208, sec: 111.798, prod: 0.045984, t_ads: 93.2, t_des: 86.0, bed_util_ads: 0.491, bed_util_des: 0.490, des_th: 0.4900604105052433,frac_lost: 0.109, li_recovered:  8.242, time: 0.007355921001362731
L: 0.50, u_super: 0.00835, sec: 478.136, prod: 0.188730, t_ads: 23.5, t_des: 21.1, bed_util_ads: 0.500, bed_util_des: 0.500, des_th: 0.4997809122102653,frac_lost: 0.108, li_recovered:  8.404, time: 0.00541006200000993
L: 0.50, u_super: 0.00689, sec: 387.846, prod: 0.155734, t_ads: 28.4, t_des: 25.8, bed_util_ads: 0.498, bed_util_des: 0.498, des_th: 0.497707926078729,frac_lost: 0.107, li_recovered:  8.429, time: 0.007514199000070221
L: 0.50, u_super: 0.00055, sec: 32.708, prod: 0.010897, t_ads: 331.6, t_des: 378.6, bed_util_ads: 0.441, bed_util_des: 0.436, des_th: 0.4361535256417441,frac_lost: 0.100, li_recovered:  7.739, time: 0.006373410000378499
L: 0.50, u_super: 0.00440, sec: 241.506, prod: 0.098448, t_ads: 44.2, t_des: 42.4, bed_util_ads: 0.491, bed_util_des: 0.490, des_th: 0.4902857443087614,frac_lost: 0.104, li_recovered:  8.522, time: 0.006500978000985924
L: 0.50, u_super: 0.00374, sec: 203.460, prod: 0.083942, t_ads: 52.0, t_des: 47.1, bed_util_ads: 0.497, bed_util_des: 0.497, des_th: 0.49685904478067777,frac_lost: 0.108, li_recovered:  8.320, time: 0.004682189999584807
L: 10.17, u_super: 0.00351 — INFEASIBLE (li_recovered=0.000e+00), time: 0.0016314980002789525
L: 0.50, u_super: 0.00417, sec: 227.528, prod: 0.093505, t_ads: 46.8, t_des: 41.7, bed_util_ads: 0.499, bed_util_des: 0.499, des_th: 0.49875076391667905,frac_lost: 0.107, li_recovered:  8.269, time: 0.004579780001222389
   324 |    12960 |     40 |  0.0045967362 |             f
L: 0.50, u_super: 0.00990, sec: 576.736, prod: 0.224529, t_ads: 19.7, t_des: 17.9, bed_util_ads: 0.500, bed_util_des: 0.499, des_th: 0.49942132725883337,frac_lost: 0.105, li_recovered:  8.447, time: 0.006540155998663977
L: 22.77, u_super: 0.00656 — INFEASIBLE (li_recovered=0.000e+00), time: 0.0024183710011129733
L: 0.50, u_super: 0.00948, sec: 549.805, prod: 0.214666, t_ads: 20.6, t_des: 19.2, bed_util_ads: 0.495, bed_util_des: 0.495, des_th: 0.4952248511376441,frac_lost: 0.104, li_recovered:  8.533, time: 0.006544943000335479
L: 0.50, u_super: 0.00445, sec: 243.370, prod: 0.099963, t_ads: 43.7, t_des: 38.9, bed_util_ads: 0.499, bed_util_des: 0.499, des_th: 0.49881620351238015,frac_lost: 0.105, li_recovered:  8.264, time: 0.006050309000784182
L: 12.06, u_super: 0.00835 — INFEASIBLE (li_recovered=0.000e+00), time: 0.0029707730009249644
L: 27.18, u_super: 0.00540 — INFEASIBLE (li_recovered=0.000e+00), time: 0.0013976999998703832
L: 0.50, u_super: 0.00617, sec: 344.023, prod: 0.139598, t_ads: 31.5, t_des: 29.2, bed_util_ads: 0.495, bed_util_des: 0.495, des_th: 0.4952821780187467,frac_lost: 0.103, li_recovered:  8.465, time: 0.0064909550001175376
L: 0.50, u_super: 0.00375, sec: 204.349, prod: 0.084080, t_ads: 51.8, t_des: 45.8, bed_util_ads: 0.499, bed_util_des: 0.499, des_th: 0.49897750336839,frac_lost: 0.106, li_recovered:  8.205, time: 0.005980287998681888
L: 0.50, u_super: 0.00917, sec: 529.838, prod: 0.207536, t_ads: 21.4, t_des: 19.3, bed_util_ads: 0.500, bed_util_des: 0.500, des_th: 0.49999165760265885,frac_lost: 0.107, li_recovered:  8.446, time: 0.006359749000694137
L: 51.11, u_super: 0.00865 — INFEASIBLE (li_recovered=0.000e+00), time: 0.0012898900004074676
L: 0.50, u_super: 0.00810, sec: 462.721, prod: 0.183055, t_ads: 24.2, t_des: 22.2, bed_util_ads: 0.498, bed_util_des: 0.498, des_th: 0.4976172675235538,frac_lost: 0.108, li_recovered:  8.488, time: 0.0062233079988800455
L: 37.89, u_super: 0.00017 — INFEASIBLE (li_recovered=0.000e+00), time: 0.001126598001064849
L: 0.50, u_super: 0.00463, sec: 254.009, prod: 0.104152, t_ads: 42.0, t_des: 37.5, bed_util_ads: 0.499, bed_util_des: 0.499, des_th: 0.49870557825640927,frac_lost: 0.106, li_recovered:  8.281, time: 0.004716927998742904
L: 0.50, u_super: 0.00719, sec: 406.405, prod: 0.162587, t_ads: 27.2, t_des: 24.4, bed_util_ads: 0.500, bed_util_des: 0.500, des_th: 0.4996172641502922,frac_lost: 0.107, li_recovered:  8.390, time: 0.006708744000206934
L: 0.50, u_super: 0.00329, sec: 178.376, prod: 0.073712, t_ads: 59.1, t_des: 54.0, bed_util_ads: 0.495, bed_util_des: 0.494, des_th: 0.4943257606687844,frac_lost: 0.108, li_recovered:  8.338, time: 0.0057405059997108765
L: 0.50, u_super: 0.00508, sec: 279.302, prod: 0.114500, t_ads: 38.2, t_des: 34.3, bed_util_ads: 0.500, bed_util_des: 0.499, des_th: 0.4994691158963821,frac_lost: 0.103, li_recovered:  8.305, time: 0.005373740999857546
L: 0.50, u_super: 0.00822, sec: 469.598, prod: 0.185896, t_ads: 23.8, t_des: 21.9, bed_util_ads: 0.497, bed_util_des: 0.497, des_th: 0.4969018523610336,frac_lost: 0.106, li_recovered:  8.495, time: 0.005397677001383272
L: 0.50, u_super: 0.00015 — INFEASIBLE (li_recovered=0.000e+00), time: 0.002118927999617881
L: 0.50, u_super: 0.00033, sec: 19.852, prod: 0.006209, t_ads: 527.1, t_des: 525.5, bed_util_ads: 0.440, bed_util_des: 0.436, des_th: 0.4362822680585793,frac_lost: 0.102, li_recovered:  6.535, time: 0.005793006999738282
L: 12.90, u_super: 0.00005 — INFEASIBLE (li_recovered=0.000e+00), time: 0.0010384449997218326
L: 0.50, u_super: 0.00523, sec: 288.500, prod: 0.118103, t_ads: 37.1, t_des: 33.2, bed_util_ads: 0.500, bed_util_des: 0.500, des_th: 0.4996478003827406,frac_lost: 0.103, li_recovered:  8.304, time: 0.006182803001138382
L: 0.50, u_super: 0.00033, sec: 19.852, prod: 0.006209, t_ads: 527.1, t_des: 525.5, bed_util_ads: 0.440, bed_util_des: 0.436, des_th: 0.4362822680585793,frac_lost: 0.102, li_recovered:  6.535, time: 0.006077764001020114
L: 0.50, u_super: 0.00343, sec: 186.160, prod: 0.076670, t_ads: 56.6, t_des: 50.1, bed_util_ads: 0.500, bed_util_des: 0.500, des_th: 0.49977971595912,frac_lost: 0.106, li_recovered:  8.185, time: 0.008001180000064778
L: 0.50, u_super: 0.00859, sec: 492.869, prod: 0.194468, t_ads: 22.8, t_des: 20.7, bed_util_ads: 0.499, bed_util_des: 0.499, des_th: 0.4987599498221764,frac_lost: 0.106, li_recovered:  8.449, time: 0.01243992200033972
L: 0.50, u_super: 0.00115, sec: 62.677, prod: 0.024775, t_ads: 165.0, t_des: 146.7, bed_util_ads: 0.489, bed_util_des: 0.488, des_th: 0.4880274806297466,frac_lost: 0.105, li_recovered:  7.722, time: 0.011751165000532637
L: 13.65, u_super: 0.00462 — INFEASIBLE (li_recovered=0.000e+00), time: 0.003722747000210802
L: 35.67, u_super: 0.00506 — INFEASIBLE (li_recovered=0.000e+00), time: 0.003338346999953501
L: 9.20, u_super: 0.00738 — INFEASIBLE (li_recovered=0.000e+00), time: 0.0037097240001457976
L: 0.50, u_super: 0.00901, sec: 519.839, prod: 0.204039, t_ads: 21.7, t_des: 19.9, bed_util_ads: 0.498, bed_util_des: 0.498, des_th: 0.498199294307266,frac_lost: 0.106, li_recovered:  8.487, time: 0.011898463999386877
L: 0.50, u_super: 0.00246, sec: 132.476, prod: 0.054888, t_ads: 78.2, t_des: 70.5, bed_util_ads: 0.495, bed_util_des: 0.495, des_th: 0.49475502769996116,frac_lost: 0.103, li_recovered:  8.160, time: 0.008392635998461628
L: 9.82, u_super: 0.00946, sec: 12415.624, prod: 0.185904, t_ads: 369.3, t_des: 325.3, bed_util_ads: 0.470, bed_util_des: 0.470, des_th: 0.4698653120493711,frac_lost: 0.101, li_recovered:  129.128, time: 0.007422761000270839
L: 0.50, u_super: 0.00162, sec: 88.995, prod: 0.034930, t_ads: 118.2, t_des: 99.5, bed_util_ads: 0.500, bed_util_des: 0.500, des_th: 0.4999408679837557,frac_lost: 0.106, li_recovered:  7.604, time: 0.007792247000907082
L: 0.50, u_super: 0.00686, sec: 384.729, prod: 0.155289, t_ads: 28.3, t_des: 25.6, bed_util_ads: 0.499, bed_util_des: 0.499, des_th: 0.4988738892543044,frac_lost: 0.102, li_recovered:  8.371, time: 0.009366523001517635
L: 57.59, u_super: 0.00985 — INFEASIBLE (li_recovered=0.000e+00), time: 0.0017574920002516592
L: 0.50, u_super: 0.00764, sec: 479.961, prod: 0.156029, t_ads: 25.6, t_des: 30.2, bed_util_ads: 0.465, bed_util_des: 0.465, des_th: 0.4647935256604499,frac_lost: 0.106, li_recovered:  8.702, time: 0.009325343000455177
L: 0.50, u_super: 0.00656, sec: 367.926, prod: 0.147910, t_ads: 29.9, t_des: 26.8, bed_util_ads: 0.500, bed_util_des: 0.500, des_th: 0.4996246777585186,frac_lost: 0.109, li_recovered:  8.378, time: 0.005531823999262997
L: 4.01, u_super: 0.00519, sec: 23402.318, prod: 0.011478, t_ads: 308.2, t_des: 5926.4, bed_util_ads: 0.165, bed_util_des: 0.127, des_th: 0.1272379809872874,frac_lost: 0.102, li_recovered:  71.559, time: 0.044461452000177815
L: 0.50, u_super: 0.00912, sec: 526.827, prod: 0.206366, t_ads: 21.5, t_des: 19.2, bed_util_ads: 0.500, bed_util_des: 0.500, des_th: 0.49999165760265885,frac_lost: 0.106, li_recovered:  8.394, time: 0.004534143999990192
L: 0.50, u_super: 0.00292, sec: 157.728, prod: 0.065005, t_ads: 66.0, t_des: 58.1, bed_util_ads: 0.500, bed_util_des: 0.499, des_th: 0.49932478773527844,frac_lost: 0.102, li_recovered:  8.069, time: 0.005011817000195151
L: 0.50, u_super: 0.00162, sec: 88.964, prod: 0.034942, t_ads: 118.1, t_des: 99.4, bed_util_ads: 0.499, bed_util_des: 0.499, des_th: 0.499324896569048,frac_lost: 0.105, li_recovered:  7.601, time: 0.004195536999759497
   325 |    13000 |     40 |  0.0016478737 |             f
L: 0.50, u_super: 0.00311, sec: 168.360, prod: 0.069319, t_ads: 62.7, t_des: 58.6, bed_util_ads: 0.492, bed_util_des: 0.491, des_th: 0.4913918165139581,frac_lost: 0.109, li_recovered:  8.408, time: 0.004885141001068405
L: 0.50, u_super: 0.00073, sec: 40.485, prod: 0.015390, t_ads: 254.2, t_des: 238.7, bed_util_ads: 0.474, bed_util_des: 0.472, des_th: 0.4721072378998589,frac_lost: 0.103, li_recovered:  7.585, time: 0.0035900029997719685
L: 0.50, u_super: 0.00752, sec: 424.895, prod: 0.170665, t_ads: 25.8, t_des: 23.6, bed_util_ads: 0.497, bed_util_des: 0.497, des_th: 0.4969018523610336,frac_lost: 0.100, li_recovered:  8.425, time: 0.0034268939998582937
L: 0.50, u_super: 0.00495, sec: 272.469, prod: 0.111619, t_ads: 39.2, t_des: 35.0, bed_util_ads: 0.500, bed_util_des: 0.500, des_th: 0.4996246777585186,frac_lost: 0.104, li_recovered:  8.281, time: 0.004199368000627146
L: 0.50, u_super: 0.00695, sec: 392.150, prod: 0.156836, t_ads: 28.2, t_des: 26.1, bed_util_ads: 0.496, bed_util_des: 0.496, des_th: 0.4960338108449024,frac_lost: 0.108, li_recovered:  8.511, time: 0.0041495730001770426
L: 0.50, u_super: 0.00990, sec: 577.283, prod: 0.224316, t_ads: 19.8, t_des: 17.9, bed_util_ads: 0.499, bed_util_des: 0.499, des_th: 0.498751341153187,frac_lost: 0.106, li_recovered:  8.451, time: 0.003826793999905931
L: 0.50, u_super: 0.00240, sec: 132.544, prod: 0.052055, t_ads: 80.3, t_des: 82.8, bed_util_ads: 0.478, bed_util_des: 0.477, des_th: 0.4771786538180969,frac_lost: 0.103, li_recovered:  8.493, time: 0.005891837001399836
L: 0.50, u_super: 0.00005, sec: 4.563, prod: 0.000635, t_ads: 3807.3, t_des: 8203.4, bed_util_ads: 0.238, bed_util_des: 0.147, des_th: 0.1475882803513717,frac_lost: 0.103, li_recovered:  7.621, time: 0.010210952999841538
L: 40.91, u_super: 0.00850 — INFEASIBLE (li_recovered=0.000e+00), time: 0.0018059689991787309
L: 64.88, u_super: 0.00612 — INFEASIBLE (li_recovered=0.000e+00), time: 0.0018389830001979135
L: 0.50, u_super: 0.00226, sec: 121.185, prod: 0.050159, t_ads: 85.5, t_des: 78.9, bed_util_ads: 0.492, bed_util_des: 0.492, des_th: 0.49190889453443537,frac_lost: 0.105, li_recovered:  8.249, time: 0.005279557999529061
L: 0.50, u_super: 0.00138, sec: 76.268, prod: 0.029537, t_ads: 138.3, t_des: 142.8, bed_util_ads: 0.473, bed_util_des: 0.471, des_th: 0.4711950876692307,frac_lost: 0.105, li_recovered:  8.302, time: 0.007078242000716273
L: 0.50, u_super: 0.00752, sec: 425.120, prod: 0.170627, t_ads: 25.8, t_des: 23.3, bed_util_ads: 0.500, bed_util_des: 0.499, des_th: 0.49942132725883337,frac_lost: 0.100, li_recovered:  8.381, time: 0.005746632001319085
L: 0.50, u_super: 0.00650, sec: 363.479, prod: 0.146997, t_ads: 29.9, t_des: 26.8, bed_util_ads: 0.499, bed_util_des: 0.499, des_th: 0.49926340889899623,frac_lost: 0.102, li_recovered:  8.331, time: 0.007750648999717669
L: 0.50, u_super: 0.00006, sec: 5.332, prod: 0.000858, t_ads: 2682.8, t_des: 4443.6, bed_util_ads: 0.268, bed_util_des: 0.209, des_th: 0.20962082221986172,frac_lost: 0.102, li_recovered:  6.117, time: 0.007304519998797332
L: 0.50, u_super: 0.00572, sec: 317.569, prod: 0.128794, t_ads: 34.2, t_des: 30.8, bed_util_ads: 0.499, bed_util_des: 0.499, des_th: 0.49889651302315663,frac_lost: 0.109, li_recovered:  8.371, time: 0.005525095999473706
L: 12.14, u_super: 0.00214 — INFEASIBLE (li_recovered=0.000e+00), time: 0.0014247760009311605
L: 0.50, u_super: 0.00445, sec: 243.245, prod: 0.100014, t_ads: 43.8, t_des: 39.9, bed_util_ads: 0.497, bed_util_des: 0.497, des_th: 0.49686871371776564,frac_lost: 0.107, li_recovered:  8.378, time: 0.00732509299996309
L: 0.50, u_super: 0.00772, sec: 485.918, prod: 0.157829, t_ads: 25.3, t_des: 29.8, bed_util_ads: 0.466, bed_util_des: 0.465, des_th: 0.46546440274819817,frac_lost: 0.107, li_recovered:  8.704, time: 0.006300728000496747
L: 0.50, u_super: 0.00062, sec: 34.534, prod: 0.012814, t_ads: 298.2, t_des: 289.2, bed_util_ads: 0.467, bed_util_des: 0.464, des_th: 0.46451411029506495,frac_lost: 0.103, li_recovered:  7.526, time: 0.008073154000157956
L: 0.50, u_super: 0.00246, sec: 133.529, prod: 0.054455, t_ads: 78.4, t_des: 76.4, bed_util_ads: 0.485, bed_util_des: 0.484, des_th: 0.4842019987613243,frac_lost: 0.104, li_recovered:  8.431, time: 0.0052257309998822166
L: 43.32, u_super: 0.00848 — INFEASIBLE (li_recovered=0.000e+00), time: 0.0026579919995128876
L: 12.96, u_super: 0.00949 — INFEASIBLE (li_recovered=0.000e+00), time: 0.0030692279997310834
L: 0.50, u_super: 0.00533, sec: 294.248, prod: 0.120349, t_ads: 36.4, t_des: 32.6, bed_util_ads: 0.499, bed_util_des: 0.499, des_th: 0.4986514618496016,frac_lost: 0.102, li_recovered:  8.297, time: 0.005371850998926675
L: 0.50, u_super: 0.00392, sec: 213.521, prod: 0.087831, t_ads: 49.7, t_des: 44.3, bed_util_ads: 0.500, bed_util_des: 0.499, des_th: 0.4994207500212001,frac_lost: 0.108, li_recovered:  8.260, time: 0.005737301000408479
L: 37.84, u_super: 0.00143 — INFEASIBLE (li_recovered=0.000e+00), time: 0.0007167969997681212
L: 0.50, u_super: 0.00194, sec: 104.213, prod: 0.043098, t_ads: 98.4, t_des: 92.7, bed_util_ads: 0.488, bed_util_des: 0.487, des_th: 0.48713833310361887,frac_lost: 0.101, li_recovered:  8.238, time: 0.004157281000516377
L: 6.87, u_super: 0.00355 — INFEASIBLE (li_recovered=0.000e+00), time: 0.0020414720002008835
L: 0.50, u_super: 0.00132 — INFEASIBLE (li_recovered=0.000e+00), time: 0.0027206140002817847
L: 0.50, u_super: 0.00865, sec: 504.193, prod: 0.193123, t_ads: 22.6, t_des: 22.2, bed_util_ads: 0.489, bed_util_des: 0.489, des_th: 0.4888408480485341,frac_lost: 0.106, li_recovered:  8.650, time: 0.003676766000353382
L: 0.50, u_super: 0.00115, sec: 62.687, prod: 0.024771, t_ads: 164.8, t_des: 146.3, bed_util_ads: 0.490, bed_util_des: 0.489, des_th: 0.4889396296598623,frac_lost: 0.105, li_recovered:  7.706, time: 0.0038542969996342435
L: 14.24, u_super: 0.00989 — INFEASIBLE (li_recovered=0.000e+00), time: 0.003012073000718374
L: 0.50, u_super: 0.00962, sec: 560.069, prod: 0.217697, t_ads: 20.3, t_des: 19.1, bed_util_ads: 0.495, bed_util_des: 0.494, des_th: 0.49448249884728307,frac_lost: 0.104, li_recovered:  8.563, time: 0.005326888000126928
L: 0.50, u_super: 0.00042, sec: 25.096, prod: 0.008025, t_ads: 431.7, t_des: 492.2, bed_util_ads: 0.432, bed_util_des: 0.425, des_th: 0.4251517482576329,frac_lost: 0.101, li_recovered:  7.415, time: 0.005657063999024103
L: 0.50, u_super: 0.00417, sec: 284.739, prod: 0.074718, t_ads: 46.5, t_des: 69.3, bed_util_ads: 0.434, bed_util_des: 0.433, des_th: 0.4328407631720568,frac_lost: 0.100, li_recovered:  8.652, time: 0.006123441000454477
L: 0.50, u_super: 0.00969, sec: 571.680, prod: 0.216462, t_ads: 20.1, t_des: 19.8, bed_util_ads: 0.488, bed_util_des: 0.488, des_th: 0.4881373083238234,frac_lost: 0.104, li_recovered:  8.658, time: 0.004612804001226323
L: 0.50, u_super: 0.00835, sec: 476.352, prod: 0.189436, t_ads: 23.2, t_des: 21.0, bed_util_ads: 0.500, bed_util_des: 0.500, des_th: 0.4996609384870117,frac_lost: 0.100, li_recovered:  8.377, time: 0.007011917001364054
L: 0.50, u_super: 0.00567, sec: 314.937, prod: 0.127782, t_ads: 34.5, t_des: 31.0, bed_util_ads: 0.498, bed_util_des: 0.498, des_th: 0.49829995476554945,frac_lost: 0.109, li_recovered:  8.377, time: 0.005761494001490064
L: 0.50, u_super: 0.00207, sec: 111.486, prod: 0.045965, t_ads: 93.1, t_des: 86.1, bed_util_ads: 0.491, bed_util_des: 0.490, des_th: 0.4900604105052433,frac_lost: 0.107, li_recovered:  8.234, time: 0.004913781000141171
L: 0.50, u_super: 0.00422, sec: 236.765, prod: 0.092317, t_ads: 46.1, t_des: 47.2, bed_util_ads: 0.482, bed_util_des: 0.482, des_th: 0.4817937949246929,frac_lost: 0.104, li_recovered:  8.607, time: 0.0050601749990164535
   326 |    13040 |     40 |  0.0053333251 |             f
L: 0.50, u_super: 0.00811, sec: 463.244, prod: 0.183369, t_ads: 24.1, t_des: 22.1, bed_util_ads: 0.498, bed_util_des: 0.498, des_th: 0.49770117992382984,frac_lost: 0.107, li_recovered:  8.487, time: 0.0044525350003823405
L: 77.69, u_super: 0.00462 — INFEASIBLE (li_recovered=0.000e+00), time: 0.0008965039996837731
L: 23.74, u_super: 0.00630 — INFEASIBLE (li_recovered=0.000e+00), time: 0.001458296001146664
L: 0.50, u_super: 0.00417, sec: 227.457, prod: 0.093535, t_ads: 46.7, t_des: 41.7, bed_util_ads: 0.499, bed_util_des: 0.499, des_th: 0.4987106863496129,frac_lost: 0.106, li_recovered:  8.271, time: 0.004083259000253747
L: 0.50, u_super: 0.00943, sec: 546.505, prod: 0.213951, t_ads: 20.7, t_des: 18.8, bed_util_ads: 0.500, bed_util_des: 0.500, des_th: 0.49961491186099327,frac_lost: 0.104, li_recovered:  8.452, time: 0.004036878999613691
L: 0.50, u_super: 0.00878, sec: 505.536, prod: 0.198816, t_ads: 22.3, t_des: 19.9, bed_util_ads: 0.500, bed_util_des: 0.500, des_th: 0.49997766110932995,frac_lost: 0.106, li_recovered:  8.392, time: 0.0062712189992453204
L: 0.50, u_super: 0.00694, sec: 393.690, prod: 0.155513, t_ads: 28.0, t_des: 27.4, bed_util_ads: 0.489, bed_util_des: 0.489, des_th: 0.4887071524691993,frac_lost: 0.100, li_recovered:  8.610, time: 0.006062458000087645
L: 14.66, u_super: 0.00292 — INFEASIBLE (li_recovered=0.000e+00), time: 0.00170321900077397
L: 0.50, u_super: 0.00332, sec: 180.704, prod: 0.074158, t_ads: 58.6, t_des: 55.4, bed_util_ads: 0.491, bed_util_des: 0.491, des_th: 0.49072288827038835,frac_lost: 0.108, li_recovered:  8.453, time: 0.006611569000597228
L: 42.55, u_super: 0.00456 — INFEASIBLE (li_recovered=0.000e+00), time: 0.001800911999453092
L: 0.50, u_super: 0.00719, sec: 429.752, prod: 0.153754, t_ads: 27.2, t_des: 29.3, bed_util_ads: 0.477, bed_util_des: 0.477, des_th: 0.47687280250808983,frac_lost: 0.107, li_recovered:  8.692, time: 0.006643676999374293
L: 0.50, u_super: 0.00512, sec: 307.769, prod: 0.105730, t_ads: 37.9, t_des: 44.0, bed_util_ads: 0.467, bed_util_des: 0.466, des_th: 0.46634945827323077,frac_lost: 0.102, li_recovered:  8.658, time: 0.008468993999485974
L: 0.50, u_super: 0.00400, sec: 217.893, prod: 0.089645, t_ads: 48.7, t_des: 43.4, bed_util_ads: 0.499, bed_util_des: 0.499, des_th: 0.4986335372417756,frac_lost: 0.107, li_recovered:  8.257, time: 0.0059097269986523315
L: 0.50, u_super: 0.00837, sec: 478.987, prod: 0.189648, t_ads: 23.3, t_des: 21.2, bed_util_ads: 0.500, bed_util_des: 0.500, des_th: 0.49957066465877725,frac_lost: 0.105, li_recovered:  8.440, time: 0.008074339999438962
L: 0.50, u_super: 0.00015, sec: 15.707, prod: 0.001744, t_ads: 1241.8, t_des: 3328.9, bed_util_ads: 0.283, bed_util_des: 0.225, des_th: 0.22545679874216165,frac_lost: 0.105, li_recovered:  7.970, time: 0.01044548699974257
L: 0.50, u_super: 0.00137, sec: 76.034, prod: 0.028977, t_ads: 139.8, t_des: 147.1, bed_util_ads: 0.470, bed_util_des: 0.469, des_th: 0.46866266201209905,frac_lost: 0.105, li_recovered:  8.314, time: 0.006497794000097201
L: 0.50, u_super: 0.00656, sec: 374.478, prod: 0.145322, t_ads: 29.8, t_des: 29.6, bed_util_ads: 0.486, bed_util_des: 0.486, des_th: 0.4860432183341351,frac_lost: 0.107, li_recovered:  8.642, time: 0.007964325999637367
L: 0.50, u_super: 0.00742, sec: 420.380, prod: 0.167759, t_ads: 26.4, t_des: 23.7, bed_util_ads: 0.500, bed_util_des: 0.499, des_th: 0.49943392157613437,frac_lost: 0.107, li_recovered:  8.390, time: 0.0062433820003207074
L: 0.50, u_super: 0.00887, sec: 510.943, prod: 0.200681, t_ads: 22.1, t_des: 20.0, bed_util_ads: 0.500, bed_util_des: 0.499, des_th: 0.49949730702833534,frac_lost: 0.107, li_recovered:  8.448, time: 0.005084832000648021
L: 2.60, u_super: 0.00343 — INFEASIBLE (li_recovered=0.000e+00), time: 0.004111334999834071
L: 0.50, u_super: 0.00686, sec: 386.077, prod: 0.154731, t_ads: 28.6, t_des: 26.2, bed_util_ads: 0.497, bed_util_des: 0.497, des_th: 0.4969085985159328,frac_lost: 0.108, li_recovered:  8.475, time: 0.006313723999483045
L: 0.50, u_super: 0.00915, sec: 528.557, prod: 0.207475, t_ads: 21.3, t_des: 19.3, bed_util_ads: 0.500, bed_util_des: 0.499, des_th: 0.4994212729915831,frac_lost: 0.105, li_recovered:  8.438, time: 0.004874188000030699
L: 0.50, u_super: 0.00443, sec: 241.962, prod: 0.099746, t_ads: 43.9, t_des: 40.1, bed_util_ads: 0.497, bed_util_des: 0.497, des_th: 0.49686871371776564,frac_lost: 0.104, li_recovered:  8.373, time: 0.006556473001182894
L: 0.50, u_super: 0.00859, sec: 493.087, prod: 0.194382, t_ads: 22.8, t_des: 20.9, bed_util_ads: 0.498, bed_util_des: 0.498, des_th: 0.4976249960916114,frac_lost: 0.106, li_recovered:  8.487, time: 0.006977938999625621
L: 0.50, u_super: 0.00395, sec: 215.411, prod: 0.088556, t_ads: 49.2, t_des: 43.5, bed_util_ads: 0.500, bed_util_des: 0.499, des_th: 0.4994982569812314,frac_lost: 0.105, li_recovered:  8.208, time: 0.006456262999563478
L: 0.50, u_super: 0.00265, sec: 143.299, prod: 0.058659, t_ads: 72.8, t_des: 63.3, bed_util_ads: 0.500, bed_util_des: 0.500, des_th: 0.49997096279624725,frac_lost: 0.103, li_recovered:  7.984, time: 0.006701630001771264
L: 0.50, u_super: 0.00809, sec: 461.395, prod: 0.183002, t_ads: 24.2, t_des: 21.7, bed_util_ads: 0.500, bed_util_des: 0.500, des_th: 0.4996609384870117,frac_lost: 0.106, li_recovered:  8.391, time: 0.006407028000467108
L: 0.50, u_super: 0.00022, sec: 37.407, prod: 0.001519, t_ads: 899.5, t_des: 4837.1, bed_util_ads: 0.238, bed_util_des: 0.175, des_th: 0.17526996380881624,frac_lost: 0.102, li_recovered:  8.716, time: 0.019588784000006854
L: 0.50, u_super: 0.00807, sec: 477.552, prod: 0.175854, t_ads: 24.3, t_des: 25.1, bed_util_ads: 0.482, bed_util_des: 0.482, des_th: 0.4815768358077658,frac_lost: 0.107, li_recovered:  8.690, time: 0.007314902999496553
L: 0.50, u_super: 0.00292, sec: 157.728, prod: 0.065005, t_ads: 66.0, t_des: 58.1, bed_util_ads: 0.500, bed_util_des: 0.499, des_th: 0.49932478773527844,frac_lost: 0.102, li_recovered:  8.069, time: 0.008715852000023006
L: 0.50, u_super: 0.00703, sec: 395.727, prod: 0.159117, t_ads: 27.6, t_des: 24.7, bed_util_ads: 0.500, bed_util_des: 0.500, des_th: 0.49973102865363084,frac_lost: 0.102, li_recovered:  8.324, time: 0.006622117000006256
L: 51.35, u_super: 0.00631 — INFEASIBLE (li_recovered=0.000e+00), time: 0.001570924001498497
L: 0.50, u_super: 0.00669, sec: 375.944, prod: 0.151063, t_ads: 29.2, t_des: 26.9, bed_util_ads: 0.496, bed_util_des: 0.496, des_th: 0.49628422658268756,frac_lost: 0.107, li_recovered:  8.477, time: 0.006031994998920709
L: 0.50, u_super: 0.00861, sec: 494.306, prod: 0.194892, t_ads: 22.7, t_des: 20.6, bed_util_ads: 0.500, bed_util_des: 0.500, des_th: 0.4996257513002722,frac_lost: 0.107, li_recovered:  8.448, time: 0.006611229999180068
L: 0.50, u_super: 0.00468, sec: 257.029, prod: 0.105329, t_ads: 41.4, t_des: 36.7, bed_util_ads: 0.500, bed_util_des: 0.500, des_th: 0.49991166901181255,frac_lost: 0.103, li_recovered:  8.228, time: 0.0054923730003793025
L: 0.50, u_super: 0.00910, sec: 525.150, prod: 0.206090, t_ads: 21.5, t_des: 19.5, bed_util_ads: 0.500, bed_util_des: 0.500, des_th: 0.4995833361165693,frac_lost: 0.106, li_recovered:  8.448, time: 0.005478102000779472
L: 0.50, u_super: 0.00990, sec: 576.481, prod: 0.224629, t_ads: 19.7, t_des: 17.7, bed_util_ads: 0.500, bed_util_des: 0.499, des_th: 0.499421021686037,frac_lost: 0.103, li_recovered:  8.404, time: 0.006312780000371276
L: 0.50, u_super: 0.00990, sec: 576.941, prod: 0.224449, t_ads: 19.7, t_des: 17.9, bed_util_ads: 0.500, bed_util_des: 0.499, des_th: 0.49942132725883337,frac_lost: 0.105, li_recovered:  8.455, time: 0.007565451000118628
L: 16.59, u_super: 0.00682 — INFEASIBLE (li_recovered=0.000e+00), time: 0.0026948859995172825
L: 0.50, u_super: 0.00719, sec: 404.874, prod: 0.163202, t_ads: 26.9, t_des: 24.7, bed_util_ads: 0.498, bed_util_des: 0.498, des_th: 0.497707926078729,frac_lost: 0.100, li_recovered:  8.426, time: 0.007374463999440195
   327 |    13080 |     40 |  0.0025321983 |             f
L: 0.50, u_super: 0.00115, sec: 62.429, prod: 0.024797, t_ads: 165.2, t_des: 148.5, bed_util_ads: 0.488, bed_util_des: 0.487, des_th: 0.48713833310361887,frac_lost: 0.105, li_recovered:  7.779, time: 0.0068129050014249515
L: 0.50, u_super: 0.00540, sec: 297.965, prod: 0.121807, t_ads: 36.0, t_des: 32.2, bed_util_ads: 0.500, bed_util_des: 0.499, des_th: 0.49942302766723545,frac_lost: 0.102, li_recovered:  8.301, time: 0.008619448999525048
L: 0.50, u_super: 0.00380, sec: 206.827, prod: 0.085042, t_ads: 51.2, t_des: 45.3, bed_util_ads: 0.500, bed_util_des: 0.500, des_th: 0.49993645186704316,frac_lost: 0.106, li_recovered:  8.206, time: 0.0072543149999546586
L: 26.02, u_super: 0.00523 — INFEASIBLE (li_recovered=0.000e+00), time: 0.0021875950005778577
L: 0.50, u_super: 0.00115, sec: 62.952, prod: 0.024667, t_ads: 165.1, t_des: 144.5, bed_util_ads: 0.491, bed_util_des: 0.490, des_th: 0.4899671626939677,frac_lost: 0.106, li_recovered:  7.638, time: 0.009196675000566756
L: 0.50, u_super: 0.00603, sec: 363.567, prod: 0.125725, t_ads: 32.2, t_des: 36.8, bed_util_ads: 0.469, bed_util_des: 0.468, des_th: 0.4681722112975839,frac_lost: 0.100, li_recovered:  8.673, time: 0.008810766999886255
L: 0.50, u_super: 0.00935, sec: 635.918, prod: 0.180572, t_ads: 20.9, t_des: 27.4, bed_util_ads: 0.453, bed_util_des: 0.452, des_th: 0.45223249471892585,frac_lost: 0.103, li_recovered:  8.718, time: 0.009296512000219082
L: 0.50, u_super: 0.00311, sec: 167.492, prod: 0.069679, t_ads: 62.0, t_des: 57.8, bed_util_ads: 0.492, bed_util_des: 0.491, des_th: 0.4913740273614285,frac_lost: 0.101, li_recovered:  8.349, time: 0.008933537001212244
L: 0.50, u_super: 0.00351, sec: 190.977, prod: 0.078587, t_ads: 55.3, t_des: 48.8, bed_util_ads: 0.500, bed_util_des: 0.499, des_th: 0.49938017262556506,frac_lost: 0.106, li_recovered:  8.184, time: 0.007173383999543148
L: 0.50, u_super: 0.00775, sec: 439.733, prod: 0.175714, t_ads: 25.0, t_des: 22.4, bed_util_ads: 0.500, bed_util_des: 0.500, des_th: 0.4999880738878584,frac_lost: 0.100, li_recovered:  8.325, time: 0.007911013999546412
L: 0.50, u_super: 0.00393, sec: 214.275, prod: 0.088145, t_ads: 49.6, t_des: 44.2, bed_util_ads: 0.499, bed_util_des: 0.499, des_th: 0.4987106863496129,frac_lost: 0.108, li_recovered:  8.267, time: 0.004475841000385117
L: 0.50, u_super: 0.00572, sec: 316.802, prod: 0.129238, t_ads: 34.0, t_des: 30.7, bed_util_ads: 0.498, bed_util_des: 0.498, des_th: 0.4976773272675858,frac_lost: 0.103, li_recovered:  8.363, time: 0.005203239999900688
L: 0.50, u_super: 0.00395, sec: 215.101, prod: 0.088742, t_ads: 49.2, t_des: 44.4, bed_util_ads: 0.497, bed_util_des: 0.497, des_th: 0.49685904478067777,frac_lost: 0.106, li_recovered:  8.310, time: 0.004755322999699274
L: 0.50, u_super: 0.00094 — INFEASIBLE (li_recovered=0.000e+00), time: 0.0029160659996705363
L: 0.50, u_super: 0.00092 — INFEASIBLE (li_recovered=0.000e+00), time: 0.002624304999699234
L: 0.50, u_super: 0.00332, sec: 1377.072, prod: 0.009731, t_ads: 59.0, t_des: 843.6, bed_util_ads: 0.198, bed_util_des: 0.190, des_th: 0.18995879119816464,frac_lost: 0.103, li_recovered:  8.784, time: 0.028379391000271426
L: 0.50, u_super: 0.00225, sec: 121.098, prod: 0.050070, t_ads: 85.7, t_des: 79.0, bed_util_ads: 0.492, bed_util_des: 0.491, des_th: 0.49152680140368077,frac_lost: 0.106, li_recovered:  8.247, time: 0.00504972899943823
L: 0.50, u_super: 0.00800, sec: 455.731, prod: 0.180911, t_ads: 24.5, t_des: 22.2, bed_util_ads: 0.500, bed_util_des: 0.500, des_th: 0.49957066465877725,frac_lost: 0.107, li_recovered:  8.439, time: 0.004705282999566407
L: 0.50, u_super: 0.00572, sec: 317.325, prod: 0.128893, t_ads: 33.9, t_des: 32.1, bed_util_ads: 0.493, bed_util_des: 0.492, des_th: 0.4923890326381808,frac_lost: 0.102, li_recovered:  8.517, time: 0.0044607919990085065
L: 9.38, u_super: 0.00005 — INFEASIBLE (li_recovered=0.000e+00), time: 0.0007626779988640919
L: 0.50, u_super: 0.00766, sec: 433.899, prod: 0.173781, t_ads: 25.3, t_des: 23.4, bed_util_ads: 0.497, bed_util_des: 0.497, des_th: 0.49679757470326225,frac_lost: 0.101, li_recovered:  8.477, time: 0.003479529001197079
L: 0.50, u_super: 0.00092 — INFEASIBLE (li_recovered=0.000e+00), time: 0.0026521420004428364
L: 0.50, u_super: 0.00265, sec: 143.490, prod: 0.058581, t_ads: 72.9, t_des: 63.2, bed_util_ads: 0.500, bed_util_des: 0.500, des_th: 0.4999839532135844,frac_lost: 0.104, li_recovered:  7.972, time: 0.005354102000637795
L: 11.57, u_super: 0.00417 — INFEASIBLE (li_recovered=0.000e+00), time: 0.001360031999865896
L: 0.50, u_super: 0.00266, sec: 143.888, prod: 0.058900, t_ads: 72.4, t_des: 62.9, bed_util_ads: 0.500, bed_util_des: 0.499, des_th: 0.49942132725883337,frac_lost: 0.101, li_recovered:  7.972, time: 0.003255472000091686
L: 0.50, u_super: 0.00959, sec: 557.014, prod: 0.217296, t_ads: 20.3, t_des: 18.9, bed_util_ads: 0.496, bed_util_des: 0.496, des_th: 0.49595471791190304,frac_lost: 0.104, li_recovered:  8.529, time: 0.005071524001323269
L: 0.50, u_super: 0.00505, sec: 277.915, prod: 0.113909, t_ads: 38.4, t_des: 34.4, bed_util_ads: 0.500, bed_util_des: 0.500, des_th: 0.49960732323261103,frac_lost: 0.103, li_recovered:  8.295, time: 0.004281716999685159
L: 0.50, u_super: 0.00808, sec: 461.108, prod: 0.182825, t_ads: 24.2, t_des: 21.8, bed_util_ads: 0.500, bed_util_des: 0.500, des_th: 0.4999487923795301,frac_lost: 0.106, li_recovered:  8.405, time: 0.0045532759995694505
L: 0.50, u_super: 0.00603, sec: 335.328, prod: 0.136313, t_ads: 32.2, t_des: 29.9, bed_util_ads: 0.496, bed_util_des: 0.496, des_th: 0.49575682448894387,frac_lost: 0.103, li_recovered:  8.465, time: 0.005197108001084416
L: 0.50, u_super: 0.00062, sec: 36.012, prod: 0.012288, t_ads: 301.6, t_des: 336.4, bed_util_ads: 0.447, bed_util_des: 0.442, des_th: 0.44240949540309704,frac_lost: 0.105, li_recovered:  7.840, time: 0.006117891000030795
L: 0.50, u_super: 0.00058 — INFEASIBLE (li_recovered=0.000e+00), time: 0.004311311000492424
L: 0.50, u_super: 0.00017 — INFEASIBLE (li_recovered=0.000e+00), time: 0.0030615870000474388
L: 0.50, u_super: 0.00549, sec: 303.326, prod: 0.123970, t_ads: 35.3, t_des: 31.6, bed_util_ads: 0.500, bed_util_des: 0.500, des_th: 0.4998654483435436,frac_lost: 0.102, li_recovered:  8.301, time: 0.006409073999748216
L: 0.50, u_super: 0.00930, sec: 580.248, prod: 0.195329, t_ads: 21.0, t_des: 23.6, bed_util_ads: 0.472, bed_util_des: 0.472, des_th: 0.4716496622274132,frac_lost: 0.104, li_recovered:  8.711, time: 0.009152716000244254
L: 0.50, u_super: 0.00005 — INFEASIBLE (li_recovered=0.000e+00), time: 0.001371607999317348
L: 6.33, u_super: 0.00350 — INFEASIBLE (li_recovered=0.000e+00), time: 0.002664415000253939
L: 0.50, u_super: 0.00292, sec: 158.224, prod: 0.064801, t_ads: 66.1, t_des: 57.4, bed_util_ads: 0.500, bed_util_des: 0.500, des_th: 0.4997956117158762,frac_lost: 0.102, li_recovered:  8.003, time: 0.006216214000232867
L: 0.50, u_super: 0.00802, sec: 4054.532, prod: 0.020451, t_ads: 24.4, t_des: 404.8, bed_util_ads: 0.189, bed_util_des: 0.185, des_th: 0.1851696623157332,frac_lost: 0.101, li_recovered:  8.778, time: 0.05838522400154034
L: 0.50, u_super: 0.00511, sec: 281.326, prod: 0.115352, t_ads: 37.9, t_des: 34.0, bed_util_ads: 0.499, bed_util_des: 0.499, des_th: 0.4992925314551331,frac_lost: 0.102, li_recovered:  8.295, time: 0.006887438999910955
L: 0.50, u_super: 0.00035 — INFEASIBLE (li_recovered=0.000e+00), time: 0.0022871319997648243
   328 |    13120 |     40 |  0.0011933360 |             f
L: 0.50, u_super: 0.00292, sec: 157.351, prod: 0.065161, t_ads: 66.3, t_des: 59.5, bed_util_ads: 0.496, bed_util_des: 0.496, des_th: 0.4960213278579199,frac_lost: 0.104, li_recovered:  8.197, time: 0.005087669998829369
L: 25.35, u_super: 0.00246 — INFEASIBLE (li_recovered=0.000e+00), time: 0.0014767400007258402
L: 0.50, u_super: 0.00480, sec: 263.323, prod: 0.108314, t_ads: 40.4, t_des: 36.6, bed_util_ads: 0.498, bed_util_des: 0.497, des_th: 0.49739233040849484,frac_lost: 0.103, li_recovered:  8.345, time: 0.0046097079994069645
L: 0.50, u_super: 0.00005, sec: 4.734, prod: 0.000612, t_ads: 2707.5, t_des: 3823.3, bed_util_ads: 0.254, bed_util_des: 0.219, des_th: 0.2194473053312735,frac_lost: 0.100, li_recovered:  3.994, time: 0.004667692999646533
L: 0.50, u_super: 0.00138, sec: 75.152, prod: 0.029976, t_ads: 138.3, t_des: 136.5, bed_util_ads: 0.478, bed_util_des: 0.477, des_th: 0.47664805369274943,frac_lost: 0.105, li_recovered:  8.237, time: 0.005788840000604978
L: 0.50, u_super: 0.00835, sec: 477.513, prod: 0.188976, t_ads: 23.4, t_des: 21.2, bed_util_ads: 0.500, bed_util_des: 0.500, des_th: 0.4995816245922066,frac_lost: 0.106, li_recovered:  8.432, time: 0.004393912999148597
L: 24.57, u_super: 0.00726 — INFEASIBLE (li_recovered=0.000e+00), time: 0.0015303079999284819
L: 0.50, u_super: 0.00959, sec: 556.190, prod: 0.217619, t_ads: 20.3, t_des: 18.5, bed_util_ads: 0.499, bed_util_des: 0.499, des_th: 0.49862099639227275,frac_lost: 0.103, li_recovered:  8.444, time: 0.005044703999374178
L: 0.50, u_super: 0.00775, sec: 440.944, prod: 0.175232, t_ads: 25.3, t_des: 22.9, bed_util_ads: 0.499, bed_util_des: 0.499, des_th: 0.49911442992559574,frac_lost: 0.108, li_recovered:  8.434, time: 0.005315836999216117
L: 0.50, u_super: 0.00453, sec: 247.954, prod: 0.102068, t_ads: 42.9, t_des: 38.8, bed_util_ads: 0.497, bed_util_des: 0.497, des_th: 0.49686871371776564,frac_lost: 0.104, li_recovered:  8.334, time: 0.005884968999453122
L: 12.04, u_super: 0.00829 — INFEASIBLE (li_recovered=0.000e+00), time: 0.0036865419988316717
L: 0.50, u_super: 0.00990, sec: 576.628, prod: 0.224571, t_ads: 19.7, t_des: 17.7, bed_util_ads: 0.500, bed_util_des: 0.500, des_th: 0.49994775569905353,frac_lost: 0.103, li_recovered:  8.393, time: 0.005906022999624838
L: 0.50, u_super: 0.00603, sec: 393.493, prod: 0.116163, t_ads: 32.2, t_des: 42.6, bed_util_ads: 0.450, bed_util_des: 0.449, des_th: 0.4493603128336427,frac_lost: 0.100, li_recovered:  8.681, time: 0.008145515999785857
L: 0.50, u_super: 0.00835, sec: 479.331, prod: 0.188259, t_ads: 23.5, t_des: 22.0, bed_util_ads: 0.495, bed_util_des: 0.495, des_th: 0.4945372705986032,frac_lost: 0.108, li_recovered:  8.558, time: 0.00671732999944652
L: 0.50, u_super: 0.00115, sec: 63.393, prod: 0.024420, t_ads: 165.2, t_des: 141.0, bed_util_ads: 0.494, bed_util_des: 0.494, des_th: 0.4937682563348119,frac_lost: 0.106, li_recovered:  7.478, time: 0.007627691000379855
L: 11.46, u_super: 0.00075 — INFEASIBLE (li_recovered=0.000e+00), time: 0.0011321840011078166
L: 2.70, u_super: 0.00607 — INFEASIBLE (li_recovered=0.000e+00), time: 0.0037065750002511777
L: 0.50, u_super: 0.00199, sec: 111.029, prod: 0.042360, t_ads: 97.2, t_des: 102.6, bed_util_ads: 0.473, bed_util_des: 0.472, des_th: 0.4721072378998589,frac_lost: 0.107, li_recovered:  8.461, time: 0.006983430001127999
L: 0.50, u_super: 0.00911, sec: 526.458, prod: 0.206298, t_ads: 21.5, t_des: 19.3, bed_util_ads: 0.500, bed_util_des: 0.500, des_th: 0.4996065924325183,frac_lost: 0.106, li_recovered:  8.410, time: 0.007863388000259874
L: 0.50, u_super: 0.00603, sec: 335.294, prod: 0.136327, t_ads: 32.2, t_des: 28.8, bed_util_ads: 0.499, bed_util_des: 0.499, des_th: 0.4993552420920409,frac_lost: 0.101, li_recovered:  8.308, time: 0.006620741000006092
L: 0.50, u_super: 0.00654, sec: 365.621, prod: 0.147850, t_ads: 29.7, t_des: 26.5, bed_util_ads: 0.500, bed_util_des: 0.500, des_th: 0.49962250051332324,frac_lost: 0.101, li_recovered:  8.306, time: 0.006591528999706497
L: 3.33, u_super: 0.00987, sec: 4062.210, prod: 0.210903, t_ads: 129.1, t_des: 107.4, bed_util_ads: 0.500, bed_util_des: 0.499, des_th: 0.4994257058960097,frac_lost: 0.108, li_recovered:  49.882, time: 0.005865527000423754
L: 0.50, u_super: 0.00523, sec: 288.738, prod: 0.118005, t_ads: 37.0, t_des: 32.8, bed_util_ads: 0.500, bed_util_des: 0.500, des_th: 0.49980092279493127,frac_lost: 0.101, li_recovered:  8.240, time: 0.004976428999725613
L: 0.50, u_super: 0.00485, sec: 312.624, prod: 0.093226, t_ads: 40.0, t_des: 52.9, bed_util_ads: 0.450, bed_util_des: 0.449, des_th: 0.4493135210491423,frac_lost: 0.102, li_recovered:  8.663, time: 0.005821377000756911
L: 0.50, u_super: 0.00858, sec: 492.557, prod: 0.194214, t_ads: 22.8, t_des: 20.7, bed_util_ads: 0.500, bed_util_des: 0.500, des_th: 0.4996626500113744,frac_lost: 0.107, li_recovered:  8.445, time: 0.00542297299944039
L: 0.50, u_super: 0.00859, sec: 493.158, prod: 0.194354, t_ads: 22.8, t_des: 20.7, bed_util_ads: 0.499, bed_util_des: 0.498, des_th: 0.49839208790943584,frac_lost: 0.107, li_recovered:  8.446, time: 0.00623084900144022
L: 0.50, u_super: 0.00436, sec: 238.215, prod: 0.098106, t_ads: 44.6, t_des: 40.4, bed_util_ads: 0.497, bed_util_des: 0.497, des_th: 0.49686871371776564,frac_lost: 0.105, li_recovered:  8.338, time: 0.004736371998660616
L: 0.50, u_super: 0.00115, sec: 62.599, prod: 0.024730, t_ads: 165.5, t_des: 147.0, bed_util_ads: 0.490, bed_util_des: 0.489, des_th: 0.4890316086088811,frac_lost: 0.107, li_recovered:  7.728, time: 0.0058155859987891745
L: 0.50, u_super: 0.00092, sec: 54.936, prod: 0.017987, t_ads: 206.8, t_des: 247.9, bed_util_ads: 0.447, bed_util_des: 0.443, des_th: 0.4430327833430023,frac_lost: 0.106, li_recovered:  8.180, time: 0.004281743000319693
L: 2.54, u_super: 0.00009 — INFEASIBLE (li_recovered=0.000e+00), time: 0.0028943980014446424
L: 0.50, u_super: 0.00062, sec: 34.708, prod: 0.012750, t_ads: 298.2, t_des: 303.0, bed_util_ads: 0.459, bed_util_des: 0.456, des_th: 0.45609442402820694,frac_lost: 0.101, li_recovered:  7.665, time: 0.004301664999729837
L: 0.50, u_super: 0.00066, sec: 40.844, prod: 0.012470, t_ads: 284.7, t_des: 356.3, bed_util_ads: 0.435, bed_util_des: 0.428, des_th: 0.42866557706275066,frac_lost: 0.107, li_recovered:  7.993, time: 0.005127709000589675
L: 0.50, u_super: 0.00143, sec: 78.798, prod: 0.030544, t_ads: 134.2, t_des: 138.1, bed_util_ads: 0.473, bed_util_des: 0.471, des_th: 0.4711950876692307,frac_lost: 0.106, li_recovered:  8.317, time: 0.0049507219991937745
L: 0.50, u_super: 0.00292, sec: 157.826, prod: 0.064965, t_ads: 66.2, t_des: 58.2, bed_util_ads: 0.500, bed_util_des: 0.499, des_th: 0.49933485218016316,frac_lost: 0.103, li_recovered:  8.080, time: 0.0035261009998066584
L: 0.50, u_super: 0.00959, sec: 579.648, prod: 0.208811, t_ads: 20.3, t_des: 21.3, bed_util_ads: 0.482, bed_util_des: 0.481, des_th: 0.4813441886781345,frac_lost: 0.104, li_recovered:  8.702, time: 0.004754740999487694
L: 0.50, u_super: 0.00669, sec: 375.785, prod: 0.151127, t_ads: 29.2, t_des: 26.3, bed_util_ads: 0.499, bed_util_des: 0.499, des_th: 0.4990388990765081,frac_lost: 0.107, li_recovered:  8.383, time: 0.004902372000287869
L: 0.50, u_super: 0.00156, sec: 84.205, prod: 0.034191, t_ads: 122.9, t_des: 110.1, bed_util_ads: 0.492, bed_util_des: 0.491, des_th: 0.4915579829822515,frac_lost: 0.106, li_recovered:  7.965, time: 0.004545591998976306
L: 0.50, u_super: 0.00119, sec: 64.905, prod: 0.025848, t_ads: 158.9, t_des: 142.5, bed_util_ads: 0.488, bed_util_des: 0.487, des_th: 0.48713833310361887,frac_lost: 0.105, li_recovered:  7.791, time: 0.004463507999389549
L: 0.50, u_super: 0.00735, sec: 422.352, prod: 0.163748, t_ads: 26.6, t_des: 26.1, bed_util_ads: 0.490, bed_util_des: 0.489, des_th: 0.48939387976429294,frac_lost: 0.108, li_recovered:  8.640, time: 0.005899847999899066
L: 0.50, u_super: 0.00628, sec: 3009.749, prod: 0.016520, t_ads: 31.1, t_des: 500.3, bed_util_ads: 0.191, bed_util_des: 0.186, des_th: 0.18633539531496746,frac_lost: 0.101, li_recovered:  8.779, time: 0.03582733800067217
   329 |    13160 |     40 |  0.0024953197 |             f
L: 0.50, u_super: 0.00391, sec: 213.414, prod: 0.087736, t_ads: 49.6, t_des: 43.8, bed_util_ads: 0.500, bed_util_des: 0.500, des_th: 0.4998707733214694,frac_lost: 0.105, li_recovered:  8.200, time: 0.004273692000424489
L: 0.50, u_super: 0.00752, sec: 426.577, prod: 0.169992, t_ads: 26.0, t_des: 23.9, bed_util_ads: 0.497, bed_util_des: 0.497, des_th: 0.4969112068012796,frac_lost: 0.107, li_recovered:  8.483, time: 0.003707395000674296
L: 0.50, u_super: 0.00266, sec: 144.044, prod: 0.058836, t_ads: 72.5, t_des: 62.9, bed_util_ads: 0.500, bed_util_des: 0.500, des_th: 0.4995782009902356,frac_lost: 0.103, li_recovered:  7.967, time: 0.004777070000272943
L: 0.50, u_super: 0.00020 — INFEASIBLE (li_recovered=0.000e+00), time: 0.0016741979998187162
L: 0.50, u_super: 0.00225, sec: 121.206, prod: 0.050025, t_ads: 85.8, t_des: 79.9, bed_util_ads: 0.490, bed_util_des: 0.490, des_th: 0.4899336658756719,frac_lost: 0.107, li_recovered:  8.290, time: 0.004022498998892843
L: 0.50, u_super: 0.00444, sec: 1582.975, prod: 0.015313, t_ads: 44.2, t_des: 528.9, bed_util_ads: 0.213, bed_util_des: 0.208, des_th: 0.20766018113865553,frac_lost: 0.104, li_recovered:  8.777, time: 0.023096509001334198
L: 0.50, u_super: 0.00959, sec: 556.173, prod: 0.217625, t_ads: 20.3, t_des: 18.5, bed_util_ads: 0.499, bed_util_des: 0.499, des_th: 0.4988460105701474,frac_lost: 0.103, li_recovered:  8.444, time: 0.005548884000745602
L: 19.70, u_super: 0.00236 — INFEASIBLE (li_recovered=0.000e+00), time: 0.0016341549999197014
L: 0.50, u_super: 0.00603, sec: 414.666, prod: 0.110232, t_ads: 32.5, t_des: 46.4, bed_util_ads: 0.441, bed_util_des: 0.440, des_th: 0.439943420724274,frac_lost: 0.108, li_recovered:  8.696, time: 0.007494564999433351
L: 0.50, u_super: 0.00817, sec: 467.309, prod: 0.184815, t_ads: 23.9, t_des: 22.2, bed_util_ads: 0.496, bed_util_des: 0.496, des_th: 0.49605213282532656,frac_lost: 0.106, li_recovered:  8.523, time: 0.006759363001037855
L: 25.60, u_super: 0.00636 — INFEASIBLE (li_recovered=0.000e+00), time: 0.001934349000293878
L: 0.50, u_super: 0.00042 — INFEASIBLE (li_recovered=0.000e+00), time: 0.0021691370002372423
L: 16.40, u_super: 0.00859 — INFEASIBLE (li_recovered=0.000e+00), time: 0.0030636750016128644
L: 0.50, u_super: 0.00374, sec: 203.460, prod: 0.083942, t_ads: 52.0, t_des: 47.1, bed_util_ads: 0.497, bed_util_des: 0.497, des_th: 0.49685904478067777,frac_lost: 0.108, li_recovered:  8.320, time: 0.006002083000566927
L: 0.50, u_super: 0.00078 — INFEASIBLE (li_recovered=0.000e+00), time: 0.003083052999500069
L: 0.50, u_super: 0.00006 — INFEASIBLE (li_recovered=0.000e+00), time: 0.0009193930000037653
L: 0.50, u_super: 0.00062 — INFEASIBLE (li_recovered=0.000e+00), time: 0.0021288089992594905
L: 0.50, u_super: 0.00333, sec: 179.784, prod: 0.074652, t_ads: 57.9, t_des: 54.7, bed_util_ads: 0.491, bed_util_des: 0.491, des_th: 0.4906351998075036,frac_lost: 0.100, li_recovered:  8.407, time: 0.006949598000574042
L: 0.50, u_super: 0.00930, sec: 544.323, prod: 0.208472, t_ads: 21.0, t_des: 20.4, bed_util_ads: 0.490, bed_util_des: 0.490, des_th: 0.49015606873470424,frac_lost: 0.105, li_recovered:  8.639, time: 0.006781486999898334
L: 0.50, u_super: 0.00859, sec: 493.122, prod: 0.194368, t_ads: 22.8, t_des: 20.9, bed_util_ads: 0.498, bed_util_des: 0.498, des_th: 0.4975755640844863,frac_lost: 0.106, li_recovered:  8.490, time: 0.00605487900065782
L: 0.50, u_super: 0.00719, sec: 410.051, prod: 0.161141, t_ads: 27.2, t_des: 26.2, bed_util_ads: 0.491, bed_util_des: 0.491, des_th: 0.49063963904006874,frac_lost: 0.108, li_recovered:  8.606, time: 0.0067748920009762514
L: 0.50, u_super: 0.00692, sec: 389.565, prod: 0.156343, t_ads: 28.3, t_des: 25.7, bed_util_ads: 0.498, bed_util_des: 0.498, des_th: 0.4978694213696882,frac_lost: 0.107, li_recovered:  8.438, time: 0.00677214800089132
L: 0.50, u_super: 0.00092, sec: 50.280, prod: 0.019653, t_ads: 204.4, t_des: 199.3, bed_util_ads: 0.474, bed_util_des: 0.472, des_th: 0.4718565895749674,frac_lost: 0.102, li_recovered:  7.933, time: 0.00719775200013828
L: 0.50, u_super: 0.00005 — INFEASIBLE (li_recovered=0.000e+00), time: 0.0012157529999967664
L: 0.50, u_super: 0.00558, sec: 308.174, prod: 0.126145, t_ads: 34.7, t_des: 31.5, bed_util_ads: 0.499, bed_util_des: 0.499, des_th: 0.49870222571799744,frac_lost: 0.101, li_recovered:  8.355, time: 0.004621666999810259
L: 0.50, u_super: 0.00981, sec: 570.670, prod: 0.222672, t_ads: 19.9, t_des: 18.1, bed_util_ads: 0.500, bed_util_des: 0.499, des_th: 0.49942132725883337,frac_lost: 0.103, li_recovered:  8.446, time: 0.00533498099866847
L: 29.49, u_super: 0.00172 — INFEASIBLE (li_recovered=0.000e+00), time: 0.0012337150001258124
L: 0.50, u_super: 0.00604, sec: 335.677, prod: 0.136413, t_ads: 32.2, t_des: 28.8, bed_util_ads: 0.500, bed_util_des: 0.500, des_th: 0.49957066465877725,frac_lost: 0.102, li_recovered:  8.325, time: 0.007297833999473369
L: 0.50, u_super: 0.00628, sec: 350.242, prod: 0.141958, t_ads: 30.9, t_des: 27.7, bed_util_ads: 0.500, bed_util_des: 0.500, des_th: 0.49962250051332324,frac_lost: 0.102, li_recovered:  8.318, time: 0.006241557000976172
L: 7.31, u_super: 0.00748 — INFEASIBLE (li_recovered=0.000e+00), time: 0.0036928419995092554
L: 31.11, u_super: 0.00401 — INFEASIBLE (li_recovered=0.000e+00), time: 0.0015220479999698
L: 0.50, u_super: 0.00932, sec: 741.321, prod: 0.153756, t_ads: 20.9, t_des: 35.8, bed_util_ads: 0.420, bed_util_des: 0.419, des_th: 0.4188896777020006,frac_lost: 0.103, li_recovered:  8.727, time: 0.005605260999800521
L: 0.50, u_super: 0.00367, sec: 199.375, prod: 0.082455, t_ads: 52.9, t_des: 47.9, bed_util_ads: 0.496, bed_util_des: 0.496, des_th: 0.4960213278579199,frac_lost: 0.106, li_recovered:  8.311, time: 0.004178354000032414
L: 0.50, u_super: 0.00908, sec: 5345.701, prod: 0.020170, t_ads: 21.6, t_des: 413.8, bed_util_ads: 0.178, bed_util_des: 0.175, des_th: 0.17492588770046874,frac_lost: 0.103, li_recovered:  8.781, time: 0.05223566899985599
L: 0.50, u_super: 0.00587, sec: 357.376, prod: 0.120758, t_ads: 33.1, t_des: 38.7, bed_util_ads: 0.466, bed_util_des: 0.466, des_th: 0.46587436897615425,frac_lost: 0.101, li_recovered:  8.673, time: 0.007887988000220503
L: 0.50, u_super: 0.00351, sec: 191.108, prod: 0.078420, t_ads: 55.5, t_des: 48.9, bed_util_ads: 0.500, bed_util_des: 0.499, des_th: 0.4994408300979256,frac_lost: 0.109, li_recovered:  8.187, time: 0.0055024190005497076
L: 9.33, u_super: 0.00304 — INFEASIBLE (li_recovered=0.000e+00), time: 0.001966450001418707
L: 0.50, u_super: 0.00074, sec: 205.489, prod: 0.003116, t_ads: 266.4, t_des: 2552.7, bed_util_ads: 0.218, bed_util_des: 0.189, des_th: 0.18899644758294235,frac_lost: 0.102, li_recovered:  8.785, time: 0.025580786999853444
L: 0.50, u_super: 0.00246, sec: 132.352, prod: 0.054939, t_ads: 78.2, t_des: 72.3, bed_util_ads: 0.492, bed_util_des: 0.492, des_th: 0.4915579829822515,frac_lost: 0.103, li_recovered:  8.271, time: 0.006357709000440082
L: 0.50, u_super: 0.00183, sec: 98.275, prod: 0.040406, t_ads: 104.4, t_des: 94.0, bed_util_ads: 0.492, bed_util_des: 0.492, des_th: 0.49152680140368077,frac_lost: 0.101, li_recovered:  8.017, time: 0.004629233000741806
   330 |    13200 |     40 |  0.0043427188 |             f
L: 4.95, u_super: 0.00292 — INFEASIBLE (li_recovered=0.000e+00), time: 0.002065104999928735
L: 0.50, u_super: 0.00334, sec: 180.967, prod: 0.074725, t_ads: 58.2, t_des: 52.0, bed_util_ads: 0.497, bed_util_des: 0.497, des_th: 0.4970848310310875,frac_lost: 0.107, li_recovered:  8.237, time: 0.004875594000623096
L: 0.50, u_super: 0.00990, sec: 576.977, prod: 0.224412, t_ads: 19.8, t_des: 17.9, bed_util_ads: 0.500, bed_util_des: 0.499, des_th: 0.4994253824648916,frac_lost: 0.106, li_recovered:  8.446, time: 0.004814685999008361
L: 0.50, u_super: 0.00509, sec: 280.532, prod: 0.114749, t_ads: 38.2, t_des: 34.1, bed_util_ads: 0.500, bed_util_des: 0.500, des_th: 0.4996282261827583,frac_lost: 0.104, li_recovered:  8.294, time: 0.0037339699993026443
L: 0.50, u_super: 0.00085 — INFEASIBLE (li_recovered=0.000e+00), time: 0.0032284740009345114
L: 0.50, u_super: 0.00511, sec: 281.208, prod: 0.115171, t_ads: 38.0, t_des: 34.0, bed_util_ads: 0.500, bed_util_des: 0.500, des_th: 0.499867735803281,frac_lost: 0.103, li_recovered:  8.293, time: 0.004374058000394143
L: 0.50, u_super: 0.00778, sec: 442.624, prod: 0.175846, t_ads: 25.2, t_des: 22.8, bed_util_ads: 0.500, bed_util_des: 0.500, des_th: 0.49957066465877725,frac_lost: 0.108, li_recovered:  8.446, time: 0.004286362998755067
L: 0.50, u_super: 0.00694, sec: 390.950, prod: 0.156729, t_ads: 28.2, t_des: 25.6, bed_util_ads: 0.498, bed_util_des: 0.498, des_th: 0.497707926078729,frac_lost: 0.108, li_recovered:  8.437, time: 0.004792071000338183
L: 0.50, u_super: 0.00412, sec: 224.610, prod: 0.092502, t_ads: 47.2, t_des: 42.0, bed_util_ads: 0.499, bed_util_des: 0.499, des_th: 0.4987106863496129,frac_lost: 0.104, li_recovered:  8.249, time: 0.003848698999718181
L: 0.50, u_super: 0.00166, sec: 89.088, prod: 0.036595, t_ads: 115.1, t_des: 107.2, bed_util_ads: 0.488, bed_util_des: 0.487, des_th: 0.48713833310361887,frac_lost: 0.102, li_recovered:  8.137, time: 0.0043654060009430395
L: 0.50, u_super: 0.00417, sec: 234.400, prod: 0.090764, t_ads: 46.7, t_des: 48.2, bed_util_ads: 0.481, bed_util_des: 0.480, des_th: 0.4805075776722941,frac_lost: 0.104, li_recovered:  8.610, time: 0.004445816000952618
L: 0.50, u_super: 0.00629, sec: 353.668, prod: 0.141229, t_ads: 30.8, t_des: 30.0, bed_util_ads: 0.489, bed_util_des: 0.489, des_th: 0.48875110430086155,frac_lost: 0.101, li_recovered:  8.586, time: 0.005024950998631539
L: 0.50, u_super: 0.00026 — INFEASIBLE (li_recovered=0.000e+00), time: 0.0016955310002231272
L: 7.49, u_super: 0.00098 — INFEASIBLE (li_recovered=0.000e+00), time: 0.000996066999505274
L: 0.50, u_super: 0.00234, sec: 134.640, prod: 0.048476, t_ads: 82.5, t_des: 93.2, bed_util_ads: 0.466, bed_util_des: 0.464, des_th: 0.4642225714824895,frac_lost: 0.103, li_recovered:  8.519, time: 0.006424442000934505
L: 0.50, u_super: 0.00990, sec: 576.839, prod: 0.224489, t_ads: 19.7, t_des: 17.9, bed_util_ads: 0.500, bed_util_des: 0.499, des_th: 0.49944128121090114,frac_lost: 0.105, li_recovered:  8.450, time: 0.0047669920004409505
L: 0.50, u_super: 0.00570, sec: 315.808, prod: 0.128946, t_ads: 34.0, t_des: 30.4, bed_util_ads: 0.500, bed_util_des: 0.500, des_th: 0.49962250051332324,frac_lost: 0.100, li_recovered:  8.304, time: 0.004908831999273389
L: 0.50, u_super: 0.00858, sec: 493.081, prod: 0.194073, t_ads: 22.8, t_des: 20.9, bed_util_ads: 0.498, bed_util_des: 0.498, des_th: 0.49758491852473224,frac_lost: 0.108, li_recovered:  8.496, time: 0.006697257998894202
L: 0.50, u_super: 0.00084, sec: 47.451, prod: 0.017581, t_ads: 219.9, t_des: 188.8, bed_util_ads: 0.487, bed_util_des: 0.487, des_th: 0.48713833310361887,frac_lost: 0.101, li_recovered:  7.186, time: 0.005656642999383621
L: 0.50, u_super: 0.00959, sec: 556.173, prod: 0.217625, t_ads: 20.3, t_des: 18.5, bed_util_ads: 0.499, bed_util_des: 0.499, des_th: 0.4988460105701474,frac_lost: 0.103, li_recovered:  8.444, time: 0.005714109998734784
L: 0.50, u_super: 0.00225, sec: 121.108, prod: 0.050066, t_ads: 85.7, t_des: 78.9, bed_util_ads: 0.492, bed_util_des: 0.492, des_th: 0.49163683012447623,frac_lost: 0.106, li_recovered:  8.240, time: 0.00624274400070135
L: 0.50, u_super: 0.00522, sec: 288.898, prod: 0.117126, t_ads: 37.2, t_des: 35.7, bed_util_ads: 0.491, bed_util_des: 0.491, des_th: 0.4906351998075036,frac_lost: 0.102, li_recovered:  8.544, time: 0.005945460001385072
L: 0.50, u_super: 0.00844, sec: 483.712, prod: 0.190890, t_ads: 23.2, t_des: 21.0, bed_util_ads: 0.500, bed_util_des: 0.500, des_th: 0.499579280910511,frac_lost: 0.107, li_recovered:  8.444, time: 0.007495529000152601
L: 0.50, u_super: 0.00958, sec: 556.625, prod: 0.217178, t_ads: 20.4, t_des: 18.5, bed_util_ads: 0.499, bed_util_des: 0.499, des_th: 0.4988424618171318,frac_lost: 0.106, li_recovered:  8.456, time: 0.006584995999219245
L: 0.50, u_super: 0.00907, sec: 550.601, prod: 0.195546, t_ads: 21.5, t_des: 23.0, bed_util_ads: 0.478, bed_util_des: 0.478, des_th: 0.4780856496399288,frac_lost: 0.105, li_recovered:  8.705, time: 0.004726828999991994
L: 15.90, u_super: 0.00859 — INFEASIBLE (li_recovered=0.000e+00), time: 0.0027030870005546603
L: 0.50, u_super: 0.00654, sec: 365.949, prod: 0.147930, t_ads: 29.7, t_des: 26.5, bed_util_ads: 0.500, bed_util_des: 0.500, des_th: 0.49962250051332324,frac_lost: 0.101, li_recovered:  8.305, time: 0.0061929270013934
L: 0.50, u_super: 0.00572, sec: 316.484, prod: 0.129396, t_ads: 33.9, t_des: 30.8, bed_util_ads: 0.498, bed_util_des: 0.498, des_th: 0.4976773272675858,frac_lost: 0.101, li_recovered:  8.366, time: 0.004684064000684884
L: 0.50, u_super: 0.00692, sec: 388.505, prod: 0.156769, t_ads: 28.1, t_des: 25.4, bed_util_ads: 0.498, bed_util_des: 0.498, des_th: 0.4982942205290375,frac_lost: 0.101, li_recovered:  8.373, time: 0.0045697119985561585
L: 19.75, u_super: 0.00005 — INFEASIBLE (li_recovered=0.000e+00), time: 0.0010531440002523595
L: 0.50, u_super: 0.00981, sec: 571.170, prod: 0.222478, t_ads: 19.9, t_des: 18.1, bed_util_ads: 0.500, bed_util_des: 0.499, des_th: 0.49947623286102466,frac_lost: 0.105, li_recovered:  8.458, time: 0.005475685999044799
L: 0.50, u_super: 0.00202, sec: 129.223, prod: 0.037420, t_ads: 95.6, t_des: 132.0, bed_util_ads: 0.439, bed_util_des: 0.436, des_th: 0.4362822680585793,frac_lost: 0.102, li_recovered:  8.516, time: 0.007398659001410124
L: 0.50, u_super: 0.00535, sec: 295.536, prod: 0.120608, t_ads: 36.4, t_des: 32.5, bed_util_ads: 0.500, bed_util_des: 0.500, des_th: 0.499546244269892,frac_lost: 0.104, li_recovered:  8.301, time: 0.005758727998909308
L: 0.50, u_super: 0.00294, sec: 158.976, prod: 0.065564, t_ads: 65.4, t_des: 57.5, bed_util_ads: 0.499, bed_util_des: 0.498, des_th: 0.49851784767544155,frac_lost: 0.100, li_recovered:  8.061, time: 0.004511328999797115
L: 0.50, u_super: 0.00696, sec: 390.899, prod: 0.157567, t_ads: 27.9, t_des: 24.9, bed_util_ads: 0.500, bed_util_des: 0.500, des_th: 0.499902611155563,frac_lost: 0.100, li_recovered:  8.315, time: 0.0059064649994979845
L: 0.50, u_super: 0.00574, sec: 327.157, prod: 0.126229, t_ads: 33.8, t_des: 34.7, bed_util_ads: 0.483, bed_util_des: 0.482, des_th: 0.48247540857782967,frac_lost: 0.102, li_recovered:  8.642, time: 0.005844493998665712
L: 10.88, u_super: 0.00454 — INFEASIBLE (li_recovered=0.000e+00), time: 0.002497268000297481
L: 0.50, u_super: 0.00398, sec: 217.185, prod: 0.089168, t_ads: 48.9, t_des: 43.1, bed_util_ads: 0.500, bed_util_des: 0.500, des_th: 0.4998707733214694,frac_lost: 0.106, li_recovered:  8.206, time: 0.007633683999301866
L: 3.89, u_super: 0.00156 — INFEASIBLE (li_recovered=0.000e+00), time: 0.001619586999368039
L: 0.50, u_super: 0.00225, sec: 122.618, prod: 0.049522, t_ads: 85.7, t_des: 73.4, bed_util_ads: 0.500, bed_util_des: 0.500, des_th: 0.49993277218868076,frac_lost: 0.107, li_recovered:  7.876, time: 0.005818277999424026
   331 |    13240 |     40 |  0.0008423761 |             f
L: 0.50, u_super: 0.00077, sec: 42.819, prod: 0.016291, t_ads: 240.8, t_des: 241.9, bed_util_ads: 0.467, bed_util_des: 0.465, des_th: 0.4647587443269185,frac_lost: 0.101, li_recovered:  7.864, time: 0.005653023999911966
L: 0.50, u_super: 0.00156, sec: 84.151, prod: 0.034213, t_ads: 122.6, t_des: 110.0, bed_util_ads: 0.492, bed_util_des: 0.492, des_th: 0.4917725899396257,frac_lost: 0.105, li_recovered:  7.957, time: 0.004682524999225279
L: 0.50, u_super: 0.00116, sec: 63.787, prod: 0.024813, t_ads: 163.8, t_des: 141.5, bed_util_ads: 0.492, bed_util_des: 0.492, des_th: 0.49161083952555445,frac_lost: 0.107, li_recovered:  7.575, time: 0.004438028001459315
L: 0.50, u_super: 0.00802, sec: 457.331, prod: 0.181440, t_ads: 24.4, t_des: 21.9, bed_util_ads: 0.500, bed_util_des: 0.500, des_th: 0.4995443428386244,frac_lost: 0.106, li_recovered:  8.388, time: 0.0059892449990002206
L: 0.50, u_super: 0.00005 — INFEASIBLE (li_recovered=0.000e+00), time: 0.00108481600000232
L: 0.50, u_super: 0.00391, sec: 213.180, prod: 0.087832, t_ads: 49.7, t_des: 44.4, bed_util_ads: 0.498, bed_util_des: 0.498, des_th: 0.49786024175760024,frac_lost: 0.106, li_recovered:  8.269, time: 0.004736119999506627
L: 0.50, u_super: 0.00990, sec: 577.030, prod: 0.224414, t_ads: 19.7, t_des: 17.7, bed_util_ads: 0.500, bed_util_des: 0.500, des_th: 0.49987543176392646,frac_lost: 0.105, li_recovered:  8.404, time: 0.0062009789999137865
L: 0.50, u_super: 0.00858, sec: 492.206, prod: 0.194221, t_ads: 22.8, t_des: 20.7, bed_util_ads: 0.500, bed_util_des: 0.500, des_th: 0.49957501987456265,frac_lost: 0.106, li_recovered:  8.445, time: 0.004410178000398446
L: 0.50, u_super: 0.00595, sec: 330.070, prod: 0.134632, t_ads: 32.6, t_des: 29.9, bed_util_ads: 0.497, bed_util_des: 0.497, des_th: 0.49686903494898704,frac_lost: 0.101, li_recovered:  8.417, time: 0.004785301998708746
L: 102.07, u_super: 0.00775 — INFEASIBLE (li_recovered=0.000e+00), time: 0.0009966460002033273
L: 0.50, u_super: 0.00284, sec: 178.038, prod: 0.054559, t_ads: 68.5, t_des: 88.9, bed_util_ads: 0.450, bed_util_des: 0.448, des_th: 0.448278336930676,frac_lost: 0.107, li_recovered:  8.591, time: 0.004832379001527443
L: 32.26, u_super: 0.00719 — INFEASIBLE (li_recovered=0.000e+00), time: 0.0013444640007946873
L: 0.50, u_super: 0.00417, sec: 239.314, prod: 0.088901, t_ads: 46.7, t_des: 50.3, bed_util_ads: 0.476, bed_util_des: 0.475, des_th: 0.4751872342287729,frac_lost: 0.105, li_recovered:  8.627, time: 0.004682012000557734
L: 0.50, u_super: 0.00793, sec: 450.601, prod: 0.179903, t_ads: 24.5, t_des: 22.1, bed_util_ads: 0.500, bed_util_des: 0.500, des_th: 0.4999226630114961,frac_lost: 0.101, li_recovered:  8.383, time: 0.00390999100090994
L: 0.50, u_super: 0.00796, sec: 452.263, prod: 0.180650, t_ads: 24.4, t_des: 22.0, bed_util_ads: 0.500, bed_util_des: 0.500, des_th: 0.4995848831971172,frac_lost: 0.100, li_recovered:  8.379, time: 0.005337940001481911
L: 0.50, u_super: 0.00528, sec: 291.162, prod: 0.119397, t_ads: 36.7, t_des: 33.7, bed_util_ads: 0.496, bed_util_des: 0.496, des_th: 0.49605213282532656,frac_lost: 0.102, li_recovered:  8.406, time: 0.006114661999163218
L: 65.22, u_super: 0.00248 — INFEASIBLE (li_recovered=0.000e+00), time: 0.001026165000439505
L: 0.50, u_super: 0.00935, sec: 541.030, prod: 0.211889, t_ads: 20.9, t_des: 19.0, bed_util_ads: 0.500, bed_util_des: 0.500, des_th: 0.4995833361165693,frac_lost: 0.105, li_recovered:  8.454, time: 0.005899403999137576
L: 20.36, u_super: 0.00453 — INFEASIBLE (li_recovered=0.000e+00), time: 0.001419803000317188
L: 0.50, u_super: 0.00623, sec: 349.614, prod: 0.139762, t_ads: 31.2, t_des: 30.2, bed_util_ads: 0.490, bed_util_des: 0.490, des_th: 0.48982039956008,frac_lost: 0.102, li_recovered:  8.582, time: 0.004234256999552599
L: 34.24, u_super: 0.00194 — INFEASIBLE (li_recovered=0.000e+00), time: 0.0010539720005908748
L: 0.50, u_super: 0.00031, sec: 19.438, prod: 0.005857, t_ads: 541.4, t_des: 527.0, bed_util_ads: 0.439, bed_util_des: 0.436, des_th: 0.4362822680585793,frac_lost: 0.101, li_recovered:  6.257, time: 0.0034793169998010853
L: 0.50, u_super: 0.00959, sec: 556.981, prod: 0.217476, t_ads: 20.4, t_des: 18.5, bed_util_ads: 0.499, bed_util_des: 0.499, des_th: 0.4988723323513806,frac_lost: 0.105, li_recovered:  8.449, time: 0.00407955300033791
L: 0.50, u_super: 0.00931, sec: 6168.938, prod: 0.018407, t_ads: 21.1, t_des: 456.1, bed_util_ads: 0.169, bed_util_des: 0.166, des_th: 0.16625230561034135,frac_lost: 0.103, li_recovered:  8.782, time: 0.03998800199951802
L: 11.41, u_super: 0.00669 — INFEASIBLE (li_recovered=0.000e+00), time: 0.0019967030002590036
L: 0.50, u_super: 0.00206, sec: 110.940, prod: 0.045494, t_ads: 93.9, t_des: 89.0, bed_util_ads: 0.487, bed_util_des: 0.486, des_th: 0.4861589537997232,frac_lost: 0.107, li_recovered:  8.317, time: 0.004811501999938628
L: 26.91, u_super: 0.00878 — INFEASIBLE (li_recovered=0.000e+00), time: 0.0013971309999760706
L: 0.50, u_super: 0.00403, sec: 226.373, prod: 0.087746, t_ads: 48.3, t_des: 49.8, bed_util_ads: 0.480, bed_util_des: 0.480, des_th: 0.479851136616375,frac_lost: 0.106, li_recovered:  8.605, time: 0.004061352999997325
L: 0.50, u_super: 0.00417, sec: 227.457, prod: 0.093535, t_ads: 46.7, t_des: 41.7, bed_util_ads: 0.499, bed_util_des: 0.499, des_th: 0.4987106863496129,frac_lost: 0.106, li_recovered:  8.271, time: 0.0032598840007267427
L: 0.50, u_super: 0.00628, sec: 350.202, prod: 0.142025, t_ads: 31.0, t_des: 28.0, bed_util_ads: 0.500, bed_util_des: 0.499, des_th: 0.49938017262556506,frac_lost: 0.103, li_recovered:  8.374, time: 0.004217300000163959
L: 0.50, u_super: 0.00572, sec: 316.887, prod: 0.129232, t_ads: 34.0, t_des: 30.7, bed_util_ads: 0.498, bed_util_des: 0.498, des_th: 0.49769475495060517,frac_lost: 0.103, li_recovered:  8.358, time: 0.0038844619994051754
L: 0.50, u_super: 0.00347, sec: 187.593, prod: 0.077794, t_ads: 55.7, t_des: 52.5, bed_util_ads: 0.492, bed_util_des: 0.491, des_th: 0.4913740273614285,frac_lost: 0.101, li_recovered:  8.414, time: 0.0040297309988091
L: 0.50, u_super: 0.00990, sec: 576.312, prod: 0.224694, t_ads: 19.7, t_des: 17.7, bed_util_ads: 0.500, bed_util_des: 0.499, des_th: 0.4994071087204935,frac_lost: 0.103, li_recovered:  8.399, time: 0.0039303689991356805
L: 0.50, u_super: 0.00098, sec: 53.880, prod: 0.020853, t_ads: 191.9, t_des: 169.5, bed_util_ads: 0.488, bed_util_des: 0.487, des_th: 0.48713833310361887,frac_lost: 0.103, li_recovered:  7.535, time: 0.003676139000162948
L: 0.50, u_super: 0.00005, sec: 4.332, prod: 0.000668, t_ads: 3402.0, t_des: 5777.8, bed_util_ads: 0.251, bed_util_des: 0.185, des_th: 0.1851696623157332,frac_lost: 0.100, li_recovered:  6.135, time: 0.005454760999782593
L: 0.50, u_super: 0.00954, sec: 553.227, prod: 0.216277, t_ads: 20.5, t_des: 18.6, bed_util_ads: 0.499, bed_util_des: 0.499, des_th: 0.49903841254352127,frac_lost: 0.105, li_recovered:  8.450, time: 0.004706391999206971
L: 22.09, u_super: 0.00239 — INFEASIBLE (li_recovered=0.000e+00), time: 0.0009341219993075356
L: 0.50, u_super: 0.00680, sec: 383.008, prod: 0.153535, t_ads: 28.8, t_des: 26.4, bed_util_ads: 0.497, bed_util_des: 0.497, des_th: 0.4969024748737341,frac_lost: 0.109, li_recovered:  8.470, time: 0.005436367000584141
L: 0.50, u_super: 0.00419, sec: 228.653, prod: 0.094202, t_ads: 46.3, t_des: 41.4, bed_util_ads: 0.499, bed_util_des: 0.499, des_th: 0.4989868545497402,frac_lost: 0.104, li_recovered:  8.266, time: 0.003965072999562835
L: 0.50, u_super: 0.00717, sec: 404.906, prod: 0.161999, t_ads: 27.3, t_des: 24.8, bed_util_ads: 0.498, bed_util_des: 0.498, des_th: 0.497707926078729,frac_lost: 0.108, li_recovered:  8.445, time: 0.004650518001653836
   332 |    13280 |     40 |  0.0018329551 |             f
L: 0.50, u_super: 0.00353, sec: 192.165, prod: 0.078950, t_ads: 55.1, t_des: 52.0, bed_util_ads: 0.492, bed_util_des: 0.491, des_th: 0.4913740273614285,frac_lost: 0.107, li_recovered:  8.457, time: 0.006666511999355862
L: 0.50, u_super: 0.00122, sec: 66.521, prod: 0.026185, t_ads: 156.1, t_des: 136.3, bed_util_ads: 0.492, bed_util_des: 0.492, des_th: 0.49161083952555445,frac_lost: 0.105, li_recovered:  7.656, time: 0.005377563998990809
L: 1.15, u_super: 0.00156 — INFEASIBLE (li_recovered=0.000e+00), time: 0.0024249289999715984
L: 0.50, u_super: 0.00384, sec: 209.571, prod: 0.086065, t_ads: 50.6, t_des: 44.6, bed_util_ads: 0.500, bed_util_des: 0.500, des_th: 0.4995833361165693,frac_lost: 0.106, li_recovered:  8.195, time: 0.00479983699915465
L: 0.50, u_super: 0.00777, sec: 441.471, prod: 0.175632, t_ads: 25.2, t_des: 22.6, bed_util_ads: 0.500, bed_util_des: 0.500, des_th: 0.49985783868533307,frac_lost: 0.106, li_recovered:  8.393, time: 0.0058254039995517815
L: 0.50, u_super: 0.00531, sec: 292.956, prod: 0.119794, t_ads: 36.6, t_des: 32.7, bed_util_ads: 0.500, bed_util_des: 0.499, des_th: 0.49950998481372705,frac_lost: 0.103, li_recovered:  8.305, time: 0.005519608999748016
L: 0.50, u_super: 0.00717, sec: 403.563, prod: 0.162670, t_ads: 27.0, t_des: 24.8, bed_util_ads: 0.498, bed_util_des: 0.498, des_th: 0.4976773661468749,frac_lost: 0.100, li_recovered:  8.432, time: 0.005594021000433713
L: 0.50, u_super: 0.00528, sec: 291.162, prod: 0.119397, t_ads: 36.7, t_des: 33.7, bed_util_ads: 0.496, bed_util_des: 0.496, des_th: 0.49605213282532656,frac_lost: 0.102, li_recovered:  8.406, time: 0.004614843001036206
L: 0.50, u_super: 0.00005, sec: 4.331, prod: 0.000669, t_ads: 3400.5, t_des: 5784.7, bed_util_ads: 0.251, bed_util_des: 0.185, des_th: 0.1851696623157332,frac_lost: 0.100, li_recovered:  6.140, time: 0.006087116000344395
L: 39.48, u_super: 0.00157 — INFEASIBLE (li_recovered=0.000e+00), time: 0.0010589619996608235
L: 0.50, u_super: 0.00535, sec: 295.445, prod: 0.120905, t_ads: 36.2, t_des: 32.5, bed_util_ads: 0.500, bed_util_des: 0.499, des_th: 0.49938017262556506,frac_lost: 0.102, li_recovered:  8.306, time: 0.0048121969994099345
L: 21.97, u_super: 0.00562 — INFEASIBLE (li_recovered=0.000e+00), time: 0.001313611999648856
L: 0.50, u_super: 0.00164, sec: 88.480, prod: 0.036114, t_ads: 116.3, t_des: 104.5, bed_util_ads: 0.492, bed_util_des: 0.491, des_th: 0.4913412589575267,frac_lost: 0.103, li_recovered:  7.976, time: 0.004662743998778751
L: 22.54, u_super: 0.00435 — INFEASIBLE (li_recovered=0.000e+00), time: 0.0014481180005532224
L: 0.50, u_super: 0.00036, sec: 85.598, prod: 0.001749, t_ads: 557.4, t_des: 4498.9, bed_util_ads: 0.219, bed_util_des: 0.168, des_th: 0.16839599476336922,frac_lost: 0.103, li_recovered:  8.842, time: 0.023281857000256423
L: 0.50, u_super: 0.00908, sec: 523.935, prod: 0.205768, t_ads: 21.5, t_des: 19.6, bed_util_ads: 0.500, bed_util_des: 0.500, des_th: 0.4996246777585186,frac_lost: 0.105, li_recovered:  8.452, time: 0.006083914999180706
L: 0.50, u_super: 0.00391, sec: 213.443, prod: 0.087724, t_ads: 49.7, t_des: 43.9, bed_util_ads: 0.500, bed_util_des: 0.500, des_th: 0.4998882205570354,frac_lost: 0.106, li_recovered:  8.205, time: 0.005907585000386462
L: 0.50, u_super: 0.00453, sec: 253.470, prod: 0.099755, t_ads: 42.9, t_des: 43.4, bed_util_ads: 0.483, bed_util_des: 0.483, des_th: 0.48286042460116746,frac_lost: 0.103, li_recovered:  8.605, time: 0.004823569999643951
L: 0.50, u_super: 0.00225, sec: 121.025, prod: 0.050100, t_ads: 85.5, t_des: 78.3, bed_util_ads: 0.492, bed_util_des: 0.492, des_th: 0.4917723811388249,frac_lost: 0.105, li_recovered:  8.205, time: 0.0052070689998799935
L: 0.50, u_super: 0.00898, sec: 517.346, prod: 0.203469, t_ads: 21.8, t_des: 19.8, bed_util_ads: 0.499, bed_util_des: 0.499, des_th: 0.49938017262556506,frac_lost: 0.105, li_recovered:  8.446, time: 0.006485967000116943
L: 12.50, u_super: 0.00741 — INFEASIBLE (li_recovered=0.000e+00), time: 0.002975346000312129
L: 0.50, u_super: 0.00838, sec: 480.458, prod: 0.189574, t_ads: 23.4, t_des: 21.4, bed_util_ads: 0.497, bed_util_des: 0.497, des_th: 0.496900002582681,frac_lost: 0.107, li_recovered:  8.492, time: 0.007252364001033129
L: 0.50, u_super: 0.00927, sec: 536.308, prod: 0.209979, t_ads: 21.1, t_des: 19.1, bed_util_ads: 0.500, bed_util_des: 0.500, des_th: 0.49971435571043954,frac_lost: 0.106, li_recovered:  8.438, time: 0.007209101000626106
L: 0.50, u_super: 0.00669, sec: 375.990, prod: 0.151045, t_ads: 29.3, t_des: 26.5, bed_util_ads: 0.499, bed_util_des: 0.499, des_th: 0.49917016017248367,frac_lost: 0.109, li_recovered:  8.427, time: 0.006748116000380833
L: 0.50, u_super: 0.00572, sec: 316.597, prod: 0.129350, t_ads: 33.9, t_des: 30.8, bed_util_ads: 0.498, bed_util_des: 0.498, des_th: 0.4976773272675858,frac_lost: 0.102, li_recovered:  8.369, time: 0.009194731001116452
L: 0.50, u_super: 0.00347, sec: 188.099, prod: 0.077585, t_ads: 56.1, t_des: 52.5, bed_util_ads: 0.492, bed_util_des: 0.492, des_th: 0.49201473967347714,frac_lost: 0.106, li_recovered:  8.423, time: 0.011014653000529506
L: 0.50, u_super: 0.00987, sec: 575.048, prod: 0.223699, t_ads: 19.8, t_des: 17.8, bed_util_ads: 0.500, bed_util_des: 0.500, des_th: 0.49984998321623614,frac_lost: 0.105, li_recovered:  8.405, time: 0.009868955999991158
L: 0.50, u_super: 0.00344, sec: 186.771, prod: 0.077125, t_ads: 56.5, t_des: 51.0, bed_util_ads: 0.496, bed_util_des: 0.496, des_th: 0.49605213282532656,frac_lost: 0.108, li_recovered:  8.295, time: 0.007920158999695559
L: 0.50, u_super: 0.00116 — INFEASIBLE (li_recovered=0.000e+00), time: 0.0030374499983736314
L: 0.50, u_super: 0.00571, sec: 316.069, prod: 0.129059, t_ads: 34.0, t_des: 30.9, bed_util_ads: 0.498, bed_util_des: 0.498, des_th: 0.49771007596069317,frac_lost: 0.102, li_recovered:  8.379, time: 0.007460863998858258
L: 0.50, u_super: 0.00156, sec: 84.368, prod: 0.034237, t_ads: 122.7, t_des: 109.8, bed_util_ads: 0.493, bed_util_des: 0.492, des_th: 0.49203681812980415,frac_lost: 0.107, li_recovered:  7.959, time: 0.012128867998399073
L: 1.41, u_super: 0.00835, sec: 1365.699, prod: 0.186120, t_ads: 65.0, t_des: 57.2, bed_util_ads: 0.500, bed_util_des: 0.500, des_th: 0.4996609384870117,frac_lost: 0.101, li_recovered:  22.734, time: 0.009191615999952774
L: 0.50, u_super: 0.00896, sec: 516.608, prod: 0.203103, t_ads: 21.8, t_des: 19.8, bed_util_ads: 0.500, bed_util_des: 0.500, des_th: 0.4995833361165693,frac_lost: 0.105, li_recovered:  8.447, time: 0.00728172199887922
L: 0.50, u_super: 0.00436, sec: 238.161, prod: 0.098123, t_ads: 44.6, t_des: 40.2, bed_util_ads: 0.498, bed_util_des: 0.498, des_th: 0.49758491852473224,frac_lost: 0.105, li_recovered:  8.321, time: 0.007467592000466539
L: 0.50, u_super: 0.00549, sec: 309.135, prod: 0.121640, t_ads: 35.4, t_des: 35.5, bed_util_ads: 0.485, bed_util_des: 0.485, des_th: 0.4847560553907763,frac_lost: 0.103, li_recovered:  8.619, time: 0.007004043998676934
L: 19.45, u_super: 0.00775 — INFEASIBLE (li_recovered=0.000e+00), time: 0.008231546000388335
L: 0.50, u_super: 0.00669, sec: 410.496, prod: 0.138348, t_ads: 29.2, t_des: 33.6, bed_util_ads: 0.469, bed_util_des: 0.469, des_th: 0.4688734089050873,frac_lost: 0.107, li_recovered:  8.692, time: 0.008569744000851642
L: 0.50, u_super: 0.00279, sec: 150.101, prod: 0.062311, t_ads: 69.2, t_des: 64.7, bed_util_ads: 0.492, bed_util_des: 0.491, des_th: 0.4913740273614285,frac_lost: 0.103, li_recovered:  8.347, time: 0.01448965100098576
L: 0.50, u_super: 0.00156, sec: 85.670, prod: 0.033606, t_ads: 122.5, t_des: 103.3, bed_util_ads: 0.500, bed_util_des: 0.499, des_th: 0.499493607053492,frac_lost: 0.105, li_recovered:  7.590, time: 0.009725654999783728
L: 0.50, u_super: 0.00044 — INFEASIBLE (li_recovered=0.000e+00), time: 0.0042335350008215755
   333 |    13320 |     40 |  0.0036056837 |             f
L: 0.50, u_super: 0.00005, sec: 4.511, prod: 0.000642, t_ads: 2986.3, t_des: 4444.5, bed_util_ads: 0.256, bed_util_des: 0.210, des_th: 0.21020694153319566,frac_lost: 0.101, li_recovered:  4.769, time: 0.005854368999280268
L: 61.76, u_super: 0.00469 — INFEASIBLE (li_recovered=0.000e+00), time: 0.000903486001334386
L: 0.50, u_super: 0.00172, sec: 92.967, prod: 0.037857, t_ads: 110.9, t_des: 98.2, bed_util_ads: 0.495, bed_util_des: 0.494, des_th: 0.49433568864415894,frac_lost: 0.102, li_recovered:  7.915, time: 0.0046772719997534296
L: 0.50, u_super: 0.00662, sec: 370.310, prod: 0.149959, t_ads: 29.3, t_des: 26.5, bed_util_ads: 0.499, bed_util_des: 0.499, des_th: 0.4990388990765081,frac_lost: 0.101, li_recovered:  8.373, time: 0.004295388000173261
L: 0.50, u_super: 0.00436, sec: 238.695, prod: 0.097903, t_ads: 44.7, t_des: 39.7, bed_util_ads: 0.500, bed_util_des: 0.500, des_th: 0.4996397486724261,frac_lost: 0.107, li_recovered:  8.264, time: 0.004467288999876473
L: 61.50, u_super: 0.00628 — INFEASIBLE (li_recovered=0.000e+00), time: 0.0013895610009058146
L: 55.48, u_super: 0.00557 — INFEASIBLE (li_recovered=0.000e+00), time: 0.0010645389993442222
L: 1.93, u_super: 0.00959, sec: 2200.114, prod: 0.211919, t_ads: 77.6, t_des: 67.2, bed_util_ads: 0.500, bed_util_des: 0.500, des_th: 0.49953102378613395,frac_lost: 0.106, li_recovered:  30.695, time: 0.0036683729995274916
L: 0.50, u_super: 0.00802, sec: 457.771, prod: 0.181266, t_ads: 24.5, t_des: 22.1, bed_util_ads: 0.500, bed_util_des: 0.500, des_th: 0.4995492875837241,frac_lost: 0.109, li_recovered:  8.441, time: 0.004128085998672759
L: 0.50, u_super: 0.00005, sec: 4.332, prod: 0.000668, t_ads: 3402.0, t_des: 5777.8, bed_util_ads: 0.251, bed_util_des: 0.185, des_th: 0.1851696623157332,frac_lost: 0.100, li_recovered:  6.135, time: 0.004981292000593385
L: 0.50, u_super: 0.00597, sec: 331.201, prod: 0.135084, t_ads: 32.5, t_des: 29.8, bed_util_ads: 0.496, bed_util_des: 0.496, des_th: 0.49605213282532656,frac_lost: 0.101, li_recovered:  8.415, time: 0.0035786910011665896
L: 25.27, u_super: 0.00900 — INFEASIBLE (li_recovered=0.000e+00), time: 0.00114667600064422
L: 0.50, u_super: 0.00990, sec: 576.697, prod: 0.224544, t_ads: 19.7, t_des: 17.8, bed_util_ads: 0.500, bed_util_des: 0.500, des_th: 0.4999624649344166,frac_lost: 0.104, li_recovered:  8.412, time: 0.004800005001015961
L: 0.50, u_super: 0.00453, sec: 247.964, prod: 0.101918, t_ads: 43.0, t_des: 39.2, bed_util_ads: 0.496, bed_util_des: 0.496, des_th: 0.49605213282532656,frac_lost: 0.106, li_recovered:  8.381, time: 0.0039296230006584665
L: 0.50, u_super: 0.00671, sec: 412.158, prod: 0.138607, t_ads: 28.9, t_des: 33.7, bed_util_ads: 0.466, bed_util_des: 0.466, des_th: 0.46558236121301905,frac_lost: 0.100, li_recovered:  8.683, time: 0.0038382940001611132
L: 0.50, u_super: 0.00411, sec: 224.442, prod: 0.092039, t_ads: 47.4, t_des: 44.8, bed_util_ads: 0.492, bed_util_des: 0.491, des_th: 0.4913740273614285,frac_lost: 0.105, li_recovered:  8.482, time: 0.005086974999358063
L: 0.50, u_super: 0.00694, sec: 389.538, prod: 0.157261, t_ads: 28.0, t_des: 25.3, bed_util_ads: 0.499, bed_util_des: 0.499, des_th: 0.4989354127295894,frac_lost: 0.101, li_recovered:  8.368, time: 0.0035612989995570388
L: 29.71, u_super: 0.00927 — INFEASIBLE (li_recovered=0.000e+00), time: 0.0010855740001716185
L: 25.22, u_super: 0.00843 — INFEASIBLE (li_recovered=0.000e+00), time: 0.001239547998920898
L: 0.50, u_super: 0.00725, sec: 409.912, prod: 0.163624, t_ads: 27.0, t_des: 24.2, bed_util_ads: 0.500, bed_util_des: 0.500, des_th: 0.4999335979789184,frac_lost: 0.108, li_recovered:  8.387, time: 0.006952044999707141
L: 0.50, u_super: 0.00194, sec: 104.673, prod: 0.042757, t_ads: 99.6, t_des: 95.0, bed_util_ads: 0.487, bed_util_des: 0.486, des_th: 0.4861589537997232,frac_lost: 0.108, li_recovered:  8.319, time: 0.0049080320004577516
L: 0.50, u_super: 0.00693, sec: 389.339, prod: 0.156815, t_ads: 28.0, t_des: 25.0, bed_util_ads: 0.500, bed_util_des: 0.500, des_th: 0.499902611155563,frac_lost: 0.101, li_recovered:  8.311, time: 0.0053079439985594945
L: 0.50, u_super: 0.00549, sec: 303.412, prod: 0.123935, t_ads: 35.4, t_des: 31.7, bed_util_ads: 0.500, bed_util_des: 0.500, des_th: 0.4998534032729485,frac_lost: 0.102, li_recovered:  8.309, time: 0.005157469000550918
L: 0.50, u_super: 0.00990, sec: 576.705, prod: 0.224541, t_ads: 19.7, t_des: 17.9, bed_util_ads: 0.500, bed_util_des: 0.499, des_th: 0.49941638251373377,frac_lost: 0.105, li_recovered:  8.452, time: 0.0076497600002767285
L: 0.50, u_super: 0.00391, sec: 213.180, prod: 0.087832, t_ads: 49.7, t_des: 44.4, bed_util_ads: 0.498, bed_util_des: 0.498, des_th: 0.49786024175760024,frac_lost: 0.106, li_recovered:  8.269, time: 0.00647418500011554
L: 0.50, u_super: 0.00898, sec: 518.441, prod: 0.203370, t_ads: 21.8, t_des: 19.7, bed_util_ads: 0.500, bed_util_des: 0.500, des_th: 0.4995833361165693,frac_lost: 0.107, li_recovered:  8.447, time: 0.004940800999975181
L: 27.66, u_super: 0.00809 — INFEASIBLE (li_recovered=0.000e+00), time: 0.0018154259996663313
L: 0.50, u_super: 0.00225, sec: 121.697, prod: 0.049823, t_ads: 85.5, t_des: 82.7, bed_util_ads: 0.485, bed_util_des: 0.484, des_th: 0.48408773279225115,frac_lost: 0.104, li_recovered:  8.384, time: 0.005817264000143041
L: 0.50, u_super: 0.00529, sec: 291.365, prod: 0.119461, t_ads: 36.7, t_des: 33.6, bed_util_ads: 0.497, bed_util_des: 0.497, des_th: 0.49686871371776564,frac_lost: 0.102, li_recovered:  8.399, time: 0.004935400000249501
L: 35.70, u_super: 0.00075 — INFEASIBLE (li_recovered=0.000e+00), time: 0.0012874630010628607
L: 0.50, u_super: 0.00474, sec: 262.571, prod: 0.105631, t_ads: 41.0, t_des: 40.1, bed_util_ads: 0.488, bed_util_des: 0.487, des_th: 0.4875048763374571,frac_lost: 0.104, li_recovered:  8.571, time: 0.005775097999503487
L: 0.50, u_super: 0.00961, sec: 557.750, prod: 0.217778, t_ads: 20.3, t_des: 18.3, bed_util_ads: 0.500, bed_util_des: 0.500, des_th: 0.4998122790505466,frac_lost: 0.104, li_recovered:  8.403, time: 0.006802346999393194
L: 0.50, u_super: 0.00417, sec: 241.844, prod: 0.088228, t_ads: 46.6, t_des: 51.2, bed_util_ads: 0.472, bed_util_des: 0.472, des_th: 0.47167099482299163,frac_lost: 0.105, li_recovered:  8.630, time: 0.00597881000066991
L: 0.50, u_super: 0.00225, sec: 169.218, prod: 0.035832, t_ads: 86.2, t_des: 153.6, bed_util_ads: 0.409, bed_util_des: 0.405, des_th: 0.405491270759592,frac_lost: 0.105, li_recovered:  8.589, time: 0.007440196999596083
L: 0.50, u_super: 0.00782, sec: 445.650, prod: 0.176720, t_ads: 25.1, t_des: 22.4, bed_util_ads: 0.500, bed_util_des: 0.500, des_th: 0.4998508500097256,frac_lost: 0.109, li_recovered:  8.389, time: 0.005168378000234952
L: 0.50, u_super: 0.00055 — INFEASIBLE (li_recovered=0.000e+00), time: 0.003199439001036808
L: 0.50, u_super: 0.00344, sec: 186.692, prod: 0.077157, t_ads: 56.5, t_des: 51.0, bed_util_ads: 0.496, bed_util_des: 0.496, des_th: 0.49605213282532656,frac_lost: 0.107, li_recovered:  8.292, time: 0.004296278999390779
L: 7.22, u_super: 0.00485 — INFEASIBLE (li_recovered=0.000e+00), time: 0.0029399249997368315
L: 0.50, u_super: 0.00703, sec: 554.028, prod: 0.113705, t_ads: 27.7, t_des: 48.9, bed_util_ads: 0.415, bed_util_des: 0.414, des_th: 0.41393715200344655,frac_lost: 0.102, li_recovered:  8.711, time: 0.008122909001031076
L: 0.50, u_super: 0.00033, sec: 20.218, prod: 0.006096, t_ads: 540.5, t_des: 623.2, bed_util_ads: 0.420, bed_util_des: 0.412, des_th: 0.41226007821231025,frac_lost: 0.103, li_recovered:  7.094, time: 0.005648139000186347
   334 |    13360 |     40 |  0.0016930407 |             f
L: 0.50, u_super: 0.00394, sec: 214.822, prod: 0.088261, t_ads: 49.3, t_des: 46.7, bed_util_ads: 0.492, bed_util_des: 0.491, des_th: 0.4913740273614285,frac_lost: 0.104, li_recovered:  8.476, time: 0.004912943999443087
L: 0.50, u_super: 0.00255, sec: 137.729, prod: 0.056516, t_ads: 75.8, t_des: 66.5, bed_util_ads: 0.499, bed_util_des: 0.499, des_th: 0.49874392610634294,frac_lost: 0.105, li_recovered:  8.041, time: 0.007173453999712365
L: 0.50, u_super: 0.00828, sec: 475.287, prod: 0.186487, t_ads: 23.6, t_des: 22.4, bed_util_ads: 0.493, bed_util_des: 0.493, des_th: 0.4927079775225227,frac_lost: 0.105, li_recovered:  8.583, time: 0.005872658999578562
L: 0.50, u_super: 0.00990, sec: 577.675, prod: 0.224164, t_ads: 19.7, t_des: 18.4, bed_util_ads: 0.496, bed_util_des: 0.496, des_th: 0.4957478154949313,frac_lost: 0.105, li_recovered:  8.542, time: 0.005780827999842586
L: 0.50, u_super: 0.00023 — INFEASIBLE (li_recovered=0.000e+00), time: 0.0017860620009741979
L: 0.50, u_super: 0.00679, sec: 425.010, prod: 0.137752, t_ads: 28.8, t_des: 34.3, bed_util_ads: 0.464, bed_util_des: 0.464, des_th: 0.46377610987588497,frac_lost: 0.107, li_recovered:  8.695, time: 0.005873766000149772
L: 0.50, u_super: 0.00983, sec: 611.210, prod: 0.208674, t_ads: 19.8, t_des: 21.9, bed_util_ads: 0.474, bed_util_des: 0.474, des_th: 0.47395889862568374,frac_lost: 0.102, li_recovered:  8.711, time: 0.004853426000408945
L: 0.50, u_super: 0.00225, sec: 122.082, prod: 0.049666, t_ads: 85.8, t_des: 74.4, bed_util_ads: 0.500, bed_util_des: 0.499, des_th: 0.4993529185630422,frac_lost: 0.107, li_recovered:  7.954, time: 0.00425993200042285
L: 0.50, u_super: 0.00156, sec: 84.215, prod: 0.034187, t_ads: 122.9, t_des: 110.1, bed_util_ads: 0.492, bed_util_des: 0.492, des_th: 0.4917288958205406,frac_lost: 0.107, li_recovered:  7.964, time: 0.005291464000038104
L: 0.50, u_super: 0.00549, sec: 310.811, prod: 0.121092, t_ads: 35.3, t_des: 35.9, bed_util_ads: 0.484, bed_util_des: 0.484, des_th: 0.48355332464918044,frac_lost: 0.102, li_recovered:  8.631, time: 0.0046472650010400685
L: 0.50, u_super: 0.00292, sec: 157.144, prod: 0.065247, t_ads: 66.1, t_des: 59.4, bed_util_ads: 0.496, bed_util_des: 0.496, des_th: 0.49601731592571363,frac_lost: 0.102, li_recovered:  8.190, time: 0.004427515001225402
L: 0.50, u_super: 0.00845, sec: 484.587, prod: 0.191209, t_ads: 23.1, t_des: 20.7, bed_util_ads: 0.500, bed_util_des: 0.500, des_th: 0.4999409234820571,frac_lost: 0.107, li_recovered:  8.389, time: 0.0041915959991456475
L: 6.18, u_super: 0.00097 — INFEASIBLE (li_recovered=0.000e+00), time: 0.0014003140004206216
L: 0.50, u_super: 0.00147, sec: 79.739, prod: 0.032122, t_ads: 129.8, t_des: 115.0, bed_util_ads: 0.492, bed_util_des: 0.492, des_th: 0.4917725899396257,frac_lost: 0.106, li_recovered:  7.866, time: 0.0063925600006768946
L: 0.50, u_super: 0.00859, sec: 492.973, prod: 0.194427, t_ads: 22.8, t_des: 20.9, bed_util_ads: 0.498, bed_util_des: 0.498, des_th: 0.49757774915627434,frac_lost: 0.106, li_recovered:  8.495, time: 0.00385551199906331
L: 0.50, u_super: 0.00663, sec: 375.486, prod: 0.148558, t_ads: 29.5, t_des: 28.4, bed_util_ads: 0.492, bed_util_des: 0.491, des_th: 0.4912535573309475,frac_lost: 0.108, li_recovered:  8.597, time: 0.004960791000485187
L: 43.38, u_super: 0.00005 — INFEASIBLE (li_recovered=0.000e+00), time: 0.000899655000466737
L: 0.50, u_super: 0.00122, sec: 66.552, prod: 0.026172, t_ads: 156.2, t_des: 136.2, bed_util_ads: 0.492, bed_util_des: 0.492, des_th: 0.49161083952555445,frac_lost: 0.106, li_recovered:  7.651, time: 0.004388031999042141
L: 0.50, u_super: 0.00345, sec: 186.422, prod: 0.077436, t_ads: 55.9, t_des: 50.3, bed_util_ads: 0.496, bed_util_des: 0.496, des_th: 0.49605213282532656,frac_lost: 0.100, li_recovered:  8.227, time: 0.005136879000929184
L: 0.50, u_super: 0.00123, sec: 68.852, prod: 0.025950, t_ads: 154.3, t_des: 127.2, bed_util_ads: 0.499, bed_util_des: 0.498, des_th: 0.4985369447432769,frac_lost: 0.107, li_recovered:  7.305, time: 0.0070896310007810825
L: 0.50, u_super: 0.00591, sec: 331.530, prod: 0.132233, t_ads: 32.8, t_des: 32.2, bed_util_ads: 0.489, bed_util_des: 0.488, des_th: 0.48851874144487234,frac_lost: 0.101, li_recovered:  8.595, time: 0.006432369998947252
L: 0.50, u_super: 0.00882, sec: 636.982, prod: 0.159150, t_ads: 22.1, t_des: 32.6, bed_util_ads: 0.438, bed_util_des: 0.437, des_th: 0.43738884375800696,frac_lost: 0.104, li_recovered:  8.719, time: 0.006662423000307172
L: 0.50, u_super: 0.00094 — INFEASIBLE (li_recovered=0.000e+00), time: 0.0021623560005537
L: 0.50, u_super: 0.00662, sec: 371.614, prod: 0.149433, t_ads: 29.6, t_des: 27.1, bed_util_ads: 0.497, bed_util_des: 0.497, des_th: 0.49674789854428314,frac_lost: 0.108, li_recovered:  8.466, time: 0.005815982000058284
L: 6.39, u_super: 0.00005 — INFEASIBLE (li_recovered=0.000e+00), time: 0.0009606509993318468
L: 0.50, u_super: 0.00599, sec: 332.271, prod: 0.135527, t_ads: 32.4, t_des: 29.5, bed_util_ads: 0.497, bed_util_des: 0.497, des_th: 0.4969127287127633,frac_lost: 0.101, li_recovered:  8.379, time: 0.005177488999834168
L: 0.50, u_super: 0.00521, sec: 286.919, prod: 0.117414, t_ads: 37.3, t_des: 33.4, bed_util_ads: 0.500, bed_util_des: 0.500, des_th: 0.4998654483435436,frac_lost: 0.103, li_recovered:  8.307, time: 0.005476912001540768
L: 0.50, u_super: 0.00453, sec: 302.910, prod: 0.083550, t_ads: 43.2, t_des: 60.5, bed_util_ads: 0.443, bed_util_des: 0.441, des_th: 0.441444300355189,frac_lost: 0.108, li_recovered:  8.669, time: 0.00596898099865939
L: 0.50, u_super: 0.00225, sec: 126.700, prod: 0.047856, t_ads: 85.7, t_des: 91.9, bed_util_ads: 0.473, bed_util_des: 0.471, des_th: 0.47138680322452764,frac_lost: 0.104, li_recovered:  8.500, time: 0.005883465999431792
L: 23.51, u_super: 0.00384 — INFEASIBLE (li_recovered=0.000e+00), time: 0.0012010999998892657
L: 0.50, u_super: 0.00802, sec: 457.459, prod: 0.181390, t_ads: 24.4, t_des: 21.9, bed_util_ads: 0.500, bed_util_des: 0.500, des_th: 0.4998085049416195,frac_lost: 0.107, li_recovered:  8.392, time: 0.004236179000145057
L: 0.50, u_super: 0.00117, sec: 72.791, prod: 0.021975, t_ads: 164.2, t_des: 215.0, bed_util_ads: 0.440, bed_util_des: 0.436, des_th: 0.4362044707127511,frac_lost: 0.105, li_recovered:  8.332, time: 0.006306397999651381
L: 0.50, u_super: 0.00546, sec: 301.605, prod: 0.123400, t_ads: 35.5, t_des: 32.0, bed_util_ads: 0.500, bed_util_des: 0.499, des_th: 0.49938017262556506,frac_lost: 0.102, li_recovered:  8.327, time: 0.00435767199996917
L: 0.50, u_super: 0.00353, sec: 191.930, prod: 0.079047, t_ads: 55.1, t_des: 51.5, bed_util_ads: 0.492, bed_util_des: 0.491, des_th: 0.49138118699623384,frac_lost: 0.107, li_recovered:  8.430, time: 0.006088071999329259
L: 0.50, u_super: 0.00411, sec: 224.198, prod: 0.092139, t_ads: 47.2, t_des: 41.7, bed_util_ads: 0.500, bed_util_des: 0.500, des_th: 0.4999549596183149,frac_lost: 0.104, li_recovered:  8.197, time: 0.004274499000530341
L: 0.50, u_super: 0.00662, sec: 2823.990, prod: 0.019664, t_ads: 29.6, t_des: 416.8, bed_util_ads: 0.201, bed_util_des: 0.197, des_th: 0.1972300334154861,frac_lost: 0.104, li_recovered:  8.780, time: 0.03447327799949562
L: 0.50, u_super: 0.00311, sec: 167.486, prod: 0.069681, t_ads: 62.0, t_des: 58.0, bed_util_ads: 0.492, bed_util_des: 0.491, des_th: 0.49135775847161517,frac_lost: 0.101, li_recovered:  8.360, time: 0.007224664999739616
L: 3.61, u_super: 0.00353 — INFEASIBLE (li_recovered=0.000e+00), time: 0.004155114000241156
L: 0.50, u_super: 0.00835, sec: 478.098, prod: 0.188745, t_ads: 23.5, t_des: 21.3, bed_util_ads: 0.500, bed_util_des: 0.500, des_th: 0.4996366148200383,frac_lost: 0.108, li_recovered:  8.447, time: 0.007151996998800314
L: 0.50, u_super: 0.00066 — INFEASIBLE (li_recovered=0.000e+00), time: 0.0025488020000921097
   335 |    13400 |     40 |  0.0026784186 |             f
L: 0.50, u_super: 0.00453, sec: 248.055, prod: 0.102109, t_ads: 42.9, t_des: 38.7, bed_util_ads: 0.498, bed_util_des: 0.498, des_th: 0.49759056274438845,frac_lost: 0.104, li_recovered:  8.330, time: 0.006099047999668983
L: 0.50, u_super: 0.00826, sec: 475.714, prod: 0.185635, t_ads: 23.7, t_des: 22.7, bed_util_ads: 0.492, bed_util_des: 0.491, des_th: 0.49135775847161517,frac_lost: 0.105, li_recovered:  8.608, time: 0.007087780000802013
L: 0.50, u_super: 0.00679, sec: 382.219, prod: 0.153183, t_ads: 28.9, t_des: 25.9, bed_util_ads: 0.500, bed_util_des: 0.499, des_th: 0.49938017262556506,frac_lost: 0.109, li_recovered:  8.385, time: 0.007351562999247108
L: 19.73, u_super: 0.00990 — INFEASIBLE (li_recovered=0.000e+00), time: 0.0035196469998481916
L: 0.50, u_super: 0.00890, sec: 635.008, prod: 0.162731, t_ads: 21.9, t_des: 31.7, bed_util_ads: 0.441, bed_util_des: 0.440, des_th: 0.44030224731800083,frac_lost: 0.103, li_recovered:  8.718, time: 0.005670323998856475
L: 0.50, u_super: 0.00116, sec: 64.825, prod: 0.024415, t_ads: 163.2, t_des: 135.5, bed_util_ads: 0.497, bed_util_des: 0.497, des_th: 0.49665966573231296,frac_lost: 0.105, li_recovered:  7.293, time: 0.004992615000446676
L: 0.50, u_super: 0.00896, sec: 516.608, prod: 0.203103, t_ads: 21.8, t_des: 19.8, bed_util_ads: 0.500, bed_util_des: 0.500, des_th: 0.4995833361165693,frac_lost: 0.105, li_recovered:  8.447, time: 0.004743966001115041
L: 0.50, u_super: 0.00062 — INFEASIBLE (li_recovered=0.000e+00), time: 0.0024605729995528236
L: 0.50, u_super: 0.00122, sec: 66.685, prod: 0.026213, t_ads: 156.0, t_des: 136.0, bed_util_ads: 0.492, bed_util_des: 0.491, des_th: 0.49135913734170494,frac_lost: 0.106, li_recovered:  7.654, time: 0.004685464999056421
L: 0.50, u_super: 0.00729, sec: 415.985, prod: 0.163470, t_ads: 26.8, t_des: 25.8, bed_util_ads: 0.492, bed_util_des: 0.491, des_th: 0.49138118699623384,frac_lost: 0.107, li_recovered:  8.607, time: 0.005541030001040781
L: 58.49, u_super: 0.00919 — INFEASIBLE (li_recovered=0.000e+00), time: 0.0016281999996863306
L: 0.50, u_super: 0.00005, sec: 4.436, prod: 0.000653, t_ads: 3691.7, t_des: 7353.6, bed_util_ads: 0.242, bed_util_des: 0.158, des_th: 0.15841481674585847,frac_lost: 0.101, li_recovered:  7.208, time: 0.006146343999716919
L: 0.50, u_super: 0.00689, sec: 386.752, prod: 0.156017, t_ads: 28.1, t_des: 25.2, bed_util_ads: 0.500, bed_util_des: 0.500, des_th: 0.4998654483435436,frac_lost: 0.100, li_recovered:  8.317, time: 0.004723146001197165
L: 0.50, u_super: 0.00989, sec: 576.411, prod: 0.224416, t_ads: 19.7, t_des: 17.9, bed_util_ads: 0.500, bed_util_des: 0.499, des_th: 0.4994871475613601,frac_lost: 0.105, li_recovered:  8.450, time: 0.005247086999588646
L: 22.89, u_super: 0.00635 — INFEASIBLE (li_recovered=0.000e+00), time: 0.003228074001526693
L: 1.75, u_super: 0.00485, sec: 989.991, prod: 0.103316, t_ads: 138.3, t_des: 115.0, bed_util_ads: 0.500, bed_util_des: 0.500, des_th: 0.4996246777585186,frac_lost: 0.108, li_recovered:  26.167, time: 0.005625469000733574
L: 0.50, u_super: 0.00595, sec: 330.070, prod: 0.134632, t_ads: 32.6, t_des: 29.9, bed_util_ads: 0.497, bed_util_des: 0.497, des_th: 0.4968690564738776,frac_lost: 0.101, li_recovered:  8.417, time: 0.004806216000361019
L: 12.92, u_super: 0.00368 — INFEASIBLE (li_recovered=0.000e+00), time: 0.0026229800005239667
L: 0.50, u_super: 0.00312, sec: 168.226, prod: 0.070034, t_ads: 61.8, t_des: 57.1, bed_util_ads: 0.493, bed_util_des: 0.493, des_th: 0.4927079775225227,frac_lost: 0.101, li_recovered:  8.325, time: 0.005570948000240605
L: 59.39, u_super: 0.00549 — INFEASIBLE (li_recovered=0.000e+00), time: 0.001682325000729179
L: 0.50, u_super: 0.00934, sec: 541.009, prod: 0.211545, t_ads: 21.0, t_des: 19.0, bed_util_ads: 0.500, bed_util_des: 0.500, des_th: 0.4998127004647594,frac_lost: 0.107, li_recovered:  8.446, time: 0.004767274998812354
L: 0.50, u_super: 0.00635, sec: 354.590, prod: 0.143367, t_ads: 30.7, t_des: 27.4, bed_util_ads: 0.500, bed_util_des: 0.500, des_th: 0.4996246777585186,frac_lost: 0.104, li_recovered:  8.323, time: 0.005323335000866791
L: 0.50, u_super: 0.00019 — INFEASIBLE (li_recovered=0.000e+00), time: 0.0024108840007102117
L: 0.50, u_super: 0.00775, sec: 441.283, prod: 0.175097, t_ads: 25.3, t_des: 22.7, bed_util_ads: 0.500, bed_util_des: 0.500, des_th: 0.49955086499373025,frac_lost: 0.109, li_recovered:  8.405, time: 0.004079230999195715
L: 0.50, u_super: 0.00156, sec: 84.151, prod: 0.034213, t_ads: 122.6, t_des: 110.0, bed_util_ads: 0.492, bed_util_des: 0.492, des_th: 0.4917725899396257,frac_lost: 0.105, li_recovered:  7.957, time: 0.006185046000609873
L: 0.50, u_super: 0.00005, sec: 4.331, prod: 0.000669, t_ads: 3400.5, t_des: 5784.7, bed_util_ads: 0.251, bed_util_des: 0.185, des_th: 0.1851696623157332,frac_lost: 0.100, li_recovered:  6.140, time: 0.008775197999057127
L: 0.50, u_super: 0.00151, sec: 85.053, prod: 0.031597, t_ads: 127.0, t_des: 138.0, bed_util_ads: 0.467, bed_util_des: 0.465, des_th: 0.4649273470132053,frac_lost: 0.104, li_recovered:  8.371, time: 0.006327828999928897
L: 0.50, u_super: 0.00340, sec: 184.416, prod: 0.076206, t_ads: 57.2, t_des: 51.6, bed_util_ads: 0.497, bed_util_des: 0.497, des_th: 0.4969018523610336,frac_lost: 0.108, li_recovered:  8.291, time: 0.004891676999250194
L: 0.50, u_super: 0.00292, sec: 157.318, prod: 0.065175, t_ads: 66.2, t_des: 62.4, bed_util_ads: 0.491, bed_util_des: 0.490, des_th: 0.4901866547800231,frac_lost: 0.103, li_recovered:  8.385, time: 0.0071924700005183695
L: 0.50, u_super: 0.00181, sec: 98.912, prod: 0.039472, t_ads: 105.7, t_des: 90.1, bed_util_ads: 0.499, bed_util_des: 0.499, des_th: 0.49867677141829203,frac_lost: 0.104, li_recovered:  7.729, time: 0.004611305999787874
L: 0.50, u_super: 0.00989, sec: 576.165, prod: 0.224437, t_ads: 19.7, t_des: 17.9, bed_util_ads: 0.500, bed_util_des: 0.499, des_th: 0.49942132725883337,frac_lost: 0.104, li_recovered:  8.448, time: 0.005822347999128397
L: 0.50, u_super: 0.00797, sec: 453.159, prod: 0.180720, t_ads: 24.4, t_des: 22.0, bed_util_ads: 0.500, bed_util_des: 0.500, des_th: 0.499902611155563,frac_lost: 0.102, li_recovered:  8.382, time: 0.004832366999835358
L: 0.50, u_super: 0.00410, sec: 224.280, prod: 0.091892, t_ads: 47.5, t_des: 41.9, bed_util_ads: 0.500, bed_util_des: 0.500, des_th: 0.4999549596183149,frac_lost: 0.107, li_recovered:  8.214, time: 0.0052289949999249075
L: 0.50, u_super: 0.00336, sec: 182.551, prod: 0.075149, t_ads: 57.8, t_des: 51.1, bed_util_ads: 0.500, bed_util_des: 0.500, des_th: 0.4997994446811566,frac_lost: 0.107, li_recovered:  8.182, time: 0.005535530999623006
L: 0.50, u_super: 0.00607, sec: 337.516, prod: 0.137094, t_ads: 32.0, t_des: 28.6, bed_util_ads: 0.500, bed_util_des: 0.500, des_th: 0.4995852595043946,frac_lost: 0.102, li_recovered:  8.304, time: 0.006845176001661457
L: 0.50, u_super: 0.00752, sec: 426.507, prod: 0.170020, t_ads: 26.0, t_des: 23.6, bed_util_ads: 0.499, bed_util_des: 0.499, des_th: 0.4987286486040819,frac_lost: 0.107, li_recovered:  8.441, time: 0.006188187000589096
L: 0.50, u_super: 0.00869, sec: 499.422, prod: 0.196760, t_ads: 22.5, t_des: 20.4, bed_util_ads: 0.500, bed_util_des: 0.500, des_th: 0.4996246777585186,frac_lost: 0.106, li_recovered:  8.451, time: 0.006061370000679744
L: 0.50, u_super: 0.00979, sec: 569.469, prod: 0.222038, t_ads: 19.9, t_des: 18.1, bed_util_ads: 0.499, bed_util_des: 0.499, des_th: 0.4990036460540309,frac_lost: 0.104, li_recovered:  8.440, time: 0.006318424999335548
L: 0.50, u_super: 0.00156, sec: 84.151, prod: 0.034213, t_ads: 122.6, t_des: 110.0, bed_util_ads: 0.492, bed_util_des: 0.492, des_th: 0.4917725899396257,frac_lost: 0.105, li_recovered:  7.957, time: 0.004241480000928277
L: 0.50, u_super: 0.00499, sec: 274.424, prod: 0.112377, t_ads: 39.0, t_des: 34.8, bed_util_ads: 0.500, bed_util_des: 0.500, des_th: 0.49952430043451795,frac_lost: 0.104, li_recovered:  8.284, time: 0.004375946999061853
   336 |    13440 |     40 |  0.0023726437 |             f
L: 0.50, u_super: 0.00005 — INFEASIBLE (li_recovered=0.000e+00), time: 0.0011627219992078608
L: 11.61, u_super: 0.00959 — INFEASIBLE (li_recovered=0.000e+00), time: 0.002789819000099669
L: 8.90, u_super: 0.00775 — INFEASIBLE (li_recovered=0.000e+00), time: 0.0024212160005845362
L: 0.50, u_super: 0.00043, sec: 25.070, prod: 0.008404, t_ads: 422.0, t_des: 452.2, bed_util_ads: 0.441, bed_util_des: 0.436, des_th: 0.4362822680585793,frac_lost: 0.103, li_recovered:  7.347, time: 0.004478205999475904
L: 0.50, u_super: 0.00206, sec: 110.316, prod: 0.045708, t_ads: 92.9, t_des: 84.7, bed_util_ads: 0.492, bed_util_des: 0.492, des_th: 0.4917723811388249,frac_lost: 0.100, li_recovered:  8.119, time: 0.004077363999385852
L: 27.73, u_super: 0.00712 — INFEASIBLE (li_recovered=0.000e+00), time: 0.0011829659997601993
L: 0.50, u_super: 0.00262, sec: 142.405, prod: 0.058093, t_ads: 73.6, t_des: 63.7, bed_util_ads: 0.500, bed_util_des: 0.499, des_th: 0.49942132725883337,frac_lost: 0.105, li_recovered:  7.973, time: 0.004986246000044048
L: 0.50, u_super: 0.00538, sec: 297.104, prod: 0.121488, t_ads: 36.0, t_des: 32.3, bed_util_ads: 0.500, bed_util_des: 0.500, des_th: 0.4998654483435436,frac_lost: 0.102, li_recovered:  8.300, time: 0.0049686040001688525
L: 62.52, u_super: 0.00585 — INFEASIBLE (li_recovered=0.000e+00), time: 0.0008604390004620655
L: 0.50, u_super: 0.00480, sec: 264.104, prod: 0.108038, t_ads: 40.4, t_des: 38.3, bed_util_ads: 0.492, bed_util_des: 0.492, des_th: 0.49158830633215955,frac_lost: 0.102, li_recovered:  8.502, time: 0.004719205999208498
L: 0.50, u_super: 0.00817, sec: 469.168, prod: 0.183851, t_ads: 24.0, t_des: 22.8, bed_util_ads: 0.494, bed_util_des: 0.493, des_th: 0.4934668363347609,frac_lost: 0.107, li_recovered:  8.589, time: 0.006834529000116163
L: 0.50, u_super: 0.00423, sec: 292.349, prod: 0.075081, t_ads: 46.3, t_des: 69.1, bed_util_ads: 0.435, bed_util_des: 0.433, des_th: 0.4330989092002736,frac_lost: 0.108, li_recovered:  8.666, time: 0.008636065000246163
L: 62.65, u_super: 0.00520 — INFEASIBLE (li_recovered=0.000e+00), time: 0.0009461810004722793
L: 0.50, u_super: 0.00384, sec: 209.900, prod: 0.085558, t_ads: 50.7, t_des: 48.8, bed_util_ads: 0.490, bed_util_des: 0.489, des_th: 0.4892443441941851,frac_lost: 0.106, li_recovered:  8.512, time: 0.005965329999526148
L: 0.50, u_super: 0.00709, sec: 400.173, prod: 0.159987, t_ads: 27.7, t_des: 25.1, bed_util_ads: 0.498, bed_util_des: 0.498, des_th: 0.49815683924950144,frac_lost: 0.109, li_recovered:  8.440, time: 0.0055087159998947755
L: 0.50, u_super: 0.00926, sec: 535.717, prod: 0.209622, t_ads: 21.2, t_des: 19.2, bed_util_ads: 0.500, bed_util_des: 0.500, des_th: 0.4998127004647594,frac_lost: 0.107, li_recovered:  8.453, time: 0.00471970800026611
L: 0.50, u_super: 0.00762, sec: 431.199, prod: 0.172803, t_ads: 25.5, t_des: 23.0, bed_util_ads: 0.500, bed_util_des: 0.499, des_th: 0.4994174854197986,frac_lost: 0.101, li_recovered:  8.372, time: 0.005085847998998361
L: 0.50, u_super: 0.00611, sec: 340.144, prod: 0.138302, t_ads: 31.7, t_des: 28.5, bed_util_ads: 0.500, bed_util_des: 0.499, des_th: 0.49942132725883337,frac_lost: 0.101, li_recovered:  8.325, time: 0.004183994000413804
L: 0.50, u_super: 0.00521, sec: 1969.874, prod: 0.017102, t_ads: 37.7, t_des: 475.6, bed_util_ads: 0.209, bed_util_des: 0.204, des_th: 0.20447120247427694,frac_lost: 0.103, li_recovered:  8.777, time: 0.04620136499943328
L: 0.86, u_super: 0.00552, sec: 532.561, prod: 0.123297, t_ads: 60.3, t_des: 53.0, bed_util_ads: 0.499, bed_util_des: 0.499, des_th: 0.4990388990765081,frac_lost: 0.102, li_recovered:  13.969, time: 0.005846152000231086
L: 25.23, u_super: 0.00752 — INFEASIBLE (li_recovered=0.000e+00), time: 0.0026932630007650005
L: 0.50, u_super: 0.00375, sec: 204.210, prod: 0.083922, t_ads: 51.9, t_des: 45.9, bed_util_ads: 0.500, bed_util_des: 0.500, des_th: 0.4995833361165693,frac_lost: 0.107, li_recovered:  8.210, time: 0.006162781999591971
L: 0.50, u_super: 0.00225, sec: 121.563, prod: 0.049921, t_ads: 85.7, t_des: 81.8, bed_util_ads: 0.487, bed_util_des: 0.486, des_th: 0.4861589537997232,frac_lost: 0.106, li_recovered:  8.360, time: 0.007349027000600472
L: 0.50, u_super: 0.00449, sec: 246.167, prod: 0.100884, t_ads: 43.4, t_des: 38.6, bed_util_ads: 0.500, bed_util_des: 0.500, des_th: 0.49996673051846796,frac_lost: 0.107, li_recovered:  8.271, time: 0.005662810999638168
L: 0.50, u_super: 0.00990, sec: 576.458, prod: 0.224638, t_ads: 19.7, t_des: 17.9, bed_util_ads: 0.500, bed_util_des: 0.499, des_th: 0.49942132725883337,frac_lost: 0.104, li_recovered:  8.452, time: 0.004670432999773766
L: 25.33, u_super: 0.00870 — INFEASIBLE (li_recovered=0.000e+00), time: 0.0018005649999395246
L: 14.20, u_super: 0.00869 — INFEASIBLE (li_recovered=0.000e+00), time: 0.002962746000775951
L: 0.50, u_super: 0.00742, sec: 422.602, prod: 0.166909, t_ads: 26.4, t_des: 25.0, bed_util_ads: 0.493, bed_util_des: 0.493, des_th: 0.4927749895557044,frac_lost: 0.107, li_recovered:  8.580, time: 0.006049384999641916
L: 0.50, u_super: 0.00225, sec: 122.483, prod: 0.049504, t_ads: 85.7, t_des: 73.5, bed_util_ads: 0.500, bed_util_des: 0.500, des_th: 0.4996519122448273,frac_lost: 0.107, li_recovered:  7.885, time: 0.0047457140008191345
L: 0.50, u_super: 0.00679, sec: 381.880, prod: 0.153300, t_ads: 28.8, t_des: 26.2, bed_util_ads: 0.499, bed_util_des: 0.499, des_th: 0.49884881322124647,frac_lost: 0.108, li_recovered:  8.439, time: 0.006863571999929263
L: 0.50, u_super: 0.00050 — INFEASIBLE (li_recovered=0.000e+00), time: 0.0030846449990349356
L: 0.50, u_super: 0.00850, sec: 487.654, prod: 0.192314, t_ads: 23.0, t_des: 20.9, bed_util_ads: 0.500, bed_util_des: 0.500, des_th: 0.49980977140525895,frac_lost: 0.107, li_recovered:  8.449, time: 0.005485849998876802
L: 44.46, u_super: 0.00550 — INFEASIBLE (li_recovered=0.000e+00), time: 0.001878213000964024
L: 0.50, u_super: 0.00075, sec: 46.326, prod: 0.014390, t_ads: 248.7, t_des: 312.3, bed_util_ads: 0.438, bed_util_des: 0.432, des_th: 0.4325477396685695,frac_lost: 0.103, li_recovered:  8.073, time: 0.004769164999743225
L: 0.50, u_super: 0.00784, sec: 446.611, prod: 0.176934, t_ads: 25.1, t_des: 22.4, bed_util_ads: 0.500, bed_util_des: 0.500, des_th: 0.4999226630114961,frac_lost: 0.110, li_recovered:  8.402, time: 0.004449862000910798
L: 0.50, u_super: 0.00266, sec: 143.680, prod: 0.058985, t_ads: 72.7, t_des: 63.7, bed_util_ads: 0.499, bed_util_des: 0.499, des_th: 0.49876941670039204,frac_lost: 0.104, li_recovered:  8.043, time: 0.006943304999367683
L: 0.50, u_super: 0.00005, sec: 4.460, prod: 0.000649, t_ads: 3057.6, t_des: 4667.9, bed_util_ads: 0.255, bed_util_des: 0.206, des_th: 0.20604597949927617,frac_lost: 0.100, li_recovered:  5.015, time: 0.005553250999582815
L: 0.50, u_super: 0.00967, sec: 562.749, prod: 0.218684, t_ads: 20.3, t_des: 18.8, bed_util_ads: 0.497, bed_util_des: 0.497, des_th: 0.49686903494898704,frac_lost: 0.107, li_recovered:  8.535, time: 0.00493326200012234
L: 0.50, u_super: 0.00698, sec: 391.790, prod: 0.158062, t_ads: 27.8, t_des: 25.1, bed_util_ads: 0.499, bed_util_des: 0.499, des_th: 0.4987853500934605,frac_lost: 0.101, li_recovered:  8.360, time: 0.004709990000264952
L: 0.50, u_super: 0.00239, sec: 129.343, prod: 0.052711, t_ads: 80.8, t_des: 70.1, bed_util_ads: 0.500, bed_util_des: 0.499, des_th: 0.4992862479951595,frac_lost: 0.105, li_recovered:  7.957, time: 0.005997969999953057
   337 |    13480 |     40 |  0.0054926257 |             f
L: 0.50, u_super: 0.00160, sec: 86.026, prod: 0.035119, t_ads: 119.8, t_des: 108.7, bed_util_ads: 0.491, bed_util_des: 0.490, des_th: 0.4904303781573446,frac_lost: 0.105, li_recovered:  8.024, time: 0.004315800999393105
L: 0.50, u_super: 0.00679, sec: 380.237, prod: 0.153864, t_ads: 28.6, t_des: 25.9, bed_util_ads: 0.499, bed_util_des: 0.499, des_th: 0.49884881322124647,frac_lost: 0.100, li_recovered:  8.376, time: 0.004219982998620253
L: 0.50, u_super: 0.00336, sec: 182.309, prod: 0.075249, t_ads: 57.3, t_des: 50.5, bed_util_ads: 0.500, bed_util_des: 0.500, des_th: 0.4998044251498949,frac_lost: 0.100, li_recovered:  8.115, time: 0.004415739998876234
L: 0.50, u_super: 0.00116, sec: 65.303, prod: 0.024236, t_ads: 163.8, t_des: 133.7, bed_util_ads: 0.499, bed_util_des: 0.499, des_th: 0.49917949576326975,frac_lost: 0.108, li_recovered:  7.211, time: 0.00427618300091126
L: 17.66, u_super: 0.00066 — INFEASIBLE (li_recovered=0.000e+00), time: 0.0008492639990436146
L: 0.50, u_super: 0.00411, sec: 224.198, prod: 0.092139, t_ads: 47.2, t_des: 41.7, bed_util_ads: 0.500, bed_util_des: 0.500, des_th: 0.4999549596183149,frac_lost: 0.104, li_recovered:  8.197, time: 0.00426263699955598
L: 54.49, u_super: 0.00443 — INFEASIBLE (li_recovered=0.000e+00), time: 0.0014806529998168116
L: 27.31, u_super: 0.00033 — INFEASIBLE (li_recovered=0.000e+00), time: 0.0006765649995941203
L: 0.50, u_super: 0.00182, sec: 98.620, prod: 0.039766, t_ads: 105.1, t_des: 90.9, bed_util_ads: 0.497, bed_util_des: 0.497, des_th: 0.49712118192381977,frac_lost: 0.102, li_recovered:  7.795, time: 0.0037416289997054264
L: 0.50, u_super: 0.00475, sec: 260.983, prod: 0.106616, t_ads: 41.1, t_des: 36.5, bed_util_ads: 0.500, bed_util_des: 0.500, des_th: 0.4998632588743974,frac_lost: 0.108, li_recovered:  8.276, time: 0.004587006998917786
L: 18.72, u_super: 0.00206 — INFEASIBLE (li_recovered=0.000e+00), time: 0.001187444999231957
L: 0.50, u_super: 0.00662, sec: 370.339, prod: 0.150044, t_ads: 29.3, t_des: 26.9, bed_util_ads: 0.497, bed_util_des: 0.497, des_th: 0.49686903494898704,frac_lost: 0.101, li_recovered:  8.429, time: 0.005323974999555503
L: 11.16, u_super: 0.00990 — INFEASIBLE (li_recovered=0.000e+00), time: 0.0033122179993370082
L: 0.50, u_super: 0.00766, sec: 433.882, prod: 0.173549, t_ads: 25.3, t_des: 22.7, bed_util_ads: 0.500, bed_util_des: 0.500, des_th: 0.4996762554306015,frac_lost: 0.101, li_recovered:  8.335, time: 0.004785324999829754
L: 0.50, u_super: 0.00889, sec: 512.253, prod: 0.201202, t_ads: 22.0, t_des: 20.0, bed_util_ads: 0.500, bed_util_des: 0.500, des_th: 0.4995833361165693,frac_lost: 0.107, li_recovered:  8.447, time: 0.0050540739994175965
L: 0.50, u_super: 0.00375, sec: 203.886, prod: 0.084152, t_ads: 51.9, t_des: 47.0, bed_util_ads: 0.497, bed_util_des: 0.497, des_th: 0.4965498033938158,frac_lost: 0.107, li_recovered:  8.319, time: 0.003957367000111844
L: 0.50, u_super: 0.00436, sec: 238.432, prod: 0.098011, t_ads: 44.7, t_des: 40.2, bed_util_ads: 0.499, bed_util_des: 0.498, des_th: 0.49852550027487147,frac_lost: 0.107, li_recovered:  8.323, time: 0.00737544000003254
L: 0.50, u_super: 0.00367, sec: 199.533, prod: 0.082065, t_ads: 53.0, t_des: 46.9, bed_util_ads: 0.500, bed_util_des: 0.500, des_th: 0.4996246777585186,frac_lost: 0.107, li_recovered:  8.203, time: 0.0038771040017309133
L: 0.50, u_super: 0.00679, sec: 380.295, prod: 0.153939, t_ads: 28.5, t_des: 25.9, bed_util_ads: 0.499, bed_util_des: 0.499, des_th: 0.49884881322124647,frac_lost: 0.100, li_recovered:  8.386, time: 0.006197030999828712
L: 14.43, u_super: 0.00005 — INFEASIBLE (li_recovered=0.000e+00), time: 0.0008397309993597446
L: 0.50, u_super: 0.00497, sec: 273.360, prod: 0.112110, t_ads: 39.0, t_des: 34.9, bed_util_ads: 0.500, bed_util_des: 0.500, des_th: 0.4998654483435436,frac_lost: 0.103, li_recovered:  8.292, time: 0.004003709000244271
L: 0.50, u_super: 0.00320, sec: 173.577, prod: 0.071475, t_ads: 60.2, t_des: 52.9, bed_util_ads: 0.500, bed_util_des: 0.500, des_th: 0.4998305054926393,frac_lost: 0.102, li_recovered:  8.084, time: 0.004838078000830137
L: 0.50, u_super: 0.00124, sec: 67.550, prod: 0.026636, t_ads: 153.7, t_des: 134.3, bed_util_ads: 0.492, bed_util_des: 0.491, des_th: 0.4910954693224163,frac_lost: 0.105, li_recovered:  7.670, time: 0.003564075999747729
L: 0.50, u_super: 0.00673, sec: 378.308, prod: 0.151801, t_ads: 29.1, t_des: 26.4, bed_util_ads: 0.499, bed_util_des: 0.499, des_th: 0.4990388990765081,frac_lost: 0.109, li_recovered:  8.433, time: 0.004908732998956111
L: 0.50, u_super: 0.00324, sec: 175.238, prod: 0.072349, t_ads: 60.2, t_des: 54.4, bed_util_ads: 0.496, bed_util_des: 0.496, des_th: 0.49601731592571363,frac_lost: 0.109, li_recovered:  8.290, time: 0.0057255690007878
L: 0.50, u_super: 0.00950, sec: 551.739, prod: 0.215232, t_ads: 20.6, t_des: 18.8, bed_util_ads: 0.498, bed_util_des: 0.498, des_th: 0.4980315554853343,frac_lost: 0.107, li_recovered:  8.486, time: 0.005425023999123368
L: 1.72, u_super: 0.00967, sec: 1964.176, prod: 0.215714, t_ads: 68.6, t_des: 61.0, bed_util_ads: 0.497, bed_util_des: 0.497, des_th: 0.49686903494898704,frac_lost: 0.101, li_recovered:  27.959, time: 0.005283299000439001
L: 0.50, u_super: 0.00595, sec: 331.925, prod: 0.133879, t_ads: 32.6, t_des: 31.3, bed_util_ads: 0.492, bed_util_des: 0.491, des_th: 0.4915202322617767,frac_lost: 0.102, li_recovered:  8.553, time: 0.00411332399926323
L: 0.50, u_super: 0.00990, sec: 577.008, prod: 0.224423, t_ads: 19.7, t_des: 18.0, bed_util_ads: 0.500, bed_util_des: 0.499, des_th: 0.49942351321657963,frac_lost: 0.106, li_recovered:  8.465, time: 0.004349046999777784
L: 0.50, u_super: 0.00908, sec: 524.320, prod: 0.205596, t_ads: 21.6, t_des: 19.5, bed_util_ads: 0.499, bed_util_des: 0.499, des_th: 0.49933496054729265,frac_lost: 0.107, li_recovered:  8.447, time: 0.004373808000309509
L: 94.07, u_super: 0.00143 — INFEASIBLE (li_recovered=0.000e+00), time: 0.0008808640013739932
L: 0.50, u_super: 0.00239, sec: 128.231, prod: 0.053168, t_ads: 80.7, t_des: 73.6, bed_util_ads: 0.493, bed_util_des: 0.492, des_th: 0.49225337702705196,frac_lost: 0.103, li_recovered:  8.201, time: 0.0037718300009146333
L: 13.05, u_super: 0.00361 — INFEASIBLE (li_recovered=0.000e+00), time: 0.0015541520006081555
L: 0.50, u_super: 0.00049, sec: 122.486, prod: 0.002258, t_ads: 406.1, t_des: 3489.2, bed_util_ads: 0.220, bed_util_des: 0.180, des_th: 0.1799675493022568,frac_lost: 0.101, li_recovered:  8.796, time: 0.019329235999975936
L: 0.50, u_super: 0.00662, sec: 389.198, prod: 0.142681, t_ads: 29.6, t_des: 31.3, bed_util_ads: 0.479, bed_util_des: 0.479, des_th: 0.47907437256885455,frac_lost: 0.107, li_recovered:  8.681, time: 0.003963283999837586
L: 0.50, u_super: 0.00181, sec: 98.424, prod: 0.039668, t_ads: 105.6, t_des: 91.3, bed_util_ads: 0.498, bed_util_des: 0.498, des_th: 0.4977361896681183,frac_lost: 0.103, li_recovered:  7.808, time: 0.004783493999639177
L: 0.50, u_super: 0.00839, sec: 480.389, prod: 0.189768, t_ads: 23.3, t_des: 21.2, bed_util_ads: 0.500, bed_util_des: 0.500, des_th: 0.4997994446811566,frac_lost: 0.107, li_recovered:  8.446, time: 0.0037215689990262035
L: 0.50, u_super: 0.00292, sec: 157.137, prod: 0.065250, t_ads: 66.1, t_des: 59.5, bed_util_ads: 0.496, bed_util_des: 0.496, des_th: 0.49601731592571363,frac_lost: 0.102, li_recovered:  8.192, time: 0.0036196269993524766
L: 0.50, u_super: 0.00454, sec: 248.360, prod: 0.102271, t_ads: 42.8, t_des: 38.7, bed_util_ads: 0.498, bed_util_des: 0.498, des_th: 0.49767090930755975,frac_lost: 0.104, li_recovered:  8.332, time: 0.005214021999563556
L: 0.50, u_super: 0.00238, sec: 128.990, prod: 0.052576, t_ads: 81.0, t_des: 70.3, bed_util_ads: 0.500, bed_util_des: 0.500, des_th: 0.4998848345106191,frac_lost: 0.105, li_recovered:  7.955, time: 0.003824850999080809
   338 |    13520 |     40 |  0.0038860890 |             f
L: 0.50, u_super: 0.00206, sec: 111.979, prod: 0.045029, t_ads: 93.1, t_des: 79.5, bed_util_ads: 0.499, bed_util_des: 0.499, des_th: 0.49924511017362516,frac_lost: 0.102, li_recovered:  7.772, time: 0.004608985000231769
L: 0.50, u_super: 0.00032, sec: 19.761, prod: 0.006170, t_ads: 530.0, t_des: 528.3, bed_util_ads: 0.440, bed_util_des: 0.436, des_th: 0.4362822680585793,frac_lost: 0.102, li_recovered:  6.529, time: 0.003909233999365824
L: 0.50, u_super: 0.00160, sec: 86.128, prod: 0.035073, t_ads: 119.8, t_des: 107.6, bed_util_ads: 0.493, bed_util_des: 0.492, des_th: 0.49225337702705196,frac_lost: 0.105, li_recovered:  7.977, time: 0.0037226279982860433
L: 0.50, u_super: 0.00118, sec: 65.806, prod: 0.024773, t_ads: 161.1, t_des: 133.4, bed_util_ads: 0.497, bed_util_des: 0.497, des_th: 0.49704473001294114,frac_lost: 0.106, li_recovered:  7.295, time: 0.0036082669994357275
L: 0.50, u_super: 0.00126, sec: 78.689, prod: 0.023647, t_ads: 152.5, t_des: 201.2, bed_util_ads: 0.440, bed_util_des: 0.436, des_th: 0.43653190974458267,frac_lost: 0.105, li_recovered:  8.364, time: 0.0041723750000528526
L: 46.32, u_super: 0.00292 — INFEASIBLE (li_recovered=0.000e+00), time: 0.0007519880000472767
L: 0.50, u_super: 0.00679, sec: 381.512, prod: 0.153447, t_ads: 28.6, t_des: 27.1, bed_util_ads: 0.492, bed_util_des: 0.492, des_th: 0.4921595983765509,frac_lost: 0.100, li_recovered:  8.534, time: 0.004619326000465662
L: 0.50, u_super: 0.00637, sec: 3281.192, prod: 0.015636, t_ads: 30.7, t_des: 530.8, bed_util_ads: 0.185, bed_util_des: 0.181, des_th: 0.18060983000147132,frac_lost: 0.101, li_recovered:  8.779, time: 0.03226884399919072
L: 0.50, u_super: 0.00625, sec: 348.781, prod: 0.141407, t_ads: 31.1, t_des: 27.8, bed_util_ads: 0.500, bed_util_des: 0.500, des_th: 0.49962293966887117,frac_lost: 0.102, li_recovered:  8.319, time: 0.004183621000265703
L: 0.50, u_super: 0.00635, sec: 354.323, prod: 0.143475, t_ads: 30.6, t_des: 27.3, bed_util_ads: 0.500, bed_util_des: 0.500, des_th: 0.4996246777585186,frac_lost: 0.102, li_recovered:  8.302, time: 0.003959017001761822
L: 0.50, u_super: 0.00206, sec: 111.698, prod: 0.045142, t_ads: 94.0, t_des: 92.0, bed_util_ads: 0.483, bed_util_des: 0.482, des_th: 0.48192707564626713,frac_lost: 0.108, li_recovered:  8.394, time: 0.0037330859995563515
L: 0.50, u_super: 0.00628, sec: 350.401, prod: 0.141865, t_ads: 31.0, t_des: 27.7, bed_util_ads: 0.500, bed_util_des: 0.499, des_th: 0.49942132725883337,frac_lost: 0.103, li_recovered:  8.317, time: 0.003407909998713876
L: 0.50, u_super: 0.00595, sec: 330.434, prod: 0.134484, t_ads: 32.6, t_des: 29.2, bed_util_ads: 0.500, bed_util_des: 0.500, des_th: 0.4997301491284701,frac_lost: 0.102, li_recovered:  8.318, time: 0.005169875999854412
L: 0.50, u_super: 0.00229, sec: 166.226, prod: 0.037698, t_ads: 84.9, t_des: 142.9, bed_util_ads: 0.416, bed_util_des: 0.413, des_th: 0.4130636739607481,frac_lost: 0.106, li_recovered:  8.587, time: 0.00510201299948676
L: 0.50, u_super: 0.00124, sec: 67.550, prod: 0.026636, t_ads: 153.7, t_des: 134.3, bed_util_ads: 0.492, bed_util_des: 0.491, des_th: 0.4910954693224163,frac_lost: 0.105, li_recovered:  7.670, time: 0.003951439999582362
L: 0.50, u_super: 0.00116, sec: 63.737, prod: 0.024832, t_ads: 163.5, t_des: 141.5, bed_util_ads: 0.492, bed_util_des: 0.492, des_th: 0.4919329295216355,frac_lost: 0.106, li_recovered:  7.573, time: 0.00409577999926114
L: 13.76, u_super: 0.00325 — INFEASIBLE (li_recovered=0.000e+00), time: 0.0011675259993353393
L: 0.50, u_super: 0.00330, sec: 179.145, prod: 0.073858, t_ads: 58.3, t_des: 51.3, bed_util_ads: 0.500, bed_util_des: 0.499, des_th: 0.49934334489178756,frac_lost: 0.100, li_recovered:  8.093, time: 0.004056612999193021
L: 0.50, u_super: 0.00990, sec: 581.276, prod: 0.222775, t_ads: 19.7, t_des: 19.0, bed_util_ads: 0.492, bed_util_des: 0.492, des_th: 0.4919362883260176,frac_lost: 0.104, li_recovered:  8.624, time: 0.005109247998916544
L: 0.50, u_super: 0.00869, sec: 499.508, prod: 0.196726, t_ads: 22.5, t_des: 20.6, bed_util_ads: 0.497, bed_util_des: 0.497, des_th: 0.4972736201935836,frac_lost: 0.106, li_recovered:  8.483, time: 0.0045653249999304535
L: 0.50, u_super: 0.00549, sec: 359.202, prod: 0.104686, t_ads: 35.4, t_des: 47.5, bed_util_ads: 0.449, bed_util_des: 0.448, des_th: 0.4480198949100293,frac_lost: 0.101, li_recovered:  8.675, time: 0.0063234330009436235
L: 0.50, u_super: 0.00383, sec: 208.427, prod: 0.085747, t_ads: 50.8, t_des: 44.9, bed_util_ads: 0.500, bed_util_des: 0.500, des_th: 0.4995833361165693,frac_lost: 0.106, li_recovered:  8.207, time: 0.005082429999674787
L: 0.50, u_super: 0.00073, sec: 40.697, prod: 0.015487, t_ads: 253.6, t_des: 240.1, bed_util_ads: 0.473, bed_util_des: 0.471, des_th: 0.47134369347659344,frac_lost: 0.105, li_recovered:  7.645, time: 0.00354992500069784
L: 0.50, u_super: 0.00850, sec: 487.347, prod: 0.192435, t_ads: 23.0, t_des: 20.8, bed_util_ads: 0.500, bed_util_des: 0.500, des_th: 0.49980977140525895,frac_lost: 0.106, li_recovered:  8.438, time: 0.004627509000783903
L: 0.50, u_super: 0.00028 — INFEASIBLE (li_recovered=0.000e+00), time: 0.0018099200005963212
L: 0.50, u_super: 0.00751, sec: 425.786, prod: 0.169681, t_ads: 26.1, t_des: 23.4, bed_util_ads: 0.500, bed_util_des: 0.500, des_th: 0.49996144380789104,frac_lost: 0.107, li_recovered:  8.385, time: 0.0037221980001049815
L: 0.50, u_super: 0.00147, sec: 79.285, prod: 0.032306, t_ads: 129.8, t_des: 121.2, bed_util_ads: 0.487, bed_util_des: 0.486, des_th: 0.4861344969243673,frac_lost: 0.105, li_recovered:  8.107, time: 0.004493881999223959
L: 0.50, u_super: 0.00908, sec: 527.775, prod: 0.204250, t_ads: 21.5, t_des: 20.6, bed_util_ads: 0.492, bed_util_des: 0.492, des_th: 0.49206680709031875,frac_lost: 0.105, li_recovered:  8.612, time: 0.004835260000618291
L: 0.50, u_super: 0.00761, sec: 433.595, prod: 0.171255, t_ads: 25.8, t_des: 24.2, bed_util_ads: 0.494, bed_util_des: 0.494, des_th: 0.49423077585985703,frac_lost: 0.109, li_recovered:  8.557, time: 0.005032201999711106
L: 0.50, u_super: 0.00054 — INFEASIBLE (li_recovered=0.000e+00), time: 0.00281369500044093
L: 32.86, u_super: 0.00005 — INFEASIBLE (li_recovered=0.000e+00), time: 0.0007642550008313265
L: 0.50, u_super: 0.00436, sec: 238.415, prod: 0.098018, t_ads: 44.6, t_des: 39.7, bed_util_ads: 0.499, bed_util_des: 0.499, des_th: 0.49907325611201825,frac_lost: 0.105, li_recovered:  8.261, time: 0.004127316999074537
L: 8.81, u_super: 0.00445 — INFEASIBLE (li_recovered=0.000e+00), time: 0.0025069799994525965
L: 0.50, u_super: 0.00057 — INFEASIBLE (li_recovered=0.000e+00), time: 0.002090805999614531
L: 0.50, u_super: 0.00938, sec: 547.014, prod: 0.211159, t_ads: 20.8, t_des: 20.0, bed_util_ads: 0.492, bed_util_des: 0.492, des_th: 0.4916010840590846,frac_lost: 0.103, li_recovered:  8.616, time: 0.003756882999368827
L: 0.50, u_super: 0.00206, sec: 111.864, prod: 0.045075, t_ads: 93.9, t_des: 80.6, bed_util_ads: 0.500, bed_util_des: 0.500, des_th: 0.4996527392405291,frac_lost: 0.108, li_recovered:  7.865, time: 0.0038029139996069716
L: 0.50, u_super: 0.00148, sec: 80.586, prod: 0.032335, t_ads: 128.9, t_des: 113.1, bed_util_ads: 0.494, bed_util_des: 0.493, des_th: 0.493247129146312,frac_lost: 0.106, li_recovered:  7.824, time: 0.004754592999233864
L: 0.50, u_super: 0.00680, sec: 382.439, prod: 0.153344, t_ads: 28.8, t_des: 25.9, bed_util_ads: 0.500, bed_util_des: 0.500, des_th: 0.49964866628943577,frac_lost: 0.109, li_recovered:  8.392, time: 0.00359366799966665
L: 0.50, u_super: 0.00766, sec: 436.024, prod: 0.172696, t_ads: 25.4, t_des: 24.3, bed_util_ads: 0.492, bed_util_des: 0.492, des_th: 0.49175728644784394,frac_lost: 0.101, li_recovered:  8.581, time: 0.0038942520004638936
L: 7.75, u_super: 0.00237 — INFEASIBLE (li_recovered=0.000e+00), time: 0.0016979659994831309
   339 |    13560 |     40 |  0.0009331468 |             f
L: 0.50, u_super: 0.00595, sec: 330.478, prod: 0.134466, t_ads: 32.6, t_des: 29.1, bed_util_ads: 0.500, bed_util_des: 0.500, des_th: 0.4998646074685191,frac_lost: 0.101, li_recovered:  8.303, time: 0.0040424329999950714
L: 10.20, u_super: 0.00828 — INFEASIBLE (li_recovered=0.000e+00), time: 0.001990516999285319
L: 11.27, u_super: 0.00525 — INFEASIBLE (li_recovered=0.000e+00), time: 0.00233290100004524
L: 0.50, u_super: 0.00676, sec: 379.262, prod: 0.152942, t_ads: 28.7, t_des: 25.7, bed_util_ads: 0.500, bed_util_des: 0.500, des_th: 0.4998632588743974,frac_lost: 0.102, li_recovered:  8.323, time: 0.0038849960001243744
L: 0.50, u_super: 0.00968, sec: 570.210, prod: 0.216689, t_ads: 20.1, t_des: 19.8, bed_util_ads: 0.489, bed_util_des: 0.489, des_th: 0.4891490611227014,frac_lost: 0.104, li_recovered:  8.652, time: 0.004936323999572778
L: 29.75, u_super: 0.00162 — INFEASIBLE (li_recovered=0.000e+00), time: 0.0008766249993641395
L: 0.50, u_super: 0.00354, sec: 192.896, prod: 0.079187, t_ads: 54.9, t_des: 51.9, bed_util_ads: 0.492, bed_util_des: 0.491, des_th: 0.4914180235612663,frac_lost: 0.107, li_recovered:  8.463, time: 0.005715957000575145
L: 0.50, u_super: 0.00116, sec: 63.798, prod: 0.024808, t_ads: 163.6, t_des: 141.3, bed_util_ads: 0.492, bed_util_des: 0.492, des_th: 0.4919329295216355,frac_lost: 0.106, li_recovered:  7.563, time: 0.005713249000109499
L: 16.20, u_super: 0.00206 — INFEASIBLE (li_recovered=0.000e+00), time: 0.001641352000660845
L: 0.50, u_super: 0.00411, sec: 224.250, prod: 0.092118, t_ads: 47.3, t_des: 41.8, bed_util_ads: 0.500, bed_util_des: 0.500, des_th: 0.4998600895557744,frac_lost: 0.105, li_recovered:  8.205, time: 0.004445659000339219
L: 26.97, u_super: 0.00908 — INFEASIBLE (li_recovered=0.000e+00), time: 0.001688042000751011
L: 0.50, u_super: 0.00824, sec: 474.788, prod: 0.184837, t_ads: 23.7, t_des: 22.9, bed_util_ads: 0.492, bed_util_des: 0.491, des_th: 0.4914480347904936,frac_lost: 0.106, li_recovered:  8.616, time: 0.004398167999170255
L: 0.50, u_super: 0.00539, sec: 297.365, prod: 0.121672, t_ads: 36.0, t_des: 32.3, bed_util_ads: 0.500, bed_util_des: 0.500, des_th: 0.4999106907641197,frac_lost: 0.102, li_recovered:  8.306, time: 0.004295242999432958
L: 0.50, u_super: 0.00160, sec: 86.496, prod: 0.035031, t_ads: 119.6, t_des: 116.3, bed_util_ads: 0.481, bed_util_des: 0.480, des_th: 0.48002256669207055,frac_lost: 0.104, li_recovered:  8.266, time: 0.005186200998650747
L: 0.50, u_super: 0.00947, sec: 549.101, prod: 0.214836, t_ads: 20.6, t_des: 18.7, bed_util_ads: 0.499, bed_util_des: 0.499, des_th: 0.49884881322124647,frac_lost: 0.105, li_recovered:  8.450, time: 0.004819779000172275
L: 0.50, u_super: 0.00005 — INFEASIBLE (li_recovered=0.000e+00), time: 0.0019833520000247518
L: 0.50, u_super: 0.00761, sec: 431.182, prod: 0.172565, t_ads: 25.5, t_des: 22.8, bed_util_ads: 0.500, bed_util_des: 0.500, des_th: 0.4999335979789184,frac_lost: 0.100, li_recovered:  8.329, time: 0.005426424000688712
L: 0.50, u_super: 0.00751, sec: 424.784, prod: 0.170081, t_ads: 25.9, t_des: 23.1, bed_util_ads: 0.500, bed_util_des: 0.500, des_th: 0.49992918883289794,frac_lost: 0.101, li_recovered:  8.330, time: 0.005395507001594524
L: 0.50, u_super: 0.00764, sec: 433.802, prod: 0.172632, t_ads: 25.6, t_des: 23.0, bed_util_ads: 0.500, bed_util_des: 0.500, des_th: 0.49994096572132535,frac_lost: 0.107, li_recovered:  8.390, time: 0.004573472999254591
L: 0.50, u_super: 0.00850, sec: 487.874, prod: 0.192228, t_ads: 23.0, t_des: 21.4, bed_util_ads: 0.497, bed_util_des: 0.497, des_th: 0.4967928620201336,frac_lost: 0.106, li_recovered:  8.525, time: 0.00890843799970753
L: 0.50, u_super: 0.00062, sec: 34.581, prod: 0.012797, t_ads: 298.6, t_des: 285.0, bed_util_ads: 0.467, bed_util_des: 0.465, des_th: 0.4654327044639044,frac_lost: 0.104, li_recovered:  7.469, time: 0.004186945001492859
L: 0.50, u_super: 0.00721, sec: 407.139, prod: 0.162777, t_ads: 27.2, t_des: 24.4, bed_util_ads: 0.500, bed_util_des: 0.500, des_th: 0.49999963122539304,frac_lost: 0.107, li_recovered:  8.388, time: 0.0056901939988165395
L: 0.50, u_super: 0.00478, sec: 262.369, prod: 0.107437, t_ads: 40.8, t_des: 36.3, bed_util_ads: 0.499, bed_util_des: 0.499, des_th: 0.49884881322124647,frac_lost: 0.106, li_recovered:  8.285, time: 0.006874742000945844
L: 0.50, u_super: 0.00094, sec: 285.493, prod: 0.003650, t_ads: 209.1, t_des: 2199.0, bed_util_ads: 0.213, bed_util_des: 0.189, des_th: 0.18947171565676654,frac_lost: 0.102, li_recovered:  8.790, time: 0.0260913990005065
L: 0.50, u_super: 0.00008 — INFEASIBLE (li_recovered=0.000e+00), time: 0.0013839140010531992
L: 0.50, u_super: 0.00177, sec: 95.171, prod: 0.039188, t_ads: 107.6, t_des: 98.1, bed_util_ads: 0.491, bed_util_des: 0.490, des_th: 0.4903935415923121,frac_lost: 0.101, li_recovered:  8.062, time: 0.006801166000514058
L: 0.50, u_super: 0.00292, sec: 157.668, prod: 0.065030, t_ads: 66.0, t_des: 58.1, bed_util_ads: 0.499, bed_util_des: 0.499, des_th: 0.4992269536069969,frac_lost: 0.101, li_recovered:  8.067, time: 0.005026937000366161
L: 0.50, u_super: 0.00766, sec: 435.016, prod: 0.173097, t_ads: 25.6, t_des: 22.9, bed_util_ads: 0.500, bed_util_des: 0.500, des_th: 0.49969600744396425,frac_lost: 0.107, li_recovered:  8.387, time: 0.00690497100003995
L: 0.50, u_super: 0.00549, sec: 347.975, prod: 0.108063, t_ads: 35.3, t_des: 44.9, bed_util_ads: 0.456, bed_util_des: 0.455, des_th: 0.45480055342722375,frac_lost: 0.100, li_recovered:  8.670, time: 0.0056162199998652795
L: 24.19, u_super: 0.00475 — INFEASIBLE (li_recovered=0.000e+00), time: 0.0014135019991954323
L: 0.50, u_super: 0.00095, sec: 53.446, prod: 0.019966, t_ads: 197.4, t_des: 166.8, bed_util_ads: 0.492, bed_util_des: 0.492, des_th: 0.49188289622180326,frac_lost: 0.107, li_recovered:  7.272, time: 0.005487660000653705
L: 0.50, u_super: 0.00192, sec: 104.042, prod: 0.042068, t_ads: 99.5, t_des: 86.1, bed_util_ads: 0.497, bed_util_des: 0.497, des_th: 0.49712118192381977,frac_lost: 0.101, li_recovered:  7.811, time: 0.0036900639988743933
L: 0.50, u_super: 0.00436, sec: 239.301, prod: 0.097548, t_ads: 44.6, t_des: 42.7, bed_util_ads: 0.491, bed_util_des: 0.490, des_th: 0.4904303781573446,frac_lost: 0.105, li_recovered:  8.521, time: 0.007721288000539062
L: 0.50, u_super: 0.00684, sec: 385.206, prod: 0.154501, t_ads: 28.6, t_des: 25.6, bed_util_ads: 0.500, bed_util_des: 0.500, des_th: 0.4996246777585186,frac_lost: 0.108, li_recovered:  8.380, time: 0.006107989000156522
L: 0.50, u_super: 0.00292, sec: 637.401, prod: 0.016086, t_ads: 66.9, t_des: 476.7, bed_util_ads: 0.258, bed_util_des: 0.251, des_th: 0.2506903769763746,frac_lost: 0.101, li_recovered:  8.745, time: 0.020397147000039695
L: 0.50, u_super: 0.00353, sec: 191.712, prod: 0.079137, t_ads: 54.9, t_des: 51.5, bed_util_ads: 0.492, bed_util_des: 0.491, des_th: 0.49138118699623384,frac_lost: 0.105, li_recovered:  8.425, time: 0.005318184999850928
L: 0.50, u_super: 0.00662, sec: 371.610, prod: 0.149434, t_ads: 29.6, t_des: 26.5, bed_util_ads: 0.499, bed_util_des: 0.499, des_th: 0.49906714097786514,frac_lost: 0.108, li_recovered:  8.378, time: 0.005187135999221937
L: 0.50, u_super: 0.00523, sec: 288.403, prod: 0.117738, t_ads: 37.1, t_des: 32.8, bed_util_ads: 0.500, bed_util_des: 0.500, des_th: 0.4999818257610775,frac_lost: 0.102, li_recovered:  8.235, time: 0.005225366001468501
L: 0.50, u_super: 0.00309, sec: 167.815, prod: 0.068765, t_ads: 62.3, t_des: 60.9, bed_util_ads: 0.487, bed_util_des: 0.486, des_th: 0.48622720444795925,frac_lost: 0.100, li_recovered:  8.477, time: 0.0074940009999409085
L: 0.50, u_super: 0.00355, sec: 192.983, prod: 0.079427, t_ads: 54.4, t_des: 47.8, bed_util_ads: 0.500, bed_util_des: 0.500, des_th: 0.4999549596183149,frac_lost: 0.101, li_recovered:  8.112, time: 0.006365150000419817
   340 |    13600 |     40 |  0.0027648751 |             f
L: 0.50, u_super: 0.00800, sec: 457.418, prod: 0.180399, t_ads: 24.5, t_des: 23.0, bed_util_ads: 0.494, bed_util_des: 0.494, des_th: 0.4942843671728083,frac_lost: 0.107, li_recovered:  8.559, time: 0.0061366930003714515
L: 0.50, u_super: 0.00549, sec: 305.718, prod: 0.123000, t_ads: 35.3, t_des: 34.4, bed_util_ads: 0.489, bed_util_des: 0.489, des_th: 0.4888650834808349,frac_lost: 0.101, li_recovered:  8.573, time: 0.006944777000171598
L: 13.76, u_super: 0.00281 — INFEASIBLE (li_recovered=0.000e+00), time: 0.0018153060009353794
L: 0.50, u_super: 0.00713, sec: 402.696, prod: 0.161081, t_ads: 27.4, t_des: 25.2, bed_util_ads: 0.497, bed_util_des: 0.497, des_th: 0.49673280291860916,frac_lost: 0.107, li_recovered:  8.483, time: 0.007675741999264574
L: 0.50, u_super: 0.00278, sec: 149.441, prod: 0.062178, t_ads: 69.3, t_des: 63.9, bed_util_ads: 0.493, bed_util_des: 0.492, des_th: 0.4923519947777289,frac_lost: 0.102, li_recovered:  8.286, time: 0.007048614001178066
L: 0.50, u_super: 0.00343, sec: 185.869, prod: 0.076622, t_ads: 56.3, t_des: 49.5, bed_util_ads: 0.500, bed_util_des: 0.500, des_th: 0.49975209993822023,frac_lost: 0.100, li_recovered:  8.103, time: 0.0070033489992056275
L: 0.50, u_super: 0.00353, sec: 193.177, prod: 0.078537, t_ads: 55.0, t_des: 53.4, bed_util_ads: 0.488, bed_util_des: 0.487, des_th: 0.4874693327025511,frac_lost: 0.106, li_recovered:  8.513, time: 0.005735319000450545
L: 0.50, u_super: 0.00005, sec: 4.328, prod: 0.000669, t_ads: 3408.3, t_des: 5821.4, bed_util_ads: 0.251, bed_util_des: 0.184, des_th: 0.1847637523014981,frac_lost: 0.100, li_recovered:  6.174, time: 0.00766506699983438
L: 0.50, u_super: 0.00721, sec: 477.689, prod: 0.138736, t_ads: 27.1, t_des: 35.6, bed_util_ads: 0.453, bed_util_des: 0.452, des_th: 0.4520449736064189,frac_lost: 0.106, li_recovered:  8.704, time: 0.00651250800001435
L: 0.50, u_super: 0.00684, sec: 388.055, prod: 0.153367, t_ads: 28.6, t_des: 27.5, bed_util_ads: 0.492, bed_util_des: 0.492, des_th: 0.4915255837606929,frac_lost: 0.107, li_recovered:  8.597, time: 0.005047606999141863
L: 0.50, u_super: 0.00838, sec: 483.717, prod: 0.188166, t_ads: 23.4, t_des: 22.4, bed_util_ads: 0.492, bed_util_des: 0.491, des_th: 0.4914022236011041,frac_lost: 0.107, li_recovered:  8.612, time: 0.007045753998681903
L: 0.50, u_super: 0.00975, sec: 568.182, prod: 0.220848, t_ads: 20.1, t_des: 18.4, bed_util_ads: 0.498, bed_util_des: 0.498, des_th: 0.49832043267536935,frac_lost: 0.107, li_recovered:  8.496, time: 0.006589937000171631
L: 0.50, u_super: 0.00436, sec: 238.383, prod: 0.098031, t_ads: 44.7, t_des: 40.2, bed_util_ads: 0.498, bed_util_des: 0.498, des_th: 0.49760150034007594,frac_lost: 0.106, li_recovered:  8.321, time: 0.006577325000762357
L: 0.50, u_super: 0.00319, sec: 179.090, prod: 0.068720, t_ads: 61.0, t_des: 63.7, bed_util_ads: 0.477, bed_util_des: 0.477, des_th: 0.47654153318136133,frac_lost: 0.107, li_recovered:  8.575, time: 0.007235342000058154
L: 0.50, u_super: 0.00945, sec: 548.031, prod: 0.214111, t_ads: 20.7, t_des: 18.8, bed_util_ads: 0.499, bed_util_des: 0.499, des_th: 0.4991117855358182,frac_lost: 0.106, li_recovered:  8.448, time: 0.0074774510012503015
L: 0.50, u_super: 0.00537, sec: 298.025, prod: 0.120693, t_ads: 36.1, t_des: 34.7, bed_util_ads: 0.491, bed_util_des: 0.490, des_th: 0.4904303781573446,frac_lost: 0.102, li_recovered:  8.546, time: 0.0078121589995134855
L: 0.50, u_super: 0.00702, sec: 395.854, prod: 0.158660, t_ads: 27.8, t_des: 25.0, bed_util_ads: 0.500, bed_util_des: 0.500, des_th: 0.4998632588743974,frac_lost: 0.107, li_recovered:  8.387, time: 0.00825080100003106
L: 2.44, u_super: 0.00766, sec: 2178.599, prod: 0.168368, t_ads: 121.9, t_des: 113.4, bed_util_ads: 0.488, bed_util_des: 0.487, des_th: 0.4870929035390193,frac_lost: 0.106, li_recovered:  39.613, time: 0.006895728000017698
L: 0.50, u_super: 0.00136, sec: 75.812, prod: 0.028825, t_ads: 140.6, t_des: 147.9, bed_util_ads: 0.470, bed_util_des: 0.469, des_th: 0.4686694711392522,frac_lost: 0.106, li_recovered:  8.316, time: 0.007907075001639896
L: 0.50, u_super: 0.00080, sec: 44.533, prod: 0.017024, t_ads: 231.3, t_des: 232.2, bed_util_ads: 0.467, bed_util_des: 0.465, des_th: 0.46451411029506495,frac_lost: 0.101, li_recovered:  7.891, time: 0.005266540001684916
L: 0.50, u_super: 0.00531, sec: 293.080, prod: 0.120024, t_ads: 36.5, t_des: 32.7, bed_util_ads: 0.500, bed_util_des: 0.500, des_th: 0.4996246777585186,frac_lost: 0.102, li_recovered:  8.306, time: 0.004169522000665893
L: 0.50, u_super: 0.00982, sec: 572.009, prod: 0.222585, t_ads: 19.9, t_des: 18.3, bed_util_ads: 0.498, bed_util_des: 0.497, des_th: 0.49749307643560353,frac_lost: 0.105, li_recovered:  8.494, time: 0.00430432400025893
L: 0.50, u_super: 0.00095, sec: 53.415, prod: 0.019977, t_ads: 197.0, t_des: 166.8, bed_util_ads: 0.492, bed_util_des: 0.492, des_th: 0.4920191280884384,frac_lost: 0.105, li_recovered:  7.268, time: 0.0037749230014014756
L: 0.50, u_super: 0.00702, sec: 396.316, prod: 0.158549, t_ads: 27.9, t_des: 25.0, bed_util_ads: 0.500, bed_util_des: 0.499, des_th: 0.4995010390227242,frac_lost: 0.109, li_recovered:  8.391, time: 0.00563508599952911
L: 0.50, u_super: 0.00801, sec: 457.276, prod: 0.181125, t_ads: 24.4, t_des: 22.5, bed_util_ads: 0.497, bed_util_des: 0.497, des_th: 0.4968917653316561,frac_lost: 0.107, li_recovered:  8.496, time: 0.0043419030007498804
L: 0.50, u_super: 0.00930, sec: 538.496, prod: 0.210772, t_ads: 21.0, t_des: 19.0, bed_util_ads: 0.500, bed_util_des: 0.500, des_th: 0.49980977140525895,frac_lost: 0.106, li_recovered:  8.443, time: 0.004967904998920858
L: 0.50, u_super: 0.00967, sec: 580.218, prod: 0.212100, t_ads: 20.2, t_des: 20.8, bed_util_ads: 0.483, bed_util_des: 0.483, des_th: 0.4827707564515421,frac_lost: 0.105, li_recovered:  8.696, time: 0.00524464099908073
L: 0.50, u_super: 0.00436, sec: 238.161, prod: 0.098123, t_ads: 44.6, t_des: 40.2, bed_util_ads: 0.498, bed_util_des: 0.498, des_th: 0.49758491852473224,frac_lost: 0.105, li_recovered:  8.321, time: 0.0039137829990067985
L: 0.50, u_super: 0.00353, sec: 192.056, prod: 0.078995, t_ads: 55.1, t_des: 48.7, bed_util_ads: 0.499, bed_util_des: 0.499, des_th: 0.4991983277160792,frac_lost: 0.107, li_recovered:  8.196, time: 0.005176136999580194
L: 0.50, u_super: 0.00239, sec: 133.039, prod: 0.051246, t_ads: 80.8, t_des: 85.1, bed_util_ads: 0.475, bed_util_des: 0.473, des_th: 0.4734732022245254,frac_lost: 0.104, li_recovered:  8.504, time: 0.0038209579997783294
L: 0.50, u_super: 0.00521, sec: 338.240, prod: 0.099598, t_ads: 37.3, t_des: 49.7, bed_util_ads: 0.449, bed_util_des: 0.448, des_th: 0.4484080289409307,frac_lost: 0.102, li_recovered:  8.670, time: 0.004796404000444454
L: 0.50, u_super: 0.00291, sec: 156.989, prod: 0.065201, t_ads: 66.1, t_des: 59.5, bed_util_ads: 0.496, bed_util_des: 0.496, des_th: 0.4960252390160081,frac_lost: 0.102, li_recovered:  8.192, time: 0.004279401000530925
L: 17.39, u_super: 0.00939 — INFEASIBLE (li_recovered=0.000e+00), time: 0.0017216960004589055
L: 0.50, u_super: 0.00854, sec: 493.669, prod: 0.191845, t_ads: 22.9, t_des: 22.0, bed_util_ads: 0.492, bed_util_des: 0.491, des_th: 0.491367495176689,frac_lost: 0.106, li_recovered:  8.614, time: 0.004639041999325855
L: 0.50, u_super: 0.00083 — INFEASIBLE (li_recovered=0.000e+00), time: 0.0031435290002264082
L: 0.50, u_super: 0.00173, sec: 94.082, prod: 0.037790, t_ads: 110.4, t_des: 95.4, bed_util_ads: 0.497, bed_util_des: 0.497, des_th: 0.49686903494898704,frac_lost: 0.103, li_recovered:  7.780, time: 0.004021009999632952
L: 0.50, u_super: 0.00493, sec: 271.296, prod: 0.110882, t_ads: 39.4, t_des: 34.8, bed_util_ads: 0.500, bed_util_des: 0.500, des_th: 0.49999991757711104,frac_lost: 0.103, li_recovered:  8.224, time: 0.003982529999120743
L: 0.50, u_super: 0.00347, sec: 188.509, prod: 0.077473, t_ads: 56.1, t_des: 49.5, bed_util_ads: 0.500, bed_util_des: 0.500, des_th: 0.4999549596183149,frac_lost: 0.108, li_recovered:  8.179, time: 0.003801113000008627
L: 0.50, u_super: 0.00725, sec: 410.251, prod: 0.163715, t_ads: 27.0, t_des: 24.2, bed_util_ads: 0.500, bed_util_des: 0.500, des_th: 0.4996645834592264,frac_lost: 0.109, li_recovered:  8.384, time: 0.00406408899834787
L: 0.50, u_super: 0.00765, sec: 434.678, prod: 0.173004, t_ads: 25.6, t_des: 22.9, bed_util_ads: 0.500, bed_util_des: 0.500, des_th: 0.49994523049315853,frac_lost: 0.107, li_recovered:  8.390, time: 0.0048867010009416845
   341 |    13640 |     40 |  0.0051231652 |             f
L: 0.50, u_super: 0.00205, sec: 110.654, prod: 0.045314, t_ads: 93.1, t_des: 82.0, bed_util_ads: 0.497, bed_util_des: 0.497, des_th: 0.49709773705837085,frac_lost: 0.100, li_recovered:  7.934, time: 0.004599902000336442
L: 0.50, u_super: 0.00771, sec: 436.378, prod: 0.174855, t_ads: 25.2, t_des: 23.0, bed_util_ads: 0.497, bed_util_des: 0.497, des_th: 0.4968750438168919,frac_lost: 0.100, li_recovered:  8.433, time: 0.0038577699997404125
L: 36.02, u_super: 0.00095 — INFEASIBLE (li_recovered=0.000e+00), time: 0.0007606420003867242
L: 0.50, u_super: 0.00015 — INFEASIBLE (li_recovered=0.000e+00), time: 0.0013719279995711986
L: 0.50, u_super: 0.00904, sec: 568.740, prod: 0.187914, t_ads: 21.6, t_des: 24.7, bed_util_ads: 0.470, bed_util_des: 0.470, des_th: 0.4696580762399509,frac_lost: 0.105, li_recovered:  8.712, time: 0.004519781999988481
L: 0.50, u_super: 0.00440, sec: 251.610, prod: 0.094691, t_ads: 44.1, t_des: 47.0, bed_util_ads: 0.477, bed_util_des: 0.476, des_th: 0.47605214758013453,frac_lost: 0.103, li_recovered:  8.628, time: 0.0056425840011797845
L: 43.14, u_super: 0.00772 — INFEASIBLE (li_recovered=0.000e+00), time: 0.001134018999437103
L: 0.50, u_super: 0.00498, sec: 274.442, prod: 0.112252, t_ads: 39.1, t_des: 34.8, bed_util_ads: 0.500, bed_util_des: 0.500, des_th: 0.4996856568341899,frac_lost: 0.105, li_recovered:  8.295, time: 0.003764297998714028
L: 0.50, u_super: 0.00278, sec: 160.400, prod: 0.057930, t_ads: 69.4, t_des: 78.3, bed_util_ads: 0.467, bed_util_des: 0.466, des_th: 0.4658904642740548,frac_lost: 0.101, li_recovered:  8.557, time: 0.004532001999905333
L: 73.12, u_super: 0.00611, sec: 135133.541, prod: 0.050906, t_ads: 2497.8, t_des: 2605.0, bed_util_ads: 0.243, bed_util_des: 0.229, des_th: 0.22923969709847825,frac_lost: 0.101, li_recovered:  259.768, time: 0.0027712970004358795
L: 0.50, u_super: 0.00148, sec: 80.051, prod: 0.032276, t_ads: 129.3, t_des: 114.6, bed_util_ads: 0.493, bed_util_des: 0.492, des_th: 0.49240712819983584,frac_lost: 0.106, li_recovered:  7.874, time: 0.003794320999077172
L: 0.50, u_super: 0.00438, sec: 239.879, prod: 0.098375, t_ads: 44.3, t_des: 39.2, bed_util_ads: 0.500, bed_util_des: 0.500, des_th: 0.4998632588743974,frac_lost: 0.104, li_recovered:  8.216, time: 0.003872043998853769
L: 0.50, u_super: 0.00908, sec: 528.177, prod: 0.204094, t_ads: 21.5, t_des: 20.7, bed_util_ads: 0.492, bed_util_des: 0.492, des_th: 0.4918981724684557,frac_lost: 0.105, li_recovered:  8.619, time: 0.005481780000991421
L: 0.50, u_super: 0.00751, sec: 425.839, prod: 0.169660, t_ads: 26.1, t_des: 23.4, bed_util_ads: 0.500, bed_util_des: 0.500, des_th: 0.4999314723119088,frac_lost: 0.108, li_recovered:  8.395, time: 0.0034704560002865037
L: 0.50, u_super: 0.00549, sec: 303.326, prod: 0.123970, t_ads: 35.3, t_des: 31.6, bed_util_ads: 0.500, bed_util_des: 0.500, des_th: 0.4998654483435436,frac_lost: 0.102, li_recovered:  8.301, time: 0.003750072999537224
L: 0.50, u_super: 0.00598, sec: 332.114, prod: 0.135283, t_ads: 32.5, t_des: 29.4, bed_util_ads: 0.498, bed_util_des: 0.497, des_th: 0.497450294224719,frac_lost: 0.102, li_recovered:  8.373, time: 0.004553606000627042
L: 5.12, u_super: 0.00952 — INFEASIBLE (li_recovered=0.000e+00), time: 0.0027597139996942133
L: 0.50, u_super: 0.00284, sec: 158.695, prod: 0.061287, t_ads: 67.9, t_des: 71.5, bed_util_ads: 0.476, bed_util_des: 0.475, des_th: 0.4749833569019791,frac_lost: 0.102, li_recovered:  8.543, time: 0.004884134999883827
L: 0.50, u_super: 0.00475, sec: 260.983, prod: 0.106616, t_ads: 41.1, t_des: 36.5, bed_util_ads: 0.500, bed_util_des: 0.500, des_th: 0.4998632588743974,frac_lost: 0.108, li_recovered:  8.276, time: 0.004117898000913556
L: 0.50, u_super: 0.00766, sec: 433.648, prod: 0.173643, t_ads: 25.4, t_des: 23.0, bed_util_ads: 0.500, bed_util_des: 0.500, des_th: 0.49967642070101165,frac_lost: 0.101, li_recovered:  8.394, time: 0.004029509000247344
L: 0.50, u_super: 0.00602, sec: 335.403, prod: 0.135918, t_ads: 32.3, t_des: 30.2, bed_util_ads: 0.495, bed_util_des: 0.495, des_th: 0.49463085958722053,frac_lost: 0.104, li_recovered:  8.500, time: 0.004032238000945654
L: 0.50, u_super: 0.00990, sec: 576.346, prod: 0.224681, t_ads: 19.7, t_des: 17.7, bed_util_ads: 0.500, bed_util_des: 0.500, des_th: 0.49990622123872985,frac_lost: 0.103, li_recovered:  8.404, time: 0.004054376000567572
L: 0.50, u_super: 0.00340, sec: 183.685, prod: 0.076398, t_ads: 56.7, t_des: 53.0, bed_util_ads: 0.493, bed_util_des: 0.492, des_th: 0.49225337702705196,frac_lost: 0.100, li_recovered:  8.378, time: 0.0041497290003462695
L: 0.50, u_super: 0.00675, sec: 379.816, prod: 0.152403, t_ads: 29.0, t_des: 26.0, bed_util_ads: 0.500, bed_util_des: 0.500, des_th: 0.49999991757711104,frac_lost: 0.109, li_recovered:  8.384, time: 0.005019801001253654
L: 0.50, u_super: 0.00724, sec: 407.711, prod: 0.164089, t_ads: 26.8, t_des: 24.2, bed_util_ads: 0.499, bed_util_des: 0.499, des_th: 0.49933496054729265,frac_lost: 0.100, li_recovered:  8.368, time: 0.0035167419991921633
L: 0.50, u_super: 0.00630, sec: 351.482, prod: 0.142688, t_ads: 30.8, t_des: 27.9, bed_util_ads: 0.498, bed_util_des: 0.498, des_th: 0.4976238064700709,frac_lost: 0.102, li_recovered:  8.377, time: 0.004831787999137305
L: 0.50, u_super: 0.00036 — INFEASIBLE (li_recovered=0.000e+00), time: 0.0033480750007583993
L: 0.70, u_super: 0.00742, sec: 591.909, prod: 0.167266, t_ads: 36.8, t_des: 32.8, bed_util_ads: 0.500, bed_util_des: 0.500, des_th: 0.49985385746937094,frac_lost: 0.103, li_recovered:  11.650, time: 0.004325898999013589
L: 0.50, u_super: 0.00850, sec: 492.704, prod: 0.190343, t_ads: 23.0, t_des: 22.4, bed_util_ads: 0.490, bed_util_des: 0.490, des_th: 0.4902944278287169,frac_lost: 0.105, li_recovered:  8.634, time: 0.007365395000306307
L: 0.50, u_super: 0.00005 — INFEASIBLE (li_recovered=0.000e+00), time: 0.0010901859986915952
L: 40.56, u_super: 0.00590 — INFEASIBLE (li_recovered=0.000e+00), time: 0.001014199000564986
L: 3.21, u_super: 0.00700 — INFEASIBLE (li_recovered=0.000e+00), time: 0.004193034999843803
L: 0.50, u_super: 0.00239, sec: 129.389, prod: 0.052692, t_ads: 80.9, t_des: 70.0, bed_util_ads: 0.500, bed_util_des: 0.500, des_th: 0.4996338928240052,frac_lost: 0.105, li_recovered:  7.950, time: 0.005043520999606699
L: 0.50, u_super: 0.00662, sec: 371.489, prod: 0.149483, t_ads: 29.5, t_des: 26.6, bed_util_ads: 0.499, bed_util_des: 0.499, des_th: 0.49903494503468504,frac_lost: 0.107, li_recovered:  8.385, time: 0.003943359999539098
L: 30.11, u_super: 0.00320 — INFEASIBLE (li_recovered=0.000e+00), time: 0.000834070999189862
L: 0.50, u_super: 0.00015, sec: 18.716, prod: 0.001380, t_ads: 1313.6, t_des: 4781.9, bed_util_ads: 0.254, bed_util_des: 0.185, des_th: 0.1851696623157332,frac_lost: 0.102, li_recovered:  8.413, time: 0.013012797999181203
L: 0.50, u_super: 0.00157, sec: 87.842, prod: 0.033406, t_ads: 121.6, t_des: 129.2, bed_util_ads: 0.470, bed_util_des: 0.469, des_th: 0.4686694711392522,frac_lost: 0.103, li_recovered:  8.376, time: 0.006015049999405164
L: 0.50, u_super: 0.00309, sec: 167.621, prod: 0.068991, t_ads: 62.4, t_des: 54.7, bed_util_ads: 0.500, bed_util_des: 0.500, des_th: 0.4999549596183149,frac_lost: 0.102, li_recovered:  8.074, time: 0.006122008999227546
L: 0.50, u_super: 0.00793, sec: 450.734, prod: 0.179726, t_ads: 24.5, t_des: 22.7, bed_util_ads: 0.497, bed_util_des: 0.497, des_th: 0.4968917653316561,frac_lost: 0.102, li_recovered:  8.480, time: 0.005586946999756037
L: 0.50, u_super: 0.00635, sec: 354.095, prod: 0.143567, t_ads: 30.6, t_des: 27.4, bed_util_ads: 0.500, bed_util_des: 0.500, des_th: 0.4996245124881084,frac_lost: 0.101, li_recovered:  8.326, time: 0.0045674069988308474
   342 |    13680 |     40 |  0.0021605844 |             f
L: 0.50, u_super: 0.00973, sec: 565.537, prod: 0.220526, t_ads: 20.1, t_des: 18.2, bed_util_ads: 0.500, bed_util_des: 0.500, des_th: 0.4995793126077706,frac_lost: 0.105, li_recovered:  8.448, time: 0.006557553000675398
L: 0.50, u_super: 0.00355, sec: 192.983, prod: 0.079427, t_ads: 54.4, t_des: 47.8, bed_util_ads: 0.500, bed_util_des: 0.500, des_th: 0.4999549596183149,frac_lost: 0.101, li_recovered:  8.112, time: 0.0056350860013481
L: 0.50, u_super: 0.00595, sec: 330.149, prod: 0.134600, t_ads: 32.6, t_des: 29.6, bed_util_ads: 0.499, bed_util_des: 0.499, des_th: 0.4987191679748818,frac_lost: 0.102, li_recovered:  8.372, time: 0.006354402999932063
L: 25.33, u_super: 0.00807 — INFEASIBLE (li_recovered=0.000e+00), time: 0.001423121000698302
L: 0.50, u_super: 0.00411, sec: 224.278, prod: 0.092106, t_ads: 47.3, t_des: 41.7, bed_util_ads: 0.500, bed_util_des: 0.500, des_th: 0.4999549596183149,frac_lost: 0.104, li_recovered:  8.198, time: 0.00486027999977523
L: 0.50, u_super: 0.00583, sec: 323.471, prod: 0.131544, t_ads: 33.4, t_des: 29.8, bed_util_ads: 0.499, bed_util_des: 0.499, des_th: 0.4990586458039522,frac_lost: 0.103, li_recovered:  8.315, time: 0.00582777000090573
L: 0.50, u_super: 0.00064 — INFEASIBLE (li_recovered=0.000e+00), time: 0.004042349999508588
L: 0.50, u_super: 0.00278, sec: 149.441, prod: 0.062178, t_ads: 69.3, t_des: 63.9, bed_util_ads: 0.493, bed_util_des: 0.492, des_th: 0.4923519947777289,frac_lost: 0.102, li_recovered:  8.286, time: 0.007835917000193149
L: 4.96, u_super: 0.00206 — INFEASIBLE (li_recovered=0.000e+00), time: 0.0028420759990694933
L: 0.50, u_super: 0.00095 — INFEASIBLE (li_recovered=0.000e+00), time: 0.003437254999880679
L: 0.50, u_super: 0.00241, sec: 130.426, prod: 0.053458, t_ads: 80.0, t_des: 70.2, bed_util_ads: 0.498, bed_util_des: 0.498, des_th: 0.49782549603434945,frac_lost: 0.105, li_recovered:  8.028, time: 0.0066013400009978795
L: 0.50, u_super: 0.00048, sec: 114.672, prod: 0.002351, t_ads: 412.5, t_des: 3326.2, bed_util_ads: 0.225, bed_util_des: 0.185, des_th: 0.1851696623157332,frac_lost: 0.103, li_recovered:  8.790, time: 0.023112419001336093
L: 0.50, u_super: 0.00849, sec: 487.088, prod: 0.192234, t_ads: 23.0, t_des: 20.7, bed_util_ads: 0.500, bed_util_des: 0.500, des_th: 0.4998170893273229,frac_lost: 0.106, li_recovered:  8.398, time: 0.004047821001222474
L: 0.50, u_super: 0.00889, sec: 512.253, prod: 0.201202, t_ads: 22.0, t_des: 20.0, bed_util_ads: 0.500, bed_util_des: 0.500, des_th: 0.4995833361165693,frac_lost: 0.107, li_recovered:  8.447, time: 0.00631116399927123
L: 0.50, u_super: 0.00697, sec: 391.484, prod: 0.157843, t_ads: 27.8, t_des: 24.9, bed_util_ads: 0.500, bed_util_des: 0.500, des_th: 0.4998632588743974,frac_lost: 0.100, li_recovered:  8.326, time: 0.004454067999176914
L: 0.50, u_super: 0.00173, sec: 94.082, prod: 0.037790, t_ads: 110.4, t_des: 95.4, bed_util_ads: 0.497, bed_util_des: 0.497, des_th: 0.49686903494898704,frac_lost: 0.103, li_recovered:  7.780, time: 0.006084462000217172
L: 0.50, u_super: 0.00385, sec: 209.921, prod: 0.086165, t_ads: 50.4, t_des: 48.0, bed_util_ads: 0.491, bed_util_des: 0.490, des_th: 0.4905367704081656,frac_lost: 0.105, li_recovered:  8.481, time: 0.00468553599966981
L: 0.50, u_super: 0.00751, sec: 424.784, prod: 0.170081, t_ads: 25.9, t_des: 23.1, bed_util_ads: 0.500, bed_util_des: 0.500, des_th: 0.49992918883289794,frac_lost: 0.101, li_recovered:  8.330, time: 0.004651107001336641
L: 38.79, u_super: 0.00872 — INFEASIBLE (li_recovered=0.000e+00), time: 0.0011025700005120598
L: 0.50, u_super: 0.00717, sec: 404.909, prod: 0.161916, t_ads: 27.3, t_des: 25.0, bed_util_ads: 0.497, bed_util_des: 0.497, des_th: 0.4966230374048961,frac_lost: 0.107, li_recovered:  8.476, time: 0.004744931999084656
L: 0.50, u_super: 0.00005, sec: 4.324, prod: 0.000670, t_ads: 3442.0, t_des: 5873.1, bed_util_ads: 0.253, bed_util_des: 0.185, des_th: 0.1851696623157332,frac_lost: 0.103, li_recovered:  6.237, time: 0.006805074999647331
L: 0.50, u_super: 0.00990, sec: 576.726, prod: 0.224532, t_ads: 19.7, t_des: 17.9, bed_util_ads: 0.500, bed_util_des: 0.499, des_th: 0.49942132725883337,frac_lost: 0.105, li_recovered:  8.438, time: 0.006286769999860553
L: 0.50, u_super: 0.00303, sec: 163.680, prod: 0.067873, t_ads: 63.7, t_des: 57.1, bed_util_ads: 0.497, bed_util_des: 0.497, des_th: 0.4968917653316561,frac_lost: 0.103, li_recovered:  8.199, time: 0.006262128999878769
L: 0.50, u_super: 0.00455, sec: 249.510, prod: 0.102332, t_ads: 42.8, t_des: 38.2, bed_util_ads: 0.500, bed_util_des: 0.500, des_th: 0.4998632588743974,frac_lost: 0.106, li_recovered:  8.284, time: 0.0042911870004900265
L: 0.50, u_super: 0.00650, sec: 363.342, prod: 0.147182, t_ads: 29.9, t_des: 27.0, bed_util_ads: 0.499, bed_util_des: 0.499, des_th: 0.49923731850894987,frac_lost: 0.102, li_recovered:  8.373, time: 0.005625859999781824
L: 0.50, u_super: 0.00849, sec: 541.651, prod: 0.172517, t_ads: 23.1, t_des: 27.4, bed_util_ads: 0.465, bed_util_des: 0.465, des_th: 0.46451411029506495,frac_lost: 0.106, li_recovered:  8.711, time: 0.00577483699998993
L: 46.68, u_super: 0.00211 — INFEASIBLE (li_recovered=0.000e+00), time: 0.0010215389993391
L: 0.50, u_super: 0.00209, sec: 111.986, prod: 0.046442, t_ads: 91.6, t_des: 83.7, bed_util_ads: 0.492, bed_util_des: 0.492, des_th: 0.4917723811388249,frac_lost: 0.100, li_recovered:  8.138, time: 0.009005642001284286
L: 0.50, u_super: 0.00203, sec: 109.012, prod: 0.045055, t_ads: 94.4, t_des: 85.9, bed_util_ads: 0.492, bed_util_des: 0.492, des_th: 0.49175332848448733,frac_lost: 0.102, li_recovered:  8.125, time: 0.005317897999702836
L: 0.50, u_super: 0.00569, sec: 315.622, prod: 0.128492, t_ads: 34.2, t_des: 30.5, bed_util_ads: 0.500, bed_util_des: 0.500, des_th: 0.4998654483435436,frac_lost: 0.104, li_recovered:  8.312, time: 0.0046903530001145555
L: 22.51, u_super: 0.00982 — INFEASIBLE (li_recovered=0.000e+00), time: 0.0016305159988405649
L: 0.50, u_super: 0.00451, sec: 246.834, prod: 0.101298, t_ads: 43.2, t_des: 38.5, bed_util_ads: 0.500, bed_util_des: 0.500, des_th: 0.4998632588743974,frac_lost: 0.106, li_recovered:  8.278, time: 0.004170783999143168
L: 0.50, u_super: 0.00480, sec: 263.686, prod: 0.108035, t_ads: 40.5, t_des: 36.2, bed_util_ads: 0.500, bed_util_des: 0.500, des_th: 0.4998632588743974,frac_lost: 0.105, li_recovered:  8.289, time: 0.00380627699996694
L: 0.50, u_super: 0.00084 — INFEASIBLE (li_recovered=0.000e+00), time: 0.002611727000839892
L: 0.50, u_super: 0.00033, sec: 19.856, prod: 0.006207, t_ads: 527.3, t_des: 525.5, bed_util_ads: 0.439, bed_util_des: 0.436, des_th: 0.43604341511917133,frac_lost: 0.102, li_recovered:  6.535, time: 0.003505593000227236
L: 0.50, u_super: 0.00503, sec: 277.006, prod: 0.113413, t_ads: 38.6, t_des: 34.4, bed_util_ads: 0.499, bed_util_des: 0.499, des_th: 0.4992635711564138,frac_lost: 0.103, li_recovered:  8.278, time: 0.003797192999627441
L: 0.50, u_super: 0.00681, sec: 383.620, prod: 0.153372, t_ads: 28.7, t_des: 27.0, bed_util_ads: 0.495, bed_util_des: 0.494, des_th: 0.49446705300917454,frac_lost: 0.106, li_recovered:  8.541, time: 0.0037918380003247876
L: 5.85, u_super: 0.00025 — INFEASIBLE (li_recovered=0.000e+00), time: 0.0007896900006016949
L: 77.33, u_super: 0.00411 — INFEASIBLE (li_recovered=0.000e+00), time: 0.0006502629985334352
L: 0.50, u_super: 0.00801, sec: 456.984, prod: 0.181241, t_ads: 24.4, t_des: 21.9, bed_util_ads: 0.500, bed_util_des: 0.500, des_th: 0.49999415521513085,frac_lost: 0.106, li_recovered:  8.383, time: 0.00447405799968692
   343 |    13720 |     40 |  0.0037062988 |             f
L: 0.50, u_super: 0.00549, sec: 303.285, prod: 0.123987, t_ads: 35.3, t_des: 31.7, bed_util_ads: 0.500, bed_util_des: 0.500, des_th: 0.4998653436686576,frac_lost: 0.102, li_recovered:  8.315, time: 0.004051773999890429
L: 4.47, u_super: 0.00755 — INFEASIBLE (li_recovered=0.000e+00), time: 0.0038010830012353836
L: 0.50, u_super: 0.00442, sec: 242.226, prod: 0.099384, t_ads: 44.0, t_des: 39.2, bed_util_ads: 0.500, bed_util_des: 0.499, des_th: 0.49942132725883337,frac_lost: 0.106, li_recovered:  8.274, time: 0.0063025370000104886
L: 0.50, u_super: 0.00971, sec: 570.755, prod: 0.217925, t_ads: 20.1, t_des: 19.6, bed_util_ads: 0.491, bed_util_des: 0.491, des_th: 0.4906105246181027,frac_lost: 0.104, li_recovered:  8.640, time: 0.006136703001175192
L: 0.85, u_super: 0.00005, sec: 12.139, prod: 0.000403, t_ads: 3528.9, t_des: 3720.5, bed_util_ads: 0.216, bed_util_des: 0.195, des_th: 0.19553911664473317,frac_lost: 0.101, li_recovered:  2.924, time: 0.0029439460013236385
L: 0.50, u_super: 0.00884, sec: 509.343, prod: 0.200135, t_ads: 22.1, t_des: 20.1, bed_util_ads: 0.500, bed_util_des: 0.500, des_th: 0.4996387373283772,frac_lost: 0.107, li_recovered:  8.456, time: 0.00506477300041297
L: 0.50, u_super: 0.00859, sec: 548.327, prod: 0.174861, t_ads: 22.7, t_des: 27.1, bed_util_ads: 0.465, bed_util_des: 0.464, des_th: 0.46451411029506495,frac_lost: 0.104, li_recovered:  8.710, time: 0.006060087000150816
L: 2.03, u_super: 0.00965, sec: 2330.951, prod: 0.214129, t_ads: 81.5, t_des: 72.3, bed_util_ads: 0.497, bed_util_des: 0.497, des_th: 0.49686903494898704,frac_lost: 0.106, li_recovered:  32.914, time: 0.0068561669995688135
L: 0.50, u_super: 0.00203, sec: 110.471, prod: 0.044460, t_ads: 94.1, t_des: 80.5, bed_util_ads: 0.500, bed_util_des: 0.500, des_th: 0.49986939392654617,frac_lost: 0.100, li_recovered:  7.761, time: 0.005003765001674765
L: 0.50, u_super: 0.00167, sec: 90.542, prod: 0.036354, t_ads: 114.6, t_des: 99.3, bed_util_ads: 0.497, bed_util_des: 0.497, des_th: 0.4969277967932154,frac_lost: 0.104, li_recovered:  7.777, time: 0.004489181001190445
L: 91.41, u_super: 0.00658 — INFEASIBLE (li_recovered=0.000e+00), time: 0.0010383259996160632
L: 24.40, u_super: 0.00832 — INFEASIBLE (li_recovered=0.000e+00), time: 0.001792219998606015
L: 0.50, u_super: 0.00005, sec: 4.337, prod: 0.000667, t_ads: 3363.2, t_des: 5561.8, bed_util_ads: 0.254, bed_util_des: 0.190, des_th: 0.19080141904723172,frac_lost: 0.102, li_recovered:  5.957, time: 0.00725170600162528
L: 0.50, u_super: 0.00749, sec: 424.142, prod: 0.169305, t_ads: 25.9, t_des: 24.5, bed_util_ads: 0.493, bed_util_des: 0.493, des_th: 0.49258686453208256,frac_lost: 0.100, li_recovered:  8.544, time: 0.006296419000136666
L: 0.50, u_super: 0.00363, sec: 241.491, prod: 0.066370, t_ads: 53.5, t_des: 76.6, bed_util_ads: 0.438, bed_util_des: 0.437, des_th: 0.4368858245044352,frac_lost: 0.102, li_recovered:  8.634, time: 0.007068523000270943
L: 0.50, u_super: 0.00283, sec: 153.301, prod: 0.062834, t_ads: 68.1, t_des: 66.5, bed_util_ads: 0.486, bed_util_des: 0.485, des_th: 0.4850643799060862,frac_lost: 0.101, li_recovered:  8.455, time: 0.005265542000415735
L: 0.50, u_super: 0.00173, sec: 104.552, prod: 0.034005, t_ads: 111.5, t_des: 137.4, bed_util_ads: 0.453, bed_util_des: 0.450, des_th: 0.45048150022111194,frac_lost: 0.106, li_recovered:  8.462, time: 0.00464556199949584
L: 0.50, u_super: 0.00095, sec: 53.415, prod: 0.019977, t_ads: 197.0, t_des: 166.8, bed_util_ads: 0.492, bed_util_des: 0.492, des_th: 0.4920191280884384,frac_lost: 0.105, li_recovered:  7.268, time: 0.0038560499997402076
L: 0.50, u_super: 0.00521, sec: 286.886, prod: 0.117427, t_ads: 37.3, t_des: 33.4, bed_util_ads: 0.500, bed_util_des: 0.500, des_th: 0.49987389566185536,frac_lost: 0.103, li_recovered:  8.307, time: 0.004187095999441226
L: 31.92, u_super: 0.00355 — INFEASIBLE (li_recovered=0.000e+00), time: 0.0009035190014401451
L: 0.50, u_super: 0.00607, sec: 338.147, prod: 0.137109, t_ads: 32.0, t_des: 28.6, bed_util_ads: 0.500, bed_util_des: 0.500, des_th: 0.4998632588743974,frac_lost: 0.103, li_recovered:  8.307, time: 0.0038606689995503984
L: 0.50, u_super: 0.00945, sec: 548.167, prod: 0.214058, t_ads: 20.7, t_des: 18.8, bed_util_ads: 0.500, bed_util_des: 0.499, des_th: 0.49940224777766945,frac_lost: 0.107, li_recovered:  8.447, time: 0.004526594999333611
L: 0.50, u_super: 0.00033, sec: 21.482, prod: 0.005737, t_ads: 552.0, t_des: 726.3, bed_util_ads: 0.404, bed_util_des: 0.391, des_th: 0.3910167858646205,frac_lost: 0.105, li_recovered:  7.334, time: 0.004252808999808622
L: 0.50, u_super: 0.00086 — INFEASIBLE (li_recovered=0.000e+00), time: 0.002989901999171707
L: 0.50, u_super: 0.00055 — INFEASIBLE (li_recovered=0.000e+00), time: 0.0023475950001738966
L: 0.50, u_super: 0.00794, sec: 451.397, prod: 0.180168, t_ads: 24.5, t_des: 22.6, bed_util_ads: 0.497, bed_util_des: 0.497, des_th: 0.4968917653316561,frac_lost: 0.101, li_recovered:  8.474, time: 0.004410513998664101
L: 29.76, u_super: 0.00815 — INFEASIBLE (li_recovered=0.000e+00), time: 0.0021809459994983627
L: 0.50, u_super: 0.00914, sec: 527.187, prod: 0.207233, t_ads: 21.3, t_des: 19.4, bed_util_ads: 0.499, bed_util_des: 0.499, des_th: 0.49927616179282713,frac_lost: 0.104, li_recovered:  8.453, time: 0.006771819998903084
L: 0.50, u_super: 0.00279, sec: 150.885, prod: 0.062181, t_ads: 69.0, t_des: 60.7, bed_util_ads: 0.499, bed_util_des: 0.499, des_th: 0.4986735455412406,frac_lost: 0.102, li_recovered:  8.065, time: 0.004785941000591265
L: 0.50, u_super: 0.00849, sec: 519.698, prod: 0.180171, t_ads: 23.0, t_des: 25.3, bed_util_ads: 0.475, bed_util_des: 0.474, des_th: 0.4742406645737752,frac_lost: 0.104, li_recovered:  8.703, time: 0.005542008999327663
L: 0.50, u_super: 0.00908, sec: 537.980, prod: 0.200375, t_ads: 21.5, t_des: 21.8, bed_util_ads: 0.485, bed_util_des: 0.485, des_th: 0.4849112304731758,frac_lost: 0.104, li_recovered:  8.683, time: 0.009304875999077922
L: 0.50, u_super: 0.00348, sec: 188.976, prod: 0.077764, t_ads: 55.9, t_des: 49.3, bed_util_ads: 0.500, bed_util_des: 0.500, des_th: 0.49959255228406046,frac_lost: 0.106, li_recovered:  8.180, time: 0.005305488999510999
L: 0.50, u_super: 0.00037 — INFEASIBLE (li_recovered=0.000e+00), time: 0.003042020000066259
L: 0.50, u_super: 0.00190, sec: 102.044, prod: 0.041892, t_ads: 101.8, t_des: 92.8, bed_util_ads: 0.492, bed_util_des: 0.492, des_th: 0.49175332848448733,frac_lost: 0.109, li_recovered:  8.153, time: 0.0046915880011511035
L: 0.50, u_super: 0.00062, sec: 34.561, prod: 0.012804, t_ads: 298.2, t_des: 285.6, bed_util_ads: 0.467, bed_util_des: 0.465, des_th: 0.4653255989210506,frac_lost: 0.103, li_recovered:  7.474, time: 0.005837570999574382
L: 20.08, u_super: 0.00801 — INFEASIBLE (li_recovered=0.000e+00), time: 0.0036423339988687076
L: 0.50, u_super: 0.00771, sec: 456.678, prod: 0.167083, t_ads: 25.4, t_des: 26.6, bed_util_ads: 0.481, bed_util_des: 0.480, des_th: 0.48024725571518606,frac_lost: 0.108, li_recovered:  8.691, time: 0.005753000999902724
L: 0.50, u_super: 0.00305, sec: 176.862, prod: 0.063569, t_ads: 63.7, t_des: 71.3, bed_util_ads: 0.468, bed_util_des: 0.467, des_th: 0.4673183131852585,frac_lost: 0.106, li_recovered:  8.582, time: 0.007133402999897953
L: 0.50, u_super: 0.00891, sec: 513.849, prod: 0.201720, t_ads: 22.0, t_des: 19.9, bed_util_ads: 0.500, bed_util_des: 0.500, des_th: 0.4996246777585186,frac_lost: 0.107, li_recovered:  8.450, time: 0.005417349000708782
L: 0.50, u_super: 0.00990, sec: 576.984, prod: 0.224432, t_ads: 19.7, t_des: 17.9, bed_util_ads: 0.500, bed_util_des: 0.500, des_th: 0.49994556166208454,frac_lost: 0.105, li_recovered:  8.445, time: 0.004894220999631216
   344 |    13760 |     40 |  0.0009368760 |             f
L: 0.50, u_super: 0.00672, sec: 378.107, prod: 0.151476, t_ads: 29.1, t_des: 27.1, bed_util_ads: 0.497, bed_util_des: 0.496, des_th: 0.4963510374174641,frac_lost: 0.108, li_recovered:  8.514, time: 0.00425364299917419
L: 0.50, u_super: 0.00538, sec: 296.646, prod: 0.121483, t_ads: 36.1, t_des: 32.8, bed_util_ads: 0.497, bed_util_des: 0.497, des_th: 0.49686903494898704,frac_lost: 0.103, li_recovered:  8.373, time: 0.005443031999675441
L: 0.50, u_super: 0.00510, sec: 280.956, prod: 0.114775, t_ads: 38.1, t_des: 33.7, bed_util_ads: 0.500, bed_util_des: 0.500, des_th: 0.49987389566185536,frac_lost: 0.102, li_recovered:  8.234, time: 0.005256567999822437
L: 0.50, u_super: 0.00569, sec: 315.569, prod: 0.128514, t_ads: 34.1, t_des: 30.5, bed_util_ads: 0.500, bed_util_des: 0.500, des_th: 0.4998716058330025,frac_lost: 0.103, li_recovered:  8.308, time: 0.00470932099960919
L: 0.50, u_super: 0.00771, sec: 441.401, prod: 0.172866, t_ads: 25.4, t_des: 24.4, bed_util_ads: 0.492, bed_util_des: 0.492, des_th: 0.4920334049944577,frac_lost: 0.108, li_recovered:  8.607, time: 0.0056447989991283976
L: 0.50, u_super: 0.00167, sec: 90.446, prod: 0.036544, t_ads: 114.4, t_des: 100.2, bed_util_ads: 0.496, bed_util_des: 0.495, des_th: 0.49552866393682016,frac_lost: 0.104, li_recovered:  7.842, time: 0.0038079169989941875
L: 0.50, u_super: 0.00635, sec: 353.976, prod: 0.143615, t_ads: 30.6, t_des: 27.5, bed_util_ads: 0.500, bed_util_des: 0.500, des_th: 0.49964804500114185,frac_lost: 0.101, li_recovered:  8.337, time: 0.003944972000681446
L: 0.50, u_super: 0.00988, sec: 575.378, prod: 0.223946, t_ads: 19.8, t_des: 17.9, bed_util_ads: 0.500, bed_util_des: 0.499, des_th: 0.49942132725883337,frac_lost: 0.105, li_recovered:  8.447, time: 0.004975002000719542
L: 0.50, u_super: 0.00549, sec: 302.991, prod: 0.124107, t_ads: 35.3, t_des: 32.1, bed_util_ads: 0.499, bed_util_des: 0.498, des_th: 0.4983747828249689,frac_lost: 0.101, li_recovered:  8.371, time: 0.0056155140009650495
L: 0.50, u_super: 0.00795, sec: 453.380, prod: 0.179451, t_ads: 24.7, t_des: 22.1, bed_util_ads: 0.500, bed_util_des: 0.500, des_th: 0.4998170893273229,frac_lost: 0.109, li_recovered:  8.403, time: 0.005119507999552297
L: 0.50, u_super: 0.00550, sec: 303.816, prod: 0.124415, t_ads: 35.2, t_des: 31.9, bed_util_ads: 0.498, bed_util_des: 0.498, des_th: 0.49782549603434945,frac_lost: 0.101, li_recovered:  8.348, time: 0.004072095000083209
L: 0.50, u_super: 0.00225, sec: 121.167, prod: 0.050041, t_ads: 85.8, t_des: 78.8, bed_util_ads: 0.492, bed_util_des: 0.492, des_th: 0.49174971718070487,frac_lost: 0.107, li_recovered:  8.238, time: 0.004093329998795525
L: 0.50, u_super: 0.00078 — INFEASIBLE (li_recovered=0.000e+00), time: 0.003080876000240096
L: 0.50, u_super: 0.00691, sec: 390.595, prod: 0.155441, t_ads: 28.4, t_des: 26.6, bed_util_ads: 0.495, bed_util_des: 0.494, des_th: 0.49448182639138993,frac_lost: 0.109, li_recovered:  8.552, time: 0.005251878001217847
L: 0.50, u_super: 0.00422, sec: 255.233, prod: 0.085658, t_ads: 46.1, t_des: 54.8, bed_util_ads: 0.462, bed_util_des: 0.461, des_th: 0.4614475491877209,frac_lost: 0.104, li_recovered:  8.640, time: 0.0056875259997468675
L: 0.50, u_super: 0.00167, sec: 90.623, prod: 0.036322, t_ads: 114.8, t_des: 99.1, bed_util_ads: 0.497, bed_util_des: 0.497, des_th: 0.4969277967932154,frac_lost: 0.104, li_recovered:  7.769, time: 0.004692098998930305
L: 0.50, u_super: 0.00062 — INFEASIBLE (li_recovered=0.000e+00), time: 0.0030456040003628004
L: 0.50, u_super: 0.00521, sec: 286.886, prod: 0.117427, t_ads: 37.3, t_des: 33.4, bed_util_ads: 0.500, bed_util_des: 0.500, des_th: 0.49987389566185536,frac_lost: 0.103, li_recovered:  8.307, time: 0.0055152749991975725
L: 0.50, u_super: 0.00752, sec: 426.598, prod: 0.169795, t_ads: 26.1, t_des: 23.9, bed_util_ads: 0.498, bed_util_des: 0.497, des_th: 0.4975090027627912,frac_lost: 0.108, li_recovered:  8.486, time: 0.004131878000407596
L: 0.50, u_super: 0.00565, sec: 312.960, prod: 0.127677, t_ads: 34.3, t_des: 30.7, bed_util_ads: 0.500, bed_util_des: 0.500, des_th: 0.4999549596183149,frac_lost: 0.102, li_recovered:  8.306, time: 0.0039805649994377745
L: 0.50, u_super: 0.00878, sec: 505.231, prod: 0.198639, t_ads: 22.3, t_des: 20.2, bed_util_ads: 0.500, bed_util_des: 0.500, des_th: 0.49966410504699815,frac_lost: 0.107, li_recovered:  8.446, time: 0.005182492001040373
L: 0.50, u_super: 0.00033, sec: 20.413, prod: 0.006038, t_ads: 539.6, t_des: 640.9, bed_util_ads: 0.417, bed_util_des: 0.408, des_th: 0.4080319495102823,frac_lost: 0.101, li_recovered:  7.128, time: 0.006825618000220857
L: 0.50, u_super: 0.00126, sec: 69.181, prod: 0.026864, t_ads: 150.9, t_des: 128.6, bed_util_ads: 0.495, bed_util_des: 0.495, des_th: 0.4950133895808876,frac_lost: 0.104, li_recovered:  7.509, time: 0.005740934000641573
L: 0.50, u_super: 0.00061, sec: 34.381, prod: 0.012728, t_ads: 299.9, t_des: 287.1, bed_util_ads: 0.468, bed_util_des: 0.466, des_th: 0.4658839736299384,frac_lost: 0.103, li_recovered:  7.471, time: 0.0053026000005047536
L: 0.50, u_super: 0.00799, sec: 454.430, prod: 0.181302, t_ads: 24.3, t_des: 21.9, bed_util_ads: 0.500, bed_util_des: 0.500, des_th: 0.499967012956795,frac_lost: 0.101, li_recovered:  8.372, time: 0.004773225000462844
L: 0.50, u_super: 0.00418, sec: 228.079, prod: 0.093889, t_ads: 46.5, t_des: 41.5, bed_util_ads: 0.500, bed_util_des: 0.499, des_th: 0.49942132725883337,frac_lost: 0.105, li_recovered:  8.265, time: 0.004505864000748261
L: 0.50, u_super: 0.00611, sec: 340.408, prod: 0.138194, t_ads: 31.8, t_des: 28.4, bed_util_ads: 0.500, bed_util_des: 0.499, des_th: 0.49942132725883337,frac_lost: 0.102, li_recovered:  8.313, time: 0.0060273360013525235
L: 0.50, u_super: 0.00725, sec: 408.889, prod: 0.164300, t_ads: 26.8, t_des: 24.7, bed_util_ads: 0.496, bed_util_des: 0.496, des_th: 0.496012820850932,frac_lost: 0.102, li_recovered:  8.467, time: 0.005819063999297214
L: 0.50, u_super: 0.00245, sec: 133.105, prod: 0.053973, t_ads: 78.7, t_des: 67.6, bed_util_ads: 0.500, bed_util_des: 0.500, des_th: 0.4998654483435436,frac_lost: 0.104, li_recovered:  7.893, time: 0.006249134999961825
L: 0.50, u_super: 0.00212, sec: 113.573, prod: 0.046956, t_ads: 90.5, t_des: 81.5, bed_util_ads: 0.494, bed_util_des: 0.494, des_th: 0.49372364578073985,frac_lost: 0.101, li_recovered:  8.076, time: 0.0058423080008651596
L: 0.50, u_super: 0.00280, sec: 150.590, prod: 0.062515, t_ads: 69.1, t_des: 64.3, bed_util_ads: 0.492, bed_util_des: 0.492, des_th: 0.49205604952967635,frac_lost: 0.104, li_recovered:  8.335, time: 0.006716117000905797
L: 0.50, u_super: 0.00113, sec: 62.184, prod: 0.024308, t_ads: 165.9, t_des: 144.9, bed_util_ads: 0.491, bed_util_des: 0.491, des_th: 0.49108069594019554,frac_lost: 0.101, li_recovered:  7.554, time: 0.003908169001078932
L: 0.50, u_super: 0.00412, sec: 224.575, prod: 0.092447, t_ads: 47.2, t_des: 42.1, bed_util_ads: 0.500, bed_util_des: 0.499, des_th: 0.49942132725883337,frac_lost: 0.106, li_recovered:  8.262, time: 0.005023644000175409
L: 23.84, u_super: 0.00990 — INFEASIBLE (li_recovered=0.000e+00), time: 0.0022555479990842286
L: 0.50, u_super: 0.00595, sec: 349.779, prod: 0.127046, t_ads: 32.6, t_des: 35.6, bed_util_ads: 0.475, bed_util_des: 0.475, des_th: 0.47470650827983557,frac_lost: 0.102, li_recovered:  8.668, time: 0.005451273998914985
L: 0.50, u_super: 0.00724, sec: 407.711, prod: 0.164089, t_ads: 26.8, t_des: 24.2, bed_util_ads: 0.499, bed_util_des: 0.499, des_th: 0.49933496054729265,frac_lost: 0.100, li_recovered:  8.368, time: 0.008619576999990386
L: 0.50, u_super: 0.00084, sec: 254.661, prod: 0.003260, t_ads: 234.3, t_des: 2463.9, bed_util_ads: 0.212, bed_util_des: 0.186, des_th: 0.18553307737493113,frac_lost: 0.102, li_recovered:  8.796, time: 0.026624411999364384
L: 0.50, u_super: 0.00370, sec: 201.385, prod: 0.082794, t_ads: 52.6, t_des: 46.4, bed_util_ads: 0.499, bed_util_des: 0.499, des_th: 0.49923731850894987,frac_lost: 0.107, li_recovered:  8.198, time: 0.004801280998435686
L: 0.50, u_super: 0.00411, sec: 224.198, prod: 0.092139, t_ads: 47.2, t_des: 41.7, bed_util_ads: 0.500, bed_util_des: 0.500, des_th: 0.4999549596183149,frac_lost: 0.104, li_recovered:  8.197, time: 0.004003039999588509
L: 0.50, u_super: 0.00518, sec: 407.817, prod: 0.081928, t_ads: 37.8, t_des: 68.4, bed_util_ads: 0.412, bed_util_des: 0.410, des_th: 0.4101110177979663,frac_lost: 0.107, li_recovered:  8.698, time: 0.006140318000689149
   345 |    13800 |     40 |  0.0035720015 |             f
L: 0.50, u_super: 0.00108, sec: 63.800, prod: 0.021530, t_ads: 175.2, t_des: 208.1, bed_util_ads: 0.452, bed_util_des: 0.448, des_th: 0.44833777724018237,frac_lost: 0.101, li_recovered:  8.250, time: 0.004311403999963659
L: 3.70, u_super: 0.00989, sec: 4464.261, prod: 0.214010, t_ads: 141.6, t_des: 123.8, bed_util_ads: 0.492, bed_util_des: 0.492, des_th: 0.4920191280884384,frac_lost: 0.101, li_recovered:  56.811, time: 0.004059257000335492
L: 0.50, u_super: 0.00771, sec: 436.378, prod: 0.174855, t_ads: 25.2, t_des: 23.0, bed_util_ads: 0.497, bed_util_des: 0.497, des_th: 0.4968750438168919,frac_lost: 0.100, li_recovered:  8.433, time: 0.004049020999445929
L: 0.50, u_super: 0.00190, sec: 102.044, prod: 0.041892, t_ads: 101.8, t_des: 92.8, bed_util_ads: 0.492, bed_util_des: 0.492, des_th: 0.49175332848448733,frac_lost: 0.109, li_recovered:  8.153, time: 0.004621175001375377
L: 0.50, u_super: 0.00442, sec: 242.172, prod: 0.099406, t_ads: 44.0, t_des: 39.2, bed_util_ads: 0.500, bed_util_des: 0.499, des_th: 0.49942132725883337,frac_lost: 0.106, li_recovered:  8.271, time: 0.006711029000143753
L: 0.50, u_super: 0.00316, sec: 1375.761, prod: 0.008790, t_ads: 62.3, t_des: 937.8, bed_util_ads: 0.193, bed_util_des: 0.185, des_th: 0.1851696623157332,frac_lost: 0.105, li_recovered:  8.790, time: 0.03939927300052659
L: 0.50, u_super: 0.00278, sec: 150.753, prod: 0.061637, t_ads: 69.4, t_des: 60.2, bed_util_ads: 0.500, bed_util_des: 0.500, des_th: 0.49965983111875356,frac_lost: 0.103, li_recovered:  7.989, time: 0.00470337099977769
L: 22.32, u_super: 0.00303 — INFEASIBLE (li_recovered=0.000e+00), time: 0.000969335000263527
L: 0.50, u_super: 0.00342, sec: 185.472, prod: 0.076541, t_ads: 57.0, t_des: 51.5, bed_util_ads: 0.496, bed_util_des: 0.496, des_th: 0.4957514821737848,frac_lost: 0.109, li_recovered:  8.302, time: 0.004574040000079549
L: 51.17, u_super: 0.00966 — INFEASIBLE (li_recovered=0.000e+00), time: 0.0012297209996177116
L: 0.50, u_super: 0.00933, sec: 539.793, prod: 0.211367, t_ads: 21.0, t_des: 19.0, bed_util_ads: 0.500, bed_util_des: 0.500, des_th: 0.49980977140525895,frac_lost: 0.105, li_recovered:  8.445, time: 0.004254560999470414
L: 6.59, u_super: 0.00878 — INFEASIBLE (li_recovered=0.000e+00), time: 0.0027707889985322254
L: 0.50, u_super: 0.00849, sec: 487.335, prod: 0.192136, t_ads: 23.1, t_des: 20.7, bed_util_ads: 0.500, bed_util_des: 0.500, des_th: 0.4998170893273229,frac_lost: 0.107, li_recovered:  8.401, time: 0.006596387000172399
L: 0.50, u_super: 0.00348, sec: 188.909, prod: 0.077747, t_ads: 55.9, t_des: 49.4, bed_util_ads: 0.500, bed_util_des: 0.500, des_th: 0.4998654483435436,frac_lost: 0.107, li_recovered:  8.190, time: 0.004220775999783655
L: 0.50, u_super: 0.00990, sec: 576.953, prod: 0.224444, t_ads: 19.7, t_des: 17.9, bed_util_ads: 0.500, bed_util_des: 0.500, des_th: 0.49987042620480876,frac_lost: 0.105, li_recovered:  8.454, time: 0.006571165000423207
L: 0.50, u_super: 0.00777, sec: 440.966, prod: 0.176166, t_ads: 25.0, t_des: 22.5, bed_util_ads: 0.500, bed_util_des: 0.500, des_th: 0.49984435100970026,frac_lost: 0.102, li_recovered:  8.375, time: 0.00594514400108892
L: 0.50, u_super: 0.00442, sec: 241.996, prod: 0.099478, t_ads: 43.9, t_des: 39.2, bed_util_ads: 0.500, bed_util_des: 0.500, des_th: 0.49965007983697646,frac_lost: 0.104, li_recovered:  8.265, time: 0.0052300849984021625
L: 0.50, u_super: 0.00653, sec: 365.689, prod: 0.147690, t_ads: 29.7, t_des: 26.5, bed_util_ads: 0.500, bed_util_des: 0.500, des_th: 0.49982299770798483,frac_lost: 0.102, li_recovered:  8.309, time: 0.004228383000736358
L: 0.50, u_super: 0.00635, sec: 3356.385, prod: 0.015146, t_ads: 30.9, t_des: 549.0, bed_util_ads: 0.183, bed_util_des: 0.179, des_th: 0.17856436772058054,frac_lost: 0.103, li_recovered:  8.782, time: 0.03554569399966567
L: 0.50, u_super: 0.00127 — INFEASIBLE (li_recovered=0.000e+00), time: 0.0025453470007050782
L: 0.50, u_super: 0.00751, sec: 426.159, prod: 0.169828, t_ads: 26.1, t_des: 23.7, bed_util_ads: 0.499, bed_util_des: 0.499, des_th: 0.49933496054729265,frac_lost: 0.108, li_recovered:  8.446, time: 0.0041009780015883734
L: 76.89, u_super: 0.00037 — INFEASIBLE (li_recovered=0.000e+00), time: 0.0006715420004184125
L: 0.50, u_super: 0.00510, sec: 280.956, prod: 0.114775, t_ads: 38.1, t_des: 33.7, bed_util_ads: 0.500, bed_util_des: 0.500, des_th: 0.49987389566185536,frac_lost: 0.102, li_recovered:  8.234, time: 0.0035097359996143496
L: 0.50, u_super: 0.00873, sec: 527.729, prod: 0.188173, t_ads: 22.4, t_des: 23.9, bed_util_ads: 0.479, bed_util_des: 0.478, des_th: 0.47821973435335374,frac_lost: 0.104, li_recovered:  8.701, time: 0.0040258649987663375
L: 0.50, u_super: 0.00967, sec: 562.417, prod: 0.218813, t_ads: 20.2, t_des: 18.8, bed_util_ads: 0.497, bed_util_des: 0.497, des_th: 0.49686903494898704,frac_lost: 0.105, li_recovered:  8.532, time: 0.003996642999481992
L: 0.50, u_super: 0.00008 — INFEASIBLE (li_recovered=0.000e+00), time: 0.0011065590006182902
L: 0.50, u_super: 0.00849, sec: 485.515, prod: 0.192857, t_ads: 22.9, t_des: 20.9, bed_util_ads: 0.497, bed_util_des: 0.497, des_th: 0.4970119658697137,frac_lost: 0.100, li_recovered:  8.447, time: 0.004918358999930206
L: 13.75, u_super: 0.00891 — INFEASIBLE (li_recovered=0.000e+00), time: 0.002093397000862751
L: 0.50, u_super: 0.00959, sec: 557.108, prod: 0.217395, t_ads: 20.4, t_des: 18.5, bed_util_ads: 0.500, bed_util_des: 0.500, des_th: 0.49982005512869127,frac_lost: 0.106, li_recovered:  8.443, time: 0.004389491999972961
L: 0.50, u_super: 0.00028, sec: 18.413, prod: 0.005089, t_ads: 581.7, t_des: 548.9, bed_util_ads: 0.438, bed_util_des: 0.436, des_th: 0.4362822680585793,frac_lost: 0.102, li_recovered:  5.754, time: 0.004426653000336955
L: 0.50, u_super: 0.00988, sec: 576.693, prod: 0.223477, t_ads: 19.8, t_des: 18.6, bed_util_ads: 0.495, bed_util_des: 0.495, des_th: 0.49521367769694935,frac_lost: 0.104, li_recovered:  8.565, time: 0.005495941999470233
L: 10.98, u_super: 0.00611 — INFEASIBLE (li_recovered=0.000e+00), time: 0.0026576290001685265
L: 0.50, u_super: 0.00945, sec: 611.479, prod: 0.191895, t_ads: 20.7, t_des: 24.7, bed_util_ads: 0.465, bed_util_des: 0.464, des_th: 0.4641369973369136,frac_lost: 0.105, li_recovered:  8.716, time: 0.0076640649986075005
L: 0.50, u_super: 0.00510, sec: 280.712, prod: 0.114875, t_ads: 38.2, t_des: 34.1, bed_util_ads: 0.500, bed_util_des: 0.500, des_th: 0.49987389566185536,frac_lost: 0.104, li_recovered:  8.306, time: 0.005821341999762808
L: 0.50, u_super: 0.00563, sec: 317.194, prod: 0.124796, t_ads: 34.5, t_des: 34.6, bed_util_ads: 0.485, bed_util_des: 0.484, des_th: 0.48428833569987045,frac_lost: 0.101, li_recovered:  8.620, time: 0.0043453490015963325
L: 0.50, u_super: 0.00126, sec: 69.582, prod: 0.026709, t_ads: 151.0, t_des: 126.9, bed_util_ads: 0.497, bed_util_des: 0.496, des_th: 0.49652311602470584,frac_lost: 0.104, li_recovered:  7.423, time: 0.0042147809999733
L: 6.74, u_super: 0.00796 — INFEASIBLE (li_recovered=0.000e+00), time: 0.0024808140005916357
L: 38.82, u_super: 0.00005 — INFEASIBLE (li_recovered=0.000e+00), time: 0.0008748069994908292
L: 0.50, u_super: 0.00336, sec: 183.000, prod: 0.074889, t_ads: 57.8, t_des: 55.4, bed_util_ads: 0.490, bed_util_des: 0.489, des_th: 0.48927135614984607,frac_lost: 0.106, li_recovered:  8.481, time: 0.0038168659993971232
L: 0.50, u_super: 0.00183, sec: 98.391, prod: 0.040226, t_ads: 104.6, t_des: 92.8, bed_util_ads: 0.495, bed_util_des: 0.495, des_th: 0.49462853261227785,frac_lost: 0.101, li_recovered:  7.939, time: 0.0036807880005653715
   346 |    13840 |     40 |  0.0006534054 |             f
L: 0.50, u_super: 0.00984, sec: 573.636, prod: 0.222876, t_ads: 19.8, t_des: 18.4, bed_util_ads: 0.496, bed_util_des: 0.496, des_th: 0.4959208186797694,frac_lost: 0.105, li_recovered:  8.534, time: 0.0048863609990803525
L: 0.50, u_super: 0.00303, sec: 163.675, prod: 0.067875, t_ads: 63.7, t_des: 57.2, bed_util_ads: 0.497, bed_util_des: 0.497, des_th: 0.4968917653316561,frac_lost: 0.103, li_recovered:  8.201, time: 0.003735738999239402
L: 0.50, u_super: 0.00348, sec: 190.207, prod: 0.077343, t_ads: 55.9, t_des: 54.2, bed_util_ads: 0.488, bed_util_des: 0.488, des_th: 0.4878405560232788,frac_lost: 0.106, li_recovered:  8.512, time: 0.005308194000463118
L: 0.50, u_super: 0.00442, sec: 242.219, prod: 0.099387, t_ads: 44.0, t_des: 39.2, bed_util_ads: 0.500, bed_util_des: 0.500, des_th: 0.49965007983697646,frac_lost: 0.106, li_recovered:  8.267, time: 0.004311551001592306
L: 0.50, u_super: 0.00626, sec: 348.952, prod: 0.141643, t_ads: 31.1, t_des: 28.4, bed_util_ads: 0.497, bed_util_des: 0.496, des_th: 0.4964264690824881,frac_lost: 0.103, li_recovered:  8.425, time: 0.004497242998695583
L: 0.50, u_super: 0.00691, sec: 390.129, prod: 0.155627, t_ads: 28.3, t_des: 26.6, bed_util_ads: 0.495, bed_util_des: 0.494, des_th: 0.49448182639138993,frac_lost: 0.108, li_recovered:  8.543, time: 0.004477122000025702
L: 0.50, u_super: 0.00225, sec: 121.025, prod: 0.050100, t_ads: 85.5, t_des: 78.3, bed_util_ads: 0.492, bed_util_des: 0.492, des_th: 0.4917723811388249,frac_lost: 0.105, li_recovered:  8.205, time: 0.003497645000607008
L: 79.28, u_super: 0.00878, sec: 134588.456, prod: 0.118241, t_ads: 3039.3, t_des: 4991.4, bed_util_ads: 0.260, bed_util_des: 0.199, des_th: 0.19934456201585285,frac_lost: 0.102, li_recovered:  949.555, time: 0.004454972000530688
L: 0.50, u_super: 0.00724, sec: 448.367, prod: 0.149210, t_ads: 27.1, t_des: 31.2, bed_util_ads: 0.468, bed_util_des: 0.468, des_th: 0.46774322268677426,frac_lost: 0.108, li_recovered:  8.699, time: 0.004943775000356254
L: 7.61, u_super: 0.00245 — INFEASIBLE (li_recovered=0.000e+00), time: 0.0013202540012571262
L: 3.34, u_super: 0.00797, sec: 3543.842, prod: 0.154561, t_ads: 160.5, t_des: 199.6, bed_util_ads: 0.447, bed_util_des: 0.443, des_th: 0.4433848354437287,frac_lost: 0.106, li_recovered:  55.657, time: 0.005154598000444821
L: 0.50, u_super: 0.00951, sec: 566.506, prod: 0.209887, t_ads: 20.5, t_des: 20.9, bed_util_ads: 0.485, bed_util_des: 0.484, des_th: 0.4843857019628896,frac_lost: 0.104, li_recovered:  8.687, time: 0.004572264999296749
L: 0.50, u_super: 0.00115, sec: 62.651, prod: 0.024984, t_ads: 164.6, t_des: 149.7, bed_util_ads: 0.487, bed_util_des: 0.486, des_th: 0.48623266343158966,frac_lost: 0.106, li_recovered:  7.852, time: 0.004014856998765026
L: 0.50, u_super: 0.00849, sec: 500.172, prod: 0.187205, t_ads: 23.0, t_des: 23.4, bed_util_ads: 0.484, bed_util_des: 0.484, des_th: 0.4837989406659431,frac_lost: 0.105, li_recovered:  8.680, time: 0.004813382000065758
L: 0.50, u_super: 0.00385, sec: 212.707, prod: 0.085036, t_ads: 50.5, t_des: 50.2, bed_util_ads: 0.486, bed_util_des: 0.485, des_th: 0.48504947966084433,frac_lost: 0.106, li_recovered:  8.566, time: 0.003705249999256921
L: 0.50, u_super: 0.00510, sec: 280.712, prod: 0.114875, t_ads: 38.2, t_des: 34.1, bed_util_ads: 0.500, bed_util_des: 0.500, des_th: 0.49987389566185536,frac_lost: 0.104, li_recovered:  8.306, time: 0.0042372170009912224
L: 0.50, u_super: 0.00563, sec: 311.719, prod: 0.127325, t_ads: 34.4, t_des: 30.8, bed_util_ads: 0.500, bed_util_des: 0.500, des_th: 0.49964804500114185,frac_lost: 0.101, li_recovered:  8.307, time: 0.004503410000324948
L: 0.50, u_super: 0.00255, sec: 138.412, prod: 0.056566, t_ads: 75.4, t_des: 65.5, bed_util_ads: 0.500, bed_util_des: 0.500, des_th: 0.4999502347659808,frac_lost: 0.103, li_recovered:  7.972, time: 0.004551260000880575
L: 0.50, u_super: 0.00100, sec: 54.534, prod: 0.021583, t_ads: 188.2, t_des: 176.0, bed_util_ads: 0.481, bed_util_des: 0.480, des_th: 0.48039338942782117,frac_lost: 0.104, li_recovered:  7.860, time: 0.005020177000915282
L: 0.50, u_super: 0.00595, sec: 330.370, prod: 0.134510, t_ads: 32.7, t_des: 29.9, bed_util_ads: 0.497, bed_util_des: 0.497, des_th: 0.49686903494898704,frac_lost: 0.103, li_recovered:  8.416, time: 0.003901963000316755
L: 0.50, u_super: 0.00033, sec: 20.406, prod: 0.006040, t_ads: 520.0, t_des: 485.6, bed_util_ads: 0.446, bed_util_des: 0.444, des_th: 0.4442988512535471,frac_lost: 0.100, li_recovered:  6.074, time: 0.004112085000087973
L: 0.50, u_super: 0.00795, sec: 452.278, prod: 0.180321, t_ads: 24.4, t_des: 21.8, bed_util_ads: 0.500, bed_util_des: 0.500, des_th: 0.499967012956795,frac_lost: 0.100, li_recovered:  8.331, time: 0.004681913998865639
L: 0.50, u_super: 0.00878, sec: 504.833, prod: 0.198796, t_ads: 22.3, t_des: 20.0, bed_util_ads: 0.500, bed_util_des: 0.500, des_th: 0.4999791419032054,frac_lost: 0.105, li_recovered:  8.396, time: 0.006870707000416587
L: 0.50, u_super: 0.00278, sec: 151.288, prod: 0.061419, t_ads: 69.5, t_des: 68.5, bed_util_ads: 0.485, bed_util_des: 0.484, des_th: 0.4841887441928011,frac_lost: 0.104, li_recovered:  8.478, time: 0.005411767000623513
L: 9.35, u_super: 0.00009 — INFEASIBLE (li_recovered=0.000e+00), time: 0.0006835019994468894
L: 0.50, u_super: 0.00412, sec: 224.869, prod: 0.092303, t_ads: 47.3, t_des: 41.7, bed_util_ads: 0.500, bed_util_des: 0.500, des_th: 0.4998742824657685,frac_lost: 0.106, li_recovered:  8.215, time: 0.005782759999419795
L: 0.50, u_super: 0.00403, sec: 220.350, prod: 0.090377, t_ads: 48.2, t_des: 42.5, bed_util_ads: 0.500, bed_util_des: 0.500, des_th: 0.49965007983697646,frac_lost: 0.106, li_recovered:  8.202, time: 0.005334363999281777
L: 0.50, u_super: 0.00017, sec: 22.277, prod: 0.001451, t_ads: 1177.4, t_des: 4670.2, bed_util_ads: 0.252, bed_util_des: 0.185, des_th: 0.1851696623157332,frac_lost: 0.101, li_recovered:  8.486, time: 0.009930526999596623
L: 0.50, u_super: 0.00036 — INFEASIBLE (li_recovered=0.000e+00), time: 0.004311379001592286
L: 0.50, u_super: 0.00691, sec: 389.522, prod: 0.155869, t_ads: 28.3, t_des: 26.3, bed_util_ads: 0.496, bed_util_des: 0.496, des_th: 0.49577886972680174,frac_lost: 0.107, li_recovered:  8.514, time: 0.00413377400036552
L: 0.50, u_super: 0.00132, sec: 71.763, prod: 0.028724, t_ads: 143.1, t_des: 126.9, bed_util_ads: 0.491, bed_util_des: 0.490, des_th: 0.49051111572654693,frac_lost: 0.101, li_recovered:  7.756, time: 0.004479971999899135
L: 0.50, u_super: 0.00990, sec: 576.624, prod: 0.224577, t_ads: 19.7, t_des: 17.9, bed_util_ads: 0.500, bed_util_des: 0.500, des_th: 0.49958939453984097,frac_lost: 0.104, li_recovered:  8.456, time: 0.005275219000395737
L: 0.50, u_super: 0.00320, sec: 173.577, prod: 0.071475, t_ads: 60.2, t_des: 52.9, bed_util_ads: 0.500, bed_util_des: 0.500, des_th: 0.4998305054926393,frac_lost: 0.102, li_recovered:  8.084, time: 0.004909069999484927
L: 22.29, u_super: 0.00225 — INFEASIBLE (li_recovered=0.000e+00), time: 0.0014416510002774885
L: 0.50, u_super: 0.00673, sec: 376.948, prod: 0.152429, t_ads: 28.8, t_des: 26.1, bed_util_ads: 0.499, bed_util_des: 0.499, des_th: 0.4993455215804793,frac_lost: 0.101, li_recovered:  8.368, time: 0.005154982998647029
L: 0.50, u_super: 0.00639, sec: 356.977, prod: 0.144523, t_ads: 30.4, t_des: 27.1, bed_util_ads: 0.500, bed_util_des: 0.500, des_th: 0.4997148764336885,frac_lost: 0.102, li_recovered:  8.309, time: 0.003942313000152353
L: 0.50, u_super: 0.00512, sec: 282.227, prod: 0.115581, t_ads: 37.9, t_des: 33.8, bed_util_ads: 0.500, bed_util_des: 0.500, des_th: 0.4997444650481103,frac_lost: 0.103, li_recovered:  8.289, time: 0.005182675999094499
L: 0.50, u_super: 0.00243, sec: 131.142, prod: 0.054108, t_ads: 79.2, t_des: 70.5, bed_util_ads: 0.496, bed_util_des: 0.496, des_th: 0.495560643928575,frac_lost: 0.104, li_recovered:  8.099, time: 0.005064947999926517
L: 0.50, u_super: 0.00719, sec: 406.366, prod: 0.162494, t_ads: 27.2, t_des: 24.4, bed_util_ads: 0.500, bed_util_des: 0.500, des_th: 0.49964104956830013,frac_lost: 0.107, li_recovered:  8.382, time: 0.006581038998774602
L: 7.69, u_super: 0.00300 — INFEASIBLE (li_recovered=0.000e+00), time: 0.0017890800008899532
   347 |    13880 |     40 |  0.0033470052 |             f
L: 0.50, u_super: 0.00225, sec: 121.788, prod: 0.049786, t_ads: 85.9, t_des: 75.3, bed_util_ads: 0.498, bed_util_des: 0.498, des_th: 0.49767087557689943,frac_lost: 0.108, li_recovered:  8.024, time: 0.003869856000164873
L: 0.50, u_super: 0.00062, sec: 34.534, prod: 0.012814, t_ads: 298.2, t_des: 289.2, bed_util_ads: 0.467, bed_util_des: 0.464, des_th: 0.46451411029506495,frac_lost: 0.103, li_recovered:  7.526, time: 0.004424456999913673
L: 0.50, u_super: 0.00930, sec: 537.743, prod: 0.210694, t_ads: 21.0, t_des: 18.8, bed_util_ads: 0.500, bed_util_des: 0.500, des_th: 0.49980977140525895,frac_lost: 0.104, li_recovered:  8.394, time: 0.006603407000511652
L: 0.50, u_super: 0.00989, sec: 576.214, prod: 0.224462, t_ads: 19.7, t_des: 18.0, bed_util_ads: 0.500, bed_util_des: 0.499, des_th: 0.49942132725883337,frac_lost: 0.104, li_recovered:  8.462, time: 0.005455086000438314
L: 0.50, u_super: 0.00022 — INFEASIBLE (li_recovered=0.000e+00), time: 0.0016694480000296608
L: 2.02, u_super: 0.00595, sec: 1534.830, prod: 0.117048, t_ads: 130.1, t_des: 160.0, bed_util_ads: 0.451, bed_util_des: 0.448, des_th: 0.44846954186403165,frac_lost: 0.103, li_recovered:  33.951, time: 0.008303019998493255
L: 0.50, u_super: 0.00193, sec: 103.521, prod: 0.042772, t_ads: 99.0, t_des: 90.0, bed_util_ads: 0.492, bed_util_des: 0.492, des_th: 0.49175332848448733,frac_lost: 0.100, li_recovered:  8.086, time: 0.0061548829999082955
L: 0.50, u_super: 0.00095, sec: 53.385, prod: 0.019718, t_ads: 198.4, t_des: 165.8, bed_util_ads: 0.493, bed_util_des: 0.493, des_th: 0.49282139442700407,frac_lost: 0.106, li_recovered:  7.180, time: 0.004931699999360717
L: 0.50, u_super: 0.00412, sec: 224.863, prod: 0.092418, t_ads: 47.1, t_des: 41.6, bed_util_ads: 0.500, bed_util_des: 0.500, des_th: 0.4998742824657685,frac_lost: 0.104, li_recovered:  8.202, time: 0.007336388998737675
L: 0.50, u_super: 0.00695, sec: 390.415, prod: 0.157466, t_ads: 27.9, t_des: 25.8, bed_util_ads: 0.497, bed_util_des: 0.496, des_th: 0.49651525970134813,frac_lost: 0.101, li_recovered:  8.469, time: 0.0052114530008111615
L: 0.50, u_super: 0.00028 — INFEASIBLE (li_recovered=0.000e+00), time: 0.002750109000771772
L: 18.22, u_super: 0.00026 — INFEASIBLE (li_recovered=0.000e+00), time: 0.0006483340002887417
L: 0.50, u_super: 0.00878, sec: 505.510, prod: 0.198529, t_ads: 22.3, t_des: 20.2, bed_util_ads: 0.500, bed_util_des: 0.500, des_th: 0.49996984437237807,frac_lost: 0.108, li_recovered:  8.452, time: 0.005875257998923189
L: 0.50, u_super: 0.00378, sec: 205.454, prod: 0.084773, t_ads: 51.5, t_des: 47.6, bed_util_ads: 0.495, bed_util_des: 0.494, des_th: 0.49421963850490763,frac_lost: 0.107, li_recovered:  8.401, time: 0.008156048999808263
L: 0.50, u_super: 0.00091, sec: 51.823, prod: 0.018854, t_ads: 204.1, t_des: 169.3, bed_util_ads: 0.492, bed_util_des: 0.492, des_th: 0.49226259909293646,frac_lost: 0.101, li_recovered:  7.042, time: 0.006244815998798003
L: 14.55, u_super: 0.00225 — INFEASIBLE (li_recovered=0.000e+00), time: 0.0012089680003555259
L: 0.50, u_super: 0.00314, sec: 169.417, prod: 0.070293, t_ads: 61.5, t_des: 55.3, bed_util_ads: 0.497, bed_util_des: 0.497, des_th: 0.49680188836148437,frac_lost: 0.102, li_recovered:  8.208, time: 0.006662230000074487
L: 0.50, u_super: 0.00196, sec: 131.750, prod: 0.034787, t_ads: 98.2, t_des: 146.9, bed_util_ads: 0.429, bed_util_des: 0.426, des_th: 0.42633444031004186,frac_lost: 0.102, li_recovered:  8.526, time: 0.006991821999690728
L: 48.64, u_super: 0.00244 — INFEASIBLE (li_recovered=0.000e+00), time: 0.00120871699982672
L: 0.50, u_super: 0.00872, sec: 502.020, prod: 0.196979, t_ads: 22.5, t_des: 20.8, bed_util_ads: 0.497, bed_util_des: 0.497, des_th: 0.4970119658697137,frac_lost: 0.108, li_recovered:  8.528, time: 0.0051519720000214875
L: 0.50, u_super: 0.00622, sec: 346.745, prod: 0.140627, t_ads: 31.3, t_des: 28.3, bed_util_ads: 0.499, bed_util_des: 0.499, des_th: 0.4993455215804793,frac_lost: 0.104, li_recovered:  8.374, time: 0.005870790000699344
L: 0.50, u_super: 0.00451, sec: 2085.086, prod: 0.012043, t_ads: 43.4, t_des: 685.9, bed_util_ads: 0.191, bed_util_des: 0.185, des_th: 0.1851696623157332,frac_lost: 0.103, li_recovered:  8.784, time: 0.04185131300073408
L: 0.50, u_super: 0.00749, sec: 422.825, prod: 0.169832, t_ads: 25.9, t_des: 23.7, bed_util_ads: 0.497, bed_util_des: 0.497, des_th: 0.49684817878322884,frac_lost: 0.100, li_recovered:  8.432, time: 0.004228392999721109
L: 0.50, u_super: 0.00320, sec: 173.577, prod: 0.071475, t_ads: 60.2, t_des: 52.9, bed_util_ads: 0.500, bed_util_des: 0.500, des_th: 0.4998305054926393,frac_lost: 0.102, li_recovered:  8.084, time: 0.004523671001152252
L: 0.50, u_super: 0.00618, sec: 351.677, prod: 0.136644, t_ads: 31.4, t_des: 31.8, bed_util_ads: 0.484, bed_util_des: 0.483, des_th: 0.48346775305911444,frac_lost: 0.101, li_recovered:  8.639, time: 0.004877086999840685
L: 0.50, u_super: 0.00348, sec: 190.068, prod: 0.077288, t_ads: 55.9, t_des: 54.2, bed_util_ads: 0.488, bed_util_des: 0.488, des_th: 0.4878405560232788,frac_lost: 0.106, li_recovered:  8.511, time: 0.004954138001266983
L: 1.71, u_super: 0.00534, sec: 1037.568, prod: 0.116633, t_ads: 122.5, t_des: 119.3, bed_util_ads: 0.481, bed_util_des: 0.480, des_th: 0.47971832223755695,frac_lost: 0.105, li_recovered:  28.201, time: 0.004051709000123083
L: 0.50, u_super: 0.00644, sec: 399.521, prod: 0.131119, t_ads: 30.4, t_des: 35.9, bed_util_ads: 0.466, bed_util_des: 0.465, des_th: 0.4653872847757554,frac_lost: 0.107, li_recovered:  8.690, time: 0.004458526000234997
L: 0.50, u_super: 0.00390, sec: 1620.586, prod: 0.011445, t_ads: 50.3, t_des: 716.9, bed_util_ads: 0.198, bed_util_des: 0.192, des_th: 0.19187677214622098,frac_lost: 0.102, li_recovered:  8.780, time: 0.02782967799976177
L: 0.50, u_super: 0.00505, sec: 278.278, prod: 0.113683, t_ads: 38.4, t_des: 34.0, bed_util_ads: 0.500, bed_util_des: 0.500, des_th: 0.4998989234542485,frac_lost: 0.103, li_recovered:  8.239, time: 0.0039451220000046305
L: 0.50, u_super: 0.00965, sec: 560.377, prod: 0.218976, t_ads: 20.2, t_des: 18.3, bed_util_ads: 0.500, bed_util_des: 0.500, des_th: 0.49965007983697646,frac_lost: 0.104, li_recovered:  8.441, time: 0.005996818999847164
L: 0.50, u_super: 0.00167, sec: 90.446, prod: 0.036544, t_ads: 114.4, t_des: 100.2, bed_util_ads: 0.496, bed_util_des: 0.495, des_th: 0.49552866393682016,frac_lost: 0.104, li_recovered:  7.842, time: 0.0046657759994559456
L: 0.50, u_super: 0.00510, sec: 280.956, prod: 0.114775, t_ads: 38.1, t_des: 33.7, bed_util_ads: 0.500, bed_util_des: 0.500, des_th: 0.49987389566185536,frac_lost: 0.102, li_recovered:  8.234, time: 0.005294139999023173
L: 43.62, u_super: 0.00304 — INFEASIBLE (li_recovered=0.000e+00), time: 0.0009447560005355626
L: 0.50, u_super: 0.00873, sec: 506.288, prod: 0.195986, t_ads: 22.4, t_des: 21.5, bed_util_ads: 0.492, bed_util_des: 0.492, des_th: 0.49175332848448733,frac_lost: 0.107, li_recovered:  8.618, time: 0.006517182999232318
L: 0.50, u_super: 0.00849, sec: 525.947, prod: 0.178031, t_ads: 23.1, t_des: 25.9, bed_util_ads: 0.472, bed_util_des: 0.472, des_th: 0.47172170684710685,frac_lost: 0.107, li_recovered:  8.708, time: 0.008109309999781544
L: 0.50, u_super: 0.00653, sec: 365.506, prod: 0.147764, t_ads: 29.7, t_des: 26.6, bed_util_ads: 0.500, bed_util_des: 0.500, des_th: 0.499834966777159,frac_lost: 0.102, li_recovered:  8.315, time: 0.006848600000012084
L: 26.72, u_super: 0.00255 — INFEASIBLE (li_recovered=0.000e+00), time: 0.0011440239995863521
L: 0.50, u_super: 0.00442, sec: 242.105, prod: 0.099434, t_ads: 44.0, t_des: 39.2, bed_util_ads: 0.500, bed_util_des: 0.500, des_th: 0.499603568570583,frac_lost: 0.105, li_recovered:  8.271, time: 0.00624813100148458
L: 0.50, u_super: 0.00878, sec: 505.488, prod: 0.198538, t_ads: 22.3, t_des: 20.2, bed_util_ads: 0.500, bed_util_des: 0.500, des_th: 0.49996712583841685,frac_lost: 0.108, li_recovered:  8.441, time: 0.005882268000277691
   348 |    13920 |     40 |  0.0012332645 |             f
L: 0.50, u_super: 0.00705, sec: 397.778, prod: 0.159394, t_ads: 27.7, t_des: 24.8, bed_util_ads: 0.499, bed_util_des: 0.499, des_th: 0.4993455215804793,frac_lost: 0.107, li_recovered:  8.376, time: 0.005955899001492071
L: 0.83, u_super: 0.00799, sec: 761.841, prod: 0.179940, t_ads: 40.5, t_des: 36.1, bed_util_ads: 0.500, bed_util_des: 0.500, des_th: 0.4999910957487778,frac_lost: 0.105, li_recovered:  13.775, time: 0.005672469998899032
L: 0.50, u_super: 0.00101 — INFEASIBLE (li_recovered=0.000e+00), time: 0.004061788999024429
L: 0.50, u_super: 0.00507, sec: 279.052, prod: 0.114422, t_ads: 38.3, t_des: 35.5, bed_util_ads: 0.496, bed_util_des: 0.495, des_th: 0.49552866393682016,frac_lost: 0.103, li_recovered:  8.441, time: 0.0058016650000354275
L: 1.55, u_super: 0.00930, sec: 1690.199, prod: 0.207191, t_ads: 64.2, t_des: 56.3, bed_util_ads: 0.500, bed_util_des: 0.500, des_th: 0.49980977140525895,frac_lost: 0.103, li_recovered:  24.963, time: 0.005119052000736701
L: 0.50, u_super: 0.00965, sec: 560.844, prod: 0.218794, t_ads: 20.3, t_des: 18.4, bed_util_ads: 0.500, bed_util_des: 0.500, des_th: 0.49965007983697646,frac_lost: 0.105, li_recovered:  8.452, time: 0.006943832000615657
L: 0.50, u_super: 0.00412, sec: 277.681, prod: 0.074839, t_ads: 47.1, t_des: 68.5, bed_util_ads: 0.437, bed_util_des: 0.436, des_th: 0.43572264611996114,frac_lost: 0.101, li_recovered:  8.649, time: 0.006599889999051811
L: 48.36, u_super: 0.00990 — INFEASIBLE (li_recovered=0.000e+00), time: 0.001651441998546943
L: 0.50, u_super: 0.00553, sec: 305.764, prod: 0.125016, t_ads: 35.1, t_des: 32.2, bed_util_ads: 0.497, bed_util_des: 0.497, des_th: 0.4967769380079567,frac_lost: 0.103, li_recovered:  8.413, time: 0.0047190059995045885
L: 0.50, u_super: 0.00223, sec: 797.903, prod: 0.007448, t_ads: 88.4, t_des: 1091.5, bed_util_ads: 0.207, bed_util_des: 0.196, des_th: 0.1964216663862186,frac_lost: 0.106, li_recovered:  8.787, time: 0.030023875000551925
L: 0.50, u_super: 0.00757, sec: 429.640, prod: 0.171076, t_ads: 25.9, t_des: 23.2, bed_util_ads: 0.500, bed_util_des: 0.500, des_th: 0.499834966777159,frac_lost: 0.108, li_recovered:  8.395, time: 0.0050228790005348856
L: 0.50, u_super: 0.00266, sec: 144.242, prod: 0.058871, t_ads: 72.7, t_des: 63.0, bed_util_ads: 0.500, bed_util_des: 0.500, des_th: 0.49993869281410236,frac_lost: 0.105, li_recovered:  7.986, time: 0.005483552000441705
L: 0.50, u_super: 0.00507, sec: 279.293, prod: 0.114246, t_ads: 38.4, t_des: 34.2, bed_util_ads: 0.500, bed_util_des: 0.500, des_th: 0.4998746261795006,frac_lost: 0.104, li_recovered:  8.292, time: 0.006373184000040055
L: 0.50, u_super: 0.00878, sec: 505.219, prod: 0.198644, t_ads: 22.3, t_des: 20.0, bed_util_ads: 0.500, bed_util_des: 0.500, des_th: 0.4999971551270309,frac_lost: 0.107, li_recovered:  8.395, time: 0.005561693998970441
L: 0.50, u_super: 0.00595, sec: 330.162, prod: 0.134595, t_ads: 32.6, t_des: 29.6, bed_util_ads: 0.498, bed_util_des: 0.497, des_th: 0.49733904322802747,frac_lost: 0.102, li_recovered:  8.376, time: 0.014227112000298803
L: 0.50, u_super: 0.00893, sec: 514.803, prod: 0.202380, t_ads: 21.9, t_des: 19.9, bed_util_ads: 0.499, bed_util_des: 0.499, des_th: 0.49936433352090603,frac_lost: 0.106, li_recovered:  8.448, time: 0.006872142999782227
L: 0.50, u_super: 0.00812, sec: 4424.623, prod: 0.019232, t_ads: 24.1, t_des: 432.4, bed_util_ads: 0.183, bed_util_des: 0.179, des_th: 0.17934669306395254,frac_lost: 0.102, li_recovered:  8.779, time: 0.04360989199994947
L: 33.03, u_super: 0.00776 — INFEASIBLE (li_recovered=0.000e+00), time: 0.0020235629999660887
L: 0.50, u_super: 0.00563, sec: 311.719, prod: 0.127325, t_ads: 34.4, t_des: 30.8, bed_util_ads: 0.500, bed_util_des: 0.500, des_th: 0.49964804500114185,frac_lost: 0.101, li_recovered:  8.307, time: 0.007060650999846985
L: 16.38, u_super: 0.00334 — INFEASIBLE (li_recovered=0.000e+00), time: 0.0036114960003033048
L: 53.60, u_super: 0.00408 — INFEASIBLE (li_recovered=0.000e+00), time: 0.0013098279996484052
L: 0.50, u_super: 0.00238, sec: 128.035, prod: 0.052794, t_ads: 81.2, t_des: 72.3, bed_util_ads: 0.496, bed_util_des: 0.495, des_th: 0.49547584611993917,frac_lost: 0.105, li_recovered:  8.102, time: 0.015293327000108548
L: 0.50, u_super: 0.00165, sec: 95.745, prod: 0.033581, t_ads: 117.1, t_des: 133.9, bed_util_ads: 0.462, bed_util_des: 0.460, des_th: 0.4595854071261624,frac_lost: 0.108, li_recovered:  8.430, time: 0.014072952999413246
L: 0.50, u_super: 0.00128, sec: 69.688, prod: 0.027751, t_ads: 148.5, t_des: 131.3, bed_util_ads: 0.491, bed_util_des: 0.490, des_th: 0.49051111572654693,frac_lost: 0.105, li_recovered:  7.765, time: 0.005833692999658524
L: 0.50, u_super: 0.00370, sec: 201.450, prod: 0.082768, t_ads: 52.6, t_des: 46.5, bed_util_ads: 0.499, bed_util_des: 0.499, des_th: 0.49923731850894987,frac_lost: 0.107, li_recovered:  8.200, time: 0.008081039999524364
L: 0.50, u_super: 0.00017 — INFEASIBLE (li_recovered=0.000e+00), time: 0.002476604000548832
L: 0.50, u_super: 0.00749, sec: 424.631, prod: 0.169109, t_ads: 26.2, t_des: 23.7, bed_util_ads: 0.499, bed_util_des: 0.499, des_th: 0.4992261640416925,frac_lost: 0.109, li_recovered:  8.441, time: 0.005127278000145452
L: 0.50, u_super: 0.00770, sec: 437.864, prod: 0.174148, t_ads: 25.4, t_des: 22.8, bed_util_ads: 0.500, bed_util_des: 0.500, des_th: 0.49992313006139755,frac_lost: 0.107, li_recovered:  8.387, time: 0.004443253999852459
L: 36.83, u_super: 0.00006 — INFEASIBLE (li_recovered=0.000e+00), time: 0.0008151769998221425
L: 16.24, u_super: 0.00538 — INFEASIBLE (li_recovered=0.000e+00), time: 0.0019373029990674695
L: 0.50, u_super: 0.00964, sec: 560.489, prod: 0.218581, t_ads: 20.3, t_des: 18.4, bed_util_ads: 0.500, bed_util_des: 0.499, des_th: 0.4994323597555884,frac_lost: 0.106, li_recovered:  8.452, time: 0.005154813999979524
L: 0.50, u_super: 0.00368, sec: 199.724, prod: 0.082514, t_ads: 52.9, t_des: 47.8, bed_util_ads: 0.497, bed_util_des: 0.497, des_th: 0.49658528137290603,frac_lost: 0.106, li_recovered:  8.307, time: 0.0057296369996038266
L: 0.50, u_super: 0.00443, sec: 242.837, prod: 0.099471, t_ads: 43.9, t_des: 38.8, bed_util_ads: 0.500, bed_util_des: 0.500, des_th: 0.4998742824657685,frac_lost: 0.106, li_recovered:  8.230, time: 0.0045174349997978425
L: 0.50, u_super: 0.00715, sec: 403.981, prod: 0.161571, t_ads: 27.4, t_des: 24.5, bed_util_ads: 0.500, bed_util_des: 0.500, des_th: 0.49979095900287185,frac_lost: 0.108, li_recovered:  8.382, time: 0.004908245000478928
L: 36.67, u_super: 0.00041 — INFEASIBLE (li_recovered=0.000e+00), time: 0.0009073660003195982
L: 0.50, u_super: 0.00878, sec: 506.209, prod: 0.198599, t_ads: 22.3, t_des: 20.7, bed_util_ads: 0.497, bed_util_des: 0.497, des_th: 0.4968750438168919,frac_lost: 0.107, li_recovered:  8.530, time: 0.006325199999992037
L: 25.91, u_super: 0.00301 — INFEASIBLE (li_recovered=0.000e+00), time: 0.0011733039991668193
L: 0.50, u_super: 0.00179, sec: 100.716, prod: 0.037664, t_ads: 107.9, t_des: 116.1, bed_util_ads: 0.470, bed_util_des: 0.469, des_th: 0.46872056852595856,frac_lost: 0.107, li_recovered:  8.437, time: 0.004273482998542022
L: 0.50, u_super: 0.00442, sec: 243.009, prod: 0.099064, t_ads: 43.9, t_des: 42.1, bed_util_ads: 0.491, bed_util_des: 0.490, des_th: 0.490248973849338,frac_lost: 0.104, li_recovered:  8.523, time: 0.005965145999653032
L: 0.50, u_super: 0.00990, sec: 576.148, prod: 0.224758, t_ads: 19.7, t_des: 17.9, bed_util_ads: 0.500, bed_util_des: 0.499, des_th: 0.49942132725883337,frac_lost: 0.103, li_recovered:  8.447, time: 0.005460000000311993
   349 |    13960 |     40 |  0.0028776469 |             f
L: 0.50, u_super: 0.00102, sec: 56.099, prod: 0.021637, t_ads: 186.8, t_des: 188.0, bed_util_ads: 0.471, bed_util_des: 0.469, des_th: 0.4689573001785536,frac_lost: 0.108, li_recovered:  8.110, time: 0.005319632999089663
L: 0.50, u_super: 0.00566, sec: 312.971, prod: 0.127922, t_ads: 34.3, t_des: 31.4, bed_util_ads: 0.497, bed_util_des: 0.497, des_th: 0.4967731334321636,frac_lost: 0.102, li_recovered:  8.411, time: 0.005270908000966301
L: 0.50, u_super: 0.00041 — INFEASIBLE (li_recovered=0.000e+00), time: 0.004008235000583227
L: 0.50, u_super: 0.00822, sec: 469.953, prod: 0.185910, t_ads: 23.8, t_des: 21.8, bed_util_ads: 0.497, bed_util_des: 0.497, des_th: 0.4970119658697137,frac_lost: 0.107, li_recovered:  8.487, time: 0.0051065770003333455
L: 0.50, u_super: 0.00971, sec: 564.454, prod: 0.220292, t_ads: 20.1, t_des: 18.1, bed_util_ads: 0.500, bed_util_des: 0.500, des_th: 0.49957531890058654,frac_lost: 0.104, li_recovered:  8.402, time: 0.006185862001075293
L: 11.71, u_super: 0.00368 — INFEASIBLE (li_recovered=0.000e+00), time: 0.001839536998886615
L: 0.50, u_super: 0.00225, sec: 121.074, prod: 0.050080, t_ads: 85.6, t_des: 78.0, bed_util_ads: 0.492, bed_util_des: 0.492, des_th: 0.49179902153588617,frac_lost: 0.105, li_recovered:  8.195, time: 0.006631386000663042
L: 18.74, u_super: 0.00129 — INFEASIBLE (li_recovered=0.000e+00), time: 0.0013103109995427076
L: 0.50, u_super: 0.00603, sec: 335.184, prod: 0.136400, t_ads: 32.1, t_des: 28.8, bed_util_ads: 0.500, bed_util_des: 0.500, des_th: 0.4998989234542485,frac_lost: 0.101, li_recovered:  8.314, time: 0.0057577389998186845
L: 0.50, u_super: 0.00319, sec: 172.643, prod: 0.071171, t_ads: 60.4, t_des: 53.1, bed_util_ads: 0.500, bed_util_des: 0.500, des_th: 0.49987160781197626,frac_lost: 0.100, li_recovered:  8.079, time: 0.005377953000788693
L: 0.50, u_super: 0.00268, sec: 144.114, prod: 0.059885, t_ads: 71.9, t_des: 67.2, bed_util_ads: 0.491, bed_util_des: 0.490, des_th: 0.49051111572654693,frac_lost: 0.102, li_recovered:  8.331, time: 0.004832110998904682
L: 0.50, u_super: 0.00507, sec: 278.532, prod: 0.114396, t_ads: 38.3, t_des: 35.0, bed_util_ads: 0.497, bed_util_des: 0.497, des_th: 0.4969956401231738,frac_lost: 0.103, li_recovered:  8.389, time: 0.005721515999539406
L: 0.50, u_super: 0.00770, sec: 436.094, prod: 0.174605, t_ads: 25.2, t_des: 22.8, bed_util_ads: 0.499, bed_util_des: 0.499, des_th: 0.4993437877006021,frac_lost: 0.101, li_recovered:  8.383, time: 0.0047674310008005705
L: 0.50, u_super: 0.00631, sec: 352.114, prod: 0.142795, t_ads: 30.8, t_des: 27.8, bed_util_ads: 0.499, bed_util_des: 0.499, des_th: 0.4993455215804793,frac_lost: 0.103, li_recovered:  8.367, time: 0.008474680998915574
L: 0.50, u_super: 0.00782, sec: 443.973, prod: 0.177281, t_ads: 24.8, t_des: 22.2, bed_util_ads: 0.500, bed_util_des: 0.500, des_th: 0.49983779611710744,frac_lost: 0.100, li_recovered:  8.324, time: 0.006362711999827297
L: 0.50, u_super: 0.00021 — INFEASIBLE (li_recovered=0.000e+00), time: 0.002415214999928139
L: 0.50, u_super: 0.00989, sec: 577.352, prod: 0.224016, t_ads: 19.8, t_des: 18.4, bed_util_ads: 0.497, bed_util_des: 0.497, des_th: 0.4969047548161773,frac_lost: 0.105, li_recovered:  8.540, time: 0.00761128500016639
L: 0.50, u_super: 0.00440, sec: 271.223, prod: 0.087622, t_ads: 44.1, t_des: 54.6, bed_util_ads: 0.458, bed_util_des: 0.457, des_th: 0.4573899003894757,frac_lost: 0.101, li_recovered:  8.645, time: 0.007599454000228434
L: 0.50, u_super: 0.00799, sec: 456.107, prod: 0.180636, t_ads: 24.5, t_des: 22.0, bed_util_ads: 0.500, bed_util_des: 0.500, des_th: 0.4999862374044026,frac_lost: 0.108, li_recovered:  8.394, time: 0.0056788099991536
L: 0.50, u_super: 0.00901, sec: 520.132, prod: 0.204112, t_ads: 21.7, t_des: 19.7, bed_util_ads: 0.500, bed_util_des: 0.500, des_th: 0.4995166497724921,frac_lost: 0.107, li_recovered:  8.443, time: 0.0069105969996599015
L: 0.50, u_super: 0.00554, sec: 306.420, prod: 0.125024, t_ads: 35.0, t_des: 31.3, bed_util_ads: 0.500, bed_util_des: 0.500, des_th: 0.499834966777159,frac_lost: 0.102, li_recovered:  8.293, time: 0.007033664000118733
L: 0.50, u_super: 0.00005, sec: 4.324, prod: 0.000670, t_ads: 3441.8, t_des: 5870.1, bed_util_ads: 0.253, bed_util_des: 0.185, des_th: 0.1851696623157332,frac_lost: 0.103, li_recovered:  6.235, time: 0.007219315000838833
L: 0.50, u_super: 0.00892, sec: 514.105, prod: 0.202148, t_ads: 21.9, t_des: 19.9, bed_util_ads: 0.499, bed_util_des: 0.499, des_th: 0.49936433352090603,frac_lost: 0.106, li_recovered:  8.444, time: 0.007095969000147306
L: 0.50, u_super: 0.00622, sec: 347.282, prod: 0.140410, t_ads: 31.4, t_des: 28.3, bed_util_ads: 0.500, bed_util_des: 0.500, des_th: 0.4996482504090317,frac_lost: 0.107, li_recovered:  8.381, time: 0.008182907000445994
L: 0.50, u_super: 0.00412, sec: 225.155, prod: 0.092298, t_ads: 47.2, t_des: 41.6, bed_util_ads: 0.500, bed_util_des: 0.500, des_th: 0.49998521903477644,frac_lost: 0.106, li_recovered:  8.198, time: 0.004613668999809306
L: 0.50, u_super: 0.00930, sec: 537.958, prod: 0.210609, t_ads: 21.0, t_des: 18.9, bed_util_ads: 0.500, bed_util_des: 0.500, des_th: 0.49980977140525895,frac_lost: 0.105, li_recovered:  8.398, time: 0.00635479300035513
L: 13.28, u_super: 0.00036 — INFEASIBLE (li_recovered=0.000e+00), time: 0.0009111039998970227
L: 0.50, u_super: 0.00672, sec: 376.750, prod: 0.152165, t_ads: 28.8, t_des: 25.8, bed_util_ads: 0.499, bed_util_des: 0.499, des_th: 0.4993455215804793,frac_lost: 0.101, li_recovered:  8.316, time: 0.004759896000905428
L: 15.57, u_super: 0.00448 — INFEASIBLE (li_recovered=0.000e+00), time: 0.0015436950016010087
L: 0.50, u_super: 0.00538, sec: 296.749, prod: 0.121441, t_ads: 36.1, t_des: 32.8, bed_util_ads: 0.499, bed_util_des: 0.499, des_th: 0.4985595292631828,frac_lost: 0.103, li_recovered:  8.366, time: 0.004824315999940154
L: 0.50, u_super: 0.00848, sec: 545.506, prod: 0.170902, t_ads: 23.0, t_des: 27.9, bed_util_ads: 0.462, bed_util_des: 0.462, des_th: 0.46159923753912774,frac_lost: 0.103, li_recovered:  8.708, time: 0.005175980999410967
L: 0.50, u_super: 0.00725, sec: 409.984, prod: 0.163540, t_ads: 27.1, t_des: 24.8, bed_util_ads: 0.497, bed_util_des: 0.497, des_th: 0.4968661689120428,frac_lost: 0.109, li_recovered:  8.484, time: 0.0042167610008618794
L: 0.50, u_super: 0.00033, sec: 22.434, prod: 0.005494, t_ads: 556.7, t_des: 799.5, bed_util_ads: 0.392, bed_util_des: 0.377, des_th: 0.37653847236317584,frac_lost: 0.104, li_recovered:  7.451, time: 0.0042193900007987395
L: 0.50, u_super: 0.00722, sec: 406.923, prod: 0.163592, t_ads: 26.9, t_des: 24.2, bed_util_ads: 0.499, bed_util_des: 0.499, des_th: 0.4993455215804793,frac_lost: 0.102, li_recovered:  8.368, time: 0.0034933140013890807
L: 0.50, u_super: 0.00653, sec: 366.454, prod: 0.147382, t_ads: 30.0, t_des: 26.9, bed_util_ads: 0.500, bed_util_des: 0.499, des_th: 0.49936150203353885,frac_lost: 0.108, li_recovered:  8.377, time: 0.0038860709992150078
L: 0.50, u_super: 0.00790, sec: 4037.772, prod: 0.019889, t_ads: 24.8, t_des: 416.6, bed_util_ads: 0.188, bed_util_des: 0.184, des_th: 0.18413998376170176,frac_lost: 0.102, li_recovered:  8.779, time: 0.03396712799985835
L: 9.57, u_super: 0.00375 — INFEASIBLE (li_recovered=0.000e+00), time: 0.0013767180007562274
L: 60.06, u_super: 0.00385 — INFEASIBLE (li_recovered=0.000e+00), time: 0.0009990079997805879
L: 0.50, u_super: 0.00860, sec: 494.446, prod: 0.194584, t_ads: 22.8, t_des: 20.9, bed_util_ads: 0.497, bed_util_des: 0.497, des_th: 0.49696675724350137,frac_lost: 0.108, li_recovered:  8.491, time: 0.00466661300015403
L: 0.50, u_super: 0.00662, sec: 371.798, prod: 0.149314, t_ads: 29.6, t_des: 26.5, bed_util_ads: 0.500, bed_util_des: 0.499, des_th: 0.49939064869952443,frac_lost: 0.109, li_recovered:  8.384, time: 0.0044713730003422825
   350 |    14000 |     40 |  0.0029852611 |             f
L: 0.50, u_super: 0.00041, sec: 24.945, prod: 0.007782, t_ads: 429.2, t_des: 376.4, bed_util_ads: 0.465, bed_util_des: 0.464, des_th: 0.46451411029506495,frac_lost: 0.103, li_recovered:  6.269, time: 0.005621047999738948
L: 0.50, u_super: 0.00695, sec: 390.432, prod: 0.157459, t_ads: 27.9, t_des: 25.8, bed_util_ads: 0.496, bed_util_des: 0.496, des_th: 0.49614253164597955,frac_lost: 0.101, li_recovered:  8.467, time: 0.007272801998624345
L: 0.50, u_super: 0.00073, sec: 43.826, prod: 0.014074, t_ads: 258.3, t_des: 312.1, bed_util_ads: 0.441, bed_util_des: 0.436, des_th: 0.4362822680585793,frac_lost: 0.104, li_recovered:  8.028, time: 0.008561811000618036
L: 0.50, u_super: 0.00505, sec: 277.975, prod: 0.113807, t_ads: 38.5, t_des: 34.4, bed_util_ads: 0.500, bed_util_des: 0.500, des_th: 0.4999421620773879,frac_lost: 0.104, li_recovered:  8.289, time: 0.008721891999812215
L: 24.64, u_super: 0.00195 — INFEASIBLE (li_recovered=0.000e+00), time: 0.001421229999323259
L: 0.50, u_super: 0.00985, sec: 573.957, prod: 0.223248, t_ads: 19.9, t_des: 18.0, bed_util_ads: 0.500, bed_util_des: 0.499, des_th: 0.49942132725883337,frac_lost: 0.106, li_recovered:  8.449, time: 0.007491090000257827
L: 0.50, u_super: 0.00522, sec: 308.157, prod: 0.110186, t_ads: 37.1, t_des: 41.4, bed_util_ads: 0.471, bed_util_des: 0.471, des_th: 0.4705299191209582,frac_lost: 0.101, li_recovered:  8.655, time: 0.0046419240006798645
L: 0.50, u_super: 0.00102, sec: 55.489, prod: 0.021875, t_ads: 184.8, t_des: 181.9, bed_util_ads: 0.474, bed_util_des: 0.472, des_th: 0.472058979555342,frac_lost: 0.100, li_recovered:  8.022, time: 0.004816516999198939
L: 0.50, u_super: 0.00303, sec: 163.362, prod: 0.068006, t_ads: 63.5, t_des: 57.9, bed_util_ads: 0.495, bed_util_des: 0.495, des_th: 0.49473191299285846,frac_lost: 0.101, li_recovered:  8.258, time: 0.006187575998410466
L: 0.50, u_super: 0.00905, sec: 525.966, prod: 0.203507, t_ads: 21.6, t_des: 20.7, bed_util_ads: 0.493, bed_util_des: 0.492, des_th: 0.49234240828942366,frac_lost: 0.105, li_recovered:  8.614, time: 0.007511599998906604
L: 0.50, u_super: 0.00217, sec: 118.538, prod: 0.047580, t_ads: 88.6, t_des: 88.7, bed_util_ads: 0.481, bed_util_des: 0.480, des_th: 0.4802804399453231,frac_lost: 0.104, li_recovered:  8.435, time: 0.0066536569993331796
L: 0.50, u_super: 0.00272, sec: 146.356, prod: 0.060791, t_ads: 70.9, t_des: 66.2, bed_util_ads: 0.491, bed_util_des: 0.490, des_th: 0.49051111572654693,frac_lost: 0.102, li_recovered:  8.333, time: 0.005974771998808137
L: 0.50, u_super: 0.00166, sec: 92.461, prod: 0.035388, t_ads: 114.9, t_des: 122.1, bed_util_ads: 0.470, bed_util_des: 0.469, des_th: 0.4687138657259732,frac_lost: 0.101, li_recovered:  8.388, time: 0.006357272999593988
L: 33.06, u_super: 0.00023 — INFEASIBLE (li_recovered=0.000e+00), time: 0.0009704730000521522
L: 0.50, u_super: 0.00860, sec: 497.264, prod: 0.193226, t_ads: 22.7, t_des: 21.8, bed_util_ads: 0.492, bed_util_des: 0.492, des_th: 0.49228434826891887,frac_lost: 0.106, li_recovered:  8.612, time: 0.006478412000433309
L: 0.50, u_super: 0.00618, sec: 343.879, prod: 0.139975, t_ads: 31.4, t_des: 28.8, bed_util_ads: 0.497, bed_util_des: 0.497, des_th: 0.49686903494898704,frac_lost: 0.101, li_recovered:  8.416, time: 0.0070667540003341855
L: 0.50, u_super: 0.00320, sec: 173.392, prod: 0.071552, t_ads: 60.7, t_des: 56.8, bed_util_ads: 0.492, bed_util_des: 0.492, des_th: 0.49159814820758546,frac_lost: 0.107, li_recovered:  8.409, time: 0.007952723999551381
L: 14.71, u_super: 0.00416 — INFEASIBLE (li_recovered=0.000e+00), time: 0.002641198001583689
L: 22.08, u_super: 0.00901 — INFEASIBLE (li_recovered=0.000e+00), time: 0.0031152540013863472
L: 0.50, u_super: 0.00410, sec: 223.464, prod: 0.092014, t_ads: 47.4, t_des: 42.3, bed_util_ads: 0.500, bed_util_des: 0.499, des_th: 0.4994600942963654,frac_lost: 0.105, li_recovered:  8.262, time: 0.008046317001571879
L: 0.50, u_super: 0.00791, sec: 449.279, prod: 0.179486, t_ads: 24.5, t_des: 22.2, bed_util_ads: 0.500, bed_util_des: 0.500, des_th: 0.49983779611710744,frac_lost: 0.101, li_recovered:  8.390, time: 0.007483559000320383
L: 0.50, u_super: 0.00385, sec: 260.017, prod: 0.069564, t_ads: 50.4, t_des: 73.8, bed_util_ads: 0.437, bed_util_des: 0.435, des_th: 0.4350128863758106,frac_lost: 0.102, li_recovered:  8.644, time: 0.009223270999427768
L: 0.50, u_super: 0.00930, sec: 543.150, prod: 0.208596, t_ads: 21.0, t_des: 20.4, bed_util_ads: 0.490, bed_util_des: 0.490, des_th: 0.4898249819633252,frac_lost: 0.104, li_recovered:  8.634, time: 0.010518618999412865
L: 0.50, u_super: 0.00368, sec: 208.193, prod: 0.079158, t_ads: 52.8, t_des: 55.9, bed_util_ads: 0.477, bed_util_des: 0.476, des_th: 0.476022171870784,frac_lost: 0.104, li_recovered:  8.600, time: 0.010427694000100018
L: 22.13, u_super: 0.00005 — INFEASIBLE (li_recovered=0.000e+00), time: 0.0011465299994597444
L: 0.50, u_super: 0.00088 — INFEASIBLE (li_recovered=0.000e+00), time: 0.004793926000274951
L: 0.50, u_super: 0.00368, sec: 229.759, prod: 0.071728, t_ads: 52.8, t_des: 67.5, bed_util_ads: 0.453, bed_util_des: 0.452, des_th: 0.45167115150655796,frac_lost: 0.103, li_recovered:  8.626, time: 0.007923950999611407
L: 0.50, u_super: 0.00420, sec: 229.590, prod: 0.094117, t_ads: 46.3, t_des: 40.8, bed_util_ads: 0.500, bed_util_des: 0.500, des_th: 0.4998742824657685,frac_lost: 0.105, li_recovered:  8.202, time: 0.007571854001071188
L: 0.50, u_super: 0.00587, sec: 325.455, prod: 0.132653, t_ads: 33.0, t_des: 29.6, bed_util_ads: 0.500, bed_util_des: 0.500, des_th: 0.4998989234542485,frac_lost: 0.101, li_recovered:  8.309, time: 0.0073578960000304505
L: 0.50, u_super: 0.00062 — INFEASIBLE (li_recovered=0.000e+00), time: 0.004912282000077539
L: 38.77, u_super: 0.00715 — INFEASIBLE (li_recovered=0.000e+00), time: 0.0026242840012855595
L: 0.50, u_super: 0.00222, sec: 119.385, prod: 0.049076, t_ads: 87.0, t_des: 83.2, bed_util_ads: 0.487, bed_util_des: 0.486, des_th: 0.4860961579655809,frac_lost: 0.104, li_recovered:  8.354, time: 0.005316962000506464
L: 0.50, u_super: 0.00784, sec: 446.347, prod: 0.177110, t_ads: 25.0, t_des: 22.4, bed_util_ads: 0.500, bed_util_des: 0.500, des_th: 0.499967012956795,frac_lost: 0.108, li_recovered:  8.394, time: 0.004544650999378064
L: 0.50, u_super: 0.00005, sec: 4.596, prod: 0.000716, t_ads: 3141.0, t_des: 5214.1, bed_util_ads: 0.257, bed_util_des: 0.195, des_th: 0.19545414917823137,frac_lost: 0.101, li_recovered:  5.982, time: 0.005044827999881818
L: 0.50, u_super: 0.00278, sec: 149.676, prod: 0.062080, t_ads: 69.4, t_des: 62.6, bed_util_ads: 0.496, bed_util_des: 0.495, des_th: 0.49529129327310345,frac_lost: 0.103, li_recovered:  8.197, time: 0.005099212999994052
L: 0.50, u_super: 0.00631, sec: 352.325, prod: 0.142709, t_ads: 30.8, t_des: 27.5, bed_util_ads: 0.499, bed_util_des: 0.499, des_th: 0.4993430841140272,frac_lost: 0.102, li_recovered:  8.321, time: 0.005845092999152257
L: 0.50, u_super: 0.00062 — INFEASIBLE (li_recovered=0.000e+00), time: 0.0032689969993953127
L: 60.46, u_super: 0.00167 — INFEASIBLE (li_recovered=0.000e+00), time: 0.0008003460006875684
L: 0.50, u_super: 0.00505, sec: 278.123, prod: 0.113747, t_ads: 38.4, t_des: 34.0, bed_util_ads: 0.500, bed_util_des: 0.500, des_th: 0.49990128322227667,frac_lost: 0.102, li_recovered:  8.238, time: 0.005079432999991695
L: 0.50, u_super: 0.00930, sec: 569.655, prod: 0.198902, t_ads: 21.0, t_des: 22.8, bed_util_ads: 0.478, bed_util_des: 0.477, des_th: 0.47722793192092317,frac_lost: 0.106, li_recovered:  8.710, time: 0.00542683799903898
   351 |    14040 |     40 |  0.0012768340 |             f
L: 0.50, u_super: 0.00945, sec: 547.706, prod: 0.214163, t_ads: 20.7, t_des: 18.7, bed_util_ads: 0.500, bed_util_des: 0.499, des_th: 0.49942132725883337,frac_lost: 0.105, li_recovered:  8.443, time: 0.006235423001271556
L: 0.50, u_super: 0.00956, sec: 556.940, prod: 0.215803, t_ads: 20.4, t_des: 19.4, bed_util_ads: 0.494, bed_util_des: 0.494, des_th: 0.49368489685954114,frac_lost: 0.104, li_recovered:  8.587, time: 0.006155671999295009
L: 0.50, u_super: 0.00190, sec: 102.084, prod: 0.041832, t_ads: 100.8, t_des: 89.6, bed_util_ads: 0.494, bed_util_des: 0.494, des_th: 0.4936834614514705,frac_lost: 0.101, li_recovered:  7.963, time: 0.00595784500001173
L: 0.50, u_super: 0.00292, sec: 169.487, prod: 0.060839, t_ads: 66.5, t_des: 74.5, bed_util_ads: 0.468, bed_util_des: 0.467, des_th: 0.46738570850959366,frac_lost: 0.107, li_recovered:  8.576, time: 0.0054751610005041584
L: 0.50, u_super: 0.00693, sec: 389.358, prod: 0.156728, t_ads: 28.0, t_des: 25.0, bed_util_ads: 0.500, bed_util_des: 0.500, des_th: 0.4998363461022121,frac_lost: 0.102, li_recovered:  8.314, time: 0.006446396000683308
L: 0.50, u_super: 0.00453, sec: 247.739, prod: 0.101997, t_ads: 42.9, t_des: 39.2, bed_util_ads: 0.497, bed_util_des: 0.497, des_th: 0.49684539011455237,frac_lost: 0.105, li_recovered:  8.381, time: 0.005732613999498426
L: 59.73, u_super: 0.00806 — INFEASIBLE (li_recovered=0.000e+00), time: 0.0009486529997957405
L: 0.50, u_super: 0.00901, sec: 566.644, prod: 0.187357, t_ads: 21.6, t_des: 24.9, bed_util_ads: 0.469, bed_util_des: 0.468, des_th: 0.468489621431224,frac_lost: 0.103, li_recovered:  8.709, time: 0.007641532998604816
L: 40.30, u_super: 0.00320 — INFEASIBLE (li_recovered=0.000e+00), time: 0.0010787759983941214
L: 0.50, u_super: 0.00492, sec: 270.864, prod: 0.110774, t_ads: 39.4, t_des: 34.8, bed_util_ads: 0.500, bed_util_des: 0.500, des_th: 0.49987389566185536,frac_lost: 0.102, li_recovered:  8.223, time: 0.005841595000674715
L: 0.50, u_super: 0.00385, sec: 209.876, prod: 0.086183, t_ads: 50.6, t_des: 44.7, bed_util_ads: 0.500, bed_util_des: 0.500, des_th: 0.49977823342851113,frac_lost: 0.107, li_recovered:  8.210, time: 0.006633651000811369
L: 0.50, u_super: 0.00005, sec: 4.328, prod: 0.000669, t_ads: 3434.0, t_des: 5834.2, bed_util_ads: 0.253, bed_util_des: 0.185, des_th: 0.1851696623157332,frac_lost: 0.103, li_recovered:  6.199, time: 0.006648103000770789
L: 0.50, u_super: 0.00897, sec: 517.841, prod: 0.202876, t_ads: 21.8, t_des: 20.2, bed_util_ads: 0.497, bed_util_des: 0.497, des_th: 0.49651525970134813,frac_lost: 0.107, li_recovered:  8.525, time: 0.006296753999777138
L: 0.50, u_super: 0.00810, sec: 465.660, prod: 0.181864, t_ads: 24.1, t_des: 23.2, bed_util_ads: 0.492, bed_util_des: 0.492, des_th: 0.4917723811388249,frac_lost: 0.106, li_recovered:  8.608, time: 0.006391288001395878
L: 0.50, u_super: 0.00426, sec: 233.229, prod: 0.095557, t_ads: 45.7, t_des: 40.4, bed_util_ads: 0.500, bed_util_des: 0.500, des_th: 0.49997997201627825,frac_lost: 0.107, li_recovered:  8.226, time: 0.006179038000482251
L: 0.50, u_super: 0.00802, sec: 457.247, prod: 0.181498, t_ads: 24.4, t_des: 21.9, bed_util_ads: 0.500, bed_util_des: 0.500, des_th: 0.499834966777159,frac_lost: 0.106, li_recovered:  8.390, time: 0.00533750500107999
L: 0.50, u_super: 0.00232, sec: 125.252, prod: 0.051547, t_ads: 83.1, t_des: 73.9, bed_util_ads: 0.496, bed_util_des: 0.496, des_th: 0.49552866393682016,frac_lost: 0.106, li_recovered:  8.095, time: 0.0056841280002117855
L: 29.23, u_super: 0.00990 — INFEASIBLE (li_recovered=0.000e+00), time: 0.001810940000723349
L: 0.50, u_super: 0.00948, sec: 564.735, prod: 0.209346, t_ads: 20.6, t_des: 20.9, bed_util_ads: 0.485, bed_util_des: 0.485, des_th: 0.4848303997500875,frac_lost: 0.104, li_recovered:  8.686, time: 0.0062443169990729075
L: 16.84, u_super: 0.00989 — INFEASIBLE (li_recovered=0.000e+00), time: 0.003484114000457339
L: 0.50, u_super: 0.00354, sec: 192.045, prod: 0.079211, t_ads: 55.1, t_des: 51.0, bed_util_ads: 0.494, bed_util_des: 0.493, des_th: 0.4932699926893137,frac_lost: 0.108, li_recovered:  8.399, time: 0.005344974999388796
L: 0.50, u_super: 0.00371, sec: 201.587, prod: 0.083317, t_ads: 52.4, t_des: 47.5, bed_util_ads: 0.497, bed_util_des: 0.497, des_th: 0.49658528137290603,frac_lost: 0.106, li_recovered:  8.317, time: 0.004381982000268181
L: 0.50, u_super: 0.00672, sec: 376.574, prod: 0.152061, t_ads: 28.9, t_des: 25.8, bed_util_ads: 0.500, bed_util_des: 0.500, des_th: 0.4998650051810817,frac_lost: 0.101, li_recovered:  8.317, time: 0.00438683399988804
L: 0.50, u_super: 0.00494, sec: 271.745, prod: 0.111298, t_ads: 39.3, t_des: 35.1, bed_util_ads: 0.500, bed_util_des: 0.500, des_th: 0.4999943784258793,frac_lost: 0.104, li_recovered:  8.285, time: 0.004195078001430375
L: 0.50, u_super: 0.00778, sec: 505.212, prod: 0.154068, t_ads: 25.2, t_des: 31.3, bed_util_ads: 0.459, bed_util_des: 0.458, des_th: 0.45848854044019244,frac_lost: 0.107, li_recovered:  8.708, time: 0.005706878999262699
L: 23.44, u_super: 0.00037 — INFEASIBLE (li_recovered=0.000e+00), time: 0.0010398110007372452
L: 58.55, u_super: 0.00860 — INFEASIBLE (li_recovered=0.000e+00), time: 0.001400778000970604
L: 0.50, u_super: 0.00334, sec: 180.641, prod: 0.074759, t_ads: 58.2, t_des: 53.3, bed_util_ads: 0.495, bed_util_des: 0.494, des_th: 0.49429700991890446,frac_lost: 0.107, li_recovered:  8.338, time: 0.004187589000139269
L: 0.50, u_super: 0.00939, sec: 543.797, prod: 0.212690, t_ads: 20.8, t_des: 18.7, bed_util_ads: 0.500, bed_util_des: 0.500, des_th: 0.49980977140525895,frac_lost: 0.105, li_recovered:  8.396, time: 0.004063227999722585
L: 0.50, u_super: 0.00782, sec: 443.641, prod: 0.177414, t_ads: 24.8, t_des: 22.4, bed_util_ads: 0.500, bed_util_des: 0.500, des_th: 0.49983779611710744,frac_lost: 0.101, li_recovered:  8.377, time: 0.004805408001629985
L: 0.50, u_super: 0.00466, sec: 255.154, prod: 0.104908, t_ads: 41.7, t_des: 37.7, bed_util_ads: 0.497, bed_util_des: 0.497, des_th: 0.49711407317415507,frac_lost: 0.104, li_recovered:  8.335, time: 0.004946822999045253
L: 0.50, u_super: 0.00342, sec: 185.609, prod: 0.076532, t_ads: 56.8, t_des: 53.2, bed_util_ads: 0.493, bed_util_des: 0.492, des_th: 0.49223137927176086,frac_lost: 0.107, li_recovered:  8.424, time: 0.003623559001425747
L: 0.50, u_super: 0.00656, sec: 367.782, prod: 0.147925, t_ads: 29.9, t_des: 26.9, bed_util_ads: 0.500, bed_util_des: 0.500, des_th: 0.49994845969096613,frac_lost: 0.109, li_recovered:  8.393, time: 0.005742272000134108
L: 10.51, u_super: 0.00237 — INFEASIBLE (li_recovered=0.000e+00), time: 0.001812353999412153
L: 0.50, u_super: 0.00816, sec: 465.658, prod: 0.184589, t_ads: 24.0, t_des: 21.7, bed_util_ads: 0.500, bed_util_des: 0.500, des_th: 0.49965007983697646,frac_lost: 0.106, li_recovered:  8.439, time: 0.005781644998933189
L: 0.50, u_super: 0.00945, sec: 648.504, prod: 0.180939, t_ads: 20.6, t_des: 27.5, bed_util_ads: 0.451, bed_util_des: 0.450, des_th: 0.4502592205822241,frac_lost: 0.103, li_recovered:  8.718, time: 0.0077787179998267675
L: 0.50, u_super: 0.00683, sec: 398.728, prod: 0.148758, t_ads: 28.7, t_des: 29.7, bed_util_ads: 0.482, bed_util_des: 0.482, des_th: 0.4817798989879679,frac_lost: 0.108, li_recovered:  8.677, time: 0.007058612998662284
L: 14.16, u_super: 0.00271 — INFEASIBLE (li_recovered=0.000e+00), time: 0.001194648000819143
L: 0.50, u_super: 0.00538, sec: 302.386, prod: 0.119177, t_ads: 36.1, t_des: 36.2, bed_util_ads: 0.485, bed_util_des: 0.485, des_th: 0.4845523396147476,frac_lost: 0.103, li_recovered:  8.616, time: 0.005618096000034711
L: 0.50, u_super: 0.00849, sec: 485.515, prod: 0.192857, t_ads: 22.9, t_des: 20.9, bed_util_ads: 0.497, bed_util_des: 0.497, des_th: 0.4970119658697137,frac_lost: 0.100, li_recovered:  8.447, time: 0.005366882998714573
   352 |    14080 |     40 |  0.0040003653 |             f
L: 0.50, u_super: 0.00291, sec: 156.815, prod: 0.065279, t_ads: 66.1, t_des: 61.1, bed_util_ads: 0.493, bed_util_des: 0.493, des_th: 0.4929020713878161,frac_lost: 0.102, li_recovered:  8.305, time: 0.004916941001283703
L: 0.50, u_super: 0.00420, sec: 229.029, prod: 0.094347, t_ads: 46.4, t_des: 42.3, bed_util_ads: 0.496, bed_util_des: 0.495, des_th: 0.4954078642787964,frac_lost: 0.106, li_recovered:  8.372, time: 0.004155526999966241
L: 0.50, u_super: 0.00823, sec: 471.592, prod: 0.185913, t_ads: 23.8, t_des: 22.0, bed_util_ads: 0.497, bed_util_des: 0.497, des_th: 0.4970119658697137,frac_lost: 0.108, li_recovered:  8.523, time: 0.004886253998847678
L: 0.50, u_super: 0.00015 — INFEASIBLE (li_recovered=0.000e+00), time: 0.002396912001131568
L: 0.50, u_super: 0.00749, sec: 423.406, prod: 0.169910, t_ads: 25.9, t_des: 23.4, bed_util_ads: 0.500, bed_util_des: 0.500, des_th: 0.4998365302121404,frac_lost: 0.101, li_recovered:  8.384, time: 0.004618631999619538
L: 0.50, u_super: 0.00722, sec: 440.612, prod: 0.151084, t_ads: 27.1, t_des: 30.5, bed_util_ads: 0.472, bed_util_des: 0.471, des_th: 0.47122693030176005,frac_lost: 0.106, li_recovered:  8.696, time: 0.0042703870003606426
L: 0.50, u_super: 0.00121, sec: 67.718, prod: 0.025595, t_ads: 156.1, t_des: 166.3, bed_util_ads: 0.467, bed_util_des: 0.464, des_th: 0.46451411029506495,frac_lost: 0.101, li_recovered:  8.253, time: 0.005293748999974923
L: 0.50, u_super: 0.00009 — INFEASIBLE (li_recovered=0.000e+00), time: 0.0010191230012424057
L: 0.50, u_super: 0.00597, sec: 331.141, prod: 0.135048, t_ads: 32.5, t_des: 29.8, bed_util_ads: 0.497, bed_util_des: 0.497, des_th: 0.49686903494898704,frac_lost: 0.101, li_recovered:  8.416, time: 0.003802479999649222
L: 0.50, u_super: 0.00695, sec: 452.982, prod: 0.135717, t_ads: 28.1, t_des: 36.0, bed_util_ads: 0.455, bed_util_des: 0.455, des_th: 0.4547774767710134,frac_lost: 0.106, li_recovered:  8.700, time: 0.005617705999611644
L: 0.50, u_super: 0.00162, sec: 88.779, prod: 0.034845, t_ads: 118.6, t_des: 99.8, bed_util_ads: 0.500, bed_util_des: 0.500, des_th: 0.4998716058330025,frac_lost: 0.107, li_recovered:  7.608, time: 0.004226319999361294
L: 0.50, u_super: 0.00829, sec: 474.111, prod: 0.187517, t_ads: 23.6, t_des: 21.6, bed_util_ads: 0.497, bed_util_des: 0.497, des_th: 0.4970174468599987,frac_lost: 0.106, li_recovered:  8.483, time: 0.0047938930001691915
L: 0.50, u_super: 0.00167, sec: 90.446, prod: 0.036544, t_ads: 114.4, t_des: 100.2, bed_util_ads: 0.496, bed_util_des: 0.495, des_th: 0.49552866393682016,frac_lost: 0.104, li_recovered:  7.842, time: 0.00402723099978175
L: 0.50, u_super: 0.00229, sec: 122.873, prod: 0.050885, t_ads: 84.3, t_des: 77.7, bed_util_ads: 0.491, bed_util_des: 0.491, des_th: 0.49051111572654693,frac_lost: 0.104, li_recovered:  8.242, time: 0.004018880001240177
L: 0.50, u_super: 0.00926, sec: 676.550, prod: 0.166114, t_ads: 21.1, t_des: 31.4, bed_util_ads: 0.437, bed_util_des: 0.436, des_th: 0.4362822680585793,frac_lost: 0.103, li_recovered:  8.721, time: 0.006928345999767771
L: 6.13, u_super: 0.00466 — INFEASIBLE (li_recovered=0.000e+00), time: 0.0018892449988925364
L: 0.50, u_super: 0.00428, sec: 233.784, prod: 0.096102, t_ads: 45.5, t_des: 40.6, bed_util_ads: 0.499, bed_util_des: 0.499, des_th: 0.4990733850933319,frac_lost: 0.106, li_recovered:  8.268, time: 0.004040173000248615
L: 6.81, u_super: 0.00104 — INFEASIBLE (li_recovered=0.000e+00), time: 0.001994117999856826
L: 0.50, u_super: 0.00024, sec: 37.352, prod: 0.001772, t_ads: 831.3, t_des: 4045.9, bed_util_ads: 0.249, bed_util_des: 0.191, des_th: 0.19140259036265672,frac_lost: 0.104, li_recovered:  8.641, time: 0.01120721000006597
L: 0.50, u_super: 0.00962, sec: 558.459, prod: 0.218165, t_ads: 20.3, t_des: 18.5, bed_util_ads: 0.499, bed_util_des: 0.499, des_th: 0.4988628296508275,frac_lost: 0.104, li_recovered:  8.456, time: 0.005137288999321754
L: 0.50, u_super: 0.00569, sec: 315.569, prod: 0.128514, t_ads: 34.1, t_des: 30.5, bed_util_ads: 0.500, bed_util_des: 0.500, des_th: 0.49987161480014974,frac_lost: 0.103, li_recovered:  8.308, time: 0.004021875000034925
L: 0.50, u_super: 0.00091, sec: 56.043, prod: 0.017303, t_ads: 209.0, t_des: 264.8, bed_util_ads: 0.439, bed_util_des: 0.435, des_th: 0.43453784364857423,frac_lost: 0.106, li_recovered:  8.197, time: 0.006089081000027363
L: 0.50, u_super: 0.00965, sec: 707.078, prod: 0.173612, t_ads: 20.2, t_des: 30.0, bed_util_ads: 0.437, bed_util_des: 0.437, des_th: 0.4366965087486593,frac_lost: 0.103, li_recovered:  8.724, time: 0.005283638000037172
L: 0.50, u_super: 0.00418, sec: 228.181, prod: 0.093767, t_ads: 46.6, t_des: 41.5, bed_util_ads: 0.500, bed_util_des: 0.500, des_th: 0.49977949933347815,frac_lost: 0.107, li_recovered:  8.266, time: 0.005482201999257086
L: 0.50, u_super: 0.00849, sec: 487.386, prod: 0.192116, t_ads: 23.1, t_des: 20.9, bed_util_ads: 0.500, bed_util_des: 0.499, des_th: 0.4994946308004831,frac_lost: 0.108, li_recovered:  8.446, time: 0.005349404998924001
L: 0.50, u_super: 0.00972, sec: 564.735, prod: 0.220320, t_ads: 20.1, t_des: 18.2, bed_util_ads: 0.500, bed_util_des: 0.500, des_th: 0.4998419622087361,frac_lost: 0.105, li_recovered:  8.441, time: 0.006839529998615035
L: 0.50, u_super: 0.00205, sec: 743.030, prod: 0.006730, t_ads: 95.8, t_des: 1209.3, bed_util_ads: 0.205, bed_util_des: 0.193, des_th: 0.19314309255779108,frac_lost: 0.102, li_recovered:  8.783, time: 0.029383768000116106
L: 0.50, u_super: 0.00718, sec: 404.339, prod: 0.162813, t_ads: 27.0, t_des: 24.7, bed_util_ads: 0.497, bed_util_des: 0.497, des_th: 0.49686903494898704,frac_lost: 0.101, li_recovered:  8.425, time: 0.004568360998746357
L: 27.00, u_super: 0.00167 — INFEASIBLE (li_recovered=0.000e+00), time: 0.0009982970004784875
L: 22.45, u_super: 0.00567 — INFEASIBLE (li_recovered=0.000e+00), time: 0.0014080929995543556
L: 0.50, u_super: 0.00947, sec: 549.458, prod: 0.214606, t_ads: 20.6, t_des: 18.5, bed_util_ads: 0.500, bed_util_des: 0.500, des_th: 0.49979844816442265,frac_lost: 0.106, li_recovered:  8.402, time: 0.004532696000751457
L: 0.50, u_super: 0.00186, sec: 100.327, prod: 0.041170, t_ads: 103.5, t_des: 94.5, bed_util_ads: 0.492, bed_util_des: 0.491, des_th: 0.49102433500588566,frac_lost: 0.108, li_recovered:  8.151, time: 0.003759904000617098
L: 0.50, u_super: 0.00065 — INFEASIBLE (li_recovered=0.000e+00), time: 0.003973516999394633
L: 0.50, u_super: 0.00739, sec: 417.643, prod: 0.167535, t_ads: 26.2, t_des: 23.5, bed_util_ads: 0.500, bed_util_des: 0.500, des_th: 0.49990138130201994,frac_lost: 0.101, li_recovered:  8.331, time: 0.004817179000383476
L: 0.50, u_super: 0.00538, sec: 297.711, prod: 0.121049, t_ads: 36.1, t_des: 34.4, bed_util_ads: 0.492, bed_util_des: 0.492, des_th: 0.4921787048502229,frac_lost: 0.102, li_recovered:  8.528, time: 0.004246208000040497
L: 18.56, u_super: 0.00595 — INFEASIBLE (li_recovered=0.000e+00), time: 0.0023099600002751686
L: 0.50, u_super: 0.00718, sec: 405.489, prod: 0.162350, t_ads: 27.2, t_des: 24.7, bed_util_ads: 0.499, bed_util_des: 0.499, des_th: 0.4993455215804793,frac_lost: 0.107, li_recovered:  8.430, time: 0.005629535999105428
L: 0.50, u_super: 0.00149, sec: 82.272, prod: 0.031739, t_ads: 128.8, t_des: 106.9, bed_util_ads: 0.500, bed_util_des: 0.500, des_th: 0.49980977140525895,frac_lost: 0.107, li_recovered:  7.480, time: 0.0052020940001966665
L: 0.50, u_super: 0.00062, sec: 34.930, prod: 0.012669, t_ads: 296.2, t_des: 268.3, bed_util_ads: 0.474, bed_util_des: 0.473, des_th: 0.47302586875086683,frac_lost: 0.101, li_recovered:  7.152, time: 0.007054146999507793
L: 0.50, u_super: 0.00816, sec: 521.524, prod: 0.165220, t_ads: 23.9, t_des: 28.8, bed_util_ads: 0.463, bed_util_des: 0.463, des_th: 0.4626907714785048,frac_lost: 0.103, li_recovered:  8.705, time: 0.004520057000263478
   353 |    14120 |     40 |  0.0023245139 |             f
L: 140.11, u_super: 0.00268 — INFEASIBLE (li_recovered=0.000e+00), time: 0.0009012239988805959
L: 0.50, u_super: 0.00226, sec: 121.660, prod: 0.050127, t_ads: 85.3, t_des: 76.0, bed_util_ads: 0.496, bed_util_des: 0.496, des_th: 0.4960707125786958,frac_lost: 0.105, li_recovered:  8.088, time: 0.007411878999846522
L: 0.50, u_super: 0.00631, sec: 352.114, prod: 0.142795, t_ads: 30.8, t_des: 27.8, bed_util_ads: 0.499, bed_util_des: 0.499, des_th: 0.4993455215804793,frac_lost: 0.103, li_recovered:  8.367, time: 0.005160897999303415
L: 0.50, u_super: 0.00749, sec: 425.830, prod: 0.168943, t_ads: 26.1, t_des: 24.5, bed_util_ads: 0.495, bed_util_des: 0.494, des_th: 0.4944447894589878,frac_lost: 0.107, li_recovered:  8.550, time: 0.005218632000833168
L: 0.50, u_super: 0.00120, sec: 66.154, prod: 0.025699, t_ads: 156.8, t_des: 134.6, bed_util_ads: 0.493, bed_util_des: 0.493, des_th: 0.4931500928176396,frac_lost: 0.101, li_recovered:  7.489, time: 0.005613486000584089
L: 0.50, u_super: 0.00385, sec: 246.612, prod: 0.073345, t_ads: 50.5, t_des: 67.2, bed_util_ads: 0.448, bed_util_des: 0.447, des_th: 0.4471203875786699,frac_lost: 0.104, li_recovered:  8.638, time: 0.008731531999728759
L: 0.50, u_super: 0.00225, sec: 121.212, prod: 0.050023, t_ads: 85.8, t_des: 78.0, bed_util_ads: 0.493, bed_util_des: 0.492, des_th: 0.49235041504132937,frac_lost: 0.107, li_recovered:  8.195, time: 0.00423977799982822
L: 0.50, u_super: 0.00850, sec: 487.926, prod: 0.192252, t_ads: 23.1, t_des: 20.9, bed_util_ads: 0.500, bed_util_des: 0.499, des_th: 0.4995166497724921,frac_lost: 0.108, li_recovered:  8.450, time: 0.00466407000021718
L: 0.50, u_super: 0.00363, sec: 197.343, prod: 0.081156, t_ads: 53.6, t_des: 47.4, bed_util_ads: 0.499, bed_util_des: 0.499, des_th: 0.49904862867529265,frac_lost: 0.107, li_recovered:  8.194, time: 0.0054871700012881774
L: 0.50, u_super: 0.00685, sec: 487.319, prod: 0.122250, t_ads: 28.6, t_des: 42.7, bed_util_ads: 0.436, bed_util_des: 0.435, des_th: 0.43548661333396194,frac_lost: 0.106, li_recovered:  8.707, time: 0.006458979998569703
L: 0.50, u_super: 0.00784, sec: 444.891, prod: 0.178034, t_ads: 24.7, t_des: 22.6, bed_util_ads: 0.497, bed_util_des: 0.497, des_th: 0.4970119658697137,frac_lost: 0.100, li_recovered:  8.428, time: 0.007441495999955805
L: 0.50, u_super: 0.00561, sec: 309.879, prod: 0.126796, t_ads: 34.6, t_des: 31.4, bed_util_ads: 0.497, bed_util_des: 0.497, des_th: 0.49711407317415507,frac_lost: 0.101, li_recovered:  8.360, time: 0.004967495000528288
L: 0.50, u_super: 0.00093 — INFEASIBLE (li_recovered=0.000e+00), time: 0.003713186999448226
L: 0.50, u_super: 0.00072, sec: 215.020, prod: 0.002820, t_ads: 274.2, t_des: 2847.9, bed_util_ads: 0.211, bed_util_des: 0.181, des_th: 0.1806669687110164,frac_lost: 0.102, li_recovered:  8.803, time: 0.027641529000902665
L: 0.50, u_super: 0.00656, sec: 368.016, prod: 0.148195, t_ads: 29.8, t_des: 26.8, bed_util_ads: 0.500, bed_util_des: 0.499, des_th: 0.4994231269137961,frac_lost: 0.107, li_recovered:  8.385, time: 0.004788141000972246
L: 0.50, u_super: 0.00782, sec: 443.641, prod: 0.177414, t_ads: 24.8, t_des: 22.4, bed_util_ads: 0.500, bed_util_des: 0.500, des_th: 0.49983779611710744,frac_lost: 0.101, li_recovered:  8.377, time: 0.005918073000430013
L: 7.61, u_super: 0.00076 — INFEASIBLE (li_recovered=0.000e+00), time: 0.0014475900006800657
L: 0.50, u_super: 0.00385, sec: 209.876, prod: 0.086183, t_ads: 50.6, t_des: 44.7, bed_util_ads: 0.500, bed_util_des: 0.500, des_th: 0.49977823342851113,frac_lost: 0.107, li_recovered:  8.210, time: 0.0067477049997251015
L: 0.50, u_super: 0.00438, sec: 260.786, prod: 0.090405, t_ads: 44.3, t_des: 51.2, bed_util_ads: 0.466, bed_util_des: 0.466, des_th: 0.46561750051355194,frac_lost: 0.103, li_recovered:  8.640, time: 0.006505897999886656
L: 0.50, u_super: 0.00062, sec: 34.534, prod: 0.012814, t_ads: 298.2, t_des: 289.2, bed_util_ads: 0.467, bed_util_des: 0.464, des_th: 0.46451411029506495,frac_lost: 0.103, li_recovered:  7.526, time: 0.005790350000097533
L: 0.50, u_super: 0.00028, sec: 17.573, prod: 0.005179, t_ads: 611.2, t_des: 686.8, bed_util_ads: 0.416, bed_util_des: 0.408, des_th: 0.40781689765809254,frac_lost: 0.101, li_recovered:  6.723, time: 0.008033141999476356
L: 0.50, u_super: 0.00538, sec: 314.149, prod: 0.114715, t_ads: 36.1, t_des: 39.4, bed_util_ads: 0.475, bed_util_des: 0.475, des_th: 0.47479385734277446,frac_lost: 0.102, li_recovered:  8.658, time: 0.007264559000759618
L: 8.69, u_super: 0.00005 — INFEASIBLE (li_recovered=0.000e+00), time: 0.0008883139998943079
L: 0.50, u_super: 0.00343, sec: 196.409, prod: 0.072565, t_ads: 56.7, t_des: 61.8, bed_util_ads: 0.473, bed_util_des: 0.472, des_th: 0.47217875324334346,frac_lost: 0.105, li_recovered:  8.598, time: 0.0043779520001407946
L: 0.50, u_super: 0.00568, sec: 314.515, prod: 0.128209, t_ads: 34.2, t_des: 30.6, bed_util_ads: 0.500, bed_util_des: 0.500, des_th: 0.4998716058330025,frac_lost: 0.102, li_recovered:  8.310, time: 0.006128266999439802
L: 0.50, u_super: 0.00550, sec: 304.217, prod: 0.124194, t_ads: 35.3, t_des: 32.7, bed_util_ads: 0.496, bed_util_des: 0.495, des_th: 0.4955280824534528,frac_lost: 0.104, li_recovered:  8.454, time: 0.008237173000452458
L: 0.50, u_super: 0.00734, sec: 415.242, prod: 0.165768, t_ads: 26.7, t_des: 23.9, bed_util_ads: 0.500, bed_util_des: 0.500, des_th: 0.49997992696256016,frac_lost: 0.107, li_recovered:  8.388, time: 0.006634112000028836
L: 0.50, u_super: 0.00971, sec: 564.159, prod: 0.220420, t_ads: 20.1, t_des: 18.3, bed_util_ads: 0.500, bed_util_des: 0.499, des_th: 0.4995166497724921,frac_lost: 0.103, li_recovered:  8.452, time: 0.008871231999364682
L: 0.50, u_super: 0.00466, sec: 255.634, prod: 0.104938, t_ads: 41.7, t_des: 37.2, bed_util_ads: 0.500, bed_util_des: 0.500, des_th: 0.49987389566185536,frac_lost: 0.104, li_recovered:  8.277, time: 0.007229852000818937
L: 0.50, u_super: 0.00518, sec: 568.228, prod: 0.058625, t_ads: 37.7, t_des: 111.0, bed_util_ads: 0.354, bed_util_des: 0.352, des_th: 0.3515529299101283,frac_lost: 0.104, li_recovered:  8.722, time: 0.012720755999907851
L: 0.50, u_super: 0.00102, sec: 66.803, prod: 0.018322, t_ads: 186.9, t_des: 266.0, bed_util_ads: 0.427, bed_util_des: 0.422, des_th: 0.42181139980740584,frac_lost: 0.104, li_recovered:  8.300, time: 0.011400497000067844
L: 29.37, u_super: 0.00958 — INFEASIBLE (li_recovered=0.000e+00), time: 0.0023278799999388866
L: 0.50, u_super: 0.00569, sec: 315.569, prod: 0.128514, t_ads: 34.1, t_des: 30.5, bed_util_ads: 0.500, bed_util_des: 0.500, des_th: 0.4998716058330025,frac_lost: 0.103, li_recovered:  8.308, time: 0.006621881999308243
L: 0.50, u_super: 0.00658, sec: 406.207, prod: 0.134898, t_ads: 29.7, t_des: 34.7, bed_util_ads: 0.466, bed_util_des: 0.466, des_th: 0.4658314435182146,frac_lost: 0.105, li_recovered:  8.689, time: 0.007462353998562321
L: 0.50, u_super: 0.00193, sec: 104.327, prod: 0.042513, t_ads: 98.9, t_des: 86.7, bed_util_ads: 0.496, bed_util_des: 0.496, des_th: 0.49552866393682016,frac_lost: 0.100, li_recovered:  7.889, time: 0.0040747869988990715
L: 0.50, u_super: 0.00354, sec: 192.045, prod: 0.079211, t_ads: 55.1, t_des: 51.0, bed_util_ads: 0.494, bed_util_des: 0.493, des_th: 0.4932699926893137,frac_lost: 0.108, li_recovered:  8.399, time: 0.004271166000762605
L: 9.20, u_super: 0.00230 — INFEASIBLE (li_recovered=0.000e+00), time: 0.0016813910006021615
L: 19.21, u_super: 0.00005 — INFEASIBLE (li_recovered=0.000e+00), time: 0.000878700000612298
L: 0.50, u_super: 0.00316, sec: 170.331, prod: 0.070746, t_ads: 61.2, t_des: 57.0, bed_util_ads: 0.492, bed_util_des: 0.492, des_th: 0.4917723811388249,frac_lost: 0.103, li_recovered:  8.359, time: 0.004122450998693239
L: 0.50, u_super: 0.00754, sec: 427.026, prod: 0.170514, t_ads: 25.7, t_des: 24.3, bed_util_ads: 0.493, bed_util_des: 0.493, des_th: 0.49286667040043786,frac_lost: 0.100, li_recovered:  8.540, time: 0.003786774001127924
   354 |    14160 |     40 |  0.0031400425 |             f
L: 0.50, u_super: 0.00656, sec: 367.088, prod: 0.148570, t_ads: 29.5, t_des: 26.4, bed_util_ads: 0.500, bed_util_des: 0.499, des_th: 0.49938230772284103,frac_lost: 0.100, li_recovered:  8.312, time: 0.004328229999373434
L: 0.50, u_super: 0.00849, sec: 490.222, prod: 0.190805, t_ads: 23.0, t_des: 22.1, bed_util_ads: 0.492, bed_util_des: 0.492, des_th: 0.49168378157356146,frac_lost: 0.105, li_recovered:  8.612, time: 0.0037279370008036494
L: 9.03, u_super: 0.00760 — INFEASIBLE (li_recovered=0.000e+00), time: 0.002379278999796952
L: 0.50, u_super: 0.00661, sec: 407.870, prod: 0.135568, t_ads: 29.4, t_des: 34.7, bed_util_ads: 0.465, bed_util_des: 0.465, des_th: 0.46451411029506495,frac_lost: 0.101, li_recovered:  8.684, time: 0.004331234998971922
L: 0.50, u_super: 0.00361, sec: 196.451, prod: 0.080616, t_ads: 53.8, t_des: 47.2, bed_util_ads: 0.500, bed_util_des: 0.500, des_th: 0.4997777359218479,frac_lost: 0.106, li_recovered:  8.142, time: 0.003690495001137606
L: 0.50, u_super: 0.00898, sec: 517.925, prod: 0.203470, t_ads: 21.7, t_des: 19.5, bed_util_ads: 0.500, bed_util_des: 0.500, des_th: 0.49979844816442265,frac_lost: 0.105, li_recovered:  8.390, time: 0.0038604609999310924
L: 0.50, u_super: 0.00149, sec: 82.223, prod: 0.031758, t_ads: 128.6, t_des: 106.9, bed_util_ads: 0.500, bed_util_des: 0.500, des_th: 0.49987355406830136,frac_lost: 0.106, li_recovered:  7.480, time: 0.003479685001366306
L: 7.30, u_super: 0.00085, sec: 1127.025, prod: 0.011030, t_ads: 3169.9, t_des: 6520.1, bed_util_ads: 0.248, bed_util_des: 0.167, des_th: 0.16686048032499215,frac_lost: 0.101, li_recovered:  106.879, time: 0.006165204000353697
L: 0.50, u_super: 0.00413, sec: 225.999, prod: 0.092716, t_ads: 47.0, t_des: 41.5, bed_util_ads: 0.500, bed_util_des: 0.500, des_th: 0.4995166497724921,frac_lost: 0.105, li_recovered:  8.203, time: 0.00467840300007083
L: 25.36, u_super: 0.00252 — INFEASIBLE (li_recovered=0.000e+00), time: 0.0009705899992695777
L: 0.50, u_super: 0.00985, sec: 574.047, prod: 0.223316, t_ads: 19.9, t_des: 18.0, bed_util_ads: 0.500, bed_util_des: 0.499, des_th: 0.49943293868024374,frac_lost: 0.106, li_recovered:  8.449, time: 0.00577312899986282
L: 0.50, u_super: 0.00119, sec: 65.417, prod: 0.025574, t_ads: 158.9, t_des: 137.6, bed_util_ads: 0.493, bed_util_des: 0.493, des_th: 0.4928439400092699,frac_lost: 0.104, li_recovered:  7.581, time: 0.006131936999736354
L: 0.50, u_super: 0.00930, sec: 537.909, prod: 0.210629, t_ads: 21.0, t_des: 19.0, bed_util_ads: 0.500, bed_util_des: 0.500, des_th: 0.49980977140525895,frac_lost: 0.106, li_recovered:  8.441, time: 0.007066685000609141
L: 0.50, u_super: 0.00967, sec: 561.797, prod: 0.219122, t_ads: 20.2, t_des: 18.6, bed_util_ads: 0.497, bed_util_des: 0.497, des_th: 0.49724291589466874,frac_lost: 0.105, li_recovered:  8.495, time: 0.0064332689998991555
L: 0.50, u_super: 0.00407, sec: 221.946, prod: 0.091181, t_ads: 47.8, t_des: 42.2, bed_util_ads: 0.500, bed_util_des: 0.500, des_th: 0.49997879482712393,frac_lost: 0.105, li_recovered:  8.199, time: 0.005964812000456732
L: 0.50, u_super: 0.00622, sec: 346.163, prod: 0.140633, t_ads: 31.2, t_des: 27.9, bed_util_ads: 0.500, bed_util_des: 0.500, des_th: 0.4998650051810817,frac_lost: 0.100, li_recovered:  8.314, time: 0.00414424199880159
L: 0.50, u_super: 0.00193, sec: 104.247, prod: 0.042474, t_ads: 98.9, t_des: 86.7, bed_util_ads: 0.497, bed_util_des: 0.496, des_th: 0.4962532809445774,frac_lost: 0.100, li_recovered:  7.885, time: 0.004912510999929509
L: 0.50, u_super: 0.00924, sec: 534.236, prod: 0.209582, t_ads: 21.1, t_des: 19.4, bed_util_ads: 0.497, bed_util_des: 0.497, des_th: 0.49686903494898704,frac_lost: 0.104, li_recovered:  8.488, time: 0.00448536600015359
L: 0.50, u_super: 0.00878, sec: 504.960, prod: 0.198746, t_ads: 22.3, t_des: 19.9, bed_util_ads: 0.500, bed_util_des: 0.500, des_th: 0.49999514529047495,frac_lost: 0.106, li_recovered:  8.389, time: 0.005251210999631439
L: 0.50, u_super: 0.00162, sec: 88.466, prod: 0.035116, t_ads: 118.0, t_des: 100.8, bed_util_ads: 0.497, bed_util_des: 0.497, des_th: 0.497081511868637,frac_lost: 0.104, li_recovered:  7.681, time: 0.004458718000023509
L: 1.63, u_super: 0.00718, sec: 1352.216, prod: 0.158735, t_ads: 87.7, t_des: 77.1, bed_util_ads: 0.497, bed_util_des: 0.497, des_th: 0.4965380937792216,frac_lost: 0.107, li_recovered:  26.159, time: 0.004782751999300672
L: 0.50, u_super: 0.00015 — INFEASIBLE (li_recovered=0.000e+00), time: 0.002427213001283235
L: 31.22, u_super: 0.00442 — INFEASIBLE (li_recovered=0.000e+00), time: 0.001236469001014484
L: 0.50, u_super: 0.00081 — INFEASIBLE (li_recovered=0.000e+00), time: 0.002821763999236282
L: 0.50, u_super: 0.00500, sec: 275.451, prod: 0.112688, t_ads: 38.7, t_des: 34.3, bed_util_ads: 0.500, bed_util_des: 0.500, des_th: 0.49981011299881295,frac_lost: 0.102, li_recovered:  8.233, time: 0.004336181000326178
L: 0.50, u_super: 0.00268, sec: 144.118, prod: 0.059883, t_ads: 71.9, t_des: 67.1, bed_util_ads: 0.491, bed_util_des: 0.490, des_th: 0.49051111572654693,frac_lost: 0.102, li_recovered:  8.322, time: 0.00613876300121774
L: 0.50, u_super: 0.00928, sec: 536.910, prod: 0.210418, t_ads: 21.0, t_des: 18.9, bed_util_ads: 0.500, bed_util_des: 0.500, des_th: 0.49980977140525895,frac_lost: 0.104, li_recovered:  8.400, time: 0.0045792010005243355
L: 18.65, u_super: 0.00906 — INFEASIBLE (li_recovered=0.000e+00), time: 0.001977220999833662
L: 0.50, u_super: 0.00917, sec: 535.952, prod: 0.205210, t_ads: 21.3, t_des: 20.8, bed_util_ads: 0.491, bed_util_des: 0.490, des_th: 0.49051111572654693,frac_lost: 0.106, li_recovered:  8.642, time: 0.006446461000450654
L: 0.50, u_super: 0.00095 — INFEASIBLE (li_recovered=0.000e+00), time: 0.003690149000249221
L: 0.50, u_super: 0.00008, sec: 9.683, prod: 0.000835, t_ads: 2379.6, t_des: 7765.6, bed_util_ads: 0.235, bed_util_des: 0.144, des_th: 0.1439199342255822,frac_lost: 0.100, li_recovered:  8.476, time: 0.009596455998689635
L: 60.70, u_super: 0.00492 — INFEASIBLE (li_recovered=0.000e+00), time: 0.0013643350011989241
L: 0.50, u_super: 0.00354, sec: 192.962, prod: 0.079047, t_ads: 54.9, t_des: 48.0, bed_util_ads: 0.500, bed_util_des: 0.500, des_th: 0.499950639373075,frac_lost: 0.107, li_recovered:  8.134, time: 0.0033036690001608804
L: 0.50, u_super: 0.00822, sec: 468.323, prod: 0.186557, t_ads: 23.6, t_des: 21.8, bed_util_ads: 0.497, bed_util_des: 0.497, des_th: 0.4970119658697137,frac_lost: 0.100, li_recovered:  8.477, time: 0.005077060999610694
L: 0.50, u_super: 0.00385, sec: 236.474, prod: 0.076489, t_ads: 50.4, t_des: 62.4, bed_util_ads: 0.457, bed_util_des: 0.456, des_th: 0.45604068726467917,frac_lost: 0.103, li_recovered:  8.629, time: 0.007066788999509299
L: 8.87, u_super: 0.00301 — INFEASIBLE (li_recovered=0.000e+00), time: 0.0016210399990086444
L: 10.27, u_super: 0.00695 — INFEASIBLE (li_recovered=0.000e+00), time: 0.0027818519993161317
L: 0.50, u_super: 0.00641, sec: 358.448, prod: 0.144792, t_ads: 30.4, t_des: 27.1, bed_util_ads: 0.500, bed_util_des: 0.500, des_th: 0.49979844816442265,frac_lost: 0.104, li_recovered:  8.329, time: 0.00653796299957321
L: 0.50, u_super: 0.00201, sec: 108.191, prod: 0.044593, t_ads: 95.8, t_des: 87.6, bed_util_ads: 0.492, bed_util_des: 0.492, des_th: 0.49191471612412146,frac_lost: 0.106, li_recovered:  8.175, time: 0.00482112200006668
L: 0.50, u_super: 0.00426, sec: 232.821, prod: 0.095716, t_ads: 45.7, t_des: 40.7, bed_util_ads: 0.500, bed_util_des: 0.500, des_th: 0.499561040310129,frac_lost: 0.106, li_recovered:  8.264, time: 0.005157227000381681
   355 |    14200 |     40 |  0.0018641864 |             f
L: 0.50, u_super: 0.00590, sec: 326.833, prod: 0.133482, t_ads: 32.9, t_des: 30.1, bed_util_ads: 0.497, bed_util_des: 0.497, des_th: 0.496821319177021,frac_lost: 0.100, li_recovered:  8.410, time: 0.004691138999987743
L: 0.50, u_super: 0.00990, sec: 576.775, prod: 0.224513, t_ads: 19.7, t_des: 17.9, bed_util_ads: 0.500, bed_util_des: 0.500, des_th: 0.49977578924053895,frac_lost: 0.105, li_recovered:  8.456, time: 0.005458556999656139
L: 0.50, u_super: 0.00823, sec: 470.984, prod: 0.186201, t_ads: 23.8, t_des: 21.8, bed_util_ads: 0.497, bed_util_des: 0.497, des_th: 0.4970119658697137,frac_lost: 0.107, li_recovered:  8.486, time: 0.005148453999936464
L: 0.50, u_super: 0.00715, sec: 404.138, prod: 0.161572, t_ads: 27.4, t_des: 25.1, bed_util_ads: 0.497, bed_util_des: 0.497, des_th: 0.4970481466137682,frac_lost: 0.108, li_recovered:  8.481, time: 0.004704151999249007
L: 6.45, u_super: 0.00310 — INFEASIBLE (li_recovered=0.000e+00), time: 0.0020445469999685884
L: 0.50, u_super: 0.00434, sec: 237.596, prod: 0.097327, t_ads: 44.9, t_des: 39.6, bed_util_ads: 0.500, bed_util_des: 0.500, des_th: 0.49969029055950004,frac_lost: 0.106, li_recovered:  8.220, time: 0.0055055470002116635
L: 16.26, u_super: 0.00764 — INFEASIBLE (li_recovered=0.000e+00), time: 0.002721599001233699
L: 0.50, u_super: 0.00599, sec: 332.789, prod: 0.135483, t_ads: 32.4, t_des: 29.0, bed_util_ads: 0.500, bed_util_des: 0.500, des_th: 0.49983779611710744,frac_lost: 0.101, li_recovered:  8.314, time: 0.0035248599997430574
L: 0.50, u_super: 0.00232, sec: 125.250, prod: 0.051548, t_ads: 83.2, t_des: 73.9, bed_util_ads: 0.497, bed_util_des: 0.497, des_th: 0.49691492819399935,frac_lost: 0.107, li_recovered:  8.097, time: 0.006169782000142732
L: 0.50, u_super: 0.00198, sec: 106.303, prod: 0.043751, t_ads: 97.5, t_des: 91.1, bed_util_ads: 0.488, bed_util_des: 0.488, des_th: 0.48770115472880765,frac_lost: 0.106, li_recovered:  8.251, time: 0.004666189001000021
L: 0.50, u_super: 0.00801, sec: 456.829, prod: 0.180939, t_ads: 24.5, t_des: 22.4, bed_util_ads: 0.497, bed_util_des: 0.497, des_th: 0.49712692317727725,frac_lost: 0.108, li_recovered:  8.486, time: 0.004406822001328692
L: 0.50, u_super: 0.00850, sec: 528.445, prod: 0.177396, t_ads: 23.0, t_des: 26.1, bed_util_ads: 0.471, bed_util_des: 0.471, des_th: 0.47096858606033837,frac_lost: 0.106, li_recovered:  8.708, time: 0.004992496000340907
L: 24.58, u_super: 0.00354 — INFEASIBLE (li_recovered=0.000e+00), time: 0.0017529169999761507
L: 24.19, u_super: 0.00303 — INFEASIBLE (li_recovered=0.000e+00), time: 0.0015692950000811834
L: 0.50, u_super: 0.00012 — INFEASIBLE (li_recovered=0.000e+00), time: 0.0016679939999448834
L: 0.50, u_super: 0.00062, sec: 34.534, prod: 0.012814, t_ads: 298.2, t_des: 289.2, bed_util_ads: 0.467, bed_util_des: 0.464, des_th: 0.46451411029506495,frac_lost: 0.103, li_recovered:  7.526, time: 0.005805810998936067
L: 0.50, u_super: 0.00385, sec: 230.687, prod: 0.078408, t_ads: 50.5, t_des: 59.5, bed_util_ads: 0.463, bed_util_des: 0.462, des_th: 0.46235665288073907,frac_lost: 0.104, li_recovered:  8.626, time: 0.004557036998448893
L: 0.50, u_super: 0.00073, sec: 43.826, prod: 0.014074, t_ads: 258.3, t_des: 312.1, bed_util_ads: 0.441, bed_util_des: 0.436, des_th: 0.4362822680585793,frac_lost: 0.104, li_recovered:  8.028, time: 0.005920747000345727
L: 0.50, u_super: 0.00902, sec: 520.737, prod: 0.204240, t_ads: 21.7, t_des: 19.6, bed_util_ads: 0.500, bed_util_des: 0.500, des_th: 0.499960500346831,frac_lost: 0.107, li_recovered:  8.440, time: 0.005159296000783797
L: 0.50, u_super: 0.00385, sec: 209.798, prod: 0.086215, t_ads: 50.5, t_des: 44.7, bed_util_ads: 0.500, bed_util_des: 0.499, des_th: 0.49942377143337807,frac_lost: 0.106, li_recovered:  8.210, time: 0.00462895800046681
L: 0.50, u_super: 0.00067, sec: 37.376, prod: 0.013916, t_ads: 275.5, t_des: 254.2, bed_util_ads: 0.473, bed_util_des: 0.472, des_th: 0.472058979555342,frac_lost: 0.102, li_recovered:  7.372, time: 0.0076379420006560395
L: 0.50, u_super: 0.00950, sec: 550.771, prod: 0.215412, t_ads: 20.6, t_des: 18.6, bed_util_ads: 0.500, bed_util_des: 0.500, des_th: 0.49963317809283475,frac_lost: 0.105, li_recovered:  8.442, time: 0.006103753001298173
L: 0.50, u_super: 0.00043 — INFEASIBLE (li_recovered=0.000e+00), time: 0.0028208650001033675
L: 0.50, u_super: 0.00145, sec: 80.093, prod: 0.030929, t_ads: 132.0, t_des: 109.9, bed_util_ads: 0.500, bed_util_des: 0.500, des_th: 0.49987355406830136,frac_lost: 0.107, li_recovered:  7.483, time: 0.004375147000246216
L: 0.50, u_super: 0.00293, sec: 157.750, prod: 0.065647, t_ads: 65.8, t_des: 60.8, bed_util_ads: 0.493, bed_util_des: 0.493, des_th: 0.49286667040043786,frac_lost: 0.102, li_recovered:  8.308, time: 0.005099072999655618
L: 0.50, u_super: 0.00778, sec: 440.916, prod: 0.176519, t_ads: 24.9, t_des: 22.8, bed_util_ads: 0.497, bed_util_des: 0.497, des_th: 0.49686903494898704,frac_lost: 0.100, li_recovered:  8.434, time: 0.005735734001063975
L: 0.50, u_super: 0.00765, sec: 435.375, prod: 0.172636, t_ads: 25.6, t_des: 23.8, bed_util_ads: 0.496, bed_util_des: 0.496, des_th: 0.49562570161253433,frac_lost: 0.108, li_recovered:  8.528, time: 0.00535327900070115
L: 0.50, u_super: 0.00149, sec: 81.662, prod: 0.031976, t_ads: 128.6, t_des: 108.7, bed_util_ads: 0.498, bed_util_des: 0.498, des_th: 0.49812596187452113,frac_lost: 0.106, li_recovered:  7.586, time: 0.004817648999960511
L: 0.50, u_super: 0.00597, sec: 332.428, prod: 0.134597, t_ads: 32.5, t_des: 30.9, bed_util_ads: 0.493, bed_util_des: 0.493, des_th: 0.49260878191183244,frac_lost: 0.101, li_recovered:  8.531, time: 0.00600591600050393
L: 0.50, u_super: 0.00537, sec: 296.345, prod: 0.121387, t_ads: 36.1, t_des: 33.1, bed_util_ads: 0.497, bed_util_des: 0.497, des_th: 0.4970056437385127,frac_lost: 0.103, li_recovered:  8.406, time: 0.004829343999517732
L: 0.50, u_super: 0.00822, sec: 468.323, prod: 0.186557, t_ads: 23.6, t_des: 21.8, bed_util_ads: 0.497, bed_util_des: 0.497, des_th: 0.4970119658697137,frac_lost: 0.100, li_recovered:  8.477, time: 0.004087752999112126
L: 0.50, u_super: 0.00033, sec: 21.735, prod: 0.005671, t_ads: 550.3, t_des: 745.2, bed_util_ads: 0.399, bed_util_des: 0.386, des_th: 0.38578954708065055,frac_lost: 0.102, li_recovered:  7.346, time: 0.00840910699844244
L: 0.50, u_super: 0.00445, sec: 2015.754, prod: 0.012108, t_ads: 43.9, t_des: 681.2, bed_util_ads: 0.192, bed_util_des: 0.186, des_th: 0.1864420498274733,frac_lost: 0.101, li_recovered:  8.780, time: 0.03920360099982645
L: 0.50, u_super: 0.00177, sec: 96.215, prod: 0.038656, t_ads: 108.3, t_des: 93.4, bed_util_ads: 0.497, bed_util_des: 0.497, des_th: 0.497081511868637,frac_lost: 0.105, li_recovered:  7.798, time: 0.006666329998552101
L: 30.83, u_super: 0.00225 — INFEASIBLE (li_recovered=0.000e+00), time: 0.0008768790012254613
L: 0.50, u_super: 0.00718, sec: 437.352, prod: 0.150523, t_ads: 27.2, t_des: 30.6, bed_util_ads: 0.471, bed_util_des: 0.471, des_th: 0.47089463560295713,frac_lost: 0.106, li_recovered:  8.694, time: 0.005437920000986196
L: 0.50, u_super: 0.00822, sec: 469.630, prod: 0.186037, t_ads: 23.8, t_des: 21.8, bed_util_ads: 0.497, bed_util_des: 0.497, des_th: 0.49686833902584215,frac_lost: 0.106, li_recovered:  8.482, time: 0.0071586489993933355
L: 0.50, u_super: 0.00162, sec: 88.150, prod: 0.035242, t_ads: 118.3, t_des: 102.1, bed_util_ads: 0.497, bed_util_des: 0.497, des_th: 0.49683722997095514,frac_lost: 0.106, li_recovered:  7.767, time: 0.005049240999142057
L: 0.50, u_super: 0.00538, sec: 296.614, prod: 0.121496, t_ads: 36.1, t_des: 32.7, bed_util_ads: 0.497, bed_util_des: 0.497, des_th: 0.4970126617928585,frac_lost: 0.102, li_recovered:  8.362, time: 0.005629404000501381
L: 0.50, u_super: 0.00268, sec: 144.235, prod: 0.059835, t_ads: 72.0, t_des: 67.2, bed_util_ads: 0.491, bed_util_des: 0.491, des_th: 0.490755393989712,frac_lost: 0.104, li_recovered:  8.330, time: 0.005095858999993652
   356 |    14240 |     40 |  0.0038711997 |             f
L: 0.50, u_super: 0.00878, sec: 505.052, prod: 0.198710, t_ads: 22.3, t_des: 20.2, bed_util_ads: 0.500, bed_util_des: 0.500, des_th: 0.4996479876745594,frac_lost: 0.107, li_recovered:  8.449, time: 0.006690393998724176
L: 0.50, u_super: 0.00406, sec: 221.782, prod: 0.091017, t_ads: 47.9, t_des: 42.3, bed_util_ads: 0.500, bed_util_des: 0.500, des_th: 0.4999640235894865,frac_lost: 0.106, li_recovered:  8.215, time: 0.004901483000139706
L: 0.50, u_super: 0.00990, sec: 581.114, prod: 0.222837, t_ads: 19.7, t_des: 18.9, bed_util_ads: 0.493, bed_util_des: 0.493, des_th: 0.49279789958900755,frac_lost: 0.105, li_recovered:  8.619, time: 0.004699422999692615
L: 0.50, u_super: 0.00640, sec: 356.764, prod: 0.144821, t_ads: 30.4, t_des: 27.8, bed_util_ads: 0.497, bed_util_des: 0.497, des_th: 0.4970119658697137,frac_lost: 0.101, li_recovered:  8.417, time: 0.005483400000230176
L: 0.50, u_super: 0.00268, sec: 144.283, prod: 0.059814, t_ads: 72.0, t_des: 64.9, bed_util_ads: 0.496, bed_util_des: 0.495, des_th: 0.49547304747678106,frac_lost: 0.104, li_recovered:  8.187, time: 0.005750906000685063
L: 0.50, u_super: 0.00102, sec: 55.490, prod: 0.021874, t_ads: 184.9, t_des: 181.7, bed_util_ads: 0.474, bed_util_des: 0.472, des_th: 0.472353971236045,frac_lost: 0.101, li_recovered:  8.020, time: 0.004176652999376529
L: 11.56, u_super: 0.00590 — INFEASIBLE (li_recovered=0.000e+00), time: 0.0016010569997888524
L: 0.50, u_super: 0.00424, sec: 231.742, prod: 0.095074, t_ads: 45.9, t_des: 40.5, bed_util_ads: 0.500, bed_util_des: 0.500, des_th: 0.49987389566185536,frac_lost: 0.105, li_recovered:  8.213, time: 0.004076044000612455
L: 0.50, u_super: 0.00406, sec: 222.046, prod: 0.091041, t_ads: 47.9, t_des: 42.2, bed_util_ads: 0.500, bed_util_des: 0.500, des_th: 0.4999650919930256,frac_lost: 0.107, li_recovered:  8.205, time: 0.0046781100008956855
L: 36.53, u_super: 0.00354 — INFEASIBLE (li_recovered=0.000e+00), time: 0.0009223510005540447
L: 0.50, u_super: 0.00532, sec: 292.970, prod: 0.120144, t_ads: 36.5, t_des: 33.2, bed_util_ads: 0.498, bed_util_des: 0.498, des_th: 0.4980359122953144,frac_lost: 0.102, li_recovered:  8.366, time: 0.003791549999732524
L: 0.50, u_super: 0.00988, sec: 575.645, prod: 0.224050, t_ads: 19.8, t_des: 17.9, bed_util_ads: 0.499, bed_util_des: 0.499, des_th: 0.49934757506092015,frac_lost: 0.105, li_recovered:  8.446, time: 0.0047573829997418215
L: 0.50, u_super: 0.00268, sec: 144.062, prod: 0.059906, t_ads: 71.9, t_des: 65.6, bed_util_ads: 0.494, bed_util_des: 0.494, des_th: 0.4940575236209898,frac_lost: 0.102, li_recovered:  8.232, time: 0.0037612420001096325
L: 0.50, u_super: 0.00585, sec: 325.981, prod: 0.131507, t_ads: 33.2, t_des: 31.9, bed_util_ads: 0.490, bed_util_des: 0.490, des_th: 0.4898778426733896,frac_lost: 0.101, li_recovered:  8.556, time: 0.004063057998791919
L: 0.50, u_super: 0.00033 — INFEASIBLE (li_recovered=0.000e+00), time: 0.001924203001181013
L: 0.50, u_super: 0.00723, sec: 408.941, prod: 0.163039, t_ads: 27.2, t_des: 24.9, bed_util_ads: 0.497, bed_util_des: 0.497, des_th: 0.49686903494898704,frac_lost: 0.110, li_recovered:  8.480, time: 0.003882283001075848
L: 0.50, u_super: 0.00682, sec: 382.450, prod: 0.154267, t_ads: 28.5, t_des: 25.4, bed_util_ads: 0.500, bed_util_des: 0.500, des_th: 0.49986893155970036,frac_lost: 0.101, li_recovered:  8.318, time: 0.003463353999904939
L: 0.50, u_super: 0.00385, sec: 210.061, prod: 0.086338, t_ads: 50.4, t_des: 44.5, bed_util_ads: 0.500, bed_util_des: 0.499, des_th: 0.4994357834736557,frac_lost: 0.106, li_recovered:  8.198, time: 0.004433431999132154
L: 0.50, u_super: 0.00754, sec: 425.936, prod: 0.170950, t_ads: 25.7, t_des: 23.3, bed_util_ads: 0.500, bed_util_des: 0.499, des_th: 0.4994766995651507,frac_lost: 0.100, li_recovered:  8.374, time: 0.0035653849990922026
L: 34.30, u_super: 0.00442 — INFEASIBLE (li_recovered=0.000e+00), time: 0.0008811379993858282
L: 0.50, u_super: 0.00813, sec: 464.330, prod: 0.183809, t_ads: 24.1, t_des: 21.6, bed_util_ads: 0.500, bed_util_des: 0.500, des_th: 0.49979844816442265,frac_lost: 0.107, li_recovered:  8.394, time: 0.0035874220011464786
L: 0.50, u_super: 0.00858, sec: 492.974, prod: 0.194275, t_ads: 22.8, t_des: 20.9, bed_util_ads: 0.498, bed_util_des: 0.498, des_th: 0.4980580808994568,frac_lost: 0.107, li_recovered:  8.492, time: 0.004385759999422589
L: 11.90, u_super: 0.00120 — INFEASIBLE (li_recovered=0.000e+00), time: 0.0008652859996800544
L: 12.32, u_super: 0.00538 — INFEASIBLE (li_recovered=0.000e+00), time: 0.0014217080006346805
L: 16.68, u_super: 0.00892 — INFEASIBLE (li_recovered=0.000e+00), time: 0.0016499379999004304
L: 0.50, u_super: 0.00754, sec: 429.552, prod: 0.169612, t_ads: 25.9, t_des: 24.6, bed_util_ads: 0.493, bed_util_des: 0.493, des_th: 0.4925689226263855,frac_lost: 0.106, li_recovered:  8.580, time: 0.004934782000418636
L: 0.50, u_super: 0.00924, sec: 560.724, prod: 0.199681, t_ads: 21.1, t_des: 22.5, bed_util_ads: 0.479, bed_util_des: 0.479, des_th: 0.47919660607964737,frac_lost: 0.104, li_recovered:  8.704, time: 0.004340999999840278
L: 0.50, u_super: 0.00320, sec: 172.589, prod: 0.071884, t_ads: 60.2, t_des: 55.5, bed_util_ads: 0.493, bed_util_des: 0.493, des_th: 0.49261234996426073,frac_lost: 0.100, li_recovered:  8.315, time: 0.0041591070003050845
L: 0.50, u_super: 0.00005, sec: 4.331, prod: 0.000669, t_ads: 3400.5, t_des: 5784.7, bed_util_ads: 0.251, bed_util_des: 0.185, des_th: 0.1851696623157332,frac_lost: 0.100, li_recovered:  6.140, time: 0.005644775999826379
L: 0.50, u_super: 0.00598, sec: 331.915, prod: 0.135386, t_ads: 32.4, t_des: 29.7, bed_util_ads: 0.497, bed_util_des: 0.497, des_th: 0.4968949653932444,frac_lost: 0.101, li_recovered:  8.415, time: 0.004760592999446089
L: 0.50, u_super: 0.00098, sec: 59.542, prod: 0.018881, t_ads: 194.1, t_des: 241.5, bed_util_ads: 0.443, bed_util_des: 0.439, des_th: 0.4390937577247922,frac_lost: 0.105, li_recovered:  8.226, time: 0.007062407999910647
L: 0.50, u_super: 0.00876, sec: 644.202, prod: 0.155031, t_ads: 22.3, t_des: 34.0, bed_util_ads: 0.434, bed_util_des: 0.433, des_th: 0.4333068288790345,frac_lost: 0.102, li_recovered:  8.719, time: 0.006856330999653437
L: 0.50, u_super: 0.00289, sec: 155.279, prod: 0.064677, t_ads: 66.7, t_des: 61.6, bed_util_ads: 0.493, bed_util_des: 0.493, des_th: 0.49286667040043786,frac_lost: 0.101, li_recovered:  8.301, time: 0.005338437000318663
L: 15.06, u_super: 0.00190 — INFEASIBLE (li_recovered=0.000e+00), time: 0.0016202219994738698
L: 0.50, u_super: 0.00990, sec: 626.003, prod: 0.206858, t_ads: 19.7, t_des: 22.4, bed_util_ads: 0.470, bed_util_des: 0.470, des_th: 0.46983681104953157,frac_lost: 0.102, li_recovered:  8.714, time: 0.0049818179995781975
L: 0.50, u_super: 0.00249, sec: 134.515, prod: 0.055240, t_ads: 77.4, t_des: 68.0, bed_util_ads: 0.499, bed_util_des: 0.498, des_th: 0.49827443682606504,frac_lost: 0.104, li_recovered:  8.033, time: 0.005334448000212433
L: 24.48, u_super: 0.00204 — INFEASIBLE (li_recovered=0.000e+00), time: 0.0009347930008516414
L: 0.50, u_super: 0.00492, sec: 270.703, prod: 0.110840, t_ads: 39.5, t_des: 35.3, bed_util_ads: 0.500, bed_util_des: 0.500, des_th: 0.4999601550712888,frac_lost: 0.105, li_recovered:  8.290, time: 0.003609329000028083
L: 0.50, u_super: 0.00343, sec: 186.242, prod: 0.076589, t_ads: 56.7, t_des: 50.0, bed_util_ads: 0.500, bed_util_des: 0.500, des_th: 0.49997879482712393,frac_lost: 0.107, li_recovered:  8.178, time: 0.005182077000426943
L: 0.50, u_super: 0.00590, sec: 326.833, prod: 0.133482, t_ads: 32.9, t_des: 30.1, bed_util_ads: 0.497, bed_util_des: 0.497, des_th: 0.496821319177021,frac_lost: 0.100, li_recovered:  8.410, time: 0.003939391999665531
   357 |    14280 |     40 |  0.0021893317 |             f
L: 0.50, u_super: 0.00151, sec: 83.046, prod: 0.032536, t_ads: 126.4, t_des: 106.7, bed_util_ads: 0.499, bed_util_des: 0.499, des_th: 0.498832494052102,frac_lost: 0.106, li_recovered:  7.585, time: 0.004632178999600001
L: 0.50, u_super: 0.00225, sec: 121.141, prod: 0.050052, t_ads: 85.8, t_des: 79.0, bed_util_ads: 0.492, bed_util_des: 0.492, des_th: 0.4918650833407192,frac_lost: 0.107, li_recovered:  8.248, time: 0.003844820999802323
L: 0.50, u_super: 0.00587, sec: 328.138, prod: 0.131588, t_ads: 33.1, t_des: 32.1, bed_util_ads: 0.490, bed_util_des: 0.490, des_th: 0.4898778426733896,frac_lost: 0.102, li_recovered:  8.577, time: 0.0039958369998203125
L: 0.50, u_super: 0.00387, sec: 261.181, prod: 0.070175, t_ads: 50.5, t_des: 72.8, bed_util_ads: 0.438, bed_util_des: 0.437, des_th: 0.4366027841604793,frac_lost: 0.108, li_recovered:  8.651, time: 0.005382669000027818
L: 14.94, u_super: 0.00907 — INFEASIBLE (li_recovered=0.000e+00), time: 0.0017965789993468206
L: 0.50, u_super: 0.00268, sec: 144.062, prod: 0.059906, t_ads: 71.9, t_des: 65.6, bed_util_ads: 0.494, bed_util_des: 0.494, des_th: 0.4940575236209898,frac_lost: 0.102, li_recovered:  8.232, time: 0.0047592720002285205
L: 0.50, u_super: 0.00182, sec: 98.566, prod: 0.039795, t_ads: 105.0, t_des: 91.1, bed_util_ads: 0.497, bed_util_des: 0.497, des_th: 0.497081511868637,frac_lost: 0.101, li_recovered:  7.803, time: 0.004844236000280944
L: 0.50, u_super: 0.00990, sec: 580.067, prod: 0.223241, t_ads: 19.7, t_des: 18.8, bed_util_ads: 0.494, bed_util_des: 0.493, des_th: 0.4934242650530688,frac_lost: 0.105, li_recovered:  8.602, time: 0.003826972999377176
L: 0.50, u_super: 0.00046, sec: 38.519, prod: 0.006395, t_ads: 411.5, t_des: 855.4, bed_util_ads: 0.361, bed_util_des: 0.342, des_th: 0.3421384024735096,frac_lost: 0.104, li_recovered:  8.102, time: 0.008785257999988971
L: 0.50, u_super: 0.00268, sec: 153.396, prod: 0.056261, t_ads: 72.2, t_des: 79.8, bed_util_ads: 0.469, bed_util_des: 0.468, des_th: 0.4683763183158891,frac_lost: 0.104, li_recovered:  8.550, time: 0.006799263999710092
L: 0.50, u_super: 0.00836, sec: 478.603, prod: 0.189133, t_ads: 23.4, t_des: 21.2, bed_util_ads: 0.499, bed_util_des: 0.499, des_th: 0.49889719175165315,frac_lost: 0.107, li_recovered:  8.436, time: 0.00708290199872863
L: 0.50, u_super: 0.00988, sec: 575.581, prod: 0.224075, t_ads: 19.8, t_des: 17.9, bed_util_ads: 0.500, bed_util_des: 0.500, des_th: 0.49960499832344785,frac_lost: 0.105, li_recovered:  8.451, time: 0.005203286998948897
L: 0.50, u_super: 0.00150, sec: 82.055, prod: 0.032405, t_ads: 127.6, t_des: 109.0, bed_util_ads: 0.497, bed_util_des: 0.497, des_th: 0.49688486848180136,frac_lost: 0.107, li_recovered:  7.668, time: 0.0076225160009926185
L: 0.50, u_super: 0.00492, sec: 270.746, prod: 0.110823, t_ads: 39.5, t_des: 35.2, bed_util_ads: 0.500, bed_util_des: 0.500, des_th: 0.4999601550712888,frac_lost: 0.105, li_recovered:  8.284, time: 0.005266525999104488
L: 0.50, u_super: 0.00886, sec: 644.141, prod: 0.159011, t_ads: 22.0, t_des: 32.8, bed_util_ads: 0.437, bed_util_des: 0.436, des_th: 0.4362822680585793,frac_lost: 0.103, li_recovered:  8.719, time: 0.0075487009999051224
L: 0.50, u_super: 0.00990, sec: 576.356, prod: 0.224677, t_ads: 19.7, t_des: 17.9, bed_util_ads: 0.500, bed_util_des: 0.499, des_th: 0.49942132725883337,frac_lost: 0.103, li_recovered:  8.451, time: 0.008123431998683373
L: 0.50, u_super: 0.00323, sec: 174.444, prod: 0.072634, t_ads: 59.6, t_des: 55.1, bed_util_ads: 0.493, bed_util_des: 0.493, des_th: 0.49261234996426073,frac_lost: 0.101, li_recovered:  8.327, time: 0.005088210999019793
L: 50.11, u_super: 0.00804 — INFEASIBLE (li_recovered=0.000e+00), time: 0.002124765998814837
L: 0.50, u_super: 0.00640, sec: 361.075, prod: 0.143092, t_ads: 30.3, t_des: 29.8, bed_util_ads: 0.489, bed_util_des: 0.488, des_th: 0.4884123342842349,frac_lost: 0.101, li_recovered:  8.608, time: 0.008030235998376156
L: 10.85, u_super: 0.00442 — INFEASIBLE (li_recovered=0.000e+00), time: 0.0023802350006008055
L: 0.50, u_super: 0.00883, sec: 507.835, prod: 0.200021, t_ads: 22.1, t_des: 19.9, bed_util_ads: 0.500, bed_util_des: 0.500, des_th: 0.4999791419032054,frac_lost: 0.105, li_recovered:  8.404, time: 0.006090760998631595
L: 21.90, u_super: 0.00033 — INFEASIBLE (li_recovered=0.000e+00), time: 0.001060106000295491
L: 0.50, u_super: 0.00118, sec: 64.650, prod: 0.025545, t_ads: 160.0, t_des: 159.6, bed_util_ads: 0.475, bed_util_des: 0.474, des_th: 0.47380985450777324,frac_lost: 0.103, li_recovered:  8.164, time: 0.005370584000047529
L: 13.83, u_super: 0.00464 — INFEASIBLE (li_recovered=0.000e+00), time: 0.0019163939996360568
L: 0.50, u_super: 0.00315, sec: 169.955, prod: 0.070820, t_ads: 61.0, t_des: 56.4, bed_util_ads: 0.493, bed_util_des: 0.493, des_th: 0.49261234996426073,frac_lost: 0.100, li_recovered:  8.319, time: 0.008464857999570086
L: 0.50, u_super: 0.00354, sec: 192.389, prod: 0.079070, t_ads: 55.1, t_des: 48.6, bed_util_ads: 0.499, bed_util_des: 0.499, des_th: 0.4992611791118902,frac_lost: 0.108, li_recovered:  8.198, time: 0.006375072000082582
L: 0.50, u_super: 0.00073, sec: 212.672, prod: 0.002900, t_ads: 271.6, t_des: 2761.9, bed_util_ads: 0.212, bed_util_des: 0.183, des_th: 0.1829503626349725,frac_lost: 0.101, li_recovered:  8.798, time: 0.02758986699882371
L: 21.49, u_super: 0.00499 — INFEASIBLE (li_recovered=0.000e+00), time: 0.0013452629991661524
L: 10.32, u_super: 0.00811 — INFEASIBLE (li_recovered=0.000e+00), time: 0.0024737549993005814
L: 0.92, u_super: 0.00723, sec: 757.945, prod: 0.161947, t_ads: 49.4, t_des: 43.6, bed_util_ads: 0.499, bed_util_des: 0.499, des_th: 0.49927291415165803,frac_lost: 0.104, li_recovered:  15.068, time: 0.00541163200068695
L: 0.50, u_super: 0.00947, sec: 549.286, prod: 0.214638, t_ads: 20.6, t_des: 18.9, bed_util_ads: 0.497, bed_util_des: 0.497, des_th: 0.4970656783358227,frac_lost: 0.105, li_recovered:  8.494, time: 0.004567612999380799
L: 0.50, u_super: 0.00042, sec: 95.152, prod: 0.002208, t_ads: 466.0, t_des: 3506.7, bed_util_ads: 0.228, bed_util_des: 0.185, des_th: 0.1851696623157332,frac_lost: 0.101, li_recovered:  8.773, time: 0.024671215000125812
L: 0.50, u_super: 0.00027 — INFEASIBLE (li_recovered=0.000e+00), time: 0.0026296809992345516
L: 22.08, u_super: 0.00120 — INFEASIBLE (li_recovered=0.000e+00), time: 0.0009401139996043639
L: 0.50, u_super: 0.00227, sec: 122.946, prod: 0.050032, t_ads: 85.1, t_des: 73.9, bed_util_ads: 0.499, bed_util_des: 0.498, des_th: 0.49827443682606504,frac_lost: 0.107, li_recovered:  7.957, time: 0.005326268001226708
L: 0.50, u_super: 0.00191, sec: 103.045, prod: 0.042227, t_ads: 99.9, t_des: 88.6, bed_util_ads: 0.496, bed_util_des: 0.495, des_th: 0.49520799699293494,frac_lost: 0.101, li_recovered:  7.960, time: 0.006391442999301944
L: 0.50, u_super: 0.00225, sec: 122.493, prod: 0.049500, t_ads: 85.8, t_des: 73.6, bed_util_ads: 0.500, bed_util_des: 0.500, des_th: 0.4995394671485501,frac_lost: 0.107, li_recovered:  7.890, time: 0.007596638000904932
L: 0.50, u_super: 0.00966, sec: 622.165, prod: 0.197587, t_ads: 20.2, t_des: 23.9, bed_util_ads: 0.465, bed_util_des: 0.465, des_th: 0.4646930844196826,frac_lost: 0.103, li_recovered:  8.715, time: 0.005120861000250443
L: 0.50, u_super: 0.00509, sec: 280.532, prod: 0.114575, t_ads: 38.2, t_des: 33.8, bed_util_ads: 0.500, bed_util_des: 0.500, des_th: 0.49987389566185536,frac_lost: 0.104, li_recovered:  8.251, time: 0.004589628000758239
L: 0.50, u_super: 0.00079 — INFEASIBLE (li_recovered=0.000e+00), time: 0.003224029998818878
   358 |    14320 |     40 |  0.0035167119 |             f
L: 0.50, u_super: 0.00386, sec: 210.164, prod: 0.086682, t_ads: 50.4, t_des: 45.6, bed_util_ads: 0.497, bed_util_des: 0.497, des_th: 0.49686903494898704,frac_lost: 0.107, li_recovered:  8.320, time: 0.0060858850010845345
L: 0.50, u_super: 0.00990, sec: 576.622, prod: 0.224573, t_ads: 19.7, t_des: 18.1, bed_util_ads: 0.497, bed_util_des: 0.497, des_th: 0.4971210818353951,frac_lost: 0.103, li_recovered:  8.499, time: 0.005748789000790566
L: 0.50, u_super: 0.00842, sec: 482.152, prod: 0.190498, t_ads: 23.2, t_des: 20.8, bed_util_ads: 0.500, bed_util_des: 0.500, des_th: 0.49997879482712393,frac_lost: 0.106, li_recovered:  8.393, time: 0.004388033999930485
L: 0.50, u_super: 0.00585, sec: 327.434, prod: 0.130924, t_ads: 33.3, t_des: 32.3, bed_util_ads: 0.490, bed_util_des: 0.490, des_th: 0.4898445496081714,frac_lost: 0.104, li_recovered:  8.584, time: 0.004674674999478157
L: 0.50, u_super: 0.00754, sec: 427.848, prod: 0.170186, t_ads: 26.0, t_des: 23.9, bed_util_ads: 0.497, bed_util_des: 0.497, des_th: 0.4969950514648979,frac_lost: 0.108, li_recovered:  8.490, time: 0.004439994998392649
L: 0.50, u_super: 0.00505, sec: 294.096, prod: 0.107452, t_ads: 38.5, t_des: 42.0, bed_util_ads: 0.473, bed_util_des: 0.473, des_th: 0.4728527669908862,frac_lost: 0.102, li_recovered:  8.650, time: 0.007351558000664227
L: 0.50, u_super: 0.00019 — INFEASIBLE (li_recovered=0.000e+00), time: 0.0014623260012740502
L: 0.50, u_super: 0.00287, sec: 154.597, prod: 0.064314, t_ads: 67.1, t_des: 62.5, bed_util_ads: 0.492, bed_util_des: 0.492, des_th: 0.4917723811388249,frac_lost: 0.102, li_recovered:  8.333, time: 0.004625918998499401
L: 0.50, u_super: 0.00012, sec: 13.526, prod: 0.001254, t_ads: 1601.3, t_des: 4935.5, bed_util_ads: 0.257, bed_util_des: 0.185, des_th: 0.1851696623157332,frac_lost: 0.101, li_recovered:  8.194, time: 0.009869244999208604
L: 1.54, u_super: 0.00033 — INFEASIBLE (li_recovered=0.000e+00), time: 0.002035823999904096
L: 0.50, u_super: 0.00565, sec: 312.634, prod: 0.127755, t_ads: 34.4, t_des: 31.5, bed_util_ads: 0.497, bed_util_des: 0.497, des_th: 0.4969784134759763,frac_lost: 0.102, li_recovered:  8.415, time: 0.004222485998980119
L: 0.50, u_super: 0.00836, sec: 477.559, prod: 0.189547, t_ads: 23.2, t_des: 20.8, bed_util_ads: 0.500, bed_util_des: 0.500, des_th: 0.49999827372415007,frac_lost: 0.100, li_recovered:  8.335, time: 0.005366928999137599
L: 0.50, u_super: 0.00640, sec: 356.730, prod: 0.144835, t_ads: 30.3, t_des: 27.8, bed_util_ads: 0.497, bed_util_des: 0.497, des_th: 0.49703376340722183,frac_lost: 0.101, li_recovered:  8.419, time: 0.0060257349996390985
L: 0.50, u_super: 0.00921, sec: 580.327, prod: 0.191397, t_ads: 21.2, t_des: 24.3, bed_util_ads: 0.470, bed_util_des: 0.470, des_th: 0.46977245482694524,frac_lost: 0.105, li_recovered:  8.713, time: 0.005663717998686479
L: 5.02, u_super: 0.00864 — INFEASIBLE (li_recovered=0.000e+00), time: 0.004442322000613785
L: 0.50, u_super: 0.00820, sec: 469.083, prod: 0.185331, t_ads: 23.9, t_des: 21.9, bed_util_ads: 0.497, bed_util_des: 0.497, des_th: 0.49712692317727725,frac_lost: 0.108, li_recovered:  8.492, time: 0.004796832001375151
L: 0.50, u_super: 0.00443, sec: 242.439, prod: 0.099641, t_ads: 43.9, t_des: 39.2, bed_util_ads: 0.500, bed_util_des: 0.500, des_th: 0.4996647997783334,frac_lost: 0.105, li_recovered:  8.279, time: 0.005307204000928323
L: 0.50, u_super: 0.00617, sec: 343.466, prod: 0.139512, t_ads: 31.4, t_des: 28.2, bed_util_ads: 0.500, bed_util_des: 0.499, des_th: 0.49942377143337807,frac_lost: 0.101, li_recovered:  8.316, time: 0.0046268679998320295
L: 0.50, u_super: 0.00747, sec: 423.418, prod: 0.168704, t_ads: 26.2, t_des: 23.8, bed_util_ads: 0.500, bed_util_des: 0.499, des_th: 0.4994271074333408,frac_lost: 0.109, li_recovered:  8.441, time: 0.0035297230006108293
L: 0.50, u_super: 0.00344, sec: 186.162, prod: 0.077224, t_ads: 56.1, t_des: 50.4, bed_util_ads: 0.497, bed_util_des: 0.497, des_th: 0.4970119658697137,frac_lost: 0.102, li_recovered:  8.227, time: 0.005222006000622059
L: 0.50, u_super: 0.00362, sec: 196.583, prod: 0.081123, t_ads: 53.8, t_des: 49.7, bed_util_ads: 0.493, bed_util_des: 0.493, des_th: 0.492899963465656,frac_lost: 0.107, li_recovered:  8.397, time: 0.005874471000424819
L: 0.50, u_super: 0.00532, sec: 293.168, prod: 0.120146, t_ads: 36.4, t_des: 32.7, bed_util_ads: 0.500, bed_util_des: 0.499, des_th: 0.4994941056505078,frac_lost: 0.101, li_recovered:  8.310, time: 0.006575798000994837
L: 0.50, u_super: 0.00089 — INFEASIBLE (li_recovered=0.000e+00), time: 0.002343133999602287
L: 0.50, u_super: 0.00933, sec: 539.751, prod: 0.211623, t_ads: 20.9, t_des: 19.0, bed_util_ads: 0.500, bed_util_des: 0.500, des_th: 0.49963317809283475,frac_lost: 0.104, li_recovered:  8.438, time: 0.0038441990000137594
L: 0.50, u_super: 0.00616, sec: 342.767, prod: 0.139614, t_ads: 31.4, t_des: 28.9, bed_util_ads: 0.497, bed_util_des: 0.497, des_th: 0.4968949653932444,frac_lost: 0.100, li_recovered:  8.421, time: 0.0051772090009762906
L: 0.50, u_super: 0.00445, sec: 243.611, prod: 0.100078, t_ads: 43.7, t_des: 39.0, bed_util_ads: 0.500, bed_util_des: 0.500, des_th: 0.49965007983697646,frac_lost: 0.105, li_recovered:  8.278, time: 0.004734138999992865
L: 0.50, u_super: 0.00990, sec: 576.811, prod: 0.224499, t_ads: 19.7, t_des: 17.9, bed_util_ads: 0.500, bed_util_des: 0.499, des_th: 0.49945542080723343,frac_lost: 0.105, li_recovered:  8.455, time: 0.006212677000803524
L: 0.50, u_super: 0.00143, sec: 80.946, prod: 0.029994, t_ads: 133.5, t_des: 144.9, bed_util_ads: 0.466, bed_util_des: 0.464, des_th: 0.46451411029506495,frac_lost: 0.105, li_recovered:  8.353, time: 0.0056519869995099725
L: 0.50, u_super: 0.00585, sec: 345.147, prod: 0.124205, t_ads: 33.3, t_des: 36.5, bed_util_ads: 0.475, bed_util_des: 0.474, des_th: 0.4740199641883055,frac_lost: 0.105, li_recovered:  8.671, time: 0.007417310998789617
L: 19.14, u_super: 0.00695 — INFEASIBLE (li_recovered=0.000e+00), time: 0.0019420759999775328
L: 6.20, u_super: 0.00775 — INFEASIBLE (li_recovered=0.000e+00), time: 0.002347220999581623
L: 0.50, u_super: 0.00016, sec: 21.591, prod: 0.001439, t_ads: 1197.7, t_des: 4686.5, bed_util_ads: 0.252, bed_util_des: 0.185, des_th: 0.1851696623157332,frac_lost: 0.100, li_recovered:  8.465, time: 0.011979724000411807
L: 0.50, u_super: 0.00172, sec: 93.026, prod: 0.037656, t_ads: 111.3, t_des: 97.5, bed_util_ads: 0.496, bed_util_des: 0.495, des_th: 0.49520799699293494,frac_lost: 0.103, li_recovered:  7.860, time: 0.004193683998892084
L: 33.58, u_super: 0.00249 — INFEASIBLE (li_recovered=0.000e+00), time: 0.0009468040007050149
L: 0.50, u_super: 0.00134 — INFEASIBLE (li_recovered=0.000e+00), time: 0.0020490139995672507
L: 0.50, u_super: 0.00033, sec: 19.852, prod: 0.006209, t_ads: 527.1, t_des: 525.5, bed_util_ads: 0.440, bed_util_des: 0.436, des_th: 0.4362822680585793,frac_lost: 0.102, li_recovered:  6.535, time: 0.004100157000721083
L: 0.50, u_super: 0.00195, sec: 105.782, prod: 0.042562, t_ads: 99.1, t_des: 85.1, bed_util_ads: 0.499, bed_util_des: 0.498, des_th: 0.49827443682606504,frac_lost: 0.107, li_recovered:  7.839, time: 0.00449481800023932
L: 0.50, u_super: 0.00849, sec: 485.515, prod: 0.192857, t_ads: 22.9, t_des: 20.9, bed_util_ads: 0.497, bed_util_des: 0.497, des_th: 0.4970119658697137,frac_lost: 0.100, li_recovered:  8.447, time: 0.004054983999594697
L: 0.50, u_super: 0.00695, sec: 390.415, prod: 0.157466, t_ads: 27.9, t_des: 25.8, bed_util_ads: 0.497, bed_util_des: 0.496, des_th: 0.49651525970134813,frac_lost: 0.101, li_recovered:  8.469, time: 0.0037109169988980284
L: 0.50, u_super: 0.00246, sec: 132.423, prod: 0.054633, t_ads: 78.5, t_des: 69.9, bed_util_ads: 0.496, bed_util_des: 0.496, des_th: 0.4959074123850381,frac_lost: 0.105, li_recovered:  8.110, time: 0.004394104000311927
   359 |    14360 |     40 |  0.0023055001 |             f
L: 0.50, u_super: 0.00990, sec: 653.657, prod: 0.198106, t_ads: 19.7, t_des: 24.3, bed_util_ads: 0.461, bed_util_des: 0.460, des_th: 0.4600882408557462,frac_lost: 0.103, li_recovered:  8.718, time: 0.005798100999527378
L: 0.50, u_super: 0.00344, sec: 185.876, prod: 0.077343, t_ads: 56.1, t_des: 51.7, bed_util_ads: 0.494, bed_util_des: 0.494, des_th: 0.4936622834726822,frac_lost: 0.101, li_recovered:  8.335, time: 0.005621746999167954
L: 0.50, u_super: 0.00924, sec: 534.236, prod: 0.209582, t_ads: 21.1, t_des: 19.4, bed_util_ads: 0.497, bed_util_des: 0.497, des_th: 0.49686903494898704,frac_lost: 0.104, li_recovered:  8.488, time: 0.005422659000032581
L: 0.50, u_super: 0.00158, sec: 124.389, prod: 0.023734, t_ads: 122.3, t_des: 237.0, bed_util_ads: 0.395, bed_util_des: 0.389, des_th: 0.38924183994088535,frac_lost: 0.103, li_recovered:  8.526, time: 0.008252042000094661
L: 0.50, u_super: 0.00798, sec: 454.006, prod: 0.181052, t_ads: 24.3, t_des: 22.0, bed_util_ads: 0.500, bed_util_des: 0.500, des_th: 0.4999791419032054,frac_lost: 0.102, li_recovered:  8.389, time: 0.004869718999543693
L: 0.50, u_super: 0.00166, sec: 89.571, prod: 0.036593, t_ads: 114.9, t_des: 103.1, bed_util_ads: 0.493, bed_util_des: 0.492, des_th: 0.49261234996426073,frac_lost: 0.103, li_recovered:  7.976, time: 0.007519568998759496
L: 0.50, u_super: 0.00462, sec: 326.599, prod: 0.080717, t_ads: 42.3, t_des: 65.2, bed_util_ads: 0.431, bed_util_des: 0.429, des_th: 0.42919040994160185,frac_lost: 0.107, li_recovered:  8.676, time: 0.0072505259995523375
L: 0.50, u_super: 0.00010, sec: 12.863, prod: 0.000842, t_ads: 2106.4, t_des: 8301.5, bed_util_ads: 0.230, bed_util_des: 0.137, des_th: 0.13683535158951382,frac_lost: 0.104, li_recovered:  8.766, time: 0.009962307998648612
L: 0.50, u_super: 0.00447, sec: 244.820, prod: 0.100320, t_ads: 43.5, t_des: 38.4, bed_util_ads: 0.500, bed_util_des: 0.500, des_th: 0.49965007983697646,frac_lost: 0.104, li_recovered:  8.217, time: 0.003941331000532955
L: 0.50, u_super: 0.00989, sec: 576.409, prod: 0.224319, t_ads: 19.8, t_des: 17.9, bed_util_ads: 0.500, bed_util_des: 0.499, des_th: 0.49942132725883337,frac_lost: 0.105, li_recovered:  8.449, time: 0.003986495999924955
L: 0.50, u_super: 0.00145, sec: 80.093, prod: 0.030929, t_ads: 132.0, t_des: 109.9, bed_util_ads: 0.500, bed_util_des: 0.500, des_th: 0.49987355406830136,frac_lost: 0.107, li_recovered:  7.483, time: 0.003737222999916412
L: 4.56, u_super: 0.00496 — INFEASIBLE (li_recovered=0.000e+00), time: 0.00289161500040791
L: 0.50, u_super: 0.00752, sec: 465.480, prod: 0.155850, t_ads: 26.0, t_des: 29.8, bed_util_ads: 0.469, bed_util_des: 0.468, des_th: 0.4681989336563979,frac_lost: 0.106, li_recovered:  8.700, time: 0.004170480000539101
L: 0.50, u_super: 0.00386, sec: 210.129, prod: 0.086696, t_ads: 50.3, t_des: 45.1, bed_util_ads: 0.498, bed_util_des: 0.498, des_th: 0.4975956824646048,frac_lost: 0.105, li_recovered:  8.268, time: 0.0035330640002939617
L: 0.50, u_super: 0.00763, sec: 431.549, prod: 0.173020, t_ads: 25.4, t_des: 23.0, bed_util_ads: 0.500, bed_util_des: 0.500, des_th: 0.4996484622025543,frac_lost: 0.100, li_recovered:  8.386, time: 0.003711385999849881
L: 0.50, u_super: 0.00982, sec: 575.855, prod: 0.221044, t_ads: 19.9, t_des: 19.1, bed_util_ads: 0.492, bed_util_des: 0.492, des_th: 0.4917488701463496,frac_lost: 0.104, li_recovered:  8.621, time: 0.004387322000184213
L: 0.50, u_super: 0.00287, sec: 154.526, prod: 0.064226, t_ads: 67.2, t_des: 61.2, bed_util_ads: 0.494, bed_util_des: 0.494, des_th: 0.4940575236209898,frac_lost: 0.103, li_recovered:  8.248, time: 0.004670141999667976
L: 0.50, u_super: 0.00532, sec: 293.008, prod: 0.120129, t_ads: 36.5, t_des: 33.1, bed_util_ads: 0.498, bed_util_des: 0.498, des_th: 0.4980359122953144,frac_lost: 0.102, li_recovered:  8.358, time: 0.00466625999979442
L: 0.50, u_super: 0.00718, sec: 405.975, prod: 0.162156, t_ads: 27.3, t_des: 24.7, bed_util_ads: 0.500, bed_util_des: 0.499, des_th: 0.4993962387754389,frac_lost: 0.109, li_recovered:  8.439, time: 0.00432357600038813
L: 0.50, u_super: 0.00656, sec: 368.140, prod: 0.148145, t_ads: 29.8, t_des: 27.4, bed_util_ads: 0.497, bed_util_des: 0.497, des_th: 0.49706866133119826,frac_lost: 0.107, li_recovered:  8.474, time: 0.005877132000023266
L: 0.50, u_super: 0.00704, sec: 395.779, prod: 0.159574, t_ads: 27.6, t_des: 25.3, bed_util_ads: 0.497, bed_util_des: 0.497, des_th: 0.49651525970134813,frac_lost: 0.101, li_recovered:  8.430, time: 0.00531102399872907
L: 0.50, u_super: 0.00218, sec: 117.011, prod: 0.048276, t_ads: 88.6, t_des: 79.9, bed_util_ads: 0.494, bed_util_des: 0.494, des_th: 0.4940575236209898,frac_lost: 0.106, li_recovered:  8.136, time: 0.005429663000541041
L: 0.50, u_super: 0.00120, sec: 72.869, prod: 0.023331, t_ads: 158.9, t_des: 198.0, bed_util_ads: 0.447, bed_util_des: 0.443, des_th: 0.44354446113963014,frac_lost: 0.104, li_recovered:  8.325, time: 0.004564337001284002
L: 0.50, u_super: 0.00325, sec: 175.681, prod: 0.072662, t_ads: 59.9, t_des: 54.7, bed_util_ads: 0.496, bed_util_des: 0.495, des_th: 0.49520799699293494,frac_lost: 0.108, li_recovered:  8.329, time: 0.004245490999892354
L: 0.50, u_super: 0.00562, sec: 364.387, prod: 0.108355, t_ads: 34.9, t_des: 45.3, bed_util_ads: 0.453, bed_util_des: 0.452, des_th: 0.4523004264623312,frac_lost: 0.109, li_recovered:  8.685, time: 0.005194981999011361
L: 0.50, u_super: 0.00143, sec: 79.166, prod: 0.030519, t_ads: 133.7, t_des: 111.3, bed_util_ads: 0.500, bed_util_des: 0.500, des_th: 0.4999777333340624,frac_lost: 0.108, li_recovered:  7.477, time: 0.004027470000437461
L: 0.50, u_super: 0.00652, sec: 364.699, prod: 0.147497, t_ads: 29.8, t_des: 26.6, bed_util_ads: 0.500, bed_util_des: 0.500, des_th: 0.49971313446712773,frac_lost: 0.101, li_recovered:  8.312, time: 0.005093752000902896
L: 0.50, u_super: 0.00874, sec: 508.328, prod: 0.195717, t_ads: 22.3, t_des: 21.8, bed_util_ads: 0.490, bed_util_des: 0.490, des_th: 0.4899646537166271,frac_lost: 0.105, li_recovered:  8.638, time: 0.004013419000330032
L: 0.50, u_super: 0.00924, sec: 596.289, prod: 0.187771, t_ads: 21.2, t_des: 25.3, bed_util_ads: 0.464, bed_util_des: 0.464, des_th: 0.4640472287554589,frac_lost: 0.106, li_recovered:  8.716, time: 0.004952608000166947
L: 0.50, u_super: 0.00772, sec: 437.421, prod: 0.175187, t_ads: 25.1, t_des: 23.0, bed_util_ads: 0.497, bed_util_des: 0.497, des_th: 0.4970119658697137,frac_lost: 0.101, li_recovered:  8.440, time: 0.004306498998630559
L: 0.50, u_super: 0.00117 — INFEASIBLE (li_recovered=0.000e+00), time: 0.002367781999055296
L: 0.50, u_super: 0.00695, sec: 390.473, prod: 0.157443, t_ads: 27.9, t_des: 25.0, bed_util_ads: 0.500, bed_util_des: 0.500, des_th: 0.4995199566534985,frac_lost: 0.100, li_recovered:  8.323, time: 0.005376073999286746
L: 0.50, u_super: 0.00465, sec: 255.186, prod: 0.104764, t_ads: 41.8, t_des: 37.3, bed_util_ads: 0.500, bed_util_des: 0.499, des_th: 0.4994783171995728,frac_lost: 0.104, li_recovered:  8.279, time: 0.005621082998914062
L: 0.50, u_super: 0.00225, sec: 122.522, prod: 0.049488, t_ads: 85.8, t_des: 73.6, bed_util_ads: 0.500, bed_util_des: 0.500, des_th: 0.4996232037721578,frac_lost: 0.108, li_recovered:  7.889, time: 0.008025422999708098
L: 0.50, u_super: 0.00024 — INFEASIBLE (li_recovered=0.000e+00), time: 0.002232147000540863
L: 0.50, u_super: 0.00005, sec: 4.332, prod: 0.000668, t_ads: 3402.0, t_des: 5777.8, bed_util_ads: 0.251, bed_util_des: 0.185, des_th: 0.1851696623157332,frac_lost: 0.100, li_recovered:  6.135, time: 0.0063551189996360335
L: 0.50, u_super: 0.00480, sec: 304.829, prod: 0.093403, t_ads: 40.4, t_des: 52.3, bed_util_ads: 0.453, bed_util_des: 0.452, des_th: 0.45243163395382796,frac_lost: 0.101, li_recovered:  8.659, time: 0.0049391690008633304
L: 0.50, u_super: 0.00386, sec: 210.379, prod: 0.086593, t_ads: 50.3, t_des: 44.6, bed_util_ads: 0.500, bed_util_des: 0.499, des_th: 0.4993983659413213,frac_lost: 0.105, li_recovered:  8.213, time: 0.004605211999660241
L: 0.50, u_super: 0.00990, sec: 576.470, prod: 0.224548, t_ads: 19.7, t_des: 17.9, bed_util_ads: 0.500, bed_util_des: 0.499, des_th: 0.49942132725883337,frac_lost: 0.104, li_recovered:  8.452, time: 0.006149972999992315
L: 0.50, u_super: 0.00732, sec: 426.113, prod: 0.160770, t_ads: 26.8, t_des: 27.2, bed_util_ads: 0.484, bed_util_des: 0.484, des_th: 0.48410179963986394,frac_lost: 0.108, li_recovered:  8.673, time: 0.006487636001111241
   360 |    14400 |     40 |  0.0044550152 |             f
L: 0.50, u_super: 0.00840, sec: 481.330, prod: 0.189925, t_ads: 23.3, t_des: 21.4, bed_util_ads: 0.497, bed_util_des: 0.497, des_th: 0.4971789053635078,frac_lost: 0.107, li_recovered:  8.486, time: 0.005749113001002115
L: 6.57, u_super: 0.00826 — INFEASIBLE (li_recovered=0.000e+00), time: 0.0036693780002678977
L: 0.50, u_super: 0.00429, sec: 234.051, prod: 0.096356, t_ads: 45.4, t_des: 41.0, bed_util_ads: 0.498, bed_util_des: 0.498, des_th: 0.4975956824646048,frac_lost: 0.106, li_recovered:  8.328, time: 0.0038989589993434492
L: 0.50, u_super: 0.00598, sec: 332.019, prod: 0.135343, t_ads: 32.4, t_des: 29.4, bed_util_ads: 0.498, bed_util_des: 0.498, des_th: 0.49795914990418116,frac_lost: 0.101, li_recovered:  8.375, time: 0.0055396570005541435
L: 0.50, u_super: 0.00136 — INFEASIBLE (li_recovered=0.000e+00), time: 0.003780607999942731
L: 0.50, u_super: 0.00492, sec: 1954.750, prod: 0.015350, t_ads: 39.7, t_des: 532.0, bed_util_ads: 0.204, bed_util_des: 0.199, des_th: 0.19909792276885635,frac_lost: 0.101, li_recovered:  8.775, time: 0.031148045000009006
L: 0.50, u_super: 0.00822, sec: 469.788, prod: 0.185975, t_ads: 23.8, t_des: 21.8, bed_util_ads: 0.497, bed_util_des: 0.497, des_th: 0.4972423549183583,frac_lost: 0.106, li_recovered:  8.484, time: 0.005580132001341553
L: 0.50, u_super: 0.00448, sec: 248.678, prod: 0.099276, t_ads: 43.5, t_des: 42.9, bed_util_ads: 0.487, bed_util_des: 0.486, des_th: 0.48617610454275034,frac_lost: 0.106, li_recovered:  8.583, time: 0.00494155900014448
L: 0.50, u_super: 0.00987, sec: 574.639, prod: 0.223987, t_ads: 19.7, t_des: 18.2, bed_util_ads: 0.497, bed_util_des: 0.497, des_th: 0.4969559925250973,frac_lost: 0.103, li_recovered:  8.498, time: 0.004524452000623569
L: 0.50, u_super: 0.00492, sec: 270.575, prod: 0.111043, t_ads: 39.5, t_des: 35.7, bed_util_ads: 0.498, bed_util_des: 0.498, des_th: 0.4975956824646048,frac_lost: 0.104, li_recovered:  8.345, time: 0.0053411870012496365
L: 0.50, u_super: 0.00203, sec: 109.998, prod: 0.044630, t_ads: 94.2, t_des: 81.6, bed_util_ads: 0.499, bed_util_des: 0.498, des_th: 0.49833185826658266,frac_lost: 0.101, li_recovered:  7.847, time: 0.005417083999418537
L: 0.50, u_super: 0.00656, sec: 366.988, prod: 0.148611, t_ads: 29.6, t_des: 26.7, bed_util_ads: 0.499, bed_util_des: 0.499, des_th: 0.49935498985259463,frac_lost: 0.102, li_recovered:  8.369, time: 0.004251533000569907
L: 0.50, u_super: 0.00131, sec: 73.166, prod: 0.027806, t_ads: 144.7, t_des: 119.6, bed_util_ads: 0.499, bed_util_des: 0.499, des_th: 0.4988014318697605,frac_lost: 0.105, li_recovered:  7.348, time: 0.005062550999355153
L: 0.50, u_super: 0.00013, sec: 11.898, prod: 0.001636, t_ads: 1425.0, t_des: 3187.1, bed_util_ads: 0.290, bed_util_des: 0.234, des_th: 0.23467348713597525,frac_lost: 0.102, li_recovered:  7.544, time: 0.008710077001524041
L: 0.50, u_super: 0.00384, sec: 209.016, prod: 0.086346, t_ads: 50.6, t_des: 45.9, bed_util_ads: 0.497, bed_util_des: 0.497, des_th: 0.49696364869331805,frac_lost: 0.106, li_recovered:  8.332, time: 0.0059819050002261065
L: 0.50, u_super: 0.00763, sec: 431.517, prod: 0.173080, t_ads: 25.4, t_des: 23.3, bed_util_ads: 0.497, bed_util_des: 0.497, des_th: 0.4970119658697137,frac_lost: 0.100, li_recovered:  8.436, time: 0.005455573000290315
L: 0.50, u_super: 0.00362, sec: 196.660, prod: 0.081191, t_ads: 53.8, t_des: 49.3, bed_util_ads: 0.494, bed_util_des: 0.494, des_th: 0.4940835448577251,frac_lost: 0.107, li_recovered:  8.368, time: 0.003988395001215395
L: 0.50, u_super: 0.00721, sec: 407.579, prod: 0.162987, t_ads: 27.1, t_des: 25.0, bed_util_ads: 0.497, bed_util_des: 0.497, des_th: 0.49686903494898704,frac_lost: 0.107, li_recovered:  8.487, time: 0.004784941000252729
L: 8.75, u_super: 0.00882 — INFEASIBLE (li_recovered=0.000e+00), time: 0.002846643999873777
L: 0.50, u_super: 0.00532, sec: 293.420, prod: 0.119960, t_ads: 36.6, t_des: 33.6, bed_util_ads: 0.497, bed_util_des: 0.497, des_th: 0.496971727784377,frac_lost: 0.105, li_recovered:  8.421, time: 0.0038769219991081627
L: 0.50, u_super: 0.00605, sec: 359.370, prod: 0.128023, t_ads: 32.2, t_des: 35.6, bed_util_ads: 0.473, bed_util_des: 0.472, des_th: 0.472058979555342,frac_lost: 0.103, li_recovered:  8.673, time: 0.005996023999614408
L: 2.34, u_super: 0.00876, sec: 2443.969, prod: 0.191061, t_ads: 102.0, t_des: 87.2, bed_util_ads: 0.500, bed_util_des: 0.499, des_th: 0.49938230772284103,frac_lost: 0.101, li_recovered:  36.145, time: 0.003775660999963293
L: 0.50, u_super: 0.00005 — INFEASIBLE (li_recovered=0.000e+00), time: 0.000958376998823951
L: 0.50, u_super: 0.00585, sec: 328.989, prod: 0.130305, t_ads: 33.5, t_des: 32.6, bed_util_ads: 0.490, bed_util_des: 0.490, des_th: 0.48964742244414167,frac_lost: 0.108, li_recovered:  8.606, time: 0.006582138999874587
L: 0.50, u_super: 0.00853, sec: 489.517, prod: 0.193159, t_ads: 22.9, t_des: 20.9, bed_util_ads: 0.500, bed_util_des: 0.499, des_th: 0.49947706868324526,frac_lost: 0.107, li_recovered:  8.460, time: 0.004441573999429238
L: 0.50, u_super: 0.00969, sec: 563.074, prod: 0.219824, t_ads: 20.1, t_des: 18.3, bed_util_ads: 0.500, bed_util_des: 0.500, des_th: 0.49984731756371537,frac_lost: 0.104, li_recovered:  8.442, time: 0.0037591639993479475
L: 0.50, u_super: 0.00434, sec: 237.297, prod: 0.097484, t_ads: 44.9, t_des: 40.0, bed_util_ads: 0.500, bed_util_des: 0.500, des_th: 0.4995926310569035,frac_lost: 0.106, li_recovered:  8.269, time: 0.006312067000180832
L: 0.50, u_super: 0.00526, sec: 343.332, prod: 0.100246, t_ads: 37.0, t_des: 49.6, bed_util_ads: 0.449, bed_util_des: 0.448, des_th: 0.44764818664056893,frac_lost: 0.102, li_recovered:  8.672, time: 0.005218720998527715
L: 7.52, u_super: 0.00924 — INFEASIBLE (li_recovered=0.000e+00), time: 0.0031365850009024143
L: 0.50, u_super: 0.00849, sec: 487.125, prod: 0.192219, t_ads: 23.0, t_des: 21.1, bed_util_ads: 0.498, bed_util_des: 0.498, des_th: 0.4978778748439177,frac_lost: 0.106, li_recovered:  8.482, time: 0.004497932000958826
L: 0.50, u_super: 0.00327, sec: 218.884, prod: 0.059207, t_ads: 59.3, t_des: 86.3, bed_util_ads: 0.436, bed_util_des: 0.434, des_th: 0.4344229292858241,frac_lost: 0.103, li_recovered:  8.622, time: 0.006921915999555495
L: 0.50, u_super: 0.00705, sec: 486.210, prod: 0.130412, t_ads: 27.7, t_des: 39.0, bed_util_ads: 0.443, bed_util_des: 0.443, des_th: 0.44254663920266707,frac_lost: 0.105, li_recovered:  8.705, time: 0.006267165001190733
L: 0.50, u_super: 0.00827, sec: 472.884, prod: 0.187195, t_ads: 23.6, t_des: 21.2, bed_util_ads: 0.500, bed_util_des: 0.500, des_th: 0.4999791419032054,frac_lost: 0.106, li_recovered:  8.396, time: 0.005978033001156291
L: 0.50, u_super: 0.00640, sec: 356.730, prod: 0.144835, t_ads: 30.3, t_des: 27.8, bed_util_ads: 0.497, bed_util_des: 0.497, des_th: 0.49703376340722183,frac_lost: 0.101, li_recovered:  8.419, time: 0.004733809000754263
L: 0.50, u_super: 0.00268, sec: 144.019, prod: 0.059825, t_ads: 72.0, t_des: 65.7, bed_util_ads: 0.493, bed_util_des: 0.493, des_th: 0.49287394222892067,frac_lost: 0.103, li_recovered:  8.239, time: 0.005442768000648357
L: 0.50, u_super: 0.00990, sec: 576.307, prod: 0.224696, t_ads: 19.7, t_des: 17.9, bed_util_ads: 0.500, bed_util_des: 0.500, des_th: 0.4997916782794199,frac_lost: 0.103, li_recovered:  8.443, time: 0.004711045001386083
L: 0.50, u_super: 0.00971, sec: 576.037, prod: 0.215930, t_ads: 20.1, t_des: 20.1, bed_util_ads: 0.487, bed_util_des: 0.487, des_th: 0.48700091275561913,frac_lost: 0.104, li_recovered:  8.674, time: 0.0042143039991060505
L: 0.50, u_super: 0.00035, sec: 20.909, prod: 0.006734, t_ads: 498.8, t_des: 504.9, bed_util_ads: 0.440, bed_util_des: 0.436, des_th: 0.4362822680585793,frac_lost: 0.101, li_recovered:  6.759, time: 0.005818548999741324
L: 0.50, u_super: 0.00021 — INFEASIBLE (li_recovered=0.000e+00), time: 0.0035357360011403216
L: 0.50, u_super: 0.00438, sec: 239.613, prod: 0.098418, t_ads: 44.4, t_des: 39.6, bed_util_ads: 0.500, bed_util_des: 0.500, des_th: 0.4997902235923257,frac_lost: 0.106, li_recovered:  8.275, time: 0.006517904999782331
   361 |    14440 |     40 |  0.0019535266 |             f
L: 22.33, u_super: 0.00102 — INFEASIBLE (li_recovered=0.000e+00), time: 0.0011976320001849672
L: 0.50, u_super: 0.00816, sec: 466.622, prod: 0.184624, t_ads: 24.0, t_des: 21.5, bed_util_ads: 0.500, bed_util_des: 0.500, des_th: 0.49999332826631426,frac_lost: 0.107, li_recovered:  8.388, time: 0.004951720999088138
L: 0.50, u_super: 0.00101, sec: 63.026, prod: 0.019020, t_ads: 187.5, t_des: 246.4, bed_util_ads: 0.437, bed_util_des: 0.432, des_th: 0.4320202706643922,frac_lost: 0.101, li_recovered:  8.253, time: 0.006262468001295929
L: 0.50, u_super: 0.00720, sec: 407.689, prod: 0.162396, t_ads: 27.2, t_des: 25.2, bed_util_ads: 0.495, bed_util_des: 0.495, des_th: 0.4952903684191409,frac_lost: 0.109, li_recovered:  8.517, time: 0.0043372310010454385
L: 0.50, u_super: 0.00598, sec: 331.830, prod: 0.135421, t_ads: 32.4, t_des: 29.4, bed_util_ads: 0.499, bed_util_des: 0.498, des_th: 0.49841738943170283,frac_lost: 0.100, li_recovered:  8.366, time: 0.0038841069999762112
L: 23.04, u_super: 0.00226 — INFEASIBLE (li_recovered=0.000e+00), time: 0.0009283069994125981
L: 0.50, u_super: 0.00975, sec: 566.754, prod: 0.220999, t_ads: 20.0, t_des: 18.4, bed_util_ads: 0.498, bed_util_des: 0.498, des_th: 0.49769094698871114,frac_lost: 0.104, li_recovered:  8.487, time: 0.006405886000720784
L: 0.50, u_super: 0.00640, sec: 356.730, prod: 0.144835, t_ads: 30.3, t_des: 27.8, bed_util_ads: 0.497, bed_util_des: 0.497, des_th: 0.49703376340722183,frac_lost: 0.101, li_recovered:  8.419, time: 0.005206294999879901
L: 0.50, u_super: 0.00386, sec: 228.849, prod: 0.079352, t_ads: 50.4, t_des: 58.3, bed_util_ads: 0.465, bed_util_des: 0.464, des_th: 0.4643965869391635,frac_lost: 0.104, li_recovered:  8.624, time: 0.005325603999153827
L: 13.03, u_super: 0.00729 — INFEASIBLE (li_recovered=0.000e+00), time: 0.003396542999325902
L: 0.50, u_super: 0.00538, sec: 338.538, prod: 0.106451, t_ads: 36.1, t_des: 45.4, bed_util_ads: 0.456, bed_util_des: 0.456, des_th: 0.4556334741060739,frac_lost: 0.100, li_recovered:  8.667, time: 0.008888624000974232
L: 0.50, u_super: 0.00671, sec: 376.238, prod: 0.152000, t_ads: 28.9, t_des: 25.8, bed_util_ads: 0.500, bed_util_des: 0.499, des_th: 0.4994783171995728,frac_lost: 0.100, li_recovered:  8.316, time: 0.007937831000162987
L: 0.50, u_super: 0.00560, sec: 309.508, prod: 0.126580, t_ads: 34.7, t_des: 31.8, bed_util_ads: 0.497, bed_util_des: 0.497, des_th: 0.4969782772142014,frac_lost: 0.102, li_recovered:  8.417, time: 0.006433581998862792
L: 10.11, u_super: 0.00532 — INFEASIBLE (li_recovered=0.000e+00), time: 0.0028571320017363178
L: 0.50, u_super: 0.00948, sec: 549.308, prod: 0.214894, t_ads: 20.6, t_des: 18.7, bed_util_ads: 0.500, bed_util_des: 0.500, des_th: 0.49961807906713007,frac_lost: 0.105, li_recovered:  8.437, time: 0.004429091999554657
L: 6.55, u_super: 0.00954 — INFEASIBLE (li_recovered=0.000e+00), time: 0.0036220430010871496
L: 0.50, u_super: 0.00230, sec: 124.218, prod: 0.051010, t_ads: 84.0, t_des: 74.4, bed_util_ads: 0.496, bed_util_des: 0.496, des_th: 0.4958295924289432,frac_lost: 0.107, li_recovered:  8.083, time: 0.004140601000472088
L: 0.50, u_super: 0.00656, sec: 370.091, prod: 0.147365, t_ads: 29.8, t_des: 28.3, bed_util_ads: 0.493, bed_util_des: 0.493, des_th: 0.492861419061226,frac_lost: 0.108, li_recovered:  8.570, time: 0.004603274001055979
L: 0.50, u_super: 0.00924, sec: 534.422, prod: 0.209508, t_ads: 21.1, t_des: 19.2, bed_util_ads: 0.500, bed_util_des: 0.500, des_th: 0.49960510378364403,frac_lost: 0.105, li_recovered:  8.449, time: 0.004035215000840253
L: 0.50, u_super: 0.00293, sec: 157.750, prod: 0.065647, t_ads: 65.8, t_des: 60.8, bed_util_ads: 0.493, bed_util_des: 0.493, des_th: 0.49286667040043786,frac_lost: 0.102, li_recovered:  8.308, time: 0.004136454999752459
L: 0.50, u_super: 0.00453, sec: 248.045, prod: 0.101846, t_ads: 43.0, t_des: 38.4, bed_util_ads: 0.500, bed_util_des: 0.499, des_th: 0.4994477133191453,frac_lost: 0.105, li_recovered:  8.287, time: 0.003725652999492013
L: 0.50, u_super: 0.00628, sec: 350.514, prod: 0.142022, t_ads: 30.9, t_des: 27.7, bed_util_ads: 0.499, bed_util_des: 0.499, des_th: 0.49935498985259463,frac_lost: 0.102, li_recovered:  8.323, time: 0.004733698000563891
L: 0.50, u_super: 0.00159, sec: 86.648, prod: 0.034554, t_ads: 120.6, t_des: 103.9, bed_util_ads: 0.497, bed_util_des: 0.496, des_th: 0.49643288827514215,frac_lost: 0.107, li_recovered:  7.757, time: 0.0040033529985521454
L: 0.50, u_super: 0.00924, sec: 562.260, prod: 0.199135, t_ads: 21.1, t_des: 22.6, bed_util_ads: 0.479, bed_util_des: 0.479, des_th: 0.47863273187009,frac_lost: 0.104, li_recovered:  8.705, time: 0.004253801998856943
L: 5.91, u_super: 0.00009 — INFEASIBLE (li_recovered=0.000e+00), time: 0.0011235879992455011
L: 10.16, u_super: 0.00507 — INFEASIBLE (li_recovered=0.000e+00), time: 0.0013675969985342817
L: 0.50, u_super: 0.00606, sec: 444.650, prod: 0.103743, t_ads: 32.3, t_des: 51.5, bed_util_ads: 0.428, bed_util_des: 0.426, des_th: 0.4264769149086054,frac_lost: 0.107, li_recovered:  8.702, time: 0.004899632998785819
L: 24.63, u_super: 0.00062 — INFEASIBLE (li_recovered=0.000e+00), time: 0.0007570919988211244
L: 0.50, u_super: 0.00320, sec: 173.109, prod: 0.071435, t_ads: 60.8, t_des: 54.3, bed_util_ads: 0.498, bed_util_des: 0.498, des_th: 0.4975956824646048,frac_lost: 0.108, li_recovered:  8.225, time: 0.00455336200138845
L: 0.50, u_super: 0.00131, sec: 73.063, prod: 0.027845, t_ads: 144.4, t_des: 119.8, bed_util_ads: 0.499, bed_util_des: 0.499, des_th: 0.4990061307446335,frac_lost: 0.104, li_recovered:  7.355, time: 0.0036286100003053434
L: 0.50, u_super: 0.00452, sec: 247.430, prod: 0.101744, t_ads: 43.0, t_des: 38.9, bed_util_ads: 0.497, bed_util_des: 0.497, des_th: 0.49703376340722183,frac_lost: 0.105, li_recovered:  8.334, time: 0.004853794998780359
L: 0.50, u_super: 0.00777, sec: 442.394, prod: 0.175690, t_ads: 25.2, t_des: 23.1, bed_util_ads: 0.497, bed_util_des: 0.497, des_th: 0.4970121021314886,frac_lost: 0.108, li_recovered:  8.485, time: 0.005672831000993028
L: 0.50, u_super: 0.00246, sec: 132.075, prod: 0.054816, t_ads: 78.4, t_des: 71.7, bed_util_ads: 0.493, bed_util_des: 0.493, des_th: 0.49286752688377633,frac_lost: 0.103, li_recovered:  8.228, time: 0.00614069999937783
L: 0.50, u_super: 0.00091, sec: 56.080, prod: 0.017420, t_ads: 207.3, t_des: 262.9, bed_util_ads: 0.439, bed_util_des: 0.435, des_th: 0.4345194697071698,frac_lost: 0.103, li_recovered:  8.190, time: 0.006828076999227051
L: 0.50, u_super: 0.00724, sec: 409.790, prod: 0.163177, t_ads: 27.1, t_des: 25.1, bed_util_ads: 0.497, bed_util_des: 0.496, des_th: 0.49651525970134813,frac_lost: 0.109, li_recovered:  8.521, time: 0.004629562999980408
L: 0.50, u_super: 0.00488, sec: 267.603, prod: 0.109964, t_ads: 39.8, t_des: 36.0, bed_util_ads: 0.498, bed_util_des: 0.498, des_th: 0.4975956824646048,frac_lost: 0.103, li_recovered:  8.339, time: 0.005182902001251932
L: 0.50, u_super: 0.00293, sec: 158.593, prod: 0.065298, t_ads: 65.8, t_des: 57.8, bed_util_ads: 0.500, bed_util_des: 0.499, des_th: 0.49935445639357195,frac_lost: 0.102, li_recovered:  8.068, time: 0.0034753050003928365
L: 0.50, u_super: 0.00027 — INFEASIBLE (li_recovered=0.000e+00), time: 0.002535178999096388
L: 0.50, u_super: 0.00696, sec: 3438.837, prod: 0.017948, t_ads: 28.1, t_des: 461.0, bed_util_ads: 0.189, bed_util_des: 0.185, des_th: 0.18522825263317494,frac_lost: 0.101, li_recovered:  8.778, time: 0.033267496999542345
L: 0.50, u_super: 0.00005 — INFEASIBLE (li_recovered=0.000e+00), time: 0.0011091260003013304
   362 |    14480 |     40 |  0.0037755812 |             f
L: 0.50, u_super: 0.00532, sec: 292.925, prod: 0.120163, t_ads: 36.5, t_des: 33.1, bed_util_ads: 0.498, bed_util_des: 0.498, des_th: 0.49781222010828324,frac_lost: 0.101, li_recovered:  8.359, time: 0.004000810000434285
L: 0.50, u_super: 0.00005, sec: 5.178, prod: 0.000559, t_ads: 2451.7, t_des: 3173.7, bed_util_ads: 0.255, bed_util_des: 0.230, des_th: 0.2307711017296271,frac_lost: 0.101, li_recovered:  3.145, time: 0.0038202399991860148
L: 0.50, u_super: 0.00457, sec: 258.010, prod: 0.099650, t_ads: 42.5, t_des: 44.0, bed_util_ads: 0.480, bed_util_des: 0.480, des_th: 0.4799840841271975,frac_lost: 0.103, li_recovered:  8.622, time: 0.00520254399998521
L: 0.50, u_super: 0.00872, sec: 596.707, prod: 0.165937, t_ads: 22.4, t_des: 30.1, bed_util_ads: 0.449, bed_util_des: 0.448, des_th: 0.44844478028883994,frac_lost: 0.103, li_recovered:  8.714, time: 0.004445664999366272
L: 0.50, u_super: 0.00344, sec: 186.030, prod: 0.077279, t_ads: 56.0, t_des: 50.4, bed_util_ads: 0.498, bed_util_des: 0.497, des_th: 0.4974406088662492,frac_lost: 0.100, li_recovered:  8.225, time: 0.004174693000095431
L: 0.50, u_super: 0.00014 — INFEASIBLE (li_recovered=0.000e+00), time: 0.0015716300003987271
L: 0.50, u_super: 0.00465, sec: 313.730, prod: 0.085214, t_ads: 42.1, t_des: 59.7, bed_util_ads: 0.441, bed_util_des: 0.440, des_th: 0.44016501069832814,frac_lost: 0.108, li_recovered:  8.673, time: 0.00464093899972795
L: 0.50, u_super: 0.00850, sec: 487.338, prod: 0.192303, t_ads: 23.0, t_des: 20.9, bed_util_ads: 0.500, bed_util_des: 0.500, des_th: 0.49970055634587535,frac_lost: 0.107, li_recovered:  8.447, time: 0.005525942000531359
L: 0.50, u_super: 0.00652, sec: 365.233, prod: 0.147035, t_ads: 30.0, t_des: 27.0, bed_util_ads: 0.500, bed_util_des: 0.499, des_th: 0.49942132725883337,frac_lost: 0.108, li_recovered:  8.388, time: 0.004303499999878113
L: 0.50, u_super: 0.00671, sec: 376.302, prod: 0.151974, t_ads: 29.0, t_des: 26.2, bed_util_ads: 0.500, bed_util_des: 0.499, des_th: 0.4994783171995728,frac_lost: 0.103, li_recovered:  8.377, time: 0.004205099001410417
L: 0.50, u_super: 0.00846, sec: 484.651, prod: 0.191441, t_ads: 23.1, t_des: 21.0, bed_util_ads: 0.499, bed_util_des: 0.499, des_th: 0.498880298081411,frac_lost: 0.106, li_recovered:  8.450, time: 0.003669268000521697
L: 0.50, u_super: 0.00671, sec: 376.081, prod: 0.152063, t_ads: 28.9, t_des: 25.9, bed_util_ads: 0.499, bed_util_des: 0.499, des_th: 0.49875862228689205,frac_lost: 0.100, li_recovered:  8.337, time: 0.0038566860002902104
L: 37.76, u_super: 0.00161 — INFEASIBLE (li_recovered=0.000e+00), time: 0.0007235639986902243
L: 0.50, u_super: 0.00376, sec: 1994.145, prod: 0.008623, t_ads: 52.2, t_des: 967.0, bed_util_ads: 0.178, bed_util_des: 0.171, des_th: 0.17113253373457385,frac_lost: 0.102, li_recovered:  8.788, time: 0.038353183001163416
L: 0.50, u_super: 0.00386, sec: 210.129, prod: 0.086696, t_ads: 50.3, t_des: 45.1, bed_util_ads: 0.498, bed_util_des: 0.498, des_th: 0.4975956824646048,frac_lost: 0.105, li_recovered:  8.268, time: 0.004066329000124824
L: 0.50, u_super: 0.00195, sec: 105.511, prod: 0.042672, t_ads: 98.3, t_des: 85.0, bed_util_ads: 0.498, bed_util_des: 0.498, des_th: 0.4982021571954673,frac_lost: 0.101, li_recovered:  7.821, time: 0.007094241998856887
L: 0.50, u_super: 0.00853, sec: 489.177, prod: 0.193293, t_ads: 22.9, t_des: 20.6, bed_util_ads: 0.500, bed_util_des: 0.500, des_th: 0.49986035585677097,frac_lost: 0.105, li_recovered:  8.395, time: 0.006549445999553427
L: 0.50, u_super: 0.00871, sec: 500.604, prod: 0.197037, t_ads: 22.5, t_des: 20.3, bed_util_ads: 0.500, bed_util_des: 0.500, des_th: 0.4999791419032054,frac_lost: 0.107, li_recovered:  8.437, time: 0.005629649998809327
L: 0.50, u_super: 0.00939, sec: 543.575, prod: 0.212806, t_ads: 20.8, t_des: 18.9, bed_util_ads: 0.499, bed_util_des: 0.499, des_th: 0.49935498985259463,frac_lost: 0.105, li_recovered:  8.450, time: 0.0052175929995428305
L: 0.50, u_super: 0.00908, sec: 523.907, prod: 0.205585, t_ads: 21.5, t_des: 19.7, bed_util_ads: 0.499, bed_util_des: 0.498, des_th: 0.4984196864019884,frac_lost: 0.106, li_recovered:  8.482, time: 0.005029796000599163
L: 0.50, u_super: 0.00332, sec: 179.611, prod: 0.074268, t_ads: 58.6, t_des: 54.2, bed_util_ads: 0.493, bed_util_des: 0.493, des_th: 0.49309762580221855,frac_lost: 0.107, li_recovered:  8.378, time: 0.0057575099999667145
L: 0.50, u_super: 0.00822, sec: 469.976, prod: 0.185782, t_ads: 23.8, t_des: 21.8, bed_util_ads: 0.498, bed_util_des: 0.498, des_th: 0.4975959169709853,frac_lost: 0.108, li_recovered:  8.486, time: 0.006696690999888233
L: 0.50, u_super: 0.00737, sec: 416.823, prod: 0.166720, t_ads: 26.5, t_des: 23.9, bed_util_ads: 0.500, bed_util_des: 0.499, des_th: 0.4993813633970476,frac_lost: 0.105, li_recovered:  8.394, time: 0.006624921999900835
L: 0.50, u_super: 0.00386, sec: 210.085, prod: 0.086714, t_ads: 50.3, t_des: 46.7, bed_util_ads: 0.494, bed_util_des: 0.494, des_th: 0.49381735691130024,frac_lost: 0.105, li_recovered:  8.414, time: 0.005574460999923758
L: 13.92, u_super: 0.00782, sec: 15675.666, prod: 0.139682, t_ads: 587.7, t_des: 553.8, bed_util_ads: 0.438, bed_util_des: 0.436, des_th: 0.4362822680585793,frac_lost: 0.102, li_recovered:  159.449, time: 0.004642973999580136
L: 0.50, u_super: 0.00547, sec: 302.000, prod: 0.123742, t_ads: 35.4, t_des: 32.2, bed_util_ads: 0.497, bed_util_des: 0.497, des_th: 0.49686903494898704,frac_lost: 0.101, li_recovered:  8.360, time: 0.007568611001261161
L: 0.50, u_super: 0.00958, sec: 556.134, prod: 0.217263, t_ads: 20.4, t_des: 18.5, bed_util_ads: 0.499, bed_util_des: 0.499, des_th: 0.49935498985259463,frac_lost: 0.105, li_recovered:  8.438, time: 0.00617712399980519
L: 0.50, u_super: 0.00695, sec: 391.545, prod: 0.157012, t_ads: 28.1, t_des: 25.9, bed_util_ads: 0.497, bed_util_des: 0.497, des_th: 0.496539619895752,frac_lost: 0.107, li_recovered:  8.477, time: 0.004934198999762884
L: 0.50, u_super: 0.00431, sec: 235.361, prod: 0.096862, t_ads: 45.2, t_des: 40.8, bed_util_ads: 0.497, bed_util_des: 0.497, des_th: 0.4970119658697137,frac_lost: 0.106, li_recovered:  8.329, time: 0.003732078999746591
L: 0.50, u_super: 0.00244, sec: 132.248, prod: 0.053918, t_ads: 79.1, t_des: 68.6, bed_util_ads: 0.499, bed_util_des: 0.499, des_th: 0.49888844978296837,frac_lost: 0.106, li_recovered:  7.969, time: 0.004754808998768567
L: 30.61, u_super: 0.00020 — INFEASIBLE (li_recovered=0.000e+00), time: 0.000883107999470667
L: 0.50, u_super: 0.00759, sec: 462.988, prod: 0.159646, t_ads: 25.8, t_des: 28.7, bed_util_ads: 0.473, bed_util_des: 0.472, des_th: 0.4723370256110078,frac_lost: 0.107, li_recovered:  8.700, time: 0.004743765999592142
L: 0.50, u_super: 0.00102, sec: 55.474, prod: 0.021881, t_ads: 184.7, t_des: 181.8, bed_util_ads: 0.474, bed_util_des: 0.472, des_th: 0.4720727737978895,frac_lost: 0.100, li_recovered:  8.018, time: 0.005842796999786515
L: 0.50, u_super: 0.00268, sec: 143.858, prod: 0.059893, t_ads: 71.9, t_des: 66.4, bed_util_ads: 0.493, bed_util_des: 0.493, des_th: 0.49273851264781116,frac_lost: 0.101, li_recovered:  8.283, time: 0.004930782999508665
L: 0.50, u_super: 0.00869, sec: 499.208, prod: 0.196646, t_ads: 22.5, t_des: 20.2, bed_util_ads: 0.500, bed_util_des: 0.500, des_th: 0.4999791419032054,frac_lost: 0.106, li_recovered:  8.399, time: 0.005379440999604412
L: 0.50, u_super: 0.00632, sec: 453.926, prod: 0.111001, t_ads: 30.7, t_des: 47.6, bed_util_ads: 0.431, bed_util_des: 0.430, des_th: 0.43038889669688063,frac_lost: 0.101, li_recovered:  8.695, time: 0.005762858001617133
L: 7.20, u_super: 0.00615 — INFEASIBLE (li_recovered=0.000e+00), time: 0.0022636189987679245
L: 0.50, u_super: 0.00257, sec: 138.272, prod: 0.057491, t_ads: 74.8, t_des: 69.1, bed_util_ads: 0.492, bed_util_des: 0.492, des_th: 0.4920288534942695,frac_lost: 0.102, li_recovered:  8.273, time: 0.0058285869999963325
L: 10.18, u_super: 0.00753 — INFEASIBLE (li_recovered=0.000e+00), time: 0.0020793019994016504
L: 0.50, u_super: 0.00293, sec: 168.048, prod: 0.061624, t_ads: 66.4, t_des: 72.8, bed_util_ads: 0.472, bed_util_des: 0.471, des_th: 0.47074707656306236,frac_lost: 0.107, li_recovered:  8.574, time: 0.0037141490010981215
   363 |    14520 |     40 |  0.0032384594 |             f
L: 0.50, u_super: 0.00338, sec: 187.446, prod: 0.074010, t_ads: 57.5, t_des: 58.2, bed_util_ads: 0.482, bed_util_des: 0.482, des_th: 0.48165541508408577,frac_lost: 0.107, li_recovered:  8.564, time: 0.00527154700102983
L: 0.50, u_super: 0.00465, sec: 255.592, prod: 0.104597, t_ads: 41.9, t_des: 37.3, bed_util_ads: 0.500, bed_util_des: 0.499, des_th: 0.4994783171995728,frac_lost: 0.107, li_recovered:  8.279, time: 0.006260977001147694
L: 129.27, u_super: 0.00917 — INFEASIBLE (li_recovered=0.000e+00), time: 0.0009725179988890886
L: 0.50, u_super: 0.00027 — INFEASIBLE (li_recovered=0.000e+00), time: 0.002105179999489337
L: 0.50, u_super: 0.00908, sec: 523.901, prod: 0.206001, t_ads: 21.5, t_des: 19.5, bed_util_ads: 0.499, bed_util_des: 0.498, des_th: 0.4984196864019884,frac_lost: 0.104, li_recovered:  8.447, time: 0.0051339520014153095
L: 0.50, u_super: 0.00719, sec: 405.083, prod: 0.163078, t_ads: 27.0, t_des: 24.9, bed_util_ads: 0.497, bed_util_des: 0.496, des_th: 0.4965163808892026,frac_lost: 0.101, li_recovered:  8.462, time: 0.004565963999993983
L: 0.50, u_super: 0.00493, sec: 271.037, prod: 0.111012, t_ads: 39.4, t_des: 36.9, bed_util_ads: 0.494, bed_util_des: 0.494, des_th: 0.4936622834726822,frac_lost: 0.103, li_recovered:  8.477, time: 0.005989007000607671
L: 0.50, u_super: 0.00091, sec: 55.002, prod: 0.017571, t_ads: 208.6, t_des: 256.9, bed_util_ads: 0.444, bed_util_des: 0.439, des_th: 0.43914776916437137,frac_lost: 0.104, li_recovered:  8.181, time: 0.006330345999231213
L: 11.69, u_super: 0.00628 — INFEASIBLE (li_recovered=0.000e+00), time: 0.001912876001370023
L: 0.50, u_super: 0.00195, sec: 106.025, prod: 0.042465, t_ads: 98.3, t_des: 83.9, bed_util_ads: 0.499, bed_util_des: 0.499, des_th: 0.4989523741013143,frac_lost: 0.102, li_recovered:  7.736, time: 0.0053450010000233306
L: 0.50, u_super: 0.00532, sec: 302.852, prod: 0.116224, t_ads: 36.5, t_des: 37.9, bed_util_ads: 0.481, bed_util_des: 0.480, des_th: 0.4803925933410483,frac_lost: 0.101, li_recovered:  8.639, time: 0.00404596299995319
L: 0.50, u_super: 0.00955, sec: 553.967, prod: 0.216518, t_ads: 20.4, t_des: 18.5, bed_util_ads: 0.499, bed_util_des: 0.499, des_th: 0.49935498985259463,frac_lost: 0.105, li_recovered:  8.436, time: 0.004456397000467405
L: 17.99, u_super: 0.00794 — INFEASIBLE (li_recovered=0.000e+00), time: 0.002328065998881357
L: 0.50, u_super: 0.00008, sec: 7.858, prod: 0.001017, t_ads: 2259.7, t_des: 5265.5, bed_util_ads: 0.258, bed_util_des: 0.183, des_th: 0.1834919050377699,frac_lost: 0.100, li_recovered:  7.651, time: 0.007318259999010479
L: 0.50, u_super: 0.00159, sec: 85.956, prod: 0.034944, t_ads: 120.3, t_des: 107.7, bed_util_ads: 0.492, bed_util_des: 0.492, des_th: 0.4917723811388249,frac_lost: 0.106, li_recovered:  7.964, time: 0.004777886999363545
L: 0.50, u_super: 0.00422, sec: 230.170, prod: 0.094882, t_ads: 46.1, t_des: 41.7, bed_util_ads: 0.497, bed_util_des: 0.497, des_th: 0.4970119658697137,frac_lost: 0.105, li_recovered:  8.326, time: 0.0037930610014882404
L: 0.50, u_super: 0.00822, sec: 469.888, prod: 0.185935, t_ads: 23.8, t_des: 21.9, bed_util_ads: 0.497, bed_util_des: 0.497, des_th: 0.4970119658697137,frac_lost: 0.106, li_recovered:  8.490, time: 0.0035477569999784464
L: 0.50, u_super: 0.00929, sec: 537.968, prod: 0.210270, t_ads: 21.0, t_des: 19.5, bed_util_ads: 0.497, bed_util_des: 0.497, des_th: 0.49684149774115427,frac_lost: 0.105, li_recovered:  8.527, time: 0.005302439998558839
L: 0.50, u_super: 0.00329, sec: 177.364, prod: 0.073805, t_ads: 58.7, t_des: 54.1, bed_util_ads: 0.494, bed_util_des: 0.494, des_th: 0.49381735691130024,frac_lost: 0.101, li_recovered:  8.328, time: 0.003741343000001507
L: 0.50, u_super: 0.00173, sec: 94.789, prod: 0.037354, t_ads: 110.7, t_des: 93.2, bed_util_ads: 0.500, bed_util_des: 0.499, des_th: 0.49935498985259463,frac_lost: 0.104, li_recovered:  7.618, time: 0.0036862430006294744
L: 0.50, u_super: 0.00009, sec: 9.043, prod: 0.000936, t_ads: 2290.9, t_des: 6466.3, bed_util_ads: 0.247, bed_util_des: 0.162, des_th: 0.1619477435240773,frac_lost: 0.103, li_recovered:  8.193, time: 0.01211858500028029
L: 28.70, u_super: 0.00821 — INFEASIBLE (li_recovered=0.000e+00), time: 0.002480610000930028
L: 0.50, u_super: 0.00317, sec: 170.914, prod: 0.071006, t_ads: 60.9, t_des: 54.9, bed_util_ads: 0.497, bed_util_des: 0.496, des_th: 0.4964374246343351,frac_lost: 0.101, li_recovered:  8.218, time: 0.005854918999830261
L: 0.50, u_super: 0.00344, sec: 186.420, prod: 0.076962, t_ads: 56.5, t_des: 50.5, bed_util_ads: 0.498, bed_util_des: 0.498, des_th: 0.4975956824646048,frac_lost: 0.106, li_recovered:  8.237, time: 0.0053047979999973904
L: 0.50, u_super: 0.00990, sec: 576.912, prod: 0.224460, t_ads: 19.7, t_des: 17.9, bed_util_ads: 0.500, bed_util_des: 0.500, des_th: 0.49994668943771886,frac_lost: 0.105, li_recovered:  8.457, time: 0.005768527000327595
L: 0.50, u_super: 0.00528, sec: 307.771, prod: 0.112712, t_ads: 36.7, t_des: 40.1, bed_util_ads: 0.474, bed_util_des: 0.474, des_th: 0.4739487054502158,frac_lost: 0.101, li_recovered:  8.653, time: 0.003988390999438707
L: 0.50, u_super: 0.00379, sec: 206.513, prod: 0.084825, t_ads: 51.4, t_des: 45.5, bed_util_ads: 0.500, bed_util_des: 0.499, des_th: 0.4994783171995728,frac_lost: 0.108, li_recovered:  8.221, time: 0.004070482998940861
L: 54.62, u_super: 0.00386 — INFEASIBLE (li_recovered=0.000e+00), time: 0.0007793129989295267
L: 0.50, u_super: 0.00522, sec: 287.424, prod: 0.117890, t_ads: 37.2, t_des: 33.7, bed_util_ads: 0.498, bed_util_des: 0.498, des_th: 0.4978150435374972,frac_lost: 0.102, li_recovered:  8.354, time: 0.003486124000119162
L: 7.08, u_super: 0.00687 — INFEASIBLE (li_recovered=0.000e+00), time: 0.00226833099986834
L: 0.50, u_super: 0.00096, sec: 53.568, prod: 0.020292, t_ads: 195.0, t_des: 167.5, bed_util_ads: 0.490, bed_util_des: 0.490, des_th: 0.48991355895052535,frac_lost: 0.104, li_recovered:  7.356, time: 0.0034669359993131366
L: 0.50, u_super: 0.00159, sec: 86.222, prod: 0.034707, t_ads: 120.6, t_des: 105.6, bed_util_ads: 0.494, bed_util_des: 0.494, des_th: 0.49372139501564405,frac_lost: 0.106, li_recovered:  7.849, time: 0.0035734920002141735
L: 0.50, u_super: 0.00411, sec: 223.970, prod: 0.092406, t_ads: 47.3, t_des: 43.7, bed_util_ads: 0.494, bed_util_des: 0.494, des_th: 0.4936622834726822,frac_lost: 0.105, li_recovered:  8.407, time: 0.004518777999692247
L: 17.30, u_super: 0.00990 — INFEASIBLE (li_recovered=0.000e+00), time: 0.001991522000025725
L: 0.50, u_super: 0.00300, sec: 161.541, prod: 0.067165, t_ads: 64.4, t_des: 59.4, bed_util_ads: 0.493, bed_util_des: 0.493, des_th: 0.49286667040043786,frac_lost: 0.103, li_recovered:  8.315, time: 0.004382631999760633
L: 11.85, u_super: 0.00035 — INFEASIBLE (li_recovered=0.000e+00), time: 0.0008973069998319261
L: 24.76, u_super: 0.00199 — INFEASIBLE (li_recovered=0.000e+00), time: 0.001069369000106235
L: 0.50, u_super: 0.00766, sec: 471.663, prod: 0.159790, t_ads: 25.5, t_des: 28.9, bed_util_ads: 0.471, bed_util_des: 0.471, des_th: 0.4709086418935383,frac_lost: 0.107, li_recovered:  8.702, time: 0.004616911999619333
L: 0.50, u_super: 0.00695, sec: 391.970, prod: 0.156841, t_ads: 28.2, t_des: 25.3, bed_util_ads: 0.500, bed_util_des: 0.499, des_th: 0.4993771330046352,frac_lost: 0.109, li_recovered:  8.394, time: 0.0048073899997689296
L: 0.50, u_super: 0.00500, sec: 274.889, prod: 0.112592, t_ads: 38.9, t_des: 34.7, bed_util_ads: 0.500, bed_util_des: 0.500, des_th: 0.4999852923031872,frac_lost: 0.104, li_recovered:  8.286, time: 0.005955169001026661
   364 |    14560 |     40 |  0.0022261690 |             f
L: 0.50, u_super: 0.00015 — INFEASIBLE (li_recovered=0.000e+00), time: 0.0016561579996050568
L: 0.50, u_super: 0.00720, sec: 407.307, prod: 0.162254, t_ads: 27.2, t_des: 25.3, bed_util_ads: 0.497, bed_util_des: 0.496, des_th: 0.4965163808892026,frac_lost: 0.109, li_recovered:  8.522, time: 0.00472831100159965
L: 0.50, u_super: 0.00610, sec: 339.759, prod: 0.137870, t_ads: 31.8, t_des: 29.8, bed_util_ads: 0.494, bed_util_des: 0.494, des_th: 0.4936622834726822,frac_lost: 0.102, li_recovered:  8.498, time: 0.004549815999780549
L: 0.50, u_super: 0.00958, sec: 608.483, prod: 0.198572, t_ads: 20.4, t_des: 23.5, bed_util_ads: 0.468, bed_util_des: 0.468, des_th: 0.46811484446791324,frac_lost: 0.104, li_recovered:  8.715, time: 0.004256239999449463
L: 0.50, u_super: 0.00981, sec: 570.563, prod: 0.222633, t_ads: 19.9, t_des: 18.1, bed_util_ads: 0.500, bed_util_des: 0.499, des_th: 0.49942078744910273,frac_lost: 0.103, li_recovered:  8.448, time: 0.004782687999977497
L: 0.50, u_super: 0.00657, sec: 366.902, prod: 0.148719, t_ads: 29.5, t_des: 26.7, bed_util_ads: 0.498, bed_util_des: 0.498, des_th: 0.4982021571954673,frac_lost: 0.100, li_recovered:  8.362, time: 0.005067579999376903
L: 0.50, u_super: 0.00777, sec: 442.357, prod: 0.175629, t_ads: 25.2, t_des: 22.8, bed_util_ads: 0.499, bed_util_des: 0.499, des_th: 0.49890049193361846,frac_lost: 0.109, li_recovered:  8.441, time: 0.004313903000365826
L: 0.50, u_super: 0.00628, sec: 350.210, prod: 0.142146, t_ads: 30.9, t_des: 28.6, bed_util_ads: 0.495, bed_util_des: 0.495, des_th: 0.4952033263560271,frac_lost: 0.102, li_recovered:  8.463, time: 0.0051199800000176765
L: 0.50, u_super: 0.00883, sec: 507.835, prod: 0.200021, t_ads: 22.1, t_des: 19.9, bed_util_ads: 0.500, bed_util_des: 0.500, des_th: 0.4999791419032054,frac_lost: 0.105, li_recovered:  8.404, time: 0.0042669760005082935
L: 0.50, u_super: 0.00880, sec: 506.339, prod: 0.199255, t_ads: 22.2, t_des: 20.2, bed_util_ads: 0.499, bed_util_des: 0.499, des_th: 0.49905159754841916,frac_lost: 0.106, li_recovered:  8.450, time: 0.004632002001017099
L: 0.50, u_super: 0.00957, sec: 555.596, prod: 0.217124, t_ads: 20.4, t_des: 18.7, bed_util_ads: 0.497, bed_util_des: 0.497, des_th: 0.49705625269047965,frac_lost: 0.104, li_recovered:  8.486, time: 0.005216860001382884
L: 0.50, u_super: 0.00908, sec: 524.043, prod: 0.205945, t_ads: 21.5, t_des: 19.5, bed_util_ads: 0.499, bed_util_des: 0.498, des_th: 0.498419845654149,frac_lost: 0.104, li_recovered:  8.441, time: 0.005334305998985656
L: 5.71, u_super: 0.00685 — INFEASIBLE (li_recovered=0.000e+00), time: 0.004090284999620053
L: 0.50, u_super: 0.00676, sec: 378.625, prod: 0.153184, t_ads: 28.7, t_des: 26.2, bed_util_ads: 0.497, bed_util_des: 0.497, des_th: 0.4970119658697137,frac_lost: 0.101, li_recovered:  8.418, time: 0.008740661000047112
L: 0.50, u_super: 0.00195, sec: 105.490, prod: 0.042680, t_ads: 98.2, t_des: 85.0, bed_util_ads: 0.498, bed_util_des: 0.498, des_th: 0.49824531329456667,frac_lost: 0.101, li_recovered:  7.821, time: 0.0077347880014713155
L: 0.50, u_super: 0.00435, sec: 237.750, prod: 0.097801, t_ads: 44.7, t_des: 39.9, bed_util_ads: 0.500, bed_util_des: 0.499, des_th: 0.4994783171995728,frac_lost: 0.105, li_recovered:  8.277, time: 0.007522720001361449
L: 0.50, u_super: 0.00560, sec: 309.508, prod: 0.126580, t_ads: 34.7, t_des: 31.8, bed_util_ads: 0.497, bed_util_des: 0.497, des_th: 0.4969782772142014,frac_lost: 0.102, li_recovered:  8.417, time: 0.006387049999830197
L: 0.50, u_super: 0.00246, sec: 132.153, prod: 0.054784, t_ads: 78.4, t_des: 73.3, bed_util_ads: 0.490, bed_util_des: 0.490, des_th: 0.4898756995560586,frac_lost: 0.103, li_recovered:  8.312, time: 0.006754555000952678
L: 9.10, u_super: 0.00062 — INFEASIBLE (li_recovered=0.000e+00), time: 0.0009547800000291318
L: 0.50, u_super: 0.00517, sec: 2423.578, prod: 0.013707, t_ads: 37.9, t_des: 602.7, bed_util_ads: 0.191, bed_util_des: 0.186, des_th: 0.18567441606080326,frac_lost: 0.102, li_recovered:  8.781, time: 0.04302343999916047
L: 0.50, u_super: 0.00755, sec: 426.985, prod: 0.171240, t_ads: 25.7, t_des: 23.1, bed_util_ads: 0.500, bed_util_des: 0.499, des_th: 0.4994271074333408,frac_lost: 0.100, li_recovered:  8.360, time: 0.005448855999929947
L: 0.50, u_super: 0.00332, sec: 179.875, prod: 0.074294, t_ads: 58.5, t_des: 52.3, bed_util_ads: 0.499, bed_util_des: 0.498, des_th: 0.49841738943170283,frac_lost: 0.107, li_recovered:  8.236, time: 0.006668047999482951
L: 0.50, u_super: 0.00560, sec: 312.290, prod: 0.125452, t_ads: 34.7, t_des: 33.7, bed_util_ads: 0.489, bed_util_des: 0.489, des_th: 0.48907445773345193,frac_lost: 0.102, li_recovered:  8.575, time: 0.007999084000402945
L: 5.37, u_super: 0.00445 — INFEASIBLE (li_recovered=0.000e+00), time: 0.0023924649995024083
L: 0.50, u_super: 0.00243, sec: 131.999, prod: 0.053457, t_ads: 79.5, t_des: 68.2, bed_util_ads: 0.500, bed_util_des: 0.500, des_th: 0.4999791419032054,frac_lost: 0.105, li_recovered:  7.895, time: 0.003989821998402476
L: 0.50, u_super: 0.00034, sec: 20.617, prod: 0.006610, t_ads: 507.3, t_des: 513.1, bed_util_ads: 0.440, bed_util_des: 0.436, des_th: 0.4362822680585793,frac_lost: 0.102, li_recovered:  6.745, time: 0.003857364001305541
L: 0.50, u_super: 0.00036 — INFEASIBLE (li_recovered=0.000e+00), time: 0.002638693000335479
L: 11.64, u_super: 0.00685 — INFEASIBLE (li_recovered=0.000e+00), time: 0.0021728409992647357
L: 19.22, u_super: 0.00662 — INFEASIBLE (li_recovered=0.000e+00), time: 0.0014818189993093256
L: 0.50, u_super: 0.00410, sec: 223.710, prod: 0.092141, t_ads: 47.3, t_des: 42.2, bed_util_ads: 0.500, bed_util_des: 0.499, des_th: 0.49937697223571925,frac_lost: 0.105, li_recovered:  8.252, time: 0.004070767001394415
L: 0.50, u_super: 0.00598, sec: 331.851, prod: 0.135412, t_ads: 32.4, t_des: 29.4, bed_util_ads: 0.499, bed_util_des: 0.498, des_th: 0.4984172301795423,frac_lost: 0.100, li_recovered:  8.368, time: 0.005937472998994053
L: 0.50, u_super: 0.00169, sec: 91.872, prod: 0.036900, t_ads: 112.9, t_des: 97.7, bed_util_ads: 0.497, bed_util_des: 0.496, des_th: 0.49635020962077514,frac_lost: 0.103, li_recovered:  7.771, time: 0.00656244000128936
L: 0.50, u_super: 0.00843, sec: 482.778, prod: 0.190934, t_ads: 23.2, t_des: 21.0, bed_util_ads: 0.499, bed_util_des: 0.499, des_th: 0.49875862228689205,frac_lost: 0.105, li_recovered:  8.436, time: 0.0072704829999565845
L: 0.50, u_super: 0.00846, sec: 485.210, prod: 0.191221, t_ads: 23.2, t_des: 21.0, bed_util_ads: 0.499, bed_util_des: 0.499, des_th: 0.4988371419823109,frac_lost: 0.108, li_recovered:  8.456, time: 0.006841009000709164
L: 0.50, u_super: 0.00628, sec: 350.379, prod: 0.142077, t_ads: 30.9, t_des: 27.6, bed_util_ads: 0.500, bed_util_des: 0.500, des_th: 0.49971522737790985,frac_lost: 0.101, li_recovered:  8.313, time: 0.0075018949992227135
L: 0.50, u_super: 0.00813, sec: 464.337, prod: 0.183718, t_ads: 24.1, t_des: 21.6, bed_util_ads: 0.500, bed_util_des: 0.500, des_th: 0.4999791419032054,frac_lost: 0.108, li_recovered:  8.390, time: 0.007872255000620498
L: 0.50, u_super: 0.00798, sec: 454.006, prod: 0.181052, t_ads: 24.3, t_des: 22.0, bed_util_ads: 0.500, bed_util_des: 0.500, des_th: 0.4999791419032054,frac_lost: 0.102, li_recovered:  8.389, time: 0.007890741999290185
L: 0.50, u_super: 0.00585, sec: 324.566, prod: 0.132081, t_ads: 33.2, t_des: 31.1, bed_util_ads: 0.493, bed_util_des: 0.493, des_th: 0.4928696700011074,frac_lost: 0.101, li_recovered:  8.493, time: 0.00741630099946633
L: 0.50, u_super: 0.00690, sec: 388.872, prod: 0.155905, t_ads: 28.3, t_des: 26.1, bed_util_ads: 0.497, bed_util_des: 0.496, des_th: 0.4964680235834995,frac_lost: 0.107, li_recovered:  8.481, time: 0.006787943999370327
L: 0.50, u_super: 0.00233, sec: 124.890, prod: 0.051813, t_ads: 82.8, t_des: 76.4, bed_util_ads: 0.492, bed_util_des: 0.492, des_th: 0.4917723811388249,frac_lost: 0.103, li_recovered:  8.245, time: 0.006561294998391531
   365 |    14600 |     40 |  0.0035778298 |             f
L: 0.50, u_super: 0.00791, sec: 460.913, prod: 0.175006, t_ads: 24.7, t_des: 24.8, bed_util_ads: 0.486, bed_util_des: 0.485, des_th: 0.4854745352860062,frac_lost: 0.106, li_recovered:  8.668, time: 0.005553417000555783
L: 0.50, u_super: 0.00471, sec: 408.479, prod: 0.067121, t_ads: 41.5, t_des: 88.1, bed_util_ads: 0.392, bed_util_des: 0.390, des_th: 0.3897812366971627,frac_lost: 0.106, li_recovered:  8.699, time: 0.007918155999504961
L: 0.50, u_super: 0.00345, sec: 186.785, prod: 0.077176, t_ads: 56.4, t_des: 52.3, bed_util_ads: 0.494, bed_util_des: 0.494, des_th: 0.4936897816290393,frac_lost: 0.107, li_recovered:  8.392, time: 0.006199505000040517
L: 0.50, u_super: 0.00325, sec: 202.364, prod: 0.063269, t_ads: 59.7, t_des: 76.3, bed_util_ads: 0.453, bed_util_des: 0.451, des_th: 0.45129852067331655,frac_lost: 0.105, li_recovered:  8.609, time: 0.007782104001307744
L: 0.50, u_super: 0.00293, sec: 158.170, prod: 0.065473, t_ads: 65.7, t_des: 58.5, bed_util_ads: 0.497, bed_util_des: 0.497, des_th: 0.4970875939727787,frac_lost: 0.102, li_recovered:  8.134, time: 0.003949702999307192
L: 0.50, u_super: 0.00719, sec: 406.430, prod: 0.162537, t_ads: 27.2, t_des: 25.1, bed_util_ads: 0.497, bed_util_des: 0.496, des_th: 0.4965163808892026,frac_lost: 0.107, li_recovered:  8.492, time: 0.004751327000121819
L: 0.50, u_super: 0.00990, sec: 576.148, prod: 0.224758, t_ads: 19.7, t_des: 17.9, bed_util_ads: 0.500, bed_util_des: 0.499, des_th: 0.49942132725883337,frac_lost: 0.103, li_recovered:  8.447, time: 0.005938067000897718
L: 0.50, u_super: 0.00777, sec: 452.394, prod: 0.171732, t_ads: 25.2, t_des: 25.3, bed_util_ads: 0.487, bed_util_des: 0.486, des_th: 0.4865008386813221,frac_lost: 0.107, li_recovered:  8.669, time: 0.007353830000283779
L: 0.50, u_super: 0.00909, sec: 525.164, prod: 0.205783, t_ads: 21.5, t_des: 19.5, bed_util_ads: 0.499, bed_util_des: 0.499, des_th: 0.49905159754841916,frac_lost: 0.107, li_recovered:  8.449, time: 0.004427587999089155
L: 0.50, u_super: 0.00276, sec: 148.764, prod: 0.061592, t_ads: 69.7, t_des: 62.1, bed_util_ads: 0.498, bed_util_des: 0.497, des_th: 0.49736383335892614,frac_lost: 0.101, li_recovered:  8.121, time: 0.005490434999956051
L: 0.50, u_super: 0.00957, sec: 560.066, prod: 0.215391, t_ads: 20.4, t_des: 19.6, bed_util_ads: 0.493, bed_util_des: 0.492, des_th: 0.49247795813506345,frac_lost: 0.105, li_recovered:  8.620, time: 0.004680719001044054
L: 0.50, u_super: 0.00908, sec: 524.358, prod: 0.205821, t_ads: 21.5, t_des: 19.5, bed_util_ads: 0.499, bed_util_des: 0.499, des_th: 0.4992254648139609,frac_lost: 0.106, li_recovered:  8.446, time: 0.005089828000564012
L: 32.57, u_super: 0.00160 — INFEASIBLE (li_recovered=0.000e+00), time: 0.001782684001227608
L: 0.50, u_super: 0.00988, sec: 621.925, prod: 0.207149, t_ads: 19.8, t_des: 22.3, bed_util_ads: 0.471, bed_util_des: 0.471, des_th: 0.4710173872995389,frac_lost: 0.104, li_recovered:  8.715, time: 0.006397956000000704
L: 0.50, u_super: 0.00491, sec: 269.741, prod: 0.110828, t_ads: 39.5, t_des: 35.8, bed_util_ads: 0.498, bed_util_des: 0.498, des_th: 0.4975956824646048,frac_lost: 0.103, li_recovered:  8.345, time: 0.00598408699988795
L: 0.50, u_super: 0.00620, sec: 345.390, prod: 0.140381, t_ads: 31.3, t_des: 28.7, bed_util_ads: 0.497, bed_util_des: 0.497, des_th: 0.4969782772142014,frac_lost: 0.102, li_recovered:  8.424, time: 0.005773717000920442
L: 0.50, u_super: 0.00159, sec: 87.177, prod: 0.034455, t_ads: 120.6, t_des: 102.5, bed_util_ads: 0.499, bed_util_des: 0.498, des_th: 0.4984942109497824,frac_lost: 0.108, li_recovered:  7.685, time: 0.006888788000651402
L: 37.14, u_super: 0.00585 — INFEASIBLE (li_recovered=0.000e+00), time: 0.0013630890007334528
L: 0.50, u_super: 0.00033, sec: 19.930, prod: 0.006227, t_ads: 525.7, t_des: 522.0, bed_util_ads: 0.440, bed_util_des: 0.436, des_th: 0.4362822680585793,frac_lost: 0.102, li_recovered:  6.524, time: 0.006605146001675166
L: 0.50, u_super: 0.00492, sec: 270.405, prod: 0.111113, t_ads: 39.4, t_des: 35.7, bed_util_ads: 0.498, bed_util_des: 0.498, des_th: 0.4977267314518331,frac_lost: 0.103, li_recovered:  8.343, time: 0.0056691669997235294
L: 0.71, u_super: 0.00066, sec: 54.830, prod: 0.013153, t_ads: 388.9, t_des: 415.1, bed_util_ads: 0.444, bed_util_des: 0.440, des_th: 0.43967977114384776,frac_lost: 0.100, li_recovered:  10.576, time: 0.006734992000929196
L: 0.50, u_super: 0.00378, sec: 206.161, prod: 0.084760, t_ads: 51.4, t_des: 45.4, bed_util_ads: 0.500, bed_util_des: 0.499, des_th: 0.49944428553408066,frac_lost: 0.106, li_recovered:  8.205, time: 0.00664763600070728
L: 0.50, u_super: 0.00053 — INFEASIBLE (li_recovered=0.000e+00), time: 0.0034528600008343346
L: 0.50, u_super: 0.00560, sec: 310.428, prod: 0.126205, t_ads: 34.6, t_des: 32.8, bed_util_ads: 0.493, bed_util_des: 0.493, des_th: 0.49275735351547284,frac_lost: 0.102, li_recovered:  8.518, time: 0.00622633499915537
L: 0.50, u_super: 0.00225, sec: 121.138, prod: 0.050053, t_ads: 85.8, t_des: 78.8, bed_util_ads: 0.492, bed_util_des: 0.492, des_th: 0.4917723811388249,frac_lost: 0.107, li_recovered:  8.236, time: 0.005929869999818038
L: 0.50, u_super: 0.00005, sec: 4.351, prod: 0.000665, t_ads: 3305.3, t_des: 5358.8, bed_util_ads: 0.255, bed_util_des: 0.194, des_th: 0.19480474706792983,frac_lost: 0.102, li_recovered:  5.764, time: 0.005171292001250549
L: 47.03, u_super: 0.00879 — INFEASIBLE (li_recovered=0.000e+00), time: 0.0010784690002765274
L: 0.50, u_super: 0.00566, sec: 312.969, prod: 0.128017, t_ads: 34.2, t_des: 31.1, bed_util_ads: 0.498, bed_util_des: 0.498, des_th: 0.498239371330329,frac_lost: 0.101, li_recovered:  8.359, time: 0.003775801000301726
L: 0.50, u_super: 0.00293, sec: 158.272, prod: 0.065430, t_ads: 65.9, t_des: 58.5, bed_util_ads: 0.498, bed_util_des: 0.498, des_th: 0.49804668023728765,frac_lost: 0.103, li_recovered:  8.140, time: 0.004890283998975065
L: 0.50, u_super: 0.00747, sec: 423.405, prod: 0.168709, t_ads: 26.2, t_des: 23.8, bed_util_ads: 0.500, bed_util_des: 0.499, des_th: 0.4994271074333408,frac_lost: 0.109, li_recovered:  8.436, time: 0.0039572549994773
L: 0.50, u_super: 0.00856, sec: 491.238, prod: 0.193738, t_ads: 22.7, t_des: 21.5, bed_util_ads: 0.493, bed_util_des: 0.493, des_th: 0.49281799717177355,frac_lost: 0.101, li_recovered:  8.556, time: 0.00394843300091452
L: 0.50, u_super: 0.00350, sec: 190.137, prod: 0.078369, t_ads: 55.0, t_des: 48.4, bed_util_ads: 0.500, bed_util_des: 0.499, des_th: 0.49948085406641185,frac_lost: 0.100, li_recovered:  8.106, time: 0.004786145998878055
L: 0.50, u_super: 0.00016, sec: 21.829, prod: 0.001443, t_ads: 1191.6, t_des: 4682.0, bed_util_ads: 0.252, bed_util_des: 0.185, des_th: 0.1851696623157332,frac_lost: 0.101, li_recovered:  8.476, time: 0.00966289400093956
L: 0.50, u_super: 0.00071 — INFEASIBLE (li_recovered=0.000e+00), time: 0.0025094350003200816
L: 21.25, u_super: 0.00136 — INFEASIBLE (li_recovered=0.000e+00), time: 0.0007312279994948767
L: 0.50, u_super: 0.00074, sec: 44.714, prod: 0.014398, t_ads: 252.8, t_des: 305.5, bed_util_ads: 0.441, bed_util_des: 0.436, des_th: 0.4362822680585793,frac_lost: 0.103, li_recovered:  8.038, time: 0.004419505999976536
L: 0.50, u_super: 0.00908, sec: 524.196, prod: 0.205885, t_ads: 21.5, t_des: 19.6, bed_util_ads: 0.499, bed_util_des: 0.499, des_th: 0.4987132553657022,frac_lost: 0.105, li_recovered:  8.456, time: 0.003972751999754109
L: 0.50, u_super: 0.00599, sec: 332.576, prod: 0.135440, t_ads: 32.4, t_des: 29.7, bed_util_ads: 0.497, bed_util_des: 0.496, des_th: 0.4965026104692152,frac_lost: 0.102, li_recovered:  8.413, time: 0.003913900000043213
L: 0.50, u_super: 0.00846, sec: 484.651, prod: 0.191441, t_ads: 23.1, t_des: 21.0, bed_util_ads: 0.499, bed_util_des: 0.499, des_th: 0.498880298081411,frac_lost: 0.106, li_recovered:  8.450, time: 0.0038073499999882188
L: 0.50, u_super: 0.00317, sec: 170.962, prod: 0.070986, t_ads: 60.9, t_des: 54.8, bed_util_ads: 0.497, bed_util_des: 0.497, des_th: 0.49677282082732144,frac_lost: 0.102, li_recovered:  8.213, time: 0.004548651000732207
   366 |    14640 |     40 |  0.0007707213 |             f
L: 0.50, u_super: 0.00657, sec: 407.356, prod: 0.133950, t_ads: 29.8, t_des: 35.1, bed_util_ads: 0.465, bed_util_des: 0.464, des_th: 0.46428664535245573,frac_lost: 0.106, li_recovered:  8.690, time: 0.00447789899953932
L: 0.50, u_super: 0.00262, sec: 142.167, prod: 0.058187, t_ads: 73.4, t_des: 63.9, bed_util_ads: 0.500, bed_util_des: 0.499, des_th: 0.4993027788502484,frac_lost: 0.103, li_recovered:  7.987, time: 0.004586021999784862
L: 0.50, u_super: 0.00585, sec: 324.204, prod: 0.132228, t_ads: 33.2, t_des: 30.8, bed_util_ads: 0.495, bed_util_des: 0.495, des_th: 0.49511679922037055,frac_lost: 0.101, li_recovered:  8.461, time: 0.0034790879999491153
L: 0.50, u_super: 0.00384, sec: 208.940, prod: 0.086346, t_ads: 50.5, t_des: 46.9, bed_util_ads: 0.494, bed_util_des: 0.494, des_th: 0.49384578927736844,frac_lost: 0.104, li_recovered:  8.412, time: 0.0035226770014560316
L: 0.50, u_super: 0.00682, sec: 383.563, prod: 0.153985, t_ads: 28.7, t_des: 26.3, bed_util_ads: 0.497, bed_util_des: 0.497, des_th: 0.49651525970134813,frac_lost: 0.107, li_recovered:  8.473, time: 0.005697487000361434
L: 0.50, u_super: 0.00856, sec: 491.238, prod: 0.193738, t_ads: 22.7, t_des: 21.5, bed_util_ads: 0.493, bed_util_des: 0.493, des_th: 0.49281799717177355,frac_lost: 0.101, li_recovered:  8.556, time: 0.004081212000528467
L: 36.13, u_super: 0.00177 — INFEASIBLE (li_recovered=0.000e+00), time: 0.0007985720003489405
L: 0.50, u_super: 0.00773, sec: 440.096, prod: 0.174711, t_ads: 25.4, t_des: 22.7, bed_util_ads: 0.500, bed_util_des: 0.500, des_th: 0.49996756693382655,frac_lost: 0.109, li_recovered:  8.399, time: 0.004774291999638081
L: 0.50, u_super: 0.00567, sec: 314.100, prod: 0.128245, t_ads: 34.1, t_des: 30.5, bed_util_ads: 0.499, bed_util_des: 0.499, des_th: 0.49884127210338497,frac_lost: 0.100, li_recovered:  8.293, time: 0.0050380209995637415
L: 0.50, u_super: 0.00056, sec: 141.440, prod: 0.002543, t_ads: 355.5, t_des: 3098.5, bed_util_ads: 0.221, bed_util_des: 0.185, des_th: 0.1851696623157332,frac_lost: 0.101, li_recovered:  8.784, time: 0.02476974999990489
L: 0.50, u_super: 0.00673, sec: 376.905, prod: 0.152324, t_ads: 28.9, t_des: 26.1, bed_util_ads: 0.498, bed_util_des: 0.498, des_th: 0.49816541511941653,frac_lost: 0.102, li_recovered:  8.376, time: 0.004518371000813204
L: 0.50, u_super: 0.00823, sec: 507.051, prod: 0.172801, t_ads: 23.7, t_des: 26.6, bed_util_ads: 0.472, bed_util_des: 0.472, des_th: 0.47174508727651515,frac_lost: 0.104, li_recovered:  8.703, time: 0.005484969999088207
L: 0.50, u_super: 0.00074, sec: 50.817, prod: 0.012668, t_ads: 255.2, t_des: 389.7, bed_util_ads: 0.412, bed_util_des: 0.404, des_th: 0.40392919948767614,frac_lost: 0.104, li_recovered:  8.169, time: 0.007482109000193304
L: 0.50, u_super: 0.00899, sec: 518.229, prod: 0.203612, t_ads: 21.7, t_des: 19.7, bed_util_ads: 0.499, bed_util_des: 0.498, des_th: 0.4984196864019884,frac_lost: 0.106, li_recovered:  8.442, time: 0.00508914000056393
L: 0.50, u_super: 0.00100 — INFEASIBLE (li_recovered=0.000e+00), time: 0.005281813000692637
L: 0.50, u_super: 0.00317, sec: 171.480, prod: 0.070931, t_ads: 60.8, t_des: 54.0, bed_util_ads: 0.498, bed_util_des: 0.498, des_th: 0.4978080286625842,frac_lost: 0.102, li_recovered:  8.149, time: 0.0049530640008015325
L: 0.50, u_super: 0.00085, sec: 46.394, prod: 0.018043, t_ads: 220.6, t_des: 211.7, bed_util_ads: 0.474, bed_util_des: 0.472, des_th: 0.47237671093847083,frac_lost: 0.101, li_recovered:  7.798, time: 0.006079015000068466
L: 0.50, u_super: 0.00560, sec: 309.578, prod: 0.126552, t_ads: 34.7, t_des: 31.8, bed_util_ads: 0.497, bed_util_des: 0.497, des_th: 0.49696870548881006,frac_lost: 0.102, li_recovered:  8.411, time: 0.004490924999117851
L: 0.50, u_super: 0.00798, sec: 454.114, prod: 0.181009, t_ads: 24.4, t_des: 22.0, bed_util_ads: 0.500, bed_util_des: 0.500, des_th: 0.4999791419032054,frac_lost: 0.102, li_recovered:  8.385, time: 0.005724811999243684
L: 0.50, u_super: 0.00777, sec: 442.357, prod: 0.175629, t_ads: 25.2, t_des: 22.8, bed_util_ads: 0.499, bed_util_des: 0.499, des_th: 0.49890049193361846,frac_lost: 0.109, li_recovered:  8.441, time: 0.00654057300016575
L: 0.50, u_super: 0.00225, sec: 121.644, prod: 0.049845, t_ads: 85.6, t_des: 75.2, bed_util_ads: 0.497, bed_util_des: 0.497, des_th: 0.49664843851148344,frac_lost: 0.105, li_recovered:  8.015, time: 0.005120513998917886
L: 0.50, u_super: 0.00459, sec: 251.590, prod: 0.103402, t_ads: 42.3, t_des: 37.8, bed_util_ads: 0.500, bed_util_des: 0.499, des_th: 0.4994439449667288,frac_lost: 0.104, li_recovered:  8.286, time: 0.006257381000978057
L: 0.50, u_super: 0.00628, sec: 350.180, prod: 0.142158, t_ads: 30.9, t_des: 28.0, bed_util_ads: 0.499, bed_util_des: 0.499, des_th: 0.4992068986570068,frac_lost: 0.102, li_recovered:  8.369, time: 0.006367242000123952
L: 0.50, u_super: 0.00209, sec: 111.996, prod: 0.046480, t_ads: 91.6, t_des: 84.5, bed_util_ads: 0.491, bed_util_des: 0.491, des_th: 0.4910078408784043,frac_lost: 0.100, li_recovered:  8.182, time: 0.005136551000759937
L: 0.50, u_super: 0.00925, sec: 535.104, prod: 0.209588, t_ads: 21.1, t_des: 19.4, bed_util_ads: 0.498, bed_util_des: 0.498, des_th: 0.49824531329456667,frac_lost: 0.105, li_recovered:  8.493, time: 0.0068671850003738655
L: 0.50, u_super: 0.00990, sec: 576.745, prod: 0.224525, t_ads: 19.7, t_des: 17.9, bed_util_ads: 0.500, bed_util_des: 0.499, des_th: 0.49943001939195475,frac_lost: 0.105, li_recovered:  8.451, time: 0.00489582599948335
L: 0.50, u_super: 0.00463, sec: 254.188, prod: 0.104185, t_ads: 42.0, t_des: 37.5, bed_util_ads: 0.500, bed_util_des: 0.499, des_th: 0.4994783171995728,frac_lost: 0.106, li_recovered:  8.288, time: 0.005474159999721451
L: 0.50, u_super: 0.00953, sec: 693.140, prod: 0.172437, t_ads: 20.5, t_des: 30.1, bed_util_ads: 0.439, bed_util_des: 0.438, des_th: 0.4384148673576465,frac_lost: 0.104, li_recovered:  8.724, time: 0.007392073999653803
L: 0.50, u_super: 0.00406, sec: 221.811, prod: 0.090977, t_ads: 47.9, t_des: 42.3, bed_util_ads: 0.500, bed_util_des: 0.500, des_th: 0.4995150534814429,frac_lost: 0.106, li_recovered:  8.206, time: 0.007459288000973174
L: 0.50, u_super: 0.00625, sec: 348.440, prod: 0.141389, t_ads: 31.1, t_des: 28.0, bed_util_ads: 0.498, bed_util_des: 0.498, des_th: 0.4982668419846261,frac_lost: 0.103, li_recovered:  8.357, time: 0.007344323001234443
L: 0.50, u_super: 0.00159, sec: 85.993, prod: 0.034929, t_ads: 120.6, t_des: 108.1, bed_util_ads: 0.492, bed_util_des: 0.491, des_th: 0.49141232540805846,frac_lost: 0.108, li_recovered:  7.987, time: 0.007080233999658958
L: 0.50, u_super: 0.00221, sec: 119.629, prod: 0.048710, t_ads: 87.4, t_des: 76.0, bed_util_ads: 0.499, bed_util_des: 0.498, des_th: 0.49824531329456667,frac_lost: 0.106, li_recovered:  7.957, time: 0.008144826999341603
L: 0.50, u_super: 0.00973, sec: 566.143, prod: 0.220572, t_ads: 20.1, t_des: 18.2, bed_util_ads: 0.499, bed_util_des: 0.499, des_th: 0.4990061307446335,frac_lost: 0.106, li_recovered:  8.443, time: 0.006656595000094967
L: 0.50, u_super: 0.00427, sec: 241.640, prod: 0.092721, t_ads: 45.5, t_des: 47.4, bed_util_ads: 0.480, bed_util_des: 0.479, des_th: 0.47916330066324764,frac_lost: 0.105, li_recovered:  8.619, time: 0.00644679800097947
L: 0.50, u_super: 0.00063, sec: 184.922, prod: 0.002511, t_ads: 313.9, t_des: 3196.8, bed_util_ads: 0.210, bed_util_des: 0.177, des_th: 0.1768186735291978,frac_lost: 0.102, li_recovered:  8.815, time: 0.025239059001251007
L: 0.50, u_super: 0.00268, sec: 143.913, prod: 0.059870, t_ads: 71.9, t_des: 66.4, bed_util_ads: 0.493, bed_util_des: 0.493, des_th: 0.4927480843272186,frac_lost: 0.102, li_recovered:  8.281, time: 0.004892603001280804
L: 0.50, u_super: 0.00695, sec: 390.415, prod: 0.157466, t_ads: 27.9, t_des: 25.8, bed_util_ads: 0.497, bed_util_des: 0.496, des_th: 0.49651525970134813,frac_lost: 0.101, li_recovered:  8.469, time: 0.005649429998811684
L: 0.50, u_super: 0.00974, sec: 565.977, prod: 0.220847, t_ads: 20.0, t_des: 18.2, bed_util_ads: 0.500, bed_util_des: 0.499, des_th: 0.49942132725883337,frac_lost: 0.104, li_recovered:  8.451, time: 0.006346996999127441
L: 0.50, u_super: 0.00695, sec: 390.415, prod: 0.157466, t_ads: 27.9, t_des: 25.8, bed_util_ads: 0.497, bed_util_des: 0.496, des_th: 0.49651525970134813,frac_lost: 0.101, li_recovered:  8.469, time: 0.0062180790009733755
L: 0.50, u_super: 0.00122, sec: 66.869, prod: 0.026312, t_ads: 155.5, t_des: 135.6, bed_util_ads: 0.492, bed_util_des: 0.492, des_th: 0.49204556956484763,frac_lost: 0.106, li_recovered:  7.660, time: 0.006506867001007777
   367 |    14680 |     40 |  0.0031584228 |             f
L: 0.50, u_super: 0.00723, sec: 408.407, prod: 0.163232, t_ads: 27.1, t_des: 24.3, bed_util_ads: 0.500, bed_util_des: 0.500, des_th: 0.4995150534814429,frac_lost: 0.107, li_recovered:  8.381, time: 0.007829025000319234
L: 23.51, u_super: 0.00955 — INFEASIBLE (li_recovered=0.000e+00), time: 0.003795806000198354
L: 0.50, u_super: 0.00585, sec: 324.204, prod: 0.132228, t_ads: 33.2, t_des: 30.8, bed_util_ads: 0.495, bed_util_des: 0.495, des_th: 0.49511679922037055,frac_lost: 0.101, li_recovered:  8.461, time: 0.006787216001612251
L: 0.50, u_super: 0.00164, sec: 88.467, prod: 0.036060, t_ads: 116.7, t_des: 104.6, bed_util_ads: 0.492, bed_util_des: 0.492, des_th: 0.4917723811388249,frac_lost: 0.105, li_recovered:  7.980, time: 0.005335534000550979
L: 0.50, u_super: 0.00592, sec: 329.593, prod: 0.133357, t_ads: 32.8, t_des: 31.1, bed_util_ads: 0.492, bed_util_des: 0.492, des_th: 0.4921969849875824,frac_lost: 0.103, li_recovered:  8.530, time: 0.004961860000548768
L: 0.50, u_super: 0.00005 — INFEASIBLE (li_recovered=0.000e+00), time: 0.0019037830006709555
L: 0.50, u_super: 0.00154, sec: 83.528, prod: 0.033710, t_ads: 124.2, t_des: 109.9, bed_util_ads: 0.493, bed_util_des: 0.492, des_th: 0.49233745381460675,frac_lost: 0.107, li_recovered:  7.893, time: 0.004833278000660357
L: 0.50, u_super: 0.00822, sec: 532.795, prod: 0.163982, t_ads: 23.7, t_des: 29.4, bed_util_ads: 0.460, bed_util_des: 0.460, des_th: 0.4595891215757352,frac_lost: 0.104, li_recovered:  8.708, time: 0.005943362000834895
L: 0.50, u_super: 0.00806, sec: 460.583, prod: 0.182090, t_ads: 24.3, t_des: 22.6, bed_util_ads: 0.496, bed_util_des: 0.495, des_th: 0.49535672091816624,frac_lost: 0.107, li_recovered:  8.527, time: 0.0042382820010971045
L: 0.50, u_super: 0.00656, sec: 370.591, prod: 0.146873, t_ads: 29.8, t_des: 28.7, bed_util_ads: 0.491, bed_util_des: 0.491, des_th: 0.4908248002281031,frac_lost: 0.107, li_recovered:  8.595, time: 0.005110928999783937
L: 0.50, u_super: 0.00856, sec: 581.792, prod: 0.163584, t_ads: 22.8, t_des: 30.5, bed_util_ads: 0.451, bed_util_des: 0.450, des_th: 0.45010415731657205,frac_lost: 0.103, li_recovered:  8.713, time: 0.006851496998933726
L: 5.46, u_super: 0.00822 — INFEASIBLE (li_recovered=0.000e+00), time: 0.0030862980001984397
L: 0.50, u_super: 0.00957, sec: 585.328, prod: 0.206095, t_ads: 20.4, t_des: 21.9, bed_util_ads: 0.478, bed_util_des: 0.477, des_th: 0.4773911391518076,frac_lost: 0.104, li_recovered:  8.707, time: 0.004382705999887548
L: 0.50, u_super: 0.00560, sec: 327.457, prod: 0.119642, t_ads: 34.6, t_des: 37.7, bed_util_ads: 0.475, bed_util_des: 0.474, des_th: 0.4742428669416348,frac_lost: 0.101, li_recovered:  8.660, time: 0.005586576999121462
L: 0.50, u_super: 0.00773, sec: 439.995, prod: 0.174759, t_ads: 25.3, t_des: 22.8, bed_util_ads: 0.500, bed_util_des: 0.499, des_th: 0.4994271074333408,frac_lost: 0.108, li_recovered:  8.407, time: 0.004010796999864397
L: 0.50, u_super: 0.00008, sec: 7.085, prod: 0.001085, t_ads: 2219.8, t_des: 4294.5, bed_util_ads: 0.273, bed_util_des: 0.208, des_th: 0.20808123379994728,frac_lost: 0.103, li_recovered:  7.071, time: 0.009383104999869829
L: 0.50, u_super: 0.00263, sec: 142.285, prod: 0.058273, t_ads: 73.2, t_des: 63.8, bed_util_ads: 0.500, bed_util_des: 0.499, des_th: 0.4993292797763655,frac_lost: 0.102, li_recovered:  7.983, time: 0.0038066300003265496
L: 0.50, u_super: 0.00399, sec: 217.842, prod: 0.089560, t_ads: 48.6, t_des: 43.0, bed_util_ads: 0.500, bed_util_des: 0.500, des_th: 0.4998958715346758,frac_lost: 0.105, li_recovered:  8.207, time: 0.007458142999894335
L: 0.50, u_super: 0.00697, sec: 403.558, prod: 0.153230, t_ads: 28.1, t_des: 28.5, bed_util_ads: 0.485, bed_util_des: 0.484, des_th: 0.4842309992519417,frac_lost: 0.108, li_recovered:  8.667, time: 0.006662854000751395
L: 0.50, u_super: 0.00898, sec: 518.281, prod: 0.203281, t_ads: 21.8, t_des: 20.0, bed_util_ads: 0.498, bed_util_des: 0.498, des_th: 0.49824531329456667,frac_lost: 0.107, li_recovered:  8.488, time: 0.0048588859990559286
L: 0.50, u_super: 0.00190, sec: 103.005, prod: 0.041544, t_ads: 100.9, t_des: 87.0, bed_util_ads: 0.498, bed_util_des: 0.498, des_th: 0.49824531329456667,frac_lost: 0.103, li_recovered:  7.807, time: 0.0045824289991287515
L: 70.76, u_super: 0.00154 — INFEASIBLE (li_recovered=0.000e+00), time: 0.002006339998843032
L: 0.50, u_super: 0.00798, sec: 5443.448, prod: 0.015100, t_ads: 24.6, t_des: 557.3, bed_util_ads: 0.166, bed_util_des: 0.162, des_th: 0.16241519803550972,frac_lost: 0.105, li_recovered:  8.787, time: 0.0559346119989641
L: 0.50, u_super: 0.00308, sec: 188.012, prod: 0.060928, t_ads: 63.1, t_des: 78.0, bed_util_ads: 0.456, bed_util_des: 0.455, des_th: 0.45474773869635915,frac_lost: 0.105, li_recovered:  8.597, time: 0.008571074999053963
L: 0.50, u_super: 0.00768, sec: 435.043, prod: 0.174037, t_ads: 25.3, t_des: 23.4, bed_util_ads: 0.497, bed_util_des: 0.496, des_th: 0.4965163808892026,frac_lost: 0.101, li_recovered:  8.483, time: 0.006680283999230596
L: 0.50, u_super: 0.00538, sec: 310.827, prod: 0.115927, t_ads: 36.1, t_des: 38.6, bed_util_ads: 0.478, bed_util_des: 0.477, des_th: 0.47723677734985337,frac_lost: 0.101, li_recovered:  8.652, time: 0.00579388900041522
L: 0.50, u_super: 0.00585, sec: 324.379, prod: 0.132157, t_ads: 33.2, t_des: 29.8, bed_util_ads: 0.500, bed_util_des: 0.500, des_th: 0.49966214549868276,frac_lost: 0.102, li_recovered:  8.330, time: 0.006319357000393211
L: 0.50, u_super: 0.00407, sec: 221.848, prod: 0.091323, t_ads: 47.8, t_des: 42.6, bed_util_ads: 0.498, bed_util_des: 0.498, des_th: 0.49826501471813656,frac_lost: 0.105, li_recovered:  8.256, time: 0.0061728029995720135
L: 0.50, u_super: 0.00120, sec: 66.334, prod: 0.025629, t_ads: 158.0, t_des: 134.5, bed_util_ads: 0.494, bed_util_des: 0.494, des_th: 0.49379388741911096,frac_lost: 0.106, li_recovered:  7.497, time: 0.006119591000242508
L: 7.29, u_super: 0.00350 — INFEASIBLE (li_recovered=0.000e+00), time: 0.0030531810007232707
L: 0.50, u_super: 0.00720, sec: 405.522, prod: 0.163162, t_ads: 27.0, t_des: 24.3, bed_util_ads: 0.499, bed_util_des: 0.498, des_th: 0.49841816109171155,frac_lost: 0.101, li_recovered:  8.370, time: 0.007576845000585308
L: 41.66, u_super: 0.00325 — INFEASIBLE (li_recovered=0.000e+00), time: 0.0012134750013501616
L: 0.50, u_super: 0.00544, sec: 332.729, prod: 0.110963, t_ads: 35.7, t_des: 42.4, bed_util_ads: 0.463, bed_util_des: 0.463, des_th: 0.4626168344989863,frac_lost: 0.101, li_recovered:  8.666, time: 0.008815143000902026
L: 0.50, u_super: 0.00194, sec: 105.320, prod: 0.042616, t_ads: 98.5, t_des: 85.2, bed_util_ads: 0.498, bed_util_des: 0.498, des_th: 0.49821881228457204,frac_lost: 0.102, li_recovered:  7.829, time: 0.00600059600037639
L: 0.50, u_super: 0.00090 — INFEASIBLE (li_recovered=0.000e+00), time: 0.0029041899997537257
L: 0.50, u_super: 0.00262, sec: 190.611, prod: 0.043398, t_ads: 73.9, t_des: 124.4, bed_util_ads: 0.417, bed_util_des: 0.414, des_th: 0.4142411303607165,frac_lost: 0.103, li_recovered:  8.606, time: 0.005612322998786112
L: 0.50, u_super: 0.00987, sec: 574.113, prod: 0.224095, t_ads: 19.7, t_des: 18.0, bed_util_ads: 0.499, bed_util_des: 0.499, des_th: 0.4993901508880944,frac_lost: 0.102, li_recovered:  8.452, time: 0.005268041999443085
L: 0.50, u_super: 0.00299, sec: 161.544, prod: 0.066615, t_ads: 64.5, t_des: 56.8, bed_util_ads: 0.500, bed_util_des: 0.499, des_th: 0.49948085406641185,frac_lost: 0.101, li_recovered:  8.081, time: 0.005136044999744627
L: 0.50, u_super: 0.00262, sec: 144.345, prod: 0.057309, t_ads: 73.4, t_des: 75.0, bed_util_ads: 0.479, bed_util_des: 0.478, des_th: 0.47810522142165734,frac_lost: 0.101, li_recovered:  8.502, time: 0.006230158998732804
L: 0.50, u_super: 0.00059 — INFEASIBLE (li_recovered=0.000e+00), time: 0.0022653659998468356
   368 |    14720 |     40 |  0.0009095435 |             f
L: 0.50, u_super: 0.00350, sec: 230.976, prod: 0.064512, t_ads: 55.5, t_des: 78.3, bed_util_ads: 0.441, bed_util_des: 0.439, des_th: 0.43951966828860384,frac_lost: 0.105, li_recovered:  8.631, time: 0.00630117800028529
L: 0.50, u_super: 0.00649, sec: 363.742, prod: 0.146446, t_ads: 30.2, t_des: 27.3, bed_util_ads: 0.498, bed_util_des: 0.498, des_th: 0.4982021571954673,frac_lost: 0.108, li_recovered:  8.421, time: 0.00507668700083741
L: 0.50, u_super: 0.00773, sec: 437.745, prod: 0.175218, t_ads: 25.1, t_des: 23.2, bed_util_ads: 0.497, bed_util_des: 0.496, des_th: 0.49651525970134813,frac_lost: 0.101, li_recovered:  8.470, time: 0.005184453000765643
L: 0.50, u_super: 0.00123, sec: 68.315, prod: 0.026142, t_ads: 154.0, t_des: 129.2, bed_util_ads: 0.497, bed_util_des: 0.497, des_th: 0.4968588879169738,frac_lost: 0.105, li_recovered:  7.402, time: 0.005786804000308621
L: 0.50, u_super: 0.00970, sec: 563.374, prod: 0.219931, t_ads: 20.1, t_des: 18.3, bed_util_ads: 0.500, bed_util_des: 0.499, des_th: 0.49942132725883337,frac_lost: 0.104, li_recovered:  8.442, time: 0.005048369999713032
L: 0.50, u_super: 0.00757, sec: 435.938, prod: 0.168773, t_ads: 25.9, t_des: 25.3, bed_util_ads: 0.490, bed_util_des: 0.490, des_th: 0.48956754424306254,frac_lost: 0.108, li_recovered:  8.641, time: 0.004592731998855015
L: 0.50, u_super: 0.00019, sec: 27.998, prod: 0.001544, t_ads: 1030.0, t_des: 4543.2, bed_util_ads: 0.250, bed_util_des: 0.185, des_th: 0.1851696623157332,frac_lost: 0.105, li_recovered:  8.603, time: 0.012164881998614874
L: 0.50, u_super: 0.00626, sec: 348.966, prod: 0.141790, t_ads: 31.0, t_des: 28.4, bed_util_ads: 0.497, bed_util_des: 0.497, des_th: 0.4968146671995049,frac_lost: 0.102, li_recovered:  8.419, time: 0.004254470999512705
L: 0.50, u_super: 0.00479, sec: 262.876, prod: 0.107844, t_ads: 40.7, t_des: 36.7, bed_util_ads: 0.498, bed_util_des: 0.498, des_th: 0.49779759205541124,frac_lost: 0.106, li_recovered:  8.344, time: 0.004018736000944045
L: 0.50, u_super: 0.00120, sec: 66.154, prod: 0.025699, t_ads: 156.8, t_des: 134.6, bed_util_ads: 0.493, bed_util_des: 0.493, des_th: 0.4931500928176396,frac_lost: 0.101, li_recovered:  7.489, time: 0.0045157409986131825
L: 0.50, u_super: 0.00400, sec: 217.883, prod: 0.089763, t_ads: 48.6, t_des: 43.4, bed_util_ads: 0.500, bed_util_des: 0.499, des_th: 0.49948085406641185,frac_lost: 0.106, li_recovered:  8.263, time: 0.0050283379987376975
L: 0.50, u_super: 0.00560, sec: 347.018, prod: 0.112898, t_ads: 34.7, t_des: 42.1, bed_util_ads: 0.461, bed_util_des: 0.460, des_th: 0.4599256984971591,frac_lost: 0.101, li_recovered:  8.670, time: 0.004517634000876569
L: 0.50, u_super: 0.00895, sec: 515.947, prod: 0.202881, t_ads: 21.8, t_des: 19.8, bed_util_ads: 0.499, bed_util_des: 0.499, des_th: 0.498880298081411,frac_lost: 0.105, li_recovered:  8.441, time: 0.00462752199928218
L: 0.50, u_super: 0.00469, sec: 257.123, prod: 0.105418, t_ads: 41.5, t_des: 37.0, bed_util_ads: 0.499, bed_util_des: 0.499, des_th: 0.4990806668014403,frac_lost: 0.105, li_recovered:  8.274, time: 0.004258258999470854
L: 0.50, u_super: 0.00019, sec: 23.517, prod: 0.001754, t_ads: 1034.8, t_des: 3739.6, bed_util_ads: 0.266, bed_util_des: 0.206, des_th: 0.20627983625201957,frac_lost: 0.103, li_recovered:  8.373, time: 0.010157703000004403
L: 0.50, u_super: 0.00985, sec: 573.728, prod: 0.223248, t_ads: 19.8, t_des: 18.4, bed_util_ads: 0.497, bed_util_des: 0.496, des_th: 0.4964052441725065,frac_lost: 0.103, li_recovered:  8.531, time: 0.005454085001474596
L: 0.50, u_super: 0.00499, sec: 274.137, prod: 0.112401, t_ads: 39.0, t_des: 35.7, bed_util_ads: 0.497, bed_util_des: 0.496, des_th: 0.49645046209005267,frac_lost: 0.105, li_recovered:  8.397, time: 0.005608790999758639
L: 0.50, u_super: 0.00968, sec: 562.960, prod: 0.219219, t_ads: 20.2, t_des: 18.5, bed_util_ads: 0.498, bed_util_des: 0.498, des_th: 0.49829944678204013,frac_lost: 0.106, li_recovered:  8.490, time: 0.0054040089999034535
L: 0.50, u_super: 0.00966, sec: 561.513, prod: 0.218686, t_ads: 20.3, t_des: 18.6, bed_util_ads: 0.498, bed_util_des: 0.498, des_th: 0.49793120860728624,frac_lost: 0.106, li_recovered:  8.495, time: 0.0077202980010042666
L: 0.50, u_super: 0.00747, sec: 423.246, prod: 0.168773, t_ads: 26.2, t_des: 23.8, bed_util_ads: 0.500, bed_util_des: 0.499, des_th: 0.4994271074333408,frac_lost: 0.108, li_recovered:  8.441, time: 0.005002826001145877
L: 0.50, u_super: 0.00836, sec: 513.000, prod: 0.176445, t_ads: 23.3, t_des: 26.0, bed_util_ads: 0.473, bed_util_des: 0.473, des_th: 0.4725179219048303,frac_lost: 0.104, li_recovered:  8.703, time: 0.006265447000259883
L: 0.50, u_super: 0.00026, sec: 37.349, prod: 0.002068, t_ads: 763.3, t_des: 3371.8, bed_util_ads: 0.260, bed_util_des: 0.208, des_th: 0.20808123379994728,frac_lost: 0.104, li_recovered:  8.550, time: 0.013263382999866735
L: 40.91, u_super: 0.00574 — INFEASIBLE (li_recovered=0.000e+00), time: 0.002275267999721109
L: 0.50, u_super: 0.00590, sec: 328.428, prod: 0.132918, t_ads: 33.0, t_des: 31.2, bed_util_ads: 0.492, bed_util_des: 0.492, des_th: 0.4921969849875824,frac_lost: 0.103, li_recovered:  8.528, time: 0.005790044999230304
L: 0.50, u_super: 0.00061, sec: 34.177, prod: 0.012626, t_ads: 302.5, t_des: 289.0, bed_util_ads: 0.468, bed_util_des: 0.466, des_th: 0.4658593721059517,frac_lost: 0.105, li_recovered:  7.468, time: 0.008421436999924481
L: 0.50, u_super: 0.00120, sec: 67.362, prod: 0.025238, t_ads: 157.6, t_des: 169.5, bed_util_ads: 0.466, bed_util_des: 0.464, des_th: 0.46373652240460944,frac_lost: 0.101, li_recovered:  8.256, time: 0.005890025999178761
L: 0.50, u_super: 0.00238, sec: 127.818, prod: 0.052924, t_ads: 81.2, t_des: 74.7, bed_util_ads: 0.492, bed_util_des: 0.492, des_th: 0.49157044060779387,frac_lost: 0.105, li_recovered:  8.254, time: 0.0072346409997408045
L: 0.50, u_super: 0.00657, sec: 367.251, prod: 0.148578, t_ads: 29.5, t_des: 26.4, bed_util_ads: 0.500, bed_util_des: 0.500, des_th: 0.49967004446194785,frac_lost: 0.101, li_recovered:  8.318, time: 0.005688429999281652
L: 0.50, u_super: 0.00990, sec: 576.148, prod: 0.224758, t_ads: 19.7, t_des: 17.9, bed_util_ads: 0.500, bed_util_des: 0.499, des_th: 0.49942132725883337,frac_lost: 0.103, li_recovered:  8.447, time: 0.006512952999401023
L: 0.50, u_super: 0.00005, sec: 4.991, prod: 0.000580, t_ads: 2534.0, t_des: 3399.0, bed_util_ads: 0.254, bed_util_des: 0.226, des_th: 0.22618765719384384,frac_lost: 0.100, li_recovered:  3.441, time: 0.005542302000321797
L: 0.50, u_super: 0.00041 — INFEASIBLE (li_recovered=0.000e+00), time: 0.003486542000246118
L: 4.98, u_super: 0.00173 — INFEASIBLE (li_recovered=0.000e+00), time: 0.001987988000109908
L: 0.50, u_super: 0.00373, sec: 202.658, prod: 0.083728, t_ads: 52.1, t_des: 47.7, bed_util_ads: 0.496, bed_util_des: 0.495, des_th: 0.4952140525508296,frac_lost: 0.107, li_recovered:  8.356, time: 0.00511240500054555
L: 0.50, u_super: 0.00317, sec: 171.144, prod: 0.070910, t_ads: 61.0, t_des: 54.7, bed_util_ads: 0.497, bed_util_des: 0.497, des_th: 0.4970884331523083,frac_lost: 0.103, li_recovered:  8.209, time: 0.0072582659995532595
L: 0.50, u_super: 0.00688, sec: 385.722, prod: 0.155929, t_ads: 28.2, t_des: 25.6, bed_util_ads: 0.498, bed_util_des: 0.498, des_th: 0.49766048007589986,frac_lost: 0.100, li_recovered:  8.386, time: 0.0054993909998302115
L: 42.28, u_super: 0.00766 — INFEASIBLE (li_recovered=0.000e+00), time: 0.0019647720000648405
L: 0.50, u_super: 0.00062, sec: 34.564, prod: 0.012803, t_ads: 299.2, t_des: 288.8, bed_util_ads: 0.467, bed_util_des: 0.464, des_th: 0.46471583127090815,frac_lost: 0.105, li_recovered:  7.528, time: 0.005752106000727508
L: 0.50, u_super: 0.00838, sec: 479.917, prod: 0.189430, t_ads: 23.4, t_des: 21.5, bed_util_ads: 0.497, bed_util_des: 0.497, des_th: 0.4970119658697137,frac_lost: 0.107, li_recovered:  8.496, time: 0.006038172001353814
L: 64.49, u_super: 0.00987 — INFEASIBLE (li_recovered=0.000e+00), time: 0.0026049650005006697
L: 0.50, u_super: 0.00522, sec: 289.664, prod: 0.116979, t_ads: 37.1, t_des: 36.1, bed_util_ads: 0.489, bed_util_des: 0.488, des_th: 0.48848023154040354,frac_lost: 0.100, li_recovered:  8.564, time: 0.00544217300011951
   369 |    14760 |     40 |  0.0033637441 |             f
L: 0.50, u_super: 0.00090 — INFEASIBLE (li_recovered=0.000e+00), time: 0.0035370360001252266
L: 0.50, u_super: 0.00525, sec: 289.518, prod: 0.118471, t_ads: 37.0, t_des: 33.1, bed_util_ads: 0.500, bed_util_des: 0.500, des_th: 0.49986529375993355,frac_lost: 0.103, li_recovered:  8.302, time: 0.006302151001364109
L: 0.50, u_super: 0.00747, sec: 3394.450, prod: 0.021044, t_ads: 26.2, t_des: 390.9, bed_util_ads: 0.197, bed_util_des: 0.193, des_th: 0.19323489918628067,frac_lost: 0.103, li_recovered:  8.779, time: 0.03884191199904308
L: 0.50, u_super: 0.00381, sec: 207.053, prod: 0.085498, t_ads: 51.0, t_des: 45.7, bed_util_ads: 0.498, bed_util_des: 0.498, des_th: 0.4982376433977003,frac_lost: 0.105, li_recovered:  8.262, time: 0.004980822999641532
L: 0.50, u_super: 0.00855, sec: 490.256, prod: 0.193726, t_ads: 22.8, t_des: 20.8, bed_util_ads: 0.499, bed_util_des: 0.499, des_th: 0.4991302510513997,frac_lost: 0.105, li_recovered:  8.447, time: 0.006547286999193602
L: 0.50, u_super: 0.00061, sec: 34.822, prod: 0.012392, t_ads: 299.1, t_des: 265.0, bed_util_ads: 0.476, bed_util_des: 0.476, des_th: 0.47580376714249895,frac_lost: 0.101, li_recovered:  6.990, time: 0.009967207000954659
L: 25.76, u_super: 0.00987 — INFEASIBLE (li_recovered=0.000e+00), time: 0.0029389470000751317
L: 0.50, u_super: 0.00798, sec: 455.731, prod: 0.180367, t_ads: 24.5, t_des: 22.7, bed_util_ads: 0.496, bed_util_des: 0.496, des_th: 0.4961374551894905,frac_lost: 0.107, li_recovered:  8.520, time: 0.006416365999029949
L: 0.50, u_super: 0.00222, sec: 119.039, prod: 0.049212, t_ads: 87.1, t_des: 79.4, bed_util_ads: 0.493, bed_util_des: 0.493, des_th: 0.49286667040043786,frac_lost: 0.106, li_recovered:  8.192, time: 0.007973900999786565
L: 0.50, u_super: 0.00062 — INFEASIBLE (li_recovered=0.000e+00), time: 0.0029259900002216455
L: 0.50, u_super: 0.00019, sec: 25.196, prod: 0.001637, t_ads: 1042.2, t_des: 4136.9, bed_util_ads: 0.257, bed_util_des: 0.195, des_th: 0.1953020211377451,frac_lost: 0.103, li_recovered:  8.477, time: 0.01402319500084559
L: 0.50, u_super: 0.00230, sec: 123.728, prod: 0.051251, t_ads: 83.7, t_des: 76.5, bed_util_ads: 0.492, bed_util_des: 0.492, des_th: 0.49157044060779387,frac_lost: 0.104, li_recovered:  8.210, time: 0.004900949999864679
L: 27.64, u_super: 0.00180 — INFEASIBLE (li_recovered=0.000e+00), time: 0.0012931420005770633
L: 0.50, u_super: 0.00745, sec: 420.577, prod: 0.168894, t_ads: 26.1, t_des: 24.1, bed_util_ads: 0.497, bed_util_des: 0.496, des_th: 0.49651525970134813,frac_lost: 0.100, li_recovered:  8.471, time: 0.005133225999088609
L: 0.50, u_super: 0.00856, sec: 514.201, prod: 0.185086, t_ads: 22.8, t_des: 24.2, bed_util_ads: 0.479, bed_util_des: 0.479, des_th: 0.4788587695691153,frac_lost: 0.105, li_recovered:  8.699, time: 0.005739402000472182
L: 0.50, u_super: 0.00990, sec: 576.726, prod: 0.224532, t_ads: 19.7, t_des: 17.9, bed_util_ads: 0.500, bed_util_des: 0.499, des_th: 0.49942132725883337,frac_lost: 0.105, li_recovered:  8.438, time: 0.005083274001663085
L: 0.50, u_super: 0.00749, sec: 424.447, prod: 0.169186, t_ads: 26.1, t_des: 23.4, bed_util_ads: 0.500, bed_util_des: 0.500, des_th: 0.4999110277485681,frac_lost: 0.107, li_recovered:  8.383, time: 0.005549196999709238
L: 0.50, u_super: 0.00005, sec: 4.331, prod: 0.000669, t_ads: 3400.5, t_des: 5784.7, bed_util_ads: 0.251, bed_util_des: 0.185, des_th: 0.1851696623157332,frac_lost: 0.100, li_recovered:  6.140, time: 0.005836289999933797
L: 0.50, u_super: 0.00693, sec: 390.632, prod: 0.156427, t_ads: 28.3, t_des: 25.9, bed_util_ads: 0.497, bed_util_des: 0.497, des_th: 0.49705625269047965,frac_lost: 0.108, li_recovered:  8.479, time: 0.006022994999511866
L: 0.50, u_super: 0.00657, sec: 367.211, prod: 0.148594, t_ads: 29.6, t_des: 26.7, bed_util_ads: 0.500, bed_util_des: 0.499, des_th: 0.49947386949085876,frac_lost: 0.102, li_recovered:  8.365, time: 0.004897499999060528
L: 0.50, u_super: 0.00400, sec: 218.273, prod: 0.089602, t_ads: 48.6, t_des: 42.9, bed_util_ads: 0.500, bed_util_des: 0.500, des_th: 0.4998043956073333,frac_lost: 0.106, li_recovered:  8.202, time: 0.0069214610011840705
L: 0.50, u_super: 0.00005, sec: 4.419, prod: 0.000682, t_ads: 3458.2, t_des: 6201.9, bed_util_ads: 0.250, bed_util_des: 0.177, des_th: 0.17672886370853855,frac_lost: 0.101, li_recovered:  6.585, time: 0.0056577459999971325
L: 16.86, u_super: 0.00005 — INFEASIBLE (li_recovered=0.000e+00), time: 0.0009380779993080068
L: 0.50, u_super: 0.00467, sec: 256.188, prod: 0.105207, t_ads: 41.7, t_des: 38.1, bed_util_ads: 0.497, bed_util_des: 0.496, des_th: 0.4964374246343351,frac_lost: 0.106, li_recovered:  8.392, time: 0.0038020169995434117
L: 0.50, u_super: 0.00460, sec: 252.993, prod: 0.103215, t_ads: 42.4, t_des: 39.9, bed_util_ads: 0.493, bed_util_des: 0.493, des_th: 0.4931236829015975,frac_lost: 0.107, li_recovered:  8.499, time: 0.003945308999391273
L: 0.50, u_super: 0.00829, sec: 474.809, prod: 0.187371, t_ads: 23.7, t_des: 21.6, bed_util_ads: 0.498, bed_util_des: 0.498, des_th: 0.49824531329456667,frac_lost: 0.109, li_recovered:  8.481, time: 0.005580880999332294
L: 0.50, u_super: 0.00773, sec: 438.154, prod: 0.175054, t_ads: 25.1, t_des: 22.4, bed_util_ads: 0.500, bed_util_des: 0.500, des_th: 0.4999967378297324,frac_lost: 0.100, li_recovered:  8.317, time: 0.005022528999688802
L: 0.50, u_super: 0.00195, sec: 105.490, prod: 0.042680, t_ads: 98.2, t_des: 85.0, bed_util_ads: 0.498, bed_util_des: 0.498, des_th: 0.49824531329456667,frac_lost: 0.101, li_recovered:  7.821, time: 0.004561555000691442
L: 0.50, u_super: 0.00615, sec: 366.331, prod: 0.130207, t_ads: 31.6, t_des: 35.0, bed_util_ads: 0.473, bed_util_des: 0.473, des_th: 0.4727003360321919,frac_lost: 0.102, li_recovered:  8.674, time: 0.006834236000941019
L: 0.50, u_super: 0.00222, sec: 119.538, prod: 0.049139, t_ads: 86.9, t_des: 83.1, bed_util_ads: 0.487, bed_util_des: 0.486, des_th: 0.48618924791841917,frac_lost: 0.104, li_recovered:  8.353, time: 0.004414094999447116
L: 0.50, u_super: 0.00301, sec: 162.623, prod: 0.067024, t_ads: 64.2, t_des: 56.5, bed_util_ads: 0.498, bed_util_des: 0.498, des_th: 0.49820301856968696,frac_lost: 0.102, li_recovered:  8.086, time: 0.006169005999254296
L: 0.50, u_super: 0.00938, sec: 542.661, prod: 0.212596, t_ads: 20.8, t_des: 18.9, bed_util_ads: 0.498, bed_util_des: 0.498, des_th: 0.49824531329456667,frac_lost: 0.104, li_recovered:  8.444, time: 0.004221368999424158
L: 0.50, u_super: 0.00557, sec: 307.784, prod: 0.125872, t_ads: 34.9, t_des: 31.9, bed_util_ads: 0.497, bed_util_des: 0.497, des_th: 0.4969782772142014,frac_lost: 0.102, li_recovered:  8.398, time: 0.0051101429999107495
L: 15.40, u_super: 0.00131 — INFEASIBLE (li_recovered=0.000e+00), time: 0.0008023049995244946
L: 123.82, u_super: 0.00275 — INFEASIBLE (li_recovered=0.000e+00), time: 0.0005819699999847217
L: 10.11, u_super: 0.00959 — INFEASIBLE (li_recovered=0.000e+00), time: 0.002046015000814805
L: 0.50, u_super: 0.00562, sec: 311.050, prod: 0.126950, t_ads: 34.5, t_des: 31.0, bed_util_ads: 0.500, bed_util_des: 0.500, des_th: 0.4996368061351495,frac_lost: 0.102, li_recovered:  8.317, time: 0.00448461199994199
L: 0.50, u_super: 0.00019 — INFEASIBLE (li_recovered=0.000e+00), time: 0.002272080000693677
L: 0.50, u_super: 0.00377, sec: 213.433, prod: 0.081008, t_ads: 51.5, t_des: 54.7, bed_util_ads: 0.478, bed_util_des: 0.477, des_th: 0.4768384509317293,frac_lost: 0.104, li_recovered:  8.605, time: 0.004176240001470433
L: 0.50, u_super: 0.00364, sec: 1325.515, prod: 0.012172, t_ads: 54.0, t_des: 667.4, bed_util_ads: 0.210, bed_util_des: 0.203, des_th: 0.20303266244749849,frac_lost: 0.105, li_recovered:  8.781, time: 0.023899597999843536
   370 |    14800 |     40 |  0.0011837207 |             f
L: 0.50, u_super: 0.00464, sec: 254.464, prod: 0.104508, t_ads: 41.9, t_des: 37.9, bed_util_ads: 0.498, bed_util_des: 0.498, des_th: 0.4976867909175356,frac_lost: 0.106, li_recovered:  8.340, time: 0.003866119999656803
L: 0.50, u_super: 0.00357, sec: 194.941, prod: 0.079740, t_ads: 54.4, t_des: 52.1, bed_util_ads: 0.489, bed_util_des: 0.488, des_th: 0.48844024448137474,frac_lost: 0.106, li_recovered:  8.490, time: 0.004244568001013249
L: 0.50, u_super: 0.00903, sec: 521.600, prod: 0.204525, t_ads: 21.7, t_des: 19.9, bed_util_ads: 0.498, bed_util_des: 0.498, des_th: 0.4983172511058502,frac_lost: 0.107, li_recovered:  8.492, time: 0.005211306001001503
L: 0.50, u_super: 0.00457, sec: 250.155, prod: 0.102768, t_ads: 42.6, t_des: 38.4, bed_util_ads: 0.499, bed_util_des: 0.498, des_th: 0.4983283217895362,frac_lost: 0.106, li_recovered:  8.327, time: 0.005841789999976754
L: 0.50, u_super: 0.00061, sec: 34.177, prod: 0.012626, t_ads: 302.5, t_des: 289.0, bed_util_ads: 0.468, bed_util_des: 0.466, des_th: 0.4658593721059517,frac_lost: 0.105, li_recovered:  7.468, time: 0.004363056999864057
L: 0.50, u_super: 0.00660, sec: 445.280, prod: 0.124054, t_ads: 29.6, t_des: 40.5, bed_util_ads: 0.446, bed_util_des: 0.446, des_th: 0.4456764641561025,frac_lost: 0.107, li_recovered:  8.700, time: 0.005219246000706335
L: 0.50, u_super: 0.00435, sec: 261.593, prod: 0.088887, t_ads: 44.6, t_des: 52.6, bed_util_ads: 0.464, bed_util_des: 0.463, des_th: 0.46315452189573686,frac_lost: 0.101, li_recovered:  8.639, time: 0.005012263000025996
L: 0.50, u_super: 0.00227, sec: 127.175, prod: 0.048308, t_ads: 85.4, t_des: 90.6, bed_util_ads: 0.474, bed_util_des: 0.473, des_th: 0.47275730315588804,frac_lost: 0.106, li_recovered:  8.502, time: 0.006821660001151031
L: 0.50, u_super: 0.00005, sec: 4.351, prod: 0.000665, t_ads: 3320.5, t_des: 5383.4, bed_util_ads: 0.255, bed_util_des: 0.194, des_th: 0.1940846862237651,frac_lost: 0.103, li_recovered:  5.791, time: 0.007042877999992925
L: 37.50, u_super: 0.00786 — INFEASIBLE (li_recovered=0.000e+00), time: 0.001818238999476307
L: 0.50, u_super: 0.00417, sec: 228.448, prod: 0.093568, t_ads: 46.6, t_des: 44.1, bed_util_ads: 0.492, bed_util_des: 0.492, des_th: 0.4917262121450887,frac_lost: 0.106, li_recovered:  8.486, time: 0.00525563900009729
L: 1.71, u_super: 0.00061 — INFEASIBLE (li_recovered=0.000e+00), time: 0.001855336000517127
L: 0.50, u_super: 0.00085, sec: 46.371, prod: 0.018052, t_ads: 220.1, t_des: 209.1, bed_util_ads: 0.475, bed_util_des: 0.474, des_th: 0.4736641927366406,frac_lost: 0.100, li_recovered:  7.748, time: 0.004835289000766352
L: 6.81, u_super: 0.00337 — INFEASIBLE (li_recovered=0.000e+00), time: 0.003139099999316386
L: 0.50, u_super: 0.00806, sec: 460.168, prod: 0.182256, t_ads: 24.3, t_des: 21.8, bed_util_ads: 0.500, bed_util_des: 0.500, des_th: 0.4999854483420064,frac_lost: 0.107, li_recovered:  8.395, time: 0.00697537599990028
L: 0.50, u_super: 0.00773, sec: 467.334, prod: 0.164124, t_ads: 25.4, t_des: 27.6, bed_util_ads: 0.476, bed_util_des: 0.476, des_th: 0.47600351297096194,frac_lost: 0.109, li_recovered:  8.702, time: 0.005211569001403404
L: 0.50, u_super: 0.00701, sec: 393.983, prod: 0.158815, t_ads: 27.7, t_des: 25.6, bed_util_ads: 0.497, bed_util_des: 0.496, des_th: 0.49651525970134813,frac_lost: 0.101, li_recovered:  8.468, time: 0.0055236419993889285
L: 0.50, u_super: 0.00310, sec: 167.212, prod: 0.069296, t_ads: 62.5, t_des: 56.1, bed_util_ads: 0.497, bed_util_des: 0.497, des_th: 0.49657850391516106,frac_lost: 0.104, li_recovered:  8.216, time: 0.0064702359995862935
L: 0.50, u_super: 0.00515, sec: 283.305, prod: 0.116291, t_ads: 37.7, t_des: 34.2, bed_util_ads: 0.498, bed_util_des: 0.498, des_th: 0.4978150435374972,frac_lost: 0.102, li_recovered:  8.353, time: 0.00616006200107222
L: 0.50, u_super: 0.00821, sec: 469.116, prod: 0.185947, t_ads: 23.8, t_des: 21.3, bed_util_ads: 0.500, bed_util_des: 0.499, des_th: 0.49948085406641185,frac_lost: 0.105, li_recovered:  8.382, time: 0.004261198999301996
L: 0.50, u_super: 0.00131, sec: 71.146, prod: 0.028595, t_ads: 145.5, t_des: 139.3, bed_util_ads: 0.481, bed_util_des: 0.480, des_th: 0.48024392839516705,frac_lost: 0.107, li_recovered:  8.143, time: 0.004563692000374431
L: 0.50, u_super: 0.00795, sec: 656.571, prod: 0.124064, t_ads: 24.6, t_des: 45.7, bed_util_ads: 0.409, bed_util_des: 0.408, des_th: 0.4080059939365631,frac_lost: 0.104, li_recovered:  8.723, time: 0.006319919999441481
L: 0.50, u_super: 0.00588, sec: 326.260, prod: 0.132786, t_ads: 33.0, t_des: 29.6, bed_util_ads: 0.500, bed_util_des: 0.500, des_th: 0.49964916367819745,frac_lost: 0.102, li_recovered:  8.311, time: 0.0038108190001366893
L: 0.50, u_super: 0.00141, sec: 77.774, prod: 0.030167, t_ads: 135.8, t_des: 139.7, bed_util_ads: 0.474, bed_util_des: 0.472, des_th: 0.47237671093847083,frac_lost: 0.106, li_recovered:  8.313, time: 0.005712793001293903
L: 0.50, u_super: 0.00455, sec: 249.471, prod: 0.102477, t_ads: 42.7, t_des: 38.1, bed_util_ads: 0.499, bed_util_des: 0.499, des_th: 0.4986159241409763,frac_lost: 0.104, li_recovered:  8.280, time: 0.004157211998972343
L: 0.50, u_super: 0.00684, sec: 383.528, prod: 0.154872, t_ads: 28.3, t_des: 25.4, bed_util_ads: 0.500, bed_util_des: 0.499, des_th: 0.49949878887734284,frac_lost: 0.100, li_recovered:  8.326, time: 0.005318083000020124
L: 0.50, u_super: 0.00880, sec: 543.375, prod: 0.185674, t_ads: 22.2, t_des: 24.7, bed_util_ads: 0.473, bed_util_des: 0.472, des_th: 0.47243075016030667,frac_lost: 0.104, li_recovered:  8.707, time: 0.007311631999982637
L: 0.50, u_super: 0.00059, sec: 127.656, prod: 0.003191, t_ads: 333.0, t_des: 2403.3, bed_util_ads: 0.238, bed_util_des: 0.206, des_th: 0.20627983625201957,frac_lost: 0.102, li_recovered:  8.731, time: 0.0195059340003354
L: 0.50, u_super: 0.00215, sec: 116.762, prod: 0.047125, t_ads: 90.0, t_des: 77.2, bed_util_ads: 0.500, bed_util_des: 0.499, des_th: 0.499305653865216,frac_lost: 0.108, li_recovered:  7.879, time: 0.005017421999582439
L: 30.50, u_super: 0.00990 — INFEASIBLE (li_recovered=0.000e+00), time: 0.003045015000679996
L: 0.50, u_super: 0.00957, sec: 555.931, prod: 0.216993, t_ads: 20.4, t_des: 18.7, bed_util_ads: 0.497, bed_util_des: 0.497, des_th: 0.49705625269047965,frac_lost: 0.105, li_recovered:  8.490, time: 0.0060074959983467124
L: 0.50, u_super: 0.00145, sec: 80.130, prod: 0.030906, t_ads: 132.1, t_des: 109.9, bed_util_ads: 0.499, bed_util_des: 0.499, des_th: 0.4992418429214548,frac_lost: 0.107, li_recovered:  7.480, time: 0.005075578999822028
L: 0.50, u_super: 0.00285, sec: 153.853, prod: 0.063764, t_ads: 67.7, t_des: 63.6, bed_util_ads: 0.491, bed_util_des: 0.490, des_th: 0.49020575460471105,frac_lost: 0.103, li_recovered:  8.372, time: 0.005124115999933565
L: 0.50, u_super: 0.00394, sec: 215.073, prod: 0.088207, t_ads: 49.4, t_des: 43.5, bed_util_ads: 0.500, bed_util_des: 0.500, des_th: 0.49993421935411897,frac_lost: 0.107, li_recovered:  8.192, time: 0.005029067000577925
L: 0.50, u_super: 0.00455, sec: 261.731, prod: 0.097335, t_ads: 42.6, t_des: 46.1, bed_util_ads: 0.474, bed_util_des: 0.474, des_th: 0.47363057936436315,frac_lost: 0.100, li_recovered:  8.632, time: 0.007385898999928031
L: 74.59, u_super: 0.00938 — INFEASIBLE (li_recovered=0.000e+00), time: 0.0015103690002433723
L: 0.50, u_super: 0.00152, sec: 82.379, prod: 0.033255, t_ads: 125.9, t_des: 111.5, bed_util_ads: 0.493, bed_util_des: 0.493, des_th: 0.49291616145156264,frac_lost: 0.107, li_recovered:  7.894, time: 0.004692738999438006
L: 41.35, u_super: 0.00982 — INFEASIBLE (li_recovered=0.000e+00), time: 0.0018356990003667306
L: 0.50, u_super: 0.00347, sec: 188.229, prod: 0.077772, t_ads: 56.0, t_des: 50.6, bed_util_ads: 0.497, bed_util_des: 0.497, des_th: 0.49667135599137346,frac_lost: 0.107, li_recovered:  8.297, time: 0.005771883001216338
L: 11.96, u_super: 0.00826 — INFEASIBLE (li_recovered=0.000e+00), time: 0.003601966000132961
   371 |    14840 |     40 |  0.0041984042 |             f
L: 0.50, u_super: 0.00187, sec: 101.551, prod: 0.040991, t_ads: 102.2, t_des: 88.4, bed_util_ads: 0.498, bed_util_des: 0.497, des_th: 0.4974778797539985,frac_lost: 0.102, li_recovered:  7.812, time: 0.005640961999233696
L: 0.50, u_super: 0.00822, sec: 469.572, prod: 0.186061, t_ads: 23.8, t_des: 21.6, bed_util_ads: 0.498, bed_util_des: 0.498, des_th: 0.4982001702411043,frac_lost: 0.106, li_recovered:  8.444, time: 0.0048891989990806906
L: 0.50, u_super: 0.00092, sec: 51.764, prod: 0.019299, t_ads: 203.3, t_des: 215.9, bed_util_ads: 0.462, bed_util_des: 0.460, des_th: 0.45982974518925906,frac_lost: 0.101, li_recovered:  8.090, time: 0.004350399000031757
L: 0.50, u_super: 0.00943, sec: 549.155, prod: 0.212629, t_ads: 20.7, t_des: 19.7, bed_util_ads: 0.493, bed_util_des: 0.493, des_th: 0.49296143435114487,frac_lost: 0.105, li_recovered:  8.597, time: 0.005062246998932096
L: 0.50, u_super: 0.00467, sec: 256.434, prod: 0.105107, t_ads: 41.7, t_des: 37.1, bed_util_ads: 0.499, bed_util_des: 0.499, des_th: 0.49908977702341084,frac_lost: 0.105, li_recovered:  8.277, time: 0.004515080001510796
L: 0.50, u_super: 0.00698, sec: 393.338, prod: 0.157780, t_ads: 28.0, t_des: 25.4, bed_util_ads: 0.498, bed_util_des: 0.498, des_th: 0.4982668419846261,frac_lost: 0.107, li_recovered:  8.434, time: 0.007412372999169747
L: 23.99, u_super: 0.00990 — INFEASIBLE (li_recovered=0.000e+00), time: 0.002532219999920926
L: 0.50, u_super: 0.00870, sec: 581.005, prod: 0.169526, t_ads: 22.4, t_des: 29.0, bed_util_ads: 0.454, bed_util_des: 0.454, des_th: 0.4535391049091772,frac_lost: 0.102, li_recovered:  8.711, time: 0.008396721999815782
L: 0.50, u_super: 0.00820, sec: 475.571, prod: 0.182634, t_ads: 23.9, t_des: 23.4, bed_util_ads: 0.489, bed_util_des: 0.489, des_th: 0.4890397039342864,frac_lost: 0.108, li_recovered:  8.649, time: 0.005765063000580994
L: 0.50, u_super: 0.00347, sec: 189.592, prod: 0.077213, t_ads: 56.0, t_des: 54.2, bed_util_ads: 0.488, bed_util_des: 0.487, des_th: 0.48718920353850814,frac_lost: 0.106, li_recovered:  8.506, time: 0.008899427000869764
L: 0.50, u_super: 0.00467, sec: 278.034, prod: 0.096941, t_ads: 41.5, t_des: 47.7, bed_util_ads: 0.468, bed_util_des: 0.467, des_th: 0.46741564905622457,frac_lost: 0.102, li_recovered:  8.647, time: 0.008359040999494027
L: 0.50, u_super: 0.00773, sec: 439.413, prod: 0.174553, t_ads: 25.4, t_des: 23.0, bed_util_ads: 0.499, bed_util_des: 0.499, des_th: 0.4990055658309733,frac_lost: 0.109, li_recovered:  8.443, time: 0.006765170999642578
L: 20.78, u_super: 0.00005 — INFEASIBLE (li_recovered=0.000e+00), time: 0.0012905909989058273
L: 0.50, u_super: 0.00959, sec: 556.709, prod: 0.217480, t_ads: 20.3, t_des: 18.7, bed_util_ads: 0.497, bed_util_des: 0.497, des_th: 0.49705625269047965,frac_lost: 0.104, li_recovered:  8.491, time: 0.007980929000041215
L: 0.50, u_super: 0.00061, sec: 34.355, prod: 0.012560, t_ads: 302.8, t_des: 279.1, bed_util_ads: 0.472, bed_util_des: 0.471, des_th: 0.47072360399803026,frac_lost: 0.106, li_recovered:  7.309, time: 0.007044476000373834
L: 0.50, u_super: 0.00557, sec: 307.709, prod: 0.125903, t_ads: 34.8, t_des: 32.0, bed_util_ads: 0.497, bed_util_des: 0.497, des_th: 0.4969980741897733,frac_lost: 0.102, li_recovered:  8.411, time: 0.007520389001001604
L: 11.76, u_super: 0.00206 — INFEASIBLE (li_recovered=0.000e+00), time: 0.0018145110007026233
L: 0.50, u_super: 0.00085 — INFEASIBLE (li_recovered=0.000e+00), time: 0.0032769749996077735
L: 0.50, u_super: 0.00893, sec: 515.104, prod: 0.201973, t_ads: 21.9, t_des: 20.4, bed_util_ads: 0.497, bed_util_des: 0.496, des_th: 0.4964331481645935,frac_lost: 0.105, li_recovered:  8.535, time: 0.006673513000350795
L: 0.50, u_super: 0.00005, sec: 4.376, prod: 0.000662, t_ads: 3604.6, t_des: 6867.0, bed_util_ads: 0.245, bed_util_des: 0.166, des_th: 0.16617891249423955,frac_lost: 0.100, li_recovered:  6.929, time: 0.008981322000181535
L: 0.50, u_super: 0.00649, sec: 364.059, prod: 0.146318, t_ads: 30.2, t_des: 27.7, bed_util_ads: 0.497, bed_util_des: 0.497, des_th: 0.49701395282407274,frac_lost: 0.109, li_recovered:  8.477, time: 0.007522394000261556
L: 0.50, u_super: 0.00317, sec: 170.914, prod: 0.071006, t_ads: 60.9, t_des: 54.9, bed_util_ads: 0.497, bed_util_des: 0.496, des_th: 0.4964374246343351,frac_lost: 0.101, li_recovered:  8.218, time: 0.0046899879998818506
L: 0.50, u_super: 0.00507, sec: 278.955, prod: 0.114471, t_ads: 38.3, t_des: 34.6, bed_util_ads: 0.498, bed_util_des: 0.498, des_th: 0.4978150435374972,frac_lost: 0.103, li_recovered:  8.347, time: 0.005577599999014637
L: 0.50, u_super: 0.00120, sec: 67.397, prod: 0.025225, t_ads: 157.6, t_des: 129.4, bed_util_ads: 0.498, bed_util_des: 0.498, des_th: 0.4984338687675706,frac_lost: 0.105, li_recovered:  7.239, time: 0.0038094970004749484
L: 0.50, u_super: 0.00077 — INFEASIBLE (li_recovered=0.000e+00), time: 0.0026353260000178125
L: 0.50, u_super: 0.00491, sec: 269.735, prod: 0.110777, t_ads: 39.6, t_des: 36.2, bed_util_ads: 0.497, bed_util_des: 0.497, des_th: 0.4966061089898116,frac_lost: 0.104, li_recovered:  8.392, time: 0.005906666001465055
L: 0.50, u_super: 0.00195, sec: 105.484, prod: 0.042682, t_ads: 98.1, t_des: 84.9, bed_util_ads: 0.498, bed_util_des: 0.498, des_th: 0.4982739964762656,frac_lost: 0.100, li_recovered:  7.810, time: 0.005423706001238315
L: 0.50, u_super: 0.00076 — INFEASIBLE (li_recovered=0.000e+00), time: 0.003487203000986483
L: 0.50, u_super: 0.00340, sec: 184.323, prod: 0.076188, t_ads: 57.2, t_des: 51.7, bed_util_ads: 0.496, bed_util_des: 0.496, des_th: 0.4961387545488368,frac_lost: 0.107, li_recovered:  8.292, time: 0.004601499000273179
L: 0.50, u_super: 0.00152, sec: 83.699, prod: 0.032731, t_ads: 125.8, t_des: 105.9, bed_util_ads: 0.499, bed_util_des: 0.498, des_th: 0.49829930424651653,frac_lost: 0.107, li_recovered:  7.582, time: 0.004213513000649982
L: 0.50, u_super: 0.00880, sec: 507.017, prod: 0.198988, t_ads: 22.2, t_des: 20.6, bed_util_ads: 0.496, bed_util_des: 0.496, des_th: 0.49628814985560904,frac_lost: 0.106, li_recovered:  8.529, time: 0.005706214000383625
L: 0.50, u_super: 0.00069 — INFEASIBLE (li_recovered=0.000e+00), time: 0.002413913998680073
L: 0.50, u_super: 0.00990, sec: 577.317, prod: 0.224303, t_ads: 19.7, t_des: 18.3, bed_util_ads: 0.496, bed_util_des: 0.496, des_th: 0.4958709466399027,frac_lost: 0.104, li_recovered:  8.529, time: 0.004675778000091668
L: 0.50, u_super: 0.00985, sec: 573.952, prod: 0.222993, t_ads: 19.9, t_des: 18.2, bed_util_ads: 0.498, bed_util_des: 0.498, des_th: 0.49824531329456667,frac_lost: 0.107, li_recovered:  8.493, time: 0.0057684740004333435
L: 46.45, u_super: 0.00577 — INFEASIBLE (li_recovered=0.000e+00), time: 0.0010220469994237646
L: 0.50, u_super: 0.00612, sec: 340.674, prod: 0.138294, t_ads: 31.7, t_des: 28.3, bed_util_ads: 0.500, bed_util_des: 0.499, des_th: 0.49945072289125086,frac_lost: 0.102, li_recovered:  8.306, time: 0.005748717998358188
L: 0.50, u_super: 0.00417, sec: 241.328, prod: 0.088574, t_ads: 46.6, t_des: 50.8, bed_util_ads: 0.474, bed_util_des: 0.474, des_th: 0.4736822903065571,frac_lost: 0.105, li_recovered:  8.630, time: 0.005520132999663474
L: 0.50, u_super: 0.00298, sec: 168.651, prod: 0.063674, t_ads: 65.2, t_des: 69.4, bed_util_ads: 0.475, bed_util_des: 0.474, des_th: 0.4743859450351246,frac_lost: 0.107, li_recovered:  8.569, time: 0.005464453999593388
L: 0.50, u_super: 0.00589, sec: 327.149, prod: 0.133218, t_ads: 32.9, t_des: 30.6, bed_util_ads: 0.495, bed_util_des: 0.495, des_th: 0.4951317855925325,frac_lost: 0.102, li_recovered:  8.469, time: 0.005019198000809411
L: 3.53, u_super: 0.00510 — INFEASIBLE (li_recovered=0.000e+00), time: 0.0023294350012292853
   372 |    14880 |     40 |  0.0024001254 |             f
L: 0.50, u_super: 0.00005, sec: 4.706, prod: 0.000734, t_ads: 3217.3, t_des: 5674.5, bed_util_ads: 0.255, bed_util_des: 0.185, des_th: 0.1851696623157332,frac_lost: 0.103, li_recovered:  6.527, time: 0.007641972000783426
L: 0.50, u_super: 0.00632, sec: 352.976, prod: 0.142887, t_ads: 30.8, t_des: 27.8, bed_util_ads: 0.498, bed_util_des: 0.498, des_th: 0.4982668419846261,frac_lost: 0.104, li_recovered:  8.374, time: 0.0044920979999005795
L: 0.50, u_super: 0.00467, sec: 264.226, prod: 0.102007, t_ads: 41.6, t_des: 43.0, bed_util_ads: 0.480, bed_util_des: 0.480, des_th: 0.4799902820029224,frac_lost: 0.103, li_recovered:  8.624, time: 0.00742346300103236
L: 0.50, u_super: 0.00137, sec: 74.700, prod: 0.029806, t_ads: 139.1, t_des: 122.1, bed_util_ads: 0.493, bed_util_des: 0.493, des_th: 0.49291616145156264,frac_lost: 0.107, li_recovered:  7.786, time: 0.004994446999262436
L: 0.50, u_super: 0.00210, sec: 113.119, prod: 0.046264, t_ads: 92.2, t_des: 81.3, bed_util_ads: 0.496, bed_util_des: 0.496, des_th: 0.49555771996676107,frac_lost: 0.107, li_recovered:  8.026, time: 0.005786824000097113
L: 0.50, u_super: 0.00027 — INFEASIBLE (li_recovered=0.000e+00), time: 0.0018314689987164456
L: 0.50, u_super: 0.00187, sec: 101.551, prod: 0.040991, t_ads: 102.2, t_des: 88.4, bed_util_ads: 0.498, bed_util_des: 0.497, des_th: 0.4974778797539985,frac_lost: 0.102, li_recovered:  7.812, time: 0.004064927999934298
L: 0.50, u_super: 0.00156, sec: 87.589, prod: 0.032674, t_ads: 123.2, t_des: 133.3, bed_util_ads: 0.467, bed_util_des: 0.466, des_th: 0.46569912890200876,frac_lost: 0.104, li_recovered:  8.382, time: 0.006181710001328611
L: 0.50, u_super: 0.00105, sec: 58.619, prod: 0.022164, t_ads: 179.2, t_des: 151.5, bed_util_ads: 0.493, bed_util_des: 0.493, des_th: 0.4932747910487712,frac_lost: 0.105, li_recovered:  7.329, time: 0.004277572999853874
L: 0.50, u_super: 0.00284, sec: 153.449, prod: 0.063440, t_ads: 67.8, t_des: 60.2, bed_util_ads: 0.498, bed_util_des: 0.497, des_th: 0.49753459866557714,frac_lost: 0.102, li_recovered:  8.120, time: 0.004986484000255587
L: 0.50, u_super: 0.00147, sec: 356.777, prod: 0.007155, t_ads: 133.3, t_des: 1089.4, bed_util_ads: 0.240, bed_util_des: 0.225, des_th: 0.22541051824675093,frac_lost: 0.102, li_recovered:  8.748, time: 0.021010706999732065
L: 0.50, u_super: 0.00394, sec: 234.121, prod: 0.081031, t_ads: 49.4, t_des: 57.1, bed_util_ads: 0.466, bed_util_des: 0.465, des_th: 0.4652870427191442,frac_lost: 0.105, li_recovered:  8.629, time: 0.0065828179995151
L: 16.31, u_super: 0.00205 — INFEASIBLE (li_recovered=0.000e+00), time: 0.0012416760000633076
L: 0.50, u_super: 0.00417, sec: 227.800, prod: 0.093834, t_ads: 46.7, t_des: 42.5, bed_util_ads: 0.497, bed_util_des: 0.496, des_th: 0.4965306119653266,frac_lost: 0.107, li_recovered:  8.367, time: 0.0038239990008150926
L: 0.50, u_super: 0.00822, sec: 533.152, prod: 0.163872, t_ads: 23.7, t_des: 29.4, bed_util_ads: 0.460, bed_util_des: 0.459, des_th: 0.4592313471958269,frac_lost: 0.104, li_recovered:  8.707, time: 0.004534314000920858
L: 0.50, u_super: 0.00464, sec: 254.899, prod: 0.104461, t_ads: 41.9, t_des: 37.3, bed_util_ads: 0.499, bed_util_des: 0.499, des_th: 0.4993009945711384,frac_lost: 0.106, li_recovered:  8.276, time: 0.003600025000196183
L: 0.50, u_super: 0.00797, sec: 453.104, prod: 0.180597, t_ads: 24.4, t_des: 22.5, bed_util_ads: 0.497, bed_util_des: 0.497, des_th: 0.49651525970134813,frac_lost: 0.102, li_recovered:  8.479, time: 0.0040212840012827655
L: 0.50, u_super: 0.00340, sec: 184.163, prod: 0.075943, t_ads: 56.7, t_des: 49.9, bed_util_ads: 0.499, bed_util_des: 0.499, des_th: 0.49905159754841916,frac_lost: 0.100, li_recovered:  8.102, time: 0.004361590999906184
L: 0.50, u_super: 0.00989, sec: 577.625, prod: 0.223874, t_ads: 19.7, t_des: 18.6, bed_util_ads: 0.494, bed_util_des: 0.494, des_th: 0.49408306930022705,frac_lost: 0.103, li_recovered:  8.566, time: 0.003991972000221722
L: 42.31, u_super: 0.00888 — INFEASIBLE (li_recovered=0.000e+00), time: 0.001078344001143705
L: 0.50, u_super: 0.00765, sec: 433.492, prod: 0.173548, t_ads: 25.4, t_des: 23.5, bed_util_ads: 0.497, bed_util_des: 0.496, des_th: 0.49651525970134813,frac_lost: 0.101, li_recovered:  8.475, time: 0.004121936000956339
L: 0.50, u_super: 0.00356, sec: 193.735, prod: 0.079603, t_ads: 54.7, t_des: 48.3, bed_util_ads: 0.500, bed_util_des: 0.499, des_th: 0.4994783171995728,frac_lost: 0.108, li_recovered:  8.201, time: 0.003979545999754919
L: 0.50, u_super: 0.00685, sec: 385.882, prod: 0.154574, t_ads: 28.6, t_des: 26.2, bed_util_ads: 0.497, bed_util_des: 0.497, des_th: 0.4969980741897733,frac_lost: 0.109, li_recovered:  8.477, time: 0.003792650999457692
L: 0.50, u_super: 0.00987, sec: 575.129, prod: 0.223672, t_ads: 19.8, t_des: 18.0, bed_util_ads: 0.499, bed_util_des: 0.499, des_th: 0.49939149770368874,frac_lost: 0.106, li_recovered:  8.459, time: 0.0037965850006003166
L: 0.50, u_super: 0.00887, sec: 3635.027, prod: 0.028254, t_ads: 22.1, t_des: 288.6, bed_util_ads: 0.208, bed_util_des: 0.205, des_th: 0.20486935769344175,frac_lost: 0.104, li_recovered:  8.778, time: 0.025743336998857558
L: 0.50, u_super: 0.00758, sec: 490.718, prod: 0.150097, t_ads: 25.8, t_des: 32.2, bed_util_ads: 0.460, bed_util_des: 0.459, des_th: 0.4589437254040905,frac_lost: 0.107, li_recovered:  8.706, time: 0.005155369999556569
L: 0.50, u_super: 0.00352, sec: 210.933, prod: 0.071200, t_ads: 55.3, t_des: 65.7, bed_util_ads: 0.462, bed_util_des: 0.461, des_th: 0.46061483448304913,frac_lost: 0.105, li_recovered:  8.613, time: 0.004672592000133591
L: 0.50, u_super: 0.00532, sec: 292.938, prod: 0.120158, t_ads: 36.5, t_des: 33.1, bed_util_ads: 0.498, bed_util_des: 0.498, des_th: 0.4976875201435103,frac_lost: 0.102, li_recovered:  8.365, time: 0.005328455001290422
L: 0.50, u_super: 0.00318, sec: 176.735, prod: 0.069146, t_ads: 61.2, t_des: 62.6, bed_util_ads: 0.480, bed_util_des: 0.479, des_th: 0.47916783615675507,frac_lost: 0.107, li_recovered:  8.561, time: 0.004233658999510226
L: 0.50, u_super: 0.00013 — INFEASIBLE (li_recovered=0.000e+00), time: 0.00118253700020432
L: 0.50, u_super: 0.00061 — INFEASIBLE (li_recovered=0.000e+00), time: 0.00202435100072762
L: 0.50, u_super: 0.00701, sec: 393.698, prod: 0.158931, t_ads: 27.7, t_des: 25.4, bed_util_ads: 0.497, bed_util_des: 0.497, des_th: 0.4969934486698468,frac_lost: 0.101, li_recovered:  8.431, time: 0.005275412000628421
L: 0.50, u_super: 0.00785, sec: 446.652, prod: 0.177413, t_ads: 24.7, t_des: 23.5, bed_util_ads: 0.493, bed_util_des: 0.493, des_th: 0.4932800550802948,frac_lost: 0.101, li_recovered:  8.555, time: 0.0043376339999667834
L: 0.50, u_super: 0.00628, sec: 349.749, prod: 0.142152, t_ads: 30.9, t_des: 28.3, bed_util_ads: 0.497, bed_util_des: 0.496, des_th: 0.4964404683600352,frac_lost: 0.101, li_recovered:  8.420, time: 0.004339819000961143
L: 0.50, u_super: 0.00746, sec: 422.934, prod: 0.168761, t_ads: 26.2, t_des: 23.5, bed_util_ads: 0.500, bed_util_des: 0.500, des_th: 0.4999791419032054,frac_lost: 0.107, li_recovered:  8.391, time: 0.0050006159999611555
L: 0.50, u_super: 0.00739, sec: 419.209, prod: 0.166794, t_ads: 26.5, t_des: 24.6, bed_util_ads: 0.497, bed_util_des: 0.496, des_th: 0.4964374246343351,frac_lost: 0.108, li_recovered:  8.522, time: 0.005373612000767025
L: 0.50, u_super: 0.00006, sec: 5.108, prod: 0.000770, t_ads: 2609.6, t_des: 3904.0, bed_util_ads: 0.267, bed_util_des: 0.222, des_th: 0.2224499399601693,frac_lost: 0.101, li_recovered:  5.013, time: 0.005157612000402878
L: 0.50, u_super: 0.00880, sec: 506.646, prod: 0.199134, t_ads: 22.3, t_des: 20.2, bed_util_ads: 0.499, bed_util_des: 0.499, des_th: 0.4990665948756719,frac_lost: 0.107, li_recovered:  8.449, time: 0.004460759000721737
L: 0.50, u_super: 0.00435, sec: 237.771, prod: 0.097947, t_ads: 44.7, t_des: 40.5, bed_util_ads: 0.497, bed_util_des: 0.496, des_th: 0.4963964157584812,frac_lost: 0.105, li_recovered:  8.339, time: 0.004473138000321342
L: 0.50, u_super: 0.00532, sec: 292.875, prod: 0.120183, t_ads: 36.4, t_des: 33.2, bed_util_ads: 0.498, bed_util_des: 0.498, des_th: 0.49779722276746924,frac_lost: 0.101, li_recovered:  8.365, time: 0.004256812999301474
   373 |    14920 |     40 |  0.0042877857 |             f
L: 0.50, u_super: 0.00988, sec: 581.763, prod: 0.221799, t_ads: 19.7, t_des: 19.2, bed_util_ads: 0.490, bed_util_des: 0.490, des_th: 0.49029246533871823,frac_lost: 0.103, li_recovered:  8.641, time: 0.004493614000239177
L: 0.50, u_super: 0.00739, sec: 423.105, prod: 0.165258, t_ads: 26.5, t_des: 25.7, bed_util_ads: 0.490, bed_util_des: 0.490, des_th: 0.48988433931290826,frac_lost: 0.107, li_recovered:  8.623, time: 0.004674231999160838
L: 0.50, u_super: 0.00033 — INFEASIBLE (li_recovered=0.000e+00), time: 0.00243029300145281
L: 0.50, u_super: 0.00064 — INFEASIBLE (li_recovered=0.000e+00), time: 0.002662715000042226
L: 0.50, u_super: 0.00085 — INFEASIBLE (li_recovered=0.000e+00), time: 0.002370272999542067
L: 0.50, u_super: 0.00697, sec: 392.931, prod: 0.157544, t_ads: 28.0, t_des: 25.7, bed_util_ads: 0.497, bed_util_des: 0.497, des_th: 0.4969934486698468,frac_lost: 0.107, li_recovered:  8.471, time: 0.004956685999786714
L: 0.50, u_super: 0.00959, sec: 556.868, prod: 0.217418, t_ads: 20.4, t_des: 18.7, bed_util_ads: 0.498, bed_util_des: 0.498, des_th: 0.49772663794715605,frac_lost: 0.105, li_recovered:  8.491, time: 0.004709250000814791
L: 43.48, u_super: 0.00933 — INFEASIBLE (li_recovered=0.000e+00), time: 0.0016371710007661022
L: 16.36, u_super: 0.00345 — INFEASIBLE (li_recovered=0.000e+00), time: 0.0014055290012038313
L: 0.50, u_super: 0.00361, sec: 196.160, prod: 0.080706, t_ads: 53.9, t_des: 47.7, bed_util_ads: 0.500, bed_util_des: 0.499, des_th: 0.4993839079202223,frac_lost: 0.107, li_recovered:  8.199, time: 0.00512730600166833
L: 0.50, u_super: 0.00880, sec: 506.527, prod: 0.199180, t_ads: 22.2, t_des: 20.1, bed_util_ads: 0.499, bed_util_des: 0.499, des_th: 0.49905159754841916,frac_lost: 0.107, li_recovered:  8.442, time: 0.004110845999093726
L: 0.50, u_super: 0.00610, sec: 339.411, prod: 0.138140, t_ads: 31.8, t_des: 29.5, bed_util_ads: 0.495, bed_util_des: 0.495, des_th: 0.49511679922037055,frac_lost: 0.101, li_recovered:  8.460, time: 0.005030733000239707
L: 0.50, u_super: 0.00489, sec: 268.628, prod: 0.110304, t_ads: 39.8, t_des: 36.3, bed_util_ads: 0.497, bed_util_des: 0.497, des_th: 0.4969756894661166,frac_lost: 0.104, li_recovered:  8.390, time: 0.005520201999388519
L: 49.95, u_super: 0.00085 — INFEASIBLE (li_recovered=0.000e+00), time: 0.0010051480003312463
L: 0.50, u_super: 0.00565, sec: 313.052, prod: 0.127645, t_ads: 34.3, t_des: 32.2, bed_util_ads: 0.493, bed_util_des: 0.493, des_th: 0.49291616145156264,frac_lost: 0.101, li_recovered:  8.489, time: 0.004522582999925362
L: 0.50, u_super: 0.00019, sec: 23.526, prod: 0.001753, t_ads: 1031.6, t_des: 3741.1, bed_util_ads: 0.265, bed_util_des: 0.206, des_th: 0.20627983625201957,frac_lost: 0.101, li_recovered:  8.366, time: 0.010429578000184847
L: 0.50, u_super: 0.00267, sec: 144.093, prod: 0.059505, t_ads: 72.3, t_des: 64.3, bed_util_ads: 0.497, bed_util_des: 0.497, des_th: 0.4970362930860233,frac_lost: 0.104, li_recovered:  8.125, time: 0.004466604001208907
L: 36.59, u_super: 0.00532 — INFEASIBLE (li_recovered=0.000e+00), time: 0.00097892200028582
L: 0.50, u_super: 0.00990, sec: 576.512, prod: 0.224382, t_ads: 19.7, t_des: 17.9, bed_util_ads: 0.500, bed_util_des: 0.499, des_th: 0.4994518299951036,frac_lost: 0.105, li_recovered:  8.447, time: 0.004472980999707943
L: 0.50, u_super: 0.00238, sec: 127.818, prod: 0.052924, t_ads: 81.2, t_des: 74.7, bed_util_ads: 0.492, bed_util_des: 0.492, des_th: 0.49157044060779387,frac_lost: 0.105, li_recovered:  8.254, time: 0.007133982999221189
L: 0.50, u_super: 0.00567, sec: 2496.016, prod: 0.016088, t_ads: 34.6, t_des: 511.2, bed_util_ads: 0.197, bed_util_des: 0.192, des_th: 0.1922285544807557,frac_lost: 0.103, li_recovered:  8.780, time: 0.043002266000257805
L: 0.50, u_super: 0.00342, sec: 185.232, prod: 0.076558, t_ads: 56.9, t_des: 51.5, bed_util_ads: 0.497, bed_util_des: 0.496, des_th: 0.4964374246343351,frac_lost: 0.107, li_recovered:  8.302, time: 0.005323886000041966
L: 0.50, u_super: 0.00149, sec: 83.842, prod: 0.031190, t_ads: 128.9, t_des: 139.4, bed_util_ads: 0.468, bed_util_des: 0.466, des_th: 0.4659866560748847,frac_lost: 0.105, li_recovered:  8.368, time: 0.007863746001021354
L: 0.50, u_super: 0.00895, sec: 591.150, prod: 0.176797, t_ads: 21.8, t_des: 27.5, bed_util_ads: 0.458, bed_util_des: 0.457, des_th: 0.45720521058571617,frac_lost: 0.103, li_recovered:  8.712, time: 0.007520118000684306
L: 9.31, u_super: 0.00585 — INFEASIBLE (li_recovered=0.000e+00), time: 0.0036232410002412507
L: 0.50, u_super: 0.00921, sec: 532.417, prod: 0.208697, t_ads: 21.2, t_des: 19.5, bed_util_ads: 0.497, bed_util_des: 0.497, des_th: 0.4970119658697137,frac_lost: 0.105, li_recovered:  8.489, time: 0.006893974999911734
L: 22.35, u_super: 0.00510 — INFEASIBLE (li_recovered=0.000e+00), time: 0.0013618510001833783
L: 0.50, u_super: 0.00491, sec: 269.735, prod: 0.110777, t_ads: 39.6, t_des: 36.2, bed_util_ads: 0.497, bed_util_des: 0.497, des_th: 0.4966061089898116,frac_lost: 0.104, li_recovered:  8.392, time: 0.003808517998550087
L: 0.50, u_super: 0.00990, sec: 577.790, prod: 0.224119, t_ads: 19.7, t_des: 18.4, bed_util_ads: 0.497, bed_util_des: 0.496, des_th: 0.49647460373746155,frac_lost: 0.105, li_recovered:  8.541, time: 0.005994080998789286
L: 0.50, u_super: 0.00373, sec: 202.658, prod: 0.083728, t_ads: 52.1, t_des: 47.7, bed_util_ads: 0.496, bed_util_des: 0.495, des_th: 0.4952140525508296,frac_lost: 0.107, li_recovered:  8.356, time: 0.003957820999858086
L: 56.45, u_super: 0.00023 — INFEASIBLE (li_recovered=0.000e+00), time: 0.000853153000207385
L: 0.50, u_super: 0.00703, sec: 395.334, prod: 0.159215, t_ads: 27.6, t_des: 25.5, bed_util_ads: 0.497, bed_util_des: 0.497, des_th: 0.49662386819354176,frac_lost: 0.102, li_recovered:  8.469, time: 0.003953557999921031
L: 0.50, u_super: 0.00739, sec: 419.132, prod: 0.166824, t_ads: 26.5, t_des: 24.5, bed_util_ads: 0.497, bed_util_des: 0.496, des_th: 0.4964374246343351,frac_lost: 0.108, li_recovered:  8.515, time: 0.006086477998906048
L: 0.50, u_super: 0.00061, sec: 35.169, prod: 0.012270, t_ads: 305.3, t_des: 330.7, bed_util_ads: 0.451, bed_util_des: 0.446, des_th: 0.44625186168655034,frac_lost: 0.106, li_recovered:  7.803, time: 0.004794948999915505
L: 36.06, u_super: 0.00144 — INFEASIBLE (li_recovered=0.000e+00), time: 0.0008276680000562919
L: 0.50, u_super: 0.00612, sec: 340.481, prod: 0.138372, t_ads: 31.7, t_des: 28.3, bed_util_ads: 0.500, bed_util_des: 0.499, des_th: 0.49945072289125086,frac_lost: 0.100, li_recovered:  8.302, time: 0.0050610870002856245
L: 0.50, u_super: 0.00959, sec: 557.450, prod: 0.217190, t_ads: 20.4, t_des: 18.5, bed_util_ads: 0.499, bed_util_des: 0.499, des_th: 0.4993227124307843,frac_lost: 0.107, li_recovered:  8.451, time: 0.005035308999140398
L: 0.50, u_super: 0.00831, sec: 475.681, prod: 0.187964, t_ads: 23.5, t_des: 21.6, bed_util_ads: 0.497, bed_util_des: 0.497, des_th: 0.4970119658697137,frac_lost: 0.107, li_recovered:  8.490, time: 0.006516962999739917
L: 50.78, u_super: 0.00550 — INFEASIBLE (li_recovered=0.000e+00), time: 0.001821179999751621
L: 0.50, u_super: 0.00987, sec: 585.767, prod: 0.219609, t_ads: 19.8, t_des: 19.7, bed_util_ads: 0.488, bed_util_des: 0.488, des_th: 0.48761820650184423,frac_lost: 0.105, li_recovered:  8.672, time: 0.008133543000440113
   374 |    14960 |     40 |  0.0014144810 |             f
L: 0.50, u_super: 0.00061 — INFEASIBLE (li_recovered=0.000e+00), time: 0.002110568999341922
L: 0.50, u_super: 0.00005, sec: 4.331, prod: 0.000669, t_ads: 3400.5, t_des: 5784.7, bed_util_ads: 0.251, bed_util_des: 0.185, des_th: 0.1851696623157332,frac_lost: 0.100, li_recovered:  6.140, time: 0.008322771998791723
L: 0.50, u_super: 0.00929, sec: 538.433, prod: 0.210203, t_ads: 21.1, t_des: 19.5, bed_util_ads: 0.497, bed_util_des: 0.497, des_th: 0.4970119658697137,frac_lost: 0.106, li_recovered:  8.529, time: 0.005344074001186527
L: 19.55, u_super: 0.00990 — INFEASIBLE (li_recovered=0.000e+00), time: 0.0017442570006096503
L: 0.50, u_super: 0.00649, sec: 363.742, prod: 0.146446, t_ads: 30.2, t_des: 27.3, bed_util_ads: 0.498, bed_util_des: 0.498, des_th: 0.4982021571954673,frac_lost: 0.108, li_recovered:  8.421, time: 0.006304415999693447
L: 16.24, u_super: 0.00873 — INFEASIBLE (li_recovered=0.000e+00), time: 0.002352440000322531
L: 0.50, u_super: 0.00169, sec: 91.169, prod: 0.037119, t_ads: 113.1, t_des: 100.5, bed_util_ads: 0.493, bed_util_des: 0.493, des_th: 0.49279734701270317,frac_lost: 0.103, li_recovered:  7.930, time: 0.005873227999472874
L: 0.50, u_super: 0.00532, sec: 292.875, prod: 0.120183, t_ads: 36.4, t_des: 33.2, bed_util_ads: 0.498, bed_util_des: 0.498, des_th: 0.49779722276746924,frac_lost: 0.101, li_recovered:  8.365, time: 0.005236498998783645
L: 0.50, u_super: 0.00931, sec: 539.082, prod: 0.210893, t_ads: 21.0, t_des: 19.0, bed_util_ads: 0.499, bed_util_des: 0.499, des_th: 0.49866970320452914,frac_lost: 0.106, li_recovered:  8.448, time: 0.004453944999113446
L: 0.50, u_super: 0.00803, sec: 458.260, prod: 0.181778, t_ads: 24.3, t_des: 22.6, bed_util_ads: 0.496, bed_util_des: 0.496, des_th: 0.49609615141519675,frac_lost: 0.104, li_recovered:  8.520, time: 0.0060633699995378265
L: 0.50, u_super: 0.00021, sec: 25.835, prod: 0.001990, t_ads: 920.2, t_des: 3268.6, bed_util_ads: 0.272, bed_util_des: 0.218, des_th: 0.21806843009048513,frac_lost: 0.101, li_recovered:  8.336, time: 0.012483194999731495
L: 0.50, u_super: 0.00559, sec: 308.949, prod: 0.126535, t_ads: 34.6, t_des: 31.4, bed_util_ads: 0.498, bed_util_des: 0.498, des_th: 0.49779722276746924,frac_lost: 0.100, li_recovered:  8.359, time: 0.005470975998832728
L: 0.50, u_super: 0.00195, sec: 105.371, prod: 0.042947, t_ads: 97.9, t_des: 85.8, bed_util_ads: 0.497, bed_util_des: 0.496, des_th: 0.4965707726213916,frac_lost: 0.100, li_recovered:  7.889, time: 0.005381160000979435
L: 0.50, u_super: 0.00837, sec: 479.029, prod: 0.189389, t_ads: 23.4, t_des: 21.5, bed_util_ads: 0.498, bed_util_des: 0.497, des_th: 0.4974778797539985,frac_lost: 0.106, li_recovered:  8.490, time: 0.004749887000798481
L: 0.50, u_super: 0.00061, sec: 39.670, prod: 0.010878, t_ads: 309.3, t_des: 425.6, bed_util_ads: 0.420, bed_util_des: 0.412, des_th: 0.4121526864264222,frac_lost: 0.107, li_recovered:  7.994, time: 0.005816675000460236
L: 11.24, u_super: 0.00417 — INFEASIBLE (li_recovered=0.000e+00), time: 0.0019372719998500543
L: 0.50, u_super: 0.00785, sec: 446.652, prod: 0.177413, t_ads: 24.7, t_des: 23.5, bed_util_ads: 0.493, bed_util_des: 0.493, des_th: 0.4932800550802948,frac_lost: 0.101, li_recovered:  8.555, time: 0.005833585000800667
L: 0.50, u_super: 0.00439, sec: 239.789, prod: 0.098839, t_ads: 44.3, t_des: 40.5, bed_util_ads: 0.497, bed_util_des: 0.496, des_th: 0.4964571044161933,frac_lost: 0.105, li_recovered:  8.375, time: 0.004510868999204831
L: 0.50, u_super: 0.00238, sec: 136.670, prod: 0.049496, t_ads: 81.2, t_des: 91.0, bed_util_ads: 0.467, bed_util_des: 0.466, des_th: 0.466202584327968,frac_lost: 0.104, li_recovered:  8.525, time: 0.005607215000054566
L: 0.50, u_super: 0.00417, sec: 227.530, prod: 0.093945, t_ads: 46.5, t_des: 42.5, bed_util_ads: 0.497, bed_util_des: 0.496, des_th: 0.4965306119653266,frac_lost: 0.105, li_recovered:  8.362, time: 0.0048663600009604124
L: 0.50, u_super: 0.00785, sec: 445.312, prod: 0.177947, t_ads: 24.8, t_des: 22.9, bed_util_ads: 0.497, bed_util_des: 0.496, des_th: 0.4964540268386039,frac_lost: 0.101, li_recovered:  8.477, time: 0.005268417999104713
L: 0.50, u_super: 0.00285, sec: 153.853, prod: 0.063764, t_ads: 67.7, t_des: 63.6, bed_util_ads: 0.491, bed_util_des: 0.490, des_th: 0.49020575460471105,frac_lost: 0.103, li_recovered:  8.372, time: 0.004304935999243753
L: 0.50, u_super: 0.00491, sec: 270.595, prod: 0.110425, t_ads: 39.6, t_des: 37.4, bed_util_ads: 0.492, bed_util_des: 0.491, des_th: 0.49141163180814823,frac_lost: 0.104, li_recovered:  8.504, time: 0.0074729969983309275
L: 0.50, u_super: 0.00092 — INFEASIBLE (li_recovered=0.000e+00), time: 0.002809851999700186
L: 0.50, u_super: 0.00192, sec: 104.315, prod: 0.042136, t_ads: 99.5, t_des: 86.0, bed_util_ads: 0.498, bed_util_des: 0.498, des_th: 0.49759669243355215,frac_lost: 0.102, li_recovered:  7.816, time: 0.0053913480005576275
L: 0.50, u_super: 0.00921, sec: 532.598, prod: 0.208626, t_ads: 21.2, t_des: 19.5, bed_util_ads: 0.497, bed_util_des: 0.497, des_th: 0.4970119658697137,frac_lost: 0.105, li_recovered:  8.498, time: 0.004137419999096892
L: 70.01, u_super: 0.00394 — INFEASIBLE (li_recovered=0.000e+00), time: 0.000668873999529751
L: 15.79, u_super: 0.00649 — INFEASIBLE (li_recovered=0.000e+00), time: 0.0018439249997754814
L: 0.50, u_super: 0.00019, sec: 26.974, prod: 0.001538, t_ads: 1048.9, t_des: 4532.9, bed_util_ads: 0.251, bed_util_des: 0.186, des_th: 0.18593229792695434,frac_lost: 0.104, li_recovered:  8.582, time: 0.011765558001570753
L: 0.50, u_super: 0.00914, sec: 528.243, prod: 0.207026, t_ads: 21.4, t_des: 19.6, bed_util_ads: 0.498, bed_util_des: 0.498, des_th: 0.49824531329456667,frac_lost: 0.106, li_recovered:  8.492, time: 0.004764026998600457
L: 0.50, u_super: 0.00678, sec: 383.014, prod: 0.152164, t_ads: 28.9, t_des: 27.5, bed_util_ads: 0.493, bed_util_des: 0.493, des_th: 0.4927828134579129,frac_lost: 0.107, li_recovered:  8.578, time: 0.00407936199917458
L: 0.50, u_super: 0.00201, sec: 108.695, prod: 0.044394, t_ads: 94.9, t_des: 83.3, bed_util_ads: 0.497, bed_util_des: 0.497, des_th: 0.4970119658697137,frac_lost: 0.100, li_recovered:  7.910, time: 0.0038275229999271687
L: 0.50, u_super: 0.00100, sec: 54.317, prod: 0.021451, t_ads: 188.5, t_des: 183.1, bed_util_ads: 0.475, bed_util_des: 0.474, des_th: 0.4736641927366406,frac_lost: 0.101, li_recovered:  7.972, time: 0.005207595000683796
L: 0.50, u_super: 0.00343, sec: 185.841, prod: 0.076868, t_ads: 56.7, t_des: 51.3, bed_util_ads: 0.497, bed_util_des: 0.496, des_th: 0.49643565731391065,frac_lost: 0.107, li_recovered:  8.296, time: 0.004943288999129436
L: 46.23, u_super: 0.00703 — INFEASIBLE (li_recovered=0.000e+00), time: 0.0013027630011492874
L: 0.50, u_super: 0.00975, sec: 566.856, prod: 0.221006, t_ads: 20.0, t_des: 18.2, bed_util_ads: 0.499, bed_util_des: 0.499, des_th: 0.4993603838302245,frac_lost: 0.105, li_recovered:  8.450, time: 0.005507742000190774
L: 2.41, u_super: 0.00561, sec: 1602.940, prod: 0.118058, t_ads: 163.0, t_des: 135.3, bed_util_ads: 0.497, bed_util_des: 0.497, des_th: 0.4970119658697137,frac_lost: 0.106, li_recovered:  35.210, time: 0.004038547000163817
L: 0.50, u_super: 0.00717, sec: 404.050, prod: 0.162557, t_ads: 27.1, t_des: 25.1, bed_util_ads: 0.497, bed_util_des: 0.496, des_th: 0.4964374246343351,frac_lost: 0.101, li_recovered:  8.473, time: 0.005391276999944239
L: 0.50, u_super: 0.00790, sec: 450.358, prod: 0.178478, t_ads: 24.8, t_des: 22.8, bed_util_ads: 0.498, bed_util_des: 0.497, des_th: 0.4974039301154364,frac_lost: 0.108, li_recovered:  8.490, time: 0.004531155000222498
L: 0.50, u_super: 0.00103, sec: 56.921, prod: 0.021677, t_ads: 185.1, t_des: 190.6, bed_util_ads: 0.468, bed_util_des: 0.466, des_th: 0.4658593721059517,frac_lost: 0.106, li_recovered:  8.144, time: 0.004822192000574432
   375 |    15000 |     40 |  0.0042532717 |             f
L: 12.90, u_super: 0.00005 — INFEASIBLE (li_recovered=0.000e+00), time: 0.001197505000163801
L: 0.50, u_super: 0.00238, sec: 127.610, prod: 0.053010, t_ads: 80.9, t_des: 75.0, bed_util_ads: 0.492, bed_util_des: 0.491, des_th: 0.49157044060779387,frac_lost: 0.102, li_recovered:  8.263, time: 0.005852176998814684
L: 0.50, u_super: 0.00414, sec: 225.480, prod: 0.093146, t_ads: 46.9, t_des: 42.9, bed_util_ads: 0.496, bed_util_des: 0.496, des_th: 0.4956124313655691,frac_lost: 0.104, li_recovered:  8.369, time: 0.006525335000333143
L: 0.50, u_super: 0.00533, sec: 294.124, prod: 0.120388, t_ads: 36.4, t_des: 32.6, bed_util_ads: 0.500, bed_util_des: 0.499, des_th: 0.49945072289125086,frac_lost: 0.102, li_recovered:  8.298, time: 0.005258977000266896
L: 0.50, u_super: 0.00419, sec: 260.146, prod: 0.082598, t_ads: 46.3, t_des: 58.3, bed_util_ads: 0.456, bed_util_des: 0.455, des_th: 0.4547886418740823,frac_lost: 0.101, li_recovered:  8.640, time: 0.0060160329994687345
L: 0.50, u_super: 0.00566, sec: 313.064, prod: 0.127820, t_ads: 34.3, t_des: 31.9, bed_util_ads: 0.495, bed_util_des: 0.495, des_th: 0.4951620934641744,frac_lost: 0.102, li_recovered:  8.465, time: 0.0038070290011091856
L: 0.50, u_super: 0.00152, sec: 82.379, prod: 0.033255, t_ads: 125.9, t_des: 111.5, bed_util_ads: 0.493, bed_util_des: 0.493, des_th: 0.49291616145156264,frac_lost: 0.107, li_recovered:  7.894, time: 0.004523907999100629
L: 0.50, u_super: 0.00292, sec: 157.842, prod: 0.065339, t_ads: 66.1, t_des: 62.4, bed_util_ads: 0.491, bed_util_des: 0.490, des_th: 0.49020575460471105,frac_lost: 0.103, li_recovered:  8.392, time: 0.004105542999241152
L: 0.50, u_super: 0.00649, sec: 362.855, prod: 0.146804, t_ads: 29.9, t_des: 26.8, bed_util_ads: 0.500, bed_util_des: 0.500, des_th: 0.49984140445038266,frac_lost: 0.102, li_recovered:  8.321, time: 0.003654973999800859
L: 0.50, u_super: 0.00257, sec: 146.925, prod: 0.053977, t_ads: 74.9, t_des: 83.3, bed_util_ads: 0.468, bed_util_des: 0.467, des_th: 0.46679566630771957,frac_lost: 0.101, li_recovered:  8.535, time: 0.005399734998718486
L: 0.50, u_super: 0.00236, sec: 127.181, prod: 0.052398, t_ads: 81.7, t_des: 72.7, bed_util_ads: 0.497, bed_util_des: 0.496, des_th: 0.49646810381073464,frac_lost: 0.105, li_recovered:  8.090, time: 0.004486359001020901
L: 0.50, u_super: 0.00482, sec: 264.518, prod: 0.108740, t_ads: 40.3, t_des: 36.8, bed_util_ads: 0.497, bed_util_des: 0.497, des_th: 0.496605381372795,frac_lost: 0.104, li_recovered:  8.383, time: 0.004157637999014696
L: 0.50, u_super: 0.00786, sec: 446.163, prod: 0.178380, t_ads: 24.7, t_des: 22.6, bed_util_ads: 0.498, bed_util_des: 0.498, des_th: 0.4981128159934046,frac_lost: 0.101, li_recovered:  8.434, time: 0.005177046999961021
L: 0.50, u_super: 0.00983, sec: 572.332, prod: 0.223043, t_ads: 19.9, t_des: 18.1, bed_util_ads: 0.499, bed_util_des: 0.499, des_th: 0.49905159754841916,frac_lost: 0.104, li_recovered:  8.456, time: 0.004675510001106886
L: 0.50, u_super: 0.00022 — INFEASIBLE (li_recovered=0.000e+00), time: 0.0015329639991250588
L: 0.50, u_super: 0.00576, sec: 319.406, prod: 0.130031, t_ads: 33.8, t_des: 30.2, bed_util_ads: 0.499, bed_util_des: 0.499, des_th: 0.49918602122969874,frac_lost: 0.103, li_recovered:  8.316, time: 0.004213952001009602
L: 0.50, u_super: 0.00977, sec: 568.240, prod: 0.221540, t_ads: 20.0, t_des: 18.0, bed_util_ads: 0.500, bed_util_des: 0.500, des_th: 0.49996588578640244,frac_lost: 0.104, li_recovered:  8.403, time: 0.004734083000585088
L: 0.50, u_super: 0.00785, sec: 444.988, prod: 0.178054, t_ads: 24.7, t_des: 22.6, bed_util_ads: 0.498, bed_util_des: 0.497, des_th: 0.4974778797539985,frac_lost: 0.100, li_recovered:  8.434, time: 0.003924122000171337
L: 0.50, u_super: 0.00703, sec: 421.254, prod: 0.149418, t_ads: 27.8, t_des: 30.3, bed_util_ads: 0.475, bed_util_des: 0.475, des_th: 0.47451710738761654,frac_lost: 0.106, li_recovered:  8.690, time: 0.004988908000086667
L: 0.50, u_super: 0.00905, sec: 522.415, prod: 0.204709, t_ads: 21.6, t_des: 19.9, bed_util_ads: 0.498, bed_util_des: 0.497, des_th: 0.4974778797539985,frac_lost: 0.107, li_recovered:  8.497, time: 0.003757063999728416
L: 0.50, u_super: 0.00317, sec: 170.894, prod: 0.071014, t_ads: 60.9, t_des: 54.9, bed_util_ads: 0.497, bed_util_des: 0.496, des_th: 0.4964374246343351,frac_lost: 0.101, li_recovered:  8.220, time: 0.00537330400038627
L: 0.50, u_super: 0.00373, sec: 202.974, prod: 0.083598, t_ads: 52.0, t_des: 46.1, bed_util_ads: 0.499, bed_util_des: 0.499, des_th: 0.49890215063088306,frac_lost: 0.105, li_recovered:  8.201, time: 0.004925417999402271
L: 0.50, u_super: 0.00637, sec: 355.547, prod: 0.144152, t_ads: 30.5, t_des: 27.6, bed_util_ads: 0.498, bed_util_des: 0.498, des_th: 0.49815652231317104,frac_lost: 0.103, li_recovered:  8.383, time: 0.005113306999191991
L: 0.50, u_super: 0.00767, sec: 435.471, prod: 0.173508, t_ads: 25.5, t_des: 23.1, bed_util_ads: 0.498, bed_util_des: 0.498, des_th: 0.49832595805959434,frac_lost: 0.106, li_recovered:  8.433, time: 0.005176895998374675
L: 0.50, u_super: 0.00896, sec: 551.651, prod: 0.190152, t_ads: 21.8, t_des: 24.0, bed_util_ads: 0.475, bed_util_des: 0.475, des_th: 0.4746272507310804,frac_lost: 0.106, li_recovered:  8.709, time: 0.005118012000821182
L: 0.50, u_super: 0.00115, sec: 62.598, prod: 0.024916, t_ads: 165.2, t_des: 158.8, bed_util_ads: 0.479, bed_util_des: 0.477, des_th: 0.47723441793265436,frac_lost: 0.106, li_recovered:  8.074, time: 0.005548584000280243
L: 0.50, u_super: 0.00783, sec: 446.165, prod: 0.176938, t_ads: 25.1, t_des: 22.6, bed_util_ads: 0.500, bed_util_des: 0.499, des_th: 0.49942132725883337,frac_lost: 0.109, li_recovered:  8.432, time: 0.0047502159995929105
L: 0.50, u_super: 0.00054, sec: 31.318, prod: 0.010755, t_ads: 334.8, t_des: 295.2, bed_util_ads: 0.474, bed_util_des: 0.473, des_th: 0.47388895238401046,frac_lost: 0.101, li_recovered:  6.775, time: 0.006787674999941373
L: 0.50, u_super: 0.00746, sec: 422.933, prod: 0.168416, t_ads: 26.2, t_des: 24.3, bed_util_ads: 0.497, bed_util_des: 0.496, des_th: 0.4964374246343351,frac_lost: 0.107, li_recovered:  8.514, time: 0.004778123999130912
L: 2.85, u_super: 0.00066 — INFEASIBLE (li_recovered=0.000e+00), time: 0.002001917999223224
L: 0.50, u_super: 0.00441, sec: 241.768, prod: 0.098826, t_ads: 44.2, t_des: 41.7, bed_util_ads: 0.492, bed_util_des: 0.492, des_th: 0.4915397613711555,frac_lost: 0.106, li_recovered:  8.493, time: 0.005614346999209374
L: 16.48, u_super: 0.00413 — INFEASIBLE (li_recovered=0.000e+00), time: 0.0018707039998844266
L: 0.50, u_super: 0.00913, sec: 528.061, prod: 0.206321, t_ads: 21.5, t_des: 19.9, bed_util_ads: 0.497, bed_util_des: 0.497, des_th: 0.49658652413907595,frac_lost: 0.107, li_recovered:  8.536, time: 0.005824879999636323
L: 0.50, u_super: 0.00612, sec: 340.453, prod: 0.138384, t_ads: 31.7, t_des: 28.5, bed_util_ads: 0.500, bed_util_des: 0.500, des_th: 0.49959139046717127,frac_lost: 0.101, li_recovered:  8.326, time: 0.006689048001135234
L: 0.50, u_super: 0.00706, sec: 3943.107, prod: 0.016116, t_ads: 27.8, t_des: 517.3, bed_util_ads: 0.180, bed_util_des: 0.176, des_th: 0.17585200785854052,frac_lost: 0.104, li_recovered:  8.785, time: 0.04129660800026613
L: 0.50, u_super: 0.00474, sec: 259.918, prod: 0.106803, t_ads: 41.0, t_des: 37.9, bed_util_ads: 0.495, bed_util_des: 0.495, des_th: 0.49523115748546404,frac_lost: 0.104, li_recovered:  8.423, time: 0.006539848000102211
L: 0.50, u_super: 0.00173, sec: 93.790, prod: 0.037671, t_ads: 110.8, t_des: 95.7, bed_util_ads: 0.497, bed_util_des: 0.497, des_th: 0.4970119658697137,frac_lost: 0.103, li_recovered:  7.777, time: 0.0068293210006231675
L: 0.50, u_super: 0.00836, sec: 479.572, prod: 0.189046, t_ads: 23.4, t_des: 21.7, bed_util_ads: 0.497, bed_util_des: 0.496, des_th: 0.4964374246343351,frac_lost: 0.107, li_recovered:  8.528, time: 0.005973901999823283
L: 0.50, u_super: 0.00667, sec: 374.711, prod: 0.150485, t_ads: 29.4, t_des: 26.3, bed_util_ads: 0.499, bed_util_des: 0.499, des_th: 0.49927036549644754,frac_lost: 0.109, li_recovered:  8.383, time: 0.005081514000266907
L: 2.80, u_super: 0.00916, sec: 3081.796, prod: 0.199455, t_ads: 117.0, t_des: 101.1, bed_util_ads: 0.497, bed_util_des: 0.497, des_th: 0.49662386819354176,frac_lost: 0.105, li_recovered:  43.492, time: 0.004351031999249244
   376 |    15040 |     40 |  0.0026306392 |             f
L: 0.50, u_super: 0.00439, sec: 240.052, prod: 0.098731, t_ads: 44.4, t_des: 40.0, bed_util_ads: 0.498, bed_util_des: 0.498, des_th: 0.49818256801439414,frac_lost: 0.106, li_recovered:  8.335, time: 0.00792418200035172
L: 70.46, u_super: 0.00980 — INFEASIBLE (li_recovered=0.000e+00), time: 0.0017894840002554702
L: 0.50, u_super: 0.00374, sec: 203.246, prod: 0.083978, t_ads: 52.0, t_des: 47.5, bed_util_ads: 0.496, bed_util_des: 0.495, des_th: 0.4952140525508296,frac_lost: 0.106, li_recovered:  8.358, time: 0.00503120199937257
L: 0.50, u_super: 0.00042, sec: 26.173, prod: 0.007756, t_ads: 435.8, t_des: 536.7, bed_util_ads: 0.422, bed_util_des: 0.414, des_th: 0.41378616539303875,frac_lost: 0.104, li_recovered:  7.543, time: 0.006175652000820264
L: 0.50, u_super: 0.00023, sec: 33.872, prod: 0.001737, t_ads: 882.9, t_des: 4080.3, bed_util_ads: 0.252, bed_util_des: 0.192, des_th: 0.19239499950841818,frac_lost: 0.106, li_recovered:  8.621, time: 0.013940902999820537
L: 0.50, u_super: 0.00171, sec: 92.652, prod: 0.037253, t_ads: 111.9, t_des: 97.0, bed_util_ads: 0.497, bed_util_des: 0.497, des_th: 0.4970188717185744,frac_lost: 0.103, li_recovered:  7.782, time: 0.005162546000065049
L: 0.50, u_super: 0.00703, sec: 395.081, prod: 0.159317, t_ads: 27.6, t_des: 25.6, bed_util_ads: 0.496, bed_util_des: 0.495, des_th: 0.49546617864357706,frac_lost: 0.101, li_recovered:  8.468, time: 0.006399404999683611
L: 70.72, u_super: 0.00990 — INFEASIBLE (li_recovered=0.000e+00), time: 0.0013049459994363133
L: 32.66, u_super: 0.00767 — INFEASIBLE (li_recovered=0.000e+00), time: 0.0015642149992345367
L: 0.50, u_super: 0.00750, sec: 424.857, prod: 0.169440, t_ads: 26.1, t_des: 24.0, bed_util_ads: 0.498, bed_util_des: 0.497, des_th: 0.4974858254813689,frac_lost: 0.106, li_recovered:  8.486, time: 0.0070961569999781204
L: 0.50, u_super: 0.00200, sec: 107.877, prod: 0.043965, t_ads: 96.8, t_des: 85.1, bed_util_ads: 0.497, bed_util_des: 0.496, des_th: 0.4964374246343351,frac_lost: 0.109, li_recovered:  7.998, time: 0.00853833799919812
L: 41.29, u_super: 0.00139 — INFEASIBLE (li_recovered=0.000e+00), time: 0.0011551259995030705
L: 0.50, u_super: 0.00489, sec: 269.132, prod: 0.110192, t_ads: 39.7, t_des: 35.4, bed_util_ads: 0.500, bed_util_des: 0.500, des_th: 0.49959139046717127,frac_lost: 0.105, li_recovered:  8.283, time: 0.00480800600053044
L: 0.50, u_super: 0.00020, sec: 26.246, prod: 0.001726, t_ads: 994.6, t_des: 3917.0, bed_util_ads: 0.260, bed_util_des: 0.200, des_th: 0.2003775403793155,frac_lost: 0.104, li_recovered:  8.476, time: 0.012970050000149058
L: 10.70, u_super: 0.00490 — INFEASIBLE (li_recovered=0.000e+00), time: 0.0027658679991873214
L: 0.50, u_super: 0.00895, sec: 514.262, prod: 0.203127, t_ads: 21.7, t_des: 19.6, bed_util_ads: 0.499, bed_util_des: 0.499, des_th: 0.49905159754841916,frac_lost: 0.100, li_recovered:  8.394, time: 0.006814321001002099
L: 0.50, u_super: 0.00973, sec: 565.637, prod: 0.220571, t_ads: 20.1, t_des: 18.2, bed_util_ads: 0.499, bed_util_des: 0.499, des_th: 0.49925169642241946,frac_lost: 0.105, li_recovered:  8.444, time: 0.004268053000487271
L: 0.50, u_super: 0.00145, sec: 79.899, prod: 0.031049, t_ads: 132.1, t_des: 135.9, bed_util_ads: 0.474, bed_util_des: 0.472, des_th: 0.47200467419419423,frac_lost: 0.105, li_recovered:  8.321, time: 0.0078829100002622
L: 0.50, u_super: 0.00587, sec: 325.754, prod: 0.132794, t_ads: 33.0, t_des: 30.6, bed_util_ads: 0.495, bed_util_des: 0.495, des_th: 0.49511679922037055,frac_lost: 0.102, li_recovered:  8.456, time: 0.005492897000294761
L: 0.50, u_super: 0.00966, sec: 561.335, prod: 0.219045, t_ads: 20.2, t_des: 18.5, bed_util_ads: 0.498, bed_util_des: 0.497, des_th: 0.49748465597995556,frac_lost: 0.105, li_recovered:  8.487, time: 0.007643732998985797
L: 0.50, u_super: 0.00236, sec: 127.181, prod: 0.052398, t_ads: 81.7, t_des: 72.7, bed_util_ads: 0.497, bed_util_des: 0.496, des_th: 0.49646810381073464,frac_lost: 0.105, li_recovered:  8.090, time: 0.005137255000590812
L: 2.13, u_super: 0.00599, sec: 1492.231, prod: 0.128813, t_ads: 134.8, t_des: 114.5, bed_util_ads: 0.497, bed_util_des: 0.497, des_th: 0.49694868084299737,frac_lost: 0.102, li_recovered:  32.113, time: 0.005165161999684642
L: 0.50, u_super: 0.00316, sec: 170.450, prod: 0.070708, t_ads: 61.2, t_des: 55.0, bed_util_ads: 0.497, bed_util_des: 0.496, des_th: 0.4964374246343351,frac_lost: 0.103, li_recovered:  8.216, time: 0.005543631999898935
L: 0.50, u_super: 0.00343, sec: 211.139, prod: 0.067755, t_ads: 56.7, t_des: 70.5, bed_util_ads: 0.456, bed_util_des: 0.455, des_th: 0.4547006884806874,frac_lost: 0.106, li_recovered:  8.616, time: 0.008082005999312969
L: 0.50, u_super: 0.00987, sec: 588.672, prod: 0.218642, t_ads: 19.7, t_des: 20.0, bed_util_ads: 0.486, bed_util_des: 0.486, des_th: 0.48617478161978045,frac_lost: 0.103, li_recovered:  8.683, time: 0.004581755998515291
L: 0.50, u_super: 0.00336, sec: 181.557, prod: 0.075467, t_ads: 57.3, t_des: 51.7, bed_util_ads: 0.497, bed_util_des: 0.496, des_th: 0.49642875146504994,frac_lost: 0.100, li_recovered:  8.226, time: 0.005165982998732943
L: 0.50, u_super: 0.00081, sec: 44.392, prod: 0.017151, t_ads: 230.2, t_des: 216.1, bed_util_ads: 0.476, bed_util_des: 0.475, des_th: 0.4748166457133116,frac_lost: 0.101, li_recovered:  7.654, time: 0.005455700000311481
L: 0.50, u_super: 0.00621, sec: 390.202, prod: 0.124609, t_ads: 31.5, t_des: 38.2, bed_util_ads: 0.462, bed_util_des: 0.461, des_th: 0.46124014072536773,frac_lost: 0.108, li_recovered:  8.689, time: 0.007762234999972861
L: 0.50, u_super: 0.00880, sec: 506.595, prod: 0.199154, t_ads: 22.3, t_des: 20.2, bed_util_ads: 0.500, bed_util_des: 0.499, des_th: 0.4994576640333824,frac_lost: 0.107, li_recovered:  8.446, time: 0.007560279000244918
L: 0.50, u_super: 0.00837, sec: 479.340, prod: 0.189266, t_ads: 23.4, t_des: 21.5, bed_util_ads: 0.497, bed_util_des: 0.496, des_th: 0.49642947890696465,frac_lost: 0.107, li_recovered:  8.497, time: 0.00586661800116417
L: 0.50, u_super: 0.00319, sec: 172.549, prod: 0.071468, t_ads: 60.4, t_des: 53.8, bed_util_ads: 0.497, bed_util_des: 0.497, des_th: 0.4970119658697137,frac_lost: 0.101, li_recovered:  8.158, time: 0.006892912999319378
L: 0.50, u_super: 0.00085 — INFEASIBLE (li_recovered=0.000e+00), time: 0.0031324419996963115
L: 0.50, u_super: 0.00668, sec: 374.206, prod: 0.151197, t_ads: 29.0, t_des: 26.0, bed_util_ads: 0.499, bed_util_des: 0.499, des_th: 0.4993009945711384,frac_lost: 0.101, li_recovered:  8.316, time: 0.007260644000780303
L: 0.50, u_super: 0.00910, sec: 525.579, prod: 0.206264, t_ads: 21.5, t_des: 19.5, bed_util_ads: 0.499, bed_util_des: 0.499, des_th: 0.49871772494812383,frac_lost: 0.106, li_recovered:  8.456, time: 0.004505386001255829
L: 0.50, u_super: 0.00395, sec: 215.840, prod: 0.088592, t_ads: 49.2, t_des: 43.3, bed_util_ads: 0.500, bed_util_des: 0.500, des_th: 0.49993421935411897,frac_lost: 0.106, li_recovered:  8.197, time: 0.005175301999770454
L: 0.50, u_super: 0.00845, sec: 544.632, prod: 0.170240, t_ads: 23.1, t_des: 28.1, bed_util_ads: 0.462, bed_util_des: 0.461, des_th: 0.46132291426170147,frac_lost: 0.104, li_recovered:  8.708, time: 0.005267463999189204
L: 0.50, u_super: 0.00028, sec: 35.562, prod: 0.002634, t_ads: 679.8, t_des: 2498.4, bed_util_ads: 0.281, bed_util_des: 0.237, des_th: 0.23712111578776773,frac_lost: 0.100, li_recovered:  8.372, time: 0.008171392999429372
L: 0.50, u_super: 0.00371, sec: 201.225, prod: 0.083147, t_ads: 52.5, t_des: 48.1, bed_util_ads: 0.496, bed_util_des: 0.495, des_th: 0.4952140525508296,frac_lost: 0.107, li_recovered:  8.360, time: 0.005569294000451919
L: 0.50, u_super: 0.00343, sec: 185.972, prod: 0.076814, t_ads: 56.8, t_des: 51.3, bed_util_ads: 0.497, bed_util_des: 0.496, des_th: 0.4964288810879535,frac_lost: 0.108, li_recovered:  8.299, time: 0.006267732000196702
L: 0.50, u_super: 0.00344, sec: 185.907, prod: 0.077237, t_ads: 56.1, t_des: 50.5, bed_util_ads: 0.498, bed_util_des: 0.497, des_th: 0.49744451053518923,frac_lost: 0.100, li_recovered:  8.231, time: 0.0074956600001314655
   377 |    15080 |     40 |  0.0016221961 |             f
L: 0.50, u_super: 0.00041, sec: 74.381, prod: 0.002609, t_ads: 484.7, t_des: 2848.3, bed_util_ads: 0.249, bed_util_des: 0.208, des_th: 0.20769338722586125,frac_lost: 0.105, li_recovered:  8.696, time: 0.02677100800065091
L: 6.21, u_super: 0.00232 — INFEASIBLE (li_recovered=0.000e+00), time: 0.001938597000844311
L: 0.50, u_super: 0.00464, sec: 255.098, prod: 0.104379, t_ads: 41.8, t_des: 39.6, bed_util_ads: 0.492, bed_util_des: 0.492, des_th: 0.4919815835856778,frac_lost: 0.104, li_recovered:  8.496, time: 0.006828853000115487
L: 0.50, u_super: 0.00954, sec: 553.747, prod: 0.216269, t_ads: 20.5, t_des: 18.6, bed_util_ads: 0.500, bed_util_des: 0.499, des_th: 0.49942132725883337,frac_lost: 0.105, li_recovered:  8.443, time: 0.005581036999501521
L: 0.50, u_super: 0.00684, sec: 401.355, prod: 0.147993, t_ads: 28.7, t_des: 30.0, bed_util_ads: 0.481, bed_util_des: 0.480, des_th: 0.48043842281256827,frac_lost: 0.109, li_recovered:  8.683, time: 0.004507497000304284
L: 0.50, u_super: 0.00143, sec: 77.438, prod: 0.030971, t_ads: 134.3, t_des: 117.9, bed_util_ads: 0.494, bed_util_des: 0.493, des_th: 0.49303500550213847,frac_lost: 0.108, li_recovered:  7.811, time: 0.004456544000277063
L: 0.50, u_super: 0.00557, sec: 307.853, prod: 0.125844, t_ads: 34.8, t_des: 31.2, bed_util_ads: 0.500, bed_util_des: 0.500, des_th: 0.4996708766159231,frac_lost: 0.101, li_recovered:  8.300, time: 0.0037877169997955207
L: 0.50, u_super: 0.00767, sec: 544.824, prod: 0.138683, t_ads: 25.5, t_des: 37.3, bed_util_ads: 0.439, bed_util_des: 0.438, des_th: 0.4379480139667021,frac_lost: 0.105, li_recovered:  8.712, time: 0.0049054819992306875
L: 2.09, u_super: 0.00721, sec: 1758.774, prod: 0.157451, t_ads: 110.6, t_des: 95.8, bed_util_ads: 0.497, bed_util_des: 0.496, des_th: 0.4964374246343351,frac_lost: 0.102, li_recovered:  32.489, time: 0.003959028999815928
L: 10.95, u_super: 0.00786 — INFEASIBLE (li_recovered=0.000e+00), time: 0.0019155720001435839
L: 0.50, u_super: 0.00319, sec: 172.892, prod: 0.071269, t_ads: 60.4, t_des: 53.1, bed_util_ads: 0.499, bed_util_des: 0.499, des_th: 0.4993009945711384,frac_lost: 0.101, li_recovered:  8.094, time: 0.0036745180004800204
L: 0.50, u_super: 0.00926, sec: 535.319, prod: 0.209997, t_ads: 21.1, t_des: 19.4, bed_util_ads: 0.497, bed_util_des: 0.497, des_th: 0.4970119658697137,frac_lost: 0.104, li_recovered:  8.489, time: 0.004213913000057801
L: 0.50, u_super: 0.00532, sec: 293.902, prod: 0.119763, t_ads: 36.4, t_des: 34.7, bed_util_ads: 0.492, bed_util_des: 0.492, des_th: 0.4920032470872277,frac_lost: 0.101, li_recovered:  8.519, time: 0.0036263019992475165
L: 0.50, u_super: 0.00439, sec: 240.241, prod: 0.098653, t_ads: 44.3, t_des: 39.5, bed_util_ads: 0.499, bed_util_des: 0.499, des_th: 0.4992090317722532,frac_lost: 0.106, li_recovered:  8.267, time: 0.003998771999249584
L: 0.50, u_super: 0.00880, sec: 506.281, prod: 0.199277, t_ads: 22.2, t_des: 20.1, bed_util_ads: 0.499, bed_util_des: 0.499, des_th: 0.49868468216972855,frac_lost: 0.106, li_recovered:  8.440, time: 0.004695756999353762
L: 0.50, u_super: 0.00555, sec: 306.999, prod: 0.125552, t_ads: 34.9, t_des: 32.1, bed_util_ads: 0.495, bed_util_des: 0.495, des_th: 0.4952691672132004,frac_lost: 0.102, li_recovered:  8.422, time: 0.003973144999690703
L: 0.50, u_super: 0.00837, sec: 479.053, prod: 0.189380, t_ads: 23.4, t_des: 21.2, bed_util_ads: 0.499, bed_util_des: 0.499, des_th: 0.4987961034835905,frac_lost: 0.107, li_recovered:  8.438, time: 0.004374052999992273
L: 0.50, u_super: 0.00637, sec: 355.014, prod: 0.144114, t_ads: 30.5, t_des: 28.2, bed_util_ads: 0.496, bed_util_des: 0.495, des_th: 0.4953986454677832,frac_lost: 0.101, li_recovered:  8.461, time: 0.006432109999877866
L: 0.50, u_super: 0.00476, sec: 260.983, prod: 0.107146, t_ads: 40.9, t_des: 36.8, bed_util_ads: 0.498, bed_util_des: 0.498, des_th: 0.4980847445391399,frac_lost: 0.105, li_recovered:  8.331, time: 0.005410775000200374
L: 8.55, u_super: 0.00860 — INFEASIBLE (li_recovered=0.000e+00), time: 0.002943257999504567
L: 8.41, u_super: 0.00536 — INFEASIBLE (li_recovered=0.000e+00), time: 0.002578308998636203
L: 0.50, u_super: 0.00201, sec: 109.580, prod: 0.044035, t_ads: 95.0, t_des: 81.2, bed_util_ads: 0.500, bed_util_des: 0.500, des_th: 0.4997959862989151,frac_lost: 0.101, li_recovered:  7.755, time: 0.005971594000584446
L: 0.50, u_super: 0.00202, sec: 109.927, prod: 0.044222, t_ads: 95.6, t_des: 81.9, bed_util_ads: 0.500, bed_util_des: 0.499, des_th: 0.4993027788502484,frac_lost: 0.108, li_recovered:  7.849, time: 0.004798342999492888
L: 0.50, u_super: 0.00632, sec: 352.309, prod: 0.143041, t_ads: 30.7, t_des: 28.1, bed_util_ads: 0.498, bed_util_des: 0.498, des_th: 0.4980376627284717,frac_lost: 0.102, li_recovered:  8.415, time: 0.006226981000509113
L: 0.50, u_super: 0.00292, sec: 157.624, prod: 0.065429, t_ads: 65.9, t_des: 62.1, bed_util_ads: 0.491, bed_util_des: 0.490, des_th: 0.4901938275405564,frac_lost: 0.102, li_recovered:  8.377, time: 0.005224015998464893
L: 1.97, u_super: 0.00901, sec: 2100.725, prod: 0.198628, t_ads: 84.3, t_des: 73.2, bed_util_ads: 0.499, bed_util_des: 0.499, des_th: 0.49866970320452914,frac_lost: 0.105, li_recovered:  31.286, time: 0.005817496001327527
L: 48.73, u_super: 0.00833 — INFEASIBLE (li_recovered=0.000e+00), time: 0.0018114989998139208
L: 0.50, u_super: 0.00285, sec: 153.853, prod: 0.063764, t_ads: 67.7, t_des: 63.6, bed_util_ads: 0.491, bed_util_des: 0.490, des_th: 0.49020575460471105,frac_lost: 0.103, li_recovered:  8.372, time: 0.004663649000576697
L: 2.21, u_super: 0.00115 — INFEASIBLE (li_recovered=0.000e+00), time: 0.0016593620002822718
L: 0.50, u_super: 0.00881, sec: 550.994, prod: 0.183779, t_ads: 22.2, t_des: 25.2, bed_util_ads: 0.471, bed_util_des: 0.471, des_th: 0.47073164638925075,frac_lost: 0.106, li_recovered:  8.711, time: 0.008069430999967153
L: 0.50, u_super: 0.00397, sec: 216.054, prod: 0.089342, t_ads: 48.9, t_des: 44.7, bed_util_ads: 0.495, bed_util_des: 0.495, des_th: 0.4951394197911044,frac_lost: 0.104, li_recovered:  8.360, time: 0.003673367000374128
L: 0.50, u_super: 0.00931, sec: 539.014, prod: 0.210919, t_ads: 21.0, t_des: 19.2, bed_util_ads: 0.499, bed_util_des: 0.498, des_th: 0.49850901409959375,frac_lost: 0.106, li_recovered:  8.487, time: 0.004824472000109381
L: 0.50, u_super: 0.00256, sec: 138.052, prod: 0.057063, t_ads: 75.2, t_des: 67.0, bed_util_ads: 0.497, bed_util_des: 0.496, des_th: 0.4965460290094312,frac_lost: 0.103, li_recovered:  8.110, time: 0.00459040600071603
L: 16.71, u_super: 0.00813 — INFEASIBLE (li_recovered=0.000e+00), time: 0.0016665699986333493
L: 0.50, u_super: 0.00122, sec: 436.262, prod: 0.004008, t_ads: 161.9, t_des: 2034.6, bed_util_ads: 0.201, bed_util_des: 0.182, des_th: 0.18185101633814602,frac_lost: 0.104, li_recovered:  8.803, time: 0.026822010999239865
L: 0.50, u_super: 0.00774, sec: 438.783, prod: 0.175659, t_ads: 25.1, t_des: 23.2, bed_util_ads: 0.497, bed_util_des: 0.497, des_th: 0.4966341804440326,frac_lost: 0.100, li_recovered:  8.479, time: 0.004021250999358017
L: 0.50, u_super: 0.00990, sec: 576.784, prod: 0.224336, t_ads: 19.8, t_des: 17.9, bed_util_ads: 0.499, bed_util_des: 0.499, des_th: 0.49929037394181724,frac_lost: 0.106, li_recovered:  8.451, time: 0.004183196000667522
L: 0.50, u_super: 0.00818, sec: 467.062, prod: 0.184974, t_ads: 23.9, t_des: 21.7, bed_util_ads: 0.499, bed_util_des: 0.499, des_th: 0.49905159754841916,frac_lost: 0.107, li_recovered:  8.450, time: 0.004063004000272485
L: 0.50, u_super: 0.00115, sec: 63.548, prod: 0.024466, t_ads: 165.4, t_des: 140.8, bed_util_ads: 0.495, bed_util_des: 0.495, des_th: 0.4949339467773725,frac_lost: 0.108, li_recovered:  7.491, time: 0.003800805001446861
L: 0.50, u_super: 0.00884, sec: 508.740, prod: 0.200399, t_ads: 22.1, t_des: 20.3, bed_util_ads: 0.497, bed_util_des: 0.497, des_th: 0.4970119658697137,frac_lost: 0.104, li_recovered:  8.488, time: 0.003991485000369721
   378 |    15120 |     40 |  0.0018957217 |             f
L: 0.50, u_super: 0.00960, sec: 557.596, prod: 0.217464, t_ads: 20.4, t_des: 18.7, bed_util_ads: 0.498, bed_util_des: 0.498, des_th: 0.49779722276746924,frac_lost: 0.105, li_recovered:  8.503, time: 0.004559839999274118
L: 0.50, u_super: 0.00443, sec: 242.632, prod: 0.099638, t_ads: 44.0, t_des: 40.1, bed_util_ads: 0.497, bed_util_des: 0.497, des_th: 0.49705625269047965,frac_lost: 0.108, li_recovered:  8.379, time: 0.004438177000338328
L: 0.50, u_super: 0.00919, sec: 531.664, prod: 0.208067, t_ads: 21.3, t_des: 19.5, bed_util_ads: 0.499, bed_util_des: 0.498, des_th: 0.49850901409959375,frac_lost: 0.107, li_recovered:  8.498, time: 0.004943742000250495
L: 0.50, u_super: 0.00892, sec: 513.971, prod: 0.202127, t_ads: 21.9, t_des: 20.1, bed_util_ads: 0.498, bed_util_des: 0.498, des_th: 0.49812393036491875,frac_lost: 0.105, li_recovered:  8.489, time: 0.0054797720003989525
L: 0.50, u_super: 0.00098 — INFEASIBLE (li_recovered=0.000e+00), time: 0.0038967220007180003
L: 0.50, u_super: 0.00684, sec: 383.528, prod: 0.154872, t_ads: 28.3, t_des: 25.4, bed_util_ads: 0.500, bed_util_des: 0.499, des_th: 0.49949878887734284,frac_lost: 0.100, li_recovered:  8.326, time: 0.004867169000135618
L: 0.50, u_super: 0.00371, sec: 201.399, prod: 0.083076, t_ads: 52.6, t_des: 48.0, bed_util_ads: 0.496, bed_util_des: 0.495, des_th: 0.4952140525508296,frac_lost: 0.108, li_recovered:  8.361, time: 0.0045831520001229364
L: 0.50, u_super: 0.00613, sec: 386.782, prod: 0.122408, t_ads: 31.9, t_des: 39.1, bed_util_ads: 0.460, bed_util_des: 0.459, des_th: 0.45928622638421956,frac_lost: 0.107, li_recovered:  8.688, time: 0.006088764999731211
L: 0.50, u_super: 0.00012, sec: 12.226, prod: 0.001333, t_ads: 1616.8, t_des: 4377.8, bed_util_ads: 0.268, bed_util_des: 0.199, des_th: 0.1994689746455495,frac_lost: 0.104, li_recovered:  7.991, time: 0.008523053998942487
L: 0.50, u_super: 0.00023 — INFEASIBLE (li_recovered=0.000e+00), time: 0.0034971580007550074
L: 0.50, u_super: 0.00470, sec: 303.762, prod: 0.089969, t_ads: 41.3, t_des: 55.0, bed_util_ads: 0.449, bed_util_des: 0.448, des_th: 0.44751005134380406,frac_lost: 0.101, li_recovered:  8.659, time: 0.008292495000205236
L: 0.50, u_super: 0.00606, sec: 341.795, prod: 0.134929, t_ads: 32.4, t_des: 31.4, bed_util_ads: 0.490, bed_util_des: 0.489, des_th: 0.48936037264033144,frac_lost: 0.109, li_recovered:  8.610, time: 0.007328331999815418
L: 0.50, u_super: 0.00063, sec: 36.117, prod: 0.012966, t_ads: 287.8, t_des: 254.8, bed_util_ads: 0.478, bed_util_des: 0.477, des_th: 0.4773455590277326,frac_lost: 0.100, li_recovered:  7.036, time: 0.0064697959987825016
L: 0.50, u_super: 0.00011, sec: 9.647, prod: 0.001347, t_ads: 1751.9, t_des: 3793.3, bed_util_ads: 0.280, bed_util_des: 0.218, des_th: 0.21806843009048513,frac_lost: 0.105, li_recovered:  7.471, time: 0.008125778998874011
L: 0.50, u_super: 0.00729, sec: 412.127, prod: 0.164850, t_ads: 26.8, t_des: 24.4, bed_util_ads: 0.499, bed_util_des: 0.499, des_th: 0.49880858123438243,frac_lost: 0.107, li_recovered:  8.435, time: 0.0069793230013601715
L: 0.50, u_super: 0.00307, sec: 1234.471, prod: 0.009240, t_ads: 63.9, t_des: 886.8, bed_util_ads: 0.200, bed_util_des: 0.191, des_th: 0.1914671716749501,frac_lost: 0.104, li_recovered:  8.785, time: 0.04189299099925847
L: 14.41, u_super: 0.00360 — INFEASIBLE (li_recovered=0.000e+00), time: 0.0013317169996298617
L: 0.50, u_super: 0.00255, sec: 137.768, prod: 0.056665, t_ads: 75.6, t_des: 66.5, bed_util_ads: 0.498, bed_util_des: 0.498, des_th: 0.49771712897558024,frac_lost: 0.104, li_recovered:  8.051, time: 0.007676212000660598
L: 0.50, u_super: 0.00910, sec: 525.539, prod: 0.206280, t_ads: 21.5, t_des: 19.5, bed_util_ads: 0.499, bed_util_des: 0.499, des_th: 0.49871772494812383,frac_lost: 0.105, li_recovered:  8.447, time: 0.0069198010005493416
L: 0.50, u_super: 0.00344, sec: 186.399, prod: 0.077209, t_ads: 56.0, t_des: 49.9, bed_util_ads: 0.498, bed_util_des: 0.497, des_th: 0.49744451053518923,frac_lost: 0.100, li_recovered:  8.175, time: 0.006005889001244213
L: 0.50, u_super: 0.00469, sec: 257.534, prod: 0.105647, t_ads: 41.4, t_des: 37.0, bed_util_ads: 0.500, bed_util_des: 0.499, des_th: 0.4994845082993787,frac_lost: 0.105, li_recovered:  8.286, time: 0.0042369670009065885
L: 1.44, u_super: 0.00953, sec: 1609.344, prod: 0.213409, t_ads: 58.6, t_des: 53.0, bed_util_ads: 0.497, bed_util_des: 0.496, des_th: 0.4964571044161933,frac_lost: 0.108, li_recovered:  23.826, time: 0.005045924001024105
L: 0.50, u_super: 0.00055, sec: 120.409, prod: 0.002968, t_ads: 355.2, t_des: 2586.9, bed_util_ads: 0.236, bed_util_des: 0.202, des_th: 0.20237656015389283,frac_lost: 0.101, li_recovered:  8.734, time: 0.01902151299873367
L: 0.50, u_super: 0.00496, sec: 272.636, prod: 0.112001, t_ads: 39.1, t_des: 35.9, bed_util_ads: 0.497, bed_util_des: 0.497, des_th: 0.496712288675226,frac_lost: 0.103, li_recovered:  8.401, time: 0.004670557998906588
L: 0.50, u_super: 0.00292, sec: 157.731, prod: 0.065295, t_ads: 65.9, t_des: 58.7, bed_util_ads: 0.497, bed_util_des: 0.497, des_th: 0.4970262461637243,frac_lost: 0.102, li_recovered:  8.136, time: 0.004079528000147548
L: 0.50, u_super: 0.00131, sec: 71.315, prod: 0.028275, t_ads: 145.0, t_des: 126.6, bed_util_ads: 0.493, bed_util_des: 0.493, des_th: 0.49303500550213847,frac_lost: 0.103, li_recovered:  7.680, time: 0.003760502999284654
L: 0.50, u_super: 0.00668, sec: 373.860, prod: 0.151337, t_ads: 29.0, t_des: 26.2, bed_util_ads: 0.499, bed_util_des: 0.499, des_th: 0.4993009945711384,frac_lost: 0.101, li_recovered:  8.367, time: 0.00493253200147592
L: 0.50, u_super: 0.00735, sec: 415.955, prod: 0.166101, t_ads: 26.6, t_des: 24.5, bed_util_ads: 0.497, bed_util_des: 0.497, des_th: 0.4965399445636409,frac_lost: 0.107, li_recovered:  8.481, time: 0.005367354999179952
L: 0.50, u_super: 0.00768, sec: 434.734, prod: 0.174252, t_ads: 25.3, t_des: 22.9, bed_util_ads: 0.499, bed_util_des: 0.499, des_th: 0.49905509613271076,frac_lost: 0.100, li_recovered:  8.390, time: 0.00433274200076994
L: 28.20, u_super: 0.00201 — INFEASIBLE (li_recovered=0.000e+00), time: 0.0009614940008759731
L: 0.50, u_super: 0.00786, sec: 497.659, prod: 0.159870, t_ads: 24.9, t_des: 29.6, bed_util_ads: 0.465, bed_util_des: 0.464, des_th: 0.4642393491782196,frac_lost: 0.106, li_recovered:  8.705, time: 0.007331202999921516
L: 1.70, u_super: 0.00471, sec: 913.081, prod: 0.102167, t_ads: 138.3, t_des: 121.5, bed_util_ads: 0.493, bed_util_des: 0.492, des_th: 0.4923409628421347,frac_lost: 0.107, li_recovered:  26.548, time: 0.00534301600055187
L: 0.50, u_super: 0.00932, sec: 539.221, prod: 0.211171, t_ads: 21.0, t_des: 19.2, bed_util_ads: 0.499, bed_util_des: 0.498, des_th: 0.4985194132918735,frac_lost: 0.105, li_recovered:  8.486, time: 0.004514246000326239
L: 0.50, u_super: 0.00371, sec: 201.264, prod: 0.083131, t_ads: 52.5, t_des: 48.0, bed_util_ads: 0.496, bed_util_des: 0.495, des_th: 0.4952140525508296,frac_lost: 0.107, li_recovered:  8.356, time: 0.004379961999802617
L: 0.50, u_super: 0.00161, sec: 87.944, prod: 0.034872, t_ads: 119.0, t_des: 101.6, bed_util_ads: 0.497, bed_util_des: 0.497, des_th: 0.4970119658697137,frac_lost: 0.106, li_recovered:  7.692, time: 0.003937231000236352
L: 0.50, u_super: 0.00006 — INFEASIBLE (li_recovered=0.000e+00), time: 0.0016167459998541744
L: 0.50, u_super: 0.00085, sec: 46.861, prod: 0.018143, t_ads: 220.7, t_des: 212.2, bed_util_ads: 0.474, bed_util_des: 0.472, des_th: 0.47200896014938076,frac_lost: 0.106, li_recovered:  7.854, time: 0.003890489000696107
L: 0.50, u_super: 0.00513, sec: 282.066, prod: 0.115690, t_ads: 37.9, t_des: 34.7, bed_util_ads: 0.497, bed_util_des: 0.497, des_th: 0.4965481976026224,frac_lost: 0.103, li_recovered:  8.398, time: 0.004789627999343793
L: 0.50, u_super: 0.00912, sec: 526.687, prod: 0.206788, t_ads: 21.4, t_des: 19.4, bed_util_ads: 0.500, bed_util_des: 0.499, des_th: 0.49942132725883337,frac_lost: 0.105, li_recovered:  8.441, time: 0.0036896860001434106
L: 0.50, u_super: 0.00194, sec: 104.957, prod: 0.042448, t_ads: 98.7, t_des: 85.4, bed_util_ads: 0.497, bed_util_des: 0.497, des_th: 0.4970119658697137,frac_lost: 0.101, li_recovered:  7.815, time: 0.004991322999558179
   379 |    15160 |     40 |  0.0032699722 |             f
L: 0.50, u_super: 0.00371, sec: 201.103, prod: 0.083198, t_ads: 52.4, t_des: 48.0, bed_util_ads: 0.496, bed_util_des: 0.495, des_th: 0.4952140525508296,frac_lost: 0.105, li_recovered:  8.357, time: 0.004413446000398835
L: 0.50, u_super: 0.00879, sec: 509.315, prod: 0.197677, t_ads: 22.2, t_des: 21.4, bed_util_ads: 0.492, bed_util_des: 0.491, des_th: 0.49144327353377504,frac_lost: 0.104, li_recovered:  8.615, time: 0.004162421999353683
L: 0.50, u_super: 0.00009 — INFEASIBLE (li_recovered=0.000e+00), time: 0.001161149999461486
L: 0.50, u_super: 0.00837, sec: 479.136, prod: 0.189347, t_ads: 23.4, t_des: 21.0, bed_util_ads: 0.500, bed_util_des: 0.500, des_th: 0.4995473839969286,frac_lost: 0.106, li_recovered:  8.397, time: 0.004766927000673604
L: 0.50, u_super: 0.00441, sec: 241.120, prod: 0.099150, t_ads: 44.2, t_des: 40.3, bed_util_ads: 0.497, bed_util_des: 0.496, des_th: 0.4964571044161933,frac_lost: 0.107, li_recovered:  8.380, time: 0.003701163999721757
L: 0.50, u_super: 0.00085, sec: 187.027, prod: 0.004520, t_ads: 230.9, t_des: 1699.9, bed_util_ads: 0.242, bed_util_des: 0.219, des_th: 0.21933270480749348,frac_lost: 0.102, li_recovered:  8.728, time: 0.014882822999425116
L: 0.50, u_super: 0.00477, sec: 272.303, prod: 0.103235, t_ads: 40.6, t_des: 43.0, bed_util_ads: 0.478, bed_util_des: 0.477, des_th: 0.4773455590277326,frac_lost: 0.101, li_recovered:  8.633, time: 0.004437831999894115
L: 0.50, u_super: 0.00344, sec: 186.488, prod: 0.076997, t_ads: 56.5, t_des: 50.5, bed_util_ads: 0.498, bed_util_des: 0.497, des_th: 0.49743136906454527,frac_lost: 0.107, li_recovered:  8.242, time: 0.003996310999355046
L: 9.13, u_super: 0.00423 — INFEASIBLE (li_recovered=0.000e+00), time: 0.002132810999682988
L: 35.43, u_super: 0.00236 — INFEASIBLE (li_recovered=0.000e+00), time: 0.0008024470007512718
L: 0.50, u_super: 0.00561, sec: 309.914, prod: 0.126759, t_ads: 34.6, t_des: 31.7, bed_util_ads: 0.497, bed_util_des: 0.497, des_th: 0.4969980741897733,frac_lost: 0.102, li_recovered:  8.406, time: 0.008804000999589334
L: 0.50, u_super: 0.00876, sec: 503.684, prod: 0.198281, t_ads: 22.3, t_des: 20.5, bed_util_ads: 0.498, bed_util_des: 0.498, des_th: 0.49812393036491875,frac_lost: 0.106, li_recovered:  8.488, time: 0.00907503199960047
L: 65.57, u_super: 0.00103 — INFEASIBLE (li_recovered=0.000e+00), time: 0.001084638999600429
L: 0.50, u_super: 0.00454, sec: 248.851, prod: 0.102229, t_ads: 42.8, t_des: 38.2, bed_util_ads: 0.500, bed_util_des: 0.500, des_th: 0.4997204627358529,frac_lost: 0.104, li_recovered:  8.273, time: 0.006738162999681663
L: 0.61, u_super: 0.00344, sec: 229.845, prod: 0.076512, t_ads: 68.7, t_des: 66.4, bed_util_ads: 0.487, bed_util_des: 0.486, des_th: 0.4863892902069382,frac_lost: 0.102, li_recovered:  10.332, time: 0.01677003000077093
L: 0.50, u_super: 0.00014 — INFEASIBLE (li_recovered=0.000e+00), time: 0.001823161999709555
L: 0.50, u_super: 0.00937, sec: 542.589, prod: 0.212325, t_ads: 20.8, t_des: 19.2, bed_util_ads: 0.497, bed_util_des: 0.497, des_th: 0.49705625269047965,frac_lost: 0.105, li_recovered:  8.497, time: 0.006696276999718975
L: 0.50, u_super: 0.00990, sec: 576.356, prod: 0.224677, t_ads: 19.7, t_des: 17.9, bed_util_ads: 0.500, bed_util_des: 0.499, des_th: 0.49942132725883337,frac_lost: 0.103, li_recovered:  8.451, time: 0.0077610610005649505
L: 0.50, u_super: 0.00764, sec: 451.560, prod: 0.165768, t_ads: 25.6, t_des: 26.8, bed_util_ads: 0.481, bed_util_des: 0.480, des_th: 0.48018355918976896,frac_lost: 0.107, li_recovered:  8.689, time: 0.00516407800023444
L: 0.50, u_super: 0.00094, sec: 298.163, prod: 0.003483, t_ads: 210.1, t_des: 2317.0, bed_util_ads: 0.209, bed_util_des: 0.185, des_th: 0.1851696623157332,frac_lost: 0.104, li_recovered:  8.802, time: 0.022943201000089175
L: 0.50, u_super: 0.00787, sec: 446.428, prod: 0.178440, t_ads: 24.7, t_des: 22.3, bed_util_ads: 0.499, bed_util_des: 0.499, des_th: 0.4990779722434431,frac_lost: 0.100, li_recovered:  8.377, time: 0.004168511999523616
L: 0.50, u_super: 0.00635, sec: 354.487, prod: 0.143707, t_ads: 30.6, t_des: 27.6, bed_util_ads: 0.498, bed_util_des: 0.498, des_th: 0.49815652231317104,frac_lost: 0.103, li_recovered:  8.371, time: 0.0041115000003628666
L: 0.50, u_super: 0.00115, sec: 62.696, prod: 0.024878, t_ads: 165.1, t_des: 160.8, bed_util_ads: 0.477, bed_util_des: 0.476, des_th: 0.47566376939267263,frac_lost: 0.106, li_recovered:  8.107, time: 0.003973766999479267
L: 0.50, u_super: 0.00047 — INFEASIBLE (li_recovered=0.000e+00), time: 0.0023079549991962267
L: 0.50, u_super: 0.00549, sec: 303.319, prod: 0.124225, t_ads: 35.3, t_des: 32.1, bed_util_ads: 0.498, bed_util_des: 0.497, des_th: 0.49744182787967617,frac_lost: 0.101, li_recovered:  8.368, time: 0.004560612000204856
L: 0.50, u_super: 0.00668, sec: 375.361, prod: 0.150731, t_ads: 29.3, t_des: 26.4, bed_util_ads: 0.500, bed_util_des: 0.499, des_th: 0.4993947429391308,frac_lost: 0.109, li_recovered:  8.394, time: 0.0044769770011043875
L: 0.50, u_super: 0.00684, sec: 392.029, prod: 0.151514, t_ads: 28.4, t_des: 28.7, bed_util_ads: 0.485, bed_util_des: 0.484, des_th: 0.48421667482308517,frac_lost: 0.101, li_recovered:  8.647, time: 0.004377830999146681
L: 37.02, u_super: 0.00173 — INFEASIBLE (li_recovered=0.000e+00), time: 0.0008599720003985567
L: 0.50, u_super: 0.00764, sec: 433.876, prod: 0.172812, t_ads: 25.6, t_des: 23.3, bed_util_ads: 0.499, bed_util_des: 0.499, des_th: 0.49905509613271076,frac_lost: 0.107, li_recovered:  8.447, time: 0.004157295999902999
L: 0.50, u_super: 0.00387, sec: 210.669, prod: 0.086824, t_ads: 50.3, t_des: 46.6, bed_util_ads: 0.493, bed_util_des: 0.493, des_th: 0.4930237619981278,frac_lost: 0.107, li_recovered:  8.417, time: 0.004323168999690097
L: 0.50, u_super: 0.00397, sec: 1901.730, prod: 0.010150, t_ads: 49.4, t_des: 816.2, bed_util_ads: 0.187, bed_util_des: 0.180, des_th: 0.18041508223220337,frac_lost: 0.103, li_recovered:  8.786, time: 0.05909408600018651
L: 0.50, u_super: 0.00964, sec: 560.661, prod: 0.218101, t_ads: 20.3, t_des: 18.9, bed_util_ads: 0.497, bed_util_des: 0.497, des_th: 0.49655967741066265,frac_lost: 0.105, li_recovered:  8.540, time: 0.006356623000101536
L: 0.50, u_super: 0.00236, sec: 127.163, prod: 0.052405, t_ads: 81.8, t_des: 72.8, bed_util_ads: 0.497, bed_util_des: 0.496, des_th: 0.49646810381073464,frac_lost: 0.105, li_recovered:  8.099, time: 0.005343550001271069
L: 0.50, u_super: 0.00632, sec: 1245.027, prod: 0.040537, t_ads: 31.0, t_des: 185.1, bed_util_ads: 0.278, bed_util_des: 0.275, des_th: 0.27533127853090567,frac_lost: 0.106, li_recovered:  8.760, time: 0.015420861998791224
L: 0.50, u_super: 0.00731, sec: 413.420, prod: 0.165194, t_ads: 26.8, t_des: 24.4, bed_util_ads: 0.499, bed_util_des: 0.499, des_th: 0.4990703588157227,frac_lost: 0.107, li_recovered:  8.450, time: 0.004671540998970158
L: 0.50, u_super: 0.00640, sec: 357.306, prod: 0.144808, t_ads: 30.4, t_des: 27.4, bed_util_ads: 0.498, bed_util_des: 0.498, des_th: 0.49815652231317104,frac_lost: 0.102, li_recovered:  8.366, time: 0.00747522200072126
L: 0.50, u_super: 0.00672, sec: 375.984, prod: 0.152185, t_ads: 28.9, t_des: 26.4, bed_util_ads: 0.497, bed_util_des: 0.497, des_th: 0.4965598151703534,frac_lost: 0.101, li_recovered:  8.420, time: 0.01104882199979329
L: 11.99, u_super: 0.00600 — INFEASIBLE (li_recovered=0.000e+00), time: 0.010127588999239379
L: 0.50, u_super: 0.00240, sec: 128.943, prod: 0.053317, t_ads: 80.5, t_des: 72.4, bed_util_ads: 0.495, bed_util_des: 0.495, des_th: 0.4949265823945315,frac_lost: 0.105, li_recovered:  8.148, time: 0.014055743999051629
L: 0.50, u_super: 0.00063, sec: 36.012, prod: 0.013004, t_ads: 290.2, t_des: 257.8, bed_util_ads: 0.478, bed_util_des: 0.477, des_th: 0.4771013407210126,frac_lost: 0.105, li_recovered:  7.127, time: 0.010143781000806484
   380 |    15200 |     40 |  0.0019849802 |             f
L: 34.33, u_super: 0.00937 — INFEASIBLE (li_recovered=0.000e+00), time: 0.005812543000502046
L: 0.50, u_super: 0.00684, sec: 426.894, prod: 0.139140, t_ads: 28.7, t_des: 33.8, bed_util_ads: 0.465, bed_util_des: 0.465, des_th: 0.4648833839114882,frac_lost: 0.109, li_recovered:  8.697, time: 0.006308060999799636
L: 0.50, u_super: 0.00102, sec: 55.483, prod: 0.021976, t_ads: 184.9, t_des: 177.6, bed_util_ads: 0.478, bed_util_des: 0.476, des_th: 0.47660233379153905,frac_lost: 0.103, li_recovered:  7.968, time: 0.004850248998991447
L: 0.50, u_super: 0.00292, sec: 157.566, prod: 0.065453, t_ads: 66.0, t_des: 61.4, bed_util_ads: 0.492, bed_util_des: 0.492, des_th: 0.4920284667567552,frac_lost: 0.103, li_recovered:  8.343, time: 0.005740684999182122
L: 0.50, u_super: 0.00262, sec: 141.914, prod: 0.058290, t_ads: 73.6, t_des: 64.5, bed_util_ads: 0.500, bed_util_des: 0.499, des_th: 0.4993027788502484,frac_lost: 0.104, li_recovered:  8.047, time: 0.003950552998503554
L: 0.50, u_super: 0.00343, sec: 185.938, prod: 0.076770, t_ads: 56.7, t_des: 50.7, bed_util_ads: 0.498, bed_util_des: 0.497, des_th: 0.4975287740793948,frac_lost: 0.107, li_recovered:  8.247, time: 0.005227652000030503
L: 0.50, u_super: 0.00505, sec: 277.423, prod: 0.113875, t_ads: 38.4, t_des: 34.5, bed_util_ads: 0.499, bed_util_des: 0.499, des_th: 0.4991618723644616,frac_lost: 0.102, li_recovered:  8.297, time: 0.005212015001234249
L: 0.50, u_super: 0.00892, sec: 514.627, prod: 0.201945, t_ads: 21.9, t_des: 20.3, bed_util_ads: 0.496, bed_util_des: 0.496, des_th: 0.49635663683911435,frac_lost: 0.105, li_recovered:  8.526, time: 0.0041863919996103505
L: 0.50, u_super: 0.00006 — INFEASIBLE (li_recovered=0.000e+00), time: 0.0012725399992632447
L: 61.30, u_super: 0.00576 — INFEASIBLE (li_recovered=0.000e+00), time: 0.0012371940010780236
L: 0.50, u_super: 0.00927, sec: 543.936, prod: 0.207081, t_ads: 21.1, t_des: 20.7, bed_util_ads: 0.489, bed_util_des: 0.488, des_th: 0.48832864375475205,frac_lost: 0.104, li_recovered:  8.654, time: 0.004827341999771306
L: 0.50, u_super: 0.00019 — INFEASIBLE (li_recovered=0.000e+00), time: 0.0013904250008636154
L: 19.37, u_super: 0.00990 — INFEASIBLE (li_recovered=0.000e+00), time: 0.0025227179994544713
L: 0.50, u_super: 0.00231, sec: 124.525, prod: 0.051319, t_ads: 83.4, t_des: 74.2, bed_util_ads: 0.497, bed_util_des: 0.496, des_th: 0.4964687827730832,frac_lost: 0.105, li_recovered:  8.087, time: 0.004002894000223023
L: 0.50, u_super: 0.00169, sec: 92.040, prod: 0.036943, t_ads: 112.8, t_des: 97.6, bed_util_ads: 0.497, bed_util_des: 0.496, des_th: 0.4964374246343351,frac_lost: 0.103, li_recovered:  7.773, time: 0.004203223999866168
L: 0.50, u_super: 0.00005 — INFEASIBLE (li_recovered=0.000e+00), time: 0.0011935519996768562
L: 0.50, u_super: 0.00333, sec: 180.373, prod: 0.074321, t_ads: 58.4, t_des: 51.7, bed_util_ads: 0.500, bed_util_des: 0.499, des_th: 0.4993009945711384,frac_lost: 0.106, li_recovered:  8.181, time: 0.003850826999041601
L: 0.50, u_super: 0.00927, sec: 536.086, prod: 0.210055, t_ads: 21.1, t_des: 19.4, bed_util_ads: 0.497, bed_util_des: 0.497, des_th: 0.49705625269047965,frac_lost: 0.104, li_recovered:  8.496, time: 0.004961225000442937
L: 0.50, u_super: 0.00803, sec: 458.254, prod: 0.181699, t_ads: 24.4, t_des: 22.1, bed_util_ads: 0.499, bed_util_des: 0.499, des_th: 0.4990779722434431,frac_lost: 0.107, li_recovered:  8.441, time: 0.0047965220001060516
L: 0.50, u_super: 0.00319, sec: 172.892, prod: 0.071269, t_ads: 60.4, t_des: 53.1, bed_util_ads: 0.499, bed_util_des: 0.499, des_th: 0.4993009945711384,frac_lost: 0.101, li_recovered:  8.094, time: 0.004090402000656468
L: 0.50, u_super: 0.00201, sec: 109.606, prod: 0.044025, t_ads: 95.0, t_des: 81.2, bed_util_ads: 0.500, bed_util_des: 0.499, des_th: 0.4994226797328678,frac_lost: 0.101, li_recovered:  7.756, time: 0.004371544000605354
L: 16.13, u_super: 0.00625 — INFEASIBLE (li_recovered=0.000e+00), time: 0.0014886379995004972
L: 0.50, u_super: 0.00151, sec: 82.883, prod: 0.032344, t_ads: 127.0, t_des: 130.6, bed_util_ads: 0.474, bed_util_des: 0.473, des_th: 0.4726825444495736,frac_lost: 0.104, li_recovered:  8.334, time: 0.004186555001069792
L: 0.50, u_super: 0.00435, sec: 237.462, prod: 0.097818, t_ads: 44.8, t_des: 40.8, bed_util_ads: 0.496, bed_util_des: 0.496, des_th: 0.4955827033266836,frac_lost: 0.105, li_recovered:  8.371, time: 0.004135041999688838
L: 8.27, u_super: 0.00250 — INFEASIBLE (li_recovered=0.000e+00), time: 0.0016978799994831206
L: 0.50, u_super: 0.00439, sec: 240.118, prod: 0.098703, t_ads: 44.3, t_des: 39.5, bed_util_ads: 0.499, bed_util_des: 0.498, des_th: 0.4984950724232472,frac_lost: 0.104, li_recovered:  8.264, time: 0.003949137999370578
L: 0.50, u_super: 0.00060, sec: 160.104, prod: 0.002664, t_ads: 327.1, t_des: 2974.1, bed_util_ads: 0.219, bed_util_des: 0.185, des_th: 0.1851696623157332,frac_lost: 0.102, li_recovered:  8.793, time: 0.028301575999648776
L: 0.50, u_super: 0.00039 — INFEASIBLE (li_recovered=0.000e+00), time: 0.004086842000106117
L: 10.18, u_super: 0.00837 — INFEASIBLE (li_recovered=0.000e+00), time: 0.004177460999926552
L: 0.50, u_super: 0.00835, sec: 4165.245, prod: 0.021668, t_ads: 23.5, t_des: 381.7, bed_util_ads: 0.190, bed_util_des: 0.187, des_th: 0.18705037516909037,frac_lost: 0.104, li_recovered:  8.781, time: 0.056811450000168406
L: 0.50, u_super: 0.00491, sec: 269.669, prod: 0.110804, t_ads: 39.6, t_des: 36.1, bed_util_ads: 0.497, bed_util_des: 0.496, des_th: 0.4964906121274705,frac_lost: 0.104, li_recovered:  8.386, time: 0.007563622999441577
L: 0.50, u_super: 0.00517, sec: 284.622, prod: 0.116891, t_ads: 37.5, t_des: 34.4, bed_util_ads: 0.497, bed_util_des: 0.497, des_th: 0.49654751864027385,frac_lost: 0.102, li_recovered:  8.406, time: 0.007080792000124347
L: 0.50, u_super: 0.00712, sec: 404.443, prod: 0.159998, t_ads: 27.5, t_des: 26.1, bed_util_ads: 0.493, bed_util_des: 0.493, des_th: 0.49303500550213847,frac_lost: 0.108, li_recovered:  8.580, time: 0.006343123999613454
L: 0.50, u_super: 0.00153, sec: 617.318, prod: 0.004503, t_ads: 128.2, t_des: 1825.8, bed_util_ads: 0.194, bed_util_des: 0.177, des_th: 0.17728118059809236,frac_lost: 0.102, li_recovered:  8.798, time: 0.037854767999306205
L: 0.50, u_super: 0.00124, sec: 66.996, prod: 0.026857, t_ads: 153.3, t_des: 149.3, bed_util_ads: 0.478, bed_util_des: 0.477, des_th: 0.47723441793265436,frac_lost: 0.102, li_recovered:  8.127, time: 0.005338233999282238
L: 18.22, u_super: 0.00344 — INFEASIBLE (li_recovered=0.000e+00), time: 0.0014467330001934897
L: 0.50, u_super: 0.00837, sec: 479.546, prod: 0.189297, t_ads: 23.4, t_des: 20.9, bed_util_ads: 0.500, bed_util_des: 0.500, des_th: 0.49998042138709375,frac_lost: 0.107, li_recovered:  8.388, time: 0.004673489998822333
L: 23.06, u_super: 0.00703 — INFEASIBLE (li_recovered=0.000e+00), time: 0.0015007950005383464
L: 0.50, u_super: 0.00619, sec: 344.861, prod: 0.140086, t_ads: 31.4, t_des: 28.7, bed_util_ads: 0.498, bed_util_des: 0.497, des_th: 0.49747150934609186,frac_lost: 0.103, li_recovered:  8.422, time: 0.004218611000396777
L: 0.50, u_super: 0.00201, sec: 108.695, prod: 0.044394, t_ads: 94.9, t_des: 83.3, bed_util_ads: 0.497, bed_util_des: 0.497, des_th: 0.4970119658697137,frac_lost: 0.100, li_recovered:  7.910, time: 0.006224366999958875
   381 |    15240 |     40 |  0.0041678222 |             f
L: 0.50, u_super: 0.00823, sec: 470.653, prod: 0.186016, t_ads: 23.8, t_des: 21.8, bed_util_ads: 0.498, bed_util_des: 0.497, des_th: 0.4974778797539985,frac_lost: 0.107, li_recovered:  8.490, time: 0.0051135360008629505
L: 0.50, u_super: 0.00435, sec: 237.575, prod: 0.097771, t_ads: 44.8, t_des: 40.9, bed_util_ads: 0.496, bed_util_des: 0.496, des_th: 0.4955827033266836,frac_lost: 0.106, li_recovered:  8.383, time: 0.005675218999385834
L: 3.23, u_super: 0.00561, sec: 2123.424, prod: 0.119342, t_ads: 215.9, t_des: 212.6, bed_util_ads: 0.471, bed_util_des: 0.469, des_th: 0.46956286942619496,frac_lost: 0.104, li_recovered:  51.144, time: 0.005029287000070326
L: 12.16, u_super: 0.00532 — INFEASIBLE (li_recovered=0.000e+00), time: 0.0020046579993504565
L: 0.50, u_super: 0.00970, sec: 563.378, prod: 0.219964, t_ads: 20.1, t_des: 18.3, bed_util_ads: 0.500, bed_util_des: 0.499, des_th: 0.49942132725883337,frac_lost: 0.104, li_recovered:  8.445, time: 0.004924042001221096
L: 0.50, u_super: 0.00940, sec: 545.125, prod: 0.212805, t_ads: 20.8, t_des: 19.3, bed_util_ads: 0.497, bed_util_des: 0.497, des_th: 0.49658077810311063,frac_lost: 0.105, li_recovered:  8.538, time: 0.004455553000298096
L: 0.50, u_super: 0.00457, sec: 334.244, prod: 0.077204, t_ads: 42.8, t_des: 69.7, bed_util_ads: 0.424, bed_util_des: 0.422, des_th: 0.422289574733926,frac_lost: 0.107, li_recovered:  8.679, time: 0.008700865999344387
L: 39.40, u_super: 0.00876 — INFEASIBLE (li_recovered=0.000e+00), time: 0.0014044750005268725
L: 0.50, u_super: 0.00024, sec: 39.504, prod: 0.001700, t_ads: 821.5, t_des: 4271.6, bed_util_ads: 0.243, bed_util_des: 0.185, des_th: 0.1851696623157332,frac_lost: 0.100, li_recovered:  8.657, time: 0.013125550000040676
L: 0.50, u_super: 0.00964, sec: 564.747, prod: 0.216879, t_ads: 20.3, t_des: 19.5, bed_util_ads: 0.492, bed_util_des: 0.492, des_th: 0.49209946806173077,frac_lost: 0.105, li_recovered:  8.623, time: 0.004865699000220047
L: 0.50, u_super: 0.00236, sec: 127.300, prod: 0.052201, t_ads: 81.8, t_des: 79.0, bed_util_ads: 0.485, bed_util_des: 0.485, des_th: 0.48470420206028514,frac_lost: 0.104, li_recovered:  8.393, time: 0.005226004999713041
L: 0.50, u_super: 0.00738, sec: 417.863, prod: 0.166657, t_ads: 26.6, t_des: 24.1, bed_util_ads: 0.498, bed_util_des: 0.498, des_th: 0.4980631224630734,frac_lost: 0.108, li_recovered:  8.446, time: 0.0044826789999206085
L: 0.50, u_super: 0.00025, sec: 33.178, prod: 0.002168, t_ads: 788.0, t_des: 3119.0, bed_util_ads: 0.269, bed_util_des: 0.218, des_th: 0.21806843009048513,frac_lost: 0.105, li_recovered:  8.469, time: 0.011066879000281915
L: 0.50, u_super: 0.00201, sec: 108.695, prod: 0.044394, t_ads: 94.9, t_des: 83.3, bed_util_ads: 0.497, bed_util_des: 0.497, des_th: 0.4970119658697137,frac_lost: 0.100, li_recovered:  7.910, time: 0.004300617998524103
L: 0.50, u_super: 0.00041 — INFEASIBLE (li_recovered=0.000e+00), time: 0.0022600669999519596
L: 0.50, u_super: 0.00442, sec: 241.804, prod: 0.099209, t_ads: 44.1, t_des: 39.3, bed_util_ads: 0.499, bed_util_des: 0.499, des_th: 0.49905509613271076,frac_lost: 0.106, li_recovered:  8.273, time: 0.004543220000414294
L: 0.50, u_super: 0.00459, sec: 251.422, prod: 0.103248, t_ads: 42.4, t_des: 39.3, bed_util_ads: 0.495, bed_util_des: 0.495, des_th: 0.4951563437261885,frac_lost: 0.106, li_recovered:  8.434, time: 0.004207117999612819
L: 0.50, u_super: 0.00670, sec: 375.662, prod: 0.151741, t_ads: 28.9, t_des: 25.9, bed_util_ads: 0.499, bed_util_des: 0.499, des_th: 0.4993009945711384,frac_lost: 0.101, li_recovered:  8.319, time: 0.00412096800027939
L: 0.50, u_super: 0.00067, sec: 146.691, prod: 0.003553, t_ads: 293.7, t_des: 2162.4, bed_util_ads: 0.238, bed_util_des: 0.210, des_th: 0.20983840733264156,frac_lost: 0.100, li_recovered:  8.727, time: 0.018195804999777465
L: 0.50, u_super: 0.00307, sec: 165.466, prod: 0.068579, t_ads: 63.2, t_des: 58.7, bed_util_ads: 0.492, bed_util_des: 0.492, des_th: 0.4920284667567552,frac_lost: 0.105, li_recovered:  8.358, time: 0.0040942329997051274
L: 0.50, u_super: 0.00668, sec: 375.107, prod: 0.150834, t_ads: 29.3, t_des: 26.3, bed_util_ads: 0.499, bed_util_des: 0.499, des_th: 0.4993009945711384,frac_lost: 0.107, li_recovered:  8.378, time: 0.006079753000449273
L: 0.50, u_super: 0.00703, sec: 395.964, prod: 0.158961, t_ads: 27.8, t_des: 25.3, bed_util_ads: 0.498, bed_util_des: 0.498, des_th: 0.49785455438838916,frac_lost: 0.106, li_recovered:  8.434, time: 0.005343128999811597
L: 0.50, u_super: 0.00743, sec: 421.265, prod: 0.167921, t_ads: 26.3, t_des: 24.2, bed_util_ads: 0.497, bed_util_des: 0.497, des_th: 0.4966104069257423,frac_lost: 0.107, li_recovered:  8.489, time: 0.004266034999091062
L: 0.50, u_super: 0.00128, sec: 71.879, prod: 0.026944, t_ads: 148.0, t_des: 120.9, bed_util_ads: 0.499, bed_util_des: 0.499, des_th: 0.4993593729542681,frac_lost: 0.104, li_recovered:  7.246, time: 0.004062353000335861
L: 0.50, u_super: 0.00399, sec: 217.064, prod: 0.089700, t_ads: 48.7, t_des: 44.5, bed_util_ads: 0.495, bed_util_des: 0.495, des_th: 0.49519295185838164,frac_lost: 0.105, li_recovered:  8.359, time: 0.0038285020000330405
L: 0.50, u_super: 0.00587, sec: 327.321, prod: 0.132208, t_ads: 33.0, t_des: 31.6, bed_util_ads: 0.492, bed_util_des: 0.491, des_th: 0.49125396634235774,frac_lost: 0.101, li_recovered:  8.549, time: 0.003851767000014661
L: 14.62, u_super: 0.00640 — INFEASIBLE (li_recovered=0.000e+00), time: 0.0021463659995788475
L: 0.50, u_super: 0.00397, sec: 216.149, prod: 0.089303, t_ads: 48.9, t_des: 44.8, bed_util_ads: 0.495, bed_util_des: 0.495, des_th: 0.4951394197911044,frac_lost: 0.105, li_recovered:  8.370, time: 0.00420971399944392
L: 0.50, u_super: 0.00021, sec: 23.088, prod: 0.002227, t_ads: 908.2, t_des: 2750.9, bed_util_ads: 0.287, bed_util_des: 0.238, des_th: 0.2378061799971758,frac_lost: 0.102, li_recovered:  8.148, time: 0.0076323930006765295
L: 0.50, u_super: 0.00894, sec: 515.765, prod: 0.202492, t_ads: 21.9, t_des: 20.0, bed_util_ads: 0.497, bed_util_des: 0.497, des_th: 0.49705625269047965,frac_lost: 0.106, li_recovered:  8.488, time: 0.004287168001610553
L: 30.33, u_super: 0.00837 — INFEASIBLE (li_recovered=0.000e+00), time: 0.001397536998410942
L: 0.50, u_super: 0.00866, sec: 497.165, prod: 0.196055, t_ads: 22.6, t_des: 20.5, bed_util_ads: 0.500, bed_util_des: 0.500, des_th: 0.49972078558993605,frac_lost: 0.106, li_recovered:  8.449, time: 0.004120503999729408
L: 0.50, u_super: 0.00803, sec: 458.254, prod: 0.181699, t_ads: 24.4, t_des: 22.1, bed_util_ads: 0.499, bed_util_des: 0.499, des_th: 0.4990779722434431,frac_lost: 0.107, li_recovered:  8.441, time: 0.004332291000537225
L: 5.25, u_super: 0.00393 — INFEASIBLE (li_recovered=0.000e+00), time: 0.0027419640009611612
L: 0.50, u_super: 0.00688, sec: 385.945, prod: 0.155958, t_ads: 28.2, t_des: 26.1, bed_util_ads: 0.496, bed_util_des: 0.496, des_th: 0.4955827033266836,frac_lost: 0.100, li_recovered:  8.466, time: 0.004356995999842184
L: 0.50, u_super: 0.00675, sec: 379.620, prod: 0.152419, t_ads: 29.0, t_des: 26.0, bed_util_ads: 0.500, bed_util_des: 0.500, des_th: 0.49966917464188054,frac_lost: 0.108, li_recovered:  8.381, time: 0.005664500000420958
L: 0.50, u_super: 0.00784, sec: 444.884, prod: 0.177915, t_ads: 24.7, t_des: 22.4, bed_util_ads: 0.499, bed_util_des: 0.499, des_th: 0.4991578248824919,frac_lost: 0.100, li_recovered:  8.379, time: 0.00424719699913112
L: 0.50, u_super: 0.00964, sec: 710.385, prod: 0.172133, t_ads: 20.3, t_des: 30.4, bed_util_ads: 0.437, bed_util_des: 0.436, des_th: 0.43591318079424235,frac_lost: 0.104, li_recovered:  8.725, time: 0.005330198999217828
L: 0.50, u_super: 0.00536, sec: 295.988, prod: 0.120788, t_ads: 36.3, t_des: 32.4, bed_util_ads: 0.500, bed_util_des: 0.500, des_th: 0.49959139046717127,frac_lost: 0.104, li_recovered:  8.306, time: 0.004509792999670026
L: 0.50, u_super: 0.00262, sec: 142.274, prod: 0.058143, t_ads: 73.5, t_des: 63.8, bed_util_ads: 0.500, bed_util_des: 0.499, des_th: 0.4993027788502484,frac_lost: 0.104, li_recovered:  7.985, time: 0.004555424999125535
   382 |    15280 |     40 |  0.0027929192 |             f
L: 0.50, u_super: 0.00294, sec: 159.205, prod: 0.065646, t_ads: 65.4, t_des: 57.6, bed_util_ads: 0.498, bed_util_des: 0.498, des_th: 0.49796488168648617,frac_lost: 0.101, li_recovered:  8.077, time: 0.005585303999396274
L: 0.50, u_super: 0.00924, sec: 534.349, prod: 0.209554, t_ads: 21.1, t_des: 19.4, bed_util_ads: 0.497, bed_util_des: 0.496, des_th: 0.496491308882286,frac_lost: 0.104, li_recovered:  8.496, time: 0.004152927998802625
L: 0.50, u_super: 0.00167, sec: 90.560, prod: 0.036615, t_ads: 114.2, t_des: 100.1, bed_util_ads: 0.495, bed_util_des: 0.494, des_th: 0.4945369424363459,frac_lost: 0.103, li_recovered:  7.844, time: 0.005719856999348849
L: 0.50, u_super: 0.00236, sec: 127.409, prod: 0.052304, t_ads: 81.6, t_des: 71.7, bed_util_ads: 0.498, bed_util_des: 0.498, des_th: 0.4980574869526894,frac_lost: 0.104, li_recovered:  8.020, time: 0.005974462999802199
L: 0.50, u_super: 0.00800, sec: 456.712, prod: 0.180840, t_ads: 24.5, t_des: 22.4, bed_util_ads: 0.497, bed_util_des: 0.497, des_th: 0.4969283986569061,frac_lost: 0.108, li_recovered:  8.488, time: 0.00692274399989401
L: 0.50, u_super: 0.00848, sec: 486.018, prod: 0.191860, t_ads: 23.1, t_des: 21.2, bed_util_ads: 0.497, bed_util_des: 0.497, des_th: 0.49705625269047965,frac_lost: 0.106, li_recovered:  8.485, time: 0.006189314000948798
L: 0.50, u_super: 0.00128, sec: 70.554, prod: 0.027450, t_ads: 147.8, t_des: 126.0, bed_util_ads: 0.496, bed_util_des: 0.495, des_th: 0.4955417002496121,frac_lost: 0.103, li_recovered:  7.516, time: 0.0049696500009304145
L: 0.50, u_super: 0.00021, sec: 22.832, prod: 0.002252, t_ads: 907.7, t_des: 2705.9, bed_util_ads: 0.289, bed_util_des: 0.240, des_th: 0.24018818788721555,frac_lost: 0.102, li_recovered:  8.137, time: 0.008229959001255338
L: 0.50, u_super: 0.00119, sec: 64.428, prod: 0.025684, t_ads: 160.2, t_des: 155.6, bed_util_ads: 0.478, bed_util_des: 0.477, des_th: 0.4771013407210126,frac_lost: 0.105, li_recovered:  8.113, time: 0.004783794000104535
L: 0.50, u_super: 0.00667, sec: 374.531, prod: 0.150374, t_ads: 29.4, t_des: 26.7, bed_util_ads: 0.499, bed_util_des: 0.499, des_th: 0.49930178132163466,frac_lost: 0.109, li_recovered:  8.432, time: 0.005387163000705186
L: 29.65, u_super: 0.00978 — INFEASIBLE (li_recovered=0.000e+00), time: 0.0034967829997185618
L: 0.50, u_super: 0.00452, sec: 247.189, prod: 0.101852, t_ads: 43.0, t_des: 39.3, bed_util_ads: 0.495, bed_util_des: 0.495, des_th: 0.4951543204865706,frac_lost: 0.104, li_recovered:  8.382, time: 0.00649626199992781
L: 0.50, u_super: 0.00594, sec: 329.946, prod: 0.134437, t_ads: 32.6, t_des: 30.3, bed_util_ads: 0.495, bed_util_des: 0.495, des_th: 0.49511679922037055,frac_lost: 0.101, li_recovered:  8.455, time: 0.005834072000652668
L: 0.50, u_super: 0.00373, sec: 202.515, prod: 0.083753, t_ads: 52.1, t_des: 47.3, bed_util_ads: 0.497, bed_util_des: 0.497, des_th: 0.49684611089997033,frac_lost: 0.106, li_recovered:  8.322, time: 0.004480415000216453
L: 0.50, u_super: 0.00063 — INFEASIBLE (li_recovered=0.000e+00), time: 0.0032186549997277325
L: 1.04, u_super: 0.00491, sec: 568.760, prod: 0.108786, t_ads: 81.3, t_des: 78.6, bed_util_ads: 0.487, bed_util_des: 0.486, des_th: 0.4860545106922672,frac_lost: 0.104, li_recovered:  17.391, time: 0.009267223000279046
L: 0.50, u_super: 0.00640, sec: 3238.852, prod: 0.015968, t_ads: 30.6, t_des: 519.3, bed_util_ads: 0.186, bed_util_des: 0.182, des_th: 0.18219298279193777,frac_lost: 0.102, li_recovered:  8.781, time: 0.04476913699909346
L: 0.50, u_super: 0.00173, sec: 94.695, prod: 0.037311, t_ads: 110.8, t_des: 93.3, bed_util_ads: 0.500, bed_util_des: 0.500, des_th: 0.49976197914685977,frac_lost: 0.104, li_recovered:  7.616, time: 0.005293367999911425
L: 120.84, u_super: 0.00082 — INFEASIBLE (li_recovered=0.000e+00), time: 0.0009858580015134066
L: 0.50, u_super: 0.00356, sec: 193.347, prod: 0.079905, t_ads: 54.6, t_des: 49.4, bed_util_ads: 0.497, bed_util_des: 0.497, des_th: 0.4970073073900048,frac_lost: 0.107, li_recovered:  8.304, time: 0.006301519999396987
L: 0.50, u_super: 0.00755, sec: 427.071, prod: 0.171378, t_ads: 25.7, t_des: 23.6, bed_util_ads: 0.497, bed_util_des: 0.497, des_th: 0.4967147367022065,frac_lost: 0.101, li_recovered:  8.439, time: 0.005466700999022578
L: 0.50, u_super: 0.00481, sec: 264.190, prod: 0.108145, t_ads: 40.5, t_des: 36.1, bed_util_ads: 0.500, bed_util_des: 0.500, des_th: 0.49965574338090235,frac_lost: 0.106, li_recovered:  8.282, time: 0.00408798400167143
L: 0.50, u_super: 0.00376, sec: 204.365, prod: 0.084303, t_ads: 51.7, t_des: 46.3, bed_util_ads: 0.498, bed_util_des: 0.498, des_th: 0.497720067807572,frac_lost: 0.106, li_recovered:  8.259, time: 0.005622106998998788
L: 0.50, u_super: 0.00005, sec: 4.324, prod: 0.000670, t_ads: 3442.0, t_des: 5873.1, bed_util_ads: 0.253, bed_util_des: 0.185, des_th: 0.1851696623157332,frac_lost: 0.103, li_recovered:  6.237, time: 0.005900563999603037
L: 0.50, u_super: 0.00201, sec: 109.422, prod: 0.044099, t_ads: 95.8, t_des: 82.3, bed_util_ads: 0.500, bed_util_des: 0.500, des_th: 0.4997954091561836,frac_lost: 0.108, li_recovered:  7.857, time: 0.007162288000472472
L: 0.50, u_super: 0.00435, sec: 237.811, prod: 0.097674, t_ads: 44.8, t_des: 39.9, bed_util_ads: 0.500, bed_util_des: 0.499, des_th: 0.4993993559367347,frac_lost: 0.106, li_recovered:  8.274, time: 0.004007629000625457
L: 8.50, u_super: 0.00764 — INFEASIBLE (li_recovered=0.000e+00), time: 0.0027020350007660454
L: 0.50, u_super: 0.00086, sec: 47.109, prod: 0.018297, t_ads: 216.9, t_des: 200.7, bed_util_ads: 0.479, bed_util_des: 0.478, des_th: 0.4779542366287072,frac_lost: 0.100, li_recovered:  7.642, time: 0.005049992998465314
L: 0.50, u_super: 0.00989, sec: 575.995, prod: 0.224327, t_ads: 19.7, t_des: 17.9, bed_util_ads: 0.500, bed_util_des: 0.499, des_th: 0.4994205405083371,frac_lost: 0.104, li_recovered:  8.448, time: 0.0046547849997296
L: 0.50, u_super: 0.00113 — INFEASIBLE (li_recovered=0.000e+00), time: 0.0027042710007663118
L: 0.50, u_super: 0.00388, sec: 211.272, prod: 0.087237, t_ads: 50.1, t_des: 45.7, bed_util_ads: 0.495, bed_util_des: 0.495, des_th: 0.4951949750979995,frac_lost: 0.106, li_recovered:  8.357, time: 0.006209453000337817
L: 0.50, u_super: 0.00558, sec: 308.597, prod: 0.126137, t_ads: 34.8, t_des: 32.2, bed_util_ads: 0.496, bed_util_des: 0.495, des_th: 0.49536601584063134,frac_lost: 0.102, li_recovered:  8.451, time: 0.004852566000408842
L: 0.50, u_super: 0.00990, sec: 622.842, prod: 0.207908, t_ads: 19.7, t_des: 22.2, bed_util_ads: 0.473, bed_util_des: 0.472, des_th: 0.47224391188301085,frac_lost: 0.104, li_recovered:  8.715, time: 0.006732275000103982
L: 0.50, u_super: 0.00021, sec: 23.110, prod: 0.002225, t_ads: 908.7, t_des: 2757.1, bed_util_ads: 0.287, bed_util_des: 0.238, des_th: 0.2378061799971758,frac_lost: 0.102, li_recovered:  8.156, time: 0.008860232999722939
L: 0.50, u_super: 0.00015 — INFEASIBLE (li_recovered=0.000e+00), time: 0.0017209950001415564
L: 0.50, u_super: 0.00764, sec: 469.066, prod: 0.159847, t_ads: 25.6, t_des: 28.8, bed_util_ads: 0.472, bed_util_des: 0.472, des_th: 0.47180612357377005,frac_lost: 0.108, li_recovered:  8.702, time: 0.006370291999701294
L: 0.50, u_super: 0.00201, sec: 109.077, prod: 0.044239, t_ads: 95.8, t_des: 83.2, bed_util_ads: 0.498, bed_util_des: 0.497, des_th: 0.49744916901489805,frac_lost: 0.107, li_recovered:  7.919, time: 0.0055608940001548035
L: 0.50, u_super: 0.00067 — INFEASIBLE (li_recovered=0.000e+00), time: 0.0038260479996097274
L: 9.32, u_super: 0.00837 — INFEASIBLE (li_recovered=0.000e+00), time: 0.004675029000281938
L: 0.50, u_super: 0.00659, sec: 393.772, prod: 0.139565, t_ads: 29.4, t_des: 32.7, bed_util_ads: 0.472, bed_util_des: 0.472, des_th: 0.47200896014938076,frac_lost: 0.100, li_recovered:  8.678, time: 0.005103038000015658
   383 |    15320 |     40 |  0.0023079940 |             f
L: 0.50, u_super: 0.00484, sec: 265.899, prod: 0.109033, t_ads: 40.1, t_des: 35.8, bed_util_ads: 0.500, bed_util_des: 0.500, des_th: 0.499603280916022,frac_lost: 0.104, li_recovered:  8.283, time: 0.005704839999452815
L: 0.50, u_super: 0.00940, sec: 545.273, prod: 0.212747, t_ads: 20.8, t_des: 19.3, bed_util_ads: 0.497, bed_util_des: 0.497, des_th: 0.49658077810311063,frac_lost: 0.106, li_recovered:  8.527, time: 0.005903393999687978
L: 0.50, u_super: 0.00007 — INFEASIBLE (li_recovered=0.000e+00), time: 0.002193087000705418
L: 0.50, u_super: 0.00842, sec: 482.854, prod: 0.190622, t_ads: 23.2, t_des: 21.5, bed_util_ads: 0.497, bed_util_des: 0.497, des_th: 0.49673328842045705,frac_lost: 0.105, li_recovered:  8.516, time: 0.004790296999999555
L: 0.50, u_super: 0.00717, sec: 404.050, prod: 0.162557, t_ads: 27.1, t_des: 25.1, bed_util_ads: 0.497, bed_util_des: 0.496, des_th: 0.4964374246343351,frac_lost: 0.101, li_recovered:  8.473, time: 0.0041709649995027576
L: 0.50, u_super: 0.00031, sec: 38.957, prod: 0.002802, t_ads: 630.3, t_des: 2367.4, bed_util_ads: 0.282, bed_util_des: 0.240, des_th: 0.24018818788721555,frac_lost: 0.101, li_recovered:  8.401, time: 0.009038741000040318
L: 5.85, u_super: 0.00167 — INFEASIBLE (li_recovered=0.000e+00), time: 0.0014690170009998837
L: 34.92, u_super: 0.00491 — INFEASIBLE (li_recovered=0.000e+00), time: 0.0008819649992801715
L: 0.50, u_super: 0.00766, sec: 433.333, prod: 0.173721, t_ads: 25.3, t_des: 22.9, bed_util_ads: 0.499, bed_util_des: 0.499, des_th: 0.49912170252726834,frac_lost: 0.100, li_recovered:  8.385, time: 0.004526093000094988
L: 0.50, u_super: 0.00153, sec: 83.512, prod: 0.033264, t_ads: 124.9, t_des: 107.8, bed_util_ads: 0.496, bed_util_des: 0.495, des_th: 0.4955417002496121,frac_lost: 0.106, li_recovered:  7.740, time: 0.0037852609984838637
L: 0.50, u_super: 0.00532, sec: 293.306, prod: 0.120007, t_ads: 36.5, t_des: 32.7, bed_util_ads: 0.499, bed_util_des: 0.499, des_th: 0.49914935941218924,frac_lost: 0.102, li_recovered:  8.299, time: 0.0038591129996348172
L: 0.50, u_super: 0.00006 — INFEASIBLE (li_recovered=0.000e+00), time: 0.0007853320003050612
L: 0.50, u_super: 0.00658, sec: 369.166, prod: 0.148535, t_ads: 29.7, t_des: 27.3, bed_util_ads: 0.497, bed_util_des: 0.497, des_th: 0.49690167310610833,frac_lost: 0.107, li_recovered:  8.475, time: 0.004308318999392213
L: 0.50, u_super: 0.00262, sec: 142.385, prod: 0.058097, t_ads: 73.5, t_des: 63.6, bed_util_ads: 0.500, bed_util_des: 0.500, des_th: 0.49960833294474244,frac_lost: 0.104, li_recovered:  7.963, time: 0.004167760998825543
L: 0.50, u_super: 0.00640, sec: 357.111, prod: 0.144888, t_ads: 30.3, t_des: 27.4, bed_util_ads: 0.499, bed_util_des: 0.499, des_th: 0.49862668734135135,frac_lost: 0.101, li_recovered:  8.367, time: 0.005058377999375807
L: 0.50, u_super: 0.00748, sec: 424.003, prod: 0.169043, t_ads: 26.2, t_des: 23.7, bed_util_ads: 0.499, bed_util_des: 0.499, des_th: 0.49870583591449086,frac_lost: 0.108, li_recovered:  8.437, time: 0.004556817000775482
L: 0.50, u_super: 0.00173, sec: 93.132, prod: 0.038023, t_ads: 110.4, t_des: 98.2, bed_util_ads: 0.494, bed_util_des: 0.494, des_th: 0.4941114965499519,frac_lost: 0.101, li_recovered:  7.930, time: 0.00426795699968352
L: 0.50, u_super: 0.00801, sec: 456.591, prod: 0.181028, t_ads: 24.4, t_des: 22.4, bed_util_ads: 0.497, bed_util_des: 0.497, des_th: 0.4969283986569061,frac_lost: 0.107, li_recovered:  8.488, time: 0.004640035000193166
L: 0.50, u_super: 0.00201, sec: 109.584, prod: 0.044034, t_ads: 95.0, t_des: 81.2, bed_util_ads: 0.499, bed_util_des: 0.499, des_th: 0.49915806755706027,frac_lost: 0.101, li_recovered:  7.758, time: 0.004359096999905887
L: 12.38, u_super: 0.00637 — INFEASIBLE (li_recovered=0.000e+00), time: 0.002245742998638889
L: 0.50, u_super: 0.00970, sec: 564.795, prod: 0.219685, t_ads: 20.1, t_des: 18.7, bed_util_ads: 0.497, bed_util_des: 0.497, des_th: 0.49655967741066265,frac_lost: 0.105, li_recovered:  8.535, time: 0.006898659999933443
L: 0.50, u_super: 0.00218, sec: 933.627, prod: 0.006049, t_ads: 90.6, t_des: 1363.9, bed_util_ads: 0.192, bed_util_des: 0.180, des_th: 0.17977409106920086,frac_lost: 0.105, li_recovered:  8.798, time: 0.04269798900168098
L: 0.50, u_super: 0.00750, sec: 425.490, prod: 0.169278, t_ads: 26.2, t_des: 24.0, bed_util_ads: 0.498, bed_util_des: 0.497, des_th: 0.4974593280357479,frac_lost: 0.109, li_recovered:  8.483, time: 0.005241892000412918
L: 0.50, u_super: 0.00990, sec: 577.056, prod: 0.224404, t_ads: 19.8, t_des: 18.0, bed_util_ads: 0.500, bed_util_des: 0.500, des_th: 0.49965864819089,frac_lost: 0.106, li_recovered:  8.462, time: 0.006985756999711157
L: 0.50, u_super: 0.00427, sec: 233.085, prod: 0.096116, t_ads: 45.5, t_des: 41.7, bed_util_ads: 0.496, bed_util_des: 0.496, des_th: 0.4955827033266836,frac_lost: 0.105, li_recovered:  8.379, time: 0.003791190998526872
L: 0.50, u_super: 0.00128, sec: 70.622, prod: 0.027424, t_ads: 148.0, t_des: 125.9, bed_util_ads: 0.496, bed_util_des: 0.495, des_th: 0.49553665900093685,frac_lost: 0.104, li_recovered:  7.511, time: 0.005764777000877075
L: 0.50, u_super: 0.00886, sec: 510.307, prod: 0.200646, t_ads: 22.1, t_des: 20.3, bed_util_ads: 0.497, bed_util_des: 0.497, des_th: 0.4969283986569061,frac_lost: 0.106, li_recovered:  8.491, time: 0.006467465000241646
L: 0.50, u_super: 0.00923, sec: 534.534, prod: 0.208783, t_ads: 21.2, t_des: 19.7, bed_util_ads: 0.497, bed_util_des: 0.496, des_th: 0.496491308882286,frac_lost: 0.106, li_recovered:  8.534, time: 0.0065113559994642856
L: 0.50, u_super: 0.00691, sec: 393.887, prod: 0.154382, t_ads: 28.3, t_des: 27.5, bed_util_ads: 0.490, bed_util_des: 0.490, des_th: 0.4899356050321763,frac_lost: 0.108, li_recovered:  8.620, time: 0.00736751500153332
L: 44.55, u_super: 0.00615 — INFEASIBLE (li_recovered=0.000e+00), time: 0.001670183000896941
L: 0.50, u_super: 0.00063, sec: 169.260, prod: 0.002716, t_ads: 316.1, t_des: 2925.5, bed_util_ads: 0.218, bed_util_des: 0.185, des_th: 0.1851696623157332,frac_lost: 0.104, li_recovered:  8.803, time: 0.03360741100004816
L: 60.75, u_super: 0.00892 — INFEASIBLE (li_recovered=0.000e+00), time: 0.0011826480003946926
L: 0.50, u_super: 0.00439, sec: 239.803, prod: 0.098864, t_ads: 44.2, t_des: 40.9, bed_util_ads: 0.495, bed_util_des: 0.495, des_th: 0.49487482760317175,frac_lost: 0.104, li_recovered:  8.419, time: 0.0055080640013329685
L: 30.07, u_super: 0.00589 — INFEASIBLE (li_recovered=0.000e+00), time: 0.0014621189984609373
L: 0.50, u_super: 0.00855, sec: 490.775, prod: 0.193521, t_ads: 22.9, t_des: 20.8, bed_util_ads: 0.499, bed_util_des: 0.499, des_th: 0.4992808778526712,frac_lost: 0.107, li_recovered:  8.450, time: 0.004641915000320296
L: 0.50, u_super: 0.00803, sec: 2274.337, prod: 0.036610, t_ads: 24.4, t_des: 215.2, bed_util_ads: 0.242, bed_util_des: 0.239, des_th: 0.23881389014464863,frac_lost: 0.105, li_recovered:  8.771, time: 0.02284973400128365
L: 0.50, u_super: 0.00764, sec: 434.527, prod: 0.172553, t_ads: 25.7, t_des: 23.5, bed_util_ads: 0.497, bed_util_des: 0.497, des_th: 0.4969089862409161,frac_lost: 0.109, li_recovered:  8.485, time: 0.005097317000036128
L: 0.50, u_super: 0.00011 — INFEASIBLE (li_recovered=0.000e+00), time: 0.0014816599996265722
L: 0.50, u_super: 0.00640, sec: 357.074, prod: 0.144902, t_ads: 30.3, t_des: 27.5, bed_util_ads: 0.498, bed_util_des: 0.498, des_th: 0.49815977417271406,frac_lost: 0.102, li_recovered:  8.383, time: 0.006861722000394366
L: 0.50, u_super: 0.00934, sec: 4868.380, prod: 0.023499, t_ads: 21.0, t_des: 352.7, bed_util_ads: 0.188, bed_util_des: 0.185, des_th: 0.1851696623157332,frac_lost: 0.105, li_recovered:  8.782, time: 0.057367891999092535
   384 |    15360 |     40 |  0.0042190144 |             f
L: 5.07, u_super: 0.00332, sec: 2211.781, prod: 0.061225, t_ads: 517.1, t_des: 474.7, bed_util_ads: 0.448, bed_util_des: 0.447, des_th: 0.44701519888573404,frac_lost: 0.101, li_recovered:  60.722, time: 0.007942309999634745
L: 0.50, u_super: 0.00005 — INFEASIBLE (li_recovered=0.000e+00), time: 0.0015098610001587076
L: 0.50, u_super: 0.00837, sec: 479.249, prod: 0.189302, t_ads: 23.4, t_des: 21.5, bed_util_ads: 0.498, bed_util_des: 0.497, des_th: 0.4974778797539985,frac_lost: 0.107, li_recovered:  8.489, time: 0.009592905000317842
L: 0.50, u_super: 0.00758, sec: 489.071, prod: 0.150842, t_ads: 25.8, t_des: 31.9, bed_util_ads: 0.460, bed_util_des: 0.460, des_th: 0.4598767029159799,frac_lost: 0.107, li_recovered:  8.706, time: 0.010117342999365064
L: 0.50, u_super: 0.00219, sec: 118.839, prod: 0.048332, t_ads: 88.1, t_des: 76.5, bed_util_ads: 0.499, bed_util_des: 0.499, des_th: 0.4991468469280764,frac_lost: 0.108, li_recovered:  7.956, time: 0.008065058000283898
L: 0.50, u_super: 0.00772, sec: 438.957, prod: 0.174265, t_ads: 25.4, t_des: 23.3, bed_util_ads: 0.497, bed_util_des: 0.497, des_th: 0.4969830526123354,frac_lost: 0.109, li_recovered:  8.484, time: 0.008137871000144514
L: 0.50, u_super: 0.00721, sec: 407.254, prod: 0.163012, t_ads: 27.1, t_des: 24.3, bed_util_ads: 0.500, bed_util_des: 0.500, des_th: 0.4999132996717177,frac_lost: 0.106, li_recovered:  8.384, time: 0.014480304998869542
L: 6.16, u_super: 0.00481 — INFEASIBLE (li_recovered=0.000e+00), time: 0.004297601999496692
L: 0.50, u_super: 0.00021 — INFEASIBLE (li_recovered=0.000e+00), time: 0.003101849999438855
L: 0.50, u_super: 0.00640, sec: 386.768, prod: 0.133778, t_ads: 30.6, t_des: 34.4, bed_util_ads: 0.471, bed_util_des: 0.471, des_th: 0.4709358389680199,frac_lost: 0.107, li_recovered:  8.686, time: 0.011006826000084402
L: 0.50, u_super: 0.00836, sec: 478.336, prod: 0.189104, t_ads: 23.4, t_des: 21.5, bed_util_ads: 0.498, bed_util_des: 0.497, des_th: 0.4975087962476977,frac_lost: 0.106, li_recovered:  8.482, time: 0.008453964999716845
L: 0.50, u_super: 0.00392, sec: 213.128, prod: 0.087972, t_ads: 49.7, t_des: 45.4, bed_util_ads: 0.495, bed_util_des: 0.495, des_th: 0.49512066907318014,frac_lost: 0.106, li_recovered:  8.362, time: 0.009559699001329136
L: 0.50, u_super: 0.00009 — INFEASIBLE (li_recovered=0.000e+00), time: 0.0019389910012250766
L: 3.55, u_super: 0.00990, sec: 4358.362, prod: 0.211024, t_ads: 137.3, t_des: 114.3, bed_util_ads: 0.500, bed_util_des: 0.499, des_th: 0.49942132725883337,frac_lost: 0.109, li_recovered:  53.109, time: 0.006065530998967006
L: 0.50, u_super: 0.00755, sec: 427.996, prod: 0.170663, t_ads: 25.9, t_des: 23.8, bed_util_ads: 0.497, bed_util_des: 0.497, des_th: 0.49658077810311063,frac_lost: 0.106, li_recovered:  8.476, time: 0.00812607900115836
L: 1.59, u_super: 0.00323 — INFEASIBLE (li_recovered=0.000e+00), time: 0.0064636019997124095
L: 0.50, u_super: 0.00294, sec: 159.205, prod: 0.065646, t_ads: 65.4, t_des: 57.6, bed_util_ads: 0.498, bed_util_des: 0.498, des_th: 0.49796488168648617,frac_lost: 0.101, li_recovered:  8.077, time: 0.009314972998254234
L: 0.50, u_super: 0.00017 — INFEASIBLE (li_recovered=0.000e+00), time: 0.00312627700077428
L: 0.50, u_super: 0.00652, sec: 364.555, prod: 0.147470, t_ads: 29.8, t_des: 26.6, bed_util_ads: 0.500, bed_util_des: 0.499, des_th: 0.49937799939193017,frac_lost: 0.101, li_recovered:  8.312, time: 0.007051716000205488
L: 0.50, u_super: 0.00461, sec: 252.711, prod: 0.103681, t_ads: 42.2, t_des: 37.6, bed_util_ads: 0.500, bed_util_des: 0.500, des_th: 0.49965574338090235,frac_lost: 0.105, li_recovered:  8.276, time: 0.007448741998814512
L: 0.50, u_super: 0.00425, sec: 1962.509, prod: 0.011318, t_ads: 46.0, t_des: 729.8, bed_util_ads: 0.190, bed_util_des: 0.184, des_th: 0.18418146883516467,frac_lost: 0.101, li_recovered:  8.780, time: 0.04218666800079518
L: 0.50, u_super: 0.00490, sec: 269.182, prod: 0.110476, t_ads: 39.7, t_des: 36.7, bed_util_ads: 0.495, bed_util_des: 0.495, des_th: 0.49487482760317175,frac_lost: 0.104, li_recovered:  8.432, time: 0.00486512800125638
L: 0.50, u_super: 0.00932, sec: 539.681, prod: 0.210988, t_ads: 21.0, t_des: 19.4, bed_util_ads: 0.497, bed_util_des: 0.497, des_th: 0.4965599179848978,frac_lost: 0.105, li_recovered:  8.526, time: 0.004400177000206895
L: 0.50, u_super: 0.00514, sec: 282.434, prod: 0.116029, t_ads: 37.7, t_des: 34.3, bed_util_ads: 0.498, bed_util_des: 0.498, des_th: 0.49779722276746924,frac_lost: 0.102, li_recovered:  8.362, time: 0.004662731000280473
L: 24.54, u_super: 0.00748 — INFEASIBLE (li_recovered=0.000e+00), time: 0.001608886999747483
L: 0.50, u_super: 0.00364, sec: 197.581, prod: 0.081488, t_ads: 53.5, t_des: 47.8, bed_util_ads: 0.498, bed_util_des: 0.498, des_th: 0.4977151419270284,frac_lost: 0.107, li_recovered:  8.257, time: 0.00398944199878315
L: 0.50, u_super: 0.00202, sec: 112.179, prod: 0.043293, t_ads: 95.7, t_des: 99.7, bed_util_ads: 0.476, bed_util_des: 0.474, des_th: 0.4745578451969272,frac_lost: 0.107, li_recovered:  8.460, time: 0.005618409000817337
L: 0.50, u_super: 0.00063, sec: 119.031, prod: 0.003934, t_ads: 309.7, t_des: 1897.9, bed_util_ads: 0.254, bed_util_des: 0.226, des_th: 0.22618899567309572,frac_lost: 0.102, li_recovered:  8.685, time: 0.015741720999358222
L: 0.50, u_super: 0.00426, sec: 232.681, prod: 0.095919, t_ads: 45.6, t_des: 41.1, bed_util_ads: 0.498, bed_util_des: 0.498, des_th: 0.49816178833408703,frac_lost: 0.105, li_recovered:  8.318, time: 0.005522453999219579
L: 43.09, u_super: 0.00492 — INFEASIBLE (li_recovered=0.000e+00), time: 0.001080292000551708
L: 2.36, u_super: 0.00587, sec: 1601.643, prod: 0.127581, t_ads: 152.7, t_des: 148.1, bed_util_ads: 0.478, bed_util_des: 0.477, des_th: 0.4770934993817919,frac_lost: 0.103, li_recovered:  38.378, time: 0.005590574999587261
L: 0.50, u_super: 0.00750, sec: 437.153, prod: 0.165106, t_ads: 26.1, t_des: 26.4, bed_util_ads: 0.485, bed_util_des: 0.485, des_th: 0.4846612258759328,frac_lost: 0.108, li_recovered:  8.673, time: 0.004520569998931023
L: 0.50, u_super: 0.00080 — INFEASIBLE (li_recovered=0.000e+00), time: 0.0024213640008383663
L: 0.50, u_super: 0.00933, sec: 539.828, prod: 0.211623, t_ads: 20.9, t_des: 18.9, bed_util_ads: 0.500, bed_util_des: 0.500, des_th: 0.499561062702189,frac_lost: 0.104, li_recovered:  8.435, time: 0.004750570000396692
L: 0.50, u_super: 0.00714, sec: 403.457, prod: 0.161163, t_ads: 27.4, t_des: 25.4, bed_util_ads: 0.497, bed_util_des: 0.496, des_th: 0.4964434436158309,frac_lost: 0.107, li_recovered:  8.513, time: 0.004059695998876123
L: 0.50, u_super: 0.00924, sec: 534.448, prod: 0.209515, t_ads: 21.1, t_des: 19.2, bed_util_ads: 0.499, bed_util_des: 0.499, des_th: 0.4985106238873452,frac_lost: 0.105, li_recovered:  8.442, time: 0.0037450550007633865
L: 0.50, u_super: 0.00559, sec: 2674.801, prod: 0.014606, t_ads: 35.1, t_des: 566.2, bed_util_ads: 0.190, bed_util_des: 0.185, des_th: 0.1851696623157332,frac_lost: 0.104, li_recovered:  8.783, time: 0.0352743739986181
L: 0.50, u_super: 0.00436, sec: 238.302, prod: 0.097995, t_ads: 44.7, t_des: 40.9, bed_util_ads: 0.496, bed_util_des: 0.496, des_th: 0.49590304288057035,frac_lost: 0.107, li_recovered:  8.392, time: 0.005715385999792488
L: 0.50, u_super: 0.00688, sec: 386.032, prod: 0.155761, t_ads: 28.2, t_des: 25.2, bed_util_ads: 0.499, bed_util_des: 0.499, des_th: 0.4993009945711384,frac_lost: 0.100, li_recovered:  8.318, time: 0.006005925000863499
L: 2.60, u_super: 0.00888, sec: 3478.218, prod: 0.153892, t_ads: 112.9, t_des: 174.5, bed_util_ads: 0.424, bed_util_des: 0.420, des_th: 0.4197917280366695,frac_lost: 0.103, li_recovered:  44.222, time: 0.00583484100025089
   385 |    15400 |     40 |  0.0032928087 |             f
L: 19.10, u_super: 0.00806, sec: 52255.651, prod: 0.061244, t_ads: 941.4, t_des: 4445.2, bed_util_ads: 0.247, bed_util_des: 0.185, des_th: 0.1851696623157332,frac_lost: 0.103, li_recovered:  329.901, time: 0.015421854999658535
L: 0.50, u_super: 0.00514, sec: 293.200, prod: 0.111769, t_ads: 37.7, t_des: 39.6, bed_util_ads: 0.480, bed_util_des: 0.480, des_th: 0.47971471827507717,frac_lost: 0.101, li_recovered:  8.640, time: 0.0066006569995806785
L: 0.50, u_super: 0.00587, sec: 325.798, prod: 0.132712, t_ads: 33.1, t_des: 30.3, bed_util_ads: 0.497, bed_util_des: 0.497, des_th: 0.4969980741897733,frac_lost: 0.103, li_recovered:  8.417, time: 0.0047276240002247505
L: 0.50, u_super: 0.00640, sec: 357.093, prod: 0.144895, t_ads: 30.3, t_des: 27.4, bed_util_ads: 0.498, bed_util_des: 0.498, des_th: 0.4980934487136034,frac_lost: 0.101, li_recovered:  8.364, time: 0.005538493000130984
L: 0.50, u_super: 0.00461, sec: 252.711, prod: 0.103681, t_ads: 42.2, t_des: 37.6, bed_util_ads: 0.500, bed_util_des: 0.500, des_th: 0.49965574338090235,frac_lost: 0.105, li_recovered:  8.276, time: 0.005783336000604322
L: 0.50, u_super: 0.00158, sec: 86.998, prod: 0.034132, t_ads: 120.9, t_des: 101.8, bed_util_ads: 0.500, bed_util_des: 0.499, des_th: 0.4995144860092341,frac_lost: 0.106, li_recovered:  7.600, time: 0.004459318999579409
L: 0.50, u_super: 0.00102 — INFEASIBLE (li_recovered=0.000e+00), time: 0.0022352019987010863
L: 0.50, u_super: 0.00118, sec: 65.505, prod: 0.025065, t_ads: 160.6, t_des: 135.4, bed_util_ads: 0.496, bed_util_des: 0.495, des_th: 0.49530549123290674,frac_lost: 0.106, li_recovered:  7.419, time: 0.004168053001194494
L: 0.50, u_super: 0.00532, sec: 293.524, prod: 0.119918, t_ads: 36.6, t_des: 33.1, bed_util_ads: 0.498, bed_util_des: 0.498, des_th: 0.49779722276746924,frac_lost: 0.105, li_recovered:  8.359, time: 0.004968114999428508
L: 0.50, u_super: 0.00698, sec: 392.605, prod: 0.158075, t_ads: 27.8, t_des: 24.8, bed_util_ads: 0.500, bed_util_des: 0.500, des_th: 0.49980277920431576,frac_lost: 0.101, li_recovered:  8.317, time: 0.00616014299885137
L: 0.50, u_super: 0.00561, sec: 310.123, prod: 0.126674, t_ads: 34.6, t_des: 31.3, bed_util_ads: 0.498, bed_util_des: 0.498, des_th: 0.49767689235811763,frac_lost: 0.103, li_recovered:  8.355, time: 0.007120006999684847
L: 0.50, u_super: 0.00827, sec: 476.790, prod: 0.185526, t_ads: 23.7, t_des: 22.7, bed_util_ads: 0.492, bed_util_des: 0.492, des_th: 0.4921048621376633,frac_lost: 0.107, li_recovered:  8.614, time: 0.0063354859994433355
L: 0.50, u_super: 0.00018, sec: 17.581, prod: 0.002079, t_ads: 1064.2, t_des: 2738.7, bed_util_ads: 0.295, bed_util_des: 0.244, des_th: 0.2445417302715004,frac_lost: 0.103, li_recovered:  7.906, time: 0.011353321999195032
L: 0.50, u_super: 0.00812, sec: 465.256, prod: 0.183242, t_ads: 24.1, t_des: 22.6, bed_util_ads: 0.495, bed_util_des: 0.495, des_th: 0.49519295185838164,frac_lost: 0.107, li_recovered:  8.555, time: 0.006419164999897475
L: 0.50, u_super: 0.00461, sec: 252.621, prod: 0.103718, t_ads: 42.2, t_des: 37.6, bed_util_ads: 0.499, bed_util_des: 0.499, des_th: 0.4992971798509463,frac_lost: 0.104, li_recovered:  8.275, time: 0.004082023999217199
L: 0.50, u_super: 0.00682, sec: 399.926, prod: 0.147529, t_ads: 28.8, t_des: 30.1, bed_util_ads: 0.480, bed_util_des: 0.480, des_th: 0.47966332244933907,frac_lost: 0.109, li_recovered:  8.682, time: 0.006373617999997805
L: 0.50, u_super: 0.00543, sec: 325.852, prod: 0.112806, t_ads: 35.7, t_des: 41.1, bed_util_ads: 0.468, bed_util_des: 0.468, des_th: 0.4675787363874261,frac_lost: 0.101, li_recovered:  8.664, time: 0.005873588999747881
L: 0.50, u_super: 0.00532, sec: 292.869, prod: 0.120186, t_ads: 36.5, t_des: 33.5, bed_util_ads: 0.497, bed_util_des: 0.497, des_th: 0.49665429989899496,frac_lost: 0.101, li_recovered:  8.407, time: 0.0061419720004778355
L: 0.50, u_super: 0.00871, sec: 500.864, prod: 0.197317, t_ads: 22.4, t_des: 20.4, bed_util_ads: 0.500, bed_util_des: 0.499, des_th: 0.49950722979103646,frac_lost: 0.106, li_recovered:  8.449, time: 0.006008133001159877
L: 0.50, u_super: 0.00005, sec: 4.324, prod: 0.000670, t_ads: 3442.0, t_des: 5873.1, bed_util_ads: 0.253, bed_util_des: 0.185, des_th: 0.1851696623157332,frac_lost: 0.103, li_recovered:  6.237, time: 0.005887986999368877
L: 0.50, u_super: 0.00073 — INFEASIBLE (li_recovered=0.000e+00), time: 0.003280605998952524
L: 0.50, u_super: 0.00801, sec: 480.350, prod: 0.172073, t_ads: 24.4, t_des: 26.1, bed_util_ads: 0.478, bed_util_des: 0.478, des_th: 0.4776428915498531,frac_lost: 0.106, li_recovered:  8.697, time: 0.005931604999204865
L: 0.50, u_super: 0.00561, sec: 310.453, prod: 0.126603, t_ads: 34.7, t_des: 32.1, bed_util_ads: 0.495, bed_util_des: 0.495, des_th: 0.49511679922037055,frac_lost: 0.104, li_recovered:  8.456, time: 0.007886718000008841
L: 0.50, u_super: 0.00374, sec: 203.362, prod: 0.083841, t_ads: 52.0, t_des: 46.5, bed_util_ads: 0.498, bed_util_des: 0.497, des_th: 0.49744451053518923,frac_lost: 0.107, li_recovered:  8.260, time: 0.007210718000351335
L: 0.50, u_super: 0.00319, sec: 172.892, prod: 0.071269, t_ads: 60.4, t_des: 53.1, bed_util_ads: 0.499, bed_util_des: 0.499, des_th: 0.4993009945711384,frac_lost: 0.101, li_recovered:  8.094, time: 0.004615768000803655
L: 0.50, u_super: 0.00990, sec: 590.208, prod: 0.219404, t_ads: 19.7, t_des: 19.8, bed_util_ads: 0.487, bed_util_des: 0.486, des_th: 0.48639511746229097,frac_lost: 0.105, li_recovered:  8.682, time: 0.004469423998671118
L: 0.50, u_super: 0.00323, sec: 175.143, prod: 0.072000, t_ads: 60.3, t_des: 56.9, bed_util_ads: 0.491, bed_util_des: 0.491, des_th: 0.4905959722334906,frac_lost: 0.108, li_recovered:  8.440, time: 0.007049030000416678
L: 5.19, u_super: 0.00392 — INFEASIBLE (li_recovered=0.000e+00), time: 0.002533078000851674
L: 2.58, u_super: 0.00803, sec: 2491.024, prod: 0.172774, t_ads: 123.4, t_des: 103.7, bed_util_ads: 0.499, bed_util_des: 0.499, des_th: 0.4990779722434431,frac_lost: 0.108, li_recovered:  39.248, time: 0.006319209000139381
L: 0.50, u_super: 0.00840, sec: 481.060, prod: 0.189913, t_ads: 23.3, t_des: 21.4, bed_util_ads: 0.497, bed_util_des: 0.497, des_th: 0.49705625269047965,frac_lost: 0.107, li_recovered:  8.489, time: 0.00505742499990447
L: 0.50, u_super: 0.00990, sec: 577.022, prod: 0.224417, t_ads: 19.8, t_des: 17.9, bed_util_ads: 0.500, bed_util_des: 0.499, des_th: 0.4994476066953859,frac_lost: 0.106, li_recovered:  8.457, time: 0.005165137999938452
L: 0.50, u_super: 0.00650, sec: 364.525, prod: 0.146597, t_ads: 30.1, t_des: 27.7, bed_util_ads: 0.498, bed_util_des: 0.497, des_th: 0.4974778797539985,frac_lost: 0.109, li_recovered:  8.474, time: 0.006065032999686082
L: 0.84, u_super: 0.00107 — INFEASIBLE (li_recovered=0.000e+00), time: 0.002659224001035909
L: 0.50, u_super: 0.00395, sec: 215.093, prod: 0.088546, t_ads: 49.3, t_des: 46.0, bed_util_ads: 0.493, bed_util_des: 0.493, des_th: 0.4926281545934109,frac_lost: 0.106, li_recovered:  8.442, time: 0.006000772998959292
L: 0.50, u_super: 0.00319, sec: 173.161, prod: 0.071158, t_ads: 60.6, t_des: 53.0, bed_util_ads: 0.500, bed_util_des: 0.500, des_th: 0.49965955810076684,frac_lost: 0.103, li_recovered:  8.083, time: 0.006264437000936596
L: 0.50, u_super: 0.00092 — INFEASIBLE (li_recovered=0.000e+00), time: 0.004404253000757308
L: 0.50, u_super: 0.00119, sec: 66.178, prod: 0.025309, t_ads: 159.0, t_des: 133.7, bed_util_ads: 0.496, bed_util_des: 0.496, des_th: 0.4963387618039737,frac_lost: 0.106, li_recovered:  7.408, time: 0.006883899999593268
L: 0.50, u_super: 0.00514, sec: 282.434, prod: 0.116029, t_ads: 37.7, t_des: 34.3, bed_util_ads: 0.498, bed_util_des: 0.498, des_th: 0.49779722276746924,frac_lost: 0.102, li_recovered:  8.362, time: 0.00899566699990828
L: 0.50, u_super: 0.00318, sec: 171.822, prod: 0.071201, t_ads: 60.6, t_des: 54.0, bed_util_ads: 0.497, bed_util_des: 0.497, des_th: 0.49685128655040195,frac_lost: 0.101, li_recovered:  8.159, time: 0.007731499999863445
L: 0.50, u_super: 0.00303, sec: 163.840, prod: 0.067699, t_ads: 63.7, t_des: 56.6, bed_util_ads: 0.497, bed_util_des: 0.497, des_th: 0.4972141484404085,frac_lost: 0.103, li_recovered:  8.145, time: 0.005738111000027857
   386 |    15440 |     40 |  0.0025889888 |             f
L: 57.65, u_super: 0.00734 — INFEASIBLE (li_recovered=0.000e+00), time: 0.0014836539994576015
L: 0.50, u_super: 0.00585, sec: 324.397, prod: 0.132357, t_ads: 33.1, t_des: 30.8, bed_util_ads: 0.495, bed_util_des: 0.495, des_th: 0.49511679922037055,frac_lost: 0.101, li_recovered:  8.461, time: 0.005299675000060233
L: 0.50, u_super: 0.00561, sec: 309.761, prod: 0.126822, t_ads: 34.6, t_des: 31.7, bed_util_ads: 0.497, bed_util_des: 0.497, des_th: 0.49699758189183857,frac_lost: 0.101, li_recovered:  8.404, time: 0.006262404000153765
L: 0.50, u_super: 0.00058 — INFEASIBLE (li_recovered=0.000e+00), time: 0.003346751998833497
L: 0.50, u_super: 0.00011 — INFEASIBLE (li_recovered=0.000e+00), time: 0.0012580090005940292
L: 0.50, u_super: 0.00721, sec: 406.093, prod: 0.163478, t_ads: 26.9, t_des: 24.4, bed_util_ads: 0.498, bed_util_des: 0.498, des_th: 0.4981673849470139,frac_lost: 0.101, li_recovered:  8.386, time: 0.006296200999713619
L: 0.50, u_super: 0.00170, sec: 92.578, prod: 0.036923, t_ads: 112.4, t_des: 96.3, bed_util_ads: 0.498, bed_util_des: 0.497, des_th: 0.497454586014681,frac_lost: 0.103, li_recovered:  7.707, time: 0.005246390999673167
L: 0.50, u_super: 0.00964, sec: 559.799, prod: 0.218437, t_ads: 20.3, t_des: 18.6, bed_util_ads: 0.497, bed_util_des: 0.497, des_th: 0.49663846430988584,frac_lost: 0.104, li_recovered:  8.498, time: 0.0059224190008535516
L: 0.50, u_super: 0.00950, sec: 551.210, prod: 0.215476, t_ads: 20.5, t_des: 18.9, bed_util_ads: 0.497, bed_util_des: 0.497, des_th: 0.4970111189792801,frac_lost: 0.104, li_recovered:  8.492, time: 0.005939092001426616
L: 1.62, u_super: 0.00587, sec: 1455.732, prod: 0.096186, t_ads: 107.1, t_des: 180.3, bed_util_ads: 0.414, bed_util_des: 0.409, des_th: 0.40944437858489885,frac_lost: 0.107, li_recovered:  27.640, time: 0.009199654999974882
L: 0.50, u_super: 0.00293, sec: 158.198, prod: 0.065560, t_ads: 65.7, t_des: 58.7, bed_util_ads: 0.498, bed_util_des: 0.498, des_th: 0.4977151419270284,frac_lost: 0.102, li_recovered:  8.156, time: 0.005223527999987709
L: 0.50, u_super: 0.00481, sec: 263.878, prod: 0.108273, t_ads: 40.4, t_des: 36.1, bed_util_ads: 0.500, bed_util_des: 0.500, des_th: 0.49983993233024254,frac_lost: 0.103, li_recovered:  8.277, time: 0.006807125000705128
L: 13.02, u_super: 0.00801 — INFEASIBLE (li_recovered=0.000e+00), time: 0.0017264739999518497
L: 0.50, u_super: 0.00229, sec: 124.012, prod: 0.050444, t_ads: 84.4, t_des: 73.1, bed_util_ads: 0.500, bed_util_des: 0.499, des_th: 0.49934290498535583,frac_lost: 0.106, li_recovered:  7.944, time: 0.005954902999292244
L: 0.50, u_super: 0.00553, sec: 305.741, prod: 0.125105, t_ads: 35.1, t_des: 32.2, bed_util_ads: 0.497, bed_util_des: 0.497, des_th: 0.4969980741897733,frac_lost: 0.102, li_recovered:  8.410, time: 0.006938522999917041
L: 0.50, u_super: 0.00122, sec: 67.844, prod: 0.025890, t_ads: 155.7, t_des: 130.3, bed_util_ads: 0.497, bed_util_des: 0.496, des_th: 0.49643547569273994,frac_lost: 0.107, li_recovered:  7.402, time: 0.009753742000611965
L: 0.50, u_super: 0.00746, sec: 421.141, prod: 0.169064, t_ads: 26.0, t_des: 23.5, bed_util_ads: 0.500, bed_util_des: 0.499, des_th: 0.49950722979103646,frac_lost: 0.101, li_recovered:  8.377, time: 0.0073993449987028725
L: 0.50, u_super: 0.00201, sec: 108.976, prod: 0.044280, t_ads: 95.7, t_des: 83.5, bed_util_ads: 0.497, bed_util_des: 0.497, des_th: 0.4970119658697137,frac_lost: 0.107, li_recovered:  7.936, time: 0.011051549001422245
L: 0.50, u_super: 0.00986, sec: 573.835, prod: 0.223497, t_ads: 19.8, t_des: 18.2, bed_util_ads: 0.498, bed_util_des: 0.498, des_th: 0.49802958802763353,frac_lost: 0.104, li_recovered:  8.497, time: 0.01017151000087324
L: 0.50, u_super: 0.00514, sec: 318.272, prod: 0.102964, t_ads: 37.7, t_des: 46.4, bed_util_ads: 0.460, bed_util_des: 0.459, des_th: 0.45894521066923877,frac_lost: 0.101, li_recovered:  8.662, time: 0.00884558600046148
L: 0.50, u_super: 0.00872, sec: 501.334, prod: 0.197355, t_ads: 22.5, t_des: 20.3, bed_util_ads: 0.500, bed_util_des: 0.499, des_th: 0.49950722979103646,frac_lost: 0.107, li_recovered:  8.442, time: 0.004964615000062622
L: 0.50, u_super: 0.00895, sec: 516.090, prod: 0.202655, t_ads: 21.9, t_des: 20.0, bed_util_ads: 0.497, bed_util_des: 0.497, des_th: 0.4970567449884144,frac_lost: 0.106, li_recovered:  8.486, time: 0.0051818060001096455
L: 0.50, u_super: 0.00241, sec: 147.756, prod: 0.047143, t_ads: 80.0, t_des: 101.3, bed_util_ads: 0.452, bed_util_des: 0.450, des_th: 0.4499080488136019,frac_lost: 0.102, li_recovered:  8.546, time: 0.004498087999309064
L: 28.09, u_super: 0.00766, sec: 56942.945, prod: 0.074396, t_ads: 1442.0, t_des: 4874.7, bed_util_ads: 0.257, bed_util_des: 0.185, des_th: 0.1851696623157332,frac_lost: 0.105, li_recovered:  469.940, time: 0.009756184999787365
L: 0.50, u_super: 0.00703, sec: 396.597, prod: 0.158870, t_ads: 27.8, t_des: 24.9, bed_util_ads: 0.500, bed_util_des: 0.500, des_th: 0.49989934568558125,frac_lost: 0.107, li_recovered:  8.377, time: 0.003935480001018732
L: 0.50, u_super: 0.00928, sec: 537.461, prod: 0.210125, t_ads: 21.0, t_des: 19.6, bed_util_ads: 0.496, bed_util_des: 0.496, des_th: 0.4955506639587023,frac_lost: 0.104, li_recovered:  8.535, time: 0.00454955399982282
L: 0.50, u_super: 0.00461, sec: 252.668, prod: 0.103699, t_ads: 42.2, t_des: 37.7, bed_util_ads: 0.499, bed_util_des: 0.499, des_th: 0.49921833974629165,frac_lost: 0.105, li_recovered:  8.288, time: 0.004370625998490141
L: 0.50, u_super: 0.00172, sec: 93.333, prod: 0.037492, t_ads: 111.3, t_des: 96.2, bed_util_ads: 0.497, bed_util_des: 0.496, des_th: 0.49649215577271955,frac_lost: 0.103, li_recovered:  7.780, time: 0.004113897999559413
L: 0.50, u_super: 0.00046, sec: 91.310, prod: 0.002693, t_ads: 430.5, t_des: 2809.5, bed_util_ads: 0.242, bed_util_des: 0.204, des_th: 0.20360587313985423,frac_lost: 0.104, li_recovered:  8.725, time: 0.013761079999312642
L: 8.65, u_super: 0.00909, sec: 10446.961, prod: 0.179084, t_ads: 341.4, t_des: 292.9, bed_util_ads: 0.476, bed_util_des: 0.475, des_th: 0.4754397539677239,frac_lost: 0.101, li_recovered:  113.588, time: 0.0036912979994667694
L: 29.71, u_super: 0.00461 — INFEASIBLE (li_recovered=0.000e+00), time: 0.0010239290004392387
L: 0.50, u_super: 0.00043 — INFEASIBLE (li_recovered=0.000e+00), time: 0.0030011779999767896
L: 0.50, u_super: 0.00742, sec: 421.377, prod: 0.167462, t_ads: 26.4, t_des: 24.5, bed_util_ads: 0.497, bed_util_des: 0.496, des_th: 0.4963843680790646,frac_lost: 0.109, li_recovered:  8.524, time: 0.005902656001126161
L: 0.50, u_super: 0.00063, sec: 36.398, prod: 0.012866, t_ads: 290.7, t_des: 251.3, bed_util_ads: 0.480, bed_util_des: 0.479, des_th: 0.4794177259862836,frac_lost: 0.106, li_recovered:  6.973, time: 0.005490687999554211
L: 0.50, u_super: 0.00236, sec: 127.092, prod: 0.052435, t_ads: 81.6, t_des: 72.7, bed_util_ads: 0.496, bed_util_des: 0.496, des_th: 0.49557432836760673,frac_lost: 0.103, li_recovered:  8.087, time: 0.005459433999931207
L: 0.50, u_super: 0.00874, sec: 502.313, prod: 0.197878, t_ads: 22.4, t_des: 20.3, bed_util_ads: 0.499, bed_util_des: 0.499, des_th: 0.49870583591449086,frac_lost: 0.106, li_recovered:  8.445, time: 0.0045598910000990145
L: 0.50, u_super: 0.00990, sec: 576.941, prod: 0.224449, t_ads: 19.7, t_des: 17.9, bed_util_ads: 0.500, bed_util_des: 0.499, des_th: 0.49942132725883337,frac_lost: 0.105, li_recovered:  8.455, time: 0.005603710998911993
L: 0.50, u_super: 0.00238, sec: 129.027, prod: 0.052665, t_ads: 80.9, t_des: 70.3, bed_util_ads: 0.500, bed_util_des: 0.499, des_th: 0.4993027788502484,frac_lost: 0.104, li_recovered:  7.959, time: 0.004973286999302218
L: 0.50, u_super: 0.00497, sec: 273.364, prod: 0.111988, t_ads: 39.1, t_des: 34.9, bed_util_ads: 0.500, bed_util_des: 0.500, des_th: 0.49965574338090235,frac_lost: 0.103, li_recovered:  8.282, time: 0.005552275000809459
L: 0.50, u_super: 0.00260, sec: 140.219, prod: 0.057958, t_ads: 74.1, t_des: 66.0, bed_util_ads: 0.497, bed_util_des: 0.496, des_th: 0.49646810381073464,frac_lost: 0.103, li_recovered:  8.120, time: 0.006179308000355377
   387 |    15480 |     40 |  0.0016846497 |             f
L: 0.50, u_super: 0.00344, sec: 186.320, prod: 0.077066, t_ads: 56.5, t_des: 51.1, bed_util_ads: 0.497, bed_util_des: 0.497, des_th: 0.4968045658744245,frac_lost: 0.106, li_recovered:  8.292, time: 0.00573952000013378
L: 0.50, u_super: 0.00414, sec: 226.200, prod: 0.092985, t_ads: 47.0, t_des: 41.9, bed_util_ads: 0.500, bed_util_des: 0.500, des_th: 0.49960950248179264,frac_lost: 0.107, li_recovered:  8.264, time: 0.0038774499989813194
L: 0.50, u_super: 0.00770, sec: 435.910, prod: 0.174661, t_ads: 25.2, t_des: 23.3, bed_util_ads: 0.497, bed_util_des: 0.497, des_th: 0.4969830526123354,frac_lost: 0.100, li_recovered:  8.471, time: 0.005387094999605324
L: 0.50, u_super: 0.00587, sec: 327.564, prod: 0.132060, t_ads: 33.0, t_des: 31.8, bed_util_ads: 0.491, bed_util_des: 0.491, des_th: 0.49063214891458445,frac_lost: 0.101, li_recovered:  8.558, time: 0.005402752000009059
L: 0.50, u_super: 0.00621, sec: 345.805, prod: 0.140566, t_ads: 31.3, t_des: 28.3, bed_util_ads: 0.499, bed_util_des: 0.499, des_th: 0.4986461607479255,frac_lost: 0.102, li_recovered:  8.374, time: 0.005349204000594909
L: 0.50, u_super: 0.00668, sec: 373.785, prod: 0.151274, t_ads: 29.0, t_des: 26.9, bed_util_ads: 0.496, bed_util_des: 0.496, des_th: 0.49565180244298807,frac_lost: 0.101, li_recovered:  8.464, time: 0.00578228499944089
L: 4.15, u_super: 0.00483 — INFEASIBLE (li_recovered=0.000e+00), time: 0.0024518030004401226
L: 0.50, u_super: 0.00806, sec: 459.877, prod: 0.182415, t_ads: 24.2, t_des: 22.2, bed_util_ads: 0.497, bed_util_des: 0.497, des_th: 0.49705625269047965,frac_lost: 0.106, li_recovered:  8.478, time: 0.005011065999497077
L: 0.50, u_super: 0.00990, sec: 576.726, prod: 0.224532, t_ads: 19.7, t_des: 17.9, bed_util_ads: 0.500, bed_util_des: 0.499, des_th: 0.49942132725883337,frac_lost: 0.105, li_recovered:  8.438, time: 0.006799452999985078
L: 0.50, u_super: 0.00497, sec: 275.242, prod: 0.111224, t_ads: 39.1, t_des: 37.9, bed_util_ads: 0.490, bed_util_des: 0.490, des_th: 0.48964440315895563,frac_lost: 0.103, li_recovered:  8.559, time: 0.005885642998691765
L: 0.50, u_super: 0.00800, sec: 456.888, prod: 0.180891, t_ads: 24.5, t_des: 22.4, bed_util_ads: 0.497, bed_util_des: 0.497, des_th: 0.4969830526123354,frac_lost: 0.108, li_recovered:  8.487, time: 0.007040954998956295
L: 0.50, u_super: 0.00481, sec: 263.799, prod: 0.108306, t_ads: 40.5, t_des: 37.0, bed_util_ads: 0.497, bed_util_des: 0.497, des_th: 0.4966747086341866,frac_lost: 0.105, li_recovered:  8.393, time: 0.005362456000511884
L: 0.50, u_super: 0.00374, sec: 208.002, prod: 0.081970, t_ads: 52.0, t_des: 52.7, bed_util_ads: 0.482, bed_util_des: 0.482, des_th: 0.4817373295973071,frac_lost: 0.106, li_recovered:  8.581, time: 0.006577022999408655
L: 0.50, u_super: 0.00153, sec: 83.429, prod: 0.033300, t_ads: 124.7, t_des: 124.5, bed_util_ads: 0.478, bed_util_des: 0.477, des_th: 0.4771013407210126,frac_lost: 0.104, li_recovered:  8.300, time: 0.005872620999070932
L: 0.50, u_super: 0.00293, sec: 158.198, prod: 0.065560, t_ads: 65.7, t_des: 58.7, bed_util_ads: 0.498, bed_util_des: 0.498, des_th: 0.4977151419270284,frac_lost: 0.102, li_recovered:  8.156, time: 0.005304285001329845
L: 0.50, u_super: 0.00721, sec: 407.380, prod: 0.162962, t_ads: 27.1, t_des: 24.6, bed_util_ads: 0.498, bed_util_des: 0.498, des_th: 0.4981673849470139,frac_lost: 0.107, li_recovered:  8.430, time: 0.0041467150003882125
L: 0.50, u_super: 0.00399, sec: 217.114, prod: 0.089718, t_ads: 48.7, t_des: 44.5, bed_util_ads: 0.496, bed_util_des: 0.495, des_th: 0.49545680719474167,frac_lost: 0.105, li_recovered:  8.359, time: 0.004698221999205998
L: 0.50, u_super: 0.00990, sec: 576.941, prod: 0.224449, t_ads: 19.7, t_des: 17.9, bed_util_ads: 0.500, bed_util_des: 0.499, des_th: 0.49942132725883337,frac_lost: 0.105, li_recovered:  8.455, time: 0.004596233000484062
L: 0.50, u_super: 0.00020, sec: 28.320, prod: 0.001563, t_ads: 1015.9, t_des: 4481.7, bed_util_ads: 0.250, bed_util_des: 0.186, des_th: 0.1862111486649706,frac_lost: 0.104, li_recovered:  8.594, time: 0.012646011000470025
L: 0.50, u_super: 0.00461, sec: 252.553, prod: 0.103746, t_ads: 42.3, t_des: 38.1, bed_util_ads: 0.498, bed_util_des: 0.498, des_th: 0.49791324771715323,frac_lost: 0.106, li_recovered:  8.341, time: 0.004642130999854999
L: 0.50, u_super: 0.00730, sec: 411.713, prod: 0.165595, t_ads: 26.6, t_des: 24.6, bed_util_ads: 0.495, bed_util_des: 0.495, des_th: 0.49508184040151193,frac_lost: 0.100, li_recovered:  8.473, time: 0.006184850000863662
L: 0.50, u_super: 0.00723, sec: 408.264, prod: 0.163424, t_ads: 27.0, t_des: 24.6, bed_util_ads: 0.498, bed_util_des: 0.498, des_th: 0.4981673849470139,frac_lost: 0.107, li_recovered:  8.437, time: 0.007148877999497927
L: 22.23, u_super: 0.00520 — INFEASIBLE (li_recovered=0.000e+00), time: 0.0022934319986234186
L: 0.50, u_super: 0.00323, sec: 174.170, prod: 0.072402, t_ads: 59.8, t_des: 54.4, bed_util_ads: 0.495, bed_util_des: 0.495, des_th: 0.49508062253857466,frac_lost: 0.102, li_recovered:  8.269, time: 0.006496567999420222
L: 21.50, u_super: 0.00083 — INFEASIBLE (li_recovered=0.000e+00), time: 0.0014135359997453634
L: 0.50, u_super: 0.00963, sec: 559.393, prod: 0.218524, t_ads: 20.3, t_des: 18.4, bed_util_ads: 0.499, bed_util_des: 0.498, des_th: 0.49848813160083294,frac_lost: 0.104, li_recovered:  8.451, time: 0.005500432998815086
L: 32.99, u_super: 0.00384 — INFEASIBLE (li_recovered=0.000e+00), time: 0.0021741590007877676
L: 0.50, u_super: 0.00189, sec: 102.627, prod: 0.041541, t_ads: 100.8, t_des: 87.4, bed_util_ads: 0.498, bed_util_des: 0.498, des_th: 0.4979987926003566,frac_lost: 0.100, li_recovered:  7.816, time: 0.0054990480002743425
L: 0.50, u_super: 0.00005, sec: 4.330, prod: 0.000669, t_ads: 3401.1, t_des: 5789.0, bed_util_ads: 0.251, bed_util_des: 0.185, des_th: 0.1851696623157332,frac_lost: 0.100, li_recovered:  6.144, time: 0.0070573709999735
L: 0.50, u_super: 0.00812, sec: 464.008, prod: 0.183735, t_ads: 24.1, t_des: 21.9, bed_util_ads: 0.500, bed_util_des: 0.500, des_th: 0.49953200505424816,frac_lost: 0.108, li_recovered:  8.447, time: 0.006325279999146005
L: 17.00, u_super: 0.00658 — INFEASIBLE (li_recovered=0.000e+00), time: 0.0016398110001318855
L: 0.50, u_super: 0.00811, sec: 463.162, prod: 0.183340, t_ads: 24.1, t_des: 21.6, bed_util_ads: 0.500, bed_util_des: 0.500, des_th: 0.4999686750212841,frac_lost: 0.107, li_recovered:  8.388, time: 0.0059276440006215125
L: 0.50, u_super: 0.00063, sec: 35.471, prod: 0.013200, t_ads: 291.4, t_des: 284.3, bed_util_ads: 0.466, bed_util_des: 0.464, des_th: 0.4642477042547399,frac_lost: 0.104, li_recovered:  7.599, time: 0.007173658999818144
L: 0.50, u_super: 0.00021, sec: 22.832, prod: 0.002252, t_ads: 908.4, t_des: 2706.0, bed_util_ads: 0.289, bed_util_des: 0.240, des_th: 0.24018818788721555,frac_lost: 0.102, li_recovered:  8.139, time: 0.011922083000172279
L: 11.70, u_super: 0.00364 — INFEASIBLE (li_recovered=0.000e+00), time: 0.002317587999641546
L: 0.50, u_super: 0.00086, sec: 47.072, prod: 0.018278, t_ads: 217.2, t_des: 201.1, bed_util_ads: 0.479, bed_util_des: 0.478, des_th: 0.4776898633070452,frac_lost: 0.101, li_recovered:  7.645, time: 0.007521461000578711
L: 30.46, u_super: 0.00201 — INFEASIBLE (li_recovered=0.000e+00), time: 0.0008856859985826304
L: 0.50, u_super: 0.00461, sec: 253.094, prod: 0.103525, t_ads: 42.2, t_des: 39.9, bed_util_ads: 0.493, bed_util_des: 0.492, des_th: 0.4922647840906058,frac_lost: 0.104, li_recovered:  8.498, time: 0.007597702999191824
L: 0.50, u_super: 0.00265, sec: 145.465, prod: 0.057784, t_ads: 72.8, t_des: 74.3, bed_util_ads: 0.479, bed_util_des: 0.478, des_th: 0.47817818581451843,frac_lost: 0.101, li_recovered:  8.504, time: 0.0060869900007674005
L: 0.50, u_super: 0.00201, sec: 109.431, prod: 0.043996, t_ads: 95.0, t_des: 81.2, bed_util_ads: 0.499, bed_util_des: 0.499, des_th: 0.49934290498535583,frac_lost: 0.100, li_recovered:  7.753, time: 0.008080120998783968
   388 |    15520 |     40 |  0.0034286701 |             f
L: 23.02, u_super: 0.00773, sec: 31944.028, prod: 0.110586, t_ads: 825.1, t_des: 845.5, bed_util_ads: 0.386, bed_util_des: 0.385, des_th: 0.38510889406468163,frac_lost: 0.101, li_recovered:  184.741, time: 0.005424775999927078
L: 0.50, u_super: 0.00733, sec: 413.169, prod: 0.166057, t_ads: 26.5, t_des: 23.9, bed_util_ads: 0.499, bed_util_des: 0.499, des_th: 0.4993009945711384,frac_lost: 0.101, li_recovered:  8.376, time: 0.0066589369998837356
L: 0.50, u_super: 0.00265, sec: 146.147, prod: 0.057515, t_ads: 72.9, t_des: 75.2, bed_util_ads: 0.479, bed_util_des: 0.478, des_th: 0.47797102957173676,frac_lost: 0.102, li_recovered:  8.515, time: 0.009046167000633432
L: 0.50, u_super: 0.00963, sec: 559.446, prod: 0.218503, t_ads: 20.3, t_des: 18.4, bed_util_ads: 0.499, bed_util_des: 0.498, des_th: 0.4984925903908318,frac_lost: 0.104, li_recovered:  8.444, time: 0.007684926998990704
L: 0.50, u_super: 0.00842, sec: 481.839, prod: 0.190562, t_ads: 23.2, t_des: 20.9, bed_util_ads: 0.500, bed_util_des: 0.500, des_th: 0.49959153242388116,frac_lost: 0.105, li_recovered:  8.400, time: 0.005545266998524312
L: 2.24, u_super: 0.00414 — INFEASIBLE (li_recovered=0.000e+00), time: 0.0025143019993265625
L: 0.50, u_super: 0.00583, sec: 323.323, prod: 0.131903, t_ads: 33.3, t_des: 30.2, bed_util_ads: 0.498, bed_util_des: 0.498, des_th: 0.4976152363489987,frac_lost: 0.102, li_recovered:  8.373, time: 0.007084274000590085
L: 0.50, u_super: 0.00056, sec: 32.898, prod: 0.011208, t_ads: 324.1, t_des: 277.9, bed_util_ads: 0.478, bed_util_des: 0.477, des_th: 0.47704132678743216,frac_lost: 0.106, li_recovered:  6.747, time: 0.0052697379996970994
L: 0.50, u_super: 0.00480, sec: 275.706, prod: 0.103528, t_ads: 40.3, t_des: 43.1, bed_util_ads: 0.477, bed_util_des: 0.476, des_th: 0.47625685208742286,frac_lost: 0.101, li_recovered:  8.638, time: 0.008180756000001566
L: 0.50, u_super: 0.00871, sec: 500.646, prod: 0.197403, t_ads: 22.4, t_des: 20.4, bed_util_ads: 0.500, bed_util_des: 0.499, des_th: 0.49941971552547815,frac_lost: 0.105, li_recovered:  8.445, time: 0.007738653999695089
L: 0.50, u_super: 0.00904, sec: 522.233, prod: 0.204648, t_ads: 21.7, t_des: 19.8, bed_util_ads: 0.499, bed_util_des: 0.498, des_th: 0.49848813160083294,frac_lost: 0.107, li_recovered:  8.490, time: 0.006816463999712141
L: 0.50, u_super: 0.00019 — INFEASIBLE (li_recovered=0.000e+00), time: 0.0018809039993357146
L: 0.50, u_super: 0.00687, sec: 407.187, prod: 0.147359, t_ads: 28.5, t_des: 30.5, bed_util_ads: 0.478, bed_util_des: 0.477, des_th: 0.4771013407210126,frac_lost: 0.107, li_recovered:  8.686, time: 0.008112657000310719
L: 0.50, u_super: 0.00793, sec: 450.903, prod: 0.179943, t_ads: 24.5, t_des: 22.6, bed_util_ads: 0.497, bed_util_des: 0.497, des_th: 0.4969283986569061,frac_lost: 0.101, li_recovered:  8.475, time: 0.006635499999902095
L: 0.50, u_super: 0.00060 — INFEASIBLE (li_recovered=0.000e+00), time: 0.004493106000154512
L: 0.50, u_super: 0.00969, sec: 563.036, prod: 0.219756, t_ads: 20.1, t_des: 18.3, bed_util_ads: 0.499, bed_util_des: 0.499, des_th: 0.4986436778958305,frac_lost: 0.104, li_recovered:  8.440, time: 0.005987735001326655
L: 53.40, u_super: 0.00721 — INFEASIBLE (li_recovered=0.000e+00), time: 0.0009927079991030041
L: 0.50, u_super: 0.00295, sec: 622.365, prod: 0.016870, t_ads: 66.7, t_des: 452.2, bed_util_ads: 0.263, bed_util_des: 0.256, des_th: 0.255918323831958,frac_lost: 0.108, li_recovered:  8.754, time: 0.02011438900080975
L: 0.50, u_super: 0.00447, sec: 244.602, prod: 0.100800, t_ads: 43.4, t_des: 39.7, bed_util_ads: 0.497, bed_util_des: 0.497, des_th: 0.4966747086341866,frac_lost: 0.104, li_recovered:  8.382, time: 0.005342796001059469
L: 0.50, u_super: 0.00800, sec: 455.865, prod: 0.180843, t_ads: 24.5, t_des: 22.2, bed_util_ads: 0.499, bed_util_des: 0.499, des_th: 0.49890239032424505,frac_lost: 0.107, li_recovered:  8.435, time: 0.0062629999993077945
L: 0.50, u_super: 0.00892, sec: 515.846, prod: 0.201389, t_ads: 21.9, t_des: 20.6, bed_util_ads: 0.495, bed_util_des: 0.495, des_th: 0.49511679922037055,frac_lost: 0.106, li_recovered:  8.570, time: 0.005181905000426923
L: 2.98, u_super: 0.00497, sec: 1766.139, prod: 0.103415, t_ads: 223.2, t_des: 191.4, bed_util_ads: 0.488, bed_util_des: 0.488, des_th: 0.488084209277544,frac_lost: 0.103, li_recovered:  42.869, time: 0.004258234999724664
L: 3.40, u_super: 0.00990, sec: 4171.298, prod: 0.211184, t_ads: 131.6, t_des: 109.3, bed_util_ads: 0.500, bed_util_des: 0.499, des_th: 0.49941800154024735,frac_lost: 0.108, li_recovered:  50.884, time: 0.006035939000867074
L: 0.50, u_super: 0.00229, sec: 123.916, prod: 0.050483, t_ads: 84.4, t_des: 73.3, bed_util_ads: 0.500, bed_util_des: 0.499, des_th: 0.49933844619088297,frac_lost: 0.106, li_recovered:  7.959, time: 0.0048258060014632065
L: 0.50, u_super: 0.00323, sec: 174.575, prod: 0.072234, t_ads: 60.2, t_des: 55.2, bed_util_ads: 0.495, bed_util_des: 0.495, des_th: 0.4949883389299413,frac_lost: 0.107, li_recovered:  8.339, time: 0.0050544379992061295
L: 0.50, u_super: 0.00911, sec: 527.190, prod: 0.206120, t_ads: 21.5, t_des: 20.0, bed_util_ads: 0.497, bed_util_des: 0.496, des_th: 0.4965213544382485,frac_lost: 0.106, li_recovered:  8.538, time: 0.005698703998859855
L: 0.50, u_super: 0.00062, sec: 35.512, prod: 0.012627, t_ads: 300.0, t_des: 317.9, bed_util_ads: 0.455, bed_util_des: 0.451, des_th: 0.45151633757545445,frac_lost: 0.107, li_recovered:  7.803, time: 0.0058225049997417955
L: 0.50, u_super: 0.00388, sec: 211.072, prod: 0.087074, t_ads: 50.1, t_des: 44.8, bed_util_ads: 0.498, bed_util_des: 0.497, des_th: 0.4974940099100355,frac_lost: 0.105, li_recovered:  8.261, time: 0.005589889000475523
L: 5.83, u_super: 0.00153 — INFEASIBLE (li_recovered=0.000e+00), time: 0.0012183180006104521
L: 0.50, u_super: 0.00587, sec: 325.495, prod: 0.132899, t_ads: 33.0, t_des: 30.6, bed_util_ads: 0.495, bed_util_des: 0.495, des_th: 0.4952017072303182,frac_lost: 0.100, li_recovered:  8.451, time: 0.005577443000220228
L: 0.50, u_super: 0.00966, sec: 561.661, prod: 0.218859, t_ads: 20.2, t_des: 18.8, bed_util_ads: 0.497, bed_util_des: 0.496, des_th: 0.496491308882286,frac_lost: 0.103, li_recovered:  8.538, time: 0.00434819600013725
L: 0.50, u_super: 0.00900, sec: 4323.251, prod: 0.024454, t_ads: 21.8, t_des: 337.2, bed_util_ads: 0.194, bed_util_des: 0.191, des_th: 0.1910281591864639,frac_lost: 0.102, li_recovered:  8.778, time: 0.04381942399959371
L: 0.50, u_super: 0.00055 — INFEASIBLE (li_recovered=0.000e+00), time: 0.003374673000507755
L: 0.50, u_super: 0.00839, sec: 480.615, prod: 0.189678, t_ads: 23.3, t_des: 21.5, bed_util_ads: 0.497, bed_util_des: 0.497, des_th: 0.49705625269047965,frac_lost: 0.107, li_recovered:  8.496, time: 0.007372604000920546
L: 16.15, u_super: 0.00204 — INFEASIBLE (li_recovered=0.000e+00), time: 0.0011657769991870737
L: 0.50, u_super: 0.00793, sec: 451.454, prod: 0.179302, t_ads: 24.7, t_des: 22.4, bed_util_ads: 0.500, bed_util_des: 0.499, des_th: 0.49944073542816586,frac_lost: 0.107, li_recovered:  8.434, time: 0.006554257999596302
L: 0.50, u_super: 0.00344, sec: 194.446, prod: 0.073845, t_ads: 56.6, t_des: 59.7, bed_util_ads: 0.477, bed_util_des: 0.476, des_th: 0.47595057680017905,frac_lost: 0.107, li_recovered:  8.592, time: 0.009199179001370794
L: 0.50, u_super: 0.00006 — INFEASIBLE (li_recovered=0.000e+00), time: 0.001683410000623553
L: 0.50, u_super: 0.00688, sec: 385.737, prod: 0.155880, t_ads: 28.2, t_des: 25.6, bed_util_ads: 0.499, bed_util_des: 0.499, des_th: 0.49929910992503157,frac_lost: 0.101, li_recovered:  8.383, time: 0.007051519998640288
L: 0.50, u_super: 0.00533, sec: 295.175, prod: 0.119809, t_ads: 36.4, t_des: 34.9, bed_util_ads: 0.491, bed_util_des: 0.491, des_th: 0.49083960508625085,frac_lost: 0.101, li_recovered:  8.541, time: 0.005121856000187108
   389 |    15560 |     40 |  0.0016322803 |             f
L: 0.50, u_super: 0.00153, sec: 83.099, prod: 0.033432, t_ads: 124.7, t_des: 122.7, bed_util_ads: 0.480, bed_util_des: 0.479, des_th: 0.4789283113558933,frac_lost: 0.104, li_recovered:  8.274, time: 0.005375362001359463
L: 0.50, u_super: 0.00056, sec: 32.681, prod: 0.010994, t_ads: 325.3, t_des: 277.7, bed_util_ads: 0.477, bed_util_des: 0.477, des_th: 0.47700802432273315,frac_lost: 0.102, li_recovered:  6.630, time: 0.004637280999304494
L: 0.50, u_super: 0.00135, sec: 74.724, prod: 0.028886, t_ads: 139.9, t_des: 117.6, bed_util_ads: 0.498, bed_util_des: 0.497, des_th: 0.4975113290410765,frac_lost: 0.101, li_recovered:  7.439, time: 0.005647489000693895
L: 0.50, u_super: 0.00353, sec: 192.218, prod: 0.078945, t_ads: 55.1, t_des: 48.6, bed_util_ads: 0.499, bed_util_des: 0.499, des_th: 0.49927026888675285,frac_lost: 0.108, li_recovered:  8.183, time: 0.004175572999884025
L: 0.50, u_super: 0.00323, sec: 174.170, prod: 0.072402, t_ads: 59.8, t_des: 54.4, bed_util_ads: 0.495, bed_util_des: 0.495, des_th: 0.49508062253857466,frac_lost: 0.102, li_recovered:  8.269, time: 0.0038915029999770923
L: 0.50, u_super: 0.00967, sec: 561.934, prod: 0.219193, t_ads: 20.2, t_des: 18.6, bed_util_ads: 0.497, bed_util_des: 0.497, des_th: 0.49675154602542787,frac_lost: 0.104, li_recovered:  8.500, time: 0.005535725000299863
L: 0.50, u_super: 0.00845, sec: 2386.727, prod: 0.038770, t_ads: 23.2, t_des: 203.0, bed_util_ads: 0.242, bed_util_des: 0.240, des_th: 0.2397732788466853,frac_lost: 0.105, li_recovered:  8.771, time: 0.023410869000144885
L: 0.50, u_super: 0.00687, sec: 396.452, prod: 0.151399, t_ads: 28.5, t_des: 28.7, bed_util_ads: 0.486, bed_util_des: 0.486, des_th: 0.48597238997961395,frac_lost: 0.109, li_recovered:  8.662, time: 0.006936206000318634
L: 0.50, u_super: 0.00927, sec: 588.619, prod: 0.191531, t_ads: 21.1, t_des: 24.4, bed_util_ads: 0.469, bed_util_des: 0.468, des_th: 0.46833049392315296,frac_lost: 0.104, li_recovered:  8.713, time: 0.004494351000175811
L: 45.49, u_super: 0.00419 — INFEASIBLE (li_recovered=0.000e+00), time: 0.0007437860003847163
L: 0.50, u_super: 0.00330, sec: 178.779, prod: 0.074036, t_ads: 58.8, t_des: 53.7, bed_util_ads: 0.496, bed_util_des: 0.495, des_th: 0.495270277412944,frac_lost: 0.106, li_recovered:  8.326, time: 0.006227431998922839
L: 0.50, u_super: 0.00006 — INFEASIBLE (li_recovered=0.000e+00), time: 0.0012512640005297726
L: 0.50, u_super: 0.00920, sec: 531.953, prod: 0.208549, t_ads: 21.2, t_des: 19.3, bed_util_ads: 0.500, bed_util_des: 0.499, des_th: 0.49941971552547815,frac_lost: 0.106, li_recovered:  8.448, time: 0.004715295999631053
L: 0.50, u_super: 0.00721, sec: 407.544, prod: 0.162896, t_ads: 27.2, t_des: 24.6, bed_util_ads: 0.499, bed_util_des: 0.499, des_th: 0.4985478735164441,frac_lost: 0.108, li_recovered:  8.438, time: 0.007325085000047693
L: 0.50, u_super: 0.00924, sec: 534.348, prod: 0.209554, t_ads: 21.1, t_des: 19.4, bed_util_ads: 0.497, bed_util_des: 0.497, des_th: 0.49698841920398035,frac_lost: 0.104, li_recovered:  8.486, time: 0.004428308000569814
L: 0.50, u_super: 0.00795, sec: 475.433, prod: 0.171192, t_ads: 24.7, t_des: 26.1, bed_util_ads: 0.480, bed_util_des: 0.479, des_th: 0.4794328043553628,frac_lost: 0.109, li_recovered:  8.698, time: 0.00700577399948088
L: 0.50, u_super: 0.00296, sec: 159.995, prod: 0.065884, t_ads: 65.2, t_des: 57.3, bed_util_ads: 0.500, bed_util_des: 0.499, des_th: 0.49933844619088297,frac_lost: 0.102, li_recovered:  8.073, time: 0.005763621000369312
L: 0.50, u_super: 0.00005, sec: 4.390, prod: 0.000660, t_ads: 3649.4, t_des: 7008.8, bed_util_ads: 0.245, bed_util_des: 0.164, des_th: 0.16427401659458293,frac_lost: 0.102, li_recovered:  7.029, time: 0.00946525800100062
L: 0.50, u_super: 0.00621, sec: 346.237, prod: 0.140391, t_ads: 31.3, t_des: 27.9, bed_util_ads: 0.500, bed_util_des: 0.500, des_th: 0.4995918031725203,frac_lost: 0.102, li_recovered:  8.311, time: 0.007002639998972882
L: 0.50, u_super: 0.00127, sec: 70.181, prod: 0.027233, t_ads: 149.0, t_des: 126.7, bed_util_ads: 0.496, bed_util_des: 0.495, des_th: 0.49528700064237524,frac_lost: 0.104, li_recovered:  7.508, time: 0.006276931999309454
L: 0.50, u_super: 0.00293, sec: 162.983, prod: 0.063635, t_ads: 65.9, t_des: 68.4, bed_util_ads: 0.478, bed_util_des: 0.477, des_th: 0.47700139507028266,frac_lost: 0.103, li_recovered:  8.544, time: 0.008018659000299522
L: 0.50, u_super: 0.00135, sec: 73.290, prod: 0.029513, t_ads: 141.2, t_des: 127.0, bed_util_ads: 0.491, bed_util_des: 0.490, des_th: 0.48996046283954947,frac_lost: 0.107, li_recovered:  7.915, time: 0.005167945999346557
L: 0.50, u_super: 0.00405, sec: 220.602, prod: 0.091182, t_ads: 47.9, t_des: 43.3, bed_util_ads: 0.497, bed_util_des: 0.497, des_th: 0.49702412375841565,frac_lost: 0.104, li_recovered:  8.314, time: 0.004000483999334392
L: 0.50, u_super: 0.00229, sec: 124.032, prod: 0.050436, t_ads: 84.5, t_des: 73.1, bed_util_ads: 0.500, bed_util_des: 0.499, des_th: 0.4994540690608992,frac_lost: 0.107, li_recovered:  7.948, time: 0.005357031999665196
L: 0.50, u_super: 0.00265, sec: 148.163, prod: 0.056732, t_ads: 72.9, t_des: 77.5, bed_util_ads: 0.475, bed_util_des: 0.474, des_th: 0.47385706392360544,frac_lost: 0.102, li_recovered:  8.532, time: 0.004303118999814615
L: 8.54, u_super: 0.00724 — INFEASIBLE (li_recovered=0.000e+00), time: 0.0022494620006909827
L: 0.50, u_super: 0.00030 — INFEASIBLE (li_recovered=0.000e+00), time: 0.003698313999848324
L: 0.50, u_super: 0.00622, sec: 346.295, prod: 0.140641, t_ads: 31.3, t_des: 28.3, bed_util_ads: 0.499, bed_util_des: 0.499, des_th: 0.49929910992503157,frac_lost: 0.103, li_recovered:  8.371, time: 0.0035390449993428774
L: 21.46, u_super: 0.00587 — INFEASIBLE (li_recovered=0.000e+00), time: 0.0012060039989592042
L: 19.69, u_super: 0.00323 — INFEASIBLE (li_recovered=0.000e+00), time: 0.0012126309993618634
L: 0.50, u_super: 0.00514, sec: 282.743, prod: 0.115902, t_ads: 37.8, t_des: 34.3, bed_util_ads: 0.498, bed_util_des: 0.498, des_th: 0.4978043009432428,frac_lost: 0.104, li_recovered:  8.361, time: 0.005797464000352193
L: 0.50, u_super: 0.00498, sec: 1307.257, prod: 0.023551, t_ads: 39.6, t_des: 332.9, bed_util_ads: 0.245, bed_util_des: 0.240, des_th: 0.24018818788721555,frac_lost: 0.108, li_recovered:  8.772, time: 0.02379018900137453
L: 21.80, u_super: 0.00841 — INFEASIBLE (li_recovered=0.000e+00), time: 0.0015601380000589415
L: 19.15, u_super: 0.00963 — INFEASIBLE (li_recovered=0.000e+00), time: 0.0036795129999518394
L: 0.50, u_super: 0.00770, sec: 438.135, prod: 0.173774, t_ads: 25.4, t_des: 23.6, bed_util_ads: 0.497, bed_util_des: 0.496, des_th: 0.49648594229064097,frac_lost: 0.108, li_recovered:  8.526, time: 0.009511215999737033
L: 6.91, u_super: 0.00241 — INFEASIBLE (li_recovered=0.000e+00), time: 0.003983051999966847
L: 0.50, u_super: 0.00293, sec: 158.198, prod: 0.065560, t_ads: 65.7, t_des: 58.7, bed_util_ads: 0.498, bed_util_des: 0.498, des_th: 0.4977151419270284,frac_lost: 0.102, li_recovered:  8.156, time: 0.004926857998725609
L: 0.50, u_super: 0.00201, sec: 109.509, prod: 0.044064, t_ads: 95.9, t_des: 82.2, bed_util_ads: 0.500, bed_util_des: 0.500, des_th: 0.49995006699620065,frac_lost: 0.108, li_recovered:  7.844, time: 0.006699644000036642
L: 0.50, u_super: 0.00414, sec: 226.084, prod: 0.093033, t_ads: 46.9, t_des: 41.9, bed_util_ads: 0.499, bed_util_des: 0.499, des_th: 0.4986638589713958,frac_lost: 0.106, li_recovered:  8.263, time: 0.006668080000963528
L: 0.50, u_super: 0.00087, sec: 47.581, prod: 0.018474, t_ads: 216.9, t_des: 201.4, bed_util_ads: 0.479, bed_util_des: 0.478, des_th: 0.4782085589472033,frac_lost: 0.106, li_recovered:  7.729, time: 0.007003156999417115
   390 |    15600 |     40 |  0.0016797061 |             f
L: 0.50, u_super: 0.00764, sec: 434.035, prod: 0.172698, t_ads: 25.6, t_des: 23.5, bed_util_ads: 0.497, bed_util_des: 0.497, des_th: 0.4969830526123354,frac_lost: 0.107, li_recovered:  8.478, time: 0.0063101279993134085
L: 0.50, u_super: 0.00651, sec: 363.236, prod: 0.147381, t_ads: 29.8, t_des: 27.0, bed_util_ads: 0.499, bed_util_des: 0.498, des_th: 0.49840590153351116,frac_lost: 0.100, li_recovered:  8.375, time: 0.009646694999901229
L: 0.50, u_super: 0.00704, sec: 395.633, prod: 0.159582, t_ads: 27.6, t_des: 24.9, bed_util_ads: 0.499, bed_util_des: 0.499, des_th: 0.49929910992503157,frac_lost: 0.101, li_recovered:  8.375, time: 0.008214803001465043
L: 0.50, u_super: 0.00798, sec: 455.858, prod: 0.180029, t_ads: 24.6, t_des: 22.7, bed_util_ads: 0.497, bed_util_des: 0.497, des_th: 0.49695208318215994,frac_lost: 0.109, li_recovered:  8.522, time: 0.009758390999195399
L: 0.50, u_super: 0.00871, sec: 500.849, prod: 0.197323, t_ads: 22.4, t_des: 20.4, bed_util_ads: 0.500, bed_util_des: 0.499, des_th: 0.4994263865302746,frac_lost: 0.106, li_recovered:  8.447, time: 0.006269972000154667
L: 0.50, u_super: 0.00446, sec: 244.143, prod: 0.100357, t_ads: 43.6, t_des: 40.3, bed_util_ads: 0.495, bed_util_des: 0.495, des_th: 0.4952017072303182,frac_lost: 0.106, li_recovered:  8.428, time: 0.0075535370015131775
L: 0.50, u_super: 0.00990, sec: 609.676, prod: 0.212398, t_ads: 19.7, t_des: 21.3, bed_util_ads: 0.476, bed_util_des: 0.476, des_th: 0.47609623553760727,frac_lost: 0.102, li_recovered:  8.709, time: 0.007487794999178732
L: 0.50, u_super: 0.00227, sec: 123.453, prod: 0.049953, t_ads: 84.8, t_des: 72.8, bed_util_ads: 0.500, bed_util_des: 0.499, des_th: 0.49933844619088297,frac_lost: 0.105, li_recovered:  7.875, time: 0.008311535999382613
L: 0.50, u_super: 0.00484, sec: 296.903, prod: 0.097653, t_ads: 40.5, t_des: 48.3, bed_util_ads: 0.464, bed_util_des: 0.463, des_th: 0.46280258650206,frac_lost: 0.109, li_recovered:  8.664, time: 0.008675856999616371
L: 0.50, u_super: 0.00265, sec: 146.907, prod: 0.057217, t_ads: 73.0, t_des: 76.0, bed_util_ads: 0.478, bed_util_des: 0.477, des_th: 0.47680719323972776,frac_lost: 0.103, li_recovered:  8.524, time: 0.008581624000726151
L: 0.50, u_super: 0.00897, sec: 517.752, prod: 0.203167, t_ads: 21.8, t_des: 20.0, bed_util_ads: 0.498, bed_util_des: 0.498, des_th: 0.4981624305691828,frac_lost: 0.106, li_recovered:  8.498, time: 0.007746146000499721
L: 21.39, u_super: 0.00989 — INFEASIBLE (li_recovered=0.000e+00), time: 0.0036328099995444063
L: 0.50, u_super: 0.00743, sec: 420.813, prod: 0.167863, t_ads: 26.4, t_des: 23.9, bed_util_ads: 0.500, bed_util_des: 0.500, des_th: 0.49963415014249046,frac_lost: 0.108, li_recovered:  8.430, time: 0.005970727001113119
L: 0.50, u_super: 0.00440, sec: 241.019, prod: 0.098949, t_ads: 44.2, t_des: 39.4, bed_util_ads: 0.500, bed_util_des: 0.500, des_th: 0.4997418049180226,frac_lost: 0.106, li_recovered:  8.274, time: 0.006977819999519852
L: 0.50, u_super: 0.00963, sec: 559.856, prod: 0.218343, t_ads: 20.3, t_des: 18.6, bed_util_ads: 0.499, bed_util_des: 0.499, des_th: 0.4985320366107123,frac_lost: 0.105, li_recovered:  8.492, time: 0.006371843999659177
L: 0.50, u_super: 0.00010, sec: 11.347, prod: 0.001112, t_ads: 1862.1, t_des: 5492.3, bed_util_ads: 0.253, bed_util_des: 0.176, des_th: 0.17636631318988918,frac_lost: 0.102, li_recovered:  8.178, time: 0.011077351999119855
L: 0.50, u_super: 0.00155, sec: 84.779, prod: 0.033420, t_ads: 122.7, t_des: 104.3, bed_util_ads: 0.498, bed_util_des: 0.498, des_th: 0.4977151419270284,frac_lost: 0.100, li_recovered:  7.584, time: 0.006558240000231308
L: 0.50, u_super: 0.00253, sec: 137.140, prod: 0.056051, t_ads: 76.0, t_des: 66.1, bed_util_ads: 0.499, bed_util_des: 0.499, des_th: 0.4986473561349859,frac_lost: 0.103, li_recovered:  7.965, time: 0.0048283639989676885
L: 0.50, u_super: 0.00591, sec: 328.013, prod: 0.133694, t_ads: 32.9, t_des: 29.8, bed_util_ads: 0.499, bed_util_des: 0.499, des_th: 0.4986461607479255,frac_lost: 0.102, li_recovered:  8.380, time: 0.004796491999513819
L: 0.50, u_super: 0.00920, sec: 574.255, prod: 0.192936, t_ads: 21.2, t_des: 23.9, bed_util_ads: 0.472, bed_util_des: 0.472, des_th: 0.47178449847862886,frac_lost: 0.103, li_recovered:  8.710, time: 0.004719514001408243
L: 0.50, u_super: 0.00372, sec: 202.029, prod: 0.083329, t_ads: 52.3, t_des: 46.9, bed_util_ads: 0.498, bed_util_des: 0.497, des_th: 0.4974940099100355,frac_lost: 0.107, li_recovered:  8.269, time: 0.004397830000016256
L: 0.50, u_super: 0.00959, sec: 557.833, prod: 0.217043, t_ads: 20.4, t_des: 18.7, bed_util_ads: 0.499, bed_util_des: 0.498, des_th: 0.4984644470748149,frac_lost: 0.108, li_recovered:  8.504, time: 0.0040118310007528635
L: 20.78, u_super: 0.00816 — INFEASIBLE (li_recovered=0.000e+00), time: 0.0016090129993244773
L: 36.93, u_super: 0.00031 — INFEASIBLE (li_recovered=0.000e+00), time: 0.0008853809995343909
L: 0.50, u_super: 0.00481, sec: 263.931, prod: 0.108251, t_ads: 40.4, t_des: 36.1, bed_util_ads: 0.499, bed_util_des: 0.499, des_th: 0.4989618369277622,frac_lost: 0.104, li_recovered:  8.284, time: 0.0036428950006666128
L: 40.29, u_super: 0.00766 — INFEASIBLE (li_recovered=0.000e+00), time: 0.0011236789996473817
L: 0.50, u_super: 0.00920, sec: 615.814, prod: 0.180149, t_ads: 21.2, t_des: 27.2, bed_util_ads: 0.456, bed_util_des: 0.455, des_th: 0.45520384335183495,frac_lost: 0.103, li_recovered:  8.716, time: 0.0043182989993511
L: 0.50, u_super: 0.00713, sec: 401.771, prod: 0.161596, t_ads: 27.2, t_des: 24.3, bed_util_ads: 0.500, bed_util_des: 0.499, des_th: 0.49942466920952877,frac_lost: 0.101, li_recovered:  8.327, time: 0.004170913000052678
L: 0.50, u_super: 0.00841, sec: 481.511, prod: 0.190244, t_ads: 23.3, t_des: 21.1, bed_util_ads: 0.500, bed_util_des: 0.500, des_th: 0.4995915107828299,frac_lost: 0.107, li_recovered:  8.444, time: 0.004745842999909655
L: 0.50, u_super: 0.00534, sec: 294.423, prod: 0.120863, t_ads: 36.2, t_des: 32.9, bed_util_ads: 0.497, bed_util_des: 0.497, des_th: 0.49665429989899496,frac_lost: 0.100, li_recovered:  8.355, time: 0.005038769000748289
L: 0.50, u_super: 0.00587, sec: 325.728, prod: 0.132804, t_ads: 33.0, t_des: 30.7, bed_util_ads: 0.495, bed_util_des: 0.495, des_th: 0.495213278351446,frac_lost: 0.101, li_recovered:  8.463, time: 0.004257795999365044
L: 0.50, u_super: 0.00909, sec: 525.002, prod: 0.205847, t_ads: 21.5, t_des: 19.5, bed_util_ads: 0.499, bed_util_des: 0.498, des_th: 0.49849334868772904,frac_lost: 0.107, li_recovered:  8.451, time: 0.003748999999515945
L: 0.50, u_super: 0.00892, sec: 514.703, prod: 0.201950, t_ads: 21.9, t_des: 20.1, bed_util_ads: 0.498, bed_util_des: 0.498, des_th: 0.4976849031216125,frac_lost: 0.107, li_recovered:  8.498, time: 0.0036446860012802063
L: 0.50, u_super: 0.00362, sec: 202.911, prod: 0.078680, t_ads: 53.6, t_des: 55.5, bed_util_ads: 0.480, bed_util_des: 0.479, des_th: 0.4789283113558933,frac_lost: 0.105, li_recovered:  8.589, time: 0.004542261998722097
L: 0.50, u_super: 0.00554, sec: 306.186, prod: 0.124960, t_ads: 35.1, t_des: 31.5, bed_util_ads: 0.500, bed_util_des: 0.500, des_th: 0.499550963936445,frac_lost: 0.103, li_recovered:  8.322, time: 0.005091539000204648
L: 0.50, u_super: 0.00144, sec: 78.923, prod: 0.031140, t_ads: 132.5, t_des: 113.4, bed_util_ads: 0.497, bed_util_des: 0.497, des_th: 0.4969830526123354,frac_lost: 0.107, li_recovered:  7.658, time: 0.0050231280001753476
L: 0.50, u_super: 0.00006, sec: 5.552, prod: 0.000714, t_ads: 2231.4, t_des: 3017.1, bed_util_ads: 0.267, bed_util_des: 0.240, des_th: 0.240254328140245,frac_lost: 0.100, li_recovered:  3.745, time: 0.004110567000680021
L: 0.50, u_super: 0.00532, sec: 385.025, prod: 0.091419, t_ads: 36.8, t_des: 58.3, bed_util_ads: 0.428, bed_util_des: 0.426, des_th: 0.4263462497399466,frac_lost: 0.106, li_recovered:  8.690, time: 0.007489805999284727
L: 13.76, u_super: 0.00721 — INFEASIBLE (li_recovered=0.000e+00), time: 0.0018404099992039846
L: 0.50, u_super: 0.00021, sec: 30.839, prod: 0.001584, t_ads: 968.1, t_des: 4477.3, bed_util_ads: 0.248, bed_util_des: 0.185, des_th: 0.18510352206270378,frac_lost: 0.104, li_recovered:  8.625, time: 0.012458408000384225
   391 |    15640 |     40 |  0.0030447945 |             f
L: 0.50, u_super: 0.00150, sec: 81.931, prod: 0.032374, t_ads: 127.7, t_des: 109.2, bed_util_ads: 0.497, bed_util_des: 0.497, des_th: 0.4969830526123354,frac_lost: 0.107, li_recovered:  7.669, time: 0.005837080998389865
L: 0.50, u_super: 0.00723, sec: 409.152, prod: 0.163299, t_ads: 27.1, t_des: 24.3, bed_util_ads: 0.500, bed_util_des: 0.500, des_th: 0.499558725787123,frac_lost: 0.109, li_recovered:  8.386, time: 0.005834969999341411
L: 20.88, u_super: 0.00770 — INFEASIBLE (li_recovered=0.000e+00), time: 0.002309699999386794
L: 4.10, u_super: 0.00497 — INFEASIBLE (li_recovered=0.000e+00), time: 0.003234867999708513
L: 0.50, u_super: 0.00871, sec: 518.879, prod: 0.190467, t_ads: 22.4, t_des: 23.2, bed_util_ads: 0.483, bed_util_des: 0.482, des_th: 0.4822755207362036,frac_lost: 0.104, li_recovered:  8.692, time: 0.007185084999946412
L: 0.50, u_super: 0.00015, sec: 17.957, prod: 0.001364, t_ads: 1349.6, t_des: 4808.6, bed_util_ads: 0.255, bed_util_des: 0.185, des_th: 0.1851696623157332,frac_lost: 0.102, li_recovered:  8.397, time: 0.01264127499962342
L: 11.28, u_super: 0.00990 — INFEASIBLE (li_recovered=0.000e+00), time: 0.00307806300043012
L: 0.50, u_super: 0.00266, sec: 146.812, prod: 0.057919, t_ads: 72.3, t_des: 74.7, bed_util_ads: 0.478, bed_util_des: 0.477, des_th: 0.47711162363279075,frac_lost: 0.100, li_recovered:  8.512, time: 0.00625942899932852
L: 0.50, u_super: 0.00168, sec: 90.858, prod: 0.036805, t_ads: 113.7, t_des: 100.0, bed_util_ads: 0.495, bed_util_des: 0.495, des_th: 0.4946229116698058,frac_lost: 0.103, li_recovered:  7.865, time: 0.007735129000138841
L: 0.50, u_super: 0.00867, sec: 524.075, prod: 0.186773, t_ads: 22.5, t_des: 24.1, bed_util_ads: 0.478, bed_util_des: 0.477, des_th: 0.4773859323157991,frac_lost: 0.105, li_recovered:  8.701, time: 0.006024532000083127
L: 0.50, u_super: 0.00817, sec: 466.438, prod: 0.184789, t_ads: 24.0, t_des: 21.7, bed_util_ads: 0.500, bed_util_des: 0.499, des_th: 0.49941499072499945,frac_lost: 0.107, li_recovered:  8.439, time: 0.006496636000520084
L: 0.50, u_super: 0.00842, sec: 482.001, prod: 0.190498, t_ads: 23.2, t_des: 21.3, bed_util_ads: 0.498, bed_util_des: 0.498, des_th: 0.4977053939462801,frac_lost: 0.106, li_recovered:  8.490, time: 0.00531353900078102
L: 0.50, u_super: 0.00633, sec: 359.570, prod: 0.140414, t_ads: 30.7, t_des: 30.8, bed_util_ads: 0.485, bed_util_des: 0.485, des_th: 0.4851214954006912,frac_lost: 0.101, li_recovered:  8.634, time: 0.0056590589992993046
L: 0.50, u_super: 0.00619, sec: 345.922, prod: 0.139700, t_ads: 31.4, t_des: 29.7, bed_util_ads: 0.493, bed_util_des: 0.493, des_th: 0.4927767367605612,frac_lost: 0.102, li_recovered:  8.529, time: 0.0062962920001155
L: 0.50, u_super: 0.00444, sec: 250.218, prod: 0.097038, t_ads: 43.7, t_des: 45.1, bed_util_ads: 0.480, bed_util_des: 0.480, des_th: 0.4795436122553515,frac_lost: 0.102, li_recovered:  8.615, time: 0.005364721000660211
L: 11.00, u_super: 0.00119 — INFEASIBLE (li_recovered=0.000e+00), time: 0.0016138490009325324
L: 0.50, u_super: 0.00460, sec: 262.432, prod: 0.099554, t_ads: 42.1, t_des: 44.6, bed_util_ads: 0.478, bed_util_des: 0.477, des_th: 0.47727619940127824,frac_lost: 0.102, li_recovered:  8.630, time: 0.008825763001368614
L: 0.50, u_super: 0.00151, sec: 81.813, prod: 0.032833, t_ads: 127.0, t_des: 111.3, bed_util_ads: 0.494, bed_util_des: 0.494, des_th: 0.4940590404614682,frac_lost: 0.106, li_recovered:  7.822, time: 0.005620960000669584
L: 0.50, u_super: 0.00475, sec: 260.532, prod: 0.107067, t_ads: 40.9, t_des: 37.4, bed_util_ads: 0.497, bed_util_des: 0.497, des_th: 0.4966747086341866,frac_lost: 0.105, li_recovered:  8.385, time: 0.005698162000044249
L: 0.50, u_super: 0.00323, sec: 174.061, prod: 0.072447, t_ads: 59.7, t_des: 54.6, bed_util_ads: 0.495, bed_util_des: 0.495, des_th: 0.49508062253857466,frac_lost: 0.101, li_recovered:  8.282, time: 0.010470737999639823
L: 0.50, u_super: 0.00392, sec: 214.203, prod: 0.087882, t_ads: 49.6, t_des: 43.7, bed_util_ads: 0.500, bed_util_des: 0.500, des_th: 0.4998575473722976,frac_lost: 0.107, li_recovered:  8.200, time: 0.010169354000026942
L: 0.50, u_super: 0.00959, sec: 588.340, prod: 0.205788, t_ads: 20.3, t_des: 22.0, bed_util_ads: 0.477, bed_util_des: 0.477, des_th: 0.47670818339681326,frac_lost: 0.103, li_recovered:  8.708, time: 0.005690563000825932
L: 0.50, u_super: 0.00021, sec: 21.393, prod: 0.002403, t_ads: 897.9, t_des: 2432.9, bed_util_ads: 0.298, bed_util_des: 0.253, des_th: 0.2528414631529257,frac_lost: 0.101, li_recovered:  8.005, time: 0.011126391000289004
L: 4.96, u_super: 0.00461 — INFEASIBLE (li_recovered=0.000e+00), time: 0.002962214000945096
L: 0.50, u_super: 0.00651, sec: 363.677, prod: 0.147202, t_ads: 29.8, t_des: 26.6, bed_util_ads: 0.499, bed_util_des: 0.499, des_th: 0.49937010490213235,frac_lost: 0.101, li_recovered:  8.309, time: 0.005042655000579543
L: 0.50, u_super: 0.00117, sec: 63.533, prod: 0.025383, t_ads: 162.2, t_des: 156.0, bed_util_ads: 0.479, bed_util_des: 0.478, des_th: 0.4781679029027403,frac_lost: 0.105, li_recovered:  8.077, time: 0.006763221999790403
L: 0.50, u_super: 0.00086, sec: 47.133, prod: 0.018288, t_ads: 217.2, t_des: 200.7, bed_util_ads: 0.479, bed_util_des: 0.477, des_th: 0.4774426386356673,frac_lost: 0.101, li_recovered:  7.642, time: 0.006713239001328475
L: 7.25, u_super: 0.00812 — INFEASIBLE (li_recovered=0.000e+00), time: 0.0046602129987149965
L: 0.50, u_super: 0.00033, sec: 39.189, prod: 0.003267, t_ads: 583.1, t_des: 1973.9, bed_util_ads: 0.295, bed_util_des: 0.258, des_th: 0.257926289785874,frac_lost: 0.105, li_recovered:  8.355, time: 0.016130055000758148
L: 0.50, u_super: 0.00982, sec: 571.523, prod: 0.222797, t_ads: 19.9, t_des: 18.0, bed_util_ads: 0.500, bed_util_des: 0.500, des_th: 0.499538341588082,frac_lost: 0.104, li_recovered:  8.448, time: 0.006888476000312949
L: 0.50, u_super: 0.00364, sec: 197.823, prod: 0.081388, t_ads: 53.4, t_des: 47.2, bed_util_ads: 0.500, bed_util_des: 0.500, des_th: 0.4996011564849137,frac_lost: 0.106, li_recovered:  8.193, time: 0.0050445809993107105
L: 0.50, u_super: 0.00054, sec: 127.218, prod: 0.002702, t_ads: 365.8, t_des: 2882.9, bed_util_ads: 0.229, bed_util_des: 0.193, des_th: 0.19340660383144634,frac_lost: 0.105, li_recovered:  8.779, time: 0.02224759100135998
L: 0.50, u_super: 0.00591, sec: 327.962, prod: 0.133743, t_ads: 32.8, t_des: 29.7, bed_util_ads: 0.499, bed_util_des: 0.499, des_th: 0.4986461607479255,frac_lost: 0.102, li_recovered:  8.367, time: 0.004953296000167029
L: 0.50, u_super: 0.00261, sec: 140.893, prod: 0.057903, t_ads: 74.0, t_des: 65.0, bed_util_ads: 0.498, bed_util_des: 0.498, des_th: 0.4981329005908434,frac_lost: 0.104, li_recovered:  8.052, time: 0.005839849000039976
L: 96.16, u_super: 0.00201 — INFEASIBLE (li_recovered=0.000e+00), time: 0.0011648370000330033
L: 0.50, u_super: 0.00086 — INFEASIBLE (li_recovered=0.000e+00), time: 0.003276252000432578
L: 0.50, u_super: 0.00659, sec: 424.248, prod: 0.129742, t_ads: 29.7, t_des: 37.3, bed_util_ads: 0.458, bed_util_des: 0.457, des_th: 0.45684172021787967,frac_lost: 0.107, li_recovered:  8.696, time: 0.007305626999368542
L: 0.50, u_super: 0.00086, sec: 47.118, prod: 0.018294, t_ads: 216.9, t_des: 200.5, bed_util_ads: 0.479, bed_util_des: 0.478, des_th: 0.47788632262024755,frac_lost: 0.100, li_recovered:  7.634, time: 0.004962035000062315
L: 0.50, u_super: 0.00758, sec: 437.887, prod: 0.168097, t_ads: 25.8, t_des: 25.7, bed_util_ads: 0.487, bed_util_des: 0.486, des_th: 0.4864870103488813,frac_lost: 0.107, li_recovered:  8.655, time: 0.004708226000730065
L: 0.50, u_super: 0.00426, sec: 232.532, prod: 0.095806, t_ads: 45.5, t_des: 40.7, bed_util_ads: 0.499, bed_util_des: 0.499, des_th: 0.49867725160052473,frac_lost: 0.104, li_recovered:  8.264, time: 0.006289128999924287
   392 |    15680 |     40 |  0.0014693342 |             f
L: 0.50, u_super: 0.00981, sec: 570.942, prod: 0.222691, t_ads: 19.9, t_des: 18.0, bed_util_ads: 0.499, bed_util_des: 0.499, des_th: 0.49929910992503157,frac_lost: 0.104, li_recovered:  8.443, time: 0.007476753000446479
L: 0.50, u_super: 0.00212, sec: 118.108, prod: 0.045304, t_ads: 91.1, t_des: 96.0, bed_util_ads: 0.474, bed_util_des: 0.472, des_th: 0.47233093925735575,frac_lost: 0.105, li_recovered:  8.475, time: 0.006956032000744017
L: 0.50, u_super: 0.00313, sec: 169.872, prod: 0.069848, t_ads: 61.8, t_des: 54.2, bed_util_ads: 0.500, bed_util_des: 0.499, des_th: 0.49937433859461516,frac_lost: 0.104, li_recovered:  8.099, time: 0.006976057999054319
L: 0.50, u_super: 0.00319, sec: 172.299, prod: 0.071466, t_ads: 60.4, t_des: 53.9, bed_util_ads: 0.498, bed_util_des: 0.498, des_th: 0.4977151419270284,frac_lost: 0.100, li_recovered:  8.167, time: 0.006883643998662592
L: 0.50, u_super: 0.00640, sec: 357.104, prod: 0.144890, t_ads: 30.3, t_des: 27.4, bed_util_ads: 0.498, bed_util_des: 0.498, des_th: 0.4982107486046266,frac_lost: 0.101, li_recovered:  8.364, time: 0.0057291600005555665
L: 0.50, u_super: 0.00266, sec: 146.812, prod: 0.057919, t_ads: 72.3, t_des: 74.7, bed_util_ads: 0.478, bed_util_des: 0.477, des_th: 0.47711162363279075,frac_lost: 0.100, li_recovered:  8.512, time: 0.004900623000139603
L: 0.50, u_super: 0.00414, sec: 225.922, prod: 0.093100, t_ads: 46.9, t_des: 42.0, bed_util_ads: 0.499, bed_util_des: 0.499, des_th: 0.4986636282367331,frac_lost: 0.105, li_recovered:  8.276, time: 0.006085139000788331
L: 0.50, u_super: 0.00056, sec: 80.958, prod: 0.004562, t_ads: 345.9, t_des: 1531.3, bed_util_ads: 0.283, bed_util_des: 0.256, des_th: 0.25618983126714345,frac_lost: 0.102, li_recovered:  8.564, time: 0.01402281300033792
L: 0.50, u_super: 0.00412, sec: 224.386, prod: 0.092548, t_ads: 47.1, t_des: 42.3, bed_util_ads: 0.499, bed_util_des: 0.499, des_th: 0.4986638589713958,frac_lost: 0.104, li_recovered:  8.275, time: 0.0056319899995287415
L: 0.50, u_super: 0.00959, sec: 556.683, prod: 0.217491, t_ads: 20.4, t_des: 18.5, bed_util_ads: 0.499, bed_util_des: 0.498, des_th: 0.4984627052832081,frac_lost: 0.105, li_recovered:  8.456, time: 0.004341485999248107
L: 2.73, u_super: 0.00640 — INFEASIBLE (li_recovered=0.000e+00), time: 0.004245545000230777
L: 0.50, u_super: 0.00878, sec: 505.592, prod: 0.198855, t_ads: 22.3, t_des: 20.2, bed_util_ads: 0.500, bed_util_des: 0.499, des_th: 0.49941971552547815,frac_lost: 0.107, li_recovered:  8.453, time: 0.007498416000089492
L: 0.50, u_super: 0.00748, sec: 424.352, prod: 0.168872, t_ads: 26.2, t_des: 24.1, bed_util_ads: 0.497, bed_util_des: 0.497, des_th: 0.4969830526123354,frac_lost: 0.109, li_recovered:  8.489, time: 0.006230297000001883
L: 0.50, u_super: 0.00551, sec: 304.119, prod: 0.124516, t_ads: 35.2, t_des: 31.9, bed_util_ads: 0.498, bed_util_des: 0.498, des_th: 0.4981673849470139,frac_lost: 0.101, li_recovered:  8.356, time: 0.004408642000271357
L: 0.50, u_super: 0.00253, sec: 137.232, prod: 0.056013, t_ads: 76.1, t_des: 66.0, bed_util_ads: 0.499, bed_util_des: 0.499, des_th: 0.4989917978735341,frac_lost: 0.104, li_recovered:  7.960, time: 0.0048667959999875166
L: 0.50, u_super: 0.00266, sec: 146.812, prod: 0.057919, t_ads: 72.3, t_des: 74.7, bed_util_ads: 0.478, bed_util_des: 0.477, des_th: 0.47711162363279075,frac_lost: 0.100, li_recovered:  8.512, time: 0.005078199001218309
L: 0.50, u_super: 0.00631, sec: 351.902, prod: 0.142526, t_ads: 30.8, t_des: 27.5, bed_util_ads: 0.500, bed_util_des: 0.500, des_th: 0.499538341588082,frac_lost: 0.102, li_recovered:  8.317, time: 0.0062148560009518405
L: 2.26, u_super: 0.00676, sec: 1795.745, prod: 0.145791, t_ads: 128.3, t_des: 109.3, bed_util_ads: 0.497, bed_util_des: 0.497, des_th: 0.4970091154291778,frac_lost: 0.108, li_recovered:  34.644, time: 0.004909694000161835
L: 0.50, u_super: 0.00849, sec: 495.583, prod: 0.188637, t_ads: 23.0, t_des: 22.9, bed_util_ads: 0.487, bed_util_des: 0.487, des_th: 0.48680815565742935,frac_lost: 0.106, li_recovered:  8.662, time: 0.005192089000047417
L: 0.50, u_super: 0.00491, sec: 276.110, prod: 0.108353, t_ads: 39.5, t_des: 40.0, bed_util_ads: 0.484, bed_util_des: 0.484, des_th: 0.4836535598053436,frac_lost: 0.103, li_recovered:  8.616, time: 0.0076363609987311065
L: 0.50, u_super: 0.00881, sec: 508.140, prod: 0.198951, t_ads: 22.2, t_des: 20.8, bed_util_ads: 0.495, bed_util_des: 0.495, des_th: 0.49512449404284414,frac_lost: 0.106, li_recovered:  8.559, time: 0.005205974001000868
L: 0.50, u_super: 0.00313, sec: 169.133, prod: 0.069921, t_ads: 61.8, t_des: 54.8, bed_util_ads: 0.499, bed_util_des: 0.499, des_th: 0.4986473561349859,frac_lost: 0.103, li_recovered:  8.151, time: 0.004581845998473
L: 0.50, u_super: 0.00669, sec: 375.225, prod: 0.151117, t_ads: 29.2, t_des: 26.6, bed_util_ads: 0.499, bed_util_des: 0.498, des_th: 0.49840590153351116,frac_lost: 0.106, li_recovered:  8.435, time: 0.005667169998559984
L: 0.50, u_super: 0.00591, sec: 334.150, prod: 0.131266, t_ads: 32.8, t_des: 32.9, bed_util_ads: 0.485, bed_util_des: 0.485, des_th: 0.4845369720037771,frac_lost: 0.101, li_recovered:  8.624, time: 0.005243603000053554
L: 0.50, u_super: 0.00539, sec: 297.832, prod: 0.121620, t_ads: 36.1, t_des: 32.2, bed_util_ads: 0.499, bed_util_des: 0.499, des_th: 0.4987768524035446,frac_lost: 0.103, li_recovered:  8.306, time: 0.004661036000470631
L: 0.50, u_super: 0.00590, sec: 327.089, prod: 0.133454, t_ads: 32.9, t_des: 30.5, bed_util_ads: 0.495, bed_util_des: 0.495, des_th: 0.4952017072303182,frac_lost: 0.100, li_recovered:  8.455, time: 0.004279364000467467
L: 0.50, u_super: 0.00829, sec: 473.953, prod: 0.187654, t_ads: 23.6, t_des: 21.4, bed_util_ads: 0.499, bed_util_des: 0.499, des_th: 0.4993008517145274,frac_lost: 0.106, li_recovered:  8.442, time: 0.00527012000020477
L: 0.50, u_super: 0.00990, sec: 577.056, prod: 0.224404, t_ads: 19.7, t_des: 17.7, bed_util_ads: 0.500, bed_util_des: 0.500, des_th: 0.4997996039265572,frac_lost: 0.105, li_recovered:  8.408, time: 0.004202262000035262
L: 0.50, u_super: 0.00325, sec: 176.063, prod: 0.072604, t_ads: 59.3, t_des: 52.2, bed_util_ads: 0.500, bed_util_des: 0.499, des_th: 0.49933844619088297,frac_lost: 0.101, li_recovered:  8.098, time: 0.006523722999190795
L: 0.50, u_super: 0.00201, sec: 143.441, prod: 0.033640, t_ads: 95.8, t_des: 158.3, bed_util_ads: 0.416, bed_util_des: 0.413, des_th: 0.41299372242595295,frac_lost: 0.101, li_recovered:  8.546, time: 0.010651196998878731
L: 0.50, u_super: 0.00731, sec: 414.013, prod: 0.164968, t_ads: 26.8, t_des: 24.6, bed_util_ads: 0.497, bed_util_des: 0.497, des_th: 0.49699758189183857,frac_lost: 0.109, li_recovered:  8.481, time: 0.005721329000152764
L: 0.50, u_super: 0.00919, sec: 531.796, prod: 0.208140, t_ads: 21.3, t_des: 19.6, bed_util_ads: 0.497, bed_util_des: 0.497, des_th: 0.49698841920398035,frac_lost: 0.106, li_recovered:  8.501, time: 0.004707468000560766
L: 0.50, u_super: 0.00362, sec: 196.951, prod: 0.081160, t_ads: 53.7, t_des: 48.0, bed_util_ads: 0.498, bed_util_des: 0.498, des_th: 0.4977151419270284,frac_lost: 0.108, li_recovered:  8.262, time: 0.004710482999144006
L: 0.50, u_super: 0.00669, sec: 374.664, prod: 0.151624, t_ads: 29.0, t_des: 26.3, bed_util_ads: 0.499, bed_util_des: 0.499, des_th: 0.4986461607479255,frac_lost: 0.101, li_recovered:  8.377, time: 0.005887484998311265
L: 0.50, u_super: 0.00780, sec: 443.916, prod: 0.176110, t_ads: 25.2, t_des: 22.7, bed_util_ads: 0.499, bed_util_des: 0.499, des_th: 0.4991012630385468,frac_lost: 0.109, li_recovered:  8.436, time: 0.006645224999374477
L: 0.50, u_super: 0.00553, sec: 305.863, prod: 0.124936, t_ads: 35.1, t_des: 31.4, bed_util_ads: 0.500, bed_util_des: 0.500, des_th: 0.49959155739387245,frac_lost: 0.102, li_recovered:  8.308, time: 0.005358992999390466
L: 0.50, u_super: 0.00602, sec: 334.325, prod: 0.136180, t_ads: 32.2, t_des: 29.2, bed_util_ads: 0.499, bed_util_des: 0.499, des_th: 0.4986773394304125,frac_lost: 0.101, li_recovered:  8.361, time: 0.0053529369997704634
L: 6.69, u_super: 0.00355 — INFEASIBLE (li_recovered=0.000e+00), time: 0.003140356000585598
L: 0.50, u_super: 0.00729, sec: 412.201, prod: 0.164548, t_ads: 26.9, t_des: 24.6, bed_util_ads: 0.497, bed_util_des: 0.497, des_th: 0.49699758189183857,frac_lost: 0.108, li_recovered:  8.477, time: 0.006232527000975097
L: 0.50, u_super: 0.00332, sec: 179.929, prod: 0.074449, t_ads: 58.5, t_des: 53.5, bed_util_ads: 0.495, bed_util_des: 0.495, des_th: 0.49504943283145003,frac_lost: 0.107, li_recovered:  8.338, time: 0.0070102869995025685
   393 |    15720 |     40 |  0.0047483156 |             f
L: 53.60, u_super: 0.00461 — INFEASIBLE (li_recovered=0.000e+00), time: 0.0016481139991810778
L: 3.71, u_super: 0.00688 — INFEASIBLE (li_recovered=0.000e+00), time: 0.003814656000031391
L: 0.50, u_super: 0.00086, sec: 47.477, prod: 0.018155, t_ads: 216.9, t_des: 193.8, bed_util_ads: 0.483, bed_util_des: 0.483, des_th: 0.4827104376230867,frac_lost: 0.101, li_recovered:  7.456, time: 0.006955959999686456
L: 53.73, u_super: 0.00033 — INFEASIBLE (li_recovered=0.000e+00), time: 0.0009678649985289667
L: 1.89, u_super: 0.00903, sec: 2017.251, prod: 0.199931, t_ads: 81.0, t_des: 78.1, bed_util_ads: 0.486, bed_util_des: 0.485, des_th: 0.4854257087627638,frac_lost: 0.104, li_recovered:  31.809, time: 0.005032601000493742
L: 0.50, u_super: 0.00497, sec: 273.216, prod: 0.112049, t_ads: 39.0, t_des: 34.9, bed_util_ads: 0.500, bed_util_des: 0.500, des_th: 0.4996596246439871,frac_lost: 0.102, li_recovered:  8.279, time: 0.0052064560004509985
L: 0.50, u_super: 0.00924, sec: 534.574, prod: 0.209465, t_ads: 21.1, t_des: 19.4, bed_util_ads: 0.498, bed_util_des: 0.498, des_th: 0.4977358928284142,frac_lost: 0.105, li_recovered:  8.494, time: 0.006026601999110426
L: 0.50, u_super: 0.00912, sec: 526.604, prod: 0.206431, t_ads: 21.5, t_des: 19.7, bed_util_ads: 0.497, bed_util_des: 0.497, des_th: 0.49698841920398035,frac_lost: 0.106, li_recovered:  8.490, time: 0.004991126999811968
L: 0.50, u_super: 0.00254, sec: 140.109, prod: 0.055175, t_ads: 75.8, t_des: 78.3, bed_util_ads: 0.478, bed_util_des: 0.477, des_th: 0.47711162363279075,frac_lost: 0.101, li_recovered:  8.503, time: 0.005522753001059755
L: 0.50, u_super: 0.00107, sec: 57.896, prod: 0.023117, t_ads: 176.1, t_des: 167.7, bed_util_ads: 0.479, bed_util_des: 0.478, des_th: 0.4781679029027403,frac_lost: 0.100, li_recovered:  7.946, time: 0.004441922999831149
L: 0.50, u_super: 0.00502, sec: 275.992, prod: 0.113054, t_ads: 38.7, t_des: 34.5, bed_util_ads: 0.500, bed_util_des: 0.500, des_th: 0.4995859840121526,frac_lost: 0.103, li_recovered:  8.280, time: 0.0052882449999742676
L: 0.50, u_super: 0.00539, sec: 297.752, prod: 0.121652, t_ads: 36.0, t_des: 32.3, bed_util_ads: 0.499, bed_util_des: 0.499, des_th: 0.4987888450384424,frac_lost: 0.103, li_recovered:  8.311, time: 0.006255386000702856
L: 0.50, u_super: 0.00266, sec: 146.820, prod: 0.057916, t_ads: 72.4, t_des: 74.6, bed_util_ads: 0.478, bed_util_des: 0.477, des_th: 0.47711162363279075,frac_lost: 0.101, li_recovered:  8.512, time: 0.004236467999362503
L: 0.50, u_super: 0.00033, sec: 39.180, prod: 0.003268, t_ads: 582.2, t_des: 1973.2, bed_util_ads: 0.295, bed_util_des: 0.258, des_th: 0.257926289785874,frac_lost: 0.104, li_recovered:  8.352, time: 0.012335327999608126
L: 0.50, u_super: 0.00144, sec: 78.209, prod: 0.031425, t_ads: 132.6, t_des: 129.4, bed_util_ads: 0.480, bed_util_des: 0.478, des_th: 0.4784595451152242,frac_lost: 0.105, li_recovered:  8.234, time: 0.0072362410010100575
L: 0.50, u_super: 0.00913, sec: 5911.501, prod: 0.018461, t_ads: 21.4, t_des: 454.2, bed_util_ads: 0.171, bed_util_des: 0.168, des_th: 0.1676714445972768,frac_lost: 0.102, li_recovered:  8.780, time: 0.058612703998733195
L: 0.50, u_super: 0.00955, sec: 554.102, prod: 0.216402, t_ads: 20.5, t_des: 18.6, bed_util_ads: 0.499, bed_util_des: 0.498, des_th: 0.4984748118319243,frac_lost: 0.105, li_recovered:  8.452, time: 0.005953027999566984
L: 0.50, u_super: 0.00461, sec: 253.258, prod: 0.103723, t_ads: 42.2, t_des: 37.6, bed_util_ads: 0.500, bed_util_des: 0.500, des_th: 0.49953397171910335,frac_lost: 0.107, li_recovered:  8.283, time: 0.004775753999638255
L: 0.50, u_super: 0.00144, sec: 79.014, prod: 0.031104, t_ads: 132.7, t_des: 113.3, bed_util_ads: 0.497, bed_util_des: 0.497, des_th: 0.4969830526123354,frac_lost: 0.108, li_recovered:  7.650, time: 0.005097146999105462
L: 0.50, u_super: 0.00688, sec: 386.160, prod: 0.155710, t_ads: 28.2, t_des: 25.2, bed_util_ads: 0.500, bed_util_des: 0.500, des_th: 0.4998976544845306,frac_lost: 0.101, li_recovered:  8.322, time: 0.005316093000146793
L: 0.50, u_super: 0.00033, sec: 39.180, prod: 0.003268, t_ads: 582.2, t_des: 1973.2, bed_util_ads: 0.295, bed_util_des: 0.258, des_th: 0.257926289785874,frac_lost: 0.104, li_recovered:  8.352, time: 0.009843613001066842
L: 0.50, u_super: 0.00495, sec: 2321.496, prod: 0.013091, t_ads: 39.6, t_des: 631.3, bed_util_ads: 0.191, bed_util_des: 0.185, des_th: 0.1851696623157332,frac_lost: 0.103, li_recovered:  8.782, time: 0.03638491600031557
L: 0.50, u_super: 0.00732, sec: 412.950, prod: 0.166088, t_ads: 26.5, t_des: 24.3, bed_util_ads: 0.498, bed_util_des: 0.498, des_th: 0.4981673849470139,frac_lost: 0.101, li_recovered:  8.433, time: 0.006117269000242231
L: 86.40, u_super: 0.00920 — INFEASIBLE (li_recovered=0.000e+00), time: 0.0022356420013238676
L: 16.89, u_super: 0.00539 — INFEASIBLE (li_recovered=0.000e+00), time: 0.001506107999375672
L: 34.86, u_super: 0.00604 — INFEASIBLE (li_recovered=0.000e+00), time: 0.0009224230016116053
L: 13.81, u_super: 0.00760 — INFEASIBLE (li_recovered=0.000e+00), time: 0.0021745269987150095
L: 4.99, u_super: 0.00206 — INFEASIBLE (li_recovered=0.000e+00), time: 0.0015914539999357658
L: 0.50, u_super: 0.00817, sec: 466.506, prod: 0.184762, t_ads: 24.0, t_des: 21.7, bed_util_ads: 0.500, bed_util_des: 0.499, des_th: 0.49941499072499945,frac_lost: 0.107, li_recovered:  8.444, time: 0.004945862998283701
L: 0.50, u_super: 0.00990, sec: 576.356, prod: 0.224677, t_ads: 19.7, t_des: 17.9, bed_util_ads: 0.500, bed_util_des: 0.499, des_th: 0.49942132725883337,frac_lost: 0.103, li_recovered:  8.451, time: 0.00419915499878698
L: 0.50, u_super: 0.00086 — INFEASIBLE (li_recovered=0.000e+00), time: 0.003849974000331713
L: 0.50, u_super: 0.00005 — INFEASIBLE (li_recovered=0.000e+00), time: 0.0014734649994352367
L: 0.50, u_super: 0.00564, sec: 312.115, prod: 0.127613, t_ads: 34.4, t_des: 31.2, bed_util_ads: 0.497, bed_util_des: 0.497, des_th: 0.4969854753426066,frac_lost: 0.102, li_recovered:  8.371, time: 0.004362685000160127
L: 0.50, u_super: 0.00568, sec: 314.158, prod: 0.128550, t_ads: 34.1, t_des: 30.9, bed_util_ads: 0.498, bed_util_des: 0.498, des_th: 0.49803490552949353,frac_lost: 0.100, li_recovered:  8.361, time: 0.003970720999859623
L: 0.50, u_super: 0.00166, sec: 90.592, prod: 0.036053, t_ads: 115.1, t_des: 98.4, bed_util_ads: 0.499, bed_util_des: 0.498, des_th: 0.4986149659654875,frac_lost: 0.104, li_recovered:  7.697, time: 0.006155423001473537
L: 0.50, u_super: 0.00005, sec: 4.324, prod: 0.000670, t_ads: 3442.0, t_des: 5873.1, bed_util_ads: 0.253, bed_util_des: 0.185, des_th: 0.1851696623157332,frac_lost: 0.103, li_recovered:  6.237, time: 0.005121036998389172
L: 0.50, u_super: 0.00416, sec: 227.133, prod: 0.093518, t_ads: 46.7, t_des: 41.7, bed_util_ads: 0.499, bed_util_des: 0.499, des_th: 0.49865301576645576,frac_lost: 0.105, li_recovered:  8.270, time: 0.004921042000205489
L: 0.50, u_super: 0.00173, sec: 93.132, prod: 0.038023, t_ads: 110.4, t_des: 98.2, bed_util_ads: 0.494, bed_util_des: 0.494, des_th: 0.4941114965499519,frac_lost: 0.101, li_recovered:  7.930, time: 0.005191412999920431
L: 39.80, u_super: 0.00892 — INFEASIBLE (li_recovered=0.000e+00), time: 0.001981089999389951
L: 0.50, u_super: 0.00459, sec: 251.358, prod: 0.103317, t_ads: 42.4, t_des: 38.3, bed_util_ads: 0.498, bed_util_des: 0.498, des_th: 0.49792386018743023,frac_lost: 0.105, li_recovered:  8.335, time: 0.006842206999863265
   394 |    15760 |     40 |  0.0008745210 |             f
L: 0.50, u_super: 0.00349, sec: 189.031, prod: 0.078188, t_ads: 55.7, t_des: 50.9, bed_util_ads: 0.495, bed_util_des: 0.495, des_th: 0.4950215906284202,frac_lost: 0.107, li_recovered:  8.341, time: 0.00652070499927504
L: 0.57, u_super: 0.00784, sec: 528.764, prod: 0.170626, t_ads: 28.5, t_des: 29.5, bed_util_ads: 0.481, bed_util_des: 0.481, des_th: 0.48083187585435555,frac_lost: 0.108, li_recovered:  9.892, time: 0.008269743999335333
L: 0.50, u_super: 0.00990, sec: 577.020, prod: 0.224418, t_ads: 19.7, t_des: 18.1, bed_util_ads: 0.499, bed_util_des: 0.499, des_th: 0.4987055464202576,frac_lost: 0.105, li_recovered:  8.493, time: 0.005515802000445547
L: 44.19, u_super: 0.00589 — INFEASIBLE (li_recovered=0.000e+00), time: 0.0019752690004679607
L: 0.50, u_super: 0.00830, sec: 475.143, prod: 0.187872, t_ads: 23.6, t_des: 21.4, bed_util_ads: 0.500, bed_util_des: 0.499, des_th: 0.49941971552547815,frac_lost: 0.107, li_recovered:  8.446, time: 0.0063880469988362165
L: 0.50, u_super: 0.00541, sec: 299.068, prod: 0.122213, t_ads: 35.9, t_des: 32.1, bed_util_ads: 0.499, bed_util_des: 0.499, des_th: 0.4986461607479255,frac_lost: 0.103, li_recovered:  8.310, time: 0.004424554999786778
L: 20.46, u_super: 0.00034 — INFEASIBLE (li_recovered=0.000e+00), time: 0.0009996409989980748
L: 0.50, u_super: 0.00075, sec: 41.485, prod: 0.015871, t_ads: 247.5, t_des: 237.6, bed_util_ads: 0.472, bed_util_des: 0.470, des_th: 0.4700238178015581,frac_lost: 0.103, li_recovered:  7.700, time: 0.004687294998802827
L: 0.50, u_super: 0.00546, sec: 302.305, prod: 0.123232, t_ads: 35.5, t_des: 31.4, bed_util_ads: 0.500, bed_util_des: 0.500, des_th: 0.4999594667471092,frac_lost: 0.101, li_recovered:  8.241, time: 0.0053580659987346735
L: 0.50, u_super: 0.00428, sec: 278.812, prod: 0.080723, t_ads: 45.7, t_des: 61.5, bed_util_ads: 0.448, bed_util_des: 0.446, des_th: 0.44639466664385663,frac_lost: 0.109, li_recovered:  8.659, time: 0.007495489000575617
L: 0.50, u_super: 0.00970, sec: 563.756, prod: 0.219944, t_ads: 20.1, t_des: 18.5, bed_util_ads: 0.498, bed_util_des: 0.498, des_th: 0.4981673849470139,frac_lost: 0.104, li_recovered:  8.487, time: 0.007123479999791016
L: 0.50, u_super: 0.00144, sec: 82.619, prod: 0.029747, t_ads: 132.7, t_des: 148.6, bed_util_ads: 0.463, bed_util_des: 0.461, des_th: 0.46105119359454055,frac_lost: 0.104, li_recovered:  8.367, time: 0.005662845998813282
L: 0.50, u_super: 0.00871, sec: 501.055, prod: 0.197242, t_ads: 22.5, t_des: 20.4, bed_util_ads: 0.500, bed_util_des: 0.499, des_th: 0.49944237077136083,frac_lost: 0.107, li_recovered:  8.447, time: 0.0046338410011230735
L: 0.50, u_super: 0.00592, sec: 328.257, prod: 0.133831, t_ads: 32.8, t_des: 29.8, bed_util_ads: 0.499, bed_util_des: 0.499, des_th: 0.4986773394304125,frac_lost: 0.102, li_recovered:  8.375, time: 0.005382149000070058
L: 0.50, u_super: 0.00532, sec: 293.232, prod: 0.120273, t_ads: 36.4, t_des: 33.4, bed_util_ads: 0.497, bed_util_des: 0.497, des_th: 0.49695139724212295,frac_lost: 0.102, li_recovered:  8.396, time: 0.004798450001544552
L: 7.60, u_super: 0.00748 — INFEASIBLE (li_recovered=0.000e+00), time: 0.0025518250004097354
L: 0.50, u_super: 0.00782, sec: 3974.998, prod: 0.019778, t_ads: 25.1, t_des: 419.0, bed_util_ads: 0.188, bed_util_des: 0.185, des_th: 0.184747904619699,frac_lost: 0.105, li_recovered:  8.783, time: 0.043915606000155094
L: 0.50, u_super: 0.00498, sec: 274.313, prod: 0.112120, t_ads: 39.1, t_des: 34.8, bed_util_ads: 0.500, bed_util_des: 0.500, des_th: 0.4998064243902083,frac_lost: 0.106, li_recovered:  8.290, time: 0.00715737699829333
L: 13.03, u_super: 0.00282 — INFEASIBLE (li_recovered=0.000e+00), time: 0.0015589269987685839
L: 0.50, u_super: 0.00959, sec: 595.350, prod: 0.203192, t_ads: 20.3, t_des: 22.5, bed_util_ads: 0.473, bed_util_des: 0.473, des_th: 0.4729892377879627,frac_lost: 0.103, li_recovered:  8.710, time: 0.005175470998437959
L: 0.50, u_super: 0.00332, sec: 179.654, prod: 0.074145, t_ads: 58.6, t_des: 52.4, bed_util_ads: 0.498, bed_util_des: 0.497, des_th: 0.49752185211176586,frac_lost: 0.107, li_recovered:  8.232, time: 0.008156623000104446
L: 0.50, u_super: 0.00313, sec: 169.218, prod: 0.069938, t_ads: 61.7, t_des: 54.8, bed_util_ads: 0.498, bed_util_des: 0.498, des_th: 0.4976849031216125,frac_lost: 0.103, li_recovered:  8.152, time: 0.007664472999749705
L: 0.50, u_super: 0.00721, sec: 406.093, prod: 0.163478, t_ads: 26.9, t_des: 24.4, bed_util_ads: 0.498, bed_util_des: 0.498, des_th: 0.4981673849470139,frac_lost: 0.101, li_recovered:  8.386, time: 0.005501386000105413
L: 0.50, u_super: 0.00635, sec: 354.492, prod: 0.143592, t_ads: 30.6, t_des: 27.3, bed_util_ads: 0.500, bed_util_des: 0.499, des_th: 0.49941493021314687,frac_lost: 0.102, li_recovered:  8.315, time: 0.005253751000054763
L: 6.05, u_super: 0.00871 — INFEASIBLE (li_recovered=0.000e+00), time: 0.0020193869986542268
L: 0.50, u_super: 0.00676, sec: 378.695, prod: 0.153345, t_ads: 28.7, t_des: 26.3, bed_util_ads: 0.498, bed_util_des: 0.498, des_th: 0.4977151419270284,frac_lost: 0.100, li_recovered:  8.428, time: 0.005350796000129776
L: 0.50, u_super: 0.00005, sec: 4.529, prod: 0.000698, t_ads: 3165.3, t_des: 5113.7, bed_util_ads: 0.258, bed_util_des: 0.198, des_th: 0.19851048503971744,frac_lost: 0.102, li_recovered:  5.781, time: 0.006283284999881289
L: 0.50, u_super: 0.00632, sec: 352.544, prod: 0.143066, t_ads: 30.7, t_des: 27.8, bed_util_ads: 0.498, bed_util_des: 0.498, des_th: 0.4983438669332371,frac_lost: 0.102, li_recovered:  8.378, time: 0.0054369120007322636
L: 0.50, u_super: 0.00303, sec: 182.010, prod: 0.060790, t_ads: 64.3, t_des: 77.1, bed_util_ads: 0.460, bed_util_des: 0.458, des_th: 0.45843540640223485,frac_lost: 0.107, li_recovered:  8.592, time: 0.007445989998814184
L: 0.50, u_super: 0.00783, sec: 444.295, prod: 0.177610, t_ads: 24.8, t_des: 22.9, bed_util_ads: 0.497, bed_util_des: 0.497, des_th: 0.4969830526123354,frac_lost: 0.101, li_recovered:  8.477, time: 0.006232297999304137
L: 0.50, u_super: 0.00736, sec: 415.467, prod: 0.166818, t_ads: 26.3, t_des: 23.6, bed_util_ads: 0.500, bed_util_des: 0.499, des_th: 0.49942132725883337,frac_lost: 0.100, li_recovered:  8.331, time: 0.006826590999480686
L: 0.50, u_super: 0.00293, sec: 158.306, prod: 0.065515, t_ads: 65.8, t_des: 58.6, bed_util_ads: 0.498, bed_util_des: 0.498, des_th: 0.4977151419270284,frac_lost: 0.102, li_recovered:  8.145, time: 0.007878554999479093
L: 0.50, u_super: 0.00401, sec: 218.679, prod: 0.089831, t_ads: 48.5, t_des: 42.8, bed_util_ads: 0.500, bed_util_des: 0.500, des_th: 0.4997191496711678,frac_lost: 0.105, li_recovered:  8.195, time: 0.005262837001282605
L: 0.50, u_super: 0.00258, sec: 145.191, prod: 0.054997, t_ads: 74.7, t_des: 80.4, bed_util_ads: 0.473, bed_util_des: 0.472, des_th: 0.47233093925735575,frac_lost: 0.102, li_recovered:  8.530, time: 0.004496282999753021
L: 0.50, u_super: 0.00727, sec: 409.900, prod: 0.164907, t_ads: 26.7, t_des: 24.2, bed_util_ads: 0.499, bed_util_des: 0.499, des_th: 0.498765846407636,frac_lost: 0.101, li_recovered:  8.383, time: 0.003834982999251224
L: 0.50, u_super: 0.00014 — INFEASIBLE (li_recovered=0.000e+00), time: 0.0015351680012827273
L: 0.50, u_super: 0.00692, sec: 388.496, prod: 0.156919, t_ads: 28.0, t_des: 25.3, bed_util_ads: 0.500, bed_util_des: 0.499, des_th: 0.4994282957227815,frac_lost: 0.100, li_recovered:  8.368, time: 0.0053692579986091005
L: 0.50, u_super: 0.00755, sec: 426.579, prod: 0.171159, t_ads: 25.7, t_des: 23.3, bed_util_ads: 0.499, bed_util_des: 0.499, des_th: 0.4993458526020946,frac_lost: 0.100, li_recovered:  8.382, time: 0.007654125000044587
L: 0.50, u_super: 0.00329, sec: 178.738, prod: 0.073586, t_ads: 58.6, t_des: 51.4, bed_util_ads: 0.500, bed_util_des: 0.500, des_th: 0.49999449358773207,frac_lost: 0.102, li_recovered:  8.090, time: 0.005838056000357028
L: 0.50, u_super: 0.00033, sec: 33.761, prod: 0.003793, t_ads: 576.6, t_des: 1582.8, bed_util_ads: 0.318, bed_util_des: 0.285, des_th: 0.2852057822777167,frac_lost: 0.105, li_recovered:  8.190, time: 0.0076628000006166985
   395 |    15800 |     40 |  0.0030205699 |             f
L: 0.50, u_super: 0.00025, sec: 40.881, prod: 0.001711, t_ads: 811.6, t_des: 4270.7, bed_util_ads: 0.243, bed_util_des: 0.185, des_th: 0.1851696623157332,frac_lost: 0.104, li_recovered:  8.697, time: 0.013102626999170752
L: 11.61, u_super: 0.00255 — INFEASIBLE (li_recovered=0.000e+00), time: 0.0010489750002307119
L: 0.50, u_super: 0.00919, sec: 532.608, prod: 0.207699, t_ads: 21.3, t_des: 20.0, bed_util_ads: 0.495, bed_util_des: 0.495, des_th: 0.4950992481040498,frac_lost: 0.105, li_recovered:  8.562, time: 0.004135720000704168
L: 30.68, u_super: 0.00466 — INFEASIBLE (li_recovered=0.000e+00), time: 0.0015515399991272716
L: 9.16, u_super: 0.00254 — INFEASIBLE (li_recovered=0.000e+00), time: 0.0014117859991529258
L: 0.50, u_super: 0.00266, sec: 146.812, prod: 0.057919, t_ads: 72.3, t_des: 74.7, bed_util_ads: 0.478, bed_util_des: 0.477, des_th: 0.47711162363279075,frac_lost: 0.100, li_recovered:  8.512, time: 0.004237610999552999
L: 0.50, u_super: 0.00033, sec: 34.387, prod: 0.003724, t_ads: 576.5, t_des: 1626.1, bed_util_ads: 0.314, bed_util_des: 0.281, des_th: 0.2812094348608535,frac_lost: 0.104, li_recovered:  8.202, time: 0.007920071999251377
L: 0.50, u_super: 0.00842, sec: 482.261, prod: 0.190395, t_ads: 23.3, t_des: 21.1, bed_util_ads: 0.499, bed_util_des: 0.499, des_th: 0.49933111556238197,frac_lost: 0.107, li_recovered:  8.451, time: 0.004879205000179354
L: 0.50, u_super: 0.00651, sec: 364.677, prod: 0.146798, t_ads: 30.1, t_des: 27.3, bed_util_ads: 0.499, bed_util_des: 0.498, des_th: 0.49843903478477586,frac_lost: 0.109, li_recovered:  8.434, time: 0.004474295001273276
L: 0.50, u_super: 0.00493, sec: 271.265, prod: 0.111100, t_ads: 39.4, t_des: 35.1, bed_util_ads: 0.500, bed_util_des: 0.500, des_th: 0.4999580375531217,frac_lost: 0.104, li_recovered:  8.277, time: 0.006004610000672983
L: 0.50, u_super: 0.00705, sec: 405.394, prod: 0.156116, t_ads: 27.8, t_des: 27.6, bed_util_ads: 0.488, bed_util_des: 0.487, des_th: 0.4875144218719512,frac_lost: 0.109, li_recovered:  8.652, time: 0.005404763000115054
L: 7.20, u_super: 0.00440 — INFEASIBLE (li_recovered=0.000e+00), time: 0.002224645999376662
L: 0.50, u_super: 0.00809, sec: 462.066, prod: 0.182958, t_ads: 24.2, t_des: 21.9, bed_util_ads: 0.500, bed_util_des: 0.499, des_th: 0.49947166034217555,frac_lost: 0.108, li_recovered:  8.443, time: 0.0049699439987307414
L: 0.50, u_super: 0.00005 — INFEASIBLE (li_recovered=0.000e+00), time: 0.0014930759989510989
L: 0.50, u_super: 0.00024 — INFEASIBLE (li_recovered=0.000e+00), time: 0.0018160030012950301
L: 0.50, u_super: 0.00150, sec: 81.257, prod: 0.032559, t_ads: 128.1, t_des: 125.9, bed_util_ads: 0.480, bed_util_des: 0.478, des_th: 0.47838508188687245,frac_lost: 0.106, li_recovered:  8.270, time: 0.0053718269991804846
L: 0.50, u_super: 0.00784, sec: 483.288, prod: 0.163616, t_ads: 24.9, t_des: 28.3, bed_util_ads: 0.471, bed_util_des: 0.471, des_th: 0.47101658347994096,frac_lost: 0.105, li_recovered:  8.702, time: 0.0056445899990649195
L: 0.50, u_super: 0.00393, sec: 231.893, prod: 0.081241, t_ads: 49.5, t_des: 56.7, bed_util_ads: 0.467, bed_util_des: 0.466, des_th: 0.46612506031213746,frac_lost: 0.105, li_recovered:  8.626, time: 0.008426794000115478
L: 0.50, u_super: 0.00387, sec: 210.737, prod: 0.086841, t_ads: 50.3, t_des: 44.9, bed_util_ads: 0.499, bed_util_des: 0.499, des_th: 0.4986473561349859,frac_lost: 0.106, li_recovered:  8.263, time: 0.00859899100032635
L: 0.50, u_super: 0.00786, sec: 445.868, prod: 0.178254, t_ads: 24.7, t_des: 22.3, bed_util_ads: 0.500, bed_util_des: 0.500, des_th: 0.4998963885513746,frac_lost: 0.101, li_recovered:  8.388, time: 0.0057755660000111675
L: 4.58, u_super: 0.00587 — INFEASIBLE (li_recovered=0.000e+00), time: 0.003390652000234695
L: 0.50, u_super: 0.00314, sec: 169.493, prod: 0.070227, t_ads: 61.4, t_des: 54.8, bed_util_ads: 0.498, bed_util_des: 0.497, des_th: 0.4974811938862698,frac_lost: 0.101, li_recovered:  8.164, time: 0.008877102000042214
L: 0.50, u_super: 0.00990, sec: 576.148, prod: 0.224758, t_ads: 19.7, t_des: 17.9, bed_util_ads: 0.500, bed_util_des: 0.499, des_th: 0.49942132725883337,frac_lost: 0.103, li_recovered:  8.447, time: 0.008106553999823518
L: 12.14, u_super: 0.00444 — INFEASIBLE (li_recovered=0.000e+00), time: 0.003279630000179168
L: 0.50, u_super: 0.00144, sec: 84.659, prod: 0.029031, t_ads: 132.8, t_des: 155.8, bed_util_ads: 0.456, bed_util_des: 0.453, des_th: 0.45346170505096756,frac_lost: 0.104, li_recovered:  8.379, time: 0.007408301000396023
L: 0.50, u_super: 0.00173, sec: 93.451, prod: 0.037893, t_ads: 110.6, t_des: 97.1, bed_util_ads: 0.495, bed_util_des: 0.494, des_th: 0.4943632748458529,frac_lost: 0.103, li_recovered:  7.871, time: 0.008658963000925723
L: 0.50, u_super: 0.00892, sec: 546.282, prod: 0.190276, t_ads: 21.8, t_des: 23.9, bed_util_ads: 0.475, bed_util_des: 0.475, des_th: 0.4749724015095632,frac_lost: 0.103, li_recovered:  8.705, time: 0.009145035999608808
L: 0.50, u_super: 0.00817, sec: 466.682, prod: 0.184693, t_ads: 24.0, t_des: 21.5, bed_util_ads: 0.500, bed_util_des: 0.500, des_th: 0.4997459426280341,frac_lost: 0.107, li_recovered:  8.395, time: 0.005910860001677065
L: 21.20, u_super: 0.00431 — INFEASIBLE (li_recovered=0.000e+00), time: 0.0014255199985200306
L: 0.50, u_super: 0.00345, sec: 187.085, prod: 0.077272, t_ads: 56.3, t_des: 50.3, bed_util_ads: 0.499, bed_util_des: 0.499, des_th: 0.4986000186850641,frac_lost: 0.106, li_recovered:  8.234, time: 0.0066474619998189155
L: 0.50, u_super: 0.00610, sec: 348.924, prod: 0.134088, t_ads: 31.9, t_des: 32.7, bed_util_ads: 0.483, bed_util_des: 0.483, des_th: 0.4828486598024259,frac_lost: 0.102, li_recovered:  8.649, time: 0.006345709000015631
L: 0.50, u_super: 0.00988, sec: 6049.196, prod: 0.021307, t_ads: 19.8, t_des: 392.3, bed_util_ads: 0.176, bed_util_des: 0.173, des_th: 0.17302912236616577,frac_lost: 0.103, li_recovered:  8.781, time: 0.11438701100087201
L: 0.50, u_super: 0.00460, sec: 803.804, prod: 0.032409, t_ads: 42.8, t_des: 227.2, bed_util_ads: 0.289, bed_util_des: 0.285, des_th: 0.2852057822777167,frac_lost: 0.108, li_recovered:  8.751, time: 0.022572566000235383
L: 0.80, u_super: 0.00541, sec: 483.802, prod: 0.121059, t_ads: 57.1, t_des: 50.3, bed_util_ads: 0.500, bed_util_des: 0.500, des_th: 0.4996047237294999,frac_lost: 0.100, li_recovered:  13.010, time: 0.007766052000079071
L: 0.50, u_super: 0.00298, sec: 161.201, prod: 0.066388, t_ads: 64.7, t_des: 56.8, bed_util_ads: 0.500, bed_util_des: 0.500, des_th: 0.49982481429748826,frac_lost: 0.102, li_recovered:  8.070, time: 0.004709413999080425
L: 0.50, u_super: 0.00113, sec: 62.417, prod: 0.024173, t_ads: 167.9, t_des: 170.8, bed_util_ads: 0.472, bed_util_des: 0.471, des_th: 0.47069952226931894,frac_lost: 0.106, li_recovered:  8.187, time: 0.007805360999554978
L: 0.50, u_super: 0.00037, sec: 38.357, prod: 0.004164, t_ads: 516.0, t_des: 1462.2, bed_util_ads: 0.318, bed_util_des: 0.288, des_th: 0.28798808588084357,frac_lost: 0.103, li_recovered:  8.237, time: 0.012267095000424888
L: 8.08, u_super: 0.00861 — INFEASIBLE (li_recovered=0.000e+00), time: 0.0029875289983465336
L: 0.50, u_super: 0.00683, sec: 382.947, prod: 0.154871, t_ads: 28.4, t_des: 26.0, bed_util_ads: 0.498, bed_util_des: 0.497, des_th: 0.4974305964043537,frac_lost: 0.101, li_recovered:  8.416, time: 0.004605317999448744
L: 0.50, u_super: 0.00262, sec: 144.183, prod: 0.057292, t_ads: 73.5, t_des: 74.9, bed_util_ads: 0.479, bed_util_des: 0.479, des_th: 0.4785336238480765,frac_lost: 0.102, li_recovered:  8.502, time: 0.004973753000740544
   396 |    15840 |     40 |  0.0013204940 |             f
L: 0.50, u_super: 0.00440, sec: 241.001, prod: 0.098951, t_ads: 44.2, t_des: 39.4, bed_util_ads: 0.500, bed_util_des: 0.500, des_th: 0.4997418049180226,frac_lost: 0.106, li_recovered:  8.271, time: 0.0049230210006498965
L: 0.50, u_super: 0.00033 — INFEASIBLE (li_recovered=0.000e+00), time: 0.0032489920013176743
L: 0.50, u_super: 0.00577, sec: 344.891, prod: 0.121135, t_ads: 33.7, t_des: 37.9, bed_util_ads: 0.471, bed_util_des: 0.471, des_th: 0.470876469306848,frac_lost: 0.103, li_recovered:  8.671, time: 0.005983209000987699
L: 0.50, u_super: 0.00431, sec: 235.104, prod: 0.096866, t_ads: 45.1, t_des: 40.3, bed_util_ads: 0.499, bed_util_des: 0.498, des_th: 0.49841042995750695,frac_lost: 0.103, li_recovered:  8.271, time: 0.008087703999990481
L: 0.50, u_super: 0.00770, sec: 435.910, prod: 0.174661, t_ads: 25.2, t_des: 23.3, bed_util_ads: 0.497, bed_util_des: 0.497, des_th: 0.4969830526123354,frac_lost: 0.100, li_recovered:  8.471, time: 0.007309939999686321
L: 0.50, u_super: 0.00842, sec: 482.531, prod: 0.190289, t_ads: 23.3, t_des: 21.1, bed_util_ads: 0.500, bed_util_des: 0.500, des_th: 0.49958685259673646,frac_lost: 0.108, li_recovered:  8.450, time: 0.005084219999844208
L: 0.50, u_super: 0.00970, sec: 564.039, prod: 0.219833, t_ads: 20.1, t_des: 18.5, bed_util_ads: 0.498, bed_util_des: 0.498, des_th: 0.4981520014832015,frac_lost: 0.105, li_recovered:  8.499, time: 0.005876559998796438
L: 0.50, u_super: 0.00688, sec: 386.026, prod: 0.155908, t_ads: 28.2, t_des: 25.5, bed_util_ads: 0.499, bed_util_des: 0.498, des_th: 0.4984748118319243,frac_lost: 0.101, li_recovered:  8.375, time: 0.008209566000004997
L: 0.50, u_super: 0.00253, sec: 137.255, prod: 0.056004, t_ads: 76.2, t_des: 66.1, bed_util_ads: 0.500, bed_util_des: 0.499, des_th: 0.4994249375799462,frac_lost: 0.105, li_recovered:  7.969, time: 0.010365022999394569
L: 0.50, u_super: 0.00005, sec: 4.504, prod: 0.000701, t_ads: 3296.2, t_des: 5730.8, bed_util_ads: 0.253, bed_util_des: 0.185, des_th: 0.1851696623157332,frac_lost: 0.100, li_recovered:  6.330, time: 0.008299047000036808
L: 39.91, u_super: 0.00509 — INFEASIBLE (li_recovered=0.000e+00), time: 0.0015405319991259603
L: 0.50, u_super: 0.00721, sec: 437.743, prod: 0.151661, t_ads: 27.2, t_des: 30.2, bed_util_ads: 0.473, bed_util_des: 0.472, des_th: 0.47217911836746224,frac_lost: 0.107, li_recovered:  8.696, time: 0.007911779999631108
L: 0.50, u_super: 0.00880, sec: 525.098, prod: 0.192107, t_ads: 22.2, t_des: 23.0, bed_util_ads: 0.482, bed_util_des: 0.482, des_th: 0.48196300069512543,frac_lost: 0.106, li_recovered:  8.695, time: 0.009149442999841995
L: 0.50, u_super: 0.00770, sec: 435.828, prod: 0.174694, t_ads: 25.2, t_des: 23.1, bed_util_ads: 0.497, bed_util_des: 0.497, des_th: 0.4969830526123354,frac_lost: 0.100, li_recovered:  8.430, time: 0.0065426230012235465
L: 2.28, u_super: 0.00359 — INFEASIBLE (li_recovered=0.000e+00), time: 0.004267311000148766
L: 0.50, u_super: 0.00497, sec: 373.971, prod: 0.081828, t_ads: 39.4, t_des: 66.8, bed_util_ads: 0.419, bed_util_des: 0.418, des_th: 0.4178547601257707,frac_lost: 0.108, li_recovered:  8.691, time: 0.010090857000250253
L: 0.50, u_super: 0.00033, sec: 32.894, prod: 0.003893, t_ads: 570.9, t_des: 1517.6, bed_util_ads: 0.320, bed_util_des: 0.289, des_th: 0.28927778215220334,frac_lost: 0.101, li_recovered:  8.130, time: 0.011671301001115353
L: 0.52, u_super: 0.00414, sec: 232.904, prod: 0.093004, t_ads: 48.3, t_des: 43.2, bed_util_ads: 0.499, bed_util_des: 0.499, des_th: 0.4986236814724104,frac_lost: 0.105, li_recovered:  8.510, time: 0.005506817000423325
L: 0.50, u_super: 0.00415, sec: 226.201, prod: 0.093138, t_ads: 46.9, t_des: 41.9, bed_util_ads: 0.499, bed_util_des: 0.499, des_th: 0.4986099794278566,frac_lost: 0.105, li_recovered:  8.265, time: 0.0061965959994267905
L: 0.50, u_super: 0.00539, sec: 297.544, prod: 0.121675, t_ads: 36.0, t_des: 32.2, bed_util_ads: 0.500, bed_util_des: 0.500, des_th: 0.4999594667471092,frac_lost: 0.101, li_recovered:  8.289, time: 0.0054741479998483555
L: 0.50, u_super: 0.00173, sec: 263.857, prod: 0.013421, t_ads: 113.0, t_des: 534.5, bed_util_ads: 0.295, bed_util_des: 0.285, des_th: 0.2850415203819033,frac_lost: 0.103, li_recovered:  8.690, time: 0.01675190899914014
L: 0.50, u_super: 0.00260, sec: 146.224, prod: 0.055492, t_ads: 74.0, t_des: 79.7, bed_util_ads: 0.473, bed_util_des: 0.472, des_th: 0.47233093925735575,frac_lost: 0.101, li_recovered:  8.530, time: 0.005874446998859639
L: 0.50, u_super: 0.00646, sec: 360.656, prod: 0.146280, t_ads: 30.0, t_des: 27.2, bed_util_ads: 0.498, bed_util_des: 0.498, des_th: 0.4979087192931575,frac_lost: 0.101, li_recovered:  8.368, time: 0.0063256840003305115
L: 0.50, u_super: 0.00871, sec: 501.351, prod: 0.197126, t_ads: 22.5, t_des: 20.1, bed_util_ads: 0.500, bed_util_des: 0.500, des_th: 0.49979457351478146,frac_lost: 0.107, li_recovered:  8.402, time: 0.005194486000618781
L: 0.50, u_super: 0.00817, sec: 466.623, prod: 0.184716, t_ads: 24.0, t_des: 21.7, bed_util_ads: 0.500, bed_util_des: 0.499, des_th: 0.49941967055214415,frac_lost: 0.107, li_recovered:  8.437, time: 0.00509517099999357
L: 0.50, u_super: 0.00612, sec: 340.578, prod: 0.138505, t_ads: 31.7, t_des: 28.7, bed_util_ads: 0.499, bed_util_des: 0.499, des_th: 0.4986615442117379,frac_lost: 0.102, li_recovered:  8.368, time: 0.004024380999908317
L: 0.50, u_super: 0.00933, sec: 539.551, prod: 0.211464, t_ads: 20.9, t_des: 19.2, bed_util_ads: 0.497, bed_util_des: 0.497, des_th: 0.4968101252164431,frac_lost: 0.104, li_recovered:  8.492, time: 0.0054597540001850575
L: 8.70, u_super: 0.00984 — INFEASIBLE (li_recovered=0.000e+00), time: 0.002913238000473939
L: 0.50, u_super: 0.00005, sec: 4.390, prod: 0.000662, t_ads: 3215.4, t_des: 5095.1, bed_util_ads: 0.255, bed_util_des: 0.198, des_th: 0.19851048503971744,frac_lost: 0.101, li_recovered:  5.498, time: 0.005232605000855983
L: 0.50, u_super: 0.00655, sec: 449.467, prod: 0.120889, t_ads: 29.9, t_des: 42.1, bed_util_ads: 0.443, bed_util_des: 0.442, des_th: 0.4424942925910562,frac_lost: 0.106, li_recovered:  8.701, time: 0.0060325239992380375
L: 0.50, u_super: 0.00212, sec: 114.693, prod: 0.046651, t_ads: 91.1, t_des: 79.3, bed_util_ads: 0.499, bed_util_des: 0.498, des_th: 0.4982531305222124,frac_lost: 0.107, li_recovered:  7.948, time: 0.004206665998935932
L: 0.50, u_super: 0.00245, sec: 132.413, prod: 0.054106, t_ads: 78.6, t_des: 68.4, bed_util_ads: 0.499, bed_util_des: 0.499, des_th: 0.4986473561349859,frac_lost: 0.102, li_recovered:  7.953, time: 0.004320059000747278
L: 0.50, u_super: 0.00817, sec: 466.468, prod: 0.184777, t_ads: 24.0, t_des: 21.8, bed_util_ads: 0.500, bed_util_des: 0.499, des_th: 0.49941499072499945,frac_lost: 0.107, li_recovered:  8.448, time: 0.004365099999631639
L: 0.50, u_super: 0.00881, sec: 507.333, prod: 0.199558, t_ads: 22.2, t_des: 20.1, bed_util_ads: 0.500, bed_util_des: 0.500, des_th: 0.49989132896995775,frac_lost: 0.107, li_recovered:  8.439, time: 0.0042144939998252084
L: 0.50, u_super: 0.00005, sec: 5.078, prod: 0.000570, t_ads: 4021.0, t_des: 10725.5, bed_util_ads: 0.226, bed_util_des: 0.121, des_th: 0.12133876376909793,frac_lost: 0.103, li_recovered:  8.407, time: 0.007561598000393133
L: 15.16, u_super: 0.00490 — INFEASIBLE (li_recovered=0.000e+00), time: 0.001272200999665074
L: 0.50, u_super: 0.00440, sec: 241.077, prod: 0.099003, t_ads: 44.2, t_des: 39.3, bed_util_ads: 0.500, bed_util_des: 0.500, des_th: 0.4997815699072427,frac_lost: 0.106, li_recovered:  8.267, time: 0.004203156000585295
L: 0.50, u_super: 0.00664, sec: 371.480, prod: 0.150607, t_ads: 29.2, t_des: 26.7, bed_util_ads: 0.498, bed_util_des: 0.497, des_th: 0.4974206356614642,frac_lost: 0.100, li_recovered:  8.417, time: 0.005257032000372419
L: 19.74, u_super: 0.00314 — INFEASIBLE (li_recovered=0.000e+00), time: 0.0010494999987713527
L: 0.50, u_super: 0.00867, sec: 498.716, prod: 0.196271, t_ads: 22.6, t_des: 20.2, bed_util_ads: 0.500, bed_util_des: 0.500, des_th: 0.4997636852753799,frac_lost: 0.107, li_recovered:  8.403, time: 0.0038812729999335716
   397 |    15880 |     40 |  0.0033030536 |             f
L: 0.50, u_super: 0.00190, sec: 103.154, prod: 0.041673, t_ads: 100.3, t_des: 86.8, bed_util_ads: 0.497, bed_util_des: 0.497, des_th: 0.4969830526123354,frac_lost: 0.100, li_recovered:  7.796, time: 0.0048178999986703275
L: 0.50, u_super: 0.00005 — INFEASIBLE (li_recovered=0.000e+00), time: 0.0010921670000243466
L: 0.50, u_super: 0.00990, sec: 576.897, prod: 0.224466, t_ads: 19.7, t_des: 17.9, bed_util_ads: 0.500, bed_util_des: 0.499, des_th: 0.4994229602476854,frac_lost: 0.105, li_recovered:  8.449, time: 0.004966835000232095
L: 0.50, u_super: 0.00485, sec: 266.188, prod: 0.109477, t_ads: 40.0, t_des: 36.6, bed_util_ads: 0.496, bed_util_des: 0.496, des_th: 0.49579985782559266,frac_lost: 0.103, li_recovered:  8.386, time: 0.006910235000759712
L: 0.50, u_super: 0.00005 — INFEASIBLE (li_recovered=0.000e+00), time: 0.0021066859990241937
L: 0.50, u_super: 0.00344, sec: 186.596, prod: 0.076955, t_ads: 56.6, t_des: 50.6, bed_util_ads: 0.499, bed_util_des: 0.499, des_th: 0.4986387643657568,frac_lost: 0.108, li_recovered:  8.253, time: 0.007449435999660636
L: 0.50, u_super: 0.00955, sec: 574.746, prod: 0.208629, t_ads: 20.4, t_des: 21.3, bed_util_ads: 0.482, bed_util_des: 0.482, des_th: 0.481784271631154,frac_lost: 0.103, li_recovered:  8.698, time: 0.005486826999913319
L: 0.50, u_super: 0.00626, sec: 348.446, prod: 0.141594, t_ads: 31.0, t_des: 28.8, bed_util_ads: 0.495, bed_util_des: 0.495, des_th: 0.4952017072303182,frac_lost: 0.101, li_recovered:  8.462, time: 0.006918762999703176
L: 26.86, u_super: 0.00721 — INFEASIBLE (li_recovered=0.000e+00), time: 0.0027208260016777785
L: 0.50, u_super: 0.00314, sec: 169.654, prod: 0.070160, t_ads: 61.5, t_des: 54.6, bed_util_ads: 0.498, bed_util_des: 0.497, des_th: 0.49738360958149685,frac_lost: 0.102, li_recovered:  8.147, time: 0.0053153749995544786
L: 0.50, u_super: 0.00135, sec: 74.528, prod: 0.028761, t_ads: 140.7, t_des: 118.1, bed_util_ads: 0.497, bed_util_des: 0.497, des_th: 0.4970119658697137,frac_lost: 0.103, li_recovered:  7.442, time: 0.006908588999067433
L: 0.50, u_super: 0.00310, sec: 167.764, prod: 0.069285, t_ads: 62.4, t_des: 55.4, bed_util_ads: 0.498, bed_util_des: 0.497, des_th: 0.4975005878817317,frac_lost: 0.104, li_recovered:  8.164, time: 0.00734975100021984
L: 0.50, u_super: 0.00546, sec: 302.013, prod: 0.123351, t_ads: 35.5, t_des: 31.8, bed_util_ads: 0.500, bed_util_des: 0.499, des_th: 0.4993953504153499,frac_lost: 0.103, li_recovered:  8.307, time: 0.006655664999925648
L: 0.50, u_super: 0.00514, sec: 282.561, prod: 0.115977, t_ads: 37.8, t_des: 34.3, bed_util_ads: 0.498, bed_util_des: 0.498, des_th: 0.49797646491946734,frac_lost: 0.102, li_recovered:  8.354, time: 0.004187009000816033
L: 0.50, u_super: 0.00071, sec: 39.566, prod: 0.014972, t_ads: 261.5, t_des: 247.6, bed_util_ads: 0.472, bed_util_des: 0.470, des_th: 0.4700238178015581,frac_lost: 0.106, li_recovered:  7.622, time: 0.007247601000926807
L: 0.50, u_super: 0.00084, sec: 47.155, prod: 0.017602, t_ads: 223.3, t_des: 232.3, bed_util_ads: 0.464, bed_util_des: 0.461, des_th: 0.46094823120395717,frac_lost: 0.105, li_recovered:  8.020, time: 0.006179193998832488
L: 0.50, u_super: 0.00144, sec: 78.372, prod: 0.031359, t_ads: 132.7, t_des: 130.6, bed_util_ads: 0.479, bed_util_des: 0.478, des_th: 0.4782505131605733,frac_lost: 0.106, li_recovered:  8.255, time: 0.007025422000879189
L: 0.50, u_super: 0.00082, sec: 45.354, prod: 0.017341, t_ads: 226.4, t_des: 204.9, bed_util_ads: 0.480, bed_util_des: 0.480, des_th: 0.47958747470891405,frac_lost: 0.100, li_recovered:  7.479, time: 0.005407623000792228
L: 0.50, u_super: 0.00560, sec: 356.595, prod: 0.109769, t_ads: 34.7, t_des: 44.3, bed_util_ads: 0.454, bed_util_des: 0.453, des_th: 0.45333303450570983,frac_lost: 0.101, li_recovered:  8.673, time: 0.006936072000826243
L: 19.68, u_super: 0.00832 — INFEASIBLE (li_recovered=0.000e+00), time: 0.004503031999774976
L: 0.50, u_super: 0.00488, sec: 3153.327, prod: 0.009365, t_ads: 40.1, t_des: 898.3, bed_util_ads: 0.166, bed_util_des: 0.160, des_th: 0.1599005897916181,frac_lost: 0.102, li_recovered:  8.788, time: 0.051543823999963934
L: 32.56, u_super: 0.00356 — INFEASIBLE (li_recovered=0.000e+00), time: 0.0010994380008924054
L: 0.50, u_super: 0.00042, sec: 45.352, prod: 0.004589, t_ads: 455.5, t_des: 1357.7, bed_util_ads: 0.317, bed_util_des: 0.289, des_th: 0.28898564806978067,frac_lost: 0.105, li_recovered:  8.320, time: 0.010608687000058126
L: 0.50, u_super: 0.00437, sec: 2127.399, prod: 0.011062, t_ads: 44.7, t_des: 749.2, bed_util_ads: 0.186, bed_util_des: 0.180, des_th: 0.18029132470295872,frac_lost: 0.101, li_recovered:  8.782, time: 0.045733250000921544
L: 0.50, u_super: 0.00967, sec: 562.098, prod: 0.219190, t_ads: 20.2, t_des: 18.1, bed_util_ads: 0.500, bed_util_des: 0.500, des_th: 0.49993289824159703,frac_lost: 0.105, li_recovered:  8.396, time: 0.00650946399946406
L: 0.50, u_super: 0.00514, sec: 282.783, prod: 0.115886, t_ads: 37.8, t_des: 33.9, bed_util_ads: 0.500, bed_util_des: 0.499, des_th: 0.4994336218067967,frac_lost: 0.102, li_recovered:  8.301, time: 0.005451660999824526
L: 0.50, u_super: 0.00172, sec: 94.559, prod: 0.036934, t_ads: 111.2, t_des: 115.8, bed_util_ads: 0.474, bed_util_des: 0.473, des_th: 0.4730174436026583,frac_lost: 0.100, li_recovered:  8.386, time: 0.007390062000922626
L: 0.50, u_super: 0.00173, sec: 93.250, prod: 0.037975, t_ads: 110.6, t_des: 97.9, bed_util_ads: 0.494, bed_util_des: 0.494, des_th: 0.4941114965499519,frac_lost: 0.103, li_recovered:  7.919, time: 0.008863035998729174
L: 0.50, u_super: 0.00842, sec: 482.632, prod: 0.190249, t_ads: 23.3, t_des: 21.0, bed_util_ads: 0.500, bed_util_des: 0.500, des_th: 0.49968774321330717,frac_lost: 0.109, li_recovered:  8.439, time: 0.00878953699975682
L: 0.50, u_super: 0.00005, sec: 4.478, prod: 0.000697, t_ads: 3322.2, t_des: 5753.1, bed_util_ads: 0.253, bed_util_des: 0.185, des_th: 0.1851696623157332,frac_lost: 0.101, li_recovered:  6.324, time: 0.009444442999665625
L: 0.50, u_super: 0.00784, sec: 446.465, prod: 0.176971, t_ads: 25.1, t_des: 22.7, bed_util_ads: 0.500, bed_util_des: 0.500, des_th: 0.49957196589276337,frac_lost: 0.110, li_recovered:  8.449, time: 0.00947547299983853
L: 0.50, u_super: 0.00990, sec: 576.853, prod: 0.224483, t_ads: 19.7, t_des: 17.7, bed_util_ads: 0.500, bed_util_des: 0.500, des_th: 0.49997917757248705,frac_lost: 0.104, li_recovered:  8.408, time: 0.008421531001658877
L: 13.65, u_super: 0.00362 — INFEASIBLE (li_recovered=0.000e+00), time: 0.0045993550011189654
L: 0.50, u_super: 0.00035, sec: 32.232, prod: 0.004365, t_ads: 543.6, t_des: 1306.2, bed_util_ads: 0.334, bed_util_des: 0.306, des_th: 0.30619907300329735,frac_lost: 0.103, li_recovered:  8.074, time: 0.014531201999488985
L: 0.50, u_super: 0.00603, sec: 400.601, prod: 0.114276, t_ads: 32.5, t_des: 43.6, bed_util_ads: 0.449, bed_util_des: 0.448, des_th: 0.4483983617432796,frac_lost: 0.108, li_recovered:  8.693, time: 0.009253230000467738
L: 0.50, u_super: 0.00127, sec: 69.201, prod: 0.027327, t_ads: 150.0, t_des: 130.8, bed_util_ads: 0.493, bed_util_des: 0.493, des_th: 0.49269189538143304,frac_lost: 0.105, li_recovered:  7.675, time: 0.008374419001484057
L: 0.50, u_super: 0.00293, sec: 160.854, prod: 0.064478, t_ads: 65.9, t_des: 66.2, bed_util_ads: 0.483, bed_util_des: 0.482, des_th: 0.4820632610436314,frac_lost: 0.103, li_recovered:  8.517, time: 0.00836466299915628
L: 0.50, u_super: 0.00117, sec: 63.553, prod: 0.025375, t_ads: 162.3, t_des: 156.0, bed_util_ads: 0.479, bed_util_des: 0.478, des_th: 0.4781679029027403,frac_lost: 0.105, li_recovered:  8.078, time: 0.005304608001097222
L: 0.50, u_super: 0.00362, sec: 208.211, prod: 0.076771, t_ads: 53.6, t_des: 58.5, bed_util_ads: 0.472, bed_util_des: 0.472, des_th: 0.4715283568214206,frac_lost: 0.105, li_recovered:  8.606, time: 0.00652617299965641
L: 0.50, u_super: 0.00585, sec: 323.924, prod: 0.132289, t_ads: 33.2, t_des: 30.1, bed_util_ads: 0.498, bed_util_des: 0.498, des_th: 0.4981673849470139,frac_lost: 0.101, li_recovered:  8.367, time: 0.005126266998559004
   398 |    15920 |     40 |  0.0011637830 |             f
L: 0.50, u_super: 0.00888, sec: 1425.337, prod: 0.072175, t_ads: 22.1, t_des: 99.2, bed_util_ads: 0.309, bed_util_des: 0.307, des_th: 0.30695357140157986,frac_lost: 0.107, li_recovered:  8.759, time: 0.017080986001019483
L: 6.36, u_super: 0.00955 — INFEASIBLE (li_recovered=0.000e+00), time: 0.004086286000529071
L: 52.24, u_super: 0.00463 — INFEASIBLE (li_recovered=0.000e+00), time: 0.001540919000035501
L: 0.50, u_super: 0.00386, sec: 209.991, prod: 0.086478, t_ads: 50.3, t_des: 44.6, bed_util_ads: 0.500, bed_util_des: 0.499, des_th: 0.4994458808726044,frac_lost: 0.105, li_recovered:  8.213, time: 0.006470779999290244
L: 0.50, u_super: 0.00661, sec: 369.713, prod: 0.149853, t_ads: 29.3, t_des: 26.5, bed_util_ads: 0.498, bed_util_des: 0.498, des_th: 0.4981673849470139,frac_lost: 0.100, li_recovered:  8.370, time: 0.008340764999957173
L: 0.50, u_super: 0.00005 — INFEASIBLE (li_recovered=0.000e+00), time: 0.0012492370005929843
L: 4.50, u_super: 0.00071 — INFEASIBLE (li_recovered=0.000e+00), time: 0.0012988050002604723
L: 4.40, u_super: 0.00770 — INFEASIBLE (li_recovered=0.000e+00), time: 0.003795304999584914
L: 12.07, u_super: 0.00294 — INFEASIBLE (li_recovered=0.000e+00), time: 0.0012718840007437393
L: 0.50, u_super: 0.00649, sec: 382.606, prod: 0.139082, t_ads: 30.2, t_des: 32.2, bed_util_ads: 0.478, bed_util_des: 0.477, des_th: 0.47711162363279075,frac_lost: 0.109, li_recovered:  8.682, time: 0.008115051999993739
L: 0.50, u_super: 0.00156, sec: 84.779, prod: 0.034029, t_ads: 122.7, t_des: 121.0, bed_util_ads: 0.480, bed_util_des: 0.478, des_th: 0.4784595451152242,frac_lost: 0.105, li_recovered:  8.291, time: 0.007953873999213101
L: 21.04, u_super: 0.00817 — INFEASIBLE (li_recovered=0.000e+00), time: 0.00154057500003546
L: 0.50, u_super: 0.00556, sec: 307.514, prod: 0.125669, t_ads: 34.9, t_des: 31.7, bed_util_ads: 0.498, bed_util_des: 0.498, des_th: 0.49779722276746924,frac_lost: 0.103, li_recovered:  8.367, time: 0.004533899000307429
L: 0.50, u_super: 0.00544, sec: 364.478, prod: 0.101352, t_ads: 35.7, t_des: 49.9, bed_util_ads: 0.443, bed_util_des: 0.442, des_th: 0.4419810448099629,frac_lost: 0.101, li_recovered:  8.676, time: 0.007836937000320177
L: 0.50, u_super: 0.00362, sec: 196.741, prod: 0.081247, t_ads: 53.6, t_des: 48.0, bed_util_ads: 0.498, bed_util_des: 0.498, des_th: 0.4977157477232547,frac_lost: 0.106, li_recovered:  8.252, time: 0.005814034000650281
L: 0.50, u_super: 0.00010, sec: 10.046, prod: 0.001132, t_ads: 1933.2, t_des: 5088.7, bed_util_ads: 0.259, bed_util_des: 0.185, des_th: 0.1851696623157332,frac_lost: 0.102, li_recovered:  7.948, time: 0.010551784000199405
L: 0.50, u_super: 0.00721, sec: 489.532, prod: 0.135614, t_ads: 27.2, t_des: 37.0, bed_util_ads: 0.447, bed_util_des: 0.447, des_th: 0.4465474472583905,frac_lost: 0.107, li_recovered:  8.707, time: 0.009593456999937189
L: 0.50, u_super: 0.00267, sec: 144.558, prod: 0.059193, t_ads: 72.2, t_des: 62.8, bed_util_ads: 0.499, bed_util_des: 0.499, des_th: 0.49882477239289585,frac_lost: 0.102, li_recovered:  7.990, time: 0.008251915998698678
L: 0.50, u_super: 0.00989, sec: 576.697, prod: 0.224047, t_ads: 19.8, t_des: 17.9, bed_util_ads: 0.500, bed_util_des: 0.500, des_th: 0.4996393755256271,frac_lost: 0.107, li_recovered:  8.449, time: 0.006772828999601188
L: 0.50, u_super: 0.00159, sec: 86.753, prod: 0.034669, t_ads: 120.3, t_des: 104.1, bed_util_ads: 0.496, bed_util_des: 0.495, des_th: 0.49531711283796814,frac_lost: 0.107, li_recovered:  7.780, time: 0.00665658700017957
L: 35.19, u_super: 0.00035 — INFEASIBLE (li_recovered=0.000e+00), time: 0.0009640090011089342
L: 0.50, u_super: 0.00737, sec: 477.717, prod: 0.145258, t_ads: 26.6, t_des: 33.4, bed_util_ads: 0.458, bed_util_des: 0.457, des_th: 0.4569088297951671,frac_lost: 0.106, li_recovered:  8.703, time: 0.006396560000212048
L: 0.50, u_super: 0.00886, sec: 510.452, prod: 0.200637, t_ads: 22.1, t_des: 19.8, bed_util_ads: 0.500, bed_util_des: 0.500, des_th: 0.49982135207077727,frac_lost: 0.106, li_recovered:  8.396, time: 0.004777568999998039
L: 2.73, u_super: 0.00954, sec: 3132.151, prod: 0.208554, t_ads: 109.1, t_des: 94.4, bed_util_ads: 0.498, bed_util_des: 0.498, des_th: 0.49771747796477417,frac_lost: 0.102, li_recovered:  42.449, time: 0.005539529998713988
L: 0.50, u_super: 0.00933, sec: 539.639, prod: 0.211430, t_ads: 20.9, t_des: 19.2, bed_util_ads: 0.498, bed_util_des: 0.498, des_th: 0.4976665384901494,frac_lost: 0.104, li_recovered:  8.489, time: 0.005156585999429808
L: 0.50, u_super: 0.00842, sec: 3044.206, prod: 0.030162, t_ads: 23.3, t_des: 267.6, bed_util_ads: 0.218, bed_util_des: 0.215, des_th: 0.21550321363127847,frac_lost: 0.104, li_recovered:  8.776, time: 0.03137189599874546
L: 0.50, u_super: 0.00473, sec: 259.418, prod: 0.106340, t_ads: 41.2, t_des: 36.7, bed_util_ads: 0.500, bed_util_des: 0.499, des_th: 0.4993953504153499,frac_lost: 0.105, li_recovered:  8.277, time: 0.005265698999210144
L: 4.24, u_super: 0.00485 — INFEASIBLE (li_recovered=0.000e+00), time: 0.0034915590003947727
L: 0.50, u_super: 0.00414, sec: 226.267, prod: 0.092734, t_ads: 47.1, t_des: 41.5, bed_util_ads: 0.500, bed_util_des: 0.500, des_th: 0.49978708314272774,frac_lost: 0.107, li_recovered:  8.212, time: 0.004907124999590451
L: 0.50, u_super: 0.00282, sec: 169.169, prod: 0.056522, t_ads: 69.1, t_des: 82.7, bed_util_ads: 0.460, bed_util_des: 0.458, des_th: 0.4581675141058803,frac_lost: 0.108, li_recovered:  8.580, time: 0.005324641999322921
L: 0.50, u_super: 0.00281, sec: 151.707, prod: 0.062825, t_ads: 68.4, t_des: 60.9, bed_util_ads: 0.498, bed_util_des: 0.498, des_th: 0.4977151419270284,frac_lost: 0.101, li_recovered:  8.128, time: 0.005498173000887618
L: 0.50, u_super: 0.00867, sec: 498.182, prod: 0.196481, t_ads: 22.5, t_des: 20.4, bed_util_ads: 0.500, bed_util_des: 0.499, des_th: 0.49942601074457166,frac_lost: 0.106, li_recovered:  8.441, time: 0.006814919001044473
L: 35.78, u_super: 0.00512 — INFEASIBLE (li_recovered=0.000e+00), time: 0.0018031210001936415
L: 0.50, u_super: 0.00892, sec: 514.011, prod: 0.202222, t_ads: 21.9, t_des: 20.1, bed_util_ads: 0.498, bed_util_des: 0.498, des_th: 0.49768429732538616,frac_lost: 0.105, li_recovered:  8.481, time: 0.005433553000329994
L: 0.50, u_super: 0.00776, sec: 441.214, prod: 0.175313, t_ads: 25.3, t_des: 22.9, bed_util_ads: 0.500, bed_util_des: 0.499, des_th: 0.4994282957227815,frac_lost: 0.108, li_recovered:  8.451, time: 0.005272738000712707
L: 0.50, u_super: 0.00664, sec: 373.105, prod: 0.149952, t_ads: 29.5, t_des: 26.7, bed_util_ads: 0.498, bed_util_des: 0.498, des_th: 0.4981059112150438,frac_lost: 0.109, li_recovered:  8.423, time: 0.0053098630014574155
L: 0.50, u_super: 0.00244, sec: 134.492, prod: 0.052906, t_ads: 79.2, t_des: 81.4, bed_util_ads: 0.478, bed_util_des: 0.477, des_th: 0.4768384654954158,frac_lost: 0.104, li_recovered:  8.495, time: 0.006180884998684633
L: 0.50, u_super: 0.00775, sec: 441.363, prod: 0.175166, t_ads: 25.3, t_des: 22.9, bed_util_ads: 0.500, bed_util_des: 0.499, des_th: 0.49942282174731406,frac_lost: 0.109, li_recovered:  8.444, time: 0.005172981998839532
L: 0.50, u_super: 0.00659, sec: 369.127, prod: 0.149178, t_ads: 29.4, t_des: 27.6, bed_util_ads: 0.494, bed_util_des: 0.494, des_th: 0.49420731749809316,frac_lost: 0.101, li_recovered:  8.503, time: 0.0059051320004073204
L: 26.08, u_super: 0.00542 — INFEASIBLE (li_recovered=0.000e+00), time: 0.0012661109994951403
   399 |    15960 |     40 |  0.0025455904 |             f
L: 0.50, u_super: 0.00983, sec: 572.399, prod: 0.222825, t_ads: 19.9, t_des: 17.8, bed_util_ads: 0.500, bed_util_des: 0.500, des_th: 0.49992064642314055,frac_lost: 0.105, li_recovered:  8.404, time: 0.006349417999444995
L: 0.50, u_super: 0.00953, sec: 552.779, prod: 0.215965, t_ads: 20.5, t_des: 18.8, bed_util_ads: 0.499, bed_util_des: 0.498, des_th: 0.49845671114764173,frac_lost: 0.105, li_recovered:  8.488, time: 0.006041941000148654
L: 0.50, u_super: 0.00580, sec: 321.402, prod: 0.131091, t_ads: 33.4, t_des: 30.0, bed_util_ads: 0.499, bed_util_des: 0.499, des_th: 0.4986461607479255,frac_lost: 0.101, li_recovered:  8.308, time: 0.005428812000900507
L: 0.50, u_super: 0.00431, sec: 252.648, prod: 0.090140, t_ads: 45.1, t_des: 50.7, bed_util_ads: 0.470, bed_util_des: 0.469, des_th: 0.4688942844640737,frac_lost: 0.103, li_recovered:  8.635, time: 0.00552949699886085
L: 0.50, u_super: 0.00371, sec: 201.875, prod: 0.083154, t_ads: 52.3, t_des: 46.3, bed_util_ads: 0.500, bed_util_des: 0.500, des_th: 0.49959153242388116,frac_lost: 0.105, li_recovered:  8.202, time: 0.005200738998610177
L: 0.50, u_super: 0.00319, sec: 178.078, prod: 0.069115, t_ads: 61.0, t_des: 63.0, bed_util_ads: 0.479, bed_util_des: 0.478, des_th: 0.47816103999438464,frac_lost: 0.107, li_recovered:  8.568, time: 0.006583731001228443
L: 0.50, u_super: 0.00721, sec: 406.093, prod: 0.163478, t_ads: 26.9, t_des: 24.4, bed_util_ads: 0.498, bed_util_des: 0.498, des_th: 0.4981673849470139,frac_lost: 0.101, li_recovered:  8.386, time: 0.006236178000108339
L: 0.50, u_super: 0.00241, sec: 133.300, prod: 0.052276, t_ads: 79.9, t_des: 82.6, bed_util_ads: 0.478, bed_util_des: 0.477, des_th: 0.4766380129255264,frac_lost: 0.103, li_recovered:  8.495, time: 0.009332850999271614
L: 0.50, u_super: 0.00386, sec: 210.289, prod: 0.086355, t_ads: 50.4, t_des: 44.5, bed_util_ads: 0.500, bed_util_des: 0.499, des_th: 0.49944581317178016,frac_lost: 0.106, li_recovered:  8.199, time: 0.007368730999587569
L: 0.50, u_super: 0.00629, sec: 350.432, prod: 0.142352, t_ads: 30.9, t_des: 27.9, bed_util_ads: 0.499, bed_util_des: 0.499, des_th: 0.4986461607479255,frac_lost: 0.101, li_recovered:  8.365, time: 0.008443721000730875
L: 0.50, u_super: 0.00805, sec: 459.300, prod: 0.182185, t_ads: 24.3, t_des: 22.0, bed_util_ads: 0.499, bed_util_des: 0.499, des_th: 0.4989688099699568,frac_lost: 0.107, li_recovered:  8.438, time: 0.007483899000362726
L: 0.50, u_super: 0.00817, sec: 3496.611, prod: 0.024650, t_ads: 24.0, t_des: 332.1, bed_util_ads: 0.203, bed_util_des: 0.200, des_th: 0.1998613788489074,frac_lost: 0.105, li_recovered:  8.780, time: 0.05126641799870413
L: 0.50, u_super: 0.00207, sec: 111.560, prod: 0.045848, t_ads: 93.1, t_des: 83.3, bed_util_ads: 0.495, bed_util_des: 0.494, des_th: 0.49415321937336376,frac_lost: 0.107, li_recovered:  8.090, time: 0.009111466999456752
L: 0.50, u_super: 0.00320, sec: 173.414, prod: 0.071439, t_ads: 60.3, t_des: 53.1, bed_util_ads: 0.500, bed_util_des: 0.499, des_th: 0.4995188414579914,frac_lost: 0.102, li_recovered:  8.102, time: 0.007642161999683594
L: 0.50, u_super: 0.00091 — INFEASIBLE (li_recovered=0.000e+00), time: 0.0053350910002336605
L: 0.50, u_super: 0.00293, sec: 158.249, prod: 0.065539, t_ads: 65.7, t_des: 58.5, bed_util_ads: 0.498, bed_util_des: 0.498, des_th: 0.4978003740945547,frac_lost: 0.102, li_recovered:  8.140, time: 0.005634174000078929
L: 0.50, u_super: 0.00990, sec: 628.285, prod: 0.206107, t_ads: 19.8, t_des: 22.5, bed_util_ads: 0.470, bed_util_des: 0.470, des_th: 0.4696577407955111,frac_lost: 0.106, li_recovered:  8.718, time: 0.008218983999540797
L: 0.50, u_super: 0.00731, sec: 412.212, prod: 0.165837, t_ads: 26.5, t_des: 24.0, bed_util_ads: 0.498, bed_util_des: 0.498, des_th: 0.4981673849470139,frac_lost: 0.100, li_recovered:  8.380, time: 0.008800858000540757
L: 0.50, u_super: 0.00514, sec: 282.758, prod: 0.116032, t_ads: 37.8, t_des: 34.3, bed_util_ads: 0.498, bed_util_des: 0.498, des_th: 0.49780189104022027,frac_lost: 0.103, li_recovered:  8.359, time: 0.009538923000945942
L: 0.50, u_super: 0.00732, sec: 413.023, prod: 0.165852, t_ads: 26.5, t_des: 23.7, bed_util_ads: 0.500, bed_util_des: 0.500, des_th: 0.49985743275593203,frac_lost: 0.100, li_recovered:  8.322, time: 0.008025554001505952
L: 0.50, u_super: 0.00074 — INFEASIBLE (li_recovered=0.000e+00), time: 0.005315333999533323
L: 0.50, u_super: 0.00821, sec: 469.280, prod: 0.185864, t_ads: 23.8, t_des: 21.9, bed_util_ads: 0.498, bed_util_des: 0.497, des_th: 0.4974811938862698,frac_lost: 0.105, li_recovered:  8.496, time: 0.010184532999119256
L: 0.50, u_super: 0.00105 — INFEASIBLE (li_recovered=0.000e+00), time: 0.004225898999720812
L: 0.50, u_super: 0.00005, sec: 4.324, prod: 0.000670, t_ads: 3442.0, t_des: 5873.1, bed_util_ads: 0.253, bed_util_des: 0.185, des_th: 0.1851696623157332,frac_lost: 0.103, li_recovered:  6.237, time: 0.007758129999274388
L: 0.50, u_super: 0.00148, sec: 81.735, prod: 0.031480, t_ads: 129.8, t_des: 107.6, bed_util_ads: 0.500, bed_util_des: 0.500, des_th: 0.4997178215337502,frac_lost: 0.108, li_recovered:  7.476, time: 0.005642925001666299
L: 0.50, u_super: 0.00362, sec: 197.072, prod: 0.081111, t_ads: 53.7, t_des: 47.5, bed_util_ads: 0.499, bed_util_des: 0.499, des_th: 0.49864606527779254,frac_lost: 0.107, li_recovered:  8.208, time: 0.005737641000450822
L: 0.50, u_super: 0.00867, sec: 498.936, prod: 0.196185, t_ads: 22.5, t_des: 20.9, bed_util_ads: 0.496, bed_util_des: 0.495, des_th: 0.4954564599719811,frac_lost: 0.106, li_recovered:  8.528, time: 0.007682981999096228
L: 0.50, u_super: 0.00267, sec: 144.252, prod: 0.059318, t_ads: 72.2, t_des: 63.4, bed_util_ads: 0.499, bed_util_des: 0.499, des_th: 0.4988248400929763,frac_lost: 0.103, li_recovered:  8.045, time: 0.004875614000411588
L: 0.50, u_super: 0.00109, sec: 59.413, prod: 0.023653, t_ads: 173.2, t_des: 165.2, bed_util_ads: 0.479, bed_util_des: 0.478, des_th: 0.4781679029027403,frac_lost: 0.105, li_recovered:  8.004, time: 0.006679395999526605
L: 26.12, u_super: 0.00075 — INFEASIBLE (li_recovered=0.000e+00), time: 0.0015582410014758352
L: 0.50, u_super: 0.00005 — INFEASIBLE (li_recovered=0.000e+00), time: 0.0011043310005334206
L: 0.50, u_super: 0.00847, sec: 487.139, prod: 0.191308, t_ads: 23.1, t_des: 21.7, bed_util_ads: 0.494, bed_util_des: 0.494, des_th: 0.49380700437530634,frac_lost: 0.106, li_recovered:  8.562, time: 0.006426244000977022
L: 0.50, u_super: 0.00686, sec: 386.173, prod: 0.154923, t_ads: 28.5, t_des: 25.9, bed_util_ads: 0.499, bed_util_des: 0.499, des_th: 0.49874796695891505,frac_lost: 0.108, li_recovered:  8.432, time: 0.009277859000576427
L: 0.50, u_super: 0.00646, sec: 384.812, prod: 0.137098, t_ads: 30.4, t_des: 33.0, bed_util_ads: 0.476, bed_util_des: 0.475, des_th: 0.47515008767000905,frac_lost: 0.109, li_recovered:  8.686, time: 0.011145890999614494
L: 78.00, u_super: 0.00514 — INFEASIBLE (li_recovered=0.000e+00), time: 0.0017004569999699015
L: 0.50, u_super: 0.00086, sec: 48.315, prod: 0.017840, t_ads: 218.5, t_des: 232.6, bed_util_ads: 0.461, bed_util_des: 0.458, des_th: 0.4582353618993674,frac_lost: 0.102, li_recovered:  8.048, time: 0.00810700799956976
L: 0.50, u_super: 0.00238, sec: 129.108, prod: 0.052599, t_ads: 81.1, t_des: 70.3, bed_util_ads: 0.500, bed_util_des: 0.500, des_th: 0.499838341403311,frac_lost: 0.106, li_recovered:  7.964, time: 0.009334058000604273
L: 0.50, u_super: 0.00339, sec: 183.737, prod: 0.075820, t_ads: 57.4, t_des: 51.2, bed_util_ads: 0.499, bed_util_des: 0.499, des_th: 0.4986361258959578,frac_lost: 0.107, li_recovered:  8.231, time: 0.007970555998326745
L: 0.50, u_super: 0.00173, sec: 93.406, prod: 0.037911, t_ads: 110.3, t_des: 97.0, bed_util_ads: 0.495, bed_util_des: 0.494, des_th: 0.494210324715439,frac_lost: 0.101, li_recovered:  7.857, time: 0.005909818999498384
L: 0.50, u_super: 0.00788, sec: 447.562, prod: 0.178871, t_ads: 24.6, t_des: 22.8, bed_util_ads: 0.497, bed_util_des: 0.497, des_th: 0.4969856910776213,frac_lost: 0.100, li_recovered:  8.477, time: 0.005529266001758515
   400 |    16000 |     40 |  0.0021863611 |             f
L: 0.50, u_super: 0.00397, sec: 215.815, prod: 0.089203, t_ads: 48.9, t_des: 44.3, bed_util_ads: 0.497, bed_util_des: 0.497, des_th: 0.4966551150687041,frac_lost: 0.104, li_recovered:  8.320, time: 0.005315493999660248
L: 0.50, u_super: 0.00562, sec: 310.988, prod: 0.126858, t_ads: 34.6, t_des: 31.0, bed_util_ads: 0.500, bed_util_des: 0.500, des_th: 0.49982536094706126,frac_lost: 0.103, li_recovered:  8.315, time: 0.005972340999505832
L: 40.12, u_super: 0.00713 — INFEASIBLE (li_recovered=0.000e+00), time: 0.0015532689994870452
L: 0.50, u_super: 0.00117, sec: 63.506, prod: 0.025394, t_ads: 162.1, t_des: 155.7, bed_util_ads: 0.479, bed_util_des: 0.478, des_th: 0.4781679029027403,frac_lost: 0.104, li_recovered:  8.069, time: 0.005053019998740638
L: 0.50, u_super: 0.00204, sec: 110.617, prod: 0.044814, t_ads: 93.9, t_des: 81.2, bed_util_ads: 0.498, bed_util_des: 0.498, des_th: 0.49779722276746924,frac_lost: 0.102, li_recovered:  7.846, time: 0.005782133999673533
L: 48.80, u_super: 0.00512 — INFEASIBLE (li_recovered=0.000e+00), time: 0.0010018470002250979
L: 31.85, u_super: 0.00724, sec: 41134.515, prod: 0.103734, t_ads: 1508.0, t_des: 2527.7, bed_util_ads: 0.308, bed_util_des: 0.266, des_th: 0.26568240119878256,frac_lost: 0.101, li_recovered:  418.635, time: 0.006612137000047369
L: 0.50, u_super: 0.00937, sec: 584.001, prod: 0.197530, t_ads: 20.9, t_des: 23.3, bed_util_ads: 0.473, bed_util_des: 0.472, des_th: 0.4724890767109686,frac_lost: 0.105, li_recovered:  8.713, time: 0.006050140000297688
L: 0.50, u_super: 0.00739, sec: 418.869, prod: 0.166761, t_ads: 26.6, t_des: 24.3, bed_util_ads: 0.497, bed_util_des: 0.497, des_th: 0.49678136182221266,frac_lost: 0.109, li_recovered:  8.485, time: 0.005403230999945663
L: 0.50, u_super: 0.00987, sec: 574.162, prod: 0.223879, t_ads: 19.8, t_des: 18.0, bed_util_ads: 0.499, bed_util_des: 0.499, des_th: 0.4986444753620443,frac_lost: 0.103, li_recovered:  8.447, time: 0.005657878000420169
L: 0.50, u_super: 0.00109, sec: 59.405, prod: 0.023656, t_ads: 173.5, t_des: 163.4, bed_util_ads: 0.481, bed_util_des: 0.480, des_th: 0.48027705282022537,frac_lost: 0.106, li_recovered:  7.968, time: 0.004566780000459403
L: 0.50, u_super: 0.00260, sec: 140.288, prod: 0.057649, t_ads: 74.3, t_des: 65.2, bed_util_ads: 0.498, bed_util_des: 0.498, des_th: 0.49768429732538616,frac_lost: 0.104, li_recovered:  8.044, time: 0.004648015999919153
L: 15.71, u_super: 0.00983 — INFEASIBLE (li_recovered=0.000e+00), time: 0.002027782000368461
L: 0.50, u_super: 0.00456, sec: 250.018, prod: 0.102700, t_ads: 42.7, t_des: 38.5, bed_util_ads: 0.498, bed_util_des: 0.498, des_th: 0.49791324771715323,frac_lost: 0.106, li_recovered:  8.335, time: 0.005277435000607511
L: 0.50, u_super: 0.00227, sec: 122.129, prod: 0.050435, t_ads: 84.9, t_des: 76.4, bed_util_ads: 0.495, bed_util_des: 0.494, des_th: 0.49415321937336376,frac_lost: 0.105, li_recovered:  8.135, time: 0.0049686629990901565
L: 0.50, u_super: 0.00771, sec: 639.694, prod: 0.119562, t_ads: 25.3, t_des: 47.6, bed_util_ads: 0.408, bed_util_des: 0.407, des_th: 0.4068634247462696,frac_lost: 0.104, li_recovered:  8.723, time: 0.008255380000264267
L: 0.50, u_super: 0.00498, sec: 273.706, prod: 0.112211, t_ads: 39.0, t_des: 34.9, bed_util_ads: 0.500, bed_util_des: 0.499, des_th: 0.49942132725883337,frac_lost: 0.103, li_recovered:  8.289, time: 0.005167727000298328
L: 0.50, u_super: 0.00027, sec: 23.897, prod: 0.003665, t_ads: 681.4, t_des: 1458.0, bed_util_ads: 0.337, bed_util_des: 0.306, des_th: 0.30619907300329735,frac_lost: 0.105, li_recovered:  7.842, time: 0.009868626999377739
L: 45.38, u_super: 0.00719 — INFEASIBLE (li_recovered=0.000e+00), time: 0.0013330869987839833
L: 0.50, u_super: 0.00178, sec: 95.801, prod: 0.039443, t_ads: 107.3, t_des: 98.5, bed_util_ads: 0.490, bed_util_des: 0.489, des_th: 0.48944489229971166,frac_lost: 0.103, li_recovered:  8.117, time: 0.00825814900053956
L: 0.50, u_super: 0.00238, sec: 129.053, prod: 0.052478, t_ads: 81.2, t_des: 70.2, bed_util_ads: 0.500, bed_util_des: 0.499, des_th: 0.4994289311191899,frac_lost: 0.106, li_recovered:  7.945, time: 0.00862126299944066
L: 0.50, u_super: 0.00293, sec: 158.301, prod: 0.065517, t_ads: 65.7, t_des: 58.4, bed_util_ads: 0.498, bed_util_des: 0.498, des_th: 0.4977093305527241,frac_lost: 0.102, li_recovered:  8.134, time: 0.0050860150004155
L: 0.50, u_super: 0.00753, sec: 426.704, prod: 0.170189, t_ads: 26.0, t_des: 23.3, bed_util_ads: 0.500, bed_util_des: 0.499, des_th: 0.49942601074457166,frac_lost: 0.106, li_recovered:  8.384, time: 0.004963526998835732
L: 0.50, u_super: 0.00389, sec: 211.694, prod: 0.087256, t_ads: 50.0, t_des: 44.7, bed_util_ads: 0.499, bed_util_des: 0.499, des_th: 0.4986636282367331,frac_lost: 0.106, li_recovered:  8.261, time: 0.005991232001179014
L: 0.50, u_super: 0.00559, sec: 309.417, prod: 0.126378, t_ads: 34.7, t_des: 32.2, bed_util_ads: 0.495, bed_util_des: 0.494, des_th: 0.49439496069756006,frac_lost: 0.102, li_recovered:  8.459, time: 0.005128950000653276
L: 0.50, u_super: 0.00185, sec: 101.817, prod: 0.039949, t_ads: 104.4, t_des: 106.2, bed_util_ads: 0.477, bed_util_des: 0.476, des_th: 0.4756634448001149,frac_lost: 0.108, li_recovered:  8.414, time: 0.004561122999803047
L: 0.50, u_super: 0.00052 — INFEASIBLE (li_recovered=0.000e+00), time: 0.0029382760003500152
L: 0.50, u_super: 0.00793, sec: 452.111, prod: 0.179016, t_ads: 24.8, t_des: 22.7, bed_util_ads: 0.498, bed_util_des: 0.498, des_th: 0.49793748268738713,frac_lost: 0.109, li_recovered:  8.491, time: 0.005795040999146295
L: 0.50, u_super: 0.00613, sec: 341.336, prod: 0.138761, t_ads: 31.6, t_des: 28.3, bed_util_ads: 0.500, bed_util_des: 0.499, des_th: 0.4994230126384655,frac_lost: 0.101, li_recovered:  8.318, time: 0.005316683998898952
L: 0.50, u_super: 0.00005, sec: 4.328, prod: 0.000669, t_ads: 3447.0, t_des: 5946.3, bed_util_ads: 0.251, bed_util_des: 0.182, des_th: 0.1822158846947358,frac_lost: 0.101, li_recovered:  6.283, time: 0.0053988050003681565
L: 0.50, u_super: 0.00925, sec: 534.949, prod: 0.209620, t_ads: 21.1, t_des: 19.4, bed_util_ads: 0.498, bed_util_des: 0.498, des_th: 0.4977151419270284,frac_lost: 0.105, li_recovered:  8.486, time: 0.0054202120008994825
L: 0.50, u_super: 0.00911, sec: 526.482, prod: 0.206359, t_ads: 21.4, t_des: 19.9, bed_util_ads: 0.497, bed_util_des: 0.497, des_th: 0.49690979238356314,frac_lost: 0.105, li_recovered:  8.523, time: 0.006240909999178257
L: 0.50, u_super: 0.00867, sec: 498.215, prod: 0.196468, t_ads: 22.5, t_des: 20.5, bed_util_ads: 0.500, bed_util_des: 0.499, des_th: 0.49942601074457166,frac_lost: 0.106, li_recovered:  8.445, time: 0.0046999799997138325
L: 0.50, u_super: 0.00366, sec: 198.975, prod: 0.081884, t_ads: 53.1, t_des: 46.9, bed_util_ads: 0.500, bed_util_des: 0.499, des_th: 0.4994458808726044,frac_lost: 0.106, li_recovered:  8.193, time: 0.0063850300011836225
L: 0.50, u_super: 0.00265, sec: 142.857, prod: 0.059138, t_ads: 72.6, t_des: 64.9, bed_util_ads: 0.497, bed_util_des: 0.497, des_th: 0.4969830526123354,frac_lost: 0.103, li_recovered:  8.132, time: 0.004710741999588208
L: 0.50, u_super: 0.00953, sec: 552.352, prod: 0.216011, t_ads: 20.5, t_des: 18.4, bed_util_ads: 0.500, bed_util_des: 0.500, des_th: 0.4996942492449645,frac_lost: 0.103, li_recovered:  8.391, time: 0.004791470000782283
L: 2.83, u_super: 0.00562 — INFEASIBLE (li_recovered=0.000e+00), time: 0.004164563999438542
L: 0.50, u_super: 0.00667, sec: 373.047, prod: 0.151027, t_ads: 29.1, t_des: 26.3, bed_util_ads: 0.498, bed_util_des: 0.498, des_th: 0.4981964976469546,frac_lost: 0.101, li_recovered:  8.364, time: 0.007738456000879523
L: 0.50, u_super: 0.00781, sec: 443.175, prod: 0.177130, t_ads: 24.9, t_des: 23.0, bed_util_ads: 0.497, bed_util_des: 0.497, des_th: 0.4969830526123354,frac_lost: 0.101, li_recovered:  8.475, time: 0.004762790000313544
L: 0.50, u_super: 0.00975, sec: 566.986, prod: 0.220880, t_ads: 20.1, t_des: 18.2, bed_util_ads: 0.500, bed_util_des: 0.499, des_th: 0.49942132725883337,frac_lost: 0.106, li_recovered:  8.449, time: 0.004515839000305277
   401 |    16040 |     40 |  0.0053058253 |             f
L: 0.50, u_super: 0.00371, sec: 201.665, prod: 0.082948, t_ads: 52.4, t_des: 46.3, bed_util_ads: 0.499, bed_util_des: 0.499, des_th: 0.49915087381706313,frac_lost: 0.106, li_recovered:  8.194, time: 0.005485907000547741
L: 0.50, u_super: 0.00456, sec: 250.249, prod: 0.102606, t_ads: 42.7, t_des: 38.0, bed_util_ads: 0.499, bed_util_des: 0.499, des_th: 0.49876418390635613,frac_lost: 0.106, li_recovered:  8.273, time: 0.006190944999616477
L: 0.50, u_super: 0.00173, sec: 93.283, prod: 0.037961, t_ads: 110.6, t_des: 108.0, bed_util_ads: 0.482, bed_util_des: 0.481, des_th: 0.4812914683703733,frac_lost: 0.102, li_recovered:  8.298, time: 0.006641234998824075
L: 0.50, u_super: 0.00294, sec: 162.473, prod: 0.064023, t_ads: 65.7, t_des: 67.6, bed_util_ads: 0.479, bed_util_des: 0.478, des_th: 0.4782082098926172,frac_lost: 0.102, li_recovered:  8.536, time: 0.0050302809995628195
L: 0.50, u_super: 0.00467, sec: 256.703, prod: 0.105010, t_ads: 41.8, t_des: 37.1, bed_util_ads: 0.500, bed_util_des: 0.500, des_th: 0.49976654745346644,frac_lost: 0.107, li_recovered:  8.282, time: 0.004905445999611402
L: 0.50, u_super: 0.00228, sec: 124.430, prod: 0.049978, t_ads: 84.6, t_des: 84.5, bed_util_ads: 0.481, bed_util_des: 0.480, des_th: 0.47995136889199563,frac_lost: 0.104, li_recovered:  8.447, time: 0.0052725009991263505
L: 0.50, u_super: 0.00493, sec: 271.554, prod: 0.110982, t_ads: 39.5, t_des: 35.1, bed_util_ads: 0.500, bed_util_des: 0.500, des_th: 0.49998695270953086,frac_lost: 0.106, li_recovered:  8.283, time: 0.004903025001112837
L: 12.48, u_super: 0.00005 — INFEASIBLE (li_recovered=0.000e+00), time: 0.0012124439999752212
L: 0.50, u_super: 0.00989, sec: 575.817, prod: 0.224403, t_ads: 19.7, t_des: 18.0, bed_util_ads: 0.499, bed_util_des: 0.499, des_th: 0.4993532309945111,frac_lost: 0.104, li_recovered:  8.460, time: 0.005866184999831603
L: 0.50, u_super: 0.00770, sec: 437.514, prod: 0.174020, t_ads: 25.4, t_des: 23.1, bed_util_ads: 0.499, bed_util_des: 0.499, des_th: 0.49853459328921784,frac_lost: 0.108, li_recovered:  8.439, time: 0.0049813010009529535
L: 0.50, u_super: 0.00137, sec: 74.464, prod: 0.029936, t_ads: 139.2, t_des: 134.3, bed_util_ads: 0.481, bed_util_des: 0.480, des_th: 0.47970869052012016,frac_lost: 0.107, li_recovered:  8.187, time: 0.006254824000279768
L: 0.50, u_super: 0.00293, sec: 157.830, prod: 0.065505, t_ads: 65.8, t_des: 59.2, bed_util_ads: 0.496, bed_util_des: 0.496, des_th: 0.4960226485794096,frac_lost: 0.102, li_recovered:  8.192, time: 0.0051053759998467285
L: 0.50, u_super: 0.00011, sec: 11.372, prod: 0.001144, t_ads: 1828.8, t_des: 5282.8, bed_util_ads: 0.256, bed_util_des: 0.180, des_th: 0.18025130337209658,frac_lost: 0.102, li_recovered:  8.132, time: 0.00973087099919212
L: 0.50, u_super: 0.00362, sec: 197.244, prod: 0.081073, t_ads: 53.7, t_des: 47.4, bed_util_ads: 0.500, bed_util_des: 0.500, des_th: 0.4999462066181083,frac_lost: 0.107, li_recovered:  8.191, time: 0.005235153999819886
L: 0.50, u_super: 0.00653, sec: 365.364, prod: 0.147839, t_ads: 29.7, t_des: 26.6, bed_util_ads: 0.500, bed_util_des: 0.500, des_th: 0.49958306708351863,frac_lost: 0.101, li_recovered:  8.317, time: 0.005548470999201527
L: 0.50, u_super: 0.00109, sec: 136.124, prod: 0.010324, t_ads: 177.4, t_des: 655.3, bed_util_ads: 0.315, bed_util_des: 0.302, des_th: 0.3023288335827175,frac_lost: 0.102, li_recovered:  8.596, time: 0.01151722899885499
L: 1.68, u_super: 0.00530, sec: 1033.101, prod: 0.113607, t_ads: 121.1, t_des: 100.7, bed_util_ads: 0.500, bed_util_des: 0.500, des_th: 0.49997408065162136,frac_lost: 0.106, li_recovered:  25.197, time: 0.004264801998942858
L: 0.50, u_super: 0.00100 — INFEASIBLE (li_recovered=0.000e+00), time: 0.003989651000665617
L: 0.50, u_super: 0.00507, sec: 278.904, prod: 0.114318, t_ads: 38.3, t_des: 34.2, bed_util_ads: 0.500, bed_util_des: 0.500, des_th: 0.4998399421994753,frac_lost: 0.102, li_recovered:  8.290, time: 0.005796961000669398
L: 0.50, u_super: 0.00793, sec: 450.498, prod: 0.179818, t_ads: 24.5, t_des: 22.3, bed_util_ads: 0.498, bed_util_des: 0.498, des_th: 0.49793748268738713,frac_lost: 0.102, li_recovered:  8.425, time: 0.005268633000014233
L: 0.50, u_super: 0.00066 — INFEASIBLE (li_recovered=0.000e+00), time: 0.002586850998341106
L: 0.50, u_super: 0.00677, sec: 380.698, prod: 0.152674, t_ads: 29.0, t_des: 26.3, bed_util_ads: 0.498, bed_util_des: 0.498, des_th: 0.4979087192931575,frac_lost: 0.109, li_recovered:  8.438, time: 0.0064822489985090215
L: 0.50, u_super: 0.00144, sec: 79.135, prod: 0.030873, t_ads: 132.9, t_des: 112.2, bed_util_ads: 0.498, bed_util_des: 0.498, des_th: 0.49794616592014207,frac_lost: 0.107, li_recovered:  7.566, time: 0.004804005999176297
L: 0.50, u_super: 0.00116, sec: 63.189, prod: 0.025176, t_ads: 163.1, t_des: 158.7, bed_util_ads: 0.478, bed_util_des: 0.477, des_th: 0.47688215698952696,frac_lost: 0.104, li_recovered:  8.101, time: 0.004056407000462059
L: 0.50, u_super: 0.00549, sec: 303.718, prod: 0.123944, t_ads: 35.4, t_des: 31.7, bed_util_ads: 0.500, bed_util_des: 0.500, des_th: 0.4999962111100366,frac_lost: 0.103, li_recovered:  8.310, time: 0.005496898000274086
L: 0.50, u_super: 0.00867, sec: 519.137, prod: 0.188550, t_ads: 22.5, t_des: 23.6, bed_util_ads: 0.481, bed_util_des: 0.481, des_th: 0.48053327048671013,frac_lost: 0.104, li_recovered:  8.696, time: 0.004548216998955468
L: 0.50, u_super: 0.00762, sec: 433.575, prod: 0.172028, t_ads: 25.7, t_des: 23.8, bed_util_ads: 0.496, bed_util_des: 0.495, des_th: 0.49542659514683857,frac_lost: 0.108, li_recovered:  8.521, time: 0.006437034000555286
L: 0.50, u_super: 0.00163, sec: 88.402, prod: 0.035678, t_ads: 117.1, t_des: 102.6, bed_util_ads: 0.495, bed_util_des: 0.494, des_th: 0.4942179352568661,frac_lost: 0.104, li_recovered:  7.841, time: 0.011562329000298632
L: 0.50, u_super: 0.00587, sec: 325.840, prod: 0.132759, t_ads: 33.0, t_des: 30.7, bed_util_ads: 0.496, bed_util_des: 0.495, des_th: 0.4953229146811943,frac_lost: 0.102, li_recovered:  8.467, time: 0.0076188049988559214
L: 0.50, u_super: 0.00265, sec: 143.010, prod: 0.058866, t_ads: 72.8, t_des: 64.1, bed_util_ads: 0.498, bed_util_des: 0.498, des_th: 0.49764225658556094,frac_lost: 0.103, li_recovered:  8.056, time: 0.0076589110012719175
L: 0.50, u_super: 0.00175, sec: 95.139, prod: 0.038347, t_ads: 108.9, t_des: 108.6, bed_util_ads: 0.479, bed_util_des: 0.478, des_th: 0.4779542366287072,frac_lost: 0.101, li_recovered:  8.340, time: 0.00749501800055441
L: 0.50, u_super: 0.00505, sec: 277.820, prod: 0.114067, t_ads: 38.4, t_des: 34.7, bed_util_ads: 0.498, bed_util_des: 0.498, des_th: 0.498248027858095,frac_lost: 0.102, li_recovered:  8.337, time: 0.00672100900010264
L: 0.50, u_super: 0.00460, sec: 251.828, prod: 0.103498, t_ads: 42.3, t_des: 38.1, bed_util_ads: 0.498, bed_util_des: 0.498, des_th: 0.49791864111206213,frac_lost: 0.105, li_recovered:  8.325, time: 0.007398748999548843
L: 0.50, u_super: 0.00986, sec: 573.611, prod: 0.223745, t_ads: 19.8, t_des: 18.0, bed_util_ads: 0.500, bed_util_des: 0.499, des_th: 0.49942132725883337,frac_lost: 0.103, li_recovered:  8.459, time: 0.008843876999890199
L: 0.50, u_super: 0.00035 — INFEASIBLE (li_recovered=0.000e+00), time: 0.0037805049996677553
L: 0.50, u_super: 0.00493, sec: 301.767, prod: 0.099870, t_ads: 39.4, t_des: 47.3, bed_util_ads: 0.462, bed_util_des: 0.461, des_th: 0.4613878709020922,frac_lost: 0.102, li_recovered:  8.657, time: 0.00620856699970318
L: 0.50, u_super: 0.00022 — INFEASIBLE (li_recovered=0.000e+00), time: 0.003699036000398337
L: 0.50, u_super: 0.00805, sec: 459.137, prod: 0.182089, t_ads: 24.3, t_des: 21.8, bed_util_ads: 0.500, bed_util_des: 0.499, des_th: 0.49937567786811704,frac_lost: 0.106, li_recovered:  8.399, time: 0.007232452999232919
L: 0.50, u_super: 0.00879, sec: 506.074, prod: 0.199132, t_ads: 22.2, t_des: 20.2, bed_util_ads: 0.499, bed_util_des: 0.499, des_th: 0.4990024369367281,frac_lost: 0.106, li_recovered:  8.451, time: 0.0066359810007270426
L: 0.50, u_super: 0.00721, sec: 407.165, prod: 0.163048, t_ads: 27.1, t_des: 24.6, bed_util_ads: 0.498, bed_util_des: 0.498, des_th: 0.49813375798012244,frac_lost: 0.106, li_recovered:  8.435, time: 0.007518520000303397
   402 |    16080 |     40 |  0.0029232858 |             f
L: 0.50, u_super: 0.00493, sec: 271.188, prod: 0.110808, t_ads: 39.5, t_des: 34.9, bed_util_ads: 0.500, bed_util_des: 0.500, des_th: 0.4999580375531217,frac_lost: 0.104, li_recovered:  8.239, time: 0.005595079999693553
L: 0.50, u_super: 0.00921, sec: 532.590, prod: 0.208446, t_ads: 21.2, t_des: 19.7, bed_util_ads: 0.497, bed_util_des: 0.497, des_th: 0.49664427529436594,frac_lost: 0.105, li_recovered:  8.531, time: 0.0057738670002436265
L: 0.50, u_super: 0.00867, sec: 498.667, prod: 0.196321, t_ads: 22.6, t_des: 20.5, bed_util_ads: 0.500, bed_util_des: 0.499, des_th: 0.4994336564682803,frac_lost: 0.107, li_recovered:  8.452, time: 0.007104434000211768
L: 0.50, u_super: 0.00107 — INFEASIBLE (li_recovered=0.000e+00), time: 0.003544136001437437
L: 0.50, u_super: 0.00163, sec: 324.881, prod: 0.009741, t_ads: 119.9, t_des: 776.1, bed_util_ads: 0.263, bed_util_des: 0.251, des_th: 0.25085883601115744,frac_lost: 0.104, li_recovered:  8.728, time: 0.025337545999718714
L: 0.50, u_super: 0.00586, sec: 324.800, prod: 0.132428, t_ads: 33.1, t_des: 30.7, bed_util_ads: 0.495, bed_util_des: 0.495, des_th: 0.4952017072303182,frac_lost: 0.102, li_recovered:  8.455, time: 0.004169062000073609
L: 0.50, u_super: 0.00375, sec: 219.339, prod: 0.078374, t_ads: 51.7, t_des: 58.3, bed_util_ads: 0.469, bed_util_des: 0.468, des_th: 0.46853374789575725,frac_lost: 0.103, li_recovered:  8.616, time: 0.006406612999853678
L: 0.50, u_super: 0.00909, sec: 524.933, prod: 0.205806, t_ads: 21.5, t_des: 19.8, bed_util_ads: 0.497, bed_util_des: 0.497, des_th: 0.4968101252164431,frac_lost: 0.106, li_recovered:  8.493, time: 0.006728725000357372
L: 0.50, u_super: 0.00548, sec: 302.576, prod: 0.123668, t_ads: 35.4, t_des: 31.7, bed_util_ads: 0.500, bed_util_des: 0.500, des_th: 0.4999962111100366,frac_lost: 0.102, li_recovered:  8.298, time: 0.005917698999837739
L: 0.50, u_super: 0.00594, sec: 329.847, prod: 0.134331, t_ads: 32.6, t_des: 29.2, bed_util_ads: 0.499, bed_util_des: 0.499, des_th: 0.49916501283460096,frac_lost: 0.100, li_recovered:  8.303, time: 0.004356760000518989
L: 0.50, u_super: 0.00469, sec: 270.491, prod: 0.100426, t_ads: 41.3, t_des: 44.7, bed_util_ads: 0.475, bed_util_des: 0.475, des_th: 0.4745955043685125,frac_lost: 0.102, li_recovered:  8.638, time: 0.005255784000837593
L: 0.50, u_super: 0.00990, sec: 578.139, prod: 0.223983, t_ads: 19.7, t_des: 18.6, bed_util_ads: 0.494, bed_util_des: 0.494, des_th: 0.4940820702582048,frac_lost: 0.103, li_recovered:  8.570, time: 0.004449748999832082
L: 43.32, u_super: 0.00805 — INFEASIBLE (li_recovered=0.000e+00), time: 0.0011622109996096697
L: 0.50, u_super: 0.00086 — INFEASIBLE (li_recovered=0.000e+00), time: 0.00243706800029031
L: 0.50, u_super: 0.00035, sec: 29.251, prod: 0.004810, t_ads: 537.6, t_des: 1110.8, bed_util_ads: 0.351, bed_util_des: 0.327, des_th: 0.32744751286493956,frac_lost: 0.103, li_recovered:  7.929, time: 0.011545077999471687
L: 0.50, u_super: 0.00303, sec: 163.958, prod: 0.067497, t_ads: 63.7, t_des: 56.0, bed_util_ads: 0.500, bed_util_des: 0.499, des_th: 0.49942601074457166,frac_lost: 0.103, li_recovered:  8.080, time: 0.00922023699968122
L: 10.73, u_super: 0.00324 — INFEASIBLE (li_recovered=0.000e+00), time: 0.001696875000561704
L: 0.50, u_super: 0.00713, sec: 402.620, prod: 0.160883, t_ads: 27.5, t_des: 25.2, bed_util_ads: 0.498, bed_util_des: 0.498, des_th: 0.4981673849470139,frac_lost: 0.109, li_recovered:  8.474, time: 0.006604840998988948
L: 0.50, u_super: 0.00185, sec: 101.091, prod: 0.040236, t_ads: 103.3, t_des: 105.2, bed_util_ads: 0.477, bed_util_des: 0.476, des_th: 0.4758244888048146,frac_lost: 0.100, li_recovered:  8.390, time: 0.007764869000311592
L: 0.50, u_super: 0.00892, sec: 577.973, prod: 0.179815, t_ads: 21.8, t_des: 26.6, bed_util_ads: 0.462, bed_util_des: 0.462, des_th: 0.462054498148962,frac_lost: 0.103, li_recovered:  8.711, time: 0.009261709999918821
L: 0.50, u_super: 0.00746, sec: 458.255, prod: 0.155496, t_ads: 26.2, t_des: 29.7, bed_util_ads: 0.470, bed_util_des: 0.470, des_th: 0.4700238178015581,frac_lost: 0.107, li_recovered:  8.699, time: 0.008379805998629308
L: 0.50, u_super: 0.00491, sec: 269.937, prod: 0.110725, t_ads: 39.5, t_des: 35.4, bed_util_ads: 0.500, bed_util_des: 0.500, des_th: 0.49971517167417084,frac_lost: 0.103, li_recovered:  8.295, time: 0.011731198001143639
L: 14.33, u_super: 0.00601 — INFEASIBLE (li_recovered=0.000e+00), time: 0.0034375750001345295
L: 0.50, u_super: 0.00265, sec: 142.711, prod: 0.058990, t_ads: 72.8, t_des: 69.4, bed_util_ads: 0.489, bed_util_des: 0.488, des_th: 0.48798401207042774,frac_lost: 0.102, li_recovered:  8.389, time: 0.008093554000879521
L: 0.50, u_super: 0.00068 — INFEASIBLE (li_recovered=0.000e+00), time: 0.00363210100113065
L: 0.50, u_super: 0.00293, sec: 159.375, prod: 0.065076, t_ads: 65.9, t_des: 64.2, bed_util_ads: 0.486, bed_util_des: 0.486, des_th: 0.4859141685548069,frac_lost: 0.104, li_recovered:  8.472, time: 0.007355568999628304
L: 0.50, u_super: 0.00716, sec: 403.032, prod: 0.162311, t_ads: 27.1, t_des: 24.4, bed_util_ads: 0.500, bed_util_des: 0.499, des_th: 0.4994282957227815,frac_lost: 0.101, li_recovered:  8.364, time: 0.005926317000557901
L: 0.50, u_super: 0.00894, sec: 515.810, prod: 0.202273, t_ads: 21.9, t_des: 20.1, bed_util_ads: 0.498, bed_util_des: 0.498, des_th: 0.49768429732538616,frac_lost: 0.107, li_recovered:  8.501, time: 0.005369570999391726
L: 0.50, u_super: 0.00541, sec: 299.042, prod: 0.121966, t_ads: 35.8, t_des: 31.8, bed_util_ads: 0.500, bed_util_des: 0.500, des_th: 0.49992326860841757,frac_lost: 0.101, li_recovered:  8.243, time: 0.006678884001303231
L: 0.50, u_super: 0.00233, sec: 133.214, prod: 0.048927, t_ads: 82.5, t_des: 91.5, bed_util_ads: 0.468, bed_util_des: 0.466, des_th: 0.4663413495446888,frac_lost: 0.102, li_recovered:  8.513, time: 0.005492677999427542
L: 0.50, u_super: 0.00185, sec: 112.740, prod: 0.036079, t_ads: 104.4, t_des: 130.8, bed_util_ads: 0.451, bed_util_des: 0.449, des_th: 0.4488655187499113,frac_lost: 0.106, li_recovered:  8.484, time: 0.005689878000339377
L: 0.50, u_super: 0.00005, sec: 4.454, prod: 0.000650, t_ads: 3064.4, t_des: 4692.3, bed_util_ads: 0.255, bed_util_des: 0.205, des_th: 0.20573425070290344,frac_lost: 0.100, li_recovered:  5.042, time: 0.004869917000178248
L: 7.83, u_super: 0.00867, sec: 11110.713, prod: 0.137913, t_ads: 338.7, t_des: 575.2, bed_util_ads: 0.391, bed_util_des: 0.378, des_th: 0.37858647229853687,frac_lost: 0.102, li_recovered:  126.033, time: 0.006444820999604417
L: 0.50, u_super: 0.00587, sec: 326.943, prod: 0.132311, t_ads: 33.3, t_des: 30.6, bed_util_ads: 0.497, bed_util_des: 0.496, des_th: 0.496469355179272,frac_lost: 0.109, li_recovered:  8.466, time: 0.0042849920009757625
L: 37.17, u_super: 0.00743 — INFEASIBLE (li_recovered=0.000e+00), time: 0.0020350939994386863
L: 0.50, u_super: 0.00266, sec: 143.423, prod: 0.059058, t_ads: 72.6, t_des: 63.9, bed_util_ads: 0.498, bed_util_des: 0.498, des_th: 0.49764225658556094,frac_lost: 0.103, li_recovered:  8.058, time: 0.004633145999832777
L: 0.50, u_super: 0.00088, sec: 48.215, prod: 0.018745, t_ads: 213.5, t_des: 208.2, bed_util_ads: 0.473, bed_util_des: 0.471, des_th: 0.47155728742733427,frac_lost: 0.104, li_recovered:  7.905, time: 0.004722290001154761
L: 14.87, u_super: 0.00249 — INFEASIBLE (li_recovered=0.000e+00), time: 0.0010167269992962247
L: 0.50, u_super: 0.00185, sec: 101.825, prod: 0.039946, t_ads: 104.4, t_des: 106.2, bed_util_ads: 0.477, bed_util_des: 0.476, des_th: 0.4756634448001149,frac_lost: 0.108, li_recovered:  8.414, time: 0.005994478000502568
L: 0.50, u_super: 0.00580, sec: 374.874, prod: 0.112372, t_ads: 33.8, t_des: 43.5, bed_util_ads: 0.454, bed_util_des: 0.453, des_th: 0.4529184661948256,frac_lost: 0.107, li_recovered:  8.686, time: 0.00571586400110391
   403 |    16120 |     40 |  0.0014782262 |             f
L: 0.50, u_super: 0.00431, sec: 235.067, prod: 0.096882, t_ads: 45.1, t_des: 40.8, bed_util_ads: 0.498, bed_util_des: 0.498, des_th: 0.49796527512696753,frac_lost: 0.105, li_recovered:  8.327, time: 0.004439244001332554
L: 0.50, u_super: 0.00754, sec: 428.004, prod: 0.170371, t_ads: 26.0, t_des: 23.5, bed_util_ads: 0.500, bed_util_des: 0.499, des_th: 0.49942601074457166,frac_lost: 0.109, li_recovered:  8.431, time: 0.005904149998968933
L: 0.50, u_super: 0.00071, sec: 45.969, prod: 0.012887, t_ads: 263.4, t_des: 363.5, bed_util_ads: 0.424, bed_util_des: 0.417, des_th: 0.4168079833105609,frac_lost: 0.101, li_recovered:  8.078, time: 0.010009298999648308
L: 0.50, u_super: 0.00990, sec: 576.941, prod: 0.224449, t_ads: 19.7, t_des: 17.9, bed_util_ads: 0.500, bed_util_des: 0.499, des_th: 0.49942132725883337,frac_lost: 0.105, li_recovered:  8.455, time: 0.00586950899923977
L: 48.73, u_super: 0.00497 — INFEASIBLE (li_recovered=0.000e+00), time: 0.0013601449991256231
L: 0.50, u_super: 0.00267, sec: 144.653, prod: 0.059154, t_ads: 72.3, t_des: 70.5, bed_util_ads: 0.485, bed_util_des: 0.485, des_th: 0.4845998977090929,frac_lost: 0.103, li_recovered:  8.446, time: 0.008055599999352125
L: 0.50, u_super: 0.00906, sec: 525.491, prod: 0.204286, t_ads: 21.6, t_des: 20.5, bed_util_ads: 0.494, bed_util_des: 0.494, des_th: 0.494174873585916,frac_lost: 0.106, li_recovered:  8.589, time: 0.006613603998630424
L: 0.50, u_super: 0.00371, sec: 201.804, prod: 0.082891, t_ads: 52.5, t_des: 46.4, bed_util_ads: 0.499, bed_util_des: 0.499, des_th: 0.49915087381706313,frac_lost: 0.107, li_recovered:  8.198, time: 0.006257561999518657
L: 0.50, u_super: 0.00005, sec: 5.740, prod: 0.000504, t_ads: 2263.8, t_des: 2709.4, bed_util_ads: 0.256, bed_util_des: 0.238, des_th: 0.2387781818914685,frac_lost: 0.100, li_recovered:  2.508, time: 0.004649200000130804
L: 0.50, u_super: 0.00407, sec: 222.187, prod: 0.091231, t_ads: 47.7, t_des: 42.0, bed_util_ads: 0.500, bed_util_des: 0.500, des_th: 0.49976654745346644,frac_lost: 0.104, li_recovered:  8.186, time: 0.006527763000121922
L: 0.50, u_super: 0.00261, sec: 141.182, prod: 0.057819, t_ads: 73.8, t_des: 72.2, bed_util_ads: 0.486, bed_util_des: 0.485, des_th: 0.4851320339878112,frac_lost: 0.101, li_recovered:  8.439, time: 0.0048946339993563015
L: 0.50, u_super: 0.00868, sec: 499.055, prod: 0.196316, t_ads: 22.6, t_des: 20.4, bed_util_ads: 0.500, bed_util_des: 0.499, des_th: 0.49942601074457166,frac_lost: 0.108, li_recovered:  8.446, time: 0.00669745300001523
L: 0.50, u_super: 0.00187, sec: 101.623, prod: 0.040700, t_ads: 102.3, t_des: 87.5, bed_util_ads: 0.499, bed_util_des: 0.499, des_th: 0.4990926681984407,frac_lost: 0.101, li_recovered:  7.726, time: 0.005440094999357825
L: 0.50, u_super: 0.00975, sec: 566.932, prod: 0.220901, t_ads: 20.1, t_des: 18.2, bed_util_ads: 0.500, bed_util_des: 0.499, des_th: 0.49942132725883337,frac_lost: 0.105, li_recovered:  8.445, time: 0.007174893999035703
L: 10.83, u_super: 0.00158 — INFEASIBLE (li_recovered=0.000e+00), time: 0.002046728001005249
L: 0.50, u_super: 0.00303, sec: 164.001, prod: 0.067479, t_ads: 63.7, t_des: 55.9, bed_util_ads: 0.499, bed_util_des: 0.499, des_th: 0.4985644101673859,frac_lost: 0.102, li_recovered:  8.072, time: 0.008052793999013375
L: 0.50, u_super: 0.00019 — INFEASIBLE (li_recovered=0.000e+00), time: 0.003156810998916626
L: 0.50, u_super: 0.00139, sec: 77.507, prod: 0.029441, t_ads: 137.5, t_des: 112.9, bed_util_ads: 0.500, bed_util_des: 0.500, des_th: 0.4999594667471092,frac_lost: 0.108, li_recovered:  7.373, time: 0.006869618000564515
L: 0.50, u_super: 0.00933, sec: 540.038, prod: 0.211273, t_ads: 21.0, t_des: 19.3, bed_util_ads: 0.497, bed_util_des: 0.497, des_th: 0.49693155720140064,frac_lost: 0.105, li_recovered:  8.495, time: 0.006321892000414664
L: 0.50, u_super: 0.00035, sec: 43.828, prod: 0.003210, t_ads: 555.7, t_des: 2063.7, bed_util_ads: 0.287, bed_util_des: 0.250, des_th: 0.24970793541341457,frac_lost: 0.101, li_recovered:  8.409, time: 0.019588541999837616
L: 0.50, u_super: 0.00933, sec: 540.011, prod: 0.211284, t_ads: 21.0, t_des: 19.2, bed_util_ads: 0.499, bed_util_des: 0.499, des_th: 0.49855915024801134,frac_lost: 0.106, li_recovered:  8.483, time: 0.005551583999476861
L: 0.50, u_super: 0.00272, sec: 147.457, prod: 0.060331, t_ads: 70.8, t_des: 61.5, bed_util_ads: 0.500, bed_util_des: 0.499, des_th: 0.49942601074457166,frac_lost: 0.103, li_recovered:  7.987, time: 0.005038913999669603
L: 0.50, u_super: 0.00362, sec: 196.896, prod: 0.081216, t_ads: 53.2, t_des: 46.9, bed_util_ads: 0.500, bed_util_des: 0.500, des_th: 0.4999462066181083,frac_lost: 0.100, li_recovered:  8.132, time: 0.006955423999897903
L: 39.89, u_super: 0.00420 — INFEASIBLE (li_recovered=0.000e+00), time: 0.0011320129997329786
L: 46.14, u_super: 0.00090 — INFEASIBLE (li_recovered=0.000e+00), time: 0.0008095089997368632
L: 0.50, u_super: 0.00175, sec: 96.198, prod: 0.037956, t_ads: 108.9, t_des: 91.7, bed_util_ads: 0.500, bed_util_des: 0.499, des_th: 0.4994008252861889,frac_lost: 0.102, li_recovered:  7.612, time: 0.007046856000670232
L: 0.50, u_super: 0.00805, sec: 459.458, prod: 0.182122, t_ads: 24.3, t_des: 22.1, bed_util_ads: 0.499, bed_util_des: 0.499, des_th: 0.4989688099699568,frac_lost: 0.107, li_recovered:  8.446, time: 0.0074285439986852
L: 67.17, u_super: 0.00184 — INFEASIBLE (li_recovered=0.000e+00), time: 0.000915021000764682
L: 0.50, u_super: 0.00137, sec: 74.464, prod: 0.029936, t_ads: 139.2, t_des: 134.3, bed_util_ads: 0.481, bed_util_des: 0.480, des_th: 0.47970869052012016,frac_lost: 0.107, li_recovered:  8.187, time: 0.004968973000359256
L: 0.50, u_super: 0.00549, sec: 303.587, prod: 0.123998, t_ads: 35.4, t_des: 31.7, bed_util_ads: 0.500, bed_util_des: 0.499, des_th: 0.4995255964207001,frac_lost: 0.103, li_recovered:  8.315, time: 0.007153792999815778
L: 0.50, u_super: 0.00989, sec: 576.351, prod: 0.224415, t_ads: 19.7, t_des: 17.9, bed_util_ads: 0.500, bed_util_des: 0.499, des_th: 0.49942132725883337,frac_lost: 0.105, li_recovered:  8.453, time: 0.006183990999488742
L: 0.50, u_super: 0.00789, sec: 450.592, prod: 0.177802, t_ads: 24.8, t_des: 23.3, bed_util_ads: 0.494, bed_util_des: 0.494, des_th: 0.49415321937336376,frac_lost: 0.108, li_recovered:  8.554, time: 0.007876653000494116
L: 72.14, u_super: 0.00431 — INFEASIBLE (li_recovered=0.000e+00), time: 0.0017748009995557368
L: 0.50, u_super: 0.00705, sec: 396.429, prod: 0.159781, t_ads: 27.5, t_des: 24.9, bed_util_ads: 0.498, bed_util_des: 0.498, des_th: 0.4981673849470139,frac_lost: 0.101, li_recovered:  8.379, time: 0.008704401001523365
L: 0.50, u_super: 0.00185, sec: 100.395, prod: 0.040515, t_ads: 103.2, t_des: 89.3, bed_util_ads: 0.497, bed_util_des: 0.497, des_th: 0.4971295679137401,frac_lost: 0.101, li_recovered:  7.800, time: 0.009885515999485506
L: 0.50, u_super: 0.00755, sec: 3782.495, prod: 0.019299, t_ads: 25.9, t_des: 429.0, bed_util_ads: 0.189, bed_util_des: 0.185, des_th: 0.1851696623157332,frac_lost: 0.102, li_recovered:  8.780, time: 0.07351192200076184
L: 0.50, u_super: 0.00552, sec: 315.125, prod: 0.120769, t_ads: 35.1, t_des: 36.5, bed_util_ads: 0.481, bed_util_des: 0.480, des_th: 0.48027705282022537,frac_lost: 0.101, li_recovered:  8.643, time: 0.01238966100027028
L: 0.50, u_super: 0.00362, sec: 197.063, prod: 0.081148, t_ads: 53.6, t_des: 47.4, bed_util_ads: 0.500, bed_util_des: 0.500, des_th: 0.4997939554830701,frac_lost: 0.106, li_recovered:  8.195, time: 0.008829504999084747
L: 0.50, u_super: 0.00371, sec: 201.745, prod: 0.082915, t_ads: 52.5, t_des: 46.3, bed_util_ads: 0.500, bed_util_des: 0.499, des_th: 0.4994154075551287,frac_lost: 0.106, li_recovered:  8.189, time: 0.008774800000537653
L: 0.50, u_super: 0.00867, sec: 498.475, prod: 0.196366, t_ads: 22.6, t_des: 20.5, bed_util_ads: 0.499, bed_util_des: 0.499, des_th: 0.49916147700650604,frac_lost: 0.107, li_recovered:  8.450, time: 0.008395037999434862
   404 |    16160 |     40 |  0.0028276130 |             f
L: 4.40, u_super: 0.00990 — INFEASIBLE (li_recovered=0.000e+00), time: 0.004283020998627762
L: 0.50, u_super: 0.00918, sec: 532.034, prod: 0.207336, t_ads: 21.3, t_des: 20.0, bed_util_ads: 0.494, bed_util_des: 0.494, des_th: 0.49415321937336376,frac_lost: 0.106, li_recovered:  8.564, time: 0.005154492999281501
L: 0.50, u_super: 0.00007 — INFEASIBLE (li_recovered=0.000e+00), time: 0.0014882049999869196
L: 0.50, u_super: 0.00879, sec: 505.662, prod: 0.199294, t_ads: 22.2, t_des: 20.1, bed_util_ads: 0.499, bed_util_des: 0.499, des_th: 0.4989885341321781,frac_lost: 0.105, li_recovered:  8.439, time: 0.005270489999020356
L: 10.50, u_super: 0.00595 — INFEASIBLE (li_recovered=0.000e+00), time: 0.0021798510006192373
L: 0.50, u_super: 0.00238, sec: 128.317, prod: 0.053041, t_ads: 80.9, t_des: 72.8, bed_util_ads: 0.495, bed_util_des: 0.494, des_th: 0.4941228060986356,frac_lost: 0.105, li_recovered:  8.151, time: 0.005523383000763715
L: 0.50, u_super: 0.00071, sec: 69.569, prod: 0.008515, t_ads: 270.6, t_des: 717.0, bed_util_ads: 0.345, bed_util_des: 0.329, des_th: 0.32877120556363515,frac_lost: 0.104, li_recovered:  8.409, time: 0.010630120999849169
L: 0.50, u_super: 0.00799, sec: 454.302, prod: 0.181048, t_ads: 24.4, t_des: 22.0, bed_util_ads: 0.499, bed_util_des: 0.499, des_th: 0.49896977212289556,frac_lost: 0.102, li_recovered:  8.386, time: 0.006111325999881956
L: 0.50, u_super: 0.00293, sec: 158.700, prod: 0.065353, t_ads: 65.7, t_des: 57.7, bed_util_ads: 0.499, bed_util_des: 0.499, des_th: 0.4990869200979699,frac_lost: 0.102, li_recovered:  8.070, time: 0.005515283999557141
L: 0.50, u_super: 0.00471, sec: 258.332, prod: 0.105957, t_ads: 41.3, t_des: 36.8, bed_util_ads: 0.500, bed_util_des: 0.500, des_th: 0.499833794415877,frac_lost: 0.105, li_recovered:  8.279, time: 0.006437233998440206
L: 0.50, u_super: 0.00261, sec: 140.909, prod: 0.057931, t_ads: 74.0, t_des: 65.0, bed_util_ads: 0.499, bed_util_des: 0.498, des_th: 0.49840010996053674,frac_lost: 0.104, li_recovered:  8.053, time: 0.006302110999968136
L: 0.50, u_super: 0.00148, sec: 80.084, prod: 0.032223, t_ads: 129.8, t_des: 125.9, bed_util_ads: 0.481, bed_util_des: 0.480, des_th: 0.47970869052012016,frac_lost: 0.107, li_recovered:  8.240, time: 0.005544159999772091
L: 0.50, u_super: 0.00187, sec: 101.686, prod: 0.040675, t_ads: 102.5, t_des: 87.5, bed_util_ads: 0.499, bed_util_des: 0.499, des_th: 0.49900826040623164,frac_lost: 0.102, li_recovered:  7.726, time: 0.005881434000912122
L: 0.50, u_super: 0.00303, sec: 163.844, prod: 0.067544, t_ads: 63.7, t_des: 56.0, bed_util_ads: 0.498, bed_util_des: 0.498, des_th: 0.4982706443812112,frac_lost: 0.102, li_recovered:  8.086, time: 0.0048537780003243824
L: 0.50, u_super: 0.00725, sec: 408.579, prod: 0.164382, t_ads: 26.8, t_des: 24.2, bed_util_ads: 0.498, bed_util_des: 0.498, des_th: 0.49824405519211323,frac_lost: 0.101, li_recovered:  8.374, time: 0.004714533000878873
L: 0.50, u_super: 0.00866, sec: 498.752, prod: 0.195694, t_ads: 22.6, t_des: 20.9, bed_util_ads: 0.497, bed_util_des: 0.497, des_th: 0.49677758564075236,frac_lost: 0.108, li_recovered:  8.528, time: 0.0066045090006809914
L: 0.50, u_super: 0.00884, sec: 508.688, prod: 0.200210, t_ads: 22.1, t_des: 20.1, bed_util_ads: 0.500, bed_util_des: 0.500, des_th: 0.4998399421994753,frac_lost: 0.106, li_recovered:  8.443, time: 0.0068526360009855125
L: 0.50, u_super: 0.00036 — INFEASIBLE (li_recovered=0.000e+00), time: 0.002941168999313959
L: 0.50, u_super: 0.00227, sec: 122.099, prod: 0.050447, t_ads: 84.9, t_des: 76.6, bed_util_ads: 0.494, bed_util_des: 0.494, des_th: 0.4939673395850143,frac_lost: 0.105, li_recovered:  8.150, time: 0.005093822999697295
L: 6.88, u_super: 0.00909 — INFEASIBLE (li_recovered=0.000e+00), time: 0.0029204479997133603
L: 0.50, u_super: 0.00884, sec: 508.911, prod: 0.200006, t_ads: 22.2, t_des: 20.1, bed_util_ads: 0.500, bed_util_des: 0.499, des_th: 0.49942601074457166,frac_lost: 0.107, li_recovered:  8.453, time: 0.005201571999350563
L: 0.50, u_super: 0.00138, sec: 580.134, prod: 0.003865, t_ads: 142.5, t_des: 2135.2, bed_util_ads: 0.189, bed_util_des: 0.171, des_th: 0.17067151728938126,frac_lost: 0.100, li_recovered:  8.804, time: 0.03409331900002144
L: 0.50, u_super: 0.00677, sec: 379.155, prod: 0.153296, t_ads: 28.7, t_des: 26.0, bed_util_ads: 0.498, bed_util_des: 0.498, des_th: 0.4979226220966905,frac_lost: 0.101, li_recovered:  8.378, time: 0.008978100999229355
L: 14.39, u_super: 0.00493 — INFEASIBLE (li_recovered=0.000e+00), time: 0.0022379469992301892
L: 0.50, u_super: 0.00706, sec: 397.550, prod: 0.159969, t_ads: 27.5, t_des: 24.6, bed_util_ads: 0.500, bed_util_des: 0.500, des_th: 0.49996195583861225,frac_lost: 0.101, li_recovered:  8.331, time: 0.00767412300046999
L: 0.50, u_super: 0.00035 — INFEASIBLE (li_recovered=0.000e+00), time: 0.003609620000133873
L: 0.50, u_super: 0.00586, sec: 325.415, prod: 0.132535, t_ads: 33.2, t_des: 30.0, bed_util_ads: 0.499, bed_util_des: 0.499, des_th: 0.49864519859498674,frac_lost: 0.103, li_recovered:  8.372, time: 0.008179476000805153
L: 0.50, u_super: 0.00431, sec: 235.312, prod: 0.096780, t_ads: 45.2, t_des: 40.3, bed_util_ads: 0.499, bed_util_des: 0.499, des_th: 0.4990976515928624,frac_lost: 0.105, li_recovered:  8.270, time: 0.009364065001136623
L: 0.50, u_super: 0.00287, sec: 155.307, prod: 0.064018, t_ads: 67.0, t_des: 59.0, bed_util_ads: 0.499, bed_util_des: 0.499, des_th: 0.4992035486144854,frac_lost: 0.101, li_recovered:  8.066, time: 0.007540489999882993
L: 0.50, u_super: 0.00552, sec: 305.159, prod: 0.124612, t_ads: 35.2, t_des: 31.6, bed_util_ads: 0.499, bed_util_des: 0.499, des_th: 0.4991042315432338,frac_lost: 0.103, li_recovered:  8.317, time: 0.009430325000721496
L: 0.50, u_super: 0.00420, sec: 229.343, prod: 0.094460, t_ads: 46.2, t_des: 41.3, bed_util_ads: 0.498, bed_util_des: 0.498, des_th: 0.49796527512696753,frac_lost: 0.104, li_recovered:  8.269, time: 0.00644165899939253
L: 0.50, u_super: 0.00909, sec: 524.942, prod: 0.205803, t_ads: 21.5, t_des: 19.8, bed_util_ads: 0.497, bed_util_des: 0.497, des_th: 0.4968945301656541,frac_lost: 0.106, li_recovered:  8.496, time: 0.008602456999142305
L: 15.13, u_super: 0.00068 — INFEASIBLE (li_recovered=0.000e+00), time: 0.001344816000710125
L: 0.50, u_super: 0.00978, sec: 568.894, prod: 0.221650, t_ads: 20.0, t_des: 18.2, bed_util_ads: 0.500, bed_util_des: 0.500, des_th: 0.49959342635858417,frac_lost: 0.105, li_recovered:  8.455, time: 0.004905170999336406
L: 0.50, u_super: 0.00005, sec: 4.485, prod: 0.000645, t_ads: 3018.5, t_des: 4545.7, bed_util_ads: 0.256, bed_util_des: 0.208, des_th: 0.20861931403620265,frac_lost: 0.101, li_recovered:  4.883, time: 0.010020008001447422
L: 0.50, u_super: 0.00502, sec: 276.371, prod: 0.113299, t_ads: 38.6, t_des: 34.6, bed_util_ads: 0.499, bed_util_des: 0.499, des_th: 0.4990024369367281,frac_lost: 0.103, li_recovered:  8.296, time: 0.0056170609987020725
L: 27.43, u_super: 0.00209 — INFEASIBLE (li_recovered=0.000e+00), time: 0.0012914800008729799
L: 0.50, u_super: 0.00990, sec: 576.935, prod: 0.224451, t_ads: 19.7, t_des: 17.7, bed_util_ads: 0.500, bed_util_des: 0.500, des_th: 0.4999027640481108,frac_lost: 0.105, li_recovered:  8.399, time: 0.005232094001257792
L: 0.50, u_super: 0.00879, sec: 506.228, prod: 0.199071, t_ads: 22.2, t_des: 20.5, bed_util_ads: 0.497, bed_util_des: 0.497, des_th: 0.49703574716865573,frac_lost: 0.106, li_recovered:  8.502, time: 0.005736106000767904
L: 0.50, u_super: 0.00946, sec: 547.693, prod: 0.214471, t_ads: 20.6, t_des: 18.8, bed_util_ads: 0.499, bed_util_des: 0.499, des_th: 0.49877681411774943,frac_lost: 0.104, li_recovered:  8.450, time: 0.006601662000321085
   405 |    16200 |     40 |  0.0020024983 |             f
L: 0.50, u_super: 0.00420, sec: 229.343, prod: 0.094460, t_ads: 46.2, t_des: 41.3, bed_util_ads: 0.498, bed_util_des: 0.498, des_th: 0.49796527512696753,frac_lost: 0.104, li_recovered:  8.269, time: 0.006329015999654075
L: 19.73, u_super: 0.00539 — INFEASIBLE (li_recovered=0.000e+00), time: 0.0031166239987214794
L: 25.58, u_super: 0.00731 — INFEASIBLE (li_recovered=0.000e+00), time: 0.0015791450005053775
L: 0.50, u_super: 0.00867, sec: 498.328, prod: 0.196424, t_ads: 22.5, t_des: 20.7, bed_util_ads: 0.498, bed_util_des: 0.498, des_th: 0.49783077062652936,frac_lost: 0.106, li_recovered:  8.484, time: 0.006730866998623242
L: 8.22, u_super: 0.00653 — INFEASIBLE (li_recovered=0.000e+00), time: 0.0029461739995895186
L: 0.50, u_super: 0.00404, sec: 221.197, prod: 0.090352, t_ads: 48.1, t_des: 46.1, bed_util_ads: 0.491, bed_util_des: 0.490, des_th: 0.4901696117695711,frac_lost: 0.105, li_recovered:  8.510, time: 0.005290446999424603
L: 17.87, u_super: 0.00013 — INFEASIBLE (li_recovered=0.000e+00), time: 0.0011819049996120157
L: 0.50, u_super: 0.00133, sec: 73.988, prod: 0.028364, t_ads: 143.3, t_des: 149.2, bed_util_ads: 0.471, bed_util_des: 0.469, des_th: 0.4692602143516137,frac_lost: 0.106, li_recovered:  8.297, time: 0.006261583999730647
L: 0.50, u_super: 0.00370, sec: 201.363, prod: 0.082919, t_ads: 52.5, t_des: 46.5, bed_util_ads: 0.500, bed_util_des: 0.500, des_th: 0.4999832172181507,frac_lost: 0.106, li_recovered:  8.206, time: 0.007268654000654351
L: 12.71, u_super: 0.00936 — INFEASIBLE (li_recovered=0.000e+00), time: 0.003836084000795381
L: 19.89, u_super: 0.00539 — INFEASIBLE (li_recovered=0.000e+00), time: 0.0016887390011106618
L: 0.50, u_super: 0.00789, sec: 449.322, prod: 0.178438, t_ads: 24.8, t_des: 22.5, bed_util_ads: 0.499, bed_util_des: 0.499, des_th: 0.49881656662613866,frac_lost: 0.107, li_recovered:  8.443, time: 0.007542657000158215
L: 0.50, u_super: 0.00431, sec: 303.436, prod: 0.075053, t_ads: 45.5, t_des: 70.0, bed_util_ads: 0.431, bed_util_des: 0.429, des_th: 0.42931645927596523,frac_lost: 0.108, li_recovered:  8.671, time: 0.008116679999147891
L: 0.50, u_super: 0.00239, sec: 128.358, prod: 0.053091, t_ads: 80.8, t_des: 72.8, bed_util_ads: 0.495, bed_util_des: 0.494, des_th: 0.4941228060986356,frac_lost: 0.104, li_recovered:  8.154, time: 0.005117374999827007
L: 0.50, u_super: 0.00587, sec: 325.855, prod: 0.132720, t_ads: 33.0, t_des: 29.6, bed_util_ads: 0.499, bed_util_des: 0.499, des_th: 0.4986461607479255,frac_lost: 0.102, li_recovered:  8.320, time: 0.005486219000886194
L: 0.50, u_super: 0.00105 — INFEASIBLE (li_recovered=0.000e+00), time: 0.004798515999937081
L: 0.50, u_super: 0.00985, sec: 574.200, prod: 0.223218, t_ads: 19.9, t_des: 18.2, bed_util_ads: 0.498, bed_util_des: 0.498, des_th: 0.4982920747253255,frac_lost: 0.106, li_recovered:  8.497, time: 0.008571734000724973
L: 0.50, u_super: 0.00392, sec: 2792.122, prod: 0.006740, t_ads: 49.9, t_des: 1254.5, bed_util_ads: 0.157, bed_util_des: 0.150, des_th: 0.14994200007621378,frac_lost: 0.100, li_recovered:  8.792, time: 0.07429143099943758
L: 0.50, u_super: 0.00109, sec: 59.397, prod: 0.023659, t_ads: 173.3, t_des: 161.6, bed_util_ads: 0.482, bed_util_des: 0.481, des_th: 0.4811251988499394,frac_lost: 0.106, li_recovered:  7.924, time: 0.009014473000206635
L: 71.25, u_super: 0.00621 — INFEASIBLE (li_recovered=0.000e+00), time: 0.0024678710014995886
L: 0.50, u_super: 0.00384, sec: 209.534, prod: 0.086135, t_ads: 50.6, t_des: 44.7, bed_util_ads: 0.499, bed_util_des: 0.499, des_th: 0.4991001711459796,frac_lost: 0.106, li_recovered:  8.204, time: 0.008266684999398421
L: 0.50, u_super: 0.00301, sec: 164.169, prod: 0.066828, t_ads: 63.9, t_des: 63.2, bed_util_ads: 0.485, bed_util_des: 0.484, des_th: 0.4842162852533474,frac_lost: 0.100, li_recovered:  8.492, time: 0.012149370000770432
L: 0.50, u_super: 0.00754, sec: 426.881, prod: 0.170820, t_ads: 25.8, t_des: 23.0, bed_util_ads: 0.500, bed_util_des: 0.500, des_th: 0.49996727701315363,frac_lost: 0.101, li_recovered:  8.334, time: 0.007389379001324414
L: 2.98, u_super: 0.00979, sec: 3565.302, prod: 0.211121, t_ads: 116.4, t_des: 97.9, bed_util_ads: 0.500, bed_util_des: 0.499, des_th: 0.499422240832208,frac_lost: 0.105, li_recovered:  45.251, time: 0.008629579999251291
L: 0.50, u_super: 0.00843, sec: 483.303, prod: 0.190854, t_ads: 23.2, t_des: 21.0, bed_util_ads: 0.499, bed_util_des: 0.499, des_th: 0.49877681411774943,frac_lost: 0.107, li_recovered:  8.446, time: 0.008988040000986075
L: 15.79, u_super: 0.00006 — INFEASIBLE (li_recovered=0.000e+00), time: 0.0015610030004609143
L: 0.50, u_super: 0.00039, sec: 35.392, prod: 0.004958, t_ads: 488.0, t_des: 1147.8, bed_util_ads: 0.341, bed_util_des: 0.316, des_th: 0.31576064532620374,frac_lost: 0.104, li_recovered:  8.110, time: 0.013972156999443541
L: 0.50, u_super: 0.00259, sec: 140.163, prod: 0.057617, t_ads: 74.4, t_des: 65.4, bed_util_ads: 0.499, bed_util_des: 0.498, des_th: 0.49840010996053674,frac_lost: 0.104, li_recovered:  8.051, time: 0.012499129999923753
L: 0.50, u_super: 0.00301, sec: 163.359, prod: 0.067161, t_ads: 64.1, t_des: 56.2, bed_util_ads: 0.500, bed_util_des: 0.500, des_th: 0.49962239377512546,frac_lost: 0.104, li_recovered:  8.078, time: 0.009873230001176125
L: 0.50, u_super: 0.00227, sec: 123.088, prod: 0.050042, t_ads: 85.1, t_des: 73.7, bed_util_ads: 0.500, bed_util_des: 0.500, des_th: 0.49994449864587104,frac_lost: 0.107, li_recovered:  7.948, time: 0.008581703001254937
L: 0.50, u_super: 0.00348, sec: 189.236, prod: 0.077737, t_ads: 55.9, t_des: 49.2, bed_util_ads: 0.500, bed_util_des: 0.500, des_th: 0.4999979372650613,frac_lost: 0.107, li_recovered:  8.168, time: 0.007155811999837169
L: 0.50, u_super: 0.00071 — INFEASIBLE (li_recovered=0.000e+00), time: 0.0037365839998528827
L: 0.50, u_super: 0.00128 — INFEASIBLE (li_recovered=0.000e+00), time: 0.0061967099991306895
L: 0.50, u_super: 0.00303, sec: 163.554, prod: 0.067595, t_ads: 63.8, t_des: 56.6, bed_util_ads: 0.498, bed_util_des: 0.498, des_th: 0.4982706443812112,frac_lost: 0.103, li_recovered:  8.140, time: 0.008975814000223181
L: 0.50, u_super: 0.00790, sec: 450.293, prod: 0.178577, t_ads: 24.6, t_des: 23.2, bed_util_ads: 0.494, bed_util_des: 0.494, des_th: 0.49415321937336376,frac_lost: 0.103, li_recovered:  8.548, time: 0.011966146999839111
L: 0.50, u_super: 0.00622, sec: 374.122, prod: 0.130318, t_ads: 31.2, t_des: 35.4, bed_util_ads: 0.470, bed_util_des: 0.469, des_th: 0.4695122175933675,frac_lost: 0.101, li_recovered:  8.675, time: 0.00941833199976827
L: 0.50, u_super: 0.00724, sec: 409.115, prod: 0.163706, t_ads: 27.0, t_des: 24.5, bed_util_ads: 0.500, bed_util_des: 0.499, des_th: 0.49942132725883337,frac_lost: 0.107, li_recovered:  8.428, time: 0.009081694999622414
L: 0.50, u_super: 0.00017 — INFEASIBLE (li_recovered=0.000e+00), time: 0.003127640000457177
L: 0.50, u_super: 0.00408, sec: 222.663, prod: 0.091636, t_ads: 47.5, t_des: 42.1, bed_util_ads: 0.500, bed_util_des: 0.500, des_th: 0.4999615906318162,frac_lost: 0.104, li_recovered:  8.212, time: 0.008712011000170605
L: 0.50, u_super: 0.00321, sec: 174.368, prod: 0.071750, t_ads: 60.1, t_des: 52.7, bed_util_ads: 0.500, bed_util_des: 0.500, des_th: 0.49977669620697907,frac_lost: 0.103, li_recovered:  8.091, time: 0.010173020998990978
   406 |    16240 |     40 |  0.0043490650 |             f
L: 0.50, u_super: 0.00710, sec: 400.709, prod: 0.160245, t_ads: 27.6, t_des: 24.7, bed_util_ads: 0.500, bed_util_des: 0.500, des_th: 0.4999594667471092,frac_lost: 0.108, li_recovered:  8.383, time: 0.00887279099879379
L: 0.50, u_super: 0.00361, sec: 196.329, prod: 0.080810, t_ads: 53.8, t_des: 47.6, bed_util_ads: 0.500, bed_util_des: 0.500, des_th: 0.4999081485979913,frac_lost: 0.106, li_recovered:  8.201, time: 0.007148429998778738
L: 0.50, u_super: 0.00227, sec: 122.250, prod: 0.050385, t_ads: 85.1, t_des: 76.5, bed_util_ads: 0.494, bed_util_des: 0.494, des_th: 0.4939673395850143,frac_lost: 0.107, li_recovered:  8.144, time: 0.0074086860004172195
L: 0.50, u_super: 0.00725, sec: 409.760, prod: 0.163908, t_ads: 27.0, t_des: 24.5, bed_util_ads: 0.499, bed_util_des: 0.499, des_th: 0.49898111240546705,frac_lost: 0.107, li_recovered:  8.440, time: 0.005615584001134266
L: 0.50, u_super: 0.00121, sec: 65.267, prod: 0.026235, t_ads: 157.6, t_des: 147.6, bed_util_ads: 0.484, bed_util_des: 0.483, des_th: 0.4828627428868626,frac_lost: 0.105, li_recovered:  8.007, time: 0.006318028001260245
L: 0.50, u_super: 0.00653, sec: 364.765, prod: 0.147698, t_ads: 29.7, t_des: 26.6, bed_util_ads: 0.500, bed_util_des: 0.499, des_th: 0.49942132725883337,frac_lost: 0.100, li_recovered:  8.317, time: 0.0064858260011533275
L: 0.50, u_super: 0.00030 — INFEASIBLE (li_recovered=0.000e+00), time: 0.0029203039994172286
L: 0.50, u_super: 0.00333, sec: 180.598, prod: 0.074283, t_ads: 58.5, t_des: 51.6, bed_util_ads: 0.500, bed_util_des: 0.500, des_th: 0.4998092201219617,frac_lost: 0.107, li_recovered:  8.173, time: 0.004998280999643612
L: 23.38, u_super: 0.00020 — INFEASIBLE (li_recovered=0.000e+00), time: 0.0010840199993253918
L: 0.50, u_super: 0.00528, sec: 2499.203, prod: 0.013885, t_ads: 37.1, t_des: 595.3, bed_util_ads: 0.190, bed_util_des: 0.185, des_th: 0.1851696623157332,frac_lost: 0.102, li_recovered:  8.781, time: 0.03751133699915954
L: 0.50, u_super: 0.00866, sec: 497.263, prod: 0.195968, t_ads: 22.6, t_des: 20.5, bed_util_ads: 0.500, bed_util_des: 0.500, des_th: 0.4995483075189002,frac_lost: 0.106, li_recovered:  8.443, time: 0.005106075999719906
L: 0.50, u_super: 0.00361, sec: 196.557, prod: 0.080683, t_ads: 53.8, t_des: 47.1, bed_util_ads: 0.500, bed_util_des: 0.500, des_th: 0.4998946161522344,frac_lost: 0.105, li_recovered:  8.139, time: 0.005026312999689253
L: 0.50, u_super: 0.00902, sec: 520.583, prod: 0.204181, t_ads: 21.7, t_des: 19.5, bed_util_ads: 0.500, bed_util_des: 0.500, des_th: 0.4998368179147267,frac_lost: 0.107, li_recovered:  8.410, time: 0.005236797000179649
L: 0.50, u_super: 0.00594, sec: 329.847, prod: 0.134331, t_ads: 32.6, t_des: 29.2, bed_util_ads: 0.499, bed_util_des: 0.499, des_th: 0.49916501283460096,frac_lost: 0.100, li_recovered:  8.303, time: 0.007992986998942797
L: 5.18, u_super: 0.00864 — INFEASIBLE (li_recovered=0.000e+00), time: 0.005535111000426696
L: 0.50, u_super: 0.00018 — INFEASIBLE (li_recovered=0.000e+00), time: 0.0016672599995217752
L: 0.50, u_super: 0.00188, sec: 104.677, prod: 0.039966, t_ads: 102.9, t_des: 108.3, bed_util_ads: 0.473, bed_util_des: 0.472, des_th: 0.47185976046490424,frac_lost: 0.107, li_recovered:  8.443, time: 0.005906054000661243
L: 0.50, u_super: 0.00163, sec: 88.380, prod: 0.035687, t_ads: 117.0, t_des: 102.6, bed_util_ads: 0.495, bed_util_des: 0.494, des_th: 0.49441064401473656,frac_lost: 0.103, li_recovered:  7.834, time: 0.004581395000059274
L: 17.52, u_super: 0.00068 — INFEASIBLE (li_recovered=0.000e+00), time: 0.0012862069997936487
L: 0.50, u_super: 0.00456, sec: 249.974, prod: 0.102719, t_ads: 42.7, t_des: 38.4, bed_util_ads: 0.498, bed_util_des: 0.498, des_th: 0.49791324771715323,frac_lost: 0.106, li_recovered:  8.329, time: 0.005870025999684003
L: 19.11, u_super: 0.00805 — INFEASIBLE (li_recovered=0.000e+00), time: 0.002038587999777519
L: 25.50, u_super: 0.00496 — INFEASIBLE (li_recovered=0.000e+00), time: 0.0016115870002977317
L: 12.14, u_super: 0.00866 — INFEASIBLE (li_recovered=0.000e+00), time: 0.004875040998740587
L: 0.50, u_super: 0.00909, sec: 524.602, prod: 0.205936, t_ads: 21.5, t_des: 19.7, bed_util_ads: 0.497, bed_util_des: 0.497, des_th: 0.4970792897618287,frac_lost: 0.105, li_recovered:  8.490, time: 0.006228940999790211
L: 0.50, u_super: 0.00179, sec: 106.352, prod: 0.035563, t_ads: 108.1, t_des: 129.9, bed_util_ads: 0.456, bed_util_des: 0.454, des_th: 0.45386079367937104,frac_lost: 0.106, li_recovered:  8.464, time: 0.008919326999603072
L: 0.50, u_super: 0.00478, sec: 262.420, prod: 0.107570, t_ads: 40.7, t_des: 36.2, bed_util_ads: 0.500, bed_util_des: 0.500, des_th: 0.4999326380022939,frac_lost: 0.104, li_recovered:  8.273, time: 0.006531323000672273
L: 0.50, u_super: 0.00009 — INFEASIBLE (li_recovered=0.000e+00), time: 0.0019898190003004856
L: 0.50, u_super: 0.00957, sec: 555.140, prod: 0.216992, t_ads: 20.4, t_des: 18.5, bed_util_ads: 0.499, bed_util_des: 0.499, des_th: 0.49877681411774943,frac_lost: 0.104, li_recovered:  8.452, time: 0.0093809300014982
L: 0.50, u_super: 0.00830, sec: 473.599, prod: 0.188488, t_ads: 23.4, t_des: 21.2, bed_util_ads: 0.499, bed_util_des: 0.499, des_th: 0.4988593701034248,frac_lost: 0.100, li_recovered:  8.392, time: 0.009544454000206315
L: 14.96, u_super: 0.00326 — INFEASIBLE (li_recovered=0.000e+00), time: 0.0027526880003279075
L: 0.50, u_super: 0.00796, sec: 452.129, prod: 0.180566, t_ads: 24.4, t_des: 22.0, bed_util_ads: 0.499, bed_util_des: 0.499, des_th: 0.4989688099699568,frac_lost: 0.100, li_recovered:  8.382, time: 0.008259496999016847
L: 4.55, u_super: 0.00708 — INFEASIBLE (li_recovered=0.000e+00), time: 0.00449439800104301
L: 0.50, u_super: 0.00485, sec: 645.555, prod: 0.045112, t_ads: 40.2, t_des: 153.3, bed_util_ads: 0.325, bed_util_des: 0.322, des_th: 0.3216370111409863,frac_lost: 0.103, li_recovered:  8.730, time: 0.021965102998365182
L: 0.50, u_super: 0.00990, sec: 576.404, prod: 0.224658, t_ads: 19.7, t_des: 17.9, bed_util_ads: 0.499, bed_util_des: 0.499, des_th: 0.49907364919442515,frac_lost: 0.104, li_recovered:  8.458, time: 0.008388525999180274
L: 16.00, u_super: 0.00841 — INFEASIBLE (li_recovered=0.000e+00), time: 0.003252518999943277
L: 0.50, u_super: 0.00118 — INFEASIBLE (li_recovered=0.000e+00), time: 0.0040469850009685615
L: 44.51, u_super: 0.00502 — INFEASIBLE (li_recovered=0.000e+00), time: 0.0018489239992049988
L: 0.50, u_super: 0.00109 — INFEASIBLE (li_recovered=0.000e+00), time: 0.004895529000350507
L: 16.31, u_super: 0.00138 — INFEASIBLE (li_recovered=0.000e+00), time: 0.0017525969997223
L: 0.50, u_super: 0.00539, sec: 306.918, prod: 0.117959, t_ads: 36.0, t_des: 37.2, bed_util_ads: 0.481, bed_util_des: 0.480, des_th: 0.48029075700806045,frac_lost: 0.102, li_recovered:  8.640, time: 0.009176118999675964
   407 |    16280 |     40 |  0.0024740194 |             f
L: 0.50, u_super: 0.00187, sec: 102.111, prod: 0.040505, t_ads: 102.3, t_des: 86.4, bed_util_ads: 0.500, bed_util_des: 0.500, des_th: 0.49971938562785123,frac_lost: 0.101, li_recovered:  7.641, time: 0.00527112199961266
L: 5.08, u_super: 0.00220 — INFEASIBLE (li_recovered=0.000e+00), time: 0.0019451309999567457
L: 0.50, u_super: 0.00624, sec: 348.296, prod: 0.140999, t_ads: 31.2, t_des: 27.8, bed_util_ads: 0.500, bed_util_des: 0.500, des_th: 0.4996838001427488,frac_lost: 0.103, li_recovered:  8.315, time: 0.006379987000400433
L: 0.50, u_super: 0.00573, sec: 318.029, prod: 0.129446, t_ads: 33.8, t_des: 30.0, bed_util_ads: 0.500, bed_util_des: 0.500, des_th: 0.49996830902735845,frac_lost: 0.101, li_recovered:  8.261, time: 0.006335064999802853
L: 0.50, u_super: 0.00683, sec: 386.149, prod: 0.153633, t_ads: 28.4, t_des: 27.5, bed_util_ads: 0.490, bed_util_des: 0.489, des_th: 0.48938522046696914,frac_lost: 0.100, li_recovered:  8.590, time: 0.0065795890004665125
L: 0.50, u_super: 0.00875, sec: 573.737, prod: 0.173682, t_ads: 22.3, t_des: 27.8, bed_util_ads: 0.459, bed_util_des: 0.458, des_th: 0.4584652487234399,frac_lost: 0.105, li_recovered:  8.713, time: 0.006373304000589997
L: 31.67, u_super: 0.00450 — INFEASIBLE (li_recovered=0.000e+00), time: 0.0016697329992894083
L: 0.50, u_super: 0.00009, sec: 11.450, prod: 0.000855, t_ads: 2188.5, t_des: 7894.4, bed_util_ads: 0.233, bed_util_des: 0.142, des_th: 0.14158804066800784,frac_lost: 0.102, li_recovered:  8.623, time: 0.01488097400033439
L: 0.50, u_super: 0.00677, sec: 421.459, prod: 0.137909, t_ads: 28.9, t_des: 34.1, bed_util_ads: 0.465, bed_util_des: 0.465, des_th: 0.4645939364947668,frac_lost: 0.107, li_recovered:  8.694, time: 0.005369083000914543
L: 0.50, u_super: 0.00213, sec: 115.808, prod: 0.046682, t_ads: 89.9, t_des: 76.9, bed_util_ads: 0.500, bed_util_des: 0.499, des_th: 0.49950649979178485,frac_lost: 0.101, li_recovered:  7.787, time: 0.006797516000005999
L: 0.50, u_super: 0.00160, sec: 94.401, prod: 0.032255, t_ads: 119.2, t_des: 141.6, bed_util_ads: 0.456, bed_util_des: 0.454, des_th: 0.45359571508926305,frac_lost: 0.101, li_recovered:  8.415, time: 0.0063959190010791644
L: 0.50, u_super: 0.00305, sec: 165.374, prod: 0.068040, t_ads: 63.2, t_des: 55.5, bed_util_ads: 0.499, bed_util_des: 0.499, des_th: 0.4986443567669562,frac_lost: 0.103, li_recovered:  8.078, time: 0.006772594999347348
L: 0.50, u_super: 0.00005, sec: 4.340, prod: 0.000667, t_ads: 3359.1, t_des: 5557.5, bed_util_ads: 0.254, bed_util_des: 0.190, des_th: 0.19014469005111875,frac_lost: 0.102, li_recovered:  5.948, time: 0.00786260799941374
L: 0.50, u_super: 0.00621, sec: 345.805, prod: 0.140566, t_ads: 31.3, t_des: 28.3, bed_util_ads: 0.499, bed_util_des: 0.499, des_th: 0.4986461607479255,frac_lost: 0.102, li_recovered:  8.374, time: 0.005295273000228917
L: 0.50, u_super: 0.00787, sec: 446.773, prod: 0.178533, t_ads: 24.7, t_des: 22.3, bed_util_ads: 0.500, bed_util_des: 0.500, des_th: 0.49996025395757293,frac_lost: 0.101, li_recovered:  8.378, time: 0.005138238999279565
L: 0.50, u_super: 0.00039, sec: 30.897, prod: 0.005679, t_ads: 482.3, t_des: 912.4, bed_util_ads: 0.366, bed_util_des: 0.346, des_th: 0.3457809316396702,frac_lost: 0.105, li_recovered:  7.920, time: 0.011720810000042547
L: 0.50, u_super: 0.00109, sec: 60.374, prod: 0.023276, t_ads: 172.1, t_des: 148.2, bed_util_ads: 0.492, bed_util_des: 0.492, des_th: 0.4920349024308806,frac_lost: 0.102, li_recovered:  7.457, time: 0.006012587999066454
L: 0.50, u_super: 0.00425, sec: 231.804, prod: 0.095616, t_ads: 45.7, t_des: 41.3, bed_util_ads: 0.498, bed_util_des: 0.498, des_th: 0.49796527512696753,frac_lost: 0.104, li_recovered:  8.319, time: 0.004841047999434522
L: 0.50, u_super: 0.00384, sec: 209.624, prod: 0.086098, t_ads: 50.6, t_des: 44.7, bed_util_ads: 0.499, bed_util_des: 0.499, des_th: 0.4991001711459796,frac_lost: 0.107, li_recovered:  8.209, time: 0.005541319000258227
L: 0.50, u_super: 0.00990, sec: 576.892, prod: 0.224468, t_ads: 19.7, t_des: 17.7, bed_util_ads: 0.500, bed_util_des: 0.500, des_th: 0.49974361044644,frac_lost: 0.105, li_recovered:  8.406, time: 0.004624000001058448
L: 0.50, u_super: 0.00507, sec: 278.995, prod: 0.114281, t_ads: 38.3, t_des: 34.3, bed_util_ads: 0.500, bed_util_des: 0.500, des_th: 0.49986100813370204,frac_lost: 0.103, li_recovered:  8.295, time: 0.005851792999237659
L: 0.50, u_super: 0.00727, sec: 410.174, prod: 0.164738, t_ads: 26.7, t_des: 25.0, bed_util_ads: 0.495, bed_util_des: 0.494, des_th: 0.4944076248533173,frac_lost: 0.100, li_recovered:  8.506, time: 0.005500217999724555
L: 0.50, u_super: 0.00071, sec: 39.566, prod: 0.014972, t_ads: 261.5, t_des: 247.8, bed_util_ads: 0.472, bed_util_des: 0.470, des_th: 0.4700238178015581,frac_lost: 0.106, li_recovered:  7.625, time: 0.00473172700003488
L: 0.50, u_super: 0.00722, sec: 413.758, prod: 0.160729, t_ads: 27.1, t_des: 26.7, bed_util_ads: 0.488, bed_util_des: 0.488, des_th: 0.48769474061141227,frac_lost: 0.106, li_recovered:  8.638, time: 0.00557535900043149
L: 0.50, u_super: 0.00371, sec: 201.979, prod: 0.082983, t_ads: 52.5, t_des: 46.3, bed_util_ads: 0.500, bed_util_des: 0.500, des_th: 0.4999594667471092,frac_lost: 0.107, li_recovered:  8.200, time: 0.004553452999971341
L: 0.50, u_super: 0.00580, sec: 321.656, prod: 0.130988, t_ads: 33.5, t_des: 30.1, bed_util_ads: 0.499, bed_util_des: 0.499, des_th: 0.49881125127312714,frac_lost: 0.103, li_recovered:  8.329, time: 0.006553714998517535
L: 0.50, u_super: 0.00799, sec: 453.788, prod: 0.181312, t_ads: 24.3, t_des: 22.2, bed_util_ads: 0.498, bed_util_des: 0.498, des_th: 0.49791324771715323,frac_lost: 0.100, li_recovered:  8.437, time: 0.004552069000055781
L: 0.50, u_super: 0.00940, sec: 551.994, prod: 0.209942, t_ads: 20.7, t_des: 20.5, bed_util_ads: 0.489, bed_util_des: 0.489, des_th: 0.4887598093288487,frac_lost: 0.103, li_recovered:  8.655, time: 0.005067562000476755
L: 0.50, u_super: 0.00227, sec: 122.131, prod: 0.050434, t_ads: 84.9, t_des: 76.5, bed_util_ads: 0.494, bed_util_des: 0.494, des_th: 0.4939805642714092,frac_lost: 0.105, li_recovered:  8.143, time: 0.0046882510014256695
L: 0.50, u_super: 0.00653, sec: 365.104, prod: 0.147841, t_ads: 29.7, t_des: 26.6, bed_util_ads: 0.499, bed_util_des: 0.499, des_th: 0.4992040854149895,frac_lost: 0.100, li_recovered:  8.316, time: 0.005004184999052086
L: 0.50, u_super: 0.00074 — INFEASIBLE (li_recovered=0.000e+00), time: 0.0025502179996692576
L: 0.50, u_super: 0.00580, sec: 321.493, prod: 0.131054, t_ads: 33.5, t_des: 30.0, bed_util_ads: 0.499, bed_util_des: 0.499, des_th: 0.4992053525954503,frac_lost: 0.102, li_recovered:  8.323, time: 0.004221801000312553
L: 0.50, u_super: 0.00594, sec: 332.542, prod: 0.133243, t_ads: 32.7, t_des: 31.7, bed_util_ads: 0.489, bed_util_des: 0.488, des_th: 0.48845826947508664,frac_lost: 0.101, li_recovered:  8.580, time: 0.006211795998751768
L: 0.50, u_super: 0.00691, sec: 387.786, prod: 0.156587, t_ads: 28.1, t_des: 26.1, bed_util_ads: 0.496, bed_util_des: 0.496, des_th: 0.4958370143279419,frac_lost: 0.100, li_recovered:  8.475, time: 0.010055163000288303
L: 0.50, u_super: 0.00227, sec: 122.141, prod: 0.050430, t_ads: 85.0, t_des: 76.5, bed_util_ads: 0.494, bed_util_des: 0.493, des_th: 0.49340115115757144,frac_lost: 0.105, li_recovered:  8.145, time: 0.005234170999756316
L: 0.50, u_super: 0.00884, sec: 509.055, prod: 0.200066, t_ads: 22.1, t_des: 19.8, bed_util_ads: 0.500, bed_util_des: 0.500, des_th: 0.49994051614302726,frac_lost: 0.106, li_recovered:  8.397, time: 0.004901777998384205
L: 0.50, u_super: 0.00149, sec: 82.328, prod: 0.031842, t_ads: 128.3, t_des: 106.8, bed_util_ads: 0.499, bed_util_des: 0.499, des_th: 0.4990926681984407,frac_lost: 0.106, li_recovered:  7.487, time: 0.005124732000695076
L: 0.50, u_super: 0.00754, sec: 428.065, prod: 0.170347, t_ads: 26.0, t_des: 23.2, bed_util_ads: 0.500, bed_util_des: 0.500, des_th: 0.49996727701315363,frac_lost: 0.108, li_recovered:  8.386, time: 0.004467326998565113
L: 0.50, u_super: 0.00539, sec: 313.235, prod: 0.115580, t_ads: 36.0, t_des: 38.9, bed_util_ads: 0.477, bed_util_des: 0.476, des_th: 0.4762157033427071,frac_lost: 0.102, li_recovered:  8.656, time: 0.00509343900012027
L: 11.59, u_super: 0.00899 — INFEASIBLE (li_recovered=0.000e+00), time: 0.002287089000674314
   408 |    16320 |     40 |  0.0043040072 |             f
L: 0.50, u_super: 0.00754, sec: 426.831, prod: 0.170840, t_ads: 25.7, t_des: 24.1, bed_util_ads: 0.496, bed_util_des: 0.495, des_th: 0.495464889595888,frac_lost: 0.101, li_recovered:  8.512, time: 0.005438586000309442
L: 1.90, u_super: 0.00784, sec: 1746.683, prod: 0.171813, t_ads: 92.4, t_des: 79.2, bed_util_ads: 0.500, bed_util_des: 0.500, des_th: 0.49995946866131147,frac_lost: 0.101, li_recovered:  29.483, time: 0.005520583999896189
L: 0.50, u_super: 0.00114, sec: 63.576, prod: 0.023834, t_ads: 167.1, t_des: 138.2, bed_util_ads: 0.498, bed_util_des: 0.497, des_th: 0.4975232898017066,frac_lost: 0.107, li_recovered:  7.277, time: 0.011912583000594168
L: 27.82, u_super: 0.00261 — INFEASIBLE (li_recovered=0.000e+00), time: 0.001675540999713121
L: 0.50, u_super: 0.00255, sec: 1064.564, prod: 0.007346, t_ads: 77.1, t_des: 1119.6, bed_util_ads: 0.195, bed_util_des: 0.185, des_th: 0.1851696623157332,frac_lost: 0.105, li_recovered:  8.791, time: 0.04507490099967981
L: 0.50, u_super: 0.00670, sec: 376.467, prod: 0.151152, t_ads: 29.2, t_des: 26.2, bed_util_ads: 0.500, bed_util_des: 0.499, des_th: 0.49945448824595035,frac_lost: 0.108, li_recovered:  8.376, time: 0.005679943000359344
L: 0.50, u_super: 0.00149, sec: 82.394, prod: 0.031905, t_ads: 128.3, t_des: 106.9, bed_util_ads: 0.500, bed_util_des: 0.500, des_th: 0.4998541503225867,frac_lost: 0.107, li_recovered:  7.506, time: 0.004684465999162057
L: 0.50, u_super: 0.00379, sec: 206.535, prod: 0.085009, t_ads: 51.2, t_des: 45.5, bed_util_ads: 0.499, bed_util_des: 0.499, des_th: 0.4990980349714877,frac_lost: 0.106, li_recovered:  8.221, time: 0.0068570029998227255
L: 0.50, u_super: 0.00361, sec: 196.240, prod: 0.080847, t_ads: 54.0, t_des: 48.1, bed_util_ads: 0.499, bed_util_des: 0.499, des_th: 0.4988365893971532,frac_lost: 0.108, li_recovered:  8.255, time: 0.006307307001407025
L: 0.50, u_super: 0.00933, sec: 539.551, prod: 0.211464, t_ads: 20.9, t_des: 19.2, bed_util_ads: 0.497, bed_util_des: 0.497, des_th: 0.4968101252164431,frac_lost: 0.104, li_recovered:  8.492, time: 0.010313937000319129
L: 0.50, u_super: 0.00830, sec: 475.384, prod: 0.187781, t_ads: 23.6, t_des: 21.4, bed_util_ads: 0.499, bed_util_des: 0.499, des_th: 0.4988592737763636,frac_lost: 0.108, li_recovered:  8.442, time: 0.008326805000251625
L: 0.50, u_super: 0.00990, sec: 576.532, prod: 0.224551, t_ads: 19.7, t_des: 18.1, bed_util_ads: 0.498, bed_util_des: 0.498, des_th: 0.4977679295374426,frac_lost: 0.104, li_recovered:  8.498, time: 0.006094397998822387
L: 27.31, u_super: 0.00677 — INFEASIBLE (li_recovered=0.000e+00), time: 0.002174929999455344
L: 0.50, u_super: 0.00889, sec: 514.840, prod: 0.200194, t_ads: 22.0, t_des: 20.9, bed_util_ads: 0.494, bed_util_des: 0.494, des_th: 0.4937595637154787,frac_lost: 0.106, li_recovered:  8.595, time: 0.006331866001346498
L: 0.50, u_super: 0.00285, sec: 153.717, prod: 0.063534, t_ads: 67.7, t_des: 60.1, bed_util_ads: 0.498, bed_util_des: 0.498, des_th: 0.4978351964089578,frac_lost: 0.102, li_recovered:  8.117, time: 0.006426514000850148
L: 0.50, u_super: 0.00062, sec: 34.809, prod: 0.012794, t_ads: 295.4, t_des: 274.1, bed_util_ads: 0.471, bed_util_des: 0.470, des_th: 0.46975095808110906,frac_lost: 0.100, li_recovered:  7.286, time: 0.008573155999329174
L: 0.50, u_super: 0.00834, sec: 477.688, prod: 0.188564, t_ads: 23.5, t_des: 21.1, bed_util_ads: 0.500, bed_util_des: 0.500, des_th: 0.49993537646060965,frac_lost: 0.108, li_recovered:  8.410, time: 0.00559337999948184
L: 0.50, u_super: 0.00787, sec: 447.241, prod: 0.178347, t_ads: 24.7, t_des: 22.0, bed_util_ads: 0.500, bed_util_des: 0.500, des_th: 0.4999602520433707,frac_lost: 0.101, li_recovered:  8.331, time: 0.004990800000086892
L: 0.50, u_super: 0.00878, sec: 548.026, prod: 0.183408, t_ads: 22.2, t_des: 25.3, bed_util_ads: 0.470, bed_util_des: 0.470, des_th: 0.4700238178015581,frac_lost: 0.104, li_recovered:  8.708, time: 0.005368703999920399
L: 35.83, u_super: 0.00437 — INFEASIBLE (li_recovered=0.000e+00), time: 0.0008820069997454993
L: 0.50, u_super: 0.00011 — INFEASIBLE (li_recovered=0.000e+00), time: 0.0013104209992889082
L: 0.50, u_super: 0.00987, sec: 575.076, prod: 0.223820, t_ads: 19.8, t_des: 18.2, bed_util_ads: 0.498, bed_util_des: 0.498, des_th: 0.4979425474079953,frac_lost: 0.105, li_recovered:  8.494, time: 0.005067730000519077
L: 0.50, u_super: 0.00920, sec: 531.588, prod: 0.208479, t_ads: 21.2, t_des: 19.3, bed_util_ads: 0.499, bed_util_des: 0.499, des_th: 0.49907835333048856,frac_lost: 0.105, li_recovered:  8.444, time: 0.0045797000002494315
L: 8.69, u_super: 0.00893 — INFEASIBLE (li_recovered=0.000e+00), time: 0.0026779390009323834
L: 0.50, u_super: 0.00987, sec: 574.210, prod: 0.223872, t_ads: 19.7, t_des: 17.7, bed_util_ads: 0.500, bed_util_des: 0.500, des_th: 0.4999006885075072,frac_lost: 0.103, li_recovered:  8.392, time: 0.005237873998339637
L: 0.50, u_super: 0.00109, sec: 59.835, prod: 0.023486, t_ads: 171.7, t_des: 151.9, bed_util_ads: 0.489, bed_util_des: 0.488, des_th: 0.48822092325012856,frac_lost: 0.100, li_recovered:  7.601, time: 0.004508510999585269
L: 0.50, u_super: 0.00163, sec: 89.111, prod: 0.035394, t_ads: 117.3, t_des: 100.2, bed_util_ads: 0.498, bed_util_des: 0.498, des_th: 0.4979802264842711,frac_lost: 0.105, li_recovered:  7.696, time: 0.0054780200007371604
L: 51.93, u_super: 0.00145 — INFEASIBLE (li_recovered=0.000e+00), time: 0.0012655030004680157
L: 0.50, u_super: 0.00425, sec: 231.954, prod: 0.095555, t_ads: 45.8, t_des: 41.4, bed_util_ads: 0.498, bed_util_des: 0.498, des_th: 0.497965371454007,frac_lost: 0.106, li_recovered:  8.327, time: 0.006202116999702412
L: 0.50, u_super: 0.00116, sec: 476.285, prod: 0.003317, t_ads: 170.5, t_des: 2489.3, bed_util_ads: 0.190, bed_util_des: 0.168, des_th: 0.1681546034173333,frac_lost: 0.104, li_recovered:  8.822, time: 0.03604844900110038
L: 21.22, u_super: 0.00653 — INFEASIBLE (li_recovered=0.000e+00), time: 0.0013548719998652814
L: 0.50, u_super: 0.00248, sec: 135.325, prod: 0.054521, t_ads: 77.5, t_des: 77.8, bed_util_ads: 0.482, bed_util_des: 0.481, des_th: 0.48096419180734234,frac_lost: 0.101, li_recovered:  8.468, time: 0.004804555001101107
L: 0.50, u_super: 0.00459, sec: 251.418, prod: 0.103289, t_ads: 42.4, t_des: 37.9, bed_util_ads: 0.499, bed_util_des: 0.499, des_th: 0.4992815992537992,frac_lost: 0.104, li_recovered:  8.288, time: 0.004798141999344807
L: 46.76, u_super: 0.00261 — INFEASIBLE (li_recovered=0.000e+00), time: 0.0007863049995648907
L: 0.50, u_super: 0.00975, sec: 566.925, prod: 0.220903, t_ads: 20.1, t_des: 18.2, bed_util_ads: 0.500, bed_util_des: 0.499, des_th: 0.49942132725883337,frac_lost: 0.105, li_recovered:  8.445, time: 0.00476789799904509
L: 0.50, u_super: 0.00210, sec: 113.265, prod: 0.046531, t_ads: 91.8, t_des: 81.9, bed_util_ads: 0.495, bed_util_des: 0.494, des_th: 0.49441064401473656,frac_lost: 0.107, li_recovered:  8.082, time: 0.0047723320003569825
L: 0.50, u_super: 0.00577, sec: 319.957, prod: 0.130241, t_ads: 33.7, t_des: 30.2, bed_util_ads: 0.499, bed_util_des: 0.499, des_th: 0.49916501283460096,frac_lost: 0.103, li_recovered:  8.317, time: 0.004673741999795311
L: 8.24, u_super: 0.00261 — INFEASIBLE (li_recovered=0.000e+00), time: 0.0015891959992586635
L: 0.50, u_super: 0.00702, sec: 427.354, prod: 0.146854, t_ads: 27.9, t_des: 31.3, bed_util_ads: 0.471, bed_util_des: 0.471, des_th: 0.47090397820213775,frac_lost: 0.107, li_recovered:  8.694, time: 0.006236628998522065
L: 0.50, u_super: 0.00909, sec: 524.602, prod: 0.205936, t_ads: 21.5, t_des: 19.7, bed_util_ads: 0.497, bed_util_des: 0.497, des_th: 0.4970792897618287,frac_lost: 0.105, li_recovered:  8.490, time: 0.006904613999722642
   409 |    16360 |     40 |  0.0014097686 |             f
L: 0.50, u_super: 0.00978, sec: 569.170, prod: 0.221819, t_ads: 20.0, t_des: 18.1, bed_util_ads: 0.500, bed_util_des: 0.499, des_th: 0.49942132725883337,frac_lost: 0.105, li_recovered:  8.451, time: 0.00517004199900839
L: 0.50, u_super: 0.00361, sec: 196.248, prod: 0.080844, t_ads: 54.0, t_des: 48.2, bed_util_ads: 0.499, bed_util_des: 0.499, des_th: 0.4986253041871874,frac_lost: 0.108, li_recovered:  8.263, time: 0.005367960999137722
L: 0.50, u_super: 0.00843, sec: 483.307, prod: 0.190853, t_ads: 23.2, t_des: 21.0, bed_util_ads: 0.499, bed_util_des: 0.499, des_th: 0.49854678786655643,frac_lost: 0.107, li_recovered:  8.445, time: 0.00495914599923708
L: 0.50, u_super: 0.00960, sec: 557.285, prod: 0.217520, t_ads: 20.4, t_des: 18.4, bed_util_ads: 0.499, bed_util_des: 0.499, des_th: 0.4990151892263864,frac_lost: 0.105, li_recovered:  8.439, time: 0.0047818240000196965
L: 0.50, u_super: 0.00153, sec: 82.887, prod: 0.033278, t_ads: 125.3, t_des: 109.7, bed_util_ads: 0.495, bed_util_des: 0.494, des_th: 0.49441064401473656,frac_lost: 0.106, li_recovered:  7.820, time: 0.005533788998945965
L: 0.50, u_super: 0.00431, sec: 235.142, prod: 0.096851, t_ads: 45.2, t_des: 40.8, bed_util_ads: 0.498, bed_util_des: 0.498, des_th: 0.4979728611201615,frac_lost: 0.105, li_recovered:  8.322, time: 0.00475798799925542
L: 0.50, u_super: 0.00212, sec: 114.210, prod: 0.047031, t_ads: 91.0, t_des: 82.0, bed_util_ads: 0.494, bed_util_des: 0.494, des_th: 0.4939673395850143,frac_lost: 0.107, li_recovered:  8.137, time: 0.006142164000266348
L: 4.63, u_super: 0.00929, sec: 9107.700, prod: 0.115198, t_ads: 192.5, t_des: 490.2, bed_util_ads: 0.356, bed_util_des: 0.345, des_th: 0.3449239290247908,frac_lost: 0.103, li_recovered:  78.646, time: 0.011311238999041962
L: 0.50, u_super: 0.00446, sec: 245.054, prod: 0.099889, t_ads: 43.6, t_des: 41.7, bed_util_ads: 0.491, bed_util_des: 0.491, des_th: 0.4906338043349277,frac_lost: 0.104, li_recovered:  8.521, time: 0.009849326999756158
L: 0.50, u_super: 0.00555, sec: 307.072, prod: 0.125425, t_ads: 34.9, t_des: 31.3, bed_util_ads: 0.499, bed_util_des: 0.499, des_th: 0.4991045148517137,frac_lost: 0.102, li_recovered:  8.305, time: 0.00890234500002407
L: 0.50, u_super: 0.00071, sec: 39.586, prod: 0.014964, t_ads: 261.7, t_des: 244.8, bed_util_ads: 0.475, bed_util_des: 0.473, des_th: 0.4732395721097104,frac_lost: 0.107, li_recovered:  7.579, time: 0.007874771001297631
L: 0.50, u_super: 0.00795, sec: 452.125, prod: 0.180137, t_ads: 24.4, t_des: 22.9, bed_util_ads: 0.495, bed_util_des: 0.495, des_th: 0.49533499872580294,frac_lost: 0.100, li_recovered:  8.519, time: 0.008368855000298936
L: 0.50, u_super: 0.00016, sec: 21.342, prod: 0.001434, t_ads: 1207.2, t_des: 4695.4, bed_util_ads: 0.252, bed_util_des: 0.185, des_th: 0.1851696623157332,frac_lost: 0.100, li_recovered:  8.462, time: 0.01698695199957001
L: 0.50, u_super: 0.00137, sec: 74.435, prod: 0.029948, t_ads: 139.1, t_des: 134.3, bed_util_ads: 0.481, bed_util_des: 0.480, des_th: 0.47996178463564193,frac_lost: 0.106, li_recovered:  8.188, time: 0.0047177309988910565
L: 0.50, u_super: 0.00419, sec: 229.301, prod: 0.094123, t_ads: 46.3, t_des: 40.8, bed_util_ads: 0.500, bed_util_des: 0.500, des_th: 0.4999560937442746,frac_lost: 0.104, li_recovered:  8.200, time: 0.005819965999762644
L: 0.50, u_super: 0.00451, sec: 246.709, prod: 0.101490, t_ads: 43.0, t_des: 38.4, bed_util_ads: 0.499, bed_util_des: 0.499, des_th: 0.49861230738806306,frac_lost: 0.103, li_recovered:  8.268, time: 0.006074719000025652
L: 0.50, u_super: 0.00039, sec: 31.420, prod: 0.005584, t_ads: 481.5, t_des: 939.8, bed_util_ads: 0.362, bed_util_des: 0.341, des_th: 0.34138032007815206,frac_lost: 0.102, li_recovered:  7.937, time: 0.011680404999424354
L: 0.50, u_super: 0.00966, sec: 561.234, prod: 0.218802, t_ads: 20.2, t_des: 18.2, bed_util_ads: 0.500, bed_util_des: 0.500, des_th: 0.49994653182174875,frac_lost: 0.105, li_recovered:  8.407, time: 0.007280302999788546
L: 0.50, u_super: 0.00539, sec: 297.542, prod: 0.121676, t_ads: 36.0, t_des: 32.3, bed_util_ads: 0.499, bed_util_des: 0.499, des_th: 0.4991382045607005,frac_lost: 0.102, li_recovered:  8.307, time: 0.006883609001306468
L: 0.50, u_super: 0.00710, sec: 400.840, prod: 0.160193, t_ads: 27.6, t_des: 24.8, bed_util_ads: 0.500, bed_util_des: 0.500, des_th: 0.4999994258616389,frac_lost: 0.109, li_recovered:  8.395, time: 0.005580961998930434
L: 0.50, u_super: 0.00071, sec: 39.566, prod: 0.014972, t_ads: 261.5, t_des: 247.6, bed_util_ads: 0.472, bed_util_des: 0.470, des_th: 0.4700238178015581,frac_lost: 0.106, li_recovered:  7.622, time: 0.005819776999487658
L: 15.21, u_super: 0.00305 — INFEASIBLE (li_recovered=0.000e+00), time: 0.0018388009993941523
L: 0.50, u_super: 0.00573, sec: 329.737, prod: 0.124814, t_ads: 33.9, t_des: 35.5, bed_util_ads: 0.479, bed_util_des: 0.479, des_th: 0.478953228768469,frac_lost: 0.102, li_recovered:  8.653, time: 0.009303603999796906
L: 0.50, u_super: 0.00321, sec: 174.263, prod: 0.071794, t_ads: 60.0, t_des: 52.8, bed_util_ads: 0.500, bed_util_des: 0.500, des_th: 0.4997682787584793,frac_lost: 0.102, li_recovered:  8.100, time: 0.0074677680004242575
L: 0.50, u_super: 0.00955, sec: 554.576, prod: 0.216469, t_ads: 20.5, t_des: 18.4, bed_util_ads: 0.500, bed_util_des: 0.500, des_th: 0.49971719527472475,frac_lost: 0.105, li_recovered:  8.406, time: 0.005234715001279255
L: 44.36, u_super: 0.00011 — INFEASIBLE (li_recovered=0.000e+00), time: 0.0008336640003108187
L: 0.50, u_super: 0.00766, sec: 433.837, prod: 0.173707, t_ads: 25.4, t_des: 22.9, bed_util_ads: 0.499, bed_util_des: 0.499, des_th: 0.49904810332250865,frac_lost: 0.101, li_recovered:  8.384, time: 0.007973524001499754
L: 0.50, u_super: 0.00802, sec: 457.223, prod: 0.181389, t_ads: 24.4, t_des: 22.2, bed_util_ads: 0.499, bed_util_des: 0.499, des_th: 0.49896852666147695,frac_lost: 0.107, li_recovered:  8.452, time: 0.005472789000123157
L: 0.50, u_super: 0.00321, sec: 173.469, prod: 0.072122, t_ads: 59.9, t_des: 54.0, bed_util_ads: 0.496, bed_util_des: 0.496, des_th: 0.49620162048032895,frac_lost: 0.100, li_recovered:  8.218, time: 0.007786304999171989
L: 21.50, u_super: 0.00507 — INFEASIBLE (li_recovered=0.000e+00), time: 0.0013784839993604692
L: 0.50, u_super: 0.00345, sec: 187.431, prod: 0.077055, t_ads: 56.4, t_des: 49.8, bed_util_ads: 0.499, bed_util_des: 0.499, des_th: 0.4988365893971532,frac_lost: 0.107, li_recovered:  8.182, time: 0.006959435999306152
L: 0.50, u_super: 0.00163, sec: 88.729, prod: 0.035546, t_ads: 117.2, t_des: 101.4, bed_util_ads: 0.497, bed_util_des: 0.496, des_th: 0.4964075647534565,frac_lost: 0.105, li_recovered:  7.772, time: 0.012410028000886086
L: 0.50, u_super: 0.00477, sec: 261.799, prod: 0.107618, t_ads: 40.7, t_des: 36.8, bed_util_ads: 0.498, bed_util_des: 0.498, des_th: 0.4979130826288571,frac_lost: 0.104, li_recovered:  8.345, time: 0.0075352170006226515
L: 0.50, u_super: 0.00627, sec: 349.307, prod: 0.141755, t_ads: 31.0, t_des: 28.3, bed_util_ads: 0.498, bed_util_des: 0.498, des_th: 0.49794710107701545,frac_lost: 0.103, li_recovered:  8.415, time: 0.008261080000011134
L: 0.50, u_super: 0.00983, sec: 572.006, prod: 0.222879, t_ads: 19.9, t_des: 18.1, bed_util_ads: 0.499, bed_util_des: 0.499, des_th: 0.49925802515046824,frac_lost: 0.105, li_recovered:  8.457, time: 0.008120987000438618
L: 0.50, u_super: 0.00187, sec: 100.134, prod: 0.041305, t_ads: 102.5, t_des: 96.7, bed_util_ads: 0.487, bed_util_des: 0.486, des_th: 0.48642052543059855,frac_lost: 0.102, li_recovered:  8.230, time: 0.009530142000585329
L: 0.50, u_super: 0.00787, sec: 446.973, prod: 0.178454, t_ads: 24.7, t_des: 22.3, bed_util_ads: 0.499, bed_util_des: 0.499, des_th: 0.499152703696879,frac_lost: 0.102, li_recovered:  8.384, time: 0.009442911999940407
L: 0.50, u_super: 0.00361, sec: 195.903, prod: 0.080986, t_ads: 53.5, t_des: 47.5, bed_util_ads: 0.499, bed_util_des: 0.499, des_th: 0.49884754122195474,frac_lost: 0.101, li_recovered:  8.181, time: 0.008352889999514446
L: 0.50, u_super: 0.00990, sec: 576.469, prod: 0.224633, t_ads: 19.7, t_des: 17.7, bed_util_ads: 0.500, bed_util_des: 0.499, des_th: 0.4994188245109244,frac_lost: 0.103, li_recovered:  8.408, time: 0.00688736499978404
L: 0.50, u_super: 0.00884, sec: 509.027, prod: 0.200077, t_ads: 22.1, t_des: 19.8, bed_util_ads: 0.500, bed_util_des: 0.500, des_th: 0.4998288072510574,frac_lost: 0.106, li_recovered:  8.398, time: 0.006927222000740585
   410 |    16400 |     40 |  0.0034059182 |             f
L: 14.08, u_super: 0.00649 — INFEASIBLE (li_recovered=0.000e+00), time: 0.001920602000609506
L: 0.50, u_super: 0.00270, sec: 147.963, prod: 0.059371, t_ads: 71.3, t_des: 71.8, bed_util_ads: 0.481, bed_util_des: 0.480, des_th: 0.4802769253191345,frac_lost: 0.101, li_recovered:  8.496, time: 0.007578039998406894
L: 31.41, u_super: 0.00594 — INFEASIBLE (li_recovered=0.000e+00), time: 0.0017241089990420733
L: 0.50, u_super: 0.00386, sec: 215.861, prod: 0.084098, t_ads: 50.4, t_des: 51.8, bed_util_ads: 0.482, bed_util_des: 0.481, des_th: 0.4809675130229286,frac_lost: 0.105, li_recovered:  8.596, time: 0.007940667999719153
L: 0.50, u_super: 0.00451, sec: 247.047, prod: 0.101585, t_ads: 43.1, t_des: 38.9, bed_util_ads: 0.498, bed_util_des: 0.498, des_th: 0.4979130826288571,frac_lost: 0.105, li_recovered:  8.328, time: 0.005562070000451058
L: 0.50, u_super: 0.00345, sec: 186.855, prod: 0.077293, t_ads: 56.3, t_des: 51.0, bed_util_ads: 0.496, bed_util_des: 0.495, des_th: 0.49542078692321107,frac_lost: 0.106, li_recovered:  8.296, time: 0.007668356000067433
L: 16.58, u_super: 0.00990 — INFEASIBLE (li_recovered=0.000e+00), time: 0.0031134930013649864
L: 0.50, u_super: 0.00305, sec: 165.362, prod: 0.068045, t_ads: 63.3, t_des: 55.5, bed_util_ads: 0.499, bed_util_des: 0.499, des_th: 0.49863269512255853,frac_lost: 0.103, li_recovered:  8.085, time: 0.006880807999550598
L: 0.50, u_super: 0.00896, sec: 516.450, prod: 0.202922, t_ads: 21.8, t_des: 19.6, bed_util_ads: 0.500, bed_util_des: 0.500, des_th: 0.4998399421994753,frac_lost: 0.106, li_recovered:  8.404, time: 0.004741003998788074
L: 0.50, u_super: 0.00357, sec: 194.282, prod: 0.079926, t_ads: 54.4, t_des: 48.1, bed_util_ads: 0.500, bed_util_des: 0.499, des_th: 0.4994235692977258,frac_lost: 0.107, li_recovered:  8.197, time: 0.005820345999381971
L: 0.50, u_super: 0.00109, sec: 60.710, prod: 0.023148, t_ads: 171.7, t_des: 146.0, bed_util_ads: 0.493, bed_util_des: 0.492, des_th: 0.49249247362841636,frac_lost: 0.101, li_recovered:  7.354, time: 0.004564249000395648
L: 0.50, u_super: 0.00415, sec: 228.879, prod: 0.092220, t_ads: 46.9, t_des: 45.9, bed_util_ads: 0.487, bed_util_des: 0.486, des_th: 0.48642052543059855,frac_lost: 0.106, li_recovered:  8.557, time: 0.004614322999259457
L: 0.50, u_super: 0.00011 — INFEASIBLE (li_recovered=0.000e+00), time: 0.0018745469988061814
L: 0.50, u_super: 0.00594, sec: 329.791, prod: 0.134354, t_ads: 32.7, t_des: 29.6, bed_util_ads: 0.498, bed_util_des: 0.498, des_th: 0.49801737443838495,frac_lost: 0.102, li_recovered:  8.375, time: 0.004495690000112518
L: 0.50, u_super: 0.00499, sec: 294.982, prod: 0.104704, t_ads: 38.8, t_des: 43.8, bed_util_ads: 0.470, bed_util_des: 0.469, des_th: 0.46931612955591406,frac_lost: 0.101, li_recovered:  8.652, time: 0.004988285998479114
L: 0.50, u_super: 0.00176, sec: 96.096, prod: 0.038326, t_ads: 108.5, t_des: 92.6, bed_util_ads: 0.499, bed_util_des: 0.498, des_th: 0.49840010996053674,frac_lost: 0.103, li_recovered:  7.706, time: 0.00509411200073373
L: 0.50, u_super: 0.00415, sec: 226.679, prod: 0.093215, t_ads: 46.9, t_des: 41.8, bed_util_ads: 0.499, bed_util_des: 0.499, des_th: 0.4988681077326687,frac_lost: 0.106, li_recovered:  8.262, time: 0.004645744000299601
L: 52.55, u_super: 0.00537 — INFEASIBLE (li_recovered=0.000e+00), time: 0.0008877660002326593
L: 0.50, u_super: 0.00702, sec: 396.107, prod: 0.158497, t_ads: 27.9, t_des: 25.3, bed_util_ads: 0.498, bed_util_des: 0.498, des_th: 0.4979087192931575,frac_lost: 0.109, li_recovered:  8.441, time: 0.005990624998958083
L: 0.50, u_super: 0.00152, sec: 82.138, prod: 0.033265, t_ads: 125.9, t_des: 121.4, bed_util_ads: 0.482, bed_util_des: 0.481, des_th: 0.48067271424630936,frac_lost: 0.105, li_recovered:  8.226, time: 0.00689145400065172
L: 0.50, u_super: 0.00539, sec: 297.522, prod: 0.121684, t_ads: 36.0, t_des: 32.3, bed_util_ads: 0.499, bed_util_des: 0.499, des_th: 0.49916576585053246,frac_lost: 0.102, li_recovered:  8.308, time: 0.008070735000728746
L: 0.50, u_super: 0.00114 — INFEASIBLE (li_recovered=0.000e+00), time: 0.00437827899986587
L: 0.50, u_super: 0.00185, sec: 100.013, prod: 0.040670, t_ads: 103.2, t_des: 90.5, bed_util_ads: 0.496, bed_util_des: 0.495, des_th: 0.49525846082175745,frac_lost: 0.101, li_recovered:  7.879, time: 0.005138545999216149
L: 0.50, u_super: 0.00754, sec: 427.992, prod: 0.170376, t_ads: 26.0, t_des: 23.6, bed_util_ads: 0.499, bed_util_des: 0.499, des_th: 0.49888066739410214,frac_lost: 0.109, li_recovered:  8.446, time: 0.006832135999502498
L: 0.50, u_super: 0.00677, sec: 378.899, prod: 0.153399, t_ads: 28.6, t_des: 26.0, bed_util_ads: 0.498, bed_util_des: 0.498, des_th: 0.49793428374108795,frac_lost: 0.100, li_recovered:  8.385, time: 0.005907307000597939
L: 0.50, u_super: 0.00006, sec: 5.290, prod: 0.000815, t_ads: 2935.1, t_des: 5476.7, bed_util_ads: 0.257, bed_util_des: 0.185, des_th: 0.1851696623157332,frac_lost: 0.101, li_recovered:  6.854, time: 0.009062277000339236
L: 0.50, u_super: 0.00310, sec: 167.842, prod: 0.069176, t_ads: 62.2, t_des: 54.7, bed_util_ads: 0.499, bed_util_des: 0.499, des_th: 0.4986443567669562,frac_lost: 0.101, li_recovered:  8.082, time: 0.006094858999858843
L: 0.50, u_super: 0.00980, sec: 569.973, prod: 0.222204, t_ads: 19.9, t_des: 17.9, bed_util_ads: 0.500, bed_util_des: 0.500, des_th: 0.49974224782635335,frac_lost: 0.104, li_recovered:  8.404, time: 0.007253845000377623
L: 0.50, u_super: 0.00191, sec: 104.130, prod: 0.041693, t_ads: 100.1, t_des: 85.4, bed_util_ads: 0.500, bed_util_des: 0.500, des_th: 0.4999560937442746,frac_lost: 0.102, li_recovered:  7.733, time: 0.007481947999622207
L: 9.53, u_super: 0.00748, sec: 29091.490, prod: 0.046990, t_ads: 503.2, t_des: 3023.4, bed_util_ads: 0.245, bed_util_des: 0.203, des_th: 0.2030348357656586,frac_lost: 0.104, li_recovered:  165.717, time: 0.029413649999696645
L: 56.53, u_super: 0.00477 — INFEASIBLE (li_recovered=0.000e+00), time: 0.0012574039992614416
L: 0.50, u_super: 0.00088 — INFEASIBLE (li_recovered=0.000e+00), time: 0.0040633109983900795
L: 0.50, u_super: 0.00615, sec: 342.257, prod: 0.139060, t_ads: 31.6, t_des: 28.5, bed_util_ads: 0.498, bed_util_des: 0.498, des_th: 0.4979226220966905,frac_lost: 0.102, li_recovered:  8.364, time: 0.008216959999117535
L: 0.50, u_super: 0.00933, sec: 540.060, prod: 0.211265, t_ads: 21.0, t_des: 19.2, bed_util_ads: 0.497, bed_util_des: 0.497, des_th: 0.49704218596442995,frac_lost: 0.106, li_recovered:  8.493, time: 0.006437231000745669
L: 0.50, u_super: 0.00767, sec: 434.385, prod: 0.173701, t_ads: 25.4, t_des: 22.9, bed_util_ads: 0.500, bed_util_des: 0.500, des_th: 0.4999564397635722,frac_lost: 0.102, li_recovered:  8.383, time: 0.007247084999107756
L: 4.40, u_super: 0.00414 — INFEASIBLE (li_recovered=0.000e+00), time: 0.004766281999764033
L: 0.50, u_super: 0.00787, sec: 446.298, prod: 0.178510, t_ads: 24.7, t_des: 22.3, bed_util_ads: 0.499, bed_util_des: 0.499, des_th: 0.49904791922773567,frac_lost: 0.100, li_recovered:  8.388, time: 0.011223358998904587
L: 0.50, u_super: 0.00121, sec: 65.474, prod: 0.026339, t_ads: 156.8, t_des: 147.6, bed_util_ads: 0.482, bed_util_des: 0.481, des_th: 0.4811251988499394,frac_lost: 0.104, li_recovered:  8.016, time: 0.00807628100119473
L: 0.50, u_super: 0.00643, sec: 358.578, prod: 0.145524, t_ads: 30.2, t_des: 27.4, bed_util_ads: 0.498, bed_util_des: 0.498, des_th: 0.4979087192931575,frac_lost: 0.101, li_recovered:  8.374, time: 0.00913641500119411
L: 0.50, u_super: 0.00230, sec: 124.021, prod: 0.051183, t_ads: 83.8, t_des: 75.3, bed_util_ads: 0.494, bed_util_des: 0.494, des_th: 0.4939673395850143,frac_lost: 0.106, li_recovered:  8.141, time: 0.00845728300009796
   411 |    16440 |     40 |  0.0016401134 |             f
L: 0.50, u_super: 0.00255, sec: 139.240, prod: 0.056183, t_ads: 75.5, t_des: 75.3, bed_util_ads: 0.483, bed_util_des: 0.482, des_th: 0.48202388188546164,frac_lost: 0.103, li_recovered:  8.472, time: 0.008841577000566758
L: 0.50, u_super: 0.00212, sec: 866.572, prod: 0.006199, t_ads: 92.8, t_des: 1326.1, bed_util_ads: 0.196, bed_util_des: 0.184, des_th: 0.1835411939029532,frac_lost: 0.105, li_recovered:  8.795, time: 0.049915356999918004
L: 0.50, u_super: 0.00989, sec: 575.938, prod: 0.224275, t_ads: 19.7, t_des: 17.9, bed_util_ads: 0.499, bed_util_des: 0.499, des_th: 0.4992560867752709,frac_lost: 0.105, li_recovered:  8.453, time: 0.0070809000008011935
L: 0.50, u_super: 0.00785, sec: 446.928, prod: 0.177394, t_ads: 25.0, t_des: 22.9, bed_util_ads: 0.498, bed_util_des: 0.498, des_th: 0.4979130826288571,frac_lost: 0.108, li_recovered:  8.483, time: 0.010434072999487398
L: 0.50, u_super: 0.00959, sec: 691.106, prod: 0.175114, t_ads: 20.4, t_des: 29.4, bed_util_ads: 0.441, bed_util_des: 0.440, des_th: 0.440026674370487,frac_lost: 0.105, li_recovered:  8.724, time: 0.009846916000242345
L: 0.50, u_super: 0.00372, sec: 202.845, prod: 0.083311, t_ads: 52.3, t_des: 46.2, bed_util_ads: 0.499, bed_util_des: 0.499, des_th: 0.49908623498551374,frac_lost: 0.108, li_recovered:  8.207, time: 0.011955222000324284
L: 0.50, u_super: 0.00990, sec: 576.375, prod: 0.224671, t_ads: 19.7, t_des: 17.9, bed_util_ads: 0.500, bed_util_des: 0.499, des_th: 0.49942132725883337,frac_lost: 0.103, li_recovered:  8.450, time: 0.02091102200029127
L: 0.50, u_super: 0.00950, sec: 573.863, prod: 0.206652, t_ads: 20.5, t_des: 21.6, bed_util_ads: 0.480, bed_util_des: 0.480, des_th: 0.47996178463564193,frac_lost: 0.104, li_recovered:  8.701, time: 0.009198575999107561
L: 0.50, u_super: 0.00507, sec: 278.904, prod: 0.114318, t_ads: 38.3, t_des: 34.2, bed_util_ads: 0.500, bed_util_des: 0.500, des_th: 0.4998399421994753,frac_lost: 0.102, li_recovered:  8.290, time: 0.008105024999167654
L: 0.50, u_super: 0.00028, sec: 26.425, prod: 0.003486, t_ads: 671.9, t_des: 1621.1, bed_util_ads: 0.324, bed_util_des: 0.291, des_th: 0.2908084541653321,frac_lost: 0.105, li_recovered:  7.994, time: 0.01161963599952287
L: 0.50, u_super: 0.00702, sec: 427.575, prod: 0.146832, t_ads: 27.9, t_des: 31.3, bed_util_ads: 0.472, bed_util_des: 0.472, des_th: 0.471559591631094,frac_lost: 0.107, li_recovered:  8.695, time: 0.0072761280007398454
L: 0.50, u_super: 0.00710, sec: 399.181, prod: 0.160859, t_ads: 27.4, t_des: 25.1, bed_util_ads: 0.498, bed_util_des: 0.498, des_th: 0.49800255627474754,frac_lost: 0.101, li_recovered:  8.434, time: 0.005680345999280689
L: 0.50, u_super: 0.00101, sec: 54.755, prod: 0.021677, t_ads: 186.8, t_des: 173.1, bed_util_ads: 0.482, bed_util_des: 0.481, des_th: 0.4811251988499394,frac_lost: 0.102, li_recovered:  7.803, time: 0.005221874000199023
L: 0.50, u_super: 0.00843, sec: 482.875, prod: 0.190677, t_ads: 23.2, t_des: 21.3, bed_util_ads: 0.497, bed_util_des: 0.497, des_th: 0.4970415092401768,frac_lost: 0.106, li_recovered:  8.489, time: 0.005241266999291838
L: 0.50, u_super: 0.00039, sec: 30.820, prod: 0.005693, t_ads: 481.8, t_des: 908.7, bed_util_ads: 0.366, bed_util_des: 0.346, des_th: 0.34646119344461634,frac_lost: 0.104, li_recovered:  7.917, time: 0.017052674998922157
L: 27.27, u_super: 0.00681 — INFEASIBLE (li_recovered=0.000e+00), time: 0.0030222209989005933
L: 0.50, u_super: 0.00647, sec: 361.910, prod: 0.146394, t_ads: 30.0, t_des: 26.9, bed_util_ads: 0.500, bed_util_des: 0.500, des_th: 0.4997165793492821,frac_lost: 0.102, li_recovered:  8.325, time: 0.00841609300005075
L: 0.50, u_super: 0.00539, sec: 297.396, prod: 0.121735, t_ads: 35.9, t_des: 32.2, bed_util_ads: 0.499, bed_util_des: 0.499, des_th: 0.49924347978660844,frac_lost: 0.101, li_recovered:  8.300, time: 0.013846864998413366
L: 0.50, u_super: 0.00005, sec: 4.332, prod: 0.000668, t_ads: 3402.0, t_des: 5777.8, bed_util_ads: 0.251, bed_util_des: 0.185, des_th: 0.1851696623157332,frac_lost: 0.100, li_recovered:  6.135, time: 0.0134425670003111
L: 0.50, u_super: 0.00971, sec: 565.948, prod: 0.219742, t_ads: 20.1, t_des: 18.7, bed_util_ads: 0.497, bed_util_des: 0.497, des_th: 0.4968101252164431,frac_lost: 0.106, li_recovered:  8.542, time: 0.014191856000252301
L: 21.51, u_super: 0.00727 — INFEASIBLE (li_recovered=0.000e+00), time: 0.003367405999597395
L: 0.50, u_super: 0.00005 — INFEASIBLE (li_recovered=0.000e+00), time: 0.00434040899926913
L: 0.50, u_super: 0.00843, sec: 483.178, prod: 0.190646, t_ads: 23.2, t_des: 20.8, bed_util_ads: 0.500, bed_util_des: 0.500, des_th: 0.4998399421994753,frac_lost: 0.107, li_recovered:  8.396, time: 0.008609282000179519
L: 0.50, u_super: 0.00479, sec: 263.043, prod: 0.107800, t_ads: 40.6, t_des: 36.2, bed_util_ads: 0.499, bed_util_des: 0.499, des_th: 0.49907360689043795,frac_lost: 0.105, li_recovered:  8.283, time: 0.006555601999934879
L: 16.29, u_super: 0.00670 — INFEASIBLE (li_recovered=0.000e+00), time: 0.003714189999300288
L: 17.35, u_super: 0.00753 — INFEASIBLE (li_recovered=0.000e+00), time: 0.004594618001647177
L: 0.50, u_super: 0.00270, sec: 147.321, prod: 0.059629, t_ads: 71.2, t_des: 71.0, bed_util_ads: 0.482, bed_util_des: 0.481, des_th: 0.481355884087784,frac_lost: 0.101, li_recovered:  8.479, time: 0.010303330000169808
L: 0.50, u_super: 0.00082 — INFEASIBLE (li_recovered=0.000e+00), time: 0.0042015630006062565
L: 0.50, u_super: 0.00539, sec: 303.247, prod: 0.119387, t_ads: 36.1, t_des: 36.1, bed_util_ads: 0.486, bed_util_des: 0.485, des_th: 0.4854967030614266,frac_lost: 0.103, li_recovered:  8.618, time: 0.00658309000027657
L: 0.50, u_super: 0.00111, sec: 61.011, prod: 0.023605, t_ads: 171.3, t_des: 174.8, bed_util_ads: 0.471, bed_util_des: 0.469, des_th: 0.46876418095350325,frac_lost: 0.104, li_recovered:  8.168, time: 0.006849404999229591
L: 0.50, u_super: 0.00594, sec: 330.075, prod: 0.134239, t_ads: 32.7, t_des: 29.3, bed_util_ads: 0.500, bed_util_des: 0.500, des_th: 0.49995305062372963,frac_lost: 0.103, li_recovered:  8.325, time: 0.005317883998941397
L: 0.50, u_super: 0.00586, sec: 325.045, prod: 0.132320, t_ads: 33.2, t_des: 29.7, bed_util_ads: 0.499, bed_util_des: 0.499, des_th: 0.49916501283460096,frac_lost: 0.102, li_recovered:  8.315, time: 0.005978107999908389
L: 0.50, u_super: 0.00982, sec: 571.216, prod: 0.222707, t_ads: 19.9, t_des: 18.1, bed_util_ads: 0.499, bed_util_des: 0.499, des_th: 0.4988145945868841,frac_lost: 0.104, li_recovered:  8.456, time: 0.0055103529994084965
L: 0.50, u_super: 0.00963, sec: 559.841, prod: 0.218075, t_ads: 20.3, t_des: 18.9, bed_util_ads: 0.496, bed_util_des: 0.496, des_th: 0.49600308140750926,frac_lost: 0.104, li_recovered:  8.535, time: 0.005685445999915828
L: 54.12, u_super: 0.00043 — INFEASIBLE (li_recovered=0.000e+00), time: 0.0014063109993003309
L: 0.50, u_super: 0.00804, sec: 457.009, prod: 0.182468, t_ads: 24.1, t_des: 22.1, bed_util_ads: 0.498, bed_util_des: 0.498, des_th: 0.4979087192931575,frac_lost: 0.100, li_recovered:  8.430, time: 0.01024698199944396
L: 0.50, u_super: 0.00212, sec: 113.830, prod: 0.047189, t_ads: 90.2, t_des: 82.1, bed_util_ads: 0.493, bed_util_des: 0.493, des_th: 0.4928836032999331,frac_lost: 0.101, li_recovered:  8.132, time: 0.0056918139998742845
L: 0.50, u_super: 0.00507, sec: 279.059, prod: 0.114255, t_ads: 38.3, t_des: 34.2, bed_util_ads: 0.500, bed_util_des: 0.500, des_th: 0.4998399421994753,frac_lost: 0.103, li_recovered:  8.282, time: 0.005397566999818082
L: 0.50, u_super: 0.00955, sec: 554.146, prod: 0.216603, t_ads: 20.4, t_des: 18.5, bed_util_ads: 0.500, bed_util_des: 0.500, des_th: 0.49971719527472475,frac_lost: 0.105, li_recovered:  8.436, time: 0.004790808001416735
L: 0.50, u_super: 0.00977, sec: 568.080, prod: 0.221422, t_ads: 20.0, t_des: 18.2, bed_util_ads: 0.499, bed_util_des: 0.499, des_th: 0.49916393336883175,frac_lost: 0.105, li_recovered:  8.450, time: 0.004619347000698326
   412 |    16480 |     40 |  0.0020407092 |             f
L: 17.71, u_super: 0.00911 — INFEASIBLE (li_recovered=0.000e+00), time: 0.0024878909989638487
L: 0.50, u_super: 0.00677, sec: 380.553, prod: 0.152732, t_ads: 28.9, t_des: 26.0, bed_util_ads: 0.499, bed_util_des: 0.499, des_th: 0.49919336795373,frac_lost: 0.108, li_recovered:  8.391, time: 0.008545274000425707
L: 0.50, u_super: 0.00321, sec: 173.984, prod: 0.071909, t_ads: 60.5, t_des: 54.6, bed_util_ads: 0.497, bed_util_des: 0.496, des_th: 0.49620162048032895,frac_lost: 0.108, li_recovered:  8.274, time: 0.00613850999980059
L: 0.50, u_super: 0.00539, sec: 297.422, prod: 0.121725, t_ads: 36.1, t_des: 33.0, bed_util_ads: 0.497, bed_util_des: 0.497, des_th: 0.49706416860291575,frac_lost: 0.103, li_recovered:  8.405, time: 0.007792029000484035
L: 0.50, u_super: 0.00797, sec: 472.726, prod: 0.173160, t_ads: 24.6, t_des: 25.6, bed_util_ads: 0.482, bed_util_des: 0.481, des_th: 0.4814386524676224,frac_lost: 0.107, li_recovered:  8.692, time: 0.007146191999709117
L: 0.50, u_super: 0.00915, sec: 529.265, prod: 0.207159, t_ads: 21.4, t_des: 19.8, bed_util_ads: 0.497, bed_util_des: 0.497, des_th: 0.4968101252164431,frac_lost: 0.105, li_recovered:  8.526, time: 0.005501010999068967
L: 0.50, u_super: 0.00006, sec: 5.242, prod: 0.000784, t_ads: 3068.5, t_des: 6003.8, bed_util_ads: 0.252, bed_util_des: 0.176, des_th: 0.1758438935259473,frac_lost: 0.102, li_recovered:  7.114, time: 0.007105030999809969
L: 0.50, u_super: 0.00507, sec: 278.904, prod: 0.114318, t_ads: 38.3, t_des: 34.2, bed_util_ads: 0.500, bed_util_des: 0.500, des_th: 0.4998399421994753,frac_lost: 0.102, li_recovered:  8.290, time: 0.006487007000032463
L: 0.50, u_super: 0.00305, sec: 165.338, prod: 0.068055, t_ads: 63.2, t_des: 55.5, bed_util_ads: 0.499, bed_util_des: 0.499, des_th: 0.49862214883699374,frac_lost: 0.102, li_recovered:  8.080, time: 0.006060350999177899
L: 0.50, u_super: 0.00717, sec: 483.817, prod: 0.135422, t_ads: 27.3, t_des: 37.0, bed_util_ads: 0.448, bed_util_des: 0.448, des_th: 0.44752707966806937,frac_lost: 0.106, li_recovered:  8.705, time: 0.00670884700048191
L: 3.63, u_super: 0.00005 — INFEASIBLE (li_recovered=0.000e+00), time: 0.0008548759997211164
L: 0.50, u_super: 0.00127, sec: 68.654, prod: 0.027748, t_ads: 149.0, t_des: 142.1, bed_util_ads: 0.482, bed_util_des: 0.481, des_th: 0.4811251988499394,frac_lost: 0.102, li_recovered:  8.077, time: 0.005879526999706286
L: 4.18, u_super: 0.00772 — INFEASIBLE (li_recovered=0.000e+00), time: 0.003362522998941131
L: 0.50, u_super: 0.00109, sec: 59.397, prod: 0.023659, t_ads: 173.3, t_des: 161.6, bed_util_ads: 0.482, bed_util_des: 0.481, des_th: 0.4811251988499394,frac_lost: 0.106, li_recovered:  7.924, time: 0.004551320000246051
L: 0.50, u_super: 0.00845, sec: 484.512, prod: 0.191264, t_ads: 23.2, t_des: 21.1, bed_util_ads: 0.499, bed_util_des: 0.499, des_th: 0.49877681411774943,frac_lost: 0.107, li_recovered:  8.459, time: 0.006519970000226749
L: 0.50, u_super: 0.00384, sec: 209.265, prod: 0.086170, t_ads: 50.7, t_des: 45.2, bed_util_ads: 0.498, bed_util_des: 0.498, des_th: 0.49787176686628487,frac_lost: 0.107, li_recovered:  8.265, time: 0.005044109000664321
L: 0.50, u_super: 0.00134, sec: 76.758, prod: 0.027766, t_ads: 142.5, t_des: 157.7, bed_util_ads: 0.463, bed_util_des: 0.460, des_th: 0.46050474604227576,frac_lost: 0.106, li_recovered:  8.336, time: 0.006935080000403104
L: 9.83, u_super: 0.00802 — INFEASIBLE (li_recovered=0.000e+00), time: 0.0026401940012874547
L: 0.50, u_super: 0.00577, sec: 342.186, prod: 0.121995, t_ads: 33.7, t_des: 37.4, bed_util_ads: 0.473, bed_util_des: 0.473, des_th: 0.4725946223898489,frac_lost: 0.102, li_recovered:  8.668, time: 0.006797806001486606
L: 0.50, u_super: 0.00702, sec: 395.623, prod: 0.158691, t_ads: 27.8, t_des: 25.0, bed_util_ads: 0.499, bed_util_des: 0.499, des_th: 0.49910453054334475,frac_lost: 0.106, li_recovered:  8.379, time: 0.006556325999554247
L: 0.50, u_super: 0.00134 — INFEASIBLE (li_recovered=0.000e+00), time: 0.003059905999180046
L: 0.50, u_super: 0.00137, sec: 81.869, prod: 0.027228, t_ads: 139.3, t_des: 168.0, bed_util_ads: 0.452, bed_util_des: 0.449, des_th: 0.4494222002139294,frac_lost: 0.104, li_recovered:  8.369, time: 0.0069084599999769125
L: 0.50, u_super: 0.00221, sec: 119.102, prod: 0.048922, t_ads: 87.5, t_des: 77.8, bed_util_ads: 0.496, bed_util_des: 0.495, des_th: 0.49528524999234397,frac_lost: 0.107, li_recovered:  8.085, time: 0.00548919900029432
L: 0.50, u_super: 0.00270, sec: 147.321, prod: 0.059629, t_ads: 71.2, t_des: 71.0, bed_util_ads: 0.482, bed_util_des: 0.481, des_th: 0.481355884087784,frac_lost: 0.101, li_recovered:  8.479, time: 0.008119217000057688
L: 0.50, u_super: 0.00702, sec: 395.702, prod: 0.158659, t_ads: 27.9, t_des: 25.3, bed_util_ads: 0.498, bed_util_des: 0.498, des_th: 0.4979192655787222,frac_lost: 0.107, li_recovered:  8.432, time: 0.0074129929998889565
L: 0.50, u_super: 0.00933, sec: 540.338, prod: 0.211329, t_ads: 21.0, t_des: 19.2, bed_util_ads: 0.497, bed_util_des: 0.497, des_th: 0.4970792897618287,frac_lost: 0.106, li_recovered:  8.496, time: 0.009816059000513633
L: 0.50, u_super: 0.00933, sec: 14135.092, prod: 0.008072, t_ads: 21.1, t_des: 1068.6, bed_util_ads: 0.118, bed_util_des: 0.115, des_th: 0.11454268998673393,frac_lost: 0.108, li_recovered:  8.797, time: 0.12995467799919425
L: 0.50, u_super: 0.00354, sec: 236.574, prod: 0.064352, t_ads: 54.9, t_des: 79.3, bed_util_ads: 0.438, bed_util_des: 0.436, des_th: 0.43628238888308607,frac_lost: 0.104, li_recovered:  8.634, time: 0.009093202999792993
L: 0.50, u_super: 0.00677, sec: 380.552, prod: 0.152733, t_ads: 28.9, t_des: 26.0, bed_util_ads: 0.500, bed_util_des: 0.500, des_th: 0.4995722623103618,frac_lost: 0.108, li_recovered:  8.386, time: 0.005702123000446591
L: 0.50, u_super: 0.00505, sec: 277.789, prod: 0.113908, t_ads: 38.4, t_des: 34.4, bed_util_ads: 0.500, bed_util_des: 0.500, des_th: 0.4998827699738848,frac_lost: 0.102, li_recovered:  8.294, time: 0.008000443998753326
L: 7.67, u_super: 0.00452 — INFEASIBLE (li_recovered=0.000e+00), time: 0.0037093740011187037
L: 0.50, u_super: 0.00887, sec: 510.976, prod: 0.200682, t_ads: 22.1, t_des: 20.0, bed_util_ads: 0.500, bed_util_des: 0.500, des_th: 0.49982169656589026,frac_lost: 0.107, li_recovered:  8.445, time: 0.007100392000211286
L: 0.50, u_super: 0.00629, sec: 351.050, prod: 0.142040, t_ads: 30.8, t_des: 29.2, bed_util_ads: 0.493, bed_util_des: 0.493, des_th: 0.4928836032999331,frac_lost: 0.100, li_recovered:  8.524, time: 0.006907745999342296
L: 39.01, u_super: 0.00553 — INFEASIBLE (li_recovered=0.000e+00), time: 0.001541607000035583
L: 0.50, u_super: 0.00777, sec: 440.815, prod: 0.176230, t_ads: 25.0, t_des: 22.8, bed_util_ads: 0.498, bed_util_des: 0.498, des_th: 0.4979130826288571,frac_lost: 0.102, li_recovered:  8.433, time: 0.005232640000031097
L: 0.50, u_super: 0.00009, sec: 8.322, prod: 0.001051, t_ads: 2182.9, t_des: 5184.1, bed_util_ads: 0.260, bed_util_des: 0.185, des_th: 0.1851696623157332,frac_lost: 0.103, li_recovered:  7.743, time: 0.011163163999299286
L: 0.50, u_super: 0.00313, sec: 168.902, prod: 0.069948, t_ads: 61.7, t_des: 54.9, bed_util_ads: 0.498, bed_util_des: 0.498, des_th: 0.4976142281800717,frac_lost: 0.101, li_recovered:  8.157, time: 0.008084521999990102
L: 8.43, u_super: 0.00955 — INFEASIBLE (li_recovered=0.000e+00), time: 0.005425964998721611
L: 0.50, u_super: 0.00584, sec: 324.456, prod: 0.131960, t_ads: 33.3, t_des: 29.7, bed_util_ads: 0.499, bed_util_des: 0.499, des_th: 0.49916501283460096,frac_lost: 0.103, li_recovered:  8.308, time: 0.007582381000247551
L: 0.50, u_super: 0.00334, sec: 180.713, prod: 0.074900, t_ads: 57.7, t_des: 51.4, bed_util_ads: 0.499, bed_util_des: 0.499, des_th: 0.49863269512255853,frac_lost: 0.100, li_recovered:  8.166, time: 0.012296124999920721
   413 |    16520 |     40 |  0.0029400236 |             f
L: 0.50, u_super: 0.00696, sec: 391.059, prod: 0.157857, t_ads: 27.9, t_des: 25.2, bed_util_ads: 0.499, bed_util_des: 0.499, des_th: 0.49928924323721663,frac_lost: 0.101, li_recovered:  8.373, time: 0.00784848500006774
L: 0.50, u_super: 0.00955, sec: 554.264, prod: 0.216557, t_ads: 20.4, t_des: 18.4, bed_util_ads: 0.500, bed_util_des: 0.500, des_th: 0.49971719527472475,frac_lost: 0.104, li_recovered:  8.404, time: 0.014975161000620574
L: 0.50, u_super: 0.00754, sec: 427.809, prod: 0.170498, t_ads: 26.0, t_des: 23.6, bed_util_ads: 0.499, bed_util_des: 0.499, des_th: 0.4991775473705521,frac_lost: 0.108, li_recovered:  8.444, time: 0.016898298999876715
L: 44.56, u_super: 0.00710 — INFEASIBLE (li_recovered=0.000e+00), time: 0.0026831450013560243
L: 0.50, u_super: 0.00505, sec: 278.144, prod: 0.113762, t_ads: 38.5, t_des: 34.3, bed_util_ads: 0.500, bed_util_des: 0.500, des_th: 0.4998830167440804,frac_lost: 0.104, li_recovered:  8.285, time: 0.008906021999791847
L: 0.50, u_super: 0.00382, sec: 207.903, prod: 0.085649, t_ads: 51.0, t_des: 45.6, bed_util_ads: 0.498, bed_util_des: 0.498, des_th: 0.49787176686628487,frac_lost: 0.107, li_recovered:  8.272, time: 0.010246993000691873
L: 0.50, u_super: 0.00303, sec: 163.306, prod: 0.067693, t_ads: 63.6, t_des: 56.7, bed_util_ads: 0.497, bed_util_des: 0.497, des_th: 0.49694763080294674,frac_lost: 0.100, li_recovered:  8.142, time: 0.009314500999607844
L: 9.00, u_super: 0.00091, sec: 1434.339, prod: 0.012124, t_ads: 3500.9, t_des: 6358.8, bed_util_ads: 0.248, bed_util_des: 0.174, des_th: 0.1746965450412157,frac_lost: 0.101, li_recovered:  119.544, time: 0.01154724999832979
L: 0.50, u_super: 0.00203, sec: 109.395, prod: 0.044768, t_ads: 94.2, t_des: 82.9, bed_util_ads: 0.497, bed_util_des: 0.497, des_th: 0.49666170164850304,frac_lost: 0.100, li_recovered:  7.929, time: 0.006136956999398535
L: 0.50, u_super: 0.00039, sec: 31.760, prod: 0.005524, t_ads: 482.6, t_des: 957.4, bed_util_ads: 0.360, bed_util_des: 0.339, des_th: 0.3389677431511585,frac_lost: 0.103, li_recovered:  7.955, time: 0.010381844000221463
L: 0.50, u_super: 0.00590, sec: 327.716, prod: 0.133223, t_ads: 32.9, t_des: 30.9, bed_util_ads: 0.494, bed_util_des: 0.494, des_th: 0.4936547004958783,frac_lost: 0.102, li_recovered:  8.496, time: 0.007359091001490015
L: 0.50, u_super: 0.00268, sec: 146.527, prod: 0.059045, t_ads: 72.0, t_des: 71.8, bed_util_ads: 0.483, bed_util_des: 0.482, des_th: 0.48188563050983674,frac_lost: 0.103, li_recovered:  8.487, time: 0.006103144000007887
L: 0.50, u_super: 0.00921, sec: 533.090, prod: 0.208452, t_ads: 21.3, t_des: 19.2, bed_util_ads: 0.499, bed_util_des: 0.499, des_th: 0.49916501283460096,frac_lost: 0.108, li_recovered:  8.444, time: 0.006858003998786444
L: 0.50, u_super: 0.00425, sec: 232.366, prod: 0.095450, t_ads: 45.9, t_des: 41.3, bed_util_ads: 0.498, bed_util_des: 0.498, des_th: 0.4979130826288571,frac_lost: 0.108, li_recovered:  8.326, time: 0.006134072000349988
L: 0.50, u_super: 0.00373, sec: 202.799, prod: 0.083770, t_ads: 52.0, t_des: 48.3, bed_util_ads: 0.493, bed_util_des: 0.493, des_th: 0.4927901114179671,frac_lost: 0.105, li_recovered:  8.402, time: 0.008846925000398187
L: 0.50, u_super: 0.00168, sec: 91.091, prod: 0.036812, t_ads: 113.7, t_des: 112.1, bed_util_ads: 0.481, bed_util_des: 0.480, des_th: 0.47996178463564193,frac_lost: 0.102, li_recovered:  8.313, time: 0.009030980001625721
L: 0.50, u_super: 0.00215, sec: 117.003, prod: 0.047234, t_ads: 89.7, t_des: 77.1, bed_util_ads: 0.499, bed_util_des: 0.499, des_th: 0.499013389228742,frac_lost: 0.107, li_recovered:  7.878, time: 0.008251516999735031
L: 18.75, u_super: 0.00955 — INFEASIBLE (li_recovered=0.000e+00), time: 0.0035030300005018944
L: 0.50, u_super: 0.00913, sec: 527.337, prod: 0.206754, t_ads: 21.4, t_des: 19.7, bed_util_ads: 0.497, bed_util_des: 0.497, des_th: 0.4968101252164431,frac_lost: 0.105, li_recovered:  8.495, time: 0.00894252900070569
L: 0.50, u_super: 0.00419, sec: 229.381, prod: 0.094090, t_ads: 46.3, t_des: 40.8, bed_util_ads: 0.500, bed_util_des: 0.500, des_th: 0.49996417210198724,frac_lost: 0.105, li_recovered:  8.202, time: 0.008121451999613782
L: 0.50, u_super: 0.00845, sec: 484.986, prod: 0.191028, t_ads: 23.1, t_des: 21.5, bed_util_ads: 0.496, bed_util_des: 0.496, des_th: 0.4956688911596765,frac_lost: 0.106, li_recovered:  8.532, time: 0.00882933499997307
L: 0.50, u_super: 0.00396, sec: 215.177, prod: 0.088892, t_ads: 49.1, t_des: 44.5, bed_util_ads: 0.497, bed_util_des: 0.496, des_th: 0.49636675284072806,frac_lost: 0.105, li_recovered:  8.318, time: 0.01140645899977244
L: 0.50, u_super: 0.00507, sec: 279.065, prod: 0.114252, t_ads: 38.3, t_des: 34.2, bed_util_ads: 0.500, bed_util_des: 0.500, des_th: 0.499889900094292,frac_lost: 0.104, li_recovered:  8.293, time: 0.009944486000676989
L: 0.50, u_super: 0.00257, sec: 163.005, prod: 0.048797, t_ads: 75.3, t_des: 100.3, bed_util_ads: 0.445, bed_util_des: 0.443, des_th: 0.4434437855060545,frac_lost: 0.105, li_recovered:  8.572, time: 0.010397223999461858
L: 0.50, u_super: 0.00137, sec: 74.291, prod: 0.030006, t_ads: 139.0, t_des: 132.6, bed_util_ads: 0.483, bed_util_des: 0.482, des_th: 0.4816090907325537,frac_lost: 0.106, li_recovered:  8.150, time: 0.01062411500060989
L: 0.50, u_super: 0.00983, sec: 571.833, prod: 0.223113, t_ads: 19.8, t_des: 18.0, bed_util_ads: 0.500, bed_util_des: 0.499, des_th: 0.49942132725883337,frac_lost: 0.103, li_recovered:  8.445, time: 0.009479098000156227
L: 23.05, u_super: 0.00804 — INFEASIBLE (li_recovered=0.000e+00), time: 0.0026823379994311836
L: 0.50, u_super: 0.00221, sec: 119.721, prod: 0.048669, t_ads: 87.5, t_des: 75.9, bed_util_ads: 0.498, bed_util_des: 0.498, des_th: 0.4981241942979295,frac_lost: 0.107, li_recovered:  7.950, time: 0.0094885839989729
L: 0.50, u_super: 0.00647, sec: 361.609, prod: 0.146516, t_ads: 29.9, t_des: 26.8, bed_util_ads: 0.500, bed_util_des: 0.500, des_th: 0.4997165793492821,frac_lost: 0.100, li_recovered:  8.320, time: 0.008606844001405989
L: 0.50, u_super: 0.00806, sec: 509.929, prod: 0.164395, t_ads: 24.3, t_des: 28.7, bed_util_ads: 0.466, bed_util_des: 0.466, des_th: 0.4656664876859662,frac_lost: 0.106, li_recovered:  8.707, time: 0.00821152299977257
L: 0.50, u_super: 0.00599, sec: 332.364, prod: 0.135520, t_ads: 32.4, t_des: 29.7, bed_util_ads: 0.497, bed_util_des: 0.497, des_th: 0.4968101252164431,frac_lost: 0.101, li_recovered:  8.412, time: 0.008413388999542804
L: 0.50, u_super: 0.00710, sec: 399.181, prod: 0.160859, t_ads: 27.4, t_des: 25.1, bed_util_ads: 0.498, bed_util_des: 0.498, des_th: 0.49800255627474754,frac_lost: 0.101, li_recovered:  8.434, time: 0.006611192999116611
L: 0.50, u_super: 0.00211, sec: 114.743, prod: 0.046326, t_ads: 91.5, t_des: 78.7, bed_util_ads: 0.499, bed_util_des: 0.499, des_th: 0.4987152331397716,frac_lost: 0.108, li_recovered:  7.887, time: 0.008187722000002395
L: 0.50, u_super: 0.00630, sec: 351.322, prod: 0.142696, t_ads: 30.8, t_des: 27.9, bed_util_ads: 0.498, bed_util_des: 0.498, des_th: 0.49793428374108795,frac_lost: 0.101, li_recovered:  8.370, time: 0.007782679000229109
L: 0.50, u_super: 0.00833, sec: 476.650, prod: 0.188374, t_ads: 23.5, t_des: 21.3, bed_util_ads: 0.499, bed_util_des: 0.499, des_th: 0.498894655375221,frac_lost: 0.107, li_recovered:  8.438, time: 0.008958938999057864
L: 0.50, u_super: 0.00594, sec: 329.723, prod: 0.134382, t_ads: 32.7, t_des: 29.6, bed_util_ads: 0.499, bed_util_des: 0.499, des_th: 0.4986434708232234,frac_lost: 0.102, li_recovered:  8.365, time: 0.006803411999499076
L: 0.50, u_super: 0.00607, sec: 337.364, prod: 0.137171, t_ads: 32.0, t_des: 28.6, bed_util_ads: 0.500, bed_util_des: 0.499, des_th: 0.4994097860864158,frac_lost: 0.101, li_recovered:  8.306, time: 0.00479896399883728
L: 42.77, u_super: 0.00830 — INFEASIBLE (li_recovered=0.000e+00), time: 0.0017536760005896213
L: 0.50, u_super: 0.00173, sec: 93.413, prod: 0.037830, t_ads: 110.7, t_des: 109.2, bed_util_ads: 0.481, bed_util_des: 0.480, des_th: 0.47996178463564193,frac_lost: 0.101, li_recovered:  8.319, time: 0.006121549999079434
L: 0.50, u_super: 0.00884, sec: 508.565, prod: 0.200259, t_ads: 22.1, t_des: 20.1, bed_util_ads: 0.499, bed_util_des: 0.499, des_th: 0.49884453113172644,frac_lost: 0.105, li_recovered:  8.456, time: 0.004760709000038332
   414 |    16560 |     40 |  0.0045494367 |             f
L: 37.05, u_super: 0.00837 — INFEASIBLE (li_recovered=0.000e+00), time: 0.001515876998382737
L: 0.50, u_super: 0.00710, sec: 400.742, prod: 0.160232, t_ads: 27.6, t_des: 25.1, bed_util_ads: 0.498, bed_util_des: 0.498, des_th: 0.49797147718858076,frac_lost: 0.109, li_recovered:  8.445, time: 0.007459143000232871
L: 29.29, u_super: 0.00137 — INFEASIBLE (li_recovered=0.000e+00), time: 0.0011197680014447542
L: 0.50, u_super: 0.00358, sec: 194.786, prod: 0.080017, t_ads: 54.4, t_des: 47.9, bed_util_ads: 0.500, bed_util_des: 0.500, des_th: 0.49968881793346837,frac_lost: 0.107, li_recovered:  8.184, time: 0.00519712400091521
L: 2.34, u_super: 0.00884, sec: 2469.736, prod: 0.192736, t_ads: 101.2, t_des: 86.4, bed_util_ads: 0.499, bed_util_des: 0.499, des_th: 0.4988592599465576,frac_lost: 0.103, li_recovered:  36.156, time: 0.007385585000520223
L: 0.50, u_super: 0.00423, sec: 231.163, prod: 0.095155, t_ads: 45.9, t_des: 41.0, bed_util_ads: 0.498, bed_util_des: 0.498, des_th: 0.4979130826288571,frac_lost: 0.105, li_recovered:  8.273, time: 0.005179542999030673
L: 43.97, u_super: 0.00739 — INFEASIBLE (li_recovered=0.000e+00), time: 0.0011222400007682154
L: 0.50, u_super: 0.00373, sec: 207.355, prod: 0.081695, t_ads: 52.1, t_des: 52.9, bed_util_ads: 0.482, bed_util_des: 0.481, des_th: 0.48096419180734234,frac_lost: 0.105, li_recovered:  8.580, time: 0.004776388001118903
L: 0.50, u_super: 0.00071, sec: 39.797, prod: 0.014885, t_ads: 260.5, t_des: 265.0, bed_util_ads: 0.463, bed_util_des: 0.460, des_th: 0.4601316355289759,frac_lost: 0.102, li_recovered:  7.823, time: 0.004898475999652874
L: 0.50, u_super: 0.00570, sec: 316.096, prod: 0.128855, t_ads: 34.0, t_des: 30.5, bed_util_ads: 0.500, bed_util_des: 0.499, des_th: 0.49942132725883337,frac_lost: 0.102, li_recovered:  8.312, time: 0.004524702000708203
L: 0.50, u_super: 0.00957, sec: 554.707, prod: 0.217056, t_ads: 20.4, t_des: 18.5, bed_util_ads: 0.499, bed_util_des: 0.499, des_th: 0.49887328312588014,frac_lost: 0.103, li_recovered:  8.445, time: 0.004407544998684898
L: 1.00, u_super: 0.00378, sec: 419.327, prod: 0.082742, t_ads: 101.9, t_des: 99.7, bed_util_ads: 0.482, bed_util_des: 0.481, des_th: 0.4811251988499394,frac_lost: 0.107, li_recovered:  16.679, time: 0.005315505999533343
L: 0.50, u_super: 0.00244, sec: 1010.369, prod: 0.007074, t_ads: 80.7, t_des: 1162.5, bed_util_ads: 0.196, bed_util_des: 0.185, des_th: 0.1851696623157332,frac_lost: 0.106, li_recovered:  8.794, time: 0.03237933400123438
L: 17.34, u_super: 0.00517 — INFEASIBLE (li_recovered=0.000e+00), time: 0.0012759669989463873
L: 0.50, u_super: 0.00759, sec: 431.828, prod: 0.171370, t_ads: 25.8, t_des: 23.9, bed_util_ads: 0.495, bed_util_des: 0.495, des_th: 0.4952495439095956,frac_lost: 0.108, li_recovered:  8.523, time: 0.006335743000818184
L: 0.50, u_super: 0.00575, sec: 318.383, prod: 0.130161, t_ads: 33.7, t_des: 30.6, bed_util_ads: 0.498, bed_util_des: 0.498, des_th: 0.4979130826288571,frac_lost: 0.101, li_recovered:  8.363, time: 0.004285459001039271
L: 0.50, u_super: 0.00804, sec: 465.093, prod: 0.179296, t_ads: 24.3, t_des: 23.9, bed_util_ads: 0.489, bed_util_des: 0.488, des_th: 0.48834474557239266,frac_lost: 0.106, li_recovered:  8.644, time: 0.004821397000341676
L: 0.50, u_super: 0.00005, sec: 5.400, prod: 0.000536, t_ads: 2359.5, t_des: 2970.7, bed_util_ads: 0.255, bed_util_des: 0.233, des_th: 0.23394135984285075,frac_lost: 0.100, li_recovered:  2.857, time: 0.004288885000278242
L: 17.65, u_super: 0.00109 — INFEASIBLE (li_recovered=0.000e+00), time: 0.0012751979993481655
L: 0.50, u_super: 0.00577, sec: 319.564, prod: 0.130402, t_ads: 33.6, t_des: 30.1, bed_util_ads: 0.499, bed_util_des: 0.499, des_th: 0.4991960918761094,frac_lost: 0.100, li_recovered:  8.302, time: 0.005344723000234808
L: 0.50, u_super: 0.00451, sec: 246.979, prod: 0.101614, t_ads: 43.1, t_des: 38.9, bed_util_ads: 0.498, bed_util_des: 0.498, des_th: 0.4975638883176353,frac_lost: 0.105, li_recovered:  8.326, time: 0.005642013999022311
L: 97.64, u_super: 0.00507 — INFEASIBLE (li_recovered=0.000e+00), time: 0.0011778770003729733
L: 0.50, u_super: 0.00830, sec: 474.801, prod: 0.188011, t_ads: 23.5, t_des: 21.4, bed_util_ads: 0.499, bed_util_des: 0.499, des_th: 0.49884464128859357,frac_lost: 0.106, li_recovered:  8.447, time: 0.004218714000671753
L: 63.63, u_super: 0.00455 — INFEASIBLE (li_recovered=0.000e+00), time: 0.00128730500000529
L: 0.50, u_super: 0.00303, sec: 163.306, prod: 0.067693, t_ads: 63.6, t_des: 56.7, bed_util_ads: 0.497, bed_util_des: 0.497, des_th: 0.49694763080294674,frac_lost: 0.100, li_recovered:  8.142, time: 0.00477113799934159
L: 0.50, u_super: 0.00919, sec: 552.924, prod: 0.199902, t_ads: 21.2, t_des: 22.3, bed_util_ads: 0.480, bed_util_des: 0.480, des_th: 0.48022297487843,frac_lost: 0.103, li_recovered:  8.699, time: 0.005625144000077853
L: 0.50, u_super: 0.00950, sec: 550.969, prod: 0.215466, t_ads: 20.5, t_des: 18.7, bed_util_ads: 0.499, bed_util_des: 0.499, des_th: 0.49924347978660844,frac_lost: 0.105, li_recovered:  8.455, time: 0.004547152000668575
L: 0.50, u_super: 0.00797, sec: 454.806, prod: 0.180211, t_ads: 24.6, t_des: 22.3, bed_util_ads: 0.500, bed_util_des: 0.500, des_th: 0.49971580006710864,frac_lost: 0.109, li_recovered:  8.443, time: 0.005311561999405967
L: 0.50, u_super: 0.00145, sec: 79.753, prod: 0.031158, t_ads: 131.6, t_des: 111.2, bed_util_ads: 0.498, bed_util_des: 0.497, des_th: 0.49736847441040716,frac_lost: 0.106, li_recovered:  7.568, time: 0.004249030998835224
L: 0.50, u_super: 0.00014 — INFEASIBLE (li_recovered=0.000e+00), time: 0.0017063969989976613
L: 0.50, u_super: 0.00166, sec: 89.507, prod: 0.036530, t_ads: 115.0, t_des: 110.8, bed_util_ads: 0.483, bed_util_des: 0.482, des_th: 0.4816090907325537,frac_lost: 0.102, li_recovered:  8.250, time: 0.004308658000809373
L: 0.50, u_super: 0.00699, sec: 432.336, prod: 0.143943, t_ads: 28.0, t_des: 32.4, bed_util_ads: 0.468, bed_util_des: 0.467, des_th: 0.46702023630902956,frac_lost: 0.106, li_recovered:  8.695, time: 0.00573484899905452
L: 0.50, u_super: 0.00096, sec: 52.182, prod: 0.020504, t_ads: 196.1, t_des: 180.3, bed_util_ads: 0.482, bed_util_des: 0.481, des_th: 0.4813404591473283,frac_lost: 0.102, li_recovered:  7.718, time: 0.004932596000799094
L: 0.50, u_super: 0.00453, sec: 247.930, prod: 0.101937, t_ads: 42.9, t_des: 38.3, bed_util_ads: 0.499, bed_util_des: 0.499, des_th: 0.49916501283460096,frac_lost: 0.104, li_recovered:  8.279, time: 0.004833158000110416
L: 0.50, u_super: 0.00647, sec: 361.368, prod: 0.146614, t_ads: 30.0, t_des: 27.1, bed_util_ads: 0.498, bed_util_des: 0.498, des_th: 0.49791808693093015,frac_lost: 0.101, li_recovered:  8.370, time: 0.004349085000285413
L: 16.55, u_super: 0.00689 — INFEASIBLE (li_recovered=0.000e+00), time: 0.0016413459998148028
L: 0.50, u_super: 0.00934, sec: 540.519, prod: 0.211825, t_ads: 20.9, t_des: 18.9, bed_util_ads: 0.500, bed_util_des: 0.500, des_th: 0.49953645756802034,frac_lost: 0.104, li_recovered:  8.437, time: 0.006193082001118455
L: 0.50, u_super: 0.00581, sec: 382.561, prod: 0.110590, t_ads: 33.7, t_des: 44.9, bed_util_ads: 0.450, bed_util_des: 0.449, des_th: 0.44931887279568633,frac_lost: 0.107, li_recovered:  8.689, time: 0.007246034998388495
L: 0.50, u_super: 0.00263, sec: 142.571, prod: 0.058361, t_ads: 73.1, t_des: 63.6, bed_util_ads: 0.500, bed_util_des: 0.500, des_th: 0.4997165793492821,frac_lost: 0.102, li_recovered:  7.981, time: 0.005116126998473192
L: 0.50, u_super: 0.00754, sec: 428.118, prod: 0.170326, t_ads: 25.9, t_des: 24.1, bed_util_ads: 0.496, bed_util_des: 0.495, des_th: 0.4954714345714107,frac_lost: 0.106, li_recovered:  8.526, time: 0.004812242999832961
   415 |    16600 |     40 |  0.0011294566 |             f
L: 0.50, u_super: 0.00371, sec: 201.752, prod: 0.083078, t_ads: 52.5, t_des: 49.1, bed_util_ads: 0.493, bed_util_des: 0.493, des_th: 0.4928278368326777,frac_lost: 0.107, li_recovered:  8.441, time: 0.007574785000542761
L: 0.50, u_super: 0.00785, sec: 445.192, prod: 0.178085, t_ads: 24.7, t_des: 22.6, bed_util_ads: 0.498, bed_util_des: 0.498, des_th: 0.4979134251498355,frac_lost: 0.101, li_recovered:  8.432, time: 0.007832461000361945
L: 0.50, u_super: 0.00888, sec: 511.231, prod: 0.201073, t_ads: 22.0, t_des: 20.0, bed_util_ads: 0.499, bed_util_des: 0.499, des_th: 0.49884453113172644,frac_lost: 0.106, li_recovered:  8.441, time: 0.0052767500001209555
L: 0.50, u_super: 0.00647, sec: 371.750, prod: 0.142519, t_ads: 30.0, t_des: 30.8, bed_util_ads: 0.482, bed_util_des: 0.482, des_th: 0.4819977596135821,frac_lost: 0.100, li_recovered:  8.653, time: 0.0065004329990188126
L: 0.50, u_super: 0.00755, sec: 428.768, prod: 0.170656, t_ads: 26.0, t_des: 23.5, bed_util_ads: 0.499, bed_util_des: 0.499, des_th: 0.4991254088400899,frac_lost: 0.109, li_recovered:  8.438, time: 0.009466343999520177
L: 0.50, u_super: 0.00221, sec: 119.102, prod: 0.048922, t_ads: 87.5, t_des: 77.8, bed_util_ads: 0.496, bed_util_des: 0.495, des_th: 0.49528524999234397,frac_lost: 0.107, li_recovered:  8.085, time: 0.006401796999853104
L: 0.50, u_super: 0.00825, sec: 471.251, prod: 0.186890, t_ads: 23.7, t_des: 21.5, bed_util_ads: 0.499, bed_util_des: 0.499, des_th: 0.49877681411774943,frac_lost: 0.105, li_recovered:  8.448, time: 0.0065795939990493935
L: 7.54, u_super: 0.00469 — INFEASIBLE (li_recovered=0.000e+00), time: 0.0024838609988364624
L: 0.50, u_super: 0.00253, sec: 136.857, prod: 0.055897, t_ads: 76.3, t_des: 66.2, bed_util_ads: 0.500, bed_util_des: 0.499, des_th: 0.4994269031909072,frac_lost: 0.103, li_recovered:  7.963, time: 0.005026852000810322
L: 18.31, u_super: 0.00845 — INFEASIBLE (li_recovered=0.000e+00), time: 0.0028370439995342167
L: 0.50, u_super: 0.00369, sec: 200.158, prod: 0.082716, t_ads: 52.7, t_des: 47.7, bed_util_ads: 0.497, bed_util_des: 0.496, des_th: 0.49637859837655324,frac_lost: 0.106, li_recovered:  8.311, time: 0.005529991000003065
L: 0.50, u_super: 0.00516, sec: 607.354, prod: 0.054402, t_ads: 37.9, t_des: 122.5, bed_util_ads: 0.343, bed_util_des: 0.340, des_th: 0.3402235876804247,frac_lost: 0.103, li_recovered:  8.725, time: 0.011718632000338403
L: 0.50, u_super: 0.00983, sec: 571.970, prod: 0.223060, t_ads: 19.8, t_des: 18.1, bed_util_ads: 0.500, bed_util_des: 0.499, des_th: 0.49948087631911525,frac_lost: 0.104, li_recovered:  8.454, time: 0.006735733999448712
L: 0.50, u_super: 0.00671, sec: 377.204, prod: 0.151488, t_ads: 29.2, t_des: 26.5, bed_util_ads: 0.498, bed_util_des: 0.498, des_th: 0.4979755388720365,frac_lost: 0.109, li_recovered:  8.436, time: 0.006824546999268932
L: 0.50, u_super: 0.00754, sec: 4193.451, prod: 0.017389, t_ads: 25.9, t_des: 479.0, bed_util_ads: 0.180, bed_util_des: 0.177, des_th: 0.17675639027616186,frac_lost: 0.102, li_recovered:  8.780, time: 0.03960404999997991
L: 0.50, u_super: 0.00627, sec: 349.923, prod: 0.141642, t_ads: 31.0, t_des: 29.1, bed_util_ads: 0.494, bed_util_des: 0.494, des_th: 0.49399409543209805,frac_lost: 0.102, li_recovered:  8.507, time: 0.005234529999142978
L: 0.50, u_super: 0.00453, sec: 247.930, prod: 0.101937, t_ads: 42.9, t_des: 38.3, bed_util_ads: 0.499, bed_util_des: 0.499, des_th: 0.49916501283460096,frac_lost: 0.104, li_recovered:  8.279, time: 0.00435083000047598
L: 0.50, u_super: 0.00903, sec: 521.268, prod: 0.204482, t_ads: 21.7, t_des: 19.6, bed_util_ads: 0.499, bed_util_des: 0.499, des_th: 0.49862214883699374,frac_lost: 0.107, li_recovered:  8.448, time: 0.004694027000368806
L: 0.50, u_super: 0.00579, sec: 321.119, prod: 0.130915, t_ads: 33.5, t_des: 30.0, bed_util_ads: 0.499, bed_util_des: 0.499, des_th: 0.4991555991239222,frac_lost: 0.101, li_recovered:  8.312, time: 0.004954572001224733
L: 0.50, u_super: 0.00677, sec: 380.321, prod: 0.152826, t_ads: 28.9, t_des: 26.3, bed_util_ads: 0.498, bed_util_des: 0.498, des_th: 0.4979339412201095,frac_lost: 0.108, li_recovered:  8.432, time: 0.004562000000078115
L: 23.53, u_super: 0.00682 — INFEASIBLE (li_recovered=0.000e+00), time: 0.0016335149994120002
L: 0.50, u_super: 0.00270, sec: 146.541, prod: 0.059947, t_ads: 71.2, t_des: 61.8, bed_util_ads: 0.500, bed_util_des: 0.500, des_th: 0.499887739763756,frac_lost: 0.102, li_recovered:  7.972, time: 0.004142054000112694
L: 24.53, u_super: 0.00005 — INFEASIBLE (li_recovered=0.000e+00), time: 0.0007466409988410305
L: 0.50, u_super: 0.00062, sec: 54.237, prod: 0.008394, t_ads: 306.0, t_des: 680.6, bed_util_ads: 0.362, bed_util_des: 0.346, des_th: 0.34646119344461634,frac_lost: 0.104, li_recovered:  8.282, time: 0.007354130000749137
L: 0.50, u_super: 0.00760, sec: 432.447, prod: 0.171160, t_ads: 25.8, t_des: 24.2, bed_util_ads: 0.495, bed_util_des: 0.495, des_th: 0.4949498151973237,frac_lost: 0.108, li_recovered:  8.551, time: 0.005335743000614457
L: 0.50, u_super: 0.00915, sec: 529.727, prod: 0.207025, t_ads: 21.4, t_des: 19.8, bed_util_ads: 0.497, bed_util_des: 0.497, des_th: 0.4966559443943939,frac_lost: 0.107, li_recovered:  8.529, time: 0.006688724999548867
L: 9.83, u_super: 0.00957 — INFEASIBLE (li_recovered=0.000e+00), time: 0.0035669990011228947
L: 0.50, u_super: 0.00340, sec: 183.961, prod: 0.076066, t_ads: 57.3, t_des: 52.4, bed_util_ads: 0.496, bed_util_des: 0.495, des_th: 0.49540894138738584,frac_lost: 0.107, li_recovered:  8.343, time: 0.0062334539998119
L: 0.50, u_super: 0.00024 — INFEASIBLE (li_recovered=0.000e+00), time: 0.0024630030002299463
L: 0.50, u_super: 0.00221, sec: 119.027, prod: 0.048953, t_ads: 87.4, t_des: 77.8, bed_util_ads: 0.496, bed_util_des: 0.495, des_th: 0.49522288339350246,frac_lost: 0.106, li_recovered:  8.085, time: 0.007727074000285938
L: 0.50, u_super: 0.00889, sec: 512.255, prod: 0.201437, t_ads: 22.0, t_des: 19.9, bed_util_ads: 0.500, bed_util_des: 0.499, des_th: 0.4994012725029133,frac_lost: 0.106, li_recovered:  8.446, time: 0.006177647999720648
L: 0.50, u_super: 0.00083 — INFEASIBLE (li_recovered=0.000e+00), time: 0.0028840929990110453
L: 0.50, u_super: 0.00704, sec: 395.429, prod: 0.159525, t_ads: 27.6, t_des: 25.0, bed_util_ads: 0.498, bed_util_des: 0.498, des_th: 0.4980031197416407,frac_lost: 0.101, li_recovered:  8.382, time: 0.006381076000252506
L: 0.50, u_super: 0.00251, sec: 142.619, prod: 0.052975, t_ads: 76.6, t_des: 84.3, bed_util_ads: 0.470, bed_util_des: 0.468, des_th: 0.4684037323129541,frac_lost: 0.101, li_recovered:  8.527, time: 0.008371803000045475
L: 0.50, u_super: 0.00311, sec: 167.804, prod: 0.069573, t_ads: 62.2, t_des: 55.9, bed_util_ads: 0.497, bed_util_des: 0.497, des_th: 0.4970792897618287,frac_lost: 0.104, li_recovered:  8.218, time: 0.008122474000629154
L: 11.15, u_super: 0.00039 — INFEASIBLE (li_recovered=0.000e+00), time: 0.0012784219998138724
L: 0.50, u_super: 0.00752, sec: 426.183, prod: 0.169901, t_ads: 26.0, t_des: 23.6, bed_util_ads: 0.499, bed_util_des: 0.499, des_th: 0.4987840700183258,frac_lost: 0.107, li_recovered:  8.440, time: 0.006186426999192918
L: 11.30, u_super: 0.00827 — INFEASIBLE (li_recovered=0.000e+00), time: 0.004351940999185899
L: 0.50, u_super: 0.00884, sec: 509.202, prod: 0.200008, t_ads: 22.1, t_des: 20.4, bed_util_ads: 0.498, bed_util_des: 0.498, des_th: 0.4979947448544682,frac_lost: 0.107, li_recovered:  8.502, time: 0.008935368001402821
L: 0.50, u_super: 0.00736, sec: 416.924, prod: 0.166282, t_ads: 26.6, t_des: 24.4, bed_util_ads: 0.498, bed_util_des: 0.498, des_th: 0.49800255627474754,frac_lost: 0.108, li_recovered:  8.476, time: 0.0066832829998020316
   416 |    16640 |     40 |  0.0029920576 |             f
L: 0.50, u_super: 0.00803, sec: 458.483, prod: 0.181399, t_ads: 24.4, t_des: 22.4, bed_util_ads: 0.498, bed_util_des: 0.498, des_th: 0.4977924787553268,frac_lost: 0.109, li_recovered:  8.492, time: 0.006956131001061294
L: 0.50, u_super: 0.00833, sec: 476.664, prod: 0.188714, t_ads: 23.4, t_des: 21.3, bed_util_ads: 0.499, bed_util_des: 0.499, des_th: 0.49928013819658174,frac_lost: 0.106, li_recovered:  8.438, time: 0.004766751999341068
L: 3.73, u_super: 0.00864 — INFEASIBLE (li_recovered=0.000e+00), time: 0.003090010999585502
L: 0.50, u_super: 0.00528, sec: 290.452, prod: 0.119274, t_ads: 36.7, t_des: 33.7, bed_util_ads: 0.497, bed_util_des: 0.497, des_th: 0.49666170164850304,frac_lost: 0.101, li_recovered:  8.394, time: 0.005459071000586846
L: 5.02, u_super: 0.00562, sec: 3583.379, prod: 0.110565, t_ads: 324.6, t_des: 271.3, bed_util_ads: 0.480, bed_util_des: 0.480, des_th: 0.4802284581946814,frac_lost: 0.105, li_recovered:  65.883, time: 0.006216473999302252
L: 0.50, u_super: 0.00398, sec: 216.743, prod: 0.089551, t_ads: 48.7, t_des: 44.1, bed_util_ads: 0.498, bed_util_des: 0.498, des_th: 0.49762385647655866,frac_lost: 0.105, li_recovered:  8.314, time: 0.008228758000768721
L: 0.50, u_super: 0.00679, sec: 381.846, prod: 0.153233, t_ads: 28.9, t_des: 26.2, bed_util_ads: 0.498, bed_util_des: 0.498, des_th: 0.49793428374108795,frac_lost: 0.109, li_recovered:  8.430, time: 0.007796361000146135
L: 0.50, u_super: 0.00990, sec: 576.736, prod: 0.224528, t_ads: 19.7, t_des: 17.9, bed_util_ads: 0.500, bed_util_des: 0.500, des_th: 0.4995791968924853,frac_lost: 0.105, li_recovered:  8.449, time: 0.005117760998473386
L: 0.50, u_super: 0.00303, sec: 163.934, prod: 0.067434, t_ads: 63.8, t_des: 55.9, bed_util_ads: 0.500, bed_util_des: 0.500, des_th: 0.4998060786700955,frac_lost: 0.103, li_recovered:  8.072, time: 0.005124506000356632
L: 0.50, u_super: 0.00268, sec: 149.130, prod: 0.058059, t_ads: 72.0, t_des: 74.9, bed_util_ads: 0.477, bed_util_des: 0.476, des_th: 0.47642661775307166,frac_lost: 0.104, li_recovered:  8.528, time: 0.008519697999872733
L: 23.37, u_super: 0.00533 — INFEASIBLE (li_recovered=0.000e+00), time: 0.0018020060015260242
L: 0.50, u_super: 0.00779, sec: 443.263, prod: 0.175988, t_ads: 25.2, t_des: 23.0, bed_util_ads: 0.498, bed_util_des: 0.498, des_th: 0.4980041571891516,frac_lost: 0.108, li_recovered:  8.482, time: 0.004713433998404071
L: 0.50, u_super: 0.00453, sec: 247.930, prod: 0.101937, t_ads: 42.9, t_des: 38.3, bed_util_ads: 0.499, bed_util_des: 0.499, des_th: 0.49916501283460096,frac_lost: 0.104, li_recovered:  8.279, time: 0.006118430999777047
L: 0.50, u_super: 0.00983, sec: 572.283, prod: 0.222938, t_ads: 19.9, t_des: 18.0, bed_util_ads: 0.500, bed_util_des: 0.499, des_th: 0.49941798659908115,frac_lost: 0.105, li_recovered:  8.448, time: 0.005215355999098392
L: 0.50, u_super: 0.00191, sec: 103.877, prod: 0.041586, t_ads: 100.2, t_des: 85.5, bed_util_ads: 0.500, bed_util_des: 0.500, des_th: 0.499887739763756,frac_lost: 0.101, li_recovered:  7.722, time: 0.008164192999174702
L: 0.50, u_super: 0.00221, sec: 119.781, prod: 0.048645, t_ads: 87.6, t_des: 75.9, bed_util_ads: 0.499, bed_util_des: 0.499, des_th: 0.49881091013099815,frac_lost: 0.109, li_recovered:  7.955, time: 0.0052984820013080025
L: 0.50, u_super: 0.00654, sec: 404.110, prod: 0.134113, t_ads: 29.9, t_des: 34.9, bed_util_ads: 0.468, bed_util_des: 0.467, des_th: 0.4669511170092144,frac_lost: 0.108, li_recovered:  8.692, time: 0.0052667050003947224
L: 0.50, u_super: 0.00888, sec: 511.873, prod: 0.200854, t_ads: 22.0, t_des: 20.5, bed_util_ads: 0.497, bed_util_des: 0.496, des_th: 0.49640088646117253,frac_lost: 0.106, li_recovered:  8.531, time: 0.0048291069997503655
L: 0.50, u_super: 0.00127, sec: 429.830, prod: 0.004432, t_ads: 155.3, t_des: 1829.5, bed_util_ads: 0.207, bed_util_des: 0.188, des_th: 0.18844343999223556,frac_lost: 0.105, li_recovered:  8.797, time: 0.04062710700054595
L: 9.97, u_super: 0.00507 — INFEASIBLE (li_recovered=0.000e+00), time: 0.0018681250003282912
L: 0.50, u_super: 0.00672, sec: 379.297, prod: 0.151036, t_ads: 28.9, t_des: 28.0, bed_util_ads: 0.490, bed_util_des: 0.490, des_th: 0.49021420310838026,frac_lost: 0.101, li_recovered:  8.588, time: 0.007320995999180013
L: 0.50, u_super: 0.00539, sec: 297.396, prod: 0.121735, t_ads: 35.9, t_des: 32.2, bed_util_ads: 0.499, bed_util_des: 0.499, des_th: 0.49924347978660844,frac_lost: 0.101, li_recovered:  8.300, time: 0.007211341999209253
L: 0.50, u_super: 0.00189, sec: 105.260, prod: 0.040542, t_ads: 101.9, t_des: 106.3, bed_util_ads: 0.475, bed_util_des: 0.473, des_th: 0.4733383501499043,frac_lost: 0.107, li_recovered:  8.440, time: 0.00773299100001168
L: 0.50, u_super: 0.00034, sec: 66.954, prod: 0.001972, t_ads: 590.9, t_des: 3853.3, bed_util_ads: 0.235, bed_util_des: 0.185, des_th: 0.1851696623157332,frac_lost: 0.104, li_recovered:  8.764, time: 0.025656335999883595
L: 0.50, u_super: 0.00101, sec: 54.746, prod: 0.021680, t_ads: 186.8, t_des: 173.1, bed_util_ads: 0.482, bed_util_des: 0.481, des_th: 0.48140711330901975,frac_lost: 0.102, li_recovered:  7.804, time: 0.004313465999075561
L: 0.50, u_super: 0.00568, sec: 314.744, prod: 0.128392, t_ads: 34.1, t_des: 30.6, bed_util_ads: 0.500, bed_util_des: 0.499, des_th: 0.49942132725883337,frac_lost: 0.102, li_recovered:  8.306, time: 0.006070454001019243
L: 0.50, u_super: 0.00127, sec: 68.693, prod: 0.027733, t_ads: 149.2, t_des: 141.9, bed_util_ads: 0.482, bed_util_des: 0.481, des_th: 0.48068909309009566,frac_lost: 0.103, li_recovered:  8.075, time: 0.0050564760003908304
L: 0.50, u_super: 0.00173, sec: 93.428, prod: 0.037824, t_ads: 110.9, t_des: 109.0, bed_util_ads: 0.481, bed_util_des: 0.480, des_th: 0.4801258278234561,frac_lost: 0.103, li_recovered:  8.317, time: 0.004851305000556749
L: 0.50, u_super: 0.00455, sec: 249.248, prod: 0.102284, t_ads: 42.8, t_des: 38.2, bed_util_ads: 0.499, bed_util_des: 0.499, des_th: 0.4991712337211859,frac_lost: 0.105, li_recovered:  8.278, time: 0.003927026999008376
L: 0.50, u_super: 0.00400, sec: 254.246, prod: 0.076883, t_ads: 48.6, t_des: 63.8, bed_util_ads: 0.450, bed_util_des: 0.449, des_th: 0.4489808878614597,frac_lost: 0.104, li_recovered:  8.641, time: 0.005360496999855968
L: 19.38, u_super: 0.00710 — INFEASIBLE (li_recovered=0.000e+00), time: 0.0014329140012705466
L: 0.50, u_super: 0.00884, sec: 509.129, prod: 0.200037, t_ads: 22.2, t_des: 20.0, bed_util_ads: 0.499, bed_util_des: 0.499, des_th: 0.4991523253985134,frac_lost: 0.107, li_recovered:  8.441, time: 0.004041215999677661
L: 1.25, u_super: 0.00957, sec: 1404.559, prod: 0.214210, t_ads: 50.8, t_des: 44.9, bed_util_ads: 0.500, bed_util_des: 0.500, des_th: 0.4996619767155888,frac_lost: 0.107, li_recovered:  20.500, time: 0.004677455999626545
L: 0.50, u_super: 0.00845, sec: 484.517, prod: 0.191262, t_ads: 23.2, t_des: 21.0, bed_util_ads: 0.499, bed_util_des: 0.499, des_th: 0.498780154776786,frac_lost: 0.107, li_recovered:  8.439, time: 0.0040457279992551776
L: 0.50, u_super: 0.00173, sec: 92.634, prod: 0.038148, t_ads: 110.6, t_des: 103.1, bed_util_ads: 0.488, bed_util_des: 0.487, des_th: 0.4870440486261638,frac_lost: 0.101, li_recovered:  8.154, time: 0.004321739001170499
L: 0.50, u_super: 0.00804, sec: 458.929, prod: 0.181704, t_ads: 24.3, t_des: 22.6, bed_util_ads: 0.495, bed_util_des: 0.495, des_th: 0.4952468872203663,frac_lost: 0.105, li_recovered:  8.528, time: 0.006916604001162341
L: 0.50, u_super: 0.00515, sec: 283.468, prod: 0.116147, t_ads: 37.7, t_des: 33.7, bed_util_ads: 0.500, bed_util_des: 0.500, des_th: 0.4998399421994753,frac_lost: 0.102, li_recovered:  8.295, time: 0.00553044200023578
L: 0.50, u_super: 0.00423, sec: 230.730, prod: 0.095133, t_ads: 46.0, t_des: 42.0, bed_util_ads: 0.497, bed_util_des: 0.497, des_th: 0.49664217592731075,frac_lost: 0.106, li_recovered:  8.371, time: 0.005255771000520326
L: 0.50, u_super: 0.00005 — INFEASIBLE (li_recovered=0.000e+00), time: 0.0011933569985558279
L: 0.50, u_super: 0.00154, sec: 568.148, prod: 0.004951, t_ads: 128.1, t_des: 1649.5, bed_util_ads: 0.202, bed_util_des: 0.186, des_th: 0.18569552733811898,frac_lost: 0.106, li_recovered:  8.800, time: 0.03419283099901804
   417 |    16680 |     40 |  0.0007859686 |             f
L: 0.50, u_super: 0.00982, sec: 571.669, prod: 0.222878, t_ads: 19.8, t_des: 17.9, bed_util_ads: 0.500, bed_util_des: 0.500, des_th: 0.4995047278434197,frac_lost: 0.103, li_recovered:  8.402, time: 0.006528452000566176
L: 0.50, u_super: 0.00315, sec: 170.761, prod: 0.070241, t_ads: 61.3, t_des: 53.8, bed_util_ads: 0.499, bed_util_des: 0.499, des_th: 0.49921033859369135,frac_lost: 0.103, li_recovered:  8.086, time: 0.006350806999762426
L: 0.50, u_super: 0.00276, sec: 149.090, prod: 0.061522, t_ads: 70.0, t_des: 62.0, bed_util_ads: 0.497, bed_util_des: 0.497, des_th: 0.4969966903791058,frac_lost: 0.104, li_recovered:  8.121, time: 0.005387032000726322
L: 0.50, u_super: 0.00803, sec: 4078.825, prod: 0.020391, t_ads: 24.5, t_des: 406.3, bed_util_ads: 0.189, bed_util_des: 0.185, des_th: 0.1851696623157332,frac_lost: 0.105, li_recovered:  8.783, time: 0.040759671001069364
L: 0.50, u_super: 0.00122, sec: 65.995, prod: 0.026401, t_ads: 156.4, t_des: 141.7, bed_util_ads: 0.487, bed_util_des: 0.486, des_th: 0.48621694863075443,frac_lost: 0.106, li_recovered:  7.869, time: 0.0045994529991730815
L: 0.50, u_super: 0.00959, sec: 556.335, prod: 0.217453, t_ads: 20.4, t_des: 18.5, bed_util_ads: 0.499, bed_util_des: 0.499, des_th: 0.49892808217231305,frac_lost: 0.104, li_recovered:  8.447, time: 0.0061270089991012355
L: 0.50, u_super: 0.00447, sec: 244.768, prod: 0.100574, t_ads: 43.5, t_des: 38.9, bed_util_ads: 0.499, bed_util_des: 0.499, des_th: 0.49894772093501966,frac_lost: 0.105, li_recovered:  8.284, time: 0.006949713000722113
L: 0.50, u_super: 0.00211, sec: 115.055, prod: 0.046271, t_ads: 90.7, t_des: 77.4, bed_util_ads: 0.500, bed_util_des: 0.500, des_th: 0.4999796802421955,frac_lost: 0.102, li_recovered:  7.778, time: 0.007030296999801067
L: 10.32, u_super: 0.00006 — INFEASIBLE (li_recovered=0.000e+00), time: 0.0013830000007146737
L: 0.50, u_super: 0.00388, sec: 211.073, prod: 0.087068, t_ads: 50.2, t_des: 45.4, bed_util_ads: 0.497, bed_util_des: 0.497, des_th: 0.4970859183511266,frac_lost: 0.107, li_recovered:  8.325, time: 0.006501904999822727
L: 0.50, u_super: 0.00539, sec: 297.396, prod: 0.121735, t_ads: 35.9, t_des: 32.2, bed_util_ads: 0.499, bed_util_des: 0.499, des_th: 0.49924347978660844,frac_lost: 0.101, li_recovered:  8.300, time: 0.006287243999395287
L: 4.37, u_super: 0.00518 — INFEASIBLE (li_recovered=0.000e+00), time: 0.004487569000048097
L: 0.50, u_super: 0.00980, sec: 569.885, prod: 0.222159, t_ads: 19.9, t_des: 18.1, bed_util_ads: 0.499, bed_util_des: 0.499, des_th: 0.4991390397836245,frac_lost: 0.105, li_recovered:  8.448, time: 0.00769299299827253
L: 0.50, u_super: 0.00038, sec: 29.824, prod: 0.005652, t_ads: 488.2, t_des: 904.0, bed_util_ads: 0.367, bed_util_des: 0.348, des_th: 0.3480065790102663,frac_lost: 0.102, li_recovered:  7.869, time: 0.010516967000512523
L: 31.81, u_super: 0.00270 — INFEASIBLE (li_recovered=0.000e+00), time: 0.000929588999497355
L: 0.50, u_super: 0.00736, sec: 415.067, prod: 0.166893, t_ads: 26.4, t_des: 24.2, bed_util_ads: 0.498, bed_util_des: 0.498, des_th: 0.498001507852527,frac_lost: 0.101, li_recovered:  8.437, time: 0.005719165999835241
L: 10.38, u_super: 0.00287, sec: 7461.475, prod: 0.027673, t_ads: 1418.6, t_des: 4861.0, bed_util_ads: 0.256, bed_util_des: 0.185, des_th: 0.1851696623157332,frac_lost: 0.103, li_recovered:  173.776, time: 0.01379538500077615
L: 2.12, u_super: 0.00101 — INFEASIBLE (li_recovered=0.000e+00), time: 0.003061161000005086
L: 56.85, u_super: 0.00986 — INFEASIBLE (li_recovered=0.000e+00), time: 0.0013235330006864388
L: 0.50, u_super: 0.00173, sec: 92.634, prod: 0.038148, t_ads: 110.6, t_des: 103.1, bed_util_ads: 0.488, bed_util_des: 0.487, des_th: 0.4870440486261638,frac_lost: 0.101, li_recovered:  8.154, time: 0.005247618999419501
L: 63.16, u_super: 0.00633 — INFEASIBLE (li_recovered=0.000e+00), time: 0.0011692759999277769
L: 0.50, u_super: 0.00567, sec: 313.719, prod: 0.128148, t_ads: 34.3, t_des: 31.4, bed_util_ads: 0.497, bed_util_des: 0.497, des_th: 0.4968928776870404,frac_lost: 0.102, li_recovered:  8.418, time: 0.006838048999270541
L: 0.50, u_super: 0.00616, sec: 343.866, prod: 0.138763, t_ads: 31.8, t_des: 28.5, bed_util_ads: 0.499, bed_util_des: 0.499, des_th: 0.4993260377870911,frac_lost: 0.109, li_recovered:  8.375, time: 0.006852164999145316
L: 0.50, u_super: 0.00019 — INFEASIBLE (li_recovered=0.000e+00), time: 0.002304498000739841
L: 0.50, u_super: 0.00340, sec: 183.944, prod: 0.076066, t_ads: 57.3, t_des: 52.4, bed_util_ads: 0.496, bed_util_des: 0.495, des_th: 0.49540894138738584,frac_lost: 0.107, li_recovered:  8.342, time: 0.007985752999957185
L: 0.50, u_super: 0.00914, sec: 529.123, prod: 0.206848, t_ads: 21.4, t_des: 19.9, bed_util_ads: 0.497, bed_util_des: 0.497, des_th: 0.4966011437262773,frac_lost: 0.106, li_recovered:  8.532, time: 0.005157096999027999
L: 0.50, u_super: 0.00106, sec: 57.704, prod: 0.023007, t_ads: 176.7, t_des: 164.0, bed_util_ads: 0.482, bed_util_des: 0.481, des_th: 0.48155573378825756,frac_lost: 0.100, li_recovered:  7.838, time: 0.005220656999881612
L: 0.50, u_super: 0.00396, sec: 219.311, prod: 0.087344, t_ads: 49.0, t_des: 49.1, bed_util_ads: 0.485, bed_util_des: 0.484, des_th: 0.4840992803933413,frac_lost: 0.104, li_recovered:  8.576, time: 0.008896221999748377
L: 0.50, u_super: 0.00254, sec: 138.629, prod: 0.055967, t_ads: 75.7, t_des: 75.6, bed_util_ads: 0.482, bed_util_des: 0.481, des_th: 0.48096419180734234,frac_lost: 0.102, li_recovered:  8.469, time: 0.007134470000892179
L: 0.50, u_super: 0.00983, sec: 571.833, prod: 0.223113, t_ads: 19.8, t_des: 18.0, bed_util_ads: 0.500, bed_util_des: 0.499, des_th: 0.49942132725883337,frac_lost: 0.103, li_recovered:  8.445, time: 0.00521362800100178
L: 1.97, u_super: 0.00922, sec: 2159.831, prod: 0.203656, t_ads: 82.5, t_des: 71.7, bed_util_ads: 0.499, bed_util_des: 0.499, des_th: 0.49912896011224334,frac_lost: 0.104, li_recovered:  31.407, time: 0.005396227001256193
L: 0.50, u_super: 0.00957, sec: 554.878, prod: 0.216989, t_ads: 20.4, t_des: 18.5, bed_util_ads: 0.499, bed_util_des: 0.499, des_th: 0.49886973960667585,frac_lost: 0.104, li_recovered:  8.440, time: 0.004081528000824619
L: 0.50, u_super: 0.00220, sec: 119.149, prod: 0.048436, t_ads: 88.0, t_des: 76.4, bed_util_ads: 0.499, bed_util_des: 0.499, des_th: 0.49884980737704443,frac_lost: 0.108, li_recovered:  7.963, time: 0.0060952069998165825
L: 0.50, u_super: 0.00630, sec: 351.720, prod: 0.142232, t_ads: 30.9, t_des: 29.0, bed_util_ads: 0.495, bed_util_des: 0.494, des_th: 0.49449537722814657,frac_lost: 0.103, li_recovered:  8.508, time: 0.00603613699968264
L: 0.50, u_super: 0.00455, sec: 249.452, prod: 0.102201, t_ads: 42.9, t_des: 38.2, bed_util_ads: 0.499, bed_util_des: 0.499, des_th: 0.4991319134079029,frac_lost: 0.107, li_recovered:  8.281, time: 0.003973936998590943
L: 0.50, u_super: 0.00677, sec: 379.200, prod: 0.153410, t_ads: 28.6, t_des: 25.9, bed_util_ads: 0.498, bed_util_des: 0.498, des_th: 0.4979353321633085,frac_lost: 0.100, li_recovered:  8.368, time: 0.008202017999792588
L: 9.03, u_super: 0.00043 — INFEASIBLE (li_recovered=0.000e+00), time: 0.0012611510010174243
L: 0.50, u_super: 0.00804, sec: 475.218, prod: 0.175476, t_ads: 24.3, t_des: 25.2, bed_util_ads: 0.482, bed_util_des: 0.482, des_th: 0.4820539202935784,frac_lost: 0.106, li_recovered:  8.688, time: 0.00561991299946385
L: 0.50, u_super: 0.00643, sec: 358.890, prod: 0.145440, t_ads: 30.2, t_des: 27.4, bed_util_ads: 0.498, bed_util_des: 0.498, des_th: 0.4978938015298825,frac_lost: 0.102, li_recovered:  8.377, time: 0.00418766099937784
L: 4.56, u_super: 0.00127 — INFEASIBLE (li_recovered=0.000e+00), time: 0.0011239060004299972
   418 |    16720 |     40 |  0.0022718175 |             f
L: 0.50, u_super: 0.00671, sec: 376.753, prod: 0.151440, t_ads: 29.2, t_des: 26.5, bed_util_ads: 0.498, bed_util_des: 0.498, des_th: 0.49791808693093015,frac_lost: 0.108, li_recovered:  8.433, time: 0.004117680000490509
L: 0.50, u_super: 0.00539, sec: 297.748, prod: 0.121592, t_ads: 36.0, t_des: 32.2, bed_util_ads: 0.499, bed_util_des: 0.499, des_th: 0.49924347978660844,frac_lost: 0.103, li_recovered:  8.299, time: 0.004263318000084837
L: 0.50, u_super: 0.00006, sec: 5.473, prod: 0.000836, t_ads: 2886.0, t_des: 5494.0, bed_util_ads: 0.258, bed_util_des: 0.185, des_th: 0.1851696623157332,frac_lost: 0.103, li_recovered:  7.003, time: 0.00682118700024148
L: 0.50, u_super: 0.00540, sec: 301.467, prod: 0.120539, t_ads: 35.9, t_des: 35.3, bed_util_ads: 0.487, bed_util_des: 0.487, des_th: 0.48685866328107025,frac_lost: 0.102, li_recovered:  8.590, time: 0.004382953000458656
L: 18.92, u_super: 0.00396 — INFEASIBLE (li_recovered=0.000e+00), time: 0.0012640389995794976
L: 0.50, u_super: 0.00455, sec: 249.208, prod: 0.102300, t_ads: 42.7, t_des: 38.0, bed_util_ads: 0.500, bed_util_des: 0.500, des_th: 0.4997130279374548,frac_lost: 0.104, li_recovered:  8.260, time: 0.004393576999063953
L: 0.50, u_super: 0.00990, sec: 576.975, prod: 0.224437, t_ads: 19.7, t_des: 17.9, bed_util_ads: 0.500, bed_util_des: 0.499, des_th: 0.49942132725883337,frac_lost: 0.105, li_recovered:  8.448, time: 0.004110543999559013
L: 0.50, u_super: 0.00801, sec: 456.767, prod: 0.181236, t_ads: 24.4, t_des: 22.1, bed_util_ads: 0.499, bed_util_des: 0.499, des_th: 0.49877681411774943,frac_lost: 0.107, li_recovered:  8.432, time: 0.005024513999160263
L: 69.01, u_super: 0.00005 — INFEASIBLE (li_recovered=0.000e+00), time: 0.000953321999986656
L: 0.50, u_super: 0.00351, sec: 192.377, prod: 0.077788, t_ads: 55.4, t_des: 54.3, bed_util_ads: 0.487, bed_util_des: 0.486, des_th: 0.4860710142485275,frac_lost: 0.106, li_recovered:  8.530, time: 0.004008593999969889
L: 0.50, u_super: 0.00349, sec: 189.055, prod: 0.078142, t_ads: 55.8, t_des: 51.0, bed_util_ads: 0.496, bed_util_des: 0.495, des_th: 0.49540894138738584,frac_lost: 0.107, li_recovered:  8.345, time: 0.004759424000440049
L: 0.50, u_super: 0.00758, sec: 430.749, prod: 0.171235, t_ads: 25.8, t_des: 23.9, bed_util_ads: 0.495, bed_util_des: 0.495, des_th: 0.4952495439095956,frac_lost: 0.107, li_recovered:  8.517, time: 0.004205499999443418
L: 7.05, u_super: 0.00499 — INFEASIBLE (li_recovered=0.000e+00), time: 0.002364869998928043
L: 0.50, u_super: 0.00483, sec: 265.624, prod: 0.108865, t_ads: 40.2, t_des: 36.0, bed_util_ads: 0.500, bed_util_des: 0.499, des_th: 0.49941768941859743,frac_lost: 0.105, li_recovered:  8.296, time: 0.005125931000293349
L: 0.50, u_super: 0.00915, sec: 529.727, prod: 0.207025, t_ads: 21.4, t_des: 19.8, bed_util_ads: 0.497, bed_util_des: 0.497, des_th: 0.4966559443943939,frac_lost: 0.107, li_recovered:  8.529, time: 0.006084237000322901
L: 35.07, u_super: 0.00884 — INFEASIBLE (li_recovered=0.000e+00), time: 0.0015629899990017293
L: 0.50, u_super: 0.00275, sec: 156.500, prod: 0.058208, t_ads: 70.1, t_des: 76.8, bed_util_ads: 0.471, bed_util_des: 0.470, des_th: 0.4700988537735322,frac_lost: 0.102, li_recovered:  8.550, time: 0.005704572000468033
L: 0.50, u_super: 0.00005, sec: 4.331, prod: 0.000669, t_ads: 3400.5, t_des: 5784.7, bed_util_ads: 0.251, bed_util_des: 0.185, des_th: 0.1851696623157332,frac_lost: 0.100, li_recovered:  6.140, time: 0.004884766998657142
L: 0.50, u_super: 0.00852, sec: 488.897, prod: 0.192682, t_ads: 23.0, t_des: 21.1, bed_util_ads: 0.498, bed_util_des: 0.498, des_th: 0.4979087192931575,frac_lost: 0.107, li_recovered:  8.493, time: 0.004673622001064359
L: 0.50, u_super: 0.00422, sec: 230.681, prod: 0.094759, t_ads: 46.1, t_des: 41.0, bed_util_ads: 0.499, bed_util_des: 0.499, des_th: 0.4992816768404126,frac_lost: 0.107, li_recovered:  8.261, time: 0.004546146999928169
L: 0.50, u_super: 0.00955, sec: 558.156, prod: 0.214827, t_ads: 20.4, t_des: 19.7, bed_util_ads: 0.492, bed_util_des: 0.491, des_th: 0.4915010034246498,frac_lost: 0.104, li_recovered:  8.619, time: 0.004525696000200696
L: 0.50, u_super: 0.00810, sec: 462.676, prod: 0.183041, t_ads: 24.2, t_des: 22.2, bed_util_ads: 0.498, bed_util_des: 0.498, des_th: 0.4979087192931575,frac_lost: 0.108, li_recovered:  8.490, time: 0.006108071000198834
L: 0.50, u_super: 0.00460, sec: 252.391, prod: 0.103298, t_ads: 42.3, t_des: 37.3, bed_util_ads: 0.500, bed_util_des: 0.500, des_th: 0.4998827699738848,frac_lost: 0.104, li_recovered:  8.220, time: 0.003995745999418432
L: 25.06, u_super: 0.00163 — INFEASIBLE (li_recovered=0.000e+00), time: 0.0008857100001478102
L: 3.36, u_super: 0.00221 — INFEASIBLE (li_recovered=0.000e+00), time: 0.0037909379989287117
L: 0.50, u_super: 0.00116, sec: 71.488, prod: 0.022178, t_ads: 164.5, t_des: 210.6, bed_util_ads: 0.443, bed_util_des: 0.439, des_th: 0.43903400561210215,frac_lost: 0.104, li_recovered:  8.319, time: 0.006711633001032169
L: 0.50, u_super: 0.00400, sec: 217.526, prod: 0.089810, t_ads: 48.7, t_des: 44.5, bed_util_ads: 0.496, bed_util_des: 0.495, des_th: 0.49540894138738584,frac_lost: 0.106, li_recovered:  8.363, time: 0.006975569000132964
L: 0.50, u_super: 0.00715, sec: 403.608, prod: 0.161765, t_ads: 27.3, t_des: 24.9, bed_util_ads: 0.498, bed_util_des: 0.498, des_th: 0.498001507852527,frac_lost: 0.106, li_recovered:  8.440, time: 0.005831161000969587
L: 0.50, u_super: 0.00907, sec: 523.602, prod: 0.205207, t_ads: 21.6, t_des: 19.8, bed_util_ads: 0.498, bed_util_des: 0.498, des_th: 0.49826527890300903,frac_lost: 0.107, li_recovered:  8.492, time: 0.005425194000054034
L: 0.50, u_super: 0.00173, sec: 92.626, prod: 0.038151, t_ads: 110.6, t_des: 103.3, bed_util_ads: 0.488, bed_util_des: 0.487, des_th: 0.4870440486261638,frac_lost: 0.101, li_recovered:  8.159, time: 0.004355799999757437
L: 0.50, u_super: 0.00127, sec: 68.654, prod: 0.027748, t_ads: 149.0, t_des: 142.1, bed_util_ads: 0.482, bed_util_des: 0.481, des_th: 0.4811251988499394,frac_lost: 0.102, li_recovered:  8.077, time: 0.007112159999451251
L: 0.50, u_super: 0.00990, sec: 576.400, prod: 0.224659, t_ads: 19.7, t_des: 17.9, bed_util_ads: 0.499, bed_util_des: 0.499, des_th: 0.4991592369641581,frac_lost: 0.104, li_recovered:  8.454, time: 0.006493920000139042
L: 0.50, u_super: 0.00736, sec: 415.067, prod: 0.166893, t_ads: 26.4, t_des: 24.2, bed_util_ads: 0.498, bed_util_des: 0.498, des_th: 0.498001507852527,frac_lost: 0.101, li_recovered:  8.437, time: 0.007570417001261376
L: 0.50, u_super: 0.00505, sec: 278.212, prod: 0.113734, t_ads: 38.4, t_des: 34.0, bed_util_ads: 0.500, bed_util_des: 0.500, des_th: 0.49990766981926893,frac_lost: 0.102, li_recovered:  8.231, time: 0.007539399999586749
L: 51.25, u_super: 0.00072 — INFEASIBLE (li_recovered=0.000e+00), time: 0.001383329001328093
L: 60.56, u_super: 0.00331 — INFEASIBLE (li_recovered=0.000e+00), time: 0.003630494000390172
L: 0.50, u_super: 0.00469, sec: 257.081, prod: 0.105649, t_ads: 41.5, t_des: 37.5, bed_util_ads: 0.498, bed_util_des: 0.498, des_th: 0.4978748851244221,frac_lost: 0.105, li_recovered:  8.339, time: 0.006689940000796923
L: 0.50, u_super: 0.00825, sec: 471.251, prod: 0.186890, t_ads: 23.7, t_des: 21.5, bed_util_ads: 0.499, bed_util_des: 0.499, des_th: 0.49877681411774943,frac_lost: 0.105, li_recovered:  8.448, time: 0.006734859000061988
L: 116.88, u_super: 0.00248 — INFEASIBLE (li_recovered=0.000e+00), time: 0.0011873769999510841
L: 0.50, u_super: 0.00779, sec: 441.660, prod: 0.176788, t_ads: 24.9, t_des: 22.5, bed_util_ads: 0.499, bed_util_des: 0.499, des_th: 0.49877681411774943,frac_lost: 0.100, li_recovered:  8.384, time: 0.004444748999958392
   419 |    16760 |     40 |  0.0044036458 |             f
L: 0.50, u_super: 0.00266, sec: 143.419, prod: 0.059244, t_ads: 72.5, t_des: 64.4, bed_util_ads: 0.497, bed_util_des: 0.497, des_th: 0.496997279307895,frac_lost: 0.103, li_recovered:  8.114, time: 0.004534141000476666
L: 0.50, u_super: 0.00017, sec: 23.704, prod: 0.001476, t_ads: 1130.5, t_des: 4632.8, bed_util_ads: 0.251, bed_util_des: 0.185, des_th: 0.1851696623157332,frac_lost: 0.100, li_recovered:  8.506, time: 0.012878730000011274
L: 0.50, u_super: 0.00174, sec: 94.910, prod: 0.037807, t_ads: 110.0, t_des: 93.8, bed_util_ads: 0.499, bed_util_des: 0.499, des_th: 0.49877681411774943,frac_lost: 0.104, li_recovered:  7.706, time: 0.005604594000033103
L: 31.11, u_super: 0.00188 — INFEASIBLE (li_recovered=0.000e+00), time: 0.0009357159997307463
L: 0.50, u_super: 0.00288, sec: 155.176, prod: 0.064309, t_ads: 67.1, t_des: 63.1, bed_util_ads: 0.491, bed_util_des: 0.491, des_th: 0.4908167991109571,frac_lost: 0.104, li_recovered:  8.374, time: 0.004640705999918282
L: 0.50, u_super: 0.00990, sec: 576.644, prod: 0.224565, t_ads: 19.7, t_des: 17.7, bed_util_ads: 0.500, bed_util_des: 0.499, des_th: 0.49947168523479,frac_lost: 0.104, li_recovered:  8.407, time: 0.0042137280015595024
L: 0.50, u_super: 0.00647, sec: 361.268, prod: 0.146654, t_ads: 29.9, t_des: 27.2, bed_util_ads: 0.498, bed_util_des: 0.498, des_th: 0.49793316229659546,frac_lost: 0.100, li_recovered:  8.378, time: 0.004652317000363837
L: 0.50, u_super: 0.00538, sec: 296.663, prod: 0.121385, t_ads: 36.1, t_des: 32.7, bed_util_ads: 0.498, bed_util_des: 0.498, des_th: 0.49788170597265907,frac_lost: 0.103, li_recovered:  8.353, time: 0.004672256000048947
L: 0.50, u_super: 0.00223, sec: 120.315, prod: 0.049223, t_ads: 86.8, t_des: 76.2, bed_util_ads: 0.498, bed_util_des: 0.498, des_th: 0.49781945563523056,frac_lost: 0.107, li_recovered:  8.026, time: 0.004623054999683518
L: 2.93, u_super: 0.00615 — INFEASIBLE (li_recovered=0.000e+00), time: 0.0024700550002307864
L: 0.50, u_super: 0.00990, sec: 600.991, prod: 0.215429, t_ads: 19.7, t_des: 20.7, bed_util_ads: 0.481, bed_util_des: 0.481, des_th: 0.48076220220198834,frac_lost: 0.104, li_recovered:  8.704, time: 0.004581649998726789
L: 0.50, u_super: 0.00362, sec: 196.205, prod: 0.081181, t_ads: 53.7, t_des: 49.2, bed_util_ads: 0.496, bed_util_des: 0.495, des_th: 0.49535534131119835,frac_lost: 0.106, li_recovered:  8.354, time: 0.0077598059997399105
L: 0.50, u_super: 0.00539, sec: 297.396, prod: 0.121735, t_ads: 35.9, t_des: 32.2, bed_util_ads: 0.499, bed_util_des: 0.499, des_th: 0.49924347978660844,frac_lost: 0.101, li_recovered:  8.300, time: 0.006171279001137009
L: 0.50, u_super: 0.00614, sec: 342.942, prod: 0.138583, t_ads: 31.8, t_des: 28.6, bed_util_ads: 0.500, bed_util_des: 0.500, des_th: 0.49975082795568865,frac_lost: 0.108, li_recovered:  8.374, time: 0.004806402999747661
L: 0.50, u_super: 0.00576, sec: 319.111, prod: 0.130259, t_ads: 33.7, t_des: 30.8, bed_util_ads: 0.497, bed_util_des: 0.497, des_th: 0.4968928776870404,frac_lost: 0.102, li_recovered:  8.405, time: 0.004392911001559696
L: 0.50, u_super: 0.00005 — INFEASIBLE (li_recovered=0.000e+00), time: 0.0012902080015919637
L: 0.50, u_super: 0.00884, sec: 508.334, prod: 0.200243, t_ads: 22.1, t_des: 20.1, bed_util_ads: 0.499, bed_util_des: 0.499, des_th: 0.49884453113172644,frac_lost: 0.105, li_recovered:  8.449, time: 0.004313868999815895
L: 0.50, u_super: 0.00276, sec: 151.418, prod: 0.060576, t_ads: 70.0, t_des: 70.4, bed_util_ads: 0.481, bed_util_des: 0.481, des_th: 0.48067011178658153,frac_lost: 0.104, li_recovered:  8.505, time: 0.004302357001506607
L: 0.50, u_super: 0.00398, sec: 216.545, prod: 0.089503, t_ads: 48.7, t_des: 44.1, bed_util_ads: 0.497, bed_util_des: 0.497, des_th: 0.49708532942233735,frac_lost: 0.104, li_recovered:  8.307, time: 0.006165795999550028
L: 0.50, u_super: 0.00343, sec: 186.704, prod: 0.076681, t_ads: 56.7, t_des: 49.9, bed_util_ads: 0.500, bed_util_des: 0.500, des_th: 0.49981891651201354,frac_lost: 0.108, li_recovered:  8.172, time: 0.005550879999645986
L: 0.50, u_super: 0.00778, sec: 450.409, prod: 0.172746, t_ads: 25.2, t_des: 24.9, bed_util_ads: 0.487, bed_util_des: 0.487, des_th: 0.4870440486261638,frac_lost: 0.107, li_recovered:  8.655, time: 0.005231569000898162
L: 0.50, u_super: 0.00652, sec: 364.414, prod: 0.147580, t_ads: 29.8, t_des: 27.0, bed_util_ads: 0.499, bed_util_des: 0.499, des_th: 0.4993260377870911,frac_lost: 0.102, li_recovered:  8.382, time: 0.004757552000228316
L: 0.50, u_super: 0.00715, sec: 404.026, prod: 0.161537, t_ads: 27.4, t_des: 24.9, bed_util_ads: 0.499, bed_util_des: 0.498, des_th: 0.49839845673062844,frac_lost: 0.108, li_recovered:  8.444, time: 0.005149371001607506
L: 0.50, u_super: 0.00483, sec: 265.727, prod: 0.108823, t_ads: 40.2, t_des: 35.8, bed_util_ads: 0.500, bed_util_des: 0.499, des_th: 0.49941768941859743,frac_lost: 0.105, li_recovered:  8.276, time: 0.003972763001002022
L: 0.50, u_super: 0.00245, sec: 132.311, prod: 0.054303, t_ads: 78.8, t_des: 69.2, bed_util_ads: 0.498, bed_util_des: 0.498, des_th: 0.49789702792300355,frac_lost: 0.105, li_recovered:  8.033, time: 0.004369054999187938
L: 0.50, u_super: 0.00881, sec: 507.491, prod: 0.199364, t_ads: 22.2, t_des: 20.4, bed_util_ads: 0.497, bed_util_des: 0.497, des_th: 0.49691989100753875,frac_lost: 0.107, li_recovered:  8.498, time: 0.006258976998651633
L: 0.50, u_super: 0.00913, sec: 527.801, prod: 0.206699, t_ads: 21.4, t_des: 19.9, bed_util_ads: 0.497, bed_util_des: 0.497, des_th: 0.4966559443943939,frac_lost: 0.105, li_recovered:  8.528, time: 0.0055970600005821325
L: 0.50, u_super: 0.00254, sec: 138.282, prod: 0.055781, t_ads: 75.9, t_des: 75.9, bed_util_ads: 0.482, bed_util_des: 0.481, des_th: 0.48096419180734234,frac_lost: 0.102, li_recovered:  8.470, time: 0.0038948780002101557
L: 0.50, u_super: 0.00955, sec: 553.586, prod: 0.216555, t_ads: 20.4, t_des: 18.6, bed_util_ads: 0.499, bed_util_des: 0.499, des_th: 0.4988508719774484,frac_lost: 0.104, li_recovered:  8.454, time: 0.005139537999639288
L: 0.50, u_super: 0.00639, sec: 356.625, prod: 0.144718, t_ads: 30.4, t_des: 27.5, bed_util_ads: 0.498, bed_util_des: 0.498, des_th: 0.49791808693093015,frac_lost: 0.101, li_recovered:  8.372, time: 0.005213148000621004
L: 0.50, u_super: 0.00770, sec: 435.883, prod: 0.174686, t_ads: 25.2, t_des: 23.1, bed_util_ads: 0.498, bed_util_des: 0.498, des_th: 0.4980567197780069,frac_lost: 0.100, li_recovered:  8.433, time: 0.005857124000613112
L: 0.50, u_super: 0.00127, sec: 68.654, prod: 0.027748, t_ads: 149.0, t_des: 142.1, bed_util_ads: 0.482, bed_util_des: 0.481, des_th: 0.4811251988499394,frac_lost: 0.102, li_recovered:  8.077, time: 0.005674889998772414
L: 0.50, u_super: 0.00580, sec: 321.985, prod: 0.131115, t_ads: 33.5, t_des: 30.0, bed_util_ads: 0.500, bed_util_des: 0.500, des_th: 0.49988694854761334,frac_lost: 0.103, li_recovered:  8.323, time: 0.004888305998974829
L: 0.50, u_super: 0.00897, sec: 517.678, prod: 0.203127, t_ads: 21.8, t_des: 20.0, bed_util_ads: 0.498, bed_util_des: 0.498, des_th: 0.49826527890300903,frac_lost: 0.107, li_recovered:  8.487, time: 0.005264182000246365
L: 0.50, u_super: 0.00242, sec: 853.500, prod: 0.008224, t_ads: 81.3, t_des: 986.7, bed_util_ads: 0.209, bed_util_des: 0.199, des_th: 0.19923875503864108,frac_lost: 0.105, li_recovered:  8.784, time: 0.03372159699938493
L: 0.50, u_super: 0.00191, sec: 103.918, prod: 0.041606, t_ads: 100.2, t_des: 85.5, bed_util_ads: 0.500, bed_util_des: 0.500, des_th: 0.499887739763756,frac_lost: 0.102, li_recovered:  7.729, time: 0.004476412999792956
L: 0.50, u_super: 0.00079 — INFEASIBLE (li_recovered=0.000e+00), time: 0.0036629750011343276
L: 0.50, u_super: 0.00106, sec: 58.679, prod: 0.022627, t_ads: 178.4, t_des: 154.3, bed_util_ads: 0.491, bed_util_des: 0.491, des_th: 0.49057144096739236,frac_lost: 0.108, li_recovered:  7.527, time: 0.005795289000161574
L: 4.35, u_super: 0.00647, sec: 3423.970, prod: 0.134683, t_ads: 249.7, t_des: 219.9, bed_util_ads: 0.482, bed_util_des: 0.481, des_th: 0.48096419180734234,frac_lost: 0.105, li_recovered:  63.236, time: 0.006989178000367247
L: 0.50, u_super: 0.00128, sec: 522.594, prod: 0.003700, t_ads: 153.7, t_des: 2227.0, bed_util_ads: 0.191, bed_util_des: 0.171, des_th: 0.17148324711793264,frac_lost: 0.102, li_recovered:  8.809, time: 0.047195995999572915
   420 |    16800 |     40 |  0.0023756830 |             f
L: 0.50, u_super: 0.00763, sec: 431.431, prod: 0.172979, t_ads: 25.4, t_des: 23.0, bed_util_ads: 0.498, bed_util_des: 0.498, des_th: 0.4980567197780069,frac_lost: 0.100, li_recovered:  8.387, time: 0.005860179000592325
L: 0.50, u_super: 0.00829, sec: 474.038, prod: 0.187881, t_ads: 23.5, t_des: 21.4, bed_util_ads: 0.499, bed_util_des: 0.499, des_th: 0.49877681411774943,frac_lost: 0.105, li_recovered:  8.442, time: 0.006147340000097756
L: 15.01, u_super: 0.00955 — INFEASIBLE (li_recovered=0.000e+00), time: 0.0024785220011835918
L: 0.50, u_super: 0.00736, sec: 416.545, prod: 0.166300, t_ads: 26.6, t_des: 24.1, bed_util_ads: 0.498, bed_util_des: 0.498, des_th: 0.498001507852527,frac_lost: 0.108, li_recovered:  8.438, time: 0.005740218999562785
L: 0.50, u_super: 0.00834, sec: 477.110, prod: 0.188752, t_ads: 23.5, t_des: 21.3, bed_util_ads: 0.500, bed_util_des: 0.500, des_th: 0.49954754173448507,frac_lost: 0.106, li_recovered:  8.439, time: 0.005172930999833625
L: 0.50, u_super: 0.00071 — INFEASIBLE (li_recovered=0.000e+00), time: 0.0029093089997331845
L: 0.50, u_super: 0.00399, sec: 217.075, prod: 0.089665, t_ads: 48.7, t_des: 44.0, bed_util_ads: 0.497, bed_util_des: 0.497, des_th: 0.4970859183511266,frac_lost: 0.105, li_recovered:  8.313, time: 0.004546879999907105
L: 0.50, u_super: 0.00150, sec: 82.595, prod: 0.032302, t_ads: 127.3, t_des: 107.4, bed_util_ads: 0.498, bed_util_des: 0.498, des_th: 0.4977418859661236,frac_lost: 0.106, li_recovered:  7.582, time: 0.005113143000926357
L: 0.50, u_super: 0.00447, sec: 280.173, prod: 0.087864, t_ads: 43.3, t_des: 55.1, bed_util_ads: 0.454, bed_util_des: 0.453, des_th: 0.45331181622905065,frac_lost: 0.100, li_recovered:  8.647, time: 0.00723680499868351
L: 0.50, u_super: 0.00122, sec: 573.432, prod: 0.003068, t_ads: 162.3, t_des: 2718.0, bed_util_ads: 0.180, bed_util_des: 0.159, des_th: 0.15880058248920764,frac_lost: 0.106, li_recovered:  8.837, time: 0.04424757800006773
L: 0.50, u_super: 0.00773, sec: 438.834, prod: 0.175183, t_ads: 25.2, t_des: 22.6, bed_util_ads: 0.500, bed_util_des: 0.499, des_th: 0.49942132725883337,frac_lost: 0.103, li_recovered:  8.372, time: 0.006846692000181065
L: 0.50, u_super: 0.00539, sec: 311.791, prod: 0.116044, t_ads: 36.0, t_des: 38.5, bed_util_ads: 0.477, bed_util_des: 0.477, des_th: 0.476666584929049,frac_lost: 0.102, li_recovered:  8.653, time: 0.00528904299972055
L: 0.50, u_super: 0.00619, sec: 2952.245, prod: 0.016345, t_ads: 31.7, t_des: 505.6, bed_util_ads: 0.191, bed_util_des: 0.187, des_th: 0.18689480533186706,frac_lost: 0.105, li_recovered:  8.784, time: 0.04776629200023308
L: 0.50, u_super: 0.00144, sec: 77.959, prod: 0.031531, t_ads: 132.7, t_des: 119.3, bed_util_ads: 0.491, bed_util_des: 0.491, des_th: 0.49076001454366486,frac_lost: 0.107, li_recovered:  7.945, time: 0.006382330999258556
L: 0.50, u_super: 0.00730, sec: 412.702, prod: 0.164939, t_ads: 26.8, t_des: 24.3, bed_util_ads: 0.498, bed_util_des: 0.498, des_th: 0.4980063698236964,frac_lost: 0.107, li_recovered:  8.434, time: 0.004513152998697478
L: 0.50, u_super: 0.00401, sec: 218.229, prod: 0.089983, t_ads: 48.5, t_des: 43.3, bed_util_ads: 0.499, bed_util_des: 0.499, des_th: 0.4992892971824095,frac_lost: 0.105, li_recovered:  8.254, time: 0.006887636000101338
L: 0.50, u_super: 0.00574, sec: 330.238, prod: 0.125029, t_ads: 33.8, t_des: 35.4, bed_util_ads: 0.480, bed_util_des: 0.479, des_th: 0.47921302338341076,frac_lost: 0.103, li_recovered:  8.654, time: 0.005885124000997166
L: 0.50, u_super: 0.00576, sec: 318.931, prod: 0.130136, t_ads: 33.7, t_des: 30.2, bed_util_ads: 0.500, bed_util_des: 0.500, des_th: 0.49988694854761334,frac_lost: 0.101, li_recovered:  8.317, time: 0.006826586000897805
L: 0.50, u_super: 0.00505, sec: 278.191, prod: 0.113743, t_ads: 38.5, t_des: 34.4, bed_util_ads: 0.500, bed_util_des: 0.500, des_th: 0.4998827699738848,frac_lost: 0.105, li_recovered:  8.293, time: 0.007135988000300131
L: 0.50, u_super: 0.00920, sec: 531.088, prod: 0.208487, t_ads: 21.2, t_des: 19.3, bed_util_ads: 0.500, bed_util_des: 0.499, des_th: 0.49942132725883337,frac_lost: 0.104, li_recovered:  8.458, time: 0.005279678000079002
L: 0.50, u_super: 0.00639, sec: 356.625, prod: 0.144718, t_ads: 30.4, t_des: 27.5, bed_util_ads: 0.498, bed_util_des: 0.498, des_th: 0.49791808693093015,frac_lost: 0.101, li_recovered:  8.372, time: 0.005177352999453433
L: 0.50, u_super: 0.00389, sec: 211.502, prod: 0.087222, t_ads: 50.1, t_des: 45.8, bed_util_ads: 0.496, bed_util_des: 0.495, des_th: 0.49540894138738584,frac_lost: 0.107, li_recovered:  8.370, time: 0.0043427469991002
L: 0.50, u_super: 0.00686, sec: 390.204, prod: 0.153270, t_ads: 28.3, t_des: 28.0, bed_util_ads: 0.488, bed_util_des: 0.487, des_th: 0.4872766428594535,frac_lost: 0.100, li_recovered:  8.623, time: 0.004663962999984506
L: 0.50, u_super: 0.00483, sec: 268.928, prod: 0.107528, t_ads: 40.1, t_des: 39.7, bed_util_ads: 0.487, bed_util_des: 0.486, des_th: 0.48625032443921984,frac_lost: 0.102, li_recovered:  8.587, time: 0.00426378700103669
L: 0.50, u_super: 0.00012 — INFEASIBLE (li_recovered=0.000e+00), time: 0.0011751749989343807
L: 0.50, u_super: 0.00362, sec: 196.487, prod: 0.081064, t_ads: 53.8, t_des: 49.8, bed_util_ads: 0.494, bed_util_des: 0.494, des_th: 0.4940661387305474,frac_lost: 0.107, li_recovered:  8.400, time: 0.003996769999503158
L: 0.50, u_super: 0.00982, sec: 571.619, prod: 0.222654, t_ads: 19.9, t_des: 18.2, bed_util_ads: 0.498, bed_util_des: 0.498, des_th: 0.4980567197780069,frac_lost: 0.105, li_recovered:  8.488, time: 0.004138413998589385
L: 9.11, u_super: 0.00653 — INFEASIBLE (li_recovered=0.000e+00), time: 0.0020837320007558446
L: 0.50, u_super: 0.00014 — INFEASIBLE (li_recovered=0.000e+00), time: 0.0010638109997671563
L: 0.50, u_super: 0.00881, sec: 507.095, prod: 0.199520, t_ads: 22.2, t_des: 19.9, bed_util_ads: 0.500, bed_util_des: 0.500, des_th: 0.49996513550779403,frac_lost: 0.106, li_recovered:  8.398, time: 0.0041027739989658585
L: 0.50, u_super: 0.00485, sec: 278.582, prod: 0.104505, t_ads: 40.0, t_des: 42.7, bed_util_ads: 0.477, bed_util_des: 0.477, des_th: 0.4767792336759206,frac_lost: 0.102, li_recovered:  8.640, time: 0.0048382380009570625
L: 0.50, u_super: 0.00863, sec: 495.490, prod: 0.195492, t_ads: 22.6, t_des: 20.6, bed_util_ads: 0.498, bed_util_des: 0.498, des_th: 0.4979054692111018,frac_lost: 0.106, li_recovered:  8.451, time: 0.004454085999896051
L: 3.83, u_super: 0.00071 — INFEASIBLE (li_recovered=0.000e+00), time: 0.0011492020003061043
L: 0.50, u_super: 0.00824, sec: 470.266, prod: 0.186801, t_ads: 23.6, t_des: 22.0, bed_util_ads: 0.495, bed_util_des: 0.495, des_th: 0.4948949125287253,frac_lost: 0.101, li_recovered:  8.514, time: 0.007788584000081755
L: 0.50, u_super: 0.00772, sec: 438.704, prod: 0.174550, t_ads: 25.3, t_des: 23.2, bed_util_ads: 0.498, bed_util_des: 0.498, des_th: 0.49799197314802546,frac_lost: 0.107, li_recovered:  8.478, time: 0.006642839998676209
L: 0.50, u_super: 0.00779, sec: 441.867, prod: 0.176705, t_ads: 24.9, t_des: 23.0, bed_util_ads: 0.496, bed_util_des: 0.496, des_th: 0.4958163110956651,frac_lost: 0.101, li_recovered:  8.471, time: 0.006822482999268686
L: 0.50, u_super: 0.00825, sec: 471.779, prod: 0.186680, t_ads: 23.7, t_des: 21.5, bed_util_ads: 0.499, bed_util_des: 0.499, des_th: 0.4987956405794624,frac_lost: 0.107, li_recovered:  8.444, time: 0.004749809000713867
L: 0.50, u_super: 0.00984, sec: 573.189, prod: 0.223085, t_ads: 19.9, t_des: 18.0, bed_util_ads: 0.500, bed_util_des: 0.499, des_th: 0.4994308595735911,frac_lost: 0.106, li_recovered:  8.459, time: 0.005391422999309725
L: 0.50, u_super: 0.00340, sec: 183.944, prod: 0.076066, t_ads: 57.3, t_des: 52.4, bed_util_ads: 0.496, bed_util_des: 0.495, des_th: 0.49540894138738584,frac_lost: 0.107, li_recovered:  8.342, time: 0.005536278000363382
L: 0.50, u_super: 0.00447, sec: 244.984, prod: 0.100485, t_ads: 43.5, t_des: 38.7, bed_util_ads: 0.499, bed_util_des: 0.499, des_th: 0.49892889447330663,frac_lost: 0.106, li_recovered:  8.266, time: 0.0054612419990007766
   421 |    16840 |     40 |  0.0049734282 |             f
L: 0.50, u_super: 0.00410, sec: 223.890, prod: 0.091937, t_ads: 47.4, t_des: 41.8, bed_util_ads: 0.500, bed_util_des: 0.499, des_th: 0.4993476684066634,frac_lost: 0.105, li_recovered:  8.203, time: 0.006927782998900511
L: 0.50, u_super: 0.00191, sec: 103.385, prod: 0.041821, t_ads: 100.1, t_des: 86.7, bed_util_ads: 0.497, bed_util_des: 0.497, des_th: 0.49723187924293705,frac_lost: 0.100, li_recovered:  7.812, time: 0.0046327010004461044
L: 0.50, u_super: 0.00401, sec: 218.804, prod: 0.089808, t_ads: 48.5, t_des: 46.0, bed_util_ads: 0.491, bed_util_des: 0.490, des_th: 0.4904033824671393,frac_lost: 0.105, li_recovered:  8.480, time: 0.008094755999991321
L: 0.50, u_super: 0.00049, sec: 29.000, prod: 0.009465, t_ads: 369.6, t_des: 317.4, bed_util_ads: 0.473, bed_util_des: 0.472, des_th: 0.47261297076185793,frac_lost: 0.105, li_recovered:  6.503, time: 0.007970606000526459
L: 0.50, u_super: 0.00462, sec: 253.189, prod: 0.103864, t_ads: 42.2, t_des: 37.6, bed_util_ads: 0.499, bed_util_des: 0.499, des_th: 0.49894772093501966,frac_lost: 0.105, li_recovered:  8.286, time: 0.0060124280007585185
L: 0.50, u_super: 0.00005 — INFEASIBLE (li_recovered=0.000e+00), time: 0.0016110519991343608
L: 0.50, u_super: 0.00484, sec: 266.106, prod: 0.108864, t_ads: 40.2, t_des: 35.8, bed_util_ads: 0.500, bed_util_des: 0.500, des_th: 0.4998827699738848,frac_lost: 0.106, li_recovered:  8.278, time: 0.0059246359996905085
L: 0.50, u_super: 0.00823, sec: 1040.205, prod: 0.084296, t_ads: 23.9, t_des: 79.9, bed_util_ads: 0.341, bed_util_des: 0.339, des_th: 0.33904347497612375,frac_lost: 0.107, li_recovered:  8.750, time: 0.011077039998781402
L: 0.50, u_super: 0.00597, sec: 331.433, prod: 0.135006, t_ads: 32.5, t_des: 30.2, bed_util_ads: 0.496, bed_util_des: 0.496, des_th: 0.49567665659844096,frac_lost: 0.101, li_recovered:  8.460, time: 0.004414342000018223
L: 0.50, u_super: 0.00921, sec: 531.851, prod: 0.208767, t_ads: 21.2, t_des: 19.3, bed_util_ads: 0.500, bed_util_des: 0.499, des_th: 0.49942132725883337,frac_lost: 0.104, li_recovered:  8.445, time: 0.006063775001166505
L: 0.50, u_super: 0.00639, sec: 357.197, prod: 0.144486, t_ads: 30.4, t_des: 27.1, bed_util_ads: 0.500, bed_util_des: 0.500, des_th: 0.49959897408393433,frac_lost: 0.102, li_recovered:  8.307, time: 0.006665677999990294
L: 0.50, u_super: 0.00288, sec: 155.026, prod: 0.064371, t_ads: 67.1, t_des: 62.6, bed_util_ads: 0.491, bed_util_des: 0.491, des_th: 0.4908167991109571,frac_lost: 0.103, li_recovered:  8.349, time: 0.006157838999570231
L: 0.50, u_super: 0.00040, sec: 84.690, prod: 0.002170, t_ads: 498.5, t_des: 3538.6, bed_util_ads: 0.231, bed_util_des: 0.187, des_th: 0.18698480316788504,frac_lost: 0.102, li_recovered:  8.763, time: 0.017649261999395094
L: 0.50, u_super: 0.00098 — INFEASIBLE (li_recovered=0.000e+00), time: 0.0021651419992849696
L: 64.53, u_super: 0.00318 — INFEASIBLE (li_recovered=0.000e+00), time: 0.0010883129998546792
L: 26.88, u_super: 0.00671 — INFEASIBLE (li_recovered=0.000e+00), time: 0.0012960639996890677
L: 0.50, u_super: 0.00881, sec: 508.097, prod: 0.199127, t_ads: 22.2, t_des: 20.8, bed_util_ads: 0.494, bed_util_des: 0.494, des_th: 0.49411188216804514,frac_lost: 0.105, li_recovered:  8.557, time: 0.004949390000547282
L: 0.50, u_super: 0.00657, sec: 367.443, prod: 0.148825, t_ads: 29.5, t_des: 26.7, bed_util_ads: 0.498, bed_util_des: 0.498, des_th: 0.49804520954834003,frac_lost: 0.101, li_recovered:  8.376, time: 0.007769937999910326
L: 0.50, u_super: 0.00091, sec: 50.155, prod: 0.019474, t_ads: 206.0, t_des: 186.8, bed_util_ads: 0.482, bed_util_des: 0.481, des_th: 0.48140711330901975,frac_lost: 0.105, li_recovered:  7.648, time: 0.012455111000235775
L: 0.50, u_super: 0.00071, sec: 39.579, prod: 0.014967, t_ads: 261.1, t_des: 244.5, bed_util_ads: 0.474, bed_util_des: 0.472, des_th: 0.47222161643338323,frac_lost: 0.105, li_recovered:  7.567, time: 0.006495196999821928
L: 0.50, u_super: 0.00220, sec: 118.602, prod: 0.048771, t_ads: 87.7, t_des: 78.2, bed_util_ads: 0.496, bed_util_des: 0.496, des_th: 0.4956363000132717,frac_lost: 0.107, li_recovered:  8.093, time: 0.006840678999651573
L: 0.50, u_super: 0.00646, sec: 2168.456, prod: 0.024334, t_ads: 30.4, t_des: 330.2, bed_util_ads: 0.223, bed_util_des: 0.219, des_th: 0.21884131292596792,frac_lost: 0.106, li_recovered:  8.776, time: 0.03806861500015657
L: 6.34, u_super: 0.00881 — INFEASIBLE (li_recovered=0.000e+00), time: 0.003047968000828405
L: 0.50, u_super: 0.00315, sec: 1098.166, prod: 0.010922, t_ads: 62.5, t_des: 741.5, bed_util_ads: 0.213, bed_util_des: 0.205, des_th: 0.20478881145436575,frac_lost: 0.106, li_recovered:  8.781, time: 0.03684602000066661
L: 0.50, u_super: 0.00505, sec: 278.179, prod: 0.113551, t_ads: 38.4, t_des: 36.5, bed_util_ads: 0.492, bed_util_des: 0.491, des_th: 0.49129059554475024,frac_lost: 0.102, li_recovered:  8.510, time: 0.005196885000259499
L: 0.50, u_super: 0.00053 — INFEASIBLE (li_recovered=0.000e+00), time: 0.00257823599895346
L: 26.96, u_super: 0.00643 — INFEASIBLE (li_recovered=0.000e+00), time: 0.0013558870014094282
L: 0.50, u_super: 0.00402, sec: 218.909, prod: 0.090189, t_ads: 48.4, t_des: 43.2, bed_util_ads: 0.499, bed_util_des: 0.499, des_th: 0.4991759743580245,frac_lost: 0.105, li_recovered:  8.260, time: 0.004765193998537143
L: 0.50, u_super: 0.00361, sec: 197.332, prod: 0.080262, t_ads: 53.9, t_des: 52.2, bed_util_ads: 0.488, bed_util_des: 0.488, des_th: 0.4877126994697604,frac_lost: 0.106, li_recovered:  8.516, time: 0.005388720999690122
L: 0.50, u_super: 0.00514, sec: 283.227, prod: 0.116106, t_ads: 37.7, t_des: 33.8, bed_util_ads: 0.499, bed_util_des: 0.499, des_th: 0.49911697756350965,frac_lost: 0.102, li_recovered:  8.300, time: 0.004704081000454607
L: 0.50, u_super: 0.00481, sec: 270.804, prod: 0.105533, t_ads: 40.4, t_des: 41.3, bed_util_ads: 0.482, bed_util_des: 0.481, des_th: 0.48140711330901975,frac_lost: 0.102, li_recovered:  8.620, time: 0.006242060000658967
L: 0.50, u_super: 0.00990, sec: 576.685, prod: 0.224552, t_ads: 19.7, t_des: 17.9, bed_util_ads: 0.500, bed_util_des: 0.499, des_th: 0.49942132725883337,frac_lost: 0.104, li_recovered:  8.444, time: 0.004469169000003603
L: 22.68, u_super: 0.00220 — INFEASIBLE (li_recovered=0.000e+00), time: 0.0008690249997016508
L: 0.50, u_super: 0.00173, sec: 94.127, prod: 0.037543, t_ads: 110.7, t_des: 94.6, bed_util_ads: 0.499, bed_util_des: 0.499, des_th: 0.4987563889476295,frac_lost: 0.103, li_recovered:  7.710, time: 0.004170710000835243
L: 0.50, u_super: 0.00614, sec: 342.060, prod: 0.138940, t_ads: 31.6, t_des: 28.3, bed_util_ads: 0.500, bed_util_des: 0.500, des_th: 0.4997979670188621,frac_lost: 0.101, li_recovered:  8.311, time: 0.004362370998933329
L: 0.50, u_super: 0.00567, sec: 313.813, prod: 0.128109, t_ads: 34.3, t_des: 31.0, bed_util_ads: 0.498, bed_util_des: 0.498, des_th: 0.4975146077398779,frac_lost: 0.103, li_recovered:  8.362, time: 0.0048651979996066075
L: 0.50, u_super: 0.00505, sec: 278.134, prod: 0.113766, t_ads: 38.5, t_des: 34.3, bed_util_ads: 0.500, bed_util_des: 0.500, des_th: 0.4998885547922413,frac_lost: 0.104, li_recovered:  8.283, time: 0.0047675440000602975
L: 0.50, u_super: 0.00028 — INFEASIBLE (li_recovered=0.000e+00), time: 0.0021515200005524093
L: 0.50, u_super: 0.00454, sec: 314.666, prod: 0.080563, t_ads: 43.1, t_des: 64.5, bed_util_ads: 0.435, bed_util_des: 0.433, des_th: 0.433244532670882,frac_lost: 0.107, li_recovered:  8.672, time: 0.005087349998575519
L: 0.50, u_super: 0.00639, sec: 376.402, prod: 0.137114, t_ads: 30.6, t_des: 32.7, bed_util_ads: 0.478, bed_util_des: 0.477, des_th: 0.4772760217753507,frac_lost: 0.108, li_recovered:  8.680, time: 0.0050435310004104394
   422 |    16880 |     40 |  0.0028827320 |             f
L: 0.50, u_super: 0.00863, sec: 495.893, prod: 0.195333, t_ads: 22.7, t_des: 20.8, bed_util_ads: 0.498, bed_util_des: 0.498, des_th: 0.4979054692111018,frac_lost: 0.107, li_recovered:  8.490, time: 0.004729005000626785
L: 0.50, u_super: 0.00303, sec: 164.149, prod: 0.067730, t_ads: 63.5, t_des: 55.9, bed_util_ads: 0.500, bed_util_des: 0.499, des_th: 0.49936606274007295,frac_lost: 0.101, li_recovered:  8.089, time: 0.004815329999473761
L: 0.50, u_super: 0.00930, sec: 537.967, prod: 0.210911, t_ads: 21.0, t_des: 19.0, bed_util_ads: 0.499, bed_util_des: 0.499, des_th: 0.49894910626792255,frac_lost: 0.104, li_recovered:  8.441, time: 0.004461755999727757
L: 0.50, u_super: 0.00743, sec: 420.209, prod: 0.167984, t_ads: 26.3, t_des: 24.0, bed_util_ads: 0.498, bed_util_des: 0.498, des_th: 0.4980567197780069,frac_lost: 0.106, li_recovered:  8.443, time: 0.007998462999239564
L: 0.50, u_super: 0.00571, sec: 323.526, prod: 0.125998, t_ads: 34.0, t_des: 34.5, bed_util_ads: 0.484, bed_util_des: 0.483, des_th: 0.48317198235044606,frac_lost: 0.102, li_recovered:  8.633, time: 0.006791739999243873
L: 0.50, u_super: 0.00152, sec: 81.962, prod: 0.033253, t_ads: 125.9, t_des: 121.2, bed_util_ads: 0.482, bed_util_des: 0.481, des_th: 0.4811251988499394,frac_lost: 0.104, li_recovered:  8.217, time: 0.004238784998960909
L: 0.50, u_super: 0.00231, sec: 126.467, prod: 0.050405, t_ads: 83.7, t_des: 84.2, bed_util_ads: 0.480, bed_util_des: 0.479, des_th: 0.4789715824750156,frac_lost: 0.105, li_recovered:  8.464, time: 0.004570601999148494
L: 0.50, u_super: 0.00173, sec: 93.854, prod: 0.037652, t_ads: 110.9, t_des: 95.7, bed_util_ads: 0.498, bed_util_des: 0.497, des_th: 0.49758223562496373,frac_lost: 0.105, li_recovered:  7.779, time: 0.005639641000016127
L: 0.50, u_super: 0.00447, sec: 244.768, prod: 0.100574, t_ads: 43.5, t_des: 38.9, bed_util_ads: 0.499, bed_util_des: 0.499, des_th: 0.49894772093501966,frac_lost: 0.105, li_recovered:  8.284, time: 0.005545451000216417
L: 0.50, u_super: 0.00288, sec: 154.919, prod: 0.064415, t_ads: 67.0, t_des: 62.5, bed_util_ads: 0.491, bed_util_des: 0.491, des_th: 0.4908167991109571,frac_lost: 0.102, li_recovered:  8.342, time: 0.008112221999908797
L: 0.50, u_super: 0.00872, sec: 501.841, prod: 0.197071, t_ads: 22.5, t_des: 20.4, bed_util_ads: 0.500, bed_util_des: 0.499, des_th: 0.4994164392040288,frac_lost: 0.109, li_recovered:  8.451, time: 0.005262979000690393
L: 0.50, u_super: 0.00362, sec: 196.138, prod: 0.081209, t_ads: 53.7, t_des: 49.2, bed_util_ads: 0.496, bed_util_des: 0.495, des_th: 0.49535534131119835,frac_lost: 0.105, li_recovered:  8.352, time: 0.004838723998545902
L: 0.50, u_super: 0.00801, sec: 456.570, prod: 0.181314, t_ads: 24.4, t_des: 22.2, bed_util_ads: 0.499, bed_util_des: 0.499, des_th: 0.4987917327895476,frac_lost: 0.106, li_recovered:  8.447, time: 0.004075323999131797
L: 0.50, u_super: 0.00007, sec: 6.245, prod: 0.000913, t_ads: 2612.0, t_des: 5321.4, bed_util_ads: 0.258, bed_util_des: 0.185, des_th: 0.1851696623157332,frac_lost: 0.101, li_recovered:  7.243, time: 0.006077022000681609
L: 0.50, u_super: 0.00016, sec: 21.448, prod: 0.001435, t_ads: 1205.6, t_des: 4698.7, bed_util_ads: 0.252, bed_util_des: 0.185, des_th: 0.1851696623157332,frac_lost: 0.101, li_recovered:  8.472, time: 0.010159280000152648
L: 0.50, u_super: 0.00833, sec: 477.096, prod: 0.188268, t_ads: 23.5, t_des: 21.5, bed_util_ads: 0.499, bed_util_des: 0.499, des_th: 0.49855342112820106,frac_lost: 0.108, li_recovered:  8.484, time: 0.0036847610008408083
L: 0.50, u_super: 0.00190, sec: 103.547, prod: 0.041491, t_ads: 101.5, t_des: 86.8, bed_util_ads: 0.499, bed_util_des: 0.499, des_th: 0.49919841246712526,frac_lost: 0.109, li_recovered:  7.815, time: 0.0054341880004358245
L: 0.50, u_super: 0.00651, sec: 364.970, prod: 0.146894, t_ads: 30.1, t_des: 27.3, bed_util_ads: 0.499, bed_util_des: 0.499, des_th: 0.4988078030911917,frac_lost: 0.109, li_recovered:  8.436, time: 0.0044946470006834716
L: 0.50, u_super: 0.00313, sec: 169.241, prod: 0.069900, t_ads: 61.8, t_des: 54.8, bed_util_ads: 0.498, bed_util_des: 0.498, des_th: 0.4982251554978911,frac_lost: 0.103, li_recovered:  8.147, time: 0.004938345000482514
L: 82.86, u_super: 0.00881 — INFEASIBLE (li_recovered=0.000e+00), time: 0.0014255269998102449
L: 0.50, u_super: 0.00982, sec: 623.318, prod: 0.204409, t_ads: 19.8, t_des: 22.8, bed_util_ads: 0.470, bed_util_des: 0.470, des_th: 0.46957716157101637,frac_lost: 0.102, li_recovered:  8.714, time: 0.005879803000425454
L: 0.50, u_super: 0.00962, sec: 610.852, prod: 0.199658, t_ads: 20.3, t_des: 23.3, bed_util_ads: 0.470, bed_util_des: 0.470, des_th: 0.46988936973747975,frac_lost: 0.105, li_recovered:  8.717, time: 0.010114758999407059
L: 0.50, u_super: 0.00806, sec: 458.682, prod: 0.183028, t_ads: 24.1, t_des: 21.7, bed_util_ads: 0.499, bed_util_des: 0.499, des_th: 0.49877681411774943,frac_lost: 0.100, li_recovered:  8.383, time: 0.006794614000682486
L: 0.50, u_super: 0.00396, sec: 215.651, prod: 0.089131, t_ads: 49.0, t_des: 44.8, bed_util_ads: 0.496, bed_util_des: 0.495, des_th: 0.49535534131119835,frac_lost: 0.105, li_recovered:  8.361, time: 0.007544875999883516
L: 13.02, u_super: 0.00049 — INFEASIBLE (li_recovered=0.000e+00), time: 0.0014471769991359906
L: 0.50, u_super: 0.00078, sec: 359.603, prod: 0.001986, t_ads: 254.8, t_des: 4215.0, bed_util_ads: 0.177, bed_util_des: 0.145, des_th: 0.1454972441583746,frac_lost: 0.104, li_recovered:  8.879, time: 0.03918697900007828
L: 0.50, u_super: 0.00340, sec: 183.955, prod: 0.076062, t_ads: 57.2, t_des: 51.8, bed_util_ads: 0.496, bed_util_des: 0.495, des_th: 0.49540894138738584,frac_lost: 0.107, li_recovered:  8.294, time: 0.005414692999693216
L: 0.50, u_super: 0.00780, sec: 444.461, prod: 0.176129, t_ads: 25.2, t_des: 23.0, bed_util_ads: 0.498, bed_util_des: 0.498, des_th: 0.498001507852527,frac_lost: 0.109, li_recovered:  8.490, time: 0.0043911459997616475
L: 58.79, u_super: 0.00776 — INFEASIBLE (li_recovered=0.000e+00), time: 0.0012630310011445545
L: 6.98, u_super: 0.00565 — INFEASIBLE (li_recovered=0.000e+00), time: 0.002866009001081693
L: 0.50, u_super: 0.00763, sec: 432.958, prod: 0.172369, t_ads: 25.7, t_des: 23.3, bed_util_ads: 0.498, bed_util_des: 0.498, des_th: 0.4980418011062071,frac_lost: 0.108, li_recovered:  8.450, time: 0.0043752080000558635
L: 0.50, u_super: 0.00921, sec: 532.479, prod: 0.208520, t_ads: 21.3, t_des: 19.3, bed_util_ads: 0.500, bed_util_des: 0.499, des_th: 0.49942132725883337,frac_lost: 0.107, li_recovered:  8.455, time: 0.004896849000942893
L: 0.50, u_super: 0.00662, sec: 370.419, prod: 0.149943, t_ads: 29.3, t_des: 26.5, bed_util_ads: 0.498, bed_util_des: 0.498, des_th: 0.49791808693093015,frac_lost: 0.101, li_recovered:  8.374, time: 0.004460087999177631
L: 0.50, u_super: 0.00310, sec: 167.835, prod: 0.069199, t_ads: 62.1, t_des: 54.6, bed_util_ads: 0.499, bed_util_des: 0.499, des_th: 0.49921033859369135,frac_lost: 0.101, li_recovered:  8.077, time: 0.004566436000459362
L: 0.50, u_super: 0.00514, sec: 282.904, prod: 0.115923, t_ads: 37.8, t_des: 34.3, bed_util_ads: 0.498, bed_util_des: 0.498, des_th: 0.49789528642291425,frac_lost: 0.104, li_recovered:  8.363, time: 0.0062473810012306785
L: 0.50, u_super: 0.00448, sec: 245.187, prod: 0.100678, t_ads: 43.6, t_des: 39.7, bed_util_ads: 0.497, bed_util_des: 0.497, des_th: 0.496981176326568,frac_lost: 0.108, li_recovered:  8.386, time: 0.004895881000265945
L: 0.50, u_super: 0.00197, sec: 105.593, prod: 0.043688, t_ads: 97.1, t_des: 91.5, bed_util_ads: 0.487, bed_util_des: 0.487, des_th: 0.4866530776343423,frac_lost: 0.100, li_recovered:  8.241, time: 0.0054121529992698925
L: 0.50, u_super: 0.00140, sec: 76.610, prod: 0.030021, t_ads: 135.7, t_des: 115.7, bed_util_ads: 0.497, bed_util_des: 0.497, des_th: 0.4967694350665042,frac_lost: 0.101, li_recovered:  7.548, time: 0.004674002999308868
L: 0.50, u_super: 0.00188, sec: 102.008, prod: 0.041137, t_ads: 101.8, t_des: 87.9, bed_util_ads: 0.498, bed_util_des: 0.498, des_th: 0.4976219374645116,frac_lost: 0.102, li_recovered:  7.806, time: 0.006167317000290495
L: 5.60, u_super: 0.00855, sec: 33112.501, prod: 0.032128, t_ads: 260.4, t_des: 2814.3, bed_util_ads: 0.209, bed_util_des: 0.179, des_th: 0.1793553514922944,frac_lost: 0.107, li_recovered:  98.781, time: 0.024292564999996102
   423 |    16920 |     40 |  0.0027676185 |             f
L: 0.50, u_super: 0.00779, sec: 441.660, prod: 0.176788, t_ads: 24.9, t_des: 22.5, bed_util_ads: 0.499, bed_util_des: 0.499, des_th: 0.49877681411774943,frac_lost: 0.100, li_recovered:  8.384, time: 0.005184464000194566
L: 4.12, u_super: 0.00023 — INFEASIBLE (li_recovered=0.000e+00), time: 0.0009228849994542543
L: 0.50, u_super: 0.00167, sec: 90.093, prod: 0.036668, t_ads: 114.3, t_des: 111.5, bed_util_ads: 0.482, bed_util_des: 0.481, des_th: 0.4811251988499394,frac_lost: 0.101, li_recovered:  8.279, time: 0.0047891260001051705
L: 0.50, u_super: 0.00005, sec: 4.701, prod: 0.000616, t_ads: 2747.1, t_des: 3890.9, bed_util_ads: 0.255, bed_util_des: 0.218, des_th: 0.21850381650124245,frac_lost: 0.101, li_recovered:  4.088, time: 0.004342281999925035
L: 7.78, u_super: 0.00716 — INFEASIBLE (li_recovered=0.000e+00), time: 0.0023548409990326036
L: 0.50, u_super: 0.00459, sec: 251.897, prod: 0.103360, t_ads: 42.4, t_des: 37.8, bed_util_ads: 0.499, bed_util_des: 0.499, des_th: 0.49894772093501966,frac_lost: 0.105, li_recovered:  8.286, time: 0.004799205999006517
L: 0.50, u_super: 0.00170, sec: 91.817, prod: 0.037169, t_ads: 112.6, t_des: 98.7, bed_util_ads: 0.496, bed_util_des: 0.495, des_th: 0.49539422641973624,frac_lost: 0.103, li_recovered:  7.855, time: 0.004282947998945019
L: 0.50, u_super: 0.00258, sec: 147.070, prod: 0.054133, t_ads: 74.9, t_des: 82.8, bed_util_ads: 0.469, bed_util_des: 0.468, des_th: 0.46770982603949585,frac_lost: 0.102, li_recovered:  8.537, time: 0.005619686000500224
L: 0.50, u_super: 0.00567, sec: 313.719, prod: 0.128148, t_ads: 34.3, t_des: 31.4, bed_util_ads: 0.497, bed_util_des: 0.497, des_th: 0.4968928776870404,frac_lost: 0.102, li_recovered:  8.418, time: 0.004667003000577097
L: 0.50, u_super: 0.00514, sec: 283.138, prod: 0.116142, t_ads: 37.7, t_des: 35.0, bed_util_ads: 0.494, bed_util_des: 0.494, des_th: 0.49419347217580356,frac_lost: 0.102, li_recovered:  8.441, time: 0.004647237999961362
L: 0.50, u_super: 0.00173, sec: 92.626, prod: 0.038151, t_ads: 110.6, t_des: 103.3, bed_util_ads: 0.488, bed_util_des: 0.487, des_th: 0.4870440486261638,frac_lost: 0.101, li_recovered:  8.159, time: 0.005168826000954141
L: 0.50, u_super: 0.00073, sec: 216.763, prod: 0.002906, t_ads: 268.8, t_des: 2758.6, bed_util_ads: 0.212, bed_util_des: 0.182, des_th: 0.18250157572368075,frac_lost: 0.101, li_recovered:  8.799, time: 0.023315459000514238
L: 0.50, u_super: 0.00111, sec: 60.482, prod: 0.023749, t_ads: 171.4, t_des: 170.8, bed_util_ads: 0.474, bed_util_des: 0.472, des_th: 0.47261297076185793,frac_lost: 0.104, li_recovered:  8.128, time: 0.004209902001093724
L: 0.50, u_super: 0.00340, sec: 184.202, prod: 0.076216, t_ads: 57.1, t_des: 52.2, bed_util_ads: 0.496, bed_util_des: 0.495, des_th: 0.49540894138738584,frac_lost: 0.107, li_recovered:  8.337, time: 0.004007062998425681
L: 0.50, u_super: 0.00077, sec: 44.605, prod: 0.015697, t_ads: 240.3, t_des: 197.8, bed_util_ads: 0.490, bed_util_des: 0.490, des_th: 0.49002580395640405,frac_lost: 0.106, li_recovered:  6.877, time: 0.0051266729988128645
L: 0.50, u_super: 0.00447, sec: 244.640, prod: 0.100626, t_ads: 43.4, t_des: 38.8, bed_util_ads: 0.499, bed_util_des: 0.499, des_th: 0.49861177839249754,frac_lost: 0.104, li_recovered:  8.273, time: 0.005160545000762795
L: 0.50, u_super: 0.00567, sec: 321.062, prod: 0.125283, t_ads: 34.2, t_des: 34.7, bed_util_ads: 0.483, bed_util_des: 0.483, des_th: 0.48306781542419225,frac_lost: 0.101, li_recovered:  8.630, time: 0.0054062210001575295
L: 0.50, u_super: 0.00362, sec: 196.301, prod: 0.081141, t_ads: 53.7, t_des: 48.6, bed_util_ads: 0.497, bed_util_des: 0.497, des_th: 0.49692284737440645,frac_lost: 0.106, li_recovered:  8.304, time: 0.004190497000308824
L: 0.50, u_super: 0.00098, sec: 53.464, prod: 0.020907, t_ads: 192.4, t_des: 191.3, bed_util_ads: 0.472, bed_util_des: 0.470, des_th: 0.4700238178015581,frac_lost: 0.101, li_recovered:  8.021, time: 0.004181459000392351
L: 0.50, u_super: 0.00292, sec: 158.369, prod: 0.064890, t_ads: 66.0, t_des: 57.4, bed_util_ads: 0.500, bed_util_des: 0.500, des_th: 0.49957164061069165,frac_lost: 0.102, li_recovered:  8.011, time: 0.004077552999660838
L: 0.50, u_super: 0.00881, sec: 507.176, prod: 0.199488, t_ads: 22.2, t_des: 19.9, bed_util_ads: 0.500, bed_util_des: 0.500, des_th: 0.4999945314235642,frac_lost: 0.106, li_recovered:  8.392, time: 0.00398440400022082
L: 0.50, u_super: 0.00853, sec: 536.314, prod: 0.176325, t_ads: 22.9, t_des: 26.5, bed_util_ads: 0.469, bed_util_des: 0.468, des_th: 0.46844223776911875,frac_lost: 0.104, li_recovered:  8.708, time: 0.006103972000346403
L: 26.02, u_super: 0.00410 — INFEASIBLE (li_recovered=0.000e+00), time: 0.0012900450001325225
L: 10.16, u_super: 0.00144 — INFEASIBLE (li_recovered=0.000e+00), time: 0.0009578490007697837
L: 0.50, u_super: 0.00555, sec: 335.132, prod: 0.114759, t_ads: 35.1, t_des: 40.5, bed_util_ads: 0.468, bed_util_des: 0.467, des_th: 0.46731279048918334,frac_lost: 0.103, li_recovered:  8.669, time: 0.007766549999359995
L: 0.50, u_super: 0.00975, sec: 568.351, prod: 0.220523, t_ads: 20.0, t_des: 18.8, bed_util_ads: 0.494, bed_util_des: 0.494, des_th: 0.49417985079219345,frac_lost: 0.104, li_recovered:  8.568, time: 0.005622090000542812
L: 20.01, u_super: 0.00929 — INFEASIBLE (li_recovered=0.000e+00), time: 0.003453713999988395
L: 12.98, u_super: 0.00987 — INFEASIBLE (li_recovered=0.000e+00), time: 0.00351268499980506
L: 0.50, u_super: 0.00715, sec: 403.608, prod: 0.161765, t_ads: 27.3, t_des: 24.9, bed_util_ads: 0.498, bed_util_des: 0.498, des_th: 0.498001507852527,frac_lost: 0.106, li_recovered:  8.440, time: 0.005610915999568533
L: 0.50, u_super: 0.00811, sec: 463.183, prod: 0.183168, t_ads: 24.2, t_des: 22.2, bed_util_ads: 0.498, bed_util_des: 0.498, des_th: 0.4979054692111018,frac_lost: 0.108, li_recovered:  8.490, time: 0.005957593000857742
L: 0.50, u_super: 0.00855, sec: 491.477, prod: 0.193229, t_ads: 22.9, t_des: 21.3, bed_util_ads: 0.497, bed_util_des: 0.497, des_th: 0.4966559443943939,frac_lost: 0.107, li_recovered:  8.534, time: 0.005106414999318076
L: 30.66, u_super: 0.00483 — INFEASIBLE (li_recovered=0.000e+00), time: 0.002271455001391587
L: 0.50, u_super: 0.00984, sec: 579.127, prod: 0.220597, t_ads: 19.8, t_des: 19.3, bed_util_ads: 0.491, bed_util_des: 0.490, des_th: 0.49048225109780685,frac_lost: 0.104, li_recovered:  8.643, time: 0.008631984999738052
L: 0.50, u_super: 0.00231, sec: 126.313, prod: 0.050466, t_ads: 83.5, t_des: 84.2, bed_util_ads: 0.480, bed_util_des: 0.479, des_th: 0.47924329561807927,frac_lost: 0.104, li_recovered:  8.461, time: 0.00684512000043469
L: 0.50, u_super: 0.00514, sec: 283.251, prod: 0.116029, t_ads: 37.8, t_des: 34.5, bed_util_ads: 0.497, bed_util_des: 0.497, des_th: 0.4968928776870404,frac_lost: 0.105, li_recovered:  8.395, time: 0.007346753000092576
L: 0.50, u_super: 0.00833, sec: 476.279, prod: 0.188591, t_ads: 23.5, t_des: 21.3, bed_util_ads: 0.499, bed_util_des: 0.499, des_th: 0.49855342112820106,frac_lost: 0.105, li_recovered:  8.444, time: 0.0059886150011152495
L: 0.50, u_super: 0.00415, sec: 235.803, prod: 0.089438, t_ads: 46.8, t_des: 49.5, bed_util_ads: 0.477, bed_util_des: 0.477, des_th: 0.47687827861872895,frac_lost: 0.104, li_recovered:  8.619, time: 0.0052008340007887455
L: 0.50, u_super: 0.00967, sec: 562.059, prod: 0.219083, t_ads: 20.2, t_des: 18.1, bed_util_ads: 0.500, bed_util_des: 0.500, des_th: 0.4999332886927583,frac_lost: 0.105, li_recovered:  8.403, time: 0.006233222000446403
L: 0.50, u_super: 0.00567, sec: 313.719, prod: 0.128148, t_ads: 34.3, t_des: 31.4, bed_util_ads: 0.497, bed_util_des: 0.497, des_th: 0.4968928776870404,frac_lost: 0.102, li_recovered:  8.418, time: 0.004726475999632385
L: 55.73, u_super: 0.00049 — INFEASIBLE (li_recovered=0.000e+00), time: 0.001208372999826679
   424 |    16960 |     40 |  0.0017309629 |             f
L: 0.50, u_super: 0.00704, sec: 397.200, prod: 0.159145, t_ads: 27.8, t_des: 25.3, bed_util_ads: 0.498, bed_util_des: 0.498, des_th: 0.498001507852527,frac_lost: 0.107, li_recovered:  8.440, time: 0.00494907400025113
L: 0.50, u_super: 0.00340, sec: 184.551, prod: 0.075816, t_ads: 57.4, t_des: 50.6, bed_util_ads: 0.500, bed_util_des: 0.499, des_th: 0.49929728634366954,frac_lost: 0.109, li_recovered:  8.183, time: 0.006975017000513617
L: 11.30, u_super: 0.00577 — INFEASIBLE (li_recovered=0.000e+00), time: 0.003792695999436546
L: 0.50, u_super: 0.00914, sec: 537.234, prod: 0.203392, t_ads: 21.4, t_des: 21.3, bed_util_ads: 0.487, bed_util_des: 0.487, des_th: 0.4866905635076836,frac_lost: 0.104, li_recovered:  8.665, time: 0.007054110001263325
L: 0.50, u_super: 0.00990, sec: 620.116, prod: 0.208822, t_ads: 19.7, t_des: 22.0, bed_util_ads: 0.474, bed_util_des: 0.473, des_th: 0.47330799692777553,frac_lost: 0.105, li_recovered:  8.716, time: 0.007250953000038862
L: 0.50, u_super: 0.00630, sec: 351.919, prod: 0.142459, t_ads: 30.9, t_des: 27.8, bed_util_ads: 0.500, bed_util_des: 0.500, des_th: 0.4997298442736021,frac_lost: 0.105, li_recovered:  8.366, time: 0.006056366000848357
L: 0.50, u_super: 0.00597, sec: 331.390, prod: 0.135024, t_ads: 32.5, t_des: 30.1, bed_util_ads: 0.496, bed_util_des: 0.496, des_th: 0.4958762393696937,frac_lost: 0.101, li_recovered:  8.458, time: 0.006493335000413936
L: 22.17, u_super: 0.00906 — INFEASIBLE (li_recovered=0.000e+00), time: 0.001791393000530661
L: 0.50, u_super: 0.00325, sec: 175.888, prod: 0.072517, t_ads: 59.4, t_des: 52.3, bed_util_ads: 0.500, bed_util_des: 0.499, des_th: 0.49936879229896247,frac_lost: 0.101, li_recovered:  8.100, time: 0.0037393469992821338
L: 0.50, u_super: 0.00955, sec: 580.138, prod: 0.206644, t_ads: 20.4, t_des: 21.7, bed_util_ads: 0.479, bed_util_des: 0.479, des_th: 0.47878707284751904,frac_lost: 0.103, li_recovered:  8.704, time: 0.007303494001462241
L: 18.45, u_super: 0.00614 — INFEASIBLE (li_recovered=0.000e+00), time: 0.003057653999348986
L: 0.50, u_super: 0.00172, sec: 93.775, prod: 0.037327, t_ads: 111.3, t_des: 94.9, bed_util_ads: 0.499, bed_util_des: 0.498, des_th: 0.4985406625667266,frac_lost: 0.104, li_recovered:  7.696, time: 0.004759420999107533
L: 0.50, u_super: 0.00505, sec: 277.705, prod: 0.113973, t_ads: 38.4, t_des: 35.7, bed_util_ads: 0.494, bed_util_des: 0.494, des_th: 0.49419347217580356,frac_lost: 0.102, li_recovered:  8.446, time: 0.005950398001004942
L: 0.50, u_super: 0.00715, sec: 403.608, prod: 0.161765, t_ads: 27.3, t_des: 24.9, bed_util_ads: 0.498, bed_util_des: 0.498, des_th: 0.498001507852527,frac_lost: 0.106, li_recovered:  8.440, time: 0.00587153199921886
L: 15.83, u_super: 0.00365 — INFEASIBLE (li_recovered=0.000e+00), time: 0.0020320820003689732
L: 0.50, u_super: 0.00292, sec: 158.077, prod: 0.065010, t_ads: 66.1, t_des: 57.9, bed_util_ads: 0.500, bed_util_des: 0.500, des_th: 0.4996952797449702,frac_lost: 0.103, li_recovered:  8.064, time: 0.005340050000086194
L: 0.50, u_super: 0.00305, sec: 167.075, prod: 0.067020, t_ads: 63.8, t_des: 63.3, bed_util_ads: 0.484, bed_util_des: 0.483, des_th: 0.48300542560825754,frac_lost: 0.107, li_recovered:  8.521, time: 0.0076654349995806115
L: 0.50, u_super: 0.00402, sec: 218.939, prod: 0.090280, t_ads: 48.4, t_des: 43.8, bed_util_ads: 0.497, bed_util_des: 0.497, des_th: 0.4966816073164474,frac_lost: 0.106, li_recovered:  8.322, time: 0.004831989999729558
L: 0.50, u_super: 0.00868, sec: 499.170, prod: 0.196481, t_ads: 22.5, t_des: 20.2, bed_util_ads: 0.500, bed_util_des: 0.500, des_th: 0.49996513550779403,frac_lost: 0.107, li_recovered:  8.398, time: 0.007242453000799287
L: 0.50, u_super: 0.00263, sec: 150.324, prod: 0.055226, t_ads: 73.4, t_des: 81.3, bed_util_ads: 0.470, bed_util_des: 0.469, des_th: 0.46883203821615543,frac_lost: 0.102, li_recovered:  8.544, time: 0.012787040001057903
L: 0.50, u_super: 0.00763, sec: 431.431, prod: 0.172979, t_ads: 25.4, t_des: 23.0, bed_util_ads: 0.498, bed_util_des: 0.498, des_th: 0.4980567197780069,frac_lost: 0.100, li_recovered:  8.387, time: 0.006369179000103031
L: 0.50, u_super: 0.00410, sec: 223.360, prod: 0.092155, t_ads: 47.4, t_des: 43.4, bed_util_ads: 0.496, bed_util_des: 0.495, des_th: 0.49545870542220355,frac_lost: 0.106, li_recovered:  8.370, time: 0.007090061999406316
L: 0.50, u_super: 0.00713, sec: 402.908, prod: 0.160923, t_ads: 27.5, t_des: 25.2, bed_util_ads: 0.497, bed_util_des: 0.497, des_th: 0.496557001734562,frac_lost: 0.109, li_recovered:  8.483, time: 0.005736392000471824
L: 0.50, u_super: 0.00185, sec: 100.122, prod: 0.040447, t_ads: 103.4, t_des: 89.6, bed_util_ads: 0.497, bed_util_des: 0.497, des_th: 0.49661841556853875,frac_lost: 0.101, li_recovered:  7.805, time: 0.005596073000560864
L: 0.50, u_super: 0.00299, sec: 161.787, prod: 0.066627, t_ads: 64.6, t_des: 56.7, bed_util_ads: 0.500, bed_util_des: 0.499, des_th: 0.49955531358138744,frac_lost: 0.103, li_recovered:  8.081, time: 0.005587595000179135
L: 0.50, u_super: 0.00227, sec: 122.366, prod: 0.050317, t_ads: 85.0, t_des: 75.5, bed_util_ads: 0.496, bed_util_des: 0.495, des_th: 0.49540554483982935,frac_lost: 0.106, li_recovered:  8.079, time: 0.005885132000912563
L: 0.50, u_super: 0.00127, sec: 68.668, prod: 0.027743, t_ads: 149.1, t_des: 142.1, bed_util_ads: 0.482, bed_util_des: 0.480, des_th: 0.480476863409142,frac_lost: 0.102, li_recovered:  8.076, time: 0.004425875000379165
L: 0.50, u_super: 0.00922, sec: 533.314, prod: 0.208904, t_ads: 21.2, t_des: 19.2, bed_util_ads: 0.500, bed_util_des: 0.500, des_th: 0.4998827903808447,frac_lost: 0.106, li_recovered:  8.441, time: 0.004908106000584667
L: 0.50, u_super: 0.00833, sec: 476.628, prod: 0.188453, t_ads: 23.5, t_des: 21.3, bed_util_ads: 0.499, bed_util_des: 0.499, des_th: 0.49855342112820106,frac_lost: 0.107, li_recovered:  8.444, time: 0.004097334000107367
L: 0.50, u_super: 0.00928, sec: 557.213, prod: 0.202794, t_ads: 21.1, t_des: 21.8, bed_util_ads: 0.482, bed_util_des: 0.482, des_th: 0.4818979408786284,frac_lost: 0.106, li_recovered:  8.699, time: 0.005235450000327546
L: 0.50, u_super: 0.00058, sec: 33.454, prod: 0.011902, t_ads: 311.5, t_des: 279.2, bed_util_ads: 0.474, bed_util_des: 0.473, des_th: 0.47261297076185793,frac_lost: 0.102, li_recovered:  7.030, time: 0.004920028999549686
L: 0.50, u_super: 0.00430, sec: 234.630, prod: 0.096720, t_ads: 45.2, t_des: 41.3, bed_util_ads: 0.496, bed_util_des: 0.495, des_th: 0.49535534131119835,frac_lost: 0.105, li_recovered:  8.374, time: 0.004464690999157028
L: 0.50, u_super: 0.00024, sec: 40.332, prod: 0.001706, t_ads: 816.7, t_des: 4274.2, bed_util_ads: 0.244, bed_util_des: 0.185, des_th: 0.1851696623157332,frac_lost: 0.103, li_recovered:  8.686, time: 0.013548278000598657
L: 0.50, u_super: 0.00814, sec: 479.678, prod: 0.178326, t_ads: 24.1, t_des: 24.6, bed_util_ads: 0.484, bed_util_des: 0.483, des_th: 0.4833351940758132,frac_lost: 0.107, li_recovered:  8.685, time: 0.005123396000271896
L: 0.50, u_super: 0.00915, sec: 527.435, prod: 0.207924, t_ads: 21.2, t_des: 19.2, bed_util_ads: 0.500, bed_util_des: 0.500, des_th: 0.49980637776376924,frac_lost: 0.100, li_recovered:  8.393, time: 0.004733716999908211
L: 0.50, u_super: 0.00593, sec: 329.582, prod: 0.134071, t_ads: 32.7, t_des: 29.3, bed_util_ads: 0.500, bed_util_des: 0.500, des_th: 0.49988694854761334,frac_lost: 0.102, li_recovered:  8.312, time: 0.0043132820010214346
L: 0.50, u_super: 0.00356, sec: 193.209, prod: 0.079759, t_ads: 54.7, t_des: 50.5, bed_util_ads: 0.495, bed_util_des: 0.494, des_th: 0.4942826441307581,frac_lost: 0.107, li_recovered:  8.393, time: 0.004596596001647413
L: 0.50, u_super: 0.00168, sec: 90.826, prod: 0.036731, t_ads: 113.9, t_des: 99.8, bed_util_ads: 0.496, bed_util_des: 0.495, des_th: 0.4953656559721258,frac_lost: 0.103, li_recovered:  7.846, time: 0.0059885579994443106
L: 0.50, u_super: 0.00990, sec: 576.736, prod: 0.224529, t_ads: 19.7, t_des: 17.9, bed_util_ads: 0.500, bed_util_des: 0.499, des_th: 0.49942132725883337,frac_lost: 0.105, li_recovered:  8.447, time: 0.007948874999783584
L: 0.50, u_super: 0.00292, sec: 157.941, prod: 0.065066, t_ads: 66.0, t_des: 58.0, bed_util_ads: 0.500, bed_util_des: 0.499, des_th: 0.4994252459135201,frac_lost: 0.102, li_recovered:  8.072, time: 0.005441425999379135
   425 |    17000 |     40 |  0.0043516097 |             f
L: 0.50, u_super: 0.00377, sec: 216.909, prod: 0.079881, t_ads: 51.6, t_des: 56.3, bed_util_ads: 0.473, bed_util_des: 0.473, des_th: 0.47261297076185793,frac_lost: 0.105, li_recovered:  8.614, time: 0.005721358998926007
L: 0.50, u_super: 0.00791, sec: 460.657, prod: 0.175036, t_ads: 24.7, t_des: 24.8, bed_util_ads: 0.486, bed_util_des: 0.486, des_th: 0.48585022017727186,frac_lost: 0.106, li_recovered:  8.667, time: 0.005514135998964775
L: 0.50, u_super: 0.00226, sec: 122.389, prod: 0.049878, t_ads: 85.3, t_des: 74.2, bed_util_ads: 0.499, bed_util_des: 0.499, des_th: 0.4987917327895476,frac_lost: 0.106, li_recovered:  7.956, time: 0.005455214999528835
L: 0.50, u_super: 0.00127, sec: 70.892, prod: 0.026872, t_ads: 149.4, t_des: 123.5, bed_util_ads: 0.499, bed_util_des: 0.499, des_th: 0.4994209595810152,frac_lost: 0.105, li_recovered:  7.333, time: 0.004213542999423225
L: 0.50, u_super: 0.00021, sec: 30.847, prod: 0.001585, t_ads: 965.7, t_des: 4473.5, bed_util_ads: 0.248, bed_util_des: 0.185, des_th: 0.1851696623157332,frac_lost: 0.103, li_recovered:  8.619, time: 0.012628403999769944
L: 0.50, u_super: 0.00325, sec: 175.888, prod: 0.072517, t_ads: 59.4, t_des: 52.3, bed_util_ads: 0.500, bed_util_des: 0.499, des_th: 0.49936879229896247,frac_lost: 0.101, li_recovered:  8.100, time: 0.004403204000482219
L: 0.50, u_super: 0.00762, sec: 432.401, prod: 0.172311, t_ads: 25.7, t_des: 23.3, bed_util_ads: 0.498, bed_util_des: 0.498, des_th: 0.49804031983987884,frac_lost: 0.107, li_recovered:  8.443, time: 0.00597087999994983
L: 0.50, u_super: 0.00598, sec: 331.713, prod: 0.135252, t_ads: 32.4, t_des: 29.5, bed_util_ads: 0.498, bed_util_des: 0.497, des_th: 0.4974855500583409,frac_lost: 0.101, li_recovered:  8.376, time: 0.004488319000301999
L: 0.50, u_super: 0.00414, sec: 225.730, prod: 0.093135, t_ads: 46.9, t_des: 43.0, bed_util_ads: 0.496, bed_util_des: 0.495, des_th: 0.49549149085921046,frac_lost: 0.105, li_recovered:  8.374, time: 0.0069246080001903465
L: 0.50, u_super: 0.00076, sec: 42.230, prod: 0.016052, t_ads: 243.8, t_des: 223.3, bed_util_ads: 0.478, bed_util_des: 0.477, des_th: 0.4772274605651099,frac_lost: 0.103, li_recovered:  7.499, time: 0.0048948040002869675
L: 64.19, u_super: 0.00873 — INFEASIBLE (li_recovered=0.000e+00), time: 0.002057366000371985
L: 0.50, u_super: 0.00694, sec: 396.733, prod: 0.154315, t_ads: 28.2, t_des: 27.8, bed_util_ads: 0.488, bed_util_des: 0.487, des_th: 0.4872766428594535,frac_lost: 0.107, li_recovered:  8.637, time: 0.006346910000502248
L: 0.50, u_super: 0.00779, sec: 441.867, prod: 0.176706, t_ads: 24.9, t_des: 22.7, bed_util_ads: 0.498, bed_util_des: 0.498, des_th: 0.4979616993470744,frac_lost: 0.102, li_recovered:  8.425, time: 0.00651828599984583
L: 3.86, u_super: 0.00362 — INFEASIBLE (li_recovered=0.000e+00), time: 0.0036071480008104118
L: 0.50, u_super: 0.00614, sec: 341.935, prod: 0.138991, t_ads: 31.5, t_des: 28.3, bed_util_ads: 0.500, bed_util_des: 0.500, des_th: 0.4997979670188621,frac_lost: 0.100, li_recovered:  8.310, time: 0.007223085998703027
L: 0.50, u_super: 0.00512, sec: 281.519, prod: 0.115484, t_ads: 38.0, t_des: 34.4, bed_util_ads: 0.497, bed_util_des: 0.497, des_th: 0.4969510047050545,frac_lost: 0.103, li_recovered:  8.355, time: 0.007227354999486124
L: 0.50, u_super: 0.00049, sec: 27.870, prod: 0.009849, t_ads: 370.7, t_des: 366.2, bed_util_ads: 0.456, bed_util_des: 0.453, des_th: 0.4527329377175302,frac_lost: 0.101, li_recovered:  7.258, time: 0.005054393999671447
L: 0.50, u_super: 0.00034 — INFEASIBLE (li_recovered=0.000e+00), time: 0.002079088999380474
L: 0.50, u_super: 0.00257, sec: 139.066, prod: 0.056851, t_ads: 75.0, t_des: 65.2, bed_util_ads: 0.500, bed_util_des: 0.499, des_th: 0.4993667486848954,frac_lost: 0.103, li_recovered:  7.970, time: 0.0049830379994091345
L: 0.50, u_super: 0.00727, sec: 422.932, prod: 0.159614, t_ads: 26.7, t_des: 27.6, bed_util_ads: 0.481, bed_util_des: 0.481, des_th: 0.4811251988499394,frac_lost: 0.100, li_recovered:  8.668, time: 0.0050811050004995195
L: 0.50, u_super: 0.00458, sec: 259.221, prod: 0.100001, t_ads: 42.4, t_des: 43.8, bed_util_ads: 0.481, bed_util_des: 0.481, des_th: 0.48097011175324156,frac_lost: 0.104, li_recovered:  8.624, time: 0.0044730610006809
L: 0.50, u_super: 0.00687, sec: 387.137, prod: 0.155104, t_ads: 28.5, t_des: 26.1, bed_util_ads: 0.498, bed_util_des: 0.498, des_th: 0.498001507852527,frac_lost: 0.109, li_recovered:  8.476, time: 0.0058904680008708965
L: 0.50, u_super: 0.00833, sec: 476.834, prod: 0.188372, t_ads: 23.5, t_des: 21.3, bed_util_ads: 0.499, bed_util_des: 0.499, des_th: 0.4986583934663906,frac_lost: 0.108, li_recovered:  8.451, time: 0.004526328999418183
L: 0.50, u_super: 0.00953, sec: 553.131, prod: 0.215955, t_ads: 20.5, t_des: 18.6, bed_util_ads: 0.500, bed_util_des: 0.499, des_th: 0.4994377249280586,frac_lost: 0.106, li_recovered:  8.451, time: 0.004630879999240278
L: 0.50, u_super: 0.00824, sec: 486.190, prod: 0.180821, t_ads: 23.7, t_des: 24.3, bed_util_ads: 0.484, bed_util_des: 0.483, des_th: 0.4833539385139744,frac_lost: 0.106, li_recovered:  8.685, time: 0.006612324999878183
L: 0.50, u_super: 0.00908, sec: 524.092, prod: 0.205570, t_ads: 21.6, t_des: 19.6, bed_util_ads: 0.500, bed_util_des: 0.500, des_th: 0.49996513550779403,frac_lost: 0.106, li_recovered:  8.451, time: 0.006340280999211245
L: 0.50, u_super: 0.00960, sec: 557.345, prod: 0.217891, t_ads: 20.3, t_des: 18.3, bed_util_ads: 0.499, bed_util_des: 0.499, des_th: 0.4992840957010843,frac_lost: 0.103, li_recovered:  8.407, time: 0.007612265000716434
L: 0.50, u_super: 0.00425, sec: 231.725, prod: 0.095648, t_ads: 45.7, t_des: 41.9, bed_util_ads: 0.496, bed_util_des: 0.495, des_th: 0.49535534131119835,frac_lost: 0.104, li_recovered:  8.377, time: 0.005932788000791334
L: 0.50, u_super: 0.00005, sec: 4.477, prod: 0.000647, t_ads: 3022.3, t_des: 4580.5, bed_util_ads: 0.256, bed_util_des: 0.207, des_th: 0.20804771081512918,frac_lost: 0.101, li_recovered:  4.916, time: 0.007768728000883129
L: 13.18, u_super: 0.00492 — INFEASIBLE (li_recovered=0.000e+00), time: 0.00340466300076514
L: 0.50, u_super: 0.00639, sec: 356.683, prod: 0.144694, t_ads: 30.4, t_des: 27.5, bed_util_ads: 0.499, bed_util_des: 0.499, des_th: 0.4987332017016,frac_lost: 0.102, li_recovered:  8.372, time: 0.00536727299913764
L: 0.50, u_super: 0.00763, sec: 431.431, prod: 0.172979, t_ads: 25.4, t_des: 23.0, bed_util_ads: 0.498, bed_util_des: 0.498, des_th: 0.4980567197780069,frac_lost: 0.100, li_recovered:  8.387, time: 0.005887317998713115
L: 0.50, u_super: 0.00930, sec: 541.124, prod: 0.209680, t_ads: 21.0, t_des: 20.0, bed_util_ads: 0.493, bed_util_des: 0.493, des_th: 0.49332617695849046,frac_lost: 0.105, li_recovered:  8.597, time: 0.005760226000347757
L: 0.50, u_super: 0.00570, sec: 315.758, prod: 0.128643, t_ads: 34.1, t_des: 31.9, bed_util_ads: 0.494, bed_util_des: 0.494, des_th: 0.494135345157145,frac_lost: 0.102, li_recovered:  8.489, time: 0.0057265850009571295
L: 0.50, u_super: 0.00662, sec: 370.144, prod: 0.150054, t_ads: 29.3, t_des: 26.8, bed_util_ads: 0.498, bed_util_des: 0.498, des_th: 0.49791808693093015,frac_lost: 0.101, li_recovered:  8.412, time: 0.005281396999635035
L: 0.50, u_super: 0.00216, sec: 117.630, prod: 0.047437, t_ads: 88.5, t_des: 75.7, bed_util_ads: 0.500, bed_util_des: 0.500, des_th: 0.49981788015249906,frac_lost: 0.100, li_recovered:  7.786, time: 0.006083236999984365
L: 0.50, u_super: 0.00851, sec: 488.746, prod: 0.192486, t_ads: 23.0, t_des: 20.9, bed_util_ads: 0.499, bed_util_des: 0.499, des_th: 0.498764231385951,frac_lost: 0.109, li_recovered:  8.448, time: 0.0072764910000842065
L: 0.50, u_super: 0.00688, sec: 385.819, prod: 0.155777, t_ads: 28.3, t_des: 25.8, bed_util_ads: 0.498, bed_util_des: 0.498, des_th: 0.49791808693093015,frac_lost: 0.102, li_recovered:  8.422, time: 0.008129058998747496
L: 3.50, u_super: 0.00919, sec: 3934.734, prod: 0.196852, t_ads: 144.6, t_des: 122.9, bed_util_ads: 0.495, bed_util_des: 0.495, des_th: 0.4951818212132423,frac_lost: 0.104, li_recovered:  52.660, time: 0.005806015999041847
L: 0.50, u_super: 0.00968, sec: 661.017, prod: 0.186958, t_ads: 20.1, t_des: 26.5, bed_util_ads: 0.453, bed_util_des: 0.452, des_th: 0.4522501637222648,frac_lost: 0.103, li_recovered:  8.719, time: 0.006564277999132173
   426 |    17040 |     40 |  0.0022640423 |             f
L: 0.50, u_super: 0.00325, sec: 176.237, prod: 0.072373, t_ads: 60.0, t_des: 52.7, bed_util_ads: 0.500, bed_util_des: 0.500, des_th: 0.49953644200266856,frac_lost: 0.108, li_recovered:  8.157, time: 0.004883589001110522
L: 0.50, u_super: 0.00557, sec: 307.498, prod: 0.125870, t_ads: 34.8, t_des: 31.7, bed_util_ads: 0.497, bed_util_des: 0.497, des_th: 0.4968928776870404,frac_lost: 0.101, li_recovered:  8.372, time: 0.00732425800015335
L: 0.50, u_super: 0.00152, sec: 81.962, prod: 0.033253, t_ads: 125.9, t_des: 121.2, bed_util_ads: 0.482, bed_util_des: 0.481, des_th: 0.4811251988499394,frac_lost: 0.104, li_recovered:  8.217, time: 0.005573616001129267
L: 0.50, u_super: 0.00988, sec: 575.823, prod: 0.223845, t_ads: 19.8, t_des: 18.2, bed_util_ads: 0.499, bed_util_des: 0.499, des_th: 0.4985637676130104,frac_lost: 0.106, li_recovered:  8.497, time: 0.005643218000841443
L: 0.50, u_super: 0.00447, sec: 244.682, prod: 0.100609, t_ads: 43.5, t_des: 39.3, bed_util_ads: 0.498, bed_util_des: 0.498, des_th: 0.49753974724098066,frac_lost: 0.106, li_recovered:  8.334, time: 0.005391896000219276
L: 0.50, u_super: 0.00052, sec: 129.293, prod: 0.002458, t_ads: 378.9, t_des: 3196.3, bed_util_ads: 0.222, bed_util_des: 0.185, des_th: 0.1851696623157332,frac_lost: 0.102, li_recovered:  8.786, time: 0.02261991900013527
L: 73.27, u_super: 0.00501 — INFEASIBLE (li_recovered=0.000e+00), time: 0.0012384809997456614
L: 0.50, u_super: 0.00288, sec: 154.988, prod: 0.064387, t_ads: 67.1, t_des: 62.4, bed_util_ads: 0.492, bed_util_des: 0.491, des_th: 0.49109300578565396,frac_lost: 0.103, li_recovered:  8.338, time: 0.0070497500000783475
L: 0.50, u_super: 0.00876, sec: 504.094, prod: 0.198268, t_ads: 22.4, t_des: 20.2, bed_util_ads: 0.500, bed_util_des: 0.500, des_th: 0.49952162525433946,frac_lost: 0.107, li_recovered:  8.446, time: 0.0049302280003757915
L: 0.50, u_super: 0.00246, sec: 132.516, prod: 0.054787, t_ads: 78.5, t_des: 70.5, bed_util_ads: 0.496, bed_util_des: 0.495, des_th: 0.49535534131119835,frac_lost: 0.105, li_recovered:  8.164, time: 0.006835657999545219
L: 0.50, u_super: 0.00139, sec: 74.790, prod: 0.030279, t_ads: 137.6, t_des: 131.5, bed_util_ads: 0.482, bed_util_des: 0.481, des_th: 0.4811251988499394,frac_lost: 0.104, li_recovered:  8.148, time: 0.004422039999553817
L: 0.50, u_super: 0.00757, sec: 462.046, prod: 0.158920, t_ads: 25.6, t_des: 29.0, bed_util_ads: 0.471, bed_util_des: 0.470, des_th: 0.4701618413991049,frac_lost: 0.100, li_recovered:  8.691, time: 0.006302411000433494
L: 0.50, u_super: 0.00758, sec: 429.880, prod: 0.171354, t_ads: 25.8, t_des: 23.5, bed_util_ads: 0.498, bed_util_des: 0.498, des_th: 0.49792788990255266,frac_lost: 0.107, li_recovered:  8.442, time: 0.0046867870005371515
L: 0.50, u_super: 0.00985, sec: 574.166, prod: 0.223313, t_ads: 19.9, t_des: 18.0, bed_util_ads: 0.500, bed_util_des: 0.499, des_th: 0.49949248030868576,frac_lost: 0.106, li_recovered:  8.459, time: 0.0050626310003281105
L: 0.50, u_super: 0.00011, sec: 11.359, prod: 0.001182, t_ads: 1797.1, t_des: 5043.9, bed_util_ads: 0.259, bed_util_des: 0.185, des_th: 0.1851696623157332,frac_lost: 0.103, li_recovered:  8.085, time: 0.008532224999726168
L: 0.50, u_super: 0.00076, sec: 43.627, prod: 0.015447, t_ads: 247.1, t_des: 270.6, bed_util_ads: 0.455, bed_util_des: 0.451, des_th: 0.45089772225861213,frac_lost: 0.105, li_recovered:  7.998, time: 0.005925731000388623
L: 0.50, u_super: 0.00613, sec: 341.071, prod: 0.138505, t_ads: 31.8, t_des: 28.7, bed_util_ads: 0.500, bed_util_des: 0.499, des_th: 0.4993817298920633,frac_lost: 0.104, li_recovered:  8.377, time: 0.0043612930003291694
L: 29.51, u_super: 0.00108 — INFEASIBLE (li_recovered=0.000e+00), time: 0.0009117210011027055
L: 0.50, u_super: 0.00288, sec: 154.919, prod: 0.064415, t_ads: 67.0, t_des: 62.5, bed_util_ads: 0.491, bed_util_des: 0.491, des_th: 0.4908167991109571,frac_lost: 0.102, li_recovered:  8.342, time: 0.005662127998220967
L: 0.50, u_super: 0.00127, sec: 74.798, prod: 0.025469, t_ads: 150.3, t_des: 176.8, bed_util_ads: 0.455, bed_util_des: 0.452, des_th: 0.4520490040202291,frac_lost: 0.105, li_recovered:  8.331, time: 0.00630026200087741
L: 94.27, u_super: 0.00362 — INFEASIBLE (li_recovered=0.000e+00), time: 0.0013222649995441316
L: 4.16, u_super: 0.00483, sec: 2518.041, prod: 0.095508, t_ads: 319.1, t_des: 360.7, bed_util_ads: 0.444, bed_util_des: 0.439, des_th: 0.4393610239232474,frac_lost: 0.106, li_recovered:  64.929, time: 0.005229119000432547
L: 0.50, u_super: 0.00639, sec: 356.625, prod: 0.144718, t_ads: 30.4, t_des: 27.5, bed_util_ads: 0.498, bed_util_des: 0.498, des_th: 0.49791808693093015,frac_lost: 0.101, li_recovered:  8.372, time: 0.004151039000134915
L: 0.50, u_super: 0.00844, sec: 483.505, prod: 0.190998, t_ads: 23.2, t_des: 21.0, bed_util_ads: 0.500, bed_util_des: 0.499, des_th: 0.49941098075689583,frac_lost: 0.107, li_recovered:  8.439, time: 0.004663870999138453
L: 0.50, u_super: 0.00562, sec: 310.892, prod: 0.126887, t_ads: 34.5, t_des: 30.9, bed_util_ads: 0.500, bed_util_des: 0.500, des_th: 0.4999768907278175,frac_lost: 0.102, li_recovered:  8.303, time: 0.004427936999491067
L: 0.50, u_super: 0.00779, sec: 441.546, prod: 0.176781, t_ads: 24.9, t_des: 22.8, bed_util_ads: 0.498, bed_util_des: 0.498, des_th: 0.4979054692111018,frac_lost: 0.100, li_recovered:  8.438, time: 0.004765788000440807
L: 0.50, u_super: 0.00729, sec: 410.663, prod: 0.165389, t_ads: 26.6, t_des: 24.4, bed_util_ads: 0.498, bed_util_des: 0.498, des_th: 0.49802086245538835,frac_lost: 0.100, li_recovered:  8.428, time: 0.0051929229994129855
L: 0.50, u_super: 0.00197, sec: 111.558, prod: 0.041352, t_ads: 97.9, t_des: 106.9, bed_util_ads: 0.469, bed_util_des: 0.467, des_th: 0.4674661179636908,frac_lost: 0.105, li_recovered:  8.469, time: 0.006367149999277899
L: 0.50, u_super: 0.00768, sec: 436.965, prod: 0.173551, t_ads: 25.5, t_des: 22.8, bed_util_ads: 0.500, bed_util_des: 0.500, des_th: 0.4998927010255005,frac_lost: 0.109, li_recovered:  8.391, time: 0.006830921000073431
L: 0.50, u_super: 0.00887, sec: 510.912, prod: 0.200799, t_ads: 22.0, t_des: 20.3, bed_util_ads: 0.497, bed_util_des: 0.497, des_th: 0.4966559443943939,frac_lost: 0.106, li_recovered:  8.495, time: 0.007881756000642781
L: 27.63, u_super: 0.00170 — INFEASIBLE (li_recovered=0.000e+00), time: 0.0017725580000842456
L: 0.50, u_super: 0.00567, sec: 323.641, prod: 0.124219, t_ads: 34.5, t_des: 35.1, bed_util_ads: 0.484, bed_util_des: 0.483, des_th: 0.4833480578287456,frac_lost: 0.109, li_recovered:  8.649, time: 0.01171950799835031
L: 0.50, u_super: 0.00692, sec: 388.330, prod: 0.157001, t_ads: 28.0, t_des: 25.6, bed_util_ads: 0.498, bed_util_des: 0.498, des_th: 0.4975740034686879,frac_lost: 0.100, li_recovered:  8.422, time: 0.007328217001486337
L: 8.00, u_super: 0.00637 — INFEASIBLE (li_recovered=0.000e+00), time: 0.004694750999988173
L: 0.50, u_super: 0.00390, sec: 212.598, prod: 0.087492, t_ads: 50.0, t_des: 46.2, bed_util_ads: 0.494, bed_util_des: 0.494, des_th: 0.49375913710379854,frac_lost: 0.108, li_recovered:  8.412, time: 0.00900573899889423
L: 11.04, u_super: 0.00049 — INFEASIBLE (li_recovered=0.000e+00), time: 0.0025241679995815502
L: 0.50, u_super: 0.00326, sec: 177.107, prod: 0.072826, t_ads: 59.2, t_des: 51.9, bed_util_ads: 0.500, bed_util_des: 0.500, des_th: 0.49982613203197723,frac_lost: 0.103, li_recovered:  8.087, time: 0.007874531998822931
L: 0.50, u_super: 0.00260, sec: 140.459, prod: 0.057810, t_ads: 74.1, t_des: 65.2, bed_util_ads: 0.498, bed_util_des: 0.498, des_th: 0.4980674550482397,frac_lost: 0.103, li_recovered:  8.051, time: 0.007606835999467876
L: 0.50, u_super: 0.00715, sec: 403.608, prod: 0.161765, t_ads: 27.3, t_des: 24.9, bed_util_ads: 0.498, bed_util_des: 0.498, des_th: 0.498001507852527,frac_lost: 0.106, li_recovered:  8.440, time: 0.010139465999600361
L: 0.50, u_super: 0.00452, sec: 247.879, prod: 0.101721, t_ads: 43.0, t_des: 38.4, bed_util_ads: 0.499, bed_util_des: 0.499, des_th: 0.49861177839249754,frac_lost: 0.106, li_recovered:  8.281, time: 0.009053870000570896
   427 |    17080 |     40 |  0.0046895530 |             f
L: 0.50, u_super: 0.00796, sec: 452.373, prod: 0.180448, t_ads: 24.4, t_des: 22.0, bed_util_ads: 0.499, bed_util_des: 0.499, des_th: 0.49899436753928555,frac_lost: 0.101, li_recovered:  8.379, time: 0.008200954000130878
L: 0.50, u_super: 0.00076, sec: 42.230, prod: 0.016052, t_ads: 243.8, t_des: 223.3, bed_util_ads: 0.478, bed_util_des: 0.477, des_th: 0.4772274605651099,frac_lost: 0.103, li_recovered:  7.499, time: 0.007697286000620807
L: 0.50, u_super: 0.00052 — INFEASIBLE (li_recovered=0.000e+00), time: 0.00493164899853582
L: 0.50, u_super: 0.00980, sec: 570.436, prod: 0.222051, t_ads: 19.9, t_des: 17.9, bed_util_ads: 0.500, bed_util_des: 0.500, des_th: 0.49997526466850534,frac_lost: 0.105, li_recovered:  8.399, time: 0.007905993999884231
L: 45.53, u_super: 0.00990, sec: 119690.348, prod: 0.098516, t_ads: 1801.9, t_des: 5904.5, bed_util_ads: 0.247, bed_util_des: 0.168, des_th: 0.16797244755723387,frac_lost: 0.100, li_recovered:  759.196, time: 0.023523957999714185
L: 0.50, u_super: 0.00324, sec: 175.817, prod: 0.072359, t_ads: 59.6, t_des: 52.3, bed_util_ads: 0.500, bed_util_des: 0.499, des_th: 0.49936879229896247,frac_lost: 0.103, li_recovered:  8.101, time: 0.008160434999808786
L: 0.50, u_super: 0.00195, sec: 105.960, prod: 0.042839, t_ads: 97.9, t_des: 84.7, bed_util_ads: 0.498, bed_util_des: 0.498, des_th: 0.49792788990255266,frac_lost: 0.102, li_recovered:  7.822, time: 0.008525118999386905
L: 0.50, u_super: 0.00149, sec: 80.721, prod: 0.032350, t_ads: 128.7, t_des: 112.6, bed_util_ads: 0.494, bed_util_des: 0.493, des_th: 0.4934749334485774,frac_lost: 0.106, li_recovered:  7.806, time: 0.008567974999095895
L: 0.50, u_super: 0.00639, sec: 357.016, prod: 0.144559, t_ads: 30.4, t_des: 27.2, bed_util_ads: 0.500, bed_util_des: 0.500, des_th: 0.4997201629996669,frac_lost: 0.102, li_recovered:  8.318, time: 0.010911596998994355
L: 0.50, u_super: 0.00396, sec: 216.306, prod: 0.088860, t_ads: 49.0, t_des: 43.4, bed_util_ads: 0.500, bed_util_des: 0.499, des_th: 0.49937474429644163,frac_lost: 0.106, li_recovered:  8.211, time: 0.018377712000074098
L: 3.32, u_super: 0.00111, sec: 913.701, prod: 0.010617, t_ads: 1159.0, t_des: 4052.7, bed_util_ads: 0.263, bed_util_des: 0.200, des_th: 0.20028028701619943,frac_lost: 0.102, li_recovered:  55.330, time: 0.034722522999800276
L: 5.37, u_super: 0.00447 — INFEASIBLE (li_recovered=0.000e+00), time: 0.005361217999961809
L: 0.50, u_super: 0.00325, sec: 175.888, prod: 0.072517, t_ads: 59.4, t_des: 52.3, bed_util_ads: 0.500, bed_util_des: 0.499, des_th: 0.49936879229896247,frac_lost: 0.101, li_recovered:  8.100, time: 0.009270606000427506
L: 0.50, u_super: 0.00415, sec: 234.812, prod: 0.089740, t_ads: 47.0, t_des: 49.0, bed_util_ads: 0.480, bed_util_des: 0.479, des_th: 0.47924329561807927,frac_lost: 0.107, li_recovered:  8.619, time: 0.01618707699890365
L: 0.50, u_super: 0.00049, sec: 27.851, prod: 0.009856, t_ads: 370.6, t_des: 369.8, bed_util_ads: 0.456, bed_util_des: 0.452, des_th: 0.4527329377175302,frac_lost: 0.101, li_recovered:  7.297, time: 0.0096306880004704
L: 0.50, u_super: 0.00076, sec: 42.343, prod: 0.016009, t_ads: 244.0, t_des: 221.1, bed_util_ads: 0.479, bed_util_des: 0.478, des_th: 0.4776284603740596,frac_lost: 0.103, li_recovered:  7.446, time: 0.012191294999865931
L: 0.50, u_super: 0.00738, sec: 416.062, prod: 0.167284, t_ads: 26.3, t_des: 23.8, bed_util_ads: 0.499, bed_util_des: 0.499, des_th: 0.49852410432544236,frac_lost: 0.100, li_recovered:  8.382, time: 0.02691658000003372
L: 0.50, u_super: 0.00639, sec: 356.765, prod: 0.144661, t_ads: 30.4, t_des: 27.8, bed_util_ads: 0.498, bed_util_des: 0.498, des_th: 0.49790588722376083,frac_lost: 0.103, li_recovered:  8.417, time: 0.008998387000247021
L: 0.50, u_super: 0.00526, sec: 290.256, prod: 0.118518, t_ads: 37.0, t_des: 33.0, bed_util_ads: 0.500, bed_util_des: 0.500, des_th: 0.49987180141683624,frac_lost: 0.105, li_recovered:  8.302, time: 0.0133186660004867
L: 0.50, u_super: 0.00551, sec: 304.398, prod: 0.124517, t_ads: 35.2, t_des: 32.6, bed_util_ads: 0.496, bed_util_des: 0.495, des_th: 0.49537498386394063,frac_lost: 0.102, li_recovered:  8.448, time: 0.015789229000802152
L: 0.50, u_super: 0.00729, sec: 412.538, prod: 0.164844, t_ads: 26.8, t_des: 24.3, bed_util_ads: 0.498, bed_util_des: 0.498, des_th: 0.498017491512086,frac_lost: 0.108, li_recovered:  8.437, time: 0.01006173200039484
L: 0.50, u_super: 0.00514, sec: 283.201, prod: 0.116116, t_ads: 37.8, t_des: 34.6, bed_util_ads: 0.497, bed_util_des: 0.496, des_th: 0.4964197480585477,frac_lost: 0.104, li_recovered:  8.407, time: 0.01855119699939678
L: 0.50, u_super: 0.00490, sec: 269.523, prod: 0.110425, t_ads: 39.6, t_des: 35.4, bed_util_ads: 0.500, bed_util_des: 0.499, des_th: 0.4994446638366949,frac_lost: 0.104, li_recovered:  8.282, time: 0.010332792999179219
L: 0.50, u_super: 0.00448, sec: 245.039, prod: 0.100737, t_ads: 43.5, t_des: 39.2, bed_util_ads: 0.499, bed_util_des: 0.499, des_th: 0.4985760571143705,frac_lost: 0.106, li_recovered:  8.327, time: 0.010078952000185382
L: 0.50, u_super: 0.00005 — INFEASIBLE (li_recovered=0.000e+00), time: 0.001816659998439718
L: 0.50, u_super: 0.00382, sec: 208.157, prod: 0.085725, t_ads: 50.9, t_des: 45.5, bed_util_ads: 0.499, bed_util_des: 0.499, des_th: 0.49873530189129067,frac_lost: 0.107, li_recovered:  8.265, time: 0.010128559999429854
L: 0.50, u_super: 0.00714, sec: 418.611, prod: 0.155464, t_ads: 27.4, t_des: 28.4, bed_util_ads: 0.481, bed_util_des: 0.481, des_th: 0.4811251988499394,frac_lost: 0.107, li_recovered:  8.681, time: 0.016056135998951504
L: 5.57, u_super: 0.00390 — INFEASIBLE (li_recovered=0.000e+00), time: 0.00596161899920844
L: 0.50, u_super: 0.00930, sec: 538.713, prod: 0.210618, t_ads: 21.1, t_des: 19.0, bed_util_ads: 0.499, bed_util_des: 0.499, des_th: 0.49898967237319886,frac_lost: 0.107, li_recovered:  8.444, time: 0.009576602000379353
L: 9.42, u_super: 0.00197 — INFEASIBLE (li_recovered=0.000e+00), time: 0.002946921000329894
L: 0.50, u_super: 0.00021 — INFEASIBLE (li_recovered=0.000e+00), time: 0.00458154099942476
L: 0.50, u_super: 0.00288, sec: 170.865, prod: 0.058404, t_ads: 67.6, t_des: 79.3, bed_util_ads: 0.463, bed_util_des: 0.462, des_th: 0.4618082358362718,frac_lost: 0.108, li_recovered:  8.581, time: 0.012829696999688167
L: 0.50, u_super: 0.00197, sec: 105.593, prod: 0.043688, t_ads: 97.1, t_des: 91.5, bed_util_ads: 0.487, bed_util_des: 0.487, des_th: 0.4866530776343423,frac_lost: 0.100, li_recovered:  8.241, time: 0.00937110099948768
L: 0.50, u_super: 0.00206, sec: 110.950, prod: 0.045787, t_ads: 92.8, t_des: 83.3, bed_util_ads: 0.494, bed_util_des: 0.494, des_th: 0.49375913710379854,frac_lost: 0.101, li_recovered:  8.063, time: 0.010829164000824676
L: 0.50, u_super: 0.00005, sec: 4.324, prod: 0.000669, t_ads: 3440.7, t_des: 5867.5, bed_util_ads: 0.253, bed_util_des: 0.185, des_th: 0.1851696623157332,frac_lost: 0.103, li_recovered:  6.232, time: 0.01126354000007268
L: 41.18, u_super: 0.00526 — INFEASIBLE (li_recovered=0.000e+00), time: 0.001907556001242483
L: 0.50, u_super: 0.00990, sec: 576.148, prod: 0.224758, t_ads: 19.7, t_des: 17.9, bed_util_ads: 0.500, bed_util_des: 0.499, des_th: 0.49942132725883337,frac_lost: 0.103, li_recovered:  8.447, time: 0.011195545999726164
L: 0.50, u_super: 0.00811, sec: 463.135, prod: 0.183187, t_ads: 24.2, t_des: 22.1, bed_util_ads: 0.498, bed_util_des: 0.498, des_th: 0.49791766891827105,frac_lost: 0.108, li_recovered:  8.482, time: 0.00988710700039519
L: 0.50, u_super: 0.00485, sec: 318.166, prod: 0.091388, t_ads: 40.0, t_des: 54.8, bed_util_ads: 0.446, bed_util_des: 0.445, des_th: 0.4450148024752942,frac_lost: 0.101, li_recovered:  8.664, time: 0.011424450000049546
L: 0.50, u_super: 0.00392, sec: 213.276, prod: 0.087873, t_ads: 49.8, t_des: 44.8, bed_util_ads: 0.497, bed_util_des: 0.497, des_th: 0.4968732351342979,frac_lost: 0.108, li_recovered:  8.313, time: 0.011632230000031996
   428 |    17120 |     40 |  0.0023296726 |             f
L: 0.50, u_super: 0.00804, sec: 457.127, prod: 0.182403, t_ads: 24.1, t_des: 21.8, bed_util_ads: 0.499, bed_util_des: 0.499, des_th: 0.49899436753928555,frac_lost: 0.100, li_recovered:  8.382, time: 0.009681105000709067
L: 0.50, u_super: 0.00957, sec: 4557.481, prod: 0.026435, t_ads: 20.5, t_des: 311.6, bed_util_ads: 0.196, bed_util_des: 0.193, des_th: 0.1929557899179539,frac_lost: 0.106, li_recovered:  8.781, time: 0.0947906929995952
L: 0.50, u_super: 0.00688, sec: 399.385, prod: 0.150486, t_ads: 28.5, t_des: 29.2, bed_util_ads: 0.484, bed_util_des: 0.483, des_th: 0.48339210614523936,frac_lost: 0.108, li_recovered:  8.672, time: 0.009386989999256912
L: 0.50, u_super: 0.00120, sec: 74.184, prod: 0.023038, t_ads: 158.7, t_des: 203.1, bed_util_ads: 0.444, bed_util_des: 0.440, des_th: 0.439960007536749,frac_lost: 0.105, li_recovered:  8.336, time: 0.013856049001333304
L: 1.04, u_super: 0.00598, sec: 697.768, prod: 0.133467, t_ads: 67.0, t_des: 59.7, bed_util_ads: 0.498, bed_util_des: 0.497, des_th: 0.4974496090002552,frac_lost: 0.102, li_recovered:  16.904, time: 0.00925158500103862
L: 0.50, u_super: 0.00256, sec: 137.772, prod: 0.056881, t_ads: 75.4, t_des: 67.0, bed_util_ads: 0.497, bed_util_des: 0.497, des_th: 0.49660611373898605,frac_lost: 0.103, li_recovered:  8.101, time: 0.019072168001002865
L: 0.50, u_super: 0.00639, sec: 356.698, prod: 0.144688, t_ads: 30.4, t_des: 27.8, bed_util_ads: 0.498, bed_util_des: 0.498, des_th: 0.4978467854673089,frac_lost: 0.102, li_recovered:  8.420, time: 0.00945497100110515
L: 0.50, u_super: 0.00076, sec: 42.418, prod: 0.016132, t_ads: 243.0, t_des: 222.5, bed_util_ads: 0.478, bed_util_des: 0.477, des_th: 0.4772274605651099,frac_lost: 0.104, li_recovered:  7.509, time: 0.013025453999944148
L: 0.50, u_super: 0.00628, sec: 410.123, prod: 0.121227, t_ads: 31.2, t_des: 40.6, bed_util_ads: 0.452, bed_util_des: 0.452, des_th: 0.45172429960911675,frac_lost: 0.106, li_recovered:  8.693, time: 0.008215582998673199
L: 6.69, u_super: 0.00526 — INFEASIBLE (li_recovered=0.000e+00), time: 0.005499724000401329
L: 0.50, u_super: 0.00598, sec: 331.713, prod: 0.135252, t_ads: 32.4, t_des: 29.5, bed_util_ads: 0.498, bed_util_des: 0.497, des_th: 0.4974855500583409,frac_lost: 0.101, li_recovered:  8.376, time: 0.008864380999511923
L: 12.96, u_super: 0.00005 — INFEASIBLE (li_recovered=0.000e+00), time: 0.0018804350002028514
L: 0.50, u_super: 0.00288, sec: 159.193, prod: 0.062686, t_ads: 67.1, t_des: 69.0, bed_util_ads: 0.479, bed_util_des: 0.478, des_th: 0.47805980890321337,frac_lost: 0.102, li_recovered:  8.533, time: 0.006868094000310521
L: 11.24, u_super: 0.00260 — INFEASIBLE (li_recovered=0.000e+00), time: 0.003469645000222954
L: 0.50, u_super: 0.00262, sec: 141.721, prod: 0.058297, t_ads: 73.4, t_des: 64.5, bed_util_ads: 0.498, bed_util_des: 0.498, des_th: 0.4980674550482397,frac_lost: 0.103, li_recovered:  8.043, time: 0.005317745999491308
L: 0.50, u_super: 0.00640, sec: 356.780, prod: 0.144823, t_ads: 30.3, t_des: 27.5, bed_util_ads: 0.499, bed_util_des: 0.499, des_th: 0.498784431944417,frac_lost: 0.101, li_recovered:  8.373, time: 0.008757420000620186
L: 0.50, u_super: 0.00785, sec: 487.183, prod: 0.162756, t_ads: 24.9, t_des: 28.6, bed_util_ads: 0.469, bed_util_des: 0.469, des_th: 0.46858748135472267,frac_lost: 0.105, li_recovered:  8.702, time: 0.009482962999754818
L: 0.50, u_super: 0.00855, sec: 491.477, prod: 0.193229, t_ads: 22.9, t_des: 21.3, bed_util_ads: 0.497, bed_util_des: 0.497, des_th: 0.4966559443943939,frac_lost: 0.107, li_recovered:  8.534, time: 0.008249062000686536
L: 0.50, u_super: 0.00661, sec: 384.255, prod: 0.143923, t_ads: 29.6, t_des: 30.7, bed_util_ads: 0.481, bed_util_des: 0.481, des_th: 0.4811251988499394,frac_lost: 0.106, li_recovered:  8.672, time: 0.00832368700139341
L: 29.39, u_super: 0.00526 — INFEASIBLE (li_recovered=0.000e+00), time: 0.0020440869993763044
L: 0.50, u_super: 0.00280, sec: 179.896, prod: 0.052343, t_ads: 69.6, t_des: 94.6, bed_util_ads: 0.444, bed_util_des: 0.442, des_th: 0.441682694010298,frac_lost: 0.107, li_recovered:  8.594, time: 0.011240019000979373
L: 0.50, u_super: 0.00005 — INFEASIBLE (li_recovered=0.000e+00), time: 0.0013537249997170875
L: 0.50, u_super: 0.00561, sec: 310.480, prod: 0.126899, t_ads: 34.6, t_des: 31.6, bed_util_ads: 0.498, bed_util_des: 0.497, des_th: 0.49741255400331863,frac_lost: 0.103, li_recovered:  8.402, time: 0.00666931200066756
L: 0.50, u_super: 0.00669, sec: 420.310, prod: 0.134951, t_ads: 29.3, t_des: 35.2, bed_util_ads: 0.463, bed_util_des: 0.462, des_th: 0.46222787367377877,frac_lost: 0.107, li_recovered:  8.694, time: 0.005574027998591191
L: 0.50, u_super: 0.00852, sec: 488.906, prod: 0.192909, t_ads: 23.0, t_des: 20.8, bed_util_ads: 0.499, bed_util_des: 0.499, des_th: 0.49858936218622196,frac_lost: 0.107, li_recovered:  8.444, time: 0.0065977400008705445
L: 0.50, u_super: 0.00825, sec: 471.509, prod: 0.186779, t_ads: 23.7, t_des: 21.5, bed_util_ads: 0.498, bed_util_des: 0.498, des_th: 0.49811728570356717,frac_lost: 0.106, li_recovered:  8.439, time: 0.0057608669994806405
L: 20.62, u_super: 0.00340 — INFEASIBLE (li_recovered=0.000e+00), time: 0.0019644069998321356
L: 0.50, u_super: 0.00324, sec: 175.488, prod: 0.072333, t_ads: 59.6, t_des: 52.4, bed_util_ads: 0.500, bed_util_des: 0.499, des_th: 0.49936879229896247,frac_lost: 0.102, li_recovered:  8.101, time: 0.006832761000623577
L: 0.50, u_super: 0.00049 — INFEASIBLE (li_recovered=0.000e+00), time: 0.00266915299835091
L: 51.51, u_super: 0.00854 — INFEASIBLE (li_recovered=0.000e+00), time: 0.001721713000733871
L: 0.50, u_super: 0.00639, sec: 356.733, prod: 0.144686, t_ads: 30.4, t_des: 27.5, bed_util_ads: 0.498, bed_util_des: 0.498, des_th: 0.49802086245538835,frac_lost: 0.102, li_recovered:  8.379, time: 0.005496683999808738
L: 0.50, u_super: 0.00062 — INFEASIBLE (li_recovered=0.000e+00), time: 0.0032798629999888362
L: 0.50, u_super: 0.00979, sec: 582.411, prod: 0.217158, t_ads: 19.9, t_des: 20.0, bed_util_ads: 0.487, bed_util_des: 0.487, des_th: 0.4866530776343423,frac_lost: 0.105, li_recovered:  8.680, time: 0.007258640000145533
L: 0.50, u_super: 0.00687, sec: 386.682, prod: 0.155110, t_ads: 28.5, t_des: 25.9, bed_util_ads: 0.498, bed_util_des: 0.498, des_th: 0.49791808693093015,frac_lost: 0.108, li_recovered:  8.439, time: 0.006256935999772395
L: 11.39, u_super: 0.00908 — INFEASIBLE (li_recovered=0.000e+00), time: 0.004606169999533449
L: 33.94, u_super: 0.00796 — INFEASIBLE (li_recovered=0.000e+00), time: 0.0012911060002807062
L: 77.86, u_super: 0.00216 — INFEASIBLE (li_recovered=0.000e+00), time: 0.0009077849990717368
L: 12.89, u_super: 0.00930 — INFEASIBLE (li_recovered=0.000e+00), time: 0.002518283999961568
L: 0.50, u_super: 0.00605, sec: 336.513, prod: 0.136954, t_ads: 32.1, t_des: 29.0, bed_util_ads: 0.498, bed_util_des: 0.498, des_th: 0.4980431644737664,frac_lost: 0.102, li_recovered:  8.369, time: 0.00752956199903565
L: 0.50, u_super: 0.00252, sec: 136.027, prod: 0.056118, t_ads: 76.5, t_des: 67.9, bed_util_ads: 0.498, bed_util_des: 0.497, des_th: 0.4975098406328142,frac_lost: 0.104, li_recovered:  8.104, time: 0.008108242000162136
   429 |    17160 |     40 |  0.0027083725 |             f
L: 0.50, u_super: 0.00324, sec: 175.470, prod: 0.072340, t_ads: 59.6, t_des: 52.4, bed_util_ads: 0.500, bed_util_des: 0.499, des_th: 0.49936879229896247,frac_lost: 0.101, li_recovered:  8.099, time: 0.008569953999540303
L: 0.50, u_super: 0.00009, sec: 8.116, prod: 0.001117, t_ads: 2091.6, t_des: 4583.1, bed_util_ads: 0.267, bed_util_des: 0.198, des_th: 0.19820656519022092,frac_lost: 0.101, li_recovered:  7.459, time: 0.014518677999149077
L: 0.50, u_super: 0.00990, sec: 576.356, prod: 0.224677, t_ads: 19.7, t_des: 17.9, bed_util_ads: 0.500, bed_util_des: 0.499, des_th: 0.49942132725883337,frac_lost: 0.103, li_recovered:  8.451, time: 0.0098995839998679
L: 0.50, u_super: 0.00605, sec: 339.324, prod: 0.135819, t_ads: 32.1, t_des: 31.1, bed_util_ads: 0.490, bed_util_des: 0.490, des_th: 0.48980250212236587,frac_lost: 0.103, li_recovered:  8.579, time: 0.007989624000401818
L: 0.50, u_super: 0.00887, sec: 518.257, prod: 0.197953, t_ads: 22.1, t_des: 21.7, bed_util_ads: 0.489, bed_util_des: 0.489, des_th: 0.48898292936685367,frac_lost: 0.106, li_recovered:  8.652, time: 0.00789570699998876
L: 0.50, u_super: 0.00367, sec: 205.618, prod: 0.079612, t_ads: 53.0, t_des: 54.9, bed_util_ads: 0.479, bed_util_des: 0.479, des_th: 0.47860689456393846,frac_lost: 0.105, li_recovered:  8.592, time: 0.009445043999221525
L: 0.50, u_super: 0.00126, sec: 70.570, prod: 0.026696, t_ads: 150.6, t_des: 124.3, bed_util_ads: 0.499, bed_util_des: 0.499, des_th: 0.49861177839249754,frac_lost: 0.107, li_recovered:  7.337, time: 0.007043831999908434
L: 0.50, u_super: 0.00169, sec: 97.684, prod: 0.034836, t_ads: 112.8, t_des: 129.0, bed_util_ads: 0.462, bed_util_des: 0.460, des_th: 0.46022130344412177,frac_lost: 0.100, li_recovered:  8.424, time: 0.010322799000277882
L: 44.07, u_super: 0.00760 — INFEASIBLE (li_recovered=0.000e+00), time: 0.0020581839999067597
L: 0.50, u_super: 0.00662, sec: 370.419, prod: 0.149943, t_ads: 29.3, t_des: 26.5, bed_util_ads: 0.498, bed_util_des: 0.498, des_th: 0.49791808693093015,frac_lost: 0.101, li_recovered:  8.374, time: 0.009176642999591422
L: 0.50, u_super: 0.00353, sec: 191.375, prod: 0.079105, t_ads: 55.1, t_des: 50.4, bed_util_ads: 0.496, bed_util_des: 0.495, des_th: 0.49535534131119835,frac_lost: 0.107, li_recovered:  8.349, time: 0.00826700899960997
L: 0.50, u_super: 0.00410, sec: 223.497, prod: 0.092123, t_ads: 47.4, t_des: 42.4, bed_util_ads: 0.499, bed_util_des: 0.499, des_th: 0.4989774377818989,frac_lost: 0.105, li_recovered:  8.270, time: 0.005456109000078868
L: 22.28, u_super: 0.00843 — INFEASIBLE (li_recovered=0.000e+00), time: 0.0030285390002973145
L: 0.50, u_super: 0.00075, sec: 41.247, prod: 0.015752, t_ads: 249.5, t_des: 239.6, bed_util_ads: 0.472, bed_util_des: 0.470, des_th: 0.4698119920324334,frac_lost: 0.104, li_recovered:  7.705, time: 0.0059950659997412
L: 0.50, u_super: 0.00981, sec: 570.549, prod: 0.222545, t_ads: 19.9, t_des: 18.3, bed_util_ads: 0.498, bed_util_des: 0.498, des_th: 0.497785374566384,frac_lost: 0.103, li_recovered:  8.493, time: 0.008166178999090334
L: 0.50, u_super: 0.00324, sec: 175.488, prod: 0.072333, t_ads: 59.6, t_des: 52.4, bed_util_ads: 0.500, bed_util_des: 0.499, des_th: 0.49936879229896247,frac_lost: 0.102, li_recovered:  8.101, time: 0.0050580930001160596
L: 0.50, u_super: 0.00517, sec: 284.921, prod: 0.116616, t_ads: 37.5, t_des: 33.5, bed_util_ads: 0.500, bed_util_des: 0.499, des_th: 0.49941768941859743,frac_lost: 0.102, li_recovered:  8.283, time: 0.005693785999028478
L: 0.50, u_super: 0.00598, sec: 331.670, prod: 0.135269, t_ads: 32.4, t_des: 29.4, bed_util_ads: 0.498, bed_util_des: 0.498, des_th: 0.49752080976000407,frac_lost: 0.100, li_recovered:  8.360, time: 0.005190623000089545
L: 0.50, u_super: 0.00289, sec: 155.940, prod: 0.064728, t_ads: 66.7, t_des: 62.2, bed_util_ads: 0.491, bed_util_des: 0.491, des_th: 0.4908167991109571,frac_lost: 0.103, li_recovered:  8.343, time: 0.005780110999694443
L: 0.50, u_super: 0.00423, sec: 230.955, prod: 0.095106, t_ads: 45.9, t_des: 40.9, bed_util_ads: 0.499, bed_util_des: 0.499, des_th: 0.49851870392926306,frac_lost: 0.104, li_recovered:  8.258, time: 0.004908729000817402
L: 39.44, u_super: 0.00960 — INFEASIBLE (li_recovered=0.000e+00), time: 0.0016113919991767034
L: 0.50, u_super: 0.00927, sec: 536.519, prod: 0.209864, t_ads: 21.1, t_des: 19.2, bed_util_ads: 0.500, bed_util_des: 0.500, des_th: 0.49996513550779403,frac_lost: 0.107, li_recovered:  8.455, time: 0.005697147000319092
L: 0.50, u_super: 0.00231, sec: 125.125, prod: 0.050945, t_ads: 83.6, t_des: 72.5, bed_util_ads: 0.499, bed_util_des: 0.499, des_th: 0.4988830581874372,frac_lost: 0.106, li_recovered:  7.952, time: 0.004589989999658428
L: 0.50, u_super: 0.00453, sec: 255.950, prod: 0.098828, t_ads: 43.0, t_des: 44.3, bed_util_ads: 0.482, bed_util_des: 0.481, des_th: 0.4811251988499394,frac_lost: 0.105, li_recovered:  8.623, time: 0.0055401690005965065
L: 0.50, u_super: 0.00796, sec: 452.373, prod: 0.180448, t_ads: 24.4, t_des: 22.0, bed_util_ads: 0.499, bed_util_des: 0.499, des_th: 0.49899436753928555,frac_lost: 0.101, li_recovered:  8.379, time: 0.004901939000774291
L: 0.50, u_super: 0.00688, sec: 385.819, prod: 0.155777, t_ads: 28.3, t_des: 25.8, bed_util_ads: 0.498, bed_util_des: 0.498, des_th: 0.49791808693093015,frac_lost: 0.102, li_recovered:  8.422, time: 0.004507608000494656
L: 0.50, u_super: 0.00197, sec: 105.594, prod: 0.043687, t_ads: 97.1, t_des: 91.6, bed_util_ads: 0.487, bed_util_des: 0.487, des_th: 0.4866530776343423,frac_lost: 0.100, li_recovered:  8.244, time: 0.005700527999579208
L: 0.50, u_super: 0.00631, sec: 351.697, prod: 0.142734, t_ads: 30.8, t_des: 27.9, bed_util_ads: 0.498, bed_util_des: 0.498, des_th: 0.49802086245538835,frac_lost: 0.102, li_recovered:  8.377, time: 0.004919963001157157
L: 0.50, u_super: 0.00451, sec: 246.652, prod: 0.101421, t_ads: 43.2, t_des: 39.8, bed_util_ads: 0.495, bed_util_des: 0.495, des_th: 0.4950431330371629,frac_lost: 0.105, li_recovered:  8.418, time: 0.007112223000149243
L: 0.50, u_super: 0.00030, sec: 52.188, prod: 0.001956, t_ads: 672.1, t_des: 3783.2, bed_util_ads: 0.244, bed_util_des: 0.192, des_th: 0.19154790203692257,frac_lost: 0.106, li_recovered:  8.714, time: 0.01709488399865222
L: 0.50, u_super: 0.00500, sec: 318.534, prod: 0.097429, t_ads: 38.8, t_des: 50.1, bed_util_ads: 0.454, bed_util_des: 0.453, des_th: 0.4527329377175302,frac_lost: 0.102, li_recovered:  8.665, time: 0.006915697998920223
L: 0.50, u_super: 0.00690, sec: 387.780, prod: 0.156332, t_ads: 28.1, t_des: 25.1, bed_util_ads: 0.500, bed_util_des: 0.500, des_th: 0.4995539622738262,frac_lost: 0.100, li_recovered:  8.312, time: 0.006401702999937697
L: 0.50, u_super: 0.00197, sec: 105.593, prod: 0.043688, t_ads: 97.1, t_des: 91.5, bed_util_ads: 0.487, bed_util_des: 0.487, des_th: 0.4866530776343423,frac_lost: 0.100, li_recovered:  8.241, time: 0.006924536000951775
L: 31.71, u_super: 0.00415 — INFEASIBLE (li_recovered=0.000e+00), time: 0.0016851540003699483
L: 0.50, u_super: 0.00842, sec: 482.836, prod: 0.190599, t_ads: 23.2, t_des: 21.1, bed_util_ads: 0.500, bed_util_des: 0.500, des_th: 0.4996766243234498,frac_lost: 0.107, li_recovered:  8.448, time: 0.004352736999862827
L: 0.50, u_super: 0.00605, sec: 336.585, prod: 0.136924, t_ads: 32.1, t_des: 29.0, bed_util_ads: 0.498, bed_util_des: 0.498, des_th: 0.49800790477210316,frac_lost: 0.102, li_recovered:  8.366, time: 0.0055341659990517655
L: 0.50, u_super: 0.00339, sec: 2195.742, prod: 0.006353, t_ads: 57.8, t_des: 1326.6, bed_util_ads: 0.163, bed_util_des: 0.155, des_th: 0.15464113373077398,frac_lost: 0.101, li_recovered:  8.795, time: 0.05445864600005734
L: 0.50, u_super: 0.00011, sec: 10.721, prod: 0.001314, t_ads: 1701.3, t_des: 4191.5, bed_util_ads: 0.271, bed_util_des: 0.205, des_th: 0.205048108330929,frac_lost: 0.100, li_recovered:  7.742, time: 0.01114384699940274
L: 0.50, u_super: 0.00015 — INFEASIBLE (li_recovered=0.000e+00), time: 0.0022317439998005284
L: 0.50, u_super: 0.00288, sec: 165.819, prod: 0.060168, t_ads: 67.6, t_des: 74.9, bed_util_ads: 0.470, bed_util_des: 0.469, des_th: 0.46913235125193753,frac_lost: 0.108, li_recovered:  8.572, time: 0.0060314340007607825
   430 |    17200 |     40 |  0.0031348123 |             f
L: 7.03, u_super: 0.00267 — INFEASIBLE (li_recovered=0.000e+00), time: 0.0017820970006141579
L: 0.50, u_super: 0.00362, sec: 196.349, prod: 0.081121, t_ads: 53.7, t_des: 48.1, bed_util_ads: 0.498, bed_util_des: 0.498, des_th: 0.4978683813406827,frac_lost: 0.105, li_recovered:  8.257, time: 0.006513276999612572
L: 0.50, u_super: 0.00796, sec: 452.226, prod: 0.180507, t_ads: 24.4, t_des: 22.6, bed_util_ads: 0.496, bed_util_des: 0.496, des_th: 0.49617028770828053,frac_lost: 0.101, li_recovered:  8.481, time: 0.00645072000043001
L: 3.91, u_super: 0.00526 — INFEASIBLE (li_recovered=0.000e+00), time: 0.002772801999526564
L: 0.50, u_super: 0.00450, sec: 249.801, prod: 0.099874, t_ads: 43.2, t_des: 42.7, bed_util_ads: 0.487, bed_util_des: 0.486, des_th: 0.48612392295121876,frac_lost: 0.105, li_recovered:  8.581, time: 0.006909753001309582
L: 5.06, u_super: 0.00690 — INFEASIBLE (li_recovered=0.000e+00), time: 0.004244914000082645
L: 0.50, u_super: 0.00990, sec: 577.162, prod: 0.224257, t_ads: 19.8, t_des: 18.2, bed_util_ads: 0.498, bed_util_des: 0.498, des_th: 0.49802086245538835,frac_lost: 0.105, li_recovered:  8.510, time: 0.008211760999984108
L: 0.50, u_super: 0.00855, sec: 491.103, prod: 0.193376, t_ads: 22.9, t_des: 21.2, bed_util_ads: 0.497, bed_util_des: 0.497, des_th: 0.49671331947624847,frac_lost: 0.106, li_recovered:  8.521, time: 0.006744334001268726
L: 0.50, u_super: 0.00842, sec: 481.827, prod: 0.190564, t_ads: 23.2, t_des: 21.1, bed_util_ads: 0.499, bed_util_des: 0.499, des_th: 0.4990757911322491,frac_lost: 0.106, li_recovered:  8.440, time: 0.005010106000554515
L: 0.50, u_super: 0.00005, sec: 4.357, prod: 0.000665, t_ads: 3277.7, t_des: 5304.5, bed_util_ads: 0.255, bed_util_des: 0.195, des_th: 0.19552245006497498,frac_lost: 0.101, li_recovered:  5.703, time: 0.008908034000342013
L: 26.43, u_super: 0.00262 — INFEASIBLE (li_recovered=0.000e+00), time: 0.0014303530006145593
L: 0.50, u_super: 0.00165, sec: 89.064, prod: 0.036329, t_ads: 115.7, t_des: 103.8, bed_util_ads: 0.492, bed_util_des: 0.491, des_th: 0.491038933003081,frac_lost: 0.104, li_recovered:  7.975, time: 0.005328694000127143
L: 0.50, u_super: 0.00517, sec: 286.308, prod: 0.116051, t_ads: 37.6, t_des: 36.1, bed_util_ads: 0.491, bed_util_des: 0.490, des_th: 0.49024436405954896,frac_lost: 0.103, li_recovered:  8.544, time: 0.006368426000335603
L: 0.50, u_super: 0.00286, sec: 157.194, prod: 0.062901, t_ads: 67.4, t_des: 68.0, bed_util_ads: 0.482, bed_util_des: 0.481, des_th: 0.4811251988499394,frac_lost: 0.102, li_recovered:  8.514, time: 0.005226413000855246
L: 0.50, u_super: 0.00758, sec: 430.075, prod: 0.171276, t_ads: 25.8, t_des: 23.7, bed_util_ads: 0.498, bed_util_des: 0.498, des_th: 0.4979796421738912,frac_lost: 0.107, li_recovered:  8.486, time: 0.005949798998699407
L: 0.50, u_super: 0.00152, sec: 82.650, prod: 0.032976, t_ads: 125.9, t_des: 109.1, bed_util_ads: 0.495, bed_util_des: 0.495, des_th: 0.49486506033702865,frac_lost: 0.105, li_recovered:  7.750, time: 0.005469239000376547
L: 0.50, u_super: 0.00551, sec: 304.277, prod: 0.124567, t_ads: 35.2, t_des: 32.2, bed_util_ads: 0.496, bed_util_des: 0.496, des_th: 0.4957931829266806,frac_lost: 0.102, li_recovered:  8.402, time: 0.006229931001143996
L: 48.78, u_super: 0.00005 — INFEASIBLE (li_recovered=0.000e+00), time: 0.0008516130001225974
L: 0.50, u_super: 0.00981, sec: 571.275, prod: 0.222433, t_ads: 19.9, t_des: 18.1, bed_util_ads: 0.500, bed_util_des: 0.499, des_th: 0.49942132725883337,frac_lost: 0.105, li_recovered:  8.451, time: 0.005124326000441215
L: 0.50, u_super: 0.00231, sec: 125.213, prod: 0.050909, t_ads: 83.7, t_des: 72.4, bed_util_ads: 0.500, bed_util_des: 0.499, des_th: 0.4993620905203808,frac_lost: 0.107, li_recovered:  7.947, time: 0.005476793001434999
L: 0.50, u_super: 0.00662, sec: 372.459, prod: 0.149121, t_ads: 29.6, t_des: 27.5, bed_util_ads: 0.496, bed_util_des: 0.495, des_th: 0.4954050468938612,frac_lost: 0.110, li_recovered:  8.514, time: 0.006108519000918022
L: 12.89, u_super: 0.00586 — INFEASIBLE (li_recovered=0.000e+00), time: 0.0027811319996544626
L: 0.50, u_super: 0.00216, sec: 117.857, prod: 0.047293, t_ads: 89.3, t_des: 89.0, bed_util_ads: 0.482, bed_util_des: 0.481, des_th: 0.4811251988499394,frac_lost: 0.106, li_recovered:  8.434, time: 0.0057046839992835885
L: 0.50, u_super: 0.00703, sec: 396.542, prod: 0.158853, t_ads: 27.8, t_des: 25.0, bed_util_ads: 0.500, bed_util_des: 0.499, des_th: 0.49942132725883337,frac_lost: 0.107, li_recovered:  8.389, time: 0.005245768001259421
L: 0.50, u_super: 0.00758, sec: 428.491, prod: 0.171909, t_ads: 25.6, t_des: 23.4, bed_util_ads: 0.498, bed_util_des: 0.498, des_th: 0.49787051482069666,frac_lost: 0.101, li_recovered:  8.430, time: 0.005765366999185062
L: 48.07, u_super: 0.00522 — INFEASIBLE (li_recovered=0.000e+00), time: 0.0014684479992865818
L: 0.50, u_super: 0.00049, sec: 28.183, prod: 0.009739, t_ads: 373.3, t_des: 396.4, bed_util_ads: 0.447, bed_util_des: 0.442, des_th: 0.4423496325527043,frac_lost: 0.102, li_recovered:  7.497, time: 0.004452072998901713
L: 0.50, u_super: 0.00423, sec: 231.025, prod: 0.095077, t_ads: 46.0, t_des: 41.1, bed_util_ads: 0.499, bed_util_des: 0.499, des_th: 0.49857543077548777,frac_lost: 0.105, li_recovered:  8.277, time: 0.004978648999895086
L: 0.50, u_super: 0.00354, sec: 192.316, prod: 0.079091, t_ads: 55.0, t_des: 48.6, bed_util_ads: 0.499, bed_util_des: 0.499, des_th: 0.498658529896107,frac_lost: 0.107, li_recovered:  8.196, time: 0.007495353000194882
L: 0.50, u_super: 0.00796, sec: 452.373, prod: 0.180448, t_ads: 24.4, t_des: 22.0, bed_util_ads: 0.499, bed_util_des: 0.499, des_th: 0.49899436753928555,frac_lost: 0.101, li_recovered:  8.379, time: 0.006376354000167339
L: 0.50, u_super: 0.00126, sec: 68.203, prod: 0.027407, t_ads: 150.8, t_des: 136.8, bed_util_ads: 0.487, bed_util_des: 0.487, des_th: 0.4866530776343423,frac_lost: 0.104, li_recovered:  7.882, time: 0.00515158199959842
L: 0.50, u_super: 0.00410, sec: 223.737, prod: 0.092024, t_ads: 47.5, t_des: 42.3, bed_util_ads: 0.499, bed_util_des: 0.499, des_th: 0.49901804490200374,frac_lost: 0.106, li_recovered:  8.264, time: 0.00641985399852274
L: 0.50, u_super: 0.00362, sec: 201.144, prod: 0.079188, t_ads: 53.8, t_des: 54.5, bed_util_ads: 0.482, bed_util_des: 0.482, des_th: 0.4816154130558837,frac_lost: 0.107, li_recovered:  8.577, time: 0.006339388999549556
L: 1.47, u_super: 0.00580, sec: 978.764, prod: 0.126492, t_ads: 97.5, t_des: 82.7, bed_util_ads: 0.500, bed_util_des: 0.500, des_th: 0.49988694854761334,frac_lost: 0.108, li_recovered:  22.786, time: 0.007106627999746706
L: 0.50, u_super: 0.00483, sec: 265.624, prod: 0.108865, t_ads: 40.2, t_des: 36.0, bed_util_ads: 0.500, bed_util_des: 0.499, des_th: 0.49941768941859743,frac_lost: 0.105, li_recovered:  8.296, time: 0.005406484000559431
L: 34.64, u_super: 0.00038 — INFEASIBLE (li_recovered=0.000e+00), time: 0.001197159999719588
L: 0.50, u_super: 0.00243, sec: 131.426, prod: 0.053683, t_ads: 79.4, t_des: 69.1, bed_util_ads: 0.500, bed_util_des: 0.499, des_th: 0.49936879229896247,frac_lost: 0.104, li_recovered:  7.971, time: 0.008099094999124645
L: 0.50, u_super: 0.00372, sec: 202.266, prod: 0.083392, t_ads: 52.4, t_des: 47.3, bed_util_ads: 0.497, bed_util_des: 0.497, des_th: 0.4968544085145092,frac_lost: 0.108, li_recovered:  8.315, time: 0.0066698600003292086
L: 0.50, u_super: 0.00748, sec: 423.915, prod: 0.168870, t_ads: 26.2, t_des: 24.0, bed_util_ads: 0.498, bed_util_des: 0.498, des_th: 0.49780352482125295,frac_lost: 0.108, li_recovered:  8.482, time: 0.007120380998458131
L: 0.50, u_super: 0.00801, sec: 456.268, prod: 0.181337, t_ads: 24.4, t_des: 22.2, bed_util_ads: 0.499, bed_util_des: 0.499, des_th: 0.49899436753928555,frac_lost: 0.105, li_recovered:  8.438, time: 0.00715177600068273
   431 |    17240 |     40 |  0.0023167716 |             f
L: 0.50, u_super: 0.00028 — INFEASIBLE (li_recovered=0.000e+00), time: 0.0041809859994828
L: 0.50, u_super: 0.00635, sec: 354.201, prod: 0.143765, t_ads: 30.6, t_des: 27.9, bed_util_ads: 0.498, bed_util_des: 0.498, des_th: 0.4978714403001677,frac_lost: 0.102, li_recovered:  8.414, time: 0.006419621999157243
L: 0.50, u_super: 0.00784, sec: 444.897, prod: 0.177888, t_ads: 24.7, t_des: 22.3, bed_util_ads: 0.499, bed_util_des: 0.499, des_th: 0.49899436753928555,frac_lost: 0.100, li_recovered:  8.375, time: 0.005793405000076746
L: 0.50, u_super: 0.00324, sec: 175.842, prod: 0.072444, t_ads: 60.0, t_des: 56.2, bed_util_ads: 0.491, bed_util_des: 0.491, des_th: 0.491038933003081,frac_lost: 0.108, li_recovered:  8.415, time: 0.007378349000646267
L: 0.50, u_super: 0.00363, sec: 197.359, prod: 0.081419, t_ads: 53.4, t_des: 50.2, bed_util_ads: 0.491, bed_util_des: 0.491, des_th: 0.4908734603889359,frac_lost: 0.105, li_recovered:  8.436, time: 0.005971909000436426
L: 0.50, u_super: 0.00212, sec: 115.379, prod: 0.046579, t_ads: 90.1, t_des: 77.3, bed_util_ads: 0.499, bed_util_des: 0.499, des_th: 0.4989774377818989,frac_lost: 0.100, li_recovered:  7.794, time: 0.007094999000401003
L: 0.50, u_super: 0.00832, sec: 476.174, prod: 0.188466, t_ads: 23.5, t_des: 21.3, bed_util_ads: 0.499, bed_util_des: 0.498, des_th: 0.4985075310762581,frac_lost: 0.106, li_recovered:  8.445, time: 0.008899440001187031
L: 0.50, u_super: 0.00555, sec: 306.898, prod: 0.125363, t_ads: 35.0, t_des: 31.8, bed_util_ads: 0.499, bed_util_des: 0.499, des_th: 0.498658529896107,frac_lost: 0.104, li_recovered:  8.375, time: 0.0069164500000624685
L: 0.50, u_super: 0.00930, sec: 538.502, prod: 0.210699, t_ads: 21.0, t_des: 19.3, bed_util_ads: 0.499, bed_util_des: 0.499, des_th: 0.49861177839249754,frac_lost: 0.106, li_recovered:  8.493, time: 0.007086801000696141
L: 0.50, u_super: 0.00005 — INFEASIBLE (li_recovered=0.000e+00), time: 0.0013489800003299024
L: 0.50, u_super: 0.00076, sec: 42.198, prod: 0.016216, t_ads: 242.5, t_des: 233.6, bed_util_ads: 0.473, bed_util_des: 0.471, des_th: 0.4709272991039928,frac_lost: 0.101, li_recovered:  7.720, time: 0.0062866950011084555
L: 1.77, u_super: 0.00322, sec: 660.943, prod: 0.067316, t_ads: 206.3, t_des: 174.9, bed_util_ads: 0.491, bed_util_des: 0.490, des_th: 0.49050030722782295,frac_lost: 0.107, li_recovered:  25.661, time: 0.007054952999169473
L: 0.50, u_super: 0.00152, sec: 91.170, prod: 0.029894, t_ads: 126.2, t_des: 155.1, bed_util_ads: 0.452, bed_util_des: 0.449, des_th: 0.4490297069105723,frac_lost: 0.103, li_recovered:  8.410, time: 0.009241548001227784
L: 0.50, u_super: 0.00541, sec: 333.508, prod: 0.109411, t_ads: 36.3, t_des: 43.0, bed_util_ads: 0.463, bed_util_des: 0.463, des_th: 0.46275065164796125,frac_lost: 0.109, li_recovered:  8.676, time: 0.02012275299966859
L: 0.50, u_super: 0.00350, sec: 190.336, prod: 0.078264, t_ads: 55.5, t_des: 49.0, bed_util_ads: 0.500, bed_util_des: 0.499, des_th: 0.49948008577115355,frac_lost: 0.107, li_recovered:  8.183, time: 0.015582763000566047
L: 0.50, u_super: 0.00779, sec: 444.866, prod: 0.175361, t_ads: 24.9, t_des: 24.1, bed_util_ads: 0.491, bed_util_des: 0.491, des_th: 0.491038933003081,frac_lost: 0.100, li_recovered:  8.598, time: 0.009722467999381479
L: 0.50, u_super: 0.00768, sec: 436.632, prod: 0.173431, t_ads: 25.5, t_des: 23.4, bed_util_ads: 0.498, bed_util_des: 0.498, des_th: 0.49802086245538835,frac_lost: 0.109, li_recovered:  8.487, time: 0.009474096999838366
L: 21.58, u_super: 0.00551 — INFEASIBLE (li_recovered=0.000e+00), time: 0.0023876720006228425
L: 0.50, u_super: 0.00452, sec: 247.898, prod: 0.101713, t_ads: 43.0, t_des: 38.4, bed_util_ads: 0.499, bed_util_des: 0.499, des_th: 0.498974957435756,frac_lost: 0.106, li_recovered:  8.280, time: 0.012524873998700059
L: 0.50, u_super: 0.00571, sec: 333.880, prod: 0.122406, t_ads: 34.0, t_des: 36.7, bed_util_ads: 0.477, bed_util_des: 0.476, des_th: 0.476167685885609,frac_lost: 0.103, li_recovered:  8.664, time: 0.010282731000188505
L: 0.50, u_super: 0.00607, sec: 395.159, prod: 0.117077, t_ads: 32.3, t_des: 42.0, bed_util_ads: 0.454, bed_util_des: 0.453, des_th: 0.4527329377175302,frac_lost: 0.107, li_recovered:  8.691, time: 0.02152237300106208
L: 0.50, u_super: 0.00483, sec: 265.355, prod: 0.108976, t_ads: 40.1, t_des: 35.9, bed_util_ads: 0.500, bed_util_des: 0.499, des_th: 0.49946432530593454,frac_lost: 0.102, li_recovered:  8.280, time: 0.009790957999939565
L: 0.50, u_super: 0.00165, sec: 90.360, prod: 0.035562, t_ads: 116.1, t_des: 97.9, bed_util_ads: 0.500, bed_util_des: 0.499, des_th: 0.49936879229896247,frac_lost: 0.104, li_recovered:  7.608, time: 0.010952225999062648
L: 0.50, u_super: 0.00126, sec: 71.675, prod: 0.026079, t_ads: 151.7, t_des: 166.6, bed_util_ads: 0.463, bed_util_des: 0.461, des_th: 0.4605479340226649,frac_lost: 0.106, li_recovered:  8.303, time: 0.009709611000289442
L: 0.50, u_super: 0.00395, sec: 217.074, prod: 0.087675, t_ads: 49.2, t_des: 48.3, bed_util_ads: 0.487, bed_util_des: 0.487, des_th: 0.4866530776343423,frac_lost: 0.104, li_recovered:  8.549, time: 0.009841877999861026
L: 10.51, u_super: 0.00990 — INFEASIBLE (li_recovered=0.000e+00), time: 0.009158284001387074
L: 0.50, u_super: 0.00267, sec: 143.776, prod: 0.059566, t_ads: 72.3, t_des: 65.0, bed_util_ads: 0.496, bed_util_des: 0.496, des_th: 0.4957931829266806,frac_lost: 0.104, li_recovered:  8.178, time: 0.01768332800020289
L: 0.50, u_super: 0.00474, sec: 260.598, prod: 0.106734, t_ads: 41.0, t_des: 36.6, bed_util_ads: 0.500, bed_util_des: 0.499, des_th: 0.4994377249280586,frac_lost: 0.106, li_recovered:  8.283, time: 0.009143371000391198
L: 0.50, u_super: 0.00076, sec: 216.366, prod: 0.003163, t_ads: 257.5, t_des: 2520.5, bed_util_ads: 0.216, bed_util_des: 0.188, des_th: 0.18841743339672565,frac_lost: 0.101, li_recovered:  8.785, time: 0.043652311998812365
L: 6.08, u_super: 0.00320 — INFEASIBLE (li_recovered=0.000e+00), time: 0.004850444000112475
L: 0.60, u_super: 0.00049 — INFEASIBLE (li_recovered=0.000e+00), time: 0.004768249000335345
L: 36.78, u_super: 0.00605 — INFEASIBLE (li_recovered=0.000e+00), time: 0.0019220670001232065
L: 14.16, u_super: 0.00989 — INFEASIBLE (li_recovered=0.000e+00), time: 0.0045056139988446375
L: 0.50, u_super: 0.00144, sec: 77.981, prod: 0.031544, t_ads: 132.2, t_des: 127.6, bed_util_ads: 0.481, bed_util_des: 0.480, des_th: 0.47986854039745663,frac_lost: 0.104, li_recovered:  8.197, time: 0.007018889000391937
L: 0.50, u_super: 0.00483, sec: 265.628, prod: 0.108864, t_ads: 40.2, t_des: 35.9, bed_util_ads: 0.500, bed_util_des: 0.499, des_th: 0.499472215623039,frac_lost: 0.104, li_recovered:  8.285, time: 0.006181233000461361
L: 0.50, u_super: 0.00011, sec: 10.029, prod: 0.001404, t_ads: 1666.5, t_des: 3629.7, bed_util_ads: 0.282, bed_util_des: 0.222, des_th: 0.22201916599629215,frac_lost: 0.101, li_recovered:  7.438, time: 0.008476622000671341
L: 0.50, u_super: 0.00917, sec: 529.255, prod: 0.207845, t_ads: 21.3, t_des: 19.2, bed_util_ads: 0.500, bed_util_des: 0.500, des_th: 0.49996513550779403,frac_lost: 0.104, li_recovered:  8.405, time: 0.005398078999860445
L: 0.50, u_super: 0.00517, sec: 284.825, prod: 0.116655, t_ads: 37.5, t_des: 33.6, bed_util_ads: 0.500, bed_util_des: 0.500, des_th: 0.499754261562234,frac_lost: 0.103, li_recovered:  8.299, time: 0.00852102799944987
L: 0.50, u_super: 0.00958, sec: 555.834, prod: 0.217136, t_ads: 20.4, t_des: 18.5, bed_util_ads: 0.500, bed_util_des: 0.499, des_th: 0.4994377249280586,frac_lost: 0.105, li_recovered:  8.444, time: 0.007492443999581155
L: 23.12, u_super: 0.00289 — INFEASIBLE (li_recovered=0.000e+00), time: 0.0014780229994357796
   432 |    17280 |     40 |  0.0043106002 |             f
L: 0.50, u_super: 0.00833, sec: 477.446, prod: 0.188456, t_ads: 23.5, t_des: 21.3, bed_util_ads: 0.499, bed_util_des: 0.499, des_th: 0.49861177839249754,frac_lost: 0.108, li_recovered:  8.451, time: 0.0068421310006669955
L: 0.50, u_super: 0.00633, sec: 352.984, prod: 0.143168, t_ads: 30.7, t_des: 28.1, bed_util_ads: 0.498, bed_util_des: 0.498, des_th: 0.49791808693093015,frac_lost: 0.103, li_recovered:  8.424, time: 0.00594773000011628
L: 0.50, u_super: 0.00555, sec: 307.018, prod: 0.125467, t_ads: 34.9, t_des: 31.3, bed_util_ads: 0.500, bed_util_des: 0.500, des_th: 0.499754261562234,frac_lost: 0.101, li_recovered:  8.303, time: 0.00650547499935783
L: 14.59, u_super: 0.00855 — INFEASIBLE (li_recovered=0.000e+00), time: 0.0036593200002243975
L: 0.50, u_super: 0.00729, sec: 412.357, prod: 0.164709, t_ads: 26.9, t_des: 24.4, bed_util_ads: 0.498, bed_util_des: 0.498, des_th: 0.49778910731458137,frac_lost: 0.108, li_recovered:  8.444, time: 0.006551845001013135
L: 20.28, u_super: 0.00616 — INFEASIBLE (li_recovered=0.000e+00), time: 0.0025872160003928
L: 51.42, u_super: 0.00126 — INFEASIBLE (li_recovered=0.000e+00), time: 0.0011590330013859784
L: 0.50, u_super: 0.00625, sec: 348.019, prod: 0.141585, t_ads: 31.0, t_des: 28.0, bed_util_ads: 0.498, bed_util_des: 0.498, des_th: 0.4980431644737664,frac_lost: 0.100, li_recovered:  8.358, time: 0.005120445999637013
L: 0.50, u_super: 0.00243, sec: 139.865, prod: 0.050750, t_ads: 79.3, t_des: 88.8, bed_util_ads: 0.467, bed_util_des: 0.465, des_th: 0.4654815737276716,frac_lost: 0.103, li_recovered:  8.528, time: 0.007491936999940663
L: 0.50, u_super: 0.00081, sec: 45.280, prod: 0.016854, t_ads: 229.9, t_des: 200.3, bed_util_ads: 0.484, bed_util_des: 0.484, des_th: 0.48390727569246783,frac_lost: 0.102, li_recovered:  7.249, time: 0.005741585000578198
L: 0.50, u_super: 0.00702, sec: 394.383, prod: 0.159143, t_ads: 27.6, t_des: 24.9, bed_util_ads: 0.500, bed_util_des: 0.499, des_th: 0.49942132725883337,frac_lost: 0.100, li_recovered:  8.360, time: 0.006466015000114567
L: 0.50, u_super: 0.00594, sec: 329.923, prod: 0.134287, t_ads: 32.7, t_des: 29.6, bed_util_ads: 0.498, bed_util_des: 0.498, des_th: 0.4980431644737664,frac_lost: 0.103, li_recovered:  8.369, time: 0.005370013001083862
L: 26.64, u_super: 0.00049 — INFEASIBLE (li_recovered=0.000e+00), time: 0.001208867000968894
L: 0.50, u_super: 0.00801, sec: 456.807, prod: 0.181122, t_ads: 24.5, t_des: 22.1, bed_util_ads: 0.500, bed_util_des: 0.500, des_th: 0.4995456486534496,frac_lost: 0.108, li_recovered:  8.436, time: 0.007161042000007001
L: 0.50, u_super: 0.00028, sec: 35.119, prod: 0.002536, t_ads: 702.2, t_des: 2612.6, bed_util_ads: 0.279, bed_util_des: 0.234, des_th: 0.23372293548225048,frac_lost: 0.104, li_recovered:  8.406, time: 0.01298652100012987
L: 0.50, u_super: 0.00005 — INFEASIBLE (li_recovered=0.000e+00), time: 0.0013776830001006601
L: 0.50, u_super: 0.00076, sec: 43.601, prod: 0.015694, t_ads: 243.0, t_des: 205.2, bed_util_ads: 0.487, bed_util_des: 0.487, des_th: 0.48723133701579374,frac_lost: 0.105, li_recovered:  7.034, time: 0.004782595999131445
L: 0.50, u_super: 0.00988, sec: 574.819, prod: 0.224078, t_ads: 19.7, t_des: 18.2, bed_util_ads: 0.497, bed_util_des: 0.497, des_th: 0.49671331947624847,frac_lost: 0.103, li_recovered:  8.496, time: 0.005951462000666652
L: 22.14, u_super: 0.00249 — INFEASIBLE (li_recovered=0.000e+00), time: 0.0011152269999001874
L: 11.77, u_super: 0.00729 — INFEASIBLE (li_recovered=0.000e+00), time: 0.0021834249982930487
L: 0.50, u_super: 0.00400, sec: 217.763, prod: 0.089788, t_ads: 48.6, t_des: 43.4, bed_util_ads: 0.499, bed_util_des: 0.498, des_th: 0.4985075310762581,frac_lost: 0.105, li_recovered:  8.261, time: 0.006640506000621826
L: 0.50, u_super: 0.00655, sec: 366.475, prod: 0.148255, t_ads: 29.6, t_des: 26.4, bed_util_ads: 0.500, bed_util_des: 0.500, des_th: 0.4995539622738262,frac_lost: 0.100, li_recovered:  8.303, time: 0.006013059000906651
L: 19.13, u_super: 0.00990 — INFEASIBLE (li_recovered=0.000e+00), time: 0.0020359829995868495
L: 0.50, u_super: 0.00981, sec: 570.547, prod: 0.222546, t_ads: 19.9, t_des: 18.1, bed_util_ads: 0.498, bed_util_des: 0.498, des_th: 0.49801712970719103,frac_lost: 0.104, li_recovered:  8.462, time: 0.006843433999165427
L: 23.95, u_super: 0.00009 — INFEASIBLE (li_recovered=0.000e+00), time: 0.0010264820011798292
L: 0.50, u_super: 0.00580, sec: 321.909, prod: 0.131146, t_ads: 33.4, t_des: 30.0, bed_util_ads: 0.500, bed_util_des: 0.500, des_th: 0.499995767940369,frac_lost: 0.102, li_recovered:  8.317, time: 0.004707998999947449
L: 0.50, u_super: 0.00033, sec: 21.094, prod: 0.006054, t_ads: 512.5, t_des: 457.0, bed_util_ads: 0.453, bed_util_des: 0.452, des_th: 0.4527329377175302,frac_lost: 0.103, li_recovered:  5.869, time: 0.004683225000917446
L: 0.50, u_super: 0.00208, sec: 111.928, prod: 0.046163, t_ads: 92.7, t_des: 84.9, bed_util_ads: 0.492, bed_util_des: 0.491, des_th: 0.4911317334146545,frac_lost: 0.107, li_recovered:  8.199, time: 0.004759999999805586
L: 0.50, u_super: 0.00699, sec: 394.249, prod: 0.157930, t_ads: 28.0, t_des: 25.1, bed_util_ads: 0.500, bed_util_des: 0.500, des_th: 0.4999149095065163,frac_lost: 0.108, li_recovered:  8.378, time: 0.004539002000456094
L: 0.50, u_super: 0.00225, sec: 121.958, prod: 0.049653, t_ads: 85.8, t_des: 74.5, bed_util_ads: 0.499, bed_util_des: 0.499, des_th: 0.4989774377818989,frac_lost: 0.107, li_recovered:  7.957, time: 0.00435230400034925
L: 0.50, u_super: 0.00137, sec: 79.101, prod: 0.028142, t_ads: 139.4, t_des: 157.3, bed_util_ads: 0.461, bed_util_des: 0.459, des_th: 0.45886413388765257,frac_lost: 0.105, li_recovered:  8.352, time: 0.0052225700001145015
L: 0.50, u_super: 0.00289, sec: 155.802, prod: 0.064786, t_ads: 66.7, t_des: 61.5, bed_util_ads: 0.494, bed_util_des: 0.493, des_th: 0.4933508501076238,frac_lost: 0.103, li_recovered:  8.302, time: 0.004836771000555018
L: 0.50, u_super: 0.00876, sec: 503.457, prod: 0.198519, t_ads: 22.3, t_des: 20.3, bed_util_ads: 0.499, bed_util_des: 0.499, des_th: 0.4989703441360762,frac_lost: 0.105, li_recovered:  8.445, time: 0.004681509999500122
L: 24.68, u_super: 0.00592 — INFEASIBLE (li_recovered=0.000e+00), time: 0.0026407080003991723
L: 0.50, u_super: 0.00418, sec: 1902.291, prod: 0.011238, t_ads: 46.9, t_des: 734.6, bed_util_ads: 0.191, bed_util_des: 0.185, des_th: 0.1851294102659486,frac_lost: 0.103, li_recovered:  8.783, time: 0.03632458900028723
L: 0.50, u_super: 0.00855, sec: 490.303, prod: 0.193491, t_ads: 22.9, t_des: 20.8, bed_util_ads: 0.500, bed_util_des: 0.499, des_th: 0.49942132725883337,frac_lost: 0.106, li_recovered:  8.448, time: 0.007289343000593362
L: 0.50, u_super: 0.00162, sec: 87.341, prod: 0.035616, t_ads: 117.8, t_des: 105.9, bed_util_ads: 0.491, bed_util_des: 0.491, des_th: 0.49072265909773544,frac_lost: 0.103, li_recovered:  7.968, time: 0.006960222999623511
L: 0.50, u_super: 0.00662, sec: 371.819, prod: 0.149378, t_ads: 29.6, t_des: 27.1, bed_util_ads: 0.497, bed_util_des: 0.497, des_th: 0.4966216020624824,frac_lost: 0.108, li_recovered:  8.473, time: 0.0051232409987278515
L: 0.50, u_super: 0.00197, sec: 105.787, prod: 0.043536, t_ads: 98.0, t_des: 89.4, bed_util_ads: 0.491, bed_util_des: 0.491, des_th: 0.4908167991109571,frac_lost: 0.107, li_recovered:  8.158, time: 0.005710486000680248
L: 0.50, u_super: 0.00329, sec: 179.454, prod: 0.072987, t_ads: 59.1, t_des: 57.3, bed_util_ads: 0.487, bed_util_des: 0.487, des_th: 0.4866530776343423,frac_lost: 0.107, li_recovered:  8.500, time: 0.006904993000716786
   433 |    17320 |     40 |  0.0022361600 |             f
L: 0.50, u_super: 0.00377, sec: 204.838, prod: 0.084586, t_ads: 51.5, t_des: 46.2, bed_util_ads: 0.498, bed_util_des: 0.498, des_th: 0.49781920520295453,frac_lost: 0.105, li_recovered:  8.270, time: 0.0073803350005618995
L: 0.50, u_super: 0.00005 — INFEASIBLE (li_recovered=0.000e+00), time: 0.001653495000937255
L: 0.50, u_super: 0.00832, sec: 476.174, prod: 0.188466, t_ads: 23.5, t_des: 21.3, bed_util_ads: 0.499, bed_util_des: 0.498, des_th: 0.4985075310762581,frac_lost: 0.106, li_recovered:  8.445, time: 0.0064416209988849005
L: 1.37, u_super: 0.00834, sec: 1325.868, prod: 0.186073, t_ads: 63.3, t_des: 55.6, bed_util_ads: 0.500, bed_util_des: 0.499, des_th: 0.49942132725883337,frac_lost: 0.101, li_recovered:  22.127, time: 0.006144515999039868
L: 0.50, u_super: 0.00662, sec: 370.336, prod: 0.149976, t_ads: 29.3, t_des: 26.5, bed_util_ads: 0.498, bed_util_des: 0.498, des_th: 0.49808430954433025,frac_lost: 0.101, li_recovered:  8.369, time: 0.006570370000190451
L: 0.50, u_super: 0.00277, sec: 149.018, prod: 0.061974, t_ads: 69.6, t_des: 64.1, bed_util_ads: 0.494, bed_util_des: 0.493, des_th: 0.4933508501076238,frac_lost: 0.103, li_recovered:  8.284, time: 0.006715470999552053
L: 0.50, u_super: 0.00038 — INFEASIBLE (li_recovered=0.000e+00), time: 0.0031734949989186134
L: 0.50, u_super: 0.00652, sec: 365.486, prod: 0.147297, t_ads: 29.7, t_des: 28.2, bed_util_ads: 0.493, bed_util_des: 0.493, des_th: 0.4929213403097279,frac_lost: 0.101, li_recovered:  8.535, time: 0.006359127999530756
L: 0.50, u_super: 0.00866, sec: 498.231, prod: 0.195918, t_ads: 22.6, t_des: 21.0, bed_util_ads: 0.496, bed_util_des: 0.496, des_th: 0.4958753921181669,frac_lost: 0.106, li_recovered:  8.529, time: 0.006446264000260271
L: 0.50, u_super: 0.00758, sec: 430.189, prod: 0.171231, t_ads: 25.8, t_des: 23.7, bed_util_ads: 0.498, bed_util_des: 0.498, des_th: 0.4976912765821605,frac_lost: 0.107, li_recovered:  8.488, time: 0.007671118000871502
L: 0.50, u_super: 0.00729, sec: 424.851, prod: 0.159712, t_ads: 26.8, t_des: 27.5, bed_util_ads: 0.484, bed_util_des: 0.483, des_th: 0.4834948843877926,frac_lost: 0.106, li_recovered:  8.675, time: 0.008542876999854343
L: 0.50, u_super: 0.00081, sec: 44.985, prod: 0.016919, t_ads: 230.3, t_des: 203.3, bed_util_ads: 0.484, bed_util_des: 0.484, des_th: 0.48390727569246783,frac_lost: 0.102, li_recovered:  7.336, time: 0.006739712998751202
L: 0.50, u_super: 0.00411, sec: 224.344, prod: 0.092480, t_ads: 47.2, t_des: 42.2, bed_util_ads: 0.499, bed_util_des: 0.499, des_th: 0.49889430083959113,frac_lost: 0.104, li_recovered:  8.268, time: 0.007919310999568552
L: 6.93, u_super: 0.00517 — INFEASIBLE (li_recovered=0.000e+00), time: 0.005208693999520619
L: 0.50, u_super: 0.00690, sec: 388.762, prod: 0.155937, t_ads: 28.3, t_des: 25.4, bed_util_ads: 0.500, bed_util_des: 0.500, des_th: 0.4996185845543185,frac_lost: 0.107, li_recovered:  8.387, time: 0.009306408001066302
L: 0.50, u_super: 0.00925, sec: 535.611, prod: 0.209533, t_ads: 21.2, t_des: 19.1, bed_util_ads: 0.499, bed_util_des: 0.499, des_th: 0.4990833174408092,frac_lost: 0.107, li_recovered:  8.445, time: 0.006502333999378607
L: 0.50, u_super: 0.00803, sec: 457.691, prod: 0.181567, t_ads: 24.4, t_des: 21.8, bed_util_ads: 0.500, bed_util_des: 0.500, des_th: 0.499995767940369,frac_lost: 0.106, li_recovered:  8.384, time: 0.006693335999443661
L: 0.50, u_super: 0.00376, sec: 219.848, prod: 0.078564, t_ads: 51.5, t_des: 58.1, bed_util_ads: 0.469, bed_util_des: 0.468, des_th: 0.4683638620162563,frac_lost: 0.103, li_recovered:  8.616, time: 0.008705758998985402
L: 0.50, u_super: 0.00005, sec: 4.324, prod: 0.000670, t_ads: 3442.0, t_des: 5873.1, bed_util_ads: 0.253, bed_util_des: 0.185, des_th: 0.1851696623157332,frac_lost: 0.103, li_recovered:  6.237, time: 0.006150019000415341
L: 0.50, u_super: 0.00519, sec: 285.859, prod: 0.117014, t_ads: 37.4, t_des: 33.5, bed_util_ads: 0.500, bed_util_des: 0.500, des_th: 0.4999790958606694,frac_lost: 0.103, li_recovered:  8.299, time: 0.006766680999135133
L: 0.50, u_super: 0.00699, sec: 393.702, prod: 0.158023, t_ads: 28.0, t_des: 25.4, bed_util_ads: 0.498, bed_util_des: 0.498, des_th: 0.49802086245538835,frac_lost: 0.106, li_recovered:  8.435, time: 0.005544457999349106
L: 0.50, u_super: 0.00473, sec: 259.720, prod: 0.106466, t_ads: 41.1, t_des: 36.7, bed_util_ads: 0.500, bed_util_des: 0.500, des_th: 0.49964872715992775,frac_lost: 0.105, li_recovered:  8.280, time: 0.006176407001476036
L: 0.50, u_super: 0.00517, sec: 284.781, prod: 0.116673, t_ads: 37.5, t_des: 33.6, bed_util_ads: 0.500, bed_util_des: 0.500, des_th: 0.499768407464712,frac_lost: 0.102, li_recovered:  8.296, time: 0.004276662000847864
L: 23.61, u_super: 0.00990 — INFEASIBLE (li_recovered=0.000e+00), time: 0.002143531999536208
L: 0.50, u_super: 0.00801, sec: 498.183, prod: 0.165915, t_ads: 24.4, t_des: 28.1, bed_util_ads: 0.469, bed_util_des: 0.469, des_th: 0.4687036307376973,frac_lost: 0.105, li_recovered:  8.704, time: 0.006953776999580441
L: 0.50, u_super: 0.00432, sec: 236.428, prod: 0.097148, t_ads: 45.0, t_des: 40.2, bed_util_ads: 0.500, bed_util_des: 0.499, des_th: 0.4995240548423725,frac_lost: 0.106, li_recovered:  8.279, time: 0.004664096000851714
L: 0.50, u_super: 0.00158, sec: 85.063, prod: 0.034820, t_ads: 120.8, t_des: 112.6, bed_util_ads: 0.487, bed_util_des: 0.487, des_th: 0.48674770458673516,frac_lost: 0.104, li_recovered:  8.127, time: 0.0053145379988563946
L: 0.50, u_super: 0.00362, sec: 198.153, prod: 0.080349, t_ads: 53.9, t_des: 52.2, bed_util_ads: 0.487, bed_util_des: 0.487, des_th: 0.48683132992435624,frac_lost: 0.107, li_recovered:  8.522, time: 0.004865359000177705
L: 45.74, u_super: 0.00662 — INFEASIBLE (li_recovered=0.000e+00), time: 0.0011270920003880747
L: 0.50, u_super: 0.00578, sec: 320.447, prod: 0.130649, t_ads: 33.6, t_des: 30.1, bed_util_ads: 0.500, bed_util_des: 0.500, des_th: 0.49987180141683624,frac_lost: 0.101, li_recovered:  8.313, time: 0.006719203000102425
L: 0.50, u_super: 0.00769, sec: 437.224, prod: 0.173921, t_ads: 25.5, t_des: 23.1, bed_util_ads: 0.499, bed_util_des: 0.499, des_th: 0.4990269520926872,frac_lost: 0.108, li_recovered:  8.441, time: 0.006223712000064552
L: 0.50, u_super: 0.00916, sec: 529.747, prod: 0.207529, t_ads: 21.4, t_des: 19.4, bed_util_ads: 0.500, bed_util_des: 0.499, des_th: 0.4994377249280586,frac_lost: 0.107, li_recovered:  8.452, time: 0.005791293000584119
L: 0.50, u_super: 0.00452, sec: 247.589, prod: 0.101840, t_ads: 43.0, t_des: 39.3, bed_util_ads: 0.497, bed_util_des: 0.497, des_th: 0.4968878702963437,frac_lost: 0.106, li_recovered:  8.385, time: 0.006048283001291566
L: 0.50, u_super: 0.00215, sec: 115.590, prod: 0.047518, t_ads: 90.0, t_des: 85.1, bed_util_ads: 0.488, bed_util_des: 0.487, des_th: 0.4873082504021303,frac_lost: 0.107, li_recovered:  8.320, time: 0.005399330999352969
L: 0.50, u_super: 0.00610, sec: 339.468, prod: 0.138030, t_ads: 31.8, t_des: 28.8, bed_util_ads: 0.499, bed_util_des: 0.498, des_th: 0.4985075310762581,frac_lost: 0.102, li_recovered:  8.363, time: 0.0059064070010208525
L: 11.21, u_super: 0.00044 — INFEASIBLE (li_recovered=0.000e+00), time: 0.0010665550016710768
L: 0.50, u_super: 0.00887, sec: 510.912, prod: 0.200799, t_ads: 22.0, t_des: 20.3, bed_util_ads: 0.497, bed_util_des: 0.497, des_th: 0.4966559443943939,frac_lost: 0.106, li_recovered:  8.495, time: 0.008081855999989784
L: 0.50, u_super: 0.00704, sec: 397.312, prod: 0.158971, t_ads: 27.8, t_des: 24.9, bed_util_ads: 0.500, bed_util_des: 0.499, des_th: 0.4995020663566936,frac_lost: 0.108, li_recovered:  8.388, time: 0.004685882999183377
L: 0.50, u_super: 0.00843, sec: 483.032, prod: 0.190803, t_ads: 23.2, t_des: 21.1, bed_util_ads: 0.499, bed_util_des: 0.499, des_th: 0.4989383344568199,frac_lost: 0.107, li_recovered:  8.449, time: 0.005755486999987625
L: 0.50, u_super: 0.00933, sec: 540.157, prod: 0.211210, t_ads: 21.0, t_des: 19.0, bed_util_ads: 0.500, bed_util_des: 0.500, des_th: 0.49957450425357147,frac_lost: 0.107, li_recovered:  8.445, time: 0.00599632999910682
   434 |    17360 |     40 |  0.0040056096 |             f
L: 0.50, u_super: 0.00013, sec: 15.437, prod: 0.001304, t_ads: 1488.6, t_des: 4896.9, bed_util_ads: 0.257, bed_util_des: 0.185, des_th: 0.1851696623157332,frac_lost: 0.104, li_recovered:  8.325, time: 0.009536151001157123
L: 76.39, u_super: 0.00953 — INFEASIBLE (li_recovered=0.000e+00), time: 0.0019260540011600824
L: 0.50, u_super: 0.00334, sec: 181.268, prod: 0.074768, t_ads: 58.3, t_des: 53.9, bed_util_ads: 0.494, bed_util_des: 0.493, des_th: 0.4933508501076238,frac_lost: 0.109, li_recovered:  8.388, time: 0.005696819000149844
L: 0.50, u_super: 0.00862, sec: 542.123, prod: 0.178133, t_ads: 22.6, t_des: 26.2, bed_util_ads: 0.468, bed_util_des: 0.468, des_th: 0.4675379088366331,frac_lost: 0.104, li_recovered:  8.707, time: 0.0074938670004485175
L: 0.50, u_super: 0.00548, sec: 302.876, prod: 0.123946, t_ads: 35.4, t_des: 32.7, bed_util_ads: 0.496, bed_util_des: 0.496, des_th: 0.4957931829266806,frac_lost: 0.102, li_recovered:  8.439, time: 0.004986993000784423
L: 0.50, u_super: 0.00211, sec: 114.534, prod: 0.046275, t_ads: 91.7, t_des: 78.9, bed_util_ads: 0.500, bed_util_des: 0.499, des_th: 0.4993085787117138,frac_lost: 0.108, li_recovered:  7.893, time: 0.007765633999952115
L: 0.50, u_super: 0.00080, sec: 44.272, prod: 0.017105, t_ads: 231.2, t_des: 219.1, bed_util_ads: 0.474, bed_util_des: 0.473, des_th: 0.47274455288693407,frac_lost: 0.101, li_recovered:  7.702, time: 0.004682741000578972
L: 1.92, u_super: 0.00126 — INFEASIBLE (li_recovered=0.000e+00), time: 0.004340826999396086
L: 0.50, u_super: 0.00422, sec: 233.072, prod: 0.093908, t_ads: 46.1, t_des: 45.0, bed_util_ads: 0.487, bed_util_des: 0.487, des_th: 0.4866530776343423,frac_lost: 0.106, li_recovered:  8.557, time: 0.006468072000643588
L: 0.50, u_super: 0.00228, sec: 123.255, prod: 0.050566, t_ads: 84.3, t_des: 81.5, bed_util_ads: 0.486, bed_util_des: 0.485, des_th: 0.4851908815794734,frac_lost: 0.103, li_recovered:  8.383, time: 0.006450500000937609
L: 0.50, u_super: 0.00652, sec: 365.625, prod: 0.147241, t_ads: 29.8, t_des: 28.2, bed_util_ads: 0.493, bed_util_des: 0.493, des_th: 0.492926962752938,frac_lost: 0.102, li_recovered:  8.536, time: 0.006976781000048504
L: 29.97, u_super: 0.00729 — INFEASIBLE (li_recovered=0.000e+00), time: 0.0017222760016011307
L: 0.50, u_super: 0.00612, sec: 340.603, prod: 0.138358, t_ads: 31.7, t_des: 29.7, bed_util_ads: 0.494, bed_util_des: 0.493, des_th: 0.4933508501076238,frac_lost: 0.101, li_recovered:  8.493, time: 0.0069960259988874895
L: 37.83, u_super: 0.00307 — INFEASIBLE (li_recovered=0.000e+00), time: 0.0009633259996917332
L: 0.50, u_super: 0.00225, sec: 122.309, prod: 0.049407, t_ads: 85.8, t_des: 73.5, bed_util_ads: 0.500, bed_util_des: 0.500, des_th: 0.4997768360521961,frac_lost: 0.106, li_recovered:  7.872, time: 0.005823236000651377
L: 0.50, u_super: 0.00784, sec: 456.257, prod: 0.173199, t_ads: 25.0, t_des: 25.0, bed_util_ads: 0.486, bed_util_des: 0.486, des_th: 0.4859052835145351,frac_lost: 0.108, li_recovered:  8.668, time: 0.006050854000932304
L: 0.50, u_super: 0.00024 — INFEASIBLE (li_recovered=0.000e+00), time: 0.002384026000072481
L: 0.50, u_super: 0.00092 — INFEASIBLE (li_recovered=0.000e+00), time: 0.0037508780005737208
L: 1.54, u_super: 0.00770, sec: 1377.623, prod: 0.170868, t_ads: 77.3, t_des: 67.9, bed_util_ads: 0.498, bed_util_des: 0.498, des_th: 0.49787051482069666,frac_lost: 0.104, li_recovered:  24.814, time: 0.0058665260003181174
L: 0.50, u_super: 0.00695, sec: 391.846, prod: 0.156821, t_ads: 28.2, t_des: 25.3, bed_util_ads: 0.500, bed_util_des: 0.499, des_th: 0.4994394539537709,frac_lost: 0.109, li_recovered:  8.394, time: 0.008147437998559326
L: 67.52, u_super: 0.00052 — INFEASIBLE (li_recovered=0.000e+00), time: 0.001149923999037128
L: 0.50, u_super: 0.00483, sec: 265.926, prod: 0.108742, t_ads: 40.3, t_des: 35.9, bed_util_ads: 0.500, bed_util_des: 0.500, des_th: 0.4999286474613425,frac_lost: 0.107, li_recovered:  8.289, time: 0.007561795999208698
L: 0.50, u_super: 0.00140, sec: 77.869, prod: 0.029670, t_ads: 136.8, t_des: 143.7, bed_util_ads: 0.470, bed_util_des: 0.468, des_th: 0.46798234263170435,frac_lost: 0.105, li_recovered:  8.324, time: 0.007737014999293024
L: 0.50, u_super: 0.00791, sec: 449.019, prod: 0.179404, t_ads: 24.6, t_des: 22.5, bed_util_ads: 0.497, bed_util_des: 0.497, des_th: 0.4967160682937876,frac_lost: 0.101, li_recovered:  8.445, time: 0.0072425559992552735
L: 0.50, u_super: 0.00033, sec: 21.228, prod: 0.006090, t_ads: 508.7, t_des: 453.4, bed_util_ads: 0.453, bed_util_des: 0.452, des_th: 0.4527329377175302,frac_lost: 0.102, li_recovered:  5.859, time: 0.004832485999941127
L: 0.50, u_super: 0.00542, sec: 299.243, prod: 0.122400, t_ads: 35.9, t_des: 32.5, bed_util_ads: 0.499, bed_util_des: 0.498, des_th: 0.4985075310762581,frac_lost: 0.103, li_recovered:  8.365, time: 0.007367796999460552
L: 0.50, u_super: 0.00234, sec: 126.602, prod: 0.051515, t_ads: 82.8, t_des: 71.8, bed_util_ads: 0.499, bed_util_des: 0.499, des_th: 0.49889430083959113,frac_lost: 0.107, li_recovered:  7.965, time: 0.005999467999572516
L: 3.83, u_super: 0.00979, sec: 4606.346, prod: 0.210236, t_ads: 148.7, t_des: 128.1, bed_util_ads: 0.494, bed_util_des: 0.493, des_th: 0.4933508501076238,frac_lost: 0.104, li_recovered:  58.197, time: 0.008202103001167416
L: 0.50, u_super: 0.00905, sec: 522.230, prod: 0.204960, t_ads: 21.6, t_des: 19.6, bed_util_ads: 0.500, bed_util_des: 0.500, des_th: 0.49956651314403333,frac_lost: 0.106, li_recovered:  8.454, time: 0.008868855999025982
L: 0.50, u_super: 0.00165, sec: 90.408, prod: 0.035789, t_ads: 115.7, t_des: 117.6, bed_util_ads: 0.476, bed_util_des: 0.475, des_th: 0.4746779916079163,frac_lost: 0.102, li_recovered:  8.352, time: 0.007367279000391136
L: 0.50, u_super: 0.00483, sec: 299.792, prod: 0.096458, t_ads: 40.1, t_des: 49.6, bed_util_ads: 0.459, bed_util_des: 0.458, des_th: 0.45802653839171076,frac_lost: 0.101, li_recovered:  8.656, time: 0.010948016999464016
L: 0.50, u_super: 0.00275, sec: 170.281, prod: 0.053568, t_ads: 70.7, t_des: 89.5, bed_util_ads: 0.452, bed_util_des: 0.451, des_th: 0.4507513877991261,frac_lost: 0.108, li_recovered:  8.583, time: 0.009390085000632098
L: 3.51, u_super: 0.00832, sec: 3614.153, prod: 0.174406, t_ads: 159.9, t_des: 131.0, bed_util_ads: 0.499, bed_util_des: 0.498, des_th: 0.4985075310762581,frac_lost: 0.105, li_recovered:  50.725, time: 0.0071177530007844325
L: 0.50, u_super: 0.00567, sec: 314.006, prod: 0.128012, t_ads: 34.2, t_des: 30.6, bed_util_ads: 0.500, bed_util_des: 0.500, des_th: 0.49978480012893667,frac_lost: 0.102, li_recovered:  8.306, time: 0.008730221999940113
L: 0.50, u_super: 0.00094 — INFEASIBLE (li_recovered=0.000e+00), time: 0.005902352999328286
L: 30.48, u_super: 0.00329 — INFEASIBLE (li_recovered=0.000e+00), time: 0.001978649999728077
L: 0.50, u_super: 0.00551, sec: 445.103, prod: 0.085155, t_ads: 35.5, t_des: 66.7, bed_util_ads: 0.407, bed_util_des: 0.405, des_th: 0.40542616455832287,frac_lost: 0.105, li_recovered:  8.702, time: 0.012022550001347554
L: 0.50, u_super: 0.00951, sec: 564.155, prod: 0.210871, t_ads: 20.5, t_des: 20.6, bed_util_ads: 0.487, bed_util_des: 0.487, des_th: 0.4865667235397932,frac_lost: 0.104, li_recovered:  8.679, time: 0.009874207000393653
L: 0.50, u_super: 0.00983, sec: 572.462, prod: 0.223004, t_ads: 19.9, t_des: 18.1, bed_util_ads: 0.500, bed_util_des: 0.500, des_th: 0.4996437047617431,frac_lost: 0.105, li_recovered:  8.460, time: 0.009017892998599564
L: 48.73, u_super: 0.00518 — INFEASIBLE (li_recovered=0.000e+00), time: 0.0020901230000163196
   435 |    17400 |     40 |  0.0021818888 |             f
L: 0.50, u_super: 0.00222, sec: 120.818, prod: 0.048860, t_ads: 86.8, t_des: 74.6, bed_util_ads: 0.500, bed_util_des: 0.499, des_th: 0.49936879229896247,frac_lost: 0.107, li_recovered:  7.889, time: 0.007739872000456671
L: 0.50, u_super: 0.00785, sec: 446.969, prod: 0.177266, t_ads: 25.0, t_des: 22.4, bed_util_ads: 0.500, bed_util_des: 0.499, des_th: 0.4993886646916265,frac_lost: 0.109, li_recovered:  8.407, time: 0.007875469998907647
L: 2.26, u_super: 0.00102 — INFEASIBLE (li_recovered=0.000e+00), time: 0.004174852998403367
L: 2.10, u_super: 0.00832, sec: 2058.381, prod: 0.182787, t_ads: 96.2, t_des: 83.3, bed_util_ads: 0.499, bed_util_des: 0.498, des_th: 0.4985075310762581,frac_lost: 0.101, li_recovered:  32.826, time: 0.008488447001582244
L: 2.92, u_super: 0.00483 — INFEASIBLE (li_recovered=0.000e+00), time: 0.00538421599958383
L: 0.50, u_super: 0.00959, sec: 567.275, prod: 0.213226, t_ads: 20.4, t_des: 20.3, bed_util_ads: 0.487, bed_util_des: 0.487, des_th: 0.4869275160099564,frac_lost: 0.104, li_recovered:  8.671, time: 0.011028943999917828
L: 0.50, u_super: 0.00447, sec: 244.386, prod: 0.100682, t_ads: 43.5, t_des: 39.7, bed_util_ads: 0.497, bed_util_des: 0.497, des_th: 0.4968878702963437,frac_lost: 0.105, li_recovered:  8.377, time: 0.007959206999657908
L: 0.50, u_super: 0.00610, sec: 345.962, prod: 0.135475, t_ads: 32.1, t_des: 31.6, bed_util_ads: 0.488, bed_util_des: 0.487, des_th: 0.4874116892780527,frac_lost: 0.108, li_recovered:  8.627, time: 0.009267505000025267
L: 0.50, u_super: 0.00758, sec: 432.143, prod: 0.170456, t_ads: 25.8, t_des: 24.5, bed_util_ads: 0.493, bed_util_des: 0.493, des_th: 0.4929466806990972,frac_lost: 0.107, li_recovered:  8.581, time: 0.010116293000464793
L: 0.50, u_super: 0.00318, sec: 172.393, prod: 0.070781, t_ads: 61.3, t_des: 53.8, bed_util_ads: 0.500, bed_util_des: 0.500, des_th: 0.49973263483528274,frac_lost: 0.108, li_recovered:  8.148, time: 0.008774097999776131
L: 0.50, u_super: 0.00196, sec: 106.489, prod: 0.042756, t_ads: 97.5, t_des: 83.4, bed_util_ads: 0.500, bed_util_des: 0.500, des_th: 0.4997850751242263,frac_lost: 0.100, li_recovered:  7.737, time: 0.00760014399929787
L: 0.50, u_super: 0.00070, sec: 198.468, prod: 0.002905, t_ads: 281.4, t_des: 2746.7, bed_util_ads: 0.215, bed_util_des: 0.185, des_th: 0.1851696623157332,frac_lost: 0.103, li_recovered:  8.797, time: 0.04110933899937663
L: 0.50, u_super: 0.00652, sec: 366.812, prod: 0.146764, t_ads: 30.0, t_des: 28.2, bed_util_ads: 0.494, bed_util_des: 0.493, des_th: 0.49332869270680674,frac_lost: 0.107, li_recovered:  8.547, time: 0.006500819999928353
L: 0.50, u_super: 0.00425, sec: 234.457, prod: 0.094420, t_ads: 45.8, t_des: 44.9, bed_util_ads: 0.487, bed_util_des: 0.487, des_th: 0.48680561713162873,frac_lost: 0.105, li_recovered:  8.561, time: 0.008601827999882516
L: 0.50, u_super: 0.00758, sec: 452.130, prod: 0.162921, t_ads: 25.8, t_des: 27.5, bed_util_ads: 0.479, bed_util_des: 0.478, des_th: 0.47814444072504775,frac_lost: 0.107, li_recovered:  8.694, time: 0.006743889000063064
L: 0.50, u_super: 0.00432, sec: 237.917, prod: 0.096509, t_ads: 44.9, t_des: 43.6, bed_util_ads: 0.488, bed_util_des: 0.488, des_th: 0.4880270438407689,frac_lost: 0.104, li_recovered:  8.541, time: 0.008447223000985105
L: 0.50, u_super: 0.00164, sec: 88.146, prod: 0.035918, t_ads: 117.0, t_des: 104.8, bed_util_ads: 0.492, bed_util_des: 0.491, des_th: 0.4912459246517763,frac_lost: 0.104, li_recovered:  7.967, time: 0.00860734999878332
L: 0.51, u_super: 0.00165, sec: 91.552, prod: 0.036303, t_ads: 118.6, t_des: 114.6, bed_util_ads: 0.483, bed_util_des: 0.482, des_th: 0.4818177704194571,frac_lost: 0.102, li_recovered:  8.466, time: 0.007280288000401924
L: 0.50, u_super: 0.00422, sec: 278.680, prod: 0.078539, t_ads: 46.3, t_des: 63.9, bed_util_ads: 0.444, bed_util_des: 0.443, des_th: 0.44301388382151363,frac_lost: 0.108, li_recovered:  8.659, time: 0.009336421000625705
L: 23.62, u_super: 0.00048 — INFEASIBLE (li_recovered=0.000e+00), time: 0.0012239400002727052
L: 100.26, u_super: 0.00517 — INFEASIBLE (li_recovered=0.000e+00), time: 0.0011987720008619362
L: 0.50, u_super: 0.00990, sec: 577.029, prod: 0.224415, t_ads: 19.7, t_des: 17.7, bed_util_ads: 0.500, bed_util_des: 0.500, des_th: 0.4999684448134787,frac_lost: 0.105, li_recovered:  8.405, time: 0.00547795300008147
L: 0.50, u_super: 0.00120 — INFEASIBLE (li_recovered=0.000e+00), time: 0.0027665489997161785
L: 0.50, u_super: 0.00740, sec: 417.658, prod: 0.167874, t_ads: 26.2, t_des: 24.0, bed_util_ads: 0.498, bed_util_des: 0.498, des_th: 0.49802086245538835,frac_lost: 0.101, li_recovered:  8.429, time: 0.005608684999970137
L: 0.50, u_super: 0.00177, sec: 95.398, prod: 0.039157, t_ads: 107.6, t_des: 96.8, bed_util_ads: 0.493, bed_util_des: 0.492, des_th: 0.4925922384618812,frac_lost: 0.101, li_recovered:  8.000, time: 0.0059450130011100555
L: 0.50, u_super: 0.00663, sec: 485.471, prod: 0.114847, t_ads: 29.5, t_des: 46.3, bed_util_ads: 0.430, bed_util_des: 0.429, des_th: 0.4288517581272273,frac_lost: 0.106, li_recovered:  8.707, time: 0.006412431999706314
L: 17.40, u_super: 0.00605 — INFEASIBLE (li_recovered=0.000e+00), time: 0.0027970969986199634
L: 0.50, u_super: 0.00523, sec: 289.943, prod: 0.117455, t_ads: 37.1, t_des: 35.7, bed_util_ads: 0.491, bed_util_des: 0.490, des_th: 0.49032963714564193,frac_lost: 0.102, li_recovered:  8.549, time: 0.00501430700023775
L: 0.50, u_super: 0.00414, sec: 228.577, prod: 0.092077, t_ads: 47.0, t_des: 46.0, bed_util_ads: 0.487, bed_util_des: 0.487, des_th: 0.4866530776343423,frac_lost: 0.106, li_recovered:  8.557, time: 0.006311734001428704
L: 0.50, u_super: 0.00232, sec: 125.232, prod: 0.051593, t_ads: 83.0, t_des: 73.9, bed_util_ads: 0.496, bed_util_des: 0.495, des_th: 0.49547810474532294,frac_lost: 0.105, li_recovered:  8.096, time: 0.004752868999275961
L: 7.43, u_super: 0.00885 — INFEASIBLE (li_recovered=0.000e+00), time: 0.002464526998664951
L: 0.50, u_super: 0.00832, sec: 476.415, prod: 0.188371, t_ads: 23.5, t_des: 21.3, bed_util_ads: 0.499, bed_util_des: 0.499, des_th: 0.49851132343366,frac_lost: 0.107, li_recovered:  8.445, time: 0.005264965999231208
L: 68.98, u_super: 0.00990 — INFEASIBLE (li_recovered=0.000e+00), time: 0.0010165750009036856
L: 0.50, u_super: 0.00128, sec: 69.104, prod: 0.027821, t_ads: 148.5, t_des: 134.6, bed_util_ads: 0.489, bed_util_des: 0.488, des_th: 0.48809274246554707,frac_lost: 0.103, li_recovered:  7.878, time: 0.004379939000500599
L: 0.50, u_super: 0.00290, sec: 157.453, prod: 0.064429, t_ads: 66.4, t_des: 57.7, bed_util_ads: 0.500, bed_util_des: 0.500, des_th: 0.4999123784593426,frac_lost: 0.102, li_recovered:  7.996, time: 0.005364607000956312
L: 0.50, u_super: 0.00338, sec: 1376.176, prod: 0.010089, t_ads: 58.1, t_des: 812.6, bed_util_ads: 0.199, bed_util_des: 0.192, des_th: 0.19186770192360458,frac_lost: 0.104, li_recovered:  8.784, time: 0.03342048100057582
L: 0.50, u_super: 0.00990, sec: 576.698, prod: 0.224479, t_ads: 19.7, t_des: 18.1, bed_util_ads: 0.498, bed_util_des: 0.498, des_th: 0.4980223842188026,frac_lost: 0.104, li_recovered:  8.495, time: 0.007398830000965972
L: 0.50, u_super: 0.00908, sec: 526.667, prod: 0.204565, t_ads: 21.6, t_des: 20.4, bed_util_ads: 0.494, bed_util_des: 0.493, des_th: 0.49340515830078335,frac_lost: 0.106, li_recovered:  8.591, time: 0.005136509000294609
L: 0.50, u_super: 0.00005 — INFEASIBLE (li_recovered=0.000e+00), time: 0.0014082189991313498
L: 0.50, u_super: 0.00728, sec: 412.075, prod: 0.164459, t_ads: 26.9, t_des: 24.4, bed_util_ads: 0.500, bed_util_des: 0.499, des_th: 0.4994198040710717,frac_lost: 0.109, li_recovered:  8.435, time: 0.006065541001589736
   436 |    17440 |     40 |  0.0025569712 |             f
L: 0.50, u_super: 0.00377, sec: 204.644, prod: 0.084666, t_ads: 51.2, t_des: 45.6, bed_util_ads: 0.499, bed_util_des: 0.498, des_th: 0.49835077519964527,frac_lost: 0.100, li_recovered:  8.192, time: 0.00636052799927711
L: 0.50, u_super: 0.00709, sec: 399.746, prod: 0.160057, t_ads: 27.6, t_des: 24.8, bed_util_ads: 0.500, bed_util_des: 0.500, des_th: 0.4999869596173928,frac_lost: 0.107, li_recovered:  8.381, time: 0.004586222999932943
L: 0.50, u_super: 0.00277, sec: 149.018, prod: 0.061974, t_ads: 69.6, t_des: 64.1, bed_util_ads: 0.494, bed_util_des: 0.493, des_th: 0.4933508501076238,frac_lost: 0.103, li_recovered:  8.284, time: 0.006421158999728505
L: 0.50, u_super: 0.00010 — INFEASIBLE (li_recovered=0.000e+00), time: 0.0021160199994483264
L: 0.50, u_super: 0.00567, sec: 314.146, prod: 0.127955, t_ads: 34.2, t_des: 30.4, bed_util_ads: 0.500, bed_util_des: 0.500, des_th: 0.49986690033820325,frac_lost: 0.101, li_recovered:  8.268, time: 0.006540956999742775
L: 0.50, u_super: 0.00608, sec: 337.921, prod: 0.137374, t_ads: 31.9, t_des: 28.6, bed_util_ads: 0.500, bed_util_des: 0.499, des_th: 0.49946432530593454,frac_lost: 0.102, li_recovered:  8.323, time: 0.006810514998505823
L: 22.23, u_super: 0.00813 — INFEASIBLE (li_recovered=0.000e+00), time: 0.0017969019991141977
L: 0.50, u_super: 0.00961, sec: 558.122, prod: 0.217841, t_ads: 20.3, t_des: 18.5, bed_util_ads: 0.500, bed_util_des: 0.500, des_th: 0.4996693146197146,frac_lost: 0.105, li_recovered:  8.452, time: 0.005960370001048432
L: 3.25, u_super: 0.00289 — INFEASIBLE (li_recovered=0.000e+00), time: 0.002530863999709254
L: 0.50, u_super: 0.00698, sec: 393.391, prod: 0.157714, t_ads: 28.0, t_des: 25.8, bed_util_ads: 0.497, bed_util_des: 0.497, des_th: 0.49687643745639115,frac_lost: 0.107, li_recovered:  8.479, time: 0.0052266669990785886
L: 0.50, u_super: 0.00334, sec: 181.070, prod: 0.074850, t_ads: 58.1, t_des: 54.0, bed_util_ads: 0.494, bed_util_des: 0.493, des_th: 0.4932561487683955,frac_lost: 0.106, li_recovered:  8.388, time: 0.005631059999359422
L: 0.50, u_super: 0.00148, sec: 82.789, prod: 0.031393, t_ads: 129.1, t_des: 137.0, bed_util_ads: 0.470, bed_util_des: 0.468, des_th: 0.46798234263170435,frac_lost: 0.105, li_recovered:  8.354, time: 0.005404972000178532
L: 0.50, u_super: 0.00966, sec: 560.960, prod: 0.219194, t_ads: 20.2, t_des: 18.4, bed_util_ads: 0.499, bed_util_des: 0.499, des_th: 0.49936387431904705,frac_lost: 0.104, li_recovered:  8.450, time: 0.006228426000234322
L: 0.50, u_super: 0.00120, sec: 73.646, prod: 0.022912, t_ads: 159.6, t_des: 204.0, bed_util_ads: 0.444, bed_util_des: 0.440, des_th: 0.43996063223827786,frac_lost: 0.104, li_recovered:  8.333, time: 0.005717927000659984
L: 0.50, u_super: 0.00539, sec: 299.276, prod: 0.121166, t_ads: 36.0, t_des: 34.6, bed_util_ads: 0.491, bed_util_des: 0.490, des_th: 0.49051229718552725,frac_lost: 0.102, li_recovered:  8.548, time: 0.005623020999337314
L: 0.50, u_super: 0.00517, sec: 284.871, prod: 0.116726, t_ads: 37.5, t_des: 33.6, bed_util_ads: 0.500, bed_util_des: 0.500, des_th: 0.499768407464712,frac_lost: 0.102, li_recovered:  8.296, time: 0.0057430809993093135
L: 0.50, u_super: 0.00025 — INFEASIBLE (li_recovered=0.000e+00), time: 0.0026097320005646907
L: 27.77, u_super: 0.00005 — INFEASIBLE (li_recovered=0.000e+00), time: 0.001410058999681496
L: 0.50, u_super: 0.00613, sec: 346.269, prod: 0.136635, t_ads: 31.7, t_des: 31.3, bed_util_ads: 0.488, bed_util_des: 0.487, des_th: 0.4875137520722871,frac_lost: 0.103, li_recovered:  8.617, time: 0.005128660000991658
L: 0.50, u_super: 0.00662, sec: 370.354, prod: 0.149969, t_ads: 29.3, t_des: 26.5, bed_util_ads: 0.498, bed_util_des: 0.498, des_th: 0.4978134869354529,frac_lost: 0.101, li_recovered:  8.375, time: 0.005693987999620731
L: 0.50, u_super: 0.00796, sec: 452.253, prod: 0.180642, t_ads: 24.4, t_des: 22.0, bed_util_ads: 0.500, bed_util_des: 0.499, des_th: 0.4994746568905721,frac_lost: 0.100, li_recovered:  8.372, time: 0.0054569639996771
L: 2.38, u_super: 0.00411 — INFEASIBLE (li_recovered=0.000e+00), time: 0.0042294009999750415
L: 0.50, u_super: 0.00989, sec: 4693.513, prod: 0.027535, t_ads: 19.9, t_des: 299.0, bed_util_ads: 0.196, bed_util_des: 0.194, des_th: 0.19372081907080127,frac_lost: 0.105, li_recovered:  8.780, time: 0.03788760300085414
L: 0.50, u_super: 0.00578, sec: 320.308, prod: 0.130705, t_ads: 33.5, t_des: 30.0, bed_util_ads: 0.500, bed_util_des: 0.500, des_th: 0.49978970120756927,frac_lost: 0.100, li_recovered:  8.302, time: 0.00540862600064429
L: 0.50, u_super: 0.00488, sec: 268.246, prod: 0.109842, t_ads: 39.9, t_des: 37.2, bed_util_ads: 0.494, bed_util_des: 0.493, des_th: 0.4933508501076238,frac_lost: 0.104, li_recovered:  8.470, time: 0.00502173600034439
L: 0.50, u_super: 0.00262, sec: 141.514, prod: 0.058163, t_ads: 73.7, t_des: 64.7, bed_util_ads: 0.499, bed_util_des: 0.498, des_th: 0.49850774873778236,frac_lost: 0.104, li_recovered:  8.045, time: 0.005860880000909674
L: 0.50, u_super: 0.00072, sec: 39.750, prod: 0.015060, t_ads: 259.6, t_des: 243.6, bed_util_ads: 0.474, bed_util_des: 0.473, des_th: 0.47274455288693407,frac_lost: 0.105, li_recovered:  7.577, time: 0.005495893999977852
L: 0.50, u_super: 0.00690, sec: 387.780, prod: 0.156332, t_ads: 28.1, t_des: 25.1, bed_util_ads: 0.500, bed_util_des: 0.500, des_th: 0.4995539622738262,frac_lost: 0.100, li_recovered:  8.312, time: 0.004705519999333774
L: 12.11, u_super: 0.00897 — INFEASIBLE (li_recovered=0.000e+00), time: 0.0029934190006315475
L: 49.77, u_super: 0.00377 — INFEASIBLE (li_recovered=0.000e+00), time: 0.0009555310007272055
L: 0.50, u_super: 0.00227, sec: 123.095, prod: 0.049992, t_ads: 85.4, t_des: 73.9, bed_util_ads: 0.500, bed_util_des: 0.499, des_th: 0.499442642907974,frac_lost: 0.109, li_recovered:  7.960, time: 0.005221075000008568
L: 0.50, u_super: 0.00418, sec: 228.046, prod: 0.093835, t_ads: 46.5, t_des: 41.5, bed_util_ads: 0.500, bed_util_des: 0.499, des_th: 0.4994809367113074,frac_lost: 0.105, li_recovered:  8.261, time: 0.005844940000315546
L: 1.35, u_super: 0.00871, sec: 1365.254, prod: 0.195268, t_ads: 59.8, t_des: 53.8, bed_util_ads: 0.497, bed_util_des: 0.496, des_th: 0.4964732834493027,frac_lost: 0.101, li_recovered:  22.193, time: 0.005374055999709526
L: 0.50, u_super: 0.00919, sec: 530.837, prod: 0.208326, t_ads: 21.2, t_des: 19.1, bed_util_ads: 0.500, bed_util_des: 0.500, des_th: 0.49996513550779403,frac_lost: 0.104, li_recovered:  8.396, time: 0.006515139000839554
L: 0.50, u_super: 0.00987, sec: 574.787, prod: 0.224038, t_ads: 19.8, t_des: 18.0, bed_util_ads: 0.500, bed_util_des: 0.499, des_th: 0.49942132725883337,frac_lost: 0.104, li_recovered:  8.450, time: 0.0052392110010259785
L: 0.50, u_super: 0.00277, sec: 151.113, prod: 0.061115, t_ads: 69.5, t_des: 69.4, bed_util_ads: 0.483, bed_util_des: 0.483, des_th: 0.4825736481105897,frac_lost: 0.101, li_recovered:  8.488, time: 0.006050563999451697
L: 4.92, u_super: 0.00832 — INFEASIBLE (li_recovered=0.000e+00), time: 0.0037944949999655364
L: 0.50, u_super: 0.00597, sec: 331.743, prod: 0.135059, t_ads: 32.5, t_des: 29.1, bed_util_ads: 0.500, bed_util_des: 0.500, des_th: 0.4999769483416868,frac_lost: 0.101, li_recovered:  8.317, time: 0.006301990000793012
L: 0.50, u_super: 0.00976, sec: 567.296, prod: 0.221341, t_ads: 20.0, t_des: 18.2, bed_util_ads: 0.500, bed_util_des: 0.499, des_th: 0.4994377249280586,frac_lost: 0.104, li_recovered:  8.447, time: 0.006307539000772522
L: 0.50, u_super: 0.00803, sec: 457.981, prod: 0.181452, t_ads: 24.4, t_des: 21.9, bed_util_ads: 0.500, bed_util_des: 0.500, des_th: 0.49980192493536507,frac_lost: 0.108, li_recovered:  8.401, time: 0.00614099599988549
   437 |    17480 |     40 |  0.0030560370 |             f
L: 0.50, u_super: 0.00389, sec: 212.546, prod: 0.087193, t_ads: 49.9, t_des: 47.3, bed_util_ads: 0.491, bed_util_des: 0.490, des_th: 0.49050574698678606,frac_lost: 0.106, li_recovered:  8.476, time: 0.006833892000940978
L: 0.50, u_super: 0.00990, sec: 576.972, prod: 0.224437, t_ads: 19.7, t_des: 17.9, bed_util_ads: 0.500, bed_util_des: 0.500, des_th: 0.4996571687934249,frac_lost: 0.105, li_recovered:  8.449, time: 0.005389072000980377
L: 3.50, u_super: 0.00182 — INFEASIBLE (li_recovered=0.000e+00), time: 0.002425957000014023
L: 0.50, u_super: 0.00148, sec: 80.533, prod: 0.032273, t_ads: 129.2, t_des: 113.2, bed_util_ads: 0.494, bed_util_des: 0.493, des_th: 0.4934728169105037,frac_lost: 0.108, li_recovered:  7.825, time: 0.004521995999311912
L: 0.50, u_super: 0.00653, sec: 365.253, prod: 0.147611, t_ads: 29.8, t_des: 26.6, bed_util_ads: 0.500, bed_util_des: 0.500, des_th: 0.49980305469060227,frac_lost: 0.102, li_recovered:  8.317, time: 0.006747250001353677
L: 0.50, u_super: 0.00896, sec: 517.366, prod: 0.202711, t_ads: 21.8, t_des: 20.2, bed_util_ads: 0.497, bed_util_des: 0.497, des_th: 0.4966559443943939,frac_lost: 0.107, li_recovered:  8.525, time: 0.0071983020006882725
L: 0.50, u_super: 0.00250, sec: 135.250, prod: 0.055560, t_ads: 77.0, t_des: 67.6, bed_util_ads: 0.498, bed_util_des: 0.497, des_th: 0.4974838414092964,frac_lost: 0.104, li_recovered:  8.034, time: 0.00797397499991348
L: 0.50, u_super: 0.00733, sec: 414.037, prod: 0.166036, t_ads: 26.5, t_des: 23.6, bed_util_ads: 0.500, bed_util_des: 0.500, des_th: 0.49999730499684364,frac_lost: 0.101, li_recovered:  8.319, time: 0.007224638000479899
L: 0.50, u_super: 0.00635, sec: 354.550, prod: 0.143504, t_ads: 30.6, t_des: 28.7, bed_util_ads: 0.494, bed_util_des: 0.493, des_th: 0.4933508501076238,frac_lost: 0.101, li_recovered:  8.509, time: 0.00720544800060452
L: 0.50, u_super: 0.00922, sec: 532.975, prod: 0.208838, t_ads: 21.2, t_des: 19.0, bed_util_ads: 0.500, bed_util_des: 0.500, des_th: 0.4999728524284073,frac_lost: 0.105, li_recovered:  8.399, time: 0.006767154000044684
L: 0.50, u_super: 0.00099 — INFEASIBLE (li_recovered=0.000e+00), time: 0.00443068700042204
L: 0.50, u_super: 0.00278, sec: 149.433, prod: 0.062125, t_ads: 69.4, t_des: 63.3, bed_util_ads: 0.494, bed_util_des: 0.493, des_th: 0.4933508501076238,frac_lost: 0.102, li_recovered:  8.244, time: 0.006849905999843031
L: 0.50, u_super: 0.00177, sec: 95.416, prod: 0.039150, t_ads: 107.7, t_des: 96.8, bed_util_ads: 0.493, bed_util_des: 0.493, des_th: 0.49291817070375527,frac_lost: 0.102, li_recovered:  8.005, time: 0.007339245999901323
L: 0.50, u_super: 0.00732, sec: 412.888, prod: 0.165971, t_ads: 26.5, t_des: 24.0, bed_util_ads: 0.499, bed_util_des: 0.499, des_th: 0.49900649987992585,frac_lost: 0.101, li_recovered:  8.384, time: 0.0075548759996308945
L: 0.50, u_super: 0.00789, sec: 449.614, prod: 0.178221, t_ads: 24.9, t_des: 22.5, bed_util_ads: 0.500, bed_util_des: 0.499, des_th: 0.4994746568905721,frac_lost: 0.109, li_recovered:  8.444, time: 0.007772704999297275
L: 0.50, u_super: 0.00080 — INFEASIBLE (li_recovered=0.000e+00), time: 0.004013613001006888
L: 0.50, u_super: 0.00827, sec: 478.400, prod: 0.185141, t_ads: 23.7, t_des: 23.0, bed_util_ads: 0.491, bed_util_des: 0.490, des_th: 0.49051229718552725,frac_lost: 0.107, li_recovered:  8.631, time: 0.0054863170007593
L: 0.50, u_super: 0.00011 — INFEASIBLE (li_recovered=0.000e+00), time: 0.0020712589994218433
L: 0.50, u_super: 0.00362, sec: 198.153, prod: 0.080349, t_ads: 53.9, t_des: 52.2, bed_util_ads: 0.487, bed_util_des: 0.487, des_th: 0.48683132992435624,frac_lost: 0.107, li_recovered:  8.522, time: 0.005117729999255971
L: 9.73, u_super: 0.00226 — INFEASIBLE (li_recovered=0.000e+00), time: 0.0011426539986132411
L: 0.50, u_super: 0.00539, sec: 302.352, prod: 0.119933, t_ads: 36.0, t_des: 35.8, bed_util_ads: 0.487, bed_util_des: 0.487, des_th: 0.48683788012309737,frac_lost: 0.102, li_recovered:  8.607, time: 0.006657834999714396
L: 0.50, u_super: 0.00049, sec: 27.920, prod: 0.009831, t_ads: 374.1, t_des: 374.4, bed_util_ads: 0.454, bed_util_des: 0.451, des_th: 0.4507138540940563,frac_lost: 0.105, li_recovered:  7.358, time: 0.0053889669998170575
L: 0.50, u_super: 0.00369, sec: 200.653, prod: 0.082678, t_ads: 52.8, t_des: 47.2, bed_util_ads: 0.499, bed_util_des: 0.499, des_th: 0.4989574944839627,frac_lost: 0.108, li_recovered:  8.269, time: 0.006750382000973332
L: 0.50, u_super: 0.00289, sec: 182.155, prod: 0.055413, t_ads: 67.1, t_des: 88.0, bed_util_ads: 0.449, bed_util_des: 0.447, des_th: 0.4473679540405459,frac_lost: 0.105, li_recovered:  8.593, time: 0.006428434000554262
L: 0.50, u_super: 0.00334, sec: 180.859, prod: 0.074723, t_ads: 58.3, t_des: 53.9, bed_util_ads: 0.493, bed_util_des: 0.493, des_th: 0.4929264490801844,frac_lost: 0.107, li_recovered:  8.380, time: 0.007616801000040141
L: 27.71, u_super: 0.00021 — INFEASIBLE (li_recovered=0.000e+00), time: 0.0011687159985740436
L: 2.02, u_super: 0.00968, sec: 2334.394, prod: 0.213655, t_ads: 80.7, t_des: 69.8, bed_util_ads: 0.500, bed_util_des: 0.499, des_th: 0.4995030655461119,frac_lost: 0.107, li_recovered:  32.147, time: 0.004881144001046778
L: 0.50, u_super: 0.00614, sec: 341.616, prod: 0.138909, t_ads: 31.6, t_des: 28.6, bed_util_ads: 0.498, bed_util_des: 0.498, des_th: 0.49791808693093015,frac_lost: 0.102, li_recovered:  8.365, time: 0.005817815999762388
L: 0.50, u_super: 0.00688, sec: 386.112, prod: 0.155671, t_ads: 28.2, t_des: 25.2, bed_util_ads: 0.500, bed_util_des: 0.500, des_th: 0.49986598589817166,frac_lost: 0.100, li_recovered:  8.308, time: 0.0056254050014103996
L: 0.50, u_super: 0.00758, sec: 445.724, prod: 0.165298, t_ads: 25.8, t_des: 26.7, bed_util_ads: 0.482, bed_util_des: 0.482, des_th: 0.4818843453705864,frac_lost: 0.107, li_recovered:  8.684, time: 0.005889942000067094
L: 0.50, u_super: 0.00887, sec: 510.868, prod: 0.200817, t_ads: 22.0, t_des: 20.3, bed_util_ads: 0.497, bed_util_des: 0.497, des_th: 0.4966559443943939,frac_lost: 0.106, li_recovered:  8.495, time: 0.005731212000682717
L: 0.50, u_super: 0.00652, sec: 367.384, prod: 0.146536, t_ads: 30.0, t_des: 28.5, bed_util_ads: 0.493, bed_util_des: 0.493, des_th: 0.4925954080678539,frac_lost: 0.107, li_recovered:  8.567, time: 0.00504397499935294
L: 0.50, u_super: 0.00021 — INFEASIBLE (li_recovered=0.000e+00), time: 0.001902452000649646
L: 0.50, u_super: 0.00460, sec: 251.729, prod: 0.103522, t_ads: 42.3, t_des: 38.6, bed_util_ads: 0.497, bed_util_des: 0.497, des_th: 0.4968878702963437,frac_lost: 0.105, li_recovered:  8.381, time: 0.005966688999251346
L: 0.50, u_super: 0.00990, sec: 620.116, prod: 0.208825, t_ads: 19.7, t_des: 22.0, bed_util_ads: 0.473, bed_util_des: 0.472, des_th: 0.4723699161787386,frac_lost: 0.102, li_recovered:  8.713, time: 0.00562254699980258
L: 0.50, u_super: 0.00529, sec: 291.803, prod: 0.119403, t_ads: 36.7, t_des: 32.9, bed_util_ads: 0.499, bed_util_des: 0.499, des_th: 0.4985075310762581,frac_lost: 0.102, li_recovered:  8.308, time: 0.004808383999261423
L: 0.50, u_super: 0.00931, sec: 4846.813, prod: 0.023469, t_ads: 21.1, t_des: 353.1, bed_util_ads: 0.188, bed_util_des: 0.185, des_th: 0.1851696623157332,frac_lost: 0.104, li_recovered:  8.781, time: 0.043047703000411275
L: 0.50, u_super: 0.00483, sec: 265.755, prod: 0.108812, t_ads: 40.3, t_des: 35.9, bed_util_ads: 0.500, bed_util_des: 0.499, des_th: 0.49946432530593454,frac_lost: 0.105, li_recovered:  8.281, time: 0.0047030869991431246
L: 0.50, u_super: 0.00319, sec: 172.590, prod: 0.071213, t_ads: 60.4, t_des: 53.3, bed_util_ads: 0.500, bed_util_des: 0.499, des_th: 0.499442642907974,frac_lost: 0.101, li_recovered:  8.097, time: 0.0049022200000763405
L: 0.50, u_super: 0.00142, sec: 76.462, prod: 0.031011, t_ads: 135.0, t_des: 124.1, bed_util_ads: 0.487, bed_util_des: 0.487, des_th: 0.4866530776343423,frac_lost: 0.107, li_recovered:  8.037, time: 0.004721013001471874
   438 |    17520 |     40 |  0.0024372249 |             f
L: 0.50, u_super: 0.00525, sec: 289.442, prod: 0.118410, t_ads: 37.0, t_des: 33.2, bed_util_ads: 0.499, bed_util_des: 0.499, des_th: 0.49914274140125553,frac_lost: 0.103, li_recovered:  8.312, time: 0.0052191100003256
L: 0.50, u_super: 0.00161, sec: 88.649, prod: 0.034759, t_ads: 118.9, t_des: 99.9, bed_util_ads: 0.500, bed_util_des: 0.499, des_th: 0.499442642907974,frac_lost: 0.107, li_recovered:  7.604, time: 0.004992125001081149
L: 0.50, u_super: 0.00493, sec: 270.718, prod: 0.111069, t_ads: 39.5, t_des: 36.1, bed_util_ads: 0.497, bed_util_des: 0.497, des_th: 0.4968878702963437,frac_lost: 0.105, li_recovered:  8.394, time: 0.004791235000084271
L: 0.50, u_super: 0.00729, sec: 4819.241, prod: 0.014093, t_ads: 26.9, t_des: 596.5, bed_util_ads: 0.167, bed_util_des: 0.163, des_th: 0.1634305524383905,frac_lost: 0.104, li_recovered:  8.786, time: 0.05084209199958423
L: 0.50, u_super: 0.00481, sec: 263.969, prod: 0.108396, t_ads: 40.5, t_des: 37.0, bed_util_ads: 0.497, bed_util_des: 0.497, des_th: 0.49687422777351836,frac_lost: 0.105, li_recovered:  8.397, time: 0.006156629000543035
L: 0.50, u_super: 0.00505, sec: 280.387, prod: 0.112794, t_ads: 38.4, t_des: 37.6, bed_util_ads: 0.488, bed_util_des: 0.488, des_th: 0.48786748383114054,frac_lost: 0.101, li_recovered:  8.575, time: 0.007256479999341536
L: 0.50, u_super: 0.00979, sec: 569.530, prod: 0.221978, t_ads: 19.9, t_des: 17.9, bed_util_ads: 0.500, bed_util_des: 0.500, des_th: 0.49979965970816526,frac_lost: 0.104, li_recovered:  8.397, time: 0.007380226001259871
L: 0.50, u_super: 0.00044 — INFEASIBLE (li_recovered=0.000e+00), time: 0.004064918000949547
L: 0.50, u_super: 0.00832, sec: 476.494, prod: 0.188340, t_ads: 23.5, t_des: 21.1, bed_util_ads: 0.500, bed_util_des: 0.500, des_th: 0.4998435261357129,frac_lost: 0.106, li_recovered:  8.393, time: 0.010480761999133392
L: 25.30, u_super: 0.00578 — INFEASIBLE (li_recovered=0.000e+00), time: 0.002385407999099698
L: 0.50, u_super: 0.00010 — INFEASIBLE (li_recovered=0.000e+00), time: 0.0023079450002114754
L: 0.50, u_super: 0.00931, sec: 539.052, prod: 0.210922, t_ads: 21.0, t_des: 18.8, bed_util_ads: 0.500, bed_util_des: 0.500, des_th: 0.4999728524284073,frac_lost: 0.105, li_recovered:  8.394, time: 0.008821931000056793
L: 0.50, u_super: 0.00362, sec: 198.153, prod: 0.080349, t_ads: 53.9, t_des: 52.2, bed_util_ads: 0.487, bed_util_des: 0.487, des_th: 0.48683132992435624,frac_lost: 0.107, li_recovered:  8.522, time: 0.00894707100087544
L: 0.50, u_super: 0.00710, sec: 398.887, prod: 0.160941, t_ads: 27.3, t_des: 25.0, bed_util_ads: 0.498, bed_util_des: 0.498, des_th: 0.49802086245538835,frac_lost: 0.100, li_recovered:  8.426, time: 0.009352686998681747
L: 9.64, u_super: 0.00941 — INFEASIBLE (li_recovered=0.000e+00), time: 0.004684419998739031
L: 0.50, u_super: 0.00411, sec: 2360.747, prod: 0.008788, t_ads: 47.6, t_des: 952.4, bed_util_ads: 0.173, bed_util_des: 0.166, des_th: 0.16642103905477088,frac_lost: 0.102, li_recovered:  8.788, time: 0.11972801699994307
L: 0.50, u_super: 0.00025 — INFEASIBLE (li_recovered=0.000e+00), time: 0.004642276999220485
L: 0.50, u_super: 0.00054 — INFEASIBLE (li_recovered=0.000e+00), time: 0.0056664570001885295
L: 0.50, u_super: 0.00252, sec: 136.438, prod: 0.055666, t_ads: 76.7, t_des: 74.9, bed_util_ads: 0.484, bed_util_des: 0.484, des_th: 0.4836312205475423,frac_lost: 0.104, li_recovered:  8.436, time: 0.010220422000202234
L: 0.50, u_super: 0.00065, sec: 36.393, prod: 0.013393, t_ads: 284.1, t_des: 259.3, bed_util_ads: 0.474, bed_util_des: 0.473, des_th: 0.47274455288693407,frac_lost: 0.102, li_recovered:  7.278, time: 0.00830777500050317
L: 17.71, u_super: 0.00990 — INFEASIBLE (li_recovered=0.000e+00), time: 0.004845801000556094
L: 0.50, u_super: 0.00635, sec: 355.273, prod: 0.143212, t_ads: 30.6, t_des: 29.0, bed_util_ads: 0.494, bed_util_des: 0.493, des_th: 0.4933508501076238,frac_lost: 0.103, li_recovered:  8.533, time: 0.010287672999766073
L: 0.50, u_super: 0.00151, sec: 83.170, prod: 0.032477, t_ads: 126.8, t_des: 106.6, bed_util_ads: 0.500, bed_util_des: 0.499, des_th: 0.499339755673888,frac_lost: 0.108, li_recovered:  7.580, time: 0.008463995000056457
L: 0.50, u_super: 0.00811, sec: 471.865, prod: 0.180083, t_ads: 24.1, t_des: 24.0, bed_util_ads: 0.487, bed_util_des: 0.487, des_th: 0.4869439727858507,frac_lost: 0.107, li_recovered:  8.660, time: 0.009956103000149596
L: 0.50, u_super: 0.00138, sec: 76.244, prod: 0.029544, t_ads: 137.0, t_des: 115.3, bed_util_ads: 0.498, bed_util_des: 0.498, des_th: 0.4984422437701471,frac_lost: 0.101, li_recovered:  7.452, time: 0.01171991400042316
L: 26.93, u_super: 0.00613 — INFEASIBLE (li_recovered=0.000e+00), time: 0.002501986999050132
L: 0.50, u_super: 0.00176, sec: 106.982, prod: 0.034501, t_ads: 109.3, t_des: 136.1, bed_util_ads: 0.451, bed_util_des: 0.448, des_th: 0.4482978626811802,frac_lost: 0.105, li_recovered:  8.465, time: 0.010220818001471343
L: 0.50, u_super: 0.00916, sec: 528.767, prod: 0.207487, t_ads: 21.3, t_des: 19.3, bed_util_ads: 0.499, bed_util_des: 0.499, des_th: 0.49911607054190127,frac_lost: 0.105, li_recovered:  8.441, time: 0.008297009000671096
L: 0.50, u_super: 0.00281, sec: 151.712, prod: 0.062571, t_ads: 68.6, t_des: 60.5, bed_util_ads: 0.499, bed_util_des: 0.498, des_th: 0.49837461650579584,frac_lost: 0.102, li_recovered:  8.077, time: 0.009172887999739032
L: 0.50, u_super: 0.00200, sec: 107.327, prod: 0.044236, t_ads: 95.8, t_des: 86.0, bed_util_ads: 0.493, bed_util_des: 0.493, des_th: 0.4929918918610791,frac_lost: 0.101, li_recovered:  8.045, time: 0.005554713998208172
L: 0.50, u_super: 0.00441, sec: 244.909, prod: 0.097882, t_ads: 44.1, t_des: 43.6, bed_util_ads: 0.486, bed_util_des: 0.486, des_th: 0.48592608467266457,frac_lost: 0.105, li_recovered:  8.580, time: 0.009567752000293694
L: 8.04, u_super: 0.00635 — INFEASIBLE (li_recovered=0.000e+00), time: 0.0037030160001449985
L: 0.50, u_super: 0.00664, sec: 373.104, prod: 0.149963, t_ads: 29.5, t_des: 26.5, bed_util_ads: 0.500, bed_util_des: 0.499, des_th: 0.4994871471649778,frac_lost: 0.108, li_recovered:  8.388, time: 0.009095580999201047
L: 3.92, u_super: 0.00005 — INFEASIBLE (li_recovered=0.000e+00), time: 0.0014871820003463654
L: 0.50, u_super: 0.00958, sec: 555.549, prod: 0.217247, t_ads: 20.4, t_des: 18.5, bed_util_ads: 0.500, bed_util_des: 0.500, des_th: 0.49978080017126125,frac_lost: 0.104, li_recovered:  8.445, time: 0.006243148000066867
L: 0.50, u_super: 0.00431, sec: 235.619, prod: 0.096987, t_ads: 45.0, t_des: 40.3, bed_util_ads: 0.500, bed_util_des: 0.499, des_th: 0.4994809367113074,frac_lost: 0.105, li_recovered:  8.275, time: 0.006811371000367217
L: 0.50, u_super: 0.00055 — INFEASIBLE (li_recovered=0.000e+00), time: 0.004723870999441715
L: 0.50, u_super: 0.00148, sec: 80.533, prod: 0.032273, t_ads: 129.2, t_des: 113.2, bed_util_ads: 0.494, bed_util_des: 0.493, des_th: 0.4934728169105037,frac_lost: 0.108, li_recovered:  7.825, time: 0.005888997000511154
L: 0.50, u_super: 0.00746, sec: 425.905, prod: 0.167584, t_ads: 26.2, t_des: 25.1, bed_util_ads: 0.492, bed_util_des: 0.491, des_th: 0.49149390804518245,frac_lost: 0.106, li_recovered:  8.600, time: 0.007725550000031944
L: 0.50, u_super: 0.00227, sec: 123.095, prod: 0.049992, t_ads: 85.4, t_des: 73.9, bed_util_ads: 0.500, bed_util_des: 0.499, des_th: 0.499442642907974,frac_lost: 0.109, li_recovered:  7.960, time: 0.0047919660009938525
   439 |    17560 |     40 |  0.0061665274 |             f
L: 0.50, u_super: 0.00336, sec: 182.563, prod: 0.075145, t_ads: 57.8, t_des: 51.1, bed_util_ads: 0.500, bed_util_des: 0.500, des_th: 0.4999084736417162,frac_lost: 0.107, li_recovered:  8.181, time: 0.0058157359999313485
L: 0.50, u_super: 0.00562, sec: 311.102, prod: 0.126707, t_ads: 34.5, t_des: 30.6, bed_util_ads: 0.500, bed_util_des: 0.500, des_th: 0.49983705525327493,frac_lost: 0.101, li_recovered:  8.258, time: 0.004763143999298336
L: 0.50, u_super: 0.00330, sec: 178.975, prod: 0.073900, t_ads: 58.7, t_des: 55.2, bed_util_ads: 0.491, bed_util_des: 0.491, des_th: 0.49063381890907243,frac_lost: 0.105, li_recovered:  8.416, time: 0.006643161999818403
L: 0.50, u_super: 0.00662, sec: 371.767, prod: 0.149399, t_ads: 29.6, t_des: 26.9, bed_util_ads: 0.499, bed_util_des: 0.499, des_th: 0.4986316485621836,frac_lost: 0.109, li_recovered:  8.437, time: 0.004803747000551084
L: 0.50, u_super: 0.00334, sec: 240.572, prod: 0.056337, t_ads: 58.1, t_des: 95.2, bed_util_ads: 0.422, bed_util_des: 0.420, des_th: 0.4200144782754538,frac_lost: 0.104, li_recovered:  8.639, time: 0.008891374998711399
L: 0.50, u_super: 0.00005 — INFEASIBLE (li_recovered=0.000e+00), time: 0.001081989999875077
L: 0.50, u_super: 0.00988, sec: 575.562, prod: 0.224141, t_ads: 19.8, t_des: 17.9, bed_util_ads: 0.500, bed_util_des: 0.499, des_th: 0.49941183570471703,frac_lost: 0.105, li_recovered:  8.446, time: 0.004459993999262224
L: 0.50, u_super: 0.00080, sec: 48.327, prod: 0.015670, t_ads: 233.1, t_des: 282.9, bed_util_ads: 0.442, bed_util_des: 0.438, des_th: 0.43786814995086804,frac_lost: 0.101, li_recovered:  8.086, time: 0.0064820949992281385
L: 0.50, u_super: 0.00156, sec: 87.081, prod: 0.033152, t_ads: 122.5, t_des: 130.1, bed_util_ads: 0.470, bed_util_des: 0.469, des_th: 0.468865090053242,frac_lost: 0.103, li_recovered:  8.372, time: 0.004789321999851381
L: 0.50, u_super: 0.00889, sec: 512.216, prod: 0.201294, t_ads: 22.0, t_des: 20.0, bed_util_ads: 0.500, bed_util_des: 0.500, des_th: 0.49979965970816526,frac_lost: 0.107, li_recovered:  8.451, time: 0.005885216998649412
L: 0.50, u_super: 0.00583, sec: 358.617, prod: 0.118954, t_ads: 33.3, t_des: 39.6, bed_util_ads: 0.463, bed_util_des: 0.463, des_th: 0.46265010666443823,frac_lost: 0.101, li_recovered:  8.673, time: 0.006571249999979045
L: 0.50, u_super: 0.00803, sec: 457.640, prod: 0.181587, t_ads: 24.4, t_des: 21.9, bed_util_ads: 0.500, bed_util_des: 0.500, des_th: 0.4999796495436691,frac_lost: 0.106, li_recovered:  8.395, time: 0.00661064399901079
L: 35.64, u_super: 0.00958 — INFEASIBLE (li_recovered=0.000e+00), time: 0.0018508360008127056
L: 0.50, u_super: 0.00285, sec: 153.950, prod: 0.063342, t_ads: 67.8, t_des: 59.6, bed_util_ads: 0.499, bed_util_des: 0.499, des_th: 0.49868681400834763,frac_lost: 0.103, li_recovered:  8.072, time: 0.004937571000482421
L: 4.05, u_super: 0.00729, sec: 3525.868, prod: 0.156002, t_ads: 208.6, t_des: 200.6, bed_util_ads: 0.475, bed_util_des: 0.474, des_th: 0.473704461845847,frac_lost: 0.104, li_recovered:  63.841, time: 0.005976035999992746
L: 0.50, u_super: 0.00216, sec: 125.683, prod: 0.044313, t_ads: 89.0, t_des: 102.8, bed_util_ads: 0.462, bed_util_des: 0.460, des_th: 0.4605127082962701,frac_lost: 0.101, li_recovered:  8.501, time: 0.004818204000912374
L: 0.50, u_super: 0.00662, sec: 370.690, prod: 0.149794, t_ads: 29.3, t_des: 26.2, bed_util_ads: 0.500, bed_util_des: 0.500, des_th: 0.49986598589817166,frac_lost: 0.102, li_recovered:  8.323, time: 0.005159776999789756
L: 93.86, u_super: 0.00082 — INFEASIBLE (li_recovered=0.000e+00), time: 0.0007774619989504572
L: 29.30, u_super: 0.00237 — INFEASIBLE (li_recovered=0.000e+00), time: 0.00084129400056554
L: 0.50, u_super: 0.00069, sec: 39.092, prod: 0.014043, t_ads: 271.6, t_des: 290.1, bed_util_ads: 0.456, bed_util_des: 0.453, des_th: 0.4527329377175302,frac_lost: 0.104, li_recovered:  7.888, time: 0.005815706999783288
L: 0.50, u_super: 0.00642, sec: 359.477, prod: 0.145062, t_ads: 30.2, t_des: 28.6, bed_util_ads: 0.493, bed_util_des: 0.493, des_th: 0.4932179140683726,frac_lost: 0.101, li_recovered:  8.528, time: 0.007628391000253032
L: 0.50, u_super: 0.00065, sec: 36.099, prod: 0.013503, t_ads: 284.6, t_des: 275.8, bed_util_ads: 0.467, bed_util_des: 0.465, des_th: 0.4648371605440414,frac_lost: 0.102, li_recovered:  7.567, time: 0.01233445199977723
L: 0.50, u_super: 0.00546, sec: 301.827, prod: 0.123355, t_ads: 35.4, t_des: 33.4, bed_util_ads: 0.493, bed_util_des: 0.493, des_th: 0.49322932838407857,frac_lost: 0.100, li_recovered:  8.489, time: 0.004564285998640116
L: 0.50, u_super: 0.00362, sec: 198.486, prod: 0.080215, t_ads: 53.7, t_des: 52.6, bed_util_ads: 0.487, bed_util_des: 0.486, des_th: 0.48610206436980613,frac_lost: 0.106, li_recovered:  8.535, time: 0.007224315000712522
L: 0.50, u_super: 0.00181, sec: 97.091, prod: 0.040045, t_ads: 105.5, t_des: 99.6, bed_util_ads: 0.487, bed_util_des: 0.487, des_th: 0.4866530776343423,frac_lost: 0.101, li_recovered:  8.216, time: 0.004784939999808557
L: 18.76, u_super: 0.00950, sec: 67564.229, prod: 0.065915, t_ads: 787.7, t_des: 4167.4, bed_util_ads: 0.244, bed_util_des: 0.187, des_th: 0.18694403358158065,frac_lost: 0.105, li_recovered:  326.614, time: 0.018022122001639218
L: 0.50, u_super: 0.00548, sec: 302.621, prod: 0.123711, t_ads: 35.4, t_des: 31.7, bed_util_ads: 0.500, bed_util_des: 0.500, des_th: 0.4997942916047059,frac_lost: 0.102, li_recovered:  8.306, time: 0.008743399999730173
L: 0.50, u_super: 0.00827, sec: 472.604, prod: 0.187070, t_ads: 23.7, t_des: 21.5, bed_util_ads: 0.499, bed_util_des: 0.499, des_th: 0.4988069849503757,frac_lost: 0.106, li_recovered:  8.440, time: 0.01042632499957108
L: 0.50, u_super: 0.00727, sec: 411.319, prod: 0.164336, t_ads: 26.9, t_des: 24.4, bed_util_ads: 0.499, bed_util_des: 0.499, des_th: 0.4990269520926872,frac_lost: 0.108, li_recovered:  8.435, time: 0.009444426999834832
L: 0.50, u_super: 0.00977, sec: 568.694, prod: 0.221271, t_ads: 20.0, t_des: 18.4, bed_util_ads: 0.497, bed_util_des: 0.497, des_th: 0.4966559443943939,frac_lost: 0.105, li_recovered:  8.511, time: 0.007666122000955511
L: 0.50, u_super: 0.00832, sec: 476.442, prod: 0.188360, t_ads: 23.5, t_des: 21.3, bed_util_ads: 0.499, bed_util_des: 0.499, des_th: 0.49852641726180463,frac_lost: 0.107, li_recovered:  8.448, time: 0.00941789799981052
L: 0.50, u_super: 0.00389, sec: 212.263, prod: 0.087309, t_ads: 49.8, t_des: 47.2, bed_util_ads: 0.491, bed_util_des: 0.491, des_th: 0.4906137172316605,frac_lost: 0.104, li_recovered:  8.470, time: 0.009430295000129263
L: 0.50, u_super: 0.00270, sec: 145.469, prod: 0.060419, t_ads: 71.4, t_des: 65.8, bed_util_ads: 0.494, bed_util_des: 0.493, des_th: 0.4932561487683955,frac_lost: 0.104, li_recovered:  8.289, time: 0.008500400001139496
L: 26.22, u_super: 0.00990 — INFEASIBLE (li_recovered=0.000e+00), time: 0.00338853600078437
L: 12.30, u_super: 0.00933 — INFEASIBLE (li_recovered=0.000e+00), time: 0.004810386000826838
L: 0.50, u_super: 0.00578, sec: 320.308, prod: 0.130705, t_ads: 33.5, t_des: 30.0, bed_util_ads: 0.500, bed_util_des: 0.500, des_th: 0.49978970120756927,frac_lost: 0.100, li_recovered:  8.302, time: 0.009054756999830715
L: 0.50, u_super: 0.00005, sec: 4.331, prod: 0.000669, t_ads: 3400.5, t_des: 5784.7, bed_util_ads: 0.251, bed_util_des: 0.185, des_th: 0.1851696623157332,frac_lost: 0.100, li_recovered:  6.140, time: 0.01970986900050775
L: 0.50, u_super: 0.00789, sec: 449.614, prod: 0.178221, t_ads: 24.9, t_des: 22.5, bed_util_ads: 0.500, bed_util_des: 0.499, des_th: 0.4994746568905721,frac_lost: 0.109, li_recovered:  8.444, time: 0.010650378000718774
L: 0.50, u_super: 0.00832, sec: 476.175, prod: 0.188466, t_ads: 23.5, t_des: 21.3, bed_util_ads: 0.499, bed_util_des: 0.498, des_th: 0.4984725779071188,frac_lost: 0.106, li_recovered:  8.443, time: 0.009261539998988155
L: 5.58, u_super: 0.00612 — INFEASIBLE (li_recovered=0.000e+00), time: 0.005002698000680539
   440 |    17600 |     40 |  0.0010541984 |             f
L: 0.50, u_super: 0.00716, sec: 403.245, prod: 0.162110, t_ads: 27.1, t_des: 24.2, bed_util_ads: 0.500, bed_util_des: 0.500, des_th: 0.4997665241436939,frac_lost: 0.101, li_recovered:  8.320, time: 0.009234782000930863
L: 0.50, u_super: 0.00411, sec: 224.531, prod: 0.092403, t_ads: 47.3, t_des: 42.3, bed_util_ads: 0.499, bed_util_des: 0.499, des_th: 0.49889430083959113,frac_lost: 0.106, li_recovered:  8.275, time: 0.009785792000911897
L: 0.50, u_super: 0.00228, sec: 122.877, prod: 0.050358, t_ads: 84.1, t_des: 73.7, bed_util_ads: 0.498, bed_util_des: 0.498, des_th: 0.4979894093339203,frac_lost: 0.100, li_recovered:  7.948, time: 0.011014264000550611
L: 0.50, u_super: 0.00990, sec: 747.488, prod: 0.173240, t_ads: 19.7, t_des: 30.7, bed_util_ads: 0.432, bed_util_des: 0.431, des_th: 0.43085011981967786,frac_lost: 0.102, li_recovered:  8.725, time: 0.012546218000352383
L: 0.50, u_super: 0.00460, sec: 253.718, prod: 0.102710, t_ads: 42.3, t_des: 40.9, bed_util_ads: 0.489, bed_util_des: 0.488, des_th: 0.4882624814378229,frac_lost: 0.105, li_recovered:  8.548, time: 0.006721411000398803
L: 0.50, u_super: 0.00612, sec: 340.174, prod: 0.138501, t_ads: 31.7, t_des: 28.7, bed_util_ads: 0.498, bed_util_des: 0.498, des_th: 0.49793978583147835,frac_lost: 0.101, li_recovered:  8.363, time: 0.010014613000748795
L: 0.50, u_super: 0.00887, sec: 510.868, prod: 0.200817, t_ads: 22.0, t_des: 20.3, bed_util_ads: 0.497, bed_util_des: 0.497, des_th: 0.4966559443943939,frac_lost: 0.106, li_recovered:  8.495, time: 0.009045692999279709
L: 0.50, u_super: 0.00327, sec: 187.062, prod: 0.069224, t_ads: 59.4, t_des: 64.7, bed_util_ads: 0.472, bed_util_des: 0.471, des_th: 0.4713721202194182,frac_lost: 0.105, li_recovered:  8.589, time: 0.006232563000594382
L: 0.50, u_super: 0.00176, sec: 95.813, prod: 0.038232, t_ads: 108.7, t_des: 92.8, bed_util_ads: 0.499, bed_util_des: 0.498, des_th: 0.4985075310762581,frac_lost: 0.102, li_recovered:  7.703, time: 0.008169738999640686
L: 0.50, u_super: 0.00354, sec: 200.198, prod: 0.076093, t_ads: 55.0, t_des: 58.0, bed_util_ads: 0.477, bed_util_des: 0.476, des_th: 0.4761005112525224,frac_lost: 0.106, li_recovered:  8.596, time: 0.005851181000252836
L: 0.50, u_super: 0.00147, sec: 79.375, prod: 0.032348, t_ads: 129.4, t_des: 119.5, bed_util_ads: 0.487, bed_util_des: 0.486, des_th: 0.4863332126748828,frac_lost: 0.104, li_recovered:  8.051, time: 0.007402467999781948
L: 0.50, u_super: 0.00916, sec: 528.767, prod: 0.207487, t_ads: 21.3, t_des: 19.3, bed_util_ads: 0.499, bed_util_des: 0.499, des_th: 0.49911607054190127,frac_lost: 0.105, li_recovered:  8.441, time: 0.0061956950012245215
L: 0.50, u_super: 0.00933, sec: 540.467, prod: 0.211076, t_ads: 21.0, t_des: 19.4, bed_util_ads: 0.497, bed_util_des: 0.497, des_th: 0.4968097760521993,frac_lost: 0.106, li_recovered:  8.526, time: 0.0065992079998977715
L: 0.50, u_super: 0.00405, sec: 253.408, prod: 0.079067, t_ads: 47.9, t_des: 61.3, bed_util_ads: 0.454, bed_util_des: 0.453, des_th: 0.4527329377175302,frac_lost: 0.102, li_recovered:  8.638, time: 0.009865257999990718
L: 16.18, u_super: 0.00513 — INFEASIBLE (li_recovered=0.000e+00), time: 0.001842108000346343
L: 0.50, u_super: 0.00726, sec: 410.616, prod: 0.164177, t_ads: 26.9, t_des: 24.5, bed_util_ads: 0.498, bed_util_des: 0.498, des_th: 0.4980001032338081,frac_lost: 0.107, li_recovered:  8.443, time: 0.006911978000061936
L: 0.50, u_super: 0.00458, sec: 251.086, prod: 0.102860, t_ads: 42.6, t_des: 37.9, bed_util_ads: 0.500, bed_util_des: 0.499, des_th: 0.4994450787977083,frac_lost: 0.106, li_recovered:  8.273, time: 0.0062817790003464324
L: 0.50, u_super: 0.00269, sec: 145.081, prod: 0.059716, t_ads: 71.7, t_des: 63.0, bed_util_ads: 0.498, bed_util_des: 0.498, des_th: 0.4979592760950508,frac_lost: 0.102, li_recovered:  8.048, time: 0.00700293999943824
L: 0.50, u_super: 0.00990, sec: 578.254, prod: 0.223939, t_ads: 19.8, t_des: 18.3, bed_util_ads: 0.497, bed_util_des: 0.496, des_th: 0.4964708437920927,frac_lost: 0.107, li_recovered:  8.536, time: 0.006436903999201604
L: 0.50, u_super: 0.00789, sec: 449.614, prod: 0.178221, t_ads: 24.9, t_des: 22.5, bed_util_ads: 0.500, bed_util_des: 0.499, des_th: 0.4994746568905721,frac_lost: 0.109, li_recovered:  8.444, time: 0.006868032000056701
L: 0.50, u_super: 0.00989, sec: 609.502, prod: 0.212177, t_ads: 19.7, t_des: 21.3, bed_util_ads: 0.477, bed_util_des: 0.477, des_th: 0.47675938451753086,frac_lost: 0.103, li_recovered:  8.710, time: 0.006437972999265185
L: 0.50, u_super: 0.00726, sec: 409.814, prod: 0.164210, t_ads: 26.9, t_des: 24.5, bed_util_ads: 0.498, bed_util_des: 0.498, des_th: 0.49802086245538835,frac_lost: 0.105, li_recovered:  8.437, time: 0.008535933999155532
L: 0.50, u_super: 0.00146, sec: 81.330, prod: 0.030808, t_ads: 131.5, t_des: 139.5, bed_util_ads: 0.469, bed_util_des: 0.468, des_th: 0.467708098366015,frac_lost: 0.105, li_recovered:  8.347, time: 0.006047572998795658
L: 0.50, u_super: 0.00688, sec: 386.050, prod: 0.155696, t_ads: 28.2, t_des: 25.2, bed_util_ads: 0.500, bed_util_des: 0.500, des_th: 0.49985857970922737,frac_lost: 0.101, li_recovered:  8.322, time: 0.006947205001779366
L: 0.50, u_super: 0.00504, sec: 277.171, prod: 0.113643, t_ads: 38.6, t_des: 34.8, bed_util_ads: 0.499, bed_util_des: 0.499, des_th: 0.4986833495883686,frac_lost: 0.104, li_recovered:  8.339, time: 0.00758527200014214
L: 0.50, u_super: 0.00713, sec: 404.970, prod: 0.160194, t_ads: 27.5, t_des: 26.1, bed_util_ads: 0.494, bed_util_des: 0.493, des_th: 0.4934319229112871,frac_lost: 0.109, li_recovered:  8.579, time: 0.005901808000999154
L: 0.50, u_super: 0.00049, sec: 30.487, prod: 0.009003, t_ads: 378.4, t_des: 479.0, bed_util_ads: 0.424, bed_util_des: 0.416, des_th: 0.41631794876083994,frac_lost: 0.103, li_recovered:  7.720, time: 0.0064250550003635
L: 0.50, u_super: 0.00026 — INFEASIBLE (li_recovered=0.000e+00), time: 0.0031070370005181758
L: 0.50, u_super: 0.00839, sec: 488.587, prod: 0.186582, t_ads: 23.3, t_des: 23.1, bed_util_ads: 0.487, bed_util_des: 0.487, des_th: 0.4866530776343423,frac_lost: 0.104, li_recovered:  8.658, time: 0.005432183001175872
L: 0.50, u_super: 0.00080, sec: 223.116, prod: 0.003378, t_ads: 245.2, t_des: 2353.7, bed_util_ads: 0.219, bed_util_des: 0.192, des_th: 0.19201260524005812,frac_lost: 0.101, li_recovered:  8.778, time: 0.02966683200065745
L: 0.85, u_super: 0.00791, sec: 773.973, prod: 0.178040, t_ads: 42.0, t_des: 37.4, bed_util_ads: 0.499, bed_util_des: 0.499, des_th: 0.49928393061608123,frac_lost: 0.105, li_recovered:  14.142, time: 0.006709969000439742
L: 0.50, u_super: 0.00832, sec: 476.174, prod: 0.188466, t_ads: 23.5, t_des: 21.3, bed_util_ads: 0.499, bed_util_des: 0.498, des_th: 0.4985075310762581,frac_lost: 0.106, li_recovered:  8.445, time: 0.005643872000291594
L: 0.50, u_super: 0.00924, sec: 534.259, prod: 0.209384, t_ads: 21.2, t_des: 19.2, bed_util_ads: 0.500, bed_util_des: 0.500, des_th: 0.4997739026407805,frac_lost: 0.105, li_recovered:  8.453, time: 0.00698909400125558
L: 0.50, u_super: 0.00056 — INFEASIBLE (li_recovered=0.000e+00), time: 0.003799051000896725
L: 0.50, u_super: 0.00072, sec: 46.869, prod: 0.012929, t_ads: 260.9, t_des: 365.2, bed_util_ads: 0.422, bed_util_des: 0.415, des_th: 0.4149843102078445,frac_lost: 0.101, li_recovered:  8.095, time: 0.008134534999044263
L: 0.50, u_super: 0.00581, sec: 321.819, prod: 0.131307, t_ads: 33.4, t_des: 30.3, bed_util_ads: 0.499, bed_util_des: 0.499, des_th: 0.49874058124499054,frac_lost: 0.102, li_recovered:  8.369, time: 0.005559610999625875
L: 0.50, u_super: 0.00593, sec: 352.104, prod: 0.125364, t_ads: 32.7, t_des: 36.4, bed_util_ads: 0.472, bed_util_des: 0.471, des_th: 0.47112766141820006,frac_lost: 0.101, li_recovered:  8.669, time: 0.0052094300008320715
L: 0.50, u_super: 0.00967, sec: 647.824, prod: 0.190000, t_ads: 20.2, t_des: 25.7, bed_util_ads: 0.457, bed_util_des: 0.456, des_th: 0.45618446832247384,frac_lost: 0.104, li_recovered:  8.719, time: 0.008482235998599208
L: 0.50, u_super: 0.00005, sec: 4.440, prod: 0.000652, t_ads: 3107.7, t_des: 4742.1, bed_util_ads: 0.256, bed_util_des: 0.205, des_th: 0.2054156249395659,frac_lost: 0.102, li_recovered:  5.118, time: 0.005535197000426706
L: 0.50, u_super: 0.00362, sec: 196.510, prod: 0.081021, t_ads: 53.7, t_des: 50.5, bed_util_ads: 0.491, bed_util_des: 0.491, des_th: 0.4911049678476126,frac_lost: 0.105, li_recovered:  8.439, time: 0.006564669998624595
   441 |    17640 |     40 |  0.0016726047 |             f
L: 0.50, u_super: 0.00688, sec: 386.991, prod: 0.155317, t_ads: 28.4, t_des: 25.5, bed_util_ads: 0.500, bed_util_des: 0.500, des_th: 0.4998044642878132,frac_lost: 0.107, li_recovered:  8.379, time: 0.005360380000638543
L: 0.50, u_super: 0.00588, sec: 339.689, prod: 0.127547, t_ads: 33.0, t_des: 34.8, bed_util_ads: 0.479, bed_util_des: 0.479, des_th: 0.4790361418532258,frac_lost: 0.102, li_recovered:  8.659, time: 0.005659301999912714
L: 0.50, u_super: 0.00126, sec: 76.391, prod: 0.024469, t_ads: 151.9, t_des: 189.1, bed_util_ads: 0.447, bed_util_des: 0.444, des_th: 0.4439886913910086,frac_lost: 0.105, li_recovered:  8.345, time: 0.004975554000338889
L: 0.50, u_super: 0.00635, sec: 354.306, prod: 0.143603, t_ads: 30.5, t_des: 28.6, bed_util_ads: 0.494, bed_util_des: 0.493, des_th: 0.4933508501076238,frac_lost: 0.100, li_recovered:  8.497, time: 0.007132197999453638
L: 0.50, u_super: 0.00318, sec: 172.393, prod: 0.070781, t_ads: 61.3, t_des: 53.8, bed_util_ads: 0.500, bed_util_des: 0.500, des_th: 0.49973263483528274,frac_lost: 0.108, li_recovered:  8.148, time: 0.004430686998603051
L: 28.83, u_super: 0.00751 — INFEASIBLE (li_recovered=0.000e+00), time: 0.001310141000431031
L: 0.50, u_super: 0.00049, sec: 29.262, prod: 0.009724, t_ads: 364.1, t_des: 316.3, bed_util_ads: 0.473, bed_util_des: 0.472, des_th: 0.47274455288693407,frac_lost: 0.105, li_recovered:  6.616, time: 0.004159995000009076
L: 0.50, u_super: 0.00679, sec: 451.949, prod: 0.129609, t_ads: 28.7, t_des: 38.4, bed_util_ads: 0.450, bed_util_des: 0.449, des_th: 0.449240122645302,frac_lost: 0.105, li_recovered:  8.698, time: 0.0053956419997120975
L: 0.50, u_super: 0.00457, sec: 250.362, prod: 0.102869, t_ads: 42.6, t_des: 38.4, bed_util_ads: 0.498, bed_util_des: 0.498, des_th: 0.4980134812412111,frac_lost: 0.106, li_recovered:  8.336, time: 0.0046102999986032955
L: 9.90, u_super: 0.00500 — INFEASIBLE (li_recovered=0.000e+00), time: 0.001618884998606518
L: 2.12, u_super: 0.00972, sec: 2457.635, prod: 0.214401, t_ads: 84.0, t_des: 72.9, bed_util_ads: 0.499, bed_util_des: 0.499, des_th: 0.49888573970066946,frac_lost: 0.106, li_recovered:  33.658, time: 0.0063175200011755805
L: 0.50, u_super: 0.00049, sec: 27.851, prod: 0.009856, t_ads: 370.6, t_des: 369.8, bed_util_ads: 0.456, bed_util_des: 0.452, des_th: 0.4527329377175302,frac_lost: 0.101, li_recovered:  7.297, time: 0.005862213000000338
L: 0.50, u_super: 0.00228, sec: 122.182, prod: 0.050645, t_ads: 84.6, t_des: 78.2, bed_util_ads: 0.492, bed_util_des: 0.491, des_th: 0.49120218933164495,frac_lost: 0.104, li_recovered:  8.244, time: 0.004555056000754121
L: 0.50, u_super: 0.00635, sec: 354.874, prod: 0.143373, t_ads: 30.7, t_des: 27.3, bed_util_ads: 0.500, bed_util_des: 0.500, des_th: 0.49978855541235995,frac_lost: 0.104, li_recovered:  8.316, time: 0.006741937999322545
L: 19.17, u_super: 0.00793 — INFEASIBLE (li_recovered=0.000e+00), time: 0.0025070329993468476
L: 0.50, u_super: 0.00760, sec: 430.046, prod: 0.172458, t_ads: 25.5, t_des: 23.0, bed_util_ads: 0.500, bed_util_des: 0.499, des_th: 0.4994716801876888,frac_lost: 0.100, li_recovered:  8.373, time: 0.009095084000364295
L: 0.50, u_super: 0.00746, sec: 421.447, prod: 0.169357, t_ads: 26.0, t_des: 23.8, bed_util_ads: 0.497, bed_util_des: 0.497, des_th: 0.4971969722117407,frac_lost: 0.100, li_recovered:  8.433, time: 0.007787186999848927
L: 0.50, u_super: 0.00867, sec: 498.528, prod: 0.196208, t_ads: 22.5, t_des: 20.9, bed_util_ads: 0.497, bed_util_des: 0.497, des_th: 0.49666539430580053,frac_lost: 0.105, li_recovered:  8.523, time: 0.007556086999102263
L: 0.50, u_super: 0.00504, sec: 277.446, prod: 0.113530, t_ads: 38.6, t_des: 34.5, bed_util_ads: 0.499, bed_util_des: 0.499, des_th: 0.49873693145519027,frac_lost: 0.104, li_recovered:  8.293, time: 0.007776219999868772
L: 0.50, u_super: 0.00412, sec: 224.548, prod: 0.092455, t_ads: 47.3, t_des: 42.3, bed_util_ads: 0.499, bed_util_des: 0.499, des_th: 0.49889430083959113,frac_lost: 0.106, li_recovered:  8.278, time: 0.011630139999397215
L: 0.50, u_super: 0.00227, sec: 123.171, prod: 0.050127, t_ads: 84.8, t_des: 83.0, bed_util_ads: 0.484, bed_util_des: 0.484, des_th: 0.4836312205475423,frac_lost: 0.104, li_recovered:  8.413, time: 0.008931090000260156
L: 0.50, u_super: 0.00389, sec: 212.263, prod: 0.087309, t_ads: 49.8, t_des: 47.2, bed_util_ads: 0.491, bed_util_des: 0.491, des_th: 0.4906137172316605,frac_lost: 0.104, li_recovered:  8.470, time: 0.009711740000057034
L: 0.50, u_super: 0.00990, sec: 576.148, prod: 0.224758, t_ads: 19.7, t_des: 17.9, bed_util_ads: 0.500, bed_util_des: 0.499, des_th: 0.49942132725883337,frac_lost: 0.103, li_recovered:  8.447, time: 0.008045753000260447
L: 0.50, u_super: 0.00832, sec: 477.907, prod: 0.187783, t_ads: 23.5, t_des: 22.1, bed_util_ads: 0.494, bed_util_des: 0.494, des_th: 0.4942107900058825,frac_lost: 0.107, li_recovered:  8.563, time: 0.011633112999334116
L: 0.50, u_super: 0.00023 — INFEASIBLE (li_recovered=0.000e+00), time: 0.004230556000038632
L: 0.50, u_super: 0.00049, sec: 103.736, prod: 0.002705, t_ads: 403.6, t_des: 2829.7, bed_util_ads: 0.237, bed_util_des: 0.200, des_th: 0.19987973340201784,frac_lost: 0.104, li_recovered:  8.748, time: 0.04571297999973467
L: 0.50, u_super: 0.00227, sec: 122.852, prod: 0.049941, t_ads: 85.4, t_des: 74.0, bed_util_ads: 0.500, bed_util_des: 0.499, des_th: 0.49942100435232184,frac_lost: 0.108, li_recovered:  7.959, time: 0.014931738000086625
L: 0.50, u_super: 0.00825, sec: 471.852, prod: 0.186620, t_ads: 23.7, t_des: 21.5, bed_util_ads: 0.499, bed_util_des: 0.499, des_th: 0.4985075310762581,frac_lost: 0.107, li_recovered:  8.443, time: 0.008186289000150282
L: 0.50, u_super: 0.00081, sec: 44.350, prod: 0.017161, t_ads: 230.3, t_des: 218.7, bed_util_ads: 0.474, bed_util_des: 0.473, des_th: 0.4730441242971721,frac_lost: 0.100, li_recovered:  7.705, time: 0.010078592000354547
L: 0.50, u_super: 0.00389, sec: 212.113, prod: 0.087371, t_ads: 50.0, t_des: 44.7, bed_util_ads: 0.499, bed_util_des: 0.499, des_th: 0.498874684297357,frac_lost: 0.107, li_recovered:  8.268, time: 0.008092635998764308
L: 0.50, u_super: 0.00411, sec: 224.742, prod: 0.092316, t_ads: 47.4, t_des: 42.2, bed_util_ads: 0.499, bed_util_des: 0.499, des_th: 0.49889430083959113,frac_lost: 0.108, li_recovered:  8.268, time: 0.012916650999613921
L: 0.50, u_super: 0.00362, sec: 196.523, prod: 0.081015, t_ads: 53.8, t_des: 48.1, bed_util_ads: 0.498, bed_util_des: 0.498, des_th: 0.4978921213527984,frac_lost: 0.107, li_recovered:  8.254, time: 0.008121572000163724
L: 32.28, u_super: 0.00578 — INFEASIBLE (li_recovered=0.000e+00), time: 0.010756965999462409
L: 0.50, u_super: 0.00018, sec: 25.555, prod: 0.001506, t_ads: 1087.8, t_des: 4596.6, bed_util_ads: 0.251, bed_util_des: 0.185, des_th: 0.1851696623157332,frac_lost: 0.104, li_recovered:  8.563, time: 0.0270671250000305
L: 0.50, u_super: 0.00667, sec: 373.630, prod: 0.151113, t_ads: 29.1, t_des: 26.4, bed_util_ads: 0.499, bed_util_des: 0.499, des_th: 0.49932264656845604,frac_lost: 0.102, li_recovered:  8.382, time: 0.011600499001360731
L: 0.50, u_super: 0.00460, sec: 302.060, prod: 0.086272, t_ads: 42.2, t_des: 58.2, bed_util_ads: 0.444, bed_util_des: 0.443, des_th: 0.443161587195162,frac_lost: 0.100, li_recovered:  8.657, time: 0.010207946999798878
L: 33.06, u_super: 0.00508 — INFEASIBLE (li_recovered=0.000e+00), time: 0.0019387049997021677
L: 0.50, u_super: 0.00429, sec: 234.736, prod: 0.096233, t_ads: 45.3, t_des: 42.9, bed_util_ads: 0.492, bed_util_des: 0.491, des_th: 0.49119908768525594,frac_lost: 0.104, li_recovered:  8.487, time: 0.008597519001341425
L: 10.83, u_super: 0.00318 — INFEASIBLE (li_recovered=0.000e+00), time: 0.002161599999453756
L: 0.50, u_super: 0.00375, sec: 204.455, prod: 0.084065, t_ads: 51.8, t_des: 45.8, bed_util_ads: 0.499, bed_util_des: 0.499, des_th: 0.4987979929050344,frac_lost: 0.106, li_recovered:  8.207, time: 0.008484650999889709
   442 |    17680 |     40 |  0.0040345731 |             f
L: 0.50, u_super: 0.00460, sec: 252.111, prod: 0.103365, t_ads: 42.3, t_des: 37.7, bed_util_ads: 0.500, bed_util_des: 0.500, des_th: 0.4999057764288116,frac_lost: 0.106, li_recovered:  8.272, time: 0.0080806180012587
L: 0.50, u_super: 0.00362, sec: 196.510, prod: 0.081021, t_ads: 53.7, t_des: 50.5, bed_util_ads: 0.491, bed_util_des: 0.491, des_th: 0.4911049678476126,frac_lost: 0.105, li_recovered:  8.439, time: 0.010274644999299198
L: 0.50, u_super: 0.00021, sec: 29.178, prod: 0.001694, t_ads: 951.0, t_des: 4079.2, bed_util_ads: 0.254, bed_util_des: 0.194, des_th: 0.194124690649286,frac_lost: 0.101, li_recovered:  8.523, time: 0.019348253999851295
L: 22.50, u_super: 0.00181 — INFEASIBLE (li_recovered=0.000e+00), time: 0.001653705001444905
L: 0.50, u_super: 0.00916, sec: 528.767, prod: 0.207487, t_ads: 21.3, t_des: 19.3, bed_util_ads: 0.499, bed_util_des: 0.499, des_th: 0.49911607054190127,frac_lost: 0.105, li_recovered:  8.441, time: 0.007644463001270196
L: 0.50, u_super: 0.00198, sec: 105.927, prod: 0.043819, t_ads: 96.8, t_des: 91.3, bed_util_ads: 0.487, bed_util_des: 0.486, des_th: 0.4863332126748828,frac_lost: 0.100, li_recovered:  8.242, time: 0.007050453999909223
L: 0.50, u_super: 0.00289, sec: 156.166, prod: 0.064635, t_ads: 66.6, t_des: 59.4, bed_util_ads: 0.497, bed_util_des: 0.497, des_th: 0.4966632421941053,frac_lost: 0.102, li_recovered:  8.146, time: 0.005506530000275234
L: 10.59, u_super: 0.00316 — INFEASIBLE (li_recovered=0.000e+00), time: 0.00216070500027854
L: 0.50, u_super: 0.00196, sec: 106.346, prod: 0.043091, t_ads: 97.3, t_des: 84.3, bed_util_ads: 0.498, bed_util_des: 0.498, des_th: 0.49787448072508494,frac_lost: 0.100, li_recovered:  7.828, time: 0.007306884999707108
L: 0.50, u_super: 0.00290, sec: 156.978, prod: 0.064613, t_ads: 66.5, t_des: 58.3, bed_util_ads: 0.500, bed_util_des: 0.500, des_th: 0.49973263483528274,frac_lost: 0.103, li_recovered:  8.066, time: 0.0062619489999633515
L: 0.50, u_super: 0.00200, sec: 107.387, prod: 0.044211, t_ads: 96.6, t_des: 89.3, bed_util_ads: 0.490, bed_util_des: 0.490, des_th: 0.48978700426843147,frac_lost: 0.107, li_recovered:  8.220, time: 0.006956231000003754
L: 0.50, u_super: 0.00965, sec: 561.439, prod: 0.218589, t_ads: 20.3, t_des: 18.6, bed_util_ads: 0.499, bed_util_des: 0.499, des_th: 0.4986866649294503,frac_lost: 0.107, li_recovered:  8.493, time: 0.007226052999612875
L: 13.59, u_super: 0.00113 — INFEASIBLE (li_recovered=0.000e+00), time: 0.001124925000112853
L: 0.50, u_super: 0.00688, sec: 386.206, prod: 0.155766, t_ads: 28.2, t_des: 25.2, bed_util_ads: 0.500, bed_util_des: 0.500, des_th: 0.4995115946664284,frac_lost: 0.100, li_recovered:  8.311, time: 0.0073405080001975875
L: 0.50, u_super: 0.00049, sec: 119.080, prod: 0.002383, t_ads: 401.6, t_des: 3286.6, bed_util_ads: 0.224, bed_util_des: 0.185, des_th: 0.1851696623157332,frac_lost: 0.103, li_recovered:  8.789, time: 0.026151866999498452
L: 0.50, u_super: 0.00148, sec: 79.489, prod: 0.032347, t_ads: 129.7, t_des: 119.6, bed_util_ads: 0.487, bed_util_des: 0.486, des_th: 0.48620826451822274,frac_lost: 0.106, li_recovered:  8.064, time: 0.006679038000584114
L: 0.50, u_super: 0.00229, sec: 124.443, prod: 0.050260, t_ads: 84.3, t_des: 72.2, bed_util_ads: 0.500, bed_util_des: 0.500, des_th: 0.4999824625026526,frac_lost: 0.106, li_recovered:  7.868, time: 0.004855719998886343
L: 0.50, u_super: 0.00521, sec: 288.502, prod: 0.117119, t_ads: 37.2, t_des: 35.7, bed_util_ads: 0.491, bed_util_des: 0.490, des_th: 0.49051229718552725,frac_lost: 0.102, li_recovered:  8.539, time: 0.005897865999941132
L: 0.50, u_super: 0.00681, sec: 512.613, prod: 0.114911, t_ads: 28.7, t_des: 47.1, bed_util_ads: 0.425, bed_util_des: 0.424, des_th: 0.42355595001588225,frac_lost: 0.105, li_recovered:  8.710, time: 0.0072746770001685945
L: 0.50, u_super: 0.00336, sec: 189.768, prod: 0.072293, t_ads: 57.8, t_des: 61.0, bed_util_ads: 0.477, bed_util_des: 0.476, des_th: 0.4763004565177342,frac_lost: 0.105, li_recovered:  8.586, time: 0.0056270889999723295
L: 0.50, u_super: 0.00422, sec: 237.734, prod: 0.091878, t_ads: 46.2, t_des: 47.6, bed_util_ads: 0.481, bed_util_des: 0.480, des_th: 0.4802005177963724,frac_lost: 0.106, li_recovered:  8.614, time: 0.007728923999820836
L: 0.50, u_super: 0.00449, sec: 246.207, prod: 0.101074, t_ads: 43.3, t_des: 38.6, bed_util_ads: 0.500, bed_util_des: 0.500, des_th: 0.4998661191851115,frac_lost: 0.106, li_recovered:  8.282, time: 0.011235721000048216
L: 0.50, u_super: 0.00504, sec: 277.570, prod: 0.113479, t_ads: 38.6, t_des: 34.4, bed_util_ads: 0.500, bed_util_des: 0.500, des_th: 0.49976871229726805,frac_lost: 0.105, li_recovered:  8.293, time: 0.010731701000622706
L: 0.50, u_super: 0.00252, sec: 136.438, prod: 0.055666, t_ads: 76.7, t_des: 74.9, bed_util_ads: 0.484, bed_util_des: 0.484, des_th: 0.4836312205475423,frac_lost: 0.104, li_recovered:  8.436, time: 0.009772900000825757
L: 0.50, u_super: 0.00973, sec: 565.597, prod: 0.220825, t_ads: 20.0, t_des: 18.2, bed_util_ads: 0.500, bed_util_des: 0.499, des_th: 0.49942132725883337,frac_lost: 0.104, li_recovered:  8.451, time: 0.012166390999482246
L: 10.62, u_super: 0.00867 — INFEASIBLE (li_recovered=0.000e+00), time: 0.004697084999861545
L: 0.50, u_super: 0.00391, sec: 213.432, prod: 0.087545, t_ads: 49.8, t_des: 43.9, bed_util_ads: 0.500, bed_util_des: 0.500, des_th: 0.49981731661735435,frac_lost: 0.107, li_recovered:  8.201, time: 0.0092952660015726
L: 0.50, u_super: 0.00047, sec: 27.064, prod: 0.009478, t_ads: 383.0, t_des: 374.4, bed_util_ads: 0.456, bed_util_des: 0.453, des_th: 0.45333113537252107,frac_lost: 0.102, li_recovered:  7.178, time: 0.0062795649992040126
L: 0.50, u_super: 0.00317, sec: 170.739, prod: 0.071150, t_ads: 60.8, t_des: 56.2, bed_util_ads: 0.494, bed_util_des: 0.493, des_th: 0.4933508501076238,frac_lost: 0.100, li_recovered:  8.322, time: 0.00859076999950048
L: 28.61, u_super: 0.00460 — INFEASIBLE (li_recovered=0.000e+00), time: 0.0017135779999080114
L: 0.50, u_super: 0.00519, sec: 285.986, prod: 0.117147, t_ads: 37.4, t_des: 33.5, bed_util_ads: 0.500, bed_util_des: 0.499, des_th: 0.4994180119145623,frac_lost: 0.102, li_recovered:  8.303, time: 0.0075143419999221805
L: 4.41, u_super: 0.00453 — INFEASIBLE (li_recovered=0.000e+00), time: 0.0042837009987124475
L: 0.50, u_super: 0.00164, sec: 88.452, prod: 0.036111, t_ads: 116.4, t_des: 104.7, bed_util_ads: 0.492, bed_util_des: 0.491, des_th: 0.491459819675281,frac_lost: 0.104, li_recovered:  7.983, time: 0.005939278000369086
L: 0.50, u_super: 0.00005 — INFEASIBLE (li_recovered=0.000e+00), time: 0.0013641040004586102
L: 0.50, u_super: 0.00081, sec: 44.407, prod: 0.017095, t_ads: 233.0, t_des: 221.8, bed_util_ads: 0.475, bed_util_des: 0.473, des_th: 0.473169072450327,frac_lost: 0.107, li_recovered:  7.776, time: 0.005514645999937784
L: 0.50, u_super: 0.00180, sec: 97.320, prod: 0.039591, t_ads: 107.1, t_des: 102.4, bed_util_ads: 0.485, bed_util_des: 0.484, des_th: 0.48363648511950524,frac_lost: 0.108, li_recovered:  8.296, time: 0.008641804999570013
L: 0.50, u_super: 0.00983, sec: 571.954, prod: 0.223112, t_ads: 19.8, t_des: 17.8, bed_util_ads: 0.500, bed_util_des: 0.500, des_th: 0.49978080017126125,frac_lost: 0.102, li_recovered:  8.388, time: 0.012059171000146307
L: 0.50, u_super: 0.00411, sec: 224.384, prod: 0.092463, t_ads: 47.2, t_des: 42.2, bed_util_ads: 0.499, bed_util_des: 0.498, des_th: 0.4983224226595956,frac_lost: 0.104, li_recovered:  8.262, time: 0.012563534999571857
L: 0.50, u_super: 0.00221, sec: 891.766, prod: 0.006522, t_ads: 89.1, t_des: 1258.8, bed_util_ads: 0.197, bed_util_des: 0.185, des_th: 0.18512169323063454,frac_lost: 0.104, li_recovered:  8.791, time: 0.0765024779993837
L: 0.50, u_super: 0.00006 — INFEASIBLE (li_recovered=0.000e+00), time: 0.0016083279988379218
   443 |    17720 |     40 |  0.0014802709 |             f
L: 0.50, u_super: 0.00886, sec: 510.909, prod: 0.200417, t_ads: 22.1, t_des: 20.5, bed_util_ads: 0.497, bed_util_des: 0.497, des_th: 0.4968791408893382,frac_lost: 0.106, li_recovered:  8.529, time: 0.007075924999298877
L: 0.50, u_super: 0.00420, sec: 230.103, prod: 0.094259, t_ads: 46.2, t_des: 43.8, bed_util_ads: 0.491, bed_util_des: 0.491, des_th: 0.4911149717889174,frac_lost: 0.105, li_recovered:  8.489, time: 0.008516245999999228
L: 0.50, u_super: 0.00592, sec: 358.737, prod: 0.122685, t_ads: 32.8, t_des: 37.9, bed_util_ads: 0.467, bed_util_des: 0.467, des_th: 0.46675025947686233,frac_lost: 0.101, li_recovered:  8.673, time: 0.008157931000823737
L: 0.50, u_super: 0.00165, sec: 88.878, prod: 0.036485, t_ads: 115.5, t_des: 107.4, bed_util_ads: 0.487, bed_util_des: 0.486, des_th: 0.48642506340047803,frac_lost: 0.103, li_recovered:  8.131, time: 0.007792354999764939
L: 0.50, u_super: 0.00832, sec: 476.280, prod: 0.188424, t_ads: 23.5, t_des: 21.3, bed_util_ads: 0.499, bed_util_des: 0.499, des_th: 0.4992194521031143,frac_lost: 0.106, li_recovered:  8.444, time: 0.006178825999086257
L: 0.50, u_super: 0.00803, sec: 457.848, prod: 0.181505, t_ads: 24.4, t_des: 21.8, bed_util_ads: 0.500, bed_util_des: 0.500, des_th: 0.4999949180547962,frac_lost: 0.107, li_recovered:  8.382, time: 0.0065749180012062425
L: 0.50, u_super: 0.00514, sec: 282.628, prod: 0.116055, t_ads: 37.7, t_des: 34.1, bed_util_ads: 0.498, bed_util_des: 0.498, des_th: 0.4981448504229553,frac_lost: 0.102, li_recovered:  8.338, time: 0.006867413001600653
L: 0.50, u_super: 0.00735, sec: 414.635, prod: 0.166434, t_ads: 26.5, t_des: 23.9, bed_util_ads: 0.500, bed_util_des: 0.499, des_th: 0.4994746568905721,frac_lost: 0.102, li_recovered:  8.380, time: 0.005485407000378473
L: 0.50, u_super: 0.00115, sec: 62.829, prod: 0.024578, t_ads: 164.0, t_des: 143.2, bed_util_ads: 0.492, bed_util_des: 0.491, des_th: 0.49120218933164495,frac_lost: 0.100, li_recovered:  7.551, time: 0.009504546998869046
L: 0.50, u_super: 0.00429, sec: 234.070, prod: 0.096404, t_ads: 45.4, t_des: 41.5, bed_util_ads: 0.497, bed_util_des: 0.497, des_th: 0.4968307997791036,frac_lost: 0.106, li_recovered:  8.377, time: 0.009249486000044271
L: 0.50, u_super: 0.00704, sec: 404.043, prod: 0.156178, t_ads: 27.8, t_des: 27.6, bed_util_ads: 0.487, bed_util_des: 0.487, des_th: 0.4866530776343423,frac_lost: 0.107, li_recovered:  8.647, time: 0.009854912999799126
L: 0.50, u_super: 0.00005, sec: 4.327, prod: 0.000669, t_ads: 3448.2, t_des: 5917.8, bed_util_ads: 0.252, bed_util_des: 0.183, des_th: 0.18329894850638198,frac_lost: 0.102, li_recovered:  6.267, time: 0.012766265999744064
L: 6.14, u_super: 0.00234 — INFEASIBLE (li_recovered=0.000e+00), time: 0.003423146001296118
L: 0.50, u_super: 0.00803, sec: 459.313, prod: 0.180926, t_ads: 24.4, t_des: 22.9, bed_util_ads: 0.495, bed_util_des: 0.494, des_th: 0.49437879511747224,frac_lost: 0.107, li_recovered:  8.563, time: 0.012455543999749352
L: 25.81, u_super: 0.00939 — INFEASIBLE (li_recovered=0.000e+00), time: 0.002923314999861759
L: 0.50, u_super: 0.00318, sec: 173.036, prod: 0.070741, t_ads: 61.2, t_des: 58.6, bed_util_ads: 0.489, bed_util_des: 0.489, des_th: 0.4889313035160053,frac_lost: 0.108, li_recovered:  8.471, time: 0.009623918000215781
L: 0.50, u_super: 0.00328, sec: 180.285, prod: 0.072330, t_ads: 59.2, t_des: 58.8, bed_util_ads: 0.484, bed_util_des: 0.483, des_th: 0.48345863379458365,frac_lost: 0.106, li_recovered:  8.535, time: 0.010335476001273491
L: 0.50, u_super: 0.00454, sec: 248.607, prod: 0.102015, t_ads: 42.8, t_des: 40.2, bed_util_ads: 0.494, bed_util_des: 0.493, des_th: 0.4933508501076238,frac_lost: 0.104, li_recovered:  8.469, time: 0.008047957000599126
L: 10.26, u_super: 0.00336 — INFEASIBLE (li_recovered=0.000e+00), time: 0.003235752001273795
L: 0.50, u_super: 0.00260, sec: 140.901, prod: 0.057624, t_ads: 74.0, t_des: 72.4, bed_util_ads: 0.484, bed_util_des: 0.484, des_th: 0.483715336443365,frac_lost: 0.102, li_recovered:  8.440, time: 0.012873554000179865
L: 1.79, u_super: 0.00134 — INFEASIBLE (li_recovered=0.000e+00), time: 0.0038896919995750068
L: 0.50, u_super: 0.00745, sec: 420.308, prod: 0.168892, t_ads: 26.1, t_des: 23.8, bed_util_ads: 0.498, bed_util_des: 0.498, des_th: 0.49824463439561256,frac_lost: 0.101, li_recovered:  8.422, time: 0.00713311999970756
L: 13.44, u_super: 0.00990 — INFEASIBLE (li_recovered=0.000e+00), time: 0.004620948000592762
L: 0.50, u_super: 0.00662, sec: 448.259, prod: 0.123905, t_ads: 29.5, t_des: 40.7, bed_util_ads: 0.445, bed_util_des: 0.444, des_th: 0.44434107018027197,frac_lost: 0.105, li_recovered:  8.698, time: 0.007593756999995094
L: 0.50, u_super: 0.00700, sec: 392.852, prod: 0.158649, t_ads: 27.7, t_des: 25.1, bed_util_ads: 0.499, bed_util_des: 0.499, des_th: 0.4986833495883686,frac_lost: 0.100, li_recovered:  8.383, time: 0.007402693998301402
L: 0.50, u_super: 0.00097, sec: 61.961, prod: 0.017998, t_ads: 194.5, t_des: 264.0, bed_util_ads: 0.433, bed_util_des: 0.428, des_th: 0.4278083920591175,frac_lost: 0.102, li_recovered:  8.253, time: 0.010268674999679206
L: 0.50, u_super: 0.00816, sec: 465.890, prod: 0.184543, t_ads: 24.0, t_des: 21.8, bed_util_ads: 0.499, bed_util_des: 0.498, des_th: 0.4985075310762581,frac_lost: 0.107, li_recovered:  8.449, time: 0.008739950999370194
L: 0.50, u_super: 0.00059 — INFEASIBLE (li_recovered=0.000e+00), time: 0.0037187099987932015
L: 0.50, u_super: 0.00933, sec: 540.988, prod: 0.211313, t_ads: 21.0, t_des: 19.2, bed_util_ads: 0.499, bed_util_des: 0.498, des_th: 0.4985106763150021,frac_lost: 0.107, li_recovered:  8.492, time: 0.010185615999944275
L: 53.11, u_super: 0.00463 — INFEASIBLE (li_recovered=0.000e+00), time: 0.002068023999527213
L: 0.50, u_super: 0.00990, sec: 577.045, prod: 0.224413, t_ads: 19.8, t_des: 18.0, bed_util_ads: 0.500, bed_util_des: 0.499, des_th: 0.49950711400871683,frac_lost: 0.106, li_recovered:  8.464, time: 0.009121307000896195
L: 0.50, u_super: 0.00345, sec: 186.924, prod: 0.077376, t_ads: 56.2, t_des: 52.1, bed_util_ads: 0.494, bed_util_des: 0.493, des_th: 0.4933508501076238,frac_lost: 0.105, li_recovered:  8.382, time: 0.0072891070012701675
L: 0.50, u_super: 0.00179, sec: 96.400, prod: 0.039528, t_ads: 106.6, t_des: 102.7, bed_util_ads: 0.484, bed_util_des: 0.484, des_th: 0.48363308802484034,frac_lost: 0.101, li_recovered:  8.276, time: 0.007214246999865281
L: 53.67, u_super: 0.00671 — INFEASIBLE (li_recovered=0.000e+00), time: 0.001505999998698826
L: 0.50, u_super: 0.00974, sec: 566.266, prod: 0.220864, t_ads: 20.1, t_des: 18.2, bed_util_ads: 0.500, bed_util_des: 0.499, des_th: 0.49941790163641636,frac_lost: 0.105, li_recovered:  8.450, time: 0.007848967999962042
L: 0.50, u_super: 0.00065, sec: 179.114, prod: 0.002779, t_ads: 303.7, t_des: 2864.3, bed_util_ads: 0.217, bed_util_des: 0.185, des_th: 0.1851696623157332,frac_lost: 0.104, li_recovered:  8.803, time: 0.0400177289993735
L: 0.50, u_super: 0.00737, sec: 420.345, prod: 0.165296, t_ads: 26.5, t_des: 25.5, bed_util_ads: 0.491, bed_util_des: 0.491, des_th: 0.4911049678476126,frac_lost: 0.106, li_recovered:  8.604, time: 0.0074288769992563175
L: 0.50, u_super: 0.00356, sec: 193.422, prod: 0.079591, t_ads: 54.6, t_des: 48.3, bed_util_ads: 0.500, bed_util_des: 0.500, des_th: 0.4999118291017904,frac_lost: 0.106, li_recovered:  8.190, time: 0.006405857999197906
L: 0.50, u_super: 0.00829, sec: 474.210, prod: 0.187411, t_ads: 23.6, t_des: 21.7, bed_util_ads: 0.497, bed_util_des: 0.497, des_th: 0.49666539430580053,frac_lost: 0.107, li_recovered:  8.495, time: 0.006331238000711892
L: 0.50, u_super: 0.00371, sec: 201.761, prod: 0.083227, t_ads: 52.5, t_des: 47.6, bed_util_ads: 0.497, bed_util_des: 0.497, des_th: 0.4971969722117407,frac_lost: 0.108, li_recovered:  8.331, time: 0.007821229000910535
   444 |    17760 |     40 |  0.0036395422 |             f
L: 0.50, u_super: 0.00005, sec: 4.338, prod: 0.000667, t_ads: 3360.2, t_des: 5563.9, bed_util_ads: 0.254, bed_util_des: 0.190, des_th: 0.19051111128971668,frac_lost: 0.102, li_recovered:  5.956, time: 0.010500902999410755
L: 0.50, u_super: 0.00130, sec: 70.112, prod: 0.028312, t_ads: 146.4, t_des: 134.0, bed_util_ads: 0.487, bed_util_des: 0.486, des_th: 0.4863332126748828,frac_lost: 0.104, li_recovered:  7.938, time: 0.009303418999479618
L: 0.50, u_super: 0.00958, sec: 556.341, prod: 0.216938, t_ads: 20.4, t_des: 18.9, bed_util_ads: 0.496, bed_util_des: 0.496, des_th: 0.4963348380445361,frac_lost: 0.104, li_recovered:  8.526, time: 0.013745084999754908
L: 0.50, u_super: 0.00041, sec: 25.756, prod: 0.007545, t_ads: 444.2, t_des: 552.7, bed_util_ads: 0.420, bed_util_des: 0.411, des_th: 0.41099484388273694,frac_lost: 0.103, li_recovered:  7.522, time: 0.012002325000139535
L: 24.00, u_super: 0.00424 — INFEASIBLE (li_recovered=0.000e+00), time: 0.003575754000848974
L: 0.50, u_super: 0.00886, sec: 510.909, prod: 0.200417, t_ads: 22.1, t_des: 20.5, bed_util_ads: 0.497, bed_util_des: 0.497, des_th: 0.4968791408893382,frac_lost: 0.106, li_recovered:  8.529, time: 0.009638842999265762
L: 0.50, u_super: 0.00990, sec: 683.790, prod: 0.189376, t_ads: 19.7, t_des: 26.4, bed_util_ads: 0.450, bed_util_des: 0.450, des_th: 0.4497149995132624,frac_lost: 0.103, li_recovered:  8.720, time: 0.011318883000058122
L: 0.50, u_super: 0.00293, sec: 159.127, prod: 0.065195, t_ads: 65.6, t_des: 57.0, bed_util_ads: 0.500, bed_util_des: 0.500, des_th: 0.49955832035870584,frac_lost: 0.101, li_recovered:  7.996, time: 0.009467320000112522
L: 0.50, u_super: 0.00853, sec: 489.102, prod: 0.193186, t_ads: 22.9, t_des: 21.1, bed_util_ads: 0.497, bed_util_des: 0.497, des_th: 0.49722043257858856,frac_lost: 0.105, li_recovered:  8.493, time: 0.010331899999073357
L: 0.50, u_super: 0.00636, sec: 354.708, prod: 0.143773, t_ads: 30.5, t_des: 28.6, bed_util_ads: 0.494, bed_util_des: 0.493, des_th: 0.4933508501076238,frac_lost: 0.100, li_recovered:  8.500, time: 0.00956537799902435
L: 0.50, u_super: 0.00652, sec: 364.741, prod: 0.147654, t_ads: 29.8, t_des: 26.9, bed_util_ads: 0.499, bed_util_des: 0.499, des_th: 0.4986833495883686,frac_lost: 0.102, li_recovered:  8.372, time: 0.008114750999084208
L: 0.50, u_super: 0.00539, sec: 298.061, prod: 0.121660, t_ads: 36.0, t_des: 33.8, bed_util_ads: 0.494, bed_util_des: 0.493, des_th: 0.49330013412244994,frac_lost: 0.102, li_recovered:  8.486, time: 0.011307515000225976
L: 0.50, u_super: 0.00308, sec: 167.795, prod: 0.068239, t_ads: 63.2, t_des: 61.1, bed_util_ads: 0.487, bed_util_des: 0.487, des_th: 0.4866714861194421,frac_lost: 0.108, li_recovered:  8.486, time: 0.010197237999818753
L: 0.50, u_super: 0.00923, sec: 533.945, prod: 0.209132, t_ads: 21.2, t_des: 19.4, bed_util_ads: 0.498, bed_util_des: 0.498, des_th: 0.49791808693093015,frac_lost: 0.105, li_recovered:  8.492, time: 0.008370778999960748
L: 0.50, u_super: 0.00228, sec: 123.335, prod: 0.050171, t_ads: 84.8, t_des: 73.4, bed_util_ads: 0.500, bed_util_des: 0.499, des_th: 0.49951617964956657,frac_lost: 0.106, li_recovered:  7.938, time: 0.010221307999017881
L: 0.50, u_super: 0.00845, sec: 484.555, prod: 0.191088, t_ads: 23.2, t_des: 21.3, bed_util_ads: 0.497, bed_util_des: 0.497, des_th: 0.49688340143663806,frac_lost: 0.107, li_recovered:  8.491, time: 0.010620510000080685
L: 0.50, u_super: 0.00500, sec: 274.685, prod: 0.112655, t_ads: 38.8, t_des: 34.8, bed_util_ads: 0.499, bed_util_des: 0.499, des_th: 0.4985106763150021,frac_lost: 0.102, li_recovered:  8.291, time: 0.009399568998560426
L: 0.98, u_super: 0.00459, sec: 502.099, prod: 0.101744, t_ads: 82.4, t_des: 72.4, bed_util_ads: 0.497, bed_util_des: 0.497, des_th: 0.4968878702963437,frac_lost: 0.105, li_recovered:  15.753, time: 0.008424863000982441
L: 0.50, u_super: 0.00589, sec: 328.481, prod: 0.132384, t_ads: 33.0, t_des: 31.7, bed_util_ads: 0.491, bed_util_des: 0.490, des_th: 0.49030040958714904,frac_lost: 0.102, li_recovered:  8.558, time: 0.0071794110008340795
L: 0.50, u_super: 0.00582, sec: 323.130, prod: 0.131406, t_ads: 33.4, t_des: 29.8, bed_util_ads: 0.500, bed_util_des: 0.500, des_th: 0.49978059842302974,frac_lost: 0.103, li_recovered:  8.311, time: 0.00886833500044304
L: 0.50, u_super: 0.00228, sec: 123.345, prod: 0.050167, t_ads: 84.9, t_des: 82.8, bed_util_ads: 0.485, bed_util_des: 0.484, des_th: 0.48455169782656193,frac_lost: 0.106, li_recovered:  8.414, time: 0.012075210999682895
L: 0.50, u_super: 0.00402, sec: 218.953, prod: 0.090254, t_ads: 48.4, t_des: 43.2, bed_util_ads: 0.499, bed_util_des: 0.499, des_th: 0.498874684297357,frac_lost: 0.105, li_recovered:  8.266, time: 0.008973583999249968
L: 0.50, u_super: 0.00502, sec: 275.959, prod: 0.113201, t_ads: 38.6, t_des: 34.6, bed_util_ads: 0.499, bed_util_des: 0.499, des_th: 0.4986833495883686,frac_lost: 0.102, li_recovered:  8.293, time: 0.009438138999030343
L: 0.50, u_super: 0.00049 — INFEASIBLE (li_recovered=0.000e+00), time: 0.005331853000825504
L: 36.76, u_super: 0.00785 — INFEASIBLE (li_recovered=0.000e+00), time: 0.0019957430013164412
L: 0.50, u_super: 0.00385, sec: 209.541, prod: 0.086505, t_ads: 50.5, t_des: 45.8, bed_util_ads: 0.497, bed_util_des: 0.497, des_th: 0.4966419339389527,frac_lost: 0.107, li_recovered:  8.331, time: 0.00860312300028454
L: 0.50, u_super: 0.00254, sec: 138.665, prod: 0.055925, t_ads: 75.8, t_des: 75.7, bed_util_ads: 0.482, bed_util_des: 0.481, des_th: 0.4813773873138173,frac_lost: 0.103, li_recovered:  8.471, time: 0.009115173001191579
L: 0.50, u_super: 0.00682, sec: 382.364, prod: 0.154647, t_ads: 28.4, t_des: 25.7, bed_util_ads: 0.498, bed_util_des: 0.498, des_th: 0.49793978583147835,frac_lost: 0.100, li_recovered:  8.368, time: 0.004996019999452983
L: 0.50, u_super: 0.00289, sec: 155.942, prod: 0.064727, t_ads: 66.7, t_des: 62.3, bed_util_ads: 0.491, bed_util_des: 0.491, des_th: 0.4905630131707011,frac_lost: 0.103, li_recovered:  8.352, time: 0.00784034499884001
L: 4.47, u_super: 0.00020, sec: 425.929, prod: 0.001001, t_ads: 3938.0, t_des: 2893.3, bed_util_ads: 0.198, bed_util_des: 0.185, des_th: 0.1851696623157332,frac_lost: 0.100, li_recovered:  6.838, time: 0.004658036001274013
L: 0.50, u_super: 0.00654, sec: 365.774, prod: 0.148198, t_ads: 29.6, t_des: 26.8, bed_util_ads: 0.499, bed_util_des: 0.499, des_th: 0.49911607054190127,frac_lost: 0.101, li_recovered:  8.360, time: 0.009493057999861776
L: 0.50, u_super: 0.00990, sec: 582.742, prod: 0.222214, t_ads: 19.7, t_des: 19.2, bed_util_ads: 0.491, bed_util_des: 0.491, des_th: 0.4910731037818218,frac_lost: 0.103, li_recovered:  8.640, time: 0.007737513000392937
L: 0.50, u_super: 0.00832, sec: 476.757, prod: 0.188263, t_ads: 23.5, t_des: 21.5, bed_util_ads: 0.499, bed_util_des: 0.498, des_th: 0.4985032705274887,frac_lost: 0.108, li_recovered:  8.481, time: 0.007369863998974324
L: 0.50, u_super: 0.00938, sec: 543.254, prod: 0.212358, t_ads: 20.9, t_des: 19.1, bed_util_ads: 0.499, bed_util_des: 0.499, des_th: 0.4986833495883686,frac_lost: 0.106, li_recovered:  8.486, time: 0.00878878799994709
L: 0.50, u_super: 0.00881, sec: 507.084, prod: 0.199576, t_ads: 22.2, t_des: 20.1, bed_util_ads: 0.500, bed_util_des: 0.499, des_th: 0.4994746568905721,frac_lost: 0.106, li_recovered:  8.445, time: 0.0076453580004454125
L: 0.50, u_super: 0.00018, sec: 25.575, prod: 0.001505, t_ads: 1089.5, t_des: 4605.7, bed_util_ads: 0.251, bed_util_des: 0.185, des_th: 0.1851696623157332,frac_lost: 0.104, li_recovered:  8.572, time: 0.016349819999959436
L: 31.42, u_super: 0.00990 — INFEASIBLE (li_recovered=0.000e+00), time: 0.002819978000843548
L: 0.50, u_super: 0.00740, sec: 419.299, prod: 0.167120, t_ads: 26.5, t_des: 24.3, bed_util_ads: 0.498, bed_util_des: 0.498, des_th: 0.49791798896136585,frac_lost: 0.108, li_recovered:  8.480, time: 0.006963384999835398
L: 0.50, u_super: 0.00635, sec: 430.356, prod: 0.118226, t_ads: 30.7, t_des: 42.8, bed_util_ads: 0.445, bed_util_des: 0.444, des_th: 0.4437844820686697,frac_lost: 0.104, li_recovered:  8.695, time: 0.007630293999682181
L: 0.50, u_super: 0.00005, sec: 4.339, prod: 0.000667, t_ads: 3532.6, t_des: 6411.8, bed_util_ads: 0.248, bed_util_des: 0.173, des_th: 0.173779198687353,frac_lost: 0.100, li_recovered:  6.634, time: 0.008629726000435767
   445 |    17800 |     40 |  0.0016060556 |             f
L: 21.18, u_super: 0.00578 — INFEASIBLE (li_recovered=0.000e+00), time: 0.0014268029990489595
L: 0.50, u_super: 0.00467, sec: 2255.298, prod: 0.011937, t_ads: 42.0, t_des: 693.9, bed_util_ads: 0.188, bed_util_des: 0.182, des_th: 0.1819089261802533,frac_lost: 0.103, li_recovered:  8.784, time: 0.04094249400077388
L: 0.50, u_super: 0.00097, sec: 61.767, prod: 0.018055, t_ads: 194.4, t_des: 262.3, bed_util_ads: 0.432, bed_util_des: 0.427, des_th: 0.427460619093678,frac_lost: 0.101, li_recovered:  8.246, time: 0.00557544000002963
L: 0.50, u_super: 0.00570, sec: 315.359, prod: 0.128967, t_ads: 34.0, t_des: 30.9, bed_util_ads: 0.498, bed_util_des: 0.498, des_th: 0.4977925728918154,frac_lost: 0.101, li_recovered:  8.364, time: 0.006309732998488471
L: 0.50, u_super: 0.00260, sec: 140.569, prod: 0.057760, t_ads: 74.1, t_des: 71.6, bed_util_ads: 0.486, bed_util_des: 0.485, des_th: 0.4852277605454593,frac_lost: 0.103, li_recovered:  8.418, time: 0.004792559999259538
L: 0.50, u_super: 0.00429, sec: 2198.095, prod: 0.010266, t_ads: 45.7, t_des: 810.1, bed_util_ads: 0.182, bed_util_des: 0.176, des_th: 0.17577201346272878,frac_lost: 0.102, li_recovered:  8.785, time: 0.04283046899945475
L: 0.50, u_super: 0.00737, sec: 419.943, prod: 0.165700, t_ads: 26.6, t_des: 25.2, bed_util_ads: 0.493, bed_util_des: 0.493, des_th: 0.4929918918610791,frac_lost: 0.108, li_recovered:  8.583, time: 0.006329071999061853
L: 0.50, u_super: 0.00684, sec: 383.609, prod: 0.155039, t_ads: 28.4, t_des: 25.7, bed_util_ads: 0.498, bed_util_des: 0.498, des_th: 0.4979496295369766,frac_lost: 0.101, li_recovered:  8.377, time: 0.005269379998935619
L: 0.50, u_super: 0.00115, sec: 63.001, prod: 0.024481, t_ads: 165.8, t_des: 143.3, bed_util_ads: 0.492, bed_util_des: 0.491, des_th: 0.4913555548685671,frac_lost: 0.107, li_recovered:  7.569, time: 0.004902578999463003
L: 56.14, u_super: 0.00577 — INFEASIBLE (li_recovered=0.000e+00), time: 0.0012933340003655758
L: 0.50, u_super: 0.00521, sec: 286.768, prod: 0.117505, t_ads: 37.3, t_des: 33.4, bed_util_ads: 0.500, bed_util_des: 0.499, des_th: 0.49942132725883337,frac_lost: 0.102, li_recovered:  8.308, time: 0.004996326000764384
L: 16.96, u_super: 0.00604 — INFEASIBLE (li_recovered=0.000e+00), time: 0.0023993100003281143
L: 0.50, u_super: 0.00951, sec: 551.774, prod: 0.215585, t_ads: 20.5, t_des: 18.7, bed_util_ads: 0.499, bed_util_des: 0.499, des_th: 0.4985075310762581,frac_lost: 0.105, li_recovered:  8.451, time: 0.006102205001297989
L: 3.73, u_super: 0.00798, sec: 3904.526, prod: 0.157167, t_ads: 177.0, t_des: 214.8, bed_util_ads: 0.448, bed_util_des: 0.444, des_th: 0.44412949106379096,frac_lost: 0.101, li_recovered:  61.580, time: 0.005412804999650689
L: 10.81, u_super: 0.00679 — INFEASIBLE (li_recovered=0.000e+00), time: 0.0022163800003909273
L: 0.50, u_super: 0.00710, sec: 400.638, prod: 0.160356, t_ads: 27.6, t_des: 24.7, bed_util_ads: 0.500, bed_util_des: 0.499, des_th: 0.49938419963247893,frac_lost: 0.107, li_recovered:  8.385, time: 0.006748871999661787
L: 0.50, u_super: 0.00228, sec: 139.175, prod: 0.044461, t_ads: 84.5, t_des: 107.3, bed_util_ads: 0.451, bed_util_des: 0.449, des_th: 0.4489829722296479,frac_lost: 0.100, li_recovered:  8.529, time: 0.007858322000174667
L: 10.54, u_super: 0.00005 — INFEASIBLE (li_recovered=0.000e+00), time: 0.0013664220005011884
L: 20.87, u_super: 0.00957 — INFEASIBLE (li_recovered=0.000e+00), time: 0.0019890650000888854
L: 0.50, u_super: 0.00005 — INFEASIBLE (li_recovered=0.000e+00), time: 0.0011815160014521098
L: 0.50, u_super: 0.00760, sec: 430.946, prod: 0.171757, t_ads: 25.8, t_des: 23.4, bed_util_ads: 0.499, bed_util_des: 0.499, des_th: 0.49865427077419017,frac_lost: 0.107, li_recovered:  8.445, time: 0.0056251610003528185
L: 0.50, u_super: 0.00224, sec: 120.153, prod: 0.049661, t_ads: 86.4, t_des: 79.6, bed_util_ads: 0.492, bed_util_des: 0.491, des_th: 0.49120218933164495,frac_lost: 0.106, li_recovered:  8.245, time: 0.005789111999547458
L: 0.50, u_super: 0.00710, sec: 401.721, prod: 0.159805, t_ads: 27.6, t_des: 26.0, bed_util_ads: 0.494, bed_util_des: 0.494, des_th: 0.4936145192548598,frac_lost: 0.107, li_recovered:  8.554, time: 0.004647416000807425
L: 0.50, u_super: 0.00958, sec: 556.267, prod: 0.216967, t_ads: 20.4, t_des: 18.7, bed_util_ads: 0.498, bed_util_des: 0.498, des_th: 0.4981101510161632,frac_lost: 0.106, li_recovered:  8.492, time: 0.006136394000350265
L: 15.20, u_super: 0.00018 — INFEASIBLE (li_recovered=0.000e+00), time: 0.0007563140006823232
L: 0.50, u_super: 0.00206, sec: 111.709, prod: 0.045401, t_ads: 93.5, t_des: 81.4, bed_util_ads: 0.498, bed_util_des: 0.497, des_th: 0.4971969722117407,frac_lost: 0.107, li_recovered:  7.939, time: 0.005745345999457641
L: 28.26, u_super: 0.00396 — INFEASIBLE (li_recovered=0.000e+00), time: 0.0011444869996921625
L: 0.50, u_super: 0.00147, sec: 79.439, prod: 0.032353, t_ads: 129.5, t_des: 119.6, bed_util_ads: 0.487, bed_util_des: 0.486, des_th: 0.4861798471379523,frac_lost: 0.105, li_recovered:  8.059, time: 0.006713321999995969
L: 0.50, u_super: 0.00020 — INFEASIBLE (li_recovered=0.000e+00), time: 0.002229019000878907
L: 0.50, u_super: 0.00964, sec: 559.411, prod: 0.218627, t_ads: 20.2, t_des: 18.3, bed_util_ads: 0.499, bed_util_des: 0.499, des_th: 0.49929367316375506,frac_lost: 0.104, li_recovered:  8.435, time: 0.004410226998516009
L: 0.50, u_super: 0.00436, sec: 238.407, prod: 0.098204, t_ads: 44.5, t_des: 40.2, bed_util_ads: 0.498, bed_util_des: 0.498, des_th: 0.49793978583147835,frac_lost: 0.105, li_recovered:  8.322, time: 0.007315028000448365
L: 0.50, u_super: 0.00202, sec: 110.017, prod: 0.044140, t_ads: 94.7, t_des: 80.8, bed_util_ads: 0.500, bed_util_des: 0.500, des_th: 0.4996490567825382,frac_lost: 0.101, li_recovered:  7.747, time: 0.004763336000905838
L: 0.50, u_super: 0.00263, sec: 142.413, prod: 0.058485, t_ads: 73.3, t_des: 64.3, bed_util_ads: 0.498, bed_util_des: 0.498, des_th: 0.49793978583147835,frac_lost: 0.104, li_recovered:  8.047, time: 0.0052912520004611
L: 0.50, u_super: 0.00749, sec: 432.299, prod: 0.166164, t_ads: 26.1, t_des: 26.0, bed_util_ads: 0.487, bed_util_des: 0.486, des_th: 0.48634821724502747,frac_lost: 0.106, li_recovered:  8.654, time: 0.0050843480003095465
L: 0.50, u_super: 0.00052, sec: 30.648, prod: 0.010284, t_ads: 345.5, t_des: 300.2, bed_util_ads: 0.473, bed_util_des: 0.473, des_th: 0.47274455288693407,frac_lost: 0.102, li_recovered:  6.640, time: 0.004695420999269118
L: 0.50, u_super: 0.00268, sec: 144.326, prod: 0.059977, t_ads: 71.8, t_des: 65.4, bed_util_ads: 0.494, bed_util_des: 0.493, des_th: 0.4933508501076238,frac_lost: 0.102, li_recovered:  8.230, time: 0.005165683000086574
L: 0.50, u_super: 0.00803, sec: 457.814, prod: 0.181518, t_ads: 24.4, t_des: 21.9, bed_util_ads: 0.500, bed_util_des: 0.500, des_th: 0.4998334942515242,frac_lost: 0.107, li_recovered:  8.393, time: 0.004730059999928926
L: 0.50, u_super: 0.00289, sec: 155.984, prod: 0.064710, t_ads: 66.5, t_des: 59.4, bed_util_ads: 0.497, bed_util_des: 0.497, des_th: 0.4970028918379676,frac_lost: 0.100, li_recovered:  8.145, time: 0.007354985998972552
L: 0.50, u_super: 0.00058, sec: 151.224, prod: 0.002600, t_ads: 341.5, t_des: 3042.1, bed_util_ads: 0.220, bed_util_des: 0.185, des_th: 0.1851696623157332,frac_lost: 0.104, li_recovered:  8.799, time: 0.020055756000147085
L: 0.50, u_super: 0.00200, sec: 108.092, prod: 0.043923, t_ads: 96.6, t_des: 93.8, bed_util_ads: 0.484, bed_util_des: 0.483, des_th: 0.48263972388129184,frac_lost: 0.106, li_recovered:  8.363, time: 0.006197856000653701
   446 |    17840 |     40 |  0.0030753570 |             f
L: 0.50, u_super: 0.00312, sec: 168.762, prod: 0.069908, t_ads: 61.7, t_des: 54.9, bed_util_ads: 0.498, bed_util_des: 0.498, des_th: 0.49791808693093015,frac_lost: 0.101, li_recovered:  8.151, time: 0.005850045001352555
L: 0.50, u_super: 0.00046 — INFEASIBLE (li_recovered=0.000e+00), time: 0.0023955449996719835
L: 0.50, u_super: 0.00115, sec: 62.803, prod: 0.024588, t_ads: 165.6, t_des: 144.7, bed_util_ads: 0.492, bed_util_des: 0.491, des_th: 0.4912563878605263,frac_lost: 0.107, li_recovered:  7.630, time: 0.005339655999705428
L: 0.50, u_super: 0.00500, sec: 350.880, prod: 0.088191, t_ads: 38.9, t_des: 59.5, bed_util_ads: 0.432, bed_util_des: 0.431, des_th: 0.4306110421710861,frac_lost: 0.101, li_recovered:  8.675, time: 0.00698539099903428
L: 0.50, u_super: 0.00874, sec: 506.549, prod: 0.196203, t_ads: 22.4, t_des: 21.5, bed_util_ads: 0.491, bed_util_des: 0.491, des_th: 0.49128298616942717,frac_lost: 0.107, li_recovered:  8.616, time: 0.005258613999103545
L: 0.50, u_super: 0.00059, sec: 154.056, prod: 0.002623, t_ads: 336.1, t_des: 3016.3, bed_util_ads: 0.220, bed_util_des: 0.185, des_th: 0.1851696623157332,frac_lost: 0.102, li_recovered:  8.793, time: 0.021081581000544247
L: 0.50, u_super: 0.00983, sec: 638.004, prod: 0.200031, t_ads: 19.9, t_des: 23.7, bed_util_ads: 0.465, bed_util_des: 0.465, des_th: 0.46495849222846386,frac_lost: 0.104, li_recovered:  8.718, time: 0.005732960999011993
L: 0.50, u_super: 0.00886, sec: 510.195, prod: 0.200595, t_ads: 22.1, t_des: 20.2, bed_util_ads: 0.498, bed_util_des: 0.498, des_th: 0.4981386778304901,frac_lost: 0.106, li_recovered:  8.481, time: 0.005394358000557986
L: 0.50, u_super: 0.00018, sec: 25.575, prod: 0.001505, t_ads: 1089.5, t_des: 4605.7, bed_util_ads: 0.251, bed_util_des: 0.185, des_th: 0.1851696623157332,frac_lost: 0.104, li_recovered:  8.572, time: 0.01581178700143937
L: 0.50, u_super: 0.00317, sec: 171.248, prod: 0.070939, t_ads: 60.8, t_des: 54.2, bed_util_ads: 0.498, bed_util_des: 0.498, des_th: 0.4982052661602368,frac_lost: 0.101, li_recovered:  8.162, time: 0.007307555999432225
L: 0.50, u_super: 0.00289, sec: 183.703, prod: 0.054946, t_ads: 67.0, t_des: 89.4, bed_util_ads: 0.446, bed_util_des: 0.444, des_th: 0.4443579844889629,frac_lost: 0.104, li_recovered:  8.592, time: 0.007705501000600634
L: 0.50, u_super: 0.00711, sec: 400.986, prod: 0.160773, t_ads: 27.5, t_des: 24.7, bed_util_ads: 0.500, bed_util_des: 0.500, des_th: 0.49958968090176253,frac_lost: 0.106, li_recovered:  8.388, time: 0.007493999000871554
L: 31.34, u_super: 0.00565 — INFEASIBLE (li_recovered=0.000e+00), time: 0.0014598729994759196
L: 0.50, u_super: 0.00027, sec: 48.661, prod: 0.001719, t_ads: 740.8, t_des: 4338.6, bed_util_ads: 0.237, bed_util_des: 0.181, des_th: 0.1807282622899856,frac_lost: 0.102, li_recovered:  8.733, time: 0.021011569999245694
L: 0.50, u_super: 0.00424, sec: 231.722, prod: 0.095364, t_ads: 45.8, t_des: 40.8, bed_util_ads: 0.499, bed_util_des: 0.499, des_th: 0.49889580331465083,frac_lost: 0.105, li_recovered:  8.259, time: 0.006740015000104904
L: 0.50, u_super: 0.00611, sec: 339.499, prod: 0.138203, t_ads: 31.8, t_des: 28.8, bed_util_ads: 0.498, bed_util_des: 0.498, des_th: 0.49791808693093015,frac_lost: 0.101, li_recovered:  8.366, time: 0.006556767999427393
L: 0.50, u_super: 0.00193, sec: 104.041, prod: 0.042360, t_ads: 99.3, t_des: 86.9, bed_util_ads: 0.497, bed_util_des: 0.497, des_th: 0.49666539430580053,frac_lost: 0.101, li_recovered:  7.888, time: 0.007269876001373632
L: 0.50, u_super: 0.00371, sec: 201.566, prod: 0.083307, t_ads: 52.4, t_des: 47.4, bed_util_ads: 0.497, bed_util_des: 0.497, des_th: 0.4968881406539689,frac_lost: 0.106, li_recovered:  8.309, time: 0.0075309490002837265
L: 0.50, u_super: 0.00097, sec: 63.169, prod: 0.017654, t_ads: 194.8, t_des: 273.3, bed_util_ads: 0.428, bed_util_des: 0.422, des_th: 0.422262063083342,frac_lost: 0.102, li_recovered:  8.264, time: 0.008780664000369143
L: 0.50, u_super: 0.00655, sec: 366.444, prod: 0.148064, t_ads: 29.6, t_des: 27.8, bed_util_ads: 0.494, bed_util_des: 0.493, des_th: 0.4933508501076238,frac_lost: 0.101, li_recovered:  8.505, time: 0.0067519350013753865
L: 0.50, u_super: 0.00541, sec: 317.863, prod: 0.114882, t_ads: 35.9, t_des: 39.5, bed_util_ads: 0.473, bed_util_des: 0.473, des_th: 0.47274455288693407,frac_lost: 0.102, li_recovered:  8.659, time: 0.006767741000658134
L: 0.50, u_super: 0.00291, sec: 156.653, prod: 0.065229, t_ads: 66.2, t_des: 61.0, bed_util_ads: 0.493, bed_util_des: 0.493, des_th: 0.49293769333219783,frac_lost: 0.101, li_recovered:  8.297, time: 0.005716528001357801
L: 0.50, u_super: 0.00405, sec: 220.539, prod: 0.090835, t_ads: 48.1, t_des: 42.9, bed_util_ads: 0.499, bed_util_des: 0.499, des_th: 0.4987932299310053,frac_lost: 0.105, li_recovered:  8.262, time: 0.00580492500012042
L: 42.09, u_super: 0.00612 — INFEASIBLE (li_recovered=0.000e+00), time: 0.0012703259999398142
L: 0.50, u_super: 0.00974, sec: 566.266, prod: 0.220864, t_ads: 20.1, t_des: 18.2, bed_util_ads: 0.500, bed_util_des: 0.499, des_th: 0.49941790163641636,frac_lost: 0.105, li_recovered:  8.450, time: 0.006017658999553532
L: 0.50, u_super: 0.00411, sec: 224.388, prod: 0.092462, t_ads: 47.2, t_des: 42.2, bed_util_ads: 0.499, bed_util_des: 0.499, des_th: 0.4988999622880872,frac_lost: 0.105, li_recovered:  8.261, time: 0.006925532999957795
L: 0.50, u_super: 0.00710, sec: 401.007, prod: 0.160191, t_ads: 27.6, t_des: 25.3, bed_util_ads: 0.498, bed_util_des: 0.498, des_th: 0.49802086245538835,frac_lost: 0.109, li_recovered:  8.484, time: 0.006303750998995383
L: 0.50, u_super: 0.00903, sec: 520.691, prod: 0.204432, t_ads: 21.7, t_des: 19.7, bed_util_ads: 0.499, bed_util_des: 0.499, des_th: 0.49911607054190127,frac_lost: 0.106, li_recovered:  8.453, time: 0.007848903000194696
L: 0.50, u_super: 0.00740, sec: 418.820, prod: 0.167311, t_ads: 26.2, t_des: 24.9, bed_util_ads: 0.493, bed_util_des: 0.493, des_th: 0.493063541816362,frac_lost: 0.100, li_recovered:  8.546, time: 0.006431185000110418
L: 0.50, u_super: 0.00916, sec: 529.063, prod: 0.207371, t_ads: 21.4, t_des: 19.4, bed_util_ads: 0.499, bed_util_des: 0.499, des_th: 0.4990045886027275,frac_lost: 0.106, li_recovered:  8.455, time: 0.00833677000082389
L: 0.50, u_super: 0.00460, sec: 255.168, prod: 0.102126, t_ads: 42.2, t_des: 41.8, bed_util_ads: 0.486, bed_util_des: 0.485, des_th: 0.4854860325035777,frac_lost: 0.102, li_recovered:  8.582, time: 0.009022193999044248
L: 0.50, u_super: 0.00938, sec: 543.077, prod: 0.212427, t_ads: 20.9, t_des: 18.9, bed_util_ads: 0.499, bed_util_des: 0.499, des_th: 0.49877324398745687,frac_lost: 0.106, li_recovered:  8.446, time: 0.006989519000853761
L: 0.50, u_super: 0.00753, sec: 425.818, prod: 0.170907, t_ads: 25.8, t_des: 23.6, bed_util_ads: 0.497, bed_util_des: 0.497, des_th: 0.4967703139480201,frac_lost: 0.101, li_recovered:  8.435, time: 0.0082175500010635
L: 0.50, u_super: 0.00968, sec: 562.401, prod: 0.219398, t_ads: 20.2, t_des: 18.3, bed_util_ads: 0.500, bed_util_des: 0.499, des_th: 0.4994198247837045,frac_lost: 0.105, li_recovered:  8.452, time: 0.009261764998882427
L: 0.50, u_super: 0.00663, sec: 371.333, prod: 0.150148, t_ads: 29.2, t_des: 26.2, bed_util_ads: 0.500, bed_util_des: 0.499, des_th: 0.49950809160276766,frac_lost: 0.101, li_recovered:  8.319, time: 0.006118260998846381
L: 15.55, u_super: 0.00874 — INFEASIBLE (li_recovered=0.000e+00), time: 0.0033035989999916637
L: 100.72, u_super: 0.00886 — INFEASIBLE (li_recovered=0.000e+00), time: 0.0016844940000737552
L: 0.50, u_super: 0.00015 — INFEASIBLE (li_recovered=0.000e+00), time: 0.0024824369993439177
L: 0.50, u_super: 0.00760, sec: 431.204, prod: 0.171654, t_ads: 25.8, t_des: 23.1, bed_util_ads: 0.500, bed_util_des: 0.500, des_th: 0.4998081112802602,frac_lost: 0.107, li_recovered:  8.387, time: 0.005763942999692517
L: 0.50, u_super: 0.00667, sec: 4005.460, prod: 0.014078, t_ads: 29.3, t_des: 594.5, bed_util_ads: 0.173, bed_util_des: 0.169, des_th: 0.16923383552379864,frac_lost: 0.101, li_recovered:  8.782, time: 0.07913935800024774
   447 |    17880 |     40 |  0.0016469394 |             f
L: 0.50, u_super: 0.00382, sec: 207.776, prod: 0.085814, t_ads: 50.9, t_des: 46.1, bed_util_ads: 0.497, bed_util_des: 0.497, des_th: 0.4969536047841885,frac_lost: 0.106, li_recovered:  8.324, time: 0.010776615999930073
L: 19.78, u_super: 0.00570 — INFEASIBLE (li_recovered=0.000e+00), time: 0.0035293979999551084
L: 0.50, u_super: 0.00317, sec: 171.451, prod: 0.070855, t_ads: 61.0, t_des: 54.2, bed_util_ads: 0.498, bed_util_des: 0.498, des_th: 0.4981550157130684,frac_lost: 0.103, li_recovered:  8.159, time: 0.009190621000016108
L: 0.50, u_super: 0.00938, sec: 543.178, prod: 0.212388, t_ads: 20.9, t_des: 18.9, bed_util_ads: 0.499, bed_util_des: 0.499, des_th: 0.4992754975559484,frac_lost: 0.106, li_recovered:  8.447, time: 0.01113195700054348
L: 0.50, u_super: 0.00896, sec: 517.388, prod: 0.202455, t_ads: 21.9, t_des: 20.3, bed_util_ads: 0.497, bed_util_des: 0.497, des_th: 0.49666539430580053,frac_lost: 0.108, li_recovered:  8.529, time: 0.009963943000911968
L: 0.50, u_super: 0.00460, sec: 252.019, prod: 0.103403, t_ads: 42.4, t_des: 38.1, bed_util_ads: 0.499, bed_util_des: 0.499, des_th: 0.4985369170259321,frac_lost: 0.107, li_recovered:  8.328, time: 0.01055091400121455
L: 0.50, u_super: 0.00134, sec: 74.207, prod: 0.028643, t_ads: 142.3, t_des: 147.1, bed_util_ads: 0.472, bed_util_des: 0.470, des_th: 0.47015137702731696,frac_lost: 0.105, li_recovered:  8.291, time: 0.010436923999805003
L: 1.58, u_super: 0.00144 — INFEASIBLE (li_recovered=0.000e+00), time: 0.004764986999362009
L: 7.00, u_super: 0.00228 — INFEASIBLE (li_recovered=0.000e+00), time: 0.005004341001040302
L: 0.50, u_super: 0.00521, sec: 287.159, prod: 0.117345, t_ads: 37.3, t_des: 33.3, bed_util_ads: 0.500, bed_util_des: 0.499, des_th: 0.4993792272094609,frac_lost: 0.104, li_recovered:  8.293, time: 0.016115386999445036
L: 0.50, u_super: 0.00816, sec: 465.731, prod: 0.184606, t_ads: 24.0, t_des: 21.8, bed_util_ads: 0.499, bed_util_des: 0.499, des_th: 0.49854555607250045,frac_lost: 0.106, li_recovered:  8.442, time: 0.012665680000282009
L: 0.50, u_super: 0.00586, sec: 334.338, prod: 0.128954, t_ads: 33.1, t_des: 33.9, bed_util_ads: 0.483, bed_util_des: 0.482, des_th: 0.48251551809143123,frac_lost: 0.102, li_recovered:  8.644, time: 0.012989986000320641
L: 0.50, u_super: 0.00864, sec: 496.397, prod: 0.195712, t_ads: 22.6, t_des: 20.5, bed_util_ads: 0.499, bed_util_des: 0.499, des_th: 0.49882693849641485,frac_lost: 0.106, li_recovered:  8.449, time: 0.012450157000785111
L: 0.50, u_super: 0.00746, sec: 442.707, prod: 0.161203, t_ads: 26.2, t_des: 27.7, bed_util_ads: 0.479, bed_util_des: 0.479, des_th: 0.47852079464647634,frac_lost: 0.106, li_recovered:  8.689, time: 0.014937066000129562
L: 0.50, u_super: 0.00938, sec: 542.839, prod: 0.212520, t_ads: 20.8, t_des: 18.9, bed_util_ads: 0.499, bed_util_des: 0.499, des_th: 0.49877324398745687,frac_lost: 0.105, li_recovered:  8.441, time: 0.008900462999008596
L: 0.50, u_super: 0.00983, sec: 576.037, prod: 0.221584, t_ads: 19.9, t_des: 18.9, bed_util_ads: 0.494, bed_util_des: 0.494, des_th: 0.4935308722039953,frac_lost: 0.106, li_recovered:  8.606, time: 0.013438235000649001
L: 0.50, u_super: 0.00265, sec: 142.261, prod: 0.059151, t_ads: 72.7, t_des: 68.0, bed_util_ads: 0.491, bed_util_des: 0.491, des_th: 0.49081241300767275,frac_lost: 0.102, li_recovered:  8.321, time: 0.012128108999604592
L: 0.50, u_super: 0.00303, sec: 163.521, prod: 0.067710, t_ads: 63.7, t_des: 56.8, bed_util_ads: 0.497, bed_util_des: 0.497, des_th: 0.4968881406539689,frac_lost: 0.102, li_recovered:  8.154, time: 0.011988656000539777
L: 0.50, u_super: 0.00314, sec: 169.672, prod: 0.070170, t_ads: 61.9, t_des: 57.4, bed_util_ads: 0.494, bed_util_des: 0.493, des_th: 0.4933818542936259,frac_lost: 0.107, li_recovered:  8.370, time: 0.010084347999509191
L: 0.50, u_super: 0.00886, sec: 510.007, prod: 0.200669, t_ads: 22.1, t_des: 20.2, bed_util_ads: 0.498, bed_util_des: 0.498, des_th: 0.49815487600401204,frac_lost: 0.105, li_recovered:  8.487, time: 0.012891761998616857
L: 0.50, u_super: 0.00644, sec: 360.292, prod: 0.145357, t_ads: 30.1, t_des: 28.6, bed_util_ads: 0.493, bed_util_des: 0.493, des_th: 0.4932853859643337,frac_lost: 0.101, li_recovered:  8.535, time: 0.012881054999525077
L: 6.10, u_super: 0.00193 — INFEASIBLE (li_recovered=0.000e+00), time: 0.003417621999687981
L: 0.50, u_super: 0.00018, sec: 25.625, prod: 0.001502, t_ads: 1090.0, t_des: 4620.5, bed_util_ads: 0.251, bed_util_des: 0.185, des_th: 0.1849573804279705,frac_lost: 0.104, li_recovered:  8.578, time: 0.03505252099967038
L: 0.50, u_super: 0.00855, sec: 490.774, prod: 0.193633, t_ads: 22.9, t_des: 20.7, bed_util_ads: 0.500, bed_util_des: 0.499, des_th: 0.4994746568905721,frac_lost: 0.106, li_recovered:  8.446, time: 0.010068667999803438
L: 0.50, u_super: 0.00032 — INFEASIBLE (li_recovered=0.000e+00), time: 0.006139005001386977
L: 0.50, u_super: 0.00421, sec: 245.423, prod: 0.088798, t_ads: 46.1, t_des: 51.1, bed_util_ads: 0.472, bed_util_des: 0.471, des_th: 0.4715079239522461,frac_lost: 0.104, li_recovered:  8.632, time: 0.01053815500017663
L: 0.50, u_super: 0.00942, sec: 545.653, prod: 0.213610, t_ads: 20.7, t_des: 18.8, bed_util_ads: 0.500, bed_util_des: 0.499, des_th: 0.4994198247837045,frac_lost: 0.105, li_recovered:  8.438, time: 0.011259372000495205
L: 0.50, u_super: 0.00967, sec: 5053.652, prod: 0.024366, t_ads: 20.3, t_des: 340.0, bed_util_ads: 0.188, bed_util_des: 0.185, des_th: 0.1851696623157332,frac_lost: 0.103, li_recovered:  8.779, time: 0.05720207599915739
L: 0.50, u_super: 0.00495, sec: 272.330, prod: 0.111695, t_ads: 39.3, t_des: 35.4, bed_util_ads: 0.498, bed_util_des: 0.498, des_th: 0.49776062471369836,frac_lost: 0.104, li_recovered:  8.341, time: 0.004675123000197345
L: 0.50, u_super: 0.00147, sec: 79.382, prod: 0.032345, t_ads: 129.6, t_des: 120.5, bed_util_ads: 0.487, bed_util_des: 0.486, des_th: 0.4863184900390424,frac_lost: 0.105, li_recovered:  8.091, time: 0.004812996998225572
L: 0.50, u_super: 0.00553, sec: 305.491, prod: 0.125174, t_ads: 35.0, t_des: 32.1, bed_util_ads: 0.497, bed_util_des: 0.497, des_th: 0.4968498452954924,frac_lost: 0.101, li_recovered:  8.400, time: 0.0049995850004052045
L: 0.50, u_super: 0.00826, sec: 473.708, prod: 0.186413, t_ads: 23.7, t_des: 22.2, bed_util_ads: 0.494, bed_util_des: 0.494, des_th: 0.49400396197147617,frac_lost: 0.106, li_recovered:  8.557, time: 0.004984612000043853
L: 0.50, u_super: 0.00407, sec: 221.919, prod: 0.091553, t_ads: 47.7, t_des: 43.2, bed_util_ads: 0.497, bed_util_des: 0.497, des_th: 0.49663168531578883,frac_lost: 0.106, li_recovered:  8.323, time: 0.004733629000838846
L: 0.50, u_super: 0.00672, sec: 376.532, prod: 0.152307, t_ads: 28.9, t_des: 26.1, bed_util_ads: 0.498, bed_util_des: 0.498, des_th: 0.4980247454476442,frac_lost: 0.101, li_recovered:  8.373, time: 0.005654131999108358
L: 0.50, u_super: 0.00500, sec: 274.717, prod: 0.112642, t_ads: 38.9, t_des: 34.8, bed_util_ads: 0.499, bed_util_des: 0.499, des_th: 0.4985106763150021,frac_lost: 0.103, li_recovered:  8.298, time: 0.005805348999274429
L: 0.50, u_super: 0.00654, sec: 365.997, prod: 0.148039, t_ads: 29.7, t_des: 26.6, bed_util_ads: 0.499, bed_util_des: 0.499, des_th: 0.4992357556598406,frac_lost: 0.102, li_recovered:  8.328, time: 0.004704056000264245
L: 0.50, u_super: 0.00008, sec: 7.370, prod: 0.000985, t_ads: 2364.3, t_des: 5326.5, bed_util_ads: 0.258, bed_util_des: 0.183, des_th: 0.18293946996288635,frac_lost: 0.101, li_recovered:  7.575, time: 0.008198532999813324
L: 0.50, u_super: 0.00147, sec: 81.246, prod: 0.031633, t_ads: 129.9, t_des: 133.3, bed_util_ads: 0.474, bed_util_des: 0.472, des_th: 0.4721472237715935,frac_lost: 0.105, li_recovered:  8.327, time: 0.005387522000091849
L: 0.50, u_super: 0.00192, sec: 103.631, prod: 0.042150, t_ads: 99.9, t_des: 87.3, bed_util_ads: 0.497, bed_util_des: 0.497, des_th: 0.4966343901186916,frac_lost: 0.102, li_recovered:  7.889, time: 0.004901182999674347
L: 0.50, u_super: 0.00521, sec: 287.253, prod: 0.117307, t_ads: 37.2, t_des: 33.0, bed_util_ads: 0.500, bed_util_des: 0.500, des_th: 0.49992837406786317,frac_lost: 0.102, li_recovered:  8.237, time: 0.004539069001111784
   448 |    17920 |     40 |  0.0043818852 |             f
L: 0.50, u_super: 0.00315, sec: 169.693, prod: 0.070631, t_ads: 61.3, t_des: 56.6, bed_util_ads: 0.494, bed_util_des: 0.493, des_th: 0.4933508501076238,frac_lost: 0.101, li_recovered:  8.325, time: 0.006905946998813306
L: 0.50, u_super: 0.00374, sec: 227.121, prod: 0.074991, t_ads: 51.9, t_des: 63.1, bed_util_ads: 0.460, bed_util_des: 0.459, des_th: 0.45908114672642697,frac_lost: 0.103, li_recovered:  8.624, time: 0.006155912000394892
L: 0.50, u_super: 0.00607, sec: 337.418, prod: 0.137366, t_ads: 32.0, t_des: 29.3, bed_util_ads: 0.497, bed_util_des: 0.497, des_th: 0.4969126309982317,frac_lost: 0.102, li_recovered:  8.416, time: 0.006990455000050133
L: 0.50, u_super: 0.00044 — INFEASIBLE (li_recovered=0.000e+00), time: 0.003110018998995656
L: 0.50, u_super: 0.00287, sec: 165.182, prod: 0.059865, t_ads: 67.8, t_des: 75.4, bed_util_ads: 0.470, bed_util_des: 0.469, des_th: 0.4685774193640283,frac_lost: 0.106, li_recovered:  8.570, time: 0.0061483219997171545
L: 0.50, u_super: 0.00976, sec: 570.140, prod: 0.220204, t_ads: 20.0, t_des: 19.0, bed_util_ads: 0.493, bed_util_des: 0.493, des_th: 0.4930266765861973,frac_lost: 0.104, li_recovered:  8.596, time: 0.0063226500005839625
L: 0.50, u_super: 0.00789, sec: 447.661, prod: 0.178998, t_ads: 24.6, t_des: 22.3, bed_util_ads: 0.499, bed_util_des: 0.499, des_th: 0.4986690184698872,frac_lost: 0.100, li_recovered:  8.393, time: 0.00734968899996602
L: 0.50, u_super: 0.00699, sec: 395.079, prod: 0.157387, t_ads: 28.0, t_des: 26.3, bed_util_ads: 0.495, bed_util_des: 0.495, des_th: 0.49504954192883394,frac_lost: 0.108, li_recovered:  8.544, time: 0.007192314000349143
L: 0.50, u_super: 0.00796, sec: 510.368, prod: 0.159960, t_ads: 24.6, t_des: 29.8, bed_util_ads: 0.463, bed_util_des: 0.462, des_th: 0.4621121674285636,frac_lost: 0.108, li_recovered:  8.709, time: 0.009277876999476575
L: 0.50, u_super: 0.00006, sec: 4.744, prod: 0.000740, t_ads: 3188.7, t_des: 5665.4, bed_util_ads: 0.255, bed_util_des: 0.185, des_th: 0.1851696623157332,frac_lost: 0.102, li_recovered:  6.556, time: 0.008337744000527891
L: 0.50, u_super: 0.00252, sec: 135.518, prod: 0.056044, t_ads: 76.5, t_des: 68.3, bed_util_ads: 0.497, bed_util_des: 0.496, des_th: 0.49639519344691063,frac_lost: 0.103, li_recovered:  8.113, time: 0.006727488000251469
L: 1.96, u_super: 0.00018 — INFEASIBLE (li_recovered=0.000e+00), time: 0.0012911940011690604
L: 0.50, u_super: 0.00644, sec: 360.292, prod: 0.145357, t_ads: 30.1, t_des: 28.6, bed_util_ads: 0.493, bed_util_des: 0.493, des_th: 0.4932853859643337,frac_lost: 0.101, li_recovered:  8.535, time: 0.0049782169990066905
L: 0.50, u_super: 0.00789, sec: 448.171, prod: 0.178795, t_ads: 24.7, t_des: 22.3, bed_util_ads: 0.500, bed_util_des: 0.499, des_th: 0.4994746568905721,frac_lost: 0.102, li_recovered:  8.390, time: 0.006819573000029777
L: 0.50, u_super: 0.00612, sec: 340.206, prod: 0.138328, t_ads: 31.8, t_des: 28.8, bed_util_ads: 0.499, bed_util_des: 0.498, des_th: 0.4984868689573955,frac_lost: 0.102, li_recovered:  8.373, time: 0.006134430001111468
L: 0.50, u_super: 0.00297, sec: 160.720, prod: 0.066035, t_ads: 65.2, t_des: 62.7, bed_util_ads: 0.489, bed_util_des: 0.488, des_th: 0.4882167994599332,frac_lost: 0.104, li_recovered:  8.449, time: 0.006169870001031086
L: 0.50, u_super: 0.00135, sec: 78.163, prod: 0.027488, t_ads: 141.8, t_des: 161.9, bed_util_ads: 0.459, bed_util_des: 0.456, des_th: 0.4563111174158184,frac_lost: 0.104, li_recovered:  8.346, time: 0.007839189000151237
L: 0.50, u_super: 0.00096 — INFEASIBLE (li_recovered=0.000e+00), time: 0.004544739000266418
L: 0.50, u_super: 0.00371, sec: 217.365, prod: 0.077252, t_ads: 52.2, t_des: 59.3, bed_util_ads: 0.468, bed_util_des: 0.467, des_th: 0.46690845191184016,frac_lost: 0.103, li_recovered:  8.614, time: 0.006430475999877672
L: 0.50, u_super: 0.00194, sec: 104.603, prod: 0.042683, t_ads: 98.5, t_des: 86.5, bed_util_ads: 0.497, bed_util_des: 0.497, des_th: 0.4966343901186916,frac_lost: 0.100, li_recovered:  7.899, time: 0.005563065999012906
L: 0.50, u_super: 0.00018, sec: 28.041, prod: 0.001373, t_ads: 1091.2, t_des: 5220.6, bed_util_ads: 0.240, bed_util_des: 0.172, des_th: 0.17211816748677056,frac_lost: 0.101, li_recovered:  8.665, time: 0.016553096998904948
L: 0.50, u_super: 0.00360, sec: 203.587, prod: 0.077311, t_ads: 54.1, t_des: 57.2, bed_util_ads: 0.477, bed_util_des: 0.477, des_th: 0.4765577961749547,frac_lost: 0.106, li_recovered:  8.599, time: 0.005898396000702633
L: 0.50, u_super: 0.00916, sec: 528.645, prod: 0.207535, t_ads: 21.3, t_des: 19.4, bed_util_ads: 0.499, bed_util_des: 0.499, des_th: 0.49862566989111257,frac_lost: 0.105, li_recovered:  8.448, time: 0.006251970000448637
L: 0.50, u_super: 0.00460, sec: 252.458, prod: 0.103557, t_ads: 42.2, t_des: 39.5, bed_util_ads: 0.494, bed_util_des: 0.493, des_th: 0.4933508501076238,frac_lost: 0.105, li_recovered:  8.466, time: 0.007648502998563345
L: 0.50, u_super: 0.00760, sec: 431.590, prod: 0.171753, t_ads: 25.8, t_des: 23.1, bed_util_ads: 0.500, bed_util_des: 0.499, des_th: 0.4994487118318238,frac_lost: 0.108, li_recovered:  8.393, time: 0.004848905999097042
L: 0.50, u_super: 0.00760, sec: 445.451, prod: 0.166164, t_ads: 25.8, t_des: 26.4, bed_util_ads: 0.484, bed_util_des: 0.483, des_th: 0.4834085618404516,frac_lost: 0.108, li_recovered:  8.682, time: 0.0053885689994785935
L: 0.50, u_super: 0.00669, sec: 374.696, prod: 0.151593, t_ads: 29.0, t_des: 26.3, bed_util_ads: 0.499, bed_util_des: 0.499, des_th: 0.49883258718120976,frac_lost: 0.101, li_recovered:  8.381, time: 0.006257165001443354
L: 0.50, u_super: 0.00539, sec: 297.823, prod: 0.121757, t_ads: 35.9, t_des: 33.8, bed_util_ads: 0.493, bed_util_des: 0.493, des_th: 0.49325899481780944,frac_lost: 0.101, li_recovered:  8.487, time: 0.006234451999262092
L: 0.50, u_super: 0.00155, sec: 83.254, prod: 0.033974, t_ads: 123.9, t_des: 115.2, bed_util_ads: 0.487, bed_util_des: 0.486, des_th: 0.4861798471379523,frac_lost: 0.106, li_recovered:  8.123, time: 0.004459537000002456
L: 0.50, u_super: 0.00303, sec: 166.166, prod: 0.066632, t_ads: 64.2, t_des: 63.7, bed_util_ads: 0.484, bed_util_des: 0.483, des_th: 0.48349795076142327,frac_lost: 0.107, li_recovered:  8.521, time: 0.00810876900141011
L: 0.50, u_super: 0.00432, sec: 1964.233, prod: 0.011688, t_ads: 45.4, t_des: 706.2, bed_util_ads: 0.192, bed_util_des: 0.186, des_th: 0.18596913692769343,frac_lost: 0.104, li_recovered:  8.784, time: 0.041969214000346255
L: 0.50, u_super: 0.00916, sec: 528.767, prod: 0.207487, t_ads: 21.3, t_des: 19.3, bed_util_ads: 0.499, bed_util_des: 0.499, des_th: 0.49911607054190127,frac_lost: 0.105, li_recovered:  8.441, time: 0.005141285000718199
L: 0.50, u_super: 0.00375, sec: 204.509, prod: 0.083973, t_ads: 51.9, t_des: 45.8, bed_util_ads: 0.500, bed_util_des: 0.499, des_th: 0.49942132725883337,frac_lost: 0.108, li_recovered:  8.203, time: 0.005967482000414748
L: 0.50, u_super: 0.00678, sec: 385.602, prod: 0.151449, t_ads: 28.8, t_des: 28.1, bed_util_ads: 0.490, bed_util_des: 0.490, des_th: 0.48975111598356064,frac_lost: 0.107, li_recovered:  8.618, time: 0.00505717699888919
L: 0.50, u_super: 0.00990, sec: 578.923, prod: 0.223680, t_ads: 19.8, t_des: 18.5, bed_util_ads: 0.495, bed_util_des: 0.495, des_th: 0.49458842333333025,frac_lost: 0.107, li_recovered:  8.568, time: 0.006191169999510748
L: 0.50, u_super: 0.00229, sec: 122.745, prod: 0.050860, t_ads: 84.3, t_des: 77.8, bed_util_ads: 0.492, bed_util_des: 0.491, des_th: 0.49120218933164495,frac_lost: 0.104, li_recovered:  8.245, time: 0.005198475999350194
L: 0.50, u_super: 0.00440, sec: 241.262, prod: 0.098622, t_ads: 44.3, t_des: 41.8, bed_util_ads: 0.492, bed_util_des: 0.491, des_th: 0.49133003351187216,frac_lost: 0.106, li_recovered:  8.493, time: 0.0072788359993865015
L: 114.16, u_super: 0.00710 — INFEASIBLE (li_recovered=0.000e+00), time: 0.0016008820002753055
L: 0.50, u_super: 0.00290, sec: 155.856, prod: 0.064894, t_ads: 66.4, t_des: 60.7, bed_util_ads: 0.494, bed_util_des: 0.493, des_th: 0.4933508501076238,frac_lost: 0.101, li_recovered:  8.248, time: 0.007556632001069374
L: 0.50, u_super: 0.00934, sec: 540.115, prod: 0.211857, t_ads: 20.9, t_des: 19.0, bed_util_ads: 0.499, bed_util_des: 0.499, des_th: 0.4993262991042854,frac_lost: 0.104, li_recovered:  8.442, time: 0.005937229001574451
   449 |    17960 |     40 |  0.0009048967 |             f
L: 0.50, u_super: 0.00926, sec: 535.387, prod: 0.209677, t_ads: 21.1, t_des: 19.1, bed_util_ads: 0.500, bed_util_des: 0.499, des_th: 0.49942132725883337,frac_lost: 0.106, li_recovered:  8.441, time: 0.006581424999239971
L: 0.50, u_super: 0.00738, sec: 417.837, prod: 0.166599, t_ads: 26.6, t_des: 24.1, bed_util_ads: 0.499, bed_util_des: 0.499, des_th: 0.49890207916018425,frac_lost: 0.109, li_recovered:  8.436, time: 0.006332990000373684
L: 0.50, u_super: 0.00863, sec: 495.912, prod: 0.195482, t_ads: 22.6, t_des: 20.3, bed_util_ads: 0.500, bed_util_des: 0.500, des_th: 0.49958312353415335,frac_lost: 0.106, li_recovered:  8.403, time: 0.005583657999522984
L: 0.50, u_super: 0.00954, sec: 553.027, prod: 0.216272, t_ads: 20.5, t_des: 18.6, bed_util_ads: 0.499, bed_util_des: 0.499, des_th: 0.49854655684098675,frac_lost: 0.104, li_recovered:  8.445, time: 0.005820896998557146
L: 0.50, u_super: 0.00336, sec: 182.776, prod: 0.075060, t_ads: 57.9, t_des: 54.7, bed_util_ads: 0.491, bed_util_des: 0.490, des_th: 0.4902636478910802,frac_lost: 0.108, li_recovered:  8.452, time: 0.005324777999703656
L: 0.50, u_super: 0.00361, sec: 195.843, prod: 0.080804, t_ads: 54.0, t_des: 50.1, bed_util_ads: 0.494, bed_util_des: 0.493, des_th: 0.4932669946222744,frac_lost: 0.107, li_recovered:  8.410, time: 0.005456763999973191
L: 0.50, u_super: 0.00495, sec: 272.330, prod: 0.111695, t_ads: 39.3, t_des: 35.4, bed_util_ads: 0.498, bed_util_des: 0.498, des_th: 0.49776062471369836,frac_lost: 0.104, li_recovered:  8.341, time: 0.004533682998953736
L: 0.50, u_super: 0.00788, sec: 451.810, prod: 0.177183, t_ads: 24.9, t_des: 23.5, bed_util_ads: 0.493, bed_util_des: 0.493, des_th: 0.493063541816362,frac_lost: 0.110, li_recovered:  8.584, time: 0.006175854001412517
L: 0.50, u_super: 0.00018, sec: 24.938, prod: 0.001544, t_ads: 1086.7, t_des: 4442.0, bed_util_ads: 0.254, bed_util_des: 0.189, des_th: 0.1888536912839826,frac_lost: 0.104, li_recovered:  8.534, time: 0.013929028000347898
L: 18.43, u_super: 0.00537 — INFEASIBLE (li_recovered=0.000e+00), time: 0.001463328999307123
L: 0.50, u_super: 0.00672, sec: 376.758, prod: 0.152216, t_ads: 28.8, t_des: 25.8, bed_util_ads: 0.500, bed_util_des: 0.500, des_th: 0.4999485129597026,frac_lost: 0.100, li_recovered:  8.314, time: 0.004734698999527609
L: 0.50, u_super: 0.00192, sec: 102.849, prod: 0.042471, t_ads: 99.7, t_des: 90.7, bed_util_ads: 0.492, bed_util_des: 0.491, des_th: 0.4913087890724097,frac_lost: 0.101, li_recovered:  8.085, time: 0.005623547000141116
L: 0.50, u_super: 0.00927, sec: 535.372, prod: 0.210387, t_ads: 21.0, t_des: 19.1, bed_util_ads: 0.499, bed_util_des: 0.499, des_th: 0.49851668091744195,frac_lost: 0.102, li_recovered:  8.444, time: 0.004461054999410408
L: 0.50, u_super: 0.00461, sec: 252.226, prod: 0.103778, t_ads: 42.2, t_des: 38.2, bed_util_ads: 0.498, bed_util_des: 0.498, des_th: 0.49776062471369836,frac_lost: 0.104, li_recovered:  8.338, time: 0.004497907000768464
L: 0.50, u_super: 0.00400, sec: 217.712, prod: 0.089689, t_ads: 48.8, t_des: 44.0, bed_util_ads: 0.497, bed_util_des: 0.497, des_th: 0.4969546494987356,frac_lost: 0.107, li_recovered:  8.317, time: 0.004530848000285914
L: 0.50, u_super: 0.00789, sec: 448.319, prod: 0.179045, t_ads: 24.6, t_des: 22.2, bed_util_ads: 0.499, bed_util_des: 0.499, des_th: 0.4986689548381038,frac_lost: 0.101, li_recovered:  8.376, time: 0.004452343999219011
L: 0.50, u_super: 0.00396, sec: 224.616, prod: 0.085404, t_ads: 49.1, t_des: 51.8, bed_util_ads: 0.477, bed_util_des: 0.476, des_th: 0.476493222183579,frac_lost: 0.105, li_recovered:  8.612, time: 0.0045720350008195965
L: 0.50, u_super: 0.00715, sec: 432.956, prod: 0.150431, t_ads: 27.4, t_des: 30.4, bed_util_ads: 0.473, bed_util_des: 0.473, des_th: 0.47274455288693407,frac_lost: 0.106, li_recovered:  8.694, time: 0.004790025999682257
L: 0.50, u_super: 0.00938, sec: 542.916, prod: 0.212531, t_ads: 20.8, t_des: 18.9, bed_util_ads: 0.499, bed_util_des: 0.499, des_th: 0.49876597386957155,frac_lost: 0.105, li_recovered:  8.450, time: 0.006107832999987295
L: 0.50, u_super: 0.00241, sec: 130.121, prod: 0.053602, t_ads: 80.0, t_des: 71.0, bed_util_ads: 0.497, bed_util_des: 0.497, des_th: 0.4966343901186916,frac_lost: 0.105, li_recovered:  8.095, time: 0.0052598809998016804
L: 0.50, u_super: 0.00120, sec: 77.977, prod: 0.021587, t_ads: 160.2, t_des: 227.3, bed_util_ads: 0.430, bed_util_des: 0.426, des_th: 0.4257573475375754,frac_lost: 0.104, li_recovered:  8.366, time: 0.005738526999266469
L: 0.50, u_super: 0.00452, sec: 247.679, prod: 0.101755, t_ads: 43.0, t_des: 40.1, bed_util_ads: 0.494, bed_util_des: 0.493, des_th: 0.4932207850438255,frac_lost: 0.104, li_recovered:  8.455, time: 0.004969509000147809
L: 0.50, u_super: 0.00031, sec: 66.271, prod: 0.001695, t_ads: 643.3, t_des: 4558.6, bed_util_ads: 0.226, bed_util_des: 0.172, des_th: 0.17175973295773417,frac_lost: 0.103, li_recovered:  8.818, time: 0.01712658799988276
L: 32.35, u_super: 0.00288 — INFEASIBLE (li_recovered=0.000e+00), time: 0.0014522150013362989
L: 0.50, u_super: 0.00644, sec: 362.497, prod: 0.144473, t_ads: 30.4, t_des: 28.9, bed_util_ads: 0.493, bed_util_des: 0.492, des_th: 0.49226315669897064,frac_lost: 0.108, li_recovered:  8.570, time: 0.004457004000869347
L: 0.50, u_super: 0.00589, sec: 328.678, prod: 0.132615, t_ads: 32.9, t_des: 31.6, bed_util_ads: 0.491, bed_util_des: 0.490, des_th: 0.49030040958714904,frac_lost: 0.101, li_recovered:  8.556, time: 0.004459526000573533
L: 0.50, u_super: 0.00740, sec: 419.235, prod: 0.167318, t_ads: 26.4, t_des: 23.7, bed_util_ads: 0.499, bed_util_des: 0.499, des_th: 0.4992017498696617,frac_lost: 0.107, li_recovered:  8.394, time: 0.005443238998850575
L: 0.50, u_super: 0.00918, sec: 559.306, prod: 0.197357, t_ads: 21.3, t_des: 22.8, bed_util_ads: 0.478, bed_util_des: 0.478, des_th: 0.4778832092604614,frac_lost: 0.105, li_recovered:  8.707, time: 0.005422923000878654
L: 33.73, u_super: 0.00371 — INFEASIBLE (li_recovered=0.000e+00), time: 0.0013846929996361723
L: 0.50, u_super: 0.00018, sec: 25.555, prod: 0.001506, t_ads: 1087.8, t_des: 4596.6, bed_util_ads: 0.251, bed_util_des: 0.185, des_th: 0.1851696623157332,frac_lost: 0.104, li_recovered:  8.563, time: 0.012537610000435961
L: 0.50, u_super: 0.00789, sec: 448.279, prod: 0.178898, t_ads: 24.6, t_des: 22.2, bed_util_ads: 0.500, bed_util_des: 0.499, des_th: 0.4994502023205258,frac_lost: 0.102, li_recovered:  8.380, time: 0.0048275619992637075
L: 0.50, u_super: 0.00700, sec: 392.852, prod: 0.158649, t_ads: 27.7, t_des: 25.1, bed_util_ads: 0.499, bed_util_des: 0.499, des_th: 0.4986833495883686,frac_lost: 0.100, li_recovered:  8.383, time: 0.005254470999716432
L: 55.76, u_super: 0.00262 — INFEASIBLE (li_recovered=0.000e+00), time: 0.0010660699990694411
L: 0.50, u_super: 0.00759, sec: 431.120, prod: 0.171380, t_ads: 25.8, t_des: 23.6, bed_util_ads: 0.499, bed_util_des: 0.499, des_th: 0.4986543344059735,frac_lost: 0.109, li_recovered:  8.480, time: 0.006193291999807116
L: 0.50, u_super: 0.00516, sec: 284.134, prod: 0.116432, t_ads: 37.6, t_des: 33.6, bed_util_ads: 0.500, bed_util_des: 0.499, des_th: 0.49942132725883337,frac_lost: 0.102, li_recovered:  8.293, time: 0.004320748001191532
L: 0.50, u_super: 0.00047, sec: 28.263, prod: 0.008999, t_ads: 380.3, t_des: 324.1, bed_util_ads: 0.472, bed_util_des: 0.472, des_th: 0.47182037641024976,frac_lost: 0.102, li_recovered:  6.339, time: 0.006225248000191641
L: 0.50, u_super: 0.00855, sec: 490.746, prod: 0.193644, t_ads: 22.9, t_des: 20.7, bed_util_ads: 0.500, bed_util_des: 0.500, des_th: 0.49970608123728294,frac_lost: 0.106, li_recovered:  8.441, time: 0.004737573999591405
L: 0.50, u_super: 0.00134, sec: 72.550, prod: 0.029077, t_ads: 141.6, t_des: 125.6, bed_util_ads: 0.492, bed_util_des: 0.491, des_th: 0.4911140925148134,frac_lost: 0.101, li_recovered:  7.767, time: 0.004744277999634505
L: 0.50, u_super: 0.00778, sec: 3201.646, prod: 0.024312, t_ads: 25.2, t_des: 335.8, bed_util_ads: 0.206, bed_util_des: 0.202, des_th: 0.20247016226776704,frac_lost: 0.103, li_recovered:  8.777, time: 0.03226656799961347
L: 0.50, u_super: 0.00005 — INFEASIBLE (li_recovered=0.000e+00), time: 0.0014629720008088043
   450 |    18000 |     40 |  0.0030643816 |             f
L: 0.50, u_super: 0.00644, sec: 359.580, prod: 0.145645, t_ads: 30.1, t_des: 28.2, bed_util_ads: 0.494, bed_util_des: 0.493, des_th: 0.49336201218886866,frac_lost: 0.100, li_recovered:  8.498, time: 0.007234351000079187
L: 0.50, u_super: 0.00011, sec: 11.347, prod: 0.001182, t_ads: 1785.3, t_des: 5027.8, bed_util_ads: 0.258, bed_util_des: 0.185, des_th: 0.1851696623157332,frac_lost: 0.101, li_recovered:  8.052, time: 0.011001483000654844
L: 0.50, u_super: 0.00916, sec: 528.483, prod: 0.207598, t_ads: 21.3, t_des: 19.4, bed_util_ads: 0.499, bed_util_des: 0.499, des_th: 0.4985482949802683,frac_lost: 0.104, li_recovered:  8.443, time: 0.004476128999158391
L: 0.50, u_super: 0.00407, sec: 221.858, prod: 0.091578, t_ads: 47.7, t_des: 43.1, bed_util_ads: 0.497, bed_util_des: 0.497, des_th: 0.496744477295899,frac_lost: 0.105, li_recovered:  8.312, time: 0.00441921200035722
L: 0.50, u_super: 0.00440, sec: 240.477, prod: 0.099053, t_ads: 44.2, t_des: 39.9, bed_util_ads: 0.498, bed_util_des: 0.498, des_th: 0.49776435249757156,frac_lost: 0.105, li_recovered:  8.322, time: 0.006748359999619424
L: 0.50, u_super: 0.00375, sec: 214.565, prod: 0.079775, t_ads: 51.9, t_des: 56.0, bed_util_ads: 0.474, bed_util_des: 0.474, des_th: 0.4737092938958401,frac_lost: 0.106, li_recovered:  8.612, time: 0.00802863500030071
L: 0.50, u_super: 0.00583, sec: 347.498, prod: 0.122751, t_ads: 33.6, t_des: 37.1, bed_util_ads: 0.474, bed_util_des: 0.473, des_th: 0.4734360002767652,frac_lost: 0.109, li_recovered:  8.678, time: 0.00960134900014964
L: 0.50, u_super: 0.00740, sec: 418.875, prod: 0.167190, t_ads: 26.5, t_des: 24.0, bed_util_ads: 0.499, bed_util_des: 0.499, des_th: 0.49865453429526585,frac_lost: 0.108, li_recovered:  8.444, time: 0.007166744999267394
L: 0.50, u_super: 0.00707, sec: 398.810, prod: 0.159522, t_ads: 27.7, t_des: 25.1, bed_util_ads: 0.499, bed_util_des: 0.499, des_th: 0.4986199789792247,frac_lost: 0.109, li_recovered:  8.436, time: 0.006518133001009119
L: 0.50, u_super: 0.00155, sec: 733.731, prod: 0.003855, t_ads: 127.2, t_des: 2158.3, bed_util_ads: 0.180, bed_util_des: 0.164, des_th: 0.16367863877270583,frac_lost: 0.101, li_recovered:  8.810, time: 0.05667671400078689
L: 0.50, u_super: 0.00317, sec: 171.601, prod: 0.070793, t_ads: 61.5, t_des: 56.8, bed_util_ads: 0.494, bed_util_des: 0.493, des_th: 0.4933431235968272,frac_lost: 0.109, li_recovered:  8.372, time: 0.007883059999585385
L: 0.50, u_super: 0.00132, sec: 73.663, prod: 0.028052, t_ads: 143.2, t_des: 118.7, bed_util_ads: 0.498, bed_util_des: 0.498, des_th: 0.49807808050094626,frac_lost: 0.103, li_recovered:  7.346, time: 0.007180800999776693
L: 10.49, u_super: 0.00432 — INFEASIBLE (li_recovered=0.000e+00), time: 0.003352182000526227
L: 0.50, u_super: 0.00301, sec: 165.332, prod: 0.066199, t_ads: 64.2, t_des: 64.6, bed_util_ads: 0.482, bed_util_des: 0.482, des_th: 0.48157160755207434,frac_lost: 0.103, li_recovered:  8.523, time: 0.008242863999839756
L: 0.50, u_super: 0.00624, sec: 357.188, prod: 0.137271, t_ads: 31.1, t_des: 31.9, bed_util_ads: 0.484, bed_util_des: 0.483, des_th: 0.48320446665467054,frac_lost: 0.101, li_recovered:  8.650, time: 0.010172643000259995
L: 5.02, u_super: 0.00604 — INFEASIBLE (li_recovered=0.000e+00), time: 0.005964010000752751
L: 0.50, u_super: 0.00126, sec: 69.175, prod: 0.027066, t_ads: 150.6, t_des: 129.7, bed_util_ads: 0.493, bed_util_des: 0.493, des_th: 0.4929918918610791,frac_lost: 0.105, li_recovered:  7.586, time: 0.011328222999509308
L: 0.50, u_super: 0.00978, sec: 569.149, prod: 0.221647, t_ads: 20.0, t_des: 18.1, bed_util_ads: 0.500, bed_util_des: 0.499, des_th: 0.49942132725883337,frac_lost: 0.106, li_recovered:  8.449, time: 0.010202853998634964
L: 0.50, u_super: 0.00344, sec: 186.388, prod: 0.077124, t_ads: 56.4, t_des: 52.4, bed_util_ads: 0.494, bed_util_des: 0.493, des_th: 0.4934281275747035,frac_lost: 0.105, li_recovered:  8.391, time: 0.00962430900108302
L: 0.50, u_super: 0.00271, sec: 145.694, prod: 0.060559, t_ads: 71.1, t_des: 64.8, bed_util_ads: 0.494, bed_util_des: 0.493, des_th: 0.49323805812290944,frac_lost: 0.102, li_recovered:  8.235, time: 0.01110176000111096
L: 0.50, u_super: 0.00155, sec: 84.521, prod: 0.033465, t_ads: 123.9, t_des: 105.9, bed_util_ads: 0.497, bed_util_des: 0.497, des_th: 0.496593591114731,frac_lost: 0.107, li_recovered:  7.688, time: 0.010012994000135222
L: 0.50, u_super: 0.00242, sec: 131.103, prod: 0.053388, t_ads: 79.9, t_des: 69.2, bed_util_ads: 0.499, bed_util_des: 0.499, des_th: 0.4991528084029812,frac_lost: 0.106, li_recovered:  7.957, time: 0.010489692000192008
L: 0.50, u_super: 0.00038 — INFEASIBLE (li_recovered=0.000e+00), time: 0.004709237999122706
L: 0.50, u_super: 0.00732, sec: 432.650, prod: 0.158534, t_ads: 26.5, t_des: 28.3, bed_util_ads: 0.478, bed_util_des: 0.478, des_th: 0.47760129348719854,frac_lost: 0.101, li_recovered:  8.681, time: 0.01578057799997623
L: 0.50, u_super: 0.00632, sec: 352.435, prod: 0.142974, t_ads: 30.7, t_des: 27.8, bed_util_ads: 0.498, bed_util_des: 0.498, des_th: 0.49793952231040256,frac_lost: 0.102, li_recovered:  8.368, time: 0.010042064999652212
L: 0.50, u_super: 0.00795, sec: 453.403, prod: 0.179802, t_ads: 24.6, t_des: 22.6, bed_util_ads: 0.498, bed_util_des: 0.498, des_th: 0.49806983831426743,frac_lost: 0.107, li_recovered:  8.489, time: 0.009895278999465518
L: 62.70, u_super: 0.00005 — INFEASIBLE (li_recovered=0.000e+00), time: 0.0014069440003368072
L: 0.50, u_super: 0.00018, sec: 20.564, prod: 0.001872, t_ads: 1059.1, t_des: 3323.4, bed_util_ads: 0.277, bed_util_des: 0.221, des_th: 0.22084510316347084,frac_lost: 0.103, li_recovered:  8.204, time: 0.017228304999662214
L: 0.50, u_super: 0.00495, sec: 272.177, prod: 0.111757, t_ads: 39.2, t_des: 35.5, bed_util_ads: 0.498, bed_util_des: 0.498, des_th: 0.49776835018584953,frac_lost: 0.103, li_recovered:  8.344, time: 0.010591726000711787
L: 0.50, u_super: 0.00855, sec: 490.905, prod: 0.193582, t_ads: 22.9, t_des: 20.7, bed_util_ads: 0.500, bed_util_des: 0.500, des_th: 0.49968802884589186,frac_lost: 0.107, li_recovered:  8.436, time: 0.01359559599950444
L: 0.50, u_super: 0.00848, sec: 486.392, prod: 0.191993, t_ads: 23.1, t_des: 21.2, bed_util_ads: 0.498, bed_util_des: 0.498, des_th: 0.49776062471369836,frac_lost: 0.106, li_recovered:  8.489, time: 0.01121008200061624
L: 11.25, u_super: 0.00131 — INFEASIBLE (li_recovered=0.000e+00), time: 0.0022809139991295524
L: 0.50, u_super: 0.00990, sec: 576.986, prod: 0.224435, t_ads: 19.7, t_des: 17.9, bed_util_ads: 0.500, bed_util_des: 0.499, des_th: 0.49942132725883337,frac_lost: 0.105, li_recovered:  8.448, time: 0.009944968000127119
L: 0.50, u_super: 0.00085, sec: 46.936, prod: 0.018196, t_ads: 220.1, t_des: 211.6, bed_util_ads: 0.475, bed_util_des: 0.473, des_th: 0.4730271757509509,frac_lost: 0.106, li_recovered:  7.854, time: 0.008987191000414896
L: 0.50, u_super: 0.00320, sec: 177.662, prod: 0.069649, t_ads: 60.7, t_des: 62.2, bed_util_ads: 0.480, bed_util_des: 0.480, des_th: 0.47968688600544107,frac_lost: 0.106, li_recovered:  8.560, time: 0.022616280000875122
L: 0.50, u_super: 0.00978, sec: 568.981, prod: 0.221887, t_ads: 20.0, t_des: 18.1, bed_util_ads: 0.500, bed_util_des: 0.499, des_th: 0.49942132725883337,frac_lost: 0.104, li_recovered:  8.452, time: 0.014533555999150849
L: 0.50, u_super: 0.00606, sec: 336.894, prod: 0.136883, t_ads: 32.1, t_des: 29.0, bed_util_ads: 0.498, bed_util_des: 0.498, des_th: 0.49793978583147835,frac_lost: 0.103, li_recovered:  8.367, time: 0.018078401999446214
L: 7.38, u_super: 0.00827 — INFEASIBLE (li_recovered=0.000e+00), time: 0.005700805000742548
L: 0.50, u_super: 0.00493, sec: 270.645, prod: 0.111049, t_ads: 39.5, t_des: 35.6, bed_util_ads: 0.498, bed_util_des: 0.498, des_th: 0.49776062471369836,frac_lost: 0.104, li_recovered:  8.335, time: 0.01099548400088679
L: 7.12, u_super: 0.00665 — INFEASIBLE (li_recovered=0.000e+00), time: 0.007170131999373552
   451 |    18040 |     40 |  0.0021532391 |             f
L: 0.50, u_super: 0.00106 — INFEASIBLE (li_recovered=0.000e+00), time: 0.004809760999705759
L: 0.50, u_super: 0.00570, sec: 337.373, prod: 0.120551, t_ads: 34.0, t_des: 37.8, bed_util_ads: 0.472, bed_util_des: 0.471, des_th: 0.47125536078038444,frac_lost: 0.101, li_recovered:  8.665, time: 0.01089658399905602
L: 0.50, u_super: 0.00085 — INFEASIBLE (li_recovered=0.000e+00), time: 0.004885932999968645
L: 0.50, u_super: 0.00155, sec: 1097.725, prod: 0.002591, t_ads: 126.9, t_des: 3282.9, bed_util_ads: 0.152, bed_util_des: 0.134, des_th: 0.13376636608885684,frac_lost: 0.100, li_recovered:  8.834, time: 0.078797547999784
L: 0.50, u_super: 0.00915, sec: 530.652, prod: 0.206289, t_ads: 21.4, t_des: 20.3, bed_util_ads: 0.493, bed_util_des: 0.493, des_th: 0.4932983829680101,frac_lost: 0.105, li_recovered:  8.587, time: 0.007729770999503671
L: 0.50, u_super: 0.00789, sec: 447.721, prod: 0.178975, t_ads: 24.6, t_des: 22.3, bed_util_ads: 0.499, bed_util_des: 0.499, des_th: 0.4986690184698872,frac_lost: 0.100, li_recovered:  8.385, time: 0.005896106000363943
L: 0.50, u_super: 0.00990, sec: 577.198, prod: 0.224349, t_ads: 19.7, t_des: 18.3, bed_util_ads: 0.497, bed_util_des: 0.497, des_th: 0.49685123981699986,frac_lost: 0.104, li_recovered:  8.529, time: 0.006017871999574709
L: 0.50, u_super: 0.00198, sec: 110.051, prod: 0.042460, t_ads: 97.3, t_des: 101.7, bed_util_ads: 0.474, bed_util_des: 0.473, des_th: 0.47296414513258694,frac_lost: 0.105, li_recovered:  8.451, time: 0.006232464998902287
L: 0.50, u_super: 0.00954, sec: 576.548, prod: 0.207448, t_ads: 20.5, t_des: 21.5, bed_util_ads: 0.480, bed_util_des: 0.480, des_th: 0.4797996273145968,frac_lost: 0.103, li_recovered:  8.701, time: 0.005737176999900839
L: 4.76, u_super: 0.00102 — INFEASIBLE (li_recovered=0.000e+00), time: 0.0014354670001921477
L: 7.08, u_super: 0.00244 — INFEASIBLE (li_recovered=0.000e+00), time: 0.0023453050016541965
L: 0.50, u_super: 0.00486, sec: 267.005, prod: 0.109589, t_ads: 40.0, t_des: 36.1, bed_util_ads: 0.498, bed_util_des: 0.498, des_th: 0.49761705054893784,frac_lost: 0.104, li_recovered:  8.336, time: 0.007528443999035517
L: 0.50, u_super: 0.00927, sec: 536.352, prod: 0.210045, t_ads: 21.1, t_des: 19.1, bed_util_ads: 0.499, bed_util_des: 0.499, des_th: 0.4985482949802683,frac_lost: 0.106, li_recovered:  8.451, time: 0.006563446000654949
L: 0.50, u_super: 0.00644, sec: 415.773, prod: 0.125960, t_ads: 30.4, t_des: 38.6, bed_util_ads: 0.456, bed_util_des: 0.455, des_th: 0.45541696709091317,frac_lost: 0.107, li_recovered:  8.694, time: 0.006354940000164788
L: 0.50, u_super: 0.00990, sec: 576.267, prod: 0.224711, t_ads: 19.7, t_des: 17.9, bed_util_ads: 0.500, bed_util_des: 0.499, des_th: 0.49952465267410756,frac_lost: 0.103, li_recovered:  8.456, time: 0.00611704400034796
L: 0.50, u_super: 0.00611, sec: 351.103, prod: 0.133807, t_ads: 31.8, t_des: 32.9, bed_util_ads: 0.482, bed_util_des: 0.481, des_th: 0.4811350025058612,frac_lost: 0.102, li_recovered:  8.655, time: 0.006749446998583153
L: 0.50, u_super: 0.00654, sec: 367.563, prod: 0.147035, t_ads: 30.0, t_des: 28.1, bed_util_ads: 0.494, bed_util_des: 0.494, des_th: 0.49359480791694776,frac_lost: 0.109, li_recovered:  8.539, time: 0.007944335000502178
L: 0.50, u_super: 0.00545, sec: 301.327, prod: 0.122843, t_ads: 35.6, t_des: 33.5, bed_util_ads: 0.493, bed_util_des: 0.493, des_th: 0.49325899481780944,frac_lost: 0.102, li_recovered:  8.497, time: 0.00763848600035999
L: 47.67, u_super: 0.00401 — INFEASIBLE (li_recovered=0.000e+00), time: 0.0017304760003753472
L: 0.50, u_super: 0.00319, sec: 173.016, prod: 0.071163, t_ads: 60.9, t_des: 57.7, bed_util_ads: 0.491, bed_util_des: 0.491, des_th: 0.49059431973189566,frac_lost: 0.107, li_recovered:  8.440, time: 0.007565016001535696
L: 0.50, u_super: 0.00816, sec: 499.710, prod: 0.172053, t_ads: 23.9, t_des: 26.7, bed_util_ads: 0.473, bed_util_des: 0.473, des_th: 0.4730033501033129,frac_lost: 0.104, li_recovered:  8.702, time: 0.0067557700003817445
L: 0.50, u_super: 0.00005 — INFEASIBLE (li_recovered=0.000e+00), time: 0.0014826110000285553
L: 0.50, u_super: 0.00361, sec: 196.213, prod: 0.081005, t_ads: 53.8, t_des: 48.1, bed_util_ads: 0.499, bed_util_des: 0.498, des_th: 0.49851683296966015,frac_lost: 0.106, li_recovered:  8.249, time: 0.0057894220008165576
L: 0.50, u_super: 0.00863, sec: 496.004, prod: 0.195446, t_ads: 22.7, t_des: 20.5, bed_util_ads: 0.500, bed_util_des: 0.500, des_th: 0.49958312353415335,frac_lost: 0.107, li_recovered:  8.439, time: 0.006130943998869043
L: 1.04, u_super: 0.00606, sec: 710.056, prod: 0.134946, t_ads: 66.0, t_des: 58.0, bed_util_ads: 0.499, bed_util_des: 0.499, des_th: 0.498893572024331,frac_lost: 0.101, li_recovered:  16.739, time: 0.0071415649999835296
L: 0.50, u_super: 0.00402, sec: 219.623, prod: 0.090160, t_ads: 48.3, t_des: 42.7, bed_util_ads: 0.500, bed_util_des: 0.500, des_th: 0.49952314720693325,frac_lost: 0.106, li_recovered:  8.206, time: 0.00570716599941079
L: 0.50, u_super: 0.00054 — INFEASIBLE (li_recovered=0.000e+00), time: 0.0038219170000957092
L: 0.50, u_super: 0.00472, sec: 272.206, prod: 0.101145, t_ads: 41.1, t_des: 44.3, bed_util_ads: 0.475, bed_util_des: 0.475, des_th: 0.47461037302049075,frac_lost: 0.102, li_recovered:  8.639, time: 0.006053316999896197
L: 90.24, u_super: 0.00403 — INFEASIBLE (li_recovered=0.000e+00), time: 0.001364856998407049
L: 0.50, u_super: 0.00814, sec: 464.580, prod: 0.184192, t_ads: 24.0, t_des: 21.8, bed_util_ads: 0.499, bed_util_des: 0.499, des_th: 0.49854555607250045,frac_lost: 0.106, li_recovered:  8.439, time: 0.005684333000317565
L: 0.50, u_super: 0.00492, sec: 270.643, prod: 0.110973, t_ads: 39.5, t_des: 35.7, bed_util_ads: 0.498, bed_util_des: 0.498, des_th: 0.49776835018584953,frac_lost: 0.105, li_recovered:  8.347, time: 0.005719033000787022
L: 0.50, u_super: 0.00192, sec: 113.403, prod: 0.038518, t_ads: 100.7, t_des: 119.5, bed_util_ads: 0.458, bed_util_des: 0.456, des_th: 0.45653317306063024,frac_lost: 0.105, li_recovered:  8.482, time: 0.005656538000039291
L: 0.50, u_super: 0.00159, sec: 85.261, prod: 0.034906, t_ads: 120.5, t_des: 112.3, bed_util_ads: 0.487, bed_util_des: 0.486, des_th: 0.4862188120290362,frac_lost: 0.104, li_recovered:  8.125, time: 0.00534676600000239
L: 0.50, u_super: 0.00115, sec: 63.018, prod: 0.024504, t_ads: 165.4, t_des: 143.0, bed_util_ads: 0.493, bed_util_des: 0.492, des_th: 0.49232354892838176,frac_lost: 0.106, li_recovered:  7.557, time: 0.005828807999932906
L: 44.08, u_super: 0.00322 — INFEASIBLE (li_recovered=0.000e+00), time: 0.0009781930002645822
L: 0.50, u_super: 0.00298, sec: 161.269, prod: 0.066599, t_ads: 64.8, t_des: 57.4, bed_util_ads: 0.498, bed_util_des: 0.498, des_th: 0.4976958257610324,frac_lost: 0.104, li_recovered:  8.140, time: 0.005659798000124283
L: 0.50, u_super: 0.00012, sec: 14.113, prod: 0.001270, t_ads: 1558.3, t_des: 4914.1, bed_util_ads: 0.257, bed_util_des: 0.185, des_th: 0.1851696623157332,frac_lost: 0.100, li_recovered:  8.222, time: 0.010139514999536914
L: 0.50, u_super: 0.00110, sec: 60.978, prod: 0.023513, t_ads: 170.6, t_des: 146.8, bed_util_ads: 0.492, bed_util_des: 0.492, des_th: 0.49173333895189175,frac_lost: 0.103, li_recovered:  7.464, time: 0.0055752339994796785
L: 0.50, u_super: 0.00006, sec: 4.868, prod: 0.000759, t_ads: 3127.3, t_des: 5639.9, bed_util_ads: 0.255, bed_util_des: 0.185, des_th: 0.1851696623157332,frac_lost: 0.102, li_recovered:  6.655, time: 0.007047907998639857
L: 0.50, u_super: 0.00115, sec: 63.032, prod: 0.024499, t_ads: 165.5, t_des: 143.0, bed_util_ads: 0.492, bed_util_des: 0.492, des_th: 0.49174271918912954,frac_lost: 0.106, li_recovered:  7.559, time: 0.005541356998946867
   452 |    18080 |     40 |  0.0031325645 |             f
L: 0.50, u_super: 0.00615, sec: 343.558, prod: 0.138843, t_ads: 31.8, t_des: 28.8, bed_util_ads: 0.498, bed_util_des: 0.498, des_th: 0.49793978583147835,frac_lost: 0.108, li_recovered:  8.420, time: 0.006384755999533809
L: 0.50, u_super: 0.00954, sec: 553.027, prod: 0.216272, t_ads: 20.5, t_des: 18.6, bed_util_ads: 0.499, bed_util_des: 0.499, des_th: 0.49854655684098675,frac_lost: 0.104, li_recovered:  8.445, time: 0.005741024999224464
L: 0.50, u_super: 0.00158, sec: 85.242, prod: 0.034849, t_ads: 120.9, t_des: 112.3, bed_util_ads: 0.488, bed_util_des: 0.487, des_th: 0.4868082667008117,frac_lost: 0.105, li_recovered:  8.126, time: 0.005522887999177328
L: 0.50, u_super: 0.00301, sec: 163.126, prod: 0.067005, t_ads: 64.3, t_des: 56.3, bed_util_ads: 0.500, bed_util_des: 0.499, des_th: 0.49953474732147535,frac_lost: 0.105, li_recovered:  8.082, time: 0.004698872999142623
L: 0.50, u_super: 0.00058 — INFEASIBLE (li_recovered=0.000e+00), time: 0.00277299099980155
L: 0.50, u_super: 0.00279, sec: 150.629, prod: 0.062289, t_ads: 69.0, t_des: 61.4, bed_util_ads: 0.497, bed_util_des: 0.497, des_th: 0.4966343901186916,frac_lost: 0.102, li_recovered:  8.124, time: 0.006843199000286404
L: 0.50, u_super: 0.00848, sec: 486.397, prod: 0.191992, t_ads: 23.1, t_des: 21.1, bed_util_ads: 0.498, bed_util_des: 0.498, des_th: 0.4976914207265588,frac_lost: 0.106, li_recovered:  8.485, time: 0.0056210809998447075
L: 0.50, u_super: 0.00465, sec: 254.897, prod: 0.104637, t_ads: 41.9, t_des: 37.7, bed_util_ads: 0.498, bed_util_des: 0.498, des_th: 0.49776062471369836,frac_lost: 0.106, li_recovered:  8.331, time: 0.00635547999991104
L: 25.65, u_super: 0.00051 — INFEASIBLE (li_recovered=0.000e+00), time: 0.0011889560009876732
L: 0.50, u_super: 0.00863, sec: 495.354, prod: 0.195305, t_ads: 22.7, t_des: 20.3, bed_util_ads: 0.500, bed_util_des: 0.500, des_th: 0.49994458812327264,frac_lost: 0.106, li_recovered:  8.390, time: 0.007612614999743528
L: 0.50, u_super: 0.00020 — INFEASIBLE (li_recovered=0.000e+00), time: 0.0026043239995487966
L: 0.50, u_super: 0.00274, sec: 147.107, prod: 0.061200, t_ads: 70.4, t_des: 64.2, bed_util_ads: 0.494, bed_util_des: 0.494, des_th: 0.4936049700986888,frac_lost: 0.102, li_recovered:  8.233, time: 0.005578686001172173
L: 0.50, u_super: 0.00436, sec: 238.634, prod: 0.098111, t_ads: 44.7, t_des: 40.3, bed_util_ads: 0.498, bed_util_des: 0.498, des_th: 0.49790157981748256,frac_lost: 0.107, li_recovered:  8.331, time: 0.005580895000093733
L: 0.50, u_super: 0.00931, sec: 538.376, prod: 0.211033, t_ads: 21.0, t_des: 19.0, bed_util_ads: 0.499, bed_util_des: 0.499, des_th: 0.4985850564358218,frac_lost: 0.104, li_recovered:  8.446, time: 0.005758259001595434
L: 0.50, u_super: 0.00606, sec: 362.651, prod: 0.127162, t_ads: 32.4, t_des: 35.9, bed_util_ads: 0.473, bed_util_des: 0.472, des_th: 0.47235914532962187,frac_lost: 0.109, li_recovered:  8.682, time: 0.005448175999845262
L: 0.50, u_super: 0.00954, sec: 553.066, prod: 0.216256, t_ads: 20.5, t_des: 18.6, bed_util_ads: 0.499, bed_util_des: 0.499, des_th: 0.49854655684098675,frac_lost: 0.104, li_recovered:  8.440, time: 0.006073205999200582
L: 0.50, u_super: 0.00760, sec: 430.946, prod: 0.171757, t_ads: 25.8, t_des: 23.4, bed_util_ads: 0.499, bed_util_des: 0.499, des_th: 0.49865427077419017,frac_lost: 0.107, li_recovered:  8.445, time: 0.005443263999040937
L: 0.50, u_super: 0.00750, sec: 423.492, prod: 0.170027, t_ads: 25.9, t_des: 23.4, bed_util_ads: 0.499, bed_util_des: 0.499, des_th: 0.49865427077419017,frac_lost: 0.100, li_recovered:  8.373, time: 0.00559417200020107
L: 0.50, u_super: 0.00974, sec: 566.645, prod: 0.220988, t_ads: 20.0, t_des: 18.2, bed_util_ads: 0.499, bed_util_des: 0.499, des_th: 0.4985482949802683,frac_lost: 0.105, li_recovered:  8.443, time: 0.006345231999148382
L: 0.50, u_super: 0.00015, sec: 14.317, prod: 0.001796, t_ads: 1251.2, t_des: 3061.5, bed_util_ads: 0.289, bed_util_des: 0.235, des_th: 0.2357558450592425,frac_lost: 0.100, li_recovered:  7.745, time: 0.008945441999458126
L: 0.50, u_super: 0.00916, sec: 531.315, prod: 0.206492, t_ads: 21.3, t_des: 20.3, bed_util_ads: 0.493, bed_util_des: 0.493, des_th: 0.4930234822982866,frac_lost: 0.104, li_recovered:  8.592, time: 0.004794096001205617
L: 1.28, u_super: 0.00497, sec: 721.503, prod: 0.108497, t_ads: 98.4, t_des: 84.0, bed_util_ads: 0.500, bed_util_des: 0.499, des_th: 0.4993761230169577,frac_lost: 0.102, li_recovered:  19.790, time: 0.005272561000310816
L: 0.50, u_super: 0.00469, sec: 257.094, prod: 0.105632, t_ads: 41.5, t_des: 37.5, bed_util_ads: 0.498, bed_util_des: 0.498, des_th: 0.49776062471369836,frac_lost: 0.105, li_recovered:  8.340, time: 0.00633253500018327
L: 0.50, u_super: 0.00292, sec: 157.363, prod: 0.065354, t_ads: 66.2, t_des: 60.8, bed_util_ads: 0.494, bed_util_des: 0.493, des_th: 0.49323805812290944,frac_lost: 0.104, li_recovered:  8.300, time: 0.007208774999526213
L: 0.50, u_super: 0.00990, sec: 576.774, prod: 0.224514, t_ads: 19.7, t_des: 17.9, bed_util_ads: 0.500, bed_util_des: 0.499, des_th: 0.4994904943856191,frac_lost: 0.105, li_recovered:  8.439, time: 0.008331842000188772
L: 16.28, u_super: 0.00015 — INFEASIBLE (li_recovered=0.000e+00), time: 0.0015661360012018122
L: 74.48, u_super: 0.00059 — INFEASIBLE (li_recovered=0.000e+00), time: 0.0014390430005732924
L: 0.50, u_super: 0.00401, sec: 218.459, prod: 0.090013, t_ads: 48.5, t_des: 45.3, bed_util_ads: 0.493, bed_util_des: 0.493, des_th: 0.492574648655576,frac_lost: 0.105, li_recovered:  8.441, time: 0.005230296999798156
L: 0.50, u_super: 0.00990, sec: 613.528, prod: 0.211064, t_ads: 19.7, t_des: 21.6, bed_util_ads: 0.476, bed_util_des: 0.476, des_th: 0.4755582643900021,frac_lost: 0.103, li_recovered:  8.712, time: 0.007335583999520168
L: 0.50, u_super: 0.00972, sec: 568.213, prod: 0.219146, t_ads: 20.1, t_des: 19.1, bed_util_ads: 0.494, bed_util_des: 0.493, des_th: 0.4933508501076238,frac_lost: 0.106, li_recovered:  8.598, time: 0.005330050998963998
L: 0.50, u_super: 0.00738, sec: 417.565, prod: 0.166708, t_ads: 26.5, t_des: 24.0, bed_util_ads: 0.499, bed_util_des: 0.499, des_th: 0.49894028517366107,frac_lost: 0.108, li_recovered:  8.430, time: 0.0075306400012777885
L: 0.50, u_super: 0.00245, sec: 131.766, prod: 0.054562, t_ads: 78.9, t_des: 71.8, bed_util_ads: 0.494, bed_util_des: 0.493, des_th: 0.4932011796274339,frac_lost: 0.105, li_recovered:  8.219, time: 0.00537779900150781
L: 0.50, u_super: 0.00080 — INFEASIBLE (li_recovered=0.000e+00), time: 0.004236779999700957
L: 0.50, u_super: 0.00539, sec: 297.823, prod: 0.121757, t_ads: 35.9, t_des: 33.8, bed_util_ads: 0.493, bed_util_des: 0.493, des_th: 0.49325899481780944,frac_lost: 0.101, li_recovered:  8.487, time: 0.004647792999094236
L: 0.50, u_super: 0.00570, sec: 318.055, prod: 0.127873, t_ads: 34.0, t_des: 33.0, bed_util_ads: 0.489, bed_util_des: 0.488, des_th: 0.48840539880813594,frac_lost: 0.101, li_recovered:  8.573, time: 0.005573844000537065
L: 0.50, u_super: 0.00298, sec: 161.477, prod: 0.066513, t_ads: 64.6, t_des: 56.8, bed_util_ads: 0.500, bed_util_des: 0.500, des_th: 0.49956700155566136,frac_lost: 0.102, li_recovered:  8.078, time: 0.005819199001052766
L: 0.50, u_super: 0.00863, sec: 514.344, prod: 0.188477, t_ads: 22.6, t_des: 23.5, bed_util_ads: 0.482, bed_util_des: 0.482, des_th: 0.4819850120833928,frac_lost: 0.106, li_recovered:  8.694, time: 0.006398216000889079
L: 0.50, u_super: 0.00971, sec: 564.067, prod: 0.220403, t_ads: 20.1, t_des: 18.3, bed_util_ads: 0.499, bed_util_des: 0.499, des_th: 0.4986044082487101,frac_lost: 0.103, li_recovered:  8.448, time: 0.007128781000574236
L: 0.50, u_super: 0.00702, sec: 516.351, prod: 0.121569, t_ads: 27.9, t_des: 43.8, bed_util_ads: 0.430, bed_util_des: 0.429, des_th: 0.4289397474621828,frac_lost: 0.105, li_recovered:  8.710, time: 0.008641691998491297
L: 0.50, u_super: 0.00562, sec: 310.665, prod: 0.126897, t_ads: 34.6, t_des: 31.4, bed_util_ads: 0.498, bed_util_des: 0.498, des_th: 0.49793978583147835,frac_lost: 0.103, li_recovered:  8.371, time: 0.005261938998955884
   453 |    18120 |     40 |  0.0009603099 |             f
L: 0.50, u_super: 0.00916, sec: 529.229, prod: 0.207306, t_ads: 21.4, t_des: 19.4, bed_util_ads: 0.500, bed_util_des: 0.500, des_th: 0.49955585151329995,frac_lost: 0.107, li_recovered:  8.444, time: 0.008154077999279252
L: 0.50, u_super: 0.00725, sec: 410.402, prod: 0.163588, t_ads: 26.7, t_des: 25.6, bed_util_ads: 0.491, bed_util_des: 0.491, des_th: 0.4912563878605263,frac_lost: 0.100, li_recovered:  8.569, time: 0.005003870999644278
L: 0.50, u_super: 0.00700, sec: 394.547, prod: 0.157968, t_ads: 28.0, t_des: 25.4, bed_util_ads: 0.499, bed_util_des: 0.499, des_th: 0.498668943062615,frac_lost: 0.109, li_recovered:  8.432, time: 0.006764898998881108
L: 0.50, u_super: 0.00556, sec: 307.107, prod: 0.125598, t_ads: 34.9, t_des: 32.0, bed_util_ads: 0.496, bed_util_des: 0.496, des_th: 0.4957532592381951,frac_lost: 0.102, li_recovered:  8.413, time: 0.007059187000777456
L: 0.50, u_super: 0.00005, sec: 4.356, prod: 0.000665, t_ads: 3272.9, t_des: 5316.0, bed_util_ads: 0.254, bed_util_des: 0.194, des_th: 0.19497767143601474,frac_lost: 0.100, li_recovered:  5.708, time: 0.0068425350000325125
L: 45.66, u_super: 0.00558 — INFEASIBLE (li_recovered=0.000e+00), time: 0.0015898209985607537
L: 0.50, u_super: 0.00674, sec: 379.204, prod: 0.152241, t_ads: 29.0, t_des: 26.3, bed_util_ads: 0.498, bed_util_des: 0.498, des_th: 0.4980247454476442,frac_lost: 0.109, li_recovered:  8.430, time: 0.00604996399852098
L: 0.50, u_super: 0.00857, sec: 494.508, prod: 0.192859, t_ads: 22.9, t_des: 21.7, bed_util_ads: 0.493, bed_util_des: 0.493, des_th: 0.4926874872798995,frac_lost: 0.107, li_recovered:  8.592, time: 0.006348061999233323
L: 0.50, u_super: 0.00270, sec: 145.243, prod: 0.060375, t_ads: 71.3, t_des: 65.0, bed_util_ads: 0.494, bed_util_des: 0.493, des_th: 0.4932246145542934,frac_lost: 0.102, li_recovered:  8.230, time: 0.005843135000759503
L: 0.50, u_super: 0.00387, sec: 210.755, prod: 0.086989, t_ads: 50.1, t_des: 44.9, bed_util_ads: 0.498, bed_util_des: 0.498, des_th: 0.49776357904411206,frac_lost: 0.105, li_recovered:  8.261, time: 0.0054920510010560974
L: 56.18, u_super: 0.00170 — INFEASIBLE (li_recovered=0.000e+00), time: 0.0010274489995936165
L: 0.50, u_super: 0.00880, sec: 543.485, prod: 0.185853, t_ads: 22.1, t_des: 24.7, bed_util_ads: 0.473, bed_util_des: 0.473, des_th: 0.4730271757509509,frac_lost: 0.103, li_recovered:  8.706, time: 0.005596540000624373
L: 0.50, u_super: 0.00927, sec: 536.423, prod: 0.209789, t_ads: 21.1, t_des: 19.3, bed_util_ads: 0.498, bed_util_des: 0.498, des_th: 0.4982579905524768,frac_lost: 0.107, li_recovered:  8.487, time: 0.006150320999950054
L: 0.50, u_super: 0.00319, sec: 172.689, prod: 0.071177, t_ads: 60.5, t_des: 53.2, bed_util_ads: 0.500, bed_util_des: 0.499, des_th: 0.4995132030620904,frac_lost: 0.101, li_recovered:  8.089, time: 0.007224630999189685
L: 0.50, u_super: 0.00005, sec: 4.332, prod: 0.000668, t_ads: 3402.0, t_des: 5777.8, bed_util_ads: 0.251, bed_util_des: 0.185, des_th: 0.1851696623157332,frac_lost: 0.100, li_recovered:  6.135, time: 0.006977883000217844
L: 0.50, u_super: 0.00747, sec: 422.057, prod: 0.169329, t_ads: 26.0, t_des: 23.5, bed_util_ads: 0.499, bed_util_des: 0.499, des_th: 0.49877994785189805,frac_lost: 0.101, li_recovered:  8.381, time: 0.007499160999941523
L: 39.82, u_super: 0.00158 — INFEASIBLE (li_recovered=0.000e+00), time: 0.0009027710002555978
L: 0.50, u_super: 0.00539, sec: 297.779, prod: 0.121775, t_ads: 36.0, t_des: 32.2, bed_util_ads: 0.500, bed_util_des: 0.499, des_th: 0.4994139541779437,frac_lost: 0.102, li_recovered:  8.301, time: 0.006952739999178448
L: 31.96, u_super: 0.00105 — INFEASIBLE (li_recovered=0.000e+00), time: 0.0013502519996109186
L: 23.89, u_super: 0.00740 — INFEASIBLE (li_recovered=0.000e+00), time: 0.0020303169985709246
L: 0.50, u_super: 0.00922, sec: 534.541, prod: 0.208248, t_ads: 21.2, t_des: 19.9, bed_util_ads: 0.495, bed_util_des: 0.495, des_th: 0.49485453449934236,frac_lost: 0.106, li_recovered:  8.566, time: 0.005960489001154201
L: 15.64, u_super: 0.00155 — INFEASIBLE (li_recovered=0.000e+00), time: 0.0016845600002852734
L: 0.50, u_super: 0.00443, sec: 241.931, prod: 0.099686, t_ads: 43.9, t_des: 39.8, bed_util_ads: 0.498, bed_util_des: 0.498, des_th: 0.49793978583147835,frac_lost: 0.105, li_recovered:  8.339, time: 0.0073892960008379305
L: 0.50, u_super: 0.00380, sec: 206.399, prod: 0.085396, t_ads: 51.1, t_des: 46.4, bed_util_ads: 0.497, bed_util_des: 0.497, des_th: 0.4969536047841885,frac_lost: 0.105, li_recovered:  8.323, time: 0.00745219100099348
L: 0.50, u_super: 0.00191, sec: 102.911, prod: 0.042214, t_ads: 100.9, t_des: 90.9, bed_util_ads: 0.494, bed_util_des: 0.493, des_th: 0.4931015414245967,frac_lost: 0.108, li_recovered:  8.098, time: 0.005267910000839038
L: 0.50, u_super: 0.00580, sec: 321.274, prod: 0.131203, t_ads: 33.4, t_des: 30.3, bed_util_ads: 0.498, bed_util_des: 0.498, des_th: 0.4979821608892045,frac_lost: 0.101, li_recovered:  8.361, time: 0.007340440000916715
L: 0.50, u_super: 0.00590, sec: 348.344, prod: 0.125368, t_ads: 32.9, t_des: 36.2, bed_util_ads: 0.474, bed_util_des: 0.473, des_th: 0.4733222966064218,frac_lost: 0.101, li_recovered:  8.668, time: 0.0068256810009188484
L: 0.50, u_super: 0.00938, sec: 543.307, prod: 0.212723, t_ads: 20.8, t_des: 18.9, bed_util_ads: 0.499, bed_util_des: 0.499, des_th: 0.49854470530202055,frac_lost: 0.105, li_recovered:  8.454, time: 0.009416335000423715
L: 0.50, u_super: 0.00120, sec: 67.614, prod: 0.025213, t_ads: 157.6, t_des: 128.9, bed_util_ads: 0.499, bed_util_des: 0.499, des_th: 0.4985482949802683,frac_lost: 0.106, li_recovered:  7.222, time: 0.008190845999706653
L: 0.50, u_super: 0.00241, sec: 130.121, prod: 0.053602, t_ads: 80.0, t_des: 71.0, bed_util_ads: 0.497, bed_util_des: 0.497, des_th: 0.4966343901186916,frac_lost: 0.105, li_recovered:  8.095, time: 0.005912880998948822
L: 0.50, u_super: 0.00179, sec: 96.495, prod: 0.039439, t_ads: 106.7, t_des: 94.8, bed_util_ads: 0.495, bed_util_des: 0.494, des_th: 0.49424401945578167,frac_lost: 0.102, li_recovered:  7.948, time: 0.0072835040009522345
L: 3.62, u_super: 0.00570, sec: 2542.810, prod: 0.115780, t_ads: 235.8, t_des: 193.6, bed_util_ads: 0.491, bed_util_des: 0.491, des_th: 0.49059431973189566,frac_lost: 0.105, li_recovered:  49.719, time: 0.006598208001378225
L: 0.50, u_super: 0.00755, sec: 428.583, prod: 0.170594, t_ads: 25.9, t_des: 23.7, bed_util_ads: 0.498, bed_util_des: 0.498, des_th: 0.49802086245538835,frac_lost: 0.108, li_recovered:  8.477, time: 0.009006846999909612
L: 0.50, u_super: 0.00434, sec: 237.118, prod: 0.097446, t_ads: 44.9, t_des: 41.8, bed_util_ads: 0.494, bed_util_des: 0.493, des_th: 0.4932669946222744,frac_lost: 0.105, li_recovered:  8.450, time: 0.00855218900142063
L: 0.50, u_super: 0.00058 — INFEASIBLE (li_recovered=0.000e+00), time: 0.0037228439996397356
L: 6.26, u_super: 0.00436 — INFEASIBLE (li_recovered=0.000e+00), time: 0.0038478189999295864
L: 0.50, u_super: 0.00968, sec: 572.714, prod: 0.215712, t_ads: 20.2, t_des: 20.0, bed_util_ads: 0.488, bed_util_des: 0.488, des_th: 0.4876334767753453,frac_lost: 0.104, li_recovered:  8.667, time: 0.0065196890009247
L: 0.50, u_super: 0.00710, sec: 398.887, prod: 0.160941, t_ads: 27.3, t_des: 25.0, bed_util_ads: 0.498, bed_util_des: 0.498, des_th: 0.49802086245538835,frac_lost: 0.100, li_recovered:  8.426, time: 0.006999811999776284
L: 0.50, u_super: 0.00161, sec: 87.959, prod: 0.034834, t_ads: 119.2, t_des: 101.5, bed_util_ads: 0.498, bed_util_des: 0.498, des_th: 0.49809101007854956,frac_lost: 0.107, li_recovered:  7.686, time: 0.0074740219988598255
L: 0.50, u_super: 0.00361, sec: 195.756, prod: 0.080839, t_ads: 53.9, t_des: 48.2, bed_util_ads: 0.498, bed_util_des: 0.497, des_th: 0.4974033886754291,frac_lost: 0.106, li_recovered:  8.252, time: 0.005516480001460877
   454 |    18160 |     40 |  0.0025426809 |             f
L: 0.50, u_super: 0.00789, sec: 456.056, prod: 0.175704, t_ads: 24.8, t_des: 24.4, bed_util_ads: 0.489, bed_util_des: 0.489, des_th: 0.4888231032223611,frac_lost: 0.108, li_recovered:  8.647, time: 0.008043773001190857
L: 0.50, u_super: 0.00049, sec: 177.174, prod: 0.001603, t_ads: 403.9, t_des: 5147.8, bed_util_ads: 0.190, bed_util_des: 0.146, des_th: 0.14631664246474763,frac_lost: 0.101, li_recovered:  8.899, time: 0.05954883999947924
L: 0.50, u_super: 0.00434, sec: 237.576, prod: 0.097258, t_ads: 44.9, t_des: 39.5, bed_util_ads: 0.500, bed_util_des: 0.500, des_th: 0.49999498733823,frac_lost: 0.106, li_recovered:  8.209, time: 0.00902778700037743
L: 0.50, u_super: 0.00672, sec: 378.159, prod: 0.151652, t_ads: 29.2, t_des: 26.7, bed_util_ads: 0.497, bed_util_des: 0.497, des_th: 0.4970421650082083,frac_lost: 0.109, li_recovered:  8.468, time: 0.008796540001640096
L: 0.50, u_super: 0.00364, sec: 197.937, prod: 0.081592, t_ads: 53.4, t_des: 47.8, bed_util_ads: 0.498, bed_util_des: 0.497, des_th: 0.4974033886754291,frac_lost: 0.107, li_recovered:  8.258, time: 0.013218161000622786
L: 1.00, u_super: 0.00895, sec: 1036.321, prod: 0.201576, t_ads: 43.4, t_des: 39.7, bed_util_ads: 0.497, bed_util_des: 0.497, des_th: 0.4967351931779592,frac_lost: 0.105, li_recovered:  16.742, time: 0.009718917999634868
L: 0.50, u_super: 0.00539, sec: 297.749, prod: 0.121788, t_ads: 36.0, t_des: 32.2, bed_util_ads: 0.500, bed_util_des: 0.499, des_th: 0.4994139541779437,frac_lost: 0.102, li_recovered:  8.300, time: 0.010580168000160484
L: 0.50, u_super: 0.00221, sec: 118.972, prod: 0.049057, t_ads: 87.5, t_des: 79.5, bed_util_ads: 0.494, bed_util_des: 0.493, des_th: 0.4934512609929118,frac_lost: 0.108, li_recovered:  8.196, time: 0.006477032000475447
L: 0.50, u_super: 0.00580, sec: 321.658, prod: 0.131046, t_ads: 33.5, t_des: 30.3, bed_util_ads: 0.498, bed_util_des: 0.498, des_th: 0.4977768136976963,frac_lost: 0.103, li_recovered:  8.366, time: 0.009171682999294717
L: 0.50, u_super: 0.00989, sec: 575.821, prod: 0.224170, t_ads: 19.8, t_des: 17.9, bed_util_ads: 0.500, bed_util_des: 0.499, des_th: 0.49942132725883337,frac_lost: 0.105, li_recovered:  8.454, time: 0.0091977259999112
L: 0.50, u_super: 0.00305, sec: 164.998, prod: 0.067880, t_ads: 63.4, t_des: 55.6, bed_util_ads: 0.500, bed_util_des: 0.499, des_th: 0.49950882582448564,frac_lost: 0.103, li_recovered:  8.079, time: 0.008257636998678208
L: 0.50, u_super: 0.00005, sec: 4.532, prod: 0.000639, t_ads: 2948.4, t_des: 4373.0, bed_util_ads: 0.256, bed_util_des: 0.211, des_th: 0.21118764160914485,frac_lost: 0.101, li_recovered:  4.677, time: 0.009173880000162171
L: 0.50, u_super: 0.00241, sec: 130.154, prod: 0.053588, t_ads: 80.1, t_des: 71.1, bed_util_ads: 0.497, bed_util_des: 0.497, des_th: 0.4966343901186916,frac_lost: 0.106, li_recovered:  8.098, time: 0.010072668001157581
L: 12.76, u_super: 0.00439 — INFEASIBLE (li_recovered=0.000e+00), time: 0.0030169399997248547
L: 0.50, u_super: 0.00941, sec: 552.980, prod: 0.210448, t_ads: 20.7, t_des: 20.4, bed_util_ads: 0.489, bed_util_des: 0.489, des_th: 0.48908933987152065,frac_lost: 0.105, li_recovered:  8.653, time: 0.013648592999743414
L: 0.50, u_super: 0.00080, sec: 44.259, prod: 0.017105, t_ads: 231.2, t_des: 219.4, bed_util_ads: 0.475, bed_util_des: 0.473, des_th: 0.4730271757509509,frac_lost: 0.101, li_recovered:  7.708, time: 0.009207611999954679
L: 0.50, u_super: 0.00461, sec: 252.675, prod: 0.103593, t_ads: 42.3, t_des: 37.6, bed_util_ads: 0.499, bed_util_des: 0.499, des_th: 0.49893705593824467,frac_lost: 0.106, li_recovered:  8.278, time: 0.009001489001093432
L: 0.50, u_super: 0.00057 — INFEASIBLE (li_recovered=0.000e+00), time: 0.005169355999896652
L: 0.50, u_super: 0.00495, sec: 272.829, prod: 0.111490, t_ads: 39.1, t_des: 37.1, bed_util_ads: 0.492, bed_util_des: 0.492, des_th: 0.4922242244588183,frac_lost: 0.102, li_recovered:  8.506, time: 0.010021325999332475
L: 0.50, u_super: 0.00598, sec: 332.663, prod: 0.135236, t_ads: 32.4, t_des: 29.0, bed_util_ads: 0.500, bed_util_des: 0.499, des_th: 0.4995132030620904,frac_lost: 0.102, li_recovered:  8.316, time: 0.009986896999180317
L: 0.50, u_super: 0.00669, sec: 375.721, prod: 0.150919, t_ads: 29.3, t_des: 26.6, bed_util_ads: 0.499, bed_util_des: 0.499, des_th: 0.4986833495883686,frac_lost: 0.109, li_recovered:  8.431, time: 0.00772632100051851
L: 0.50, u_super: 0.00852, sec: 488.519, prod: 0.192769, t_ads: 23.0, t_des: 20.9, bed_util_ads: 0.500, bed_util_des: 0.500, des_th: 0.49958312353415335,frac_lost: 0.107, li_recovered:  8.451, time: 0.009434728000996984
L: 0.50, u_super: 0.00200, sec: 107.324, prod: 0.044237, t_ads: 95.7, t_des: 85.9, bed_util_ads: 0.493, bed_util_des: 0.493, des_th: 0.4929963010427633,frac_lost: 0.101, li_recovered:  8.037, time: 0.009681890000138083
L: 0.50, u_super: 0.00049, sec: 29.029, prod: 0.009454, t_ads: 370.2, t_des: 316.9, bed_util_ads: 0.473, bed_util_des: 0.473, des_th: 0.47274455288693407,frac_lost: 0.106, li_recovered:  6.496, time: 0.00846576700132573
L: 0.50, u_super: 0.00380, sec: 206.652, prod: 0.085207, t_ads: 51.2, t_des: 45.9, bed_util_ads: 0.499, bed_util_des: 0.499, des_th: 0.4985575790898599,frac_lost: 0.107, li_recovered:  8.275, time: 0.006596187999093672
L: 58.85, u_super: 0.00018 — INFEASIBLE (li_recovered=0.000e+00), time: 0.001009371000691317
L: 0.50, u_super: 0.00644, sec: 359.726, prod: 0.145805, t_ads: 30.2, t_des: 27.6, bed_util_ads: 0.498, bed_util_des: 0.498, des_th: 0.4977128729944775,frac_lost: 0.103, li_recovered:  8.418, time: 0.005543421999391285
L: 0.50, u_super: 0.00495, sec: 272.385, prod: 0.111672, t_ads: 39.3, t_des: 35.4, bed_util_ads: 0.498, bed_util_des: 0.498, des_th: 0.4979736973773577,frac_lost: 0.105, li_recovered:  8.334, time: 0.005254535999483778
L: 34.11, u_super: 0.00361 — INFEASIBLE (li_recovered=0.000e+00), time: 0.000985975000730832
L: 0.50, u_super: 0.00863, sec: 495.531, prod: 0.195632, t_ads: 22.6, t_des: 20.5, bed_util_ads: 0.500, bed_util_des: 0.500, des_th: 0.4995875007717582,frac_lost: 0.105, li_recovered:  8.442, time: 0.006351301000904641
L: 0.50, u_super: 0.00696, sec: 393.442, prod: 0.156758, t_ads: 28.1, t_des: 26.4, bed_util_ads: 0.494, bed_util_des: 0.493, des_th: 0.4934659688871328,frac_lost: 0.108, li_recovered:  8.549, time: 0.005522703999304213
L: 0.50, u_super: 0.00672, sec: 376.521, prod: 0.152312, t_ads: 28.9, t_des: 26.1, bed_util_ads: 0.498, bed_util_des: 0.498, des_th: 0.4980247454476442,frac_lost: 0.101, li_recovered:  8.366, time: 0.006064466000680113
L: 0.50, u_super: 0.00695, sec: 391.343, prod: 0.156811, t_ads: 28.2, t_des: 25.9, bed_util_ads: 0.497, bed_util_des: 0.497, des_th: 0.49721863519265,frac_lost: 0.108, li_recovered:  8.482, time: 0.004872419000093942
L: 0.50, u_super: 0.00606, sec: 336.663, prod: 0.137131, t_ads: 32.0, t_des: 29.0, bed_util_ads: 0.498, bed_util_des: 0.498, des_th: 0.49793952231040256,frac_lost: 0.101, li_recovered:  8.367, time: 0.005362949001209927
L: 0.50, u_super: 0.00275, sec: 147.882, prod: 0.061541, t_ads: 70.0, t_des: 63.8, bed_util_ads: 0.494, bed_util_des: 0.493, des_th: 0.4932246145542934,frac_lost: 0.101, li_recovered:  8.235, time: 0.004780671999469632
L: 0.50, u_super: 0.00066, sec: 36.816, prod: 0.013675, t_ads: 279.8, t_des: 258.2, bed_util_ads: 0.474, bed_util_des: 0.473, des_th: 0.47274455288693407,frac_lost: 0.102, li_recovered:  7.358, time: 0.004604431000188924
L: 0.50, u_super: 0.00295, sec: 163.886, prod: 0.063965, t_ads: 65.4, t_des: 68.1, bed_util_ads: 0.478, bed_util_des: 0.477, des_th: 0.47747196792917734,frac_lost: 0.102, li_recovered:  8.545, time: 0.006399145000614226
L: 0.50, u_super: 0.00018, sec: 20.416, prod: 0.001886, t_ads: 1059.7, t_des: 3287.0, bed_util_ads: 0.278, bed_util_des: 0.222, des_th: 0.22225893477384906,frac_lost: 0.104, li_recovered:  8.196, time: 0.009552962999805459
L: 0.50, u_super: 0.00725, sec: 410.402, prod: 0.163588, t_ads: 26.7, t_des: 25.6, bed_util_ads: 0.491, bed_util_des: 0.491, des_th: 0.4912563878605263,frac_lost: 0.100, li_recovered:  8.569, time: 0.004867716999797267
L: 0.50, u_super: 0.00685, sec: 383.817, prod: 0.155147, t_ads: 28.3, t_des: 25.6, bed_util_ads: 0.499, bed_util_des: 0.499, des_th: 0.49865427077419017,frac_lost: 0.100, li_recovered:  8.366, time: 0.005536381000638357
   455 |    18200 |     40 |  0.0035330651 |             f
L: 1.32, u_super: 0.00930, sec: 1428.897, prod: 0.208856, t_ads: 54.6, t_des: 49.1, bed_util_ads: 0.497, bed_util_des: 0.497, des_th: 0.49667357124258615,frac_lost: 0.101, li_recovered:  21.662, time: 0.004745398000522982
L: 0.50, u_super: 0.00030, sec: 39.985, prod: 0.002553, t_ads: 654.5, t_des: 2655.7, bed_util_ads: 0.273, bed_util_des: 0.228, des_th: 0.22825549910200166,frac_lost: 0.100, li_recovered:  8.450, time: 0.01171380699997826
L: 0.50, u_super: 0.00790, sec: 448.626, prod: 0.179198, t_ads: 24.6, t_des: 22.5, bed_util_ads: 0.499, bed_util_des: 0.499, des_th: 0.4986690184698872,frac_lost: 0.102, li_recovered:  8.434, time: 0.005804833999718539
L: 0.50, u_super: 0.00683, sec: 496.705, prod: 0.119455, t_ads: 28.6, t_des: 44.3, bed_util_ads: 0.431, bed_util_des: 0.430, des_th: 0.43008231307266703,frac_lost: 0.105, li_recovered:  8.706, time: 0.007724047000010614
L: 0.50, u_super: 0.00953, sec: 552.839, prod: 0.215866, t_ads: 20.5, t_des: 18.8, bed_util_ads: 0.499, bed_util_des: 0.499, des_th: 0.49854652087113815,frac_lost: 0.106, li_recovered:  8.481, time: 0.005064572000264889
L: 0.50, u_super: 0.00153, sec: 82.866, prod: 0.033582, t_ads: 124.9, t_des: 111.7, bed_util_ads: 0.492, bed_util_des: 0.491, des_th: 0.4912563878605263,frac_lost: 0.107, li_recovered:  7.946, time: 0.008465441000225837
L: 0.50, u_super: 0.00570, sec: 315.534, prod: 0.128664, t_ads: 34.1, t_des: 30.5, bed_util_ads: 0.500, bed_util_des: 0.499, des_th: 0.4994139541779437,frac_lost: 0.102, li_recovered:  8.303, time: 0.004638435999368085
L: 7.81, u_super: 0.00319 — INFEASIBLE (li_recovered=0.000e+00), time: 0.002247894999527489
L: 53.55, u_super: 0.00864 — INFEASIBLE (li_recovered=0.000e+00), time: 0.002218997000454692
L: 0.50, u_super: 0.00105 — INFEASIBLE (li_recovered=0.000e+00), time: 0.003581504999601748
L: 0.50, u_super: 0.00067, sec: 133.802, prod: 0.003972, t_ads: 290.6, t_des: 1899.5, bed_util_ads: 0.249, bed_util_des: 0.222, des_th: 0.22225893477384906,frac_lost: 0.101, li_recovered:  8.700, time: 0.021494272001291392
L: 0.50, u_super: 0.00019, sec: 27.060, prod: 0.001584, t_ads: 1031.3, t_des: 4377.1, bed_util_ads: 0.253, bed_util_des: 0.189, des_th: 0.18925164563882746,frac_lost: 0.105, li_recovered:  8.566, time: 0.01752619400031108
L: 0.50, u_super: 0.00195, sec: 119.455, prod: 0.037696, t_ads: 98.8, t_des: 126.5, bed_util_ads: 0.448, bed_util_des: 0.446, des_th: 0.44595919372295295,frac_lost: 0.101, li_recovered:  8.492, time: 0.007205235000583343
L: 0.50, u_super: 0.00529, sec: 291.583, prod: 0.119544, t_ads: 36.7, t_des: 33.3, bed_util_ads: 0.498, bed_util_des: 0.497, des_th: 0.4974033886754291,frac_lost: 0.102, li_recovered:  8.370, time: 0.005998861000989564
L: 0.50, u_super: 0.00988, sec: 575.281, prod: 0.224084, t_ads: 19.7, t_des: 17.7, bed_util_ads: 0.500, bed_util_des: 0.500, des_th: 0.4998372592428512,frac_lost: 0.104, li_recovered:  8.398, time: 0.008643942999697174
L: 0.50, u_super: 0.00760, sec: 429.620, prod: 0.172287, t_ads: 25.6, t_des: 23.2, bed_util_ads: 0.499, bed_util_des: 0.499, des_th: 0.4986506836961529,frac_lost: 0.101, li_recovered:  8.392, time: 0.007775562000460923
L: 0.50, u_super: 0.00278, sec: 149.531, prod: 0.062126, t_ads: 69.5, t_des: 63.4, bed_util_ads: 0.494, bed_util_des: 0.493, des_th: 0.4932246145542934,frac_lost: 0.103, li_recovered:  8.256, time: 0.00991325399991183
L: 0.50, u_super: 0.00987, sec: 575.734, prod: 0.223671, t_ads: 19.8, t_des: 18.4, bed_util_ads: 0.496, bed_util_des: 0.496, des_th: 0.49596123781509976,frac_lost: 0.104, li_recovered:  8.534, time: 0.0070341360005841125
L: 0.50, u_super: 0.00204, sec: 111.196, prod: 0.044782, t_ads: 94.5, t_des: 81.1, bed_util_ads: 0.500, bed_util_des: 0.499, des_th: 0.4992721278265749,frac_lost: 0.109, li_recovered:  7.865, time: 0.0057742870012589265
L: 0.50, u_super: 0.00495, sec: 272.273, prod: 0.111718, t_ads: 39.2, t_des: 35.4, bed_util_ads: 0.498, bed_util_des: 0.498, des_th: 0.49787593713403344,frac_lost: 0.104, li_recovered:  8.334, time: 0.007658672000616207
L: 0.50, u_super: 0.00418, sec: 229.935, prod: 0.093183, t_ads: 46.6, t_des: 45.1, bed_util_ads: 0.490, bed_util_des: 0.489, des_th: 0.48916023971813427,frac_lost: 0.106, li_recovered:  8.540, time: 0.005956405000688392
L: 0.50, u_super: 0.00452, sec: 247.371, prod: 0.101821, t_ads: 43.0, t_des: 38.8, bed_util_ads: 0.498, bed_util_des: 0.498, des_th: 0.49776062471369836,frac_lost: 0.104, li_recovered:  8.329, time: 0.006394740001269383
L: 0.50, u_super: 0.00758, sec: 430.879, prod: 0.171202, t_ads: 25.8, t_des: 23.9, bed_util_ads: 0.496, bed_util_des: 0.496, des_th: 0.49626605373583077,frac_lost: 0.107, li_recovered:  8.520, time: 0.005304820000674226
L: 0.50, u_super: 0.00255, sec: 163.443, prod: 0.047883, t_ads: 76.1, t_des: 103.0, bed_util_ads: 0.444, bed_util_des: 0.442, des_th: 0.44183735825830683,frac_lost: 0.106, li_recovered:  8.575, time: 0.007311628000024939
L: 0.50, u_super: 0.00917, sec: 529.159, prod: 0.207811, t_ads: 21.3, t_des: 19.4, bed_util_ads: 0.499, bed_util_des: 0.499, des_th: 0.49854833095011686,frac_lost: 0.104, li_recovered:  8.452, time: 0.00571968100121012
L: 0.50, u_super: 0.00033 — INFEASIBLE (li_recovered=0.000e+00), time: 0.00343342399901303
L: 0.50, u_super: 0.00495, sec: 289.826, prod: 0.104952, t_ads: 39.1, t_des: 43.3, bed_util_ads: 0.473, bed_util_des: 0.472, des_th: 0.4724104151871447,frac_lost: 0.101, li_recovered:  8.649, time: 0.0069758150002598995
L: 0.50, u_super: 0.00990, sec: 576.554, prod: 0.224599, t_ads: 19.7, t_des: 17.9, bed_util_ads: 0.500, bed_util_des: 0.499, des_th: 0.49942132725883337,frac_lost: 0.104, li_recovered:  8.445, time: 0.0066102260007028235
L: 0.50, u_super: 0.00862, sec: 495.299, prod: 0.195125, t_ads: 22.7, t_des: 20.8, bed_util_ads: 0.498, bed_util_des: 0.498, des_th: 0.4980816155356223,frac_lost: 0.107, li_recovered:  8.486, time: 0.007866607000323711
L: 2.88, u_super: 0.00608, sec: 16253.880, prod: 0.016446, t_ads: 186.5, t_des: 2900.1, bed_util_ads: 0.184, bed_util_des: 0.160, des_th: 0.1604969256777784,frac_lost: 0.101, li_recovered:  50.765, time: 0.053492063998419326
L: 62.23, u_super: 0.00863 — INFEASIBLE (li_recovered=0.000e+00), time: 0.002166267000575317
L: 0.50, u_super: 0.00086, sec: 47.499, prod: 0.018441, t_ads: 217.4, t_des: 209.2, bed_util_ads: 0.475, bed_util_des: 0.473, des_th: 0.4730271757509509,frac_lost: 0.106, li_recovered:  7.866, time: 0.00726308999946923
L: 10.97, u_super: 0.00725 — INFEASIBLE (li_recovered=0.000e+00), time: 0.00396088099842018
L: 0.50, u_super: 0.00393, sec: 213.963, prod: 0.088284, t_ads: 49.5, t_des: 44.7, bed_util_ads: 0.498, bed_util_des: 0.498, des_th: 0.4979821608892045,frac_lost: 0.106, li_recovered:  8.313, time: 0.012055060999045963
L: 0.50, u_super: 0.00954, sec: 553.468, prod: 0.216321, t_ads: 20.5, t_des: 18.6, bed_util_ads: 0.500, bed_util_des: 0.500, des_th: 0.4996721972263577,frac_lost: 0.105, li_recovered:  8.444, time: 0.009947845999704441
L: 0.50, u_super: 0.00916, sec: 528.886, prod: 0.207440, t_ads: 21.4, t_des: 19.4, bed_util_ads: 0.500, bed_util_des: 0.499, des_th: 0.49939934010038234,frac_lost: 0.106, li_recovered:  8.452, time: 0.011541943998963689
L: 0.50, u_super: 0.00300, sec: 162.672, prod: 0.066886, t_ads: 64.4, t_des: 56.4, bed_util_ads: 0.500, bed_util_des: 0.499, des_th: 0.4995132030620904,frac_lost: 0.104, li_recovered:  8.082, time: 0.009491761000390397
L: 0.50, u_super: 0.00440, sec: 240.717, prod: 0.098703, t_ads: 44.4, t_des: 39.5, bed_util_ads: 0.500, bed_util_des: 0.499, des_th: 0.4994222204539317,frac_lost: 0.107, li_recovered:  8.279, time: 0.017140814999947906
L: 0.50, u_super: 0.00554, sec: 310.843, prod: 0.123359, t_ads: 35.0, t_des: 34.8, bed_util_ads: 0.487, bed_util_des: 0.486, des_th: 0.4862657169423184,frac_lost: 0.101, li_recovered:  8.607, time: 0.017089745999328443
L: 0.50, u_super: 0.00826, sec: 472.843, prod: 0.186927, t_ads: 23.7, t_des: 21.5, bed_util_ads: 0.499, bed_util_des: 0.499, des_th: 0.49854555607250045,frac_lost: 0.108, li_recovered:  8.443, time: 0.012984420998691348
   456 |    18240 |     40 |  0.0026465148 |             f
L: 28.76, u_super: 0.00253 — INFEASIBLE (li_recovered=0.000e+00), time: 0.0013833640005032066
L: 0.50, u_super: 0.00865, sec: 497.379, prod: 0.195791, t_ads: 22.6, t_des: 20.5, bed_util_ads: 0.500, bed_util_des: 0.500, des_th: 0.4995875007717582,frac_lost: 0.108, li_recovered:  8.450, time: 0.009432456001377432
L: 0.50, u_super: 0.00917, sec: 529.710, prod: 0.207594, t_ads: 21.3, t_des: 19.3, bed_util_ads: 0.499, bed_util_des: 0.499, des_th: 0.498935031281218,frac_lost: 0.106, li_recovered:  8.443, time: 0.010793741001180024
L: 3.97, u_super: 0.00361 — INFEASIBLE (li_recovered=0.000e+00), time: 0.01065586799995799
L: 0.50, u_super: 0.00826, sec: 471.958, prod: 0.186993, t_ads: 23.7, t_des: 21.5, bed_util_ads: 0.499, bed_util_des: 0.499, des_th: 0.4986865383158054,frac_lost: 0.106, li_recovered:  8.448, time: 0.009435214000404812
L: 0.50, u_super: 0.00778, sec: 452.458, prod: 0.171880, t_ads: 25.2, t_des: 25.2, bed_util_ads: 0.487, bed_util_des: 0.487, des_th: 0.4870374137724394,frac_lost: 0.109, li_recovered:  8.668, time: 0.009196600998620852
L: 0.50, u_super: 0.00005, sec: 4.327, prod: 0.000669, t_ads: 3482.4, t_des: 6120.4, bed_util_ads: 0.250, bed_util_des: 0.179, des_th: 0.17933046148568998,frac_lost: 0.101, li_recovered:  6.425, time: 0.01993083699926501
L: 0.50, u_super: 0.00907, sec: 523.670, prod: 0.205526, t_ads: 21.5, t_des: 19.8, bed_util_ads: 0.498, bed_util_des: 0.498, des_th: 0.49776062471369836,frac_lost: 0.105, li_recovered:  8.491, time: 0.008786198000962031
L: 0.50, u_super: 0.00724, sec: 410.000, prod: 0.163340, t_ads: 26.8, t_des: 25.7, bed_util_ads: 0.491, bed_util_des: 0.491, des_th: 0.4912563878605263,frac_lost: 0.100, li_recovered:  8.570, time: 0.008189821999621927
L: 0.50, u_super: 0.00005 — INFEASIBLE (li_recovered=0.000e+00), time: 0.0017697940002108226
L: 0.50, u_super: 0.00725, sec: 455.983, prod: 0.147235, t_ads: 27.0, t_des: 32.1, bed_util_ads: 0.465, bed_util_des: 0.464, des_th: 0.464340468144926,frac_lost: 0.106, li_recovered:  8.700, time: 0.007778668999890215
L: 0.50, u_super: 0.00025 — INFEASIBLE (li_recovered=0.000e+00), time: 0.0035563439996622037
L: 49.20, u_super: 0.00780 — INFEASIBLE (li_recovered=0.000e+00), time: 0.0013495179991878103
L: 0.50, u_super: 0.00522, sec: 287.459, prod: 0.117979, t_ads: 37.1, t_des: 33.6, bed_util_ads: 0.498, bed_util_des: 0.497, des_th: 0.4974033886754291,frac_lost: 0.101, li_recovered:  8.346, time: 0.0063804910005274
L: 0.50, u_super: 0.00249, sec: 134.012, prod: 0.055567, t_ads: 77.4, t_des: 70.5, bed_util_ads: 0.493, bed_util_des: 0.493, des_th: 0.4929963327008525,frac_lost: 0.104, li_recovered:  8.218, time: 0.005572803000177373
L: 0.50, u_super: 0.00639, sec: 360.733, prod: 0.143084, t_ads: 30.4, t_des: 29.8, bed_util_ads: 0.489, bed_util_des: 0.489, des_th: 0.48865552082564057,frac_lost: 0.102, li_recovered:  8.605, time: 0.006790270999772474
L: 0.50, u_super: 0.00615, sec: 343.224, prod: 0.138670, t_ads: 31.8, t_des: 28.9, bed_util_ads: 0.498, bed_util_des: 0.498, des_th: 0.49771167080282835,frac_lost: 0.108, li_recovered:  8.420, time: 0.007958519998283009
L: 0.50, u_super: 0.00579, sec: 325.647, prod: 0.128960, t_ads: 33.5, t_des: 33.3, bed_util_ads: 0.487, bed_util_des: 0.486, des_th: 0.4865061568013948,frac_lost: 0.101, li_recovered:  8.611, time: 0.005615854001007392
L: 0.50, u_super: 0.00465, sec: 254.884, prod: 0.104723, t_ads: 41.8, t_des: 37.8, bed_util_ads: 0.498, bed_util_des: 0.498, des_th: 0.49776062471369836,frac_lost: 0.105, li_recovered:  8.338, time: 0.007907760000307462
L: 0.50, u_super: 0.00954, sec: 553.498, prod: 0.216310, t_ads: 20.5, t_des: 18.6, bed_util_ads: 0.500, bed_util_des: 0.500, des_th: 0.4999846325382087,frac_lost: 0.105, li_recovered:  8.446, time: 0.007725149998805136
L: 31.06, u_super: 0.00153 — INFEASIBLE (li_recovered=0.000e+00), time: 0.002410713001154363
L: 0.50, u_super: 0.00632, sec: 406.852, prod: 0.123851, t_ads: 30.9, t_des: 39.3, bed_util_ads: 0.456, bed_util_des: 0.456, des_th: 0.4555966593967524,frac_lost: 0.105, li_recovered:  8.691, time: 0.009260926000933978
L: 0.50, u_super: 0.00650, sec: 362.856, prod: 0.147199, t_ads: 29.8, t_des: 27.0, bed_util_ads: 0.499, bed_util_des: 0.499, des_th: 0.4985423673450636,frac_lost: 0.101, li_recovered:  8.374, time: 0.00805399900127668
L: 0.50, u_super: 0.00203, sec: 109.961, prod: 0.044633, t_ads: 94.2, t_des: 81.7, bed_util_ads: 0.499, bed_util_des: 0.499, des_th: 0.4986506836961529,frac_lost: 0.101, li_recovered:  7.850, time: 0.007917156999610597
L: 0.50, u_super: 0.00939, sec: 555.699, prod: 0.208188, t_ads: 20.8, t_des: 20.9, bed_util_ads: 0.486, bed_util_des: 0.485, des_th: 0.4854495367213732,frac_lost: 0.104, li_recovered:  8.676, time: 0.008081786001639557
L: 0.50, u_super: 0.00844, sec: 483.832, prod: 0.190940, t_ads: 23.2, t_des: 21.2, bed_util_ads: 0.499, bed_util_des: 0.499, des_th: 0.4985482949802683,frac_lost: 0.107, li_recovered:  8.484, time: 0.008208065000872011
L: 20.14, u_super: 0.00596 — INFEASIBLE (li_recovered=0.000e+00), time: 0.0027585730003920617
L: 0.50, u_super: 0.00918, sec: 530.860, prod: 0.207866, t_ads: 21.3, t_des: 19.3, bed_util_ads: 0.500, bed_util_des: 0.500, des_th: 0.4995875007717582,frac_lost: 0.107, li_recovered:  8.447, time: 0.00916662199961138
L: 0.50, u_super: 0.00988, sec: 3422.840, prod: 0.037662, t_ads: 19.8, t_des: 213.1, bed_util_ads: 0.224, bed_util_des: 0.222, des_th: 0.22184519025295327,frac_lost: 0.103, li_recovered:  8.773, time: 0.03266366500065487
L: 31.30, u_super: 0.00990 — INFEASIBLE (li_recovered=0.000e+00), time: 0.0018562850000307662
L: 0.50, u_super: 0.00178, sec: 96.893, prod: 0.038978, t_ads: 107.1, t_des: 92.5, bed_util_ads: 0.498, bed_util_des: 0.497, des_th: 0.4975614280652937,frac_lost: 0.102, li_recovered:  7.780, time: 0.005095143000289681
L: 0.50, u_super: 0.00828, sec: 473.446, prod: 0.187461, t_ads: 23.6, t_des: 21.4, bed_util_ads: 0.499, bed_util_des: 0.499, des_th: 0.49854555607250045,frac_lost: 0.106, li_recovered:  8.438, time: 0.009161723999568494
L: 0.50, u_super: 0.00368, sec: 199.162, prod: 0.082634, t_ads: 52.5, t_des: 47.3, bed_util_ads: 0.498, bed_util_des: 0.497, des_th: 0.4974033886754291,frac_lost: 0.101, li_recovered:  8.243, time: 0.005579186999966623
L: 11.24, u_super: 0.00128 — INFEASIBLE (li_recovered=0.000e+00), time: 0.0018854249992728
L: 1.45, u_super: 0.00311 — INFEASIBLE (li_recovered=0.000e+00), time: 0.005349335000573774
L: 0.50, u_super: 0.00128, sec: 70.628, prod: 0.027145, t_ads: 148.8, t_des: 125.0, bed_util_ads: 0.498, bed_util_des: 0.497, des_th: 0.4976166083830224,frac_lost: 0.105, li_recovered:  7.433, time: 0.006290257000728161
L: 0.50, u_super: 0.00555, sec: 306.660, prod: 0.125529, t_ads: 34.9, t_des: 32.4, bed_util_ads: 0.496, bed_util_des: 0.495, des_th: 0.49542883658401904,frac_lost: 0.101, li_recovered:  8.445, time: 0.007317220000913949
L: 0.50, u_super: 0.00016, sec: 19.618, prod: 0.001547, t_ads: 1203.0, t_des: 4184.2, bed_util_ads: 0.262, bed_util_des: 0.198, des_th: 0.197744492563403,frac_lost: 0.101, li_recovered:  8.331, time: 0.026275330001226394
L: 0.50, u_super: 0.00953, sec: 552.805, prod: 0.215879, t_ads: 20.5, t_des: 18.6, bed_util_ads: 0.499, bed_util_des: 0.499, des_th: 0.4986825234268691,frac_lost: 0.106, li_recovered:  8.444, time: 0.011474906001240015
L: 0.50, u_super: 0.00402, sec: 219.455, prod: 0.090097, t_ads: 48.4, t_des: 42.7, bed_util_ads: 0.500, bed_util_des: 0.500, des_th: 0.4999828709938126,frac_lost: 0.106, li_recovered:  8.200, time: 0.009756826000739238
   457 |    18280 |     40 |  0.0030846512 |             f
L: 0.50, u_super: 0.00203, sec: 108.905, prod: 0.045066, t_ads: 94.2, t_des: 85.7, bed_util_ads: 0.492, bed_util_des: 0.491, des_th: 0.4912559966819374,frac_lost: 0.100, li_recovered:  8.107, time: 0.009684685999673093
L: 13.00, u_super: 0.00977 — INFEASIBLE (li_recovered=0.000e+00), time: 0.007941900999867357
L: 0.50, u_super: 0.00830, sec: 475.388, prod: 0.187712, t_ads: 23.6, t_des: 21.6, bed_util_ads: 0.498, bed_util_des: 0.498, des_th: 0.49778088617379146,frac_lost: 0.108, li_recovered:  8.489, time: 0.013724111999181332
L: 0.50, u_super: 0.00954, sec: 553.435, prod: 0.216367, t_ads: 20.5, t_des: 18.6, bed_util_ads: 0.499, bed_util_des: 0.499, des_th: 0.498733752067593,frac_lost: 0.104, li_recovered:  8.448, time: 0.012686164000115241
L: 0.50, u_super: 0.00669, sec: 374.950, prod: 0.151230, t_ads: 29.1, t_des: 25.9, bed_util_ads: 0.500, bed_util_des: 0.500, des_th: 0.4998390382801198,frac_lost: 0.102, li_recovered:  8.314, time: 0.010126058999958332
L: 0.50, u_super: 0.00298, sec: 160.793, prod: 0.066819, t_ads: 64.7, t_des: 60.3, bed_util_ads: 0.492, bed_util_des: 0.491, des_th: 0.4913158514164934,frac_lost: 0.102, li_recovered:  8.353, time: 0.009598673999789753
L: 0.50, u_super: 0.00049 — INFEASIBLE (li_recovered=0.000e+00), time: 0.007233214000734733
L: 0.50, u_super: 0.00519, sec: 310.289, prod: 0.107770, t_ads: 37.4, t_des: 42.9, bed_util_ads: 0.469, bed_util_des: 0.468, des_th: 0.46809791403920936,frac_lost: 0.101, li_recovered:  8.659, time: 0.010979335000229185
L: 35.35, u_super: 0.00723 — INFEASIBLE (li_recovered=0.000e+00), time: 0.00608253800055536
L: 43.96, u_super: 0.00331 — INFEASIBLE (li_recovered=0.000e+00), time: 0.006138753000413999
L: 78.42, u_super: 0.00315 — INFEASIBLE (li_recovered=0.000e+00), time: 0.0032621040008962154
L: 2.49, u_super: 0.00615, sec: 1800.509, prod: 0.131834, t_ads: 154.2, t_des: 132.7, bed_util_ads: 0.494, bed_util_des: 0.493, des_th: 0.4933241539851878,frac_lost: 0.106, li_recovered:  37.829, time: 0.011824278999483795
L: 0.50, u_super: 0.00580, sec: 321.236, prod: 0.131219, t_ads: 33.4, t_des: 30.3, bed_util_ads: 0.498, bed_util_des: 0.498, des_th: 0.4979758808392698,frac_lost: 0.101, li_recovered:  8.363, time: 0.012192546000733273
L: 0.50, u_super: 0.00403, sec: 219.803, prod: 0.090622, t_ads: 48.1, t_des: 43.0, bed_util_ads: 0.499, bed_util_des: 0.499, des_th: 0.4986506836961529,frac_lost: 0.105, li_recovered:  8.259, time: 0.013626900001327158
L: 0.50, u_super: 0.00168, sec: 90.442, prod: 0.036899, t_ads: 114.1, t_des: 102.1, bed_util_ads: 0.493, bed_util_des: 0.493, des_th: 0.4929017943316723,frac_lost: 0.105, li_recovered:  7.979, time: 0.009392899999511428
L: 0.50, u_super: 0.00914, sec: 528.125, prod: 0.207002, t_ads: 21.3, t_des: 19.9, bed_util_ads: 0.496, bed_util_des: 0.496, des_th: 0.49571718347673166,frac_lost: 0.104, li_recovered:  8.529, time: 0.014664788999652956
L: 4.94, u_super: 0.00943, sec: 6173.270, prod: 0.187043, t_ads: 198.6, t_des: 234.1, bed_util_ads: 0.451, bed_util_des: 0.447, des_th: 0.4469122929935787,frac_lost: 0.105, li_recovered:  80.919, time: 0.012947646000611712
L: 0.50, u_super: 0.00300, sec: 162.683, prod: 0.066882, t_ads: 64.3, t_des: 56.4, bed_util_ads: 0.500, bed_util_des: 0.499, des_th: 0.4995132030620904,frac_lost: 0.103, li_recovered:  8.074, time: 0.010719493999204133
L: 0.50, u_super: 0.00115 — INFEASIBLE (li_recovered=0.000e+00), time: 0.00934613299978082
L: 0.50, u_super: 0.00578, sec: 321.563, prod: 0.129973, t_ads: 33.6, t_des: 32.2, bed_util_ads: 0.490, bed_util_des: 0.490, des_th: 0.4900745874067282,frac_lost: 0.101, li_recovered:  8.549, time: 0.012641564000659855
L: 0.50, u_super: 0.00421, sec: 229.684, prod: 0.094594, t_ads: 46.2, t_des: 41.3, bed_util_ads: 0.499, bed_util_des: 0.499, des_th: 0.49852529461240713,frac_lost: 0.104, li_recovered:  8.268, time: 0.008578154000133509
L: 12.01, u_super: 0.00990 — INFEASIBLE (li_recovered=0.000e+00), time: 0.004921511999782524
L: 12.14, u_super: 0.00026, sec: 2446.560, prod: 0.000781, t_ads: 6858.6, t_des: 2857.4, bed_util_ads: 0.153, bed_util_des: 0.144, des_th: 0.1447963029423395,frac_lost: 0.101, li_recovered:  7.587, time: 0.005010368000512244
L: 0.50, u_super: 0.00149, sec: 82.081, prod: 0.032146, t_ads: 127.9, t_des: 108.1, bed_util_ads: 0.498, bed_util_des: 0.497, des_th: 0.4973439198874255,frac_lost: 0.106, li_recovered:  7.586, time: 0.008900073000404518
L: 0.50, u_super: 0.00918, sec: 530.860, prod: 0.207866, t_ads: 21.3, t_des: 19.3, bed_util_ads: 0.500, bed_util_des: 0.500, des_th: 0.4995875007717582,frac_lost: 0.107, li_recovered:  8.447, time: 0.009557461000440526
L: 0.50, u_super: 0.00760, sec: 434.824, prod: 0.170589, t_ads: 25.7, t_des: 24.7, bed_util_ads: 0.492, bed_util_des: 0.491, des_th: 0.49148794244018235,frac_lost: 0.107, li_recovered:  8.604, time: 0.008062406999670202
L: 0.50, u_super: 0.00814, sec: 464.868, prod: 0.184078, t_ads: 24.0, t_des: 21.6, bed_util_ads: 0.500, bed_util_des: 0.500, des_th: 0.49954983426962274,frac_lost: 0.107, li_recovered:  8.397, time: 0.00977684700046666
L: 0.50, u_super: 0.00555, sec: 306.660, prod: 0.125529, t_ads: 34.9, t_des: 32.4, bed_util_ads: 0.496, bed_util_des: 0.495, des_th: 0.49542883658401904,frac_lost: 0.101, li_recovered:  8.445, time: 0.010434452999106725
L: 0.50, u_super: 0.00111 — INFEASIBLE (li_recovered=0.000e+00), time: 0.004444213000169839
L: 0.50, u_super: 0.00221, sec: 119.707, prod: 0.048756, t_ads: 87.2, t_des: 75.8, bed_util_ads: 0.498, bed_util_des: 0.498, des_th: 0.49783877537409416,frac_lost: 0.105, li_recovered:  7.948, time: 0.00871941799960041
L: 0.50, u_super: 0.00990, sec: 576.388, prod: 0.224668, t_ads: 19.7, t_des: 17.9, bed_util_ads: 0.500, bed_util_des: 0.499, des_th: 0.4994276049720511,frac_lost: 0.103, li_recovered:  8.441, time: 0.008964484999523847
L: 0.50, u_super: 0.00291, sec: 158.145, prod: 0.064725, t_ads: 66.1, t_des: 57.3, bed_util_ads: 0.500, bed_util_des: 0.500, des_th: 0.4999828709938126,frac_lost: 0.102, li_recovered:  7.990, time: 0.005229988000792218
L: 0.50, u_super: 0.00865, sec: 579.699, prod: 0.167988, t_ads: 22.5, t_des: 29.3, bed_util_ads: 0.453, bed_util_des: 0.452, des_th: 0.45248587003424445,frac_lost: 0.103, li_recovered:  8.711, time: 0.0087620499998593
L: 0.50, u_super: 0.00005, sec: 4.326, prod: 0.000669, t_ads: 3490.5, t_des: 6126.8, bed_util_ads: 0.250, bed_util_des: 0.179, des_th: 0.17962315133986942,frac_lost: 0.102, li_recovered:  6.436, time: 0.011098001999926055
L: 0.50, u_super: 0.00645, sec: 360.182, prod: 0.145936, t_ads: 30.1, t_des: 27.2, bed_util_ads: 0.499, bed_util_des: 0.499, des_th: 0.4986833495883686,frac_lost: 0.102, li_recovered:  8.371, time: 0.006500084999061073
L: 0.50, u_super: 0.00794, sec: 476.200, prod: 0.170562, t_ads: 24.6, t_des: 26.3, bed_util_ads: 0.479, bed_util_des: 0.478, des_th: 0.4783224536886394,frac_lost: 0.106, li_recovered:  8.698, time: 0.00834031500016863
L: 0.50, u_super: 0.00318, sec: 172.344, prod: 0.071192, t_ads: 61.2, t_des: 55.8, bed_util_ads: 0.495, bed_util_des: 0.494, des_th: 0.4943311110166953,frac_lost: 0.109, li_recovered:  8.327, time: 0.006199830000696238
L: 0.50, u_super: 0.00726, sec: 413.811, prod: 0.162850, t_ads: 27.0, t_des: 25.9, bed_util_ads: 0.491, bed_util_des: 0.491, des_th: 0.4912563878605263,frac_lost: 0.108, li_recovered:  8.600, time: 0.007014589999016607
L: 47.74, u_super: 0.00179 — INFEASIBLE (li_recovered=0.000e+00), time: 0.0012305389991524862
L: 0.50, u_super: 0.00151, sec: 81.647, prod: 0.033126, t_ads: 126.4, t_des: 113.4, bed_util_ads: 0.492, bed_util_des: 0.491, des_th: 0.4912563878605263,frac_lost: 0.105, li_recovered:  7.944, time: 0.005661660999976448
   458 |    18320 |     40 |  0.0019712860 |             f
L: 0.50, u_super: 0.00424, sec: 260.250, prod: 0.084953, t_ads: 45.7, t_des: 56.0, bed_util_ads: 0.458, bed_util_des: 0.458, des_th: 0.4575458520908261,frac_lost: 0.102, li_recovered:  8.639, time: 0.00855122499888239
L: 0.50, u_super: 0.00813, sec: 465.039, prod: 0.183826, t_ads: 24.0, t_des: 22.4, bed_util_ads: 0.496, bed_util_des: 0.495, des_th: 0.49542883658401904,frac_lost: 0.106, li_recovered:  8.527, time: 0.005636957001115661
L: 0.50, u_super: 0.00005, sec: 4.800, prod: 0.000603, t_ads: 3901.5, t_des: 9411.7, bed_util_ads: 0.231, bed_util_des: 0.133, des_th: 0.13327400153440286,frac_lost: 0.101, li_recovered:  8.029, time: 0.01008800199997495
L: 0.50, u_super: 0.00242, sec: 130.170, prod: 0.053766, t_ads: 79.9, t_des: 71.8, bed_util_ads: 0.495, bed_util_des: 0.494, des_th: 0.4943311110166953,frac_lost: 0.106, li_recovered:  8.155, time: 0.006146617999547743
L: 0.50, u_super: 0.00907, sec: 524.393, prod: 0.205242, t_ads: 21.6, t_des: 19.8, bed_util_ads: 0.498, bed_util_des: 0.497, des_th: 0.49741789214667675,frac_lost: 0.108, li_recovered:  8.494, time: 0.0062226170011854265
L: 0.50, u_super: 0.00905, sec: 522.182, prod: 0.204889, t_ads: 21.6, t_des: 19.6, bed_util_ads: 0.500, bed_util_des: 0.499, des_th: 0.49944608181679756,frac_lost: 0.106, li_recovered:  8.444, time: 0.005046270998718683
L: 0.50, u_super: 0.00220, sec: 118.394, prod: 0.048898, t_ads: 87.6, t_des: 79.3, bed_util_ads: 0.494, bed_util_des: 0.493, des_th: 0.4934512609929118,frac_lost: 0.105, li_recovered:  8.157, time: 0.0061433470000338275
L: 0.50, u_super: 0.00857, sec: 492.013, prod: 0.193913, t_ads: 22.8, t_des: 21.0, bed_util_ads: 0.498, bed_util_des: 0.498, des_th: 0.4977620641500113,frac_lost: 0.106, li_recovered:  8.494, time: 0.005652523999742698
L: 0.50, u_super: 0.00421, sec: 230.016, prod: 0.094458, t_ads: 46.3, t_des: 41.2, bed_util_ads: 0.499, bed_util_des: 0.499, des_th: 0.49852529461240713,frac_lost: 0.107, li_recovered:  8.265, time: 0.005146184999830439
L: 0.50, u_super: 0.00954, sec: 554.107, prod: 0.216105, t_ads: 20.5, t_des: 18.6, bed_util_ads: 0.499, bed_util_des: 0.499, des_th: 0.498733752067593,frac_lost: 0.107, li_recovered:  8.448, time: 0.0048507089995837305
L: 0.50, u_super: 0.00864, sec: 496.104, prod: 0.195769, t_ads: 22.6, t_des: 20.5, bed_util_ads: 0.500, bed_util_des: 0.499, des_th: 0.4994205598624234,frac_lost: 0.105, li_recovered:  8.442, time: 0.0055855629998404766
L: 0.50, u_super: 0.00338, sec: 183.151, prod: 0.075492, t_ads: 57.7, t_des: 51.5, bed_util_ads: 0.498, bed_util_des: 0.497, des_th: 0.4974033886754291,frac_lost: 0.108, li_recovered:  8.241, time: 0.005950761000349303
L: 0.50, u_super: 0.00760, sec: 429.620, prod: 0.172287, t_ads: 25.6, t_des: 23.2, bed_util_ads: 0.499, bed_util_des: 0.499, des_th: 0.4986506836961529,frac_lost: 0.101, li_recovered:  8.392, time: 0.0056486080011382
L: 0.50, u_super: 0.00861, sec: 494.371, prod: 0.194839, t_ads: 22.7, t_des: 20.8, bed_util_ads: 0.498, bed_util_des: 0.498, des_th: 0.4979742149221591,frac_lost: 0.106, li_recovered:  8.484, time: 0.007073448001392535
L: 5.75, u_super: 0.00724 — INFEASIBLE (li_recovered=0.000e+00), time: 0.003132836000077077
L: 0.50, u_super: 0.00441, sec: 262.507, prod: 0.091030, t_ads: 44.0, t_des: 50.9, bed_util_ads: 0.467, bed_util_des: 0.466, des_th: 0.4663395571435621,frac_lost: 0.103, li_recovered:  8.641, time: 0.0076305799993861
L: 0.50, u_super: 0.00488, sec: 268.186, prod: 0.110026, t_ads: 39.8, t_des: 35.6, bed_util_ads: 0.499, bed_util_des: 0.499, des_th: 0.4986833495883686,frac_lost: 0.103, li_recovered:  8.286, time: 0.006187928998770076
L: 0.50, u_super: 0.00576, sec: 319.308, prod: 0.130323, t_ads: 33.7, t_des: 30.5, bed_util_ads: 0.498, bed_util_des: 0.498, des_th: 0.4979758808392698,frac_lost: 0.102, li_recovered:  8.367, time: 0.006885855000291485
L: 0.50, u_super: 0.00766, sec: 435.737, prod: 0.173127, t_ads: 25.6, t_des: 23.2, bed_util_ads: 0.500, bed_util_des: 0.500, des_th: 0.4995875007717582,frac_lost: 0.109, li_recovered:  8.445, time: 0.006022301000484731
L: 0.50, u_super: 0.00429, sec: 234.182, prod: 0.096310, t_ads: 45.4, t_des: 42.4, bed_util_ads: 0.494, bed_util_des: 0.493, des_th: 0.4932214891097414,frac_lost: 0.105, li_recovered:  8.454, time: 0.009637180999561679
L: 0.50, u_super: 0.00760, sec: 430.230, prod: 0.172043, t_ads: 25.6, t_des: 22.8, bed_util_ads: 0.500, bed_util_des: 0.500, des_th: 0.49992610540492755,frac_lost: 0.101, li_recovered:  8.325, time: 0.005668941999829258
L: 0.50, u_super: 0.00990, sec: 576.505, prod: 0.224434, t_ads: 19.7, t_des: 17.9, bed_util_ads: 0.500, bed_util_des: 0.499, des_th: 0.49942132725883337,frac_lost: 0.105, li_recovered:  8.457, time: 0.0075069820013595745
L: 0.50, u_super: 0.00361, sec: 196.758, prod: 0.080428, t_ads: 53.9, t_des: 51.7, bed_util_ads: 0.489, bed_util_des: 0.489, des_th: 0.4890589945484573,frac_lost: 0.106, li_recovered:  8.494, time: 0.005898195999179734
L: 0.50, u_super: 0.00245, sec: 143.671, prod: 0.050040, t_ads: 78.7, t_des: 91.9, bed_util_ads: 0.462, bed_util_des: 0.460, des_th: 0.46021810075703734,frac_lost: 0.102, li_recovered:  8.536, time: 0.005963939000139362
L: 0.50, u_super: 0.00754, sec: 457.572, prod: 0.159469, t_ads: 26.0, t_des: 28.6, bed_util_ads: 0.474, bed_util_des: 0.474, des_th: 0.47392506743750046,frac_lost: 0.108, li_recovered:  8.699, time: 0.004867380999712623
L: 0.50, u_super: 0.00168, sec: 91.865, prod: 0.036529, t_ads: 113.6, t_des: 97.0, bed_util_ads: 0.498, bed_util_des: 0.498, des_th: 0.4976166083830224,frac_lost: 0.104, li_recovered:  7.693, time: 0.005280770999888773
L: 0.50, u_super: 0.00369, sec: 200.370, prod: 0.082639, t_ads: 52.7, t_des: 47.1, bed_util_ads: 0.498, bed_util_des: 0.498, des_th: 0.49778240106789223,frac_lost: 0.106, li_recovered:  8.255, time: 0.004664907999540446
L: 37.99, u_super: 0.00088 — INFEASIBLE (li_recovered=0.000e+00), time: 0.0013152749997971114
L: 0.50, u_super: 0.00074, sec: 41.126, prod: 0.015656, t_ads: 250.5, t_des: 234.3, bed_util_ads: 0.475, bed_util_des: 0.473, des_th: 0.4730271757509509,frac_lost: 0.104, li_recovered:  7.589, time: 0.0038546199994016206
L: 0.50, u_super: 0.00128, sec: 71.078, prod: 0.027297, t_ads: 148.0, t_des: 124.1, bed_util_ads: 0.498, bed_util_des: 0.497, des_th: 0.4976166083830224,frac_lost: 0.105, li_recovered:  7.428, time: 0.004505120999965584
L: 0.50, u_super: 0.00988, sec: 682.563, prod: 0.189082, t_ads: 19.7, t_des: 26.4, bed_util_ads: 0.451, bed_util_des: 0.450, des_th: 0.45005825661457943,frac_lost: 0.103, li_recovered:  8.721, time: 0.0046762830006628064
L: 0.50, u_super: 0.00203, sec: 111.774, prod: 0.043909, t_ads: 95.1, t_des: 97.3, bed_util_ads: 0.478, bed_util_des: 0.477, des_th: 0.47726956446616237,frac_lost: 0.106, li_recovered:  8.446, time: 0.006900458000018261
L: 0.50, u_super: 0.00555, sec: 306.660, prod: 0.125529, t_ads: 34.9, t_des: 32.4, bed_util_ads: 0.496, bed_util_des: 0.495, des_th: 0.49542883658401904,frac_lost: 0.101, li_recovered:  8.445, time: 0.005051963998994324
L: 0.50, u_super: 0.00580, sec: 322.485, prod: 0.130710, t_ads: 33.8, t_des: 30.4, bed_util_ads: 0.499, bed_util_des: 0.499, des_th: 0.4991720951141279,frac_lost: 0.109, li_recovered:  8.383, time: 0.006726915000399458
L: 0.50, u_super: 0.00643, sec: 358.674, prod: 0.145614, t_ads: 30.2, t_des: 27.7, bed_util_ads: 0.498, bed_util_des: 0.498, des_th: 0.49761705054893784,frac_lost: 0.101, li_recovered:  8.423, time: 0.0076254729992797365
L: 0.50, u_super: 0.00254, sec: 143.589, prod: 0.053862, t_ads: 75.9, t_des: 82.5, bed_util_ads: 0.472, bed_util_des: 0.471, des_th: 0.47083810835110534,frac_lost: 0.102, li_recovered:  8.530, time: 0.0072511140006099595
L: 0.50, u_super: 0.00604, sec: 335.190, prod: 0.136676, t_ads: 32.1, t_des: 29.2, bed_util_ads: 0.498, bed_util_des: 0.498, des_th: 0.49771167080282835,frac_lost: 0.100, li_recovered:  8.373, time: 0.0042705370015028166
L: 0.50, u_super: 0.00759, sec: 429.038, prod: 0.172094, t_ads: 25.6, t_des: 23.1, bed_util_ads: 0.499, bed_util_des: 0.499, des_th: 0.4986690184698872,frac_lost: 0.100, li_recovered:  8.383, time: 0.006220643001142889
L: 0.50, u_super: 0.00954, sec: 554.265, prod: 0.216181, t_ads: 20.5, t_des: 18.5, bed_util_ads: 0.500, bed_util_des: 0.500, des_th: 0.4995875007717582,frac_lost: 0.107, li_recovered:  8.443, time: 0.005937740999797825
L: 0.50, u_super: 0.00724, sec: 409.226, prod: 0.163649, t_ads: 27.0, t_des: 24.9, bed_util_ads: 0.498, bed_util_des: 0.498, des_th: 0.4976114358167127,frac_lost: 0.106, li_recovered:  8.485, time: 0.0059759769992524525
   459 |    18360 |     40 |  0.0042997049 |             f
L: 0.50, u_super: 0.00203, sec: 109.651, prod: 0.044759, t_ads: 95.1, t_des: 83.7, bed_util_ads: 0.496, bed_util_des: 0.496, des_th: 0.4956810877165817,frac_lost: 0.108, li_recovered:  8.004, time: 0.005594488000497222
L: 0.50, u_super: 0.00669, sec: 374.534, prod: 0.151398, t_ads: 29.0, t_des: 26.0, bed_util_ads: 0.500, bed_util_des: 0.500, des_th: 0.4998390382801198,frac_lost: 0.100, li_recovered:  8.319, time: 0.00529292700048245
L: 0.50, u_super: 0.00827, sec: 473.065, prod: 0.187142, t_ads: 23.6, t_des: 21.2, bed_util_ads: 0.500, bed_util_des: 0.500, des_th: 0.4999005202909618,frac_lost: 0.106, li_recovered:  8.389, time: 0.005540068001209875
L: 12.21, u_super: 0.00736 — INFEASIBLE (li_recovered=0.000e+00), time: 0.004361642999356263
L: 0.50, u_super: 0.00005, sec: 4.324, prod: 0.000670, t_ads: 3442.0, t_des: 5873.1, bed_util_ads: 0.253, bed_util_des: 0.185, des_th: 0.1851696623157332,frac_lost: 0.103, li_recovered:  6.237, time: 0.007951465999212814
L: 0.50, u_super: 0.00318, sec: 199.872, prod: 0.061387, t_ads: 61.0, t_des: 79.2, bed_util_ads: 0.450, bed_util_des: 0.449, des_th: 0.4489850061008264,frac_lost: 0.105, li_recovered:  8.608, time: 0.006556000000273343
L: 0.50, u_super: 0.00990, sec: 576.736, prod: 0.224529, t_ads: 19.7, t_des: 17.9, bed_util_ads: 0.500, bed_util_des: 0.499, des_th: 0.49942132725883337,frac_lost: 0.105, li_recovered:  8.447, time: 0.006305335000433843
L: 0.50, u_super: 0.00461, sec: 252.226, prod: 0.103778, t_ads: 42.2, t_des: 38.2, bed_util_ads: 0.498, bed_util_des: 0.498, des_th: 0.49776062471369836,frac_lost: 0.104, li_recovered:  8.338, time: 0.005559368000831455
L: 0.50, u_super: 0.00418, sec: 228.235, prod: 0.093686, t_ads: 46.5, t_des: 41.1, bed_util_ads: 0.500, bed_util_des: 0.500, des_th: 0.49977645924110664,frac_lost: 0.105, li_recovered:  8.205, time: 0.004927192998366081
L: 0.50, u_super: 0.00887, sec: 510.597, prod: 0.200780, t_ads: 22.1, t_des: 20.0, bed_util_ads: 0.499, bed_util_des: 0.499, des_th: 0.4987205154444333,frac_lost: 0.106, li_recovered:  8.446, time: 0.004802292000022135
L: 0.50, u_super: 0.00018 — INFEASIBLE (li_recovered=0.000e+00), time: 0.00307151200104272
L: 0.50, u_super: 0.00391, sec: 212.710, prod: 0.087796, t_ads: 49.8, t_des: 45.0, bed_util_ads: 0.498, bed_util_des: 0.498, des_th: 0.49776062471369836,frac_lost: 0.106, li_recovered:  8.320, time: 0.004684262999944622
L: 16.21, u_super: 0.00918 — INFEASIBLE (li_recovered=0.000e+00), time: 0.0025448719989071833
L: 0.50, u_super: 0.00217, sec: 120.062, prod: 0.046623, t_ads: 89.1, t_des: 92.7, bed_util_ads: 0.476, bed_util_des: 0.475, des_th: 0.47502900383258934,frac_lost: 0.105, li_recovered:  8.475, time: 0.007437742000547587
L: 0.50, u_super: 0.00115, sec: 63.836, prod: 0.024190, t_ads: 165.7, t_des: 174.2, bed_util_ads: 0.467, bed_util_des: 0.465, des_th: 0.4650595412970698,frac_lost: 0.103, li_recovered:  8.221, time: 0.005199089000598178
L: 0.50, u_super: 0.00300, sec: 162.657, prod: 0.066982, t_ads: 64.2, t_des: 56.4, bed_util_ads: 0.500, bed_util_des: 0.500, des_th: 0.49987041688963196,frac_lost: 0.102, li_recovered:  8.075, time: 0.007750012000542483
L: 0.50, u_super: 0.00819, sec: 467.815, prod: 0.185390, t_ads: 23.9, t_des: 21.4, bed_util_ads: 0.500, bed_util_des: 0.500, des_th: 0.4997329076948528,frac_lost: 0.106, li_recovered:  8.394, time: 0.004811013999642455
L: 10.15, u_super: 0.00361 — INFEASIBLE (li_recovered=0.000e+00), time: 0.001579200999913155
L: 0.50, u_super: 0.00953, sec: 552.921, prod: 0.215834, t_ads: 20.5, t_des: 18.6, bed_util_ads: 0.499, bed_util_des: 0.499, des_th: 0.4986825234268691,frac_lost: 0.106, li_recovered:  8.447, time: 0.007181128001320758
L: 135.83, u_super: 0.00758 — INFEASIBLE (li_recovered=0.000e+00), time: 0.0011592539995035622
L: 0.50, u_super: 0.00120, sec: 67.361, prod: 0.025124, t_ads: 158.2, t_des: 129.4, bed_util_ads: 0.499, bed_util_des: 0.499, des_th: 0.49861676804787014,frac_lost: 0.106, li_recovered:  7.225, time: 0.004419107999638072
L: 0.50, u_super: 0.00598, sec: 332.546, prod: 0.135118, t_ads: 32.6, t_des: 29.4, bed_util_ads: 0.499, bed_util_des: 0.498, des_th: 0.49845547034249416,frac_lost: 0.104, li_recovered:  8.374, time: 0.005218515998421935
L: 0.50, u_super: 0.00918, sec: 643.570, prod: 0.171461, t_ads: 21.3, t_des: 29.6, bed_util_ads: 0.446, bed_util_des: 0.445, des_th: 0.4452057454794222,frac_lost: 0.103, li_recovered:  8.719, time: 0.006319383999652928
L: 0.50, u_super: 0.00429, sec: 234.027, prod: 0.096373, t_ads: 45.4, t_des: 41.0, bed_util_ads: 0.497, bed_util_des: 0.497, des_th: 0.4972497597433946,frac_lost: 0.106, li_recovered:  8.330, time: 0.00544941100088181
L: 0.50, u_super: 0.00949, sec: 550.414, prod: 0.215065, t_ads: 20.6, t_des: 18.6, bed_util_ads: 0.500, bed_util_des: 0.499, des_th: 0.49944608181679756,frac_lost: 0.106, li_recovered:  8.440, time: 0.00544958300088183
L: 0.50, u_super: 0.00387, sec: 210.949, prod: 0.086909, t_ads: 50.2, t_des: 44.9, bed_util_ads: 0.498, bed_util_des: 0.498, des_th: 0.49822161524344577,frac_lost: 0.107, li_recovered:  8.273, time: 0.00487728000007337
L: 0.50, u_super: 0.00990, sec: 576.686, prod: 0.224548, t_ads: 19.7, t_des: 17.9, bed_util_ads: 0.499, bed_util_des: 0.499, des_th: 0.498616072637504,frac_lost: 0.104, li_recovered:  8.450, time: 0.005216915998971672
L: 0.50, u_super: 0.00954, sec: 553.412, prod: 0.216474, t_ads: 20.4, t_des: 18.6, bed_util_ads: 0.500, bed_util_des: 0.499, des_th: 0.4994593184309193,frac_lost: 0.104, li_recovered:  8.445, time: 0.0046195099985197885
L: 0.50, u_super: 0.00793, sec: 4013.981, prod: 0.020190, t_ads: 24.7, t_des: 410.2, bed_util_ads: 0.189, bed_util_des: 0.185, des_th: 0.1851696623157332,frac_lost: 0.104, li_recovered:  8.781, time: 0.041518059000736685
L: 8.42, u_super: 0.00508 — INFEASIBLE (li_recovered=0.000e+00), time: 0.003332742999191396
L: 8.83, u_super: 0.00724 — INFEASIBLE (li_recovered=0.000e+00), time: 0.002460011999573908
L: 0.50, u_super: 0.00043 — INFEASIBLE (li_recovered=0.000e+00), time: 0.002532053000322776
L: 0.50, u_super: 0.00669, sec: 374.950, prod: 0.151230, t_ads: 29.1, t_des: 25.9, bed_util_ads: 0.500, bed_util_des: 0.500, des_th: 0.4998390382801198,frac_lost: 0.102, li_recovered:  8.314, time: 0.005998267000904889
L: 0.50, u_super: 0.00985, sec: 575.310, prod: 0.222547, t_ads: 19.8, t_des: 18.7, bed_util_ads: 0.494, bed_util_des: 0.494, des_th: 0.49422070102809573,frac_lost: 0.105, li_recovered:  8.576, time: 0.004832124999666121
L: 0.50, u_super: 0.00869, sec: 500.973, prod: 0.196294, t_ads: 22.5, t_des: 21.1, bed_util_ads: 0.495, bed_util_des: 0.495, des_th: 0.49484787389850154,frac_lost: 0.106, li_recovered:  8.561, time: 0.0049627870012045605
L: 0.50, u_super: 0.00301, sec: 162.377, prod: 0.067393, t_ads: 64.3, t_des: 59.1, bed_util_ads: 0.494, bed_util_des: 0.493, des_th: 0.4932246145542934,frac_lost: 0.104, li_recovered:  8.315, time: 0.004395336000015959
L: 0.50, u_super: 0.00872, sec: 535.120, prod: 0.185017, t_ads: 22.4, t_des: 24.7, bed_util_ads: 0.474, bed_util_des: 0.474, des_th: 0.473891424393769,frac_lost: 0.104, li_recovered:  8.706, time: 0.004486141000597854
L: 0.50, u_super: 0.00839, sec: 480.595, prod: 0.189900, t_ads: 23.3, t_des: 21.4, bed_util_ads: 0.498, bed_util_des: 0.498, des_th: 0.49806415001702525,frac_lost: 0.106, li_recovered:  8.484, time: 0.005242057000941713
L: 0.50, u_super: 0.00030 — INFEASIBLE (li_recovered=0.000e+00), time: 0.0020016130001749843
L: 0.50, u_super: 0.00208, sec: 111.775, prod: 0.046125, t_ads: 92.7, t_des: 84.8, bed_util_ads: 0.491, bed_util_des: 0.491, des_th: 0.49095372444814567,frac_lost: 0.106, li_recovered:  8.189, time: 0.004217154999423656
   460 |    18400 |     40 |  0.0024468189 |             f
L: 0.50, u_super: 0.00970, sec: 5076.897, prod: 0.024452, t_ads: 20.2, t_des: 338.8, bed_util_ads: 0.188, bed_util_des: 0.185, des_th: 0.1851696623157332,frac_lost: 0.103, li_recovered:  8.779, time: 0.03738725400035037
L: 9.64, u_super: 0.00270 — INFEASIBLE (li_recovered=0.000e+00), time: 0.0021475589983310783
L: 0.50, u_super: 0.00945, sec: 547.578, prod: 0.214064, t_ads: 20.7, t_des: 19.0, bed_util_ads: 0.498, bed_util_des: 0.498, des_th: 0.49800410747840673,frac_lost: 0.105, li_recovered:  8.495, time: 0.006135464000180946
L: 0.50, u_super: 0.00233, sec: 146.598, prod: 0.044167, t_ads: 82.9, t_des: 110.6, bed_util_ads: 0.445, bed_util_des: 0.443, des_th: 0.443295118485513,frac_lost: 0.102, li_recovered:  8.546, time: 0.007016555999143748
L: 0.50, u_super: 0.00438, sec: 239.146, prod: 0.098450, t_ads: 44.5, t_des: 40.5, bed_util_ads: 0.497, bed_util_des: 0.496, des_th: 0.4962828968394042,frac_lost: 0.106, li_recovered:  8.371, time: 0.0063073439996514935
L: 4.75, u_super: 0.00088 — INFEASIBLE (li_recovered=0.000e+00), time: 0.002393818000200554
L: 0.50, u_super: 0.00554, sec: 305.866, prod: 0.125099, t_ads: 35.1, t_des: 31.8, bed_util_ads: 0.498, bed_util_des: 0.498, des_th: 0.49802055619654284,frac_lost: 0.102, li_recovered:  8.359, time: 0.007119829000657774
L: 0.50, u_super: 0.00725, sec: 410.183, prod: 0.163849, t_ads: 27.0, t_des: 24.2, bed_util_ads: 0.500, bed_util_des: 0.500, des_th: 0.4998390382801198,frac_lost: 0.108, li_recovered:  8.390, time: 0.005496600999322254
L: 0.50, u_super: 0.00582, sec: 322.368, prod: 0.131650, t_ads: 33.3, t_des: 30.6, bed_util_ads: 0.497, bed_util_des: 0.497, des_th: 0.4966032912400685,frac_lost: 0.101, li_recovered:  8.414, time: 0.007244455999170896
L: 26.30, u_super: 0.00375 — INFEASIBLE (li_recovered=0.000e+00), time: 0.0011300629994366318
L: 0.50, u_super: 0.00554, sec: 306.370, prod: 0.125219, t_ads: 35.0, t_des: 32.5, bed_util_ads: 0.496, bed_util_des: 0.495, des_th: 0.4954015810590776,frac_lost: 0.102, li_recovered:  8.458, time: 0.006248923999010003
L: 0.50, u_super: 0.00244, sec: 130.922, prod: 0.054328, t_ads: 79.0, t_des: 72.1, bed_util_ads: 0.494, bed_util_des: 0.493, des_th: 0.4932246145542934,frac_lost: 0.103, li_recovered:  8.210, time: 0.006291370000326424
L: 0.50, u_super: 0.00946, sec: 548.323, prod: 0.214251, t_ads: 20.7, t_des: 19.0, bed_util_ads: 0.498, bed_util_des: 0.498, des_th: 0.4976114358167127,frac_lost: 0.105, li_recovered:  8.489, time: 0.007367710000835359
L: 0.50, u_super: 0.00439, sec: 240.053, prod: 0.098820, t_ads: 44.3, t_des: 39.9, bed_util_ads: 0.498, bed_util_des: 0.498, des_th: 0.49790527695731457,frac_lost: 0.105, li_recovered:  8.323, time: 0.0073338929996680235
L: 3.16, u_super: 0.00005 — INFEASIBLE (li_recovered=0.000e+00), time: 0.0013239100007922389
L: 0.50, u_super: 0.00317, sec: 171.689, prod: 0.070725, t_ads: 60.9, t_des: 53.5, bed_util_ads: 0.500, bed_util_des: 0.500, des_th: 0.4995629873901271,frac_lost: 0.102, li_recovered:  8.089, time: 0.006645502999163
L: 0.50, u_super: 0.00990, sec: 576.554, prod: 0.224599, t_ads: 19.7, t_des: 17.9, bed_util_ads: 0.500, bed_util_des: 0.499, des_th: 0.49942132725883337,frac_lost: 0.104, li_recovered:  8.445, time: 0.0051815980004903395
L: 0.50, u_super: 0.00669, sec: 376.204, prod: 0.150726, t_ads: 29.0, t_des: 27.8, bed_util_ads: 0.492, bed_util_des: 0.491, des_th: 0.4914030822346998,frac_lost: 0.100, li_recovered:  8.566, time: 0.0049809199990704656
L: 0.50, u_super: 0.00049, sec: 29.216, prod: 0.009394, t_ads: 366.1, t_des: 312.1, bed_util_ads: 0.473, bed_util_des: 0.473, des_th: 0.473106643719737,frac_lost: 0.100, li_recovered:  6.371, time: 0.005431100998976035
L: 0.50, u_super: 0.00122, sec: 67.802, prod: 0.025639, t_ads: 155.9, t_des: 129.3, bed_util_ads: 0.499, bed_util_des: 0.498, des_th: 0.4985991652254188,frac_lost: 0.105, li_recovered:  7.312, time: 0.005539076999411918
L: 0.50, u_super: 0.00025 — INFEASIBLE (li_recovered=0.000e+00), time: 0.0019284449990664143
L: 18.11, u_super: 0.00495 — INFEASIBLE (li_recovered=0.000e+00), time: 0.002678093998838449
L: 0.50, u_super: 0.00183, sec: 99.879, prod: 0.039938, t_ads: 104.4, t_des: 89.1, bed_util_ads: 0.499, bed_util_des: 0.499, des_th: 0.4993064596022569,frac_lost: 0.103, li_recovered:  7.727, time: 0.005824394998853677
L: 0.50, u_super: 0.00982, sec: 598.989, prod: 0.212359, t_ads: 19.9, t_des: 21.1, bed_util_ads: 0.479, bed_util_des: 0.479, des_th: 0.4788744254568602,frac_lost: 0.105, li_recovered:  8.708, time: 0.008379442000659765
L: 0.50, u_super: 0.00301, sec: 162.377, prod: 0.067393, t_ads: 64.3, t_des: 59.1, bed_util_ads: 0.494, bed_util_des: 0.493, des_th: 0.4932246145542934,frac_lost: 0.104, li_recovered:  8.315, time: 0.005431874000350945
L: 0.50, u_super: 0.00758, sec: 463.951, prod: 0.158648, t_ads: 25.8, t_des: 29.0, bed_util_ads: 0.472, bed_util_des: 0.472, des_th: 0.4718911868522669,frac_lost: 0.106, li_recovered:  8.700, time: 0.0063565149994246894
L: 0.50, u_super: 0.00120, sec: 70.286, prod: 0.024000, t_ads: 159.9, t_des: 186.2, bed_util_ads: 0.455, bed_util_des: 0.452, des_th: 0.4517084804717023,frac_lost: 0.107, li_recovered:  8.305, time: 0.005905995998546132
L: 1.28, u_super: 0.00160, sec: 235.413, prod: 0.032951, t_ads: 293.9, t_des: 264.7, bed_util_ads: 0.476, bed_util_des: 0.475, des_th: 0.47502900383258934,frac_lost: 0.105, li_recovered:  18.407, time: 0.006966348000787548
L: 0.50, u_super: 0.00455, sec: 249.271, prod: 0.102427, t_ads: 42.8, t_des: 38.7, bed_util_ads: 0.498, bed_util_des: 0.498, des_th: 0.49776062471369836,frac_lost: 0.106, li_recovered:  8.346, time: 0.007617981000294094
L: 67.58, u_super: 0.00730 — INFEASIBLE (li_recovered=0.000e+00), time: 0.0019268949999968754
L: 0.50, u_super: 0.00392, sec: 213.360, prod: 0.087949, t_ads: 49.6, t_des: 44.4, bed_util_ads: 0.498, bed_util_des: 0.498, des_th: 0.49778788023612097,frac_lost: 0.106, li_recovered:  8.264, time: 0.005989647999740555
L: 0.50, u_super: 0.00271, sec: 146.017, prod: 0.060640, t_ads: 71.1, t_des: 64.8, bed_util_ads: 0.494, bed_util_des: 0.493, des_th: 0.4932011796274339,frac_lost: 0.103, li_recovered:  8.242, time: 0.00753494899981888
L: 0.50, u_super: 0.00798, sec: 467.761, prod: 0.175596, t_ads: 24.5, t_des: 24.9, bed_util_ads: 0.485, bed_util_des: 0.485, des_th: 0.4849799028865003,frac_lost: 0.106, li_recovered:  8.678, time: 0.007525789000283112
L: 0.50, u_super: 0.00530, sec: 292.203, prod: 0.119823, t_ads: 36.6, t_des: 33.2, bed_util_ads: 0.497, bed_util_des: 0.497, des_th: 0.4972840050964825,frac_lost: 0.102, li_recovered:  8.362, time: 0.006871273000797373
L: 6.87, u_super: 0.00228, sec: 4044.180, prod: 0.021108, t_ads: 1181.1, t_des: 4289.5, bed_util_ads: 0.260, bed_util_des: 0.195, des_th: 0.1947524929430504,frac_lost: 0.103, li_recovered:  115.470, time: 0.016310121000060462
L: 0.50, u_super: 0.00791, sec: 453.318, prod: 0.177942, t_ads: 24.8, t_des: 23.5, bed_util_ads: 0.493, bed_util_des: 0.493, des_th: 0.49323454381524157,frac_lost: 0.108, li_recovered:  8.588, time: 0.007840681000743643
L: 0.50, u_super: 0.00179, sec: 96.495, prod: 0.039439, t_ads: 106.7, t_des: 94.8, bed_util_ads: 0.495, bed_util_des: 0.494, des_th: 0.49424401945578167,frac_lost: 0.102, li_recovered:  7.948, time: 0.007358081000347738
L: 0.50, u_super: 0.00190, sec: 103.776, prod: 0.041296, t_ads: 101.6, t_des: 86.0, bed_util_ads: 0.500, bed_util_des: 0.500, des_th: 0.4996090317649867,frac_lost: 0.108, li_recovered:  7.746, time: 0.007688334000704344
L: 0.50, u_super: 0.00789, sec: 447.825, prod: 0.178933, t_ads: 24.6, t_des: 22.5, bed_util_ads: 0.498, bed_util_des: 0.498, des_th: 0.49822016979520184,frac_lost: 0.101, li_recovered:  8.437, time: 0.007246991999636521
L: 31.01, u_super: 0.00949 — INFEASIBLE (li_recovered=0.000e+00), time: 0.0025023289999808185
   461 |    18440 |     40 |  0.0032624152 |             f
L: 0.50, u_super: 0.00361, sec: 195.756, prod: 0.080839, t_ads: 53.9, t_des: 48.2, bed_util_ads: 0.498, bed_util_des: 0.497, des_th: 0.4974033886754291,frac_lost: 0.106, li_recovered:  8.252, time: 0.0060277390002738684
L: 0.50, u_super: 0.00165, sec: 89.011, prod: 0.036319, t_ads: 115.7, t_des: 103.8, bed_util_ads: 0.492, bed_util_des: 0.491, des_th: 0.4912563878605263,frac_lost: 0.103, li_recovered:  7.973, time: 0.009750665998581098
L: 0.50, u_super: 0.00086, sec: 48.319, prod: 0.018128, t_ads: 217.5, t_des: 225.7, bed_util_ads: 0.464, bed_util_des: 0.462, des_th: 0.4617921190733812,frac_lost: 0.104, li_recovered:  8.034, time: 0.007977283999935025
L: 0.50, u_super: 0.00958, sec: 556.130, prod: 0.217063, t_ads: 20.4, t_des: 18.5, bed_util_ads: 0.499, bed_util_des: 0.499, des_th: 0.49868510399149035,frac_lost: 0.106, li_recovered:  8.456, time: 0.008639259000119637
L: 0.50, u_super: 0.00909, sec: 524.775, prod: 0.205692, t_ads: 21.5, t_des: 19.7, bed_util_ads: 0.498, bed_util_des: 0.498, des_th: 0.49793952231040256,frac_lost: 0.106, li_recovered:  8.489, time: 0.008666346000609337
L: 7.54, u_super: 0.00786 — INFEASIBLE (li_recovered=0.000e+00), time: 0.0034665999992284924
L: 9.72, u_super: 0.00329 — INFEASIBLE (li_recovered=0.000e+00), time: 0.0017728929997247178
L: 0.50, u_super: 0.00369, sec: 200.829, prod: 0.082722, t_ads: 52.8, t_des: 49.0, bed_util_ads: 0.494, bed_util_des: 0.493, des_th: 0.4932246145542934,frac_lost: 0.108, li_recovered:  8.417, time: 0.005920561001403257
L: 0.50, u_super: 0.00889, sec: 512.200, prod: 0.201224, t_ads: 22.0, t_des: 19.9, bed_util_ads: 0.500, bed_util_des: 0.500, des_th: 0.49987054199569614,frac_lost: 0.107, li_recovered:  8.442, time: 0.009033119999003247
L: 0.50, u_super: 0.00669, sec: 375.246, prod: 0.151110, t_ads: 29.2, t_des: 26.6, bed_util_ads: 0.498, bed_util_des: 0.498, des_th: 0.49771537160090373,frac_lost: 0.106, li_recovered:  8.432, time: 0.0060724810009560315
L: 0.50, u_super: 0.00301, sec: 162.498, prod: 0.067343, t_ads: 63.9, t_des: 57.0, bed_util_ads: 0.498, bed_util_des: 0.498, des_th: 0.49776458539681784,frac_lost: 0.101, li_recovered:  8.145, time: 0.00737420900077268
L: 0.50, u_super: 0.00217, sec: 120.062, prod: 0.046623, t_ads: 89.1, t_des: 92.7, bed_util_ads: 0.476, bed_util_des: 0.475, des_th: 0.47502900383258934,frac_lost: 0.105, li_recovered:  8.475, time: 0.00913583799956541
L: 0.50, u_super: 0.00524, sec: 328.909, prod: 0.103756, t_ads: 37.4, t_des: 46.2, bed_util_ads: 0.459, bed_util_des: 0.458, des_th: 0.45810082057683366,frac_lost: 0.108, li_recovered:  8.674, time: 0.008225406001656665
L: 0.50, u_super: 0.00050, sec: 100.839, prod: 0.002938, t_ads: 392.4, t_des: 2576.8, bed_util_ads: 0.244, bed_util_des: 0.208, des_th: 0.20782573448244937,frac_lost: 0.105, li_recovered:  8.725, time: 0.025549693000357365
L: 0.50, u_super: 0.00953, sec: 552.850, prod: 0.216038, t_ads: 20.5, t_des: 18.6, bed_util_ads: 0.500, bed_util_des: 0.499, des_th: 0.49944608181679756,frac_lost: 0.105, li_recovered:  8.449, time: 0.0057591889999457635
L: 0.50, u_super: 0.00990, sec: 587.351, prod: 0.220471, t_ads: 19.7, t_des: 19.6, bed_util_ads: 0.487, bed_util_des: 0.487, des_th: 0.4867220674375992,frac_lost: 0.103, li_recovered:  8.670, time: 0.005754152000008617
L: 0.50, u_super: 0.00008, sec: 7.614, prod: 0.000950, t_ads: 2400.9, t_des: 5777.9, bed_util_ads: 0.253, bed_util_des: 0.174, des_th: 0.17386264907031448,frac_lost: 0.101, li_recovered:  7.769, time: 0.009082563999982085
L: 0.50, u_super: 0.00708, sec: 399.409, prod: 0.159815, t_ads: 27.7, t_des: 25.1, bed_util_ads: 0.499, bed_util_des: 0.499, des_th: 0.4986690184698872,frac_lost: 0.109, li_recovered:  8.437, time: 0.006342261998725007
L: 0.50, u_super: 0.00735, sec: 533.362, prod: 0.129463, t_ads: 26.6, t_des: 40.7, bed_util_ads: 0.433, bed_util_des: 0.432, des_th: 0.43215007624398305,frac_lost: 0.106, li_recovered:  8.712, time: 0.006741629998941789
L: 17.54, u_super: 0.00655 — INFEASIBLE (li_recovered=0.000e+00), time: 0.0023763520002830774
L: 0.50, u_super: 0.00479, sec: 262.961, prod: 0.107828, t_ads: 40.7, t_des: 37.2, bed_util_ads: 0.497, bed_util_des: 0.497, des_th: 0.4966032912400685,frac_lost: 0.107, li_recovered:  8.402, time: 0.006215415000042412
L: 0.50, u_super: 0.00190, sec: 103.483, prod: 0.041413, t_ads: 100.6, t_des: 85.8, bed_util_ads: 0.500, bed_util_des: 0.500, des_th: 0.49958757895687916,frac_lost: 0.101, li_recovered:  7.719, time: 0.004336179999882006
L: 0.50, u_super: 0.00491, sec: 328.098, prod: 0.091156, t_ads: 39.9, t_des: 55.3, bed_util_ads: 0.444, bed_util_des: 0.443, des_th: 0.4425853916272227,frac_lost: 0.109, li_recovered:  8.676, time: 0.008406949998970958
L: 0.50, u_super: 0.00202, sec: 110.321, prod: 0.044039, t_ads: 95.7, t_des: 95.5, bed_util_ads: 0.481, bed_util_des: 0.480, des_th: 0.4801124432875345,frac_lost: 0.107, li_recovered:  8.420, time: 0.0058688670014817035
L: 0.50, u_super: 0.00669, sec: 374.726, prod: 0.151320, t_ads: 29.0, t_des: 25.9, bed_util_ads: 0.500, bed_util_des: 0.500, des_th: 0.4998893091633536,frac_lost: 0.101, li_recovered:  8.319, time: 0.005064573999334243
L: 0.50, u_super: 0.00041 — INFEASIBLE (li_recovered=0.000e+00), time: 0.0025974539985327283
L: 0.50, u_super: 0.00486, sec: 267.298, prod: 0.109502, t_ads: 40.0, t_des: 35.7, bed_util_ads: 0.499, bed_util_des: 0.499, des_th: 0.4990005419713697,frac_lost: 0.105, li_recovered:  8.291, time: 0.004376574001071276
L: 0.50, u_super: 0.00151, sec: 81.647, prod: 0.033126, t_ads: 126.4, t_des: 113.4, bed_util_ads: 0.492, bed_util_des: 0.491, des_th: 0.4912563878605263,frac_lost: 0.105, li_recovered:  7.944, time: 0.00562500900014129
L: 0.50, u_super: 0.00387, sec: 210.747, prod: 0.086992, t_ads: 50.2, t_des: 46.5, bed_util_ads: 0.494, bed_util_des: 0.493, des_th: 0.49322360696725154,frac_lost: 0.106, li_recovered:  8.405, time: 0.004471416999876965
L: 0.50, u_super: 0.00723, sec: 408.120, prod: 0.163345, t_ads: 27.1, t_des: 24.6, bed_util_ads: 0.498, bed_util_des: 0.498, des_th: 0.4976114358167127,frac_lost: 0.107, li_recovered:  8.442, time: 0.0057994329999928595
L: 0.50, u_super: 0.00960, sec: 638.879, prod: 0.189682, t_ads: 20.3, t_des: 25.6, bed_util_ads: 0.457, bed_util_des: 0.457, des_th: 0.45688608421659277,frac_lost: 0.102, li_recovered:  8.716, time: 0.006150793000415433
L: 54.23, u_super: 0.00988 — INFEASIBLE (li_recovered=0.000e+00), time: 0.001135926999268122
L: 0.50, u_super: 0.00887, sec: 511.021, prod: 0.200614, t_ads: 22.1, t_des: 20.0, bed_util_ads: 0.499, bed_util_des: 0.499, des_th: 0.49874661127164877,frac_lost: 0.108, li_recovered:  8.449, time: 0.004667822999181226
L: 0.50, u_super: 0.00060, sec: 185.708, prod: 0.002280, t_ads: 330.9, t_des: 3549.4, bed_util_ads: 0.206, bed_util_des: 0.170, des_th: 0.17009622556678722,frac_lost: 0.105, li_recovered:  8.847, time: 0.02446793699891714
L: 0.50, u_super: 0.00725, sec: 409.680, prod: 0.163659, t_ads: 27.0, t_des: 24.5, bed_util_ads: 0.499, bed_util_des: 0.499, des_th: 0.4991782690677038,frac_lost: 0.108, li_recovered:  8.432, time: 0.004942501000186894
L: 0.50, u_super: 0.00664, sec: 372.083, prod: 0.150292, t_ads: 29.2, t_des: 26.1, bed_util_ads: 0.500, bed_util_des: 0.500, des_th: 0.4998372321594059,frac_lost: 0.101, li_recovered:  8.318, time: 0.00392567900053109
L: 0.50, u_super: 0.00615, sec: 342.138, prod: 0.139110, t_ads: 31.6, t_des: 28.6, bed_util_ads: 0.498, bed_util_des: 0.498, des_th: 0.4976855749755164,frac_lost: 0.102, li_recovered:  8.372, time: 0.005847677999554435
L: 0.50, u_super: 0.00480, sec: 263.311, prod: 0.108181, t_ads: 40.5, t_des: 36.6, bed_util_ads: 0.499, bed_util_des: 0.498, des_th: 0.4983901980085267,frac_lost: 0.104, li_recovered:  8.337, time: 0.004884791998847504
L: 0.50, u_super: 0.00758, sec: 430.216, prod: 0.171431, t_ads: 25.8, t_des: 23.7, bed_util_ads: 0.498, bed_util_des: 0.498, des_th: 0.4975959516427284,frac_lost: 0.106, li_recovered:  8.484, time: 0.00531973200122593
L: 0.50, u_super: 0.00985, sec: 573.678, prod: 0.223403, t_ads: 19.8, t_des: 17.8, bed_util_ads: 0.500, bed_util_des: 0.500, des_th: 0.49983906536356504,frac_lost: 0.104, li_recovered:  8.401, time: 0.006844741999884718
   462 |    18480 |     40 |  0.0024262865 |             f
L: 0.50, u_super: 0.00008 — INFEASIBLE (li_recovered=0.000e+00), time: 0.0014402659999177558
L: 0.50, u_super: 0.00990, sec: 576.726, prod: 0.224532, t_ads: 19.7, t_des: 17.9, bed_util_ads: 0.500, bed_util_des: 0.499, des_th: 0.49942132725883337,frac_lost: 0.105, li_recovered:  8.438, time: 0.005187954999200883
L: 0.50, u_super: 0.00887, sec: 510.816, prod: 0.200694, t_ads: 22.1, t_des: 19.8, bed_util_ads: 0.500, bed_util_des: 0.500, des_th: 0.49984077784904973,frac_lost: 0.106, li_recovered:  8.398, time: 0.005856141999174724
L: 0.50, u_super: 0.00005, sec: 4.333, prod: 0.000668, t_ads: 3394.4, t_des: 5745.3, bed_util_ads: 0.252, bed_util_des: 0.186, des_th: 0.18581429806258323,frac_lost: 0.100, li_recovered:  6.107, time: 0.0061261490009201225
L: 34.12, u_super: 0.00361 — INFEASIBLE (li_recovered=0.000e+00), time: 0.0014582949988835026
L: 0.50, u_super: 0.00271, sec: 146.590, prod: 0.060403, t_ads: 70.9, t_des: 62.5, bed_util_ads: 0.498, bed_util_des: 0.498, des_th: 0.4980058455257525,frac_lost: 0.102, li_recovered:  8.057, time: 0.006246992999876966
L: 0.50, u_super: 0.00911, sec: 526.346, prod: 0.206450, t_ads: 21.4, t_des: 19.9, bed_util_ads: 0.496, bed_util_des: 0.496, des_th: 0.4956270858858349,frac_lost: 0.104, li_recovered:  8.521, time: 0.005600881000646041
L: 0.50, u_super: 0.00049, sec: 27.958, prod: 0.009817, t_ads: 370.0, t_des: 353.0, bed_util_ads: 0.460, bed_util_des: 0.458, des_th: 0.45825925157998626,frac_lost: 0.102, li_recovered:  7.097, time: 0.004691711001214571
L: 0.67, u_super: 0.00613, sec: 459.602, prod: 0.138108, t_ads: 42.5, t_des: 38.9, bed_util_ads: 0.497, bed_util_des: 0.497, des_th: 0.49662953690158673,frac_lost: 0.105, li_recovered:  11.243, time: 0.004924151999148307
L: 0.50, u_super: 0.00901, sec: 4317.686, prod: 0.024559, t_ads: 21.8, t_des: 335.8, bed_util_ads: 0.195, bed_util_des: 0.192, des_th: 0.19166828782374118,frac_lost: 0.107, li_recovered:  8.783, time: 0.04271014099867898
L: 0.50, u_super: 0.00654, sec: 365.885, prod: 0.148110, t_ads: 29.6, t_des: 26.5, bed_util_ads: 0.500, bed_util_des: 0.500, des_th: 0.4998372321594059,frac_lost: 0.100, li_recovered:  8.313, time: 0.005154980999577674
L: 0.50, u_super: 0.00986, sec: 573.832, prod: 0.223597, t_ads: 19.8, t_des: 17.8, bed_util_ads: 0.500, bed_util_des: 0.500, des_th: 0.49983906536356504,frac_lost: 0.104, li_recovered:  8.403, time: 0.004810093001651694
L: 9.69, u_super: 0.00591 — INFEASIBLE (li_recovered=0.000e+00), time: 0.002908037999077351
L: 0.50, u_super: 0.00701, sec: 393.735, prod: 0.158829, t_ads: 27.7, t_des: 25.1, bed_util_ads: 0.499, bed_util_des: 0.499, des_th: 0.4986434220946747,frac_lost: 0.101, li_recovered:  8.379, time: 0.007085810999342357
L: 0.50, u_super: 0.00813, sec: 463.696, prod: 0.183992, t_ads: 24.0, t_des: 21.6, bed_util_ads: 0.500, bed_util_des: 0.500, des_th: 0.49977645924110664,frac_lost: 0.105, li_recovered:  8.392, time: 0.005478135999510414
L: 0.50, u_super: 0.00777, sec: 440.292, prod: 0.176104, t_ads: 25.0, t_des: 22.6, bed_util_ads: 0.499, bed_util_des: 0.499, des_th: 0.49891014542139006,frac_lost: 0.101, li_recovered:  8.383, time: 0.005193082000914728
L: 0.50, u_super: 0.00301, sec: 162.178, prod: 0.067476, t_ads: 64.1, t_des: 58.9, bed_util_ads: 0.494, bed_util_des: 0.493, des_th: 0.49353572286785496,frac_lost: 0.102, li_recovered:  8.300, time: 0.004931800000122166
L: 0.50, u_super: 0.00555, sec: 306.783, prod: 0.125478, t_ads: 35.0, t_des: 31.7, bed_util_ads: 0.497, bed_util_des: 0.497, des_th: 0.4970559673733519,frac_lost: 0.102, li_recovered:  8.364, time: 0.005921478999880492
L: 0.50, u_super: 0.00814, sec: 4583.760, prod: 0.018669, t_ads: 24.0, t_des: 446.2, bed_util_ads: 0.180, bed_util_des: 0.177, des_th: 0.17671951092343288,frac_lost: 0.101, li_recovered:  8.778, time: 0.0453618869996717
L: 0.50, u_super: 0.00669, sec: 375.714, prod: 0.150922, t_ads: 29.3, t_des: 26.6, bed_util_ads: 0.499, bed_util_des: 0.499, des_th: 0.49871843359848184,frac_lost: 0.109, li_recovered:  8.438, time: 0.006990430998484953
L: 0.50, u_super: 0.00301, sec: 162.387, prod: 0.067389, t_ads: 64.0, t_des: 60.4, bed_util_ads: 0.490, bed_util_des: 0.490, des_th: 0.48983304516475434,frac_lost: 0.102, li_recovered:  8.385, time: 0.005652765999911935
L: 0.50, u_super: 0.00615, sec: 343.200, prod: 0.138680, t_ads: 31.6, t_des: 29.9, bed_util_ads: 0.493, bed_util_des: 0.493, des_th: 0.49288089399806856,frac_lost: 0.103, li_recovered:  8.527, time: 0.005902607001189608
L: 0.50, u_super: 0.00539, sec: 437.819, prod: 0.082621, t_ads: 36.3, t_des: 69.0, bed_util_ads: 0.406, bed_util_des: 0.404, des_th: 0.4044051711093025,frac_lost: 0.106, li_recovered:  8.703, time: 0.00837382400095521
L: 0.50, u_super: 0.00086, sec: 47.397, prod: 0.018405, t_ads: 217.7, t_des: 209.0, bed_util_ads: 0.475, bed_util_des: 0.473, des_th: 0.4730271757509509,frac_lost: 0.106, li_recovered:  7.854, time: 0.004951711000103387
L: 14.01, u_super: 0.00664 — INFEASIBLE (li_recovered=0.000e+00), time: 0.0017632439994486049
L: 0.50, u_super: 0.00014 — INFEASIBLE (li_recovered=0.000e+00), time: 0.002286029000970302
L: 0.50, u_super: 0.00967, sec: 561.960, prod: 0.219122, t_ads: 20.2, t_des: 18.6, bed_util_ads: 0.497, bed_util_des: 0.497, des_th: 0.49687321851921007,frac_lost: 0.105, li_recovered:  8.499, time: 0.0045960759998706635
L: 0.50, u_super: 0.00962, sec: 558.249, prod: 0.218069, t_ads: 20.3, t_des: 18.6, bed_util_ads: 0.498, bed_util_des: 0.498, des_th: 0.49800410747840673,frac_lost: 0.104, li_recovered:  8.490, time: 0.005853722001120332
L: 0.50, u_super: 0.00461, sec: 252.401, prod: 0.103706, t_ads: 42.3, t_des: 38.1, bed_util_ads: 0.498, bed_util_des: 0.497, des_th: 0.49740160867306843,frac_lost: 0.105, li_recovered:  8.333, time: 0.006692397000733763
L: 0.50, u_super: 0.00990, sec: 577.051, prod: 0.224406, t_ads: 19.7, t_des: 17.7, bed_util_ads: 0.500, bed_util_des: 0.500, des_th: 0.49994025080665844,frac_lost: 0.105, li_recovered:  8.400, time: 0.006430112000089139
L: 0.50, u_super: 0.00419, sec: 228.778, prod: 0.093996, t_ads: 46.5, t_des: 41.5, bed_util_ads: 0.499, bed_util_des: 0.499, des_th: 0.49854555607250045,frac_lost: 0.107, li_recovered:  8.276, time: 0.005083072001070832
L: 0.50, u_super: 0.00259, sec: 147.619, prod: 0.054736, t_ads: 74.5, t_des: 81.5, bed_util_ads: 0.471, bed_util_des: 0.470, des_th: 0.4696338147904848,frac_lost: 0.104, li_recovered:  8.540, time: 0.005745851000028779
L: 0.50, u_super: 0.00164, sec: 88.109, prod: 0.035943, t_ads: 116.8, t_des: 104.8, bed_util_ads: 0.492, bed_util_des: 0.491, des_th: 0.4910111295149802,frac_lost: 0.103, li_recovered:  7.966, time: 0.004354652999609243
L: 0.50, u_super: 0.00669, sec: 374.213, prod: 0.151473, t_ads: 29.0, t_des: 26.5, bed_util_ads: 0.498, bed_util_des: 0.498, des_th: 0.49760645216066945,frac_lost: 0.101, li_recovered:  8.418, time: 0.0067387819999567
L: 0.50, u_super: 0.00049 — INFEASIBLE (li_recovered=0.000e+00), time: 0.004432607998751337
L: 0.50, u_super: 0.00296, sec: 1270.759, prod: 0.008311, t_ads: 66.5, t_des: 991.1, bed_util_ads: 0.194, bed_util_des: 0.185, des_th: 0.1851696623157332,frac_lost: 0.105, li_recovered:  8.790, time: 0.042035124999529216
L: 0.50, u_super: 0.00614, sec: 341.553, prod: 0.138915, t_ads: 31.6, t_des: 28.6, bed_util_ads: 0.498, bed_util_des: 0.498, des_th: 0.4976877340841795,frac_lost: 0.102, li_recovered:  8.369, time: 0.007021067000096082
L: 0.50, u_super: 0.00115, sec: 62.252, prod: 0.024895, t_ads: 165.1, t_des: 152.2, bed_util_ads: 0.484, bed_util_des: 0.483, des_th: 0.48332543786535026,frac_lost: 0.105, li_recovered:  7.898, time: 0.0053723269993497524
L: 0.50, u_super: 0.00009 — INFEASIBLE (li_recovered=0.000e+00), time: 0.0011919600001419894
L: 0.50, u_super: 0.00633, sec: 353.169, prod: 0.143110, t_ads: 30.7, t_des: 27.7, bed_util_ads: 0.499, bed_util_des: 0.498, des_th: 0.4985012860493026,frac_lost: 0.103, li_recovered:  8.368, time: 0.007227079999211128
   463 |    18520 |     40 |  0.0032963426 |             f
L: 0.50, u_super: 0.00049, sec: 27.959, prod: 0.009816, t_ads: 370.5, t_des: 353.2, bed_util_ads: 0.460, bed_util_des: 0.458, des_th: 0.45825925157998626,frac_lost: 0.102, li_recovered:  7.103, time: 0.006048604000170599
L: 0.50, u_super: 0.00782, sec: 451.535, prod: 0.174046, t_ads: 24.9, t_des: 24.8, bed_util_ads: 0.487, bed_util_des: 0.486, des_th: 0.48627253826915035,frac_lost: 0.102, li_recovered:  8.649, time: 0.006221276000360376
L: 26.84, u_super: 0.00005 — INFEASIBLE (li_recovered=0.000e+00), time: 0.0009258109985239571
L: 0.50, u_super: 0.00990, sec: 576.956, prod: 0.224444, t_ads: 19.7, t_des: 17.7, bed_util_ads: 0.500, bed_util_des: 0.500, des_th: 0.49992122447747545,frac_lost: 0.105, li_recovered:  8.401, time: 0.006531480999910855
L: 0.50, u_super: 0.00416, sec: 227.022, prod: 0.093407, t_ads: 46.8, t_des: 41.7, bed_util_ads: 0.499, bed_util_des: 0.499, des_th: 0.4992299383933716,frac_lost: 0.106, li_recovered:  8.263, time: 0.005085771999802091
L: 0.50, u_super: 0.00461, sec: 252.515, prod: 0.103659, t_ads: 42.2, t_des: 37.6, bed_util_ads: 0.499, bed_util_des: 0.499, des_th: 0.4992540123809043,frac_lost: 0.104, li_recovered:  8.272, time: 0.007424847999573103
L: 0.50, u_super: 0.00008 — INFEASIBLE (li_recovered=0.000e+00), time: 0.0013129130002198508
L: 0.50, u_super: 0.00338, sec: 183.151, prod: 0.075492, t_ads: 57.7, t_des: 51.5, bed_util_ads: 0.498, bed_util_des: 0.497, des_th: 0.4974033886754291,frac_lost: 0.108, li_recovered:  8.241, time: 0.004773147000378231
L: 0.50, u_super: 0.00887, sec: 516.422, prod: 0.198515, t_ads: 22.1, t_des: 21.4, bed_util_ads: 0.490, bed_util_des: 0.490, des_th: 0.4901370819420277,frac_lost: 0.106, li_recovered:  8.637, time: 0.006879550001031021
L: 4.05, u_super: 0.00814 — INFEASIBLE (li_recovered=0.000e+00), time: 0.0037939089997962583
L: 0.50, u_super: 0.00990, sec: 576.989, prod: 0.224430, t_ads: 19.7, t_des: 18.1, bed_util_ads: 0.498, bed_util_des: 0.498, des_th: 0.4976246290890574,frac_lost: 0.105, li_recovered:  8.499, time: 0.005131153999172966
L: 0.50, u_super: 0.00340, sec: 184.335, prod: 0.075940, t_ads: 57.3, t_des: 53.6, bed_util_ads: 0.492, bed_util_des: 0.491, des_th: 0.4912563878605263,frac_lost: 0.108, li_recovered:  8.421, time: 0.0073785669992503244
L: 0.50, u_super: 0.00202, sec: 110.011, prod: 0.044163, t_ads: 95.7, t_des: 94.6, bed_util_ads: 0.481, bed_util_des: 0.480, des_th: 0.4802365194821736,frac_lost: 0.108, li_recovered:  8.405, time: 0.007320749000427895
L: 10.06, u_super: 0.00840, sec: 11153.501, prod: 0.165027, t_ads: 430.1, t_des: 465.6, bed_util_ads: 0.439, bed_util_des: 0.433, des_th: 0.4335319237239954,frac_lost: 0.103, li_recovered:  147.827, time: 0.005036110000219196
L: 0.50, u_super: 0.00005, sec: 4.696, prod: 0.000713, t_ads: 3353.2, t_des: 6359.1, bed_util_ads: 0.249, bed_util_des: 0.172, des_th: 0.172160540136164,frac_lost: 0.101, li_recovered:  6.924, time: 0.008351024000148755
L: 0.50, u_super: 0.00383, sec: 208.258, prod: 0.085961, t_ads: 50.8, t_des: 46.5, bed_util_ads: 0.496, bed_util_des: 0.496, des_th: 0.49577336732536825,frac_lost: 0.107, li_recovered:  8.368, time: 0.004882324999925913
L: 18.81, u_super: 0.00522 — INFEASIBLE (li_recovered=0.000e+00), time: 0.0021208739999565296
L: 2.06, u_super: 0.00945, sec: 2315.390, prod: 0.208493, t_ads: 84.0, t_des: 73.0, bed_util_ads: 0.498, bed_util_des: 0.498, des_th: 0.49800410747840673,frac_lost: 0.104, li_recovered:  32.719, time: 0.005581719999099732
L: 0.50, u_super: 0.00175, sec: 95.203, prod: 0.038352, t_ads: 108.9, t_des: 94.4, bed_util_ads: 0.498, bed_util_des: 0.497, des_th: 0.49734725650189265,frac_lost: 0.103, li_recovered:  7.796, time: 0.005794337999759591
L: 40.57, u_super: 0.00522 — INFEASIBLE (li_recovered=0.000e+00), time: 0.0015157509988057427
L: 8.89, u_super: 0.00037 — INFEASIBLE (li_recovered=0.000e+00), time: 0.0009346780007035704
L: 0.50, u_super: 0.00369, sec: 210.214, prod: 0.079029, t_ads: 52.6, t_des: 56.3, bed_util_ads: 0.475, bed_util_des: 0.475, des_th: 0.47452023364372875,frac_lost: 0.105, li_recovered:  8.606, time: 0.005085344999315566
L: 24.22, u_super: 0.00510 — INFEASIBLE (li_recovered=0.000e+00), time: 0.001201531000333489
L: 0.50, u_super: 0.00708, sec: 399.890, prod: 0.159923, t_ads: 27.7, t_des: 24.8, bed_util_ads: 0.500, bed_util_des: 0.500, des_th: 0.4998390382801198,frac_lost: 0.108, li_recovered:  8.387, time: 0.006600871000046027
L: 0.50, u_super: 0.00165, sec: 778.668, prod: 0.004152, t_ads: 119.4, t_des: 2003.3, bed_util_ads: 0.182, bed_util_des: 0.166, des_th: 0.16601089479056347,frac_lost: 0.104, li_recovered:  8.813, time: 0.05382461599947419
L: 0.50, u_super: 0.00244, sec: 131.253, prod: 0.054400, t_ads: 79.0, t_des: 72.0, bed_util_ads: 0.494, bed_util_des: 0.493, des_th: 0.4932246145542934,frac_lost: 0.104, li_recovered:  8.214, time: 0.006980082000154653
L: 58.01, u_super: 0.00217 — INFEASIBLE (li_recovered=0.000e+00), time: 0.001398739999785903
L: 28.78, u_super: 0.00271 — INFEASIBLE (li_recovered=0.000e+00), time: 0.001740338999297819
L: 0.50, u_super: 0.00665, sec: 372.501, prod: 0.150622, t_ads: 29.1, t_des: 26.1, bed_util_ads: 0.500, bed_util_des: 0.499, des_th: 0.499403139951138,frac_lost: 0.101, li_recovered:  8.323, time: 0.008208911000110675
L: 0.50, u_super: 0.00371, sec: 201.967, prod: 0.083158, t_ads: 52.5, t_des: 46.8, bed_util_ads: 0.498, bed_util_des: 0.498, des_th: 0.49778788023612097,frac_lost: 0.108, li_recovered:  8.258, time: 0.0071727960003045155
L: 0.50, u_super: 0.00866, sec: 497.509, prod: 0.196293, t_ads: 22.5, t_des: 20.5, bed_util_ads: 0.499, bed_util_des: 0.499, des_th: 0.49928623744835604,frac_lost: 0.105, li_recovered:  8.442, time: 0.007875217999753659
L: 0.50, u_super: 0.00271, sec: 147.173, prod: 0.060164, t_ads: 71.0, t_des: 61.6, bed_util_ads: 0.500, bed_util_des: 0.500, des_th: 0.49962860698059935,frac_lost: 0.103, li_recovered:  7.980, time: 0.006223143000170239
L: 0.50, u_super: 0.00552, sec: 305.181, prod: 0.124804, t_ads: 35.2, t_des: 32.3, bed_util_ads: 0.496, bed_util_des: 0.496, des_th: 0.4961946223310076,frac_lost: 0.103, li_recovered:  8.416, time: 0.007979330999660306
L: 0.50, u_super: 0.00049, sec: 28.028, prod: 0.009792, t_ads: 370.1, t_des: 348.6, bed_util_ads: 0.462, bed_util_des: 0.460, des_th: 0.4601418958718198,frac_lost: 0.102, li_recovered:  7.037, time: 0.007148091000999557
L: 0.50, u_super: 0.00005, sec: 4.618, prod: 0.000627, t_ads: 2847.0, t_des: 4099.9, bed_util_ads: 0.255, bed_util_des: 0.215, des_th: 0.21541603783237936,frac_lost: 0.101, li_recovered:  4.355, time: 0.0069574749995808816
L: 0.50, u_super: 0.00555, sec: 307.116, prod: 0.125342, t_ads: 35.0, t_des: 31.3, bed_util_ads: 0.500, bed_util_des: 0.500, des_th: 0.49995887815317264,frac_lost: 0.103, li_recovered:  8.314, time: 0.007563297000160674
L: 0.50, u_super: 0.00327, sec: 176.669, prod: 0.073483, t_ads: 58.9, t_des: 55.0, bed_util_ads: 0.492, bed_util_des: 0.491, des_th: 0.4913125147962342,frac_lost: 0.101, li_recovered:  8.367, time: 0.0064933760004350916
L: 0.50, u_super: 0.00812, sec: 463.291, prod: 0.183771, t_ads: 24.1, t_des: 21.8, bed_util_ads: 0.499, bed_util_des: 0.499, des_th: 0.4987205154444333,frac_lost: 0.106, li_recovered:  8.438, time: 0.006229136999536422
L: 0.50, u_super: 0.00392, sec: 213.342, prod: 0.087957, t_ads: 49.7, t_des: 44.8, bed_util_ads: 0.498, bed_util_des: 0.498, des_th: 0.4978717510286833,frac_lost: 0.107, li_recovered:  8.316, time: 0.006989416000578785
L: 0.50, u_super: 0.00990, sec: 576.865, prod: 0.224479, t_ads: 19.7, t_des: 17.7, bed_util_ads: 0.500, bed_util_des: 0.500, des_th: 0.49976225480354736,frac_lost: 0.104, li_recovered:  8.400, time: 0.0057526900000084424
   464 |    18560 |     40 |  0.0016152337 |             f
L: 0.50, u_super: 0.00201, sec: 109.780, prod: 0.043800, t_ads: 96.2, t_des: 96.1, bed_util_ads: 0.481, bed_util_des: 0.480, des_th: 0.4802365194821736,frac_lost: 0.107, li_recovered:  8.420, time: 0.006269668998356792
L: 13.68, u_super: 0.00522 — INFEASIBLE (li_recovered=0.000e+00), time: 0.0032943149999482557
L: 0.50, u_super: 0.00054, sec: 30.459, prod: 0.010960, t_ads: 340.4, t_des: 324.4, bed_util_ads: 0.465, bed_util_des: 0.462, des_th: 0.4625428117930229,frac_lost: 0.105, li_recovered:  7.286, time: 0.005524422998860246
L: 0.50, u_super: 0.00892, sec: 513.612, prod: 0.201962, t_ads: 21.9, t_des: 19.9, bed_util_ads: 0.500, bed_util_des: 0.500, des_th: 0.49957477179810694,frac_lost: 0.106, li_recovered:  8.455, time: 0.006448334001106559
L: 0.50, u_super: 0.00461, sec: 252.582, prod: 0.103994, t_ads: 42.1, t_des: 38.5, bed_util_ads: 0.497, bed_util_des: 0.497, des_th: 0.4966414424375499,frac_lost: 0.104, li_recovered:  8.379, time: 0.006143426000562613
L: 0.50, u_super: 0.00813, sec: 464.564, prod: 0.183998, t_ads: 24.1, t_des: 21.8, bed_util_ads: 0.499, bed_util_des: 0.499, des_th: 0.49853800998650816,frac_lost: 0.107, li_recovered:  8.443, time: 0.007423776998621179
L: 0.50, u_super: 0.00945, sec: 549.622, prod: 0.213267, t_ads: 20.7, t_des: 19.6, bed_util_ads: 0.494, bed_util_des: 0.494, des_th: 0.4935364006875801,frac_lost: 0.104, li_recovered:  8.586, time: 0.005905553000047803
L: 0.50, u_super: 0.00739, sec: 418.317, prod: 0.167199, t_ads: 26.4, t_des: 24.1, bed_util_ads: 0.498, bed_util_des: 0.498, des_th: 0.49760645216066945,frac_lost: 0.106, li_recovered:  8.442, time: 0.0062492529996234225
L: 0.50, u_super: 0.00860, sec: 494.188, prod: 0.194703, t_ads: 22.8, t_des: 20.6, bed_util_ads: 0.499, bed_util_des: 0.499, des_th: 0.4987205154444333,frac_lost: 0.107, li_recovered:  8.443, time: 0.007598144000439788
L: 0.50, u_super: 0.00086, sec: 47.397, prod: 0.018405, t_ads: 217.7, t_des: 209.0, bed_util_ads: 0.475, bed_util_des: 0.473, des_th: 0.4730271757509509,frac_lost: 0.106, li_recovered:  7.854, time: 0.005230647999269422
L: 0.50, u_super: 0.00753, sec: 425.776, prod: 0.170904, t_ads: 25.7, t_des: 23.3, bed_util_ads: 0.499, bed_util_des: 0.499, des_th: 0.4986690184698872,frac_lost: 0.100, li_recovered:  8.389, time: 0.00631751500077371
L: 0.50, u_super: 0.00301, sec: 162.060, prod: 0.067525, t_ads: 63.9, t_des: 59.1, bed_util_ads: 0.493, bed_util_des: 0.492, des_th: 0.4923879721115445,frac_lost: 0.100, li_recovered:  8.305, time: 0.005512509000254795
L: 0.50, u_super: 0.00910, sec: 526.872, prod: 0.205567, t_ads: 21.5, t_des: 20.2, bed_util_ads: 0.496, bed_util_des: 0.496, des_th: 0.4956270858858349,frac_lost: 0.106, li_recovered:  8.562, time: 0.006415742000172031
L: 7.53, u_super: 0.00461 — INFEASIBLE (li_recovered=0.000e+00), time: 0.0026062209999508923
L: 0.50, u_super: 0.00419, sec: 228.392, prod: 0.094155, t_ads: 46.4, t_des: 41.9, bed_util_ads: 0.498, bed_util_des: 0.497, des_th: 0.4974656191226723,frac_lost: 0.105, li_recovered:  8.313, time: 0.009031967998453183
L: 0.50, u_super: 0.00617, sec: 343.241, prod: 0.139673, t_ads: 31.4, t_des: 28.5, bed_util_ads: 0.499, bed_util_des: 0.499, des_th: 0.49854555607250045,frac_lost: 0.101, li_recovered:  8.371, time: 0.009651894999478827
L: 0.50, u_super: 0.00894, sec: 514.898, prod: 0.202542, t_ads: 21.9, t_des: 19.8, bed_util_ads: 0.499, bed_util_des: 0.499, des_th: 0.49928623744835604,frac_lost: 0.105, li_recovered:  8.442, time: 0.005569013999775052
L: 0.75, u_super: 0.00907, sec: 790.512, prod: 0.205191, t_ads: 32.2, t_des: 28.8, bed_util_ads: 0.500, bed_util_des: 0.499, des_th: 0.49942132725883337,frac_lost: 0.100, li_recovered:  12.508, time: 0.0068522910005413
L: 0.50, u_super: 0.00005, sec: 4.327, prod: 0.000669, t_ads: 3484.9, t_des: 6111.0, bed_util_ads: 0.250, bed_util_des: 0.179, des_th: 0.17960964068357957,frac_lost: 0.102, li_recovered:  6.420, time: 0.009029278999150847
L: 0.50, u_super: 0.00654, sec: 365.885, prod: 0.148110, t_ads: 29.6, t_des: 26.5, bed_util_ads: 0.500, bed_util_des: 0.500, des_th: 0.4998372321594059,frac_lost: 0.100, li_recovered:  8.313, time: 0.007552680999651784
L: 21.77, u_super: 0.00259 — INFEASIBLE (li_recovered=0.000e+00), time: 0.0011811149997811299
L: 0.50, u_super: 0.00357, sec: 193.581, prod: 0.079921, t_ads: 54.5, t_des: 48.7, bed_util_ads: 0.498, bed_util_des: 0.497, des_th: 0.4974033886754291,frac_lost: 0.106, li_recovered:  8.247, time: 0.0066339099994365824
L: 0.50, u_super: 0.00918, sec: 530.704, prod: 0.207927, t_ads: 21.3, t_des: 19.3, bed_util_ads: 0.499, bed_util_des: 0.499, des_th: 0.4992989664220044,frac_lost: 0.106, li_recovered:  8.445, time: 0.006518027999845799
L: 0.50, u_super: 0.00581, sec: 322.140, prod: 0.131376, t_ads: 33.4, t_des: 30.3, bed_util_ads: 0.498, bed_util_des: 0.498, des_th: 0.4977224735162169,frac_lost: 0.102, li_recovered:  8.366, time: 0.005901855000047362
L: 0.50, u_super: 0.00990, sec: 576.657, prod: 0.224559, t_ads: 19.7, t_des: 17.9, bed_util_ads: 0.500, bed_util_des: 0.499, des_th: 0.49942887331297253,frac_lost: 0.104, li_recovered:  8.447, time: 0.00853623399962089
L: 6.02, u_super: 0.00260 — INFEASIBLE (li_recovered=0.000e+00), time: 0.002387393000390148
L: 0.50, u_super: 0.00668, sec: 464.338, prod: 0.121740, t_ads: 29.3, t_des: 42.2, bed_util_ads: 0.441, bed_util_des: 0.440, des_th: 0.43984207886663984,frac_lost: 0.106, li_recovered:  8.703, time: 0.007920297000964638
L: 0.50, u_super: 0.00048, sec: 108.526, prod: 0.002512, t_ads: 409.3, t_des: 3079.8, bed_util_ads: 0.231, bed_util_des: 0.192, des_th: 0.19217924197023223,frac_lost: 0.103, li_recovered:  8.766, time: 0.02862766799989913
L: 23.45, u_super: 0.00327 — INFEASIBLE (li_recovered=0.000e+00), time: 0.0016383860001951689
L: 0.50, u_super: 0.00674, sec: 378.818, prod: 0.152096, t_ads: 29.1, t_des: 26.4, bed_util_ads: 0.498, bed_util_des: 0.498, des_th: 0.49760645216066945,frac_lost: 0.109, li_recovered:  8.441, time: 0.008143506000124034
L: 0.50, u_super: 0.00049, sec: 28.034, prod: 0.009790, t_ads: 371.1, t_des: 348.5, bed_util_ads: 0.463, bed_util_des: 0.461, des_th: 0.46087989549484837,frac_lost: 0.104, li_recovered:  7.045, time: 0.008998035000331583
L: 0.50, u_super: 0.00628, sec: 350.146, prod: 0.142080, t_ads: 30.9, t_des: 28.0, bed_util_ads: 0.499, bed_util_des: 0.499, des_th: 0.4986690184698872,frac_lost: 0.103, li_recovered:  8.368, time: 0.0087742169998819
L: 0.50, u_super: 0.00496, sec: 272.295, prod: 0.111807, t_ads: 39.2, t_des: 35.4, bed_util_ads: 0.498, bed_util_des: 0.498, des_th: 0.49776835018584953,frac_lost: 0.103, li_recovered:  8.341, time: 0.008523599999534781
L: 32.82, u_super: 0.00530 — INFEASIBLE (li_recovered=0.000e+00), time: 0.001237997999851359
L: 0.50, u_super: 0.00725, sec: 410.029, prod: 0.163910, t_ads: 27.0, t_des: 24.2, bed_util_ads: 0.500, bed_util_des: 0.500, des_th: 0.49991609553283917,frac_lost: 0.107, li_recovered:  8.388, time: 0.00907261299835227
L: 0.50, u_super: 0.00548, sec: 302.845, prod: 0.123772, t_ads: 35.4, t_des: 31.7, bed_util_ads: 0.500, bed_util_des: 0.500, des_th: 0.4998372321594059,frac_lost: 0.102, li_recovered:  8.307, time: 0.009802646000025561
L: 0.50, u_super: 0.00990, sec: 576.444, prod: 0.224421, t_ads: 19.7, t_des: 18.2, bed_util_ads: 0.498, bed_util_des: 0.498, des_th: 0.49800410747840673,frac_lost: 0.104, li_recovered:  8.500, time: 0.0064085639987752074
L: 32.34, u_super: 0.00217 — INFEASIBLE (li_recovered=0.000e+00), time: 0.001390250999975251
L: 21.75, u_super: 0.00762 — INFEASIBLE (li_recovered=0.000e+00), time: 0.002417817999230465
L: 0.50, u_super: 0.00883, sec: 508.330, prod: 0.199850, t_ads: 22.2, t_des: 20.1, bed_util_ads: 0.499, bed_util_des: 0.499, des_th: 0.49871952692749555,frac_lost: 0.107, li_recovered:  8.449, time: 0.005632931999571156
   465 |    18600 |     40 |  0.0036088828 |             f
L: 2.08, u_super: 0.00408, sec: 983.932, prod: 0.086078, t_ads: 191.4, t_des: 164.1, bed_util_ads: 0.491, bed_util_des: 0.490, des_th: 0.49049406956553515,frac_lost: 0.105, li_recovered:  30.608, time: 0.005572385000050417
L: 0.50, u_super: 0.00361, sec: 195.756, prod: 0.080839, t_ads: 53.9, t_des: 48.2, bed_util_ads: 0.498, bed_util_des: 0.497, des_th: 0.4974033886754291,frac_lost: 0.106, li_recovered:  8.252, time: 0.008064654999543563
L: 0.50, u_super: 0.00789, sec: 447.863, prod: 0.178918, t_ads: 24.6, t_des: 22.2, bed_util_ads: 0.499, bed_util_des: 0.499, des_th: 0.4986668192217013,frac_lost: 0.101, li_recovered:  8.382, time: 0.008031159999518422
L: 0.50, u_super: 0.00538, sec: 298.103, prod: 0.121175, t_ads: 36.1, t_des: 34.3, bed_util_ads: 0.492, bed_util_des: 0.491, des_th: 0.49143419939524063,frac_lost: 0.103, li_recovered:  8.522, time: 0.007555153999419417
L: 0.50, u_super: 0.00007 — INFEASIBLE (li_recovered=0.000e+00), time: 0.0024019789998419583
L: 0.50, u_super: 0.00301, sec: 162.251, prod: 0.067446, t_ads: 64.1, t_des: 58.4, bed_util_ads: 0.495, bed_util_des: 0.495, des_th: 0.49457327208911517,frac_lost: 0.103, li_recovered:  8.265, time: 0.008540934999473393
L: 0.50, u_super: 0.00448, sec: 267.822, prod: 0.092357, t_ads: 43.3, t_des: 50.3, bed_util_ads: 0.466, bed_util_des: 0.465, des_th: 0.4649975673706386,frac_lost: 0.102, li_recovered:  8.643, time: 0.010237022999717738
L: 17.30, u_super: 0.00801 — INFEASIBLE (li_recovered=0.000e+00), time: 0.0021980809997330653
L: 6.26, u_super: 0.00912 — INFEASIBLE (li_recovered=0.000e+00), time: 0.003973171000325237
L: 0.50, u_super: 0.00951, sec: 551.600, prod: 0.215688, t_ads: 20.5, t_des: 18.7, bed_util_ads: 0.500, bed_util_des: 0.500, des_th: 0.49978910104047075,frac_lost: 0.105, li_recovered:  8.453, time: 0.008145546999003273
L: 0.50, u_super: 0.00084 — INFEASIBLE (li_recovered=0.000e+00), time: 0.005283887998302816
L: 0.50, u_super: 0.00861, sec: 492.921, prod: 0.195429, t_ads: 22.6, t_des: 20.4, bed_util_ads: 0.500, bed_util_des: 0.500, des_th: 0.499687307864347,frac_lost: 0.100, li_recovered:  8.386, time: 0.009844187001363025
L: 0.50, u_super: 0.00327, sec: 177.509, prod: 0.073135, t_ads: 59.0, t_des: 51.8, bed_util_ads: 0.500, bed_util_des: 0.500, des_th: 0.49987744513949234,frac_lost: 0.102, li_recovered:  8.102, time: 0.007200526000815444
L: 0.50, u_super: 0.00797, sec: 453.151, prod: 0.180889, t_ads: 24.4, t_des: 22.2, bed_util_ads: 0.499, bed_util_des: 0.499, des_th: 0.4986690184698872,frac_lost: 0.101, li_recovered:  8.428, time: 0.008193206000214559
L: 0.50, u_super: 0.00725, sec: 410.029, prod: 0.163910, t_ads: 27.0, t_des: 24.2, bed_util_ads: 0.500, bed_util_des: 0.500, des_th: 0.49991609553283917,frac_lost: 0.107, li_recovered:  8.388, time: 0.012701225001364946
L: 6.08, u_super: 0.00628 — INFEASIBLE (li_recovered=0.000e+00), time: 0.005444439999337192
L: 0.50, u_super: 0.00759, sec: 432.980, prod: 0.170528, t_ads: 25.8, t_des: 24.6, bed_util_ads: 0.493, bed_util_des: 0.492, des_th: 0.492386088910528,frac_lost: 0.107, li_recovered:  8.588, time: 0.006846008000138681
L: 0.50, u_super: 0.00857, sec: 492.023, prod: 0.194151, t_ads: 22.8, t_des: 20.7, bed_util_ads: 0.499, bed_util_des: 0.499, des_th: 0.49854555607250045,frac_lost: 0.106, li_recovered:  8.441, time: 0.007877822999944328
L: 0.50, u_super: 0.00663, sec: 487.138, prod: 0.114443, t_ads: 29.4, t_des: 46.6, bed_util_ads: 0.429, bed_util_des: 0.428, des_th: 0.4277921529987508,frac_lost: 0.104, li_recovered:  8.705, time: 0.007356801999776508
L: 0.50, u_super: 0.00930, sec: 538.605, prod: 0.210741, t_ads: 21.0, t_des: 19.3, bed_util_ads: 0.498, bed_util_des: 0.498, des_th: 0.49788044603622905,frac_lost: 0.106, li_recovered:  8.493, time: 0.006160246000945335
L: 0.50, u_super: 0.00744, sec: 420.229, prod: 0.168462, t_ads: 26.1, t_des: 23.3, bed_util_ads: 0.500, bed_util_des: 0.500, des_th: 0.499986425533644,frac_lost: 0.101, li_recovered:  8.327, time: 0.005784234001112054
L: 0.50, u_super: 0.00628, sec: 350.146, prod: 0.142080, t_ads: 30.9, t_des: 28.0, bed_util_ads: 0.499, bed_util_des: 0.499, des_th: 0.4986690184698872,frac_lost: 0.103, li_recovered:  8.368, time: 0.006239505999474204
L: 0.50, u_super: 0.00860, sec: 494.307, prod: 0.194656, t_ads: 22.8, t_des: 20.6, bed_util_ads: 0.499, bed_util_des: 0.499, des_th: 0.4987227146926192,frac_lost: 0.108, li_recovered:  8.444, time: 0.005371068000386003
L: 0.50, u_super: 0.00333, sec: 179.803, prod: 0.074855, t_ads: 57.8, t_des: 52.8, bed_util_ads: 0.495, bed_util_des: 0.495, des_th: 0.495209971700569,frac_lost: 0.100, li_recovered:  8.282, time: 0.005455202999655739
L: 0.50, u_super: 0.00278, sec: 1180.387, prod: 0.007896, t_ads: 70.7, t_des: 1042.5, bed_util_ads: 0.194, bed_util_des: 0.185, des_th: 0.1851696623157332,frac_lost: 0.104, li_recovered:  8.790, time: 0.037349129999711295
L: 0.50, u_super: 0.00025, sec: 36.248, prod: 0.001945, t_ads: 794.8, t_des: 3598.8, bed_util_ads: 0.256, bed_util_des: 0.202, des_th: 0.20227400365144824,frac_lost: 0.100, li_recovered:  8.547, time: 0.013964726000267547
L: 0.50, u_super: 0.00188, sec: 102.611, prod: 0.041054, t_ads: 101.6, t_des: 86.7, bed_util_ads: 0.499, bed_util_des: 0.499, des_th: 0.49854555607250045,frac_lost: 0.102, li_recovered:  7.731, time: 0.00633567899967602
L: 0.50, u_super: 0.00990, sec: 576.996, prod: 0.224383, t_ads: 19.8, t_des: 17.9, bed_util_ads: 0.500, bed_util_des: 0.499, des_th: 0.49942056607537144,frac_lost: 0.106, li_recovered:  8.455, time: 0.00499179600046773
L: 0.50, u_super: 0.00355, sec: 192.380, prod: 0.079442, t_ads: 54.9, t_des: 49.6, bed_util_ads: 0.497, bed_util_des: 0.497, des_th: 0.49664026649941384,frac_lost: 0.108, li_recovered:  8.303, time: 0.005690698999387678
L: 0.50, u_super: 0.00274, sec: 153.407, prod: 0.058805, t_ads: 70.3, t_des: 74.8, bed_util_ads: 0.474, bed_util_des: 0.473, des_th: 0.4730271757509509,frac_lost: 0.101, li_recovered:  8.537, time: 0.004753101000460447
L: 0.50, u_super: 0.00673, sec: 378.623, prod: 0.151953, t_ads: 29.1, t_des: 26.7, bed_util_ads: 0.498, bed_util_des: 0.498, des_th: 0.49760645216066945,frac_lost: 0.109, li_recovered:  8.471, time: 0.004970899999534595
L: 0.50, u_super: 0.00137, sec: 76.339, prod: 0.029145, t_ads: 137.7, t_des: 114.1, bed_util_ads: 0.499, bed_util_des: 0.499, des_th: 0.4985991652254188,frac_lost: 0.100, li_recovered:  7.338, time: 0.004625629999281955
L: 0.50, u_super: 0.00043 — INFEASIBLE (li_recovered=0.000e+00), time: 0.0024759039988566656
L: 0.50, u_super: 0.00957, sec: 578.927, prod: 0.208316, t_ads: 20.4, t_des: 21.4, bed_util_ads: 0.481, bed_util_des: 0.480, des_th: 0.4802869251891844,frac_lost: 0.104, li_recovered:  8.702, time: 0.008202789000279154
L: 0.50, u_super: 0.00146, sec: 80.144, prod: 0.031348, t_ads: 130.9, t_des: 110.7, bed_util_ads: 0.498, bed_util_des: 0.498, des_th: 0.4979905868410817,frac_lost: 0.106, li_recovered:  7.576, time: 0.0045446589992934605
L: 0.50, u_super: 0.00301, sec: 163.056, prod: 0.067113, t_ads: 64.1, t_des: 56.3, bed_util_ads: 0.499, bed_util_des: 0.499, des_th: 0.4986705511088545,frac_lost: 0.103, li_recovered:  8.081, time: 0.0064110340008483035
L: 0.50, u_super: 0.00522, sec: 287.459, prod: 0.117979, t_ads: 37.1, t_des: 33.6, bed_util_ads: 0.498, bed_util_des: 0.497, des_th: 0.4974033886754291,frac_lost: 0.101, li_recovered:  8.346, time: 0.0047530609990644734
L: 0.50, u_super: 0.00013, sec: 14.841, prod: 0.001287, t_ads: 1526.0, t_des: 4926.5, bed_util_ads: 0.257, bed_util_des: 0.185, des_th: 0.1851696623157332,frac_lost: 0.104, li_recovered:  8.305, time: 0.012015710999548901
L: 0.50, u_super: 0.00151, sec: 81.864, prod: 0.033038, t_ads: 126.5, t_des: 112.1, bed_util_ads: 0.493, bed_util_des: 0.492, des_th: 0.49218406977897905,frac_lost: 0.106, li_recovered:  7.885, time: 0.005288872000164702
L: 0.50, u_super: 0.00725, sec: 408.539, prod: 0.164508, t_ads: 26.7, t_des: 24.2, bed_util_ads: 0.499, bed_util_des: 0.499, des_th: 0.4988922954082428,frac_lost: 0.100, li_recovered:  8.381, time: 0.006346934998873621
   466 |    18640 |     40 |  0.0019896453 |             f
L: 0.50, u_super: 0.00049 — INFEASIBLE (li_recovered=0.000e+00), time: 0.004064103999553481
L: 0.50, u_super: 0.00919, sec: 530.949, prod: 0.208152, t_ads: 21.3, t_des: 19.3, bed_util_ads: 0.499, bed_util_des: 0.499, des_th: 0.4992989664220044,frac_lost: 0.106, li_recovered:  8.445, time: 0.006893863999721361
L: 0.50, u_super: 0.00910, sec: 525.053, prod: 0.206162, t_ads: 21.5, t_des: 19.5, bed_util_ads: 0.499, bed_util_des: 0.499, des_th: 0.49854555607250045,frac_lost: 0.105, li_recovered:  8.444, time: 0.007624125999427633
L: 0.50, u_super: 0.00569, sec: 326.369, prod: 0.124042, t_ads: 34.4, t_des: 35.4, bed_util_ads: 0.483, bed_util_des: 0.482, des_th: 0.48208685095126796,frac_lost: 0.108, li_recovered:  8.656, time: 0.008133371999065275
L: 0.50, u_super: 0.00582, sec: 329.032, prod: 0.128983, t_ads: 33.4, t_des: 33.5, bed_util_ads: 0.486, bed_util_des: 0.486, des_th: 0.4860021244535417,frac_lost: 0.103, li_recovered:  8.627, time: 0.0061759470008837525
L: 15.03, u_super: 0.00086 — INFEASIBLE (li_recovered=0.000e+00), time: 0.001042473999405047
L: 0.50, u_super: 0.00864, sec: 496.672, prod: 0.195435, t_ads: 22.7, t_des: 20.5, bed_util_ads: 0.499, bed_util_des: 0.499, des_th: 0.4991235532420663,frac_lost: 0.108, li_recovered:  8.441, time: 0.0061996489985176595
L: 0.50, u_super: 0.00951, sec: 552.083, prod: 0.215500, t_ads: 20.6, t_des: 18.7, bed_util_ads: 0.500, bed_util_des: 0.500, des_th: 0.4997542124222431,frac_lost: 0.106, li_recovered:  8.456, time: 0.006205127998327953
L: 0.50, u_super: 0.00270, sec: 146.050, prod: 0.059818, t_ads: 71.4, t_des: 62.1, bed_util_ads: 0.499, bed_util_des: 0.499, des_th: 0.4993019240290324,frac_lost: 0.102, li_recovered:  7.988, time: 0.007423418001053506
L: 0.50, u_super: 0.00522, sec: 287.930, prod: 0.117786, t_ads: 37.1, t_des: 34.8, bed_util_ads: 0.493, bed_util_des: 0.493, des_th: 0.4928504749752261,frac_lost: 0.102, li_recovered:  8.479, time: 0.00759430400103156
L: 54.58, u_super: 0.00551 — INFEASIBLE (li_recovered=0.000e+00), time: 0.0012401819985825568
L: 0.50, u_super: 0.00614, sec: 341.437, prod: 0.138962, t_ads: 31.6, t_des: 28.7, bed_util_ads: 0.498, bed_util_des: 0.498, des_th: 0.4982517961490997,frac_lost: 0.101, li_recovered:  8.375, time: 0.006546955999510828
L: 0.50, u_super: 0.00178, sec: 104.346, prod: 0.036090, t_ads: 107.5, t_des: 126.6, bed_util_ads: 0.459, bed_util_des: 0.457, des_th: 0.4566612063046742,frac_lost: 0.101, li_recovered:  8.448, time: 0.007688936999329599
L: 1.59, u_super: 0.00990, sec: 1863.110, prod: 0.220661, t_ads: 62.0, t_des: 54.4, bed_util_ads: 0.500, bed_util_des: 0.499, des_th: 0.49942132725883337,frac_lost: 0.104, li_recovered:  25.683, time: 0.0054653980005241465
L: 0.50, u_super: 0.00814, sec: 464.956, prod: 0.184044, t_ads: 24.1, t_des: 21.8, bed_util_ads: 0.499, bed_util_des: 0.498, des_th: 0.49842957674425914,frac_lost: 0.108, li_recovered:  8.445, time: 0.007049990999803413
L: 0.50, u_super: 0.00647, sec: 361.615, prod: 0.146408, t_ads: 30.0, t_des: 27.1, bed_util_ads: 0.499, bed_util_des: 0.499, des_th: 0.4987322670394134,frac_lost: 0.103, li_recovered:  8.367, time: 0.007555422000223189
L: 0.50, u_super: 0.00390, sec: 211.944, prod: 0.087487, t_ads: 49.8, t_des: 44.6, bed_util_ads: 0.498, bed_util_des: 0.498, des_th: 0.49776062471369836,frac_lost: 0.105, li_recovered:  8.265, time: 0.00680549900062033
L: 0.50, u_super: 0.00461, sec: 388.670, prod: 0.067346, t_ads: 42.4, t_des: 86.7, bed_util_ads: 0.397, bed_util_des: 0.395, des_th: 0.3946425603366587,frac_lost: 0.105, li_recovered:  8.694, time: 0.010318607000954216
L: 0.50, u_super: 0.00969, sec: 639.857, prod: 0.193309, t_ads: 20.2, t_des: 24.9, bed_util_ads: 0.460, bed_util_des: 0.460, des_th: 0.4596457918236089,frac_lost: 0.104, li_recovered:  8.718, time: 0.00908120700114523
L: 0.50, u_super: 0.00154, sec: 83.169, prod: 0.033651, t_ads: 124.3, t_des: 110.4, bed_util_ads: 0.494, bed_util_des: 0.493, des_th: 0.4932246145542934,frac_lost: 0.105, li_recovered:  7.897, time: 0.005729074000555556
L: 0.50, u_super: 0.00011, sec: 11.367, prod: 0.001183, t_ads: 1780.5, t_des: 5017.5, bed_util_ads: 0.258, bed_util_des: 0.185, des_th: 0.1851696623157332,frac_lost: 0.100, li_recovered:  8.045, time: 0.011163685001520207
L: 0.50, u_super: 0.00495, sec: 272.383, prod: 0.111673, t_ads: 39.3, t_des: 35.4, bed_util_ads: 0.499, bed_util_des: 0.499, des_th: 0.49868908049390953,frac_lost: 0.105, li_recovered:  8.334, time: 0.005471982000017306
L: 0.50, u_super: 0.00815, sec: 464.036, prod: 0.184993, t_ads: 23.8, t_des: 21.5, bed_util_ads: 0.500, bed_util_des: 0.500, des_th: 0.499687307864347,frac_lost: 0.100, li_recovered:  8.385, time: 0.009016440000777948
L: 0.50, u_super: 0.00556, sec: 307.131, prod: 0.125573, t_ads: 34.9, t_des: 31.3, bed_util_ads: 0.499, bed_util_des: 0.499, des_th: 0.49854555607250045,frac_lost: 0.101, li_recovered:  8.309, time: 0.007416680000460474
L: 2.17, u_super: 0.00564, sec: 1437.849, prod: 0.120017, t_ads: 146.3, t_des: 122.6, bed_util_ads: 0.498, bed_util_des: 0.498, des_th: 0.4977208976320643,frac_lost: 0.105, li_recovered:  32.272, time: 0.007570861998829059
L: 0.50, u_super: 0.00549, sec: 303.664, prod: 0.123870, t_ads: 35.3, t_des: 33.2, bed_util_ads: 0.494, bed_util_des: 0.493, des_th: 0.4933823172946108,frac_lost: 0.102, li_recovered:  8.494, time: 0.007161939000070561
L: 0.50, u_super: 0.00005, sec: 4.332, prod: 0.000668, t_ads: 3401.7, t_des: 5778.0, bed_util_ads: 0.251, bed_util_des: 0.185, des_th: 0.18506140174491942,frac_lost: 0.100, li_recovered:  6.134, time: 0.006860481000330765
L: 0.50, u_super: 0.00006 — INFEASIBLE (li_recovered=0.000e+00), time: 0.0014467529999819817
L: 0.50, u_super: 0.00419, sec: 228.392, prod: 0.094155, t_ads: 46.4, t_des: 41.9, bed_util_ads: 0.498, bed_util_des: 0.497, des_th: 0.4974656191226723,frac_lost: 0.105, li_recovered:  8.313, time: 0.005189412999243359
L: 0.50, u_super: 0.00301, sec: 162.486, prod: 0.067348, t_ads: 64.3, t_des: 59.8, bed_util_ads: 0.493, bed_util_des: 0.492, des_th: 0.4925037616192849,frac_lost: 0.105, li_recovered:  8.358, time: 0.00649321300079464
L: 0.50, u_super: 0.00654, sec: 365.854, prod: 0.148122, t_ads: 29.6, t_des: 26.5, bed_util_ads: 0.500, bed_util_des: 0.500, des_th: 0.4998372321594059,frac_lost: 0.100, li_recovered:  8.312, time: 0.006591675000890973
L: 0.50, u_super: 0.00988, sec: 575.180, prod: 0.224063, t_ads: 19.7, t_des: 17.7, bed_util_ads: 0.500, bed_util_des: 0.500, des_th: 0.49970015559820896,frac_lost: 0.103, li_recovered:  8.395, time: 0.0059026510007242905
L: 0.50, u_super: 0.00479, sec: 262.581, prod: 0.107821, t_ads: 40.6, t_des: 36.7, bed_util_ads: 0.498, bed_util_des: 0.498, des_th: 0.4978717510286833,frac_lost: 0.105, li_recovered:  8.339, time: 0.005539227000554092
L: 0.50, u_super: 0.00089, sec: 48.608, prod: 0.018942, t_ads: 211.9, t_des: 203.5, bed_util_ads: 0.475, bed_util_des: 0.473, des_th: 0.4730271757509509,frac_lost: 0.105, li_recovered:  7.870, time: 0.005461808999825735
L: 7.79, u_super: 0.00918 — INFEASIBLE (li_recovered=0.000e+00), time: 0.003926666999177542
L: 0.50, u_super: 0.00495, sec: 271.974, prod: 0.111841, t_ads: 39.2, t_des: 35.9, bed_util_ads: 0.497, bed_util_des: 0.497, des_th: 0.4966081998519098,frac_lost: 0.102, li_recovered:  8.395, time: 0.005164255000636331
L: 0.50, u_super: 0.00190, sec: 102.816, prod: 0.041571, t_ads: 100.7, t_des: 87.2, bed_util_ads: 0.497, bed_util_des: 0.497, des_th: 0.49724408691544464,frac_lost: 0.101, li_recovered:  7.812, time: 0.00487528099984047
L: 0.50, u_super: 0.00970, sec: 563.625, prod: 0.219806, t_ads: 20.2, t_des: 18.3, bed_util_ads: 0.500, bed_util_des: 0.499, des_th: 0.49942132725883337,frac_lost: 0.105, li_recovered:  8.454, time: 0.00511369800005923
L: 0.50, u_super: 0.00951, sec: 551.644, prod: 0.215671, t_ads: 20.5, t_des: 18.7, bed_util_ads: 0.499, bed_util_des: 0.499, des_th: 0.4992954963784686,frac_lost: 0.105, li_recovered:  8.457, time: 0.005704039000193006
L: 0.50, u_super: 0.00526, sec: 290.022, prod: 0.118828, t_ads: 36.9, t_des: 33.5, bed_util_ads: 0.498, bed_util_des: 0.498, des_th: 0.49776344157400804,frac_lost: 0.103, li_recovered:  8.362, time: 0.006636781999986852
   467 |    18680 |     40 |  0.0035186402 |             f
L: 23.11, u_super: 0.00985, sec: 79991.532, prod: 0.074088, t_ads: 931.6, t_des: 4461.3, bed_util_ads: 0.246, bed_util_des: 0.184, des_th: 0.18452396741203916,frac_lost: 0.103, li_recovered:  399.547, time: 0.020226919999913662
L: 0.99, u_super: 0.00809, sec: 979.591, prod: 0.170020, t_ads: 47.4, t_des: 52.7, bed_util_ads: 0.471, bed_util_des: 0.471, des_th: 0.470698575521038,frac_lost: 0.104, li_recovered:  17.019, time: 0.006778536000638269
L: 0.50, u_super: 0.00628, sec: 389.600, prod: 0.127692, t_ads: 30.9, t_des: 37.1, bed_util_ads: 0.462, bed_util_des: 0.462, des_th: 0.4618550023068036,frac_lost: 0.100, li_recovered:  8.679, time: 0.008635442000013427
L: 0.50, u_super: 0.00701, sec: 590.891, prod: 0.105834, t_ads: 27.8, t_des: 54.5, bed_util_ads: 0.403, bed_util_des: 0.402, des_th: 0.40185850417228397,frac_lost: 0.103, li_recovered:  8.718, time: 0.008232494999901974
L: 0.50, u_super: 0.00493, sec: 270.874, prod: 0.111260, t_ads: 39.4, t_des: 36.0, bed_util_ads: 0.497, bed_util_des: 0.497, des_th: 0.4967059100845428,frac_lost: 0.104, li_recovered:  8.393, time: 0.006004392998875119
L: 0.50, u_super: 0.00377, sec: 204.622, prod: 0.084493, t_ads: 51.7, t_des: 46.7, bed_util_ads: 0.498, bed_util_des: 0.497, des_th: 0.4974033886754291,frac_lost: 0.107, li_recovered:  8.309, time: 0.005964957001197035
L: 0.50, u_super: 0.00419, sec: 228.779, prod: 0.093996, t_ads: 46.5, t_des: 43.4, bed_util_ads: 0.493, bed_util_des: 0.493, des_th: 0.493128131007648,frac_lost: 0.106, li_recovered:  8.450, time: 0.005303329999151174
L: 0.50, u_super: 0.00726, sec: 410.193, prod: 0.164002, t_ads: 27.0, t_des: 24.5, bed_util_ads: 0.499, bed_util_des: 0.499, des_th: 0.498893864854499,frac_lost: 0.107, li_recovered:  8.439, time: 0.0052708240000356454
L: 0.50, u_super: 0.00087, sec: 48.320, prod: 0.018529, t_ads: 212.8, t_des: 190.1, bed_util_ads: 0.484, bed_util_des: 0.483, des_th: 0.48332790941086146,frac_lost: 0.100, li_recovered:  7.464, time: 0.005502378000528552
L: 0.50, u_super: 0.00752, sec: 442.856, prod: 0.163873, t_ads: 26.1, t_des: 26.9, bed_util_ads: 0.483, bed_util_des: 0.482, des_th: 0.48250814052165486,frac_lost: 0.108, li_recovered:  8.686, time: 0.006302656000116258
L: 27.49, u_super: 0.00741 — INFEASIBLE (li_recovered=0.000e+00), time: 0.0025719570003275294
L: 0.50, u_super: 0.00115, sec: 63.436, prod: 0.024430, t_ads: 165.4, t_des: 170.4, bed_util_ads: 0.471, bed_util_des: 0.469, des_th: 0.46876819803443065,frac_lost: 0.104, li_recovered:  8.204, time: 0.007006079000348109
L: 29.59, u_super: 0.00361 — INFEASIBLE (li_recovered=0.000e+00), time: 0.0014328699999168748
L: 0.50, u_super: 0.00910, sec: 525.248, prod: 0.206086, t_ads: 21.5, t_des: 19.2, bed_util_ads: 0.500, bed_util_des: 0.500, des_th: 0.49990782121668437,frac_lost: 0.105, li_recovered:  8.389, time: 0.0071855109999887645
L: 0.50, u_super: 0.00217, sec: 154.540, prod: 0.036221, t_ads: 89.8, t_des: 146.8, bed_util_ads: 0.419, bed_util_des: 0.415, des_th: 0.4154250810852008,frac_lost: 0.107, li_recovered:  8.572, time: 0.009768268999323482
L: 0.50, u_super: 0.00005, sec: 4.324, prod: 0.000670, t_ads: 3435.3, t_des: 5866.2, bed_util_ads: 0.253, bed_util_des: 0.184, des_th: 0.1851696623157332,frac_lost: 0.103, li_recovered:  6.228, time: 0.008071346999713569
L: 2.57, u_super: 0.00789, sec: 2430.276, prod: 0.169881, t_ads: 124.8, t_des: 105.2, bed_util_ads: 0.499, bed_util_des: 0.499, des_th: 0.49911812648218556,frac_lost: 0.106, li_recovered:  39.065, time: 0.006558781000421732
L: 0.50, u_super: 0.00800, sec: 456.074, prod: 0.180938, t_ads: 24.5, t_des: 22.0, bed_util_ads: 0.500, bed_util_des: 0.500, des_th: 0.49984667802471805,frac_lost: 0.107, li_recovered:  8.399, time: 0.006403474000762799
L: 0.50, u_super: 0.00582, sec: 322.445, prod: 0.131618, t_ads: 33.3, t_des: 30.2, bed_util_ads: 0.498, bed_util_des: 0.498, des_th: 0.4982775229258248,frac_lost: 0.101, li_recovered:  8.358, time: 0.0059033590005128644
L: 1.87, u_super: 0.00049 — INFEASIBLE (li_recovered=0.000e+00), time: 0.0023672020015510498
L: 0.50, u_super: 0.00009 — INFEASIBLE (li_recovered=0.000e+00), time: 0.0019527099993865704
L: 0.50, u_super: 0.00220, sec: 119.025, prod: 0.048443, t_ads: 87.9, t_des: 76.4, bed_util_ads: 0.499, bed_util_des: 0.499, des_th: 0.4992156424012393,frac_lost: 0.107, li_recovered:  7.957, time: 0.005219643000600627
L: 0.50, u_super: 0.00054 — INFEASIBLE (li_recovered=0.000e+00), time: 0.0029770010005449876
L: 0.50, u_super: 0.00143, sec: 77.608, prod: 0.031254, t_ads: 133.4, t_des: 118.6, bed_util_ads: 0.492, bed_util_des: 0.491, des_th: 0.4912563878605263,frac_lost: 0.106, li_recovered:  7.875, time: 0.004909684999802266
L: 0.50, u_super: 0.00860, sec: 493.881, prod: 0.194476, t_ads: 22.8, t_des: 20.7, bed_util_ads: 0.499, bed_util_des: 0.498, des_th: 0.49844784582828716,frac_lost: 0.108, li_recovered:  8.452, time: 0.006613605999518768
L: 0.50, u_super: 0.00943, sec: 546.832, prod: 0.213630, t_ads: 20.7, t_des: 18.9, bed_util_ads: 0.499, bed_util_des: 0.499, des_th: 0.49854555607250045,frac_lost: 0.106, li_recovered:  8.465, time: 0.007159496999520343
L: 0.50, u_super: 0.00244, sec: 131.837, prod: 0.054158, t_ads: 78.9, t_des: 69.4, bed_util_ads: 0.498, bed_util_des: 0.498, des_th: 0.497773672037626,frac_lost: 0.104, li_recovered:  8.033, time: 0.006987961000049836
L: 0.50, u_super: 0.00864, sec: 495.711, prod: 0.195655, t_ads: 22.6, t_des: 20.5, bed_util_ads: 0.499, bed_util_des: 0.499, des_th: 0.49912198379581013,frac_lost: 0.105, li_recovered:  8.440, time: 0.008142347000102745
L: 0.50, u_super: 0.00689, sec: 388.034, prod: 0.155715, t_ads: 28.4, t_des: 25.7, bed_util_ads: 0.499, bed_util_des: 0.499, des_th: 0.4986476698997531,frac_lost: 0.108, li_recovered:  8.427, time: 0.007868647999202949
L: 0.50, u_super: 0.00373, sec: 202.656, prod: 0.083501, t_ads: 51.8, t_des: 45.6, bed_util_ads: 0.500, bed_util_des: 0.500, des_th: 0.4999320349184046,frac_lost: 0.100, li_recovered:  8.126, time: 0.005232491001152084
L: 26.04, u_super: 0.00171 — INFEASIBLE (li_recovered=0.000e+00), time: 0.0020561269993777387
L: 0.50, u_super: 0.00990, sec: 645.766, prod: 0.200527, t_ads: 19.8, t_des: 23.7, bed_util_ads: 0.465, bed_util_des: 0.464, des_th: 0.46419794875186904,frac_lost: 0.106, li_recovered:  8.721, time: 0.008225099998526275
L: 0.50, u_super: 0.00759, sec: 429.440, prod: 0.171933, t_ads: 25.6, t_des: 23.4, bed_util_ads: 0.498, bed_util_des: 0.497, des_th: 0.49742841792707115,frac_lost: 0.103, li_recovered:  8.425, time: 0.007511439000154496
L: 0.50, u_super: 0.00701, sec: 394.111, prod: 0.158678, t_ads: 27.7, t_des: 24.8, bed_util_ads: 0.500, bed_util_des: 0.499, des_th: 0.499424068709459,frac_lost: 0.101, li_recovered:  8.325, time: 0.00670613200054504
L: 0.50, u_super: 0.00951, sec: 551.600, prod: 0.215688, t_ads: 20.5, t_des: 18.7, bed_util_ads: 0.500, bed_util_des: 0.500, des_th: 0.49978910104047075,frac_lost: 0.105, li_recovered:  8.453, time: 0.007698087998505798
L: 0.50, u_super: 0.00864, sec: 496.334, prod: 0.195355, t_ads: 22.7, t_des: 20.5, bed_util_ads: 0.499, bed_util_des: 0.499, des_th: 0.4986744452297679,frac_lost: 0.108, li_recovered:  8.443, time: 0.0068253959998401115
L: 0.50, u_super: 0.00434, sec: 239.101, prod: 0.096762, t_ads: 44.8, t_des: 43.5, bed_util_ads: 0.488, bed_util_des: 0.488, des_th: 0.48758345254529806,frac_lost: 0.105, li_recovered:  8.547, time: 0.0075021789998572785
L: 0.50, u_super: 0.00677, sec: 452.483, prod: 0.128515, t_ads: 28.9, t_des: 38.8, bed_util_ads: 0.449, bed_util_des: 0.448, des_th: 0.44840442394620955,frac_lost: 0.106, li_recovered:  8.700, time: 0.006442850999519578
L: 0.50, u_super: 0.00271, sec: 145.848, prod: 0.060710, t_ads: 70.9, t_des: 65.4, bed_util_ads: 0.493, bed_util_des: 0.493, des_th: 0.49296877081235213,frac_lost: 0.102, li_recovered:  8.278, time: 0.007036627999696066
L: 0.50, u_super: 0.00990, sec: 623.024, prod: 0.207819, t_ads: 19.7, t_des: 22.2, bed_util_ads: 0.472, bed_util_des: 0.472, des_th: 0.47204396368024637,frac_lost: 0.103, li_recovered:  8.714, time: 0.009841361001235782
   468 |    18720 |     40 |  0.0010921592 |             f
L: 0.50, u_super: 0.00594, sec: 358.093, prod: 0.123763, t_ads: 32.6, t_des: 37.4, bed_util_ads: 0.468, bed_util_des: 0.468, des_th: 0.46752414528207864,frac_lost: 0.100, li_recovered:  8.671, time: 0.008313955000630813
L: 0.50, u_super: 0.00143, sec: 78.425, prod: 0.030928, t_ads: 133.2, t_des: 114.1, bed_util_ads: 0.497, bed_util_des: 0.496, des_th: 0.4964358818416045,frac_lost: 0.106, li_recovered:  7.647, time: 0.010184042001128546
L: 0.50, u_super: 0.00816, sec: 465.848, prod: 0.184635, t_ads: 24.0, t_des: 21.8, bed_util_ads: 0.499, bed_util_des: 0.499, des_th: 0.49916655081159045,frac_lost: 0.106, li_recovered:  8.444, time: 0.007244522999826586
L: 0.50, u_super: 0.00944, sec: 591.024, prod: 0.198050, t_ads: 20.7, t_des: 23.3, bed_util_ads: 0.472, bed_util_des: 0.472, des_th: 0.47205279425052626,frac_lost: 0.105, li_recovered:  8.714, time: 0.008047363000514451
L: 0.50, u_super: 0.00658, sec: 502.962, prod: 0.108829, t_ads: 29.7, t_des: 50.3, bed_util_ads: 0.420, bed_util_des: 0.419, des_th: 0.4191808437985302,frac_lost: 0.104, li_recovered:  8.708, time: 0.009821846999329864
L: 0.50, u_super: 0.00687, sec: 384.978, prod: 0.155727, t_ads: 28.2, t_des: 25.9, bed_util_ads: 0.498, bed_util_des: 0.498, des_th: 0.49760648966661986,frac_lost: 0.100, li_recovered:  8.426, time: 0.00929986099981761
L: 0.50, u_super: 0.00335, sec: 183.586, prod: 0.074227, t_ads: 58.0, t_des: 56.8, bed_util_ads: 0.486, bed_util_des: 0.486, des_th: 0.48559472777761176,frac_lost: 0.107, li_recovered:  8.521, time: 0.009233104001395986
L: 23.19, u_super: 0.00910 — INFEASIBLE (li_recovered=0.000e+00), time: 0.003492903999358532
L: 0.50, u_super: 0.00990, sec: 577.063, prod: 0.224401, t_ads: 19.8, t_des: 17.9, bed_util_ads: 0.500, bed_util_des: 0.500, des_th: 0.499817173624475,frac_lost: 0.106, li_recovered:  8.452, time: 0.00912870499996643
L: 0.50, u_super: 0.00549, sec: 302.973, prod: 0.124152, t_ads: 35.3, t_des: 32.1, bed_util_ads: 0.497, bed_util_des: 0.497, des_th: 0.4972401430799894,frac_lost: 0.101, li_recovered:  8.362, time: 0.008717414999409812
L: 0.50, u_super: 0.00759, sec: 429.151, prod: 0.172049, t_ads: 25.6, t_des: 23.1, bed_util_ads: 0.499, bed_util_des: 0.499, des_th: 0.4987889419836015,frac_lost: 0.101, li_recovered:  8.378, time: 0.00791651899999124
L: 0.50, u_super: 0.00859, sec: 492.973, prod: 0.194443, t_ads: 22.8, t_des: 20.5, bed_util_ads: 0.500, bed_util_des: 0.500, des_th: 0.499687307864347,frac_lost: 0.106, li_recovered:  8.403, time: 0.010420468999654986
L: 0.50, u_super: 0.00864, sec: 495.785, prod: 0.195626, t_ads: 22.6, t_des: 20.5, bed_util_ads: 0.499, bed_util_des: 0.499, des_th: 0.499119570177998,frac_lost: 0.105, li_recovered:  8.437, time: 0.009339535999970394
L: 6.14, u_super: 0.00990 — INFEASIBLE (li_recovered=0.000e+00), time: 0.005106229000375606
L: 0.50, u_super: 0.00399, sec: 216.960, prod: 0.089616, t_ads: 48.8, t_des: 44.6, bed_util_ads: 0.496, bed_util_des: 0.496, des_th: 0.4960597411496432,frac_lost: 0.105, li_recovered:  8.367, time: 0.009307329000876052
L: 0.50, u_super: 0.00112, sec: 62.434, prod: 0.023692, t_ads: 169.3, t_des: 142.2, bed_util_ads: 0.496, bed_util_des: 0.495, des_th: 0.4953264323717105,frac_lost: 0.108, li_recovered:  7.381, time: 0.009220779998940998
L: 0.50, u_super: 0.00220, sec: 118.238, prod: 0.048747, t_ads: 88.1, t_des: 80.2, bed_util_ads: 0.493, bed_util_des: 0.492, des_th: 0.4923879721115445,frac_lost: 0.108, li_recovered:  8.201, time: 0.008248612000897992
L: 0.50, u_super: 0.00115, sec: 62.224, prod: 0.024906, t_ads: 164.9, t_des: 152.1, bed_util_ads: 0.484, bed_util_des: 0.483, des_th: 0.48332543786535026,frac_lost: 0.104, li_recovered:  7.893, time: 0.01074943800085748
L: 0.50, u_super: 0.00582, sec: 322.423, prod: 0.131627, t_ads: 33.3, t_des: 30.7, bed_util_ads: 0.496, bed_util_des: 0.496, des_th: 0.496149323826358,frac_lost: 0.101, li_recovered:  8.427, time: 0.008901933000743156
L: 0.50, u_super: 0.00406, sec: 221.376, prod: 0.091383, t_ads: 47.8, t_des: 43.2, bed_util_ads: 0.497, bed_util_des: 0.497, des_th: 0.4966032912400685,frac_lost: 0.105, li_recovered:  8.315, time: 0.012346220999461366
L: 0.50, u_super: 0.00020, sec: 28.270, prod: 0.001634, t_ads: 984.1, t_des: 4237.6, bed_util_ads: 0.252, bed_util_des: 0.191, des_th: 0.19107037913884775,frac_lost: 0.100, li_recovered:  8.530, time: 0.02211284100121702
L: 0.50, u_super: 0.00300, sec: 161.758, prod: 0.067108, t_ads: 64.6, t_des: 59.2, bed_util_ads: 0.494, bed_util_des: 0.493, des_th: 0.4934666833484504,frac_lost: 0.105, li_recovered:  8.307, time: 0.013506011999197653
L: 23.33, u_super: 0.00616 — INFEASIBLE (li_recovered=0.000e+00), time: 0.0029597220000141533
L: 0.50, u_super: 0.00163, sec: 88.727, prod: 0.035245, t_ads: 117.7, t_des: 100.6, bed_util_ads: 0.498, bed_util_des: 0.497, des_th: 0.4973472189959423,frac_lost: 0.104, li_recovered:  7.691, time: 0.00894853600038914
L: 0.50, u_super: 0.00720, sec: 405.228, prod: 0.163218, t_ads: 26.9, t_des: 24.4, bed_util_ads: 0.499, bed_util_des: 0.499, des_th: 0.4988922954082428,frac_lost: 0.100, li_recovered:  8.372, time: 0.010191448000114178
L: 0.50, u_super: 0.00276, sec: 149.146, prod: 0.061431, t_ads: 69.8, t_des: 61.4, bed_util_ads: 0.499, bed_util_des: 0.498, des_th: 0.4984337104643875,frac_lost: 0.102, li_recovered:  8.064, time: 0.009017072999995435
L: 5.23, u_super: 0.00857 — INFEASIBLE (li_recovered=0.000e+00), time: 0.005177783999897656
L: 0.50, u_super: 0.00361, sec: 243.232, prod: 0.065061, t_ads: 53.7, t_des: 79.0, bed_util_ads: 0.436, bed_util_des: 0.434, des_th: 0.43410144768976094,frac_lost: 0.100, li_recovered:  8.633, time: 0.010091501000715652
L: 0.50, u_super: 0.00461, sec: 252.368, prod: 0.103719, t_ads: 42.2, t_des: 38.1, bed_util_ads: 0.498, bed_util_des: 0.498, des_th: 0.49776744096495334,frac_lost: 0.105, li_recovered:  8.332, time: 0.00617715299995325
L: 0.50, u_super: 0.00009, sec: 8.491, prod: 0.001061, t_ads: 2148.4, t_des: 5153.3, bed_util_ads: 0.260, bed_util_des: 0.185, des_th: 0.1851696623157332,frac_lost: 0.102, li_recovered:  7.747, time: 0.013024060001043836
L: 0.50, u_super: 0.00469, sec: 257.382, prod: 0.105576, t_ads: 41.6, t_des: 37.9, bed_util_ads: 0.498, bed_util_des: 0.497, des_th: 0.4974058019496686,frac_lost: 0.107, li_recovered:  8.387, time: 0.009073764998902334
L: 5.95, u_super: 0.00725 — INFEASIBLE (li_recovered=0.000e+00), time: 0.00488016700001026
L: 0.50, u_super: 0.00033, sec: 67.480, prod: 0.001871, t_ads: 602.1, t_des: 4082.7, bed_util_ads: 0.230, bed_util_des: 0.180, des_th: 0.1799299163338017,frac_lost: 0.101, li_recovered:  8.765, time: 0.036403644999154494
L: 0.50, u_super: 0.00506, sec: 278.345, prod: 0.114235, t_ads: 38.4, t_des: 35.0, bed_util_ads: 0.497, bed_util_des: 0.497, des_th: 0.49708699447656,frac_lost: 0.103, li_recovered:  8.389, time: 0.007454702999893925
L: 46.93, u_super: 0.00280 — INFEASIBLE (li_recovered=0.000e+00), time: 0.001990429000215954
L: 0.50, u_super: 0.00910, sec: 525.009, prod: 0.206180, t_ads: 21.5, t_des: 19.5, bed_util_ads: 0.499, bed_util_des: 0.499, des_th: 0.49854555607250045,frac_lost: 0.105, li_recovered:  8.449, time: 0.008018406000701361
L: 0.50, u_super: 0.00244, sec: 131.600, prod: 0.054256, t_ads: 79.1, t_des: 70.3, bed_util_ads: 0.497, bed_util_des: 0.497, des_th: 0.4966635253411487,frac_lost: 0.105, li_recovered:  8.105, time: 0.00847082899963425
L: 0.50, u_super: 0.00005, sec: 4.324, prod: 0.000670, t_ads: 3435.3, t_des: 5866.2, bed_util_ads: 0.253, bed_util_des: 0.184, des_th: 0.1851696623157332,frac_lost: 0.103, li_recovered:  6.228, time: 0.00909531100114691
L: 0.50, u_super: 0.00247, sec: 133.469, prod: 0.054812, t_ads: 78.0, t_des: 68.5, bed_util_ads: 0.498, bed_util_des: 0.498, des_th: 0.4982517961490997,frac_lost: 0.104, li_recovered:  8.032, time: 0.008087689999229042
L: 0.50, u_super: 0.00864, sec: 495.711, prod: 0.195655, t_ads: 22.6, t_des: 20.5, bed_util_ads: 0.499, bed_util_des: 0.499, des_th: 0.49912198379581013,frac_lost: 0.105, li_recovered:  8.440, time: 0.010644026000591111
   469 |    18760 |     40 |  0.0022173515 |             f
L: 3.06, u_super: 0.00805, sec: 21840.520, prod: 0.023422, t_ads: 149.3, t_des: 2148.6, bed_util_ads: 0.192, bed_util_des: 0.173, des_th: 0.17283702335684595,frac_lost: 0.102, li_recovered:  53.822, time: 0.06193741100105399
L: 5.14, u_super: 0.00932 — INFEASIBLE (li_recovered=0.000e+00), time: 0.004405579000376747
L: 1.93, u_super: 0.00860, sec: 2103.132, prod: 0.176475, t_ads: 86.5, t_des: 99.8, bed_util_ads: 0.463, bed_util_des: 0.461, des_th: 0.4614473920445538,frac_lost: 0.102, li_recovered:  32.876, time: 0.00854935500137799
L: 0.50, u_super: 0.00210, sec: 113.774, prod: 0.046013, t_ads: 92.1, t_des: 79.4, bed_util_ads: 0.499, bed_util_des: 0.499, des_th: 0.498539444398822,frac_lost: 0.107, li_recovered:  7.888, time: 0.006718463999277446
L: 0.50, u_super: 0.00361, sec: 195.756, prod: 0.080839, t_ads: 53.9, t_des: 48.2, bed_util_ads: 0.498, bed_util_des: 0.497, des_th: 0.4974033886754291,frac_lost: 0.106, li_recovered:  8.252, time: 0.008416882001256454
L: 0.50, u_super: 0.00628, sec: 379.558, prod: 0.131070, t_ads: 31.2, t_des: 35.1, bed_util_ads: 0.471, bed_util_des: 0.471, des_th: 0.4708551032538821,frac_lost: 0.107, li_recovered:  8.685, time: 0.009720194999317755
L: 0.50, u_super: 0.00631, sec: 366.555, prod: 0.137256, t_ads: 31.0, t_des: 32.2, bed_util_ads: 0.481, bed_util_des: 0.481, des_th: 0.4810785311235582,frac_lost: 0.108, li_recovered:  8.671, time: 0.009501349999482045
L: 0.50, u_super: 0.00582, sec: 322.580, prod: 0.131563, t_ads: 33.4, t_des: 30.6, bed_util_ads: 0.497, bed_util_des: 0.497, des_th: 0.4966691811902161,frac_lost: 0.103, li_recovered:  8.413, time: 0.007041963999654399
L: 0.50, u_super: 0.00551, sec: 304.306, prod: 0.124436, t_ads: 35.2, t_des: 31.6, bed_util_ads: 0.499, bed_util_des: 0.499, des_th: 0.49921410831649293,frac_lost: 0.101, li_recovered:  8.318, time: 0.007765147000100114
L: 12.92, u_super: 0.00005 — INFEASIBLE (li_recovered=0.000e+00), time: 0.0010823079992405837
L: 0.50, u_super: 0.00857, sec: 492.223, prod: 0.194072, t_ads: 22.8, t_des: 20.9, bed_util_ads: 0.498, bed_util_des: 0.498, des_th: 0.49791013944153273,frac_lost: 0.106, li_recovered:  8.484, time: 0.005883162000827724
L: 0.50, u_super: 0.00930, sec: 538.282, prod: 0.210867, t_ads: 21.0, t_des: 19.3, bed_util_ads: 0.498, bed_util_des: 0.498, des_th: 0.49791510415476503,frac_lost: 0.105, li_recovered:  8.488, time: 0.008021446999919135
L: 0.50, u_super: 0.00916, sec: 620.600, prod: 0.176869, t_ads: 21.3, t_des: 28.0, bed_util_ads: 0.453, bed_util_des: 0.452, des_th: 0.452175869792498,frac_lost: 0.102, li_recovered:  8.715, time: 0.007536376000643941
L: 0.50, u_super: 0.00772, sec: 449.499, prod: 0.170450, t_ads: 25.1, t_des: 25.7, bed_util_ads: 0.483, bed_util_des: 0.483, des_th: 0.4829304676023466,frac_lost: 0.100, li_recovered:  8.667, time: 0.00532392600143794
L: 0.50, u_super: 0.00219, sec: 117.747, prod: 0.048656, t_ads: 88.1, t_des: 80.6, bed_util_ads: 0.493, bed_util_des: 0.492, des_th: 0.4921153223955019,frac_lost: 0.106, li_recovered:  8.206, time: 0.0056568850013718475
L: 0.50, u_super: 0.00536, sec: 302.634, prod: 0.118169, t_ads: 36.2, t_des: 36.8, bed_util_ads: 0.483, bed_util_des: 0.483, des_th: 0.48263819147232007,frac_lost: 0.101, li_recovered:  8.627, time: 0.005334141000275849
L: 0.50, u_super: 0.00847, sec: 488.632, prod: 0.190401, t_ads: 23.0, t_des: 22.2, bed_util_ads: 0.492, bed_util_des: 0.491, des_th: 0.4913125147962342,frac_lost: 0.104, li_recovered:  8.609, time: 0.007067062000714941
L: 1.81, u_super: 0.00789, sec: 1715.317, prod: 0.168791, t_ads: 88.5, t_des: 93.1, bed_util_ads: 0.475, bed_util_des: 0.474, des_th: 0.473809949759423,frac_lost: 0.106, li_recovered:  30.661, time: 0.005777278000095976
L: 0.50, u_super: 0.00970, sec: 3430.732, prod: 0.036136, t_ads: 20.2, t_des: 222.6, bed_util_ads: 0.222, bed_util_des: 0.220, des_th: 0.21959113443077094,frac_lost: 0.103, li_recovered:  8.774, time: 0.03034750999904645
L: 16.16, u_super: 0.00013 — INFEASIBLE (li_recovered=0.000e+00), time: 0.0009742509992065607
L: 0.50, u_super: 0.00989, sec: 576.201, prod: 0.224429, t_ads: 19.7, t_des: 18.0, bed_util_ads: 0.500, bed_util_des: 0.499, des_th: 0.49942132725883337,frac_lost: 0.104, li_recovered:  8.457, time: 0.005476268999700551
L: 0.50, u_super: 0.00049 — INFEASIBLE (li_recovered=0.000e+00), time: 0.0034391280005365843
L: 1.03, u_super: 0.00875, sec: 1039.498, prod: 0.197000, t_ads: 45.5, t_des: 41.2, bed_util_ads: 0.498, bed_util_des: 0.497, des_th: 0.49735336817552006,frac_lost: 0.104, li_recovered:  17.089, time: 0.0074986330000683665
L: 0.50, u_super: 0.00392, sec: 213.342, prod: 0.087957, t_ads: 49.7, t_des: 44.8, bed_util_ads: 0.498, bed_util_des: 0.498, des_th: 0.4978717510286833,frac_lost: 0.107, li_recovered:  8.316, time: 0.005627701999401324
L: 0.50, u_super: 0.00726, sec: 410.774, prod: 0.164105, t_ads: 26.9, t_des: 24.1, bed_util_ads: 0.500, bed_util_des: 0.500, des_th: 0.4998081112136655,frac_lost: 0.107, li_recovered:  8.380, time: 0.006174182000904693
L: 0.50, u_super: 0.00139, sec: 75.120, prod: 0.030440, t_ads: 137.3, t_des: 129.4, bed_util_ads: 0.484, bed_util_des: 0.483, des_th: 0.48332543786535026,frac_lost: 0.106, li_recovered:  8.118, time: 0.007300070999917807
L: 0.50, u_super: 0.00551, sec: 304.625, prod: 0.124477, t_ads: 35.2, t_des: 31.5, bed_util_ads: 0.500, bed_util_des: 0.500, des_th: 0.4997603268308319,frac_lost: 0.102, li_recovered:  8.306, time: 0.006113733999882243
L: 0.50, u_super: 0.00746, sec: 422.899, prod: 0.168532, t_ads: 26.2, t_des: 24.1, bed_util_ads: 0.497, bed_util_des: 0.497, des_th: 0.4972401430799894,frac_lost: 0.107, li_recovered:  8.490, time: 0.005413766999481595
L: 0.50, u_super: 0.00165, sec: 89.294, prod: 0.036303, t_ads: 115.4, t_des: 102.4, bed_util_ads: 0.493, bed_util_des: 0.492, des_th: 0.4923879721115445,frac_lost: 0.102, li_recovered:  7.906, time: 0.0062653810000483645
L: 0.50, u_super: 0.00451, sec: 248.360, prod: 0.100691, t_ads: 43.1, t_des: 41.8, bed_util_ads: 0.489, bed_util_des: 0.488, des_th: 0.48839264805828664,frac_lost: 0.103, li_recovered:  8.546, time: 0.006341803000395885
L: 0.50, u_super: 0.00813, sec: 464.760, prod: 0.183965, t_ads: 24.1, t_des: 21.6, bed_util_ads: 0.500, bed_util_des: 0.500, des_th: 0.49978076126867793,frac_lost: 0.107, li_recovered:  8.408, time: 0.005856013000084204
L: 0.50, u_super: 0.00108, sec: 58.713, prod: 0.023395, t_ads: 173.8, t_des: 159.7, bed_util_ads: 0.484, bed_util_des: 0.483, des_th: 0.4834714472677654,frac_lost: 0.100, li_recovered:  7.802, time: 0.006788786000470282
L: 0.50, u_super: 0.00598, sec: 332.206, prod: 0.135038, t_ads: 32.6, t_des: 29.5, bed_util_ads: 0.498, bed_util_des: 0.498, des_th: 0.4982309260555973,frac_lost: 0.104, li_recovered:  8.378, time: 0.004881106999164331
L: 0.50, u_super: 0.00592, sec: 328.271, prod: 0.133894, t_ads: 32.8, t_des: 29.8, bed_util_ads: 0.499, bed_util_des: 0.498, des_th: 0.4985240351032339,frac_lost: 0.101, li_recovered:  8.373, time: 0.005248034998658113
L: 0.50, u_super: 0.00990, sec: 576.853, prod: 0.224483, t_ads: 19.7, t_des: 18.1, bed_util_ads: 0.497, bed_util_des: 0.497, des_th: 0.49721003278875436,frac_lost: 0.104, li_recovered:  8.493, time: 0.006776324000384193
L: 0.50, u_super: 0.00338, sec: 183.669, prod: 0.075648, t_ads: 57.4, t_des: 50.8, bed_util_ads: 0.499, bed_util_des: 0.499, des_th: 0.49912198379581013,frac_lost: 0.106, li_recovered:  8.182, time: 0.005116889000419178
L: 32.80, u_super: 0.00054 — INFEASIBLE (li_recovered=0.000e+00), time: 0.0013382340002863202
L: 0.50, u_super: 0.00016 — INFEASIBLE (li_recovered=0.000e+00), time: 0.002122132000295096
L: 0.50, u_super: 0.00423, sec: 230.983, prod: 0.095224, t_ads: 45.9, t_des: 41.5, bed_util_ads: 0.498, bed_util_des: 0.497, des_th: 0.4974033886754291,frac_lost: 0.105, li_recovered:  8.323, time: 0.005243764999249834
L: 76.17, u_super: 0.00582 — INFEASIBLE (li_recovered=0.000e+00), time: 0.0015285580011550337
   470 |    18800 |     40 |  0.0030282035 |             f
L: 0.50, u_super: 0.00306, sec: 164.900, prod: 0.068456, t_ads: 63.1, t_des: 56.7, bed_util_ads: 0.496, bed_util_des: 0.496, des_th: 0.49569354773575935,frac_lost: 0.102, li_recovered:  8.203, time: 0.004893895000350312
L: 0.50, u_super: 0.00757, sec: 428.210, prod: 0.171669, t_ads: 25.6, t_des: 23.2, bed_util_ads: 0.500, bed_util_des: 0.499, des_th: 0.4994205414851497,frac_lost: 0.101, li_recovered:  8.380, time: 0.005622450998998829
L: 56.22, u_super: 0.00054 — INFEASIBLE (li_recovered=0.000e+00), time: 0.001178839998829062
L: 0.50, u_super: 0.00175, sec: 95.240, prod: 0.038337, t_ads: 108.9, t_des: 94.3, bed_util_ads: 0.496, bed_util_des: 0.496, des_th: 0.49602102149501437,frac_lost: 0.102, li_recovered:  7.787, time: 0.005067905000032624
L: 0.50, u_super: 0.00990, sec: 577.447, prod: 0.224252, t_ads: 19.7, t_des: 18.3, bed_util_ads: 0.496, bed_util_des: 0.496, des_th: 0.4963506394140005,frac_lost: 0.105, li_recovered:  8.530, time: 0.006804700999055058
L: 0.50, u_super: 0.00210, sec: 1133.741, prod: 0.004618, t_ads: 93.6, t_des: 1813.0, bed_util_ads: 0.173, bed_util_des: 0.160, des_th: 0.15990937742118877,frac_lost: 0.101, li_recovered:  8.804, time: 0.05197197300003609
L: 0.50, u_super: 0.00931, sec: 538.284, prod: 0.210969, t_ads: 21.0, t_des: 19.1, bed_util_ads: 0.499, bed_util_des: 0.499, des_th: 0.4992052940617523,frac_lost: 0.105, li_recovered:  8.448, time: 0.00653818699902331
L: 0.50, u_super: 0.00757, sec: 429.979, prod: 0.171015, t_ads: 25.9, t_des: 23.7, bed_util_ads: 0.497, bed_util_des: 0.497, des_th: 0.4971161853915732,frac_lost: 0.108, li_recovered:  8.479, time: 0.006302772000708501
L: 0.50, u_super: 0.00768, sec: 439.727, prod: 0.172278, t_ads: 25.5, t_des: 24.5, bed_util_ads: 0.491, bed_util_des: 0.491, des_th: 0.49093643182113794,frac_lost: 0.107, li_recovered:  8.605, time: 0.004846595000344678
L: 0.50, u_super: 0.00674, sec: 377.345, prod: 0.152690, t_ads: 28.8, t_des: 26.3, bed_util_ads: 0.498, bed_util_des: 0.498, des_th: 0.49760645216066945,frac_lost: 0.101, li_recovered:  8.416, time: 0.006120261999967624
L: 0.50, u_super: 0.00253, sec: 136.786, prod: 0.056143, t_ads: 76.3, t_des: 66.9, bed_util_ads: 0.498, bed_util_des: 0.498, des_th: 0.4978859195044304,frac_lost: 0.105, li_recovered:  8.039, time: 0.0058081689985556295
L: 0.50, u_super: 0.00212, sec: 114.471, prod: 0.046785, t_ads: 91.2, t_des: 80.2, bed_util_ads: 0.497, bed_util_des: 0.497, des_th: 0.4966081998519098,frac_lost: 0.108, li_recovered:  8.017, time: 0.007460269000148401
L: 0.50, u_super: 0.00923, sec: 557.029, prod: 0.200502, t_ads: 21.2, t_des: 22.2, bed_util_ads: 0.482, bed_util_des: 0.482, des_th: 0.48154888913982935,frac_lost: 0.106, li_recovered:  8.703, time: 0.007683129000724875
L: 1.35, u_super: 0.00859, sec: 1354.375, prod: 0.191610, t_ads: 60.9, t_des: 53.3, bed_util_ads: 0.499, bed_util_des: 0.499, des_th: 0.49912198379581013,frac_lost: 0.104, li_recovered:  21.874, time: 0.007845942998756072
L: 0.50, u_super: 0.00842, sec: 4737.487, prod: 0.019413, t_ads: 23.3, t_des: 429.0, bed_util_ads: 0.181, bed_util_des: 0.177, des_th: 0.17744782528302164,frac_lost: 0.103, li_recovered:  8.781, time: 0.09224072100005287
L: 0.50, u_super: 0.00654, sec: 3001.845, prod: 0.018053, t_ads: 30.0, t_des: 456.4, bed_util_ads: 0.195, bed_util_des: 0.191, des_th: 0.19081417041139007,frac_lost: 0.104, li_recovered:  8.781, time: 0.056059641001411364
L: 0.50, u_super: 0.00461, sec: 266.510, prod: 0.098215, t_ads: 42.0, t_des: 45.9, bed_util_ads: 0.474, bed_util_des: 0.473, des_th: 0.47342749012673374,frac_lost: 0.100, li_recovered:  8.636, time: 0.00911058800011233
L: 0.50, u_super: 0.00370, sec: 200.386, prod: 0.083275, t_ads: 52.2, t_des: 48.1, bed_util_ads: 0.494, bed_util_des: 0.493, des_th: 0.49342958236291495,frac_lost: 0.101, li_recovered:  8.352, time: 0.007142252001358429
L: 0.50, u_super: 0.00296, sec: 159.426, prod: 0.066241, t_ads: 65.2, t_des: 60.9, bed_util_ads: 0.492, bed_util_des: 0.491, des_th: 0.4913125147962342,frac_lost: 0.102, li_recovered:  8.351, time: 0.008388751000893535
L: 0.50, u_super: 0.00215, sec: 115.638, prod: 0.047741, t_ads: 89.7, t_des: 82.1, bed_util_ads: 0.493, bed_util_des: 0.492, des_th: 0.4923879721115445,frac_lost: 0.107, li_recovered:  8.204, time: 0.008200468999348232
L: 0.50, u_super: 0.00973, sec: 565.356, prod: 0.220666, t_ads: 20.0, t_des: 18.0, bed_util_ads: 0.500, bed_util_des: 0.500, des_th: 0.4996880936380109,frac_lost: 0.103, li_recovered:  8.395, time: 0.009806710999328061
L: 0.50, u_super: 0.00495, sec: 340.429, prod: 0.089351, t_ads: 39.2, t_des: 57.8, bed_util_ads: 0.437, bed_util_des: 0.436, des_th: 0.43570095173411294,frac_lost: 0.102, li_recovered:  8.673, time: 0.01312932600012573
L: 0.50, u_super: 0.00981, sec: 571.185, prod: 0.222456, t_ads: 19.9, t_des: 18.3, bed_util_ads: 0.497, bed_util_des: 0.497, des_th: 0.4973289608088214,frac_lost: 0.104, li_recovered:  8.501, time: 0.012064794000252732
L: 0.50, u_super: 0.00582, sec: 325.560, prod: 0.130359, t_ads: 33.7, t_des: 32.0, bed_util_ads: 0.493, bed_util_des: 0.493, des_th: 0.49264722283312745,frac_lost: 0.109, li_recovered:  8.566, time: 0.021582814000794315
L: 0.50, u_super: 0.00005 — INFEASIBLE (li_recovered=0.000e+00), time: 0.0022637620004388737
L: 0.50, u_super: 0.00869, sec: 504.382, prod: 0.194696, t_ads: 22.5, t_des: 21.9, bed_util_ads: 0.491, bed_util_des: 0.490, des_th: 0.49051215782688334,frac_lost: 0.105, li_recovered:  8.633, time: 0.010813429000336328
L: 0.50, u_super: 0.00656, sec: 367.030, prod: 0.148346, t_ads: 29.6, t_des: 26.4, bed_util_ads: 0.500, bed_util_des: 0.500, des_th: 0.4998372321594059,frac_lost: 0.102, li_recovered:  8.313, time: 0.010385552001025644
L: 0.50, u_super: 0.00413, sec: 231.919, prod: 0.089986, t_ads: 47.1, t_des: 48.6, bed_util_ads: 0.481, bed_util_des: 0.480, des_th: 0.4802888848047533,frac_lost: 0.104, li_recovered:  8.607, time: 0.00877625399880344
L: 1.40, u_super: 0.00910, sec: 1484.629, prod: 0.203618, t_ads: 59.3, t_des: 52.6, bed_util_ads: 0.499, bed_util_des: 0.498, des_th: 0.49854555607250045,frac_lost: 0.102, li_recovered:  22.783, time: 0.01028659300027357
L: 0.50, u_super: 0.00392, sec: 213.399, prod: 0.087933, t_ads: 49.7, t_des: 44.8, bed_util_ads: 0.498, bed_util_des: 0.497, des_th: 0.49742519642727423,frac_lost: 0.108, li_recovered:  8.313, time: 0.012569917000291753
L: 0.50, u_super: 0.00458, sec: 277.769, prod: 0.093256, t_ads: 42.3, t_des: 50.4, bed_util_ads: 0.463, bed_util_des: 0.462, des_th: 0.46252210286271694,frac_lost: 0.101, li_recovered:  8.647, time: 0.01162380099958682
L: 0.50, u_super: 0.00689, sec: 387.960, prod: 0.155403, t_ads: 28.5, t_des: 25.8, bed_util_ads: 0.499, bed_util_des: 0.499, des_th: 0.49879730307838294,frac_lost: 0.109, li_recovered:  8.430, time: 0.01804037800138758
L: 0.50, u_super: 0.00285, sec: 178.141, prod: 0.055074, t_ads: 68.2, t_des: 87.8, bed_util_ads: 0.451, bed_util_des: 0.450, des_th: 0.4496369028067727,frac_lost: 0.107, li_recovered:  8.592, time: 0.0159733899999992
L: 0.50, u_super: 0.00065 — INFEASIBLE (li_recovered=0.000e+00), time: 0.006173495001348783
L: 9.63, u_super: 0.00005 — INFEASIBLE (li_recovered=0.000e+00), time: 0.00218724300066242
L: 0.50, u_super: 0.00086 — INFEASIBLE (li_recovered=0.000e+00), time: 0.006493515000329353
L: 0.50, u_super: 0.00918, sec: 530.555, prod: 0.208207, t_ads: 21.3, t_des: 19.3, bed_util_ads: 0.500, bed_util_des: 0.500, des_th: 0.49959245374574546,frac_lost: 0.105, li_recovered:  8.448, time: 0.00958220699976664
L: 0.50, u_super: 0.00220, sec: 118.159, prod: 0.048779, t_ads: 87.8, t_des: 82.1, bed_util_ads: 0.490, bed_util_des: 0.489, des_th: 0.48908278739988753,frac_lost: 0.106, li_recovered:  8.289, time: 0.010862981000173022
L: 0.50, u_super: 0.00982, sec: 643.013, prod: 0.197781, t_ads: 19.9, t_des: 24.2, bed_util_ads: 0.462, bed_util_des: 0.462, des_th: 0.4620135232919953,frac_lost: 0.103, li_recovered:  8.717, time: 0.012901128000521567
L: 0.50, u_super: 0.00361, sec: 195.756, prod: 0.080839, t_ads: 53.9, t_des: 48.2, bed_util_ads: 0.498, bed_util_des: 0.497, des_th: 0.4974033886754291,frac_lost: 0.106, li_recovered:  8.252, time: 0.012184582999907434
   471 |    18840 |     40 |  0.0017227800 |             f
L: 0.50, u_super: 0.00654, sec: 2958.905, prod: 0.018315, t_ads: 29.9, t_des: 449.4, bed_util_ads: 0.196, bed_util_des: 0.192, des_th: 0.19191971220366694,frac_lost: 0.103, li_recovered:  8.779, time: 0.10111373899962928
L: 0.50, u_super: 0.00391, sec: 213.592, prod: 0.087597, t_ads: 49.8, t_des: 43.8, bed_util_ads: 0.500, bed_util_des: 0.500, des_th: 0.4999212006529724,frac_lost: 0.107, li_recovered:  8.194, time: 0.014148468999337638
L: 0.50, u_super: 0.00533, sec: 293.975, prod: 0.120324, t_ads: 36.4, t_des: 32.5, bed_util_ads: 0.500, bed_util_des: 0.500, des_th: 0.49975680166347436,frac_lost: 0.101, li_recovered:  8.291, time: 0.014798784999584313
L: 0.50, u_super: 0.00981, sec: 571.091, prod: 0.222484, t_ads: 19.9, t_des: 18.1, bed_util_ads: 0.500, bed_util_des: 0.499, des_th: 0.4994337052030649,frac_lost: 0.105, li_recovered:  8.449, time: 0.017517145000965684
L: 0.50, u_super: 0.00210, sec: 117.840, prod: 0.044425, t_ads: 92.1, t_des: 98.8, bed_util_ads: 0.472, bed_util_des: 0.471, des_th: 0.4709114559877766,frac_lost: 0.105, li_recovered:  8.482, time: 0.011279940001259092
L: 0.50, u_super: 0.00418, sec: 228.084, prod: 0.094159, t_ads: 46.4, t_des: 42.0, bed_util_ads: 0.498, bed_util_des: 0.497, des_th: 0.49747677487811137,frac_lost: 0.104, li_recovered:  8.325, time: 0.016007361000447418
L: 0.50, u_super: 0.00228, sec: 122.560, prod: 0.050678, t_ads: 84.7, t_des: 78.0, bed_util_ads: 0.492, bed_util_des: 0.492, des_th: 0.49161571814113847,frac_lost: 0.106, li_recovered:  8.248, time: 0.01175807999970857
L: 4.13, u_super: 0.00587, sec: 2957.201, prod: 0.120601, t_ads: 258.8, t_des: 223.7, bed_util_ads: 0.484, bed_util_des: 0.483, des_th: 0.4833170809593313,frac_lost: 0.102, li_recovered:  58.188, time: 0.009610728999177809
L: 0.50, u_super: 0.00159, sec: 87.537, prod: 0.034167, t_ads: 120.7, t_des: 123.9, bed_util_ads: 0.474, bed_util_des: 0.473, des_th: 0.4730271757509509,frac_lost: 0.105, li_recovered:  8.358, time: 0.010513265999179566
L: 0.50, u_super: 0.00361, sec: 195.756, prod: 0.080839, t_ads: 53.9, t_des: 48.2, bed_util_ads: 0.498, bed_util_des: 0.497, des_th: 0.4974033886754291,frac_lost: 0.106, li_recovered:  8.252, time: 0.01462516100036737
L: 0.50, u_super: 0.00614, sec: 341.805, prod: 0.138812, t_ads: 31.6, t_des: 28.3, bed_util_ads: 0.499, bed_util_des: 0.499, des_th: 0.4993152850890663,frac_lost: 0.101, li_recovered:  8.311, time: 0.011419593998653
L: 0.50, u_super: 0.00396, sec: 1613.020, prod: 0.011905, t_ads: 49.5, t_des: 688.2, bed_util_ads: 0.201, bed_util_des: 0.194, des_th: 0.19414022063274458,frac_lost: 0.104, li_recovered:  8.782, time: 0.08232305899946368
L: 0.50, u_super: 0.00446, sec: 244.115, prod: 0.100380, t_ads: 43.6, t_des: 39.4, bed_util_ads: 0.498, bed_util_des: 0.498, des_th: 0.49796604946944045,frac_lost: 0.106, li_recovered:  8.334, time: 0.010570127000391949
L: 0.50, u_super: 0.00926, sec: 547.691, prod: 0.205423, t_ads: 21.0, t_des: 21.2, bed_util_ads: 0.486, bed_util_des: 0.486, des_th: 0.48575829780616897,frac_lost: 0.103, li_recovered:  8.676, time: 0.01640795999992406
L: 0.50, u_super: 0.00449, sec: 245.631, prod: 0.101017, t_ads: 43.4, t_des: 39.1, bed_util_ads: 0.498, bed_util_des: 0.498, des_th: 0.49776810463159493,frac_lost: 0.106, li_recovered:  8.329, time: 0.012092946999473497
L: 0.50, u_super: 0.00790, sec: 448.652, prod: 0.179252, t_ads: 24.6, t_des: 22.2, bed_util_ads: 0.499, bed_util_des: 0.499, des_th: 0.498727924929854,frac_lost: 0.100, li_recovered:  8.378, time: 0.01086009299979196
L: 0.50, u_super: 0.00902, sec: 520.506, prod: 0.204446, t_ads: 21.6, t_des: 19.9, bed_util_ads: 0.498, bed_util_des: 0.497, des_th: 0.4974033886754291,frac_lost: 0.105, li_recovered:  8.485, time: 0.011362148999978672
L: 0.50, u_super: 0.00729, sec: 412.178, prod: 0.164715, t_ads: 26.8, t_des: 24.0, bed_util_ads: 0.500, bed_util_des: 0.500, des_th: 0.49977401697869317,frac_lost: 0.107, li_recovered:  8.380, time: 0.010116186000232119
L: 0.50, u_super: 0.00254, sec: 905.704, prod: 0.008569, t_ads: 77.3, t_des: 947.6, bed_util_ads: 0.209, bed_util_des: 0.199, des_th: 0.19917106201137977,frac_lost: 0.105, li_recovered:  8.783, time: 0.06755900399912207
L: 0.50, u_super: 0.00005 — INFEASIBLE (li_recovered=0.000e+00), time: 0.001916657000037958
L: 115.08, u_super: 0.00864 — INFEASIBLE (li_recovered=0.000e+00), time: 0.0013955869999335846
L: 0.50, u_super: 0.00833, sec: 482.025, prod: 0.186559, t_ads: 23.4, t_des: 22.8, bed_util_ads: 0.490, bed_util_des: 0.489, des_th: 0.4893498847803667,frac_lost: 0.105, li_recovered:  8.632, time: 0.013668850999238202
L: 0.50, u_super: 0.00917, sec: 575.045, prod: 0.191508, t_ads: 21.3, t_des: 24.2, bed_util_ads: 0.470, bed_util_des: 0.469, des_th: 0.46949355744433774,frac_lost: 0.103, li_recovered:  8.710, time: 0.012392317999911029
L: 0.50, u_super: 0.00461, sec: 252.226, prod: 0.103778, t_ads: 42.2, t_des: 38.2, bed_util_ads: 0.498, bed_util_des: 0.498, des_th: 0.49776062471369836,frac_lost: 0.104, li_recovered:  8.338, time: 0.010778814999866881
L: 0.50, u_super: 0.00392, sec: 213.397, prod: 0.088057, t_ads: 49.5, t_des: 44.3, bed_util_ads: 0.498, bed_util_des: 0.498, des_th: 0.4978605952732442,frac_lost: 0.104, li_recovered:  8.255, time: 0.010391656000138028
L: 11.37, u_super: 0.00137 — INFEASIBLE (li_recovered=0.000e+00), time: 0.0024310349999723257
L: 0.50, u_super: 0.00776, sec: 439.588, prod: 0.175976, t_ads: 25.0, t_des: 22.6, bed_util_ads: 0.500, bed_util_des: 0.499, des_th: 0.49952615503645675,frac_lost: 0.100, li_recovered:  8.388, time: 0.013891291000618367
L: 28.40, u_super: 0.00110 — INFEASIBLE (li_recovered=0.000e+00), time: 0.0017122990011557704
L: 14.94, u_super: 0.00086 — INFEASIBLE (li_recovered=0.000e+00), time: 0.0020525159998214804
L: 0.50, u_super: 0.00970, sec: 563.641, prod: 0.219799, t_ads: 20.2, t_des: 18.2, bed_util_ads: 0.500, bed_util_des: 0.499, des_th: 0.49942132725883337,frac_lost: 0.105, li_recovered:  8.437, time: 0.010659353001756244
L: 49.48, u_super: 0.00013 — INFEASIBLE (li_recovered=0.000e+00), time: 0.0013542649994633393
L: 0.50, u_super: 0.00833, sec: 480.822, prod: 0.187068, t_ads: 23.5, t_des: 22.6, bed_util_ads: 0.491, bed_util_des: 0.491, des_th: 0.4912181405169454,frac_lost: 0.107, li_recovered:  8.613, time: 0.01781822200064198
L: 0.50, u_super: 0.00328, sec: 177.750, prod: 0.073237, t_ads: 58.8, t_des: 51.7, bed_util_ads: 0.500, bed_util_des: 0.500, des_th: 0.4995963951133563,frac_lost: 0.101, li_recovered:  8.096, time: 0.010162336000576033
L: 0.50, u_super: 0.00496, sec: 272.447, prod: 0.112064, t_ads: 39.1, t_des: 35.8, bed_util_ads: 0.497, bed_util_des: 0.497, des_th: 0.49659581132217173,frac_lost: 0.102, li_recovered:  8.393, time: 0.01099307900040003
L: 0.50, u_super: 0.00814, sec: 465.061, prod: 0.183937, t_ads: 24.1, t_des: 21.8, bed_util_ads: 0.500, bed_util_des: 0.500, des_th: 0.4996283947787025,frac_lost: 0.109, li_recovered:  8.444, time: 0.016491881000547437
L: 23.14, u_super: 0.00550 — INFEASIBLE (li_recovered=0.000e+00), time: 0.0031584680000378285
L: 15.67, u_super: 0.00608 — INFEASIBLE (li_recovered=0.000e+00), time: 0.01078181999946537
L: 0.50, u_super: 0.00009 — INFEASIBLE (li_recovered=0.000e+00), time: 0.0024857499993231613
L: 0.50, u_super: 0.00581, sec: 321.912, prod: 0.131289, t_ads: 33.5, t_des: 30.7, bed_util_ads: 0.497, bed_util_des: 0.497, des_th: 0.4966032912400685,frac_lost: 0.103, li_recovered:  8.421, time: 0.013870124999812106
L: 0.50, u_super: 0.00117, sec: 63.561, prod: 0.025459, t_ads: 162.2, t_des: 150.7, bed_util_ads: 0.484, bed_util_des: 0.483, des_th: 0.48332543786535026,frac_lost: 0.106, li_recovered:  7.965, time: 0.009664633000284084
   472 |    18880 |     40 |  0.0037697233 |             f
L: 0.50, u_super: 0.00228, sec: 123.377, prod: 0.050313, t_ads: 84.5, t_des: 73.5, bed_util_ads: 0.499, bed_util_des: 0.499, des_th: 0.49912198379581013,frac_lost: 0.104, li_recovered:  7.946, time: 0.010723411000071792
L: 0.50, u_super: 0.00533, sec: 293.679, prod: 0.120545, t_ads: 36.3, t_des: 33.0, bed_util_ads: 0.497, bed_util_des: 0.497, des_th: 0.4971572343270366,frac_lost: 0.101, li_recovered:  8.359, time: 0.015865743000176735
L: 0.50, u_super: 0.00228, sec: 122.609, prod: 0.050658, t_ads: 84.5, t_des: 76.1, bed_util_ads: 0.494, bed_util_des: 0.494, des_th: 0.4935361624695734,frac_lost: 0.104, li_recovered:  8.139, time: 0.011445304000517353
L: 0.50, u_super: 0.00931, sec: 538.480, prod: 0.210893, t_ads: 21.0, t_des: 19.0, bed_util_ads: 0.499, bed_util_des: 0.499, des_th: 0.49911567563409626,frac_lost: 0.105, li_recovered:  8.440, time: 0.011105204999694251
L: 0.50, u_super: 0.00616, sec: 342.917, prod: 0.139178, t_ads: 31.6, t_des: 28.5, bed_util_ads: 0.500, bed_util_des: 0.499, des_th: 0.4995160719092999,frac_lost: 0.104, li_recovered:  8.372, time: 0.010747309999715071
L: 0.50, u_super: 0.00139, sec: 87.667, prod: 0.026083, t_ads: 137.3, t_des: 184.6, bed_util_ads: 0.438, bed_util_des: 0.435, des_th: 0.4346982003118678,frac_lost: 0.101, li_recovered:  8.396, time: 0.01181081700087816
L: 0.50, u_super: 0.00864, sec: 496.198, prod: 0.195463, t_ads: 22.7, t_des: 20.5, bed_util_ads: 0.500, bed_util_des: 0.500, des_th: 0.49972872037258387,frac_lost: 0.107, li_recovered:  8.444, time: 0.013393745999564999
L: 0.50, u_super: 0.00904, sec: 521.962, prod: 0.204708, t_ads: 21.6, t_des: 19.9, bed_util_ads: 0.498, bed_util_des: 0.497, des_th: 0.4974033886754291,frac_lost: 0.106, li_recovered:  8.493, time: 0.011011532000338775
L: 0.50, u_super: 0.00972, sec: 607.383, prod: 0.205056, t_ads: 20.1, t_des: 22.4, bed_util_ads: 0.473, bed_util_des: 0.473, des_th: 0.4730732444093859,frac_lost: 0.104, li_recovered:  8.713, time: 0.014020624999830034
L: 0.50, u_super: 0.00623, sec: 347.984, prod: 0.140580, t_ads: 31.4, t_des: 28.6, bed_util_ads: 0.498, bed_util_des: 0.498, des_th: 0.49825879740112156,frac_lost: 0.108, li_recovered:  8.429, time: 0.010884481998800766
L: 0.50, u_super: 0.00746, sec: 434.574, prod: 0.164004, t_ads: 26.2, t_des: 26.6, bed_util_ads: 0.484, bed_util_des: 0.484, des_th: 0.4839004637917805,frac_lost: 0.107, li_recovered:  8.673, time: 0.01027051900018705
L: 16.85, u_super: 0.00327 — INFEASIBLE (li_recovered=0.000e+00), time: 0.004170842999883462
L: 0.50, u_super: 0.00295, sec: 162.991, prod: 0.064198, t_ads: 65.5, t_des: 67.4, bed_util_ads: 0.479, bed_util_des: 0.478, des_th: 0.478405611988327,frac_lost: 0.102, li_recovered:  8.537, time: 0.011387884000214399
L: 0.50, u_super: 0.00926, sec: 535.933, prod: 0.209742, t_ads: 21.1, t_des: 19.4, bed_util_ads: 0.498, bed_util_des: 0.498, des_th: 0.4978859195044304,frac_lost: 0.106, li_recovered:  8.497, time: 0.015884082999036764
L: 0.50, u_super: 0.00124 — INFEASIBLE (li_recovered=0.000e+00), time: 0.0077699319990642834
L: 0.50, u_super: 0.00845, sec: 484.215, prod: 0.191409, t_ads: 23.1, t_des: 21.0, bed_util_ads: 0.499, bed_util_des: 0.499, des_th: 0.4985796170060655,frac_lost: 0.106, li_recovered:  8.446, time: 0.011968987000727793
L: 0.50, u_super: 0.00511, sec: 281.368, prod: 0.115321, t_ads: 38.0, t_des: 34.0, bed_util_ads: 0.500, bed_util_des: 0.500, des_th: 0.4997603268308319,frac_lost: 0.103, li_recovered:  8.304, time: 0.012747443000989733
L: 37.85, u_super: 0.00044 — INFEASIBLE (li_recovered=0.000e+00), time: 0.0015782339996803785
L: 0.50, u_super: 0.00418, sec: 228.237, prod: 0.094095, t_ads: 46.3, t_des: 41.4, bed_util_ads: 0.498, bed_util_des: 0.498, des_th: 0.49807536834943344,frac_lost: 0.103, li_recovered:  8.260, time: 0.015679791000366095
L: 0.50, u_super: 0.00596, sec: 330.687, prod: 0.134895, t_ads: 32.5, t_des: 29.5, bed_util_ads: 0.498, bed_util_des: 0.498, des_th: 0.4982517961490997,frac_lost: 0.101, li_recovered:  8.363, time: 0.013518122999812476
L: 0.50, u_super: 0.00306, sec: 164.905, prod: 0.068453, t_ads: 63.1, t_des: 56.7, bed_util_ads: 0.496, bed_util_des: 0.496, des_th: 0.49569354773575935,frac_lost: 0.102, li_recovered:  8.201, time: 0.01060260099984589
L: 0.50, u_super: 0.00461, sec: 252.295, prod: 0.103749, t_ads: 42.2, t_des: 38.1, bed_util_ads: 0.498, bed_util_des: 0.498, des_th: 0.49785024300334146,frac_lost: 0.105, li_recovered:  8.332, time: 0.009176067000225885
L: 0.50, u_super: 0.00439, sec: 240.417, prod: 0.098609, t_ads: 44.4, t_des: 39.4, bed_util_ads: 0.500, bed_util_des: 0.500, des_th: 0.4998444837138672,frac_lost: 0.107, li_recovered:  8.265, time: 0.007991169999513659
L: 0.50, u_super: 0.00988, sec: 575.557, prod: 0.223904, t_ads: 19.8, t_des: 18.0, bed_util_ads: 0.499, bed_util_des: 0.499, des_th: 0.4987206919253205,frac_lost: 0.106, li_recovered:  8.460, time: 0.00869731800048612
L: 0.50, u_super: 0.00086, sec: 47.388, prod: 0.018408, t_ads: 217.6, t_des: 209.0, bed_util_ads: 0.474, bed_util_des: 0.473, des_th: 0.4727805340618372,frac_lost: 0.105, li_recovered:  7.852, time: 0.006304762000581832
L: 0.50, u_super: 0.00964, sec: 560.052, prod: 0.218557, t_ads: 20.3, t_des: 18.4, bed_util_ads: 0.499, bed_util_des: 0.499, des_th: 0.4991252039938491,frac_lost: 0.105, li_recovered:  8.451, time: 0.009433566001462168
L: 0.50, u_super: 0.00731, sec: 416.644, prod: 0.164043, t_ads: 26.7, t_des: 25.7, bed_util_ads: 0.491, bed_util_des: 0.491, des_th: 0.4912181405169454,frac_lost: 0.106, li_recovered:  8.601, time: 0.012510074999227072
L: 0.50, u_super: 0.00073 — INFEASIBLE (li_recovered=0.000e+00), time: 0.005080549000922474
L: 0.50, u_super: 0.00467, sec: 283.890, prod: 0.095014, t_ads: 41.5, t_des: 49.5, bed_util_ads: 0.463, bed_util_des: 0.462, des_th: 0.4621128915551195,frac_lost: 0.102, li_recovered:  8.650, time: 0.010863804000109667
L: 0.50, u_super: 0.00005, sec: 4.347, prod: 0.000666, t_ads: 3311.3, t_des: 5395.8, bed_util_ads: 0.255, bed_util_des: 0.194, des_th: 0.19421582385703146,frac_lost: 0.102, li_recovered:  5.798, time: 0.010509305000596214
L: 0.50, u_super: 0.00628, sec: 350.104, prod: 0.142097, t_ads: 30.9, t_des: 28.0, bed_util_ads: 0.499, bed_util_des: 0.498, des_th: 0.49848812173307,frac_lost: 0.103, li_recovered:  8.379, time: 0.009326367000539904
L: 0.50, u_super: 0.00787, sec: 464.387, prod: 0.171650, t_ads: 24.9, t_des: 25.7, bed_util_ads: 0.482, bed_util_des: 0.482, des_th: 0.4817006618903661,frac_lost: 0.107, li_recovered:  8.687, time: 0.008665453000503476
L: 0.50, u_super: 0.00257, sec: 138.175, prod: 0.057234, t_ads: 75.1, t_des: 67.6, bed_util_ads: 0.495, bed_util_des: 0.494, des_th: 0.4944356688054018,frac_lost: 0.104, li_recovered:  8.168, time: 0.009791776999918511
L: 0.50, u_super: 0.00706, sec: 398.089, prod: 0.159409, t_ads: 27.7, t_des: 25.2, bed_util_ads: 0.499, bed_util_des: 0.499, des_th: 0.4988405505191292,frac_lost: 0.108, li_recovered:  8.435, time: 0.010824496001077932
L: 0.50, u_super: 0.00581, sec: 322.179, prod: 0.131309, t_ads: 33.4, t_des: 29.9, bed_util_ads: 0.500, bed_util_des: 0.500, des_th: 0.49962783140356265,frac_lost: 0.101, li_recovered:  8.307, time: 0.009417841998583754
L: 24.41, u_super: 0.00816 — INFEASIBLE (li_recovered=0.000e+00), time: 0.003448076000495348
L: 0.50, u_super: 0.00614, sec: 341.314, prod: 0.138882, t_ads: 31.6, t_des: 28.7, bed_util_ads: 0.498, bed_util_des: 0.498, des_th: 0.49821830552490176,frac_lost: 0.102, li_recovered:  8.379, time: 0.012023716000840068
L: 0.50, u_super: 0.00005, sec: 4.575, prod: 0.000633, t_ads: 2898.7, t_des: 4240.4, bed_util_ads: 0.255, bed_util_des: 0.213, des_th: 0.21276282512573028,frac_lost: 0.101, li_recovered:  4.518, time: 0.009403288999237702
L: 46.35, u_super: 0.00007 — INFEASIBLE (li_recovered=0.000e+00), time: 0.0012693880016740877
L: 0.50, u_super: 0.00825, sec: 3402.882, prod: 0.025893, t_ads: 23.8, t_des: 315.3, bed_util_ads: 0.207, bed_util_des: 0.203, des_th: 0.20341085118893218,frac_lost: 0.106, li_recovered:  8.780, time: 0.06156366200048069
   473 |    18920 |     40 |  0.0023671047 |             f
L: 0.50, u_super: 0.00864, sec: 496.311, prod: 0.195418, t_ads: 22.7, t_des: 20.3, bed_util_ads: 0.500, bed_util_des: 0.500, des_th: 0.4999883281652918,frac_lost: 0.107, li_recovered:  8.391, time: 0.01035526599844161
L: 0.50, u_super: 0.00225, sec: 130.139, prod: 0.046266, t_ads: 85.8, t_des: 98.2, bed_util_ads: 0.465, bed_util_des: 0.463, des_th: 0.4632840330855932,frac_lost: 0.102, li_recovered:  8.513, time: 0.012463396999010001
L: 0.50, u_super: 0.00027 — INFEASIBLE (li_recovered=0.000e+00), time: 0.004704956001660321
L: 0.50, u_super: 0.00418, sec: 228.310, prod: 0.094066, t_ads: 46.5, t_des: 42.0, bed_util_ads: 0.498, bed_util_des: 0.497, des_th: 0.49747677487811137,frac_lost: 0.106, li_recovered:  8.330, time: 0.013785858000119333
L: 0.50, u_super: 0.00776, sec: 441.156, prod: 0.175350, t_ads: 25.2, t_des: 23.2, bed_util_ads: 0.498, bed_util_des: 0.497, des_th: 0.49741436638300424,frac_lost: 0.107, li_recovered:  8.486, time: 0.009173249000014039
L: 0.50, u_super: 0.00163, sec: 88.594, prod: 0.035391, t_ads: 117.7, t_des: 101.4, bed_util_ads: 0.498, bed_util_des: 0.497, des_th: 0.4973911167412387,frac_lost: 0.106, li_recovered:  7.752, time: 0.006096476001403062
L: 0.50, u_super: 0.00799, sec: 455.960, prod: 0.180691, t_ads: 24.5, t_des: 22.2, bed_util_ads: 0.500, bed_util_des: 0.500, des_th: 0.4997202568873226,frac_lost: 0.108, li_recovered:  8.447, time: 0.007719578001342597
L: 0.50, u_super: 0.00330, sec: 181.960, prod: 0.072439, t_ads: 59.0, t_des: 59.1, bed_util_ads: 0.484, bed_util_des: 0.483, des_th: 0.4832475324765536,frac_lost: 0.107, li_recovered:  8.550, time: 0.01004492699939874
L: 0.50, u_super: 0.00679, sec: 399.615, prod: 0.146302, t_ads: 28.8, t_des: 30.5, bed_util_ads: 0.479, bed_util_des: 0.479, des_th: 0.4788304918443273,frac_lost: 0.107, li_recovered:  8.683, time: 0.008696796001459006
L: 0.50, u_super: 0.00121, sec: 65.547, prod: 0.026370, t_ads: 156.7, t_des: 147.1, bed_util_ads: 0.483, bed_util_des: 0.482, des_th: 0.4822026958132747,frac_lost: 0.104, li_recovered:  8.012, time: 0.01177227399966796
L: 0.50, u_super: 0.00210, sec: 113.699, prod: 0.046423, t_ads: 91.6, t_des: 88.6, bed_util_ads: 0.486, bed_util_des: 0.485, des_th: 0.4847990497413439,frac_lost: 0.105, li_recovered:  8.369, time: 0.009571999000399956
L: 0.50, u_super: 0.00036, sec: 49.193, prod: 0.003105, t_ads: 536.2, t_des: 2194.9, bed_util_ads: 0.279, bed_util_des: 0.241, des_th: 0.24070924719638234,frac_lost: 0.102, li_recovered:  8.481, time: 0.021087343999170116
L: 0.50, u_super: 0.00683, sec: 384.321, prod: 0.154285, t_ads: 28.6, t_des: 26.3, bed_util_ads: 0.498, bed_util_des: 0.498, des_th: 0.49760645216066945,frac_lost: 0.107, li_recovered:  8.478, time: 0.009371485999508877
L: 0.50, u_super: 0.00081 — INFEASIBLE (li_recovered=0.000e+00), time: 0.005308878999130684
L: 0.50, u_super: 0.00729, sec: 412.697, prod: 0.164706, t_ads: 26.9, t_des: 24.1, bed_util_ads: 0.500, bed_util_des: 0.500, des_th: 0.49993790994872467,frac_lost: 0.108, li_recovered:  8.401, time: 0.007908685000074911
L: 0.50, u_super: 0.00551, sec: 304.672, prod: 0.124457, t_ads: 35.2, t_des: 31.5, bed_util_ads: 0.500, bed_util_des: 0.500, des_th: 0.4997603268308319,frac_lost: 0.102, li_recovered:  8.308, time: 0.00825724199967226
L: 10.12, u_super: 0.00584 — INFEASIBLE (li_recovered=0.000e+00), time: 0.005363685999327572
L: 0.50, u_super: 0.00370, sec: 205.636, prod: 0.080938, t_ads: 52.7, t_des: 53.3, bed_util_ads: 0.482, bed_util_des: 0.482, des_th: 0.48168092562037146,frac_lost: 0.107, li_recovered:  8.581, time: 0.008876887999576866
L: 0.50, u_super: 0.00022, sec: 33.304, prod: 0.001618, t_ads: 922.1, t_des: 4421.4, bed_util_ads: 0.247, bed_util_des: 0.185, des_th: 0.1851696623157332,frac_lost: 0.104, li_recovered:  8.646, time: 0.0188306330001069
L: 7.79, u_super: 0.00210 — INFEASIBLE (li_recovered=0.000e+00), time: 0.0031809789998078486
L: 1.76, u_super: 0.00404, sec: 815.792, prod: 0.085918, t_ads: 165.1, t_des: 140.8, bed_util_ads: 0.494, bed_util_des: 0.493, des_th: 0.49342958236291495,frac_lost: 0.107, li_recovered:  26.281, time: 0.0062872870003047865
L: 0.50, u_super: 0.00086, sec: 47.388, prod: 0.018408, t_ads: 217.6, t_des: 209.0, bed_util_ads: 0.474, bed_util_des: 0.473, des_th: 0.4727805340618372,frac_lost: 0.105, li_recovered:  7.852, time: 0.009963156000594608
L: 0.50, u_super: 0.00461, sec: 252.589, prod: 0.103629, t_ads: 42.2, t_des: 37.7, bed_util_ads: 0.500, bed_util_des: 0.500, des_th: 0.49972225056325986,frac_lost: 0.105, li_recovered:  8.283, time: 0.006072764999771607
L: 0.50, u_super: 0.00175, sec: 96.156, prod: 0.037972, t_ads: 109.0, t_des: 91.9, bed_util_ads: 0.500, bed_util_des: 0.499, des_th: 0.4994589462041775,frac_lost: 0.103, li_recovered:  7.627, time: 0.00865531100134831
L: 0.50, u_super: 0.00605, sec: 342.503, prod: 0.134157, t_ads: 32.1, t_des: 32.2, bed_util_ads: 0.485, bed_util_des: 0.484, des_th: 0.48441123478146736,frac_lost: 0.101, li_recovered:  8.628, time: 0.010045686998637393
L: 0.50, u_super: 0.00792, sec: 449.707, prod: 0.179476, t_ads: 24.6, t_des: 22.5, bed_util_ads: 0.497, bed_util_des: 0.497, des_th: 0.49720501350986573,frac_lost: 0.102, li_recovered:  8.445, time: 0.006198854000103893
L: 0.50, u_super: 0.00964, sec: 559.791, prod: 0.218659, t_ads: 20.2, t_des: 18.4, bed_util_ads: 0.499, bed_util_des: 0.499, des_th: 0.4991446726659851,frac_lost: 0.104, li_recovered:  8.448, time: 0.0075936920002277475
L: 0.50, u_super: 0.00296, sec: 159.903, prod: 0.065898, t_ads: 65.2, t_des: 57.3, bed_util_ads: 0.499, bed_util_des: 0.499, des_th: 0.4988000655514959,frac_lost: 0.102, li_recovered:  8.073, time: 0.005843327999173198
L: 0.50, u_super: 0.00513, sec: 282.528, prod: 0.115920, t_ads: 37.8, t_des: 34.2, bed_util_ads: 0.498, bed_util_des: 0.498, des_th: 0.4977233109180098,frac_lost: 0.103, li_recovered:  8.351, time: 0.007767003000481054
L: 0.50, u_super: 0.00294, sec: 158.502, prod: 0.065628, t_ads: 65.6, t_des: 58.4, bed_util_ads: 0.498, bed_util_des: 0.498, des_th: 0.49771821826951285,frac_lost: 0.102, li_recovered:  8.142, time: 0.006976818000111962
L: 0.50, u_super: 0.00845, sec: 484.100, prod: 0.191099, t_ads: 23.2, t_des: 20.8, bed_util_ads: 0.500, bed_util_des: 0.500, des_th: 0.499687307864347,frac_lost: 0.106, li_recovered:  8.394, time: 0.006899818999954732
L: 0.50, u_super: 0.00990, sec: 581.757, prod: 0.222591, t_ads: 19.8, t_des: 19.0, bed_util_ads: 0.492, bed_util_des: 0.492, des_th: 0.49222564576825495,frac_lost: 0.106, li_recovered:  8.625, time: 0.010015684998506913
L: 0.50, u_super: 0.00782, sec: 446.358, prod: 0.176215, t_ads: 25.1, t_des: 23.5, bed_util_ads: 0.495, bed_util_des: 0.495, des_th: 0.49494561231510964,frac_lost: 0.108, li_recovered:  8.556, time: 0.005674429001373937
L: 0.50, u_super: 0.00966, sec: 565.699, prod: 0.217175, t_ads: 20.2, t_des: 19.5, bed_util_ads: 0.491, bed_util_des: 0.491, des_th: 0.4910972717246568,frac_lost: 0.104, li_recovered:  8.625, time: 0.005680406999090337
L: 0.50, u_super: 0.00115, sec: 62.223, prod: 0.024906, t_ads: 164.8, t_des: 151.8, bed_util_ads: 0.484, bed_util_des: 0.483, des_th: 0.48332543786535026,frac_lost: 0.103, li_recovered:  7.885, time: 0.005017554000005475
L: 0.50, u_super: 0.00175, sec: 94.239, prod: 0.038744, t_ads: 108.9, t_des: 99.2, bed_util_ads: 0.490, bed_util_des: 0.490, des_th: 0.48963215906751706,frac_lost: 0.102, li_recovered:  8.065, time: 0.007911006998256198
L: 0.50, u_super: 0.00418, sec: 228.452, prod: 0.094007, t_ads: 46.6, t_des: 41.9, bed_util_ads: 0.498, bed_util_des: 0.497, des_th: 0.497466285555729,frac_lost: 0.107, li_recovered:  8.315, time: 0.008822255000268342
L: 0.50, u_super: 0.00042, sec: 25.427, prod: 0.007984, t_ads: 419.6, t_des: 368.2, bed_util_ads: 0.465, bed_util_des: 0.465, des_th: 0.46516731136757505,frac_lost: 0.102, li_recovered:  6.291, time: 0.007705669000642956
L: 0.50, u_super: 0.00735, sec: 416.218, prod: 0.165815, t_ads: 26.7, t_des: 24.4, bed_util_ads: 0.498, bed_util_des: 0.497, des_th: 0.49747677487811137,frac_lost: 0.109, li_recovered:  8.480, time: 0.006754902000466245
L: 0.50, u_super: 0.00430, sec: 234.774, prod: 0.096660, t_ads: 45.3, t_des: 40.8, bed_util_ads: 0.497, bed_util_des: 0.497, des_th: 0.4972401430799894,frac_lost: 0.106, li_recovered:  8.323, time: 0.008481442999254796
   474 |    18960 |     40 |  0.0036284507 |             f
L: 0.50, u_super: 0.00496, sec: 272.818, prod: 0.111944, t_ads: 39.2, t_des: 35.8, bed_util_ads: 0.497, bed_util_des: 0.497, des_th: 0.4966081998519098,frac_lost: 0.104, li_recovered:  8.392, time: 0.0069317950001277495
L: 0.50, u_super: 0.00418, sec: 228.435, prod: 0.093725, t_ads: 46.5, t_des: 44.0, bed_util_ads: 0.491, bed_util_des: 0.491, des_th: 0.49103203323368266,frac_lost: 0.105, li_recovered:  8.481, time: 0.008568376000766875
L: 0.50, u_super: 0.00654, sec: 365.854, prod: 0.148122, t_ads: 29.6, t_des: 26.5, bed_util_ads: 0.500, bed_util_des: 0.500, des_th: 0.4998372321594059,frac_lost: 0.100, li_recovered:  8.312, time: 0.008311663999847951
L: 0.50, u_super: 0.00257, sec: 144.474, prod: 0.054670, t_ads: 75.2, t_des: 80.8, bed_util_ads: 0.474, bed_util_des: 0.472, des_th: 0.47251495498690704,frac_lost: 0.103, li_recovered:  8.531, time: 0.007909314999778871
L: 3.87, u_super: 0.00740, sec: 3426.460, prod: 0.158347, t_ads: 196.6, t_des: 177.7, bed_util_ads: 0.484, bed_util_des: 0.483, des_th: 0.4829660287985889,frac_lost: 0.105, li_recovered:  59.269, time: 0.005436716999611235
L: 0.50, u_super: 0.00367, sec: 199.180, prod: 0.082159, t_ads: 53.1, t_des: 49.2, bed_util_ads: 0.494, bed_util_des: 0.493, des_th: 0.49342958236291495,frac_lost: 0.107, li_recovered:  8.408, time: 0.008028596001167898
L: 0.50, u_super: 0.00935, sec: 541.100, prod: 0.212061, t_ads: 20.9, t_des: 18.9, bed_util_ads: 0.500, bed_util_des: 0.499, des_th: 0.49942132725883337,frac_lost: 0.104, li_recovered:  8.437, time: 0.008928375998948468
L: 0.50, u_super: 0.00037 — INFEASIBLE (li_recovered=0.000e+00), time: 0.0033435920013289433
L: 0.50, u_super: 0.00934, sec: 540.649, prod: 0.211630, t_ads: 20.9, t_des: 19.2, bed_util_ads: 0.497, bed_util_des: 0.497, des_th: 0.4971572343270366,frac_lost: 0.105, li_recovered:  8.492, time: 0.006347553000523476
L: 0.50, u_super: 0.00005, sec: 4.332, prod: 0.000668, t_ads: 3399.4, t_des: 5772.9, bed_util_ads: 0.251, bed_util_des: 0.185, des_th: 0.1851696623157332,frac_lost: 0.100, li_recovered:  6.129, time: 0.008000136998816743
L: 0.50, u_super: 0.00973, sec: 565.849, prod: 0.220707, t_ads: 20.0, t_des: 18.0, bed_util_ads: 0.500, bed_util_des: 0.500, des_th: 0.49983121094093436,frac_lost: 0.104, li_recovered:  8.401, time: 0.00617787800001679
L: 0.50, u_super: 0.00688, sec: 387.035, prod: 0.155336, t_ads: 28.4, t_des: 26.2, bed_util_ads: 0.497, bed_util_des: 0.497, des_th: 0.4966055839181644,frac_lost: 0.107, li_recovered:  8.483, time: 0.00642783200055419
L: 0.50, u_super: 0.00239, sec: 129.363, prod: 0.053059, t_ads: 80.5, t_des: 77.7, bed_util_ads: 0.485, bed_util_des: 0.485, des_th: 0.4847990497413439,frac_lost: 0.104, li_recovered:  8.397, time: 0.007793935999870882
L: 0.50, u_super: 0.00622, sec: 346.687, prod: 0.140829, t_ads: 31.2, t_des: 28.2, bed_util_ads: 0.499, bed_util_des: 0.498, des_th: 0.49848812173307,frac_lost: 0.102, li_recovered:  8.368, time: 0.005015356000512838
L: 0.50, u_super: 0.00551, sec: 304.549, prod: 0.124630, t_ads: 35.2, t_des: 32.2, bed_util_ads: 0.497, bed_util_des: 0.497, des_th: 0.49655041691213014,frac_lost: 0.102, li_recovered:  8.398, time: 0.006208390001120279
L: 0.50, u_super: 0.00086, sec: 47.388, prod: 0.018408, t_ads: 217.6, t_des: 209.0, bed_util_ads: 0.474, bed_util_des: 0.473, des_th: 0.4727805340618372,frac_lost: 0.105, li_recovered:  7.852, time: 0.004764639001223259
L: 0.50, u_super: 0.00373, sec: 202.600, prod: 0.083573, t_ads: 52.2, t_des: 46.7, bed_util_ads: 0.498, bed_util_des: 0.498, des_th: 0.4982517961490997,frac_lost: 0.107, li_recovered:  8.268, time: 0.005820167001729715
L: 0.50, u_super: 0.00461, sec: 261.544, prod: 0.100080, t_ads: 42.1, t_des: 44.1, bed_util_ads: 0.480, bed_util_des: 0.479, des_th: 0.47910910372877785,frac_lost: 0.103, li_recovered:  8.627, time: 0.005499861999851419
L: 0.50, u_super: 0.00293, sec: 158.312, prod: 0.065267, t_ads: 65.8, t_des: 58.0, bed_util_ads: 0.498, bed_util_des: 0.498, des_th: 0.4981685920153302,frac_lost: 0.102, li_recovered:  8.080, time: 0.0049641210007393965
L: 0.50, u_super: 0.00980, sec: 570.467, prod: 0.222068, t_ads: 19.9, t_des: 18.3, bed_util_ads: 0.498, bed_util_des: 0.498, des_th: 0.49768383144243905,frac_lost: 0.105, li_recovered:  8.497, time: 0.005696595999324927
L: 0.50, u_super: 0.00864, sec: 495.711, prod: 0.195655, t_ads: 22.6, t_des: 20.5, bed_util_ads: 0.499, bed_util_des: 0.499, des_th: 0.49912198379581013,frac_lost: 0.105, li_recovered:  8.440, time: 0.005125468998812721
L: 0.50, u_super: 0.00419, sec: 228.416, prod: 0.094095, t_ads: 46.5, t_des: 42.0, bed_util_ads: 0.498, bed_util_des: 0.497, des_th: 0.49747677487811137,frac_lost: 0.106, li_recovered:  8.323, time: 0.005464932999529992
L: 0.50, u_super: 0.00222, sec: 120.026, prod: 0.049085, t_ads: 87.0, t_des: 76.4, bed_util_ads: 0.498, bed_util_des: 0.498, des_th: 0.49759577677823336,frac_lost: 0.108, li_recovered:  8.025, time: 0.004948849000356859
L: 0.50, u_super: 0.00016, sec: 21.058, prod: 0.001427, t_ads: 1220.0, t_des: 4712.4, bed_util_ads: 0.253, bed_util_des: 0.185, des_th: 0.1851696623157332,frac_lost: 0.101, li_recovered:  8.467, time: 0.0155924930004403
L: 0.50, u_super: 0.00249, sec: 134.866, prod: 0.054987, t_ads: 77.7, t_des: 75.7, bed_util_ads: 0.485, bed_util_des: 0.485, des_th: 0.4847990497413439,frac_lost: 0.105, li_recovered:  8.435, time: 0.007995271998879616
L: 52.77, u_super: 0.00635 — INFEASIBLE (li_recovered=0.000e+00), time: 0.0018923009993159212
L: 18.72, u_super: 0.00522 — INFEASIBLE (li_recovered=0.000e+00), time: 0.0019373849991097813
L: 42.90, u_super: 0.00746 — INFEASIBLE (li_recovered=0.000e+00), time: 0.001545787999930326
L: 0.50, u_super: 0.00643, sec: 359.037, prod: 0.145613, t_ads: 30.2, t_des: 27.3, bed_util_ads: 0.499, bed_util_des: 0.499, des_th: 0.4991506715178038,frac_lost: 0.102, li_recovered:  8.369, time: 0.0058348769998701755
L: 9.12, u_super: 0.00538 — INFEASIBLE (li_recovered=0.000e+00), time: 0.0024707199991098605
L: 0.50, u_super: 0.00427, sec: 232.744, prod: 0.096097, t_ads: 45.4, t_des: 41.1, bed_util_ads: 0.498, bed_util_des: 0.497, des_th: 0.4974744822000155,frac_lost: 0.103, li_recovered:  8.316, time: 0.00504317800005083
L: 0.50, u_super: 0.00835, sec: 477.321, prod: 0.189028, t_ads: 23.4, t_des: 21.3, bed_util_ads: 0.499, bed_util_des: 0.499, des_th: 0.49912198379581013,frac_lost: 0.105, li_recovered:  8.444, time: 0.006852280999737559
L: 0.50, u_super: 0.00181, sec: 97.090, prod: 0.040093, t_ads: 105.4, t_des: 97.2, bed_util_ads: 0.490, bed_util_des: 0.490, des_th: 0.48963215906751706,frac_lost: 0.101, li_recovered:  8.126, time: 0.006975845000852132
L: 0.50, u_super: 0.00495, sec: 272.500, prod: 0.111503, t_ads: 39.3, t_des: 35.0, bed_util_ads: 0.500, bed_util_des: 0.500, des_th: 0.49980542514422766,frac_lost: 0.105, li_recovered:  8.287, time: 0.004852249998293701
L: 0.50, u_super: 0.00902, sec: 522.018, prod: 0.203853, t_ads: 21.7, t_des: 20.3, bed_util_ads: 0.496, bed_util_des: 0.495, des_th: 0.49546220389906453,frac_lost: 0.106, li_recovered:  8.564, time: 0.005724627999370568
L: 0.50, u_super: 0.00593, sec: 329.752, prod: 0.134037, t_ads: 32.7, t_des: 30.7, bed_util_ads: 0.494, bed_util_des: 0.493, des_th: 0.49342958236291495,frac_lost: 0.101, li_recovered:  8.498, time: 0.005354093000278226
L: 0.50, u_super: 0.00990, sec: 576.850, prod: 0.224484, t_ads: 19.7, t_des: 17.7, bed_util_ads: 0.500, bed_util_des: 0.500, des_th: 0.49984281662885416,frac_lost: 0.104, li_recovered:  8.394, time: 0.0049975630008702865
L: 0.50, u_super: 0.00656, sec: 366.397, prod: 0.148476, t_ads: 29.6, t_des: 26.7, bed_util_ads: 0.498, bed_util_des: 0.498, des_th: 0.4982517961490997,frac_lost: 0.101, li_recovered:  8.364, time: 0.007661570998607203
L: 30.95, u_super: 0.00920 — INFEASIBLE (li_recovered=0.000e+00), time: 0.0013689539991901256
L: 0.50, u_super: 0.00175, sec: 94.239, prod: 0.038744, t_ads: 108.9, t_des: 99.2, bed_util_ads: 0.490, bed_util_des: 0.490, des_th: 0.48963215906751706,frac_lost: 0.102, li_recovered:  8.065, time: 0.005558753999139299
   475 |    19000 |     40 |  0.0019274539 |             f
L: 0.50, u_super: 0.00115, sec: 62.984, prod: 0.024605, t_ads: 165.5, t_des: 166.7, bed_util_ads: 0.473, bed_util_des: 0.471, des_th: 0.47157419446522264,frac_lost: 0.105, li_recovered:  8.173, time: 0.006205793999470188
L: 0.50, u_super: 0.00354, sec: 191.615, prod: 0.079347, t_ads: 54.5, t_des: 48.6, bed_util_ads: 0.499, bed_util_des: 0.498, des_th: 0.4983323056106712,frac_lost: 0.100, li_recovered:  8.182, time: 0.006175103000714444
L: 0.50, u_super: 0.00976, sec: 567.372, prod: 0.221269, t_ads: 20.0, t_des: 18.2, bed_util_ads: 0.500, bed_util_des: 0.499, des_th: 0.49942132725883337,frac_lost: 0.105, li_recovered:  8.454, time: 0.0045365160003711935
L: 36.70, u_super: 0.00108 — INFEASIBLE (li_recovered=0.000e+00), time: 0.0007865229999879375
L: 0.50, u_super: 0.00901, sec: 519.788, prod: 0.203939, t_ads: 21.7, t_des: 19.9, bed_util_ads: 0.498, bed_util_des: 0.497, des_th: 0.4974033886754291,frac_lost: 0.106, li_recovered:  8.487, time: 0.007840653999664937
L: 6.16, u_super: 0.00840 — INFEASIBLE (li_recovered=0.000e+00), time: 0.0037682279998989543
L: 0.50, u_super: 0.00257, sec: 138.012, prod: 0.057327, t_ads: 75.1, t_des: 69.4, bed_util_ads: 0.492, bed_util_des: 0.491, des_th: 0.4913125147962342,frac_lost: 0.103, li_recovered:  8.279, time: 0.0051139730003342265
L: 0.50, u_super: 0.00735, sec: 416.136, prod: 0.166084, t_ads: 26.6, t_des: 23.9, bed_util_ads: 0.500, bed_util_des: 0.500, des_th: 0.49993790994872467,frac_lost: 0.108, li_recovered:  8.387, time: 0.0057049890001508174
L: 0.50, u_super: 0.00581, sec: 321.992, prod: 0.131256, t_ads: 33.4, t_des: 30.0, bed_util_ads: 0.499, bed_util_des: 0.499, des_th: 0.4992353672258345,frac_lost: 0.101, li_recovered:  8.315, time: 0.0064179380005953135
L: 0.50, u_super: 0.00551, sec: 304.171, prod: 0.124454, t_ads: 35.3, t_des: 32.3, bed_util_ads: 0.497, bed_util_des: 0.497, des_th: 0.4965589802210338,frac_lost: 0.102, li_recovered:  8.402, time: 0.004555253000944504
L: 0.50, u_super: 0.00327, sec: 176.669, prod: 0.073483, t_ads: 58.9, t_des: 55.0, bed_util_ads: 0.492, bed_util_des: 0.491, des_th: 0.4913125147962342,frac_lost: 0.101, li_recovered:  8.367, time: 0.009141905999058508
L: 40.03, u_super: 0.00990 — INFEASIBLE (li_recovered=0.000e+00), time: 0.002505477001250256
L: 0.50, u_super: 0.00457, sec: 250.802, prod: 0.102777, t_ads: 42.6, t_des: 37.9, bed_util_ads: 0.500, bed_util_des: 0.499, des_th: 0.49934294082496783,frac_lost: 0.106, li_recovered:  8.271, time: 0.009799939000004088
L: 0.50, u_super: 0.00134, sec: 74.349, prod: 0.028351, t_ads: 141.6, t_des: 117.5, bed_util_ads: 0.498, bed_util_des: 0.498, des_th: 0.4982517961490997,frac_lost: 0.102, li_recovered:  7.345, time: 0.00930087199958507
L: 0.50, u_super: 0.00872, sec: 502.215, prod: 0.197020, t_ads: 22.5, t_des: 20.8, bed_util_ads: 0.497, bed_util_des: 0.497, des_th: 0.4966577112161315,frac_lost: 0.108, li_recovered:  8.527, time: 0.009329582999271224
L: 0.50, u_super: 0.00551, sec: 304.641, prod: 0.124592, t_ads: 35.2, t_des: 32.3, bed_util_ads: 0.497, bed_util_des: 0.497, des_th: 0.49655041691213014,frac_lost: 0.103, li_recovered:  8.413, time: 0.006971823000640143
L: 0.50, u_super: 0.00414, sec: 225.427, prod: 0.093127, t_ads: 46.9, t_des: 42.4, bed_util_ads: 0.498, bed_util_des: 0.497, des_th: 0.49747677487811137,frac_lost: 0.104, li_recovered:  8.317, time: 0.006599734000701574
L: 0.50, u_super: 0.00706, sec: 398.394, prod: 0.159348, t_ads: 27.8, t_des: 24.9, bed_util_ads: 0.500, bed_util_des: 0.500, des_th: 0.49993790994872467,frac_lost: 0.109, li_recovered:  8.386, time: 0.007851473999835434
L: 0.50, u_super: 0.00495, sec: 271.974, prod: 0.111841, t_ads: 39.2, t_des: 35.9, bed_util_ads: 0.497, bed_util_des: 0.497, des_th: 0.4966081998519098,frac_lost: 0.102, li_recovered:  8.395, time: 0.004750571000840864
L: 0.50, u_super: 0.00219, sec: 118.384, prod: 0.048480, t_ads: 88.0, t_des: 77.5, bed_util_ads: 0.497, bed_util_des: 0.497, des_th: 0.4971572343270366,frac_lost: 0.107, li_recovered:  8.027, time: 0.00598536100005731
L: 0.50, u_super: 0.00043, sec: 55.576, prod: 0.003867, t_ads: 452.7, t_des: 1739.0, bed_util_ads: 0.291, bed_util_des: 0.258, des_th: 0.2584622595224704,frac_lost: 0.104, li_recovered:  8.475, time: 0.012350832999800332
L: 33.18, u_super: 0.00413 — INFEASIBLE (li_recovered=0.000e+00), time: 0.0010892620011873078
L: 19.68, u_super: 0.00533 — INFEASIBLE (li_recovered=0.000e+00), time: 0.0013102590000926284
L: 0.50, u_super: 0.00869, sec: 499.227, prod: 0.196668, t_ads: 22.5, t_des: 20.4, bed_util_ads: 0.499, bed_util_des: 0.499, des_th: 0.4988405505191292,frac_lost: 0.106, li_recovered:  8.442, time: 0.004727235000245855
L: 5.56, u_super: 0.00865 — INFEASIBLE (li_recovered=0.000e+00), time: 0.00481778199900873
L: 0.50, u_super: 0.00745, sec: 421.231, prod: 0.168838, t_ads: 26.0, t_des: 23.3, bed_util_ads: 0.500, bed_util_des: 0.500, des_th: 0.49959974313227523,frac_lost: 0.101, li_recovered:  8.332, time: 0.005764409999756026
L: 0.50, u_super: 0.00327, sec: 179.842, prod: 0.072162, t_ads: 59.5, t_des: 58.8, bed_util_ads: 0.485, bed_util_des: 0.484, des_th: 0.484000198150894,frac_lost: 0.108, li_recovered:  8.534, time: 0.009912293000525096
L: 0.50, u_super: 0.00175, sec: 94.074, prod: 0.038736, t_ads: 109.1, t_des: 100.5, bed_util_ads: 0.490, bed_util_des: 0.490, des_th: 0.48963215906751706,frac_lost: 0.103, li_recovered:  8.121, time: 0.01197091299945896
L: 0.50, u_super: 0.00858, sec: 493.405, prod: 0.193976, t_ads: 22.8, t_des: 21.2, bed_util_ads: 0.497, bed_util_des: 0.497, des_th: 0.49683896073946265,frac_lost: 0.107, li_recovered:  8.530, time: 0.010831941999640549
L: 0.50, u_super: 0.00419, sec: 228.613, prod: 0.094267, t_ads: 46.4, t_des: 41.9, bed_util_ads: 0.498, bed_util_des: 0.497, des_th: 0.4974682115692077,frac_lost: 0.105, li_recovered:  8.320, time: 0.008937417000197456
L: 0.50, u_super: 0.00581, sec: 321.912, prod: 0.131289, t_ads: 33.5, t_des: 30.7, bed_util_ads: 0.497, bed_util_des: 0.497, des_th: 0.4966032912400685,frac_lost: 0.103, li_recovered:  8.421, time: 0.008626771999843186
L: 0.50, u_super: 0.00746, sec: 478.054, prod: 0.149088, t_ads: 26.2, t_des: 32.2, bed_util_ads: 0.461, bed_util_des: 0.460, des_th: 0.46048501179274665,frac_lost: 0.106, li_recovered:  8.703, time: 0.01050046199998178
L: 0.50, u_super: 0.00867, sec: 498.332, prod: 0.196253, t_ads: 22.6, t_des: 20.5, bed_util_ads: 0.499, bed_util_des: 0.499, des_th: 0.49912198379581013,frac_lost: 0.107, li_recovered:  8.444, time: 0.014171380998959648
L: 0.50, u_super: 0.00378, sec: 209.381, prod: 0.083333, t_ads: 51.4, t_des: 51.4, bed_util_ads: 0.484, bed_util_des: 0.483, des_th: 0.48332543786535026,frac_lost: 0.105, li_recovered:  8.570, time: 0.012841179999668384
L: 0.50, u_super: 0.00781, sec: 444.796, prod: 0.176634, t_ads: 25.1, t_des: 23.0, bed_util_ads: 0.498, bed_util_des: 0.497, des_th: 0.4974033886754291,frac_lost: 0.107, li_recovered:  8.486, time: 0.008734474000448245
L: 0.50, u_super: 0.00005, sec: 4.329, prod: 0.000669, t_ads: 3441.8, t_des: 5832.7, bed_util_ads: 0.253, bed_util_des: 0.185, des_th: 0.1851696623157332,frac_lost: 0.103, li_recovered:  6.202, time: 0.010490415999811376
L: 21.67, u_super: 0.00261 — INFEASIBLE (li_recovered=0.000e+00), time: 0.0022834949995740317
L: 0.50, u_super: 0.00729, sec: 412.326, prod: 0.164792, t_ads: 26.8, t_des: 24.3, bed_util_ads: 0.499, bed_util_des: 0.499, des_th: 0.4988405505191292,frac_lost: 0.107, li_recovered:  8.430, time: 0.009716737000417197
L: 0.50, u_super: 0.00086, sec: 47.388, prod: 0.018408, t_ads: 217.6, t_des: 209.0, bed_util_ads: 0.474, bed_util_des: 0.473, des_th: 0.4727805340618372,frac_lost: 0.105, li_recovered:  7.852, time: 0.00925017700137687
L: 21.25, u_super: 0.00524 — INFEASIBLE (li_recovered=0.000e+00), time: 0.002442539998810389
   476 |    19040 |     40 |  0.0033447011 |             f
L: 0.50, u_super: 0.00821, sec: 469.073, prod: 0.185617, t_ads: 23.9, t_des: 21.6, bed_util_ads: 0.500, bed_util_des: 0.499, des_th: 0.49942132725883337,frac_lost: 0.107, li_recovered:  8.447, time: 0.00945784299983643
L: 0.50, u_super: 0.00843, sec: 482.644, prod: 0.190825, t_ads: 23.2, t_des: 21.3, bed_util_ads: 0.497, bed_util_des: 0.497, des_th: 0.4972401430799894,frac_lost: 0.105, li_recovered:  8.486, time: 0.010477212001205771
L: 0.99, u_super: 0.00974, sec: 1123.995, prod: 0.219398, t_ads: 39.4, t_des: 35.1, bed_util_ads: 0.500, bed_util_des: 0.499, des_th: 0.49942132725883337,frac_lost: 0.104, li_recovered:  16.345, time: 0.008114761998513131
L: 0.50, u_super: 0.00009, sec: 8.902, prod: 0.001026, t_ads: 2160.4, t_des: 5574.1, bed_util_ads: 0.255, bed_util_des: 0.176, des_th: 0.17651172700822085,frac_lost: 0.102, li_recovered:  7.933, time: 0.020350902999780374
L: 0.50, u_super: 0.00327, sec: 177.564, prod: 0.073113, t_ads: 58.9, t_des: 51.7, bed_util_ads: 0.499, bed_util_des: 0.499, des_th: 0.49921466586892277,frac_lost: 0.101, li_recovered:  8.090, time: 0.017835651999121183
L: 0.50, u_super: 0.00275, sec: 148.830, prod: 0.061192, t_ads: 70.2, t_des: 61.6, bed_util_ads: 0.498, bed_util_des: 0.498, des_th: 0.4981685920153302,frac_lost: 0.104, li_recovered:  8.064, time: 0.008855126001435565
L: 0.50, u_super: 0.00681, sec: 383.212, prod: 0.153898, t_ads: 28.7, t_des: 26.1, bed_util_ads: 0.498, bed_util_des: 0.498, des_th: 0.4981870781690581,frac_lost: 0.108, li_recovered:  8.438, time: 0.012815101999876788
L: 0.50, u_super: 0.00070, sec: 39.187, prod: 0.014816, t_ads: 263.7, t_des: 249.8, bed_util_ads: 0.472, bed_util_des: 0.470, des_th: 0.47022196880304684,frac_lost: 0.106, li_recovered:  7.609, time: 0.011251757001446094
L: 0.50, u_super: 0.00985, sec: 696.830, prod: 0.184038, t_ads: 19.8, t_des: 27.6, bed_util_ads: 0.446, bed_util_des: 0.445, des_th: 0.44549642927037897,frac_lost: 0.105, li_recovered:  8.724, time: 0.020319306999226683
L: 0.50, u_super: 0.00756, sec: 428.924, prod: 0.170677, t_ads: 26.0, t_des: 23.5, bed_util_ads: 0.499, bed_util_des: 0.499, des_th: 0.49931889709202276,frac_lost: 0.109, li_recovered:  8.438, time: 0.011326739000651287
L: 0.50, u_super: 0.00098, sec: 53.344, prod: 0.020965, t_ads: 192.7, t_des: 176.2, bed_util_ads: 0.484, bed_util_des: 0.483, des_th: 0.48270084964775994,frac_lost: 0.104, li_recovered:  7.736, time: 0.009808838998651481
L: 19.99, u_super: 0.00078 — INFEASIBLE (li_recovered=0.000e+00), time: 0.0017664959996182006
L: 0.50, u_super: 0.00084, sec: 47.727, prod: 0.017214, t_ads: 221.6, t_des: 184.9, bed_util_ads: 0.490, bed_util_des: 0.490, des_th: 0.48998580189755553,frac_lost: 0.102, li_recovered:  6.996, time: 0.011833159000161686
L: 0.50, u_super: 0.00596, sec: 331.143, prod: 0.134710, t_ads: 32.6, t_des: 29.1, bed_util_ads: 0.500, bed_util_des: 0.500, des_th: 0.49980020691476873,frac_lost: 0.101, li_recovered:  8.308, time: 0.011215814000024693
L: 9.96, u_super: 0.00935 — INFEASIBLE (li_recovered=0.000e+00), time: 0.005806910998217063
L: 0.50, u_super: 0.00496, sec: 308.116, prod: 0.098913, t_ads: 39.2, t_des: 48.4, bed_util_ads: 0.459, bed_util_des: 0.458, des_th: 0.458087638260255,frac_lost: 0.102, li_recovered:  8.661, time: 0.017006494001179817
L: 0.82, u_super: 0.00050 — INFEASIBLE (li_recovered=0.000e+00), time: 0.005027182000048924
L: 0.50, u_super: 0.00986, sec: 574.056, prod: 0.223464, t_ads: 19.8, t_des: 18.0, bed_util_ads: 0.500, bed_util_des: 0.500, des_th: 0.499687307864347,frac_lost: 0.105, li_recovered:  8.452, time: 0.01132926900027087
L: 0.50, u_super: 0.00422, sec: 230.333, prod: 0.094704, t_ads: 46.2, t_des: 41.2, bed_util_ads: 0.499, bed_util_des: 0.499, des_th: 0.49926606747458335,frac_lost: 0.106, li_recovered:  8.273, time: 0.010051379998913035
L: 0.50, u_super: 0.00042, sec: 25.429, prod: 0.007983, t_ads: 419.7, t_des: 368.2, bed_util_ads: 0.465, bed_util_des: 0.465, des_th: 0.46516731136757505,frac_lost: 0.102, li_recovered:  6.290, time: 0.005339736999303568
L: 0.50, u_super: 0.00598, sec: 332.270, prod: 0.135264, t_ads: 32.5, t_des: 29.8, bed_util_ads: 0.497, bed_util_des: 0.497, des_th: 0.49680186167285456,frac_lost: 0.103, li_recovered:  8.420, time: 0.008531468000001041
L: 0.50, u_super: 0.00693, sec: 393.955, prod: 0.155223, t_ads: 28.3, t_des: 27.1, bed_util_ads: 0.491, bed_util_des: 0.491, des_th: 0.49075176415003885,frac_lost: 0.109, li_recovered:  8.601, time: 0.007789023000441375
L: 0.50, u_super: 0.00258, sec: 138.798, prod: 0.057592, t_ads: 74.7, t_des: 69.7, bed_util_ads: 0.492, bed_util_des: 0.491, des_th: 0.4913125147962342,frac_lost: 0.104, li_recovered:  8.319, time: 0.006557439000971499
L: 0.50, u_super: 0.00438, sec: 239.717, prod: 0.098488, t_ads: 44.4, t_des: 39.6, bed_util_ads: 0.499, bed_util_des: 0.499, des_th: 0.4989959252887952,frac_lost: 0.105, li_recovered:  8.272, time: 0.008769205000135116
L: 0.50, u_super: 0.00472, sec: 258.544, prod: 0.106252, t_ads: 41.2, t_des: 37.2, bed_util_ads: 0.498, bed_util_des: 0.498, des_th: 0.49776062471369836,frac_lost: 0.104, li_recovered:  8.329, time: 0.011070201000620727
L: 59.96, u_super: 0.00289 — INFEASIBLE (li_recovered=0.000e+00), time: 0.001879821998954867
L: 0.50, u_super: 0.00912, sec: 526.190, prod: 0.206628, t_ads: 21.4, t_des: 19.5, bed_util_ads: 0.499, bed_util_des: 0.499, des_th: 0.4992052940617523,frac_lost: 0.105, li_recovered:  8.446, time: 0.01183506899906206
L: 0.50, u_super: 0.00233, sec: 126.076, prod: 0.051339, t_ads: 83.1, t_des: 72.1, bed_util_ads: 0.499, bed_util_des: 0.499, des_th: 0.49921503286951563,frac_lost: 0.107, li_recovered:  7.969, time: 0.009116705999986152
L: 0.50, u_super: 0.00393, sec: 213.751, prod: 0.088103, t_ads: 49.5, t_des: 44.3, bed_util_ads: 0.499, bed_util_des: 0.499, des_th: 0.49882214631200394,frac_lost: 0.106, li_recovered:  8.267, time: 0.007136023999919416
L: 5.98, u_super: 0.00825 — INFEASIBLE (li_recovered=0.000e+00), time: 0.005755456000770209
L: 0.50, u_super: 0.00381, sec: 207.261, prod: 0.085307, t_ads: 51.2, t_des: 45.8, bed_util_ads: 0.499, bed_util_des: 0.499, des_th: 0.4988257777661245,frac_lost: 0.108, li_recovered:  8.275, time: 0.006634147999648121
L: 0.50, u_super: 0.00419, sec: 229.569, prod: 0.093598, t_ads: 46.5, t_des: 44.5, bed_util_ads: 0.490, bed_util_des: 0.490, des_th: 0.4896042110826292,frac_lost: 0.106, li_recovered:  8.514, time: 0.006533886000397615
L: 0.50, u_super: 0.00430, sec: 234.905, prod: 0.096606, t_ads: 45.2, t_des: 40.4, bed_util_ads: 0.500, bed_util_des: 0.499, des_th: 0.4993984834671961,frac_lost: 0.105, li_recovered:  8.271, time: 0.007164045999161317
L: 0.50, u_super: 0.00706, sec: 396.858, prod: 0.159904, t_ads: 27.5, t_des: 24.6, bed_util_ads: 0.500, bed_util_des: 0.500, des_th: 0.49985856025953374,frac_lost: 0.100, li_recovered:  8.334, time: 0.00923352999961935
L: 0.50, u_super: 0.00614, sec: 2867.398, prod: 0.016527, t_ads: 31.9, t_des: 499.3, bed_util_ads: 0.193, bed_util_des: 0.188, des_th: 0.18831002803923225,frac_lost: 0.103, li_recovered:  8.780, time: 0.06638349199965887
L: 0.50, u_super: 0.00980, sec: 661.079, prod: 0.191571, t_ads: 19.9, t_des: 25.6, bed_util_ads: 0.456, bed_util_des: 0.455, des_th: 0.4550692290681824,frac_lost: 0.103, li_recovered:  8.719, time: 0.011075277001509676
L: 0.50, u_super: 0.00005 — INFEASIBLE (li_recovered=0.000e+00), time: 0.001584983998327516
L: 0.50, u_super: 0.00023 — INFEASIBLE (li_recovered=0.000e+00), time: 0.005514165999557008
L: 0.50, u_super: 0.00057 — INFEASIBLE (li_recovered=0.000e+00), time: 0.004975705000106245
L: 0.50, u_super: 0.00633, sec: 3166.045, prod: 0.015948, t_ads: 30.9, t_des: 519.6, bed_util_ads: 0.187, bed_util_des: 0.183, des_th: 0.18289755616307515,frac_lost: 0.102, li_recovered:  8.780, time: 0.07277020600122341
   477 |    19080 |     40 |  0.0048935573 |             f
L: 0.50, u_super: 0.00435, sec: 238.260, prod: 0.097759, t_ads: 44.8, t_des: 39.9, bed_util_ads: 0.500, bed_util_des: 0.500, des_th: 0.4997540636198755,frac_lost: 0.107, li_recovered:  8.281, time: 0.009092517999306438
L: 0.50, u_super: 0.00732, sec: 427.261, prod: 0.160214, t_ads: 26.7, t_des: 27.4, bed_util_ads: 0.483, bed_util_des: 0.483, des_th: 0.48307122419759735,frac_lost: 0.106, li_recovered:  8.677, time: 0.01014181800019287
L: 0.50, u_super: 0.00706, sec: 407.130, prod: 0.155869, t_ads: 27.7, t_des: 27.9, bed_util_ads: 0.485, bed_util_des: 0.485, des_th: 0.48476937296779615,frac_lost: 0.106, li_recovered:  8.659, time: 0.009881353998935083
L: 0.50, u_super: 0.00872, sec: 502.215, prod: 0.197020, t_ads: 22.5, t_des: 20.8, bed_util_ads: 0.497, bed_util_des: 0.497, des_th: 0.4966577112161315,frac_lost: 0.108, li_recovered:  8.527, time: 0.010784370999317616
L: 0.50, u_super: 0.00359, sec: 195.401, prod: 0.080389, t_ads: 54.1, t_des: 47.7, bed_util_ads: 0.500, bed_util_des: 0.500, des_th: 0.4996058517590389,frac_lost: 0.106, li_recovered:  8.181, time: 0.007461782999598654
L: 0.50, u_super: 0.00582, sec: 322.337, prod: 0.131549, t_ads: 33.4, t_des: 30.6, bed_util_ads: 0.497, bed_util_des: 0.497, des_th: 0.4966032912400685,frac_lost: 0.102, li_recovered:  8.409, time: 0.007726218998868717
L: 0.50, u_super: 0.00005, sec: 4.361, prod: 0.000664, t_ads: 3602.6, t_des: 6714.1, bed_util_ads: 0.247, bed_util_des: 0.169, des_th: 0.16893497787057762,frac_lost: 0.102, li_recovered:  6.849, time: 0.010129967000466422
L: 0.50, u_super: 0.00543, sec: 301.871, prod: 0.121595, t_ads: 35.8, t_des: 34.7, bed_util_ads: 0.489, bed_util_des: 0.489, des_th: 0.4891817344049901,frac_lost: 0.102, li_recovered:  8.567, time: 0.008901563000108581
L: 0.50, u_super: 0.00974, sec: 566.104, prod: 0.220883, t_ads: 20.0, t_des: 18.2, bed_util_ads: 0.500, bed_util_des: 0.499, des_th: 0.49942132725883337,frac_lost: 0.104, li_recovered:  8.451, time: 0.010712878000049386
L: 0.50, u_super: 0.00472, sec: 258.784, prod: 0.106220, t_ads: 41.3, t_des: 37.2, bed_util_ads: 0.498, bed_util_des: 0.498, des_th: 0.49776062471369836,frac_lost: 0.106, li_recovered:  8.341, time: 0.009146761000010883
L: 0.50, u_super: 0.00308, sec: 166.066, prod: 0.069108, t_ads: 62.5, t_des: 58.4, bed_util_ads: 0.492, bed_util_des: 0.492, des_th: 0.4917231247399249,frac_lost: 0.101, li_recovered:  8.354, time: 0.011876262000441784
L: 0.50, u_super: 0.00354, sec: 191.612, prod: 0.079348, t_ads: 54.5, t_des: 48.6, bed_util_ads: 0.499, bed_util_des: 0.498, des_th: 0.4983323056106712,frac_lost: 0.100, li_recovered:  8.182, time: 0.011418822999985423
L: 0.50, u_super: 0.00720, sec: 405.855, prod: 0.163142, t_ads: 26.9, t_des: 24.1, bed_util_ads: 0.500, bed_util_des: 0.500, des_th: 0.49991969553958265,frac_lost: 0.100, li_recovered:  8.318, time: 0.011786990000473452
L: 0.50, u_super: 0.00115, sec: 62.294, prod: 0.024878, t_ads: 165.5, t_des: 157.7, bed_util_ads: 0.481, bed_util_des: 0.479, des_th: 0.47956119063328706,frac_lost: 0.106, li_recovered:  8.041, time: 0.009870298999885563
L: 0.50, u_super: 0.00745, sec: 421.231, prod: 0.168838, t_ads: 26.0, t_des: 23.3, bed_util_ads: 0.500, bed_util_des: 0.500, des_th: 0.49959974313227523,frac_lost: 0.101, li_recovered:  8.332, time: 0.009596064999641385
L: 0.50, u_super: 0.00674, sec: 378.682, prod: 0.152151, t_ads: 29.0, t_des: 26.6, bed_util_ads: 0.498, bed_util_des: 0.498, des_th: 0.497595736841056,frac_lost: 0.107, li_recovered:  8.471, time: 0.011510890000863583
L: 0.50, u_super: 0.00746, sec: 421.582, prod: 0.169150, t_ads: 26.0, t_des: 23.8, bed_util_ads: 0.498, bed_util_des: 0.497, des_th: 0.49739027138168795,frac_lost: 0.102, li_recovered:  8.431, time: 0.01064870099980908
L: 2.11, u_super: 0.00975, sec: 2462.532, prod: 0.215116, t_ads: 83.5, t_des: 72.3, bed_util_ads: 0.500, bed_util_des: 0.499, des_th: 0.49941274992125434,frac_lost: 0.106, li_recovered:  33.533, time: 0.012851297000452178
L: 0.50, u_super: 0.00197, sec: 105.556, prod: 0.043718, t_ads: 97.1, t_des: 89.6, bed_util_ads: 0.490, bed_util_des: 0.490, des_th: 0.48963215906751706,frac_lost: 0.100, li_recovered:  8.160, time: 0.013116488000378013
L: 0.50, u_super: 0.00260, sec: 140.531, prod: 0.057783, t_ads: 74.1, t_des: 65.0, bed_util_ads: 0.499, bed_util_des: 0.499, des_th: 0.4990438572647727,frac_lost: 0.103, li_recovered:  8.039, time: 0.009720055999423494
L: 0.50, u_super: 0.00163, sec: 88.594, prod: 0.035391, t_ads: 117.7, t_des: 101.4, bed_util_ads: 0.498, bed_util_des: 0.497, des_th: 0.4973911167412387,frac_lost: 0.106, li_recovered:  7.752, time: 0.01165552100064815
L: 5.93, u_super: 0.00815 — INFEASIBLE (li_recovered=0.000e+00), time: 0.005102868000903982
L: 0.50, u_super: 0.00513, sec: 281.878, prod: 0.115755, t_ads: 37.8, t_des: 34.4, bed_util_ads: 0.498, bed_util_des: 0.498, des_th: 0.4977233109180098,frac_lost: 0.102, li_recovered:  8.357, time: 0.010430296999402344
L: 0.50, u_super: 0.00964, sec: 559.914, prod: 0.218611, t_ads: 20.2, t_des: 18.2, bed_util_ads: 0.500, bed_util_des: 0.500, des_th: 0.49994816973083683,frac_lost: 0.104, li_recovered:  8.407, time: 0.009549689000778017
L: 0.50, u_super: 0.00344, sec: 186.737, prod: 0.077052, t_ads: 56.5, t_des: 50.6, bed_util_ads: 0.497, bed_util_des: 0.497, des_th: 0.49717106374170017,frac_lost: 0.107, li_recovered:  8.251, time: 0.009337375000541215
L: 0.50, u_super: 0.00438, sec: 239.919, prod: 0.098340, t_ads: 44.5, t_des: 39.6, bed_util_ads: 0.499, bed_util_des: 0.499, des_th: 0.4989959252887952,frac_lost: 0.107, li_recovered:  8.269, time: 0.009686844001407735
L: 0.50, u_super: 0.00009, sec: 14.721, prod: 0.000594, t_ads: 2411.6, t_des: 13108.4, bed_util_ads: 0.207, bed_util_des: 0.100, des_th: 0.10031971868241032,frac_lost: 0.100, li_recovered:  9.213, time: 0.036559987000146066
L: 0.50, u_super: 0.00622, sec: 346.908, prod: 0.140739, t_ads: 31.3, t_des: 28.2, bed_util_ads: 0.499, bed_util_des: 0.498, des_th: 0.49848812173307,frac_lost: 0.103, li_recovered:  8.373, time: 0.013472566999553237
L: 0.50, u_super: 0.00949, sec: 550.284, prod: 0.215323, t_ads: 20.6, t_des: 18.7, bed_util_ads: 0.499, bed_util_des: 0.499, des_th: 0.49908197666152354,frac_lost: 0.104, li_recovered:  8.447, time: 0.012082246999852941
L: 0.50, u_super: 0.00495, sec: 278.166, prod: 0.109351, t_ads: 39.1, t_des: 39.7, bed_util_ads: 0.483, bed_util_des: 0.482, des_th: 0.48250350810380743,frac_lost: 0.101, li_recovered:  8.613, time: 0.011489785998492152
L: 0.50, u_super: 0.00364, sec: 197.980, prod: 0.081553, t_ads: 53.4, t_des: 50.0, bed_util_ads: 0.492, bed_util_des: 0.491, des_th: 0.4913125147962342,frac_lost: 0.106, li_recovered:  8.435, time: 0.01123770300000615
L: 0.50, u_super: 0.00872, sec: 501.025, prod: 0.197488, t_ads: 22.4, t_des: 20.4, bed_util_ads: 0.499, bed_util_des: 0.499, des_th: 0.49885418960289657,frac_lost: 0.106, li_recovered:  8.448, time: 0.010232245998849976
L: 0.50, u_super: 0.00781, sec: 444.733, prod: 0.176659, t_ads: 25.1, t_des: 22.8, bed_util_ads: 0.500, bed_util_des: 0.500, des_th: 0.49954328662393666,frac_lost: 0.108, li_recovered:  8.449, time: 0.014485612999123987
L: 0.50, u_super: 0.00161, sec: 88.616, prod: 0.034447, t_ads: 119.2, t_des: 99.2, bed_util_ads: 0.500, bed_util_des: 0.500, des_th: 0.49993432897160506,frac_lost: 0.106, li_recovered:  7.522, time: 0.010105010998813668
L: 0.50, u_super: 0.00651, sec: 538.074, prod: 0.099542, t_ads: 30.0, t_des: 57.5, bed_util_ads: 0.406, bed_util_des: 0.404, des_th: 0.40434990203708027,frac_lost: 0.104, li_recovered:  8.714, time: 0.018086364998453064
L: 0.50, u_super: 0.00831, sec: 475.523, prod: 0.187973, t_ads: 23.5, t_des: 21.6, bed_util_ads: 0.497, bed_util_des: 0.497, des_th: 0.4972401430799894,frac_lost: 0.106, li_recovered:  8.490, time: 0.010488878999240114
L: 37.48, u_super: 0.00581 — INFEASIBLE (li_recovered=0.000e+00), time: 0.0023205380002764286
L: 0.50, u_super: 0.00175, sec: 860.158, prod: 0.004219, t_ads: 112.4, t_des: 1975.4, bed_util_ads: 0.179, bed_util_des: 0.164, des_th: 0.16373166845256987,frac_lost: 0.102, li_recovered:  8.809, time: 0.08866362899971136
L: 0.50, u_super: 0.00721, sec: 406.196, prod: 0.163504, t_ads: 26.9, t_des: 24.3, bed_util_ads: 0.499, bed_util_des: 0.498, des_th: 0.49842323284703854,frac_lost: 0.101, li_recovered:  8.380, time: 0.008719284998733201
L: 0.50, u_super: 0.00404, sec: 254.396, prod: 0.078421, t_ads: 48.1, t_des: 62.1, bed_util_ads: 0.453, bed_util_des: 0.451, des_th: 0.4514967777077706,frac_lost: 0.103, li_recovered:  8.640, time: 0.008811949001028552
   478 |    19120 |     40 |  0.0029429847 |             f
L: 0.50, u_super: 0.00015, sec: 31.038, prod: 0.000799, t_ads: 1415.3, t_des: 10005.6, bed_util_ads: 0.207, bed_util_des: 0.118, des_th: 0.11774716231253801,frac_lost: 0.102, li_recovered:  9.130, time: 0.0567087060007907
L: 0.50, u_super: 0.00662, sec: 3179.312, prod: 0.017475, t_ads: 29.6, t_des: 472.9, bed_util_ads: 0.191, bed_util_des: 0.187, des_th: 0.1870886934068824,frac_lost: 0.103, li_recovered:  8.781, time: 0.10227846700036025
L: 0.50, u_super: 0.00843, sec: 483.089, prod: 0.190649, t_ads: 23.2, t_des: 21.3, bed_util_ads: 0.497, bed_util_des: 0.497, des_th: 0.4972404324140512,frac_lost: 0.107, li_recovered:  8.488, time: 0.012611975998879643
L: 0.50, u_super: 0.00720, sec: 405.366, prod: 0.163216, t_ads: 27.0, t_des: 24.5, bed_util_ads: 0.499, bed_util_des: 0.499, des_th: 0.49915606626880277,frac_lost: 0.101, li_recovered:  8.394, time: 0.015639123999790172
L: 0.50, u_super: 0.00777, sec: 440.455, prod: 0.176343, t_ads: 25.0, t_des: 22.6, bed_util_ads: 0.500, bed_util_des: 0.500, des_th: 0.4995480536642545,frac_lost: 0.100, li_recovered:  8.381, time: 0.013400820000242675
L: 0.50, u_super: 0.00130, sec: 72.619, prod: 0.027596, t_ads: 145.8, t_des: 120.6, bed_util_ads: 0.499, bed_util_des: 0.499, des_th: 0.49890528910025805,frac_lost: 0.105, li_recovered:  7.350, time: 0.009851996001088992
L: 0.50, u_super: 0.00805, sec: 459.124, prod: 0.182331, t_ads: 24.3, t_des: 22.0, bed_util_ads: 0.499, bed_util_des: 0.499, des_th: 0.4988252343145042,frac_lost: 0.106, li_recovered:  8.440, time: 0.013022962999457377
L: 35.09, u_super: 0.00935 — INFEASIBLE (li_recovered=0.000e+00), time: 0.0035649080000439426
L: 0.50, u_super: 0.00717, sec: 403.616, prod: 0.162620, t_ads: 27.0, t_des: 24.5, bed_util_ads: 0.499, bed_util_des: 0.498, des_th: 0.49848812173307,frac_lost: 0.100, li_recovered:  8.377, time: 0.012907391999760875
L: 44.90, u_super: 0.00260 — INFEASIBLE (li_recovered=0.000e+00), time: 0.0020756519988935906
L: 0.50, u_super: 0.00005, sec: 4.327, prod: 0.000669, t_ads: 3439.4, t_des: 5944.9, bed_util_ads: 0.251, bed_util_des: 0.182, des_th: 0.18225486657557735,frac_lost: 0.100, li_recovered:  6.278, time: 0.015492604999963078
L: 0.50, u_super: 0.00538, sec: 296.659, prod: 0.121632, t_ads: 36.0, t_des: 33.1, bed_util_ads: 0.497, bed_util_des: 0.497, des_th: 0.49660716215450335,frac_lost: 0.102, li_recovered:  8.406, time: 0.012030586000037147
L: 0.50, u_super: 0.00891, sec: 513.225, prod: 0.202025, t_ads: 21.9, t_des: 19.9, bed_util_ads: 0.499, bed_util_des: 0.499, des_th: 0.49885418960289657,frac_lost: 0.105, li_recovered:  8.445, time: 0.011371763999704854
L: 0.50, u_super: 0.00674, sec: 378.809, prod: 0.152099, t_ads: 29.1, t_des: 26.4, bed_util_ads: 0.499, bed_util_des: 0.499, des_th: 0.4988027998047693,frac_lost: 0.109, li_recovered:  8.434, time: 0.008950027999162558
L: 0.50, u_super: 0.00843, sec: 482.954, prod: 0.190703, t_ads: 23.2, t_des: 20.8, bed_util_ads: 0.500, bed_util_des: 0.500, des_th: 0.4999858796267114,frac_lost: 0.106, li_recovered:  8.385, time: 0.009678192000137642
L: 0.50, u_super: 0.00382, sec: 227.968, prod: 0.078118, t_ads: 50.9, t_des: 59.5, bed_util_ads: 0.465, bed_util_des: 0.464, des_th: 0.4635673042441748,frac_lost: 0.105, li_recovered:  8.625, time: 0.010316283000065596
L: 0.50, u_super: 0.00097, sec: 53.276, prod: 0.020927, t_ads: 193.1, t_des: 176.6, bed_util_ads: 0.483, bed_util_des: 0.482, des_th: 0.48179362247136753,frac_lost: 0.104, li_recovered:  7.737, time: 0.006464422000135528
L: 34.20, u_super: 0.00616 — INFEASIBLE (li_recovered=0.000e+00), time: 0.002601404001325136
L: 0.50, u_super: 0.00530, sec: 291.835, prod: 0.119691, t_ads: 36.6, t_des: 33.6, bed_util_ads: 0.497, bed_util_des: 0.497, des_th: 0.4966081998519098,frac_lost: 0.102, li_recovered:  8.400, time: 0.008878106000338448
L: 0.50, u_super: 0.00175, sec: 93.880, prod: 0.038660, t_ads: 109.2, t_des: 100.5, bed_util_ads: 0.490, bed_util_des: 0.490, des_th: 0.48963215906751706,frac_lost: 0.102, li_recovered:  8.108, time: 0.009099770999455359
L: 0.50, u_super: 0.00031 — INFEASIBLE (li_recovered=0.000e+00), time: 0.00407657100004144
L: 0.50, u_super: 0.00582, sec: 323.324, prod: 0.131147, t_ads: 33.6, t_des: 30.7, bed_util_ads: 0.497, bed_util_des: 0.497, des_th: 0.49660300190600676,frac_lost: 0.108, li_recovered:  8.433, time: 0.008999203000712441
L: 0.50, u_super: 0.00218, sec: 118.398, prod: 0.048116, t_ads: 87.6, t_des: 75.8, bed_util_ads: 0.499, bed_util_des: 0.499, des_th: 0.49903846251377365,frac_lost: 0.100, li_recovered:  7.859, time: 0.008277758999611251
L: 14.08, u_super: 0.00754 — INFEASIBLE (li_recovered=0.000e+00), time: 0.0029389610008365707
L: 0.50, u_super: 0.00896, sec: 516.013, prod: 0.202940, t_ads: 21.8, t_des: 19.8, bed_util_ads: 0.498, bed_util_des: 0.498, des_th: 0.4983377806100325,frac_lost: 0.105, li_recovered:  8.453, time: 0.007886834999226267
L: 0.50, u_super: 0.00989, sec: 575.884, prod: 0.224219, t_ads: 19.8, t_des: 17.9, bed_util_ads: 0.500, bed_util_des: 0.499, des_th: 0.4994502825456754,frac_lost: 0.105, li_recovered:  8.447, time: 0.006184421999932965
L: 0.50, u_super: 0.00543, sec: 299.679, prod: 0.122485, t_ads: 35.8, t_des: 32.0, bed_util_ads: 0.500, bed_util_des: 0.500, des_th: 0.4997038901465391,frac_lost: 0.102, li_recovered:  8.307, time: 0.005687820001185173
L: 0.50, u_super: 0.00098 — INFEASIBLE (li_recovered=0.000e+00), time: 0.003998451000370551
L: 0.50, u_super: 0.00543, sec: 343.924, prod: 0.106728, t_ads: 35.8, t_des: 45.4, bed_util_ads: 0.456, bed_util_des: 0.455, des_th: 0.4550007584016079,frac_lost: 0.103, li_recovered:  8.672, time: 0.010117305000676424
L: 0.50, u_super: 0.00340, sec: 184.656, prod: 0.076089, t_ads: 57.2, t_des: 53.6, bed_util_ads: 0.492, bed_util_des: 0.491, des_th: 0.49130864372371413,frac_lost: 0.107, li_recovered:  8.427, time: 0.006359347999023157
L: 0.50, u_super: 0.00594, sec: 330.756, prod: 0.133820, t_ads: 33.0, t_des: 29.6, bed_util_ads: 0.499, bed_util_des: 0.499, des_th: 0.4991506715178038,frac_lost: 0.109, li_recovered:  8.370, time: 0.007115720000001602
L: 0.50, u_super: 0.00929, sec: 537.411, prod: 0.210648, t_ads: 21.0, t_des: 19.3, bed_util_ads: 0.498, bed_util_des: 0.497, des_th: 0.49741636878153517,frac_lost: 0.104, li_recovered:  8.494, time: 0.006451051998737967
L: 0.50, u_super: 0.00322, sec: 173.882, prod: 0.072049, t_ads: 59.9, t_des: 53.4, bed_util_ads: 0.497, bed_util_des: 0.497, des_th: 0.49681686300613886,frac_lost: 0.101, li_recovered:  8.167, time: 0.008107628000288969
L: 0.50, u_super: 0.00984, sec: 572.737, prod: 0.223080, t_ads: 19.9, t_des: 18.0, bed_util_ads: 0.500, bed_util_des: 0.499, des_th: 0.49942132725883337,frac_lost: 0.105, li_recovered:  8.442, time: 0.006726592999257264
L: 0.50, u_super: 0.00472, sec: 258.929, prod: 0.106094, t_ads: 41.3, t_des: 36.9, bed_util_ads: 0.499, bed_util_des: 0.499, des_th: 0.49862347973496846,frac_lost: 0.106, li_recovered:  8.291, time: 0.009311481000622734
L: 63.44, u_super: 0.00217 — INFEASIBLE (li_recovered=0.000e+00), time: 0.0013070830009382917
L: 0.50, u_super: 0.00056 — INFEASIBLE (li_recovered=0.000e+00), time: 0.0037814949992025504
L: 0.50, u_super: 0.00674, sec: 378.867, prod: 0.152239, t_ads: 29.0, t_des: 26.6, bed_util_ads: 0.498, bed_util_des: 0.498, des_th: 0.4975773663929879,frac_lost: 0.107, li_recovered:  8.467, time: 0.007031953000478097
L: 0.50, u_super: 0.00843, sec: 483.348, prod: 0.190547, t_ads: 23.2, t_des: 21.3, bed_util_ads: 0.497, bed_util_des: 0.497, des_th: 0.4972401430799894,frac_lost: 0.108, li_recovered:  8.494, time: 0.008710580001206836
L: 0.50, u_super: 0.00643, sec: 359.369, prod: 0.145315, t_ads: 30.2, t_des: 27.0, bed_util_ads: 0.499, bed_util_des: 0.499, des_th: 0.4993250776935995,frac_lost: 0.103, li_recovered:  8.324, time: 0.0070197610002651345
   479 |    19160 |     40 |  0.0032302708 |             f
L: 0.50, u_super: 0.00393, sec: 213.720, prod: 0.088115, t_ads: 49.5, t_des: 44.3, bed_util_ads: 0.499, bed_util_des: 0.499, des_th: 0.49882214631200394,frac_lost: 0.106, li_recovered:  8.265, time: 0.005982460999803152
L: 0.50, u_super: 0.00984, sec: 572.616, prod: 0.223127, t_ads: 19.8, t_des: 18.1, bed_util_ads: 0.500, bed_util_des: 0.499, des_th: 0.49942132725883337,frac_lost: 0.104, li_recovered:  8.459, time: 0.005580614000791684
L: 0.50, u_super: 0.00042, sec: 26.631, prod: 0.007623, t_ads: 435.8, t_des: 557.4, bed_util_ads: 0.417, bed_util_des: 0.407, des_th: 0.4074033168529992,frac_lost: 0.102, li_recovered:  7.571, time: 0.006449211001381627
L: 0.50, u_super: 0.00949, sec: 550.582, prod: 0.215206, t_ads: 20.6, t_des: 18.7, bed_util_ads: 0.499, bed_util_des: 0.499, des_th: 0.4987504361619246,frac_lost: 0.105, li_recovered:  8.447, time: 0.005370582999603357
L: 0.50, u_super: 0.00419, sec: 228.542, prod: 0.094228, t_ads: 46.4, t_des: 42.5, bed_util_ads: 0.497, bed_util_des: 0.497, des_th: 0.4966081998519098,frac_lost: 0.106, li_recovered:  8.381, time: 0.009073133000129019
L: 22.11, u_super: 0.00847 — INFEASIBLE (li_recovered=0.000e+00), time: 0.003016888998899958
L: 24.30, u_super: 0.00756 — INFEASIBLE (li_recovered=0.000e+00), time: 0.0017229720015166095
L: 0.50, u_super: 0.00472, sec: 258.940, prod: 0.106090, t_ads: 41.3, t_des: 36.7, bed_util_ads: 0.499, bed_util_des: 0.499, des_th: 0.4989305662992122,frac_lost: 0.105, li_recovered:  8.276, time: 0.0065498690000822535
L: 12.22, u_super: 0.00037, sec: 3625.383, prod: 0.001092, t_ads: 4884.6, t_des: 1917.0, bed_util_ads: 0.174, bed_util_des: 0.168, des_th: 0.1684521266751959,frac_lost: 0.101, li_recovered:  7.429, time: 0.0027589549990807427
L: 25.78, u_super: 0.00543 — INFEASIBLE (li_recovered=0.000e+00), time: 0.0015644190007151337
L: 0.50, u_super: 0.00070, sec: 39.200, prod: 0.014800, t_ads: 263.7, t_des: 258.9, bed_util_ads: 0.468, bed_util_des: 0.465, des_th: 0.4655854225552953,frac_lost: 0.104, li_recovered:  7.734, time: 0.008278452000013203
L: 0.50, u_super: 0.00622, sec: 346.808, prod: 0.140780, t_ads: 31.2, t_des: 28.6, bed_util_ads: 0.497, bed_util_des: 0.497, des_th: 0.4967868281590234,frac_lost: 0.103, li_recovered:  8.420, time: 0.005899768999370281
L: 0.50, u_super: 0.00461, sec: 253.058, prod: 0.103436, t_ads: 42.3, t_des: 39.9, bed_util_ads: 0.492, bed_util_des: 0.492, des_th: 0.4921446999477624,frac_lost: 0.105, li_recovered:  8.495, time: 0.007374466000328539
L: 0.50, u_super: 0.00005, sec: 4.356, prod: 0.000665, t_ads: 3276.1, t_des: 5305.1, bed_util_ads: 0.255, bed_util_des: 0.195, des_th: 0.1955159618594879,frac_lost: 0.101, li_recovered:  5.703, time: 0.0059865969997190405
L: 0.50, u_super: 0.00841, sec: 481.264, prod: 0.190475, t_ads: 23.2, t_des: 20.9, bed_util_ads: 0.500, bed_util_des: 0.500, des_th: 0.49986213940104807,frac_lost: 0.104, li_recovered:  8.391, time: 0.005825778998769238
L: 0.50, u_super: 0.00756, sec: 427.413, prod: 0.171280, t_ads: 25.7, t_des: 23.2, bed_util_ads: 0.499, bed_util_des: 0.499, des_th: 0.4992951446034637,frac_lost: 0.101, li_recovered:  8.379, time: 0.005552423999688472
L: 0.50, u_super: 0.00971, sec: 564.032, prod: 0.220263, t_ads: 20.1, t_des: 18.2, bed_util_ads: 0.499, bed_util_des: 0.499, des_th: 0.4990896958718364,frac_lost: 0.104, li_recovered:  8.445, time: 0.0059513819996936945
L: 0.50, u_super: 0.00322, sec: 181.500, prod: 0.069025, t_ads: 60.5, t_des: 63.8, bed_util_ads: 0.476, bed_util_des: 0.475, des_th: 0.4754335311574325,frac_lost: 0.107, li_recovered:  8.580, time: 0.0067604420000861865
L: 26.94, u_super: 0.00684 — INFEASIBLE (li_recovered=0.000e+00), time: 0.0013839250004821224
L: 0.50, u_super: 0.00659, sec: 368.462, prod: 0.149391, t_ads: 29.4, t_des: 26.7, bed_util_ads: 0.498, bed_util_des: 0.498, des_th: 0.4981710810861974,frac_lost: 0.100, li_recovered:  8.386, time: 0.006191617998410948
L: 0.50, u_super: 0.00070, sec: 39.155, prod: 0.014828, t_ads: 261.4, t_des: 246.6, bed_util_ads: 0.472, bed_util_des: 0.470, des_th: 0.47022196880304684,frac_lost: 0.100, li_recovered:  7.533, time: 0.005138411999723758
L: 0.50, u_super: 0.00990, sec: 576.943, prod: 0.224450, t_ads: 19.7, t_des: 17.9, bed_util_ads: 0.500, bed_util_des: 0.499, des_th: 0.49942132725883337,frac_lost: 0.105, li_recovered:  8.445, time: 0.007048699999359087
L: 16.17, u_super: 0.00364 — INFEASIBLE (li_recovered=0.000e+00), time: 0.0017012660009640967
L: 0.50, u_super: 0.00501, sec: 278.529, prod: 0.111637, t_ads: 38.8, t_des: 38.0, bed_util_ads: 0.488, bed_util_des: 0.488, des_th: 0.4875340018539353,frac_lost: 0.104, li_recovered:  8.582, time: 0.004707005000454956
L: 0.50, u_super: 0.00618, sec: 344.157, prod: 0.139900, t_ads: 31.4, t_des: 28.4, bed_util_ads: 0.499, bed_util_des: 0.498, des_th: 0.498441203601069,frac_lost: 0.102, li_recovered:  8.372, time: 0.005447101999379811
L: 0.50, u_super: 0.00805, sec: 459.124, prod: 0.182331, t_ads: 24.3, t_des: 22.0, bed_util_ads: 0.499, bed_util_des: 0.499, des_th: 0.4988252343145042,frac_lost: 0.106, li_recovered:  8.440, time: 0.006566269999893848
L: 0.50, u_super: 0.00130, sec: 72.168, prod: 0.027768, t_ads: 145.5, t_des: 122.1, bed_util_ads: 0.498, bed_util_des: 0.498, des_th: 0.49773534751266146,frac_lost: 0.104, li_recovered:  7.432, time: 0.005310936001478694
L: 4.09, u_super: 0.00624 — INFEASIBLE (li_recovered=0.000e+00), time: 0.0033624690004216973
L: 0.50, u_super: 0.00042 — INFEASIBLE (li_recovered=0.000e+00), time: 0.002812660999552463
L: 0.50, u_super: 0.00990, sec: 577.536, prod: 0.224219, t_ads: 19.8, t_des: 17.9, bed_util_ads: 0.500, bed_util_des: 0.499, des_th: 0.49942132725883337,frac_lost: 0.107, li_recovered:  8.457, time: 0.004661521001253277
L: 0.50, u_super: 0.00495, sec: 273.707, prod: 0.111133, t_ads: 39.2, t_des: 37.7, bed_util_ads: 0.490, bed_util_des: 0.489, des_th: 0.4893791979667425,frac_lost: 0.103, li_recovered:  8.540, time: 0.005832120999912149
L: 0.50, u_super: 0.00734, sec: 415.324, prod: 0.165894, t_ads: 26.7, t_des: 23.9, bed_util_ads: 0.500, bed_util_des: 0.500, des_th: 0.49985856025953374,frac_lost: 0.107, li_recovered:  8.392, time: 0.005731064000428887
L: 0.50, u_super: 0.00437, sec: 239.359, prod: 0.098175, t_ads: 44.6, t_des: 39.7, bed_util_ads: 0.500, bed_util_des: 0.500, des_th: 0.49962993533222866,frac_lost: 0.107, li_recovered:  8.277, time: 0.007725697998466785
L: 0.50, u_super: 0.00163, sec: 88.846, prod: 0.035291, t_ads: 117.5, t_des: 100.4, bed_util_ads: 0.498, bed_util_des: 0.497, des_th: 0.49741486355592746,frac_lost: 0.104, li_recovered:  7.689, time: 0.006447170999308582
L: 70.94, u_super: 0.00871 — INFEASIBLE (li_recovered=0.000e+00), time: 0.001721335000183899
L: 0.50, u_super: 0.00393, sec: 239.129, prod: 0.078753, t_ads: 49.7, t_des: 60.0, bed_util_ads: 0.460, bed_util_des: 0.459, des_th: 0.45926095621457014,frac_lost: 0.107, li_recovered:  8.635, time: 0.006134380999355926
L: 0.50, u_super: 0.00277, sec: 149.631, prod: 0.061534, t_ads: 69.7, t_des: 61.2, bed_util_ads: 0.499, bed_util_des: 0.499, des_th: 0.49914818244532955,frac_lost: 0.103, li_recovered:  8.055, time: 0.0072121630000765435
L: 0.50, u_super: 0.00990, sec: 621.152, prod: 0.208474, t_ads: 19.7, t_des: 22.1, bed_util_ads: 0.473, bed_util_des: 0.473, des_th: 0.47276549478247637,frac_lost: 0.104, li_recovered:  8.715, time: 0.011335657000017818
L: 0.50, u_super: 0.00495, sec: 272.460, prod: 0.111641, t_ads: 39.3, t_des: 35.9, bed_util_ads: 0.497, bed_util_des: 0.497, des_th: 0.4966809636602986,frac_lost: 0.106, li_recovered:  8.399, time: 0.008350395999514149
L: 0.50, u_super: 0.00984, sec: 572.737, prod: 0.223080, t_ads: 19.9, t_des: 18.0, bed_util_ads: 0.500, bed_util_des: 0.499, des_th: 0.49942132725883337,frac_lost: 0.105, li_recovered:  8.442, time: 0.008248279000326875
   480 |    19200 |     40 |  0.0024132875 |             f
L: 0.50, u_super: 0.00162, sec: 88.251, prod: 0.035023, t_ads: 118.5, t_des: 101.2, bed_util_ads: 0.498, bed_util_des: 0.498, des_th: 0.49815544276855417,frac_lost: 0.106, li_recovered:  7.695, time: 0.007978773999639088
L: 0.50, u_super: 0.00891, sec: 513.533, prod: 0.201844, t_ads: 21.9, t_des: 19.9, bed_util_ads: 0.499, bed_util_des: 0.499, des_th: 0.49921503286951563,frac_lost: 0.106, li_recovered:  8.447, time: 0.007515949000662658
L: 0.50, u_super: 0.00543, sec: 299.376, prod: 0.122609, t_ads: 35.8, t_des: 32.8, bed_util_ads: 0.497, bed_util_des: 0.497, des_th: 0.4966029682903558,frac_lost: 0.102, li_recovered:  8.413, time: 0.007307617001060862
L: 0.50, u_super: 0.00495, sec: 310.956, prod: 0.097820, t_ads: 39.1, t_des: 49.4, bed_util_ads: 0.456, bed_util_des: 0.455, des_th: 0.454727756887548,frac_lost: 0.100, li_recovered:  8.659, time: 0.00843715800147038
L: 0.50, u_super: 0.00115, sec: 62.224, prod: 0.024906, t_ads: 164.9, t_des: 152.1, bed_util_ads: 0.484, bed_util_des: 0.483, des_th: 0.48332543786535026,frac_lost: 0.104, li_recovered:  7.893, time: 0.009789180001462228
L: 0.50, u_super: 0.00477, sec: 262.410, prod: 0.107393, t_ads: 40.8, t_des: 36.3, bed_util_ads: 0.500, bed_util_des: 0.499, des_th: 0.49942132725883337,frac_lost: 0.106, li_recovered:  8.282, time: 0.005902655000681989
L: 7.86, u_super: 0.00130 — INFEASIBLE (li_recovered=0.000e+00), time: 0.0015506559993809788
L: 0.50, u_super: 0.00562, sec: 311.355, prod: 0.126959, t_ads: 34.6, t_des: 31.0, bed_util_ads: 0.500, bed_util_des: 0.500, des_th: 0.4998044362190448,frac_lost: 0.103, li_recovered:  8.318, time: 0.005442288000267581
L: 0.50, u_super: 0.00495, sec: 271.974, prod: 0.111841, t_ads: 39.2, t_des: 35.9, bed_util_ads: 0.497, bed_util_des: 0.497, des_th: 0.4966081998519098,frac_lost: 0.102, li_recovered:  8.395, time: 0.006774908999432228
L: 0.50, u_super: 0.00223, sec: 121.346, prod: 0.049017, t_ads: 86.6, t_des: 74.2, bed_util_ads: 0.500, bed_util_des: 0.500, des_th: 0.49985856025953374,frac_lost: 0.107, li_recovered:  7.880, time: 0.006049921001249459
L: 0.50, u_super: 0.00061, sec: 34.470, prod: 0.012668, t_ads: 298.1, t_des: 277.3, bed_util_ads: 0.472, bed_util_des: 0.470, des_th: 0.47022196880304684,frac_lost: 0.101, li_recovered:  7.290, time: 0.007719107999946573
L: 5.97, u_super: 0.00005 — INFEASIBLE (li_recovered=0.000e+00), time: 0.0007640579988219542
L: 0.50, u_super: 0.00549, sec: 311.792, prod: 0.120560, t_ads: 35.3, t_des: 36.3, bed_util_ads: 0.483, bed_util_des: 0.482, des_th: 0.48241245471302435,frac_lost: 0.101, li_recovered:  8.637, time: 0.006086637999032973
L: 32.84, u_super: 0.00602 — INFEASIBLE (li_recovered=0.000e+00), time: 0.0017231900001206668
L: 0.50, u_super: 0.00186, sec: 100.070, prod: 0.041107, t_ads: 103.6, t_des: 95.6, bed_util_ads: 0.490, bed_util_des: 0.490, des_th: 0.48963215906751706,frac_lost: 0.107, li_recovered:  8.188, time: 0.005775023000751389
L: 55.16, u_super: 0.00175 — INFEASIBLE (li_recovered=0.000e+00), time: 0.0011075120000896277
L: 0.50, u_super: 0.00359, sec: 195.430, prod: 0.080240, t_ads: 54.3, t_des: 47.9, bed_util_ads: 0.500, bed_util_des: 0.500, des_th: 0.49988806726275975,frac_lost: 0.109, li_recovered:  8.199, time: 0.006654102000538842
L: 0.50, u_super: 0.00043, sec: 25.730, prod: 0.008332, t_ads: 413.6, t_des: 368.0, bed_util_ads: 0.465, bed_util_des: 0.464, des_th: 0.4644731289056293,frac_lost: 0.105, li_recovered:  6.512, time: 0.006439516999307671
L: 0.50, u_super: 0.00253, sec: 137.022, prod: 0.055866, t_ads: 76.3, t_des: 66.1, bed_util_ads: 0.499, bed_util_des: 0.499, des_th: 0.4992052940617523,frac_lost: 0.104, li_recovered:  7.958, time: 0.013009186999624944
L: 0.50, u_super: 0.00044 — INFEASIBLE (li_recovered=0.000e+00), time: 0.005851981000887463
L: 0.50, u_super: 0.00581, sec: 322.404, prod: 0.131088, t_ads: 33.5, t_des: 29.9, bed_util_ads: 0.500, bed_util_des: 0.500, des_th: 0.4999697752879491,frac_lost: 0.104, li_recovered:  8.309, time: 0.007398751000437187
L: 0.50, u_super: 0.00322, sec: 173.697, prod: 0.072126, t_ads: 59.9, t_des: 53.8, bed_util_ads: 0.497, bed_util_des: 0.497, des_th: 0.4965995292756149,frac_lost: 0.101, li_recovered:  8.205, time: 0.006430698998883599
L: 0.50, u_super: 0.00949, sec: 550.829, prod: 0.215110, t_ads: 20.6, t_des: 18.7, bed_util_ads: 0.499, bed_util_des: 0.499, des_th: 0.49908197666152354,frac_lost: 0.106, li_recovered:  8.457, time: 0.007824521999282297
L: 0.50, u_super: 0.00989, sec: 576.896, prod: 0.224180, t_ads: 19.7, t_des: 18.4, bed_util_ads: 0.496, bed_util_des: 0.496, des_th: 0.49569606075184425,frac_lost: 0.104, li_recovered:  8.535, time: 0.004927869000312057
L: 0.50, u_super: 0.00197, sec: 106.759, prod: 0.043225, t_ads: 98.0, t_des: 95.7, bed_util_ads: 0.483, bed_util_des: 0.482, des_th: 0.48238593611713443,frac_lost: 0.107, li_recovered:  8.373, time: 0.005515351000212831
L: 0.50, u_super: 0.00831, sec: 475.129, prod: 0.188129, t_ads: 23.5, t_des: 21.6, bed_util_ads: 0.497, bed_util_des: 0.497, des_th: 0.4972401430799894,frac_lost: 0.105, li_recovered:  8.485, time: 0.00623702299890283
L: 0.50, u_super: 0.00903, sec: 521.633, prod: 0.204435, t_ads: 21.7, t_des: 19.6, bed_util_ads: 0.500, bed_util_des: 0.500, des_th: 0.4997512016218138,frac_lost: 0.108, li_recovered:  8.449, time: 0.0053547850002360065
L: 0.50, u_super: 0.00163, sec: 89.362, prod: 0.035087, t_ads: 117.7, t_des: 99.0, bed_util_ads: 0.499, bed_util_des: 0.499, des_th: 0.4993039740723101,frac_lost: 0.106, li_recovered:  7.602, time: 0.006653459000517614
L: 0.50, u_super: 0.00293, sec: 158.374, prod: 0.065242, t_ads: 65.8, t_des: 57.9, bed_util_ads: 0.499, bed_util_des: 0.499, des_th: 0.49864313279931055,frac_lost: 0.102, li_recovered:  8.072, time: 0.005113317998620914
L: 0.50, u_super: 0.00743, sec: 437.609, prod: 0.161738, t_ads: 26.4, t_des: 27.3, bed_util_ads: 0.482, bed_util_des: 0.482, des_th: 0.4819181443657979,frac_lost: 0.109, li_recovered:  8.686, time: 0.005608350000329665
L: 0.50, u_super: 0.00581, sec: 321.912, prod: 0.131289, t_ads: 33.5, t_des: 30.7, bed_util_ads: 0.497, bed_util_des: 0.497, des_th: 0.4966032912400685,frac_lost: 0.103, li_recovered:  8.421, time: 0.005012997999074287
L: 0.50, u_super: 0.00049, sec: 120.506, prod: 0.002283, t_ads: 407.6, t_des: 3445.3, bed_util_ads: 0.221, bed_util_des: 0.181, des_th: 0.1813319543314303,frac_lost: 0.102, li_recovered:  8.795, time: 0.024508265998520073
L: 0.50, u_super: 0.00115 — INFEASIBLE (li_recovered=0.000e+00), time: 0.003006505001394544
L: 19.64, u_super: 0.00874 — INFEASIBLE (li_recovered=0.000e+00), time: 0.0019298010010970756
L: 0.50, u_super: 0.00921, sec: 532.408, prod: 0.208905, t_ads: 21.2, t_des: 19.3, bed_util_ads: 0.499, bed_util_des: 0.499, des_th: 0.4992052940617523,frac_lost: 0.105, li_recovered:  8.452, time: 0.0051395400005276315
L: 0.50, u_super: 0.00988, sec: 618.381, prod: 0.208733, t_ads: 19.8, t_des: 22.0, bed_util_ads: 0.473, bed_util_des: 0.473, des_th: 0.47293026991157233,frac_lost: 0.104, li_recovered:  8.715, time: 0.008288777999041486
L: 0.50, u_super: 0.00755, sec: 427.013, prod: 0.171233, t_ads: 25.7, t_des: 23.8, bed_util_ads: 0.497, bed_util_des: 0.497, des_th: 0.4965374996108255,frac_lost: 0.100, li_recovered:  8.483, time: 0.006196329999511363
L: 0.50, u_super: 0.00010 — INFEASIBLE (li_recovered=0.000e+00), time: 0.001598251001269091
L: 0.50, u_super: 0.00065, sec: 36.352, prod: 0.013542, t_ads: 283.1, t_des: 265.0, bed_util_ads: 0.472, bed_util_des: 0.470, des_th: 0.47022196880304684,frac_lost: 0.102, li_recovered:  7.423, time: 0.0064998609996109735
L: 0.50, u_super: 0.00041, sec: 94.750, prod: 0.002042, t_ads: 485.9, t_des: 3818.6, bed_util_ads: 0.223, bed_util_des: 0.179, des_th: 0.17860409381426076,frac_lost: 0.101, li_recovered:  8.789, time: 0.031732733001263114
   481 |    19240 |     40 |  0.0048986987 |             f
L: 0.50, u_super: 0.00501, sec: 275.542, prod: 0.112874, t_ads: 38.8, t_des: 34.7, bed_util_ads: 0.499, bed_util_des: 0.499, des_th: 0.4988252343145042,frac_lost: 0.104, li_recovered:  8.294, time: 0.009713421000924427
L: 0.50, u_super: 0.00419, sec: 228.542, prod: 0.094228, t_ads: 46.4, t_des: 42.5, bed_util_ads: 0.497, bed_util_des: 0.497, des_th: 0.4966081998519098,frac_lost: 0.106, li_recovered:  8.381, time: 0.008980899001471698
L: 4.20, u_super: 0.00286 — INFEASIBLE (li_recovered=0.000e+00), time: 0.004731703998913872
L: 0.50, u_super: 0.00505, sec: 277.702, prod: 0.113766, t_ads: 38.5, t_des: 34.4, bed_util_ads: 0.499, bed_util_des: 0.499, des_th: 0.4988163581196496,frac_lost: 0.103, li_recovered:  8.290, time: 0.009013619999677758
L: 0.50, u_super: 0.00448, sec: 261.742, prod: 0.094413, t_ads: 43.3, t_des: 48.2, bed_util_ads: 0.471, bed_util_des: 0.470, des_th: 0.47041584858012736,frac_lost: 0.102, li_recovered:  8.638, time: 0.010700857001211261
L: 0.50, u_super: 0.00734, sec: 478.763, prod: 0.143912, t_ads: 26.7, t_des: 33.8, bed_util_ads: 0.457, bed_util_des: 0.456, des_th: 0.45606941255062555,frac_lost: 0.108, li_recovered:  8.706, time: 0.009133051999015152
L: 15.08, u_super: 0.00280 — INFEASIBLE (li_recovered=0.000e+00), time: 0.0022689119996357476
L: 28.34, u_super: 0.00706 — INFEASIBLE (li_recovered=0.000e+00), time: 0.0036040329996467335
L: 0.50, u_super: 0.00872, sec: 501.025, prod: 0.197488, t_ads: 22.4, t_des: 20.4, bed_util_ads: 0.499, bed_util_des: 0.499, des_th: 0.49885418960289657,frac_lost: 0.106, li_recovered:  8.448, time: 0.008496459000525647
L: 0.50, u_super: 0.00467, sec: 255.901, prod: 0.105102, t_ads: 41.6, t_des: 37.2, bed_util_ads: 0.499, bed_util_des: 0.499, des_th: 0.4987667214717517,frac_lost: 0.104, li_recovered:  8.278, time: 0.006739152000591275
L: 0.50, u_super: 0.00130 — INFEASIBLE (li_recovered=0.000e+00), time: 0.005348066000806284
L: 0.50, u_super: 0.00806, sec: 459.546, prod: 0.182233, t_ads: 24.3, t_des: 22.3, bed_util_ads: 0.498, bed_util_des: 0.498, des_th: 0.49816126477130407,frac_lost: 0.106, li_recovered:  8.483, time: 0.008069020999755594
L: 14.04, u_super: 0.00940 — INFEASIBLE (li_recovered=0.000e+00), time: 0.005090735001431312
L: 0.50, u_super: 0.00119, sec: 64.343, prod: 0.025814, t_ads: 160.0, t_des: 148.6, bed_util_ads: 0.484, bed_util_des: 0.483, des_th: 0.48332543786535026,frac_lost: 0.106, li_recovered:  7.965, time: 0.009321628000179771
L: 0.50, u_super: 0.00674, sec: 378.819, prod: 0.152096, t_ads: 29.1, t_des: 26.4, bed_util_ads: 0.498, bed_util_des: 0.498, des_th: 0.49760645216066945,frac_lost: 0.109, li_recovered:  8.441, time: 0.008139047999065951
L: 0.50, u_super: 0.00986, sec: 575.161, prod: 0.223244, t_ads: 19.8, t_des: 18.4, bed_util_ads: 0.497, bed_util_des: 0.497, des_th: 0.4966040425815555,frac_lost: 0.105, li_recovered:  8.538, time: 0.009504671001195675
L: 9.33, u_super: 0.00005 — INFEASIBLE (li_recovered=0.000e+00), time: 0.001714411000648397
L: 0.50, u_super: 0.00359, sec: 194.685, prod: 0.080506, t_ads: 53.8, t_des: 47.8, bed_util_ads: 0.499, bed_util_des: 0.499, des_th: 0.4989592527597152,frac_lost: 0.101, li_recovered:  8.180, time: 0.008119199999782722
L: 0.50, u_super: 0.00800, sec: 456.154, prod: 0.180960, t_ads: 24.4, t_des: 22.5, bed_util_ads: 0.497, bed_util_des: 0.497, des_th: 0.4966081998519098,frac_lost: 0.106, li_recovered:  8.495, time: 0.009001641999930143
L: 0.50, u_super: 0.00088, sec: 48.746, prod: 0.018708, t_ads: 210.9, t_des: 188.3, bed_util_ads: 0.484, bed_util_des: 0.483, des_th: 0.48325399022197735,frac_lost: 0.100, li_recovered:  7.467, time: 0.008464302998618223
L: 0.50, u_super: 0.00297, sec: 160.438, prod: 0.066473, t_ads: 65.0, t_des: 58.3, bed_util_ads: 0.497, bed_util_des: 0.497, des_th: 0.4965995292756149,frac_lost: 0.104, li_recovered:  8.196, time: 0.010687952999433037
L: 0.50, u_super: 0.00393, sec: 214.047, prod: 0.087981, t_ads: 49.4, t_des: 43.6, bed_util_ads: 0.500, bed_util_des: 0.500, des_th: 0.4998101217694081,frac_lost: 0.105, li_recovered:  8.190, time: 0.007794101000399678
L: 0.50, u_super: 0.00005, sec: 4.655, prod: 0.000622, t_ads: 3843.7, t_des: 8684.2, bed_util_ads: 0.235, bed_util_des: 0.141, des_th: 0.14121251778234994,frac_lost: 0.102, li_recovered:  7.791, time: 0.012893293000161066
L: 38.32, u_super: 0.00059 — INFEASIBLE (li_recovered=0.000e+00), time: 0.0011211599994567223
L: 0.50, u_super: 0.00958, sec: 556.449, prod: 0.217061, t_ads: 20.4, t_des: 18.5, bed_util_ads: 0.499, bed_util_des: 0.499, des_th: 0.49908197666152354,frac_lost: 0.106, li_recovered:  8.451, time: 0.009397993999300525
L: 0.50, u_super: 0.00778, sec: 441.394, prod: 0.176490, t_ads: 25.0, t_des: 22.8, bed_util_ads: 0.498, bed_util_des: 0.498, des_th: 0.4976282521135968,frac_lost: 0.102, li_recovered:  8.440, time: 0.008017288000701228
L: 0.50, u_super: 0.00586, sec: 324.759, prod: 0.132535, t_ads: 33.1, t_des: 30.0, bed_util_ads: 0.499, bed_util_des: 0.498, des_th: 0.498441203601069,frac_lost: 0.101, li_recovered:  8.358, time: 0.006923564000317128
L: 0.50, u_super: 0.00803, sec: 458.526, prod: 0.181415, t_ads: 24.4, t_des: 22.4, bed_util_ads: 0.498, bed_util_des: 0.498, des_th: 0.4978191375563326,frac_lost: 0.108, li_recovered:  8.495, time: 0.009276179998778389
L: 0.50, u_super: 0.00562, sec: 310.839, prod: 0.127170, t_ads: 34.5, t_des: 31.3, bed_util_ads: 0.498, bed_util_des: 0.498, des_th: 0.49776137234594686,frac_lost: 0.101, li_recovered:  8.360, time: 0.009478216999923461
L: 0.50, u_super: 0.00304, sec: 164.863, prod: 0.067797, t_ads: 63.5, t_des: 55.7, bed_util_ads: 0.500, bed_util_des: 0.500, des_th: 0.4998630664024177,frac_lost: 0.103, li_recovered:  8.080, time: 0.00842745800036937
L: 0.50, u_super: 0.00653, sec: 366.615, prod: 0.146949, t_ads: 29.7, t_des: 28.6, bed_util_ads: 0.492, bed_util_des: 0.492, des_th: 0.4916383430370157,frac_lost: 0.101, li_recovered:  8.567, time: 0.006892718000017339
L: 0.50, u_super: 0.00415, sec: 226.255, prod: 0.093314, t_ads: 46.9, t_des: 42.7, bed_util_ads: 0.497, bed_util_des: 0.497, des_th: 0.4966081998519098,frac_lost: 0.106, li_recovered:  8.360, time: 0.007127913999283919
L: 0.50, u_super: 0.00070, sec: 39.155, prod: 0.014828, t_ads: 261.4, t_des: 246.6, bed_util_ads: 0.472, bed_util_des: 0.470, des_th: 0.47022196880304684,frac_lost: 0.100, li_recovered:  7.533, time: 0.0084665539998241
L: 0.50, u_super: 0.00519, sec: 286.023, prod: 0.117082, t_ads: 37.4, t_des: 33.4, bed_util_ads: 0.500, bed_util_des: 0.499, des_th: 0.4994252898021636,frac_lost: 0.102, li_recovered:  8.286, time: 0.0084648650008603
L: 0.50, u_super: 0.00503, sec: 277.320, prod: 0.112976, t_ads: 38.7, t_des: 36.7, bed_util_ads: 0.491, bed_util_des: 0.491, des_th: 0.49104296220608457,frac_lost: 0.104, li_recovered:  8.514, time: 0.009403197000210639
L: 0.50, u_super: 0.00260, sec: 152.564, prod: 0.053368, t_ads: 74.0, t_des: 86.1, bed_util_ads: 0.463, bed_util_des: 0.462, des_th: 0.4615982926314794,frac_lost: 0.101, li_recovered:  8.548, time: 0.009337828001662274
L: 0.50, u_super: 0.00990, sec: 582.436, prod: 0.222331, t_ads: 19.7, t_des: 19.1, bed_util_ads: 0.491, bed_util_des: 0.491, des_th: 0.49079616453346736,frac_lost: 0.104, li_recovered:  8.636, time: 0.009921730999849387
L: 0.50, u_super: 0.00115, sec: 63.761, prod: 0.024306, t_ads: 165.0, t_des: 139.0, bed_util_ads: 0.495, bed_util_des: 0.495, des_th: 0.49514322923009946,frac_lost: 0.105, li_recovered:  7.387, time: 0.007815152001057868
L: 0.50, u_super: 0.00112 — INFEASIBLE (li_recovered=0.000e+00), time: 0.0055183079984999495
L: 0.50, u_super: 0.00738, sec: 418.470, prod: 0.166618, t_ads: 26.6, t_des: 23.8, bed_util_ads: 0.500, bed_util_des: 0.500, des_th: 0.49985856025953374,frac_lost: 0.109, li_recovered:  8.389, time: 0.006692079999993439
   482 |    19280 |     40 |  0.0011601609 |             f
L: 0.50, u_super: 0.00489, sec: 268.875, prod: 0.110314, t_ads: 39.7, t_des: 35.9, bed_util_ads: 0.498, bed_util_des: 0.498, des_th: 0.49785547420677917,frac_lost: 0.105, li_recovered:  8.343, time: 0.009215025000230526
L: 0.50, u_super: 0.00990, sec: 576.356, prod: 0.224677, t_ads: 19.7, t_des: 17.9, bed_util_ads: 0.500, bed_util_des: 0.499, des_th: 0.49942132725883337,frac_lost: 0.103, li_recovered:  8.451, time: 0.008677384999828064
L: 0.50, u_super: 0.00247, sec: 133.730, prod: 0.054601, t_ads: 78.0, t_des: 67.7, bed_util_ads: 0.499, bed_util_des: 0.499, des_th: 0.4990438572647727,frac_lost: 0.103, li_recovered:  7.959, time: 0.009687584000857896
L: 0.50, u_super: 0.00682, sec: 382.878, prod: 0.154367, t_ads: 28.5, t_des: 25.4, bed_util_ads: 0.500, bed_util_des: 0.500, des_th: 0.49985856025953374,frac_lost: 0.101, li_recovered:  8.319, time: 0.007720997999058454
L: 0.50, u_super: 0.00919, sec: 531.013, prod: 0.208303, t_ads: 21.2, t_des: 19.6, bed_util_ads: 0.497, bed_util_des: 0.497, des_th: 0.4972401430799894,frac_lost: 0.104, li_recovered:  8.496, time: 0.006920620999153471
L: 0.50, u_super: 0.00059, sec: 33.455, prod: 0.012140, t_ads: 308.0, t_des: 283.8, bed_util_ads: 0.471, bed_util_des: 0.470, des_th: 0.4702094276057021,frac_lost: 0.100, li_recovered:  7.185, time: 0.006824761998359463
L: 0.50, u_super: 0.00393, sec: 214.170, prod: 0.087930, t_ads: 49.6, t_des: 43.7, bed_util_ads: 0.500, bed_util_des: 0.500, des_th: 0.4997540421811493,frac_lost: 0.106, li_recovered:  8.202, time: 0.007538706999184797
L: 2.63, u_super: 0.00055 — INFEASIBLE (li_recovered=0.000e+00), time: 0.0019415740007389104
L: 0.50, u_super: 0.00852, sec: 488.664, prod: 0.192763, t_ads: 23.0, t_des: 20.8, bed_util_ads: 0.499, bed_util_des: 0.499, des_th: 0.499265070826676,frac_lost: 0.107, li_recovered:  8.441, time: 0.00727953199930198
L: 0.50, u_super: 0.00562, sec: 310.839, prod: 0.127170, t_ads: 34.5, t_des: 31.3, bed_util_ads: 0.498, bed_util_des: 0.498, des_th: 0.49776137234594686,frac_lost: 0.101, li_recovered:  8.360, time: 0.005943705999015947
L: 0.50, u_super: 0.00082 — INFEASIBLE (li_recovered=0.000e+00), time: 0.004551703001197893
L: 0.50, u_super: 0.00005, sec: 4.401, prod: 0.000658, t_ads: 3646.1, t_des: 7063.7, bed_util_ads: 0.244, bed_util_des: 0.163, des_th: 0.16261455527942947,frac_lost: 0.101, li_recovered:  7.046, time: 0.008414654999796767
L: 0.50, u_super: 0.00641, sec: 358.117, prod: 0.145180, t_ads: 30.3, t_des: 27.3, bed_util_ads: 0.500, bed_util_des: 0.499, des_th: 0.49946031507819566,frac_lost: 0.102, li_recovered:  8.361, time: 0.005921627000134322
L: 0.50, u_super: 0.00419, sec: 228.504, prod: 0.094243, t_ads: 46.4, t_des: 42.4, bed_util_ads: 0.496, bed_util_des: 0.495, des_th: 0.4954733923442339,frac_lost: 0.105, li_recovered:  8.369, time: 0.005704891000277712
L: 0.50, u_super: 0.00383, sec: 208.964, prod: 0.085914, t_ads: 50.7, t_des: 44.9, bed_util_ads: 0.499, bed_util_des: 0.499, des_th: 0.49876343298465065,frac_lost: 0.106, li_recovered:  8.216, time: 0.007382318999589188
L: 0.50, u_super: 0.00895, sec: 515.706, prod: 0.202698, t_ads: 21.8, t_des: 19.8, bed_util_ads: 0.499, bed_util_des: 0.499, des_th: 0.49921503286951563,frac_lost: 0.106, li_recovered:  8.443, time: 0.006457509000028949
L: 14.17, u_super: 0.00778 — INFEASIBLE (li_recovered=0.000e+00), time: 0.002414298000076087
L: 0.50, u_super: 0.00872, sec: 747.857, prod: 0.132307, t_ads: 22.4, t_des: 43.6, bed_util_ads: 0.404, bed_util_des: 0.403, des_th: 0.40323968907237506,frac_lost: 0.103, li_recovered:  8.729, time: 0.008523000999048236
L: 19.34, u_super: 0.00311 — INFEASIBLE (li_recovered=0.000e+00), time: 0.0012000699989584973
L: 0.50, u_super: 0.00460, sec: 252.563, prod: 0.103562, t_ads: 42.3, t_des: 37.7, bed_util_ads: 0.499, bed_util_des: 0.499, des_th: 0.49867187197863944,frac_lost: 0.106, li_recovered:  8.281, time: 0.005397238999648835
L: 0.50, u_super: 0.00219, sec: 118.984, prod: 0.048014, t_ads: 88.3, t_des: 75.7, bed_util_ads: 0.500, bed_util_des: 0.500, des_th: 0.49985856025953374,frac_lost: 0.107, li_recovered:  7.871, time: 0.005130858999109478
L: 0.50, u_super: 0.00162, sec: 88.704, prod: 0.035223, t_ads: 117.8, t_des: 100.6, bed_util_ads: 0.499, bed_util_des: 0.498, des_th: 0.49830509620349134,frac_lost: 0.105, li_recovered:  7.695, time: 0.006148975999167305
L: 0.50, u_super: 0.00112, sec: 60.811, prod: 0.024258, t_ads: 169.2, t_des: 156.0, bed_util_ads: 0.484, bed_util_des: 0.483, des_th: 0.48325399022197735,frac_lost: 0.105, li_recovered:  7.890, time: 0.005179277999559417
L: 0.50, u_super: 0.00845, sec: 484.687, prod: 0.191162, t_ads: 23.2, t_des: 21.0, bed_util_ads: 0.499, bed_util_des: 0.499, des_th: 0.4992052940617523,frac_lost: 0.108, li_recovered:  8.447, time: 0.005858865000845981
L: 0.50, u_super: 0.00792, sec: 449.705, prod: 0.179541, t_ads: 24.6, t_des: 22.4, bed_util_ads: 0.498, bed_util_des: 0.498, des_th: 0.4976066606753945,frac_lost: 0.102, li_recovered:  8.431, time: 0.006558510998729616
L: 0.50, u_super: 0.00734, sec: 415.461, prod: 0.165839, t_ads: 26.7, t_des: 24.2, bed_util_ads: 0.499, bed_util_des: 0.499, des_th: 0.49892639084360085,frac_lost: 0.108, li_recovered:  8.438, time: 0.005829276000440586
L: 0.50, u_super: 0.00838, sec: 8866.420, prod: 0.010275, t_ads: 23.4, t_des: 831.9, bed_util_ads: 0.137, bed_util_des: 0.133, des_th: 0.13341174677588738,frac_lost: 0.102, li_recovered:  8.788, time: 0.11568309599897475
L: 0.50, u_super: 0.00457, sec: 250.208, prod: 0.102962, t_ads: 42.5, t_des: 38.9, bed_util_ads: 0.497, bed_util_des: 0.497, des_th: 0.4966081998519098,frac_lost: 0.105, li_recovered:  8.384, time: 0.00793870100096683
L: 0.50, u_super: 0.00596, sec: 337.276, prod: 0.132316, t_ads: 32.5, t_des: 32.7, bed_util_ads: 0.485, bed_util_des: 0.485, des_th: 0.4849608529397727,frac_lost: 0.101, li_recovered:  8.626, time: 0.010573906998615712
L: 0.50, u_super: 0.00540, sec: 303.808, prod: 0.119752, t_ads: 35.9, t_des: 36.0, bed_util_ads: 0.485, bed_util_des: 0.484, des_th: 0.4844726264484543,frac_lost: 0.102, li_recovered:  8.616, time: 0.008234304999859887
L: 4.81, u_super: 0.00260 — INFEASIBLE (li_recovered=0.000e+00), time: 0.003516292999847792
L: 0.50, u_super: 0.00199, sec: 108.044, prod: 0.043465, t_ads: 96.2, t_des: 82.4, bed_util_ads: 0.499, bed_util_des: 0.499, des_th: 0.49911323203306707,frac_lost: 0.101, li_recovered:  7.763, time: 0.0077143559992691735
L: 0.50, u_super: 0.00042, sec: 25.635, prod: 0.007919, t_ads: 419.3, t_des: 362.3, bed_util_ads: 0.466, bed_util_des: 0.466, des_th: 0.466281872977377,frac_lost: 0.102, li_recovered:  6.190, time: 0.007809166998413275
L: 0.50, u_super: 0.00715, sec: 403.964, prod: 0.161328, t_ads: 27.4, t_des: 24.5, bed_util_ads: 0.500, bed_util_des: 0.500, des_th: 0.4999136307021966,frac_lost: 0.109, li_recovered:  8.378, time: 0.0077777820006303955
L: 0.50, u_super: 0.00463, sec: 253.894, prod: 0.104257, t_ads: 42.0, t_des: 37.5, bed_util_ads: 0.499, bed_util_des: 0.499, des_th: 0.4987667214717517,frac_lost: 0.104, li_recovered:  8.281, time: 0.005663930000082473
L: 0.50, u_super: 0.00923, sec: 533.807, prod: 0.209303, t_ads: 21.2, t_des: 19.2, bed_util_ads: 0.499, bed_util_des: 0.499, des_th: 0.4992052940617523,frac_lost: 0.105, li_recovered:  8.443, time: 0.006015392000335851
L: 10.51, u_super: 0.00162 — INFEASIBLE (li_recovered=0.000e+00), time: 0.0018371770001976984
L: 15.05, u_super: 0.00952 — INFEASIBLE (li_recovered=0.000e+00), time: 0.003767853000681498
L: 0.50, u_super: 0.00831, sec: 479.920, prod: 0.186251, t_ads: 23.5, t_des: 22.8, bed_util_ads: 0.490, bed_util_des: 0.490, des_th: 0.4900895598305078,frac_lost: 0.105, li_recovered:  8.626, time: 0.010538109001572593
L: 0.50, u_super: 0.00674, sec: 378.818, prod: 0.152096, t_ads: 29.1, t_des: 26.4, bed_util_ads: 0.498, bed_util_des: 0.498, des_th: 0.49760645216066945,frac_lost: 0.109, li_recovered:  8.441, time: 0.0069780119993083645
   483 |    19320 |     40 |  0.0030957083 |             f
L: 0.50, u_super: 0.00229, sec: 163.871, prod: 0.038401, t_ads: 84.6, t_des: 138.9, bed_util_ads: 0.419, bed_util_des: 0.416, des_th: 0.4162267628084634,frac_lost: 0.105, li_recovered:  8.581, time: 0.008348254999873461
L: 0.50, u_super: 0.00005, sec: 4.332, prod: 0.000668, t_ads: 3399.4, t_des: 5772.9, bed_util_ads: 0.251, bed_util_des: 0.185, des_th: 0.1851696623157332,frac_lost: 0.100, li_recovered:  6.129, time: 0.009588188000634545
L: 0.50, u_super: 0.00195, sec: 113.479, prod: 0.039663, t_ads: 99.3, t_des: 114.5, bed_util_ads: 0.462, bed_util_des: 0.460, des_th: 0.4598728507729844,frac_lost: 0.106, li_recovered:  8.481, time: 0.00980915800028015
L: 0.50, u_super: 0.00501, sec: 275.716, prod: 0.113035, t_ads: 38.7, t_des: 34.6, bed_util_ads: 0.499, bed_util_des: 0.499, des_th: 0.4990438572647727,frac_lost: 0.102, li_recovered:  8.283, time: 0.006903478999447543
L: 6.94, u_super: 0.00674 — INFEASIBLE (li_recovered=0.000e+00), time: 0.004436012999576633
L: 24.91, u_super: 0.00609 — INFEASIBLE (li_recovered=0.000e+00), time: 0.0016681119996064808
L: 0.50, u_super: 0.00669, sec: 376.328, prod: 0.151012, t_ads: 29.3, t_des: 26.9, bed_util_ads: 0.497, bed_util_des: 0.497, des_th: 0.4969203768214188,frac_lost: 0.109, li_recovered:  8.479, time: 0.009209557001668145
L: 0.50, u_super: 0.00733, sec: 414.634, prod: 0.165526, t_ads: 26.7, t_des: 23.9, bed_util_ads: 0.500, bed_util_des: 0.500, des_th: 0.49985856025953374,frac_lost: 0.107, li_recovered:  8.378, time: 0.009728150000228197
L: 0.50, u_super: 0.00978, sec: 633.182, prod: 0.199223, t_ads: 19.9, t_des: 23.8, bed_util_ads: 0.464, bed_util_des: 0.464, des_th: 0.46371817837070195,frac_lost: 0.103, li_recovered:  8.716, time: 0.009721106998767937
L: 2.08, u_super: 0.00419 — INFEASIBLE (li_recovered=0.000e+00), time: 0.004893461000392563
L: 0.50, u_super: 0.00338, sec: 182.806, prod: 0.076019, t_ads: 57.0, t_des: 53.2, bed_util_ads: 0.492, bed_util_des: 0.491, des_th: 0.4913125147962342,frac_lost: 0.100, li_recovered:  8.376, time: 0.008721754000362125
L: 0.50, u_super: 0.00873, sec: 5009.799, prod: 0.019813, t_ads: 22.5, t_des: 420.8, bed_util_ads: 0.180, bed_util_des: 0.177, des_th: 0.17651172700822085,frac_lost: 0.104, li_recovered:  8.782, time: 0.07901407000099425
L: 0.50, u_super: 0.00746, sec: 421.047, prod: 0.169104, t_ads: 26.0, t_des: 23.8, bed_util_ads: 0.498, bed_util_des: 0.498, des_th: 0.4977212339471246,frac_lost: 0.101, li_recovered:  8.430, time: 0.008685180000611581
L: 0.50, u_super: 0.00543, sec: 299.535, prod: 0.122801, t_ads: 35.7, t_des: 32.8, bed_util_ads: 0.497, bed_util_des: 0.497, des_th: 0.4966029682903558,frac_lost: 0.101, li_recovered:  8.408, time: 0.0096268039997085
L: 0.50, u_super: 0.00618, sec: 364.456, prod: 0.132108, t_ads: 31.4, t_des: 34.2, bed_util_ads: 0.475, bed_util_des: 0.475, des_th: 0.47457734940391433,frac_lost: 0.102, li_recovered:  8.672, time: 0.014900769001542358
L: 0.50, u_super: 0.00042 — INFEASIBLE (li_recovered=0.000e+00), time: 0.008858364999468904
L: 0.50, u_super: 0.00972, sec: 565.137, prod: 0.220415, t_ads: 20.1, t_des: 18.2, bed_util_ads: 0.500, bed_util_des: 0.500, des_th: 0.4996791001949653,frac_lost: 0.105, li_recovered:  8.451, time: 0.007081109999489854
L: 0.50, u_super: 0.00592, sec: 328.473, prod: 0.133895, t_ads: 32.8, t_des: 30.0, bed_util_ads: 0.497, bed_util_des: 0.497, des_th: 0.4965995292756149,frac_lost: 0.102, li_recovered:  8.415, time: 0.008937317999880179
L: 82.38, u_super: 0.00831 — INFEASIBLE (li_recovered=0.000e+00), time: 0.0019449769988568733
L: 0.50, u_super: 0.00260, sec: 140.519, prod: 0.057788, t_ads: 74.1, t_des: 65.1, bed_util_ads: 0.499, bed_util_des: 0.499, des_th: 0.4990438572647727,frac_lost: 0.103, li_recovered:  8.039, time: 0.01708879000034358
L: 17.43, u_super: 0.00778 — INFEASIBLE (li_recovered=0.000e+00), time: 0.004128276999836089
L: 0.50, u_super: 0.00213, sec: 114.719, prod: 0.046999, t_ads: 90.0, t_des: 79.1, bed_util_ads: 0.497, bed_util_des: 0.497, des_th: 0.4966081998519098,frac_lost: 0.100, li_recovered:  7.947, time: 0.014594573998692795
L: 0.50, u_super: 0.00458, sec: 252.916, prod: 0.102316, t_ads: 42.4, t_des: 41.1, bed_util_ads: 0.489, bed_util_des: 0.489, des_th: 0.48873129921422065,frac_lost: 0.105, li_recovered:  8.552, time: 0.01027797599999758
L: 0.50, u_super: 0.00140, sec: 77.347, prod: 0.029970, t_ads: 135.2, t_des: 113.6, bed_util_ads: 0.498, bed_util_des: 0.498, des_th: 0.49774084168340293,frac_lost: 0.101, li_recovered:  7.455, time: 0.009791787000722252
L: 0.50, u_super: 0.00543, sec: 299.449, prod: 0.122579, t_ads: 35.7, t_des: 32.1, bed_util_ads: 0.500, bed_util_des: 0.499, des_th: 0.4995296252709375,frac_lost: 0.101, li_recovered:  8.307, time: 0.012335612998867873
L: 0.50, u_super: 0.00626, sec: 350.171, prod: 0.141254, t_ads: 31.3, t_des: 28.4, bed_util_ads: 0.498, bed_util_des: 0.498, des_th: 0.49776137234594686,frac_lost: 0.109, li_recovered:  8.429, time: 0.01336478499979421
L: 0.50, u_super: 0.00364, sec: 197.980, prod: 0.081553, t_ads: 53.4, t_des: 50.0, bed_util_ads: 0.492, bed_util_des: 0.491, des_th: 0.4913125147962342,frac_lost: 0.106, li_recovered:  8.435, time: 0.013943100000687991
L: 0.50, u_super: 0.00052 — INFEASIBLE (li_recovered=0.000e+00), time: 0.005987296999592218
L: 0.50, u_super: 0.00293, sec: 157.824, prod: 0.065469, t_ads: 65.9, t_des: 59.2, bed_util_ads: 0.496, bed_util_des: 0.495, des_th: 0.4954893798955194,frac_lost: 0.102, li_recovered:  8.188, time: 0.014098846999331727
L: 50.78, u_super: 0.00022 — INFEASIBLE (li_recovered=0.000e+00), time: 0.0022777390004193876
L: 0.50, u_super: 0.00135 — INFEASIBLE (li_recovered=0.000e+00), time: 0.006295088000115356
L: 13.54, u_super: 0.00455 — INFEASIBLE (li_recovered=0.000e+00), time: 0.003307819000838208
L: 0.50, u_super: 0.00030, sec: 27.667, prod: 0.003694, t_ads: 637.4, t_des: 1531.8, bed_util_ads: 0.327, bed_util_des: 0.295, des_th: 0.2956176346330224,frac_lost: 0.105, li_recovered:  8.013, time: 0.019844574000671855
L: 0.50, u_super: 0.00990, sec: 576.675, prod: 0.224552, t_ads: 19.7, t_des: 17.9, bed_util_ads: 0.500, bed_util_des: 0.499, des_th: 0.49942519152249726,frac_lost: 0.104, li_recovered:  8.454, time: 0.011583215999053209
L: 0.50, u_super: 0.00309, sec: 167.247, prod: 0.069006, t_ads: 62.3, t_des: 54.9, bed_util_ads: 0.499, bed_util_des: 0.499, des_th: 0.4991506715178038,frac_lost: 0.101, li_recovered:  8.087, time: 0.01177821899909759
L: 0.50, u_super: 0.00457, sec: 267.352, prod: 0.096359, t_ads: 42.5, t_des: 47.2, bed_util_ads: 0.472, bed_util_des: 0.471, des_th: 0.4713383917865929,frac_lost: 0.104, li_recovered:  8.643, time: 0.016712862001440953
L: 0.50, u_super: 0.00618, sec: 344.248, prod: 0.139863, t_ads: 31.3, t_des: 28.0, bed_util_ads: 0.500, bed_util_des: 0.500, des_th: 0.49977640031021436,frac_lost: 0.100, li_recovered:  8.306, time: 0.010924287000307231
L: 2.98, u_super: 0.00293 — INFEASIBLE (li_recovered=0.000e+00), time: 0.009172532998491079
L: 0.50, u_super: 0.00682, sec: 383.593, prod: 0.154080, t_ads: 28.7, t_des: 25.8, bed_util_ads: 0.499, bed_util_des: 0.499, des_th: 0.4992786317301838,frac_lost: 0.107, li_recovered:  8.384, time: 0.010232560000076774
L: 0.50, u_super: 0.00130, sec: 72.140, prod: 0.027779, t_ads: 145.4, t_des: 122.1, bed_util_ads: 0.498, bed_util_des: 0.498, des_th: 0.49773534751266146,frac_lost: 0.103, li_recovered:  7.432, time: 0.010085292999065132
   484 |    19360 |     40 |  0.0021611312 |             f
L: 0.50, u_super: 0.00088, sec: 48.746, prod: 0.018708, t_ads: 210.9, t_des: 188.3, bed_util_ads: 0.484, bed_util_des: 0.483, des_th: 0.48325399022197735,frac_lost: 0.100, li_recovered:  7.467, time: 0.010865128000659752
L: 0.50, u_super: 0.00952, sec: 551.896, prod: 0.215801, t_ads: 20.5, t_des: 18.6, bed_util_ads: 0.499, bed_util_des: 0.499, des_th: 0.49908197666152354,frac_lost: 0.105, li_recovered:  8.452, time: 0.010763488000520738
L: 0.50, u_super: 0.00618, sec: 344.063, prod: 0.139939, t_ads: 31.4, t_des: 28.4, bed_util_ads: 0.499, bed_util_des: 0.498, des_th: 0.498441203601069,frac_lost: 0.101, li_recovered:  8.366, time: 0.009381089999806136
L: 0.50, u_super: 0.00693, sec: 390.887, prod: 0.156268, t_ads: 28.3, t_des: 26.2, bed_util_ads: 0.496, bed_util_des: 0.496, des_th: 0.49552111346644945,frac_lost: 0.108, li_recovered:  8.513, time: 0.008251190000009956
L: 8.85, u_super: 0.00205, sec: 4090.286, prod: 0.021718, t_ads: 1672.5, t_des: 4985.3, bed_util_ads: 0.258, bed_util_des: 0.185, des_th: 0.1851696623157332,frac_lost: 0.102, li_recovered:  144.592, time: 0.017035196999131585
L: 0.50, u_super: 0.00181, sec: 97.884, prod: 0.039786, t_ads: 105.5, t_des: 92.7, bed_util_ads: 0.496, bed_util_des: 0.495, des_th: 0.4954094066951887,frac_lost: 0.102, li_recovered:  7.886, time: 0.007960883000123431
L: 0.50, u_super: 0.00836, sec: 478.680, prod: 0.189103, t_ads: 23.4, t_des: 21.2, bed_util_ads: 0.499, bed_util_des: 0.499, des_th: 0.49882554598158635,frac_lost: 0.107, li_recovered:  8.442, time: 0.009375868999995873
L: 7.19, u_super: 0.00592 — INFEASIBLE (li_recovered=0.000e+00), time: 0.007423493998430786
L: 0.50, u_super: 0.00872, sec: 501.025, prod: 0.197488, t_ads: 22.4, t_des: 20.4, bed_util_ads: 0.499, bed_util_des: 0.499, des_th: 0.49885418960289657,frac_lost: 0.106, li_recovered:  8.448, time: 0.01075553500049864
L: 0.50, u_super: 0.00930, sec: 537.935, prod: 0.210753, t_ads: 21.0, t_des: 19.1, bed_util_ads: 0.499, bed_util_des: 0.499, des_th: 0.4992052940617523,frac_lost: 0.105, li_recovered:  8.457, time: 0.00983362099941587
L: 0.50, u_super: 0.00085, sec: 47.274, prod: 0.017806, t_ads: 221.4, t_des: 228.3, bed_util_ads: 0.465, bed_util_des: 0.462, des_th: 0.46249340768157643,frac_lost: 0.104, li_recovered:  8.007, time: 0.010545076000198605
L: 0.50, u_super: 0.00104 — INFEASIBLE (li_recovered=0.000e+00), time: 0.004644917000405258
L: 0.50, u_super: 0.00823, sec: 470.899, prod: 0.186291, t_ads: 23.8, t_des: 21.6, bed_util_ads: 0.500, bed_util_des: 0.500, des_th: 0.4996447751023368,frac_lost: 0.107, li_recovered:  8.452, time: 0.009476090999669395
L: 0.50, u_super: 0.00831, sec: 497.821, prod: 0.179554, t_ads: 23.5, t_des: 24.9, bed_util_ads: 0.479, bed_util_des: 0.478, des_th: 0.47840812408133726,frac_lost: 0.104, li_recovered:  8.696, time: 0.009080915999220451
L: 0.50, u_super: 0.00543, sec: 299.226, prod: 0.122671, t_ads: 35.7, t_des: 32.8, bed_util_ads: 0.497, bed_util_des: 0.497, des_th: 0.4965561721519986,frac_lost: 0.101, li_recovered:  8.407, time: 0.00821365599949786
L: 0.50, u_super: 0.00391, sec: 213.251, prod: 0.087697, t_ads: 49.6, t_des: 47.0, bed_util_ads: 0.492, bed_util_des: 0.491, des_th: 0.49116570539411364,frac_lost: 0.104, li_recovered:  8.472, time: 0.01081660299860232
L: 0.50, u_super: 0.00059 — INFEASIBLE (li_recovered=0.000e+00), time: 0.0037451429998327512
L: 15.28, u_super: 0.00418 — INFEASIBLE (li_recovered=0.000e+00), time: 0.004322804999901564
L: 0.50, u_super: 0.00902, sec: 520.030, prod: 0.204296, t_ads: 21.7, t_des: 19.7, bed_util_ads: 0.500, bed_util_des: 0.500, des_th: 0.49979475069405965,frac_lost: 0.106, li_recovered:  8.451, time: 0.008335799999258597
L: 0.50, u_super: 0.00175, sec: 95.207, prod: 0.038322, t_ads: 109.0, t_des: 94.3, bed_util_ads: 0.497, bed_util_des: 0.497, des_th: 0.4966081998519098,frac_lost: 0.103, li_recovered:  7.791, time: 0.008246550998592284
L: 0.50, u_super: 0.00247, sec: 133.764, prod: 0.054587, t_ads: 78.2, t_des: 67.9, bed_util_ads: 0.500, bed_util_des: 0.499, des_th: 0.4995328873481135,frac_lost: 0.105, li_recovered:  7.975, time: 0.008427865001067403
L: 0.50, u_super: 0.00987, sec: 574.984, prod: 0.223736, t_ads: 19.8, t_des: 18.0, bed_util_ads: 0.500, bed_util_des: 0.499, des_th: 0.49942132725883337,frac_lost: 0.105, li_recovered:  8.451, time: 0.008967022999058827
L: 0.50, u_super: 0.00831, sec: 476.420, prod: 0.187619, t_ads: 23.6, t_des: 21.9, bed_util_ads: 0.496, bed_util_des: 0.496, des_th: 0.4959204841308585,frac_lost: 0.108, li_recovered:  8.532, time: 0.011717257999407593
L: 0.50, u_super: 0.00417, sec: 227.362, prod: 0.093776, t_ads: 46.6, t_des: 42.2, bed_util_ads: 0.497, bed_util_des: 0.497, des_th: 0.49655524716814026,frac_lost: 0.105, li_recovered:  8.324, time: 0.009492501001659548
L: 0.50, u_super: 0.00005 — INFEASIBLE (li_recovered=0.000e+00), time: 0.0021189929993852274
L: 0.50, u_super: 0.00726, sec: 408.957, prod: 0.164681, t_ads: 26.7, t_des: 24.5, bed_util_ads: 0.498, bed_util_des: 0.498, des_th: 0.4977212339471246,frac_lost: 0.100, li_recovered:  8.428, time: 0.010854457999812439
L: 0.50, u_super: 0.00388, sec: 211.136, prod: 0.087016, t_ads: 50.2, t_des: 44.9, bed_util_ads: 0.499, bed_util_des: 0.499, des_th: 0.4988218346449218,frac_lost: 0.107, li_recovered:  8.270, time: 0.00921700700018846
L: 0.50, u_super: 0.00315, sec: 170.801, prod: 0.070256, t_ads: 61.7, t_des: 58.4, bed_util_ads: 0.491, bed_util_des: 0.490, des_th: 0.49048132370731756,frac_lost: 0.107, li_recovered:  8.437, time: 0.012006357999780448
L: 22.05, u_super: 0.00336 — INFEASIBLE (li_recovered=0.000e+00), time: 0.002898782000556821
L: 16.43, u_super: 0.00637 — INFEASIBLE (li_recovered=0.000e+00), time: 0.004236067999954685
L: 23.20, u_super: 0.00186 — INFEASIBLE (li_recovered=0.000e+00), time: 0.001807885000744136
L: 16.95, u_super: 0.00442 — INFEASIBLE (li_recovered=0.000e+00), time: 0.0038140619999467162
L: 0.50, u_super: 0.00247, sec: 134.545, prod: 0.054270, t_ads: 78.0, t_des: 77.9, bed_util_ads: 0.482, bed_util_des: 0.482, des_th: 0.4816158155153689,frac_lost: 0.102, li_recovered:  8.464, time: 0.009432320000996697
L: 0.50, u_super: 0.00586, sec: 325.022, prod: 0.132593, t_ads: 33.1, t_des: 30.0, bed_util_ads: 0.498, bed_util_des: 0.498, des_th: 0.49793579223977297,frac_lost: 0.102, li_recovered:  8.365, time: 0.01077411000005668
L: 0.50, u_super: 0.00501, sec: 275.857, prod: 0.112978, t_ads: 38.8, t_des: 34.6, bed_util_ads: 0.500, bed_util_des: 0.499, des_th: 0.49946514966443784,frac_lost: 0.104, li_recovered:  8.293, time: 0.013412397998763481
L: 0.50, u_super: 0.00019, sec: 27.699, prod: 0.001568, t_ads: 1024.7, t_des: 4448.9, bed_util_ads: 0.251, bed_util_des: 0.187, des_th: 0.18725920871909224,frac_lost: 0.104, li_recovered:  8.581, time: 0.025718511000377475
L: 0.50, u_super: 0.00965, sec: 624.630, prod: 0.196569, t_ads: 20.2, t_des: 24.1, bed_util_ads: 0.465, bed_util_des: 0.464, des_th: 0.464129880159738,frac_lost: 0.104, li_recovered:  8.716, time: 0.016321063998475438
L: 0.50, u_super: 0.00111, sec: 61.883, prod: 0.023261, t_ads: 171.2, t_des: 142.5, bed_util_ads: 0.496, bed_util_des: 0.495, des_th: 0.4955427272256427,frac_lost: 0.107, li_recovered:  7.297, time: 0.009607042999050464
L: 0.50, u_super: 0.00364, sec: 197.719, prod: 0.081661, t_ads: 53.4, t_des: 48.4, bed_util_ads: 0.497, bed_util_des: 0.497, des_th: 0.49663523226202777,frac_lost: 0.107, li_recovered:  8.316, time: 0.01043561000005866
L: 0.50, u_super: 0.00278, sec: 149.899, prod: 0.061955, t_ads: 69.4, t_des: 61.6, bed_util_ads: 0.498, bed_util_des: 0.498, des_th: 0.4977468745369772,frac_lost: 0.103, li_recovered:  8.114, time: 0.009691884999483591
   485 |    19400 |     40 |  0.0045910717 |             f
L: 10.31, u_super: 0.00487 — INFEASIBLE (li_recovered=0.000e+00), time: 0.0032938680014922284
L: 0.50, u_super: 0.00220, sec: 118.714, prod: 0.048456, t_ads: 88.2, t_des: 77.3, bed_util_ads: 0.497, bed_util_des: 0.497, des_th: 0.4966081998519098,frac_lost: 0.109, li_recovered:  8.019, time: 0.0065410019997216295
L: 0.50, u_super: 0.00137, sec: 75.117, prod: 0.029370, t_ads: 138.4, t_des: 117.9, bed_util_ads: 0.496, bed_util_des: 0.496, des_th: 0.4962086744760831,frac_lost: 0.101, li_recovered:  7.526, time: 0.006287528000029852
L: 0.50, u_super: 0.00962, sec: 559.053, prod: 0.217985, t_ads: 20.3, t_des: 18.4, bed_util_ads: 0.500, bed_util_des: 0.499, des_th: 0.49942132725883337,frac_lost: 0.106, li_recovered:  8.450, time: 0.009755826000400702
L: 0.50, u_super: 0.00076 — INFEASIBLE (li_recovered=0.000e+00), time: 0.004431245000887429
L: 0.50, u_super: 0.00606, sec: 373.060, prod: 0.123584, t_ads: 32.0, t_des: 38.2, bed_util_ads: 0.463, bed_util_des: 0.463, des_th: 0.46277280625215256,frac_lost: 0.100, li_recovered:  8.675, time: 0.007569604000309482
L: 34.39, u_super: 0.00746 — INFEASIBLE (li_recovered=0.000e+00), time: 0.0019769970003835624
L: 54.28, u_super: 0.00872 — INFEASIBLE (li_recovered=0.000e+00), time: 0.0016675079987180652
L: 0.50, u_super: 0.00419, sec: 1801.195, prod: 0.011956, t_ads: 46.7, t_des: 687.6, bed_util_ads: 0.196, bed_util_des: 0.190, des_th: 0.19003823530862543,frac_lost: 0.102, li_recovered:  8.780, time: 0.0492556240005797
L: 0.50, u_super: 0.00243, sec: 131.162, prod: 0.053741, t_ads: 79.5, t_des: 76.9, bed_util_ads: 0.487, bed_util_des: 0.486, des_th: 0.485919346670083,frac_lost: 0.104, li_recovered:  8.408, time: 0.006186636001075385
L: 0.50, u_super: 0.00485, sec: 290.325, prod: 0.100146, t_ads: 40.0, t_des: 46.4, bed_util_ads: 0.466, bed_util_des: 0.465, des_th: 0.46516731136757505,frac_lost: 0.101, li_recovered:  8.650, time: 0.007840636999389972
L: 0.50, u_super: 0.00234, sec: 126.087, prod: 0.051951, t_ads: 82.4, t_des: 73.3, bed_util_ads: 0.497, bed_util_des: 0.497, des_th: 0.4966006038320793,frac_lost: 0.105, li_recovered:  8.092, time: 0.007004764000157593
L: 0.50, u_super: 0.00778, sec: 443.110, prod: 0.175806, t_ads: 25.2, t_des: 23.1, bed_util_ads: 0.498, bed_util_des: 0.498, des_th: 0.4976282521135968,frac_lost: 0.108, li_recovered:  8.489, time: 0.006842541000878555
L: 0.50, u_super: 0.00753, sec: 427.969, prod: 0.169928, t_ads: 26.0, t_des: 24.1, bed_util_ads: 0.496, bed_util_des: 0.496, des_th: 0.4961968476060517,frac_lost: 0.109, li_recovered:  8.520, time: 0.007655968998733442
L: 0.50, u_super: 0.00033, sec: 67.840, prod: 0.001835, t_ads: 606.6, t_des: 4174.4, bed_util_ads: 0.229, bed_util_des: 0.178, des_th: 0.17804178156990894,frac_lost: 0.101, li_recovered:  8.772, time: 0.023995862999072415
L: 3.26, u_super: 0.00278 — INFEASIBLE (li_recovered=0.000e+00), time: 0.002960714999062475
L: 8.45, u_super: 0.00104 — INFEASIBLE (li_recovered=0.000e+00), time: 0.001085288000467699
L: 0.50, u_super: 0.00530, sec: 320.701, prod: 0.109204, t_ads: 36.6, t_des: 42.7, bed_util_ads: 0.466, bed_util_des: 0.465, des_th: 0.4653583240842395,frac_lost: 0.102, li_recovered:  8.663, time: 0.007417460999931791
L: 0.50, u_super: 0.00461, sec: 252.915, prod: 0.103860, t_ads: 42.2, t_des: 38.1, bed_util_ads: 0.498, bed_util_des: 0.498, des_th: 0.49776137234594686,frac_lost: 0.106, li_recovered:  8.337, time: 0.0074481319988990435
L: 0.50, u_super: 0.00007, sec: 6.992, prod: 0.000928, t_ads: 2536.5, t_des: 5725.9, bed_util_ads: 0.255, bed_util_des: 0.176, des_th: 0.17651172700822085,frac_lost: 0.104, li_recovered:  7.664, time: 0.009657894999691052
L: 0.50, u_super: 0.00778, sec: 442.802, prod: 0.175928, t_ads: 25.2, t_des: 23.1, bed_util_ads: 0.498, bed_util_des: 0.498, des_th: 0.4979970240355553,frac_lost: 0.107, li_recovered:  8.481, time: 0.007409917001496069
L: 19.66, u_super: 0.00520 — INFEASIBLE (li_recovered=0.000e+00), time: 0.002634951999425539
L: 0.50, u_super: 0.00256, sec: 153.868, prod: 0.051070, t_ads: 75.4, t_des: 92.1, bed_util_ads: 0.456, bed_util_des: 0.455, des_th: 0.4548211281677084,frac_lost: 0.102, li_recovered:  8.552, time: 0.009660163999797078
L: 9.67, u_super: 0.00071 — INFEASIBLE (li_recovered=0.000e+00), time: 0.00223965100121859
L: 0.50, u_super: 0.00092 — INFEASIBLE (li_recovered=0.000e+00), time: 0.005243493000307353
L: 0.50, u_super: 0.00005 — INFEASIBLE (li_recovered=0.000e+00), time: 0.002061909999611089
L: 0.50, u_super: 0.00138, sec: 76.070, prod: 0.029487, t_ads: 137.4, t_des: 115.7, bed_util_ads: 0.498, bed_util_des: 0.498, des_th: 0.49774084168340293,frac_lost: 0.102, li_recovered:  7.465, time: 0.009004085999549716
L: 0.50, u_super: 0.00762, sec: 433.176, prod: 0.172210, t_ads: 25.7, t_des: 23.3, bed_util_ads: 0.499, bed_util_des: 0.499, des_th: 0.4991506715178038,frac_lost: 0.109, li_recovered:  8.443, time: 0.009677138001279673
L: 0.50, u_super: 0.00919, sec: 531.896, prod: 0.208132, t_ads: 21.3, t_des: 19.6, bed_util_ads: 0.498, bed_util_des: 0.498, des_th: 0.497709777014461,frac_lost: 0.106, li_recovered:  8.503, time: 0.009962551999706193
L: 0.50, u_super: 0.00059 — INFEASIBLE (li_recovered=0.000e+00), time: 0.0053994169993529795
L: 0.50, u_super: 0.00733, sec: 414.531, prod: 0.165590, t_ads: 26.7, t_des: 24.5, bed_util_ads: 0.498, bed_util_des: 0.498, des_th: 0.4977288299669549,frac_lost: 0.107, li_recovered:  8.479, time: 0.009529178001685068
L: 0.50, u_super: 0.00872, sec: 663.293, prod: 0.149174, t_ads: 22.4, t_des: 36.1, bed_util_ads: 0.427, bed_util_des: 0.426, des_th: 0.4260895970840859,frac_lost: 0.104, li_recovered:  8.722, time: 0.014774989998841193
L: 0.50, u_super: 0.00546, sec: 301.562, prod: 0.123179, t_ads: 35.6, t_des: 31.9, bed_util_ads: 0.499, bed_util_des: 0.499, des_th: 0.49852141027210034,frac_lost: 0.103, li_recovered:  8.315, time: 0.00981234999926528
L: 0.50, u_super: 0.00910, sec: 590.923, prod: 0.183394, t_ads: 21.5, t_des: 26.1, bed_util_ads: 0.463, bed_util_des: 0.463, des_th: 0.4625252023359691,frac_lost: 0.104, li_recovered:  8.714, time: 0.011947531998885097
L: 0.50, u_super: 0.00848, sec: 486.267, prod: 0.191910, t_ads: 23.1, t_des: 20.9, bed_util_ads: 0.499, bed_util_des: 0.499, des_th: 0.49888289985713447,frac_lost: 0.107, li_recovered:  8.445, time: 0.013843282999005169
L: 0.50, u_super: 0.00129, sec: 71.929, prod: 0.027368, t_ads: 146.6, t_des: 121.7, bed_util_ads: 0.498, bed_util_des: 0.498, des_th: 0.49774084168340293,frac_lost: 0.103, li_recovered:  7.342, time: 0.009523508000711445
L: 0.50, u_super: 0.00836, sec: 600.909, prod: 0.150639, t_ads: 23.4, t_des: 34.5, bed_util_ads: 0.437, bed_util_des: 0.437, des_th: 0.43666308596677367,frac_lost: 0.104, li_recovered:  8.716, time: 0.018847979999918607
L: 0.50, u_super: 0.00195, sec: 105.828, prod: 0.042911, t_ads: 98.7, t_des: 85.9, bed_util_ads: 0.497, bed_util_des: 0.497, des_th: 0.4966081998519098,frac_lost: 0.107, li_recovered:  7.920, time: 0.014028908999534906
L: 0.50, u_super: 0.00492, sec: 270.414, prod: 0.111069, t_ads: 39.5, t_des: 35.7, bed_util_ads: 0.499, bed_util_des: 0.498, des_th: 0.498441203601069,frac_lost: 0.104, li_recovered:  8.347, time: 0.012807163000616129
L: 0.50, u_super: 0.00331, sec: 179.159, prod: 0.074122, t_ads: 58.7, t_des: 53.2, bed_util_ads: 0.497, bed_util_des: 0.497, des_th: 0.4965995292756149,frac_lost: 0.107, li_recovered:  8.294, time: 0.00977580699873215
   486 |    19440 |     40 |  0.0017282423 |             f
L: 0.50, u_super: 0.00525, sec: 289.405, prod: 0.118370, t_ads: 37.0, t_des: 33.1, bed_util_ads: 0.499, bed_util_des: 0.499, des_th: 0.4988252501834492,frac_lost: 0.103, li_recovered:  8.296, time: 0.009697494000647566
L: 0.50, u_super: 0.00005 — INFEASIBLE (li_recovered=0.000e+00), time: 0.0016756000004534144
L: 0.50, u_super: 0.00522, sec: 288.075, prod: 0.117643, t_ads: 37.1, t_des: 32.9, bed_util_ads: 0.500, bed_util_des: 0.500, des_th: 0.49979082238837363,frac_lost: 0.102, li_recovered:  8.241, time: 0.010225902999081882
L: 0.50, u_super: 0.00778, sec: 483.088, prod: 0.161257, t_ads: 25.2, t_des: 28.8, bed_util_ads: 0.470, bed_util_des: 0.469, des_th: 0.4692588764329507,frac_lost: 0.108, li_recovered:  8.704, time: 0.010010170999521506
L: 0.50, u_super: 0.00305, sec: 164.669, prod: 0.068287, t_ads: 63.3, t_des: 56.9, bed_util_ads: 0.497, bed_util_des: 0.497, des_th: 0.49656318605806277,frac_lost: 0.103, li_recovered:  8.207, time: 0.008044919999520062
L: 0.50, u_super: 0.00883, sec: 509.538, prod: 0.199401, t_ads: 22.1, t_des: 20.8, bed_util_ads: 0.496, bed_util_des: 0.495, des_th: 0.4954733923442339,frac_lost: 0.106, li_recovered:  8.561, time: 0.007988744000613224
L: 6.46, u_super: 0.00097 — INFEASIBLE (li_recovered=0.000e+00), time: 0.0013994640012242598
L: 0.50, u_super: 0.00363, sec: 197.072, prod: 0.081375, t_ads: 53.6, t_des: 48.5, bed_util_ads: 0.497, bed_util_des: 0.497, des_th: 0.49682237636015053,frac_lost: 0.107, li_recovered:  8.311, time: 0.010193730000537471
L: 4.10, u_super: 0.00614 — INFEASIBLE (li_recovered=0.000e+00), time: 0.005871618999663042
L: 0.50, u_super: 0.00968, sec: 562.574, prod: 0.219672, t_ads: 20.2, t_des: 18.3, bed_util_ads: 0.499, bed_util_des: 0.499, des_th: 0.49874965900066814,frac_lost: 0.104, li_recovered:  8.444, time: 0.009103545000471058
L: 0.50, u_super: 0.00111, sec: 61.883, prod: 0.023261, t_ads: 171.2, t_des: 142.5, bed_util_ads: 0.496, bed_util_des: 0.495, des_th: 0.4955427272256427,frac_lost: 0.107, li_recovered:  7.297, time: 0.008220107998567983
L: 0.50, u_super: 0.00501, sec: 275.437, prod: 0.113150, t_ads: 38.7, t_des: 35.0, bed_util_ads: 0.498, bed_util_des: 0.498, des_th: 0.49786645760204395,frac_lost: 0.102, li_recovered:  8.339, time: 0.008335212000019965
L: 0.50, u_super: 0.00881, sec: 507.557, prod: 0.199053, t_ads: 22.2, t_des: 20.7, bed_util_ads: 0.497, bed_util_des: 0.497, des_th: 0.4965561721519986,frac_lost: 0.106, li_recovered:  8.536, time: 0.007237562000227626
L: 0.50, u_super: 0.00669, sec: 374.781, prod: 0.151635, t_ads: 29.0, t_des: 26.2, bed_util_ads: 0.500, bed_util_des: 0.499, des_th: 0.4994270301937879,frac_lost: 0.101, li_recovered:  8.366, time: 0.008048817000599229
L: 0.50, u_super: 0.00872, sec: 546.391, prod: 0.181091, t_ads: 22.4, t_des: 25.7, bed_util_ads: 0.470, bed_util_des: 0.469, des_th: 0.4692922013971676,frac_lost: 0.106, li_recovered:  8.711, time: 0.008709711999472347
L: 0.50, u_super: 0.00779, sec: 441.713, prod: 0.176535, t_ads: 24.9, t_des: 23.1, bed_util_ads: 0.497, bed_util_des: 0.497, des_th: 0.49668946366271044,frac_lost: 0.101, li_recovered:  8.487, time: 0.00802500399913697
L: 19.82, u_super: 0.00962 — INFEASIBLE (li_recovered=0.000e+00), time: 0.003555496001354186
L: 0.50, u_super: 0.00388, sec: 217.102, prod: 0.084625, t_ads: 50.1, t_des: 51.5, bed_util_ads: 0.480, bed_util_des: 0.480, des_th: 0.47974305798895495,frac_lost: 0.105, li_recovered:  8.595, time: 0.008995975000289036
L: 11.62, u_super: 0.00669, sec: 30762.220, prod: 0.042917, t_ads: 692.5, t_des: 4039.0, bed_util_ads: 0.240, bed_util_des: 0.186, des_th: 0.18602920951788654,frac_lost: 0.105, li_recovered:  203.064, time: 0.030121867999696406
L: 0.50, u_super: 0.00967, sec: 561.911, prod: 0.219176, t_ads: 20.2, t_des: 18.6, bed_util_ads: 0.497, bed_util_des: 0.497, des_th: 0.49687110675035906,frac_lost: 0.105, li_recovered:  8.493, time: 0.008589945000494481
L: 0.50, u_super: 0.00111, sec: 62.132, prod: 0.023168, t_ads: 169.6, t_des: 140.5, bed_util_ads: 0.496, bed_util_des: 0.496, des_th: 0.4956202019832092,frac_lost: 0.101, li_recovered:  7.185, time: 0.010080870999445324
L: 0.50, u_super: 0.00660, sec: 369.365, prod: 0.149254, t_ads: 29.4, t_des: 26.3, bed_util_ads: 0.500, bed_util_des: 0.500, des_th: 0.4997726095427709,frac_lost: 0.101, li_recovered:  8.310, time: 0.007865645000492805
L: 0.50, u_super: 0.00934, sec: 540.444, prod: 0.211813, t_ads: 20.9, t_des: 19.0, bed_util_ads: 0.499, bed_util_des: 0.499, des_th: 0.49921503286951563,frac_lost: 0.104, li_recovered:  8.446, time: 0.00905317999968247
L: 0.50, u_super: 0.00408, sec: 223.322, prod: 0.091282, t_ads: 47.6, t_des: 45.6, bed_util_ads: 0.489, bed_util_des: 0.489, des_th: 0.4889001395190149,frac_lost: 0.104, li_recovered:  8.508, time: 0.010259914000926074
L: 0.50, u_super: 0.00984, sec: 628.462, prod: 0.203612, t_ads: 19.8, t_des: 23.0, bed_util_ads: 0.468, bed_util_des: 0.468, des_th: 0.4676873906278852,frac_lost: 0.103, li_recovered:  8.715, time: 0.009432171000298695
L: 0.50, u_super: 0.00045, sec: 26.754, prod: 0.008804, t_ads: 395.6, t_des: 352.8, bed_util_ads: 0.466, bed_util_des: 0.465, des_th: 0.4655601877624581,frac_lost: 0.104, li_recovered:  6.590, time: 0.011309608000374283
L: 3.43, u_super: 0.00853, sec: 3593.760, prod: 0.180211, t_ads: 152.6, t_des: 126.3, bed_util_ads: 0.498, bed_util_des: 0.498, des_th: 0.49841110279708273,frac_lost: 0.106, li_recovered:  50.260, time: 0.014709462000610074
L: 0.50, u_super: 0.00088, sec: 49.087, prod: 0.018622, t_ads: 212.2, t_des: 218.7, bed_util_ads: 0.465, bed_util_des: 0.463, des_th: 0.46275556870212636,frac_lost: 0.102, li_recovered:  8.024, time: 0.015055820000270614
L: 0.50, u_super: 0.00364, sec: 197.719, prod: 0.081661, t_ads: 53.4, t_des: 48.4, bed_util_ads: 0.497, bed_util_des: 0.497, des_th: 0.49663523226202777,frac_lost: 0.107, li_recovered:  8.316, time: 0.018601302999741165
L: 37.45, u_super: 0.00543 — INFEASIBLE (li_recovered=0.000e+00), time: 0.0020060009992448613
L: 0.50, u_super: 0.00489, sec: 268.779, prod: 0.110353, t_ads: 39.7, t_des: 35.8, bed_util_ads: 0.498, bed_util_des: 0.498, des_th: 0.49817667649413533,frac_lost: 0.104, li_recovered:  8.336, time: 0.012900814999738941
L: 0.50, u_super: 0.00557, sec: 307.904, prod: 0.125823, t_ads: 34.8, t_des: 31.2, bed_util_ads: 0.499, bed_util_des: 0.499, des_th: 0.49921503286951563,frac_lost: 0.101, li_recovered:  8.299, time: 0.00982405399918207
L: 0.50, u_super: 0.00162, sec: 87.992, prod: 0.035126, t_ads: 118.7, t_des: 102.2, bed_util_ads: 0.497, bed_util_des: 0.497, des_th: 0.49689674266731376,frac_lost: 0.107, li_recovered:  7.759, time: 0.009903559001031681
L: 0.50, u_super: 0.00643, sec: 359.093, prod: 0.145590, t_ads: 30.1, t_des: 27.0, bed_util_ads: 0.499, bed_util_des: 0.499, des_th: 0.49934468736467524,frac_lost: 0.100, li_recovered:  8.321, time: 0.009160575000350946
L: 0.50, u_super: 0.00331, sec: 179.449, prod: 0.074002, t_ads: 58.6, t_des: 51.9, bed_util_ads: 0.499, bed_util_des: 0.499, des_th: 0.4992784216906775,frac_lost: 0.106, li_recovered:  8.180, time: 0.010066886999993585
L: 0.50, u_super: 0.00388, sec: 211.431, prod: 0.086895, t_ads: 50.2, t_des: 44.3, bed_util_ads: 0.500, bed_util_des: 0.500, des_th: 0.4996930760283681,frac_lost: 0.106, li_recovered:  8.211, time: 0.016035939999710536
L: 0.50, u_super: 0.00675, sec: 379.467, prod: 0.152231, t_ads: 29.0, t_des: 26.6, bed_util_ads: 0.497, bed_util_des: 0.497, des_th: 0.49717080989670337,frac_lost: 0.109, li_recovered:  8.476, time: 0.013310813001226052
L: 0.50, u_super: 0.00420, sec: 229.427, prod: 0.094274, t_ads: 46.4, t_des: 41.3, bed_util_ads: 0.499, bed_util_des: 0.499, des_th: 0.4992986809909443,frac_lost: 0.106, li_recovered:  8.263, time: 0.01102100100069947
L: 18.16, u_super: 0.00544 — INFEASIBLE (li_recovered=0.000e+00), time: 0.0028343140002107248
L: 0.50, u_super: 0.00465, sec: 254.937, prod: 0.104805, t_ads: 41.8, t_des: 38.7, bed_util_ads: 0.496, bed_util_des: 0.495, des_th: 0.4954733923442339,frac_lost: 0.104, li_recovered:  8.431, time: 0.00971529699927487
   487 |    19480 |     40 |  0.0030895960 |             f
L: 0.50, u_super: 0.00005 — INFEASIBLE (li_recovered=0.000e+00), time: 0.0032175630003621336
L: 0.50, u_super: 0.00836, sec: 478.556, prod: 0.189153, t_ads: 23.4, t_des: 21.2, bed_util_ads: 0.499, bed_util_des: 0.499, des_th: 0.498833744155142,frac_lost: 0.107, li_recovered:  8.447, time: 0.009675458000856452
L: 0.50, u_super: 0.00540, sec: 297.957, prod: 0.122004, t_ads: 35.9, t_des: 32.6, bed_util_ads: 0.498, bed_util_des: 0.498, des_th: 0.49793579223977297,frac_lost: 0.102, li_recovered:  8.367, time: 0.012293584000872215
L: 0.50, u_super: 0.00343, sec: 203.688, prod: 0.070233, t_ads: 56.5, t_des: 66.1, bed_util_ads: 0.465, bed_util_des: 0.464, des_th: 0.46369568239521,frac_lost: 0.103, li_recovered:  8.607, time: 0.023446103999958723
L: 36.05, u_super: 0.00709 — INFEASIBLE (li_recovered=0.000e+00), time: 0.0021858760010218248
L: 0.50, u_super: 0.00648, sec: 361.701, prod: 0.146618, t_ads: 30.0, t_des: 27.0, bed_util_ads: 0.499, bed_util_des: 0.498, des_th: 0.49844191196813864,frac_lost: 0.101, li_recovered:  8.357, time: 0.009349916999781271
L: 0.50, u_super: 0.00260, sec: 141.016, prod: 0.057584, t_ads: 74.2, t_des: 64.3, bed_util_ads: 0.499, bed_util_des: 0.499, des_th: 0.49907203825449886,frac_lost: 0.104, li_recovered:  7.973, time: 0.010720506999859936
L: 0.50, u_super: 0.00388, sec: 210.959, prod: 0.087089, t_ads: 50.2, t_des: 46.0, bed_util_ads: 0.495, bed_util_des: 0.495, des_th: 0.494884632175831,frac_lost: 0.106, li_recovered:  8.374, time: 0.01686027899995679
L: 0.50, u_super: 0.00432, sec: 236.102, prod: 0.097217, t_ads: 44.9, t_des: 40.2, bed_util_ads: 0.499, bed_util_des: 0.499, des_th: 0.4991506715178038,frac_lost: 0.104, li_recovered:  8.271, time: 0.012121281999498024
L: 0.50, u_super: 0.00911, sec: 525.454, prod: 0.206418, t_ads: 21.4, t_des: 19.5, bed_util_ads: 0.499, bed_util_des: 0.498, des_th: 0.4984427891738307,frac_lost: 0.105, li_recovered:  8.459, time: 0.013729381000302965
L: 0.50, u_super: 0.00346, sec: 197.108, prod: 0.073941, t_ads: 55.7, t_des: 60.4, bed_util_ads: 0.474, bed_util_des: 0.473, des_th: 0.47329060705520054,frac_lost: 0.100, li_recovered:  8.591, time: 0.011550056999112712
L: 0.50, u_super: 0.00189, sec: 102.891, prod: 0.041068, t_ads: 101.7, t_des: 86.5, bed_util_ads: 0.500, bed_util_des: 0.499, des_th: 0.49942132725883337,frac_lost: 0.104, li_recovered:  7.729, time: 0.010379989998909878
L: 0.50, u_super: 0.00162, sec: 88.316, prod: 0.034997, t_ads: 118.6, t_des: 101.0, bed_util_ads: 0.498, bed_util_des: 0.498, des_th: 0.49767420731786705,frac_lost: 0.106, li_recovered:  7.685, time: 0.011923555999601376
L: 0.50, u_super: 0.00525, sec: 289.241, prod: 0.118755, t_ads: 36.9, t_des: 33.5, bed_util_ads: 0.498, bed_util_des: 0.497, des_th: 0.49734251815648783,frac_lost: 0.101, li_recovered:  8.352, time: 0.00955308299853641
L: 0.50, u_super: 0.00785, sec: 445.173, prod: 0.177964, t_ads: 24.7, t_des: 22.9, bed_util_ads: 0.495, bed_util_des: 0.495, des_th: 0.4952956390099994,frac_lost: 0.100, li_recovered:  8.480, time: 0.009562298000673763
L: 0.50, u_super: 0.00778, sec: 441.276, prod: 0.176537, t_ads: 25.0, t_des: 22.8, bed_util_ads: 0.498, bed_util_des: 0.498, des_th: 0.4976282521135968,frac_lost: 0.101, li_recovered:  8.429, time: 0.010443373999805772
L: 0.50, u_super: 0.00635, sec: 355.684, prod: 0.143077, t_ads: 30.5, t_des: 29.2, bed_util_ads: 0.491, bed_util_des: 0.491, des_th: 0.4908604017609922,frac_lost: 0.101, li_recovered:  8.555, time: 0.011117410998849664
L: 3.80, u_super: 0.00869, sec: 4087.936, prod: 0.182901, t_ads: 165.6, t_des: 137.5, bed_util_ads: 0.498, bed_util_des: 0.498, des_th: 0.497709777014461,frac_lost: 0.106, li_recovered:  55.436, time: 0.008194697000362794
L: 0.50, u_super: 0.00805, sec: 464.371, prod: 0.180271, t_ads: 24.3, t_des: 23.6, bed_util_ads: 0.491, bed_util_des: 0.491, des_th: 0.49072377388674,frac_lost: 0.107, li_recovered:  8.628, time: 0.009287277000112226
L: 0.50, u_super: 0.00260, sec: 140.927, prod: 0.057621, t_ads: 74.2, t_des: 64.5, bed_util_ads: 0.499, bed_util_des: 0.499, des_th: 0.4990427181106893,frac_lost: 0.104, li_recovered:  7.987, time: 0.013316098000359489
L: 24.26, u_super: 0.00501, sec: 27713.383, prod: 0.054565, t_ads: 1870.2, t_des: 5337.3, bed_util_ads: 0.255, bed_util_des: 0.179, des_th: 0.17941638733439907,frac_lost: 0.101, li_recovered:  393.283, time: 0.020853418000115198
L: 0.50, u_super: 0.00778, sec: 441.141, prod: 0.176591, t_ads: 24.9, t_des: 22.8, bed_util_ads: 0.498, bed_util_des: 0.498, des_th: 0.4976200539392376,frac_lost: 0.101, li_recovered:  8.435, time: 0.010314357999959611
L: 0.50, u_super: 0.00586, sec: 324.890, prod: 0.132524, t_ads: 33.1, t_des: 30.4, bed_util_ads: 0.497, bed_util_des: 0.497, des_th: 0.4965561721519986,frac_lost: 0.102, li_recovered:  8.419, time: 0.009406043000126374
L: 29.62, u_super: 0.00045 — INFEASIBLE (li_recovered=0.000e+00), time: 0.0018420269989292137
L: 0.50, u_super: 0.00895, sec: 515.985, prod: 0.202588, t_ads: 21.9, t_des: 20.0, bed_util_ads: 0.499, bed_util_des: 0.499, des_th: 0.4985930874564338,frac_lost: 0.106, li_recovered:  8.484, time: 0.010188644000663771
L: 0.50, u_super: 0.00987, sec: 574.527, prod: 0.223988, t_ads: 19.8, t_des: 18.0, bed_util_ads: 0.500, bed_util_des: 0.499, des_th: 0.4994206188333427,frac_lost: 0.104, li_recovered:  8.455, time: 0.013994582999657723
L: 0.50, u_super: 0.00338, sec: 182.775, prod: 0.075973, t_ads: 57.1, t_des: 51.9, bed_util_ads: 0.496, bed_util_des: 0.495, des_th: 0.4955144637445674,frac_lost: 0.102, li_recovered:  8.278, time: 0.013011828999879071
L: 0.50, u_super: 0.00162, sec: 87.992, prod: 0.035126, t_ads: 118.7, t_des: 102.2, bed_util_ads: 0.497, bed_util_des: 0.497, des_th: 0.49689674266731376,frac_lost: 0.107, li_recovered:  7.759, time: 0.011302844999590889
L: 54.78, u_super: 0.00618 — INFEASIBLE (li_recovered=0.000e+00), time: 0.0017996779988607159
L: 0.50, u_super: 0.00676, sec: 378.810, prod: 0.153222, t_ads: 28.7, t_des: 26.0, bed_util_ads: 0.499, bed_util_des: 0.499, des_th: 0.49888289985713447,frac_lost: 0.101, li_recovered:  8.376, time: 0.012803288000213797
L: 0.50, u_super: 0.00499, sec: 274.353, prod: 0.112701, t_ads: 38.9, t_des: 35.6, bed_util_ads: 0.497, bed_util_des: 0.497, des_th: 0.4965995292756149,frac_lost: 0.103, li_recovered:  8.395, time: 0.011527467000632896
L: 0.50, u_super: 0.00981, sec: 579.284, prod: 0.219387, t_ads: 19.9, t_des: 19.6, bed_util_ads: 0.490, bed_util_des: 0.490, des_th: 0.48963215906751706,frac_lost: 0.104, li_recovered:  8.657, time: 0.01003515499905916
L: 0.50, u_super: 0.00278, sec: 149.881, prod: 0.061962, t_ads: 69.4, t_des: 61.6, bed_util_ads: 0.497, bed_util_des: 0.497, des_th: 0.49696940988642385,frac_lost: 0.102, li_recovered:  8.117, time: 0.010439939998832415
L: 0.50, u_super: 0.00111, sec: 61.894, prod: 0.023257, t_ads: 171.1, t_des: 142.5, bed_util_ads: 0.496, bed_util_des: 0.495, des_th: 0.4955427272256427,frac_lost: 0.107, li_recovered:  7.293, time: 0.008855628000674187
L: 0.50, u_super: 0.00005, sec: 4.470, prod: 0.000685, t_ads: 3475.1, t_des: 6411.8, bed_util_ads: 0.248, bed_util_des: 0.173, des_th: 0.17282527291164748,frac_lost: 0.101, li_recovered:  6.768, time: 0.020109672001126455
L: 39.88, u_super: 0.00941 — INFEASIBLE (li_recovered=0.000e+00), time: 0.0030991710009402595
L: 0.50, u_super: 0.00897, sec: 524.584, prod: 0.200413, t_ads: 21.8, t_des: 21.4, bed_util_ads: 0.489, bed_util_des: 0.489, des_th: 0.48881424544580787,frac_lost: 0.105, li_recovered:  8.651, time: 0.011432280000008177
L: 0.50, u_super: 0.00033, sec: 66.249, prod: 0.001966, t_ads: 594.1, t_des: 3859.8, bed_util_ads: 0.235, bed_util_des: 0.185, des_th: 0.1851696623157332,frac_lost: 0.103, li_recovered:  8.758, time: 0.04205857199849561
L: 0.50, u_super: 0.00420, sec: 229.228, prod: 0.094356, t_ads: 46.3, t_des: 41.3, bed_util_ads: 0.499, bed_util_des: 0.499, des_th: 0.4992992318868403,frac_lost: 0.105, li_recovered:  8.264, time: 0.010487129000466666
L: 0.50, u_super: 0.00895, sec: 515.523, prod: 0.202770, t_ads: 21.8, t_des: 19.6, bed_util_ads: 0.499, bed_util_des: 0.499, des_th: 0.4992161720235991,frac_lost: 0.105, li_recovered:  8.407, time: 0.01343432200155803
   488 |    19520 |     40 |  0.0019301965 |             f
L: 0.50, u_super: 0.00005 — INFEASIBLE (li_recovered=0.000e+00), time: 0.01243921100103762
L: 0.50, u_super: 0.00204, sec: 109.539, prod: 0.045099, t_ads: 94.8, t_des: 87.7, bed_util_ads: 0.490, bed_util_des: 0.490, des_th: 0.48963215906751706,frac_lost: 0.108, li_recovered:  8.234, time: 0.009293130000514793
L: 0.50, u_super: 0.00989, sec: 576.483, prod: 0.224266, t_ads: 19.8, t_des: 17.9, bed_util_ads: 0.500, bed_util_des: 0.499, des_th: 0.4994018186685681,frac_lost: 0.105, li_recovered:  8.456, time: 0.024341751999600092
L: 0.50, u_super: 0.00989, sec: 576.751, prod: 0.224078, t_ads: 19.8, t_des: 18.2, bed_util_ads: 0.499, bed_util_des: 0.498, des_th: 0.4984525268272339,frac_lost: 0.106, li_recovered:  8.502, time: 0.009908756001095753
L: 9.22, u_super: 0.00349 — INFEASIBLE (li_recovered=0.000e+00), time: 0.002962304999527987
L: 0.50, u_super: 0.00676, sec: 380.278, prod: 0.152614, t_ads: 29.0, t_des: 26.2, bed_util_ads: 0.499, bed_util_des: 0.499, des_th: 0.49888289985713447,frac_lost: 0.109, li_recovered:  8.424, time: 0.008868677999998908
L: 0.50, u_super: 0.00013, sec: 14.774, prod: 0.001287, t_ads: 1515.8, t_des: 4902.5, bed_util_ads: 0.256, bed_util_des: 0.185, des_th: 0.1851696623157332,frac_lost: 0.100, li_recovered:  8.261, time: 0.01864874100101588
L: 0.50, u_super: 0.00836, sec: 478.540, prod: 0.189159, t_ads: 23.4, t_des: 21.2, bed_util_ads: 0.499, bed_util_des: 0.499, des_th: 0.49919541967130804,frac_lost: 0.107, li_recovered:  8.442, time: 0.009468240999922273
L: 0.50, u_super: 0.00305, sec: 164.797, prod: 0.068234, t_ads: 63.2, t_des: 56.2, bed_util_ads: 0.498, bed_util_des: 0.498, des_th: 0.49804796297517406,frac_lost: 0.102, li_recovered:  8.146, time: 0.009901578001517919
L: 7.68, u_super: 0.00919 — INFEASIBLE (li_recovered=0.000e+00), time: 0.005795993998617632
L: 0.50, u_super: 0.00462, sec: 252.975, prod: 0.103989, t_ads: 42.1, t_des: 38.0, bed_util_ads: 0.497, bed_util_des: 0.497, des_th: 0.49723544556447286,frac_lost: 0.105, li_recovered:  8.331, time: 0.009467847999985679
L: 0.50, u_super: 0.00200, sec: 106.926, prod: 0.044305, t_ads: 95.8, t_des: 88.2, bed_util_ads: 0.491, bed_util_des: 0.490, des_th: 0.4904561444771581,frac_lost: 0.100, li_recovered:  8.155, time: 0.008435200999883818
L: 0.50, u_super: 0.00005, sec: 4.332, prod: 0.000668, t_ads: 3399.4, t_des: 5772.9, bed_util_ads: 0.251, bed_util_des: 0.185, des_th: 0.1851696623157332,frac_lost: 0.100, li_recovered:  6.129, time: 0.011656811000648304
L: 0.50, u_super: 0.00791, sec: 449.167, prod: 0.179410, t_ads: 24.5, t_des: 22.1, bed_util_ads: 0.499, bed_util_des: 0.499, des_th: 0.4988252343145042,frac_lost: 0.101, li_recovered:  8.377, time: 0.01079180700071447
L: 0.50, u_super: 0.00988, sec: 575.998, prod: 0.224086, t_ads: 19.8, t_des: 17.9, bed_util_ads: 0.499, bed_util_des: 0.499, des_th: 0.4991641306390325,frac_lost: 0.105, li_recovered:  8.453, time: 0.010518988998228451
L: 19.87, u_super: 0.00277 — INFEASIBLE (li_recovered=0.000e+00), time: 0.002153076999093173
L: 50.13, u_super: 0.00930 — INFEASIBLE (li_recovered=0.000e+00), time: 0.0018042329993477324
L: 0.50, u_super: 0.00085 — INFEASIBLE (li_recovered=0.000e+00), time: 0.005896480999581399
L: 0.50, u_super: 0.00726, sec: 410.660, prod: 0.164072, t_ads: 27.0, t_des: 24.2, bed_util_ads: 0.500, bed_util_des: 0.500, des_th: 0.49980515626685057,frac_lost: 0.108, li_recovered:  8.391, time: 0.007360527999480837
L: 34.17, u_super: 0.00939 — INFEASIBLE (li_recovered=0.000e+00), time: 0.0031549269988317974
L: 0.50, u_super: 0.00628, sec: 349.820, prod: 0.142006, t_ads: 30.9, t_des: 27.7, bed_util_ads: 0.500, bed_util_des: 0.500, des_th: 0.4996963389402929,frac_lost: 0.101, li_recovered:  8.324, time: 0.009053829999174923
L: 0.50, u_super: 0.00503, sec: 276.310, prod: 0.113555, t_ads: 38.6, t_des: 35.3, bed_util_ads: 0.497, bed_util_des: 0.497, des_th: 0.49680759296196647,frac_lost: 0.102, li_recovered:  8.393, time: 0.008842942999763181
L: 0.50, u_super: 0.00385, sec: 209.900, prod: 0.086213, t_ads: 50.6, t_des: 44.7, bed_util_ads: 0.500, bed_util_des: 0.499, des_th: 0.4994102170060188,frac_lost: 0.107, li_recovered:  8.212, time: 0.008468586000162759
L: 0.50, u_super: 0.00258, sec: 139.616, prod: 0.057027, t_ads: 74.9, t_des: 65.0, bed_util_ads: 0.499, bed_util_des: 0.499, des_th: 0.4990438572647727,frac_lost: 0.104, li_recovered:  7.973, time: 0.010491859999092412
L: 0.50, u_super: 0.00952, sec: 551.823, prod: 0.215830, t_ads: 20.5, t_des: 18.6, bed_util_ads: 0.499, bed_util_des: 0.499, des_th: 0.49908230402840353,frac_lost: 0.104, li_recovered:  8.443, time: 0.01188636600090831
L: 0.50, u_super: 0.00062 — INFEASIBLE (li_recovered=0.000e+00), time: 0.004780598999786889
L: 0.50, u_super: 0.00757, sec: 429.497, prod: 0.171035, t_ads: 25.9, t_des: 23.7, bed_util_ads: 0.498, bed_util_des: 0.498, des_th: 0.4976200539392376,frac_lost: 0.107, li_recovered:  8.476, time: 0.011666177999359206
L: 0.50, u_super: 0.00525, sec: 292.888, prod: 0.117276, t_ads: 37.0, t_des: 36.3, bed_util_ads: 0.488, bed_util_des: 0.487, des_th: 0.48750089264452684,frac_lost: 0.102, li_recovered:  8.586, time: 0.010105418999955873
L: 0.50, u_super: 0.00952, sec: 552.491, prod: 0.215713, t_ads: 20.5, t_des: 18.8, bed_util_ads: 0.498, bed_util_des: 0.498, des_th: 0.497709777014461,frac_lost: 0.105, li_recovered:  8.493, time: 0.011192257999937283
L: 23.68, u_super: 0.00251 — INFEASIBLE (li_recovered=0.000e+00), time: 0.002724236999711138
L: 0.50, u_super: 0.00255, sec: 138.560, prod: 0.056477, t_ads: 75.6, t_des: 65.4, bed_util_ads: 0.500, bed_util_des: 0.499, des_th: 0.49934820608362934,frac_lost: 0.105, li_recovered:  7.967, time: 0.00962860800063936
L: 0.50, u_super: 0.00836, sec: 478.252, prod: 0.189273, t_ads: 23.4, t_des: 21.3, bed_util_ads: 0.499, bed_util_des: 0.499, des_th: 0.498833744155142,frac_lost: 0.106, li_recovered:  8.451, time: 0.01766067800053861
L: 0.50, u_super: 0.00765, sec: 433.037, prod: 0.173438, t_ads: 25.4, t_des: 22.9, bed_util_ads: 0.499, bed_util_des: 0.499, des_th: 0.49916152144527864,frac_lost: 0.101, li_recovered:  8.377, time: 0.011887593998835655
L: 0.50, u_super: 0.00990, sec: 576.332, prod: 0.224552, t_ads: 19.7, t_des: 17.9, bed_util_ads: 0.500, bed_util_des: 0.499, des_th: 0.49942132725883337,frac_lost: 0.104, li_recovered:  8.450, time: 0.009078312001292943
L: 0.50, u_super: 0.00432, sec: 236.529, prod: 0.097041, t_ads: 45.1, t_des: 40.1, bed_util_ads: 0.500, bed_util_des: 0.499, des_th: 0.4994071597121141,frac_lost: 0.107, li_recovered:  8.272, time: 0.012432327001079102
L: 0.50, u_super: 0.00794, sec: 451.351, prod: 0.180242, t_ads: 24.4, t_des: 22.6, bed_util_ads: 0.497, bed_util_des: 0.497, des_th: 0.4968412726739178,frac_lost: 0.101, li_recovered:  8.472, time: 0.012097030999939307
L: 0.50, u_super: 0.00111 — INFEASIBLE (li_recovered=0.000e+00), time: 0.0066769550012395484
L: 0.50, u_super: 0.00487, sec: 270.548, prod: 0.108525, t_ads: 39.9, t_des: 39.1, bed_util_ads: 0.487, bed_util_des: 0.487, des_th: 0.4870685892119836,frac_lost: 0.104, li_recovered:  8.578, time: 0.009882074999040924
L: 0.50, u_super: 0.00979, sec: 569.338, prod: 0.222273, t_ads: 19.9, t_des: 18.1, bed_util_ads: 0.500, bed_util_des: 0.500, des_th: 0.4995608458636832,frac_lost: 0.103, li_recovered:  8.448, time: 0.013856711999324034
L: 0.50, u_super: 0.00878, sec: 504.966, prod: 0.198771, t_ads: 22.3, t_des: 20.2, bed_util_ads: 0.500, bed_util_des: 0.499, des_th: 0.49942550944450864,frac_lost: 0.106, li_recovered:  8.436, time: 0.010261817000355222
   489 |    19560 |     40 |  0.0040751983 |             f
L: 0.50, u_super: 0.00805, sec: 457.794, prod: 0.182816, t_ads: 24.1, t_des: 22.0, bed_util_ads: 0.498, bed_util_des: 0.498, des_th: 0.4977212339471246,frac_lost: 0.100, li_recovered:  8.428, time: 0.007035724000161281
L: 0.50, u_super: 0.00009, sec: 8.523, prod: 0.001056, t_ads: 2147.4, t_des: 5210.8, bed_util_ads: 0.259, bed_util_des: 0.184, des_th: 0.18428898299947571,frac_lost: 0.101, li_recovered:  7.769, time: 0.014705383000546135
L: 4.52, u_super: 0.00821 — INFEASIBLE (li_recovered=0.000e+00), time: 0.00459240999953181
L: 1.95, u_super: 0.00129 — INFEASIBLE (li_recovered=0.000e+00), time: 0.0037723140012531076
L: 0.50, u_super: 0.00592, sec: 328.473, prod: 0.133895, t_ads: 32.8, t_des: 30.0, bed_util_ads: 0.497, bed_util_des: 0.497, des_th: 0.4965995292756149,frac_lost: 0.102, li_recovered:  8.415, time: 0.00578034299905994
L: 0.50, u_super: 0.00564, sec: 313.361, prod: 0.127167, t_ads: 34.3, t_des: 32.7, bed_util_ads: 0.492, bed_util_des: 0.492, des_th: 0.4922565098235577,frac_lost: 0.101, li_recovered:  8.532, time: 0.009232299998984672
L: 0.50, u_super: 0.00747, sec: 423.136, prod: 0.168788, t_ads: 26.2, t_des: 24.0, bed_util_ads: 0.498, bed_util_des: 0.498, des_th: 0.4976200539392376,frac_lost: 0.107, li_recovered:  8.479, time: 0.008289106999654905
L: 0.50, u_super: 0.00428, sec: 257.071, prod: 0.087323, t_ads: 45.4, t_des: 53.5, bed_util_ads: 0.463, bed_util_des: 0.462, des_th: 0.46249340768157643,frac_lost: 0.102, li_recovered:  8.638, time: 0.008201111000744277
L: 0.50, u_super: 0.00017 — INFEASIBLE (li_recovered=0.000e+00), time: 0.0037281439999787835
L: 0.50, u_super: 0.00644, sec: 360.262, prod: 0.145560, t_ads: 30.2, t_des: 27.0, bed_util_ads: 0.500, bed_util_des: 0.500, des_th: 0.49988602341423083,frac_lost: 0.103, li_recovered:  8.322, time: 0.010802955999679398
L: 0.50, u_super: 0.00044, sec: 26.361, prod: 0.008479, t_ads: 404.9, t_des: 355.9, bed_util_ads: 0.466, bed_util_des: 0.465, des_th: 0.4653192914670134,frac_lost: 0.104, li_recovered:  6.451, time: 0.008017583999389899
L: 17.35, u_super: 0.00255 — INFEASIBLE (li_recovered=0.000e+00), time: 0.002289649000886129
L: 0.50, u_super: 0.00432, sec: 236.414, prod: 0.097089, t_ads: 45.0, t_des: 40.1, bed_util_ads: 0.499, bed_util_des: 0.499, des_th: 0.4988143045071608,frac_lost: 0.106, li_recovered:  8.271, time: 0.009199313999488368
L: 0.50, u_super: 0.00825, sec: 471.808, prod: 0.186604, t_ads: 23.7, t_des: 21.3, bed_util_ads: 0.500, bed_util_des: 0.500, des_th: 0.4996337907063512,frac_lost: 0.107, li_recovered:  8.392, time: 0.007295862000319175
L: 0.50, u_super: 0.00570, sec: 315.911, prod: 0.128717, t_ads: 34.1, t_des: 30.5, bed_util_ads: 0.499, bed_util_des: 0.499, des_th: 0.49888289985713447,frac_lost: 0.103, li_recovered:  8.315, time: 0.006724357999701169
L: 0.50, u_super: 0.00952, sec: 551.823, prod: 0.215830, t_ads: 20.5, t_des: 18.6, bed_util_ads: 0.499, bed_util_des: 0.499, des_th: 0.49908230402840353,frac_lost: 0.104, li_recovered:  8.443, time: 0.009987065999666811
L: 0.50, u_super: 0.00169, sec: 90.883, prod: 0.037360, t_ads: 112.9, t_des: 103.9, bed_util_ads: 0.490, bed_util_des: 0.489, des_th: 0.48917657021829203,frac_lost: 0.102, li_recovered:  8.097, time: 0.007388101999822538
L: 0.50, u_super: 0.00416, sec: 228.938, prod: 0.092776, t_ads: 46.8, t_des: 45.2, bed_util_ads: 0.488, bed_util_des: 0.488, des_th: 0.4880319394426675,frac_lost: 0.107, li_recovered:  8.537, time: 0.007728132000920596
L: 0.50, u_super: 0.00872, sec: 548.980, prod: 0.180237, t_ads: 22.4, t_des: 25.9, bed_util_ads: 0.468, bed_util_des: 0.468, des_th: 0.46774902096821336,frac_lost: 0.105, li_recovered:  8.710, time: 0.01051990499945532
L: 0.50, u_super: 0.00261, sec: 141.435, prod: 0.057889, t_ads: 73.7, t_des: 64.2, bed_util_ads: 0.500, bed_util_des: 0.499, des_th: 0.49934820608362934,frac_lost: 0.103, li_recovered:  7.984, time: 0.013136179999492015
L: 0.50, u_super: 0.00525, sec: 289.241, prod: 0.118755, t_ads: 36.9, t_des: 33.5, bed_util_ads: 0.498, bed_util_des: 0.497, des_th: 0.49734251815648783,frac_lost: 0.101, li_recovered:  8.352, time: 0.008782996999798343
L: 7.61, u_super: 0.00363 — INFEASIBLE (li_recovered=0.000e+00), time: 0.0039595720008946955
L: 0.50, u_super: 0.00276, sec: 148.657, prod: 0.061474, t_ads: 70.0, t_des: 62.2, bed_util_ads: 0.497, bed_util_des: 0.497, des_th: 0.49696940988642385,frac_lost: 0.103, li_recovered:  8.127, time: 0.00737670899980003
L: 0.50, u_super: 0.00089 — INFEASIBLE (li_recovered=0.000e+00), time: 0.0046958210004959255
L: 0.50, u_super: 0.00359, sec: 1100.070, prod: 0.014217, t_ads: 54.9, t_des: 562.3, bed_util_ads: 0.226, bed_util_des: 0.219, des_th: 0.21909224739384325,frac_lost: 0.106, li_recovered:  8.775, time: 0.04036745100165717
L: 0.50, u_super: 0.00046, sec: 26.803, prod: 0.009166, t_ads: 391.6, t_des: 418.9, bed_util_ads: 0.445, bed_util_des: 0.440, des_th: 0.4403599296001553,frac_lost: 0.100, li_recovered:  7.429, time: 0.0077311519999057055
L: 0.50, u_super: 0.00981, sec: 570.781, prod: 0.222447, t_ads: 19.9, t_des: 18.1, bed_util_ads: 0.499, bed_util_des: 0.499, des_th: 0.49925170488002013,frac_lost: 0.105, li_recovered:  8.462, time: 0.009204044999933103
L: 0.50, u_super: 0.00848, sec: 490.109, prod: 0.190405, t_ads: 23.1, t_des: 22.2, bed_util_ads: 0.491, bed_util_des: 0.491, des_th: 0.4912920470304293,frac_lost: 0.107, li_recovered:  8.614, time: 0.006990930998654221
L: 0.50, u_super: 0.00777, sec: 442.124, prod: 0.175698, t_ads: 25.2, t_des: 22.8, bed_util_ads: 0.499, bed_util_des: 0.499, des_th: 0.4991616013251472,frac_lost: 0.108, li_recovered:  8.437, time: 0.008567393999328488
L: 0.50, u_super: 0.00592, sec: 328.612, prod: 0.133781, t_ads: 32.9, t_des: 29.7, bed_util_ads: 0.499, bed_util_des: 0.499, des_th: 0.49854534593017297,frac_lost: 0.103, li_recovered:  8.372, time: 0.008576357000492862
L: 0.50, u_super: 0.00525, sec: 289.241, prod: 0.118755, t_ads: 36.9, t_des: 33.5, bed_util_ads: 0.498, bed_util_des: 0.497, des_th: 0.49734251815648783,frac_lost: 0.101, li_recovered:  8.352, time: 0.007714191000559367
L: 0.50, u_super: 0.00173, sec: 93.948, prod: 0.037787, t_ads: 110.4, t_des: 95.6, bed_util_ads: 0.497, bed_util_des: 0.497, des_th: 0.49689674266731376,frac_lost: 0.103, li_recovered:  7.785, time: 0.006442085999879055
L: 15.62, u_super: 0.00831 — INFEASIBLE (li_recovered=0.000e+00), time: 0.0021755529996880796
L: 0.50, u_super: 0.00911, sec: 584.683, prod: 0.185587, t_ads: 21.4, t_des: 25.5, bed_util_ads: 0.464, bed_util_des: 0.464, des_th: 0.4640364369696419,frac_lost: 0.103, li_recovered:  8.712, time: 0.006834980000348878
L: 0.50, u_super: 0.00681, sec: 3358.282, prod: 0.017515, t_ads: 28.8, t_des: 472.5, bed_util_ads: 0.189, bed_util_des: 0.185, des_th: 0.1851696623157332,frac_lost: 0.103, li_recovered:  8.781, time: 0.04854899600104545
L: 0.50, u_super: 0.00681, sec: 382.003, prod: 0.154353, t_ads: 28.5, t_des: 25.7, bed_util_ads: 0.499, bed_util_des: 0.499, des_th: 0.498833744155142,frac_lost: 0.101, li_recovered:  8.370, time: 0.005960434000371606
L: 0.50, u_super: 0.00546, sec: 301.812, prod: 0.123376, t_ads: 35.6, t_des: 32.2, bed_util_ads: 0.498, bed_util_des: 0.498, des_th: 0.49776137234594686,frac_lost: 0.103, li_recovered:  8.359, time: 0.007076486001096782
L: 3.44, u_super: 0.00990 — INFEASIBLE (li_recovered=0.000e+00), time: 0.003308494000521023
L: 49.34, u_super: 0.00064 — INFEASIBLE (li_recovered=0.000e+00), time: 0.0008866990010574227
L: 0.50, u_super: 0.00632, sec: 353.060, prod: 0.142774, t_ads: 30.8, t_des: 27.5, bed_util_ads: 0.500, bed_util_des: 0.500, des_th: 0.4997726095427709,frac_lost: 0.104, li_recovered:  8.316, time: 0.006844409999757772
   490 |    19600 |     40 |  0.0025250125 |             f
L: 0.50, u_super: 0.00967, sec: 561.845, prod: 0.219427, t_ads: 20.2, t_des: 18.3, bed_util_ads: 0.499, bed_util_des: 0.499, des_th: 0.49908230402840353,frac_lost: 0.104, li_recovered:  8.452, time: 0.0055953470000531524
L: 0.50, u_super: 0.00156, sec: 88.263, prod: 0.032679, t_ads: 122.6, t_des: 134.1, bed_util_ads: 0.467, bed_util_des: 0.465, des_th: 0.46519610463352346,frac_lost: 0.103, li_recovered:  8.387, time: 0.0063747610001883
L: 0.50, u_super: 0.00942, sec: 545.417, prod: 0.213654, t_ads: 20.7, t_des: 18.8, bed_util_ads: 0.499, bed_util_des: 0.499, des_th: 0.49928504975215926,frac_lost: 0.104, li_recovered:  8.446, time: 0.005593144000158645
L: 0.50, u_super: 0.00408, sec: 223.314, prod: 0.091285, t_ads: 47.6, t_des: 45.6, bed_util_ads: 0.490, bed_util_des: 0.489, des_th: 0.48918305137456974,frac_lost: 0.104, li_recovered:  8.506, time: 0.00732315599998401
L: 0.50, u_super: 0.00018 — INFEASIBLE (li_recovered=0.000e+00), time: 0.0026763460009533446
L: 0.50, u_super: 0.00715, sec: 404.394, prod: 0.161463, t_ads: 27.4, t_des: 25.1, bed_util_ads: 0.498, bed_util_des: 0.498, des_th: 0.4976200539392376,frac_lost: 0.109, li_recovered:  8.484, time: 0.008478595998894889
L: 0.50, u_super: 0.00895, sec: 515.780, prod: 0.202669, t_ads: 21.9, t_des: 19.8, bed_util_ads: 0.500, bed_util_des: 0.500, des_th: 0.4996885478180786,frac_lost: 0.106, li_recovered:  8.448, time: 0.0059932660005870275
L: 18.20, u_super: 0.00363 — INFEASIBLE (li_recovered=0.000e+00), time: 0.0016908630004763836
L: 0.50, u_super: 0.00337, sec: 181.728, prod: 0.075637, t_ads: 57.3, t_des: 52.2, bed_util_ads: 0.496, bed_util_des: 0.495, des_th: 0.4955425114580695,frac_lost: 0.101, li_recovered:  8.279, time: 0.005887965000511031
L: 0.50, u_super: 0.00778, sec: 442.941, prod: 0.175985, t_ads: 25.1, t_des: 23.0, bed_util_ads: 0.498, bed_util_des: 0.498, des_th: 0.4976200539392376,frac_lost: 0.107, li_recovered:  8.481, time: 0.0068620940000982955
L: 0.50, u_super: 0.00465, sec: 255.123, prod: 0.104729, t_ads: 41.8, t_des: 38.7, bed_util_ads: 0.495, bed_util_des: 0.495, des_th: 0.4950616635530078,frac_lost: 0.106, li_recovered:  8.434, time: 0.005485081999722752
L: 0.50, u_super: 0.00005, sec: 4.765, prod: 0.000608, t_ads: 3895.4, t_des: 9233.7, bed_util_ads: 0.232, bed_util_des: 0.135, des_th: 0.1348644324710034,frac_lost: 0.102, li_recovered:  7.976, time: 0.012311750999288051
L: 0.50, u_super: 0.00363, sec: 196.872, prod: 0.081458, t_ads: 53.5, t_des: 48.5, bed_util_ads: 0.497, bed_util_des: 0.497, des_th: 0.49682237636015053,frac_lost: 0.105, li_recovered:  8.309, time: 0.00707934300044144
L: 0.50, u_super: 0.00535, sec: 295.261, prod: 0.120967, t_ads: 36.2, t_des: 33.7, bed_util_ads: 0.496, bed_util_des: 0.495, des_th: 0.4954849348182768,frac_lost: 0.101, li_recovered:  8.451, time: 0.006286919000558555
L: 0.50, u_super: 0.00783, sec: 444.219, prod: 0.177680, t_ads: 24.8, t_des: 22.4, bed_util_ads: 0.500, bed_util_des: 0.499, des_th: 0.4994566035843249,frac_lost: 0.100, li_recovered:  8.383, time: 0.009685322000223096
L: 0.50, u_super: 0.00826, sec: 472.119, prod: 0.186867, t_ads: 23.7, t_des: 21.5, bed_util_ads: 0.499, bed_util_des: 0.499, des_th: 0.49919652328340647,frac_lost: 0.107, li_recovered:  8.448, time: 0.004811459000848117
L: 0.50, u_super: 0.00180, sec: 97.496, prod: 0.039567, t_ads: 106.2, t_des: 93.0, bed_util_ads: 0.496, bed_util_des: 0.495, des_th: 0.4955427272256427,frac_lost: 0.103, li_recovered:  7.884, time: 0.007578908998766565
L: 0.50, u_super: 0.00591, sec: 328.100, prod: 0.133735, t_ads: 32.8, t_des: 29.7, bed_util_ads: 0.499, bed_util_des: 0.499, des_th: 0.4987981264172501,frac_lost: 0.102, li_recovered:  8.364, time: 0.005538332001378876
L: 0.50, u_super: 0.00621, sec: 345.712, prod: 0.140540, t_ads: 31.3, t_des: 28.3, bed_util_ads: 0.499, bed_util_des: 0.498, des_th: 0.498441203601069,frac_lost: 0.102, li_recovered:  8.374, time: 0.006195955000293907
L: 0.50, u_super: 0.00457, sec: 250.524, prod: 0.102659, t_ads: 42.7, t_des: 38.0, bed_util_ads: 0.499, bed_util_des: 0.499, des_th: 0.4989867555398071,frac_lost: 0.106, li_recovered:  8.276, time: 0.007871703999626334
L: 0.50, u_super: 0.00921, sec: 532.239, prod: 0.208765, t_ads: 21.2, t_des: 19.2, bed_util_ads: 0.500, bed_util_des: 0.500, des_th: 0.49971298866973135,frac_lost: 0.105, li_recovered:  8.445, time: 0.007791005999024492
L: 0.50, u_super: 0.00525, sec: 289.536, prod: 0.118634, t_ads: 37.0, t_des: 33.8, bed_util_ads: 0.497, bed_util_des: 0.497, des_th: 0.4970595565178234,frac_lost: 0.103, li_recovered:  8.401, time: 0.009420181999303168
L: 0.50, u_super: 0.00204, sec: 776.153, prod: 0.006365, t_ads: 96.5, t_des: 1284.2, bed_util_ads: 0.201, bed_util_des: 0.189, des_th: 0.1886187117043156,frac_lost: 0.103, li_recovered:  8.788, time: 0.05298201600089669
L: 52.70, u_super: 0.00797 — INFEASIBLE (li_recovered=0.000e+00), time: 0.0021391600002971245
L: 0.50, u_super: 0.00085, sec: 47.117, prod: 0.017865, t_ads: 221.4, t_des: 225.8, bed_util_ads: 0.466, bed_util_des: 0.464, des_th: 0.46361921444603593,frac_lost: 0.104, li_recovered:  7.988, time: 0.011196271001608693
L: 0.50, u_super: 0.00119, sec: 66.284, prod: 0.025317, t_ads: 158.8, t_des: 133.5, bed_util_ads: 0.496, bed_util_des: 0.495, des_th: 0.4955146795121407,frac_lost: 0.106, li_recovered:  7.401, time: 0.008829078999042395
L: 21.26, u_super: 0.00681 — INFEASIBLE (li_recovered=0.000e+00), time: 0.0025585950006643543
L: 0.50, u_super: 0.00954, sec: 554.060, prod: 0.216191, t_ads: 20.5, t_des: 18.6, bed_util_ads: 0.500, bed_util_des: 0.499, des_th: 0.49948906576766816,frac_lost: 0.106, li_recovered:  8.448, time: 0.00795969399950991
L: 0.50, u_super: 0.00489, sec: 268.680, prod: 0.110394, t_ads: 39.7, t_des: 35.8, bed_util_ads: 0.498, bed_util_des: 0.498, des_th: 0.49817667649413533,frac_lost: 0.103, li_recovered:  8.336, time: 0.010480013001142652
L: 1.19, u_super: 0.00848, sec: 1167.335, prod: 0.189659, t_ads: 54.5, t_des: 48.2, bed_util_ads: 0.499, bed_util_des: 0.499, des_th: 0.49888289985713447,frac_lost: 0.107, li_recovered:  19.461, time: 0.009565020000081859
L: 0.50, u_super: 0.00335, sec: 181.991, prod: 0.074775, t_ads: 58.1, t_des: 51.2, bed_util_ads: 0.499, bed_util_des: 0.499, des_th: 0.49884090714825496,frac_lost: 0.108, li_recovered:  8.173, time: 0.010008836001361487
L: 4.40, u_super: 0.00981 — INFEASIBLE (li_recovered=0.000e+00), time: 0.015403924000565894
L: 0.50, u_super: 0.00231, sec: 124.285, prod: 0.051101, t_ads: 83.8, t_des: 74.3, bed_util_ads: 0.497, bed_util_des: 0.497, des_th: 0.4969163822046419,frac_lost: 0.106, li_recovered:  8.079, time: 0.009246732999599772
L: 0.50, u_super: 0.00872, sec: 501.650, prod: 0.197242, t_ads: 22.5, t_des: 20.6, bed_util_ads: 0.498, bed_util_des: 0.497, des_th: 0.4973985813336509,frac_lost: 0.107, li_recovered:  8.501, time: 0.010620806999213528
L: 0.50, u_super: 0.00586, sec: 325.348, prod: 0.132311, t_ads: 33.2, t_des: 29.7, bed_util_ads: 0.499, bed_util_des: 0.499, des_th: 0.49918598556868843,frac_lost: 0.103, li_recovered:  8.314, time: 0.019713151999894762
L: 0.50, u_super: 0.00848, sec: 664.624, prod: 0.140409, t_ads: 23.0, t_des: 39.1, bed_util_ads: 0.421, bed_util_des: 0.420, des_th: 0.4198641676165554,frac_lost: 0.104, li_recovered:  8.722, time: 0.016301066001688014
L: 0.50, u_super: 0.00904, sec: 521.664, prod: 0.204664, t_ads: 21.6, t_des: 19.9, bed_util_ads: 0.498, bed_util_des: 0.498, des_th: 0.497709777014461,frac_lost: 0.106, li_recovered:  8.492, time: 0.0102152390008996
L: 0.50, u_super: 0.00985, sec: 573.897, prod: 0.223451, t_ads: 19.8, t_des: 18.2, bed_util_ads: 0.497, bed_util_des: 0.497, des_th: 0.496834720531327,frac_lost: 0.104, li_recovered:  8.495, time: 0.010361432001445792
L: 0.50, u_super: 0.00681, sec: 383.404, prod: 0.153789, t_ads: 28.8, t_des: 26.1, bed_util_ads: 0.499, bed_util_des: 0.499, des_th: 0.498833744155142,frac_lost: 0.109, li_recovered:  8.436, time: 0.01096429400058696
L: 0.50, u_super: 0.00448, sec: 245.395, prod: 0.100570, t_ads: 43.5, t_des: 38.7, bed_util_ads: 0.499, bed_util_des: 0.499, des_th: 0.4991506715178038,frac_lost: 0.107, li_recovered:  8.270, time: 0.00941493500067736
   491 |    19640 |     40 |  0.0027114206 |             f
L: 0.50, u_super: 0.00314, sec: 1359.953, prod: 0.008738, t_ads: 62.7, t_des: 943.0, bed_util_ads: 0.193, bed_util_des: 0.185, des_th: 0.1851696623157332,frac_lost: 0.104, li_recovered:  8.788, time: 0.05295867300083046
L: 0.50, u_super: 0.00570, sec: 315.717, prod: 0.128797, t_ads: 34.0, t_des: 30.5, bed_util_ads: 0.499, bed_util_des: 0.499, des_th: 0.49927633263789517,frac_lost: 0.101, li_recovered:  8.307, time: 0.008154032000675215
L: 0.50, u_super: 0.00833, sec: 476.568, prod: 0.188471, t_ads: 23.5, t_des: 21.3, bed_util_ads: 0.500, bed_util_des: 0.500, des_th: 0.4995937164256211,frac_lost: 0.107, li_recovered:  8.437, time: 0.00723842699881061
L: 0.50, u_super: 0.00680, sec: 382.749, prod: 0.153594, t_ads: 28.8, t_des: 26.4, bed_util_ads: 0.498, bed_util_des: 0.498, des_th: 0.4976200539392376,frac_lost: 0.108, li_recovered:  8.469, time: 0.006642659000135609
L: 0.50, u_super: 0.00046, sec: 27.077, prod: 0.009074, t_ads: 392.6, t_des: 432.2, bed_util_ads: 0.441, bed_util_des: 0.435, des_th: 0.4353296431361754,frac_lost: 0.100, li_recovered:  7.484, time: 0.006712165999488207
L: 0.50, u_super: 0.00279, sec: 164.016, prod: 0.057134, t_ads: 69.7, t_des: 80.4, bed_util_ads: 0.464, bed_util_des: 0.463, des_th: 0.4631950738243754,frac_lost: 0.107, li_recovered:  8.571, time: 0.006807826999647659
L: 0.50, u_super: 0.00250, sec: 135.494, prod: 0.055331, t_ads: 77.1, t_des: 67.0, bed_util_ads: 0.500, bed_util_des: 0.499, des_th: 0.49934820608362934,frac_lost: 0.105, li_recovered:  7.976, time: 0.007697841998378863
L: 0.50, u_super: 0.00682, sec: 383.714, prod: 0.154126, t_ads: 28.7, t_des: 26.0, bed_util_ads: 0.498, bed_util_des: 0.498, des_th: 0.4977407291374932,frac_lost: 0.107, li_recovered:  8.430, time: 0.007979830001204391
L: 6.84, u_super: 0.00489 — INFEASIBLE (li_recovered=0.000e+00), time: 0.003832590999081731
L: 2.24, u_super: 0.00046 — INFEASIBLE (li_recovered=0.000e+00), time: 0.0016869880000740523
L: 0.50, u_super: 0.00385, sec: 210.374, prod: 0.085999, t_ads: 50.4, t_des: 48.5, bed_util_ads: 0.490, bed_util_des: 0.489, des_th: 0.48914205300535735,frac_lost: 0.104, li_recovered:  8.505, time: 0.009052026000063051
L: 5.71, u_super: 0.00239 — INFEASIBLE (li_recovered=0.000e+00), time: 0.002149936999558122
L: 0.50, u_super: 0.00179, sec: 97.143, prod: 0.039188, t_ads: 106.6, t_des: 92.4, bed_util_ads: 0.498, bed_util_des: 0.497, des_th: 0.49731528403456265,frac_lost: 0.102, li_recovered:  7.798, time: 0.007222354000987252
L: 0.50, u_super: 0.00969, sec: 562.752, prod: 0.219852, t_ads: 20.1, t_des: 18.3, bed_util_ads: 0.499, bed_util_des: 0.499, des_th: 0.4991770788152774,frac_lost: 0.104, li_recovered:  8.448, time: 0.0070414559995697346
L: 0.50, u_super: 0.00846, sec: 485.168, prod: 0.191539, t_ads: 23.1, t_des: 21.3, bed_util_ads: 0.498, bed_util_des: 0.498, des_th: 0.4976107029076533,frac_lost: 0.106, li_recovered:  8.498, time: 0.007138365999708185
L: 0.50, u_super: 0.00757, sec: 429.553, prod: 0.171013, t_ads: 25.9, t_des: 23.8, bed_util_ads: 0.497, bed_util_des: 0.497, des_th: 0.49668308625069085,frac_lost: 0.107, li_recovered:  8.486, time: 0.005832364000525558
L: 0.50, u_super: 0.00456, sec: 251.969, prod: 0.101854, t_ads: 42.6, t_des: 41.3, bed_util_ads: 0.490, bed_util_des: 0.489, des_th: 0.48918305137456974,frac_lost: 0.105, li_recovered:  8.554, time: 0.008979608999652555
L: 0.50, u_super: 0.00010 — INFEASIBLE (li_recovered=0.000e+00), time: 0.001678989001447917
L: 0.50, u_super: 0.00942, sec: 545.691, prod: 0.213547, t_ads: 20.7, t_des: 18.8, bed_util_ads: 0.499, bed_util_des: 0.499, des_th: 0.49889161697139833,frac_lost: 0.105, li_recovered:  8.448, time: 0.007610343000123976
L: 0.50, u_super: 0.00203, sec: 109.960, prod: 0.044624, t_ads: 94.2, t_des: 81.7, bed_util_ads: 0.498, bed_util_des: 0.498, des_th: 0.4977212339471246,frac_lost: 0.101, li_recovered:  7.851, time: 0.006954448999749729
L: 8.39, u_super: 0.00125 — INFEASIBLE (li_recovered=0.000e+00), time: 0.001678243999776896
L: 0.50, u_super: 0.00990, sec: 577.001, prod: 0.224425, t_ads: 19.7, t_des: 17.7, bed_util_ads: 0.500, bed_util_des: 0.500, des_th: 0.49976078554604114,frac_lost: 0.105, li_recovered:  8.408, time: 0.0075069659997097915
L: 0.50, u_super: 0.00048 — INFEASIBLE (li_recovered=0.000e+00), time: 0.0030950860000302782
L: 0.50, u_super: 0.00015, sec: 19.671, prod: 0.001399, t_ads: 1276.0, t_des: 4758.9, bed_util_ads: 0.254, bed_util_des: 0.185, des_th: 0.1851696623157332,frac_lost: 0.102, li_recovered:  8.446, time: 0.014744860000064364
L: 0.50, u_super: 0.00804, sec: 458.752, prod: 0.181967, t_ads: 24.3, t_des: 22.1, bed_util_ads: 0.499, bed_util_des: 0.499, des_th: 0.49881424896453874,frac_lost: 0.107, li_recovered:  8.439, time: 0.007310229000722757
L: 0.50, u_super: 0.00570, sec: 315.553, prod: 0.128864, t_ads: 34.0, t_des: 30.5, bed_util_ads: 0.499, bed_util_des: 0.499, des_th: 0.4989660779154329,frac_lost: 0.101, li_recovered:  8.310, time: 0.006803397000112454
L: 0.50, u_super: 0.00085, sec: 47.128, prod: 0.017877, t_ads: 221.4, t_des: 225.4, bed_util_ads: 0.466, bed_util_des: 0.464, des_th: 0.46361921444603593,frac_lost: 0.104, li_recovered:  7.987, time: 0.008452355999907013
L: 0.50, u_super: 0.00405, sec: 220.607, prod: 0.090951, t_ads: 48.1, t_des: 43.3, bed_util_ads: 0.497, bed_util_des: 0.497, des_th: 0.4968633644359871,frac_lost: 0.106, li_recovered:  8.312, time: 0.007875840999986394
L: 0.50, u_super: 0.00006, sec: 5.236, prod: 0.000837, t_ads: 2772.1, t_des: 4678.1, bed_util_ads: 0.264, bed_util_des: 0.203, des_th: 0.20336685979069102,frac_lost: 0.101, li_recovered:  6.234, time: 0.007729105000180425
L: 0.50, u_super: 0.00645, sec: 360.211, prod: 0.145770, t_ads: 30.1, t_des: 26.9, bed_util_ads: 0.500, bed_util_des: 0.500, des_th: 0.49988602341423083,frac_lost: 0.102, li_recovered:  8.315, time: 0.006879302000015741
L: 12.95, u_super: 0.00531 — INFEASIBLE (li_recovered=0.000e+00), time: 0.0018352420011069626
L: 0.50, u_super: 0.00370, sec: 201.535, prod: 0.082777, t_ads: 52.6, t_des: 46.3, bed_util_ads: 0.500, bed_util_des: 0.499, des_th: 0.49939491996135976,frac_lost: 0.107, li_recovered:  8.188, time: 0.0051486160009517334
L: 0.50, u_super: 0.00717, sec: 403.571, prod: 0.162591, t_ads: 27.1, t_des: 24.5, bed_util_ads: 0.499, bed_util_des: 0.499, des_th: 0.49889225088615585,frac_lost: 0.101, li_recovered:  8.386, time: 0.0072223089991894085
L: 0.50, u_super: 0.00320, sec: 173.012, prod: 0.071575, t_ads: 60.3, t_des: 53.6, bed_util_ads: 0.498, bed_util_des: 0.498, des_th: 0.4975364969641616,frac_lost: 0.101, li_recovered:  8.148, time: 0.004855728000620729
L: 0.50, u_super: 0.00625, sec: 348.378, prod: 0.141175, t_ads: 31.1, t_des: 27.8, bed_util_ads: 0.500, bed_util_des: 0.500, des_th: 0.4997726095427709,frac_lost: 0.102, li_recovered:  8.317, time: 0.006932684000275913
L: 0.50, u_super: 0.00490, sec: 269.077, prod: 0.110581, t_ads: 39.6, t_des: 35.9, bed_util_ads: 0.498, bed_util_des: 0.498, des_th: 0.49817667649413533,frac_lost: 0.103, li_recovered:  8.345, time: 0.00513793599930068
L: 0.50, u_super: 0.00400, sec: 217.507, prod: 0.089923, t_ads: 48.5, t_des: 44.4, bed_util_ads: 0.496, bed_util_des: 0.495, des_th: 0.4954733923442339,frac_lost: 0.104, li_recovered:  8.359, time: 0.008216993001042283
L: 0.50, u_super: 0.00618, sec: 389.996, prod: 0.123168, t_ads: 31.7, t_des: 38.8, bed_util_ads: 0.460, bed_util_des: 0.460, des_th: 0.45981711826331795,frac_lost: 0.108, li_recovered:  8.689, time: 0.006761375001588021
L: 0.50, u_super: 0.00954, sec: 553.102, prod: 0.216239, t_ads: 20.4, t_des: 19.0, bed_util_ads: 0.496, bed_util_des: 0.496, des_th: 0.4955454931419091,frac_lost: 0.102, li_recovered:  8.523, time: 0.007454476000930299
L: 0.50, u_super: 0.00569, sec: 315.472, prod: 0.128597, t_ads: 34.1, t_des: 30.5, bed_util_ads: 0.499, bed_util_des: 0.499, des_th: 0.49888289985713447,frac_lost: 0.102, li_recovered:  8.313, time: 0.008199425001294003
   492 |    19680 |     40 |  0.0031468879 |             f
L: 0.50, u_super: 0.00172, sec: 93.694, prod: 0.037370, t_ads: 111.4, t_des: 95.2, bed_util_ads: 0.499, bed_util_des: 0.499, des_th: 0.498833744155142,frac_lost: 0.104, li_recovered:  7.720, time: 0.00778446399999666
L: 0.50, u_super: 0.00592, sec: 328.447, prod: 0.133906, t_ads: 32.8, t_des: 30.1, bed_util_ads: 0.497, bed_util_des: 0.497, des_th: 0.4965995292756149,frac_lost: 0.102, li_recovered:  8.427, time: 0.0062824249998811865
L: 5.61, u_super: 0.00119 — INFEASIBLE (li_recovered=0.000e+00), time: 0.0018414940004731761
L: 0.50, u_super: 0.00732, sec: 413.895, prod: 0.165299, t_ads: 26.8, t_des: 24.1, bed_util_ads: 0.500, bed_util_des: 0.500, des_th: 0.49988602341423083,frac_lost: 0.108, li_recovered:  8.403, time: 0.006817100998887327
L: 0.50, u_super: 0.00964, sec: 559.663, prod: 0.218703, t_ads: 20.2, t_des: 18.4, bed_util_ads: 0.500, bed_util_des: 0.499, des_th: 0.49942132725883337,frac_lost: 0.104, li_recovered:  8.444, time: 0.009998788998927921
L: 0.50, u_super: 0.00660, sec: 369.365, prod: 0.149254, t_ads: 29.4, t_des: 26.3, bed_util_ads: 0.500, bed_util_des: 0.500, des_th: 0.4997726095427709,frac_lost: 0.101, li_recovered:  8.310, time: 0.008726351999939652
L: 0.50, u_super: 0.00239, sec: 129.367, prod: 0.052726, t_ads: 80.9, t_des: 70.2, bed_util_ads: 0.500, bed_util_des: 0.499, des_th: 0.49934820608362934,frac_lost: 0.106, li_recovered:  7.963, time: 0.006981114000154776
L: 0.50, u_super: 0.00942, sec: 545.744, prod: 0.213526, t_ads: 20.7, t_des: 18.8, bed_util_ads: 0.499, bed_util_des: 0.499, des_th: 0.49928504975215926,frac_lost: 0.105, li_recovered:  8.437, time: 0.007703823001065757
L: 0.50, u_super: 0.00546, sec: 312.901, prod: 0.119003, t_ads: 35.5, t_des: 37.2, bed_util_ads: 0.479, bed_util_des: 0.479, des_th: 0.4790506233434256,frac_lost: 0.101, li_recovered:  8.646, time: 0.006471038001109264
L: 0.50, u_super: 0.00966, sec: 560.797, prod: 0.219193, t_ads: 20.2, t_des: 18.4, bed_util_ads: 0.500, bed_util_des: 0.500, des_th: 0.49953553369251213,frac_lost: 0.103, li_recovered:  8.450, time: 0.009514335999483592
L: 0.50, u_super: 0.00641, sec: 357.800, prod: 0.145311, t_ads: 30.2, t_des: 27.5, bed_util_ads: 0.499, bed_util_des: 0.499, des_th: 0.49889225088615585,frac_lost: 0.101, li_recovered:  8.382, time: 0.007810146998963319
L: 0.50, u_super: 0.00872, sec: 501.607, prod: 0.197259, t_ads: 22.5, t_des: 20.3, bed_util_ads: 0.499, bed_util_des: 0.499, des_th: 0.4991519250777178,frac_lost: 0.108, li_recovered:  8.447, time: 0.008957916999861482
L: 0.50, u_super: 0.00310, sec: 167.169, prod: 0.069438, t_ads: 62.4, t_des: 56.7, bed_util_ads: 0.496, bed_util_des: 0.495, des_th: 0.4954893798955194,frac_lost: 0.103, li_recovered:  8.269, time: 0.0074077139997825725
L: 16.45, u_super: 0.00798 — INFEASIBLE (li_recovered=0.000e+00), time: 0.0034866999994846992
L: 0.50, u_super: 0.00784, sec: 444.703, prod: 0.177674, t_ads: 24.8, t_des: 22.9, bed_util_ads: 0.497, bed_util_des: 0.497, des_th: 0.4968890163162214,frac_lost: 0.101, li_recovered:  8.480, time: 0.006640547999268165
L: 0.50, u_super: 0.00136, sec: 73.622, prod: 0.029835, t_ads: 138.8, t_des: 126.0, bed_util_ads: 0.489, bed_util_des: 0.488, des_th: 0.48838517035968565,frac_lost: 0.100, li_recovered:  7.898, time: 0.008020651999686379
L: 0.50, u_super: 0.00005, sec: 4.324, prod: 0.000670, t_ads: 3435.3, t_des: 5866.2, bed_util_ads: 0.253, bed_util_des: 0.184, des_th: 0.1851696623157332,frac_lost: 0.103, li_recovered:  6.228, time: 0.0075172819997533225
L: 0.50, u_super: 0.00671, sec: 429.990, prod: 0.132846, t_ads: 29.1, t_des: 36.3, bed_util_ads: 0.458, bed_util_des: 0.457, des_th: 0.4573985789863594,frac_lost: 0.105, li_recovered:  8.694, time: 0.009790351999981795
L: 0.50, u_super: 0.00492, sec: 270.129, prod: 0.110858, t_ads: 39.5, t_des: 36.6, bed_util_ads: 0.496, bed_util_des: 0.495, des_th: 0.4954733923442339,frac_lost: 0.104, li_recovered:  8.439, time: 0.006773716000679997
L: 0.50, u_super: 0.00030, sec: 63.618, prod: 0.001635, t_ads: 670.2, t_des: 4730.0, bed_util_ads: 0.225, bed_util_des: 0.169, des_th: 0.16953073922390374,frac_lost: 0.104, li_recovered:  8.831, time: 0.027914350999708404
L: 0.50, u_super: 0.00879, sec: 505.196, prod: 0.199166, t_ads: 22.2, t_des: 20.2, bed_util_ads: 0.499, bed_util_des: 0.499, des_th: 0.4992161720235991,frac_lost: 0.105, li_recovered:  8.446, time: 0.006199198998729116
L: 0.50, u_super: 0.00893, sec: 514.565, prod: 0.202185, t_ads: 21.9, t_des: 19.9, bed_util_ads: 0.499, bed_util_des: 0.499, des_th: 0.49885418960289657,frac_lost: 0.106, li_recovered:  8.446, time: 0.007294629000170971
L: 0.50, u_super: 0.00039 — INFEASIBLE (li_recovered=0.000e+00), time: 0.0031632929985789815
L: 0.50, u_super: 0.00333, sec: 180.593, prod: 0.074577, t_ads: 58.4, t_des: 52.7, bed_util_ads: 0.497, bed_util_des: 0.497, des_th: 0.4965995292756149,frac_lost: 0.108, li_recovered:  8.285, time: 0.0066033080001943745
L: 0.50, u_super: 0.00129, sec: 70.201, prod: 0.028000, t_ads: 147.1, t_des: 130.1, bed_util_ads: 0.492, bed_util_des: 0.491, des_th: 0.4915448441550538,frac_lost: 0.104, li_recovered:  7.762, time: 0.006437198999265092
L: 0.50, u_super: 0.00204, sec: 109.430, prod: 0.045144, t_ads: 94.6, t_des: 86.8, bed_util_ads: 0.491, bed_util_des: 0.491, des_th: 0.49071551666179414,frac_lost: 0.106, li_recovered:  8.188, time: 0.0066494050006440375
L: 0.50, u_super: 0.00870, sec: 499.896, prod: 0.197069, t_ads: 22.5, t_des: 20.4, bed_util_ads: 0.499, bed_util_des: 0.499, des_th: 0.49928504975215926,frac_lost: 0.106, li_recovered:  8.447, time: 0.00527185700047994
L: 0.50, u_super: 0.00681, sec: 381.820, prod: 0.154427, t_ads: 28.5, t_des: 25.7, bed_util_ads: 0.499, bed_util_des: 0.499, des_th: 0.49908923520395687,frac_lost: 0.100, li_recovered:  8.369, time: 0.007371337000222411
L: 0.50, u_super: 0.00689, sec: 387.719, prod: 0.155539, t_ads: 28.4, t_des: 26.1, bed_util_ads: 0.497, bed_util_des: 0.497, des_th: 0.4965995292756149,frac_lost: 0.107, li_recovered:  8.475, time: 0.005317017999914242
L: 0.50, u_super: 0.00432, sec: 236.132, prod: 0.097204, t_ads: 44.9, t_des: 40.1, bed_util_ads: 0.499, bed_util_des: 0.499, des_th: 0.49885293604298264,frac_lost: 0.104, li_recovered:  8.269, time: 0.008119791998979053
L: 0.50, u_super: 0.00878, sec: 505.271, prod: 0.198532, t_ads: 22.3, t_des: 20.2, bed_util_ads: 0.499, bed_util_des: 0.499, des_th: 0.4992161720235991,frac_lost: 0.108, li_recovered:  8.445, time: 0.007942803000332788
L: 0.50, u_super: 0.00450, sec: 246.565, prod: 0.101292, t_ads: 43.2, t_des: 38.6, bed_util_ads: 0.500, bed_util_des: 0.500, des_th: 0.49956692694541477,frac_lost: 0.105, li_recovered:  8.280, time: 0.011391415999241872
L: 0.50, u_super: 0.00183, sec: 99.417, prod: 0.040146, t_ads: 104.3, t_des: 90.4, bed_util_ads: 0.498, bed_util_des: 0.498, des_th: 0.4977289602982169,frac_lost: 0.102, li_recovered:  7.815, time: 0.008377051999559626
L: 0.50, u_super: 0.00062, sec: 36.421, prod: 0.012339, t_ads: 299.7, t_des: 337.1, bed_util_ads: 0.446, bed_util_des: 0.442, des_th: 0.4416042663662754,frac_lost: 0.105, li_recovered:  7.856, time: 0.009726955000587623
L: 0.50, u_super: 0.00015, sec: 21.257, prod: 0.001295, t_ads: 1283.7, t_des: 5326.8, bed_util_ads: 0.245, bed_util_des: 0.173, des_th: 0.17328852502671466,frac_lost: 0.101, li_recovered:  8.561, time: 0.027255177999904845
L: 109.52, u_super: 0.00694 — INFEASIBLE (li_recovered=0.000e+00), time: 0.0020060879996890435
L: 0.50, u_super: 0.00520, sec: 286.601, prod: 0.117281, t_ads: 37.4, t_des: 33.4, bed_util_ads: 0.500, bed_util_des: 0.500, des_th: 0.49969636953038754,frac_lost: 0.103, li_recovered:  8.299, time: 0.019595731000663363
L: 0.50, u_super: 0.00793, sec: 450.466, prod: 0.179846, t_ads: 24.5, t_des: 22.4, bed_util_ads: 0.498, bed_util_des: 0.498, des_th: 0.4977212339471246,frac_lost: 0.102, li_recovered:  8.443, time: 0.010395818999313633
L: 0.50, u_super: 0.00982, sec: 586.538, prod: 0.216840, t_ads: 19.9, t_des: 20.2, bed_util_ads: 0.486, bed_util_des: 0.485, des_th: 0.4853457002952935,frac_lost: 0.104, li_recovered:  8.688, time: 0.014090639999267296
L: 0.50, u_super: 0.00665, sec: 373.300, prod: 0.150248, t_ads: 29.4, t_des: 26.7, bed_util_ads: 0.498, bed_util_des: 0.497, des_th: 0.49741643141072805,frac_lost: 0.107, li_recovered:  8.432, time: 0.012904732999231783
   493 |    19720 |     40 |  0.0033208584 |             f
L: 0.50, u_super: 0.00255, sec: 137.755, prod: 0.056807, t_ads: 75.6, t_des: 67.1, bed_util_ads: 0.497, bed_util_des: 0.497, des_th: 0.4968436329588624,frac_lost: 0.105, li_recovered:  8.104, time: 0.011611569998422056
L: 52.12, u_super: 0.00470 — INFEASIBLE (li_recovered=0.000e+00), time: 0.0019817399988824036
L: 0.50, u_super: 0.00874, sec: 502.796, prod: 0.197793, t_ads: 22.4, t_des: 20.1, bed_util_ads: 0.500, bed_util_des: 0.500, des_th: 0.4997413200047114,frac_lost: 0.107, li_recovered:  8.401, time: 0.010598655999274342
L: 0.50, u_super: 0.00005, sec: 4.473, prod: 0.000647, t_ads: 3730.6, t_des: 7612.2, bed_util_ads: 0.241, bed_util_des: 0.155, des_th: 0.1547406210953804,frac_lost: 0.102, li_recovered:  7.342, time: 0.014740800001163734
L: 0.50, u_super: 0.00385, sec: 237.650, prod: 0.076115, t_ads: 50.4, t_des: 63.0, bed_util_ads: 0.456, bed_util_des: 0.455, des_th: 0.45473906088985555,frac_lost: 0.103, li_recovered:  8.629, time: 0.01084672899924044
L: 0.50, u_super: 0.00231, sec: 124.524, prod: 0.051003, t_ads: 83.9, t_des: 73.7, bed_util_ads: 0.498, bed_util_des: 0.498, des_th: 0.4976173562221638,frac_lost: 0.107, li_recovered:  8.036, time: 0.009992881001380738
L: 0.50, u_super: 0.00488, sec: 267.828, prod: 0.109906, t_ads: 39.8, t_des: 35.5, bed_util_ads: 0.500, bed_util_des: 0.500, des_th: 0.49969636953038754,frac_lost: 0.103, li_recovered:  8.277, time: 0.010397709998869686
L: 0.50, u_super: 0.00592, sec: 328.514, prod: 0.133878, t_ads: 32.8, t_des: 29.7, bed_util_ads: 0.498, bed_util_des: 0.498, des_th: 0.49780375822170464,frac_lost: 0.102, li_recovered:  8.366, time: 0.010312342999895918
L: 0.50, u_super: 0.00833, sec: 476.568, prod: 0.188471, t_ads: 23.5, t_des: 21.3, bed_util_ads: 0.500, bed_util_des: 0.500, des_th: 0.4995937164256211,frac_lost: 0.107, li_recovered:  8.437, time: 0.010499018000700744
L: 2.30, u_super: 0.00548, sec: 1490.496, prod: 0.115412, t_ads: 159.2, t_des: 131.7, bed_util_ads: 0.498, bed_util_des: 0.498, des_th: 0.49775819707538604,frac_lost: 0.107, li_recovered:  33.569, time: 0.009033872998770676
L: 0.50, u_super: 0.00769, sec: 435.365, prod: 0.174291, t_ads: 25.3, t_des: 22.8, bed_util_ads: 0.499, bed_util_des: 0.499, des_th: 0.4986290910829776,frac_lost: 0.101, li_recovered:  8.377, time: 0.0083384350000415
L: 0.50, u_super: 0.00937, sec: 553.103, prod: 0.208520, t_ads: 20.9, t_des: 20.7, bed_util_ads: 0.488, bed_util_des: 0.488, des_th: 0.4876014988968436,frac_lost: 0.105, li_recovered:  8.669, time: 0.009256020000975695
L: 0.50, u_super: 0.00255, sec: 137.550, prod: 0.056891, t_ads: 75.4, t_des: 67.2, bed_util_ads: 0.497, bed_util_des: 0.496, des_th: 0.49651436868437915,frac_lost: 0.102, li_recovered:  8.113, time: 0.008865765999871655
L: 0.50, u_super: 0.00162, sec: 88.326, prod: 0.034993, t_ads: 118.8, t_des: 101.2, bed_util_ads: 0.499, bed_util_des: 0.498, des_th: 0.49845384228999623,frac_lost: 0.107, li_recovered:  7.695, time: 0.012820199999623583
L: 0.50, u_super: 0.00005, sec: 4.328, prod: 0.000669, t_ads: 3436.5, t_des: 5857.7, bed_util_ads: 0.252, bed_util_des: 0.184, des_th: 0.18459401769423045,frac_lost: 0.102, li_recovered:  6.218, time: 0.009013550999952713
L: 0.50, u_super: 0.00530, sec: 307.824, prod: 0.113577, t_ads: 36.6, t_des: 39.6, bed_util_ads: 0.476, bed_util_des: 0.476, des_th: 0.47578216154653186,frac_lost: 0.102, li_recovered:  8.654, time: 0.005796366998765734
L: 1.66, u_super: 0.00833, sec: 1770.733, prod: 0.167936, t_ads: 76.6, t_des: 91.9, bed_util_ads: 0.458, bed_util_des: 0.457, des_th: 0.4569399099547436,frac_lost: 0.101, li_recovered:  28.285, time: 0.008782363000136684
L: 10.25, u_super: 0.00399 — INFEASIBLE (li_recovered=0.000e+00), time: 0.0026626039998518536
L: 0.50, u_super: 0.00592, sec: 328.637, prod: 0.133786, t_ads: 32.8, t_des: 29.3, bed_util_ads: 0.500, bed_util_des: 0.500, des_th: 0.4996372726683563,frac_lost: 0.101, li_recovered:  8.307, time: 0.007906577000539983
L: 0.50, u_super: 0.00363, sec: 197.462, prod: 0.081215, t_ads: 53.6, t_des: 47.3, bed_util_ads: 0.500, bed_util_des: 0.499, des_th: 0.49932689967402794,frac_lost: 0.106, li_recovered:  8.192, time: 0.007426235999446362
L: 0.50, u_super: 0.00805, sec: 531.077, prod: 0.157589, t_ads: 24.2, t_des: 31.0, bed_util_ads: 0.455, bed_util_des: 0.455, des_th: 0.45477391576256904,frac_lost: 0.104, li_recovered:  8.708, time: 0.008816773000944522
L: 0.50, u_super: 0.00912, sec: 579.465, prod: 0.187578, t_ads: 21.4, t_des: 25.1, bed_util_ads: 0.466, bed_util_des: 0.466, des_th: 0.4659363937782051,frac_lost: 0.103, li_recovered:  8.710, time: 0.00766084899987618
L: 0.50, u_super: 0.00408, sec: 234.128, prod: 0.087083, t_ads: 47.7, t_des: 51.4, bed_util_ads: 0.476, bed_util_des: 0.475, des_th: 0.4752398322726007,frac_lost: 0.105, li_recovered:  8.624, time: 0.008015670000531827
L: 0.50, u_super: 0.00757, sec: 429.419, prod: 0.171066, t_ads: 25.8, t_des: 23.7, bed_util_ads: 0.497, bed_util_des: 0.497, des_th: 0.49691907992171575,frac_lost: 0.107, li_recovered:  8.482, time: 0.006736418001310085
L: 0.50, u_super: 0.00945, sec: 548.155, prod: 0.214150, t_ads: 20.7, t_des: 18.7, bed_util_ads: 0.499, bed_util_des: 0.499, des_th: 0.49928504975215926,frac_lost: 0.106, li_recovered:  8.442, time: 0.006725774999722489
L: 1.01, u_super: 0.00310, sec: 348.186, prod: 0.067286, t_ads: 124.6, t_des: 107.6, bed_util_ads: 0.496, bed_util_des: 0.495, des_th: 0.4954893798955194,frac_lost: 0.106, li_recovered:  15.624, time: 0.006226236999282264
L: 0.50, u_super: 0.00062, sec: 36.421, prod: 0.012339, t_ads: 299.7, t_des: 337.1, bed_util_ads: 0.446, bed_util_des: 0.442, des_th: 0.4416042663662754,frac_lost: 0.105, li_recovered:  7.856, time: 0.006359858998621348
L: 0.50, u_super: 0.00291, sec: 156.788, prod: 0.065162, t_ads: 66.2, t_des: 59.8, bed_util_ads: 0.496, bed_util_des: 0.495, des_th: 0.49549255516511753,frac_lost: 0.101, li_recovered:  8.207, time: 0.006340033000014955
L: 0.50, u_super: 0.00081, sec: 45.283, prod: 0.016947, t_ads: 232.3, t_des: 238.4, bed_util_ads: 0.464, bed_util_des: 0.462, des_th: 0.4616596915507399,frac_lost: 0.107, li_recovered:  7.978, time: 0.005399080999268335
L: 0.50, u_super: 0.00433, sec: 236.805, prod: 0.097300, t_ads: 44.9, t_des: 40.1, bed_util_ads: 0.500, bed_util_des: 0.499, des_th: 0.49941667230690096,frac_lost: 0.106, li_recovered:  8.273, time: 0.005835447998833843
L: 0.50, u_super: 0.00293, sec: 157.824, prod: 0.065469, t_ads: 65.9, t_des: 59.2, bed_util_ads: 0.496, bed_util_des: 0.495, des_th: 0.4954893798955194,frac_lost: 0.102, li_recovered:  8.188, time: 0.006552475999342278
L: 4.03, u_super: 0.00660 — INFEASIBLE (li_recovered=0.000e+00), time: 0.0030683370005135657
L: 0.50, u_super: 0.00398, sec: 216.985, prod: 0.089348, t_ads: 48.9, t_des: 43.6, bed_util_ads: 0.498, bed_util_des: 0.498, des_th: 0.49792829068611894,frac_lost: 0.106, li_recovered:  8.262, time: 0.006409315999917453
L: 0.50, u_super: 0.00689, sec: 387.610, prod: 0.155583, t_ads: 28.4, t_des: 26.0, bed_util_ads: 0.497, bed_util_des: 0.497, des_th: 0.4966256202036897,frac_lost: 0.107, li_recovered:  8.466, time: 0.005817104000016116
L: 0.50, u_super: 0.00304, sec: 164.083, prod: 0.068180, t_ads: 63.3, t_des: 57.0, bed_util_ads: 0.496, bed_util_des: 0.495, des_th: 0.4954733923442339,frac_lost: 0.101, li_recovered:  8.205, time: 0.007056914000713732
L: 0.50, u_super: 0.00596, sec: 331.099, prod: 0.134891, t_ads: 32.6, t_des: 29.9, bed_util_ads: 0.497, bed_util_des: 0.497, des_th: 0.4966559329366597,frac_lost: 0.102, li_recovered:  8.427, time: 0.005889324998861412
L: 0.50, u_super: 0.00072 — INFEASIBLE (li_recovered=0.000e+00), time: 0.003763986998819746
L: 0.50, u_super: 0.00162, sec: 87.992, prod: 0.035126, t_ads: 118.7, t_des: 102.2, bed_util_ads: 0.497, bed_util_des: 0.497, des_th: 0.49689674266731376,frac_lost: 0.107, li_recovered:  7.759, time: 0.006152046000352129
L: 0.50, u_super: 0.00800, sec: 455.984, prod: 0.180886, t_ads: 24.5, t_des: 22.2, bed_util_ads: 0.500, bed_util_des: 0.499, des_th: 0.4994405940259835,frac_lost: 0.107, li_recovered:  8.439, time: 0.006044528001439176
L: 0.50, u_super: 0.00385, sec: 215.279, prod: 0.084040, t_ads: 50.5, t_des: 51.8, bed_util_ads: 0.482, bed_util_des: 0.481, des_th: 0.4813844129528797,frac_lost: 0.105, li_recovered:  8.594, time: 0.0064918719999695895
   494 |    19760 |     40 |  0.0006991190 |             f
L: 0.50, u_super: 0.00895, sec: 515.687, prod: 0.202705, t_ads: 21.8, t_des: 19.8, bed_util_ads: 0.499, bed_util_des: 0.499, des_th: 0.4992161720235991,frac_lost: 0.106, li_recovered:  8.448, time: 0.0055154239998955745
L: 0.50, u_super: 0.00183, sec: 98.135, prod: 0.040435, t_ads: 104.5, t_des: 95.0, bed_util_ads: 0.491, bed_util_des: 0.491, des_th: 0.490716205156198,frac_lost: 0.101, li_recovered:  8.066, time: 0.006681060998744215
L: 0.50, u_super: 0.00290, sec: 156.403, prod: 0.064959, t_ads: 66.5, t_des: 60.4, bed_util_ads: 0.496, bed_util_des: 0.495, des_th: 0.49549255516511753,frac_lost: 0.103, li_recovered:  8.243, time: 0.007326181999815162
L: 0.50, u_super: 0.00990, sec: 576.664, prod: 0.224557, t_ads: 19.7, t_des: 17.9, bed_util_ads: 0.500, bed_util_des: 0.499, des_th: 0.4995144862651379,frac_lost: 0.104, li_recovered:  8.459, time: 0.007186816999819712
L: 0.50, u_super: 0.00490, sec: 269.470, prod: 0.110484, t_ads: 39.6, t_des: 35.4, bed_util_ads: 0.500, bed_util_des: 0.499, des_th: 0.499368272850589,frac_lost: 0.103, li_recovered:  8.282, time: 0.005657650001012371
L: 6.97, u_super: 0.00691 — INFEASIBLE (li_recovered=0.000e+00), time: 0.004202287998850807
L: 0.50, u_super: 0.00502, sec: 308.937, prod: 0.101260, t_ads: 38.7, t_des: 46.8, bed_util_ads: 0.461, bed_util_des: 0.460, des_th: 0.46026338524381943,frac_lost: 0.102, li_recovered:  8.660, time: 0.006629249000980053
L: 0.50, u_super: 0.00879, sec: 506.031, prod: 0.199003, t_ads: 22.3, t_des: 20.0, bed_util_ads: 0.500, bed_util_des: 0.500, des_th: 0.4996150342519061,frac_lost: 0.107, li_recovered:  8.407, time: 0.00795769499927701
L: 0.50, u_super: 0.00595, sec: 329.996, prod: 0.134660, t_ads: 32.6, t_des: 29.9, bed_util_ads: 0.497, bed_util_des: 0.497, des_th: 0.4965995292756149,frac_lost: 0.101, li_recovered:  8.418, time: 0.007146725998609327
L: 0.50, u_super: 0.00870, sec: 500.155, prod: 0.196967, t_ads: 22.5, t_des: 20.4, bed_util_ads: 0.499, bed_util_des: 0.499, des_th: 0.49929006872390086,frac_lost: 0.107, li_recovered:  8.447, time: 0.007420964999255375
L: 0.50, u_super: 0.00942, sec: 545.935, prod: 0.213451, t_ads: 20.8, t_des: 18.9, bed_util_ads: 0.498, bed_util_des: 0.498, des_th: 0.4979924345240918,frac_lost: 0.106, li_recovered:  8.462, time: 0.006980090000070049
L: 0.50, u_super: 0.00806, sec: 460.206, prod: 0.182170, t_ads: 24.3, t_des: 22.3, bed_util_ads: 0.498, bed_util_des: 0.498, des_th: 0.4977212339471246,frac_lost: 0.108, li_recovered:  8.487, time: 0.006650634000834543
L: 0.50, u_super: 0.00180, sec: 96.618, prod: 0.039788, t_ads: 106.1, t_des: 96.5, bed_util_ads: 0.491, bed_util_des: 0.491, des_th: 0.49071551666179414,frac_lost: 0.101, li_recovered:  8.061, time: 0.007093992999216425
L: 0.50, u_super: 0.00578, sec: 320.411, prod: 0.130741, t_ads: 33.6, t_des: 30.4, bed_util_ads: 0.498, bed_util_des: 0.498, des_th: 0.49776137234594686,frac_lost: 0.102, li_recovered:  8.362, time: 0.0075607879989547655
L: 0.50, u_super: 0.00833, sec: 476.568, prod: 0.188471, t_ads: 23.5, t_des: 21.3, bed_util_ads: 0.500, bed_util_des: 0.500, des_th: 0.4995937164256211,frac_lost: 0.107, li_recovered:  8.437, time: 0.009490884998740512
L: 0.50, u_super: 0.00006 — INFEASIBLE (li_recovered=0.000e+00), time: 0.0016849479998199968
L: 0.50, u_super: 0.00665, sec: 372.503, prod: 0.150531, t_ads: 29.2, t_des: 26.1, bed_util_ads: 0.500, bed_util_des: 0.500, des_th: 0.49986226617510154,frac_lost: 0.101, li_recovered:  8.321, time: 0.005232466999586904
L: 0.50, u_super: 0.00176, sec: 95.614, prod: 0.038527, t_ads: 108.4, t_des: 93.9, bed_util_ads: 0.497, bed_util_des: 0.497, des_th: 0.4968960527469094,frac_lost: 0.102, li_recovered:  7.793, time: 0.00669838299836556
L: 0.50, u_super: 0.00871, sec: 573.472, prod: 0.172075, t_ads: 22.4, t_des: 28.2, bed_util_ads: 0.457, bed_util_des: 0.457, des_th: 0.45654960293941554,frac_lost: 0.103, li_recovered:  8.710, time: 0.007666088999030762
L: 0.50, u_super: 0.00256, sec: 137.994, prod: 0.057068, t_ads: 75.2, t_des: 67.0, bed_util_ads: 0.497, bed_util_des: 0.496, des_th: 0.49651436868437915,frac_lost: 0.103, li_recovered:  8.116, time: 0.006545012998685706
L: 0.50, u_super: 0.00310, sec: 167.163, prod: 0.069440, t_ads: 62.4, t_des: 56.7, bed_util_ads: 0.496, bed_util_des: 0.495, des_th: 0.4953928341469121,frac_lost: 0.103, li_recovered:  8.270, time: 0.006764149000446196
L: 23.26, u_super: 0.00112 — INFEASIBLE (li_recovered=0.000e+00), time: 0.0014120959986030357
L: 0.50, u_super: 0.00533, sec: 293.968, prod: 0.120362, t_ads: 36.4, t_des: 32.6, bed_util_ads: 0.499, bed_util_des: 0.498, des_th: 0.49845640565852595,frac_lost: 0.101, li_recovered:  8.305, time: 0.007199800000307732
L: 0.50, u_super: 0.00645, sec: 360.195, prod: 0.146111, t_ads: 30.1, t_des: 27.3, bed_util_ads: 0.499, bed_util_des: 0.499, des_th: 0.49889225088615585,frac_lost: 0.101, li_recovered:  8.378, time: 0.008168527001544135
L: 0.50, u_super: 0.00225, sec: 121.521, prod: 0.049643, t_ads: 86.1, t_des: 75.4, bed_util_ads: 0.497, bed_util_des: 0.497, des_th: 0.4969718300111252,frac_lost: 0.108, li_recovered:  8.015, time: 0.004849271999773919
L: 0.50, u_super: 0.00349, sec: 189.491, prod: 0.078163, t_ads: 55.9, t_des: 50.5, bed_util_ads: 0.497, bed_util_des: 0.497, des_th: 0.4965995292756149,frac_lost: 0.109, li_recovered:  8.311, time: 0.006998564000241458
L: 0.50, u_super: 0.00356, sec: 193.181, prod: 0.079820, t_ads: 54.7, t_des: 50.1, bed_util_ads: 0.496, bed_util_des: 0.495, des_th: 0.4954679748583151,frac_lost: 0.107, li_recovered:  8.364, time: 0.0076452240009530215
L: 5.46, u_super: 0.00291 — INFEASIBLE (li_recovered=0.000e+00), time: 0.00250755900015065
L: 0.50, u_super: 0.00162, sec: 87.937, prod: 0.035148, t_ads: 118.5, t_des: 102.3, bed_util_ads: 0.497, bed_util_des: 0.497, des_th: 0.49689674266731376,frac_lost: 0.106, li_recovered:  7.759, time: 0.006193082001118455
L: 59.96, u_super: 0.00166 — INFEASIBLE (li_recovered=0.000e+00), time: 0.0010325100010959432
L: 0.50, u_super: 0.00895, sec: 515.523, prod: 0.202770, t_ads: 21.8, t_des: 19.6, bed_util_ads: 0.499, bed_util_des: 0.499, des_th: 0.4992161720235991,frac_lost: 0.105, li_recovered:  8.407, time: 0.005009541999243083
L: 0.50, u_super: 0.00990, sec: 5202.555, prod: 0.024867, t_ads: 19.8, t_des: 333.3, bed_util_ads: 0.188, bed_util_des: 0.185, des_th: 0.1851696623157332,frac_lost: 0.104, li_recovered:  8.780, time: 0.042215311999825644
L: 0.50, u_super: 0.00960, sec: 557.098, prod: 0.217726, t_ads: 20.3, t_des: 18.5, bed_util_ads: 0.499, bed_util_des: 0.499, des_th: 0.4989864916664179,frac_lost: 0.104, li_recovered:  8.445, time: 0.0056607000005897135
L: 0.50, u_super: 0.00592, sec: 328.516, prod: 0.133877, t_ads: 32.8, t_des: 30.1, bed_util_ads: 0.497, bed_util_des: 0.497, des_th: 0.4968021560165139,frac_lost: 0.102, li_recovered:  8.422, time: 0.004529035000814474
L: 0.50, u_super: 0.00355, sec: 215.386, prod: 0.070979, t_ads: 54.9, t_des: 66.6, bed_util_ads: 0.460, bed_util_des: 0.459, des_th: 0.45892676447117253,frac_lost: 0.106, li_recovered:  8.619, time: 0.006224628999916604
L: 0.50, u_super: 0.00980, sec: 583.025, prod: 0.217462, t_ads: 19.9, t_des: 20.0, bed_util_ads: 0.486, bed_util_des: 0.486, des_th: 0.48566535163233304,frac_lost: 0.104, li_recovered:  8.679, time: 0.007729412000117009
L: 0.50, u_super: 0.00015, sec: 22.065, prod: 0.001248, t_ads: 1296.3, t_des: 5629.2, bed_util_ads: 0.242, bed_util_des: 0.168, des_th: 0.16792088295278504,frac_lost: 0.103, li_recovered:  8.641, time: 0.01365664500008279
L: 0.50, u_super: 0.00363, sec: 197.174, prod: 0.081333, t_ads: 53.7, t_des: 49.6, bed_util_ads: 0.495, bed_util_des: 0.494, des_th: 0.4941995160661823,frac_lost: 0.108, li_recovered:  8.400, time: 0.010134599999219063
L: 0.50, u_super: 0.00221, sec: 119.543, prod: 0.048958, t_ads: 87.2, t_des: 76.7, bed_util_ads: 0.497, bed_util_des: 0.497, des_th: 0.4969163822046419,frac_lost: 0.106, li_recovered:  8.023, time: 0.009294147999753477
L: 0.50, u_super: 0.00641, sec: 358.124, prod: 0.145180, t_ads: 30.3, t_des: 28.0, bed_util_ads: 0.497, bed_util_des: 0.496, des_th: 0.4963539937702962,frac_lost: 0.102, li_recovered:  8.465, time: 0.009177789001114434
   495 |    19800 |     40 |  0.0020425914 |             f
L: 17.07, u_super: 0.00800 — INFEASIBLE (li_recovered=0.000e+00), time: 0.0035798040007648524
L: 0.50, u_super: 0.00073, sec: 230.303, prod: 0.002702, t_ads: 272.7, t_des: 2995.3, bed_util_ads: 0.207, bed_util_des: 0.176, des_th: 0.17613367856529671,frac_lost: 0.106, li_recovered:  8.830, time: 0.05247116800092044
L: 0.50, u_super: 0.00162, sec: 87.848, prod: 0.035184, t_ads: 118.3, t_des: 102.4, bed_util_ads: 0.497, bed_util_des: 0.496, des_th: 0.49652371640727905,frac_lost: 0.104, li_recovered:  7.764, time: 0.009819709999646875
L: 0.50, u_super: 0.00213, sec: 115.917, prod: 0.046782, t_ads: 89.7, t_des: 76.9, bed_util_ads: 0.499, bed_util_des: 0.499, des_th: 0.49912200211306607,frac_lost: 0.100, li_recovered:  7.795, time: 0.009404459000506904
L: 9.83, u_super: 0.00774 — INFEASIBLE (li_recovered=0.000e+00), time: 0.005937288000495755
L: 0.50, u_super: 0.00833, sec: 476.647, prod: 0.188440, t_ads: 23.5, t_des: 21.3, bed_util_ads: 0.499, bed_util_des: 0.499, des_th: 0.49935976793124354,frac_lost: 0.107, li_recovered:  8.440, time: 0.016852284001288353
L: 2.89, u_super: 0.00135 — INFEASIBLE (li_recovered=0.000e+00), time: 0.003625634000854916
L: 0.50, u_super: 0.00408, sec: 393.111, prod: 0.051856, t_ads: 47.9, t_des: 119.8, bed_util_ads: 0.372, bed_util_des: 0.369, des_th: 0.36902537484923925,frac_lost: 0.105, li_recovered:  8.698, time: 0.015178958999968017
L: 25.42, u_super: 0.00466 — INFEASIBLE (li_recovered=0.000e+00), time: 0.0019425299997237744
L: 0.50, u_super: 0.00895, sec: 515.523, prod: 0.202770, t_ads: 21.8, t_des: 19.6, bed_util_ads: 0.499, bed_util_des: 0.499, des_th: 0.4992161720235991,frac_lost: 0.105, li_recovered:  8.407, time: 0.0075465089994395385
L: 0.50, u_super: 0.00046, sec: 27.772, prod: 0.008846, t_ads: 395.5, t_des: 460.3, bed_util_ads: 0.433, bed_util_des: 0.426, des_th: 0.4265955050402918,frac_lost: 0.102, li_recovered:  7.571, time: 0.009196212999086129
L: 0.50, u_super: 0.00465, sec: 255.006, prod: 0.104777, t_ads: 41.8, t_des: 37.7, bed_util_ads: 0.498, bed_util_des: 0.498, des_th: 0.49761584875404546,frac_lost: 0.105, li_recovered:  8.329, time: 0.009213174000251456
L: 0.50, u_super: 0.00484, sec: 266.162, prod: 0.109065, t_ads: 40.1, t_des: 35.8, bed_util_ads: 0.500, bed_util_des: 0.500, des_th: 0.49967258145828136,frac_lost: 0.104, li_recovered:  8.275, time: 0.007618920000822982
L: 0.50, u_super: 0.00869, sec: 499.209, prod: 0.196799, t_ads: 22.5, t_des: 20.6, bed_util_ads: 0.498, bed_util_des: 0.498, des_th: 0.49764696589932833,frac_lost: 0.105, li_recovered:  8.487, time: 0.007239496999318362
L: 0.50, u_super: 0.00231, sec: 136.923, prod: 0.046384, t_ads: 83.6, t_des: 100.2, bed_util_ads: 0.458, bed_util_des: 0.457, des_th: 0.45674504784271375,frac_lost: 0.102, li_recovered:  8.526, time: 0.0091405470011523
L: 0.50, u_super: 0.00433, sec: 236.608, prod: 0.097381, t_ads: 45.0, t_des: 41.2, bed_util_ads: 0.497, bed_util_des: 0.497, des_th: 0.49682270637295545,frac_lost: 0.107, li_recovered:  8.389, time: 0.008841089000270586
L: 0.50, u_super: 0.00618, sec: 343.842, prod: 0.140028, t_ads: 31.3, t_des: 28.5, bed_util_ads: 0.499, bed_util_des: 0.498, des_th: 0.4984375830906587,frac_lost: 0.100, li_recovered:  8.375, time: 0.007913166999060195
L: 0.50, u_super: 0.00724, sec: 478.395, prod: 0.140113, t_ads: 26.9, t_des: 35.2, bed_util_ads: 0.453, bed_util_des: 0.452, des_th: 0.45228532655535775,frac_lost: 0.104, li_recovered:  8.702, time: 0.008878791999450186
L: 0.50, u_super: 0.00972, sec: 564.846, prod: 0.220572, t_ads: 20.1, t_des: 18.3, bed_util_ads: 0.500, bed_util_des: 0.499, des_th: 0.49942132725883337,frac_lost: 0.104, li_recovered:  8.455, time: 0.004730568000013591
L: 0.50, u_super: 0.00691, sec: 388.845, prod: 0.156113, t_ads: 28.3, t_des: 25.7, bed_util_ads: 0.499, bed_util_des: 0.499, des_th: 0.498970679249838,frac_lost: 0.107, li_recovered:  8.428, time: 0.00701501099865709
L: 0.50, u_super: 0.00858, sec: 493.274, prod: 0.194090, t_ads: 22.9, t_des: 20.6, bed_util_ads: 0.499, bed_util_des: 0.499, des_th: 0.49928504975215926,frac_lost: 0.109, li_recovered:  8.437, time: 0.0064810240000952035
L: 0.50, u_super: 0.00263, sec: 142.087, prod: 0.058374, t_ads: 73.4, t_des: 64.4, bed_util_ads: 0.499, bed_util_des: 0.499, des_th: 0.49876537588681347,frac_lost: 0.104, li_recovered:  8.041, time: 0.0054058759997133166
L: 0.50, u_super: 0.00977, sec: 568.162, prod: 0.221461, t_ads: 20.0, t_des: 18.0, bed_util_ads: 0.500, bed_util_des: 0.500, des_th: 0.4999841728545575,frac_lost: 0.104, li_recovered:  8.406, time: 0.00538437799878011
L: 0.50, u_super: 0.00101, sec: 56.490, prod: 0.021160, t_ads: 188.0, t_des: 197.6, bed_util_ads: 0.466, bed_util_des: 0.463, des_th: 0.46361921444603593,frac_lost: 0.106, li_recovered:  8.159, time: 0.00599835799948778
L: 0.50, u_super: 0.00333, sec: 180.716, prod: 0.074526, t_ads: 58.4, t_des: 52.2, bed_util_ads: 0.498, bed_util_des: 0.498, des_th: 0.4976091938732997,frac_lost: 0.108, li_recovered:  8.243, time: 0.004928715999994893
L: 0.50, u_super: 0.00290, sec: 156.528, prod: 0.064907, t_ads: 66.5, t_des: 59.8, bed_util_ads: 0.496, bed_util_des: 0.496, des_th: 0.49572330828762795,frac_lost: 0.103, li_recovered:  8.196, time: 0.005519331998584676
L: 0.50, u_super: 0.00889, sec: 512.345, prod: 0.201377, t_ads: 22.0, t_des: 19.9, bed_util_ads: 0.500, bed_util_des: 0.500, des_th: 0.49986956065437504,frac_lost: 0.106, li_recovered:  8.445, time: 0.005163355999684427
L: 99.27, u_super: 0.00433 — INFEASIBLE (li_recovered=0.000e+00), time: 0.0011031370013370179
L: 23.73, u_super: 0.00082 — INFEASIBLE (li_recovered=0.000e+00), time: 0.0009152590009762207
L: 0.50, u_super: 0.00136, sec: 73.840, prod: 0.029747, t_ads: 140.0, t_des: 125.9, bed_util_ads: 0.490, bed_util_des: 0.489, des_th: 0.4894701949055731,frac_lost: 0.107, li_recovered:  7.912, time: 0.007593941001687199
L: 0.50, u_super: 0.00942, sec: 545.417, prod: 0.213654, t_ads: 20.7, t_des: 18.8, bed_util_ads: 0.499, bed_util_des: 0.499, des_th: 0.49928504975215926,frac_lost: 0.104, li_recovered:  8.446, time: 0.005207398000493413
L: 0.50, u_super: 0.00195, sec: 105.594, prod: 0.042990, t_ads: 98.0, t_des: 85.7, bed_util_ads: 0.497, bed_util_des: 0.497, des_th: 0.49691864974401617,frac_lost: 0.102, li_recovered:  7.899, time: 0.005887212000743602
L: 0.50, u_super: 0.00342, sec: 185.330, prod: 0.076631, t_ads: 56.8, t_des: 51.4, bed_util_ads: 0.497, bed_util_des: 0.497, des_th: 0.4965726173155241,frac_lost: 0.107, li_recovered:  8.292, time: 0.005495306999364402
L: 0.50, u_super: 0.00833, sec: 476.550, prod: 0.188478, t_ads: 23.5, t_des: 21.3, bed_util_ads: 0.500, bed_util_des: 0.500, des_th: 0.4995937164256211,frac_lost: 0.107, li_recovered:  8.448, time: 0.007578026999908616
L: 29.62, u_super: 0.00005 — INFEASIBLE (li_recovered=0.000e+00), time: 0.0007449089989677304
L: 0.50, u_super: 0.00747, sec: 423.174, prod: 0.168772, t_ads: 26.2, t_des: 24.0, bed_util_ads: 0.498, bed_util_des: 0.498, des_th: 0.4976236744496478,frac_lost: 0.107, li_recovered:  8.474, time: 0.006307093000941677
L: 0.50, u_super: 0.00401, sec: 219.992, prod: 0.089274, t_ads: 48.6, t_des: 47.0, bed_util_ads: 0.490, bed_util_des: 0.489, des_th: 0.48918305137456974,frac_lost: 0.107, li_recovered:  8.532, time: 0.0062539249993278645
L: 0.50, u_super: 0.00555, sec: 307.152, prod: 0.125323, t_ads: 35.0, t_des: 31.3, bed_util_ads: 0.500, bed_util_des: 0.500, des_th: 0.499830748160427,frac_lost: 0.103, li_recovered:  8.306, time: 0.005027769999287557
L: 0.50, u_super: 0.00776, sec: 440.384, prod: 0.175943, t_ads: 25.0, t_des: 22.3, bed_util_ads: 0.500, bed_util_des: 0.500, des_th: 0.4998234887129974,frac_lost: 0.100, li_recovered:  8.322, time: 0.00558192399876134
L: 0.50, u_super: 0.00835, sec: 478.007, prod: 0.188854, t_ads: 23.4, t_des: 21.0, bed_util_ads: 0.500, bed_util_des: 0.500, des_th: 0.4996983720662611,frac_lost: 0.107, li_recovered:  8.400, time: 0.007650726000065333
   496 |    19840 |     40 |  0.0035861920 |             f
L: 0.50, u_super: 0.00059, sec: 36.632, prod: 0.011123, t_ads: 314.8, t_des: 394.9, bed_util_ads: 0.432, bed_util_des: 0.425, des_th: 0.4248684288313312,frac_lost: 0.104, li_recovered:  7.895, time: 0.005793139000161318
L: 0.50, u_super: 0.00045, sec: 26.420, prod: 0.009059, t_ads: 396.1, t_des: 419.2, bed_util_ads: 0.446, bed_util_des: 0.441, des_th: 0.44122598871999213,frac_lost: 0.101, li_recovered:  7.387, time: 0.004955346001224825
L: 0.50, u_super: 0.00433, sec: 236.608, prod: 0.097381, t_ads: 45.0, t_des: 41.2, bed_util_ads: 0.497, bed_util_des: 0.497, des_th: 0.49682270637295545,frac_lost: 0.107, li_recovered:  8.389, time: 0.006048260000170558
L: 0.50, u_super: 0.00290, sec: 156.660, prod: 0.064853, t_ads: 66.4, t_des: 59.1, bed_util_ads: 0.498, bed_util_des: 0.497, des_th: 0.4974217553006681,frac_lost: 0.102, li_recovered:  8.134, time: 0.006433297001422034
L: 0.50, u_super: 0.00142, sec: 77.734, prod: 0.030514, t_ads: 133.5, t_des: 113.9, bed_util_ads: 0.497, bed_util_des: 0.496, des_th: 0.49651436868437915,frac_lost: 0.100, li_recovered:  7.550, time: 0.005965221998849302
L: 0.50, u_super: 0.00469, sec: 257.506, prod: 0.105425, t_ads: 41.6, t_des: 37.1, bed_util_ads: 0.499, bed_util_des: 0.499, des_th: 0.49910907040310054,frac_lost: 0.107, li_recovered:  8.292, time: 0.006453830001191818
L: 0.50, u_super: 0.00343, sec: 186.612, prod: 0.076326, t_ads: 56.7, t_des: 54.4, bed_util_ads: 0.489, bed_util_des: 0.489, des_th: 0.4886953561016946,frac_lost: 0.106, li_recovered:  8.485, time: 0.005674108999301097
L: 0.50, u_super: 0.00990, sec: 576.356, prod: 0.224677, t_ads: 19.7, t_des: 17.9, bed_util_ads: 0.500, bed_util_des: 0.499, des_th: 0.49942132725883337,frac_lost: 0.103, li_recovered:  8.451, time: 0.007468654001058894
L: 0.50, u_super: 0.00689, sec: 386.622, prod: 0.156322, t_ads: 28.1, t_des: 25.7, bed_util_ads: 0.498, bed_util_des: 0.498, des_th: 0.4976200539392376,frac_lost: 0.100, li_recovered:  8.421, time: 0.0058721139994304394
L: 22.70, u_super: 0.00717 — INFEASIBLE (li_recovered=0.000e+00), time: 0.0015672379995521624
L: 0.50, u_super: 0.00927, sec: 536.925, prod: 0.210008, t_ads: 21.0, t_des: 19.6, bed_util_ads: 0.496, bed_util_des: 0.496, des_th: 0.4955427272256427,frac_lost: 0.104, li_recovered:  8.534, time: 0.0051682859993889
L: 0.50, u_super: 0.00641, sec: 358.280, prod: 0.145117, t_ads: 30.3, t_des: 27.4, bed_util_ads: 0.499, bed_util_des: 0.499, des_th: 0.49912852719005,frac_lost: 0.103, li_recovered:  8.369, time: 0.00488394100102596
L: 0.50, u_super: 0.00300, sec: 161.773, prod: 0.067020, t_ads: 64.6, t_des: 58.1, bed_util_ads: 0.496, bed_util_des: 0.495, des_th: 0.49549255516511753,frac_lost: 0.104, li_recovered:  8.218, time: 0.004519355999946129
L: 0.50, u_super: 0.00546, sec: 301.812, prod: 0.123376, t_ads: 35.6, t_des: 32.2, bed_util_ads: 0.498, bed_util_des: 0.498, des_th: 0.49776137234594686,frac_lost: 0.103, li_recovered:  8.359, time: 0.005983155999274459
L: 0.50, u_super: 0.00667, sec: 373.852, prod: 0.150900, t_ads: 29.1, t_des: 26.0, bed_util_ads: 0.500, bed_util_des: 0.500, des_th: 0.4998622174884333,frac_lost: 0.102, li_recovered:  8.317, time: 0.005349340999600827
L: 0.50, u_super: 0.00106, sec: 59.074, prod: 0.022183, t_ads: 179.3, t_des: 189.5, bed_util_ads: 0.466, bed_util_des: 0.463, des_th: 0.4633096701489768,frac_lost: 0.104, li_recovered:  8.182, time: 0.005707590000383789
L: 15.79, u_super: 0.00990 — INFEASIBLE (li_recovered=0.000e+00), time: 0.0026988320005330024
L: 0.50, u_super: 0.00753, sec: 426.049, prod: 0.170630, t_ads: 25.8, t_des: 23.1, bed_util_ads: 0.500, bed_util_des: 0.500, des_th: 0.49957697802212125,frac_lost: 0.101, li_recovered:  8.330, time: 0.0067104690006090095
L: 0.50, u_super: 0.00574, sec: 318.166, prod: 0.129809, t_ads: 33.8, t_des: 30.6, bed_util_ads: 0.498, bed_util_des: 0.498, des_th: 0.49776137234594686,frac_lost: 0.102, li_recovered:  8.360, time: 0.00778926400016644
L: 0.50, u_super: 0.00665, sec: 372.624, prod: 0.150482, t_ads: 29.2, t_des: 26.1, bed_util_ads: 0.500, bed_util_des: 0.500, des_th: 0.4999984603170235,frac_lost: 0.102, li_recovered:  8.320, time: 0.004695803998401971
L: 0.50, u_super: 0.00834, sec: 477.216, prod: 0.188657, t_ads: 23.5, t_des: 21.5, bed_util_ads: 0.498, bed_util_des: 0.498, des_th: 0.4976840784329224,frac_lost: 0.106, li_recovered:  8.488, time: 0.007583026999782305
L: 0.50, u_super: 0.00520, sec: 286.456, prod: 0.117340, t_ads: 37.3, t_des: 33.3, bed_util_ads: 0.500, bed_util_des: 0.500, des_th: 0.49969636953038754,frac_lost: 0.102, li_recovered:  8.286, time: 0.007033902998955455
L: 0.50, u_super: 0.00578, sec: 320.411, prod: 0.130741, t_ads: 33.6, t_des: 30.4, bed_util_ads: 0.498, bed_util_des: 0.498, des_th: 0.49776137234594686,frac_lost: 0.102, li_recovered:  8.362, time: 0.006564789999174536
L: 0.50, u_super: 0.00227, sec: 122.321, prod: 0.050285, t_ads: 85.2, t_des: 75.7, bed_util_ads: 0.496, bed_util_des: 0.495, des_th: 0.4954733923442339,frac_lost: 0.107, li_recovered:  8.091, time: 0.005218959999183426
L: 34.11, u_super: 0.00132 — INFEASIBLE (li_recovered=0.000e+00), time: 0.0015677269984735176
L: 0.50, u_super: 0.00076, sec: 220.019, prod: 0.003034, t_ads: 261.8, t_des: 2639.2, bed_util_ads: 0.214, bed_util_des: 0.185, des_th: 0.1851696623157332,frac_lost: 0.103, li_recovered:  8.800, time: 0.03282452299936267
L: 0.50, u_super: 0.00665, sec: 371.964, prod: 0.150645, t_ads: 29.2, t_des: 26.5, bed_util_ads: 0.499, bed_util_des: 0.499, des_th: 0.49889225088615585,frac_lost: 0.101, li_recovered:  8.380, time: 0.0063844409996818285
L: 0.50, u_super: 0.00123, sec: 69.247, prod: 0.025825, t_ads: 154.2, t_des: 125.7, bed_util_ads: 0.499, bed_util_des: 0.499, des_th: 0.49928504975215926,frac_lost: 0.106, li_recovered:  7.228, time: 0.004957181999998284
L: 0.50, u_super: 0.00359, sec: 194.763, prod: 0.080453, t_ads: 54.2, t_des: 49.6, bed_util_ads: 0.496, bed_util_des: 0.495, des_th: 0.49523681015846216,frac_lost: 0.107, li_recovered:  8.351, time: 0.005108414001369965
L: 0.50, u_super: 0.00034, sec: 67.349, prod: 0.001979, t_ads: 586.6, t_des: 3835.7, bed_util_ads: 0.234, bed_util_des: 0.185, des_th: 0.1851696623157332,frac_lost: 0.103, li_recovered:  8.753, time: 0.0191934480008058
L: 16.31, u_super: 0.00195 — INFEASIBLE (li_recovered=0.000e+00), time: 0.001167267000710126
L: 22.01, u_super: 0.00749 — INFEASIBLE (li_recovered=0.000e+00), time: 0.001846954999564332
L: 0.50, u_super: 0.00433, sec: 236.429, prod: 0.097334, t_ads: 45.0, t_des: 40.6, bed_util_ads: 0.498, bed_util_des: 0.498, des_th: 0.49821466409435666,frac_lost: 0.106, li_recovered:  8.330, time: 0.004590724000081536
L: 14.12, u_super: 0.00593 — INFEASIBLE (li_recovered=0.000e+00), time: 0.0021926649988017743
L: 0.50, u_super: 0.00852, sec: 488.608, prod: 0.192905, t_ads: 23.0, t_des: 20.8, bed_util_ads: 0.499, bed_util_des: 0.499, des_th: 0.49920774253432393,frac_lost: 0.106, li_recovered:  8.438, time: 0.005906965998292435
L: 0.50, u_super: 0.00365, sec: 198.422, prod: 0.081792, t_ads: 53.3, t_des: 47.6, bed_util_ads: 0.498, bed_util_des: 0.498, des_th: 0.49776137234594686,frac_lost: 0.107, li_recovered:  8.256, time: 0.005410641999333166
L: 0.50, u_super: 0.00202, sec: 108.549, prod: 0.044690, t_ads: 95.7, t_des: 87.4, bed_util_ads: 0.492, bed_util_des: 0.491, des_th: 0.49125137130442503,frac_lost: 0.108, li_recovered:  8.183, time: 0.006177319000926218
L: 0.50, u_super: 0.00990, sec: 576.640, prod: 0.224566, t_ads: 19.7, t_des: 18.1, bed_util_ads: 0.498, bed_util_des: 0.498, des_th: 0.4978255756123739,frac_lost: 0.104, li_recovered:  8.487, time: 0.005173183999431785
L: 0.50, u_super: 0.00543, sec: 299.780, prod: 0.122883, t_ads: 35.6, t_des: 32.4, bed_util_ads: 0.497, bed_util_des: 0.497, des_th: 0.4969163822046419,frac_lost: 0.101, li_recovered:  8.357, time: 0.006013485000949004
L: 0.50, u_super: 0.00046, sec: 26.624, prod: 0.009228, t_ads: 391.3, t_des: 404.9, bed_util_ads: 0.448, bed_util_des: 0.444, des_th: 0.44453492867306643,frac_lost: 0.101, li_recovered:  7.348, time: 0.0066525600013847
   497 |    19880 |     40 |  0.0015193646 |             f
L: 0.50, u_super: 0.00895, sec: 516.835, prod: 0.202255, t_ads: 21.9, t_des: 20.3, bed_util_ads: 0.497, bed_util_des: 0.497, des_th: 0.4969063774431174,frac_lost: 0.107, li_recovered:  8.532, time: 0.006954114000109257
L: 6.60, u_super: 0.00254 — INFEASIBLE (li_recovered=0.000e+00), time: 0.0029027840009803185
L: 0.50, u_super: 0.00942, sec: 545.902, prod: 0.213464, t_ads: 20.8, t_des: 18.8, bed_util_ads: 0.499, bed_util_des: 0.499, des_th: 0.4993408165343129,frac_lost: 0.106, li_recovered:  8.452, time: 0.0053630769998562755
L: 0.50, u_super: 0.00783, sec: 446.004, prod: 0.176890, t_ads: 25.0, t_des: 22.4, bed_util_ads: 0.500, bed_util_des: 0.500, des_th: 0.49996509458128424,frac_lost: 0.108, li_recovered:  8.389, time: 0.006408125000234577
L: 0.50, u_super: 0.00990, sec: 577.306, prod: 0.224307, t_ads: 19.8, t_des: 17.9, bed_util_ads: 0.500, bed_util_des: 0.499, des_th: 0.49942501300592,frac_lost: 0.107, li_recovered:  8.453, time: 0.005965057000139495
L: 0.50, u_super: 0.00692, sec: 388.097, prod: 0.156735, t_ads: 28.0, t_des: 25.4, bed_util_ads: 0.499, bed_util_des: 0.499, des_th: 0.49929975060884074,frac_lost: 0.101, li_recovered:  8.371, time: 0.00827887000014016
L: 0.50, u_super: 0.00492, sec: 269.641, prod: 0.111059, t_ads: 39.4, t_des: 36.2, bed_util_ads: 0.496, bed_util_des: 0.495, des_th: 0.4954733923442339,frac_lost: 0.101, li_recovered:  8.392, time: 0.004684903999077505
L: 0.50, u_super: 0.00152, sec: 83.192, prod: 0.032831, t_ads: 125.9, t_des: 107.4, bed_util_ads: 0.497, bed_util_des: 0.497, des_th: 0.49652371640727905,frac_lost: 0.107, li_recovered:  7.659, time: 0.007367412001258344
L: 0.50, u_super: 0.00094 — INFEASIBLE (li_recovered=0.000e+00), time: 0.0038550730005226796
L: 0.50, u_super: 0.00618, sec: 344.084, prod: 0.139930, t_ads: 31.4, t_des: 28.4, bed_util_ads: 0.499, bed_util_des: 0.498, des_th: 0.4984375830906587,frac_lost: 0.102, li_recovered:  8.373, time: 0.006835459998910665
L: 0.50, u_super: 0.00776, sec: 440.641, prod: 0.175840, t_ads: 25.0, t_des: 22.4, bed_util_ads: 0.500, bed_util_des: 0.500, des_th: 0.4998234887129974,frac_lost: 0.102, li_recovered:  8.335, time: 0.006589660999452462
L: 0.50, u_super: 0.00578, sec: 320.411, prod: 0.130741, t_ads: 33.6, t_des: 30.4, bed_util_ads: 0.498, bed_util_des: 0.498, des_th: 0.49776137234594686,frac_lost: 0.102, li_recovered:  8.362, time: 0.0063696040015202016
L: 0.50, u_super: 0.00858, sec: 493.031, prod: 0.194186, t_ads: 22.8, t_des: 20.7, bed_util_ads: 0.500, bed_util_des: 0.500, des_th: 0.4996852553697255,frac_lost: 0.108, li_recovered:  8.445, time: 0.006745938000676688
L: 0.50, u_super: 0.00876, sec: 573.942, prod: 0.173946, t_ads: 22.3, t_des: 27.8, bed_util_ads: 0.459, bed_util_des: 0.459, des_th: 0.45900339019585223,frac_lost: 0.104, li_recovered:  8.712, time: 0.006906082999194041
L: 0.50, u_super: 0.00959, sec: 556.774, prod: 0.217490, t_ads: 20.3, t_des: 18.9, bed_util_ads: 0.496, bed_util_des: 0.495, des_th: 0.49543914316236914,frac_lost: 0.102, li_recovered:  8.525, time: 0.006433144999391516
L: 0.50, u_super: 0.00716, sec: 402.757, prod: 0.162301, t_ads: 27.1, t_des: 24.6, bed_util_ads: 0.499, bed_util_des: 0.499, des_th: 0.4988939839164199,frac_lost: 0.100, li_recovered:  8.383, time: 0.005150712999238749
L: 0.50, u_super: 0.00927, sec: 536.944, prod: 0.210001, t_ads: 21.1, t_des: 19.3, bed_util_ads: 0.498, bed_util_des: 0.498, des_th: 0.4976039120816769,frac_lost: 0.107, li_recovered:  8.489, time: 0.006119313999079168
L: 0.50, u_super: 0.00623, sec: 350.882, prod: 0.139268, t_ads: 31.2, t_des: 30.6, bed_util_ads: 0.489, bed_util_des: 0.489, des_th: 0.48856619362975007,frac_lost: 0.102, li_recovered:  8.604, time: 0.006404580999515019
L: 0.50, u_super: 0.00161, sec: 87.734, prod: 0.034786, t_ads: 119.4, t_des: 101.9, bed_util_ads: 0.498, bed_util_des: 0.498, des_th: 0.4976200539392376,frac_lost: 0.107, li_recovered:  7.696, time: 0.00557420900076977
L: 0.50, u_super: 0.00195, sec: 106.251, prod: 0.042724, t_ads: 98.7, t_des: 84.7, bed_util_ads: 0.499, bed_util_des: 0.499, des_th: 0.4992284322455129,frac_lost: 0.107, li_recovered:  7.833, time: 0.006737014999089297
L: 0.50, u_super: 0.00151, sec: 82.924, prod: 0.032579, t_ads: 125.6, t_des: 106.6, bed_util_ads: 0.497, bed_util_des: 0.497, des_th: 0.4969163822046419,frac_lost: 0.101, li_recovered:  7.564, time: 0.006396251999831293
L: 0.50, u_super: 0.00641, sec: 358.429, prod: 0.145056, t_ads: 30.3, t_des: 27.0, bed_util_ads: 0.500, bed_util_des: 0.500, des_th: 0.499737479896482,frac_lost: 0.102, li_recovered:  8.313, time: 0.006818564999775845
L: 0.50, u_super: 0.00005, sec: 4.324, prod: 0.000670, t_ads: 3435.3, t_des: 5866.2, bed_util_ads: 0.253, bed_util_des: 0.184, des_th: 0.1851696623157332,frac_lost: 0.103, li_recovered:  6.228, time: 0.007713521999903605
L: 0.50, u_super: 0.00495, sec: 272.509, prod: 0.111515, t_ads: 39.3, t_des: 35.0, bed_util_ads: 0.500, bed_util_des: 0.500, des_th: 0.49969268378326764,frac_lost: 0.104, li_recovered:  8.276, time: 0.008430342999417917
L: 0.50, u_super: 0.00925, sec: 546.472, prod: 0.205335, t_ads: 21.1, t_des: 21.2, bed_util_ads: 0.486, bed_util_des: 0.486, des_th: 0.48592968486877214,frac_lost: 0.103, li_recovered:  8.674, time: 0.008989702000690158
L: 0.50, u_super: 0.00858, sec: 492.351, prod: 0.194454, t_ads: 22.8, t_des: 20.7, bed_util_ads: 0.499, bed_util_des: 0.499, des_th: 0.49877123633758236,frac_lost: 0.105, li_recovered:  8.450, time: 0.008231685000282596
L: 0.50, u_super: 0.00395, sec: 214.644, prod: 0.088654, t_ads: 49.2, t_des: 44.5, bed_util_ads: 0.497, bed_util_des: 0.497, des_th: 0.4967505718996528,frac_lost: 0.105, li_recovered:  8.313, time: 0.00858979199983878
L: 53.97, u_super: 0.00797 — INFEASIBLE (li_recovered=0.000e+00), time: 0.0027208190003875643
L: 0.50, u_super: 0.00736, sec: 416.740, prod: 0.166344, t_ads: 26.6, t_des: 24.1, bed_util_ads: 0.499, bed_util_des: 0.499, des_th: 0.49889225088615585,frac_lost: 0.108, li_recovered:  8.435, time: 0.008274015999631956
L: 0.50, u_super: 0.00622, sec: 346.848, prod: 0.140673, t_ads: 31.2, t_des: 27.9, bed_util_ads: 0.499, bed_util_des: 0.499, des_th: 0.49931768558800893,frac_lost: 0.102, li_recovered:  8.315, time: 0.005497539999851142
L: 0.50, u_super: 0.00942, sec: 546.230, prod: 0.213336, t_ads: 20.8, t_des: 18.8, bed_util_ads: 0.500, bed_util_des: 0.499, des_th: 0.49942995639369275,frac_lost: 0.107, li_recovered:  8.447, time: 0.0052282529995864024
L: 0.50, u_super: 0.00495, sec: 271.891, prod: 0.111587, t_ads: 39.3, t_des: 36.3, bed_util_ads: 0.496, bed_util_des: 0.495, des_th: 0.4954733923442339,frac_lost: 0.104, li_recovered:  8.434, time: 0.005452448000141885
L: 4.76, u_super: 0.00520 — INFEASIBLE (li_recovered=0.000e+00), time: 0.002988239000842441
L: 0.50, u_super: 0.00081, sec: 215.593, prod: 0.003565, t_ads: 243.6, t_des: 2218.6, bed_util_ads: 0.223, bed_util_des: 0.197, des_th: 0.19718590441444528,frac_lost: 0.104, li_recovered:  8.778, time: 0.021877207000216004
L: 0.50, u_super: 0.00327, sec: 177.537, prod: 0.072975, t_ads: 59.5, t_des: 52.4, bed_util_ads: 0.500, bed_util_des: 0.499, des_th: 0.4993739322279204,frac_lost: 0.108, li_recovered:  8.159, time: 0.004914904000543174
L: 0.50, u_super: 0.00163, sec: 88.486, prod: 0.035504, t_ads: 117.3, t_des: 101.7, bed_util_ads: 0.497, bed_util_des: 0.496, des_th: 0.49652198237529666,frac_lost: 0.104, li_recovered:  7.778, time: 0.004647769999792217
L: 0.50, u_super: 0.00689, sec: 388.698, prod: 0.155487, t_ads: 28.4, t_des: 26.4, bed_util_ads: 0.496, bed_util_des: 0.496, des_th: 0.4955588690830348,frac_lost: 0.108, li_recovered:  8.514, time: 0.004894050000075367
L: 0.50, u_super: 0.00381, sec: 248.279, prod: 0.071164, t_ads: 51.0, t_des: 70.4, bed_util_ads: 0.444, bed_util_des: 0.442, des_th: 0.4421240803764116,frac_lost: 0.103, li_recovered:  8.637, time: 0.00594433300102537
L: 0.50, u_super: 0.00753, sec: 426.005, prod: 0.170831, t_ads: 25.8, t_des: 23.6, bed_util_ads: 0.497, bed_util_des: 0.497, des_th: 0.49691864974401617,frac_lost: 0.102, li_recovered:  8.435, time: 0.00728458000048704
L: 0.50, u_super: 0.00775, sec: 441.005, prod: 0.175019, t_ads: 25.3, t_des: 23.2, bed_util_ads: 0.498, bed_util_des: 0.498, des_th: 0.49776114893003726,frac_lost: 0.109, li_recovered:  8.489, time: 0.0073690680001163855
   498 |    19920 |     40 |  0.0031047759 |             f
L: 0.50, u_super: 0.00679, sec: 468.384, prod: 0.124819, t_ads: 28.8, t_des: 40.9, bed_util_ads: 0.442, bed_util_des: 0.442, des_th: 0.4416042663662754,frac_lost: 0.105, li_recovered:  8.702, time: 0.008086071000434458
L: 0.50, u_super: 0.00209, sec: 112.896, prod: 0.046323, t_ads: 92.3, t_des: 82.2, bed_util_ads: 0.496, bed_util_des: 0.495, des_th: 0.49548544414390205,frac_lost: 0.108, li_recovered:  8.084, time: 0.0057811149999906775
L: 0.50, u_super: 0.00959, sec: 558.515, prod: 0.216812, t_ads: 20.4, t_des: 19.1, bed_util_ads: 0.495, bed_util_des: 0.495, des_th: 0.4951141606470326,frac_lost: 0.105, li_recovered:  8.567, time: 0.004741583999930299
L: 67.38, u_super: 0.00465 — INFEASIBLE (li_recovered=0.000e+00), time: 0.0012036929983878508
L: 0.50, u_super: 0.00541, sec: 298.327, prod: 0.122228, t_ads: 35.9, t_des: 32.5, bed_util_ads: 0.498, bed_util_des: 0.498, des_th: 0.49774775124204257,frac_lost: 0.102, li_recovered:  8.360, time: 0.006372026000462938
L: 0.50, u_super: 0.00883, sec: 508.998, prod: 0.199854, t_ads: 22.2, t_des: 20.3, bed_util_ads: 0.498, bed_util_des: 0.498, des_th: 0.4977212339471246,frac_lost: 0.107, li_recovered:  8.493, time: 0.006373297999743954
L: 0.50, u_super: 0.00256, sec: 137.994, prod: 0.057068, t_ads: 75.2, t_des: 67.0, bed_util_ads: 0.497, bed_util_des: 0.496, des_th: 0.49651436868437915,frac_lost: 0.103, li_recovered:  8.116, time: 0.00723976799963566
L: 0.50, u_super: 0.00989, sec: 575.819, prod: 0.224302, t_ads: 19.7, t_des: 17.9, bed_util_ads: 0.500, bed_util_des: 0.499, des_th: 0.49942132725883337,frac_lost: 0.104, li_recovered:  8.448, time: 0.006181488000947866
L: 0.50, u_super: 0.00790, sec: 449.050, prod: 0.179203, t_ads: 24.6, t_des: 22.2, bed_util_ads: 0.500, bed_util_des: 0.500, des_th: 0.4995937164256211,frac_lost: 0.102, li_recovered:  8.383, time: 0.00676841200038325
L: 30.05, u_super: 0.00151 — INFEASIBLE (li_recovered=0.000e+00), time: 0.0012372639994282508
L: 26.89, u_super: 0.00267 — INFEASIBLE (li_recovered=0.000e+00), time: 0.0010722420011006761
L: 9.63, u_super: 0.00833 — INFEASIBLE (li_recovered=0.000e+00), time: 0.004977582999345032
L: 19.34, u_super: 0.00066 — INFEASIBLE (li_recovered=0.000e+00), time: 0.001964310000403202
L: 0.50, u_super: 0.00151, sec: 554.888, prod: 0.004847, t_ads: 130.8, t_des: 1684.5, bed_util_ads: 0.201, bed_util_des: 0.185, des_th: 0.1851696623157332,frac_lost: 0.105, li_recovered:  8.799, time: 0.04464133699912054
L: 17.14, u_super: 0.00804 — INFEASIBLE (li_recovered=0.000e+00), time: 0.003577952000341611
L: 0.50, u_super: 0.00895, sec: 515.687, prod: 0.202705, t_ads: 21.8, t_des: 19.8, bed_util_ads: 0.499, bed_util_des: 0.499, des_th: 0.4992161720235991,frac_lost: 0.106, li_recovered:  8.448, time: 0.0094963089995872
L: 12.68, u_super: 0.00240 — INFEASIBLE (li_recovered=0.000e+00), time: 0.0015796990010130685
L: 0.50, u_super: 0.00578, sec: 320.307, prod: 0.130783, t_ads: 33.5, t_des: 31.1, bed_util_ads: 0.496, bed_util_des: 0.495, des_th: 0.49540452902250975,frac_lost: 0.101, li_recovered:  8.451, time: 0.007972433000759338
L: 12.86, u_super: 0.00031 — INFEASIBLE (li_recovered=0.000e+00), time: 0.0018511759990360588
L: 0.50, u_super: 0.00932, sec: 541.728, prod: 0.210401, t_ads: 20.9, t_des: 19.9, bed_util_ads: 0.493, bed_util_des: 0.493, des_th: 0.49283856678706583,frac_lost: 0.103, li_recovered:  8.591, time: 0.005170368000108283
L: 0.50, u_super: 0.00333, sec: 180.592, prod: 0.074578, t_ads: 58.5, t_des: 53.4, bed_util_ads: 0.496, bed_util_des: 0.495, des_th: 0.49544766690397823,frac_lost: 0.109, li_recovered:  8.341, time: 0.005722866999349208
L: 0.50, u_super: 0.00311, sec: 167.577, prod: 0.069611, t_ads: 62.0, t_des: 55.9, bed_util_ads: 0.496, bed_util_des: 0.495, des_th: 0.4954733923442339,frac_lost: 0.101, li_recovered:  8.208, time: 0.007076772000800702
L: 0.50, u_super: 0.00893, sec: 515.054, prod: 0.202056, t_ads: 21.9, t_des: 20.4, bed_util_ads: 0.496, bed_util_des: 0.496, des_th: 0.49598986110509097,frac_lost: 0.105, li_recovered:  8.534, time: 0.007494805999158416
L: 0.50, u_super: 0.00290, sec: 156.403, prod: 0.064959, t_ads: 66.5, t_des: 60.4, bed_util_ads: 0.496, bed_util_des: 0.495, des_th: 0.49549255516511753,frac_lost: 0.103, li_recovered:  8.243, time: 0.005650143000821117
L: 0.50, u_super: 0.00085, sec: 48.253, prod: 0.017445, t_ads: 221.1, t_des: 240.8, bed_util_ads: 0.457, bed_util_des: 0.454, des_th: 0.4541093238638339,frac_lost: 0.102, li_recovered:  8.059, time: 0.006300741000814014
L: 0.50, u_super: 0.00649, sec: 362.938, prod: 0.146857, t_ads: 29.9, t_des: 26.8, bed_util_ads: 0.500, bed_util_des: 0.500, des_th: 0.49967349709721187,frac_lost: 0.101, li_recovered:  8.320, time: 0.0066714240001601866
L: 0.50, u_super: 0.00836, sec: 478.564, prod: 0.189099, t_ads: 23.4, t_des: 21.2, bed_util_ads: 0.499, bed_util_des: 0.499, des_th: 0.4992161720235991,frac_lost: 0.107, li_recovered:  8.445, time: 0.005655880000631441
L: 0.50, u_super: 0.00005, sec: 4.335, prod: 0.000668, t_ads: 3359.3, t_des: 5603.0, bed_util_ads: 0.253, bed_util_des: 0.189, des_th: 0.18952805609304924,frac_lost: 0.101, li_recovered:  5.985, time: 0.00864050599921029
L: 0.50, u_super: 0.00404, sec: 220.672, prod: 0.090666, t_ads: 48.0, t_des: 42.4, bed_util_ads: 0.500, bed_util_des: 0.499, des_th: 0.4994503949069155,frac_lost: 0.104, li_recovered:  8.197, time: 0.006515702998513007
L: 0.50, u_super: 0.00216, sec: 116.476, prod: 0.047687, t_ads: 89.5, t_des: 78.8, bed_util_ads: 0.497, bed_util_des: 0.497, des_th: 0.4969163822046419,frac_lost: 0.107, li_recovered:  8.026, time: 0.0055671299996902235
L: 0.50, u_super: 0.00128, sec: 81.806, prod: 0.023537, t_ads: 149.8, t_des: 206.2, bed_util_ads: 0.434, bed_util_des: 0.430, des_th: 0.43023057799279407,frac_lost: 0.103, li_recovered:  8.377, time: 0.006374593000145978
L: 0.50, u_super: 0.00017 — INFEASIBLE (li_recovered=0.000e+00), time: 0.0033118129995273193
L: 0.50, u_super: 0.00929, sec: 539.182, prod: 0.209875, t_ads: 21.1, t_des: 19.7, bed_util_ads: 0.496, bed_util_des: 0.496, des_th: 0.4955427272256427,frac_lost: 0.106, li_recovered:  8.562, time: 0.007363414000792545
L: 0.50, u_super: 0.00665, sec: 376.268, prod: 0.148922, t_ads: 29.4, t_des: 28.3, bed_util_ads: 0.492, bed_util_des: 0.491, des_th: 0.4914969490954459,frac_lost: 0.108, li_recovered:  8.596, time: 0.006469263000326464
L: 5.75, u_super: 0.00990 — INFEASIBLE (li_recovered=0.000e+00), time: 0.0047248039991245605
L: 0.50, u_super: 0.00157, sec: 84.575, prod: 0.034378, t_ads: 122.1, t_des: 109.5, bed_util_ads: 0.492, bed_util_des: 0.491, des_th: 0.49125137130442503,frac_lost: 0.105, li_recovered:  7.959, time: 0.008507550001013442
L: 0.50, u_super: 0.00959, sec: 557.098, prod: 0.217363, t_ads: 20.3, t_des: 18.9, bed_util_ads: 0.496, bed_util_des: 0.496, des_th: 0.49621294289844,frac_lost: 0.104, li_recovered:  8.527, time: 0.008608721998825786
L: 0.50, u_super: 0.00064, sec: 153.029, prod: 0.003093, t_ads: 310.8, t_des: 2525.1, bed_util_ads: 0.229, bed_util_des: 0.198, des_th: 0.19807761323771783,frac_lost: 0.104, li_recovered:  8.771, time: 0.025447202000577818
L: 0.50, u_super: 0.00863, sec: 515.718, prod: 0.187706, t_ads: 22.7, t_des: 23.7, bed_util_ads: 0.481, bed_util_des: 0.481, des_th: 0.48062782505254636,frac_lost: 0.106, li_recovered:  8.696, time: 0.0052635170013672905
L: 0.50, u_super: 0.00006 — INFEASIBLE (li_recovered=0.000e+00), time: 0.0009787759991013445
   499 |    19960 |     40 |  0.0021394094 |             f
L: 0.50, u_super: 0.00385, sec: 210.424, prod: 0.085979, t_ads: 50.4, t_des: 48.5, bed_util_ads: 0.490, bed_util_des: 0.489, des_th: 0.48931821442760864,frac_lost: 0.105, li_recovered:  8.507, time: 0.00554402099987783
L: 0.50, u_super: 0.00618, sec: 351.253, prod: 0.137074, t_ads: 31.5, t_des: 31.5, bed_util_ads: 0.486, bed_util_des: 0.485, des_th: 0.48527655183762847,frac_lost: 0.104, li_recovered:  8.634, time: 0.005795837998448405
L: 0.50, u_super: 0.00985, sec: 573.757, prod: 0.223163, t_ads: 19.9, t_des: 18.0, bed_util_ads: 0.500, bed_util_des: 0.500, des_th: 0.49995504388002376,frac_lost: 0.106, li_recovered:  8.457, time: 0.00604632400063565
L: 0.50, u_super: 0.00464, sec: 254.651, prod: 0.104393, t_ads: 42.0, t_des: 37.4, bed_util_ads: 0.499, bed_util_des: 0.499, des_th: 0.49907686662825274,frac_lost: 0.106, li_recovered:  8.285, time: 0.005179881000003661
L: 6.85, u_super: 0.00007 — INFEASIBLE (li_recovered=0.000e+00), time: 0.0008233680000557797
L: 11.41, u_super: 0.00987 — INFEASIBLE (li_recovered=0.000e+00), time: 0.0024995870007842313
L: 0.50, u_super: 0.00903, sec: 4686.783, prod: 0.022758, t_ads: 21.8, t_des: 364.2, bed_util_ads: 0.188, bed_util_des: 0.185, des_th: 0.1851696623157332,frac_lost: 0.106, li_recovered:  8.783, time: 0.03427534799993737
L: 0.50, u_super: 0.00807, sec: 460.251, prod: 0.182491, t_ads: 24.2, t_des: 22.3, bed_util_ads: 0.498, bed_util_des: 0.498, des_th: 0.4977212339471246,frac_lost: 0.106, li_recovered:  8.485, time: 0.0041378490004717605
L: 0.50, u_super: 0.00440, sec: 250.385, prod: 0.094916, t_ads: 44.2, t_des: 46.7, bed_util_ads: 0.478, bed_util_des: 0.477, des_th: 0.47719632447365684,frac_lost: 0.103, li_recovered:  8.626, time: 0.0047850869996182155
L: 0.50, u_super: 0.00082, sec: 47.627, prod: 0.016539, t_ads: 228.8, t_des: 258.9, bed_util_ads: 0.452, bed_util_des: 0.448, des_th: 0.44801469389022996,frac_lost: 0.102, li_recovered:  8.066, time: 0.005388454001149512
L: 0.50, u_super: 0.00289, sec: 162.632, prod: 0.061707, t_ads: 66.8, t_des: 71.8, bed_util_ads: 0.474, bed_util_des: 0.473, des_th: 0.47260437919658793,frac_lost: 0.100, li_recovered:  8.552, time: 0.004524635000052513
L: 0.50, u_super: 0.00865, sec: 495.866, prod: 0.196416, t_ads: 22.4, t_des: 20.2, bed_util_ads: 0.499, bed_util_des: 0.499, des_th: 0.49939291541563496,frac_lost: 0.101, li_recovered:  8.386, time: 0.004771792999235913
L: 0.50, u_super: 0.00618, sec: 344.513, prod: 0.139755, t_ads: 31.4, t_des: 28.1, bed_util_ads: 0.500, bed_util_des: 0.499, des_th: 0.4994130707976376,frac_lost: 0.102, li_recovered:  8.320, time: 0.004627451000487781
L: 0.50, u_super: 0.00464, sec: 254.519, prod: 0.104571, t_ads: 41.9, t_des: 38.7, bed_util_ads: 0.496, bed_util_des: 0.495, des_th: 0.4954005947624222,frac_lost: 0.105, li_recovered:  8.428, time: 0.004565545999867027
L: 0.50, u_super: 0.00394, sec: 214.911, prod: 0.088361, t_ads: 49.5, t_des: 44.0, bed_util_ads: 0.500, bed_util_des: 0.499, des_th: 0.4995117538683223,frac_lost: 0.108, li_recovered:  8.259, time: 0.005054184999607969
L: 0.50, u_super: 0.00016, sec: 20.902, prod: 0.001425, t_ads: 1225.6, t_des: 4711.1, bed_util_ads: 0.253, bed_util_des: 0.185, des_th: 0.1851696623157332,frac_lost: 0.101, li_recovered:  8.461, time: 0.011286752998785232
L: 0.50, u_super: 0.00732, sec: 545.070, prod: 0.125715, t_ads: 26.7, t_des: 42.6, bed_util_ads: 0.428, bed_util_des: 0.427, des_th: 0.4271885544142694,frac_lost: 0.106, li_recovered:  8.714, time: 0.007296854000742314
L: 0.50, u_super: 0.00927, sec: 536.925, prod: 0.210008, t_ads: 21.0, t_des: 19.6, bed_util_ads: 0.496, bed_util_des: 0.496, des_th: 0.4955427272256427,frac_lost: 0.104, li_recovered:  8.534, time: 0.007184991000031005
L: 0.50, u_super: 0.00959, sec: 557.868, prod: 0.217063, t_ads: 20.3, t_des: 19.1, bed_util_ads: 0.495, bed_util_des: 0.495, des_th: 0.49518701089667383,frac_lost: 0.103, li_recovered:  8.560, time: 0.007034546000795672
L: 0.50, u_super: 0.00371, sec: 201.508, prod: 0.083301, t_ads: 52.4, t_des: 47.4, bed_util_ads: 0.497, bed_util_des: 0.497, des_th: 0.4969531189110668,frac_lost: 0.106, li_recovered:  8.306, time: 0.007242314000905026
L: 0.50, u_super: 0.00692, sec: 388.382, prod: 0.156620, t_ads: 28.1, t_des: 25.2, bed_util_ads: 0.499, bed_util_des: 0.499, des_th: 0.4991035903687181,frac_lost: 0.101, li_recovered:  8.335, time: 0.008197559000109322
L: 0.50, u_super: 0.00602, sec: 334.862, prod: 0.136212, t_ads: 32.2, t_des: 29.9, bed_util_ads: 0.495, bed_util_des: 0.495, des_th: 0.49529862385242795,frac_lost: 0.102, li_recovered:  8.468, time: 0.007323682999412995
L: 1.22, u_super: 0.00447, sec: 609.542, prod: 0.098912, t_ads: 104.6, t_des: 95.2, bed_util_ads: 0.491, bed_util_des: 0.491, des_th: 0.49079363554681626,frac_lost: 0.102, li_recovered:  19.768, time: 0.006925654999577091
L: 0.50, u_super: 0.00085, sec: 47.456, prod: 0.017738, t_ads: 221.6, t_des: 230.7, bed_util_ads: 0.464, bed_util_des: 0.461, des_th: 0.46103470550025455,frac_lost: 0.104, li_recovered:  8.023, time: 0.006428167000194662
L: 0.50, u_super: 0.00667, sec: 2575.936, prod: 0.021875, t_ads: 29.3, t_des: 371.7, bed_util_ads: 0.209, bed_util_des: 0.206, des_th: 0.2056844100333262,frac_lost: 0.101, li_recovered:  8.773, time: 0.038515578000442474
L: 0.50, u_super: 0.00859, sec: 493.006, prod: 0.194294, t_ads: 22.8, t_des: 20.6, bed_util_ads: 0.499, bed_util_des: 0.499, des_th: 0.49877123633758236,frac_lost: 0.107, li_recovered:  8.435, time: 0.00806907200058049
L: 49.62, u_super: 0.00017 — INFEASIBLE (li_recovered=0.000e+00), time: 0.0013383929999690736
L: 0.50, u_super: 0.00831, sec: 475.770, prod: 0.188134, t_ads: 23.5, t_des: 21.1, bed_util_ads: 0.500, bed_util_des: 0.500, des_th: 0.4995937164256211,frac_lost: 0.106, li_recovered:  8.392, time: 0.007264564999786671
L: 0.50, u_super: 0.00039, sec: 23.098, prod: 0.007726, t_ads: 453.5, t_des: 458.7, bed_util_ads: 0.446, bed_util_des: 0.442, des_th: 0.44197811941948917,frac_lost: 0.104, li_recovered:  7.047, time: 0.005879586999071762
L: 0.50, u_super: 0.00019, sec: 18.235, prod: 0.002196, t_ads: 1018.7, t_des: 2582.9, bed_util_ads: 0.299, bed_util_des: 0.250, des_th: 0.2505703189680322,frac_lost: 0.105, li_recovered:  7.911, time: 0.011489182999866898
L: 0.50, u_super: 0.00658, sec: 367.663, prod: 0.149075, t_ads: 29.5, t_des: 26.7, bed_util_ads: 0.499, bed_util_des: 0.499, des_th: 0.49877041452374166,frac_lost: 0.100, li_recovered:  8.364, time: 0.006516833000205224
L: 23.29, u_super: 0.00990 — INFEASIBLE (li_recovered=0.000e+00), time: 0.002452247001201613
L: 28.54, u_super: 0.00579 — INFEASIBLE (li_recovered=0.000e+00), time: 0.001818016999095562
L: 12.38, u_super: 0.00385 — INFEASIBLE (li_recovered=0.000e+00), time: 0.0019853100002364954
L: 0.50, u_super: 0.00376, sec: 204.027, prod: 0.084305, t_ads: 51.8, t_des: 47.4, bed_util_ads: 0.496, bed_util_des: 0.495, des_th: 0.49544766690397823,frac_lost: 0.106, li_recovered:  8.363, time: 0.006127652999566635
L: 0.50, u_super: 0.00088 — INFEASIBLE (li_recovered=0.000e+00), time: 0.004141059998801211
L: 0.50, u_super: 0.00065, sec: 36.132, prod: 0.013499, t_ads: 284.1, t_des: 281.1, bed_util_ads: 0.464, bed_util_des: 0.462, des_th: 0.46181506045793286,frac_lost: 0.100, li_recovered:  7.631, time: 0.009058814001036808
L: 0.50, u_super: 0.00709, sec: 399.921, prod: 0.160224, t_ads: 27.6, t_des: 25.1, bed_util_ads: 0.499, bed_util_des: 0.499, des_th: 0.4987962594088514,frac_lost: 0.107, li_recovered:  8.436, time: 0.009279541000069003
L: 0.50, u_super: 0.00259, sec: 140.201, prod: 0.057623, t_ads: 74.4, t_des: 65.3, bed_util_ads: 0.498, bed_util_des: 0.498, des_th: 0.4981484891656257,frac_lost: 0.104, li_recovered:  8.050, time: 0.010804888999700779
L: 0.50, u_super: 0.00743, sec: 445.584, prod: 0.158611, t_ads: 26.4, t_des: 28.5, bed_util_ads: 0.476, bed_util_des: 0.476, des_th: 0.4759549339906143,frac_lost: 0.107, li_recovered:  8.695, time: 0.009455022000111057
   500 |    20000 |     40 |  0.0049416276 |             f
L: 18.85, u_super: 0.00358 — INFEASIBLE (li_recovered=0.000e+00), time: 0.00142405499900633
L: 0.50, u_super: 0.00026, sec: 44.963, prod: 0.001758, t_ads: 763.7, t_des: 4193.5, bed_util_ads: 0.242, bed_util_des: 0.185, des_th: 0.1851696623157332,frac_lost: 0.104, li_recovered:  8.713, time: 0.021745165999163873
L: 0.50, u_super: 0.00665, sec: 371.964, prod: 0.150645, t_ads: 29.2, t_des: 26.5, bed_util_ads: 0.499, bed_util_des: 0.499, des_th: 0.49889225088615585,frac_lost: 0.101, li_recovered:  8.380, time: 0.004963219000273966
L: 0.50, u_super: 0.00035, sec: 21.015, prod: 0.006621, t_ads: 498.5, t_des: 482.3, bed_util_ads: 0.445, bed_util_des: 0.442, des_th: 0.4424457358943744,frac_lost: 0.101, li_recovered:  6.493, time: 0.004319874999055173
L: 0.50, u_super: 0.00774, sec: 438.912, prod: 0.175551, t_ads: 25.1, t_des: 22.7, bed_util_ads: 0.500, bed_util_des: 0.500, des_th: 0.4998234887129974,frac_lost: 0.101, li_recovered:  8.387, time: 0.0063079930005187634
L: 0.50, u_super: 0.00230, sec: 124.241, prod: 0.051110, t_ads: 83.8, t_des: 74.4, bed_util_ads: 0.496, bed_util_des: 0.495, des_th: 0.49549255516511753,frac_lost: 0.106, li_recovered:  8.084, time: 0.008306237001306727
L: 76.07, u_super: 0.00934 — INFEASIBLE (li_recovered=0.000e+00), time: 0.0013380109994614031
L: 0.50, u_super: 0.00475, sec: 260.502, prod: 0.106899, t_ads: 41.0, t_des: 37.8, bed_util_ads: 0.496, bed_util_des: 0.495, des_th: 0.4954368821322312,frac_lost: 0.106, li_recovered:  8.429, time: 0.0064131159997486975
L: 84.15, u_super: 0.00132 — INFEASIBLE (li_recovered=0.000e+00), time: 0.0015614250005455688
L: 0.50, u_super: 0.00195, sec: 105.828, prod: 0.042895, t_ads: 97.8, t_des: 84.8, bed_util_ads: 0.497, bed_util_des: 0.497, des_th: 0.49692093690515726,frac_lost: 0.100, li_recovered:  7.832, time: 0.005661701999997604
L: 0.50, u_super: 0.00144, sec: 81.433, prod: 0.029963, t_ads: 133.2, t_des: 145.7, bed_util_ads: 0.466, bed_util_des: 0.464, des_th: 0.46361921444603593,frac_lost: 0.105, li_recovered:  8.357, time: 0.00797366499864438
L: 0.50, u_super: 0.00770, sec: 438.022, prod: 0.174081, t_ads: 25.4, t_des: 22.8, bed_util_ads: 0.500, bed_util_des: 0.500, des_th: 0.49994730499595874,frac_lost: 0.108, li_recovered:  8.388, time: 0.0052630069985752925
L: 0.50, u_super: 0.00163, sec: 89.496, prod: 0.035104, t_ads: 117.6, t_des: 98.8, bed_util_ads: 0.500, bed_util_des: 0.500, des_th: 0.4996693305271669,frac_lost: 0.106, li_recovered:  7.596, time: 0.006735146998835262
L: 0.50, u_super: 0.00213, sec: 114.938, prod: 0.047059, t_ads: 89.9, t_des: 78.9, bed_util_ads: 0.497, bed_util_des: 0.497, des_th: 0.49691864974401617,frac_lost: 0.101, li_recovered:  7.942, time: 0.007109950000085519
L: 0.50, u_super: 0.00439, sec: 239.765, prod: 0.098815, t_ads: 44.3, t_des: 40.4, bed_util_ads: 0.497, bed_util_des: 0.497, des_th: 0.4965471523207946,frac_lost: 0.105, li_recovered:  8.371, time: 0.006846307000159868
L: 0.50, u_super: 0.00700, sec: 394.504, prod: 0.158180, t_ads: 27.9, t_des: 25.4, bed_util_ads: 0.499, bed_util_des: 0.499, des_th: 0.4987962594088514,frac_lost: 0.107, li_recovered:  8.438, time: 0.006311406999884639
L: 0.50, u_super: 0.00465, sec: 254.699, prod: 0.104767, t_ads: 41.8, t_des: 38.3, bed_util_ads: 0.496, bed_util_des: 0.495, des_th: 0.4954918839161825,frac_lost: 0.105, li_recovered:  8.390, time: 0.006137442998806364
L: 0.50, u_super: 0.00924, sec: 534.236, prod: 0.209178, t_ads: 21.2, t_des: 19.0, bed_util_ads: 0.500, bed_util_des: 0.500, des_th: 0.4998776869071876,frac_lost: 0.106, li_recovered:  8.399, time: 0.004350147999502951
L: 0.50, u_super: 0.00883, sec: 508.277, prod: 0.199834, t_ads: 22.2, t_des: 20.1, bed_util_ads: 0.500, bed_util_des: 0.500, des_th: 0.4997740633058415,frac_lost: 0.107, li_recovered:  8.439, time: 0.0059928319988102885
L: 0.50, u_super: 0.00253, sec: 2198.912, prod: 0.003488, t_ads: 78.1, t_des: 2451.4, bed_util_ads: 0.142, bed_util_des: 0.130, des_th: 0.1302363232516747,frac_lost: 0.105, li_recovered:  8.823, time: 0.0980273479999596
L: 41.11, u_super: 0.00163 — INFEASIBLE (li_recovered=0.000e+00), time: 0.0009315570005128393
L: 0.58, u_super: 0.00535, sec: 341.693, prod: 0.120526, t_ads: 41.9, t_des: 38.7, bed_util_ads: 0.496, bed_util_des: 0.495, des_th: 0.49540452902250975,frac_lost: 0.106, li_recovered:  9.718, time: 0.006699035000565345
L: 0.50, u_super: 0.00942, sec: 610.706, prod: 0.190813, t_ads: 20.7, t_des: 25.0, bed_util_ads: 0.463, bed_util_des: 0.463, des_th: 0.4630576942522521,frac_lost: 0.103, li_recovered:  8.714, time: 0.008089201000984758
L: 0.50, u_super: 0.00649, sec: 362.496, prod: 0.147060, t_ads: 29.9, t_des: 27.0, bed_util_ads: 0.498, bed_util_des: 0.498, des_th: 0.4978761855149991,frac_lost: 0.101, li_recovered:  8.369, time: 0.007904665999376448
L: 0.50, u_super: 0.00290, sec: 156.494, prod: 0.064930, t_ads: 66.2, t_des: 59.2, bed_util_ads: 0.497, bed_util_des: 0.497, des_th: 0.4969163822046419,frac_lost: 0.100, li_recovered:  8.147, time: 0.006083242000386235
L: 0.50, u_super: 0.00985, sec: 597.321, prod: 0.214268, t_ads: 19.8, t_des: 20.8, bed_util_ads: 0.481, bed_util_des: 0.481, des_th: 0.4807590520662436,frac_lost: 0.103, li_recovered:  8.703, time: 0.006891152001117007
L: 0.50, u_super: 0.00979, sec: 569.926, prod: 0.221867, t_ads: 19.9, t_des: 18.5, bed_util_ads: 0.496, bed_util_des: 0.496, des_th: 0.49556748434688497,frac_lost: 0.104, li_recovered:  8.528, time: 0.008169169999746373
L: 0.50, u_super: 0.00551, sec: 393.120, prod: 0.096491, t_ads: 35.5, t_des: 54.6, bed_util_ads: 0.431, bed_util_des: 0.430, des_th: 0.43023057799279407,frac_lost: 0.106, li_recovered:  8.692, time: 0.00940775900016888
L: 23.67, u_super: 0.00427 — INFEASIBLE (li_recovered=0.000e+00), time: 0.0013134309992892668
L: 0.50, u_super: 0.00364, sec: 197.645, prod: 0.081661, t_ads: 53.4, t_des: 48.3, bed_util_ads: 0.497, bed_util_des: 0.497, des_th: 0.4969531189110668,frac_lost: 0.107, li_recovered:  8.308, time: 0.007708191998972325
L: 10.07, u_super: 0.00578 — INFEASIBLE (li_recovered=0.000e+00), time: 0.0031291459999920335
L: 0.50, u_super: 0.00128, sec: 78.179, prod: 0.024629, t_ads: 149.8, t_des: 189.4, bed_util_ads: 0.445, bed_util_des: 0.442, des_th: 0.4417727776284592,frac_lost: 0.105, li_recovered:  8.355, time: 0.007186812999862013
L: 53.55, u_super: 0.00895 — INFEASIBLE (li_recovered=0.000e+00), time: 0.0014187639990268508
L: 0.50, u_super: 0.00942, sec: 545.683, prod: 0.213550, t_ads: 20.7, t_des: 18.8, bed_util_ads: 0.500, bed_util_des: 0.500, des_th: 0.49968916372907335,frac_lost: 0.105, li_recovered:  8.444, time: 0.005145552000612952
L: 0.50, u_super: 0.00504, sec: 276.623, prod: 0.113804, t_ads: 38.5, t_des: 35.3, bed_util_ads: 0.496, bed_util_des: 0.495, des_th: 0.4954733923442339,frac_lost: 0.101, li_recovered:  8.397, time: 0.006334034000246902
L: 0.50, u_super: 0.00290, sec: 156.166, prod: 0.064793, t_ads: 66.6, t_des: 60.0, bed_util_ads: 0.496, bed_util_des: 0.495, des_th: 0.49540126601135726,frac_lost: 0.103, li_recovered:  8.204, time: 0.005130670000653481
L: 0.50, u_super: 0.00559, sec: 308.840, prod: 0.126447, t_ads: 34.7, t_des: 31.9, bed_util_ads: 0.496, bed_util_des: 0.495, des_th: 0.4954427034630164,frac_lost: 0.101, li_recovered:  8.411, time: 0.005922533000557451
L: 0.50, u_super: 0.00047 — INFEASIBLE (li_recovered=0.000e+00), time: 0.0024401059999945574
L: 0.50, u_super: 0.00065 — INFEASIBLE (li_recovered=0.000e+00), time: 0.0034364559996902244
L: 0.50, u_super: 0.00231, sec: 134.319, prod: 0.047284, t_ads: 83.5, t_des: 96.6, bed_util_ads: 0.463, bed_util_des: 0.461, des_th: 0.46103985840378425,frac_lost: 0.101, li_recovered:  8.518, time: 0.005982701000903035
   501 |    20040 |     40 |  0.0027775815 |             f
L: 0.50, u_super: 0.00700, sec: 394.634, prod: 0.158128, t_ads: 28.0, t_des: 25.4, bed_util_ads: 0.498, bed_util_des: 0.498, des_th: 0.4982526234710818,frac_lost: 0.108, li_recovered:  8.440, time: 0.0054848079998919275
L: 0.50, u_super: 0.00126, sec: 76.961, prod: 0.024427, t_ads: 151.6, t_des: 190.2, bed_util_ads: 0.446, bed_util_des: 0.443, des_th: 0.44291217052808063,frac_lost: 0.105, li_recovered:  8.350, time: 0.006910993000929011
L: 0.50, u_super: 0.00144, sec: 77.633, prod: 0.031416, t_ads: 132.8, t_des: 119.6, bed_util_ads: 0.490, bed_util_des: 0.489, des_th: 0.48918305137456974,frac_lost: 0.105, li_recovered:  7.928, time: 0.004508797001108178
L: 0.50, u_super: 0.00870, sec: 499.657, prod: 0.197062, t_ads: 22.4, t_des: 20.2, bed_util_ads: 0.499, bed_util_des: 0.499, des_th: 0.4992011321354772,frac_lost: 0.105, li_recovered:  8.405, time: 0.0051512689988157945
L: 0.50, u_super: 0.00914, sec: 528.024, prod: 0.206857, t_ads: 21.4, t_des: 19.4, bed_util_ads: 0.500, bed_util_des: 0.500, des_th: 0.4996086050460811,frac_lost: 0.107, li_recovered:  8.449, time: 0.004898336999758612
L: 15.75, u_super: 0.00956 — INFEASIBLE (li_recovered=0.000e+00), time: 0.002382472001045244
L: 0.50, u_super: 0.00799, sec: 454.260, prod: 0.181178, t_ads: 24.3, t_des: 21.9, bed_util_ads: 0.499, bed_util_des: 0.499, des_th: 0.49882384082765097,frac_lost: 0.101, li_recovered:  8.383, time: 0.0057879429987224285
L: 15.08, u_super: 0.00831 — INFEASIBLE (li_recovered=0.000e+00), time: 0.002459958001054474
L: 0.50, u_super: 0.00263, sec: 141.676, prod: 0.058543, t_ads: 73.3, t_des: 65.2, bed_util_ads: 0.497, bed_util_des: 0.496, des_th: 0.49648659696722625,frac_lost: 0.103, li_recovered:  8.111, time: 0.006062037999072345
L: 0.50, u_super: 0.00371, sec: 202.188, prod: 0.083021, t_ads: 52.5, t_des: 46.3, bed_util_ads: 0.500, bed_util_des: 0.500, des_th: 0.49973702562006594,frac_lost: 0.108, li_recovered:  8.206, time: 0.005928090000452357
L: 0.50, u_super: 0.00705, sec: 3498.439, prod: 0.018115, t_ads: 27.8, t_des: 456.9, bed_util_ads: 0.189, bed_util_des: 0.185, des_th: 0.1851696623157332,frac_lost: 0.103, li_recovered:  8.780, time: 0.03934564799965301
L: 0.50, u_super: 0.00190, sec: 103.683, prod: 0.041546, t_ads: 100.3, t_des: 85.7, bed_util_ads: 0.500, bed_util_des: 0.499, des_th: 0.49942132725883337,frac_lost: 0.101, li_recovered:  7.726, time: 0.004782085999977426
L: 0.50, u_super: 0.00895, sec: 582.093, prod: 0.179580, t_ads: 21.8, t_des: 26.7, bed_util_ads: 0.461, bed_util_des: 0.461, des_th: 0.4608703812087209,frac_lost: 0.104, li_recovered:  8.712, time: 0.005554613000640529
L: 0.50, u_super: 0.00959, sec: 557.687, prod: 0.217051, t_ads: 20.4, t_des: 19.0, bed_util_ads: 0.495, bed_util_des: 0.495, des_th: 0.4953557820700263,frac_lost: 0.105, li_recovered:  8.538, time: 0.005472340000778786
L: 0.50, u_super: 0.00604, sec: 335.541, prod: 0.136657, t_ads: 32.1, t_des: 29.7, bed_util_ads: 0.496, bed_util_des: 0.495, des_th: 0.49540452902250975,frac_lost: 0.101, li_recovered:  8.450, time: 0.007664704999115202
L: 0.50, u_super: 0.00357, sec: 193.514, prod: 0.080052, t_ads: 54.5, t_des: 49.8, bed_util_ads: 0.496, bed_util_des: 0.496, des_th: 0.495552007649269,frac_lost: 0.106, li_recovered:  8.344, time: 0.006276938000155496
L: 0.50, u_super: 0.00230, sec: 124.895, prod: 0.050842, t_ads: 83.8, t_des: 72.7, bed_util_ads: 0.499, bed_util_des: 0.499, des_th: 0.498832196317741,frac_lost: 0.106, li_recovered:  7.955, time: 0.005654704998960369
L: 0.50, u_super: 0.00335, sec: 197.532, prod: 0.068814, t_ads: 58.1, t_des: 67.0, bed_util_ads: 0.465, bed_util_des: 0.464, des_th: 0.4644376925760332,frac_lost: 0.106, li_recovered:  8.603, time: 0.0055616560002818005
L: 0.50, u_super: 0.00396, sec: 246.581, prod: 0.077767, t_ads: 48.9, t_des: 62.1, bed_util_ads: 0.454, bed_util_des: 0.453, des_th: 0.4526829392253281,frac_lost: 0.100, li_recovered:  8.631, time: 0.009054785999978776
L: 18.68, u_super: 0.00085 — INFEASIBLE (li_recovered=0.000e+00), time: 0.001356241999019403
L: 0.50, u_super: 0.00708, sec: 399.005, prod: 0.159898, t_ads: 27.6, t_des: 25.1, bed_util_ads: 0.499, bed_util_des: 0.499, des_th: 0.4989072907742778,frac_lost: 0.107, li_recovered:  8.436, time: 0.007616132999828551
L: 0.50, u_super: 0.00543, sec: 300.000, prod: 0.122637, t_ads: 35.7, t_des: 32.0, bed_util_ads: 0.500, bed_util_des: 0.500, des_th: 0.49981585953774843,frac_lost: 0.102, li_recovered:  8.301, time: 0.007101862000126857
L: 0.50, u_super: 0.00084 — INFEASIBLE (li_recovered=0.000e+00), time: 0.003877353999996558
L: 0.50, u_super: 0.00843, sec: 503.221, prod: 0.183223, t_ads: 23.2, t_des: 24.3, bed_util_ads: 0.481, bed_util_des: 0.480, des_th: 0.480420095277871,frac_lost: 0.105, li_recovered:  8.694, time: 0.005813816000227234
L: 0.50, u_super: 0.00064, sec: 181.612, prod: 0.002602, t_ads: 310.8, t_des: 3073.4, bed_util_ads: 0.213, bed_util_des: 0.180, des_th: 0.17981937391019584,frac_lost: 0.102, li_recovered:  8.805, time: 0.02717753199976869
L: 0.50, u_super: 0.00230, sec: 124.241, prod: 0.051110, t_ads: 83.8, t_des: 74.4, bed_util_ads: 0.496, bed_util_des: 0.495, des_th: 0.49549255516511753,frac_lost: 0.106, li_recovered:  8.084, time: 0.005310405000273022
L: 0.50, u_super: 0.00050 — INFEASIBLE (li_recovered=0.000e+00), time: 0.003752619999431772
L: 0.50, u_super: 0.00520, sec: 286.456, prod: 0.117340, t_ads: 37.3, t_des: 33.3, bed_util_ads: 0.500, bed_util_des: 0.500, des_th: 0.49969636953038754,frac_lost: 0.102, li_recovered:  8.286, time: 0.005717879999792785
L: 9.67, u_super: 0.00408 — INFEASIBLE (li_recovered=0.000e+00), time: 0.0026235389996145386
L: 0.50, u_super: 0.00928, sec: 598.067, prod: 0.188573, t_ads: 21.0, t_des: 25.2, bed_util_ads: 0.464, bed_util_des: 0.464, des_th: 0.46361921444603593,frac_lost: 0.103, li_recovered:  8.713, time: 0.00658782299979066
L: 24.48, u_super: 0.00053 — INFEASIBLE (li_recovered=0.000e+00), time: 0.0014825020007265266
L: 0.50, u_super: 0.00983, sec: 574.214, prod: 0.222094, t_ads: 19.9, t_des: 18.7, bed_util_ads: 0.495, bed_util_des: 0.495, des_th: 0.4945209333629065,frac_lost: 0.106, li_recovered:  8.570, time: 0.0070284320008795476
L: 0.50, u_super: 0.00577, sec: 319.272, prod: 0.130486, t_ads: 33.6, t_des: 30.6, bed_util_ads: 0.498, bed_util_des: 0.498, des_th: 0.49820376589706333,frac_lost: 0.101, li_recovered:  8.373, time: 0.006729365000865073
L: 0.50, u_super: 0.00835, sec: 477.874, prod: 0.188912, t_ads: 23.4, t_des: 21.3, bed_util_ads: 0.499, bed_util_des: 0.499, des_th: 0.49866688866139797,frac_lost: 0.107, li_recovered:  8.448, time: 0.007485719999749563
L: 23.44, u_super: 0.00988 — INFEASIBLE (li_recovered=0.000e+00), time: 0.0037158849991101306
L: 0.50, u_super: 0.00117 — INFEASIBLE (li_recovered=0.000e+00), time: 0.0027028830008930527
L: 0.50, u_super: 0.00960, sec: 558.173, prod: 0.217461, t_ads: 20.4, t_des: 18.4, bed_util_ads: 0.500, bed_util_des: 0.499, des_th: 0.49942132725883337,frac_lost: 0.107, li_recovered:  8.445, time: 0.006179676998726791
L: 0.50, u_super: 0.00505, sec: 308.526, prod: 0.102423, t_ads: 38.8, t_des: 45.8, bed_util_ads: 0.464, bed_util_des: 0.464, des_th: 0.4636450086872943,frac_lost: 0.110, li_recovered:  8.668, time: 0.0066292969986534445
L: 0.50, u_super: 0.00193, sec: 104.181, prod: 0.042471, t_ads: 99.1, t_des: 87.0, bed_util_ads: 0.496, bed_util_des: 0.496, des_th: 0.4958500672406287,frac_lost: 0.102, li_recovered:  7.907, time: 0.005647821000820841
L: 0.50, u_super: 0.00067, sec: 37.510, prod: 0.014015, t_ads: 276.5, t_des: 274.9, bed_util_ads: 0.465, bed_util_des: 0.463, des_th: 0.4628441242422525,frac_lost: 0.105, li_recovered:  7.727, time: 0.0069000929997855565
   502 |    20080 |     40 |  0.0021199910 |             f
L: 11.84, u_super: 0.00665 — INFEASIBLE (li_recovered=0.000e+00), time: 0.001986215000215452
L: 0.50, u_super: 0.00987, sec: 583.712, prod: 0.220209, t_ads: 19.8, t_des: 19.5, bed_util_ads: 0.489, bed_util_des: 0.489, des_th: 0.48918305137456974,frac_lost: 0.105, li_recovered:  8.662, time: 0.005947340998318396
L: 0.50, u_super: 0.00194, sec: 105.009, prod: 0.042801, t_ads: 98.3, t_des: 86.2, bed_util_ads: 0.497, bed_util_des: 0.496, des_th: 0.49652198237529666,frac_lost: 0.101, li_recovered:  7.898, time: 0.0057443759997113375
L: 0.50, u_super: 0.00945, sec: 548.550, prod: 0.213753, t_ads: 20.7, t_des: 19.2, bed_util_ads: 0.497, bed_util_des: 0.497, des_th: 0.49658716339013687,frac_lost: 0.106, li_recovered:  8.533, time: 0.005939627000770997
L: 0.50, u_super: 0.00676, sec: 378.636, prod: 0.153190, t_ads: 28.7, t_des: 26.0, bed_util_ads: 0.499, bed_util_des: 0.499, des_th: 0.49889225088615585,frac_lost: 0.101, li_recovered:  8.382, time: 0.007626790998983779
L: 0.50, u_super: 0.00753, sec: 426.005, prod: 0.170831, t_ads: 25.8, t_des: 23.6, bed_util_ads: 0.497, bed_util_des: 0.497, des_th: 0.49691864974401617,frac_lost: 0.102, li_recovered:  8.435, time: 0.008378374999665539
L: 0.50, u_super: 0.00803, sec: 457.847, prod: 0.181787, t_ads: 24.3, t_des: 22.4, bed_util_ads: 0.497, bed_util_des: 0.497, des_th: 0.49653913339060796,frac_lost: 0.105, li_recovered:  8.487, time: 0.006867838999824016
L: 0.50, u_super: 0.00742, sec: 420.311, prod: 0.167610, t_ads: 26.4, t_des: 23.9, bed_util_ads: 0.499, bed_util_des: 0.499, des_th: 0.49889225088615585,frac_lost: 0.108, li_recovered:  8.428, time: 0.006447407000450767
L: 0.50, u_super: 0.00005, sec: 4.486, prod: 0.000645, t_ads: 3011.8, t_des: 4533.5, bed_util_ads: 0.256, bed_util_des: 0.209, des_th: 0.20924977282542476,frac_lost: 0.101, li_recovered:  4.869, time: 0.006537536000905675
L: 0.50, u_super: 0.00430, sec: 236.195, prod: 0.096361, t_ads: 45.1, t_des: 43.3, bed_util_ads: 0.490, bed_util_des: 0.489, des_th: 0.48949257462897844,frac_lost: 0.104, li_recovered:  8.519, time: 0.008537600000636303
L: 0.50, u_super: 0.00737, sec: 416.960, prod: 0.166684, t_ads: 26.5, t_des: 24.1, bed_util_ads: 0.499, bed_util_des: 0.499, des_th: 0.49889225088615585,frac_lost: 0.106, li_recovered:  8.432, time: 0.00758879800014256
L: 0.50, u_super: 0.00983, sec: 573.454, prod: 0.222388, t_ads: 19.8, t_des: 18.7, bed_util_ads: 0.495, bed_util_des: 0.495, des_th: 0.49452033608474266,frac_lost: 0.103, li_recovered:  8.571, time: 0.007141862000935362
L: 0.50, u_super: 0.00075 — INFEASIBLE (li_recovered=0.000e+00), time: 0.004828683000596357
L: 0.50, u_super: 0.00502, sec: 276.224, prod: 0.113362, t_ads: 38.7, t_des: 35.3, bed_util_ads: 0.496, bed_util_des: 0.496, des_th: 0.49583206850083494,frac_lost: 0.104, li_recovered:  8.391, time: 0.004981079000572208
L: 0.50, u_super: 0.00979, sec: 569.854, prod: 0.222105, t_ads: 19.9, t_des: 18.1, bed_util_ads: 0.500, bed_util_des: 0.499, des_th: 0.49942132725883337,frac_lost: 0.105, li_recovered:  8.446, time: 0.0051012609983445145
L: 45.05, u_super: 0.00641 — INFEASIBLE (li_recovered=0.000e+00), time: 0.001559739001095295
L: 0.50, u_super: 0.00942, sec: 545.744, prod: 0.213526, t_ads: 20.7, t_des: 18.8, bed_util_ads: 0.499, bed_util_des: 0.499, des_th: 0.49928504975215926,frac_lost: 0.105, li_recovered:  8.437, time: 0.005376369001169223
L: 0.50, u_super: 0.00163, sec: 88.486, prod: 0.035504, t_ads: 117.3, t_des: 101.7, bed_util_ads: 0.497, bed_util_des: 0.496, des_th: 0.49652198237529666,frac_lost: 0.104, li_recovered:  7.778, time: 0.005797945999802323
L: 0.50, u_super: 0.00870, sec: 499.657, prod: 0.197062, t_ads: 22.4, t_des: 20.2, bed_util_ads: 0.499, bed_util_des: 0.499, des_th: 0.4992011321354772,frac_lost: 0.105, li_recovered:  8.405, time: 0.006612426999708987
L: 0.50, u_super: 0.00388, sec: 211.567, prod: 0.086971, t_ads: 50.1, t_des: 44.3, bed_util_ads: 0.500, bed_util_des: 0.499, des_th: 0.49942132725883337,frac_lost: 0.106, li_recovered:  8.206, time: 0.0070058849996712524
L: 0.50, u_super: 0.00073, sec: 203.665, prod: 0.003052, t_ads: 270.7, t_des: 2609.2, bed_util_ads: 0.217, bed_util_des: 0.188, des_th: 0.18789080065954833,frac_lost: 0.102, li_recovered:  8.790, time: 0.03171051500066824
L: 0.50, u_super: 0.00365, sec: 197.914, prod: 0.081752, t_ads: 53.3, t_des: 47.8, bed_util_ads: 0.498, bed_util_des: 0.498, des_th: 0.4981562239156882,frac_lost: 0.106, li_recovered:  8.264, time: 0.008909431000574841
L: 46.95, u_super: 0.00039 — INFEASIBLE (li_recovered=0.000e+00), time: 0.0018628860016178805
L: 0.50, u_super: 0.00760, sec: 431.336, prod: 0.171659, t_ads: 25.8, t_des: 23.1, bed_util_ads: 0.500, bed_util_des: 0.500, des_th: 0.4995937164256211,frac_lost: 0.108, li_recovered:  8.392, time: 0.007242442999995546
L: 0.50, u_super: 0.00467, sec: 256.568, prod: 0.105003, t_ads: 41.7, t_des: 37.1, bed_util_ads: 0.500, bed_util_des: 0.500, des_th: 0.49999056243119305,frac_lost: 0.107, li_recovered:  8.282, time: 0.006183743000292452
L: 2.22, u_super: 0.00475, sec: 1245.005, prod: 0.099096, t_ads: 175.3, t_des: 144.9, bed_util_ads: 0.495, bed_util_des: 0.495, des_th: 0.4954368821322312,frac_lost: 0.102, li_recovered:  31.735, time: 0.0064218830011668615
L: 0.50, u_super: 0.00144, sec: 77.639, prod: 0.031414, t_ads: 132.9, t_des: 119.7, bed_util_ads: 0.490, bed_util_des: 0.489, des_th: 0.48918305137456974,frac_lost: 0.106, li_recovered:  7.937, time: 0.0072543360001873225
L: 0.50, u_super: 0.00230, sec: 146.394, prod: 0.043376, t_ads: 83.8, t_des: 113.2, bed_util_ads: 0.443, bed_util_des: 0.441, des_th: 0.4408716206047245,frac_lost: 0.103, li_recovered:  8.547, time: 0.007793819000653457
L: 0.50, u_super: 0.00765, sec: 433.136, prod: 0.173547, t_ads: 25.4, t_des: 22.9, bed_util_ads: 0.499, bed_util_des: 0.499, des_th: 0.49923463630193515,frac_lost: 0.100, li_recovered:  8.377, time: 0.007221677999041276
L: 0.50, u_super: 0.00895, sec: 515.687, prod: 0.202705, t_ads: 21.8, t_des: 19.8, bed_util_ads: 0.499, bed_util_des: 0.499, des_th: 0.4992161720235991,frac_lost: 0.106, li_recovered:  8.448, time: 0.008331605000421405
L: 0.50, u_super: 0.00290, sec: 156.450, prod: 0.064940, t_ads: 66.4, t_des: 59.8, bed_util_ads: 0.496, bed_util_des: 0.495, des_th: 0.4954931524432814,frac_lost: 0.102, li_recovered:  8.193, time: 0.006463356001404463
L: 0.50, u_super: 0.00881, sec: 533.111, prod: 0.189763, t_ads: 22.2, t_des: 23.7, bed_util_ads: 0.479, bed_util_des: 0.478, des_th: 0.47836759468631007,frac_lost: 0.105, li_recovered:  8.703, time: 0.007795356999849901
L: 0.50, u_super: 0.00119, sec: 72.027, prod: 0.023023, t_ads: 160.9, t_des: 200.4, bed_util_ads: 0.446, bed_util_des: 0.443, des_th: 0.44290581851992783,frac_lost: 0.104, li_recovered:  8.319, time: 0.009930232999977306
L: 0.50, u_super: 0.00034, sec: 20.602, prod: 0.006448, t_ads: 507.9, t_des: 493.7, bed_util_ads: 0.444, bed_util_des: 0.442, des_th: 0.44197811941948917,frac_lost: 0.101, li_recovered:  6.459, time: 0.007644015000551008
L: 0.50, u_super: 0.00366, sec: 198.589, prod: 0.081928, t_ads: 53.3, t_des: 48.7, bed_util_ads: 0.496, bed_util_des: 0.495, des_th: 0.49544766690397823,frac_lost: 0.108, li_recovered:  8.359, time: 0.0091116809999221
L: 0.50, u_super: 0.00439, sec: 239.765, prod: 0.098815, t_ads: 44.3, t_des: 40.4, bed_util_ads: 0.497, bed_util_des: 0.497, des_th: 0.4965471523207946,frac_lost: 0.105, li_recovered:  8.371, time: 0.008158521999575896
L: 0.50, u_super: 0.00005, sec: 4.332, prod: 0.000668, t_ads: 3399.4, t_des: 5772.9, bed_util_ads: 0.251, bed_util_des: 0.185, des_th: 0.1851696623157332,frac_lost: 0.100, li_recovered:  6.129, time: 0.009725448999233777
L: 0.50, u_super: 0.00475, sec: 260.670, prod: 0.106791, t_ads: 41.0, t_des: 36.6, bed_util_ads: 0.499, bed_util_des: 0.499, des_th: 0.49889225088615585,frac_lost: 0.106, li_recovered:  8.287, time: 0.0054460820010717725
L: 6.30, u_super: 0.00434 — INFEASIBLE (li_recovered=0.000e+00), time: 0.003651688999525504
L: 0.50, u_super: 0.00657, sec: 367.514, prod: 0.148836, t_ads: 29.5, t_des: 27.3, bed_util_ads: 0.496, bed_util_des: 0.495, des_th: 0.4954368821322312,frac_lost: 0.101, li_recovered:  8.460, time: 0.008851290000166046
   503 |    20120 |     40 |  0.0040043092 |             f
L: 0.50, u_super: 0.00845, sec: 495.099, prod: 0.187234, t_ads: 23.1, t_des: 23.2, bed_util_ads: 0.486, bed_util_des: 0.486, des_th: 0.4861176819645522,frac_lost: 0.104, li_recovered:  8.671, time: 0.007535528999142116
L: 0.50, u_super: 0.00230, sec: 124.880, prod: 0.050849, t_ads: 83.7, t_des: 72.6, bed_util_ads: 0.500, bed_util_des: 0.499, des_th: 0.4995428829044414,frac_lost: 0.105, li_recovered:  7.946, time: 0.0066597410004760604
L: 17.41, u_super: 0.00676 — INFEASIBLE (li_recovered=0.000e+00), time: 0.002722341998378397
L: 0.50, u_super: 0.00990, sec: 576.804, prod: 0.224507, t_ads: 19.7, t_des: 17.9, bed_util_ads: 0.500, bed_util_des: 0.499, des_th: 0.49942132725883337,frac_lost: 0.105, li_recovered:  8.447, time: 0.007205198000519886
L: 20.03, u_super: 0.00085 — INFEASIBLE (li_recovered=0.000e+00), time: 0.0028162039998278487
L: 0.50, u_super: 0.00215, sec: 116.871, prod: 0.047168, t_ads: 89.9, t_des: 77.1, bed_util_ads: 0.500, bed_util_des: 0.499, des_th: 0.4993107082954901,frac_lost: 0.108, li_recovered:  7.877, time: 0.009364139999888721
L: 0.50, u_super: 0.00609, sec: 338.939, prod: 0.137682, t_ads: 31.8, t_des: 28.4, bed_util_ads: 0.500, bed_util_des: 0.500, des_th: 0.49981585953774843,frac_lost: 0.101, li_recovered:  8.297, time: 0.010496131000763853
L: 0.50, u_super: 0.00163, sec: 88.859, prod: 0.035355, t_ads: 117.3, t_des: 100.5, bed_util_ads: 0.497, bed_util_des: 0.497, des_th: 0.49714171925784884,frac_lost: 0.104, li_recovered:  7.699, time: 0.007720984000116005
L: 34.30, u_super: 0.00194 — INFEASIBLE (li_recovered=0.000e+00), time: 0.001222418000907055
L: 0.50, u_super: 0.00135, sec: 73.037, prod: 0.029515, t_ads: 141.4, t_des: 133.3, bed_util_ads: 0.484, bed_util_des: 0.483, des_th: 0.48317028689907354,frac_lost: 0.107, li_recovered:  8.108, time: 0.0060039089985366445
L: 0.50, u_super: 0.00062, sec: 34.673, prod: 0.012848, t_ads: 298.3, t_des: 291.1, bed_util_ads: 0.466, bed_util_des: 0.463, des_th: 0.46353046656936137,frac_lost: 0.105, li_recovered:  7.574, time: 0.007553897999969195
L: 0.50, u_super: 0.00073, sec: 40.631, prod: 0.015458, t_ads: 253.8, t_des: 240.6, bed_util_ads: 0.472, bed_util_des: 0.470, des_th: 0.47050379069346376,frac_lost: 0.105, li_recovered:  7.642, time: 0.005960256001344533
L: 0.50, u_super: 0.00064 — INFEASIBLE (li_recovered=0.000e+00), time: 0.002731128999585053
L: 0.50, u_super: 0.00520, sec: 286.272, prod: 0.117416, t_ads: 37.3, t_des: 34.2, bed_util_ads: 0.497, bed_util_des: 0.496, des_th: 0.4964865694523212,frac_lost: 0.103, li_recovered:  8.406, time: 0.004755167999974219
L: 0.50, u_super: 0.00839, sec: 480.950, prod: 0.189523, t_ads: 23.3, t_des: 21.7, bed_util_ads: 0.497, bed_util_des: 0.497, des_th: 0.4965703343336697,frac_lost: 0.107, li_recovered:  8.529, time: 0.004920039000353427
L: 0.50, u_super: 0.00613, sec: 349.053, prod: 0.135515, t_ads: 31.7, t_des: 32.1, bed_util_ads: 0.484, bed_util_des: 0.483, des_th: 0.48345438957787984,frac_lost: 0.102, li_recovered:  8.640, time: 0.005306840999764972
L: 0.50, u_super: 0.00123, sec: 75.333, prod: 0.023513, t_ads: 155.4, t_des: 199.2, bed_util_ads: 0.444, bed_util_des: 0.440, des_th: 0.4401777024588277,frac_lost: 0.102, li_recovered:  8.338, time: 0.005331612001100439
L: 0.50, u_super: 0.00412, sec: 225.115, prod: 0.092487, t_ads: 47.1, t_des: 41.7, bed_util_ads: 0.500, bed_util_des: 0.500, des_th: 0.4995937164256211,frac_lost: 0.105, li_recovered:  8.213, time: 0.0055520830010209465
L: 14.56, u_super: 0.00333 — INFEASIBLE (li_recovered=0.000e+00), time: 0.0012266469984751893
L: 0.50, u_super: 0.00073, sec: 40.716, prod: 0.015489, t_ads: 252.8, t_des: 248.7, bed_util_ads: 0.469, bed_util_des: 0.467, des_th: 0.466952179000927,frac_lost: 0.103, li_recovered:  7.768, time: 0.00500674000068102
L: 0.50, u_super: 0.00891, sec: 513.280, prod: 0.201711, t_ads: 22.0, t_des: 19.9, bed_util_ads: 0.499, bed_util_des: 0.499, des_th: 0.4992161720235991,frac_lost: 0.106, li_recovered:  8.442, time: 0.005758323999543791
L: 0.50, u_super: 0.00263, sec: 141.822, prod: 0.058483, t_ads: 73.5, t_des: 65.3, bed_util_ads: 0.497, bed_util_des: 0.496, des_th: 0.49648715026315926,frac_lost: 0.105, li_recovered:  8.118, time: 0.004846394000196597
L: 0.50, u_super: 0.00039, sec: 23.098, prod: 0.007726, t_ads: 453.5, t_des: 458.7, bed_util_ads: 0.446, bed_util_des: 0.442, des_th: 0.44197811941948917,frac_lost: 0.104, li_recovered:  7.047, time: 0.005285626999466331
L: 39.04, u_super: 0.00005 — INFEASIBLE (li_recovered=0.000e+00), time: 0.0009689709986560047
L: 67.52, u_super: 0.00840 — INFEASIBLE (li_recovered=0.000e+00), time: 0.0013940749995526858
L: 0.50, u_super: 0.00432, sec: 237.935, prod: 0.096483, t_ads: 45.0, t_des: 43.5, bed_util_ads: 0.490, bed_util_des: 0.489, des_th: 0.48927177201891037,frac_lost: 0.105, li_recovered:  8.542, time: 0.004838291999476496
L: 26.04, u_super: 0.00920 — INFEASIBLE (li_recovered=0.000e+00), time: 0.002228199999080971
L: 24.72, u_super: 0.00593 — INFEASIBLE (li_recovered=0.000e+00), time: 0.0017999800002144184
L: 0.50, u_super: 0.00163, sec: 89.403, prod: 0.035140, t_ads: 117.5, t_des: 99.0, bed_util_ads: 0.500, bed_util_des: 0.500, des_th: 0.4998425289833442,frac_lost: 0.106, li_recovered:  7.610, time: 0.007785448999129585
L: 0.50, u_super: 0.00247, sec: 133.677, prod: 0.054579, t_ads: 78.1, t_des: 67.9, bed_util_ads: 0.499, bed_util_des: 0.499, des_th: 0.49868749869250817,frac_lost: 0.104, li_recovered:  7.969, time: 0.006703031000142801
L: 0.50, u_super: 0.00377, sec: 204.965, prod: 0.084355, t_ads: 51.6, t_des: 45.7, bed_util_ads: 0.499, bed_util_des: 0.499, des_th: 0.49879475965391906,frac_lost: 0.105, li_recovered:  8.202, time: 0.00875468300000648
L: 0.50, u_super: 0.00547, sec: 311.982, prod: 0.119522, t_ads: 35.5, t_des: 36.8, bed_util_ads: 0.481, bed_util_des: 0.480, des_th: 0.48050112873087764,frac_lost: 0.102, li_recovered:  8.643, time: 0.0063468420012213755
L: 0.50, u_super: 0.00982, sec: 588.019, prod: 0.216596, t_ads: 19.9, t_des: 20.2, bed_util_ads: 0.485, bed_util_des: 0.485, des_th: 0.484517157927877,frac_lost: 0.106, li_recovered:  8.691, time: 0.0074892339998768875
L: 14.34, u_super: 0.00290 — INFEASIBLE (li_recovered=0.000e+00), time: 0.0014990109993959777
L: 0.50, u_super: 0.00899, sec: 518.917, prod: 0.203467, t_ads: 21.8, t_des: 19.7, bed_util_ads: 0.500, bed_util_des: 0.500, des_th: 0.49985260143405313,frac_lost: 0.108, li_recovered:  8.451, time: 0.0065205810005863896
L: 0.50, u_super: 0.00046, sec: 109.705, prod: 0.002226, t_ads: 432.6, t_des: 3515.3, bed_util_ads: 0.223, bed_util_des: 0.182, des_th: 0.18185601019975217,frac_lost: 0.102, li_recovered:  8.790, time: 0.0334913200003939
L: 0.50, u_super: 0.00517, sec: 285.021, prod: 0.116622, t_ads: 37.5, t_des: 33.5, bed_util_ads: 0.500, bed_util_des: 0.499, des_th: 0.49941769587987817,frac_lost: 0.103, li_recovered:  8.287, time: 0.007652103000509669
L: 0.50, u_super: 0.00388, sec: 211.120, prod: 0.087155, t_ads: 50.1, t_des: 45.9, bed_util_ads: 0.495, bed_util_des: 0.495, des_th: 0.4949330538060523,frac_lost: 0.106, li_recovered:  8.371, time: 0.0065160089998244075
L: 0.50, u_super: 0.00551, sec: 304.302, prod: 0.124497, t_ads: 35.1, t_des: 31.5, bed_util_ads: 0.499, bed_util_des: 0.499, des_th: 0.4993031850697843,frac_lost: 0.100, li_recovered:  8.295, time: 0.006620154999836814
L: 0.50, u_super: 0.00005 — INFEASIBLE (li_recovered=0.000e+00), time: 0.0019361319991730852
   504 |    20160 |     40 |  0.0026507728 |             f
L: 0.50, u_super: 0.00681, sec: 382.806, prod: 0.153751, t_ads: 28.7, t_des: 25.8, bed_util_ads: 0.500, bed_util_des: 0.500, des_th: 0.49994170575379127,frac_lost: 0.107, li_recovered:  8.384, time: 0.006542959999933373
L: 0.50, u_super: 0.00591, sec: 327.821, prod: 0.133623, t_ads: 32.8, t_des: 29.4, bed_util_ads: 0.499, bed_util_des: 0.499, des_th: 0.4993507070214633,frac_lost: 0.100, li_recovered:  8.306, time: 0.00656943000103638
L: 0.50, u_super: 0.00555, sec: 307.247, prod: 0.125284, t_ads: 34.9, t_des: 31.0, bed_util_ads: 0.500, bed_util_des: 0.500, des_th: 0.4998884636818407,frac_lost: 0.101, li_recovered:  8.257, time: 0.006475469999713823
L: 0.50, u_super: 0.00858, sec: 492.963, prod: 0.194213, t_ads: 22.8, t_des: 20.6, bed_util_ads: 0.499, bed_util_des: 0.499, des_th: 0.49877123633758236,frac_lost: 0.107, li_recovered:  8.438, time: 0.005531798999072635
L: 0.50, u_super: 0.00729, sec: 411.795, prod: 0.164781, t_ads: 26.8, t_des: 24.4, bed_util_ads: 0.499, bed_util_des: 0.499, des_th: 0.49889225088615585,frac_lost: 0.106, li_recovered:  8.434, time: 0.005559180001000641
L: 0.50, u_super: 0.00333, sec: 180.679, prod: 0.074542, t_ads: 57.8, t_des: 50.9, bed_util_ads: 0.499, bed_util_des: 0.499, des_th: 0.49923206126944447,frac_lost: 0.101, li_recovered:  8.108, time: 0.005826925998917432
L: 0.50, u_super: 0.00909, sec: 526.606, prod: 0.205401, t_ads: 21.5, t_des: 20.1, bed_util_ads: 0.496, bed_util_des: 0.495, des_th: 0.49543914316236914,frac_lost: 0.107, li_recovered:  8.559, time: 0.007933939999929862
L: 0.50, u_super: 0.00263, sec: 141.623, prod: 0.058565, t_ads: 73.3, t_des: 65.3, bed_util_ads: 0.497, bed_util_des: 0.496, des_th: 0.49648659696722625,frac_lost: 0.103, li_recovered:  8.117, time: 0.007297812999240705
L: 0.50, u_super: 0.00793, sec: 452.264, prod: 0.178965, t_ads: 24.7, t_des: 22.9, bed_util_ads: 0.496, bed_util_des: 0.496, des_th: 0.49599656305348677,frac_lost: 0.108, li_recovered:  8.523, time: 0.007721287998720072
L: 0.50, u_super: 0.00194, sec: 104.225, prod: 0.043123, t_ads: 98.4, t_des: 90.5, bed_util_ads: 0.490, bed_util_des: 0.490, des_th: 0.4897999586999088,frac_lost: 0.101, li_recovered:  8.145, time: 0.00696609599981457
L: 0.50, u_super: 0.00083 — INFEASIBLE (li_recovered=0.000e+00), time: 0.004048364999107434
L: 0.50, u_super: 0.00870, sec: 500.325, prod: 0.196799, t_ads: 22.5, t_des: 20.4, bed_util_ads: 0.499, bed_util_des: 0.499, des_th: 0.4990582190201227,frac_lost: 0.108, li_recovered:  8.446, time: 0.004715937000582926
L: 0.50, u_super: 0.00740, sec: 419.090, prod: 0.167099, t_ads: 26.5, t_des: 24.0, bed_util_ads: 0.499, bed_util_des: 0.499, des_th: 0.49889131839197703,frac_lost: 0.109, li_recovered:  8.436, time: 0.005121688000144786
L: 0.50, u_super: 0.00495, sec: 271.891, prod: 0.111587, t_ads: 39.3, t_des: 36.3, bed_util_ads: 0.496, bed_util_des: 0.495, des_th: 0.4954733923442339,frac_lost: 0.104, li_recovered:  8.434, time: 0.0046112519994494505
L: 0.50, u_super: 0.00883, sec: 508.230, prod: 0.199781, t_ads: 22.2, t_des: 19.8, bed_util_ads: 0.500, bed_util_des: 0.500, des_th: 0.4998776869071876,frac_lost: 0.106, li_recovered:  8.392, time: 0.004971909000232699
L: 0.50, u_super: 0.00194, sec: 105.379, prod: 0.042651, t_ads: 98.3, t_des: 85.2, bed_util_ads: 0.497, bed_util_des: 0.497, des_th: 0.4969293541032348,frac_lost: 0.101, li_recovered:  7.827, time: 0.004494302000239259
L: 0.50, u_super: 0.00302, sec: 162.881, prod: 0.067632, t_ads: 63.9, t_des: 57.6, bed_util_ads: 0.496, bed_util_des: 0.495, des_th: 0.49544766690397823,frac_lost: 0.102, li_recovered:  8.215, time: 0.00416790800045419
L: 32.19, u_super: 0.00990, sec: 80245.393, prod: 0.103877, t_ads: 1250.2, t_des: 3796.9, bed_util_ads: 0.271, bed_util_des: 0.210, des_th: 0.20983422508939403,frac_lost: 0.102, li_recovered:  524.274, time: 0.01091834599901631
L: 0.50, u_super: 0.00334, sec: 180.115, prod: 0.074979, t_ads: 57.7, t_des: 52.6, bed_util_ads: 0.496, bed_util_des: 0.495, des_th: 0.495488889000622,frac_lost: 0.100, li_recovered:  8.276, time: 0.006355928999255411
L: 0.50, u_super: 0.00959, sec: 643.934, prod: 0.188051, t_ads: 20.4, t_des: 26.0, bed_util_ads: 0.456, bed_util_des: 0.456, des_th: 0.45589103671557324,frac_lost: 0.106, li_recovered:  8.721, time: 0.006339920999380411
L: 0.50, u_super: 0.00589, sec: 327.252, prod: 0.133045, t_ads: 33.0, t_des: 30.6, bed_util_ads: 0.496, bed_util_des: 0.495, des_th: 0.49549630598792904,frac_lost: 0.104, li_recovered:  8.465, time: 0.007216035999590531
L: 0.50, u_super: 0.00139, sec: 85.471, prod: 0.026634, t_ads: 137.6, t_des: 177.3, bed_util_ads: 0.444, bed_util_des: 0.441, des_th: 0.4412007712243316,frac_lost: 0.102, li_recovered:  8.387, time: 0.007502087000830215
L: 0.50, u_super: 0.00709, sec: 400.045, prod: 0.160175, t_ads: 27.6, t_des: 25.1, bed_util_ads: 0.499, bed_util_des: 0.499, des_th: 0.4987365643467265,frac_lost: 0.108, li_recovered:  8.439, time: 0.005278332000671071
L: 0.50, u_super: 0.00586, sec: 324.891, prod: 0.132424, t_ads: 33.2, t_des: 30.0, bed_util_ads: 0.499, bed_util_des: 0.499, des_th: 0.49889225088615585,frac_lost: 0.102, li_recovered:  8.363, time: 0.006631248999838135
L: 0.50, u_super: 0.00012, sec: 14.819, prod: 0.001197, t_ads: 1587.1, t_des: 5408.9, bed_util_ads: 0.251, bed_util_des: 0.175, des_th: 0.17545858028912367,frac_lost: 0.102, li_recovered:  8.374, time: 0.012327829001151258
L: 0.50, u_super: 0.00990, sec: 577.632, prod: 0.224180, t_ads: 19.7, t_des: 18.4, bed_util_ads: 0.496, bed_util_des: 0.496, des_th: 0.4956359882140489,frac_lost: 0.104, li_recovered:  8.545, time: 0.007941992000269238
L: 0.50, u_super: 0.00765, sec: 451.273, prod: 0.166573, t_ads: 25.4, t_des: 26.7, bed_util_ads: 0.480, bed_util_des: 0.480, des_th: 0.4800783543045414,frac_lost: 0.101, li_recovered:  8.682, time: 0.006797607000407879
L: 0.50, u_super: 0.00386, sec: 209.887, prod: 0.086558, t_ads: 50.4, t_des: 45.2, bed_util_ads: 0.498, bed_util_des: 0.498, des_th: 0.49768347844547245,frac_lost: 0.106, li_recovered:  8.273, time: 0.00547513300080027
L: 0.50, u_super: 0.00561, sec: 310.329, prod: 0.126793, t_ads: 34.5, t_des: 31.0, bed_util_ads: 0.500, bed_util_des: 0.500, des_th: 0.49981585953774843,frac_lost: 0.101, li_recovered:  8.304, time: 0.005224147998887929
L: 0.50, u_super: 0.00359, sec: 212.667, prod: 0.073781, t_ads: 54.3, t_des: 62.5, bed_util_ads: 0.466, bed_util_des: 0.465, des_th: 0.4652031693732029,frac_lost: 0.107, li_recovered:  8.617, time: 0.006966007000301033
L: 0.50, u_super: 0.00263, sec: 141.615, prod: 0.058568, t_ads: 73.4, t_des: 65.4, bed_util_ads: 0.497, bed_util_des: 0.497, des_th: 0.496629487009976,frac_lost: 0.103, li_recovered:  8.129, time: 0.006956549999813433
L: 0.50, u_super: 0.00709, sec: 400.193, prod: 0.160115, t_ads: 27.6, t_des: 25.0, bed_util_ads: 0.500, bed_util_des: 0.499, des_th: 0.49937882937083905,frac_lost: 0.109, li_recovered:  8.436, time: 0.007653522001419333
L: 0.50, u_super: 0.00467, sec: 256.568, prod: 0.105003, t_ads: 41.7, t_des: 37.1, bed_util_ads: 0.500, bed_util_des: 0.500, des_th: 0.49999056243119305,frac_lost: 0.107, li_recovered:  8.282, time: 0.006515807001051144
L: 0.50, u_super: 0.00662, sec: 371.901, prod: 0.149353, t_ads: 29.6, t_des: 26.8, bed_util_ads: 0.499, bed_util_des: 0.499, des_th: 0.49889225088615585,frac_lost: 0.110, li_recovered:  8.428, time: 0.0061813180000172
L: 0.50, u_super: 0.00542, sec: 299.427, prod: 0.122260, t_ads: 35.9, t_des: 32.1, bed_util_ads: 0.500, bed_util_des: 0.500, des_th: 0.499830748160427,frac_lost: 0.103, li_recovered:  8.307, time: 0.006427979998989031
L: 0.50, u_super: 0.00033 — INFEASIBLE (li_recovered=0.000e+00), time: 0.00254761900032463
L: 0.50, u_super: 0.00757, sec: 429.474, prod: 0.171104, t_ads: 25.8, t_des: 23.2, bed_util_ads: 0.500, bed_util_des: 0.500, des_th: 0.4995936738248412,frac_lost: 0.107, li_recovered:  8.387, time: 0.00626844200087362
L: 0.50, u_super: 0.00609, sec: 356.722, prod: 0.130819, t_ads: 31.9, t_des: 34.4, bed_util_ads: 0.476, bed_util_des: 0.476, des_th: 0.4758423054624782,frac_lost: 0.101, li_recovered:  8.667, time: 0.009275860000343528
L: 0.50, u_super: 0.00148, sec: 81.130, prod: 0.032074, t_ads: 128.8, t_des: 110.3, bed_util_ads: 0.497, bed_util_des: 0.496, des_th: 0.49652198237529666,frac_lost: 0.106, li_recovered:  7.667, time: 0.005086736000521341
L: 0.50, u_super: 0.00625, sec: 348.330, prod: 0.141346, t_ads: 31.1, t_des: 27.8, bed_util_ads: 0.500, bed_util_des: 0.500, des_th: 0.4995937164256211,frac_lost: 0.101, li_recovered:  8.323, time: 0.006867964000775828
   505 |    20200 |     40 |  0.0034443794 |             f
L: 0.50, u_super: 0.00263, sec: 141.582, prod: 0.058582, t_ads: 73.2, t_des: 65.2, bed_util_ads: 0.497, bed_util_des: 0.497, des_th: 0.4966916667839478,frac_lost: 0.102, li_recovered:  8.109, time: 0.007840184998713084
L: 0.50, u_super: 0.00302, sec: 163.025, prod: 0.067573, t_ads: 64.0, t_des: 57.4, bed_util_ads: 0.496, bed_util_des: 0.496, des_th: 0.4956967212059781,frac_lost: 0.103, li_recovered:  8.203, time: 0.005813114999909885
L: 0.50, u_super: 0.00408, sec: 222.239, prod: 0.091690, t_ads: 47.7, t_des: 43.7, bed_util_ads: 0.496, bed_util_des: 0.495, des_th: 0.495488889000622,frac_lost: 0.106, li_recovered:  8.375, time: 0.008687597999596619
L: 0.50, u_super: 0.00390, sec: 212.120, prod: 0.087683, t_ads: 49.8, t_des: 45.6, bed_util_ads: 0.495, bed_util_des: 0.495, des_th: 0.49493332772404486,frac_lost: 0.105, li_recovered:  8.359, time: 0.00822396200055664
L: 0.50, u_super: 0.00163, sec: 88.604, prod: 0.035457, t_ads: 117.4, t_des: 101.4, bed_util_ads: 0.497, bed_util_des: 0.496, des_th: 0.49652198237529666,frac_lost: 0.104, li_recovered:  7.758, time: 0.007036356000753585
L: 23.41, u_super: 0.00073 — INFEASIBLE (li_recovered=0.000e+00), time: 0.0016700350006431108
L: 12.67, u_super: 0.00960 — INFEASIBLE (li_recovered=0.000e+00), time: 0.003729295000084676
L: 0.50, u_super: 0.00924, sec: 7455.285, prod: 0.014989, t_ads: 21.3, t_des: 564.9, bed_util_ads: 0.156, bed_util_des: 0.152, des_th: 0.15229388357275778,frac_lost: 0.104, li_recovered:  8.786, time: 0.0949344469991047
L: 0.50, u_super: 0.00436, sec: 238.121, prod: 0.098319, t_ads: 44.4, t_des: 40.8, bed_util_ads: 0.496, bed_util_des: 0.495, des_th: 0.49550067263726716,frac_lost: 0.103, li_recovered:  8.381, time: 0.008348346000275342
L: 0.50, u_super: 0.00112, sec: 67.934, prod: 0.021785, t_ads: 170.5, t_des: 210.3, bed_util_ads: 0.447, bed_util_des: 0.443, des_th: 0.44290581851992783,frac_lost: 0.107, li_recovered:  8.295, time: 0.011837356998512405
L: 0.50, u_super: 0.00542, sec: 299.018, prod: 0.122428, t_ads: 35.8, t_des: 33.2, bed_util_ads: 0.496, bed_util_des: 0.495, des_th: 0.495411836806214,frac_lost: 0.102, li_recovered:  8.447, time: 0.008777360000749468
L: 4.82, u_super: 0.00134 — INFEASIBLE (li_recovered=0.000e+00), time: 0.005374279999159626
L: 0.50, u_super: 0.00816, sec: 467.187, prod: 0.184122, t_ads: 24.0, t_des: 22.5, bed_util_ads: 0.495, bed_util_des: 0.495, des_th: 0.4949330538060523,frac_lost: 0.106, li_recovered:  8.554, time: 0.009202539999023429
L: 0.50, u_super: 0.00860, sec: 492.157, prod: 0.195161, t_ads: 22.6, t_des: 20.4, bed_util_ads: 0.500, bed_util_des: 0.499, des_th: 0.49941545004145743,frac_lost: 0.101, li_recovered:  8.392, time: 0.009175471001071855
L: 0.50, u_super: 0.00505, sec: 314.286, prod: 0.100700, t_ads: 38.4, t_des: 47.6, bed_util_ads: 0.458, bed_util_des: 0.457, des_th: 0.4573441294736708,frac_lost: 0.100, li_recovered:  8.660, time: 0.008190627000658424
L: 0.50, u_super: 0.00005 — INFEASIBLE (li_recovered=0.000e+00), time: 0.001975887000298826
L: 0.50, u_super: 0.00638, sec: 356.056, prod: 0.144435, t_ads: 30.4, t_des: 28.2, bed_util_ads: 0.496, bed_util_des: 0.496, des_th: 0.49589184228986216,frac_lost: 0.101, li_recovered:  8.463, time: 0.006225702998563065
L: 1.69, u_super: 0.00438, sec: 853.020, prod: 0.093872, t_ads: 146.5, t_des: 124.8, bed_util_ads: 0.496, bed_util_des: 0.495, des_th: 0.495552007649269,frac_lost: 0.103, li_recovered:  25.462, time: 0.007862972999646445
L: 0.50, u_super: 0.00372, sec: 202.012, prod: 0.083452, t_ads: 52.3, t_des: 47.4, bed_util_ads: 0.497, bed_util_des: 0.497, des_th: 0.4965864030410626,frac_lost: 0.107, li_recovered:  8.316, time: 0.007690197000556509
L: 0.50, u_super: 0.00542, sec: 313.654, prod: 0.116715, t_ads: 35.9, t_des: 38.3, bed_util_ads: 0.477, bed_util_des: 0.477, des_th: 0.4767719123225277,frac_lost: 0.102, li_recovered:  8.655, time: 0.005424662000223179
L: 0.50, u_super: 0.00765, sec: 433.558, prod: 0.173379, t_ads: 25.4, t_des: 22.9, bed_util_ads: 0.499, bed_util_des: 0.499, des_th: 0.499172432720504,frac_lost: 0.102, li_recovered:  8.379, time: 0.0049816569990071
L: 0.50, u_super: 0.00990, sec: 576.873, prod: 0.224475, t_ads: 19.7, t_des: 17.7, bed_util_ads: 0.500, bed_util_des: 0.500, des_th: 0.4999319320973489,frac_lost: 0.104, li_recovered:  8.404, time: 0.0052358369994180975
L: 0.50, u_super: 0.00718, sec: 405.480, prod: 0.162335, t_ads: 27.2, t_des: 24.7, bed_util_ads: 0.499, bed_util_des: 0.499, des_th: 0.49889225088615585,frac_lost: 0.107, li_recovered:  8.432, time: 0.004647564999686438
L: 0.50, u_super: 0.00425, sec: 237.188, prod: 0.093544, t_ads: 45.7, t_des: 46.2, bed_util_ads: 0.483, bed_util_des: 0.482, des_th: 0.48247276528917427,frac_lost: 0.103, li_recovered:  8.596, time: 0.0056047239995677955
L: 0.50, u_super: 0.00565, sec: 312.562, prod: 0.127765, t_ads: 34.3, t_des: 31.9, bed_util_ads: 0.496, bed_util_des: 0.495, des_th: 0.4954733923442339,frac_lost: 0.101, li_recovered:  8.457, time: 0.004456106000361615
L: 0.50, u_super: 0.00713, sec: 456.869, prod: 0.141708, t_ads: 27.5, t_des: 33.9, bed_util_ads: 0.459, bed_util_des: 0.459, des_th: 0.45867068644162884,frac_lost: 0.106, li_recovered:  8.700, time: 0.0065484550013934495
L: 0.50, u_super: 0.00882, sec: 507.387, prod: 0.199602, t_ads: 22.2, t_des: 19.9, bed_util_ads: 0.500, bed_util_des: 0.500, des_th: 0.4998602565571854,frac_lost: 0.106, li_recovered:  8.397, time: 0.005105808000735124
L: 0.50, u_super: 0.00023 — INFEASIBLE (li_recovered=0.000e+00), time: 0.0030344660008267965
L: 0.50, u_super: 0.00233, sec: 125.548, prod: 0.051714, t_ads: 82.8, t_des: 73.7, bed_util_ads: 0.497, bed_util_des: 0.496, des_th: 0.49653903484864503,frac_lost: 0.105, li_recovered:  8.093, time: 0.0044467030002124375
L: 0.50, u_super: 0.00845, sec: 485.052, prod: 0.191088, t_ads: 23.2, t_des: 21.4, bed_util_ads: 0.497, bed_util_des: 0.497, des_th: 0.4965703343336697,frac_lost: 0.107, li_recovered:  8.519, time: 0.006293246999121038
L: 11.91, u_super: 0.00197 — INFEASIBLE (li_recovered=0.000e+00), time: 0.0014524679991154699
L: 0.50, u_super: 0.00903, sec: 521.266, prod: 0.204548, t_ads: 21.6, t_des: 19.9, bed_util_ads: 0.498, bed_util_des: 0.498, des_th: 0.49790564366042533,frac_lost: 0.106, li_recovered:  8.492, time: 0.004760525000165217
L: 0.50, u_super: 0.00369, sec: 205.524, prod: 0.080923, t_ads: 52.5, t_des: 53.5, bed_util_ads: 0.481, bed_util_des: 0.481, des_th: 0.4808244171602276,frac_lost: 0.104, li_recovered:  8.579, time: 0.0057550139990780735
L: 0.50, u_super: 0.00247, sec: 133.094, prod: 0.054876, t_ads: 78.2, t_des: 69.5, bed_util_ads: 0.497, bed_util_des: 0.497, des_th: 0.4968069040364701,frac_lost: 0.105, li_recovered:  8.103, time: 0.004293432999475044
L: 0.50, u_super: 0.00662, sec: 371.901, prod: 0.149353, t_ads: 29.6, t_des: 26.8, bed_util_ads: 0.499, bed_util_des: 0.499, des_th: 0.49889225088615585,frac_lost: 0.110, li_recovered:  8.428, time: 0.005019008998715435
L: 4.99, u_super: 0.00959, sec: 30759.086, prod: 0.039280, t_ads: 204.8, t_des: 2025.3, bed_util_ads: 0.218, bed_util_des: 0.196, des_th: 0.19567945719197832,frac_lost: 0.102, li_recovered:  87.597, time: 0.02922598300028767
L: 40.48, u_super: 0.00467 — INFEASIBLE (li_recovered=0.000e+00), time: 0.00116219700066722
L: 0.50, u_super: 0.00194, sec: 104.747, prod: 0.042908, t_ads: 98.3, t_des: 95.9, bed_util_ads: 0.484, bed_util_des: 0.483, des_th: 0.4829712347872086,frac_lost: 0.100, li_recovered:  8.333, time: 0.005873584999790182
L: 0.50, u_super: 0.00818, sec: 467.455, prod: 0.185118, t_ads: 23.9, t_des: 21.7, bed_util_ads: 0.499, bed_util_des: 0.499, des_th: 0.4991953555314954,frac_lost: 0.107, li_recovered:  8.439, time: 0.0064008200006355764
L: 0.50, u_super: 0.00894, sec: 515.714, prod: 0.202422, t_ads: 21.9, t_des: 20.1, bed_util_ads: 0.497, bed_util_des: 0.497, des_th: 0.4970294405276109,frac_lost: 0.106, li_recovered:  8.493, time: 0.005396601000029477
   506 |    20240 |     40 |  0.0024087121 |             f
L: 0.50, u_super: 0.00112, sec: 67.577, prod: 0.021900, t_ads: 170.4, t_des: 208.3, bed_util_ads: 0.448, bed_util_des: 0.445, des_th: 0.4447427365190025,frac_lost: 0.106, li_recovered:  8.293, time: 0.005354664999686065
L: 0.50, u_super: 0.00194, sec: 104.461, prod: 0.043026, t_ads: 98.6, t_des: 93.8, bed_util_ads: 0.487, bed_util_des: 0.486, des_th: 0.4859558073151881,frac_lost: 0.102, li_recovered:  8.278, time: 0.006638888999077608
L: 0.50, u_super: 0.00959, sec: 557.160, prod: 0.217339, t_ads: 20.4, t_des: 18.5, bed_util_ads: 0.499, bed_util_des: 0.499, des_th: 0.4992519054509358,frac_lost: 0.106, li_recovered:  8.458, time: 0.006311586999800056
L: 0.50, u_super: 0.00420, sec: 234.344, prod: 0.092484, t_ads: 46.2, t_des: 46.8, bed_util_ads: 0.483, bed_util_des: 0.482, des_th: 0.482376363700373,frac_lost: 0.103, li_recovered:  8.594, time: 0.005722613999751047
L: 0.50, u_super: 0.00311, sec: 167.393, prod: 0.069698, t_ads: 62.0, t_des: 56.6, bed_util_ads: 0.495, bed_util_des: 0.495, des_th: 0.4951341336519178,frac_lost: 0.101, li_recovered:  8.268, time: 0.007508852000682964
L: 5.18, u_super: 0.00778 — INFEASIBLE (li_recovered=0.000e+00), time: 0.0032547700011491543
L: 0.50, u_super: 0.00937, sec: 543.849, prod: 0.212025, t_ads: 20.9, t_des: 19.4, bed_util_ads: 0.497, bed_util_des: 0.497, des_th: 0.4967560908950792,frac_lost: 0.106, li_recovered:  8.535, time: 0.005198402999667451
L: 0.50, u_super: 0.00492, sec: 270.109, prod: 0.110843, t_ads: 39.5, t_des: 36.6, bed_util_ads: 0.495, bed_util_des: 0.494, des_th: 0.4944243810936128,frac_lost: 0.104, li_recovered:  8.435, time: 0.00639924700044503
L: 0.50, u_super: 0.00126, sec: 70.042, prod: 0.026508, t_ads: 151.3, t_des: 125.0, bed_util_ads: 0.499, bed_util_des: 0.499, des_th: 0.499164231756239,frac_lost: 0.106, li_recovered:  7.325, time: 0.00568289900002128
L: 0.50, u_super: 0.00990, sec: 576.721, prod: 0.224535, t_ads: 19.7, t_des: 17.9, bed_util_ads: 0.500, bed_util_des: 0.499, des_th: 0.49942132725883337,frac_lost: 0.105, li_recovered:  8.450, time: 0.00692512500063458
L: 0.50, u_super: 0.00600, sec: 333.483, prod: 0.135536, t_ads: 32.4, t_des: 29.3, bed_util_ads: 0.499, bed_util_des: 0.499, des_th: 0.4986293373239192,frac_lost: 0.104, li_recovered:  8.368, time: 0.00662599299903377
L: 0.50, u_super: 0.00222, sec: 119.385, prod: 0.049092, t_ads: 87.1, t_des: 77.6, bed_util_ads: 0.496, bed_util_des: 0.495, des_th: 0.49549255516511753,frac_lost: 0.106, li_recovered:  8.087, time: 0.0064135189986700425
L: 0.50, u_super: 0.00701, sec: 402.575, prod: 0.155293, t_ads: 28.0, t_des: 27.7, bed_util_ads: 0.487, bed_util_des: 0.487, des_th: 0.48689310010866127,frac_lost: 0.108, li_recovered:  8.650, time: 0.005482659000335843
L: 0.50, u_super: 0.00290, sec: 156.530, prod: 0.064906, t_ads: 66.3, t_des: 59.3, bed_util_ads: 0.497, bed_util_des: 0.497, des_th: 0.49709377459218934,frac_lost: 0.101, li_recovered:  8.153, time: 0.00506792200030759
L: 0.50, u_super: 0.00564, sec: 312.004, prod: 0.127294, t_ads: 34.4, t_des: 30.8, bed_util_ads: 0.500, bed_util_des: 0.500, des_th: 0.49981585953774843,frac_lost: 0.102, li_recovered:  8.304, time: 0.004551844000161509
L: 0.50, u_super: 0.00334, sec: 180.121, prod: 0.074977, t_ads: 57.7, t_des: 52.6, bed_util_ads: 0.495, bed_util_des: 0.494, des_th: 0.49448361956601833,frac_lost: 0.100, li_recovered:  8.275, time: 0.0044186560007801745
L: 0.50, u_super: 0.00085, sec: 47.268, prod: 0.017809, t_ads: 221.7, t_des: 227.9, bed_util_ads: 0.465, bed_util_des: 0.463, des_th: 0.4629243678499123,frac_lost: 0.105, li_recovered:  8.008, time: 0.004780772000231082
L: 0.50, u_super: 0.00063 — INFEASIBLE (li_recovered=0.000e+00), time: 0.00293874099952518
L: 0.50, u_super: 0.00034, sec: 20.696, prod: 0.006419, t_ads: 507.8, t_des: 486.6, bed_util_ads: 0.446, bed_util_des: 0.443, des_th: 0.4438641560789005,frac_lost: 0.102, li_recovered:  6.383, time: 0.004571569999825442
L: 0.50, u_super: 0.00112, sec: 68.296, prod: 0.021670, t_ads: 170.6, t_des: 212.5, bed_util_ads: 0.446, bed_util_des: 0.442, des_th: 0.4421081843920904,frac_lost: 0.107, li_recovered:  8.301, time: 0.004798693000338972
L: 0.50, u_super: 0.00334, sec: 180.786, prod: 0.074701, t_ads: 58.3, t_des: 53.9, bed_util_ads: 0.494, bed_util_des: 0.494, des_th: 0.49359015919785226,frac_lost: 0.107, li_recovered:  8.383, time: 0.0058100589994865
L: 10.53, u_super: 0.00357 — INFEASIBLE (li_recovered=0.000e+00), time: 0.0021562849997280864
L: 0.50, u_super: 0.00586, sec: 345.639, prod: 0.124475, t_ads: 33.1, t_des: 36.5, bed_util_ads: 0.474, bed_util_des: 0.474, des_th: 0.473801020766317,frac_lost: 0.101, li_recovered:  8.668, time: 0.005501655001353356
L: 0.50, u_super: 0.00669, sec: 374.788, prod: 0.151287, t_ads: 29.0, t_des: 25.9, bed_util_ads: 0.500, bed_util_des: 0.500, des_th: 0.49955948499608444,frac_lost: 0.101, li_recovered:  8.315, time: 0.004872641000474687
L: 0.50, u_super: 0.00732, sec: 414.056, prod: 0.165482, t_ads: 26.7, t_des: 24.3, bed_util_ads: 0.499, bed_util_des: 0.499, des_th: 0.49910947053532795,frac_lost: 0.107, li_recovered:  8.438, time: 0.004481751000639633
L: 0.50, u_super: 0.00467, sec: 256.568, prod: 0.105003, t_ads: 41.7, t_des: 37.1, bed_util_ads: 0.500, bed_util_des: 0.500, des_th: 0.49999056243119305,frac_lost: 0.107, li_recovered:  8.282, time: 0.007639587000085157
L: 0.50, u_super: 0.00302, sec: 163.858, prod: 0.067092, t_ads: 63.8, t_des: 55.4, bed_util_ads: 0.500, bed_util_des: 0.500, des_th: 0.4997974711124024,frac_lost: 0.101, li_recovered:  8.002, time: 0.005192354999962845
L: 0.50, u_super: 0.00034, sec: 20.685, prod: 0.006423, t_ads: 508.4, t_des: 487.3, bed_util_ads: 0.446, bed_util_des: 0.443, des_th: 0.44387915676390693,frac_lost: 0.102, li_recovered:  6.395, time: 0.007178578000093694
L: 0.50, u_super: 0.00722, sec: 489.947, prod: 0.135810, t_ads: 27.1, t_des: 37.0, bed_util_ads: 0.447, bed_util_des: 0.447, des_th: 0.44659758820731615,frac_lost: 0.107, li_recovered:  8.707, time: 0.005956729999525123
L: 0.50, u_super: 0.00593, sec: 329.649, prod: 0.134069, t_ads: 32.8, t_des: 30.4, bed_util_ads: 0.496, bed_util_des: 0.495, des_th: 0.495411836806214,frac_lost: 0.103, li_recovered:  8.466, time: 0.007068212000376661
L: 0.50, u_super: 0.00292, sec: 158.395, prod: 0.064819, t_ads: 66.0, t_des: 57.3, bed_util_ads: 0.500, bed_util_des: 0.500, des_th: 0.4997418974332402,frac_lost: 0.102, li_recovered:  7.993, time: 0.004318778999731876
L: 0.50, u_super: 0.00018, sec: 25.996, prod: 0.001498, t_ads: 1084.2, t_des: 4647.1, bed_util_ads: 0.250, bed_util_des: 0.184, des_th: 0.1840155848856591,frac_lost: 0.104, li_recovered:  8.584, time: 0.011813937999249902
L: 0.50, u_super: 0.00541, sec: 298.694, prod: 0.122273, t_ads: 35.8, t_des: 33.3, bed_util_ads: 0.496, bed_util_des: 0.495, des_th: 0.49547278392480476,frac_lost: 0.102, li_recovered:  8.449, time: 0.004571080000459915
L: 0.50, u_super: 0.00990, sec: 576.880, prod: 0.224472, t_ads: 19.7, t_des: 17.7, bed_util_ads: 0.500, bed_util_des: 0.500, des_th: 0.4999238146320883,frac_lost: 0.104, li_recovered:  8.404, time: 0.00492102799944405
L: 124.02, u_super: 0.00956 — INFEASIBLE (li_recovered=0.000e+00), time: 0.0011268350008322159
L: 0.50, u_super: 0.00649, sec: 362.506, prod: 0.147037, t_ads: 29.9, t_des: 27.7, bed_util_ads: 0.496, bed_util_des: 0.496, des_th: 0.49582052769931084,frac_lost: 0.100, li_recovered:  8.465, time: 0.005857854999703704
L: 0.50, u_super: 0.00163, sec: 88.884, prod: 0.035346, t_ads: 117.1, t_des: 100.2, bed_util_ads: 0.498, bed_util_des: 0.498, des_th: 0.4977856926185446,frac_lost: 0.103, li_recovered:  7.683, time: 0.007437009000568651
L: 0.50, u_super: 0.00194, sec: 111.448, prod: 0.040001, t_ads: 99.7, t_des: 112.1, bed_util_ads: 0.465, bed_util_des: 0.463, des_th: 0.46353046656936137,frac_lost: 0.106, li_recovered:  8.474, time: 0.008678903001055005
L: 0.50, u_super: 0.00439, sec: 239.966, prod: 0.098733, t_ads: 44.4, t_des: 40.4, bed_util_ads: 0.497, bed_util_des: 0.497, des_th: 0.4970924365456146,frac_lost: 0.107, li_recovered:  8.374, time: 0.00456409700018412
L: 0.50, u_super: 0.00332, sec: 179.869, prod: 0.074382, t_ads: 58.6, t_des: 53.5, bed_util_ads: 0.496, bed_util_des: 0.495, des_th: 0.4952707092486589,frac_lost: 0.108, li_recovered:  8.335, time: 0.007028326999716228
   507 |    20280 |     40 |  0.0039727766 |             f
L: 0.50, u_super: 0.00433, sec: 236.721, prod: 0.097446, t_ads: 45.0, t_des: 41.1, bed_util_ads: 0.497, bed_util_des: 0.497, des_th: 0.4965573015488966,frac_lost: 0.106, li_recovered:  8.381, time: 0.00716502100112848
L: 0.50, u_super: 0.00083, sec: 46.015, prod: 0.017507, t_ads: 226.4, t_des: 227.8, bed_util_ads: 0.467, bed_util_des: 0.465, des_th: 0.46504941679686607,frac_lost: 0.105, li_recovered:  7.952, time: 0.006358406999424915
L: 0.50, u_super: 0.00609, sec: 338.478, prod: 0.137706, t_ads: 31.9, t_des: 28.9, bed_util_ads: 0.499, bed_util_des: 0.499, des_th: 0.4987962594088514,frac_lost: 0.102, li_recovered:  8.367, time: 0.007043302000965923
L: 37.06, u_super: 0.00927 — INFEASIBLE (li_recovered=0.000e+00), time: 0.001919020998684573
L: 0.50, u_super: 0.00846, sec: 552.835, prod: 0.167764, t_ads: 23.1, t_des: 28.8, bed_util_ads: 0.458, bed_util_des: 0.458, des_th: 0.45793374810860343,frac_lost: 0.104, li_recovered:  8.710, time: 0.007942622998598381
L: 0.50, u_super: 0.00408, sec: 224.925, prod: 0.090596, t_ads: 47.7, t_des: 46.7, bed_util_ads: 0.487, bed_util_des: 0.487, des_th: 0.48674304433646004,frac_lost: 0.106, li_recovered:  8.555, time: 0.006855665000330191
L: 0.50, u_super: 0.00666, sec: 387.797, prod: 0.144922, t_ads: 29.4, t_des: 30.4, bed_util_ads: 0.483, bed_util_des: 0.482, des_th: 0.48240608047509387,frac_lost: 0.108, li_recovered:  8.675, time: 0.006846401000075275
L: 0.50, u_super: 0.00317, sec: 171.419, prod: 0.071106, t_ads: 60.8, t_des: 54.6, bed_util_ads: 0.497, bed_util_des: 0.496, des_th: 0.49652198237529666,frac_lost: 0.102, li_recovered:  8.207, time: 0.006675514998278231
L: 0.50, u_super: 0.00126, sec: 70.033, prod: 0.026512, t_ads: 151.5, t_des: 125.2, bed_util_ads: 0.499, bed_util_des: 0.499, des_th: 0.4991721549802293,frac_lost: 0.107, li_recovered:  7.337, time: 0.006008518999806256
L: 0.50, u_super: 0.00963, sec: 559.559, prod: 0.218149, t_ads: 20.3, t_des: 18.4, bed_util_ads: 0.499, bed_util_des: 0.499, des_th: 0.49886931615613134,frac_lost: 0.106, li_recovered:  8.457, time: 0.005724455000745365
L: 0.50, u_super: 0.00455, sec: 249.210, prod: 0.102569, t_ads: 42.7, t_des: 39.0, bed_util_ads: 0.497, bed_util_des: 0.497, des_th: 0.4965703343336697,frac_lost: 0.105, li_recovered:  8.383, time: 0.006787870999687584
L: 0.50, u_super: 0.00005, sec: 4.324, prod: 0.000670, t_ads: 3435.3, t_des: 5866.2, bed_util_ads: 0.253, bed_util_des: 0.184, des_th: 0.1851696623157332,frac_lost: 0.103, li_recovered:  6.228, time: 0.00632648000100744
L: 0.92, u_super: 0.00357, sec: 363.636, prod: 0.078559, t_ads: 99.6, t_des: 87.7, bed_util_ads: 0.496, bed_util_des: 0.496, des_th: 0.495552007649269,frac_lost: 0.107, li_recovered:  14.713, time: 0.004529366000497248
L: 0.50, u_super: 0.00806, sec: 459.983, prod: 0.182310, t_ads: 24.3, t_des: 22.3, bed_util_ads: 0.498, bed_util_des: 0.498, des_th: 0.4977212339471246,frac_lost: 0.107, li_recovered:  8.487, time: 0.005512280000402825
L: 0.50, u_super: 0.00809, sec: 461.852, prod: 0.182782, t_ads: 24.2, t_des: 22.2, bed_util_ads: 0.497, bed_util_des: 0.497, des_th: 0.4970294405276109,frac_lost: 0.108, li_recovered:  8.491, time: 0.004976415000783163
L: 0.50, u_super: 0.00759, sec: 430.986, prod: 0.171645, t_ads: 25.8, t_des: 23.1, bed_util_ads: 0.500, bed_util_des: 0.500, des_th: 0.49999056243119305,frac_lost: 0.107, li_recovered:  8.392, time: 0.006244539999897825
L: 0.50, u_super: 0.00716, sec: 404.565, prod: 0.161607, t_ads: 27.4, t_des: 24.5, bed_util_ads: 0.500, bed_util_des: 0.500, des_th: 0.4995937164256211,frac_lost: 0.109, li_recovered:  8.387, time: 0.004048519000207307
L: 0.50, u_super: 0.00669, sec: 374.731, prod: 0.151311, t_ads: 29.0, t_des: 26.0, bed_util_ads: 0.500, bed_util_des: 0.500, des_th: 0.49970294345080496,frac_lost: 0.102, li_recovered:  8.328, time: 0.005815235001136898
L: 20.48, u_super: 0.00966 — INFEASIBLE (li_recovered=0.000e+00), time: 0.002131782001015381
L: 0.50, u_super: 0.00361, sec: 195.712, prod: 0.080936, t_ads: 53.8, t_des: 48.8, bed_util_ads: 0.496, bed_util_des: 0.496, des_th: 0.495541858421167,frac_lost: 0.106, li_recovered:  8.307, time: 0.007812472000296111
L: 56.88, u_super: 0.00785 — INFEASIBLE (li_recovered=0.000e+00), time: 0.0013028169996687211
L: 0.50, u_super: 0.00832, sec: 476.333, prod: 0.188227, t_ads: 23.5, t_des: 21.0, bed_util_ads: 0.500, bed_util_des: 0.500, des_th: 0.49981585953774843,frac_lost: 0.107, li_recovered:  8.387, time: 0.004072759000337101
L: 12.47, u_super: 0.00798 — INFEASIBLE (li_recovered=0.000e+00), time: 0.0021886260001338087
L: 0.50, u_super: 0.00959, sec: 557.361, prod: 0.217140, t_ads: 20.4, t_des: 18.9, bed_util_ads: 0.497, bed_util_des: 0.497, des_th: 0.4965703343336697,frac_lost: 0.105, li_recovered:  8.532, time: 0.005638294000164024
L: 0.50, u_super: 0.00541, sec: 311.891, prod: 0.117100, t_ads: 35.9, t_des: 38.0, bed_util_ads: 0.478, bed_util_des: 0.478, des_th: 0.4778580965219274,frac_lost: 0.102, li_recovered:  8.651, time: 0.005697442999007762
L: 0.50, u_super: 0.00470, sec: 257.976, prod: 0.105741, t_ads: 41.4, t_des: 36.9, bed_util_ads: 0.500, bed_util_des: 0.500, des_th: 0.49955948499608444,frac_lost: 0.105, li_recovered:  8.281, time: 0.008240229999501025
L: 0.50, u_super: 0.00990, sec: 576.781, prod: 0.224511, t_ads: 19.7, t_des: 17.9, bed_util_ads: 0.500, bed_util_des: 0.499, des_th: 0.49941340403484297,frac_lost: 0.105, li_recovered:  8.457, time: 0.00840254200011259
L: 0.50, u_super: 0.00661, sec: 369.907, prod: 0.149483, t_ads: 29.4, t_des: 26.2, bed_util_ads: 0.500, bed_util_des: 0.499, des_th: 0.4994744173229282,frac_lost: 0.101, li_recovered:  8.312, time: 0.009455151001020567
L: 0.50, u_super: 0.00885, sec: 510.743, prod: 0.199794, t_ads: 22.1, t_des: 20.7, bed_util_ads: 0.496, bed_util_des: 0.495, des_th: 0.4954733923442339,frac_lost: 0.106, li_recovered:  8.558, time: 0.008634413999971002
L: 0.50, u_super: 0.00700, sec: 394.504, prod: 0.158180, t_ads: 27.9, t_des: 25.4, bed_util_ads: 0.499, bed_util_des: 0.499, des_th: 0.4987962594088514,frac_lost: 0.107, li_recovered:  8.438, time: 0.008028455000385293
L: 14.20, u_super: 0.00194 — INFEASIBLE (li_recovered=0.000e+00), time: 0.0017772820010577561
L: 0.50, u_super: 0.00473, sec: 259.382, prod: 0.106548, t_ads: 41.0, t_des: 36.7, bed_util_ads: 0.499, bed_util_des: 0.499, des_th: 0.49923463630193515,frac_lost: 0.103, li_recovered:  8.289, time: 0.0077305790000536945
L: 0.50, u_super: 0.00178, sec: 97.327, prod: 0.038791, t_ads: 107.4, t_des: 91.5, bed_util_ads: 0.499, bed_util_des: 0.499, des_th: 0.49887928044574176,frac_lost: 0.104, li_recovered:  7.713, time: 0.006319296000583563
L: 0.50, u_super: 0.00084, sec: 46.169, prod: 0.017866, t_ads: 223.6, t_des: 215.5, bed_util_ads: 0.474, bed_util_des: 0.472, des_th: 0.47228498714861467,frac_lost: 0.106, li_recovered:  7.844, time: 0.006473178000305779
L: 0.50, u_super: 0.00732, sec: 414.097, prod: 0.165466, t_ads: 26.7, t_des: 24.2, bed_util_ads: 0.499, bed_util_des: 0.499, des_th: 0.49910947053532795,frac_lost: 0.107, li_recovered:  8.426, time: 0.00795006599946646
L: 0.50, u_super: 0.00959, sec: 675.513, prod: 0.179260, t_ads: 20.4, t_des: 28.3, bed_util_ads: 0.446, bed_util_des: 0.445, des_th: 0.44546439306094276,frac_lost: 0.105, li_recovered:  8.723, time: 0.009594217000994831
L: 0.50, u_super: 0.00990, sec: 576.519, prod: 0.224614, t_ads: 19.7, t_des: 17.9, bed_util_ads: 0.500, bed_util_des: 0.499, des_th: 0.49942132725883337,frac_lost: 0.104, li_recovered:  8.442, time: 0.007439908000378637
L: 0.50, u_super: 0.00062, sec: 34.644, prod: 0.012858, t_ads: 297.3, t_des: 288.1, bed_util_ads: 0.467, bed_util_des: 0.464, des_th: 0.46444701455129167,frac_lost: 0.103, li_recovered:  7.527, time: 0.007353068000156782
L: 0.50, u_super: 0.00091 — INFEASIBLE (li_recovered=0.000e+00), time: 0.005287701000270317
L: 0.50, u_super: 0.00805, sec: 459.242, prod: 0.182239, t_ads: 24.3, t_des: 22.1, bed_util_ads: 0.499, bed_util_des: 0.499, des_th: 0.49877391132795085,frac_lost: 0.106, li_recovered:  8.447, time: 0.009587789001670899
   508 |    20320 |     40 |  0.0030014245 |             f
L: 0.50, u_super: 0.00754, sec: 426.213, prod: 0.171091, t_ads: 25.7, t_des: 23.5, bed_util_ads: 0.498, bed_util_des: 0.498, des_th: 0.4977276482873122,frac_lost: 0.101, li_recovered:  8.427, time: 0.011302271999738878
L: 58.22, u_super: 0.00190 — INFEASIBLE (li_recovered=0.000e+00), time: 0.0016004680001060478
L: 15.31, u_super: 0.00621 — INFEASIBLE (li_recovered=0.000e+00), time: 0.0033596770008443855
L: 0.50, u_super: 0.00860, sec: 492.157, prod: 0.195161, t_ads: 22.6, t_des: 20.4, bed_util_ads: 0.500, bed_util_des: 0.499, des_th: 0.49941545004145743,frac_lost: 0.101, li_recovered:  8.392, time: 0.008834471000227495
L: 0.50, u_super: 0.00263, sec: 141.837, prod: 0.058477, t_ads: 73.5, t_des: 65.1, bed_util_ads: 0.498, bed_util_des: 0.497, des_th: 0.497402128452435,frac_lost: 0.105, li_recovered:  8.106, time: 0.005040385000029346
L: 0.50, u_super: 0.00887, sec: 511.182, prod: 0.200911, t_ads: 22.1, t_des: 20.0, bed_util_ads: 0.500, bed_util_des: 0.500, des_th: 0.49975022084222515,frac_lost: 0.107, li_recovered:  8.445, time: 0.00614705999942089
L: 0.50, u_super: 0.00906, sec: 522.625, prod: 0.205272, t_ads: 21.6, t_des: 19.8, bed_util_ads: 0.497, bed_util_des: 0.497, des_th: 0.4970294405276109,frac_lost: 0.105, li_recovered:  8.484, time: 0.0052735280005435925
L: 0.50, u_super: 0.00062, sec: 34.977, prod: 0.012870, t_ads: 296.1, t_des: 300.2, bed_util_ads: 0.460, bed_util_des: 0.457, des_th: 0.45704894299590443,frac_lost: 0.102, li_recovered:  7.675, time: 0.0055764349999662954
L: 0.50, u_super: 0.00954, sec: 554.708, prod: 0.215899, t_ads: 20.5, t_des: 19.0, bed_util_ads: 0.496, bed_util_des: 0.496, des_th: 0.4958799237302123,frac_lost: 0.107, li_recovered:  8.530, time: 0.005545322001125896
L: 0.50, u_super: 0.00661, sec: 396.439, prod: 0.139478, t_ads: 29.6, t_des: 32.7, bed_util_ads: 0.475, bed_util_des: 0.474, des_th: 0.47409692689421473,frac_lost: 0.107, li_recovered:  8.688, time: 0.005812118000903865
L: 4.39, u_super: 0.00163 — INFEASIBLE (li_recovered=0.000e+00), time: 0.0015137720001803245
L: 0.50, u_super: 0.00586, sec: 325.069, prod: 0.132351, t_ads: 33.1, t_des: 29.7, bed_util_ads: 0.499, bed_util_des: 0.499, des_th: 0.49880724409002,frac_lost: 0.102, li_recovered:  8.315, time: 0.008059948000664008
L: 0.50, u_super: 0.00222, sec: 119.444, prod: 0.049068, t_ads: 87.3, t_des: 77.7, bed_util_ads: 0.496, bed_util_des: 0.495, des_th: 0.49549255516511753,frac_lost: 0.108, li_recovered:  8.094, time: 0.004964936999385827
L: 0.50, u_super: 0.00178, sec: 96.762, prod: 0.038947, t_ads: 107.2, t_des: 92.7, bed_util_ads: 0.497, bed_util_des: 0.497, des_th: 0.49669394100432745,frac_lost: 0.102, li_recovered:  7.787, time: 0.007899127998825861
L: 0.50, u_super: 0.00762, sec: 431.272, prod: 0.172590, t_ads: 25.5, t_des: 22.8, bed_util_ads: 0.500, bed_util_des: 0.500, des_th: 0.4996839530280252,frac_lost: 0.100, li_recovered:  8.326, time: 0.008664759001476341
L: 0.50, u_super: 0.00409, sec: 222.666, prod: 0.091809, t_ads: 47.6, t_des: 43.0, bed_util_ads: 0.497, bed_util_des: 0.497, des_th: 0.4966743295500856,frac_lost: 0.106, li_recovered:  8.323, time: 0.006150297000203864
L: 0.50, u_super: 0.00936, sec: 542.186, prod: 0.211862, t_ads: 20.9, t_des: 19.4, bed_util_ads: 0.496, bed_util_des: 0.496, des_th: 0.4958433662059874,frac_lost: 0.105, li_recovered:  8.528, time: 0.008048796000366565
L: 33.09, u_super: 0.00498 — INFEASIBLE (li_recovered=0.000e+00), time: 0.0014344579994940432
L: 0.50, u_super: 0.00024 — INFEASIBLE (li_recovered=0.000e+00), time: 0.0025091520001296885
L: 0.50, u_super: 0.00193, sec: 103.534, prod: 0.042845, t_ads: 99.0, t_des: 92.0, bed_util_ads: 0.489, bed_util_des: 0.488, des_th: 0.4879091533573038,frac_lost: 0.101, li_recovered:  8.184, time: 0.007427286000165623
L: 0.50, u_super: 0.00972, sec: 567.182, prod: 0.219397, t_ads: 20.2, t_des: 18.9, bed_util_ads: 0.496, bed_util_des: 0.495, des_th: 0.49536540166583004,frac_lost: 0.107, li_recovered:  8.574, time: 0.007430692001435091
L: 0.50, u_super: 0.00340, sec: 184.231, prod: 0.075967, t_ads: 56.7, t_des: 49.9, bed_util_ads: 0.500, bed_util_des: 0.500, des_th: 0.4997514794979593,frac_lost: 0.100, li_recovered:  8.103, time: 0.006735345999913989
L: 0.50, u_super: 0.00361, sec: 195.712, prod: 0.080936, t_ads: 53.8, t_des: 48.8, bed_util_ads: 0.496, bed_util_des: 0.496, des_th: 0.495541858421167,frac_lost: 0.106, li_recovered:  8.307, time: 0.009575895999660133
L: 0.50, u_super: 0.00541, sec: 298.860, prod: 0.122206, t_ads: 35.9, t_des: 33.3, bed_util_ads: 0.496, bed_util_des: 0.495, des_th: 0.49547656292553155,frac_lost: 0.103, li_recovered:  8.452, time: 0.004768025999510428
L: 9.18, u_super: 0.00584 — INFEASIBLE (li_recovered=0.000e+00), time: 0.0039196710004034685
L: 0.50, u_super: 0.00089, sec: 53.611, prod: 0.017164, t_ads: 214.1, t_des: 261.8, bed_util_ads: 0.444, bed_util_des: 0.439, des_th: 0.4393616043304785,frac_lost: 0.106, li_recovered:  8.168, time: 0.00741258899870445
L: 0.50, u_super: 0.00146, sec: 80.294, prod: 0.031180, t_ads: 130.1, t_des: 109.2, bed_util_ads: 0.499, bed_util_des: 0.499, des_th: 0.4991721549802293,frac_lost: 0.100, li_recovered:  7.460, time: 0.007347835000473424
L: 0.50, u_super: 0.00006, sec: 5.094, prod: 0.000803, t_ads: 2935.2, t_des: 5196.9, bed_util_ads: 0.259, bed_util_des: 0.192, des_th: 0.1924572982869619,frac_lost: 0.101, li_recovered:  6.529, time: 0.007165405999330687
L: 0.50, u_super: 0.00668, sec: 375.054, prod: 0.150713, t_ads: 29.3, t_des: 26.3, bed_util_ads: 0.500, bed_util_des: 0.499, des_th: 0.4994325192942203,frac_lost: 0.108, li_recovered:  8.381, time: 0.006778811999538448
L: 0.50, u_super: 0.00990, sec: 580.071, prod: 0.223238, t_ads: 19.8, t_des: 18.8, bed_util_ads: 0.494, bed_util_des: 0.494, des_th: 0.49373576257365415,frac_lost: 0.106, li_recovered:  8.598, time: 0.007668820999242598
L: 0.50, u_super: 0.00277, sec: 149.145, prod: 0.061972, t_ads: 69.4, t_des: 62.7, bed_util_ads: 0.496, bed_util_des: 0.496, des_th: 0.4955775455091281,frac_lost: 0.101, li_recovered:  8.188, time: 0.006894508000186761
L: 0.50, u_super: 0.00334, sec: 180.726, prod: 0.074726, t_ads: 58.3, t_des: 52.7, bed_util_ads: 0.496, bed_util_des: 0.495, des_th: 0.495488889000622,frac_lost: 0.107, li_recovered:  8.291, time: 0.006602002000363427
L: 0.50, u_super: 0.00607, sec: 337.397, prod: 0.137450, t_ads: 31.9, t_des: 28.9, bed_util_ads: 0.499, bed_util_des: 0.499, des_th: 0.4987939850237623,frac_lost: 0.101, li_recovered:  8.357, time: 0.008015679999516578
L: 0.50, u_super: 0.00044, sec: 26.062, prod: 0.008839, t_ads: 404.4, t_des: 431.7, bed_util_ads: 0.443, bed_util_des: 0.438, des_th: 0.43811202158007795,frac_lost: 0.102, li_recovered:  7.389, time: 0.007514580998758902
L: 0.50, u_super: 0.00936, sec: 542.794, prod: 0.211911, t_ads: 20.9, t_des: 19.4, bed_util_ads: 0.496, bed_util_des: 0.496, des_th: 0.49557065034561554,frac_lost: 0.105, li_recovered:  8.530, time: 0.005207419000726077
L: 0.50, u_super: 0.00639, sec: 356.893, prod: 0.144473, t_ads: 30.4, t_des: 27.2, bed_util_ads: 0.500, bed_util_des: 0.500, des_th: 0.49988606233540656,frac_lost: 0.102, li_recovered:  8.318, time: 0.008025084000109928
L: 0.50, u_super: 0.00541, sec: 298.694, prod: 0.122273, t_ads: 35.8, t_des: 33.3, bed_util_ads: 0.496, bed_util_des: 0.495, des_th: 0.49547279560464513,frac_lost: 0.102, li_recovered:  8.449, time: 0.006370663999405224
L: 0.50, u_super: 0.00871, sec: 4070.455, prod: 0.024245, t_ads: 22.5, t_des: 339.6, bed_util_ads: 0.196, bed_util_des: 0.193, des_th: 0.19294383047822214,frac_lost: 0.103, li_recovered:  8.778, time: 0.057702197000253364
L: 0.50, u_super: 0.00805, sec: 466.252, prod: 0.179500, t_ads: 24.3, t_des: 23.9, bed_util_ads: 0.489, bed_util_des: 0.489, des_th: 0.48878813707791374,frac_lost: 0.107, li_recovered:  8.646, time: 0.008544480000637122
L: 12.73, u_super: 0.00194 — INFEASIBLE (li_recovered=0.000e+00), time: 0.002108066999426228
   509 |    20360 |     40 |  0.0019086282 |             f
L: 0.50, u_super: 0.00005, sec: 4.440, prod: 0.000652, t_ads: 3104.7, t_des: 4754.0, bed_util_ads: 0.256, bed_util_des: 0.205, des_th: 0.20473857002534662,frac_lost: 0.101, li_recovered:  5.124, time: 0.007927710999865667
L: 0.50, u_super: 0.00717, sec: 403.623, prod: 0.162285, t_ads: 27.1, t_des: 24.2, bed_util_ads: 0.500, bed_util_des: 0.500, des_th: 0.4995937164256211,frac_lost: 0.100, li_recovered:  8.322, time: 0.007996662001460209
L: 0.50, u_super: 0.00906, sec: 523.456, prod: 0.205089, t_ads: 21.6, t_des: 19.8, bed_util_ads: 0.499, bed_util_des: 0.499, des_th: 0.4987902483562111,frac_lost: 0.107, li_recovered:  8.488, time: 0.00799375200040231
L: 0.50, u_super: 0.00017 — INFEASIBLE (li_recovered=0.000e+00), time: 0.0019526949999999488
L: 0.50, u_super: 0.00531, sec: 292.603, prod: 0.119827, t_ads: 36.5, t_des: 32.7, bed_util_ads: 0.500, bed_util_des: 0.500, des_th: 0.4995549034487411,frac_lost: 0.101, li_recovered:  8.297, time: 0.00844442000015988
L: 0.50, u_super: 0.00360, sec: 194.783, prod: 0.080938, t_ads: 53.6, t_des: 50.0, bed_util_ads: 0.493, bed_util_des: 0.493, des_th: 0.4927836211308446,frac_lost: 0.100, li_recovered:  8.387, time: 0.007650947000001906
L: 0.50, u_super: 0.00433, sec: 236.380, prod: 0.097329, t_ads: 45.0, t_des: 41.5, bed_util_ads: 0.496, bed_util_des: 0.495, des_th: 0.4953080195147353,frac_lost: 0.106, li_recovered:  8.414, time: 0.008696615001099417
L: 11.35, u_super: 0.00319 — INFEASIBLE (li_recovered=0.000e+00), time: 0.00330558700079564
L: 0.50, u_super: 0.00774, sec: 440.732, prod: 0.174729, t_ads: 25.4, t_des: 23.2, bed_util_ads: 0.497, bed_util_des: 0.497, des_th: 0.49710834259155845,frac_lost: 0.109, li_recovered:  8.492, time: 0.008786030999544892
L: 0.50, u_super: 0.00060, sec: 34.142, prod: 0.012377, t_ads: 305.5, t_des: 277.9, bed_util_ads: 0.474, bed_util_des: 0.472, des_th: 0.47228498714861467,frac_lost: 0.106, li_recovered:  7.221, time: 0.007986582999365055
L: 0.50, u_super: 0.00880, sec: 506.537, prod: 0.199347, t_ads: 22.2, t_des: 19.9, bed_util_ads: 0.500, bed_util_des: 0.500, des_th: 0.49970443742921766,frac_lost: 0.105, li_recovered:  8.396, time: 0.008277225000711042
L: 0.50, u_super: 0.00790, sec: 450.413, prod: 0.178660, t_ads: 24.8, t_des: 22.2, bed_util_ads: 0.500, bed_util_des: 0.500, des_th: 0.4995937164256211,frac_lost: 0.108, li_recovered:  8.393, time: 0.008997373999591218
L: 0.50, u_super: 0.00731, sec: 413.675, prod: 0.165133, t_ads: 26.8, t_des: 24.0, bed_util_ads: 0.500, bed_util_des: 0.500, des_th: 0.49970294345080496,frac_lost: 0.108, li_recovered:  8.382, time: 0.00720232300045609
L: 0.50, u_super: 0.00739, sec: 435.774, prod: 0.160430, t_ads: 26.5, t_des: 27.7, bed_util_ads: 0.481, bed_util_des: 0.480, des_th: 0.4803169243718444,frac_lost: 0.107, li_recovered:  8.686, time: 0.009068624000065029
L: 0.50, u_super: 0.00270, sec: 147.220, prod: 0.059430, t_ads: 71.5, t_des: 71.3, bed_util_ads: 0.482, bed_util_des: 0.482, des_th: 0.4817615420119862,frac_lost: 0.102, li_recovered:  8.484, time: 0.008461355999315856
L: 0.50, u_super: 0.00990, sec: 576.511, prod: 0.224619, t_ads: 19.7, t_des: 17.9, bed_util_ads: 0.500, bed_util_des: 0.500, des_th: 0.4998244699945297,frac_lost: 0.104, li_recovered:  8.446, time: 0.00630678900051862
L: 32.08, u_super: 0.00219 — INFEASIBLE (li_recovered=0.000e+00), time: 0.0011432960000092862
L: 19.13, u_super: 0.00543 — INFEASIBLE (li_recovered=0.000e+00), time: 0.0017944720002560643
L: 0.50, u_super: 0.00563, sec: 311.893, prod: 0.127179, t_ads: 34.5, t_des: 30.8, bed_util_ads: 0.499, bed_util_des: 0.499, des_th: 0.49889041600843825,frac_lost: 0.102, li_recovered:  8.302, time: 0.007808467000359087
L: 0.50, u_super: 0.00850, sec: 487.120, prod: 0.192295, t_ads: 23.0, t_des: 20.7, bed_util_ads: 0.500, bed_util_des: 0.500, des_th: 0.49981585953774843,frac_lost: 0.106, li_recovered:  8.403, time: 0.009570487000019057
L: 0.50, u_super: 0.00716, sec: 403.231, prod: 0.162213, t_ads: 27.1, t_des: 24.5, bed_util_ads: 0.499, bed_util_des: 0.499, des_th: 0.4987962594088514,frac_lost: 0.102, li_recovered:  8.369, time: 0.006835960000898922
L: 0.50, u_super: 0.00859, sec: 493.392, prod: 0.194530, t_ads: 22.8, t_des: 20.6, bed_util_ads: 0.499, bed_util_des: 0.499, des_th: 0.49937330529810087,frac_lost: 0.107, li_recovered:  8.442, time: 0.00660694599901035
L: 0.50, u_super: 0.00212, sec: 133.337, prod: 0.040257, t_ads: 90.7, t_des: 121.0, bed_util_ads: 0.444, bed_util_des: 0.442, des_th: 0.44167977321696383,frac_lost: 0.101, li_recovered:  8.522, time: 0.009827276999203605
L: 23.75, u_super: 0.00986 — INFEASIBLE (li_recovered=0.000e+00), time: 0.001902526000776561
L: 0.50, u_super: 0.00409, sec: 223.101, prod: 0.092067, t_ads: 47.5, t_des: 42.9, bed_util_ads: 0.497, bed_util_des: 0.497, des_th: 0.496702779675612,frac_lost: 0.105, li_recovered:  8.319, time: 0.0073324990007677115
L: 15.46, u_super: 0.00495 — INFEASIBLE (li_recovered=0.000e+00), time: 0.0019161279997206293
L: 23.25, u_super: 0.00675 — INFEASIBLE (li_recovered=0.000e+00), time: 0.0028397749993018806
L: 19.07, u_super: 0.00424 — INFEASIBLE (li_recovered=0.000e+00), time: 0.0014526830000249902
L: 0.50, u_super: 0.00722, sec: 431.456, prod: 0.154296, t_ads: 27.1, t_des: 29.2, bed_util_ads: 0.477, bed_util_des: 0.476, des_th: 0.4764725677707182,frac_lost: 0.106, li_recovered:  8.691, time: 0.006482459999460843
L: 2.39, u_super: 0.00554, sec: 1560.126, prod: 0.117386, t_ads: 163.5, t_des: 137.6, bed_util_ads: 0.495, bed_util_des: 0.495, des_th: 0.49516351501682987,frac_lost: 0.107, li_recovered:  35.352, time: 0.006146172001535888
L: 0.50, u_super: 0.00005, sec: 4.416, prod: 0.000656, t_ads: 3146.8, t_des: 4879.2, bed_util_ads: 0.256, bed_util_des: 0.203, des_th: 0.20282424886386782,frac_lost: 0.101, li_recovered:  5.262, time: 0.006609113001104561
L: 9.31, u_super: 0.00670 — INFEASIBLE (li_recovered=0.000e+00), time: 0.0028751229983754456
L: 0.50, u_super: 0.00361, sec: 195.833, prod: 0.080885, t_ads: 54.0, t_des: 49.4, bed_util_ads: 0.496, bed_util_des: 0.495, des_th: 0.495541858421167,frac_lost: 0.107, li_recovered:  8.358, time: 0.005535678999876836
L: 0.50, u_super: 0.00661, sec: 370.951, prod: 0.149062, t_ads: 29.6, t_des: 27.5, bed_util_ads: 0.496, bed_util_des: 0.495, des_th: 0.4955189700456714,frac_lost: 0.106, li_recovered:  8.508, time: 0.006482251001216355
L: 0.50, u_super: 0.00887, sec: 531.418, prod: 0.193261, t_ads: 22.0, t_des: 23.0, bed_util_ads: 0.481, bed_util_des: 0.480, des_th: 0.48029371392413805,frac_lost: 0.103, li_recovered:  8.695, time: 0.007228357999338186
L: 0.50, u_super: 0.00531, sec: 292.891, prod: 0.120028, t_ads: 36.5, t_des: 33.5, bed_util_ads: 0.496, bed_util_des: 0.495, des_th: 0.49549244221489913,frac_lost: 0.102, li_recovered:  8.411, time: 0.005609406000075978
L: 0.50, u_super: 0.00336, sec: 181.380, prod: 0.075535, t_ads: 57.3, t_des: 52.3, bed_util_ads: 0.496, bed_util_des: 0.495, des_th: 0.49547279560464513,frac_lost: 0.100, li_recovered:  8.281, time: 0.005245185000603669
L: 0.50, u_super: 0.00827, sec: 473.002, prod: 0.187148, t_ads: 23.6, t_des: 21.2, bed_util_ads: 0.500, bed_util_des: 0.500, des_th: 0.4998176181919115,frac_lost: 0.106, li_recovered:  8.385, time: 0.005184315999940736
L: 0.50, u_super: 0.00038, sec: 82.093, prod: 0.002048, t_ads: 525.2, t_des: 3769.6, bed_util_ads: 0.230, bed_util_des: 0.183, des_th: 0.1830913442662851,frac_lost: 0.105, li_recovered:  8.796, time: 0.020380047999424278
L: 0.50, u_super: 0.00471, sec: 258.666, prod: 0.106019, t_ads: 41.3, t_des: 38.6, bed_util_ads: 0.494, bed_util_des: 0.493, des_th: 0.49350991335490213,frac_lost: 0.104, li_recovered:  8.472, time: 0.006707297001412371
   510 |    20400 |     40 |  0.0051699291 |             f
L: 0.50, u_super: 0.00285, sec: 153.684, prod: 0.063806, t_ads: 67.6, t_des: 60.9, bed_util_ads: 0.496, bed_util_des: 0.495, des_th: 0.49549255516511753,frac_lost: 0.102, li_recovered:  8.194, time: 0.006268306000492885
L: 0.50, u_super: 0.00395, sec: 216.289, prod: 0.088016, t_ads: 49.2, t_des: 47.7, bed_util_ads: 0.489, bed_util_des: 0.488, des_th: 0.488307774094928,frac_lost: 0.104, li_recovered:  8.526, time: 0.0049548970000614645
L: 0.50, u_super: 0.00613, sec: 341.401, prod: 0.138780, t_ads: 31.7, t_des: 28.6, bed_util_ads: 0.499, bed_util_des: 0.499, des_th: 0.49886823395317126,frac_lost: 0.102, li_recovered:  8.362, time: 0.006607397999687237
L: 0.50, u_super: 0.00937, sec: 542.142, prod: 0.212484, t_ads: 20.8, t_des: 18.9, bed_util_ads: 0.498, bed_util_des: 0.498, des_th: 0.4983395812179003,frac_lost: 0.104, li_recovered:  8.440, time: 0.006216951000169502
L: 0.50, u_super: 0.00461, sec: 253.063, prod: 0.103737, t_ads: 42.2, t_des: 37.7, bed_util_ads: 0.500, bed_util_des: 0.499, des_th: 0.49942132725883337,frac_lost: 0.106, li_recovered:  8.288, time: 0.005968900999505422
L: 0.50, u_super: 0.00591, sec: 327.978, prod: 0.133493, t_ads: 32.9, t_des: 29.5, bed_util_ads: 0.500, bed_util_des: 0.499, des_th: 0.49937441518265896,frac_lost: 0.102, li_recovered:  8.324, time: 0.004820148000362678
L: 0.50, u_super: 0.00056, sec: 39.897, prod: 0.009223, t_ads: 333.8, t_des: 536.6, bed_util_ads: 0.399, bed_util_des: 0.387, des_th: 0.3873187245520148,frac_lost: 0.103, li_recovered:  8.028, time: 0.007649533999938285
L: 0.50, u_super: 0.00522, sec: 287.446, prod: 0.117827, t_ads: 37.1, t_des: 33.3, bed_util_ads: 0.499, bed_util_des: 0.499, des_th: 0.49889752075923244,frac_lost: 0.101, li_recovered:  8.291, time: 0.005648951999319252
L: 0.50, u_super: 0.00506, sec: 2328.797, prod: 0.013648, t_ads: 38.7, t_des: 604.7, bed_util_ads: 0.192, bed_util_des: 0.187, des_th: 0.18697858009276935,frac_lost: 0.103, li_recovered:  8.782, time: 0.049110215999462525
L: 0.50, u_super: 0.00250, sec: 135.726, prod: 0.055289, t_ads: 77.3, t_des: 66.9, bed_util_ads: 0.500, bed_util_des: 0.499, des_th: 0.49941545004145743,frac_lost: 0.106, li_recovered:  7.972, time: 0.006126162999862572
L: 0.50, u_super: 0.00084, sec: 46.210, prod: 0.017850, t_ads: 224.0, t_des: 215.6, bed_util_ads: 0.473, bed_util_des: 0.472, des_th: 0.4716305668780635,frac_lost: 0.107, li_recovered:  7.848, time: 0.006035913998857723
L: 0.50, u_super: 0.00005 — INFEASIBLE (li_recovered=0.000e+00), time: 0.0011422640000091633
L: 0.50, u_super: 0.00669, sec: 374.605, prod: 0.151361, t_ads: 29.0, t_des: 25.9, bed_util_ads: 0.500, bed_util_des: 0.500, des_th: 0.49970294345080496,frac_lost: 0.101, li_recovered:  8.315, time: 0.0057020329986698925
L: 0.50, u_super: 0.00335, sec: 181.653, prod: 0.075102, t_ads: 58.0, t_des: 53.0, bed_util_ads: 0.496, bed_util_des: 0.495, des_th: 0.49549853630652163,frac_lost: 0.108, li_recovered:  8.336, time: 0.005880235001313849
L: 0.50, u_super: 0.00302, sec: 163.684, prod: 0.067455, t_ads: 63.7, t_des: 56.1, bed_util_ads: 0.499, bed_util_des: 0.499, des_th: 0.499045007895463,frac_lost: 0.102, li_recovered:  8.081, time: 0.006793151998863323
L: 0.50, u_super: 0.00505, sec: 277.757, prod: 0.113805, t_ads: 38.5, t_des: 34.8, bed_util_ads: 0.498, bed_util_des: 0.498, des_th: 0.4977276482873122,frac_lost: 0.105, li_recovered:  8.343, time: 0.006816817000071751
L: 0.50, u_super: 0.00480, sec: 263.778, prod: 0.108236, t_ads: 40.5, t_des: 36.9, bed_util_ads: 0.497, bed_util_des: 0.497, des_th: 0.4965703343336697,frac_lost: 0.106, li_recovered:  8.383, time: 0.007109267000487307
L: 0.50, u_super: 0.00583, sec: 323.533, prod: 0.131943, t_ads: 33.3, t_des: 30.2, bed_util_ads: 0.498, bed_util_des: 0.498, des_th: 0.4975233799478325,frac_lost: 0.102, li_recovered:  8.375, time: 0.005450954999105306
L: 0.50, u_super: 0.00586, sec: 324.935, prod: 0.132406, t_ads: 33.1, t_des: 29.7, bed_util_ads: 0.500, bed_util_des: 0.500, des_th: 0.49953366942787736,frac_lost: 0.101, li_recovered:  8.314, time: 0.005809284000861226
L: 0.50, u_super: 0.00087, sec: 47.988, prod: 0.018291, t_ads: 216.2, t_des: 220.8, bed_util_ads: 0.466, bed_util_des: 0.464, des_th: 0.4642104296393397,frac_lost: 0.102, li_recovered:  7.994, time: 0.005966132001049118
L: 0.50, u_super: 0.00693, sec: 390.384, prod: 0.156531, t_ads: 28.2, t_des: 25.3, bed_util_ads: 0.500, bed_util_des: 0.499, des_th: 0.4994744173229282,frac_lost: 0.107, li_recovered:  8.382, time: 0.005107441000291146
L: 0.50, u_super: 0.00966, sec: 561.264, prod: 0.218793, t_ads: 20.2, t_des: 18.7, bed_util_ads: 0.497, bed_util_des: 0.496, des_th: 0.49641670266296267,frac_lost: 0.104, li_recovered:  8.524, time: 0.007559446999948705
L: 0.50, u_super: 0.00113, sec: 61.721, prod: 0.024232, t_ads: 168.3, t_des: 167.8, bed_util_ads: 0.474, bed_util_des: 0.472, des_th: 0.47228498714861467,frac_lost: 0.105, li_recovered:  8.143, time: 0.0061039379997964716
L: 0.50, u_super: 0.00989, sec: 579.344, prod: 0.223068, t_ads: 19.8, t_des: 18.8, bed_util_ads: 0.494, bed_util_des: 0.493, des_th: 0.49350991335490213,frac_lost: 0.105, li_recovered:  8.600, time: 0.007370188001004863
L: 0.50, u_super: 0.00419, sec: 229.176, prod: 0.094140, t_ads: 46.4, t_des: 43.3, bed_util_ads: 0.493, bed_util_des: 0.493, des_th: 0.49269278226643426,frac_lost: 0.106, li_recovered:  8.452, time: 0.005922215999817126
L: 0.50, u_super: 0.00905, sec: 522.023, prod: 0.205118, t_ads: 21.6, t_des: 19.6, bed_util_ads: 0.500, bed_util_des: 0.500, des_th: 0.499641982108659,frac_lost: 0.105, li_recovered:  8.446, time: 0.0081921519995376
L: 0.50, u_super: 0.00698, sec: 393.198, prod: 0.157676, t_ads: 28.0, t_des: 25.7, bed_util_ads: 0.498, bed_util_des: 0.498, des_th: 0.49763511036992425,frac_lost: 0.107, li_recovered:  8.468, time: 0.00818243299909227
L: 0.50, u_super: 0.00009 — INFEASIBLE (li_recovered=0.000e+00), time: 0.0012496719991759164
L: 0.50, u_super: 0.00831, sec: 476.060, prod: 0.187830, t_ads: 23.5, t_des: 21.9, bed_util_ads: 0.496, bed_util_des: 0.495, des_th: 0.49549255516511753,frac_lost: 0.106, li_recovered:  8.527, time: 0.006822235000072396
L: 0.50, u_super: 0.00222, sec: 119.380, prod: 0.049094, t_ads: 87.1, t_des: 77.6, bed_util_ads: 0.496, bed_util_des: 0.496, des_th: 0.49613936176544604,frac_lost: 0.107, li_recovered:  8.088, time: 0.00814350900145655
L: 0.50, u_super: 0.00700, sec: 3486.181, prod: 0.017900, t_ads: 28.0, t_des: 462.5, bed_util_ads: 0.189, bed_util_des: 0.185, des_th: 0.18469864429850988,frac_lost: 0.102, li_recovered:  8.780, time: 0.046348703999683494
L: 0.50, u_super: 0.00099, sec: 54.065, prod: 0.021209, t_ads: 190.9, t_des: 186.7, bed_util_ads: 0.474, bed_util_des: 0.472, des_th: 0.47228498714861467,frac_lost: 0.104, li_recovered:  8.007, time: 0.006180327000038233
L: 0.50, u_super: 0.00177, sec: 95.850, prod: 0.038581, t_ads: 108.3, t_des: 93.7, bed_util_ads: 0.497, bed_util_des: 0.497, des_th: 0.4966842936984278,frac_lost: 0.103, li_recovered:  7.794, time: 0.005916850999710732
L: 0.50, u_super: 0.00152, sec: 81.993, prod: 0.033116, t_ads: 126.2, t_des: 111.9, bed_util_ads: 0.493, bed_util_des: 0.493, des_th: 0.492908351876895,frac_lost: 0.106, li_recovered:  7.887, time: 0.00499519799996051
L: 1.86, u_super: 0.00744, sec: 1613.155, prod: 0.163429, t_ads: 96.5, t_des: 83.8, bed_util_ads: 0.499, bed_util_des: 0.498, des_th: 0.49851558035122207,frac_lost: 0.109, li_recovered:  29.469, time: 0.005434351998701459
L: 0.50, u_super: 0.00894, sec: 515.767, prod: 0.202378, t_ads: 21.9, t_des: 19.8, bed_util_ads: 0.500, bed_util_des: 0.500, des_th: 0.49991774949295187,frac_lost: 0.108, li_recovered:  8.447, time: 0.0053993559995433316
L: 0.50, u_super: 0.00137, sec: 83.044, prod: 0.026832, t_ads: 139.1, t_des: 173.0, bed_util_ads: 0.449, bed_util_des: 0.445, des_th: 0.4455505819732251,frac_lost: 0.102, li_recovered:  8.374, time: 0.005663486999765155
L: 0.50, u_super: 0.00827, sec: 473.114, prod: 0.187104, t_ads: 23.7, t_des: 21.3, bed_util_ads: 0.500, bed_util_des: 0.500, des_th: 0.4999652112056547,frac_lost: 0.107, li_recovered:  8.403, time: 0.004766346000906196
L: 0.50, u_super: 0.00474, sec: 260.202, prod: 0.106557, t_ads: 41.1, t_des: 36.6, bed_util_ads: 0.500, bed_util_des: 0.499, des_th: 0.4993567404318791,frac_lost: 0.105, li_recovered:  8.274, time: 0.004668665998906363
L: 0.50, u_super: 0.00606, sec: 337.079, prod: 0.137092, t_ads: 32.1, t_des: 29.0, bed_util_ads: 0.499, bed_util_des: 0.499, des_th: 0.4987962594088514,frac_lost: 0.103, li_recovered:  8.369, time: 0.004945356000462198
   511 |    20440 |     40 |  0.0037227589 |             f
L: 0.50, u_super: 0.00265, sec: 143.525, prod: 0.058741, t_ads: 72.7, t_des: 63.3, bed_util_ads: 0.499, bed_util_des: 0.499, des_th: 0.49886823395317126,frac_lost: 0.103, li_recovered:  7.987, time: 0.005446179000500706
L: 0.50, u_super: 0.00165, sec: 89.345, prod: 0.036284, t_ads: 115.5, t_des: 102.4, bed_util_ads: 0.493, bed_util_des: 0.493, des_th: 0.49269278226643426,frac_lost: 0.103, li_recovered:  7.905, time: 0.00520778800091648
L: 0.50, u_super: 0.00695, sec: 390.022, prod: 0.157342, t_ads: 28.0, t_des: 25.2, bed_util_ads: 0.499, bed_util_des: 0.499, des_th: 0.4989080989930215,frac_lost: 0.101, li_recovered:  8.369, time: 0.0042529450001893565
L: 0.50, u_super: 0.00360, sec: 195.207, prod: 0.080762, t_ads: 54.0, t_des: 49.0, bed_util_ads: 0.496, bed_util_des: 0.495, des_th: 0.4954907870212785,frac_lost: 0.106, li_recovered:  8.317, time: 0.005408304999946267
L: 0.50, u_super: 0.00799, sec: 453.947, prod: 0.181337, t_ads: 24.3, t_des: 22.3, bed_util_ads: 0.498, bed_util_des: 0.498, des_th: 0.4977212339471246,frac_lost: 0.100, li_recovered:  8.443, time: 0.004338430999268894
L: 8.67, u_super: 0.00827 — INFEASIBLE (li_recovered=0.000e+00), time: 0.0024368599988520145
L: 21.49, u_super: 0.00947, sec: 72109.954, prod: 0.070266, t_ads: 900.4, t_des: 4387.8, bed_util_ads: 0.246, bed_util_des: 0.185, des_th: 0.1851696623157332,frac_lost: 0.103, li_recovered:  371.584, time: 0.01468994499919063
L: 0.50, u_super: 0.00549, sec: 302.897, prod: 0.123974, t_ads: 35.4, t_des: 32.4, bed_util_ads: 0.496, bed_util_des: 0.496, des_th: 0.49613936176544604,frac_lost: 0.102, li_recovered:  8.406, time: 0.005780535000667442
L: 0.50, u_super: 0.00051, sec: 29.344, prod: 0.010170, t_ads: 358.5, t_des: 384.2, bed_util_ads: 0.446, bed_util_des: 0.442, des_th: 0.44197811941948917,frac_lost: 0.100, li_recovered:  7.553, time: 0.004938615998980822
L: 0.50, u_super: 0.00990, sec: 576.726, prod: 0.224532, t_ads: 19.7, t_des: 17.9, bed_util_ads: 0.500, bed_util_des: 0.499, des_th: 0.49942132725883337,frac_lost: 0.105, li_recovered:  8.438, time: 0.006757342998753302
L: 0.50, u_super: 0.00391, sec: 213.083, prod: 0.087758, t_ads: 49.7, t_des: 46.5, bed_util_ads: 0.493, bed_util_des: 0.493, des_th: 0.49269278226643426,frac_lost: 0.106, li_recovered:  8.443, time: 0.006206136000400875
L: 0.50, u_super: 0.00396, sec: 217.190, prod: 0.088276, t_ads: 49.1, t_des: 47.5, bed_util_ads: 0.489, bed_util_des: 0.488, des_th: 0.488307774094928,frac_lost: 0.106, li_recovered:  8.526, time: 0.005234844998994959
L: 0.50, u_super: 0.00159, sec: 86.455, prod: 0.034557, t_ads: 120.5, t_des: 104.2, bed_util_ads: 0.497, bed_util_des: 0.497, des_th: 0.49666724062714523,frac_lost: 0.106, li_recovered:  7.765, time: 0.004028071998618543
L: 0.50, u_super: 0.00034 — INFEASIBLE (li_recovered=0.000e+00), time: 0.001939838000907912
L: 0.50, u_super: 0.00859, sec: 493.162, prod: 0.194433, t_ads: 22.8, t_des: 20.6, bed_util_ads: 0.500, bed_util_des: 0.499, des_th: 0.49941545004145743,frac_lost: 0.107, li_recovered:  8.440, time: 0.005003860000215354
L: 0.50, u_super: 0.00601, sec: 345.405, prod: 0.131392, t_ads: 32.4, t_des: 33.5, bed_util_ads: 0.482, bed_util_des: 0.482, des_th: 0.4817615420119862,frac_lost: 0.104, li_recovered:  8.657, time: 0.004646076000426547
L: 0.50, u_super: 0.00913, sec: 527.581, prod: 0.206864, t_ads: 21.4, t_des: 19.4, bed_util_ads: 0.500, bed_util_des: 0.500, des_th: 0.49982735962749203,frac_lost: 0.106, li_recovered:  8.444, time: 0.005181418000574922
L: 0.50, u_super: 0.00618, sec: 384.889, prod: 0.125140, t_ads: 31.7, t_des: 37.7, bed_util_ads: 0.464, bed_util_des: 0.463, des_th: 0.4629461388510011,frac_lost: 0.109, li_recovered:  8.688, time: 0.00496899399877293
L: 0.50, u_super: 0.00432, sec: 236.156, prod: 0.097176, t_ads: 45.1, t_des: 41.1, bed_util_ads: 0.497, bed_util_des: 0.497, des_th: 0.49669394100432745,frac_lost: 0.107, li_recovered:  8.375, time: 0.0047265779994631885
L: 0.50, u_super: 0.00562, sec: 310.724, prod: 0.126996, t_ads: 34.5, t_des: 31.0, bed_util_ads: 0.500, bed_util_des: 0.499, des_th: 0.49945673433774407,frac_lost: 0.101, li_recovered:  8.312, time: 0.004230341999573284
L: 0.50, u_super: 0.00325, sec: 175.855, prod: 0.072756, t_ads: 59.7, t_des: 55.3, bed_util_ads: 0.493, bed_util_des: 0.493, des_th: 0.4927817231101853,frac_lost: 0.106, li_recovered:  8.369, time: 0.004635474000679096
L: 20.52, u_super: 0.00600 — INFEASIBLE (li_recovered=0.000e+00), time: 0.0013043429989920696
L: 0.50, u_super: 0.00704, sec: 396.915, prod: 0.159103, t_ads: 27.8, t_des: 25.2, bed_util_ads: 0.499, bed_util_des: 0.499, des_th: 0.49895445503390595,frac_lost: 0.107, li_recovered:  8.424, time: 0.0049171869995916495
L: 0.50, u_super: 0.00010 — INFEASIBLE (li_recovered=0.000e+00), time: 0.0012642520014196634
L: 0.50, u_super: 0.00206, sec: 111.310, prod: 0.045484, t_ads: 93.6, t_des: 82.5, bed_util_ads: 0.497, bed_util_des: 0.496, des_th: 0.4965703343336697,frac_lost: 0.107, li_recovered:  8.009, time: 0.004911115000140853
L: 0.50, u_super: 0.00748, sec: 424.209, prod: 0.169067, t_ads: 26.2, t_des: 24.0, bed_util_ads: 0.498, bed_util_des: 0.498, des_th: 0.4977276482873122,frac_lost: 0.107, li_recovered:  8.484, time: 0.00839632499992149
L: 0.50, u_super: 0.00005, sec: 4.326, prod: 0.000669, t_ads: 3409.5, t_des: 5821.8, bed_util_ads: 0.252, bed_util_des: 0.185, des_th: 0.1851696623157332,frac_lost: 0.101, li_recovered:  6.177, time: 0.00551199099936639
L: 0.50, u_super: 0.00360, sec: 194.783, prod: 0.080938, t_ads: 53.6, t_des: 50.0, bed_util_ads: 0.493, bed_util_des: 0.493, des_th: 0.4927836211308446,frac_lost: 0.100, li_recovered:  8.387, time: 0.004292048000934301
L: 0.50, u_super: 0.00296, sec: 160.009, prod: 0.065884, t_ads: 65.2, t_des: 57.3, bed_util_ads: 0.500, bed_util_des: 0.499, des_th: 0.4995095825475184,frac_lost: 0.102, li_recovered:  8.069, time: 0.0058389759997226065
L: 1.81, u_super: 0.00531, sec: 1124.542, prod: 0.113044, t_ads: 129.6, t_des: 107.4, bed_util_ads: 0.500, bed_util_des: 0.500, des_th: 0.49958436857436356,frac_lost: 0.101, li_recovered:  26.799, time: 0.006625350999456714
L: 0.50, u_super: 0.00301, sec: 162.390, prod: 0.067435, t_ads: 64.0, t_des: 57.7, bed_util_ads: 0.496, bed_util_des: 0.496, des_th: 0.49613936176544604,frac_lost: 0.102, li_recovered:  8.205, time: 0.005617905000690371
L: 0.50, u_super: 0.00731, sec: 413.537, prod: 0.165176, t_ads: 26.8, t_des: 24.1, bed_util_ads: 0.500, bed_util_des: 0.500, des_th: 0.49971134751117785,frac_lost: 0.108, li_recovered:  8.400, time: 0.008555577998777153
L: 0.50, u_super: 0.00060, sec: 35.319, prod: 0.011965, t_ads: 308.9, t_des: 345.5, bed_util_ads: 0.447, bed_util_des: 0.442, des_th: 0.4417090201578952,frac_lost: 0.106, li_recovered:  7.830, time: 0.006026623001162079
L: 15.72, u_super: 0.00806 — INFEASIBLE (li_recovered=0.000e+00), time: 0.003421485000217217
L: 0.50, u_super: 0.00282, sec: 152.592, prod: 0.062911, t_ads: 68.2, t_des: 60.1, bed_util_ads: 0.499, bed_util_des: 0.499, des_th: 0.49886823395317126,frac_lost: 0.102, li_recovered:  8.070, time: 0.007546924000052968
L: 0.50, u_super: 0.00121, sec: 68.193, prod: 0.025384, t_ads: 156.6, t_des: 127.7, bed_util_ads: 0.499, bed_util_des: 0.499, des_th: 0.49906765944578335,frac_lost: 0.106, li_recovered:  7.216, time: 0.00654250499974296
L: 0.50, u_super: 0.00805, sec: 548.941, prod: 0.152373, t_ads: 24.2, t_des: 32.9, bed_util_ads: 0.448, bed_util_des: 0.447, des_th: 0.4473710519294767,frac_lost: 0.104, li_recovered:  8.710, time: 0.008985958000266692
L: 0.50, u_super: 0.00060, sec: 34.142, prod: 0.012377, t_ads: 305.5, t_des: 277.9, bed_util_ads: 0.474, bed_util_des: 0.472, des_th: 0.47228498714861467,frac_lost: 0.106, li_recovered:  7.221, time: 0.006320892000076128
L: 0.50, u_super: 0.00779, sec: 443.577, prod: 0.176079, t_ads: 25.1, t_des: 23.0, bed_util_ads: 0.497, bed_util_des: 0.497, des_th: 0.49710834259155845,frac_lost: 0.108, li_recovered:  8.482, time: 0.005471775000842172
L: 8.60, u_super: 0.00802 — INFEASIBLE (li_recovered=0.000e+00), time: 0.002581288999863318
   512 |    20480 |     40 |  0.0041314181 |             f
L: 0.50, u_super: 0.00163, sec: 90.446, prod: 0.034672, t_ads: 118.6, t_des: 123.4, bed_util_ads: 0.474, bed_util_des: 0.472, des_th: 0.47228498714861467,frac_lost: 0.109, li_recovered:  8.390, time: 0.009227626998836058
L: 0.50, u_super: 0.00578, sec: 320.448, prod: 0.130698, t_ads: 33.5, t_des: 30.1, bed_util_ads: 0.499, bed_util_des: 0.499, des_th: 0.49886823395317126,frac_lost: 0.101, li_recovered:  8.315, time: 0.006748013000105857
L: 17.55, u_super: 0.00153 — INFEASIBLE (li_recovered=0.000e+00), time: 0.0011991810006293235
L: 0.50, u_super: 0.00181, sec: 98.264, prod: 0.039581, t_ads: 105.7, t_des: 91.3, bed_util_ads: 0.498, bed_util_des: 0.498, des_th: 0.4978918352415366,frac_lost: 0.103, li_recovered:  7.799, time: 0.0061404119987855665
L: 18.39, u_super: 0.00880 — INFEASIBLE (li_recovered=0.000e+00), time: 0.002363286999752745
L: 0.50, u_super: 0.00651, sec: 365.753, prod: 0.146718, t_ads: 30.1, t_des: 28.0, bed_util_ads: 0.496, bed_util_des: 0.496, des_th: 0.49588096677930027,frac_lost: 0.109, li_recovered:  8.517, time: 0.005704286999389296
L: 0.50, u_super: 0.00952, sec: 552.463, prod: 0.215860, t_ads: 20.5, t_des: 18.6, bed_util_ads: 0.498, bed_util_des: 0.498, des_th: 0.4983395812179003,frac_lost: 0.105, li_recovered:  8.450, time: 0.00492391000079806
L: 0.50, u_super: 0.00505, sec: 279.896, prod: 0.112935, t_ads: 38.5, t_des: 37.3, bed_util_ads: 0.488, bed_util_des: 0.488, des_th: 0.48811512302263754,frac_lost: 0.103, li_recovered:  8.563, time: 0.007808424999893759
L: 0.50, u_super: 0.00179, sec: 97.052, prod: 0.039145, t_ads: 106.7, t_des: 106.6, bed_util_ads: 0.479, bed_util_des: 0.478, des_th: 0.4781639326112688,frac_lost: 0.100, li_recovered:  8.349, time: 0.010770814998977585
L: 0.50, u_super: 0.00058, sec: 33.907, prod: 0.011706, t_ads: 314.7, t_des: 347.6, bed_util_ads: 0.446, bed_util_des: 0.442, des_th: 0.44197811941948917,frac_lost: 0.100, li_recovered:  7.753, time: 0.013342782998734037
L: 0.50, u_super: 0.00859, sec: 493.090, prod: 0.194305, t_ads: 22.8, t_des: 20.7, bed_util_ads: 0.500, bed_util_des: 0.499, des_th: 0.4994150631795103,frac_lost: 0.107, li_recovered:  8.445, time: 0.011177886999576003
L: 0.50, u_super: 0.00704, sec: 397.208, prod: 0.158985, t_ads: 27.8, t_des: 25.3, bed_util_ads: 0.499, bed_util_des: 0.499, des_th: 0.49895445503390595,frac_lost: 0.109, li_recovered:  8.441, time: 0.009112588999414584
L: 0.50, u_super: 0.00818, sec: 467.142, prod: 0.185355, t_ads: 23.8, t_des: 21.9, bed_util_ads: 0.497, bed_util_des: 0.496, des_th: 0.49641670266296267,frac_lost: 0.104, li_recovered:  8.480, time: 0.009765628001332516
L: 0.50, u_super: 0.00883, sec: 508.709, prod: 0.199861, t_ads: 22.2, t_des: 20.1, bed_util_ads: 0.500, bed_util_des: 0.499, des_th: 0.4994787963023133,frac_lost: 0.108, li_recovered:  8.449, time: 0.009498589000941138
L: 0.50, u_super: 0.00455, sec: 249.347, prod: 0.102513, t_ads: 42.7, t_des: 39.5, bed_util_ads: 0.495, bed_util_des: 0.494, des_th: 0.49431402588567697,frac_lost: 0.105, li_recovered:  8.423, time: 0.009118489999309531
L: 0.50, u_super: 0.00090 — INFEASIBLE (li_recovered=0.000e+00), time: 0.004919109000184108
L: 0.50, u_super: 0.00026, sec: 16.418, prod: 0.004611, t_ads: 662.8, t_des: 777.1, bed_util_ads: 0.405, bed_util_des: 0.396, des_th: 0.3958358987786753,frac_lost: 0.100, li_recovered:  6.639, time: 0.010588750999886543
L: 0.50, u_super: 0.00981, sec: 571.088, prod: 0.222396, t_ads: 19.9, t_des: 18.1, bed_util_ads: 0.500, bed_util_des: 0.499, des_th: 0.49942132725883337,frac_lost: 0.105, li_recovered:  8.454, time: 0.009522611999273067
L: 0.50, u_super: 0.00564, sec: 311.884, prod: 0.127640, t_ads: 34.4, t_des: 31.5, bed_util_ads: 0.497, bed_util_des: 0.497, des_th: 0.49707389624911386,frac_lost: 0.101, li_recovered:  8.409, time: 0.007551365999461268
L: 0.50, u_super: 0.00099 — INFEASIBLE (li_recovered=0.000e+00), time: 0.005278309999994235
L: 0.50, u_super: 0.00735, sec: 420.637, prod: 0.164150, t_ads: 26.7, t_des: 25.9, bed_util_ads: 0.491, bed_util_des: 0.490, des_th: 0.49033318542206483,frac_lost: 0.108, li_recovered:  8.625, time: 0.007268958001077408
L: 0.50, u_super: 0.00432, sec: 236.774, prod: 0.096922, t_ads: 45.0, t_des: 42.6, bed_util_ads: 0.493, bed_util_des: 0.492, des_th: 0.4924329630977058,frac_lost: 0.106, li_recovered:  8.491, time: 0.0065870600010384806
L: 0.50, u_super: 0.00827, sec: 473.146, prod: 0.187091, t_ads: 23.7, t_des: 21.2, bed_util_ads: 0.500, bed_util_des: 0.500, des_th: 0.49985981753355174,frac_lost: 0.107, li_recovered:  8.397, time: 0.005725655999412993
L: 0.50, u_super: 0.00419, sec: 229.108, prod: 0.094168, t_ads: 46.4, t_des: 43.4, bed_util_ads: 0.493, bed_util_des: 0.493, des_th: 0.49270365777692426,frac_lost: 0.105, li_recovered:  8.458, time: 0.006531170000016573
L: 0.50, u_super: 0.00060, sec: 34.524, prod: 0.012240, t_ads: 303.2, t_des: 267.5, bed_util_ads: 0.477, bed_util_des: 0.476, des_th: 0.4765411497643649,frac_lost: 0.103, li_recovered:  6.984, time: 0.004986298999938299
L: 0.50, u_super: 0.00005, sec: 4.326, prod: 0.000669, t_ads: 3437.3, t_des: 5853.9, bed_util_ads: 0.253, bed_util_des: 0.185, des_th: 0.1851696623157332,frac_lost: 0.103, li_recovered:  6.218, time: 0.0071321670002362225
L: 0.50, u_super: 0.00979, sec: 570.316, prod: 0.221933, t_ads: 20.0, t_des: 18.1, bed_util_ads: 0.500, bed_util_des: 0.500, des_th: 0.49982735962749203,frac_lost: 0.106, li_recovered:  8.449, time: 0.006721846999425907
L: 0.50, u_super: 0.00083, sec: 45.830, prod: 0.017693, t_ads: 225.9, t_des: 217.6, bed_util_ads: 0.474, bed_util_des: 0.472, des_th: 0.47228498714861467,frac_lost: 0.107, li_recovered:  7.846, time: 0.00843761099895346
L: 0.50, u_super: 0.00005, sec: 4.332, prod: 0.000668, t_ads: 3399.4, t_des: 5772.9, bed_util_ads: 0.251, bed_util_des: 0.185, des_th: 0.1851696623157332,frac_lost: 0.100, li_recovered:  6.129, time: 0.007039574998998432
L: 0.50, u_super: 0.00988, sec: 575.892, prod: 0.223907, t_ads: 19.8, t_des: 18.0, bed_util_ads: 0.500, bed_util_des: 0.499, des_th: 0.49942171412078057,frac_lost: 0.106, li_recovered:  8.459, time: 0.006820194999818341
L: 6.88, u_super: 0.00906 — INFEASIBLE (li_recovered=0.000e+00), time: 0.004953624000336276
L: 0.50, u_super: 0.00658, sec: 368.164, prod: 0.148836, t_ads: 29.5, t_des: 26.4, bed_util_ads: 0.500, bed_util_des: 0.500, des_th: 0.4997000584498276,frac_lost: 0.101, li_recovered:  8.314, time: 0.006677065999610932
L: 0.50, u_super: 0.00113, sec: 61.665, prod: 0.024253, t_ads: 168.2, t_des: 167.4, bed_util_ads: 0.475, bed_util_des: 0.473, des_th: 0.4732599259832361,frac_lost: 0.104, li_recovered:  8.139, time: 0.005204005999985384
L: 2.68, u_super: 0.00611, sec: 2094.007, prod: 0.120610, t_ads: 168.0, t_des: 201.2, bed_util_ads: 0.451, bed_util_des: 0.447, des_th: 0.44754145294687997,frac_lost: 0.107, li_recovered:  44.528, time: 0.005722412999602966
L: 0.50, u_super: 0.00321, sec: 172.870, prod: 0.071995, t_ads: 60.1, t_des: 55.5, bed_util_ads: 0.493, bed_util_des: 0.493, des_th: 0.4927754120201461,frac_lost: 0.101, li_recovered:  8.324, time: 0.004006028999356204
L: 0.50, u_super: 0.00505, sec: 282.860, prod: 0.111752, t_ads: 38.4, t_des: 38.7, bed_util_ads: 0.484, bed_util_des: 0.484, des_th: 0.48373080336612206,frac_lost: 0.101, li_recovered:  8.609, time: 0.0064490929999010405
L: 0.50, u_super: 0.00468, sec: 256.667, prod: 0.105442, t_ads: 41.6, t_des: 37.9, bed_util_ads: 0.497, bed_util_des: 0.497, des_th: 0.4965766454193616,frac_lost: 0.106, li_recovered:  8.385, time: 0.0054882779986655805
L: 0.50, u_super: 0.00045, sec: 26.903, prod: 0.008840, t_ads: 393.2, t_des: 350.4, bed_util_ads: 0.466, bed_util_des: 0.465, des_th: 0.4645770153237084,frac_lost: 0.102, li_recovered:  6.574, time: 0.004420736000611214
L: 0.50, u_super: 0.00623, sec: 346.903, prod: 0.141028, t_ads: 31.2, t_des: 28.5, bed_util_ads: 0.498, bed_util_des: 0.498, des_th: 0.4977001465996765,frac_lost: 0.102, li_recovered:  8.417, time: 0.005579556000157027
L: 0.50, u_super: 0.00617, sec: 343.346, prod: 0.139536, t_ads: 31.5, t_des: 28.5, bed_util_ads: 0.499, bed_util_des: 0.499, des_th: 0.49886823395317126,frac_lost: 0.102, li_recovered:  8.371, time: 0.006380943001204287
   513 |    20520 |     40 |  0.0022017064 |             f
L: 0.50, u_super: 0.00559, sec: 309.051, prod: 0.126159, t_ads: 34.7, t_des: 31.1, bed_util_ads: 0.499, bed_util_des: 0.499, des_th: 0.4989772645757815,frac_lost: 0.102, li_recovered:  8.305, time: 0.0072170450002886355
L: 0.50, u_super: 0.00347, sec: 188.133, prod: 0.077720, t_ads: 56.0, t_des: 51.9, bed_util_ads: 0.493, bed_util_des: 0.493, des_th: 0.4927836211308446,frac_lost: 0.107, li_recovered:  8.389, time: 0.005567084999711369
L: 0.50, u_super: 0.00831, sec: 473.940, prod: 0.188671, t_ads: 23.4, t_des: 21.4, bed_util_ads: 0.498, bed_util_des: 0.498, des_th: 0.4980438938087798,frac_lost: 0.100, li_recovered:  8.446, time: 0.005452660001537879
L: 0.50, u_super: 0.00724, sec: 408.224, prod: 0.164102, t_ads: 26.8, t_des: 24.8, bed_util_ads: 0.497, bed_util_des: 0.497, des_th: 0.4966927407857059,frac_lost: 0.102, li_recovered:  8.469, time: 0.004785468001500703
L: 0.50, u_super: 0.00421, sec: 229.833, prod: 0.094595, t_ads: 46.2, t_des: 43.2, bed_util_ads: 0.493, bed_util_des: 0.493, des_th: 0.49270365777692426,frac_lost: 0.105, li_recovered:  8.449, time: 0.004613774999597808
L: 0.50, u_super: 0.00957, sec: 616.662, prod: 0.195339, t_ads: 20.4, t_des: 24.2, bed_util_ads: 0.465, bed_util_des: 0.465, des_th: 0.46450486459212414,frac_lost: 0.104, li_recovered:  8.716, time: 0.004827269998713746
L: 0.50, u_super: 0.00820, sec: 472.259, prod: 0.184280, t_ads: 23.8, t_des: 22.9, bed_util_ads: 0.491, bed_util_des: 0.491, des_th: 0.49087084980181717,frac_lost: 0.105, li_recovered:  8.610, time: 0.005802436999147176
L: 0.50, u_super: 0.00805, sec: 459.733, prod: 0.182045, t_ads: 24.3, t_des: 22.3, bed_util_ads: 0.498, bed_util_des: 0.498, des_th: 0.49788793799670017,frac_lost: 0.107, li_recovered:  8.493, time: 0.005825911001011264
L: 0.50, u_super: 0.00126, sec: 68.524, prod: 0.027096, t_ads: 151.0, t_des: 151.8, bed_util_ads: 0.474, bed_util_des: 0.473, des_th: 0.47295330295486393,frac_lost: 0.101, li_recovered:  8.203, time: 0.004634635000911658
L: 0.50, u_super: 0.00455, sec: 263.761, prod: 0.096911, t_ads: 42.6, t_des: 46.5, bed_util_ads: 0.473, bed_util_des: 0.473, des_th: 0.47272844999235125,frac_lost: 0.102, li_recovered:  8.637, time: 0.005330981000952306
L: 0.50, u_super: 0.00297, sec: 160.076, prod: 0.066430, t_ads: 64.9, t_des: 58.4, bed_util_ads: 0.496, bed_util_des: 0.496, des_th: 0.4955913352963341,frac_lost: 0.102, li_recovered:  8.192, time: 0.006307117000687867
L: 0.50, u_super: 0.00578, sec: 3492.384, prod: 0.011992, t_ads: 33.9, t_des: 698.7, bed_util_ads: 0.172, bed_util_des: 0.167, des_th: 0.16704368480566809,frac_lost: 0.102, li_recovered:  8.785, time: 0.047428410000065924
L: 0.50, u_super: 0.00936, sec: 542.414, prod: 0.212177, t_ads: 20.9, t_des: 19.2, bed_util_ads: 0.498, bed_util_des: 0.498, des_th: 0.4983249407137479,frac_lost: 0.105, li_recovered:  8.493, time: 0.006438975999117247
L: 0.50, u_super: 0.00420, sec: 229.305, prod: 0.094251, t_ads: 46.3, t_des: 43.4, bed_util_ads: 0.493, bed_util_des: 0.493, des_th: 0.49269278226643426,frac_lost: 0.106, li_recovered:  8.455, time: 0.006652521999058081
L: 0.50, u_super: 0.00244, sec: 131.002, prod: 0.054292, t_ads: 79.2, t_des: 73.7, bed_util_ads: 0.491, bed_util_des: 0.491, des_th: 0.4908018482631394,frac_lost: 0.104, li_recovered:  8.300, time: 0.005820301999847288
L: 0.50, u_super: 0.00741, sec: 419.424, prod: 0.167391, t_ads: 26.4, t_des: 23.9, bed_util_ads: 0.498, bed_util_des: 0.498, des_th: 0.4983322663219136,frac_lost: 0.108, li_recovered:  8.430, time: 0.006957906000025105
L: 16.68, u_super: 0.00206 — INFEASIBLE (li_recovered=0.000e+00), time: 0.001536247000331059
L: 0.50, u_super: 0.00321, sec: 173.794, prod: 0.071612, t_ads: 60.2, t_des: 52.9, bed_util_ads: 0.500, bed_util_des: 0.499, des_th: 0.4993378512605886,frac_lost: 0.102, li_recovered:  8.096, time: 0.008320620001541101
L: 0.50, u_super: 0.00507, sec: 279.074, prod: 0.114431, t_ads: 38.2, t_des: 35.8, bed_util_ads: 0.493, bed_util_des: 0.493, des_th: 0.4927817231101853,frac_lost: 0.101, li_recovered:  8.469, time: 0.006774273999326397
L: 5.56, u_super: 0.00446 — INFEASIBLE (li_recovered=0.000e+00), time: 0.0027729260000342038
L: 0.50, u_super: 0.00638, sec: 379.118, prod: 0.135649, t_ads: 30.6, t_des: 33.4, bed_util_ads: 0.475, bed_util_des: 0.474, des_th: 0.47445420019950424,frac_lost: 0.106, li_recovered:  8.681, time: 0.0057204119984817225
L: 0.50, u_super: 0.00235, sec: 126.320, prod: 0.052093, t_ads: 82.2, t_des: 73.2, bed_util_ads: 0.496, bed_util_des: 0.496, des_th: 0.49613936176544604,frac_lost: 0.104, li_recovered:  8.092, time: 0.007971238001118763
L: 0.50, u_super: 0.00247, sec: 133.094, prod: 0.054876, t_ads: 78.2, t_des: 69.5, bed_util_ads: 0.497, bed_util_des: 0.497, des_th: 0.4968069040364701,frac_lost: 0.105, li_recovered:  8.103, time: 0.006819170999733615
L: 0.50, u_super: 0.00409, sec: 222.807, prod: 0.091918, t_ads: 47.5, t_des: 42.6, bed_util_ads: 0.498, bed_util_des: 0.498, des_th: 0.49772884850593374,frac_lost: 0.104, li_recovered:  8.284, time: 0.005462256000100751
L: 0.50, u_super: 0.00012, sec: 14.125, prod: 0.001271, t_ads: 1558.7, t_des: 4913.0, bed_util_ads: 0.257, bed_util_des: 0.185, des_th: 0.1851696623157332,frac_lost: 0.101, li_recovered:  8.225, time: 0.014144700000542798
L: 42.82, u_super: 0.00573 — INFEASIBLE (li_recovered=0.000e+00), time: 0.0017092840007535415
L: 0.50, u_super: 0.00731, sec: 413.815, prod: 0.165065, t_ads: 26.8, t_des: 24.0, bed_util_ads: 0.500, bed_util_des: 0.500, des_th: 0.4996491136562221,frac_lost: 0.108, li_recovered:  8.385, time: 0.007875874000092153
L: 39.98, u_super: 0.00468 — INFEASIBLE (li_recovered=0.000e+00), time: 0.0010424829997646157
L: 0.50, u_super: 0.00321, sec: 172.870, prod: 0.071995, t_ads: 60.1, t_des: 55.5, bed_util_ads: 0.493, bed_util_des: 0.493, des_th: 0.4927754120201461,frac_lost: 0.101, li_recovered:  8.324, time: 0.00733235500047158
L: 0.50, u_super: 0.00990, sec: 576.697, prod: 0.224547, t_ads: 19.7, t_des: 17.9, bed_util_ads: 0.500, bed_util_des: 0.499, des_th: 0.49942132725883337,frac_lost: 0.105, li_recovered:  8.448, time: 0.005807960000311141
L: 0.50, u_super: 0.00945, sec: 563.976, prod: 0.207825, t_ads: 20.6, t_des: 21.2, bed_util_ads: 0.483, bed_util_des: 0.483, des_th: 0.4831849390863968,frac_lost: 0.103, li_recovered:  8.690, time: 0.007273702000020421
L: 0.50, u_super: 0.00005 — INFEASIBLE (li_recovered=0.000e+00), time: 0.0012670039996010019
L: 0.50, u_super: 0.00806, sec: 459.975, prod: 0.182148, t_ads: 24.3, t_des: 22.3, bed_util_ads: 0.498, bed_util_des: 0.498, des_th: 0.498015207805293,frac_lost: 0.108, li_recovered:  8.484, time: 0.0075835309999092715
L: 0.50, u_super: 0.00990, sec: 576.554, prod: 0.224599, t_ads: 19.7, t_des: 17.9, bed_util_ads: 0.500, bed_util_des: 0.499, des_th: 0.49942132725883337,frac_lost: 0.104, li_recovered:  8.445, time: 0.006360385999869322
L: 2.75, u_super: 0.00734, sec: 2417.212, prod: 0.156604, t_ads: 141.8, t_des: 119.1, bed_util_ads: 0.497, bed_util_des: 0.497, des_th: 0.4968069040364701,frac_lost: 0.102, li_recovered:  40.851, time: 0.0073508619989297586
L: 5.96, u_super: 0.00990 — INFEASIBLE (li_recovered=0.000e+00), time: 0.003542581000147038
L: 0.50, u_super: 0.00159, sec: 86.536, prod: 0.034525, t_ads: 120.6, t_des: 104.0, bed_util_ads: 0.497, bed_util_des: 0.496, des_th: 0.496568125610195,frac_lost: 0.107, li_recovered:  7.755, time: 0.008039887999984785
L: 0.50, u_super: 0.00654, sec: 368.591, prod: 0.146759, t_ads: 30.0, t_des: 28.4, bed_util_ads: 0.492, bed_util_des: 0.492, des_th: 0.4921780895818172,frac_lost: 0.108, li_recovered:  8.571, time: 0.005864643000677461
L: 0.50, u_super: 0.00232, sec: 125.465, prod: 0.051416, t_ads: 83.1, t_des: 73.1, bed_util_ads: 0.498, bed_util_des: 0.498, des_th: 0.4977276482873122,frac_lost: 0.106, li_recovered:  8.031, time: 0.009780214999409509
L: 0.50, u_super: 0.00675, sec: 378.643, prod: 0.152772, t_ads: 28.7, t_des: 25.6, bed_util_ads: 0.500, bed_util_des: 0.500, des_th: 0.4997960868072722,frac_lost: 0.101, li_recovered:  8.309, time: 0.007144946999687818
   514 |    20560 |     40 |  0.0053211900 |             f
L: 54.46, u_super: 0.00017 — INFEASIBLE (li_recovered=0.000e+00), time: 0.0009636880004109116
L: 0.50, u_super: 0.00291, sec: 157.637, prod: 0.064787, t_ads: 66.4, t_des: 63.9, bed_util_ads: 0.488, bed_util_des: 0.487, des_th: 0.4872951840951726,frac_lost: 0.104, li_recovered:  8.443, time: 0.005713423999623046
L: 0.50, u_super: 0.00861, sec: 494.630, prod: 0.194915, t_ads: 22.7, t_des: 20.6, bed_util_ads: 0.500, bed_util_des: 0.499, des_th: 0.49941545004145743,frac_lost: 0.107, li_recovered:  8.451, time: 0.0065257120004389435
L: 0.50, u_super: 0.00429, sec: 236.567, prod: 0.095768, t_ads: 45.3, t_des: 43.9, bed_util_ads: 0.489, bed_util_des: 0.488, des_th: 0.488279061516277,frac_lost: 0.105, li_recovered:  8.546, time: 0.007094598999174195
L: 0.50, u_super: 0.00159, sec: 86.332, prod: 0.034525, t_ads: 120.6, t_des: 104.3, bed_util_ads: 0.497, bed_util_des: 0.497, des_th: 0.49678758307787513,frac_lost: 0.105, li_recovered:  7.764, time: 0.007110636001016246
L: 0.50, u_super: 0.00937, sec: 542.498, prod: 0.212345, t_ads: 20.8, t_des: 19.1, bed_util_ads: 0.498, bed_util_des: 0.498, des_th: 0.49805301696035453,frac_lost: 0.105, li_recovered:  8.488, time: 0.007327588999032741
L: 0.50, u_super: 0.00754, sec: 428.026, prod: 0.170367, t_ads: 26.0, t_des: 23.8, bed_util_ads: 0.498, bed_util_des: 0.498, des_th: 0.4977276482873122,frac_lost: 0.108, li_recovered:  8.479, time: 0.006540566999319708
L: 0.50, u_super: 0.00505, sec: 277.337, prod: 0.113977, t_ads: 38.4, t_des: 35.2, bed_util_ads: 0.497, bed_util_des: 0.497, des_th: 0.4965703196408663,frac_lost: 0.102, li_recovered:  8.390, time: 0.004824554000151693
L: 0.50, u_super: 0.00751, sec: 560.724, prod: 0.128924, t_ads: 26.1, t_des: 41.5, bed_util_ads: 0.428, bed_util_des: 0.427, des_th: 0.42698101869963145,frac_lost: 0.106, li_recovered:  8.716, time: 0.006743825999365072
L: 0.50, u_super: 0.00195, sec: 105.907, prod: 0.042525, t_ads: 98.1, t_des: 84.0, bed_util_ads: 0.499, bed_util_des: 0.499, des_th: 0.49886823395317126,frac_lost: 0.100, li_recovered:  7.743, time: 0.004113493001568713
L: 0.50, u_super: 0.00371, sec: 201.946, prod: 0.083108, t_ads: 52.5, t_des: 49.1, bed_util_ads: 0.493, bed_util_des: 0.493, des_th: 0.4927426022853505,frac_lost: 0.107, li_recovered:  8.441, time: 0.004923426999084768
L: 9.06, u_super: 0.00005 — INFEASIBLE (li_recovered=0.000e+00), time: 0.0007420970014209161
L: 0.50, u_super: 0.00126, sec: 68.488, prod: 0.027110, t_ads: 150.8, t_des: 151.7, bed_util_ads: 0.474, bed_util_des: 0.473, des_th: 0.47295330295486393,frac_lost: 0.101, li_recovered:  8.200, time: 0.005105579999508336
L: 0.50, u_super: 0.00114, sec: 62.214, prod: 0.024484, t_ads: 166.6, t_des: 166.1, bed_util_ads: 0.475, bed_util_des: 0.473, des_th: 0.4732599259832361,frac_lost: 0.104, li_recovered:  8.145, time: 0.005499816999872564
L: 0.50, u_super: 0.00473, sec: 320.923, prod: 0.086094, t_ads: 41.0, t_des: 59.7, bed_util_ads: 0.438, bed_util_des: 0.437, des_th: 0.43662110183065833,frac_lost: 0.100, li_recovered:  8.664, time: 0.00681221199920401
L: 0.50, u_super: 0.00654, sec: 561.606, prod: 0.096320, t_ads: 29.8, t_des: 60.7, bed_util_ads: 0.398, bed_util_des: 0.396, des_th: 0.39618870252008925,frac_lost: 0.102, li_recovered:  8.713, time: 0.007851313999708509
L: 0.50, u_super: 0.00753, sec: 431.757, prod: 0.168145, t_ads: 26.0, t_des: 25.3, bed_util_ads: 0.490, bed_util_des: 0.490, des_th: 0.48991739946760177,frac_lost: 0.108, li_recovered:  8.627, time: 0.004966206999597489
L: 0.50, u_super: 0.00016 — INFEASIBLE (li_recovered=0.000e+00), time: 0.0015654290000384208
L: 0.50, u_super: 0.00717, sec: 404.978, prod: 0.161996, t_ads: 27.3, t_des: 24.8, bed_util_ads: 0.499, bed_util_des: 0.499, des_th: 0.4989080989930215,frac_lost: 0.108, li_recovered:  8.439, time: 0.005811269998957869
L: 0.50, u_super: 0.00017, sec: 21.734, prod: 0.001499, t_ads: 1170.9, t_des: 4465.3, bed_util_ads: 0.256, bed_util_des: 0.190, des_th: 0.19003407646572718,frac_lost: 0.102, li_recovered:  8.449, time: 0.01167732999965665
L: 0.50, u_super: 0.00886, sec: 509.772, prod: 0.200681, t_ads: 22.0, t_des: 19.9, bed_util_ads: 0.500, bed_util_des: 0.500, des_th: 0.49982735962749203,frac_lost: 0.105, li_recovered:  8.410, time: 0.005320229000062682
L: 0.50, u_super: 0.00126, sec: 68.649, prod: 0.027127, t_ads: 150.6, t_des: 151.9, bed_util_ads: 0.474, bed_util_des: 0.473, des_th: 0.47282319478585155,frac_lost: 0.100, li_recovered:  8.207, time: 0.004788928999914788
L: 0.50, u_super: 0.00831, sec: 475.317, prod: 0.188124, t_ads: 23.5, t_des: 21.4, bed_util_ads: 0.498, bed_util_des: 0.498, des_th: 0.4983304580663255,frac_lost: 0.106, li_recovered:  8.449, time: 0.004608168999766349
L: 0.50, u_super: 0.00652, sec: 365.630, prod: 0.146972, t_ads: 30.1, t_des: 27.3, bed_util_ads: 0.498, bed_util_des: 0.498, des_th: 0.4977212339471246,frac_lost: 0.110, li_recovered:  8.437, time: 0.004949842999849352
L: 0.50, u_super: 0.00151, sec: 82.736, prod: 0.032513, t_ads: 125.7, t_des: 106.7, bed_util_ads: 0.498, bed_util_des: 0.498, des_th: 0.49772766298011545,frac_lost: 0.100, li_recovered:  7.558, time: 0.004494088998399093
L: 0.50, u_super: 0.00023 — INFEASIBLE (li_recovered=0.000e+00), time: 0.0016341209993697703
L: 0.50, u_super: 0.00600, sec: 333.323, prod: 0.135674, t_ads: 32.4, t_des: 29.3, bed_util_ads: 0.498, bed_util_des: 0.498, des_th: 0.4978918352415366,frac_lost: 0.102, li_recovered:  8.367, time: 0.00476590400103305
L: 0.50, u_super: 0.00986, sec: 574.564, prod: 0.223635, t_ads: 19.8, t_des: 18.0, bed_util_ads: 0.499, bed_util_des: 0.499, des_th: 0.4993631789842925,frac_lost: 0.105, li_recovered:  8.453, time: 0.005386912998801563
L: 0.50, u_super: 0.00578, sec: 5174.910, prod: 0.008093, t_ads: 33.9, t_des: 1052.2, bed_util_ads: 0.145, bed_util_des: 0.140, des_th: 0.139560022081704,frac_lost: 0.102, li_recovered:  8.790, time: 0.06709329499972227
L: 0.50, u_super: 0.00831, sec: 475.656, prod: 0.187990, t_ads: 23.6, t_des: 21.6, bed_util_ads: 0.498, bed_util_des: 0.498, des_th: 0.4980438938087798,frac_lost: 0.107, li_recovered:  8.483, time: 0.004688364000685397
L: 0.50, u_super: 0.00947, sec: 548.736, prod: 0.214689, t_ads: 20.6, t_des: 18.7, bed_util_ads: 0.499, bed_util_des: 0.498, des_th: 0.49839802470733313,frac_lost: 0.105, li_recovered:  8.452, time: 0.00484120900000562
L: 0.50, u_super: 0.00297, sec: 160.172, prod: 0.066389, t_ads: 65.0, t_des: 58.3, bed_util_ads: 0.496, bed_util_des: 0.496, des_th: 0.4958627346849114,frac_lost: 0.103, li_recovered:  8.190, time: 0.004452373999811243
L: 0.50, u_super: 0.00819, sec: 468.183, prod: 0.185007, t_ads: 23.9, t_des: 21.9, bed_util_ads: 0.498, bed_util_des: 0.498, des_th: 0.4977240728060925,frac_lost: 0.108, li_recovered:  8.490, time: 0.0047352539986604825
L: 0.50, u_super: 0.00254, sec: 203.334, prod: 0.037963, t_ads: 76.6, t_des: 150.5, bed_util_ads: 0.398, bed_util_des: 0.395, des_th: 0.39456671300406515,frac_lost: 0.104, li_recovered:  8.622, time: 0.008681912000611192
L: 0.50, u_super: 0.00269, sec: 145.763, prod: 0.059645, t_ads: 71.6, t_des: 62.2, bed_util_ads: 0.500, bed_util_des: 0.499, des_th: 0.49942132725883337,frac_lost: 0.102, li_recovered:  7.982, time: 0.005030756999985897
L: 0.50, u_super: 0.00084, sec: 46.241, prod: 0.017838, t_ads: 221.9, t_des: 203.1, bed_util_ads: 0.481, bed_util_des: 0.479, des_th: 0.47957678654327607,frac_lost: 0.102, li_recovered:  7.580, time: 0.005896239001231152
L: 0.50, u_super: 0.00987, sec: 577.830, prod: 0.222741, t_ads: 19.8, t_des: 18.8, bed_util_ads: 0.493, bed_util_des: 0.493, des_th: 0.49269278226643426,frac_lost: 0.104, li_recovered:  8.597, time: 0.005681511000148021
L: 0.50, u_super: 0.00860, sec: 516.216, prod: 0.186065, t_ads: 22.7, t_des: 24.1, bed_util_ads: 0.479, bed_util_des: 0.479, des_th: 0.4786178022274771,frac_lost: 0.103, li_recovered:  8.697, time: 0.004950102000293555
L: 0.50, u_super: 0.00952, sec: 552.528, prod: 0.215835, t_ads: 20.5, t_des: 18.4, bed_util_ads: 0.500, bed_util_des: 0.500, des_th: 0.499818026019011,frac_lost: 0.105, li_recovered:  8.404, time: 0.0047671859992988175
L: 0.50, u_super: 0.00026, sec: 16.418, prod: 0.004611, t_ads: 662.8, t_des: 777.1, bed_util_ads: 0.405, bed_util_des: 0.396, des_th: 0.3958358987786753,frac_lost: 0.100, li_recovered:  6.639, time: 0.004879447000348591
   515 |    20600 |     40 |  0.0023425817 |             f
L: 0.50, u_super: 0.00835, sec: 484.910, prod: 0.186053, t_ads: 23.5, t_des: 23.0, bed_util_ads: 0.489, bed_util_des: 0.489, des_th: 0.4892623268596031,frac_lost: 0.109, li_recovered:  8.648, time: 0.006331866001346498
L: 0.50, u_super: 0.00102, sec: 55.619, prod: 0.021900, t_ads: 184.9, t_des: 181.5, bed_util_ads: 0.474, bed_util_des: 0.472, des_th: 0.47228498714861467,frac_lost: 0.102, li_recovered:  8.026, time: 0.005527424000320025
L: 0.50, u_super: 0.00446, sec: 243.982, prod: 0.100397, t_ads: 43.6, t_des: 39.9, bed_util_ads: 0.497, bed_util_des: 0.497, des_th: 0.4965703196408663,frac_lost: 0.106, li_recovered:  8.384, time: 0.00556173699987994
L: 0.50, u_super: 0.00549, sec: 313.643, prod: 0.119726, t_ads: 35.4, t_des: 36.8, bed_util_ads: 0.481, bed_util_des: 0.480, des_th: 0.48027893707956976,frac_lost: 0.103, li_recovered:  8.646, time: 0.0053654029998142505
L: 0.50, u_super: 0.00935, sec: 541.215, prod: 0.211882, t_ads: 20.9, t_des: 19.2, bed_util_ads: 0.498, bed_util_des: 0.498, des_th: 0.49830231706750594,frac_lost: 0.105, li_recovered:  8.491, time: 0.004585283999404055
L: 18.19, u_super: 0.00619 — INFEASIBLE (li_recovered=0.000e+00), time: 0.002190593000705121
L: 0.50, u_super: 0.00439, sec: 240.269, prod: 0.098508, t_ads: 44.5, t_des: 39.6, bed_util_ads: 0.500, bed_util_des: 0.499, des_th: 0.49942132725883337,frac_lost: 0.108, li_recovered:  8.287, time: 0.005445511000289116
L: 0.50, u_super: 0.00339, sec: 184.129, prod: 0.075897, t_ads: 57.4, t_des: 51.2, bed_util_ads: 0.498, bed_util_des: 0.497, des_th: 0.4974862415453368,frac_lost: 0.108, li_recovered:  8.245, time: 0.004285996001271997
L: 0.50, u_super: 0.00671, sec: 377.347, prod: 0.151451, t_ads: 29.2, t_des: 26.1, bed_util_ads: 0.500, bed_util_des: 0.500, des_th: 0.49988870239431893,frac_lost: 0.109, li_recovered:  8.378, time: 0.005387571000028402
L: 0.50, u_super: 0.00270, sec: 146.674, prod: 0.059933, t_ads: 71.3, t_des: 61.8, bed_util_ads: 0.500, bed_util_des: 0.500, des_th: 0.4996180167411176,frac_lost: 0.103, li_recovered:  7.979, time: 0.0045381540003290866
L: 4.02, u_super: 0.00552 — INFEASIBLE (li_recovered=0.000e+00), time: 0.0038352860010490986
L: 0.50, u_super: 0.00754, sec: 426.386, prod: 0.171022, t_ads: 25.7, t_des: 23.3, bed_util_ads: 0.500, bed_util_des: 0.499, des_th: 0.499459892638216,frac_lost: 0.101, li_recovered:  8.388, time: 0.0058983229992009
L: 0.50, u_super: 0.00523, sec: 288.383, prod: 0.117997, t_ads: 37.1, t_des: 33.2, bed_util_ads: 0.499, bed_util_des: 0.499, des_th: 0.4985838045188828,frac_lost: 0.103, li_recovered:  8.304, time: 0.005475983998621814
L: 0.50, u_super: 0.00986, sec: 574.419, prod: 0.223705, t_ads: 19.8, t_des: 18.0, bed_util_ads: 0.500, bed_util_des: 0.499, des_th: 0.49942388921538305,frac_lost: 0.105, li_recovered:  8.450, time: 0.006333704999633483
L: 0.50, u_super: 0.00415, sec: 226.284, prod: 0.093092, t_ads: 46.9, t_des: 41.9, bed_util_ads: 0.499, bed_util_des: 0.498, des_th: 0.4984697008578421,frac_lost: 0.106, li_recovered:  8.265, time: 0.004701264999312116
L: 0.50, u_super: 0.00247, sec: 133.011, prod: 0.054910, t_ads: 78.0, t_des: 69.5, bed_util_ads: 0.497, bed_util_des: 0.497, des_th: 0.4968069040364701,frac_lost: 0.104, li_recovered:  8.100, time: 0.00592744700043113
L: 0.50, u_super: 0.00831, sec: 730.354, prod: 0.122378, t_ads: 23.5, t_des: 47.8, bed_util_ads: 0.399, bed_util_des: 0.398, des_th: 0.3975530753122841,frac_lost: 0.103, li_recovered:  8.728, time: 0.01031461499951547
L: 0.50, u_super: 0.00804, sec: 458.264, prod: 0.181909, t_ads: 24.3, t_des: 21.8, bed_util_ads: 0.500, bed_util_des: 0.500, des_th: 0.4996492135050575,frac_lost: 0.105, li_recovered:  8.380, time: 0.005105528000058257
L: 0.50, u_super: 0.00549, sec: 302.897, prod: 0.123974, t_ads: 35.4, t_des: 32.4, bed_util_ads: 0.496, bed_util_des: 0.496, des_th: 0.49613936176544604,frac_lost: 0.102, li_recovered:  8.406, time: 0.007113465999282198
L: 0.50, u_super: 0.00914, sec: 527.934, prod: 0.206958, t_ads: 21.4, t_des: 19.2, bed_util_ads: 0.500, bed_util_des: 0.500, des_th: 0.49982735962749203,frac_lost: 0.106, li_recovered:  8.402, time: 0.006431513000279665
L: 0.50, u_super: 0.00005, sec: 4.423, prod: 0.000655, t_ads: 3143.1, t_des: 4834.4, bed_util_ads: 0.256, bed_util_des: 0.204, des_th: 0.2037792896621433,frac_lost: 0.102, li_recovered:  5.222, time: 0.007543087000158266
L: 0.50, u_super: 0.00896, sec: 516.496, prod: 0.202763, t_ads: 21.9, t_des: 19.8, bed_util_ads: 0.500, bed_util_des: 0.499, des_th: 0.49941545004145743,frac_lost: 0.107, li_recovered:  8.445, time: 0.00686666699948546
L: 0.50, u_super: 0.00754, sec: 442.247, prod: 0.164889, t_ads: 25.7, t_des: 26.9, bed_util_ads: 0.481, bed_util_des: 0.481, des_th: 0.48069600598132056,frac_lost: 0.100, li_recovered:  8.676, time: 0.007306941999559058
L: 0.50, u_super: 0.00793, sec: 450.216, prod: 0.180018, t_ads: 24.5, t_des: 22.4, bed_util_ads: 0.498, bed_util_des: 0.498, des_th: 0.4977212339471246,frac_lost: 0.100, li_recovered:  8.444, time: 0.007163185999161215
L: 0.50, u_super: 0.00298, sec: 160.600, prod: 0.066732, t_ads: 64.6, t_des: 58.3, bed_util_ads: 0.495, bed_util_des: 0.495, des_th: 0.495023198176555,frac_lost: 0.101, li_recovered:  8.204, time: 0.005932686999585712
L: 2.25, u_super: 0.00578, sec: 1509.887, prod: 0.124834, t_ads: 147.8, t_des: 129.0, bed_util_ads: 0.492, bed_util_des: 0.492, des_th: 0.4919830632053824,frac_lost: 0.104, li_recovered:  34.559, time: 0.007675614000618225
L: 0.50, u_super: 0.00972, sec: 567.708, prod: 0.219350, t_ads: 20.1, t_des: 19.1, bed_util_ads: 0.493, bed_util_des: 0.493, des_th: 0.49306431772176373,frac_lost: 0.104, li_recovered:  8.596, time: 0.00523968400011654
L: 0.50, u_super: 0.00026, sec: 17.174, prod: 0.004408, t_ads: 679.2, t_des: 894.4, bed_util_ads: 0.390, bed_util_des: 0.376, des_th: 0.37615761513010365,frac_lost: 0.100, li_recovered:  6.936, time: 0.006115218000559253
L: 7.82, u_super: 0.00433 — INFEASIBLE (li_recovered=0.000e+00), time: 0.0035239690005255397
L: 0.50, u_super: 0.00205, sec: 111.702, prod: 0.044674, t_ads: 94.4, t_des: 94.1, bed_util_ads: 0.481, bed_util_des: 0.480, des_th: 0.4800697484125875,frac_lost: 0.107, li_recovered:  8.421, time: 0.009408579000591999
L: 0.50, u_super: 0.00468, sec: 256.836, prod: 0.105373, t_ads: 41.6, t_des: 37.2, bed_util_ads: 0.499, bed_util_des: 0.499, des_th: 0.49894125321162974,frac_lost: 0.105, li_recovered:  8.294, time: 0.005000225000912906
L: 0.50, u_super: 0.00860, sec: 514.362, prod: 0.186736, t_ads: 22.7, t_des: 23.9, bed_util_ads: 0.481, bed_util_des: 0.481, des_th: 0.4809448485051981,frac_lost: 0.105, li_recovered:  8.697, time: 0.010289229001500644
L: 0.50, u_super: 0.00592, sec: 328.527, prod: 0.133962, t_ads: 32.8, t_des: 29.7, bed_util_ads: 0.498, bed_util_des: 0.498, des_th: 0.4978918352415366,frac_lost: 0.101, li_recovered:  8.363, time: 0.008999014000437455
L: 0.50, u_super: 0.00990, sec: 576.591, prod: 0.224540, t_ads: 19.7, t_des: 17.9, bed_util_ads: 0.499, bed_util_des: 0.499, des_th: 0.4993606170277428,frac_lost: 0.104, li_recovered:  8.452, time: 0.006794425999032683
L: 0.50, u_super: 0.00048, sec: 187.989, prod: 0.001448, t_ads: 413.9, t_des: 5752.4, bed_util_ads: 0.184, bed_util_des: 0.138, des_th: 0.1383729762133598,frac_lost: 0.101, li_recovered:  8.927, time: 0.05065827399994305
L: 0.50, u_super: 0.00146, sec: 80.559, prod: 0.031267, t_ads: 131.2, t_des: 135.2, bed_util_ads: 0.474, bed_util_des: 0.472, des_th: 0.47228498714861467,frac_lost: 0.105, li_recovered:  8.328, time: 0.00868853400061198
L: 0.50, u_super: 0.00032 — INFEASIBLE (li_recovered=0.000e+00), time: 0.0034877990001405124
L: 0.50, u_super: 0.00954, sec: 553.702, prod: 0.216099, t_ads: 20.5, t_des: 18.6, bed_util_ads: 0.499, bed_util_des: 0.499, des_th: 0.49895739645339343,frac_lost: 0.106, li_recovered:  8.448, time: 0.005449762998978258
L: 0.50, u_super: 0.00931, sec: 539.031, prod: 0.210771, t_ads: 21.0, t_des: 18.9, bed_util_ads: 0.500, bed_util_des: 0.500, des_th: 0.49997077780451105,frac_lost: 0.106, li_recovered:  8.407, time: 0.006875897999634617
L: 0.50, u_super: 0.00962, sec: 559.595, prod: 0.217942, t_ads: 20.3, t_des: 18.8, bed_util_ads: 0.496, bed_util_des: 0.496, des_th: 0.4958798846756061,frac_lost: 0.105, li_recovered:  8.527, time: 0.008501251999405213
   516 |    20640 |     40 |  0.0048130273 |             f
L: 0.50, u_super: 0.00515, sec: 283.955, prod: 0.116104, t_ads: 37.8, t_des: 33.8, bed_util_ads: 0.499, bed_util_des: 0.499, des_th: 0.49886823395317126,frac_lost: 0.104, li_recovered:  8.305, time: 0.006984859999647597
L: 0.50, u_super: 0.00391, sec: 212.951, prod: 0.087813, t_ads: 49.6, t_des: 46.4, bed_util_ads: 0.493, bed_util_des: 0.493, des_th: 0.49269278226643426,frac_lost: 0.105, li_recovered:  8.437, time: 0.007978129000548506
L: 0.50, u_super: 0.00613, sec: 405.380, prod: 0.116877, t_ads: 31.9, t_des: 42.5, bed_util_ads: 0.450, bed_util_des: 0.449, des_th: 0.4489394406743661,frac_lost: 0.106, li_recovered:  8.692, time: 0.007362792999629164
L: 0.50, u_super: 0.00860, sec: 492.157, prod: 0.195161, t_ads: 22.6, t_des: 20.4, bed_util_ads: 0.500, bed_util_des: 0.499, des_th: 0.49941545004145743,frac_lost: 0.101, li_recovered:  8.392, time: 0.00572570700023789
L: 0.50, u_super: 0.00505, sec: 277.337, prod: 0.113977, t_ads: 38.4, t_des: 35.2, bed_util_ads: 0.497, bed_util_des: 0.497, des_th: 0.4965703196408663,frac_lost: 0.102, li_recovered:  8.390, time: 0.006580989998838049
L: 0.50, u_super: 0.00470, sec: 258.567, prod: 0.105281, t_ads: 41.4, t_des: 39.6, bed_util_ads: 0.491, bed_util_des: 0.491, des_th: 0.4905738435636511,frac_lost: 0.104, li_recovered:  8.527, time: 0.005938141001024633
L: 0.83, u_super: 0.00990, sec: 958.144, prod: 0.223804, t_ads: 32.5, t_des: 29.4, bed_util_ads: 0.498, bed_util_des: 0.498, des_th: 0.4981283330908391,frac_lost: 0.103, li_recovered:  13.862, time: 0.004393773999254336
L: 0.50, u_super: 0.00247, sec: 138.785, prod: 0.052551, t_ads: 78.2, t_des: 84.0, bed_util_ads: 0.473, bed_util_des: 0.472, des_th: 0.47234592821548355,frac_lost: 0.103, li_recovered:  8.521, time: 0.00882957800058648
L: 0.50, u_super: 0.00151, sec: 83.045, prod: 0.032368, t_ads: 127.1, t_des: 130.4, bed_util_ads: 0.474, bed_util_des: 0.472, des_th: 0.4722901148995677,frac_lost: 0.105, li_recovered:  8.335, time: 0.005619929999738815
L: 0.50, u_super: 0.00091, sec: 50.040, prod: 0.019546, t_ads: 205.5, t_des: 200.3, bed_util_ads: 0.474, bed_util_des: 0.472, des_th: 0.47228498714861467,frac_lost: 0.103, li_recovered:  7.932, time: 0.008566733999032294
L: 0.50, u_super: 0.00890, sec: 544.162, prod: 0.189761, t_ads: 22.0, t_des: 23.9, bed_util_ads: 0.477, bed_util_des: 0.476, des_th: 0.4762759085036169,frac_lost: 0.105, li_recovered:  8.707, time: 0.009551810999255395
L: 0.50, u_super: 0.00285, sec: 153.614, prod: 0.063517, t_ads: 67.7, t_des: 60.2, bed_util_ads: 0.497, bed_util_des: 0.497, des_th: 0.4965988669143746,frac_lost: 0.102, li_recovered:  8.126, time: 0.009634573001676472
L: 0.50, u_super: 0.00247, sec: 132.989, prod: 0.054894, t_ads: 78.1, t_des: 69.5, bed_util_ads: 0.497, bed_util_des: 0.497, des_th: 0.4968069040364701,frac_lost: 0.104, li_recovered:  8.099, time: 0.008502020000378252
L: 0.50, u_super: 0.00318, sec: 172.193, prod: 0.070863, t_ads: 60.8, t_des: 53.4, bed_util_ads: 0.499, bed_util_des: 0.499, des_th: 0.4990359520301227,frac_lost: 0.103, li_recovered:  8.091, time: 0.005974427000182914
L: 56.61, u_super: 0.00397 — INFEASIBLE (li_recovered=0.000e+00), time: 0.0010389660001237644
L: 0.50, u_super: 0.00523, sec: 288.371, prod: 0.118002, t_ads: 37.2, t_des: 33.6, bed_util_ads: 0.499, bed_util_des: 0.499, des_th: 0.49887173215384306,frac_lost: 0.105, li_recovered:  8.356, time: 0.004698227001426858
L: 0.50, u_super: 0.00547, sec: 302.307, prod: 0.123668, t_ads: 35.5, t_des: 32.6, bed_util_ads: 0.496, bed_util_des: 0.496, des_th: 0.49613936176544604,frac_lost: 0.103, li_recovered:  8.420, time: 0.005323602999851573
L: 1.26, u_super: 0.00202, sec: 284.929, prod: 0.043023, t_ads: 231.4, t_des: 219.7, bed_util_ads: 0.475, bed_util_des: 0.473, des_th: 0.4732599259832361,frac_lost: 0.102, li_recovered:  19.408, time: 0.003886099000737886
L: 16.70, u_super: 0.00711 — INFEASIBLE (li_recovered=0.000e+00), time: 0.0018213620005553821
L: 0.50, u_super: 0.00084, sec: 47.318, prod: 0.017264, t_ads: 225.1, t_des: 241.0, bed_util_ads: 0.460, bed_util_des: 0.457, des_th: 0.4571642493466058,frac_lost: 0.104, li_recovered:  8.047, time: 0.005038855999373482
L: 0.50, u_super: 0.00371, sec: 203.823, prod: 0.082343, t_ads: 52.3, t_des: 51.4, bed_util_ads: 0.487, bed_util_des: 0.486, des_th: 0.4861363049572936,frac_lost: 0.105, li_recovered:  8.540, time: 0.004592309000145178
L: 0.50, u_super: 0.00147, sec: 81.441, prod: 0.031396, t_ads: 130.1, t_des: 108.0, bed_util_ads: 0.500, bed_util_des: 0.500, des_th: 0.4999325648632604,frac_lost: 0.108, li_recovered:  7.476, time: 0.004161663999184384
L: 0.50, u_super: 0.00373, sec: 203.450, prod: 0.083536, t_ads: 52.1, t_des: 46.0, bed_util_ads: 0.500, bed_util_des: 0.500, des_th: 0.49968265744541546,frac_lost: 0.107, li_recovered:  8.195, time: 0.005483748000187916
L: 0.50, u_super: 0.00023, sec: 15.220, prod: 0.004189, t_ads: 696.0, t_des: 766.7, bed_util_ads: 0.408, bed_util_des: 0.401, des_th: 0.4013033688100764,frac_lost: 0.100, li_recovered:  6.127, time: 0.0043311319986969465
L: 0.50, u_super: 0.00588, sec: 326.052, prod: 0.132853, t_ads: 33.0, t_des: 29.6, bed_util_ads: 0.500, bed_util_des: 0.499, des_th: 0.49943038264078876,frac_lost: 0.101, li_recovered:  8.313, time: 0.005142965999766602
L: 7.85, u_super: 0.00549 — INFEASIBLE (li_recovered=0.000e+00), time: 0.002189251999880071
L: 9.04, u_super: 0.00765 — INFEASIBLE (li_recovered=0.000e+00), time: 0.0021685479987354483
L: 0.50, u_super: 0.00155, sec: 84.941, prod: 0.033616, t_ads: 123.1, t_des: 105.1, bed_util_ads: 0.498, bed_util_des: 0.498, des_th: 0.49772766298011545,frac_lost: 0.106, li_recovered:  7.673, time: 0.00488089700047567
L: 0.50, u_super: 0.00915, sec: 528.967, prod: 0.207016, t_ads: 21.4, t_des: 19.4, bed_util_ads: 0.500, bed_util_des: 0.500, des_th: 0.4996813400544314,frac_lost: 0.108, li_recovered:  8.442, time: 0.005550197000047774
L: 0.50, u_super: 0.00695, sec: 390.022, prod: 0.157342, t_ads: 28.0, t_des: 25.2, bed_util_ads: 0.499, bed_util_des: 0.499, des_th: 0.4989080989930215,frac_lost: 0.101, li_recovered:  8.369, time: 0.0043546779997996055
L: 0.50, u_super: 0.00151, sec: 82.713, prod: 0.032600, t_ads: 126.9, t_des: 108.0, bed_util_ads: 0.498, bed_util_des: 0.498, des_th: 0.4976991303994103,frac_lost: 0.108, li_recovered:  7.660, time: 0.004587490999256261
L: 0.50, u_super: 0.00229, sec: 122.840, prod: 0.050799, t_ads: 84.5, t_des: 76.9, bed_util_ads: 0.493, bed_util_des: 0.493, des_th: 0.4927754120201461,frac_lost: 0.106, li_recovered:  8.197, time: 0.004632334999769228
L: 0.50, u_super: 0.00015, sec: 16.533, prod: 0.001493, t_ads: 1330.2, t_des: 4175.8, bed_util_ads: 0.266, bed_util_des: 0.200, des_th: 0.2004525135853484,frac_lost: 0.103, li_recovered:  8.220, time: 0.010775042999739526
L: 12.38, u_super: 0.00826 — INFEASIBLE (li_recovered=0.000e+00), time: 0.00200219299949822
L: 0.50, u_super: 0.00578, sec: 320.465, prod: 0.130691, t_ads: 33.5, t_des: 30.1, bed_util_ads: 0.499, bed_util_des: 0.499, des_th: 0.49858030631821093,frac_lost: 0.101, li_recovered:  8.321, time: 0.005186636000871658
L: 0.50, u_super: 0.00725, sec: 410.198, prod: 0.163864, t_ads: 27.0, t_des: 24.7, bed_util_ads: 0.497, bed_util_des: 0.497, des_th: 0.4966927407857059,frac_lost: 0.108, li_recovered:  8.473, time: 0.004887235001660883
L: 0.50, u_super: 0.00454, sec: 248.149, prod: 0.102151, t_ads: 42.9, t_des: 39.1, bed_util_ads: 0.497, bed_util_des: 0.497, des_th: 0.4965703196408663,frac_lost: 0.105, li_recovered:  8.379, time: 0.0050903690007544355
L: 0.50, u_super: 0.00189, sec: 102.507, prod: 0.041352, t_ads: 101.2, t_des: 87.4, bed_util_ads: 0.498, bed_util_des: 0.498, des_th: 0.4975665840990751,frac_lost: 0.102, li_recovered:  7.800, time: 0.005450502998428419
L: 12.31, u_super: 0.00181 — INFEASIBLE (li_recovered=0.000e+00), time: 0.0010327100007998524
L: 2.14, u_super: 0.00387, sec: 972.960, prod: 0.080363, t_ads: 206.0, t_des: 173.7, bed_util_ads: 0.490, bed_util_des: 0.490, des_th: 0.49036590122296925,frac_lost: 0.100, li_recovered:  30.518, time: 0.004325492998759728
   517 |    20680 |     40 |  0.0030942967 |             f
L: 0.50, u_super: 0.00835, sec: 477.979, prod: 0.189079, t_ads: 23.4, t_des: 21.3, bed_util_ads: 0.498, bed_util_des: 0.498, des_th: 0.4980438938087798,frac_lost: 0.106, li_recovered:  8.448, time: 0.0056833309990906855
L: 0.50, u_super: 0.00505, sec: 277.337, prod: 0.113977, t_ads: 38.4, t_des: 35.2, bed_util_ads: 0.497, bed_util_des: 0.497, des_th: 0.4965703196408663,frac_lost: 0.102, li_recovered:  8.390, time: 0.007330181999350316
L: 16.37, u_super: 0.00468 — INFEASIBLE (li_recovered=0.000e+00), time: 0.002757650001512957
L: 0.50, u_super: 0.00229, sec: 122.761, prod: 0.050831, t_ads: 84.3, t_des: 77.0, bed_util_ads: 0.493, bed_util_des: 0.493, des_th: 0.4927754120201461,frac_lost: 0.105, li_recovered:  8.201, time: 0.006900023001435329
L: 0.50, u_super: 0.00972, sec: 785.016, prod: 0.158630, t_ads: 20.1, t_des: 35.0, bed_util_ads: 0.418, bed_util_des: 0.417, des_th: 0.41726989516812085,frac_lost: 0.102, li_recovered:  8.729, time: 0.007717271999354125
L: 0.50, u_super: 0.00864, sec: 496.342, prod: 0.195489, t_ads: 22.7, t_des: 20.6, bed_util_ads: 0.499, bed_util_des: 0.499, des_th: 0.49886823395317126,frac_lost: 0.107, li_recovered:  8.454, time: 0.0049471580005047144
L: 0.50, u_super: 0.00715, sec: 402.126, prod: 0.162109, t_ads: 27.1, t_des: 24.6, bed_util_ads: 0.499, bed_util_des: 0.499, des_th: 0.49883426283459,frac_lost: 0.100, li_recovered:  8.378, time: 0.005708434000553098
L: 0.50, u_super: 0.00084, sec: 46.169, prod: 0.017866, t_ads: 223.6, t_des: 215.5, bed_util_ads: 0.474, bed_util_des: 0.472, des_th: 0.47228498714861467,frac_lost: 0.106, li_recovered:  7.844, time: 0.006588746999113937
L: 0.50, u_super: 0.00966, sec: 561.061, prod: 0.218866, t_ads: 20.2, t_des: 18.6, bed_util_ads: 0.498, bed_util_des: 0.498, des_th: 0.4977212339471246,frac_lost: 0.105, li_recovered:  8.495, time: 0.005831231999763986
L: 0.50, u_super: 0.00432, sec: 236.216, prod: 0.097151, t_ads: 45.0, t_des: 42.1, bed_util_ads: 0.493, bed_util_des: 0.493, des_th: 0.49315216123502026,frac_lost: 0.104, li_recovered:  8.456, time: 0.00567253100052767
L: 0.50, u_super: 0.00861, sec: 494.594, prod: 0.194973, t_ads: 22.7, t_des: 20.6, bed_util_ads: 0.500, bed_util_des: 0.499, des_th: 0.49941553126073,frac_lost: 0.107, li_recovered:  8.445, time: 0.004932950998409069
L: 0.50, u_super: 0.00896, sec: 516.825, prod: 0.202634, t_ads: 21.8, t_des: 20.2, bed_util_ads: 0.497, bed_util_des: 0.497, des_th: 0.4965673594759895,frac_lost: 0.106, li_recovered:  8.526, time: 0.005047003000072436
L: 0.50, u_super: 0.00937, sec: 543.054, prod: 0.212256, t_ads: 20.9, t_des: 18.9, bed_util_ads: 0.500, bed_util_des: 0.500, des_th: 0.4996813400544314,frac_lost: 0.107, li_recovered:  8.451, time: 0.005797650999738835
L: 0.50, u_super: 0.00713, sec: 401.102, prod: 0.161543, t_ads: 27.2, t_des: 24.6, bed_util_ads: 0.499, bed_util_des: 0.499, des_th: 0.49867574259442954,frac_lost: 0.101, li_recovered:  8.371, time: 0.006916536998687661
L: 0.50, u_super: 0.00633, sec: 353.203, prod: 0.143357, t_ads: 30.7, t_des: 28.1, bed_util_ads: 0.498, bed_util_des: 0.498, des_th: 0.4978694802735862,frac_lost: 0.102, li_recovered:  8.421, time: 0.007092289000866003
L: 0.50, u_super: 0.00205, sec: 121.182, prod: 0.041336, t_ads: 94.0, t_des: 111.6, bed_util_ads: 0.459, bed_util_des: 0.457, des_th: 0.4571608862634834,frac_lost: 0.103, li_recovered:  8.497, time: 0.006481820999397314
L: 0.50, u_super: 0.00468, sec: 257.969, prod: 0.105015, t_ads: 41.5, t_des: 39.7, bed_util_ads: 0.490, bed_util_des: 0.490, des_th: 0.4900088391385939,frac_lost: 0.104, li_recovered:  8.526, time: 0.004272672000297462
L: 0.50, u_super: 0.00724, sec: 420.367, prod: 0.159361, t_ads: 27.0, t_des: 27.4, bed_util_ads: 0.484, bed_util_des: 0.484, des_th: 0.4839302845674366,frac_lost: 0.107, li_recovered:  8.669, time: 0.007291893000001437
L: 0.50, u_super: 0.00825, sec: 471.672, prod: 0.186714, t_ads: 23.7, t_des: 21.8, bed_util_ads: 0.498, bed_util_des: 0.498, des_th: 0.4977276482873122,frac_lost: 0.106, li_recovered:  8.489, time: 0.0063341909990413114
L: 0.50, u_super: 0.00454, sec: 248.113, prod: 0.102166, t_ads: 42.8, t_des: 38.7, bed_util_ads: 0.498, bed_util_des: 0.498, des_th: 0.4981692847524461,frac_lost: 0.104, li_recovered:  8.329, time: 0.006555250000019441
L: 0.50, u_super: 0.00652, sec: 364.344, prod: 0.147491, t_ads: 29.8, t_des: 27.3, bed_util_ads: 0.498, bed_util_des: 0.498, des_th: 0.4976945311016135,frac_lost: 0.103, li_recovered:  8.427, time: 0.005556214999160147
L: 0.50, u_super: 0.00005, sec: 4.332, prod: 0.000668, t_ads: 3399.4, t_des: 5772.9, bed_util_ads: 0.251, bed_util_des: 0.185, des_th: 0.1851696623157332,frac_lost: 0.100, li_recovered:  6.129, time: 0.00550663299873122
L: 0.50, u_super: 0.00025, sec: 15.829, prod: 0.004473, t_ads: 678.7, t_des: 760.8, bed_util_ads: 0.410, bed_util_des: 0.401, des_th: 0.4017539634611558,frac_lost: 0.103, li_recovered:  6.439, time: 0.005379770000217832
L: 0.50, u_super: 0.00574, sec: 319.036, prod: 0.129330, t_ads: 34.1, t_des: 30.6, bed_util_ads: 0.500, bed_util_des: 0.499, des_th: 0.4994313693327256,frac_lost: 0.109, li_recovered:  8.366, time: 0.006093887999668368
L: 0.50, u_super: 0.00719, sec: 405.043, prod: 0.163109, t_ads: 27.0, t_des: 25.0, bed_util_ads: 0.496, bed_util_des: 0.496, des_th: 0.4959649287594397,frac_lost: 0.100, li_recovered:  8.471, time: 0.006043204999514273
L: 0.50, u_super: 0.00391, sec: 212.951, prod: 0.087813, t_ads: 49.6, t_des: 46.4, bed_util_ads: 0.493, bed_util_des: 0.493, des_th: 0.49269278226643426,frac_lost: 0.105, li_recovered:  8.437, time: 0.006275415998970857
L: 0.50, u_super: 0.00794, sec: 451.091, prod: 0.180048, t_ads: 24.5, t_des: 22.1, bed_util_ads: 0.500, bed_util_des: 0.500, des_th: 0.4996813400544314,frac_lost: 0.101, li_recovered:  8.378, time: 0.006233961001271382
L: 0.50, u_super: 0.00972, sec: 564.505, prod: 0.220595, t_ads: 20.0, t_des: 18.5, bed_util_ads: 0.497, bed_util_des: 0.497, des_th: 0.4966060974877294,frac_lost: 0.102, li_recovered:  8.492, time: 0.00605716900099651
L: 0.50, u_super: 0.00986, sec: 573.894, prod: 0.223562, t_ads: 19.8, t_des: 18.0, bed_util_ads: 0.500, bed_util_des: 0.499, des_th: 0.49942124603956084,frac_lost: 0.105, li_recovered:  8.450, time: 0.005551983000259497
L: 0.50, u_super: 0.00505, sec: 277.979, prod: 0.113714, t_ads: 38.5, t_des: 34.4, bed_util_ads: 0.500, bed_util_des: 0.499, des_th: 0.49941821756572247,frac_lost: 0.105, li_recovered:  8.296, time: 0.005898082001294824
L: 0.50, u_super: 0.00883, sec: 508.709, prod: 0.199861, t_ads: 22.2, t_des: 20.1, bed_util_ads: 0.500, bed_util_des: 0.499, des_th: 0.4994787963023133,frac_lost: 0.108, li_recovered:  8.449, time: 0.004495552999287611
L: 0.50, u_super: 0.00119, sec: 67.576, prod: 0.024815, t_ads: 158.8, t_des: 174.3, bed_util_ads: 0.463, bed_util_des: 0.460, des_th: 0.46052235270614794,frac_lost: 0.101, li_recovered:  8.265, time: 0.006287983000220265
L: 0.50, u_super: 0.00840, sec: 481.999, prod: 0.189860, t_ads: 23.3, t_des: 21.6, bed_util_ads: 0.496, bed_util_des: 0.496, des_th: 0.49606625582327313,frac_lost: 0.107, li_recovered:  8.528, time: 0.006283722999796737
L: 0.50, u_super: 0.00085, sec: 46.742, prod: 0.018108, t_ads: 221.4, t_des: 210.1, bed_util_ads: 0.476, bed_util_des: 0.474, des_th: 0.47427147224862204,frac_lost: 0.107, li_recovered:  7.812, time: 0.004727101000753464
L: 28.22, u_super: 0.00778 — INFEASIBLE (li_recovered=0.000e+00), time: 0.001995683000131976
L: 0.50, u_super: 0.00005, sec: 4.331, prod: 0.000668, t_ads: 3402.1, t_des: 5783.1, bed_util_ads: 0.251, bed_util_des: 0.185, des_th: 0.1851696623157332,frac_lost: 0.100, li_recovered:  6.140, time: 0.00565348400050425
L: 0.99, u_super: 0.00505, sec: 559.206, prod: 0.112330, t_ads: 75.9, t_des: 67.6, bed_util_ads: 0.497, bed_util_des: 0.497, des_th: 0.4965703196408663,frac_lost: 0.104, li_recovered:  16.120, time: 0.005424225999377086
L: 0.50, u_super: 0.00125, sec: 434.675, prod: 0.004228, t_ads: 157.9, t_des: 1922.9, bed_util_ads: 0.204, bed_util_des: 0.185, des_th: 0.1851696623157332,frac_lost: 0.104, li_recovered:  8.798, time: 0.027985878999970737
L: 0.50, u_super: 0.00638, sec: 360.176, prod: 0.142783, t_ads: 30.4, t_des: 29.8, bed_util_ads: 0.488, bed_util_des: 0.488, des_th: 0.4878843059811464,frac_lost: 0.102, li_recovered:  8.605, time: 0.004793440000867122
L: 0.50, u_super: 0.00026, sec: 17.348, prod: 0.004363, t_ads: 687.8, t_des: 918.8, bed_util_ads: 0.389, bed_util_des: 0.373, des_th: 0.37291728101300525,frac_lost: 0.104, li_recovered:  7.010, time: 0.005357326999728684
   518 |    20720 |     40 |  0.0019397667 |             f
L: 8.37, u_super: 0.00654 — INFEASIBLE (li_recovered=0.000e+00), time: 0.0026495740003156243
L: 2.84, u_super: 0.00356 — INFEASIBLE (li_recovered=0.000e+00), time: 0.0029482239988283254
L: 0.50, u_super: 0.00229, sec: 122.814, prod: 0.050809, t_ads: 84.4, t_des: 76.9, bed_util_ads: 0.493, bed_util_des: 0.493, des_th: 0.49278855819965456,frac_lost: 0.105, li_recovered:  8.196, time: 0.005933959000685718
L: 0.50, u_super: 0.00071 — INFEASIBLE (li_recovered=0.000e+00), time: 0.0035074379993602633
L: 0.50, u_super: 0.00607, sec: 352.003, prod: 0.131836, t_ads: 31.9, t_des: 33.8, bed_util_ads: 0.479, bed_util_des: 0.478, des_th: 0.4781039204454531,frac_lost: 0.101, li_recovered:  8.661, time: 0.005080826000266825
L: 0.50, u_super: 0.00281, sec: 157.693, prod: 0.060347, t_ads: 68.5, t_des: 73.0, bed_util_ads: 0.474, bed_util_des: 0.473, des_th: 0.4732599259832361,frac_lost: 0.101, li_recovered:  8.544, time: 0.005857844000274781
L: 0.50, u_super: 0.00006 — INFEASIBLE (li_recovered=0.000e+00), time: 0.0011265520006418228
L: 90.23, u_super: 0.00277 — INFEASIBLE (li_recovered=0.000e+00), time: 0.0009076110000023618
L: 0.50, u_super: 0.00990, sec: 576.807, prod: 0.224506, t_ads: 19.7, t_des: 17.9, bed_util_ads: 0.500, bed_util_des: 0.499, des_th: 0.4994377670888577,frac_lost: 0.105, li_recovered:  8.457, time: 0.003899110000929795
L: 0.50, u_super: 0.00613, sec: 341.483, prod: 0.138746, t_ads: 31.7, t_des: 28.7, bed_util_ads: 0.499, bed_util_des: 0.499, des_th: 0.4988585840483045,frac_lost: 0.103, li_recovered:  8.379, time: 0.004996809000658686
L: 0.50, u_super: 0.00270, sec: 146.659, prod: 0.059940, t_ads: 71.3, t_des: 61.9, bed_util_ads: 0.500, bed_util_des: 0.500, des_th: 0.49968283920330536,frac_lost: 0.103, li_recovered:  7.983, time: 0.003924480000932817
L: 0.50, u_super: 0.00297, sec: 160.076, prod: 0.066430, t_ads: 64.9, t_des: 58.4, bed_util_ads: 0.496, bed_util_des: 0.496, des_th: 0.4955913352963341,frac_lost: 0.102, li_recovered:  8.192, time: 0.003925113998775487
L: 37.37, u_super: 0.00089 — INFEASIBLE (li_recovered=0.000e+00), time: 0.0008432890008407412
L: 0.50, u_super: 0.00043, sec: 126.124, prod: 0.001688, t_ads: 465.8, t_des: 4789.2, bed_util_ads: 0.203, bed_util_des: 0.157, des_th: 0.15682906374613195,frac_lost: 0.100, li_recovered:  8.870, time: 0.02418424600000435
L: 0.50, u_super: 0.00937, sec: 580.010, prod: 0.198732, t_ads: 20.8, t_des: 23.0, bed_util_ads: 0.474, bed_util_des: 0.474, des_th: 0.47387919658048716,frac_lost: 0.104, li_recovered:  8.710, time: 0.0053544989987130975
L: 0.50, u_super: 0.00951, sec: 550.975, prod: 0.215714, t_ads: 20.5, t_des: 18.6, bed_util_ads: 0.500, bed_util_des: 0.499, des_th: 0.4994787963023133,frac_lost: 0.104, li_recovered:  8.444, time: 0.0042567210002744105
L: 0.50, u_super: 0.00505, sec: 277.337, prod: 0.113977, t_ads: 38.4, t_des: 35.2, bed_util_ads: 0.497, bed_util_des: 0.497, des_th: 0.4965703196408663,frac_lost: 0.102, li_recovered:  8.390, time: 0.004948562000208767
L: 0.50, u_super: 0.00912, sec: 526.511, prod: 0.206768, t_ads: 21.4, t_des: 19.2, bed_util_ads: 0.500, bed_util_des: 0.500, des_th: 0.49969766843537927,frac_lost: 0.104, li_recovered:  8.396, time: 0.005016036999222706
L: 18.85, u_super: 0.00910 — INFEASIBLE (li_recovered=0.000e+00), time: 0.0017715069989208132
L: 0.50, u_super: 0.00204, sec: 110.086, prod: 0.044936, t_ads: 94.0, t_des: 82.3, bed_util_ads: 0.497, bed_util_des: 0.497, des_th: 0.4965703343336697,frac_lost: 0.102, li_recovered:  7.923, time: 0.003980302000854863
L: 43.08, u_super: 0.00695 — INFEASIBLE (li_recovered=0.000e+00), time: 0.0009783630011952482
L: 64.36, u_super: 0.00588 — INFEASIBLE (li_recovered=0.000e+00), time: 0.0008738959986658301
L: 0.50, u_super: 0.00468, sec: 256.471, prod: 0.105523, t_ads: 41.5, t_des: 37.5, bed_util_ads: 0.498, bed_util_des: 0.498, des_th: 0.4978907924751981,frac_lost: 0.104, li_recovered:  8.332, time: 0.003919237000445719
L: 0.50, u_super: 0.00571, sec: 492.748, prod: 0.082703, t_ads: 34.2, t_des: 71.1, bed_util_ads: 0.395, bed_util_des: 0.394, des_th: 0.3935385595099162,frac_lost: 0.104, li_recovered:  8.709, time: 0.007249553000292508
L: 0.50, u_super: 0.00754, sec: 435.902, prod: 0.167288, t_ads: 26.0, t_des: 25.8, bed_util_ads: 0.487, bed_util_des: 0.486, des_th: 0.4863693938450445,frac_lost: 0.107, li_recovered:  8.655, time: 0.004695775000072899
L: 0.50, u_super: 0.00153, sec: 84.488, prod: 0.032709, t_ads: 125.4, t_des: 104.3, bed_util_ads: 0.500, bed_util_des: 0.500, des_th: 0.4996180167411176,frac_lost: 0.108, li_recovered:  7.514, time: 0.004125772000406869
L: 0.50, u_super: 0.00976, sec: 5113.441, prod: 0.024567, t_ads: 20.1, t_des: 337.3, bed_util_ads: 0.188, bed_util_des: 0.185, des_th: 0.1851696623157332,frac_lost: 0.104, li_recovered:  8.779, time: 0.03335233300094842
L: 0.50, u_super: 0.00915, sec: 528.526, prod: 0.207109, t_ads: 21.3, t_des: 19.8, bed_util_ads: 0.496, bed_util_des: 0.496, des_th: 0.4960151553095472,frac_lost: 0.104, li_recovered:  8.526, time: 0.0044279039993853075
L: 0.50, u_super: 0.00155, sec: 84.955, prod: 0.033610, t_ads: 123.2, t_des: 105.1, bed_util_ads: 0.498, bed_util_des: 0.498, des_th: 0.49771121198175516,frac_lost: 0.106, li_recovered:  7.675, time: 0.004584864998832927
L: 0.50, u_super: 0.00339, sec: 183.728, prod: 0.076062, t_ads: 56.8, t_des: 50.5, bed_util_ads: 0.499, bed_util_des: 0.499, des_th: 0.49889035741053683,frac_lost: 0.100, li_recovered:  8.158, time: 0.004169325999100693
L: 0.50, u_super: 0.00966, sec: 561.183, prod: 0.218819, t_ads: 20.2, t_des: 18.6, bed_util_ads: 0.498, bed_util_des: 0.498, des_th: 0.4977212339471246,frac_lost: 0.105, li_recovered:  8.497, time: 0.005188506000195048
L: 0.50, u_super: 0.00990, sec: 576.736, prod: 0.224529, t_ads: 19.7, t_des: 17.9, bed_util_ads: 0.500, bed_util_des: 0.499, des_th: 0.49942132725883337,frac_lost: 0.105, li_recovered:  8.447, time: 0.004795177001142292
L: 0.50, u_super: 0.00785, sec: 504.617, prod: 0.157317, t_ads: 24.9, t_des: 30.5, bed_util_ads: 0.461, bed_util_des: 0.461, des_th: 0.46052235270614794,frac_lost: 0.105, li_recovered:  8.705, time: 0.005171243999939179
L: 0.50, u_super: 0.00468, sec: 256.969, prod: 0.105319, t_ads: 41.6, t_des: 37.0, bed_util_ads: 0.500, bed_util_des: 0.499, des_th: 0.4993927146966315,frac_lost: 0.105, li_recovered:  8.280, time: 0.004861199000515626
L: 1.15, u_super: 0.00113 — INFEASIBLE (li_recovered=0.000e+00), time: 0.002329310998902656
L: 0.50, u_super: 0.00026, sec: 16.442, prod: 0.004743, t_ads: 642.7, t_des: 684.3, bed_util_ads: 0.419, bed_util_des: 0.413, des_th: 0.4136374679089942,frac_lost: 0.102, li_recovered:  6.294, time: 0.004315234000387136
L: 0.50, u_super: 0.00229, sec: 122.761, prod: 0.050831, t_ads: 84.3, t_des: 77.0, bed_util_ads: 0.493, bed_util_des: 0.493, des_th: 0.4927754120201461,frac_lost: 0.105, li_recovered:  8.201, time: 0.004454735999388504
L: 31.20, u_super: 0.00646 — INFEASIBLE (li_recovered=0.000e+00), time: 0.00137755399919115
L: 0.50, u_super: 0.00638, sec: 355.922, prod: 0.144284, t_ads: 30.4, t_des: 27.2, bed_util_ads: 0.500, bed_util_des: 0.499, des_th: 0.49941545004145743,frac_lost: 0.100, li_recovered:  8.305, time: 0.004295710999940638
L: 0.50, u_super: 0.00026, sec: 16.299, prod: 0.004644, t_ads: 664.5, t_des: 752.8, bed_util_ads: 0.410, bed_util_des: 0.401, des_th: 0.4015248552831782,frac_lost: 0.103, li_recovered:  6.582, time: 0.003924708000340615
   519 |    20760 |     40 |  0.0028696090 |             f
L: 13.28, u_super: 0.00010 — INFEASIBLE (li_recovered=0.000e+00), time: 0.0011328759992466075
L: 0.50, u_super: 0.00357, sec: 193.810, prod: 0.080138, t_ads: 54.3, t_des: 50.4, bed_util_ads: 0.493, bed_util_des: 0.493, des_th: 0.4927426022853505,frac_lost: 0.105, li_recovered:  8.392, time: 0.005432121000922052
L: 0.50, u_super: 0.00269, sec: 167.437, prod: 0.051851, t_ads: 72.3, t_des: 93.2, bed_util_ads: 0.451, bed_util_des: 0.449, des_th: 0.4491273392921023,frac_lost: 0.106, li_recovered:  8.579, time: 0.0069148450002103345
L: 0.50, u_super: 0.00574, sec: 325.213, prod: 0.126874, t_ads: 33.7, t_des: 34.3, bed_util_ads: 0.484, bed_util_des: 0.484, des_th: 0.48407330962962375,frac_lost: 0.100, li_recovered:  8.632, time: 0.0044577249991561985
L: 24.72, u_super: 0.00461 — INFEASIBLE (li_recovered=0.000e+00), time: 0.0015451359995495295
L: 0.50, u_super: 0.00695, sec: 390.982, prod: 0.156956, t_ads: 28.1, t_des: 25.3, bed_util_ads: 0.500, bed_util_des: 0.499, des_th: 0.4994743832976554,frac_lost: 0.106, li_recovered:  8.386, time: 0.005204320999837364
L: 0.50, u_super: 0.00005, sec: 4.332, prod: 0.000668, t_ads: 3399.4, t_des: 5772.9, bed_util_ads: 0.251, bed_util_des: 0.185, des_th: 0.1851696623157332,frac_lost: 0.100, li_recovered:  6.129, time: 0.007798071999786771
L: 0.50, u_super: 0.00044 — INFEASIBLE (li_recovered=0.000e+00), time: 0.0033458020006946754
L: 0.50, u_super: 0.00437, sec: 238.682, prod: 0.098292, t_ads: 44.5, t_des: 40.7, bed_util_ads: 0.496, bed_util_des: 0.496, des_th: 0.4955913352963341,frac_lost: 0.106, li_recovered:  8.376, time: 0.005865237999387318
L: 0.50, u_super: 0.00084, sec: 51.602, prod: 0.015985, t_ads: 226.0, t_des: 283.9, bed_util_ads: 0.439, bed_util_des: 0.434, des_th: 0.4343427606490542,frac_lost: 0.106, li_recovered:  8.151, time: 0.006870913999591721
L: 0.50, u_super: 0.00588, sec: 326.095, prod: 0.132836, t_ads: 33.0, t_des: 29.6, bed_util_ads: 0.500, bed_util_des: 0.499, des_th: 0.49943270981994137,frac_lost: 0.101, li_recovered:  8.311, time: 0.004377623999971547
L: 0.50, u_super: 0.00753, sec: 428.045, prod: 0.169695, t_ads: 26.0, t_des: 24.4, bed_util_ads: 0.494, bed_util_des: 0.493, des_th: 0.49343307860384494,frac_lost: 0.106, li_recovered:  8.556, time: 0.005504398000994115
L: 0.50, u_super: 0.00793, sec: 452.554, prod: 0.179088, t_ads: 24.8, t_des: 22.6, bed_util_ads: 0.498, bed_util_des: 0.498, des_th: 0.49769634072171587,frac_lost: 0.110, li_recovered:  8.485, time: 0.005794530999992276
L: 0.50, u_super: 0.00432, sec: 252.022, prod: 0.091058, t_ads: 44.9, t_des: 49.9, bed_util_ads: 0.472, bed_util_des: 0.471, des_th: 0.4713342830827632,frac_lost: 0.103, li_recovered:  8.634, time: 0.007026996998320101
L: 0.50, u_super: 0.00026 — INFEASIBLE (li_recovered=0.000e+00), time: 0.0023993289996724343
L: 0.50, u_super: 0.00010, sec: 10.400, prod: 0.001085, t_ads: 1964.7, t_des: 5501.4, bed_util_ads: 0.254, bed_util_des: 0.177, des_th: 0.17683086451897767,frac_lost: 0.103, li_recovered:  8.100, time: 0.009599405999324517
L: 0.50, u_super: 0.00633, sec: 353.083, prod: 0.143236, t_ads: 30.6, t_des: 27.5, bed_util_ads: 0.500, bed_util_des: 0.499, des_th: 0.49941545004145743,frac_lost: 0.101, li_recovered:  8.324, time: 0.00606318100108183
L: 0.50, u_super: 0.00697, sec: 392.998, prod: 0.157286, t_ads: 28.1, t_des: 25.5, bed_util_ads: 0.499, bed_util_des: 0.499, des_th: 0.4989080989930215,frac_lost: 0.109, li_recovered:  8.439, time: 0.006801928000641055
L: 35.77, u_super: 0.00294 — INFEASIBLE (li_recovered=0.000e+00), time: 0.0013139200000296114
L: 0.50, u_super: 0.00990, sec: 576.941, prod: 0.224449, t_ads: 19.7, t_des: 17.9, bed_util_ads: 0.500, bed_util_des: 0.499, des_th: 0.49942132725883337,frac_lost: 0.105, li_recovered:  8.455, time: 0.004789790998984245
L: 32.11, u_super: 0.00825 — INFEASIBLE (li_recovered=0.000e+00), time: 0.0021433740002976265
L: 21.45, u_super: 0.00259 — INFEASIBLE (li_recovered=0.000e+00), time: 0.00183913399996527
L: 0.50, u_super: 0.00505, sec: 277.337, prod: 0.113977, t_ads: 38.4, t_des: 35.2, bed_util_ads: 0.497, bed_util_des: 0.497, des_th: 0.4965703196408663,frac_lost: 0.102, li_recovered:  8.390, time: 0.008252574001744506
L: 0.50, u_super: 0.00235, sec: 126.214, prod: 0.052240, t_ads: 82.2, t_des: 74.9, bed_util_ads: 0.493, bed_util_des: 0.493, des_th: 0.4927754120201461,frac_lost: 0.105, li_recovered:  8.205, time: 0.006728967000526609
L: 0.50, u_super: 0.00883, sec: 534.834, prod: 0.190099, t_ads: 22.1, t_des: 23.7, bed_util_ads: 0.478, bed_util_des: 0.477, des_th: 0.4773292071057796,frac_lost: 0.104, li_recovered:  8.702, time: 0.007390546999886283
L: 0.50, u_super: 0.00795, sec: 556.618, prod: 0.146190, t_ads: 24.6, t_des: 35.0, bed_util_ads: 0.443, bed_util_des: 0.442, des_th: 0.4422327387946002,frac_lost: 0.106, li_recovered:  8.714, time: 0.007728876000328455
L: 0.50, u_super: 0.00292, sec: 157.776, prod: 0.065259, t_ads: 66.0, t_des: 58.7, bed_util_ads: 0.497, bed_util_des: 0.497, des_th: 0.49669394100432745,frac_lost: 0.102, li_recovered:  8.134, time: 0.007632167000338086
L: 0.50, u_super: 0.00270, sec: 146.635, prod: 0.059950, t_ads: 71.3, t_des: 61.9, bed_util_ads: 0.500, bed_util_des: 0.500, des_th: 0.49968051202414554,frac_lost: 0.103, li_recovered:  7.983, time: 0.007724187000349048
L: 14.81, u_super: 0.00583 — INFEASIBLE (li_recovered=0.000e+00), time: 0.002364479998504976
L: 0.50, u_super: 0.00229, sec: 122.861, prod: 0.050790, t_ads: 84.5, t_des: 77.0, bed_util_ads: 0.493, bed_util_des: 0.493, des_th: 0.49280030303015043,frac_lost: 0.106, li_recovered:  8.207, time: 0.005681974998879014
L: 0.50, u_super: 0.00146, sec: 82.035, prod: 0.030705, t_ads: 131.1, t_des: 141.0, bed_util_ads: 0.467, bed_util_des: 0.465, des_th: 0.46550487727816686,frac_lost: 0.104, li_recovered:  8.354, time: 0.007577738999316352
L: 0.50, u_super: 0.00652, sec: 510.434, prod: 0.105278, t_ads: 30.0, t_des: 52.8, bed_util_ads: 0.415, bed_util_des: 0.414, des_th: 0.41404072540018844,frac_lost: 0.104, li_recovered:  8.709, time: 0.007603877000292414
L: 0.50, u_super: 0.00515, sec: 282.965, prod: 0.116245, t_ads: 37.7, t_des: 34.2, bed_util_ads: 0.497, bed_util_des: 0.497, des_th: 0.49670243637170597,frac_lost: 0.101, li_recovered:  8.352, time: 0.00786058499943465
L: 0.91, u_super: 0.00729, sec: 758.494, prod: 0.163639, t_ads: 48.9, t_des: 44.2, bed_util_ads: 0.497, bed_util_des: 0.497, des_th: 0.4966927407857059,frac_lost: 0.108, li_recovered:  15.236, time: 0.006259918000068865
L: 0.50, u_super: 0.00981, sec: 590.014, prod: 0.215464, t_ads: 19.9, t_des: 20.4, bed_util_ads: 0.483, bed_util_des: 0.483, des_th: 0.48309005463728694,frac_lost: 0.106, li_recovered:  8.697, time: 0.00734745599947928
L: 0.50, u_super: 0.00534, sec: 294.089, prod: 0.120641, t_ads: 36.3, t_des: 33.3, bed_util_ads: 0.496, bed_util_des: 0.496, des_th: 0.4955913352963341,frac_lost: 0.101, li_recovered:  8.398, time: 0.00746960600008606
L: 0.50, u_super: 0.00090 — INFEASIBLE (li_recovered=0.000e+00), time: 0.004433336000147392
L: 0.50, u_super: 0.00767, sec: 435.601, prod: 0.173297, t_ads: 25.5, t_des: 23.4, bed_util_ads: 0.498, bed_util_des: 0.498, des_th: 0.4977212339471246,frac_lost: 0.107, li_recovered:  8.484, time: 0.00885652099896106
L: 0.50, u_super: 0.00583, sec: 343.970, prod: 0.123866, t_ads: 33.4, t_des: 36.6, bed_util_ads: 0.475, bed_util_des: 0.474, des_th: 0.47427147224862204,frac_lost: 0.104, li_recovered:  8.670, time: 0.006147234998934437
L: 0.50, u_super: 0.00006 — INFEASIBLE (li_recovered=0.000e+00), time: 0.0013674820002052002
   520 |    20800 |     40 |  0.0010509405 |             f
L: 0.50, u_super: 0.00984, sec: 573.341, prod: 0.222732, t_ads: 19.9, t_des: 18.5, bed_util_ads: 0.497, bed_util_des: 0.497, des_th: 0.4967150422163076,frac_lost: 0.105, li_recovered:  8.535, time: 0.008566959000745555
L: 0.50, u_super: 0.00846, sec: 485.154, prod: 0.191227, t_ads: 23.1, t_des: 21.4, bed_util_ads: 0.496, bed_util_des: 0.496, des_th: 0.4960151553095472,frac_lost: 0.106, li_recovered:  8.522, time: 0.006082982999942033
L: 0.50, u_super: 0.00235, sec: 126.156, prod: 0.052264, t_ads: 82.1, t_des: 74.9, bed_util_ads: 0.494, bed_util_des: 0.493, des_th: 0.4932133000695505,frac_lost: 0.105, li_recovered:  8.208, time: 0.005205400000704685
L: 0.50, u_super: 0.00720, sec: 405.194, prod: 0.163122, t_ads: 27.0, t_des: 24.3, bed_util_ads: 0.499, bed_util_des: 0.499, des_th: 0.4989080989930215,frac_lost: 0.101, li_recovered:  8.367, time: 0.0070048929992481135
L: 0.50, u_super: 0.00764, sec: 434.122, prod: 0.172545, t_ads: 25.6, t_des: 23.6, bed_util_ads: 0.498, bed_util_des: 0.498, des_th: 0.4977276482873122,frac_lost: 0.108, li_recovered:  8.494, time: 0.006518845999380574
L: 0.50, u_super: 0.00165, sec: 89.142, prod: 0.036270, t_ads: 115.5, t_des: 102.6, bed_util_ads: 0.493, bed_util_des: 0.493, des_th: 0.49269278226643426,frac_lost: 0.102, li_recovered:  7.911, time: 0.007030024000414414
L: 31.94, u_super: 0.00005 — INFEASIBLE (li_recovered=0.000e+00), time: 0.0008821699993859511
L: 17.72, u_super: 0.00767 — INFEASIBLE (li_recovered=0.000e+00), time: 0.003170268999383552
L: 2.80, u_super: 0.00537 — INFEASIBLE (li_recovered=0.000e+00), time: 0.0026728330012701917
L: 0.50, u_super: 0.00193, sec: 103.716, prod: 0.042571, t_ads: 100.1, t_des: 90.2, bed_util_ads: 0.493, bed_util_des: 0.493, des_th: 0.4927754120201461,frac_lost: 0.107, li_recovered:  8.102, time: 0.004934754000714747
L: 0.50, u_super: 0.00505, sec: 277.741, prod: 0.113811, t_ads: 38.5, t_des: 34.4, bed_util_ads: 0.500, bed_util_des: 0.499, des_th: 0.4994121543896046,frac_lost: 0.103, li_recovered:  8.295, time: 0.007035562999590184
L: 0.50, u_super: 0.00432, sec: 241.591, prod: 0.094990, t_ads: 45.1, t_des: 45.5, bed_util_ads: 0.484, bed_util_des: 0.484, des_th: 0.48358815866851984,frac_lost: 0.106, li_recovered:  8.603, time: 0.0048531289994571125
L: 0.50, u_super: 0.00080 — INFEASIBLE (li_recovered=0.000e+00), time: 0.0035021319999941625
L: 0.50, u_super: 0.00181, sec: 119.077, prod: 0.032663, t_ads: 106.2, t_des: 153.9, bed_util_ads: 0.433, bed_util_des: 0.429, des_th: 0.42953308513709404,frac_lost: 0.101, li_recovered:  8.499, time: 0.006105025999204372
L: 0.50, u_super: 0.00371, sec: 201.600, prod: 0.083251, t_ads: 52.4, t_des: 48.5, bed_util_ads: 0.493, bed_util_des: 0.493, des_th: 0.49291593846578935,frac_lost: 0.106, li_recovered:  8.400, time: 0.006177221999678295
L: 0.50, u_super: 0.00300, sec: 161.737, prod: 0.067308, t_ads: 64.2, t_des: 59.1, bed_util_ads: 0.493, bed_util_des: 0.493, des_th: 0.49269278226643426,frac_lost: 0.102, li_recovered:  8.301, time: 0.006383046998962527
L: 0.50, u_super: 0.00652, sec: 364.365, prod: 0.147483, t_ads: 29.8, t_des: 27.2, bed_util_ads: 0.498, bed_util_des: 0.498, des_th: 0.49765153022561137,frac_lost: 0.103, li_recovered:  8.419, time: 0.005446496999866213
L: 0.50, u_super: 0.00731, sec: 413.503, prod: 0.165206, t_ads: 26.8, t_des: 24.3, bed_util_ads: 0.498, bed_util_des: 0.498, des_th: 0.49769393406555684,frac_lost: 0.107, li_recovered:  8.442, time: 0.005416169000454829
L: 0.50, u_super: 0.00966, sec: 560.756, prod: 0.218985, t_ads: 20.2, t_des: 18.4, bed_util_ads: 0.499, bed_util_des: 0.499, des_th: 0.49937088934021734,frac_lost: 0.104, li_recovered:  8.449, time: 0.0049280749990430195
L: 0.50, u_super: 0.00988, sec: 587.708, prod: 0.219254, t_ads: 19.7, t_des: 19.9, bed_util_ads: 0.487, bed_util_des: 0.486, des_th: 0.48634531374363715,frac_lost: 0.102, li_recovered:  8.678, time: 0.004418423000970506
L: 33.67, u_super: 0.00719 — INFEASIBLE (li_recovered=0.000e+00), time: 0.0010851099996216362
L: 0.50, u_super: 0.00270, sec: 145.534, prod: 0.060403, t_ads: 71.4, t_des: 65.0, bed_util_ads: 0.495, bed_util_des: 0.495, des_th: 0.494784509445482,frac_lost: 0.104, li_recovered:  8.240, time: 0.0040689500001462875
L: 0.50, u_super: 0.00339, sec: 184.167, prod: 0.075881, t_ads: 57.2, t_des: 50.7, bed_util_ads: 0.499, bed_util_des: 0.498, des_th: 0.4984518909526454,frac_lost: 0.106, li_recovered:  8.188, time: 0.006962239000131376
L: 0.50, u_super: 0.00121, sec: 66.165, prod: 0.026056, t_ads: 156.4, t_des: 157.9, bed_util_ads: 0.474, bed_util_des: 0.472, des_th: 0.47228498714861467,frac_lost: 0.101, li_recovered:  8.190, time: 0.004450147000170546
L: 0.50, u_super: 0.00873, sec: 501.829, prod: 0.197925, t_ads: 22.3, t_des: 20.1, bed_util_ads: 0.500, bed_util_des: 0.499, des_th: 0.4994787963023133,frac_lost: 0.104, li_recovered:  8.397, time: 0.004842312999244314
L: 0.50, u_super: 0.00394, sec: 228.333, prod: 0.083112, t_ads: 49.5, t_des: 54.3, bed_util_ads: 0.473, bed_util_des: 0.472, des_th: 0.47228498714861467,frac_lost: 0.107, li_recovered:  8.625, time: 0.004754266001327778
L: 0.50, u_super: 0.00181, sec: 98.264, prod: 0.039581, t_ads: 105.7, t_des: 91.3, bed_util_ads: 0.498, bed_util_des: 0.498, des_th: 0.4978918352415366,frac_lost: 0.103, li_recovered:  7.799, time: 0.0054557690000365255
L: 0.50, u_super: 0.00652, sec: 365.364, prod: 0.147079, t_ads: 30.0, t_des: 27.6, bed_util_ads: 0.497, bed_util_des: 0.497, des_th: 0.4967047598274486,frac_lost: 0.107, li_recovered:  8.474, time: 0.007288583999979892
L: 0.50, u_super: 0.00610, sec: 339.660, prod: 0.137760, t_ads: 31.9, t_des: 28.5, bed_util_ads: 0.500, bed_util_des: 0.499, des_th: 0.4994313693327256,frac_lost: 0.103, li_recovered:  8.320, time: 0.006371233999743708
L: 0.50, u_super: 0.00629, sec: 350.850, prod: 0.142442, t_ads: 30.9, t_des: 28.3, bed_util_ads: 0.497, bed_util_des: 0.497, des_th: 0.49658834114730865,frac_lost: 0.102, li_recovered:  8.421, time: 0.005566803998590331
L: 0.50, u_super: 0.00005, sec: 4.353, prod: 0.000665, t_ads: 3285.6, t_des: 5352.3, bed_util_ads: 0.254, bed_util_des: 0.194, des_th: 0.19427903475134028,frac_lost: 0.101, li_recovered:  5.745, time: 0.006591837000087253
L: 0.50, u_super: 0.00669, sec: 527.934, prod: 0.107635, t_ads: 29.2, t_des: 51.7, bed_util_ads: 0.415, bed_util_des: 0.414, des_th: 0.4136374679089942,frac_lost: 0.105, li_recovered:  8.712, time: 0.007683350000661449
L: 30.22, u_super: 0.00888 — INFEASIBLE (li_recovered=0.000e+00), time: 0.0013982849995954894
L: 0.50, u_super: 0.00815, sec: 465.482, prod: 0.184258, t_ads: 24.0, t_des: 21.8, bed_util_ads: 0.500, bed_util_des: 0.499, des_th: 0.49947974965778047,frac_lost: 0.108, li_recovered:  8.447, time: 0.004450866999832215
L: 0.50, u_super: 0.00228, sec: 123.151, prod: 0.050452, t_ads: 84.6, t_des: 74.3, bed_util_ads: 0.498, bed_util_des: 0.498, des_th: 0.4979753016677598,frac_lost: 0.106, li_recovered:  8.019, time: 0.005576186998951016
L: 0.50, u_super: 0.00270, sec: 146.668, prod: 0.059936, t_ads: 71.4, t_des: 61.9, bed_util_ads: 0.500, bed_util_des: 0.500, des_th: 0.4997224253094164,frac_lost: 0.104, li_recovered:  7.987, time: 0.006272368998907041
L: 0.50, u_super: 0.00695, sec: 391.141, prod: 0.156892, t_ads: 28.2, t_des: 25.5, bed_util_ads: 0.499, bed_util_des: 0.499, des_th: 0.4989353988712233,frac_lost: 0.108, li_recovered:  8.425, time: 0.007921927001007134
L: 0.50, u_super: 0.00574, sec: 317.769, prod: 0.129846, t_ads: 33.8, t_des: 30.7, bed_util_ads: 0.498, bed_util_des: 0.498, des_th: 0.4977817068218434,frac_lost: 0.101, li_recovered:  8.370, time: 0.005261168000288308
L: 0.50, u_super: 0.00292, sec: 158.223, prod: 0.065009, t_ads: 66.1, t_des: 57.9, bed_util_ads: 0.500, bed_util_des: 0.499, des_th: 0.49942132725883337,frac_lost: 0.104, li_recovered:  8.063, time: 0.006199985999046476
L: 0.50, u_super: 0.00346, sec: 187.381, prod: 0.077559, t_ads: 55.7, t_des: 49.5, bed_util_ads: 0.498, bed_util_des: 0.498, des_th: 0.4976945311016135,frac_lost: 0.100, li_recovered:  8.163, time: 0.00651168300100835
   521 |    20840 |     40 |  0.0038438607 |             f
L: 0.50, u_super: 0.00300, sec: 161.949, prod: 0.067220, t_ads: 64.4, t_des: 59.3, bed_util_ads: 0.493, bed_util_des: 0.493, des_th: 0.49269278226643426,frac_lost: 0.104, li_recovered:  8.317, time: 0.005537038001421024
L: 3.57, u_super: 0.00445 — INFEASIBLE (li_recovered=0.000e+00), time: 0.0034710390009422554
L: 0.75, u_super: 0.00915, sec: 793.916, prod: 0.206756, t_ads: 31.8, t_des: 28.5, bed_util_ads: 0.500, bed_util_des: 0.499, des_th: 0.4994084067603837,frac_lost: 0.102, li_recovered:  12.475, time: 0.0072046179993776605
L: 0.50, u_super: 0.00492, sec: 374.183, prod: 0.080172, t_ads: 39.8, t_des: 68.6, bed_util_ads: 0.417, bed_util_des: 0.416, des_th: 0.4159030390361664,frac_lost: 0.107, li_recovered:  8.690, time: 0.009846647999438574
L: 0.50, u_super: 0.00084, sec: 46.404, prod: 0.017776, t_ads: 223.5, t_des: 223.2, bed_util_ads: 0.469, bed_util_des: 0.467, des_th: 0.4671916715911633,frac_lost: 0.105, li_recovered:  7.941, time: 0.005983416000162833
L: 0.50, u_super: 0.00515, sec: 282.965, prod: 0.116245, t_ads: 37.7, t_des: 34.2, bed_util_ads: 0.497, bed_util_des: 0.497, des_th: 0.49670243637170597,frac_lost: 0.101, li_recovered:  8.352, time: 0.006097407000197563
L: 0.50, u_super: 0.00379, sec: 205.786, prod: 0.084977, t_ads: 51.3, t_des: 47.6, bed_util_ads: 0.493, bed_util_des: 0.493, des_th: 0.49293725194980853,frac_lost: 0.106, li_recovered:  8.403, time: 0.0050382850004098145
L: 0.50, u_super: 0.00575, sec: 318.590, prod: 0.130113, t_ads: 33.7, t_des: 30.6, bed_util_ads: 0.498, bed_util_des: 0.498, des_th: 0.49764658177692295,frac_lost: 0.102, li_recovered:  8.368, time: 0.004662837000068976
L: 0.50, u_super: 0.00270, sec: 147.587, prod: 0.059563, t_ads: 71.2, t_des: 71.3, bed_util_ads: 0.483, bed_util_des: 0.482, des_th: 0.48226410537916975,frac_lost: 0.101, li_recovered:  8.487, time: 0.00476204400001734
L: 0.50, u_super: 0.00153, sec: 83.517, prod: 0.033012, t_ads: 125.4, t_des: 107.1, bed_util_ads: 0.497, bed_util_des: 0.497, des_th: 0.49669394100432745,frac_lost: 0.107, li_recovered:  7.675, time: 0.00508167299994966
L: 0.50, u_super: 0.00855, sec: 490.835, prod: 0.193226, t_ads: 22.9, t_des: 21.3, bed_util_ads: 0.496, bed_util_des: 0.496, des_th: 0.4960151553095472,frac_lost: 0.106, li_recovered:  8.529, time: 0.005375671000365401
L: 0.50, u_super: 0.00990, sec: 576.941, prod: 0.224449, t_ads: 19.7, t_des: 17.9, bed_util_ads: 0.500, bed_util_des: 0.499, des_th: 0.49942132725883337,frac_lost: 0.105, li_recovered:  8.455, time: 0.00551929099856352
L: 0.50, u_super: 0.00026, sec: 16.436, prod: 0.004744, t_ads: 644.9, t_des: 701.7, bed_util_ads: 0.416, bed_util_des: 0.409, des_th: 0.40909378846530225,frac_lost: 0.101, li_recovered:  6.389, time: 0.005913723000048776
L: 0.50, u_super: 0.00962, sec: 559.422, prod: 0.217607, t_ads: 20.3, t_des: 18.9, bed_util_ads: 0.497, bed_util_des: 0.497, des_th: 0.4967873194319838,frac_lost: 0.106, li_recovered:  8.532, time: 0.004627308999261004
L: 0.50, u_super: 0.00193, sec: 104.260, prod: 0.042349, t_ads: 100.3, t_des: 96.8, bed_util_ads: 0.485, bed_util_des: 0.484, des_th: 0.484220022465256,frac_lost: 0.108, li_recovered:  8.346, time: 0.004978468001354486
L: 0.50, u_super: 0.00542, sec: 298.835, prod: 0.122424, t_ads: 35.8, t_des: 32.9, bed_util_ads: 0.496, bed_util_des: 0.496, des_th: 0.4960140734654129,frac_lost: 0.102, li_recovered:  8.409, time: 0.0041748570001800545
L: 0.50, u_super: 0.00344, sec: 186.976, prod: 0.077067, t_ads: 56.5, t_des: 50.5, bed_util_ads: 0.499, bed_util_des: 0.499, des_th: 0.49884809761862614,frac_lost: 0.108, li_recovered:  8.249, time: 0.00480843500008632
L: 0.50, u_super: 0.00459, sec: 251.515, prod: 0.103460, t_ads: 42.3, t_des: 38.1, bed_util_ads: 0.498, bed_util_des: 0.498, des_th: 0.4978907924751981,frac_lost: 0.104, li_recovered:  8.324, time: 0.0042279870012862375
L: 0.50, u_super: 0.00695, sec: 390.022, prod: 0.157342, t_ads: 28.0, t_des: 25.2, bed_util_ads: 0.499, bed_util_des: 0.499, des_th: 0.4989080989930215,frac_lost: 0.101, li_recovered:  8.369, time: 0.004171792999841273
L: 0.50, u_super: 0.00146, sec: 80.559, prod: 0.031267, t_ads: 131.2, t_des: 135.2, bed_util_ads: 0.474, bed_util_des: 0.472, des_th: 0.47228498714861467,frac_lost: 0.105, li_recovered:  8.328, time: 0.004382519000500906
L: 0.50, u_super: 0.00346, sec: 221.630, prod: 0.065574, t_ads: 56.1, t_des: 75.4, bed_util_ads: 0.447, bed_util_des: 0.445, des_th: 0.4454270915915397,frac_lost: 0.104, li_recovered:  8.623, time: 0.004844197001148132
L: 0.50, u_super: 0.00500, sec: 275.216, prod: 0.112512, t_ads: 39.0, t_des: 34.7, bed_util_ads: 0.499, bed_util_des: 0.499, des_th: 0.4992575419058269,frac_lost: 0.105, li_recovered:  8.293, time: 0.00509011800022563
L: 0.50, u_super: 0.00588, sec: 325.837, prod: 0.132941, t_ads: 33.0, t_des: 30.3, bed_util_ads: 0.496, bed_util_des: 0.496, des_th: 0.49603660336484434,frac_lost: 0.102, li_recovered:  8.412, time: 0.004396321999593056
L: 0.50, u_super: 0.00039 — INFEASIBLE (li_recovered=0.000e+00), time: 0.002265630999318091
L: 0.50, u_super: 0.00361, sec: 196.352, prod: 0.080676, t_ads: 53.9, t_des: 47.6, bed_util_ads: 0.500, bed_util_des: 0.500, des_th: 0.49976829492038527,frac_lost: 0.107, li_recovered:  8.190, time: 0.005155718999958481
L: 0.50, u_super: 0.00846, sec: 485.154, prod: 0.191227, t_ads: 23.1, t_des: 21.4, bed_util_ads: 0.496, bed_util_des: 0.496, des_th: 0.4960151553095472,frac_lost: 0.106, li_recovered:  8.522, time: 0.005056726000475464
L: 0.50, u_super: 0.00639, sec: 356.542, prod: 0.144474, t_ads: 30.4, t_des: 27.2, bed_util_ads: 0.499, bed_util_des: 0.499, des_th: 0.499123076255497,frac_lost: 0.101, li_recovered:  8.316, time: 0.005137715001183096
L: 0.50, u_super: 0.00059 — INFEASIBLE (li_recovered=0.000e+00), time: 0.0035309279992361553
L: 0.50, u_super: 0.00005, sec: 4.363, prod: 0.000664, t_ads: 3277.6, t_des: 5294.7, bed_util_ads: 0.254, bed_util_des: 0.195, des_th: 0.19455690895541802,frac_lost: 0.100, li_recovered:  5.688, time: 0.005267037000521668
L: 0.50, u_super: 0.00460, sec: 266.379, prod: 0.097877, t_ads: 42.2, t_des: 46.1, bed_util_ads: 0.474, bed_util_des: 0.473, des_th: 0.4732599259832361,frac_lost: 0.102, li_recovered:  8.638, time: 0.006108863999543246
L: 103.96, u_super: 0.00382 — INFEASIBLE (li_recovered=0.000e+00), time: 0.0010443510000186507
L: 0.50, u_super: 0.00113, sec: 61.665, prod: 0.024253, t_ads: 168.2, t_des: 167.4, bed_util_ads: 0.475, bed_util_des: 0.473, des_th: 0.4732599259832361,frac_lost: 0.104, li_recovered:  8.139, time: 0.00399376499990467
L: 0.50, u_super: 0.00229, sec: 123.008, prod: 0.050730, t_ads: 84.5, t_des: 75.9, bed_util_ads: 0.495, bed_util_des: 0.495, des_th: 0.4946162055080498,frac_lost: 0.106, li_recovered:  8.139, time: 0.0051231840006948914
L: 0.50, u_super: 0.00121, sec: 66.165, prod: 0.026056, t_ads: 156.4, t_des: 157.9, bed_util_ads: 0.474, bed_util_des: 0.472, des_th: 0.47228498714861467,frac_lost: 0.101, li_recovered:  8.190, time: 0.004431130999364541
L: 8.31, u_super: 0.00005 — INFEASIBLE (li_recovered=0.000e+00), time: 0.0009435030005988665
L: 0.50, u_super: 0.00927, sec: 536.662, prod: 0.209982, t_ads: 21.1, t_des: 19.5, bed_util_ads: 0.496, bed_util_des: 0.496, des_th: 0.4961404436095804,frac_lost: 0.105, li_recovered:  8.521, time: 0.005010258999391226
L: 0.50, u_super: 0.00647, sec: 360.926, prod: 0.146459, t_ads: 30.0, t_des: 27.2, bed_util_ads: 0.498, bed_util_des: 0.498, des_th: 0.4977367908926373,frac_lost: 0.101, li_recovered:  8.371, time: 0.005127551999976276
L: 0.50, u_super: 0.00093, sec: 52.955, prod: 0.019059, t_ads: 202.4, t_des: 223.9, bed_util_ads: 0.457, bed_util_des: 0.454, des_th: 0.4543424330299826,frac_lost: 0.100, li_recovered:  8.125, time: 0.005457629999000346
L: 0.50, u_super: 0.00392, sec: 213.395, prod: 0.087984, t_ads: 49.7, t_des: 45.2, bed_util_ads: 0.497, bed_util_des: 0.497, des_th: 0.49669394100432745,frac_lost: 0.108, li_recovered:  8.354, time: 0.00512181400154077
L: 0.50, u_super: 0.00270, sec: 147.230, prod: 0.059707, t_ads: 71.2, t_des: 70.7, bed_util_ads: 0.483, bed_util_des: 0.482, des_th: 0.48240243907801106,frac_lost: 0.102, li_recovered:  8.475, time: 0.0047085590013011824
   522 |    20880 |     40 |  0.0013695077 |             f
L: 0.50, u_super: 0.00669, sec: 375.626, prod: 0.151077, t_ads: 29.2, t_des: 26.3, bed_util_ads: 0.499, bed_util_des: 0.499, des_th: 0.4989080989930215,frac_lost: 0.107, li_recovered:  8.389, time: 0.005360414999813656
L: 11.04, u_super: 0.00784 — INFEASIBLE (li_recovered=0.000e+00), time: 0.0028794800000468967
L: 0.50, u_super: 0.00333, sec: 1607.015, prod: 0.008380, t_ads: 58.9, t_des: 990.0, bed_util_ads: 0.185, bed_util_des: 0.177, des_th: 0.17725098966801509,frac_lost: 0.103, li_recovered:  8.790, time: 0.035868416000084835
L: 0.50, u_super: 0.00448, sec: 245.014, prod: 0.100963, t_ads: 43.4, t_des: 39.7, bed_util_ads: 0.497, bed_util_des: 0.497, des_th: 0.49669394100432745,frac_lost: 0.104, li_recovered:  8.383, time: 0.006999015999099356
L: 0.50, u_super: 0.00305, sec: 164.128, prod: 0.068266, t_ads: 63.3, t_des: 57.8, bed_util_ads: 0.495, bed_util_des: 0.495, des_th: 0.4947748681831361,frac_lost: 0.102, li_recovered:  8.266, time: 0.007508742000936763
L: 0.50, u_super: 0.00153, sec: 86.815, prod: 0.031758, t_ads: 125.6, t_des: 138.4, bed_util_ads: 0.465, bed_util_des: 0.463, des_th: 0.46338386478506877,frac_lost: 0.104, li_recovered:  8.384, time: 0.008743778998905327
L: 0.50, u_super: 0.00300, sec: 184.899, prod: 0.058876, t_ads: 64.8, t_des: 81.2, bed_util_ads: 0.455, bed_util_des: 0.453, des_th: 0.4533930627187444,frac_lost: 0.106, li_recovered:  8.596, time: 0.009490612999798032
L: 0.50, u_super: 0.00798, sec: 453.383, prod: 0.181208, t_ads: 24.3, t_des: 22.2, bed_util_ads: 0.498, bed_util_des: 0.498, des_th: 0.4977212339471246,frac_lost: 0.100, li_recovered:  8.432, time: 0.004918624999845633
L: 0.50, u_super: 0.00045 — INFEASIBLE (li_recovered=0.000e+00), time: 0.0033528340009070234
L: 0.50, u_super: 0.00742, sec: 458.579, prod: 0.153671, t_ads: 26.4, t_des: 30.2, bed_util_ads: 0.469, bed_util_des: 0.468, des_th: 0.4684960520470858,frac_lost: 0.106, li_recovered:  8.699, time: 0.008313129001180641
L: 0.50, u_super: 0.00598, sec: 482.311, prod: 0.093279, t_ads: 32.6, t_des: 60.7, bed_util_ads: 0.409, bed_util_des: 0.407, des_th: 0.4074393156896302,frac_lost: 0.104, li_recovered:  8.706, time: 0.010291151000274112
L: 0.50, u_super: 0.00532, sec: 292.878, prod: 0.120120, t_ads: 36.5, t_des: 33.5, bed_util_ads: 0.496, bed_util_des: 0.495, des_th: 0.49547537377615586,frac_lost: 0.102, li_recovered:  8.408, time: 0.0066322450002189726
L: 0.50, u_super: 0.00884, sec: 508.184, prod: 0.200352, t_ads: 22.1, t_des: 20.1, bed_util_ads: 0.500, bed_util_des: 0.499, des_th: 0.49941545004145743,frac_lost: 0.104, li_recovered:  8.447, time: 0.007549522000772413
L: 0.50, u_super: 0.00155, sec: 86.098, prod: 0.032931, t_ads: 123.7, t_des: 130.3, bed_util_ads: 0.471, bed_util_des: 0.469, des_th: 0.46900227154562985,frac_lost: 0.104, li_recovered:  8.364, time: 0.008609459999206592
L: 0.50, u_super: 0.00796, sec: 505.163, prod: 0.161612, t_ads: 24.6, t_des: 29.3, bed_util_ads: 0.465, bed_util_des: 0.465, des_th: 0.4647081714801138,frac_lost: 0.108, li_recovered:  8.708, time: 0.011207222998564248
L: 0.50, u_super: 0.00432, sec: 241.663, prod: 0.094961, t_ads: 45.1, t_des: 45.5, bed_util_ads: 0.483, bed_util_des: 0.482, des_th: 0.482405356503368,frac_lost: 0.106, li_recovered:  8.602, time: 0.009336859999166336
L: 85.95, u_super: 0.00144 — INFEASIBLE (li_recovered=0.000e+00), time: 0.001116346998969675
L: 0.50, u_super: 0.00240, sec: 129.906, prod: 0.052922, t_ads: 80.6, t_des: 69.8, bed_util_ads: 0.499, bed_util_des: 0.499, des_th: 0.4992289228276302,frac_lost: 0.106, li_recovered:  7.958, time: 0.008548055000574095
L: 0.50, u_super: 0.00193, sec: 103.716, prod: 0.042571, t_ads: 100.1, t_des: 90.2, bed_util_ads: 0.493, bed_util_des: 0.493, des_th: 0.4927754120201461,frac_lost: 0.107, li_recovered:  8.102, time: 0.010126992001460167
L: 0.50, u_super: 0.00055, sec: 36.055, prod: 0.009952, t_ads: 335.0, t_des: 458.5, bed_util_ads: 0.418, bed_util_des: 0.409, des_th: 0.40909378846530225,frac_lost: 0.102, li_recovered:  7.898, time: 0.00919577500098967
L: 0.50, u_super: 0.00519, sec: 297.850, prod: 0.112516, t_ads: 37.3, t_des: 39.5, bed_util_ads: 0.478, bed_util_des: 0.478, des_th: 0.47777470106817976,frac_lost: 0.100, li_recovered:  8.643, time: 0.007090582999808248
L: 53.47, u_super: 0.00018 — INFEASIBLE (li_recovered=0.000e+00), time: 0.0014420220013562357
L: 29.08, u_super: 0.00235 — INFEASIBLE (li_recovered=0.000e+00), time: 0.001249360000656452
L: 22.90, u_super: 0.00830 — INFEASIBLE (li_recovered=0.000e+00), time: 0.0014996570007497212
L: 0.50, u_super: 0.00215, sec: 115.846, prod: 0.047390, t_ads: 89.2, t_des: 78.2, bed_util_ads: 0.497, bed_util_des: 0.497, des_th: 0.4966730842742231,frac_lost: 0.100, li_recovered:  7.932, time: 0.005983380000543548
L: 0.50, u_super: 0.00500, sec: 275.216, prod: 0.112512, t_ads: 39.0, t_des: 34.7, bed_util_ads: 0.499, bed_util_des: 0.499, des_th: 0.4992575419058269,frac_lost: 0.105, li_recovered:  8.293, time: 0.005529525000383728
L: 0.50, u_super: 0.00235, sec: 126.156, prod: 0.052264, t_ads: 82.1, t_des: 74.9, bed_util_ads: 0.494, bed_util_des: 0.493, des_th: 0.4932133000695505,frac_lost: 0.105, li_recovered:  8.208, time: 0.005043144999945071
L: 5.14, u_super: 0.00165 — INFEASIBLE (li_recovered=0.000e+00), time: 0.0027029699995182455
L: 0.50, u_super: 0.00695, sec: 390.022, prod: 0.157342, t_ads: 28.0, t_des: 25.2, bed_util_ads: 0.499, bed_util_des: 0.499, des_th: 0.4989080989930215,frac_lost: 0.101, li_recovered:  8.369, time: 0.0051652589991135756
L: 0.50, u_super: 0.00005, sec: 4.331, prod: 0.000668, t_ads: 3402.3, t_des: 5780.3, bed_util_ads: 0.251, bed_util_des: 0.185, des_th: 0.1851696623157332,frac_lost: 0.100, li_recovered:  6.137, time: 0.0066393039996910375
L: 0.50, u_super: 0.00194, sec: 104.456, prod: 0.042865, t_ads: 99.5, t_des: 89.7, bed_util_ads: 0.493, bed_util_des: 0.493, des_th: 0.4927754120201461,frac_lost: 0.108, li_recovered:  8.112, time: 0.005682556000465411
L: 0.50, u_super: 0.00512, sec: 281.703, prod: 0.115770, t_ads: 37.8, t_des: 34.7, bed_util_ads: 0.497, bed_util_des: 0.497, des_th: 0.4967023564565722,frac_lost: 0.102, li_recovered:  8.391, time: 0.005925550000029034
L: 0.50, u_super: 0.00973, sec: 565.800, prod: 0.220719, t_ads: 20.0, t_des: 18.5, bed_util_ads: 0.498, bed_util_des: 0.498, des_th: 0.4977212339471246,frac_lost: 0.104, li_recovered:  8.498, time: 0.004862391000642674
L: 0.50, u_super: 0.00652, sec: 364.037, prod: 0.147616, t_ads: 29.8, t_des: 27.3, bed_util_ads: 0.498, bed_util_des: 0.498, des_th: 0.49766504645149484,frac_lost: 0.101, li_recovered:  8.427, time: 0.004749089001052198
L: 0.50, u_super: 0.00574, sec: 340.198, prod: 0.121101, t_ads: 33.9, t_des: 37.7, bed_util_ads: 0.473, bed_util_des: 0.472, des_th: 0.4723422216555576,frac_lost: 0.103, li_recovered:  8.669, time: 0.005567815000176779
L: 0.50, u_super: 0.00767, sec: 435.334, prod: 0.173404, t_ads: 25.5, t_des: 23.2, bed_util_ads: 0.498, bed_util_des: 0.498, des_th: 0.49792959271692766,frac_lost: 0.107, li_recovered:  8.444, time: 0.004912084999887156
L: 0.50, u_super: 0.00717, sec: 424.464, prod: 0.154712, t_ads: 27.3, t_des: 28.8, bed_util_ads: 0.479, bed_util_des: 0.479, des_th: 0.4788913974332775,frac_lost: 0.108, li_recovered:  8.688, time: 0.00613565700041363
L: 0.50, u_super: 0.00877, sec: 505.002, prod: 0.198544, t_ads: 22.3, t_des: 20.2, bed_util_ads: 0.500, bed_util_des: 0.500, des_th: 0.49988144953206237,frac_lost: 0.107, li_recovered:  8.440, time: 0.004573395000988967
L: 0.50, u_super: 0.00821, sec: 469.035, prod: 0.185708, t_ads: 23.8, t_des: 21.8, bed_util_ads: 0.498, bed_util_des: 0.498, des_th: 0.4977276482873122,frac_lost: 0.106, li_recovered:  8.478, time: 0.006130087000201456
L: 15.33, u_super: 0.00896 — INFEASIBLE (li_recovered=0.000e+00), time: 0.0022075580000091577
   523 |    20920 |     40 |  0.0045629268 |             f
L: 0.50, u_super: 0.00091, sec: 49.731, prod: 0.019316, t_ads: 207.4, t_des: 188.3, bed_util_ads: 0.483, bed_util_des: 0.482, des_th: 0.48225491695602035,frac_lost: 0.105, li_recovered:  7.642, time: 0.006604123000215623
L: 0.50, u_super: 0.00953, sec: 552.507, prod: 0.215983, t_ads: 20.5, t_des: 18.7, bed_util_ads: 0.500, bed_util_des: 0.499, des_th: 0.49942132725883337,frac_lost: 0.105, li_recovered:  8.458, time: 0.005412823998995009
L: 0.50, u_super: 0.00907, sec: 523.774, prod: 0.205433, t_ads: 21.5, t_des: 20.0, bed_util_ads: 0.496, bed_util_des: 0.496, des_th: 0.49601591421735886,frac_lost: 0.104, li_recovered:  8.526, time: 0.006328520999886678
L: 0.50, u_super: 0.00005 — INFEASIBLE (li_recovered=0.000e+00), time: 0.0012109330000384944
L: 0.50, u_super: 0.00084, sec: 46.170, prod: 0.017866, t_ads: 223.9, t_des: 213.0, bed_util_ads: 0.475, bed_util_des: 0.473, des_th: 0.4734883900034486,frac_lost: 0.107, li_recovered:  7.805, time: 0.007147894999434357
L: 0.50, u_super: 0.00843, sec: 483.446, prod: 0.190565, t_ads: 23.2, t_des: 21.4, bed_util_ads: 0.498, bed_util_des: 0.498, des_th: 0.4977276482873122,frac_lost: 0.107, li_recovered:  8.504, time: 0.007539067999459803
L: 0.50, u_super: 0.00424, sec: 231.434, prod: 0.095366, t_ads: 45.9, t_des: 41.5, bed_util_ads: 0.497, bed_util_des: 0.497, des_th: 0.49669394100432745,frac_lost: 0.106, li_recovered:  8.330, time: 0.008059535999564105
L: 0.50, u_super: 0.00669, sec: 375.652, prod: 0.151067, t_ads: 29.3, t_des: 26.6, bed_util_ads: 0.499, bed_util_des: 0.499, des_th: 0.49887202079354687,frac_lost: 0.108, li_recovered:  8.436, time: 0.006278865999775007
L: 0.50, u_super: 0.00976, sec: 567.834, prod: 0.221103, t_ads: 20.1, t_des: 18.2, bed_util_ads: 0.500, bed_util_des: 0.500, des_th: 0.4995905025537608,frac_lost: 0.106, li_recovered:  8.449, time: 0.008776175000093644
L: 0.50, u_super: 0.00934, sec: 541.889, prod: 0.211260, t_ads: 21.0, t_des: 19.4, bed_util_ads: 0.496, bed_util_des: 0.496, des_th: 0.4957929395582244,frac_lost: 0.107, li_recovered:  8.536, time: 0.007066325999403489
L: 0.50, u_super: 0.00366, sec: 198.698, prod: 0.081944, t_ads: 53.2, t_des: 47.5, bed_util_ads: 0.499, bed_util_des: 0.499, des_th: 0.4987189972255394,frac_lost: 0.107, li_recovered:  8.250, time: 0.0057887950006261235
L: 0.50, u_super: 0.00989, sec: 587.279, prod: 0.220039, t_ads: 19.8, t_des: 19.6, bed_util_ads: 0.488, bed_util_des: 0.487, des_th: 0.4874493756691383,frac_lost: 0.105, li_recovered:  8.673, time: 0.00534852199962188
L: 0.50, u_super: 0.00949, sec: 550.127, prod: 0.215399, t_ads: 20.5, t_des: 18.7, bed_util_ads: 0.499, bed_util_des: 0.499, des_th: 0.49937088934021734,frac_lost: 0.104, li_recovered:  8.455, time: 0.006598451000172645
L: 0.50, u_super: 0.00055, sec: 36.055, prod: 0.009952, t_ads: 335.0, t_des: 458.5, bed_util_ads: 0.418, bed_util_des: 0.409, des_th: 0.40909378846530225,frac_lost: 0.102, li_recovered:  7.898, time: 0.005874046000826638
L: 0.50, u_super: 0.00305, sec: 164.170, prod: 0.068249, t_ads: 63.4, t_des: 57.7, bed_util_ads: 0.495, bed_util_des: 0.495, des_th: 0.49480761089699365,frac_lost: 0.103, li_recovered:  8.267, time: 0.006325804999505635
L: 0.50, u_super: 0.00588, sec: 352.498, prod: 0.122886, t_ads: 33.3, t_des: 37.4, bed_util_ads: 0.471, bed_util_des: 0.470, des_th: 0.47003535097256455,frac_lost: 0.106, li_recovered:  8.677, time: 0.005633857001157594
L: 0.50, u_super: 0.00767, sec: 435.334, prod: 0.173404, t_ads: 25.5, t_des: 23.2, bed_util_ads: 0.498, bed_util_des: 0.498, des_th: 0.49792959271692766,frac_lost: 0.107, li_recovered:  8.444, time: 0.006017998999595875
L: 0.50, u_super: 0.00466, sec: 255.197, prod: 0.104964, t_ads: 41.7, t_des: 38.1, bed_util_ads: 0.496, bed_util_des: 0.496, des_th: 0.4960151553095472,frac_lost: 0.105, li_recovered:  8.381, time: 0.005224737999014906
L: 0.50, u_super: 0.00009 — INFEASIBLE (li_recovered=0.000e+00), time: 0.0010822380008903565
L: 0.50, u_super: 0.00289, sec: 211.735, prod: 0.047680, t_ads: 67.2, t_des: 113.7, bed_util_ads: 0.417, bed_util_des: 0.414, des_th: 0.41414454281125546,frac_lost: 0.104, li_recovered:  8.622, time: 0.009514691000731546
L: 0.50, u_super: 0.00316, sec: 170.074, prod: 0.070852, t_ads: 61.0, t_des: 56.3, bed_util_ads: 0.493, bed_util_des: 0.493, des_th: 0.49269278226643426,frac_lost: 0.100, li_recovered:  8.315, time: 0.0059854510000150185
L: 0.50, u_super: 0.00595, sec: 412.340, prod: 0.107811, t_ads: 32.9, t_des: 47.7, bed_util_ads: 0.439, bed_util_des: 0.438, des_th: 0.4383370449146207,frac_lost: 0.108, li_recovered:  8.696, time: 0.006646932000876404
L: 0.50, u_super: 0.00432, sec: 1952.060, prod: 0.011756, t_ads: 45.4, t_des: 701.8, bed_util_ads: 0.193, bed_util_des: 0.186, des_th: 0.1864178400379253,frac_lost: 0.103, li_recovered:  8.783, time: 0.050287671001569834
L: 0.50, u_super: 0.00351, sec: 190.579, prod: 0.078753, t_ads: 55.4, t_des: 50.0, bed_util_ads: 0.497, bed_util_des: 0.497, des_th: 0.4966551318971374,frac_lost: 0.107, li_recovered:  8.300, time: 0.009229431998392101
L: 0.50, u_super: 0.00767, sec: 435.317, prod: 0.173410, t_ads: 25.5, t_des: 23.2, bed_util_ads: 0.498, bed_util_des: 0.498, des_th: 0.49792959271692766,frac_lost: 0.107, li_recovered:  8.438, time: 0.008841119000862818
L: 0.50, u_super: 0.00026, sec: 16.503, prod: 0.004770, t_ads: 641.7, t_des: 698.0, bed_util_ads: 0.416, bed_util_des: 0.409, des_th: 0.40909378846530225,frac_lost: 0.101, li_recovered:  6.391, time: 0.005013766000047326
L: 0.50, u_super: 0.00465, sec: 255.026, prod: 0.104854, t_ads: 41.8, t_des: 38.1, bed_util_ads: 0.496, bed_util_des: 0.496, des_th: 0.4961754361286875,frac_lost: 0.105, li_recovered:  8.382, time: 0.004440415999852121
L: 20.68, u_super: 0.00318 — INFEASIBLE (li_recovered=0.000e+00), time: 0.0015114270008780295
L: 0.50, u_super: 0.00142, sec: 77.409, prod: 0.030966, t_ads: 134.2, t_des: 117.8, bed_util_ads: 0.493, bed_util_des: 0.493, des_th: 0.49299762777136535,frac_lost: 0.107, li_recovered:  7.801, time: 0.005652490999636939
L: 0.50, u_super: 0.00393, sec: 213.686, prod: 0.088170, t_ads: 49.6, t_des: 44.8, bed_util_ads: 0.497, bed_util_des: 0.497, des_th: 0.4968653007826011,frac_lost: 0.106, li_recovered:  8.320, time: 0.005895924001379171
L: 0.50, u_super: 0.00245, sec: 132.619, prod: 0.054115, t_ads: 78.8, t_des: 68.4, bed_util_ads: 0.500, bed_util_des: 0.499, des_th: 0.49942132725883337,frac_lost: 0.105, li_recovered:  7.965, time: 0.005139069999131607
L: 0.50, u_super: 0.00683, sec: 382.515, prod: 0.154755, t_ads: 28.4, t_des: 26.0, bed_util_ads: 0.498, bed_util_des: 0.498, des_th: 0.49766504645149484,frac_lost: 0.100, li_recovered:  8.415, time: 0.007992255999852205
L: 0.50, u_super: 0.00225, sec: 121.404, prod: 0.049704, t_ads: 85.9, t_des: 75.5, bed_util_ads: 0.498, bed_util_des: 0.498, des_th: 0.4980502106060865,frac_lost: 0.107, li_recovered:  8.023, time: 0.005716015999496449
L: 0.50, u_super: 0.00659, sec: 369.386, prod: 0.148751, t_ads: 29.7, t_des: 26.7, bed_util_ads: 0.499, bed_util_des: 0.499, des_th: 0.49887528454714525,frac_lost: 0.107, li_recovered:  8.378, time: 0.00591962700127624
L: 18.80, u_super: 0.00428 — INFEASIBLE (li_recovered=0.000e+00), time: 0.0025705389998620376
L: 0.50, u_super: 0.00153, sec: 83.517, prod: 0.033012, t_ads: 125.4, t_des: 107.1, bed_util_ads: 0.497, bed_util_des: 0.497, des_th: 0.49669394100432745,frac_lost: 0.107, li_recovered:  7.675, time: 0.00785155300036422
L: 0.50, u_super: 0.00796, sec: 452.236, prod: 0.180507, t_ads: 24.4, t_des: 22.6, bed_util_ads: 0.497, bed_util_des: 0.497, des_th: 0.49669394100432745,frac_lost: 0.101, li_recovered:  8.480, time: 0.012355853999906685
L: 0.50, u_super: 0.00716, sec: 3642.679, prod: 0.017960, t_ads: 27.4, t_des: 461.6, bed_util_ads: 0.187, bed_util_des: 0.183, des_th: 0.18343335849776227,frac_lost: 0.104, li_recovered:  8.782, time: 0.0731912060000468
L: 0.50, u_super: 0.00270, sec: 145.534, prod: 0.060403, t_ads: 71.4, t_des: 65.0, bed_util_ads: 0.495, bed_util_des: 0.495, des_th: 0.494784509445482,frac_lost: 0.104, li_recovered:  8.240, time: 0.011788305000663968
L: 37.77, u_super: 0.00990 — INFEASIBLE (li_recovered=0.000e+00), time: 0.0033300879986200016
   524 |    20960 |     40 |  0.0027987143 |             f
L: 35.21, u_super: 0.00436 — INFEASIBLE (li_recovered=0.000e+00), time: 0.003355487000590074
L: 0.50, u_super: 0.00918, sec: 541.563, prod: 0.203527, t_ads: 21.3, t_des: 21.4, bed_util_ads: 0.486, bed_util_des: 0.486, des_th: 0.48556287433132833,frac_lost: 0.104, li_recovered:  8.674, time: 0.012194709001050796
L: 0.50, u_super: 0.00803, sec: 457.342, prod: 0.181702, t_ads: 24.3, t_des: 22.1, bed_util_ads: 0.499, bed_util_des: 0.499, des_th: 0.4986630466111676,frac_lost: 0.105, li_recovered:  8.437, time: 0.015505369001402869
L: 3.88, u_super: 0.00153 — INFEASIBLE (li_recovered=0.000e+00), time: 0.004790815999513143
L: 0.50, u_super: 0.00193, sec: 103.707, prod: 0.042575, t_ads: 100.0, t_des: 90.2, bed_util_ads: 0.493, bed_util_des: 0.493, des_th: 0.4928229793363298,frac_lost: 0.107, li_recovered:  8.098, time: 0.014840490999631584
L: 21.39, u_super: 0.00215 — INFEASIBLE (li_recovered=0.000e+00), time: 0.0032176570002775406
L: 0.50, u_super: 0.00966, sec: 561.287, prod: 0.219176, t_ads: 20.2, t_des: 18.3, bed_util_ads: 0.499, bed_util_des: 0.499, des_th: 0.49931262597499154,frac_lost: 0.104, li_recovered:  8.445, time: 0.012962157999936608
L: 0.50, u_super: 0.00295, sec: 158.944, prod: 0.066174, t_ads: 65.3, t_des: 59.7, bed_util_ads: 0.495, bed_util_des: 0.495, des_th: 0.494784509445482,frac_lost: 0.101, li_recovered:  8.266, time: 0.008436948999587912
L: 0.50, u_super: 0.00055, sec: 41.756, prod: 0.008593, t_ads: 338.1, t_des: 601.8, bed_util_ads: 0.385, bed_util_des: 0.372, des_th: 0.37243249491680774,frac_lost: 0.100, li_recovered:  8.077, time: 0.011315839001326822
L: 0.50, u_super: 0.00887, sec: 511.319, prod: 0.200702, t_ads: 22.1, t_des: 19.9, bed_util_ads: 0.499, bed_util_des: 0.499, des_th: 0.49891393036219794,frac_lost: 0.108, li_recovered:  8.438, time: 0.007338314000662649
L: 0.50, u_super: 0.00113, sec: 61.611, prod: 0.024179, t_ads: 168.7, t_des: 168.0, bed_util_ads: 0.474, bed_util_des: 0.472, des_th: 0.47228498714861467,frac_lost: 0.105, li_recovered:  8.142, time: 0.005814042000565678
L: 0.50, u_super: 0.00500, sec: 275.057, prod: 0.112577, t_ads: 38.9, t_des: 34.7, bed_util_ads: 0.500, bed_util_des: 0.499, des_th: 0.49934187795291646,frac_lost: 0.104, li_recovered:  8.288, time: 0.006409446999896318
L: 0.50, u_super: 0.00543, sec: 299.429, prod: 0.122613, t_ads: 35.8, t_des: 32.5, bed_util_ads: 0.498, bed_util_des: 0.498, des_th: 0.49769099059506217,frac_lost: 0.102, li_recovered:  8.366, time: 0.0066671370004769415
L: 0.50, u_super: 0.00587, sec: 325.374, prod: 0.132662, t_ads: 33.1, t_des: 30.7, bed_util_ads: 0.496, bed_util_des: 0.495, des_th: 0.49547537377615586,frac_lost: 0.101, li_recovered:  8.461, time: 0.006139385001006303
L: 0.50, u_super: 0.00620, sec: 345.090, prod: 0.140233, t_ads: 31.3, t_des: 28.1, bed_util_ads: 0.499, bed_util_des: 0.499, des_th: 0.49887167338160476,frac_lost: 0.101, li_recovered:  8.321, time: 0.0051655450006364845
L: 85.13, u_super: 0.00441 — INFEASIBLE (li_recovered=0.000e+00), time: 0.0009551899984217016
L: 0.50, u_super: 0.00588, sec: 515.903, prod: 0.083964, t_ads: 33.2, t_des: 70.6, bed_util_ads: 0.392, bed_util_des: 0.391, des_th: 0.39065760933339627,frac_lost: 0.103, li_recovered:  8.710, time: 0.00882246399851283
L: 0.50, u_super: 0.00085 — INFEASIBLE (li_recovered=0.000e+00), time: 0.003147125000396045
L: 0.50, u_super: 0.00889, sec: 512.320, prod: 0.201259, t_ads: 21.9, t_des: 20.4, bed_util_ads: 0.496, bed_util_des: 0.496, des_th: 0.4960151553095472,frac_lost: 0.104, li_recovered:  8.531, time: 0.006534998999995878
L: 0.50, u_super: 0.00545, sec: 300.842, prod: 0.122952, t_ads: 35.7, t_des: 32.7, bed_util_ads: 0.496, bed_util_des: 0.496, des_th: 0.4961362654931742,frac_lost: 0.104, li_recovered:  8.407, time: 0.005511444000148913
L: 0.50, u_super: 0.00005, sec: 4.348, prod: 0.000666, t_ads: 3315.1, t_des: 5400.9, bed_util_ads: 0.255, bed_util_des: 0.193, des_th: 0.19383877013670067,frac_lost: 0.102, li_recovered:  5.803, time: 0.008933954000895028
L: 0.50, u_super: 0.00109, sec: 59.301, prod: 0.023557, t_ads: 174.1, t_des: 160.4, bed_util_ads: 0.483, bed_util_des: 0.482, des_th: 0.48225491695602035,frac_lost: 0.107, li_recovered:  7.880, time: 0.004667440000048373
L: 0.50, u_super: 0.00934, sec: 541.083, prod: 0.211574, t_ads: 20.9, t_des: 18.8, bed_util_ads: 0.500, bed_util_des: 0.500, des_th: 0.4999348914516204,frac_lost: 0.106, li_recovered:  8.404, time: 0.006579118999070488
L: 0.50, u_super: 0.00121, sec: 66.165, prod: 0.026056, t_ads: 156.4, t_des: 157.9, bed_util_ads: 0.474, bed_util_des: 0.472, des_th: 0.47228498714861467,frac_lost: 0.101, li_recovered:  8.190, time: 0.006299263999608229
L: 0.50, u_super: 0.00507, sec: 278.636, prod: 0.114583, t_ads: 38.2, t_des: 35.1, bed_util_ads: 0.496, bed_util_des: 0.496, des_th: 0.49608501334640454,frac_lost: 0.101, li_recovered:  8.397, time: 0.006917464999787626
L: 26.70, u_super: 0.00990 — INFEASIBLE (li_recovered=0.000e+00), time: 0.001912818999699084
L: 0.50, u_super: 0.00807, sec: 460.594, prod: 0.182361, t_ads: 24.3, t_des: 22.3, bed_util_ads: 0.498, bed_util_des: 0.498, des_th: 0.49772181691681755,frac_lost: 0.108, li_recovered:  8.488, time: 0.005810884998936672
L: 0.50, u_super: 0.00840, sec: 481.457, prod: 0.190088, t_ads: 23.3, t_des: 21.4, bed_util_ads: 0.497, bed_util_des: 0.497, des_th: 0.4972265201867925,frac_lost: 0.107, li_recovered:  8.493, time: 0.007518144000641769
L: 0.50, u_super: 0.00153, sec: 83.498, prod: 0.033019, t_ads: 125.4, t_des: 107.1, bed_util_ads: 0.498, bed_util_des: 0.498, des_th: 0.49774325957003973,frac_lost: 0.107, li_recovered:  7.674, time: 0.007967858999109012
L: 50.87, u_super: 0.00760 — INFEASIBLE (li_recovered=0.000e+00), time: 0.0011578779995033983
L: 19.84, u_super: 0.00767 — INFEASIBLE (li_recovered=0.000e+00), time: 0.0019904069995391183
L: 0.50, u_super: 0.00977, sec: 568.878, prod: 0.221509, t_ads: 20.0, t_des: 18.2, bed_util_ads: 0.500, bed_util_des: 0.499, des_th: 0.49942132725883337,frac_lost: 0.106, li_recovered:  8.455, time: 0.00623954699949536
L: 0.50, u_super: 0.00280, sec: 183.607, prod: 0.051425, t_ads: 69.3, t_des: 97.8, bed_util_ads: 0.439, bed_util_des: 0.437, des_th: 0.43706694698477805,frac_lost: 0.105, li_recovered:  8.596, time: 0.005663341999024851
L: 0.50, u_super: 0.00084 — INFEASIBLE (li_recovered=0.000e+00), time: 0.003144893000353477
L: 0.50, u_super: 0.00055 — INFEASIBLE (li_recovered=0.000e+00), time: 0.005013491001591319
L: 0.50, u_super: 0.00464, sec: 255.170, prod: 0.104070, t_ads: 42.0, t_des: 39.7, bed_util_ads: 0.493, bed_util_des: 0.493, des_th: 0.49277789382886183,frac_lost: 0.107, li_recovered:  8.502, time: 0.0072991530014405726
L: 0.50, u_super: 0.00695, sec: 389.988, prod: 0.157355, t_ads: 27.9, t_des: 25.2, bed_util_ads: 0.499, bed_util_des: 0.499, des_th: 0.4989080989930215,frac_lost: 0.101, li_recovered:  8.369, time: 0.0069188500001473585
L: 0.50, u_super: 0.00718, sec: 405.734, prod: 0.162319, t_ads: 27.2, t_des: 24.7, bed_util_ads: 0.499, bed_util_des: 0.499, des_th: 0.4991167748847115,frac_lost: 0.108, li_recovered:  8.435, time: 0.004975730000296608
L: 0.50, u_super: 0.00466, sec: 255.280, prod: 0.104853, t_ads: 41.8, t_des: 37.7, bed_util_ads: 0.498, bed_util_des: 0.498, des_th: 0.49793579779198877,frac_lost: 0.106, li_recovered:  8.337, time: 0.005834756999320234
L: 19.29, u_super: 0.00154 — INFEASIBLE (li_recovered=0.000e+00), time: 0.0009272800016333349
   525 |    21000 |     40 |  0.0024528091 |             f
L: 0.50, u_super: 0.00026 — INFEASIBLE (li_recovered=0.000e+00), time: 0.002806812000926584
L: 0.50, u_super: 0.00432, sec: 236.156, prod: 0.097176, t_ads: 45.1, t_des: 41.1, bed_util_ads: 0.497, bed_util_des: 0.497, des_th: 0.49669394100432745,frac_lost: 0.107, li_recovered:  8.375, time: 0.0068907290005881805
L: 0.50, u_super: 0.00283, sec: 153.183, prod: 0.062833, t_ads: 68.0, t_des: 59.3, bed_util_ads: 0.499, bed_util_des: 0.499, des_th: 0.4990035761026966,frac_lost: 0.101, li_recovered:  8.000, time: 0.004365968001366127
L: 0.50, u_super: 0.00320, sec: 173.716, prod: 0.071384, t_ads: 60.8, t_des: 53.6, bed_util_ads: 0.499, bed_util_des: 0.499, des_th: 0.4989948238169834,frac_lost: 0.109, li_recovered:  8.171, time: 0.004849099999773898
L: 0.50, u_super: 0.00966, sec: 561.416, prod: 0.219126, t_ads: 20.2, t_des: 18.6, bed_util_ads: 0.498, bed_util_des: 0.498, des_th: 0.49774078418896606,frac_lost: 0.104, li_recovered:  8.492, time: 0.004785778999575996
L: 0.50, u_super: 0.00504, sec: 277.445, prod: 0.113566, t_ads: 38.6, t_des: 34.4, bed_util_ads: 0.500, bed_util_des: 0.499, des_th: 0.49934187795291646,frac_lost: 0.104, li_recovered:  8.292, time: 0.006007142999806092
L: 26.88, u_super: 0.00374 — INFEASIBLE (li_recovered=0.000e+00), time: 0.0011962950011366047
L: 0.50, u_super: 0.00215, sec: 115.848, prod: 0.047389, t_ads: 90.0, t_des: 79.3, bed_util_ads: 0.497, bed_util_des: 0.497, des_th: 0.4966240248880739,frac_lost: 0.107, li_recovered:  8.023, time: 0.005298107000271557
L: 4.29, u_super: 0.00552 — INFEASIBLE (li_recovered=0.000e+00), time: 0.0027034350005123997
L: 0.50, u_super: 0.00319, sec: 173.076, prod: 0.071287, t_ads: 60.4, t_des: 53.1, bed_util_ads: 0.500, bed_util_des: 0.500, des_th: 0.49971961605466336,frac_lost: 0.102, li_recovered:  8.090, time: 0.005749154999648454
L: 0.50, u_super: 0.00088, sec: 59.781, prod: 0.015231, t_ads: 215.1, t_des: 326.3, bed_util_ads: 0.416, bed_util_des: 0.409, des_th: 0.40909378846530225,frac_lost: 0.101, li_recovered:  8.245, time: 0.008601947998613468
L: 0.50, u_super: 0.00768, sec: 436.790, prod: 0.173482, t_ads: 25.5, t_des: 23.1, bed_util_ads: 0.499, bed_util_des: 0.499, des_th: 0.49923315960397285,frac_lost: 0.109, li_recovered:  8.440, time: 0.006876112000099965
L: 0.50, u_super: 0.00708, sec: 401.925, prod: 0.159068, t_ads: 27.6, t_des: 26.3, bed_util_ads: 0.492, bed_util_des: 0.492, des_th: 0.49192384299324543,frac_lost: 0.107, li_recovered:  8.583, time: 0.00791225299872167
L: 19.98, u_super: 0.00339 — INFEASIBLE (li_recovered=0.000e+00), time: 0.002565201999459532
L: 15.30, u_super: 0.00977 — INFEASIBLE (li_recovered=0.000e+00), time: 0.003321375999803422
L: 0.50, u_super: 0.00934, sec: 541.083, prod: 0.211574, t_ads: 20.9, t_des: 18.8, bed_util_ads: 0.500, bed_util_des: 0.500, des_th: 0.4999348914516204,frac_lost: 0.106, li_recovered:  8.404, time: 0.007633105999047984
L: 0.50, u_super: 0.00743, sec: 512.446, prod: 0.137820, t_ads: 26.3, t_des: 36.9, bed_util_ads: 0.445, bed_util_des: 0.444, des_th: 0.44401607542970606,frac_lost: 0.106, li_recovered:  8.709, time: 0.005822161001560744
L: 0.50, u_super: 0.00213, sec: 114.939, prod: 0.047016, t_ads: 90.7, t_des: 79.9, bed_util_ads: 0.497, bed_util_des: 0.496, des_th: 0.49655576371838583,frac_lost: 0.107, li_recovered:  8.024, time: 0.005367508001654642
L: 0.50, u_super: 0.00966, sec: 561.109, prod: 0.218919, t_ads: 20.2, t_des: 18.4, bed_util_ads: 0.499, bed_util_des: 0.499, des_th: 0.49931262597499154,frac_lost: 0.105, li_recovered:  8.452, time: 0.004756095999255194
L: 0.50, u_super: 0.00720, sec: 601.103, prod: 0.109958, t_ads: 27.1, t_des: 52.2, bed_util_ads: 0.405, bed_util_des: 0.404, des_th: 0.40394013889629277,frac_lost: 0.102, li_recovered:  8.717, time: 0.007454218999555451
L: 0.50, u_super: 0.00448, sec: 245.215, prod: 0.100818, t_ads: 43.4, t_des: 38.7, bed_util_ads: 0.499, bed_util_des: 0.499, des_th: 0.4992735243430214,frac_lost: 0.104, li_recovered:  8.278, time: 0.0038898149996384745
L: 0.50, u_super: 0.00620, sec: 346.183, prod: 0.139790, t_ads: 31.3, t_des: 29.7, bed_util_ads: 0.493, bed_util_des: 0.493, des_th: 0.4925588541890028,frac_lost: 0.102, li_recovered:  8.532, time: 0.004464082998310914
L: 0.50, u_super: 0.00951, sec: 563.859, prod: 0.210774, t_ads: 20.6, t_des: 20.6, bed_util_ads: 0.487, bed_util_des: 0.487, des_th: 0.48664423226486975,frac_lost: 0.105, li_recovered:  8.679, time: 0.005333846998837544
L: 0.50, u_super: 0.00142, sec: 78.741, prod: 0.030076, t_ads: 133.7, t_des: 110.5, bed_util_ads: 0.499, bed_util_des: 0.499, des_th: 0.49931510020276243,frac_lost: 0.101, li_recovered:  7.345, time: 0.004100263999134768
L: 0.50, u_super: 0.00270, sec: 145.534, prod: 0.060403, t_ads: 71.4, t_des: 65.0, bed_util_ads: 0.495, bed_util_des: 0.495, des_th: 0.494784509445482,frac_lost: 0.104, li_recovered:  8.240, time: 0.0061530900002253475
L: 0.50, u_super: 0.00185, sec: 100.780, prod: 0.040251, t_ads: 103.5, t_des: 88.2, bed_util_ads: 0.499, bed_util_des: 0.498, des_th: 0.4983871871660622,frac_lost: 0.102, li_recovered:  7.717, time: 0.004859767999732867
L: 0.50, u_super: 0.00245, sec: 132.677, prod: 0.054091, t_ads: 78.9, t_des: 68.3, bed_util_ads: 0.500, bed_util_des: 0.499, des_th: 0.49946998493216993,frac_lost: 0.105, li_recovered:  7.962, time: 0.006308952999461326
L: 0.50, u_super: 0.00955, sec: 553.644, prod: 0.216500, t_ads: 20.4, t_des: 18.4, bed_util_ads: 0.500, bed_util_des: 0.500, des_th: 0.4998827775549062,frac_lost: 0.104, li_recovered:  8.402, time: 0.00547898799959512
L: 0.50, u_super: 0.00477, sec: 261.512, prod: 0.107380, t_ads: 40.8, t_des: 37.8, bed_util_ads: 0.495, bed_util_des: 0.495, des_th: 0.49509715192532316,frac_lost: 0.104, li_recovered:  8.437, time: 0.0046043490001466125
L: 15.28, u_super: 0.00652 — INFEASIBLE (li_recovered=0.000e+00), time: 0.0027798049995908514
L: 42.55, u_super: 0.00826 — INFEASIBLE (li_recovered=0.000e+00), time: 0.00153375199988659
L: 0.50, u_super: 0.00151, sec: 556.737, prod: 0.004855, t_ads: 130.5, t_des: 1681.9, bed_util_ads: 0.201, bed_util_des: 0.185, des_th: 0.1851696623157332,frac_lost: 0.105, li_recovered:  8.799, time: 0.0348514540000906
L: 0.50, u_super: 0.00374, sec: 203.756, prod: 0.083569, t_ads: 52.2, t_des: 45.9, bed_util_ads: 0.500, bed_util_des: 0.500, des_th: 0.49988428098921106,frac_lost: 0.108, li_recovered:  8.194, time: 0.005686774999048794
L: 0.50, u_super: 0.00109, sec: 60.451, prod: 0.023154, t_ads: 173.8, t_des: 148.3, bed_util_ads: 0.493, bed_util_des: 0.493, des_th: 0.4928229793363298,frac_lost: 0.108, li_recovered:  7.456, time: 0.005300041999362293
L: 0.50, u_super: 0.00720, sec: 405.194, prod: 0.163122, t_ads: 27.0, t_des: 24.3, bed_util_ads: 0.499, bed_util_des: 0.499, des_th: 0.4989080989930215,frac_lost: 0.101, li_recovered:  8.367, time: 0.0073675250005180715
L: 96.56, u_super: 0.00153 — INFEASIBLE (li_recovered=0.000e+00), time: 0.0010301189995516324
L: 0.50, u_super: 0.00367, sec: 199.863, prod: 0.082227, t_ads: 52.9, t_des: 46.8, bed_util_ads: 0.499, bed_util_des: 0.499, des_th: 0.49883631693911246,frac_lost: 0.106, li_recovered:  8.196, time: 0.006307329000264872
L: 0.50, u_super: 0.00015 — INFEASIBLE (li_recovered=0.000e+00), time: 0.00325749199873826
L: 40.77, u_super: 0.00245 — INFEASIBLE (li_recovered=0.000e+00), time: 0.0013635889990837313
L: 0.50, u_super: 0.00257, sec: 139.432, prod: 0.056914, t_ads: 75.1, t_des: 65.1, bed_util_ads: 0.500, bed_util_des: 0.499, des_th: 0.49942132725883337,frac_lost: 0.105, li_recovered:  7.976, time: 0.006375384000421036
   526 |    21040 |     40 |  0.0047822534 |             f
L: 7.78, u_super: 0.00731 — INFEASIBLE (li_recovered=0.000e+00), time: 0.0031067549989529653
L: 0.50, u_super: 0.00654, sec: 365.647, prod: 0.148033, t_ads: 29.7, t_des: 26.9, bed_util_ads: 0.499, bed_util_des: 0.499, des_th: 0.49874437305044134,frac_lost: 0.102, li_recovered:  8.379, time: 0.00595650899958855
L: 0.50, u_super: 0.00188, sec: 102.345, prod: 0.041042, t_ads: 101.5, t_des: 86.9, bed_util_ads: 0.499, bed_util_des: 0.498, des_th: 0.4984617999470636,frac_lost: 0.101, li_recovered:  7.733, time: 0.005542094999327674
L: 0.50, u_super: 0.00855, sec: 490.332, prod: 0.193424, t_ads: 22.9, t_des: 21.0, bed_util_ads: 0.497, bed_util_des: 0.497, des_th: 0.4970769083250053,frac_lost: 0.106, li_recovered:  8.492, time: 0.00512049700046191
L: 0.50, u_super: 0.00924, sec: 541.838, prod: 0.206602, t_ads: 21.1, t_des: 20.8, bed_util_ads: 0.488, bed_util_des: 0.488, des_th: 0.48822231193177423,frac_lost: 0.104, li_recovered:  8.652, time: 0.007213810999019188
L: 18.17, u_super: 0.00975 — INFEASIBLE (li_recovered=0.000e+00), time: 0.002999893999003689
L: 10.98, u_super: 0.00695 — INFEASIBLE (li_recovered=0.000e+00), time: 0.0022664400003122864
L: 0.50, u_super: 0.00104, sec: 57.451, prod: 0.021972, t_ads: 181.2, t_des: 155.7, bed_util_ads: 0.491, bed_util_des: 0.491, des_th: 0.4911462763413963,frac_lost: 0.102, li_recovered:  7.403, time: 0.006695776000924525
L: 0.50, u_super: 0.00858, sec: 492.606, prod: 0.194365, t_ads: 22.8, t_des: 20.9, bed_util_ads: 0.498, bed_util_des: 0.498, des_th: 0.4977276482873122,frac_lost: 0.105, li_recovered:  8.491, time: 0.004732678000436863
L: 19.37, u_super: 0.00532 — INFEASIBLE (li_recovered=0.000e+00), time: 0.00179793400093331
L: 0.50, u_super: 0.00652, sec: 394.595, prod: 0.136184, t_ads: 30.0, t_des: 33.8, bed_util_ads: 0.472, bed_util_des: 0.471, des_th: 0.4710355460352596,frac_lost: 0.107, li_recovered:  8.688, time: 0.006909472998813726
L: 0.50, u_super: 0.00283, sec: 152.773, prod: 0.063002, t_ads: 68.1, t_des: 60.0, bed_util_ads: 0.499, bed_util_des: 0.499, des_th: 0.49897626722362187,frac_lost: 0.102, li_recovered:  8.070, time: 0.004561656000078074
L: 0.50, u_super: 0.00325, sec: 176.249, prod: 0.072597, t_ads: 59.3, t_des: 52.1, bed_util_ads: 0.499, bed_util_des: 0.499, des_th: 0.49889562542058036,frac_lost: 0.101, li_recovered:  8.085, time: 0.005525999000383308
L: 0.50, u_super: 0.00501, sec: 275.752, prod: 0.112925, t_ads: 38.8, t_des: 34.7, bed_util_ads: 0.500, bed_util_des: 0.500, des_th: 0.49986883003830285,frac_lost: 0.104, li_recovered:  8.296, time: 0.005950361999566667
L: 5.44, u_super: 0.00990 — INFEASIBLE (li_recovered=0.000e+00), time: 0.003321768001114833
L: 0.50, u_super: 0.00766, sec: 434.640, prod: 0.173152, t_ads: 25.5, t_des: 23.2, bed_util_ads: 0.499, bed_util_des: 0.499, des_th: 0.4988492131031662,frac_lost: 0.107, li_recovered:  8.435, time: 0.007137573000363773
L: 0.50, u_super: 0.00185, sec: 100.942, prod: 0.040344, t_ads: 103.3, t_des: 88.2, bed_util_ads: 0.499, bed_util_des: 0.499, des_th: 0.498702802856318,frac_lost: 0.103, li_recovered:  7.725, time: 0.004492099000344751
L: 0.50, u_super: 0.00005 — INFEASIBLE (li_recovered=0.000e+00), time: 0.001623202000700985
L: 0.50, u_super: 0.00066, sec: 51.269, prod: 0.009841, t_ads: 288.4, t_des: 545.9, bed_util_ads: 0.382, bed_util_des: 0.370, des_th: 0.36999746646292914,frac_lost: 0.102, li_recovered:  8.210, time: 0.008536029999959283
L: 0.50, u_super: 0.00907, sec: 523.572, prod: 0.205295, t_ads: 21.6, t_des: 19.5, bed_util_ads: 0.499, bed_util_des: 0.499, des_th: 0.49891393036219794,frac_lost: 0.107, li_recovered:  8.442, time: 0.005667560000802041
L: 0.50, u_super: 0.00458, sec: 251.004, prod: 0.103063, t_ads: 42.5, t_des: 38.3, bed_util_ads: 0.498, bed_util_des: 0.498, des_th: 0.49772258740000563,frac_lost: 0.106, li_recovered:  8.335, time: 0.006566832000316936
L: 0.50, u_super: 0.00055, sec: 33.256, prod: 0.010790, t_ads: 331.4, t_des: 388.4, bed_util_ads: 0.437, bed_util_des: 0.432, des_th: 0.43157207069023834,frac_lost: 0.101, li_recovered:  7.766, time: 0.0061001640005997615
L: 20.70, u_super: 0.00329 — INFEASIBLE (li_recovered=0.000e+00), time: 0.0015818949996173615
L: 0.50, u_super: 0.00164, sec: 93.863, prod: 0.034107, t_ads: 116.2, t_des: 130.3, bed_util_ads: 0.464, bed_util_des: 0.462, des_th: 0.4619749819361167,frac_lost: 0.100, li_recovered:  8.407, time: 0.007195819998742081
L: 0.50, u_super: 0.00005, sec: 4.641, prod: 0.000624, t_ads: 2803.5, t_des: 4032.1, bed_util_ads: 0.255, bed_util_des: 0.216, des_th: 0.2171073230160997,frac_lost: 0.101, li_recovered:  4.264, time: 0.005753442999775871
L: 0.50, u_super: 0.00010 — INFEASIBLE (li_recovered=0.000e+00), time: 0.0017103350000979844
L: 0.50, u_super: 0.00821, sec: 467.741, prod: 0.186314, t_ads: 23.6, t_des: 21.3, bed_util_ads: 0.500, bed_util_des: 0.499, des_th: 0.49942132725883337,frac_lost: 0.100, li_recovered:  8.380, time: 0.006099387999711325
L: 0.50, u_super: 0.00754, sec: 427.470, prod: 0.170588, t_ads: 25.9, t_des: 23.6, bed_util_ads: 0.498, bed_util_des: 0.498, des_th: 0.49761506511613024,frac_lost: 0.106, li_recovered:  8.445, time: 0.005468785999255488
L: 0.50, u_super: 0.00126, sec: 70.151, prod: 0.026534, t_ads: 151.3, t_des: 124.9, bed_util_ads: 0.499, bed_util_des: 0.499, des_th: 0.4987093424361004,frac_lost: 0.107, li_recovered:  7.331, time: 0.0051846450005541556
L: 0.50, u_super: 0.00944, sec: 547.232, prod: 0.213681, t_ads: 20.7, t_des: 18.6, bed_util_ads: 0.500, bed_util_des: 0.500, des_th: 0.4999554937753062,frac_lost: 0.106, li_recovered:  8.402, time: 0.00550825999926019
L: 0.50, u_super: 0.00820, sec: 467.413, prod: 0.186189, t_ads: 23.7, t_des: 21.6, bed_util_ads: 0.498, bed_util_des: 0.498, des_th: 0.4977223802763537,frac_lost: 0.101, li_recovered:  8.428, time: 0.005554784000196378
L: 0.50, u_super: 0.00889, sec: 512.838, prod: 0.200855, t_ads: 22.0, t_des: 20.4, bed_util_ads: 0.496, bed_util_des: 0.495, des_th: 0.49547537377615586,frac_lost: 0.107, li_recovered:  8.533, time: 0.004783590000442928
L: 0.50, u_super: 0.00412, sec: 225.109, prod: 0.092627, t_ads: 47.1, t_des: 42.0, bed_util_ads: 0.500, bed_util_des: 0.499, des_th: 0.499467181769427,frac_lost: 0.106, li_recovered:  8.259, time: 0.0050969410003745
L: 0.50, u_super: 0.00644, sec: 359.490, prod: 0.145832, t_ads: 30.1, t_des: 27.3, bed_util_ads: 0.498, bed_util_des: 0.498, des_th: 0.49778653417629104,frac_lost: 0.101, li_recovered:  8.371, time: 0.006863341999633121
L: 0.50, u_super: 0.00029, sec: 18.097, prod: 0.005320, t_ads: 602.5, t_des: 688.7, bed_util_ads: 0.415, bed_util_des: 0.407, des_th: 0.40684664193976494,frac_lost: 0.104, li_recovered:  6.869, time: 0.004976780999641051
L: 0.50, u_super: 0.00014, sec: 17.699, prod: 0.001305, t_ads: 1395.2, t_des: 5070.7, bed_util_ads: 0.252, bed_util_des: 0.180, des_th: 0.18014398317180677,frac_lost: 0.102, li_recovered:  8.437, time: 0.011588571998800035
L: 0.50, u_super: 0.00840, sec: 481.739, prod: 0.189976, t_ads: 23.3, t_des: 21.4, bed_util_ads: 0.497, bed_util_des: 0.497, des_th: 0.4972102361971126,frac_lost: 0.108, li_recovered:  8.498, time: 0.00564322100035497
L: 0.50, u_super: 0.00768, sec: 435.148, prod: 0.174136, t_ads: 25.3, t_des: 22.8, bed_util_ads: 0.499, bed_util_des: 0.499, des_th: 0.49891157900795685,frac_lost: 0.101, li_recovered:  8.382, time: 0.004980869000064558
L: 0.50, u_super: 0.00833, sec: 476.572, prod: 0.188452, t_ads: 23.5, t_des: 21.6, bed_util_ads: 0.497, bed_util_des: 0.497, des_th: 0.4969962098325064,frac_lost: 0.106, li_recovered:  8.487, time: 0.006676912998955231
L: 32.10, u_super: 0.00910 — INFEASIBLE (li_recovered=0.000e+00), time: 0.002365510999879916
   527 |    21080 |     40 |  0.0023427507 |             f
L: 0.50, u_super: 0.00388, sec: 245.506, prod: 0.074936, t_ads: 50.0, t_des: 65.2, bed_util_ads: 0.451, bed_util_des: 0.449, des_th: 0.44931942334838537,frac_lost: 0.102, li_recovered:  8.634, time: 0.006200476998856175
L: 0.50, u_super: 0.00010, sec: 10.185, prod: 0.001154, t_ads: 1901.3, t_des: 4984.7, bed_util_ads: 0.261, bed_util_des: 0.187, des_th: 0.1876066113119191,frac_lost: 0.103, li_recovered:  7.947, time: 0.00956567899993388
L: 0.50, u_super: 0.00245, sec: 132.521, prod: 0.054068, t_ads: 78.8, t_des: 68.4, bed_util_ads: 0.500, bed_util_des: 0.499, des_th: 0.4994258552723889,frac_lost: 0.104, li_recovered:  7.960, time: 0.004507756000748486
L: 0.50, u_super: 0.00588, sec: 326.116, prod: 0.132827, t_ads: 33.0, t_des: 29.5, bed_util_ads: 0.500, bed_util_des: 0.499, des_th: 0.49943004331924057,frac_lost: 0.101, li_recovered:  8.303, time: 0.006884678001370048
L: 0.50, u_super: 0.00695, sec: 408.078, prod: 0.150380, t_ads: 28.2, t_des: 29.5, bed_util_ads: 0.480, bed_util_des: 0.480, des_th: 0.479823741792648,frac_lost: 0.108, li_recovered:  8.683, time: 0.005304030999468523
L: 0.50, u_super: 0.00299, sec: 161.589, prod: 0.066583, t_ads: 64.6, t_des: 56.8, bed_util_ads: 0.499, bed_util_des: 0.499, des_th: 0.49897626722362187,frac_lost: 0.102, li_recovered:  8.078, time: 0.0053144239991524955
L: 0.50, u_super: 0.00395, sec: 215.431, prod: 0.088749, t_ads: 49.2, t_des: 44.0, bed_util_ads: 0.499, bed_util_des: 0.499, des_th: 0.49889035741053683,frac_lost: 0.106, li_recovered:  8.269, time: 0.004758377999678487
L: 0.50, u_super: 0.00539, sec: 297.411, prod: 0.121653, t_ads: 36.1, t_des: 33.4, bed_util_ads: 0.496, bed_util_des: 0.496, des_th: 0.4956546320579523,frac_lost: 0.103, li_recovered:  8.448, time: 0.004706379000708694
L: 0.50, u_super: 0.00654, sec: 393.631, prod: 0.137509, t_ads: 29.9, t_des: 33.3, bed_util_ads: 0.473, bed_util_des: 0.472, des_th: 0.4724736599585526,frac_lost: 0.107, li_recovered:  8.687, time: 0.006497443000625935
L: 0.50, u_super: 0.00636, sec: 354.619, prod: 0.143978, t_ads: 30.5, t_des: 27.6, bed_util_ads: 0.499, bed_util_des: 0.499, des_th: 0.49887167338160476,frac_lost: 0.101, li_recovered:  8.372, time: 0.005868358999578049
L: 0.50, u_super: 0.00525, sec: 289.260, prod: 0.118383, t_ads: 37.0, t_des: 33.0, bed_util_ads: 0.500, bed_util_des: 0.499, des_th: 0.499467181769427,frac_lost: 0.102, li_recovered:  8.289, time: 0.007300819999727537
L: 0.50, u_super: 0.00283, sec: 152.778, prod: 0.063000, t_ads: 68.1, t_des: 60.1, bed_util_ads: 0.499, bed_util_des: 0.499, des_th: 0.4989765581057243,frac_lost: 0.102, li_recovered:  8.076, time: 0.004646837000109372
L: 0.50, u_super: 0.00525, sec: 289.139, prod: 0.118574, t_ads: 37.0, t_des: 33.8, bed_util_ads: 0.496, bed_util_des: 0.496, des_th: 0.49592472368511437,frac_lost: 0.102, li_recovered:  8.395, time: 0.007824948999768822
L: 0.50, u_super: 0.00013 — INFEASIBLE (li_recovered=0.000e+00), time: 0.0031099209991225507
L: 0.50, u_super: 0.00550, sec: 320.024, prod: 0.117835, t_ads: 35.3, t_des: 38.1, bed_util_ads: 0.475, bed_util_des: 0.475, des_th: 0.4749474024483505,frac_lost: 0.102, li_recovered:  8.658, time: 0.008146788999511045
L: 0.50, u_super: 0.00857, sec: 492.076, prod: 0.194079, t_ads: 22.8, t_des: 20.9, bed_util_ads: 0.498, bed_util_des: 0.498, des_th: 0.49772082957702746,frac_lost: 0.106, li_recovered:  8.490, time: 0.005896163000215893
L: 7.60, u_super: 0.00393 — INFEASIBLE (li_recovered=0.000e+00), time: 0.003933592000976205
L: 0.50, u_super: 0.00674, sec: 379.032, prod: 0.152137, t_ads: 29.0, t_des: 26.0, bed_util_ads: 0.500, bed_util_des: 0.499, des_th: 0.4994505332412196,frac_lost: 0.108, li_recovered:  8.371, time: 0.005876234999959706
L: 0.50, u_super: 0.00759, sec: 431.539, prod: 0.171116, t_ads: 25.6, t_des: 24.5, bed_util_ads: 0.491, bed_util_des: 0.491, des_th: 0.49099702326652955,frac_lost: 0.101, li_recovered:  8.577, time: 0.008213011000407278
L: 0.50, u_super: 0.00240, sec: 128.856, prod: 0.053426, t_ads: 80.4, t_des: 73.4, bed_util_ads: 0.493, bed_util_des: 0.493, des_th: 0.4926990899708032,frac_lost: 0.104, li_recovered:  8.213, time: 0.0068284450007922715
L: 0.50, u_super: 0.00665, sec: 372.172, prod: 0.150719, t_ads: 29.2, t_des: 26.4, bed_util_ads: 0.498, bed_util_des: 0.498, des_th: 0.4977166981789811,frac_lost: 0.101, li_recovered:  8.377, time: 0.00791116099935607
L: 0.50, u_super: 0.00990, sec: 577.125, prod: 0.224381, t_ads: 19.7, t_des: 18.3, bed_util_ads: 0.496, bed_util_des: 0.496, des_th: 0.49602732006911965,frac_lost: 0.103, li_recovered:  8.536, time: 0.00895186200068565
L: 0.50, u_super: 0.00448, sec: 245.190, prod: 0.100828, t_ads: 43.4, t_des: 39.2, bed_util_ads: 0.498, bed_util_des: 0.498, des_th: 0.49818863293005144,frac_lost: 0.106, li_recovered:  8.331, time: 0.008520214001691784
L: 0.50, u_super: 0.00366, sec: 199.075, prod: 0.081789, t_ads: 53.2, t_des: 47.0, bed_util_ads: 0.500, bed_util_des: 0.500, des_th: 0.49980887820728004,frac_lost: 0.107, li_recovered:  8.194, time: 0.008017754000320565
L: 0.50, u_super: 0.00316, sec: 170.311, prod: 0.070753, t_ads: 61.2, t_des: 56.9, bed_util_ads: 0.493, bed_util_des: 0.492, des_th: 0.49251352398458237,frac_lost: 0.103, li_recovered:  8.356, time: 0.007185329999629175
L: 0.50, u_super: 0.00084 — INFEASIBLE (li_recovered=0.000e+00), time: 0.003907193999111769
L: 0.50, u_super: 0.00387, sec: 210.348, prod: 0.087008, t_ads: 50.1, t_des: 45.6, bed_util_ads: 0.497, bed_util_des: 0.497, des_th: 0.49669394100432745,frac_lost: 0.105, li_recovered:  8.331, time: 0.007854598999983864
L: 0.50, u_super: 0.00419, sec: 228.781, prod: 0.094297, t_ads: 46.4, t_des: 42.4, bed_util_ads: 0.496, bed_util_des: 0.495, des_th: 0.49547537377615586,frac_lost: 0.106, li_recovered:  8.377, time: 0.007423441000355524
L: 0.50, u_super: 0.00695, sec: 420.469, prod: 0.145948, t_ads: 28.2, t_des: 31.4, bed_util_ads: 0.473, bed_util_des: 0.473, des_th: 0.4726114223014216,frac_lost: 0.107, li_recovered:  8.693, time: 0.007095072000083746
L: 0.50, u_super: 0.00963, sec: 558.950, prod: 0.218350, t_ads: 20.3, t_des: 18.4, bed_util_ads: 0.500, bed_util_des: 0.500, des_th: 0.49957793942739803,frac_lost: 0.104, li_recovered:  8.444, time: 0.005691127998943557
L: 0.50, u_super: 0.00742, sec: 4397.812, prod: 0.016012, t_ads: 26.5, t_des: 522.2, bed_util_ads: 0.176, bed_util_des: 0.172, des_th: 0.17187463998802596,frac_lost: 0.105, li_recovered:  8.785, time: 0.060759419999158126
L: 0.50, u_super: 0.00233, sec: 137.188, prod: 0.047339, t_ads: 82.7, t_des: 97.4, bed_util_ads: 0.461, bed_util_des: 0.459, des_th: 0.4591787694854318,frac_lost: 0.102, li_recovered:  8.525, time: 0.007214180999653763
L: 0.50, u_super: 0.00794, sec: 451.023, prod: 0.180189, t_ads: 24.5, t_des: 22.4, bed_util_ads: 0.498, bed_util_des: 0.498, des_th: 0.49772805265740927,frac_lost: 0.101, li_recovered:  8.440, time: 0.008075413999904413
L: 0.50, u_super: 0.00955, sec: 553.734, prod: 0.216465, t_ads: 20.4, t_des: 18.4, bed_util_ads: 0.500, bed_util_des: 0.500, des_th: 0.4999313967812427,frac_lost: 0.104, li_recovered:  8.397, time: 0.0078042650002316805
L: 0.50, u_super: 0.00245, sec: 132.523, prod: 0.054154, t_ads: 78.6, t_des: 68.4, bed_util_ads: 0.499, bed_util_des: 0.499, des_th: 0.49871516705918556,frac_lost: 0.103, li_recovered:  7.963, time: 0.005776056001195684
L: 0.50, u_super: 0.00619, sec: 345.354, prod: 0.139580, t_ads: 31.6, t_des: 28.4, bed_util_ads: 0.499, bed_util_des: 0.499, des_th: 0.4987236164751388,frac_lost: 0.107, li_recovered:  8.371, time: 0.006682293998892419
L: 0.50, u_super: 0.00990, sec: 576.663, prod: 0.224557, t_ads: 19.7, t_des: 18.0, bed_util_ads: 0.499, bed_util_des: 0.499, des_th: 0.4992512496185095,frac_lost: 0.104, li_recovered:  8.460, time: 0.004926033998344792
L: 7.18, u_super: 0.00899 — INFEASIBLE (li_recovered=0.000e+00), time: 0.0036668249995273072
L: 0.50, u_super: 0.00367, sec: 199.037, prod: 0.082338, t_ads: 52.9, t_des: 48.0, bed_util_ads: 0.497, bed_util_des: 0.496, des_th: 0.4964239751092134,frac_lost: 0.105, li_recovered:  8.311, time: 0.004156696999416454
L: 0.50, u_super: 0.00891, sec: 513.564, prod: 0.201883, t_ads: 21.9, t_des: 20.1, bed_util_ads: 0.498, bed_util_des: 0.498, des_th: 0.49789772083906214,frac_lost: 0.105, li_recovered:  8.490, time: 0.004908033999527106
   528 |    21120 |     40 |  0.0038561681 |             f
L: 0.50, u_super: 0.00149, sec: 85.423, prod: 0.030834, t_ads: 128.5, t_des: 143.3, bed_util_ads: 0.464, bed_util_des: 0.462, des_th: 0.4619749819361167,frac_lost: 0.105, li_recovered:  8.382, time: 0.006095396000091569
L: 0.50, u_super: 0.00225, sec: 122.058, prod: 0.049718, t_ads: 85.7, t_des: 74.5, bed_util_ads: 0.499, bed_util_des: 0.499, des_th: 0.49897626722362187,frac_lost: 0.107, li_recovered:  7.966, time: 0.006172854999022093
L: 0.50, u_super: 0.00093 — INFEASIBLE (li_recovered=0.000e+00), time: 0.0026230399998894427
L: 0.50, u_super: 0.00496, sec: 272.787, prod: 0.111760, t_ads: 39.2, t_des: 35.0, bed_util_ads: 0.499, bed_util_des: 0.499, des_th: 0.4991334572965892,frac_lost: 0.104, li_recovered:  8.292, time: 0.004968174000168801
L: 0.50, u_super: 0.00039 — INFEASIBLE (li_recovered=0.000e+00), time: 0.002410437000435195
L: 0.50, u_super: 0.00852, sec: 489.048, prod: 0.192589, t_ads: 23.0, t_des: 21.1, bed_util_ads: 0.498, bed_util_des: 0.498, des_th: 0.49773737284138814,frac_lost: 0.108, li_recovered:  8.495, time: 0.00488478999977815
L: 0.50, u_super: 0.00005, sec: 4.329, prod: 0.000669, t_ads: 3435.1, t_des: 5827.8, bed_util_ads: 0.253, bed_util_des: 0.185, des_th: 0.1851696623157332,frac_lost: 0.103, li_recovered:  6.194, time: 0.006232060000911588
L: 0.50, u_super: 0.00695, sec: 391.354, prod: 0.157094, t_ads: 28.1, t_des: 25.3, bed_util_ads: 0.499, bed_util_des: 0.499, des_th: 0.49931163808212986,frac_lost: 0.106, li_recovered:  8.387, time: 0.004377057999590761
L: 0.50, u_super: 0.00460, sec: 278.865, prod: 0.093578, t_ads: 42.2, t_des: 50.2, bed_util_ads: 0.463, bed_util_des: 0.462, des_th: 0.4619749819361167,frac_lost: 0.103, li_recovered:  8.649, time: 0.00534146499921917
L: 0.50, u_super: 0.00479, sec: 263.071, prod: 0.107749, t_ads: 40.7, t_des: 36.3, bed_util_ads: 0.499, bed_util_des: 0.499, des_th: 0.49880215265837385,frac_lost: 0.105, li_recovered:  8.287, time: 0.006888087000334053
L: 0.50, u_super: 0.00339, sec: 184.281, prod: 0.075834, t_ads: 57.3, t_des: 50.7, bed_util_ads: 0.499, bed_util_des: 0.499, des_th: 0.49889035741053683,frac_lost: 0.107, li_recovered:  8.187, time: 0.005351927000447176
L: 36.16, u_super: 0.00695 — INFEASIBLE (li_recovered=0.000e+00), time: 0.0019101130001217825
L: 0.50, u_super: 0.00981, sec: 570.903, prod: 0.222289, t_ads: 19.9, t_des: 18.3, bed_util_ads: 0.498, bed_util_des: 0.498, des_th: 0.4977223802763537,frac_lost: 0.105, li_recovered:  8.494, time: 0.005465235000883695
L: 5.59, u_super: 0.00037, sec: 427.077, prod: 0.004101, t_ads: 3958.6, t_des: 5501.6, bed_util_ads: 0.225, bed_util_des: 0.185, des_th: 0.1851696623157332,frac_lost: 0.101, li_recovered:  38.793, time: 0.005239545998847461
L: 0.50, u_super: 0.00475, sec: 260.189, prod: 0.106943, t_ads: 41.0, t_des: 37.0, bed_util_ads: 0.498, bed_util_des: 0.498, des_th: 0.49766141060776864,frac_lost: 0.104, li_recovered:  8.335, time: 0.005896193999433308
L: 0.50, u_super: 0.00178, sec: 97.036, prod: 0.038715, t_ads: 107.5, t_des: 91.7, bed_util_ads: 0.499, bed_util_des: 0.498, des_th: 0.4984617999470636,frac_lost: 0.103, li_recovered:  7.712, time: 0.005657985999278026
L: 0.50, u_super: 0.00864, sec: 496.810, prod: 0.195175, t_ads: 22.7, t_des: 21.0, bed_util_ads: 0.496, bed_util_des: 0.496, des_th: 0.4956546320579523,frac_lost: 0.107, li_recovered:  8.530, time: 0.006209858000147506
L: 0.50, u_super: 0.00218, sec: 122.137, prod: 0.046450, t_ads: 88.4, t_des: 94.3, bed_util_ads: 0.473, bed_util_des: 0.472, des_th: 0.47228498714861467,frac_lost: 0.104, li_recovered:  8.488, time: 0.006050276000678423
L: 0.50, u_super: 0.00554, sec: 305.771, prod: 0.125315, t_ads: 35.0, t_des: 32.1, bed_util_ads: 0.496, bed_util_des: 0.496, des_th: 0.4956546320579523,frac_lost: 0.100, li_recovered:  8.401, time: 0.006017584000801435
L: 0.50, u_super: 0.00282, sec: 165.647, prod: 0.057615, t_ads: 69.2, t_des: 79.7, bed_util_ads: 0.465, bed_util_des: 0.464, des_th: 0.46369092242115656,frac_lost: 0.108, li_recovered:  8.575, time: 0.0080454680010007
L: 0.50, u_super: 0.00885, sec: 509.456, prod: 0.200381, t_ads: 22.1, t_des: 20.3, bed_util_ads: 0.498, bed_util_des: 0.498, des_th: 0.49772082957702746,frac_lost: 0.106, li_recovered:  8.487, time: 0.008487291999699664
L: 0.50, u_super: 0.00812, sec: 497.761, prod: 0.171042, t_ads: 24.1, t_des: 26.8, bed_util_ads: 0.473, bed_util_des: 0.472, des_th: 0.47228498714861467,frac_lost: 0.106, li_recovered:  8.703, time: 0.005730738001147984
L: 0.50, u_super: 0.00151, sec: 82.451, prod: 0.032805, t_ads: 126.8, t_des: 109.4, bed_util_ads: 0.497, bed_util_des: 0.496, des_th: 0.4962180752622901,frac_lost: 0.108, li_recovered:  7.748, time: 0.007870141000239528
L: 1.42, u_super: 0.00205 — INFEASIBLE (li_recovered=0.000e+00), time: 0.003716867999173701
L: 10.01, u_super: 0.00346 — INFEASIBLE (li_recovered=0.000e+00), time: 0.0018056509998132242
L: 0.50, u_super: 0.00990, sec: 576.736, prod: 0.224529, t_ads: 19.7, t_des: 17.9, bed_util_ads: 0.500, bed_util_des: 0.499, des_th: 0.49942132725883337,frac_lost: 0.105, li_recovered:  8.447, time: 0.007961575000081211
L: 0.50, u_super: 0.00619, sec: 344.658, prod: 0.140122, t_ads: 31.3, t_des: 28.1, bed_util_ads: 0.499, bed_util_des: 0.499, des_th: 0.49892963572386667,frac_lost: 0.100, li_recovered:  8.323, time: 0.006846823998785112
L: 0.50, u_super: 0.00204, sec: 111.022, prod: 0.044712, t_ads: 93.6, t_des: 80.2, bed_util_ads: 0.499, bed_util_des: 0.499, des_th: 0.49934187795291646,frac_lost: 0.100, li_recovered:  7.771, time: 0.006576660000064294
L: 0.50, u_super: 0.00054, sec: 31.695, prod: 0.010563, t_ads: 343.0, t_des: 387.3, bed_util_ads: 0.442, bed_util_des: 0.437, des_th: 0.43676325696006135,frac_lost: 0.103, li_recovered:  7.714, time: 0.007439774999511428
L: 0.50, u_super: 0.00142, sec: 78.741, prod: 0.030076, t_ads: 133.7, t_des: 110.5, bed_util_ads: 0.499, bed_util_des: 0.499, des_th: 0.49931510020276243,frac_lost: 0.101, li_recovered:  7.345, time: 0.00706888399872696
L: 0.50, u_super: 0.00329, sec: 178.180, prod: 0.073636, t_ads: 59.0, t_des: 52.9, bed_util_ads: 0.498, bed_util_des: 0.497, des_th: 0.4973048111441256,frac_lost: 0.107, li_recovered:  8.243, time: 0.007116793000022881
L: 0.50, u_super: 0.00845, sec: 484.201, prod: 0.191171, t_ads: 23.2, t_des: 20.8, bed_util_ads: 0.500, bed_util_des: 0.500, des_th: 0.4999277129339062,frac_lost: 0.106, li_recovered:  8.401, time: 0.007363033000729047
L: 0.50, u_super: 0.00249, sec: 135.021, prod: 0.055100, t_ads: 77.5, t_des: 67.3, bed_util_ads: 0.499, bed_util_des: 0.499, des_th: 0.49871516705918556,frac_lost: 0.105, li_recovered:  7.977, time: 0.007885950000854791
L: 0.50, u_super: 0.00266, sec: 144.288, prod: 0.059024, t_ads: 72.4, t_des: 62.9, bed_util_ads: 0.499, bed_util_des: 0.499, des_th: 0.49903744398416444,frac_lost: 0.103, li_recovered:  7.981, time: 0.00778160099980596
L: 0.50, u_super: 0.00741, sec: 419.860, prod: 0.167445, t_ads: 26.4, t_des: 23.9, bed_util_ads: 0.500, bed_util_des: 0.500, des_th: 0.49974626809502043,frac_lost: 0.108, li_recovered:  8.428, time: 0.005898921999687445
L: 0.50, u_super: 0.00515, sec: 282.944, prod: 0.116278, t_ads: 37.6, t_des: 34.2, bed_util_ads: 0.498, bed_util_des: 0.498, des_th: 0.49772082957702746,frac_lost: 0.101, li_recovered:  8.353, time: 0.005894636000448372
L: 0.50, u_super: 0.00107, sec: 58.320, prod: 0.022989, t_ads: 176.1, t_des: 158.0, bed_util_ads: 0.486, bed_util_des: 0.486, des_th: 0.48575419017314225,frac_lost: 0.102, li_recovered:  7.680, time: 0.005187123999348842
L: 0.50, u_super: 0.00283, sec: 152.771, prod: 0.063003, t_ads: 68.1, t_des: 60.0, bed_util_ads: 0.499, bed_util_des: 0.499, des_th: 0.4989554235180863,frac_lost: 0.102, li_recovered:  8.071, time: 0.007839606998459203
L: 0.50, u_super: 0.00794, sec: 450.825, prod: 0.180268, t_ads: 24.4, t_des: 22.4, bed_util_ads: 0.498, bed_util_des: 0.498, des_th: 0.4977307120178789,frac_lost: 0.100, li_recovered:  8.439, time: 0.009482198000114295
L: 0.50, u_super: 0.00963, sec: 558.854, prod: 0.218388, t_ads: 20.3, t_des: 18.4, bed_util_ads: 0.500, bed_util_des: 0.500, des_th: 0.49959878309354944,frac_lost: 0.104, li_recovered:  8.444, time: 0.007787843000187422
   529 |    21160 |     40 |  0.0038877794 |             f
L: 0.50, u_super: 0.00695, sec: 390.003, prod: 0.157457, t_ads: 27.9, t_des: 25.2, bed_util_ads: 0.499, bed_util_des: 0.499, des_th: 0.49931510020276243,frac_lost: 0.101, li_recovered:  8.372, time: 0.005128716000399436
L: 0.50, u_super: 0.00841, sec: 482.373, prod: 0.190326, t_ads: 23.3, t_des: 20.8, bed_util_ads: 0.500, bed_util_des: 0.500, des_th: 0.4999277129339062,frac_lost: 0.107, li_recovered:  8.391, time: 0.006945398999960162
L: 0.50, u_super: 0.00084 — INFEASIBLE (li_recovered=0.000e+00), time: 0.0029189969991421094
L: 0.50, u_super: 0.00695, sec: 390.204, prod: 0.157268, t_ads: 27.9, t_des: 25.0, bed_util_ads: 0.500, bed_util_des: 0.500, des_th: 0.4997093746994239,frac_lost: 0.101, li_recovered:  8.323, time: 0.0063712680002936395
L: 0.50, u_super: 0.00775, sec: 439.371, prod: 0.175922, t_ads: 25.0, t_des: 22.6, bed_util_ads: 0.500, bed_util_des: 0.500, des_th: 0.499586704603814,frac_lost: 0.100, li_recovered:  8.378, time: 0.006967560000703088
L: 0.50, u_super: 0.00124, sec: 67.737, prod: 0.026702, t_ads: 153.3, t_des: 133.7, bed_util_ads: 0.493, bed_util_des: 0.493, des_th: 0.49269278226643426,frac_lost: 0.105, li_recovered:  7.662, time: 0.007452354999259114
L: 0.50, u_super: 0.00731, sec: 413.468, prod: 0.165220, t_ads: 26.8, t_des: 24.5, bed_util_ads: 0.498, bed_util_des: 0.498, des_th: 0.4976077948611633,frac_lost: 0.107, li_recovered:  8.473, time: 0.0058161739998467965
L: 0.50, u_super: 0.00934, sec: 540.890, prod: 0.211650, t_ads: 20.9, t_des: 18.9, bed_util_ads: 0.500, bed_util_des: 0.500, des_th: 0.49993896675350763,frac_lost: 0.106, li_recovered:  8.437, time: 0.006026478999046958
L: 0.50, u_super: 0.00768, sec: 435.330, prod: 0.174064, t_ads: 25.3, t_des: 23.1, bed_util_ads: 0.498, bed_util_des: 0.498, des_th: 0.4977902838657714,frac_lost: 0.103, li_recovered:  8.438, time: 0.00431691999983741
L: 0.50, u_super: 0.00949, sec: 550.386, prod: 0.215128, t_ads: 20.6, t_des: 18.4, bed_util_ads: 0.500, bed_util_des: 0.500, des_th: 0.49987847648548245,frac_lost: 0.104, li_recovered:  8.391, time: 0.005961627000942826
L: 0.50, u_super: 0.00820, sec: 468.535, prod: 0.185743, t_ads: 23.8, t_des: 21.6, bed_util_ads: 0.499, bed_util_des: 0.499, des_th: 0.498789282865286,frac_lost: 0.106, li_recovered:  8.444, time: 0.0054523629987670574
L: 0.50, u_super: 0.00015, sec: 22.238, prod: 0.001154, t_ads: 1353.6, t_des: 6214.6, bed_util_ads: 0.236, bed_util_des: 0.159, des_th: 0.15910576820238764,frac_lost: 0.104, li_recovered:  8.731, time: 0.016122386999995797
L: 0.50, u_super: 0.00113, sec: 62.024, prod: 0.024205, t_ads: 167.8, t_des: 169.5, bed_util_ads: 0.473, bed_util_des: 0.471, des_th: 0.4712033981515741,frac_lost: 0.104, li_recovered:  8.165, time: 0.007918420000351034
L: 0.50, u_super: 0.00186, sec: 101.126, prod: 0.040813, t_ads: 102.6, t_des: 88.7, bed_util_ads: 0.497, bed_util_des: 0.497, des_th: 0.4972383987132198,frac_lost: 0.102, li_recovered:  7.806, time: 0.004685253999923589
L: 0.50, u_super: 0.00173, sec: 94.457, prod: 0.037650, t_ads: 110.3, t_des: 94.2, bed_util_ads: 0.499, bed_util_des: 0.499, des_th: 0.4988518559244527,frac_lost: 0.103, li_recovered:  7.698, time: 0.006244453999897814
L: 0.50, u_super: 0.00511, sec: 281.093, prod: 0.115308, t_ads: 38.0, t_des: 34.5, bed_util_ads: 0.498, bed_util_des: 0.498, des_th: 0.4975896747262227,frac_lost: 0.103, li_recovered:  8.358, time: 0.0045247730013215914
L: 9.47, u_super: 0.00424 — INFEASIBLE (li_recovered=0.000e+00), time: 0.0017398939999111462
L: 0.50, u_super: 0.00060, sec: 39.552, prod: 0.010465, t_ads: 315.9, t_des: 448.6, bed_util_ads: 0.416, bed_util_des: 0.407, des_th: 0.40684664193976494,frac_lost: 0.107, li_recovered:  8.000, time: 0.007338346000324236
L: 0.50, u_super: 0.00584, sec: 323.811, prod: 0.131975, t_ads: 33.3, t_des: 30.5, bed_util_ads: 0.496, bed_util_des: 0.496, des_th: 0.4960151553095472,frac_lost: 0.103, li_recovered:  8.420, time: 0.005447348999950918
L: 27.11, u_super: 0.00121 — INFEASIBLE (li_recovered=0.000e+00), time: 0.0008667349993629614
L: 46.26, u_super: 0.00554 — INFEASIBLE (li_recovered=0.000e+00), time: 0.0018451859996275743
L: 0.50, u_super: 0.00266, sec: 149.907, prod: 0.056858, t_ads: 72.4, t_des: 77.7, bed_util_ads: 0.474, bed_util_des: 0.473, des_th: 0.47267384109985544,frac_lost: 0.102, li_recovered:  8.538, time: 0.005178351000722614
L: 0.50, u_super: 0.00654, sec: 365.647, prod: 0.148033, t_ads: 29.7, t_des: 26.9, bed_util_ads: 0.499, bed_util_des: 0.499, des_th: 0.49874437305044134,frac_lost: 0.102, li_recovered:  8.379, time: 0.005004653001378756
L: 0.50, u_super: 0.00321, sec: 176.078, prod: 0.070999, t_ads: 60.6, t_des: 59.4, bed_util_ads: 0.486, bed_util_des: 0.486, des_th: 0.48575419017314225,frac_lost: 0.108, li_recovered:  8.521, time: 0.005244712001513108
L: 0.50, u_super: 0.00366, sec: 198.823, prod: 0.081893, t_ads: 53.3, t_des: 47.6, bed_util_ads: 0.499, bed_util_des: 0.499, des_th: 0.49880513642908136,frac_lost: 0.108, li_recovered:  8.258, time: 0.004276476000086404
L: 0.50, u_super: 0.00809, sec: 462.015, prod: 0.182889, t_ads: 24.2, t_des: 21.9, bed_util_ads: 0.500, bed_util_des: 0.499, des_th: 0.49941689831400465,frac_lost: 0.108, li_recovered:  8.441, time: 0.006757328999810852
L: 47.26, u_super: 0.00820 — INFEASIBLE (li_recovered=0.000e+00), time: 0.0011324320003041066
L: 43.26, u_super: 0.00794 — INFEASIBLE (li_recovered=0.000e+00), time: 0.0010233180000795983
L: 0.50, u_super: 0.00779, sec: 443.184, prod: 0.175979, t_ads: 25.1, t_des: 23.1, bed_util_ads: 0.498, bed_util_des: 0.498, des_th: 0.49769393406555684,frac_lost: 0.107, li_recovered:  8.494, time: 0.007359360999544151
L: 0.50, u_super: 0.00452, sec: 250.041, prod: 0.100491, t_ads: 43.1, t_des: 42.2, bed_util_ads: 0.487, bed_util_des: 0.487, des_th: 0.48694181950307724,frac_lost: 0.105, li_recovered:  8.570, time: 0.005770641999333748
L: 0.50, u_super: 0.00564, sec: 312.001, prod: 0.127401, t_ads: 34.4, t_des: 30.8, bed_util_ads: 0.500, bed_util_des: 0.499, des_th: 0.4994482056798338,frac_lost: 0.101, li_recovered:  8.303, time: 0.007037153000055696
L: 8.59, u_super: 0.00537 — INFEASIBLE (li_recovered=0.000e+00), time: 0.0031506939994869754
L: 0.50, u_super: 0.00763, sec: 433.732, prod: 0.172321, t_ads: 25.7, t_des: 23.3, bed_util_ads: 0.500, bed_util_des: 0.499, des_th: 0.4993748232862135,frac_lost: 0.110, li_recovered:  8.444, time: 0.005359808999855886
L: 0.50, u_super: 0.00891, sec: 513.146, prod: 0.201753, t_ads: 22.0, t_des: 19.9, bed_util_ads: 0.499, bed_util_des: 0.499, des_th: 0.4990450851462884,frac_lost: 0.106, li_recovered:  8.449, time: 0.007316279999940889
L: 0.50, u_super: 0.00938, sec: 542.959, prod: 0.212823, t_ads: 20.8, t_des: 18.9, bed_util_ads: 0.499, bed_util_des: 0.499, des_th: 0.4991161408214303,frac_lost: 0.104, li_recovered:  8.446, time: 0.007531100998676266
L: 0.50, u_super: 0.00367, sec: 200.376, prod: 0.081851, t_ads: 53.0, t_des: 50.8, bed_util_ads: 0.490, bed_util_des: 0.490, des_th: 0.4895683203709789,frac_lost: 0.107, li_recovered:  8.497, time: 0.009284485000534914
L: 0.50, u_super: 0.00916, sec: 529.296, prod: 0.207538, t_ads: 21.3, t_des: 19.6, bed_util_ads: 0.497, bed_util_des: 0.497, des_th: 0.4971229529104878,frac_lost: 0.105, li_recovered:  8.494, time: 0.00859307900100248
L: 0.50, u_super: 0.00829, sec: 473.710, prod: 0.187625, t_ads: 23.6, t_des: 21.5, bed_util_ads: 0.499, bed_util_des: 0.498, des_th: 0.4984665723735025,frac_lost: 0.106, li_recovered:  8.450, time: 0.008154688999638893
L: 0.50, u_super: 0.00816, sec: 516.729, prod: 0.166640, t_ads: 23.9, t_des: 28.3, bed_util_ads: 0.466, bed_util_des: 0.465, des_th: 0.46543618570754214,frac_lost: 0.104, li_recovered:  8.706, time: 0.007153470000048401
L: 0.50, u_super: 0.00008, sec: 8.505, prod: 0.000966, t_ads: 2298.1, t_des: 5995.9, bed_util_ads: 0.251, bed_util_des: 0.170, des_th: 0.16973303861166025,frac_lost: 0.103, li_recovered:  8.009, time: 0.010671678001017426
   530 |    21200 |     40 |  0.0030076055 |             f
L: 0.50, u_super: 0.00409, sec: 223.385, prod: 0.091929, t_ads: 47.5, t_des: 42.4, bed_util_ads: 0.499, bed_util_des: 0.499, des_th: 0.4987189972255394,frac_lost: 0.106, li_recovered:  8.262, time: 0.005713893000574899
L: 0.50, u_super: 0.00715, sec: 403.593, prod: 0.161742, t_ads: 27.3, t_des: 24.8, bed_util_ads: 0.498, bed_util_des: 0.498, des_th: 0.4978854273450899,frac_lost: 0.106, li_recovered:  8.426, time: 0.007714924999163486
L: 0.50, u_super: 0.00124, sec: 69.144, prod: 0.026159, t_ads: 153.4, t_des: 126.8, bed_util_ads: 0.499, bed_util_des: 0.499, des_th: 0.49915274041664337,frac_lost: 0.107, li_recovered:  7.331, time: 0.004797772000529221
L: 0.50, u_super: 0.00695, sec: 390.238, prod: 0.157317, t_ads: 27.9, t_des: 25.0, bed_util_ads: 0.499, bed_util_des: 0.499, des_th: 0.49931548920833,frac_lost: 0.100, li_recovered:  8.320, time: 0.0067448059999151155
L: 0.50, u_super: 0.00055, sec: 33.309, prod: 0.010773, t_ads: 333.8, t_des: 388.9, bed_util_ads: 0.439, bed_util_des: 0.433, des_th: 0.43273415284582867,frac_lost: 0.105, li_recovered:  7.786, time: 0.005536480999580817
L: 0.50, u_super: 0.00511, sec: 280.939, prod: 0.115371, t_ads: 38.0, t_des: 34.4, bed_util_ads: 0.498, bed_util_des: 0.498, des_th: 0.4980469749152552,frac_lost: 0.102, li_recovered:  8.355, time: 0.008522051000909414
L: 0.50, u_super: 0.00594, sec: 333.404, prod: 0.132907, t_ads: 32.7, t_des: 32.0, bed_util_ads: 0.488, bed_util_des: 0.487, des_th: 0.48749106525606567,frac_lost: 0.102, li_recovered:  8.595, time: 0.005987159000142128
L: 48.56, u_super: 0.00990 — INFEASIBLE (li_recovered=0.000e+00), time: 0.003001917000801768
L: 35.24, u_super: 0.00029 — INFEASIBLE (li_recovered=0.000e+00), time: 0.004975666999598616
L: 0.50, u_super: 0.00478, sec: 262.343, prod: 0.107782, t_ads: 40.7, t_des: 36.8, bed_util_ads: 0.498, bed_util_des: 0.498, des_th: 0.4977404222528197,frac_lost: 0.104, li_recovered:  8.346, time: 0.012066511999364593
L: 0.50, u_super: 0.00339, sec: 184.007, prod: 0.075947, t_ads: 56.8, t_des: 50.0, bed_util_ads: 0.500, bed_util_des: 0.500, des_th: 0.4999607086491077,frac_lost: 0.100, li_recovered:  8.110, time: 0.007756220998999197
L: 0.50, u_super: 0.00474, sec: 259.789, prod: 0.106755, t_ads: 41.0, t_des: 37.0, bed_util_ads: 0.498, bed_util_des: 0.498, des_th: 0.49772082957702746,frac_lost: 0.104, li_recovered:  8.329, time: 0.0073323500000697095
L: 0.50, u_super: 0.00516, sec: 284.352, prod: 0.116525, t_ads: 37.6, t_des: 34.0, bed_util_ads: 0.498, bed_util_des: 0.498, des_th: 0.4975896747262227,frac_lost: 0.103, li_recovered:  8.345, time: 0.007486493999749655
L: 7.30, u_super: 0.00413 — INFEASIBLE (li_recovered=0.000e+00), time: 0.0029288570003700443
L: 0.50, u_super: 0.00626, sec: 349.936, prod: 0.141073, t_ads: 31.1, t_des: 29.4, bed_util_ads: 0.493, bed_util_des: 0.493, des_th: 0.49288892376688453,frac_lost: 0.103, li_recovered:  8.534, time: 0.006680398999378667
L: 0.50, u_super: 0.00098, sec: 53.359, prod: 0.020959, t_ads: 192.2, t_des: 189.2, bed_util_ads: 0.473, bed_util_des: 0.472, des_th: 0.4716725283786599,frac_lost: 0.101, li_recovered:  7.994, time: 0.006718157999785035
L: 0.50, u_super: 0.00195, sec: 106.298, prod: 0.042644, t_ads: 97.9, t_des: 83.7, bed_util_ads: 0.499, bed_util_des: 0.499, des_th: 0.4990450851462884,frac_lost: 0.101, li_recovered:  7.743, time: 0.006216502999450313
L: 0.50, u_super: 0.00216, sec: 117.412, prod: 0.047400, t_ads: 89.4, t_des: 76.7, bed_util_ads: 0.500, bed_util_des: 0.499, des_th: 0.49934187795291646,frac_lost: 0.107, li_recovered:  7.873, time: 0.00499936800042633
L: 0.50, u_super: 0.00731, sec: 413.467, prod: 0.165221, t_ads: 26.8, t_des: 24.1, bed_util_ads: 0.500, bed_util_des: 0.500, des_th: 0.4999681727317055,frac_lost: 0.107, li_recovered:  8.399, time: 0.00845228300022427
L: 0.50, u_super: 0.00988, sec: 603.213, prod: 0.213687, t_ads: 19.8, t_des: 21.0, bed_util_ads: 0.480, bed_util_des: 0.480, des_th: 0.48012458084378284,frac_lost: 0.105, li_recovered:  8.709, time: 0.0065008140009013005
L: 0.50, u_super: 0.00246, sec: 132.631, prod: 0.054745, t_ads: 78.3, t_des: 69.8, bed_util_ads: 0.496, bed_util_des: 0.496, des_th: 0.4957862640357532,frac_lost: 0.104, li_recovered:  8.106, time: 0.006281975000092643
L: 0.50, u_super: 0.00113, sec: 62.501, prod: 0.023824, t_ads: 167.2, t_des: 141.5, bed_util_ads: 0.494, bed_util_des: 0.493, des_th: 0.49338965021131503,frac_lost: 0.102, li_recovered:  7.355, time: 0.005174680998607073
L: 0.50, u_super: 0.00266, sec: 143.154, prod: 0.059492, t_ads: 72.4, t_des: 66.7, bed_util_ads: 0.493, bed_util_des: 0.493, des_th: 0.49257365970003497,frac_lost: 0.103, li_recovered:  8.276, time: 0.008603063999544247
L: 0.50, u_super: 0.00172, sec: 92.610, prod: 0.038060, t_ads: 111.0, t_des: 102.0, bed_util_ads: 0.490, bed_util_des: 0.489, des_th: 0.4892112663512832,frac_lost: 0.103, li_recovered:  8.108, time: 0.00547221800115949
L: 0.50, u_super: 0.00654, sec: 365.448, prod: 0.148113, t_ads: 29.7, t_des: 27.2, bed_util_ads: 0.497, bed_util_des: 0.497, des_th: 0.4969290752198145,frac_lost: 0.102, li_recovered:  8.425, time: 0.007124809000742971
L: 11.85, u_super: 0.00339 — INFEASIBLE (li_recovered=0.000e+00), time: 0.004149141999732819
L: 0.50, u_super: 0.00425, sec: 231.919, prod: 0.095451, t_ads: 45.8, t_des: 40.9, bed_util_ads: 0.499, bed_util_des: 0.499, des_th: 0.49892963572386667,frac_lost: 0.105, li_recovered:  8.270, time: 0.007552930999736418
L: 0.50, u_super: 0.00458, sec: 251.004, prod: 0.103063, t_ads: 42.5, t_des: 38.3, bed_util_ads: 0.498, bed_util_des: 0.498, des_th: 0.49772258740000563,frac_lost: 0.106, li_recovered:  8.335, time: 0.011751428000934538
L: 0.50, u_super: 0.00005, sec: 4.663, prod: 0.000621, t_ads: 2786.5, t_des: 3989.7, bed_util_ads: 0.255, bed_util_des: 0.217, des_th: 0.2167713086928201,frac_lost: 0.100, li_recovered:  4.207, time: 0.007661646999622462
L: 0.50, u_super: 0.00732, sec: 414.265, prod: 0.165496, t_ads: 26.7, t_des: 24.3, bed_util_ads: 0.498, bed_util_des: 0.498, des_th: 0.4981789226951106,frac_lost: 0.107, li_recovered:  8.447, time: 0.007135795000067446
L: 0.50, u_super: 0.00794, sec: 450.825, prod: 0.180268, t_ads: 24.4, t_des: 22.4, bed_util_ads: 0.498, bed_util_des: 0.498, des_th: 0.4977307120178789,frac_lost: 0.100, li_recovered:  8.439, time: 0.007981896998899174
L: 0.50, u_super: 0.00012, sec: 13.112, prod: 0.001239, t_ads: 1636.5, t_des: 4970.1, bed_util_ads: 0.258, bed_util_des: 0.185, des_th: 0.1851696623157332,frac_lost: 0.102, li_recovered:  8.187, time: 0.015776762000314193
L: 0.50, u_super: 0.00054, sec: 32.854, prod: 0.010372, t_ads: 343.3, t_des: 407.3, bed_util_ads: 0.436, bed_util_des: 0.429, des_th: 0.4292837004063338,frac_lost: 0.107, li_recovered:  7.786, time: 0.010134018999451655
L: 0.50, u_super: 0.00266, sec: 144.400, prod: 0.058979, t_ads: 72.5, t_des: 62.8, bed_util_ads: 0.500, bed_util_des: 0.500, des_th: 0.49991953585901694,frac_lost: 0.104, li_recovered:  7.977, time: 0.010104471999511588
L: 0.50, u_super: 0.00864, sec: 497.080, prod: 0.195069, t_ads: 22.7, t_des: 21.0, bed_util_ads: 0.496, bed_util_des: 0.496, des_th: 0.4962585264327654,frac_lost: 0.108, li_recovered:  8.532, time: 0.011514317000546725
L: 63.34, u_super: 0.00879 — INFEASIBLE (li_recovered=0.000e+00), time: 0.002296994998687296
L: 0.50, u_super: 0.00642, sec: 358.224, prod: 0.145455, t_ads: 30.2, t_des: 27.3, bed_util_ads: 0.499, bed_util_des: 0.499, des_th: 0.49874437305044134,frac_lost: 0.100, li_recovered:  8.363, time: 0.01948654700026964
L: 0.50, u_super: 0.00758, sec: 478.888, prod: 0.154008, t_ads: 25.8, t_des: 30.7, bed_util_ads: 0.464, bed_util_des: 0.464, des_th: 0.46373604784354805,frac_lost: 0.107, li_recovered:  8.703, time: 0.018112570000084816
L: 0.50, u_super: 0.00749, sec: 425.030, prod: 0.169165, t_ads: 26.2, t_des: 23.7, bed_util_ads: 0.500, bed_util_des: 0.499, des_th: 0.49942132725883337,frac_lost: 0.109, li_recovered:  8.444, time: 0.009822686000916292
L: 0.50, u_super: 0.00183, sec: 99.850, prod: 0.039927, t_ads: 104.3, t_des: 89.1, bed_util_ads: 0.499, bed_util_des: 0.499, des_th: 0.4988518559244527,frac_lost: 0.102, li_recovered:  7.722, time: 0.009782392999113654
   531 |    21240 |     40 |  0.0036026039 |             f
L: 0.50, u_super: 0.00165, sec: 90.119, prod: 0.035868, t_ads: 115.7, t_des: 99.0, bed_util_ads: 0.498, bed_util_des: 0.498, des_th: 0.49818863293005144,frac_lost: 0.104, li_recovered:  7.703, time: 0.007714467999903718
L: 0.50, u_super: 0.00695, sec: 390.003, prod: 0.157457, t_ads: 27.9, t_des: 25.2, bed_util_ads: 0.499, bed_util_des: 0.499, des_th: 0.49931510020276243,frac_lost: 0.101, li_recovered:  8.372, time: 0.00931909400060249
L: 0.50, u_super: 0.00960, sec: 557.933, prod: 0.217581, t_ads: 20.4, t_des: 18.5, bed_util_ads: 0.500, bed_util_des: 0.500, des_th: 0.4996168089336215,frac_lost: 0.106, li_recovered:  8.450, time: 0.009509591000096407
L: 0.50, u_super: 0.00005, sec: 4.324, prod: 0.000670, t_ads: 3439.1, t_des: 5863.4, bed_util_ads: 0.253, bed_util_des: 0.185, des_th: 0.18534970060560368,frac_lost: 0.103, li_recovered:  6.229, time: 0.013136190000295755
L: 0.50, u_super: 0.00963, sec: 559.351, prod: 0.218194, t_ads: 20.3, t_des: 18.4, bed_util_ads: 0.500, bed_util_des: 0.500, des_th: 0.49959441964288687,frac_lost: 0.106, li_recovered:  8.450, time: 0.0110815719999664
L: 0.50, u_super: 0.00674, sec: 378.982, prod: 0.152157, t_ads: 29.0, t_des: 26.0, bed_util_ads: 0.500, bed_util_des: 0.499, des_th: 0.4994505332412196,frac_lost: 0.108, li_recovered:  8.381, time: 0.008855783000399242
L: 0.50, u_super: 0.00351, sec: 190.456, prod: 0.078471, t_ads: 55.4, t_des: 49.1, bed_util_ads: 0.500, bed_util_des: 0.499, des_th: 0.4994347479870937,frac_lost: 0.106, li_recovered:  8.200, time: 0.010976506000588415
L: 42.19, u_super: 0.00705 — INFEASIBLE (li_recovered=0.000e+00), time: 0.0016853130000527017
L: 0.50, u_super: 0.00754, sec: 427.867, prod: 0.170430, t_ads: 26.0, t_des: 23.8, bed_util_ads: 0.497, bed_util_des: 0.497, des_th: 0.4971786969976442,frac_lost: 0.107, li_recovered:  8.483, time: 0.009725023999635596
L: 0.50, u_super: 0.00508, sec: 279.326, prod: 0.114472, t_ads: 38.3, t_des: 34.7, bed_util_ads: 0.498, bed_util_des: 0.498, des_th: 0.49809610037937974,frac_lost: 0.105, li_recovered:  8.361, time: 0.009071169000890222
L: 0.50, u_super: 0.00788, sec: 448.817, prod: 0.178004, t_ads: 24.9, t_des: 22.5, bed_util_ads: 0.499, bed_util_des: 0.499, des_th: 0.49881393312498495,frac_lost: 0.109, li_recovered:  8.443, time: 0.007989043999259593
L: 0.50, u_super: 0.00196, sec: 110.670, prod: 0.041150, t_ads: 98.5, t_des: 107.2, bed_util_ads: 0.469, bed_util_des: 0.468, des_th: 0.467908414060798,frac_lost: 0.105, li_recovered:  8.466, time: 0.009691260998806683
L: 28.06, u_super: 0.00954 — INFEASIBLE (li_recovered=0.000e+00), time: 0.0036596419995476026
L: 0.50, u_super: 0.00042, sec: 26.864, prod: 0.007702, t_ads: 430.9, t_des: 552.7, bed_util_ads: 0.417, bed_util_des: 0.407, des_th: 0.40746031486942025,frac_lost: 0.101, li_recovered:  7.575, time: 0.010922624000158976
L: 116.93, u_super: 0.00754 — INFEASIBLE (li_recovered=0.000e+00), time: 0.002488795000317623
L: 0.50, u_super: 0.00934, sec: 546.281, prod: 0.209415, t_ads: 20.9, t_des: 20.3, bed_util_ads: 0.490, bed_util_des: 0.490, des_th: 0.490279012362173,frac_lost: 0.105, li_recovered:  8.637, time: 0.009782621998965624
L: 0.50, u_super: 0.00245, sec: 135.017, prod: 0.053156, t_ads: 78.5, t_des: 81.2, bed_util_ads: 0.477, bed_util_des: 0.476, des_th: 0.4763369122554135,frac_lost: 0.101, li_recovered:  8.493, time: 0.009421340999324457
L: 0.50, u_super: 0.00802, sec: 457.342, prod: 0.181422, t_ads: 24.4, t_des: 22.1, bed_util_ads: 0.499, bed_util_des: 0.499, des_th: 0.49931510020276243,frac_lost: 0.107, li_recovered:  8.439, time: 0.008487324999805423
L: 0.50, u_super: 0.00426, sec: 232.954, prod: 0.095714, t_ads: 45.7, t_des: 40.7, bed_util_ads: 0.500, bed_util_des: 0.499, des_th: 0.49931510020276243,frac_lost: 0.106, li_recovered:  8.263, time: 0.008572053999159834
L: 0.50, u_super: 0.00915, sec: 553.396, prod: 0.197801, t_ads: 21.4, t_des: 22.6, bed_util_ads: 0.480, bed_util_des: 0.480, des_th: 0.47980628076554654,frac_lost: 0.104, li_recovered:  8.703, time: 0.007729810000455473
L: 0.50, u_super: 0.00537, sec: 341.392, prod: 0.105229, t_ads: 36.2, t_des: 46.2, bed_util_ads: 0.455, bed_util_des: 0.454, des_th: 0.4540870320800113,frac_lost: 0.102, li_recovered:  8.671, time: 0.006291368999882252
L: 0.50, u_super: 0.00785, sec: 447.172, prod: 0.177610, t_ads: 24.9, t_des: 22.8, bed_util_ads: 0.498, bed_util_des: 0.498, des_th: 0.4977307120178789,frac_lost: 0.107, li_recovered:  8.481, time: 0.006472098999438458
L: 0.50, u_super: 0.00409, sec: 223.338, prod: 0.091948, t_ads: 47.5, t_des: 42.3, bed_util_ads: 0.499, bed_util_des: 0.499, des_th: 0.4987233602498389,frac_lost: 0.105, li_recovered:  8.257, time: 0.0046798490002402104
L: 75.04, u_super: 0.00366 — INFEASIBLE (li_recovered=0.000e+00), time: 0.0008989689995360095
L: 0.50, u_super: 0.00965, sec: 1197.099, prod: 0.102542, t_ads: 20.2, t_des: 65.1, bed_util_ads: 0.345, bed_util_des: 0.344, des_th: 0.3436101876076427,frac_lost: 0.100, li_recovered:  8.744, time: 0.01010897699961788
L: 0.50, u_super: 0.00252, sec: 135.963, prod: 0.056003, t_ads: 76.3, t_des: 67.3, bed_util_ads: 0.498, bed_util_des: 0.498, des_th: 0.4978854273450899,frac_lost: 0.102, li_recovered:  8.042, time: 0.004703235001215944
L: 0.50, u_super: 0.00588, sec: 335.158, prod: 0.129244, t_ads: 33.1, t_des: 33.8, bed_util_ads: 0.483, bed_util_des: 0.482, des_th: 0.4825054742378888,frac_lost: 0.102, li_recovered:  8.644, time: 0.006036075999872992
L: 0.50, u_super: 0.00591, sec: 328.139, prod: 0.133574, t_ads: 32.9, t_des: 30.5, bed_util_ads: 0.496, bed_util_des: 0.496, des_th: 0.4959874778972948,frac_lost: 0.102, li_recovered:  8.464, time: 0.005644466000376269
L: 0.50, u_super: 0.00366, sec: 198.698, prod: 0.081944, t_ads: 53.2, t_des: 47.5, bed_util_ads: 0.499, bed_util_des: 0.499, des_th: 0.4987189972255394,frac_lost: 0.107, li_recovered:  8.250, time: 0.005522843001017463
L: 0.50, u_super: 0.00682, sec: 382.922, prod: 0.154494, t_ads: 28.4, t_des: 25.4, bed_util_ads: 0.500, bed_util_des: 0.499, des_th: 0.4994505332412196,frac_lost: 0.101, li_recovered:  8.316, time: 0.005513124000572134
L: 0.50, u_super: 0.00619, sec: 345.965, prod: 0.139592, t_ads: 31.6, t_des: 28.4, bed_util_ads: 0.499, bed_util_des: 0.499, des_th: 0.4992619298121911,frac_lost: 0.109, li_recovered:  8.383, time: 0.0065603340008237865
L: 0.50, u_super: 0.00843, sec: 482.947, prod: 0.190739, t_ads: 23.2, t_des: 20.8, bed_util_ads: 0.500, bed_util_des: 0.500, des_th: 0.4997908043439743,frac_lost: 0.106, li_recovered:  8.388, time: 0.006167994000861654
L: 0.50, u_super: 0.00924, sec: 534.775, prod: 0.208978, t_ads: 21.2, t_des: 19.7, bed_util_ads: 0.496, bed_util_des: 0.496, des_th: 0.4960151553095472,frac_lost: 0.106, li_recovered:  8.533, time: 0.006501151001430117
L: 0.50, u_super: 0.00954, sec: 553.984, prod: 0.216305, t_ads: 20.5, t_des: 18.6, bed_util_ads: 0.499, bed_util_des: 0.499, des_th: 0.49936414811558705,frac_lost: 0.106, li_recovered:  8.455, time: 0.006639948000156437
L: 0.50, u_super: 0.00341, sec: 184.710, prod: 0.076299, t_ads: 57.0, t_des: 51.1, bed_util_ads: 0.498, bed_util_des: 0.498, des_th: 0.4981158515868701,frac_lost: 0.107, li_recovered:  8.248, time: 0.006832156999735162
L: 6.35, u_super: 0.00539 — INFEASIBLE (li_recovered=0.000e+00), time: 0.0029383689998212503
L: 0.50, u_super: 0.00386, sec: 210.095, prod: 0.086742, t_ads: 50.3, t_des: 45.1, bed_util_ads: 0.498, bed_util_des: 0.498, des_th: 0.49784790855836253,frac_lost: 0.105, li_recovered:  8.273, time: 0.007492720000300324
L: 0.50, u_super: 0.00351, sec: 198.297, prod: 0.075543, t_ads: 55.4, t_des: 58.3, bed_util_ads: 0.477, bed_util_des: 0.476, des_th: 0.47634156532843613,frac_lost: 0.107, li_recovered:  8.594, time: 0.006754526000804617
L: 0.50, u_super: 0.00734, sec: 415.073, prod: 0.165751, t_ads: 26.7, t_des: 24.2, bed_util_ads: 0.499, bed_util_des: 0.499, des_th: 0.49859873695447327,frac_lost: 0.108, li_recovered:  8.434, time: 0.005646169000101509
L: 0.50, u_super: 0.00990, sec: 577.061, prod: 0.224402, t_ads: 19.8, t_des: 17.9, bed_util_ads: 0.500, bed_util_des: 0.499, des_th: 0.49940580028068804,frac_lost: 0.106, li_recovered:  8.460, time: 0.006249795000258018
   532 |    21280 |     40 |  0.0043905428 |             f
L: 1.94, u_super: 0.00386 — INFEASIBLE (li_recovered=0.000e+00), time: 0.003461936999883619
L: 0.50, u_super: 0.00451, sec: 247.174, prod: 0.101460, t_ads: 43.1, t_des: 38.4, bed_util_ads: 0.499, bed_util_des: 0.499, des_th: 0.49931510020276243,frac_lost: 0.105, li_recovered:  8.273, time: 0.006578616001206683
L: 0.50, u_super: 0.00587, sec: 325.095, prod: 0.132851, t_ads: 33.0, t_des: 30.3, bed_util_ads: 0.496, bed_util_des: 0.496, des_th: 0.4959874778972948,frac_lost: 0.100, li_recovered:  8.413, time: 0.0061296200001379475
L: 0.50, u_super: 0.00474, sec: 260.207, prod: 0.106774, t_ads: 41.0, t_des: 36.6, bed_util_ads: 0.499, bed_util_des: 0.499, des_th: 0.49931510020276243,frac_lost: 0.104, li_recovered:  8.284, time: 0.0050961480010300875
L: 0.50, u_super: 0.00196, sec: 105.983, prod: 0.042970, t_ads: 97.6, t_des: 84.7, bed_util_ads: 0.498, bed_util_des: 0.498, des_th: 0.4981668672903574,frac_lost: 0.100, li_recovered:  7.831, time: 0.005926781001107884
L: 0.50, u_super: 0.00216, sec: 116.184, prod: 0.047901, t_ads: 89.5, t_des: 81.4, bed_util_ads: 0.493, bed_util_des: 0.493, des_th: 0.492552151807646,frac_lost: 0.108, li_recovered:  8.186, time: 0.005447309000373934
L: 0.50, u_super: 0.00554, sec: 330.522, prod: 0.115931, t_ads: 35.4, t_des: 39.4, bed_util_ads: 0.472, bed_util_des: 0.472, des_th: 0.47181826586335723,frac_lost: 0.109, li_recovered:  8.673, time: 0.006301368999629631
L: 0.50, u_super: 0.00012 — INFEASIBLE (li_recovered=0.000e+00), time: 0.0015201690002868418
L: 0.50, u_super: 0.00915, sec: 528.895, prod: 0.206965, t_ads: 21.4, t_des: 19.8, bed_util_ads: 0.496, bed_util_des: 0.496, des_th: 0.49567413808241556,frac_lost: 0.106, li_recovered:  8.525, time: 0.004535940001005656
L: 54.59, u_super: 0.00395 — INFEASIBLE (li_recovered=0.000e+00), time: 0.0009882060003292281
L: 0.50, u_super: 0.00409, sec: 223.855, prod: 0.091736, t_ads: 47.6, t_des: 41.9, bed_util_ads: 0.500, bed_util_des: 0.500, des_th: 0.4999519522913943,frac_lost: 0.107, li_recovered:  8.205, time: 0.006057356999008334
L: 0.50, u_super: 0.00305, sec: 164.815, prod: 0.067948, t_ads: 63.3, t_des: 55.7, bed_util_ads: 0.500, bed_util_des: 0.500, des_th: 0.4996553039720011,frac_lost: 0.102, li_recovered:  8.088, time: 0.006038952000380959
L: 0.50, u_super: 0.00013 — INFEASIBLE (li_recovered=0.000e+00), time: 0.0017722310003591701
L: 0.50, u_super: 0.00591, sec: 360.459, prod: 0.121597, t_ads: 33.1, t_des: 38.3, bed_util_ads: 0.468, bed_util_des: 0.467, des_th: 0.46738710531384003,frac_lost: 0.107, li_recovered:  8.681, time: 0.007192670000222279
L: 0.50, u_super: 0.00990, sec: 576.737, prod: 0.224528, t_ads: 19.7, t_des: 17.7, bed_util_ads: 0.500, bed_util_des: 0.499, des_th: 0.4994575166543679,frac_lost: 0.104, li_recovered:  8.411, time: 0.006248900001082802
L: 0.50, u_super: 0.00216, sec: 117.412, prod: 0.047400, t_ads: 89.4, t_des: 76.7, bed_util_ads: 0.500, bed_util_des: 0.499, des_th: 0.49934187795291646,frac_lost: 0.107, li_recovered:  7.873, time: 0.006816451999839046
L: 0.50, u_super: 0.00539, sec: 297.411, prod: 0.121653, t_ads: 36.1, t_des: 33.4, bed_util_ads: 0.496, bed_util_des: 0.496, des_th: 0.4956546320579523,frac_lost: 0.103, li_recovered:  8.448, time: 0.006639925999479601
L: 0.50, u_super: 0.00810, sec: 471.205, prod: 0.179720, t_ads: 24.2, t_des: 24.0, bed_util_ads: 0.488, bed_util_des: 0.488, des_th: 0.4876033761548862,frac_lost: 0.108, li_recovered:  8.661, time: 0.008586147998357774
L: 0.50, u_super: 0.00104, sec: 57.536, prod: 0.021978, t_ads: 182.4, t_des: 188.3, bed_util_ads: 0.468, bed_util_des: 0.466, des_th: 0.4660390325039103,frac_lost: 0.104, li_recovered:  8.147, time: 0.007868798000345123
L: 0.50, u_super: 0.00738, sec: 416.330, prod: 0.167230, t_ads: 26.3, t_des: 23.8, bed_util_ads: 0.499, bed_util_des: 0.499, des_th: 0.4991888038419171,frac_lost: 0.101, li_recovered:  8.382, time: 0.004520743999819388
L: 0.50, u_super: 0.00146, sec: 80.579, prod: 0.031115, t_ads: 131.2, t_des: 109.3, bed_util_ads: 0.499, bed_util_des: 0.499, des_th: 0.49894517443833636,frac_lost: 0.107, li_recovered:  7.483, time: 0.0065512419987499015
L: 0.50, u_super: 0.00754, sec: 469.732, prod: 0.155240, t_ads: 26.0, t_des: 30.1, bed_util_ads: 0.468, bed_util_des: 0.467, des_th: 0.467488868064909,frac_lost: 0.108, li_recovered:  8.703, time: 0.005338287000995479
L: 0.50, u_super: 0.00124, sec: 69.652, prod: 0.025968, t_ads: 153.4, t_des: 124.9, bed_util_ads: 0.499, bed_util_des: 0.499, des_th: 0.49946586889144656,frac_lost: 0.106, li_recovered:  7.226, time: 0.005531461001737625
L: 0.50, u_super: 0.00612, sec: 340.446, prod: 0.138420, t_ads: 31.7, t_des: 28.4, bed_util_ads: 0.499, bed_util_des: 0.499, des_th: 0.49905183183838236,frac_lost: 0.101, li_recovered:  8.316, time: 0.00470587599920691
L: 0.50, u_super: 0.00298, sec: 1218.874, prod: 0.008796, t_ads: 66.1, t_des: 933.1, bed_util_ads: 0.198, bed_util_des: 0.190, des_th: 0.18957204375331882,frac_lost: 0.106, li_recovered:  8.789, time: 0.03074149500025669
L: 0.50, u_super: 0.00548, sec: 303.225, prod: 0.123405, t_ads: 35.5, t_des: 33.3, bed_util_ads: 0.493, bed_util_des: 0.493, des_th: 0.4931739127271243,frac_lost: 0.104, li_recovered:  8.493, time: 0.005094631000247318
L: 0.50, u_super: 0.00948, sec: 549.633, prod: 0.214771, t_ads: 20.6, t_des: 18.7, bed_util_ads: 0.500, bed_util_des: 0.500, des_th: 0.49952080618407424,frac_lost: 0.106, li_recovered:  8.447, time: 0.005839667999680387
L: 0.50, u_super: 0.00413, sec: 225.210, prod: 0.092938, t_ads: 47.0, t_des: 43.0, bed_util_ads: 0.496, bed_util_des: 0.496, des_th: 0.49582447101087646,frac_lost: 0.105, li_recovered:  8.371, time: 0.005307757999617024
L: 0.50, u_super: 0.00051, sec: 120.814, prod: 0.002470, t_ads: 392.9, t_des: 3167.6, bed_util_ads: 0.226, bed_util_des: 0.188, des_th: 0.1877749226185383,frac_lost: 0.105, li_recovered:  8.793, time: 0.02054662900081894
L: 0.50, u_super: 0.00196, sec: 111.895, prod: 0.040700, t_ads: 98.6, t_des: 109.6, bed_util_ads: 0.466, bed_util_des: 0.465, des_th: 0.46462532697553627,frac_lost: 0.105, li_recovered:  8.472, time: 0.005729455000619055
L: 0.50, u_super: 0.00084, sec: 48.627, prod: 0.016963, t_ads: 223.8, t_des: 252.7, bed_util_ads: 0.453, bed_util_des: 0.449, des_th: 0.4495099099892289,frac_lost: 0.102, li_recovered:  8.081, time: 0.006273308999880101
L: 0.50, u_super: 0.00619, sec: 344.910, prod: 0.140019, t_ads: 31.3, t_des: 28.1, bed_util_ads: 0.500, bed_util_des: 0.499, des_th: 0.49944862161023906,frac_lost: 0.102, li_recovered:  8.321, time: 0.004133910999371437
L: 0.50, u_super: 0.00771, sec: 437.028, prod: 0.174949, t_ads: 25.2, t_des: 22.8, bed_util_ads: 0.499, bed_util_des: 0.499, des_th: 0.49888916784201814,frac_lost: 0.101, li_recovered:  8.388, time: 0.005978084998787381
L: 0.50, u_super: 0.00478, sec: 268.369, prod: 0.105361, t_ads: 40.6, t_des: 41.1, bed_util_ads: 0.484, bed_util_des: 0.484, des_th: 0.48367207052871436,frac_lost: 0.103, li_recovered:  8.613, time: 0.0049968750008702045
L: 0.50, u_super: 0.00054 — INFEASIBLE (li_recovered=0.000e+00), time: 0.0025530570001137676
L: 0.50, u_super: 0.00124, sec: 68.016, prod: 0.026593, t_ads: 153.2, t_des: 132.1, bed_util_ads: 0.493, bed_util_des: 0.493, des_th: 0.4927655591778664,frac_lost: 0.105, li_recovered:  7.586, time: 0.005436295999970753
L: 36.17, u_super: 0.00138 — INFEASIBLE (li_recovered=0.000e+00), time: 0.0013471099991875235
L: 5.21, u_super: 0.00989, sec: 40510.629, prod: 0.033251, t_ads: 207.9, t_des: 2552.2, bed_util_ads: 0.201, bed_util_des: 0.176, des_th: 0.17632074605656503,frac_lost: 0.103, li_recovered:  91.776, time: 0.026709894998930395
L: 0.50, u_super: 0.00728, sec: 409.919, prod: 0.165029, t_ads: 26.7, t_des: 24.4, bed_util_ads: 0.498, bed_util_des: 0.498, des_th: 0.49765486878562765,frac_lost: 0.100, li_recovered:  8.422, time: 0.005220834000283503
L: 0.50, u_super: 0.00975, sec: 577.332, prod: 0.217072, t_ads: 20.0, t_des: 19.9, bed_util_ads: 0.488, bed_util_des: 0.488, des_th: 0.48790726855899574,frac_lost: 0.103, li_recovered:  8.670, time: 0.004843054999582819
   533 |    21320 |     40 |  0.0025990611 |             f
L: 0.50, u_super: 0.00165, sec: 89.762, prod: 0.035751, t_ads: 116.0, t_des: 99.3, bed_util_ads: 0.498, bed_util_des: 0.498, des_th: 0.4981049716083166,frac_lost: 0.103, li_recovered:  7.698, time: 0.004156778999458766
L: 20.10, u_super: 0.00005 — INFEASIBLE (li_recovered=0.000e+00), time: 0.0009180189990729559
L: 0.50, u_super: 0.00339, sec: 183.969, prod: 0.075829, t_ads: 56.8, t_des: 50.0, bed_util_ads: 0.500, bed_util_des: 0.499, des_th: 0.49933563920484814,frac_lost: 0.100, li_recovered:  8.096, time: 0.0040732580000621965
L: 0.50, u_super: 0.00864, sec: 497.253, prod: 0.195001, t_ads: 22.7, t_des: 21.1, bed_util_ads: 0.497, bed_util_des: 0.497, des_th: 0.4969878973250513,frac_lost: 0.108, li_recovered:  8.536, time: 0.005101777998788748
L: 0.50, u_super: 0.00305, sec: 164.815, prod: 0.067948, t_ads: 63.3, t_des: 55.7, bed_util_ads: 0.500, bed_util_des: 0.500, des_th: 0.4996553039720011,frac_lost: 0.102, li_recovered:  8.088, time: 0.004219733998979791
L: 0.50, u_super: 0.00134, sec: 73.250, prod: 0.029118, t_ads: 141.0, t_des: 123.2, bed_util_ads: 0.494, bed_util_des: 0.493, des_th: 0.49328143581037875,frac_lost: 0.102, li_recovered:  7.694, time: 0.004856720999669051
L: 0.50, u_super: 0.00404, sec: 220.296, prod: 0.090848, t_ads: 48.0, t_des: 43.0, bed_util_ads: 0.498, bed_util_des: 0.498, des_th: 0.49784790855836253,frac_lost: 0.105, li_recovered:  8.272, time: 0.004150419999859878
L: 0.50, u_super: 0.00916, sec: 530.185, prod: 0.207282, t_ads: 21.4, t_des: 19.8, bed_util_ads: 0.496, bed_util_des: 0.496, des_th: 0.4958326659000545,frac_lost: 0.106, li_recovered:  8.527, time: 0.00467785900036688
L: 0.50, u_super: 0.00246, sec: 133.370, prod: 0.054442, t_ads: 78.3, t_des: 67.9, bed_util_ads: 0.500, bed_util_des: 0.499, des_th: 0.49941567503216344,frac_lost: 0.104, li_recovered:  7.958, time: 0.005307647999870824
L: 5.05, u_super: 0.00855 — INFEASIBLE (li_recovered=0.000e+00), time: 0.004085892000148306
L: 0.50, u_super: 0.00077, sec: 42.617, prod: 0.016395, t_ads: 239.8, t_des: 228.1, bed_util_ads: 0.474, bed_util_des: 0.472, des_th: 0.47228498714861467,frac_lost: 0.101, li_recovered:  7.672, time: 0.006654829001490725
L: 0.50, u_super: 0.00480, sec: 263.504, prod: 0.108098, t_ads: 40.6, t_des: 36.5, bed_util_ads: 0.498, bed_util_des: 0.498, des_th: 0.4977307120178789,frac_lost: 0.105, li_recovered:  8.335, time: 0.0058185399993817555
L: 0.50, u_super: 0.00958, sec: 556.275, prod: 0.216871, t_ads: 20.4, t_des: 18.7, bed_util_ads: 0.498, bed_util_des: 0.498, des_th: 0.498240460071036,frac_lost: 0.106, li_recovered:  8.487, time: 0.005911807998927543
L: 0.50, u_super: 0.00826, sec: 472.676, prod: 0.186841, t_ads: 23.7, t_des: 21.2, bed_util_ads: 0.500, bed_util_des: 0.500, des_th: 0.49980521972351843,frac_lost: 0.107, li_recovered:  8.392, time: 0.004725382999822614
L: 0.50, u_super: 0.00575, sec: 318.188, prod: 0.129949, t_ads: 33.8, t_des: 31.0, bed_util_ads: 0.497, bed_util_des: 0.497, des_th: 0.49703428319511006,frac_lost: 0.102, li_recovered:  8.412, time: 0.0042974780008080415
L: 0.50, u_super: 0.00246, sec: 132.745, prod: 0.054732, t_ads: 78.3, t_des: 69.6, bed_util_ads: 0.496, bed_util_des: 0.496, des_th: 0.49581870744385176,frac_lost: 0.104, li_recovered:  8.094, time: 0.0045967229998495895
L: 0.50, u_super: 0.00902, sec: 520.555, prod: 0.204092, t_ads: 21.7, t_des: 20.1, bed_util_ads: 0.496, bed_util_des: 0.496, des_th: 0.49617803307003655,frac_lost: 0.105, li_recovered:  8.529, time: 0.006324030000541825
L: 0.50, u_super: 0.00016 — INFEASIBLE (li_recovered=0.000e+00), time: 0.0018078649991366547
L: 0.50, u_super: 0.00978, sec: 767.830, prod: 0.164425, t_ads: 19.9, t_des: 33.2, bed_util_ads: 0.424, bed_util_des: 0.423, des_th: 0.4228829593877091,frac_lost: 0.102, li_recovered:  8.726, time: 0.008153642000252148
L: 0.50, u_super: 0.00447, sec: 244.779, prod: 0.100526, t_ads: 43.5, t_des: 38.8, bed_util_ads: 0.499, bed_util_des: 0.499, des_th: 0.49886981840844563,frac_lost: 0.105, li_recovered:  8.276, time: 0.009679836000941577
L: 0.50, u_super: 0.00561, sec: 310.141, prod: 0.126695, t_ads: 34.6, t_des: 31.0, bed_util_ads: 0.499, bed_util_des: 0.499, des_th: 0.4988557939472112,frac_lost: 0.101, li_recovered:  8.314, time: 0.00559102300030645
L: 0.50, u_super: 0.00903, sec: 520.575, prod: 0.204528, t_ads: 21.6, t_des: 19.7, bed_util_ads: 0.500, bed_util_des: 0.499, des_th: 0.49941689831400465,frac_lost: 0.105, li_recovered:  8.455, time: 0.008693482999660773
L: 0.50, u_super: 0.00084, sec: 47.050, prod: 0.017532, t_ads: 223.3, t_des: 192.6, bed_util_ads: 0.487, bed_util_des: 0.486, des_th: 0.4864735475767587,frac_lost: 0.107, li_recovered:  7.292, time: 0.0074772589996428
L: 0.50, u_super: 0.00528, sec: 291.030, prod: 0.119334, t_ads: 36.7, t_des: 33.3, bed_util_ads: 0.498, bed_util_des: 0.497, des_th: 0.49749470472333346,frac_lost: 0.102, li_recovered:  8.362, time: 0.006731794999723206
L: 0.50, u_super: 0.00579, sec: 320.794, prod: 0.130941, t_ads: 33.5, t_des: 30.7, bed_util_ads: 0.496, bed_util_des: 0.496, des_th: 0.4959874778972948,frac_lost: 0.102, li_recovered:  8.416, time: 0.010298576000423054
L: 0.50, u_super: 0.00987, sec: 575.311, prod: 0.223526, t_ads: 19.8, t_des: 18.0, bed_util_ads: 0.500, bed_util_des: 0.500, des_th: 0.4995989007707948,frac_lost: 0.107, li_recovered:  8.457, time: 0.00961830599953828
L: 0.50, u_super: 0.00681, sec: 383.412, prod: 0.153615, t_ads: 28.8, t_des: 26.4, bed_util_ads: 0.497, bed_util_des: 0.497, des_th: 0.49681774009604773,frac_lost: 0.109, li_recovered:  8.484, time: 0.006514830000014626
L: 0.50, u_super: 0.00654, sec: 365.604, prod: 0.148050, t_ads: 29.7, t_des: 27.1, bed_util_ads: 0.497, bed_util_des: 0.497, des_th: 0.4969290752198145,frac_lost: 0.102, li_recovered:  8.419, time: 0.008678755999426357
L: 0.50, u_super: 0.00129, sec: 73.112, prod: 0.026995, t_ads: 147.6, t_des: 160.1, bed_util_ads: 0.465, bed_util_des: 0.463, des_th: 0.46253261185218814,frac_lost: 0.105, li_recovered:  8.307, time: 0.010398489999715821
L: 0.50, u_super: 0.00784, sec: 446.527, prod: 0.177057, t_ads: 25.0, t_des: 22.9, bed_util_ads: 0.498, bed_util_des: 0.498, des_th: 0.4977404222528197,frac_lost: 0.109, li_recovered:  8.481, time: 0.008274116999018588
L: 0.53, u_super: 0.00422, sec: 243.086, prod: 0.094707, t_ads: 48.6, t_des: 43.4, bed_util_ads: 0.500, bed_util_des: 0.499, des_th: 0.49931014018578707,frac_lost: 0.106, li_recovered:  8.709, time: 0.009685617998911766
L: 0.50, u_super: 0.00008, sec: 7.169, prod: 0.001008, t_ads: 2349.7, t_des: 5006.4, bed_util_ads: 0.262, bed_util_des: 0.190, des_th: 0.19006884498260973,frac_lost: 0.102, li_recovered:  7.415, time: 0.011033176000637468
L: 0.50, u_super: 0.00165, sec: 90.234, prod: 0.035789, t_ads: 116.0, t_des: 98.8, bed_util_ads: 0.498, bed_util_des: 0.498, des_th: 0.4981561895070465,frac_lost: 0.105, li_recovered:  7.687, time: 0.00588614200023585
L: 0.50, u_super: 0.00489, sec: 268.419, prod: 0.110189, t_ads: 39.8, t_des: 35.9, bed_util_ads: 0.499, bed_util_des: 0.498, des_th: 0.4983154468432156,frac_lost: 0.104, li_recovered:  8.341, time: 0.005666727998686838
L: 0.50, u_super: 0.00407, sec: 232.292, prod: 0.087333, t_ads: 47.8, t_des: 50.9, bed_util_ads: 0.477, bed_util_des: 0.476, des_th: 0.47598303359197713,frac_lost: 0.105, li_recovered:  8.620, time: 0.0056386800006293925
L: 0.50, u_super: 0.00025, sec: 15.776, prod: 0.004442, t_ads: 673.9, t_des: 722.3, bed_util_ads: 0.414, bed_util_des: 0.408, des_th: 0.40826275490522557,frac_lost: 0.103, li_recovered:  6.202, time: 0.005901898999582045
L: 0.50, u_super: 0.00246, sec: 132.551, prod: 0.054778, t_ads: 78.2, t_des: 69.7, bed_util_ads: 0.496, bed_util_des: 0.496, des_th: 0.49607394573391544,frac_lost: 0.103, li_recovered:  8.099, time: 0.0062796610000077635
L: 0.50, u_super: 0.00364, sec: 197.952, prod: 0.081688, t_ads: 53.3, t_des: 47.7, bed_util_ads: 0.498, bed_util_des: 0.498, des_th: 0.4978854273450899,frac_lost: 0.106, li_recovered:  8.253, time: 0.005762980999861611
L: 0.50, u_super: 0.00216, sec: 115.905, prod: 0.048017, t_ads: 88.7, t_des: 80.5, bed_util_ads: 0.493, bed_util_des: 0.493, des_th: 0.49279040393828183,frac_lost: 0.101, li_recovered:  8.129, time: 0.005964797999695293
L: 0.50, u_super: 0.00717, sec: 404.738, prod: 0.161864, t_ads: 27.3, t_des: 24.7, bed_util_ads: 0.499, bed_util_des: 0.499, des_th: 0.4987189972255394,frac_lost: 0.108, li_recovered:  8.428, time: 0.005544265999560594
   534 |    21360 |     40 |  0.0035822484 |             f
L: 0.50, u_super: 0.00973, sec: 592.495, prod: 0.210511, t_ads: 20.1, t_des: 21.3, bed_util_ads: 0.480, bed_util_des: 0.480, des_th: 0.47954623756153275,frac_lost: 0.105, li_recovered:  8.707, time: 0.006544283000039286
L: 0.50, u_super: 0.00246, sec: 133.373, prod: 0.054441, t_ads: 78.3, t_des: 67.9, bed_util_ads: 0.499, bed_util_des: 0.499, des_th: 0.49899068765875126,frac_lost: 0.104, li_recovered:  7.960, time: 0.004540046000329312
L: 0.50, u_super: 0.00271, sec: 157.936, prod: 0.055853, t_ads: 71.3, t_des: 81.9, bed_util_ads: 0.465, bed_util_des: 0.464, des_th: 0.46381315501176207,frac_lost: 0.102, li_recovered:  8.557, time: 0.006423664000976714
L: 0.50, u_super: 0.00305, sec: 164.516, prod: 0.068071, t_ads: 63.3, t_des: 56.2, bed_util_ads: 0.497, bed_util_des: 0.497, des_th: 0.49702991831429066,frac_lost: 0.101, li_recovered:  8.132, time: 0.0054306809997797245
L: 0.50, u_super: 0.00838, sec: 480.516, prod: 0.189630, t_ads: 23.4, t_des: 20.9, bed_util_ads: 0.500, bed_util_des: 0.500, des_th: 0.4997908043439743,frac_lost: 0.107, li_recovered:  8.401, time: 0.0065267030004179105
L: 19.36, u_super: 0.00863 — INFEASIBLE (li_recovered=0.000e+00), time: 0.0022607609989790944
L: 0.50, u_super: 0.00165, sec: 89.033, prod: 0.036305, t_ads: 115.9, t_des: 103.8, bed_util_ads: 0.493, bed_util_des: 0.493, des_th: 0.4926188224581766,frac_lost: 0.105, li_recovered:  7.976, time: 0.0054270020009425934
L: 0.50, u_super: 0.00203, sec: 110.184, prod: 0.044653, t_ads: 95.0, t_des: 82.4, bed_util_ads: 0.498, bed_util_des: 0.498, des_th: 0.497847922431642,frac_lost: 0.108, li_recovered:  7.921, time: 0.006145889999970677
L: 0.50, u_super: 0.00825, sec: 471.379, prod: 0.186633, t_ads: 23.7, t_des: 21.5, bed_util_ads: 0.500, bed_util_des: 0.499, des_th: 0.49941689831400465,frac_lost: 0.106, li_recovered:  8.441, time: 0.005671917000654503
L: 0.50, u_super: 0.00108, sec: 60.302, prod: 0.022878, t_ads: 175.1, t_des: 182.8, bed_util_ads: 0.468, bed_util_des: 0.466, des_th: 0.46598419535532554,frac_lost: 0.105, li_recovered:  8.189, time: 0.007009444998402614
L: 0.50, u_super: 0.00790, sec: 448.714, prod: 0.179184, t_ads: 24.6, t_des: 22.2, bed_util_ads: 0.500, bed_util_des: 0.500, des_th: 0.4996562666416071,frac_lost: 0.101, li_recovered:  8.386, time: 0.005278216000078828
L: 0.50, u_super: 0.00587, sec: 325.682, prod: 0.132745, t_ads: 33.0, t_des: 29.6, bed_util_ads: 0.500, bed_util_des: 0.499, des_th: 0.4994180475132066,frac_lost: 0.100, li_recovered:  8.306, time: 0.006985225001699291
L: 0.50, u_super: 0.00961, sec: 558.473, prod: 0.217638, t_ads: 20.4, t_des: 18.7, bed_util_ads: 0.498, bed_util_des: 0.498, des_th: 0.4982437792845483,frac_lost: 0.106, li_recovered:  8.501, time: 0.004510382999797002
L: 7.10, u_super: 0.00864 — INFEASIBLE (li_recovered=0.000e+00), time: 0.0034334440006205114
L: 0.50, u_super: 0.00164, sec: 90.189, prod: 0.035258, t_ads: 116.1, t_des: 97.2, bed_util_ads: 0.499, bed_util_des: 0.499, des_th: 0.4992182936424652,frac_lost: 0.101, li_recovered:  7.520, time: 0.005437932000859291
L: 0.50, u_super: 0.00025, sec: 16.118, prod: 0.004571, t_ads: 653.7, t_des: 697.1, bed_util_ads: 0.417, bed_util_des: 0.411, des_th: 0.41149921525783906,frac_lost: 0.101, li_recovered:  6.174, time: 0.005203221000556368
L: 0.50, u_super: 0.00170, sec: 642.408, prod: 0.005301, t_ads: 116.1, t_des: 1542.8, bed_util_ads: 0.200, bed_util_des: 0.185, des_th: 0.1851696623157332,frac_lost: 0.103, li_recovered:  8.794, time: 0.04202510600043752
L: 0.50, u_super: 0.00770, sec: 437.758, prod: 0.174184, t_ads: 25.4, t_des: 23.0, bed_util_ads: 0.499, bed_util_des: 0.499, des_th: 0.49931510020276243,frac_lost: 0.107, li_recovered:  8.435, time: 0.007730855999398045
L: 28.13, u_super: 0.00261 — INFEASIBLE (li_recovered=0.000e+00), time: 0.002640586999405059
L: 0.50, u_super: 0.00681, sec: 381.974, prod: 0.154193, t_ads: 28.5, t_des: 25.5, bed_util_ads: 0.500, bed_util_des: 0.500, des_th: 0.4996395276668514,frac_lost: 0.101, li_recovered:  8.323, time: 0.009583326000210945
L: 0.50, u_super: 0.00076 — INFEASIBLE (li_recovered=0.000e+00), time: 0.0063743370010342915
L: 0.50, u_super: 0.00286, sec: 154.734, prod: 0.063746, t_ads: 67.4, t_des: 59.2, bed_util_ads: 0.499, bed_util_des: 0.499, des_th: 0.4990288270814253,frac_lost: 0.102, li_recovered:  8.069, time: 0.010130493001270224
L: 0.50, u_super: 0.00008, sec: 6.960, prod: 0.000993, t_ads: 2395.8, t_des: 5028.7, bed_util_ads: 0.262, bed_util_des: 0.190, des_th: 0.190367637829584,frac_lost: 0.103, li_recovered:  7.373, time: 0.01351755199902982
L: 0.50, u_super: 0.00654, sec: 365.842, prod: 0.147954, t_ads: 29.7, t_des: 26.5, bed_util_ads: 0.500, bed_util_des: 0.500, des_th: 0.49955338376205566,frac_lost: 0.101, li_recovered:  8.318, time: 0.009126599999945029
L: 0.50, u_super: 0.00758, sec: 431.006, prod: 0.171237, t_ads: 25.9, t_des: 23.6, bed_util_ads: 0.498, bed_util_des: 0.498, des_th: 0.4978952637206629,frac_lost: 0.109, li_recovered:  8.480, time: 0.008550741000362905
L: 0.50, u_super: 0.00661, sec: 369.311, prod: 0.149691, t_ads: 29.3, t_des: 26.5, bed_util_ads: 0.499, bed_util_des: 0.499, des_th: 0.49874437305044134,frac_lost: 0.100, li_recovered:  8.363, time: 0.010791783999593463
L: 0.50, u_super: 0.00216, sec: 116.968, prod: 0.047581, t_ads: 89.4, t_des: 77.8, bed_util_ads: 0.499, bed_util_des: 0.498, des_th: 0.4983601086532042,frac_lost: 0.107, li_recovered:  7.954, time: 0.007987784998476855
L: 0.50, u_super: 0.00471, sec: 258.658, prod: 0.106167, t_ads: 41.3, t_des: 37.3, bed_util_ads: 0.498, bed_util_des: 0.498, des_th: 0.4981668534170779,frac_lost: 0.106, li_recovered:  8.342, time: 0.008736280999073642
L: 1.33, u_super: 0.00990, sec: 1555.510, prod: 0.222094, t_ads: 52.4, t_des: 47.5, bed_util_ads: 0.497, bed_util_des: 0.497, des_th: 0.49707702856126307,frac_lost: 0.107, li_recovered:  22.190, time: 0.009485566999501316
L: 0.50, u_super: 0.00741, sec: 419.852, prod: 0.167233, t_ads: 26.5, t_des: 24.0, bed_util_ads: 0.499, bed_util_des: 0.499, des_th: 0.4987273542656306,frac_lost: 0.109, li_recovered:  8.439, time: 0.008530017999873962
L: 0.50, u_super: 0.00281, sec: 151.126, prod: 0.062907, t_ads: 68.5, t_des: 63.1, bed_util_ads: 0.493, bed_util_des: 0.493, des_th: 0.49265859458351985,frac_lost: 0.102, li_recovered:  8.284, time: 0.008229086999563151
L: 0.50, u_super: 0.00809, sec: 461.771, prod: 0.182985, t_ads: 24.2, t_des: 22.0, bed_util_ads: 0.499, bed_util_des: 0.499, des_th: 0.4987432238500364,frac_lost: 0.107, li_recovered:  8.445, time: 0.00926594200063846
L: 0.50, u_super: 0.00990, sec: 576.015, prod: 0.224810, t_ads: 19.7, t_des: 17.9, bed_util_ads: 0.500, bed_util_des: 0.499, des_th: 0.49941800771673645,frac_lost: 0.102, li_recovered:  8.443, time: 0.007802662999893073
L: 0.50, u_super: 0.00426, sec: 232.882, prod: 0.095744, t_ads: 45.6, t_des: 40.7, bed_util_ads: 0.498, bed_util_des: 0.498, des_th: 0.49826367379851727,frac_lost: 0.106, li_recovered:  8.268, time: 0.008552400000553462
L: 0.50, u_super: 0.00297, sec: 160.234, prod: 0.066305, t_ads: 65.0, t_des: 57.8, bed_util_ads: 0.498, bed_util_des: 0.498, des_th: 0.49814790191118796,frac_lost: 0.102, li_recovered:  8.139, time: 0.008498637000229792
L: 0.50, u_super: 0.00006 — INFEASIBLE (li_recovered=0.000e+00), time: 0.0019584689998737304
L: 0.50, u_super: 0.00312, sec: 168.588, prod: 0.069984, t_ads: 61.8, t_des: 55.6, bed_util_ads: 0.496, bed_util_des: 0.496, des_th: 0.49607394573391544,frac_lost: 0.102, li_recovered:  8.211, time: 0.010437269000249216
L: 0.50, u_super: 0.00969, sec: 562.945, prod: 0.219725, t_ads: 20.2, t_des: 18.3, bed_util_ads: 0.499, bed_util_des: 0.499, des_th: 0.49889035741053683,frac_lost: 0.104, li_recovered:  8.458, time: 0.00668869299988728
L: 24.58, u_super: 0.00754 — INFEASIBLE (li_recovered=0.000e+00), time: 0.0018140370011678897
L: 0.50, u_super: 0.00273, sec: 148.064, prod: 0.060589, t_ads: 70.5, t_des: 61.3, bed_util_ads: 0.500, bed_util_des: 0.500, des_th: 0.49965862325046817,frac_lost: 0.103, li_recovered:  7.987, time: 0.007198201999926823
   535 |    21400 |     40 |  0.0025043931 |             f
L: 7.43, u_super: 0.00809 — INFEASIBLE (li_recovered=0.000e+00), time: 0.004408536000482854
L: 0.50, u_super: 0.00313, sec: 169.409, prod: 0.069856, t_ads: 61.6, t_des: 59.4, bed_util_ads: 0.488, bed_util_des: 0.488, des_th: 0.48771849926974803,frac_lost: 0.100, li_recovered:  8.453, time: 0.005522952998944675
L: 0.50, u_super: 0.00990, sec: 8832.353, prod: 0.014661, t_ads: 19.7, t_des: 579.2, bed_util_ads: 0.149, bed_util_des: 0.146, des_th: 0.1460302551347246,frac_lost: 0.100, li_recovered:  8.781, time: 0.07767258999956539
L: 0.50, u_super: 0.00612, sec: 340.533, prod: 0.138384, t_ads: 31.8, t_des: 28.6, bed_util_ads: 0.499, bed_util_des: 0.499, des_th: 0.499067281682602,frac_lost: 0.102, li_recovered:  8.356, time: 0.005907920998652116
L: 0.50, u_super: 0.00658, sec: 369.182, prod: 0.148478, t_ads: 29.8, t_des: 26.7, bed_util_ads: 0.499, bed_util_des: 0.499, des_th: 0.4993118992832687,frac_lost: 0.108, li_recovered:  8.384, time: 0.005161383998711244
L: 10.45, u_super: 0.00448 — INFEASIBLE (li_recovered=0.000e+00), time: 0.0021867049999855226
L: 0.50, u_super: 0.00902, sec: 520.578, prod: 0.204083, t_ads: 21.7, t_des: 19.9, bed_util_ads: 0.498, bed_util_des: 0.498, des_th: 0.4983205965898401,frac_lost: 0.107, li_recovered:  8.487, time: 0.006365626999468077
L: 0.50, u_super: 0.00247, sec: 136.070, prod: 0.053578, t_ads: 78.0, t_des: 80.6, bed_util_ads: 0.477, bed_util_des: 0.477, des_th: 0.4765662959577523,frac_lost: 0.101, li_recovered:  8.495, time: 0.005723602000216488
L: 0.50, u_super: 0.00936, sec: 541.753, prod: 0.212237, t_ads: 20.9, t_des: 18.9, bed_util_ads: 0.499, bed_util_des: 0.499, des_th: 0.49874437305044134,frac_lost: 0.104, li_recovered:  8.439, time: 0.005903916999159264
L: 0.50, u_super: 0.00033, sec: 20.455, prod: 0.006035, t_ads: 539.0, t_des: 641.8, bed_util_ads: 0.416, bed_util_des: 0.407, des_th: 0.40684664193976494,frac_lost: 0.100, li_recovered:  7.126, time: 0.005896413000300527
L: 0.50, u_super: 0.00108, sec: 60.180, prod: 0.022604, t_ads: 174.9, t_des: 146.2, bed_util_ads: 0.496, bed_util_des: 0.495, des_th: 0.4956812386060899,frac_lost: 0.103, li_recovered:  7.259, time: 0.006322777000605129
L: 12.45, u_super: 0.00077 — INFEASIBLE (li_recovered=0.000e+00), time: 0.0012715879984170897
L: 15.42, u_super: 0.00606 — INFEASIBLE (li_recovered=0.000e+00), time: 0.0018400279986963142
L: 0.50, u_super: 0.00948, sec: 549.382, prod: 0.214940, t_ads: 20.6, t_des: 18.7, bed_util_ads: 0.500, bed_util_des: 0.499, des_th: 0.49941800771673645,frac_lost: 0.104, li_recovered:  8.441, time: 0.005824785999720916
L: 0.50, u_super: 0.00167, sec: 90.195, prod: 0.036846, t_ads: 114.1, t_des: 102.4, bed_util_ads: 0.493, bed_util_des: 0.492, des_th: 0.492514368621785,frac_lost: 0.103, li_recovered:  7.979, time: 0.005906071000936208
L: 0.50, u_super: 0.00853, sec: 507.341, prod: 0.186137, t_ads: 22.9, t_des: 23.8, bed_util_ads: 0.483, bed_util_des: 0.483, des_th: 0.482836530661445,frac_lost: 0.106, li_recovered:  8.693, time: 0.007359301000178675
L: 0.50, u_super: 0.00934, sec: 541.273, prod: 0.211500, t_ads: 21.0, t_des: 18.9, bed_util_ads: 0.500, bed_util_des: 0.500, des_th: 0.49998933298581016,frac_lost: 0.107, li_recovered:  8.443, time: 0.006707464999635704
L: 0.50, u_super: 0.00339, sec: 184.045, prod: 0.075719, t_ads: 57.3, t_des: 50.6, bed_util_ads: 0.499, bed_util_des: 0.499, des_th: 0.49889035741053683,frac_lost: 0.107, li_recovered:  8.171, time: 0.005891177001103642
L: 0.50, u_super: 0.00005 — INFEASIBLE (li_recovered=0.000e+00), time: 0.0011560300008568447
L: 0.50, u_super: 0.00513, sec: 282.203, prod: 0.115913, t_ads: 37.8, t_des: 34.3, bed_util_ads: 0.498, bed_util_des: 0.498, des_th: 0.4981514035724692,frac_lost: 0.102, li_recovered:  8.351, time: 0.00578790600047796
L: 0.50, u_super: 0.00477, sec: 262.298, prod: 0.107440, t_ads: 40.8, t_des: 36.3, bed_util_ads: 0.499, bed_util_des: 0.499, des_th: 0.49894314162263353,frac_lost: 0.105, li_recovered:  8.280, time: 0.005205217999900924
L: 16.16, u_super: 0.00731 — INFEASIBLE (li_recovered=0.000e+00), time: 0.002221072998509044
L: 41.86, u_super: 0.00386 — INFEASIBLE (li_recovered=0.000e+00), time: 0.0013036070013185963
L: 0.50, u_super: 0.00165, sec: 89.241, prod: 0.036220, t_ads: 115.9, t_des: 102.7, bed_util_ads: 0.493, bed_util_des: 0.493, des_th: 0.49261640918869404,frac_lost: 0.104, li_recovered:  7.915, time: 0.006015012000716524
L: 0.50, u_super: 0.00640, sec: 357.688, prod: 0.144746, t_ads: 30.4, t_des: 27.2, bed_util_ads: 0.500, bed_util_des: 0.500, des_th: 0.49993896675350763,frac_lost: 0.103, li_recovered:  8.330, time: 0.00690770499932114
L: 0.50, u_super: 0.00336, sec: 182.424, prod: 0.075088, t_ads: 57.8, t_des: 51.2, bed_util_ads: 0.499, bed_util_des: 0.499, des_th: 0.49889035741053683,frac_lost: 0.107, li_recovered:  8.185, time: 0.005316474998835474
L: 0.50, u_super: 0.00196, sec: 117.959, prod: 0.038910, t_ads: 98.3, t_des: 120.0, bed_util_ads: 0.454, bed_util_des: 0.452, des_th: 0.4523459968145878,frac_lost: 0.105, li_recovered:  8.493, time: 0.00797520599917334
L: 0.50, u_super: 0.00239, sec: 140.056, prod: 0.048889, t_ads: 80.5, t_des: 93.9, bed_util_ads: 0.462, bed_util_des: 0.460, des_th: 0.46010210988628547,frac_lost: 0.102, li_recovered:  8.529, time: 0.005871973999092006
L: 0.50, u_super: 0.00386, sec: 339.389, prod: 0.053697, t_ads: 50.3, t_des: 111.3, bed_util_ads: 0.386, bed_util_des: 0.383, des_th: 0.3835032164397684,frac_lost: 0.101, li_recovered:  8.678, time: 0.008305168999868329
L: 0.50, u_super: 0.00712, sec: 402.091, prod: 0.160929, t_ads: 27.5, t_des: 24.9, bed_util_ads: 0.499, bed_util_des: 0.499, des_th: 0.49874437305044134,frac_lost: 0.108, li_recovered:  8.435, time: 0.005969415000436129
L: 0.50, u_super: 0.00843, sec: 482.947, prod: 0.190739, t_ads: 23.2, t_des: 20.8, bed_util_ads: 0.500, bed_util_des: 0.500, des_th: 0.4997908043439743,frac_lost: 0.106, li_recovered:  8.388, time: 0.004930652999973972
L: 0.50, u_super: 0.00614, sec: 342.107, prod: 0.138798, t_ads: 31.6, t_des: 28.3, bed_util_ads: 0.500, bed_util_des: 0.499, des_th: 0.49940745707710504,frac_lost: 0.102, li_recovered:  8.317, time: 0.005774006000137888
L: 0.50, u_super: 0.00437, sec: 238.681, prod: 0.098333, t_ads: 44.5, t_des: 40.2, bed_util_ads: 0.498, bed_util_des: 0.498, des_th: 0.49826367379851727,frac_lost: 0.105, li_recovered:  8.330, time: 0.0064462529990123585
L: 0.50, u_super: 0.00717, sec: 403.426, prod: 0.162391, t_ads: 27.1, t_des: 24.5, bed_util_ads: 0.499, bed_util_des: 0.499, des_th: 0.4987189972255394,frac_lost: 0.101, li_recovered:  8.370, time: 0.004982582999218721
L: 0.50, u_super: 0.00962, sec: 6630.377, prod: 0.018385, t_ads: 20.3, t_des: 457.3, bed_util_ads: 0.167, bed_util_des: 0.164, des_th: 0.16373078409848593,frac_lost: 0.101, li_recovered:  8.780, time: 0.05353505899984157
L: 0.50, u_super: 0.00086 — INFEASIBLE (li_recovered=0.000e+00), time: 0.0028350409993436188
L: 12.69, u_super: 0.00102 — INFEASIBLE (li_recovered=0.000e+00), time: 0.0014533349985867972
L: 0.50, u_super: 0.00005 — INFEASIBLE (li_recovered=0.000e+00), time: 0.001192399999126792
L: 0.50, u_super: 0.00237, sec: 132.714, prod: 0.050791, t_ads: 81.1, t_des: 86.3, bed_util_ads: 0.473, bed_util_des: 0.472, des_th: 0.47210816120702886,frac_lost: 0.102, li_recovered:  8.504, time: 0.005795180999484728
L: 0.50, u_super: 0.00604, sec: 371.207, prod: 0.123680, t_ads: 32.4, t_des: 37.8, bed_util_ads: 0.466, bed_util_des: 0.466, des_th: 0.46574236259285484,frac_lost: 0.107, li_recovered:  8.684, time: 0.006028801999491407
   536 |    21440 |     40 |  0.0009567751 |             f
L: 0.50, u_super: 0.00871, sec: 508.373, prod: 0.194204, t_ads: 22.5, t_des: 22.0, bed_util_ads: 0.490, bed_util_des: 0.489, des_th: 0.48942356513814034,frac_lost: 0.108, li_recovered:  8.652, time: 0.005925399000261677
L: 0.50, u_super: 0.00538, sec: 296.691, prod: 0.121606, t_ads: 36.0, t_des: 32.3, bed_util_ads: 0.499, bed_util_des: 0.499, des_th: 0.49905251885251944,frac_lost: 0.100, li_recovered:  8.304, time: 0.005908393000936485
L: 0.50, u_super: 0.00900, sec: 597.917, prod: 0.176788, t_ads: 21.7, t_des: 27.6, bed_util_ads: 0.457, bed_util_des: 0.457, des_th: 0.4565541455695712,frac_lost: 0.104, li_recovered:  8.715, time: 0.006355302000883967
L: 43.29, u_super: 0.00773 — INFEASIBLE (li_recovered=0.000e+00), time: 0.0013018789995840052
L: 0.50, u_super: 0.00266, sec: 143.338, prod: 0.059354, t_ads: 72.6, t_des: 65.2, bed_util_ads: 0.496, bed_util_des: 0.496, des_th: 0.49584632806634643,frac_lost: 0.104, li_recovered:  8.174, time: 0.004781720999744721
L: 10.50, u_super: 0.00703 — INFEASIBLE (li_recovered=0.000e+00), time: 0.003154496998831746
L: 4.56, u_super: 0.00809 — INFEASIBLE (li_recovered=0.000e+00), time: 0.0029520549996959744
L: 0.50, u_super: 0.00077 — INFEASIBLE (li_recovered=0.000e+00), time: 0.0037330800005292986
L: 0.50, u_super: 0.00969, sec: 563.410, prod: 0.219852, t_ads: 20.1, t_des: 18.3, bed_util_ads: 0.499, bed_util_des: 0.499, des_th: 0.4987189972255394,frac_lost: 0.105, li_recovered:  8.446, time: 0.005451472999993712
L: 0.50, u_super: 0.00317, sec: 188.036, prod: 0.064822, t_ads: 61.3, t_des: 71.3, bed_util_ads: 0.465, bed_util_des: 0.464, des_th: 0.4635863080732214,frac_lost: 0.107, li_recovered:  8.597, time: 0.005028847999710706
L: 0.50, u_super: 0.00386, sec: 232.987, prod: 0.078219, t_ads: 50.3, t_des: 60.0, bed_util_ads: 0.462, bed_util_des: 0.461, des_th: 0.46109787710788797,frac_lost: 0.105, li_recovered:  8.628, time: 0.005871593000847497
L: 0.50, u_super: 0.00413, sec: 225.365, prod: 0.092723, t_ads: 47.1, t_des: 42.1, bed_util_ads: 0.498, bed_util_des: 0.498, des_th: 0.49826579932653997,frac_lost: 0.106, li_recovered:  8.269, time: 0.0054976439987513
L: 0.50, u_super: 0.00500, sec: 2166.185, prod: 0.014303, t_ads: 39.2, t_des: 574.7, bed_util_ads: 0.197, bed_util_des: 0.192, des_th: 0.19194970787012072,frac_lost: 0.103, li_recovered:  8.781, time: 0.040519827998650726
L: 0.50, u_super: 0.00264, sec: 154.369, prod: 0.054383, t_ads: 73.0, t_des: 84.3, bed_util_ads: 0.464, bed_util_des: 0.463, des_th: 0.4627896819229138,frac_lost: 0.102, li_recovered:  8.551, time: 0.00630434099912236
L: 0.50, u_super: 0.00546, sec: 315.706, prod: 0.117745, t_ads: 35.5, t_des: 38.0, bed_util_ads: 0.478, bed_util_des: 0.477, des_th: 0.47713568908106574,frac_lost: 0.101, li_recovered:  8.654, time: 0.004961689999618102
L: 0.50, u_super: 0.00849, sec: 621.799, prod: 0.150620, t_ads: 22.9, t_des: 34.9, bed_util_ads: 0.434, bed_util_des: 0.433, des_th: 0.43302971708281435,frac_lost: 0.102, li_recovered:  8.716, time: 0.007978069999808213
L: 11.07, u_super: 0.00535 — INFEASIBLE (li_recovered=0.000e+00), time: 0.0019940929996664636
L: 0.50, u_super: 0.00864, sec: 496.810, prod: 0.195175, t_ads: 22.7, t_des: 21.0, bed_util_ads: 0.496, bed_util_des: 0.496, des_th: 0.4956546320579523,frac_lost: 0.107, li_recovered:  8.530, time: 0.005777918000603677
L: 0.50, u_super: 0.00809, sec: 516.394, prod: 0.163797, t_ads: 24.1, t_des: 29.0, bed_util_ads: 0.463, bed_util_des: 0.462, des_th: 0.4624766907678241,frac_lost: 0.105, li_recovered:  8.706, time: 0.006288611000854871
L: 0.50, u_super: 0.00654, sec: 365.790, prod: 0.147979, t_ads: 29.7, t_des: 27.4, bed_util_ads: 0.496, bed_util_des: 0.496, des_th: 0.4956546320579523,frac_lost: 0.103, li_recovered:  8.461, time: 0.006116937000115286
L: 0.50, u_super: 0.00585, sec: 390.958, prod: 0.109938, t_ads: 33.4, t_des: 45.6, bed_util_ads: 0.446, bed_util_des: 0.446, des_th: 0.4455198367184152,frac_lost: 0.107, li_recovered:  8.690, time: 0.00718262199916353
L: 0.50, u_super: 0.00845, sec: 484.441, prod: 0.191178, t_ads: 23.2, t_des: 20.7, bed_util_ads: 0.500, bed_util_des: 0.500, des_th: 0.4998210296802417,frac_lost: 0.107, li_recovered:  8.392, time: 0.00515929699940898
L: 0.50, u_super: 0.00291, sec: 156.903, prod: 0.065189, t_ads: 66.1, t_des: 59.6, bed_util_ads: 0.496, bed_util_des: 0.496, des_th: 0.49607394573391544,frac_lost: 0.102, li_recovered:  8.200, time: 0.006378540998412063
L: 0.50, u_super: 0.00374, sec: 203.585, prod: 0.083839, t_ads: 52.0, t_des: 48.8, bed_util_ads: 0.493, bed_util_des: 0.493, des_th: 0.49257365970003497,frac_lost: 0.106, li_recovered:  8.445, time: 0.006392876999598229
L: 0.50, u_super: 0.00216, sec: 116.687, prod: 0.047695, t_ads: 89.5, t_des: 78.8, bed_util_ads: 0.497, bed_util_des: 0.497, des_th: 0.49653412451555573,frac_lost: 0.108, li_recovered:  8.027, time: 0.005422009000540129
L: 5.34, u_super: 0.00426 — INFEASIBLE (li_recovered=0.000e+00), time: 0.0027713679992302787
L: 0.50, u_super: 0.00005, sec: 4.332, prod: 0.000668, t_ads: 3399.4, t_des: 5772.9, bed_util_ads: 0.251, bed_util_des: 0.185, des_th: 0.1851696623157332,frac_lost: 0.100, li_recovered:  6.129, time: 0.006210489000295638
L: 0.50, u_super: 0.00990, sec: 619.254, prod: 0.209116, t_ads: 19.7, t_des: 22.0, bed_util_ads: 0.473, bed_util_des: 0.473, des_th: 0.47308079087381466,frac_lost: 0.103, li_recovered:  8.713, time: 0.005767096999989008
L: 0.50, u_super: 0.00717, sec: 403.583, prod: 0.162535, t_ads: 27.1, t_des: 24.5, bed_util_ads: 0.499, bed_util_des: 0.499, des_th: 0.49889035741053683,frac_lost: 0.101, li_recovered:  8.375, time: 0.005294030999721144
L: 0.50, u_super: 0.00160, sec: 89.224, prod: 0.034036, t_ads: 119.2, t_des: 126.9, bed_util_ads: 0.470, bed_util_des: 0.468, des_th: 0.4684296524911474,frac_lost: 0.101, li_recovered:  8.377, time: 0.006809218999478617
L: 0.50, u_super: 0.00134, sec: 73.533, prod: 0.029006, t_ads: 140.8, t_des: 121.7, bed_util_ads: 0.494, bed_util_des: 0.493, des_th: 0.49328143581037875,frac_lost: 0.101, li_recovered:  7.615, time: 0.005614726998828701
L: 19.01, u_super: 0.00985 — INFEASIBLE (li_recovered=0.000e+00), time: 0.003199042001142516
L: 0.50, u_super: 0.00029 — INFEASIBLE (li_recovered=0.000e+00), time: 0.0029675019995920593
L: 0.50, u_super: 0.00218, sec: 117.153, prod: 0.048345, t_ads: 88.7, t_des: 81.0, bed_util_ads: 0.493, bed_util_des: 0.493, des_th: 0.4927904701640063,frac_lost: 0.107, li_recovered:  8.207, time: 0.005801310999231646
L: 0.50, u_super: 0.00934, sec: 541.101, prod: 0.211567, t_ads: 20.9, t_des: 18.8, bed_util_ads: 0.500, bed_util_des: 0.500, des_th: 0.49993896675350763,frac_lost: 0.106, li_recovered:  8.411, time: 0.0054358119996322785
L: 0.50, u_super: 0.00580, sec: 321.723, prod: 0.131103, t_ads: 33.4, t_des: 30.0, bed_util_ads: 0.500, bed_util_des: 0.500, des_th: 0.49982940323987735,frac_lost: 0.102, li_recovered:  8.316, time: 0.005248868001217488
L: 0.50, u_super: 0.00010 — INFEASIBLE (li_recovered=0.000e+00), time: 0.0024576389987487346
L: 0.50, u_super: 0.00612, sec: 340.446, prod: 0.138420, t_ads: 31.7, t_des: 28.4, bed_util_ads: 0.499, bed_util_des: 0.499, des_th: 0.49905183183838236,frac_lost: 0.101, li_recovered:  8.316, time: 0.005302714998833835
L: 0.50, u_super: 0.00901, sec: 519.995, prod: 0.204123, t_ads: 21.7, t_des: 19.4, bed_util_ads: 0.500, bed_util_des: 0.500, des_th: 0.499984450410093,frac_lost: 0.106, li_recovered:  8.392, time: 0.005678284000168787
L: 56.90, u_super: 0.00990 — INFEASIBLE (li_recovered=0.000e+00), time: 0.0016028169993660413
   537 |    21480 |     40 |  0.0032622374 |             f
L: 59.99, u_super: 0.00900 — INFEASIBLE (li_recovered=0.000e+00), time: 0.001390290999552235
L: 0.50, u_super: 0.00077, sec: 53.117, prod: 0.013154, t_ads: 245.5, t_des: 377.6, bed_util_ads: 0.412, bed_util_des: 0.404, des_th: 0.40405581176229044,frac_lost: 0.104, li_recovered:  8.195, time: 0.007580967001558747
L: 0.50, u_super: 0.00388, sec: 211.195, prod: 0.087000, t_ads: 50.1, t_des: 47.0, bed_util_ads: 0.492, bed_util_des: 0.492, des_th: 0.4916445209265817,frac_lost: 0.105, li_recovered:  8.445, time: 0.006730818000505678
L: 0.50, u_super: 0.00809, sec: 476.582, prod: 0.177299, t_ads: 24.2, t_des: 24.8, bed_util_ads: 0.483, bed_util_des: 0.483, des_th: 0.48272565905455467,frac_lost: 0.107, li_recovered:  8.684, time: 0.005084295999040478
L: 6.11, u_super: 0.00454 — INFEASIBLE (li_recovered=0.000e+00), time: 0.002544132999901194
L: 0.50, u_super: 0.00114, sec: 62.507, prod: 0.024317, t_ads: 166.6, t_des: 144.4, bed_util_ads: 0.491, bed_util_des: 0.491, des_th: 0.4906398015872461,frac_lost: 0.105, li_recovered:  7.562, time: 0.005347783999241074
L: 0.50, u_super: 0.00312, sec: 169.349, prod: 0.069669, t_ads: 61.8, t_des: 54.2, bed_util_ads: 0.500, bed_util_des: 0.500, des_th: 0.49998526508018587,frac_lost: 0.103, li_recovered:  8.085, time: 0.005220478000410367
L: 0.50, u_super: 0.00960, sec: 557.447, prod: 0.217813, t_ads: 20.3, t_des: 18.2, bed_util_ads: 0.500, bed_util_des: 0.500, des_th: 0.4998295454781799,frac_lost: 0.104, li_recovered:  8.396, time: 0.005167878000065684
L: 0.50, u_super: 0.00747, sec: 421.900, prod: 0.169209, t_ads: 26.0, t_des: 23.6, bed_util_ads: 0.498, bed_util_des: 0.498, des_th: 0.49815764104146404,frac_lost: 0.102, li_recovered:  8.394, time: 0.005087923998871702
L: 0.50, u_super: 0.00134, sec: 73.533, prod: 0.029006, t_ads: 140.8, t_des: 121.7, bed_util_ads: 0.494, bed_util_des: 0.493, des_th: 0.49328143581037875,frac_lost: 0.101, li_recovered:  7.615, time: 0.004741796999951475
L: 1.48, u_super: 0.00365, sec: 624.568, prod: 0.077052, t_ads: 154.1, t_des: 127.7, bed_util_ads: 0.498, bed_util_des: 0.498, des_th: 0.4983154468432156,frac_lost: 0.105, li_recovered:  21.711, time: 0.005173538998860749
L: 10.77, u_super: 0.00116 — INFEASIBLE (li_recovered=0.000e+00), time: 0.0012010739992547315
L: 0.50, u_super: 0.00864, sec: 496.330, prod: 0.195363, t_ads: 22.7, t_des: 20.8, bed_util_ads: 0.498, bed_util_des: 0.498, des_th: 0.49826687027226113,frac_lost: 0.107, li_recovered:  8.494, time: 0.004524795000179438
L: 0.50, u_super: 0.00268, sec: 144.040, prod: 0.059863, t_ads: 72.0, t_des: 66.4, bed_util_ads: 0.493, bed_util_des: 0.493, des_th: 0.49257365970003497,frac_lost: 0.103, li_recovered:  8.284, time: 0.005594665999524295
L: 0.50, u_super: 0.00587, sec: 326.131, prod: 0.132429, t_ads: 33.0, t_des: 31.3, bed_util_ads: 0.493, bed_util_des: 0.492, des_th: 0.4923198047420583,frac_lost: 0.100, li_recovered:  8.522, time: 0.004274646998965181
L: 0.50, u_super: 0.00927, sec: 536.549, prod: 0.210042, t_ads: 21.1, t_des: 18.9, bed_util_ads: 0.500, bed_util_des: 0.500, des_th: 0.49993896675350763,frac_lost: 0.105, li_recovered:  8.394, time: 0.004721395998785738
L: 0.50, u_super: 0.00028, sec: 51.315, prod: 0.001808, t_ads: 704.9, t_des: 4127.6, bed_util_ads: 0.239, bed_util_des: 0.184, des_th: 0.18426674883810032,frac_lost: 0.104, li_recovered:  8.736, time: 0.014663830001154565
L: 0.50, u_super: 0.00534, sec: 294.934, prod: 0.120486, t_ads: 36.4, t_des: 32.6, bed_util_ads: 0.499, bed_util_des: 0.499, des_th: 0.4990563657657872,frac_lost: 0.104, li_recovered:  8.310, time: 0.004645835999326664
L: 0.50, u_super: 0.00969, sec: 563.098, prod: 0.219665, t_ads: 20.2, t_des: 18.3, bed_util_ads: 0.499, bed_util_des: 0.499, des_th: 0.49889035741053683,frac_lost: 0.105, li_recovered:  8.455, time: 0.004340311999840196
L: 0.50, u_super: 0.00101, sec: 54.988, prod: 0.021764, t_ads: 186.3, t_des: 179.2, bed_util_ads: 0.476, bed_util_des: 0.475, des_th: 0.4750754297860136,frac_lost: 0.102, li_recovered:  7.956, time: 0.0045539250004367204
L: 0.50, u_super: 0.00666, sec: 372.740, prod: 0.150695, t_ads: 29.1, t_des: 26.1, bed_util_ads: 0.499, bed_util_des: 0.499, des_th: 0.49905183183838236,frac_lost: 0.101, li_recovered:  8.327, time: 0.005325415999323013
L: 38.26, u_super: 0.00471 — INFEASIBLE (li_recovered=0.000e+00), time: 0.0015382120000140276
L: 0.50, u_super: 0.00555, sec: 307.194, prod: 0.125418, t_ads: 34.9, t_des: 32.8, bed_util_ads: 0.493, bed_util_des: 0.493, des_th: 0.4930012300033963,frac_lost: 0.100, li_recovered:  8.491, time: 0.006473007999375113
L: 0.50, u_super: 0.00041, sec: 91.170, prod: 0.002177, t_ads: 479.2, t_des: 3548.7, bed_util_ads: 0.229, bed_util_des: 0.185, des_th: 0.18502941461515288,frac_lost: 0.101, li_recovered:  8.767, time: 0.030827836999378633
L: 14.75, u_super: 0.00934 — INFEASIBLE (li_recovered=0.000e+00), time: 0.0033914870000444353
L: 0.50, u_super: 0.00368, sec: 200.126, prod: 0.082596, t_ads: 52.8, t_des: 47.2, bed_util_ads: 0.498, bed_util_des: 0.498, des_th: 0.49796727111141703,frac_lost: 0.106, li_recovered:  8.258, time: 0.007712372000241885
L: 0.50, u_super: 0.00899, sec: 518.697, prod: 0.203518, t_ads: 21.8, t_des: 19.5, bed_util_ads: 0.500, bed_util_des: 0.500, des_th: 0.4999753779667597,frac_lost: 0.106, li_recovered:  8.392, time: 0.007029827998849214
L: 0.50, u_super: 0.00220, sec: 119.901, prod: 0.048392, t_ads: 87.6, t_des: 75.1, bed_util_ads: 0.500, bed_util_des: 0.500, des_th: 0.49976922544784375,frac_lost: 0.107, li_recovered:  7.874, time: 0.006806198000049335
L: 0.50, u_super: 0.00300, sec: 162.006, prod: 0.067192, t_ads: 64.3, t_des: 57.9, bed_util_ads: 0.496, bed_util_des: 0.496, des_th: 0.49607394573391544,frac_lost: 0.103, li_recovered:  8.210, time: 0.006519450000268989
L: 0.50, u_super: 0.00901, sec: 569.282, prod: 0.186451, t_ads: 21.7, t_des: 25.1, bed_util_ads: 0.469, bed_util_des: 0.468, des_th: 0.4681881425003409,frac_lost: 0.104, li_recovered:  8.711, time: 0.005816602000777493
L: 0.50, u_super: 0.00409, sec: 236.648, prod: 0.086614, t_ads: 47.4, t_des: 52.2, bed_util_ads: 0.473, bed_util_des: 0.472, des_th: 0.4722424464931305,frac_lost: 0.103, li_recovered:  8.625, time: 0.007959882001159713
L: 0.50, u_super: 0.00373, sec: 202.600, prod: 0.083499, t_ads: 52.2, t_des: 48.9, bed_util_ads: 0.493, bed_util_des: 0.493, des_th: 0.49257365970003497,frac_lost: 0.106, li_recovered:  8.439, time: 0.0067795220002153656
L: 73.19, u_super: 0.00741 — INFEASIBLE (li_recovered=0.000e+00), time: 0.0014235199996619485
L: 0.50, u_super: 0.00587, sec: 325.920, prod: 0.132599, t_ads: 33.1, t_des: 29.6, bed_util_ads: 0.500, bed_util_des: 0.500, des_th: 0.49982940323987735,frac_lost: 0.103, li_recovered:  8.321, time: 0.008469383001283859
L: 0.50, u_super: 0.00783, sec: 450.634, prod: 0.175151, t_ads: 25.0, t_des: 24.3, bed_util_ads: 0.490, bed_util_des: 0.490, des_th: 0.49005954602545,frac_lost: 0.107, li_recovered:  8.629, time: 0.008569632000217098
L: 0.50, u_super: 0.00200, sec: 108.190, prod: 0.043826, t_ads: 95.8, t_des: 82.9, bed_util_ads: 0.498, bed_util_des: 0.498, des_th: 0.4981630203768866,frac_lost: 0.101, li_recovered:  7.832, time: 0.008386986000914476
L: 67.39, u_super: 0.00246 — INFEASIBLE (li_recovered=0.000e+00), time: 0.0012873689993284643
L: 0.50, u_super: 0.00809, sec: 462.101, prod: 0.182963, t_ads: 24.2, t_des: 21.9, bed_util_ads: 0.499, bed_util_des: 0.499, des_th: 0.4987273542656306,frac_lost: 0.108, li_recovered:  8.441, time: 0.007350546000452596
L: 13.73, u_super: 0.00440 — INFEASIBLE (li_recovered=0.000e+00), time: 0.002523773000575602
L: 0.50, u_super: 0.00969, sec: 562.945, prod: 0.219725, t_ads: 20.2, t_des: 18.3, bed_util_ads: 0.499, bed_util_des: 0.499, des_th: 0.49889035741053683,frac_lost: 0.104, li_recovered:  8.458, time: 0.007557801000075415
   538 |    21520 |     40 |  0.0026274427 |             f
L: 0.50, u_super: 0.00513, sec: 282.659, prod: 0.115727, t_ads: 37.9, t_des: 34.2, bed_util_ads: 0.498, bed_util_des: 0.498, des_th: 0.4981586523430947,frac_lost: 0.105, li_recovered:  8.348, time: 0.008413599000050453
L: 0.50, u_super: 0.00741, sec: 418.486, prod: 0.167779, t_ads: 26.2, t_des: 24.3, bed_util_ads: 0.496, bed_util_des: 0.496, des_th: 0.49605192339296184,frac_lost: 0.102, li_recovered:  8.486, time: 0.014047461001609918
L: 0.50, u_super: 0.00936, sec: 542.082, prod: 0.212172, t_ads: 20.9, t_des: 18.7, bed_util_ads: 0.500, bed_util_des: 0.500, des_th: 0.49993896675350763,frac_lost: 0.105, li_recovered:  8.399, time: 0.008502859998770873
L: 0.50, u_super: 0.00619, sec: 345.619, prod: 0.139732, t_ads: 31.4, t_des: 29.4, bed_util_ads: 0.495, bed_util_des: 0.495, des_th: 0.4950108465651302,frac_lost: 0.104, li_recovered:  8.507, time: 0.00900277600158006
L: 0.50, u_super: 0.00339, sec: 184.403, prod: 0.075784, t_ads: 57.3, t_des: 50.5, bed_util_ads: 0.500, bed_util_des: 0.499, des_th: 0.49940472862317176,frac_lost: 0.108, li_recovered:  8.172, time: 0.010202330000538495
L: 0.50, u_super: 0.00134, sec: 459.459, prod: 0.004642, t_ads: 146.7, t_des: 1747.8, bed_util_ads: 0.207, bed_util_des: 0.189, des_th: 0.18897135400268367,frac_lost: 0.105, li_recovered:  8.795, time: 0.051524219999919296
L: 0.50, u_super: 0.00475, sec: 260.342, prod: 0.107023, t_ads: 40.9, t_des: 37.3, bed_util_ads: 0.496, bed_util_des: 0.496, des_th: 0.49607478256756865,frac_lost: 0.104, li_recovered:  8.377, time: 0.009632923000026494
L: 0.50, u_super: 0.00684, sec: 384.924, prod: 0.154349, t_ads: 28.7, t_des: 26.0, bed_util_ads: 0.499, bed_util_des: 0.499, des_th: 0.49931510020276243,frac_lost: 0.109, li_recovered:  8.431, time: 0.010434219000671874
L: 0.50, u_super: 0.00225, sec: 122.099, prod: 0.049315, t_ads: 86.0, t_des: 73.7, bed_util_ads: 0.500, bed_util_des: 0.500, des_th: 0.49976922544784375,frac_lost: 0.107, li_recovered:  7.879, time: 0.00790854599836166
L: 0.50, u_super: 0.00668, sec: 373.762, prod: 0.151366, t_ads: 29.0, t_des: 26.2, bed_util_ads: 0.499, bed_util_des: 0.499, des_th: 0.49870091352700563,frac_lost: 0.100, li_recovered:  8.363, time: 0.009439384000870632
L: 0.50, u_super: 0.00264, sec: 142.429, prod: 0.058547, t_ads: 73.2, t_des: 64.3, bed_util_ads: 0.500, bed_util_des: 0.499, des_th: 0.4993141489556155,frac_lost: 0.104, li_recovered:  8.048, time: 0.011267361998761771
L: 0.50, u_super: 0.00448, sec: 245.291, prod: 0.100786, t_ads: 43.4, t_des: 38.7, bed_util_ads: 0.499, bed_util_des: 0.498, des_th: 0.49849629912850846,frac_lost: 0.105, li_recovered:  8.277, time: 0.009730864001539885
L: 0.50, u_super: 0.00989, sec: 575.807, prod: 0.224242, t_ads: 19.7, t_des: 17.8, bed_util_ads: 0.500, bed_util_des: 0.500, des_th: 0.49996991435430177,frac_lost: 0.104, li_recovered:  8.408, time: 0.009871532000033767
L: 0.50, u_super: 0.00246, sec: 132.556, prod: 0.054776, t_ads: 78.2, t_des: 69.8, bed_util_ads: 0.496, bed_util_des: 0.496, des_th: 0.49609744747553614,frac_lost: 0.103, li_recovered:  8.110, time: 0.009276721000787802
L: 0.50, u_super: 0.00843, sec: 521.103, prod: 0.176772, t_ads: 23.2, t_des: 26.1, bed_util_ads: 0.472, bed_util_des: 0.471, des_th: 0.4711611085476928,frac_lost: 0.105, li_recovered:  8.706, time: 0.01166117499997199
L: 0.50, u_super: 0.00899, sec: 747.775, prod: 0.141171, t_ads: 21.7, t_des: 40.1, bed_util_ads: 0.410, bed_util_des: 0.409, des_th: 0.40939013504007893,frac_lost: 0.102, li_recovered:  8.727, time: 0.01353137000114657
L: 0.50, u_super: 0.00729, sec: 410.841, prod: 0.165275, t_ads: 26.6, t_des: 24.1, bed_util_ads: 0.499, bed_util_des: 0.499, des_th: 0.49859631341977245,frac_lost: 0.100, li_recovered:  8.376, time: 0.00819313500142016
L: 0.50, u_super: 0.00809, sec: 461.664, prod: 0.183028, t_ads: 24.2, t_des: 21.9, bed_util_ads: 0.499, bed_util_des: 0.499, des_th: 0.4987359750794108,frac_lost: 0.107, li_recovered:  8.440, time: 0.008240654999099206
L: 0.50, u_super: 0.00246, sec: 133.335, prod: 0.054456, t_ads: 78.2, t_des: 68.0, bed_util_ads: 0.499, bed_util_des: 0.499, des_th: 0.4987493751738143,frac_lost: 0.103, li_recovered:  7.960, time: 0.009343465000711149
L: 0.50, u_super: 0.00937, sec: 542.225, prod: 0.212314, t_ads: 20.8, t_des: 18.7, bed_util_ads: 0.500, bed_util_des: 0.500, des_th: 0.4998295454781799,frac_lost: 0.104, li_recovered:  8.400, time: 0.014418341999771656
L: 0.50, u_super: 0.00771, sec: 437.028, prod: 0.174949, t_ads: 25.2, t_des: 22.8, bed_util_ads: 0.499, bed_util_des: 0.499, des_th: 0.49888916784201814,frac_lost: 0.101, li_recovered:  8.388, time: 0.01584062000074482
L: 0.50, u_super: 0.00990, sec: 576.470, prod: 0.224632, t_ads: 19.7, t_des: 17.9, bed_util_ads: 0.499, bed_util_des: 0.499, des_th: 0.4989036365040387,frac_lost: 0.104, li_recovered:  8.455, time: 0.014860069999485859
L: 94.06, u_super: 0.00005 — INFEASIBLE (li_recovered=0.000e+00), time: 0.0013038759989285609
L: 2.90, u_super: 0.00417 — INFEASIBLE (li_recovered=0.000e+00), time: 0.006615872000111267
L: 0.50, u_super: 0.00045, sec: 31.445, prod: 0.007633, t_ads: 408.5, t_des: 616.6, bed_util_ads: 0.399, bed_util_des: 0.387, des_th: 0.3868259540966492,frac_lost: 0.104, li_recovered:  7.824, time: 0.017100797998864437
L: 0.50, u_super: 0.00913, sec: 527.456, prod: 0.206707, t_ads: 21.4, t_des: 19.4, bed_util_ads: 0.500, bed_util_des: 0.500, des_th: 0.4999753779667597,frac_lost: 0.107, li_recovered:  8.451, time: 0.014394809999430436
L: 7.62, u_super: 0.00493, sec: 4950.985, prod: 0.092911, t_ads: 524.8, t_des: 508.6, bed_util_ads: 0.442, bed_util_des: 0.439, des_th: 0.43953005920791693,frac_lost: 0.100, li_recovered:  96.010, time: 0.009099721999518806
L: 0.50, u_super: 0.00681, sec: 383.082, prod: 0.153678, t_ads: 28.8, t_des: 25.8, bed_util_ads: 0.500, bed_util_des: 0.500, des_th: 0.499968394871652,frac_lost: 0.108, li_recovered:  8.381, time: 0.01529191599911428
L: 0.50, u_super: 0.00110, sec: 61.056, prod: 0.023440, t_ads: 172.1, t_des: 177.0, bed_util_ads: 0.470, bed_util_des: 0.468, des_th: 0.46760101416475547,frac_lost: 0.105, li_recovered:  8.182, time: 0.011087715000030585
L: 102.94, u_super: 0.00927 — INFEASIBLE (li_recovered=0.000e+00), time: 0.0026806280002347194
L: 0.50, u_super: 0.00864, sec: 496.500, prod: 0.195296, t_ads: 22.6, t_des: 21.0, bed_util_ads: 0.496, bed_util_des: 0.496, des_th: 0.4963179062360011,frac_lost: 0.106, li_recovered:  8.531, time: 0.010251935000269441
L: 0.50, u_super: 0.00005, sec: 4.371, prod: 0.000662, t_ads: 3609.0, t_des: 6814.6, bed_util_ads: 0.246, bed_util_des: 0.167, des_th: 0.16707661763874487,frac_lost: 0.101, li_recovered:  6.904, time: 0.009697302999484236
L: 0.50, u_super: 0.00654, sec: 367.120, prod: 0.147442, t_ads: 29.9, t_des: 27.8, bed_util_ads: 0.496, bed_util_des: 0.496, des_th: 0.4956311303163316,frac_lost: 0.107, li_recovered:  8.511, time: 0.00960163099989586
L: 0.50, u_super: 0.00513, sec: 283.039, prod: 0.115571, t_ads: 37.8, t_des: 33.5, bed_util_ads: 0.500, bed_util_des: 0.500, des_th: 0.4999792695333668,frac_lost: 0.103, li_recovered:  8.241, time: 0.008591638999860152
L: 0.50, u_super: 0.00033 — INFEASIBLE (li_recovered=0.000e+00), time: 0.004599865000272985
L: 0.50, u_super: 0.00438, sec: 239.492, prod: 0.098456, t_ads: 44.4, t_des: 39.6, bed_util_ads: 0.499, bed_util_des: 0.499, des_th: 0.49869919723322786,frac_lost: 0.105, li_recovered:  8.275, time: 0.01038993899965135
L: 20.74, u_super: 0.00816 — INFEASIBLE (li_recovered=0.000e+00), time: 0.0030284190015663626
L: 0.50, u_super: 0.00080, sec: 44.638, prod: 0.016904, t_ads: 233.9, t_des: 235.4, bed_util_ads: 0.467, bed_util_des: 0.464, des_th: 0.46453217355742404,frac_lost: 0.106, li_recovered:  7.932, time: 0.011545796998689184
L: 0.50, u_super: 0.00339, sec: 188.171, prod: 0.074267, t_ads: 57.4, t_des: 58.0, bed_util_ads: 0.483, bed_util_des: 0.482, des_th: 0.48187805440224124,frac_lost: 0.107, li_recovered:  8.565, time: 0.019924644999264274
L: 0.50, u_super: 0.00055, sec: 160.262, prod: 0.002170, t_ads: 364.9, t_des: 3711.1, bed_util_ads: 0.208, bed_util_des: 0.170, des_th: 0.17020465660444606,frac_lost: 0.104, li_recovered:  8.844, time: 0.1421760200009885
   539 |    21560 |     40 |  0.0034186870 |             f
L: 0.50, u_super: 0.00195, sec: 104.897, prod: 0.043076, t_ads: 98.3, t_des: 94.6, bed_util_ads: 0.484, bed_util_des: 0.484, des_th: 0.4835581275185935,frac_lost: 0.102, li_recovered:  8.308, time: 0.011855867000122089
L: 2.69, u_super: 0.00617 — INFEASIBLE (li_recovered=0.000e+00), time: 0.009582270000464632
L: 0.50, u_super: 0.00134, sec: 73.196, prod: 0.029140, t_ads: 140.8, t_des: 123.3, bed_util_ads: 0.493, bed_util_des: 0.493, des_th: 0.49272371026124456,frac_lost: 0.101, li_recovered:  7.698, time: 0.014652601999841863
L: 24.25, u_super: 0.00153 — INFEASIBLE (li_recovered=0.000e+00), time: 0.002285749998918618
L: 0.50, u_super: 0.00619, sec: 344.936, prod: 0.140009, t_ads: 31.3, t_des: 28.0, bed_util_ads: 0.500, bed_util_des: 0.500, des_th: 0.49966693783962807,frac_lost: 0.101, li_recovered:  8.310, time: 0.011396162000892218
L: 0.50, u_super: 0.00263, sec: 142.679, prod: 0.058320, t_ads: 73.2, t_des: 63.5, bed_util_ads: 0.500, bed_util_des: 0.499, des_th: 0.4993141489556155,frac_lost: 0.103, li_recovered:  7.976, time: 0.0127406659994449
L: 0.50, u_super: 0.00987, sec: 577.566, prod: 0.222771, t_ads: 19.8, t_des: 18.8, bed_util_ads: 0.493, bed_util_des: 0.493, des_th: 0.4930012300033963,frac_lost: 0.104, li_recovered:  8.598, time: 0.012270799999896553
L: 0.50, u_super: 0.00122, sec: 67.344, prod: 0.025904, t_ads: 155.9, t_des: 162.1, bed_util_ads: 0.469, bed_util_des: 0.468, des_th: 0.46760101416475547,frac_lost: 0.102, li_recovered:  8.237, time: 0.011146020000524004
L: 0.50, u_super: 0.00368, sec: 200.146, prod: 0.082587, t_ads: 52.8, t_des: 48.9, bed_util_ads: 0.493, bed_util_des: 0.493, des_th: 0.4928748755472016,frac_lost: 0.107, li_recovered:  8.402, time: 0.012204082000607741
L: 0.50, u_super: 0.00864, sec: 496.330, prod: 0.195363, t_ads: 22.7, t_des: 20.8, bed_util_ads: 0.498, bed_util_des: 0.498, des_th: 0.49826687027226113,frac_lost: 0.107, li_recovered:  8.494, time: 0.011880871001267224
L: 0.50, u_super: 0.00829, sec: 475.798, prod: 0.186935, t_ads: 23.6, t_des: 22.1, bed_util_ads: 0.495, bed_util_des: 0.494, des_th: 0.49446194908285374,frac_lost: 0.108, li_recovered:  8.556, time: 0.01255213799959165
L: 0.50, u_super: 0.00305, sec: 164.557, prod: 0.068164, t_ads: 63.2, t_des: 56.3, bed_util_ads: 0.498, bed_util_des: 0.498, des_th: 0.49797654275612224,frac_lost: 0.101, li_recovered:  8.148, time: 0.019145165000736597
L: 0.50, u_super: 0.00196, sec: 106.464, prod: 0.042776, t_ads: 98.5, t_des: 84.4, bed_util_ads: 0.499, bed_util_des: 0.499, des_th: 0.4987845822933599,frac_lost: 0.107, li_recovered:  7.824, time: 0.014415618001294206
L: 0.50, u_super: 0.00837, sec: 479.511, prod: 0.189421, t_ads: 23.4, t_des: 21.2, bed_util_ads: 0.500, bed_util_des: 0.500, des_th: 0.4997908043439743,frac_lost: 0.107, li_recovered:  8.449, time: 0.015035051999802818
L: 0.50, u_super: 0.00990, sec: 652.870, prod: 0.198345, t_ads: 19.7, t_des: 24.2, bed_util_ads: 0.461, bed_util_des: 0.461, des_th: 0.4610730108868568,frac_lost: 0.104, li_recovered:  8.719, time: 0.012214542999572586
L: 0.50, u_super: 0.00960, sec: 557.483, prod: 0.217799, t_ads: 20.3, t_des: 18.5, bed_util_ads: 0.500, bed_util_des: 0.500, des_th: 0.4995402651423428,frac_lost: 0.105, li_recovered:  8.446, time: 0.011184076000063214
L: 0.50, u_super: 0.00170, sec: 91.689, prod: 0.037499, t_ads: 112.1, t_des: 100.6, bed_util_ads: 0.493, bed_util_des: 0.493, des_th: 0.49261329721594693,frac_lost: 0.102, li_recovered:  7.976, time: 0.011016256999937468
L: 0.50, u_super: 0.00159, sec: 86.085, prod: 0.034831, t_ads: 120.3, t_des: 106.4, bed_util_ads: 0.494, bed_util_des: 0.494, des_th: 0.493943441008793,frac_lost: 0.106, li_recovered:  7.897, time: 0.009551653000016813
L: 0.50, u_super: 0.00337, sec: 183.193, prod: 0.075276, t_ads: 57.8, t_des: 51.1, bed_util_ads: 0.500, bed_util_des: 0.500, des_th: 0.49969895945329923,frac_lost: 0.109, li_recovered:  8.195, time: 0.009645304000514443
L: 0.50, u_super: 0.00449, sec: 245.743, prod: 0.101121, t_ads: 43.3, t_des: 39.1, bed_util_ads: 0.499, bed_util_des: 0.498, des_th: 0.4983154468432156,frac_lost: 0.105, li_recovered:  8.336, time: 0.0087117599996418
L: 0.50, u_super: 0.00313, sec: 168.999, prod: 0.070158, t_ads: 61.6, t_des: 55.4, bed_util_ads: 0.496, bed_util_des: 0.496, des_th: 0.49607394573391544,frac_lost: 0.102, li_recovered:  8.211, time: 0.009781491000467213
L: 0.50, u_super: 0.00785, sec: 446.890, prod: 0.177301, t_ads: 25.0, t_des: 22.6, bed_util_ads: 0.500, bed_util_des: 0.500, des_th: 0.49965885326750875,frac_lost: 0.109, li_recovered:  8.441, time: 0.009502289000010933
L: 0.50, u_super: 0.00312, sec: 169.161, prod: 0.069572, t_ads: 61.9, t_des: 54.3, bed_util_ads: 0.500, bed_util_des: 0.499, des_th: 0.49943089582706857,frac_lost: 0.103, li_recovered:  8.087, time: 0.010293080998962978
L: 0.50, u_super: 0.00685, sec: 385.594, prod: 0.154412, t_ads: 28.6, t_des: 26.6, bed_util_ads: 0.496, bed_util_des: 0.496, des_th: 0.49607394573391544,frac_lost: 0.107, li_recovered:  8.514, time: 0.009712953999041929
L: 0.50, u_super: 0.00809, sec: 461.816, prod: 0.182968, t_ads: 24.2, t_des: 21.9, bed_util_ads: 0.499, bed_util_des: 0.499, des_th: 0.4989137800207553,frac_lost: 0.107, li_recovered:  8.445, time: 0.011864472000524984
L: 0.50, u_super: 0.00729, sec: 433.878, prod: 0.156624, t_ads: 26.8, t_des: 28.7, bed_util_ads: 0.478, bed_util_des: 0.477, des_th: 0.4773035585976667,frac_lost: 0.106, li_recovered:  8.690, time: 0.01040967799963255
L: 0.50, u_super: 0.00543, sec: 299.835, prod: 0.122406, t_ads: 35.8, t_des: 32.0, bed_util_ads: 0.500, bed_util_des: 0.500, des_th: 0.4996409501165035,frac_lost: 0.103, li_recovered:  8.305, time: 0.010342282001147396
L: 65.98, u_super: 0.00832 — INFEASIBLE (li_recovered=0.000e+00), time: 0.0030204220001905924
L: 0.50, u_super: 0.00165, sec: 90.167, prod: 0.035848, t_ads: 115.8, t_des: 98.9, bed_util_ads: 0.498, bed_util_des: 0.498, des_th: 0.4977112091165225,frac_lost: 0.104, li_recovered:  7.697, time: 0.00862529000005452
L: 0.50, u_super: 0.00005, sec: 4.335, prod: 0.000668, t_ads: 3362.1, t_des: 5570.6, bed_util_ads: 0.254, bed_util_des: 0.190, des_th: 0.19082106600987378,frac_lost: 0.102, li_recovered:  5.965, time: 0.010635488000843907
L: 0.50, u_super: 0.00413, sec: 243.120, prod: 0.085951, t_ads: 47.1, t_des: 53.4, bed_util_ads: 0.469, bed_util_des: 0.469, des_th: 0.4686709914049927,frac_lost: 0.104, li_recovered:  8.633, time: 0.010539058999711415
L: 58.23, u_super: 0.00376 — INFEASIBLE (li_recovered=0.000e+00), time: 0.0017965779989026487
L: 0.50, u_super: 0.00510, sec: 280.620, prod: 0.115120, t_ads: 38.1, t_des: 34.4, bed_util_ads: 0.498, bed_util_des: 0.498, des_th: 0.4981514035724692,frac_lost: 0.103, li_recovered:  8.345, time: 0.010261039999022614
L: 0.50, u_super: 0.00617, sec: 343.705, prod: 0.139545, t_ads: 31.5, t_des: 28.4, bed_util_ads: 0.499, bed_util_des: 0.499, des_th: 0.49905183183838236,frac_lost: 0.103, li_recovered:  8.360, time: 0.010871537000639364
L: 30.22, u_super: 0.00312 — INFEASIBLE (li_recovered=0.000e+00), time: 0.0019201600007363595
L: 4.46, u_super: 0.00264 — INFEASIBLE (li_recovered=0.000e+00), time: 0.006562046999533777
L: 0.50, u_super: 0.00551, sec: 305.249, prod: 0.124383, t_ads: 35.2, t_des: 33.0, bed_util_ads: 0.493, bed_util_des: 0.493, des_th: 0.493006755245626,frac_lost: 0.103, li_recovered:  8.489, time: 0.009901462999550859
L: 0.50, u_super: 0.00605, sec: 363.470, prod: 0.126717, t_ads: 32.1, t_des: 36.4, bed_util_ads: 0.470, bed_util_des: 0.469, des_th: 0.46930705742985723,frac_lost: 0.102, li_recovered:  8.674, time: 0.010906088999036001
L: 0.50, u_super: 0.00725, sec: 425.678, prod: 0.157812, t_ads: 27.0, t_des: 28.0, bed_util_ads: 0.482, bed_util_des: 0.482, des_th: 0.4820696365650531,frac_lost: 0.108, li_recovered:  8.683, time: 0.010867738999877474
L: 0.50, u_super: 0.00005, sec: 4.326, prod: 0.000669, t_ads: 3445.8, t_des: 5862.2, bed_util_ads: 0.253, bed_util_des: 0.185, des_th: 0.1851696623157332,frac_lost: 0.103, li_recovered:  6.229, time: 0.011225369000385399
   540 |    21600 |     40 |  0.0012941058 |             f
L: 37.10, u_super: 0.00007 — INFEASIBLE (li_recovered=0.000e+00), time: 0.0016348290009773336
L: 44.81, u_super: 0.00591 — INFEASIBLE (li_recovered=0.000e+00), time: 0.01176566100002674
L: 31.72, u_super: 0.00368 — INFEASIBLE (li_recovered=0.000e+00), time: 0.002104208999298862
L: 0.50, u_super: 0.00416, sec: 248.439, prod: 0.085412, t_ads: 46.6, t_des: 54.4, bed_util_ads: 0.465, bed_util_des: 0.464, des_th: 0.4641192975614438,frac_lost: 0.103, li_recovered:  8.634, time: 0.012960670999746071
L: 0.50, u_super: 0.00654, sec: 367.233, prod: 0.147397, t_ads: 29.9, t_des: 27.8, bed_util_ads: 0.496, bed_util_des: 0.496, des_th: 0.4956332740629337,frac_lost: 0.108, li_recovered:  8.508, time: 0.010810832998686237
L: 0.50, u_super: 0.00071 — INFEASIBLE (li_recovered=0.000e+00), time: 0.005482798998855287
L: 0.50, u_super: 0.00471, sec: 258.315, prod: 0.106055, t_ads: 41.2, t_des: 36.9, bed_util_ads: 0.499, bed_util_des: 0.498, des_th: 0.498331236472264,frac_lost: 0.104, li_recovered:  8.282, time: 0.013358214000618318
L: 0.50, u_super: 0.00990, sec: 576.015, prod: 0.224810, t_ads: 19.7, t_des: 17.9, bed_util_ads: 0.500, bed_util_des: 0.499, des_th: 0.49941800771673645,frac_lost: 0.102, li_recovered:  8.443, time: 0.011942385999645921
L: 10.89, u_super: 0.00513 — INFEASIBLE (li_recovered=0.000e+00), time: 0.003777656000238494
L: 0.50, u_super: 0.00899, sec: 518.697, prod: 0.203518, t_ads: 21.8, t_des: 19.5, bed_util_ads: 0.500, bed_util_des: 0.500, des_th: 0.4999753779667597,frac_lost: 0.106, li_recovered:  8.392, time: 0.009288789999118308
L: 0.50, u_super: 0.00094, sec: 53.005, prod: 0.019596, t_ads: 199.3, t_des: 166.9, bed_util_ads: 0.493, bed_util_des: 0.493, des_th: 0.49272371026124456,frac_lost: 0.105, li_recovered:  7.176, time: 0.012455543999749352
L: 0.50, u_super: 0.00902, sec: 520.439, prod: 0.204380, t_ads: 21.7, t_des: 19.6, bed_util_ads: 0.500, bed_util_des: 0.500, des_th: 0.4998295454781799,frac_lost: 0.106, li_recovered:  8.443, time: 0.00919894800063048
L: 0.50, u_super: 0.00990, sec: 577.454, prod: 0.224249, t_ads: 19.8, t_des: 17.7, bed_util_ads: 0.500, bed_util_des: 0.500, des_th: 0.49987725543902345,frac_lost: 0.107, li_recovered:  8.414, time: 0.013625093999507953
L: 0.50, u_super: 0.00513, sec: 282.203, prod: 0.115913, t_ads: 37.8, t_des: 34.3, bed_util_ads: 0.498, bed_util_des: 0.498, des_th: 0.4981514035724692,frac_lost: 0.102, li_recovered:  8.351, time: 0.009774696000022232
L: 0.50, u_super: 0.00264, sec: 142.901, prod: 0.058354, t_ads: 73.2, t_des: 63.5, bed_util_ads: 0.500, bed_util_des: 0.500, des_th: 0.49980170711723193,frac_lost: 0.104, li_recovered:  7.975, time: 0.010992729999998119
L: 0.50, u_super: 0.00368, sec: 200.151, prod: 0.082585, t_ads: 52.8, t_des: 47.2, bed_util_ads: 0.498, bed_util_des: 0.498, des_th: 0.49815036453713885,frac_lost: 0.106, li_recovered:  8.251, time: 0.008443513999736751
L: 0.50, u_super: 0.00289, sec: 155.434, prod: 0.064638, t_ads: 66.6, t_des: 60.1, bed_util_ads: 0.496, bed_util_des: 0.496, des_th: 0.49607394573391544,frac_lost: 0.100, li_recovered:  8.191, time: 0.00899843399929523
L: 0.50, u_super: 0.00688, sec: 621.835, prod: 0.096630, t_ads: 28.4, t_des: 61.9, bed_util_ads: 0.390, bed_util_des: 0.389, des_th: 0.38887216144732073,frac_lost: 0.104, li_recovered:  8.722, time: 0.01317017799919995
L: 0.50, u_super: 0.00663, sec: 3249.547, prod: 0.017156, t_ads: 29.4, t_des: 482.2, bed_util_ads: 0.189, bed_util_des: 0.185, des_th: 0.1851696623157332,frac_lost: 0.100, li_recovered:  8.777, time: 0.06912166500114836
L: 0.50, u_super: 0.00108, sec: 301.292, prod: 0.004510, t_ads: 183.4, t_des: 1762.8, bed_util_ads: 0.222, bed_util_des: 0.202, des_th: 0.2017593838593406,frac_lost: 0.105, li_recovered:  8.777, time: 0.03845815800013952
L: 0.50, u_super: 0.00134 — INFEASIBLE (li_recovered=0.000e+00), time: 0.004142771998886019
L: 0.50, u_super: 0.00176, sec: 96.605, prod: 0.038141, t_ads: 108.5, t_des: 91.4, bed_util_ads: 0.500, bed_util_des: 0.500, des_th: 0.49976922544784375,frac_lost: 0.103, li_recovered:  7.622, time: 0.009075074000065797
L: 25.68, u_super: 0.00695 — INFEASIBLE (li_recovered=0.000e+00), time: 0.0019618530004663626
L: 0.50, u_super: 0.00877, sec: 504.808, prod: 0.198301, t_ads: 22.4, t_des: 20.3, bed_util_ads: 0.499, bed_util_des: 0.499, des_th: 0.49876097258591756,frac_lost: 0.108, li_recovered:  8.461, time: 0.008265313999800128
L: 22.38, u_super: 0.00876, sec: 30400.284, prod: 0.146957, t_ads: 787.4, t_des: 864.4, bed_util_ads: 0.395, bed_util_des: 0.389, des_th: 0.3898215614465925,frac_lost: 0.101, li_recovered:  242.738, time: 0.005644715000016731
L: 0.50, u_super: 0.00747, sec: 423.161, prod: 0.168788, t_ads: 26.2, t_des: 23.7, bed_util_ads: 0.499, bed_util_des: 0.499, des_th: 0.498580523790724,frac_lost: 0.107, li_recovered:  8.433, time: 0.006596971999897505
L: 0.50, u_super: 0.00307, sec: 166.040, prod: 0.068690, t_ads: 62.8, t_des: 55.8, bed_util_ads: 0.498, bed_util_des: 0.498, des_th: 0.49772929269269617,frac_lost: 0.102, li_recovered:  8.141, time: 0.007227785999930347
L: 0.50, u_super: 0.00227, sec: 122.995, prod: 0.050075, t_ads: 85.0, t_des: 83.0, bed_util_ads: 0.484, bed_util_des: 0.484, des_th: 0.4835581275185935,frac_lost: 0.105, li_recovered:  8.410, time: 0.0060467260009318125
L: 0.50, u_super: 0.00835, sec: 478.022, prod: 0.189133, t_ads: 23.4, t_des: 21.2, bed_util_ads: 0.500, bed_util_des: 0.500, des_th: 0.4996973110604847,frac_lost: 0.106, li_recovered:  8.438, time: 0.006515737000881927
L: 0.50, u_super: 0.00675, sec: 379.414, prod: 0.152409, t_ads: 29.0, t_des: 26.4, bed_util_ads: 0.499, bed_util_des: 0.499, des_th: 0.49859631341977245,frac_lost: 0.108, li_recovered:  8.441, time: 0.006597768000574433
L: 0.50, u_super: 0.00627, sec: 349.868, prod: 0.141841, t_ads: 31.0, t_des: 28.6, bed_util_ads: 0.496, bed_util_des: 0.496, des_th: 0.4959874778972948,frac_lost: 0.103, li_recovered:  8.457, time: 0.006546548000187613
L: 0.50, u_super: 0.00302, sec: 163.385, prod: 0.067184, t_ads: 64.0, t_des: 56.1, bed_util_ads: 0.499, bed_util_des: 0.499, des_th: 0.4992439065063319,frac_lost: 0.103, li_recovered:  8.069, time: 0.005950611001026118
L: 0.50, u_super: 0.00220, sec: 118.735, prod: 0.048867, t_ads: 87.5, t_des: 78.0, bed_util_ads: 0.495, bed_util_des: 0.495, des_th: 0.49485330896962715,frac_lost: 0.105, li_recovered:  8.085, time: 0.00751704699905531
L: 0.50, u_super: 0.00913, sec: 527.456, prod: 0.206707, t_ads: 21.4, t_des: 19.4, bed_util_ads: 0.500, bed_util_des: 0.500, des_th: 0.4999753779667597,frac_lost: 0.107, li_recovered:  8.451, time: 0.007637418000740581
L: 0.50, u_super: 0.00363, sec: 197.768, prod: 0.081323, t_ads: 53.5, t_des: 47.3, bed_util_ads: 0.499, bed_util_des: 0.499, des_th: 0.4992801060700206,frac_lost: 0.107, li_recovered:  8.194, time: 0.008723322000150802
L: 73.22, u_super: 0.00773 — INFEASIBLE (li_recovered=0.000e+00), time: 0.0015132320004340727
L: 101.55, u_super: 0.00054 — INFEASIBLE (li_recovered=0.000e+00), time: 0.0011542530010046903
L: 0.50, u_super: 0.00054 — INFEASIBLE (li_recovered=0.000e+00), time: 0.0037102900005265838
L: 0.50, u_super: 0.00289, sec: 1405.412, prod: 0.007143, t_ads: 68.2, t_des: 1163.2, bed_util_ads: 0.184, bed_util_des: 0.174, des_th: 0.17425121068489338,frac_lost: 0.104, li_recovered:  8.795, time: 0.05964257000050566
L: 0.50, u_super: 0.00014 — INFEASIBLE (li_recovered=0.000e+00), time: 0.002790933000142104
   541 |    21640 |     40 |  0.0035562368 |             f
L: 0.50, u_super: 0.00518, sec: 285.694, prod: 0.116639, t_ads: 37.5, t_des: 33.2, bed_util_ads: 0.500, bed_util_des: 0.500, des_th: 0.49996796843230784,frac_lost: 0.103, li_recovered:  8.245, time: 0.006517153000459075
L: 0.50, u_super: 0.00329, sec: 178.632, prod: 0.073591, t_ads: 58.5, t_des: 51.4, bed_util_ads: 0.500, bed_util_des: 0.499, des_th: 0.49932332821742054,frac_lost: 0.101, li_recovered:  8.087, time: 0.006770190000679577
L: 0.50, u_super: 0.00074 — INFEASIBLE (li_recovered=0.000e+00), time: 0.004448931000297307
L: 0.50, u_super: 0.00195, sec: 104.709, prod: 0.043153, t_ads: 98.3, t_des: 93.6, bed_util_ads: 0.486, bed_util_des: 0.486, des_th: 0.485770411459594,frac_lost: 0.102, li_recovered:  8.281, time: 0.007436184001562651
L: 0.50, u_super: 0.00974, sec: 566.183, prod: 0.220823, t_ads: 20.1, t_des: 18.2, bed_util_ads: 0.500, bed_util_des: 0.499, des_th: 0.49941800771673645,frac_lost: 0.105, li_recovered:  8.453, time: 0.006210128000020632
L: 39.76, u_super: 0.00489 — INFEASIBLE (li_recovered=0.000e+00), time: 0.0013686590009456268
L: 0.50, u_super: 0.00368, sec: 200.275, prod: 0.082534, t_ads: 52.8, t_des: 47.1, bed_util_ads: 0.498, bed_util_des: 0.498, des_th: 0.4979511030118404,frac_lost: 0.107, li_recovered:  8.249, time: 0.006117311999332742
L: 0.50, u_super: 0.00875, sec: 503.249, prod: 0.198039, t_ads: 22.4, t_des: 20.3, bed_util_ads: 0.498, bed_util_des: 0.498, des_th: 0.498331236472264,frac_lost: 0.107, li_recovered:  8.458, time: 0.006140438999864273
L: 0.50, u_super: 0.00769, sec: 440.155, prod: 0.172540, t_ads: 25.2, t_des: 24.7, bed_util_ads: 0.489, bed_util_des: 0.489, des_th: 0.48865390945201786,frac_lost: 0.100, li_recovered:  8.617, time: 0.006483334000222385
L: 0.50, u_super: 0.00654, sec: 390.101, prod: 0.138757, t_ads: 29.9, t_des: 32.7, bed_util_ads: 0.475, bed_util_des: 0.474, des_th: 0.47431293869264785,frac_lost: 0.107, li_recovered:  8.685, time: 0.008706836999408551
L: 0.50, u_super: 0.00263, sec: 142.215, prod: 0.058425, t_ads: 73.3, t_des: 64.3, bed_util_ads: 0.499, bed_util_des: 0.498, des_th: 0.49833263840084857,frac_lost: 0.103, li_recovered:  8.036, time: 0.006331393000436947
L: 0.50, u_super: 0.00447, sec: 244.454, prod: 0.100463, t_ads: 43.5, t_des: 38.9, bed_util_ads: 0.500, bed_util_des: 0.499, des_th: 0.49945065005754374,frac_lost: 0.105, li_recovered:  8.276, time: 0.007119936000890448
L: 0.50, u_super: 0.00495, sec: 2328.201, prod: 0.013057, t_ads: 39.5, t_des: 632.9, bed_util_ads: 0.190, bed_util_des: 0.185, des_th: 0.18470562586334688,frac_lost: 0.101, li_recovered:  8.779, time: 0.0522529609988851
L: 0.50, u_super: 0.00988, sec: 574.860, prod: 0.224170, t_ads: 19.7, t_des: 17.9, bed_util_ads: 0.500, bed_util_des: 0.499, des_th: 0.4994510851268446,frac_lost: 0.103, li_recovered:  8.444, time: 0.00785184400047001
L: 0.50, u_super: 0.00332, sec: 180.169, prod: 0.074327, t_ads: 58.5, t_des: 52.3, bed_util_ads: 0.499, bed_util_des: 0.498, des_th: 0.49826579932653997,frac_lost: 0.108, li_recovered:  8.237, time: 0.00786801399954129
L: 12.23, u_super: 0.00863 — INFEASIBLE (li_recovered=0.000e+00), time: 0.0030713110008946387
L: 10.62, u_super: 0.00448 — INFEASIBLE (li_recovered=0.000e+00), time: 0.002497176001270418
L: 5.30, u_super: 0.00629 — INFEASIBLE (li_recovered=0.000e+00), time: 0.004453214000022854
L: 0.50, u_super: 0.00690, sec: 430.252, prod: 0.140752, t_ads: 28.3, t_des: 33.5, bed_util_ads: 0.465, bed_util_des: 0.465, des_th: 0.4646817510472631,frac_lost: 0.105, li_recovered:  8.694, time: 0.007841040000130306
L: 7.23, u_super: 0.00365 — INFEASIBLE (li_recovered=0.000e+00), time: 0.003832323000096949
L: 0.50, u_super: 0.00664, sec: 373.277, prod: 0.149452, t_ads: 29.6, t_des: 27.4, bed_util_ads: 0.496, bed_util_des: 0.496, des_th: 0.4956546320579523,frac_lost: 0.109, li_recovered:  8.517, time: 0.0063454169994656695
L: 0.50, u_super: 0.00413, sec: 225.223, prod: 0.092781, t_ads: 47.1, t_des: 42.1, bed_util_ads: 0.499, bed_util_des: 0.499, des_th: 0.4987862444225204,frac_lost: 0.105, li_recovered:  8.274, time: 0.007913203999123652
L: 0.50, u_super: 0.00771, sec: 438.458, prod: 0.174378, t_ads: 25.4, t_des: 23.1, bed_util_ads: 0.499, bed_util_des: 0.499, des_th: 0.49918244891055935,frac_lost: 0.108, li_recovered:  8.447, time: 0.00722047300041595
L: 0.50, u_super: 0.00460, sec: 251.815, prod: 0.103472, t_ads: 42.2, t_des: 37.8, bed_util_ads: 0.498, bed_util_des: 0.498, des_th: 0.49826687027226113,frac_lost: 0.104, li_recovered:  8.280, time: 0.0074685500003397465
L: 9.80, u_super: 0.00005 — INFEASIBLE (li_recovered=0.000e+00), time: 0.0012596070009749383
L: 0.50, u_super: 0.00134, sec: 73.889, prod: 0.028866, t_ads: 140.7, t_des: 120.0, bed_util_ads: 0.496, bed_util_des: 0.496, des_th: 0.49567406396196567,frac_lost: 0.101, li_recovered:  7.525, time: 0.007528804000685341
L: 0.50, u_super: 0.00489, sec: 268.887, prod: 0.110212, t_ads: 39.7, t_des: 35.5, bed_util_ads: 0.499, bed_util_des: 0.499, des_th: 0.499296957383128,frac_lost: 0.104, li_recovered:  8.291, time: 0.0069026840010337764
L: 0.50, u_super: 0.00729, sec: 410.841, prod: 0.165275, t_ads: 26.6, t_des: 24.1, bed_util_ads: 0.499, bed_util_des: 0.499, des_th: 0.49859631341977245,frac_lost: 0.100, li_recovered:  8.376, time: 0.006267565000598552
L: 0.50, u_super: 0.00809, sec: 460.357, prod: 0.183548, t_ads: 24.0, t_des: 21.6, bed_util_ads: 0.499, bed_util_des: 0.499, des_th: 0.49873224974448105,frac_lost: 0.100, li_recovered:  8.375, time: 0.008811661000436288
L: 0.50, u_super: 0.00007 — INFEASIBLE (li_recovered=0.000e+00), time: 0.0015215940002235584
L: 0.50, u_super: 0.00767, sec: 436.009, prod: 0.173501, t_ads: 25.5, t_des: 23.2, bed_util_ads: 0.499, bed_util_des: 0.499, des_th: 0.4988560904309777,frac_lost: 0.108, li_recovered:  8.447, time: 0.006675472999631893
L: 0.50, u_super: 0.00526, sec: 290.205, prod: 0.118720, t_ads: 36.9, t_des: 33.0, bed_util_ads: 0.500, bed_util_des: 0.500, des_th: 0.49997923162223695,frac_lost: 0.103, li_recovered:  8.297, time: 0.006903175999468658
L: 0.50, u_super: 0.00977, sec: 787.864, prod: 0.159676, t_ads: 20.1, t_des: 34.6, bed_util_ads: 0.420, bed_util_des: 0.419, des_th: 0.41887655281675845,frac_lost: 0.108, li_recovered:  8.735, time: 0.00932452800043393
L: 0.50, u_super: 0.00706, sec: 436.832, prod: 0.145359, t_ads: 27.7, t_des: 32.1, bed_util_ads: 0.468, bed_util_des: 0.468, des_th: 0.4675642016808868,frac_lost: 0.107, li_recovered:  8.696, time: 0.006509286000436987
L: 0.50, u_super: 0.00325, sec: 175.890, prod: 0.072743, t_ads: 59.4, t_des: 52.7, bed_util_ads: 0.499, bed_util_des: 0.498, des_th: 0.49830619957396405,frac_lost: 0.102, li_recovered:  8.151, time: 0.007256095999764511
L: 5.71, u_super: 0.00783 — INFEASIBLE (li_recovered=0.000e+00), time: 0.0032063470007415162
L: 0.50, u_super: 0.00977, sec: 568.380, prod: 0.221647, t_ads: 20.0, t_des: 18.2, bed_util_ads: 0.500, bed_util_des: 0.499, des_th: 0.4994179283135397,frac_lost: 0.104, li_recovered:  8.452, time: 0.009155900001132977
L: 16.16, u_super: 0.00484 — INFEASIBLE (li_recovered=0.000e+00), time: 0.0024951889990916243
L: 0.50, u_super: 0.00349, sec: 189.415, prod: 0.078091, t_ads: 55.8, t_des: 49.8, bed_util_ads: 0.498, bed_util_des: 0.498, des_th: 0.49796727111141703,frac_lost: 0.108, li_recovered:  8.243, time: 0.010719800000515534
L: 0.50, u_super: 0.00818, sec: 467.344, prod: 0.185210, t_ads: 23.9, t_des: 21.7, bed_util_ads: 0.499, bed_util_des: 0.499, des_th: 0.4987360544813233,frac_lost: 0.106, li_recovered:  8.449, time: 0.009646215999964625
   542 |    21680 |     40 |  0.0012045015 |             f
L: 0.50, u_super: 0.00045 — INFEASIBLE (li_recovered=0.000e+00), time: 0.0047524080000584945
L: 0.50, u_super: 0.00137, sec: 74.502, prod: 0.029889, t_ads: 139.2, t_des: 123.7, bed_util_ads: 0.492, bed_util_des: 0.492, des_th: 0.4916516442431063,frac_lost: 0.108, li_recovered:  7.857, time: 0.008400177999646985
L: 0.50, u_super: 0.00307, sec: 166.095, prod: 0.068667, t_ads: 62.8, t_des: 55.8, bed_util_ads: 0.498, bed_util_des: 0.498, des_th: 0.4977467935638805,frac_lost: 0.103, li_recovered:  8.148, time: 0.010860540000066976
L: 69.50, u_super: 0.00005 — INFEASIBLE (li_recovered=0.000e+00), time: 0.001589137998962542
L: 0.50, u_super: 0.00220, sec: 119.629, prod: 0.048303, t_ads: 87.7, t_des: 75.2, bed_util_ads: 0.500, bed_util_des: 0.499, des_th: 0.49949216694740034,frac_lost: 0.107, li_recovered:  7.872, time: 0.009389261000251281
L: 0.50, u_super: 0.00981, sec: 570.840, prod: 0.222612, t_ads: 19.9, t_des: 18.1, bed_util_ads: 0.499, bed_util_des: 0.499, des_th: 0.49857486595481953,frac_lost: 0.104, li_recovered:  8.449, time: 0.008933421000620001
L: 0.50, u_super: 0.00583, sec: 372.295, prod: 0.114474, t_ads: 33.3, t_des: 42.5, bed_util_ads: 0.455, bed_util_des: 0.454, des_th: 0.45443436965045525,frac_lost: 0.100, li_recovered:  8.677, time: 0.01023986800100829
L: 0.50, u_super: 0.00047, sec: 30.256, prod: 0.008429, t_ads: 392.2, t_des: 524.8, bed_util_ads: 0.416, bed_util_des: 0.406, des_th: 0.40659719558223123,frac_lost: 0.101, li_recovered:  7.729, time: 0.010461754000061774
L: 0.50, u_super: 0.00220, sec: 118.537, prod: 0.048948, t_ads: 87.6, t_des: 79.8, bed_util_ads: 0.493, bed_util_des: 0.492, des_th: 0.49220789953174804,frac_lost: 0.106, li_recovered:  8.194, time: 0.011639927000942407
L: 0.50, u_super: 0.00134, sec: 74.738, prod: 0.028492, t_ads: 141.2, t_des: 116.9, bed_util_ads: 0.498, bed_util_des: 0.498, des_th: 0.49829280926984443,frac_lost: 0.103, li_recovered:  7.353, time: 0.008621865999884903
L: 0.50, u_super: 0.00557, sec: 308.502, prod: 0.125770, t_ads: 34.9, t_des: 31.2, bed_util_ads: 0.500, bed_util_des: 0.500, des_th: 0.4996409501165035,frac_lost: 0.103, li_recovered:  8.309, time: 0.008541865001461701
L: 0.50, u_super: 0.00307, sec: 166.040, prod: 0.068690, t_ads: 62.8, t_des: 55.8, bed_util_ads: 0.498, bed_util_des: 0.498, des_th: 0.49772929269269617,frac_lost: 0.102, li_recovered:  8.141, time: 0.0094190140007413
L: 0.50, u_super: 0.00145, sec: 81.191, prod: 0.030741, t_ads: 131.6, t_des: 139.9, bed_util_ads: 0.469, bed_util_des: 0.468, des_th: 0.46760101416475547,frac_lost: 0.104, li_recovered:  8.346, time: 0.01146562800022366
L: 0.50, u_super: 0.00664, sec: 372.672, prod: 0.149695, t_ads: 29.5, t_des: 26.4, bed_util_ads: 0.500, bed_util_des: 0.499, des_th: 0.49947420864313513,frac_lost: 0.109, li_recovered:  8.378, time: 0.012561328998344834
L: 0.50, u_super: 0.00048, sec: 33.296, prod: 0.008006, t_ads: 388.4, t_des: 595.0, bed_util_ads: 0.399, bed_util_des: 0.387, des_th: 0.3868259540966492,frac_lost: 0.103, li_recovered:  7.873, time: 0.012601076001374167
L: 0.50, u_super: 0.00729, sec: 411.032, prod: 0.165199, t_ads: 26.6, t_des: 24.7, bed_util_ads: 0.496, bed_util_des: 0.496, des_th: 0.49566445297930706,frac_lost: 0.101, li_recovered:  8.484, time: 0.01163089100009529
L: 0.50, u_super: 0.00126, sec: 68.778, prod: 0.027207, t_ads: 150.4, t_des: 131.5, bed_util_ads: 0.493, bed_util_des: 0.493, des_th: 0.49272371026124456,frac_lost: 0.103, li_recovered:  7.671, time: 0.016407374998379964
L: 0.50, u_super: 0.00130, sec: 72.457, prod: 0.027492, t_ads: 146.2, t_des: 120.8, bed_util_ads: 0.499, bed_util_des: 0.499, des_th: 0.49867507002828,frac_lost: 0.105, li_recovered:  7.339, time: 0.010527455000556074
L: 0.50, u_super: 0.00605, sec: 453.539, prod: 0.101533, t_ads: 32.4, t_des: 53.4, bed_util_ads: 0.424, bed_util_des: 0.422, des_th: 0.42232392010629594,frac_lost: 0.107, li_recovered:  8.704, time: 0.01684805900003994
L: 0.50, u_super: 0.00680, sec: 381.638, prod: 0.153906, t_ads: 28.5, t_des: 26.8, bed_util_ads: 0.494, bed_util_des: 0.494, des_th: 0.49380720377902215,frac_lost: 0.100, li_recovered:  8.510, time: 0.009985545000745333
L: 0.50, u_super: 0.00809, sec: 461.334, prod: 0.183159, t_ads: 24.1, t_des: 21.9, bed_util_ads: 0.499, bed_util_des: 0.499, des_th: 0.49871474887327044,frac_lost: 0.105, li_recovered:  8.438, time: 0.009821354999075993
L: 0.50, u_super: 0.00835, sec: 487.309, prod: 0.185528, t_ads: 23.4, t_des: 23.3, bed_util_ads: 0.489, bed_util_des: 0.488, des_th: 0.4882707445944176,frac_lost: 0.107, li_recovered:  8.663, time: 0.013580095999714104
L: 34.81, u_super: 0.00078 — INFEASIBLE (li_recovered=0.000e+00), time: 0.002185163999456563
L: 0.50, u_super: 0.00813, sec: 462.911, prod: 0.184543, t_ads: 23.9, t_des: 21.5, bed_util_ads: 0.500, bed_util_des: 0.500, des_th: 0.49997501945754114,frac_lost: 0.100, li_recovered:  8.372, time: 0.010979697000948363
L: 0.50, u_super: 0.00368, sec: 200.126, prod: 0.082596, t_ads: 52.8, t_des: 47.2, bed_util_ads: 0.498, bed_util_des: 0.498, des_th: 0.49796727111141703,frac_lost: 0.106, li_recovered:  8.258, time: 0.009522979000394116
L: 0.50, u_super: 0.00979, sec: 568.868, prod: 0.222075, t_ads: 19.9, t_des: 18.1, bed_util_ads: 0.499, bed_util_des: 0.499, des_th: 0.4989065866238712,frac_lost: 0.103, li_recovered:  8.436, time: 0.009820500999921933
L: 0.50, u_super: 0.00947, sec: 558.499, prod: 0.210847, t_ads: 20.6, t_des: 20.5, bed_util_ads: 0.487, bed_util_des: 0.487, des_th: 0.4872515228265933,frac_lost: 0.103, li_recovered:  8.666, time: 0.011757051999666146
L: 0.50, u_super: 0.00005, sec: 4.328, prod: 0.000669, t_ads: 3440.5, t_des: 5864.9, bed_util_ads: 0.252, bed_util_des: 0.184, des_th: 0.18437486363794264,frac_lost: 0.102, li_recovered:  6.224, time: 0.014856699999654666
L: 0.50, u_super: 0.00413, sec: 237.855, prod: 0.087854, t_ads: 47.0, t_des: 51.2, bed_util_ads: 0.473, bed_util_des: 0.473, des_th: 0.47267333159414326,frac_lost: 0.103, li_recovered:  8.624, time: 0.009877975999188493
L: 0.50, u_super: 0.00613, sec: 342.137, prod: 0.138037, t_ads: 32.0, t_des: 29.4, bed_util_ads: 0.496, bed_util_des: 0.496, des_th: 0.4959874778972948,frac_lost: 0.109, li_recovered:  8.469, time: 0.013541617001465056
L: 17.77, u_super: 0.00937 — INFEASIBLE (li_recovered=0.000e+00), time: 0.004322542001318652
L: 0.50, u_super: 0.00033, sec: 20.455, prod: 0.006035, t_ads: 539.0, t_des: 641.8, bed_util_ads: 0.416, bed_util_des: 0.407, des_th: 0.40684664193976494,frac_lost: 0.100, li_recovered:  7.126, time: 0.010700376000386314
L: 0.50, u_super: 0.00990, sec: 576.509, prod: 0.224617, t_ads: 19.7, t_des: 17.9, bed_util_ads: 0.499, bed_util_des: 0.499, des_th: 0.4991986423769149,frac_lost: 0.104, li_recovered:  8.453, time: 0.010210172000370221
L: 0.50, u_super: 0.00695, sec: 390.003, prod: 0.157457, t_ads: 27.9, t_des: 25.2, bed_util_ads: 0.499, bed_util_des: 0.499, des_th: 0.49931510020276243,frac_lost: 0.101, li_recovered:  8.372, time: 0.010557529998550308
L: 0.50, u_super: 0.00658, sec: 368.177, prod: 0.148987, t_ads: 29.5, t_des: 26.7, bed_util_ads: 0.499, bed_util_des: 0.499, des_th: 0.49858649149033635,frac_lost: 0.102, li_recovered:  8.379, time: 0.009119099999225
L: 0.50, u_super: 0.00377, sec: 204.893, prod: 0.084512, t_ads: 51.5, t_des: 48.4, bed_util_ads: 0.493, bed_util_des: 0.492, des_th: 0.49233343664985285,frac_lost: 0.104, li_recovered:  8.441, time: 0.009656606998760253
L: 0.50, u_super: 0.00537, sec: 334.770, prod: 0.107182, t_ads: 36.2, t_des: 44.6, bed_util_ads: 0.460, bed_util_des: 0.459, des_th: 0.45900024926207206,frac_lost: 0.103, li_recovered:  8.670, time: 0.008998559000247042
L: 0.50, u_super: 0.00016 — INFEASIBLE (li_recovered=0.000e+00), time: 0.0020470519993978087
L: 6.60, u_super: 0.00556, sec: 18605.154, prod: 0.027369, t_ads: 475.0, t_des: 3779.3, bed_util_ads: 0.224, bed_util_des: 0.179, des_th: 0.17908163140967295,frac_lost: 0.106, li_recovered:  116.435, time: 0.02785009400031413
L: 0.50, u_super: 0.00809, sec: 474.948, prod: 0.177909, t_ads: 24.2, t_des: 24.6, bed_util_ads: 0.485, bed_util_des: 0.484, des_th: 0.48441277622619977,frac_lost: 0.107, li_recovered:  8.680, time: 0.008355345999007113
   543 |    21720 |     40 |  0.0018607964 |             f
L: 9.53, u_super: 0.00377 — INFEASIBLE (li_recovered=0.000e+00), time: 0.0030852279996906873
L: 0.50, u_super: 0.00473, sec: 259.515, prod: 0.106314, t_ads: 41.2, t_des: 36.7, bed_util_ads: 0.500, bed_util_des: 0.500, des_th: 0.4996409501165035,frac_lost: 0.105, li_recovered:  8.275, time: 0.007129375000658911
L: 0.50, u_super: 0.00757, sec: 429.383, prod: 0.170965, t_ads: 25.9, t_des: 23.2, bed_util_ads: 0.500, bed_util_des: 0.500, des_th: 0.4998863046545036,frac_lost: 0.108, li_recovered:  8.391, time: 0.0062308550004672725
L: 0.50, u_super: 0.00702, sec: 400.693, prod: 0.156667, t_ads: 27.9, t_des: 27.1, bed_util_ads: 0.491, bed_util_des: 0.490, des_th: 0.4902536700579401,frac_lost: 0.109, li_recovered:  8.624, time: 0.007315520999327418
L: 0.50, u_super: 0.00315, sec: 170.220, prod: 0.070723, t_ads: 61.1, t_des: 54.9, bed_util_ads: 0.497, bed_util_des: 0.497, des_th: 0.49669003105914444,frac_lost: 0.101, li_recovered:  8.205, time: 0.005670235001161927
L: 0.50, u_super: 0.00731, sec: 412.162, prod: 0.165630, t_ads: 26.6, t_des: 24.0, bed_util_ads: 0.499, bed_util_des: 0.499, des_th: 0.4985450662282543,frac_lost: 0.101, li_recovered:  8.369, time: 0.006129551000412903
L: 0.50, u_super: 0.00471, sec: 258.220, prod: 0.106094, t_ads: 41.3, t_des: 37.3, bed_util_ads: 0.499, bed_util_des: 0.498, des_th: 0.49833289780711054,frac_lost: 0.105, li_recovered:  8.337, time: 0.0064828180002223235
L: 0.50, u_super: 0.00435, sec: 238.105, prod: 0.097568, t_ads: 44.7, t_des: 39.5, bed_util_ads: 0.500, bed_util_des: 0.500, des_th: 0.4999590870519976,frac_lost: 0.105, li_recovered:  8.215, time: 0.011020604000805179
L: 0.50, u_super: 0.00355, sec: 194.722, prod: 0.078630, t_ads: 54.7, t_des: 53.8, bed_util_ads: 0.486, bed_util_des: 0.486, des_th: 0.485770411459594,frac_lost: 0.105, li_recovered:  8.535, time: 0.008703847001015674
L: 22.01, u_super: 0.00220 — INFEASIBLE (li_recovered=0.000e+00), time: 0.0024086339999485062
L: 0.50, u_super: 0.00975, sec: 566.416, prod: 0.221372, t_ads: 20.0, t_des: 18.2, bed_util_ads: 0.499, bed_util_des: 0.499, des_th: 0.49928422643128595,frac_lost: 0.103, li_recovered:  8.447, time: 0.009316269999544602
L: 0.50, u_super: 0.00835, sec: 478.354, prod: 0.189002, t_ads: 23.4, t_des: 21.2, bed_util_ads: 0.500, bed_util_des: 0.500, des_th: 0.4997000935027811,frac_lost: 0.107, li_recovered:  8.446, time: 0.011022444999980507
L: 0.50, u_super: 0.00307, sec: 166.283, prod: 0.068388, t_ads: 63.0, t_des: 55.2, bed_util_ads: 0.500, bed_util_des: 0.499, des_th: 0.4993141489556155,frac_lost: 0.104, li_recovered:  8.086, time: 0.009863015000519226
L: 14.68, u_super: 0.00961 — INFEASIBLE (li_recovered=0.000e+00), time: 0.004816009999558446
L: 0.50, u_super: 0.00884, sec: 5430.111, prod: 0.018751, t_ads: 22.2, t_des: 446.2, bed_util_ads: 0.175, bed_util_des: 0.171, des_th: 0.17138978048794495,frac_lost: 0.104, li_recovered:  8.783, time: 0.09182166500067979
L: 0.50, u_super: 0.00990, sec: 577.064, prod: 0.224401, t_ads: 19.7, t_des: 18.1, bed_util_ads: 0.498, bed_util_des: 0.498, des_th: 0.49811680216972126,frac_lost: 0.105, li_recovered:  8.499, time: 0.01084157100012817
L: 0.50, u_super: 0.00742, sec: 419.181, prod: 0.168109, t_ads: 26.1, t_des: 23.4, bed_util_ads: 0.500, bed_util_des: 0.500, des_th: 0.4996976967546516,frac_lost: 0.100, li_recovered:  8.326, time: 0.010540093999225064
L: 0.50, u_super: 0.00465, sec: 254.916, prod: 0.104834, t_ads: 41.8, t_des: 38.2, bed_util_ads: 0.497, bed_util_des: 0.497, des_th: 0.4970671109676112,frac_lost: 0.105, li_recovered:  8.384, time: 0.011252935999436886
L: 25.67, u_super: 0.00877 — INFEASIBLE (li_recovered=0.000e+00), time: 0.0037098090015206253
L: 17.64, u_super: 0.00918 — INFEASIBLE (li_recovered=0.000e+00), time: 0.004365625998616451
L: 9.28, u_super: 0.00885 — INFEASIBLE (li_recovered=0.000e+00), time: 0.005794044000140275
L: 13.72, u_super: 0.00990 — INFEASIBLE (li_recovered=0.000e+00), time: 0.0060433870003180346
L: 0.50, u_super: 0.00678, sec: 381.436, prod: 0.153106, t_ads: 28.9, t_des: 25.8, bed_util_ads: 0.500, bed_util_des: 0.500, des_th: 0.4997888587463439,frac_lost: 0.108, li_recovered:  8.374, time: 0.020720927001093514
L: 0.50, u_super: 0.00771, sec: 438.830, prod: 0.174231, t_ads: 25.4, t_des: 23.0, bed_util_ads: 0.499, bed_util_des: 0.499, des_th: 0.49888750650717156,frac_lost: 0.109, li_recovered:  8.440, time: 0.009730235000461107
L: 0.50, u_super: 0.00639, sec: 357.031, prod: 0.144538, t_ads: 30.4, t_des: 28.1, bed_util_ads: 0.495, bed_util_des: 0.495, des_th: 0.49527810580112797,frac_lost: 0.103, li_recovered:  8.462, time: 0.01305101499929151
L: 0.50, u_super: 0.00835, sec: 478.022, prod: 0.189133, t_ads: 23.4, t_des: 21.2, bed_util_ads: 0.500, bed_util_des: 0.500, des_th: 0.4996973110604847,frac_lost: 0.106, li_recovered:  8.438, time: 0.022171313999933773
L: 0.50, u_super: 0.00747, sec: 425.664, prod: 0.167713, t_ads: 26.2, t_des: 25.0, bed_util_ads: 0.492, bed_util_des: 0.492, des_th: 0.49221462421755113,frac_lost: 0.108, li_recovered:  8.587, time: 0.019998461000795942
L: 0.50, u_super: 0.00307, sec: 165.920, prod: 0.068740, t_ads: 62.7, t_des: 55.8, bed_util_ads: 0.498, bed_util_des: 0.498, des_th: 0.497679094868914,frac_lost: 0.101, li_recovered:  8.143, time: 0.015567381000437308
L: 0.50, u_super: 0.00771, sec: 438.373, prod: 0.174412, t_ads: 25.4, t_des: 23.0, bed_util_ads: 0.499, bed_util_des: 0.499, des_th: 0.49888638335817015,frac_lost: 0.107, li_recovered:  8.434, time: 0.0105341660000704
L: 0.50, u_super: 0.00197, sec: 106.533, prod: 0.043520, t_ads: 97.8, t_des: 93.6, bed_util_ads: 0.487, bed_util_des: 0.486, des_th: 0.485770411459594,frac_lost: 0.107, li_recovered:  8.330, time: 0.01468640500024776
L: 0.50, u_super: 0.00912, sec: 526.855, prod: 0.206485, t_ads: 21.5, t_des: 19.4, bed_util_ads: 0.500, bed_util_des: 0.500, des_th: 0.4998465113153324,frac_lost: 0.107, li_recovered:  8.444, time: 0.0212755640004616
L: 0.50, u_super: 0.00012 — INFEASIBLE (li_recovered=0.000e+00), time: 0.007045563999781734
L: 0.50, u_super: 0.00413, sec: 225.267, prod: 0.092763, t_ads: 47.0, t_des: 44.0, bed_util_ads: 0.494, bed_util_des: 0.493, des_th: 0.4935000062701855,frac_lost: 0.105, li_recovered:  8.448, time: 0.014316152000901639
L: 0.50, u_super: 0.00510, sec: 280.932, prod: 0.115061, t_ads: 38.1, t_des: 34.1, bed_util_ads: 0.500, bed_util_des: 0.499, des_th: 0.49945260684535514,frac_lost: 0.103, li_recovered:  8.302, time: 0.016051316999437404
L: 0.50, u_super: 0.00752, sec: 426.405, prod: 0.169945, t_ads: 26.0, t_des: 23.6, bed_util_ads: 0.499, bed_util_des: 0.499, des_th: 0.49859631341977245,frac_lost: 0.108, li_recovered:  8.439, time: 0.0108684999995603
L: 0.50, u_super: 0.00633, sec: 352.949, prod: 0.143245, t_ads: 30.7, t_des: 27.8, bed_util_ads: 0.499, bed_util_des: 0.498, des_th: 0.49842663802658105,frac_lost: 0.102, li_recovered:  8.370, time: 0.01556241000071168
L: 0.50, u_super: 0.00523, sec: 288.296, prod: 0.118041, t_ads: 37.2, t_des: 33.6, bed_util_ads: 0.499, bed_util_des: 0.499, des_th: 0.4987674828536907,frac_lost: 0.104, li_recovered:  8.355, time: 0.012359787000605138
L: 0.50, u_super: 0.00178, sec: 95.789, prod: 0.039471, t_ads: 107.0, t_des: 100.9, bed_util_ads: 0.486, bed_util_des: 0.486, des_th: 0.48574327675036694,frac_lost: 0.101, li_recovered:  8.207, time: 0.019891205000021728
L: 0.50, u_super: 0.00799, sec: 454.279, prod: 0.181246, t_ads: 24.3, t_des: 22.2, bed_util_ads: 0.498, bed_util_des: 0.498, des_th: 0.49811617046325934,frac_lost: 0.102, li_recovered:  8.440, time: 0.009964955999748781
L: 0.50, u_super: 0.00487, sec: 267.981, prod: 0.109721, t_ads: 39.9, t_des: 35.6, bed_util_ads: 0.500, bed_util_des: 0.499, des_th: 0.4993682147126997,frac_lost: 0.105, li_recovered:  8.288, time: 0.013443534000543877
   544 |    21760 |     40 |  0.0038367370 |             f
L: 0.50, u_super: 0.00587, sec: 325.149, prod: 0.132828, t_ads: 33.0, t_des: 30.4, bed_util_ads: 0.496, bed_util_des: 0.496, des_th: 0.4960108107045668,frac_lost: 0.100, li_recovered:  8.418, time: 0.021857087000171305
L: 0.50, u_super: 0.00110, sec: 60.444, prod: 0.023677, t_ads: 172.0, t_des: 171.5, bed_util_ads: 0.474, bed_util_des: 0.472, des_th: 0.4723276943521587,frac_lost: 0.105, li_recovered:  8.134, time: 0.011674545999994734
L: 0.50, u_super: 0.00788, sec: 447.087, prod: 0.178786, t_ads: 24.6, t_des: 22.3, bed_util_ads: 0.500, bed_util_des: 0.500, des_th: 0.4998295454781799,frac_lost: 0.100, li_recovered:  8.383, time: 0.0210363080004754
L: 0.50, u_super: 0.00877, sec: 505.074, prod: 0.198197, t_ads: 22.3, t_des: 20.7, bed_util_ads: 0.496, bed_util_des: 0.495, des_th: 0.4954273064912954,frac_lost: 0.107, li_recovered:  8.530, time: 0.01054252100038866
L: 0.50, u_super: 0.00771, sec: 437.028, prod: 0.174949, t_ads: 25.2, t_des: 22.8, bed_util_ads: 0.499, bed_util_des: 0.499, des_th: 0.49888916784201814,frac_lost: 0.101, li_recovered:  8.388, time: 0.010762320998765063
L: 0.50, u_super: 0.00912, sec: 527.034, prod: 0.206414, t_ads: 21.4, t_des: 19.9, bed_util_ads: 0.497, bed_util_des: 0.497, des_th: 0.496567252489068,frac_lost: 0.105, li_recovered:  8.534, time: 0.014244092999433633
L: 0.50, u_super: 0.00990, sec: 577.201, prod: 0.224347, t_ads: 19.7, t_des: 18.3, bed_util_ads: 0.496, bed_util_des: 0.496, des_th: 0.4956386606615744,frac_lost: 0.104, li_recovered:  8.533, time: 0.026007718000983004
L: 0.50, u_super: 0.00929, sec: 541.451, prod: 0.208772, t_ads: 21.1, t_des: 20.2, bed_util_ads: 0.492, bed_util_des: 0.492, des_th: 0.4922711967047795,frac_lost: 0.106, li_recovered:  8.617, time: 0.011121432999061653
L: 0.50, u_super: 0.00237, sec: 127.479, prod: 0.052537, t_ads: 81.6, t_des: 72.6, bed_util_ads: 0.497, bed_util_des: 0.497, des_th: 0.49671473510367253,frac_lost: 0.105, li_recovered:  8.098, time: 0.022879780000948813
L: 0.50, u_super: 0.00033 — INFEASIBLE (li_recovered=0.000e+00), time: 0.006300431999989087
L: 0.50, u_super: 0.00896, sec: 516.334, prod: 0.202825, t_ads: 21.8, t_des: 19.6, bed_util_ads: 0.500, bed_util_des: 0.500, des_th: 0.4999753779667597,frac_lost: 0.106, li_recovered:  8.397, time: 0.017032667001330992
L: 0.50, u_super: 0.00156, sec: 84.866, prod: 0.034129, t_ads: 122.3, t_des: 107.1, bed_util_ads: 0.494, bed_util_des: 0.494, des_th: 0.493929843898353,frac_lost: 0.106, li_recovered:  7.830, time: 0.01418210300107603
L: 0.50, u_super: 0.00005, sec: 4.337, prod: 0.000668, t_ads: 3533.7, t_des: 6378.6, bed_util_ads: 0.248, bed_util_des: 0.174, des_th: 0.17462004555235427,frac_lost: 0.101, li_recovered:  6.617, time: 0.018039119000604842
L: 0.50, u_super: 0.00816, sec: 465.686, prod: 0.184577, t_ads: 24.0, t_des: 21.5, bed_util_ads: 0.500, bed_util_des: 0.500, des_th: 0.4999236778752184,frac_lost: 0.106, li_recovered:  8.390, time: 0.02061240199873282
L: 0.50, u_super: 0.00300, sec: 196.731, prod: 0.055207, t_ads: 64.7, t_des: 91.2, bed_util_ads: 0.440, bed_util_des: 0.438, des_th: 0.4380994216888888,frac_lost: 0.104, li_recovered:  8.606, time: 0.015987987999324105
L: 0.50, u_super: 0.00026 — INFEASIBLE (li_recovered=0.000e+00), time: 0.005337006001354894
L: 0.50, u_super: 0.00891, sec: 513.271, prod: 0.201595, t_ads: 22.0, t_des: 20.2, bed_util_ads: 0.498, bed_util_des: 0.498, des_th: 0.4978754477801446,frac_lost: 0.106, li_recovered:  8.493, time: 0.020619970000552712
L: 0.50, u_super: 0.00210, sec: 112.698, prod: 0.046428, t_ads: 91.3, t_des: 81.5, bed_util_ads: 0.494, bed_util_des: 0.494, des_th: 0.4939201082015205,frac_lost: 0.100, li_recovered:  8.023, time: 0.02023433400063368
L: 0.50, u_super: 0.00310, sec: 167.844, prod: 0.069419, t_ads: 62.2, t_des: 55.2, bed_util_ads: 0.499, bed_util_des: 0.498, des_th: 0.4983721854941135,frac_lost: 0.103, li_recovered:  8.151, time: 0.014924054999937653
L: 0.50, u_super: 0.00006, sec: 5.113, prod: 0.000792, t_ads: 3019.2, t_des: 5570.2, bed_util_ads: 0.256, bed_util_des: 0.185, des_th: 0.1851696623157332,frac_lost: 0.102, li_recovered:  6.807, time: 0.032057110000096145
L: 0.50, u_super: 0.00695, sec: 390.001, prod: 0.157458, t_ads: 27.9, t_des: 25.3, bed_util_ads: 0.498, bed_util_des: 0.498, des_th: 0.4978980284918776,frac_lost: 0.101, li_recovered:  8.377, time: 0.01643052299914416
L: 0.50, u_super: 0.00377, sec: 206.353, prod: 0.083838, t_ads: 51.6, t_des: 50.1, bed_util_ads: 0.488, bed_util_des: 0.488, des_th: 0.48774547638602245,frac_lost: 0.105, li_recovered:  8.525, time: 0.02195105600003444
L: 0.50, u_super: 0.00315, sec: 171.033, prod: 0.070386, t_ads: 61.3, t_des: 53.8, bed_util_ads: 0.500, bed_util_des: 0.500, des_th: 0.49991764056740445,frac_lost: 0.104, li_recovered:  8.102, time: 0.010682216001441702
L: 34.13, u_super: 0.00654 — INFEASIBLE (li_recovered=0.000e+00), time: 0.002607486001579673
L: 0.50, u_super: 0.00234, sec: 127.409, prod: 0.051519, t_ads: 82.4, t_des: 70.6, bed_util_ads: 0.500, bed_util_des: 0.500, des_th: 0.4999667675888155,frac_lost: 0.106, li_recovered:  7.887, time: 0.013520828999389778
L: 0.50, u_super: 0.00120, sec: 66.095, prod: 0.025615, t_ads: 158.0, t_des: 162.8, bed_util_ads: 0.471, bed_util_des: 0.469, des_th: 0.46879269883920044,frac_lost: 0.102, li_recovered:  8.217, time: 0.009701749000669224
L: 0.50, u_super: 0.00227, sec: 142.156, prod: 0.043318, t_ads: 84.7, t_des: 112.3, bed_util_ads: 0.445, bed_util_des: 0.443, des_th: 0.44289557049481304,frac_lost: 0.100, li_recovered:  8.534, time: 0.025661552001110977
L: 0.50, u_super: 0.00382, sec: 207.982, prod: 0.085649, t_ads: 51.0, t_des: 45.5, bed_util_ads: 0.499, bed_util_des: 0.499, des_th: 0.4987862444225204,frac_lost: 0.107, li_recovered:  8.264, time: 0.015340662999733468
L: 0.50, u_super: 0.00200, sec: 116.014, prod: 0.040984, t_ads: 96.3, t_des: 110.6, bed_util_ads: 0.462, bed_util_des: 0.460, des_th: 0.46031938608083506,frac_lost: 0.103, li_recovered:  8.482, time: 0.023750193000523723
L: 0.50, u_super: 0.00960, sec: 557.934, prod: 0.217623, t_ads: 20.3, t_des: 18.7, bed_util_ads: 0.498, bed_util_des: 0.498, des_th: 0.49809118206009184,frac_lost: 0.105, li_recovered:  8.501, time: 0.02209392700024182
L: 6.78, u_super: 0.00214 — INFEASIBLE (li_recovered=0.000e+00), time: 0.003752851000172086
L: 0.50, u_super: 0.00744, sec: 425.108, prod: 0.166932, t_ads: 26.3, t_des: 25.3, bed_util_ads: 0.492, bed_util_des: 0.492, des_th: 0.49175086823262465,frac_lost: 0.107, li_recovered:  8.607, time: 0.022188562999872374
L: 0.50, u_super: 0.00917, sec: 529.530, prod: 0.208092, t_ads: 21.3, t_des: 19.3, bed_util_ads: 0.500, bed_util_des: 0.499, des_th: 0.4994807533483459,frac_lost: 0.104, li_recovered:  8.443, time: 0.011225010999623919
L: 0.50, u_super: 0.00306, sec: 165.721, prod: 0.068259, t_ads: 63.0, t_des: 55.3, bed_util_ads: 0.500, bed_util_des: 0.500, des_th: 0.4996467302267555,frac_lost: 0.102, li_recovered:  8.075, time: 0.010997940000379458
L: 0.50, u_super: 0.00645, sec: 360.543, prod: 0.146070, t_ads: 30.1, t_des: 27.3, bed_util_ads: 0.499, bed_util_des: 0.499, des_th: 0.49859631341977245,frac_lost: 0.103, li_recovered:  8.383, time: 0.024552500999561744
L: 0.50, u_super: 0.00232, sec: 124.657, prod: 0.051631, t_ads: 83.1, t_des: 75.9, bed_util_ads: 0.493, bed_util_des: 0.492, des_th: 0.49220789953174804,frac_lost: 0.104, li_recovered:  8.208, time: 0.010932459999821731
L: 0.50, u_super: 0.00693, sec: 389.427, prod: 0.156993, t_ads: 28.0, t_des: 25.1, bed_util_ads: 0.499, bed_util_des: 0.499, des_th: 0.49931510020276243,frac_lost: 0.101, li_recovered:  8.327, time: 0.07108238699947833
L: 0.50, u_super: 0.00737, sec: 418.246, prod: 0.166363, t_ads: 26.6, t_des: 24.7, bed_util_ads: 0.496, bed_util_des: 0.496, des_th: 0.4956546320579523,frac_lost: 0.108, li_recovered:  8.522, time: 0.0348031079993234
L: 0.50, u_super: 0.00401, sec: 218.614, prod: 0.090173, t_ads: 48.3, t_des: 43.2, bed_util_ads: 0.499, bed_util_des: 0.499, des_th: 0.4987862444225204,frac_lost: 0.104, li_recovered:  8.257, time: 0.009846822000326938
L: 0.50, u_super: 0.00161, sec: 86.816, prod: 0.035188, t_ads: 119.1, t_des: 105.4, bed_util_ads: 0.494, bed_util_des: 0.494, des_th: 0.493943441008793,frac_lost: 0.105, li_recovered:  7.900, time: 0.010578864999843063
   545 |    21800 |     40 |  0.0033017323 |             f
L: 1.32, u_super: 0.00025 — INFEASIBLE (li_recovered=0.000e+00), time: 0.002502531999198254
L: 0.50, u_super: 0.00502, sec: 276.169, prod: 0.113114, t_ads: 38.7, t_des: 34.6, bed_util_ads: 0.499, bed_util_des: 0.499, des_th: 0.4989776511384687,frac_lost: 0.104, li_recovered:  8.299, time: 0.010289260000718059
L: 0.50, u_super: 0.00223, sec: 123.590, prod: 0.048087, t_ads: 86.3, t_des: 90.0, bed_util_ads: 0.476, bed_util_des: 0.475, des_th: 0.4748038739499992,frac_lost: 0.103, li_recovered:  8.480, time: 0.01881791699997848
L: 0.50, u_super: 0.00560, sec: 309.615, prod: 0.126423, t_ads: 34.7, t_des: 31.1, bed_util_ads: 0.499, bed_util_des: 0.499, des_th: 0.4992864326775636,frac_lost: 0.102, li_recovered:  8.318, time: 0.013831172998834518
L: 0.50, u_super: 0.00920, sec: 536.299, prod: 0.206918, t_ads: 21.2, t_des: 20.4, bed_util_ads: 0.492, bed_util_des: 0.492, des_th: 0.4922711967047795,frac_lost: 0.105, li_recovered:  8.621, time: 0.013294835000124294
L: 0.50, u_super: 0.00946, sec: 548.498, prod: 0.214539, t_ads: 20.6, t_des: 18.7, bed_util_ads: 0.499, bed_util_des: 0.499, des_th: 0.499369302194719,frac_lost: 0.105, li_recovered:  8.450, time: 0.012891308999314788
L: 0.50, u_super: 0.00047 — INFEASIBLE (li_recovered=0.000e+00), time: 0.0094242100003612
L: 0.50, u_super: 0.00650, sec: 364.513, prod: 0.146632, t_ads: 30.1, t_des: 27.0, bed_util_ads: 0.500, bed_util_des: 0.500, des_th: 0.4996467302267555,frac_lost: 0.109, li_recovered:  8.374, time: 0.010540116998527083
L: 0.50, u_super: 0.00349, sec: 189.197, prod: 0.078181, t_ads: 55.7, t_des: 49.9, bed_util_ads: 0.498, bed_util_des: 0.498, des_th: 0.49799679543308334,frac_lost: 0.106, li_recovered:  8.250, time: 0.009506053000222892
L: 3.29, u_super: 0.00758, sec: 2994.512, prod: 0.162034, t_ads: 165.1, t_des: 167.7, bed_util_ads: 0.472, bed_util_des: 0.470, des_th: 0.47050970609222875,frac_lost: 0.105, li_recovered:  53.928, time: 0.014760263000425766
L: 0.50, u_super: 0.00523, sec: 288.428, prod: 0.117987, t_ads: 37.1, t_des: 33.2, bed_util_ads: 0.499, bed_util_des: 0.499, des_th: 0.49876599128482507,frac_lost: 0.103, li_recovered:  8.301, time: 0.012990683000680292
L: 0.50, u_super: 0.00183, sec: 98.137, prod: 0.040393, t_ads: 104.6, t_des: 99.7, bed_util_ads: 0.486, bed_util_des: 0.485, des_th: 0.4853990949820224,frac_lost: 0.101, li_recovered:  8.252, time: 0.010756850000689155
L: 0.50, u_super: 0.00759, sec: 460.202, prod: 0.160658, t_ads: 25.8, t_des: 28.4, bed_util_ads: 0.474, bed_util_des: 0.474, des_th: 0.47364107402946015,frac_lost: 0.107, li_recovered:  8.698, time: 0.014364320999447955
L: 0.50, u_super: 0.00929, sec: 553.613, prod: 0.204185, t_ads: 21.0, t_des: 21.6, bed_util_ads: 0.483, bed_util_des: 0.483, des_th: 0.482997800878327,frac_lost: 0.104, li_recovered:  8.690, time: 0.01845483099896228
L: 0.50, u_super: 0.00005 — INFEASIBLE (li_recovered=0.000e+00), time: 0.002315305000593071
L: 0.50, u_super: 0.00011 — INFEASIBLE (li_recovered=0.000e+00), time: 0.0031062069992913166
L: 0.50, u_super: 0.00990, sec: 579.547, prod: 0.223439, t_ads: 19.7, t_des: 18.7, bed_util_ads: 0.494, bed_util_des: 0.494, des_th: 0.4941328296386252,frac_lost: 0.105, li_recovered:  8.595, time: 0.01028237999889825
L: 0.50, u_super: 0.00402, sec: 219.263, prod: 0.090243, t_ads: 48.4, t_des: 43.1, bed_util_ads: 0.499, bed_util_des: 0.499, des_th: 0.4991400670236723,frac_lost: 0.106, li_recovered:  8.257, time: 0.015110784999706084
L: 0.50, u_super: 0.00963, sec: 559.372, prod: 0.218452, t_ads: 20.3, t_des: 18.4, bed_util_ads: 0.500, bed_util_des: 0.500, des_th: 0.49967376866700625,frac_lost: 0.105, li_recovered:  8.441, time: 0.010463429000083124
L: 0.50, u_super: 0.00882, sec: 671.497, prod: 0.150822, t_ads: 22.1, t_des: 35.7, bed_util_ads: 0.427, bed_util_des: 0.426, des_th: 0.4262628330983945,frac_lost: 0.103, li_recovered:  8.722, time: 0.01755116300046211
L: 0.50, u_super: 0.00654, sec: 374.107, prod: 0.144583, t_ads: 29.7, t_des: 30.1, bed_util_ads: 0.484, bed_util_des: 0.484, des_th: 0.4839793483362457,frac_lost: 0.100, li_recovered:  8.646, time: 0.020311588999902597
L: 0.50, u_super: 0.00961, sec: 568.630, prod: 0.214037, t_ads: 20.3, t_des: 20.2, bed_util_ads: 0.488, bed_util_des: 0.488, des_th: 0.48779821549962193,frac_lost: 0.105, li_recovered:  8.669, time: 0.011255665000135195
L: 0.50, u_super: 0.00215, sec: 115.911, prod: 0.047760, t_ads: 89.7, t_des: 80.9, bed_util_ads: 0.494, bed_util_des: 0.494, des_th: 0.4937307241627632,frac_lost: 0.107, li_recovered:  8.149, time: 0.014037306000318495
L: 0.50, u_super: 0.00531, sec: 293.073, prod: 0.119815, t_ads: 36.6, t_des: 32.8, bed_util_ads: 0.499, bed_util_des: 0.499, des_th: 0.4987674828536907,frac_lost: 0.103, li_recovered:  8.308, time: 0.013505049999366747
L: 0.50, u_super: 0.00513, sec: 282.707, prod: 0.115731, t_ads: 37.8, t_des: 33.8, bed_util_ads: 0.499, bed_util_des: 0.499, des_th: 0.4992831389492667,frac_lost: 0.103, li_recovered:  8.297, time: 0.012171337999461684
L: 0.50, u_super: 0.00761, sec: 613.486, prod: 0.121035, t_ads: 25.7, t_des: 46.4, bed_util_ads: 0.413, bed_util_des: 0.412, des_th: 0.411816103572961,frac_lost: 0.104, li_recovered:  8.720, time: 0.01664752200122166
L: 0.50, u_super: 0.00301, sec: 163.270, prod: 0.067175, t_ads: 64.0, t_des: 56.1, bed_util_ads: 0.499, bed_util_des: 0.499, des_th: 0.4992967512634977,frac_lost: 0.102, li_recovered:  8.066, time: 0.009739247998368228
L: 0.50, u_super: 0.00963, sec: 559.680, prod: 0.218213, t_ads: 20.3, t_des: 18.4, bed_util_ads: 0.499, bed_util_des: 0.499, des_th: 0.499388481641266,frac_lost: 0.106, li_recovered:  8.453, time: 0.015143812999667716
L: 0.50, u_super: 0.00009, sec: 8.218, prod: 0.001033, t_ads: 2215.0, t_des: 5286.8, bed_util_ads: 0.259, bed_util_des: 0.183, des_th: 0.18304302715330137,frac_lost: 0.102, li_recovered:  7.750, time: 0.01884265700027754
L: 0.50, u_super: 0.00125, sec: 69.069, prod: 0.026479, t_ads: 152.4, t_des: 127.9, bed_util_ads: 0.497, bed_util_des: 0.497, des_th: 0.4966915225092899,frac_lost: 0.105, li_recovered:  7.422, time: 0.010708469999372028
L: 0.50, u_super: 0.00492, sec: 270.782, prod: 0.110857, t_ads: 39.5, t_des: 35.2, bed_util_ads: 0.499, bed_util_des: 0.499, des_th: 0.49931434532101265,frac_lost: 0.104, li_recovered:  8.279, time: 0.014565228000719799
L: 0.50, u_super: 0.00067 — INFEASIBLE (li_recovered=0.000e+00), time: 0.005736752998927841
L: 0.50, u_super: 0.00133, sec: 73.316, prod: 0.028318, t_ads: 144.0, t_des: 148.6, bed_util_ads: 0.472, bed_util_des: 0.471, des_th: 0.4707918752385455,frac_lost: 0.105, li_recovered:  8.286, time: 0.01897880499927851
L: 0.50, u_super: 0.00380, sec: 343.846, prod: 0.051145, t_ads: 51.5, t_des: 118.3, bed_util_ads: 0.381, bed_util_des: 0.378, des_th: 0.3784344833872651,frac_lost: 0.106, li_recovered:  8.687, time: 0.02554599300128757
L: 0.50, u_super: 0.00306, sec: 1322.420, prod: 0.008559, t_ads: 64.3, t_des: 962.7, bed_util_ads: 0.194, bed_util_des: 0.185, des_th: 0.1851696623157332,frac_lost: 0.105, li_recovered:  8.789, time: 0.1338385510007356
L: 0.50, u_super: 0.00156, sec: 86.068, prod: 0.033653, t_ads: 122.6, t_des: 102.9, bed_util_ads: 0.499, bed_util_des: 0.499, des_th: 0.4992113232856836,frac_lost: 0.108, li_recovered:  7.587, time: 0.011587376000534277
L: 0.50, u_super: 0.00487, sec: 267.598, prod: 0.109538, t_ads: 40.0, t_des: 35.7, bed_util_ads: 0.500, bed_util_des: 0.499, des_th: 0.4993682147126997,frac_lost: 0.105, li_recovered:  8.287, time: 0.018872673999794642
L: 0.50, u_super: 0.00768, sec: 436.629, prod: 0.173691, t_ads: 25.5, t_des: 23.1, bed_util_ads: 0.500, bed_util_des: 0.500, des_th: 0.4998295454781799,frac_lost: 0.108, li_recovered:  8.434, time: 0.015366519000963308
L: 0.50, u_super: 0.00705, sec: 397.629, prod: 0.159256, t_ads: 27.8, t_des: 25.2, bed_util_ads: 0.499, bed_util_des: 0.499, des_th: 0.49877066698883793,frac_lost: 0.108, li_recovered:  8.436, time: 0.011946731001444277
L: 0.50, u_super: 0.00419, sec: 228.779, prod: 0.094250, t_ads: 46.4, t_des: 41.9, bed_util_ads: 0.498, bed_util_des: 0.498, des_th: 0.4979136059255506,frac_lost: 0.106, li_recovered:  8.320, time: 0.022394610999981523
   546 |    21840 |     40 |  0.0026663614 |             f
L: 0.50, u_super: 0.00283, sec: 152.563, prod: 0.063040, t_ads: 68.3, t_des: 60.7, bed_util_ads: 0.498, bed_util_des: 0.498, des_th: 0.498038523285899,frac_lost: 0.104, li_recovered:  8.135, time: 0.04492296300122689
L: 0.50, u_super: 0.00920, sec: 535.994, prod: 0.207036, t_ads: 21.2, t_des: 20.4, bed_util_ads: 0.492, bed_util_des: 0.492, des_th: 0.4922754574282602,frac_lost: 0.104, li_recovered:  8.617, time: 0.012270850000277278
L: 0.50, u_super: 0.00353, sec: 191.849, prod: 0.078838, t_ads: 55.1, t_des: 48.6, bed_util_ads: 0.500, bed_util_des: 0.499, des_th: 0.4993682147126997,frac_lost: 0.107, li_recovered:  8.179, time: 0.015810253999006818
L: 0.50, u_super: 0.00133, sec: 76.879, prod: 0.027005, t_ads: 144.5, t_des: 164.5, bed_util_ads: 0.460, bed_util_des: 0.457, des_th: 0.4570460981709982,frac_lost: 0.106, li_recovered:  8.343, time: 0.05725859199992556
L: 0.50, u_super: 0.00141, sec: 584.620, prod: 0.004012, t_ads: 139.6, t_des: 2055.1, bed_util_ads: 0.190, bed_util_des: 0.173, des_th: 0.17263593516384668,frac_lost: 0.102, li_recovered:  8.806, time: 0.11626576799972099
L: 0.50, u_super: 0.00835, sec: 478.683, prod: 0.188872, t_ads: 23.5, t_des: 21.2, bed_util_ads: 0.500, bed_util_des: 0.500, des_th: 0.499744607750912,frac_lost: 0.109, li_recovered:  8.437, time: 0.014878048001264688
L: 0.50, u_super: 0.00113, sec: 62.829, prod: 0.023964, t_ads: 166.4, t_des: 140.8, bed_util_ads: 0.494, bed_util_des: 0.494, des_th: 0.49407366724798873,frac_lost: 0.102, li_recovered:  7.362, time: 0.009189913998852717
L: 0.50, u_super: 0.00861, sec: 494.525, prod: 0.194860, t_ads: 22.7, t_des: 20.8, bed_util_ads: 0.498, bed_util_des: 0.498, des_th: 0.49826687027226113,frac_lost: 0.107, li_recovered:  8.488, time: 0.011618118000114919
L: 0.50, u_super: 0.00678, sec: 380.137, prod: 0.153629, t_ads: 28.6, t_des: 25.9, bed_util_ads: 0.498, bed_util_des: 0.498, des_th: 0.49817699019992945,frac_lost: 0.101, li_recovered:  8.377, time: 0.03349967100075446
L: 0.50, u_super: 0.00051, sec: 33.351, prod: 0.009071, t_ads: 364.2, t_des: 499.7, bed_util_ads: 0.415, bed_util_des: 0.405, des_th: 0.4052408663369029,frac_lost: 0.104, li_recovered:  7.837, time: 0.021216851999270148
L: 11.87, u_super: 0.00223 — INFEASIBLE (li_recovered=0.000e+00), time: 0.0025541030008753296
L: 1.27, u_super: 0.00452, sec: 650.834, prod: 0.097869, t_ads: 107.0, t_des: 90.2, bed_util_ads: 0.500, bed_util_des: 0.499, des_th: 0.49945065005754374,frac_lost: 0.102, li_recovered:  19.298, time: 0.012368102001346415
L: 0.50, u_super: 0.00772, sec: 437.161, prod: 0.175057, t_ads: 25.2, t_des: 23.0, bed_util_ads: 0.498, bed_util_des: 0.498, des_th: 0.49811617046325934,frac_lost: 0.101, li_recovered:  8.426, time: 0.012529012999948463
L: 2.27, u_super: 0.00920, sec: 2501.517, prod: 0.201696, t_ads: 95.2, t_des: 81.9, bed_util_ads: 0.500, bed_util_des: 0.500, des_th: 0.4997366154610766,frac_lost: 0.107, li_recovered:  35.718, time: 0.011973470998782432
L: 10.78, u_super: 0.00816 — INFEASIBLE (li_recovered=0.000e+00), time: 0.011303753999527544
L: 0.50, u_super: 0.00623, sec: 373.164, prod: 0.130976, t_ads: 31.1, t_des: 35.1, bed_util_ads: 0.471, bed_util_des: 0.470, des_th: 0.4702553982754311,frac_lost: 0.100, li_recovered:  8.674, time: 0.020324948000052245
L: 0.50, u_super: 0.00863, sec: 495.490, prod: 0.195227, t_ads: 22.7, t_des: 20.8, bed_util_ads: 0.498, bed_util_des: 0.498, des_th: 0.49817926643484767,frac_lost: 0.106, li_recovered:  8.488, time: 0.011757666999983485
L: 0.50, u_super: 0.00948, sec: 596.026, prod: 0.198033, t_ads: 20.6, t_des: 23.4, bed_util_ads: 0.471, bed_util_des: 0.471, des_th: 0.47065713157366046,frac_lost: 0.104, li_recovered:  8.713, time: 0.012688818998867646
L: 24.80, u_super: 0.00264 — INFEASIBLE (li_recovered=0.000e+00), time: 0.0026240850002068328
L: 0.50, u_super: 0.00623, sec: 347.601, prod: 0.140971, t_ads: 31.2, t_des: 28.1, bed_util_ads: 0.499, bed_util_des: 0.499, des_th: 0.49855726697160807,frac_lost: 0.103, li_recovered:  8.366, time: 0.015745941000204766
L: 0.50, u_super: 0.00044 — INFEASIBLE (li_recovered=0.000e+00), time: 0.006009198999890941
L: 12.64, u_super: 0.00412 — INFEASIBLE (li_recovered=0.000e+00), time: 0.009802577000300516
L: 0.50, u_super: 0.00504, sec: 277.300, prod: 0.113576, t_ads: 38.6, t_des: 34.5, bed_util_ads: 0.499, bed_util_des: 0.499, des_th: 0.4985637168930232,frac_lost: 0.104, li_recovered:  8.303, time: 0.02127403800113825
L: 0.50, u_super: 0.00900, sec: 737.756, prod: 0.143563, t_ads: 21.7, t_des: 39.1, bed_util_ads: 0.413, bed_util_des: 0.412, des_th: 0.41207628401613894,frac_lost: 0.103, li_recovered:  8.726, time: 0.019670554000185803
L: 0.50, u_super: 0.00008 — INFEASIBLE (li_recovered=0.000e+00), time: 0.002904909999415395
L: 0.50, u_super: 0.00990, sec: 576.732, prod: 0.224530, t_ads: 19.7, t_des: 17.9, bed_util_ads: 0.499, bed_util_des: 0.499, des_th: 0.4993988740901905,frac_lost: 0.105, li_recovered:  8.447, time: 0.020583917999829282
L: 0.50, u_super: 0.00217, sec: 133.847, prod: 0.041940, t_ads: 88.7, t_des: 114.5, bed_util_ads: 0.448, bed_util_des: 0.446, des_th: 0.4458425937555906,frac_lost: 0.101, li_recovered:  8.520, time: 0.011842124000395415
L: 0.50, u_super: 0.00593, sec: 329.130, prod: 0.133967, t_ads: 32.7, t_des: 29.4, bed_util_ads: 0.499, bed_util_des: 0.499, des_th: 0.49905183183838236,frac_lost: 0.102, li_recovered:  8.322, time: 0.010063786001410335
L: 0.50, u_super: 0.00799, sec: 481.901, prod: 0.170857, t_ads: 24.5, t_des: 26.4, bed_util_ads: 0.477, bed_util_des: 0.477, des_th: 0.4768687820703099,frac_lost: 0.108, li_recovered:  8.701, time: 0.013306375998581643
L: 24.72, u_super: 0.00219 — INFEASIBLE (li_recovered=0.000e+00), time: 0.002252167998449295
L: 0.50, u_super: 0.00487, sec: 281.625, prod: 0.104082, t_ads: 39.9, t_des: 43.2, bed_util_ads: 0.475, bed_util_des: 0.475, des_th: 0.4745336660720334,frac_lost: 0.102, li_recovered:  8.644, time: 0.02011371499975212
L: 78.84, u_super: 0.00743 — INFEASIBLE (li_recovered=0.000e+00), time: 0.0018124799989891471
L: 0.50, u_super: 0.00744, sec: 425.108, prod: 0.166932, t_ads: 26.3, t_des: 25.3, bed_util_ads: 0.492, bed_util_des: 0.492, des_th: 0.49175086823262465,frac_lost: 0.107, li_recovered:  8.607, time: 0.018484641001123236
L: 44.56, u_super: 0.00946 — INFEASIBLE (li_recovered=0.000e+00), time: 0.002672619999430026
L: 0.50, u_super: 0.00349, sec: 189.197, prod: 0.078181, t_ads: 55.7, t_des: 49.9, bed_util_ads: 0.498, bed_util_des: 0.498, des_th: 0.49799679543308334,frac_lost: 0.106, li_recovered:  8.250, time: 0.010783599000205868
L: 0.90, u_super: 0.00122 — INFEASIBLE (li_recovered=0.000e+00), time: 0.006643077000262565
L: 0.50, u_super: 0.00286, sec: 153.803, prod: 0.063913, t_ads: 67.6, t_des: 62.1, bed_util_ads: 0.494, bed_util_des: 0.493, des_th: 0.4932159270774504,frac_lost: 0.103, li_recovered:  8.288, time: 0.012844651000705198
L: 0.50, u_super: 0.00161, sec: 88.203, prod: 0.034578, t_ads: 119.5, t_des: 100.5, bed_util_ads: 0.500, bed_util_des: 0.500, des_th: 0.49981252559085687,frac_lost: 0.107, li_recovered:  7.607, time: 0.011578395999094937
L: 0.50, u_super: 0.00005, sec: 4.352, prod: 0.000665, t_ads: 3320.5, t_des: 5395.3, bed_util_ads: 0.255, bed_util_des: 0.193, des_th: 0.19332283508192916,frac_lost: 0.102, li_recovered:  5.798, time: 0.019023303999347263
L: 0.50, u_super: 0.00156, sec: 84.847, prod: 0.034137, t_ads: 122.2, t_des: 107.0, bed_util_ads: 0.494, bed_util_des: 0.494, des_th: 0.4939688520946767,frac_lost: 0.105, li_recovered:  7.826, time: 0.01929578599992965
   547 |    21880 |     40 |  0.0015290204 |             f
L: 0.50, u_super: 0.00387, sec: 210.372, prod: 0.086894, t_ads: 50.2, t_des: 45.0, bed_util_ads: 0.499, bed_util_des: 0.498, des_th: 0.49836080585294573,frac_lost: 0.104, li_recovered:  8.266, time: 0.021811187998537207
L: 0.50, u_super: 0.00005, sec: 4.324, prod: 0.000670, t_ads: 3456.5, t_des: 5965.6, bed_util_ads: 0.252, bed_util_des: 0.182, des_th: 0.18287891712469043,frac_lost: 0.102, li_recovered:  6.308, time: 0.013052371001322172
L: 0.50, u_super: 0.00921, sec: 565.197, prod: 0.196512, t_ads: 21.2, t_des: 23.1, bed_util_ads: 0.476, bed_util_des: 0.476, des_th: 0.4759852495547296,frac_lost: 0.104, li_recovered:  8.708, time: 0.017547076000482775
L: 0.50, u_super: 0.00990, sec: 576.797, prod: 0.224505, t_ads: 19.7, t_des: 17.9, bed_util_ads: 0.500, bed_util_des: 0.500, des_th: 0.4997710116678861,frac_lost: 0.105, li_recovered:  8.445, time: 0.011437889999797335
L: 10.12, u_super: 0.00750 — INFEASIBLE (li_recovered=0.000e+00), time: 0.012907405000078143
L: 0.50, u_super: 0.00133, sec: 77.275, prod: 0.026867, t_ads: 144.6, t_des: 166.1, bed_util_ads: 0.459, bed_util_des: 0.456, des_th: 0.456175731050896,frac_lost: 0.107, li_recovered:  8.348, time: 0.015258929999617976
L: 16.24, u_super: 0.00457 — INFEASIBLE (li_recovered=0.000e+00), time: 0.003454011000940227
L: 0.50, u_super: 0.00625, sec: 348.103, prod: 0.141511, t_ads: 31.0, t_des: 28.1, bed_util_ads: 0.498, bed_util_des: 0.498, des_th: 0.49817699019992945,frac_lost: 0.101, li_recovered:  8.365, time: 0.012511049000750063
L: 0.50, u_super: 0.00207, sec: 111.951, prod: 0.045466, t_ads: 93.4, t_des: 81.2, bed_util_ads: 0.498, bed_util_des: 0.497, des_th: 0.4974627647508678,frac_lost: 0.107, li_recovered:  7.938, time: 0.010590710000542458
L: 0.50, u_super: 0.00543, sec: 299.835, prod: 0.122406, t_ads: 35.8, t_des: 32.0, bed_util_ads: 0.500, bed_util_des: 0.500, des_th: 0.4996409501165035,frac_lost: 0.103, li_recovered:  8.305, time: 0.01308535400130495
L: 0.50, u_super: 0.00924, sec: 537.547, prod: 0.207938, t_ads: 21.1, t_des: 20.3, bed_util_ads: 0.492, bed_util_des: 0.492, des_th: 0.4922754574282602,frac_lost: 0.104, li_recovered:  8.611, time: 0.011798827999882633
L: 0.50, u_super: 0.00529, sec: 291.667, prod: 0.119404, t_ads: 36.7, t_des: 32.9, bed_util_ads: 0.500, bed_util_des: 0.499, des_th: 0.4993789512656489,frac_lost: 0.102, li_recovered:  8.306, time: 0.010783530999106006
L: 0.50, u_super: 0.00489, sec: 268.937, prod: 0.110214, t_ads: 39.7, t_des: 35.5, bed_util_ads: 0.500, bed_util_des: 0.500, des_th: 0.4999535106205697,frac_lost: 0.104, li_recovered:  8.288, time: 0.011234895999223227
L: 0.50, u_super: 0.00958, sec: 555.612, prod: 0.217427, t_ads: 20.3, t_des: 18.5, bed_util_ads: 0.500, bed_util_des: 0.499, des_th: 0.4994055330559032,frac_lost: 0.103, li_recovered:  8.449, time: 0.009759714999745484
L: 0.50, u_super: 0.00974, sec: 565.732, prod: 0.220888, t_ads: 20.0, t_des: 18.2, bed_util_ads: 0.499, bed_util_des: 0.499, des_th: 0.499369302194719,frac_lost: 0.104, li_recovered:  8.439, time: 0.020514077999905567
L: 0.50, u_super: 0.00881, sec: 507.028, prod: 0.199327, t_ads: 22.2, t_des: 20.4, bed_util_ads: 0.498, bed_util_des: 0.498, des_th: 0.49832154621828273,frac_lost: 0.106, li_recovered:  8.495, time: 0.013083586998618557
L: 0.50, u_super: 0.00729, sec: 410.841, prod: 0.165275, t_ads: 26.6, t_des: 24.1, bed_util_ads: 0.499, bed_util_des: 0.499, des_th: 0.49859631341977245,frac_lost: 0.100, li_recovered:  8.376, time: 0.011349573000188684
L: 0.50, u_super: 0.00557, sec: 308.175, prod: 0.125727, t_ads: 34.9, t_des: 31.2, bed_util_ads: 0.500, bed_util_des: 0.500, des_th: 0.4996409501165035,frac_lost: 0.102, li_recovered:  8.300, time: 0.012869680000221706
L: 0.50, u_super: 0.00865, sec: 498.532, prod: 0.195095, t_ads: 22.5, t_des: 21.5, bed_util_ads: 0.493, bed_util_des: 0.493, des_th: 0.4925687024367994,frac_lost: 0.103, li_recovered:  8.588, time: 0.012398602000757819
L: 0.50, u_super: 0.00864, sec: 496.330, prod: 0.195363, t_ads: 22.7, t_des: 20.8, bed_util_ads: 0.498, bed_util_des: 0.498, des_th: 0.49826687027226113,frac_lost: 0.107, li_recovered:  8.494, time: 0.011309153998809052
L: 0.50, u_super: 0.00580, sec: 321.737, prod: 0.130906, t_ads: 33.4, t_des: 29.7, bed_util_ads: 0.500, bed_util_des: 0.500, des_th: 0.49977376948423435,frac_lost: 0.101, li_recovered:  8.261, time: 0.010685758999898098
L: 0.50, u_super: 0.00027 — INFEASIBLE (li_recovered=0.000e+00), time: 0.014398925999557832
L: 22.33, u_super: 0.00941 — INFEASIBLE (li_recovered=0.000e+00), time: 0.006998914001087542
L: 0.50, u_super: 0.00896, sec: 517.090, prod: 0.202901, t_ads: 21.8, t_des: 20.0, bed_util_ads: 0.498, bed_util_des: 0.498, des_th: 0.49811617046325934,frac_lost: 0.107, li_recovered:  8.494, time: 0.016986816999633447
L: 0.50, u_super: 0.00506, sec: 278.334, prod: 0.114024, t_ads: 38.4, t_des: 34.3, bed_util_ads: 0.499, bed_util_des: 0.499, des_th: 0.498541270505163,frac_lost: 0.103, li_recovered:  8.294, time: 0.019780603999606683
L: 0.50, u_super: 0.00130, sec: 72.411, prod: 0.027562, t_ads: 145.8, t_des: 120.8, bed_util_ads: 0.499, bed_util_des: 0.499, des_th: 0.4993141489556155,frac_lost: 0.104, li_recovered:  7.348, time: 0.01904779899996356
L: 0.50, u_super: 0.00237, sec: 142.281, prod: 0.047201, t_ads: 81.4, t_des: 99.5, bed_util_ads: 0.456, bed_util_des: 0.455, des_th: 0.45477453961602504,frac_lost: 0.102, li_recovered:  8.536, time: 0.012118704999011243
L: 0.50, u_super: 0.00835, sec: 478.022, prod: 0.189133, t_ads: 23.4, t_des: 21.2, bed_util_ads: 0.500, bed_util_des: 0.500, des_th: 0.4996973110604847,frac_lost: 0.106, li_recovered:  8.438, time: 0.01769763600168517
L: 40.19, u_super: 0.00741 — INFEASIBLE (li_recovered=0.000e+00), time: 0.002340622000701842
L: 0.50, u_super: 0.00825, sec: 471.699, prod: 0.186794, t_ads: 23.7, t_des: 21.5, bed_util_ads: 0.499, bed_util_des: 0.499, des_th: 0.4993679947540563,frac_lost: 0.106, li_recovered:  8.450, time: 0.01597975500044413
L: 0.50, u_super: 0.00776, sec: 440.322, prod: 0.175960, t_ads: 25.1, t_des: 22.6, bed_util_ads: 0.500, bed_util_des: 0.500, des_th: 0.4998866644855599,frac_lost: 0.102, li_recovered:  8.389, time: 0.019158093000442022
L: 8.17, u_super: 0.00005 — INFEASIBLE (li_recovered=0.000e+00), time: 0.002044506998572615
L: 18.01, u_super: 0.00705 — INFEASIBLE (li_recovered=0.000e+00), time: 0.003393524999410147
L: 0.50, u_super: 0.00298, sec: 160.911, prod: 0.066723, t_ads: 64.8, t_des: 58.2, bed_util_ads: 0.497, bed_util_des: 0.497, des_th: 0.4966353551120571,frac_lost: 0.103, li_recovered:  8.207, time: 0.01662396999927296
L: 0.50, u_super: 0.00377, sec: 204.893, prod: 0.084512, t_ads: 51.5, t_des: 48.4, bed_util_ads: 0.493, bed_util_des: 0.492, des_th: 0.49233343664985285,frac_lost: 0.104, li_recovered:  8.441, time: 0.019474671000352828
L: 0.50, u_super: 0.00249, sec: 135.098, prod: 0.055065, t_ads: 77.5, t_des: 67.1, bed_util_ads: 0.500, bed_util_des: 0.499, des_th: 0.4994094968005775,frac_lost: 0.105, li_recovered:  7.965, time: 0.009448652999708429
L: 0.50, u_super: 0.00504, sec: 287.811, prod: 0.109428, t_ads: 38.5, t_des: 40.5, bed_util_ads: 0.479, bed_util_des: 0.479, des_th: 0.4788866161847484,frac_lost: 0.102, li_recovered:  8.639, time: 0.012936791999891284
L: 0.50, u_super: 0.00483, sec: 265.337, prod: 0.108804, t_ads: 40.3, t_des: 36.4, bed_util_ads: 0.498, bed_util_des: 0.498, des_th: 0.49817699019992945,frac_lost: 0.106, li_recovered:  8.346, time: 0.010415519000162021
L: 0.50, u_super: 0.00576, sec: 348.630, prod: 0.119136, t_ads: 33.8, t_des: 39.0, bed_util_ads: 0.468, bed_util_des: 0.468, des_th: 0.4676665188181648,frac_lost: 0.103, li_recovered:  8.673, time: 0.012277937999897404
L: 0.50, u_super: 0.00682, sec: 382.425, prod: 0.154393, t_ads: 28.4, t_des: 25.5, bed_util_ads: 0.499, bed_util_des: 0.499, des_th: 0.4993682147126997,frac_lost: 0.100, li_recovered:  8.327, time: 0.014241914999729488
   548 |    21920 |     40 |  0.0049806462 |             f
L: 0.50, u_super: 0.00132, sec: 73.077, prod: 0.028192, t_ads: 144.6, t_des: 149.3, bed_util_ads: 0.472, bed_util_des: 0.471, des_th: 0.4707918752385455,frac_lost: 0.106, li_recovered:  8.286, time: 0.019306199999846285
L: 30.62, u_super: 0.00183 — INFEASIBLE (li_recovered=0.000e+00), time: 0.0019141440006933408
L: 0.50, u_super: 0.00022 — INFEASIBLE (li_recovered=0.000e+00), time: 0.004157912999289692
L: 0.50, u_super: 0.00094, sec: 53.343, prod: 0.019472, t_ads: 198.2, t_des: 164.2, bed_util_ads: 0.493, bed_util_des: 0.493, des_th: 0.49277313207688417,frac_lost: 0.101, li_recovered:  7.057, time: 0.01565106500129332
L: 0.50, u_super: 0.00315, sec: 169.961, prod: 0.070567, t_ads: 61.3, t_des: 55.2, bed_util_ads: 0.497, bed_util_des: 0.497, des_th: 0.49669003105914444,frac_lost: 0.102, li_recovered:  8.221, time: 0.02613493699936953
L: 0.50, u_super: 0.00120 — INFEASIBLE (li_recovered=0.000e+00), time: 0.005618598999717506
L: 0.50, u_super: 0.00039, sec: 24.666, prod: 0.007126, t_ads: 463.8, t_des: 583.0, bed_util_ads: 0.416, bed_util_des: 0.407, des_th: 0.40684664193976494,frac_lost: 0.101, li_recovered:  7.460, time: 0.019714239999302663
L: 40.87, u_super: 0.00618 — INFEASIBLE (li_recovered=0.000e+00), time: 0.0026225279998470796
L: 0.50, u_super: 0.00502, sec: 275.761, prod: 0.113264, t_ads: 38.7, t_des: 35.0, bed_util_ads: 0.498, bed_util_des: 0.498, des_th: 0.49817699019992945,frac_lost: 0.103, li_recovered:  8.340, time: 0.015227429999868036
L: 0.50, u_super: 0.00649, sec: 365.448, prod: 0.145768, t_ads: 29.9, t_des: 29.0, bed_util_ads: 0.489, bed_util_des: 0.489, des_th: 0.48901968549036884,frac_lost: 0.100, li_recovered:  8.588, time: 0.010795935999340145
L: 0.50, u_super: 0.00821, sec: 469.136, prod: 0.185924, t_ads: 23.8, t_des: 21.6, bed_util_ads: 0.498, bed_util_des: 0.498, des_th: 0.49811617046325934,frac_lost: 0.106, li_recovered:  8.438, time: 0.014480326000921195
L: 0.50, u_super: 0.00449, sec: 250.324, prod: 0.099155, t_ads: 43.3, t_des: 43.4, bed_util_ads: 0.485, bed_util_des: 0.484, des_th: 0.4842793222042475,frac_lost: 0.105, li_recovered:  8.597, time: 0.010413252999569522
L: 0.50, u_super: 0.00580, sec: 321.480, prod: 0.131202, t_ads: 33.5, t_des: 30.7, bed_util_ads: 0.497, bed_util_des: 0.497, des_th: 0.49675217479427447,frac_lost: 0.102, li_recovered:  8.413, time: 0.009875675999865052
L: 0.50, u_super: 0.00918, sec: 4858.299, prod: 0.022731, t_ads: 21.4, t_des: 364.9, bed_util_ads: 0.187, bed_util_des: 0.184, des_th: 0.18363034233420245,frac_lost: 0.104, li_recovered:  8.781, time: 0.14153505399917776
L: 0.50, u_super: 0.00444, sec: 347.123, prod: 0.069891, t_ads: 43.7, t_des: 80.4, bed_util_ads: 0.409, bed_util_des: 0.407, des_th: 0.40684664193976494,frac_lost: 0.100, li_recovered:  8.676, time: 0.02755212599913648
L: 0.50, u_super: 0.00249, sec: 134.503, prod: 0.055309, t_ads: 77.3, t_des: 68.1, bed_util_ads: 0.498, bed_util_des: 0.498, des_th: 0.498212447918767,frac_lost: 0.103, li_recovered:  8.041, time: 0.01272114200037322
L: 0.50, u_super: 0.00051, sec: 33.746, prod: 0.009144, t_ads: 360.5, t_des: 497.9, bed_util_ads: 0.415, bed_util_des: 0.405, des_th: 0.4052408663369029,frac_lost: 0.103, li_recovered:  7.850, time: 0.012674235998929362
L: 0.50, u_super: 0.00990, sec: 576.710, prod: 0.224539, t_ads: 19.7, t_des: 17.9, bed_util_ads: 0.499, bed_util_des: 0.499, des_th: 0.4990188408488795,frac_lost: 0.105, li_recovered:  8.453, time: 0.010553840998909436
L: 0.50, u_super: 0.00830, sec: 3632.092, prod: 0.024569, t_ads: 23.6, t_des: 333.7, bed_util_ads: 0.201, bed_util_des: 0.198, des_th: 0.1979239450912617,frac_lost: 0.103, li_recovered:  8.777, time: 0.11501983599919186
L: 0.50, u_super: 0.00387, sec: 210.746, prod: 0.086740, t_ads: 50.4, t_des: 45.1, bed_util_ads: 0.499, bed_util_des: 0.498, des_th: 0.498311327566129,frac_lost: 0.108, li_recovered:  8.285, time: 0.01696554299996933
L: 0.50, u_super: 0.00193, sec: 105.752, prod: 0.041751, t_ads: 99.3, t_des: 102.3, bed_util_ads: 0.476, bed_util_des: 0.475, des_th: 0.4748038739499992,frac_lost: 0.100, li_recovered:  8.416, time: 0.01323298699935549
L: 0.50, u_super: 0.00590, sec: 327.467, prod: 0.133420, t_ads: 32.9, t_des: 29.6, bed_util_ads: 0.500, bed_util_des: 0.500, des_th: 0.49982940323987735,frac_lost: 0.102, li_recovered:  8.331, time: 0.01007311099965591
L: 0.50, u_super: 0.00348, sec: 189.437, prod: 0.077658, t_ads: 56.0, t_des: 49.2, bed_util_ads: 0.500, bed_util_des: 0.500, des_th: 0.4999590870519976,frac_lost: 0.109, li_recovered:  8.169, time: 0.015651868998247664
L: 0.50, u_super: 0.00861, sec: 494.577, prod: 0.194840, t_ads: 22.7, t_des: 20.6, bed_util_ads: 0.499, bed_util_des: 0.499, des_th: 0.4988262061668498,frac_lost: 0.107, li_recovered:  8.448, time: 0.01948374300081923
L: 0.50, u_super: 0.00793, sec: 450.136, prod: 0.179807, t_ads: 24.5, t_des: 22.4, bed_util_ads: 0.498, bed_util_des: 0.498, des_th: 0.4983650330043638,frac_lost: 0.101, li_recovered:  8.440, time: 0.014400381000086782
L: 26.50, u_super: 0.00612 — INFEASIBLE (li_recovered=0.000e+00), time: 0.0024495510006090626
L: 0.50, u_super: 0.00701, sec: 394.261, prod: 0.158928, t_ads: 27.7, t_des: 25.0, bed_util_ads: 0.499, bed_util_des: 0.499, des_th: 0.49859735339637046,frac_lost: 0.101, li_recovered:  8.371, time: 0.011926821000088239
L: 0.50, u_super: 0.00111, sec: 60.898, prod: 0.023671, t_ads: 171.6, t_des: 173.1, bed_util_ads: 0.473, bed_util_des: 0.471, des_th: 0.4707918752385455,frac_lost: 0.106, li_recovered:  8.160, time: 0.014397498998732772
L: 0.50, u_super: 0.00051, sec: 33.200, prod: 0.009112, t_ads: 364.5, t_des: 495.5, bed_util_ads: 0.417, bed_util_des: 0.407, des_th: 0.40734547999015724,frac_lost: 0.105, li_recovered:  7.837, time: 0.01766087400028482
L: 0.50, u_super: 0.00005 — INFEASIBLE (li_recovered=0.000e+00), time: 0.002410504001090885
L: 0.50, u_super: 0.00315, sec: 170.744, prod: 0.070506, t_ads: 61.3, t_des: 54.3, bed_util_ads: 0.498, bed_util_des: 0.498, des_th: 0.4981411634272558,frac_lost: 0.104, li_recovered:  8.151, time: 0.01018959300017741
L: 0.50, u_super: 0.00036 — INFEASIBLE (li_recovered=0.000e+00), time: 0.010672704000171507
L: 0.50, u_super: 0.00094 — INFEASIBLE (li_recovered=0.000e+00), time: 0.005778401999123162
L: 16.86, u_super: 0.00387 — INFEASIBLE (li_recovered=0.000e+00), time: 0.002904732999013504
L: 0.50, u_super: 0.00762, sec: 621.524, prod: 0.119984, t_ads: 25.6, t_des: 47.1, bed_util_ads: 0.410, bed_util_des: 0.409, des_th: 0.4093184018618733,frac_lost: 0.103, li_recovered:  8.719, time: 0.017415325999536435
L: 0.94, u_super: 0.00096 — INFEASIBLE (li_recovered=0.000e+00), time: 0.005779588000223157
L: 0.50, u_super: 0.00218, sec: 117.769, prod: 0.048154, t_ads: 88.5, t_des: 85.4, bed_util_ads: 0.486, bed_util_des: 0.485, des_th: 0.4853990949820224,frac_lost: 0.106, li_recovered:  8.376, time: 0.01568119600051432
L: 34.45, u_super: 0.00889 — INFEASIBLE (li_recovered=0.000e+00), time: 0.009644805000789347
L: 0.50, u_super: 0.00444, sec: 243.149, prod: 0.099987, t_ads: 43.7, t_des: 39.0, bed_util_ads: 0.500, bed_util_des: 0.499, des_th: 0.4995283328144451,frac_lost: 0.104, li_recovered:  8.271, time: 0.01788678100092511
L: 0.50, u_super: 0.00764, sec: 520.500, prod: 0.143867, t_ads: 25.6, t_des: 34.9, bed_util_ads: 0.448, bed_util_des: 0.447, des_th: 0.44686072111353015,frac_lost: 0.105, li_recovered:  8.708, time: 0.028287877999900957
   549 |    21960 |     40 |  0.0025213067 |             f
L: 0.50, u_super: 0.00530, sec: 292.319, prod: 0.119542, t_ads: 36.6, t_des: 32.8, bed_util_ads: 0.500, bed_util_des: 0.499, des_th: 0.4993789512656489,frac_lost: 0.103, li_recovered:  8.299, time: 0.009910762000799878
L: 0.50, u_super: 0.00768, sec: 436.629, prod: 0.173691, t_ads: 25.5, t_des: 23.1, bed_util_ads: 0.500, bed_util_des: 0.500, des_th: 0.4998295454781799,frac_lost: 0.108, li_recovered:  8.434, time: 0.013234436999482568
L: 0.50, u_super: 0.00946, sec: 552.691, prod: 0.212722, t_ads: 20.7, t_des: 19.8, bed_util_ads: 0.492, bed_util_des: 0.492, des_th: 0.49226492108992587,frac_lost: 0.106, li_recovered:  8.618, time: 0.00998236599843949
L: 0.50, u_super: 0.00696, sec: 392.417, prod: 0.157238, t_ads: 28.1, t_des: 25.5, bed_util_ads: 0.498, bed_util_des: 0.498, des_th: 0.49813911675571826,frac_lost: 0.108, li_recovered:  8.438, time: 0.021583653000561753
L: 0.63, u_super: 0.00492, sec: 341.378, prod: 0.110528, t_ads: 49.5, t_des: 46.5, bed_util_ads: 0.492, bed_util_des: 0.492, des_th: 0.4919612693693947,frac_lost: 0.103, li_recovered:  10.614, time: 0.010342424000555184
L: 71.12, u_super: 0.00133 — INFEASIBLE (li_recovered=0.000e+00), time: 0.002012180000747321
L: 0.50, u_super: 0.00343, sec: 186.109, prod: 0.076616, t_ads: 56.9, t_des: 50.6, bed_util_ads: 0.498, bed_util_des: 0.498, des_th: 0.49798809542629424,frac_lost: 0.109, li_recovered:  8.237, time: 0.018793720000758185
L: 0.50, u_super: 0.00554, sec: 306.170, prod: 0.125100, t_ads: 35.0, t_des: 31.3, bed_util_ads: 0.500, bed_util_des: 0.500, des_th: 0.4996409501165035,frac_lost: 0.101, li_recovered:  8.301, time: 0.010038955999334576
L: 16.30, u_super: 0.00881 — INFEASIBLE (li_recovered=0.000e+00), time: 0.00884995600063121
L: 0.50, u_super: 0.00958, sec: 556.323, prod: 0.217149, t_ads: 20.4, t_des: 18.5, bed_util_ads: 0.500, bed_util_des: 0.500, des_th: 0.49968945372053014,frac_lost: 0.106, li_recovered:  8.446, time: 0.01092121399960888
L: 0.50, u_super: 0.00434, sec: 237.054, prod: 0.097707, t_ads: 44.8, t_des: 40.5, bed_util_ads: 0.498, bed_util_des: 0.498, des_th: 0.4981807167268225,frac_lost: 0.105, li_recovered:  8.328, time: 0.017284691999520874
L: 0.50, u_super: 0.00760, sec: 429.811, prod: 0.172417, t_ads: 25.5, t_des: 23.4, bed_util_ads: 0.498, bed_util_des: 0.498, des_th: 0.49826687027226113,frac_lost: 0.101, li_recovered:  8.429, time: 0.02159940199999255
L: 0.50, u_super: 0.00005, sec: 4.332, prod: 0.000668, t_ads: 3399.4, t_des: 5772.9, bed_util_ads: 0.251, bed_util_des: 0.185, des_th: 0.1851696623157332,frac_lost: 0.100, li_recovered:  6.129, time: 0.014215941999282222
L: 0.50, u_super: 0.00377, sec: 205.161, prod: 0.084402, t_ads: 51.6, t_des: 45.6, bed_util_ads: 0.499, bed_util_des: 0.499, des_th: 0.49916959474061035,frac_lost: 0.106, li_recovered:  8.205, time: 0.011064788999647135
L: 0.50, u_super: 0.00701, sec: 404.460, prod: 0.154837, t_ads: 27.9, t_des: 28.0, bed_util_ads: 0.485, bed_util_des: 0.485, des_th: 0.48511571108201434,frac_lost: 0.107, li_recovered:  8.659, time: 0.010225711999737541
L: 0.50, u_super: 0.00252, sec: 135.913, prod: 0.056052, t_ads: 76.5, t_des: 67.9, bed_util_ads: 0.497, bed_util_des: 0.497, des_th: 0.4966353551120571,frac_lost: 0.104, li_recovered:  8.094, time: 0.022017826000592322
L: 0.50, u_super: 0.00714, sec: 403.626, prod: 0.161092, t_ads: 27.2, t_des: 26.0, bed_util_ads: 0.492, bed_util_des: 0.492, des_th: 0.49175086823262465,frac_lost: 0.100, li_recovered:  8.567, time: 0.010109703000125592
L: 0.50, u_super: 0.00890, sec: 512.925, prod: 0.201659, t_ads: 22.0, t_des: 20.1, bed_util_ads: 0.498, bed_util_des: 0.498, des_th: 0.49758380487202686,frac_lost: 0.106, li_recovered:  8.484, time: 0.015038649000416626
L: 0.50, u_super: 0.00216, sec: 117.665, prod: 0.047460, t_ads: 89.3, t_des: 76.5, bed_util_ads: 0.500, bed_util_des: 0.500, des_th: 0.4996355159404824,frac_lost: 0.108, li_recovered:  7.872, time: 0.013630624998768326
L: 0.50, u_super: 0.00590, sec: 384.600, prod: 0.113600, t_ads: 32.9, t_des: 43.5, bed_util_ads: 0.451, bed_util_des: 0.450, des_th: 0.4498810526875413,frac_lost: 0.100, li_recovered:  8.680, time: 0.014612811000915826
L: 8.03, u_super: 0.00897 — INFEASIBLE (li_recovered=0.000e+00), time: 0.012796130000424455
L: 0.50, u_super: 0.00958, sec: 622.674, prod: 0.194010, t_ads: 20.4, t_des: 24.6, bed_util_ads: 0.463, bed_util_des: 0.463, des_th: 0.4626336023645963,frac_lost: 0.104, li_recovered:  8.716, time: 0.016298917998938123
L: 0.50, u_super: 0.00393, sec: 214.092, prod: 0.088214, t_ads: 49.5, t_des: 44.2, bed_util_ads: 0.499, bed_util_des: 0.498, des_th: 0.4983695058597349,frac_lost: 0.106, li_recovered:  8.262, time: 0.019750568999370444
L: 0.50, u_super: 0.00920, sec: 531.388, prod: 0.208831, t_ads: 21.2, t_des: 19.2, bed_util_ads: 0.498, bed_util_des: 0.498, des_th: 0.4982157151853198,frac_lost: 0.103, li_recovered:  8.441, time: 0.011245072999372496
L: 0.50, u_super: 0.00678, sec: 380.001, prod: 0.153684, t_ads: 28.6, t_des: 25.8, bed_util_ads: 0.498, bed_util_des: 0.498, des_th: 0.4981770115715087,frac_lost: 0.100, li_recovered:  8.365, time: 0.020907697999064112
L: 0.50, u_super: 0.00580, sec: 321.480, prod: 0.131202, t_ads: 33.5, t_des: 30.7, bed_util_ads: 0.497, bed_util_des: 0.497, des_th: 0.49675217479427447,frac_lost: 0.102, li_recovered:  8.413, time: 0.019236214000557084
L: 0.50, u_super: 0.00646, sec: 390.551, prod: 0.135037, t_ads: 30.3, t_des: 34.1, bed_util_ads: 0.471, bed_util_des: 0.470, des_th: 0.47046876943621213,frac_lost: 0.106, li_recovered:  8.686, time: 0.015288022999811801
L: 0.50, u_super: 0.00218, sec: 117.769, prod: 0.048154, t_ads: 88.5, t_des: 85.4, bed_util_ads: 0.486, bed_util_des: 0.485, des_th: 0.4853990949820224,frac_lost: 0.106, li_recovered:  8.376, time: 0.017245081999135436
L: 34.41, u_super: 0.00176 — INFEASIBLE (li_recovered=0.000e+00), time: 0.0018185320004704408
L: 0.50, u_super: 0.00557, sec: 308.175, prod: 0.125727, t_ads: 34.9, t_des: 31.2, bed_util_ads: 0.500, bed_util_des: 0.500, des_th: 0.4996409501165035,frac_lost: 0.102, li_recovered:  8.300, time: 0.02056349600024987
L: 0.50, u_super: 0.00324, sec: 175.201, prod: 0.072532, t_ads: 59.5, t_des: 52.9, bed_util_ads: 0.498, bed_util_des: 0.498, des_th: 0.49799679543308334,frac_lost: 0.101, li_recovered:  8.153, time: 0.018454768000083277
L: 0.50, u_super: 0.00612, sec: 341.501, prod: 0.137992, t_ads: 31.7, t_des: 30.1, bed_util_ads: 0.492, bed_util_des: 0.492, des_th: 0.4922105352831075,frac_lost: 0.102, li_recovered:  8.532, time: 0.01435935700101254
L: 0.50, u_super: 0.00990, sec: 576.877, prod: 0.224387, t_ads: 19.8, t_des: 17.9, bed_util_ads: 0.499, bed_util_des: 0.499, des_th: 0.4986068412700213,frac_lost: 0.105, li_recovered:  8.449, time: 0.009772314000656479
L: 0.50, u_super: 0.00990, sec: 598.583, prod: 0.216338, t_ads: 19.7, t_des: 20.5, bed_util_ads: 0.482, bed_util_des: 0.481, des_th: 0.4813473014803805,frac_lost: 0.104, li_recovered:  8.701, time: 0.02914142999907199
L: 0.50, u_super: 0.00530, sec: 292.512, prod: 0.119484, t_ads: 36.7, t_des: 32.8, bed_util_ads: 0.500, bed_util_des: 0.499, des_th: 0.4993789512656489,frac_lost: 0.104, li_recovered:  8.306, time: 0.014212981999662588
L: 0.50, u_super: 0.00426, sec: 232.928, prod: 0.095480, t_ads: 45.7, t_des: 40.4, bed_util_ads: 0.500, bed_util_des: 0.500, des_th: 0.4999590870519976,frac_lost: 0.106, li_recovered:  8.222, time: 0.019661903999804053
L: 11.70, u_super: 0.00892 — INFEASIBLE (li_recovered=0.000e+00), time: 0.005670821999956388
L: 0.50, u_super: 0.00502, sec: 306.109, prod: 0.102081, t_ads: 38.7, t_des: 46.1, bed_util_ads: 0.463, bed_util_des: 0.462, des_th: 0.46198367967566034,frac_lost: 0.103, li_recovered:  8.659, time: 0.015071679999891785
L: 0.50, u_super: 0.00621, sec: 346.097, prod: 0.140415, t_ads: 31.3, t_des: 28.0, bed_util_ads: 0.499, bed_util_des: 0.499, des_th: 0.49905183183838236,frac_lost: 0.102, li_recovered:  8.324, time: 0.023842960999900242
L: 0.50, u_super: 0.00264, sec: 141.689, prod: 0.058852, t_ads: 73.2, t_des: 67.4, bed_util_ads: 0.493, bed_util_des: 0.492, des_th: 0.4922775031877628,frac_lost: 0.103, li_recovered:  8.277, time: 0.013269614000819274
   550 |    22000 |     40 |  0.0024505544 |             f
L: 0.50, u_super: 0.00595, sec: 330.206, prod: 0.134533, t_ads: 32.6, t_des: 29.6, bed_util_ads: 0.499, bed_util_des: 0.499, des_th: 0.49905183183838236,frac_lost: 0.102, li_recovered:  8.371, time: 0.010003289999076515
L: 0.50, u_super: 0.00132, sec: 72.007, prod: 0.028632, t_ads: 144.4, t_des: 142.6, bed_util_ads: 0.477, bed_util_des: 0.476, des_th: 0.47583874301219814,frac_lost: 0.105, li_recovered:  8.217, time: 0.023606007000125828
L: 0.50, u_super: 0.00122, sec: 66.934, prod: 0.026153, t_ads: 155.8, t_des: 158.2, bed_util_ads: 0.472, bed_util_des: 0.471, des_th: 0.4707918752385455,frac_lost: 0.103, li_recovered:  8.213, time: 0.010486405000847299
L: 0.50, u_super: 0.00914, sec: 596.000, prod: 0.183271, t_ads: 21.4, t_des: 26.2, bed_util_ads: 0.462, bed_util_des: 0.461, des_th: 0.46117221125679636,frac_lost: 0.104, li_recovered:  8.714, time: 0.02021920399965893
L: 0.50, u_super: 0.00502, sec: 275.897, prod: 0.113208, t_ads: 38.7, t_des: 34.9, bed_util_ads: 0.498, bed_util_des: 0.498, des_th: 0.4977998818316125,frac_lost: 0.103, li_recovered:  8.335, time: 0.019215145000998746
L: 0.50, u_super: 0.00873, sec: 4877.126, prod: 0.020322, t_ads: 22.5, t_des: 409.6, bed_util_ads: 0.182, bed_util_des: 0.178, des_th: 0.17849560118151353,frac_lost: 0.104, li_recovered:  8.781, time: 0.13589738700102316
L: 0.50, u_super: 0.00689, sec: 393.534, prod: 0.153393, t_ads: 28.4, t_des: 27.9, bed_util_ads: 0.489, bed_util_des: 0.488, des_th: 0.48828317417103245,frac_lost: 0.108, li_recovered:  8.633, time: 0.018702100000155042
L: 0.50, u_super: 0.00054 — INFEASIBLE (li_recovered=0.000e+00), time: 0.0115207079998072
L: 0.50, u_super: 0.00298, sec: 170.219, prod: 0.063074, t_ads: 65.3, t_des: 70.7, bed_util_ads: 0.473, bed_util_des: 0.472, des_th: 0.472392529919597,frac_lost: 0.108, li_recovered:  8.576, time: 0.017844522000814322
L: 0.50, u_super: 0.00264, sec: 141.795, prod: 0.058809, t_ads: 73.1, t_des: 65.9, bed_util_ads: 0.495, bed_util_des: 0.494, des_th: 0.4943664762380452,frac_lost: 0.103, li_recovered:  8.178, time: 0.026210514000922558
L: 0.50, u_super: 0.00411, sec: 224.267, prod: 0.092194, t_ads: 47.3, t_des: 41.8, bed_util_ads: 0.500, bed_util_des: 0.499, des_th: 0.49945065005754374,frac_lost: 0.104, li_recovered:  8.213, time: 0.016668418000335805
L: 0.50, u_super: 0.00654, sec: 368.157, prod: 0.146834, t_ads: 29.9, t_des: 28.5, bed_util_ads: 0.493, bed_util_des: 0.492, des_th: 0.49232351058327406,frac_lost: 0.106, li_recovered:  8.571, time: 0.04331380400071794
L: 0.50, u_super: 0.00845, sec: 483.853, prod: 0.191210, t_ads: 23.1, t_des: 21.0, bed_util_ads: 0.498, bed_util_des: 0.498, des_th: 0.49826687027226113,frac_lost: 0.106, li_recovered:  8.444, time: 0.012094140000044717
L: 0.50, u_super: 0.00414, sec: 225.802, prod: 0.093124, t_ads: 47.0, t_des: 42.8, bed_util_ads: 0.497, bed_util_des: 0.497, des_th: 0.4967646032941868,frac_lost: 0.106, li_recovered:  8.363, time: 0.011022931001207326
L: 0.50, u_super: 0.00229, sec: 125.108, prod: 0.050258, t_ads: 84.1, t_des: 84.0, bed_util_ads: 0.481, bed_util_des: 0.481, des_th: 0.480536904341893,frac_lost: 0.105, li_recovered:  8.449, time: 0.016501165000590845
L: 0.50, u_super: 0.00946, sec: 548.498, prod: 0.214539, t_ads: 20.6, t_des: 18.7, bed_util_ads: 0.499, bed_util_des: 0.499, des_th: 0.499369302194719,frac_lost: 0.105, li_recovered:  8.450, time: 0.014276620999225997
L: 0.50, u_super: 0.00005 — INFEASIBLE (li_recovered=0.000e+00), time: 0.002107670999976108
L: 0.50, u_super: 0.00392, sec: 213.416, prod: 0.088182, t_ads: 49.5, t_des: 44.8, bed_util_ads: 0.497, bed_util_des: 0.497, des_th: 0.4971985549546922,frac_lost: 0.105, li_recovered:  8.314, time: 0.010445383000842412
L: 10.09, u_super: 0.00043 — INFEASIBLE (li_recovered=0.000e+00), time: 0.0022158049996505724
L: 22.21, u_super: 0.00187 — INFEASIBLE (li_recovered=0.000e+00), time: 0.002078274999803398
L: 0.50, u_super: 0.00861, sec: 505.342, prod: 0.190689, t_ads: 22.7, t_des: 22.8, bed_util_ads: 0.486, bed_util_des: 0.486, des_th: 0.4857899382906828,frac_lost: 0.105, li_recovered:  8.672, time: 0.017632860000958317
L: 0.50, u_super: 0.00487, sec: 267.570, prod: 0.109674, t_ads: 39.9, t_des: 35.6, bed_util_ads: 0.499, bed_util_des: 0.499, des_th: 0.49904621275186895,frac_lost: 0.103, li_recovered:  8.275, time: 0.014780935000089812
L: 10.72, u_super: 0.00922 — INFEASIBLE (li_recovered=0.000e+00), time: 0.006238960999326082
L: 5.04, u_super: 0.00008 — INFEASIBLE (li_recovered=0.000e+00), time: 0.007009340000877273
L: 0.50, u_super: 0.00458, sec: 251.415, prod: 0.103019, t_ads: 42.5, t_des: 37.9, bed_util_ads: 0.500, bed_util_des: 0.499, des_th: 0.49945065005754374,frac_lost: 0.107, li_recovered:  8.288, time: 0.018176727999161812
L: 51.57, u_super: 0.00799 — INFEASIBLE (li_recovered=0.000e+00), time: 0.002404234001005534
L: 0.50, u_super: 0.00990, sec: 577.282, prod: 0.224316, t_ads: 19.8, t_des: 17.9, bed_util_ads: 0.499, bed_util_des: 0.499, des_th: 0.49919798879691446,frac_lost: 0.106, li_recovered:  8.458, time: 0.011095851999925799
L: 0.50, u_super: 0.00708, sec: 399.367, prod: 0.159931, t_ads: 27.6, t_des: 25.5, bed_util_ads: 0.496, bed_util_des: 0.496, des_th: 0.4956546320579523,frac_lost: 0.106, li_recovered:  8.489, time: 0.010479178999958094
L: 0.50, u_super: 0.00271, sec: 146.037, prod: 0.060536, t_ads: 71.2, t_des: 64.1, bed_util_ads: 0.496, bed_util_des: 0.496, des_th: 0.49560862466236844,frac_lost: 0.104, li_recovered:  8.188, time: 0.014630950001446763
L: 0.50, u_super: 0.00958, sec: 599.809, prod: 0.201406, t_ads: 20.3, t_des: 22.9, bed_util_ads: 0.472, bed_util_des: 0.472, des_th: 0.47174489508674605,frac_lost: 0.102, li_recovered:  8.711, time: 0.011165810999955283
L: 0.50, u_super: 0.00953, sec: 552.783, prod: 0.216141, t_ads: 20.5, t_des: 18.6, bed_util_ads: 0.498, bed_util_des: 0.498, des_th: 0.4982157151853198,frac_lost: 0.104, li_recovered:  8.451, time: 0.01850664800076629
L: 0.50, u_super: 0.00757, sec: 429.385, prod: 0.171056, t_ads: 25.9, t_des: 23.4, bed_util_ads: 0.498, bed_util_des: 0.498, des_th: 0.4982357848212659,frac_lost: 0.108, li_recovered:  8.436, time: 0.018306347001271206
L: 0.50, u_super: 0.00714, sec: 406.428, prod: 0.159982, t_ads: 27.4, t_des: 26.4, bed_util_ads: 0.492, bed_util_des: 0.492, des_th: 0.49158244244351434,frac_lost: 0.107, li_recovered:  8.605, time: 0.021070712000437197
L: 0.50, u_super: 0.00835, sec: 478.022, prod: 0.189133, t_ads: 23.4, t_des: 21.2, bed_util_ads: 0.500, bed_util_des: 0.500, des_th: 0.4996973110604847,frac_lost: 0.106, li_recovered:  8.438, time: 0.020463013999687973
L: 0.50, u_super: 0.00990, sec: 7203.611, prod: 0.017976, t_ads: 19.8, t_des: 468.7, bed_util_ads: 0.163, bed_util_des: 0.160, des_th: 0.16024833064135013,frac_lost: 0.102, li_recovered:  8.782, time: 0.21339800799978548
L: 0.50, u_super: 0.00091, sec: 49.648, prod: 0.019407, t_ads: 207.1, t_des: 199.6, bed_util_ads: 0.475, bed_util_des: 0.473, des_th: 0.4733972005390942,frac_lost: 0.104, li_recovered:  7.893, time: 0.013582489998952951
L: 0.50, u_super: 0.00580, sec: 321.468, prod: 0.131207, t_ads: 33.4, t_des: 30.3, bed_util_ads: 0.498, bed_util_des: 0.498, des_th: 0.4977497049330385,frac_lost: 0.102, li_recovered:  8.359, time: 0.0140735320001113
L: 0.50, u_super: 0.00399, sec: 217.950, prod: 0.089406, t_ads: 48.8, t_des: 46.0, bed_util_ads: 0.492, bed_util_des: 0.492, des_th: 0.49175086823262465,frac_lost: 0.106, li_recovered:  8.474, time: 0.020503318000919535
L: 0.50, u_super: 0.00183, sec: 99.143, prod: 0.039983, t_ads: 104.7, t_des: 90.6, bed_util_ads: 0.498, bed_util_des: 0.497, des_th: 0.4972851443334198,frac_lost: 0.103, li_recovered:  7.809, time: 0.015089185999386245
L: 0.50, u_super: 0.00741, sec: 421.908, prod: 0.166495, t_ads: 26.4, t_des: 25.1, bed_util_ads: 0.493, bed_util_des: 0.492, des_th: 0.49233343664985285,frac_lost: 0.108, li_recovered:  8.583, time: 0.017042363999280497
   551 |    22040 |     40 |  0.0037247834 |             f
L: 0.50, u_super: 0.00039, sec: 24.487, prod: 0.007215, t_ads: 461.7, t_des: 569.5, bed_util_ads: 0.419, bed_util_des: 0.410, des_th: 0.4104705041276479,frac_lost: 0.101, li_recovered:  7.440, time: 0.0131408540000848
L: 0.50, u_super: 0.00786, sec: 448.044, prod: 0.177290, t_ads: 25.0, t_des: 23.1, bed_util_ads: 0.497, bed_util_des: 0.497, des_th: 0.49662134893500043,frac_lost: 0.109, li_recovered:  8.521, time: 0.016737157999159535
L: 0.50, u_super: 0.00188, sec: 730.450, prod: 0.005756, t_ads: 104.3, t_des: 1422.7, bed_util_ads: 0.198, bed_util_des: 0.185, des_th: 0.1851696623157332,frac_lost: 0.102, li_recovered:  8.789, time: 0.1581976779998513
L: 0.50, u_super: 0.00215, sec: 116.733, prod: 0.047388, t_ads: 89.7, t_des: 87.6, bed_util_ads: 0.484, bed_util_des: 0.483, des_th: 0.4831327237039233,frac_lost: 0.106, li_recovered:  8.400, time: 0.019911400999262696
L: 0.50, u_super: 0.00881, sec: 558.580, prod: 0.181127, t_ads: 22.2, t_des: 25.9, bed_util_ads: 0.468, bed_util_des: 0.467, des_th: 0.46722551161393655,frac_lost: 0.105, li_recovered:  8.711, time: 0.02101423000021896
L: 0.50, u_super: 0.00458, sec: 251.259, prod: 0.103083, t_ads: 42.5, t_des: 37.9, bed_util_ads: 0.500, bed_util_des: 0.500, des_th: 0.49982877160060535,frac_lost: 0.106, li_recovered:  8.287, time: 0.016820018001453718
L: 0.50, u_super: 0.00786, sec: 445.969, prod: 0.178401, t_ads: 24.7, t_des: 22.6, bed_util_ads: 0.498, bed_util_des: 0.498, des_th: 0.49837253353955674,frac_lost: 0.101, li_recovered:  8.436, time: 0.011283444000582676
L: 0.50, u_super: 0.00952, sec: 553.128, prod: 0.215605, t_ads: 20.5, t_des: 19.1, bed_util_ads: 0.496, bed_util_des: 0.495, des_th: 0.49546855801292145,frac_lost: 0.105, li_recovered:  8.535, time: 0.03828815799897711
L: 0.50, u_super: 0.00395, sec: 225.226, prod: 0.084596, t_ads: 49.3, t_des: 52.5, bed_util_ads: 0.477, bed_util_des: 0.476, des_th: 0.47584088945301334,frac_lost: 0.106, li_recovered:  8.618, time: 0.012249186000190093
L: 0.50, u_super: 0.00990, sec: 576.301, prod: 0.224698, t_ads: 19.7, t_des: 17.9, bed_util_ads: 0.500, bed_util_des: 0.500, des_th: 0.4995959852807167,frac_lost: 0.103, li_recovered:  8.443, time: 0.01105223299964564
L: 0.50, u_super: 0.00364, sec: 2249.422, prod: 0.007165, t_ads: 53.9, t_des: 1173.3, bed_util_ads: 0.167, bed_util_des: 0.159, des_th: 0.15908431442104864,frac_lost: 0.102, li_recovered:  8.793, time: 0.1974310269997659
L: 0.50, u_super: 0.00655, sec: 367.859, prod: 0.147466, t_ads: 29.9, t_des: 27.8, bed_util_ads: 0.496, bed_util_des: 0.496, des_th: 0.4956546320579523,frac_lost: 0.109, li_recovered:  8.513, time: 0.011939620000703144
L: 0.50, u_super: 0.00132, sec: 72.063, prod: 0.028609, t_ads: 144.6, t_des: 142.8, bed_util_ads: 0.477, bed_util_des: 0.476, des_th: 0.4757642048115521,frac_lost: 0.106, li_recovered:  8.221, time: 0.017164832001071773
L: 0.50, u_super: 0.00920, sec: 532.258, prod: 0.208489, t_ads: 21.2, t_des: 19.5, bed_util_ads: 0.498, bed_util_des: 0.498, des_th: 0.49821553263176027,frac_lost: 0.106, li_recovered:  8.489, time: 0.027885729999979958
L: 0.50, u_super: 0.00377, sec: 205.054, prod: 0.084446, t_ads: 51.6, t_des: 48.5, bed_util_ads: 0.493, bed_util_des: 0.492, des_th: 0.4921733158633161,frac_lost: 0.106, li_recovered:  8.447, time: 0.013507012999980361
L: 0.50, u_super: 0.00033, sec: 21.081, prod: 0.005856, t_ads: 546.2, t_des: 693.2, bed_util_ads: 0.408, bed_util_des: 0.397, des_th: 0.39695902472160255,frac_lost: 0.102, li_recovered:  7.257, time: 0.021848503000001074
L: 0.50, u_super: 0.00990, sec: 576.842, prod: 0.224487, t_ads: 19.7, t_des: 17.9, bed_util_ads: 0.500, bed_util_des: 0.500, des_th: 0.49972956312089767,frac_lost: 0.105, li_recovered:  8.447, time: 0.01098490600088553
L: 3.57, u_super: 0.00706 — INFEASIBLE (li_recovered=0.000e+00), time: 0.005859880000571138
L: 0.50, u_super: 0.00502, sec: 276.090, prod: 0.113129, t_ads: 38.7, t_des: 34.5, bed_util_ads: 0.500, bed_util_des: 0.500, des_th: 0.49983446594447983,frac_lost: 0.103, li_recovered:  8.284, time: 0.012704733000646229
L: 0.50, u_super: 0.00219, sec: 118.279, prod: 0.048272, t_ads: 88.4, t_des: 85.3, bed_util_ads: 0.486, bed_util_des: 0.485, des_th: 0.4853990949820224,frac_lost: 0.107, li_recovered:  8.382, time: 0.010970088998874417
L: 0.50, u_super: 0.00431, sec: 236.048, prod: 0.096894, t_ads: 45.0, t_des: 39.7, bed_util_ads: 0.500, bed_util_des: 0.500, des_th: 0.4999590870519976,frac_lost: 0.104, li_recovered:  8.209, time: 0.025535259999742266
L: 0.50, u_super: 0.00305, sec: 235.844, prod: 0.047745, t_ads: 63.5, t_des: 117.4, bed_util_ads: 0.406, bed_util_des: 0.404, des_th: 0.4037674200853798,frac_lost: 0.101, li_recovered:  8.635, time: 0.029842527999790036
L: 0.50, u_super: 0.00030 — INFEASIBLE (li_recovered=0.000e+00), time: 0.005842365999342292
L: 0.50, u_super: 0.00504, sec: 277.286, prod: 0.113877, t_ads: 38.5, t_des: 34.8, bed_util_ads: 0.498, bed_util_des: 0.498, des_th: 0.49823796667025366,frac_lost: 0.103, li_recovered:  8.345, time: 0.013493551999999909
L: 0.50, u_super: 0.00286, sec: 154.139, prod: 0.064072, t_ads: 67.2, t_des: 60.6, bed_util_ads: 0.496, bed_util_des: 0.495, des_th: 0.4953813715075712,frac_lost: 0.101, li_recovered:  8.191, time: 0.011984872000539326
L: 0.50, u_super: 0.00768, sec: 496.065, prod: 0.152880, t_ads: 25.5, t_des: 31.4, bed_util_ads: 0.460, bed_util_des: 0.460, des_th: 0.4595709728691158,frac_lost: 0.107, li_recovered:  8.707, time: 0.019656741000289912
L: 0.50, u_super: 0.00846, sec: 485.463, prod: 0.191345, t_ads: 23.2, t_des: 21.0, bed_util_ads: 0.500, bed_util_des: 0.500, des_th: 0.4996973110604847,frac_lost: 0.108, li_recovered:  8.444, time: 0.015185222000582144
L: 0.50, u_super: 0.00660, sec: 369.296, prod: 0.149198, t_ads: 29.4, t_des: 26.3, bed_util_ads: 0.500, bed_util_des: 0.500, des_th: 0.4995854074868623,frac_lost: 0.101, li_recovered:  8.311, time: 0.012986571999135776
L: 0.50, u_super: 0.00987, sec: 575.124, prod: 0.223859, t_ads: 19.8, t_des: 18.1, bed_util_ads: 0.498, bed_util_des: 0.498, des_th: 0.4982157151853198,frac_lost: 0.105, li_recovered:  8.490, time: 0.013362683001105324
L: 0.50, u_super: 0.00580, sec: 326.748, prod: 0.129087, t_ads: 33.5, t_des: 33.2, bed_util_ads: 0.486, bed_util_des: 0.486, des_th: 0.4857148068809857,frac_lost: 0.102, li_recovered:  8.614, time: 0.012539212999399751
L: 0.50, u_super: 0.00015 — INFEASIBLE (li_recovered=0.000e+00), time: 0.004091567998329992
L: 0.50, u_super: 0.00768, sec: 435.583, prod: 0.174108, t_ads: 25.3, t_des: 22.6, bed_util_ads: 0.500, bed_util_des: 0.500, des_th: 0.4998295454781799,frac_lost: 0.101, li_recovered:  8.333, time: 0.021098278000863502
L: 0.50, u_super: 0.00045 — INFEASIBLE (li_recovered=0.000e+00), time: 0.006623526000112179
L: 0.50, u_super: 0.00682, sec: 383.587, prod: 0.153939, t_ads: 28.7, t_des: 25.7, bed_util_ads: 0.500, bed_util_des: 0.500, des_th: 0.499935563686458,frac_lost: 0.108, li_recovered:  8.376, time: 0.026287184000466368
L: 0.50, u_super: 0.00447, sec: 244.714, prod: 0.100356, t_ads: 43.6, t_des: 38.8, bed_util_ads: 0.499, bed_util_des: 0.499, des_th: 0.49930050434464235,frac_lost: 0.106, li_recovered:  8.270, time: 0.016777318000094965
L: 0.50, u_super: 0.00346, sec: 187.197, prod: 0.077655, t_ads: 55.7, t_des: 52.6, bed_util_ads: 0.492, bed_util_des: 0.491, des_th: 0.49130235915918047,frac_lost: 0.100, li_recovered:  8.417, time: 0.016081791000033263
L: 3.02, u_super: 0.00298 — INFEASIBLE (li_recovered=0.000e+00), time: 0.015815868999197846
L: 0.50, u_super: 0.00797, sec: 464.887, prod: 0.176316, t_ads: 24.5, t_des: 24.6, bed_util_ads: 0.485, bed_util_des: 0.485, des_th: 0.4851333244440255,frac_lost: 0.106, li_recovered:  8.668, time: 0.01422515000012936
L: 0.50, u_super: 0.00774, sec: 439.518, prod: 0.175020, t_ads: 25.3, t_des: 22.9, bed_util_ads: 0.498, bed_util_des: 0.498, des_th: 0.4980360929450443,frac_lost: 0.106, li_recovered:  8.436, time: 0.01293636999980663
L: 0.50, u_super: 0.00182, sec: 98.250, prod: 0.040022, t_ads: 106.1, t_des: 101.3, bed_util_ads: 0.486, bed_util_des: 0.485, des_th: 0.4853990949820224,frac_lost: 0.108, li_recovered:  8.299, time: 0.015548732000752352
   552 |    22080 |     40 |  0.0018513604 |             f
L: 91.30, u_super: 0.00077 — INFEASIBLE (li_recovered=0.000e+00), time: 0.0016895820008357987
L: 0.50, u_super: 0.00729, sec: 413.035, prod: 0.164398, t_ads: 26.6, t_des: 25.5, bed_util_ads: 0.491, bed_util_des: 0.491, des_th: 0.4910018696581537,frac_lost: 0.100, li_recovered:  8.573, time: 0.011687464000715408
L: 0.50, u_super: 0.00007 — INFEASIBLE (li_recovered=0.000e+00), time: 0.002892038999561919
L: 0.50, u_super: 0.00458, sec: 251.635, prod: 0.102929, t_ads: 42.5, t_des: 37.5, bed_util_ads: 0.500, bed_util_des: 0.500, des_th: 0.4999078143338196,frac_lost: 0.105, li_recovered:  8.225, time: 0.01955052099947352
L: 18.79, u_super: 0.00958 — INFEASIBLE (li_recovered=0.000e+00), time: 0.00904881899987231
L: 0.50, u_super: 0.00757, sec: 429.617, prod: 0.170963, t_ads: 25.9, t_des: 23.7, bed_util_ads: 0.498, bed_util_des: 0.498, des_th: 0.4982441570748895,frac_lost: 0.108, li_recovered:  8.476, time: 0.011437330000262591
L: 0.50, u_super: 0.00426, sec: 233.529, prod: 0.095235, t_ads: 45.7, t_des: 43.7, bed_util_ads: 0.491, bed_util_des: 0.491, des_th: 0.4907190691350927,frac_lost: 0.106, li_recovered:  8.514, time: 0.016496714000822976
L: 0.50, u_super: 0.00005, sec: 4.327, prod: 0.000669, t_ads: 3488.9, t_des: 6076.0, bed_util_ads: 0.251, bed_util_des: 0.180, des_th: 0.18042559181546539,frac_lost: 0.103, li_recovered:  6.399, time: 0.018859509998947033
L: 0.50, u_super: 0.00298, sec: 161.358, prod: 0.066538, t_ads: 64.6, t_des: 56.9, bed_util_ads: 0.498, bed_util_des: 0.498, des_th: 0.4981878991619211,frac_lost: 0.102, li_recovered:  8.086, time: 0.015341554000769975
L: 13.56, u_super: 0.00132 — INFEASIBLE (li_recovered=0.000e+00), time: 0.0023723340000287862
L: 0.50, u_super: 0.00621, sec: 345.847, prod: 0.140516, t_ads: 31.3, t_des: 28.3, bed_util_ads: 0.499, bed_util_des: 0.499, des_th: 0.49904836186317225,frac_lost: 0.102, li_recovered:  8.375, time: 0.019467559000986512
L: 0.50, u_super: 0.00861, sec: 494.525, prod: 0.194860, t_ads: 22.7, t_des: 20.8, bed_util_ads: 0.498, bed_util_des: 0.498, des_th: 0.49826687027226113,frac_lost: 0.107, li_recovered:  8.488, time: 0.011127271000077599
L: 0.50, u_super: 0.00518, sec: 285.295, prod: 0.116909, t_ads: 37.4, t_des: 33.6, bed_util_ads: 0.498, bed_util_des: 0.498, des_th: 0.49823949370317727,frac_lost: 0.102, li_recovered:  8.303, time: 0.018210156998975435
L: 0.50, u_super: 0.00861, sec: 599.602, prod: 0.160883, t_ads: 22.6, t_des: 31.5, bed_util_ads: 0.446, bed_util_des: 0.445, des_th: 0.44488931006718296,frac_lost: 0.103, li_recovered:  8.714, time: 0.01761219199943298
L: 0.50, u_super: 0.00833, sec: 476.344, prod: 0.188481, t_ads: 23.5, t_des: 21.4, bed_util_ads: 0.498, bed_util_des: 0.498, des_th: 0.49798604813772657,frac_lost: 0.106, li_recovered:  8.451, time: 0.028606475998458336
L: 0.50, u_super: 0.00395, sec: 214.829, prod: 0.088690, t_ads: 49.2, t_des: 44.5, bed_util_ads: 0.498, bed_util_des: 0.497, des_th: 0.4973695523935468,frac_lost: 0.106, li_recovered:  8.316, time: 0.022430077000535675
L: 0.50, u_super: 0.00183, sec: 100.546, prod: 0.039377, t_ads: 105.6, t_des: 108.0, bed_util_ads: 0.477, bed_util_des: 0.476, des_th: 0.47583874301219814,frac_lost: 0.107, li_recovered:  8.412, time: 0.016689400999894133
L: 0.50, u_super: 0.00251, sec: 135.445, prod: 0.055545, t_ads: 77.1, t_des: 67.5, bed_util_ads: 0.499, bed_util_des: 0.499, des_th: 0.49889734147753684,frac_lost: 0.105, li_recovered:  8.032, time: 0.017281272999753128
L: 0.50, u_super: 0.00926, sec: 535.088, prod: 0.209993, t_ads: 21.1, t_des: 19.2, bed_util_ads: 0.498, bed_util_des: 0.498, des_th: 0.4981377359188202,frac_lost: 0.104, li_recovered:  8.456, time: 0.013008670999624883
L: 0.50, u_super: 0.00946, sec: 549.269, prod: 0.213968, t_ads: 20.6, t_des: 19.4, bed_util_ads: 0.494, bed_util_des: 0.494, des_th: 0.49409628699531216,frac_lost: 0.103, li_recovered:  8.564, time: 0.02293875699979253
L: 0.50, u_super: 0.00529, sec: 432.884, prod: 0.080612, t_ads: 37.0, t_des: 71.0, bed_util_ads: 0.405, bed_util_des: 0.403, des_th: 0.40288738427690707,frac_lost: 0.107, li_recovered:  8.703, time: 0.01879345099951024
L: 0.50, u_super: 0.00580, sec: 321.687, prod: 0.131118, t_ads: 33.5, t_des: 30.3, bed_util_ads: 0.498, bed_util_des: 0.498, des_th: 0.498129141500794,frac_lost: 0.103, li_recovered:  8.360, time: 0.018503851000787108
L: 0.50, u_super: 0.00111, sec: 60.886, prod: 0.023675, t_ads: 171.7, t_des: 172.8, bed_util_ads: 0.472, bed_util_des: 0.470, des_th: 0.47038830935909426,frac_lost: 0.106, li_recovered:  8.156, time: 0.015433779999511898
L: 120.93, u_super: 0.00705 — INFEASIBLE (li_recovered=0.000e+00), time: 0.0020876669987046625
L: 0.50, u_super: 0.00033, sec: 20.455, prod: 0.006035, t_ads: 539.0, t_des: 641.8, bed_util_ads: 0.416, bed_util_des: 0.407, des_th: 0.40684664193976494,frac_lost: 0.100, li_recovered:  7.126, time: 0.012563329000840895
L: 0.50, u_super: 0.00990, sec: 576.015, prod: 0.224810, t_ads: 19.7, t_des: 17.9, bed_util_ads: 0.500, bed_util_des: 0.499, des_th: 0.49941800771673645,frac_lost: 0.102, li_recovered:  8.443, time: 0.023601245000463678
L: 0.50, u_super: 0.00835, sec: 478.283, prod: 0.189030, t_ads: 23.4, t_des: 21.2, bed_util_ads: 0.500, bed_util_des: 0.500, des_th: 0.49986920166475746,frac_lost: 0.107, li_recovered:  8.438, time: 0.014027608000105829
L: 0.50, u_super: 0.00378, sec: 213.842, prod: 0.081286, t_ads: 51.3, t_des: 54.5, bed_util_ads: 0.477, bed_util_des: 0.476, des_th: 0.4760451274437923,frac_lost: 0.103, li_recovered:  8.603, time: 0.029729261001193663
L: 0.50, u_super: 0.00821, sec: 468.982, prod: 0.185635, t_ads: 23.9, t_des: 21.6, bed_util_ads: 0.499, bed_util_des: 0.499, des_th: 0.49859978339498257,frac_lost: 0.107, li_recovered:  8.438, time: 0.013314834999619052
L: 0.50, u_super: 0.00793, sec: 450.136, prod: 0.179807, t_ads: 24.5, t_des: 22.4, bed_util_ads: 0.498, bed_util_des: 0.498, des_th: 0.4983650330043638,frac_lost: 0.101, li_recovered:  8.440, time: 0.011964321000050404
L: 0.50, u_super: 0.00966, sec: 561.414, prod: 0.219055, t_ads: 20.2, t_des: 18.4, bed_util_ads: 0.500, bed_util_des: 0.499, des_th: 0.4994040057829908,frac_lost: 0.105, li_recovered:  8.451, time: 0.014002207999510574
L: 0.50, u_super: 0.00016, sec: 20.201, prod: 0.001412, t_ads: 1254.5, t_des: 4733.7, bed_util_ads: 0.254, bed_util_des: 0.185, des_th: 0.1851696623157332,frac_lost: 0.102, li_recovered:  8.453, time: 0.0368898229990009
L: 0.50, u_super: 0.00531, sec: 296.954, prod: 0.118195, t_ads: 36.5, t_des: 36.3, bed_util_ads: 0.487, bed_util_des: 0.487, des_th: 0.4865932310598706,frac_lost: 0.101, li_recovered:  8.601, time: 0.019591689999288064
L: 0.50, u_super: 0.00111, sec: 60.156, prod: 0.023963, t_ads: 171.2, t_des: 157.6, bed_util_ads: 0.484, bed_util_des: 0.483, des_th: 0.48348086100982446,frac_lost: 0.106, li_recovered:  7.880, time: 0.012699179000264849
L: 0.50, u_super: 0.00132, sec: 71.546, prod: 0.028864, t_ads: 144.5, t_des: 133.1, bed_util_ads: 0.486, bed_util_des: 0.485, des_th: 0.4853990949820224,frac_lost: 0.108, li_recovered:  8.011, time: 0.011536242000147467
L: 0.50, u_super: 0.00377, sec: 204.805, prod: 0.084548, t_ads: 51.6, t_des: 47.8, bed_util_ads: 0.493, bed_util_des: 0.493, des_th: 0.49296043016982416,frac_lost: 0.106, li_recovered:  8.403, time: 0.014322214999992866
L: 11.36, u_super: 0.00920 — INFEASIBLE (li_recovered=0.000e+00), time: 0.006790403000195511
L: 0.50, u_super: 0.00757, sec: 429.454, prod: 0.171012, t_ads: 25.9, t_des: 23.4, bed_util_ads: 0.498, bed_util_des: 0.498, des_th: 0.4982357848212659,frac_lost: 0.108, li_recovered:  8.435, time: 0.02775158999975247
L: 0.50, u_super: 0.00880, sec: 506.096, prod: 0.199386, t_ads: 22.2, t_des: 20.1, bed_util_ads: 0.498, bed_util_des: 0.498, des_th: 0.49832346078278345,frac_lost: 0.105, li_recovered:  8.440, time: 0.01635858699955861
L: 0.50, u_super: 0.00729, sec: 412.465, prod: 0.164641, t_ads: 26.9, t_des: 24.4, bed_util_ads: 0.499, bed_util_des: 0.499, des_th: 0.4991698837703005,frac_lost: 0.109, li_recovered:  8.440, time: 0.012802535999071551
   553 |    22120 |     40 |  0.0039438738 |             f
L: 13.79, u_super: 0.00990 — INFEASIBLE (li_recovered=0.000e+00), time: 0.006449702001191326
L: 0.50, u_super: 0.00115, sec: 62.365, prod: 0.024730, t_ads: 165.8, t_des: 148.8, bed_util_ads: 0.487, bed_util_des: 0.487, des_th: 0.4865932310598706,frac_lost: 0.106, li_recovered:  7.779, time: 0.017927275999682024
L: 0.50, u_super: 0.00193, sec: 104.546, prod: 0.042233, t_ads: 99.2, t_des: 85.7, bed_util_ads: 0.497, bed_util_des: 0.497, des_th: 0.4972041367338767,frac_lost: 0.101, li_recovered:  7.811, time: 0.011516541000673897
L: 0.50, u_super: 0.00716, sec: 403.917, prod: 0.161751, t_ads: 27.3, t_des: 24.8, bed_util_ads: 0.499, bed_util_des: 0.499, des_th: 0.49859631341977245,frac_lost: 0.107, li_recovered:  8.436, time: 0.01817463699990185
L: 0.50, u_super: 0.00653, sec: 365.305, prod: 0.147938, t_ads: 29.7, t_des: 26.8, bed_util_ads: 0.499, bed_util_des: 0.499, des_th: 0.49859631341977245,frac_lost: 0.102, li_recovered:  8.363, time: 0.01953507100006391
L: 0.50, u_super: 0.00896, sec: 516.562, prod: 0.203108, t_ads: 21.8, t_des: 19.6, bed_util_ads: 0.500, bed_util_des: 0.500, des_th: 0.4997773392622162,frac_lost: 0.105, li_recovered:  8.398, time: 0.011593338000238873
L: 1.80, u_super: 0.00046, sec: 185.097, prod: 0.004842, t_ads: 1514.0, t_des: 4576.6, bed_util_ads: 0.262, bed_util_des: 0.193, des_th: 0.19282746402383924,frac_lost: 0.103, li_recovered:  29.490, time: 0.022650717000942677
L: 0.50, u_super: 0.00356, sec: 193.347, prod: 0.079567, t_ads: 54.8, t_des: 51.2, bed_util_ads: 0.493, bed_util_des: 0.493, des_th: 0.4928780500442382,frac_lost: 0.108, li_recovered:  8.432, time: 0.011245434998272685
L: 0.50, u_super: 0.00392, sec: 213.286, prod: 0.088172, t_ads: 49.5, t_des: 44.8, bed_util_ads: 0.498, bed_util_des: 0.497, des_th: 0.49733311031016536,frac_lost: 0.105, li_recovered:  8.310, time: 0.02043465200040373
L: 0.50, u_super: 0.00809, sec: 461.686, prod: 0.183010, t_ads: 24.2, t_des: 21.9, bed_util_ads: 0.499, bed_util_des: 0.499, des_th: 0.49871542901018895,frac_lost: 0.107, li_recovered:  8.442, time: 0.012022062001051381
L: 0.50, u_super: 0.00696, sec: 392.417, prod: 0.157238, t_ads: 28.1, t_des: 25.5, bed_util_ads: 0.498, bed_util_des: 0.498, des_th: 0.49813911675571826,frac_lost: 0.108, li_recovered:  8.438, time: 0.011448056999142864
L: 0.50, u_super: 0.00793, sec: 450.144, prod: 0.179804, t_ads: 24.5, t_des: 22.4, bed_util_ads: 0.499, bed_util_des: 0.499, des_th: 0.4985858915510031,frac_lost: 0.101, li_recovered:  8.429, time: 0.014907454999047332
L: 0.50, u_super: 0.00967, sec: 561.780, prod: 0.219157, t_ads: 20.2, t_des: 18.4, bed_util_ads: 0.500, bed_util_des: 0.500, des_th: 0.4999607344275493,frac_lost: 0.105, li_recovered:  8.452, time: 0.022060760000385926
L: 0.50, u_super: 0.00550, sec: 308.217, prod: 0.122306, t_ads: 35.3, t_des: 35.0, bed_util_ads: 0.487, bed_util_des: 0.486, des_th: 0.48644465808727333,frac_lost: 0.102, li_recovered:  8.606, time: 0.011353873000189196
L: 19.90, u_super: 0.00228 — INFEASIBLE (li_recovered=0.000e+00), time: 0.0023188919985841494
L: 0.50, u_super: 0.00753, sec: 432.009, prod: 0.168431, t_ads: 26.0, t_des: 25.2, bed_util_ads: 0.490, bed_util_des: 0.490, des_th: 0.48963411175926425,frac_lost: 0.107, li_recovered:  8.626, time: 0.02521300400076143
L: 0.50, u_super: 0.00527, sec: 297.276, prod: 0.116339, t_ads: 36.8, t_des: 37.4, bed_util_ads: 0.484, bed_util_des: 0.483, des_th: 0.48348086100982446,frac_lost: 0.101, li_recovered:  8.623, time: 0.011893327999132453
L: 0.50, u_super: 0.00696, sec: 415.244, prod: 0.148594, t_ads: 28.1, t_des: 30.4, bed_util_ads: 0.476, bed_util_des: 0.476, des_th: 0.4757066205980661,frac_lost: 0.107, li_recovered:  8.689, time: 0.016140335999807576
L: 0.50, u_super: 0.00861, sec: 494.675, prod: 0.194801, t_ads: 22.8, t_des: 20.6, bed_util_ads: 0.499, bed_util_des: 0.499, des_th: 0.49928522737048947,frac_lost: 0.108, li_recovered:  8.444, time: 0.01639471399903414
L: 0.50, u_super: 0.00367, sec: 199.112, prod: 0.082227, t_ads: 53.1, t_des: 48.0, bed_util_ads: 0.497, bed_util_des: 0.497, des_th: 0.4966353551120571,frac_lost: 0.107, li_recovered:  8.313, time: 0.027805163999801152
L: 0.50, u_super: 0.00239, sec: 129.200, prod: 0.052990, t_ads: 80.6, t_des: 77.9, bed_util_ads: 0.486, bed_util_des: 0.485, des_th: 0.4853990949820224,frac_lost: 0.104, li_recovered:  8.399, time: 0.017952647000129218
L: 0.50, u_super: 0.00055, sec: 233.702, prod: 0.001487, t_ads: 365.0, t_des: 5630.5, bed_util_ads: 0.178, bed_util_des: 0.136, des_th: 0.1361354995824141,frac_lost: 0.100, li_recovered:  8.913, time: 0.15236603099947388
L: 0.50, u_super: 0.00880, sec: 506.335, prod: 0.199292, t_ads: 22.2, t_des: 20.2, bed_util_ads: 0.499, bed_util_des: 0.499, des_th: 0.4986783419042987,frac_lost: 0.106, li_recovered:  8.450, time: 0.013849659000698011
L: 0.50, u_super: 0.00516, sec: 288.196, prod: 0.114761, t_ads: 37.6, t_des: 37.3, bed_util_ads: 0.486, bed_util_des: 0.486, des_th: 0.48597874279261966,frac_lost: 0.102, li_recovered:  8.598, time: 0.0167542079998384
L: 0.50, u_super: 0.00153, sec: 82.682, prod: 0.033689, t_ads: 124.9, t_des: 117.3, bed_util_ads: 0.486, bed_util_des: 0.485, des_th: 0.48548147510190465,frac_lost: 0.106, li_recovered:  8.158, time: 0.011270361001152196
L: 0.50, u_super: 0.00258, sec: 139.235, prod: 0.057474, t_ads: 74.7, t_des: 66.3, bed_util_ads: 0.497, bed_util_des: 0.497, des_th: 0.4966717971954385,frac_lost: 0.103, li_recovered:  8.102, time: 0.018539470998803154
L: 0.50, u_super: 0.00542, sec: 299.420, prod: 0.122542, t_ads: 35.8, t_des: 32.4, bed_util_ads: 0.498, bed_util_des: 0.498, des_th: 0.4977497049330385,frac_lost: 0.103, li_recovered:  8.363, time: 0.021448332001455128
L: 0.50, u_super: 0.00061, sec: 34.721, prod: 0.012518, t_ads: 300.8, t_des: 270.1, bed_util_ads: 0.475, bed_util_des: 0.474, des_th: 0.4736445475801869,frac_lost: 0.105, li_recovered:  7.146, time: 0.01055396199990355
L: 0.50, u_super: 0.00687, sec: 387.119, prod: 0.155138, t_ads: 28.5, t_des: 25.8, bed_util_ads: 0.499, bed_util_des: 0.499, des_th: 0.49905183183838236,frac_lost: 0.109, li_recovered:  8.432, time: 0.0213664240000071
L: 0.50, u_super: 0.00729, sec: 412.194, prod: 0.164733, t_ads: 26.9, t_des: 24.4, bed_util_ads: 0.499, bed_util_des: 0.498, des_th: 0.4983754548731332,frac_lost: 0.107, li_recovered:  8.437, time: 0.01108447300066473
L: 0.50, u_super: 0.00286, sec: 155.344, prod: 0.063577, t_ads: 67.3, t_des: 58.4, bed_util_ads: 0.500, bed_util_des: 0.500, des_th: 0.4996271236751767,frac_lost: 0.102, li_recovered:  7.994, time: 0.010641824999765959
L: 0.50, u_super: 0.00878, sec: 504.881, prod: 0.198788, t_ads: 22.3, t_des: 20.4, bed_util_ads: 0.498, bed_util_des: 0.498, des_th: 0.4982607583489191,frac_lost: 0.105, li_recovered:  8.486, time: 0.010273949999827892
L: 0.50, u_super: 0.00647, sec: 361.198, prod: 0.146614, t_ads: 30.0, t_des: 27.2, bed_util_ads: 0.499, bed_util_des: 0.498, des_th: 0.4984892289888473,frac_lost: 0.100, li_recovered:  8.378, time: 0.010918412999672
L: 0.50, u_super: 0.00690, sec: 387.021, prod: 0.156429, t_ads: 28.1, t_des: 25.4, bed_util_ads: 0.499, bed_util_des: 0.499, des_th: 0.49930551596290856,frac_lost: 0.100, li_recovered:  8.370, time: 0.009442892998777097
L: 0.50, u_super: 0.00621, sec: 345.827, prod: 0.140524, t_ads: 31.3, t_des: 28.3, bed_util_ads: 0.499, bed_util_des: 0.499, des_th: 0.4990488706180225,frac_lost: 0.102, li_recovered:  8.366, time: 0.016241277000517584
L: 36.63, u_super: 0.00647 — INFEASIBLE (li_recovered=0.000e+00), time: 0.0029912370009697042
L: 0.50, u_super: 0.00623, sec: 346.764, prod: 0.140944, t_ads: 31.2, t_des: 28.2, bed_util_ads: 0.499, bed_util_des: 0.499, des_th: 0.49859631341977245,frac_lost: 0.102, li_recovered:  8.372, time: 0.01719629299986991
L: 0.50, u_super: 0.00987, sec: 575.452, prod: 0.223743, t_ads: 19.8, t_des: 18.2, bed_util_ads: 0.498, bed_util_des: 0.498, des_th: 0.498251607985293,frac_lost: 0.106, li_recovered:  8.498, time: 0.01958767500036629
L: 0.50, u_super: 0.00769, sec: 435.545, prod: 0.174399, t_ads: 25.3, t_des: 23.1, bed_util_ads: 0.498, bed_util_des: 0.498, des_th: 0.4981156617081279,frac_lost: 0.101, li_recovered:  8.438, time: 0.01281245499922079
L: 0.50, u_super: 0.00806, sec: 525.205, prod: 0.159827, t_ads: 24.3, t_des: 30.2, bed_util_ads: 0.459, bed_util_des: 0.459, des_th: 0.45873394012885055,frac_lost: 0.107, li_recovered:  8.710, time: 0.02054965500065009
   554 |    22160 |     40 |  0.0046265452 |             f
L: 0.50, u_super: 0.00708, sec: 399.710, prod: 0.159973, t_ads: 27.6, t_des: 25.3, bed_util_ads: 0.497, bed_util_des: 0.496, des_th: 0.4964917829784862,frac_lost: 0.107, li_recovered:  8.474, time: 0.009817607000513817
L: 0.50, u_super: 0.00850, sec: 487.281, prod: 0.192285, t_ads: 23.0, t_des: 20.6, bed_util_ads: 0.500, bed_util_des: 0.500, des_th: 0.4997773392622162,frac_lost: 0.106, li_recovered:  8.390, time: 0.024175735999961034
L: 3.82, u_super: 0.00255 — INFEASIBLE (li_recovered=0.000e+00), time: 0.004604690000633127
L: 0.50, u_super: 0.00489, sec: 268.526, prod: 0.110457, t_ads: 39.6, t_des: 35.9, bed_util_ads: 0.498, bed_util_des: 0.498, des_th: 0.49809819947752393,frac_lost: 0.102, li_recovered:  8.345, time: 0.01974111599884054
L: 35.17, u_super: 0.00426 — INFEASIBLE (li_recovered=0.000e+00), time: 0.002262084999529179
L: 0.50, u_super: 0.00714, sec: 401.619, prod: 0.161743, t_ads: 27.2, t_des: 24.6, bed_util_ads: 0.499, bed_util_des: 0.499, des_th: 0.49930551596290856,frac_lost: 0.101, li_recovered:  8.383, time: 0.011479946000690688
L: 0.50, u_super: 0.00504, sec: 277.196, prod: 0.113503, t_ads: 38.6, t_des: 34.5, bed_util_ads: 0.500, bed_util_des: 0.500, des_th: 0.49982877160060535,frac_lost: 0.104, li_recovered:  8.293, time: 0.019680724000863847
L: 0.50, u_super: 0.00005 — INFEASIBLE (li_recovered=0.000e+00), time: 0.0022168249997776
L: 18.94, u_super: 0.00551 — INFEASIBLE (li_recovered=0.000e+00), time: 0.003573973999664304
L: 8.05, u_super: 0.00192 — INFEASIBLE (li_recovered=0.000e+00), time: 0.011710352999216411
L: 15.48, u_super: 0.00990 — INFEASIBLE (li_recovered=0.000e+00), time: 0.005125269999552984
L: 0.50, u_super: 0.00920, sec: 531.388, prod: 0.208831, t_ads: 21.2, t_des: 19.2, bed_util_ads: 0.498, bed_util_des: 0.498, des_th: 0.4982157151853198,frac_lost: 0.103, li_recovered:  8.441, time: 0.020547858001009445
L: 0.50, u_super: 0.00039, sec: 24.487, prod: 0.007215, t_ads: 461.7, t_des: 569.5, bed_util_ads: 0.419, bed_util_des: 0.410, des_th: 0.4104705041276479,frac_lost: 0.101, li_recovered:  7.440, time: 0.019255179000538192
L: 0.50, u_super: 0.00134, sec: 72.466, prod: 0.029322, t_ads: 142.1, t_des: 132.6, bed_util_ads: 0.484, bed_util_des: 0.483, des_th: 0.48348086100982446,frac_lost: 0.105, li_recovered:  8.056, time: 0.020155914999122615
L: 0.50, u_super: 0.00653, sec: 366.531, prod: 0.147443, t_ads: 30.0, t_des: 26.9, bed_util_ads: 0.500, bed_util_des: 0.500, des_th: 0.4999933411702829,frac_lost: 0.109, li_recovered:  8.391, time: 0.010942299999442184
L: 0.50, u_super: 0.00581, sec: 322.053, prod: 0.131300, t_ads: 33.4, t_des: 29.9, bed_util_ads: 0.500, bed_util_des: 0.499, des_th: 0.4994365768252826,frac_lost: 0.101, li_recovered:  8.311, time: 0.020406589999765856
L: 0.50, u_super: 0.00229, sec: 133.126, prod: 0.047231, t_ads: 84.0, t_des: 96.3, bed_util_ads: 0.464, bed_util_des: 0.463, des_th: 0.4629406826910166,frac_lost: 0.102, li_recovered:  8.518, time: 0.020769437000126345
L: 0.50, u_super: 0.00012 — INFEASIBLE (li_recovered=0.000e+00), time: 0.0030762520000280347
L: 0.50, u_super: 0.00139, sec: 76.556, prod: 0.029655, t_ads: 136.6, t_des: 114.9, bed_util_ads: 0.497, bed_util_des: 0.497, des_th: 0.49686776655197473,frac_lost: 0.101, li_recovered:  7.458, time: 0.014040338000995689
L: 0.50, u_super: 0.00426, sec: 233.043, prod: 0.095523, t_ads: 45.7, t_des: 43.2, bed_util_ads: 0.491, bed_util_des: 0.491, des_th: 0.4911203459598579,frac_lost: 0.105, li_recovered:  8.485, time: 0.01068978700095613
L: 0.50, u_super: 0.00410, sec: 223.852, prod: 0.092218, t_ads: 47.4, t_des: 42.8, bed_util_ads: 0.498, bed_util_des: 0.498, des_th: 0.4977497049330385,frac_lost: 0.107, li_recovered:  8.321, time: 0.009976264000215451
L: 0.50, u_super: 0.00447, sec: 244.902, prod: 0.100279, t_ads: 43.5, t_des: 38.4, bed_util_ads: 0.500, bed_util_des: 0.500, des_th: 0.4999882744744325,frac_lost: 0.105, li_recovered:  8.216, time: 0.010289791000104742
L: 0.50, u_super: 0.00765, sec: 434.309, prod: 0.172911, t_ads: 25.6, t_des: 23.2, bed_util_ads: 0.498, bed_util_des: 0.498, des_th: 0.4981156617081279,frac_lost: 0.107, li_recovered:  8.438, time: 0.010160365998672205
L: 0.50, u_super: 0.00973, sec: 565.814, prod: 0.220681, t_ads: 20.1, t_des: 18.2, bed_util_ads: 0.500, bed_util_des: 0.499, des_th: 0.4994967915139165,frac_lost: 0.105, li_recovered:  8.443, time: 0.01952987499862502
L: 16.86, u_super: 0.00793 — INFEASIBLE (li_recovered=0.000e+00), time: 0.00401766000140924
L: 0.50, u_super: 0.00261, sec: 140.316, prod: 0.058260, t_ads: 73.9, t_des: 67.3, bed_util_ads: 0.495, bed_util_des: 0.494, des_th: 0.49427519064726694,frac_lost: 0.103, li_recovered:  8.225, time: 0.012686707999819191
L: 0.50, u_super: 0.00048, sec: 27.854, prod: 0.009471, t_ads: 377.9, t_des: 342.1, bed_util_ads: 0.467, bed_util_des: 0.465, des_th: 0.4656224754102344,frac_lost: 0.105, li_recovered:  6.819, time: 0.018692873998588766
L: 12.86, u_super: 0.00743, sec: 33505.221, prod: 0.054242, t_ads: 680.1, t_des: 3401.4, bed_util_ads: 0.253, bed_util_des: 0.203, des_th: 0.20276152055927285,frac_lost: 0.101, li_recovered:  221.392, time: 0.0436507199992775
L: 3.84, u_super: 0.00176 — INFEASIBLE (li_recovered=0.000e+00), time: 0.004162806000749697
L: 0.50, u_super: 0.00272, sec: 146.442, prod: 0.060895, t_ads: 70.7, t_des: 66.1, bed_util_ads: 0.491, bed_util_des: 0.491, des_th: 0.4909382008372155,frac_lost: 0.102, li_recovered:  8.329, time: 0.017077962000257685
L: 0.50, u_super: 0.00077, sec: 58.739, prod: 0.011895, t_ads: 247.1, t_des: 448.5, bed_util_ads: 0.391, bed_util_des: 0.381, des_th: 0.3809827534455679,frac_lost: 0.105, li_recovered:  8.275, time: 0.020777963998625637
L: 0.50, u_super: 0.00395, sec: 215.385, prod: 0.088461, t_ads: 49.2, t_des: 43.4, bed_util_ads: 0.500, bed_util_des: 0.500, des_th: 0.49999310683226184,frac_lost: 0.105, li_recovered:  8.189, time: 0.009575542000675341
L: 0.50, u_super: 0.00426, sec: 232.656, prod: 0.095592, t_ads: 45.7, t_des: 40.7, bed_util_ads: 0.499, bed_util_des: 0.499, des_th: 0.4987927587194781,frac_lost: 0.106, li_recovered:  8.265, time: 0.010204086000157986
L: 0.50, u_super: 0.00792, sec: 450.049, prod: 0.179505, t_ads: 24.5, t_des: 22.9, bed_util_ads: 0.494, bed_util_des: 0.494, des_th: 0.49420408921733694,frac_lost: 0.100, li_recovered:  8.511, time: 0.012754798999594641
L: 0.50, u_super: 0.00867, sec: 543.613, prod: 0.180029, t_ads: 22.5, t_des: 25.8, bed_util_ads: 0.470, bed_util_des: 0.470, des_th: 0.46997224811226446,frac_lost: 0.106, li_recovered:  8.710, time: 0.02360796900029527
L: 0.50, u_super: 0.00488, sec: 1882.694, prod: 0.015649, t_ads: 40.1, t_des: 520.7, bed_util_ads: 0.207, bed_util_des: 0.202, des_th: 0.20164759252552228,frac_lost: 0.102, li_recovered:  8.776, time: 0.0873413299996173
L: 9.22, u_super: 0.00312 — INFEASIBLE (li_recovered=0.000e+00), time: 0.008160650000718306
L: 0.50, u_super: 0.00896, sec: 517.022, prod: 0.202928, t_ads: 21.8, t_des: 19.8, bed_util_ads: 0.500, bed_util_des: 0.500, des_th: 0.499824246226013,frac_lost: 0.107, li_recovered:  8.451, time: 0.017894474000058835
L: 0.50, u_super: 0.00651, sec: 363.647, prod: 0.147570, t_ads: 29.8, t_des: 27.0, bed_util_ads: 0.499, bed_util_des: 0.499, des_th: 0.49859631341977245,frac_lost: 0.100, li_recovered:  8.372, time: 0.010317675998521736
L: 0.50, u_super: 0.00507, sec: 278.547, prod: 0.114386, t_ads: 38.3, t_des: 34.7, bed_util_ads: 0.498, bed_util_des: 0.498, des_th: 0.49823796667025366,frac_lost: 0.103, li_recovered:  8.350, time: 0.010334952999983216
   555 |    22200 |     40 |  0.0018307447 |             f
L: 0.50, u_super: 0.00868, sec: 499.087, prod: 0.196425, t_ads: 22.6, t_des: 20.2, bed_util_ads: 0.500, bed_util_des: 0.500, des_th: 0.49970820796802085,frac_lost: 0.107, li_recovered:  8.407, time: 0.017234971999641857
L: 0.50, u_super: 0.00156, sec: 86.173, prod: 0.033520, t_ads: 121.5, t_des: 101.6, bed_util_ads: 0.499, bed_util_des: 0.499, des_th: 0.49930551596290856,frac_lost: 0.100, li_recovered:  7.478, time: 0.009720132000438753
L: 0.50, u_super: 0.00542, sec: 299.269, prod: 0.122604, t_ads: 35.8, t_des: 32.4, bed_util_ads: 0.498, bed_util_des: 0.498, des_th: 0.4982495826941115,frac_lost: 0.102, li_recovered:  8.362, time: 0.012801568998838775
L: 0.50, u_super: 0.00356, sec: 194.424, prod: 0.079475, t_ads: 54.5, t_des: 52.3, bed_util_ads: 0.489, bed_util_des: 0.488, des_th: 0.48820112096296703,frac_lost: 0.106, li_recovered:  8.491, time: 0.018853584999305895
L: 0.50, u_super: 0.00302, sec: 163.308, prod: 0.067489, t_ads: 63.9, t_des: 56.7, bed_util_ads: 0.498, bed_util_des: 0.498, des_th: 0.4982246955503887,frac_lost: 0.103, li_recovered:  8.143, time: 0.010797304999869084
L: 0.50, u_super: 0.00451, sec: 253.464, prod: 0.098869, t_ads: 43.0, t_des: 44.1, bed_util_ads: 0.482, bed_util_des: 0.482, des_th: 0.4819383225047451,frac_lost: 0.103, li_recovered:  8.614, time: 0.011624147000475205
L: 68.06, u_super: 0.00193 — INFEASIBLE (li_recovered=0.000e+00), time: 0.0018797810007527005
L: 0.50, u_super: 0.00925, sec: 534.294, prod: 0.209762, t_ads: 21.1, t_des: 18.9, bed_util_ads: 0.500, bed_util_des: 0.500, des_th: 0.49979451765190347,frac_lost: 0.103, li_recovered:  8.393, time: 0.010551266999755171
L: 0.50, u_super: 0.00578, sec: 337.399, prod: 0.124010, t_ads: 33.6, t_des: 36.2, bed_util_ads: 0.476, bed_util_des: 0.476, des_th: 0.4756934503521931,frac_lost: 0.103, li_recovered:  8.664, time: 0.014443115998801659
L: 0.50, u_super: 0.00005, sec: 4.534, prod: 0.000639, t_ads: 2946.1, t_des: 4366.9, bed_util_ads: 0.256, bed_util_des: 0.211, des_th: 0.2113518813458363,frac_lost: 0.101, li_recovered:  4.670, time: 0.019681644000229426
L: 0.50, u_super: 0.00772, sec: 438.823, prod: 0.174544, t_ads: 25.4, t_des: 23.0, bed_util_ads: 0.498, bed_util_des: 0.498, des_th: 0.4981608833242011,frac_lost: 0.107, li_recovered:  8.439, time: 0.015633675999197294
L: 0.50, u_super: 0.00298, sec: 179.311, prod: 0.059876, t_ads: 65.1, t_des: 78.3, bed_util_ads: 0.459, bed_util_des: 0.458, des_th: 0.45793237734955833,frac_lost: 0.106, li_recovered:  8.588, time: 0.016690383999957703
L: 0.50, u_super: 0.00739, sec: 422.151, prod: 0.165557, t_ads: 26.5, t_des: 25.5, bed_util_ads: 0.491, bed_util_des: 0.491, des_th: 0.49106762864321774,frac_lost: 0.108, li_recovered:  8.608, time: 0.014250116999392048
L: 0.50, u_super: 0.00953, sec: 552.359, prod: 0.216081, t_ads: 20.5, t_des: 18.6, bed_util_ads: 0.499, bed_util_des: 0.499, des_th: 0.4990016373989632,frac_lost: 0.104, li_recovered:  8.451, time: 0.013496458999725292
L: 0.50, u_super: 0.00580, sec: 330.371, prod: 0.127671, t_ads: 33.5, t_des: 34.2, bed_util_ads: 0.483, bed_util_des: 0.482, des_th: 0.4822485386439291,frac_lost: 0.102, li_recovered:  8.641, time: 0.015091086001120857
L: 57.18, u_super: 0.00690 — INFEASIBLE (li_recovered=0.000e+00), time: 0.002729005000219331
L: 0.50, u_super: 0.00005, sec: 4.396, prod: 0.000659, t_ads: 3189.1, t_des: 5009.2, bed_util_ads: 0.255, bed_util_des: 0.200, des_th: 0.20019854011048568,frac_lost: 0.101, li_recovered:  5.399, time: 0.011682662001476274
L: 0.50, u_super: 0.00177, sec: 96.114, prod: 0.038714, t_ads: 107.9, t_des: 93.4, bed_util_ads: 0.497, bed_util_des: 0.497, des_th: 0.4970249019394108,frac_lost: 0.103, li_recovered:  7.796, time: 0.02224799200121197
L: 0.50, u_super: 0.00964, sec: 559.824, prod: 0.218393, t_ads: 20.3, t_des: 18.6, bed_util_ads: 0.497, bed_util_des: 0.497, des_th: 0.49715388685093426,frac_lost: 0.105, li_recovered:  8.494, time: 0.012135072998717078
L: 0.50, u_super: 0.00580, sec: 322.486, prod: 0.130793, t_ads: 33.5, t_des: 31.7, bed_util_ads: 0.493, bed_util_des: 0.493, des_th: 0.4926070843993853,frac_lost: 0.102, li_recovered:  8.524, time: 0.018923386000096798
L: 4.62, u_super: 0.00650, sec: 3748.588, prod: 0.131809, t_ads: 261.9, t_des: 220.3, bed_util_ads: 0.486, bed_util_des: 0.485, des_th: 0.48548147510190465,frac_lost: 0.103, li_recovered:  63.547, time: 0.013389822001045104
L: 0.50, u_super: 0.00507, sec: 278.747, prod: 0.114304, t_ads: 38.4, t_des: 34.7, bed_util_ads: 0.498, bed_util_des: 0.498, des_th: 0.49773808890918064,frac_lost: 0.104, li_recovered:  8.349, time: 0.013109396999425371
L: 0.50, u_super: 0.00100, sec: 55.991, prod: 0.021078, t_ads: 187.4, t_des: 158.7, bed_util_ads: 0.493, bed_util_des: 0.492, des_th: 0.4924069382404496,frac_lost: 0.104, li_recovered:  7.295, time: 0.010805758998685633
L: 0.50, u_super: 0.00586, sec: 325.285, prod: 0.132468, t_ads: 33.1, t_des: 29.7, bed_util_ads: 0.499, bed_util_des: 0.499, des_th: 0.49901873293347326,frac_lost: 0.102, li_recovered:  8.316, time: 0.010535686000366695
L: 0.50, u_super: 0.00957, sec: 554.737, prod: 0.217128, t_ads: 20.4, t_des: 18.5, bed_util_ads: 0.500, bed_util_des: 0.499, des_th: 0.4994510548431755,frac_lost: 0.103, li_recovered:  8.441, time: 0.01587277799990261
L: 0.50, u_super: 0.00757, sec: 429.913, prod: 0.170846, t_ads: 25.9, t_des: 23.8, bed_util_ads: 0.498, bed_util_des: 0.498, des_th: 0.49821947715775156,frac_lost: 0.109, li_recovered:  8.487, time: 0.010020937999797752
L: 0.50, u_super: 0.00319, sec: 172.559, prod: 0.071476, t_ads: 60.3, t_des: 53.7, bed_util_ads: 0.498, bed_util_des: 0.498, des_th: 0.4978552322664459,frac_lost: 0.100, li_recovered:  8.146, time: 0.01072553300036816
L: 0.50, u_super: 0.00843, sec: 483.332, prod: 0.190876, t_ads: 23.2, t_des: 21.3, bed_util_ads: 0.498, bed_util_des: 0.498, des_th: 0.49826687027226113,frac_lost: 0.106, li_recovered:  8.488, time: 0.018669409000722226
L: 54.26, u_super: 0.00946 — INFEASIBLE (li_recovered=0.000e+00), time: 0.002704094000364421
L: 32.09, u_super: 0.00650 — INFEASIBLE (li_recovered=0.000e+00), time: 0.010069911999380565
L: 0.50, u_super: 0.00308, sec: 181.052, prod: 0.063186, t_ads: 63.1, t_des: 72.8, bed_util_ads: 0.465, bed_util_des: 0.464, des_th: 0.4637389060597101,frac_lost: 0.105, li_recovered:  8.587, time: 0.018986156999744708
L: 0.50, u_super: 0.00988, sec: 575.467, prod: 0.224130, t_ads: 19.8, t_des: 17.9, bed_util_ads: 0.500, bed_util_des: 0.499, des_th: 0.49941800771673645,frac_lost: 0.104, li_recovered:  8.450, time: 0.019593441000324674
L: 0.50, u_super: 0.00946, sec: 573.678, prod: 0.205123, t_ads: 20.6, t_des: 21.8, bed_util_ads: 0.480, bed_util_des: 0.479, des_th: 0.4794629032179651,frac_lost: 0.102, li_recovered:  8.702, time: 0.013859325999874272
L: 0.58, u_super: 0.00896, sec: 601.199, prod: 0.202342, t_ads: 25.1, t_des: 24.0, bed_util_ads: 0.493, bed_util_des: 0.492, des_th: 0.492393065076993,frac_lost: 0.100, li_recovered:  9.943, time: 0.0144133680005325
L: 0.50, u_super: 0.00195, sec: 110.070, prod: 0.041269, t_ads: 98.7, t_des: 106.4, bed_util_ads: 0.471, bed_util_des: 0.469, des_th: 0.4693594113561977,frac_lost: 0.105, li_recovered:  8.463, time: 0.017983045998335
L: 0.50, u_super: 0.00542, sec: 305.353, prod: 0.120161, t_ads: 35.8, t_des: 35.9, bed_util_ads: 0.485, bed_util_des: 0.484, des_th: 0.4842031629472871,frac_lost: 0.102, li_recovered:  8.618, time: 0.01213613299842109
L: 0.50, u_super: 0.00229, sec: 123.652, prod: 0.050850, t_ads: 84.2, t_des: 74.7, bed_util_ads: 0.496, bed_util_des: 0.495, des_th: 0.4955045763207615,frac_lost: 0.106, li_recovered:  8.079, time: 0.010793303001264576
L: 0.50, u_super: 0.00195, sec: 106.321, prod: 0.042667, t_ads: 97.8, t_des: 83.6, bed_util_ads: 0.500, bed_util_des: 0.500, des_th: 0.49999866018057604,frac_lost: 0.101, li_recovered:  7.737, time: 0.01157395999871369
L: 24.26, u_super: 0.00296 — INFEASIBLE (li_recovered=0.000e+00), time: 0.002185927000027732
L: 0.50, u_super: 0.00038, sec: 22.376, prod: 0.007333, t_ads: 472.3, t_des: 500.5, bed_util_ads: 0.438, bed_util_des: 0.433, des_th: 0.4332275065502953,frac_lost: 0.104, li_recovered:  7.134, time: 0.01747212499867601
   556 |    22240 |     40 |  0.0036406395 |             f
L: 4.01, u_super: 0.00319 — INFEASIBLE (li_recovered=0.000e+00), time: 0.005937015999734285
L: 0.50, u_super: 0.00270, sec: 145.313, prod: 0.060301, t_ads: 71.5, t_des: 66.7, bed_util_ads: 0.491, bed_util_des: 0.491, des_th: 0.4909382008372155,frac_lost: 0.103, li_recovered:  8.334, time: 0.013115932000800967
L: 0.50, u_super: 0.00095 — INFEASIBLE (li_recovered=0.000e+00), time: 0.010467909998624236
L: 0.50, u_super: 0.00514, sec: 285.513, prod: 0.115155, t_ads: 37.7, t_des: 36.7, bed_util_ads: 0.489, bed_util_des: 0.489, des_th: 0.48857091983936335,frac_lost: 0.102, li_recovered:  8.566, time: 0.0190124000000651
L: 0.50, u_super: 0.00990, sec: 577.357, prod: 0.224287, t_ads: 19.8, t_des: 18.1, bed_util_ads: 0.498, bed_util_des: 0.498, des_th: 0.498192606122502,frac_lost: 0.106, li_recovered:  8.497, time: 0.01690607899945462
L: 0.50, u_super: 0.00023 — INFEASIBLE (li_recovered=0.000e+00), time: 0.004335917999924277
L: 0.50, u_super: 0.00356, sec: 195.112, prod: 0.079195, t_ads: 54.7, t_des: 52.9, bed_util_ads: 0.489, bed_util_des: 0.488, des_th: 0.4881146612860578,frac_lost: 0.108, li_recovered:  8.518, time: 0.016199947000131942
L: 0.50, u_super: 0.00580, sec: 321.419, prod: 0.131227, t_ads: 33.4, t_des: 30.3, bed_util_ads: 0.498, bed_util_des: 0.497, des_th: 0.497418556412314,frac_lost: 0.101, li_recovered:  8.358, time: 0.01505289799933962
L: 0.50, u_super: 0.00651, sec: 363.647, prod: 0.147570, t_ads: 29.8, t_des: 27.0, bed_util_ads: 0.499, bed_util_des: 0.499, des_th: 0.49859631341977245,frac_lost: 0.100, li_recovered:  8.372, time: 0.013576244999057963
L: 0.50, u_super: 0.00854, sec: 489.730, prod: 0.193277, t_ads: 22.9, t_des: 20.8, bed_util_ads: 0.500, bed_util_des: 0.500, des_th: 0.4997773392622162,frac_lost: 0.106, li_recovered:  8.445, time: 0.009546961999149062
L: 0.50, u_super: 0.00868, sec: 506.595, prod: 0.193514, t_ads: 22.6, t_des: 22.1, bed_util_ads: 0.489, bed_util_des: 0.489, des_th: 0.4891599728408391,frac_lost: 0.108, li_recovered:  8.653, time: 0.021864164000362507
L: 17.73, u_super: 0.00233, sec: 7372.428, prod: 0.031231, t_ads: 2718.1, t_des: 5051.3, bed_util_ads: 0.261, bed_util_des: 0.192, des_th: 0.19250968534824667,frac_lost: 0.101, li_recovered:  242.647, time: 0.022875814998769783
L: 0.50, u_super: 0.00985, sec: 573.841, prod: 0.223400, t_ads: 19.8, t_des: 18.0, bed_util_ads: 0.499, bed_util_des: 0.499, des_th: 0.49871542901018895,frac_lost: 0.105, li_recovered:  8.449, time: 0.01208227499955683
L: 0.50, u_super: 0.00555, sec: 312.256, prod: 0.123058, t_ads: 35.0, t_des: 35.1, bed_util_ads: 0.486, bed_util_des: 0.486, des_th: 0.48564188185388796,frac_lost: 0.101, li_recovered:  8.618, time: 0.011789236999902641
L: 0.50, u_super: 0.00397, sec: 215.997, prod: 0.089087, t_ads: 49.1, t_des: 44.4, bed_util_ads: 0.498, bed_util_des: 0.497, des_th: 0.4973695523935468,frac_lost: 0.107, li_recovered:  8.330, time: 0.012224903000969789
L: 18.22, u_super: 0.00727 — INFEASIBLE (li_recovered=0.000e+00), time: 0.007781128000715398
L: 0.50, u_super: 0.00690, sec: 388.571, prod: 0.155805, t_ads: 28.4, t_des: 25.4, bed_util_ads: 0.499, bed_util_des: 0.499, des_th: 0.4993334628661846,frac_lost: 0.108, li_recovered:  8.376, time: 0.01918487800139701
L: 0.50, u_super: 0.00899, sec: 518.342, prod: 0.203486, t_ads: 21.8, t_des: 19.8, bed_util_ads: 0.499, bed_util_des: 0.499, des_th: 0.4990634793182507,frac_lost: 0.107, li_recovered:  8.454, time: 0.01934669199908967
L: 0.50, u_super: 0.00322, sec: 173.989, prod: 0.072365, t_ads: 59.8, t_des: 55.8, bed_util_ads: 0.491, bed_util_des: 0.491, des_th: 0.4909382008372155,frac_lost: 0.101, li_recovered:  8.367, time: 0.01067953299934743
L: 47.18, u_super: 0.00946 — INFEASIBLE (li_recovered=0.000e+00), time: 0.0031613119990652194
L: 0.50, u_super: 0.00121 — INFEASIBLE (li_recovered=0.000e+00), time: 0.0064349280000897124
L: 0.50, u_super: 0.00548, sec: 303.344, prod: 0.123499, t_ads: 35.3, t_des: 33.7, bed_util_ads: 0.493, bed_util_des: 0.492, des_th: 0.4924069382404496,frac_lost: 0.100, li_recovered:  8.522, time: 0.020879892999801086
L: 14.09, u_super: 0.00026 — INFEASIBLE (li_recovered=0.000e+00), time: 0.002783896001346875
L: 0.50, u_super: 0.00483, sec: 265.278, prod: 0.108828, t_ads: 40.2, t_des: 35.9, bed_util_ads: 0.500, bed_util_des: 0.499, des_th: 0.4994023913164913,frac_lost: 0.103, li_recovered:  8.277, time: 0.009359859001051518
L: 0.50, u_super: 0.00111 — INFEASIBLE (li_recovered=0.000e+00), time: 0.007548383000539616
L: 0.50, u_super: 0.00229, sec: 123.532, prod: 0.050899, t_ads: 84.0, t_des: 74.8, bed_util_ads: 0.496, bed_util_des: 0.496, des_th: 0.4955910354060695,frac_lost: 0.104, li_recovered:  8.081, time: 0.009738687000208301
L: 0.50, u_super: 0.00379, sec: 206.155, prod: 0.084953, t_ads: 51.4, t_des: 45.9, bed_util_ads: 0.498, bed_util_des: 0.498, des_th: 0.49770070091427127,frac_lost: 0.107, li_recovered:  8.266, time: 0.010967341999275959
L: 0.50, u_super: 0.00390, sec: 212.812, prod: 0.087476, t_ads: 49.7, t_des: 47.1, bed_util_ads: 0.492, bed_util_des: 0.491, des_th: 0.49130235915918047,frac_lost: 0.105, li_recovered:  8.470, time: 0.01085751199934748
L: 0.50, u_super: 0.00227, sec: 122.331, prod: 0.050410, t_ads: 85.1, t_des: 76.4, bed_util_ads: 0.495, bed_util_des: 0.495, des_th: 0.4948538098103347,frac_lost: 0.107, li_recovered:  8.144, time: 0.011623844999121502
L: 0.50, u_super: 0.00356, sec: 193.707, prod: 0.079769, t_ads: 54.5, t_des: 48.2, bed_util_ads: 0.499, bed_util_des: 0.499, des_th: 0.4986729786591148,frac_lost: 0.106, li_recovered:  8.193, time: 0.014407429998755106
L: 21.76, u_super: 0.00007 — INFEASIBLE (li_recovered=0.000e+00), time: 0.0015662569985579466
L: 0.50, u_super: 0.00810, sec: 460.854, prod: 0.183767, t_ads: 24.0, t_des: 21.6, bed_util_ads: 0.500, bed_util_des: 0.499, des_th: 0.49941800771673645,frac_lost: 0.100, li_recovered:  8.377, time: 0.010398214999440825
L: 0.50, u_super: 0.00234, sec: 126.328, prod: 0.051812, t_ads: 82.3, t_des: 72.3, bed_util_ads: 0.498, bed_util_des: 0.498, des_th: 0.4978075466869561,frac_lost: 0.104, li_recovered:  8.009, time: 0.010755439001513878
L: 0.50, u_super: 0.00649, sec: 363.010, prod: 0.146929, t_ads: 29.9, t_des: 27.1, bed_util_ads: 0.499, bed_util_des: 0.499, des_th: 0.4987875176014533,frac_lost: 0.103, li_recovered:  8.378, time: 0.010964913000861998
L: 0.50, u_super: 0.00441, sec: 240.930, prod: 0.099129, t_ads: 44.1, t_des: 39.5, bed_util_ads: 0.499, bed_util_des: 0.499, des_th: 0.49878966088603477,frac_lost: 0.104, li_recovered:  8.282, time: 0.015149659000599058
L: 0.50, u_super: 0.00542, sec: 299.087, prod: 0.122678, t_ads: 35.7, t_des: 32.4, bed_util_ads: 0.498, bed_util_des: 0.498, des_th: 0.4982216357000698,frac_lost: 0.101, li_recovered:  8.359, time: 0.013669865000338177
L: 0.50, u_super: 0.00593, sec: 329.338, prod: 0.133828, t_ads: 32.8, t_des: 29.3, bed_util_ads: 0.500, bed_util_des: 0.500, des_th: 0.49976568659779275,frac_lost: 0.103, li_recovered:  8.316, time: 0.01114025399874663
L: 0.50, u_super: 0.00155, sec: 101.584, prod: 0.027965, t_ads: 124.6, t_des: 177.9, bed_util_ads: 0.433, bed_util_des: 0.429, des_th: 0.4289298330904069,frac_lost: 0.106, li_recovered:  8.461, time: 0.023013701000309084
L: 0.50, u_super: 0.00195, sec: 113.380, prod: 0.040055, t_ads: 98.8, t_des: 112.9, bed_util_ads: 0.463, bed_util_des: 0.461, des_th: 0.4608463302641981,frac_lost: 0.105, li_recovered:  8.478, time: 0.022065201001169044
L: 0.50, u_super: 0.00036 — INFEASIBLE (li_recovered=0.000e+00), time: 0.0059660049992089625
   557 |    22280 |     40 |  0.0021981497 |             f
L: 34.00, u_super: 0.00037 — INFEASIBLE (li_recovered=0.000e+00), time: 0.0016997090006043436
L: 0.50, u_super: 0.00005, sec: 4.332, prod: 0.000668, t_ads: 3399.4, t_des: 5772.9, bed_util_ads: 0.251, bed_util_des: 0.185, des_th: 0.1851696623157332,frac_lost: 0.100, li_recovered:  6.129, time: 0.011262174000876257
L: 0.50, u_super: 0.00571, sec: 316.539, prod: 0.128996, t_ads: 34.0, t_des: 30.3, bed_util_ads: 0.499, bed_util_des: 0.499, des_th: 0.49930551596290856,frac_lost: 0.102, li_recovered:  8.297, time: 0.013545132000217563
L: 19.71, u_super: 0.00111 — INFEASIBLE (li_recovered=0.000e+00), time: 0.0017330650007352233
L: 0.50, u_super: 0.00170, sec: 91.336, prod: 0.037342, t_ads: 112.7, t_des: 101.2, bed_util_ads: 0.492, bed_util_des: 0.491, des_th: 0.49122648648164224,frac_lost: 0.103, li_recovered:  7.985, time: 0.00984660799986159
L: 0.50, u_super: 0.00990, sec: 672.114, prod: 0.192666, t_ads: 19.7, t_des: 25.6, bed_util_ads: 0.455, bed_util_des: 0.454, des_th: 0.45415402086678414,frac_lost: 0.103, li_recovered:  8.720, time: 0.01256701000056637
L: 12.88, u_super: 0.00489 — INFEASIBLE (li_recovered=0.000e+00), time: 0.0054962089998298325
L: 0.50, u_super: 0.00376, sec: 204.249, prod: 0.084492, t_ads: 51.3, t_des: 45.7, bed_util_ads: 0.498, bed_util_des: 0.498, des_th: 0.4982203683087507,frac_lost: 0.100, li_recovered:  8.196, time: 0.009410416998434812
L: 0.50, u_super: 0.00729, sec: 410.841, prod: 0.165275, t_ads: 26.6, t_des: 24.1, bed_util_ads: 0.499, bed_util_des: 0.499, des_th: 0.49859631341977245,frac_lost: 0.100, li_recovered:  8.376, time: 0.01161979800053814
L: 0.50, u_super: 0.00173, sec: 112.956, prod: 0.031456, t_ads: 111.2, t_des: 158.6, bed_util_ads: 0.434, bed_util_des: 0.431, des_th: 0.43083125377895026,frac_lost: 0.103, li_recovered:  8.486, time: 0.013923508000516449
L: 0.50, u_super: 0.00297, sec: 159.955, prod: 0.066539, t_ads: 65.0, t_des: 60.0, bed_util_ads: 0.493, bed_util_des: 0.493, des_th: 0.49294887041066543,frac_lost: 0.102, li_recovered:  8.313, time: 0.013408857999820611
L: 0.50, u_super: 0.00989, sec: 575.541, prod: 0.224282, t_ads: 19.7, t_des: 18.0, bed_util_ads: 0.499, bed_util_des: 0.499, des_th: 0.49871542901018895,frac_lost: 0.104, li_recovered:  8.462, time: 0.0161965869992855
L: 0.50, u_super: 0.00250, sec: 134.733, prod: 0.055646, t_ads: 77.4, t_des: 69.3, bed_util_ads: 0.496, bed_util_des: 0.496, des_th: 0.49606756491855625,frac_lost: 0.106, li_recovered:  8.163, time: 0.009415288999662152
L: 12.53, u_super: 0.00187 — INFEASIBLE (li_recovered=0.000e+00), time: 0.0041394330000912305
L: 0.50, u_super: 0.00114 — INFEASIBLE (li_recovered=0.000e+00), time: 0.0057387480010220315
L: 0.50, u_super: 0.00595, sec: 330.449, prod: 0.134434, t_ads: 32.6, t_des: 29.2, bed_util_ads: 0.499, bed_util_des: 0.499, des_th: 0.499049987326504,frac_lost: 0.102, li_recovered:  8.314, time: 0.013249624000309268
L: 0.50, u_super: 0.00981, sec: 571.965, prod: 0.222214, t_ads: 19.9, t_des: 18.5, bed_util_ads: 0.497, bed_util_des: 0.497, des_th: 0.4967360255530071,frac_lost: 0.105, li_recovered:  8.539, time: 0.01035739899998589
L: 22.21, u_super: 0.00655 — INFEASIBLE (li_recovered=0.000e+00), time: 0.0033261730004596757
L: 0.82, u_super: 0.00078, sec: 73.560, prod: 0.015683, t_ads: 379.7, t_des: 380.1, bed_util_ads: 0.453, bed_util_des: 0.450, des_th: 0.4499071299312978,frac_lost: 0.100, li_recovered:  11.916, time: 0.015059725999890361
L: 0.50, u_super: 0.00195, sec: 106.321, prod: 0.042667, t_ads: 97.8, t_des: 83.6, bed_util_ads: 0.500, bed_util_des: 0.500, des_th: 0.49999866018057604,frac_lost: 0.101, li_recovered:  7.737, time: 0.012031066000417923
L: 19.23, u_super: 0.00689 — INFEASIBLE (li_recovered=0.000e+00), time: 0.003651213000921416
L: 0.50, u_super: 0.00514, sec: 426.770, prod: 0.076799, t_ads: 37.8, t_des: 75.4, bed_util_ads: 0.399, bed_util_des: 0.398, des_th: 0.39765591887977103,frac_lost: 0.101, li_recovered:  8.694, time: 0.02064472699930775
L: 0.50, u_super: 0.00333, sec: 182.324, prod: 0.073757, t_ads: 58.3, t_des: 57.2, bed_util_ads: 0.486, bed_util_des: 0.486, des_th: 0.4855573477794212,frac_lost: 0.106, li_recovered:  8.520, time: 0.021661253998900065
L: 0.50, u_super: 0.00815, sec: 465.700, prod: 0.184427, t_ads: 24.0, t_des: 21.8, bed_util_ads: 0.500, bed_util_des: 0.499, des_th: 0.49941800771673645,frac_lost: 0.107, li_recovered:  8.444, time: 0.010658213001079275
L: 0.50, u_super: 0.00702, sec: 395.830, prod: 0.158496, t_ads: 27.9, t_des: 25.3, bed_util_ads: 0.498, bed_util_des: 0.498, des_th: 0.4981608833242011,frac_lost: 0.108, li_recovered:  8.441, time: 0.012033066999720177
L: 0.50, u_super: 0.00545, sec: 300.922, prod: 0.123197, t_ads: 35.6, t_des: 32.3, bed_util_ads: 0.498, bed_util_des: 0.498, des_th: 0.4977019683055903,frac_lost: 0.102, li_recovered:  8.359, time: 0.010825184001078014
L: 0.50, u_super: 0.00821, sec: 468.982, prod: 0.185635, t_ads: 23.9, t_des: 21.6, bed_util_ads: 0.499, bed_util_des: 0.499, des_th: 0.49859978339498257,frac_lost: 0.107, li_recovered:  8.438, time: 0.010919255999397137
L: 10.46, u_super: 0.00649 — INFEASIBLE (li_recovered=0.000e+00), time: 0.0058750859989231685
L: 0.50, u_super: 0.00488, sec: 267.768, prod: 0.109951, t_ads: 39.9, t_des: 36.5, bed_util_ads: 0.497, bed_util_des: 0.497, des_th: 0.49693882264300837,frac_lost: 0.105, li_recovered:  8.396, time: 0.011669183999401866
L: 112.54, u_super: 0.00945 — INFEASIBLE (li_recovered=0.000e+00), time: 0.002209700000094017
L: 0.50, u_super: 0.00534, sec: 296.303, prod: 0.120035, t_ads: 36.4, t_des: 34.8, bed_util_ads: 0.491, bed_util_des: 0.491, des_th: 0.49106784100000284,frac_lost: 0.103, li_recovered:  8.544, time: 0.010485630000403035
L: 6.26, u_super: 0.00005 — INFEASIBLE (li_recovered=0.000e+00), time: 0.002119669999956386
L: 0.50, u_super: 0.00737, sec: 426.608, prod: 0.162877, t_ads: 26.6, t_des: 26.6, bed_util_ads: 0.486, bed_util_des: 0.486, des_th: 0.48613366196543933,frac_lost: 0.107, li_recovered:  8.662, time: 0.012087814000551589
L: 0.50, u_super: 0.00990, sec: 576.433, prod: 0.224646, t_ads: 19.7, t_des: 17.9, bed_util_ads: 0.500, bed_util_des: 0.499, des_th: 0.49941985222861385,frac_lost: 0.104, li_recovered:  8.457, time: 0.009912655999869457
L: 0.50, u_super: 0.00238, sec: 129.201, prod: 0.052581, t_ads: 81.2, t_des: 70.3, bed_util_ads: 0.500, bed_util_des: 0.499, des_th: 0.499268540258189,frac_lost: 0.107, li_recovered:  7.967, time: 0.011151552000228548
L: 0.50, u_super: 0.00110 — INFEASIBLE (li_recovered=0.000e+00), time: 0.005782739001006121
L: 0.50, u_super: 0.00005, sec: 4.332, prod: 0.000668, t_ads: 3399.4, t_des: 5772.9, bed_util_ads: 0.251, bed_util_des: 0.185, des_th: 0.1851696623157332,frac_lost: 0.100, li_recovered:  6.129, time: 0.01170958399961819
L: 0.50, u_super: 0.00985, sec: 573.841, prod: 0.223400, t_ads: 19.8, t_des: 18.0, bed_util_ads: 0.499, bed_util_des: 0.499, des_th: 0.49871542901018895,frac_lost: 0.105, li_recovered:  8.449, time: 0.013160104001144646
L: 0.50, u_super: 0.00580, sec: 321.411, prod: 0.131230, t_ads: 33.4, t_des: 30.3, bed_util_ads: 0.498, bed_util_des: 0.497, des_th: 0.497418556412314,frac_lost: 0.101, li_recovered:  8.368, time: 0.010972255000524456
L: 0.50, u_super: 0.00653, sec: 387.465, prod: 0.139477, t_ads: 29.9, t_des: 32.3, bed_util_ads: 0.477, bed_util_des: 0.476, des_th: 0.476227886768049,frac_lost: 0.106, li_recovered:  8.683, time: 0.01797742999951879
   558 |    22320 |     40 |  0.0041392254 |             f
L: 0.50, u_super: 0.00379, sec: 206.155, prod: 0.084953, t_ads: 51.4, t_des: 45.9, bed_util_ads: 0.498, bed_util_des: 0.498, des_th: 0.49770070091427127,frac_lost: 0.107, li_recovered:  8.266, time: 0.012331486001130543
L: 0.50, u_super: 0.00990, sec: 576.015, prod: 0.224810, t_ads: 19.7, t_des: 17.9, bed_util_ads: 0.500, bed_util_des: 0.499, des_th: 0.49941800771673645,frac_lost: 0.102, li_recovered:  8.443, time: 0.015518729998802883
L: 2.12, u_super: 0.00153 — INFEASIBLE (li_recovered=0.000e+00), time: 0.006230364999282756
L: 24.18, u_super: 0.00496 — INFEASIBLE (li_recovered=0.000e+00), time: 0.003712858000653796
L: 0.50, u_super: 0.00896, sec: 543.460, prod: 0.192921, t_ads: 21.8, t_des: 23.3, bed_util_ads: 0.478, bed_util_des: 0.478, des_th: 0.47795867985281,frac_lost: 0.104, li_recovered:  8.704, time: 0.010714075000578305
L: 0.50, u_super: 0.00981, sec: 571.965, prod: 0.222214, t_ads: 19.9, t_des: 18.5, bed_util_ads: 0.497, bed_util_des: 0.497, des_th: 0.4967360255530071,frac_lost: 0.105, li_recovered:  8.539, time: 0.02024750800046604
L: 0.50, u_super: 0.00005, sec: 4.575, prod: 0.000633, t_ads: 2896.0, t_des: 4237.6, bed_util_ads: 0.255, bed_util_des: 0.213, des_th: 0.21295200541070472,frac_lost: 0.101, li_recovered:  4.514, time: 0.01029926600131148
L: 0.50, u_super: 0.00514, sec: 285.513, prod: 0.115155, t_ads: 37.7, t_des: 36.7, bed_util_ads: 0.489, bed_util_des: 0.489, des_th: 0.48857091983936335,frac_lost: 0.102, li_recovered:  8.566, time: 0.012903435999760404
L: 0.50, u_super: 0.00198, sec: 106.462, prod: 0.043743, t_ads: 96.5, t_des: 85.9, bed_util_ads: 0.495, bed_util_des: 0.495, des_th: 0.49497779516740786,frac_lost: 0.100, li_recovered:  7.980, time: 0.015313256999434088
L: 0.50, u_super: 0.00772, sec: 437.453, prod: 0.175090, t_ads: 25.2, t_des: 22.8, bed_util_ads: 0.498, bed_util_des: 0.498, des_th: 0.4981608833242011,frac_lost: 0.101, li_recovered:  8.399, time: 0.012557877000290318
L: 0.50, u_super: 0.00005, sec: 4.324, prod: 0.000669, t_ads: 3437.9, t_des: 5862.1, bed_util_ads: 0.253, bed_util_des: 0.185, des_th: 0.1851696623157332,frac_lost: 0.103, li_recovered:  6.226, time: 0.01649730800090765
L: 0.50, u_super: 0.00038, sec: 22.376, prod: 0.007333, t_ads: 472.3, t_des: 500.5, bed_util_ads: 0.438, bed_util_des: 0.433, des_th: 0.4332275065502953,frac_lost: 0.104, li_recovered:  7.134, time: 0.011215976999665145
L: 0.50, u_super: 0.00769, sec: 437.618, prod: 0.173805, t_ads: 25.5, t_des: 23.3, bed_util_ads: 0.498, bed_util_des: 0.498, des_th: 0.4981608833242011,frac_lost: 0.109, li_recovered:  8.483, time: 0.009200724000038463
L: 0.50, u_super: 0.00990, sec: 635.798, prod: 0.203671, t_ads: 19.7, t_des: 23.1, bed_util_ads: 0.467, bed_util_des: 0.466, des_th: 0.46648513629897775,frac_lost: 0.104, li_recovered:  8.717, time: 0.013268272999994224
L: 0.50, u_super: 0.00962, sec: 558.377, prod: 0.218229, t_ads: 20.3, t_des: 18.5, bed_util_ads: 0.499, bed_util_des: 0.499, des_th: 0.4985429222217662,frac_lost: 0.104, li_recovered:  8.453, time: 0.014227248000679538
L: 0.50, u_super: 0.00577, sec: 343.826, prod: 0.121225, t_ads: 33.7, t_des: 37.8, bed_util_ads: 0.471, bed_util_des: 0.471, des_th: 0.47070675099000003,frac_lost: 0.103, li_recovered:  8.670, time: 0.016502910999406595
L: 0.50, u_super: 0.00153, sec: 82.574, prod: 0.033733, t_ads: 124.4, t_des: 117.3, bed_util_ads: 0.485, bed_util_des: 0.485, des_th: 0.48466621115811903,frac_lost: 0.103, li_recovered:  8.152, time: 0.012751358999594231
L: 7.16, u_super: 0.00821 — INFEASIBLE (li_recovered=0.000e+00), time: 0.006338576000416651
L: 9.03, u_super: 0.00757 — INFEASIBLE (li_recovered=0.000e+00), time: 0.005449260999739636
L: 0.50, u_super: 0.00547, sec: 302.545, prod: 0.123602, t_ads: 35.5, t_des: 31.8, bed_util_ads: 0.499, bed_util_des: 0.499, des_th: 0.49930551596290856,frac_lost: 0.102, li_recovered:  8.308, time: 0.015421721000166144
L: 0.50, u_super: 0.00729, sec: 413.136, prod: 0.164357, t_ads: 26.9, t_des: 24.9, bed_util_ads: 0.497, bed_util_des: 0.496, des_th: 0.49638747473627287,frac_lost: 0.109, li_recovered:  8.517, time: 0.013436532000923762
L: 0.50, u_super: 0.00595, sec: 336.215, prod: 0.132128, t_ads: 32.6, t_des: 32.7, bed_util_ads: 0.486, bed_util_des: 0.485, des_th: 0.48542028154239614,frac_lost: 0.100, li_recovered:  8.624, time: 0.012861486000474542
L: 0.50, u_super: 0.00047 — INFEASIBLE (li_recovered=0.000e+00), time: 0.005813006999233039
L: 8.94, u_super: 0.00854 — INFEASIBLE (li_recovered=0.000e+00), time: 0.013099341000270215
L: 0.50, u_super: 0.00038, sec: 22.376, prod: 0.007333, t_ads: 472.3, t_des: 500.5, bed_util_ads: 0.438, bed_util_des: 0.433, des_th: 0.4332275065502953,frac_lost: 0.104, li_recovered:  7.134, time: 0.011309814000924234
L: 0.50, u_super: 0.00111, sec: 63.770, prod: 0.022605, t_ads: 171.5, t_des: 193.2, bed_util_ads: 0.458, bed_util_des: 0.455, des_th: 0.45495921944428647,frac_lost: 0.103, li_recovered:  8.246, time: 0.011219272999369423
L: 0.50, u_super: 0.00821, sec: 468.982, prod: 0.185635, t_ads: 23.9, t_des: 21.6, bed_util_ads: 0.499, bed_util_des: 0.499, des_th: 0.49859978339498257,frac_lost: 0.107, li_recovered:  8.438, time: 0.021341181000025244
L: 0.50, u_super: 0.00227, sec: 123.216, prod: 0.050048, t_ads: 85.1, t_des: 73.6, bed_util_ads: 0.500, bed_util_des: 0.500, des_th: 0.4997720800917407,frac_lost: 0.108, li_recovered:  7.947, time: 0.01904534099958255
L: 0.50, u_super: 0.00426, sec: 232.442, prod: 0.095680, t_ads: 45.6, t_des: 40.8, bed_util_ads: 0.499, bed_util_des: 0.499, des_th: 0.4987927587194781,frac_lost: 0.105, li_recovered:  8.268, time: 0.009482831001150771
L: 0.50, u_super: 0.00333, sec: 182.324, prod: 0.073757, t_ads: 58.3, t_des: 57.2, bed_util_ads: 0.486, bed_util_des: 0.486, des_th: 0.4855573477794212,frac_lost: 0.106, li_recovered:  8.520, time: 0.024911160999181448
L: 0.50, u_super: 0.00656, sec: 366.378, prod: 0.148614, t_ads: 29.5, t_des: 26.8, bed_util_ads: 0.499, bed_util_des: 0.498, des_th: 0.49843382847787165,frac_lost: 0.100, li_recovered:  8.370, time: 0.16268400899934932
L: 0.50, u_super: 0.00426, sec: 232.842, prod: 0.095516, t_ads: 45.7, t_des: 40.3, bed_util_ads: 0.500, bed_util_des: 0.499, des_th: 0.4994952042896188,frac_lost: 0.105, li_recovered:  8.215, time: 0.012056403000315186
L: 0.50, u_super: 0.00265, sec: 142.736, prod: 0.059265, t_ads: 72.7, t_des: 67.8, bed_util_ads: 0.491, bed_util_des: 0.491, des_th: 0.4909382008372155,frac_lost: 0.103, li_recovered:  8.325, time: 0.011667512000713032
L: 0.50, u_super: 0.00105 — INFEASIBLE (li_recovered=0.000e+00), time: 0.009380722000059905
L: 0.50, u_super: 0.00896, sec: 516.602, prod: 0.203092, t_ads: 21.8, t_des: 19.6, bed_util_ads: 0.500, bed_util_des: 0.500, des_th: 0.4997773392622162,frac_lost: 0.105, li_recovered:  8.401, time: 0.018687089999730233
L: 0.50, u_super: 0.00595, sec: 330.206, prod: 0.134533, t_ads: 32.6, t_des: 29.6, bed_util_ads: 0.499, bed_util_des: 0.499, des_th: 0.49905183183838236,frac_lost: 0.102, li_recovered:  8.371, time: 0.01245664999987639
L: 0.50, u_super: 0.00946, sec: 552.957, prod: 0.212809, t_ads: 20.7, t_des: 19.9, bed_util_ads: 0.492, bed_util_des: 0.492, des_th: 0.4921418094989187,frac_lost: 0.105, li_recovered:  8.620, time: 0.010162827999010915
L: 0.50, u_super: 0.00690, sec: 496.205, prod: 0.122009, t_ads: 28.3, t_des: 43.0, bed_util_ads: 0.434, bed_util_des: 0.433, des_th: 0.43306906223665403,frac_lost: 0.105, li_recovered:  8.707, time: 0.015837320001082844
L: 0.50, u_super: 0.00433, sec: 236.909, prod: 0.097353, t_ads: 44.9, t_des: 40.1, bed_util_ads: 0.499, bed_util_des: 0.499, des_th: 0.49881064116700846,frac_lost: 0.106, li_recovered:  8.277, time: 0.01979320799910056
L: 0.50, u_super: 0.00749, sec: 423.199, prod: 0.169926, t_ads: 25.9, t_des: 23.7, bed_util_ads: 0.498, bed_util_des: 0.498, des_th: 0.4982179023737355,frac_lost: 0.101, li_recovered:  8.426, time: 0.010483815998668433
   559 |    22360 |     40 |  0.0016645111 |             f
L: 0.50, u_super: 0.00448, sec: 245.293, prod: 0.100654, t_ads: 43.5, t_des: 38.7, bed_util_ads: 0.499, bed_util_des: 0.499, des_th: 0.4986754906133539,frac_lost: 0.106, li_recovered:  8.274, time: 0.011493247999169398
L: 0.50, u_super: 0.00316, sec: 171.170, prod: 0.070539, t_ads: 61.0, t_des: 53.7, bed_util_ads: 0.499, bed_util_des: 0.499, des_th: 0.49859978339498257,frac_lost: 0.101, li_recovered:  8.090, time: 0.012012827000944526
L: 0.50, u_super: 0.00111, sec: 60.115, prod: 0.023979, t_ads: 170.9, t_des: 157.7, bed_util_ads: 0.484, bed_util_des: 0.483, des_th: 0.4835842692613902,frac_lost: 0.105, li_recovered:  7.880, time: 0.011660180000035325
L: 0.50, u_super: 0.00717, sec: 405.233, prod: 0.162096, t_ads: 27.3, t_des: 24.5, bed_util_ads: 0.500, bed_util_des: 0.500, des_th: 0.49970536185226094,frac_lost: 0.107, li_recovered:  8.391, time: 0.014479475999905844
L: 0.50, u_super: 0.00920, sec: 650.344, prod: 0.170633, t_ads: 21.2, t_des: 29.9, bed_util_ads: 0.444, bed_util_des: 0.443, des_th: 0.4431943261373747,frac_lost: 0.103, li_recovered:  8.719, time: 0.033446172001276864
L: 0.50, u_super: 0.00958, sec: 556.681, prod: 0.216975, t_ads: 20.4, t_des: 18.5, bed_util_ads: 0.500, bed_util_des: 0.500, des_th: 0.49977544856134004,frac_lost: 0.107, li_recovered:  8.450, time: 0.027470590999655542
L: 0.50, u_super: 0.00945, sec: 548.017, prod: 0.214301, t_ads: 20.7, t_des: 18.5, bed_util_ads: 0.500, bed_util_des: 0.500, des_th: 0.4997773392622162,frac_lost: 0.105, li_recovered:  8.400, time: 0.01840280499891378
L: 0.50, u_super: 0.00653, sec: 364.430, prod: 0.147836, t_ads: 29.7, t_des: 26.8, bed_util_ads: 0.499, bed_util_des: 0.499, des_th: 0.4987927587194781,frac_lost: 0.100, li_recovered:  8.358, time: 0.011616392001087661
L: 0.50, u_super: 0.00919, sec: 531.083, prod: 0.208235, t_ads: 21.3, t_des: 19.3, bed_util_ads: 0.499, bed_util_des: 0.499, des_th: 0.4991812653462769,frac_lost: 0.106, li_recovered:  8.447, time: 0.010541916999500245
L: 0.50, u_super: 0.00160, sec: 87.287, prod: 0.034898, t_ads: 119.6, t_des: 103.3, bed_util_ads: 0.497, bed_util_des: 0.497, des_th: 0.496796324517221,frac_lost: 0.107, li_recovered:  7.779, time: 0.008871714999258984
L: 35.84, u_super: 0.00802 — INFEASIBLE (li_recovered=0.000e+00), time: 0.0028671539985225536
L: 0.50, u_super: 0.00443, sec: 242.801, prod: 0.099589, t_ads: 44.0, t_des: 39.2, bed_util_ads: 0.500, bed_util_des: 0.500, des_th: 0.4998712009876301,frac_lost: 0.107, li_recovered:  8.278, time: 0.018438783999954467
L: 0.50, u_super: 0.00048 — INFEASIBLE (li_recovered=0.000e+00), time: 0.006737337998856674
L: 0.50, u_super: 0.00959, sec: 556.271, prod: 0.217539, t_ads: 20.3, t_des: 18.5, bed_util_ads: 0.499, bed_util_des: 0.499, des_th: 0.4987817812637873,frac_lost: 0.104, li_recovered:  8.444, time: 0.015730683000583667
L: 0.50, u_super: 0.00890, sec: 544.925, prod: 0.189856, t_ads: 22.0, t_des: 23.9, bed_util_ads: 0.476, bed_util_des: 0.476, des_th: 0.47591833135404626,frac_lost: 0.106, li_recovered:  8.708, time: 0.011124769998787087
L: 0.50, u_super: 0.00462, sec: 253.087, prod: 0.103818, t_ads: 42.2, t_des: 37.7, bed_util_ads: 0.500, bed_util_des: 0.500, des_th: 0.499828920313812,frac_lost: 0.106, li_recovered:  8.288, time: 0.010769201000584872
L: 0.50, u_super: 0.00207, sec: 111.312, prod: 0.045731, t_ads: 93.2, t_des: 83.3, bed_util_ads: 0.494, bed_util_des: 0.494, des_th: 0.4939479732242328,frac_lost: 0.106, li_recovered:  8.073, time: 0.009944604998963769
L: 0.50, u_super: 0.00813, sec: 464.142, prod: 0.184210, t_ads: 24.0, t_des: 21.6, bed_util_ads: 0.500, bed_util_des: 0.499, des_th: 0.49943010717386,frac_lost: 0.105, li_recovered:  8.393, time: 0.009814798999286722
L: 0.50, u_super: 0.00164, sec: 88.171, prod: 0.036126, t_ads: 116.7, t_des: 109.7, bed_util_ads: 0.486, bed_util_des: 0.486, des_th: 0.4856442242975755,frac_lost: 0.104, li_recovered:  8.176, time: 0.011257624999416294
L: 0.50, u_super: 0.00838, sec: 490.225, prod: 0.185471, t_ads: 23.3, t_des: 23.4, bed_util_ads: 0.486, bed_util_des: 0.486, des_th: 0.4855573477794212,frac_lost: 0.105, li_recovered:  8.670, time: 0.018441662001350778
L: 10.66, u_super: 0.00577 — INFEASIBLE (li_recovered=0.000e+00), time: 0.004625120998753118
L: 0.50, u_super: 0.00250, sec: 134.733, prod: 0.055646, t_ads: 77.4, t_des: 69.3, bed_util_ads: 0.496, bed_util_des: 0.496, des_th: 0.49606756491855625,frac_lost: 0.106, li_recovered:  8.163, time: 0.01141808200009109
L: 0.50, u_super: 0.00227, sec: 137.697, prod: 0.044784, t_ads: 84.8, t_des: 105.7, bed_util_ads: 0.454, bed_util_des: 0.452, des_th: 0.45190036943983136,frac_lost: 0.101, li_recovered:  8.528, time: 0.011990304999926593
L: 0.50, u_super: 0.00015, sec: 17.921, prod: 0.001421, t_ads: 1313.0, t_des: 4545.7, bed_util_ads: 0.258, bed_util_des: 0.190, des_th: 0.19026761941554418,frac_lost: 0.100, li_recovered:  8.326, time: 0.03468310000062047
L: 0.50, u_super: 0.00595, sec: 331.475, prod: 0.134018, t_ads: 33.0, t_des: 29.6, bed_util_ads: 0.499, bed_util_des: 0.499, des_th: 0.49905183183838236,frac_lost: 0.109, li_recovered:  8.383, time: 0.010481299001185107
L: 0.50, u_super: 0.00422, sec: 241.183, prod: 0.090818, t_ads: 46.0, t_des: 49.0, bed_util_ads: 0.477, bed_util_des: 0.476, des_th: 0.47627842386296587,frac_lost: 0.104, li_recovered:  8.624, time: 0.011331710000376916
L: 0.50, u_super: 0.00026 — INFEASIBLE (li_recovered=0.000e+00), time: 0.009726907999720424
L: 5.16, u_super: 0.00370 — INFEASIBLE (li_recovered=0.000e+00), time: 0.006026976001521689
L: 0.50, u_super: 0.00445, sec: 243.257, prod: 0.099991, t_ads: 43.7, t_des: 39.1, bed_util_ads: 0.499, bed_util_des: 0.499, des_th: 0.4987927587194781,frac_lost: 0.105, li_recovered:  8.278, time: 0.010218415000053938
L: 0.50, u_super: 0.00615, sec: 342.120, prod: 0.139005, t_ads: 31.6, t_des: 28.6, bed_util_ads: 0.499, bed_util_des: 0.499, des_th: 0.499298968628198,frac_lost: 0.103, li_recovered:  8.364, time: 0.015488223998545436
L: 0.50, u_super: 0.00981, sec: 573.801, prod: 0.221387, t_ads: 19.9, t_des: 19.0, bed_util_ads: 0.494, bed_util_des: 0.494, des_th: 0.4935366732688091,frac_lost: 0.103, li_recovered:  8.600, time: 0.012063224001394701
L: 0.50, u_super: 0.00652, sec: 365.857, prod: 0.147097, t_ads: 30.1, t_des: 27.1, bed_util_ads: 0.499, bed_util_des: 0.499, des_th: 0.49854865855943215,frac_lost: 0.109, li_recovered:  8.416, time: 0.024890304999644286
L: 0.50, u_super: 0.00657, sec: 366.843, prod: 0.148762, t_ads: 29.5, t_des: 26.8, bed_util_ads: 0.499, bed_util_des: 0.498, des_th: 0.49843382847787165,frac_lost: 0.100, li_recovered:  8.375, time: 0.01909838299980038
L: 1.72, u_super: 0.00769, sec: 1525.166, prod: 0.170941, t_ads: 86.0, t_des: 80.3, bed_util_ads: 0.489, bed_util_des: 0.489, des_th: 0.48891528491309266,frac_lost: 0.104, li_recovered:  28.418, time: 0.010801188000186812
L: 14.07, u_super: 0.00058 — INFEASIBLE (li_recovered=0.000e+00), time: 0.0019437279988778755
L: 0.50, u_super: 0.00725, sec: 408.650, prod: 0.164414, t_ads: 26.8, t_des: 24.2, bed_util_ads: 0.499, bed_util_des: 0.499, des_th: 0.49858421394132674,frac_lost: 0.101, li_recovered:  8.375, time: 0.0109102400001575
L: 0.50, u_super: 0.00406, sec: 221.889, prod: 0.091071, t_ads: 47.8, t_des: 42.2, bed_util_ads: 0.500, bed_util_des: 0.500, des_th: 0.4996915008791032,frac_lost: 0.105, li_recovered:  8.195, time: 0.011167929998919135
L: 0.50, u_super: 0.00144, sec: 78.355, prod: 0.031106, t_ads: 133.3, t_des: 132.9, bed_util_ads: 0.478, bed_util_des: 0.477, des_th: 0.47706947011215706,frac_lost: 0.106, li_recovered:  8.279, time: 0.01956005399915739
L: 0.50, u_super: 0.00097, sec: 52.984, prod: 0.020696, t_ads: 194.4, t_des: 192.8, bed_util_ads: 0.472, bed_util_des: 0.470, des_th: 0.4703796138148069,frac_lost: 0.102, li_recovered:  8.015, time: 0.009446222000406124
L: 0.50, u_super: 0.00366, sec: 199.442, prod: 0.081908, t_ads: 53.2, t_des: 46.9, bed_util_ads: 0.499, bed_util_des: 0.499, des_th: 0.4992506400676249,frac_lost: 0.108, li_recovered:  8.201, time: 0.018473441999958595
   560 |    22400 |     40 |  0.0045366409 |             f
L: 0.50, u_super: 0.00309, sec: 167.095, prod: 0.069211, t_ads: 62.5, t_des: 56.1, bed_util_ads: 0.497, bed_util_des: 0.497, des_th: 0.4966353551120571,frac_lost: 0.104, li_recovered:  8.209, time: 0.017746277999322047
L: 0.50, u_super: 0.00598, sec: 332.437, prod: 0.135220, t_ads: 32.5, t_des: 29.4, bed_util_ads: 0.498, bed_util_des: 0.498, des_th: 0.49823796667025366,frac_lost: 0.103, li_recovered:  8.374, time: 0.008549587999368669
L: 0.50, u_super: 0.00227, sec: 122.331, prod: 0.050410, t_ads: 85.1, t_des: 76.4, bed_util_ads: 0.495, bed_util_des: 0.495, des_th: 0.4948538098103347,frac_lost: 0.107, li_recovered:  8.144, time: 0.013707386000533006
L: 0.50, u_super: 0.00438, sec: 239.514, prod: 0.098351, t_ads: 44.5, t_des: 39.6, bed_util_ads: 0.500, bed_util_des: 0.500, des_th: 0.4996915008791032,frac_lost: 0.106, li_recovered:  8.273, time: 0.010647592000168515
L: 6.13, u_super: 0.00615 — INFEASIBLE (li_recovered=0.000e+00), time: 0.007595404000312556
L: 0.50, u_super: 0.00536, sec: 295.299, prod: 0.121027, t_ads: 36.2, t_des: 33.2, bed_util_ads: 0.496, bed_util_des: 0.496, des_th: 0.49576612717375895,frac_lost: 0.102, li_recovered:  8.405, time: 0.010762498000985943
L: 0.50, u_super: 0.00988, sec: 575.050, prod: 0.224417, t_ads: 19.7, t_des: 18.0, bed_util_ads: 0.499, bed_util_des: 0.499, des_th: 0.4985915258896279,frac_lost: 0.102, li_recovered:  8.456, time: 0.01014935599960154
L: 52.47, u_super: 0.00616 — INFEASIBLE (li_recovered=0.000e+00), time: 0.0025083990003622603
L: 0.50, u_super: 0.00270, sec: 146.017, prod: 0.060010, t_ads: 71.5, t_des: 62.8, bed_util_ads: 0.499, bed_util_des: 0.498, des_th: 0.4982802382973028,frac_lost: 0.104, li_recovered:  8.058, time: 0.03559568499986199
L: 42.16, u_super: 0.00896 — INFEASIBLE (li_recovered=0.000e+00), time: 0.002532549999159528
L: 0.50, u_super: 0.00810, sec: 461.979, prod: 0.183320, t_ads: 24.1, t_des: 21.9, bed_util_ads: 0.500, bed_util_des: 0.499, des_th: 0.4994393968975076,frac_lost: 0.106, li_recovered:  8.436, time: 0.018039541000689496
L: 0.50, u_super: 0.00298, sec: 161.463, prod: 0.066495, t_ads: 64.7, t_des: 56.8, bed_util_ads: 0.499, bed_util_des: 0.499, des_th: 0.4988641099168046,frac_lost: 0.102, li_recovered:  8.080, time: 0.009666365000157384
L: 0.50, u_super: 0.00598, sec: 332.524, prod: 0.135298, t_ads: 32.4, t_des: 29.1, bed_util_ads: 0.500, bed_util_des: 0.499, des_th: 0.4994109089880578,frac_lost: 0.101, li_recovered:  8.318, time: 0.013611891999971704
L: 0.50, u_super: 0.00893, sec: 514.565, prod: 0.202407, t_ads: 21.9, t_des: 19.8, bed_util_ads: 0.499, bed_util_des: 0.499, des_th: 0.4993778633650095,frac_lost: 0.105, li_recovered:  8.436, time: 0.015564240000458085
L: 0.50, u_super: 0.00077 — INFEASIBLE (li_recovered=0.000e+00), time: 0.00976792499932344
L: 0.50, u_super: 0.00571, sec: 2744.796, prod: 0.014876, t_ads: 34.2, t_des: 555.9, bed_util_ads: 0.189, bed_util_des: 0.185, des_th: 0.18478706150630209,frac_lost: 0.100, li_recovered:  8.778, time: 0.12404465899999195
L: 0.50, u_super: 0.00373, sec: 202.933, prod: 0.083442, t_ads: 52.2, t_des: 46.1, bed_util_ads: 0.500, bed_util_des: 0.499, des_th: 0.49935069978110297,frac_lost: 0.106, li_recovered:  8.201, time: 0.01409574800163682
L: 11.90, u_super: 0.00483 — INFEASIBLE (li_recovered=0.000e+00), time: 0.010233019000224886
L: 0.50, u_super: 0.00615, sec: 378.408, prod: 0.125675, t_ads: 31.8, t_des: 37.3, bed_util_ads: 0.466, bed_util_des: 0.465, des_th: 0.46514666454502196,frac_lost: 0.107, li_recovered:  8.685, time: 0.016954939999777707
L: 0.50, u_super: 0.00472, sec: 259.312, prod: 0.106254, t_ads: 41.3, t_des: 37.1, bed_util_ads: 0.498, bed_util_des: 0.498, des_th: 0.497699024653873,frac_lost: 0.107, li_recovered:  8.336, time: 0.010173128999667824
L: 0.50, u_super: 0.00843, sec: 482.687, prod: 0.190773, t_ads: 23.2, t_des: 20.8, bed_util_ads: 0.500, bed_util_des: 0.500, des_th: 0.4997773392622162,frac_lost: 0.105, li_recovered:  8.382, time: 0.020603409999239375
L: 0.50, u_super: 0.00483, sec: 265.278, prod: 0.108828, t_ads: 40.2, t_des: 35.9, bed_util_ads: 0.500, bed_util_des: 0.499, des_th: 0.4994023913164913,frac_lost: 0.103, li_recovered:  8.277, time: 0.010366238999267807
L: 0.50, u_super: 0.00791, sec: 449.316, prod: 0.179547, t_ads: 24.5, t_des: 22.2, bed_util_ads: 0.500, bed_util_des: 0.499, des_th: 0.49941800771673645,frac_lost: 0.100, li_recovered:  8.386, time: 0.010615650999170612
L: 0.50, u_super: 0.00549, sec: 303.222, prod: 0.124109, t_ads: 35.3, t_des: 31.7, bed_util_ads: 0.499, bed_util_des: 0.499, des_th: 0.49930551596290856,frac_lost: 0.101, li_recovered:  8.311, time: 0.016317800000251736
L: 0.50, u_super: 0.00005, sec: 4.325, prod: 0.000669, t_ads: 3443.5, t_des: 5936.1, bed_util_ads: 0.251, bed_util_des: 0.183, des_th: 0.1830247550725637,frac_lost: 0.101, li_recovered:  6.278, time: 0.012197150001156842
L: 0.50, u_super: 0.00721, sec: 406.041, prod: 0.163385, t_ads: 26.9, t_des: 24.3, bed_util_ads: 0.500, bed_util_des: 0.499, des_th: 0.49942279523336724,frac_lost: 0.101, li_recovered:  8.370, time: 0.01342289000058372
L: 0.50, u_super: 0.00806, sec: 460.362, prod: 0.182152, t_ads: 24.3, t_des: 22.0, bed_util_ads: 0.499, bed_util_des: 0.499, des_th: 0.49859978339498257,frac_lost: 0.109, li_recovered:  8.444, time: 0.015483457000300405
L: 4.26, u_super: 0.00772, sec: 4068.979, prod: 0.160499, t_ads: 205.5, t_des: 173.2, bed_util_ads: 0.491, bed_util_des: 0.491, des_th: 0.4908184648884171,frac_lost: 0.101, li_recovered:  60.786, time: 0.008567546999984188
L: 0.50, u_super: 0.00507, sec: 282.184, prod: 0.112912, t_ads: 38.3, t_des: 37.7, bed_util_ads: 0.487, bed_util_des: 0.487, des_th: 0.48670642269661846,frac_lost: 0.103, li_recovered:  8.587, time: 0.02008139999998093
L: 0.50, u_super: 0.00729, sec: 410.830, prod: 0.165280, t_ads: 26.6, t_des: 24.6, bed_util_ads: 0.497, bed_util_des: 0.497, des_th: 0.4966574193516979,frac_lost: 0.100, li_recovered:  8.467, time: 0.01439315199968405
L: 0.50, u_super: 0.00224, sec: 120.348, prod: 0.049589, t_ads: 86.5, t_des: 77.9, bed_util_ads: 0.495, bed_util_des: 0.495, des_th: 0.49498598268555016,frac_lost: 0.108, li_recovered:  8.153, time: 0.010224116998870159
L: 35.43, u_super: 0.00253 — INFEASIBLE (li_recovered=0.000e+00), time: 0.0022269900000537746
L: 33.50, u_super: 0.00772 — INFEASIBLE (li_recovered=0.000e+00), time: 0.0033372380003129365
L: 0.50, u_super: 0.00005 — INFEASIBLE (li_recovered=0.000e+00), time: 0.002051411998763797
L: 0.50, u_super: 0.00822, sec: 469.425, prod: 0.186087, t_ads: 23.8, t_des: 21.6, bed_util_ads: 0.499, bed_util_des: 0.499, des_th: 0.49859978339498257,frac_lost: 0.105, li_recovered:  8.441, time: 0.011521368000103394
L: 0.50, u_super: 0.00111, sec: 60.115, prod: 0.023979, t_ads: 170.9, t_des: 157.7, bed_util_ads: 0.484, bed_util_des: 0.483, des_th: 0.4835842692613902,frac_lost: 0.105, li_recovered:  7.880, time: 0.013657858999067685
L: 0.50, u_super: 0.00906, sec: 523.350, prod: 0.205211, t_ads: 21.6, t_des: 19.5, bed_util_ads: 0.500, bed_util_des: 0.499, des_th: 0.49941800771673645,frac_lost: 0.107, li_recovered:  8.438, time: 0.020720535998407286
L: 0.50, u_super: 0.00363, sec: 197.794, prod: 0.081289, t_ads: 53.5, t_des: 47.2, bed_util_ads: 0.500, bed_util_des: 0.500, des_th: 0.49969274152753934,frac_lost: 0.107, li_recovered:  8.191, time: 0.012585358999785967
L: 0.50, u_super: 0.00038, sec: 22.820, prod: 0.007191, t_ads: 461.9, t_des: 426.8, bed_util_ads: 0.455, bed_util_des: 0.453, des_th: 0.4533445163717527,frac_lost: 0.101, li_recovered:  6.390, time: 0.009182169000268914
L: 0.50, u_super: 0.00536, sec: 295.758, prod: 0.121067, t_ads: 36.2, t_des: 32.5, bed_util_ads: 0.498, bed_util_des: 0.498, des_th: 0.49823796667025366,frac_lost: 0.101, li_recovered:  8.308, time: 0.015674328999011777
   561 |    22440 |     40 |  0.0031477159 |             f
L: 18.58, u_super: 0.00077 — INFEASIBLE (li_recovered=0.000e+00), time: 0.0015134960012801457
L: 0.50, u_super: 0.00111 — INFEASIBLE (li_recovered=0.000e+00), time: 0.015227232001052471
L: 108.35, u_super: 0.00751 — INFEASIBLE (li_recovered=0.000e+00), time: 0.0018443720000504982
L: 0.50, u_super: 0.00692, sec: 2983.127, prod: 0.020423, t_ads: 28.3, t_des: 401.5, bed_util_ads: 0.201, bed_util_des: 0.197, des_th: 0.19679649087793452,frac_lost: 0.103, li_recovered:  8.778, time: 0.10205644300003769
L: 0.50, u_super: 0.00304, sec: 164.465, prod: 0.068043, t_ads: 63.6, t_des: 56.9, bed_util_ads: 0.497, bed_util_des: 0.497, des_th: 0.4966353551120571,frac_lost: 0.105, li_recovered:  8.201, time: 0.014531664999594796
L: 0.50, u_super: 0.00147, sec: 79.285, prod: 0.032106, t_ads: 130.3, t_des: 117.3, bed_util_ads: 0.490, bed_util_des: 0.489, des_th: 0.4893716251302694,frac_lost: 0.106, li_recovered:  7.950, time: 0.018286230999365216
L: 0.50, u_super: 0.00329, sec: 177.869, prod: 0.073518, t_ads: 59.2, t_des: 53.4, bed_util_ads: 0.496, bed_util_des: 0.496, des_th: 0.49564115698101285,frac_lost: 0.107, li_recovered:  8.280, time: 0.012626388001081068
L: 0.50, u_super: 0.00062, sec: 34.942, prod: 0.012980, t_ads: 295.3, t_des: 285.5, bed_util_ads: 0.467, bed_util_des: 0.465, des_th: 0.464993672363432,frac_lost: 0.104, li_recovered:  7.539, time: 0.016130611000335193
L: 17.84, u_super: 0.00674 — INFEASIBLE (li_recovered=0.000e+00), time: 0.005546069000047282
L: 0.50, u_super: 0.00990, sec: 583.780, prod: 0.221819, t_ads: 19.8, t_des: 19.2, bed_util_ads: 0.491, bed_util_des: 0.491, des_th: 0.49069943636143804,frac_lost: 0.106, li_recovered:  8.645, time: 0.015853601000344497
L: 0.50, u_super: 0.00088, sec: 49.082, prod: 0.018474, t_ads: 211.6, t_des: 183.8, bed_util_ads: 0.486, bed_util_des: 0.486, des_th: 0.48596488616907546,frac_lost: 0.101, li_recovered:  7.304, time: 0.011383385999579332
L: 29.06, u_super: 0.00111 — INFEASIBLE (li_recovered=0.000e+00), time: 0.001983644999199896
L: 0.50, u_super: 0.00162, sec: 87.916, prod: 0.035226, t_ads: 118.1, t_des: 118.0, bed_util_ads: 0.478, bed_util_des: 0.477, des_th: 0.47706947011215706,frac_lost: 0.102, li_recovered:  8.318, time: 0.010884332999921753
L: 0.50, u_super: 0.00690, sec: 388.650, prod: 0.155773, t_ads: 28.4, t_des: 25.4, bed_util_ads: 0.500, bed_util_des: 0.499, des_th: 0.4994044213008332,frac_lost: 0.108, li_recovered:  8.383, time: 0.019849386999339913
L: 0.50, u_super: 0.00769, sec: 435.045, prod: 0.174383, t_ads: 25.2, t_des: 23.1, bed_util_ads: 0.498, bed_util_des: 0.498, des_th: 0.4981608833242011,frac_lost: 0.100, li_recovered:  8.428, time: 0.013686942000276758
L: 0.50, u_super: 0.00005, sec: 4.325, prod: 0.000669, t_ads: 3439.7, t_des: 5860.7, bed_util_ads: 0.253, bed_util_des: 0.185, des_th: 0.1851696623157332,frac_lost: 0.103, li_recovered:  6.225, time: 0.020830617999308743
L: 0.50, u_super: 0.00531, sec: 293.521, prod: 0.119753, t_ads: 36.5, t_des: 32.4, bed_util_ads: 0.500, bed_util_des: 0.500, des_th: 0.499898736310792,frac_lost: 0.103, li_recovered:  8.254, time: 0.00899976499931654
L: 0.50, u_super: 0.00615, sec: 471.455, prod: 0.100871, t_ads: 31.8, t_des: 54.5, bed_util_ads: 0.419, bed_util_des: 0.417, des_th: 0.41737053664259394,frac_lost: 0.104, li_recovered:  8.704, time: 0.020943686000464368
L: 0.50, u_super: 0.00964, sec: 560.122, prod: 0.218439, t_ads: 20.3, t_des: 18.6, bed_util_ads: 0.498, bed_util_des: 0.498, des_th: 0.4981608833242011,frac_lost: 0.105, li_recovered:  8.495, time: 0.013158425001165597
L: 0.50, u_super: 0.00209, sec: 112.892, prod: 0.046212, t_ads: 92.3, t_des: 88.3, bed_util_ads: 0.486, bed_util_des: 0.486, des_th: 0.4856442242975755,frac_lost: 0.107, li_recovered:  8.345, time: 0.009772429999429733
L: 0.50, u_super: 0.00419, sec: 228.592, prod: 0.094131, t_ads: 46.4, t_des: 43.3, bed_util_ads: 0.493, bed_util_des: 0.492, des_th: 0.4922441004942797,frac_lost: 0.104, li_recovered:  8.444, time: 0.0096950619990821
L: 47.69, u_super: 0.00030 — INFEASIBLE (li_recovered=0.000e+00), time: 0.0017220200006704545
L: 0.50, u_super: 0.00723, sec: 408.594, prod: 0.163277, t_ads: 27.1, t_des: 24.9, bed_util_ads: 0.497, bed_util_des: 0.497, des_th: 0.4966574193516979,frac_lost: 0.107, li_recovered:  8.480, time: 0.009984375999920303
L: 0.50, u_super: 0.00322, sec: 180.863, prod: 0.069337, t_ads: 60.4, t_des: 63.3, bed_util_ads: 0.478, bed_util_des: 0.477, des_th: 0.47706947011215706,frac_lost: 0.107, li_recovered:  8.577, time: 0.014054197999939788
L: 0.50, u_super: 0.00654, sec: 366.608, prod: 0.147610, t_ads: 29.9, t_des: 27.2, bed_util_ads: 0.499, bed_util_des: 0.499, des_th: 0.4987875176014533,frac_lost: 0.108, li_recovered:  8.432, time: 0.01332139899932372
L: 0.50, u_super: 0.00920, sec: 531.841, prod: 0.208366, t_ads: 21.3, t_des: 19.3, bed_util_ads: 0.499, bed_util_des: 0.499, des_th: 0.4985282363456846,frac_lost: 0.106, li_recovered:  8.446, time: 0.009817547001148341
L: 0.50, u_super: 0.00615, sec: 342.120, prod: 0.139005, t_ads: 31.6, t_des: 28.6, bed_util_ads: 0.499, bed_util_des: 0.499, des_th: 0.499298968628198,frac_lost: 0.103, li_recovered:  8.364, time: 0.016928912000366836
L: 0.50, u_super: 0.00479, sec: 262.971, prod: 0.107753, t_ads: 40.6, t_des: 36.2, bed_util_ads: 0.500, bed_util_des: 0.499, des_th: 0.49943521177781186,frac_lost: 0.105, li_recovered:  8.283, time: 0.01417763700010255
L: 0.50, u_super: 0.00792, sec: 449.519, prod: 0.179702, t_ads: 24.5, t_des: 22.4, bed_util_ads: 0.498, bed_util_des: 0.498, des_th: 0.4981950502130513,frac_lost: 0.101, li_recovered:  8.431, time: 0.01311186299972178
L: 0.50, u_super: 0.00649, sec: 363.010, prod: 0.146929, t_ads: 29.9, t_des: 27.1, bed_util_ads: 0.499, bed_util_des: 0.499, des_th: 0.4987875176014533,frac_lost: 0.103, li_recovered:  8.378, time: 0.018145628999263863
L: 0.50, u_super: 0.00356, sec: 193.931, prod: 0.079677, t_ads: 54.6, t_des: 48.2, bed_util_ads: 0.500, bed_util_des: 0.499, des_th: 0.49943432109134317,frac_lost: 0.108, li_recovered:  8.196, time: 0.010944176001430606
L: 0.50, u_super: 0.00333, sec: 182.324, prod: 0.073757, t_ads: 58.3, t_des: 57.2, bed_util_ads: 0.486, bed_util_des: 0.486, des_th: 0.4855573477794212,frac_lost: 0.106, li_recovered:  8.520, time: 0.015121354001166765
L: 0.50, u_super: 0.00546, sec: 301.697, prod: 0.123476, t_ads: 35.5, t_des: 32.6, bed_util_ads: 0.496, bed_util_des: 0.496, des_th: 0.49576612717375895,frac_lost: 0.102, li_recovered:  8.415, time: 0.009045073999004671
L: 11.72, u_super: 0.00959 — INFEASIBLE (li_recovered=0.000e+00), time: 0.015236446000926662
L: 14.43, u_super: 0.00829 — INFEASIBLE (li_recovered=0.000e+00), time: 0.004275552000763128
L: 0.50, u_super: 0.00422, sec: 230.115, prod: 0.094845, t_ads: 46.1, t_des: 42.2, bed_util_ads: 0.496, bed_util_des: 0.496, des_th: 0.4961492060668516,frac_lost: 0.106, li_recovered:  8.379, time: 0.009871391001070151
L: 0.50, u_super: 0.00740, sec: 419.368, prod: 0.167316, t_ads: 26.4, t_des: 24.2, bed_util_ads: 0.497, bed_util_des: 0.497, des_th: 0.4966574193516979,frac_lost: 0.107, li_recovered:  8.478, time: 0.011747771000955254
L: 0.50, u_super: 0.00981, sec: 573.801, prod: 0.221387, t_ads: 19.9, t_des: 19.0, bed_util_ads: 0.494, bed_util_des: 0.494, des_th: 0.4935366732688091,frac_lost: 0.103, li_recovered:  8.600, time: 0.010311521000403445
L: 0.50, u_super: 0.00283, sec: 179.863, prod: 0.053682, t_ads: 68.7, t_des: 91.4, bed_util_ads: 0.447, bed_util_des: 0.445, des_th: 0.4454182300258018,frac_lost: 0.106, li_recovered:  8.593, time: 0.016729166000004625
L: 0.50, u_super: 0.00774, sec: 440.377, prod: 0.175022, t_ads: 25.3, t_des: 23.2, bed_util_ads: 0.498, bed_util_des: 0.498, des_th: 0.4977905724598862,frac_lost: 0.107, li_recovered:  8.488, time: 0.013596057999166078
   562 |    22480 |     40 |  0.0026873754 |             f
L: 0.50, u_super: 0.00593, sec: 329.526, prod: 0.134119, t_ads: 32.7, t_des: 29.3, bed_util_ads: 0.499, bed_util_des: 0.499, des_th: 0.49905183183838236,frac_lost: 0.102, li_recovered:  8.316, time: 0.010069209998619044
L: 0.50, u_super: 0.00983, sec: 572.360, prod: 0.222940, t_ads: 19.9, t_des: 18.1, bed_util_ads: 0.499, bed_util_des: 0.499, des_th: 0.4986937645694088,frac_lost: 0.105, li_recovered:  8.455, time: 0.012707187999694725
L: 0.50, u_super: 0.00964, sec: 560.094, prod: 0.218449, t_ads: 20.3, t_des: 18.4, bed_util_ads: 0.500, bed_util_des: 0.499, des_th: 0.4994518334511506,frac_lost: 0.106, li_recovered:  8.447, time: 0.019731541000510333
L: 0.50, u_super: 0.00615, sec: 342.475, prod: 0.138860, t_ads: 31.6, t_des: 28.3, bed_util_ads: 0.500, bed_util_des: 0.500, des_th: 0.49989027763705707,frac_lost: 0.103, li_recovered:  8.317, time: 0.012756718999298755
L: 0.50, u_super: 0.00785, sec: 445.076, prod: 0.178072, t_ads: 24.7, t_des: 22.7, bed_util_ads: 0.497, bed_util_des: 0.497, des_th: 0.49734699076887784,frac_lost: 0.100, li_recovered:  8.442, time: 0.018281492000824073
L: 32.44, u_super: 0.00209 — INFEASIBLE (li_recovered=0.000e+00), time: 0.001749355000356445
L: 0.50, u_super: 0.00289, sec: 1024.765, prod: 0.009841, t_ads: 68.3, t_des: 824.6, bed_util_ads: 0.211, bed_util_des: 0.202, des_th: 0.20227095754389313,frac_lost: 0.108, li_recovered:  8.787, time: 0.09117257599973527
L: 14.67, u_super: 0.00500 — INFEASIBLE (li_recovered=0.000e+00), time: 0.006003213999065338
L: 0.50, u_super: 0.00432, sec: 235.830, prod: 0.097023, t_ads: 45.0, t_des: 40.2, bed_util_ads: 0.499, bed_util_des: 0.498, des_th: 0.4983604959081001,frac_lost: 0.104, li_recovered:  8.267, time: 0.01224847400044382
L: 0.50, u_super: 0.00298, sec: 161.475, prod: 0.066490, t_ads: 64.6, t_des: 56.7, bed_util_ads: 0.499, bed_util_des: 0.499, des_th: 0.49855883772317267,frac_lost: 0.102, li_recovered:  8.067, time: 0.011774297001466039
L: 0.50, u_super: 0.00785, sec: 447.386, prod: 0.177475, t_ads: 25.0, t_des: 22.6, bed_util_ads: 0.499, bed_util_des: 0.499, des_th: 0.49930551596290856,frac_lost: 0.109, li_recovered:  8.434, time: 0.010023521001130575
L: 0.50, u_super: 0.00792, sec: 461.627, prod: 0.174989, t_ads: 24.7, t_des: 24.8, bed_util_ads: 0.486, bed_util_des: 0.486, des_th: 0.4860356526685772,frac_lost: 0.107, li_recovered:  8.670, time: 0.012996057999771438
L: 0.50, u_super: 0.00272, sec: 147.159, prod: 0.060652, t_ads: 70.7, t_des: 62.3, bed_util_ads: 0.498, bed_util_des: 0.498, des_th: 0.4981608833242011,frac_lost: 0.102, li_recovered:  8.066, time: 0.013630678000481566
L: 1.37, u_super: 0.00356, sec: 544.974, prod: 0.077680, t_ads: 145.5, t_des: 141.8, bed_util_ads: 0.479, bed_util_des: 0.477, des_th: 0.47754235326154193,frac_lost: 0.100, li_recovered:  22.322, time: 0.011626064999290975
L: 0.50, u_super: 0.00406, sec: 221.511, prod: 0.091227, t_ads: 47.9, t_des: 42.8, bed_util_ads: 0.499, bed_util_des: 0.499, des_th: 0.49898374246541766,frac_lost: 0.106, li_recovered:  8.270, time: 0.010111120000146911
L: 41.81, u_super: 0.00491 — INFEASIBLE (li_recovered=0.000e+00), time: 0.0017928769993886817
L: 7.36, u_super: 0.00936 — INFEASIBLE (li_recovered=0.000e+00), time: 0.00795259500046086
L: 0.50, u_super: 0.00507, sec: 286.588, prod: 0.111177, t_ads: 38.3, t_des: 39.3, bed_util_ads: 0.483, bed_util_des: 0.482, des_th: 0.4825307866159382,frac_lost: 0.103, li_recovered:  8.629, time: 0.020093826000447734
L: 0.50, u_super: 0.00380, sec: 206.945, prod: 0.085304, t_ads: 51.2, t_des: 45.8, bed_util_ads: 0.498, bed_util_des: 0.498, des_th: 0.49770070091427127,frac_lost: 0.107, li_recovered:  8.268, time: 0.009393384998475085
L: 0.50, u_super: 0.00693, sec: 389.100, prod: 0.156883, t_ads: 28.0, t_des: 25.1, bed_util_ads: 0.500, bed_util_des: 0.499, des_th: 0.4994205598707445,frac_lost: 0.101, li_recovered:  8.328, time: 0.008670711999002378
L: 0.50, u_super: 0.00185, sec: 107.529, prod: 0.037894, t_ads: 104.3, t_des: 119.1, bed_util_ads: 0.463, bed_util_des: 0.461, des_th: 0.46153905348174473,frac_lost: 0.107, li_recovered:  8.467, time: 0.010536358000535984
L: 0.50, u_super: 0.00100 — INFEASIBLE (li_recovered=0.000e+00), time: 0.006417118000172195
L: 31.11, u_super: 0.00005 — INFEASIBLE (li_recovered=0.000e+00), time: 0.0012921540001116227
L: 0.50, u_super: 0.00892, sec: 514.259, prod: 0.201785, t_ads: 22.0, t_des: 20.1, bed_util_ads: 0.498, bed_util_des: 0.498, des_th: 0.49821576555070113,frac_lost: 0.107, li_recovered:  8.492, time: 0.00973587099906581
L: 0.50, u_super: 0.00659, sec: 368.366, prod: 0.149098, t_ads: 29.4, t_des: 26.4, bed_util_ads: 0.500, bed_util_des: 0.500, des_th: 0.49976444068437753,frac_lost: 0.100, li_recovered:  8.316, time: 0.009700623000753694
L: 0.50, u_super: 0.00920, sec: 531.907, prod: 0.208627, t_ads: 21.2, t_des: 19.4, bed_util_ads: 0.498, bed_util_des: 0.498, des_th: 0.49821493446252546,frac_lost: 0.105, li_recovered:  8.483, time: 0.01646771500054456
L: 0.50, u_super: 0.00161, sec: 88.567, prod: 0.034838, t_ads: 118.7, t_des: 100.1, bed_util_ads: 0.500, bed_util_des: 0.500, des_th: 0.49999866018057604,frac_lost: 0.107, li_recovered:  7.624, time: 0.011038192000341951
L: 0.50, u_super: 0.00154, sec: 83.984, prod: 0.033595, t_ads: 123.7, t_des: 123.3, bed_util_ads: 0.478, bed_util_des: 0.477, des_th: 0.47706947011215706,frac_lost: 0.103, li_recovered:  8.298, time: 0.013289889000589028
L: 0.50, u_super: 0.00005, sec: 4.350, prod: 0.000666, t_ads: 3325.3, t_des: 5429.9, bed_util_ads: 0.254, bed_util_des: 0.192, des_th: 0.19239098539096403,frac_lost: 0.101, li_recovered:  5.827, time: 0.020530137000605464
L: 0.50, u_super: 0.00963, sec: 565.714, prod: 0.215881, t_ads: 20.3, t_des: 19.7, bed_util_ads: 0.491, bed_util_des: 0.491, des_th: 0.4909382008372155,frac_lost: 0.105, li_recovered:  8.642, time: 0.010749390999990283
L: 0.50, u_super: 0.00798, sec: 455.237, prod: 0.180326, t_ads: 24.6, t_des: 22.2, bed_util_ads: 0.500, bed_util_des: 0.500, des_th: 0.49970820796802085,frac_lost: 0.109, li_recovered:  8.445, time: 0.013550935998864588
L: 0.50, u_super: 0.00209, sec: 112.931, prod: 0.046196, t_ads: 92.4, t_des: 88.4, bed_util_ads: 0.487, bed_util_des: 0.486, des_th: 0.486236672499209,frac_lost: 0.107, li_recovered:  8.349, time: 0.011306252999929711
L: 5.04, u_super: 0.00961 — INFEASIBLE (li_recovered=0.000e+00), time: 0.005189196999708656
L: 28.81, u_super: 0.00126 — INFEASIBLE (li_recovered=0.000e+00), time: 0.006837617000201135
L: 0.50, u_super: 0.00843, sec: 482.780, prod: 0.190736, t_ads: 23.2, t_des: 20.8, bed_util_ads: 0.500, bed_util_des: 0.500, des_th: 0.499844316543974,frac_lost: 0.106, li_recovered:  8.384, time: 0.010338728001443087
L: 0.50, u_super: 0.00368, sec: 199.825, prod: 0.082349, t_ads: 53.0, t_des: 47.3, bed_util_ads: 0.498, bed_util_des: 0.498, des_th: 0.4981608833242011,frac_lost: 0.107, li_recovered:  8.252, time: 0.01752933000170742
L: 0.50, u_super: 0.00420, sec: 229.583, prod: 0.094273, t_ads: 46.2, t_des: 40.9, bed_util_ads: 0.500, bed_util_des: 0.500, des_th: 0.4997773392622162,frac_lost: 0.105, li_recovered:  8.214, time: 0.009007926000776934
L: 0.50, u_super: 0.00959, sec: 556.987, prod: 0.217329, t_ads: 20.4, t_des: 18.5, bed_util_ads: 0.500, bed_util_des: 0.500, des_th: 0.4995461029990219,frac_lost: 0.106, li_recovered:  8.443, time: 0.01562821600055031
L: 1.87, u_super: 0.00940, sec: 2084.220, prod: 0.208488, t_ads: 77.0, t_des: 67.6, bed_util_ads: 0.498, bed_util_des: 0.498, des_th: 0.49770070091427127,frac_lost: 0.104, li_recovered:  30.145, time: 0.009589446999598294
L: 5.60, u_super: 0.00829 — INFEASIBLE (li_recovered=0.000e+00), time: 0.006734661999871605
   563 |    22520 |     40 |  0.0009493147 |             f
L: 4.82, u_super: 0.00615 — INFEASIBLE (li_recovered=0.000e+00), time: 0.014413984001294011
L: 74.74, u_super: 0.00935 — INFEASIBLE (li_recovered=0.000e+00), time: 0.0023655570003029425
L: 41.79, u_super: 0.00272 — INFEASIBLE (li_recovered=0.000e+00), time: 0.004483437000089907
L: 0.50, u_super: 0.00038, sec: 22.376, prod: 0.007333, t_ads: 472.3, t_des: 500.5, bed_util_ads: 0.438, bed_util_des: 0.433, des_th: 0.4332275065502953,frac_lost: 0.104, li_recovered:  7.134, time: 0.009837669000262395
L: 0.50, u_super: 0.00193, sec: 104.954, prod: 0.042073, t_ads: 99.2, t_des: 84.7, bed_util_ads: 0.500, bed_util_des: 0.500, des_th: 0.4999161652872927,frac_lost: 0.101, li_recovered:  7.735, time: 0.00925578799979121
L: 9.83, u_super: 0.00472 — INFEASIBLE (li_recovered=0.000e+00), time: 0.00404156400145439
L: 0.50, u_super: 0.00111 — INFEASIBLE (li_recovered=0.000e+00), time: 0.00674057099968195
L: 0.50, u_super: 0.00537, sec: 296.680, prod: 0.121093, t_ads: 36.1, t_des: 32.0, bed_util_ads: 0.500, bed_util_des: 0.500, des_th: 0.49972369306910924,frac_lost: 0.101, li_recovered:  8.247, time: 0.01816078199954063
L: 0.50, u_super: 0.00920, sec: 532.008, prod: 0.208587, t_ads: 21.2, t_des: 19.2, bed_util_ads: 0.499, bed_util_des: 0.499, des_th: 0.49932664289623535,frac_lost: 0.105, li_recovered:  8.439, time: 0.020495741999184247
L: 0.50, u_super: 0.00510, sec: 280.584, prod: 0.115101, t_ads: 38.1, t_des: 34.5, bed_util_ads: 0.499, bed_util_des: 0.498, des_th: 0.49843472483324913,frac_lost: 0.103, li_recovered:  8.359, time: 0.009293756998886238
L: 0.50, u_super: 0.00201, sec: 108.714, prod: 0.044345, t_ads: 96.2, t_des: 91.9, bed_util_ads: 0.486, bed_util_des: 0.486, des_th: 0.4856880850236223,frac_lost: 0.109, li_recovered:  8.340, time: 0.012209734000862227
L: 4.48, u_super: 0.00648 — INFEASIBLE (li_recovered=0.000e+00), time: 0.008572127000661567
L: 0.50, u_super: 0.00333, sec: 181.101, prod: 0.074446, t_ads: 58.3, t_des: 51.4, bed_util_ads: 0.500, bed_util_des: 0.499, des_th: 0.4994008685159853,frac_lost: 0.107, li_recovered:  8.164, time: 0.013649570000779931
L: 0.50, u_super: 0.00356, sec: 193.834, prod: 0.079717, t_ads: 54.6, t_des: 48.3, bed_util_ads: 0.499, bed_util_des: 0.499, des_th: 0.4985331755280093,frac_lost: 0.107, li_recovered:  8.201, time: 0.014887770999848726
L: 0.50, u_super: 0.00683, sec: 383.068, prod: 0.154596, t_ads: 28.4, t_des: 25.4, bed_util_ads: 0.500, bed_util_des: 0.499, des_th: 0.49941914537971527,frac_lost: 0.101, li_recovered:  8.324, time: 0.01614705599968147
L: 0.50, u_super: 0.00822, sec: 468.260, prod: 0.186640, t_ads: 23.6, t_des: 21.6, bed_util_ads: 0.497, bed_util_des: 0.497, des_th: 0.49727555373595295,frac_lost: 0.100, li_recovered:  8.434, time: 0.012679442001171992
L: 0.50, u_super: 0.00250, sec: 165.684, prod: 0.045251, t_ads: 77.6, t_des: 112.0, bed_util_ads: 0.436, bed_util_des: 0.433, des_th: 0.4334080459413316,frac_lost: 0.105, li_recovered:  8.579, time: 0.013164501999199274
L: 2.08, u_super: 0.00615, sec: 1504.368, prod: 0.131238, t_ads: 129.3, t_des: 107.4, bed_util_ads: 0.499, bed_util_des: 0.499, des_th: 0.499298968628198,frac_lost: 0.107, li_recovered:  31.058, time: 0.01005801500105008
L: 0.50, u_super: 0.00893, sec: 515.187, prod: 0.202163, t_ads: 21.9, t_des: 20.1, bed_util_ads: 0.498, bed_util_des: 0.498, des_th: 0.4982766061964875,frac_lost: 0.107, li_recovered:  8.492, time: 0.013223805999587057
L: 4.37, u_super: 0.00483 — INFEASIBLE (li_recovered=0.000e+00), time: 0.009549622000122326
L: 0.50, u_super: 0.00111, sec: 60.452, prod: 0.024083, t_ads: 170.0, t_des: 164.2, bed_util_ads: 0.478, bed_util_des: 0.477, des_th: 0.4771551615916392,frac_lost: 0.103, li_recovered:  8.047, time: 0.016407326998887584
L: 0.50, u_super: 0.00773, sec: 437.485, prod: 0.175353, t_ads: 25.1, t_des: 22.9, bed_util_ads: 0.498, bed_util_des: 0.498, des_th: 0.4981604560287318,frac_lost: 0.100, li_recovered:  8.423, time: 0.010406633000457077
L: 0.50, u_super: 0.00438, sec: 242.606, prod: 0.097097, t_ads: 44.5, t_des: 43.8, bed_util_ads: 0.487, bed_util_des: 0.486, des_th: 0.4860869633278758,frac_lost: 0.106, li_recovered:  8.576, time: 0.013701215999390115
L: 0.50, u_super: 0.00059, sec: 154.876, prod: 0.002626, t_ads: 335.6, t_des: 3013.8, bed_util_ads: 0.220, bed_util_des: 0.185, des_th: 0.1851696623157332,frac_lost: 0.103, li_recovered:  8.797, time: 0.05744086499908008
L: 0.50, u_super: 0.00486, sec: 266.895, prod: 0.109365, t_ads: 40.0, t_des: 35.7, bed_util_ads: 0.500, bed_util_des: 0.499, des_th: 0.4994762791714216,frac_lost: 0.104, li_recovered:  8.282, time: 0.010169709001274896
L: 0.50, u_super: 0.00177, sec: 95.390, prod: 0.038936, t_ads: 109.1, t_des: 102.8, bed_util_ads: 0.487, bed_util_des: 0.486, des_th: 0.4860298166769925,frac_lost: 0.109, li_recovered:  8.252, time: 0.01586192800095887
L: 0.50, u_super: 0.00798, sec: 467.113, prod: 0.175741, t_ads: 24.5, t_des: 24.9, bed_util_ads: 0.485, bed_util_des: 0.485, des_th: 0.4845726263173836,frac_lost: 0.106, li_recovered:  8.676, time: 0.010915415999988909
L: 0.50, u_super: 0.00088, sec: 48.945, prod: 0.018526, t_ads: 213.4, t_des: 186.3, bed_util_ads: 0.487, bed_util_des: 0.486, des_th: 0.4859663196913179,frac_lost: 0.106, li_recovered:  7.404, time: 0.013715615999899455
L: 0.50, u_super: 0.00571, sec: 317.258, prod: 0.128703, t_ads: 34.3, t_des: 31.1, bed_util_ads: 0.499, bed_util_des: 0.498, des_th: 0.49836492531531357,frac_lost: 0.109, li_recovered:  8.416, time: 0.009588203000021167
L: 0.50, u_super: 0.00865, sec: 496.598, prod: 0.195818, t_ads: 22.6, t_des: 20.5, bed_util_ads: 0.500, bed_util_des: 0.499, des_th: 0.4995113697089891,frac_lost: 0.106, li_recovered:  8.448, time: 0.010237156000584946
L: 0.50, u_super: 0.00111, sec: 65.039, prod: 0.022164, t_ads: 171.2, t_des: 201.3, bed_util_ads: 0.452, bed_util_des: 0.449, des_th: 0.4488916831165392,frac_lost: 0.101, li_recovered:  8.257, time: 0.011273366999375867
L: 0.50, u_super: 0.00922, sec: 533.080, prod: 0.208857, t_ads: 21.2, t_des: 19.5, bed_util_ads: 0.498, bed_util_des: 0.498, des_th: 0.4982157151853198,frac_lost: 0.105, li_recovered:  8.495, time: 0.015106920000107493
L: 46.75, u_super: 0.00990 — INFEASIBLE (li_recovered=0.000e+00), time: 0.007369253000433673
L: 0.50, u_super: 0.00195, sec: 106.371, prod: 0.042647, t_ads: 97.9, t_des: 83.6, bed_util_ads: 0.500, bed_util_des: 0.500, des_th: 0.49999951715398927,frac_lost: 0.101, li_recovered:  7.738, time: 0.008966565001173876
L: 0.50, u_super: 0.00873, sec: 500.506, prod: 0.198155, t_ads: 22.2, t_des: 20.1, bed_util_ads: 0.500, bed_util_des: 0.500, des_th: 0.4997226176421553,frac_lost: 0.100, li_recovered:  8.384, time: 0.01016790699941339
L: 0.50, u_super: 0.00068, sec: 202.962, prod: 0.002646, t_ads: 291.9, t_des: 3038.7, bed_util_ads: 0.210, bed_util_des: 0.178, des_th: 0.1779215866254951,frac_lost: 0.102, li_recovered:  8.813, time: 0.07319790799920156
L: 0.50, u_super: 0.00038 — INFEASIBLE (li_recovered=0.000e+00), time: 0.005119336999996449
L: 34.48, u_super: 0.00690 — INFEASIBLE (li_recovered=0.000e+00), time: 0.0028678730013780296
L: 0.50, u_super: 0.00507, sec: 278.794, prod: 0.114285, t_ads: 38.3, t_des: 34.3, bed_util_ads: 0.499, bed_util_des: 0.499, des_th: 0.4993392237149957,frac_lost: 0.102, li_recovered:  8.295, time: 0.011035045001335675
L: 0.50, u_super: 0.00759, sec: 435.509, prod: 0.169549, t_ads: 25.8, t_des: 25.0, bed_util_ads: 0.491, bed_util_des: 0.491, des_th: 0.49076125313551117,frac_lost: 0.109, li_recovered:  8.626, time: 0.010630830000081914
   564 |    22560 |     40 |  0.0028715639 |             f
L: 0.50, u_super: 0.00363, sec: 197.609, prod: 0.081304, t_ads: 53.5, t_des: 47.4, bed_util_ads: 0.500, bed_util_des: 0.500, des_th: 0.4995641770888604,frac_lost: 0.107, li_recovered:  8.202, time: 0.009838934000072186
L: 0.50, u_super: 0.00037 — INFEASIBLE (li_recovered=0.000e+00), time: 0.005023653000534978
L: 0.50, u_super: 0.00990, sec: 576.582, prod: 0.224588, t_ads: 19.7, t_des: 18.1, bed_util_ads: 0.498, bed_util_des: 0.498, des_th: 0.4980771161112308,frac_lost: 0.104, li_recovered:  8.491, time: 0.018757873000140535
L: 34.46, u_super: 0.00049 — INFEASIBLE (li_recovered=0.000e+00), time: 0.00187255700075184
L: 18.58, u_super: 0.00659 — INFEASIBLE (li_recovered=0.000e+00), time: 0.0034470580012566643
L: 0.50, u_super: 0.00118 — INFEASIBLE (li_recovered=0.000e+00), time: 0.005539905001569423
L: 0.50, u_super: 0.00860, sec: 493.706, prod: 0.194731, t_ads: 22.7, t_des: 20.6, bed_util_ads: 0.500, bed_util_des: 0.500, des_th: 0.4996915008791032,frac_lost: 0.106, li_recovered:  8.442, time: 0.02526884200051427
L: 54.45, u_super: 0.00380 — INFEASIBLE (li_recovered=0.000e+00), time: 0.0020842100002482766
L: 0.50, u_super: 0.00198, sec: 106.261, prod: 0.043933, t_ads: 96.5, t_des: 87.7, bed_util_ads: 0.493, bed_util_des: 0.492, des_th: 0.4925736548547126,frac_lost: 0.101, li_recovered:  8.094, time: 0.010015543999543297
L: 0.50, u_super: 0.00848, sec: 485.960, prod: 0.191883, t_ads: 23.1, t_des: 20.9, bed_util_ads: 0.500, bed_util_des: 0.500, des_th: 0.4996915008791032,frac_lost: 0.107, li_recovered:  8.447, time: 0.017315109998889966
L: 0.50, u_super: 0.00446, sec: 243.968, prod: 0.100264, t_ads: 43.6, t_des: 38.9, bed_util_ads: 0.500, bed_util_des: 0.499, des_th: 0.49934848607781523,frac_lost: 0.105, li_recovered:  8.277, time: 0.012262260999705177
L: 0.50, u_super: 0.00649, sec: 362.609, prod: 0.147091, t_ads: 29.9, t_des: 27.0, bed_util_ads: 0.499, bed_util_des: 0.499, des_th: 0.49920218811591943,frac_lost: 0.101, li_recovered:  8.369, time: 0.012437878000127967
L: 0.50, u_super: 0.00576, sec: 319.303, prod: 0.130110, t_ads: 33.7, t_des: 30.2, bed_util_ads: 0.500, bed_util_des: 0.500, des_th: 0.4995954114049047,frac_lost: 0.102, li_recovered:  8.318, time: 0.014436954001212143
L: 0.50, u_super: 0.00048, sec: 28.552, prod: 0.009498, t_ads: 376.5, t_des: 420.6, bed_util_ads: 0.439, bed_util_des: 0.434, des_th: 0.43387712187904826,frac_lost: 0.101, li_recovered:  7.571, time: 0.010758763000922045
L: 0.50, u_super: 0.00798, sec: 455.035, prod: 0.180406, t_ads: 24.6, t_des: 22.3, bed_util_ads: 0.500, bed_util_des: 0.499, des_th: 0.4993725429335435,frac_lost: 0.108, li_recovered:  8.445, time: 0.013418834998446982
L: 0.50, u_super: 0.00721, sec: 415.013, prod: 0.159852, t_ads: 27.1, t_des: 27.0, bed_util_ads: 0.487, bed_util_des: 0.486, des_th: 0.48647023609087314,frac_lost: 0.106, li_recovered:  8.652, time: 0.012984246999621973
L: 0.50, u_super: 0.00745, sec: 420.434, prod: 0.169023, t_ads: 26.0, t_des: 23.8, bed_util_ads: 0.498, bed_util_des: 0.498, des_th: 0.4982157151853198,frac_lost: 0.100, li_recovered:  8.429, time: 0.009681700999863097
L: 0.50, u_super: 0.00164, sec: 111.817, prod: 0.028486, t_ads: 117.6, t_des: 180.4, bed_util_ads: 0.424, bed_util_des: 0.420, des_th: 0.42041908893897906,frac_lost: 0.104, li_recovered:  8.489, time: 0.011696249999658903
L: 0.50, u_super: 0.00608, sec: 338.033, prod: 0.137442, t_ads: 31.9, t_des: 28.6, bed_util_ads: 0.500, bed_util_des: 0.500, des_th: 0.4995787763281701,frac_lost: 0.101, li_recovered:  8.318, time: 0.01927827600047749
L: 0.50, u_super: 0.00961, sec: 4005.976, prod: 0.030317, t_ads: 20.4, t_des: 269.1, bed_util_ads: 0.207, bed_util_des: 0.204, des_th: 0.20406714308634866,frac_lost: 0.102, li_recovered:  8.774, time: 0.11177156399935484
L: 0.50, u_super: 0.00769, sec: 436.541, prod: 0.173786, t_ads: 25.4, t_des: 22.8, bed_util_ads: 0.500, bed_util_des: 0.499, des_th: 0.49950176635370375,frac_lost: 0.106, li_recovered:  8.387, time: 0.012432331999661983
L: 0.50, u_super: 0.00396, sec: 215.528, prod: 0.088815, t_ads: 49.1, t_des: 43.8, bed_util_ads: 0.499, bed_util_des: 0.499, des_th: 0.49898374246541766,frac_lost: 0.106, li_recovered:  8.257, time: 0.011195750999831944
L: 0.50, u_super: 0.00016 — INFEASIBLE (li_recovered=0.000e+00), time: 0.003460723999523907
L: 0.50, u_super: 0.00983, sec: 602.687, prod: 0.211656, t_ads: 19.8, t_des: 21.3, bed_util_ads: 0.478, bed_util_des: 0.478, des_th: 0.47791114784417493,frac_lost: 0.103, li_recovered:  8.709, time: 0.016235418999713147
L: 0.50, u_super: 0.00471, sec: 258.421, prod: 0.105984, t_ads: 41.3, t_des: 36.8, bed_util_ads: 0.500, bed_util_des: 0.499, des_th: 0.49949507961488143,frac_lost: 0.105, li_recovered:  8.282, time: 0.010589260999040562
L: 0.50, u_super: 0.00829, sec: 474.554, prod: 0.187337, t_ads: 23.7, t_des: 21.2, bed_util_ads: 0.500, bed_util_des: 0.500, des_th: 0.499964087141716,frac_lost: 0.108, li_recovered:  8.397, time: 0.012826191999920411
L: 0.50, u_super: 0.00480, sec: 263.512, prod: 0.108025, t_ads: 40.5, t_des: 36.2, bed_util_ads: 0.500, bed_util_des: 0.500, des_th: 0.49990494303546545,frac_lost: 0.104, li_recovered:  8.284, time: 0.018174621000071056
L: 0.50, u_super: 0.00923, sec: 534.199, prod: 0.209152, t_ads: 21.2, t_des: 19.2, bed_util_ads: 0.499, bed_util_des: 0.499, des_th: 0.4993805643664238,frac_lost: 0.106, li_recovered:  8.448, time: 0.023902561000795686
L: 0.50, u_super: 0.00005, sec: 4.604, prod: 0.000629, t_ads: 2859.8, t_des: 4158.2, bed_util_ads: 0.255, bed_util_des: 0.214, des_th: 0.2137271326467677,frac_lost: 0.100, li_recovered:  4.413, time: 0.010156823000215809
L: 0.50, u_super: 0.00424, sec: 231.549, prod: 0.095272, t_ads: 45.8, t_des: 40.9, bed_util_ads: 0.499, bed_util_des: 0.499, des_th: 0.4989929417731204,frac_lost: 0.105, li_recovered:  8.266, time: 0.011527074999321485
L: 0.50, u_super: 0.00805, sec: 460.039, prod: 0.181725, t_ads: 24.4, t_des: 22.5, bed_util_ads: 0.497, bed_util_des: 0.496, des_th: 0.49634194714748875,frac_lost: 0.108, li_recovered:  8.521, time: 0.013245172000097227
L: 0.50, u_super: 0.00990, sec: 576.856, prod: 0.224482, t_ads: 19.7, t_des: 17.8, bed_util_ads: 0.500, bed_util_des: 0.500, des_th: 0.49975367273089777,frac_lost: 0.105, li_recovered:  8.420, time: 0.012225831998875947
L: 0.50, u_super: 0.00088 — INFEASIBLE (li_recovered=0.000e+00), time: 0.005822211998747662
L: 0.50, u_super: 0.00924, sec: 534.686, prod: 0.208990, t_ads: 21.2, t_des: 19.2, bed_util_ads: 0.499, bed_util_des: 0.499, des_th: 0.499280469105715,frac_lost: 0.108, li_recovered:  8.455, time: 0.013868344000002253
L: 0.50, u_super: 0.00920, sec: 531.388, prod: 0.208831, t_ads: 21.2, t_des: 19.2, bed_util_ads: 0.498, bed_util_des: 0.498, des_th: 0.4982157151853198,frac_lost: 0.103, li_recovered:  8.441, time: 0.009976486000596196
L: 0.50, u_super: 0.00144, sec: 78.085, prod: 0.031214, t_ads: 133.1, t_des: 131.3, bed_util_ads: 0.479, bed_util_des: 0.477, des_th: 0.47744598617060924,frac_lost: 0.105, li_recovered:  8.255, time: 0.013986791998831904
L: 0.50, u_super: 0.00250, sec: 134.691, prod: 0.055663, t_ads: 77.0, t_des: 68.7, bed_util_ads: 0.496, bed_util_des: 0.496, des_th: 0.49601652077124664,frac_lost: 0.103, li_recovered:  8.111, time: 0.024455914999634842
L: 0.50, u_super: 0.00572, sec: 316.483, prod: 0.129264, t_ads: 33.9, t_des: 30.4, bed_util_ads: 0.499, bed_util_des: 0.499, des_th: 0.49930551596290856,frac_lost: 0.100, li_recovered:  8.316, time: 0.010129411000889377
L: 0.50, u_super: 0.00272, sec: 147.822, prod: 0.060380, t_ads: 70.8, t_des: 61.3, bed_util_ads: 0.500, bed_util_des: 0.499, des_th: 0.4994689513434409,frac_lost: 0.103, li_recovered:  7.977, time: 0.009758876998603228
L: 8.40, u_super: 0.00094 — INFEASIBLE (li_recovered=0.000e+00), time: 0.0021212909996393137
   565 |    22600 |     40 |  0.0032145516 |             f
L: 0.50, u_super: 0.00987, sec: 574.716, prod: 0.223788, t_ads: 19.8, t_des: 18.0, bed_util_ads: 0.500, bed_util_des: 0.500, des_th: 0.49990494303546545,frac_lost: 0.105, li_recovered:  8.450, time: 0.018347430999710923
L: 0.50, u_super: 0.00546, sec: 301.403, prod: 0.123596, t_ads: 35.4, t_des: 32.7, bed_util_ads: 0.496, bed_util_des: 0.496, des_th: 0.4960095662583637,frac_lost: 0.100, li_recovered:  8.420, time: 0.018368266999459593
L: 0.50, u_super: 0.00144, sec: 78.085, prod: 0.031214, t_ads: 133.1, t_des: 131.3, bed_util_ads: 0.479, bed_util_des: 0.477, des_th: 0.47744598617060924,frac_lost: 0.105, li_recovered:  8.255, time: 0.009526040999844554
L: 0.50, u_super: 0.00798, sec: 454.012, prod: 0.180813, t_ads: 24.4, t_des: 22.0, bed_util_ads: 0.500, bed_util_des: 0.500, des_th: 0.49989186070244956,frac_lost: 0.103, li_recovered:  8.381, time: 0.012253982000402175
L: 0.50, u_super: 0.00192, sec: 104.586, prod: 0.041971, t_ads: 99.6, t_des: 100.3, bed_util_ads: 0.479, bed_util_des: 0.478, des_th: 0.47812356337010253,frac_lost: 0.101, li_recovered:  8.391, time: 0.012302367998927366
L: 21.06, u_super: 0.00424 — INFEASIBLE (li_recovered=0.000e+00), time: 0.0022426539999287343
L: 0.50, u_super: 0.00608, sec: 338.156, prod: 0.137392, t_ads: 31.9, t_des: 28.5, bed_util_ads: 0.500, bed_util_des: 0.500, des_th: 0.4997799833874833,frac_lost: 0.101, li_recovered:  8.302, time: 0.008844117999615264
L: 0.50, u_super: 0.00940, sec: 544.517, prod: 0.212880, t_ads: 20.8, t_des: 18.9, bed_util_ads: 0.500, bed_util_des: 0.500, des_th: 0.4995570111275077,frac_lost: 0.106, li_recovered:  8.448, time: 0.012536986001578043
L: 0.50, u_super: 0.00923, sec: 533.964, prod: 0.209244, t_ads: 21.2, t_des: 19.2, bed_util_ads: 0.499, bed_util_des: 0.499, des_th: 0.4992723811115489,frac_lost: 0.106, li_recovered:  8.454, time: 0.019353869000042323
L: 0.50, u_super: 0.00015 — INFEASIBLE (li_recovered=0.000e+00), time: 0.003287769000962726
L: 21.74, u_super: 0.00010 — INFEASIBLE (li_recovered=0.000e+00), time: 0.008909857000617194
L: 0.50, u_super: 0.00253, sec: 137.141, prod: 0.055992, t_ads: 76.2, t_des: 66.1, bed_util_ads: 0.500, bed_util_des: 0.500, des_th: 0.4996345828567902,frac_lost: 0.104, li_recovered:  7.971, time: 0.008649215000332333
L: 0.50, u_super: 0.00704, sec: 397.370, prod: 0.159009, t_ads: 27.8, t_des: 25.2, bed_util_ads: 0.499, bed_util_des: 0.499, des_th: 0.4989929417731204,frac_lost: 0.109, li_recovered:  8.440, time: 0.014142851001452073
L: 0.50, u_super: 0.00879, sec: 517.532, prod: 0.194366, t_ads: 22.3, t_des: 22.4, bed_util_ads: 0.486, bed_util_des: 0.486, des_th: 0.48564490344100014,frac_lost: 0.106, li_recovered:  8.677, time: 0.012835813000492635
L: 0.50, u_super: 0.00688, sec: 463.509, prod: 0.129971, t_ads: 28.4, t_des: 38.5, bed_util_ads: 0.448, bed_util_des: 0.447, des_th: 0.44751312302749535,frac_lost: 0.107, li_recovered:  8.703, time: 0.011627952999333502
L: 0.50, u_super: 0.00111 — INFEASIBLE (li_recovered=0.000e+00), time: 0.007077514999764389
L: 0.50, u_super: 0.00870, sec: 500.398, prod: 0.196860, t_ads: 22.5, t_des: 20.4, bed_util_ads: 0.500, bed_util_des: 0.500, des_th: 0.499788557581462,frac_lost: 0.108, li_recovered:  8.448, time: 0.009209268999256892
L: 0.50, u_super: 0.00482, sec: 274.153, prod: 0.104685, t_ads: 40.2, t_des: 42.2, bed_util_ads: 0.479, bed_util_des: 0.479, des_th: 0.4785819416171397,frac_lost: 0.101, li_recovered:  8.632, time: 0.010101468000357272
L: 0.50, u_super: 0.00578, sec: 320.439, prod: 0.130586, t_ads: 33.6, t_des: 30.1, bed_util_ads: 0.499, bed_util_des: 0.499, des_th: 0.49926748836296714,frac_lost: 0.102, li_recovered:  8.319, time: 0.01783463500032667
L: 8.32, u_super: 0.00428 — INFEASIBLE (li_recovered=0.000e+00), time: 0.004792735999217257
L: 0.50, u_super: 0.00112, sec: 60.970, prod: 0.024291, t_ads: 167.5, t_des: 152.0, bed_util_ads: 0.486, bed_util_des: 0.486, des_th: 0.48572285530955306,frac_lost: 0.100, li_recovered:  7.762, time: 0.015146547999393078
L: 0.50, u_super: 0.00250, sec: 134.691, prod: 0.055663, t_ads: 77.0, t_des: 68.7, bed_util_ads: 0.496, bed_util_des: 0.496, des_th: 0.49601652077124664,frac_lost: 0.103, li_recovered:  8.111, time: 0.009835230999669875
L: 0.50, u_super: 0.00455, sec: 249.260, prod: 0.102446, t_ads: 42.7, t_des: 38.1, bed_util_ads: 0.500, bed_util_des: 0.499, des_th: 0.4993486286696891,frac_lost: 0.104, li_recovered:  8.277, time: 0.011835676001282991
L: 0.50, u_super: 0.00657, sec: 377.095, prod: 0.144992, t_ads: 29.8, t_des: 29.9, bed_util_ads: 0.486, bed_util_des: 0.485, des_th: 0.48550598515093385,frac_lost: 0.108, li_recovered:  8.654, time: 0.014801568000621046
L: 0.50, u_super: 0.00378, sec: 205.646, prod: 0.084871, t_ads: 51.4, t_des: 46.0, bed_util_ads: 0.498, bed_util_des: 0.498, des_th: 0.4977102128222149,frac_lost: 0.105, li_recovered:  8.262, time: 0.011653768000542186
L: 0.50, u_super: 0.00635, sec: 379.297, prod: 0.134402, t_ads: 30.5, t_des: 34.0, bed_util_ads: 0.472, bed_util_des: 0.471, des_th: 0.47129037765126924,frac_lost: 0.100, li_recovered:  8.675, time: 0.011924829001145554
L: 0.50, u_super: 0.00702, sec: 395.971, prod: 0.158439, t_ads: 27.9, t_des: 25.3, bed_util_ads: 0.498, bed_util_des: 0.498, des_th: 0.49826906636805396,frac_lost: 0.109, li_recovered:  8.431, time: 0.014924420000170358
L: 0.50, u_super: 0.00729, sec: 526.492, prod: 0.129003, t_ads: 26.8, t_des: 40.7, bed_util_ads: 0.435, bed_util_des: 0.434, des_th: 0.43387712187904826,frac_lost: 0.106, li_recovered:  8.712, time: 0.026102703999640653
L: 0.50, u_super: 0.00990, sec: 576.015, prod: 0.224810, t_ads: 19.7, t_des: 17.9, bed_util_ads: 0.500, bed_util_des: 0.499, des_th: 0.49941800771673645,frac_lost: 0.102, li_recovered:  8.443, time: 0.013152541998351808
L: 0.50, u_super: 0.00933, sec: 540.388, prod: 0.211088, t_ads: 21.0, t_des: 19.2, bed_util_ads: 0.498, bed_util_des: 0.498, des_th: 0.4981608833242011,frac_lost: 0.107, li_recovered:  8.488, time: 0.014170610000292072
L: 0.50, u_super: 0.00441, sec: 240.928, prod: 0.099093, t_ads: 44.1, t_des: 39.3, bed_util_ads: 0.500, bed_util_des: 0.499, des_th: 0.49942279523336724,frac_lost: 0.104, li_recovered:  8.267, time: 0.015907554001387325
L: 0.50, u_super: 0.00164, sec: 90.063, prod: 0.035367, t_ads: 116.6, t_des: 98.1, bed_util_ads: 0.499, bed_util_des: 0.499, des_th: 0.4993202024401258,frac_lost: 0.105, li_recovered:  7.596, time: 0.007907593000709312
L: 0.50, u_super: 0.00177, sec: 95.390, prod: 0.038936, t_ads: 109.1, t_des: 102.8, bed_util_ads: 0.487, bed_util_des: 0.486, des_th: 0.4860298166769925,frac_lost: 0.109, li_recovered:  8.252, time: 0.008981083999969997
L: 0.50, u_super: 0.00649, sec: 385.276, prod: 0.138437, t_ads: 30.1, t_des: 32.6, bed_util_ads: 0.477, bed_util_des: 0.476, des_th: 0.4763754529268744,frac_lost: 0.108, li_recovered:  8.684, time: 0.019103601998722297
L: 0.50, u_super: 0.00596, sec: 330.714, prod: 0.134727, t_ads: 32.6, t_des: 30.2, bed_util_ads: 0.496, bed_util_des: 0.496, des_th: 0.49564506668277863,frac_lost: 0.102, li_recovered:  8.454, time: 0.011946656999498373
L: 0.50, u_super: 0.00142, sec: 78.146, prod: 0.030360, t_ads: 133.6, t_des: 112.5, bed_util_ads: 0.499, bed_util_des: 0.499, des_th: 0.4988365597893921,frac_lost: 0.101, li_recovered:  7.472, time: 0.008797192000201903
L: 35.10, u_super: 0.00302 — INFEASIBLE (li_recovered=0.000e+00), time: 0.00206597100077488
L: 0.50, u_super: 0.00282, sec: 152.599, prod: 0.062790, t_ads: 68.4, t_des: 60.1, bed_util_ads: 0.498, bed_util_des: 0.498, des_th: 0.4979548316113937,frac_lost: 0.103, li_recovered:  8.073, time: 0.009692494000773877
L: 0.50, u_super: 0.00446, sec: 244.040, prod: 0.100235, t_ads: 43.6, t_des: 38.9, bed_util_ads: 0.500, bed_util_des: 0.499, des_th: 0.49934848607781523,frac_lost: 0.105, li_recovered:  8.267, time: 0.012529552999694715
L: 52.39, u_super: 0.00167 — INFEASIBLE (li_recovered=0.000e+00), time: 0.0019977780011686264
   566 |    22640 |     40 |  0.0022930450 |             f
L: 0.50, u_super: 0.00017, sec: 21.379, prod: 0.001531, t_ads: 1167.9, t_des: 4336.1, bed_util_ads: 0.258, bed_util_des: 0.193, des_th: 0.19337152090562942,frac_lost: 0.103, li_recovered:  8.428, time: 0.03271392499846115
L: 0.50, u_super: 0.00857, sec: 492.017, prod: 0.193959, t_ads: 22.8, t_des: 20.9, bed_util_ads: 0.497, bed_util_des: 0.497, des_th: 0.4969422089602648,frac_lost: 0.106, li_recovered:  8.487, time: 0.00981019799837668
L: 0.50, u_super: 0.00446, sec: 244.088, prod: 0.100165, t_ads: 43.7, t_des: 38.9, bed_util_ads: 0.499, bed_util_des: 0.499, des_th: 0.4990467274540458,frac_lost: 0.106, li_recovered:  8.272, time: 0.014056520001759054
L: 0.50, u_super: 0.00590, sec: 364.783, prod: 0.119841, t_ads: 32.9, t_des: 39.5, bed_util_ads: 0.462, bed_util_des: 0.462, des_th: 0.46172734669467086,frac_lost: 0.101, li_recovered:  8.674, time: 0.010691729999962263
L: 12.07, u_super: 0.00400 — INFEASIBLE (li_recovered=0.000e+00), time: 0.003382523000254878
L: 0.50, u_super: 0.00796, sec: 452.381, prod: 0.180502, t_ads: 24.4, t_des: 22.0, bed_util_ads: 0.500, bed_util_des: 0.500, des_th: 0.49989186070244956,frac_lost: 0.101, li_recovered:  8.383, time: 0.011174889999892912
L: 0.50, u_super: 0.00041 — INFEASIBLE (li_recovered=0.000e+00), time: 0.005729053998948075
L: 0.50, u_super: 0.00005, sec: 4.365, prod: 0.000663, t_ads: 3610.8, t_des: 6761.8, bed_util_ads: 0.246, bed_util_des: 0.168, des_th: 0.1681645089111468,frac_lost: 0.102, li_recovered:  6.879, time: 0.017989386000408558
L: 0.50, u_super: 0.00502, sec: 276.348, prod: 0.113227, t_ads: 38.7, t_des: 34.5, bed_util_ads: 0.500, bed_util_des: 0.500, des_th: 0.4999345168978334,frac_lost: 0.103, li_recovered:  8.288, time: 0.0140275699995982
L: 0.50, u_super: 0.00356, sec: 193.844, prod: 0.079713, t_ads: 54.6, t_des: 48.3, bed_util_ads: 0.499, bed_util_des: 0.499, des_th: 0.4986729786591148,frac_lost: 0.108, li_recovered:  8.202, time: 0.012265418999959365
L: 0.50, u_super: 0.00933, sec: 540.128, prod: 0.211503, t_ads: 20.9, t_des: 19.0, bed_util_ads: 0.500, bed_util_des: 0.499, des_th: 0.49941800771673645,frac_lost: 0.105, li_recovered:  8.449, time: 0.010398139000244555
L: 0.50, u_super: 0.00813, sec: 464.329, prod: 0.183795, t_ads: 24.1, t_des: 21.6, bed_util_ads: 0.500, bed_util_des: 0.500, des_th: 0.49989186070244956,frac_lost: 0.107, li_recovered:  8.394, time: 0.017992675999266794
L: 0.50, u_super: 0.00665, sec: 397.033, prod: 0.141229, t_ads: 29.4, t_des: 32.1, bed_util_ads: 0.476, bed_util_des: 0.475, des_th: 0.4750855897383073,frac_lost: 0.107, li_recovered:  8.687, time: 0.011501338000016403
L: 0.50, u_super: 0.00474, sec: 263.290, prod: 0.105242, t_ads: 41.0, t_des: 40.6, bed_util_ads: 0.487, bed_util_des: 0.486, des_th: 0.4863209961628448,frac_lost: 0.103, li_recovered:  8.587, time: 0.010514440999031649
L: 0.50, u_super: 0.00380, sec: 211.575, prod: 0.083437, t_ads: 51.0, t_des: 51.8, bed_util_ads: 0.482, bed_util_des: 0.482, des_th: 0.481712752607612,frac_lost: 0.104, li_recovered:  8.582, time: 0.011687400001392234
L: 6.55, u_super: 0.00088 — INFEASIBLE (li_recovered=0.000e+00), time: 0.0021001479999540607
L: 0.50, u_super: 0.00572, sec: 318.399, prod: 0.128486, t_ads: 34.0, t_des: 32.6, bed_util_ads: 0.490, bed_util_des: 0.490, des_th: 0.4899752302001367,frac_lost: 0.102, li_recovered:  8.555, time: 0.009057814000698272
L: 0.50, u_super: 0.00110, sec: 60.141, prod: 0.023792, t_ads: 171.7, t_des: 154.5, bed_util_ads: 0.487, bed_util_des: 0.486, des_th: 0.48572285530955306,frac_lost: 0.106, li_recovered:  7.760, time: 0.014265320000049542
L: 0.50, u_super: 0.00962, sec: 558.837, prod: 0.218054, t_ads: 20.3, t_des: 18.4, bed_util_ads: 0.500, bed_util_des: 0.500, des_th: 0.4996915008791032,frac_lost: 0.106, li_recovered:  8.453, time: 0.01763131099869497
L: 0.50, u_super: 0.00760, sec: 431.835, prod: 0.171759, t_ads: 25.8, t_des: 23.3, bed_util_ads: 0.500, bed_util_des: 0.500, des_th: 0.49958032275050945,frac_lost: 0.109, li_recovered:  8.439, time: 0.01458426600038365
L: 1.33, u_super: 0.00093 — INFEASIBLE (li_recovered=0.000e+00), time: 0.006276066000282299
L: 0.50, u_super: 0.00212, sec: 114.837, prod: 0.046782, t_ads: 90.1, t_des: 78.4, bed_util_ads: 0.498, bed_util_des: 0.498, des_th: 0.49770070091427127,frac_lost: 0.100, li_recovered:  7.882, time: 0.015630703999704565
L: 0.50, u_super: 0.00428, sec: 233.717, prod: 0.096048, t_ads: 45.5, t_des: 40.6, bed_util_ads: 0.499, bed_util_des: 0.499, des_th: 0.4989929417731204,frac_lost: 0.106, li_recovered:  8.273, time: 0.016852529000971117
L: 0.50, u_super: 0.00990, sec: 740.836, prod: 0.174794, t_ads: 19.7, t_des: 30.2, bed_util_ads: 0.434, bed_util_des: 0.433, des_th: 0.4331612551287226,frac_lost: 0.104, li_recovered:  8.727, time: 0.019778890999077703
L: 23.71, u_super: 0.00649 — INFEASIBLE (li_recovered=0.000e+00), time: 0.003596872000343865
L: 0.50, u_super: 0.00919, sec: 531.283, prod: 0.208033, t_ads: 21.3, t_des: 19.1, bed_util_ads: 0.500, bed_util_des: 0.500, des_th: 0.49991679138691514,frac_lost: 0.106, li_recovered:  8.404, time: 0.010852927998712403
L: 0.50, u_super: 0.00304, sec: 164.694, prod: 0.067948, t_ads: 63.9, t_des: 57.2, bed_util_ads: 0.497, bed_util_des: 0.497, des_th: 0.49654769272018356,frac_lost: 0.108, li_recovered:  8.227, time: 0.01152687699868693
L: 0.50, u_super: 0.00920, sec: 532.422, prod: 0.208425, t_ads: 21.3, t_des: 19.5, bed_util_ads: 0.498, bed_util_des: 0.498, des_th: 0.4982157151853198,frac_lost: 0.106, li_recovered:  8.489, time: 0.011581128001125762
L: 0.50, u_super: 0.00573, sec: 317.486, prod: 0.129691, t_ads: 33.8, t_des: 31.0, bed_util_ads: 0.496, bed_util_des: 0.496, des_th: 0.4960095662583637,frac_lost: 0.102, li_recovered:  8.414, time: 0.011439414998676511
L: 0.50, u_super: 0.00290, sec: 156.051, prod: 0.064745, t_ads: 66.6, t_des: 59.9, bed_util_ads: 0.497, bed_util_des: 0.497, des_th: 0.4966353551120571,frac_lost: 0.102, li_recovered:  8.189, time: 0.010925312999461312
L: 37.65, u_super: 0.00959 — INFEASIBLE (li_recovered=0.000e+00), time: 0.004318060000514379
L: 0.50, u_super: 0.00218, sec: 117.286, prod: 0.048385, t_ads: 88.6, t_des: 80.9, bed_util_ads: 0.492, bed_util_des: 0.492, des_th: 0.4917150604509842,frac_lost: 0.107, li_recovered:  8.201, time: 0.010149268000532174
L: 0.50, u_super: 0.00054 — INFEASIBLE (li_recovered=0.000e+00), time: 0.008688015999723575
L: 0.50, u_super: 0.00428, sec: 237.264, prod: 0.095017, t_ads: 45.4, t_des: 44.9, bed_util_ads: 0.486, bed_util_des: 0.486, des_th: 0.4859663196913179,frac_lost: 0.104, li_recovered:  8.575, time: 0.018929268999272608
L: 0.50, u_super: 0.00005, sec: 6.415, prod: 0.000451, t_ads: 2138.6, t_des: 2337.3, bed_util_ads: 0.258, bed_util_des: 0.245, des_th: 0.24548793222054568,frac_lost: 0.101, li_recovered:  2.020, time: 0.006868566999401082
L: 0.50, u_super: 0.00144, sec: 83.443, prod: 0.029209, t_ads: 133.4, t_des: 153.3, bed_util_ads: 0.459, bed_util_des: 0.457, des_th: 0.4568442695735778,frac_lost: 0.104, li_recovered:  8.374, time: 0.020606549000149244
L: 0.50, u_super: 0.00485, sec: 266.470, prod: 0.109337, t_ads: 40.0, t_des: 35.8, bed_util_ads: 0.500, bed_util_des: 0.499, des_th: 0.4994670040141372,frac_lost: 0.103, li_recovered:  8.289, time: 0.011341924999214825
L: 0.50, u_super: 0.00794, sec: 3777.859, prod: 0.021481, t_ads: 24.7, t_des: 384.0, bed_util_ads: 0.194, bed_util_des: 0.190, des_th: 0.19026761941554418,frac_lost: 0.104, li_recovered:  8.780, time: 0.10842021999997087
L: 0.50, u_super: 0.00131, sec: 70.449, prod: 0.028551, t_ads: 144.9, t_des: 133.5, bed_util_ads: 0.486, bed_util_des: 0.486, des_th: 0.4856419687896088,frac_lost: 0.101, li_recovered:  7.948, time: 0.013006633998884354
L: 0.50, u_super: 0.00021 — INFEASIBLE (li_recovered=0.000e+00), time: 0.005669202999342815
   567 |    22680 |     40 |  0.0048120006 |             f
L: 0.50, u_super: 0.00005, sec: 4.875, prod: 0.000715, t_ads: 2723.0, t_des: 4068.9, bed_util_ads: 0.262, bed_util_des: 0.218, des_th: 0.2185816162769529,frac_lost: 0.101, li_recovered:  4.854, time: 0.01862902199900418
L: 0.50, u_super: 0.00730, sec: 413.022, prod: 0.164972, t_ads: 26.8, t_des: 24.3, bed_util_ads: 0.498, bed_util_des: 0.498, des_th: 0.4982157151853198,frac_lost: 0.108, li_recovered:  8.439, time: 0.011996739000096568
L: 0.50, u_super: 0.00048, sec: 28.658, prod: 0.009463, t_ads: 377.6, t_des: 424.6, bed_util_ads: 0.439, bed_util_des: 0.433, des_th: 0.4334885026549185,frac_lost: 0.103, li_recovered:  7.591, time: 0.013482801001373446
L: 2.47, u_super: 0.00356 — INFEASIBLE (li_recovered=0.000e+00), time: 0.008320655000716215
L: 0.50, u_super: 0.00896, sec: 517.330, prod: 0.202663, t_ads: 21.8, t_des: 20.2, bed_util_ads: 0.497, bed_util_des: 0.497, des_th: 0.4969422089602648,frac_lost: 0.107, li_recovered:  8.526, time: 0.01664217799952894
L: 0.50, u_super: 0.00164, sec: 88.142, prod: 0.036138, t_ads: 116.6, t_des: 108.5, bed_util_ads: 0.487, bed_util_des: 0.486, des_th: 0.4862878371883316,frac_lost: 0.104, li_recovered:  8.134, time: 0.015015082000900293
L: 0.50, u_super: 0.00735, sec: 416.422, prod: 0.166024, t_ads: 26.6, t_des: 24.7, bed_util_ads: 0.496, bed_util_des: 0.496, des_th: 0.495767641575287,frac_lost: 0.106, li_recovered:  8.517, time: 0.01726583399977244
L: 0.50, u_super: 0.00572, sec: 316.612, prod: 0.129212, t_ads: 34.0, t_des: 30.8, bed_util_ads: 0.499, bed_util_des: 0.498, des_th: 0.4984618585997983,frac_lost: 0.103, li_recovered:  8.366, time: 0.011053430000174558
L: 0.50, u_super: 0.00542, sec: 299.287, prod: 0.122405, t_ads: 35.8, t_des: 32.1, bed_util_ads: 0.500, bed_util_des: 0.499, des_th: 0.49941800771673645,frac_lost: 0.102, li_recovered:  8.314, time: 0.011641814000540762
L: 1.44, u_super: 0.00240, sec: 435.732, prod: 0.045731, t_ads: 228.2, t_des: 286.1, bed_util_ads: 0.439, bed_util_des: 0.434, des_th: 0.43387712187904826,frac_lost: 0.107, li_recovered:  23.517, time: 0.020601862999683362
L: 0.50, u_super: 0.00088, sec: 48.945, prod: 0.018526, t_ads: 213.4, t_des: 186.3, bed_util_ads: 0.487, bed_util_des: 0.486, des_th: 0.4859663196913179,frac_lost: 0.106, li_recovered:  7.404, time: 0.009020827999847825
L: 0.50, u_super: 0.00989, sec: 576.061, prod: 0.224347, t_ads: 19.7, t_des: 17.9, bed_util_ads: 0.500, bed_util_des: 0.499, des_th: 0.49941800771673645,frac_lost: 0.104, li_recovered:  8.456, time: 0.021739223000622587
L: 0.50, u_super: 0.00785, sec: 445.538, prod: 0.178144, t_ads: 24.7, t_des: 22.3, bed_util_ads: 0.499, bed_util_des: 0.499, des_th: 0.4986477845023933,frac_lost: 0.100, li_recovered:  8.380, time: 0.01269704200058186
L: 0.50, u_super: 0.00814, sec: 465.250, prod: 0.184089, t_ads: 24.0, t_des: 21.5, bed_util_ads: 0.500, bed_util_des: 0.500, des_th: 0.49989186070244956,frac_lost: 0.107, li_recovered:  8.389, time: 0.010332583000490558
L: 0.50, u_super: 0.00827, sec: 472.596, prod: 0.187201, t_ads: 23.6, t_des: 21.4, bed_util_ads: 0.498, bed_util_des: 0.498, des_th: 0.4982157151853198,frac_lost: 0.106, li_recovered:  8.435, time: 0.019428227000389597
L: 0.50, u_super: 0.00164, sec: 88.264, prod: 0.036088, t_ads: 116.5, t_des: 111.3, bed_util_ads: 0.484, bed_util_des: 0.483, des_th: 0.48329727905194647,frac_lost: 0.103, li_recovered:  8.221, time: 0.009446605999983149
L: 0.50, u_super: 0.00721, sec: 406.140, prod: 0.163345, t_ads: 26.9, t_des: 24.3, bed_util_ads: 0.500, bed_util_des: 0.500, des_th: 0.49976199163788076,frac_lost: 0.101, li_recovered:  8.371, time: 0.02188282600036473
L: 0.50, u_super: 0.00091, sec: 50.245, prod: 0.019250, t_ads: 207.0, t_des: 182.7, bed_util_ads: 0.487, bed_util_des: 0.486, des_th: 0.4859663196913179,frac_lost: 0.106, li_recovered:  7.502, time: 0.0102902719991107
L: 0.50, u_super: 0.00408, sec: 222.108, prod: 0.091623, t_ads: 47.6, t_des: 42.6, bed_util_ads: 0.499, bed_util_des: 0.499, des_th: 0.4989929417731204,frac_lost: 0.104, li_recovered:  8.259, time: 0.01353570700121054
L: 0.50, u_super: 0.00380, sec: 206.911, prod: 0.085318, t_ads: 51.1, t_des: 45.7, bed_util_ads: 0.498, bed_util_des: 0.498, des_th: 0.49766630837838205,frac_lost: 0.106, li_recovered:  8.263, time: 0.009547596999254893
L: 0.50, u_super: 0.00659, sec: 368.544, prod: 0.149026, t_ads: 29.5, t_des: 26.4, bed_util_ads: 0.500, bed_util_des: 0.500, des_th: 0.49981787862071303,frac_lost: 0.101, li_recovered:  8.319, time: 0.009725748999699135
L: 0.50, u_super: 0.00193, sec: 103.422, prod: 0.042754, t_ads: 99.1, t_des: 93.5, bed_util_ads: 0.487, bed_util_des: 0.486, des_th: 0.4860298166769925,frac_lost: 0.100, li_recovered:  8.234, time: 0.01040292200013937
L: 0.50, u_super: 0.00804, sec: 458.219, prod: 0.182136, t_ads: 24.3, t_des: 22.1, bed_util_ads: 0.499, bed_util_des: 0.499, des_th: 0.4986826043702202,frac_lost: 0.105, li_recovered:  8.437, time: 0.01608682799997041
L: 0.50, u_super: 0.00302, sec: 163.464, prod: 0.067254, t_ads: 64.1, t_des: 56.2, bed_util_ads: 0.500, bed_util_des: 0.500, des_th: 0.4997572182063362,frac_lost: 0.104, li_recovered:  8.090, time: 0.00971243500134733
L: 0.50, u_super: 0.00209, sec: 112.548, prod: 0.046353, t_ads: 92.2, t_des: 83.3, bed_util_ads: 0.493, bed_util_des: 0.493, des_th: 0.4925924731167532,frac_lost: 0.107, li_recovered:  8.136, time: 0.01769010699899809
L: 0.50, u_super: 0.00627, sec: 349.754, prod: 0.141891, t_ads: 31.0, t_des: 28.7, bed_util_ads: 0.496, bed_util_des: 0.496, des_th: 0.49564506668277863,frac_lost: 0.102, li_recovered:  8.466, time: 0.012459510000553564
L: 0.50, u_super: 0.00984, sec: 573.244, prod: 0.222901, t_ads: 19.8, t_des: 18.5, bed_util_ads: 0.496, bed_util_des: 0.496, des_th: 0.4960095662583637,frac_lost: 0.104, li_recovered:  8.539, time: 0.010830266999619198
L: 0.50, u_super: 0.00525, sec: 289.129, prod: 0.118444, t_ads: 37.0, t_des: 33.8, bed_util_ads: 0.496, bed_util_des: 0.496, des_th: 0.4960095662583637,frac_lost: 0.103, li_recovered:  8.395, time: 0.009836929000812233
L: 0.50, u_super: 0.00380, sec: 210.070, prod: 0.084035, t_ads: 51.2, t_des: 50.7, bed_util_ads: 0.486, bed_util_des: 0.485, des_th: 0.4853067844250161,frac_lost: 0.107, li_recovered:  8.563, time: 0.01200054299988551
L: 0.50, u_super: 0.00853, sec: 489.229, prod: 0.193216, t_ads: 22.9, t_des: 20.8, bed_util_ads: 0.499, bed_util_des: 0.499, des_th: 0.4990556037907451,frac_lost: 0.106, li_recovered:  8.441, time: 0.010630070999468444
L: 0.50, u_super: 0.00356, sec: 193.023, prod: 0.079752, t_ads: 54.7, t_des: 49.5, bed_util_ads: 0.497, bed_util_des: 0.497, des_th: 0.4970295998761649,frac_lost: 0.107, li_recovered:  8.307, time: 0.010570906000793912
L: 61.14, u_super: 0.00810 — INFEASIBLE (li_recovered=0.000e+00), time: 0.0022048760001780465
L: 0.62, u_super: 0.00526, sec: 359.694, prod: 0.117701, t_ads: 45.5, t_des: 43.6, bed_util_ads: 0.490, bed_util_des: 0.489, des_th: 0.48932443559612554,frac_lost: 0.104, li_recovered:  10.482, time: 0.010149728001124458
L: 0.50, u_super: 0.00005, sec: 4.332, prod: 0.000668, t_ads: 3398.2, t_des: 5738.0, bed_util_ads: 0.252, bed_util_des: 0.186, des_th: 0.18637152889141714,frac_lost: 0.101, li_recovered:  6.106, time: 0.01207569999860425
L: 0.50, u_super: 0.00231, sec: 125.161, prod: 0.051006, t_ads: 83.5, t_des: 72.5, bed_util_ads: 0.499, bed_util_des: 0.499, des_th: 0.4986729786591148,frac_lost: 0.105, li_recovered:  7.953, time: 0.011799133999375044
L: 22.21, u_super: 0.00356 — INFEASIBLE (li_recovered=0.000e+00), time: 0.0028401799991115695
L: 0.50, u_super: 0.00804, sec: 3988.290, prod: 0.020900, t_ads: 24.4, t_des: 395.7, bed_util_ads: 0.190, bed_util_des: 0.187, des_th: 0.18692557578833224,frac_lost: 0.103, li_recovered:  8.780, time: 0.08865233899996383
L: 0.50, u_super: 0.00177, sec: 95.390, prod: 0.038936, t_ads: 109.1, t_des: 102.8, bed_util_ads: 0.487, bed_util_des: 0.486, des_th: 0.4860298166769925,frac_lost: 0.109, li_recovered:  8.252, time: 0.012300779000725015
L: 0.50, u_super: 0.00127, sec: 75.030, prod: 0.025216, t_ads: 150.8, t_des: 179.7, bed_util_ads: 0.454, bed_util_des: 0.451, des_th: 0.45080048333440725,frac_lost: 0.104, li_recovered:  8.335, time: 0.011549294000360533
L: 20.03, u_super: 0.00012 — INFEASIBLE (li_recovered=0.000e+00), time: 0.0016033519987104228
   568 |    22720 |     40 |  0.0037364219 |             f
L: 0.50, u_super: 0.00386, sec: 210.044, prod: 0.086740, t_ads: 50.4, t_des: 46.1, bed_util_ads: 0.496, bed_util_des: 0.495, des_th: 0.4952773351599188,frac_lost: 0.106, li_recovered:  8.370, time: 0.009849149000729085
L: 0.50, u_super: 0.00090, sec: 49.624, prod: 0.018980, t_ads: 209.7, t_des: 185.1, bed_util_ads: 0.487, bed_util_des: 0.486, des_th: 0.48603264486429876,frac_lost: 0.107, li_recovered:  7.494, time: 0.012376631999359233
L: 0.50, u_super: 0.00135, sec: 72.486, prod: 0.029448, t_ads: 140.8, t_des: 129.9, bed_util_ads: 0.486, bed_util_des: 0.486, des_th: 0.48563328676885303,frac_lost: 0.100, li_recovered:  7.969, time: 0.014148042999295285
L: 0.50, u_super: 0.00381, sec: 207.440, prod: 0.085464, t_ads: 51.1, t_des: 47.4, bed_util_ads: 0.495, bed_util_des: 0.494, des_th: 0.49425451870739245,frac_lost: 0.107, li_recovered:  8.417, time: 0.01370855700042739
L: 4.88, u_super: 0.00250 — INFEASIBLE (li_recovered=0.000e+00), time: 0.004951893000907148
L: 0.50, u_super: 0.00990, sec: 576.758, prod: 0.224525, t_ads: 19.7, t_des: 18.0, bed_util_ads: 0.500, bed_util_des: 0.500, des_th: 0.4995468947161936,frac_lost: 0.105, li_recovered:  8.461, time: 0.009799896000913577
L: 0.50, u_super: 0.00683, sec: 398.724, prod: 0.148526, t_ads: 28.7, t_des: 29.8, bed_util_ads: 0.482, bed_util_des: 0.482, des_th: 0.4817536421097352,frac_lost: 0.107, li_recovered:  8.677, time: 0.010311448000720702
L: 0.50, u_super: 0.00108 — INFEASIBLE (li_recovered=0.000e+00), time: 0.005435834998934297
L: 0.50, u_super: 0.00533, sec: 1494.238, prod: 0.023684, t_ads: 36.9, t_des: 333.5, bed_util_ads: 0.238, bed_util_des: 0.234, des_th: 0.23396712513540407,frac_lost: 0.106, li_recovered:  8.771, time: 0.0783755550000933
L: 0.50, u_super: 0.00424, sec: 231.421, prod: 0.095324, t_ads: 45.9, t_des: 41.5, bed_util_ads: 0.498, bed_util_des: 0.498, des_th: 0.498178655418006,frac_lost: 0.106, li_recovered:  8.328, time: 0.018257233999975142
L: 0.50, u_super: 0.00158, sec: 84.875, prod: 0.034713, t_ads: 121.2, t_des: 112.7, bed_util_ads: 0.487, bed_util_des: 0.486, des_th: 0.4859663196913179,frac_lost: 0.104, li_recovered:  8.119, time: 0.011200450000615092
L: 0.50, u_super: 0.00312, sec: 168.215, prod: 0.069862, t_ads: 61.8, t_des: 55.6, bed_util_ads: 0.497, bed_util_des: 0.497, des_th: 0.4966353551120571,frac_lost: 0.101, li_recovered:  8.208, time: 0.01619618099903164
L: 0.50, u_super: 0.00740, sec: 418.948, prod: 0.167154, t_ads: 26.5, t_des: 23.7, bed_util_ads: 0.500, bed_util_des: 0.500, des_th: 0.49981003182040423,frac_lost: 0.107, li_recovered:  8.388, time: 0.009300020999944536
L: 0.50, u_super: 0.00279, sec: 151.026, prod: 0.062113, t_ads: 69.2, t_des: 60.8, bed_util_ads: 0.498, bed_util_des: 0.498, des_th: 0.4981608833242011,frac_lost: 0.104, li_recovered:  8.070, time: 0.010170578001634567
L: 0.50, u_super: 0.00950, sec: 571.566, prod: 0.207576, t_ads: 20.6, t_des: 21.3, bed_util_ads: 0.482, bed_util_des: 0.482, des_th: 0.4817749506425698,frac_lost: 0.105, li_recovered:  8.699, time: 0.013678479999725823
L: 0.50, u_super: 0.00940, sec: 544.800, prod: 0.212770, t_ads: 20.8, t_des: 19.3, bed_util_ads: 0.496, bed_util_des: 0.496, des_th: 0.49603847314191274,frac_lost: 0.105, li_recovered:  8.531, time: 0.01027659700048389
L: 0.50, u_super: 0.00617, sec: 344.033, prod: 0.139586, t_ads: 31.5, t_des: 28.2, bed_util_ads: 0.500, bed_util_des: 0.500, des_th: 0.4999345168978334,frac_lost: 0.102, li_recovered:  8.321, time: 0.015267636001226492
L: 0.50, u_super: 0.00005 — INFEASIBLE (li_recovered=0.000e+00), time: 0.004325303998484742
L: 0.50, u_super: 0.00407, sec: 221.499, prod: 0.091371, t_ads: 47.8, t_des: 43.2, bed_util_ads: 0.497, bed_util_des: 0.497, des_th: 0.4970295998761649,frac_lost: 0.106, li_recovered:  8.316, time: 0.015413450000778539
L: 0.50, u_super: 0.00043, sec: 25.135, prod: 0.008435, t_ads: 420.8, t_des: 450.9, bed_util_ads: 0.442, bed_util_des: 0.436, des_th: 0.43669591557843884,frac_lost: 0.103, li_recovered:  7.352, time: 0.020046604999151896
L: 16.82, u_super: 0.00191 — INFEASIBLE (li_recovered=0.000e+00), time: 0.0018958330001623835
L: 0.50, u_super: 0.00470, sec: 259.362, prod: 0.105182, t_ads: 41.3, t_des: 40.0, bed_util_ads: 0.489, bed_util_des: 0.489, des_th: 0.48884652987360105,frac_lost: 0.102, li_recovered:  8.548, time: 0.014441846999034169
L: 0.50, u_super: 0.00827, sec: 473.074, prod: 0.187012, t_ads: 23.7, t_des: 21.4, bed_util_ads: 0.499, bed_util_des: 0.499, des_th: 0.4992451447127115,frac_lost: 0.108, li_recovered:  8.438, time: 0.014042177001101663
L: 0.50, u_super: 0.00302, sec: 163.821, prod: 0.067108, t_ads: 63.8, t_des: 55.4, bed_util_ads: 0.500, bed_util_des: 0.500, des_th: 0.4997360136460825,frac_lost: 0.101, li_recovered:  8.001, time: 0.017528802000015276
L: 0.50, u_super: 0.00272, sec: 147.917, prod: 0.060341, t_ads: 70.9, t_des: 61.3, bed_util_ads: 0.500, bed_util_des: 0.500, des_th: 0.4999636663892448,frac_lost: 0.105, li_recovered:  7.981, time: 0.012381182001263369
L: 0.50, u_super: 0.00502, sec: 276.649, prod: 0.113104, t_ads: 38.8, t_des: 34.6, bed_util_ads: 0.500, bed_util_des: 0.500, des_th: 0.49992386590925364,frac_lost: 0.105, li_recovered:  8.292, time: 0.009085391999178682
L: 0.50, u_super: 0.00548, sec: 303.219, prod: 0.123425, t_ads: 35.4, t_des: 33.6, bed_util_ads: 0.492, bed_util_des: 0.492, des_th: 0.49203698220166675,frac_lost: 0.101, li_recovered:  8.515, time: 0.009821645999181783
L: 0.50, u_super: 0.00721, sec: 406.041, prod: 0.163385, t_ads: 26.9, t_des: 24.3, bed_util_ads: 0.500, bed_util_des: 0.499, des_th: 0.49942279523336724,frac_lost: 0.101, li_recovered:  8.370, time: 0.010401735999039374
L: 0.50, u_super: 0.00010 — INFEASIBLE (li_recovered=0.000e+00), time: 0.0021367620011005783
L: 0.50, u_super: 0.00773, sec: 438.154, prod: 0.175085, t_ads: 25.2, t_des: 22.7, bed_util_ads: 0.499, bed_util_des: 0.499, des_th: 0.4989747423838107,frac_lost: 0.102, li_recovered:  8.386, time: 0.014712013999087503
L: 0.50, u_super: 0.00048, sec: 28.552, prod: 0.009498, t_ads: 376.5, t_des: 420.6, bed_util_ads: 0.439, bed_util_des: 0.434, des_th: 0.43387712187904826,frac_lost: 0.101, li_recovered:  7.571, time: 0.011963831000684877
L: 0.50, u_super: 0.00131, sec: 70.751, prod: 0.028430, t_ads: 146.3, t_des: 139.8, bed_util_ads: 0.481, bed_util_des: 0.480, des_th: 0.47993146642295337,frac_lost: 0.107, li_recovered:  8.133, time: 0.009813360000407556
L: 0.50, u_super: 0.00915, sec: 550.354, prod: 0.199127, t_ads: 21.4, t_des: 22.3, bed_util_ads: 0.482, bed_util_des: 0.482, des_th: 0.48162415770638173,frac_lost: 0.105, li_recovered:  8.700, time: 0.012805791000573663
L: 0.50, u_super: 0.00401, sec: 218.641, prod: 0.089945, t_ads: 48.4, t_des: 42.8, bed_util_ads: 0.499, bed_util_des: 0.499, des_th: 0.4989929417731204,frac_lost: 0.104, li_recovered:  8.205, time: 0.010511769000004278
L: 6.17, u_super: 0.00530, sec: 4084.607, prod: 0.105881, t_ads: 413.9, t_des: 403.7, bed_util_ads: 0.454, bed_util_des: 0.451, des_th: 0.4518814705795412,frac_lost: 0.102, li_recovered:  86.572, time: 0.009435328000108711
L: 0.50, u_super: 0.00512, sec: 281.891, prod: 0.115538, t_ads: 38.0, t_des: 34.8, bed_util_ads: 0.496, bed_util_des: 0.496, des_th: 0.49564506668277863,frac_lost: 0.104, li_recovered:  8.410, time: 0.014846026000668644
L: 0.93, u_super: 0.00392, sec: 2005.025, prod: 0.017371, t_ads: 93.3, t_des: 843.8, bed_util_ads: 0.234, bed_util_des: 0.223, des_th: 0.22309381610489226,frac_lost: 0.106, li_recovered:  16.278, time: 0.07020831400041061
L: 26.36, u_super: 0.00305 — INFEASIBLE (li_recovered=0.000e+00), time: 0.002599430001282599
L: 0.50, u_super: 0.00005, sec: 4.324, prod: 0.000670, t_ads: 3435.3, t_des: 5866.2, bed_util_ads: 0.253, bed_util_des: 0.184, des_th: 0.1851696623157332,frac_lost: 0.103, li_recovered:  6.228, time: 0.015838790000998415
L: 38.76, u_super: 0.00524 — INFEASIBLE (li_recovered=0.000e+00), time: 0.002196387998992577
   569 |    22760 |     40 |  0.0008941888 |             f
L: 0.50, u_super: 0.00988, sec: 645.230, prod: 0.200004, t_ads: 19.8, t_des: 23.8, bed_util_ads: 0.463, bed_util_des: 0.462, des_th: 0.46241242516292286,frac_lost: 0.104, li_recovered:  8.718, time: 0.01419214199995622
L: 0.50, u_super: 0.00256, sec: 137.751, prod: 0.056953, t_ads: 75.3, t_des: 67.2, bed_util_ads: 0.496, bed_util_des: 0.496, des_th: 0.49601652077124664,frac_lost: 0.103, li_recovered:  8.119, time: 0.018251759000122547
L: 0.50, u_super: 0.00231, sec: 125.161, prod: 0.051006, t_ads: 83.5, t_des: 72.5, bed_util_ads: 0.499, bed_util_des: 0.499, des_th: 0.4986729786591148,frac_lost: 0.105, li_recovered:  7.953, time: 0.010071803000755608
L: 0.50, u_super: 0.00104, sec: 56.684, prod: 0.022208, t_ads: 181.8, t_des: 162.2, bed_util_ads: 0.487, bed_util_des: 0.486, des_th: 0.4861747958700963,frac_lost: 0.103, li_recovered:  7.641, time: 0.012582504999954836
L: 0.50, u_super: 0.00715, sec: 402.806, prod: 0.162010, t_ads: 27.1, t_des: 24.3, bed_util_ads: 0.500, bed_util_des: 0.499, des_th: 0.4994918816578144,frac_lost: 0.100, li_recovered:  8.322, time: 0.017893514999741456
L: 0.50, u_super: 0.00505, sec: 278.137, prod: 0.113799, t_ads: 38.5, t_des: 34.3, bed_util_ads: 0.500, bed_util_des: 0.500, des_th: 0.49998319053848667,frac_lost: 0.104, li_recovered:  8.288, time: 0.00872438100122963
L: 0.50, u_super: 0.00773, sec: 438.114, prod: 0.175101, t_ads: 25.1, t_des: 22.5, bed_util_ads: 0.500, bed_util_des: 0.500, des_th: 0.49968985061147114,frac_lost: 0.100, li_recovered:  8.332, time: 0.014995744000771083
L: 0.50, u_super: 0.00659, sec: 368.209, prod: 0.149162, t_ads: 29.5, t_des: 26.7, bed_util_ads: 0.499, bed_util_des: 0.499, des_th: 0.4989326067083432,frac_lost: 0.101, li_recovered:  8.379, time: 0.018569402000139235
L: 0.50, u_super: 0.00919, sec: 530.733, prod: 0.208249, t_ads: 21.2, t_des: 19.1, bed_util_ads: 0.500, bed_util_des: 0.500, des_th: 0.4998638282485091,frac_lost: 0.104, li_recovered:  8.391, time: 0.00914470799943956
L: 0.50, u_super: 0.00231, sec: 125.319, prod: 0.050942, t_ads: 83.6, t_des: 72.4, bed_util_ads: 0.499, bed_util_des: 0.499, des_th: 0.4990400846296411,frac_lost: 0.107, li_recovered:  7.946, time: 0.008958722000897978
L: 0.50, u_super: 0.00857, sec: 490.305, prod: 0.194516, t_ads: 22.7, t_des: 20.5, bed_util_ads: 0.499, bed_util_des: 0.499, des_th: 0.4990790622758636,frac_lost: 0.100, li_recovered:  8.384, time: 0.011700733999532531
L: 0.50, u_super: 0.00682, sec: 383.603, prod: 0.153871, t_ads: 28.7, t_des: 25.8, bed_util_ads: 0.500, bed_util_des: 0.499, des_th: 0.49941914537971527,frac_lost: 0.108, li_recovered:  8.391, time: 0.01799316999859002
L: 0.50, u_super: 0.00954, sec: 559.733, prod: 0.213981, t_ads: 20.5, t_des: 19.9, bed_util_ads: 0.490, bed_util_des: 0.490, des_th: 0.4898893095392993,frac_lost: 0.104, li_recovered:  8.640, time: 0.009974341999622993
L: 50.22, u_super: 0.00546 — INFEASIBLE (li_recovered=0.000e+00), time: 0.001899455999591737
L: 0.50, u_super: 0.00919, sec: 531.200, prod: 0.208065, t_ads: 21.3, t_des: 19.5, bed_util_ads: 0.498, bed_util_des: 0.498, des_th: 0.4978847154660024,frac_lost: 0.106, li_recovered:  8.489, time: 0.016344434001439367
L: 0.50, u_super: 0.00131, sec: 70.449, prod: 0.028551, t_ads: 144.9, t_des: 133.5, bed_util_ads: 0.486, bed_util_des: 0.486, des_th: 0.4856419687896088,frac_lost: 0.101, li_recovered:  7.948, time: 0.011288425001112046
L: 0.50, u_super: 0.00585, sec: 324.193, prod: 0.132186, t_ads: 33.2, t_des: 30.8, bed_util_ads: 0.496, bed_util_des: 0.496, des_th: 0.49564506668277863,frac_lost: 0.101, li_recovered:  8.461, time: 0.012620122000953415
L: 0.50, u_super: 0.00315, sec: 169.957, prod: 0.070448, t_ads: 61.4, t_des: 55.1, bed_util_ads: 0.497, bed_util_des: 0.497, des_th: 0.4970295998761649,frac_lost: 0.103, li_recovered:  8.210, time: 0.011917003999769804
L: 0.50, u_super: 0.00334, sec: 181.460, prod: 0.074694, t_ads: 58.1, t_des: 51.2, bed_util_ads: 0.500, bed_util_des: 0.499, des_th: 0.49941800771673645,frac_lost: 0.106, li_recovered:  8.165, time: 0.01080671700037783
L: 0.50, u_super: 0.00008, sec: 7.014, prod: 0.000972, t_ads: 2421.8, t_des: 5263.4, bed_util_ads: 0.259, bed_util_des: 0.185, des_th: 0.1851696623157332,frac_lost: 0.101, li_recovered:  7.469, time: 0.014327697001135675
L: 0.50, u_super: 0.00853, sec: 489.280, prod: 0.193195, t_ads: 22.9, t_des: 20.8, bed_util_ads: 0.499, bed_util_des: 0.499, des_th: 0.49931373145498653,frac_lost: 0.106, li_recovered:  8.442, time: 0.01245634399856499
L: 0.50, u_super: 0.00683, sec: 383.325, prod: 0.154492, t_ads: 28.4, t_des: 25.4, bed_util_ads: 0.500, bed_util_des: 0.500, des_th: 0.49994183049081553,frac_lost: 0.102, li_recovered:  8.322, time: 0.01306379199922958
L: 0.50, u_super: 0.00094, sec: 67.193, prod: 0.015371, t_ads: 203.4, t_des: 337.7, bed_util_ads: 0.406, bed_util_des: 0.399, des_th: 0.3987137789609666,frac_lost: 0.103, li_recovered:  8.317, time: 0.01665910599876952
L: 10.43, u_super: 0.00958 — INFEASIBLE (li_recovered=0.000e+00), time: 0.005226443001447478
L: 0.50, u_super: 0.00441, sec: 240.957, prod: 0.099176, t_ads: 44.1, t_des: 40.8, bed_util_ads: 0.495, bed_util_des: 0.495, des_th: 0.49467584371509504,frac_lost: 0.105, li_recovered:  8.423, time: 0.010652266000761301
L: 0.50, u_super: 0.00962, sec: 558.692, prod: 0.218110, t_ads: 20.3, t_des: 18.2, bed_util_ads: 0.500, bed_util_des: 0.500, des_th: 0.4997000152394997,frac_lost: 0.104, li_recovered:  8.399, time: 0.01108198699876084
L: 0.50, u_super: 0.00193, sec: 103.891, prod: 0.042561, t_ads: 100.1, t_des: 94.7, bed_util_ads: 0.487, bed_util_des: 0.487, des_th: 0.48673025809288717,frac_lost: 0.107, li_recovered:  8.289, time: 0.012703496000540326
L: 0.50, u_super: 0.00048, sec: 28.904, prod: 0.009382, t_ads: 376.5, t_des: 433.6, bed_util_ads: 0.435, bed_util_des: 0.429, des_th: 0.4292892399364368,frac_lost: 0.100, li_recovered:  7.601, time: 0.009981420000258368
L: 0.50, u_super: 0.00285, sec: 154.037, prod: 0.063455, t_ads: 67.7, t_des: 59.6, bed_util_ads: 0.498, bed_util_des: 0.498, des_th: 0.4981608833242011,frac_lost: 0.103, li_recovered:  8.080, time: 0.012169130999609479
L: 35.82, u_super: 0.00958 — INFEASIBLE (li_recovered=0.000e+00), time: 0.003843799000605941
L: 0.50, u_super: 0.00639, sec: 357.431, prod: 0.144516, t_ads: 30.4, t_des: 27.1, bed_util_ads: 0.500, bed_util_des: 0.500, des_th: 0.4996505009790859,frac_lost: 0.103, li_recovered:  8.313, time: 0.018931573000372737
L: 21.91, u_super: 0.00870 — INFEASIBLE (li_recovered=0.000e+00), time: 0.004591916000208585
L: 0.50, u_super: 0.00194, sec: 105.492, prod: 0.042234, t_ads: 98.8, t_des: 84.3, bed_util_ads: 0.500, bed_util_des: 0.499, des_th: 0.49947987059795984,frac_lost: 0.102, li_recovered:  7.732, time: 0.01571134100049676
L: 0.50, u_super: 0.00775, sec: 440.720, prod: 0.174997, t_ads: 25.3, t_des: 22.6, bed_util_ads: 0.500, bed_util_des: 0.500, des_th: 0.49999721196221986,frac_lost: 0.108, li_recovered:  8.387, time: 0.012152826999226818
L: 0.50, u_super: 0.00890, sec: 513.038, prod: 0.201603, t_ads: 22.0, t_des: 20.2, bed_util_ads: 0.498, bed_util_des: 0.498, des_th: 0.4982157151853198,frac_lost: 0.106, li_recovered:  8.492, time: 0.010018344000854995
L: 0.50, u_super: 0.00353, sec: 191.006, prod: 0.079272, t_ads: 54.7, t_des: 49.3, bed_util_ads: 0.497, bed_util_des: 0.497, des_th: 0.4966353551120571,frac_lost: 0.101, li_recovered:  8.241, time: 0.01015941000150633
L: 0.50, u_super: 0.00850, sec: 486.909, prod: 0.192447, t_ads: 23.0, t_des: 20.6, bed_util_ads: 0.500, bed_util_des: 0.500, des_th: 0.4999176028209374,frac_lost: 0.105, li_recovered:  8.392, time: 0.016900888998861774
L: 0.50, u_super: 0.00975, sec: 567.020, prod: 0.221049, t_ads: 20.0, t_des: 18.2, bed_util_ads: 0.500, bed_util_des: 0.499, des_th: 0.49942279523336724,frac_lost: 0.105, li_recovered:  8.458, time: 0.011704479999025352
L: 14.95, u_super: 0.00982 — INFEASIBLE (li_recovered=0.000e+00), time: 0.006211779000295792
L: 0.50, u_super: 0.00731, sec: 413.616, prod: 0.164996, t_ads: 26.8, t_des: 24.4, bed_util_ads: 0.500, bed_util_des: 0.499, des_th: 0.49941800771673645,frac_lost: 0.109, li_recovered:  8.447, time: 0.010788891000629519
   570 |    22800 |     40 |  0.0034223997 |             f
L: 0.50, u_super: 0.00769, sec: 437.320, prod: 0.173711, t_ads: 25.5, t_des: 23.3, bed_util_ads: 0.498, bed_util_des: 0.498, des_th: 0.4982157151853198,frac_lost: 0.109, li_recovered:  8.483, time: 0.009551262999593746
L: 0.50, u_super: 0.00228, sec: 897.886, prod: 0.006938, t_ads: 86.5, t_des: 1181.2, bed_util_ads: 0.200, bed_util_des: 0.188, des_th: 0.18840838666350876,frac_lost: 0.107, li_recovered:  8.794, time: 0.09295038799973554
L: 45.25, u_super: 0.00048 — INFEASIBLE (li_recovered=0.000e+00), time: 0.0018862089982576435
L: 0.50, u_super: 0.00380, sec: 206.589, prod: 0.085451, t_ads: 50.7, t_des: 45.2, bed_util_ads: 0.498, bed_util_des: 0.498, des_th: 0.4977172448031358,frac_lost: 0.100, li_recovered:  8.201, time: 0.009433566001462168
L: 0.50, u_super: 0.00193, sec: 103.413, prod: 0.042758, t_ads: 99.1, t_des: 93.5, bed_util_ads: 0.487, bed_util_des: 0.486, des_th: 0.4860298166769925,frac_lost: 0.100, li_recovered:  8.234, time: 0.013334698000107892
L: 0.50, u_super: 0.00536, sec: 295.529, prod: 0.120999, t_ads: 36.3, t_des: 32.9, bed_util_ads: 0.498, bed_util_des: 0.498, des_th: 0.498140707414633,frac_lost: 0.103, li_recovered:  8.363, time: 0.014812493000135873
L: 0.50, u_super: 0.00852, sec: 488.574, prod: 0.192698, t_ads: 23.0, t_des: 20.6, bed_util_ads: 0.500, bed_util_des: 0.500, des_th: 0.4999176028209374,frac_lost: 0.106, li_recovered:  8.387, time: 0.010700767999878735
L: 0.50, u_super: 0.00300, sec: 162.504, prod: 0.066837, t_ads: 64.4, t_des: 56.5, bed_util_ads: 0.500, bed_util_des: 0.500, des_th: 0.4998673031612885,frac_lost: 0.104, li_recovered:  8.082, time: 0.019309830000565853
L: 0.50, u_super: 0.00990, sec: 590.759, prod: 0.219199, t_ads: 19.7, t_des: 19.9, bed_util_ads: 0.486, bed_util_des: 0.485, des_th: 0.4854775265991753,frac_lost: 0.105, li_recovered:  8.684, time: 0.013039513998592156
L: 0.50, u_super: 0.00335, sec: 181.606, prod: 0.074987, t_ads: 58.0, t_des: 51.8, bed_util_ads: 0.498, bed_util_des: 0.498, des_th: 0.49766630837838205,frac_lost: 0.107, li_recovered:  8.235, time: 0.01476326100055303
L: 0.50, u_super: 0.00139 — INFEASIBLE (li_recovered=0.000e+00), time: 0.005575137000050745
L: 0.50, u_super: 0.00048, sec: 28.427, prod: 0.009540, t_ads: 376.0, t_des: 416.4, bed_util_ads: 0.441, bed_util_des: 0.436, des_th: 0.4360075156772159,frac_lost: 0.101, li_recovered:  7.559, time: 0.01662396999927296
L: 54.19, u_super: 0.00106 — INFEASIBLE (li_recovered=0.000e+00), time: 0.002608777998830192
L: 0.50, u_super: 0.00075, sec: 42.774, prod: 0.015353, t_ads: 247.6, t_des: 209.5, bed_util_ads: 0.486, bed_util_des: 0.486, des_th: 0.4861747958700963,frac_lost: 0.105, li_recovered:  7.018, time: 0.008869784998751129
L: 0.50, u_super: 0.00598, sec: 332.815, prod: 0.135184, t_ads: 32.4, t_des: 30.4, bed_util_ads: 0.494, bed_util_des: 0.493, des_th: 0.4933669370844625,frac_lost: 0.102, li_recovered:  8.498, time: 0.017018172999087255
L: 0.50, u_super: 0.00233, sec: 126.382, prod: 0.051451, t_ads: 82.7, t_des: 71.7, bed_util_ads: 0.499, bed_util_des: 0.499, des_th: 0.4986729786591148,frac_lost: 0.105, li_recovered:  7.944, time: 0.010557008001342183
L: 0.50, u_super: 0.00972, sec: 564.459, prod: 0.220439, t_ads: 20.1, t_des: 18.2, bed_util_ads: 0.500, bed_util_des: 0.500, des_th: 0.4997000152394997,frac_lost: 0.104, li_recovered:  8.442, time: 0.01700824199906492
L: 0.50, u_super: 0.00890, sec: 512.931, prod: 0.201645, t_ads: 22.0, t_des: 20.1, bed_util_ads: 0.498, bed_util_des: 0.498, des_th: 0.49821460269623646,frac_lost: 0.106, li_recovered:  8.484, time: 0.009768419999090838
L: 0.50, u_super: 0.00666, sec: 373.217, prod: 0.150795, t_ads: 29.1, t_des: 26.0, bed_util_ads: 0.500, bed_util_des: 0.499, des_th: 0.49941914537971527,frac_lost: 0.101, li_recovered:  8.318, time: 0.00992698099980771
L: 64.42, u_super: 0.00525 — INFEASIBLE (li_recovered=0.000e+00), time: 0.0024202259992307518
L: 0.50, u_super: 0.00008 — INFEASIBLE (li_recovered=0.000e+00), time: 0.0025938889993994962
L: 0.50, u_super: 0.00870, sec: 677.319, prod: 0.145439, t_ads: 22.5, t_des: 37.5, bed_util_ads: 0.423, bed_util_des: 0.422, des_th: 0.421907787155724,frac_lost: 0.104, li_recovered:  8.724, time: 0.01941917300064233
L: 0.50, u_super: 0.00727, sec: 410.108, prod: 0.164846, t_ads: 26.7, t_des: 24.1, bed_util_ads: 0.500, bed_util_des: 0.499, des_th: 0.4994409225743469,frac_lost: 0.102, li_recovered:  8.378, time: 0.009587659000317217
L: 23.89, u_super: 0.00470 — INFEASIBLE (li_recovered=0.000e+00), time: 0.0023842680002417183
L: 0.50, u_super: 0.00424, sec: 249.706, prod: 0.088344, t_ads: 45.8, t_des: 52.0, bed_util_ads: 0.469, bed_util_des: 0.468, des_th: 0.46827219693113203,frac_lost: 0.103, li_recovered:  8.634, time: 0.010563775998889469
L: 12.51, u_super: 0.00625 — INFEASIBLE (li_recovered=0.000e+00), time: 0.004214496000713552
L: 0.50, u_super: 0.00920, sec: 531.972, prod: 0.208422, t_ads: 21.2, t_des: 19.1, bed_util_ads: 0.500, bed_util_des: 0.500, des_th: 0.49975374329354444,frac_lost: 0.105, li_recovered:  8.400, time: 0.01557278299878817
L: 0.50, u_super: 0.00131, sec: 72.836, prod: 0.027616, t_ads: 145.7, t_des: 120.1, bed_util_ads: 0.500, bed_util_des: 0.499, des_th: 0.4994806832706793,frac_lost: 0.106, li_recovered:  7.340, time: 0.008421845001066686
L: 0.50, u_super: 0.00380, sec: 206.833, prod: 0.084995, t_ads: 51.2, t_des: 45.2, bed_util_ads: 0.500, bed_util_des: 0.499, des_th: 0.49941800771673645,frac_lost: 0.106, li_recovered:  8.196, time: 0.010080514000947005
L: 0.50, u_super: 0.00930, sec: 552.269, prod: 0.205325, t_ads: 21.0, t_des: 21.3, bed_util_ads: 0.486, bed_util_des: 0.486, des_th: 0.4856419687896088,frac_lost: 0.105, li_recovered:  8.685, time: 0.011632550998911029
L: 0.50, u_super: 0.00546, sec: 307.396, prod: 0.121186, t_ads: 35.5, t_des: 35.6, bed_util_ads: 0.485, bed_util_des: 0.484, des_th: 0.4841916449449732,frac_lost: 0.100, li_recovered:  8.616, time: 0.01426133499990101
L: 0.50, u_super: 0.00829, sec: 473.881, prod: 0.187660, t_ads: 23.6, t_des: 21.4, bed_util_ads: 0.498, bed_util_des: 0.498, des_th: 0.4982157151853198,frac_lost: 0.106, li_recovered:  8.441, time: 0.01117509899995639
L: 0.50, u_super: 0.00193, sec: 112.609, prod: 0.039266, t_ads: 100.2, t_des: 115.7, bed_util_ads: 0.462, bed_util_des: 0.460, des_th: 0.4598049203850324,frac_lost: 0.107, li_recovered:  8.480, time: 0.018941987000289373
L: 0.50, u_super: 0.00073, sec: 41.687, prod: 0.014973, t_ads: 251.6, t_des: 214.8, bed_util_ads: 0.486, bed_util_des: 0.486, des_th: 0.48582362990859235,frac_lost: 0.100, li_recovered:  6.983, time: 0.008875024999724701
L: 0.50, u_super: 0.00955, sec: 554.094, prod: 0.216704, t_ads: 20.4, t_des: 18.6, bed_util_ads: 0.500, bed_util_des: 0.500, des_th: 0.4995570111275077,frac_lost: 0.104, li_recovered:  8.454, time: 0.020631695000702166
L: 0.50, u_super: 0.00683, sec: 384.544, prod: 0.154002, t_ads: 28.6, t_des: 26.6, bed_util_ads: 0.495, bed_util_des: 0.495, des_th: 0.49470826292482706,frac_lost: 0.107, li_recovered:  8.515, time: 0.010272075000102632
L: 0.50, u_super: 0.00757, sec: 429.573, prod: 0.171208, t_ads: 25.8, t_des: 23.5, bed_util_ads: 0.498, bed_util_des: 0.498, des_th: 0.4981604560287318,frac_lost: 0.107, li_recovered:  8.439, time: 0.010494951999135083
L: 0.50, u_super: 0.00424, sec: 231.234, prod: 0.095402, t_ads: 45.8, t_des: 41.4, bed_util_ads: 0.497, bed_util_des: 0.497, des_th: 0.49706003852727426,frac_lost: 0.104, li_recovered:  8.323, time: 0.01513766500102065
L: 0.50, u_super: 0.00334, sec: 181.167, prod: 0.074815, t_ads: 58.1, t_des: 51.9, bed_util_ads: 0.498, bed_util_des: 0.498, des_th: 0.4981736288124504,frac_lost: 0.106, li_recovered:  8.229, time: 0.013797539000734105
L: 0.50, u_super: 0.00466, sec: 255.798, prod: 0.104962, t_ads: 41.7, t_des: 37.2, bed_util_ads: 0.500, bed_util_des: 0.499, des_th: 0.49942303369935326,frac_lost: 0.105, li_recovered:  8.281, time: 0.013373666000916273
   571 |    22840 |     40 |  0.0019432855 |             f
L: 0.50, u_super: 0.00795, sec: 453.224, prod: 0.179754, t_ads: 24.6, t_des: 22.6, bed_util_ads: 0.497, bed_util_des: 0.497, des_th: 0.49675885185614305,frac_lost: 0.107, li_recovered:  8.483, time: 0.009791186999791535
L: 0.50, u_super: 0.00938, sec: 542.916, prod: 0.212642, t_ads: 20.8, t_des: 18.9, bed_util_ads: 0.500, bed_util_des: 0.500, des_th: 0.4995570111275077,frac_lost: 0.105, li_recovered:  8.450, time: 0.010861841999940225
L: 0.50, u_super: 0.00116, sec: 64.198, prod: 0.024518, t_ads: 163.7, t_des: 138.1, bed_util_ads: 0.495, bed_util_des: 0.495, des_th: 0.4947640464811971,frac_lost: 0.105, li_recovered:  7.402, time: 0.00862510399929306
L: 0.50, u_super: 0.00049 — INFEASIBLE (li_recovered=0.000e+00), time: 0.007783588000165764
L: 0.50, u_super: 0.00005, sec: 4.332, prod: 0.000668, t_ads: 3399.4, t_des: 5772.9, bed_util_ads: 0.251, bed_util_des: 0.185, des_th: 0.1851696623157332,frac_lost: 0.100, li_recovered:  6.129, time: 0.015243249999912223
L: 0.50, u_super: 0.00683, sec: 384.843, prod: 0.154187, t_ads: 28.7, t_des: 25.7, bed_util_ads: 0.500, bed_util_des: 0.499, des_th: 0.4993919112345041,frac_lost: 0.109, li_recovered:  8.388, time: 0.026636642000084976
L: 24.49, u_super: 0.00627 — INFEASIBLE (li_recovered=0.000e+00), time: 0.002948937000837759
L: 0.50, u_super: 0.00827, sec: 472.595, prod: 0.187201, t_ads: 23.6, t_des: 21.7, bed_util_ads: 0.497, bed_util_des: 0.497, des_th: 0.49699169737108606,frac_lost: 0.105, li_recovered:  8.488, time: 0.013836236999850371
L: 48.97, u_super: 0.00332 — INFEASIBLE (li_recovered=0.000e+00), time: 0.0018103539987350814
L: 0.50, u_super: 0.00923, sec: 533.391, prod: 0.209060, t_ads: 21.2, t_des: 19.2, bed_util_ads: 0.500, bed_util_des: 0.500, des_th: 0.49959830632424873,frac_lost: 0.106, li_recovered:  8.441, time: 0.01848169400000188
L: 0.50, u_super: 0.00706, sec: 397.759, prod: 0.159464, t_ads: 27.7, t_des: 24.9, bed_util_ads: 0.500, bed_util_des: 0.500, des_th: 0.49998926001671545,frac_lost: 0.106, li_recovered:  8.385, time: 0.011131966000903049
L: 0.50, u_super: 0.00013 — INFEASIBLE (li_recovered=0.000e+00), time: 0.0027249790000496432
L: 0.50, u_super: 0.00441, sec: 243.474, prod: 0.098082, t_ads: 44.1, t_des: 43.2, bed_util_ads: 0.487, bed_util_des: 0.486, des_th: 0.4863209961628448,frac_lost: 0.104, li_recovered:  8.563, time: 0.011948925999604398
L: 0.50, u_super: 0.00725, sec: 409.104, prod: 0.163887, t_ads: 27.0, t_des: 24.6, bed_util_ads: 0.498, bed_util_des: 0.498, des_th: 0.4982083180437506,frac_lost: 0.106, li_recovered:  8.441, time: 0.010081962998810923
L: 0.50, u_super: 0.00402, sec: 219.146, prod: 0.090453, t_ads: 48.3, t_des: 43.6, bed_util_ads: 0.497, bed_util_des: 0.497, des_th: 0.49680585305814917,frac_lost: 0.105, li_recovered:  8.311, time: 0.009973951999199926
L: 0.50, u_super: 0.00405, sec: 221.103, prod: 0.090996, t_ads: 48.0, t_des: 42.8, bed_util_ads: 0.500, bed_util_des: 0.499, des_th: 0.4994207006368563,frac_lost: 0.106, li_recovered:  8.257, time: 0.012913325999761582
L: 0.50, u_super: 0.00440, sec: 1786.647, prod: 0.013348, t_ads: 44.5, t_des: 613.3, bed_util_ads: 0.202, bed_util_des: 0.196, des_th: 0.19591781834238794,frac_lost: 0.103, li_recovered:  8.780, time: 0.09948225799962529
L: 0.50, u_super: 0.00758, sec: 429.739, prod: 0.171403, t_ads: 25.8, t_des: 23.4, bed_util_ads: 0.498, bed_util_des: 0.498, des_th: 0.4982489155928702,frac_lost: 0.106, li_recovered:  8.438, time: 0.010800927000673255
L: 0.50, u_super: 0.00627, sec: 349.343, prod: 0.142058, t_ads: 30.9, t_des: 28.4, bed_util_ads: 0.498, bed_util_des: 0.497, des_th: 0.49741554454397996,frac_lost: 0.101, li_recovered:  8.423, time: 0.012940864000483998
L: 0.50, u_super: 0.00415, sec: 226.136, prod: 0.093233, t_ads: 46.8, t_des: 41.9, bed_util_ads: 0.498, bed_util_des: 0.498, des_th: 0.4981863918689408,frac_lost: 0.104, li_recovered:  8.264, time: 0.012181002000943408
L: 0.50, u_super: 0.00717, sec: 404.666, prod: 0.162112, t_ads: 27.2, t_des: 24.5, bed_util_ads: 0.500, bed_util_des: 0.500, des_th: 0.4997518255408358,frac_lost: 0.106, li_recovered:  8.393, time: 0.010443428000144195
L: 0.50, u_super: 0.00526, sec: 289.954, prod: 0.118559, t_ads: 37.0, t_des: 34.3, bed_util_ads: 0.495, bed_util_des: 0.494, des_th: 0.49433677433180273,frac_lost: 0.104, li_recovered:  8.453, time: 0.013735967000684468
L: 0.50, u_super: 0.00346, sec: 230.317, prod: 0.063300, t_ads: 56.1, t_des: 80.3, bed_util_ads: 0.439, bed_util_des: 0.437, des_th: 0.43716854201087435,frac_lost: 0.104, li_recovered:  8.630, time: 0.017776554999727523
L: 0.50, u_super: 0.00193, sec: 103.413, prod: 0.042758, t_ads: 99.1, t_des: 93.5, bed_util_ads: 0.487, bed_util_des: 0.486, des_th: 0.4860298166769925,frac_lost: 0.100, li_recovered:  8.234, time: 0.011585180000110995
L: 0.50, u_super: 0.00862, sec: 498.612, prod: 0.193961, t_ads: 22.6, t_des: 21.8, bed_util_ads: 0.492, bed_util_des: 0.492, des_th: 0.49172346460935873,frac_lost: 0.104, li_recovered:  8.612, time: 0.023815960999854724
L: 0.50, u_super: 0.00446, sec: 244.365, prod: 0.100051, t_ads: 43.7, t_des: 38.5, bed_util_ads: 0.500, bed_util_des: 0.500, des_th: 0.49986303593388354,frac_lost: 0.106, li_recovered:  8.225, time: 0.01428178000060143
L: 0.50, u_super: 0.00356, sec: 192.891, prod: 0.079806, t_ads: 54.2, t_des: 48.3, bed_util_ads: 0.498, bed_util_des: 0.498, des_th: 0.4982536176903792,frac_lost: 0.101, li_recovered:  8.180, time: 0.013228858000729815
L: 0.50, u_super: 0.00957, sec: 555.334, prod: 0.217048, t_ads: 20.4, t_des: 18.5, bed_util_ads: 0.499, bed_util_des: 0.499, des_th: 0.49890270688577365,frac_lost: 0.104, li_recovered:  8.438, time: 0.010426873001051717
L: 0.50, u_super: 0.00154, sec: 83.088, prod: 0.033881, t_ads: 124.1, t_des: 116.8, bed_util_ads: 0.486, bed_util_des: 0.485, des_th: 0.48528914585681826,frac_lost: 0.105, li_recovered:  8.163, time: 0.009998591998737538
L: 0.50, u_super: 0.00390, sec: 217.009, prod: 0.085644, t_ads: 49.8, t_des: 50.5, bed_util_ads: 0.483, bed_util_des: 0.483, des_th: 0.48291752190646,frac_lost: 0.104, li_recovered:  8.586, time: 0.010702497000238509
L: 0.50, u_super: 0.00204, sec: 131.134, prod: 0.037749, t_ads: 94.5, t_des: 131.3, bed_util_ads: 0.439, bed_util_des: 0.436, des_th: 0.43635191436086684,frac_lost: 0.102, li_recovered:  8.521, time: 0.014170574000672786
L: 0.50, u_super: 0.00272, sec: 147.212, prod: 0.060630, t_ads: 70.7, t_des: 62.2, bed_util_ads: 0.499, bed_util_des: 0.499, des_th: 0.4988666652131382,frac_lost: 0.102, li_recovered:  8.058, time: 0.014513598998746602
L: 0.50, u_super: 0.00881, sec: 507.800, prod: 0.199327, t_ads: 22.3, t_des: 20.1, bed_util_ads: 0.500, bed_util_des: 0.499, des_th: 0.49944720640356477,frac_lost: 0.109, li_recovered:  8.451, time: 0.0128262199996243
L: 0.50, u_super: 0.00072, sec: 41.568, prod: 0.014713, t_ads: 254.5, t_des: 214.2, bed_util_ads: 0.486, bed_util_des: 0.486, des_th: 0.4860776158758617,frac_lost: 0.102, li_recovered:  6.896, time: 0.009353212000860367
L: 0.50, u_super: 0.00958, sec: 556.107, prod: 0.216987, t_ads: 20.4, t_des: 18.5, bed_util_ads: 0.500, bed_util_des: 0.500, des_th: 0.49983652813581275,frac_lost: 0.106, li_recovered:  8.449, time: 0.01480296299996553
L: 3.12, u_super: 0.00019 — INFEASIBLE (li_recovered=0.000e+00), time: 0.0018514639996283222
L: 0.50, u_super: 0.00338, sec: 182.960, prod: 0.075844, t_ads: 57.0, t_des: 50.9, bed_util_ads: 0.497, bed_util_des: 0.497, des_th: 0.4970295998761649,frac_lost: 0.100, li_recovered:  8.178, time: 0.00977665599930333
L: 0.50, u_super: 0.00502, sec: 276.596, prod: 0.113126, t_ads: 38.7, t_des: 34.5, bed_util_ads: 0.500, bed_util_des: 0.500, des_th: 0.4998927003750809,frac_lost: 0.104, li_recovered:  8.278, time: 0.010725774000093224
L: 0.50, u_super: 0.00164, sec: 88.121, prod: 0.036146, t_ads: 116.5, t_des: 109.7, bed_util_ads: 0.487, bed_util_des: 0.486, des_th: 0.4861980521271192,frac_lost: 0.103, li_recovered:  8.176, time: 0.01013829700059432
L: 11.73, u_super: 0.00380 — INFEASIBLE (li_recovered=0.000e+00), time: 0.002919937000115169
   572 |    22880 |     40 |  0.0030325937 |             f
L: 0.50, u_super: 0.00231, sec: 125.120, prod: 0.051022, t_ads: 83.4, t_des: 72.6, bed_util_ads: 0.499, bed_util_des: 0.498, des_th: 0.4982644221530857,frac_lost: 0.105, li_recovered:  7.960, time: 0.011922439000045415
L: 0.50, u_super: 0.00350, sec: 191.689, prod: 0.077607, t_ads: 55.5, t_des: 54.4, bed_util_ads: 0.487, bed_util_des: 0.486, des_th: 0.4863209961628448,frac_lost: 0.105, li_recovered:  8.527, time: 0.010289931000443175
L: 0.50, u_super: 0.00033, sec: 20.593, prod: 0.006312, t_ads: 513.1, t_des: 486.4, bed_util_ads: 0.447, bed_util_des: 0.444, des_th: 0.4445167166216522,frac_lost: 0.103, li_recovered:  6.309, time: 0.009495738999248715
L: 0.50, u_super: 0.00005, sec: 4.326, prod: 0.000669, t_ads: 3437.2, t_des: 5863.4, bed_util_ads: 0.252, bed_util_des: 0.184, des_th: 0.18471309391252838,frac_lost: 0.102, li_recovered:  6.224, time: 0.01256910899974173
L: 0.50, u_super: 0.00357, sec: 193.711, prod: 0.080007, t_ads: 54.5, t_des: 50.4, bed_util_ads: 0.494, bed_util_des: 0.493, des_th: 0.4933284854352572,frac_lost: 0.107, li_recovered:  8.390, time: 0.012410860999807483
L: 0.50, u_super: 0.00835, sec: 491.458, prod: 0.183851, t_ads: 23.4, t_des: 23.8, bed_util_ads: 0.485, bed_util_des: 0.484, des_th: 0.48444636029162313,frac_lost: 0.107, li_recovered:  8.681, time: 0.009397611998792854
L: 0.50, u_super: 0.00546, sec: 302.694, prod: 0.123069, t_ads: 35.8, t_des: 32.6, bed_util_ads: 0.498, bed_util_des: 0.498, des_th: 0.49808753890726987,frac_lost: 0.109, li_recovered:  8.416, time: 0.00811116899967601
L: 0.50, u_super: 0.00644, sec: 359.592, prod: 0.145593, t_ads: 30.1, t_des: 26.9, bed_util_ads: 0.500, bed_util_des: 0.500, des_th: 0.4999522614071747,frac_lost: 0.101, li_recovered:  8.311, time: 0.012360886999886134
L: 0.50, u_super: 0.00828, sec: 473.309, prod: 0.187449, t_ads: 23.6, t_des: 21.4, bed_util_ads: 0.499, bed_util_des: 0.499, des_th: 0.49869761353591746,frac_lost: 0.106, li_recovered:  8.442, time: 0.007846173999496386
L: 0.50, u_super: 0.00834, sec: 477.366, prod: 0.188601, t_ads: 23.5, t_des: 21.5, bed_util_ads: 0.498, bed_util_des: 0.497, des_th: 0.49741554454397996,frac_lost: 0.107, li_recovered:  8.488, time: 0.008907850000468898
L: 24.33, u_super: 0.00828 — INFEASIBLE (li_recovered=0.000e+00), time: 0.0036754849988938076
L: 0.50, u_super: 0.00389, sec: 211.559, prod: 0.087423, t_ads: 49.9, t_des: 45.2, bed_util_ads: 0.497, bed_util_des: 0.497, des_th: 0.4968368044684774,frac_lost: 0.105, li_recovered:  8.318, time: 0.010872683000343386
L: 0.50, u_super: 0.00022 — INFEASIBLE (li_recovered=0.000e+00), time: 0.0037337350004236214
L: 0.50, u_super: 0.00560, sec: 310.144, prod: 0.126582, t_ads: 34.7, t_des: 31.4, bed_util_ads: 0.499, bed_util_des: 0.499, des_th: 0.49896653064648744,frac_lost: 0.104, li_recovered:  8.367, time: 0.011671792999550235
L: 0.50, u_super: 0.00017 — INFEASIBLE (li_recovered=0.000e+00), time: 0.003535097999701975
L: 0.50, u_super: 0.00655, sec: 367.527, prod: 0.147815, t_ads: 29.9, t_des: 27.1, bed_util_ads: 0.499, bed_util_des: 0.499, des_th: 0.49890815498295943,frac_lost: 0.109, li_recovered:  8.428, time: 0.016875721001269994
L: 0.50, u_super: 0.00823, sec: 470.608, prod: 0.186143, t_ads: 23.8, t_des: 21.8, bed_util_ads: 0.497, bed_util_des: 0.497, des_th: 0.49684908752691703,frac_lost: 0.107, li_recovered:  8.491, time: 0.007054597999740508
L: 0.50, u_super: 0.00502, sec: 276.746, prod: 0.113064, t_ads: 38.8, t_des: 34.5, bed_util_ads: 0.500, bed_util_des: 0.500, des_th: 0.49988950601111626,frac_lost: 0.106, li_recovered:  8.289, time: 0.009070954998605885
L: 0.50, u_super: 0.00154, sec: 83.055, prod: 0.033895, t_ads: 124.0, t_des: 116.8, bed_util_ads: 0.486, bed_util_des: 0.485, des_th: 0.4849293903645295,frac_lost: 0.105, li_recovered:  8.161, time: 0.010303167000529356
L: 0.50, u_super: 0.00919, sec: 530.733, prod: 0.208249, t_ads: 21.2, t_des: 19.1, bed_util_ads: 0.500, bed_util_des: 0.500, des_th: 0.4998638282485091,frac_lost: 0.104, li_recovered:  8.391, time: 0.010657644999810145
L: 0.50, u_super: 0.00590, sec: 327.785, prod: 0.133159, t_ads: 33.0, t_des: 29.4, bed_util_ads: 0.500, bed_util_des: 0.500, des_th: 0.49954203172102996,frac_lost: 0.103, li_recovered:  8.311, time: 0.009308623999459087
L: 0.50, u_super: 0.00189, sec: 117.265, prod: 0.036163, t_ads: 102.2, t_des: 132.7, bed_util_ads: 0.446, bed_util_des: 0.444, des_th: 0.4436022032271912,frac_lost: 0.105, li_recovered:  8.493, time: 0.012987440999495448
L: 14.22, u_super: 0.00604 — INFEASIBLE (li_recovered=0.000e+00), time: 0.00434047099952295
L: 0.50, u_super: 0.00213, sec: 115.668, prod: 0.046764, t_ads: 90.5, t_des: 77.9, bed_util_ads: 0.500, bed_util_des: 0.499, des_th: 0.4993642360623839,frac_lost: 0.106, li_recovered:  7.877, time: 0.011030210000171792
L: 0.50, u_super: 0.00804, sec: 458.719, prod: 0.182054, t_ads: 24.3, t_des: 22.1, bed_util_ads: 0.498, bed_util_des: 0.498, des_th: 0.4982565224252451,frac_lost: 0.106, li_recovered:  8.441, time: 0.014507262998449733
L: 0.50, u_super: 0.00773, sec: 457.632, prod: 0.167633, t_ads: 25.3, t_des: 26.5, bed_util_ads: 0.481, bed_util_des: 0.481, des_th: 0.4809879390629992,frac_lost: 0.106, li_recovered:  8.690, time: 0.01083157100038079
L: 0.50, u_super: 0.00530, sec: 292.473, prod: 0.119440, t_ads: 36.7, t_des: 32.8, bed_util_ads: 0.500, bed_util_des: 0.499, des_th: 0.49941914537971527,frac_lost: 0.104, li_recovered:  8.298, time: 0.00855830100044841
L: 0.50, u_super: 0.00626, sec: 349.272, prod: 0.141563, t_ads: 31.1, t_des: 28.5, bed_util_ads: 0.497, bed_util_des: 0.497, des_th: 0.49697167014528515,frac_lost: 0.104, li_recovered:  8.435, time: 0.009737169999425532
L: 0.50, u_super: 0.00617, sec: 344.627, prod: 0.139283, t_ads: 31.7, t_des: 28.8, bed_util_ads: 0.498, bed_util_des: 0.498, des_th: 0.4981604560287318,frac_lost: 0.108, li_recovered:  8.421, time: 0.010881713998969644
L: 0.50, u_super: 0.00682, sec: 410.407, prod: 0.143923, t_ads: 28.7, t_des: 31.6, bed_util_ads: 0.474, bed_util_des: 0.474, des_th: 0.47367029281172607,frac_lost: 0.108, li_recovered:  8.691, time: 0.010193750000325963
L: 0.50, u_super: 0.00198, sec: 107.677, prod: 0.043293, t_ads: 97.4, t_des: 96.6, bed_util_ads: 0.482, bed_util_des: 0.481, des_th: 0.48074344775232847,frac_lost: 0.106, li_recovered:  8.397, time: 0.00988624799902027
L: 0.50, u_super: 0.00528, sec: 366.030, prod: 0.094635, t_ads: 37.2, t_des: 54.6, bed_util_ads: 0.437, bed_util_des: 0.436, des_th: 0.4360075156772159,frac_lost: 0.108, li_recovered:  8.687, time: 0.012747608998324722
L: 0.50, u_super: 0.00028, sec: 46.389, prod: 0.001932, t_ads: 710.9, t_des: 3770.4, bed_util_ads: 0.246, bed_util_des: 0.194, des_th: 0.19357483701259126,frac_lost: 0.102, li_recovered:  8.656, time: 0.030370758000572096
L: 0.50, u_super: 0.00164, sec: 571.646, prod: 0.005572, t_ads: 119.6, t_des: 1456.6, bed_util_ads: 0.206, bed_util_des: 0.192, des_th: 0.19180893719147202,frac_lost: 0.102, li_recovered:  8.783, time: 0.07538558399937756
L: 0.50, u_super: 0.00474, sec: 262.718, prod: 0.105471, t_ads: 41.0, t_des: 40.3, bed_util_ads: 0.487, bed_util_des: 0.486, des_th: 0.4863290089345299,frac_lost: 0.103, li_recovered:  8.576, time: 0.015506287001699093
L: 0.50, u_super: 0.00986, sec: 574.463, prod: 0.223657, t_ads: 19.8, t_des: 18.0, bed_util_ads: 0.499, bed_util_des: 0.499, des_th: 0.49932765576099947,frac_lost: 0.105, li_recovered:  8.448, time: 0.014626587999373442
L: 0.50, u_super: 0.00957, sec: 555.427, prod: 0.217011, t_ads: 20.4, t_des: 18.5, bed_util_ads: 0.499, bed_util_des: 0.499, des_th: 0.49894545293571974,frac_lost: 0.105, li_recovered:  8.453, time: 0.01217903699944145
L: 10.48, u_super: 0.00008 — INFEASIBLE (li_recovered=0.000e+00), time: 0.0036690550005005207
L: 0.50, u_super: 0.00598, sec: 333.111, prod: 0.134869, t_ads: 32.4, t_des: 30.8, bed_util_ads: 0.493, bed_util_des: 0.492, des_th: 0.49228097150148936,frac_lost: 0.101, li_recovered:  8.530, time: 0.009843325000474579
L: 32.02, u_super: 0.00164 — INFEASIBLE (li_recovered=0.000e+00), time: 0.0020468740003707353
   573 |    22920 |     40 |  0.0031534444 |             f
L: 49.52, u_super: 0.00932 — INFEASIBLE (li_recovered=0.000e+00), time: 0.005584716000157641
L: 0.50, u_super: 0.00482, sec: 340.832, prod: 0.084384, t_ads: 40.3, t_des: 62.5, bed_util_ads: 0.430, bed_util_des: 0.429, des_th: 0.4285560846490295,frac_lost: 0.102, li_recovered:  8.673, time: 0.017999130999669433
L: 0.50, u_super: 0.00149, sec: 81.870, prod: 0.031930, t_ads: 128.9, t_des: 108.4, bed_util_ads: 0.499, bed_util_des: 0.499, des_th: 0.4990467274540458,frac_lost: 0.108, li_recovered:  7.576, time: 0.008773958001256688
L: 0.50, u_super: 0.00890, sec: 524.299, prod: 0.197273, t_ads: 21.9, t_des: 22.0, bed_util_ads: 0.486, bed_util_des: 0.486, des_th: 0.48581994511758547,frac_lost: 0.105, li_recovered:  8.674, time: 0.01354963000085263
L: 0.50, u_super: 0.00081, sec: 242.633, prod: 0.003175, t_ads: 242.6, t_des: 2526.1, bed_util_ads: 0.212, bed_util_des: 0.185, des_th: 0.1851696623157332,frac_lost: 0.101, li_recovered:  8.792, time: 0.06240987799901632
L: 4.59, u_super: 0.00745 — INFEASIBLE (li_recovered=0.000e+00), time: 0.005404539000664954
L: 0.50, u_super: 0.00286, sec: 154.885, prod: 0.063818, t_ads: 67.3, t_des: 59.2, bed_util_ads: 0.498, bed_util_des: 0.498, des_th: 0.49816348412926253,frac_lost: 0.102, li_recovered:  8.069, time: 0.008188654001060058
L: 0.50, u_super: 0.00380, sec: 206.953, prod: 0.085301, t_ads: 51.2, t_des: 45.7, bed_util_ads: 0.499, bed_util_des: 0.499, des_th: 0.4989220363193735,frac_lost: 0.107, li_recovered:  8.262, time: 0.007526589999542921
L: 0.50, u_super: 0.00195, sec: 105.217, prod: 0.042833, t_ads: 98.2, t_des: 85.9, bed_util_ads: 0.496, bed_util_des: 0.496, des_th: 0.49601652077124664,frac_lost: 0.101, li_recovered:  7.886, time: 0.007233090000227094
L: 0.50, u_super: 0.00706, sec: 397.759, prod: 0.159464, t_ads: 27.7, t_des: 24.9, bed_util_ads: 0.500, bed_util_des: 0.500, des_th: 0.49998926001671545,frac_lost: 0.106, li_recovered:  8.385, time: 0.009727572998599499
L: 0.50, u_super: 0.00986, sec: 574.677, prod: 0.223304, t_ads: 19.9, t_des: 18.2, bed_util_ads: 0.498, bed_util_des: 0.498, des_th: 0.49821294008953804,frac_lost: 0.106, li_recovered:  8.495, time: 0.007067010001264862
L: 0.50, u_super: 0.00919, sec: 640.712, prod: 0.172502, t_ads: 21.2, t_des: 29.3, bed_util_ads: 0.447, bed_util_des: 0.446, des_th: 0.44616488855306224,frac_lost: 0.103, li_recovered:  8.719, time: 0.007716333999269409
L: 0.50, u_super: 0.00861, sec: 492.736, prod: 0.195448, t_ads: 22.5, t_des: 20.8, bed_util_ads: 0.497, bed_util_des: 0.497, des_th: 0.4967957085991295,frac_lost: 0.100, li_recovered:  8.474, time: 0.007191108999904827
L: 0.50, u_super: 0.00957, sec: 555.146, prod: 0.217121, t_ads: 20.4, t_des: 18.3, bed_util_ads: 0.500, bed_util_des: 0.499, des_th: 0.4994213295871874,frac_lost: 0.103, li_recovered:  8.400, time: 0.008569621000788175
L: 0.50, u_super: 0.00798, sec: 453.024, prod: 0.181063, t_ads: 24.3, t_des: 22.3, bed_util_ads: 0.499, bed_util_des: 0.498, des_th: 0.4984307980750054,frac_lost: 0.100, li_recovered:  8.433, time: 0.00752804500007187
L: 0.50, u_super: 0.00369, sec: 200.778, prod: 0.082843, t_ads: 52.6, t_des: 47.2, bed_util_ads: 0.498, bed_util_des: 0.498, des_th: 0.4982157151853198,frac_lost: 0.107, li_recovered:  8.271, time: 0.006563901000845362
L: 0.50, u_super: 0.00576, sec: 324.648, prod: 0.128222, t_ads: 33.7, t_des: 33.5, bed_util_ads: 0.487, bed_util_des: 0.486, des_th: 0.4863290089345299,frac_lost: 0.103, li_recovered:  8.615, time: 0.0075048899998364504
L: 0.50, u_super: 0.00114, sec: 61.971, prod: 0.024673, t_ads: 166.5, t_des: 151.2, bed_util_ads: 0.487, bed_util_des: 0.486, des_th: 0.4859663196913179,frac_lost: 0.106, li_recovered:  7.840, time: 0.009933567000189214
L: 0.50, u_super: 0.00018 — INFEASIBLE (li_recovered=0.000e+00), time: 0.0037638039993908023
L: 0.50, u_super: 0.00786, sec: 456.610, prod: 0.174379, t_ads: 24.9, t_des: 24.8, bed_util_ads: 0.487, bed_util_des: 0.486, des_th: 0.4863290089345299,frac_lost: 0.107, li_recovered:  8.661, time: 0.009476257000642363
L: 0.50, u_super: 0.00428, sec: 236.936, prod: 0.094745, t_ads: 45.6, t_des: 45.0, bed_util_ads: 0.486, bed_util_des: 0.486, des_th: 0.4856419687896088,frac_lost: 0.106, li_recovered:  8.576, time: 0.008042737999858218
L: 0.50, u_super: 0.00006 — INFEASIBLE (li_recovered=0.000e+00), time: 0.0016686600010871189
L: 0.50, u_super: 0.00932, sec: 539.734, prod: 0.211174, t_ads: 21.0, t_des: 18.8, bed_util_ads: 0.500, bed_util_des: 0.500, des_th: 0.4998638282485091,frac_lost: 0.105, li_recovered:  8.396, time: 0.007040794000204187
L: 70.02, u_super: 0.00990 — INFEASIBLE (li_recovered=0.000e+00), time: 0.0022979250006756047
L: 0.50, u_super: 0.00953, sec: 553.012, prod: 0.215930, t_ads: 20.5, t_des: 18.4, bed_util_ads: 0.500, bed_util_des: 0.500, des_th: 0.49995443233373005,frac_lost: 0.105, li_recovered:  8.392, time: 0.009062671000720002
L: 0.50, u_super: 0.00213, sec: 115.675, prod: 0.046689, t_ads: 89.8, t_des: 77.0, bed_util_ads: 0.500, bed_util_des: 0.500, des_th: 0.4996222392925509,frac_lost: 0.100, li_recovered:  7.791, time: 0.006593764999706764
L: 0.50, u_super: 0.00389, sec: 211.808, prod: 0.087320, t_ads: 50.1, t_des: 45.2, bed_util_ads: 0.497, bed_util_des: 0.497, des_th: 0.4968368044684774,frac_lost: 0.107, li_recovered:  8.318, time: 0.007867714999520103
L: 0.50, u_super: 0.00890, sec: 669.636, prod: 0.154479, t_ads: 21.9, t_des: 34.6, bed_util_ads: 0.430, bed_util_des: 0.429, des_th: 0.4292494970207452,frac_lost: 0.103, li_recovered:  8.721, time: 0.008360393998373183
L: 0.50, u_super: 0.00033 — INFEASIBLE (li_recovered=0.000e+00), time: 0.004922265999994124
L: 9.32, u_super: 0.00252 — INFEASIBLE (li_recovered=0.000e+00), time: 0.001802070999474381
L: 0.50, u_super: 0.00334, sec: 181.553, prod: 0.074656, t_ads: 58.2, t_des: 51.4, bed_util_ads: 0.500, bed_util_des: 0.500, des_th: 0.49973249123118896,frac_lost: 0.108, li_recovered:  8.187, time: 0.006349293000312173
L: 0.50, u_super: 0.00990, sec: 576.892, prod: 0.224468, t_ads: 19.7, t_des: 17.9, bed_util_ads: 0.499, bed_util_des: 0.499, des_th: 0.49889938501524944,frac_lost: 0.105, li_recovered:  8.448, time: 0.0064583759995002765
L: 0.50, u_super: 0.00022, sec: 34.462, prod: 0.001634, t_ads: 902.8, t_des: 4394.9, bed_util_ads: 0.246, bed_util_des: 0.185, des_th: 0.1851696623157332,frac_lost: 0.104, li_recovered:  8.655, time: 0.01632694900035858
L: 0.50, u_super: 0.00806, sec: 459.520, prod: 0.182307, t_ads: 24.3, t_des: 22.3, bed_util_ads: 0.497, bed_util_des: 0.497, des_th: 0.4968368044684774,frac_lost: 0.106, li_recovered:  8.485, time: 0.006380318000083207
L: 0.50, u_super: 0.00048, sec: 28.769, prod: 0.009426, t_ads: 376.9, t_des: 429.1, bed_util_ads: 0.438, bed_util_des: 0.432, des_th: 0.43190351548300193,frac_lost: 0.101, li_recovered:  7.598, time: 0.006340527999782353
L: 30.19, u_super: 0.00302 — INFEASIBLE (li_recovered=0.000e+00), time: 0.0011324440001772018
L: 0.50, u_super: 0.00012 — INFEASIBLE (li_recovered=0.000e+00), time: 0.0013591890001407592
L: 31.60, u_super: 0.00986 — INFEASIBLE (li_recovered=0.000e+00), time: 0.0021854330007045064
L: 0.50, u_super: 0.00295, sec: 159.308, prod: 0.065680, t_ads: 65.3, t_des: 57.4, bed_util_ads: 0.498, bed_util_des: 0.498, des_th: 0.4981736288124504,frac_lost: 0.100, li_recovered:  8.058, time: 0.006078614000216476
L: 0.50, u_super: 0.00338, sec: 1640.223, prod: 0.008467, t_ads: 58.0, t_des: 979.9, bed_util_ads: 0.185, bed_util_des: 0.177, des_th: 0.17693989004804514,frac_lost: 0.103, li_recovered:  8.788, time: 0.06932295200022054
   574 |    22960 |     40 |  0.0019758602 |             f
L: 6.52, u_super: 0.00048 — INFEASIBLE (li_recovered=0.000e+00), time: 0.002989700000398443
L: 0.50, u_super: 0.00753, sec: 425.417, prod: 0.170668, t_ads: 25.8, t_des: 23.6, bed_util_ads: 0.498, bed_util_des: 0.498, des_th: 0.49815933309954935,frac_lost: 0.101, li_recovered:  8.436, time: 0.0068950969998695655
L: 0.50, u_super: 0.00706, sec: 399.350, prod: 0.158829, t_ads: 27.8, t_des: 26.1, bed_util_ads: 0.494, bed_util_des: 0.493, des_th: 0.49343257037802174,frac_lost: 0.108, li_recovered:  8.552, time: 0.011691355999573716
L: 0.50, u_super: 0.00437, sec: 239.418, prod: 0.098287, t_ads: 44.5, t_des: 39.7, bed_util_ads: 0.500, bed_util_des: 0.500, des_th: 0.49975859862006583,frac_lost: 0.106, li_recovered:  8.275, time: 0.01197768800011545
L: 0.50, u_super: 0.00558, sec: 372.868, prod: 0.104221, t_ads: 35.1, t_des: 48.2, bed_util_ads: 0.445, bed_util_des: 0.445, des_th: 0.4445167166216522,frac_lost: 0.107, li_recovered:  8.687, time: 0.011273472000539186
L: 0.50, u_super: 0.00005 — INFEASIBLE (li_recovered=0.000e+00), time: 0.002898269000070286
L: 0.50, u_super: 0.00892, sec: 532.480, prod: 0.194793, t_ads: 21.9, t_des: 22.7, bed_util_ads: 0.483, bed_util_des: 0.482, des_th: 0.4823219342709387,frac_lost: 0.105, li_recovered:  8.695, time: 0.009953017000952968
L: 0.50, u_super: 0.00299, sec: 165.346, prod: 0.065306, t_ads: 65.1, t_des: 65.7, bed_util_ads: 0.482, bed_util_des: 0.481, des_th: 0.48100101169411286,frac_lost: 0.108, li_recovered:  8.541, time: 0.010600685000099475
L: 0.50, u_super: 0.00948, sec: 695.145, prod: 0.170040, t_ads: 20.6, t_des: 30.7, bed_util_ads: 0.437, bed_util_des: 0.436, des_th: 0.4360075156772159,frac_lost: 0.104, li_recovered:  8.724, time: 0.012430918999598362
L: 0.50, u_super: 0.00164, sec: 88.220, prod: 0.036106, t_ads: 116.6, t_des: 106.1, bed_util_ads: 0.490, bed_util_des: 0.489, des_th: 0.48921687010331816,frac_lost: 0.104, li_recovered:  8.039, time: 0.012790638000296894
L: 0.50, u_super: 0.00567, sec: 314.059, prod: 0.128168, t_ads: 34.3, t_des: 31.0, bed_util_ads: 0.498, bed_util_des: 0.498, des_th: 0.4982739735407204,frac_lost: 0.103, li_recovered:  8.362, time: 0.009884823999527725
L: 0.50, u_super: 0.00946, sec: 548.013, prod: 0.214344, t_ads: 20.6, t_des: 19.0, bed_util_ads: 0.498, bed_util_des: 0.497, des_th: 0.49741554454397996,frac_lost: 0.104, li_recovered:  8.491, time: 0.010954262999803177
L: 0.50, u_super: 0.00536, sec: 295.745, prod: 0.121013, t_ads: 36.3, t_des: 32.8, bed_util_ads: 0.498, bed_util_des: 0.498, des_th: 0.49820941711411226,frac_lost: 0.103, li_recovered:  8.355, time: 0.011639081998509937
L: 0.50, u_super: 0.00735, sec: 416.138, prod: 0.165836, t_ads: 26.6, t_des: 24.7, bed_util_ads: 0.496, bed_util_des: 0.496, des_th: 0.4957463152836116,frac_lost: 0.107, li_recovered:  8.518, time: 0.009261621000405285
L: 0.50, u_super: 0.00954, sec: 711.214, prod: 0.168253, t_ads: 20.4, t_des: 31.4, bed_util_ads: 0.433, bed_util_des: 0.432, des_th: 0.4322275243646061,frac_lost: 0.102, li_recovered:  8.723, time: 0.011319715000354336
L: 0.50, u_super: 0.00657, sec: 367.881, prod: 0.148711, t_ads: 29.5, t_des: 26.3, bed_util_ads: 0.500, bed_util_des: 0.500, des_th: 0.4999522614071747,frac_lost: 0.101, li_recovered:  8.308, time: 0.008647463999295724
L: 0.50, u_super: 0.00005, sec: 4.332, prod: 0.000668, t_ads: 3399.4, t_des: 5772.9, bed_util_ads: 0.251, bed_util_des: 0.185, des_th: 0.1851696623157332,frac_lost: 0.100, li_recovered:  6.129, time: 0.010737712000263855
L: 0.50, u_super: 0.00598, sec: 332.259, prod: 0.135410, t_ads: 32.4, t_des: 29.7, bed_util_ads: 0.497, bed_util_des: 0.497, des_th: 0.4972026316844622,frac_lost: 0.102, li_recovered:  8.416, time: 0.006406394999430631
L: 0.50, u_super: 0.00936, sec: 541.945, prod: 0.212117, t_ads: 20.9, t_des: 19.0, bed_util_ads: 0.499, bed_util_des: 0.499, des_th: 0.49926765032620496,frac_lost: 0.105, li_recovered:  8.456, time: 0.010078444000100717
L: 0.50, u_super: 0.00638, sec: 371.270, prod: 0.138348, t_ads: 30.4, t_des: 32.2, bed_util_ads: 0.479, bed_util_des: 0.478, des_th: 0.47828031582737396,frac_lost: 0.100, li_recovered:  8.666, time: 0.010125233999133343
L: 0.50, u_super: 0.00598, sec: 332.409, prod: 0.135349, t_ads: 32.4, t_des: 29.0, bed_util_ads: 0.500, bed_util_des: 0.500, des_th: 0.49979561030639363,frac_lost: 0.101, li_recovered:  8.311, time: 0.008488440998917213
L: 0.50, u_super: 0.00502, sec: 301.386, prod: 0.103821, t_ads: 38.7, t_des: 44.7, bed_util_ads: 0.466, bed_util_des: 0.466, des_th: 0.46569395034764505,frac_lost: 0.102, li_recovered:  8.656, time: 0.009676831999968272
L: 0.50, u_super: 0.00049 — INFEASIBLE (li_recovered=0.000e+00), time: 0.006680778000372811
L: 0.50, u_super: 0.00049, sec: 109.954, prod: 0.002572, t_ads: 402.9, t_des: 3006.7, bed_util_ads: 0.232, bed_util_des: 0.194, des_th: 0.19386404171413332,frac_lost: 0.105, li_recovered:  8.770, time: 0.03780411499974434
L: 0.50, u_super: 0.00832, sec: 476.585, prod: 0.188342, t_ads: 23.5, t_des: 21.6, bed_util_ads: 0.498, bed_util_des: 0.497, des_th: 0.49741554454397996,frac_lost: 0.107, li_recovered:  8.490, time: 0.009975745999327046
L: 0.50, u_super: 0.00115, sec: 62.437, prod: 0.024811, t_ads: 165.1, t_des: 148.6, bed_util_ads: 0.487, bed_util_des: 0.486, des_th: 0.4859663196913179,frac_lost: 0.105, li_recovered:  7.783, time: 0.009106057001190493
L: 0.50, u_super: 0.00056 — INFEASIBLE (li_recovered=0.000e+00), time: 0.005818868001369992
L: 0.50, u_super: 0.00546, sec: 327.961, prod: 0.113587, t_ads: 35.6, t_des: 40.7, bed_util_ads: 0.469, bed_util_des: 0.468, des_th: 0.4681091419763044,frac_lost: 0.102, li_recovered:  8.666, time: 0.011076532000515726
L: 0.50, u_super: 0.00231, sec: 125.302, prod: 0.050949, t_ads: 83.6, t_des: 72.4, bed_util_ads: 0.500, bed_util_des: 0.499, des_th: 0.4992959645547042,frac_lost: 0.107, li_recovered:  7.950, time: 0.013494714999978896
L: 0.50, u_super: 0.00706, sec: 400.957, prod: 0.158192, t_ads: 27.7, t_des: 26.7, bed_util_ads: 0.491, bed_util_des: 0.491, des_th: 0.49061985249691153,frac_lost: 0.106, li_recovered:  8.601, time: 0.009423225999853457
L: 21.58, u_super: 0.00879 — INFEASIBLE (li_recovered=0.000e+00), time: 0.005265252000754117
L: 0.50, u_super: 0.00399, sec: 218.456, prod: 0.089349, t_ads: 48.6, t_des: 46.6, bed_util_ads: 0.489, bed_util_des: 0.489, des_th: 0.48904290653724447,frac_lost: 0.104, li_recovered:  8.504, time: 0.011636843000815134
L: 0.50, u_super: 0.00356, sec: 193.300, prod: 0.079688, t_ads: 54.7, t_des: 48.7, bed_util_ads: 0.498, bed_util_des: 0.498, des_th: 0.49814087624398146,frac_lost: 0.107, li_recovered:  8.240, time: 0.012388021999868215
L: 0.50, u_super: 0.00645, sec: 360.080, prod: 0.145868, t_ads: 30.1, t_des: 27.0, bed_util_ads: 0.500, bed_util_des: 0.499, des_th: 0.49941914537971527,frac_lost: 0.101, li_recovered:  8.333, time: 0.01231705600002897
L: 0.50, u_super: 0.00250, sec: 134.709, prod: 0.055656, t_ads: 77.0, t_des: 68.6, bed_util_ads: 0.497, bed_util_des: 0.496, des_th: 0.4963682042235211,frac_lost: 0.103, li_recovered:  8.103, time: 0.013318838999111904
L: 0.50, u_super: 0.00424, sec: 247.076, prod: 0.089285, t_ads: 45.8, t_des: 50.9, bed_util_ads: 0.472, bed_util_des: 0.471, des_th: 0.47097952236314783,frac_lost: 0.103, li_recovered:  8.632, time: 0.0098057470004278
L: 108.67, u_super: 0.00861 — INFEASIBLE (li_recovered=0.000e+00), time: 0.00195341600010579
L: 0.50, u_super: 0.00946, sec: 548.158, prod: 0.214297, t_ads: 20.7, t_des: 18.6, bed_util_ads: 0.500, bed_util_des: 0.500, des_th: 0.4999522614071747,frac_lost: 0.105, li_recovered:  8.402, time: 0.010766240000521066
L: 0.50, u_super: 0.00670, sec: 375.256, prod: 0.151764, t_ads: 29.0, t_des: 26.2, bed_util_ads: 0.500, bed_util_des: 0.499, des_th: 0.49941800771673645,frac_lost: 0.102, li_recovered:  8.370, time: 0.010799482000948046
L: 0.50, u_super: 0.00640, sec: 357.158, prod: 0.144652, t_ads: 30.4, t_des: 27.2, bed_util_ads: 0.500, bed_util_des: 0.500, des_th: 0.4999522614071747,frac_lost: 0.102, li_recovered:  8.321, time: 0.012677377999352757
   575 |    23000 |     40 |  0.0025066673 |             f
L: 0.50, u_super: 0.00617, sec: 346.711, prod: 0.138446, t_ads: 31.5, t_des: 30.5, bed_util_ads: 0.490, bed_util_des: 0.490, des_th: 0.49019306194791507,frac_lost: 0.103, li_recovered:  8.586, time: 0.010082190001412528
L: 0.50, u_super: 0.00063, sec: 35.519, prod: 0.012877, t_ads: 294.2, t_des: 264.1, bed_util_ads: 0.475, bed_util_des: 0.474, des_th: 0.47418630292082525,frac_lost: 0.106, li_recovered:  7.189, time: 0.011802811999586993
L: 0.50, u_super: 0.00884, sec: 508.754, prod: 0.200141, t_ads: 22.1, t_des: 20.3, bed_util_ads: 0.498, bed_util_des: 0.498, des_th: 0.4982145829378001,frac_lost: 0.106, li_recovered:  8.481, time: 0.027344844000253943
L: 0.50, u_super: 0.00302, sec: 162.767, prod: 0.067542, t_ads: 63.9, t_des: 57.4, bed_util_ads: 0.496, bed_util_des: 0.496, des_th: 0.4959302423058539,frac_lost: 0.102, li_recovered:  8.192, time: 0.015093904999957886
L: 0.50, u_super: 0.00616, sec: 342.855, prod: 0.139488, t_ads: 31.5, t_des: 28.9, bed_util_ads: 0.497, bed_util_des: 0.497, des_th: 0.49720862112368536,frac_lost: 0.102, li_recovered:  8.422, time: 0.010135750000699772
L: 0.50, u_super: 0.00164, sec: 112.656, prod: 0.028274, t_ads: 117.6, t_des: 182.7, bed_util_ads: 0.422, bed_util_des: 0.419, des_th: 0.4185416130116294,frac_lost: 0.104, li_recovered:  8.491, time: 0.013174798999898485
L: 70.69, u_super: 0.00005 — INFEASIBLE (li_recovered=0.000e+00), time: 0.005263697001282708
L: 0.50, u_super: 0.00044, sec: 25.578, prod: 0.008708, t_ads: 411.7, t_des: 430.6, bed_util_ads: 0.445, bed_util_des: 0.440, des_th: 0.4403238917111778,frac_lost: 0.104, li_recovered:  7.334, time: 0.011549688000741298
L: 0.50, u_super: 0.00220, sec: 119.525, prod: 0.048538, t_ads: 87.7, t_des: 76.0, bed_util_ads: 0.499, bed_util_des: 0.499, des_th: 0.49914107325931495,frac_lost: 0.108, li_recovered:  7.947, time: 0.010830862000148045
L: 0.50, u_super: 0.00774, sec: 440.631, prod: 0.174612, t_ads: 25.3, t_des: 23.5, bed_util_ads: 0.497, bed_util_des: 0.497, des_th: 0.4968368044684774,frac_lost: 0.108, li_recovered:  8.522, time: 0.010196130999247544
L: 0.50, u_super: 0.00708, sec: 399.921, prod: 0.159968, t_ads: 27.6, t_des: 25.6, bed_util_ads: 0.496, bed_util_des: 0.496, des_th: 0.4958653937579054,frac_lost: 0.106, li_recovered:  8.513, time: 0.012838337999710348
L: 0.50, u_super: 0.00890, sec: 512.931, prod: 0.201645, t_ads: 22.0, t_des: 20.1, bed_util_ads: 0.498, bed_util_des: 0.498, des_th: 0.49821460269623646,frac_lost: 0.106, li_recovered:  8.484, time: 0.013755504000073415
L: 0.50, u_super: 0.00306, sec: 165.687, prod: 0.068184, t_ads: 63.1, t_des: 55.4, bed_util_ads: 0.500, bed_util_des: 0.500, des_th: 0.4997572182063362,frac_lost: 0.103, li_recovered:  8.079, time: 0.01209267700141936
L: 0.50, u_super: 0.00861, sec: 497.088, prod: 0.193737, t_ads: 22.7, t_des: 21.6, bed_util_ads: 0.493, bed_util_des: 0.493, des_th: 0.4925593324928503,frac_lost: 0.107, li_recovered:  8.595, time: 0.011405287999878055
L: 0.50, u_super: 0.00337, sec: 183.075, prod: 0.075216, t_ads: 57.7, t_des: 50.8, bed_util_ads: 0.500, bed_util_des: 0.499, des_th: 0.49941800771673645,frac_lost: 0.108, li_recovered:  8.166, time: 0.012819110001146328
L: 95.48, u_super: 0.00201 — INFEASIBLE (li_recovered=0.000e+00), time: 0.005634244000248145
L: 0.50, u_super: 0.00373, sec: 202.563, prod: 0.083586, t_ads: 52.2, t_des: 46.7, bed_util_ads: 0.498, bed_util_des: 0.498, des_th: 0.49819266771435483,frac_lost: 0.106, li_recovered:  8.268, time: 0.016829502999826218
L: 0.50, u_super: 0.00506, sec: 278.202, prod: 0.114289, t_ads: 38.3, t_des: 34.7, bed_util_ads: 0.497, bed_util_des: 0.497, des_th: 0.49697727740008696,frac_lost: 0.102, li_recovered:  8.346, time: 0.0137886240008811
L: 0.50, u_super: 0.00817, sec: 467.135, prod: 0.184731, t_ads: 24.0, t_des: 21.7, bed_util_ads: 0.500, bed_util_des: 0.499, des_th: 0.49941914537971527,frac_lost: 0.108, li_recovered:  8.436, time: 0.013855249000698677
L: 9.23, u_super: 0.00706 — INFEASIBLE (li_recovered=0.000e+00), time: 0.017608339001526474
L: 0.50, u_super: 0.00491, sec: 269.909, prod: 0.110692, t_ads: 39.5, t_des: 35.3, bed_util_ads: 0.500, bed_util_des: 0.500, des_th: 0.4999345168978334,frac_lost: 0.103, li_recovered:  8.278, time: 0.009561634999045054
L: 1.26, u_super: 0.00341, sec: 492.260, prod: 0.072340, t_ads: 140.0, t_des: 116.3, bed_util_ads: 0.498, bed_util_des: 0.498, des_th: 0.49817364857088686,frac_lost: 0.100, li_recovered:  18.544, time: 0.013527735000025132
L: 3.54, u_super: 0.00131 — INFEASIBLE (li_recovered=0.000e+00), time: 0.003940262999094557
L: 0.50, u_super: 0.00861, sec: 494.707, prod: 0.194670, t_ads: 22.7, t_des: 21.1, bed_util_ads: 0.497, bed_util_des: 0.497, des_th: 0.49678971915990633,frac_lost: 0.106, li_recovered:  8.527, time: 0.010188897000261932
L: 0.50, u_super: 0.00955, sec: 554.121, prod: 0.216488, t_ads: 20.5, t_des: 18.6, bed_util_ads: 0.500, bed_util_des: 0.499, des_th: 0.49941800771673645,frac_lost: 0.105, li_recovered:  8.446, time: 0.01428219499939587
L: 0.50, u_super: 0.00690, sec: 389.429, prod: 0.155219, t_ads: 28.4, t_des: 26.7, bed_util_ads: 0.495, bed_util_des: 0.494, des_th: 0.49431267468508566,frac_lost: 0.108, li_recovered:  8.547, time: 0.011089442001321004
L: 65.73, u_super: 0.00213 — INFEASIBLE (li_recovered=0.000e+00), time: 0.002614761000586441
L: 0.50, u_super: 0.00805, sec: 459.649, prod: 0.181742, t_ads: 24.4, t_des: 22.3, bed_util_ads: 0.498, bed_util_des: 0.498, des_th: 0.4981604560287318,frac_lost: 0.109, li_recovered:  8.487, time: 0.0103328130007867
L: 11.76, u_super: 0.00598 — INFEASIBLE (li_recovered=0.000e+00), time: 0.003490252998744836
L: 0.50, u_super: 0.00474, sec: 263.289, prod: 0.105243, t_ads: 41.0, t_des: 40.6, bed_util_ads: 0.487, bed_util_des: 0.486, des_th: 0.48620992038127125,frac_lost: 0.103, li_recovered:  8.586, time: 0.010385821000454598
L: 8.91, u_super: 0.00131 — INFEASIBLE (li_recovered=0.000e+00), time: 0.0025391330000275047
L: 0.50, u_super: 0.00951, sec: 586.741, prod: 0.202546, t_ads: 20.6, t_des: 22.4, bed_util_ads: 0.476, bed_util_des: 0.475, des_th: 0.4753603431451142,frac_lost: 0.106, li_recovered:  8.712, time: 0.01120187999913469
L: 0.50, u_super: 0.00088, sec: 48.763, prod: 0.018595, t_ads: 213.8, t_des: 188.7, bed_util_ads: 0.486, bed_util_des: 0.485, des_th: 0.48515098291281666,frac_lost: 0.108, li_recovered:  7.486, time: 0.008143216999087599
L: 0.50, u_super: 0.00974, sec: 566.172, prod: 0.220760, t_ads: 20.1, t_des: 18.3, bed_util_ads: 0.498, bed_util_des: 0.498, des_th: 0.4981736288124504,frac_lost: 0.105, li_recovered:  8.460, time: 0.010740370000348776
L: 4.86, u_super: 0.00005 — INFEASIBLE (li_recovered=0.000e+00), time: 0.002303953999216901
L: 90.99, u_super: 0.00790 — INFEASIBLE (li_recovered=0.000e+00), time: 0.0013636650000989903
L: 0.50, u_super: 0.00445, sec: 367.236, prod: 0.066401, t_ads: 44.0, t_des: 86.9, bed_util_ads: 0.400, bed_util_des: 0.398, des_th: 0.3979683870788406,frac_lost: 0.106, li_recovered:  8.690, time: 0.012353559000985115
L: 0.50, u_super: 0.00682, sec: 382.440, prod: 0.154647, t_ads: 28.4, t_des: 25.7, bed_util_ads: 0.499, bed_util_des: 0.498, des_th: 0.4984307980750054,frac_lost: 0.100, li_recovered:  8.371, time: 0.00931542000034824
L: 0.50, u_super: 0.00273, sec: 147.451, prod: 0.060730, t_ads: 70.7, t_des: 62.3, bed_util_ads: 0.498, bed_util_des: 0.498, des_th: 0.4981608833242011,frac_lost: 0.103, li_recovered:  8.074, time: 0.008912889001294388
L: 0.50, u_super: 0.00335, sec: 181.812, prod: 0.075058, t_ads: 57.9, t_des: 51.8, bed_util_ads: 0.498, bed_util_des: 0.498, des_th: 0.4981736288124504,frac_lost: 0.107, li_recovered:  8.235, time: 0.007740266999462619
   576 |    23040 |     40 |  0.0025617174 |             f
L: 0.50, u_super: 0.00050 — INFEASIBLE (li_recovered=0.000e+00), time: 0.004100619000382721
L: 0.50, u_super: 0.00679, sec: 380.969, prod: 0.153763, t_ads: 28.6, t_des: 25.6, bed_util_ads: 0.500, bed_util_des: 0.500, des_th: 0.4998638282485091,frac_lost: 0.101, li_recovered:  8.322, time: 0.005721475999962422
L: 0.50, u_super: 0.00538, sec: 296.972, prod: 0.121238, t_ads: 36.2, t_des: 32.4, bed_util_ads: 0.499, bed_util_des: 0.499, des_th: 0.49903774752214275,frac_lost: 0.104, li_recovered:  8.315, time: 0.005651168999975198
L: 0.50, u_super: 0.00273, sec: 147.604, prod: 0.060667, t_ads: 70.7, t_des: 68.2, bed_util_ads: 0.487, bed_util_des: 0.486, des_th: 0.4860838405520583,frac_lost: 0.103, li_recovered:  8.428, time: 0.006829529998867656
L: 60.84, u_super: 0.00731 — INFEASIBLE (li_recovered=0.000e+00), time: 0.0016467580007883953
L: 0.50, u_super: 0.00852, sec: 513.920, prod: 0.183219, t_ads: 23.0, t_des: 24.5, bed_util_ads: 0.479, bed_util_des: 0.479, des_th: 0.4788060179427483,frac_lost: 0.106, li_recovered:  8.702, time: 0.008934359000704717
L: 0.50, u_super: 0.00895, sec: 515.800, prod: 0.202568, t_ads: 21.9, t_des: 20.1, bed_util_ads: 0.498, bed_util_des: 0.498, des_th: 0.49821460269623646,frac_lost: 0.106, li_recovered:  8.491, time: 0.00914941199880559
L: 39.28, u_super: 0.00986 — INFEASIBLE (li_recovered=0.000e+00), time: 0.002271372000905103
L: 0.50, u_super: 0.00021 — INFEASIBLE (li_recovered=0.000e+00), time: 0.0032796810010040645
L: 0.50, u_super: 0.00399, sec: 217.226, prod: 0.089855, t_ads: 48.6, t_des: 44.4, bed_util_ads: 0.496, bed_util_des: 0.496, des_th: 0.4958823955194226,frac_lost: 0.104, li_recovered:  8.352, time: 0.0074106329993810505
L: 1.21, u_super: 0.00193 — INFEASIBLE (li_recovered=0.000e+00), time: 0.0052371319998201216
L: 10.21, u_super: 0.00796 — INFEASIBLE (li_recovered=0.000e+00), time: 0.0052381240002432605
L: 0.50, u_super: 0.00682, sec: 384.214, prod: 0.153932, t_ads: 28.7, t_des: 26.4, bed_util_ads: 0.497, bed_util_des: 0.496, des_th: 0.4964218102136501,frac_lost: 0.109, li_recovered:  8.479, time: 0.011146897999424255
L: 0.50, u_super: 0.00728, sec: 411.814, prod: 0.164631, t_ads: 26.8, t_des: 24.1, bed_util_ads: 0.500, bed_util_des: 0.500, des_th: 0.49985651984314095,frac_lost: 0.107, li_recovered:  8.384, time: 0.009839516000283766
L: 0.50, u_super: 0.00072 — INFEASIBLE (li_recovered=0.000e+00), time: 0.00533389799966244
L: 16.57, u_super: 0.00616 — INFEASIBLE (li_recovered=0.000e+00), time: 0.0032825509988470003
L: 0.50, u_super: 0.00419, sec: 273.048, prod: 0.078912, t_ads: 46.4, t_des: 63.3, bed_util_ads: 0.446, bed_util_des: 0.444, des_th: 0.4445167166216522,frac_lost: 0.103, li_recovered:  8.650, time: 0.012923256999783916
L: 0.50, u_super: 0.00866, sec: 499.071, prod: 0.195684, t_ads: 22.6, t_des: 21.2, bed_util_ads: 0.496, bed_util_des: 0.495, des_th: 0.4953867749220453,frac_lost: 0.106, li_recovered:  8.557, time: 0.010461302999829059
L: 0.50, u_super: 0.00131, sec: 70.493, prod: 0.028533, t_ads: 144.9, t_des: 133.1, bed_util_ads: 0.486, bed_util_des: 0.485, des_th: 0.48517964378521666,frac_lost: 0.101, li_recovered:  7.933, time: 0.00917393700001412
L: 20.73, u_super: 0.00546, sec: 28625.458, prod: 0.053954, t_ads: 1488.3, t_des: 4913.9, bed_util_ads: 0.257, bed_util_des: 0.185, des_th: 0.18490416957292147,frac_lost: 0.104, li_recovered:  345.426, time: 0.027924510999582708
L: 7.05, u_super: 0.00915 — INFEASIBLE (li_recovered=0.000e+00), time: 0.004124821000004886
L: 0.50, u_super: 0.00446, sec: 244.202, prod: 0.100118, t_ads: 43.8, t_des: 39.0, bed_util_ads: 0.500, bed_util_des: 0.499, des_th: 0.49931449589481164,frac_lost: 0.107, li_recovered:  8.282, time: 0.008660171000883565
L: 11.88, u_super: 0.00474 — INFEASIBLE (li_recovered=0.000e+00), time: 0.003780422001000261
L: 0.50, u_super: 0.00123, sec: 68.220, prod: 0.026115, t_ads: 154.5, t_des: 129.6, bed_util_ads: 0.497, bed_util_des: 0.497, des_th: 0.49705775023249665,frac_lost: 0.106, li_recovered:  7.419, time: 0.006802447000154643
L: 23.02, u_super: 0.00098 — INFEASIBLE (li_recovered=0.000e+00), time: 0.0014723229996889131
L: 0.50, u_super: 0.00768, sec: 435.563, prod: 0.174082, t_ads: 25.3, t_des: 22.6, bed_util_ads: 0.500, bed_util_des: 0.500, des_th: 0.4998886697203853,frac_lost: 0.101, li_recovered:  8.326, time: 0.008699390999026946
L: 21.10, u_super: 0.00606 — INFEASIBLE (li_recovered=0.000e+00), time: 0.002060159000393469
L: 0.50, u_super: 0.00288, sec: 155.825, prod: 0.064134, t_ads: 67.0, t_des: 64.6, bed_util_ads: 0.487, bed_util_des: 0.486, des_th: 0.4861980521271192,frac_lost: 0.102, li_recovered:  8.438, time: 0.008783308001511614
L: 0.50, u_super: 0.00525, sec: 288.883, prod: 0.118544, t_ads: 37.0, t_des: 33.5, bed_util_ads: 0.498, bed_util_des: 0.498, des_th: 0.4979524178154496,frac_lost: 0.102, li_recovered:  8.357, time: 0.007873034001022461
L: 0.50, u_super: 0.00702, sec: 396.024, prod: 0.158570, t_ads: 27.9, t_des: 25.6, bed_util_ads: 0.497, bed_util_des: 0.497, des_th: 0.4972026316844622,frac_lost: 0.108, li_recovered:  8.479, time: 0.00673567100056971
L: 0.50, u_super: 0.00957, sec: 555.287, prod: 0.216851, t_ads: 20.4, t_des: 18.5, bed_util_ads: 0.500, bed_util_des: 0.499, des_th: 0.4994277284500332,frac_lost: 0.105, li_recovered:  8.442, time: 0.008897516001525219
L: 0.50, u_super: 0.00450, sec: 262.286, prod: 0.094906, t_ads: 43.1, t_des: 47.9, bed_util_ads: 0.472, bed_util_des: 0.471, des_th: 0.4713682150846936,frac_lost: 0.102, li_recovered:  8.638, time: 0.011175779000041075
L: 22.37, u_super: 0.00915 — INFEASIBLE (li_recovered=0.000e+00), time: 0.0030122360003588255
L: 0.50, u_super: 0.00390, sec: 224.318, prod: 0.082765, t_ads: 49.9, t_des: 54.3, bed_util_ads: 0.474, bed_util_des: 0.473, des_th: 0.473413189339649,frac_lost: 0.105, li_recovered:  8.619, time: 0.008980868000435294
L: 0.50, u_super: 0.00088, sec: 48.763, prod: 0.018595, t_ads: 213.8, t_des: 188.7, bed_util_ads: 0.486, bed_util_des: 0.485, des_th: 0.48515098291281666,frac_lost: 0.108, li_recovered:  7.486, time: 0.00878730899967195
L: 0.50, u_super: 0.00039 — INFEASIBLE (li_recovered=0.000e+00), time: 0.003939217000151984
L: 0.50, u_super: 0.00030, sec: 54.543, prod: 0.001855, t_ads: 676.4, t_des: 4040.2, bed_util_ads: 0.239, bed_util_des: 0.185, des_th: 0.1851696623157332,frac_lost: 0.105, li_recovered:  8.749, time: 0.01731791800011706
L: 0.50, u_super: 0.00924, sec: 534.758, prod: 0.209422, t_ads: 21.2, t_des: 19.2, bed_util_ads: 0.500, bed_util_des: 0.500, des_th: 0.4996577099841386,frac_lost: 0.106, li_recovered:  8.450, time: 0.005772050000814488
L: 0.50, u_super: 0.00831, sec: 589.060, prod: 0.151645, t_ads: 23.5, t_des: 33.9, bed_util_ads: 0.440, bed_util_des: 0.440, des_th: 0.43964511810919277,frac_lost: 0.105, li_recovered:  8.716, time: 0.005947813000602764
L: 0.50, u_super: 0.00274, sec: 147.470, prod: 0.061194, t_ads: 70.4, t_des: 63.4, bed_util_ads: 0.496, bed_util_des: 0.496, des_th: 0.49584045780797803,frac_lost: 0.103, li_recovered:  8.187, time: 0.005444121999971685
   577 |    23080 |     40 |  0.0015327073 |             f
L: 0.50, u_super: 0.00727, sec: 540.241, prod: 0.125020, t_ads: 26.9, t_des: 42.8, bed_util_ads: 0.428, bed_util_des: 0.427, des_th: 0.4271047136242086,frac_lost: 0.105, li_recovered:  8.712, time: 0.006759362000593683
L: 0.50, u_super: 0.00451, sec: 247.340, prod: 0.101529, t_ads: 43.2, t_des: 39.4, bed_util_ads: 0.497, bed_util_des: 0.497, des_th: 0.4968368044684774,frac_lost: 0.108, li_recovered:  8.392, time: 0.005098785999507527
L: 26.44, u_super: 0.00005 — INFEASIBLE (li_recovered=0.000e+00), time: 0.0009426749984413618
L: 52.93, u_super: 0.00164 — INFEASIBLE (li_recovered=0.000e+00), time: 0.0007385539993265411
L: 0.50, u_super: 0.00572, sec: 316.546, prod: 0.129239, t_ads: 33.9, t_des: 30.4, bed_util_ads: 0.499, bed_util_des: 0.499, des_th: 0.4993002192513166,frac_lost: 0.100, li_recovered:  8.304, time: 0.005464179999762564
L: 0.50, u_super: 0.00108, sec: 59.127, prod: 0.023150, t_ads: 174.4, t_des: 154.1, bed_util_ads: 0.488, bed_util_des: 0.488, des_th: 0.48788724494741575,frac_lost: 0.102, li_recovered:  7.605, time: 0.005163609999726759
L: 0.50, u_super: 0.00612, sec: 340.118, prod: 0.138530, t_ads: 31.7, t_des: 28.8, bed_util_ads: 0.498, bed_util_des: 0.498, des_th: 0.4979524178154496,frac_lost: 0.101, li_recovered:  8.373, time: 0.006146749001345597
L: 0.50, u_super: 0.00379, sec: 206.344, prod: 0.085040, t_ads: 51.3, t_des: 45.8, bed_util_ads: 0.499, bed_util_des: 0.498, des_th: 0.498385334488327,frac_lost: 0.106, li_recovered:  8.255, time: 0.0056881529999373015
L: 0.50, u_super: 0.00436, sec: 238.335, prod: 0.098246, t_ads: 44.5, t_des: 40.3, bed_util_ads: 0.497, bed_util_des: 0.497, des_th: 0.49712498325383025,frac_lost: 0.104, li_recovered:  8.334, time: 0.005547939999814844
L: 0.50, u_super: 0.00990, sec: 577.442, prod: 0.224254, t_ads: 19.7, t_des: 18.3, bed_util_ads: 0.496, bed_util_des: 0.496, des_th: 0.4959623933863693,frac_lost: 0.104, li_recovered:  8.536, time: 0.006878801999846473
L: 0.50, u_super: 0.00423, sec: 1931.437, prod: 0.011382, t_ads: 46.3, t_des: 725.3, bed_util_ads: 0.191, bed_util_des: 0.185, des_th: 0.1851696623157332,frac_lost: 0.102, li_recovered:  8.782, time: 0.04144258800079115
L: 0.50, u_super: 0.00255, sec: 137.761, prod: 0.056633, t_ads: 75.6, t_des: 66.5, bed_util_ads: 0.497, bed_util_des: 0.497, des_th: 0.4971967088776021,frac_lost: 0.104, li_recovered:  8.047, time: 0.005112303000714746
L: 0.50, u_super: 0.00094, sec: 51.686, prod: 0.019889, t_ads: 200.4, t_des: 177.0, bed_util_ads: 0.487, bed_util_des: 0.486, des_th: 0.4861980521271192,frac_lost: 0.104, li_recovered:  7.506, time: 0.005782852000265848
L: 13.31, u_super: 0.00572 — INFEASIBLE (li_recovered=0.000e+00), time: 0.0019039700000575976
L: 0.50, u_super: 0.00231, sec: 125.120, prod: 0.051022, t_ads: 83.4, t_des: 72.6, bed_util_ads: 0.499, bed_util_des: 0.498, des_th: 0.4982644221530857,frac_lost: 0.105, li_recovered:  7.960, time: 0.004426886998771806
L: 0.50, u_super: 0.00072 — INFEASIBLE (li_recovered=0.000e+00), time: 0.0030121150011837017
L: 0.50, u_super: 0.00525, sec: 289.129, prod: 0.118421, t_ads: 37.0, t_des: 33.1, bed_util_ads: 0.500, bed_util_des: 0.500, des_th: 0.4998638282485091,frac_lost: 0.102, li_recovered:  8.298, time: 0.006067831000109436
L: 28.58, u_super: 0.00452 — INFEASIBLE (li_recovered=0.000e+00), time: 0.0015691509997850517
L: 0.50, u_super: 0.00198, sec: 106.624, prod: 0.043557, t_ads: 97.8, t_des: 93.3, bed_util_ads: 0.487, bed_util_des: 0.486, des_th: 0.4860298166769925,frac_lost: 0.108, li_recovered:  8.325, time: 0.006357017000482301
L: 15.02, u_super: 0.00033 — INFEASIBLE (li_recovered=0.000e+00), time: 0.001146851000157767
L: 0.50, u_super: 0.00673, sec: 378.163, prod: 0.151767, t_ads: 29.1, t_des: 26.1, bed_util_ads: 0.500, bed_util_des: 0.500, des_th: 0.4998638282485091,frac_lost: 0.109, li_recovered:  8.377, time: 0.004814055999304401
L: 0.50, u_super: 0.00213, sec: 115.221, prod: 0.046945, t_ads: 90.7, t_des: 87.8, bed_util_ads: 0.485, bed_util_des: 0.484, des_th: 0.48406566669577145,frac_lost: 0.107, li_recovered:  8.379, time: 0.005365288001485169
L: 40.77, u_super: 0.00798 — INFEASIBLE (li_recovered=0.000e+00), time: 0.0012765789997501997
L: 0.50, u_super: 0.00334, sec: 181.306, prod: 0.074758, t_ads: 58.2, t_des: 51.9, bed_util_ads: 0.498, bed_util_des: 0.498, des_th: 0.4981789254762209,frac_lost: 0.108, li_recovered:  8.234, time: 0.0062242150015663356
L: 3.02, u_super: 0.00193 — INFEASIBLE (li_recovered=0.000e+00), time: 0.0033825169994088355
L: 0.50, u_super: 0.00528, sec: 290.872, prod: 0.119217, t_ads: 36.8, t_des: 33.4, bed_util_ads: 0.497, bed_util_des: 0.497, des_th: 0.49720862112368536,frac_lost: 0.103, li_recovered:  8.361, time: 0.007166986999436631
L: 0.50, u_super: 0.00425, sec: 232.225, prod: 0.095701, t_ads: 45.7, t_des: 41.3, bed_util_ads: 0.497, bed_util_des: 0.497, des_th: 0.4968155802820875,frac_lost: 0.105, li_recovered:  8.323, time: 0.0073104439998132875
L: 0.50, u_super: 0.00132, sec: 73.614, prod: 0.028016, t_ads: 143.1, t_des: 118.6, bed_util_ads: 0.498, bed_util_des: 0.498, des_th: 0.49833093779299226,frac_lost: 0.102, li_recovered:  7.332, time: 0.008358097000382259
L: 0.50, u_super: 0.00183, sec: 99.418, prod: 0.039780, t_ads: 104.6, t_des: 89.5, bed_util_ads: 0.500, bed_util_des: 0.499, des_th: 0.49947100352762785,frac_lost: 0.102, li_recovered:  7.721, time: 0.007520892999309581
L: 0.50, u_super: 0.00015 — INFEASIBLE (li_recovered=0.000e+00), time: 0.0024985610016301507
L: 23.67, u_super: 0.00616 — INFEASIBLE (li_recovered=0.000e+00), time: 0.002553008000177215
L: 0.50, u_super: 0.00213, sec: 115.839, prod: 0.046695, t_ads: 89.9, t_des: 77.0, bed_util_ads: 0.500, bed_util_des: 0.499, des_th: 0.4993642360623839,frac_lost: 0.101, li_recovered:  7.793, time: 0.009556954000800033
L: 0.50, u_super: 0.00974, sec: 566.172, prod: 0.220760, t_ads: 20.1, t_des: 18.3, bed_util_ads: 0.498, bed_util_des: 0.498, des_th: 0.4981736288124504,frac_lost: 0.105, li_recovered:  8.460, time: 0.00818902699938917
L: 2.17, u_super: 0.00990, sec: 2569.187, prod: 0.218422, t_ads: 84.6, t_des: 73.4, bed_util_ads: 0.500, bed_util_des: 0.499, des_th: 0.49941800771673645,frac_lost: 0.107, li_recovered:  34.509, time: 0.011867490999065922
L: 0.50, u_super: 0.00491, sec: 321.229, prod: 0.093007, t_ads: 39.5, t_des: 53.7, bed_util_ads: 0.447, bed_util_des: 0.446, des_th: 0.44579449560452195,frac_lost: 0.101, li_recovered:  8.664, time: 0.009404396001627902
L: 0.50, u_super: 0.00679, sec: 405.075, prod: 0.144634, t_ads: 28.6, t_des: 31.4, bed_util_ads: 0.474, bed_util_des: 0.474, des_th: 0.47364435051300696,frac_lost: 0.101, li_recovered:  8.681, time: 0.01010207300168986
L: 8.93, u_super: 0.00514 — INFEASIBLE (li_recovered=0.000e+00), time: 0.007140801999412361
L: 0.50, u_super: 0.00058, sec: 33.351, prod: 0.011713, t_ads: 315.3, t_des: 278.1, bed_util_ads: 0.475, bed_util_des: 0.474, des_th: 0.47418630292082525,frac_lost: 0.104, li_recovered:  6.951, time: 0.010225968000668217
L: 3.50, u_super: 0.00409 — INFEASIBLE (li_recovered=0.000e+00), time: 0.005382978000852745
L: 0.50, u_super: 0.00020, sec: 29.399, prod: 0.001513, t_ads: 1015.3, t_des: 4692.5, bed_util_ads: 0.246, bed_util_des: 0.181, des_th: 0.18148532748716004,frac_lost: 0.103, li_recovered:  8.634, time: 0.01815034200080845
   578 |    23120 |     40 |  0.0034308888 |             f
L: 0.50, u_super: 0.00641, sec: 358.322, prod: 0.145094, t_ads: 30.3, t_des: 27.1, bed_util_ads: 0.500, bed_util_des: 0.499, des_th: 0.49941800771673645,frac_lost: 0.102, li_recovered:  8.321, time: 0.007051743001284194
L: 0.50, u_super: 0.00768, sec: 436.515, prod: 0.173703, t_ads: 25.5, t_des: 23.1, bed_util_ads: 0.500, bed_util_des: 0.499, des_th: 0.49943090335621676,frac_lost: 0.108, li_recovered:  8.436, time: 0.005275887000607327
L: 0.50, u_super: 0.00735, sec: 416.138, prod: 0.165836, t_ads: 26.6, t_des: 24.7, bed_util_ads: 0.496, bed_util_des: 0.496, des_th: 0.4957463152836116,frac_lost: 0.107, li_recovered:  8.518, time: 0.00984472799973446
L: 0.50, u_super: 0.00483, sec: 264.708, prod: 0.108906, t_ads: 40.2, t_des: 36.7, bed_util_ads: 0.497, bed_util_des: 0.497, des_th: 0.49687365771283293,frac_lost: 0.103, li_recovered:  8.375, time: 0.00682856799903675
L: 1.47, u_super: 0.00356, sec: 603.474, prod: 0.075060, t_ads: 156.8, t_des: 129.9, bed_util_ads: 0.498, bed_util_des: 0.498, des_th: 0.49814087624398146,frac_lost: 0.106, li_recovered:  21.514, time: 0.006535292999615194
L: 0.50, u_super: 0.00295, sec: 160.276, prod: 0.065560, t_ads: 65.4, t_des: 56.7, bed_util_ads: 0.500, bed_util_des: 0.500, des_th: 0.4997914768617514,frac_lost: 0.103, li_recovered:  8.006, time: 0.008005935000255704
L: 0.50, u_super: 0.00673, sec: 378.163, prod: 0.151767, t_ads: 29.1, t_des: 26.1, bed_util_ads: 0.500, bed_util_des: 0.500, des_th: 0.4998638282485091,frac_lost: 0.109, li_recovered:  8.377, time: 0.008423560999290203
L: 0.50, u_super: 0.00341, sec: 185.802, prod: 0.075900, t_ads: 57.1, t_des: 54.7, bed_util_ads: 0.489, bed_util_des: 0.489, des_th: 0.4886430338915862,frac_lost: 0.107, li_recovered:  8.487, time: 0.011211031998755061
L: 0.50, u_super: 0.00535, sec: 295.085, prod: 0.120675, t_ads: 36.4, t_des: 33.3, bed_util_ads: 0.496, bed_util_des: 0.496, des_th: 0.4962141665005038,frac_lost: 0.104, li_recovered:  8.408, time: 0.012310119998801383
L: 0.50, u_super: 0.00131, sec: 71.560, prod: 0.028108, t_ads: 145.3, t_des: 125.1, bed_util_ads: 0.494, bed_util_des: 0.494, des_th: 0.49419904892047717,frac_lost: 0.103, li_recovered:  7.601, time: 0.009785701999135199
L: 0.50, u_super: 0.00950, sec: 551.008, prod: 0.215346, t_ads: 20.6, t_des: 18.9, bed_util_ads: 0.497, bed_util_des: 0.497, des_th: 0.49720862112368536,frac_lost: 0.105, li_recovered:  8.488, time: 0.010654317999069463
L: 0.50, u_super: 0.00861, sec: 494.177, prod: 0.194878, t_ads: 22.7, t_des: 20.9, bed_util_ads: 0.497, bed_util_des: 0.497, des_th: 0.4967957085991295,frac_lost: 0.105, li_recovered:  8.492, time: 0.022280207000221708
L: 0.50, u_super: 0.00974, sec: 566.172, prod: 0.220760, t_ads: 20.1, t_des: 18.3, bed_util_ads: 0.498, bed_util_des: 0.498, des_th: 0.4981736288124504,frac_lost: 0.105, li_recovered:  8.460, time: 0.016648346001602476
L: 0.50, u_super: 0.00025 — INFEASIBLE (li_recovered=0.000e+00), time: 0.006390585000190185
L: 0.50, u_super: 0.00473, sec: 262.933, prod: 0.105008, t_ads: 41.0, t_des: 40.8, bed_util_ads: 0.487, bed_util_des: 0.486, des_th: 0.4863290089345299,frac_lost: 0.102, li_recovered:  8.589, time: 0.015143359998546657
L: 0.50, u_super: 0.00255, sec: 138.214, prod: 0.056448, t_ads: 75.6, t_des: 65.6, bed_util_ads: 0.499, bed_util_des: 0.499, des_th: 0.4990898528036578,frac_lost: 0.103, li_recovered:  7.967, time: 0.013394850999247865
L: 0.50, u_super: 0.00660, sec: 369.563, prod: 0.149310, t_ads: 29.4, t_des: 26.3, bed_util_ads: 0.500, bed_util_des: 0.500, des_th: 0.4998638282485091,frac_lost: 0.102, li_recovered:  8.316, time: 0.011332313999446342
L: 0.50, u_super: 0.00595, sec: 330.277, prod: 0.134428, t_ads: 32.6, t_des: 29.2, bed_util_ads: 0.500, bed_util_des: 0.500, des_th: 0.4997880293387363,frac_lost: 0.101, li_recovered:  8.308, time: 0.010855112999706762
L: 13.77, u_super: 0.00866 — INFEASIBLE (li_recovered=0.000e+00), time: 0.00513480600056937
L: 0.50, u_super: 0.00955, sec: 553.873, prod: 0.216585, t_ads: 20.4, t_des: 18.6, bed_util_ads: 0.500, bed_util_des: 0.500, des_th: 0.499875759934637,frac_lost: 0.104, li_recovered:  8.446, time: 0.010303228000339004
L: 0.50, u_super: 0.00235, sec: 126.387, prod: 0.052090, t_ads: 82.0, t_des: 78.6, bed_util_ads: 0.487, bed_util_des: 0.486, des_th: 0.4861980521271192,frac_lost: 0.103, li_recovered:  8.366, time: 0.012088946999938344
L: 0.50, u_super: 0.00884, sec: 599.148, prod: 0.170076, t_ads: 22.0, t_des: 29.2, bed_util_ads: 0.452, bed_util_des: 0.451, des_th: 0.4511531188490549,frac_lost: 0.102, li_recovered:  8.713, time: 0.018096185000104015
L: 0.50, u_super: 0.00976, sec: 567.549, prod: 0.221411, t_ads: 20.0, t_des: 18.2, bed_util_ads: 0.498, bed_util_des: 0.498, des_th: 0.49821460269623646,frac_lost: 0.104, li_recovered:  8.459, time: 0.01485753699853376
L: 0.50, u_super: 0.00572, sec: 321.403, prod: 0.127286, t_ads: 33.9, t_des: 33.7, bed_util_ads: 0.486, bed_util_des: 0.486, des_th: 0.48605247938882246,frac_lost: 0.101, li_recovered:  8.610, time: 0.010832350999407936
L: 0.50, u_super: 0.00033, sec: 20.208, prod: 0.006433, t_ads: 519.5, t_des: 530.3, bed_util_ads: 0.437, bed_util_des: 0.433, des_th: 0.4331319337729692,frac_lost: 0.103, li_recovered:  6.753, time: 0.01472144600120373
L: 0.50, u_super: 0.00773, sec: 458.020, prod: 0.167491, t_ads: 25.4, t_des: 26.5, bed_util_ads: 0.481, bed_util_des: 0.481, des_th: 0.48099299304709636,frac_lost: 0.108, li_recovered:  8.692, time: 0.0168026600003941
L: 0.50, u_super: 0.00005, sec: 4.909, prod: 0.000590, t_ads: 3931.2, t_des: 9917.1, bed_util_ads: 0.228, bed_util_des: 0.128, des_th: 0.128189077049859,frac_lost: 0.100, li_recovered:  8.166, time: 0.02955195799950161
L: 0.50, u_super: 0.00694, sec: 390.987, prod: 0.156793, t_ads: 28.2, t_des: 25.6, bed_util_ads: 0.498, bed_util_des: 0.498, des_th: 0.4981736288124504,frac_lost: 0.108, li_recovered:  8.440, time: 0.011316272999465582
L: 0.50, u_super: 0.00768, sec: 435.188, prod: 0.174232, t_ads: 25.3, t_des: 23.4, bed_util_ads: 0.496, bed_util_des: 0.496, des_th: 0.49582281802114886,frac_lost: 0.101, li_recovered:  8.473, time: 0.010127229001227533
L: 0.50, u_super: 0.00164, sec: 88.121, prod: 0.036146, t_ads: 116.5, t_des: 109.7, bed_util_ads: 0.487, bed_util_des: 0.486, des_th: 0.4861980521271192,frac_lost: 0.103, li_recovered:  8.176, time: 0.02041559999997844
L: 0.50, u_super: 0.00535, sec: 295.017, prod: 0.120906, t_ads: 36.3, t_des: 32.9, bed_util_ads: 0.499, bed_util_des: 0.498, des_th: 0.4984307980750054,frac_lost: 0.102, li_recovered:  8.356, time: 0.029308324999874458
L: 0.50, u_super: 0.00838, sec: 479.654, prod: 0.189845, t_ads: 23.3, t_des: 21.1, bed_util_ads: 0.499, bed_util_des: 0.499, des_th: 0.4992506900780772,frac_lost: 0.105, li_recovered:  8.439, time: 0.029002923000007286
L: 0.50, u_super: 0.00679, sec: 380.969, prod: 0.153763, t_ads: 28.6, t_des: 25.6, bed_util_ads: 0.500, bed_util_des: 0.500, des_th: 0.4998638282485091,frac_lost: 0.101, li_recovered:  8.322, time: 0.01812501600034011
L: 0.50, u_super: 0.00365, sec: 198.535, prod: 0.081931, t_ads: 53.3, t_des: 48.1, bed_util_ads: 0.497, bed_util_des: 0.497, des_th: 0.496736346756431,frac_lost: 0.108, li_recovered:  8.303, time: 0.015556884000034188
L: 0.50, u_super: 0.00742, sec: 420.527, prod: 0.167564, t_ads: 26.4, t_des: 24.5, bed_util_ads: 0.496, bed_util_des: 0.496, des_th: 0.4957463152836116,frac_lost: 0.106, li_recovered:  8.516, time: 0.01882313699934457
L: 0.50, u_super: 0.00569, sec: 314.830, prod: 0.128783, t_ads: 34.0, t_des: 31.0, bed_util_ads: 0.498, bed_util_des: 0.497, des_th: 0.49741236404896166,frac_lost: 0.101, li_recovered:  8.375, time: 0.014255396001317422
L: 1.30, u_super: 0.00275 — INFEASIBLE (li_recovered=0.000e+00), time: 0.014300890999948024
L: 0.50, u_super: 0.00990, sec: 577.010, prod: 0.224422, t_ads: 19.8, t_des: 17.9, bed_util_ads: 0.499, bed_util_des: 0.499, des_th: 0.4993494351546859,frac_lost: 0.106, li_recovered:  8.453, time: 0.010089097999298247
L: 0.50, u_super: 0.00616, sec: 342.725, prod: 0.139540, t_ads: 31.5, t_des: 28.8, bed_util_ads: 0.497, bed_util_des: 0.497, des_th: 0.49684855596288635,frac_lost: 0.101, li_recovered:  8.414, time: 0.0149708360004297
L: 0.50, u_super: 0.00404, sec: 239.407, prod: 0.083626, t_ads: 48.1, t_des: 55.1, bed_util_ads: 0.467, bed_util_des: 0.466, des_th: 0.4656662538969716,frac_lost: 0.104, li_recovered:  8.630, time: 0.024190385000110837
   579 |    23160 |     40 |  0.0028520700 |             f
L: 0.50, u_super: 0.00009 — INFEASIBLE (li_recovered=0.000e+00), time: 0.0030129320002743043
L: 0.50, u_super: 0.00768, sec: 436.485, prod: 0.173715, t_ads: 25.5, t_des: 23.2, bed_util_ads: 0.499, bed_util_des: 0.498, des_th: 0.4985157316967408,frac_lost: 0.107, li_recovered:  8.454, time: 0.011651024000457255
L: 0.50, u_super: 0.00451, sec: 247.109, prod: 0.101624, t_ads: 43.1, t_des: 39.4, bed_util_ads: 0.496, bed_util_des: 0.495, des_th: 0.495413846921428,frac_lost: 0.106, li_recovered:  8.389, time: 0.010772112000267953
L: 0.50, u_super: 0.00141, sec: 77.764, prod: 0.030131, t_ads: 134.5, t_des: 113.0, bed_util_ads: 0.497, bed_util_des: 0.497, des_th: 0.4971967088776021,frac_lost: 0.101, li_recovered:  7.457, time: 0.008601462999649812
L: 0.50, u_super: 0.00489, sec: 268.698, prod: 0.110143, t_ads: 39.7, t_des: 35.5, bed_util_ads: 0.500, bed_util_des: 0.500, des_th: 0.4997572182063362,frac_lost: 0.104, li_recovered:  8.282, time: 0.011584100999243674
L: 0.50, u_super: 0.00963, sec: 5204.715, prod: 0.023488, t_ads: 20.3, t_des: 353.4, bed_util_ads: 0.185, bed_util_des: 0.182, des_th: 0.1824101304698713,frac_lost: 0.102, li_recovered:  8.778, time: 0.0828719290002482
L: 0.50, u_super: 0.00813, sec: 464.355, prod: 0.183883, t_ads: 24.1, t_des: 21.9, bed_util_ads: 0.498, bed_util_des: 0.498, des_th: 0.498138853017202,frac_lost: 0.107, li_recovered:  8.449, time: 0.010101285000928328
L: 0.50, u_super: 0.00894, sec: 515.600, prod: 0.202347, t_ads: 21.9, t_des: 20.1, bed_util_ads: 0.498, bed_util_des: 0.498, des_th: 0.49821460269623646,frac_lost: 0.107, li_recovered:  8.499, time: 0.013456553999276366
L: 0.50, u_super: 0.00861, sec: 494.383, prod: 0.194797, t_ads: 22.7, t_des: 21.1, bed_util_ads: 0.496, bed_util_des: 0.496, des_th: 0.4960434997165465,frac_lost: 0.105, li_recovered:  8.525, time: 0.012303224999413942
L: 0.50, u_super: 0.00305, sec: 165.772, prod: 0.067940, t_ads: 63.1, t_des: 54.8, bed_util_ads: 0.500, bed_util_des: 0.500, des_th: 0.49975187266674875,frac_lost: 0.101, li_recovered:  8.008, time: 0.008342104998519062
L: 0.50, u_super: 0.00349, sec: 189.265, prod: 0.078114, t_ads: 55.7, t_des: 49.8, bed_util_ads: 0.498, bed_util_des: 0.498, des_th: 0.4981736288124504,frac_lost: 0.107, li_recovered:  8.239, time: 0.008090867999271723
L: 0.50, u_super: 0.00086 — INFEASIBLE (li_recovered=0.000e+00), time: 0.005082659999970929
L: 0.50, u_super: 0.00032 — INFEASIBLE (li_recovered=0.000e+00), time: 0.004370786999061238
L: 0.50, u_super: 0.00183, sec: 98.651, prod: 0.040379, t_ads: 105.2, t_des: 99.4, bed_util_ads: 0.487, bed_util_des: 0.486, des_th: 0.4861980521271192,frac_lost: 0.107, li_recovered:  8.263, time: 0.011109929999292945
L: 0.50, u_super: 0.00567, sec: 314.172, prod: 0.128129, t_ads: 34.2, t_des: 30.7, bed_util_ads: 0.500, bed_util_des: 0.500, des_th: 0.4996151718474513,frac_lost: 0.102, li_recovered:  8.315, time: 0.009106117000555969
L: 0.50, u_super: 0.00824, sec: 471.623, prod: 0.186217, t_ads: 23.8, t_des: 22.0, bed_util_ads: 0.496, bed_util_des: 0.496, des_th: 0.49600601272609035,frac_lost: 0.107, li_recovered:  8.518, time: 0.008364028000869439
L: 0.50, u_super: 0.00491, sec: 269.899, prod: 0.110652, t_ads: 39.5, t_des: 35.3, bed_util_ads: 0.500, bed_util_des: 0.500, des_th: 0.4999345168978334,frac_lost: 0.103, li_recovered:  8.276, time: 0.009268511999835027
L: 0.50, u_super: 0.00799, sec: 561.578, prod: 0.146525, t_ads: 24.5, t_des: 35.0, bed_util_ads: 0.442, bed_util_des: 0.441, des_th: 0.4408555097450153,frac_lost: 0.105, li_recovered:  8.713, time: 0.010613615000693244
L: 0.50, u_super: 0.00835, sec: 477.405, prod: 0.189149, t_ads: 23.4, t_des: 21.2, bed_util_ads: 0.499, bed_util_des: 0.498, des_th: 0.49839745533549584,frac_lost: 0.105, li_recovered:  8.433, time: 0.008937609998611151
L: 0.50, u_super: 0.00649, sec: 362.778, prod: 0.146648, t_ads: 30.0, t_des: 26.8, bed_util_ads: 0.500, bed_util_des: 0.500, des_th: 0.49989688227582807,frac_lost: 0.103, li_recovered:  8.321, time: 0.012494761000198196
L: 0.50, u_super: 0.00308, sec: 166.751, prod: 0.068768, t_ads: 62.8, t_des: 55.6, bed_util_ads: 0.498, bed_util_des: 0.498, des_th: 0.4977876497923501,frac_lost: 0.105, li_recovered:  8.142, time: 0.009299556999394554
L: 0.50, u_super: 0.00032 — INFEASIBLE (li_recovered=0.000e+00), time: 0.0051576890000433195
L: 19.12, u_super: 0.00288 — INFEASIBLE (li_recovered=0.000e+00), time: 0.0029520989992306568
L: 0.50, u_super: 0.00698, sec: 393.465, prod: 0.157732, t_ads: 28.0, t_des: 25.2, bed_util_ads: 0.500, bed_util_des: 0.499, des_th: 0.4994539191306997,frac_lost: 0.107, li_recovered:  8.392, time: 0.009294801000578445
L: 0.50, u_super: 0.00400, sec: 222.953, prod: 0.087810, t_ads: 48.7, t_des: 49.2, bed_util_ads: 0.483, bed_util_des: 0.482, des_th: 0.4820074511226682,frac_lost: 0.106, li_recovered:  8.591, time: 0.00888639500044519
L: 0.50, u_super: 0.00546, sec: 301.640, prod: 0.123499, t_ads: 35.5, t_des: 32.6, bed_util_ads: 0.497, bed_util_des: 0.497, des_th: 0.49676177514094666,frac_lost: 0.102, li_recovered:  8.412, time: 0.008911096998417634
L: 7.49, u_super: 0.00119 — INFEASIBLE (li_recovered=0.000e+00), time: 0.0017112980003730627
L: 19.17, u_super: 0.00624 — INFEASIBLE (li_recovered=0.000e+00), time: 0.002706571998714935
L: 0.50, u_super: 0.00894, sec: 515.178, prod: 0.202452, t_ads: 21.9, t_des: 20.1, bed_util_ads: 0.498, bed_util_des: 0.498, des_th: 0.49821460269623646,frac_lost: 0.106, li_recovered:  8.489, time: 0.009202844999890658
L: 0.50, u_super: 0.00975, sec: 607.361, prod: 0.206371, t_ads: 20.0, t_des: 22.2, bed_util_ads: 0.474, bed_util_des: 0.474, des_th: 0.47418630292082525,frac_lost: 0.104, li_recovered:  8.714, time: 0.007565019001049222
L: 0.50, u_super: 0.00750, sec: 3419.767, prod: 0.021087, t_ads: 26.1, t_des: 390.2, bed_util_ads: 0.197, bed_util_des: 0.193, des_th: 0.1931255039515429,frac_lost: 0.103, li_recovered:  8.779, time: 0.05790333999902941
L: 0.62, u_super: 0.00545, sec: 373.120, prod: 0.122516, t_ads: 44.1, t_des: 39.7, bed_util_ads: 0.498, bed_util_des: 0.498, des_th: 0.4979524178154496,frac_lost: 0.108, li_recovered:  10.274, time: 0.007818502999725752
L: 0.50, u_super: 0.00201, sec: 108.237, prod: 0.044280, t_ads: 96.1, t_des: 92.0, bed_util_ads: 0.486, bed_util_des: 0.486, des_th: 0.48565182018894415,frac_lost: 0.106, li_recovered:  8.331, time: 0.011892739001268637
L: 1.14, u_super: 0.00393, sec: 504.224, prod: 0.085255, t_ads: 111.2, t_des: 94.7, bed_util_ads: 0.499, bed_util_des: 0.499, des_th: 0.49929498063000527,frac_lost: 0.104, li_recovered:  17.557, time: 0.009502237000560854
L: 0.50, u_super: 0.00469, sec: 257.306, prod: 0.105557, t_ads: 41.4, t_des: 36.9, bed_util_ads: 0.500, bed_util_des: 0.499, des_th: 0.49942593785684924,frac_lost: 0.104, li_recovered:  8.270, time: 0.009122185998421628
L: 0.50, u_super: 0.00696, sec: 391.477, prod: 0.157263, t_ads: 28.1, t_des: 25.6, bed_util_ads: 0.498, bed_util_des: 0.498, des_th: 0.4981736288124504,frac_lost: 0.106, li_recovered:  8.435, time: 0.012956840999322594
L: 0.50, u_super: 0.00085, sec: 47.465, prod: 0.017781, t_ads: 218.7, t_des: 190.2, bed_util_ads: 0.486, bed_util_des: 0.485, des_th: 0.48515098291281666,frac_lost: 0.101, li_recovered:  7.272, time: 0.011304663999908371
L: 0.50, u_super: 0.00196, sec: 106.377, prod: 0.043025, t_ads: 98.5, t_des: 85.4, bed_util_ads: 0.498, bed_util_des: 0.497, des_th: 0.4971967088776021,frac_lost: 0.109, li_recovered:  7.913, time: 0.014492405000055442
L: 0.50, u_super: 0.00183, sec: 99.418, prod: 0.039780, t_ads: 104.6, t_des: 89.5, bed_util_ads: 0.500, bed_util_des: 0.499, des_th: 0.49947100352762785,frac_lost: 0.102, li_recovered:  7.721, time: 0.01121718200010946
L: 0.50, u_super: 0.00465, sec: 255.046, prod: 0.104839, t_ads: 41.8, t_des: 38.2, bed_util_ads: 0.496, bed_util_des: 0.496, des_th: 0.4957772059973621,frac_lost: 0.105, li_recovered:  8.384, time: 0.012168216999270953
   580 |    23200 |     40 |  0.0012262404 |             f
L: 0.50, u_super: 0.00922, sec: 533.253, prod: 0.208598, t_ads: 21.2, t_des: 19.8, bed_util_ads: 0.496, bed_util_des: 0.496, des_th: 0.4963360975796292,frac_lost: 0.104, li_recovered:  8.539, time: 0.011265818000538275
L: 0.50, u_super: 0.00383, sec: 208.128, prod: 0.085868, t_ads: 50.8, t_des: 45.6, bed_util_ads: 0.499, bed_util_des: 0.498, des_th: 0.498385334488327,frac_lost: 0.106, li_recovered:  8.280, time: 0.013454043000820093
L: 1.72, u_super: 0.00322 — INFEASIBLE (li_recovered=0.000e+00), time: 0.006088848000217695
L: 55.61, u_super: 0.00687 — INFEASIBLE (li_recovered=0.000e+00), time: 0.0018464639997546328
L: 66.85, u_super: 0.00713 — INFEASIBLE (li_recovered=0.000e+00), time: 0.002051203999144491
L: 0.50, u_super: 0.00528, sec: 302.063, prod: 0.115050, t_ads: 36.7, t_des: 38.4, bed_util_ads: 0.479, bed_util_des: 0.479, des_th: 0.4790055766378352,frac_lost: 0.101, li_recovered:  8.642, time: 0.01002287399933266
L: 0.50, u_super: 0.00276, sec: 148.496, prod: 0.061787, t_ads: 69.8, t_des: 64.5, bed_util_ads: 0.493, bed_util_des: 0.493, des_th: 0.49273148928714394,frac_lost: 0.102, li_recovered:  8.295, time: 0.011206371000298532
L: 0.50, u_super: 0.00983, sec: 571.698, prod: 0.223062, t_ads: 19.8, t_des: 18.1, bed_util_ads: 0.500, bed_util_des: 0.499, des_th: 0.49949048002882296,frac_lost: 0.103, li_recovered:  8.456, time: 0.01103098200110253
L: 0.50, u_super: 0.00201, sec: 124.405, prod: 0.038536, t_ads: 95.9, t_des: 124.8, bed_util_ads: 0.446, bed_util_des: 0.444, des_th: 0.44413047004203277,frac_lost: 0.102, li_recovered:  8.505, time: 0.01590071899954637
L: 0.50, u_super: 0.00656, sec: 367.153, prod: 0.148558, t_ads: 29.5, t_des: 26.4, bed_util_ads: 0.500, bed_util_des: 0.500, des_th: 0.49986619484131906,frac_lost: 0.100, li_recovered:  8.304, time: 0.012553484999443754
L: 0.50, u_super: 0.00527, sec: 290.649, prod: 0.119048, t_ads: 36.8, t_des: 34.2, bed_util_ads: 0.495, bed_util_des: 0.495, des_th: 0.49487340943684704,frac_lost: 0.102, li_recovered:  8.451, time: 0.012315263000346022
L: 0.50, u_super: 0.00255, sec: 137.493, prod: 0.056744, t_ads: 75.6, t_des: 67.2, bed_util_ads: 0.497, bed_util_des: 0.497, des_th: 0.4972089078619439,frac_lost: 0.104, li_recovered:  8.101, time: 0.010356904998843675
L: 0.50, u_super: 0.00450, sec: 246.535, prod: 0.101183, t_ads: 43.3, t_des: 38.6, bed_util_ads: 0.500, bed_util_des: 0.500, des_th: 0.4997880293387363,frac_lost: 0.106, li_recovered:  8.287, time: 0.014071372999751475
L: 0.50, u_super: 0.00155, sec: 83.474, prod: 0.034062, t_ads: 123.6, t_des: 114.5, bed_util_ads: 0.487, bed_util_des: 0.486, des_th: 0.4861980521271192,frac_lost: 0.106, li_recovered:  8.109, time: 0.01247931400030211
L: 0.50, u_super: 0.00861, sec: 497.916, prod: 0.193415, t_ads: 22.7, t_des: 21.8, bed_util_ads: 0.492, bed_util_des: 0.492, des_th: 0.4919978314164968,frac_lost: 0.107, li_recovered:  8.611, time: 0.016524471999218804
L: 0.50, u_super: 0.00071 — INFEASIBLE (li_recovered=0.000e+00), time: 0.00612305100003141
L: 4.62, u_super: 0.00141 — INFEASIBLE (li_recovered=0.000e+00), time: 0.003302248000181862
L: 0.50, u_super: 0.00396, sec: 215.818, prod: 0.088665, t_ads: 49.1, t_des: 46.5, bed_util_ads: 0.491, bed_util_des: 0.491, des_th: 0.49104730117531015,frac_lost: 0.105, li_recovered:  8.474, time: 0.013370003000090946
L: 0.50, u_super: 0.00798, sec: 493.950, prod: 0.166061, t_ads: 24.6, t_des: 27.8, bed_util_ads: 0.470, bed_util_des: 0.470, des_th: 0.46987182806396743,frac_lost: 0.108, li_recovered:  8.706, time: 0.026032891999420826
L: 0.50, u_super: 0.00162, sec: 87.420, prod: 0.035763, t_ads: 117.5, t_des: 112.1, bed_util_ads: 0.485, bed_util_des: 0.484, des_th: 0.48406566669577145,frac_lost: 0.102, li_recovered:  8.213, time: 0.018700680000620196
L: 0.50, u_super: 0.00794, sec: 450.949, prod: 0.180271, t_ads: 24.4, t_des: 22.3, bed_util_ads: 0.499, bed_util_des: 0.498, des_th: 0.4984307980750054,frac_lost: 0.100, li_recovered:  8.424, time: 0.023419244000251638
L: 125.11, u_super: 0.00005 — INFEASIBLE (li_recovered=0.000e+00), time: 0.0025273499995819293
L: 0.50, u_super: 0.00491, sec: 270.027, prod: 0.110643, t_ads: 39.6, t_des: 35.4, bed_util_ads: 0.500, bed_util_des: 0.500, des_th: 0.4998935445397335,frac_lost: 0.104, li_recovered:  8.296, time: 0.022136432999104727
L: 0.50, u_super: 0.00399, sec: 217.226, prod: 0.089855, t_ads: 48.6, t_des: 44.4, bed_util_ads: 0.496, bed_util_des: 0.496, des_th: 0.4958823955194226,frac_lost: 0.104, li_recovered:  8.352, time: 0.012475203000576585
L: 0.50, u_super: 0.00525, sec: 304.495, prod: 0.112467, t_ads: 37.0, t_des: 40.0, bed_util_ads: 0.476, bed_util_des: 0.475, des_th: 0.4750078384475532,frac_lost: 0.101, li_recovered:  8.652, time: 0.013106821001201752
L: 0.50, u_super: 0.00115, sec: 63.727, prod: 0.024310, t_ads: 165.0, t_des: 139.2, bed_util_ads: 0.495, bed_util_des: 0.495, des_th: 0.49491389995474594,frac_lost: 0.106, li_recovered:  7.395, time: 0.011497166999106412
L: 0.50, u_super: 0.00236, sec: 131.077, prod: 0.051024, t_ads: 81.5, t_des: 85.0, bed_util_ads: 0.476, bed_util_des: 0.475, des_th: 0.47475324622930665,frac_lost: 0.103, li_recovered:  8.495, time: 0.013778628999716602
L: 0.50, u_super: 0.00861, sec: 503.495, prod: 0.191272, t_ads: 22.7, t_des: 22.5, bed_util_ads: 0.487, bed_util_des: 0.487, des_th: 0.486977054961231,frac_lost: 0.107, li_recovered:  8.663, time: 0.018557881001470378
L: 0.50, u_super: 0.00352, sec: 191.213, prod: 0.078988, t_ads: 55.1, t_des: 49.3, bed_util_ads: 0.498, bed_util_des: 0.498, des_th: 0.4981757196320973,frac_lost: 0.106, li_recovered:  8.243, time: 0.012081804999979795
L: 0.50, u_super: 0.00377, sec: 204.911, prod: 0.084423, t_ads: 51.7, t_des: 46.2, bed_util_ads: 0.498, bed_util_des: 0.498, des_th: 0.4979524178154496,frac_lost: 0.107, li_recovered:  8.263, time: 0.01025034099984623
L: 0.50, u_super: 0.00950, sec: 973.151, prod: 0.121931, t_ads: 20.7, t_des: 51.0, bed_util_ads: 0.376, bed_util_des: 0.375, des_th: 0.374812895877976,frac_lost: 0.108, li_recovered:  8.746, time: 0.02724217900140502
L: 0.50, u_super: 0.00586, sec: 324.991, prod: 0.132680, t_ads: 33.0, t_des: 30.7, bed_util_ads: 0.496, bed_util_des: 0.495, des_th: 0.495413846921428,frac_lost: 0.100, li_recovered:  8.452, time: 0.022624121000262676
L: 0.50, u_super: 0.00735, sec: 416.549, prod: 0.165870, t_ads: 26.6, t_des: 24.7, bed_util_ads: 0.496, bed_util_des: 0.496, des_th: 0.4957463152836116,frac_lost: 0.108, li_recovered:  8.519, time: 0.010645048998412676
L: 8.61, u_super: 0.00549 — INFEASIBLE (li_recovered=0.000e+00), time: 0.00790387500092038
L: 5.41, u_super: 0.00976 — INFEASIBLE (li_recovered=0.000e+00), time: 0.013536910999391694
L: 0.50, u_super: 0.00017, sec: 22.837, prod: 0.001474, t_ads: 1151.8, t_des: 4601.9, bed_util_ads: 0.252, bed_util_des: 0.186, des_th: 0.186204093964098,frac_lost: 0.100, li_recovered:  8.483, time: 0.036656213998867315
L: 0.50, u_super: 0.00113, sec: 61.481, prod: 0.024546, t_ads: 167.6, t_des: 154.4, bed_util_ads: 0.485, bed_util_des: 0.484, des_th: 0.48429752996430725,frac_lost: 0.106, li_recovered:  7.902, time: 0.011378622000847827
L: 0.50, u_super: 0.00797, sec: 456.220, prod: 0.179675, t_ads: 24.6, t_des: 23.0, bed_util_ads: 0.496, bed_util_des: 0.496, des_th: 0.49564143672768085,frac_lost: 0.109, li_recovered:  8.558, time: 0.01924698499897204
L: 0.50, u_super: 0.00990, sec: 576.488, prod: 0.224625, t_ads: 19.7, t_des: 17.9, bed_util_ads: 0.499, bed_util_des: 0.499, des_th: 0.4992103363015921,frac_lost: 0.104, li_recovered:  8.446, time: 0.010751563999292557
L: 0.50, u_super: 0.00950, sec: 550.668, prod: 0.215479, t_ads: 20.5, t_des: 18.9, bed_util_ads: 0.497, bed_util_des: 0.497, des_th: 0.4973134996796111,frac_lost: 0.103, li_recovered:  8.489, time: 0.014763151000806829
   581 |    23240 |     40 |  0.0025492749 |             f
L: 0.50, u_super: 0.00398, sec: 217.049, prod: 0.089065, t_ads: 48.9, t_des: 43.2, bed_util_ads: 0.500, bed_util_des: 0.500, des_th: 0.49960075154531064,frac_lost: 0.106, li_recovered:  8.203, time: 0.01989441200021247
L: 0.50, u_super: 0.00213, sec: 114.695, prod: 0.047161, t_ads: 90.6, t_des: 85.8, bed_util_ads: 0.488, bed_util_des: 0.488, des_th: 0.48773302504080607,frac_lost: 0.106, li_recovered:  8.322, time: 0.020378658999106847
L: 0.50, u_super: 0.00974, sec: 566.623, prod: 0.220913, t_ads: 20.0, t_des: 18.4, bed_util_ads: 0.497, bed_util_des: 0.497, des_th: 0.49684855596288635,frac_lost: 0.104, li_recovered:  8.494, time: 0.023942933999933302
L: 10.69, u_super: 0.00798 — INFEASIBLE (li_recovered=0.000e+00), time: 0.006796075000238488
L: 0.50, u_super: 0.00236, sec: 131.077, prod: 0.051024, t_ads: 81.5, t_des: 85.0, bed_util_ads: 0.476, bed_util_des: 0.475, des_th: 0.47475324622930665,frac_lost: 0.103, li_recovered:  8.495, time: 0.022023629999239347
L: 0.50, u_super: 0.00041, sec: 24.135, prod: 0.007944, t_ads: 443.0, t_des: 479.3, bed_util_ads: 0.439, bed_util_des: 0.433, des_th: 0.4331319337729692,frac_lost: 0.105, li_recovered:  7.327, time: 0.013467317001413903
L: 6.54, u_super: 0.00255 — INFEASIBLE (li_recovered=0.000e+00), time: 0.005740629001593334
L: 0.50, u_super: 0.00005, sec: 4.536, prod: 0.000638, t_ads: 2942.3, t_des: 4371.2, bed_util_ads: 0.255, bed_util_des: 0.210, des_th: 0.21075953166913364,frac_lost: 0.100, li_recovered:  4.668, time: 0.020810198999242857
L: 0.50, u_super: 0.00261, sec: 140.583, prod: 0.058332, t_ads: 73.9, t_des: 68.0, bed_util_ads: 0.493, bed_util_des: 0.492, des_th: 0.49251108126843246,frac_lost: 0.104, li_recovered:  8.276, time: 0.01951182099946891
L: 0.50, u_super: 0.00448, sec: 245.027, prod: 0.100960, t_ads: 43.3, t_des: 39.7, bed_util_ads: 0.496, bed_util_des: 0.495, des_th: 0.4954377385864126,frac_lost: 0.104, li_recovered:  8.388, time: 0.02152759300042817
L: 29.68, u_super: 0.00463 — INFEASIBLE (li_recovered=0.000e+00), time: 0.0025492400000075577
L: 29.78, u_super: 0.00248, sec: 13718.231, prod: 0.032014, t_ads: 3826.4, t_des: 6039.1, bed_util_ads: 0.244, bed_util_des: 0.185, des_th: 0.1851696623157332,frac_lost: 0.101, li_recovered:  315.834, time: 0.020860697999523836
L: 0.50, u_super: 0.00214, sec: 116.138, prod: 0.047069, t_ads: 90.3, t_des: 88.2, bed_util_ads: 0.485, bed_util_des: 0.484, des_th: 0.48375812618408914,frac_lost: 0.107, li_recovered:  8.402, time: 0.014708409000377287
L: 0.50, u_super: 0.00661, sec: 369.124, prod: 0.149703, t_ads: 29.3, t_des: 26.9, bed_util_ads: 0.497, bed_util_des: 0.497, des_th: 0.49678667014400496,frac_lost: 0.100, li_recovered:  8.417, time: 0.012007119999907445
L: 0.50, u_super: 0.00956, sec: 555.050, prod: 0.216642, t_ads: 20.5, t_des: 18.6, bed_util_ads: 0.499, bed_util_des: 0.499, des_th: 0.4988025140697077,frac_lost: 0.106, li_recovered:  8.452, time: 0.012170955000328831
L: 6.15, u_super: 0.00137 — INFEASIBLE (li_recovered=0.000e+00), time: 0.003985475999797927
L: 0.50, u_super: 0.00491, sec: 391.218, prod: 0.076368, t_ads: 39.9, t_des: 73.9, bed_util_ads: 0.409, bed_util_des: 0.407, des_th: 0.4068368465056434,frac_lost: 0.108, li_recovered:  8.696, time: 0.015724297998531256
L: 0.50, u_super: 0.00887, sec: 510.782, prod: 0.200871, t_ads: 22.0, t_des: 20.2, bed_util_ads: 0.497, bed_util_des: 0.497, des_th: 0.49733927674619877,frac_lost: 0.105, li_recovered:  8.491, time: 0.012360001999695669
L: 0.50, u_super: 0.00183, sec: 99.763, prod: 0.039929, t_ads: 104.4, t_des: 89.3, bed_util_ads: 0.499, bed_util_des: 0.499, des_th: 0.49904108022744836,frac_lost: 0.102, li_recovered:  7.732, time: 0.015280793000783888
L: 0.50, u_super: 0.00840, sec: 482.333, prod: 0.189679, t_ads: 23.3, t_des: 21.6, bed_util_ads: 0.496, bed_util_des: 0.496, des_th: 0.4959467756926698,frac_lost: 0.109, li_recovered:  8.530, time: 0.01232140800129855
L: 0.50, u_super: 0.00735, sec: 416.065, prod: 0.165865, t_ads: 26.6, t_des: 24.7, bed_util_ads: 0.495, bed_util_des: 0.495, des_th: 0.49525984101250475,frac_lost: 0.106, li_recovered:  8.519, time: 0.01299055799972848
L: 0.50, u_super: 0.00624, sec: 348.250, prod: 0.141121, t_ads: 31.1, t_des: 27.9, bed_util_ads: 0.500, bed_util_des: 0.499, des_th: 0.49941800771673645,frac_lost: 0.103, li_recovered:  8.324, time: 0.01299302000006719
L: 0.50, u_super: 0.00400, sec: 218.045, prod: 0.089576, t_ads: 48.7, t_des: 43.0, bed_util_ads: 0.500, bed_util_des: 0.499, des_th: 0.4994741778890222,frac_lost: 0.106, li_recovered:  8.214, time: 0.012179411000033724
L: 0.50, u_super: 0.00663, sec: 370.595, prod: 0.150068, t_ads: 29.3, t_des: 26.5, bed_util_ads: 0.498, bed_util_des: 0.498, des_th: 0.4981736288124504,frac_lost: 0.101, li_recovered:  8.370, time: 0.01546968899856438
L: 0.50, u_super: 0.00861, sec: 492.736, prod: 0.195448, t_ads: 22.5, t_des: 20.8, bed_util_ads: 0.497, bed_util_des: 0.497, des_th: 0.4967957085991295,frac_lost: 0.100, li_recovered:  8.474, time: 0.015899539001111407
L: 0.50, u_super: 0.00511, sec: 308.433, prod: 0.104994, t_ads: 37.9, t_des: 44.5, bed_util_ads: 0.465, bed_util_des: 0.464, des_th: 0.4644044546290347,frac_lost: 0.100, li_recovered:  8.657, time: 0.01527103199987323
L: 0.50, u_super: 0.00549, sec: 303.201, prod: 0.124151, t_ads: 35.3, t_des: 32.3, bed_util_ads: 0.496, bed_util_des: 0.496, des_th: 0.49622997427489707,frac_lost: 0.102, li_recovered:  8.400, time: 0.014919338000254356
L: 0.50, u_super: 0.00697, sec: 393.142, prod: 0.157477, t_ads: 28.1, t_des: 25.1, bed_util_ads: 0.500, bed_util_des: 0.500, des_th: 0.4995980471857095,frac_lost: 0.108, li_recovered:  8.381, time: 0.012753603999954066
L: 0.50, u_super: 0.00952, sec: 551.531, prod: 0.215995, t_ads: 20.5, t_des: 18.6, bed_util_ads: 0.498, bed_util_des: 0.498, des_th: 0.4982318715842295,frac_lost: 0.103, li_recovered:  8.443, time: 0.012596375001521665
L: 0.50, u_super: 0.00042 — INFEASIBLE (li_recovered=0.000e+00), time: 0.006659991000560694
L: 0.50, u_super: 0.00107, sec: 58.583, prod: 0.022883, t_ads: 176.3, t_des: 155.4, bed_util_ads: 0.489, bed_util_des: 0.488, des_th: 0.48819478545909806,frac_lost: 0.103, li_recovered:  7.591, time: 0.010162078000576003
L: 16.80, u_super: 0.00601 — INFEASIBLE (li_recovered=0.000e+00), time: 0.0031226139999489533
L: 0.50, u_super: 0.00540, sec: 297.762, prod: 0.121891, t_ads: 36.0, t_des: 32.6, bed_util_ads: 0.497, bed_util_des: 0.497, des_th: 0.497306781102213,frac_lost: 0.103, li_recovered:  8.362, time: 0.009964656999727595
L: 26.34, u_super: 0.00705 — INFEASIBLE (li_recovered=0.000e+00), time: 0.0019550920005713124
L: 0.50, u_super: 0.00572, sec: 316.930, prod: 0.129082, t_ads: 34.0, t_des: 30.4, bed_util_ads: 0.500, bed_util_des: 0.500, des_th: 0.49992850944361633,frac_lost: 0.103, li_recovered:  8.311, time: 0.0079003160008142
L: 0.50, u_super: 0.00274, sec: 147.158, prod: 0.061128, t_ads: 70.5, t_des: 64.2, bed_util_ads: 0.494, bed_util_des: 0.493, des_th: 0.4933675432506032,frac_lost: 0.103, li_recovered:  8.235, time: 0.008628672001577797
L: 0.50, u_super: 0.00450, sec: 248.937, prod: 0.100207, t_ads: 43.2, t_des: 42.2, bed_util_ads: 0.487, bed_util_des: 0.487, des_th: 0.4868054155377932,frac_lost: 0.105, li_recovered:  8.565, time: 0.009031592000610544
L: 0.50, u_super: 0.00006 — INFEASIBLE (li_recovered=0.000e+00), time: 0.001494019999881857
L: 0.50, u_super: 0.00399, sec: 217.582, prod: 0.089708, t_ads: 48.6, t_des: 43.4, bed_util_ads: 0.498, bed_util_des: 0.498, des_th: 0.4977974860387108,frac_lost: 0.105, li_recovered:  8.255, time: 0.00798945800124784
L: 0.50, u_super: 0.00817, sec: 597.118, prod: 0.144632, t_ads: 23.9, t_des: 36.4, bed_util_ads: 0.434, bed_util_des: 0.433, des_th: 0.43346872463942593,frac_lost: 0.105, li_recovered:  8.717, time: 0.008708741999726044
   582 |    23280 |     40 |  0.0010703845 |             f
L: 0.50, u_super: 0.00694, sec: 392.143, prod: 0.156117, t_ads: 28.3, t_des: 26.5, bed_util_ads: 0.494, bed_util_des: 0.494, des_th: 0.49417434621941875,frac_lost: 0.109, li_recovered:  8.548, time: 0.008385950999581837
L: 0.50, u_super: 0.00213, sec: 114.695, prod: 0.047161, t_ads: 90.6, t_des: 85.8, bed_util_ads: 0.488, bed_util_des: 0.488, des_th: 0.48773302504080607,frac_lost: 0.106, li_recovered:  8.322, time: 0.008313576998261851
L: 0.50, u_super: 0.00491, sec: 269.982, prod: 0.110661, t_ads: 39.5, t_des: 35.3, bed_util_ads: 0.500, bed_util_des: 0.500, des_th: 0.4999297043066638,frac_lost: 0.103, li_recovered:  8.281, time: 0.009472920000916929
L: 0.50, u_super: 0.00136, sec: 75.270, prod: 0.029122, t_ads: 138.8, t_des: 116.8, bed_util_ads: 0.497, bed_util_des: 0.497, des_th: 0.4970529395606211,frac_lost: 0.101, li_recovered:  7.443, time: 0.009766654000486596
L: 11.71, u_super: 0.00694 — INFEASIBLE (li_recovered=0.000e+00), time: 0.004835227000512532
L: 0.50, u_super: 0.00128, sec: 69.423, prod: 0.027821, t_ads: 148.1, t_des: 132.7, bed_util_ads: 0.489, bed_util_des: 0.488, des_th: 0.48841304930129,frac_lost: 0.103, li_recovered:  7.813, time: 0.009400099999766098
L: 0.50, u_super: 0.00524, sec: 288.760, prod: 0.118415, t_ads: 37.0, t_des: 33.6, bed_util_ads: 0.498, bed_util_des: 0.498, des_th: 0.4979524178154496,frac_lost: 0.102, li_recovered:  8.357, time: 0.01000425200072641
L: 0.50, u_super: 0.00107, sec: 58.583, prod: 0.022883, t_ads: 176.3, t_des: 155.4, bed_util_ads: 0.489, bed_util_des: 0.488, des_th: 0.48819478545909806,frac_lost: 0.103, li_recovered:  7.591, time: 0.010107971000252292
L: 14.88, u_super: 0.00572 — INFEASIBLE (li_recovered=0.000e+00), time: 0.003640101000200957
L: 29.31, u_super: 0.00352 — INFEASIBLE (li_recovered=0.000e+00), time: 0.00205945800007612
L: 0.50, u_super: 0.00838, sec: 479.654, prod: 0.189845, t_ads: 23.3, t_des: 21.1, bed_util_ads: 0.499, bed_util_des: 0.499, des_th: 0.4992506900780772,frac_lost: 0.105, li_recovered:  8.439, time: 0.008901774999685585
L: 0.50, u_super: 0.00990, sec: 577.265, prod: 0.224325, t_ads: 19.8, t_des: 17.9, bed_util_ads: 0.500, bed_util_des: 0.500, des_th: 0.4997024061439676,frac_lost: 0.106, li_recovered:  8.448, time: 0.010209886999291484
L: 0.50, u_super: 0.00005 — INFEASIBLE (li_recovered=0.000e+00), time: 0.001813171000321745
L: 0.50, u_super: 0.00841, sec: 612.753, prod: 0.149614, t_ads: 23.2, t_des: 35.1, bed_util_ads: 0.435, bed_util_des: 0.434, des_th: 0.4342599070749112,frac_lost: 0.103, li_recovered:  8.716, time: 0.010825762001331896
L: 0.50, u_super: 0.00663, sec: 372.255, prod: 0.149399, t_ads: 29.6, t_des: 27.1, bed_util_ads: 0.498, bed_util_des: 0.498, des_th: 0.4975778003022595,frac_lost: 0.109, li_recovered:  8.475, time: 0.008757065001191222
L: 0.50, u_super: 0.00308, sec: 166.143, prod: 0.069020, t_ads: 62.6, t_des: 56.3, bed_util_ads: 0.497, bed_util_des: 0.496, des_th: 0.496535031844173,frac_lost: 0.101, li_recovered:  8.204, time: 0.008107268999083317
L: 0.50, u_super: 0.00861, sec: 495.235, prod: 0.194462, t_ads: 22.8, t_des: 21.1, bed_util_ads: 0.497, bed_util_des: 0.497, des_th: 0.4967938581664883,frac_lost: 0.108, li_recovered:  8.526, time: 0.008603226000559516
L: 0.50, u_super: 0.00642, sec: 358.278, prod: 0.145326, t_ads: 30.2, t_des: 27.3, bed_util_ads: 0.499, bed_util_des: 0.499, des_th: 0.4993636716765409,frac_lost: 0.101, li_recovered:  8.356, time: 0.006349294999381527
L: 0.50, u_super: 0.00448, sec: 248.038, prod: 0.099735, t_ads: 43.4, t_des: 42.5, bed_util_ads: 0.487, bed_util_des: 0.487, des_th: 0.48675898759940406,frac_lost: 0.105, li_recovered:  8.568, time: 0.008139264000419644
L: 0.50, u_super: 0.00108, sec: 59.071, prod: 0.023298, t_ads: 173.8, t_des: 155.6, bed_util_ads: 0.487, bed_util_des: 0.486, des_th: 0.4862553405090136,frac_lost: 0.101, li_recovered:  7.674, time: 0.005207861000599223
L: 0.50, u_super: 0.00990, sec: 576.581, prod: 0.224592, t_ads: 19.7, t_des: 17.9, bed_util_ads: 0.500, bed_util_des: 0.499, des_th: 0.4994226057593937,frac_lost: 0.104, li_recovered:  8.450, time: 0.005202122001719545
L: 0.50, u_super: 0.00352, sec: 191.213, prod: 0.078988, t_ads: 55.1, t_des: 49.3, bed_util_ads: 0.498, bed_util_des: 0.498, des_th: 0.4981757196320973,frac_lost: 0.106, li_recovered:  8.243, time: 0.009147848000793601
L: 0.50, u_super: 0.00066, sec: 183.329, prod: 0.002808, t_ads: 298.1, t_des: 2835.7, bed_util_ads: 0.217, bed_util_des: 0.185, des_th: 0.1851696623157332,frac_lost: 0.103, li_recovered:  8.799, time: 0.041862852000122075
L: 0.50, u_super: 0.00300, sec: 161.685, prod: 0.066972, t_ads: 64.3, t_des: 57.3, bed_util_ads: 0.498, bed_util_des: 0.498, des_th: 0.4981092252346873,frac_lost: 0.101, li_recovered:  8.145, time: 0.008063070001298911
L: 0.50, u_super: 0.00377, sec: 207.338, prod: 0.083610, t_ads: 51.5, t_des: 50.7, bed_util_ads: 0.487, bed_util_des: 0.486, des_th: 0.48607530166787655,frac_lost: 0.105, li_recovered:  8.546, time: 0.010716913000578643
L: 0.50, u_super: 0.00861, sec: 492.736, prod: 0.195448, t_ads: 22.5, t_des: 20.8, bed_util_ads: 0.497, bed_util_des: 0.497, des_th: 0.4967957085991295,frac_lost: 0.100, li_recovered:  8.474, time: 0.008505634999892209
L: 16.87, u_super: 0.00334 — INFEASIBLE (li_recovered=0.000e+00), time: 0.0024601879995316267
L: 0.50, u_super: 0.00735, sec: 416.065, prod: 0.165865, t_ads: 26.6, t_des: 24.7, bed_util_ads: 0.495, bed_util_des: 0.495, des_th: 0.49525984101250475,frac_lost: 0.106, li_recovered:  8.519, time: 0.0070118909989105305
L: 0.50, u_super: 0.00525, sec: 289.166, prod: 0.118507, t_ads: 37.0, t_des: 33.5, bed_util_ads: 0.498, bed_util_des: 0.498, des_th: 0.4979524178154496,frac_lost: 0.103, li_recovered:  8.355, time: 0.005640688999847043
L: 0.50, u_super: 0.00565, sec: 2928.991, prod: 0.013638, t_ads: 34.7, t_des: 609.3, bed_util_ads: 0.183, bed_util_des: 0.179, des_th: 0.17866149285910637,frac_lost: 0.102, li_recovered:  8.782, time: 0.06327220699859026
L: 3.38, u_super: 0.00355, sec: 1424.655, prod: 0.072590, t_ads: 347.1, t_des: 334.7, bed_util_ads: 0.462, bed_util_des: 0.460, des_th: 0.46004706117209837,frac_lost: 0.106, li_recovered:  49.491, time: 0.006325398000626592
L: 8.78, u_super: 0.00108 — INFEASIBLE (li_recovered=0.000e+00), time: 0.0015409699990414083
L: 0.50, u_super: 0.00225, sec: 120.997, prod: 0.049956, t_ads: 85.6, t_des: 80.9, bed_util_ads: 0.488, bed_util_des: 0.488, des_th: 0.48773302504080607,frac_lost: 0.104, li_recovered:  8.322, time: 0.008602099998824997
L: 0.50, u_super: 0.00278, sec: 155.066, prod: 0.059778, t_ads: 69.5, t_des: 73.3, bed_util_ads: 0.476, bed_util_des: 0.475, des_th: 0.47475324622930665,frac_lost: 0.102, li_recovered:  8.539, time: 0.008567892000428401
L: 0.50, u_super: 0.00925, sec: 535.205, prod: 0.209716, t_ads: 21.1, t_des: 19.2, bed_util_ads: 0.500, bed_util_des: 0.499, des_th: 0.4994831057845017,frac_lost: 0.105, li_recovered:  8.453, time: 0.007159442000556737
L: 0.50, u_super: 0.00183, sec: 98.562, prod: 0.040416, t_ads: 105.3, t_des: 96.1, bed_util_ads: 0.491, bed_util_des: 0.491, des_th: 0.49088455002059106,frac_lost: 0.108, li_recovered:  8.141, time: 0.006611373000851017
L: 0.50, u_super: 0.00687, sec: 386.638, prod: 0.155383, t_ads: 28.4, t_des: 25.6, bed_util_ads: 0.500, bed_util_des: 0.500, des_th: 0.499744887973141,frac_lost: 0.106, li_recovered:  8.389, time: 0.007664835000468884
L: 0.50, u_super: 0.00424, sec: 1629.693, prod: 0.013537, t_ads: 46.3, t_des: 602.3, bed_util_ads: 0.206, bed_util_des: 0.200, des_th: 0.20026277710001997,frac_lost: 0.104, li_recovered:  8.780, time: 0.045466620998922735
L: 0.50, u_super: 0.00975, sec: 569.070, prod: 0.220402, t_ads: 20.0, t_des: 18.9, bed_util_ads: 0.495, bed_util_des: 0.495, des_th: 0.49525984101250475,frac_lost: 0.105, li_recovered:  8.574, time: 0.007543223000539001
L: 0.50, u_super: 0.00038 — INFEASIBLE (li_recovered=0.000e+00), time: 0.003048077998755616
   583 |    23320 |     40 |  0.0027377561 |             f
L: 0.50, u_super: 0.00164, sec: 89.976, prod: 0.035356, t_ads: 116.8, t_des: 98.3, bed_util_ads: 0.500, bed_util_des: 0.500, des_th: 0.4997880293387363,frac_lost: 0.106, li_recovered:  7.607, time: 0.005479909001223859
L: 0.50, u_super: 0.00399, sec: 217.286, prod: 0.089489, t_ads: 48.8, t_des: 43.6, bed_util_ads: 0.499, bed_util_des: 0.498, des_th: 0.498436054033469,frac_lost: 0.106, li_recovered:  8.264, time: 0.004306883000026573
L: 0.50, u_super: 0.00861, sec: 492.736, prod: 0.195448, t_ads: 22.5, t_des: 20.8, bed_util_ads: 0.497, bed_util_des: 0.497, des_th: 0.4967957085991295,frac_lost: 0.100, li_recovered:  8.474, time: 0.0061214620000100695
L: 0.50, u_super: 0.00107, sec: 60.116, prod: 0.022578, t_ads: 174.5, t_des: 146.2, bed_util_ads: 0.494, bed_util_des: 0.494, des_th: 0.4938338054265706,frac_lost: 0.101, li_recovered:  7.242, time: 0.004388713001389988
L: 4.86, u_super: 0.00793, sec: 4802.974, prod: 0.163805, t_ads: 227.5, t_des: 192.6, bed_util_ads: 0.489, bed_util_des: 0.489, des_th: 0.48891268911085445,frac_lost: 0.103, li_recovered:  68.818, time: 0.008107609999569831
L: 0.50, u_super: 0.00404, sec: 220.324, prod: 0.090745, t_ads: 48.1, t_des: 43.0, bed_util_ads: 0.498, bed_util_des: 0.498, des_th: 0.49822143223180776,frac_lost: 0.106, li_recovered:  8.270, time: 0.005441815999802202
L: 0.50, u_super: 0.00236, sec: 127.027, prod: 0.052651, t_ads: 81.6, t_des: 75.3, bed_util_ads: 0.492, bed_util_des: 0.491, des_th: 0.49133438052276074,frac_lost: 0.104, li_recovered:  8.259, time: 0.005885680000574212
L: 0.50, u_super: 0.00278, sec: 155.871, prod: 0.059470, t_ads: 69.6, t_des: 74.1, bed_util_ads: 0.475, bed_util_des: 0.474, des_th: 0.4741800367448711,frac_lost: 0.102, li_recovered:  8.545, time: 0.005148461999851861
L: 0.50, u_super: 0.00448, sec: 245.746, prod: 0.100665, t_ads: 43.4, t_des: 38.3, bed_util_ads: 0.500, bed_util_des: 0.500, des_th: 0.49999204348193715,frac_lost: 0.105, li_recovered:  8.217, time: 0.005905866999455611
L: 18.64, u_super: 0.00500 — INFEASIBLE (li_recovered=0.000e+00), time: 0.001912436000566231
L: 0.50, u_super: 0.00200, sec: 107.039, prod: 0.044355, t_ads: 95.8, t_des: 89.1, bed_util_ads: 0.489, bed_util_des: 0.489, des_th: 0.48859564007019896,frac_lost: 0.100, li_recovered:  8.198, time: 0.004503422000198043
L: 0.50, u_super: 0.00357, sec: 193.939, prod: 0.079854, t_ads: 54.6, t_des: 48.7, bed_util_ads: 0.498, bed_util_des: 0.498, des_th: 0.4982314143287463,frac_lost: 0.109, li_recovered:  8.250, time: 0.006665372000497882
L: 0.50, u_super: 0.00448, sec: 245.584, prod: 0.100803, t_ads: 43.4, t_des: 38.7, bed_util_ads: 0.499, bed_util_des: 0.499, des_th: 0.49930551596290856,frac_lost: 0.106, li_recovered:  8.276, time: 0.005037547000029008
L: 0.50, u_super: 0.00005, sec: 4.340, prod: 0.000667, t_ads: 3554.7, t_des: 6465.7, bed_util_ads: 0.248, bed_util_des: 0.173, des_th: 0.1734477220031285,frac_lost: 0.102, li_recovered:  6.684, time: 0.009845508999205776
L: 0.50, u_super: 0.00796, sec: 452.645, prod: 0.180666, t_ads: 24.4, t_des: 22.0, bed_util_ads: 0.500, bed_util_des: 0.500, des_th: 0.49989460486630055,frac_lost: 0.101, li_recovered:  8.375, time: 0.006895509999594651
L: 0.50, u_super: 0.00254, sec: 141.285, prod: 0.054558, t_ads: 76.1, t_des: 80.1, bed_util_ads: 0.476, bed_util_des: 0.475, des_th: 0.4748770753616801,frac_lost: 0.103, li_recovered:  8.518, time: 0.005696330001228489
L: 0.50, u_super: 0.00416, sec: 228.770, prod: 0.092830, t_ads: 46.7, t_des: 45.2, bed_util_ads: 0.489, bed_util_des: 0.488, des_th: 0.48819478545909806,frac_lost: 0.105, li_recovered:  8.536, time: 0.005479490999277914
L: 19.56, u_super: 0.00184 — INFEASIBLE (li_recovered=0.000e+00), time: 0.0008773249992373167
L: 0.50, u_super: 0.00073, sec: 44.192, prod: 0.014036, t_ads: 258.1, t_des: 314.6, bed_util_ads: 0.440, bed_util_des: 0.435, des_th: 0.435127867965109,frac_lost: 0.105, li_recovered:  8.039, time: 0.006050037000022712
L: 60.68, u_super: 0.00556 — INFEASIBLE (li_recovered=0.000e+00), time: 0.001484107999203843
L: 0.64, u_super: 0.00948, sec: 704.404, prod: 0.214981, t_ads: 26.2, t_des: 24.3, bed_util_ads: 0.496, bed_util_des: 0.496, des_th: 0.49585763094670393,frac_lost: 0.101, li_recovered:  10.862, time: 0.004989058999854024
L: 0.50, u_super: 0.00799, sec: 455.955, prod: 0.180558, t_ads: 24.5, t_des: 22.3, bed_util_ads: 0.499, bed_util_des: 0.498, des_th: 0.4984307980750054,frac_lost: 0.109, li_recovered:  8.451, time: 0.004494475999308634
L: 0.71, u_super: 0.00005, sec: 6.896, prod: 0.000595, t_ads: 3963.9, t_des: 5803.1, bed_util_ads: 0.231, bed_util_des: 0.184, des_th: 0.1851696623157332,frac_lost: 0.101, li_recovered:  5.813, time: 0.006099008000091999
L: 0.50, u_super: 0.00616, sec: 343.012, prod: 0.139424, t_ads: 31.5, t_des: 28.5, bed_util_ads: 0.499, bed_util_des: 0.499, des_th: 0.4989968084758336,frac_lost: 0.102, li_recovered:  8.366, time: 0.004753481000079773
L: 0.50, u_super: 0.00927, sec: 535.859, prod: 0.210222, t_ads: 21.0, t_des: 19.1, bed_util_ads: 0.499, bed_util_des: 0.499, des_th: 0.49937229465900446,frac_lost: 0.104, li_recovered:  8.444, time: 0.0052352460006659385
L: 4.37, u_super: 0.00979 — INFEASIBLE (li_recovered=0.000e+00), time: 0.003873527999530779
L: 25.02, u_super: 0.00183 — INFEASIBLE (li_recovered=0.000e+00), time: 0.0008361350010090973
L: 0.50, u_super: 0.00063, sec: 35.505, prod: 0.012883, t_ads: 293.8, t_des: 264.0, bed_util_ads: 0.476, bed_util_des: 0.475, des_th: 0.4747595124052608,frac_lost: 0.105, li_recovered:  7.186, time: 0.00401574200077448
L: 0.50, u_super: 0.00491, sec: 269.710, prod: 0.110773, t_ads: 39.5, t_des: 36.7, bed_util_ads: 0.496, bed_util_des: 0.495, des_th: 0.4953011213751293,frac_lost: 0.103, li_recovered:  8.440, time: 0.005789954000647413
L: 0.50, u_super: 0.00851, sec: 488.528, prod: 0.192647, t_ads: 23.0, t_des: 21.0, bed_util_ads: 0.498, bed_util_des: 0.498, des_th: 0.4983657102680471,frac_lost: 0.107, li_recovered:  8.483, time: 0.004558520000500721
L: 0.50, u_super: 0.00694, sec: 389.626, prod: 0.157224, t_ads: 28.0, t_des: 25.4, bed_util_ads: 0.500, bed_util_des: 0.499, des_th: 0.4993982235021468,frac_lost: 0.102, li_recovered:  8.388, time: 0.005783503000202472
L: 0.50, u_super: 0.00571, sec: 316.492, prod: 0.129188, t_ads: 33.9, t_des: 31.5, bed_util_ads: 0.496, bed_util_des: 0.495, des_th: 0.4954377385864126,frac_lost: 0.102, li_recovered:  8.461, time: 0.0043228560007264605
L: 0.50, u_super: 0.00861, sec: 494.546, prod: 0.194733, t_ads: 22.7, t_des: 20.9, bed_util_ads: 0.498, bed_util_des: 0.498, des_th: 0.49758627071324735,frac_lost: 0.107, li_recovered:  8.491, time: 0.007680160999370855
L: 0.50, u_super: 0.00041 — INFEASIBLE (li_recovered=0.000e+00), time: 0.0024367549995076843
L: 54.44, u_super: 0.00966 — INFEASIBLE (li_recovered=0.000e+00), time: 0.0010580790003587026
L: 26.58, u_super: 0.00057 — INFEASIBLE (li_recovered=0.000e+00), time: 0.0007037619998300215
L: 0.50, u_super: 0.00235, sec: 126.440, prod: 0.052366, t_ads: 82.0, t_des: 75.6, bed_util_ads: 0.491, bed_util_des: 0.491, des_th: 0.49088455002059106,frac_lost: 0.105, li_recovered:  8.253, time: 0.005135816001711646
L: 0.50, u_super: 0.00925, sec: 534.635, prod: 0.209515, t_ads: 21.1, t_des: 19.4, bed_util_ads: 0.497, bed_util_des: 0.497, des_th: 0.49715741214465087,frac_lost: 0.105, li_recovered:  8.484, time: 0.005493399999977555
L: 0.50, u_super: 0.00525, sec: 288.778, prod: 0.118588, t_ads: 36.9, t_des: 33.9, bed_util_ads: 0.496, bed_util_des: 0.495, des_th: 0.4954665393607357,frac_lost: 0.101, li_recovered:  8.399, time: 0.004967050999766798
L: 3.50, u_super: 0.00036 — INFEASIBLE (li_recovered=0.000e+00), time: 0.0014061729998502415
   584 |    23360 |     40 |  0.0022982042 |             f
L: 0.50, u_super: 0.00136, sec: 75.248, prod: 0.029130, t_ads: 138.8, t_des: 116.8, bed_util_ads: 0.498, bed_util_des: 0.498, des_th: 0.4982782050623811,frac_lost: 0.101, li_recovered:  7.447, time: 0.004254352999851108
L: 0.50, u_super: 0.00341, sec: 184.739, prod: 0.076303, t_ads: 57.0, t_des: 51.0, bed_util_ads: 0.498, bed_util_des: 0.498, des_th: 0.4982477057841873,frac_lost: 0.106, li_recovered:  8.240, time: 0.004398728000523988
L: 0.50, u_super: 0.00732, sec: 414.252, prod: 0.165601, t_ads: 26.7, t_des: 24.2, bed_util_ads: 0.499, bed_util_des: 0.499, des_th: 0.49930551596290856,frac_lost: 0.107, li_recovered:  8.429, time: 0.007993270999577362
L: 0.50, u_super: 0.00990, sec: 612.555, prod: 0.211399, t_ads: 19.7, t_des: 21.5, bed_util_ads: 0.476, bed_util_des: 0.475, des_th: 0.47537161815394774,frac_lost: 0.102, li_recovered:  8.710, time: 0.009258124000552925
L: 0.50, u_super: 0.00106, sec: 57.938, prod: 0.022637, t_ads: 177.7, t_des: 157.1, bed_util_ads: 0.488, bed_util_des: 0.488, des_th: 0.48773302504080607,frac_lost: 0.101, li_recovered:  7.579, time: 0.007599048998599756
L: 30.53, u_super: 0.00590 — INFEASIBLE (li_recovered=0.000e+00), time: 0.0018413809993944596
L: 0.50, u_super: 0.00643, sec: 359.488, prod: 0.145479, t_ads: 30.2, t_des: 27.0, bed_util_ads: 0.499, bed_util_des: 0.499, des_th: 0.4993636716765409,frac_lost: 0.102, li_recovered:  8.324, time: 0.008342471999640111
L: 0.50, u_super: 0.00128, sec: 71.744, prod: 0.026839, t_ads: 148.8, t_des: 121.3, bed_util_ads: 0.500, bed_util_des: 0.500, des_th: 0.49979790428861925,frac_lost: 0.106, li_recovered:  7.249, time: 0.006013436001012451
L: 0.50, u_super: 0.00798, sec: 4059.156, prod: 0.020208, t_ads: 24.5, t_des: 409.9, bed_util_ads: 0.188, bed_util_des: 0.185, des_th: 0.18471544885031269,frac_lost: 0.102, li_recovered:  8.780, time: 0.05524901900025725
L: 37.67, u_super: 0.00448 — INFEASIBLE (li_recovered=0.000e+00), time: 0.001778854000804131
L: 0.50, u_super: 0.00079, sec: 44.812, prod: 0.016239, t_ads: 235.3, t_des: 199.2, bed_util_ads: 0.488, bed_util_des: 0.488, des_th: 0.48819478545909806,frac_lost: 0.103, li_recovered:  7.055, time: 0.008696696000697557
L: 8.32, u_super: 0.00583 — INFEASIBLE (li_recovered=0.000e+00), time: 0.004917526999633992
L: 0.50, u_super: 0.00762, sec: 521.949, prod: 0.142686, t_ads: 25.7, t_des: 35.4, bed_util_ads: 0.446, bed_util_des: 0.445, des_th: 0.4453469576803246,frac_lost: 0.106, li_recovered:  8.709, time: 0.010289951000231667
L: 0.50, u_super: 0.00642, sec: 358.861, prod: 0.145090, t_ads: 30.3, t_des: 27.0, bed_util_ads: 0.500, bed_util_des: 0.500, des_th: 0.49979776029844214,frac_lost: 0.102, li_recovered:  8.306, time: 0.007579560000522179
L: 0.50, u_super: 0.00416, sec: 227.049, prod: 0.093534, t_ads: 46.8, t_des: 42.3, bed_util_ads: 0.497, bed_util_des: 0.497, des_th: 0.49652365577766744,frac_lost: 0.106, li_recovered:  8.337, time: 0.0067345909992582165
L: 0.50, u_super: 0.00990, sec: 576.755, prod: 0.224525, t_ads: 19.7, t_des: 17.9, bed_util_ads: 0.500, bed_util_des: 0.499, des_th: 0.49941800771673645,frac_lost: 0.105, li_recovered:  8.455, time: 0.00806088399986038
L: 4.49, u_super: 0.00286 — INFEASIBLE (li_recovered=0.000e+00), time: 0.003297434999694815
L: 0.50, u_super: 0.00838, sec: 479.654, prod: 0.189845, t_ads: 23.3, t_des: 21.1, bed_util_ads: 0.499, bed_util_des: 0.499, des_th: 0.4992506900780772,frac_lost: 0.105, li_recovered:  8.439, time: 0.007229216000268934
L: 0.50, u_super: 0.00165, sec: 90.082, prod: 0.035785, t_ads: 115.9, t_des: 99.0, bed_util_ads: 0.497, bed_util_des: 0.497, des_th: 0.49724853995677387,frac_lost: 0.104, li_recovered:  7.688, time: 0.0067371659988566535
L: 8.61, u_super: 0.00663 — INFEASIBLE (li_recovered=0.000e+00), time: 0.004167540000707959
L: 0.66, u_super: 0.00308, sec: 222.909, prod: 0.068338, t_ads: 83.3, t_des: 74.0, bed_util_ads: 0.497, bed_util_des: 0.496, des_th: 0.496535031844173,frac_lost: 0.106, li_recovered:  10.747, time: 0.009112292000281741
L: 0.50, u_super: 0.00610, sec: 338.730, prod: 0.138119, t_ads: 31.8, t_des: 29.2, bed_util_ads: 0.497, bed_util_des: 0.497, des_th: 0.4967744789910046,frac_lost: 0.100, li_recovered:  8.415, time: 0.006141599000329734
L: 0.50, u_super: 0.00574, sec: 317.684, prod: 0.129753, t_ads: 33.8, t_des: 31.0, bed_util_ads: 0.496, bed_util_des: 0.496, des_th: 0.4961443347232764,frac_lost: 0.102, li_recovered:  8.415, time: 0.007368991000475944
L: 0.50, u_super: 0.00210, sec: 114.140, prod: 0.046077, t_ads: 91.9, t_des: 79.0, bed_util_ads: 0.500, bed_util_des: 0.500, des_th: 0.49987266926061585,frac_lost: 0.107, li_recovered:  7.873, time: 0.010956858999634278
L: 12.31, u_super: 0.00214 — INFEASIBLE (li_recovered=0.000e+00), time: 0.0021856890016351826
L: 0.50, u_super: 0.00495, sec: 272.710, prod: 0.111474, t_ads: 39.2, t_des: 34.6, bed_util_ads: 0.500, bed_util_des: 0.500, des_th: 0.4999952694966066,frac_lost: 0.103, li_recovered:  8.224, time: 0.011829794999357546
L: 0.50, u_super: 0.00697, sec: 392.842, prod: 0.157338, t_ads: 28.1, t_des: 25.2, bed_util_ads: 0.500, bed_util_des: 0.499, des_th: 0.4994539191306997,frac_lost: 0.108, li_recovered:  8.390, time: 0.009218166000209749
L: 0.50, u_super: 0.00969, sec: 563.247, prod: 0.219685, t_ads: 20.2, t_des: 18.5, bed_util_ads: 0.497, bed_util_des: 0.497, des_th: 0.4972993953411379,frac_lost: 0.105, li_recovered:  8.494, time: 0.007142559999920195
L: 0.50, u_super: 0.00005 — INFEASIBLE (li_recovered=0.000e+00), time: 0.0021526239997911034
L: 0.50, u_super: 0.00974, sec: 566.315, prod: 0.221034, t_ads: 20.0, t_des: 18.4, bed_util_ads: 0.498, bed_util_des: 0.498, des_th: 0.4979883837063691,frac_lost: 0.103, li_recovered:  8.486, time: 0.008003478998944047
L: 0.50, u_super: 0.00939, sec: 544.699, prod: 0.212287, t_ads: 20.9, t_des: 19.3, bed_util_ads: 0.497, bed_util_des: 0.497, des_th: 0.4971648595795437,frac_lost: 0.107, li_recovered:  8.532, time: 0.007403022998914821
L: 7.77, u_super: 0.00894 — INFEASIBLE (li_recovered=0.000e+00), time: 0.004644714001187822
L: 0.50, u_super: 0.00537, sec: 302.308, prod: 0.119069, t_ads: 36.1, t_des: 36.3, bed_util_ads: 0.485, bed_util_des: 0.484, des_th: 0.48438000463062186,frac_lost: 0.101, li_recovered:  8.617, time: 0.008219569001084892
L: 0.50, u_super: 0.00308, sec: 166.246, prod: 0.068977, t_ads: 62.6, t_des: 59.1, bed_util_ads: 0.490, bed_util_des: 0.490, des_th: 0.48989778969906833,frac_lost: 0.101, li_recovered:  8.393, time: 0.006098342999393935
L: 0.50, u_super: 0.00491, sec: 270.217, prod: 0.110565, t_ads: 39.6, t_des: 35.3, bed_util_ads: 0.499, bed_util_des: 0.499, des_th: 0.4990869400762164,frac_lost: 0.105, li_recovered:  8.277, time: 0.007894902999396436
L: 0.50, u_super: 0.00668, sec: 374.551, prod: 0.151215, t_ads: 29.0, t_des: 25.9, bed_util_ads: 0.500, bed_util_des: 0.499, des_th: 0.4994539191306997,frac_lost: 0.101, li_recovered:  8.316, time: 0.008419592000791454
L: 0.50, u_super: 0.00616, sec: 342.945, prod: 0.139451, t_ads: 31.5, t_des: 28.5, bed_util_ads: 0.499, bed_util_des: 0.499, des_th: 0.49874071519005136,frac_lost: 0.102, li_recovered:  8.368, time: 0.007456941999407718
L: 0.50, u_super: 0.00742, sec: 420.527, prod: 0.167564, t_ads: 26.4, t_des: 24.5, bed_util_ads: 0.496, bed_util_des: 0.496, des_th: 0.4957463152836116,frac_lost: 0.106, li_recovered:  8.516, time: 0.009275884000089718
L: 0.50, u_super: 0.00934, sec: 542.519, prod: 0.211128, t_ads: 20.9, t_des: 19.6, bed_util_ads: 0.495, bed_util_des: 0.495, des_th: 0.49519384442082576,frac_lost: 0.106, li_recovered:  8.565, time: 0.007268210998518043
L: 0.50, u_super: 0.00487, sec: 267.509, prod: 0.109715, t_ads: 39.9, t_des: 35.6, bed_util_ads: 0.500, bed_util_des: 0.499, des_th: 0.4995209398483016,frac_lost: 0.103, li_recovered:  8.279, time: 0.010117071000422584
   585 |    23400 |     40 |  0.0033696667 |             f
L: 0.50, u_super: 0.00791, sec: 455.979, prod: 0.176996, t_ads: 24.6, t_des: 24.2, bed_util_ads: 0.488, bed_util_des: 0.488, des_th: 0.48818021887838386,frac_lost: 0.101, li_recovered:  8.636, time: 0.010268847001498216
L: 18.56, u_super: 0.00377 — INFEASIBLE (li_recovered=0.000e+00), time: 0.002618742999402457
L: 0.50, u_super: 0.00899, sec: 537.491, prod: 0.196313, t_ads: 21.7, t_des: 22.6, bed_util_ads: 0.482, bed_util_des: 0.481, des_th: 0.4814820646548133,frac_lost: 0.105, li_recovered:  8.695, time: 0.007188978999693063
L: 0.50, u_super: 0.00800, sec: 513.358, prod: 0.160974, t_ads: 24.4, t_des: 29.7, bed_util_ads: 0.462, bed_util_des: 0.461, des_th: 0.4612239088998883,frac_lost: 0.104, li_recovered:  8.706, time: 0.008889782999176532
L: 0.50, u_super: 0.00249, sec: 138.625, prod: 0.053684, t_ads: 77.2, t_des: 81.3, bed_util_ads: 0.476, bed_util_des: 0.475, des_th: 0.4748770753616801,frac_lost: 0.101, li_recovered:  8.511, time: 0.008374482998988242
L: 0.50, u_super: 0.00990, sec: 576.015, prod: 0.224810, t_ads: 19.7, t_des: 17.9, bed_util_ads: 0.500, bed_util_des: 0.499, des_th: 0.49941800771673645,frac_lost: 0.102, li_recovered:  8.443, time: 0.005629843000861001
L: 0.50, u_super: 0.00538, sec: 302.330, prod: 0.119152, t_ads: 36.0, t_des: 36.3, bed_util_ads: 0.485, bed_util_des: 0.484, des_th: 0.48438000463062186,frac_lost: 0.100, li_recovered:  8.616, time: 0.008943589000409702
L: 0.50, u_super: 0.00919, sec: 530.733, prod: 0.208249, t_ads: 21.2, t_des: 19.1, bed_util_ads: 0.500, bed_util_des: 0.500, des_th: 0.4998638282485091,frac_lost: 0.104, li_recovered:  8.391, time: 0.0063367399998242036
L: 2.58, u_super: 0.00861, sec: 2654.750, prod: 0.186933, t_ads: 114.2, t_des: 97.7, bed_util_ads: 0.498, bed_util_des: 0.498, des_th: 0.4975491319550688,frac_lost: 0.102, li_recovered:  39.604, time: 0.008612247998826206
L: 0.50, u_super: 0.00942, sec: 546.282, prod: 0.213463, t_ads: 20.7, t_des: 19.0, bed_util_ads: 0.497, bed_util_des: 0.497, des_th: 0.4973134996796111,frac_lost: 0.106, li_recovered:  8.494, time: 0.006557585000336985
L: 0.50, u_super: 0.00904, sec: 531.687, prod: 0.201112, t_ads: 21.6, t_des: 21.5, bed_util_ads: 0.488, bed_util_des: 0.488, des_th: 0.4879685458864109,frac_lost: 0.105, li_recovered:  8.667, time: 0.0059644230004778365
L: 0.50, u_super: 0.00861, sec: 494.330, prod: 0.194818, t_ads: 22.7, t_des: 20.6, bed_util_ads: 0.499, bed_util_des: 0.499, des_th: 0.4992792181540014,frac_lost: 0.107, li_recovered:  8.446, time: 0.006882567999127787
L: 0.50, u_super: 0.00005, sec: 4.324, prod: 0.000669, t_ads: 3436.7, t_des: 5862.5, bed_util_ads: 0.253, bed_util_des: 0.185, des_th: 0.1851696623157332,frac_lost: 0.103, li_recovered:  6.225, time: 0.011422784999012947
L: 0.50, u_super: 0.00449, sec: 279.627, prod: 0.088832, t_ads: 43.6, t_des: 53.9, bed_util_ads: 0.458, bed_util_des: 0.457, des_th: 0.45689814781206634,frac_lost: 0.109, li_recovered:  8.657, time: 0.012558892000015476
L: 0.50, u_super: 0.00990, sec: 576.015, prod: 0.224810, t_ads: 19.7, t_des: 17.9, bed_util_ads: 0.500, bed_util_des: 0.499, des_th: 0.49941800771673645,frac_lost: 0.102, li_recovered:  8.443, time: 0.010017970998887904
L: 52.10, u_super: 0.00183 — INFEASIBLE (li_recovered=0.000e+00), time: 0.0029797540009894874
L: 0.50, u_super: 0.00742, sec: 418.840, prod: 0.168239, t_ads: 26.1, t_des: 24.2, bed_util_ads: 0.496, bed_util_des: 0.496, des_th: 0.4957463152836116,frac_lost: 0.100, li_recovered:  8.471, time: 0.008722512000531424
L: 0.50, u_super: 0.00205, sec: 115.196, prod: 0.043317, t_ads: 94.1, t_des: 101.5, bed_util_ads: 0.471, bed_util_des: 0.469, des_th: 0.46944215326294936,frac_lost: 0.104, li_recovered:  8.474, time: 0.010223497998595121
L: 0.50, u_super: 0.00456, sec: 249.443, prod: 0.102758, t_ads: 42.6, t_des: 39.0, bed_util_ads: 0.496, bed_util_des: 0.495, des_th: 0.4954377385864126,frac_lost: 0.104, li_recovered:  8.387, time: 0.007375004001005436
L: 6.07, u_super: 0.00333 — INFEASIBLE (li_recovered=0.000e+00), time: 0.003693043001476326
L: 0.50, u_super: 0.00219, sec: 122.706, prod: 0.046695, t_ads: 88.0, t_des: 93.8, bed_util_ads: 0.473, bed_util_des: 0.472, des_th: 0.47166498399876666,frac_lost: 0.104, li_recovered:  8.488, time: 0.00981177799985744
L: 7.48, u_super: 0.00448 — INFEASIBLE (li_recovered=0.000e+00), time: 0.004118663000554079
L: 0.50, u_super: 0.00077 — INFEASIBLE (li_recovered=0.000e+00), time: 0.00501207900015288
L: 0.50, u_super: 0.00037 — INFEASIBLE (li_recovered=0.000e+00), time: 0.0036809729990636697
L: 0.50, u_super: 0.00777, sec: 448.111, prod: 0.173221, t_ads: 25.2, t_des: 24.7, bed_util_ads: 0.489, bed_util_des: 0.488, des_th: 0.4884524812945106,frac_lost: 0.108, li_recovered:  8.641, time: 0.008773490000749007
L: 0.50, u_super: 0.00005, sec: 4.338, prod: 0.000667, t_ads: 3357.0, t_des: 5571.2, bed_util_ads: 0.253, bed_util_des: 0.190, des_th: 0.19000154645516373,frac_lost: 0.101, li_recovered:  5.958, time: 0.009971030000087922
L: 0.50, u_super: 0.00416, sec: 226.913, prod: 0.093497, t_ads: 46.8, t_des: 42.7, bed_util_ads: 0.497, bed_util_des: 0.496, des_th: 0.49652365577766744,frac_lost: 0.107, li_recovered:  8.366, time: 0.005123330000060378
L: 0.50, u_super: 0.00586, sec: 325.259, prod: 0.132446, t_ads: 33.1, t_des: 29.7, bed_util_ads: 0.499, bed_util_des: 0.499, des_th: 0.49930551596290856,frac_lost: 0.102, li_recovered:  8.314, time: 0.007169643000452197
L: 0.50, u_super: 0.00732, sec: 414.252, prod: 0.165601, t_ads: 26.7, t_des: 24.2, bed_util_ads: 0.499, bed_util_des: 0.499, des_th: 0.49930551596290856,frac_lost: 0.107, li_recovered:  8.429, time: 0.006659508000666392
L: 0.50, u_super: 0.00847, sec: 498.768, prod: 0.186472, t_ads: 23.1, t_des: 23.4, bed_util_ads: 0.485, bed_util_des: 0.485, des_th: 0.48471870084074475,frac_lost: 0.107, li_recovered:  8.682, time: 0.006893125999340555
L: 0.50, u_super: 0.00213, sec: 115.309, prod: 0.046910, t_ads: 90.7, t_des: 79.0, bed_util_ads: 0.497, bed_util_des: 0.497, des_th: 0.4971597580557282,frac_lost: 0.108, li_recovered:  7.963, time: 0.0071954230006667785
L: 77.73, u_super: 0.00838 — INFEASIBLE (li_recovered=0.000e+00), time: 0.0016949549990386004
L: 23.35, u_super: 0.00572 — INFEASIBLE (li_recovered=0.000e+00), time: 0.0012213419995532604
L: 0.50, u_super: 0.00632, sec: 352.328, prod: 0.143152, t_ads: 30.7, t_des: 28.1, bed_util_ads: 0.497, bed_util_des: 0.497, des_th: 0.496755124305997,frac_lost: 0.101, li_recovered:  8.421, time: 0.007938139000543742
L: 0.50, u_super: 0.00609, sec: 338.888, prod: 0.137670, t_ads: 31.9, t_des: 28.5, bed_util_ads: 0.500, bed_util_des: 0.500, des_th: 0.4997880293387363,frac_lost: 0.102, li_recovered:  8.317, time: 0.008211966000089888
L: 0.50, u_super: 0.00224, sec: 124.214, prod: 0.048228, t_ads: 86.0, t_des: 89.9, bed_util_ads: 0.476, bed_util_des: 0.475, des_th: 0.4748770753616801,frac_lost: 0.103, li_recovered:  8.483, time: 0.008634296000309405
L: 0.50, u_super: 0.00028, sec: 18.366, prod: 0.004857, t_ads: 587.9, t_des: 545.2, bed_util_ads: 0.438, bed_util_des: 0.437, des_th: 0.4378030989777329,frac_lost: 0.101, li_recovered:  5.504, time: 0.006109879999712575
L: 0.50, u_super: 0.00822, sec: 469.464, prod: 0.186109, t_ads: 23.8, t_des: 21.6, bed_util_ads: 0.499, bed_util_des: 0.499, des_th: 0.49927351088429567,frac_lost: 0.105, li_recovered:  8.442, time: 0.010925046000920702
L: 0.50, u_super: 0.00032 — INFEASIBLE (li_recovered=0.000e+00), time: 0.004707816999143688
L: 0.50, u_super: 0.00484, sec: 265.850, prod: 0.108985, t_ads: 40.2, t_des: 35.9, bed_util_ads: 0.500, bed_util_des: 0.500, des_th: 0.49968070344203064,frac_lost: 0.104, li_recovered:  8.289, time: 0.008614114000010886
   586 |    23440 |     40 |  0.0017320745 |             f
L: 0.50, u_super: 0.00642, sec: 358.496, prod: 0.145237, t_ads: 30.2, t_des: 27.0, bed_util_ads: 0.500, bed_util_des: 0.499, des_th: 0.49937745337182843,frac_lost: 0.101, li_recovered:  8.317, time: 0.00842237599863438
L: 12.81, u_super: 0.00688 — INFEASIBLE (li_recovered=0.000e+00), time: 0.003528350000124192
L: 0.50, u_super: 0.00495, sec: 272.375, prod: 0.111611, t_ads: 39.2, t_des: 35.1, bed_util_ads: 0.500, bed_util_des: 0.500, des_th: 0.49999657085733024,frac_lost: 0.104, li_recovered:  8.293, time: 0.009469008999076323
L: 0.50, u_super: 0.00322, sec: 173.524, prod: 0.072127, t_ads: 59.9, t_des: 54.0, bed_util_ads: 0.497, bed_util_des: 0.496, des_th: 0.496535031844173,frac_lost: 0.101, li_recovered:  8.218, time: 0.00692992000040249
L: 0.50, u_super: 0.00572, sec: 317.660, prod: 0.128785, t_ads: 33.9, t_des: 32.3, bed_util_ads: 0.492, bed_util_des: 0.491, des_th: 0.49146970261633494,frac_lost: 0.102, li_recovered:  8.531, time: 0.008980471000541002
L: 0.50, u_super: 0.00416, sec: 265.778, prod: 0.079825, t_ads: 46.6, t_des: 61.7, bed_util_ads: 0.449, bed_util_des: 0.448, des_th: 0.4482278610532299,frac_lost: 0.101, li_recovered:  8.643, time: 0.010949557999992976
L: 0.50, u_super: 0.00136, sec: 75.238, prod: 0.029134, t_ads: 138.7, t_des: 116.8, bed_util_ads: 0.498, bed_util_des: 0.498, des_th: 0.4982683906571429,frac_lost: 0.101, li_recovered:  7.445, time: 0.007419957000820432
L: 0.50, u_super: 0.00698, sec: 393.465, prod: 0.157732, t_ads: 28.0, t_des: 25.2, bed_util_ads: 0.500, bed_util_des: 0.499, des_th: 0.4994539191306997,frac_lost: 0.107, li_recovered:  8.392, time: 0.009873453000182053
L: 2.43, u_super: 0.00075 — INFEASIBLE (li_recovered=0.000e+00), time: 0.0035020089999306947
L: 0.50, u_super: 0.00869, sec: 498.646, prod: 0.196996, t_ads: 22.4, t_des: 20.4, bed_util_ads: 0.498, bed_util_des: 0.498, des_th: 0.4983068169636872,frac_lost: 0.104, li_recovered:  8.448, time: 0.007798152999384911
L: 0.50, u_super: 0.00913, sec: 527.713, prod: 0.206854, t_ads: 21.4, t_des: 19.4, bed_util_ads: 0.499, bed_util_des: 0.499, des_th: 0.49927351088429567,frac_lost: 0.106, li_recovered:  8.443, time: 0.007333736000873614
L: 0.50, u_super: 0.00384, sec: 238.251, prod: 0.075755, t_ads: 50.4, t_des: 63.5, bed_util_ads: 0.455, bed_util_des: 0.453, des_th: 0.45343424588592174,frac_lost: 0.102, li_recovered:  8.628, time: 0.009279335999963223
L: 25.40, u_super: 0.00077 — INFEASIBLE (li_recovered=0.000e+00), time: 0.0020849669999734033
L: 0.50, u_super: 0.00325, sec: 175.702, prod: 0.072767, t_ads: 59.3, t_des: 52.8, bed_util_ads: 0.498, bed_util_des: 0.498, des_th: 0.49771711343039604,frac_lost: 0.101, li_recovered:  8.159, time: 0.007898882000517915
L: 0.50, u_super: 0.00798, sec: 453.205, prod: 0.180991, t_ads: 24.3, t_des: 22.2, bed_util_ads: 0.499, bed_util_des: 0.498, des_th: 0.498431176058232,frac_lost: 0.101, li_recovered:  8.428, time: 0.0070920520010986365
L: 0.50, u_super: 0.00546, sec: 301.421, prod: 0.123177, t_ads: 35.6, t_des: 31.8, bed_util_ads: 0.499, bed_util_des: 0.499, des_th: 0.49930551596290856,frac_lost: 0.102, li_recovered:  8.299, time: 0.008608629999798723
L: 0.50, u_super: 0.00981, sec: 571.349, prod: 0.222412, t_ads: 19.9, t_des: 18.1, bed_util_ads: 0.499, bed_util_des: 0.499, des_th: 0.4991190813620805,frac_lost: 0.106, li_recovered:  8.458, time: 0.006243297000764869
L: 0.50, u_super: 0.00099 — INFEASIBLE (li_recovered=0.000e+00), time: 0.005308295001668739
L: 0.50, u_super: 0.00228, sec: 126.846, prod: 0.048983, t_ads: 84.3, t_des: 89.0, bed_util_ads: 0.474, bed_util_des: 0.473, des_th: 0.47303620851223155,frac_lost: 0.102, li_recovered:  8.489, time: 0.008090620998700615
L: 0.50, u_super: 0.00887, sec: 510.903, prod: 0.200823, t_ads: 22.1, t_des: 20.0, bed_util_ads: 0.499, bed_util_des: 0.498, des_th: 0.49849308721733426,frac_lost: 0.107, li_recovered:  8.444, time: 0.0063768370000616414
L: 0.50, u_super: 0.00861, sec: 570.167, prod: 0.168847, t_ads: 22.7, t_des: 28.9, bed_util_ads: 0.456, bed_util_des: 0.456, des_th: 0.455673196020558,frac_lost: 0.106, li_recovered:  8.714, time: 0.006727998001224478
L: 53.34, u_super: 0.00167 — INFEASIBLE (li_recovered=0.000e+00), time: 0.0008622069999546511
L: 0.50, u_super: 0.00114 — INFEASIBLE (li_recovered=0.000e+00), time: 0.003022959999725572
L: 0.50, u_super: 0.00005, sec: 4.332, prod: 0.000668, t_ads: 3407.6, t_des: 5729.5, bed_util_ads: 0.253, bed_util_des: 0.187, des_th: 0.18703931704466667,frac_lost: 0.102, li_recovered:  6.106, time: 0.005519541000467143
L: 0.50, u_super: 0.00888, sec: 511.933, prod: 0.200832, t_ads: 22.1, t_des: 20.0, bed_util_ads: 0.500, bed_util_des: 0.500, des_th: 0.4995378597638958,frac_lost: 0.108, li_recovered:  8.452, time: 0.007204663999800687
L: 7.00, u_super: 0.00927 — INFEASIBLE (li_recovered=0.000e+00), time: 0.0046645370002806885
L: 0.50, u_super: 0.00435, sec: 238.013, prod: 0.097898, t_ads: 44.7, t_des: 39.9, bed_util_ads: 0.498, bed_util_des: 0.498, des_th: 0.4979524178154496,frac_lost: 0.105, li_recovered:  8.282, time: 0.006767692999346764
L: 0.50, u_super: 0.00339, sec: 184.506, prod: 0.075490, t_ads: 57.4, t_des: 54.9, bed_util_ads: 0.489, bed_util_des: 0.488, des_th: 0.48819478545909806,frac_lost: 0.107, li_recovered:  8.479, time: 0.007414045001496561
L: 0.50, u_super: 0.00128, sec: 71.012, prod: 0.027265, t_ads: 148.2, t_des: 124.3, bed_util_ads: 0.498, bed_util_des: 0.497, des_th: 0.4974445830487892,frac_lost: 0.105, li_recovered:  7.430, time: 0.006903866000357084
L: 39.85, u_super: 0.00919 — INFEASIBLE (li_recovered=0.000e+00), time: 0.001170818999526091
L: 0.50, u_super: 0.00175, sec: 94.229, prod: 0.038678, t_ads: 109.3, t_des: 99.2, bed_util_ads: 0.491, bed_util_des: 0.491, des_th: 0.49088455002059106,frac_lost: 0.104, li_recovered:  8.063, time: 0.004616047999661532
L: 0.50, u_super: 0.00009 — INFEASIBLE (li_recovered=0.000e+00), time: 0.002189835999161005
L: 33.07, u_super: 0.00448 — INFEASIBLE (li_recovered=0.000e+00), time: 0.0015565349985990906
L: 0.50, u_super: 0.00698, sec: 393.412, prod: 0.157753, t_ads: 28.0, t_des: 25.2, bed_util_ads: 0.500, bed_util_des: 0.499, des_th: 0.499453541004134,frac_lost: 0.107, li_recovered:  8.390, time: 0.005935663000855129
L: 0.50, u_super: 0.00537, sec: 301.724, prod: 0.118968, t_ads: 36.2, t_des: 36.2, bed_util_ads: 0.485, bed_util_des: 0.485, des_th: 0.48460431945344884,frac_lost: 0.102, li_recovered:  8.615, time: 0.008097902000372414
L: 10.78, u_super: 0.00627 — INFEASIBLE (li_recovered=0.000e+00), time: 0.002559746999395429
L: 0.50, u_super: 0.00638, sec: 356.105, prod: 0.144291, t_ads: 30.4, t_des: 27.2, bed_util_ads: 0.500, bed_util_des: 0.500, des_th: 0.49986339210762815,frac_lost: 0.101, li_recovered:  8.320, time: 0.007583374999740045
L: 0.50, u_super: 0.00079, sec: 44.881, prod: 0.016214, t_ads: 235.8, t_des: 198.8, bed_util_ads: 0.489, bed_util_des: 0.488, des_th: 0.4885779615139628,frac_lost: 0.105, li_recovered:  7.046, time: 0.005372260000513052
L: 18.78, u_super: 0.00698, sec: 42283.646, prod: 0.055134, t_ads: 1068.2, t_des: 4801.0, bed_util_ads: 0.246, bed_util_des: 0.180, des_th: 0.18020463779817333,frac_lost: 0.103, li_recovered:  323.589, time: 0.017953161999685108
L: 21.90, u_super: 0.00278 — INFEASIBLE (li_recovered=0.000e+00), time: 0.0018130999997083563
   587 |    23480 |     40 |  0.0036170882 |             f
L: 22.13, u_super: 0.00133 — INFEASIBLE (li_recovered=0.000e+00), time: 0.0016725410005165031
L: 0.50, u_super: 0.00990, sec: 576.837, prod: 0.224469, t_ads: 19.7, t_des: 17.9, bed_util_ads: 0.499, bed_util_des: 0.499, des_th: 0.4993636716765409,frac_lost: 0.105, li_recovered:  8.446, time: 0.00724487299885368
L: 0.50, u_super: 0.00023 — INFEASIBLE (li_recovered=0.000e+00), time: 0.003363793000971782
L: 0.50, u_super: 0.00687, sec: 388.865, prod: 0.154493, t_ads: 28.2, t_des: 27.4, bed_util_ads: 0.491, bed_util_des: 0.490, des_th: 0.49050444098318485,frac_lost: 0.100, li_recovered:  8.594, time: 0.007586677000290365
L: 0.50, u_super: 0.00136, sec: 75.238, prod: 0.029134, t_ads: 138.7, t_des: 116.8, bed_util_ads: 0.498, bed_util_des: 0.498, des_th: 0.4982683906571429,frac_lost: 0.101, li_recovered:  7.445, time: 0.00687219700012065
L: 0.50, u_super: 0.00033 — INFEASIBLE (li_recovered=0.000e+00), time: 0.0036183970005367883
L: 13.79, u_super: 0.00493 — INFEASIBLE (li_recovered=0.000e+00), time: 0.002970888999698218
L: 0.50, u_super: 0.00484, sec: 265.850, prod: 0.108985, t_ads: 40.2, t_des: 35.9, bed_util_ads: 0.500, bed_util_des: 0.500, des_th: 0.49968070344203064,frac_lost: 0.104, li_recovered:  8.289, time: 0.007030463999399217
L: 0.50, u_super: 0.00546, sec: 301.490, prod: 0.123149, t_ads: 35.7, t_des: 32.6, bed_util_ads: 0.497, bed_util_des: 0.497, des_th: 0.49703414559723935,frac_lost: 0.105, li_recovered:  8.409, time: 0.006611519000216504
L: 0.50, u_super: 0.00698, sec: 392.033, prod: 0.158308, t_ads: 27.8, t_des: 25.5, bed_util_ads: 0.497, bed_util_des: 0.497, des_th: 0.497337014562286,frac_lost: 0.101, li_recovered:  8.428, time: 0.006462261999331531
L: 0.50, u_super: 0.00405, sec: 220.775, prod: 0.091023, t_ads: 47.9, t_des: 42.9, bed_util_ads: 0.499, bed_util_des: 0.499, des_th: 0.4991190813620805,frac_lost: 0.105, li_recovered:  8.268, time: 0.007029469001281541
L: 0.50, u_super: 0.00484, sec: 265.832, prod: 0.108992, t_ads: 40.3, t_des: 36.3, bed_util_ads: 0.499, bed_util_des: 0.498, des_th: 0.4984051135222097,frac_lost: 0.106, li_recovered:  8.347, time: 0.0059047470003861235
L: 0.50, u_super: 0.00277, sec: 149.645, prod: 0.061514, t_ads: 69.8, t_des: 61.3, bed_util_ads: 0.498, bed_util_des: 0.498, des_th: 0.49799072465806976,frac_lost: 0.104, li_recovered:  8.069, time: 0.008494724999764003
L: 80.06, u_super: 0.00175 — INFEASIBLE (li_recovered=0.000e+00), time: 0.0009705429984023795
L: 0.50, u_super: 0.00642, sec: 358.424, prod: 0.145266, t_ads: 30.3, t_des: 27.4, bed_util_ads: 0.499, bed_util_des: 0.499, des_th: 0.49930528792927925,frac_lost: 0.103, li_recovered:  8.382, time: 0.004854017999605276
L: 0.50, u_super: 0.00659, sec: 369.143, prod: 0.149150, t_ads: 29.5, t_des: 26.3, bed_util_ads: 0.500, bed_util_des: 0.500, des_th: 0.49986339210762815,frac_lost: 0.102, li_recovered:  8.320, time: 0.007096323999576271
L: 0.50, u_super: 0.00572, sec: 316.447, prod: 0.129279, t_ads: 33.9, t_des: 30.4, bed_util_ads: 0.500, bed_util_des: 0.499, des_th: 0.49944993362299395,frac_lost: 0.100, li_recovered:  8.313, time: 0.008187698998881388
L: 0.50, u_super: 0.00078, sec: 43.662, prod: 0.016295, t_ads: 238.4, t_des: 209.9, bed_util_ads: 0.483, bed_util_des: 0.482, des_th: 0.48219952637762564,frac_lost: 0.104, li_recovered:  7.306, time: 0.007087320000209729
L: 0.50, u_super: 0.00687, sec: 385.680, prod: 0.155769, t_ads: 28.2, t_des: 25.9, bed_util_ads: 0.498, bed_util_des: 0.497, des_th: 0.49744409379403615,frac_lost: 0.102, li_recovered:  8.429, time: 0.005623508001008304
L: 0.50, u_super: 0.00033 — INFEASIBLE (li_recovered=0.000e+00), time: 0.0031692199991084635
L: 0.50, u_super: 0.00273, sec: 153.445, prod: 0.058419, t_ads: 71.3, t_des: 75.1, bed_util_ads: 0.475, bed_util_des: 0.474, des_th: 0.47450276754437637,frac_lost: 0.108, li_recovered:  8.548, time: 0.006642006999754813
L: 0.50, u_super: 0.00609, sec: 338.947, prod: 0.137638, t_ads: 31.9, t_des: 28.6, bed_util_ads: 0.500, bed_util_des: 0.499, des_th: 0.49941800771673645,frac_lost: 0.102, li_recovered:  8.320, time: 0.007116933000361314
L: 59.21, u_super: 0.00377 — INFEASIBLE (li_recovered=0.000e+00), time: 0.0014778770000702934
L: 6.76, u_super: 0.00838 — INFEASIBLE (li_recovered=0.000e+00), time: 0.004165786000157823
L: 0.50, u_super: 0.00981, sec: 571.349, prod: 0.222412, t_ads: 19.9, t_des: 18.1, bed_util_ads: 0.499, bed_util_des: 0.499, des_th: 0.4991190813620805,frac_lost: 0.106, li_recovered:  8.458, time: 0.006188209999891114
L: 0.50, u_super: 0.00572, sec: 403.179, prod: 0.101468, t_ads: 34.2, t_des: 51.5, bed_util_ads: 0.434, bed_util_des: 0.433, des_th: 0.432875560801914,frac_lost: 0.105, li_recovered:  8.692, time: 0.011011656000846415
L: 20.30, u_super: 0.00216 — INFEASIBLE (li_recovered=0.000e+00), time: 0.0011305019997962518
L: 0.50, u_super: 0.00732, sec: 414.252, prod: 0.165601, t_ads: 26.7, t_des: 24.2, bed_util_ads: 0.499, bed_util_des: 0.499, des_th: 0.49930551596290856,frac_lost: 0.107, li_recovered:  8.429, time: 0.007119531999705941
L: 30.08, u_super: 0.00005 — INFEASIBLE (li_recovered=0.000e+00), time: 0.0018351870003243675
L: 0.50, u_super: 0.00950, sec: 551.086, prod: 0.215315, t_ads: 20.6, t_des: 18.7, bed_util_ads: 0.500, bed_util_des: 0.499, des_th: 0.49942998167054226,frac_lost: 0.106, li_recovered:  8.453, time: 0.0067617570002767025
L: 0.50, u_super: 0.00986, sec: 592.889, prod: 0.216584, t_ads: 19.8, t_des: 20.4, bed_util_ads: 0.484, bed_util_des: 0.484, des_th: 0.48371885156798816,frac_lost: 0.104, li_recovered:  8.696, time: 0.007893103998867446
L: 0.50, u_super: 0.00798, sec: 453.340, prod: 0.180937, t_ads: 24.3, t_des: 22.0, bed_util_ads: 0.500, bed_util_des: 0.500, des_th: 0.4997063106220699,frac_lost: 0.101, li_recovered:  8.382, time: 0.0062916549995861715
L: 10.84, u_super: 0.00525 — INFEASIBLE (li_recovered=0.000e+00), time: 0.005220048000410316
L: 0.50, u_super: 0.00228, sec: 126.930, prod: 0.048951, t_ads: 84.5, t_des: 89.0, bed_util_ads: 0.474, bed_util_des: 0.473, des_th: 0.47302089470275155,frac_lost: 0.103, li_recovered:  8.491, time: 0.007149311999455676
L: 0.50, u_super: 0.00732, sec: 450.253, prod: 0.152360, t_ads: 26.8, t_des: 30.3, bed_util_ads: 0.471, bed_util_des: 0.470, des_th: 0.4704287748058525,frac_lost: 0.108, li_recovered:  8.700, time: 0.007648242999493959
L: 0.50, u_super: 0.00962, sec: 558.658, prod: 0.218084, t_ads: 20.3, t_des: 18.4, bed_util_ads: 0.500, bed_util_des: 0.499, des_th: 0.49941800771673645,frac_lost: 0.105, li_recovered:  8.442, time: 0.008544457999960287
L: 0.50, u_super: 0.00698, sec: 393.543, prod: 0.157701, t_ads: 28.0, t_des: 25.2, bed_util_ads: 0.499, bed_util_des: 0.499, des_th: 0.49930912334404864,frac_lost: 0.108, li_recovered:  8.387, time: 0.008029947999602882
L: 0.50, u_super: 0.00007, sec: 6.605, prod: 0.000962, t_ads: 2469.0, t_des: 5067.4, bed_util_ads: 0.261, bed_util_des: 0.189, des_th: 0.18967364879016416,frac_lost: 0.100, li_recovered:  7.253, time: 0.007936336000057054
L: 0.50, u_super: 0.00128, sec: 69.699, prod: 0.027778, t_ads: 149.0, t_des: 145.6, bed_util_ads: 0.479, bed_util_des: 0.478, des_th: 0.47793510565126923,frac_lost: 0.107, li_recovered:  8.184, time: 0.005511567000212381
L: 0.50, u_super: 0.00377, sec: 255.389, prod: 0.067737, t_ads: 51.4, t_des: 76.1, bed_util_ads: 0.434, bed_util_des: 0.433, des_th: 0.4328816719450084,frac_lost: 0.101, li_recovered:  8.639, time: 0.0077244780004548375
   588 |    23520 |     40 |  0.0031208191 |             f
L: 0.50, u_super: 0.00341, sec: 184.892, prod: 0.076240, t_ads: 56.5, t_des: 49.7, bed_util_ads: 0.500, bed_util_des: 0.500, des_th: 0.49974646629443864,frac_lost: 0.100, li_recovered:  8.103, time: 0.007426611000482808
L: 0.50, u_super: 0.00078, sec: 46.005, prod: 0.015465, t_ads: 240.8, t_des: 280.0, bed_util_ads: 0.448, bed_util_des: 0.443, des_th: 0.4436390167525241,frac_lost: 0.103, li_recovered:  8.053, time: 0.005212350999499904
L: 0.50, u_super: 0.00868, sec: 498.841, prod: 0.196368, t_ads: 22.5, t_des: 20.2, bed_util_ads: 0.500, bed_util_des: 0.500, des_th: 0.49988063049945847,frac_lost: 0.106, li_recovered:  8.392, time: 0.006097999001212884
L: 41.01, u_super: 0.00877 — INFEASIBLE (li_recovered=0.000e+00), time: 0.0015140840005187783
L: 0.50, u_super: 0.00457, sec: 252.655, prod: 0.102121, t_ads: 42.5, t_des: 41.2, bed_util_ads: 0.489, bed_util_des: 0.488, des_th: 0.48826757319271813,frac_lost: 0.105, li_recovered:  8.553, time: 0.007220278999739094
L: 0.50, u_super: 0.00308, sec: 166.064, prod: 0.069052, t_ads: 62.7, t_des: 57.1, bed_util_ads: 0.495, bed_util_des: 0.495, des_th: 0.494946624198061,frac_lost: 0.102, li_recovered:  8.268, time: 0.006796308000048157
L: 28.08, u_super: 0.00659 — INFEASIBLE (li_recovered=0.000e+00), time: 0.0019609689989010803
L: 0.50, u_super: 0.00008 — INFEASIBLE (li_recovered=0.000e+00), time: 0.0019442550001258496
L: 0.50, u_super: 0.00138, sec: 74.816, prod: 0.030060, t_ads: 138.1, t_des: 134.8, bed_util_ads: 0.479, bed_util_des: 0.478, des_th: 0.47805051402648135,frac_lost: 0.104, li_recovered:  8.205, time: 0.008471193001241772
L: 0.50, u_super: 0.00527, sec: 378.457, prod: 0.091414, t_ads: 37.1, t_des: 58.0, bed_util_ads: 0.429, bed_util_des: 0.428, des_th: 0.4280158400885586,frac_lost: 0.106, li_recovered:  8.688, time: 0.009745371999088093
L: 0.50, u_super: 0.00175, sec: 101.763, prod: 0.035814, t_ads: 110.3, t_des: 125.7, bed_util_ads: 0.463, bed_util_des: 0.461, des_th: 0.4612707039567842,frac_lost: 0.108, li_recovered:  8.452, time: 0.006823433001045487
L: 0.50, u_super: 0.00495, sec: 272.356, prod: 0.111495, t_ads: 39.3, t_des: 35.1, bed_util_ads: 0.499, bed_util_des: 0.499, des_th: 0.49898350408949194,frac_lost: 0.105, li_recovered:  8.294, time: 0.006749218000550172
L: 0.50, u_super: 0.00308, sec: 166.143, prod: 0.069020, t_ads: 62.6, t_des: 56.3, bed_util_ads: 0.497, bed_util_des: 0.496, des_th: 0.496535031844173,frac_lost: 0.101, li_recovered:  8.204, time: 0.007973908999701962
L: 0.50, u_super: 0.00033, sec: 20.200, prod: 0.006435, t_ads: 519.7, t_des: 531.5, bed_util_ads: 0.438, bed_util_des: 0.433, des_th: 0.4333175085651362,frac_lost: 0.103, li_recovered:  6.765, time: 0.0070773730003566016
L: 0.50, u_super: 0.00590, sec: 328.606, prod: 0.132930, t_ads: 33.2, t_des: 29.8, bed_util_ads: 0.500, bed_util_des: 0.499, des_th: 0.49944993362299395,frac_lost: 0.109, li_recovered:  8.380, time: 0.008143136001308449
L: 11.22, u_super: 0.00453 — INFEASIBLE (li_recovered=0.000e+00), time: 0.002228674000434694
L: 0.50, u_super: 0.00008, sec: 6.933, prod: 0.000941, t_ads: 2489.5, t_des: 5512.7, bed_util_ads: 0.256, bed_util_des: 0.180, des_th: 0.17985325578423622,frac_lost: 0.101, li_recovered:  7.533, time: 0.014272094998887042
L: 0.50, u_super: 0.00183, sec: 98.630, prod: 0.040388, t_ads: 104.1, t_des: 92.6, bed_util_ads: 0.495, bed_util_des: 0.495, des_th: 0.4947166869986073,frac_lost: 0.100, li_recovered:  7.945, time: 0.008020544999453705
L: 0.50, u_super: 0.00741, sec: 419.820, prod: 0.167466, t_ads: 26.4, t_des: 24.2, bed_util_ads: 0.497, bed_util_des: 0.497, des_th: 0.497337014562286,frac_lost: 0.107, li_recovered:  8.482, time: 0.014507623998724739
L: 18.36, u_super: 0.00539 — INFEASIBLE (li_recovered=0.000e+00), time: 0.009282191000238527
L: 0.50, u_super: 0.00990, sec: 576.015, prod: 0.224810, t_ads: 19.7, t_des: 17.9, bed_util_ads: 0.500, bed_util_des: 0.499, des_th: 0.49941800771673645,frac_lost: 0.102, li_recovered:  8.443, time: 0.010258075999445282
L: 46.67, u_super: 0.00899 — INFEASIBLE (li_recovered=0.000e+00), time: 0.00286889400013024
L: 0.50, u_super: 0.00609, sec: 338.624, prod: 0.137770, t_ads: 31.9, t_des: 29.2, bed_util_ads: 0.497, bed_util_des: 0.496, des_th: 0.49650194389265573,frac_lost: 0.102, li_recovered:  8.417, time: 0.009365987998535275
L: 0.50, u_super: 0.00916, sec: 529.295, prod: 0.207499, t_ads: 21.4, t_des: 19.3, bed_util_ads: 0.500, bed_util_des: 0.500, des_th: 0.4998638282485091,frac_lost: 0.106, li_recovered:  8.445, time: 0.008828807998725097
L: 0.50, u_super: 0.00098, sec: 379.696, prod: 0.002993, t_ads: 200.6, t_des: 2746.7, bed_util_ads: 0.193, bed_util_des: 0.168, des_th: 0.16838223436867317,frac_lost: 0.102, li_recovered:  8.821, time: 0.10292968999965524
L: 0.50, u_super: 0.00652, sec: 364.287, prod: 0.147604, t_ads: 29.8, t_des: 26.9, bed_util_ads: 0.499, bed_util_des: 0.499, des_th: 0.49897166723374925,frac_lost: 0.101, li_recovered:  8.363, time: 0.012947256000188645
L: 0.50, u_super: 0.00032 — INFEASIBLE (li_recovered=0.000e+00), time: 0.005574893000812153
L: 0.50, u_super: 0.00228, sec: 122.526, prod: 0.050711, t_ads: 84.6, t_des: 78.0, bed_util_ads: 0.492, bed_util_des: 0.492, des_th: 0.4915875401033438,frac_lost: 0.105, li_recovered:  8.247, time: 0.01846638699862524
L: 0.50, u_super: 0.00456, sec: 250.215, prod: 0.102565, t_ads: 42.7, t_des: 38.0, bed_util_ads: 0.500, bed_util_des: 0.500, des_th: 0.4997555632320639,frac_lost: 0.106, li_recovered:  8.272, time: 0.010141888000362087
L: 0.50, u_super: 0.00861, sec: 507.983, prod: 0.189582, t_ads: 22.7, t_des: 23.1, bed_util_ads: 0.485, bed_util_des: 0.485, des_th: 0.4851978973176092,frac_lost: 0.107, li_recovered:  8.683, time: 0.011752718000934692
L: 0.50, u_super: 0.00524, sec: 288.940, prod: 0.118341, t_ads: 37.1, t_des: 33.5, bed_util_ads: 0.498, bed_util_des: 0.497, des_th: 0.4973510551540095,frac_lost: 0.103, li_recovered:  8.354, time: 0.008608186999481404
L: 0.50, u_super: 0.00277, sec: 155.874, prod: 0.059055, t_ads: 69.8, t_des: 74.9, bed_util_ads: 0.474, bed_util_des: 0.473, des_th: 0.4731833799185167,frac_lost: 0.103, li_recovered:  8.547, time: 0.01469176799946581
L: 0.50, u_super: 0.00859, sec: 493.297, prod: 0.194404, t_ads: 22.8, t_des: 20.9, bed_util_ads: 0.498, bed_util_des: 0.498, des_th: 0.4982477057841873,frac_lost: 0.107, li_recovered:  8.482, time: 0.01090051600112929
L: 0.50, u_super: 0.00866, sec: 498.091, prod: 0.196030, t_ads: 22.6, t_des: 20.5, bed_util_ads: 0.499, bed_util_des: 0.499, des_th: 0.49927351088429567,frac_lost: 0.108, li_recovered:  8.447, time: 0.009219592000590637
L: 0.50, u_super: 0.00546, sec: 301.421, prod: 0.123177, t_ads: 35.6, t_des: 31.8, bed_util_ads: 0.499, bed_util_des: 0.499, des_th: 0.49930551596290856,frac_lost: 0.102, li_recovered:  8.299, time: 0.011040440000215312
L: 0.50, u_super: 0.00128, sec: 71.520, prod: 0.027071, t_ads: 149.3, t_des: 157.0, bed_util_ads: 0.469, bed_util_des: 0.467, des_th: 0.46751091748161744,frac_lost: 0.107, li_recovered:  8.290, time: 0.01162388699958683
L: 0.50, u_super: 0.00221, sec: 119.955, prod: 0.048775, t_ads: 87.4, t_des: 75.8, bed_util_ads: 0.500, bed_util_des: 0.499, des_th: 0.4992764420960443,frac_lost: 0.108, li_recovered:  7.959, time: 0.008861263000653707
L: 0.50, u_super: 0.00572, sec: 336.656, prod: 0.121518, t_ads: 34.2, t_des: 37.1, bed_util_ads: 0.476, bed_util_des: 0.475, des_th: 0.4751708104681451,frac_lost: 0.108, li_recovered:  8.672, time: 0.013047357000687043
L: 0.50, u_super: 0.00804, sec: 492.214, prod: 0.169581, t_ads: 24.3, t_des: 27.0, bed_util_ads: 0.473, bed_util_des: 0.473, des_th: 0.47303620851223155,frac_lost: 0.104, li_recovered:  8.701, time: 0.008419292000326095
L: 0.50, u_super: 0.00063 — INFEASIBLE (li_recovered=0.000e+00), time: 0.004529589001322165
   589 |    23560 |     40 |  0.0010704134 |             f
L: 0.50, u_super: 0.00809, sec: 462.265, prod: 0.182958, t_ads: 24.2, t_des: 22.0, bed_util_ads: 0.499, bed_util_des: 0.498, des_th: 0.4984307980750054,frac_lost: 0.108, li_recovered:  8.449, time: 0.00782527800038224
L: 0.50, u_super: 0.00990, sec: 577.184, prod: 0.224351, t_ads: 19.8, t_des: 17.9, bed_util_ads: 0.499, bed_util_des: 0.499, des_th: 0.49927351088429567,frac_lost: 0.106, li_recovered:  8.453, time: 0.009462326999710058
L: 0.50, u_super: 0.00010 — INFEASIBLE (li_recovered=0.000e+00), time: 0.004138210000746767
L: 0.50, u_super: 0.00566, sec: 315.969, prod: 0.127011, t_ads: 34.2, t_des: 33.3, bed_util_ads: 0.489, bed_util_des: 0.488, des_th: 0.48828188901985725,frac_lost: 0.101, li_recovered:  8.575, time: 0.00869219299966062
L: 0.50, u_super: 0.00894, sec: 515.430, prod: 0.202353, t_ads: 21.9, t_des: 20.1, bed_util_ads: 0.498, bed_util_des: 0.498, des_th: 0.498225186786788,frac_lost: 0.106, li_recovered:  8.494, time: 0.009110460001465981
L: 0.50, u_super: 0.00377, sec: 204.911, prod: 0.084423, t_ads: 51.7, t_des: 46.2, bed_util_ads: 0.498, bed_util_des: 0.498, des_th: 0.4979524178154496,frac_lost: 0.107, li_recovered:  8.263, time: 0.00905824700021185
L: 0.50, u_super: 0.00926, sec: 535.394, prod: 0.209923, t_ads: 21.1, t_des: 19.1, bed_util_ads: 0.500, bed_util_des: 0.499, des_th: 0.4994364174989553,frac_lost: 0.105, li_recovered:  8.438, time: 0.009055194999746163
L: 0.50, u_super: 0.00088, sec: 48.713, prod: 0.018800, t_ads: 211.0, t_des: 190.1, bed_util_ads: 0.483, bed_util_des: 0.482, des_th: 0.48219952637762564,frac_lost: 0.101, li_recovered:  7.540, time: 0.008768204001171398
L: 0.50, u_super: 0.00018 — INFEASIBLE (li_recovered=0.000e+00), time: 0.003199840999513981
L: 0.50, u_super: 0.00341, sec: 184.739, prod: 0.076303, t_ads: 57.0, t_des: 51.0, bed_util_ads: 0.498, bed_util_des: 0.498, des_th: 0.4982477057841873,frac_lost: 0.106, li_recovered:  8.240, time: 0.010574041998552275
L: 0.50, u_super: 0.00033 — INFEASIBLE (li_recovered=0.000e+00), time: 0.0043779740008176304
L: 0.50, u_super: 0.00585, sec: 327.694, prod: 0.131115, t_ads: 33.3, t_des: 32.2, bed_util_ads: 0.490, bed_util_des: 0.490, des_th: 0.48990392663190596,frac_lost: 0.104, li_recovered:  8.582, time: 0.00791511200077366
L: 0.50, u_super: 0.00249, sec: 134.698, prod: 0.055254, t_ads: 77.4, t_des: 67.9, bed_util_ads: 0.498, bed_util_des: 0.498, des_th: 0.49804796304009563,frac_lost: 0.105, li_recovered:  8.030, time: 0.00771171599990339
L: 0.50, u_super: 0.00343, sec: 185.885, prod: 0.076914, t_ads: 56.2, t_des: 50.0, bed_util_ads: 0.498, bed_util_des: 0.498, des_th: 0.49816336608104494,frac_lost: 0.101, li_recovered:  8.166, time: 0.009762035000676406
L: 0.50, u_super: 0.00360, sec: 195.780, prod: 0.080436, t_ads: 54.1, t_des: 47.7, bed_util_ads: 0.500, bed_util_des: 0.499, des_th: 0.49951681912649243,frac_lost: 0.108, li_recovered:  8.190, time: 0.010970327999530127
L: 0.50, u_super: 0.00405, sec: 221.093, prod: 0.090892, t_ads: 48.1, t_des: 42.8, bed_util_ads: 0.500, bed_util_des: 0.499, des_th: 0.4994125321890938,frac_lost: 0.107, li_recovered:  8.257, time: 0.011654305999400094
L: 0.50, u_super: 0.00308, sec: 167.416, prod: 0.068495, t_ads: 62.6, t_des: 61.2, bed_util_ads: 0.485, bed_util_des: 0.485, des_th: 0.48493415239227977,frac_lost: 0.101, li_recovered:  8.479, time: 0.009223160001056385
L: 21.31, u_super: 0.00894 — INFEASIBLE (li_recovered=0.000e+00), time: 0.0020333319989731535
L: 27.05, u_super: 0.00005 — INFEASIBLE (li_recovered=0.000e+00), time: 0.0009999450012401212
L: 0.50, u_super: 0.00906, sec: 573.124, prod: 0.187223, t_ads: 21.5, t_des: 25.0, bed_util_ads: 0.468, bed_util_des: 0.467, des_th: 0.4674099279757214,frac_lost: 0.103, li_recovered:  8.711, time: 0.009975343000405701
L: 0.50, u_super: 0.00424, sec: 231.316, prod: 0.095245, t_ads: 45.9, t_des: 41.0, bed_util_ads: 0.498, bed_util_des: 0.498, des_th: 0.4979524178154496,frac_lost: 0.105, li_recovered:  8.273, time: 0.009924742000293918
L: 0.50, u_super: 0.00837, sec: 479.170, prod: 0.189407, t_ads: 23.4, t_des: 21.2, bed_util_ads: 0.500, bed_util_des: 0.499, des_th: 0.49941800771673645,frac_lost: 0.107, li_recovered:  8.441, time: 0.007796427000357653
L: 0.50, u_super: 0.00467, sec: 2158.409, prod: 0.012454, t_ads: 41.9, t_des: 663.0, bed_util_ads: 0.191, bed_util_des: 0.185, des_th: 0.1851696623157332,frac_lost: 0.100, li_recovered:  8.778, time: 0.06919942800050194
L: 12.26, u_super: 0.00287 — INFEASIBLE (li_recovered=0.000e+00), time: 0.0027313219998177374
L: 0.50, u_super: 0.00640, sec: 357.314, prod: 0.144857, t_ads: 30.4, t_des: 27.8, bed_util_ads: 0.498, bed_util_des: 0.497, des_th: 0.49743350970348454,frac_lost: 0.103, li_recovered:  8.426, time: 0.006057136999515933
L: 0.50, u_super: 0.00633, sec: 353.173, prod: 0.143287, t_ads: 30.6, t_des: 27.5, bed_util_ads: 0.500, bed_util_des: 0.499, des_th: 0.49944993362299395,frac_lost: 0.101, li_recovered:  8.321, time: 0.010172815000260016
L: 0.50, u_super: 0.00713, sec: 401.407, prod: 0.161736, t_ads: 27.2, t_des: 24.9, bed_util_ads: 0.497, bed_util_des: 0.497, des_th: 0.497337014562286,frac_lost: 0.101, li_recovered:  8.434, time: 0.010343248000936
L: 0.50, u_super: 0.00930, sec: 538.443, prod: 0.210815, t_ads: 21.0, t_des: 19.3, bed_util_ads: 0.497, bed_util_des: 0.497, des_th: 0.4973134996796111,frac_lost: 0.105, li_recovered:  8.492, time: 0.008855371001118328
L: 0.50, u_super: 0.00405, sec: 220.775, prod: 0.091023, t_ads: 47.9, t_des: 42.9, bed_util_ads: 0.499, bed_util_des: 0.499, des_th: 0.4991190813620805,frac_lost: 0.105, li_recovered:  8.268, time: 0.008524902999852202
L: 0.50, u_super: 0.00277, sec: 150.022, prod: 0.061359, t_ads: 69.7, t_des: 60.5, bed_util_ads: 0.500, bed_util_des: 0.500, des_th: 0.49966634768137347,frac_lost: 0.103, li_recovered:  7.991, time: 0.010302447000867687
L: 0.50, u_super: 0.00822, sec: 558.796, prod: 0.156356, t_ads: 23.7, t_des: 32.0, bed_util_ads: 0.449, bed_util_des: 0.449, des_th: 0.44866435660255577,frac_lost: 0.103, li_recovered:  8.710, time: 0.009702010000182781
L: 0.50, u_super: 0.00080 — INFEASIBLE (li_recovered=0.000e+00), time: 0.004251603000739124
L: 0.50, u_super: 0.00693, sec: 388.887, prod: 0.157199, t_ads: 28.0, t_des: 25.6, bed_util_ads: 0.497, bed_util_des: 0.497, des_th: 0.49727977618026015,frac_lost: 0.100, li_recovered:  8.427, time: 0.009343412000816897
L: 0.50, u_super: 0.00455, sec: 249.278, prod: 0.102444, t_ads: 42.8, t_des: 38.5, bed_util_ads: 0.499, bed_util_des: 0.498, des_th: 0.4985046098185813,frac_lost: 0.106, li_recovered:  8.331, time: 0.008864513998560142
L: 0.50, u_super: 0.00589, sec: 327.577, prod: 0.132663, t_ads: 33.3, t_des: 30.2, bed_util_ads: 0.498, bed_util_des: 0.498, des_th: 0.4978855062712395,frac_lost: 0.109, li_recovered:  8.422, time: 0.00979359899974952
L: 0.50, u_super: 0.00970, sec: 563.440, prod: 0.219972, t_ads: 20.1, t_des: 18.3, bed_util_ads: 0.499, bed_util_des: 0.499, des_th: 0.4991245568897232,frac_lost: 0.104, li_recovered:  8.458, time: 0.009643503000916098
L: 0.50, u_super: 0.00225, sec: 120.989, prod: 0.050098, t_ads: 85.6, t_des: 78.9, bed_util_ads: 0.492, bed_util_des: 0.491, des_th: 0.4915699281296223,frac_lost: 0.105, li_recovered:  8.240, time: 0.010343975000068895
L: 0.50, u_super: 0.00656, sec: 367.115, prod: 0.148615, t_ads: 29.5, t_des: 26.5, bed_util_ads: 0.500, bed_util_des: 0.500, des_th: 0.49986339210762815,frac_lost: 0.100, li_recovered:  8.322, time: 0.009439426999961142
L: 0.50, u_super: 0.00954, sec: 554.237, prod: 0.215979, t_ads: 20.5, t_des: 18.8, bed_util_ads: 0.498, bed_util_des: 0.498, des_th: 0.49806802818547335,frac_lost: 0.107, li_recovered:  8.487, time: 0.009600936999049736
L: 0.50, u_super: 0.00359, sec: 195.658, prod: 0.080349, t_ads: 54.2, t_des: 47.8, bed_util_ads: 0.500, bed_util_des: 0.500, des_th: 0.4998019205360954,frac_lost: 0.108, li_recovered:  8.194, time: 0.01072711300002993
   590 |    23600 |     40 |  0.0036964412 |             f
L: 0.50, u_super: 0.00609, sec: 339.040, prod: 0.137601, t_ads: 32.0, t_des: 29.5, bed_util_ads: 0.497, bed_util_des: 0.497, des_th: 0.49654652656960707,frac_lost: 0.104, li_recovered:  8.457, time: 0.009022879999974975
L: 21.96, u_super: 0.00687 — INFEASIBLE (li_recovered=0.000e+00), time: 0.0018419539992464706
L: 0.50, u_super: 0.00151, sec: 82.192, prod: 0.033008, t_ads: 126.2, t_des: 124.3, bed_util_ads: 0.479, bed_util_des: 0.478, des_th: 0.477751502022888,frac_lost: 0.104, li_recovered:  8.270, time: 0.01311453999915102
L: 0.50, u_super: 0.00795, sec: 455.670, prod: 0.178941, t_ads: 24.4, t_des: 23.7, bed_util_ads: 0.491, bed_util_des: 0.490, des_th: 0.49042877070662383,frac_lost: 0.101, li_recovered:  8.605, time: 0.009051745000761002
L: 0.50, u_super: 0.00005, sec: 4.332, prod: 0.000668, t_ads: 3399.4, t_des: 5772.9, bed_util_ads: 0.251, bed_util_des: 0.185, des_th: 0.1851696623157332,frac_lost: 0.100, li_recovered:  6.129, time: 0.010601731000861037
L: 0.50, u_super: 0.00476, sec: 338.229, prod: 0.082833, t_ads: 41.2, t_des: 63.6, bed_util_ads: 0.430, bed_util_des: 0.429, des_th: 0.42886866399643936,frac_lost: 0.108, li_recovered:  8.681, time: 0.010798764000355732
L: 0.50, u_super: 0.00631, sec: 352.172, prod: 0.142663, t_ads: 30.9, t_des: 27.8, bed_util_ads: 0.500, bed_util_des: 0.499, des_th: 0.4994511030228954,frac_lost: 0.104, li_recovered:  8.369, time: 0.009480184000494773
L: 0.50, u_super: 0.00495, sec: 271.801, prod: 0.111655, t_ads: 39.2, t_des: 35.4, bed_util_ads: 0.498, bed_util_des: 0.498, des_th: 0.49786750997565177,frac_lost: 0.103, li_recovered:  8.334, time: 0.007812358999217395
L: 0.50, u_super: 0.00500, sec: 275.078, prod: 0.112689, t_ads: 39.0, t_des: 35.2, bed_util_ads: 0.499, bed_util_des: 0.499, des_th: 0.49859628831444724,frac_lost: 0.105, li_recovered:  8.354, time: 0.007295717001397861
L: 10.69, u_super: 0.00037 — INFEASIBLE (li_recovered=0.000e+00), time: 0.0015048719997139415
L: 0.50, u_super: 0.00335, sec: 181.642, prod: 0.074824, t_ads: 58.2, t_des: 51.8, bed_util_ads: 0.498, bed_util_des: 0.498, des_th: 0.4982319078627326,frac_lost: 0.109, li_recovered:  8.232, time: 0.006898305999129661
L: 0.50, u_super: 0.00623, sec: 346.615, prod: 0.140964, t_ads: 31.2, t_des: 28.5, bed_util_ads: 0.497, bed_util_des: 0.497, des_th: 0.497337014562286,frac_lost: 0.101, li_recovered:  8.415, time: 0.006751957000233233
L: 0.50, u_super: 0.00910, sec: 525.158, prod: 0.206240, t_ads: 21.5, t_des: 19.5, bed_util_ads: 0.498, bed_util_des: 0.498, des_th: 0.49821460269623646,frac_lost: 0.105, li_recovered:  8.452, time: 0.008204802999898675
L: 0.50, u_super: 0.00265, sec: 143.433, prod: 0.058999, t_ads: 72.6, t_des: 63.7, bed_util_ads: 0.498, bed_util_des: 0.498, des_th: 0.49795304416361796,frac_lost: 0.102, li_recovered:  8.040, time: 0.0073011059994314564
L: 0.50, u_super: 0.00970, sec: 602.499, prod: 0.205711, t_ads: 20.1, t_des: 22.2, bed_util_ads: 0.474, bed_util_des: 0.473, des_th: 0.4733120405202036,frac_lost: 0.103, li_recovered:  8.711, time: 0.006244583999432507
L: 0.50, u_super: 0.00485, sec: 266.007, prod: 0.109288, t_ads: 40.1, t_des: 36.3, bed_util_ads: 0.498, bed_util_des: 0.498, des_th: 0.4979524178154496,frac_lost: 0.104, li_recovered:  8.345, time: 0.008752670000831131
L: 0.50, u_super: 0.00773, sec: 437.511, prod: 0.175342, t_ads: 25.1, t_des: 23.0, bed_util_ads: 0.498, bed_util_des: 0.498, des_th: 0.49811587335159524,frac_lost: 0.100, li_recovered:  8.437, time: 0.00892553799894813
L: 0.50, u_super: 0.00950, sec: 550.376, prod: 0.215394, t_ads: 20.5, t_des: 18.7, bed_util_ads: 0.500, bed_util_des: 0.500, des_th: 0.4996409305491848,frac_lost: 0.104, li_recovered:  8.448, time: 0.007810503999280627
L: 0.50, u_super: 0.00829, sec: 474.954, prod: 0.187481, t_ads: 23.6, t_des: 21.6, bed_util_ads: 0.498, bed_util_des: 0.498, des_th: 0.4982210855408742,frac_lost: 0.108, li_recovered:  8.487, time: 0.008597034000558779
L: 0.50, u_super: 0.00033, sec: 21.300, prod: 0.006103, t_ads: 506.6, t_des: 452.0, bed_util_ads: 0.452, bed_util_des: 0.451, des_th: 0.4514732209304643,frac_lost: 0.101, li_recovered:  5.851, time: 0.00876511800015578
L: 0.50, u_super: 0.00210, sec: 115.571, prod: 0.045507, t_ads: 91.9, t_des: 93.9, bed_util_ads: 0.478, bed_util_des: 0.477, des_th: 0.47700985115063066,frac_lost: 0.105, li_recovered:  8.453, time: 0.007810797000274761
L: 0.50, u_super: 0.00063 — INFEASIBLE (li_recovered=0.000e+00), time: 0.005232657000306062
L: 0.50, u_super: 0.00548, sec: 326.822, prod: 0.114550, t_ads: 35.5, t_des: 40.2, bed_util_ads: 0.470, bed_util_des: 0.470, des_th: 0.46981237641600276,frac_lost: 0.102, li_recovered:  8.665, time: 0.00685166099901835
L: 29.22, u_super: 0.00808 — INFEASIBLE (li_recovered=0.000e+00), time: 0.0026154419992963085
L: 0.50, u_super: 0.00921, sec: 532.835, prod: 0.208626, t_ads: 21.2, t_des: 19.2, bed_util_ads: 0.500, bed_util_des: 0.500, des_th: 0.4999597053093347,frac_lost: 0.107, li_recovered:  8.445, time: 0.008559755000533187
L: 34.49, u_super: 0.00005 — INFEASIBLE (li_recovered=0.000e+00), time: 0.0012454719999368535
L: 0.50, u_super: 0.00861, sec: 637.019, prod: 0.151180, t_ads: 22.6, t_des: 35.0, bed_util_ads: 0.433, bed_util_des: 0.432, des_th: 0.43188094917303915,frac_lost: 0.103, li_recovered:  8.718, time: 0.011000272001183475
L: 0.50, u_super: 0.00216, sec: 117.407, prod: 0.047440, t_ads: 89.3, t_des: 76.7, bed_util_ads: 0.500, bed_util_des: 0.500, des_th: 0.49988431129526006,frac_lost: 0.107, li_recovered:  7.879, time: 0.006843892000688356
L: 0.50, u_super: 0.00120, sec: 65.304, prod: 0.026170, t_ads: 157.4, t_des: 151.7, bed_util_ads: 0.479, bed_util_des: 0.478, des_th: 0.47793510565126923,frac_lost: 0.103, li_recovered:  8.090, time: 0.009131849999903352
L: 0.50, u_super: 0.00308, sec: 166.061, prod: 0.069054, t_ads: 62.6, t_des: 57.0, bed_util_ads: 0.496, bed_util_des: 0.495, des_th: 0.49547232718483325,frac_lost: 0.102, li_recovered:  8.260, time: 0.008508203998644603
L: 43.67, u_super: 0.00088 — INFEASIBLE (li_recovered=0.000e+00), time: 0.0011492089997773292
L: 0.50, u_super: 0.00535, sec: 297.071, prod: 0.120247, t_ads: 36.2, t_des: 34.9, bed_util_ads: 0.491, bed_util_des: 0.490, des_th: 0.4904436536375194,frac_lost: 0.102, li_recovered:  8.551, time: 0.006084711998482817
L: 0.50, u_super: 0.00063 — INFEASIBLE (li_recovered=0.000e+00), time: 0.0035055640000791755
L: 0.50, u_super: 0.00380, sec: 206.780, prod: 0.085135, t_ads: 51.1, t_des: 45.3, bed_util_ads: 0.500, bed_util_des: 0.500, des_th: 0.4999993742871025,frac_lost: 0.105, li_recovered:  8.207, time: 0.007301753999854554
L: 0.50, u_super: 0.00249, sec: 134.698, prod: 0.055254, t_ads: 77.4, t_des: 67.9, bed_util_ads: 0.498, bed_util_des: 0.498, des_th: 0.49804796304009563,frac_lost: 0.105, li_recovered:  8.030, time: 0.007911282000350184
L: 0.50, u_super: 0.00278, sec: 150.137, prod: 0.061826, t_ads: 69.4, t_des: 61.1, bed_util_ads: 0.498, bed_util_des: 0.498, des_th: 0.49805751018122935,frac_lost: 0.103, li_recovered:  8.067, time: 0.007260067000970594
L: 2.31, u_super: 0.00939, sec: 2588.096, prod: 0.206549, t_ads: 93.9, t_des: 81.4, bed_util_ads: 0.499, bed_util_des: 0.498, des_th: 0.4984099538036831,frac_lost: 0.101, li_recovered:  36.206, time: 0.005098315999930492
L: 0.50, u_super: 0.00005, sec: 4.347, prod: 0.000666, t_ads: 3314.0, t_des: 5410.6, bed_util_ads: 0.255, bed_util_des: 0.193, des_th: 0.19370526212555053,frac_lost: 0.102, li_recovered:  5.810, time: 0.007133633998819278
L: 0.50, u_super: 0.00174, sec: 93.608, prod: 0.038426, t_ads: 109.9, t_des: 99.9, bed_util_ads: 0.491, bed_util_des: 0.491, des_th: 0.49081761714102845,frac_lost: 0.104, li_recovered:  8.062, time: 0.009054455998921185
L: 0.50, u_super: 0.00494, sec: 271.289, prod: 0.111235, t_ads: 39.4, t_des: 35.6, bed_util_ads: 0.498, bed_util_des: 0.498, des_th: 0.49820976241476306,frac_lost: 0.105, li_recovered:  8.348, time: 0.006426198000553995
   591 |    23640 |     40 |  0.0024062113 |             f
L: 0.50, u_super: 0.00770, sec: 438.306, prod: 0.173999, t_ads: 25.5, t_des: 23.3, bed_util_ads: 0.497, bed_util_des: 0.497, des_th: 0.49673962728675275,frac_lost: 0.109, li_recovered:  8.487, time: 0.007348383998760255
L: 0.50, u_super: 0.00929, sec: 538.945, prod: 0.209745, t_ads: 21.0, t_des: 19.8, bed_util_ads: 0.495, bed_util_des: 0.495, des_th: 0.4948541315747345,frac_lost: 0.105, li_recovered:  8.571, time: 0.0062022799993428634
L: 0.50, u_super: 0.00249, sec: 134.684, prod: 0.055260, t_ads: 77.4, t_des: 67.9, bed_util_ads: 0.498, bed_util_des: 0.498, des_th: 0.4980651521600225,frac_lost: 0.105, li_recovered:  8.033, time: 0.006414764000510331
L: 0.50, u_super: 0.00664, sec: 373.292, prod: 0.149817, t_ads: 29.5, t_des: 27.1, bed_util_ads: 0.497, bed_util_des: 0.496, des_th: 0.49650194389265573,frac_lost: 0.109, li_recovered:  8.480, time: 0.0064571370003250195
L: 0.50, u_super: 0.00005, sec: 4.328, prod: 0.000669, t_ads: 3450.2, t_des: 5911.5, bed_util_ads: 0.252, bed_util_des: 0.183, des_th: 0.18330619244410942,frac_lost: 0.102, li_recovered:  6.262, time: 0.006736928999089287
L: 0.50, u_super: 0.00063, sec: 36.178, prod: 0.012643, t_ads: 290.7, t_des: 250.1, bed_util_ads: 0.481, bed_util_des: 0.480, des_th: 0.48054241389035196,frac_lost: 0.100, li_recovered:  6.837, time: 0.006234805001440691
L: 12.62, u_super: 0.00979 — INFEASIBLE (li_recovered=0.000e+00), time: 0.0030216550003387965
L: 0.50, u_super: 0.00405, sec: 220.775, prod: 0.091023, t_ads: 47.9, t_des: 42.9, bed_util_ads: 0.499, bed_util_des: 0.499, des_th: 0.4991190813620805,frac_lost: 0.105, li_recovered:  8.268, time: 0.005516937000720645
L: 3.52, u_super: 0.00029 — INFEASIBLE (li_recovered=0.000e+00), time: 0.0011169669996888842
L: 0.50, u_super: 0.00130, sec: 71.978, prod: 0.027694, t_ads: 146.1, t_des: 122.6, bed_util_ads: 0.497, bed_util_des: 0.497, des_th: 0.4967957085991295,frac_lost: 0.105, li_recovered:  7.443, time: 0.005926338999415748
L: 3.49, u_super: 0.00768, sec: 3293.624, prod: 0.160690, t_ads: 170.6, t_des: 141.1, bed_util_ads: 0.496, bed_util_des: 0.496, des_th: 0.49582281802114886,frac_lost: 0.101, li_recovered:  50.083, time: 0.004935816999932285
L: 0.50, u_super: 0.00623, sec: 385.761, prod: 0.126974, t_ads: 31.4, t_des: 37.0, bed_util_ads: 0.465, bed_util_des: 0.464, des_th: 0.46428847431530035,frac_lost: 0.107, li_recovered:  8.687, time: 0.006616983000640175
L: 11.54, u_super: 0.00742 — INFEASIBLE (li_recovered=0.000e+00), time: 0.005364614000427537
L: 0.50, u_super: 0.00461, sec: 252.663, prod: 0.103684, t_ads: 42.2, t_des: 37.7, bed_util_ads: 0.500, bed_util_des: 0.500, des_th: 0.4995901048099881,frac_lost: 0.105, li_recovered:  8.288, time: 0.006200847001309739
L: 1.90, u_super: 0.00894, sec: 2004.991, prod: 0.197997, t_ads: 82.1, t_des: 72.2, bed_util_ads: 0.498, bed_util_des: 0.498, des_th: 0.4981545875200588,frac_lost: 0.105, li_recovered:  30.566, time: 0.008311794001201633
L: 0.50, u_super: 0.00875, sec: 503.592, prod: 0.198152, t_ads: 22.4, t_des: 20.3, bed_util_ads: 0.499, bed_util_des: 0.499, des_th: 0.4991748693703673,frac_lost: 0.107, li_recovered:  8.447, time: 0.008146320000378182
L: 0.50, u_super: 0.00742, sec: 418.840, prod: 0.168239, t_ads: 26.1, t_des: 24.2, bed_util_ads: 0.496, bed_util_des: 0.496, des_th: 0.4957463152836116,frac_lost: 0.100, li_recovered:  8.471, time: 0.008540289998563821
L: 0.50, u_super: 0.00088, sec: 48.795, prod: 0.018769, t_ads: 212.2, t_des: 190.3, bed_util_ads: 0.483, bed_util_des: 0.482, des_th: 0.4821743138461514,frac_lost: 0.105, li_recovered:  7.554, time: 0.008782900998994592
L: 25.70, u_super: 0.00990 — INFEASIBLE (li_recovered=0.000e+00), time: 0.0026647690010577207
L: 0.50, u_super: 0.00566, sec: 316.962, prod: 0.126613, t_ads: 34.3, t_des: 33.6, bed_util_ads: 0.489, bed_util_des: 0.488, des_th: 0.48827019443016895,frac_lost: 0.102, li_recovered:  8.592, time: 0.00969722799891315
L: 0.50, u_super: 0.00734, sec: 415.453, prod: 0.165623, t_ads: 26.7, t_des: 24.5, bed_util_ads: 0.498, bed_util_des: 0.497, des_th: 0.49744409379403615,frac_lost: 0.109, li_recovered:  8.481, time: 0.008411835000515566
L: 0.50, u_super: 0.00210, sec: 114.140, prod: 0.046077, t_ads: 91.9, t_des: 79.0, bed_util_ads: 0.500, bed_util_des: 0.500, des_th: 0.49987266926061585,frac_lost: 0.107, li_recovered:  7.873, time: 0.009946964000846492
L: 0.50, u_super: 0.00692, sec: 388.657, prod: 0.156872, t_ads: 28.0, t_des: 25.3, bed_util_ads: 0.499, bed_util_des: 0.499, des_th: 0.49937135737192195,frac_lost: 0.101, li_recovered:  8.375, time: 0.009138368999629165
L: 0.50, u_super: 0.00659, sec: 368.777, prod: 0.149298, t_ads: 29.5, t_des: 26.7, bed_util_ads: 0.498, bed_util_des: 0.498, des_th: 0.4982690002765857,frac_lost: 0.102, li_recovered:  8.377, time: 0.006965483000385575
L: 0.50, u_super: 0.00550, sec: 307.478, prod: 0.122885, t_ads: 35.3, t_des: 34.6, bed_util_ads: 0.489, bed_util_des: 0.488, des_th: 0.48828188901985725,frac_lost: 0.103, li_recovered:  8.590, time: 0.010019146000558976
L: 0.50, u_super: 0.00765, sec: 3845.117, prod: 0.019542, t_ads: 25.6, t_des: 423.7, bed_util_ads: 0.189, bed_util_des: 0.185, des_th: 0.1851696623157332,frac_lost: 0.103, li_recovered:  8.780, time: 0.06152479500087793
L: 0.50, u_super: 0.00894, sec: 542.067, prod: 0.192653, t_ads: 21.8, t_des: 23.3, bed_util_ads: 0.478, bed_util_des: 0.478, des_th: 0.47793510565126923,frac_lost: 0.105, li_recovered:  8.704, time: 0.012119386999984272
L: 0.50, u_super: 0.00063, sec: 35.100, prod: 0.013031, t_ads: 294.0, t_des: 288.0, bed_util_ads: 0.464, bed_util_des: 0.462, des_th: 0.46199418870170267,frac_lost: 0.103, li_recovered:  7.584, time: 0.008799236000413657
L: 0.50, u_super: 0.00341, sec: 184.557, prod: 0.076379, t_ads: 56.6, t_des: 50.4, bed_util_ads: 0.499, bed_util_des: 0.498, des_th: 0.49833181611688016,frac_lost: 0.101, li_recovered:  8.176, time: 0.009789740999622154
L: 0.50, u_super: 0.00183, sec: 98.484, prod: 0.040448, t_ads: 104.3, t_des: 93.6, bed_util_ads: 0.493, bed_util_des: 0.493, des_th: 0.49265901901385867,frac_lost: 0.101, li_recovered:  8.004, time: 0.011271622001004289
L: 0.50, u_super: 0.00946, sec: 549.107, prod: 0.214156, t_ads: 20.7, t_des: 19.2, bed_util_ads: 0.496, bed_util_des: 0.495, des_th: 0.49548331479061014,frac_lost: 0.105, li_recovered:  8.531, time: 0.014598365998608642
L: 0.50, u_super: 0.00546, sec: 301.302, prod: 0.123226, t_ads: 35.6, t_des: 32.0, bed_util_ads: 0.500, bed_util_des: 0.499, des_th: 0.49936553078087753,frac_lost: 0.102, li_recovered:  8.320, time: 0.010410661001515109
L: 0.50, u_super: 0.00150, sec: 81.929, prod: 0.032346, t_ads: 127.7, t_des: 109.1, bed_util_ads: 0.497, bed_util_des: 0.496, des_th: 0.4964933779543802,frac_lost: 0.106, li_recovered:  7.659, time: 0.013465615000313846
L: 8.97, u_super: 0.00861 — INFEASIBLE (li_recovered=0.000e+00), time: 0.005625855999824125
L: 0.50, u_super: 0.00660, sec: 369.265, prod: 0.149362, t_ads: 29.4, t_des: 26.3, bed_util_ads: 0.500, bed_util_des: 0.500, des_th: 0.4999155242298422,frac_lost: 0.100, li_recovered:  8.309, time: 0.01025013100115757
L: 0.50, u_super: 0.00868, sec: 3210.302, prod: 0.030515, t_ads: 22.6, t_des: 265.0, bed_util_ads: 0.217, bed_util_des: 0.214, des_th: 0.2139262741683131,frac_lost: 0.105, li_recovered:  8.777, time: 0.06310327800019877
L: 0.50, u_super: 0.00580, sec: 334.939, prod: 0.125749, t_ads: 33.5, t_des: 35.4, bed_util_ads: 0.478, bed_util_des: 0.478, des_th: 0.4779419302578069,frac_lost: 0.101, li_recovered:  8.656, time: 0.009835988999839174
L: 0.50, u_super: 0.00277, sec: 149.257, prod: 0.061922, t_ads: 69.6, t_des: 65.5, bed_util_ads: 0.491, bed_util_des: 0.490, des_th: 0.4903020342343287,frac_lost: 0.102, li_recovered:  8.366, time: 0.010009984000134864
L: 0.50, u_super: 0.00829, sec: 473.811, prod: 0.187668, t_ads: 23.6, t_des: 21.4, bed_util_ads: 0.498, bed_util_des: 0.498, des_th: 0.4982210855408742,frac_lost: 0.105, li_recovered:  8.441, time: 0.01024526900073397
L: 0.50, u_super: 0.00031, sec: 19.679, prod: 0.005822, t_ads: 560.1, t_des: 653.4, bed_util_ads: 0.417, bed_util_des: 0.408, des_th: 0.4079785705991631,frac_lost: 0.103, li_recovered:  7.065, time: 0.013244252000731649
   592 |    23680 |     40 |  0.0027029365 |             f
L: 0.50, u_super: 0.00500, sec: 275.046, prod: 0.112702, t_ads: 38.8, t_des: 34.7, bed_util_ads: 0.500, bed_util_des: 0.500, des_th: 0.4999582945387,frac_lost: 0.103, li_recovered:  8.288, time: 0.009564870999383857
L: 0.50, u_super: 0.00249, sec: 134.646, prod: 0.055276, t_ads: 77.4, t_des: 68.0, bed_util_ads: 0.498, bed_util_des: 0.498, des_th: 0.4980710896041137,frac_lost: 0.105, li_recovered:  8.038, time: 0.009213588000420714
L: 0.50, u_super: 0.00990, sec: 578.119, prod: 0.223991, t_ads: 19.7, t_des: 18.5, bed_util_ads: 0.494, bed_util_des: 0.494, des_th: 0.4941062153679922,frac_lost: 0.104, li_recovered:  8.566, time: 0.011337288000504486
L: 0.50, u_super: 0.00375, sec: 203.889, prod: 0.084212, t_ads: 51.7, t_des: 46.3, bed_util_ads: 0.498, bed_util_des: 0.498, des_th: 0.4982210855408742,frac_lost: 0.105, li_recovered:  8.257, time: 0.00687793199904263
L: 0.50, u_super: 0.00571, sec: 315.830, prod: 0.129142, t_ads: 34.0, t_des: 30.9, bed_util_ads: 0.498, bed_util_des: 0.498, des_th: 0.4979524178154496,frac_lost: 0.101, li_recovered:  8.373, time: 0.00884513699929812
L: 0.50, u_super: 0.00546, sec: 301.774, prod: 0.123354, t_ads: 35.6, t_des: 33.0, bed_util_ads: 0.496, bed_util_des: 0.496, des_th: 0.4957463152836116,frac_lost: 0.103, li_recovered:  8.454, time: 0.00897974500003329
L: 2.81, u_super: 0.00782, sec: 2639.111, prod: 0.167146, t_ads: 135.9, t_des: 114.4, bed_util_ads: 0.497, bed_util_des: 0.497, des_th: 0.497337014562286,frac_lost: 0.100, li_recovered:  41.836, time: 0.010597628001050907
L: 0.50, u_super: 0.00005, sec: 4.332, prod: 0.000668, t_ads: 3399.4, t_des: 5772.9, bed_util_ads: 0.251, bed_util_des: 0.185, des_th: 0.1851696623157332,frac_lost: 0.100, li_recovered:  6.129, time: 0.010707478000767878
L: 0.50, u_super: 0.00088, sec: 48.713, prod: 0.018800, t_ads: 211.0, t_des: 190.1, bed_util_ads: 0.483, bed_util_des: 0.482, des_th: 0.48219952637762564,frac_lost: 0.101, li_recovered:  7.540, time: 0.01221611000073608
L: 0.50, u_super: 0.00560, sec: 323.107, prod: 0.121175, t_ads: 34.7, t_des: 36.7, bed_util_ads: 0.478, bed_util_des: 0.478, des_th: 0.477751502022888,frac_lost: 0.102, li_recovered:  8.654, time: 0.010793161000037799
L: 0.50, u_super: 0.00317, sec: 170.920, prod: 0.071095, t_ads: 60.8, t_des: 54.9, bed_util_ads: 0.496, bed_util_des: 0.496, des_th: 0.4957463152836116,frac_lost: 0.100, li_recovered:  8.222, time: 0.011860530999911134
L: 0.50, u_super: 0.00869, sec: 509.855, prod: 0.192673, t_ads: 22.4, t_des: 22.6, bed_util_ads: 0.486, bed_util_des: 0.486, des_th: 0.48620833888830395,frac_lost: 0.104, li_recovered:  8.670, time: 0.012885291998827597
L: 0.50, u_super: 0.00566, sec: 314.172, prod: 0.127737, t_ads: 34.2, t_des: 32.5, bed_util_ads: 0.493, bed_util_des: 0.493, des_th: 0.4926322132706007,frac_lost: 0.101, li_recovered:  8.521, time: 0.013026362999880803
L: 0.50, u_super: 0.00308, sec: 166.172, prod: 0.069011, t_ads: 62.8, t_des: 57.1, bed_util_ads: 0.496, bed_util_des: 0.495, des_th: 0.4953336778982563,frac_lost: 0.104, li_recovered:  8.270, time: 0.009465928000281565
L: 0.50, u_super: 0.00988, sec: 575.826, prod: 0.224161, t_ads: 19.7, t_des: 18.2, bed_util_ads: 0.498, bed_util_des: 0.498, des_th: 0.4981971540872479,frac_lost: 0.104, li_recovered:  8.496, time: 0.01865879499928269
L: 0.50, u_super: 0.00183, sec: 99.017, prod: 0.040230, t_ads: 104.3, t_des: 91.4, bed_util_ads: 0.496, bed_util_des: 0.496, des_th: 0.49580168220012627,frac_lost: 0.102, li_recovered:  7.875, time: 0.01401839000027394
L: 0.50, u_super: 0.00608, sec: 337.818, prod: 0.137678, t_ads: 31.9, t_des: 28.9, bed_util_ads: 0.498, bed_util_des: 0.498, des_th: 0.4980651521600225,frac_lost: 0.100, li_recovered:  8.361, time: 0.00980373799939116
L: 0.50, u_super: 0.00294, sec: 158.540, prod: 0.065571, t_ads: 65.7, t_des: 58.4, bed_util_ads: 0.498, bed_util_des: 0.498, des_th: 0.4982319078627326,frac_lost: 0.103, li_recovered:  8.138, time: 0.012371431999781635
L: 0.50, u_super: 0.00989, sec: 600.435, prod: 0.215349, t_ads: 19.7, t_des: 20.7, bed_util_ads: 0.481, bed_util_des: 0.480, des_th: 0.4803272276162844,frac_lost: 0.104, li_recovered:  8.704, time: 0.010764894001113134
L: 0.50, u_super: 0.00398, sec: 223.762, prod: 0.086602, t_ads: 48.8, t_des: 50.5, bed_util_ads: 0.480, bed_util_des: 0.480, des_th: 0.47991258843867857,frac_lost: 0.105, li_recovered:  8.604, time: 0.011036612999305362
L: 0.50, u_super: 0.00894, sec: 514.847, prod: 0.202582, t_ads: 21.8, t_des: 19.8, bed_util_ads: 0.498, bed_util_des: 0.498, des_th: 0.49820866525214524,frac_lost: 0.105, li_recovered:  8.442, time: 0.009688053998615942
L: 0.50, u_super: 0.00699, sec: 394.551, prod: 0.157817, t_ads: 28.0, t_des: 25.8, bed_util_ads: 0.497, bed_util_des: 0.496, des_th: 0.4964946257708765,frac_lost: 0.109, li_recovered:  8.486, time: 0.00954059200012125
L: 61.50, u_super: 0.00896 — INFEASIBLE (li_recovered=0.000e+00), time: 0.0022853860009490745
L: 0.50, u_super: 0.00741, sec: 499.622, prod: 0.140764, t_ads: 26.4, t_des: 35.5, bed_util_ads: 0.449, bed_util_des: 0.449, des_th: 0.44876719027890855,frac_lost: 0.106, li_recovered:  8.707, time: 0.011373593000826077
L: 0.50, u_super: 0.00277, sec: 149.048, prod: 0.061873, t_ads: 69.7, t_des: 65.1, bed_util_ads: 0.491, bed_util_des: 0.490, des_th: 0.4903020342343287,frac_lost: 0.103, li_recovered:  8.340, time: 0.008251540000856039
L: 0.50, u_super: 0.00633, sec: 353.559, prod: 0.143130, t_ads: 30.8, t_des: 27.7, bed_util_ads: 0.500, bed_util_des: 0.499, des_th: 0.49944993362299395,frac_lost: 0.104, li_recovered:  8.370, time: 0.011698984999384265
L: 0.50, u_super: 0.00926, sec: 535.194, prod: 0.209951, t_ads: 21.1, t_des: 19.1, bed_util_ads: 0.500, bed_util_des: 0.499, des_th: 0.4994364174989553,frac_lost: 0.104, li_recovered:  8.442, time: 0.008675181999933557
L: 0.50, u_super: 0.00196, sec: 105.782, prod: 0.043331, t_ads: 98.2, t_des: 87.6, bed_util_ads: 0.494, bed_util_des: 0.494, des_th: 0.4935455185058543,frac_lost: 0.107, li_recovered:  8.051, time: 0.00987252100094338
L: 0.50, u_super: 0.00741, sec: 418.847, prod: 0.168009, t_ads: 26.2, t_des: 23.4, bed_util_ads: 0.500, bed_util_des: 0.500, des_th: 0.4995901048099881,frac_lost: 0.100, li_recovered:  8.331, time: 0.009950301999197109
L: 0.50, u_super: 0.00006, sec: 4.869, prod: 0.000767, t_ads: 3042.4, t_des: 5281.8, bed_util_ads: 0.258, bed_util_des: 0.192, des_th: 0.19222120889736358,frac_lost: 0.101, li_recovered:  6.386, time: 0.011262801999691874
L: 0.50, u_super: 0.00743, sec: 419.347, prod: 0.168415, t_ads: 26.1, t_des: 23.6, bed_util_ads: 0.499, bed_util_des: 0.498, des_th: 0.4984307980750054,frac_lost: 0.101, li_recovered:  8.383, time: 0.009438613000384066
L: 0.50, u_super: 0.00958, sec: 555.881, prod: 0.217402, t_ads: 20.4, t_des: 18.5, bed_util_ads: 0.500, bed_util_des: 0.500, des_th: 0.4996211495727158,frac_lost: 0.104, li_recovered:  8.448, time: 0.01412519600125961
L: 0.50, u_super: 0.00864, sec: 495.807, prod: 0.195608, t_ads: 22.6, t_des: 20.3, bed_util_ads: 0.500, bed_util_des: 0.499, des_th: 0.49943545549522417,frac_lost: 0.105, li_recovered:  8.397, time: 0.010224611000012374
L: 0.50, u_super: 0.00405, sec: 220.775, prod: 0.091023, t_ads: 47.9, t_des: 42.9, bed_util_ads: 0.499, bed_util_des: 0.499, des_th: 0.4991190813620805,frac_lost: 0.105, li_recovered:  8.268, time: 0.014729676999195362
L: 0.50, u_super: 0.00250, sec: 134.587, prod: 0.055703, t_ads: 76.9, t_des: 68.8, bed_util_ads: 0.497, bed_util_des: 0.496, des_th: 0.49650194389265573,frac_lost: 0.102, li_recovered:  8.118, time: 0.009654815999965649
L: 18.58, u_super: 0.00464 — INFEASIBLE (li_recovered=0.000e+00), time: 0.0029135660006431863
L: 0.50, u_super: 0.00525, sec: 289.274, prod: 0.118657, t_ads: 36.9, t_des: 34.3, bed_util_ads: 0.495, bed_util_des: 0.495, des_th: 0.4952403894790664,frac_lost: 0.101, li_recovered:  8.445, time: 0.009342542000013054
L: 0.50, u_super: 0.00800, sec: 455.944, prod: 0.180850, t_ads: 24.5, t_des: 22.2, bed_util_ads: 0.499, bed_util_des: 0.498, des_th: 0.49843673273326905,frac_lost: 0.107, li_recovered:  8.448, time: 0.009399231001225417
L: 0.50, u_super: 0.00307, sec: 166.000, prod: 0.068636, t_ads: 62.9, t_des: 55.9, bed_util_ads: 0.498, bed_util_des: 0.498, des_th: 0.49818435528899524,frac_lost: 0.103, li_recovered:  8.159, time: 0.011298339000859414
L: 0.50, u_super: 0.00984, sec: 572.639, prod: 0.223246, t_ads: 19.8, t_des: 18.0, bed_util_ads: 0.500, bed_util_des: 0.499, des_th: 0.4994120729994998,frac_lost: 0.104, li_recovered:  8.454, time: 0.008655884999825503
   593 |    23720 |     40 |  0.0018589461 |             f
L: 0.50, u_super: 0.00130, sec: 71.978, prod: 0.027694, t_ads: 146.1, t_des: 122.6, bed_util_ads: 0.497, bed_util_des: 0.497, des_th: 0.4967957085991295,frac_lost: 0.105, li_recovered:  7.443, time: 0.008681199000420747
L: 33.60, u_super: 0.00756 — INFEASIBLE (li_recovered=0.000e+00), time: 0.0025528200003464008
L: 8.73, u_super: 0.00530 — INFEASIBLE (li_recovered=0.000e+00), time: 0.004097839999303687
L: 0.50, u_super: 0.00121, sec: 462.111, prod: 0.003723, t_ads: 163.2, t_des: 2202.6, bed_util_ads: 0.196, bed_util_des: 0.176, des_th: 0.17565659495233438,frac_lost: 0.103, li_recovered:  8.809, time: 0.05449262100046326
L: 5.00, u_super: 0.00088 — INFEASIBLE (li_recovered=0.000e+00), time: 0.0023787040008755866
L: 0.50, u_super: 0.00874, sec: 502.683, prod: 0.197915, t_ads: 22.4, t_des: 20.3, bed_util_ads: 0.500, bed_util_des: 0.500, des_th: 0.4996211495727158,frac_lost: 0.106, li_recovered:  8.440, time: 0.008806402000118396
L: 0.50, u_super: 0.00025 — INFEASIBLE (li_recovered=0.000e+00), time: 0.0026615189999574795
L: 0.50, u_super: 0.00798, sec: 453.384, prod: 0.180919, t_ads: 24.3, t_des: 22.0, bed_util_ads: 0.499, bed_util_des: 0.499, des_th: 0.4985558723030229,frac_lost: 0.101, li_recovered:  8.383, time: 0.00828951000039524
L: 0.50, u_super: 0.00895, sec: 516.791, prod: 0.202462, t_ads: 21.9, t_des: 20.3, bed_util_ads: 0.497, bed_util_des: 0.496, des_th: 0.49650194389265573,frac_lost: 0.107, li_recovered:  8.527, time: 0.007486182999855373
L: 3.99, u_super: 0.00829 — INFEASIBLE (li_recovered=0.000e+00), time: 0.004168403000221588
L: 69.25, u_super: 0.00005 — INFEASIBLE (li_recovered=0.000e+00), time: 0.0009571310001774691
L: 0.50, u_super: 0.00375, sec: 204.094, prod: 0.084127, t_ads: 51.9, t_des: 46.4, bed_util_ads: 0.498, bed_util_des: 0.498, des_th: 0.4981893188470969,frac_lost: 0.107, li_recovered:  8.267, time: 0.008294309000120847
L: 0.50, u_super: 0.00573, sec: 317.601, prod: 0.129388, t_ads: 33.8, t_des: 31.9, bed_util_ads: 0.493, bed_util_des: 0.492, des_th: 0.49245740644329505,frac_lost: 0.100, li_recovered:  8.498, time: 0.00688495999929728
L: 28.59, u_super: 0.00252 — INFEASIBLE (li_recovered=0.000e+00), time: 0.0011865460000990424
L: 20.61, u_super: 0.00500 — INFEASIBLE (li_recovered=0.000e+00), time: 0.002468361000865116
L: 1.39, u_super: 0.00980, sec: 1602.625, prod: 0.219057, t_ads: 55.0, t_des: 48.6, bed_util_ads: 0.500, bed_util_des: 0.499, des_th: 0.4993917136158143,frac_lost: 0.107, li_recovered:  22.698, time: 0.007502907001253334
L: 0.50, u_super: 0.00633, sec: 353.173, prod: 0.143287, t_ads: 30.6, t_des: 27.5, bed_util_ads: 0.500, bed_util_des: 0.499, des_th: 0.49944993362299395,frac_lost: 0.101, li_recovered:  8.321, time: 0.008440650000920868
L: 0.50, u_super: 0.00033, sec: 20.200, prod: 0.006435, t_ads: 519.7, t_des: 531.5, bed_util_ads: 0.438, bed_util_des: 0.433, des_th: 0.4333175085651362,frac_lost: 0.103, li_recovered:  6.765, time: 0.006641300999035593
L: 0.50, u_super: 0.00803, sec: 457.665, prod: 0.181582, t_ads: 24.4, t_des: 22.4, bed_util_ads: 0.498, bed_util_des: 0.497, des_th: 0.4974816905519521,frac_lost: 0.106, li_recovered:  8.486, time: 0.006207050999364583
L: 0.50, u_super: 0.00798, sec: 454.817, prod: 0.180349, t_ads: 24.6, t_des: 22.3, bed_util_ads: 0.499, bed_util_des: 0.498, des_th: 0.49845879672925253,frac_lost: 0.108, li_recovered:  8.449, time: 0.006031491000612732
L: 0.50, u_super: 0.00500, sec: 275.046, prod: 0.112702, t_ads: 38.8, t_des: 34.7, bed_util_ads: 0.500, bed_util_des: 0.500, des_th: 0.4999582945387,frac_lost: 0.103, li_recovered:  8.288, time: 0.005421562000265112
L: 0.50, u_super: 0.00926, sec: 535.679, prod: 0.209761, t_ads: 21.1, t_des: 18.9, bed_util_ads: 0.500, bed_util_des: 0.500, des_th: 0.499853824799705,frac_lost: 0.105, li_recovered:  8.392, time: 0.004715695999038871
L: 0.50, u_super: 0.00011 — INFEASIBLE (li_recovered=0.000e+00), time: 0.002362362998610479
L: 0.50, u_super: 0.00007 — INFEASIBLE (li_recovered=0.000e+00), time: 0.0023770369989506435
L: 0.50, u_super: 0.00151, sec: 81.759, prod: 0.033183, t_ads: 126.2, t_des: 113.4, bed_util_ads: 0.491, bed_util_des: 0.491, des_th: 0.4907862851467904,frac_lost: 0.105, li_recovered:  7.950, time: 0.005592583000179729
L: 0.50, u_super: 0.00942, sec: 601.061, prod: 0.193960, t_ads: 20.7, t_des: 24.2, bed_util_ads: 0.467, bed_util_des: 0.467, des_th: 0.46691006218975345,frac_lost: 0.103, li_recovered:  8.713, time: 0.008929600000556093
L: 0.50, u_super: 0.00183, sec: 115.319, prod: 0.034543, t_ads: 105.3, t_des: 140.5, bed_util_ads: 0.443, bed_util_des: 0.440, des_th: 0.4398774508869792,frac_lost: 0.104, li_recovered:  8.489, time: 0.007083078999130521
L: 0.50, u_super: 0.00970, sec: 567.355, prod: 0.218454, t_ads: 20.1, t_des: 19.3, bed_util_ads: 0.493, bed_util_des: 0.492, des_th: 0.4924928599998046,frac_lost: 0.103, li_recovered:  8.615, time: 0.006185144000482978
L: 0.50, u_super: 0.00249, sec: 134.270, prod: 0.055146, t_ads: 77.7, t_des: 68.3, bed_util_ads: 0.498, bed_util_des: 0.498, des_th: 0.49820866525214524,frac_lost: 0.105, li_recovered:  8.047, time: 0.005978261999189272
L: 0.50, u_super: 0.00633, sec: 353.629, prod: 0.143102, t_ads: 30.7, t_des: 27.4, bed_util_ads: 0.500, bed_util_des: 0.500, des_th: 0.4997891382706609,frac_lost: 0.103, li_recovered:  8.313, time: 0.005214319000515388
L: 0.50, u_super: 0.00768, sec: 4152.943, prod: 0.018258, t_ads: 25.5, t_des: 455.5, bed_util_ads: 0.183, bed_util_des: 0.179, des_th: 0.1793687320010745,frac_lost: 0.103, li_recovered:  8.781, time: 0.0566810769996664
L: 0.50, u_super: 0.00405, sec: 220.832, prod: 0.090999, t_ads: 47.9, t_des: 42.8, bed_util_ads: 0.499, bed_util_des: 0.499, des_th: 0.49915084805372995,frac_lost: 0.105, li_recovered:  8.253, time: 0.007916950000435463
L: 0.50, u_super: 0.00202, sec: 109.393, prod: 0.044568, t_ads: 95.6, t_des: 84.0, bed_util_ads: 0.497, bed_util_des: 0.497, des_th: 0.4967035564265307,frac_lost: 0.109, li_recovered:  8.003, time: 0.007293620999917039
L: 21.54, u_super: 0.00151 — INFEASIBLE (li_recovered=0.000e+00), time: 0.0015018340000096941
L: 0.50, u_super: 0.00120, sec: 65.383, prod: 0.026138, t_ads: 157.2, t_des: 153.3, bed_util_ads: 0.477, bed_util_des: 0.476, des_th: 0.4758879945755879,frac_lost: 0.102, li_recovered:  8.116, time: 0.010201985998719465
L: 0.50, u_super: 0.00990, sec: 576.414, prod: 0.224606, t_ads: 19.7, t_des: 17.9, bed_util_ads: 0.500, bed_util_des: 0.500, des_th: 0.49964744367363295,frac_lost: 0.104, li_recovered:  8.452, time: 0.00840195499949914
L: 0.50, u_super: 0.00776, sec: 440.078, prod: 0.176039, t_ads: 25.0, t_des: 22.6, bed_util_ads: 0.499, bed_util_des: 0.498, des_th: 0.4984877756619341,frac_lost: 0.101, li_recovered:  8.385, time: 0.009125459000642877
L: 0.50, u_super: 0.00856, sec: 491.439, prod: 0.193801, t_ads: 22.9, t_des: 20.7, bed_util_ads: 0.500, bed_util_des: 0.499, des_th: 0.4994364174989553,frac_lost: 0.107, li_recovered:  8.449, time: 0.00879329199960921
L: 0.50, u_super: 0.00033 — INFEASIBLE (li_recovered=0.000e+00), time: 0.004500969000218902
L: 4.44, u_super: 0.00216 — INFEASIBLE (li_recovered=0.000e+00), time: 0.0027129890004289337
   594 |    23760 |     40 |  0.0023769948 |             f
L: 4.08, u_super: 0.00935 — INFEASIBLE (li_recovered=0.000e+00), time: 0.004666040000302019
L: 0.50, u_super: 0.00990, sec: 576.845, prod: 0.224486, t_ads: 19.7, t_des: 17.9, bed_util_ads: 0.500, bed_util_des: 0.500, des_th: 0.4999601759436644,frac_lost: 0.105, li_recovered:  8.444, time: 0.00872281100055261
L: 0.50, u_super: 0.00560, sec: 309.952, prod: 0.126584, t_ads: 34.7, t_des: 31.4, bed_util_ads: 0.499, bed_util_des: 0.499, des_th: 0.4986044124847017,frac_lost: 0.103, li_recovered:  8.366, time: 0.010544611999648623
L: 0.50, u_super: 0.00033 — INFEASIBLE (li_recovered=0.000e+00), time: 0.0027651869986584643
L: 0.50, u_super: 0.00375, sec: 203.889, prod: 0.084212, t_ads: 51.7, t_des: 46.3, bed_util_ads: 0.498, bed_util_des: 0.498, des_th: 0.4982210855408742,frac_lost: 0.105, li_recovered:  8.257, time: 0.005588203999650432
L: 0.50, u_super: 0.00159, sec: 594.932, prod: 0.005045, t_ads: 123.9, t_des: 1620.2, bed_util_ads: 0.201, bed_util_des: 0.185, des_th: 0.1851696623157332,frac_lost: 0.105, li_recovered:  8.799, time: 0.0746536249989731
L: 0.50, u_super: 0.00130, sec: 70.128, prod: 0.028425, t_ads: 145.5, t_des: 138.4, bed_util_ads: 0.482, bed_util_des: 0.481, des_th: 0.48082098785492694,frac_lost: 0.100, li_recovered:  8.072, time: 0.011475092000182485
L: 0.50, u_super: 0.00571, sec: 329.371, prod: 0.123833, t_ads: 34.0, t_des: 35.9, bed_util_ads: 0.478, bed_util_des: 0.478, des_th: 0.4778900036530465,frac_lost: 0.101, li_recovered:  8.655, time: 0.012761709000187693
L: 0.50, u_super: 0.00072, sec: 43.617, prod: 0.013853, t_ads: 261.8, t_des: 318.2, bed_util_ads: 0.441, bed_util_des: 0.435, des_th: 0.4356120326896321,frac_lost: 0.106, li_recovered:  8.034, time: 0.011195061000762507
L: 0.50, u_super: 0.00204, sec: 109.917, prod: 0.044873, t_ads: 94.1, t_des: 82.5, bed_util_ads: 0.497, bed_util_des: 0.496, des_th: 0.49648477050700074,frac_lost: 0.102, li_recovered:  7.927, time: 0.011727297000106773
L: 0.50, u_super: 0.00183, sec: 98.524, prod: 0.040431, t_ads: 104.4, t_des: 93.7, bed_util_ads: 0.493, bed_util_des: 0.493, des_th: 0.4927896081722233,frac_lost: 0.102, li_recovered:  8.010, time: 0.008696144999703392
L: 0.50, u_super: 0.00130, sec: 70.318, prod: 0.028348, t_ads: 145.8, t_des: 132.2, bed_util_ads: 0.488, bed_util_des: 0.487, des_th: 0.48696475317156196,frac_lost: 0.102, li_recovered:  7.882, time: 0.008473207000861294
L: 2.91, u_super: 0.00047 — INFEASIBLE (li_recovered=0.000e+00), time: 0.002995476999785751
L: 0.50, u_super: 0.00823, sec: 474.298, prod: 0.184823, t_ads: 23.8, t_des: 22.8, bed_util_ads: 0.491, bed_util_des: 0.491, des_th: 0.49082519700533894,frac_lost: 0.106, li_recovered:  8.612, time: 0.012634585000341758
L: 0.50, u_super: 0.00461, sec: 252.735, prod: 0.103655, t_ads: 42.2, t_des: 37.6, bed_util_ads: 0.500, bed_util_des: 0.500, des_th: 0.49979936500521854,frac_lost: 0.106, li_recovered:  8.280, time: 0.010032996999143506
L: 0.50, u_super: 0.00341, sec: 184.557, prod: 0.076379, t_ads: 56.6, t_des: 50.4, bed_util_ads: 0.499, bed_util_des: 0.498, des_th: 0.49833181611688016,frac_lost: 0.101, li_recovered:  8.176, time: 0.010051314999145688
L: 0.50, u_super: 0.00094 — INFEASIBLE (li_recovered=0.000e+00), time: 0.005330694000804215
L: 35.05, u_super: 0.00624 — INFEASIBLE (li_recovered=0.000e+00), time: 0.0030360559994733194
L: 0.50, u_super: 0.00151, sec: 81.762, prod: 0.033182, t_ads: 126.2, t_des: 113.4, bed_util_ads: 0.491, bed_util_des: 0.491, des_th: 0.4907323926488688,frac_lost: 0.105, li_recovered:  7.952, time: 0.00972592800098937
L: 0.50, u_super: 0.00154, sec: 577.956, prod: 0.004867, t_ads: 128.0, t_des: 1680.1, bed_util_ads: 0.200, bed_util_des: 0.184, des_th: 0.18410066674738837,frac_lost: 0.105, li_recovered:  8.800, time: 0.06938564800111635
L: 0.50, u_super: 0.00345, sec: 187.598, prod: 0.077231, t_ads: 56.3, t_des: 49.8, bed_util_ads: 0.500, bed_util_des: 0.500, des_th: 0.4995900159131583,frac_lost: 0.107, li_recovered:  8.193, time: 0.010200733000601758
L: 0.50, u_super: 0.00500, sec: 275.052, prod: 0.112700, t_ads: 38.8, t_des: 34.7, bed_util_ads: 0.500, bed_util_des: 0.499, des_th: 0.49941497442480753,frac_lost: 0.103, li_recovered:  8.285, time: 0.008539645999917411
L: 0.50, u_super: 0.00390, sec: 212.313, prod: 0.087596, t_ads: 49.9, t_des: 45.6, bed_util_ads: 0.496, bed_util_des: 0.496, des_th: 0.4960771052171384,frac_lost: 0.107, li_recovered:  8.370, time: 0.01021251899874187
L: 0.50, u_super: 0.00201, sec: 129.599, prod: 0.037092, t_ads: 95.7, t_des: 133.9, bed_util_ads: 0.438, bed_util_des: 0.435, des_th: 0.4352097376269426,frac_lost: 0.100, li_recovered:  8.516, time: 0.011167397000463097
L: 0.50, u_super: 0.00037, sec: 22.176, prod: 0.007147, t_ads: 470.6, t_des: 452.0, bed_util_ads: 0.450, bed_util_des: 0.447, des_th: 0.4475813136453636,frac_lost: 0.101, li_recovered:  6.594, time: 0.008280222000394133
L: 0.50, u_super: 0.00005 — INFEASIBLE (li_recovered=0.000e+00), time: 0.0015350249996117782
L: 0.50, u_super: 0.00120, sec: 67.640, prod: 0.025266, t_ads: 157.4, t_des: 128.9, bed_util_ads: 0.499, bed_util_des: 0.499, des_th: 0.49881169927822433,frac_lost: 0.106, li_recovered:  7.234, time: 0.007935792000353104
L: 0.50, u_super: 0.00599, sec: 332.597, prod: 0.135611, t_ads: 32.4, t_des: 29.3, bed_util_ads: 0.499, bed_util_des: 0.499, des_th: 0.49854395601811213,frac_lost: 0.101, li_recovered:  8.368, time: 0.009036629000547691
L: 0.50, u_super: 0.00405, sec: 220.757, prod: 0.091030, t_ads: 47.9, t_des: 42.9, bed_util_ads: 0.499, bed_util_des: 0.499, des_th: 0.4991362386763507,frac_lost: 0.105, li_recovered:  8.265, time: 0.009800471998460125
L: 0.50, u_super: 0.00294, sec: 164.417, prod: 0.063227, t_ads: 66.2, t_des: 69.2, bed_util_ads: 0.477, bed_util_des: 0.476, des_th: 0.4759917167048578,frac_lost: 0.107, li_recovered:  8.557, time: 0.013145615999746951
L: 0.50, u_super: 0.00664, sec: 373.292, prod: 0.149817, t_ads: 29.5, t_des: 27.1, bed_util_ads: 0.497, bed_util_des: 0.496, des_th: 0.49650194389265573,frac_lost: 0.109, li_recovered:  8.480, time: 0.010382770999058266
L: 0.50, u_super: 0.00963, sec: 560.338, prod: 0.217808, t_ads: 20.3, t_des: 18.9, bed_util_ads: 0.496, bed_util_des: 0.496, des_th: 0.4962899744798374,frac_lost: 0.106, li_recovered:  8.539, time: 0.02395073900152056
L: 0.50, u_super: 0.00748, sec: 485.680, prod: 0.147387, t_ads: 26.1, t_des: 32.9, bed_util_ads: 0.457, bed_util_des: 0.456, des_th: 0.45643743038564527,frac_lost: 0.105, li_recovered:  8.703, time: 0.011590817999604042
L: 2.66, u_super: 0.00608 — INFEASIBLE (li_recovered=0.000e+00), time: 0.006241704999411013
L: 0.50, u_super: 0.00405, sec: 220.832, prod: 0.090999, t_ads: 48.1, t_des: 43.3, bed_util_ads: 0.498, bed_util_des: 0.498, des_th: 0.4980422253138885,frac_lost: 0.107, li_recovered:  8.311, time: 0.011212174000320374
L: 0.50, u_super: 0.00407, sec: 226.091, prod: 0.089931, t_ads: 47.7, t_des: 47.7, bed_util_ads: 0.484, bed_util_des: 0.484, des_th: 0.48362077664930414,frac_lost: 0.105, li_recovered:  8.580, time: 0.013115181000102893
L: 19.82, u_super: 0.00497 — INFEASIBLE (li_recovered=0.000e+00), time: 0.003764650000448455
L: 0.50, u_super: 0.00571, sec: 315.942, prod: 0.129097, t_ads: 34.0, t_des: 31.1, bed_util_ads: 0.498, bed_util_des: 0.497, des_th: 0.4974354486813272,frac_lost: 0.102, li_recovered:  8.402, time: 0.01988381999944977
L: 7.93, u_super: 0.00889 — INFEASIBLE (li_recovered=0.000e+00), time: 0.011150536000059219
L: 0.50, u_super: 0.00829, sec: 481.302, prod: 0.184748, t_ads: 23.6, t_des: 23.2, bed_util_ads: 0.489, bed_util_des: 0.489, des_th: 0.488814334469539,frac_lost: 0.107, li_recovered:  8.649, time: 0.01676514000064344
   595 |    23800 |     40 |  0.0032257769 |             f
L: 0.50, u_super: 0.00512, sec: 281.691, prod: 0.115608, t_ads: 37.9, t_des: 34.3, bed_util_ads: 0.498, bed_util_des: 0.498, des_th: 0.49822276247256114,frac_lost: 0.103, li_recovered:  8.346, time: 0.010318258999177488
L: 21.19, u_super: 0.00341 — INFEASIBLE (li_recovered=0.000e+00), time: 0.0022841930003778543
L: 0.50, u_super: 0.00151, sec: 81.759, prod: 0.033183, t_ads: 126.2, t_des: 113.4, bed_util_ads: 0.491, bed_util_des: 0.491, des_th: 0.4907862851467904,frac_lost: 0.105, li_recovered:  7.950, time: 0.010304027000529459
L: 0.50, u_super: 0.00713, sec: 402.736, prod: 0.160920, t_ads: 27.5, t_des: 25.2, bed_util_ads: 0.498, bed_util_des: 0.497, des_th: 0.497337014562286,frac_lost: 0.109, li_recovered:  8.475, time: 0.008615749999080435
L: 0.50, u_super: 0.00590, sec: 327.156, prod: 0.133351, t_ads: 32.9, t_des: 29.8, bed_util_ads: 0.499, bed_util_des: 0.499, des_th: 0.4985409474340785,frac_lost: 0.102, li_recovered:  8.369, time: 0.008181799999874784
L: 17.23, u_super: 0.00427, sec: 12974.592, prod: 0.059581, t_ads: 1432.9, t_des: 2612.1, bed_util_ads: 0.307, bed_util_des: 0.261, des_th: 0.26115373815564835,frac_lost: 0.103, li_recovered:  241.009, time: 0.010777676001453074
L: 0.50, u_super: 0.00750, sec: 423.959, prod: 0.169880, t_ads: 25.9, t_des: 24.0, bed_util_ads: 0.496, bed_util_des: 0.496, des_th: 0.4958245439371543,frac_lost: 0.102, li_recovered:  8.475, time: 0.008843627001624554
L: 0.50, u_super: 0.00630, sec: 351.451, prod: 0.142675, t_ads: 30.8, t_des: 28.2, bed_util_ads: 0.497, bed_util_des: 0.496, des_th: 0.49650194389265573,frac_lost: 0.102, li_recovered:  8.419, time: 0.011078923000241048
L: 0.50, u_super: 0.00303, sec: 163.534, prod: 0.067599, t_ads: 63.8, t_des: 56.6, bed_util_ads: 0.498, bed_util_des: 0.498, des_th: 0.4982324002162524,frac_lost: 0.103, li_recovered:  8.142, time: 0.009155432000625296
L: 0.50, u_super: 0.00663, sec: 372.313, prod: 0.149530, t_ads: 29.6, t_des: 27.1, bed_util_ads: 0.497, bed_util_des: 0.496, des_th: 0.496462050813452,frac_lost: 0.109, li_recovered:  8.474, time: 0.011326728999847546
L: 0.50, u_super: 0.00088, sec: 49.866, prod: 0.018366, t_ads: 210.2, t_des: 177.7, bed_util_ads: 0.491, bed_util_des: 0.490, des_th: 0.49046683295817284,frac_lost: 0.100, li_recovered:  7.123, time: 0.007887305000622291
L: 20.89, u_super: 0.00633 — INFEASIBLE (li_recovered=0.000e+00), time: 0.0029323680009838426
L: 0.50, u_super: 0.00056, sec: 130.353, prod: 0.002771, t_ads: 356.5, t_des: 2810.8, bed_util_ads: 0.230, bed_util_des: 0.195, des_th: 0.19469783480996472,frac_lost: 0.105, li_recovered:  8.777, time: 0.03671341999870492
L: 0.50, u_super: 0.00712, sec: 402.085, prod: 0.160876, t_ads: 27.5, t_des: 25.2, bed_util_ads: 0.497, bed_util_des: 0.497, des_th: 0.4972027634135608,frac_lost: 0.108, li_recovered:  8.469, time: 0.008558353001717478
L: 22.07, u_super: 0.00608 — INFEASIBLE (li_recovered=0.000e+00), time: 0.0016652819995215395
L: 19.42, u_super: 0.00990 — INFEASIBLE (li_recovered=0.000e+00), time: 0.002022544000283233
L: 0.50, u_super: 0.00560, sec: 309.952, prod: 0.126584, t_ads: 34.7, t_des: 31.4, bed_util_ads: 0.499, bed_util_des: 0.499, des_th: 0.4986044124847017,frac_lost: 0.103, li_recovered:  8.366, time: 0.0072571599994262215
L: 0.50, u_super: 0.00237, sec: 128.286, prod: 0.052161, t_ads: 81.7, t_des: 70.6, bed_util_ads: 0.500, bed_util_des: 0.500, des_th: 0.49992974531347545,frac_lost: 0.107, li_recovered:  7.947, time: 0.006369392000124208
L: 0.50, u_super: 0.00456, sec: 249.673, prod: 0.102608, t_ads: 42.7, t_des: 38.5, bed_util_ads: 0.498, bed_util_des: 0.498, des_th: 0.4979524178154496,frac_lost: 0.106, li_recovered:  8.338, time: 0.006794541999624926
L: 0.50, u_super: 0.00926, sec: 535.194, prod: 0.209951, t_ads: 21.1, t_des: 19.1, bed_util_ads: 0.500, bed_util_des: 0.499, des_th: 0.4994364174989553,frac_lost: 0.104, li_recovered:  8.442, time: 0.006031767999957083
L: 0.50, u_super: 0.00281, sec: 152.188, prod: 0.062637, t_ads: 68.5, t_des: 60.2, bed_util_ads: 0.498, bed_util_des: 0.498, des_th: 0.4982319078627326,frac_lost: 0.103, li_recovered:  8.067, time: 0.005033632998674875
L: 0.50, u_super: 0.00949, sec: 550.541, prod: 0.215175, t_ads: 20.6, t_des: 18.6, bed_util_ads: 0.500, bed_util_des: 0.499, des_th: 0.49941800771673645,frac_lost: 0.105, li_recovered:  8.442, time: 0.006319644000541302
L: 0.50, u_super: 0.00841, sec: 482.516, prod: 0.190255, t_ads: 23.3, t_des: 21.4, bed_util_ads: 0.498, bed_util_des: 0.498, des_th: 0.4982210855408742,frac_lost: 0.108, li_recovered:  8.494, time: 0.00606248899930506
L: 0.50, u_super: 0.00599, sec: 332.555, prod: 0.135546, t_ads: 32.4, t_des: 29.3, bed_util_ads: 0.499, bed_util_des: 0.499, des_th: 0.49860742106873535,frac_lost: 0.101, li_recovered:  8.366, time: 0.008365545001652208
L: 0.50, u_super: 0.00007 — INFEASIBLE (li_recovered=0.000e+00), time: 0.001635007000004407
L: 0.50, u_super: 0.00894, sec: 515.594, prod: 0.202288, t_ads: 21.9, t_des: 20.0, bed_util_ads: 0.498, bed_util_des: 0.498, des_th: 0.49813043657790623,frac_lost: 0.107, li_recovered:  8.486, time: 0.009134673999142251
L: 0.50, u_super: 0.00667, sec: 374.781, prod: 0.150528, t_ads: 29.4, t_des: 26.3, bed_util_ads: 0.500, bed_util_des: 0.499, des_th: 0.49944993362299395,frac_lost: 0.108, li_recovered:  8.373, time: 0.009761851999428472
L: 10.33, u_super: 0.00954 — INFEASIBLE (li_recovered=0.000e+00), time: 0.004669549000027473
L: 0.50, u_super: 0.00813, sec: 464.319, prod: 0.183931, t_ads: 24.1, t_des: 21.8, bed_util_ads: 0.498, bed_util_des: 0.498, des_th: 0.49820817289862535,frac_lost: 0.107, li_recovered:  8.445, time: 0.008729637000215007
L: 0.50, u_super: 0.00501, sec: 275.993, prod: 0.112987, t_ads: 38.8, t_des: 34.6, bed_util_ads: 0.500, bed_util_des: 0.500, des_th: 0.49994208812768326,frac_lost: 0.104, li_recovered:  8.290, time: 0.007751293000183068
L: 2.72, u_super: 0.00063 — INFEASIBLE (li_recovered=0.000e+00), time: 0.004131046998736565
L: 39.14, u_super: 0.00345 — INFEASIBLE (li_recovered=0.000e+00), time: 0.0017710650008666562
L: 0.50, u_super: 0.00959, sec: 681.045, prod: 0.177568, t_ads: 20.4, t_des: 28.7, bed_util_ads: 0.443, bed_util_des: 0.443, des_th: 0.44289193717810527,frac_lost: 0.105, li_recovered:  8.723, time: 0.008665342998938286
L: 0.50, u_super: 0.00168, sec: 91.431, prod: 0.036745, t_ads: 113.5, t_des: 113.2, bed_util_ads: 0.479, bed_util_des: 0.478, des_th: 0.47793510565126923,frac_lost: 0.102, li_recovered:  8.330, time: 0.009566168000674224
L: 0.50, u_super: 0.00632, sec: 352.281, prod: 0.142968, t_ads: 30.7, t_des: 28.4, bed_util_ads: 0.495, bed_util_des: 0.495, des_th: 0.49510461011166035,frac_lost: 0.102, li_recovered:  8.459, time: 0.007417482000164455
L: 0.50, u_super: 0.00088, sec: 48.690, prod: 0.018809, t_ads: 212.9, t_des: 192.5, bed_util_ads: 0.483, bed_util_des: 0.482, des_th: 0.48218561444991176,frac_lost: 0.107, li_recovered:  7.625, time: 0.00846945500052243
L: 0.50, u_super: 0.00493, sec: 2116.613, prod: 0.014197, t_ads: 39.8, t_des: 578.7, bed_util_ads: 0.198, bed_util_des: 0.192, des_th: 0.19239886735864653,frac_lost: 0.103, li_recovered:  8.780, time: 0.0556426740004099
L: 0.50, u_super: 0.00462, sec: 253.476, prod: 0.104021, t_ads: 42.1, t_des: 37.5, bed_util_ads: 0.500, bed_util_des: 0.499, des_th: 0.49944993362299395,frac_lost: 0.105, li_recovered:  8.282, time: 0.00889550299871189
L: 43.01, u_super: 0.00120 — INFEASIBLE (li_recovered=0.000e+00), time: 0.001770651999322581
L: 0.50, u_super: 0.00023 — INFEASIBLE (li_recovered=0.000e+00), time: 0.0027222259996051434
   596 |    23840 |     40 |  0.0025653444 |             f
L: 0.50, u_super: 0.00419, sec: 228.883, prod: 0.093914, t_ads: 46.4, t_des: 40.9, bed_util_ads: 0.500, bed_util_des: 0.500, des_th: 0.49995584704553825,frac_lost: 0.104, li_recovered:  8.197, time: 0.010591062999083078
L: 0.50, u_super: 0.00405, sec: 220.952, prod: 0.090950, t_ads: 48.0, t_des: 42.8, bed_util_ads: 0.500, bed_util_des: 0.499, des_th: 0.4994367747504167,frac_lost: 0.106, li_recovered:  8.264, time: 0.00992830199902528
L: 0.50, u_super: 0.00935, sec: 541.462, prod: 0.211670, t_ads: 20.9, t_des: 18.7, bed_util_ads: 0.500, bed_util_des: 0.500, des_th: 0.4999758448343839,frac_lost: 0.106, li_recovered:  8.397, time: 0.009586936999767204
L: 0.50, u_super: 0.00377, sec: 205.198, prod: 0.084399, t_ads: 51.6, t_des: 45.7, bed_util_ads: 0.499, bed_util_des: 0.499, des_th: 0.4987255325181063,frac_lost: 0.106, li_recovered:  8.208, time: 0.008520276000126614
L: 52.81, u_super: 0.00949 — INFEASIBLE (li_recovered=0.000e+00), time: 0.003408014999877196
L: 0.50, u_super: 0.00281, sec: 152.236, prod: 0.062618, t_ads: 68.5, t_des: 60.1, bed_util_ads: 0.498, bed_util_des: 0.498, des_th: 0.49822902069433395,frac_lost: 0.103, li_recovered:  8.055, time: 0.00857544900100038
L: 0.50, u_super: 0.00332, sec: 179.976, prod: 0.074281, t_ads: 58.6, t_des: 54.3, bed_util_ads: 0.493, bed_util_des: 0.493, des_th: 0.49265901901385867,frac_lost: 0.108, li_recovered:  8.385, time: 0.011387104999812436
L: 0.50, u_super: 0.00023 — INFEASIBLE (li_recovered=0.000e+00), time: 0.004130411998630734
L: 0.50, u_super: 0.00006 — INFEASIBLE (li_recovered=0.000e+00), time: 0.0014448389993049204
L: 0.50, u_super: 0.00917, sec: 529.853, prod: 0.207993, t_ads: 21.3, t_des: 19.5, bed_util_ads: 0.497, bed_util_des: 0.497, des_th: 0.49726019822172096,frac_lost: 0.104, li_recovered:  8.478, time: 0.007313558999157976
L: 0.50, u_super: 0.00856, sec: 491.439, prod: 0.193801, t_ads: 22.9, t_des: 20.7, bed_util_ads: 0.500, bed_util_des: 0.499, des_th: 0.4994364174989553,frac_lost: 0.107, li_recovered:  8.449, time: 0.010298356000930653
L: 0.50, u_super: 0.00364, sec: 197.809, prod: 0.081628, t_ads: 53.4, t_des: 47.8, bed_util_ads: 0.498, bed_util_des: 0.498, des_th: 0.4982324002162524,frac_lost: 0.107, li_recovered:  8.261, time: 0.009730820998811396
L: 0.50, u_super: 0.00183, sec: 99.834, prod: 0.039901, t_ads: 104.3, t_des: 89.1, bed_util_ads: 0.499, bed_util_des: 0.499, des_th: 0.4989433014109714,frac_lost: 0.102, li_recovered:  7.716, time: 0.01175416699879861
L: 0.50, u_super: 0.00409, sec: 1856.438, prod: 0.011039, t_ads: 47.9, t_des: 747.7, bed_util_ads: 0.192, bed_util_des: 0.185, des_th: 0.1851696623157332,frac_lost: 0.102, li_recovered:  8.783, time: 0.09512508300031186
L: 0.50, u_super: 0.00521, sec: 287.109, prod: 0.117447, t_ads: 37.3, t_des: 33.3, bed_util_ads: 0.500, bed_util_des: 0.500, des_th: 0.4999678914521073,frac_lost: 0.103, li_recovered:  8.290, time: 0.01026204500158201
L: 0.50, u_super: 0.00141, sec: 76.804, prod: 0.030626, t_ads: 135.7, t_des: 118.7, bed_util_ads: 0.493, bed_util_des: 0.493, des_th: 0.49287520443124355,frac_lost: 0.108, li_recovered:  7.793, time: 0.013166755001293495
L: 0.50, u_super: 0.00560, sec: 309.952, prod: 0.126584, t_ads: 34.7, t_des: 31.4, bed_util_ads: 0.499, bed_util_des: 0.499, des_th: 0.4986044124847017,frac_lost: 0.103, li_recovered:  8.366, time: 0.011004455998772755
L: 0.50, u_super: 0.00501, sec: 275.561, prod: 0.113006, t_ads: 38.7, t_des: 34.7, bed_util_ads: 0.499, bed_util_des: 0.499, des_th: 0.49897405491197966,frac_lost: 0.103, li_recovered:  8.301, time: 0.01460930999928678
L: 0.50, u_super: 0.00856, sec: 491.338, prod: 0.193841, t_ads: 22.8, t_des: 20.7, bed_util_ads: 0.499, bed_util_des: 0.499, des_th: 0.49913588142488924,frac_lost: 0.106, li_recovered:  8.448, time: 0.01794892100042489
L: 0.50, u_super: 0.00206, sec: 111.966, prod: 0.045026, t_ads: 93.0, t_des: 79.5, bed_util_ads: 0.500, bed_util_des: 0.499, des_th: 0.49943740938435,frac_lost: 0.101, li_recovered:  7.767, time: 0.010843697000382235
L: 56.41, u_super: 0.00281 — INFEASIBLE (li_recovered=0.000e+00), time: 0.00253908299964678
L: 13.76, u_super: 0.00448 — INFEASIBLE (li_recovered=0.000e+00), time: 0.0061400310005410574
L: 0.50, u_super: 0.00560, sec: 309.966, prod: 0.126578, t_ads: 34.6, t_des: 31.0, bed_util_ads: 0.499, bed_util_des: 0.499, des_th: 0.49860729965310036,frac_lost: 0.101, li_recovered:  8.310, time: 0.014764875999389915
L: 0.50, u_super: 0.00192, sec: 104.049, prod: 0.042064, t_ads: 99.5, t_des: 86.1, bed_util_ads: 0.499, bed_util_des: 0.498, des_th: 0.49833181611688016,frac_lost: 0.101, li_recovered:  7.809, time: 0.011932371000511921
L: 0.50, u_super: 0.00970, sec: 5320.248, prod: 0.023287, t_ads: 20.2, t_des: 356.8, bed_util_ads: 0.184, bed_util_des: 0.181, des_th: 0.1813048384152919,frac_lost: 0.103, li_recovered:  8.779, time: 0.11968430299930333
L: 0.50, u_super: 0.00980, sec: 732.584, prod: 0.172835, t_ads: 20.0, t_des: 30.5, bed_util_ads: 0.434, bed_util_des: 0.433, des_th: 0.4333175085651362,frac_lost: 0.105, li_recovered:  8.728, time: 0.019438012999671628
L: 0.50, u_super: 0.00738, sec: 417.861, prod: 0.166902, t_ads: 26.5, t_des: 23.8, bed_util_ads: 0.500, bed_util_des: 0.500, des_th: 0.4996260308046036,frac_lost: 0.107, li_recovered:  8.394, time: 0.014846518000922515
L: 0.50, u_super: 0.00990, sec: 576.659, prod: 0.224562, t_ads: 19.7, t_des: 17.9, bed_util_ads: 0.500, bed_util_des: 0.499, des_th: 0.49941800771673645,frac_lost: 0.104, li_recovered:  8.453, time: 0.013051834001089446
L: 0.50, u_super: 0.00033, sec: 21.130, prod: 0.006152, t_ads: 506.8, t_des: 459.2, bed_util_ads: 0.451, bed_util_des: 0.450, des_th: 0.45020482381077787,frac_lost: 0.101, li_recovered:  5.943, time: 0.009947982000085176
L: 0.50, u_super: 0.00740, sec: 417.707, prod: 0.167650, t_ads: 26.3, t_des: 24.3, bed_util_ads: 0.496, bed_util_des: 0.496, des_th: 0.49582281802114886,frac_lost: 0.101, li_recovered:  8.471, time: 0.017585796000275877
L: 0.50, u_super: 0.00216, sec: 117.407, prod: 0.047440, t_ads: 89.3, t_des: 76.7, bed_util_ads: 0.500, bed_util_des: 0.500, des_th: 0.49988431129526006,frac_lost: 0.107, li_recovered:  7.879, time: 0.010244133000014699
L: 0.50, u_super: 0.00029 — INFEASIBLE (li_recovered=0.000e+00), time: 0.005528487999981735
L: 0.50, u_super: 0.00512, sec: 282.271, prod: 0.115471, t_ads: 37.9, t_des: 35.5, bed_util_ads: 0.494, bed_util_des: 0.494, des_th: 0.4938400767168872,frac_lost: 0.103, li_recovered:  8.475, time: 0.011656811000648304
L: 0.50, u_super: 0.00894, sec: 514.847, prod: 0.202582, t_ads: 21.8, t_des: 19.8, bed_util_ads: 0.498, bed_util_des: 0.498, des_th: 0.49820866525214524,frac_lost: 0.105, li_recovered:  8.442, time: 0.010119167000084417
L: 0.50, u_super: 0.00970, sec: 563.440, prod: 0.219972, t_ads: 20.1, t_des: 18.3, bed_util_ads: 0.499, bed_util_des: 0.499, des_th: 0.4991245568897232,frac_lost: 0.104, li_recovered:  8.458, time: 0.014268455001001712
L: 0.50, u_super: 0.00230, sec: 123.410, prod: 0.051018, t_ads: 84.2, t_des: 76.7, bed_util_ads: 0.493, bed_util_des: 0.493, des_th: 0.49265901901385867,frac_lost: 0.106, li_recovered:  8.207, time: 0.011061639999752515
L: 0.50, u_super: 0.00687, sec: 390.107, prod: 0.154002, t_ads: 28.5, t_des: 27.4, bed_util_ads: 0.491, bed_util_des: 0.491, des_th: 0.4909210008132647,frac_lost: 0.107, li_recovered:  8.600, time: 0.013221192000855808
L: 0.50, u_super: 0.00345, sec: 255.951, prod: 0.056606, t_ads: 56.1, t_des: 96.6, bed_util_ads: 0.416, bed_util_des: 0.414, des_th: 0.41400785495392256,frac_lost: 0.101, li_recovered:  8.644, time: 0.012219464999361662
L: 0.50, u_super: 0.00229, sec: 123.768, prod: 0.050709, t_ads: 84.2, t_des: 73.9, bed_util_ads: 0.498, bed_util_des: 0.497, des_th: 0.4973093671546212,frac_lost: 0.105, li_recovered:  8.016, time: 0.0073529039982531685
L: 0.50, u_super: 0.00578, sec: 320.293, prod: 0.130634, t_ads: 33.6, t_des: 30.4, bed_util_ads: 0.499, bed_util_des: 0.499, des_th: 0.4986044124847017,frac_lost: 0.103, li_recovered:  8.363, time: 0.007869625000239466
   597 |    23880 |     40 |  0.0023584989 |             f
L: 0.50, u_super: 0.00608, sec: 338.075, prod: 0.137574, t_ads: 31.9, t_des: 28.9, bed_util_ads: 0.498, bed_util_des: 0.498, des_th: 0.4980801509522104,frac_lost: 0.102, li_recovered:  8.367, time: 0.007645616999070626
L: 7.15, u_super: 0.00347 — INFEASIBLE (li_recovered=0.000e+00), time: 0.0037288060011633206
L: 0.50, u_super: 0.00829, sec: 473.811, prod: 0.187668, t_ads: 23.6, t_des: 21.4, bed_util_ads: 0.498, bed_util_des: 0.498, des_th: 0.4982210855408742,frac_lost: 0.105, li_recovered:  8.441, time: 0.008040106000407832
L: 0.50, u_super: 0.00072, sec: 40.535, prod: 0.014863, t_ads: 256.3, t_des: 225.1, bed_util_ads: 0.482, bed_util_des: 0.481, des_th: 0.48146508301092394,frac_lost: 0.101, li_recovered:  7.155, time: 0.007606449000377324
L: 0.50, u_super: 0.00041, sec: 89.496, prod: 0.002198, t_ads: 481.6, t_des: 3505.6, bed_util_ads: 0.230, bed_util_des: 0.186, des_th: 0.18648311891916433,frac_lost: 0.102, li_recovered:  8.765, time: 0.036124071999438456
L: 17.86, u_super: 0.00853 — INFEASIBLE (li_recovered=0.000e+00), time: 0.002539389000958181
L: 0.50, u_super: 0.00713, sec: 401.339, prod: 0.161763, t_ads: 27.2, t_des: 24.6, bed_util_ads: 0.499, bed_util_des: 0.499, des_th: 0.4993685353255509,frac_lost: 0.100, li_recovered:  8.377, time: 0.008944462999352254
L: 0.50, u_super: 0.00563, sec: 311.515, prod: 0.127396, t_ads: 34.4, t_des: 31.2, bed_util_ads: 0.499, bed_util_des: 0.499, des_th: 0.4986044124847017,frac_lost: 0.101, li_recovered:  8.361, time: 0.011035370000172406
L: 0.50, u_super: 0.00633, sec: 353.173, prod: 0.143287, t_ads: 30.6, t_des: 27.5, bed_util_ads: 0.500, bed_util_des: 0.499, des_th: 0.49944993362299395,frac_lost: 0.101, li_recovered:  8.321, time: 0.010527885000556125
L: 0.50, u_super: 0.00239, sec: 128.599, prod: 0.053103, t_ads: 80.6, t_des: 71.9, bed_util_ads: 0.497, bed_util_des: 0.496, des_th: 0.49650194389265573,frac_lost: 0.104, li_recovered:  8.102, time: 0.01116262200048368
L: 0.50, u_super: 0.00227, sec: 122.802, prod: 0.049918, t_ads: 84.5, t_des: 73.0, bed_util_ads: 0.500, bed_util_des: 0.499, des_th: 0.4995047165499213,frac_lost: 0.100, li_recovered:  7.863, time: 0.009392154001034214
L: 0.50, u_super: 0.00636, sec: 354.716, prod: 0.143957, t_ads: 30.5, t_des: 28.3, bed_util_ads: 0.496, bed_util_des: 0.496, des_th: 0.4958404157406526,frac_lost: 0.101, li_recovered:  8.468, time: 0.008405340999161126
L: 0.50, u_super: 0.00303, sec: 169.109, prod: 0.065370, t_ads: 63.8, t_des: 67.1, bed_util_ads: 0.476, bed_util_des: 0.475, des_th: 0.47523906586528303,frac_lost: 0.101, li_recovered:  8.554, time: 0.011685991999911494
L: 0.50, u_super: 0.00118 — INFEASIBLE (li_recovered=0.000e+00), time: 0.005206961999647319
L: 0.50, u_super: 0.00084 — INFEASIBLE (li_recovered=0.000e+00), time: 0.007086578001690214
L: 0.50, u_super: 0.00857, sec: 493.406, prod: 0.193333, t_ads: 22.9, t_des: 21.4, bed_util_ads: 0.494, bed_util_des: 0.494, des_th: 0.49432195891819053,frac_lost: 0.107, li_recovered:  8.559, time: 0.009903672000291408
L: 49.81, u_super: 0.00272 — INFEASIBLE (li_recovered=0.000e+00), time: 0.0013359599997784244
L: 0.50, u_super: 0.00014 — INFEASIBLE (li_recovered=0.000e+00), time: 0.0025171729994326597
L: 0.50, u_super: 0.00034 — INFEASIBLE (li_recovered=0.000e+00), time: 0.003337161000672495
L: 0.50, u_super: 0.00608, sec: 338.150, prod: 0.137543, t_ads: 31.9, t_des: 28.9, bed_util_ads: 0.499, bed_util_des: 0.498, des_th: 0.4984716188902919,frac_lost: 0.102, li_recovered:  8.361, time: 0.00943038900004467
L: 0.50, u_super: 0.00990, sec: 576.704, prod: 0.224541, t_ads: 19.7, t_des: 17.9, bed_util_ads: 0.500, bed_util_des: 0.499, des_th: 0.4994030079206935,frac_lost: 0.105, li_recovered:  8.446, time: 0.00799972599998
L: 0.50, u_super: 0.00712, sec: 404.303, prod: 0.159903, t_ads: 27.5, t_des: 26.2, bed_util_ads: 0.493, bed_util_des: 0.493, des_th: 0.49311728766438456,frac_lost: 0.108, li_recovered:  8.583, time: 0.007670101000258001
L: 0.50, u_super: 0.00216, sec: 117.407, prod: 0.047440, t_ads: 89.3, t_des: 76.7, bed_util_ads: 0.500, bed_util_des: 0.500, des_th: 0.49988431129526006,frac_lost: 0.107, li_recovered:  7.879, time: 0.006050171999959275
L: 0.50, u_super: 0.00479, sec: 263.387, prod: 0.107729, t_ads: 40.7, t_des: 36.2, bed_util_ads: 0.500, bed_util_des: 0.500, des_th: 0.49973196808731674,frac_lost: 0.106, li_recovered:  8.282, time: 0.00750588700066146
L: 0.50, u_super: 0.00881, sec: 507.673, prod: 0.199279, t_ads: 22.2, t_des: 20.6, bed_util_ads: 0.495, bed_util_des: 0.495, des_th: 0.49517061062728035,frac_lost: 0.106, li_recovered:  8.534, time: 0.005559174998779781
L: 0.50, u_super: 0.00477, sec: 261.659, prod: 0.107314, t_ads: 40.8, t_des: 36.4, bed_util_ads: 0.499, bed_util_des: 0.499, des_th: 0.49913588142488924,frac_lost: 0.104, li_recovered:  8.278, time: 0.008188676998543087
L: 4.45, u_super: 0.00687 — INFEASIBLE (li_recovered=0.000e+00), time: 0.003706884001076105
L: 0.50, u_super: 0.00303, sec: 163.231, prod: 0.067724, t_ads: 63.8, t_des: 60.1, bed_util_ads: 0.491, bed_util_des: 0.490, des_th: 0.4901514161648848,frac_lost: 0.102, li_recovered:  8.386, time: 0.006823216001066612
L: 0.50, u_super: 0.00281, sec: 152.229, prod: 0.062620, t_ads: 68.5, t_des: 66.2, bed_util_ads: 0.487, bed_util_des: 0.486, des_th: 0.486464225924484,frac_lost: 0.102, li_recovered:  8.437, time: 0.005533547000595718
L: 0.50, u_super: 0.00768, sec: 435.188, prod: 0.174232, t_ads: 25.3, t_des: 23.4, bed_util_ads: 0.496, bed_util_des: 0.496, des_th: 0.49582281802114886,frac_lost: 0.101, li_recovered:  8.473, time: 0.007090660999892862
L: 0.50, u_super: 0.00633, sec: 353.173, prod: 0.143287, t_ads: 30.6, t_des: 27.5, bed_util_ads: 0.500, bed_util_des: 0.499, des_th: 0.49944993362299395,frac_lost: 0.101, li_recovered:  8.321, time: 0.005047824999564909
L: 21.27, u_super: 0.00814 — INFEASIBLE (li_recovered=0.000e+00), time: 0.0027865789998031687
L: 0.50, u_super: 0.00462, sec: 253.765, prod: 0.103902, t_ads: 42.0, t_des: 37.1, bed_util_ads: 0.500, bed_util_des: 0.500, des_th: 0.4998691878549724,frac_lost: 0.104, li_recovered:  8.224, time: 0.006863534999865806
L: 0.50, u_super: 0.00943, sec: 556.391, prod: 0.210008, t_ads: 20.7, t_des: 20.6, bed_util_ads: 0.487, bed_util_des: 0.487, des_th: 0.487174619631706,frac_lost: 0.104, li_recovered:  8.667, time: 0.007319186001041089
L: 0.50, u_super: 0.00693, sec: 438.634, prod: 0.139326, t_ads: 28.3, t_des: 34.2, bed_util_ads: 0.462, bed_util_des: 0.461, des_th: 0.4614471385924288,frac_lost: 0.107, li_recovered:  8.698, time: 0.007110521999493358
L: 0.50, u_super: 0.00679, sec: 380.574, prod: 0.153876, t_ads: 28.6, t_des: 25.8, bed_util_ads: 0.499, bed_util_des: 0.499, des_th: 0.49913588142488924,frac_lost: 0.101, li_recovered:  8.372, time: 0.00585530500029563
L: 0.50, u_super: 0.00521, sec: 286.791, prod: 0.117578, t_ads: 37.3, t_des: 34.2, bed_util_ads: 0.497, bed_util_des: 0.497, des_th: 0.4967402202755775,frac_lost: 0.103, li_recovered:  8.404, time: 0.006118478999269428
L: 0.50, u_super: 0.00953, sec: 2996.094, prod: 0.039890, t_ads: 20.5, t_des: 199.4, bed_util_ads: 0.233, bed_util_des: 0.231, des_th: 0.23071596584441736,frac_lost: 0.102, li_recovered:  8.771, time: 0.026960284001688706
L: 0.50, u_super: 0.00120, sec: 75.323, prod: 0.022356, t_ads: 160.0, t_des: 213.3, bed_util_ads: 0.438, bed_util_des: 0.434, des_th: 0.43356647433394124,frac_lost: 0.104, li_recovered:  8.345, time: 0.005807884999740054
L: 0.50, u_super: 0.00798, sec: 454.769, prod: 0.180368, t_ads: 24.6, t_des: 22.2, bed_util_ads: 0.499, bed_util_des: 0.499, des_th: 0.49858984229663644,frac_lost: 0.108, li_recovered:  8.438, time: 0.005221176999839372
   598 |    23920 |     40 |  0.0029662939 |             f
L: 0.50, u_super: 0.00578, sec: 320.293, prod: 0.130634, t_ads: 33.6, t_des: 30.4, bed_util_ads: 0.499, bed_util_des: 0.499, des_th: 0.4986044124847017,frac_lost: 0.103, li_recovered:  8.363, time: 0.006950341001356719
L: 0.50, u_super: 0.00005, sec: 4.810, prod: 0.000602, t_ads: 3928.5, t_des: 9486.7, bed_util_ads: 0.232, bed_util_des: 0.133, des_th: 0.1327883391193714,frac_lost: 0.103, li_recovered:  8.074, time: 0.010052909001387889
L: 28.37, u_super: 0.00120 — INFEASIBLE (li_recovered=0.000e+00), time: 0.0012767869993695058
L: 0.50, u_super: 0.00705, sec: 397.649, prod: 0.159419, t_ads: 27.7, t_des: 24.9, bed_util_ads: 0.500, bed_util_des: 0.499, des_th: 0.4993685353255509,frac_lost: 0.106, li_recovered:  8.380, time: 0.0050164579988631885
L: 0.50, u_super: 0.00990, sec: 576.597, prod: 0.224583, t_ads: 19.7, t_des: 17.9, bed_util_ads: 0.500, bed_util_des: 0.499, des_th: 0.4994943276317199,frac_lost: 0.104, li_recovered:  8.456, time: 0.006566727999597788
L: 0.50, u_super: 0.00303, sec: 163.800, prod: 0.067489, t_ads: 63.8, t_des: 56.1, bed_util_ads: 0.499, bed_util_des: 0.499, des_th: 0.49901153692279593,frac_lost: 0.102, li_recovered:  8.086, time: 0.008884841001417954
L: 0.50, u_super: 0.00434, sec: 237.617, prod: 0.097248, t_ads: 44.9, t_des: 39.5, bed_util_ads: 0.500, bed_util_des: 0.500, des_th: 0.49997074718650625,frac_lost: 0.106, li_recovered:  8.211, time: 0.00677041100061615
L: 0.50, u_super: 0.00148, sec: 81.231, prod: 0.031747, t_ads: 129.2, t_des: 109.0, bed_util_ads: 0.498, bed_util_des: 0.498, des_th: 0.4982816278843745,frac_lost: 0.105, li_recovered:  7.564, time: 0.006884144999276032
L: 0.50, u_super: 0.00798, sec: 453.024, prod: 0.181063, t_ads: 24.3, t_des: 22.3, bed_util_ads: 0.499, bed_util_des: 0.498, des_th: 0.4984307980750054,frac_lost: 0.100, li_recovered:  8.433, time: 0.00666889700005413
L: 0.50, u_super: 0.00856, sec: 491.154, prod: 0.193914, t_ads: 22.8, t_des: 20.9, bed_util_ads: 0.498, bed_util_des: 0.498, des_th: 0.49752848755770546,frac_lost: 0.105, li_recovered:  8.480, time: 0.007336307000514353
L: 0.50, u_super: 0.00743, sec: 421.548, prod: 0.167803, t_ads: 26.4, t_des: 23.6, bed_util_ads: 0.500, bed_util_des: 0.500, des_th: 0.499950496610516,frac_lost: 0.109, li_recovered:  8.392, time: 0.006326057000478613
L: 0.50, u_super: 0.00578, sec: 320.293, prod: 0.130634, t_ads: 33.6, t_des: 30.4, bed_util_ads: 0.499, bed_util_des: 0.499, des_th: 0.4986044124847017,frac_lost: 0.103, li_recovered:  8.363, time: 0.008173189999070019
L: 0.50, u_super: 0.00698, sec: 393.479, prod: 0.157599, t_ads: 28.1, t_des: 25.5, bed_util_ads: 0.499, bed_util_des: 0.499, des_th: 0.4991362386763507,frac_lost: 0.109, li_recovered:  8.437, time: 0.006163699999888195
L: 0.50, u_super: 0.00586, sec: 325.107, prod: 0.132644, t_ads: 33.1, t_des: 30.0, bed_util_ads: 0.499, bed_util_des: 0.499, des_th: 0.4986044124847017,frac_lost: 0.102, li_recovered:  8.372, time: 0.004958257000907906
L: 15.42, u_super: 0.00798 — INFEASIBLE (li_recovered=0.000e+00), time: 0.002364321000641212
L: 0.50, u_super: 0.00303, sec: 163.327, prod: 0.067684, t_ads: 63.9, t_des: 60.0, bed_util_ads: 0.491, bed_util_des: 0.490, des_th: 0.4904478145883599,frac_lost: 0.103, li_recovered:  8.386, time: 0.006880478000311996
L: 0.50, u_super: 0.00897, sec: 517.452, prod: 0.203000, t_ads: 21.8, t_des: 19.8, bed_util_ads: 0.499, bed_util_des: 0.499, des_th: 0.4991245568897232,frac_lost: 0.107, li_recovered:  8.458, time: 0.005114351999509381
L: 0.50, u_super: 0.00462, sec: 253.683, prod: 0.103936, t_ads: 42.2, t_des: 37.5, bed_util_ads: 0.500, bed_util_des: 0.500, des_th: 0.4995544845639673,frac_lost: 0.106, li_recovered:  8.282, time: 0.0073471440009598155
L: 0.50, u_super: 0.00842, sec: 483.257, prod: 0.190201, t_ads: 23.2, t_des: 21.8, bed_util_ads: 0.495, bed_util_des: 0.495, des_th: 0.49517061062728035,frac_lost: 0.105, li_recovered:  8.554, time: 0.008632733999547781
L: 0.50, u_super: 0.00154, sec: 82.983, prod: 0.033587, t_ads: 124.5, t_des: 110.6, bed_util_ads: 0.493, bed_util_des: 0.493, des_th: 0.4927027690492397,frac_lost: 0.105, li_recovered:  7.896, time: 0.006834161000369932
L: 19.29, u_super: 0.00281 — INFEASIBLE (li_recovered=0.000e+00), time: 0.0018667690001166193
L: 0.50, u_super: 0.00545, sec: 300.959, prod: 0.123318, t_ads: 35.5, t_des: 32.7, bed_util_ads: 0.497, bed_util_des: 0.497, des_th: 0.4967402202755775,frac_lost: 0.101, li_recovered:  8.411, time: 0.0069717949991172645
L: 0.50, u_super: 0.00608, sec: 338.474, prod: 0.137412, t_ads: 32.0, t_des: 29.1, bed_util_ads: 0.498, bed_util_des: 0.498, des_th: 0.4980053739644852,frac_lost: 0.105, li_recovered:  8.407, time: 0.006685252001261688
L: 16.51, u_super: 0.00410 — INFEASIBLE (li_recovered=0.000e+00), time: 0.0025362899996252963
L: 0.50, u_super: 0.00936, sec: 542.104, prod: 0.212076, t_ads: 20.9, t_des: 19.0, bed_util_ads: 0.499, bed_util_des: 0.499, des_th: 0.49899191981013685,frac_lost: 0.106, li_recovered:  8.457, time: 0.008391602999836323
L: 0.50, u_super: 0.00849, sec: 493.017, prod: 0.189953, t_ads: 23.1, t_des: 22.4, bed_util_ads: 0.491, bed_util_des: 0.491, des_th: 0.4909581005510991,frac_lost: 0.108, li_recovered:  8.638, time: 0.007400021000648849
L: 0.50, u_super: 0.00183, sec: 98.363, prod: 0.040327, t_ads: 105.4, t_des: 98.7, bed_util_ads: 0.488, bed_util_des: 0.487, des_th: 0.48697769200960467,frac_lost: 0.107, li_recovered:  8.231, time: 0.00866540700008045
L: 0.50, u_super: 0.00250, sec: 135.489, prod: 0.055332, t_ads: 77.0, t_des: 66.9, bed_util_ads: 0.499, bed_util_des: 0.499, des_th: 0.4990741152855402,frac_lost: 0.103, li_recovered:  7.963, time: 0.008482387000185554
L: 22.30, u_super: 0.00091 — INFEASIBLE (li_recovered=0.000e+00), time: 0.0018750039998849388
L: 0.50, u_super: 0.00384, sec: 208.884, prod: 0.086196, t_ads: 50.7, t_des: 45.9, bed_util_ads: 0.498, bed_util_des: 0.497, des_th: 0.49744409379403615,frac_lost: 0.107, li_recovered:  8.326, time: 0.008198806001018966
L: 0.50, u_super: 0.00037, sec: 21.790, prod: 0.007120, t_ads: 481.6, t_des: 504.5, bed_util_ads: 0.438, bed_util_des: 0.433, des_th: 0.4333175085651362,frac_lost: 0.102, li_recovered:  7.021, time: 0.00917261500035238
L: 0.50, u_super: 0.00990, sec: 577.129, prod: 0.224376, t_ads: 19.8, t_des: 18.1, bed_util_ads: 0.499, bed_util_des: 0.498, des_th: 0.49841377258978226,frac_lost: 0.106, li_recovered:  8.489, time: 0.008729822000532295
L: 0.50, u_super: 0.00832, sec: 476.560, prod: 0.188236, t_ads: 23.5, t_des: 21.6, bed_util_ads: 0.498, bed_util_des: 0.498, des_th: 0.4979243484710911,frac_lost: 0.107, li_recovered:  8.493, time: 0.00682076699922618
L: 0.50, u_super: 0.00283, sec: 152.140, prod: 0.063154, t_ads: 68.2, t_des: 61.4, bed_util_ads: 0.497, bed_util_des: 0.496, des_th: 0.49650194389265573,frac_lost: 0.102, li_recovered:  8.182, time: 0.008596444999056985
L: 0.50, u_super: 0.00147, sec: 79.639, prod: 0.032221, t_ads: 130.0, t_des: 116.7, bed_util_ads: 0.491, bed_util_des: 0.491, des_th: 0.4907862851467904,frac_lost: 0.107, li_recovered:  7.948, time: 0.007871616999182152
L: 0.50, u_super: 0.00026 — INFEASIBLE (li_recovered=0.000e+00), time: 0.005029068999647279
L: 0.50, u_super: 0.00009, sec: 9.004, prod: 0.001089, t_ads: 2062.2, t_des: 5105.5, bed_util_ads: 0.260, bed_util_des: 0.185, des_th: 0.18551715124933152,frac_lost: 0.101, li_recovered:  7.805, time: 0.01371150500017393
L: 0.50, u_super: 0.00829, sec: 474.585, prod: 0.187362, t_ads: 23.6, t_des: 21.9, bed_util_ads: 0.496, bed_util_des: 0.496, des_th: 0.4959132515215799,frac_lost: 0.106, li_recovered:  8.525, time: 0.008536899000318954
L: 0.50, u_super: 0.00798, sec: 453.024, prod: 0.181063, t_ads: 24.3, t_des: 22.3, bed_util_ads: 0.499, bed_util_des: 0.498, des_th: 0.4984307980750054,frac_lost: 0.100, li_recovered:  8.433, time: 0.00810555799944268
L: 39.28, u_super: 0.00524 — INFEASIBLE (li_recovered=0.000e+00), time: 0.0017780859998310916
   599 |    23960 |     40 |  0.0018878472 |             f
L: 0.50, u_super: 0.00089 — INFEASIBLE (li_recovered=0.000e+00), time: 0.005171179998797015
L: 0.50, u_super: 0.00798, sec: 453.024, prod: 0.181063, t_ads: 24.3, t_des: 22.3, bed_util_ads: 0.499, bed_util_des: 0.498, des_th: 0.4984307980750054,frac_lost: 0.100, li_recovered:  8.433, time: 0.008885156001269934
L: 0.50, u_super: 0.00949, sec: 565.049, prod: 0.209650, t_ads: 20.5, t_des: 20.9, bed_util_ads: 0.485, bed_util_des: 0.485, des_th: 0.48476276403464347,frac_lost: 0.103, li_recovered:  8.685, time: 0.009108206000746577
L: 0.50, u_super: 0.00970, sec: 566.694, prod: 0.218709, t_ads: 20.2, t_des: 19.1, bed_util_ads: 0.494, bed_util_des: 0.494, des_th: 0.4936490116179837,frac_lost: 0.106, li_recovered:  8.595, time: 0.008629725998616777
L: 0.50, u_super: 0.00303, sec: 164.248, prod: 0.067305, t_ads: 63.7, t_des: 55.4, bed_util_ads: 0.500, bed_util_des: 0.500, des_th: 0.49964185127886784,frac_lost: 0.102, li_recovered:  8.014, time: 0.013234128999101813
L: 0.50, u_super: 0.00454, sec: 248.334, prod: 0.102160, t_ads: 42.9, t_des: 38.7, bed_util_ads: 0.498, bed_util_des: 0.497, des_th: 0.49732342157190706,frac_lost: 0.105, li_recovered:  8.337, time: 0.008988826000859262
L: 0.50, u_super: 0.00545, sec: 301.395, prod: 0.123139, t_ads: 35.6, t_des: 31.8, bed_util_ads: 0.500, bed_util_des: 0.500, des_th: 0.4998350504178512,frac_lost: 0.102, li_recovered:  8.296, time: 0.008147538001139765
L: 0.50, u_super: 0.00559, sec: 312.768, prod: 0.124840, t_ads: 34.7, t_des: 34.1, bed_util_ads: 0.487, bed_util_des: 0.487, des_th: 0.48691281173871287,frac_lost: 0.102, li_recovered:  8.593, time: 0.007781871001498075
L: 0.50, u_super: 0.00689, sec: 386.529, prod: 0.156194, t_ads: 28.1, t_des: 25.4, bed_util_ads: 0.498, bed_util_des: 0.498, des_th: 0.4980651521600225,frac_lost: 0.100, li_recovered:  8.369, time: 0.00868519399955403
L: 0.50, u_super: 0.00088, sec: 48.648, prod: 0.018826, t_ads: 212.4, t_des: 192.7, bed_util_ads: 0.483, bed_util_des: 0.482, des_th: 0.4819952424626862,frac_lost: 0.106, li_recovered:  7.625, time: 0.00837633799892501
L: 0.50, u_super: 0.00411, sec: 224.742, prod: 0.092319, t_ads: 47.2, t_des: 41.7, bed_util_ads: 0.500, bed_util_des: 0.500, des_th: 0.4999022077630156,frac_lost: 0.105, li_recovered:  8.208, time: 0.00986186699992686
L: 0.50, u_super: 0.00287, sec: 154.672, prod: 0.064191, t_ads: 67.2, t_des: 60.5, bed_util_ads: 0.497, bed_util_des: 0.496, des_th: 0.49650194389265573,frac_lost: 0.103, li_recovered:  8.198, time: 0.009839497999564628
L: 0.50, u_super: 0.00759, sec: 3927.114, prod: 0.018839, t_ads: 25.9, t_des: 440.4, bed_util_ads: 0.187, bed_util_des: 0.183, des_th: 0.18294365783812805,frac_lost: 0.105, li_recovered:  8.783, time: 0.08758236599896918
L: 0.50, u_super: 0.00905, sec: 521.699, prod: 0.205004, t_ads: 21.6, t_des: 19.6, bed_util_ads: 0.500, bed_util_des: 0.499, des_th: 0.499488097007094,frac_lost: 0.105, li_recovered:  8.443, time: 0.011363669000274967
L: 0.50, u_super: 0.00591, sec: 328.148, prod: 0.133522, t_ads: 32.9, t_des: 29.8, bed_util_ads: 0.498, bed_util_des: 0.498, des_th: 0.4977336239644988,frac_lost: 0.104, li_recovered:  8.369, time: 0.01292294400082028
L: 0.50, u_super: 0.00063, sec: 35.096, prod: 0.013033, t_ads: 293.9, t_des: 280.7, bed_util_ads: 0.468, bed_util_des: 0.466, des_th: 0.466104137218799,frac_lost: 0.104, li_recovered:  7.488, time: 0.008956868001405383
L: 7.84, u_super: 0.00500 — INFEASIBLE (li_recovered=0.000e+00), time: 0.004590655000356492
L: 0.50, u_super: 0.00776, sec: 463.993, prod: 0.166697, t_ads: 25.3, t_des: 26.9, bed_util_ads: 0.478, bed_util_des: 0.478, des_th: 0.4776996708456013,frac_lost: 0.108, li_recovered:  8.696, time: 0.011439555999459117
L: 0.50, u_super: 0.00979, sec: 640.452, prod: 0.197622, t_ads: 19.9, t_des: 24.2, bed_util_ads: 0.462, bed_util_des: 0.462, des_th: 0.46206839307241376,frac_lost: 0.103, li_recovered:  8.716, time: 0.013221649000115576
L: 0.50, u_super: 0.00332, sec: 211.780, prod: 0.063126, t_ads: 58.5, t_des: 78.0, bed_util_ads: 0.448, bed_util_des: 0.446, des_th: 0.4460353160347536,frac_lost: 0.105, li_recovered:  8.617, time: 0.011325859000862692
L: 0.50, u_super: 0.00088, sec: 48.577, prod: 0.018853, t_ads: 212.5, t_des: 194.7, bed_util_ads: 0.481, bed_util_des: 0.480, des_th: 0.4801196368487451,frac_lost: 0.106, li_recovered:  7.678, time: 0.015102319999641622
L: 0.50, u_super: 0.00636, sec: 390.350, prod: 0.130816, t_ads: 30.8, t_des: 35.6, bed_util_ads: 0.468, bed_util_des: 0.467, des_th: 0.4672943439676545,frac_lost: 0.107, li_recovered:  8.688, time: 0.010786420998556423
L: 28.96, u_super: 0.00345 — INFEASIBLE (li_recovered=0.000e+00), time: 0.0021407170006568776
L: 0.50, u_super: 0.00186, sec: 101.082, prod: 0.040473, t_ads: 103.0, t_des: 88.0, bed_util_ads: 0.500, bed_util_des: 0.500, des_th: 0.4996895793530539,frac_lost: 0.102, li_recovered:  7.729, time: 0.012300210999455885
L: 0.50, u_super: 0.00500, sec: 275.127, prod: 0.112669, t_ads: 38.9, t_des: 34.7, bed_util_ads: 0.500, bed_util_des: 0.500, des_th: 0.499780606326972,frac_lost: 0.104, li_recovered:  8.295, time: 0.010157695998714189
L: 0.50, u_super: 0.00145, sec: 79.096, prod: 0.031214, t_ads: 132.2, t_des: 113.2, bed_util_ads: 0.497, bed_util_des: 0.497, des_th: 0.49680503713545887,frac_lost: 0.106, li_recovered:  7.659, time: 0.008528746000592946
L: 0.50, u_super: 0.00005, sec: 4.332, prod: 0.000668, t_ads: 3399.4, t_des: 5772.9, bed_util_ads: 0.251, bed_util_des: 0.185, des_th: 0.1851696623157332,frac_lost: 0.100, li_recovered:  6.129, time: 0.01082599300025322
L: 0.50, u_super: 0.00560, sec: 309.707, prod: 0.126684, t_ads: 34.6, t_des: 31.4, bed_util_ads: 0.499, bed_util_des: 0.499, des_th: 0.4987561800147214,frac_lost: 0.102, li_recovered:  8.364, time: 0.007183829999121372
L: 0.50, u_super: 0.00072, sec: 39.714, prod: 0.015054, t_ads: 259.9, t_des: 246.9, bed_util_ads: 0.472, bed_util_des: 0.470, des_th: 0.4698800889438594,frac_lost: 0.105, li_recovered:  7.629, time: 0.0074771060008060886
L: 0.50, u_super: 0.00369, sec: 240.812, prod: 0.069037, t_ads: 52.6, t_des: 72.5, bed_util_ads: 0.443, bed_util_des: 0.442, des_th: 0.44202117416423087,frac_lost: 0.103, li_recovered:  8.634, time: 0.009558508998452453
L: 11.53, u_super: 0.00096 — INFEASIBLE (li_recovered=0.000e+00), time: 0.0016607540001132293
L: 0.50, u_super: 0.00358, sec: 194.943, prod: 0.080169, t_ads: 54.2, t_des: 47.9, bed_util_ads: 0.499, bed_util_des: 0.499, des_th: 0.49917615830049816,frac_lost: 0.106, li_recovered:  8.186, time: 0.007517383999584126
L: 58.69, u_super: 0.00200 — INFEASIBLE (li_recovered=0.000e+00), time: 0.00149663599950145
L: 0.50, u_super: 0.00206, sec: 111.839, prod: 0.045077, t_ads: 93.8, t_des: 80.5, bed_util_ads: 0.499, bed_util_des: 0.499, des_th: 0.49885973069756334,frac_lost: 0.107, li_recovered:  7.856, time: 0.008047678000366432
L: 0.50, u_super: 0.00303, sec: 170.942, prod: 0.064669, t_ads: 64.2, t_des: 68.3, bed_util_ads: 0.475, bed_util_des: 0.475, des_th: 0.4746168528075992,frac_lost: 0.106, li_recovered:  8.570, time: 0.008579192000979674
L: 0.50, u_super: 0.00320, sec: 172.639, prod: 0.071676, t_ads: 60.3, t_des: 54.3, bed_util_ads: 0.496, bed_util_des: 0.496, des_th: 0.49582281802114886,frac_lost: 0.101, li_recovered:  8.214, time: 0.008704169998964062
L: 0.50, u_super: 0.00867, sec: 499.078, prod: 0.196104, t_ads: 22.6, t_des: 20.9, bed_util_ads: 0.497, bed_util_des: 0.497, des_th: 0.49665205037462107,frac_lost: 0.107, li_recovered:  8.527, time: 0.008886494000762468
L: 30.03, u_super: 0.00122 — INFEASIBLE (li_recovered=0.000e+00), time: 0.0018461950003256788
L: 0.50, u_super: 0.00970, sec: 563.347, prod: 0.220008, t_ads: 20.1, t_des: 18.3, bed_util_ads: 0.499, bed_util_des: 0.499, des_th: 0.49919857031583725,frac_lost: 0.104, li_recovered:  8.447, time: 0.008726276999368565
L: 0.50, u_super: 0.00663, sec: 373.945, prod: 0.148740, t_ads: 29.5, t_des: 28.1, bed_util_ads: 0.493, bed_util_des: 0.492, des_th: 0.4923977763112135,frac_lost: 0.107, li_recovered:  8.577, time: 0.008060398000452551
   600 |    24000 |     40 |  0.0030569802 |             f
L: 0.50, u_super: 0.00768, sec: 437.175, prod: 0.173441, t_ads: 25.5, t_des: 23.6, bed_util_ads: 0.496, bed_util_des: 0.496, des_th: 0.49584894966596166,frac_lost: 0.108, li_recovered:  8.521, time: 0.009418335001100786
L: 10.66, u_super: 0.00660, sec: 29047.757, prod: 0.040433, t_ads: 643.4, t_des: 3967.8, bed_util_ads: 0.237, bed_util_des: 0.185, des_th: 0.1851696623157332,frac_lost: 0.104, li_recovered:  186.443, time: 0.02454002299964486
L: 0.50, u_super: 0.00905, sec: 522.566, prod: 0.204777, t_ads: 21.7, t_des: 19.7, bed_util_ads: 0.500, bed_util_des: 0.499, des_th: 0.4994500739755777,frac_lost: 0.108, li_recovered:  8.461, time: 0.007810336999682477
L: 0.50, u_super: 0.00577, sec: 319.614, prod: 0.130339, t_ads: 33.6, t_des: 30.2, bed_util_ads: 0.499, bed_util_des: 0.499, des_th: 0.4993367067551329,frac_lost: 0.102, li_recovered:  8.326, time: 0.008535937000488047
L: 0.50, u_super: 0.00713, sec: 402.826, prod: 0.160850, t_ads: 27.5, t_des: 24.6, bed_util_ads: 0.500, bed_util_des: 0.500, des_th: 0.4997924729558119,frac_lost: 0.109, li_recovered:  8.386, time: 0.008606434999819612
L: 0.50, u_super: 0.00798, sec: 453.024, prod: 0.181063, t_ads: 24.3, t_des: 22.3, bed_util_ads: 0.499, bed_util_des: 0.498, des_th: 0.4984307980750054,frac_lost: 0.100, li_recovered:  8.433, time: 0.008266101000117487
L: 0.50, u_super: 0.00406, sec: 220.750, prod: 0.091310, t_ads: 47.8, t_des: 43.3, bed_util_ads: 0.497, bed_util_des: 0.497, des_th: 0.4967445751557296,frac_lost: 0.103, li_recovered:  8.318, time: 0.009146329000941478
L: 0.50, u_super: 0.00135, sec: 75.217, prod: 0.028703, t_ads: 139.9, t_des: 116.0, bed_util_ads: 0.498, bed_util_des: 0.498, des_th: 0.4982210855408742,frac_lost: 0.101, li_recovered:  7.345, time: 0.007769448999169981
L: 22.31, u_super: 0.00554 — INFEASIBLE (li_recovered=0.000e+00), time: 0.001919054999234504
L: 0.50, u_super: 0.00033, sec: 20.993, prod: 0.006009, t_ads: 514.4, t_des: 459.8, bed_util_ads: 0.452, bed_util_des: 0.452, des_th: 0.4520725925929204,frac_lost: 0.103, li_recovered:  5.853, time: 0.00606203099960112
L: 16.07, u_super: 0.00801 — INFEASIBLE (li_recovered=0.000e+00), time: 0.0032062149984994903
L: 0.50, u_super: 0.00620, sec: 344.775, prod: 0.140334, t_ads: 31.3, t_des: 28.4, bed_util_ads: 0.498, bed_util_des: 0.498, des_th: 0.4980651521600225,frac_lost: 0.100, li_recovered:  8.369, time: 0.007594081000206643
L: 0.50, u_super: 0.00263, sec: 141.907, prod: 0.058594, t_ads: 73.3, t_des: 65.1, bed_util_ads: 0.497, bed_util_des: 0.496, des_th: 0.49650194389265573,frac_lost: 0.103, li_recovered:  8.107, time: 0.007055431000480894
L: 0.50, u_super: 0.00258, sec: 139.359, prod: 0.057430, t_ads: 74.8, t_des: 66.4, bed_util_ads: 0.497, bed_util_des: 0.496, des_th: 0.496462050813452,frac_lost: 0.105, li_recovered:  8.109, time: 0.008341484999618842
L: 0.50, u_super: 0.00460, sec: 252.077, prod: 0.103472, t_ads: 42.3, t_des: 37.7, bed_util_ads: 0.500, bed_util_des: 0.499, des_th: 0.4994637637099801,frac_lost: 0.105, li_recovered:  8.275, time: 0.00707452400092734
L: 0.50, u_super: 0.00636, sec: 354.716, prod: 0.143957, t_ads: 30.5, t_des: 28.3, bed_util_ads: 0.496, bed_util_des: 0.496, des_th: 0.4958404157406526,frac_lost: 0.101, li_recovered:  8.468, time: 0.008351210999535397
L: 0.50, u_super: 0.00692, sec: 3413.430, prod: 0.017828, t_ads: 28.3, t_des: 464.1, bed_util_ads: 0.189, bed_util_des: 0.185, des_th: 0.1851696623157332,frac_lost: 0.101, li_recovered:  8.778, time: 0.06734435500038671
L: 0.50, u_super: 0.00560, sec: 309.911, prod: 0.126502, t_ads: 34.7, t_des: 31.1, bed_util_ads: 0.500, bed_util_des: 0.499, des_th: 0.49941800771673645,frac_lost: 0.102, li_recovered:  8.317, time: 0.008269316998848808
L: 28.10, u_super: 0.00337 — INFEASIBLE (li_recovered=0.000e+00), time: 0.0019552119993022643
L: 0.50, u_super: 0.00856, sec: 491.644, prod: 0.193720, t_ads: 22.9, t_des: 21.0, bed_util_ads: 0.498, bed_util_des: 0.497, des_th: 0.49750235591288355,frac_lost: 0.107, li_recovered:  8.492, time: 0.009264516998882755
L: 0.50, u_super: 0.00013 — INFEASIBLE (li_recovered=0.000e+00), time: 0.0021030249990872107
L: 0.50, u_super: 0.00454, sec: 248.474, prod: 0.102002, t_ads: 42.9, t_des: 38.3, bed_util_ads: 0.500, bed_util_des: 0.499, des_th: 0.4994879566545102,frac_lost: 0.106, li_recovered:  8.286, time: 0.008563239000068279
L: 0.50, u_super: 0.00976, sec: 567.154, prod: 0.221474, t_ads: 20.0, t_des: 18.0, bed_util_ads: 0.500, bed_util_des: 0.500, des_th: 0.4996836766240903,frac_lost: 0.103, li_recovered:  8.399, time: 0.00858800700007123
L: 0.50, u_super: 0.00501, sec: 275.461, prod: 0.112843, t_ads: 38.8, t_des: 34.7, bed_util_ads: 0.500, bed_util_des: 0.500, des_th: 0.4999582945387,frac_lost: 0.104, li_recovered:  8.297, time: 0.009469897000599303
L: 0.50, u_super: 0.00206, sec: 111.839, prod: 0.045077, t_ads: 93.8, t_des: 80.5, bed_util_ads: 0.499, bed_util_des: 0.499, des_th: 0.49885973069756334,frac_lost: 0.107, li_recovered:  7.856, time: 0.010296196000126656
L: 0.50, u_super: 0.00247, sec: 132.604, prod: 0.054908, t_ads: 78.2, t_des: 70.5, bed_util_ads: 0.496, bed_util_des: 0.495, des_th: 0.4954815414057284,frac_lost: 0.104, li_recovered:  8.166, time: 0.010052273999463068
L: 0.50, u_super: 0.00818, sec: 491.880, prod: 0.176029, t_ads: 23.9, t_des: 25.5, bed_util_ads: 0.478, bed_util_des: 0.478, des_th: 0.47793510565126923,frac_lost: 0.107, li_recovered:  8.699, time: 0.010411259998363676
L: 0.50, u_super: 0.00647, sec: 384.178, prod: 0.137924, t_ads: 30.3, t_des: 32.7, bed_util_ads: 0.477, bed_util_des: 0.476, des_th: 0.4760581458951027,frac_lost: 0.109, li_recovered:  8.685, time: 0.008721170001081191
L: 0.50, u_super: 0.00986, sec: 580.777, prod: 0.221264, t_ads: 19.8, t_des: 19.2, bed_util_ads: 0.490, bed_util_des: 0.490, des_th: 0.4897727343134806,frac_lost: 0.105, li_recovered:  8.641, time: 0.008978236000984907
L: 0.50, u_super: 0.00798, sec: 455.514, prod: 0.180073, t_ads: 24.6, t_des: 22.8, bed_util_ads: 0.496, bed_util_des: 0.496, des_th: 0.49584336867284984,frac_lost: 0.108, li_recovered:  8.527, time: 0.010544086999288993
L: 0.50, u_super: 0.00140, sec: 76.030, prod: 0.030359, t_ads: 136.8, t_des: 134.7, bed_util_ads: 0.479, bed_util_des: 0.478, des_th: 0.47793510565126923,frac_lost: 0.106, li_recovered:  8.242, time: 0.011867764000271563
L: 0.50, u_super: 0.00655, sec: 365.749, prod: 0.148328, t_ads: 29.6, t_des: 27.2, bed_util_ads: 0.497, bed_util_des: 0.496, des_th: 0.49650194389265573,frac_lost: 0.101, li_recovered:  8.422, time: 0.009962889000235009
L: 0.50, u_super: 0.00414, sec: 226.254, prod: 0.092815, t_ads: 47.0, t_des: 41.4, bed_util_ads: 0.500, bed_util_des: 0.500, des_th: 0.4999147800564512,frac_lost: 0.105, li_recovered:  8.200, time: 0.008481527000185451
L: 0.50, u_super: 0.00721, sec: 412.196, prod: 0.160950, t_ads: 27.2, t_des: 26.4, bed_util_ads: 0.490, bed_util_des: 0.489, des_th: 0.4893661151223422,frac_lost: 0.107, li_recovered:  8.626, time: 0.011492673998873215
L: 0.50, u_super: 0.00006 — INFEASIBLE (li_recovered=0.000e+00), time: 0.001559190999614657
L: 0.50, u_super: 0.00203, sec: 110.282, prod: 0.044332, t_ads: 94.4, t_des: 80.7, bed_util_ads: 0.499, bed_util_des: 0.499, des_th: 0.49885973069756334,frac_lost: 0.101, li_recovered:  7.760, time: 0.009280444999603787
L: 0.50, u_super: 0.00934, sec: 541.764, prod: 0.211442, t_ads: 20.9, t_des: 19.5, bed_util_ads: 0.497, bed_util_des: 0.497, des_th: 0.4967402202755775,frac_lost: 0.105, li_recovered:  8.537, time: 0.008358128001418663
L: 0.50, u_super: 0.00990, sec: 577.885, prod: 0.224082, t_ads: 19.8, t_des: 18.3, bed_util_ads: 0.496, bed_util_des: 0.496, des_th: 0.4959464048476854,frac_lost: 0.106, li_recovered:  8.537, time: 0.00861369099948206
L: 0.50, u_super: 0.00863, sec: 495.058, prod: 0.195388, t_ads: 22.7, t_des: 20.6, bed_util_ads: 0.500, bed_util_des: 0.499, des_th: 0.4994093845626726,frac_lost: 0.105, li_recovered:  8.449, time: 0.006067583000913146
L: 0.50, u_super: 0.00990, sec: 576.425, prod: 0.224649, t_ads: 19.7, t_des: 17.9, bed_util_ads: 0.499, bed_util_des: 0.498, des_th: 0.4984394211704214,frac_lost: 0.104, li_recovered:  8.452, time: 0.005487911999807693
   601 |    24040 |     40 |  0.0029120112 |             f
L: 0.50, u_super: 0.00754, sec: 504.869, prod: 0.144535, t_ads: 25.9, t_des: 34.3, bed_util_ads: 0.451, bed_util_des: 0.450, des_th: 0.4502022831980761,frac_lost: 0.105, li_recovered:  8.706, time: 0.007756017001156579
L: 0.50, u_super: 0.00949, sec: 550.412, prod: 0.215225, t_ads: 20.6, t_des: 18.7, bed_util_ads: 0.499, bed_util_des: 0.499, des_th: 0.49863456315542143,frac_lost: 0.105, li_recovered:  8.454, time: 0.006464005999077926
L: 0.50, u_super: 0.00793, sec: 450.513, prod: 0.179800, t_ads: 24.5, t_des: 22.4, bed_util_ads: 0.499, bed_util_des: 0.498, des_th: 0.4984392065244319,frac_lost: 0.102, li_recovered:  8.430, time: 0.005341297000995837
L: 0.70, u_super: 0.00981, sec: 799.629, prod: 0.222059, t_ads: 27.7, t_des: 24.8, bed_util_ads: 0.500, bed_util_des: 0.499, des_th: 0.49941800771673645,frac_lost: 0.101, li_recovered:  11.647, time: 0.0060207589995115995
L: 0.50, u_super: 0.00120, sec: 65.267, prod: 0.026184, t_ads: 157.2, t_des: 151.8, bed_util_ads: 0.480, bed_util_des: 0.478, des_th: 0.47859745512823404,frac_lost: 0.102, li_recovered:  8.091, time: 0.005800173999887193
L: 47.00, u_super: 0.00407 — INFEASIBLE (li_recovered=0.000e+00), time: 0.0010071489996335004
L: 0.50, u_super: 0.00063 — INFEASIBLE (li_recovered=0.000e+00), time: 0.004994073999114335
L: 0.50, u_super: 0.00168, sec: 90.506, prod: 0.037121, t_ads: 113.5, t_des: 103.1, bed_util_ads: 0.491, bed_util_des: 0.490, des_th: 0.49030545727295916,frac_lost: 0.103, li_recovered:  8.040, time: 0.006518522999613197
L: 0.50, u_super: 0.00410, sec: 223.288, prod: 0.092177, t_ads: 47.4, t_des: 42.9, bed_util_ads: 0.498, bed_util_des: 0.497, des_th: 0.49730407475754235,frac_lost: 0.105, li_recovered:  8.324, time: 0.007553459001428564
L: 0.50, u_super: 0.00084, sec: 48.250, prod: 0.017158, t_ads: 223.3, t_des: 247.0, bed_util_ads: 0.455, bed_util_des: 0.452, des_th: 0.4520725925929204,frac_lost: 0.102, li_recovered:  8.069, time: 0.006607326000448666
L: 0.50, u_super: 0.00634, sec: 354.154, prod: 0.143386, t_ads: 30.7, t_des: 27.7, bed_util_ads: 0.498, bed_util_des: 0.498, des_th: 0.49804918913268803,frac_lost: 0.104, li_recovered:  8.379, time: 0.006622192000577343
L: 0.50, u_super: 0.00559, sec: 309.066, prod: 0.126182, t_ads: 34.8, t_des: 31.5, bed_util_ads: 0.499, bed_util_des: 0.499, des_th: 0.4987147580307535,frac_lost: 0.103, li_recovered:  8.362, time: 0.00822606600013387
L: 0.50, u_super: 0.00164, sec: 92.958, prod: 0.034273, t_ads: 117.6, t_des: 127.9, bed_util_ads: 0.468, bed_util_des: 0.466, des_th: 0.466104137218799,frac_lost: 0.108, li_recovered:  8.413, time: 0.007385666998743545
L: 0.50, u_super: 0.00439, sec: 240.534, prod: 0.098723, t_ads: 44.4, t_des: 40.0, bed_util_ads: 0.499, bed_util_des: 0.498, des_th: 0.4984613357726214,frac_lost: 0.108, li_recovered:  8.332, time: 0.00786171100116917
L: 0.50, u_super: 0.00211, sec: 115.683, prod: 0.045935, t_ads: 91.4, t_des: 92.4, bed_util_ads: 0.479, bed_util_des: 0.478, des_th: 0.47793510565126923,frac_lost: 0.106, li_recovered:  8.442, time: 0.006952895999347675
L: 0.50, u_super: 0.00005, sec: 4.625, prod: 0.000626, t_ads: 2823.5, t_des: 4083.5, bed_util_ads: 0.255, bed_util_des: 0.215, des_th: 0.2158061355603784,frac_lost: 0.101, li_recovered:  4.323, time: 0.005863485001100344
L: 0.50, u_super: 0.00500, sec: 275.183, prod: 0.112646, t_ads: 38.9, t_des: 34.7, bed_util_ads: 0.500, bed_util_des: 0.500, des_th: 0.49998630543176703,frac_lost: 0.104, li_recovered:  8.285, time: 0.007607249001011951
L: 0.50, u_super: 0.00231, sec: 124.328, prod: 0.051217, t_ads: 83.6, t_des: 74.5, bed_util_ads: 0.496, bed_util_des: 0.496, des_th: 0.4955833096956382,frac_lost: 0.105, li_recovered:  8.098, time: 0.007224789000247256
L: 22.47, u_super: 0.00229 — INFEASIBLE (li_recovered=0.000e+00), time: 0.0015989100011211121
L: 0.50, u_super: 0.00611, sec: 340.119, prod: 0.138107, t_ads: 31.8, t_des: 28.5, bed_util_ads: 0.500, bed_util_des: 0.499, des_th: 0.4993928877578515,frac_lost: 0.102, li_recovered:  8.321, time: 0.006163830999867059
L: 0.50, u_super: 0.00586, sec: 325.380, prod: 0.132533, t_ads: 33.1, t_des: 29.6, bed_util_ads: 0.500, bed_util_des: 0.500, des_th: 0.4998915574242646,frac_lost: 0.101, li_recovered:  8.305, time: 0.006225610999536002
L: 1.79, u_super: 0.00526, sec: 1084.922, prod: 0.113464, t_ads: 130.2, t_des: 111.3, bed_util_ads: 0.497, bed_util_des: 0.497, des_th: 0.49673181182432635,frac_lost: 0.105, li_recovered:  27.397, time: 0.005025910999393091
L: 0.50, u_super: 0.00905, sec: 522.402, prod: 0.204729, t_ads: 21.7, t_des: 19.7, bed_util_ads: 0.499, bed_util_des: 0.499, des_th: 0.49865541645273814,frac_lost: 0.107, li_recovered:  8.463, time: 0.005140739000125905
L: 0.50, u_super: 0.00345, sec: 187.497, prod: 0.077273, t_ads: 56.3, t_des: 52.7, bed_util_ads: 0.492, bed_util_des: 0.492, des_th: 0.4918478939413348,frac_lost: 0.107, li_recovered:  8.422, time: 0.0063087550006457604
L: 0.50, u_super: 0.00545, sec: 329.840, prod: 0.112520, t_ads: 35.5, t_des: 41.5, bed_util_ads: 0.466, bed_util_des: 0.466, des_th: 0.46556924871659716,frac_lost: 0.100, li_recovered:  8.664, time: 0.007656514000700554
L: 0.50, u_super: 0.00005, sec: 4.364, prod: 0.000663, t_ads: 3616.5, t_des: 6765.8, bed_util_ads: 0.247, bed_util_des: 0.168, des_th: 0.16841776931417157,frac_lost: 0.103, li_recovered:  6.887, time: 0.007762790000924724
L: 0.50, u_super: 0.00207, sec: 112.663, prod: 0.045381, t_ads: 92.3, t_des: 79.1, bed_util_ads: 0.499, bed_util_des: 0.499, des_th: 0.4989997495357362,frac_lost: 0.101, li_recovered:  7.778, time: 0.007149446999392239
L: 0.50, u_super: 0.00713, sec: 403.167, prod: 0.161029, t_ads: 27.5, t_des: 24.6, bed_util_ads: 0.500, bed_util_des: 0.499, des_th: 0.49938449755733005,frac_lost: 0.109, li_recovered:  8.394, time: 0.007129368001187686
L: 11.94, u_super: 0.00830 — INFEASIBLE (li_recovered=0.000e+00), time: 0.003790036000282271
L: 29.87, u_super: 0.00345 — INFEASIBLE (li_recovered=0.000e+00), time: 0.0012938350009790156
L: 0.50, u_super: 0.00772, sec: 445.814, prod: 0.171859, t_ads: 25.4, t_des: 24.9, bed_util_ads: 0.489, bed_util_des: 0.489, des_th: 0.4887635262635359,frac_lost: 0.108, li_recovered:  8.647, time: 0.006086446999688633
L: 0.50, u_super: 0.00118, sec: 64.606, prod: 0.025169, t_ads: 161.4, t_des: 139.4, bed_util_ads: 0.493, bed_util_des: 0.492, des_th: 0.49258078104884767,frac_lost: 0.106, li_recovered:  7.569, time: 0.005710470999474637
L: 38.88, u_super: 0.00521 — INFEASIBLE (li_recovered=0.000e+00), time: 0.001631765000638552
L: 0.50, u_super: 0.00271, sec: 146.728, prod: 0.060316, t_ads: 71.2, t_des: 62.5, bed_util_ads: 0.499, bed_util_des: 0.498, des_th: 0.4984778200882931,frac_lost: 0.104, li_recovered:  8.060, time: 0.006877599000290502
L: 0.50, u_super: 0.00949, sec: 550.541, prod: 0.215175, t_ads: 20.6, t_des: 18.6, bed_util_ads: 0.500, bed_util_des: 0.499, des_th: 0.49941800771673645,frac_lost: 0.105, li_recovered:  8.442, time: 0.0052481349994195625
L: 0.50, u_super: 0.00812, sec: 556.385, prod: 0.153071, t_ads: 24.0, t_des: 32.9, bed_util_ads: 0.447, bed_util_des: 0.446, des_th: 0.4464240697515107,frac_lost: 0.104, li_recovered:  8.711, time: 0.008097478999843588
L: 0.50, u_super: 0.00533, sec: 306.398, prod: 0.115404, t_ads: 36.4, t_des: 38.5, bed_util_ads: 0.478, bed_util_des: 0.478, des_th: 0.47793510565126923,frac_lost: 0.102, li_recovered:  8.649, time: 0.006874377000713139
L: 0.50, u_super: 0.00283, sec: 152.815, prod: 0.062875, t_ads: 68.3, t_des: 65.9, bed_util_ads: 0.488, bed_util_des: 0.487, des_th: 0.4870579118579178,frac_lost: 0.102, li_recovered:  8.436, time: 0.007358573999226792
L: 33.22, u_super: 0.00398 — INFEASIBLE (li_recovered=0.000e+00), time: 0.0014139830000203801
L: 0.50, u_super: 0.00206, sec: 112.187, prod: 0.045116, t_ads: 92.8, t_des: 79.3, bed_util_ads: 0.500, bed_util_des: 0.500, des_th: 0.4999426486865532,frac_lost: 0.101, li_recovered:  7.766, time: 0.005859523998879013
   602 |    24080 |     40 |  0.0019714657 |             f
L: 0.50, u_super: 0.00467, sec: 2166.688, prod: 0.012402, t_ads: 42.1, t_des: 666.2, bed_util_ads: 0.191, bed_util_des: 0.185, des_th: 0.1851696623157332,frac_lost: 0.104, li_recovered:  8.784, time: 0.04776400099945022
L: 0.50, u_super: 0.00990, sec: 667.980, prod: 0.193858, t_ads: 19.7, t_des: 25.3, bed_util_ads: 0.455, bed_util_des: 0.455, des_th: 0.4548189917916561,frac_lost: 0.103, li_recovered:  8.719, time: 0.008896620000086841
L: 0.50, u_super: 0.00103, sec: 56.211, prod: 0.022281, t_ads: 182.0, t_des: 167.1, bed_util_ads: 0.484, bed_util_des: 0.483, des_th: 0.4832934002856627,frac_lost: 0.102, li_recovered:  7.777, time: 0.006017408999468898
L: 0.50, u_super: 0.00713, sec: 430.576, prod: 0.150779, t_ads: 27.4, t_des: 30.2, bed_util_ads: 0.474, bed_util_des: 0.473, des_th: 0.47320056640139513,frac_lost: 0.107, li_recovered:  8.694, time: 0.0066995060005865525
L: 0.50, u_super: 0.00320, sec: 176.600, prod: 0.070364, t_ads: 60.7, t_des: 60.7, bed_util_ads: 0.484, bed_util_des: 0.484, des_th: 0.4836813497027485,frac_lost: 0.108, li_recovered:  8.544, time: 0.008861734000674915
L: 0.50, u_super: 0.00663, sec: 372.313, prod: 0.149530, t_ads: 29.6, t_des: 27.1, bed_util_ads: 0.497, bed_util_des: 0.496, des_th: 0.496462050813452,frac_lost: 0.109, li_recovered:  8.474, time: 0.005923028998950031
L: 0.50, u_super: 0.00856, sec: 492.226, prod: 0.193491, t_ads: 22.9, t_des: 21.2, bed_util_ads: 0.496, bed_util_des: 0.496, des_th: 0.4957721894010839,frac_lost: 0.107, li_recovered:  8.533, time: 0.0062480130000039935
L: 0.50, u_super: 0.00586, sec: 355.052, prod: 0.121457, t_ads: 33.1, t_des: 38.3, bed_util_ads: 0.467, bed_util_des: 0.467, des_th: 0.4666782474985437,frac_lost: 0.102, li_recovered:  8.672, time: 0.006765043999621412
L: 19.68, u_super: 0.00943 — INFEASIBLE (li_recovered=0.000e+00), time: 0.0019750989995372947
L: 0.50, u_super: 0.00905, sec: 522.103, prod: 0.204846, t_ads: 21.6, t_des: 19.7, bed_util_ads: 0.500, bed_util_des: 0.500, des_th: 0.49966219255528543,frac_lost: 0.107, li_recovered:  8.458, time: 0.006357324999044067
L: 0.50, u_super: 0.00309, sec: 171.615, prod: 0.067119, t_ads: 63.2, t_des: 64.3, bed_util_ads: 0.481, bed_util_des: 0.480, des_th: 0.4800390645704125,frac_lost: 0.110, li_recovered:  8.557, time: 0.007151922000048216
L: 0.50, u_super: 0.00058 — INFEASIBLE (li_recovered=0.000e+00), time: 0.0033619400001043687
L: 0.50, u_super: 0.00663, sec: 372.254, prod: 0.149554, t_ads: 29.5, t_des: 27.1, bed_util_ads: 0.496, bed_util_des: 0.496, des_th: 0.4960934701402701,frac_lost: 0.108, li_recovered:  8.475, time: 0.007463768000889104
L: 0.50, u_super: 0.00877, sec: 503.868, prod: 0.198612, t_ads: 22.3, t_des: 20.3, bed_util_ads: 0.500, bed_util_des: 0.499, des_th: 0.49945370826259916,frac_lost: 0.105, li_recovered:  8.448, time: 0.005632325000988203
L: 0.50, u_super: 0.00005, sec: 4.336, prod: 0.000668, t_ads: 3364.3, t_des: 5606.6, bed_util_ads: 0.253, bed_util_des: 0.189, des_th: 0.1893811885117404,frac_lost: 0.101, li_recovered:  5.990, time: 0.006206447000295157
L: 0.50, u_super: 0.00886, sec: 510.720, prod: 0.200456, t_ads: 22.1, t_des: 20.0, bed_util_ads: 0.499, bed_util_des: 0.499, des_th: 0.4993685353255509,frac_lost: 0.108, li_recovered:  8.453, time: 0.006321916000160854
L: 0.50, u_super: 0.00885, sec: 510.190, prod: 0.200312, t_ads: 22.1, t_des: 20.3, bed_util_ads: 0.498, bed_util_des: 0.498, des_th: 0.49752848755770546,frac_lost: 0.107, li_recovered:  8.501, time: 0.005180708998523187
L: 0.50, u_super: 0.00990, sec: 576.015, prod: 0.224810, t_ads: 19.7, t_des: 17.9, bed_util_ads: 0.500, bed_util_des: 0.499, des_th: 0.49941800771673645,frac_lost: 0.102, li_recovered:  8.443, time: 0.007091487999787205
L: 0.50, u_super: 0.00723, sec: 408.969, prod: 0.163430, t_ads: 27.1, t_des: 24.8, bed_util_ads: 0.497, bed_util_des: 0.497, des_th: 0.49676145569388963,frac_lost: 0.107, li_recovered:  8.479, time: 0.006035034000888118
L: 0.50, u_super: 0.00247, sec: 132.604, prod: 0.054908, t_ads: 78.2, t_des: 70.5, bed_util_ads: 0.496, bed_util_des: 0.495, des_th: 0.4954815414057284,frac_lost: 0.104, li_recovered:  8.166, time: 0.004663237999920966
L: 0.50, u_super: 0.00006 — INFEASIBLE (li_recovered=0.000e+00), time: 0.00237766999998712
L: 0.50, u_super: 0.00083 — INFEASIBLE (li_recovered=0.000e+00), time: 0.004994041999452747
L: 0.50, u_super: 0.00952, sec: 554.870, prod: 0.215017, t_ads: 20.5, t_des: 19.5, bed_util_ads: 0.493, bed_util_des: 0.493, des_th: 0.492667242766841,frac_lost: 0.104, li_recovered:  8.591, time: 0.008152062999215559
L: 0.50, u_super: 0.00500, sec: 275.118, prod: 0.112673, t_ads: 38.8, t_des: 34.6, bed_util_ads: 0.500, bed_util_des: 0.500, des_th: 0.499989703251112,frac_lost: 0.103, li_recovered:  8.278, time: 0.00744474299972353
L: 1.88, u_super: 0.00782, sec: 1719.676, prod: 0.172140, t_ads: 91.9, t_des: 79.8, bed_util_ads: 0.499, bed_util_des: 0.499, des_th: 0.49869835855210076,frac_lost: 0.100, li_recovered:  29.557, time: 0.0071587990005355095
L: 0.50, u_super: 0.00455, sec: 249.351, prod: 0.102179, t_ads: 42.8, t_des: 38.1, bed_util_ads: 0.500, bed_util_des: 0.499, des_th: 0.49944993362299395,frac_lost: 0.106, li_recovered:  8.268, time: 0.006992872000409989
L: 0.50, u_super: 0.00768, sec: 436.739, prod: 0.173613, t_ads: 25.5, t_des: 23.4, bed_util_ads: 0.498, bed_util_des: 0.498, des_th: 0.4975791161777304,frac_lost: 0.108, li_recovered:  8.483, time: 0.0071430360003432725
L: 0.50, u_super: 0.00175, sec: 93.858, prod: 0.038601, t_ads: 109.3, t_des: 99.5, bed_util_ads: 0.491, bed_util_des: 0.490, des_th: 0.49030545727295916,frac_lost: 0.102, li_recovered:  8.060, time: 0.00598546099899977
L: 0.50, u_super: 0.00350, sec: 190.014, prod: 0.078459, t_ads: 55.5, t_des: 49.6, bed_util_ads: 0.499, bed_util_des: 0.499, des_th: 0.49863456315542143,frac_lost: 0.106, li_recovered:  8.245, time: 0.007627517999935662
L: 0.50, u_super: 0.00812, sec: 463.639, prod: 0.183893, t_ads: 24.1, t_des: 21.8, bed_util_ads: 0.500, bed_util_des: 0.499, des_th: 0.49939103274435587,frac_lost: 0.106, li_recovered:  8.439, time: 0.006472191000284511
L: 0.50, u_super: 0.00082, sec: 46.891, prod: 0.016892, t_ads: 225.4, t_des: 188.4, bed_util_ads: 0.490, bed_util_des: 0.490, des_th: 0.49023198843610216,frac_lost: 0.102, li_recovered:  6.990, time: 0.007686570001169457
L: 0.50, u_super: 0.00951, sec: 608.697, prod: 0.195537, t_ads: 20.5, t_des: 24.1, bed_util_ads: 0.466, bed_util_des: 0.466, des_th: 0.4660288854759051,frac_lost: 0.103, li_recovered:  8.713, time: 0.009913576999679208
L: 0.50, u_super: 0.00345, sec: 186.655, prod: 0.077621, t_ads: 55.8, t_des: 52.1, bed_util_ads: 0.493, bed_util_des: 0.492, des_th: 0.4922164745934921,frac_lost: 0.100, li_recovered:  8.375, time: 0.00792947299851221
L: 0.50, u_super: 0.00432, sec: 235.981, prod: 0.097021, t_ads: 45.0, t_des: 40.2, bed_util_ads: 0.499, bed_util_des: 0.498, des_th: 0.4984957242833901,frac_lost: 0.105, li_recovered:  8.266, time: 0.00895253899943782
L: 0.50, u_super: 0.00462, sec: 253.419, prod: 0.104044, t_ads: 42.2, t_des: 38.4, bed_util_ads: 0.497, bed_util_des: 0.497, des_th: 0.49659960684681165,frac_lost: 0.107, li_recovered:  8.384, time: 0.006336251000902848
L: 0.50, u_super: 0.00708, sec: 400.193, prod: 0.159873, t_ads: 27.6, t_des: 25.7, bed_util_ads: 0.495, bed_util_des: 0.495, des_th: 0.49517061062728035,frac_lost: 0.107, li_recovered:  8.517, time: 0.006899964000695036
L: 0.50, u_super: 0.00225, sec: 121.893, prod: 0.049602, t_ads: 85.1, t_des: 73.7, bed_util_ads: 0.499, bed_util_des: 0.499, des_th: 0.49888298435414824,frac_lost: 0.100, li_recovered:  7.874, time: 0.007016707999355276
L: 0.50, u_super: 0.00500, sec: 275.046, prod: 0.112702, t_ads: 38.8, t_des: 34.7, bed_util_ads: 0.500, bed_util_des: 0.500, des_th: 0.4999582945387,frac_lost: 0.103, li_recovered:  8.288, time: 0.0070801040001242654
L: 0.50, u_super: 0.00384, sec: 208.884, prod: 0.086196, t_ads: 50.7, t_des: 45.9, bed_util_ads: 0.498, bed_util_des: 0.497, des_th: 0.49744409379403615,frac_lost: 0.107, li_recovered:  8.326, time: 0.007018289999905392
L: 0.50, u_super: 0.00140, sec: 76.001, prod: 0.030371, t_ads: 136.6, t_des: 134.7, bed_util_ads: 0.479, bed_util_des: 0.478, des_th: 0.4776241458812092,frac_lost: 0.105, li_recovered:  8.240, time: 0.007916766000562347
   603 |    24120 |     40 |  0.0038975794 |             f
L: 0.50, u_super: 0.00691, sec: 388.675, prod: 0.155989, t_ads: 28.3, t_des: 26.0, bed_util_ads: 0.498, bed_util_des: 0.498, des_th: 0.49762303364727184,frac_lost: 0.107, li_recovered:  8.472, time: 0.005867593999937526
L: 45.75, u_super: 0.00981 — INFEASIBLE (li_recovered=0.000e+00), time: 0.001248616999873775
L: 0.50, u_super: 0.00500, sec: 292.319, prod: 0.106043, t_ads: 38.8, t_des: 42.8, bed_util_ads: 0.473, bed_util_des: 0.472, des_th: 0.47248408866597885,frac_lost: 0.101, li_recovered:  8.649, time: 0.005630243998894002
L: 0.50, u_super: 0.00521, sec: 286.791, prod: 0.117578, t_ads: 37.3, t_des: 34.2, bed_util_ads: 0.497, bed_util_des: 0.497, des_th: 0.4967402202755775,frac_lost: 0.103, li_recovered:  8.404, time: 0.00523908300056064
L: 0.50, u_super: 0.00203, sec: 108.665, prod: 0.044991, t_ads: 94.4, t_des: 86.1, bed_util_ads: 0.492, bed_util_des: 0.491, des_th: 0.491412745309927,frac_lost: 0.100, li_recovered:  8.118, time: 0.005892813998798374
L: 0.50, u_super: 0.00945, sec: 555.222, prod: 0.211164, t_ads: 20.7, t_des: 20.3, bed_util_ads: 0.490, bed_util_des: 0.490, des_th: 0.4897844429794323,frac_lost: 0.105, li_recovered:  8.654, time: 0.0062721300000703195
L: 0.50, u_super: 0.00384, sec: 208.914, prod: 0.086183, t_ads: 50.6, t_des: 45.3, bed_util_ads: 0.498, bed_util_des: 0.497, des_th: 0.49740566011738496,frac_lost: 0.106, li_recovered:  8.269, time: 0.005278845999782789
L: 0.50, u_super: 0.00712, sec: 4209.517, prod: 0.015358, t_ads: 27.5, t_des: 544.4, bed_util_ads: 0.175, bed_util_des: 0.171, des_th: 0.17133828281568492,frac_lost: 0.102, li_recovered:  8.782, time: 0.055144019999715965
L: 0.50, u_super: 0.00707, sec: 399.794, prod: 0.159409, t_ads: 27.7, t_des: 25.7, bed_util_ads: 0.495, bed_util_des: 0.495, des_th: 0.4951806170805287,frac_lost: 0.109, li_recovered:  8.518, time: 0.005583773001490044
L: 0.50, u_super: 0.00034 — INFEASIBLE (li_recovered=0.000e+00), time: 0.0031136979996517766
L: 0.50, u_super: 0.00964, sec: 560.196, prod: 0.218561, t_ads: 20.3, t_des: 18.6, bed_util_ads: 0.498, bed_util_des: 0.498, des_th: 0.49752848755770546,frac_lost: 0.105, li_recovered:  8.495, time: 0.006965091000893153
L: 0.50, u_super: 0.00990, sec: 576.941, prod: 0.224452, t_ads: 19.7, t_des: 17.7, bed_util_ads: 0.500, bed_util_des: 0.500, des_th: 0.4999518898619407,frac_lost: 0.105, li_recovered:  8.399, time: 0.0066694819997792365
L: 0.50, u_super: 0.00668, sec: 373.997, prod: 0.151297, t_ads: 29.0, t_des: 26.9, bed_util_ads: 0.496, bed_util_des: 0.496, des_th: 0.4960934701402701,frac_lost: 0.101, li_recovered:  8.467, time: 0.005158441999810748
L: 7.73, u_super: 0.00829 — INFEASIBLE (li_recovered=0.000e+00), time: 0.0027623160003713565
L: 0.50, u_super: 0.00500, sec: 275.236, prod: 0.112624, t_ads: 38.9, t_des: 34.7, bed_util_ads: 0.500, bed_util_des: 0.500, des_th: 0.4999835911688469,frac_lost: 0.105, li_recovered:  8.291, time: 0.005236117000094964
L: 0.50, u_super: 0.00634, sec: 353.641, prod: 0.143593, t_ads: 30.6, t_des: 28.3, bed_util_ads: 0.496, bed_util_des: 0.495, des_th: 0.4954815414057284,frac_lost: 0.101, li_recovered:  8.460, time: 0.006103596999309957
L: 0.50, u_super: 0.00387, sec: 210.154, prod: 0.086815, t_ads: 50.3, t_des: 45.5, bed_util_ads: 0.498, bed_util_des: 0.497, des_th: 0.49744409379403615,frac_lost: 0.106, li_recovered:  8.318, time: 0.005394902000261936
L: 0.50, u_super: 0.00848, sec: 486.918, prod: 0.191679, t_ads: 23.1, t_des: 21.4, bed_util_ads: 0.496, bed_util_des: 0.496, des_th: 0.49599892405068896,frac_lost: 0.107, li_recovered:  8.527, time: 0.006102031999034807
L: 12.35, u_super: 0.00906 — INFEASIBLE (li_recovered=0.000e+00), time: 0.0042634879991965136
L: 0.50, u_super: 0.00253, sec: 137.261, prod: 0.056111, t_ads: 76.0, t_des: 66.1, bed_util_ads: 0.500, bed_util_des: 0.500, des_th: 0.4997292518245845,frac_lost: 0.104, li_recovered:  7.976, time: 0.007794212999215233
L: 0.50, u_super: 0.00768, sec: 435.188, prod: 0.174232, t_ads: 25.3, t_des: 23.4, bed_util_ads: 0.496, bed_util_des: 0.496, des_th: 0.49582281802114886,frac_lost: 0.101, li_recovered:  8.473, time: 0.008551905000786064
L: 1.10, u_super: 0.00212, sec: 258.307, prod: 0.045650, t_ads: 194.6, t_des: 182.2, bed_util_ads: 0.480, bed_util_des: 0.479, des_th: 0.478747653553654,frac_lost: 0.104, li_recovered:  17.199, time: 0.008168059999661637
L: 0.50, u_super: 0.00320, sec: 173.135, prod: 0.071471, t_ads: 60.9, t_des: 54.9, bed_util_ads: 0.496, bed_util_des: 0.496, des_th: 0.495861251697797,frac_lost: 0.109, li_recovered:  8.279, time: 0.007331126000281074
L: 5.95, u_super: 0.00608 — INFEASIBLE (li_recovered=0.000e+00), time: 0.0042949090002366574
L: 0.50, u_super: 0.00017 — INFEASIBLE (li_recovered=0.000e+00), time: 0.0024617880008008797
L: 0.50, u_super: 0.00321, sec: 173.798, prod: 0.071800, t_ads: 60.6, t_des: 54.8, bed_util_ads: 0.496, bed_util_des: 0.496, des_th: 0.4958128115679005,frac_lost: 0.108, li_recovered:  8.286, time: 0.009052968000105466
L: 0.50, u_super: 0.00577, sec: 319.564, prod: 0.130641, t_ads: 33.6, t_des: 30.5, bed_util_ads: 0.498, bed_util_des: 0.498, des_th: 0.4977842316516922,frac_lost: 0.100, li_recovered:  8.363, time: 0.007305685001483653
L: 4.78, u_super: 0.00521 — INFEASIBLE (li_recovered=0.000e+00), time: 0.004321300999436062
L: 0.50, u_super: 0.00586, sec: 325.464, prod: 0.132499, t_ads: 33.1, t_des: 29.6, bed_util_ads: 0.500, bed_util_des: 0.500, des_th: 0.499825870073287,frac_lost: 0.102, li_recovered:  8.307, time: 0.007349849000092945
L: 19.37, u_super: 0.00007 — INFEASIBLE (li_recovered=0.000e+00), time: 0.0011934220001421636
L: 0.50, u_super: 0.00917, sec: 530.114, prod: 0.207891, t_ads: 21.3, t_des: 19.1, bed_util_ads: 0.500, bed_util_des: 0.500, des_th: 0.4999110772025952,frac_lost: 0.105, li_recovered:  8.394, time: 0.006621800001084921
L: 0.50, u_super: 0.00246, sec: 132.400, prod: 0.054722, t_ads: 78.2, t_des: 69.8, bed_util_ads: 0.496, bed_util_des: 0.496, des_th: 0.4958404157406526,frac_lost: 0.103, li_recovered:  8.101, time: 0.0060844890012958786
L: 0.50, u_super: 0.00137, sec: 83.857, prod: 0.026548, t_ads: 139.4, t_des: 176.4, bed_util_ads: 0.447, bed_util_des: 0.444, des_th: 0.44383536957004216,frac_lost: 0.103, li_recovered:  8.383, time: 0.0056703319987718714
L: 0.50, u_super: 0.00204, sec: 109.450, prod: 0.045401, t_ads: 93.6, t_des: 86.3, bed_util_ads: 0.491, bed_util_des: 0.490, des_th: 0.49040103783716377,frac_lost: 0.100, li_recovered:  8.168, time: 0.004479631999856792
L: 0.50, u_super: 0.00662, sec: 370.319, prod: 0.149885, t_ads: 29.3, t_des: 27.1, bed_util_ads: 0.496, bed_util_des: 0.496, des_th: 0.4960934701402701,frac_lost: 0.101, li_recovered:  8.460, time: 0.005119354000271414
L: 0.50, u_super: 0.00989, sec: 578.854, prod: 0.223106, t_ads: 19.8, t_des: 18.8, bed_util_ads: 0.494, bed_util_des: 0.494, des_th: 0.493536738089001,frac_lost: 0.105, li_recovered:  8.597, time: 0.004888465000476572
L: 0.50, u_super: 0.00934, sec: 541.440, prod: 0.211568, t_ads: 21.0, t_des: 19.1, bed_util_ads: 0.499, bed_util_des: 0.498, des_th: 0.49841459168698793,frac_lost: 0.107, li_recovered:  8.484, time: 0.005315980999512249
L: 0.50, u_super: 0.00493, sec: 271.162, prod: 0.110960, t_ads: 39.5, t_des: 35.2, bed_util_ads: 0.500, bed_util_des: 0.499, des_th: 0.49941800771673645,frac_lost: 0.105, li_recovered:  8.282, time: 0.0044883959999424405
L: 0.50, u_super: 0.00175, sec: 93.858, prod: 0.038601, t_ads: 109.3, t_des: 99.5, bed_util_ads: 0.491, bed_util_des: 0.490, des_th: 0.49030545727295916,frac_lost: 0.102, li_recovered:  8.060, time: 0.004491186000450398
L: 0.50, u_super: 0.00118, sec: 64.606, prod: 0.025169, t_ads: 161.4, t_des: 139.4, bed_util_ads: 0.493, bed_util_des: 0.492, des_th: 0.49258078104884767,frac_lost: 0.106, li_recovered:  7.569, time: 0.004863389000092866
   604 |    24160 |     40 |  0.0025130887 |             f
L: 0.50, u_super: 0.00876, sec: 504.297, prod: 0.198216, t_ads: 22.4, t_des: 20.2, bed_util_ads: 0.500, bed_util_des: 0.499, des_th: 0.499488097007094,frac_lost: 0.108, li_recovered:  8.444, time: 0.005826045000503655
L: 0.50, u_super: 0.00856, sec: 491.934, prod: 0.193574, t_ads: 22.8, t_des: 21.2, bed_util_ads: 0.496, bed_util_des: 0.496, des_th: 0.4955067330226188,frac_lost: 0.106, li_recovered:  8.530, time: 0.004732116000013775
L: 0.50, u_super: 0.00397, sec: 216.360, prod: 0.089308, t_ads: 48.8, t_des: 43.7, bed_util_ads: 0.499, bed_util_des: 0.498, des_th: 0.4985263123116631,frac_lost: 0.104, li_recovered:  8.266, time: 0.004218955000396818
L: 0.50, u_super: 0.00069 — INFEASIBLE (li_recovered=0.000e+00), time: 0.0024450130003970116
L: 0.50, u_super: 0.00229, sec: 126.168, prod: 0.049781, t_ads: 84.3, t_des: 86.0, bed_util_ads: 0.479, bed_util_des: 0.478, des_th: 0.47779158572919456,frac_lost: 0.105, li_recovered:  8.476, time: 0.004892110000582761
L: 0.50, u_super: 0.00591, sec: 328.700, prod: 0.133160, t_ads: 33.1, t_des: 29.7, bed_util_ads: 0.500, bed_util_des: 0.499, des_th: 0.49941043464841256,frac_lost: 0.108, li_recovered:  8.370, time: 0.00483651399918017
L: 0.50, u_super: 0.00223, sec: 119.596, prod: 0.049437, t_ads: 86.7, t_des: 80.1, bed_util_ads: 0.491, bed_util_des: 0.490, des_th: 0.4902041418752623,frac_lost: 0.106, li_recovered:  8.245, time: 0.0049558339997020084
L: 0.50, u_super: 0.00462, sec: 253.419, prod: 0.104044, t_ads: 42.2, t_des: 38.4, bed_util_ads: 0.497, bed_util_des: 0.497, des_th: 0.49659960684681165,frac_lost: 0.107, li_recovered:  8.384, time: 0.004376352000690531
L: 0.50, u_super: 0.00494, sec: 1897.634, prod: 0.015913, t_ads: 39.7, t_des: 511.9, bed_util_ads: 0.207, bed_util_des: 0.202, des_th: 0.20235283531173626,frac_lost: 0.104, li_recovered:  8.778, time: 0.03328773999965051
L: 0.50, u_super: 0.00934, sec: 630.215, prod: 0.181766, t_ads: 20.9, t_des: 27.1, bed_util_ads: 0.455, bed_util_des: 0.454, des_th: 0.45404245823537104,frac_lost: 0.102, li_recovered:  8.716, time: 0.006779183000617195
L: 0.50, u_super: 0.00952, sec: 552.528, prod: 0.215776, t_ads: 20.5, t_des: 18.7, bed_util_ads: 0.499, bed_util_des: 0.499, des_th: 0.4986926437150194,frac_lost: 0.106, li_recovered:  8.458, time: 0.005633325999951921
L: 0.50, u_super: 0.00905, sec: 521.997, prod: 0.204911, t_ads: 21.6, t_des: 19.8, bed_util_ads: 0.498, bed_util_des: 0.497, des_th: 0.49738072357062435,frac_lost: 0.106, li_recovered:  8.482, time: 0.005363201000363915
L: 0.50, u_super: 0.00192, sec: 104.657, prod: 0.041894, t_ads: 99.7, t_des: 85.0, bed_util_ads: 0.499, bed_util_des: 0.499, des_th: 0.49933231651118354,frac_lost: 0.102, li_recovered:  7.736, time: 0.006167601999550243
L: 33.24, u_super: 0.00590 — INFEASIBLE (li_recovered=0.000e+00), time: 0.0015781649999553338
L: 0.50, u_super: 0.00104, sec: 56.765, prod: 0.022593, t_ads: 180.0, t_des: 171.6, bed_util_ads: 0.479, bed_util_des: 0.478, des_th: 0.4776241458812092,frac_lost: 0.101, li_recovered:  7.944, time: 0.006045660999006941
L: 0.50, u_super: 0.00691, sec: 399.414, prod: 0.151795, t_ads: 28.3, t_des: 28.7, bed_util_ads: 0.484, bed_util_des: 0.484, des_th: 0.48364387377515766,frac_lost: 0.107, li_recovered:  8.665, time: 0.006546567999976105
L: 19.44, u_super: 0.00817 — INFEASIBLE (li_recovered=0.000e+00), time: 0.0015606019987899344
L: 0.50, u_super: 0.00349, sec: 189.275, prod: 0.078123, t_ads: 55.7, t_des: 49.8, bed_util_ads: 0.499, bed_util_des: 0.499, des_th: 0.4986580035768891,frac_lost: 0.107, li_recovered:  8.243, time: 0.006730035000146017
L: 0.50, u_super: 0.00482, sec: 384.507, prod: 0.074668, t_ads: 40.6, t_des: 75.8, bed_util_ads: 0.408, bed_util_des: 0.406, des_th: 0.4057971153423132,frac_lost: 0.107, li_recovered:  8.693, time: 0.008051295000768732
L: 0.50, u_super: 0.00832, sec: 475.985, prod: 0.188218, t_ads: 23.5, t_des: 21.4, bed_util_ads: 0.499, bed_util_des: 0.498, des_th: 0.4984392065244319,frac_lost: 0.107, li_recovered:  8.450, time: 0.006141055999250966
L: 0.50, u_super: 0.00103, sec: 56.211, prod: 0.022281, t_ads: 182.0, t_des: 167.1, bed_util_ads: 0.484, bed_util_des: 0.483, des_th: 0.4832934002856627,frac_lost: 0.102, li_recovered:  7.777, time: 0.007407986999169225
L: 0.50, u_super: 0.00878, sec: 506.785, prod: 0.198277, t_ads: 22.3, t_des: 20.9, bed_util_ads: 0.495, bed_util_des: 0.495, des_th: 0.4950547420144084,frac_lost: 0.106, li_recovered:  8.562, time: 0.005290642999170814
L: 0.50, u_super: 0.00754, sec: 427.839, prod: 0.170527, t_ads: 25.9, t_des: 23.8, bed_util_ads: 0.497, bed_util_des: 0.497, des_th: 0.49726699320000467,frac_lost: 0.107, li_recovered:  8.483, time: 0.005518947000382468
L: 0.50, u_super: 0.00824, sec: 518.692, prod: 0.169402, t_ads: 23.7, t_des: 27.7, bed_util_ads: 0.467, bed_util_des: 0.467, des_th: 0.46697243385139026,frac_lost: 0.104, li_recovered:  8.706, time: 0.006670795000900398
L: 0.50, u_super: 0.00739, sec: 438.142, prod: 0.159455, t_ads: 26.5, t_des: 28.0, bed_util_ads: 0.479, bed_util_des: 0.479, des_th: 0.4785341902770218,frac_lost: 0.107, li_recovered:  8.690, time: 0.005949970000074245
L: 0.50, u_super: 0.00799, sec: 453.871, prod: 0.181353, t_ads: 24.3, t_des: 22.2, bed_util_ads: 0.498, bed_util_des: 0.498, des_th: 0.4977918000951381,frac_lost: 0.100, li_recovered:  8.435, time: 0.005776439000328537
L: 0.50, u_super: 0.00305, sec: 165.139, prod: 0.068059, t_ads: 63.2, t_des: 55.5, bed_util_ads: 0.499, bed_util_des: 0.499, des_th: 0.49882671649912264,frac_lost: 0.101, li_recovered:  8.076, time: 0.0053831749992241384
L: 0.50, u_super: 0.00033, sec: 20.993, prod: 0.006009, t_ads: 514.4, t_des: 459.8, bed_util_ads: 0.452, bed_util_des: 0.452, des_th: 0.4520725925929204,frac_lost: 0.103, li_recovered:  5.853, time: 0.005464955000206828
L: 0.50, u_super: 0.00005 — INFEASIBLE (li_recovered=0.000e+00), time: 0.0009640419993957039
L: 0.50, u_super: 0.00793, sec: 451.996, prod: 0.179210, t_ads: 24.7, t_des: 22.4, bed_util_ads: 0.499, bed_util_des: 0.499, des_th: 0.49904157334910293,frac_lost: 0.108, li_recovered:  8.445, time: 0.005411277001257986
L: 0.50, u_super: 0.00058, sec: 32.618, prod: 0.011882, t_ads: 316.3, t_des: 297.7, bed_util_ads: 0.468, bed_util_des: 0.466, des_th: 0.4658443670294785,frac_lost: 0.102, li_recovered:  7.295, time: 0.0062810910003463505
L: 0.50, u_super: 0.00410, sec: 223.538, prod: 0.092020, t_ads: 47.5, t_des: 42.4, bed_util_ads: 0.500, bed_util_des: 0.499, des_th: 0.4994113805197725,frac_lost: 0.106, li_recovered:  8.264, time: 0.005063710999820614
L: 4.84, u_super: 0.00577 — INFEASIBLE (li_recovered=0.000e+00), time: 0.0028967640009796014
L: 0.50, u_super: 0.00521, sec: 286.460, prod: 0.117713, t_ads: 37.2, t_des: 34.2, bed_util_ads: 0.496, bed_util_des: 0.495, des_th: 0.4954452741749827,frac_lost: 0.101, li_recovered:  8.403, time: 0.005152339999767719
L: 0.50, u_super: 0.00718, sec: 405.869, prod: 0.162264, t_ads: 27.2, t_des: 25.0, bed_util_ads: 0.497, bed_util_des: 0.497, des_th: 0.49676145569388963,frac_lost: 0.107, li_recovered:  8.480, time: 0.00531918299930112
L: 0.50, u_super: 0.00768, sec: 435.111, prod: 0.174263, t_ads: 25.3, t_des: 22.8, bed_util_ads: 0.499, bed_util_des: 0.499, des_th: 0.49923427084449173,frac_lost: 0.101, li_recovered:  8.380, time: 0.006261405000259401
L: 0.50, u_super: 0.00545, sec: 301.422, prod: 0.123129, t_ads: 35.6, t_des: 31.8, bed_util_ads: 0.500, bed_util_des: 0.499, des_th: 0.4994561867511105,frac_lost: 0.102, li_recovered:  8.302, time: 0.004727108000224689
L: 5.28, u_super: 0.00494 — INFEASIBLE (li_recovered=0.000e+00), time: 0.002785341999697266
L: 18.39, u_super: 0.00025 — INFEASIBLE (li_recovered=0.000e+00), time: 0.0010706049997679656
L: 12.96, u_super: 0.00101, sec: 2441.466, prod: 0.012817, t_ads: 3910.3, t_des: 6043.8, bed_util_ads: 0.240, bed_util_des: 0.184, des_th: 0.1851696623157332,frac_lost: 0.101, li_recovered:  127.584, time: 0.007367266000073869
   605 |    24200 |     40 |  0.0019977422 |             f
L: 0.50, u_super: 0.00548, sec: 330.165, prod: 0.113537, t_ads: 35.4, t_des: 40.9, bed_util_ads: 0.467, bed_util_des: 0.467, des_th: 0.46681373062118986,frac_lost: 0.102, li_recovered:  8.665, time: 0.007721816999037401
L: 0.50, u_super: 0.00935, sec: 541.319, prod: 0.211964, t_ads: 20.9, t_des: 18.9, bed_util_ads: 0.500, bed_util_des: 0.500, des_th: 0.49989890467224063,frac_lost: 0.105, li_recovered:  8.444, time: 0.007513214000937296
L: 0.50, u_super: 0.00329, sec: 178.499, prod: 0.073312, t_ads: 59.3, t_des: 52.2, bed_util_ads: 0.499, bed_util_des: 0.499, des_th: 0.49865334135153616,frac_lost: 0.109, li_recovered:  8.173, time: 0.005154825001227437
L: 0.50, u_super: 0.00232, sec: 125.367, prod: 0.051375, t_ads: 83.1, t_des: 73.0, bed_util_ads: 0.498, bed_util_des: 0.497, des_th: 0.497471035185516,frac_lost: 0.105, li_recovered:  8.021, time: 0.005411123000158113
L: 0.50, u_super: 0.00688, sec: 385.621, prod: 0.155837, t_ads: 28.2, t_des: 25.9, bed_util_ads: 0.498, bed_util_des: 0.498, des_th: 0.49762864195636736,frac_lost: 0.101, li_recovered:  8.429, time: 0.005652804999044747
L: 0.50, u_super: 0.00962, sec: 558.905, prod: 0.218020, t_ads: 20.3, t_des: 18.6, bed_util_ads: 0.498, bed_util_des: 0.497, des_th: 0.49744409379403615,frac_lost: 0.105, li_recovered:  8.484, time: 0.007590854998852592
L: 0.50, u_super: 0.00063 — INFEASIBLE (li_recovered=0.000e+00), time: 0.003816110998741351
L: 16.91, u_super: 0.00603, sec: 29572.026, prod: 0.052303, t_ads: 1100.8, t_des: 4384.6, bed_util_ads: 0.255, bed_util_des: 0.190, des_th: 0.19053568445289654,frac_lost: 0.101, li_recovered:  286.898, time: 0.012198235999676399
L: 0.50, u_super: 0.00283, sec: 152.764, prod: 0.062896, t_ads: 68.3, t_des: 60.0, bed_util_ads: 0.499, bed_util_des: 0.498, des_th: 0.4985091683596219,frac_lost: 0.103, li_recovered:  8.070, time: 0.004998950000299374
L: 0.50, u_super: 0.00979, sec: 581.932, prod: 0.217182, t_ads: 19.9, t_des: 20.0, bed_util_ads: 0.487, bed_util_des: 0.487, des_th: 0.48667390706737484,frac_lost: 0.104, li_recovered:  8.679, time: 0.005804297999929986
L: 0.50, u_super: 0.00828, sec: 473.368, prod: 0.187329, t_ads: 23.6, t_des: 21.4, bed_util_ads: 0.500, bed_util_des: 0.499, des_th: 0.49945370826259916,frac_lost: 0.107, li_recovered:  8.445, time: 0.004622556998583605
L: 13.43, u_super: 0.00905 — INFEASIBLE (li_recovered=0.000e+00), time: 0.0024801020008453634
L: 0.50, u_super: 0.00462, sec: 253.414, prod: 0.104046, t_ads: 42.0, t_des: 37.5, bed_util_ads: 0.500, bed_util_des: 0.499, des_th: 0.49940612812407104,frac_lost: 0.104, li_recovered:  8.279, time: 0.004950898999595665
L: 1.07, u_super: 0.00103 — INFEASIBLE (li_recovered=0.000e+00), time: 0.002880382000512327
L: 0.50, u_super: 0.00172, sec: 96.434, prod: 0.036502, t_ads: 110.9, t_des: 119.4, bed_util_ads: 0.469, bed_util_des: 0.468, des_th: 0.4676187197353932,frac_lost: 0.101, li_recovered:  8.408, time: 0.006975979000344523
L: 0.50, u_super: 0.00412, sec: 224.344, prod: 0.092695, t_ads: 47.1, t_des: 42.6, bed_util_ads: 0.498, bed_util_des: 0.497, des_th: 0.49730407475754235,frac_lost: 0.104, li_recovered:  8.312, time: 0.006015652999849408
L: 0.50, u_super: 0.00286, sec: 153.964, prod: 0.063861, t_ads: 67.6, t_des: 60.8, bed_util_ads: 0.497, bed_util_des: 0.496, des_th: 0.4965071793121691,frac_lost: 0.103, li_recovered:  8.200, time: 0.006395284000973334
L: 0.50, u_super: 0.00038, sec: 22.863, prod: 0.007373, t_ads: 456.8, t_des: 432.5, bed_util_ads: 0.452, bed_util_des: 0.450, des_th: 0.45022280285870986,frac_lost: 0.100, li_recovered:  6.557, time: 0.0045926239999971585
L: 0.76, u_super: 0.00189 — INFEASIBLE (li_recovered=0.000e+00), time: 0.0035939270001108525
L: 0.50, u_super: 0.00856, sec: 491.224, prod: 0.193954, t_ads: 22.8, t_des: 20.7, bed_util_ads: 0.499, bed_util_des: 0.499, des_th: 0.49921549264836335,frac_lost: 0.106, li_recovered:  8.442, time: 0.007784949999404489
L: 0.50, u_super: 0.00634, sec: 411.155, prod: 0.123507, t_ads: 30.9, t_des: 39.5, bed_util_ads: 0.455, bed_util_des: 0.455, des_th: 0.45463151755340614,frac_lost: 0.107, li_recovered:  8.694, time: 0.006902610000906861
L: 0.50, u_super: 0.00413, sec: 224.892, prod: 0.092866, t_ads: 47.0, t_des: 42.5, bed_util_ads: 0.498, bed_util_des: 0.497, des_th: 0.4972984664484468,frac_lost: 0.104, li_recovered:  8.318, time: 0.0048956239988910966
L: 18.74, u_super: 0.00400 — INFEASIBLE (li_recovered=0.000e+00), time: 0.0015411210006277543
L: 0.50, u_super: 0.00345, sec: 204.276, prod: 0.070926, t_ads: 56.4, t_des: 65.0, bed_util_ads: 0.466, bed_util_des: 0.465, des_th: 0.4652272940281316,frac_lost: 0.107, li_recovered:  8.611, time: 0.006373456000801525
L: 0.50, u_super: 0.00043 — INFEASIBLE (li_recovered=0.000e+00), time: 0.003371704999153735
L: 0.50, u_super: 0.00229, sec: 162.925, prod: 0.038550, t_ads: 84.7, t_des: 137.9, bed_util_ads: 0.420, bed_util_des: 0.417, des_th: 0.41674919061055615,frac_lost: 0.105, li_recovered:  8.579, time: 0.008698633000676637
L: 2.30, u_super: 0.00018, sec: 75.641, prod: 0.002224, t_ads: 3908.4, t_des: 5955.7, bed_util_ads: 0.239, bed_util_des: 0.185, des_th: 0.1851696623157332,frac_lost: 0.101, li_recovered:  21.941, time: 0.005133683000167366
L: 0.50, u_super: 0.00577, sec: 319.564, prod: 0.130641, t_ads: 33.6, t_des: 30.5, bed_util_ads: 0.498, bed_util_des: 0.498, des_th: 0.4977842316516922,frac_lost: 0.100, li_recovered:  8.363, time: 0.005916295998758869
L: 0.50, u_super: 0.00990, sec: 576.931, prod: 0.224452, t_ads: 19.7, t_des: 18.2, bed_util_ads: 0.497, bed_util_des: 0.497, des_th: 0.49661131331638736,frac_lost: 0.104, li_recovered:  8.502, time: 0.004020207999928971
L: 0.50, u_super: 0.00677, sec: 379.116, prod: 0.153497, t_ads: 28.6, t_des: 26.2, bed_util_ads: 0.498, bed_util_des: 0.498, des_th: 0.49762303364727184,frac_lost: 0.100, li_recovered:  8.412, time: 0.0058649610000429675
L: 0.50, u_super: 0.00035 — INFEASIBLE (li_recovered=0.000e+00), time: 0.0025292120008089114
L: 0.50, u_super: 0.00519, sec: 285.588, prod: 0.117106, t_ads: 37.4, t_des: 34.7, bed_util_ads: 0.496, bed_util_des: 0.495, des_th: 0.4954452741749827,frac_lost: 0.102, li_recovered:  8.440, time: 0.004088134999619797
L: 0.50, u_super: 0.00978, sec: 569.425, prod: 0.221574, t_ads: 20.0, t_des: 18.3, bed_util_ads: 0.499, bed_util_des: 0.498, des_th: 0.49843397109847914,frac_lost: 0.106, li_recovered:  8.496, time: 0.005174456999156973
L: 0.50, u_super: 0.00632, sec: 352.074, prod: 0.142937, t_ads: 30.8, t_des: 28.2, bed_util_ads: 0.497, bed_util_des: 0.497, des_th: 0.49711976479165904,frac_lost: 0.102, li_recovered:  8.421, time: 0.005297935000271536
L: 0.50, u_super: 0.00457, sec: 250.039, prod: 0.102799, t_ads: 42.6, t_des: 39.0, bed_util_ads: 0.497, bed_util_des: 0.497, des_th: 0.49659960684681165,frac_lost: 0.106, li_recovered:  8.391, time: 0.0059281430003466085
L: 0.50, u_super: 0.00374, sec: 203.668, prod: 0.083900, t_ads: 52.0, t_des: 46.4, bed_util_ads: 0.498, bed_util_des: 0.498, des_th: 0.49800461657987494,frac_lost: 0.107, li_recovered:  8.258, time: 0.004448631001650938
L: 0.50, u_super: 0.00588, sec: 326.160, prod: 0.132905, t_ads: 33.0, t_des: 29.6, bed_util_ads: 0.500, bed_util_des: 0.499, des_th: 0.4994113823347728,frac_lost: 0.101, li_recovered:  8.312, time: 0.005107741000756505
L: 66.38, u_super: 0.00747 — INFEASIBLE (li_recovered=0.000e+00), time: 0.0017844909998530056
L: 39.13, u_super: 0.00754 — INFEASIBLE (li_recovered=0.000e+00), time: 0.0015974500001902925
L: 0.50, u_super: 0.00771, sec: 438.690, prod: 0.174139, t_ads: 25.5, t_des: 23.0, bed_util_ads: 0.499, bed_util_des: 0.499, des_th: 0.4992333231581315,frac_lost: 0.110, li_recovered:  8.445, time: 0.005402103999585961
   606 |    24240 |     40 |  0.0029196848 |             f
L: 0.50, u_super: 0.00063, sec: 35.218, prod: 0.012987, t_ads: 293.1, t_des: 297.8, bed_util_ads: 0.459, bed_util_des: 0.457, des_th: 0.45665486745991696,frac_lost: 0.100, li_recovered:  7.674, time: 0.00579960499999288
L: 0.98, u_super: 0.00935, sec: 1094.091, prod: 0.206162, t_ads: 40.7, t_des: 41.4, bed_util_ads: 0.483, bed_util_des: 0.483, des_th: 0.4830527386906315,frac_lost: 0.102, li_recovered:  16.926, time: 0.0053381380002974765
L: 11.62, u_super: 0.00580 — INFEASIBLE (li_recovered=0.000e+00), time: 0.0020611340005416423
L: 0.50, u_super: 0.00005, sec: 4.332, prod: 0.000668, t_ads: 3399.4, t_des: 5772.9, bed_util_ads: 0.251, bed_util_des: 0.185, des_th: 0.1851696623157332,frac_lost: 0.100, li_recovered:  6.129, time: 0.0055107930002122885
L: 2.17, u_super: 0.00291 — INFEASIBLE (li_recovered=0.000e+00), time: 0.0031708719998277957
L: 0.50, u_super: 0.00768, sec: 436.911, prod: 0.173545, t_ads: 25.5, t_des: 23.1, bed_util_ads: 0.500, bed_util_des: 0.499, des_th: 0.4994320297924567,frac_lost: 0.109, li_recovered:  8.441, time: 0.004870274000495556
L: 0.50, u_super: 0.00462, sec: 253.485, prod: 0.104017, t_ads: 42.1, t_des: 37.6, bed_util_ads: 0.500, bed_util_des: 0.499, des_th: 0.49937358310230084,frac_lost: 0.105, li_recovered:  8.285, time: 0.006732877000104054
L: 0.50, u_super: 0.00192, sec: 104.657, prod: 0.041894, t_ads: 99.7, t_des: 85.0, bed_util_ads: 0.499, bed_util_des: 0.499, des_th: 0.49933231651118354,frac_lost: 0.102, li_recovered:  7.736, time: 0.005632620999676874
L: 0.50, u_super: 0.00712, sec: 400.369, prod: 0.161469, t_ads: 27.2, t_des: 24.9, bed_util_ads: 0.497, bed_util_des: 0.497, des_th: 0.4967965399823895,frac_lost: 0.100, li_recovered:  8.426, time: 0.005238783000095282
L: 0.50, u_super: 0.00988, sec: 616.410, prod: 0.209377, t_ads: 19.8, t_des: 21.9, bed_util_ads: 0.474, bed_util_des: 0.474, des_th: 0.47417521373913357,frac_lost: 0.105, li_recovered:  8.715, time: 0.005676383001627983
L: 0.50, u_super: 0.00718, sec: 405.865, prod: 0.162265, t_ads: 27.2, t_des: 25.0, bed_util_ads: 0.497, bed_util_des: 0.497, des_th: 0.4967663985056218,frac_lost: 0.107, li_recovered:  8.482, time: 0.004902637001578114
L: 0.50, u_super: 0.00910, sec: 527.535, prod: 0.205520, t_ads: 21.5, t_des: 20.2, bed_util_ads: 0.494, bed_util_des: 0.494, des_th: 0.4939813034074836,frac_lost: 0.106, li_recovered:  8.569, time: 0.005612491000647424
L: 53.34, u_super: 0.00753 — INFEASIBLE (li_recovered=0.000e+00), time: 0.0012758859993482474
L: 0.50, u_super: 0.00078 — INFEASIBLE (li_recovered=0.000e+00), time: 0.0033740910002961755
L: 0.50, u_super: 0.00428, sec: 233.436, prod: 0.096330, t_ads: 45.4, t_des: 41.1, bed_util_ads: 0.498, bed_util_des: 0.497, des_th: 0.4972984664484468,frac_lost: 0.104, li_recovered:  8.334, time: 0.005260695999822929
L: 0.50, u_super: 0.00282, sec: 182.470, prod: 0.052481, t_ads: 68.8, t_des: 94.9, bed_util_ads: 0.442, bed_util_des: 0.440, des_th: 0.44033978412683034,frac_lost: 0.105, li_recovered:  8.594, time: 0.00950360000024375
L: 0.50, u_super: 0.00591, sec: 328.060, prod: 0.133420, t_ads: 32.9, t_des: 29.5, bed_util_ads: 0.500, bed_util_des: 0.500, des_th: 0.4997882127024201,frac_lost: 0.103, li_recovered:  8.327, time: 0.007658735001314199
L: 5.20, u_super: 0.00477 — INFEASIBLE (li_recovered=0.000e+00), time: 0.005133884000315447
L: 0.50, u_super: 0.00153, sec: 84.694, prod: 0.032784, t_ads: 125.0, t_des: 103.9, bed_util_ads: 0.500, bed_util_des: 0.500, des_th: 0.49964313169494406,frac_lost: 0.107, li_recovered:  7.502, time: 0.008488442001180374
L: 28.06, u_super: 0.00140 — INFEASIBLE (li_recovered=0.000e+00), time: 0.0017603420001250925
L: 0.50, u_super: 0.00103 — INFEASIBLE (li_recovered=0.000e+00), time: 0.0038362389987014467
L: 0.50, u_super: 0.00094 — INFEASIBLE (li_recovered=0.000e+00), time: 0.00469737400089798
L: 0.50, u_super: 0.00168, sec: 90.506, prod: 0.037121, t_ads: 113.5, t_des: 103.1, bed_util_ads: 0.491, bed_util_des: 0.490, des_th: 0.49030545727295916,frac_lost: 0.103, li_recovered:  8.040, time: 0.007104199001332745
L: 0.50, u_super: 0.00577, sec: 319.564, prod: 0.130641, t_ads: 33.6, t_des: 30.5, bed_util_ads: 0.498, bed_util_des: 0.498, des_th: 0.4977842316516922,frac_lost: 0.100, li_recovered:  8.363, time: 0.005436311999801546
L: 0.50, u_super: 0.00232, sec: 125.422, prod: 0.051353, t_ads: 83.2, t_des: 72.9, bed_util_ads: 0.498, bed_util_des: 0.497, des_th: 0.49750356639843013,frac_lost: 0.106, li_recovered:  8.014, time: 0.00664577499992447
L: 0.50, u_super: 0.00427, sec: 233.148, prod: 0.095870, t_ads: 45.6, t_des: 40.7, bed_util_ads: 0.500, bed_util_des: 0.499, des_th: 0.49941800771673645,frac_lost: 0.106, li_recovered:  8.278, time: 0.006130118999863043
L: 0.50, u_super: 0.00819, sec: 467.915, prod: 0.185217, t_ads: 23.9, t_des: 21.7, bed_util_ads: 0.500, bed_util_des: 0.499, des_th: 0.49950703763065984,frac_lost: 0.107, li_recovered:  8.441, time: 0.005229160999078886
L: 0.50, u_super: 0.00789, sec: 449.573, prod: 0.178163, t_ads: 24.9, t_des: 22.8, bed_util_ads: 0.499, bed_util_des: 0.498, des_th: 0.4984392065244319,frac_lost: 0.109, li_recovered:  8.486, time: 0.004816310000023805
L: 0.50, u_super: 0.00793, sec: 450.206, prod: 0.179922, t_ads: 24.5, t_des: 22.4, bed_util_ads: 0.499, bed_util_des: 0.498, des_th: 0.4984342637114034,frac_lost: 0.101, li_recovered:  8.429, time: 0.004695501000242075
L: 0.50, u_super: 0.00127, sec: 71.968, prod: 0.026476, t_ads: 150.2, t_des: 163.4, bed_util_ads: 0.465, bed_util_des: 0.463, des_th: 0.4626123081654702,frac_lost: 0.105, li_recovered:  8.303, time: 0.0067308329998923
L: 0.50, u_super: 0.00168, sec: 90.506, prod: 0.037121, t_ads: 113.5, t_des: 103.1, bed_util_ads: 0.491, bed_util_des: 0.490, des_th: 0.49030545727295916,frac_lost: 0.103, li_recovered:  8.040, time: 0.005191741000089678
L: 0.50, u_super: 0.00776, sec: 446.104, prod: 0.173505, t_ads: 25.3, t_des: 24.5, bed_util_ads: 0.490, bed_util_des: 0.490, des_th: 0.4902266523510059,frac_lost: 0.108, li_recovered:  8.626, time: 0.0069805820003239205
L: 0.50, u_super: 0.00397, sec: 219.859, prod: 0.087509, t_ads: 48.9, t_des: 49.1, bed_util_ads: 0.484, bed_util_des: 0.484, des_th: 0.48377750528371377,frac_lost: 0.104, li_recovered:  8.577, time: 0.005370988999857218
L: 0.50, u_super: 0.00844, sec: 482.471, prod: 0.191603, t_ads: 23.0, t_des: 20.8, bed_util_ads: 0.500, bed_util_des: 0.499, des_th: 0.49945370826259916,frac_lost: 0.101, li_recovered:  8.388, time: 0.00617847899957269
L: 2.05, u_super: 0.00546, sec: 1304.756, prod: 0.116965, t_ads: 142.5, t_des: 121.0, bed_util_ads: 0.497, bed_util_des: 0.496, des_th: 0.4965024958461798,frac_lost: 0.102, li_recovered:  30.824, time: 0.004796043000169448
L: 0.50, u_super: 0.00005, sec: 4.332, prod: 0.000668, t_ads: 3399.4, t_des: 5772.9, bed_util_ads: 0.251, bed_util_des: 0.185, des_th: 0.1851696623157332,frac_lost: 0.100, li_recovered:  6.129, time: 0.0059911100015597185
L: 0.50, u_super: 0.00211, sec: 114.348, prod: 0.046531, t_ads: 91.4, t_des: 79.6, bed_util_ads: 0.498, bed_util_des: 0.497, des_th: 0.4974746914067081,frac_lost: 0.107, li_recovered:  7.958, time: 0.005537098999411683
L: 0.50, u_super: 0.00060, sec: 35.545, prod: 0.012014, t_ads: 301.4, t_des: 251.8, bed_util_ads: 0.483, bed_util_des: 0.483, des_th: 0.48268269566972966,frac_lost: 0.104, li_recovered:  6.646, time: 0.008151711999744293
L: 0.50, u_super: 0.00140, sec: 79.777, prod: 0.028933, t_ads: 136.9, t_des: 151.7, bed_util_ads: 0.463, bed_util_des: 0.461, des_th: 0.4611387763265203,frac_lost: 0.105, li_recovered:  8.351, time: 0.0043217329985054675
L: 0.50, u_super: 0.00632, sec: 352.074, prod: 0.142937, t_ads: 30.8, t_des: 28.2, bed_util_ads: 0.497, bed_util_des: 0.497, des_th: 0.49711976479165904,frac_lost: 0.102, li_recovered:  8.421, time: 0.004450160000487813
   607 |    24280 |     40 |  0.0026578527 |             f
L: 14.61, u_super: 0.00053 — INFEASIBLE (li_recovered=0.000e+00), time: 0.0008354540004802402
L: 0.50, u_super: 0.00115 — INFEASIBLE (li_recovered=0.000e+00), time: 0.002536415000577108
L: 0.50, u_super: 0.00877, sec: 508.034, prod: 0.196983, t_ads: 22.3, t_des: 21.4, bed_util_ads: 0.493, bed_util_des: 0.492, des_th: 0.49237813568560157,frac_lost: 0.107, li_recovered:  8.613, time: 0.006093930000133696
L: 33.68, u_super: 0.00301 — INFEASIBLE (li_recovered=0.000e+00), time: 0.0013693149994651321
L: 0.50, u_super: 0.00168, sec: 95.135, prod: 0.035315, t_ads: 113.5, t_des: 124.6, bed_util_ads: 0.467, bed_util_des: 0.465, des_th: 0.4655885134817042,frac_lost: 0.101, li_recovered:  8.410, time: 0.005115119998663431
L: 0.50, u_super: 0.00033, sec: 20.750, prod: 0.006079, t_ads: 514.5, t_des: 472.3, bed_util_ads: 0.448, bed_util_des: 0.447, des_th: 0.4470829266944315,frac_lost: 0.101, li_recovered:  5.999, time: 0.00549607900029514
L: 0.50, u_super: 0.00329, sec: 177.759, prod: 0.073617, t_ads: 58.6, t_des: 52.2, bed_util_ads: 0.498, bed_util_des: 0.498, des_th: 0.4977759816899007,frac_lost: 0.101, li_recovered:  8.158, time: 0.005801397999675828
L: 0.50, u_super: 0.00578, sec: 320.137, prod: 0.130615, t_ads: 33.5, t_des: 30.0, bed_util_ads: 0.500, bed_util_des: 0.500, des_th: 0.49970039001976313,frac_lost: 0.100, li_recovered:  8.304, time: 0.00660528099979274
L: 0.50, u_super: 0.00880, sec: 508.866, prod: 0.198060, t_ads: 22.3, t_des: 21.1, bed_util_ads: 0.493, bed_util_des: 0.493, des_th: 0.49310043212729615,frac_lost: 0.107, li_recovered:  8.593, time: 0.0059789120005007135
L: 0.50, u_super: 0.00542, sec: 393.079, prod: 0.093177, t_ads: 36.1, t_des: 57.2, bed_util_ads: 0.428, bed_util_des: 0.427, des_th: 0.42656365134023194,frac_lost: 0.107, li_recovered:  8.693, time: 0.00806040699899313
L: 0.50, u_super: 0.00990, sec: 684.362, prod: 0.189222, t_ads: 19.7, t_des: 26.4, bed_util_ads: 0.451, bed_util_des: 0.450, des_th: 0.4500175216342971,frac_lost: 0.102, li_recovered:  8.720, time: 0.008797277998382924
L: 0.50, u_super: 0.00691, sec: 387.264, prod: 0.156558, t_ads: 28.1, t_des: 25.7, bed_util_ads: 0.497, bed_util_des: 0.497, des_th: 0.4965904883219387,frac_lost: 0.100, li_recovered:  8.423, time: 0.0051825739992636954
L: 0.50, u_super: 0.00750, sec: 424.968, prod: 0.169514, t_ads: 26.1, t_des: 23.4, bed_util_ads: 0.499, bed_util_des: 0.499, des_th: 0.49932653574079683,frac_lost: 0.107, li_recovered:  8.388, time: 0.004403192999234307
L: 0.50, u_super: 0.00662, sec: 409.429, prod: 0.135567, t_ads: 29.6, t_des: 34.5, bed_util_ads: 0.467, bed_util_des: 0.466, des_th: 0.4661121090711831,frac_lost: 0.107, li_recovered:  8.692, time: 0.008111446999464533
L: 0.50, u_super: 0.00374, sec: 203.668, prod: 0.083900, t_ads: 52.0, t_des: 46.4, bed_util_ads: 0.498, bed_util_des: 0.498, des_th: 0.49800461657987494,frac_lost: 0.107, li_recovered:  8.258, time: 0.004948256000716356
L: 28.41, u_super: 0.00905 — INFEASIBLE (li_recovered=0.000e+00), time: 0.0018804580013238592
L: 0.50, u_super: 0.00232, sec: 126.062, prod: 0.050927, t_ads: 83.4, t_des: 71.4, bed_util_ads: 0.500, bed_util_des: 0.500, des_th: 0.49991279017451473,frac_lost: 0.107, li_recovered:  7.883, time: 0.004940585999065661
L: 0.50, u_super: 0.00181, sec: 98.599, prod: 0.039402, t_ads: 105.8, t_des: 90.4, bed_util_ads: 0.499, bed_util_des: 0.499, des_th: 0.49933231651118354,frac_lost: 0.104, li_recovered:  7.730, time: 0.004944843001794652
L: 0.50, u_super: 0.00362, sec: 196.784, prod: 0.081178, t_ads: 53.8, t_des: 48.6, bed_util_ads: 0.497, bed_util_des: 0.497, des_th: 0.4971339880249846,frac_lost: 0.108, li_recovered:  8.314, time: 0.007296189000044251
L: 20.92, u_super: 0.00702 — INFEASIBLE (li_recovered=0.000e+00), time: 0.0024759830012044404
L: 0.50, u_super: 0.00366, sec: 203.248, prod: 0.080050, t_ads: 53.2, t_des: 54.0, bed_util_ads: 0.482, bed_util_des: 0.481, des_th: 0.48099564754371005,frac_lost: 0.105, li_recovered:  8.578, time: 0.006783273000110057
L: 0.50, u_super: 0.00975, sec: 567.079, prod: 0.221126, t_ads: 20.0, t_des: 18.2, bed_util_ads: 0.500, bed_util_des: 0.499, des_th: 0.49941800771673645,frac_lost: 0.105, li_recovered:  8.458, time: 0.0053726309997728094
L: 0.50, u_super: 0.00639, sec: 356.550, prod: 0.144533, t_ads: 30.4, t_des: 28.1, bed_util_ads: 0.496, bed_util_des: 0.496, des_th: 0.4960934701402701,frac_lost: 0.102, li_recovered:  8.462, time: 0.0059428610002214555
L: 0.50, u_super: 0.00545, sec: 303.625, prod: 0.122235, t_ads: 35.5, t_des: 34.6, bed_util_ads: 0.489, bed_util_des: 0.488, des_th: 0.48837725792709036,frac_lost: 0.101, li_recovered:  8.571, time: 0.004724817999886
L: 0.50, u_super: 0.00742, sec: 418.840, prod: 0.168239, t_ads: 26.1, t_des: 24.2, bed_util_ads: 0.496, bed_util_des: 0.496, des_th: 0.4957463152836116,frac_lost: 0.100, li_recovered:  8.471, time: 0.005842429000040283
L: 0.50, u_super: 0.00539, sec: 357.367, prod: 0.101316, t_ads: 36.0, t_des: 49.6, bed_util_ads: 0.445, bed_util_des: 0.444, des_th: 0.4437547306059546,frac_lost: 0.100, li_recovered:  8.673, time: 0.006205633999343263
L: 0.50, u_super: 0.00634, sec: 353.600, prod: 0.143582, t_ads: 30.6, t_des: 28.0, bed_util_ads: 0.497, bed_util_des: 0.497, des_th: 0.49711976479165904,frac_lost: 0.102, li_recovered:  8.417, time: 0.006168902000354137
L: 0.50, u_super: 0.00099, sec: 320.543, prod: 0.003584, t_ads: 199.9, t_des: 2256.8, bed_util_ads: 0.208, bed_util_des: 0.185, des_th: 0.18480804468392986,frac_lost: 0.105, li_recovered:  8.804, time: 0.03514420400097151
L: 0.50, u_super: 0.00260, sec: 140.441, prod: 0.057745, t_ads: 74.2, t_des: 65.2, bed_util_ads: 0.499, bed_util_des: 0.498, des_th: 0.4984055597957118,frac_lost: 0.104, li_recovered:  8.049, time: 0.00512670899843215
L: 0.50, u_super: 0.00971, sec: 565.109, prod: 0.219995, t_ads: 20.2, t_des: 18.2, bed_util_ads: 0.500, bed_util_des: 0.500, des_th: 0.4995562404001792,frac_lost: 0.107, li_recovered:  8.448, time: 0.006519567999930587
L: 0.50, u_super: 0.00283, sec: 152.311, prod: 0.063083, t_ads: 68.2, t_des: 60.8, bed_util_ads: 0.498, bed_util_des: 0.497, des_th: 0.4975344892179889,frac_lost: 0.102, li_recovered:  8.137, time: 0.007324463998884312
L: 0.50, u_super: 0.00005 — INFEASIBLE (li_recovered=0.000e+00), time: 0.002276371998959803
L: 0.50, u_super: 0.00063 — INFEASIBLE (li_recovered=0.000e+00), time: 0.0041584390000934945
L: 62.41, u_super: 0.00620 — INFEASIBLE (li_recovered=0.000e+00), time: 0.0015106130013009533
L: 0.50, u_super: 0.00538, sec: 296.956, prod: 0.121357, t_ads: 36.1, t_des: 32.4, bed_util_ads: 0.500, bed_util_des: 0.500, des_th: 0.4997882127024201,frac_lost: 0.103, li_recovered:  8.317, time: 0.006278262999330764
L: 0.50, u_super: 0.00493, sec: 272.059, prod: 0.110594, t_ads: 39.4, t_des: 37.8, bed_util_ads: 0.490, bed_util_des: 0.490, des_th: 0.49004167374523067,frac_lost: 0.102, li_recovered:  8.537, time: 0.006686101000013878
L: 0.50, u_super: 0.00887, sec: 534.687, prod: 0.192109, t_ads: 22.0, t_des: 23.3, bed_util_ads: 0.479, bed_util_des: 0.479, des_th: 0.4790359514857708,frac_lost: 0.105, li_recovered:  8.701, time: 0.008330148999448284
L: 0.50, u_super: 0.00642, sec: 358.403, prod: 0.145237, t_ads: 30.3, t_des: 27.3, bed_util_ads: 0.499, bed_util_des: 0.499, des_th: 0.4986391181160905,frac_lost: 0.102, li_recovered:  8.366, time: 0.008074974999544793
L: 0.50, u_super: 0.00714, sec: 401.693, prod: 0.161966, t_ads: 27.2, t_des: 24.8, bed_util_ads: 0.498, bed_util_des: 0.498, des_th: 0.49762303364727184,frac_lost: 0.100, li_recovered:  8.418, time: 0.005428008000308182
L: 0.50, u_super: 0.00063, sec: 36.009, prod: 0.012702, t_ads: 293.5, t_des: 254.0, bed_util_ads: 0.480, bed_util_des: 0.479, des_th: 0.47932169524645957,frac_lost: 0.106, li_recovered:  6.955, time: 0.00788004199966963
   608 |    24320 |     40 |  0.0015232341 |             f
L: 0.50, u_super: 0.00162, sec: 89.255, prod: 0.035023, t_ads: 118.0, t_des: 99.2, bed_util_ads: 0.500, bed_util_des: 0.500, des_th: 0.4997882127024201,frac_lost: 0.106, li_recovered:  7.604, time: 0.005555587998969713
L: 0.50, u_super: 0.00035 — INFEASIBLE (li_recovered=0.000e+00), time: 0.002409392000117805
L: 0.50, u_super: 0.00335, sec: 185.087, prod: 0.073702, t_ads: 58.0, t_des: 58.0, bed_util_ads: 0.484, bed_util_des: 0.483, des_th: 0.4832934002856627,frac_lost: 0.107, li_recovered:  8.552, time: 0.005018948999349959
L: 0.50, u_super: 0.00742, sec: 418.840, prod: 0.168239, t_ads: 26.1, t_des: 24.2, bed_util_ads: 0.496, bed_util_des: 0.496, des_th: 0.4957463152836116,frac_lost: 0.100, li_recovered:  8.471, time: 0.00653101099851483
L: 7.64, u_super: 0.00378 — INFEASIBLE (li_recovered=0.000e+00), time: 0.0033896650002134265
L: 0.50, u_super: 0.00990, sec: 576.015, prod: 0.224810, t_ads: 19.7, t_des: 17.9, bed_util_ads: 0.500, bed_util_des: 0.499, des_th: 0.49941800771673645,frac_lost: 0.102, li_recovered:  8.443, time: 0.005653623999023694
L: 0.50, u_super: 0.00005, sec: 4.332, prod: 0.000668, t_ads: 3399.4, t_des: 5772.9, bed_util_ads: 0.251, bed_util_des: 0.185, des_th: 0.1851696623157332,frac_lost: 0.100, li_recovered:  6.129, time: 0.006892121000419138
L: 0.50, u_super: 0.00413, sec: 225.311, prod: 0.092735, t_ads: 47.1, t_des: 42.0, bed_util_ads: 0.500, bed_util_des: 0.499, des_th: 0.49941800771673645,frac_lost: 0.106, li_recovered:  8.265, time: 0.00455829999918933
L: 0.50, u_super: 0.00348, sec: 188.849, prod: 0.078001, t_ads: 55.8, t_des: 49.9, bed_util_ads: 0.498, bed_util_des: 0.497, des_th: 0.4972984664484468,frac_lost: 0.106, li_recovered:  8.242, time: 0.00630837300013809
L: 0.50, u_super: 0.00541, sec: 298.887, prod: 0.121976, t_ads: 36.0, t_des: 32.2, bed_util_ads: 0.500, bed_util_des: 0.499, des_th: 0.499374133709539,frac_lost: 0.104, li_recovered:  8.309, time: 0.004870053999184165
L: 0.50, u_super: 0.00253, sec: 1144.859, prod: 0.006700, t_ads: 77.5, t_des: 1234.4, bed_util_ads: 0.188, bed_util_des: 0.178, des_th: 0.17774744590153485,frac_lost: 0.101, li_recovered:  8.790, time: 0.035844682999595534
L: 0.50, u_super: 0.00990, sec: 576.319, prod: 0.224691, t_ads: 19.7, t_des: 17.9, bed_util_ads: 0.499, bed_util_des: 0.499, des_th: 0.49930320942699485,frac_lost: 0.103, li_recovered:  8.453, time: 0.005013754000174231
L: 0.50, u_super: 0.00283, sec: 152.140, prod: 0.063154, t_ads: 68.2, t_des: 61.4, bed_util_ads: 0.497, bed_util_des: 0.496, des_th: 0.49650194389265573,frac_lost: 0.102, li_recovered:  8.182, time: 0.004545044001133647
L: 0.50, u_super: 0.00057 — INFEASIBLE (li_recovered=0.000e+00), time: 0.003967496999393916
L: 0.50, u_super: 0.00547, sec: 301.722, prod: 0.123548, t_ads: 35.5, t_des: 32.5, bed_util_ads: 0.497, bed_util_des: 0.497, des_th: 0.49672954450240075,frac_lost: 0.102, li_recovered:  8.405, time: 0.004764560000694473
L: 0.50, u_super: 0.00472, sec: 259.219, prod: 0.106187, t_ads: 41.3, t_des: 36.8, bed_util_ads: 0.500, bed_util_des: 0.499, des_th: 0.4994546460413704,frac_lost: 0.106, li_recovered:  8.285, time: 0.005156184000952635
L: 85.81, u_super: 0.00111 — INFEASIBLE (li_recovered=0.000e+00), time: 0.0012385869995341636
L: 0.50, u_super: 0.00934, sec: 540.808, prod: 0.211804, t_ads: 20.9, t_des: 19.0, bed_util_ads: 0.500, bed_util_des: 0.499, des_th: 0.499488097007094,frac_lost: 0.105, li_recovered:  8.450, time: 0.005024078000133159
L: 0.50, u_super: 0.00428, sec: 234.351, prod: 0.096175, t_ads: 45.3, t_des: 40.0, bed_util_ads: 0.500, bed_util_des: 0.500, des_th: 0.4998470783307956,frac_lost: 0.104, li_recovered:  8.209, time: 0.0046301439997478155
L: 0.50, u_super: 0.00063, sec: 35.061, prod: 0.013046, t_ads: 292.7, t_des: 281.0, bed_util_ads: 0.468, bed_util_des: 0.466, des_th: 0.46572984578474613,frac_lost: 0.101, li_recovered:  7.484, time: 0.005804145001093275
L: 0.50, u_super: 0.00698, sec: 393.932, prod: 0.157458, t_ads: 28.1, t_des: 25.8, bed_util_ads: 0.497, bed_util_des: 0.497, des_th: 0.4965490123121458,frac_lost: 0.110, li_recovered:  8.480, time: 0.0049438950009061955
L: 0.50, u_super: 0.00205, sec: 109.900, prod: 0.045570, t_ads: 93.3, t_des: 86.2, bed_util_ads: 0.490, bed_util_des: 0.489, des_th: 0.4893127105460396,frac_lost: 0.100, li_recovered:  8.179, time: 0.0066023759991367115
L: 1.60, u_super: 0.00097 — INFEASIBLE (li_recovered=0.000e+00), time: 0.0026564539984974544
L: 0.50, u_super: 0.00856, sec: 491.154, prod: 0.193914, t_ads: 22.8, t_des: 20.9, bed_util_ads: 0.498, bed_util_des: 0.498, des_th: 0.49752848755770546,frac_lost: 0.105, li_recovered:  8.480, time: 0.004971379999915371
L: 0.50, u_super: 0.00312, sec: 168.579, prod: 0.069708, t_ads: 61.9, t_des: 55.0, bed_util_ads: 0.498, bed_util_des: 0.498, des_th: 0.49800461657987494,frac_lost: 0.102, li_recovered:  8.146, time: 0.005160573999091866
L: 4.61, u_super: 0.00685 — INFEASIBLE (li_recovered=0.000e+00), time: 0.0026385550008853897
L: 1.64, u_super: 0.00632, sec: 1189.715, prod: 0.138544, t_ads: 99.1, t_des: 85.9, bed_util_ads: 0.497, bed_util_des: 0.497, des_th: 0.49711976479165904,frac_lost: 0.101, li_recovered:  25.632, time: 0.0046905809995223535
L: 0.50, u_super: 0.00493, sec: 270.696, prod: 0.111109, t_ads: 39.4, t_des: 35.6, bed_util_ads: 0.497, bed_util_des: 0.497, des_th: 0.4972984664484468,frac_lost: 0.104, li_recovered:  8.341, time: 0.0063448629989579786
L: 0.50, u_super: 0.00905, sec: 548.021, prod: 0.195158, t_ads: 21.6, t_des: 23.0, bed_util_ads: 0.479, bed_util_des: 0.478, des_th: 0.47838847109907084,frac_lost: 0.103, li_recovered:  8.702, time: 0.005377097999371472
L: 0.50, u_super: 0.00809, sec: 461.929, prod: 0.183137, t_ads: 24.2, t_des: 21.7, bed_util_ads: 0.500, bed_util_des: 0.500, des_th: 0.49980511134818834,frac_lost: 0.106, li_recovered:  8.397, time: 0.005403771001510904
L: 0.50, u_super: 0.00017 — INFEASIBLE (li_recovered=0.000e+00), time: 0.0022501339990412816
L: 0.50, u_super: 0.00414, sec: 230.729, prod: 0.090829, t_ads: 47.0, t_des: 47.6, bed_util_ads: 0.484, bed_util_des: 0.483, des_th: 0.4832934002856627,frac_lost: 0.105, li_recovered:  8.596, time: 0.00568068499887886
L: 0.50, u_super: 0.00687, sec: 385.537, prod: 0.155447, t_ads: 28.3, t_des: 25.3, bed_util_ads: 0.500, bed_util_des: 0.500, des_th: 0.49964271350765965,frac_lost: 0.101, li_recovered:  8.323, time: 0.005124970999531797
L: 0.50, u_super: 0.00897, sec: 517.276, prod: 0.203271, t_ads: 21.8, t_des: 19.8, bed_util_ads: 0.500, bed_util_des: 0.499, des_th: 0.49941706993796525,frac_lost: 0.106, li_recovered:  8.445, time: 0.004680267998992349
L: 82.00, u_super: 0.00211 — INFEASIBLE (li_recovered=0.000e+00), time: 0.000993434998235898
L: 0.50, u_super: 0.00905, sec: 522.725, prod: 0.204960, t_ads: 21.6, t_des: 19.3, bed_util_ads: 0.500, bed_util_des: 0.500, des_th: 0.4999766409947244,frac_lost: 0.106, li_recovered:  8.394, time: 0.004185294001217699
L: 0.50, u_super: 0.00543, sec: 299.706, prod: 0.122545, t_ads: 35.8, t_des: 32.5, bed_util_ads: 0.497, bed_util_des: 0.497, des_th: 0.4972277752183266,frac_lost: 0.103, li_recovered:  8.366, time: 0.005120980000356212
L: 14.27, u_super: 0.00515 — INFEASIBLE (li_recovered=0.000e+00), time: 0.0018452509993949207
L: 0.50, u_super: 0.00773, sec: 437.929, prod: 0.175239, t_ads: 25.1, t_des: 22.7, bed_util_ads: 0.499, bed_util_des: 0.499, des_th: 0.49923427084449173,frac_lost: 0.101, li_recovered:  8.379, time: 0.006836051999925985
L: 0.50, u_super: 0.00742, sec: 444.885, prod: 0.158530, t_ads: 26.4, t_des: 28.5, bed_util_ads: 0.476, bed_util_des: 0.476, des_th: 0.4760943140065991,frac_lost: 0.107, li_recovered:  8.695, time: 0.005283336999127641
   609 |    24360 |     40 |  0.0027550899 |             f
L: 0.50, u_super: 0.00422, sec: 230.119, prod: 0.094860, t_ads: 46.0, t_des: 41.2, bed_util_ads: 0.499, bed_util_des: 0.499, des_th: 0.49860963476535575,frac_lost: 0.104, li_recovered:  8.278, time: 0.007258477000505081
L: 0.50, u_super: 0.00970, sec: 563.141, prod: 0.220063, t_ads: 20.1, t_des: 18.3, bed_util_ads: 0.500, bed_util_des: 0.499, des_th: 0.49941800771673645,frac_lost: 0.103, li_recovered:  8.449, time: 0.005751851000241004
L: 0.50, u_super: 0.00275, sec: 149.242, prod: 0.061022, t_ads: 70.0, t_des: 60.8, bed_util_ads: 0.500, bed_util_des: 0.499, des_th: 0.49933231651118354,frac_lost: 0.103, li_recovered:  7.981, time: 0.006097690999013139
L: 0.50, u_super: 0.00818, sec: 466.777, prod: 0.185202, t_ads: 23.9, t_des: 21.7, bed_util_ads: 0.499, bed_util_des: 0.499, des_th: 0.49909812655707586,frac_lost: 0.105, li_recovered:  8.445, time: 0.005203466000239132
L: 0.50, u_super: 0.00975, sec: 566.735, prod: 0.221044, t_ads: 20.0, t_des: 18.4, bed_util_ads: 0.498, bed_util_des: 0.497, des_th: 0.49744409379403615,frac_lost: 0.104, li_recovered:  8.496, time: 0.005348943001081352
L: 0.50, u_super: 0.00153, sec: 610.370, prod: 0.004549, t_ads: 128.7, t_des: 1806.5, bed_util_ads: 0.195, bed_util_des: 0.178, des_th: 0.17841831833738275,frac_lost: 0.104, li_recovered:  8.803, time: 0.03216368799985503
L: 0.50, u_super: 0.00577, sec: 319.989, prod: 0.130468, t_ads: 33.6, t_des: 30.1, bed_util_ads: 0.500, bed_util_des: 0.500, des_th: 0.4998449120051,frac_lost: 0.101, li_recovered:  8.311, time: 0.004695247998824925
L: 0.50, u_super: 0.00903, sec: 522.104, prod: 0.204042, t_ads: 21.7, t_des: 20.1, bed_util_ads: 0.497, bed_util_des: 0.497, des_th: 0.49711976479165904,frac_lost: 0.108, li_recovered:  8.537, time: 0.004784484999618144
L: 0.50, u_super: 0.00141, sec: 77.918, prod: 0.030327, t_ads: 135.3, t_des: 114.0, bed_util_ads: 0.498, bed_util_des: 0.497, des_th: 0.4972984664484468,frac_lost: 0.108, li_recovered:  7.560, time: 0.004581220000545727
L: 1.06, u_super: 0.00260, sec: 313.624, prod: 0.054767, t_ads: 154.7, t_des: 127.7, bed_util_ads: 0.498, bed_util_des: 0.498, des_th: 0.49774631369255884,frac_lost: 0.106, li_recovered:  15.466, time: 0.004623120001269854
L: 0.50, u_super: 0.00063, sec: 35.562, prod: 0.012862, t_ads: 295.8, t_des: 307.7, bed_util_ads: 0.457, bed_util_des: 0.453, des_th: 0.4530714213247747,frac_lost: 0.105, li_recovered:  7.763, time: 0.0046619420008937595
L: 0.50, u_super: 0.00005, sec: 4.412, prod: 0.000656, t_ads: 3145.1, t_des: 4884.0, bed_util_ads: 0.256, bed_util_des: 0.203, des_th: 0.2034653690714904,frac_lost: 0.101, li_recovered:  5.269, time: 0.005107345999931567
L: 0.50, u_super: 0.00411, sec: 223.945, prod: 0.092491, t_ads: 47.2, t_des: 42.7, bed_util_ads: 0.498, bed_util_des: 0.497, des_th: 0.4972984664484468,frac_lost: 0.104, li_recovered:  8.313, time: 0.004307930001232307
L: 0.50, u_super: 0.00378, sec: 205.405, prod: 0.084815, t_ads: 51.4, t_des: 46.1, bed_util_ads: 0.499, bed_util_des: 0.498, des_th: 0.49835802655078026,frac_lost: 0.106, li_recovered:  8.272, time: 0.006234672999198665
L: 0.50, u_super: 0.00253, sec: 136.195, prod: 0.056133, t_ads: 76.5, t_des: 67.9, bed_util_ads: 0.498, bed_util_des: 0.497, des_th: 0.49739957202333446,frac_lost: 0.106, li_recovered:  8.111, time: 0.004405584000778617
L: 0.50, u_super: 0.00869, sec: 515.718, prod: 0.190680, t_ads: 22.5, t_des: 23.1, bed_util_ads: 0.484, bed_util_des: 0.483, des_th: 0.4832934002856627,frac_lost: 0.106, li_recovered:  8.689, time: 0.005337466000128188
L: 0.50, u_super: 0.00270, sec: 146.169, prod: 0.059832, t_ads: 71.5, t_des: 62.2, bed_util_ads: 0.499, bed_util_des: 0.499, des_th: 0.499229405388471,frac_lost: 0.103, li_recovered:  7.994, time: 0.004503841000769171
L: 0.50, u_super: 0.00425, sec: 232.093, prod: 0.095623, t_ads: 45.8, t_des: 41.3, bed_util_ads: 0.498, bed_util_des: 0.497, des_th: 0.4972984664484468,frac_lost: 0.106, li_recovered:  8.327, time: 0.0044441680001909845
L: 0.50, u_super: 0.00990, sec: 606.685, prod: 0.213224, t_ads: 19.7, t_des: 21.1, bed_util_ads: 0.479, bed_util_des: 0.478, des_th: 0.4783954286001498,frac_lost: 0.104, li_recovered:  8.710, time: 0.0053654229996027425
L: 0.50, u_super: 0.00238, sec: 128.721, prod: 0.052760, t_ads: 81.0, t_des: 71.1, bed_util_ads: 0.498, bed_util_des: 0.497, des_th: 0.497471035185516,frac_lost: 0.105, li_recovered:  8.026, time: 0.00494016599986935
L: 0.50, u_super: 0.00758, sec: 430.750, prod: 0.170928, t_ads: 25.9, t_des: 24.0, bed_util_ads: 0.496, bed_util_des: 0.496, des_th: 0.4957463152836116,frac_lost: 0.108, li_recovered:  8.525, time: 0.006359134000376798
L: 46.38, u_super: 0.00538 — INFEASIBLE (li_recovered=0.000e+00), time: 0.0013805769995087758
L: 12.50, u_super: 0.00022 — INFEASIBLE (li_recovered=0.000e+00), time: 0.0008260380000137957
L: 0.50, u_super: 0.00063 — INFEASIBLE (li_recovered=0.000e+00), time: 0.0024770109994278755
L: 0.50, u_super: 0.00005 — INFEASIBLE (li_recovered=0.000e+00), time: 0.0012216189988976112
L: 0.50, u_super: 0.00557, sec: 307.838, prod: 0.126024, t_ads: 34.8, t_des: 31.6, bed_util_ads: 0.498, bed_util_des: 0.498, des_th: 0.49772119440330803,frac_lost: 0.101, li_recovered:  8.366, time: 0.007110943999578012
L: 0.50, u_super: 0.00630, sec: 351.730, prod: 0.142587, t_ads: 30.9, t_des: 27.9, bed_util_ads: 0.500, bed_util_des: 0.499, des_th: 0.49945370826259916,frac_lost: 0.103, li_recovered:  8.376, time: 0.005513501000677934
L: 0.50, u_super: 0.00491, sec: 276.252, prod: 0.108127, t_ads: 39.6, t_des: 40.1, bed_util_ads: 0.484, bed_util_des: 0.483, des_th: 0.4832934002856627,frac_lost: 0.104, li_recovered:  8.619, time: 0.005024346999562113
L: 0.50, u_super: 0.00515, sec: 311.182, prod: 0.105839, t_ads: 37.7, t_des: 44.1, bed_util_ads: 0.466, bed_util_des: 0.465, des_th: 0.4651938895126,frac_lost: 0.102, li_recovered:  8.661, time: 0.007234220000100322
L: 0.50, u_super: 0.00033 — INFEASIBLE (li_recovered=0.000e+00), time: 0.003235999000025913
L: 0.50, u_super: 0.00494, sec: 274.018, prod: 0.110526, t_ads: 39.3, t_des: 38.1, bed_util_ads: 0.490, bed_util_des: 0.490, des_th: 0.4896671452224665,frac_lost: 0.104, li_recovered:  8.563, time: 0.0056028019989753375
L: 0.50, u_super: 0.00895, sec: 516.110, prod: 0.202742, t_ads: 21.9, t_des: 19.8, bed_util_ads: 0.500, bed_util_des: 0.500, des_th: 0.49975752036222193,frac_lost: 0.106, li_recovered:  8.442, time: 0.0053256720002536895
L: 0.50, u_super: 0.00977, sec: 568.045, prod: 0.221609, t_ads: 20.0, t_des: 18.4, bed_util_ads: 0.497, bed_util_des: 0.497, des_th: 0.4965464656633574,frac_lost: 0.103, li_recovered:  8.495, time: 0.007633227000042098
L: 0.50, u_super: 0.00111, sec: 62.825, prod: 0.022904, t_ads: 171.5, t_des: 187.8, bed_util_ads: 0.461, bed_util_des: 0.459, des_th: 0.4587987012645025,frac_lost: 0.103, li_recovered:  8.231, time: 0.007594116999825928
L: 3.48, u_super: 0.00640, sec: 2628.111, prod: 0.137186, t_ads: 204.3, t_des: 196.6, bed_util_ads: 0.475, bed_util_des: 0.474, des_th: 0.47371089344585116,frac_lost: 0.103, li_recovered:  54.998, time: 0.005719718001273577
L: 0.50, u_super: 0.00169, sec: 91.897, prod: 0.036847, t_ads: 113.3, t_des: 97.8, bed_util_ads: 0.498, bed_util_des: 0.497, des_th: 0.497471035185516,frac_lost: 0.105, li_recovered:  7.776, time: 0.005744080999647849
L: 0.50, u_super: 0.00156, sec: 85.626, prod: 0.033602, t_ads: 122.9, t_des: 103.7, bed_util_ads: 0.500, bed_util_des: 0.500, des_th: 0.49964313169494406,frac_lost: 0.108, li_recovered:  7.615, time: 0.0051679250009328825
L: 0.50, u_super: 0.00904, sec: 521.567, prod: 0.204667, t_ads: 21.6, t_des: 19.4, bed_util_ads: 0.500, bed_util_des: 0.500, des_th: 0.49973733854048846,frac_lost: 0.106, li_recovered:  8.405, time: 0.007807857999068801
L: 20.33, u_super: 0.00493 — INFEASIBLE (li_recovered=0.000e+00), time: 0.002185340999858454
L: 0.50, u_super: 0.00954, sec: 553.838, prod: 0.216295, t_ads: 20.5, t_des: 18.6, bed_util_ads: 0.500, bed_util_des: 0.500, des_th: 0.4995784604008633,frac_lost: 0.106, li_recovered:  8.459, time: 0.006616598000618978
   610 |    24400 |     40 |  0.0023562047 |             f
L: 0.50, u_super: 0.00742, sec: 418.840, prod: 0.168239, t_ads: 26.1, t_des: 24.2, bed_util_ads: 0.496, bed_util_des: 0.496, des_th: 0.4957463152836116,frac_lost: 0.100, li_recovered:  8.471, time: 0.01017712499924528
L: 0.50, u_super: 0.00020, sec: 28.813, prod: 0.001556, t_ads: 1009.0, t_des: 4518.6, bed_util_ads: 0.249, bed_util_des: 0.185, des_th: 0.1851696623157332,frac_lost: 0.103, li_recovered:  8.602, time: 0.013450405000185128
L: 0.50, u_super: 0.00364, sec: 197.993, prod: 0.081606, t_ads: 53.4, t_des: 47.7, bed_util_ads: 0.498, bed_util_des: 0.498, des_th: 0.49800320180289626,frac_lost: 0.107, li_recovered:  8.250, time: 0.006678105999526451
L: 7.91, u_super: 0.00900 — INFEASIBLE (li_recovered=0.000e+00), time: 0.004175104000751162
L: 36.90, u_super: 0.00927 — INFEASIBLE (li_recovered=0.000e+00), time: 0.0018643499988684198
L: 0.50, u_super: 0.00457, sec: 277.067, prod: 0.092771, t_ads: 42.5, t_des: 50.7, bed_util_ads: 0.462, bed_util_des: 0.462, des_th: 0.46157833561308664,frac_lost: 0.102, li_recovered:  8.647, time: 0.008986660999653395
L: 0.50, u_super: 0.00852, sec: 488.820, prod: 0.192901, t_ads: 23.0, t_des: 20.8, bed_util_ads: 0.500, bed_util_des: 0.499, des_th: 0.49949758313410453,frac_lost: 0.107, li_recovered:  8.449, time: 0.006711205000101472
L: 0.50, u_super: 0.00421, sec: 229.894, prod: 0.094648, t_ads: 46.2, t_des: 41.6, bed_util_ads: 0.497, bed_util_des: 0.497, des_th: 0.497172463726623,frac_lost: 0.106, li_recovered:  8.317, time: 0.005850346000443096
L: 0.50, u_super: 0.00071 — INFEASIBLE (li_recovered=0.000e+00), time: 0.005734081998525653
L: 0.50, u_super: 0.00324, sec: 175.970, prod: 0.072429, t_ads: 59.5, t_des: 52.2, bed_util_ads: 0.500, bed_util_des: 0.499, des_th: 0.49945370826259916,frac_lost: 0.102, li_recovered:  8.085, time: 0.009147922999545699
L: 0.50, u_super: 0.00336, sec: 218.071, prod: 0.062752, t_ads: 57.8, t_des: 79.6, bed_util_ads: 0.443, bed_util_des: 0.442, des_th: 0.44170949796478676,frac_lost: 0.103, li_recovered:  8.620, time: 0.007577014999696985
L: 0.50, u_super: 0.00662, sec: 370.039, prod: 0.149998, t_ads: 29.3, t_des: 26.9, bed_util_ads: 0.498, bed_util_des: 0.497, des_th: 0.4974799790658949,frac_lost: 0.101, li_recovered:  8.423, time: 0.006114522000643774
L: 0.50, u_super: 0.00063, sec: 35.061, prod: 0.013046, t_ads: 292.7, t_des: 281.0, bed_util_ads: 0.468, bed_util_des: 0.466, des_th: 0.46572984578474613,frac_lost: 0.101, li_recovered:  7.484, time: 0.005389718999140314
L: 0.50, u_super: 0.00428, sec: 233.721, prod: 0.096344, t_ads: 45.4, t_des: 41.1, bed_util_ads: 0.497, bed_util_des: 0.497, des_th: 0.4971661216018382,frac_lost: 0.105, li_recovered:  8.329, time: 0.005597440000201459
L: 54.03, u_super: 0.00192 — INFEASIBLE (li_recovered=0.000e+00), time: 0.0013133949996699812
L: 0.50, u_super: 0.00905, sec: 522.145, prod: 0.204829, t_ads: 21.6, t_des: 20.0, bed_util_ads: 0.497, bed_util_des: 0.496, des_th: 0.49643084122637154,frac_lost: 0.104, li_recovered:  8.524, time: 0.004625356999895303
L: 0.50, u_super: 0.00803, sec: 458.152, prod: 0.181467, t_ads: 24.4, t_des: 22.1, bed_util_ads: 0.500, bed_util_des: 0.499, des_th: 0.49945370826259916,frac_lost: 0.108, li_recovered:  8.444, time: 0.006051274998753797
L: 0.50, u_super: 0.00472, sec: 259.289, prod: 0.106159, t_ads: 41.3, t_des: 36.7, bed_util_ads: 0.500, bed_util_des: 0.500, des_th: 0.49986136815920923,frac_lost: 0.106, li_recovered:  8.281, time: 0.004459003999727429
L: 6.87, u_super: 0.00232 — INFEASIBLE (li_recovered=0.000e+00), time: 0.0015043470011733007
L: 0.50, u_super: 0.00990, sec: 576.306, prod: 0.224700, t_ads: 19.7, t_des: 17.9, bed_util_ads: 0.500, bed_util_des: 0.499, des_th: 0.49941800771673645,frac_lost: 0.103, li_recovered:  8.437, time: 0.005923753000388388
L: 4.97, u_super: 0.00467 — INFEASIBLE (li_recovered=0.000e+00), time: 0.0030661010005132994
L: 0.50, u_super: 0.00493, sec: 270.886, prod: 0.111032, t_ads: 39.4, t_des: 35.2, bed_util_ads: 0.500, bed_util_des: 0.500, des_th: 0.4999763475510218,frac_lost: 0.104, li_recovered:  8.288, time: 0.004272335998393828
L: 0.50, u_super: 0.00718, sec: 405.865, prod: 0.162265, t_ads: 27.2, t_des: 25.0, bed_util_ads: 0.497, bed_util_des: 0.497, des_th: 0.4967663985056218,frac_lost: 0.107, li_recovered:  8.482, time: 0.0055182489995786455
L: 0.50, u_super: 0.00012 — INFEASIBLE (li_recovered=0.000e+00), time: 0.0017539780001243344
L: 0.50, u_super: 0.00069 — INFEASIBLE (li_recovered=0.000e+00), time: 0.002490774999387213
L: 0.50, u_super: 0.00192, sec: 104.559, prod: 0.041933, t_ads: 99.5, t_des: 85.0, bed_util_ads: 0.500, bed_util_des: 0.499, des_th: 0.4994508415715943,frac_lost: 0.101, li_recovered:  7.736, time: 0.004423731001224951
L: 24.51, u_super: 0.00103 — INFEASIBLE (li_recovered=0.000e+00), time: 0.0008994190011435421
L: 13.39, u_super: 0.00570 — INFEASIBLE (li_recovered=0.000e+00), time: 0.0017366209995088866
L: 0.50, u_super: 0.00654, sec: 366.160, prod: 0.148049, t_ads: 29.7, t_des: 26.5, bed_util_ads: 0.500, bed_util_des: 0.500, des_th: 0.49980098411508506,frac_lost: 0.102, li_recovered:  8.324, time: 0.0041633789987827186
L: 0.50, u_super: 0.00592, sec: 329.043, prod: 0.133882, t_ads: 32.8, t_des: 29.6, bed_util_ads: 0.499, bed_util_des: 0.499, des_th: 0.49882671649912264,frac_lost: 0.103, li_recovered:  8.361, time: 0.004240864000166766
L: 0.50, u_super: 0.00493, sec: 270.528, prod: 0.111179, t_ads: 39.4, t_des: 36.0, bed_util_ads: 0.496, bed_util_des: 0.496, des_th: 0.4961223988126272,frac_lost: 0.103, li_recovered:  8.383, time: 0.005112533001010888
L: 0.50, u_super: 0.00990, sec: 576.015, prod: 0.224810, t_ads: 19.7, t_des: 17.9, bed_util_ads: 0.500, bed_util_des: 0.499, des_th: 0.49941800771673645,frac_lost: 0.102, li_recovered:  8.443, time: 0.004886987000645604
L: 0.50, u_super: 0.00772, sec: 439.278, prod: 0.174567, t_ads: 25.4, t_des: 23.0, bed_util_ads: 0.500, bed_util_des: 0.499, des_th: 0.499366571138032,frac_lost: 0.108, li_recovered:  8.439, time: 0.004252135999195161
L: 0.50, u_super: 0.00104, sec: 56.437, prod: 0.022306, t_ads: 181.1, t_des: 164.8, bed_util_ads: 0.484, bed_util_des: 0.483, des_th: 0.4832934002856627,frac_lost: 0.100, li_recovered:  7.716, time: 0.005159399001058773
L: 0.50, u_super: 0.00809, sec: 513.612, prod: 0.164709, t_ads: 24.1, t_des: 28.7, bed_util_ads: 0.464, bed_util_des: 0.464, des_th: 0.46369449606565205,frac_lost: 0.104, li_recovered:  8.704, time: 0.0075626910002029035
L: 0.50, u_super: 0.00141, sec: 78.145, prod: 0.030239, t_ads: 133.9, t_des: 112.2, bed_util_ads: 0.499, bed_util_des: 0.498, des_th: 0.49850384638580364,frac_lost: 0.101, li_recovered:  7.441, time: 0.006352177000735537
L: 0.50, u_super: 0.00374, sec: 203.668, prod: 0.083900, t_ads: 52.0, t_des: 46.4, bed_util_ads: 0.498, bed_util_des: 0.498, des_th: 0.49800461657987494,frac_lost: 0.107, li_recovered:  8.258, time: 0.004603233999660006
L: 28.27, u_super: 0.00621 — INFEASIBLE (li_recovered=0.000e+00), time: 0.0021106120002514217
L: 0.50, u_super: 0.00005, sec: 4.377, prod: 0.000661, t_ads: 3641.8, t_des: 6920.2, bed_util_ads: 0.246, bed_util_des: 0.166, des_th: 0.1661708619573347,frac_lost: 0.103, li_recovered:  6.985, time: 0.0068916590007575
L: 0.50, u_super: 0.00238, sec: 128.715, prod: 0.052789, t_ads: 80.9, t_des: 71.0, bed_util_ads: 0.498, bed_util_des: 0.497, des_th: 0.497471035185516,frac_lost: 0.104, li_recovered:  8.021, time: 0.004579634000037913
   611 |    24440 |     40 |  0.0043606826 |             f
L: 0.50, u_super: 0.00063 — INFEASIBLE (li_recovered=0.000e+00), time: 0.0028050420005456544
L: 0.50, u_super: 0.00705, sec: 396.675, prod: 0.159621, t_ads: 27.5, t_des: 24.6, bed_util_ads: 0.500, bed_util_des: 0.500, des_th: 0.49999548786055115,frac_lost: 0.101, li_recovered:  8.313, time: 0.005151507000846323
L: 0.50, u_super: 0.00287, sec: 154.550, prod: 0.064029, t_ads: 67.5, t_des: 60.7, bed_util_ads: 0.497, bed_util_des: 0.496, des_th: 0.49654076915439316,frac_lost: 0.105, li_recovered:  8.211, time: 0.005301548000716139
L: 0.50, u_super: 0.00048 — INFEASIBLE (li_recovered=0.000e+00), time: 0.0031249990006472217
L: 0.50, u_super: 0.00364, sec: 197.812, prod: 0.081680, t_ads: 53.3, t_des: 47.8, bed_util_ads: 0.499, bed_util_des: 0.498, des_th: 0.49833815096660283,frac_lost: 0.106, li_recovered:  8.260, time: 0.004803487001481699
L: 25.78, u_super: 0.00103 — INFEASIBLE (li_recovered=0.000e+00), time: 0.0011948730007134145
L: 0.50, u_super: 0.00877, sec: 504.355, prod: 0.198661, t_ads: 22.3, t_des: 20.0, bed_util_ads: 0.500, bed_util_des: 0.500, des_th: 0.4997882127024201,frac_lost: 0.105, li_recovered:  8.407, time: 0.00527754399990954
L: 0.50, u_super: 0.00718, sec: 405.617, prod: 0.162364, t_ads: 27.2, t_des: 25.0, bed_util_ads: 0.497, bed_util_des: 0.497, des_th: 0.49727485652340453,frac_lost: 0.106, li_recovered:  8.476, time: 0.006726170000547427
L: 0.50, u_super: 0.00988, sec: 575.871, prod: 0.224141, t_ads: 19.8, t_des: 17.9, bed_util_ads: 0.500, bed_util_des: 0.499, des_th: 0.49941873304036005,frac_lost: 0.105, li_recovered:  8.452, time: 0.006548960000145598
L: 0.50, u_super: 0.00233, sec: 125.833, prod: 0.051516, t_ads: 83.0, t_des: 72.8, bed_util_ads: 0.498, bed_util_des: 0.497, des_th: 0.497471035185516,frac_lost: 0.106, li_recovered:  8.026, time: 0.005389934998675017
L: 0.50, u_super: 0.00934, sec: 665.274, prod: 0.172178, t_ads: 20.9, t_des: 29.8, bed_util_ads: 0.442, bed_util_des: 0.441, des_th: 0.4414585188052095,frac_lost: 0.104, li_recovered:  8.721, time: 0.010734845998740639
L: 0.50, u_super: 0.00591, sec: 333.052, prod: 0.131823, t_ads: 32.8, t_des: 32.5, bed_util_ads: 0.487, bed_util_des: 0.487, des_th: 0.4865623334796584,frac_lost: 0.101, li_recovered:  8.612, time: 0.0070120000000315486
L: 0.50, u_super: 0.00718, sec: 405.539, prod: 0.162095, t_ads: 27.3, t_des: 24.7, bed_util_ads: 0.500, bed_util_des: 0.499, des_th: 0.49945370826259916,frac_lost: 0.109, li_recovered:  8.434, time: 0.0051406250004220055
L: 0.50, u_super: 0.00259, sec: 139.291, prod: 0.057704, t_ads: 74.5, t_des: 67.1, bed_util_ads: 0.495, bed_util_des: 0.495, des_th: 0.4946676713521006,frac_lost: 0.104, li_recovered:  8.172, time: 0.00548029099991254
L: 0.50, u_super: 0.00990, sec: 576.763, prod: 0.224522, t_ads: 19.7, t_des: 17.9, bed_util_ads: 0.500, bed_util_des: 0.500, des_th: 0.49960496672202676,frac_lost: 0.105, li_recovered:  8.450, time: 0.0045405059991026064
L: 0.50, u_super: 0.00773, sec: 529.180, prod: 0.145022, t_ads: 25.3, t_des: 34.8, bed_util_ads: 0.447, bed_util_des: 0.446, des_th: 0.44623543985314573,frac_lost: 0.105, li_recovered:  8.710, time: 0.008274968000478111
L: 0.50, u_super: 0.00027 — INFEASIBLE (li_recovered=0.000e+00), time: 0.0024982229988381732
L: 0.50, u_super: 0.00006 — INFEASIBLE (li_recovered=0.000e+00), time: 0.0009402579999004956
L: 7.13, u_super: 0.00552 — INFEASIBLE (li_recovered=0.000e+00), time: 0.0025113440005952725
L: 0.50, u_super: 0.00934, sec: 722.452, prod: 0.158409, t_ads: 20.9, t_des: 34.2, bed_util_ads: 0.426, bed_util_des: 0.425, des_th: 0.4249152103683663,frac_lost: 0.103, li_recovered:  8.726, time: 0.006977899000048637
L: 0.50, u_super: 0.00390, sec: 240.979, prod: 0.077316, t_ads: 49.7, t_des: 61.9, bed_util_ads: 0.456, bed_util_des: 0.455, des_th: 0.4551847007178976,frac_lost: 0.103, li_recovered:  8.632, time: 0.005432457999631879
L: 0.50, u_super: 0.00773, sec: 437.994, prod: 0.175214, t_ads: 25.1, t_des: 22.7, bed_util_ads: 0.500, bed_util_des: 0.500, des_th: 0.49977727232246866,frac_lost: 0.101, li_recovered:  8.386, time: 0.0045079910014464986
L: 0.50, u_super: 0.00954, sec: 553.804, prod: 0.216308, t_ads: 20.5, t_des: 18.6, bed_util_ads: 0.500, bed_util_des: 0.500, des_th: 0.49953865793291563,frac_lost: 0.105, li_recovered:  8.451, time: 0.004229371001201798
L: 129.85, u_super: 0.00592 — INFEASIBLE (li_recovered=0.000e+00), time: 0.0008907460014597746
L: 0.50, u_super: 0.00171, sec: 93.999, prod: 0.037016, t_ads: 111.7, t_des: 94.0, bed_util_ads: 0.499, bed_util_des: 0.499, des_th: 0.49927865046685754,frac_lost: 0.104, li_recovered:  7.612, time: 0.006605456001125276
L: 0.50, u_super: 0.00192, sec: 104.524, prod: 0.041959, t_ads: 99.3, t_des: 85.0, bed_util_ads: 0.500, bed_util_des: 0.500, des_th: 0.4996254998094326,frac_lost: 0.100, li_recovered:  7.735, time: 0.007086038000124972
L: 0.50, u_super: 0.00497, sec: 273.384, prod: 0.112081, t_ads: 39.1, t_des: 34.9, bed_util_ads: 0.500, bed_util_des: 0.499, des_th: 0.49945370826259916,frac_lost: 0.103, li_recovered:  8.293, time: 0.0052777220007556025
L: 0.50, u_super: 0.00141, sec: 77.479, prod: 0.030499, t_ads: 135.1, t_des: 115.6, bed_util_ads: 0.497, bed_util_des: 0.497, des_th: 0.4967900084306641,frac_lost: 0.107, li_recovered:  7.646, time: 0.005367356001443113
L: 0.50, u_super: 0.00935, sec: 540.920, prod: 0.211928, t_ads: 20.9, t_des: 19.0, bed_util_ads: 0.500, bed_util_des: 0.500, des_th: 0.4995613615611062,frac_lost: 0.105, li_recovered:  8.443, time: 0.005059952998635708
L: 3.63, u_super: 0.00005 — INFEASIBLE (li_recovered=0.000e+00), time: 0.001135698999860324
L: 0.50, u_super: 0.00174, sec: 103.986, prod: 0.034378, t_ads: 111.4, t_des: 134.8, bed_util_ads: 0.455, bed_util_des: 0.453, des_th: 0.4531256369419331,frac_lost: 0.108, li_recovered:  8.462, time: 0.009513521001281333
L: 13.82, u_super: 0.00365 — INFEASIBLE (li_recovered=0.000e+00), time: 0.0021888440005568555
L: 36.11, u_super: 0.00325 — INFEASIBLE (li_recovered=0.000e+00), time: 0.0017248370004381286
L: 21.29, u_super: 0.00640 — INFEASIBLE (li_recovered=0.000e+00), time: 0.0026480729993636487
L: 0.50, u_super: 0.00788, sec: 585.129, prod: 0.136623, t_ads: 24.8, t_des: 39.0, bed_util_ads: 0.430, bed_util_des: 0.429, des_th: 0.42894758502358343,frac_lost: 0.106, li_recovered:  8.717, time: 0.008103227999527007
L: 0.50, u_super: 0.00033 — INFEASIBLE (li_recovered=0.000e+00), time: 0.002370929998505744
L: 0.50, u_super: 0.00493, sec: 270.681, prod: 0.111115, t_ads: 39.4, t_des: 36.5, bed_util_ads: 0.495, bed_util_des: 0.495, des_th: 0.4948212472880504,frac_lost: 0.103, li_recovered:  8.437, time: 0.005872019999515032
L: 0.50, u_super: 0.00214, sec: 1509.563, prod: 0.003603, t_ads: 92.9, t_des: 2357.7, bed_util_ads: 0.155, bed_util_des: 0.141, des_th: 0.14120258890889745,frac_lost: 0.108, li_recovered:  8.830, time: 0.06625343100131431
L: 0.50, u_super: 0.00891, sec: 513.134, prod: 0.201740, t_ads: 21.9, t_des: 19.7, bed_util_ads: 0.500, bed_util_des: 0.500, des_th: 0.49979709307722325,frac_lost: 0.106, li_recovered:  8.406, time: 0.006276108999372809
L: 0.50, u_super: 0.00395, sec: 215.649, prod: 0.088609, t_ads: 49.1, t_des: 43.4, bed_util_ads: 0.500, bed_util_des: 0.499, des_th: 0.49945370826259916,frac_lost: 0.105, li_recovered:  8.194, time: 0.005200442001296324
   612 |    24480 |     40 |  0.0017400542 |             f
L: 0.50, u_super: 0.00395, sec: 215.649, prod: 0.088609, t_ads: 49.1, t_des: 43.4, bed_util_ads: 0.500, bed_util_des: 0.499, des_th: 0.49945370826259916,frac_lost: 0.105, li_recovered:  8.194, time: 0.005002486999728717
L: 0.50, u_super: 0.00559, sec: 309.436, prod: 0.126265, t_ads: 34.7, t_des: 31.0, bed_util_ads: 0.500, bed_util_des: 0.500, des_th: 0.49964271350765965,frac_lost: 0.102, li_recovered:  8.297, time: 0.004481260999455117
L: 0.50, u_super: 0.00341, sec: 185.067, prod: 0.076323, t_ads: 56.9, t_des: 53.5, bed_util_ads: 0.492, bed_util_des: 0.491, des_th: 0.49154280707067466,frac_lost: 0.106, li_recovered:  8.430, time: 0.00527068300107203
L: 0.50, u_super: 0.00491, sec: 270.211, prod: 0.110576, t_ads: 39.6, t_des: 35.3, bed_util_ads: 0.500, bed_util_des: 0.500, des_th: 0.49993592678702364,frac_lost: 0.105, li_recovered:  8.289, time: 0.004777563999596168
L: 13.70, u_super: 0.00828 — INFEASIBLE (li_recovered=0.000e+00), time: 0.0021484870012500323
L: 0.50, u_super: 0.00005 — INFEASIBLE (li_recovered=0.000e+00), time: 0.0016076269985205727
L: 0.50, u_super: 0.00102 — INFEASIBLE (li_recovered=0.000e+00), time: 0.0032343140010198113
L: 44.15, u_super: 0.00103 — INFEASIBLE (li_recovered=0.000e+00), time: 0.0008594170012656832
L: 0.50, u_super: 0.00954, sec: 553.804, prod: 0.216308, t_ads: 20.5, t_des: 18.6, bed_util_ads: 0.500, bed_util_des: 0.500, des_th: 0.49953865793291563,frac_lost: 0.105, li_recovered:  8.451, time: 0.0057056339992414
L: 0.50, u_super: 0.00280, sec: 1190.064, prod: 0.007907, t_ads: 70.6, t_des: 1041.6, bed_util_ads: 0.194, bed_util_des: 0.185, des_th: 0.1851696623157332,frac_lost: 0.107, li_recovered:  8.794, time: 0.03715137600011076
L: 0.50, u_super: 0.00876, sec: 504.005, prod: 0.198529, t_ads: 22.3, t_des: 20.0, bed_util_ads: 0.500, bed_util_des: 0.500, des_th: 0.4998991148406767,frac_lost: 0.105, li_recovered:  8.392, time: 0.005873017000340042
L: 0.50, u_super: 0.00378, sec: 206.214, prod: 0.084667, t_ads: 51.5, t_des: 45.5, bed_util_ads: 0.500, bed_util_des: 0.500, des_th: 0.4997308289591132,frac_lost: 0.108, li_recovered:  8.209, time: 0.005392131999542471
L: 0.50, u_super: 0.00538, sec: 2224.808, prod: 0.016193, t_ads: 36.5, t_des: 505.7, bed_util_ads: 0.202, bed_util_des: 0.197, des_th: 0.19703372894058518,frac_lost: 0.104, li_recovered:  8.780, time: 0.037201826000455185
L: 0.50, u_super: 0.00497, sec: 280.357, prod: 0.109293, t_ads: 38.9, t_des: 40.0, bed_util_ads: 0.482, bed_util_des: 0.482, des_th: 0.481903222128089,frac_lost: 0.100, li_recovered:  8.622, time: 0.007412577000650344
L: 0.50, u_super: 0.00123, sec: 66.419, prod: 0.026740, t_ads: 154.8, t_des: 145.4, bed_util_ads: 0.484, bed_util_des: 0.483, des_th: 0.4829275322465308,frac_lost: 0.105, li_recovered:  8.026, time: 0.008295986999655725
L: 0.50, u_super: 0.00630, sec: 351.730, prod: 0.142587, t_ads: 30.9, t_des: 27.9, bed_util_ads: 0.500, bed_util_des: 0.499, des_th: 0.49945370826259916,frac_lost: 0.103, li_recovered:  8.376, time: 0.006985302999964915
L: 0.50, u_super: 0.00912, sec: 630.080, prod: 0.172863, t_ads: 21.4, t_des: 29.1, bed_util_ads: 0.449, bed_util_des: 0.448, des_th: 0.44797584965740433,frac_lost: 0.102, li_recovered:  8.716, time: 0.0062137549994076835
L: 0.50, u_super: 0.00274, sec: 148.411, prod: 0.060732, t_ads: 70.4, t_des: 61.1, bed_util_ads: 0.500, bed_util_des: 0.499, des_th: 0.49945370826259916,frac_lost: 0.102, li_recovered:  7.985, time: 0.006687222999971709
L: 0.50, u_super: 0.00319, sec: 172.305, prod: 0.071331, t_ads: 60.5, t_des: 53.8, bed_util_ads: 0.499, bed_util_des: 0.498, des_th: 0.49833815096660283,frac_lost: 0.101, li_recovered:  8.150, time: 0.005030807000366622
L: 0.50, u_super: 0.00019 — INFEASIBLE (li_recovered=0.000e+00), time: 0.0023941359995660605
L: 5.00, u_super: 0.00685 — INFEASIBLE (li_recovered=0.000e+00), time: 0.002906677000282798
L: 28.70, u_super: 0.00790 — INFEASIBLE (li_recovered=0.000e+00), time: 0.0013796749990433455
L: 0.50, u_super: 0.00801, sec: 516.200, prod: 0.160364, t_ads: 24.4, t_des: 29.9, bed_util_ads: 0.461, bed_util_des: 0.461, des_th: 0.46084487363685483,frac_lost: 0.105, li_recovered:  8.707, time: 0.005720444998587482
L: 0.50, u_super: 0.00989, sec: 655.492, prod: 0.197254, t_ads: 19.8, t_des: 24.4, bed_util_ads: 0.460, bed_util_des: 0.460, des_th: 0.4596626390836883,frac_lost: 0.105, li_recovered:  8.720, time: 0.0055548719992657425
L: 0.50, u_super: 0.00290, sec: 156.431, prod: 0.064778, t_ads: 66.5, t_des: 59.2, bed_util_ads: 0.497, bed_util_des: 0.497, des_th: 0.4967900084306641,frac_lost: 0.102, li_recovered:  8.142, time: 0.004979711000487441
L: 0.50, u_super: 0.00428, sec: 238.114, prod: 0.094566, t_ads: 45.4, t_des: 45.4, bed_util_ads: 0.485, bed_util_des: 0.484, des_th: 0.48403257394616106,frac_lost: 0.105, li_recovered:  8.588, time: 0.004676066000683932
L: 0.50, u_super: 0.00192, sec: 104.524, prod: 0.041959, t_ads: 99.3, t_des: 85.0, bed_util_ads: 0.500, bed_util_des: 0.500, des_th: 0.4996254998094326,frac_lost: 0.100, li_recovered:  7.735, time: 0.005061801000920241
L: 84.85, u_super: 0.00005 — INFEASIBLE (li_recovered=0.000e+00), time: 0.000852527000461123
L: 0.50, u_super: 0.00143, sec: 79.516, prod: 0.030413, t_ads: 132.3, t_des: 109.4, bed_util_ads: 0.499, bed_util_des: 0.499, des_th: 0.4994445452218117,frac_lost: 0.100, li_recovered:  7.351, time: 0.0046247899990703445
L: 0.50, u_super: 0.00820, sec: 468.586, prod: 0.185427, t_ads: 23.9, t_des: 21.6, bed_util_ads: 0.500, bed_util_des: 0.499, des_th: 0.49945370826259916,frac_lost: 0.107, li_recovered:  8.438, time: 0.00631632200020249
L: 1.22, u_super: 0.00005 — INFEASIBLE (li_recovered=0.000e+00), time: 0.0008845450010994682
L: 23.14, u_super: 0.00592 — INFEASIBLE (li_recovered=0.000e+00), time: 0.0027203839999856427
L: 0.50, u_super: 0.00851, sec: 486.930, prod: 0.193223, t_ads: 22.8, t_des: 20.6, bed_util_ads: 0.499, bed_util_des: 0.499, des_th: 0.49923427084449173,frac_lost: 0.101, li_recovered:  8.384, time: 0.0053579310006171
L: 0.50, u_super: 0.00099 — INFEASIBLE (li_recovered=0.000e+00), time: 0.0032191129994316725
L: 0.50, u_super: 0.00577, sec: 319.798, prod: 0.130546, t_ads: 33.6, t_des: 30.5, bed_util_ads: 0.497, bed_util_des: 0.497, des_th: 0.4971455600212945,frac_lost: 0.102, li_recovered:  8.373, time: 0.004322992999732378
L: 0.50, u_super: 0.00063, sec: 35.110, prod: 0.013028, t_ads: 292.9, t_des: 277.5, bed_util_ads: 0.469, bed_util_des: 0.467, des_th: 0.4670146146466983,frac_lost: 0.102, li_recovered:  7.431, time: 0.005369795999285998
L: 0.50, u_super: 0.00765, sec: 434.877, prod: 0.172892, t_ads: 25.6, t_des: 23.7, bed_util_ads: 0.496, bed_util_des: 0.496, des_th: 0.4957463152836116,frac_lost: 0.106, li_recovered:  8.514, time: 0.0047086159993341425
L: 0.50, u_super: 0.00050, sec: 28.430, prod: 0.010078, t_ads: 362.6, t_des: 349.9, bed_util_ads: 0.460, bed_util_des: 0.458, des_th: 0.4581253991218108,frac_lost: 0.101, li_recovered:  7.181, time: 0.0043492190015967935
L: 0.50, u_super: 0.00690, sec: 388.228, prod: 0.155858, t_ads: 28.3, t_des: 25.4, bed_util_ads: 0.500, bed_util_des: 0.500, des_th: 0.49964271350765965,frac_lost: 0.107, li_recovered:  8.382, time: 0.0052491669994196855
L: 25.34, u_super: 0.00616 — INFEASIBLE (li_recovered=0.000e+00), time: 0.0014561110001523048
   613 |    24520 |     40 |  0.0042923648 |             f
L: 0.50, u_super: 0.00256, sec: 138.606, prod: 0.056612, t_ads: 75.3, t_des: 65.4, bed_util_ads: 0.500, bed_util_des: 0.500, des_th: 0.49980098411508506,frac_lost: 0.103, li_recovered:  7.965, time: 0.00489547799952561
L: 0.50, u_super: 0.00877, sec: 504.364, prod: 0.198416, t_ads: 22.3, t_des: 20.7, bed_util_ads: 0.496, bed_util_des: 0.496, des_th: 0.4959976293431339,frac_lost: 0.104, li_recovered:  8.530, time: 0.005596353999862913
L: 0.50, u_super: 0.00205, sec: 111.293, prod: 0.044824, t_ads: 93.3, t_des: 79.9, bed_util_ads: 0.500, bed_util_des: 0.500, des_th: 0.4998873888642507,frac_lost: 0.100, li_recovered:  7.768, time: 0.004387711000163108
L: 0.50, u_super: 0.00687, sec: 425.410, prod: 0.140877, t_ads: 28.4, t_des: 33.3, bed_util_ads: 0.466, bed_util_des: 0.465, des_th: 0.46537121783833324,frac_lost: 0.105, li_recovered:  8.692, time: 0.008772395998676075
L: 0.50, u_super: 0.00803, sec: 458.153, prod: 0.181467, t_ads: 24.4, t_des: 22.1, bed_util_ads: 0.500, bed_util_des: 0.499, des_th: 0.49941758777502815,frac_lost: 0.108, li_recovered:  8.447, time: 0.005396914999437286
L: 44.10, u_super: 0.00117 — INFEASIBLE (li_recovered=0.000e+00), time: 0.0010475889994268073
L: 2.26, u_super: 0.00641, sec: 1668.303, prod: 0.140194, t_ads: 134.6, t_des: 126.8, bed_util_ads: 0.484, bed_util_des: 0.483, des_th: 0.4832934002856627,frac_lost: 0.106, li_recovered:  36.658, time: 0.006336237000141409
L: 0.50, u_super: 0.00592, sec: 328.506, prod: 0.134101, t_ads: 32.7, t_des: 30.1, bed_util_ads: 0.497, bed_util_des: 0.496, des_th: 0.49651835373364955,frac_lost: 0.101, li_recovered:  8.418, time: 0.005378821999329375
L: 15.36, u_super: 0.00935 — INFEASIBLE (li_recovered=0.000e+00), time: 0.0023601619996043155
L: 0.50, u_super: 0.00373, sec: 203.482, prod: 0.083441, t_ads: 52.3, t_des: 46.0, bed_util_ads: 0.500, bed_util_des: 0.499, des_th: 0.4994287982374276,frac_lost: 0.109, li_recovered:  8.199, time: 0.004708574000687804
L: 0.50, u_super: 0.00342, sec: 205.367, prod: 0.069231, t_ads: 56.8, t_des: 67.6, bed_util_ads: 0.462, bed_util_des: 0.461, des_th: 0.46065861638408456,frac_lost: 0.105, li_recovered:  8.609, time: 0.00515752700084704
L: 21.62, u_super: 0.00553 — INFEASIBLE (li_recovered=0.000e+00), time: 0.0018337159999646246
L: 0.50, u_super: 0.00654, sec: 366.160, prod: 0.148049, t_ads: 29.7, t_des: 26.5, bed_util_ads: 0.500, bed_util_des: 0.500, des_th: 0.49980098411508506,frac_lost: 0.102, li_recovered:  8.324, time: 0.005246577000434627
L: 0.50, u_super: 0.00100, sec: 54.805, prod: 0.021601, t_ads: 187.5, t_des: 171.2, bed_util_ads: 0.484, bed_util_des: 0.483, des_th: 0.4832934002856627,frac_lost: 0.104, li_recovered:  7.750, time: 0.0044281939990469255
L: 0.50, u_super: 0.00969, sec: 563.447, prod: 0.219619, t_ads: 20.2, t_des: 18.3, bed_util_ads: 0.500, bed_util_des: 0.499, des_th: 0.4994519866438605,frac_lost: 0.106, li_recovered:  8.449, time: 0.005222486999628018
L: 0.50, u_super: 0.00578, sec: 320.254, prod: 0.130747, t_ads: 33.5, t_des: 30.1, bed_util_ads: 0.500, bed_util_des: 0.500, des_th: 0.49959468494770737,frac_lost: 0.100, li_recovered:  8.315, time: 0.004369193000457017
L: 0.50, u_super: 0.00232, sec: 125.795, prod: 0.051201, t_ads: 83.3, t_des: 72.2, bed_util_ads: 0.500, bed_util_des: 0.499, des_th: 0.4994853778665325,frac_lost: 0.107, li_recovered:  7.958, time: 0.005620723000902217
L: 0.50, u_super: 0.00005 — INFEASIBLE (li_recovered=0.000e+00), time: 0.00115508300041256
L: 0.50, u_super: 0.00105, sec: 57.135, prod: 0.022763, t_ads: 178.7, t_des: 168.0, bed_util_ads: 0.480, bed_util_des: 0.479, des_th: 0.4792950107105757,frac_lost: 0.101, li_recovered:  7.893, time: 0.004505376999077271
L: 0.50, u_super: 0.00990, sec: 576.923, prod: 0.224456, t_ads: 19.7, t_des: 17.9, bed_util_ads: 0.499, bed_util_des: 0.499, des_th: 0.49932001464524656,frac_lost: 0.105, li_recovered:  8.458, time: 0.005905874999371008
L: 0.50, u_super: 0.00631, sec: 351.473, prod: 0.142839, t_ads: 30.8, t_des: 28.2, bed_util_ads: 0.498, bed_util_des: 0.497, des_th: 0.497471035185516,frac_lost: 0.101, li_recovered:  8.422, time: 0.007166745999711566
L: 0.50, u_super: 0.00395, sec: 215.649, prod: 0.088609, t_ads: 49.1, t_des: 43.4, bed_util_ads: 0.500, bed_util_des: 0.499, des_th: 0.49945370826259916,frac_lost: 0.105, li_recovered:  8.194, time: 0.0060154220009280834
L: 0.50, u_super: 0.00537, sec: 346.331, prod: 0.103638, t_ads: 36.2, t_des: 47.5, bed_util_ads: 0.451, bed_util_des: 0.450, des_th: 0.44995634029621745,frac_lost: 0.102, li_recovered:  8.672, time: 0.009634452000682359
L: 0.50, u_super: 0.00063 — INFEASIBLE (li_recovered=0.000e+00), time: 0.003170227999362396
L: 9.98, u_super: 0.00990 — INFEASIBLE (li_recovered=0.000e+00), time: 0.0033201670012203977
L: 0.50, u_super: 0.00030, sec: 54.910, prod: 0.001860, t_ads: 671.2, t_des: 4027.2, bed_util_ads: 0.238, bed_util_des: 0.185, des_th: 0.1851696623157332,frac_lost: 0.104, li_recovered:  8.739, time: 0.023194848001367063
L: 0.50, u_super: 0.00101 — INFEASIBLE (li_recovered=0.000e+00), time: 0.004615871999703813
L: 0.50, u_super: 0.00457, sec: 250.230, prod: 0.102721, t_ads: 42.6, t_des: 38.1, bed_util_ads: 0.499, bed_util_des: 0.499, des_th: 0.4991857742454448,frac_lost: 0.105, li_recovered:  8.286, time: 0.00909434700042766
L: 0.50, u_super: 0.00904, sec: 521.516, prod: 0.204900, t_ads: 21.6, t_des: 19.6, bed_util_ads: 0.500, bed_util_des: 0.499, des_th: 0.499488097007094,frac_lost: 0.105, li_recovered:  8.442, time: 0.006964266000068164
L: 0.50, u_super: 0.00037 — INFEASIBLE (li_recovered=0.000e+00), time: 0.0035730709987547016
L: 0.50, u_super: 0.00126 — INFEASIBLE (li_recovered=0.000e+00), time: 0.0036485849996097386
L: 0.50, u_super: 0.00421, sec: 229.894, prod: 0.094648, t_ads: 46.2, t_des: 41.6, bed_util_ads: 0.497, bed_util_des: 0.497, des_th: 0.497172463726623,frac_lost: 0.106, li_recovered:  8.317, time: 0.005603575000350247
L: 25.49, u_super: 0.00729 — INFEASIBLE (li_recovered=0.000e+00), time: 0.001781865999873844
L: 0.50, u_super: 0.00635, sec: 354.961, prod: 0.143604, t_ads: 30.6, t_des: 27.3, bed_util_ads: 0.500, bed_util_des: 0.500, des_th: 0.4995403795516543,frac_lost: 0.103, li_recovered:  8.314, time: 0.006087460000344436
L: 0.50, u_super: 0.00206, sec: 112.228, prod: 0.045205, t_ads: 93.6, t_des: 80.3, bed_util_ads: 0.499, bed_util_des: 0.499, des_th: 0.49885753106918546,frac_lost: 0.108, li_recovered:  7.865, time: 0.004495269999097218
L: 0.50, u_super: 0.00851, sec: 488.622, prod: 0.192554, t_ads: 23.0, t_des: 21.1, bed_util_ads: 0.498, bed_util_des: 0.497, des_th: 0.49748876377581813,frac_lost: 0.107, li_recovered:  8.486, time: 0.0053014589993836125
L: 5.06, u_super: 0.00457, sec: 10004.059, prod: 0.026013, t_ads: 438.9, t_des: 2961.4, bed_util_ads: 0.239, bed_util_des: 0.199, des_th: 0.19911213921309856,frac_lost: 0.104, li_recovered:  88.453, time: 0.020850557999438024
L: 13.85, u_super: 0.00726 — INFEASIBLE (li_recovered=0.000e+00), time: 0.002129248998244293
L: 0.50, u_super: 0.00773, sec: 439.142, prod: 0.174756, t_ads: 25.3, t_des: 23.0, bed_util_ads: 0.500, bed_util_des: 0.499, des_th: 0.4994223914233796,frac_lost: 0.107, li_recovered:  8.438, time: 0.00583557099889731
L: 0.50, u_super: 0.00712, sec: 402.468, prod: 0.160801, t_ads: 27.4, t_des: 25.5, bed_util_ads: 0.496, bed_util_des: 0.496, des_th: 0.4957463152836116,frac_lost: 0.107, li_recovered:  8.516, time: 0.004599711999617284
   614 |    24560 |     40 |  0.0020485645 |             f
L: 0.50, u_super: 0.00033 — INFEASIBLE (li_recovered=0.000e+00), time: 0.00301011500050663
L: 0.50, u_super: 0.00808, sec: 461.160, prod: 0.182635, t_ads: 24.3, t_des: 22.0, bed_util_ads: 0.500, bed_util_des: 0.499, des_th: 0.499455687657337,frac_lost: 0.108, li_recovered:  8.444, time: 0.0050152730000263546
L: 0.50, u_super: 0.00141, sec: 78.313, prod: 0.030174, t_ads: 135.3, t_des: 112.6, bed_util_ads: 0.500, bed_util_des: 0.500, des_th: 0.4997900175424189,frac_lost: 0.108, li_recovered:  7.479, time: 0.004776396999659482
L: 0.50, u_super: 0.00898, sec: 5470.424, prod: 0.019269, t_ads: 21.8, t_des: 433.9, bed_util_ads: 0.175, bed_util_des: 0.172, des_th: 0.17210448322613772,frac_lost: 0.102, li_recovered:  8.780, time: 0.051777093000055174
L: 28.21, u_super: 0.00990 — INFEASIBLE (li_recovered=0.000e+00), time: 0.0022541819998878054
L: 0.50, u_super: 0.00228, sec: 123.090, prod: 0.050351, t_ads: 84.9, t_des: 74.4, bed_util_ads: 0.498, bed_util_des: 0.497, des_th: 0.497471035185516,frac_lost: 0.107, li_recovered:  8.022, time: 0.007445192000886891
L: 0.50, u_super: 0.00296, sec: 160.189, prod: 0.066001, t_ads: 65.1, t_des: 57.3, bed_util_ads: 0.499, bed_util_des: 0.499, des_th: 0.498809624163297,frac_lost: 0.102, li_recovered:  8.078, time: 0.0075319610004953574
L: 0.50, u_super: 0.00577, sec: 319.564, prod: 0.130641, t_ads: 33.6, t_des: 30.5, bed_util_ads: 0.498, bed_util_des: 0.498, des_th: 0.4977842316516922,frac_lost: 0.100, li_recovered:  8.363, time: 0.008425666999755776
L: 5.05, u_super: 0.00783 — INFEASIBLE (li_recovered=0.000e+00), time: 0.0040461280004819855
L: 0.50, u_super: 0.00801, sec: 456.954, prod: 0.181063, t_ads: 24.5, t_des: 22.1, bed_util_ads: 0.500, bed_util_des: 0.499, des_th: 0.4994546460413704,frac_lost: 0.108, li_recovered:  8.440, time: 0.006551557999046054
L: 12.28, u_super: 0.00631 — INFEASIBLE (li_recovered=0.000e+00), time: 0.002248232000056305
L: 0.50, u_super: 0.00487, sec: 267.424, prod: 0.109885, t_ads: 39.9, t_des: 36.1, bed_util_ads: 0.498, bed_util_des: 0.497, des_th: 0.497471035185516,frac_lost: 0.104, li_recovered:  8.350, time: 0.005445858998427866
L: 0.50, u_super: 0.00606, sec: 337.148, prod: 0.137169, t_ads: 32.0, t_des: 28.7, bed_util_ads: 0.500, bed_util_des: 0.499, des_th: 0.49941800771673645,frac_lost: 0.101, li_recovered:  8.314, time: 0.005059987999629811
L: 0.50, u_super: 0.00102 — INFEASIBLE (li_recovered=0.000e+00), time: 0.0028150870002718875
L: 0.50, u_super: 0.00341, sec: 184.281, prod: 0.076604, t_ads: 56.6, t_des: 52.8, bed_util_ads: 0.492, bed_util_des: 0.492, des_th: 0.49154280707067466,frac_lost: 0.101, li_recovered:  8.377, time: 0.004955656000674935
L: 13.89, u_super: 0.00391 — INFEASIBLE (li_recovered=0.000e+00), time: 0.0016990430012810975
L: 0.50, u_super: 0.00460, sec: 252.190, prod: 0.103489, t_ads: 42.3, t_des: 37.8, bed_util_ads: 0.500, bed_util_des: 0.499, des_th: 0.49934342063134823,frac_lost: 0.106, li_recovered:  8.291, time: 0.004639225000573788
L: 0.50, u_super: 0.00592, sec: 329.188, prod: 0.133823, t_ads: 32.8, t_des: 29.3, bed_util_ads: 0.499, bed_util_des: 0.499, des_th: 0.4991641741582029,frac_lost: 0.103, li_recovered:  8.311, time: 0.004677681999964989
L: 0.50, u_super: 0.00801, sec: 505.115, prod: 0.163834, t_ads: 24.4, t_des: 28.8, bed_util_ads: 0.466, bed_util_des: 0.466, des_th: 0.46556438012999923,frac_lost: 0.104, li_recovered:  8.704, time: 0.005484228000568692
L: 0.50, u_super: 0.00383, sec: 208.470, prod: 0.085922, t_ads: 50.9, t_des: 45.9, bed_util_ads: 0.497, bed_util_des: 0.496, des_th: 0.4964368817783982,frac_lost: 0.108, li_recovered:  8.320, time: 0.005135675999554223
L: 6.43, u_super: 0.00049 — INFEASIBLE (li_recovered=0.000e+00), time: 0.001038049998896895
L: 0.50, u_super: 0.00497, sec: 273.214, prod: 0.112151, t_ads: 39.1, t_des: 35.3, bed_util_ads: 0.499, bed_util_des: 0.498, des_th: 0.49841457206854134,frac_lost: 0.104, li_recovered:  8.342, time: 0.009979595000913832
L: 0.50, u_super: 0.00538, sec: 296.832, prod: 0.121408, t_ads: 36.1, t_des: 32.3, bed_util_ads: 0.500, bed_util_des: 0.500, des_th: 0.49984248869374076,frac_lost: 0.102, li_recovered:  8.297, time: 0.007881561999965925
L: 0.50, u_super: 0.00837, sec: 479.391, prod: 0.189234, t_ads: 23.4, t_des: 21.2, bed_util_ads: 0.500, bed_util_des: 0.499, des_th: 0.49947080059471793,frac_lost: 0.108, li_recovered:  8.441, time: 0.009449457998925936
L: 0.50, u_super: 0.00712, sec: 402.468, prod: 0.160801, t_ads: 27.4, t_des: 25.5, bed_util_ads: 0.496, bed_util_des: 0.496, des_th: 0.4957463152836116,frac_lost: 0.107, li_recovered:  8.516, time: 0.005831284001033055
L: 0.50, u_super: 0.00428, sec: 233.721, prod: 0.096344, t_ads: 45.4, t_des: 41.1, bed_util_ads: 0.497, bed_util_des: 0.497, des_th: 0.4971661216018382,frac_lost: 0.105, li_recovered:  8.329, time: 0.005413380000391044
L: 0.50, u_super: 0.00499, sec: 274.560, prod: 0.112372, t_ads: 39.0, t_des: 34.8, bed_util_ads: 0.500, bed_util_des: 0.499, des_th: 0.49945370826259916,frac_lost: 0.105, li_recovered:  8.292, time: 0.005588569998508319
L: 0.50, u_super: 0.00773, sec: 464.593, prod: 0.165182, t_ads: 25.3, t_des: 27.3, bed_util_ads: 0.477, bed_util_des: 0.476, des_th: 0.4762491600901542,frac_lost: 0.106, li_recovered:  8.697, time: 0.005397056998845073
L: 0.50, u_super: 0.00175, sec: 99.766, prod: 0.036400, t_ads: 109.4, t_des: 122.2, bed_util_ads: 0.465, bed_util_des: 0.463, des_th: 0.4630879043870296,frac_lost: 0.101, li_recovered:  8.429, time: 0.0074653099982242566
L: 0.50, u_super: 0.00968, sec: 563.328, prod: 0.219243, t_ads: 20.2, t_des: 18.8, bed_util_ads: 0.497, bed_util_des: 0.496, des_th: 0.49651835373364955,frac_lost: 0.105, li_recovered:  8.535, time: 0.005154956001206301
L: 50.74, u_super: 0.00734 — INFEASIBLE (li_recovered=0.000e+00), time: 0.001364685000226018
L: 45.59, u_super: 0.00364 — INFEASIBLE (li_recovered=0.000e+00), time: 0.0009300929996243212
L: 0.50, u_super: 0.00067, sec: 37.626, prod: 0.014115, t_ads: 275.6, t_des: 266.9, bed_util_ads: 0.468, bed_util_des: 0.466, des_th: 0.46572984578474613,frac_lost: 0.106, li_recovered:  7.657, time: 0.004823166998903616
L: 0.50, u_super: 0.00012, sec: 11.940, prod: 0.001388, t_ads: 1585.5, t_des: 4075.6, bed_util_ads: 0.272, bed_util_des: 0.207, des_th: 0.20685692924598323,frac_lost: 0.102, li_recovered:  7.857, time: 0.013008984000407509
L: 0.50, u_super: 0.00965, sec: 560.245, prod: 0.218740, t_ads: 20.2, t_des: 18.3, bed_util_ads: 0.500, bed_util_des: 0.499, des_th: 0.49941800771673645,frac_lost: 0.105, li_recovered:  8.439, time: 0.004955417000019224
L: 0.50, u_super: 0.00934, sec: 540.976, prod: 0.211738, t_ads: 20.9, t_des: 19.0, bed_util_ads: 0.500, bed_util_des: 0.500, des_th: 0.499797210151054,frac_lost: 0.106, li_recovered:  8.455, time: 0.0061537720011983765
L: 0.50, u_super: 0.00854, sec: 489.760, prod: 0.193277, t_ads: 22.9, t_des: 20.8, bed_util_ads: 0.499, bed_util_des: 0.499, des_th: 0.49924464150377235,frac_lost: 0.106, li_recovered:  8.450, time: 0.0045434789990395075
L: 0.50, u_super: 0.00781, sec: 443.273, prod: 0.176898, t_ads: 24.9, t_des: 22.5, bed_util_ads: 0.500, bed_util_des: 0.499, des_th: 0.49945370826259916,frac_lost: 0.103, li_recovered:  8.388, time: 0.00548256200090691
L: 0.50, u_super: 0.00393, sec: 214.352, prod: 0.088010, t_ads: 49.5, t_des: 43.7, bed_util_ads: 0.500, bed_util_des: 0.500, des_th: 0.49991439231720436,frac_lost: 0.106, li_recovered:  8.200, time: 0.006498258999272366
L: 0.50, u_super: 0.00031 — INFEASIBLE (li_recovered=0.000e+00), time: 0.0022604179994232254
   615 |    24600 |     40 |  0.0030615058 |             f
L: 0.50, u_super: 0.00990, sec: 576.641, prod: 0.224565, t_ads: 19.7, t_des: 17.9, bed_util_ads: 0.499, bed_util_des: 0.499, des_th: 0.4988078841092428,frac_lost: 0.104, li_recovered:  8.454, time: 0.005162498999197851
L: 0.50, u_super: 0.00691, sec: 388.112, prod: 0.156479, t_ads: 28.1, t_des: 25.1, bed_util_ads: 0.500, bed_util_des: 0.500, des_th: 0.4997384094947515,frac_lost: 0.100, li_recovered:  8.314, time: 0.005452297000374529
L: 0.50, u_super: 0.00607, sec: 337.486, prod: 0.137313, t_ads: 32.0, t_des: 29.3, bed_util_ads: 0.498, bed_util_des: 0.497, des_th: 0.4974799790658949,frac_lost: 0.103, li_recovered:  8.419, time: 0.006679137000901392
L: 0.50, u_super: 0.00551, sec: 304.880, prod: 0.124435, t_ads: 35.2, t_des: 31.6, bed_util_ads: 0.500, bed_util_des: 0.500, des_th: 0.49984248869374076,frac_lost: 0.103, li_recovered:  8.314, time: 0.004891578999377089
L: 9.38, u_super: 0.00259 — INFEASIBLE (li_recovered=0.000e+00), time: 0.0016263890011032345
L: 0.50, u_super: 0.00043, sec: 24.942, prod: 0.008538, t_ads: 419.9, t_des: 420.1, bed_util_ads: 0.451, bed_util_des: 0.447, des_th: 0.4470829266944315,frac_lost: 0.106, li_recovered:  7.172, time: 0.005036528000346152
L: 0.50, u_super: 0.00169, sec: 91.862, prod: 0.036861, t_ads: 113.2, t_des: 97.9, bed_util_ads: 0.498, bed_util_des: 0.497, des_th: 0.4974591949798105,frac_lost: 0.105, li_recovered:  7.782, time: 0.007023554000625154
L: 28.70, u_super: 0.00631 — INFEASIBLE (li_recovered=0.000e+00), time: 0.0018545530001574662
L: 0.50, u_super: 0.00079, sec: 44.013, prod: 0.016505, t_ads: 238.5, t_des: 243.0, bed_util_ads: 0.466, bed_util_des: 0.463, des_th: 0.4629870740112471,frac_lost: 0.107, li_recovered:  7.948, time: 0.0056520020007155836
L: 0.50, u_super: 0.00364, sec: 197.812, prod: 0.081680, t_ads: 53.3, t_des: 47.8, bed_util_ads: 0.499, bed_util_des: 0.498, des_th: 0.49833815096660283,frac_lost: 0.106, li_recovered:  8.260, time: 0.006045603000529809
L: 0.50, u_super: 0.00020 — INFEASIBLE (li_recovered=0.000e+00), time: 0.0025177980005537393
L: 3.25, u_super: 0.00620, sec: 13809.117, prod: 0.022843, t_ads: 207.6, t_des: 2300.5, bed_util_ads: 0.209, bed_util_des: 0.185, des_th: 0.1851696623157332,frac_lost: 0.105, li_recovered:  57.292, time: 0.034168485000918736
L: 27.00, u_super: 0.00541 — INFEASIBLE (li_recovered=0.000e+00), time: 0.001437112001440255
L: 0.50, u_super: 0.00421, sec: 229.517, prod: 0.094803, t_ads: 46.1, t_des: 41.7, bed_util_ads: 0.497, bed_util_des: 0.497, des_th: 0.49717208745806596,frac_lost: 0.104, li_recovered:  8.324, time: 0.006159655998999369
L: 0.50, u_super: 0.00144, sec: 79.581, prod: 0.030931, t_ads: 131.2, t_des: 110.4, bed_util_ads: 0.498, bed_util_des: 0.497, des_th: 0.497471035185516,frac_lost: 0.100, li_recovered:  7.471, time: 0.006619945001148153
L: 0.50, u_super: 0.00948, sec: 549.991, prod: 0.214878, t_ads: 20.6, t_des: 18.5, bed_util_ads: 0.500, bed_util_des: 0.500, des_th: 0.49964271350765965,frac_lost: 0.105, li_recovered:  8.406, time: 0.00731948700013163
L: 0.50, u_super: 0.00656, sec: 368.025, prod: 0.147840, t_ads: 29.9, t_des: 27.1, bed_util_ads: 0.498, bed_util_des: 0.498, des_th: 0.4981931788066513,frac_lost: 0.110, li_recovered:  8.435, time: 0.006013517000610591
L: 0.50, u_super: 0.00122, sec: 65.928, prod: 0.026538, t_ads: 155.8, t_des: 146.1, bed_util_ads: 0.484, bed_util_des: 0.483, des_th: 0.4828732839284526,frac_lost: 0.104, li_recovered:  8.011, time: 0.007181090999438311
L: 0.50, u_super: 0.00296, sec: 160.218, prod: 0.065989, t_ads: 65.2, t_des: 57.3, bed_util_ads: 0.500, bed_util_des: 0.499, des_th: 0.49941974777036746,frac_lost: 0.103, li_recovered:  8.081, time: 0.005393433000790537
L: 18.54, u_super: 0.00118 — INFEASIBLE (li_recovered=0.000e+00), time: 0.0013224890008132206
L: 0.50, u_super: 0.00921, sec: 532.097, prod: 0.208688, t_ads: 21.2, t_des: 19.3, bed_util_ads: 0.500, bed_util_des: 0.499, des_th: 0.499488097007094,frac_lost: 0.105, li_recovered:  8.451, time: 0.006653262000327231
L: 0.50, u_super: 0.00067, sec: 37.626, prod: 0.014115, t_ads: 275.6, t_des: 266.9, bed_util_ads: 0.468, bed_util_des: 0.466, des_th: 0.46572984578474613,frac_lost: 0.106, li_recovered:  7.657, time: 0.007340377000218723
L: 0.50, u_super: 0.00706, sec: 398.185, prod: 0.159360, t_ads: 27.7, t_des: 25.7, bed_util_ads: 0.496, bed_util_des: 0.496, des_th: 0.4957463152836116,frac_lost: 0.106, li_recovered:  8.513, time: 0.008244755999839981
L: 0.50, u_super: 0.00728, sec: 412.285, prod: 0.164270, t_ads: 26.9, t_des: 25.0, bed_util_ads: 0.496, bed_util_des: 0.496, des_th: 0.49575815548930896,frac_lost: 0.107, li_recovered:  8.522, time: 0.006274945999393822
L: 0.50, u_super: 0.00499, sec: 274.194, prod: 0.112522, t_ads: 39.0, t_des: 35.3, bed_util_ads: 0.498, bed_util_des: 0.497, des_th: 0.4974583944618565,frac_lost: 0.104, li_recovered:  8.351, time: 0.0074130140001216205
L: 0.50, u_super: 0.00341, sec: 1724.096, prod: 0.008188, t_ads: 57.5, t_des: 1016.0, bed_util_ads: 0.182, bed_util_des: 0.174, des_th: 0.1737110916403466,frac_lost: 0.103, li_recovered:  8.790, time: 0.050758587998643634
L: 48.02, u_super: 0.00905 — INFEASIBLE (li_recovered=0.000e+00), time: 0.0015192449991445756
L: 0.50, u_super: 0.00970, sec: 564.388, prod: 0.219897, t_ads: 20.2, t_des: 18.3, bed_util_ads: 0.500, bed_util_des: 0.500, des_th: 0.49953865793291563,frac_lost: 0.106, li_recovered:  8.454, time: 0.006817242001488921
L: 0.50, u_super: 0.00011 — INFEASIBLE (li_recovered=0.000e+00), time: 0.002170653999201022
L: 0.50, u_super: 0.00977, sec: 568.600, prod: 0.221547, t_ads: 20.0, t_des: 18.1, bed_util_ads: 0.500, bed_util_des: 0.499, des_th: 0.49941800771673645,frac_lost: 0.105, li_recovered:  8.452, time: 0.007824518001143588
L: 10.56, u_super: 0.00216 — INFEASIBLE (li_recovered=0.000e+00), time: 0.0023401899998134468
L: 4.81, u_super: 0.00192 — INFEASIBLE (li_recovered=0.000e+00), time: 0.003465580000920454
L: 0.50, u_super: 0.00767, sec: 436.226, prod: 0.173024, t_ads: 25.6, t_des: 23.7, bed_util_ads: 0.496, bed_util_des: 0.496, des_th: 0.4957463152836116,frac_lost: 0.108, li_recovered:  8.524, time: 0.007217757000034908
L: 0.50, u_super: 0.00665, sec: 372.224, prod: 0.150441, t_ads: 29.2, t_des: 26.1, bed_util_ads: 0.500, bed_util_des: 0.499, des_th: 0.499488097007094,frac_lost: 0.101, li_recovered:  8.315, time: 0.005821065000418457
L: 0.50, u_super: 0.00157, sec: 84.905, prod: 0.034481, t_ads: 121.8, t_des: 117.1, bed_util_ads: 0.484, bed_util_des: 0.482, des_th: 0.4825762443929753,frac_lost: 0.105, li_recovered:  8.237, time: 0.006770071000573807
L: 0.50, u_super: 0.00774, sec: 438.725, prod: 0.175391, t_ads: 25.1, t_des: 22.6, bed_util_ads: 0.499, bed_util_des: 0.499, des_th: 0.4992186511020279,frac_lost: 0.102, li_recovered:  8.376, time: 0.007737781999821891
L: 0.50, u_super: 0.00172, sec: 93.809, prod: 0.037387, t_ads: 111.1, t_des: 94.9, bed_util_ads: 0.498, bed_util_des: 0.498, des_th: 0.49808811681046705,frac_lost: 0.103, li_recovered:  7.700, time: 0.007191450000391342
L: 0.50, u_super: 0.00033, sec: 20.851, prod: 0.006050, t_ads: 514.4, t_des: 466.4, bed_util_ads: 0.451, bed_util_des: 0.450, des_th: 0.45037665618739353,frac_lost: 0.102, li_recovered:  5.933, time: 0.0050118069993914105
L: 0.50, u_super: 0.00064, sec: 38.942, prod: 0.012445, t_ads: 288.2, t_des: 348.4, bed_util_ads: 0.438, bed_util_des: 0.432, des_th: 0.43209393896972925,frac_lost: 0.101, li_recovered:  7.922, time: 0.007407872000840143
L: 24.97, u_super: 0.00577 — INFEASIBLE (li_recovered=0.000e+00), time: 0.0016155600005731685
   616 |    24640 |     40 |  0.0036971633 |             f
L: 0.50, u_super: 0.00810, sec: 461.661, prod: 0.183321, t_ads: 24.1, t_des: 21.7, bed_util_ads: 0.499, bed_util_des: 0.499, des_th: 0.4992686200092598,frac_lost: 0.105, li_recovered:  8.390, time: 0.007263886000146158
L: 0.50, u_super: 0.00777, sec: 442.252, prod: 0.175420, t_ads: 25.3, t_des: 22.7, bed_util_ads: 0.500, bed_util_des: 0.500, des_th: 0.4997492791400798,frac_lost: 0.109, li_recovered:  8.405, time: 0.005681198999809567
L: 0.50, u_super: 0.00300, sec: 162.248, prod: 0.066774, t_ads: 64.5, t_des: 56.6, bed_util_ads: 0.499, bed_util_des: 0.499, des_th: 0.49885753106918546,frac_lost: 0.103, li_recovered:  8.085, time: 0.007362180000200169
L: 10.77, u_super: 0.00259 — INFEASIBLE (li_recovered=0.000e+00), time: 0.0026580410012684297
L: 0.50, u_super: 0.00543, sec: 299.960, prod: 0.122600, t_ads: 35.8, t_des: 32.4, bed_util_ads: 0.498, bed_util_des: 0.497, des_th: 0.49748770120375707,frac_lost: 0.104, li_recovered:  8.362, time: 0.004344189999756054
L: 0.50, u_super: 0.00439, sec: 239.616, prod: 0.098826, t_ads: 44.2, t_des: 40.0, bed_util_ads: 0.497, bed_util_des: 0.497, des_th: 0.49659960684681165,frac_lost: 0.103, li_recovered:  8.324, time: 0.006690235999485594
L: 0.50, u_super: 0.00337, sec: 182.853, prod: 0.075374, t_ads: 57.7, t_des: 54.0, bed_util_ads: 0.492, bed_util_des: 0.492, des_th: 0.49155558895706963,frac_lost: 0.107, li_recovered:  8.420, time: 0.004909934001261718
L: 0.50, u_super: 0.00499, sec: 274.251, prod: 0.112498, t_ads: 39.0, t_des: 35.2, bed_util_ads: 0.498, bed_util_des: 0.498, des_th: 0.498271970559966,frac_lost: 0.104, li_recovered:  8.342, time: 0.007030225999187678
L: 0.50, u_super: 0.00305, sec: 165.080, prod: 0.068083, t_ads: 63.1, t_des: 55.6, bed_util_ads: 0.499, bed_util_des: 0.499, des_th: 0.4991890441085629,frac_lost: 0.101, li_recovered:  8.084, time: 0.011081214999649092
L: 0.50, u_super: 0.00012, sec: 13.784, prod: 0.001259, t_ads: 1585.8, t_des: 4942.3, bed_util_ads: 0.257, bed_util_des: 0.185, des_th: 0.1851696623157332,frac_lost: 0.101, li_recovered:  8.221, time: 0.013330085001143743
L: 23.13, u_super: 0.00023 — INFEASIBLE (li_recovered=0.000e+00), time: 0.0009892660000332398
L: 0.50, u_super: 0.00538, sec: 296.702, prod: 0.121461, t_ads: 36.0, t_des: 32.3, bed_util_ads: 0.500, bed_util_des: 0.500, des_th: 0.499888799812078,frac_lost: 0.101, li_recovered:  8.302, time: 0.007095057999322307
L: 0.50, u_super: 0.00990, sec: 576.540, prod: 0.224605, t_ads: 19.7, t_des: 17.9, bed_util_ads: 0.500, bed_util_des: 0.499, des_th: 0.4994176030064166,frac_lost: 0.104, li_recovered:  8.447, time: 0.007235985000079381
L: 0.50, u_super: 0.00032, sec: 20.275, prod: 0.005817, t_ads: 531.3, t_des: 483.2, bed_util_ads: 0.448, bed_util_des: 0.447, des_th: 0.4470829266944315,frac_lost: 0.103, li_recovered:  5.902, time: 0.006760513999324758
L: 0.50, u_super: 0.00742, sec: 420.335, prod: 0.167640, t_ads: 26.4, t_des: 23.9, bed_util_ads: 0.499, bed_util_des: 0.499, des_th: 0.4988156196799336,frac_lost: 0.108, li_recovered:  8.432, time: 0.0067437589987093816
L: 0.50, u_super: 0.00351, sec: 190.087, prod: 0.078861, t_ads: 54.9, t_des: 51.9, bed_util_ads: 0.492, bed_util_des: 0.491, des_th: 0.49154280707067466,frac_lost: 0.100, li_recovered:  8.420, time: 0.005616395999822998
L: 26.95, u_super: 0.00258 — INFEASIBLE (li_recovered=0.000e+00), time: 0.0010546459998295177
L: 0.50, u_super: 0.00098, sec: 53.911, prod: 0.021116, t_ads: 190.9, t_des: 172.5, bed_util_ads: 0.484, bed_util_des: 0.483, des_th: 0.4832934002856627,frac_lost: 0.103, li_recovered:  7.674, time: 0.004462618000616203
L: 10.10, u_super: 0.00822 — INFEASIBLE (li_recovered=0.000e+00), time: 0.0029853719988750527
L: 0.50, u_super: 0.00499, sec: 274.129, prod: 0.112548, t_ads: 38.9, t_des: 35.2, bed_util_ads: 0.498, bed_util_des: 0.498, des_th: 0.49775745039556313,frac_lost: 0.103, li_recovered:  8.337, time: 0.005208967000726261
L: 0.50, u_super: 0.00119, sec: 64.606, prod: 0.025711, t_ads: 159.8, t_des: 143.2, bed_util_ads: 0.488, bed_util_des: 0.488, des_th: 0.4877136378869785,frac_lost: 0.105, li_recovered:  7.790, time: 0.004405358999065356
L: 0.50, u_super: 0.00596, sec: 331.077, prod: 0.134918, t_ads: 32.6, t_des: 29.8, bed_util_ads: 0.496, bed_util_des: 0.496, des_th: 0.49620909537117464,frac_lost: 0.102, li_recovered:  8.411, time: 0.004921355999613297
L: 0.50, u_super: 0.00739, sec: 419.250, prod: 0.166598, t_ads: 26.6, t_des: 24.6, bed_util_ads: 0.496, bed_util_des: 0.496, des_th: 0.4957463152836116,frac_lost: 0.109, li_recovered:  8.518, time: 0.006074876999264234
L: 0.50, u_super: 0.00296, sec: 160.113, prod: 0.066032, t_ads: 65.0, t_des: 57.2, bed_util_ads: 0.499, bed_util_des: 0.499, des_th: 0.499144981690903,frac_lost: 0.100, li_recovered:  8.066, time: 0.004811312001038459
L: 52.22, u_super: 0.00227 — INFEASIBLE (li_recovered=0.000e+00), time: 0.0011491620007291203
L: 0.50, u_super: 0.00767, sec: 436.226, prod: 0.173024, t_ads: 25.6, t_des: 23.7, bed_util_ads: 0.496, bed_util_des: 0.496, des_th: 0.4957463152836116,frac_lost: 0.108, li_recovered:  8.524, time: 0.008368795999558643
L: 0.50, u_super: 0.00581, sec: 322.197, prod: 0.131431, t_ads: 33.4, t_des: 30.3, bed_util_ads: 0.498, bed_util_des: 0.498, des_th: 0.49777143159671505,frac_lost: 0.102, li_recovered:  8.376, time: 0.004766261999975541
L: 0.50, u_super: 0.00990, sec: 576.015, prod: 0.224810, t_ads: 19.7, t_des: 17.9, bed_util_ads: 0.500, bed_util_des: 0.499, des_th: 0.49941800771673645,frac_lost: 0.102, li_recovered:  8.443, time: 0.005359692000638461
L: 0.50, u_super: 0.00654, sec: 365.980, prod: 0.148121, t_ads: 29.6, t_des: 26.5, bed_util_ads: 0.500, bed_util_des: 0.500, des_th: 0.4997865928540919,frac_lost: 0.101, li_recovered:  8.319, time: 0.005808379000882269
L: 0.50, u_super: 0.00049, sec: 28.370, prod: 0.009870, t_ads: 366.6, t_des: 340.3, bed_util_ads: 0.465, bed_util_des: 0.463, des_th: 0.4629870740112471,frac_lost: 0.103, li_recovered:  6.978, time: 0.00546839600065141
L: 7.39, u_super: 0.00636, sec: 22985.327, prod: 0.032850, t_ads: 460.9, t_des: 3489.9, bed_util_ads: 0.228, bed_util_des: 0.185, des_th: 0.1851696623157332,frac_lost: 0.102, li_recovered:  129.783, time: 0.020643755999117275
L: 0.50, u_super: 0.00390, sec: 239.367, prod: 0.077503, t_ads: 49.9, t_des: 61.5, bed_util_ads: 0.457, bed_util_des: 0.456, des_th: 0.45634251797637104,frac_lost: 0.104, li_recovered:  8.631, time: 0.005500429999301559
L: 0.50, u_super: 0.00781, sec: 442.730, prod: 0.177114, t_ads: 24.8, t_des: 22.4, bed_util_ads: 0.500, bed_util_des: 0.499, des_th: 0.4994541129729191,frac_lost: 0.100, li_recovered:  8.368, time: 0.006769641000573756
L: 0.50, u_super: 0.00657, sec: 368.563, prod: 0.148395, t_ads: 29.8, t_des: 26.7, bed_util_ads: 0.500, bed_util_des: 0.500, des_th: 0.49980098411508506,frac_lost: 0.107, li_recovered:  8.381, time: 0.005771828000433743
L: 0.50, u_super: 0.00206, sec: 111.517, prod: 0.045494, t_ads: 93.8, t_des: 82.5, bed_util_ads: 0.496, bed_util_des: 0.496, des_th: 0.4957882196188017,frac_lost: 0.109, li_recovered:  8.018, time: 0.00511074899986852
L: 1.96, u_super: 0.00582, sec: 1323.874, prod: 0.125701, t_ads: 128.7, t_des: 109.8, bed_util_ads: 0.497, bed_util_des: 0.496, des_th: 0.49651835373364955,frac_lost: 0.107, li_recovered:  29.978, time: 0.00471456000013859
L: 0.50, u_super: 0.00306, sec: 164.765, prod: 0.068467, t_ads: 63.2, t_des: 57.5, bed_util_ads: 0.495, bed_util_des: 0.495, des_th: 0.4946968019858957,frac_lost: 0.103, li_recovered:  8.266, time: 0.006101992999901995
L: 0.50, u_super: 0.00459, sec: 251.243, prod: 0.103205, t_ads: 42.5, t_des: 38.8, bed_util_ads: 0.497, bed_util_des: 0.497, des_th: 0.49659960684681165,frac_lost: 0.106, li_recovered:  8.386, time: 0.005873191001228406
L: 0.50, u_super: 0.00637, sec: 355.408, prod: 0.144167, t_ads: 30.5, t_des: 27.9, bed_util_ads: 0.498, bed_util_des: 0.497, des_th: 0.4973916214952285,frac_lost: 0.102, li_recovered:  8.417, time: 0.007204497000202537
L: 18.56, u_super: 0.00577 — INFEASIBLE (li_recovered=0.000e+00), time: 0.0027287530010653427
   617 |    24680 |     40 |  0.0029068341 |             f
L: 0.50, u_super: 0.00388, sec: 211.654, prod: 0.086883, t_ads: 50.2, t_des: 44.3, bed_util_ads: 0.500, bed_util_des: 0.499, des_th: 0.4994481603546227,frac_lost: 0.108, li_recovered:  8.215, time: 0.006195748001118773
L: 0.50, u_super: 0.00770, sec: 436.388, prod: 0.174776, t_ads: 25.2, t_des: 23.3, bed_util_ads: 0.496, bed_util_des: 0.496, des_th: 0.49575815548930896,frac_lost: 0.100, li_recovered:  8.475, time: 0.005141514000570169
L: 0.50, u_super: 0.00810, sec: 461.998, prod: 0.183187, t_ads: 24.2, t_des: 21.9, bed_util_ads: 0.499, bed_util_des: 0.499, des_th: 0.49925013799253565,frac_lost: 0.107, li_recovered:  8.439, time: 0.006228942000234383
L: 0.50, u_super: 0.00980, sec: 570.631, prod: 0.222170, t_ads: 19.9, t_des: 17.9, bed_util_ads: 0.500, bed_util_des: 0.500, des_th: 0.49986495970446215,frac_lost: 0.105, li_recovered:  8.400, time: 0.007478108998839161
L: 0.50, u_super: 0.00741, sec: 420.076, prod: 0.167429, t_ads: 26.4, t_des: 23.7, bed_util_ads: 0.500, bed_util_des: 0.500, des_th: 0.4996827306138276,frac_lost: 0.108, li_recovered:  8.392, time: 0.005022629999075434
L: 0.50, u_super: 0.00970, sec: 563.950, prod: 0.220068, t_ads: 20.1, t_des: 18.1, bed_util_ads: 0.500, bed_util_des: 0.500, des_th: 0.4995568642123583,frac_lost: 0.104, li_recovered:  8.402, time: 0.005591158000243013
L: 0.50, u_super: 0.00875, sec: 503.803, prod: 0.198123, t_ads: 22.4, t_des: 20.3, bed_util_ads: 0.500, bed_util_des: 0.499, des_th: 0.49945370826259916,frac_lost: 0.107, li_recovered:  8.450, time: 0.00458642200101167
L: 0.50, u_super: 0.00148, sec: 81.689, prod: 0.031844, t_ads: 128.9, t_des: 132.6, bed_util_ads: 0.474, bed_util_des: 0.473, des_th: 0.4727743159043326,frac_lost: 0.104, li_recovered:  8.329, time: 0.006586241001059534
L: 0.50, u_super: 0.00335, sec: 181.046, prod: 0.075282, t_ads: 57.5, t_des: 53.8, bed_util_ads: 0.492, bed_util_des: 0.492, des_th: 0.4916719971215345,frac_lost: 0.100, li_recovered:  8.380, time: 0.005408686000009766
L: 0.50, u_super: 0.00122, sec: 68.984, prod: 0.025454, t_ads: 156.6, t_des: 168.8, bed_util_ads: 0.465, bed_util_des: 0.463, des_th: 0.4629870740112471,frac_lost: 0.107, li_recovered:  8.283, time: 0.006191352998939692
L: 0.50, u_super: 0.00921, sec: 801.021, prod: 0.138701, t_ads: 21.2, t_des: 41.8, bed_util_ads: 0.403, bed_util_des: 0.402, des_th: 0.40171835922756605,frac_lost: 0.103, li_recovered:  8.731, time: 0.006665744000201812
L: 0.50, u_super: 0.00316, sec: 170.500, prod: 0.070999, t_ads: 60.9, t_des: 55.6, bed_util_ads: 0.495, bed_util_des: 0.495, des_th: 0.4947963863227548,frac_lost: 0.101, li_recovered:  8.269, time: 0.005424500999652082
L: 0.50, u_super: 0.00260, sec: 140.510, prod: 0.057769, t_ads: 74.2, t_des: 65.3, bed_util_ads: 0.498, bed_util_des: 0.497, des_th: 0.497471035185516,frac_lost: 0.104, li_recovered:  8.061, time: 0.0050773700004356215
L: 12.78, u_super: 0.00549 — INFEASIBLE (li_recovered=0.000e+00), time: 0.001894177999929525
L: 0.50, u_super: 0.00696, sec: 405.055, prod: 0.152399, t_ads: 28.1, t_des: 28.8, bed_util_ads: 0.483, bed_util_des: 0.483, des_th: 0.4825762443929753,frac_lost: 0.107, li_recovered:  8.673, time: 0.00587174199972651
L: 0.50, u_super: 0.00312, sec: 168.371, prod: 0.069979, t_ads: 61.7, t_des: 55.7, bed_util_ads: 0.496, bed_util_des: 0.496, des_th: 0.4957947459825465,frac_lost: 0.101, li_recovered:  8.216, time: 0.005045257999881869
L: 0.50, u_super: 0.00985, sec: 573.123, prod: 0.223560, t_ads: 19.8, t_des: 17.8, bed_util_ads: 0.500, bed_util_des: 0.500, des_th: 0.49995076106767966,frac_lost: 0.103, li_recovered:  8.408, time: 0.006770719999622088
L: 0.50, u_super: 0.00470, sec: 257.620, prod: 0.105935, t_ads: 41.4, t_des: 37.4, bed_util_ads: 0.498, bed_util_des: 0.498, des_th: 0.4977842316516922,frac_lost: 0.104, li_recovered:  8.347, time: 0.0052893330012011575
L: 0.50, u_super: 0.00201, sec: 474.520, prod: 0.010135, t_ads: 97.1, t_des: 765.6, bed_util_ads: 0.246, bed_util_des: 0.235, des_th: 0.2352916802405581,frac_lost: 0.100, li_recovered:  8.744, time: 0.023957233999681193
L: 0.50, u_super: 0.00870, sec: 525.401, prod: 0.187413, t_ads: 22.5, t_des: 23.9, bed_util_ads: 0.479, bed_util_des: 0.479, des_th: 0.47875539523421307,frac_lost: 0.106, li_recovered:  8.703, time: 0.004878024999925401
L: 12.22, u_super: 0.00079 — INFEASIBLE (li_recovered=0.000e+00), time: 0.001143609000791912
L: 18.36, u_super: 0.00522 — INFEASIBLE (li_recovered=0.000e+00), time: 0.0016065939998952672
L: 0.50, u_super: 0.00360, sec: 195.670, prod: 0.080557, t_ads: 54.1, t_des: 48.2, bed_util_ads: 0.499, bed_util_des: 0.498, des_th: 0.49833815096660283,frac_lost: 0.108, li_recovered:  8.248, time: 0.005328615001417347
L: 0.50, u_super: 0.00687, sec: 387.312, prod: 0.155048, t_ads: 28.5, t_des: 26.4, bed_util_ads: 0.496, bed_util_des: 0.496, des_th: 0.49569834465389706,frac_lost: 0.107, li_recovered:  8.512, time: 0.004684172999986913
L: 0.50, u_super: 0.00421, sec: 229.571, prod: 0.094781, t_ads: 46.1, t_des: 42.6, bed_util_ads: 0.494, bed_util_des: 0.494, des_th: 0.4936143934450696,frac_lost: 0.103, li_recovered:  8.408, time: 0.005034368999986327
L: 0.50, u_super: 0.00829, sec: 474.217, prod: 0.187505, t_ads: 23.6, t_des: 21.2, bed_util_ads: 0.500, bed_util_des: 0.500, des_th: 0.49988470156853426,frac_lost: 0.107, li_recovered:  8.393, time: 0.005006891999073559
L: 0.50, u_super: 0.00499, sec: 274.129, prod: 0.112548, t_ads: 38.9, t_des: 35.2, bed_util_ads: 0.498, bed_util_des: 0.498, des_th: 0.49775745039556313,frac_lost: 0.103, li_recovered:  8.337, time: 0.004786655999851064
L: 0.50, u_super: 0.00022, sec: 36.472, prod: 0.001522, t_ads: 908.0, t_des: 4804.2, bed_util_ads: 0.239, bed_util_des: 0.176, des_th: 0.17600280363431448,frac_lost: 0.101, li_recovered:  8.696, time: 0.013897150000047986
L: 0.50, u_super: 0.00315, sec: 169.953, prod: 0.070777, t_ads: 61.1, t_des: 55.8, bed_util_ads: 0.495, bed_util_des: 0.495, des_th: 0.4946968019858957,frac_lost: 0.101, li_recovered:  8.270, time: 0.0059859240009245696
L: 0.50, u_super: 0.00800, sec: 471.035, prod: 0.175319, t_ads: 24.5, t_des: 25.1, bed_util_ads: 0.484, bed_util_des: 0.483, des_th: 0.483446675585506,frac_lost: 0.107, li_recovered:  8.684, time: 0.006680133999907412
L: 0.50, u_super: 0.00499, sec: 274.009, prod: 0.112598, t_ads: 38.9, t_des: 35.3, bed_util_ads: 0.498, bed_util_des: 0.498, des_th: 0.4976578660347052,frac_lost: 0.103, li_recovered:  8.353, time: 0.0049226959999941755
L: 0.50, u_super: 0.00678, sec: 379.937, prod: 0.153429, t_ads: 28.6, t_des: 25.6, bed_util_ads: 0.500, bed_util_des: 0.500, des_th: 0.49964271350765965,frac_lost: 0.100, li_recovered:  8.315, time: 0.004908447999696364
L: 0.50, u_super: 0.00990, sec: 578.033, prod: 0.224025, t_ads: 19.8, t_des: 18.4, bed_util_ads: 0.496, bed_util_des: 0.496, des_th: 0.49614639117035403,frac_lost: 0.106, li_recovered:  8.541, time: 0.004484041999603505
L: 0.50, u_super: 0.00165, sec: 89.912, prod: 0.036033, t_ads: 115.6, t_des: 100.0, bed_util_ads: 0.496, bed_util_des: 0.496, des_th: 0.49575815548930896,frac_lost: 0.104, li_recovered:  7.771, time: 0.0077208009988680715
L: 0.50, u_super: 0.00481, sec: 263.984, prod: 0.108512, t_ads: 40.4, t_des: 36.6, bed_util_ads: 0.498, bed_util_des: 0.498, des_th: 0.4980460498908894,frac_lost: 0.104, li_recovered:  8.348, time: 0.005273232000035932
L: 0.50, u_super: 0.00877, sec: 504.020, prod: 0.198552, t_ads: 22.3, t_des: 20.3, bed_util_ads: 0.500, bed_util_des: 0.499, des_th: 0.4994933283361059,frac_lost: 0.106, li_recovered:  8.457, time: 0.005977052000162075
L: 0.50, u_super: 0.00467, sec: 256.432, prod: 0.105027, t_ads: 41.7, t_des: 37.1, bed_util_ads: 0.500, bed_util_des: 0.500, des_th: 0.499888799812078,frac_lost: 0.106, li_recovered:  8.280, time: 0.004588210000292747
L: 28.81, u_super: 0.00006 — INFEASIBLE (li_recovered=0.000e+00), time: 0.0012173930008430034
L: 0.50, u_super: 0.00103, sec: 57.555, prod: 0.021557, t_ads: 184.3, t_des: 194.6, bed_util_ads: 0.465, bed_util_des: 0.463, des_th: 0.4629870740112471,frac_lost: 0.105, li_recovered:  8.168, time: 0.0068707099999301136
L: 0.50, u_super: 0.00880, sec: 506.234, prod: 0.199452, t_ads: 22.2, t_des: 19.9, bed_util_ads: 0.500, bed_util_des: 0.500, des_th: 0.49953865793291563,frac_lost: 0.104, li_recovered:  8.392, time: 0.004496720999668469
   618 |    24720 |     40 |  0.0021545688 |             f
L: 0.50, u_super: 0.00552, sec: 307.224, prod: 0.123653, t_ads: 35.2, t_des: 34.1, bed_util_ads: 0.489, bed_util_des: 0.489, des_th: 0.4891957459952727,frac_lost: 0.102, li_recovered:  8.571, time: 0.005950954000581987
L: 0.50, u_super: 0.00970, sec: 563.912, prod: 0.220083, t_ads: 20.1, t_des: 18.3, bed_util_ads: 0.500, bed_util_des: 0.500, des_th: 0.4997071833059649,frac_lost: 0.104, li_recovered:  8.446, time: 0.004429630998856737
L: 0.50, u_super: 0.00094, sec: 52.422, prod: 0.019754, t_ads: 200.0, t_des: 209.8, bed_util_ads: 0.465, bed_util_des: 0.463, des_th: 0.4629870740112471,frac_lost: 0.102, li_recovered:  8.094, time: 0.0068842300006508594
L: 0.50, u_super: 0.00781, sec: 486.545, prod: 0.161165, t_ads: 25.1, t_des: 28.9, bed_util_ads: 0.469, bed_util_des: 0.468, des_th: 0.46821091878301013,frac_lost: 0.108, li_recovered:  8.705, time: 0.0054067330001998926
L: 0.50, u_super: 0.00728, sec: 416.291, prod: 0.162689, t_ads: 26.9, t_des: 26.1, bed_util_ads: 0.491, bed_util_des: 0.491, des_th: 0.4905465573819691,frac_lost: 0.108, li_recovered:  8.623, time: 0.0065030650002881885
L: 0.50, u_super: 0.00205, sec: 111.113, prod: 0.045074, t_ads: 94.2, t_des: 81.8, bed_util_ads: 0.499, bed_util_des: 0.498, des_th: 0.4983103852692236,frac_lost: 0.108, li_recovered:  7.934, time: 0.0054949080004007556
L: 0.50, u_super: 0.00875, sec: 503.466, prod: 0.198256, t_ads: 22.3, t_des: 20.3, bed_util_ads: 0.500, bed_util_des: 0.499, des_th: 0.49948595949174257,frac_lost: 0.106, li_recovered:  8.447, time: 0.004595833999701426
L: 0.50, u_super: 0.00010, sec: 10.040, prod: 0.001157, t_ads: 1910.8, t_des: 4926.4, bed_util_ads: 0.262, bed_util_des: 0.189, des_th: 0.1885515759986991,frac_lost: 0.103, li_recovered:  7.908, time: 0.010354120000556577
L: 0.50, u_super: 0.00421, sec: 230.280, prod: 0.094489, t_ads: 46.1, t_des: 40.7, bed_util_ads: 0.500, bed_util_des: 0.500, des_th: 0.49978155234476196,frac_lost: 0.105, li_recovered:  8.208, time: 0.006151176999992458
L: 0.50, u_super: 0.00607, sec: 337.486, prod: 0.137313, t_ads: 32.0, t_des: 29.3, bed_util_ads: 0.498, bed_util_des: 0.497, des_th: 0.4974799790658949,frac_lost: 0.103, li_recovered:  8.419, time: 0.006849030998637318
L: 0.50, u_super: 0.00824, sec: 470.894, prod: 0.186618, t_ads: 23.7, t_des: 21.6, bed_util_ads: 0.499, bed_util_des: 0.499, des_th: 0.4992786502741636,frac_lost: 0.106, li_recovered:  8.449, time: 0.006912491000548471
L: 0.50, u_super: 0.00096, sec: 53.592, prod: 0.020146, t_ads: 197.7, t_des: 205.4, bed_util_ads: 0.467, bed_util_des: 0.464, des_th: 0.4641618970636657,frac_lost: 0.107, li_recovered:  8.120, time: 0.005314669999279431
L: 0.50, u_super: 0.00049, sec: 28.586, prod: 0.009796, t_ads: 366.5, t_des: 332.2, bed_util_ads: 0.468, bed_util_des: 0.466, des_th: 0.46647149367796437,frac_lost: 0.103, li_recovered:  6.844, time: 0.0066716729998006485
L: 20.43, u_super: 0.00486 — INFEASIBLE (li_recovered=0.000e+00), time: 0.0012481539997679647
L: 0.50, u_super: 0.00779, sec: 441.927, prod: 0.176827, t_ads: 24.9, t_des: 22.5, bed_util_ads: 0.500, bed_util_des: 0.499, des_th: 0.49940762472198774,frac_lost: 0.101, li_recovered:  8.388, time: 0.00656568900012644
L: 0.50, u_super: 0.00531, sec: 292.465, prod: 0.119840, t_ads: 36.6, t_des: 33.1, bed_util_ads: 0.498, bed_util_des: 0.498, des_th: 0.4977842316516922,frac_lost: 0.102, li_recovered:  8.350, time: 0.007305691999135888
L: 0.50, u_super: 0.00875, sec: 510.447, prod: 0.195545, t_ads: 22.3, t_des: 21.9, bed_util_ads: 0.489, bed_util_des: 0.488, des_th: 0.48849010758474665,frac_lost: 0.106, li_recovered:  8.648, time: 0.005883207999431761
L: 0.50, u_super: 0.00079, sec: 43.769, prod: 0.016597, t_ads: 236.3, t_des: 239.8, bed_util_ads: 0.465, bed_util_des: 0.463, des_th: 0.4626807019731206,frac_lost: 0.101, li_recovered:  7.902, time: 0.0058947950001311256
L: 0.50, u_super: 0.00990, sec: 744.197, prod: 0.174005, t_ads: 19.8, t_des: 30.4, bed_util_ads: 0.433, bed_util_des: 0.432, des_th: 0.4323998892530724,frac_lost: 0.105, li_recovered:  8.729, time: 0.006090035998568055
L: 0.50, u_super: 0.00577, sec: 319.590, prod: 0.130631, t_ads: 33.6, t_des: 30.4, bed_util_ads: 0.498, bed_util_des: 0.498, des_th: 0.4977324165220751,frac_lost: 0.100, li_recovered:  8.359, time: 0.006260796999413287
L: 0.50, u_super: 0.00049 — INFEASIBLE (li_recovered=0.000e+00), time: 0.0028239220009709243
L: 0.50, u_super: 0.00896, sec: 516.815, prod: 0.202796, t_ads: 21.9, t_des: 19.8, bed_util_ads: 0.500, bed_util_des: 0.499, des_th: 0.499488097007094,frac_lost: 0.107, li_recovered:  8.442, time: 0.005835763999129995
L: 0.50, u_super: 0.00804, sec: 458.257, prod: 0.181817, t_ads: 24.3, t_des: 22.1, bed_util_ads: 0.499, bed_util_des: 0.499, des_th: 0.49910640018241814,frac_lost: 0.107, li_recovered:  8.439, time: 0.005250590000287048
L: 0.50, u_super: 0.00233, sec: 125.777, prod: 0.051795, t_ads: 82.8, t_des: 73.7, bed_util_ads: 0.496, bed_util_des: 0.496, des_th: 0.4957882196188017,frac_lost: 0.106, li_recovered:  8.105, time: 0.00598086200079706
L: 0.50, u_super: 0.00551, sec: 305.380, prod: 0.124231, t_ads: 35.2, t_des: 33.4, bed_util_ads: 0.492, bed_util_des: 0.492, des_th: 0.49220209672390364,frac_lost: 0.101, li_recovered:  8.520, time: 0.008016813999347505
L: 0.50, u_super: 0.00653, sec: 370.593, prod: 0.145650, t_ads: 30.0, t_des: 29.1, bed_util_ads: 0.490, bed_util_des: 0.489, des_th: 0.48946086867261007,frac_lost: 0.109, li_recovered:  8.617, time: 0.005932994001341285
L: 7.00, u_super: 0.00494, sec: 4606.640, prod: 0.091789, t_ads: 487.2, t_des: 435.6, bed_util_ads: 0.455, bed_util_des: 0.454, des_th: 0.45438997877775034,frac_lost: 0.103, li_recovered:  84.701, time: 0.007838541001547128
L: 0.50, u_super: 0.00934, sec: 543.487, prod: 0.210760, t_ads: 20.9, t_des: 19.9, bed_util_ads: 0.493, bed_util_des: 0.492, des_th: 0.4923906128775954,frac_lost: 0.104, li_recovered:  8.594, time: 0.00541158399937558
L: 0.50, u_super: 0.00260, sec: 140.471, prod: 0.057785, t_ads: 74.0, t_des: 71.7, bed_util_ads: 0.487, bed_util_des: 0.486, des_th: 0.4861047150565666,frac_lost: 0.101, li_recovered:  8.418, time: 0.008139742998537258
L: 0.50, u_super: 0.00177, sec: 97.264, prod: 0.038415, t_ads: 107.8, t_des: 90.8, bed_util_ads: 0.500, bed_util_des: 0.500, des_th: 0.499615469544456,frac_lost: 0.103, li_recovered:  7.630, time: 0.004778287000590353
L: 62.44, u_super: 0.00546 — INFEASIBLE (li_recovered=0.000e+00), time: 0.0010674229997675866
L: 0.50, u_super: 0.00990, sec: 576.015, prod: 0.224810, t_ads: 19.7, t_des: 17.9, bed_util_ads: 0.500, bed_util_des: 0.499, des_th: 0.49941800771673645,frac_lost: 0.102, li_recovered:  8.443, time: 0.005318347000866197
L: 0.50, u_super: 0.00389, sec: 211.381, prod: 0.087231, t_ads: 50.1, t_des: 45.2, bed_util_ads: 0.497, bed_util_des: 0.496, des_th: 0.49644409801311795,frac_lost: 0.106, li_recovered:  8.311, time: 0.005118310000398196
L: 0.50, u_super: 0.00422, sec: 230.688, prod: 0.094912, t_ads: 46.1, t_des: 41.6, bed_util_ads: 0.497, bed_util_des: 0.497, des_th: 0.4972185100163855,frac_lost: 0.107, li_recovered:  8.330, time: 0.00772462199893198
L: 0.50, u_super: 0.00446, sec: 243.815, prod: 0.100515, t_ads: 43.5, t_des: 39.5, bed_util_ads: 0.498, bed_util_des: 0.498, des_th: 0.4976578660347052,frac_lost: 0.104, li_recovered:  8.343, time: 0.007174432999818237
L: 0.50, u_super: 0.00005, sec: 4.519, prod: 0.000641, t_ads: 3769.7, t_des: 7916.0, bed_util_ads: 0.239, bed_util_des: 0.151, des_th: 0.15067276469460722,frac_lost: 0.102, li_recovered:  7.485, time: 0.009207578001223737
L: 0.50, u_super: 0.00005 — INFEASIBLE (li_recovered=0.000e+00), time: 0.0013353890008147573
L: 0.74, u_super: 0.00049 — INFEASIBLE (li_recovered=0.000e+00), time: 0.0033829250005510403
L: 0.50, u_super: 0.00576, sec: 3000.760, prod: 0.013860, t_ads: 34.0, t_des: 599.6, bed_util_ads: 0.183, bed_util_des: 0.178, des_th: 0.17846241594043213,frac_lost: 0.102, li_recovered:  8.781, time: 0.044180756998684956
L: 0.50, u_super: 0.00304, sec: 164.582, prod: 0.067654, t_ads: 63.7, t_des: 55.8, bed_util_ads: 0.500, bed_util_des: 0.500, des_th: 0.4996254998094326,frac_lost: 0.104, li_recovered:  8.079, time: 0.005105414000354358
   619 |    24760 |     40 |  0.0029837105 |             f
L: 0.50, u_super: 0.00553, sec: 305.788, prod: 0.125121, t_ads: 35.1, t_des: 32.2, bed_util_ads: 0.497, bed_util_des: 0.497, des_th: 0.49654214365021965,frac_lost: 0.102, li_recovered:  8.410, time: 0.006843586001195945
L: 0.50, u_super: 0.00934, sec: 541.360, prod: 0.211588, t_ads: 21.0, t_des: 19.0, bed_util_ads: 0.500, bed_util_des: 0.500, des_th: 0.49967343715360424,frac_lost: 0.107, li_recovered:  8.448, time: 0.006224687000212725
L: 0.50, u_super: 0.00875, sec: 503.711, prod: 0.198159, t_ads: 22.3, t_des: 20.0, bed_util_ads: 0.500, bed_util_des: 0.500, des_th: 0.4999286456449504,frac_lost: 0.106, li_recovered:  8.397, time: 0.005271784000797197
L: 0.50, u_super: 0.00797, sec: 453.084, prod: 0.180697, t_ads: 24.4, t_des: 22.0, bed_util_ads: 0.500, bed_util_des: 0.500, des_th: 0.4999601704567189,frac_lost: 0.102, li_recovered:  8.388, time: 0.00647142699926917
L: 6.96, u_super: 0.00304 — INFEASIBLE (li_recovered=0.000e+00), time: 0.0025325280003016815
L: 0.50, u_super: 0.00023, sec: 36.761, prod: 0.001662, t_ads: 866.9, t_des: 4349.8, bed_util_ads: 0.245, bed_util_des: 0.185, des_th: 0.1851696623157332,frac_lost: 0.104, li_recovered:  8.671, time: 0.015396618000522722
L: 0.50, u_super: 0.00751, sec: 426.662, prod: 0.169636, t_ads: 26.1, t_des: 24.1, bed_util_ads: 0.496, bed_util_des: 0.496, des_th: 0.4958549681111182,frac_lost: 0.108, li_recovered:  8.515, time: 0.005172106000827625
L: 16.17, u_super: 0.00634 — INFEASIBLE (li_recovered=0.000e+00), time: 0.0015084909991855966
L: 0.50, u_super: 0.00603, sec: 338.012, prod: 0.135382, t_ads: 32.2, t_des: 31.2, bed_util_ads: 0.489, bed_util_des: 0.489, des_th: 0.4891040186377919,frac_lost: 0.102, li_recovered:  8.580, time: 0.004929531998641323
L: 0.50, u_super: 0.00296, sec: 160.113, prod: 0.066032, t_ads: 65.0, t_des: 57.2, bed_util_ads: 0.499, bed_util_des: 0.499, des_th: 0.499144981690903,frac_lost: 0.100, li_recovered:  8.066, time: 0.005215690000113682
L: 6.20, u_super: 0.00687 — INFEASIBLE (li_recovered=0.000e+00), time: 0.00293742900066718
L: 0.50, u_super: 0.00644, sec: 359.520, prod: 0.145955, t_ads: 30.1, t_des: 27.5, bed_util_ads: 0.498, bed_util_des: 0.497, des_th: 0.497471035185516,frac_lost: 0.101, li_recovered:  8.412, time: 0.005338411001503118
L: 0.50, u_super: 0.00816, sec: 466.812, prod: 0.184556, t_ads: 24.0, t_des: 21.8, bed_util_ads: 0.500, bed_util_des: 0.499, des_th: 0.49941800771673645,frac_lost: 0.109, li_recovered:  8.456, time: 0.0073060419999819715
L: 0.50, u_super: 0.00970, sec: 564.295, prod: 0.219933, t_ads: 20.2, t_des: 18.2, bed_util_ads: 0.500, bed_util_des: 0.500, des_th: 0.49999810113642573,frac_lost: 0.106, li_recovered:  8.443, time: 0.005144681999809109
L: 0.50, u_super: 0.00389, sec: 211.381, prod: 0.087231, t_ads: 50.1, t_des: 45.2, bed_util_ads: 0.497, bed_util_des: 0.496, des_th: 0.49644409801311795,frac_lost: 0.106, li_recovered:  8.311, time: 0.00462124300065625
L: 0.50, u_super: 0.00705, sec: 396.275, prod: 0.159851, t_ads: 27.5, t_des: 25.5, bed_util_ads: 0.496, bed_util_des: 0.496, des_th: 0.49575815548930896,frac_lost: 0.100, li_recovered:  8.469, time: 0.004816397000467987
L: 0.50, u_super: 0.00049 — INFEASIBLE (li_recovered=0.000e+00), time: 0.0021405999996204628
L: 0.50, u_super: 0.00724, sec: 410.097, prod: 0.163467, t_ads: 27.0, t_des: 25.1, bed_util_ads: 0.496, bed_util_des: 0.496, des_th: 0.49575815548930896,frac_lost: 0.108, li_recovered:  8.518, time: 0.004804787000466604
L: 0.50, u_super: 0.00531, sec: 292.403, prod: 0.119865, t_ads: 36.5, t_des: 32.7, bed_util_ads: 0.499, bed_util_des: 0.498, des_th: 0.4983964858620222,frac_lost: 0.100, li_recovered:  8.297, time: 0.005257242999505252
L: 0.50, u_super: 0.00011 — INFEASIBLE (li_recovered=0.000e+00), time: 0.0013931479988968931
L: 0.50, u_super: 0.00687, sec: 385.537, prod: 0.155447, t_ads: 28.3, t_des: 25.3, bed_util_ads: 0.500, bed_util_des: 0.500, des_th: 0.49964271350765965,frac_lost: 0.101, li_recovered:  8.323, time: 0.004585459000736591
L: 0.50, u_super: 0.00078, sec: 43.469, prod: 0.016188, t_ads: 242.1, t_des: 248.9, bed_util_ads: 0.464, bed_util_des: 0.461, des_th: 0.46100743367703606,frac_lost: 0.107, li_recovered:  7.948, time: 0.0043046099999628495
L: 47.36, u_super: 0.00119 — INFEASIBLE (li_recovered=0.000e+00), time: 0.0007011210000200663
L: 0.50, u_super: 0.00418, sec: 227.917, prod: 0.094125, t_ads: 46.4, t_des: 42.1, bed_util_ads: 0.497, bed_util_des: 0.497, des_th: 0.49717208745806596,frac_lost: 0.104, li_recovered:  8.327, time: 0.0049710650000633905
L: 0.50, u_super: 0.00503, sec: 276.617, prod: 0.113238, t_ads: 38.7, t_des: 34.5, bed_util_ads: 0.499, bed_util_des: 0.499, des_th: 0.49927998979846316,frac_lost: 0.104, li_recovered:  8.290, time: 0.004935995000778348
L: 47.00, u_super: 0.00660 — INFEASIBLE (li_recovered=0.000e+00), time: 0.001343617001111852
L: 0.50, u_super: 0.00896, sec: 516.482, prod: 0.202927, t_ads: 21.8, t_des: 19.6, bed_util_ads: 0.500, bed_util_des: 0.500, des_th: 0.4996444250797366,frac_lost: 0.105, li_recovered:  8.399, time: 0.004035605999888503
L: 0.50, u_super: 0.00105, sec: 57.803, prod: 0.022558, t_ads: 178.3, t_des: 157.4, bed_util_ads: 0.488, bed_util_des: 0.488, des_th: 0.4877136378869785,frac_lost: 0.102, li_recovered:  7.575, time: 0.005964813999526086
L: 0.50, u_super: 0.00990, sec: 576.495, prod: 0.224500, t_ads: 19.7, t_des: 17.7, bed_util_ads: 0.500, bed_util_des: 0.500, des_th: 0.49988470156853426,frac_lost: 0.104, li_recovered:  8.401, time: 0.004531290998784243
L: 0.50, u_super: 0.00926, sec: 535.005, prod: 0.209902, t_ads: 21.1, t_des: 19.2, bed_util_ads: 0.500, bed_util_des: 0.499, des_th: 0.4994895064233363,frac_lost: 0.104, li_recovered:  8.447, time: 0.005273791999570676
L: 0.50, u_super: 0.00005, sec: 4.332, prod: 0.000668, t_ads: 3399.4, t_des: 5772.9, bed_util_ads: 0.251, bed_util_des: 0.185, des_th: 0.1851696623157332,frac_lost: 0.100, li_recovered:  6.129, time: 0.005433398999230121
L: 0.50, u_super: 0.00165, sec: 89.819, prod: 0.036070, t_ads: 115.5, t_des: 100.2, bed_util_ads: 0.496, bed_util_des: 0.496, des_th: 0.49621310475718766,frac_lost: 0.104, li_recovered:  7.782, time: 0.004281667999748606
L: 0.50, u_super: 0.00506, sec: 308.396, prod: 0.103009, t_ads: 38.3, t_des: 45.7, bed_util_ads: 0.463, bed_util_des: 0.462, des_th: 0.46247816356379606,frac_lost: 0.101, li_recovered:  8.658, time: 0.005330155998308328
L: 0.50, u_super: 0.00424, sec: 231.759, prod: 0.095207, t_ads: 45.9, t_des: 40.9, bed_util_ads: 0.500, bed_util_des: 0.500, des_th: 0.49980898649949884,frac_lost: 0.107, li_recovered:  8.269, time: 0.004155022999839275
L: 0.50, u_super: 0.00981, sec: 570.922, prod: 0.222310, t_ads: 19.9, t_des: 18.0, bed_util_ads: 0.500, bed_util_des: 0.499, des_th: 0.499482202844747,frac_lost: 0.105, li_recovered:  8.442, time: 0.005121624000821612
L: 0.50, u_super: 0.00990, sec: 576.596, prod: 0.224583, t_ads: 19.7, t_des: 17.9, bed_util_ads: 0.500, bed_util_des: 0.499, des_th: 0.4994772161404899,frac_lost: 0.104, li_recovered:  8.450, time: 0.005341391999536427
L: 0.50, u_super: 0.00370, sec: 200.726, prod: 0.082969, t_ads: 52.6, t_des: 47.7, bed_util_ads: 0.497, bed_util_des: 0.496, des_th: 0.496239893411898,frac_lost: 0.106, li_recovered:  8.323, time: 0.004148525000346126
L: 0.50, u_super: 0.00829, sec: 474.944, prod: 0.187528, t_ads: 23.6, t_des: 21.6, bed_util_ads: 0.497, bed_util_des: 0.497, des_th: 0.497236092816717,frac_lost: 0.108, li_recovered:  8.487, time: 0.005453813999338308
L: 0.50, u_super: 0.00875, sec: 503.624, prod: 0.198193, t_ads: 22.3, t_des: 20.1, bed_util_ads: 0.500, bed_util_des: 0.500, des_th: 0.4997109399529517,frac_lost: 0.106, li_recovered:  8.406, time: 0.005175818998395698
L: 0.50, u_super: 0.00552, sec: 305.208, prod: 0.124742, t_ads: 35.1, t_des: 31.4, bed_util_ads: 0.500, bed_util_des: 0.499, des_th: 0.49945607371934614,frac_lost: 0.101, li_recovered:  8.299, time: 0.007488040000680485
   620 |    24800 |     40 |  0.0034664343 |             f
L: 0.50, u_super: 0.00370, sec: 200.726, prod: 0.082969, t_ads: 52.6, t_des: 47.7, bed_util_ads: 0.497, bed_util_des: 0.496, des_th: 0.496239893411898,frac_lost: 0.106, li_recovered:  8.323, time: 0.007741645000351127
L: 0.50, u_super: 0.00599, sec: 332.430, prod: 0.135416, t_ads: 32.4, t_des: 29.7, bed_util_ads: 0.498, bed_util_des: 0.497, des_th: 0.4974799790658949,frac_lost: 0.102, li_recovered:  8.412, time: 0.005278214999634656
L: 11.71, u_super: 0.00014 — INFEASIBLE (li_recovered=0.000e+00), time: 0.0015107050003280165
L: 9.13, u_super: 0.00768 — INFEASIBLE (li_recovered=0.000e+00), time: 0.0034641189995454624
L: 41.24, u_super: 0.00942 — INFEASIBLE (li_recovered=0.000e+00), time: 0.002851669998563011
L: 0.50, u_super: 0.00494, sec: 391.951, prod: 0.077212, t_ads: 39.4, t_des: 73.1, bed_util_ads: 0.408, bed_util_des: 0.407, des_th: 0.4067958905742741,frac_lost: 0.103, li_recovered:  8.690, time: 0.009110105000218027
L: 0.50, u_super: 0.00576, sec: 318.949, prod: 0.130170, t_ads: 33.7, t_des: 30.9, bed_util_ads: 0.498, bed_util_des: 0.497, des_th: 0.49746961906702614,frac_lost: 0.103, li_recovered:  8.416, time: 0.004848422000577557
L: 0.50, u_super: 0.00401, sec: 218.881, prod: 0.090110, t_ads: 48.6, t_des: 43.8, bed_util_ads: 0.497, bed_util_des: 0.497, des_th: 0.49723387786668305,frac_lost: 0.108, li_recovered:  8.327, time: 0.005754378998972243
L: 30.98, u_super: 0.00703 — INFEASIBLE (li_recovered=0.000e+00), time: 0.0015502750011364697
L: 0.50, u_super: 0.00104, sec: 58.233, prod: 0.021895, t_ads: 181.5, t_des: 191.7, bed_util_ads: 0.466, bed_util_des: 0.463, des_th: 0.4633901227407372,frac_lost: 0.103, li_recovered:  8.171, time: 0.004255777999787824
L: 0.50, u_super: 0.00903, sec: 520.860, prod: 0.204569, t_ads: 21.6, t_des: 19.6, bed_util_ads: 0.500, bed_util_des: 0.499, des_th: 0.4994027834788273,frac_lost: 0.106, li_recovered:  8.447, time: 0.007684902000619331
L: 0.50, u_super: 0.00718, sec: 406.005, prod: 0.162033, t_ads: 27.2, t_des: 25.3, bed_util_ads: 0.496, bed_util_des: 0.496, des_th: 0.49585346067928004,frac_lost: 0.107, li_recovered:  8.520, time: 0.005913278000662103
L: 0.50, u_super: 0.00531, sec: 292.732, prod: 0.119730, t_ads: 36.6, t_des: 32.7, bed_util_ads: 0.499, bed_util_des: 0.499, des_th: 0.49881487943795244,frac_lost: 0.102, li_recovered:  8.297, time: 0.005509677999725682
L: 14.50, u_super: 0.00869 — INFEASIBLE (li_recovered=0.000e+00), time: 0.0024040669995883945
L: 0.50, u_super: 0.00724, sec: 409.484, prod: 0.163310, t_ads: 27.0, t_des: 25.1, bed_util_ads: 0.496, bed_util_des: 0.496, des_th: 0.49575815548930896,frac_lost: 0.107, li_recovered:  8.521, time: 0.0047735719999764115
L: 0.50, u_super: 0.00575, sec: 2828.605, prod: 0.014665, t_ads: 34.3, t_des: 565.0, bed_util_ads: 0.188, bed_util_des: 0.184, des_th: 0.18366485160844945,frac_lost: 0.107, li_recovered:  8.788, time: 0.040055900999504956
L: 0.50, u_super: 0.00459, sec: 251.151, prod: 0.103243, t_ads: 42.4, t_des: 38.3, bed_util_ads: 0.498, bed_util_des: 0.498, des_th: 0.4979602743467672,frac_lost: 0.105, li_recovered:  8.330, time: 0.007295048999367282
L: 0.50, u_super: 0.00797, sec: 453.267, prod: 0.180624, t_ads: 24.4, t_des: 21.8, bed_util_ads: 0.500, bed_util_des: 0.500, des_th: 0.4998397265110544,frac_lost: 0.101, li_recovered:  8.335, time: 0.007150403998821275
L: 0.50, u_super: 0.00053 — INFEASIBLE (li_recovered=0.000e+00), time: 0.005550460000449675
L: 0.50, u_super: 0.00885, sec: 512.576, prod: 0.199293, t_ads: 22.1, t_des: 21.0, bed_util_ads: 0.494, bed_util_des: 0.493, des_th: 0.49339751371029533,frac_lost: 0.107, li_recovered:  8.594, time: 0.005903152999962913
L: 0.50, u_super: 0.00086, sec: 48.156, prod: 0.018045, t_ads: 217.8, t_des: 227.2, bed_util_ads: 0.464, bed_util_des: 0.461, des_th: 0.46100743367703606,frac_lost: 0.103, li_recovered:  8.030, time: 0.005935187999057234
L: 0.50, u_super: 0.00519, sec: 285.679, prod: 0.117186, t_ads: 37.4, t_des: 33.9, bed_util_ads: 0.498, bed_util_des: 0.498, des_th: 0.4978269165559339,frac_lost: 0.102, li_recovered:  8.350, time: 0.003971686001023045
L: 0.50, u_super: 0.00148, sec: 81.585, prod: 0.031884, t_ads: 128.8, t_des: 108.6, bed_util_ads: 0.499, bed_util_des: 0.499, des_th: 0.49885641171898587,frac_lost: 0.106, li_recovered:  7.569, time: 0.007450963999872329
L: 0.50, u_super: 0.00040, sec: 85.857, prod: 0.002136, t_ads: 499.0, t_des: 3606.1, bed_util_ads: 0.230, bed_util_des: 0.185, des_th: 0.1851696623157332,frac_lost: 0.102, li_recovered:  8.767, time: 0.021491041999979643
L: 0.50, u_super: 0.00934, sec: 540.562, prod: 0.211901, t_ads: 20.9, t_des: 18.9, bed_util_ads: 0.500, bed_util_des: 0.500, des_th: 0.4995390634910861,frac_lost: 0.104, li_recovered:  8.440, time: 0.005637417998514138
L: 0.50, u_super: 0.00632, sec: 352.458, prod: 0.143164, t_ads: 30.7, t_des: 28.1, bed_util_ads: 0.498, bed_util_des: 0.498, des_th: 0.4977856477701821,frac_lost: 0.102, li_recovered:  8.416, time: 0.007509324001148343
L: 0.50, u_super: 0.00827, sec: 473.758, prod: 0.186786, t_ads: 23.7, t_des: 22.0, bed_util_ads: 0.497, bed_util_des: 0.496, des_th: 0.4964463129631519,frac_lost: 0.107, li_recovered:  8.530, time: 0.006756705000952934
L: 0.50, u_super: 0.00356, sec: 193.562, prod: 0.079668, t_ads: 54.2, t_des: 47.6, bed_util_ads: 0.500, bed_util_des: 0.500, des_th: 0.4996385855696844,frac_lost: 0.101, li_recovered:  8.111, time: 0.006891652999911457
L: 0.50, u_super: 0.00961, sec: 579.154, prod: 0.209750, t_ads: 20.4, t_des: 21.1, bed_util_ads: 0.483, bed_util_des: 0.483, des_th: 0.48256833429427465,frac_lost: 0.106, li_recovered:  8.701, time: 0.008122016999550397
L: 0.50, u_super: 0.00162, sec: 88.816, prod: 0.034903, t_ads: 118.3, t_des: 99.7, bed_util_ads: 0.499, bed_util_des: 0.499, des_th: 0.4989075003225052,frac_lost: 0.105, li_recovered:  7.608, time: 0.006137696000223514
L: 0.50, u_super: 0.00294, sec: 159.053, prod: 0.065624, t_ads: 65.4, t_des: 57.7, bed_util_ads: 0.499, bed_util_des: 0.499, des_th: 0.49903776301947694,frac_lost: 0.101, li_recovered:  8.077, time: 0.007104135000190581
L: 0.50, u_super: 0.00372, sec: 202.331, prod: 0.083563, t_ads: 52.2, t_des: 47.3, bed_util_ads: 0.497, bed_util_des: 0.496, des_th: 0.4962830444535824,frac_lost: 0.107, li_recovered:  8.321, time: 0.005607810000583413
L: 0.50, u_super: 0.00299, sec: 161.898, prod: 0.066773, t_ads: 64.3, t_des: 56.6, bed_util_ads: 0.500, bed_util_des: 0.500, des_th: 0.49962958930821055,frac_lost: 0.101, li_recovered:  8.079, time: 0.007413937999444897
L: 0.50, u_super: 0.00916, sec: 529.369, prod: 0.207409, t_ads: 21.4, t_des: 19.4, bed_util_ads: 0.500, bed_util_des: 0.500, des_th: 0.49955196206100516,frac_lost: 0.107, li_recovered:  8.457, time: 0.0047810220003157156
L: 0.50, u_super: 0.00228, sec: 123.234, prod: 0.050627, t_ads: 84.6, t_des: 75.0, bed_util_ads: 0.496, bed_util_des: 0.496, des_th: 0.4957882196188017,frac_lost: 0.107, li_recovered:  8.080, time: 0.0055733270000928314
L: 54.86, u_super: 0.00019 — INFEASIBLE (li_recovered=0.000e+00), time: 0.0008053719993768027
L: 0.50, u_super: 0.00466, sec: 255.578, prod: 0.105005, t_ads: 41.8, t_des: 38.1, bed_util_ads: 0.497, bed_util_des: 0.497, des_th: 0.49668538239091786,frac_lost: 0.106, li_recovered:  8.383, time: 0.0043211619995418005
L: 14.64, u_super: 0.00119 — INFEASIBLE (li_recovered=0.000e+00), time: 0.0009495369995420333
L: 2.19, u_super: 0.00188, sec: 504.056, prod: 0.036504, t_ads: 413.4, t_des: 367.4, bed_util_ads: 0.465, bed_util_des: 0.463, des_th: 0.46359381132648025,frac_lost: 0.105, li_recovered:  28.503, time: 0.006231909999769414
L: 0.50, u_super: 0.00632, sec: 352.403, prod: 0.142987, t_ads: 30.8, t_des: 28.1, bed_util_ads: 0.498, bed_util_des: 0.497, des_th: 0.497471035185516,frac_lost: 0.103, li_recovered:  8.423, time: 0.004297618999771657
   621 |    24840 |     40 |  0.0029432942 |             f
L: 4.78, u_super: 0.00050 — INFEASIBLE (li_recovered=0.000e+00), time: 0.001851527000326314
L: 5.61, u_super: 0.00936, sec: 6540.832, prod: 0.197562, t_ads: 223.3, t_des: 198.9, bed_util_ads: 0.483, bed_util_des: 0.482, des_th: 0.4819872265808887,frac_lost: 0.103, li_recovered:  83.418, time: 0.004047993999847677
L: 0.50, u_super: 0.00319, sec: 176.260, prod: 0.069686, t_ads: 60.9, t_des: 61.8, bed_util_ads: 0.482, bed_util_des: 0.481, des_th: 0.4814993318438224,frac_lost: 0.106, li_recovered:  8.552, time: 0.004308278999815229
L: 0.50, u_super: 0.00767, sec: 435.411, prod: 0.173348, t_ads: 25.5, t_des: 23.1, bed_util_ads: 0.499, bed_util_des: 0.499, des_th: 0.4987436848117342,frac_lost: 0.107, li_recovered:  8.431, time: 0.004601503000230878
L: 0.50, u_super: 0.00791, sec: 501.082, prod: 0.161072, t_ads: 24.5, t_des: 29.5, bed_util_ads: 0.464, bed_util_des: 0.463, des_th: 0.4633033900904394,frac_lost: 0.100, li_recovered:  8.699, time: 0.004554202998406254
L: 0.50, u_super: 0.00700, sec: 3467.681, prod: 0.018003, t_ads: 28.0, t_des: 459.7, bed_util_ads: 0.189, bed_util_des: 0.185, des_th: 0.1851696623157332,frac_lost: 0.102, li_recovered:  8.780, time: 0.03553325299981225
L: 0.50, u_super: 0.00260, sec: 140.471, prod: 0.057785, t_ads: 74.0, t_des: 71.7, bed_util_ads: 0.487, bed_util_des: 0.486, des_th: 0.4861047150565666,frac_lost: 0.101, li_recovered:  8.418, time: 0.005064361999757239
L: 0.50, u_super: 0.00934, sec: 541.162, prod: 0.211666, t_ads: 20.9, t_des: 18.9, bed_util_ads: 0.500, bed_util_des: 0.499, des_th: 0.4994822933329942,frac_lost: 0.106, li_recovered:  8.442, time: 0.004479272000025958
L: 0.50, u_super: 0.00710, sec: 399.095, prod: 0.160837, t_ads: 27.3, t_des: 24.7, bed_util_ads: 0.500, bed_util_des: 0.500, des_th: 0.4996445527466578,frac_lost: 0.101, li_recovered:  8.369, time: 0.004183285000181058
L: 0.50, u_super: 0.00576, sec: 318.949, prod: 0.130170, t_ads: 33.7, t_des: 30.9, bed_util_ads: 0.498, bed_util_des: 0.497, des_th: 0.49746961906702614,frac_lost: 0.103, li_recovered:  8.416, time: 0.004224756999974488
L: 0.50, u_super: 0.00580, sec: 321.290, prod: 0.131073, t_ads: 33.5, t_des: 30.4, bed_util_ads: 0.498, bed_util_des: 0.498, des_th: 0.4976147117419572,frac_lost: 0.102, li_recovered:  8.368, time: 0.0042994249997718725
L: 0.50, u_super: 0.00232, sec: 124.911, prod: 0.051621, t_ads: 83.0, t_des: 74.8, bed_util_ads: 0.494, bed_util_des: 0.494, des_th: 0.49403513390046333,frac_lost: 0.105, li_recovered:  8.147, time: 0.004042492000735365
L: 0.50, u_super: 0.00990, sec: 576.015, prod: 0.224810, t_ads: 19.7, t_des: 17.9, bed_util_ads: 0.500, bed_util_des: 0.499, des_th: 0.49941800771673645,frac_lost: 0.102, li_recovered:  8.443, time: 0.0043649870003719116
L: 0.50, u_super: 0.00720, sec: 407.414, prod: 0.162473, t_ads: 27.2, t_des: 25.2, bed_util_ads: 0.496, bed_util_des: 0.496, des_th: 0.49575815548930896,frac_lost: 0.108, li_recovered:  8.518, time: 0.005079661999843665
L: 0.50, u_super: 0.00012, sec: 13.083, prod: 0.001327, t_ads: 1568.2, t_des: 4513.2, bed_util_ads: 0.264, bed_util_des: 0.195, des_th: 0.19493146489627605,frac_lost: 0.101, li_recovered:  8.070, time: 0.008118907000607578
L: 10.56, u_super: 0.00084 — INFEASIBLE (li_recovered=0.000e+00), time: 0.0008131360009429045
L: 0.50, u_super: 0.00881, sec: 507.279, prod: 0.199593, t_ads: 22.2, t_des: 20.1, bed_util_ads: 0.500, bed_util_des: 0.499, des_th: 0.4994983061641411,frac_lost: 0.106, li_recovered:  8.445, time: 0.00551226800052973
L: 0.50, u_super: 0.00644, sec: 359.844, prod: 0.145824, t_ads: 30.2, t_des: 27.3, bed_util_ads: 0.498, bed_util_des: 0.498, des_th: 0.4975719481657915,frac_lost: 0.102, li_recovered:  8.386, time: 0.0060084619999543065
L: 0.50, u_super: 0.00046, sec: 28.338, prod: 0.008728, t_ads: 394.2, t_des: 476.7, bed_util_ads: 0.427, bed_util_des: 0.420, des_th: 0.4199829695174287,frac_lost: 0.100, li_recovered:  7.602, time: 0.008369396999114542
L: 0.50, u_super: 0.00970, sec: 564.133, prod: 0.219997, t_ads: 20.1, t_des: 18.2, bed_util_ads: 0.500, bed_util_des: 0.500, des_th: 0.4998716872509729,frac_lost: 0.105, li_recovered:  8.445, time: 0.008015897999939625
L: 0.50, u_super: 0.00356, sec: 213.764, prod: 0.072208, t_ads: 54.5, t_des: 64.8, bed_util_ads: 0.462, bed_util_des: 0.461, des_th: 0.46073155425226464,frac_lost: 0.104, li_recovered:  8.615, time: 0.006385296999724233
L: 74.55, u_super: 0.00490 — INFEASIBLE (li_recovered=0.000e+00), time: 0.0010824760011018952
L: 0.50, u_super: 0.00990, sec: 582.818, prod: 0.222190, t_ads: 19.7, t_des: 19.2, bed_util_ads: 0.490, bed_util_des: 0.490, des_th: 0.48970652487915445,frac_lost: 0.103, li_recovered:  8.640, time: 0.007051155998851755
L: 0.50, u_super: 0.00522, sec: 287.727, prod: 0.117889, t_ads: 37.1, t_des: 33.3, bed_util_ads: 0.499, bed_util_des: 0.498, des_th: 0.4983964858620222,frac_lost: 0.102, li_recovered:  8.305, time: 0.004857641000853619
L: 0.50, u_super: 0.00484, sec: 266.278, prod: 0.108860, t_ads: 40.1, t_des: 35.4, bed_util_ads: 0.500, bed_util_des: 0.500, des_th: 0.4999601704567189,frac_lost: 0.103, li_recovered:  8.223, time: 0.005753795001510298
L: 0.50, u_super: 0.00043 — INFEASIBLE (li_recovered=0.000e+00), time: 0.002362295999773778
L: 0.50, u_super: 0.00154, sec: 85.230, prod: 0.032993, t_ads: 124.1, t_des: 103.1, bed_util_ads: 0.500, bed_util_des: 0.500, des_th: 0.4999838513968089,frac_lost: 0.107, li_recovered:  7.498, time: 0.006239170001208549
L: 0.50, u_super: 0.00206, sec: 111.505, prod: 0.045498, t_ads: 93.6, t_des: 82.3, bed_util_ads: 0.496, bed_util_des: 0.496, des_th: 0.4958432876134206,frac_lost: 0.108, li_recovered:  8.004, time: 0.004333047001637169
L: 0.50, u_super: 0.00236, sec: 127.900, prod: 0.052083, t_ads: 81.8, t_des: 70.9, bed_util_ads: 0.500, bed_util_des: 0.500, des_th: 0.49962366057043445,frac_lost: 0.106, li_recovered:  7.953, time: 0.004517039000347722
L: 9.89, u_super: 0.00665 — INFEASIBLE (li_recovered=0.000e+00), time: 0.002348677000554744
L: 0.50, u_super: 0.00420, sec: 243.492, prod: 0.088887, t_ads: 46.2, t_des: 50.9, bed_util_ads: 0.472, bed_util_des: 0.471, des_th: 0.4711563992177092,frac_lost: 0.103, li_recovered:  8.628, time: 0.0062769569994998164
L: 13.21, u_super: 0.00224 — INFEASIBLE (li_recovered=0.000e+00), time: 0.0011261680010647979
L: 0.50, u_super: 0.00725, sec: 410.119, prod: 0.163478, t_ads: 27.0, t_des: 25.1, bed_util_ads: 0.496, bed_util_des: 0.496, des_th: 0.4957463152836116,frac_lost: 0.107, li_recovered:  8.524, time: 0.004105969001102494
L: 0.50, u_super: 0.00919, sec: 531.298, prod: 0.208339, t_ads: 21.3, t_des: 19.3, bed_util_ads: 0.500, bed_util_des: 0.500, des_th: 0.4995390634910861,frac_lost: 0.105, li_recovered:  8.451, time: 0.004094718999112956
L: 0.50, u_super: 0.00457, sec: 250.451, prod: 0.102778, t_ads: 42.7, t_des: 38.4, bed_util_ads: 0.498, bed_util_des: 0.498, des_th: 0.4979602743467672,frac_lost: 0.107, li_recovered:  8.326, time: 0.004355140999905416
L: 76.09, u_super: 0.00142 — INFEASIBLE (li_recovered=0.000e+00), time: 0.0007985449992702343
L: 0.50, u_super: 0.00797, sec: 452.730, prod: 0.180839, t_ads: 24.4, t_des: 22.0, bed_util_ads: 0.500, bed_util_des: 0.500, des_th: 0.49983384014318394,frac_lost: 0.100, li_recovered:  8.391, time: 0.004767325001012068
L: 0.50, u_super: 0.00005, sec: 4.329, prod: 0.000669, t_ads: 3434.0, t_des: 5825.8, bed_util_ads: 0.253, bed_util_des: 0.185, des_th: 0.1851696623157332,frac_lost: 0.103, li_recovered:  6.192, time: 0.0048262840009556385
L: 0.50, u_super: 0.00576, sec: 318.949, prod: 0.130170, t_ads: 33.7, t_des: 30.9, bed_util_ads: 0.498, bed_util_des: 0.497, des_th: 0.49746961906702614,frac_lost: 0.103, li_recovered:  8.416, time: 0.003795982000156073
L: 0.50, u_super: 0.00665, sec: 372.224, prod: 0.150441, t_ads: 29.2, t_des: 26.1, bed_util_ads: 0.500, bed_util_des: 0.499, des_th: 0.499488097007094,frac_lost: 0.101, li_recovered:  8.315, time: 0.005359365000913385
   622 |    24880 |     40 |  0.0012786824 |             f
L: 0.50, u_super: 0.00012 — INFEASIBLE (li_recovered=0.000e+00), time: 0.0018669399996724678
L: 0.50, u_super: 0.00025, sec: 42.534, prod: 0.001731, t_ads: 790.5, t_des: 4237.2, bed_util_ads: 0.243, bed_util_des: 0.185, des_th: 0.1851696623157332,frac_lost: 0.104, li_recovered:  8.701, time: 0.01981869600058417
L: 0.50, u_super: 0.00925, sec: 535.194, prod: 0.209729, t_ads: 21.1, t_des: 19.2, bed_util_ads: 0.500, bed_util_des: 0.500, des_th: 0.4995390634910861,frac_lost: 0.105, li_recovered:  8.447, time: 0.004939996000757674
L: 0.50, u_super: 0.00398, sec: 216.481, prod: 0.089323, t_ads: 48.8, t_des: 43.8, bed_util_ads: 0.499, bed_util_des: 0.499, des_th: 0.49865000892584926,frac_lost: 0.105, li_recovered:  8.270, time: 0.005879570999240968
L: 0.50, u_super: 0.00662, sec: 370.912, prod: 0.149896, t_ads: 29.3, t_des: 26.2, bed_util_ads: 0.500, bed_util_des: 0.500, des_th: 0.49976349070860165,frac_lost: 0.101, li_recovered:  8.315, time: 0.005600358999799937
L: 0.50, u_super: 0.00644, sec: 366.224, prod: 0.143283, t_ads: 30.3, t_des: 29.9, bed_util_ads: 0.488, bed_util_des: 0.488, des_th: 0.48817909322457104,frac_lost: 0.107, li_recovered:  8.629, time: 0.007831230999727268
L: 0.50, u_super: 0.00391, sec: 213.272, prod: 0.087513, t_ads: 49.8, t_des: 43.9, bed_util_ads: 0.500, bed_util_des: 0.499, des_th: 0.4994453864956179,frac_lost: 0.107, li_recovered:  8.195, time: 0.0055249920005735476
L: 0.50, u_super: 0.00319, sec: 173.360, prod: 0.070827, t_ads: 61.1, t_des: 58.6, bed_util_ads: 0.489, bed_util_des: 0.488, des_th: 0.4882745682334132,frac_lost: 0.108, li_recovered:  8.474, time: 0.004659778000132064
L: 0.50, u_super: 0.00078, sec: 43.474, prod: 0.016186, t_ads: 242.2, t_des: 248.9, bed_util_ads: 0.464, bed_util_des: 0.461, des_th: 0.46100743367703606,frac_lost: 0.107, li_recovered:  7.949, time: 0.0048474659997737035
L: 0.50, u_super: 0.00767, sec: 447.951, prod: 0.168495, t_ads: 25.5, t_des: 26.0, bed_util_ads: 0.484, bed_util_des: 0.484, des_th: 0.48411135205228695,frac_lost: 0.107, li_recovered:  8.676, time: 0.004806707000170718
L: 0.50, u_super: 0.00829, sec: 474.944, prod: 0.187528, t_ads: 23.6, t_des: 21.6, bed_util_ads: 0.497, bed_util_des: 0.497, des_th: 0.497236092816717,frac_lost: 0.108, li_recovered:  8.487, time: 0.004192458000034094
L: 0.50, u_super: 0.00576, sec: 318.949, prod: 0.130170, t_ads: 33.7, t_des: 30.9, bed_util_ads: 0.498, bed_util_des: 0.497, des_th: 0.49746961906702614,frac_lost: 0.103, li_recovered:  8.416, time: 0.0049447159999544965
L: 49.23, u_super: 0.00981 — INFEASIBLE (li_recovered=0.000e+00), time: 0.0013402380009210901
L: 41.86, u_super: 0.00236 — INFEASIBLE (li_recovered=0.000e+00), time: 0.0015352870013884967
L: 0.85, u_super: 0.00875, sec: 855.575, prod: 0.197299, t_ads: 37.5, t_des: 33.2, bed_util_ads: 0.500, bed_util_des: 0.500, des_th: 0.49980621954284415,frac_lost: 0.102, li_recovered:  13.946, time: 0.0044057499999325955
L: 35.23, u_super: 0.00328 — INFEASIBLE (li_recovered=0.000e+00), time: 0.0009777499999472639
L: 0.50, u_super: 0.00740, sec: 419.094, prod: 0.167161, t_ads: 26.5, t_des: 23.7, bed_util_ads: 0.500, bed_util_des: 0.500, des_th: 0.4995148926494483,frac_lost: 0.108, li_recovered:  8.390, time: 0.005177392000405234
L: 0.50, u_super: 0.00168, sec: 91.039, prod: 0.036549, t_ads: 114.0, t_des: 98.7, bed_util_ads: 0.496, bed_util_des: 0.496, des_th: 0.4962129735505876,frac_lost: 0.103, li_recovered:  7.772, time: 0.00446295499932603
L: 0.50, u_super: 0.00990, sec: 4973.628, prod: 0.026037, t_ads: 19.8, t_des: 317.4, bed_util_ads: 0.191, bed_util_des: 0.189, des_th: 0.18878183957165695,frac_lost: 0.103, li_recovered:  8.778, time: 0.03303824300019187
L: 36.70, u_super: 0.00821 — INFEASIBLE (li_recovered=0.000e+00), time: 0.0012083999990863958
L: 0.50, u_super: 0.00780, sec: 443.810, prod: 0.176133, t_ads: 25.2, t_des: 22.8, bed_util_ads: 0.499, bed_util_des: 0.499, des_th: 0.4987436848117342,frac_lost: 0.109, li_recovered:  8.445, time: 0.005194899998969049
L: 0.50, u_super: 0.00872, sec: 522.458, prod: 0.189570, t_ads: 22.4, t_des: 23.5, bed_util_ads: 0.481, bed_util_des: 0.480, des_th: 0.48038542258047057,frac_lost: 0.105, li_recovered:  8.697, time: 0.004254867999406997
L: 25.71, u_super: 0.00260 — INFEASIBLE (li_recovered=0.000e+00), time: 0.0010005980002461001
L: 0.50, u_super: 0.00424, sec: 231.279, prod: 0.095404, t_ads: 45.8, t_des: 41.9, bed_util_ads: 0.496, bed_util_des: 0.496, des_th: 0.4957760650132887,frac_lost: 0.105, li_recovered:  8.371, time: 0.006303199999820208
L: 0.50, u_super: 0.00105 — INFEASIBLE (li_recovered=0.000e+00), time: 0.0023910579984658398
L: 0.50, u_super: 0.00557, sec: 333.819, prod: 0.115946, t_ads: 34.9, t_des: 39.9, bed_util_ads: 0.470, bed_util_des: 0.469, des_th: 0.46899122599260534,frac_lost: 0.102, li_recovered:  8.667, time: 0.005847148999237106
L: 0.50, u_super: 0.00285, sec: 153.996, prod: 0.063396, t_ads: 67.7, t_des: 59.5, bed_util_ads: 0.500, bed_util_des: 0.499, des_th: 0.4993927784341013,frac_lost: 0.102, li_recovered:  8.062, time: 0.0048469890007254435
L: 0.50, u_super: 0.00983, sec: 572.632, prod: 0.222935, t_ads: 19.9, t_des: 18.0, bed_util_ads: 0.500, bed_util_des: 0.500, des_th: 0.4997071833059649,frac_lost: 0.105, li_recovered:  8.446, time: 0.008962897998571862
L: 19.48, u_super: 0.00005 — INFEASIBLE (li_recovered=0.000e+00), time: 0.00121858900092775
L: 0.50, u_super: 0.00319, sec: 176.260, prod: 0.069686, t_ads: 60.9, t_des: 61.8, bed_util_ads: 0.482, bed_util_des: 0.481, des_th: 0.4814993318438224,frac_lost: 0.106, li_recovered:  8.552, time: 0.004557823998766253
L: 0.50, u_super: 0.00970, sec: 563.991, prod: 0.220052, t_ads: 20.1, t_des: 18.0, bed_util_ads: 0.500, bed_util_des: 0.500, des_th: 0.4999105146832505,frac_lost: 0.104, li_recovered:  8.393, time: 0.006483158998889849
L: 9.35, u_super: 0.00591 — INFEASIBLE (li_recovered=0.000e+00), time: 0.004149544000028982
L: 0.50, u_super: 0.00880, sec: 506.250, prod: 0.199318, t_ads: 22.2, t_des: 20.1, bed_util_ads: 0.500, bed_util_des: 0.499, des_th: 0.4994983061641411,frac_lost: 0.106, li_recovered:  8.443, time: 0.005791346999103553
L: 2.92, u_super: 0.00400 — INFEASIBLE (li_recovered=0.000e+00), time: 0.004433770998730324
L: 0.50, u_super: 0.00133, sec: 71.536, prod: 0.028941, t_ads: 142.7, t_des: 129.7, bed_util_ads: 0.488, bed_util_des: 0.488, des_th: 0.4877136378869785,frac_lost: 0.100, li_recovered:  7.886, time: 0.01172802100154513
L: 0.50, u_super: 0.00691, sec: 388.928, prod: 0.156006, t_ads: 28.3, t_des: 26.0, bed_util_ads: 0.497, bed_util_des: 0.497, des_th: 0.49729072443688094,frac_lost: 0.107, li_recovered:  8.478, time: 0.00826665999920806
L: 0.50, u_super: 0.00934, sec: 541.014, prod: 0.211724, t_ads: 20.9, t_des: 18.9, bed_util_ads: 0.500, bed_util_des: 0.500, des_th: 0.4998580103234008,frac_lost: 0.106, li_recovered:  8.439, time: 0.007891130000643898
L: 15.34, u_super: 0.00366 — INFEASIBLE (li_recovered=0.000e+00), time: 0.0020571630011545494
L: 0.50, u_super: 0.00365, sec: 198.526, prod: 0.081702, t_ads: 52.9, t_des: 46.4, bed_util_ads: 0.500, bed_util_des: 0.500, des_th: 0.4996385855696844,frac_lost: 0.101, li_recovered:  8.111, time: 0.00752142700002878
L: 0.50, u_super: 0.00716, sec: 404.742, prod: 0.161424, t_ads: 27.4, t_des: 25.4, bed_util_ads: 0.496, bed_util_des: 0.496, des_th: 0.4962537310694075,frac_lost: 0.108, li_recovered:  8.519, time: 0.004553574000965455
   623 |    24920 |     40 |  0.0038933163 |             f
L: 0.50, u_super: 0.00724, sec: 408.164, prod: 0.164074, t_ads: 26.8, t_des: 24.0, bed_util_ads: 0.500, bed_util_des: 0.500, des_th: 0.4995148926494483,frac_lost: 0.100, li_recovered:  8.330, time: 0.004997017000277992
L: 0.50, u_super: 0.00906, sec: 534.067, prod: 0.201014, t_ads: 21.5, t_des: 21.6, bed_util_ads: 0.486, bed_util_des: 0.486, des_th: 0.4860463203366245,frac_lost: 0.103, li_recovered:  8.673, time: 0.005155796001417912
L: 0.50, u_super: 0.00743, sec: 419.236, prod: 0.168540, t_ads: 26.1, t_des: 23.9, bed_util_ads: 0.497, bed_util_des: 0.497, des_th: 0.49723503995898677,frac_lost: 0.100, li_recovered:  8.430, time: 0.003983766000601463
L: 0.50, u_super: 0.00882, sec: 507.847, prod: 0.199592, t_ads: 22.2, t_des: 20.3, bed_util_ads: 0.499, bed_util_des: 0.498, des_th: 0.4983911309080232,frac_lost: 0.107, li_recovered:  8.489, time: 0.0041290079989266815
L: 0.50, u_super: 0.00078 — INFEASIBLE (li_recovered=0.000e+00), time: 0.0031873779989837203
L: 6.91, u_super: 0.00644 — INFEASIBLE (li_recovered=0.000e+00), time: 0.002539446999435313
L: 49.97, u_super: 0.00424 — INFEASIBLE (li_recovered=0.000e+00), time: 0.0011185690000274917
L: 0.50, u_super: 0.00767, sec: 532.794, prod: 0.141664, t_ads: 25.6, t_des: 35.9, bed_util_ads: 0.444, bed_util_des: 0.443, des_th: 0.44309408682364304,frac_lost: 0.107, li_recovered:  8.713, time: 0.004874906000623014
L: 0.50, u_super: 0.00014, sec: 14.427, prod: 0.001603, t_ads: 1346.2, t_des: 3609.0, bed_util_ads: 0.278, bed_util_des: 0.218, des_th: 0.21763307626148268,frac_lost: 0.103, li_recovered:  7.941, time: 0.008396516999710002
L: 0.50, u_super: 0.00551, sec: 304.602, prod: 0.124613, t_ads: 35.2, t_des: 32.2, bed_util_ads: 0.496, bed_util_des: 0.496, des_th: 0.4958432876134206,frac_lost: 0.102, li_recovered:  8.406, time: 0.004360467000878998
L: 0.50, u_super: 0.00916, sec: 529.044, prod: 0.207442, t_ads: 21.4, t_des: 19.4, bed_util_ads: 0.500, bed_util_des: 0.500, des_th: 0.4995390634910861,frac_lost: 0.106, li_recovered:  8.444, time: 0.005411475998698734
L: 0.50, u_super: 0.00767, sec: 435.751, prod: 0.173213, t_ads: 25.6, t_des: 23.2, bed_util_ads: 0.500, bed_util_des: 0.500, des_th: 0.49957351682113316,frac_lost: 0.109, li_recovered:  8.441, time: 0.004222844001560588
L: 0.50, u_super: 0.00880, sec: 506.961, prod: 0.199206, t_ads: 22.3, t_des: 20.2, bed_util_ads: 0.500, bed_util_des: 0.499, des_th: 0.4993927784341013,frac_lost: 0.108, li_recovered:  8.449, time: 0.004314436000640853
L: 0.50, u_super: 0.00607, sec: 337.486, prod: 0.137313, t_ads: 32.0, t_des: 29.3, bed_util_ads: 0.498, bed_util_des: 0.497, des_th: 0.4974799790658949,frac_lost: 0.103, li_recovered:  8.419, time: 0.004571648998535238
L: 5.53, u_super: 0.00444 — INFEASIBLE (li_recovered=0.000e+00), time: 0.002148204999684822
L: 0.50, u_super: 0.00475, sec: 260.314, prod: 0.106971, t_ads: 40.9, t_des: 36.9, bed_util_ads: 0.498, bed_util_des: 0.498, des_th: 0.4979667280449919,frac_lost: 0.104, li_recovered:  8.331, time: 0.006012711999574094
L: 4.14, u_super: 0.00005 — INFEASIBLE (li_recovered=0.000e+00), time: 0.001392558000588906
L: 0.50, u_super: 0.00970, sec: 563.912, prod: 0.220083, t_ads: 20.1, t_des: 18.3, bed_util_ads: 0.500, bed_util_des: 0.500, des_th: 0.4997071833059649,frac_lost: 0.104, li_recovered:  8.446, time: 0.0043988480010739295
L: 0.50, u_super: 0.00517, sec: 284.321, prod: 0.116719, t_ads: 37.5, t_des: 34.4, bed_util_ads: 0.496, bed_util_des: 0.496, des_th: 0.49578581474507716,frac_lost: 0.102, li_recovered:  8.401, time: 0.004467881999516976
L: 0.50, u_super: 0.00256, sec: 138.724, prod: 0.056719, t_ads: 75.2, t_des: 65.3, bed_util_ads: 0.500, bed_util_des: 0.499, des_th: 0.49951049071149023,frac_lost: 0.103, li_recovered:  7.967, time: 0.004012191000583698
L: 0.50, u_super: 0.00607, sec: 361.841, prod: 0.128071, t_ads: 32.2, t_des: 35.5, bed_util_ads: 0.474, bed_util_des: 0.473, des_th: 0.4731038523772571,frac_lost: 0.107, li_recovered:  8.680, time: 0.004474368000956019
L: 5.79, u_super: 0.00532 — INFEASIBLE (li_recovered=0.000e+00), time: 0.00426091000008455
L: 0.50, u_super: 0.00503, sec: 304.541, prod: 0.102855, t_ads: 38.6, t_des: 45.6, bed_util_ads: 0.464, bed_util_des: 0.463, des_th: 0.4631162091213677,frac_lost: 0.101, li_recovered:  8.656, time: 0.0058392789997014916
L: 0.50, u_super: 0.00457, sec: 250.131, prod: 0.102909, t_ads: 42.5, t_des: 38.5, bed_util_ads: 0.498, bed_util_des: 0.498, des_th: 0.49772212370703534,frac_lost: 0.105, li_recovered:  8.336, time: 0.00485073300114891
L: 0.50, u_super: 0.00875, sec: 503.466, prod: 0.198256, t_ads: 22.3, t_des: 20.3, bed_util_ads: 0.500, bed_util_des: 0.499, des_th: 0.49948595949174257,frac_lost: 0.106, li_recovered:  8.447, time: 0.004969812000126694
L: 0.50, u_super: 0.00716, sec: 404.742, prod: 0.161424, t_ads: 27.4, t_des: 25.4, bed_util_ads: 0.496, bed_util_des: 0.496, des_th: 0.4962537310694075,frac_lost: 0.108, li_recovered:  8.519, time: 0.004275465000318945
L: 0.50, u_super: 0.00354, sec: 192.579, prod: 0.079270, t_ads: 54.9, t_des: 48.6, bed_util_ads: 0.500, bed_util_des: 0.500, des_th: 0.4996385855696844,frac_lost: 0.107, li_recovered:  8.200, time: 0.005942626999967615
L: 0.50, u_super: 0.00256, sec: 137.792, prod: 0.056918, t_ads: 75.3, t_des: 67.0, bed_util_ads: 0.498, bed_util_des: 0.497, des_th: 0.49746961906702614,frac_lost: 0.103, li_recovered:  8.100, time: 0.006061897000108729
L: 0.50, u_super: 0.00294, sec: 159.053, prod: 0.065624, t_ads: 65.4, t_des: 57.7, bed_util_ads: 0.499, bed_util_des: 0.499, des_th: 0.49903776301947694,frac_lost: 0.101, li_recovered:  8.077, time: 0.004376410999611835
L: 0.50, u_super: 0.00260, sec: 140.009, prod: 0.057976, t_ads: 74.2, t_des: 69.9, bed_util_ads: 0.489, bed_util_des: 0.489, des_th: 0.4887417712754338,frac_lost: 0.103, li_recovered:  8.352, time: 0.004486494999582646
L: 0.81, u_super: 0.00280, sec: 246.076, prod: 0.061779, t_ads: 110.4, t_des: 101.5, bed_util_ads: 0.490, bed_util_des: 0.489, des_th: 0.48911224578103785,frac_lost: 0.103, li_recovered:  13.089, time: 0.004502458999922965
L: 0.50, u_super: 0.00581, sec: 321.998, prod: 0.131420, t_ads: 33.4, t_des: 30.3, bed_util_ads: 0.498, bed_util_des: 0.497, des_th: 0.49746961906702614,frac_lost: 0.102, li_recovered:  8.376, time: 0.004316302000006544
L: 0.50, u_super: 0.00533, sec: 293.938, prod: 0.120356, t_ads: 36.4, t_des: 32.9, bed_util_ads: 0.499, bed_util_des: 0.498, des_th: 0.49846546170695444,frac_lost: 0.103, li_recovered:  8.344, time: 0.0038480729999719188
L: 0.50, u_super: 0.00946, sec: 750.501, prod: 0.156540, t_ads: 20.6, t_des: 35.1, bed_util_ads: 0.421, bed_util_des: 0.420, des_th: 0.42015150857454936,frac_lost: 0.103, li_recovered:  8.727, time: 0.006540750999192824
L: 0.50, u_super: 0.00922, sec: 532.608, prod: 0.208881, t_ads: 21.2, t_des: 19.4, bed_util_ads: 0.497, bed_util_des: 0.497, des_th: 0.4973414659462107,frac_lost: 0.104, li_recovered:  8.487, time: 0.004469850999157643
L: 0.50, u_super: 0.00049, sec: 29.431, prod: 0.009515, t_ads: 366.2, t_des: 310.4, bed_util_ads: 0.475, bed_util_des: 0.474, des_th: 0.4745468759238584,frac_lost: 0.105, li_recovered:  6.437, time: 0.006482679998953245
L: 0.50, u_super: 0.00599, sec: 332.430, prod: 0.135416, t_ads: 32.4, t_des: 29.7, bed_util_ads: 0.498, bed_util_des: 0.497, des_th: 0.4974799790658949,frac_lost: 0.102, li_recovered:  8.412, time: 0.005230641001617187
L: 0.50, u_super: 0.00425, sec: 232.941, prod: 0.095059, t_ads: 45.8, t_des: 43.7, bed_util_ads: 0.490, bed_util_des: 0.490, des_th: 0.48998058755620744,frac_lost: 0.105, li_recovered:  8.512, time: 0.006449876000260701
L: 0.50, u_super: 0.00813, sec: 464.108, prod: 0.183975, t_ads: 24.1, t_des: 21.8, bed_util_ads: 0.499, bed_util_des: 0.499, des_th: 0.4988132208889506,frac_lost: 0.106, li_recovered:  8.437, time: 0.0057814169995253906
L: 0.50, u_super: 0.00152, sec: 84.191, prod: 0.032384, t_ads: 124.9, t_des: 103.4, bed_util_ads: 0.500, bed_util_des: 0.500, des_th: 0.49974100988265896,frac_lost: 0.100, li_recovered:  7.394, time: 0.004852378999203211
   624 |    24960 |     40 |  0.0023591554 |             f
L: 0.50, u_super: 0.00206, sec: 111.780, prod: 0.045387, t_ads: 93.6, t_des: 81.4, bed_util_ads: 0.498, bed_util_des: 0.497, des_th: 0.4974521403241442,frac_lost: 0.108, li_recovered:  7.943, time: 0.004195621000690153
L: 0.50, u_super: 0.00494, sec: 271.733, prod: 0.111133, t_ads: 39.4, t_des: 35.1, bed_util_ads: 0.500, bed_util_des: 0.500, des_th: 0.49984067467280696,frac_lost: 0.105, li_recovered:  8.277, time: 0.005341924001186271
L: 0.50, u_super: 0.00828, sec: 473.378, prod: 0.187256, t_ads: 23.6, t_des: 21.7, bed_util_ads: 0.497, bed_util_des: 0.497, des_th: 0.49728996540079035,frac_lost: 0.106, li_recovered:  8.486, time: 0.004931534000206739
L: 3.54, u_super: 0.00714 — INFEASIBLE (li_recovered=0.000e+00), time: 0.0024792650001472794
L: 0.50, u_super: 0.00424, sec: 231.527, prod: 0.095302, t_ads: 45.8, t_des: 40.9, bed_util_ads: 0.500, bed_util_des: 0.500, des_th: 0.49962808920761936,frac_lost: 0.105, li_recovered:  8.269, time: 0.0065191379999305354
L: 0.50, u_super: 0.00526, sec: 317.223, prod: 0.108333, t_ads: 36.9, t_des: 43.0, bed_util_ads: 0.466, bed_util_des: 0.465, des_th: 0.4652428938329125,frac_lost: 0.101, li_recovered:  8.660, time: 0.006181220000144094
L: 33.58, u_super: 0.00952 — INFEASIBLE (li_recovered=0.000e+00), time: 0.0017338119996566093
L: 0.50, u_super: 0.00551, sec: 304.671, prod: 0.124585, t_ads: 35.2, t_des: 32.3, bed_util_ads: 0.496, bed_util_des: 0.496, des_th: 0.49583889617876886,frac_lost: 0.103, li_recovered:  8.408, time: 0.0049922879989026114
L: 0.50, u_super: 0.00970, sec: 563.844, prod: 0.220109, t_ads: 20.1, t_des: 18.1, bed_util_ads: 0.500, bed_util_des: 0.500, des_th: 0.49970333345964774,frac_lost: 0.103, li_recovered:  8.400, time: 0.006183760000567418
L: 0.50, u_super: 0.00112 — INFEASIBLE (li_recovered=0.000e+00), time: 0.003881523998643388
L: 0.50, u_super: 0.00050, sec: 29.386, prod: 0.009774, t_ads: 361.8, t_des: 315.0, bed_util_ads: 0.472, bed_util_des: 0.471, des_th: 0.4716363102751981,frac_lost: 0.104, li_recovered:  6.615, time: 0.0037441360000229906
L: 0.50, u_super: 0.00294, sec: 158.916, prod: 0.065606, t_ads: 65.7, t_des: 62.6, bed_util_ads: 0.488, bed_util_des: 0.488, des_th: 0.4879748152120615,frac_lost: 0.103, li_recovered:  8.417, time: 0.005485424999278621
L: 0.50, u_super: 0.00753, sec: 426.242, prod: 0.170718, t_ads: 25.8, t_des: 23.3, bed_util_ads: 0.499, bed_util_des: 0.499, des_th: 0.4987436848117342,frac_lost: 0.102, li_recovered:  8.384, time: 0.0040773720011202386
L: 0.50, u_super: 0.00797, sec: 452.827, prod: 0.180800, t_ads: 24.3, t_des: 22.6, bed_util_ads: 0.496, bed_util_des: 0.496, des_th: 0.49591233525638295,frac_lost: 0.100, li_recovered:  8.481, time: 0.006538659999932861
L: 0.50, u_super: 0.00536, sec: 312.788, prod: 0.114291, t_ads: 36.2, t_des: 39.5, bed_util_ads: 0.475, bed_util_des: 0.475, des_th: 0.47483302643529607,frac_lost: 0.102, li_recovered:  8.657, time: 0.004700063000200316
L: 0.50, u_super: 0.00138, sec: 74.618, prod: 0.030178, t_ads: 138.4, t_des: 126.2, bed_util_ads: 0.488, bed_util_des: 0.488, des_th: 0.4877136378869785,frac_lost: 0.107, li_recovered:  7.984, time: 0.003996153998741647
L: 0.50, u_super: 0.00611, sec: 340.449, prod: 0.138223, t_ads: 31.8, t_des: 28.4, bed_util_ads: 0.499, bed_util_des: 0.499, des_th: 0.4991069582877984,frac_lost: 0.102, li_recovered:  8.317, time: 0.004799910999281565
L: 0.50, u_super: 0.00644, sec: 359.520, prod: 0.145955, t_ads: 30.1, t_des: 27.5, bed_util_ads: 0.498, bed_util_des: 0.497, des_th: 0.497471035185516,frac_lost: 0.101, li_recovered:  8.412, time: 0.004925855999317719
L: 0.50, u_super: 0.00984, sec: 575.132, prod: 0.222493, t_ads: 19.9, t_des: 18.7, bed_util_ads: 0.495, bed_util_des: 0.495, des_th: 0.49467326017885216,frac_lost: 0.105, li_recovered:  8.571, time: 0.006525986000269768
L: 0.50, u_super: 0.00881, sec: 507.130, prod: 0.199651, t_ads: 22.2, t_des: 20.1, bed_util_ads: 0.499, bed_util_des: 0.499, des_th: 0.49927644693902923,frac_lost: 0.106, li_recovered:  8.446, time: 0.004518009000094025
L: 75.02, u_super: 0.00693 — INFEASIBLE (li_recovered=0.000e+00), time: 0.001070362000973546
L: 0.50, u_super: 0.00458, sec: 250.836, prod: 0.103306, t_ads: 42.3, t_des: 38.3, bed_util_ads: 0.498, bed_util_des: 0.498, des_th: 0.49772212370703534,frac_lost: 0.103, li_recovered:  8.331, time: 0.00557216699962737
L: 0.50, u_super: 0.00365, sec: 198.103, prod: 0.081876, t_ads: 53.3, t_des: 48.3, bed_util_ads: 0.496, bed_util_des: 0.496, des_th: 0.49578263660762734,frac_lost: 0.106, li_recovered:  8.320, time: 0.005380368000260205
L: 0.50, u_super: 0.00005, sec: 4.604, prod: 0.000639, t_ads: 2881.2, t_des: 4207.2, bed_util_ads: 0.256, bed_util_des: 0.214, des_th: 0.21379241501950694,frac_lost: 0.101, li_recovered:  4.531, time: 0.007728984001005301
L: 0.50, u_super: 0.00779, sec: 443.295, prod: 0.176017, t_ads: 25.2, t_des: 22.8, bed_util_ads: 0.500, bed_util_des: 0.500, des_th: 0.4995390634910861,frac_lost: 0.109, li_recovered:  8.444, time: 0.007515868999689701
L: 0.50, u_super: 0.00767, sec: 477.121, prod: 0.158194, t_ads: 25.5, t_des: 29.5, bed_util_ads: 0.468, bed_util_des: 0.468, des_th: 0.46801462394682564,frac_lost: 0.107, li_recovered:  8.703, time: 0.006012321000525844
L: 0.50, u_super: 0.00990, sec: 576.661, prod: 0.224560, t_ads: 19.7, t_des: 17.9, bed_util_ads: 0.500, bed_util_des: 0.499, des_th: 0.49942185756296426,frac_lost: 0.104, li_recovered:  8.449, time: 0.004614408999259467
L: 0.50, u_super: 0.00157, sec: 85.469, prod: 0.034073, t_ads: 122.2, t_des: 105.4, bed_util_ads: 0.496, bed_util_des: 0.496, des_th: 0.4958432876134206,frac_lost: 0.107, li_recovered:  7.757, time: 0.00524932200096373
L: 0.50, u_super: 0.00018, sec: 21.254, prod: 0.001851, t_ads: 1047.9, t_des: 3402.8, bed_util_ads: 0.274, bed_util_des: 0.217, des_th: 0.21763307626148268,frac_lost: 0.102, li_recovered:  8.236, time: 0.009988280000470695
L: 0.50, u_super: 0.00900, sec: 518.885, prod: 0.203804, t_ads: 21.7, t_des: 19.7, bed_util_ads: 0.500, bed_util_des: 0.500, des_th: 0.4996520166030131,frac_lost: 0.106, li_recovered:  8.443, time: 0.008107355000902317
L: 0.50, u_super: 0.00005, sec: 4.332, prod: 0.000668, t_ads: 3399.4, t_des: 5772.9, bed_util_ads: 0.251, bed_util_des: 0.185, des_th: 0.1851696623157332,frac_lost: 0.100, li_recovered:  6.129, time: 0.008139669998854515
L: 10.63, u_super: 0.00424 — INFEASIBLE (li_recovered=0.000e+00), time: 0.0016905850006878609
L: 0.50, u_super: 0.00208, sec: 118.008, prod: 0.043594, t_ads: 92.8, t_des: 101.8, bed_util_ads: 0.468, bed_util_des: 0.467, des_th: 0.4668257202294243,frac_lost: 0.105, li_recovered:  8.484, time: 0.004970966998371296
L: 0.50, u_super: 0.00290, sec: 156.907, prod: 0.064465, t_ads: 66.7, t_des: 64.3, bed_util_ads: 0.487, bed_util_des: 0.487, des_th: 0.4868651524651944,frac_lost: 0.103, li_recovered:  8.444, time: 0.005096105000120588
L: 0.50, u_super: 0.00829, sec: 481.154, prod: 0.185107, t_ads: 23.6, t_des: 23.1, bed_util_ads: 0.488, bed_util_des: 0.488, des_th: 0.4881374802014912,frac_lost: 0.106, li_recovered:  8.646, time: 0.004790967001099489
L: 0.50, u_super: 0.00567, sec: 314.103, prod: 0.128254, t_ads: 34.2, t_des: 31.1, bed_util_ads: 0.498, bed_util_des: 0.497, des_th: 0.49746961906702614,frac_lost: 0.103, li_recovered:  8.374, time: 0.006360481000228901
L: 0.50, u_super: 0.00715, sec: 402.430, prod: 0.162170, t_ads: 27.1, t_des: 25.1, bed_util_ads: 0.496, bed_util_des: 0.496, des_th: 0.4962537310694075,frac_lost: 0.100, li_recovered:  8.470, time: 0.007915231999504613
L: 3.26, u_super: 0.00005 — INFEASIBLE (li_recovered=0.000e+00), time: 0.0014709040005982388
L: 0.50, u_super: 0.00365, sec: 198.906, prod: 0.081721, t_ads: 53.3, t_des: 47.0, bed_util_ads: 0.500, bed_util_des: 0.500, des_th: 0.49995414484775863,frac_lost: 0.107, li_recovered:  8.192, time: 0.004636383000615751
L: 0.50, u_super: 0.00970, sec: 564.009, prod: 0.220045, t_ads: 20.1, t_des: 18.2, bed_util_ads: 0.500, bed_util_des: 0.500, des_th: 0.4997176219450745,frac_lost: 0.105, li_recovered:  8.444, time: 0.004154734999247012
   625 |    25000 |     40 |  0.0044642274 |             f
L: 0.50, u_super: 0.00049, sec: 28.348, prod: 0.009878, t_ads: 366.2, t_des: 340.9, bed_util_ads: 0.465, bed_util_des: 0.463, des_th: 0.4629870740112471,frac_lost: 0.102, li_recovered:  6.985, time: 0.004627532000085921
L: 0.50, u_super: 0.00424, sec: 231.279, prod: 0.095404, t_ads: 45.8, t_des: 41.9, bed_util_ads: 0.496, bed_util_des: 0.496, des_th: 0.4957760650132887,frac_lost: 0.105, li_recovered:  8.371, time: 0.0052055790001759306
L: 0.50, u_super: 0.00133, sec: 71.536, prod: 0.028941, t_ads: 142.7, t_des: 129.7, bed_util_ads: 0.488, bed_util_des: 0.488, des_th: 0.4877136378869785,frac_lost: 0.100, li_recovered:  7.886, time: 0.004391418000523117
L: 0.50, u_super: 0.00903, sec: 528.197, prod: 0.201547, t_ads: 21.6, t_des: 21.3, bed_util_ads: 0.489, bed_util_des: 0.489, des_th: 0.4885967238280214,frac_lost: 0.105, li_recovered:  8.653, time: 0.006440850000217324
L: 1.65, u_super: 0.00611, sec: 1170.530, prod: 0.132637, t_ads: 103.0, t_des: 86.8, bed_util_ads: 0.500, bed_util_des: 0.500, des_th: 0.4997265028952678,frac_lost: 0.101, li_recovered:  25.172, time: 0.008320669998283847
L: 0.50, u_super: 0.00982, sec: 715.512, prod: 0.177933, t_ads: 19.9, t_des: 29.2, bed_util_ads: 0.439, bed_util_des: 0.438, des_th: 0.4384694008668034,frac_lost: 0.103, li_recovered:  8.724, time: 0.007133373999749892
L: 26.53, u_super: 0.00961 — INFEASIBLE (li_recovered=0.000e+00), time: 0.003066665998630924
L: 0.50, u_super: 0.00078, sec: 43.962, prod: 0.016007, t_ads: 241.9, t_des: 257.0, bed_util_ads: 0.459, bed_util_des: 0.456, des_th: 0.4558787627743998,frac_lost: 0.105, li_recovered:  7.987, time: 0.00887086900002032
L: 14.16, u_super: 0.00365 — INFEASIBLE (li_recovered=0.000e+00), time: 0.0026125790009245975
L: 0.50, u_super: 0.00576, sec: 318.894, prod: 0.130192, t_ads: 33.7, t_des: 30.9, bed_util_ads: 0.498, bed_util_des: 0.497, des_th: 0.49747085435446026,frac_lost: 0.102, li_recovered:  8.413, time: 0.006774157000108971
L: 18.58, u_super: 0.00015, sec: 2371.569, prod: 0.000434, t_ads: 16498.1, t_des: 6923.8, bed_util_ads: 0.111, bed_util_des: 0.100, des_th: 0.09978812771502664,frac_lost: 0.101, li_recovered:  10.167, time: 0.004202710999379633
L: 0.50, u_super: 0.00796, sec: 453.814, prod: 0.179994, t_ads: 24.6, t_des: 22.1, bed_util_ads: 0.500, bed_util_des: 0.500, des_th: 0.49975457122742234,frac_lost: 0.107, li_recovered:  8.398, time: 0.01209313899926201
L: 3.92, u_super: 0.00874 — INFEASIBLE (li_recovered=0.000e+00), time: 0.005266382000627345
L: 0.50, u_super: 0.00365, sec: 198.258, prod: 0.081812, t_ads: 53.4, t_des: 48.8, bed_util_ads: 0.496, bed_util_des: 0.496, des_th: 0.49579460462359154,frac_lost: 0.108, li_recovered:  8.357, time: 0.008148998000251595
L: 0.50, u_super: 0.00692, sec: 432.672, prod: 0.140669, t_ads: 28.1, t_des: 33.7, bed_util_ads: 0.463, bed_util_des: 0.462, des_th: 0.4624652584913065,frac_lost: 0.100, li_recovered:  8.688, time: 0.007460632999936934
L: 4.25, u_super: 0.00199 — INFEASIBLE (li_recovered=0.000e+00), time: 0.0037981559999025194
L: 0.50, u_super: 0.00188, sec: 102.587, prod: 0.041128, t_ads: 101.4, t_des: 86.7, bed_util_ads: 0.499, bed_util_des: 0.499, des_th: 0.49918745475616766,frac_lost: 0.101, li_recovered:  7.735, time: 0.008137220998833072
L: 0.50, u_super: 0.00367, sec: 200.992, prod: 0.081653, t_ads: 53.0, t_des: 51.4, bed_util_ads: 0.489, bed_util_des: 0.488, des_th: 0.4882774905949681,frac_lost: 0.106, li_recovered:  8.522, time: 0.007275828000274487
L: 0.50, u_super: 0.00976, sec: 663.550, prod: 0.189401, t_ads: 20.0, t_des: 26.1, bed_util_ads: 0.453, bed_util_des: 0.452, des_th: 0.45230035456881507,frac_lost: 0.102, li_recovered:  8.718, time: 0.007680646998778684
L: 16.36, u_super: 0.00828 — INFEASIBLE (li_recovered=0.000e+00), time: 0.0024506739991920767
L: 8.64, u_super: 0.00005 — INFEASIBLE (li_recovered=0.000e+00), time: 0.0011529269995662617
L: 0.50, u_super: 0.00331, sec: 179.880, prod: 0.073995, t_ads: 58.7, t_des: 51.8, bed_util_ads: 0.499, bed_util_des: 0.499, des_th: 0.4991663123483954,frac_lost: 0.107, li_recovered:  8.173, time: 0.005561149000641308
L: 0.50, u_super: 0.00869, sec: 499.129, prod: 0.196671, t_ads: 22.5, t_des: 20.4, bed_util_ads: 0.499, bed_util_des: 0.499, des_th: 0.49908378795470304,frac_lost: 0.106, li_recovered:  8.450, time: 0.005111325999678229
L: 0.50, u_super: 0.00818, sec: 467.588, prod: 0.185061, t_ads: 23.9, t_des: 21.4, bed_util_ads: 0.500, bed_util_des: 0.500, des_th: 0.49983384014318394,frac_lost: 0.107, li_recovered:  8.386, time: 0.00714827799856721
L: 0.50, u_super: 0.00644, sec: 359.775, prod: 0.145852, t_ads: 30.1, t_des: 26.9, bed_util_ads: 0.500, bed_util_des: 0.500, des_th: 0.4998284821142577,frac_lost: 0.100, li_recovered:  8.316, time: 0.006630271998801618
L: 0.50, u_super: 0.00258, sec: 139.691, prod: 0.057090, t_ads: 74.8, t_des: 65.0, bed_util_ads: 0.500, bed_util_des: 0.500, des_th: 0.4996254998094326,frac_lost: 0.104, li_recovered:  7.982, time: 0.007372500998826581
L: 0.50, u_super: 0.00829, sec: 474.562, prod: 0.187679, t_ads: 23.6, t_des: 21.2, bed_util_ads: 0.500, bed_util_des: 0.500, des_th: 0.4999275041953291,frac_lost: 0.106, li_recovered:  8.397, time: 0.007629499999893596
L: 0.50, u_super: 0.00721, sec: 422.642, prod: 0.157200, t_ads: 27.1, t_des: 28.1, bed_util_ads: 0.482, bed_util_des: 0.481, des_th: 0.48130829974147316,frac_lost: 0.107, li_recovered:  8.681, time: 0.006775562000257196
L: 0.50, u_super: 0.00645, sec: 360.337, prod: 0.146033, t_ads: 30.1, t_des: 27.9, bed_util_ads: 0.496, bed_util_des: 0.496, des_th: 0.495548056388418,frac_lost: 0.102, li_recovered:  8.465, time: 0.005840458999955445
L: 0.50, u_super: 0.00425, sec: 232.190, prod: 0.095538, t_ads: 45.7, t_des: 40.8, bed_util_ads: 0.500, bed_util_des: 0.499, des_th: 0.49948595949174257,frac_lost: 0.105, li_recovered:  8.263, time: 0.005133347000082722
L: 0.50, u_super: 0.00970, sec: 594.050, prod: 0.208917, t_ads: 20.1, t_des: 21.6, bed_util_ads: 0.479, bed_util_des: 0.478, des_th: 0.4782309585667226,frac_lost: 0.104, li_recovered:  8.709, time: 0.0048200670007645385
L: 18.78, u_super: 0.00077 — INFEASIBLE (li_recovered=0.000e+00), time: 0.0012932530007674359
L: 0.50, u_super: 0.00524, sec: 288.858, prod: 0.118286, t_ads: 37.1, t_des: 34.0, bed_util_ads: 0.496, bed_util_des: 0.496, des_th: 0.49584521949911475,frac_lost: 0.104, li_recovered:  8.409, time: 0.0043205500005569775
L: 0.50, u_super: 0.00111, sec: 60.865, prod: 0.023899, t_ads: 168.9, t_des: 149.2, bed_util_ads: 0.489, bed_util_des: 0.488, des_th: 0.48807919271101574,frac_lost: 0.100, li_recovered:  7.601, time: 0.00554009900042729
L: 0.50, u_super: 0.00157, sec: 85.469, prod: 0.034073, t_ads: 122.2, t_des: 105.4, bed_util_ads: 0.496, bed_util_des: 0.496, des_th: 0.4958432876134206,frac_lost: 0.107, li_recovered:  7.757, time: 0.006690689000606653
L: 0.50, u_super: 0.00456, sec: 249.585, prod: 0.102502, t_ads: 42.8, t_des: 38.5, bed_util_ads: 0.498, bed_util_des: 0.498, des_th: 0.4980868406319034,frac_lost: 0.106, li_recovered:  8.333, time: 0.004892732000371325
L: 0.50, u_super: 0.00618, sec: 343.858, prod: 0.139705, t_ads: 31.4, t_des: 28.1, bed_util_ads: 0.499, bed_util_des: 0.499, des_th: 0.49909379533939857,frac_lost: 0.101, li_recovered:  8.317, time: 0.008206399999835412
L: 0.50, u_super: 0.00157, sec: 86.652, prod: 0.033608, t_ads: 122.1, t_des: 101.5, bed_util_ads: 0.500, bed_util_des: 0.500, des_th: 0.49992167528924153,frac_lost: 0.107, li_recovered:  7.516, time: 0.005495002000316163
L: 0.50, u_super: 0.00721, sec: 408.184, prod: 0.162557, t_ads: 27.2, t_des: 25.2, bed_util_ads: 0.496, bed_util_des: 0.496, des_th: 0.4959019661080126,frac_lost: 0.109, li_recovered:  8.522, time: 0.006277806000070996
L: 0.50, u_super: 0.00078, sec: 47.682, prod: 0.014758, t_ads: 241.7, t_des: 306.0, bed_util_ads: 0.436, bed_util_des: 0.431, des_th: 0.430812041636501,frac_lost: 0.100, li_recovered:  8.083, time: 0.00722360800136812
   626 |    25040 |     40 |  0.0018371888 |             f
L: 13.82, u_super: 0.00973 — INFEASIBLE (li_recovered=0.000e+00), time: 0.002543466000133776
L: 36.60, u_super: 0.00352 — INFEASIBLE (li_recovered=0.000e+00), time: 0.0010036809999292018
L: 0.50, u_super: 0.00371, sec: 202.053, prod: 0.082976, t_ads: 52.5, t_des: 46.4, bed_util_ads: 0.500, bed_util_des: 0.500, des_th: 0.4997725495243508,frac_lost: 0.108, li_recovered:  8.210, time: 0.0069595740005752305
L: 0.50, u_super: 0.00074, sec: 41.228, prod: 0.015520, t_ads: 250.6, t_des: 255.2, bed_util_ads: 0.464, bed_util_des: 0.461, des_th: 0.46100743367703606,frac_lost: 0.100, li_recovered:  7.849, time: 0.005527041001187172
L: 0.50, u_super: 0.00869, sec: 499.129, prod: 0.196671, t_ads: 22.5, t_des: 20.4, bed_util_ads: 0.499, bed_util_des: 0.499, des_th: 0.49908378795470304,frac_lost: 0.106, li_recovered:  8.450, time: 0.005256400998405297
L: 0.50, u_super: 0.00960, sec: 569.555, prod: 0.212866, t_ads: 20.3, t_des: 20.4, bed_util_ads: 0.487, bed_util_des: 0.487, des_th: 0.4867373963814891,frac_lost: 0.104, li_recovered:  8.678, time: 0.004679105000832351
L: 0.50, u_super: 0.00677, sec: 380.804, prod: 0.152916, t_ads: 28.9, t_des: 26.6, bed_util_ads: 0.497, bed_util_des: 0.497, des_th: 0.49729072443688094,frac_lost: 0.107, li_recovered:  8.478, time: 0.005061768000814482
L: 0.50, u_super: 0.00902, sec: 520.172, prod: 0.204324, t_ads: 21.7, t_des: 19.7, bed_util_ads: 0.500, bed_util_des: 0.500, des_th: 0.4995390634910861,frac_lost: 0.106, li_recovered:  8.450, time: 0.0043085950001113815
L: 0.50, u_super: 0.00072 — INFEASIBLE (li_recovered=0.000e+00), time: 0.0033259400006500073
L: 0.50, u_super: 0.00049 — INFEASIBLE (li_recovered=0.000e+00), time: 0.0040492720017937245
L: 0.50, u_super: 0.00467, sec: 256.162, prod: 0.105091, t_ads: 41.6, t_des: 37.1, bed_util_ads: 0.500, bed_util_des: 0.500, des_th: 0.4999698977449827,frac_lost: 0.104, li_recovered:  8.273, time: 0.007433282000420149
L: 0.50, u_super: 0.00829, sec: 2173.526, prod: 0.040977, t_ads: 23.7, t_des: 190.4, bed_util_ads: 0.250, bed_util_des: 0.248, des_th: 0.247513681987679,frac_lost: 0.106, li_recovered:  8.771, time: 0.02785612899970147
L: 0.50, u_super: 0.00970, sec: 563.844, prod: 0.220109, t_ads: 20.1, t_des: 18.1, bed_util_ads: 0.500, bed_util_des: 0.500, des_th: 0.49970333345964774,frac_lost: 0.103, li_recovered:  8.400, time: 0.008081975000095554
L: 0.50, u_super: 0.00161, sec: 87.364, prod: 0.034993, t_ads: 119.0, t_des: 103.1, bed_util_ads: 0.495, bed_util_des: 0.495, des_th: 0.49515428446568427,frac_lost: 0.104, li_recovered:  7.771, time: 0.010201869001321029
L: 0.50, u_super: 0.00123, sec: 66.452, prod: 0.026723, t_ads: 154.7, t_des: 146.9, bed_util_ads: 0.481, bed_util_des: 0.480, des_th: 0.48003488723138427,frac_lost: 0.104, li_recovered:  8.059, time: 0.007015130999207031
L: 0.50, u_super: 0.00078, sec: 43.108, prod: 0.016324, t_ads: 239.6, t_des: 243.7, bed_util_ads: 0.465, bed_util_des: 0.462, des_th: 0.4622668517218932,frac_lost: 0.100, li_recovered:  7.889, time: 0.00626084099894797
L: 0.50, u_super: 0.00007 — INFEASIBLE (li_recovered=0.000e+00), time: 0.0015849020001041936
L: 0.50, u_super: 0.00798, sec: 453.795, prod: 0.180739, t_ads: 24.4, t_des: 22.7, bed_util_ads: 0.496, bed_util_des: 0.496, des_th: 0.49587897577340234,frac_lost: 0.101, li_recovered:  8.511, time: 0.004751160000523669
L: 0.50, u_super: 0.00424, sec: 231.279, prod: 0.095404, t_ads: 45.8, t_des: 41.9, bed_util_ads: 0.496, bed_util_des: 0.496, des_th: 0.4957760650132887,frac_lost: 0.105, li_recovered:  8.371, time: 0.005166351000298164
L: 8.92, u_super: 0.00779 — INFEASIBLE (li_recovered=0.000e+00), time: 0.002310104999196483
L: 0.50, u_super: 0.00651, sec: 363.752, prod: 0.147508, t_ads: 29.8, t_des: 27.7, bed_util_ads: 0.496, bed_util_des: 0.496, des_th: 0.49559186189593163,frac_lost: 0.100, li_recovered:  8.470, time: 0.004753995999635663
L: 0.50, u_super: 0.00494, sec: 271.302, prod: 0.111309, t_ads: 39.4, t_des: 36.0, bed_util_ads: 0.496, bed_util_des: 0.496, des_th: 0.4958985677964474,frac_lost: 0.105, li_recovered:  8.394, time: 0.0065731100003176834
L: 0.50, u_super: 0.00177, sec: 94.662, prod: 0.039048, t_ads: 108.1, t_des: 101.0, bed_util_ads: 0.488, bed_util_des: 0.488, des_th: 0.4877136378869785,frac_lost: 0.101, li_recovered:  8.165, time: 0.004373521000161418
L: 0.50, u_super: 0.00427, sec: 233.088, prod: 0.095852, t_ads: 45.6, t_des: 40.7, bed_util_ads: 0.499, bed_util_des: 0.498, des_th: 0.49851191441972714,frac_lost: 0.105, li_recovered:  8.270, time: 0.004777296999236569
L: 0.50, u_super: 0.00161, sec: 88.367, prod: 0.034686, t_ads: 119.2, t_des: 100.3, bed_util_ads: 0.500, bed_util_des: 0.500, des_th: 0.49965384227021326,frac_lost: 0.107, li_recovered:  7.615, time: 0.0045741159992758185
L: 0.50, u_super: 0.00937, sec: 543.191, prod: 0.212228, t_ads: 20.9, t_des: 18.9, bed_util_ads: 0.500, bed_util_des: 0.500, des_th: 0.4995390634910861,frac_lost: 0.107, li_recovered:  8.448, time: 0.00617477199921268
L: 0.50, u_super: 0.00044, sec: 52.041, prod: 0.004384, t_ads: 434.6, t_des: 1480.6, bed_util_ads: 0.304, bed_util_des: 0.275, des_th: 0.2751677026707509,frac_lost: 0.101, li_recovered:  8.396, time: 0.008934449000662426
L: 0.50, u_super: 0.00452, sec: 272.560, prod: 0.092432, t_ads: 42.9, t_des: 50.6, bed_util_ads: 0.464, bed_util_des: 0.464, des_th: 0.4636058345836403,frac_lost: 0.102, li_recovered:  8.646, time: 0.006660802000624244
L: 0.50, u_super: 0.00913, sec: 733.080, prod: 0.148862, t_ads: 21.4, t_des: 37.3, bed_util_ads: 0.417, bed_util_des: 0.416, des_th: 0.4163822379023021,frac_lost: 0.103, li_recovered:  8.726, time: 0.008762401001149556
L: 0.50, u_super: 0.00523, sec: 288.333, prod: 0.118227, t_ads: 37.1, t_des: 34.0, bed_util_ads: 0.496, bed_util_des: 0.496, des_th: 0.4958312226242221,frac_lost: 0.103, li_recovered:  8.408, time: 0.007423304999974789
L: 9.08, u_super: 0.00018 — INFEASIBLE (li_recovered=0.000e+00), time: 0.0012666850016103126
L: 0.50, u_super: 0.00990, sec: 576.578, prod: 0.224591, t_ads: 19.7, t_des: 18.0, bed_util_ads: 0.500, bed_util_des: 0.499, des_th: 0.49941800771673645,frac_lost: 0.104, li_recovered:  8.464, time: 0.005215396000494366
L: 0.50, u_super: 0.00315, sec: 170.988, prod: 0.070063, t_ads: 61.8, t_des: 59.0, bed_util_ads: 0.489, bed_util_des: 0.489, des_th: 0.48896357069664886,frac_lost: 0.107, li_recovered:  8.461, time: 0.005116518999784603
L: 0.50, u_super: 0.00312, sec: 174.005, prod: 0.067451, t_ads: 62.5, t_des: 64.5, bed_util_ads: 0.480, bed_util_des: 0.479, des_th: 0.4791882854524439,frac_lost: 0.108, li_recovered:  8.566, time: 0.005957228000625037
L: 2.02, u_super: 0.00934, sec: 2300.636, prod: 0.200688, t_ads: 83.2, t_des: 87.5, bed_util_ads: 0.474, bed_util_des: 0.473, des_th: 0.4732774448175044,frac_lost: 0.103, li_recovered:  34.242, time: 0.005332507000275655
L: 0.50, u_super: 0.00726, sec: 3617.384, prod: 0.018623, t_ads: 27.0, t_des: 444.5, bed_util_ads: 0.189, bed_util_des: 0.185, des_th: 0.1851696623157332,frac_lost: 0.102, li_recovered:  8.780, time: 0.04000122300021758
L: 33.27, u_super: 0.00364 — INFEASIBLE (li_recovered=0.000e+00), time: 0.0011787949988502078
L: 0.50, u_super: 0.00168, sec: 91.113, prod: 0.036822, t_ads: 113.8, t_des: 99.6, bed_util_ads: 0.496, bed_util_des: 0.496, des_th: 0.4958432876134206,frac_lost: 0.105, li_recovered:  7.860, time: 0.0041001839999808
L: 0.50, u_super: 0.00691, sec: 387.942, prod: 0.156402, t_ads: 28.1, t_des: 25.1, bed_util_ads: 0.500, bed_util_des: 0.499, des_th: 0.49940255058048655,frac_lost: 0.101, li_recovered:  8.320, time: 0.004100317000848008
L: 0.50, u_super: 0.00582, sec: 322.892, prod: 0.131688, t_ads: 33.3, t_des: 30.9, bed_util_ads: 0.495, bed_util_des: 0.495, des_th: 0.49484103991341644,frac_lost: 0.101, li_recovered:  8.459, time: 0.005038044000684749
   627 |    25080 |     40 |  0.0032142074 |             f
L: 0.50, u_super: 0.00900, sec: 518.462, prod: 0.203970, t_ads: 21.7, t_des: 19.7, bed_util_ads: 0.500, bed_util_des: 0.500, des_th: 0.4996521605307513,frac_lost: 0.104, li_recovered:  8.443, time: 0.004979446999641368
L: 0.50, u_super: 0.00005, sec: 4.332, prod: 0.000668, t_ads: 3399.4, t_des: 5772.9, bed_util_ads: 0.251, bed_util_des: 0.185, des_th: 0.1851696623157332,frac_lost: 0.100, li_recovered:  6.129, time: 0.006292739000855363
L: 0.50, u_super: 0.00232, sec: 125.775, prod: 0.051266, t_ads: 83.1, t_des: 72.2, bed_util_ads: 0.499, bed_util_des: 0.499, des_th: 0.499118730676004,frac_lost: 0.106, li_recovered:  7.961, time: 0.004332589998739422
L: 0.50, u_super: 0.00520, sec: 285.956, prod: 0.117382, t_ads: 37.3, t_des: 34.2, bed_util_ads: 0.496, bed_util_des: 0.496, des_th: 0.4958432876134206,frac_lost: 0.102, li_recovered:  8.399, time: 0.005684309999196557
L: 0.50, u_super: 0.00970, sec: 576.661, prod: 0.215217, t_ads: 20.1, t_des: 20.2, bed_util_ads: 0.486, bed_util_des: 0.486, des_th: 0.4861359640042779,frac_lost: 0.103, li_recovered:  8.679, time: 0.006489910001619137
L: 0.50, u_super: 0.00743, sec: 420.651, prod: 0.167973, t_ads: 26.3, t_des: 23.6, bed_util_ads: 0.500, bed_util_des: 0.499, des_th: 0.49937983199639313,frac_lost: 0.106, li_recovered:  8.388, time: 0.007836168000721955
L: 0.50, u_super: 0.00049 — INFEASIBLE (li_recovered=0.000e+00), time: 0.0030960280000726925
L: 0.50, u_super: 0.00424, sec: 231.588, prod: 0.095277, t_ads: 45.9, t_des: 40.9, bed_util_ads: 0.500, bed_util_des: 0.500, des_th: 0.49981596908590564,frac_lost: 0.105, li_recovered:  8.271, time: 0.0052376709991222015
L: 0.50, u_super: 0.00333, sec: 180.974, prod: 0.074327, t_ads: 58.4, t_des: 51.4, bed_util_ads: 0.500, bed_util_des: 0.500, des_th: 0.49988345943049517,frac_lost: 0.108, li_recovered:  8.167, time: 0.005052676999184769
L: 0.50, u_super: 0.00242, sec: 130.634, prod: 0.053829, t_ads: 79.6, t_des: 70.6, bed_util_ads: 0.496, bed_util_des: 0.496, des_th: 0.4957760650132887,frac_lost: 0.104, li_recovered:  8.085, time: 0.004362391000540811
L: 0.50, u_super: 0.00839, sec: 489.904, prod: 0.186367, t_ads: 23.3, t_des: 23.2, bed_util_ads: 0.488, bed_util_des: 0.488, des_th: 0.4877136378869785,frac_lost: 0.107, li_recovered:  8.664, time: 0.005543093000596855
L: 0.50, u_super: 0.00738, sec: 416.931, prod: 0.167241, t_ads: 26.3, t_des: 23.5, bed_util_ads: 0.500, bed_util_des: 0.500, des_th: 0.49971399039234443,frac_lost: 0.100, li_recovered:  8.319, time: 0.004314358999181422
L: 0.50, u_super: 0.00847, sec: 3710.930, prod: 0.025073, t_ads: 23.1, t_des: 326.9, bed_util_ads: 0.201, bed_util_des: 0.198, des_th: 0.19800430214251655,frac_lost: 0.102, li_recovered:  8.776, time: 0.034531055000115884
L: 0.50, u_super: 0.00494, sec: 271.302, prod: 0.111309, t_ads: 39.4, t_des: 36.0, bed_util_ads: 0.496, bed_util_des: 0.496, des_th: 0.4958985677964474,frac_lost: 0.105, li_recovered:  8.394, time: 0.00433485100074904
L: 50.77, u_super: 0.00708 — INFEASIBLE (li_recovered=0.000e+00), time: 0.0012097399994672742
L: 0.50, u_super: 0.00618, sec: 343.570, prod: 0.139822, t_ads: 31.4, t_des: 28.4, bed_util_ads: 0.499, bed_util_des: 0.499, des_th: 0.49909379533939857,frac_lost: 0.101, li_recovered:  8.366, time: 0.004785443999935524
L: 0.50, u_super: 0.00896, sec: 516.848, prod: 0.202970, t_ads: 21.8, t_des: 19.8, bed_util_ads: 0.500, bed_util_des: 0.499, des_th: 0.4993927871155745,frac_lost: 0.107, li_recovered:  8.448, time: 0.00448624400087283
L: 0.50, u_super: 0.00653, sec: 364.705, prod: 0.147720, t_ads: 29.8, t_des: 26.9, bed_util_ads: 0.499, bed_util_des: 0.499, des_th: 0.4991257904363154,frac_lost: 0.102, li_recovered:  8.373, time: 0.004522167999311932
L: 0.50, u_super: 0.00677, sec: 379.522, prod: 0.153432, t_ads: 28.7, t_des: 26.2, bed_util_ads: 0.497, bed_util_des: 0.497, des_th: 0.4972642633232248,frac_lost: 0.102, li_recovered:  8.420, time: 0.0061588820008182665
L: 13.27, u_super: 0.00748 — INFEASIBLE (li_recovered=0.000e+00), time: 0.002117962001648266
L: 0.50, u_super: 0.00916, sec: 528.921, prod: 0.207490, t_ads: 21.3, t_des: 19.4, bed_util_ads: 0.500, bed_util_des: 0.500, des_th: 0.499538919563348,frac_lost: 0.105, li_recovered:  8.451, time: 0.004148138999880757
L: 0.50, u_super: 0.00797, sec: 453.093, prod: 0.180693, t_ads: 24.3, t_des: 21.8, bed_util_ads: 0.500, bed_util_des: 0.500, des_th: 0.49983384014318394,frac_lost: 0.100, li_recovered:  8.338, time: 0.006118730001617223
L: 5.86, u_super: 0.00990 — INFEASIBLE (li_recovered=0.000e+00), time: 0.002581970999017358
L: 2.53, u_super: 0.00677, sec: 2035.268, prod: 0.144663, t_ads: 141.3, t_des: 119.0, bed_util_ads: 0.497, bed_util_des: 0.497, des_th: 0.49729072443688094,frac_lost: 0.101, li_recovered:  37.657, time: 0.005994328999804566
L: 0.50, u_super: 0.00285, sec: 153.511, prod: 0.063596, t_ads: 67.6, t_des: 60.3, bed_util_ads: 0.497, bed_util_des: 0.497, des_th: 0.49724796008962485,frac_lost: 0.101, li_recovered:  8.134, time: 0.005174985000849119
L: 0.50, u_super: 0.00105, sec: 58.910, prod: 0.022134, t_ads: 179.7, t_des: 189.8, bed_util_ads: 0.466, bed_util_des: 0.463, des_th: 0.46343123436526734,frac_lost: 0.103, li_recovered:  8.180, time: 0.0055708699983370025
L: 0.50, u_super: 0.00818, sec: 466.032, prod: 0.185679, t_ads: 23.7, t_des: 21.9, bed_util_ads: 0.496, bed_util_des: 0.496, des_th: 0.4957745915486232,frac_lost: 0.100, li_recovered:  8.476, time: 0.004615072999513359
L: 0.50, u_super: 0.00369, sec: 201.124, prod: 0.082572, t_ads: 52.8, t_des: 46.5, bed_util_ads: 0.499, bed_util_des: 0.499, des_th: 0.4991663123483954,frac_lost: 0.108, li_recovered:  8.198, time: 0.004863615999056492
L: 2.26, u_super: 0.00467, sec: 1286.941, prod: 0.094872, t_ads: 183.9, t_des: 208.1, bed_util_ads: 0.456, bed_util_des: 0.453, des_th: 0.45314229184298344,frac_lost: 0.104, li_recovered:  37.185, time: 0.006578271999387653
L: 0.50, u_super: 0.00091 — INFEASIBLE (li_recovered=0.000e+00), time: 0.0028736160002154065
L: 0.50, u_super: 0.00974, sec: 566.490, prod: 0.220959, t_ads: 20.0, t_des: 18.4, bed_util_ads: 0.497, bed_util_des: 0.497, des_th: 0.49722273421717755,frac_lost: 0.104, li_recovered:  8.493, time: 0.005754005998824141
L: 0.50, u_super: 0.00181, sec: 99.328, prod: 0.039367, t_ads: 105.1, t_des: 88.8, bed_util_ads: 0.500, bed_util_des: 0.499, des_th: 0.4994332090037381,frac_lost: 0.101, li_recovered:  7.636, time: 0.0044014630002493504
L: 8.85, u_super: 0.00599 — INFEASIBLE (li_recovered=0.000e+00), time: 0.002478585000062594
L: 0.50, u_super: 0.00923, sec: 697.502, prod: 0.160061, t_ads: 21.2, t_des: 33.3, bed_util_ads: 0.430, bed_util_des: 0.430, des_th: 0.4297747266914811,frac_lost: 0.104, li_recovered:  8.725, time: 0.007070159999784664
L: 16.98, u_super: 0.00005 — INFEASIBLE (li_recovered=0.000e+00), time: 0.001204673000756884
L: 0.50, u_super: 0.00329, sec: 178.471, prod: 0.073461, t_ads: 59.1, t_des: 52.2, bed_util_ads: 0.500, bed_util_des: 0.499, des_th: 0.49941799903526324,frac_lost: 0.107, li_recovered:  8.174, time: 0.004487791000428842
L: 0.50, u_super: 0.00767, sec: 437.825, prod: 0.172392, t_ads: 25.5, t_des: 24.3, bed_util_ads: 0.493, bed_util_des: 0.493, des_th: 0.49297639080699857,frac_lost: 0.107, li_recovered:  8.586, time: 0.006604604999665753
L: 0.50, u_super: 0.00618, sec: 344.322, prod: 0.139517, t_ads: 31.5, t_des: 28.1, bed_util_ads: 0.500, bed_util_des: 0.500, des_th: 0.4995729358603266,frac_lost: 0.103, li_recovered:  8.319, time: 0.006181860999276978
L: 0.50, u_super: 0.00105, sec: 57.856, prod: 0.022537, t_ads: 178.7, t_des: 157.3, bed_util_ads: 0.488, bed_util_des: 0.488, des_th: 0.48784484041184084,frac_lost: 0.103, li_recovered:  7.574, time: 0.00702826599990658
L: 0.50, u_super: 0.00878, sec: 504.909, prod: 0.198954, t_ads: 22.2, t_des: 20.2, bed_util_ads: 0.499, bed_util_des: 0.499, des_th: 0.49909216290028474,frac_lost: 0.105, li_recovered:  8.448, time: 0.005765444000644493
   628 |    25120 |     40 |  0.0014107509 |             f
L: 0.50, u_super: 0.00677, sec: 379.578, prod: 0.153308, t_ads: 28.7, t_des: 26.2, bed_util_ads: 0.497, bed_util_des: 0.497, des_th: 0.4972642633232248,frac_lost: 0.103, li_recovered:  8.424, time: 0.005061002000729786
L: 0.50, u_super: 0.00250, sec: 134.654, prod: 0.055623, t_ads: 77.1, t_des: 68.7, bed_util_ads: 0.496, bed_util_des: 0.496, des_th: 0.49578589062919887,frac_lost: 0.103, li_recovered:  8.110, time: 0.004534046998742269
L: 22.97, u_super: 0.00285 — INFEASIBLE (li_recovered=0.000e+00), time: 0.0012276270008442225
L: 0.50, u_super: 0.00966, sec: 561.570, prod: 0.218961, t_ads: 20.2, t_des: 18.3, bed_util_ads: 0.499, bed_util_des: 0.499, des_th: 0.498970358275127,frac_lost: 0.106, li_recovered:  8.447, time: 0.005065344001195626
L: 0.50, u_super: 0.00168, sec: 91.250, prod: 0.036608, t_ads: 113.9, t_des: 98.5, bed_util_ads: 0.496, bed_util_des: 0.496, des_th: 0.4957760650132887,frac_lost: 0.104, li_recovered:  7.776, time: 0.004208436001135851
L: 25.72, u_super: 0.00496 — INFEASIBLE (li_recovered=0.000e+00), time: 0.001876291000371566
L: 0.50, u_super: 0.00805, sec: 459.381, prod: 0.181932, t_ads: 24.3, t_des: 21.8, bed_util_ads: 0.500, bed_util_des: 0.500, des_th: 0.49989357585339106,frac_lost: 0.108, li_recovered:  8.400, time: 0.004354758999397745
L: 0.50, u_super: 0.00005, sec: 4.384, prod: 0.000660, t_ads: 3645.0, t_des: 6938.4, bed_util_ads: 0.245, bed_util_des: 0.165, des_th: 0.16518916725606803,frac_lost: 0.103, li_recovered:  6.989, time: 0.006274391998886131
L: 0.50, u_super: 0.00078, sec: 43.630, prod: 0.016129, t_ads: 242.4, t_des: 251.7, bed_util_ads: 0.463, bed_util_des: 0.460, des_th: 0.46024925287785723,frac_lost: 0.107, li_recovered:  7.969, time: 0.004441877999852295
L: 0.50, u_super: 0.00810, sec: 461.923, prod: 0.183282, t_ads: 24.1, t_des: 21.7, bed_util_ads: 0.500, bed_util_des: 0.500, des_th: 0.4999275041953291,frac_lost: 0.105, li_recovered:  8.391, time: 0.004191617999822483
L: 0.50, u_super: 0.00133, sec: 72.191, prod: 0.028679, t_ads: 144.4, t_des: 142.3, bed_util_ads: 0.478, bed_util_des: 0.476, des_th: 0.47618098721782603,frac_lost: 0.107, li_recovered:  8.220, time: 0.005565292998653604
L: 0.50, u_super: 0.00693, sec: 390.132, prod: 0.156535, t_ads: 28.2, t_des: 25.6, bed_util_ads: 0.499, bed_util_des: 0.499, des_th: 0.49871248093925136,frac_lost: 0.107, li_recovered:  8.431, time: 0.004157479001150932
L: 0.50, u_super: 0.00891, sec: 512.895, prod: 0.201903, t_ads: 21.9, t_des: 19.7, bed_util_ads: 0.500, bed_util_des: 0.500, des_th: 0.49977162593038227,frac_lost: 0.104, li_recovered:  8.400, time: 0.005024244001106126
L: 0.50, u_super: 0.00979, sec: 569.592, prod: 0.222196, t_ads: 19.9, t_des: 18.1, bed_util_ads: 0.500, bed_util_des: 0.499, des_th: 0.49951245949024314,frac_lost: 0.104, li_recovered:  8.444, time: 0.006413775001419708
L: 0.50, u_super: 0.00456, sec: 249.585, prod: 0.102502, t_ads: 42.8, t_des: 38.5, bed_util_ads: 0.498, bed_util_des: 0.498, des_th: 0.4980868406319034,frac_lost: 0.106, li_recovered:  8.333, time: 0.004123710999920149
L: 0.50, u_super: 0.00798, sec: 454.216, prod: 0.180970, t_ads: 24.3, t_des: 21.7, bed_util_ads: 0.500, bed_util_des: 0.500, des_th: 0.4999793485824245,frac_lost: 0.101, li_recovered:  8.330, time: 0.004573070000333246
L: 0.50, u_super: 0.00599, sec: 332.108, prod: 0.135547, t_ads: 32.4, t_des: 29.7, bed_util_ads: 0.498, bed_util_des: 0.497, des_th: 0.49749181647589014,frac_lost: 0.100, li_recovered:  8.407, time: 0.004515962998993928
L: 4.27, u_super: 0.00990 — INFEASIBLE (li_recovered=0.000e+00), time: 0.0024981070000649197
L: 0.50, u_super: 0.00057 — INFEASIBLE (li_recovered=0.000e+00), time: 0.004323246001149528
L: 0.50, u_super: 0.00285, sec: 1530.179, prod: 0.006380, t_ads: 68.7, t_des: 1309.2, bed_util_ads: 0.175, bed_util_des: 0.166, des_th: 0.1658281519718046,frac_lost: 0.100, li_recovered:  8.792, time: 0.03825546900043264
L: 0.50, u_super: 0.00715, sec: 404.390, prod: 0.161485, t_ads: 27.4, t_des: 25.1, bed_util_ads: 0.498, bed_util_des: 0.498, des_th: 0.49798930425944055,frac_lost: 0.109, li_recovered:  8.480, time: 0.004702796000856324
L: 0.50, u_super: 0.00591, sec: 327.861, prod: 0.133688, t_ads: 32.8, t_des: 29.8, bed_util_ads: 0.498, bed_util_des: 0.497, des_th: 0.4974701534499774,frac_lost: 0.101, li_recovered:  8.366, time: 0.00449931699949957
L: 0.50, u_super: 0.00231, sec: 124.458, prod: 0.051429, t_ads: 83.3, t_des: 75.1, bed_util_ads: 0.494, bed_util_des: 0.494, des_th: 0.49403513390046333,frac_lost: 0.105, li_recovered:  8.147, time: 0.004247524999300367
L: 0.50, u_super: 0.00054 — INFEASIBLE (li_recovered=0.000e+00), time: 0.002183717000662
L: 0.50, u_super: 0.00445, sec: 243.525, prod: 0.099869, t_ads: 43.8, t_des: 39.0, bed_util_ads: 0.500, bed_util_des: 0.499, des_th: 0.4994332090037381,frac_lost: 0.107, li_recovered:  8.278, time: 0.0043814600012410665
L: 0.50, u_super: 0.00549, sec: 302.915, prod: 0.124127, t_ads: 35.3, t_des: 32.5, bed_util_ads: 0.496, bed_util_des: 0.496, des_th: 0.4958432876134206,frac_lost: 0.101, li_recovered:  8.419, time: 0.004121783000300638
L: 71.37, u_super: 0.00056 — INFEASIBLE (li_recovered=0.000e+00), time: 0.0005826339984196238
L: 0.50, u_super: 0.00456, sec: 249.534, prod: 0.102523, t_ads: 42.6, t_des: 38.1, bed_util_ads: 0.500, bed_util_des: 0.500, des_th: 0.4996758431506033,frac_lost: 0.104, li_recovered:  8.274, time: 0.0041698400000313995
L: 0.50, u_super: 0.00032, sec: 47.192, prod: 0.002497, t_ads: 617.1, t_des: 2812.3, bed_util_ads: 0.265, bed_util_des: 0.220, des_th: 0.21959958186257023,frac_lost: 0.104, li_recovered:  8.562, time: 0.011543734999577282
L: 0.50, u_super: 0.00133, sec: 71.536, prod: 0.028941, t_ads: 142.7, t_des: 129.7, bed_util_ads: 0.488, bed_util_des: 0.488, des_th: 0.4877136378869785,frac_lost: 0.100, li_recovered:  7.886, time: 0.004072898000231362
L: 0.50, u_super: 0.00105, sec: 57.730, prod: 0.022586, t_ads: 179.9, t_des: 159.6, bed_util_ads: 0.488, bed_util_des: 0.488, des_th: 0.4877383515549137,frac_lost: 0.107, li_recovered:  7.668, time: 0.005023303001507884
L: 8.73, u_super: 0.00494 — INFEASIBLE (li_recovered=0.000e+00), time: 0.0034071669997501886
L: 0.50, u_super: 0.00608, sec: 337.965, prod: 0.137531, t_ads: 31.9, t_des: 28.9, bed_util_ads: 0.499, bed_util_des: 0.499, des_th: 0.49912039934014335,frac_lost: 0.102, li_recovered:  8.374, time: 0.004387979999592062
L: 0.50, u_super: 0.00369, sec: 200.966, prod: 0.082725, t_ads: 52.5, t_des: 46.4, bed_util_ads: 0.500, bed_util_des: 0.500, des_th: 0.4998737559775694,frac_lost: 0.105, li_recovered:  8.189, time: 0.004492718999244971
L: 0.50, u_super: 0.00551, sec: 304.588, prod: 0.124619, t_ads: 35.2, t_des: 32.3, bed_util_ads: 0.496, bed_util_des: 0.496, des_th: 0.4958314502034187,frac_lost: 0.102, li_recovered:  8.407, time: 0.00549378899995645
L: 28.27, u_super: 0.00835 — INFEASIBLE (li_recovered=0.000e+00), time: 0.0018624189997353824
L: 0.50, u_super: 0.00958, sec: 596.287, prod: 0.202537, t_ads: 20.3, t_des: 22.7, bed_util_ads: 0.473, bed_util_des: 0.472, des_th: 0.4724019597694987,frac_lost: 0.102, li_recovered:  8.710, time: 0.00854105300095398
L: 14.05, u_super: 0.00005 — INFEASIBLE (li_recovered=0.000e+00), time: 0.00122404699868639
L: 0.50, u_super: 0.00587, sec: 328.584, prod: 0.131764, t_ads: 33.1, t_des: 32.0, bed_util_ads: 0.489, bed_util_des: 0.489, des_th: 0.48896357069664886,frac_lost: 0.102, li_recovered:  8.577, time: 0.007140734000131488
L: 0.50, u_super: 0.00315, sec: 170.537, prod: 0.070570, t_ads: 61.1, t_des: 54.3, bed_util_ads: 0.498, bed_util_des: 0.497, des_th: 0.49747085435446026,frac_lost: 0.101, li_recovered:  8.147, time: 0.007545510999989347
   629 |    25160 |     40 |  0.0031089533 |             f
L: 0.50, u_super: 0.00456, sec: 260.057, prod: 0.098375, t_ads: 42.6, t_des: 45.1, bed_util_ads: 0.478, bed_util_des: 0.478, des_th: 0.4777116754596017,frac_lost: 0.103, li_recovered:  8.631, time: 0.00712930299960135
L: 20.10, u_super: 0.00105 — INFEASIBLE (li_recovered=0.000e+00), time: 0.001047194000420859
L: 0.50, u_super: 0.00290, sec: 156.579, prod: 0.064791, t_ads: 66.5, t_des: 59.1, bed_util_ads: 0.498, bed_util_des: 0.497, des_th: 0.49748032000461295,frac_lost: 0.102, li_recovered:  8.138, time: 0.008232539001255645
L: 0.50, u_super: 0.00990, sec: 739.434, prod: 0.175125, t_ads: 19.7, t_des: 30.1, bed_util_ads: 0.434, bed_util_des: 0.433, des_th: 0.43291749573248,frac_lost: 0.101, li_recovered:  8.723, time: 0.008167362000676803
L: 0.50, u_super: 0.00716, sec: 404.471, prod: 0.161936, t_ads: 27.3, t_des: 24.8, bed_util_ads: 0.499, bed_util_des: 0.499, des_th: 0.4987436848117342,frac_lost: 0.107, li_recovered:  8.433, time: 0.006320182999843382
L: 0.50, u_super: 0.00821, sec: 469.338, prod: 0.185786, t_ads: 23.8, t_des: 22.1, bed_util_ads: 0.496, bed_util_des: 0.496, des_th: 0.4955971065735887,frac_lost: 0.105, li_recovered:  8.519, time: 0.007009173999904306
L: 0.50, u_super: 0.00901, sec: 519.931, prod: 0.204128, t_ads: 21.7, t_des: 19.7, bed_util_ads: 0.499, bed_util_des: 0.499, des_th: 0.4986601428825742,frac_lost: 0.106, li_recovered:  8.454, time: 0.010606472000290523
L: 0.50, u_super: 0.00494, sec: 272.471, prod: 0.110832, t_ads: 39.2, t_des: 37.8, bed_util_ads: 0.490, bed_util_des: 0.490, des_th: 0.4895901481535303,frac_lost: 0.101, li_recovered:  8.536, time: 0.006371775998559315
L: 0.50, u_super: 0.00977, sec: 568.558, prod: 0.221565, t_ads: 20.0, t_des: 18.4, bed_util_ads: 0.497, bed_util_des: 0.497, des_th: 0.49724796008962485,frac_lost: 0.104, li_recovered:  8.493, time: 0.007454614999005571
L: 0.50, u_super: 0.00770, sec: 436.048, prod: 0.174576, t_ads: 25.2, t_des: 22.9, bed_util_ads: 0.500, bed_util_des: 0.500, des_th: 0.4995390634910861,frac_lost: 0.101, li_recovered:  8.395, time: 0.006767786000636988
L: 0.50, u_super: 0.00427, sec: 233.230, prod: 0.095907, t_ads: 45.6, t_des: 40.6, bed_util_ads: 0.500, bed_util_des: 0.499, des_th: 0.49951100804343235,frac_lost: 0.106, li_recovered:  8.269, time: 0.007301992000066093
L: 30.06, u_super: 0.00503 — INFEASIBLE (li_recovered=0.000e+00), time: 0.0010749140001280466
L: 0.50, u_super: 0.00907, sec: 523.088, prod: 0.205412, t_ads: 21.6, t_des: 19.6, bed_util_ads: 0.500, bed_util_des: 0.499, des_th: 0.49943049562549596,frac_lost: 0.105, li_recovered:  8.449, time: 0.005925184999796329
L: 0.50, u_super: 0.00017, sec: 22.903, prod: 0.001461, t_ads: 1157.0, t_des: 4660.4, bed_util_ads: 0.252, bed_util_des: 0.185, des_th: 0.1851696623157332,frac_lost: 0.101, li_recovered:  8.500, time: 0.017114858001150424
L: 0.50, u_super: 0.00359, sec: 195.049, prod: 0.080336, t_ads: 53.8, t_des: 47.3, bed_util_ads: 0.500, bed_util_des: 0.500, des_th: 0.4996385855696844,frac_lost: 0.101, li_recovered:  8.115, time: 0.00574173399945721
L: 0.50, u_super: 0.00285, sec: 154.596, prod: 0.063150, t_ads: 67.8, t_des: 58.7, bed_util_ads: 0.500, bed_util_des: 0.500, des_th: 0.4999615351298448,frac_lost: 0.103, li_recovered:  7.983, time: 0.0070004099998186575
L: 0.50, u_super: 0.00076, sec: 222.942, prod: 0.003058, t_ads: 258.2, t_des: 2616.7, bed_util_ads: 0.213, bed_util_des: 0.185, des_th: 0.1851696623157332,frac_lost: 0.101, li_recovered:  8.793, time: 0.029935372998806997
L: 0.50, u_super: 0.00677, sec: 379.551, prod: 0.153420, t_ads: 28.7, t_des: 25.9, bed_util_ads: 0.499, bed_util_des: 0.499, des_th: 0.49898982261126257,frac_lost: 0.101, li_recovered:  8.375, time: 0.007767245000650291
L: 0.50, u_super: 0.00106, sec: 59.430, prod: 0.022110, t_ads: 179.3, t_des: 191.3, bed_util_ads: 0.465, bed_util_des: 0.462, des_th: 0.4622668517218932,frac_lost: 0.104, li_recovered:  8.193, time: 0.006144384000435821
L: 9.73, u_super: 0.00738 — INFEASIBLE (li_recovered=0.000e+00), time: 0.003100373000052059
L: 43.90, u_super: 0.00706 — INFEASIBLE (li_recovered=0.000e+00), time: 0.001891582000098424
L: 21.30, u_super: 0.00097 — INFEASIBLE (li_recovered=0.000e+00), time: 0.0009725519994390197
L: 0.50, u_super: 0.00094, sec: 52.272, prod: 0.019968, t_ads: 199.1, t_des: 173.6, bed_util_ads: 0.488, bed_util_des: 0.488, des_th: 0.48798822246906187,frac_lost: 0.105, li_recovered:  7.440, time: 0.004825295000046026
L: 0.50, u_super: 0.00049, sec: 28.348, prod: 0.009878, t_ads: 366.2, t_des: 340.9, bed_util_ads: 0.465, bed_util_des: 0.463, des_th: 0.4629870740112471,frac_lost: 0.102, li_recovered:  6.985, time: 0.009137343999100267
L: 0.50, u_super: 0.00259, sec: 140.443, prod: 0.057379, t_ads: 74.4, t_des: 64.6, bed_util_ads: 0.500, bed_util_des: 0.500, des_th: 0.499881243778168,frac_lost: 0.104, li_recovered:  7.974, time: 0.00797070199951122
L: 0.50, u_super: 0.00934, sec: 540.852, prod: 0.211645, t_ads: 20.9, t_des: 18.7, bed_util_ads: 0.500, bed_util_des: 0.500, des_th: 0.49999999852204513,frac_lost: 0.105, li_recovered:  8.389, time: 0.0064267439993273
L: 0.50, u_super: 0.00975, sec: 567.789, prod: 0.220939, t_ads: 20.0, t_des: 18.6, bed_util_ads: 0.496, bed_util_des: 0.496, des_th: 0.49568059141912735,frac_lost: 0.104, li_recovered:  8.535, time: 0.007205519999843091
L: 34.58, u_super: 0.00140 — INFEASIBLE (li_recovered=0.000e+00), time: 0.0025126549990091007
L: 0.50, u_super: 0.00332, sec: 179.865, prod: 0.074142, t_ads: 58.1, t_des: 51.1, bed_util_ads: 0.500, bed_util_des: 0.500, des_th: 0.4996758431506033,frac_lost: 0.101, li_recovered:  8.096, time: 0.006770867999875918
L: 0.50, u_super: 0.00189, sec: 102.865, prod: 0.041189, t_ads: 101.3, t_des: 86.5, bed_util_ads: 0.500, bed_util_des: 0.499, des_th: 0.4995416329415901,frac_lost: 0.102, li_recovered:  7.734, time: 0.007291113000974292
L: 0.50, u_super: 0.00018, sec: 18.927, prod: 0.002068, t_ads: 1029.7, t_des: 2837.1, bed_util_ads: 0.290, bed_util_des: 0.239, des_th: 0.2389725768891534,frac_lost: 0.101, li_recovered:  7.995, time: 0.007778912000503624
L: 0.50, u_super: 0.00866, sec: 497.682, prod: 0.196113, t_ads: 22.6, t_des: 20.5, bed_util_ads: 0.499, bed_util_des: 0.499, des_th: 0.49908378795470304,frac_lost: 0.106, li_recovered:  8.448, time: 0.006690080999760539
L: 0.50, u_super: 0.00305, sec: 181.331, prod: 0.061841, t_ads: 63.8, t_des: 75.1, bed_util_ads: 0.462, bed_util_des: 0.461, des_th: 0.4611508931992717,frac_lost: 0.107, li_recovered:  8.590, time: 0.0055570450003870064
L: 44.26, u_super: 0.00767 — INFEASIBLE (li_recovered=0.000e+00), time: 0.001998366000407259
L: 0.50, u_super: 0.00721, sec: 407.749, prod: 0.162873, t_ads: 27.2, t_des: 24.4, bed_util_ads: 0.500, bed_util_des: 0.500, des_th: 0.4999987358847877,frac_lost: 0.108, li_recovered:  8.399, time: 0.004058288999658544
L: 0.50, u_super: 0.00989, sec: 576.107, prod: 0.224205, t_ads: 19.8, t_des: 17.9, bed_util_ads: 0.500, bed_util_des: 0.499, des_th: 0.49941800771673645,frac_lost: 0.105, li_recovered:  8.448, time: 0.004646801000490086
L: 0.50, u_super: 0.00859, sec: 511.228, prod: 0.187555, t_ads: 22.8, t_des: 23.6, bed_util_ads: 0.482, bed_util_des: 0.482, des_th: 0.48219086107432013,frac_lost: 0.105, li_recovered:  8.693, time: 0.005905882999286405
L: 0.50, u_super: 0.00424, sec: 241.309, prod: 0.091439, t_ads: 46.0, t_des: 48.4, bed_util_ads: 0.478, bed_util_des: 0.478, des_th: 0.4777439674532718,frac_lost: 0.106, li_recovered:  8.625, time: 0.00444824999976845
L: 0.50, u_super: 0.00715, sec: 403.884, prod: 0.161586, t_ads: 27.4, t_des: 24.5, bed_util_ads: 0.499, bed_util_des: 0.499, des_th: 0.4991980432284281,frac_lost: 0.107, li_recovered:  8.387, time: 0.005791423000118812
L: 0.50, u_super: 0.00285, sec: 153.697, prod: 0.063519, t_ads: 67.7, t_des: 60.1, bed_util_ads: 0.497, bed_util_des: 0.497, des_th: 0.49721149196864517,frac_lost: 0.103, li_recovered:  8.123, time: 0.004673654999351129
   630 |    25200 |     40 |  0.0017235510 |             f
L: 0.50, u_super: 0.00418, sec: 228.659, prod: 0.093903, t_ads: 46.6, t_des: 41.5, bed_util_ads: 0.500, bed_util_des: 0.500, des_th: 0.4999275041953291,frac_lost: 0.107, li_recovered:  8.268, time: 0.004256238000380108
L: 13.47, u_super: 0.00363 — INFEASIBLE (li_recovered=0.000e+00), time: 0.0037145789992791833
L: 0.50, u_super: 0.00049, sec: 28.348, prod: 0.009878, t_ads: 366.2, t_des: 340.9, bed_util_ads: 0.465, bed_util_des: 0.463, des_th: 0.4629870740112471,frac_lost: 0.102, li_recovered:  6.985, time: 0.005776122001407202
L: 0.50, u_super: 0.00210, sec: 113.508, prod: 0.046173, t_ads: 91.2, t_des: 79.1, bed_util_ads: 0.499, bed_util_des: 0.499, des_th: 0.4986206567033937,frac_lost: 0.100, li_recovered:  7.864, time: 0.005216015000769403
L: 0.50, u_super: 0.00305, sec: 165.333, prod: 0.068069, t_ads: 63.2, t_des: 55.5, bed_util_ads: 0.499, bed_util_des: 0.499, des_th: 0.4990610524251101,frac_lost: 0.103, li_recovered:  8.085, time: 0.00537782699939271
L: 35.93, u_super: 0.00418 — INFEASIBLE (li_recovered=0.000e+00), time: 0.0008934060006140498
L: 0.50, u_super: 0.00617, sec: 343.569, prod: 0.139586, t_ads: 31.4, t_des: 28.1, bed_util_ads: 0.499, bed_util_des: 0.499, des_th: 0.49909379533939857,frac_lost: 0.101, li_recovered:  8.312, time: 0.004200446001050295
L: 0.50, u_super: 0.00772, sec: 439.386, prod: 0.174521, t_ads: 25.4, t_des: 22.7, bed_util_ads: 0.500, bed_util_des: 0.500, des_th: 0.49983384014318394,frac_lost: 0.108, li_recovered:  8.388, time: 0.005602713999905973
L: 0.50, u_super: 0.00315, sec: 178.183, prod: 0.067542, t_ads: 61.1, t_des: 65.8, bed_util_ads: 0.474, bed_util_des: 0.473, des_th: 0.47277924904596885,frac_lost: 0.100, li_recovered:  8.569, time: 0.00452665200100455
L: 0.50, u_super: 0.00168, sec: 92.096, prod: 0.036271, t_ads: 113.9, t_des: 96.0, bed_util_ads: 0.499, bed_util_des: 0.499, des_th: 0.4993262377990571,frac_lost: 0.104, li_recovered:  7.616, time: 0.004653271998904529
L: 0.50, u_super: 0.00005, sec: 4.664, prod: 0.000621, t_ads: 2782.5, t_des: 3992.9, bed_util_ads: 0.254, bed_util_des: 0.216, des_th: 0.21648928470515064,frac_lost: 0.100, li_recovered:  4.206, time: 0.00658280799871136
L: 0.50, u_super: 0.00800, sec: 456.497, prod: 0.180804, t_ads: 24.5, t_des: 21.9, bed_util_ads: 0.500, bed_util_des: 0.500, des_th: 0.4999321821092247,frac_lost: 0.108, li_recovered:  8.394, time: 0.005263651999484864
L: 0.50, u_super: 0.00693, sec: 391.014, prod: 0.156182, t_ads: 28.3, t_des: 26.3, bed_util_ads: 0.496, bed_util_des: 0.496, des_th: 0.49607621432294213,frac_lost: 0.109, li_recovered:  8.519, time: 0.004491670000788872
L: 0.50, u_super: 0.00306, sec: 165.614, prod: 0.068501, t_ads: 63.0, t_des: 55.9, bed_util_ads: 0.498, bed_util_des: 0.497, des_th: 0.49747989261109643,frac_lost: 0.102, li_recovered:  8.144, time: 0.005063212000095518
L: 0.50, u_super: 0.00846, sec: 484.598, prod: 0.191435, t_ads: 23.1, t_des: 20.7, bed_util_ads: 0.500, bed_util_des: 0.500, des_th: 0.4997313559352927,frac_lost: 0.105, li_recovered:  8.387, time: 0.006184341000334825
L: 2.10, u_super: 0.00018, sec: 129.258, prod: 0.001274, t_ads: 2248.7, t_des: 2060.6, bed_util_ads: 0.248, bed_util_des: 0.239, des_th: 0.2389725768891534,frac_lost: 0.100, li_recovered:  5.489, time: 0.003881952001393074
L: 0.50, u_super: 0.00614, sec: 346.680, prod: 0.136801, t_ads: 31.7, t_des: 31.3, bed_util_ads: 0.488, bed_util_des: 0.488, des_th: 0.4877136378869785,frac_lost: 0.103, li_recovered:  8.617, time: 0.006147198999315151
L: 0.50, u_super: 0.00445, sec: 243.685, prod: 0.099803, t_ads: 43.8, t_des: 38.6, bed_util_ads: 0.500, bed_util_des: 0.500, des_th: 0.49968027350378774,frac_lost: 0.105, li_recovered:  8.224, time: 0.006737772000633413
L: 0.50, u_super: 0.00982, sec: 614.400, prod: 0.206998, t_ads: 19.9, t_des: 22.2, bed_util_ads: 0.473, bed_util_des: 0.473, des_th: 0.4731479233465645,frac_lost: 0.105, li_recovered:  8.715, time: 0.025066270000024815
L: 0.50, u_super: 0.00757, sec: 429.844, prod: 0.171000, t_ads: 25.9, t_des: 23.2, bed_util_ads: 0.500, bed_util_des: 0.500, des_th: 0.4997326761332027,frac_lost: 0.109, li_recovered:  8.399, time: 0.005937605999861262
L: 10.83, u_super: 0.00096 — INFEASIBLE (li_recovered=0.000e+00), time: 0.0016205409992835484
L: 0.50, u_super: 0.00494, sec: 271.302, prod: 0.111309, t_ads: 39.4, t_des: 36.0, bed_util_ads: 0.496, bed_util_des: 0.496, des_th: 0.4958985677964474,frac_lost: 0.105, li_recovered:  8.394, time: 0.004822347000299487
L: 0.50, u_super: 0.00674, sec: 379.384, prod: 0.151915, t_ads: 29.1, t_des: 26.9, bed_util_ads: 0.496, bed_util_des: 0.496, des_th: 0.4960500009155659,frac_lost: 0.109, li_recovered:  8.510, time: 0.005148514999746112
L: 0.50, u_super: 0.00866, sec: 497.716, prod: 0.196099, t_ads: 22.6, t_des: 20.2, bed_util_ads: 0.500, bed_util_des: 0.500, des_th: 0.4998678478019416,frac_lost: 0.106, li_recovered:  8.390, time: 0.005545968999285833
L: 0.50, u_super: 0.00969, sec: 563.147, prod: 0.219522, t_ads: 20.1, t_des: 18.7, bed_util_ads: 0.496, bed_util_des: 0.496, des_th: 0.4957760650132887,frac_lost: 0.103, li_recovered:  8.528, time: 0.004760997000630596
L: 0.50, u_super: 0.00729, sec: 410.622, prod: 0.165252, t_ads: 26.6, t_des: 24.1, bed_util_ads: 0.499, bed_util_des: 0.498, des_th: 0.4983916784052336,frac_lost: 0.100, li_recovered:  8.382, time: 0.0040742889996181475
L: 0.50, u_super: 0.00413, sec: 225.040, prod: 0.092958, t_ads: 47.0, t_des: 42.5, bed_util_ads: 0.498, bed_util_des: 0.497, des_th: 0.49747085435446026,frac_lost: 0.104, li_recovered:  8.315, time: 0.004797387999133207
L: 30.28, u_super: 0.00265 — INFEASIBLE (li_recovered=0.000e+00), time: 0.0007941179992485559
L: 0.50, u_super: 0.00990, sec: 580.144, prod: 0.223210, t_ads: 19.8, t_des: 18.8, bed_util_ads: 0.494, bed_util_des: 0.494, des_th: 0.4941896779785304,frac_lost: 0.106, li_recovered:  8.600, time: 0.004259971001374652
L: 0.50, u_super: 0.00916, sec: 529.373, prod: 0.207313, t_ads: 21.3, t_des: 19.8, bed_util_ads: 0.496, bed_util_des: 0.496, des_th: 0.4959871705324605,frac_lost: 0.104, li_recovered:  8.531, time: 0.004040480998810381
L: 0.50, u_super: 0.00137, sec: 75.447, prod: 0.029467, t_ads: 138.2, t_des: 117.5, bed_util_ads: 0.496, bed_util_des: 0.496, des_th: 0.4958432876134206,frac_lost: 0.103, li_recovered:  7.537, time: 0.005494858000020031
L: 0.50, u_super: 0.00326, sec: 176.447, prod: 0.072966, t_ads: 59.6, t_des: 53.9, bed_util_ads: 0.496, bed_util_des: 0.496, des_th: 0.4958985677964474,frac_lost: 0.107, li_recovered:  8.284, time: 0.003918314001566614
L: 0.50, u_super: 0.00040, sec: 24.825, prod: 0.007597, t_ads: 434.8, t_des: 376.2, bed_util_ads: 0.465, bed_util_des: 0.465, des_th: 0.4647232472533889,frac_lost: 0.104, li_recovered:  6.162, time: 0.005092724000860471
L: 0.50, u_super: 0.00533, sec: 312.730, prod: 0.113172, t_ads: 36.4, t_des: 40.1, bed_util_ads: 0.474, bed_util_des: 0.473, des_th: 0.4731656067424928,frac_lost: 0.102, li_recovered:  8.658, time: 0.004343980999692576
L: 0.50, u_super: 0.00392, sec: 213.273, prod: 0.087829, t_ads: 49.7, t_des: 44.4, bed_util_ads: 0.499, bed_util_des: 0.499, des_th: 0.4991249787062882,frac_lost: 0.107, li_recovered:  8.265, time: 0.0037925890010228613
L: 0.50, u_super: 0.00677, sec: 379.299, prod: 0.153522, t_ads: 28.6, t_des: 26.2, bed_util_ads: 0.498, bed_util_des: 0.497, des_th: 0.4974321092626552,frac_lost: 0.100, li_recovered:  8.425, time: 0.004300204000173835
L: 7.38, u_super: 0.00136 — INFEASIBLE (li_recovered=0.000e+00), time: 0.00103301399940392
L: 0.50, u_super: 0.00456, sec: 249.564, prod: 0.102511, t_ads: 42.7, t_des: 38.1, bed_util_ads: 0.500, bed_util_des: 0.499, des_th: 0.49942877865054447,frac_lost: 0.104, li_recovered:  8.277, time: 0.0043266110005788505
L: 0.50, u_super: 0.00572, sec: 316.757, prod: 0.129177, t_ads: 33.9, t_des: 30.3, bed_util_ads: 0.500, bed_util_des: 0.499, des_th: 0.49941800771673645,frac_lost: 0.101, li_recovered:  8.296, time: 0.005244842999672983
L: 0.50, u_super: 0.00137, sec: 73.995, prod: 0.029932, t_ads: 139.4, t_des: 127.2, bed_util_ads: 0.488, bed_util_des: 0.488, des_th: 0.4877656467328934,frac_lost: 0.106, li_recovered:  7.981, time: 0.005738948000725941
   631 |    25240 |     40 |  0.0034203039 |             f
L: 0.50, u_super: 0.00894, sec: 514.225, prod: 0.203092, t_ads: 21.7, t_des: 19.6, bed_util_ads: 0.500, bed_util_des: 0.500, des_th: 0.499538919563348,frac_lost: 0.100, li_recovered:  8.388, time: 0.005417779000708833
L: 0.50, u_super: 0.00786, sec: 446.661, prod: 0.178138, t_ads: 24.7, t_des: 22.1, bed_util_ads: 0.500, bed_util_des: 0.500, des_th: 0.4998637967136661,frac_lost: 0.101, li_recovered:  8.331, time: 0.004220292999889352
L: 0.50, u_super: 0.00693, sec: 396.484, prod: 0.154027, t_ads: 28.2, t_des: 27.9, bed_util_ads: 0.488, bed_util_des: 0.488, des_th: 0.4877803193693239,frac_lost: 0.107, li_recovered:  8.639, time: 0.007630901998709305
L: 0.50, u_super: 0.00954, sec: 585.560, prod: 0.204260, t_ads: 20.5, t_des: 22.2, bed_util_ads: 0.477, bed_util_des: 0.477, des_th: 0.47691963990959807,frac_lost: 0.104, li_recovered:  8.709, time: 0.006531172999530099
L: 2.75, u_super: 0.00384 — INFEASIBLE (li_recovered=0.000e+00), time: 0.0037531149991991697
L: 0.50, u_super: 0.00524, sec: 288.811, prod: 0.118305, t_ads: 37.0, t_des: 33.2, bed_util_ads: 0.500, bed_util_des: 0.500, des_th: 0.49969904216535443,frac_lost: 0.102, li_recovered:  8.307, time: 0.0064176329997280845
L: 48.45, u_super: 0.00549 — INFEASIBLE (li_recovered=0.000e+00), time: 0.0016412630011473084
L: 0.50, u_super: 0.00132, sec: 71.781, prod: 0.028485, t_ads: 144.1, t_des: 125.9, bed_util_ads: 0.493, bed_util_des: 0.493, des_th: 0.4930740151856218,frac_lost: 0.103, li_recovered:  7.690, time: 0.0059894160003750585
L: 0.50, u_super: 0.00196, sec: 105.682, prod: 0.043144, t_ads: 97.5, t_des: 85.7, bed_util_ads: 0.496, bed_util_des: 0.496, des_th: 0.4958481559452691,frac_lost: 0.100, li_recovered:  7.903, time: 0.004722882000351092
L: 0.50, u_super: 0.00578, sec: 320.727, prod: 0.130611, t_ads: 33.6, t_des: 30.1, bed_util_ads: 0.500, bed_util_des: 0.500, des_th: 0.4995390634910861,frac_lost: 0.103, li_recovered:  8.322, time: 0.005943447000390734
L: 0.50, u_super: 0.00283, sec: 153.444, prod: 0.062794, t_ads: 68.1, t_des: 66.6, bed_util_ads: 0.485, bed_util_des: 0.484, des_th: 0.4844425472825867,frac_lost: 0.101, li_recovered:  8.460, time: 0.00569189300040307
L: 95.36, u_super: 0.00853 — INFEASIBLE (li_recovered=0.000e+00), time: 0.0011193579994142056
L: 0.50, u_super: 0.00617, sec: 343.955, prod: 0.139429, t_ads: 31.5, t_des: 28.1, bed_util_ads: 0.500, bed_util_des: 0.500, des_th: 0.49959415045372507,frac_lost: 0.103, li_recovered:  8.314, time: 0.00450817300043127
L: 0.50, u_super: 0.00968, sec: 562.496, prod: 0.219625, t_ads: 20.1, t_des: 18.1, bed_util_ads: 0.500, bed_util_des: 0.500, des_th: 0.4997576280459908,frac_lost: 0.104, li_recovered:  8.407, time: 0.004399323999678018
L: 0.50, u_super: 0.00151, sec: 81.419, prod: 0.033204, t_ads: 126.4, t_des: 116.3, bed_util_ads: 0.488, bed_util_des: 0.488, des_th: 0.48764676694388065,frac_lost: 0.105, li_recovered:  8.060, time: 0.004455247000805684
L: 0.50, u_super: 0.00174, sec: 94.448, prod: 0.038043, t_ads: 109.7, t_des: 109.5, bed_util_ads: 0.479, bed_util_des: 0.478, des_th: 0.477888127504082,frac_lost: 0.101, li_recovered:  8.339, time: 0.005869009999514674
L: 0.50, u_super: 0.00989, sec: 717.606, prod: 0.179907, t_ads: 19.8, t_des: 28.7, bed_util_ads: 0.440, bed_util_des: 0.440, des_th: 0.43980653171680023,frac_lost: 0.105, li_recovered:  8.726, time: 0.005373767999117263
L: 0.50, u_super: 0.00091 — INFEASIBLE (li_recovered=0.000e+00), time: 0.0024013099991861964
L: 36.18, u_super: 0.00231 — INFEASIBLE (li_recovered=0.000e+00), time: 0.0008931529991969001
L: 0.50, u_super: 0.00152, sec: 82.614, prod: 0.032953, t_ads: 126.1, t_des: 109.2, bed_util_ads: 0.496, bed_util_des: 0.496, des_th: 0.4958432876134206,frac_lost: 0.106, li_recovered:  7.755, time: 0.0040817610006342875
L: 0.50, u_super: 0.00005, sec: 4.332, prod: 0.000668, t_ads: 3399.4, t_des: 5772.9, bed_util_ads: 0.251, bed_util_des: 0.185, des_th: 0.1851696623157332,frac_lost: 0.100, li_recovered:  6.129, time: 0.0048428729987790575
L: 0.50, u_super: 0.00078, sec: 44.379, prod: 0.015856, t_ads: 239.2, t_des: 200.0, bed_util_ads: 0.489, bed_util_des: 0.489, des_th: 0.4893649465325235,frac_lost: 0.104, li_recovered:  6.963, time: 0.003954469999371213
L: 14.56, u_super: 0.00137 — INFEASIBLE (li_recovered=0.000e+00), time: 0.0011492050016386202
L: 0.50, u_super: 0.00823, sec: 470.561, prod: 0.186162, t_ads: 23.8, t_des: 21.6, bed_util_ads: 0.500, bed_util_des: 0.500, des_th: 0.4996888460406694,frac_lost: 0.107, li_recovered:  8.447, time: 0.007155215998864151
L: 24.00, u_super: 0.00168 — INFEASIBLE (li_recovered=0.000e+00), time: 0.0010727429998951266
L: 0.50, u_super: 0.00456, sec: 249.368, prod: 0.102591, t_ads: 42.7, t_des: 39.0, bed_util_ads: 0.496, bed_util_des: 0.496, des_th: 0.49581439626071405,frac_lost: 0.105, li_recovered:  8.378, time: 0.007232744999782881
L: 2.84, u_super: 0.00653, sec: 2215.250, prod: 0.138230, t_ads: 164.8, t_des: 138.9, bed_util_ads: 0.496, bed_util_des: 0.496, des_th: 0.4958149584284781,frac_lost: 0.105, li_recovered:  41.982, time: 0.0053377249987534015
L: 0.50, u_super: 0.00259, sec: 139.281, prod: 0.057858, t_ads: 74.4, t_des: 68.5, bed_util_ads: 0.493, bed_util_des: 0.492, des_th: 0.49251473779746435,frac_lost: 0.103, li_recovered:  8.267, time: 0.006858997001472744
L: 0.50, u_super: 0.00504, sec: 277.335, prod: 0.113768, t_ads: 38.6, t_des: 35.4, bed_util_ads: 0.497, bed_util_des: 0.497, des_th: 0.49702984469002515,frac_lost: 0.104, li_recovered:  8.410, time: 0.008804359000350814
L: 0.50, u_super: 0.00957, sec: 555.556, prod: 0.217042, t_ads: 20.4, t_des: 18.7, bed_util_ads: 0.498, bed_util_des: 0.497, des_th: 0.49747085435446026,frac_lost: 0.104, li_recovered:  8.487, time: 0.00730244400074298
L: 0.50, u_super: 0.00013, sec: 13.646, prod: 0.001343, t_ads: 1527.4, t_des: 4504.9, bed_util_ads: 0.263, bed_util_des: 0.194, des_th: 0.1944356297220776,frac_lost: 0.100, li_recovered:  8.099, time: 0.01307165100115526
L: 0.50, u_super: 0.00568, sec: 314.470, prod: 0.128341, t_ads: 34.2, t_des: 30.9, bed_util_ads: 0.498, bed_util_des: 0.497, des_th: 0.49747085435446026,frac_lost: 0.103, li_recovered:  8.362, time: 0.0050626860011107055
L: 3.77, u_super: 0.00456 — INFEASIBLE (li_recovered=0.000e+00), time: 0.0030772040008741897
L: 0.50, u_super: 0.00332, sec: 180.450, prod: 0.074101, t_ads: 58.7, t_des: 51.7, bed_util_ads: 0.500, bed_util_des: 0.500, des_th: 0.4995539849693485,frac_lost: 0.109, li_recovered:  8.177, time: 0.0066825009998865426
L: 0.50, u_super: 0.00891, sec: 513.196, prod: 0.201785, t_ads: 21.9, t_des: 19.7, bed_util_ads: 0.500, bed_util_des: 0.500, des_th: 0.4997237816842278,frac_lost: 0.105, li_recovered:  8.402, time: 0.005019569000069168
L: 0.50, u_super: 0.00681, sec: 382.134, prod: 0.154197, t_ads: 28.5, t_des: 25.4, bed_util_ads: 0.500, bed_util_des: 0.500, des_th: 0.4999245614370309,frac_lost: 0.100, li_recovered:  8.311, time: 0.005147514999407576
L: 0.50, u_super: 0.00719, sec: 405.129, prod: 0.163064, t_ads: 27.0, t_des: 25.1, bed_util_ads: 0.496, bed_util_des: 0.496, des_th: 0.495548056388418,frac_lost: 0.100, li_recovered:  8.482, time: 0.006069856999602052
L: 0.50, u_super: 0.00510, sec: 311.291, prod: 0.103902, t_ads: 38.1, t_des: 45.3, bed_util_ads: 0.464, bed_util_des: 0.463, des_th: 0.4631059514086091,frac_lost: 0.102, li_recovered:  8.661, time: 0.006378128000505967
L: 0.50, u_super: 0.00494, sec: 271.478, prod: 0.111237, t_ads: 39.3, t_des: 36.8, bed_util_ads: 0.494, bed_util_des: 0.494, des_th: 0.49410841271728834,frac_lost: 0.103, li_recovered:  8.470, time: 0.005939820999628864
L: 0.50, u_super: 0.00553, sec: 360.195, prod: 0.105872, t_ads: 35.1, t_des: 46.8, bed_util_ads: 0.450, bed_util_des: 0.449, des_th: 0.44864624133334985,frac_lost: 0.100, li_recovered:  8.675, time: 0.00795844000094803
   632 |    25280 |     40 |  0.0021553670 |             f
L: 0.50, u_super: 0.00018, sec: 18.927, prod: 0.002068, t_ads: 1029.7, t_des: 2837.1, bed_util_ads: 0.290, bed_util_des: 0.239, des_th: 0.2389725768891534,frac_lost: 0.101, li_recovered:  7.995, time: 0.009644626999943284
L: 0.50, u_super: 0.00392, sec: 213.273, prod: 0.087829, t_ads: 49.7, t_des: 44.4, bed_util_ads: 0.499, bed_util_des: 0.499, des_th: 0.4991249787062882,frac_lost: 0.107, li_recovered:  8.265, time: 0.005268945000352687
L: 0.50, u_super: 0.00039 — INFEASIBLE (li_recovered=0.000e+00), time: 0.004105085999981384
L: 0.50, u_super: 0.00315, sec: 170.765, prod: 0.070297, t_ads: 61.3, t_des: 53.9, bed_util_ads: 0.499, bed_util_des: 0.499, des_th: 0.4990992111313464,frac_lost: 0.103, li_recovered:  8.101, time: 0.005923306000113371
L: 0.50, u_super: 0.00218, sec: 117.282, prod: 0.048393, t_ads: 88.4, t_des: 79.8, bed_util_ads: 0.494, bed_util_des: 0.494, des_th: 0.49403513390046333,frac_lost: 0.106, li_recovered:  8.143, time: 0.0050694940000539646
L: 0.50, u_super: 0.00613, sec: 353.322, prod: 0.133868, t_ads: 32.0, t_des: 32.8, bed_util_ads: 0.483, bed_util_des: 0.483, des_th: 0.4825656487400965,frac_lost: 0.108, li_recovered:  8.663, time: 0.00676660799945239
L: 0.50, u_super: 0.00848, sec: 486.593, prod: 0.191816, t_ads: 23.1, t_des: 20.9, bed_util_ads: 0.500, bed_util_des: 0.500, des_th: 0.499538919563348,frac_lost: 0.108, li_recovered:  8.442, time: 0.006800635999752558
L: 0.50, u_super: 0.00105, sec: 57.778, prod: 0.022568, t_ads: 178.5, t_des: 157.8, bed_util_ads: 0.488, bed_util_des: 0.488, des_th: 0.4877383515549137,frac_lost: 0.102, li_recovered:  7.588, time: 0.004726040999230463
L: 0.50, u_super: 0.00865, sec: 496.735, prod: 0.195848, t_ads: 22.6, t_des: 20.5, bed_util_ads: 0.499, bed_util_des: 0.499, des_th: 0.49904494287127665,frac_lost: 0.106, li_recovered:  8.446, time: 0.003920762001143885
L: 0.50, u_super: 0.00846, sec: 485.345, prod: 0.191140, t_ads: 23.2, t_des: 21.0, bed_util_ads: 0.499, bed_util_des: 0.499, des_th: 0.49887596371003307,frac_lost: 0.109, li_recovered:  8.446, time: 0.006526477000079467
L: 1.60, u_super: 0.00916, sec: 1727.388, prod: 0.203352, t_ads: 67.4, t_des: 58.5, bed_util_ads: 0.500, bed_util_des: 0.500, des_th: 0.4995390645784414,frac_lost: 0.102, li_recovered:  25.597, time: 0.006147935000626603
L: 0.50, u_super: 0.00196, sec: 106.067, prod: 0.042987, t_ads: 97.5, t_des: 84.6, bed_util_ads: 0.498, bed_util_des: 0.497, des_th: 0.4974032325568673,frac_lost: 0.100, li_recovered:  7.828, time: 0.007105410999429296
L: 0.50, u_super: 0.00332, sec: 179.841, prod: 0.074151, t_ads: 58.1, t_des: 51.1, bed_util_ads: 0.500, bed_util_des: 0.499, des_th: 0.49947577419926403,frac_lost: 0.100, li_recovered:  8.091, time: 0.006071317000532872
L: 0.50, u_super: 0.00105, sec: 57.676, prod: 0.022607, t_ads: 179.1, t_des: 159.3, bed_util_ads: 0.488, bed_util_des: 0.487, des_th: 0.4874095669696968,frac_lost: 0.104, li_recovered:  7.649, time: 0.00394010699892533
L: 0.50, u_super: 0.00175, sec: 95.150, prod: 0.038260, t_ads: 109.1, t_des: 94.3, bed_util_ads: 0.498, bed_util_des: 0.498, des_th: 0.4977325629318051,frac_lost: 0.103, li_recovered:  7.783, time: 0.0041497479996905895
L: 0.50, u_super: 0.00543, sec: 299.196, prod: 0.122673, t_ads: 35.7, t_des: 32.7, bed_util_ads: 0.496, bed_util_des: 0.496, des_th: 0.4958432876134206,frac_lost: 0.101, li_recovered:  8.393, time: 0.005605784001090797
L: 19.39, u_super: 0.00514 — INFEASIBLE (li_recovered=0.000e+00), time: 0.0016146770012710476
L: 0.50, u_super: 0.00238, sec: 128.238, prod: 0.053061, t_ads: 80.8, t_des: 72.8, bed_util_ads: 0.494, bed_util_des: 0.494, des_th: 0.49403513390046333,frac_lost: 0.104, li_recovered:  8.149, time: 0.005040564999944763
L: 0.50, u_super: 0.00824, sec: 471.174, prod: 0.186485, t_ads: 23.7, t_des: 21.5, bed_util_ads: 0.500, bed_util_des: 0.500, des_th: 0.4997313559352927,frac_lost: 0.107, li_recovered:  8.430, time: 0.0052304229993751505
L: 0.50, u_super: 0.00371, sec: 201.882, prod: 0.083046, t_ads: 52.4, t_des: 46.3, bed_util_ads: 0.500, bed_util_des: 0.500, des_th: 0.4998065179723025,frac_lost: 0.106, li_recovered:  8.201, time: 0.004702055999587174
L: 0.50, u_super: 0.00523, sec: 288.212, prod: 0.118027, t_ads: 37.1, t_des: 33.2, bed_util_ads: 0.500, bed_util_des: 0.500, des_th: 0.49969904216535443,frac_lost: 0.102, li_recovered:  8.302, time: 0.004663879999498022
L: 0.50, u_super: 0.00109, sec: 61.190, prod: 0.022842, t_ads: 174.0, t_des: 185.3, bed_util_ads: 0.465, bed_util_des: 0.462, des_th: 0.4622668517218932,frac_lost: 0.104, li_recovered:  8.206, time: 0.004892979999567615
L: 0.50, u_super: 0.00381, sec: 228.310, prod: 0.077597, t_ads: 51.0, t_des: 60.2, bed_util_ads: 0.464, bed_util_des: 0.463, des_th: 0.4629870740112471,frac_lost: 0.104, li_recovered:  8.625, time: 0.004201404999548686
L: 0.50, u_super: 0.00689, sec: 387.402, prod: 0.156022, t_ads: 28.2, t_des: 25.2, bed_util_ads: 0.500, bed_util_des: 0.500, des_th: 0.49970242217197913,frac_lost: 0.102, li_recovered:  8.324, time: 0.004693085000326391
L: 144.69, u_super: 0.00900 — INFEASIBLE (li_recovered=0.000e+00), time: 0.0008962949996202951
L: 0.50, u_super: 0.00959, sec: 556.683, prod: 0.217296, t_ads: 20.4, t_des: 18.5, bed_util_ads: 0.499, bed_util_des: 0.499, des_th: 0.49909379533939857,frac_lost: 0.106, li_recovered:  8.449, time: 0.004354303000582149
L: 0.50, u_super: 0.00957, sec: 556.532, prod: 0.216662, t_ads: 20.4, t_des: 19.0, bed_util_ads: 0.497, bed_util_des: 0.496, des_th: 0.4964669777436493,frac_lost: 0.106, li_recovered:  8.535, time: 0.004781849998835241
L: 0.50, u_super: 0.00005, sec: 4.332, prod: 0.000668, t_ads: 3399.4, t_des: 5772.9, bed_util_ads: 0.251, bed_util_des: 0.185, des_th: 0.1851696623157332,frac_lost: 0.100, li_recovered:  6.129, time: 0.004908156999590574
L: 0.50, u_super: 0.00810, sec: 461.836, prod: 0.183241, t_ads: 24.1, t_des: 21.7, bed_util_ads: 0.500, bed_util_des: 0.500, des_th: 0.4995779085704646,frac_lost: 0.105, li_recovered:  8.399, time: 0.0044049329990230035
L: 0.50, u_super: 0.00293, sec: 159.081, prod: 0.065189, t_ads: 65.7, t_des: 57.1, bed_util_ads: 0.500, bed_util_des: 0.500, des_th: 0.49978564418903404,frac_lost: 0.101, li_recovered:  8.001, time: 0.004764790999615798
L: 0.50, u_super: 0.00770, sec: 437.674, prod: 0.173927, t_ads: 25.5, t_des: 22.8, bed_util_ads: 0.500, bed_util_des: 0.500, des_th: 0.4995389184759927,frac_lost: 0.108, li_recovered:  8.398, time: 0.0042996739994123345
L: 0.50, u_super: 0.00677, sec: 379.489, prod: 0.153445, t_ads: 28.6, t_des: 26.5, bed_util_ads: 0.496, bed_util_des: 0.496, des_th: 0.49587703265105476,frac_lost: 0.101, li_recovered:  8.459, time: 0.004501291999986279
L: 0.50, u_super: 0.00297, sec: 160.232, prod: 0.066602, t_ads: 64.9, t_des: 59.7, bed_util_ads: 0.493, bed_util_des: 0.493, des_th: 0.49268648726545494,frac_lost: 0.103, li_recovered:  8.302, time: 0.004153939999014256
L: 0.50, u_super: 0.00471, sec: 258.392, prod: 0.106142, t_ads: 41.3, t_des: 37.7, bed_util_ads: 0.496, bed_util_des: 0.496, des_th: 0.49622734046283995,frac_lost: 0.105, li_recovered:  8.383, time: 0.0038938279994908953
L: 0.50, u_super: 0.00990, sec: 937.659, prod: 0.138103, t_ads: 19.7, t_des: 43.6, bed_util_ads: 0.389, bed_util_des: 0.388, des_th: 0.38793421189545274,frac_lost: 0.101, li_recovered:  8.735, time: 0.008257659001174034
L: 0.50, u_super: 0.00456, sec: 249.469, prod: 0.102655, t_ads: 42.7, t_des: 39.0, bed_util_ads: 0.496, bed_util_des: 0.496, des_th: 0.49581439626071405,frac_lost: 0.105, li_recovered:  8.383, time: 0.005208448999837856
L: 43.90, u_super: 0.00026 — INFEASIBLE (li_recovered=0.000e+00), time: 0.000876031001098454
L: 0.50, u_super: 0.00042, sec: 25.407, prod: 0.008076, t_ads: 417.6, t_des: 370.9, bed_util_ads: 0.464, bed_util_des: 0.463, des_th: 0.4629870740112471,frac_lost: 0.101, li_recovered:  6.368, time: 0.0053230480007187
L: 0.50, u_super: 0.00442, sec: 242.199, prod: 0.099414, t_ads: 44.0, t_des: 39.3, bed_util_ads: 0.500, bed_util_des: 0.499, des_th: 0.4994332090037381,frac_lost: 0.106, li_recovered:  8.281, time: 0.005200485000386834
L: 0.50, u_super: 0.00668, sec: 373.877, prod: 0.151431, t_ads: 29.0, t_des: 26.3, bed_util_ads: 0.499, bed_util_des: 0.499, des_th: 0.4986782547390817,frac_lost: 0.100, li_recovered:  8.376, time: 0.006129281999164959
   633 |    25320 |     40 |  0.0048523285 |             f
L: 0.50, u_super: 0.00259, sec: 151.256, prod: 0.053277, t_ads: 74.4, t_des: 86.0, bed_util_ads: 0.463, bed_util_des: 0.462, des_th: 0.4621492629424598,frac_lost: 0.102, li_recovered:  8.546, time: 0.005521461000171257
L: 0.50, u_super: 0.00590, sec: 346.533, prod: 0.125974, t_ads: 33.0, t_des: 35.8, bed_util_ads: 0.476, bed_util_des: 0.475, des_th: 0.47548660245773505,frac_lost: 0.104, li_recovered:  8.669, time: 0.005246669999905862
L: 0.50, u_super: 0.00715, sec: 405.548, prod: 0.160923, t_ads: 27.1, t_des: 26.3, bed_util_ads: 0.491, bed_util_des: 0.491, des_th: 0.4907405262766831,frac_lost: 0.101, li_recovered:  8.591, time: 0.005157645000508637
L: 0.50, u_super: 0.00824, sec: 493.055, prod: 0.178209, t_ads: 23.7, t_des: 25.1, bed_util_ads: 0.480, bed_util_des: 0.480, des_th: 0.4799996095473935,frac_lost: 0.106, li_recovered:  8.697, time: 0.005101298998852144
L: 0.50, u_super: 0.00891, sec: 513.388, prod: 0.201710, t_ads: 22.0, t_des: 19.7, bed_util_ads: 0.500, bed_util_des: 0.500, des_th: 0.4998057912514837,frac_lost: 0.106, li_recovered:  8.406, time: 0.005813111998577369
L: 0.50, u_super: 0.00990, sec: 576.690, prod: 0.224547, t_ads: 19.7, t_des: 17.9, bed_util_ads: 0.500, bed_util_des: 0.499, des_th: 0.49941800771673645,frac_lost: 0.105, li_recovered:  8.457, time: 0.005248843001027126
L: 0.50, u_super: 0.00005, sec: 4.332, prod: 0.000668, t_ads: 3399.4, t_des: 5772.9, bed_util_ads: 0.251, bed_util_des: 0.185, des_th: 0.1851696623157332,frac_lost: 0.100, li_recovered:  6.129, time: 0.00621021299957647
L: 0.50, u_super: 0.00066, sec: 36.879, prod: 0.013823, t_ads: 278.4, t_des: 275.3, bed_util_ads: 0.465, bed_util_des: 0.462, des_th: 0.4622668517218932,frac_lost: 0.100, li_recovered:  7.654, time: 0.005111567999847466
L: 0.50, u_super: 0.00618, sec: 344.844, prod: 0.139306, t_ads: 31.7, t_des: 28.5, bed_util_ads: 0.500, bed_util_des: 0.499, des_th: 0.4994358593243764,frac_lost: 0.108, li_recovered:  8.381, time: 0.004345829000158119
L: 0.50, u_super: 0.00133, sec: 71.536, prod: 0.028941, t_ads: 142.7, t_des: 129.7, bed_util_ads: 0.488, bed_util_des: 0.488, des_th: 0.4877136378869785,frac_lost: 0.100, li_recovered:  7.886, time: 0.006017464998876676
L: 0.50, u_super: 0.00397, sec: 216.608, prod: 0.088791, t_ads: 49.1, t_des: 43.3, bed_util_ads: 0.500, bed_util_des: 0.500, des_th: 0.4997621346195091,frac_lost: 0.108, li_recovered:  8.207, time: 0.005981270000120276
L: 4.98, u_super: 0.00454 — INFEASIBLE (li_recovered=0.000e+00), time: 0.00392081199970562
L: 0.50, u_super: 0.00711, sec: 399.969, prod: 0.160998, t_ads: 27.3, t_des: 25.3, bed_util_ads: 0.496, bed_util_des: 0.496, des_th: 0.4962537310694075,frac_lost: 0.102, li_recovered:  8.474, time: 0.005925659999775235
L: 0.50, u_super: 0.00586, sec: 360.235, prod: 0.119667, t_ads: 33.1, t_des: 39.4, bed_util_ads: 0.464, bed_util_des: 0.463, des_th: 0.46352239324659805,frac_lost: 0.100, li_recovered:  8.673, time: 0.0066654180009209085
L: 0.50, u_super: 0.00175, sec: 95.154, prod: 0.038258, t_ads: 109.2, t_des: 94.4, bed_util_ads: 0.498, bed_util_des: 0.498, des_th: 0.497606546962693,frac_lost: 0.104, li_recovered:  7.791, time: 0.006447833999118302
L: 0.50, u_super: 0.00896, sec: 516.991, prod: 0.202764, t_ads: 21.9, t_des: 19.8, bed_util_ads: 0.500, bed_util_des: 0.500, des_th: 0.49977162593038227,frac_lost: 0.108, li_recovered:  8.453, time: 0.007057214999804273
L: 0.50, u_super: 0.00371, sec: 202.069, prod: 0.082939, t_ads: 52.5, t_des: 46.3, bed_util_ads: 0.500, bed_util_des: 0.500, des_th: 0.4995315362161123,frac_lost: 0.108, li_recovered:  8.194, time: 0.00766103499881865
L: 0.50, u_super: 0.00417, sec: 227.261, prod: 0.093608, t_ads: 46.6, t_des: 41.7, bed_util_ads: 0.499, bed_util_des: 0.499, des_th: 0.4991249787062882,frac_lost: 0.105, li_recovered:  8.265, time: 0.005749340998590924
L: 0.50, u_super: 0.00964, sec: 581.441, prod: 0.210594, t_ads: 20.3, t_des: 21.1, bed_util_ads: 0.482, bed_util_des: 0.482, des_th: 0.48172956925782706,frac_lost: 0.105, li_recovered:  8.700, time: 0.005967020000753109
L: 0.50, u_super: 0.00824, sec: 495.233, prod: 0.177478, t_ads: 23.7, t_des: 25.3, bed_util_ads: 0.478, bed_util_des: 0.477, des_th: 0.4774025565082716,frac_lost: 0.104, li_recovered:  8.697, time: 0.007857311000407208
L: 36.93, u_super: 0.00770 — INFEASIBLE (li_recovered=0.000e+00), time: 0.0017698419997032033
L: 0.50, u_super: 0.00617, sec: 343.458, prod: 0.139631, t_ads: 31.5, t_des: 28.5, bed_util_ads: 0.499, bed_util_des: 0.499, des_th: 0.49909379533939857,frac_lost: 0.102, li_recovered:  8.366, time: 0.005384551999668474
L: 0.50, u_super: 0.00370, sec: 201.409, prod: 0.082695, t_ads: 52.7, t_des: 46.5, bed_util_ads: 0.500, bed_util_des: 0.500, des_th: 0.499772352651201,frac_lost: 0.108, li_recovered:  8.205, time: 0.006430199000533321
L: 0.50, u_super: 0.00320, sec: 173.609, prod: 0.071529, t_ads: 60.2, t_des: 52.9, bed_util_ads: 0.500, bed_util_des: 0.499, des_th: 0.49947577419926403,frac_lost: 0.102, li_recovered:  8.092, time: 0.007509207000111928
L: 0.50, u_super: 0.00008, sec: 6.516, prod: 0.001103, t_ads: 2093.4, t_des: 3306.2, bed_util_ads: 0.286, bed_util_des: 0.239, des_th: 0.2389725768891534,frac_lost: 0.101, li_recovered:  5.954, time: 0.008593074000600609
L: 33.80, u_super: 0.00947 — INFEASIBLE (li_recovered=0.000e+00), time: 0.002480380000633886
L: 29.30, u_super: 0.00563 — INFEASIBLE (li_recovered=0.000e+00), time: 0.001934519001224544
L: 38.05, u_super: 0.00018 — INFEASIBLE (li_recovered=0.000e+00), time: 0.0011178620006830897
L: 0.50, u_super: 0.00244, sec: 131.076, prod: 0.054308, t_ads: 79.0, t_des: 71.3, bed_util_ads: 0.494, bed_util_des: 0.494, des_th: 0.49403513390046333,frac_lost: 0.103, li_recovered:  8.163, time: 0.006662017000053311
L: 0.50, u_super: 0.00972, sec: 565.863, prod: 0.220324, t_ads: 20.1, t_des: 18.2, bed_util_ads: 0.499, bed_util_des: 0.499, des_th: 0.4991249787062882,frac_lost: 0.106, li_recovered:  8.446, time: 0.006649832999755745
L: 0.50, u_super: 0.00129, sec: 69.684, prod: 0.028116, t_ads: 146.8, t_des: 133.4, bed_util_ads: 0.488, bed_util_des: 0.488, des_th: 0.48764676694388065,frac_lost: 0.101, li_recovered:  7.879, time: 0.0050650720004341565
L: 0.50, u_super: 0.00442, sec: 273.079, prod: 0.088172, t_ads: 43.8, t_des: 54.3, bed_util_ads: 0.458, bed_util_des: 0.457, des_th: 0.45721298470366045,frac_lost: 0.101, li_recovered:  8.645, time: 0.0059964529991702875
L: 0.50, u_super: 0.00042 — INFEASIBLE (li_recovered=0.000e+00), time: 0.0027186400002392475
L: 0.50, u_super: 0.00916, sec: 528.763, prod: 0.207552, t_ads: 21.3, t_des: 19.3, bed_util_ads: 0.500, bed_util_des: 0.500, des_th: 0.4996642750146314,frac_lost: 0.105, li_recovered:  8.435, time: 0.005735576000006404
L: 0.50, u_super: 0.00489, sec: 268.250, prod: 0.110149, t_ads: 39.8, t_des: 36.3, bed_util_ads: 0.496, bed_util_des: 0.496, des_th: 0.4958985677964474,frac_lost: 0.104, li_recovered:  8.385, time: 0.007089741000527283
L: 0.50, u_super: 0.00937, sec: 542.174, prod: 0.212377, t_ads: 20.8, t_des: 18.7, bed_util_ads: 0.500, bed_util_des: 0.500, des_th: 0.49981404523710615,frac_lost: 0.104, li_recovered:  8.395, time: 0.007987070999661228
L: 0.50, u_super: 0.00888, sec: 511.724, prod: 0.201142, t_ads: 22.0, t_des: 20.0, bed_util_ads: 0.499, bed_util_des: 0.499, des_th: 0.49908378795470304,frac_lost: 0.106, li_recovered:  8.444, time: 0.007572137999886763
L: 5.62, u_super: 0.00014 — INFEASIBLE (li_recovered=0.000e+00), time: 0.0012212179990456207
L: 0.50, u_super: 0.00693, sec: 388.695, prod: 0.157088, t_ads: 28.0, t_des: 25.7, bed_util_ads: 0.496, bed_util_des: 0.496, des_th: 0.4962537310694075,frac_lost: 0.100, li_recovered:  8.434, time: 0.005763262999607832
L: 0.50, u_super: 0.00916, sec: 579.921, prod: 0.189243, t_ads: 21.3, t_des: 24.7, bed_util_ads: 0.469, bed_util_des: 0.468, des_th: 0.46814810491214415,frac_lost: 0.104, li_recovered:  8.712, time: 0.006317331999525777
   634 |    25360 |     40 |  0.0023020816 |             f
L: 0.50, u_super: 0.00845, sec: 484.342, prod: 0.191180, t_ads: 23.2, t_des: 21.0, bed_util_ads: 0.500, bed_util_des: 0.500, des_th: 0.4997313559352927,frac_lost: 0.107, li_recovered:  8.439, time: 0.005993675000354415
L: 0.50, u_super: 0.00236, sec: 134.177, prod: 0.049615, t_ads: 81.8, t_des: 89.9, bed_util_ads: 0.469, bed_util_des: 0.468, des_th: 0.4681470689523296,frac_lost: 0.103, li_recovered:  8.517, time: 0.004760190000524744
L: 0.50, u_super: 0.00866, sec: 497.180, prod: 0.196311, t_ads: 22.5, t_des: 20.4, bed_util_ads: 0.500, bed_util_des: 0.500, des_th: 0.4996651267475128,frac_lost: 0.105, li_recovered:  8.438, time: 0.005269774999760557
L: 0.50, u_super: 0.00578, sec: 320.208, prod: 0.130823, t_ads: 33.5, t_des: 30.8, bed_util_ads: 0.497, bed_util_des: 0.496, des_th: 0.4964726137158985,frac_lost: 0.101, li_recovered:  8.412, time: 0.005622408998533501
L: 0.50, u_super: 0.00470, sec: 257.745, prod: 0.105949, t_ads: 41.4, t_des: 37.8, bed_util_ads: 0.497, bed_util_des: 0.497, des_th: 0.49702984469002515,frac_lost: 0.105, li_recovered:  8.386, time: 0.005500276000020676
L: 0.50, u_super: 0.00810, sec: 461.836, prod: 0.183241, t_ads: 24.1, t_des: 21.7, bed_util_ads: 0.500, bed_util_des: 0.500, des_th: 0.4995779085704646,frac_lost: 0.105, li_recovered:  8.399, time: 0.0067533090004872065
L: 36.27, u_super: 0.00668 — INFEASIBLE (li_recovered=0.000e+00), time: 0.001714911000817665
L: 0.50, u_super: 0.00615, sec: 342.258, prod: 0.138943, t_ads: 31.6, t_des: 29.2, bed_util_ads: 0.496, bed_util_des: 0.496, des_th: 0.4958432876134206,frac_lost: 0.103, li_recovered:  8.458, time: 0.006103685000198311
L: 0.50, u_super: 0.00990, sec: 576.015, prod: 0.224810, t_ads: 19.7, t_des: 17.9, bed_util_ads: 0.500, bed_util_des: 0.499, des_th: 0.49941800771673645,frac_lost: 0.102, li_recovered:  8.443, time: 0.006776311000066926
L: 0.50, u_super: 0.00634, sec: 353.400, prod: 0.143409, t_ads: 30.6, t_des: 27.4, bed_util_ads: 0.499, bed_util_des: 0.499, des_th: 0.49909379533939857,frac_lost: 0.100, li_recovered:  8.322, time: 0.0051137850005034124
L: 0.50, u_super: 0.00550, sec: 304.046, prod: 0.124351, t_ads: 35.2, t_des: 31.5, bed_util_ads: 0.499, bed_util_des: 0.499, des_th: 0.4985926606419969,frac_lost: 0.101, li_recovered:  8.299, time: 0.0065458099998068064
L: 0.50, u_super: 0.00777, sec: 442.108, prod: 0.175744, t_ads: 25.2, t_des: 22.8, bed_util_ads: 0.500, bed_util_des: 0.500, des_th: 0.4995390634910861,frac_lost: 0.108, li_recovered:  8.427, time: 0.006472863999078982
L: 0.50, u_super: 0.00285, sec: 153.692, prod: 0.063521, t_ads: 67.8, t_des: 60.2, bed_util_ads: 0.498, bed_util_des: 0.497, des_th: 0.49731370478992537,frac_lost: 0.103, li_recovered:  8.128, time: 0.00513902400052757
L: 0.50, u_super: 0.00175, sec: 95.489, prod: 0.038124, t_ads: 109.0, t_des: 93.3, bed_util_ads: 0.498, bed_util_des: 0.498, des_th: 0.4976885649965097,frac_lost: 0.102, li_recovered:  7.711, time: 0.005632651000269107
L: 0.50, u_super: 0.00379, sec: 205.816, prod: 0.084992, t_ads: 51.4, t_des: 47.1, bed_util_ads: 0.496, bed_util_des: 0.495, des_th: 0.49548177733770526,frac_lost: 0.107, li_recovered:  8.370, time: 0.0057768599999690196
L: 0.50, u_super: 0.00258, sec: 139.577, prod: 0.057129, t_ads: 74.6, t_des: 73.0, bed_util_ads: 0.484, bed_util_des: 0.484, des_th: 0.4837214222640962,frac_lost: 0.101, li_recovered:  8.436, time: 0.0059498200007510604
L: 0.50, u_super: 0.00442, sec: 242.199, prod: 0.099414, t_ads: 44.0, t_des: 39.3, bed_util_ads: 0.500, bed_util_des: 0.499, des_th: 0.4994332090037381,frac_lost: 0.106, li_recovered:  8.281, time: 0.0064961220014083665
L: 0.50, u_super: 0.00841, sec: 559.916, prod: 0.163717, t_ads: 23.2, t_des: 30.0, bed_util_ads: 0.455, bed_util_des: 0.454, des_th: 0.45412839997818516,frac_lost: 0.104, li_recovered:  8.711, time: 0.006325775000732392
L: 24.23, u_super: 0.00504 — INFEASIBLE (li_recovered=0.000e+00), time: 0.002206103001299198
L: 0.50, u_super: 0.00013, sec: 17.649, prod: 0.001048, t_ads: 1598.1, t_des: 6707.8, bed_util_ads: 0.236, bed_util_des: 0.154, des_th: 0.15396495095409013,frac_lost: 0.104, li_recovered:  8.705, time: 0.014929824999853736
L: 0.50, u_super: 0.00006 — INFEASIBLE (li_recovered=0.000e+00), time: 0.0011470469999039778
L: 0.50, u_super: 0.00471, sec: 258.392, prod: 0.106142, t_ads: 41.3, t_des: 37.7, bed_util_ads: 0.496, bed_util_des: 0.496, des_th: 0.49622734046283995,frac_lost: 0.105, li_recovered:  8.383, time: 0.004839684999751626
L: 0.50, u_super: 0.00786, sec: 447.617, prod: 0.177758, t_ads: 24.9, t_des: 22.3, bed_util_ads: 0.500, bed_util_des: 0.500, des_th: 0.49953458116363797,frac_lost: 0.107, li_recovered:  8.396, time: 0.004637862000890891
L: 0.50, u_super: 0.00112, sec: 62.873, prod: 0.023318, t_ads: 170.1, t_des: 182.7, bed_util_ads: 0.465, bed_util_des: 0.462, des_th: 0.4622668517218932,frac_lost: 0.104, li_recovered:  8.228, time: 0.0047013310013426235
L: 68.73, u_super: 0.00728 — INFEASIBLE (li_recovered=0.000e+00), time: 0.001582156000949908
L: 0.50, u_super: 0.00423, sec: 231.358, prod: 0.095124, t_ads: 46.0, t_des: 41.0, bed_util_ads: 0.499, bed_util_des: 0.499, des_th: 0.4991249787062882,frac_lost: 0.106, li_recovered:  8.275, time: 0.004493055999773787
L: 0.50, u_super: 0.00459, sec: 251.953, prod: 0.103306, t_ads: 42.4, t_des: 37.7, bed_util_ads: 0.500, bed_util_des: 0.500, des_th: 0.49960773048959495,frac_lost: 0.105, li_recovered:  8.269, time: 0.004689616998803103
L: 0.50, u_super: 0.00899, sec: 521.861, prod: 0.202317, t_ads: 21.7, t_des: 20.9, bed_util_ads: 0.492, bed_util_des: 0.492, des_th: 0.4917922462109933,frac_lost: 0.103, li_recovered:  8.614, time: 0.005543764000321971
L: 0.50, u_super: 0.00667, sec: 385.233, prod: 0.146296, t_ads: 29.1, t_des: 30.1, bed_util_ads: 0.482, bed_util_des: 0.481, des_th: 0.4812277994068399,frac_lost: 0.100, li_recovered:  8.660, time: 0.005483163999087992
L: 46.53, u_super: 0.00571 — INFEASIBLE (li_recovered=0.000e+00), time: 0.0011590049998631002
L: 0.50, u_super: 0.00332, sec: 180.164, prod: 0.074019, t_ads: 58.7, t_des: 51.7, bed_util_ads: 0.499, bed_util_des: 0.499, des_th: 0.4988002747768979,frac_lost: 0.109, li_recovered:  8.176, time: 0.0049993560005532345
L: 0.50, u_super: 0.00207, sec: 111.541, prod: 0.045622, t_ads: 92.5, t_des: 81.3, bed_util_ads: 0.496, bed_util_des: 0.496, des_th: 0.495782411244967,frac_lost: 0.100, li_recovered:  7.928, time: 0.004635250999854179
L: 0.50, u_super: 0.00645, sec: 384.488, prod: 0.136861, t_ads: 30.4, t_des: 33.1, bed_util_ads: 0.476, bed_util_des: 0.475, des_th: 0.47526559123598744,frac_lost: 0.109, li_recovered:  8.686, time: 0.007708071998422383
L: 0.50, u_super: 0.00637, sec: 355.225, prod: 0.144136, t_ads: 30.5, t_des: 27.6, bed_util_ads: 0.499, bed_util_des: 0.499, des_th: 0.49891556459076425,frac_lost: 0.102, li_recovered:  8.367, time: 0.005192934000660898
L: 0.50, u_super: 0.00079, sec: 43.943, prod: 0.016707, t_ads: 234.7, t_des: 238.4, bed_util_ads: 0.466, bed_util_des: 0.464, des_th: 0.4638003670514307,frac_lost: 0.100, li_recovered:  7.904, time: 0.007572884000182967
L: 62.88, u_super: 0.00078 — INFEASIBLE (li_recovered=0.000e+00), time: 0.0009765060003701365
L: 14.23, u_super: 0.00442 — INFEASIBLE (li_recovered=0.000e+00), time: 0.0015108709994819947
L: 2.40, u_super: 0.00933, sec: 2666.207, prod: 0.205423, t_ads: 99.2, t_des: 87.4, bed_util_ads: 0.496, bed_util_des: 0.496, des_th: 0.4956914778814774,frac_lost: 0.107, li_recovered:  38.338, time: 0.005344454999431036
L: 0.50, u_super: 0.00829, sec: 474.565, prod: 0.187362, t_ads: 23.7, t_des: 21.6, bed_util_ads: 0.499, bed_util_des: 0.498, des_th: 0.4983842191448421,frac_lost: 0.108, li_recovered:  8.486, time: 0.005724616001316463
L: 20.24, u_super: 0.00074 — INFEASIBLE (li_recovered=0.000e+00), time: 0.0008372890006285161
   635 |    25400 |     40 |  0.0036392537 |             f
L: 0.50, u_super: 0.00238, sec: 128.849, prod: 0.052809, t_ads: 81.0, t_des: 71.1, bed_util_ads: 0.498, bed_util_des: 0.497, des_th: 0.49727931589050534,frac_lost: 0.106, li_recovered:  8.032, time: 0.00601074399855861
L: 68.58, u_super: 0.00770 — INFEASIBLE (li_recovered=0.000e+00), time: 0.0011686859998008003
L: 0.50, u_super: 0.00989, sec: 575.890, prod: 0.224587, t_ads: 19.7, t_des: 17.9, bed_util_ads: 0.500, bed_util_des: 0.499, des_th: 0.4994776710543283,frac_lost: 0.103, li_recovered:  8.447, time: 0.0048914470007730415
L: 0.50, u_super: 0.00747, sec: 423.351, prod: 0.168661, t_ads: 26.2, t_des: 24.1, bed_util_ads: 0.497, bed_util_des: 0.497, des_th: 0.49723503995898677,frac_lost: 0.108, li_recovered:  8.488, time: 0.005328723000275204
L: 0.50, u_super: 0.00109 — INFEASIBLE (li_recovered=0.000e+00), time: 0.00351739899997483
L: 0.50, u_super: 0.00285, sec: 154.045, prod: 0.063376, t_ads: 67.7, t_des: 59.4, bed_util_ads: 0.499, bed_util_des: 0.499, des_th: 0.4986569741101623,frac_lost: 0.102, li_recovered:  8.055, time: 0.004240448999553337
L: 0.50, u_super: 0.00196, sec: 106.703, prod: 0.042820, t_ads: 97.5, t_des: 83.3, bed_util_ads: 0.500, bed_util_des: 0.500, des_th: 0.499772352651201,frac_lost: 0.101, li_recovered:  7.740, time: 0.004205908999210806
L: 0.50, u_super: 0.00455, sec: 249.508, prod: 0.102116, t_ads: 42.8, t_des: 37.8, bed_util_ads: 0.500, bed_util_des: 0.500, des_th: 0.49988372067092307,frac_lost: 0.105, li_recovered:  8.228, time: 0.006260021000343841
L: 0.50, u_super: 0.00613, sec: 340.834, prod: 0.138885, t_ads: 31.6, t_des: 29.0, bed_util_ads: 0.496, bed_util_des: 0.496, des_th: 0.495848738505936,frac_lost: 0.100, li_recovered:  8.419, time: 0.004907481999907759
L: 0.50, u_super: 0.00379, sec: 205.759, prod: 0.085015, t_ads: 51.4, t_des: 47.1, bed_util_ads: 0.496, bed_util_des: 0.495, des_th: 0.49554972315878004,frac_lost: 0.106, li_recovered:  8.368, time: 0.004440893999344553
L: 0.50, u_super: 0.00175, sec: 107.836, prod: 0.033759, t_ads: 110.0, t_des: 140.9, bed_util_ads: 0.447, bed_util_des: 0.444, des_th: 0.4444845417099419,frac_lost: 0.104, li_recovered:  8.468, time: 0.006008141999700456
L: 0.50, u_super: 0.00970, sec: 563.355, prod: 0.219888, t_ads: 20.1, t_des: 18.3, bed_util_ads: 0.500, bed_util_des: 0.500, des_th: 0.4997035868649739,frac_lost: 0.104, li_recovered:  8.449, time: 0.0042325650010752724
L: 0.50, u_super: 0.00315, sec: 170.794, prod: 0.070285, t_ads: 61.3, t_des: 53.8, bed_util_ads: 0.500, bed_util_des: 0.500, des_th: 0.49953707224541205,frac_lost: 0.103, li_recovered:  8.093, time: 0.0070746129986218875
L: 0.50, u_super: 0.00750, sec: 423.539, prod: 0.170051, t_ads: 25.9, t_des: 23.4, bed_util_ads: 0.498, bed_util_des: 0.498, des_th: 0.4982911314207559,frac_lost: 0.100, li_recovered:  8.386, time: 0.005585885000982671
L: 0.50, u_super: 0.00937, sec: 543.213, prod: 0.211971, t_ads: 20.9, t_des: 19.1, bed_util_ads: 0.498, bed_util_des: 0.497, des_th: 0.4974171313536043,frac_lost: 0.108, li_recovered:  8.493, time: 0.007284959001481184
L: 0.50, u_super: 0.00579, sec: 320.984, prod: 0.130905, t_ads: 33.5, t_des: 30.0, bed_util_ads: 0.500, bed_util_des: 0.500, des_th: 0.499772352651201,frac_lost: 0.101, li_recovered:  8.315, time: 0.004639536999093252
L: 0.50, u_super: 0.00578, sec: 3888.238, prod: 0.010774, t_ads: 33.9, t_des: 781.8, bed_util_ads: 0.164, bed_util_des: 0.159, des_th: 0.15919740617435166,frac_lost: 0.103, li_recovered:  8.788, time: 0.0450107160013431
L: 0.50, u_super: 0.00990, sec: 577.080, prod: 0.224396, t_ads: 19.8, t_des: 17.9, bed_util_ads: 0.500, bed_util_des: 0.500, des_th: 0.4995251483791743,frac_lost: 0.106, li_recovered:  8.456, time: 0.004619396999260061
L: 0.50, u_super: 0.00400, sec: 219.896, prod: 0.089093, t_ads: 48.7, t_des: 47.1, bed_util_ads: 0.488, bed_util_des: 0.488, des_th: 0.4878149268324553,frac_lost: 0.107, li_recovered:  8.534, time: 0.004317609000281664
L: 0.50, u_super: 0.00922, sec: 533.499, prod: 0.208827, t_ads: 21.2, t_des: 19.7, bed_util_ads: 0.496, bed_util_des: 0.496, des_th: 0.49619740197497236,frac_lost: 0.104, li_recovered:  8.536, time: 0.0046696189983777
L: 0.50, u_super: 0.00504, sec: 277.175, prod: 0.113833, t_ads: 38.5, t_des: 35.2, bed_util_ads: 0.497, bed_util_des: 0.497, des_th: 0.49690255943682055,frac_lost: 0.103, li_recovered:  8.392, time: 0.004170483000052627
L: 0.50, u_super: 0.00525, sec: 289.025, prod: 0.118579, t_ads: 37.0, t_des: 33.9, bed_util_ads: 0.496, bed_util_des: 0.496, des_th: 0.4957890128956231,frac_lost: 0.102, li_recovered:  8.398, time: 0.004265973999281414
L: 0.50, u_super: 0.00266, sec: 143.700, prod: 0.059277, t_ads: 72.5, t_des: 64.3, bed_util_ads: 0.497, bed_util_des: 0.497, des_th: 0.49665931545951264,frac_lost: 0.104, li_recovered:  8.113, time: 0.005331041000317782
L: 0.50, u_super: 0.00018, sec: 24.895, prod: 0.001438, t_ads: 1122.5, t_des: 4829.4, bed_util_ads: 0.247, bed_util_des: 0.180, des_th: 0.18066928377257696,frac_lost: 0.100, li_recovered:  8.561, time: 0.010824073000549106
L: 0.50, u_super: 0.00718, sec: 453.883, prod: 0.144996, t_ads: 27.2, t_des: 32.8, bed_util_ads: 0.463, bed_util_des: 0.463, des_th: 0.4628633394070171,frac_lost: 0.105, li_recovered:  8.699, time: 0.004761006999615347
L: 2.39, u_super: 0.00668, sec: 1851.161, prod: 0.146148, t_ads: 136.9, t_des: 127.4, bed_util_ads: 0.486, bed_util_des: 0.485, des_th: 0.48523368862459587,frac_lost: 0.107, li_recovered:  38.626, time: 0.0043025970007875
L: 0.50, u_super: 0.00380, sec: 206.800, prod: 0.085390, t_ads: 51.2, t_des: 46.8, bed_util_ads: 0.496, bed_util_des: 0.496, des_th: 0.495782411244967,frac_lost: 0.107, li_recovered:  8.366, time: 0.0049048850014514755
L: 0.50, u_super: 0.00139, sec: 75.023, prod: 0.030356, t_ads: 137.6, t_des: 125.3, bed_util_ads: 0.488, bed_util_des: 0.488, des_th: 0.48764676694388065,frac_lost: 0.106, li_recovered:  7.981, time: 0.004052713000419317
L: 0.50, u_super: 0.00580, sec: 321.016, prod: 0.131128, t_ads: 33.5, t_des: 30.6, bed_util_ads: 0.497, bed_util_des: 0.496, des_th: 0.4964671628233831,frac_lost: 0.101, li_recovered:  8.405, time: 0.004201289000775432
L: 0.50, u_super: 0.00844, sec: 483.828, prod: 0.190786, t_ads: 23.2, t_des: 21.1, bed_util_ads: 0.500, bed_util_des: 0.499, des_th: 0.4995068396906234,frac_lost: 0.108, li_recovered:  8.450, time: 0.004059491999214515
L: 0.50, u_super: 0.00151, sec: 81.451, prod: 0.033191, t_ads: 126.5, t_des: 116.1, bed_util_ads: 0.488, bed_util_des: 0.488, des_th: 0.4876875933306664,frac_lost: 0.105, li_recovered:  8.054, time: 0.004557438000119873
L: 0.50, u_super: 0.00866, sec: 566.769, prod: 0.172207, t_ads: 22.5, t_des: 28.1, bed_util_ads: 0.458, bed_util_des: 0.458, des_th: 0.45780430528641297,frac_lost: 0.102, li_recovered:  8.708, time: 0.004818368000996998
L: 0.50, u_super: 0.00770, sec: 437.302, prod: 0.174075, t_ads: 25.4, t_des: 23.1, bed_util_ads: 0.499, bed_util_des: 0.499, des_th: 0.49929391250688376,frac_lost: 0.107, li_recovered:  8.442, time: 0.0062866389998816885
L: 8.90, u_super: 0.00497 — INFEASIBLE (li_recovered=0.000e+00), time: 0.002607147000162513
L: 0.50, u_super: 0.00285, sec: 154.014, prod: 0.063388, t_ads: 67.7, t_des: 59.4, bed_util_ads: 0.499, bed_util_des: 0.499, des_th: 0.4986440494182921,frac_lost: 0.102, li_recovered:  8.058, time: 0.004260312000042177
L: 0.50, u_super: 0.00259, sec: 139.534, prod: 0.057753, t_ads: 74.2, t_des: 66.2, bed_util_ads: 0.497, bed_util_des: 0.497, des_th: 0.4968278540985321,frac_lost: 0.102, li_recovered:  8.113, time: 0.004449583000678103
L: 0.50, u_super: 0.00005 — INFEASIBLE (li_recovered=0.000e+00), time: 0.000982001998636406
L: 0.50, u_super: 0.00207, sec: 111.521, prod: 0.045630, t_ads: 92.6, t_des: 81.4, bed_util_ads: 0.496, bed_util_des: 0.496, des_th: 0.49567239085433373,frac_lost: 0.101, li_recovered:  7.943, time: 0.004419196999151609
L: 0.50, u_super: 0.00715, sec: 402.430, prod: 0.162170, t_ads: 27.1, t_des: 25.1, bed_util_ads: 0.496, bed_util_des: 0.496, des_th: 0.4962537310694075,frac_lost: 0.100, li_recovered:  8.470, time: 0.004948230000081821
L: 0.50, u_super: 0.00755, sec: 426.944, prod: 0.171221, t_ads: 25.7, t_des: 23.2, bed_util_ads: 0.500, bed_util_des: 0.500, des_th: 0.49986761440168637,frac_lost: 0.101, li_recovered:  8.379, time: 0.008128784998916672
   636 |    25440 |     40 |  0.0028382148 |             f
L: 34.36, u_super: 0.00090 — INFEASIBLE (li_recovered=0.000e+00), time: 0.0012400879986671498
L: 0.50, u_super: 0.00645, sec: 360.337, prod: 0.146033, t_ads: 30.1, t_des: 27.9, bed_util_ads: 0.496, bed_util_des: 0.496, des_th: 0.495548056388418,frac_lost: 0.102, li_recovered:  8.465, time: 0.005952315999820712
L: 0.50, u_super: 0.00709, sec: 401.446, prod: 0.159435, t_ads: 27.7, t_des: 25.9, bed_util_ads: 0.495, bed_util_des: 0.495, des_th: 0.49478359181794107,frac_lost: 0.110, li_recovered:  8.551, time: 0.005183496001336607
L: 0.50, u_super: 0.00049 — INFEASIBLE (li_recovered=0.000e+00), time: 0.002989721000631107
L: 0.50, u_super: 0.00258, sec: 139.533, prod: 0.057040, t_ads: 74.8, t_des: 65.0, bed_util_ads: 0.500, bed_util_des: 0.499, des_th: 0.4995268829770156,frac_lost: 0.103, li_recovered:  7.971, time: 0.0037775969994982006
L: 52.52, u_super: 0.00787 — INFEASIBLE (li_recovered=0.000e+00), time: 0.0009511820007901406
L: 9.69, u_super: 0.00326 — INFEASIBLE (li_recovered=0.000e+00), time: 0.0014043510000192327
L: 0.50, u_super: 0.00577, sec: 320.042, prod: 0.130276, t_ads: 33.6, t_des: 29.8, bed_util_ads: 0.500, bed_util_des: 0.500, des_th: 0.49995336417873504,frac_lost: 0.100, li_recovered:  8.256, time: 0.004869413000051281
L: 0.50, u_super: 0.00315, sec: 170.716, prod: 0.070318, t_ads: 61.2, t_des: 53.7, bed_util_ads: 0.499, bed_util_des: 0.499, des_th: 0.49929960895579467,frac_lost: 0.101, li_recovered:  8.082, time: 0.004964183999618399
L: 10.61, u_super: 0.00111 — INFEASIBLE (li_recovered=0.000e+00), time: 0.0009599280001566513
L: 0.50, u_super: 0.00693, sec: 408.327, prod: 0.149536, t_ads: 28.2, t_des: 29.9, bed_util_ads: 0.479, bed_util_des: 0.479, des_th: 0.4786362476585978,frac_lost: 0.106, li_recovered:  8.683, time: 0.0044663770004262915
L: 0.50, u_super: 0.00504, sec: 277.347, prod: 0.113763, t_ads: 38.6, t_des: 35.3, bed_util_ads: 0.497, bed_util_des: 0.497, des_th: 0.49687412557876415,frac_lost: 0.104, li_recovered:  8.398, time: 0.005260889000055613
L: 0.50, u_super: 0.00016, sec: 21.592, prod: 0.001439, t_ads: 1201.1, t_des: 4687.3, bed_util_ads: 0.252, bed_util_des: 0.185, des_th: 0.1851696623157332,frac_lost: 0.101, li_recovered:  8.474, time: 0.012803110001186724
L: 0.50, u_super: 0.00866, sec: 495.749, prod: 0.196563, t_ads: 22.4, t_des: 20.3, bed_util_ads: 0.500, bed_util_des: 0.500, des_th: 0.4996651267475128,frac_lost: 0.100, li_recovered:  8.393, time: 0.0056838450000213925
L: 0.50, u_super: 0.00208, sec: 112.075, prod: 0.046003, t_ads: 92.8, t_des: 82.8, bed_util_ads: 0.495, bed_util_des: 0.494, des_th: 0.49410212437095813,frac_lost: 0.107, li_recovered:  8.076, time: 0.005665415001203655
L: 0.50, u_super: 0.00628, sec: 359.437, prod: 0.138246, t_ads: 30.9, t_des: 31.7, bed_util_ads: 0.483, bed_util_des: 0.483, des_th: 0.4827899955673983,frac_lost: 0.100, li_recovered:  8.649, time: 0.004613861001416808
L: 0.50, u_super: 0.00457, sec: 275.419, prod: 0.093493, t_ads: 42.4, t_des: 50.0, bed_util_ads: 0.464, bed_util_des: 0.463, des_th: 0.4629948565730871,frac_lost: 0.102, li_recovered:  8.645, time: 0.005496691999724135
L: 109.71, u_super: 0.00563 — INFEASIBLE (li_recovered=0.000e+00), time: 0.0010538959995756159
L: 39.81, u_super: 0.00332 — INFEASIBLE (li_recovered=0.000e+00), time: 0.0011774449994845781
L: 0.50, u_super: 0.00139, sec: 74.966, prod: 0.030363, t_ads: 137.4, t_des: 125.4, bed_util_ads: 0.488, bed_util_des: 0.487, des_th: 0.4874224955009728,frac_lost: 0.105, li_recovered:  7.982, time: 0.0072430220006936
L: 0.50, u_super: 0.00332, sec: 179.939, prod: 0.074111, t_ads: 58.2, t_des: 51.1, bed_util_ads: 0.500, bed_util_des: 0.500, des_th: 0.4998059805463118,frac_lost: 0.102, li_recovered:  8.099, time: 0.00909953299924382
L: 0.50, u_super: 0.00009, sec: 9.250, prod: 0.000996, t_ads: 2170.3, t_des: 5934.9, bed_util_ads: 0.251, bed_util_des: 0.170, des_th: 0.16991553720618693,frac_lost: 0.102, li_recovered:  8.071, time: 0.011362105999069172
L: 0.50, u_super: 0.00824, sec: 471.486, prod: 0.186413, t_ads: 23.8, t_des: 21.6, bed_util_ads: 0.500, bed_util_des: 0.500, des_th: 0.4995605685116587,frac_lost: 0.108, li_recovered:  8.449, time: 0.004026411999802804
L: 18.48, u_super: 0.00973 — INFEASIBLE (li_recovered=0.000e+00), time: 0.001763866001056158
L: 0.50, u_super: 0.00809, sec: 461.412, prod: 0.183022, t_ads: 24.2, t_des: 21.7, bed_util_ads: 0.500, bed_util_des: 0.500, des_th: 0.4995779085704646,frac_lost: 0.105, li_recovered:  8.385, time: 0.004998022999643581
L: 0.50, u_super: 0.00285, sec: 153.617, prod: 0.063552, t_ads: 67.7, t_des: 60.2, bed_util_ads: 0.497, bed_util_des: 0.497, des_th: 0.49713914972135603,frac_lost: 0.102, li_recovered:  8.127, time: 0.0054045079996285494
L: 6.54, u_super: 0.00370 — INFEASIBLE (li_recovered=0.000e+00), time: 0.0021425249997264473
L: 0.50, u_super: 0.00185, sec: 100.104, prod: 0.040675, t_ads: 103.3, t_des: 90.4, bed_util_ads: 0.496, bed_util_des: 0.495, des_th: 0.4954712452755432,frac_lost: 0.102, li_recovered:  7.879, time: 0.004754933001095196
L: 0.50, u_super: 0.00007, sec: 6.872, prod: 0.000901, t_ads: 2583.6, t_des: 5927.4, bed_util_ads: 0.252, bed_util_des: 0.172, des_th: 0.1723689090289617,frac_lost: 0.101, li_recovered:  7.665, time: 0.0073224330008088145
L: 0.50, u_super: 0.00139, sec: 75.840, prod: 0.030029, t_ads: 136.3, t_des: 117.8, bed_util_ads: 0.495, bed_util_des: 0.495, des_th: 0.4951816515853959,frac_lost: 0.101, li_recovered:  7.631, time: 0.003374374999111751
L: 0.50, u_super: 0.00105, sec: 57.795, prod: 0.022561, t_ads: 178.3, t_des: 157.5, bed_util_ads: 0.488, bed_util_des: 0.487, des_th: 0.48743795317633154,frac_lost: 0.101, li_recovered:  7.576, time: 0.006064045001039631
L: 0.50, u_super: 0.00741, sec: 419.117, prod: 0.167638, t_ads: 26.4, t_des: 24.0, bed_util_ads: 0.499, bed_util_des: 0.499, des_th: 0.49874004726004917,frac_lost: 0.105, li_recovered:  8.442, time: 0.006820055001298897
L: 25.35, u_super: 0.00823 — INFEASIBLE (li_recovered=0.000e+00), time: 0.002008969999224064
L: 19.92, u_super: 0.00972 — INFEASIBLE (li_recovered=0.000e+00), time: 0.0014976139991631499
L: 0.50, u_super: 0.00051 — INFEASIBLE (li_recovered=0.000e+00), time: 0.002184977000069921
L: 0.50, u_super: 0.00357, sec: 194.167, prod: 0.079884, t_ads: 54.4, t_des: 48.1, bed_util_ads: 0.499, bed_util_des: 0.499, des_th: 0.4992578678899693,frac_lost: 0.107, li_recovered:  8.194, time: 0.0056840189990907675
L: 0.50, u_super: 0.00207, sec: 112.492, prod: 0.045237, t_ads: 92.7, t_des: 79.2, bed_util_ads: 0.500, bed_util_des: 0.500, des_th: 0.49953430141310956,frac_lost: 0.102, li_recovered:  7.774, time: 0.0036920250004186528
L: 0.50, u_super: 0.00581, sec: 323.501, prod: 0.130931, t_ads: 33.7, t_des: 31.0, bed_util_ads: 0.497, bed_util_des: 0.496, des_th: 0.49647673973785733,frac_lost: 0.109, li_recovered:  8.468, time: 0.004460917998585501
L: 7.50, u_super: 0.00888 — INFEASIBLE (li_recovered=0.000e+00), time: 0.0026976629997079726
L: 11.50, u_super: 0.00691 — INFEASIBLE (li_recovered=0.000e+00), time: 0.0025881490000756457
   637 |    25480 |     40 |  0.0019271689 |             f
L: 0.50, u_super: 0.00246, sec: 133.111, prod: 0.054547, t_ads: 78.5, t_des: 68.7, bed_util_ads: 0.499, bed_util_des: 0.499, des_th: 0.49904903859960414,frac_lost: 0.106, li_recovered:  8.031, time: 0.00473358800081769
L: 15.12, u_super: 0.00005 — INFEASIBLE (li_recovered=0.000e+00), time: 0.0007933630004117731
L: 2.11, u_super: 0.00334 — INFEASIBLE (li_recovered=0.000e+00), time: 0.0025733790007507196
L: 0.50, u_super: 0.00625, sec: 348.408, prod: 0.141429, t_ads: 31.1, t_des: 28.2, bed_util_ads: 0.499, bed_util_des: 0.499, des_th: 0.49903318097762916,frac_lost: 0.103, li_recovered:  8.384, time: 0.0036306860001786845
L: 0.50, u_super: 0.00987, sec: 575.109, prod: 0.223630, t_ads: 19.8, t_des: 18.0, bed_util_ads: 0.500, bed_util_des: 0.499, des_th: 0.49941708604979684,frac_lost: 0.106, li_recovered:  8.462, time: 0.004304530999434064
L: 0.50, u_super: 0.00163, sec: 87.467, prod: 0.035830, t_ads: 117.7, t_des: 109.1, bed_util_ads: 0.489, bed_util_des: 0.488, des_th: 0.4878419254114018,frac_lost: 0.105, li_recovered:  8.127, time: 0.003857325998978922
L: 0.50, u_super: 0.00072 — INFEASIBLE (li_recovered=0.000e+00), time: 0.001908833999550552
L: 0.50, u_super: 0.00486, sec: 266.749, prod: 0.109391, t_ads: 40.1, t_des: 36.1, bed_util_ads: 0.498, bed_util_des: 0.498, des_th: 0.49827824083281613,frac_lost: 0.105, li_recovered:  8.334, time: 0.003961832000641152
L: 0.50, u_super: 0.00310, sec: 167.991, prod: 0.069251, t_ads: 62.2, t_des: 54.8, bed_util_ads: 0.499, bed_util_des: 0.499, des_th: 0.4991132733576663,frac_lost: 0.102, li_recovered:  8.102, time: 0.003661785000076634
L: 0.50, u_super: 0.00902, sec: 520.033, prod: 0.204391, t_ads: 21.7, t_des: 19.7, bed_util_ads: 0.499, bed_util_des: 0.499, des_th: 0.499052042915112,frac_lost: 0.105, li_recovered:  8.453, time: 0.0037694459988415474
L: 0.50, u_super: 0.00605, sec: 336.097, prod: 0.136902, t_ads: 32.1, t_des: 29.0, bed_util_ads: 0.499, bed_util_des: 0.499, des_th: 0.49866580935910587,frac_lost: 0.101, li_recovered:  8.364, time: 0.005232423000052222
L: 22.77, u_super: 0.00525 — INFEASIBLE (li_recovered=0.000e+00), time: 0.001318411999818636
L: 0.50, u_super: 0.00373, sec: 202.985, prod: 0.083429, t_ads: 52.2, t_des: 46.1, bed_util_ads: 0.500, bed_util_des: 0.499, des_th: 0.49950311933746705,frac_lost: 0.106, li_recovered:  8.194, time: 0.003853918000459089
L: 0.50, u_super: 0.00062 — INFEASIBLE (li_recovered=0.000e+00), time: 0.0021320150008250494
L: 0.50, u_super: 0.00444, sec: 252.471, prod: 0.095972, t_ads: 43.7, t_des: 46.1, bed_util_ads: 0.478, bed_util_des: 0.478, des_th: 0.47767336222790774,frac_lost: 0.103, li_recovered:  8.626, time: 0.004990781999367755
L: 0.50, u_super: 0.00866, sec: 495.749, prod: 0.196563, t_ads: 22.4, t_des: 20.3, bed_util_ads: 0.500, bed_util_des: 0.500, des_th: 0.4996651267475128,frac_lost: 0.100, li_recovered:  8.393, time: 0.003710118999151746
L: 0.50, u_super: 0.00888, sec: 511.724, prod: 0.201142, t_ads: 22.0, t_des: 20.0, bed_util_ads: 0.499, bed_util_des: 0.499, des_th: 0.49908378795470304,frac_lost: 0.106, li_recovered:  8.444, time: 0.0038728050003555836
L: 0.50, u_super: 0.00238, sec: 128.238, prod: 0.053061, t_ads: 80.8, t_des: 72.8, bed_util_ads: 0.494, bed_util_des: 0.494, des_th: 0.49403513390046333,frac_lost: 0.104, li_recovered:  8.149, time: 0.004079730000739801
L: 0.50, u_super: 0.00407, sec: 236.763, prod: 0.085617, t_ads: 47.8, t_des: 52.9, bed_util_ads: 0.472, bed_util_des: 0.471, des_th: 0.4708429609395167,frac_lost: 0.105, li_recovered:  8.629, time: 0.0041730279990588315
L: 0.50, u_super: 0.00693, sec: 390.792, prod: 0.156414, t_ads: 28.3, t_des: 25.3, bed_util_ads: 0.500, bed_util_des: 0.500, des_th: 0.4999053263187582,frac_lost: 0.109, li_recovered:  8.376, time: 0.0035764930016739527
L: 0.50, u_super: 0.00959, sec: 556.640, prod: 0.217313, t_ads: 20.4, t_des: 18.5, bed_util_ads: 0.499, bed_util_des: 0.499, des_th: 0.49909379533939857,frac_lost: 0.105, li_recovered:  8.458, time: 0.00390923700069834
L: 0.50, u_super: 0.00430, sec: 234.891, prod: 0.096662, t_ads: 45.2, t_des: 40.3, bed_util_ads: 0.500, bed_util_des: 0.499, des_th: 0.4994332090037381,frac_lost: 0.104, li_recovered:  8.265, time: 0.0035355590007384308
L: 0.50, u_super: 0.00129, sec: 71.891, prod: 0.027298, t_ads: 147.2, t_des: 121.8, bed_util_ads: 0.498, bed_util_des: 0.498, des_th: 0.49828826591365144,frac_lost: 0.105, li_recovered:  7.345, time: 0.003538507999110152
L: 0.50, u_super: 0.00226, sec: 122.548, prod: 0.049579, t_ads: 85.6, t_des: 73.6, bed_util_ads: 0.500, bed_util_des: 0.500, des_th: 0.4995278046439552,frac_lost: 0.106, li_recovered:  7.891, time: 0.0044589799999812385
L: 0.50, u_super: 0.00539, sec: 297.440, prod: 0.121686, t_ads: 36.1, t_des: 32.7, bed_util_ads: 0.499, bed_util_des: 0.498, des_th: 0.4983932386682567,frac_lost: 0.103, li_recovered:  8.364, time: 0.003816683998593362
L: 0.50, u_super: 0.00558, sec: 340.985, prod: 0.113938, t_ads: 35.1, t_des: 41.0, bed_util_ads: 0.466, bed_util_des: 0.466, des_th: 0.4656732367149878,frac_lost: 0.109, li_recovered:  8.678, time: 0.005927355001404067
L: 7.06, u_super: 0.00261 — INFEASIBLE (li_recovered=0.000e+00), time: 0.0015225480001390679
L: 82.03, u_super: 0.00367 — INFEASIBLE (li_recovered=0.000e+00), time: 0.0007936570000310894
L: 0.50, u_super: 0.00889, sec: 511.732, prod: 0.201450, t_ads: 22.0, t_des: 19.9, bed_util_ads: 0.500, bed_util_des: 0.500, des_th: 0.49969687133488017,frac_lost: 0.105, li_recovered:  8.442, time: 0.0039295480000873795
L: 0.50, u_super: 0.00990, sec: 576.410, prod: 0.224655, t_ads: 19.7, t_des: 17.7, bed_util_ads: 0.500, bed_util_des: 0.500, des_th: 0.49965874171689645,frac_lost: 0.103, li_recovered:  8.395, time: 0.006270912999752909
L: 0.50, u_super: 0.00645, sec: 362.038, prod: 0.145453, t_ads: 30.3, t_des: 28.2, bed_util_ads: 0.496, bed_util_des: 0.496, des_th: 0.49554809274172407,frac_lost: 0.108, li_recovered:  8.512, time: 0.004257115999280359
L: 9.34, u_super: 0.00258 — INFEASIBLE (li_recovered=0.000e+00), time: 0.002271497998663108
L: 0.50, u_super: 0.00580, sec: 321.169, prod: 0.131066, t_ads: 33.5, t_des: 30.7, bed_util_ads: 0.497, bed_util_des: 0.497, des_th: 0.4965899882143665,frac_lost: 0.102, li_recovered:  8.421, time: 0.004606533999321982
L: 0.50, u_super: 0.00484, sec: 265.637, prod: 0.109135, t_ads: 40.1, t_des: 36.2, bed_util_ads: 0.499, bed_util_des: 0.498, des_th: 0.4984592045700664,frac_lost: 0.104, li_recovered:  8.329, time: 0.0040111630005412735
L: 6.44, u_super: 0.00049 — INFEASIBLE (li_recovered=0.000e+00), time: 0.0011212419994990341
L: 0.50, u_super: 0.00937, sec: 542.174, prod: 0.212377, t_ads: 20.8, t_des: 18.7, bed_util_ads: 0.500, bed_util_des: 0.500, des_th: 0.49981404523710615,frac_lost: 0.104, li_recovered:  8.395, time: 0.0043877910011360655
L: 0.50, u_super: 0.00442, sec: 241.916, prod: 0.099530, t_ads: 43.7, t_des: 38.7, bed_util_ads: 0.500, bed_util_des: 0.500, des_th: 0.4996788817142199,frac_lost: 0.100, li_recovered:  8.204, time: 0.004491566000069724
L: 0.50, u_super: 0.00023, sec: 31.246, prod: 0.001962, t_ads: 847.8, t_des: 3463.7, bed_util_ads: 0.262, bed_util_des: 0.208, des_th: 0.2084381350667138,frac_lost: 0.100, li_recovered:  8.460, time: 0.009995355001592543
L: 0.50, u_super: 0.00332, sec: 180.224, prod: 0.073994, t_ads: 58.7, t_des: 55.6, bed_util_ads: 0.491, bed_util_des: 0.491, des_th: 0.4906908432310165,frac_lost: 0.107, li_recovered:  8.455, time: 0.003962570001021959
L: 0.50, u_super: 0.00775, sec: 439.424, prod: 0.175911, t_ads: 25.0, t_des: 22.6, bed_util_ads: 0.500, bed_util_des: 0.499, des_th: 0.4994471378281268,frac_lost: 0.100, li_recovered:  8.384, time: 0.004361160999906133
   638 |    25520 |     40 |  0.0048292446 |             f
L: 0.50, u_super: 0.00485, sec: 266.245, prod: 0.109144, t_ads: 40.1, t_des: 37.5, bed_util_ads: 0.493, bed_util_des: 0.493, des_th: 0.4929510646374187,frac_lost: 0.103, li_recovered:  8.471, time: 0.004716569999800413
L: 51.75, u_super: 0.00075 — INFEASIBLE (li_recovered=0.000e+00), time: 0.0011947769999096636
L: 0.50, u_super: 0.00693, sec: 390.310, prod: 0.156438, t_ads: 28.3, t_des: 25.4, bed_util_ads: 0.500, bed_util_des: 0.500, des_th: 0.49964183094879083,frac_lost: 0.108, li_recovered:  8.393, time: 0.005805762999443687
L: 20.12, u_super: 0.00258 — INFEASIBLE (li_recovered=0.000e+00), time: 0.00192412499927741
L: 15.33, u_super: 0.00522 — INFEASIBLE (li_recovered=0.000e+00), time: 0.0023103860003175214
L: 0.50, u_super: 0.00844, sec: 483.828, prod: 0.190786, t_ads: 23.2, t_des: 21.1, bed_util_ads: 0.500, bed_util_des: 0.499, des_th: 0.4995068396906234,frac_lost: 0.108, li_recovered:  8.450, time: 0.004204630000458565
L: 0.50, u_super: 0.00587, sec: 329.402, prod: 0.130995, t_ads: 33.2, t_des: 32.5, bed_util_ads: 0.488, bed_util_des: 0.488, des_th: 0.4876859139820366,frac_lost: 0.103, li_recovered:  8.600, time: 0.006427861999327433
L: 0.50, u_super: 0.00040, sec: 24.631, prod: 0.007631, t_ads: 435.8, t_des: 382.0, bed_util_ads: 0.463, bed_util_des: 0.463, des_th: 0.4629870740112471,frac_lost: 0.103, li_recovered:  6.241, time: 0.0032252500004688045
L: 0.50, u_super: 0.00942, sec: 545.885, prod: 0.213513, t_ads: 20.7, t_des: 18.8, bed_util_ads: 0.500, bed_util_des: 0.500, des_th: 0.49981404523710615,frac_lost: 0.105, li_recovered:  8.452, time: 0.0040133929996954976
L: 0.50, u_super: 0.00549, sec: 303.390, prod: 0.124143, t_ads: 35.3, t_des: 31.7, bed_util_ads: 0.499, bed_util_des: 0.499, des_th: 0.49899243952761557,frac_lost: 0.101, li_recovered:  8.307, time: 0.00454697299937834
L: 0.50, u_super: 0.00867, sec: 498.544, prod: 0.196162, t_ads: 22.5, t_des: 20.9, bed_util_ads: 0.496, bed_util_des: 0.496, des_th: 0.4956347894844362,frac_lost: 0.105, li_recovered:  8.527, time: 0.005070670000350219
L: 0.50, u_super: 0.00285, sec: 153.653, prod: 0.063537, t_ads: 67.8, t_des: 60.3, bed_util_ads: 0.498, bed_util_des: 0.498, des_th: 0.497722639337675,frac_lost: 0.103, li_recovered:  8.136, time: 0.0037460079984157346
L: 0.50, u_super: 0.00937, sec: 543.369, prod: 0.212283, t_ads: 20.8, t_des: 19.4, bed_util_ads: 0.496, bed_util_des: 0.496, des_th: 0.49589643452653537,frac_lost: 0.104, li_recovered:  8.531, time: 0.007285597001100541
L: 6.59, u_super: 0.00877 — INFEASIBLE (li_recovered=0.000e+00), time: 0.00257029700151179
L: 0.50, u_super: 0.00978, sec: 579.646, prod: 0.217852, t_ads: 19.9, t_des: 19.9, bed_util_ads: 0.488, bed_util_des: 0.487, des_th: 0.4874095669696968,frac_lost: 0.103, li_recovered:  8.670, time: 0.00604867599940917
L: 0.50, u_super: 0.00956, sec: 555.296, prod: 0.216719, t_ads: 20.5, t_des: 18.5, bed_util_ads: 0.499, bed_util_des: 0.499, des_th: 0.49909379533939857,frac_lost: 0.106, li_recovered:  8.450, time: 0.004445136000867933
L: 0.50, u_super: 0.00501, sec: 275.392, prod: 0.113023, t_ads: 38.8, t_des: 35.0, bed_util_ads: 0.499, bed_util_des: 0.499, des_th: 0.4986777218516957,frac_lost: 0.103, li_recovered:  8.339, time: 0.00684983400060446
L: 31.38, u_super: 0.00068 — INFEASIBLE (li_recovered=0.000e+00), time: 0.0013674960009666393
L: 0.50, u_super: 0.00006, sec: 4.845, prod: 0.000756, t_ads: 3135.4, t_des: 5591.5, bed_util_ads: 0.256, bed_util_des: 0.186, des_th: 0.18589274645393827,frac_lost: 0.102, li_recovered:  6.599, time: 0.008359903000382474
L: 9.69, u_super: 0.00907 — INFEASIBLE (li_recovered=0.000e+00), time: 0.002644431000589975
L: 0.50, u_super: 0.00808, sec: 461.911, prod: 0.182686, t_ads: 24.2, t_des: 22.5, bed_util_ads: 0.496, bed_util_des: 0.496, des_th: 0.49627711555519893,frac_lost: 0.107, li_recovered:  8.524, time: 0.004462421999051003
L: 6.85, u_super: 0.00645 — INFEASIBLE (li_recovered=0.000e+00), time: 0.0033085240011132555
L: 0.50, u_super: 0.00148, sec: 80.917, prod: 0.031932, t_ads: 129.3, t_des: 110.5, bed_util_ads: 0.497, bed_util_des: 0.497, des_th: 0.49684773404699323,frac_lost: 0.107, li_recovered:  7.660, time: 0.005171327999050845
L: 60.78, u_super: 0.00990 — INFEASIBLE (li_recovered=0.000e+00), time: 0.001641033999476349
L: 0.50, u_super: 0.00393, sec: 215.702, prod: 0.087613, t_ads: 49.4, t_des: 47.9, bed_util_ads: 0.489, bed_util_des: 0.488, des_th: 0.4884183655866756,frac_lost: 0.105, li_recovered:  8.530, time: 0.0062997540007927455
L: 41.29, u_super: 0.00728 — INFEASIBLE (li_recovered=0.000e+00), time: 0.0017089310003939318
L: 0.50, u_super: 0.00498, sec: 274.047, prod: 0.112412, t_ads: 39.0, t_des: 35.6, bed_util_ads: 0.497, bed_util_des: 0.497, des_th: 0.49690255943682055,frac_lost: 0.105, li_recovered:  8.385, time: 0.004969793999407557
L: 0.50, u_super: 0.00959, sec: 556.256, prod: 0.217596, t_ads: 20.3, t_des: 18.5, bed_util_ads: 0.499, bed_util_des: 0.499, des_th: 0.49908903719336783,frac_lost: 0.103, li_recovered:  8.452, time: 0.00630336799986253
L: 0.50, u_super: 0.00644, sec: 359.507, prod: 0.145676, t_ads: 30.1, t_des: 27.0, bed_util_ads: 0.500, bed_util_des: 0.500, des_th: 0.4995727484733616,frac_lost: 0.100, li_recovered:  8.314, time: 0.006059656998331775
L: 0.50, u_super: 0.00175, sec: 95.112, prod: 0.038275, t_ads: 109.1, t_des: 94.4, bed_util_ads: 0.498, bed_util_des: 0.497, des_th: 0.4974545286552263,frac_lost: 0.103, li_recovered:  7.786, time: 0.009818721999181435
L: 0.50, u_super: 0.00712, sec: 427.416, prod: 0.151167, t_ads: 27.5, t_des: 30.0, bed_util_ads: 0.476, bed_util_des: 0.475, des_th: 0.47551872467371437,frac_lost: 0.108, li_recovered:  8.694, time: 0.005946303999735392
L: 0.50, u_super: 0.00258, sec: 139.533, prod: 0.057040, t_ads: 74.8, t_des: 65.0, bed_util_ads: 0.500, bed_util_des: 0.499, des_th: 0.4995268829770156,frac_lost: 0.103, li_recovered:  7.971, time: 0.006645051998930285
L: 0.50, u_super: 0.00019 — INFEASIBLE (li_recovered=0.000e+00), time: 0.0016803229991637636
L: 0.50, u_super: 0.00022, sec: 33.781, prod: 0.001624, t_ads: 913.0, t_des: 4409.9, bed_util_ads: 0.246, bed_util_des: 0.185, des_th: 0.1851696623157332,frac_lost: 0.103, li_recovered:  8.647, time: 0.01919353699850035
L: 0.50, u_super: 0.00672, sec: 375.757, prod: 0.152234, t_ads: 28.9, t_des: 26.4, bed_util_ads: 0.497, bed_util_des: 0.497, des_th: 0.49690309231140256,frac_lost: 0.100, li_recovered:  8.419, time: 0.005830177000461845
L: 0.50, u_super: 0.00208, sec: 111.904, prod: 0.046073, t_ads: 92.0, t_des: 82.0, bed_util_ads: 0.496, bed_util_des: 0.495, des_th: 0.49530399550501364,frac_lost: 0.101, li_recovered:  8.017, time: 0.007204167000963935
L: 0.50, u_super: 0.00563, sec: 314.732, prod: 0.125770, t_ads: 34.5, t_des: 33.9, bed_util_ads: 0.488, bed_util_des: 0.488, des_th: 0.48774257076084676,frac_lost: 0.101, li_recovered:  8.592, time: 0.005192996999539901
L: 107.13, u_super: 0.00952 — INFEASIBLE (li_recovered=0.000e+00), time: 0.0017128170002251863
L: 0.50, u_super: 0.00025 — INFEASIBLE (li_recovered=0.000e+00), time: 0.002783616999295191
L: 0.50, u_super: 0.00748, sec: 422.754, prod: 0.169719, t_ads: 25.9, t_des: 23.4, bed_util_ads: 0.499, bed_util_des: 0.499, des_th: 0.49909379533939857,frac_lost: 0.100, li_recovered:  8.373, time: 0.004132088999540429
   639 |    25560 |     40 |  0.0027114761 |             f
L: 120.10, u_super: 0.00359 — INFEASIBLE (li_recovered=0.000e+00), time: 0.001744135999615537
L: 3.81, u_super: 0.00258 — INFEASIBLE (li_recovered=0.000e+00), time: 0.0044434810006350745
L: 0.50, u_super: 0.00322, sec: 174.635, prod: 0.071948, t_ads: 59.9, t_des: 52.7, bed_util_ads: 0.499, bed_util_des: 0.499, des_th: 0.49889113718306816,frac_lost: 0.102, li_recovered:  8.102, time: 0.005753687999458634
L: 0.50, u_super: 0.00934, sec: 540.988, prod: 0.211774, t_ads: 20.9, t_des: 19.0, bed_util_ads: 0.500, bed_util_des: 0.500, des_th: 0.4996788817142199,frac_lost: 0.105, li_recovered:  8.445, time: 0.006237241999770049
L: 0.50, u_super: 0.00148, sec: 80.827, prod: 0.031967, t_ads: 129.2, t_des: 110.8, bed_util_ads: 0.497, bed_util_des: 0.497, des_th: 0.4967908171453434,frac_lost: 0.106, li_recovered:  7.671, time: 0.007965250999404816
L: 0.50, u_super: 0.00035 — INFEASIBLE (li_recovered=0.000e+00), time: 0.0025257810011680704
L: 44.25, u_super: 0.00138 — INFEASIBLE (li_recovered=0.000e+00), time: 0.0011994420001428807
L: 42.14, u_super: 0.00990 — INFEASIBLE (li_recovered=0.000e+00), time: 0.0010565329994278727
L: 0.50, u_super: 0.00227, sec: 122.316, prod: 0.050300, t_ads: 85.1, t_des: 75.7, bed_util_ads: 0.496, bed_util_des: 0.495, des_th: 0.4952599135929283,frac_lost: 0.107, li_recovered:  8.092, time: 0.005306204000589787
L: 0.50, u_super: 0.00731, sec: 414.284, prod: 0.164977, t_ads: 26.8, t_des: 24.8, bed_util_ads: 0.496, bed_util_des: 0.496, des_th: 0.4962537310694075,frac_lost: 0.108, li_recovered:  8.515, time: 0.00821017300040694
L: 0.50, u_super: 0.00310, sec: 167.932, prod: 0.069275, t_ads: 62.1, t_des: 54.7, bed_util_ads: 0.500, bed_util_des: 0.500, des_th: 0.4996286665577307,frac_lost: 0.101, li_recovered:  8.094, time: 0.004345450000982964
L: 0.50, u_super: 0.00254, sec: 137.490, prod: 0.056200, t_ads: 76.0, t_des: 66.0, bed_util_ads: 0.500, bed_util_des: 0.499, des_th: 0.4995268829770156,frac_lost: 0.104, li_recovered:  7.979, time: 0.004040681000333279
L: 0.50, u_super: 0.00566, sec: 2901.640, prod: 0.013827, t_ads: 34.6, t_des: 600.5, bed_util_ads: 0.184, bed_util_des: 0.180, des_th: 0.1795746382038415,frac_lost: 0.102, li_recovered:  8.781, time: 0.04094945799988636
L: 0.50, u_super: 0.00715, sec: 402.430, prod: 0.162170, t_ads: 27.1, t_des: 25.1, bed_util_ads: 0.496, bed_util_des: 0.496, des_th: 0.4962537310694075,frac_lost: 0.100, li_recovered:  8.470, time: 0.005594508000285714
L: 0.50, u_super: 0.00851, sec: 488.102, prod: 0.192636, t_ads: 23.0, t_des: 20.9, bed_util_ads: 0.500, bed_util_des: 0.500, des_th: 0.4995757124033234,frac_lost: 0.107, li_recovered:  8.446, time: 0.0050169130008725915
L: 38.41, u_super: 0.00127 — INFEASIBLE (li_recovered=0.000e+00), time: 0.0010343659996578936
L: 0.50, u_super: 0.00795, sec: 451.927, prod: 0.180373, t_ads: 24.4, t_des: 22.1, bed_util_ads: 0.500, bed_util_des: 0.500, des_th: 0.4995391111748298,frac_lost: 0.101, li_recovered:  8.383, time: 0.004890393000096083
L: 0.50, u_super: 0.00100, sec: 55.690, prod: 0.021086, t_ads: 188.1, t_des: 197.4, bed_util_ads: 0.465, bed_util_des: 0.463, des_th: 0.4629870740112471,frac_lost: 0.101, li_recovered:  8.129, time: 0.0056110149998858105
L: 24.15, u_super: 0.00861 — INFEASIBLE (li_recovered=0.000e+00), time: 0.0016316090004693251
L: 0.50, u_super: 0.00807, sec: 460.269, prod: 0.182445, t_ads: 24.3, t_des: 21.8, bed_util_ads: 0.500, bed_util_des: 0.500, des_th: 0.49958489095964587,frac_lost: 0.107, li_recovered:  8.395, time: 0.0036334420001367107
L: 5.50, u_super: 0.00604 — INFEASIBLE (li_recovered=0.000e+00), time: 0.00245289899976342
L: 0.50, u_super: 0.00459, sec: 251.854, prod: 0.103295, t_ads: 42.4, t_des: 37.8, bed_util_ads: 0.500, bed_util_des: 0.500, des_th: 0.4999035584522528,frac_lost: 0.106, li_recovered:  8.278, time: 0.00602122199961741
L: 0.50, u_super: 0.00412, sec: 225.437, prod: 0.092436, t_ads: 47.2, t_des: 41.5, bed_util_ads: 0.500, bed_util_des: 0.500, des_th: 0.49995598348633385,frac_lost: 0.106, li_recovered:  8.198, time: 0.00480804900143994
L: 0.50, u_super: 0.00786, sec: 447.891, prod: 0.177649, t_ads: 24.9, t_des: 22.3, bed_util_ads: 0.500, bed_util_des: 0.500, des_th: 0.49989320100722034,frac_lost: 0.108, li_recovered:  8.389, time: 0.004487152000365313
L: 8.96, u_super: 0.00505, sec: 12626.310, prod: 0.044936, t_ads: 690.9, t_des: 2672.2, bed_util_ads: 0.276, bed_util_des: 0.230, des_th: 0.23016994441677902,frac_lost: 0.104, li_recovered:  151.123, time: 0.010423690000607166
L: 0.50, u_super: 0.00869, sec: 499.711, prod: 0.196856, t_ads: 22.5, t_des: 20.4, bed_util_ads: 0.499, bed_util_des: 0.499, des_th: 0.49903972118365914,frac_lost: 0.106, li_recovered:  8.442, time: 0.005684482001015567
L: 0.50, u_super: 0.00810, sec: 463.382, prod: 0.182962, t_ads: 24.2, t_des: 22.4, bed_util_ads: 0.496, bed_util_des: 0.496, des_th: 0.4962537310694075,frac_lost: 0.108, li_recovered:  8.527, time: 0.005078254000181914
L: 12.94, u_super: 0.00207 — INFEASIBLE (li_recovered=0.000e+00), time: 0.0011010500002157642
L: 13.09, u_super: 0.00581 — INFEASIBLE (li_recovered=0.000e+00), time: 0.0015849219998926856
L: 17.14, u_super: 0.00175 — INFEASIBLE (li_recovered=0.000e+00), time: 0.000755311000830261
L: 0.50, u_super: 0.00436, sec: 238.563, prod: 0.097799, t_ads: 44.8, t_des: 39.8, bed_util_ads: 0.500, bed_util_des: 0.500, des_th: 0.4996788817142199,frac_lost: 0.108, li_recovered:  8.270, time: 0.0056888599992817035
L: 31.37, u_super: 0.00693 — INFEASIBLE (li_recovered=0.000e+00), time: 0.001244024999323301
L: 0.50, u_super: 0.00012 — INFEASIBLE (li_recovered=0.000e+00), time: 0.0016302050007652724
L: 0.50, u_super: 0.00605, sec: 336.097, prod: 0.136902, t_ads: 32.1, t_des: 29.0, bed_util_ads: 0.499, bed_util_des: 0.499, des_th: 0.49866580935910587,frac_lost: 0.101, li_recovered:  8.364, time: 0.004152675999648636
L: 16.45, u_super: 0.00240 — INFEASIBLE (li_recovered=0.000e+00), time: 0.0016554329995415173
L: 0.50, u_super: 0.00844, sec: 483.608, prod: 0.190872, t_ads: 23.2, t_des: 21.0, bed_util_ads: 0.500, bed_util_des: 0.500, des_th: 0.49969644628605836,frac_lost: 0.107, li_recovered:  8.446, time: 0.004687687000114238
L: 0.50, u_super: 0.00902, sec: 520.360, prod: 0.204263, t_ads: 21.7, t_des: 19.7, bed_util_ads: 0.499, bed_util_des: 0.499, des_th: 0.4990519952310499,frac_lost: 0.106, li_recovered:  8.445, time: 0.004977403999873786
L: 17.87, u_super: 0.00005 — INFEASIBLE (li_recovered=0.000e+00), time: 0.0012025920004816726
L: 0.50, u_super: 0.00605, sec: 336.525, prod: 0.136728, t_ads: 32.1, t_des: 28.6, bed_util_ads: 0.500, bed_util_des: 0.500, des_th: 0.4999137582648631,frac_lost: 0.101, li_recovered:  8.300, time: 0.004590619000737206
L: 0.50, u_super: 0.00786, sec: 446.122, prod: 0.178353, t_ads: 24.7, t_des: 22.3, bed_util_ads: 0.499, bed_util_des: 0.499, des_th: 0.4986106782365287,frac_lost: 0.100, li_recovered:  8.382, time: 0.004445697999472031
   640 |    25600 |     40 |  0.0015990149 |             f
L: 0.50, u_super: 0.00005, sec: 4.491, prod: 0.000645, t_ads: 3010.3, t_des: 4532.2, bed_util_ads: 0.255, bed_util_des: 0.208, des_th: 0.20826475897272914,frac_lost: 0.100, li_recovered:  4.862, time: 0.004453626999747939
L: 0.50, u_super: 0.00389, sec: 218.461, prod: 0.084427, t_ads: 50.1, t_des: 51.8, bed_util_ads: 0.481, bed_util_des: 0.480, des_th: 0.48017508595747144,frac_lost: 0.106, li_recovered:  8.603, time: 0.00623352100046759
L: 0.50, u_super: 0.00966, sec: 561.333, prod: 0.218924, t_ads: 20.2, t_des: 18.4, bed_util_ads: 0.499, bed_util_des: 0.499, des_th: 0.49908903719336783,frac_lost: 0.106, li_recovered:  8.449, time: 0.003819132998614805
L: 0.50, u_super: 0.00683, sec: 383.175, prod: 0.154892, t_ads: 28.4, t_des: 26.3, bed_util_ads: 0.496, bed_util_des: 0.496, des_th: 0.4962537310694075,frac_lost: 0.100, li_recovered:  8.466, time: 0.005019736998292501
L: 0.50, u_super: 0.00698, sec: 393.595, prod: 0.157598, t_ads: 28.1, t_des: 25.2, bed_util_ads: 0.500, bed_util_des: 0.499, des_th: 0.49939175665881724,frac_lost: 0.108, li_recovered:  8.391, time: 0.004736766999485553
L: 0.50, u_super: 0.00194, sec: 125.301, prod: 0.035636, t_ads: 99.4, t_des: 139.4, bed_util_ads: 0.437, bed_util_des: 0.434, des_th: 0.4338399957381958,frac_lost: 0.102, li_recovered:  8.510, time: 0.00633170000037353
L: 71.87, u_super: 0.00524 — INFEASIBLE (li_recovered=0.000e+00), time: 0.0012068930009263568
L: 0.50, u_super: 0.00233, sec: 125.019, prod: 0.051754, t_ads: 82.9, t_des: 77.4, bed_util_ads: 0.490, bed_util_des: 0.489, des_th: 0.48926870122411364,frac_lost: 0.104, li_recovered:  8.294, time: 0.003880497000864125
L: 0.50, u_super: 0.00988, sec: 575.312, prod: 0.223956, t_ads: 19.8, t_des: 17.8, bed_util_ads: 0.500, bed_util_des: 0.500, des_th: 0.49983578189121547,frac_lost: 0.104, li_recovered:  8.404, time: 0.004091799999514478
L: 0.50, u_super: 0.00726, sec: 409.444, prod: 0.164472, t_ads: 26.8, t_des: 24.7, bed_util_ads: 0.496, bed_util_des: 0.496, des_th: 0.49628218508932226,frac_lost: 0.102, li_recovered:  8.472, time: 0.004428144999110373
L: 0.50, u_super: 0.00382, sec: 208.548, prod: 0.085224, t_ads: 50.9, t_des: 48.9, bed_util_ads: 0.489, bed_util_des: 0.488, des_th: 0.4884183655866756,frac_lost: 0.105, li_recovered:  8.503, time: 0.0040697309996176045
L: 0.50, u_super: 0.00148, sec: 80.877, prod: 0.031948, t_ads: 129.2, t_des: 110.5, bed_util_ads: 0.497, bed_util_des: 0.497, des_th: 0.4967987462605551,frac_lost: 0.106, li_recovered:  7.659, time: 0.0040657459994690726
L: 0.50, u_super: 0.00938, sec: 622.680, prod: 0.185559, t_ads: 20.7, t_des: 26.2, bed_util_ads: 0.457, bed_util_des: 0.456, des_th: 0.4564283161325928,frac_lost: 0.101, li_recovered:  8.713, time: 0.006225651999557158
L: 0.50, u_super: 0.00261, sec: 140.586, prod: 0.058165, t_ads: 73.8, t_des: 65.7, bed_util_ads: 0.498, bed_util_des: 0.497, des_th: 0.49724796008962485,frac_lost: 0.102, li_recovered:  8.114, time: 0.004623463999450905
L: 0.50, u_super: 0.00005, sec: 4.622, prod: 0.000626, t_ads: 3843.4, t_des: 8517.1, bed_util_ads: 0.236, bed_util_des: 0.143, des_th: 0.14325885384632647,frac_lost: 0.103, li_recovered:  7.742, time: 0.00787301500167814
L: 0.50, u_super: 0.00828, sec: 473.341, prod: 0.187272, t_ads: 23.6, t_des: 21.2, bed_util_ads: 0.500, bed_util_des: 0.500, des_th: 0.49963296946073676,frac_lost: 0.106, li_recovered:  8.397, time: 0.00400336500024423
L: 0.50, u_super: 0.00576, sec: 318.977, prod: 0.130288, t_ads: 33.6, t_des: 31.2, bed_util_ads: 0.495, bed_util_des: 0.495, des_th: 0.4947573720689975,frac_lost: 0.101, li_recovered:  8.450, time: 0.004481215999476262
L: 0.50, u_super: 0.00113, sec: 74.071, prod: 0.020440, t_ads: 168.3, t_des: 239.7, bed_util_ads: 0.428, bed_util_des: 0.424, des_th: 0.42361158084643136,frac_lost: 0.103, li_recovered:  8.340, time: 0.0049951210003200686
L: 0.50, u_super: 0.00357, sec: 235.391, prod: 0.065804, t_ads: 54.4, t_des: 76.8, bed_util_ads: 0.441, bed_util_des: 0.439, des_th: 0.439155010341237,frac_lost: 0.103, li_recovered:  8.632, time: 0.005415138999524061
L: 0.50, u_super: 0.00708, sec: 398.067, prod: 0.160461, t_ads: 27.4, t_des: 25.4, bed_util_ads: 0.496, bed_util_des: 0.496, des_th: 0.4962537310694075,frac_lost: 0.100, li_recovered:  8.478, time: 0.00447575200087158
L: 0.50, u_super: 0.00911, sec: 526.232, prod: 0.206505, t_ads: 21.4, t_des: 19.2, bed_util_ads: 0.500, bed_util_des: 0.500, des_th: 0.499900602403279,frac_lost: 0.105, li_recovered:  8.393, time: 0.0036511249982140725
L: 0.50, u_super: 0.00049, sec: 28.371, prod: 0.009870, t_ads: 367.0, t_des: 340.7, bed_util_ads: 0.464, bed_util_des: 0.462, des_th: 0.46241659754142017,frac_lost: 0.103, li_recovered:  6.985, time: 0.004201424000711995
L: 6.18, u_super: 0.00526 — INFEASIBLE (li_recovered=0.000e+00), time: 0.002085506999719655
L: 0.50, u_super: 0.00485, sec: 266.239, prod: 0.109147, t_ads: 40.1, t_des: 37.6, bed_util_ads: 0.493, bed_util_des: 0.493, des_th: 0.49268297656090876,frac_lost: 0.103, li_recovered:  8.472, time: 0.0037370779991761083
L: 0.50, u_super: 0.00147, sec: 79.964, prod: 0.031804, t_ads: 130.3, t_des: 112.8, bed_util_ads: 0.496, bed_util_des: 0.495, des_th: 0.49530399550501364,frac_lost: 0.106, li_recovered:  7.731, time: 0.004298420000850456
L: 13.34, u_super: 0.00990 — INFEASIBLE (li_recovered=0.000e+00), time: 0.0025002060010592686
L: 0.50, u_super: 0.00563, sec: 311.424, prod: 0.127106, t_ads: 34.5, t_des: 32.1, bed_util_ads: 0.495, bed_util_des: 0.494, des_th: 0.4945050643101741,frac_lost: 0.102, li_recovered:  8.464, time: 0.004151524999542744
L: 0.50, u_super: 0.00529, sec: 291.539, prod: 0.119531, t_ads: 36.7, t_des: 33.6, bed_util_ads: 0.496, bed_util_des: 0.496, des_th: 0.4957605588757083,frac_lost: 0.102, li_recovered:  8.398, time: 0.004368446998341824
L: 0.50, u_super: 0.00141, sec: 77.604, prod: 0.030082, t_ads: 134.9, t_des: 113.3, bed_util_ads: 0.498, bed_util_des: 0.498, des_th: 0.49828826591365144,frac_lost: 0.102, li_recovered:  7.465, time: 0.0042704869993031025
L: 0.50, u_super: 0.00208, sec: 111.885, prod: 0.046081, t_ads: 92.0, t_des: 81.9, bed_util_ads: 0.496, bed_util_des: 0.495, des_th: 0.49529606638980184,frac_lost: 0.100, li_recovered:  8.013, time: 0.003924528000425198
L: 0.50, u_super: 0.00580, sec: 341.237, prod: 0.123358, t_ads: 33.5, t_des: 36.7, bed_util_ads: 0.474, bed_util_des: 0.474, des_th: 0.4736574548345713,frac_lost: 0.102, li_recovered:  8.666, time: 0.004878210998867871
L: 0.50, u_super: 0.00495, sec: 272.371, prod: 0.111570, t_ads: 39.2, t_des: 36.8, bed_util_ads: 0.493, bed_util_des: 0.493, des_th: 0.49275031375332234,frac_lost: 0.103, li_recovered:  8.480, time: 0.004703446998973959
L: 67.80, u_super: 0.00625 — INFEASIBLE (li_recovered=0.000e+00), time: 0.0010807529997691745
L: 0.50, u_super: 0.00373, sec: 202.878, prod: 0.083473, t_ads: 52.1, t_des: 46.1, bed_util_ads: 0.500, bed_util_des: 0.499, des_th: 0.49950311933746705,frac_lost: 0.106, li_recovered:  8.201, time: 0.004042675000164309
L: 0.50, u_super: 0.00307, sec: 166.308, prod: 0.068419, t_ads: 62.9, t_des: 55.2, bed_util_ads: 0.500, bed_util_des: 0.500, des_th: 0.4995562656086526,frac_lost: 0.103, li_recovered:  8.084, time: 0.0042827460001717554
L: 0.50, u_super: 0.00162, sec: 88.738, prod: 0.034942, t_ads: 118.1, t_des: 99.8, bed_util_ads: 0.499, bed_util_des: 0.498, des_th: 0.49844491135419294,frac_lost: 0.104, li_recovered:  7.612, time: 0.004280220999135054
L: 0.50, u_super: 0.00113, sec: 63.175, prod: 0.023697, t_ads: 168.4, t_des: 178.8, bed_util_ads: 0.467, bed_util_des: 0.464, des_th: 0.46463774920299805,frac_lost: 0.104, li_recovered:  8.226, time: 0.0047210489992721705
L: 0.50, u_super: 0.00485, sec: 266.491, prod: 0.109044, t_ads: 40.2, t_des: 35.8, bed_util_ads: 0.500, bed_util_des: 0.500, des_th: 0.49969625890367164,frac_lost: 0.106, li_recovered:  8.291, time: 0.0065464009985589655
L: 0.50, u_super: 0.00029, sec: 56.181, prod: 0.001783, t_ads: 675.6, t_des: 4227.8, bed_util_ads: 0.234, bed_util_des: 0.180, des_th: 0.1803088067696341,frac_lost: 0.101, li_recovered:  8.744, time: 0.019487523000861984
L: 0.50, u_super: 0.00990, sec: 990.930, prod: 0.130680, t_ads: 19.9, t_des: 47.1, bed_util_ads: 0.381, bed_util_des: 0.380, des_th: 0.3798744270995196,frac_lost: 0.108, li_recovered:  8.746, time: 0.011798790999819175
   641 |    25640 |     40 |  0.0036321616 |             f
L: 0.50, u_super: 0.00407, sec: 221.825, prod: 0.091532, t_ads: 47.7, t_des: 43.0, bed_util_ads: 0.498, bed_util_des: 0.497, des_th: 0.4973300154182209,frac_lost: 0.105, li_recovered:  8.308, time: 0.007985119000295526
L: 0.50, u_super: 0.00683, sec: 384.244, prod: 0.154461, t_ads: 28.6, t_des: 25.9, bed_util_ads: 0.498, bed_util_des: 0.498, des_th: 0.4980624341749813,frac_lost: 0.107, li_recovered:  8.422, time: 0.004398836999826017
L: 0.50, u_super: 0.00770, sec: 438.870, prod: 0.173453, t_ads: 25.5, t_des: 23.9, bed_util_ads: 0.495, bed_util_des: 0.495, des_th: 0.4946587001050431,frac_lost: 0.108, li_recovered:  8.555, time: 0.008074773000771529
L: 0.50, u_super: 0.00869, sec: 499.768, prod: 0.196833, t_ads: 22.5, t_des: 20.2, bed_util_ads: 0.500, bed_util_des: 0.500, des_th: 0.4995621079753146,frac_lost: 0.106, li_recovered:  8.400, time: 0.005923534999965341
L: 0.50, u_super: 0.00105 — INFEASIBLE (li_recovered=0.000e+00), time: 0.003157836999889696
L: 0.50, u_super: 0.00079 — INFEASIBLE (li_recovered=0.000e+00), time: 0.004612699998688186
L: 16.89, u_super: 0.00005 — INFEASIBLE (li_recovered=0.000e+00), time: 0.0015246000002662186
L: 0.50, u_super: 0.00357, sec: 193.811, prod: 0.080031, t_ads: 54.5, t_des: 49.3, bed_util_ads: 0.497, bed_util_des: 0.497, des_th: 0.49679246747313055,frac_lost: 0.108, li_recovered:  8.310, time: 0.005283221000354388
L: 0.50, u_super: 0.00748, sec: 425.737, prod: 0.168530, t_ads: 26.2, t_des: 24.7, bed_util_ads: 0.495, bed_util_des: 0.495, des_th: 0.4947883208987492,frac_lost: 0.107, li_recovered:  8.564, time: 0.004616767999323201
L: 0.50, u_super: 0.00836, sec: 479.048, prod: 0.189236, t_ads: 23.4, t_des: 21.2, bed_util_ads: 0.500, bed_util_des: 0.500, des_th: 0.49964542707371945,frac_lost: 0.107, li_recovered:  8.448, time: 0.006001640000249608
L: 0.50, u_super: 0.00495, sec: 272.371, prod: 0.111570, t_ads: 39.2, t_des: 36.8, bed_util_ads: 0.493, bed_util_des: 0.493, des_th: 0.49275031375332234,frac_lost: 0.103, li_recovered:  8.480, time: 0.0055680610003037145
L: 46.35, u_super: 0.00990 — INFEASIBLE (li_recovered=0.000e+00), time: 0.0011283050007477868
L: 12.12, u_super: 0.00959 — INFEASIBLE (li_recovered=0.000e+00), time: 0.0036225410003680736
L: 0.50, u_super: 0.00399, sec: 219.199, prod: 0.089035, t_ads: 48.7, t_des: 47.1, bed_util_ads: 0.488, bed_util_des: 0.488, des_th: 0.488069455556783,frac_lost: 0.106, li_recovered:  8.528, time: 0.006826069999078754
L: 0.50, u_super: 0.00470, sec: 257.543, prod: 0.105749, t_ads: 41.5, t_des: 37.4, bed_util_ads: 0.498, bed_util_des: 0.497, des_th: 0.49736187373011664,frac_lost: 0.105, li_recovered:  8.338, time: 0.006678294001176255
L: 10.53, u_super: 0.00005 — INFEASIBLE (li_recovered=0.000e+00), time: 0.0013679889998456929
L: 0.50, u_super: 0.00049 — INFEASIBLE (li_recovered=0.000e+00), time: 0.0032464189989696024
L: 0.50, u_super: 0.00738, sec: 416.629, prod: 0.167136, t_ads: 26.3, t_des: 23.5, bed_util_ads: 0.500, bed_util_des: 0.500, des_th: 0.49969644628605836,frac_lost: 0.101, li_recovered:  8.330, time: 0.005850222998560639
L: 0.50, u_super: 0.00871, sec: 500.642, prod: 0.197223, t_ads: 22.5, t_des: 20.3, bed_util_ads: 0.499, bed_util_des: 0.499, des_th: 0.49903972118365914,frac_lost: 0.106, li_recovered:  8.438, time: 0.006277043999943999
L: 0.50, u_super: 0.00112, sec: 62.996, prod: 0.023585, t_ads: 169.2, t_des: 179.5, bed_util_ads: 0.466, bed_util_des: 0.464, des_th: 0.4638698300750783,frac_lost: 0.105, li_recovered:  8.225, time: 0.006227754000065033
L: 0.50, u_super: 0.00186, sec: 101.226, prod: 0.040496, t_ads: 103.0, t_des: 87.9, bed_util_ads: 0.500, bed_util_des: 0.500, des_th: 0.49959976538042644,frac_lost: 0.103, li_recovered:  7.729, time: 0.005950840999503271
L: 0.50, u_super: 0.00585, sec: 324.221, prod: 0.132147, t_ads: 33.2, t_des: 30.9, bed_util_ads: 0.495, bed_util_des: 0.494, des_th: 0.4945050643101741,frac_lost: 0.101, li_recovered:  8.465, time: 0.007280899999386747
L: 0.50, u_super: 0.00393, sec: 214.598, prod: 0.088064, t_ads: 49.5, t_des: 43.6, bed_util_ads: 0.500, bed_util_des: 0.500, des_th: 0.49991952204324736,frac_lost: 0.107, li_recovered:  8.201, time: 0.0063326030012831325
L: 0.50, u_super: 0.00307, sec: 166.227, prod: 0.068452, t_ads: 62.8, t_des: 55.2, bed_util_ads: 0.499, bed_util_des: 0.499, des_th: 0.499033878815267,frac_lost: 0.102, li_recovered:  8.080, time: 0.0077086919991415925
L: 0.50, u_super: 0.00620, sec: 385.279, prod: 0.125694, t_ads: 31.6, t_des: 37.6, bed_util_ads: 0.464, bed_util_des: 0.463, des_th: 0.4629870740112471,frac_lost: 0.107, li_recovered:  8.687, time: 0.006043784000212327
L: 0.50, u_super: 0.00593, sec: 365.057, prod: 0.120940, t_ads: 32.8, t_des: 39.0, bed_util_ads: 0.464, bed_util_des: 0.463, des_th: 0.4629870740112471,frac_lost: 0.101, li_recovered:  8.675, time: 0.005963821000477765
L: 0.50, u_super: 0.00786, sec: 452.658, prod: 0.175778, t_ads: 25.0, t_des: 24.1, bed_util_ads: 0.491, bed_util_des: 0.490, des_th: 0.4903204019811853,frac_lost: 0.109, li_recovered:  8.627, time: 0.007153630000175326
L: 0.50, u_super: 0.00208, sec: 113.234, prod: 0.045532, t_ads: 92.1, t_des: 78.6, bed_util_ads: 0.500, bed_util_des: 0.500, des_th: 0.49974714605551845,frac_lost: 0.102, li_recovered:  7.774, time: 0.004502698000578675
L: 0.50, u_super: 0.00472, sec: 259.195, prod: 0.106366, t_ads: 41.1, t_des: 38.5, bed_util_ads: 0.493, bed_util_des: 0.493, des_th: 0.4925611245011019,frac_lost: 0.103, li_recovered:  8.468, time: 0.0049773900009313365
L: 0.50, u_super: 0.00233, sec: 125.038, prod: 0.051747, t_ads: 83.0, t_des: 76.3, bed_util_ads: 0.492, bed_util_des: 0.491, des_th: 0.49125675033689453,frac_lost: 0.106, li_recovered:  8.245, time: 0.006803866001064307
L: 0.50, u_super: 0.00902, sec: 520.033, prod: 0.204391, t_ads: 21.7, t_des: 19.7, bed_util_ads: 0.499, bed_util_des: 0.499, des_th: 0.499052042915112,frac_lost: 0.105, li_recovered:  8.453, time: 0.006001494999509305
L: 0.50, u_super: 0.00332, sec: 179.906, prod: 0.074125, t_ads: 58.5, t_des: 51.8, bed_util_ads: 0.500, bed_util_des: 0.499, des_th: 0.49947062797912545,frac_lost: 0.106, li_recovered:  8.181, time: 0.00672282199957408
L: 0.50, u_super: 0.00619, sec: 344.746, prod: 0.139992, t_ads: 31.4, t_des: 28.4, bed_util_ads: 0.499, bed_util_des: 0.499, des_th: 0.4993310757081195,frac_lost: 0.103, li_recovered:  8.366, time: 0.004583218000334455
L: 0.50, u_super: 0.00357, sec: 193.975, prod: 0.079964, t_ads: 54.0, t_des: 47.6, bed_util_ads: 0.499, bed_util_des: 0.499, des_th: 0.4992778708257619,frac_lost: 0.100, li_recovered:  8.121, time: 0.005248198998742737
L: 0.50, u_super: 0.00208, sec: 122.479, prod: 0.042095, t_ads: 92.7, t_des: 109.2, bed_util_ads: 0.460, bed_util_des: 0.458, des_th: 0.45783810794437274,frac_lost: 0.104, li_recovered:  8.500, time: 0.004759522000313154
L: 0.50, u_super: 0.00601, sec: 333.927, prod: 0.136076, t_ads: 32.3, t_des: 29.2, bed_util_ads: 0.499, bed_util_des: 0.499, des_th: 0.49866580935910587,frac_lost: 0.101, li_recovered:  8.363, time: 0.0050969479998457246
L: 0.50, u_super: 0.00467, sec: 255.882, prod: 0.105026, t_ads: 41.7, t_des: 37.2, bed_util_ads: 0.500, bed_util_des: 0.500, des_th: 0.4999035584522528,frac_lost: 0.104, li_recovered:  8.278, time: 0.004526922999502858
L: 0.50, u_super: 0.00786, sec: 446.007, prod: 0.178399, t_ads: 24.7, t_des: 22.6, bed_util_ads: 0.498, bed_util_des: 0.498, des_th: 0.49755642005427964,frac_lost: 0.101, li_recovered:  8.432, time: 0.007063364999339683
L: 0.50, u_super: 0.00332, sec: 193.822, prod: 0.068803, t_ads: 58.6, t_des: 66.4, bed_util_ads: 0.468, bed_util_des: 0.467, des_th: 0.4669679406334884,frac_lost: 0.106, li_recovered:  8.600, time: 0.00516749899907154
L: 31.41, u_super: 0.00049 — INFEASIBLE (li_recovered=0.000e+00), time: 0.000672898999255267
   642 |    25680 |     40 |  0.0018568709 |             f
L: 0.50, u_super: 0.00058, sec: 32.499, prod: 0.011912, t_ads: 315.7, t_des: 304.6, bed_util_ads: 0.464, bed_util_des: 0.462, des_th: 0.46244093914301276,frac_lost: 0.100, li_recovered:  7.389, time: 0.005403871999078547
L: 0.50, u_super: 0.00129, sec: 71.482, prod: 0.027454, t_ads: 147.1, t_des: 123.3, bed_util_ads: 0.497, bed_util_des: 0.497, des_th: 0.4965623793396885,frac_lost: 0.104, li_recovered:  7.423, time: 0.0041636650003056275
L: 0.50, u_super: 0.00332, sec: 179.986, prod: 0.074092, t_ads: 58.2, t_des: 51.1, bed_util_ads: 0.500, bed_util_des: 0.500, des_th: 0.4995484647140831,frac_lost: 0.102, li_recovered:  8.095, time: 0.005083644000478671
L: 0.50, u_super: 0.00746, sec: 422.452, prod: 0.168595, t_ads: 26.2, t_des: 23.5, bed_util_ads: 0.500, bed_util_des: 0.500, des_th: 0.49969644628605836,frac_lost: 0.106, li_recovered:  8.379, time: 0.004985472000043956
L: 0.50, u_super: 0.00231, sec: 124.530, prod: 0.051046, t_ads: 83.6, t_des: 73.5, bed_util_ads: 0.498, bed_util_des: 0.497, des_th: 0.4973300154182209,frac_lost: 0.105, li_recovered:  8.022, time: 0.004531565000434057
L: 0.50, u_super: 0.00986, sec: 653.130, prod: 0.196425, t_ads: 19.8, t_des: 24.6, bed_util_ads: 0.460, bed_util_des: 0.460, des_th: 0.4596764690541708,frac_lost: 0.105, li_recovered:  8.720, time: 0.005392987999584875
L: 0.50, u_super: 0.00307, sec: 166.261, prod: 0.068388, t_ads: 62.9, t_des: 55.1, bed_util_ads: 0.500, bed_util_des: 0.500, des_th: 0.49986893619886036,frac_lost: 0.102, li_recovered:  8.071, time: 0.003955506999773206
L: 0.50, u_super: 0.00261, sec: 140.586, prod: 0.058165, t_ads: 73.8, t_des: 65.7, bed_util_ads: 0.498, bed_util_des: 0.497, des_th: 0.49724796008962485,frac_lost: 0.102, li_recovered:  8.114, time: 0.005070338998848456
L: 0.50, u_super: 0.00389, sec: 211.872, prod: 0.087329, t_ads: 50.0, t_des: 44.7, bed_util_ads: 0.499, bed_util_des: 0.499, des_th: 0.49903972118365914,frac_lost: 0.106, li_recovered:  8.267, time: 0.005729272999815294
L: 27.23, u_super: 0.00538 — INFEASIBLE (li_recovered=0.000e+00), time: 0.0015816699997230899
L: 0.50, u_super: 0.00237, sec: 128.374, prod: 0.052235, t_ads: 81.5, t_des: 70.5, bed_util_ads: 0.499, bed_util_des: 0.499, des_th: 0.4990387118491646,frac_lost: 0.105, li_recovered:  7.943, time: 0.005419111999799497
L: 0.50, u_super: 0.00738, sec: 418.021, prod: 0.166579, t_ads: 26.6, t_des: 23.8, bed_util_ads: 0.500, bed_util_des: 0.500, des_th: 0.49994729463151805,frac_lost: 0.109, li_recovered:  8.388, time: 0.005822184999487945
L: 0.50, u_super: 0.00683, sec: 383.264, prod: 0.154856, t_ads: 28.4, t_des: 26.3, bed_util_ads: 0.496, bed_util_des: 0.496, des_th: 0.49623671427913074,frac_lost: 0.101, li_recovered:  8.468, time: 0.004249779000019771
L: 41.00, u_super: 0.00393 — INFEASIBLE (li_recovered=0.000e+00), time: 0.0008305490009661298
L: 0.50, u_super: 0.00564, sec: 312.565, prod: 0.127379, t_ads: 34.4, t_des: 30.8, bed_util_ads: 0.499, bed_util_des: 0.499, des_th: 0.49903318097762916,frac_lost: 0.103, li_recovered:  8.307, time: 0.004791047998878639
L: 0.50, u_super: 0.00208, sec: 113.100, prod: 0.045586, t_ads: 91.9, t_des: 78.7, bed_util_ads: 0.500, bed_util_des: 0.500, des_th: 0.49965645224408434,frac_lost: 0.100, li_recovered:  7.778, time: 0.004783013000633218
L: 0.50, u_super: 0.00563, sec: 311.052, prod: 0.127258, t_ads: 34.4, t_des: 32.0, bed_util_ads: 0.495, bed_util_des: 0.494, des_th: 0.49449693955070445,frac_lost: 0.100, li_recovered:  8.449, time: 0.004069033000632771
L: 0.50, u_super: 0.00796, sec: 452.156, prod: 0.180523, t_ads: 24.4, t_des: 22.1, bed_util_ads: 0.500, bed_util_des: 0.499, des_th: 0.49941800771673645,frac_lost: 0.101, li_recovered:  8.389, time: 0.00498710099964228
L: 0.50, u_super: 0.00026, sec: 43.710, prod: 0.001830, t_ads: 752.0, t_des: 3978.5, bed_util_ads: 0.245, bed_util_des: 0.190, des_th: 0.1898410736969448,frac_lost: 0.101, li_recovered:  8.657, time: 0.012324807999902987
L: 0.50, u_super: 0.00676, sec: 378.611, prod: 0.153266, t_ads: 28.7, t_des: 26.3, bed_util_ads: 0.497, bed_util_des: 0.497, des_th: 0.496511500819113,frac_lost: 0.100, li_recovered:  8.420, time: 0.006189380999785499
L: 0.50, u_super: 0.00005, sec: 4.326, prod: 0.000669, t_ads: 3480.9, t_des: 6125.4, bed_util_ads: 0.250, bed_util_des: 0.179, des_th: 0.17931381434823804,frac_lost: 0.101, li_recovered:  6.428, time: 0.00493787100094778
L: 31.98, u_super: 0.00824 — INFEASIBLE (li_recovered=0.000e+00), time: 0.0015971150005498203
L: 0.50, u_super: 0.00154, sec: 84.607, prod: 0.033090, t_ads: 124.6, t_des: 104.8, bed_util_ads: 0.499, bed_util_des: 0.498, des_th: 0.49844491135419294,frac_lost: 0.107, li_recovered:  7.589, time: 0.00363995899897418
L: 0.50, u_super: 0.00315, sec: 170.851, prod: 0.070072, t_ads: 61.9, t_des: 58.6, bed_util_ads: 0.490, bed_util_des: 0.489, des_th: 0.48926870122411364,frac_lost: 0.109, li_recovered:  8.446, time: 0.004896383999948739
L: 0.50, u_super: 0.00107 — INFEASIBLE (li_recovered=0.000e+00), time: 0.003309767000246211
L: 79.01, u_super: 0.00437 — INFEASIBLE (li_recovered=0.000e+00), time: 0.001432559000022593
L: 0.50, u_super: 0.00495, sec: 272.371, prod: 0.111570, t_ads: 39.2, t_des: 36.8, bed_util_ads: 0.493, bed_util_des: 0.493, des_th: 0.49275031375332234,frac_lost: 0.103, li_recovered:  8.480, time: 0.004059519000293221
L: 0.50, u_super: 0.00864, sec: 497.119, prod: 0.195170, t_ads: 22.7, t_des: 21.0, bed_util_ads: 0.497, bed_util_des: 0.497, des_th: 0.49679246747313055,frac_lost: 0.108, li_recovered:  8.527, time: 0.004151254001044435
L: 0.50, u_super: 0.00770, sec: 437.806, prod: 0.174064, t_ads: 25.4, t_des: 22.8, bed_util_ads: 0.500, bed_util_des: 0.500, des_th: 0.4997831931048309,frac_lost: 0.108, li_recovered:  8.391, time: 0.006185635000292677
L: 0.50, u_super: 0.00902, sec: 520.368, prod: 0.204260, t_ads: 21.7, t_des: 19.6, bed_util_ads: 0.500, bed_util_des: 0.499, des_th: 0.49951645040317044,frac_lost: 0.106, li_recovered:  8.443, time: 0.004286990999389673
L: 7.26, u_super: 0.00186 — INFEASIBLE (li_recovered=0.000e+00), time: 0.0023426389998348895
L: 0.50, u_super: 0.00126, sec: 68.418, prod: 0.027252, t_ads: 150.6, t_des: 133.5, bed_util_ads: 0.490, bed_util_des: 0.489, des_th: 0.48926870122411364,frac_lost: 0.103, li_recovered:  7.742, time: 0.003971486999944318
L: 0.50, u_super: 0.00049, sec: 29.322, prod: 0.009550, t_ads: 371.7, t_des: 426.8, bed_util_ads: 0.437, bed_util_des: 0.431, des_th: 0.4310140377956664,frac_lost: 0.101, li_recovered:  7.625, time: 0.003911997999239247
L: 0.50, u_super: 0.00824, sec: 472.799, prod: 0.185895, t_ads: 23.8, t_des: 22.3, bed_util_ads: 0.495, bed_util_des: 0.495, des_th: 0.49518887058590993,frac_lost: 0.108, li_recovered:  8.557, time: 0.00482490099966526
L: 0.50, u_super: 0.00129, sec: 71.844, prod: 0.027316, t_ads: 147.0, t_des: 121.9, bed_util_ads: 0.498, bed_util_des: 0.498, des_th: 0.49829638841791385,frac_lost: 0.104, li_recovered:  7.345, time: 0.003998395999587956
L: 0.50, u_super: 0.00976, sec: 568.127, prod: 0.221376, t_ads: 20.0, t_des: 18.3, bed_util_ads: 0.498, bed_util_des: 0.498, des_th: 0.49755642005427964,frac_lost: 0.105, li_recovered:  8.489, time: 0.004830433999813977
L: 0.50, u_super: 0.00332, sec: 179.495, prod: 0.074294, t_ads: 58.1, t_des: 55.4, bed_util_ads: 0.489, bed_util_des: 0.489, des_th: 0.48880208176562173,frac_lost: 0.100, li_recovered:  8.435, time: 0.004419980999955442
L: 0.50, u_super: 0.00418, sec: 227.881, prod: 0.093996, t_ads: 46.5, t_des: 42.0, bed_util_ads: 0.498, bed_util_des: 0.497, des_th: 0.4973300154182209,frac_lost: 0.105, li_recovered:  8.320, time: 0.003993837999587413
L: 0.50, u_super: 0.00824, sec: 471.493, prod: 0.186410, t_ads: 23.8, t_des: 21.5, bed_util_ads: 0.500, bed_util_des: 0.500, des_th: 0.4999063530647572,frac_lost: 0.108, li_recovered:  8.433, time: 0.0050824439986172365
L: 0.50, u_super: 0.00393, sec: 214.529, prod: 0.088092, t_ads: 49.5, t_des: 43.6, bed_util_ads: 0.500, bed_util_des: 0.500, des_th: 0.4995737236277421,frac_lost: 0.106, li_recovered:  8.202, time: 0.004638192000129493
   643 |    25720 |     40 |  0.0034370420 |             f
L: 14.26, u_super: 0.00555 — INFEASIBLE (li_recovered=0.000e+00), time: 0.002784337999401032
L: 8.74, u_super: 0.00060 — INFEASIBLE (li_recovered=0.000e+00), time: 0.0023183409994089743
L: 0.50, u_super: 0.00154, sec: 84.743, prod: 0.033037, t_ads: 123.3, t_des: 103.5, bed_util_ads: 0.499, bed_util_des: 0.499, des_th: 0.499417293984612,frac_lost: 0.100, li_recovered:  7.490, time: 0.00389843000084511
L: 22.62, u_super: 0.00186 — INFEASIBLE (li_recovered=0.000e+00), time: 0.0009481350007263245
L: 0.50, u_super: 0.00418, sec: 227.886, prod: 0.093927, t_ads: 46.6, t_des: 42.0, bed_util_ads: 0.498, bed_util_des: 0.497, des_th: 0.4973300154182209,frac_lost: 0.106, li_recovered:  8.320, time: 0.006338662000416662
L: 0.50, u_super: 0.00049, sec: 28.362, prod: 0.009873, t_ads: 367.2, t_des: 340.8, bed_util_ads: 0.465, bed_util_des: 0.463, des_th: 0.4632428611443985,frac_lost: 0.103, li_recovered:  6.990, time: 0.0047320859994215425
L: 0.50, u_super: 0.00208, sec: 763.778, prod: 0.006750, t_ads: 94.5, t_des: 1207.2, bed_util_ads: 0.204, bed_util_des: 0.192, des_th: 0.1924793034659218,frac_lost: 0.104, li_recovered:  8.787, time: 0.033979330999500235
L: 0.50, u_super: 0.00005, sec: 4.331, prod: 0.000668, t_ads: 3400.6, t_des: 5785.0, bed_util_ads: 0.251, bed_util_des: 0.185, des_th: 0.1851696623157332,frac_lost: 0.100, li_recovered:  6.140, time: 0.006718570000884938
L: 0.50, u_super: 0.00625, sec: 348.440, prod: 0.141416, t_ads: 31.1, t_des: 28.1, bed_util_ads: 0.499, bed_util_des: 0.499, des_th: 0.49900013774308216,frac_lost: 0.103, li_recovered:  8.372, time: 0.006027572999300901
L: 0.50, u_super: 0.00656, sec: 366.678, prod: 0.148465, t_ads: 29.6, t_des: 26.8, bed_util_ads: 0.499, bed_util_des: 0.499, des_th: 0.49903318097762916,frac_lost: 0.102, li_recovered:  8.373, time: 0.0043765279988292605
L: 24.95, u_super: 0.00814 — INFEASIBLE (li_recovered=0.000e+00), time: 0.0022904100005689543
L: 0.50, u_super: 0.00525, sec: 289.025, prod: 0.118579, t_ads: 37.0, t_des: 33.9, bed_util_ads: 0.496, bed_util_des: 0.496, des_th: 0.4957890128956231,frac_lost: 0.102, li_recovered:  8.398, time: 0.0055863509987830184
L: 0.50, u_super: 0.00335, sec: 1637.731, prod: 0.008335, t_ads: 58.4, t_des: 995.8, bed_util_ads: 0.184, bed_util_des: 0.176, des_th: 0.1761553574115736,frac_lost: 0.101, li_recovered:  8.787, time: 0.05300105099922803
L: 0.50, u_super: 0.00461, sec: 252.387, prod: 0.103671, t_ads: 42.2, t_des: 37.7, bed_util_ads: 0.500, bed_util_des: 0.499, des_th: 0.49941800771673645,frac_lost: 0.104, li_recovered:  8.285, time: 0.007975423999596387
L: 0.50, u_super: 0.00186, sec: 99.578, prod: 0.041166, t_ads: 102.7, t_des: 94.7, bed_util_ads: 0.490, bed_util_des: 0.489, des_th: 0.4892196247758976,frac_lost: 0.100, li_recovered:  8.128, time: 0.008561167000152636
L: 0.50, u_super: 0.00358, sec: 194.886, prod: 0.080086, t_ads: 54.4, t_des: 48.0, bed_util_ads: 0.499, bed_util_des: 0.499, des_th: 0.49926321756025865,frac_lost: 0.108, li_recovered:  8.197, time: 0.007740814999124268
L: 0.50, u_super: 0.00562, sec: 311.098, prod: 0.126857, t_ads: 34.6, t_des: 30.9, bed_util_ads: 0.499, bed_util_des: 0.499, des_th: 0.49903318097762916,frac_lost: 0.102, li_recovered:  8.306, time: 0.006394175999957952
L: 0.50, u_super: 0.00676, sec: 380.431, prod: 0.152510, t_ads: 29.0, t_des: 26.6, bed_util_ads: 0.497, bed_util_des: 0.496, des_th: 0.4964872142930116,frac_lost: 0.109, li_recovered:  8.476, time: 0.006386360999385943
L: 0.50, u_super: 0.00643, sec: 360.135, prod: 0.144904, t_ads: 30.5, t_des: 28.0, bed_util_ads: 0.496, bed_util_des: 0.496, des_th: 0.4962537310694075,frac_lost: 0.109, li_recovered:  8.474, time: 0.006876535999253974
L: 0.50, u_super: 0.00930, sec: 537.996, prod: 0.210890, t_ads: 21.0, t_des: 18.8, bed_util_ads: 0.500, bed_util_des: 0.500, des_th: 0.499900602403279,frac_lost: 0.104, li_recovered:  8.392, time: 0.004330854000727413
L: 0.50, u_super: 0.00902, sec: 520.033, prod: 0.204391, t_ads: 21.7, t_des: 19.7, bed_util_ads: 0.499, bed_util_des: 0.499, des_th: 0.499052042915112,frac_lost: 0.105, li_recovered:  8.453, time: 0.007673119000173756
L: 0.50, u_super: 0.00640, sec: 357.429, prod: 0.144995, t_ads: 30.3, t_des: 27.7, bed_util_ads: 0.497, bed_util_des: 0.497, des_th: 0.496511500819113,frac_lost: 0.102, li_recovered:  8.416, time: 0.007025461998637184
L: 0.50, u_super: 0.00990, sec: 576.679, prod: 0.224552, t_ads: 19.7, t_des: 17.9, bed_util_ads: 0.499, bed_util_des: 0.498, des_th: 0.4984456250344736,frac_lost: 0.104, li_recovered:  8.449, time: 0.008035934000872658
L: 0.50, u_super: 0.00796, sec: 453.772, prod: 0.179880, t_ads: 24.6, t_des: 22.3, bed_util_ads: 0.500, bed_util_des: 0.499, des_th: 0.49939360513373976,frac_lost: 0.108, li_recovered:  8.439, time: 0.009018785000080243
L: 0.50, u_super: 0.00101, sec: 56.399, prod: 0.021110, t_ads: 188.3, t_des: 198.1, bed_util_ads: 0.465, bed_util_des: 0.463, des_th: 0.4629870740112471,frac_lost: 0.106, li_recovered:  8.157, time: 0.007497394999518292
L: 0.50, u_super: 0.00273, sec: 147.508, prod: 0.060938, t_ads: 70.7, t_des: 62.9, bed_util_ads: 0.497, bed_util_des: 0.497, des_th: 0.49694246552930343,frac_lost: 0.104, li_recovered:  8.136, time: 0.006677629999103374
L: 0.50, u_super: 0.00016 — INFEASIBLE (li_recovered=0.000e+00), time: 0.002258518999951775
L: 0.50, u_super: 0.00824, sec: 471.293, prod: 0.186489, t_ads: 23.7, t_des: 21.3, bed_util_ads: 0.500, bed_util_des: 0.500, des_th: 0.4999841879329429,frac_lost: 0.106, li_recovered:  8.390, time: 0.00698313899920322
L: 0.50, u_super: 0.00459, sec: 251.866, prod: 0.103289, t_ads: 42.4, t_des: 37.7, bed_util_ads: 0.500, bed_util_des: 0.500, des_th: 0.4999335371723553,frac_lost: 0.105, li_recovered:  8.272, time: 0.00822028400034469
L: 8.16, u_super: 0.00738 — INFEASIBLE (li_recovered=0.000e+00), time: 0.004228710000461433
L: 0.50, u_super: 0.00622, sec: 347.188, prod: 0.140636, t_ads: 31.2, t_des: 27.9, bed_util_ads: 0.500, bed_util_des: 0.500, des_th: 0.4995605685116587,frac_lost: 0.103, li_recovered:  8.318, time: 0.008609689000877552
L: 0.50, u_super: 0.00574, sec: 317.867, prod: 0.129835, t_ads: 33.8, t_des: 31.4, bed_util_ads: 0.495, bed_util_des: 0.494, des_th: 0.49449693955070445,frac_lost: 0.101, li_recovered:  8.454, time: 0.006659407999904943
L: 0.50, u_super: 0.00005 — INFEASIBLE (li_recovered=0.000e+00), time: 0.0020339540005807066
L: 0.50, u_super: 0.00978, sec: 568.906, prod: 0.221848, t_ads: 19.9, t_des: 17.9, bed_util_ads: 0.500, bed_util_des: 0.500, des_th: 0.4999035584522528,frac_lost: 0.104, li_recovered:  8.399, time: 0.0083486029998312
L: 0.50, u_super: 0.00332, sec: 179.926, prod: 0.074117, t_ads: 58.1, t_des: 51.0, bed_util_ads: 0.500, bed_util_des: 0.499, des_th: 0.49942619911053016,frac_lost: 0.101, li_recovered:  8.086, time: 0.009531399999104906
L: 0.50, u_super: 0.00737, sec: 417.131, prod: 0.166420, t_ads: 26.6, t_des: 24.3, bed_util_ads: 0.497, bed_util_des: 0.497, des_th: 0.4968109984930282,frac_lost: 0.108, li_recovered:  8.473, time: 0.008996525000839029
L: 0.50, u_super: 0.00772, sec: 446.819, prod: 0.171480, t_ads: 25.3, t_des: 25.1, bed_util_ads: 0.488, bed_util_des: 0.488, des_th: 0.4878519239331954,frac_lost: 0.107, li_recovered:  8.655, time: 0.008050107000599382
L: 0.50, u_super: 0.00844, sec: 483.725, prod: 0.190850, t_ads: 23.2, t_des: 21.0, bed_util_ads: 0.500, bed_util_des: 0.500, des_th: 0.4997160535561911,frac_lost: 0.108, li_recovered:  8.440, time: 0.008684393000294222
L: 1.16, u_super: 0.00902, sec: 1384.031, prod: 0.177753, t_ads: 49.8, t_des: 62.6, bed_util_ads: 0.455, bed_util_des: 0.454, des_th: 0.45430060676165973,frac_lost: 0.102, li_recovered:  19.977, time: 0.009469153001191444
L: 0.50, u_super: 0.00285, sec: 153.511, prod: 0.063596, t_ads: 67.6, t_des: 60.3, bed_util_ads: 0.497, bed_util_des: 0.497, des_th: 0.49724796008962485,frac_lost: 0.101, li_recovered:  8.134, time: 0.006608125999264303
   644 |    25760 |     40 |  0.0023875270 |             f
L: 0.50, u_super: 0.00432, sec: 236.040, prod: 0.097276, t_ads: 44.9, t_des: 41.6, bed_util_ads: 0.495, bed_util_des: 0.494, des_th: 0.49449693955070445,frac_lost: 0.104, li_recovered:  8.418, time: 0.008291742000437807
L: 0.50, u_super: 0.00845, sec: 485.911, prod: 0.190644, t_ads: 23.2, t_des: 21.8, bed_util_ads: 0.495, bed_util_des: 0.494, des_th: 0.4944465438304231,frac_lost: 0.107, li_recovered:  8.566, time: 0.0072979029991984135
L: 0.50, u_super: 0.00237, sec: 128.301, prod: 0.052265, t_ads: 81.6, t_des: 70.7, bed_util_ads: 0.499, bed_util_des: 0.499, des_th: 0.49922014643962126,frac_lost: 0.106, li_recovered:  7.960, time: 0.005996857998979976
L: 0.50, u_super: 0.00656, sec: 367.179, prod: 0.148469, t_ads: 29.6, t_des: 26.5, bed_util_ads: 0.500, bed_util_des: 0.500, des_th: 0.4999733544882555,frac_lost: 0.101, li_recovered:  8.320, time: 0.005905145000724588
L: 0.50, u_super: 0.00735, sec: 416.107, prod: 0.166059, t_ads: 26.6, t_des: 24.5, bed_util_ads: 0.496, bed_util_des: 0.496, des_th: 0.4963149910179073,frac_lost: 0.107, li_recovered:  8.489, time: 0.005599620000793948
L: 0.50, u_super: 0.00990, sec: 577.088, prod: 0.224392, t_ads: 19.8, t_des: 17.9, bed_util_ads: 0.500, bed_util_des: 0.499, des_th: 0.49945423461760863,frac_lost: 0.106, li_recovered:  8.457, time: 0.004448670999408932
L: 0.50, u_super: 0.00811, sec: 4109.832, prod: 0.020663, t_ads: 24.1, t_des: 400.7, bed_util_ads: 0.188, bed_util_des: 0.185, des_th: 0.1851696623157332,frac_lost: 0.102, li_recovered:  8.778, time: 0.04049049000059313
L: 0.50, u_super: 0.00204, sec: 109.944, prod: 0.045269, t_ads: 94.4, t_des: 88.4, bed_util_ads: 0.489, bed_util_des: 0.489, des_th: 0.4887635425568349,frac_lost: 0.106, li_recovered:  8.274, time: 0.0060237529996811645
L: 35.51, u_super: 0.00498 — INFEASIBLE (li_recovered=0.000e+00), time: 0.0009534540004096925
L: 0.50, u_super: 0.00684, sec: 383.560, prod: 0.155150, t_ads: 28.3, t_des: 26.0, bed_util_ads: 0.497, bed_util_des: 0.497, des_th: 0.49724796008962485,frac_lost: 0.100, li_recovered:  8.424, time: 0.004554900000584894
L: 0.50, u_super: 0.00161, sec: 87.063, prod: 0.035074, t_ads: 119.0, t_des: 104.1, bed_util_ads: 0.496, bed_util_des: 0.495, des_th: 0.4952121061192739,frac_lost: 0.104, li_recovered:  7.827, time: 0.005863066999154398
L: 0.50, u_super: 0.00460, sec: 255.619, prod: 0.102269, t_ads: 42.2, t_des: 41.7, bed_util_ads: 0.486, bed_util_des: 0.486, des_th: 0.4857878428144914,frac_lost: 0.104, li_recovered:  8.582, time: 0.006938685999557492
L: 18.84, u_super: 0.00136 — INFEASIBLE (li_recovered=0.000e+00), time: 0.0017088940003304742
L: 0.50, u_super: 0.00622, sec: 347.574, prod: 0.140480, t_ads: 31.2, t_des: 29.5, bed_util_ads: 0.493, bed_util_des: 0.493, des_th: 0.49303283048330565,frac_lost: 0.102, li_recovered:  8.526, time: 0.0057786329998634756
L: 0.50, u_super: 0.00570, sec: 315.291, prod: 0.128948, t_ads: 34.0, t_des: 31.5, bed_util_ads: 0.495, bed_util_des: 0.495, des_th: 0.4947112825741571,frac_lost: 0.100, li_recovered:  8.446, time: 0.006336665001072106
L: 0.50, u_super: 0.00824, sec: 470.118, prod: 0.186955, t_ads: 23.5, t_des: 21.1, bed_util_ads: 0.500, bed_util_des: 0.500, des_th: 0.49990005196571724,frac_lost: 0.100, li_recovered:  8.342, time: 0.005069064000053913
L: 0.50, u_super: 0.00990, sec: 576.912, prod: 0.224460, t_ads: 19.7, t_des: 17.9, bed_util_ads: 0.500, bed_util_des: 0.500, des_th: 0.49997395738796174,frac_lost: 0.105, li_recovered:  8.456, time: 0.006272009999520378
L: 0.50, u_super: 0.00418, sec: 227.881, prod: 0.093996, t_ads: 46.5, t_des: 42.0, bed_util_ads: 0.498, bed_util_des: 0.497, des_th: 0.4973300154182209,frac_lost: 0.105, li_recovered:  8.320, time: 0.005020034999688505
L: 0.50, u_super: 0.00493, sec: 270.829, prod: 0.111145, t_ads: 39.3, t_des: 35.2, bed_util_ads: 0.499, bed_util_des: 0.499, des_th: 0.4990749649446326,frac_lost: 0.102, li_recovered:  8.283, time: 0.0042117630000575446
L: 22.94, u_super: 0.00676 — INFEASIBLE (li_recovered=0.000e+00), time: 0.0019086360007349867
L: 0.50, u_super: 0.00555, sec: 306.574, prod: 0.125346, t_ads: 35.0, t_des: 31.7, bed_util_ads: 0.498, bed_util_des: 0.497, des_th: 0.4973300154182209,frac_lost: 0.102, li_recovered:  8.364, time: 0.004445809001481393
L: 0.50, u_super: 0.00574, sec: 318.138, prod: 0.129725, t_ads: 33.8, t_des: 30.3, bed_util_ads: 0.499, bed_util_des: 0.499, des_th: 0.4991019288012207,frac_lost: 0.102, li_recovered:  8.317, time: 0.004248817000188865
L: 0.50, u_super: 0.00058, sec: 32.532, prod: 0.011900, t_ads: 315.6, t_des: 301.4, bed_util_ads: 0.466, bed_util_des: 0.464, des_th: 0.46375145427502174,frac_lost: 0.100, li_recovered:  7.341, time: 0.0049088739997387165
L: 0.50, u_super: 0.00843, sec: 482.982, prod: 0.190911, t_ads: 23.2, t_des: 21.0, bed_util_ads: 0.499, bed_util_des: 0.499, des_th: 0.49903318097762916,frac_lost: 0.106, li_recovered:  8.438, time: 0.004093076999197365
L: 0.50, u_super: 0.00668, sec: 374.006, prod: 0.151168, t_ads: 29.1, t_des: 26.0, bed_util_ads: 0.500, bed_util_des: 0.500, des_th: 0.4996312588540669,frac_lost: 0.101, li_recovered:  8.329, time: 0.004241863998686313
L: 0.50, u_super: 0.00129, sec: 71.475, prod: 0.027457, t_ads: 147.2, t_des: 123.5, bed_util_ads: 0.497, bed_util_des: 0.497, des_th: 0.4965257681891226,frac_lost: 0.105, li_recovered:  7.432, time: 0.0041815089989540866
L: 0.50, u_super: 0.00017 — INFEASIBLE (li_recovered=0.000e+00), time: 0.001627929001188022
L: 0.50, u_super: 0.00441, sec: 241.549, prod: 0.098880, t_ads: 44.2, t_des: 38.9, bed_util_ads: 0.500, bed_util_des: 0.500, des_th: 0.4999316868211989,frac_lost: 0.106, li_recovered:  8.214, time: 0.005566756000916939
L: 0.50, u_super: 0.00373, sec: 202.357, prod: 0.083688, t_ads: 51.8, t_des: 46.2, bed_util_ads: 0.498, bed_util_des: 0.498, des_th: 0.4981820600719382,frac_lost: 0.101, li_recovered:  8.199, time: 0.0046074780002527405
L: 0.50, u_super: 0.00271, sec: 147.974, prod: 0.059578, t_ads: 71.3, t_des: 71.2, bed_util_ads: 0.483, bed_util_des: 0.482, des_th: 0.48188443260937036,frac_lost: 0.103, li_recovered:  8.491, time: 0.0045314460003282875
L: 0.50, u_super: 0.00817, sec: 467.041, prod: 0.184812, t_ads: 24.0, t_des: 21.7, bed_util_ads: 0.500, bed_util_des: 0.500, des_th: 0.4996151931168202,frac_lost: 0.108, li_recovered:  8.445, time: 0.005616894000922912
L: 0.50, u_super: 0.00738, sec: 416.826, prod: 0.167151, t_ads: 26.3, t_des: 23.5, bed_util_ads: 0.500, bed_util_des: 0.500, des_th: 0.4996901775383873,frac_lost: 0.101, li_recovered:  8.325, time: 0.005562283999097417
L: 0.50, u_super: 0.00325, sec: 175.962, prod: 0.072685, t_ads: 59.4, t_des: 56.7, bed_util_ads: 0.489, bed_util_des: 0.488, des_th: 0.48810126454916813,frac_lost: 0.101, li_recovered:  8.440, time: 0.006139568000435247
L: 0.50, u_super: 0.00796, sec: 452.255, prod: 0.180484, t_ads: 24.4, t_des: 22.0, bed_util_ads: 0.500, bed_util_des: 0.500, des_th: 0.49955110229554545,frac_lost: 0.101, li_recovered:  8.381, time: 0.005277995000142255
L: 0.50, u_super: 0.00293, sec: 158.801, prod: 0.065395, t_ads: 65.8, t_des: 57.8, bed_util_ads: 0.499, bed_util_des: 0.499, des_th: 0.4988193157810178,frac_lost: 0.103, li_recovered:  8.080, time: 0.007357120999586186
L: 0.50, u_super: 0.00237, sec: 128.407, prod: 0.052222, t_ads: 81.7, t_des: 70.6, bed_util_ads: 0.499, bed_util_des: 0.499, des_th: 0.4991142517623268,frac_lost: 0.107, li_recovered:  7.953, time: 0.006155054999908316
L: 0.50, u_super: 0.00005, sec: 4.332, prod: 0.000668, t_ads: 3400.2, t_des: 5774.4, bed_util_ads: 0.251, bed_util_des: 0.185, des_th: 0.1851696623157332,frac_lost: 0.100, li_recovered:  6.131, time: 0.005595483000433887
L: 0.50, u_super: 0.00868, sec: 501.605, prod: 0.195630, t_ads: 22.5, t_des: 21.4, bed_util_ads: 0.493, bed_util_des: 0.493, des_th: 0.49271310184477374,frac_lost: 0.106, li_recovered:  8.593, time: 0.0055335750002996065
L: 0.50, u_super: 0.00948, sec: 549.672, prod: 0.214775, t_ads: 20.6, t_des: 18.7, bed_util_ads: 0.499, bed_util_des: 0.499, des_th: 0.49921218008278984,frac_lost: 0.106, li_recovered:  8.458, time: 0.0044203529996593716
L: 0.50, u_super: 0.00210, sec: 1174.436, prod: 0.004487, t_ads: 93.5, t_des: 1869.6, bed_util_ads: 0.171, bed_util_des: 0.158, des_th: 0.1575824918459217,frac_lost: 0.102, li_recovered:  8.807, time: 0.05670751500110782
   645 |    25800 |     40 |  0.0028774128 |             f
L: 0.50, u_super: 0.00684, sec: 384.382, prod: 0.154818, t_ads: 28.4, t_des: 26.6, bed_util_ads: 0.495, bed_util_des: 0.494, des_th: 0.49447369583110423,frac_lost: 0.101, li_recovered:  8.510, time: 0.004728443000203697
L: 0.50, u_super: 0.00780, sec: 445.811, prod: 0.175385, t_ads: 25.1, t_des: 23.8, bed_util_ads: 0.493, bed_util_des: 0.493, des_th: 0.49275031375332234,frac_lost: 0.107, li_recovered:  8.585, time: 0.005943137999565806
L: 0.50, u_super: 0.00079, sec: 44.391, prod: 0.016444, t_ads: 235.5, t_des: 204.5, bed_util_ads: 0.485, bed_util_des: 0.484, des_th: 0.4845423240212949,frac_lost: 0.104, li_recovered:  7.236, time: 0.005213692000324954
L: 0.50, u_super: 0.00032 — INFEASIBLE (li_recovered=0.000e+00), time: 0.00410085700059426
L: 0.50, u_super: 0.00208, sec: 111.829, prod: 0.046104, t_ads: 92.8, t_des: 85.0, bed_util_ads: 0.492, bed_util_des: 0.492, des_th: 0.4916444304570197,frac_lost: 0.107, li_recovered:  8.199, time: 0.00778940199961653
L: 0.50, u_super: 0.00067 — INFEASIBLE (li_recovered=0.000e+00), time: 0.005121033998875646
L: 0.50, u_super: 0.00550, sec: 304.403, prod: 0.124107, t_ads: 35.3, t_des: 31.6, bed_util_ads: 0.499, bed_util_des: 0.499, des_th: 0.499052042915112,frac_lost: 0.104, li_recovered:  8.303, time: 0.006741862000126275
L: 4.37, u_super: 0.00237 — INFEASIBLE (li_recovered=0.000e+00), time: 0.002081602999169263
L: 0.50, u_super: 0.00963, sec: 559.746, prod: 0.218375, t_ads: 20.3, t_des: 18.4, bed_util_ads: 0.500, bed_util_des: 0.500, des_th: 0.49978094037477466,frac_lost: 0.106, li_recovered:  8.457, time: 0.006664470000032452
L: 0.50, u_super: 0.00349, sec: 189.686, prod: 0.077948, t_ads: 55.8, t_des: 49.3, bed_util_ads: 0.500, bed_util_des: 0.500, des_th: 0.4995390634910861,frac_lost: 0.108, li_recovered:  8.193, time: 0.004517392999332515
L: 0.50, u_super: 0.00100, sec: 56.845, prod: 0.020657, t_ads: 190.0, t_des: 206.0, bed_util_ads: 0.462, bed_util_des: 0.459, des_th: 0.4589813598369043,frac_lost: 0.107, li_recovered:  8.182, time: 0.0066239540010428755
L: 0.50, u_super: 0.00684, sec: 385.624, prod: 0.154320, t_ads: 28.6, t_des: 26.5, bed_util_ads: 0.496, bed_util_des: 0.496, des_th: 0.49631267480095037,frac_lost: 0.109, li_recovered:  8.507, time: 0.005722442001570016
L: 23.91, u_super: 0.00264 — INFEASIBLE (li_recovered=0.000e+00), time: 0.001350656000795425
L: 0.50, u_super: 0.00237, sec: 128.169, prod: 0.052319, t_ads: 81.4, t_des: 70.8, bed_util_ads: 0.500, bed_util_des: 0.499, des_th: 0.4994356346328098,frac_lost: 0.105, li_recovered:  7.964, time: 0.006595013001060579
L: 1.13, u_super: 0.00745, sec: 7811.534, prod: 0.020607, t_ads: 59.8, t_des: 906.0, bed_util_ads: 0.193, bed_util_des: 0.185, des_th: 0.1851696623157332,frac_lost: 0.105, li_recovered:  19.902, time: 0.03899850800007698
L: 0.50, u_super: 0.00951, sec: 551.464, prod: 0.215528, t_ads: 20.6, t_des: 18.6, bed_util_ads: 0.499, bed_util_des: 0.499, des_th: 0.49887946983974807,frac_lost: 0.105, li_recovered:  8.446, time: 0.004691920999903232
L: 0.50, u_super: 0.00871, sec: 500.642, prod: 0.197223, t_ads: 22.5, t_des: 20.3, bed_util_ads: 0.499, bed_util_des: 0.499, des_th: 0.49903972118365914,frac_lost: 0.106, li_recovered:  8.438, time: 0.005120238000017707
L: 6.52, u_super: 0.00574 — INFEASIBLE (li_recovered=0.000e+00), time: 0.00230755600023258
L: 0.50, u_super: 0.00222, sec: 120.315, prod: 0.048953, t_ads: 86.9, t_des: 75.4, bed_util_ads: 0.499, bed_util_des: 0.499, des_th: 0.49922014643962126,frac_lost: 0.106, li_recovered:  7.947, time: 0.004230883001582697
L: 0.50, u_super: 0.00485, sec: 266.861, prod: 0.109233, t_ads: 40.1, t_des: 35.7, bed_util_ads: 0.500, bed_util_des: 0.500, des_th: 0.4995390634910861,frac_lost: 0.105, li_recovered:  8.274, time: 0.00527948600029049
L: 0.50, u_super: 0.00418, sec: 227.881, prod: 0.093996, t_ads: 46.5, t_des: 42.0, bed_util_ads: 0.498, bed_util_des: 0.497, des_th: 0.4973300154182209,frac_lost: 0.105, li_recovered:  8.320, time: 0.0041066200010391185
L: 2.45, u_super: 0.00512 — INFEASIBLE (li_recovered=0.000e+00), time: 0.0020160750009381445
L: 0.50, u_super: 0.00990, sec: 656.285, prod: 0.197313, t_ads: 19.7, t_des: 24.5, bed_util_ads: 0.460, bed_util_des: 0.460, des_th: 0.45997168813786576,frac_lost: 0.103, li_recovered:  8.719, time: 0.005866169000000809
L: 0.50, u_super: 0.00645, sec: 360.605, prod: 0.145919, t_ads: 30.1, t_des: 26.9, bed_util_ads: 0.500, bed_util_des: 0.500, des_th: 0.4995605685116587,frac_lost: 0.101, li_recovered:  8.311, time: 0.00492188699899998
L: 0.50, u_super: 0.00503, sec: 2355.024, prod: 0.013301, t_ads: 38.9, t_des: 621.1, bed_util_ads: 0.190, bed_util_des: 0.185, des_th: 0.1851696623157332,frac_lost: 0.101, li_recovered:  8.779, time: 0.03357669400065788
L: 0.50, u_super: 0.00877, sec: 504.682, prod: 0.198329, t_ads: 22.3, t_des: 20.7, bed_util_ads: 0.496, bed_util_des: 0.496, des_th: 0.4957890128956231,frac_lost: 0.105, li_recovered:  8.532, time: 0.005146168999999645
L: 3.80, u_super: 0.00161 — INFEASIBLE (li_recovered=0.000e+00), time: 0.0015057130003697239
L: 0.50, u_super: 0.00536, sec: 295.423, prod: 0.121252, t_ads: 36.1, t_des: 33.2, bed_util_ads: 0.496, bed_util_des: 0.496, des_th: 0.4958781234401794,frac_lost: 0.101, li_recovered:  8.407, time: 0.004715217999546439
L: 0.50, u_super: 0.00795, sec: 451.914, prod: 0.180343, t_ads: 24.5, t_des: 22.3, bed_util_ads: 0.498, bed_util_des: 0.498, des_th: 0.4981820600719382,frac_lost: 0.102, li_recovered:  8.437, time: 0.004944140000588959
L: 0.50, u_super: 0.00129, sec: 71.475, prod: 0.027457, t_ads: 147.2, t_des: 123.5, bed_util_ads: 0.497, bed_util_des: 0.497, des_th: 0.4965257681891226,frac_lost: 0.105, li_recovered:  7.432, time: 0.004381352999189403
L: 0.50, u_super: 0.00735, sec: 414.579, prod: 0.166671, t_ads: 26.4, t_des: 24.1, bed_util_ads: 0.497, bed_util_des: 0.497, des_th: 0.49725027630658175,frac_lost: 0.101, li_recovered:  8.424, time: 0.0042016030001832405
L: 0.50, u_super: 0.00972, sec: 564.864, prod: 0.220457, t_ads: 20.1, t_des: 18.4, bed_util_ads: 0.497, bed_util_des: 0.497, des_th: 0.49725443634557154,frac_lost: 0.104, li_recovered:  8.490, time: 0.006993390001298394
L: 0.50, u_super: 0.00959, sec: 556.548, prod: 0.217482, t_ads: 20.4, t_des: 18.5, bed_util_ads: 0.499, bed_util_des: 0.499, des_th: 0.49925383061491474,frac_lost: 0.104, li_recovered:  8.445, time: 0.0043879060012841364
L: 1.45, u_super: 0.00026 — INFEASIBLE (li_recovered=0.000e+00), time: 0.001219275000039488
L: 6.52, u_super: 0.00165 — INFEASIBLE (li_recovered=0.000e+00), time: 0.0011694160002662102
L: 0.50, u_super: 0.00622, sec: 347.188, prod: 0.140636, t_ads: 31.2, t_des: 27.9, bed_util_ads: 0.500, bed_util_des: 0.500, des_th: 0.4995605685116587,frac_lost: 0.103, li_recovered:  8.318, time: 0.005135647999850335
L: 0.50, u_super: 0.00050, sec: 29.035, prod: 0.010172, t_ads: 357.2, t_des: 332.1, bed_util_ads: 0.465, bed_util_des: 0.463, des_th: 0.4629870740112471,frac_lost: 0.101, li_recovered:  7.011, time: 0.0046011260001250776
L: 0.50, u_super: 0.00622, sec: 346.840, prod: 0.140778, t_ads: 31.1, t_des: 27.8, bed_util_ads: 0.500, bed_util_des: 0.500, des_th: 0.4996633615835924,frac_lost: 0.101, li_recovered:  8.301, time: 0.006279822999204043
L: 0.50, u_super: 0.00560, sec: 309.506, prod: 0.126534, t_ads: 34.6, t_des: 32.1, bed_util_ads: 0.495, bed_util_des: 0.494, des_th: 0.49449693955070445,frac_lost: 0.101, li_recovered:  8.450, time: 0.0044661880001513055
L: 0.50, u_super: 0.00122, sec: 68.326, prod: 0.025756, t_ads: 155.4, t_des: 128.3, bed_util_ads: 0.498, bed_util_des: 0.498, des_th: 0.4980711204352161,frac_lost: 0.107, li_recovered:  7.308, time: 0.0045761519995721756
   646 |    25840 |     40 |  0.0032713930 |             f
L: 0.50, u_super: 0.00423, sec: 1933.135, prod: 0.011378, t_ads: 46.3, t_des: 725.6, bed_util_ads: 0.191, bed_util_des: 0.185, des_th: 0.1851696623157332,frac_lost: 0.103, li_recovered:  8.783, time: 0.03293779700106825
L: 4.10, u_super: 0.00821 — INFEASIBLE (li_recovered=0.000e+00), time: 0.002934811000159243
L: 0.50, u_super: 0.00007 — INFEASIBLE (li_recovered=0.000e+00), time: 0.001036370998917846
L: 0.50, u_super: 0.00636, sec: 354.566, prod: 0.144008, t_ads: 30.5, t_des: 27.6, bed_util_ads: 0.499, bed_util_des: 0.498, des_th: 0.49842225153536057,frac_lost: 0.101, li_recovered:  8.371, time: 0.00474549699902127
L: 0.50, u_super: 0.00829, sec: 475.055, prod: 0.187401, t_ads: 23.6, t_des: 21.9, bed_util_ads: 0.496, bed_util_des: 0.496, des_th: 0.495812298663037,frac_lost: 0.107, li_recovered:  8.524, time: 0.005780572999356082
L: 0.50, u_super: 0.00307, sec: 166.324, prod: 0.068412, t_ads: 62.9, t_des: 55.2, bed_util_ads: 0.500, bed_util_des: 0.500, des_th: 0.49986802304584477,frac_lost: 0.103, li_recovered:  8.080, time: 0.006081114001062815
L: 18.83, u_super: 0.00100 — INFEASIBLE (li_recovered=0.000e+00), time: 0.0012409419996401994
L: 0.50, u_super: 0.00555, sec: 306.910, prod: 0.125397, t_ads: 34.9, t_des: 31.4, bed_util_ads: 0.500, bed_util_des: 0.499, des_th: 0.49941800771673645,frac_lost: 0.102, li_recovered:  8.314, time: 0.0042211420004605316
L: 0.50, u_super: 0.00842, sec: 482.352, prod: 0.190559, t_ads: 23.2, t_des: 21.1, bed_util_ads: 0.499, bed_util_des: 0.499, des_th: 0.4989815570059568,frac_lost: 0.107, li_recovered:  8.451, time: 0.004272297999705188
L: 0.50, u_super: 0.00770, sec: 435.943, prod: 0.174618, t_ads: 25.2, t_des: 22.8, bed_util_ads: 0.500, bed_util_des: 0.500, des_th: 0.49954722373642874,frac_lost: 0.100, li_recovered:  8.376, time: 0.004608619999999064
L: 0.50, u_super: 0.00501, sec: 275.649, prod: 0.113036, t_ads: 38.8, t_des: 35.9, bed_util_ads: 0.495, bed_util_des: 0.495, des_th: 0.49488538002854954,frac_lost: 0.104, li_recovered:  8.442, time: 0.004964971998560941
L: 0.50, u_super: 0.00715, sec: 403.922, prod: 0.161618, t_ads: 27.3, t_des: 25.1, bed_util_ads: 0.497, bed_util_des: 0.497, des_th: 0.49724796008962485,frac_lost: 0.107, li_recovered:  8.480, time: 0.004160247999607236
L: 0.50, u_super: 0.00418, sec: 227.956, prod: 0.094087, t_ads: 46.4, t_des: 42.0, bed_util_ads: 0.498, bed_util_des: 0.497, des_th: 0.4973300154182209,frac_lost: 0.104, li_recovered:  8.318, time: 0.004607016000591102
L: 0.50, u_super: 0.00005, sec: 4.332, prod: 0.000668, t_ads: 3399.4, t_des: 5772.9, bed_util_ads: 0.251, bed_util_des: 0.185, des_th: 0.1851696623157332,frac_lost: 0.100, li_recovered:  6.129, time: 0.0052736020006705076
L: 0.50, u_super: 0.00641, sec: 357.858, prod: 0.145031, t_ads: 30.3, t_des: 27.2, bed_util_ads: 0.499, bed_util_des: 0.499, des_th: 0.499033878815267,frac_lost: 0.101, li_recovered:  8.330, time: 0.005129451999891899
L: 0.50, u_super: 0.00817, sec: 466.866, prod: 0.184881, t_ads: 23.9, t_des: 21.5, bed_util_ads: 0.500, bed_util_des: 0.500, des_th: 0.49961754448352236,frac_lost: 0.106, li_recovered:  8.390, time: 0.004557842999929562
L: 0.50, u_super: 0.00770, sec: 437.366, prod: 0.174050, t_ads: 25.4, t_des: 23.1, bed_util_ads: 0.500, bed_util_des: 0.499, des_th: 0.4994180962024796,frac_lost: 0.107, li_recovered:  8.439, time: 0.004033466000691988
L: 0.50, u_super: 0.00109, sec: 68.365, prod: 0.020518, t_ads: 175.1, t_des: 229.7, bed_util_ads: 0.439, bed_util_des: 0.435, des_th: 0.43474000307777716,frac_lost: 0.106, li_recovered:  8.306, time: 0.005772993999926257
L: 0.50, u_super: 0.00007 — INFEASIBLE (li_recovered=0.000e+00), time: 0.0015736870009277482
L: 0.50, u_super: 0.00198, sec: 106.503, prod: 0.043799, t_ads: 97.5, t_des: 88.9, bed_util_ads: 0.492, bed_util_des: 0.492, des_th: 0.4916444304570197,frac_lost: 0.108, li_recovered:  8.164, time: 0.0039922549985931255
L: 51.52, u_super: 0.00373, sec: 38922.467, prod: 0.044829, t_ads: 3930.7, t_des: 5777.1, bed_util_ads: 0.233, bed_util_des: 0.185, des_th: 0.1854863919347449,frac_lost: 0.101, li_recovered:  435.190, time: 0.006607854000321822
L: 0.50, u_super: 0.00803, sec: 458.744, prod: 0.181491, t_ads: 24.3, t_des: 22.6, bed_util_ads: 0.495, bed_util_des: 0.495, des_th: 0.49510769221999334,frac_lost: 0.106, li_recovered:  8.528, time: 0.005338996999853407
L: 0.50, u_super: 0.00934, sec: 541.078, prod: 0.211739, t_ads: 20.9, t_des: 19.0, bed_util_ads: 0.500, bed_util_des: 0.500, des_th: 0.4996502788712137,frac_lost: 0.106, li_recovered:  8.452, time: 0.0053613790005329065
L: 0.50, u_super: 0.00747, sec: 423.535, prod: 0.168775, t_ads: 26.2, t_des: 24.1, bed_util_ads: 0.497, bed_util_des: 0.497, des_th: 0.49725027630658175,frac_lost: 0.107, li_recovered:  8.487, time: 0.004257061000316753
L: 0.50, u_super: 0.00990, sec: 576.015, prod: 0.224810, t_ads: 19.7, t_des: 17.9, bed_util_ads: 0.500, bed_util_des: 0.499, des_th: 0.49941800771673645,frac_lost: 0.102, li_recovered:  8.443, time: 0.005482799000674277
L: 0.50, u_super: 0.00467, sec: 255.610, prod: 0.105153, t_ads: 41.7, t_des: 38.0, bed_util_ads: 0.496, bed_util_des: 0.496, des_th: 0.4957890128956231,frac_lost: 0.104, li_recovered:  8.378, time: 0.006821975999628194
L: 30.81, u_super: 0.00300 — INFEASIBLE (li_recovered=0.000e+00), time: 0.0013028020002820995
L: 0.50, u_super: 0.00622, sec: 346.729, prod: 0.140822, t_ads: 31.1, t_des: 27.9, bed_util_ads: 0.500, bed_util_des: 0.500, des_th: 0.49965520133824975,frac_lost: 0.101, li_recovered:  8.318, time: 0.00512892799997644
L: 0.50, u_super: 0.00044, sec: 104.598, prod: 0.002162, t_ads: 450.8, t_des: 3619.5, bed_util_ads: 0.223, bed_util_des: 0.181, des_th: 0.1809127905450719,frac_lost: 0.103, li_recovered:  8.799, time: 0.017698092000500765
L: 0.50, u_super: 0.00871, sec: 501.043, prod: 0.196875, t_ads: 22.5, t_des: 20.8, bed_util_ads: 0.496, bed_util_des: 0.496, des_th: 0.4957890128956231,frac_lost: 0.106, li_recovered:  8.526, time: 0.0076008639989595395
L: 0.50, u_super: 0.00372, sec: 202.731, prod: 0.083412, t_ads: 52.4, t_des: 46.7, bed_util_ads: 0.498, bed_util_des: 0.498, des_th: 0.4981820600719382,frac_lost: 0.109, li_recovered:  8.259, time: 0.007313088999580941
L: 0.50, u_super: 0.00604, sec: 338.494, prod: 0.135443, t_ads: 32.2, t_des: 31.2, bed_util_ads: 0.490, bed_util_des: 0.490, des_th: 0.49021715799550253,frac_lost: 0.103, li_recovered:  8.582, time: 0.009144324001681525
L: 0.50, u_super: 0.00301, sec: 162.745, prod: 0.067156, t_ads: 64.3, t_des: 61.1, bed_util_ads: 0.489, bed_util_des: 0.489, des_th: 0.48880208176562173,frac_lost: 0.104, li_recovered:  8.422, time: 0.0073267269999632845
L: 125.67, u_super: 0.00288 — INFEASIBLE (li_recovered=0.000e+00), time: 0.0016536820003238972
L: 0.50, u_super: 0.00934, sec: 541.055, prod: 0.211748, t_ads: 20.9, t_des: 19.0, bed_util_ads: 0.500, bed_util_des: 0.500, des_th: 0.4996878918392463,frac_lost: 0.106, li_recovered:  8.450, time: 0.008576340000217897
L: 0.50, u_super: 0.00990, sec: 577.008, prod: 0.224422, t_ads: 19.8, t_des: 17.9, bed_util_ads: 0.500, bed_util_des: 0.500, des_th: 0.499538975005343,frac_lost: 0.106, li_recovered:  8.456, time: 0.006202315998962149
L: 17.97, u_super: 0.00261 — INFEASIBLE (li_recovered=0.000e+00), time: 0.002163365999876987
L: 0.50, u_super: 0.00210, sec: 112.752, prod: 0.046442, t_ads: 92.1, t_des: 86.1, bed_util_ads: 0.490, bed_util_des: 0.489, des_th: 0.4892196247758976,frac_lost: 0.107, li_recovered:  8.277, time: 0.0066795630009437446
L: 0.50, u_super: 0.00373, sec: 202.496, prod: 0.083630, t_ads: 52.2, t_des: 47.1, bed_util_ads: 0.498, bed_util_des: 0.497, des_th: 0.4972512416838287,frac_lost: 0.107, li_recovered:  8.307, time: 0.006295223998677102
L: 1.69, u_super: 0.00735, sec: 1429.963, prod: 0.162881, t_ads: 88.6, t_des: 83.5, bed_util_ads: 0.488, bed_util_des: 0.488, des_th: 0.487788850202785,frac_lost: 0.107, li_recovered:  28.040, time: 0.007815241000571405
   647 |    25880 |     40 |  0.0034333795 |             f
L: 15.31, u_super: 0.00373 — INFEASIBLE (li_recovered=0.000e+00), time: 0.0019488999987515854
L: 0.50, u_super: 0.00016, sec: 27.808, prod: 0.001117, t_ads: 1236.5, t_des: 6678.5, bed_util_ads: 0.228, bed_util_des: 0.151, des_th: 0.15077052241653827,frac_lost: 0.103, li_recovered:  8.844, time: 0.016999726998619735
L: 5.30, u_super: 0.00562 — INFEASIBLE (li_recovered=0.000e+00), time: 0.0029841119994671317
L: 0.50, u_super: 0.00005, sec: 4.346, prod: 0.000666, t_ads: 3566.0, t_des: 6495.6, bed_util_ads: 0.248, bed_util_des: 0.172, des_th: 0.17243049306617508,frac_lost: 0.102, li_recovered:  6.703, time: 0.008632370998384431
L: 0.50, u_super: 0.00407, sec: 221.880, prod: 0.091552, t_ads: 47.8, t_des: 43.6, bed_util_ads: 0.496, bed_util_des: 0.496, des_th: 0.4956122100212733,frac_lost: 0.106, li_recovered:  8.367, time: 0.008078789998762659
L: 0.50, u_super: 0.00252, sec: 135.641, prod: 0.056173, t_ads: 76.5, t_des: 72.1, bed_util_ads: 0.489, bed_util_des: 0.489, des_th: 0.4889729083969914,frac_lost: 0.103, li_recovered:  8.347, time: 0.007475688000340597
L: 0.50, u_super: 0.00574, sec: 319.167, prod: 0.129306, t_ads: 33.8, t_des: 32.1, bed_util_ads: 0.493, bed_util_des: 0.493, des_th: 0.4928318613147469,frac_lost: 0.103, li_recovered:  8.530, time: 0.00647138900058053
L: 0.50, u_super: 0.00261, sec: 140.843, prod: 0.058059, t_ads: 73.7, t_des: 65.1, bed_util_ads: 0.498, bed_util_des: 0.498, des_th: 0.49791789754350957,frac_lost: 0.102, li_recovered:  8.057, time: 0.005801573999633547
L: 0.50, u_super: 0.00517, sec: 284.574, prod: 0.116561, t_ads: 37.6, t_des: 34.8, bed_util_ads: 0.496, bed_util_des: 0.495, des_th: 0.4954749670142064,frac_lost: 0.104, li_recovered:  8.444, time: 0.0056474889988749055
L: 0.50, u_super: 0.00605, sec: 336.486, prod: 0.136885, t_ads: 32.0, t_des: 28.7, bed_util_ads: 0.500, bed_util_des: 0.500, des_th: 0.49954487021819255,frac_lost: 0.101, li_recovered:  8.317, time: 0.00513085999955365
L: 0.50, u_super: 0.00049 — INFEASIBLE (li_recovered=0.000e+00), time: 0.0025605890004953835
L: 0.50, u_super: 0.00902, sec: 565.645, prod: 0.187910, t_ads: 21.7, t_des: 24.7, bed_util_ads: 0.470, bed_util_des: 0.470, des_th: 0.4699246462300544,frac_lost: 0.105, li_recovered:  8.711, time: 0.007880271999965771
L: 0.50, u_super: 0.00291, sec: 157.174, prod: 0.065015, t_ads: 66.2, t_des: 58.8, bed_util_ads: 0.497, bed_util_des: 0.497, des_th: 0.49724796008962485,frac_lost: 0.102, li_recovered:  8.128, time: 0.004651655999623472
L: 4.71, u_super: 0.00555 — INFEASIBLE (li_recovered=0.000e+00), time: 0.002699446999031352
L: 0.50, u_super: 0.00412, sec: 224.503, prod: 0.092712, t_ads: 47.1, t_des: 43.1, bed_util_ads: 0.496, bed_util_des: 0.496, des_th: 0.4959082195187305,frac_lost: 0.105, li_recovered:  8.366, time: 0.0037874889985687332
L: 0.50, u_super: 0.00349, sec: 189.572, prod: 0.077995, t_ads: 55.7, t_des: 49.3, bed_util_ads: 0.500, bed_util_des: 0.500, des_th: 0.4996094553655004,frac_lost: 0.107, li_recovered:  8.189, time: 0.004464993000510731
L: 0.50, u_super: 0.00778, sec: 442.938, prod: 0.175675, t_ads: 25.2, t_des: 22.8, bed_util_ads: 0.500, bed_util_des: 0.499, des_th: 0.49938435870936937,frac_lost: 0.110, li_recovered:  8.437, time: 0.004732129998956225
L: 0.50, u_super: 0.00715, sec: 405.627, prod: 0.160939, t_ads: 27.1, t_des: 26.3, bed_util_ads: 0.490, bed_util_des: 0.490, des_th: 0.4896335250449691,frac_lost: 0.100, li_recovered:  8.591, time: 0.006529567001052783
L: 0.50, u_super: 0.00237, sec: 128.344, prod: 0.052247, t_ads: 81.6, t_des: 70.7, bed_util_ads: 0.500, bed_util_des: 0.500, des_th: 0.4997205655471638,frac_lost: 0.106, li_recovered:  7.957, time: 0.005588803000136977
L: 0.50, u_super: 0.00715, sec: 402.987, prod: 0.161993, t_ads: 27.1, t_des: 24.2, bed_util_ads: 0.500, bed_util_des: 0.500, des_th: 0.4996689962851029,frac_lost: 0.101, li_recovered:  8.318, time: 0.005330975000106264
L: 0.50, u_super: 0.00342, sec: 185.532, prod: 0.076543, t_ads: 56.9, t_des: 52.7, bed_util_ads: 0.493, bed_util_des: 0.493, des_th: 0.49257631758242193,frac_lost: 0.108, li_recovered:  8.392, time: 0.003863533000185271
L: 0.50, u_super: 0.00684, sec: 385.100, prod: 0.154529, t_ads: 28.6, t_des: 25.9, bed_util_ads: 0.498, bed_util_des: 0.498, des_th: 0.49792383686737873,frac_lost: 0.108, li_recovered:  8.427, time: 0.005360852999729104
L: 0.50, u_super: 0.00807, sec: 460.195, prod: 0.182583, t_ads: 24.2, t_des: 22.0, bed_util_ads: 0.499, bed_util_des: 0.499, des_th: 0.49927483589335453,frac_lost: 0.106, li_recovered:  8.441, time: 0.004453745001228526
L: 0.50, u_super: 0.00939, sec: 543.280, prod: 0.212896, t_ads: 20.8, t_des: 18.9, bed_util_ads: 0.500, bed_util_des: 0.499, des_th: 0.4994352316630682,frac_lost: 0.104, li_recovered:  8.449, time: 0.0055766590012353845
L: 0.50, u_super: 0.00398, sec: 216.649, prod: 0.089556, t_ads: 48.7, t_des: 44.1, bed_util_ads: 0.498, bed_util_des: 0.497, des_th: 0.4973300154182209,frac_lost: 0.104, li_recovered:  8.314, time: 0.005854411998370779
L: 0.50, u_super: 0.00058, sec: 32.501, prod: 0.011911, t_ads: 315.8, t_des: 305.2, bed_util_ads: 0.464, bed_util_des: 0.462, des_th: 0.4620732920532763,frac_lost: 0.100, li_recovered:  7.397, time: 0.004438011999809532
L: 40.28, u_super: 0.00087 — INFEASIBLE (li_recovered=0.000e+00), time: 0.0012594559993885923
L: 0.50, u_super: 0.00990, sec: 577.737, prod: 0.224139, t_ads: 19.8, t_des: 18.3, bed_util_ads: 0.497, bed_util_des: 0.497, des_th: 0.49679752285936185,frac_lost: 0.106, li_recovered:  8.530, time: 0.007848138000554172
L: 0.50, u_super: 0.00658, sec: 3417.212, prod: 0.016041, t_ads: 29.7, t_des: 517.6, bed_util_ads: 0.185, bed_util_des: 0.180, des_th: 0.1804604812560237,frac_lost: 0.102, li_recovered:  8.780, time: 0.038887533999513835
L: 0.50, u_super: 0.00770, sec: 436.533, prod: 0.174382, t_ads: 25.2, t_des: 22.6, bed_util_ads: 0.500, bed_util_des: 0.500, des_th: 0.4996750843569527,frac_lost: 0.102, li_recovered:  8.339, time: 0.006014333001076011
L: 0.50, u_super: 0.00418, sec: 228.150, prod: 0.094007, t_ads: 46.5, t_des: 42.0, bed_util_ads: 0.498, bed_util_des: 0.497, des_th: 0.4973693568943646,frac_lost: 0.106, li_recovered:  8.323, time: 0.003956073998779175
L: 0.50, u_super: 0.00005, sec: 4.324, prod: 0.000670, t_ads: 3435.3, t_des: 5866.2, bed_util_ads: 0.253, bed_util_des: 0.184, des_th: 0.1851696623157332,frac_lost: 0.103, li_recovered:  6.228, time: 0.007229309001559159
L: 0.50, u_super: 0.00016 — INFEASIBLE (li_recovered=0.000e+00), time: 0.0016822059988044202
L: 0.50, u_super: 0.00531, sec: 292.387, prod: 0.119908, t_ads: 36.5, t_des: 33.1, bed_util_ads: 0.497, bed_util_des: 0.497, des_th: 0.4972108087951127,frac_lost: 0.102, li_recovered:  8.355, time: 0.005618628998490749
L: 0.50, u_super: 0.00469, sec: 256.859, prod: 0.105519, t_ads: 41.4, t_des: 38.7, bed_util_ads: 0.493, bed_util_des: 0.493, des_th: 0.4927677960572671,frac_lost: 0.103, li_recovered:  8.459, time: 0.004449813999599428
L: 0.50, u_super: 0.00987, sec: 577.171, prod: 0.222867, t_ads: 19.8, t_des: 18.8, bed_util_ads: 0.493, bed_util_des: 0.493, des_th: 0.4927759412258525,frac_lost: 0.103, li_recovered:  8.593, time: 0.004307797000365099
L: 25.05, u_super: 0.00604 — INFEASIBLE (li_recovered=0.000e+00), time: 0.0011153880004712846
L: 0.50, u_super: 0.00657, sec: 373.127, prod: 0.146690, t_ads: 29.8, t_des: 29.0, bed_util_ads: 0.489, bed_util_des: 0.489, des_th: 0.4886200734453573,frac_lost: 0.107, li_recovered:  8.617, time: 0.005926750000071479
L: 0.50, u_super: 0.00713, sec: 402.608, prod: 0.161017, t_ads: 27.5, t_des: 25.2, bed_util_ads: 0.497, bed_util_des: 0.497, des_th: 0.49715873442688846,frac_lost: 0.108, li_recovered:  8.483, time: 0.007523976000811672
L: 0.50, u_super: 0.00029, sec: 99.591, prod: 0.000975, t_ads: 702.1, t_des: 8578.5, bed_util_ads: 0.185, bed_util_des: 0.120, des_th: 0.12029245280230742,frac_lost: 0.101, li_recovered:  9.049, time: 0.03493898499982606
   648 |    25920 |     40 |  0.0025130039 |             f
L: 0.50, u_super: 0.00276, sec: 155.254, prod: 0.058826, t_ads: 70.0, t_des: 75.3, bed_util_ads: 0.474, bed_util_des: 0.473, des_th: 0.47286283754278546,frac_lost: 0.102, li_recovered:  8.545, time: 0.0056701579997024965
L: 0.50, u_super: 0.00373, sec: 202.357, prod: 0.083688, t_ads: 51.8, t_des: 46.2, bed_util_ads: 0.498, bed_util_des: 0.498, des_th: 0.4981820600719382,frac_lost: 0.101, li_recovered:  8.199, time: 0.004431896000824054
L: 0.50, u_super: 0.00942, sec: 553.709, prod: 0.210411, t_ads: 20.7, t_des: 20.4, bed_util_ads: 0.489, bed_util_des: 0.489, des_th: 0.48873307668111193,frac_lost: 0.104, li_recovered:  8.656, time: 0.005443523001304129
L: 0.50, u_super: 0.00597, sec: 331.467, prod: 0.134834, t_ads: 32.5, t_des: 29.1, bed_util_ads: 0.500, bed_util_des: 0.500, des_th: 0.49954487021819255,frac_lost: 0.102, li_recovered:  8.316, time: 0.00492511699849274
L: 0.50, u_super: 0.00188, sec: 101.995, prod: 0.041201, t_ads: 101.7, t_des: 88.0, bed_util_ads: 0.497, bed_util_des: 0.497, des_th: 0.49724796008962485,frac_lost: 0.102, li_recovered:  7.815, time: 0.004794419000972994
L: 0.50, u_super: 0.00077, sec: 43.273, prod: 0.016235, t_ads: 242.1, t_des: 246.2, bed_util_ads: 0.465, bed_util_des: 0.463, des_th: 0.46292395781648193,frac_lost: 0.106, li_recovered:  7.928, time: 0.0054747209997003665
L: 0.50, u_super: 0.00742, sec: 423.908, prod: 0.166391, t_ads: 26.4, t_des: 25.4, bed_util_ads: 0.492, bed_util_des: 0.492, des_th: 0.49204609263247495,frac_lost: 0.107, li_recovered:  8.607, time: 0.00482318299873441
L: 0.50, u_super: 0.00916, sec: 528.769, prod: 0.207634, t_ads: 21.3, t_des: 19.3, bed_util_ads: 0.500, bed_util_des: 0.499, des_th: 0.49941800771673645,frac_lost: 0.104, li_recovered:  8.440, time: 0.006080011999074486
L: 0.50, u_super: 0.00946, sec: 548.415, prod: 0.214203, t_ads: 20.7, t_des: 19.0, bed_util_ads: 0.497, bed_util_des: 0.497, des_th: 0.4973384622055804,frac_lost: 0.106, li_recovered:  8.494, time: 0.0062763089990767185
L: 0.50, u_super: 0.00264, sec: 143.267, prod: 0.058627, t_ads: 72.8, t_des: 63.2, bed_util_ads: 0.500, bed_util_des: 0.500, des_th: 0.49958599911334656,frac_lost: 0.102, li_recovered:  7.972, time: 0.004584266000165371
L: 0.50, u_super: 0.00622, sec: 388.925, prod: 0.125544, t_ads: 31.4, t_des: 37.8, bed_util_ads: 0.463, bed_util_des: 0.463, des_th: 0.4625844497831232,frac_lost: 0.107, li_recovered:  8.688, time: 0.006895091999467695
L: 0.50, u_super: 0.00684, sec: 385.198, prod: 0.154490, t_ads: 28.6, t_des: 26.3, bed_util_ads: 0.497, bed_util_des: 0.497, des_th: 0.49723195899162426,frac_lost: 0.108, li_recovered:  8.483, time: 0.007297361000382807
L: 0.50, u_super: 0.00747, sec: 423.425, prod: 0.168819, t_ads: 26.2, t_des: 23.8, bed_util_ads: 0.500, bed_util_des: 0.499, des_th: 0.4994089097737905,frac_lost: 0.108, li_recovered:  8.441, time: 0.005953608999334392
L: 0.50, u_super: 0.00131, sec: 72.744, prod: 0.027672, t_ads: 145.3, t_des: 120.3, bed_util_ads: 0.500, bed_util_des: 0.500, des_th: 0.4996940497945921,frac_lost: 0.105, li_recovered:  7.351, time: 0.005080521999843768
L: 0.50, u_super: 0.00461, sec: 252.387, prod: 0.103671, t_ads: 42.2, t_des: 37.7, bed_util_ads: 0.500, bed_util_des: 0.499, des_th: 0.49941800771673645,frac_lost: 0.104, li_recovered:  8.285, time: 0.005634527000438538
L: 0.50, u_super: 0.00596, sec: 348.670, prod: 0.127853, t_ads: 32.7, t_des: 35.1, bed_util_ads: 0.476, bed_util_des: 0.476, des_th: 0.475788122532423,frac_lost: 0.103, li_recovered:  8.668, time: 0.00497177100078261
L: 0.50, u_super: 0.00807, sec: 460.195, prod: 0.182583, t_ads: 24.2, t_des: 22.0, bed_util_ads: 0.499, bed_util_des: 0.499, des_th: 0.49927483589335453,frac_lost: 0.106, li_recovered:  8.441, time: 0.0047600779998902
L: 0.50, u_super: 0.00137 — INFEASIBLE (li_recovered=0.000e+00), time: 0.002653972000189242
L: 0.50, u_super: 0.00413, sec: 225.008, prod: 0.092870, t_ads: 47.1, t_des: 42.6, bed_util_ads: 0.498, bed_util_des: 0.498, des_th: 0.4977997109758256,frac_lost: 0.105, li_recovered:  8.324, time: 0.006050059000699548
L: 0.50, u_super: 0.00887, sec: 511.172, prod: 0.200873, t_ads: 22.1, t_des: 20.0, bed_util_ads: 0.500, bed_util_des: 0.499, des_th: 0.49949242092817475,frac_lost: 0.107, li_recovered:  8.442, time: 0.005321983999238
L: 0.50, u_super: 0.00005, sec: 4.332, prod: 0.000668, t_ads: 3399.4, t_des: 5772.9, bed_util_ads: 0.251, bed_util_des: 0.185, des_th: 0.1851696623157332,frac_lost: 0.100, li_recovered:  6.129, time: 0.005021306998969521
L: 0.50, u_super: 0.00654, sec: 365.939, prod: 0.148017, t_ads: 29.7, t_des: 26.5, bed_util_ads: 0.500, bed_util_des: 0.500, des_th: 0.49999240556585406,frac_lost: 0.101, li_recovered:  8.311, time: 0.005875721999473171
L: 3.56, u_super: 0.00245 — INFEASIBLE (li_recovered=0.000e+00), time: 0.002194363001763122
L: 0.50, u_super: 0.00016, sec: 19.868, prod: 0.001564, t_ads: 1187.2, t_des: 4137.8, bed_util_ads: 0.262, bed_util_des: 0.198, des_th: 0.1986820758358134,frac_lost: 0.101, li_recovered:  8.328, time: 0.011274596001385362
L: 0.50, u_super: 0.00180, sec: 96.367, prod: 0.039738, t_ads: 106.4, t_des: 98.0, bed_util_ads: 0.490, bed_util_des: 0.489, des_th: 0.4892196247758976,frac_lost: 0.102, li_recovered:  8.123, time: 0.005148580001332448
L: 36.31, u_super: 0.00645 — INFEASIBLE (li_recovered=0.000e+00), time: 0.0018518050001148367
L: 0.50, u_super: 0.00063, sec: 35.523, prod: 0.013239, t_ads: 289.5, t_des: 277.4, bed_util_ads: 0.468, bed_util_des: 0.466, des_th: 0.4660700028421065,frac_lost: 0.102, li_recovered:  7.505, time: 0.004722362000393332
L: 0.50, u_super: 0.00986, sec: 574.006, prod: 0.223763, t_ads: 19.8, t_des: 18.0, bed_util_ads: 0.499, bed_util_des: 0.499, des_th: 0.49903318097762916,frac_lost: 0.104, li_recovered:  8.456, time: 0.004699487999459961
L: 0.50, u_super: 0.00373, sec: 202.806, prod: 0.083504, t_ads: 52.1, t_des: 46.2, bed_util_ads: 0.500, bed_util_des: 0.500, des_th: 0.4996711643666493,frac_lost: 0.106, li_recovered:  8.210, time: 0.006190301999595249
L: 0.50, u_super: 0.00248, sec: 133.306, prod: 0.055117, t_ads: 78.0, t_des: 73.4, bed_util_ads: 0.490, bed_util_des: 0.489, des_th: 0.4892196247758976,frac_lost: 0.105, li_recovered:  8.345, time: 0.004258184000718757
L: 0.50, u_super: 0.00058 — INFEASIBLE (li_recovered=0.000e+00), time: 0.0030578999994759215
L: 0.50, u_super: 0.00664, sec: 372.458, prod: 0.149770, t_ads: 29.5, t_des: 26.4, bed_util_ads: 0.500, bed_util_des: 0.500, des_th: 0.49976945448728266,frac_lost: 0.108, li_recovered:  8.375, time: 0.004031198999655317
L: 0.50, u_super: 0.00900, sec: 519.202, prod: 0.203967, t_ads: 21.7, t_des: 19.7, bed_util_ads: 0.499, bed_util_des: 0.499, des_th: 0.49902101432044155,frac_lost: 0.106, li_recovered:  8.450, time: 0.0047486929997830885
L: 0.50, u_super: 0.00100, sec: 56.842, prod: 0.020658, t_ads: 189.7, t_des: 206.3, bed_util_ads: 0.461, bed_util_des: 0.459, des_th: 0.45867099978839226,frac_lost: 0.105, li_recovered:  8.179, time: 0.0049015320000762586
L: 0.50, u_super: 0.00939, sec: 543.280, prod: 0.212896, t_ads: 20.8, t_des: 18.9, bed_util_ads: 0.500, bed_util_des: 0.499, des_th: 0.4994352316630682,frac_lost: 0.104, li_recovered:  8.449, time: 0.005031922999478411
L: 0.50, u_super: 0.00027, sec: 40.758, prod: 0.002041, t_ads: 733.9, t_des: 3467.9, bed_util_ads: 0.255, bed_util_des: 0.203, des_th: 0.20340348364579197,frac_lost: 0.101, li_recovered:  8.578, time: 0.012272618998395046
L: 0.50, u_super: 0.00120, sec: 412.314, prod: 0.004106, t_ads: 164.5, t_des: 1978.5, bed_util_ads: 0.205, bed_util_des: 0.185, des_th: 0.1851696623157332,frac_lost: 0.104, li_recovered:  8.800, time: 0.02631957300036447
L: 0.50, u_super: 0.00964, sec: 560.606, prod: 0.218260, t_ads: 20.3, t_des: 18.8, bed_util_ads: 0.497, bed_util_des: 0.497, des_th: 0.49651906652601463,frac_lost: 0.105, li_recovered:  8.534, time: 0.004921651001495775
L: 0.50, u_super: 0.00597, sec: 331.141, prod: 0.134970, t_ads: 32.5, t_des: 29.8, bed_util_ads: 0.497, bed_util_des: 0.497, des_th: 0.49727416500568705,frac_lost: 0.102, li_recovered:  8.414, time: 0.004368531001091469
L: 0.50, u_super: 0.00747, sec: 421.793, prod: 0.169473, t_ads: 26.0, t_des: 23.7, bed_util_ads: 0.497, bed_util_des: 0.497, des_th: 0.4969705233346992,frac_lost: 0.100, li_recovered:  8.421, time: 0.0046718140001758
   649 |    25960 |     40 |  0.0028471947 |             f
L: 0.50, u_super: 0.00059, sec: 33.781, prod: 0.011961, t_ads: 312.4, t_des: 333.9, bed_util_ads: 0.452, bed_util_des: 0.448, des_th: 0.44793760277116185,frac_lost: 0.102, li_recovered:  7.731, time: 0.004249531000823481
L: 0.50, u_super: 0.00613, sec: 341.670, prod: 0.138494, t_ads: 31.7, t_des: 28.3, bed_util_ads: 0.500, bed_util_des: 0.499, des_th: 0.49941800771673645,frac_lost: 0.103, li_recovered:  8.309, time: 0.0061653270004171645
L: 0.50, u_super: 0.00012 — INFEASIBLE (li_recovered=0.000e+00), time: 0.0013541250009438954
L: 0.50, u_super: 0.00252, sec: 135.803, prod: 0.055964, t_ads: 76.7, t_des: 68.1, bed_util_ads: 0.498, bed_util_des: 0.497, des_th: 0.49724796008962485,frac_lost: 0.105, li_recovered:  8.105, time: 0.004083953999725054
L: 13.90, u_super: 0.00807 — INFEASIBLE (li_recovered=0.000e+00), time: 0.002567217999967397
L: 0.50, u_super: 0.00284, sec: 152.931, prod: 0.063392, t_ads: 68.0, t_des: 64.2, bed_util_ads: 0.489, bed_util_des: 0.489, des_th: 0.4887697971117584,frac_lost: 0.102, li_recovered:  8.379, time: 0.00469858100041165
L: 0.50, u_super: 0.00380, sec: 206.652, prod: 0.085221, t_ads: 51.2, t_des: 45.9, bed_util_ads: 0.498, bed_util_des: 0.498, des_th: 0.49797660717531705,frac_lost: 0.107, li_recovered:  8.273, time: 0.004491319999942789
L: 0.50, u_super: 0.00501, sec: 275.206, prod: 0.112923, t_ads: 38.8, t_des: 35.9, bed_util_ads: 0.495, bed_util_des: 0.495, des_th: 0.4948890086060439,frac_lost: 0.103, li_recovered:  8.439, time: 0.005462872999487445
L: 0.50, u_super: 0.00485, sec: 266.861, prod: 0.109233, t_ads: 40.1, t_des: 35.7, bed_util_ads: 0.500, bed_util_des: 0.500, des_th: 0.4995390634910861,frac_lost: 0.105, li_recovered:  8.274, time: 0.004099773999769241
L: 4.85, u_super: 0.00053 — INFEASIBLE (li_recovered=0.000e+00), time: 0.0008516649995726766
L: 0.50, u_super: 0.00313, sec: 170.538, prod: 0.069645, t_ads: 62.1, t_des: 59.5, bed_util_ads: 0.489, bed_util_des: 0.488, des_th: 0.48827859589730394,frac_lost: 0.108, li_recovered:  8.472, time: 0.005338700999345747
L: 0.50, u_super: 0.00510, sec: 280.675, prod: 0.115206, t_ads: 38.0, t_des: 35.2, bed_util_ads: 0.495, bed_util_des: 0.495, des_th: 0.49488538002854954,frac_lost: 0.102, li_recovered:  8.439, time: 0.0050296139997954015
L: 0.50, u_super: 0.00553, sec: 2637.770, prod: 0.014460, t_ads: 35.5, t_des: 571.8, bed_util_ads: 0.190, bed_util_des: 0.185, des_th: 0.1851696623157332,frac_lost: 0.103, li_recovered:  8.782, time: 0.03649196599872084
L: 0.50, u_super: 0.00779, sec: 441.424, prod: 0.176622, t_ads: 24.9, t_des: 22.5, bed_util_ads: 0.499, bed_util_des: 0.499, des_th: 0.49903318097762916,frac_lost: 0.100, li_recovered:  8.378, time: 0.00438112300071225
L: 0.50, u_super: 0.00746, sec: 423.179, prod: 0.168458, t_ads: 26.3, t_des: 23.5, bed_util_ads: 0.500, bed_util_des: 0.500, des_th: 0.49965520133824975,frac_lost: 0.109, li_recovered:  8.392, time: 0.006138853999800631
L: 0.50, u_super: 0.00807, sec: 460.365, prod: 0.182515, t_ads: 24.2, t_des: 21.7, bed_util_ads: 0.500, bed_util_des: 0.500, des_th: 0.4998813218522819,frac_lost: 0.106, li_recovered:  8.389, time: 0.006000602999847615
L: 0.50, u_super: 0.00642, sec: 374.147, prod: 0.139134, t_ads: 30.5, t_des: 31.9, bed_util_ads: 0.481, bed_util_des: 0.480, des_th: 0.48039657147159126,frac_lost: 0.107, li_recovered:  8.674, time: 0.004798961001142743
L: 0.50, u_super: 0.00574, sec: 317.783, prod: 0.129870, t_ads: 33.8, t_des: 30.6, bed_util_ads: 0.498, bed_util_des: 0.498, des_th: 0.4982586538463425,frac_lost: 0.101, li_recovered:  8.356, time: 0.003939643000194337
L: 0.50, u_super: 0.00127, sec: 70.967, prod: 0.026886, t_ads: 149.5, t_des: 123.5, bed_util_ads: 0.499, bed_util_des: 0.499, des_th: 0.49872164976572464,frac_lost: 0.107, li_recovered:  7.341, time: 0.0037145610003790352
L: 0.50, u_super: 0.00005, sec: 4.695, prod: 0.000731, t_ads: 3057.9, t_des: 4985.4, bed_util_ads: 0.259, bed_util_des: 0.200, des_th: 0.19958880529172718,frac_lost: 0.101, li_recovered:  5.883, time: 0.004605995000019902
L: 0.50, u_super: 0.00971, sec: 564.526, prod: 0.220120, t_ads: 20.1, t_des: 18.2, bed_util_ads: 0.500, bed_util_des: 0.500, des_th: 0.49965520133824975,frac_lost: 0.105, li_recovered:  8.446, time: 0.004125645999010885
L: 0.50, u_super: 0.00838, sec: 3644.859, prod: 0.024942, t_ads: 23.4, t_des: 328.6, bed_util_ads: 0.202, bed_util_des: 0.199, des_th: 0.1986820758358134,frac_lost: 0.104, li_recovered:  8.779, time: 0.02833000999999058
L: 0.50, u_super: 0.00531, sec: 293.937, prod: 0.119276, t_ads: 36.5, t_des: 35.2, bed_util_ads: 0.490, bed_util_des: 0.490, des_th: 0.4897432450529507,frac_lost: 0.100, li_recovered:  8.545, time: 0.005260073001409182
L: 0.50, u_super: 0.00188, sec: 102.565, prod: 0.040972, t_ads: 101.8, t_des: 86.7, bed_util_ads: 0.499, bed_util_des: 0.499, des_th: 0.4993083723100755,frac_lost: 0.103, li_recovered:  7.720, time: 0.003943457000787021
L: 0.50, u_super: 0.00333, sec: 180.445, prod: 0.074450, t_ads: 58.5, t_des: 52.2, bed_util_ads: 0.498, bed_util_des: 0.498, des_th: 0.49821338414421784,frac_lost: 0.108, li_recovered:  8.241, time: 0.00449664999905508
L: 0.50, u_super: 0.00129, sec: 72.849, prod: 0.027062, t_ads: 147.6, t_des: 159.3, bed_util_ads: 0.466, bed_util_des: 0.464, des_th: 0.4640468267846073,frac_lost: 0.104, li_recovered:  8.305, time: 0.004097423001439893
L: 0.50, u_super: 0.00237, sec: 133.082, prod: 0.050387, t_ads: 81.5, t_des: 87.4, bed_util_ads: 0.473, bed_util_des: 0.472, des_th: 0.4719252090936936,frac_lost: 0.104, li_recovered:  8.512, time: 0.004080874999999651
L: 0.50, u_super: 0.00747, sec: 423.136, prod: 0.168934, t_ads: 26.2, t_des: 24.0, bed_util_ads: 0.497, bed_util_des: 0.497, des_th: 0.49696689475719386,frac_lost: 0.106, li_recovered:  8.476, time: 0.004924197000946151
L: 0.50, u_super: 0.00843, sec: 482.982, prod: 0.190911, t_ads: 23.2, t_des: 21.0, bed_util_ads: 0.499, bed_util_des: 0.499, des_th: 0.49903318097762916,frac_lost: 0.106, li_recovered:  8.438, time: 0.004033125000205473
L: 12.70, u_super: 0.00378 — INFEASIBLE (li_recovered=0.000e+00), time: 0.0012257279995537829
L: 0.50, u_super: 0.00985, sec: 573.719, prod: 0.223382, t_ads: 19.8, t_des: 18.0, bed_util_ads: 0.500, bed_util_des: 0.500, des_th: 0.4997395040700648,frac_lost: 0.105, li_recovered:  8.455, time: 0.004586921999361948
L: 0.50, u_super: 0.00487, sec: 267.485, prod: 0.109705, t_ads: 39.9, t_des: 35.7, bed_util_ads: 0.500, bed_util_des: 0.500, des_th: 0.4995390634910861,frac_lost: 0.104, li_recovered:  8.287, time: 0.003978623999500996
L: 40.02, u_super: 0.00014 — INFEASIBLE (li_recovered=0.000e+00), time: 0.0006651819985563634
L: 57.82, u_super: 0.00382 — INFEASIBLE (li_recovered=0.000e+00), time: 0.0007413330004055751
L: 0.50, u_super: 0.00623, sec: 347.555, prod: 0.140944, t_ads: 31.2, t_des: 28.5, bed_util_ads: 0.497, bed_util_des: 0.497, des_th: 0.4969705233346992,frac_lost: 0.104, li_recovered:  8.417, time: 0.0036925040003552567
L: 0.50, u_super: 0.00461, sec: 252.661, prod: 0.103558, t_ads: 42.3, t_des: 37.6, bed_util_ads: 0.499, bed_util_des: 0.499, des_th: 0.4992791377645984,frac_lost: 0.106, li_recovered:  8.274, time: 0.004181342999800108
L: 0.50, u_super: 0.00016, sec: 22.321, prod: 0.001392, t_ads: 1214.2, t_des: 4935.7, bed_util_ads: 0.250, bed_util_des: 0.180, des_th: 0.18039422078110662,frac_lost: 0.104, li_recovered:  8.561, time: 0.01073122100024193
L: 0.50, u_super: 0.00612, sec: 340.372, prod: 0.138403, t_ads: 31.7, t_des: 28.4, bed_util_ads: 0.500, bed_util_des: 0.499, des_th: 0.4994356346328098,frac_lost: 0.101, li_recovered:  8.323, time: 0.004952707999109407
L: 0.50, u_super: 0.00501, sec: 275.504, prod: 0.113096, t_ads: 38.7, t_des: 35.8, bed_util_ads: 0.495, bed_util_des: 0.494, des_th: 0.494494361333565,frac_lost: 0.103, li_recovered:  8.433, time: 0.003819543999270536
L: 0.50, u_super: 0.00574, sec: 318.332, prod: 0.129646, t_ads: 33.9, t_des: 31.4, bed_util_ads: 0.495, bed_util_des: 0.495, des_th: 0.49488795824568893,frac_lost: 0.103, li_recovered:  8.462, time: 0.00535955799932708
   650 |    26000 |     40 |  0.0020543963 |             f
L: 0.50, u_super: 0.00824, sec: 471.445, prod: 0.186434, t_ads: 23.8, t_des: 21.5, bed_util_ads: 0.500, bed_util_des: 0.499, des_th: 0.49942391824727944,frac_lost: 0.108, li_recovered:  8.436, time: 0.004821115000595455
L: 13.74, u_super: 0.00188 — INFEASIBLE (li_recovered=0.000e+00), time: 0.001000199999907636
L: 3.55, u_super: 0.00147 — INFEASIBLE (li_recovered=0.000e+00), time: 0.001589997000337462
L: 0.50, u_super: 0.00252, sec: 135.803, prod: 0.055964, t_ads: 76.7, t_des: 68.1, bed_util_ads: 0.498, bed_util_des: 0.497, des_th: 0.49724796008962485,frac_lost: 0.105, li_recovered:  8.105, time: 0.004518207999353763
L: 0.50, u_super: 0.00702, sec: 395.604, prod: 0.158645, t_ads: 27.9, t_des: 25.3, bed_util_ads: 0.499, bed_util_des: 0.499, des_th: 0.4987757763178317,frac_lost: 0.107, li_recovered:  8.435, time: 0.005371380000724457
L: 0.50, u_super: 0.00059, sec: 33.781, prod: 0.011961, t_ads: 312.4, t_des: 333.9, bed_util_ads: 0.452, bed_util_des: 0.448, des_th: 0.44793760277116185,frac_lost: 0.102, li_recovered:  7.731, time: 0.004354261000116821
L: 0.50, u_super: 0.00779, sec: 443.513, prod: 0.176065, t_ads: 25.2, t_des: 22.8, bed_util_ads: 0.500, bed_util_des: 0.500, des_th: 0.49954562544930864,frac_lost: 0.109, li_recovered:  8.445, time: 0.0036324850007076748
L: 15.81, u_super: 0.00990 — INFEASIBLE (li_recovered=0.000e+00), time: 0.0021900960000493797
L: 0.50, u_super: 0.00574, sec: 317.949, prod: 0.129802, t_ads: 33.8, t_des: 30.6, bed_util_ads: 0.498, bed_util_des: 0.498, des_th: 0.4982035640579951,frac_lost: 0.102, li_recovered:  8.363, time: 0.0037558200001512887
L: 0.50, u_super: 0.00520, sec: 286.173, prod: 0.117307, t_ads: 37.4, t_des: 34.6, bed_util_ads: 0.496, bed_util_des: 0.496, des_th: 0.49560296009696936,frac_lost: 0.103, li_recovered:  8.438, time: 0.003855156999634346
L: 0.50, u_super: 0.00472, sec: 258.918, prod: 0.106316, t_ads: 41.1, t_des: 36.7, bed_util_ads: 0.500, bed_util_des: 0.499, des_th: 0.49951331221232825,frac_lost: 0.103, li_recovered:  8.277, time: 0.004366940000181785
L: 0.50, u_super: 0.00877, sec: 588.702, prod: 0.169992, t_ads: 22.3, t_des: 29.0, bed_util_ads: 0.454, bed_util_des: 0.453, des_th: 0.4533619407440672,frac_lost: 0.104, li_recovered:  8.714, time: 0.004937764999340288
L: 5.96, u_super: 0.00916 — INFEASIBLE (li_recovered=0.000e+00), time: 0.0019204229993192712
L: 10.54, u_super: 0.00623 — INFEASIBLE (li_recovered=0.000e+00), time: 0.002647343999342411
L: 0.50, u_super: 0.00012 — INFEASIBLE (li_recovered=0.000e+00), time: 0.0013713279986404814
L: 0.50, u_super: 0.00100, sec: 55.690, prod: 0.021086, t_ads: 188.1, t_des: 197.4, bed_util_ads: 0.465, bed_util_des: 0.463, des_th: 0.4629870740112471,frac_lost: 0.101, li_recovered:  8.129, time: 0.004100441999980831
L: 0.50, u_super: 0.00349, sec: 189.311, prod: 0.078103, t_ads: 55.9, t_des: 50.4, bed_util_ads: 0.497, bed_util_des: 0.497, des_th: 0.49717637756170074,frac_lost: 0.109, li_recovered:  8.303, time: 0.004490471999815782
L: 2.41, u_super: 0.00415 — INFEASIBLE (li_recovered=0.000e+00), time: 0.0029735650005022762
L: 0.50, u_super: 0.00537, sec: 296.274, prod: 0.121153, t_ads: 36.2, t_des: 32.8, bed_util_ads: 0.497, bed_util_des: 0.497, des_th: 0.4972940314013461,frac_lost: 0.104, li_recovered:  8.365, time: 0.004663391999201849
L: 0.50, u_super: 0.00747, sec: 423.448, prod: 0.168810, t_ads: 26.2, t_des: 23.5, bed_util_ads: 0.500, bed_util_des: 0.500, des_th: 0.49986906553504507,frac_lost: 0.107, li_recovered:  8.393, time: 0.0050093820009351475
L: 0.50, u_super: 0.00380, sec: 206.433, prod: 0.085246, t_ads: 51.1, t_des: 45.8, bed_util_ads: 0.498, bed_util_des: 0.497, des_th: 0.4973300154182209,frac_lost: 0.105, li_recovered:  8.257, time: 0.004118849999940721
L: 4.27, u_super: 0.00916 — INFEASIBLE (li_recovered=0.000e+00), time: 0.0027254939996055327
L: 0.50, u_super: 0.00288, sec: 155.158, prod: 0.064232, t_ads: 67.0, t_des: 63.9, bed_util_ads: 0.489, bed_util_des: 0.489, des_th: 0.4887697971117584,frac_lost: 0.101, li_recovered:  8.406, time: 0.00479174999964016
L: 0.50, u_super: 0.00853, sec: 519.714, prod: 0.181694, t_ads: 22.9, t_des: 25.0, bed_util_ads: 0.476, bed_util_des: 0.475, des_th: 0.4755014857395238,frac_lost: 0.105, li_recovered:  8.704, time: 0.005320671998561011
L: 0.50, u_super: 0.00802, sec: 455.930, prod: 0.181823, t_ads: 24.2, t_des: 21.8, bed_util_ads: 0.499, bed_util_des: 0.499, des_th: 0.49927440799906114,frac_lost: 0.101, li_recovered:  8.373, time: 0.004073206000612117
L: 0.50, u_super: 0.00463, sec: 253.642, prod: 0.104111, t_ads: 42.0, t_des: 37.5, bed_util_ads: 0.500, bed_util_des: 0.499, des_th: 0.499479558565754,frac_lost: 0.104, li_recovered:  8.274, time: 0.008346478000021307
L: 0.50, u_super: 0.00294, sec: 167.865, prod: 0.062173, t_ads: 66.1, t_des: 71.8, bed_util_ads: 0.473, bed_util_des: 0.472, des_th: 0.4721508685239034,frac_lost: 0.108, li_recovered:  8.573, time: 0.0048486519990547094
L: 27.59, u_super: 0.00010 — INFEASIBLE (li_recovered=0.000e+00), time: 0.0011626300001807977
L: 0.50, u_super: 0.00855, sec: 490.329, prod: 0.193759, t_ads: 22.8, t_des: 20.8, bed_util_ads: 0.499, bed_util_des: 0.499, des_th: 0.49903318097762916,frac_lost: 0.105, li_recovered:  8.453, time: 0.0057160649994330015
L: 0.50, u_super: 0.00032 — INFEASIBLE (li_recovered=0.000e+00), time: 0.0026228130009258166
L: 0.50, u_super: 0.00990, sec: 576.015, prod: 0.224810, t_ads: 19.7, t_des: 17.9, bed_util_ads: 0.500, bed_util_des: 0.499, des_th: 0.49941800771673645,frac_lost: 0.102, li_recovered:  8.443, time: 0.005469024999911198
L: 0.50, u_super: 0.00237, sec: 127.645, prod: 0.052533, t_ads: 81.6, t_des: 72.5, bed_util_ads: 0.497, bed_util_des: 0.497, des_th: 0.4969517382674136,frac_lost: 0.106, li_recovered:  8.096, time: 0.0042609329993865686
L: 17.73, u_super: 0.00417 — INFEASIBLE (li_recovered=0.000e+00), time: 0.00120961399989028
L: 43.13, u_super: 0.00016 — INFEASIBLE (li_recovered=0.000e+00), time: 0.0016441730003862176
L: 8.62, u_super: 0.00005 — INFEASIBLE (li_recovered=0.000e+00), time: 0.0010712499988585478
L: 0.50, u_super: 0.00713, sec: 401.471, prod: 0.161473, t_ads: 27.2, t_des: 24.3, bed_util_ads: 0.500, bed_util_des: 0.500, des_th: 0.4995913597464467,frac_lost: 0.101, li_recovered:  8.324, time: 0.007440336001309333
L: 0.50, u_super: 0.00188, sec: 101.995, prod: 0.041201, t_ads: 101.7, t_des: 88.0, bed_util_ads: 0.497, bed_util_des: 0.497, des_th: 0.49724796008962485,frac_lost: 0.102, li_recovered:  7.815, time: 0.005897185001231264
L: 0.50, u_super: 0.00559, sec: 309.133, prod: 0.126380, t_ads: 34.7, t_des: 31.4, bed_util_ads: 0.498, bed_util_des: 0.497, des_th: 0.4973300154182209,frac_lost: 0.102, li_recovered:  8.357, time: 0.004529193000053056
L: 0.50, u_super: 0.00531, sec: 292.387, prod: 0.119908, t_ads: 36.5, t_des: 33.1, bed_util_ads: 0.497, bed_util_des: 0.497, des_th: 0.4972108087951127,frac_lost: 0.102, li_recovered:  8.355, time: 0.005471002999911434
L: 0.50, u_super: 0.00380, sec: 207.080, prod: 0.085283, t_ads: 51.2, t_des: 45.7, bed_util_ads: 0.498, bed_util_des: 0.498, des_th: 0.4981736171861092,frac_lost: 0.107, li_recovered:  8.267, time: 0.00750485200114781
   651 |    26040 |     40 |  0.0042291792 |             f
L: 0.50, u_super: 0.00100, sec: 55.690, prod: 0.021086, t_ads: 188.1, t_des: 197.4, bed_util_ads: 0.465, bed_util_des: 0.463, des_th: 0.4629870740112471,frac_lost: 0.101, li_recovered:  8.129, time: 0.006676619999780087
L: 0.50, u_super: 0.00172, sec: 93.784, prod: 0.037432, t_ads: 111.0, t_des: 95.0, bed_util_ads: 0.499, bed_util_des: 0.498, des_th: 0.4984582167970489,frac_lost: 0.103, li_recovered:  7.711, time: 0.00556851199871744
L: 0.50, u_super: 0.00313, sec: 169.378, prod: 0.070122, t_ads: 61.5, t_des: 58.7, bed_util_ads: 0.489, bed_util_des: 0.488, des_th: 0.48821119803681345,frac_lost: 0.100, li_recovered:  8.425, time: 0.008165197001289926
L: 0.50, u_super: 0.00956, sec: 554.289, prod: 0.216983, t_ads: 20.4, t_des: 18.7, bed_util_ads: 0.497, bed_util_des: 0.497, des_th: 0.49653300136213363,frac_lost: 0.102, li_recovered:  8.487, time: 0.004532929000561126
L: 0.50, u_super: 0.00406, sec: 221.592, prod: 0.091117, t_ads: 48.0, t_des: 42.9, bed_util_ads: 0.499, bed_util_des: 0.498, des_th: 0.4983040379398363,frac_lost: 0.107, li_recovered:  8.279, time: 0.004413361999468179
L: 0.50, u_super: 0.00197, sec: 106.502, prod: 0.043141, t_ads: 97.2, t_des: 84.2, bed_util_ads: 0.498, bed_util_des: 0.497, des_th: 0.4972982102159577,frac_lost: 0.101, li_recovered:  7.828, time: 0.00641589399856457
L: 29.62, u_super: 0.00838 — INFEASIBLE (li_recovered=0.000e+00), time: 0.0014904449999448843
L: 0.50, u_super: 0.00236, sec: 1003.217, prod: 0.006614, t_ads: 83.4, t_des: 1245.7, bed_util_ads: 0.193, bed_util_des: 0.182, des_th: 0.18165730920739587,frac_lost: 0.103, li_recovered:  8.790, time: 0.03736966799988295
L: 0.50, u_super: 0.00472, sec: 259.424, prod: 0.106272, t_ads: 41.0, t_des: 38.9, bed_util_ads: 0.492, bed_util_des: 0.491, des_th: 0.4914802699610466,frac_lost: 0.102, li_recovered:  8.495, time: 0.0052181320006639
L: 0.50, u_super: 0.00711, sec: 401.521, prod: 0.160514, t_ads: 27.6, t_des: 25.3, bed_util_ads: 0.497, bed_util_des: 0.497, des_th: 0.49724796008962485,frac_lost: 0.108, li_recovered:  8.482, time: 0.006799505001254147
L: 0.50, u_super: 0.00283, sec: 153.037, prod: 0.063004, t_ads: 68.1, t_des: 59.9, bed_util_ads: 0.499, bed_util_des: 0.499, des_th: 0.4986927589824033,frac_lost: 0.103, li_recovered:  8.065, time: 0.004762390999530908
L: 0.50, u_super: 0.00758, sec: 430.097, prod: 0.171226, t_ads: 25.9, t_des: 23.4, bed_util_ads: 0.500, bed_util_des: 0.499, des_th: 0.4994068043598133,frac_lost: 0.108, li_recovered:  8.443, time: 0.0069170030001259875
L: 0.50, u_super: 0.00714, sec: 403.476, prod: 0.161343, t_ads: 27.4, t_des: 24.8, bed_util_ads: 0.500, bed_util_des: 0.499, des_th: 0.49941800771673645,frac_lost: 0.108, li_recovered:  8.432, time: 0.007572409998829244
L: 0.50, u_super: 0.00156, sec: 85.300, prod: 0.033699, t_ads: 122.9, t_des: 104.7, bed_util_ads: 0.498, bed_util_des: 0.497, des_th: 0.49724872719318275,frac_lost: 0.107, li_recovered:  7.671, time: 0.005441430999781005
L: 0.50, u_super: 0.00542, sec: 298.728, prod: 0.122489, t_ads: 35.8, t_des: 32.5, bed_util_ads: 0.497, bed_util_des: 0.497, des_th: 0.49724796008962485,frac_lost: 0.101, li_recovered:  8.357, time: 0.005568745000346098
L: 0.50, u_super: 0.00553, sec: 377.909, prod: 0.101164, t_ads: 35.1, t_des: 50.7, bed_util_ads: 0.440, bed_util_des: 0.439, des_th: 0.4388841619010504,frac_lost: 0.102, li_recovered:  8.682, time: 0.008591212999817799
L: 0.50, u_super: 0.00978, sec: 569.066, prod: 0.221728, t_ads: 20.0, t_des: 18.1, bed_util_ads: 0.499, bed_util_des: 0.499, des_th: 0.4985412367903834,frac_lost: 0.105, li_recovered:  8.454, time: 0.005939516999205807
L: 0.50, u_super: 0.00235, sec: 127.030, prod: 0.051822, t_ads: 82.1, t_des: 71.4, bed_util_ads: 0.499, bed_util_des: 0.498, des_th: 0.4984822463306855,frac_lost: 0.104, li_recovered:  7.955, time: 0.0048411150000902126
L: 0.50, u_super: 0.00990, sec: 600.856, prod: 0.215515, t_ads: 19.7, t_des: 20.7, bed_util_ads: 0.481, bed_util_des: 0.481, des_th: 0.48090029473797524,frac_lost: 0.104, li_recovered:  8.704, time: 0.0051824340007442515
L: 0.50, u_super: 0.00442, sec: 242.027, prod: 0.099484, t_ads: 43.9, t_des: 39.2, bed_util_ads: 0.500, bed_util_des: 0.500, des_th: 0.4996698259361789,frac_lost: 0.105, li_recovered:  8.271, time: 0.005551004000153625
L: 0.50, u_super: 0.00807, sec: 460.347, prod: 0.182539, t_ads: 24.2, t_des: 22.2, bed_util_ads: 0.497, bed_util_des: 0.497, des_th: 0.4973152543686858,frac_lost: 0.106, li_recovered:  8.484, time: 0.004176631999143865
L: 0.50, u_super: 0.00492, sec: 270.082, prod: 0.110945, t_ads: 39.5, t_des: 36.5, bed_util_ads: 0.495, bed_util_des: 0.495, des_th: 0.49487144519243037,frac_lost: 0.103, li_recovered:  8.433, time: 0.004355246999693918
L: 0.50, u_super: 0.00508, sec: 279.281, prod: 0.114605, t_ads: 38.2, t_des: 34.6, bed_util_ads: 0.497, bed_util_des: 0.497, des_th: 0.4971309934681955,frac_lost: 0.103, li_recovered:  8.350, time: 0.005437709000034374
L: 14.64, u_super: 0.00907 — INFEASIBLE (li_recovered=0.000e+00), time: 0.001950245999978506
L: 0.50, u_super: 0.00451, sec: 247.591, prod: 0.101411, t_ads: 43.2, t_des: 38.4, bed_util_ads: 0.499, bed_util_des: 0.499, des_th: 0.4991353876385231,frac_lost: 0.107, li_recovered:  8.280, time: 0.005285567000100855
L: 7.73, u_super: 0.00080 — INFEASIBLE (li_recovered=0.000e+00), time: 0.0013225210004748078
L: 0.50, u_super: 0.00779, sec: 441.424, prod: 0.176622, t_ads: 24.9, t_des: 22.5, bed_util_ads: 0.499, bed_util_des: 0.499, des_th: 0.49903318097762916,frac_lost: 0.100, li_recovered:  8.378, time: 0.00436013400030788
L: 0.50, u_super: 0.00100, sec: 55.666, prod: 0.021095, t_ads: 188.0, t_des: 197.3, bed_util_ads: 0.465, bed_util_des: 0.463, des_th: 0.4632556633802787,frac_lost: 0.100, li_recovered:  8.128, time: 0.005928935999691021
L: 0.50, u_super: 0.00925, sec: 575.345, prod: 0.194900, t_ads: 21.1, t_des: 23.6, bed_util_ads: 0.472, bed_util_des: 0.472, des_th: 0.4721009446684366,frac_lost: 0.103, li_recovered:  8.709, time: 0.007131983000363107
L: 0.50, u_super: 0.00461, sec: 254.076, prod: 0.103331, t_ads: 42.1, t_des: 40.4, bed_util_ads: 0.490, bed_util_des: 0.489, des_th: 0.4894662381816767,frac_lost: 0.104, li_recovered:  8.530, time: 0.004353040001660702
L: 0.50, u_super: 0.00086, sec: 207.239, prod: 0.004183, t_ads: 229.7, t_des: 1864.5, bed_util_ads: 0.234, bed_util_des: 0.210, des_th: 0.21019737276040557,frac_lost: 0.106, li_recovered:  8.761, time: 0.02336177899996983
L: 0.50, u_super: 0.00984, sec: 572.941, prod: 0.223300, t_ads: 19.8, t_des: 18.0, bed_util_ads: 0.499, bed_util_des: 0.498, des_th: 0.4984374365828949,frac_lost: 0.104, li_recovered:  8.448, time: 0.00480482800048776
L: 0.50, u_super: 0.00186, sec: 99.931, prod: 0.041141, t_ads: 102.9, t_des: 97.9, bed_util_ads: 0.486, bed_util_des: 0.485, des_th: 0.48556113142901797,frac_lost: 0.102, li_recovered:  8.259, time: 0.0068262369986769045
L: 0.50, u_super: 0.00252, sec: 136.111, prod: 0.056159, t_ads: 76.5, t_des: 68.1, bed_util_ads: 0.497, bed_util_des: 0.497, des_th: 0.49717637756170074,frac_lost: 0.105, li_recovered:  8.118, time: 0.005125387000589399
L: 0.50, u_super: 0.00964, sec: 559.861, prod: 0.218550, t_ads: 20.3, t_des: 18.4, bed_util_ads: 0.498, bed_util_des: 0.498, des_th: 0.49826715187797566,frac_lost: 0.105, li_recovered:  8.452, time: 0.006801655999879586
L: 0.50, u_super: 0.00093, sec: 54.552, prod: 0.018637, t_ads: 203.2, t_des: 234.9, bed_util_ads: 0.452, bed_util_des: 0.448, des_th: 0.44792273275749506,frac_lost: 0.104, li_recovered:  8.164, time: 0.005013813999539707
L: 0.50, u_super: 0.00016, sec: 19.868, prod: 0.001564, t_ads: 1189.1, t_des: 4139.2, bed_util_ads: 0.262, bed_util_des: 0.199, des_th: 0.1986820758358134,frac_lost: 0.102, li_recovered:  8.333, time: 0.0106724569996004
L: 0.50, u_super: 0.00246, sec: 132.495, prod: 0.054853, t_ads: 78.2, t_des: 73.9, bed_util_ads: 0.489, bed_util_des: 0.488, des_th: 0.48827859589730394,frac_lost: 0.103, li_recovered:  8.341, time: 0.004018458999780705
L: 0.50, u_super: 0.00945, sec: 547.439, prod: 0.214385, t_ads: 20.6, t_des: 18.8, bed_util_ads: 0.500, bed_util_des: 0.499, des_th: 0.49941800771673645,frac_lost: 0.104, li_recovered:  8.446, time: 0.005258842000330333
L: 0.50, u_super: 0.00127 — INFEASIBLE (li_recovered=0.000e+00), time: 0.0024103169998852536
   652 |    26080 |     40 |  0.0037545851 |             f
L: 13.45, u_super: 0.00373 — INFEASIBLE (li_recovered=0.000e+00), time: 0.0013662239998666337
L: 0.50, u_super: 0.00007, sec: 5.913, prod: 0.000850, t_ads: 2810.5, t_des: 5829.8, bed_util_ads: 0.254, bed_util_des: 0.176, des_th: 0.17641467271130007,frac_lost: 0.101, li_recovered:  7.343, time: 0.005753597999500926
L: 0.50, u_super: 0.00634, sec: 354.071, prod: 0.143222, t_ads: 30.7, t_des: 27.4, bed_util_ads: 0.500, bed_util_des: 0.500, des_th: 0.49999240556585406,frac_lost: 0.103, li_recovered:  8.319, time: 0.0039117409996833885
L: 0.50, u_super: 0.00320, sec: 173.813, prod: 0.071215, t_ads: 60.7, t_des: 58.2, bed_util_ads: 0.489, bed_util_des: 0.489, des_th: 0.4887697971117584,frac_lost: 0.106, li_recovered:  8.467, time: 0.004083931000423036
L: 0.50, u_super: 0.00864, sec: 496.462, prod: 0.195417, t_ads: 22.7, t_des: 20.6, bed_util_ads: 0.499, bed_util_des: 0.499, des_th: 0.499029692075327,frac_lost: 0.108, li_recovered:  8.450, time: 0.0045378510003502015
L: 0.50, u_super: 0.00751, sec: 425.883, prod: 0.169649, t_ads: 26.1, t_des: 24.0, bed_util_ads: 0.497, bed_util_des: 0.497, des_th: 0.4969705233346992,frac_lost: 0.107, li_recovered:  8.489, time: 0.004410534000271582
L: 0.50, u_super: 0.00127, sec: 70.967, prod: 0.026886, t_ads: 149.5, t_des: 123.5, bed_util_ads: 0.499, bed_util_des: 0.499, des_th: 0.49872164976572464,frac_lost: 0.107, li_recovered:  7.341, time: 0.0035289120005472796
L: 0.50, u_super: 0.00752, sec: 425.417, prod: 0.170450, t_ads: 25.8, t_des: 24.1, bed_util_ads: 0.495, bed_util_des: 0.495, des_th: 0.49509881098918834,frac_lost: 0.100, li_recovered:  8.506, time: 0.004386675000205287
L: 44.61, u_super: 0.00349 — INFEASIBLE (li_recovered=0.000e+00), time: 0.001304785999309388
L: 0.50, u_super: 0.00357, sec: 194.832, prod: 0.079663, t_ads: 54.4, t_des: 52.1, bed_util_ads: 0.489, bed_util_des: 0.488, des_th: 0.4883798940662127,frac_lost: 0.106, li_recovered:  8.490, time: 0.004408005999721354
L: 0.50, u_super: 0.00284, sec: 152.800, prod: 0.063446, t_ads: 68.1, t_des: 63.3, bed_util_ads: 0.492, bed_util_des: 0.492, des_th: 0.4915469528050337,frac_lost: 0.103, li_recovered:  8.337, time: 0.0069589070008078124
L: 0.50, u_super: 0.00541, sec: 298.376, prod: 0.122130, t_ads: 35.8, t_des: 32.2, bed_util_ads: 0.500, bed_util_des: 0.499, des_th: 0.49951331221232825,frac_lost: 0.101, li_recovered:  8.307, time: 0.0039604719986527925
L: 0.50, u_super: 0.00732, sec: 412.756, prod: 0.165755, t_ads: 26.6, t_des: 24.2, bed_util_ads: 0.497, bed_util_des: 0.497, des_th: 0.4972735815421671,frac_lost: 0.102, li_recovered:  8.427, time: 0.004137419000471709
L: 0.50, u_super: 0.00658, sec: 368.015, prod: 0.148933, t_ads: 29.5, t_des: 26.7, bed_util_ads: 0.498, bed_util_des: 0.498, des_th: 0.49819349729962886,frac_lost: 0.102, li_recovered:  8.372, time: 0.004784116999871912
L: 0.50, u_super: 0.00728, sec: 412.044, prod: 0.164570, t_ads: 26.9, t_des: 24.6, bed_util_ads: 0.497, bed_util_des: 0.497, des_th: 0.49695090132203196,frac_lost: 0.107, li_recovered:  8.477, time: 0.004260925001290161
L: 0.50, u_super: 0.00542, sec: 298.926, prod: 0.122409, t_ads: 35.8, t_des: 32.5, bed_util_ads: 0.498, bed_util_des: 0.497, des_th: 0.49734010965287173,frac_lost: 0.102, li_recovered:  8.358, time: 0.0047356329996546265
L: 13.32, u_super: 0.00127 — INFEASIBLE (li_recovered=0.000e+00), time: 0.0009650240008340916
L: 9.65, u_super: 0.00522 — INFEASIBLE (li_recovered=0.000e+00), time: 0.0021753049986728
L: 0.50, u_super: 0.00016, sec: 19.373, prod: 0.001604, t_ads: 1189.0, t_des: 3986.9, bed_util_ads: 0.266, bed_util_des: 0.203, des_th: 0.2032028163287728,frac_lost: 0.103, li_recovered:  8.302, time: 0.00920286499967915
L: 0.50, u_super: 0.00101, sec: 55.971, prod: 0.021203, t_ads: 187.3, t_des: 196.3, bed_util_ads: 0.466, bed_util_des: 0.463, des_th: 0.4632556633802787,frac_lost: 0.101, li_recovered:  8.133, time: 0.004299545000321814
L: 0.50, u_super: 0.00114, sec: 67.767, prod: 0.022385, t_ads: 168.5, t_des: 202.1, bed_util_ads: 0.451, bed_util_des: 0.448, des_th: 0.44792273275749506,frac_lost: 0.107, li_recovered:  8.295, time: 0.004418446998897707
L: 65.47, u_super: 0.00931 — INFEASIBLE (li_recovered=0.000e+00), time: 0.0013862960004189517
L: 0.50, u_super: 0.00553, sec: 305.691, prod: 0.125158, t_ads: 35.0, t_des: 31.7, bed_util_ads: 0.498, bed_util_des: 0.498, des_th: 0.49826214274862063,frac_lost: 0.101, li_recovered:  8.355, time: 0.004465021998839802
L: 0.50, u_super: 0.00536, sec: 295.578, prod: 0.120892, t_ads: 36.3, t_des: 33.5, bed_util_ads: 0.495, bed_util_des: 0.495, des_th: 0.49487144519243037,frac_lost: 0.103, li_recovered:  8.442, time: 0.003928958001779392
L: 0.50, u_super: 0.00368, sec: 201.318, prod: 0.081895, t_ads: 52.8, t_des: 51.2, bed_util_ads: 0.489, bed_util_des: 0.488, des_th: 0.48821119803681345,frac_lost: 0.105, li_recovered:  8.519, time: 0.006321644001218374
L: 0.50, u_super: 0.00510, sec: 280.785, prod: 0.115161, t_ads: 38.0, t_des: 34.1, bed_util_ads: 0.500, bed_util_des: 0.499, des_th: 0.49953859291540587,frac_lost: 0.102, li_recovered:  8.306, time: 0.005063497999799438
L: 7.11, u_super: 0.00862 — INFEASIBLE (li_recovered=0.000e+00), time: 0.003015812999365153
L: 0.50, u_super: 0.00824, sec: 471.508, prod: 0.186409, t_ads: 23.8, t_des: 21.5, bed_util_ads: 0.499, bed_util_des: 0.499, des_th: 0.4992178234403637,frac_lost: 0.108, li_recovered:  8.445, time: 0.004696048999903724
L: 0.50, u_super: 0.00871, sec: 500.565, prod: 0.197254, t_ads: 22.4, t_des: 20.4, bed_util_ads: 0.499, bed_util_des: 0.499, des_th: 0.4990558780669127,frac_lost: 0.106, li_recovered:  8.446, time: 0.004065984001499601
L: 0.50, u_super: 0.00093, sec: 54.552, prod: 0.018637, t_ads: 203.2, t_des: 234.9, bed_util_ads: 0.452, bed_util_des: 0.448, des_th: 0.44792273275749506,frac_lost: 0.104, li_recovered:  8.164, time: 0.005696861000615172
L: 0.50, u_super: 0.00597, sec: 331.238, prod: 0.135039, t_ads: 32.5, t_des: 29.4, bed_util_ads: 0.499, bed_util_des: 0.498, des_th: 0.49846539219187674,frac_lost: 0.101, li_recovered:  8.361, time: 0.004087110000909888
L: 0.50, u_super: 0.00570, sec: 316.236, prod: 0.128755, t_ads: 34.1, t_des: 30.4, bed_util_ads: 0.500, bed_util_des: 0.500, des_th: 0.49998980235179236,frac_lost: 0.103, li_recovered:  8.308, time: 0.0043586219999269815
L: 0.50, u_super: 0.00623, sec: 347.473, prod: 0.140977, t_ads: 31.1, t_des: 27.9, bed_util_ads: 0.500, bed_util_des: 0.499, des_th: 0.49943750832567146,frac_lost: 0.101, li_recovered:  8.317, time: 0.003975842999352608
L: 0.50, u_super: 0.00319, sec: 172.389, prod: 0.071504, t_ads: 60.5, t_des: 54.4, bed_util_ads: 0.497, bed_util_des: 0.497, des_th: 0.4972475660780536,frac_lost: 0.103, li_recovered:  8.215, time: 0.004002795998530928
L: 0.50, u_super: 0.00005, sec: 6.442, prod: 0.000449, t_ads: 2136.8, t_des: 2331.2, bed_util_ads: 0.258, bed_util_des: 0.245, des_th: 0.2448245968369016,frac_lost: 0.100, li_recovered:  2.008, time: 0.0036598509996110806
L: 0.50, u_super: 0.00747, sec: 421.793, prod: 0.169473, t_ads: 26.0, t_des: 23.7, bed_util_ads: 0.497, bed_util_des: 0.497, des_th: 0.4969705233346992,frac_lost: 0.100, li_recovered:  8.421, time: 0.0038935520005907165
L: 0.50, u_super: 0.00990, sec: 583.310, prod: 0.221998, t_ads: 19.7, t_des: 19.2, bed_util_ads: 0.490, bed_util_des: 0.489, des_th: 0.4893720970952406,frac_lost: 0.104, li_recovered:  8.644, time: 0.004433353000422358
L: 0.50, u_super: 0.00824, sec: 511.617, prod: 0.171795, t_ads: 23.7, t_des: 26.9, bed_util_ads: 0.471, bed_util_des: 0.470, des_th: 0.4704159856263929,frac_lost: 0.106, li_recovered:  8.707, time: 0.004537631999482983
L: 0.50, u_super: 0.00920, sec: 532.577, prod: 0.208376, t_ads: 21.3, t_des: 19.1, bed_util_ads: 0.500, bed_util_des: 0.500, des_th: 0.4999479792375126,frac_lost: 0.107, li_recovered:  8.407, time: 0.0035727899994526524
L: 0.50, u_super: 0.00871, sec: 500.795, prod: 0.197163, t_ads: 22.5, t_des: 20.4, bed_util_ads: 0.499, bed_util_des: 0.499, des_th: 0.49932759670894605,frac_lost: 0.107, li_recovered:  8.449, time: 0.00441464600044128
   653 |    26120 |     40 |  0.0014769971 |             f
L: 0.50, u_super: 0.00964, sec: 559.394, prod: 0.218701, t_ads: 20.2, t_des: 18.4, bed_util_ads: 0.500, bed_util_des: 0.500, des_th: 0.4995451113585515,frac_lost: 0.103, li_recovered:  8.452, time: 0.0041147030005959095
L: 0.50, u_super: 0.00270, sec: 145.487, prod: 0.060200, t_ads: 71.3, t_des: 68.2, bed_util_ads: 0.489, bed_util_des: 0.488, des_th: 0.48823870369432343,frac_lost: 0.101, li_recovered:  8.396, time: 0.0045446799995261244
L: 0.50, u_super: 0.00501, sec: 275.413, prod: 0.113045, t_ads: 38.8, t_des: 35.1, bed_util_ads: 0.497, bed_util_des: 0.497, des_th: 0.497160166804194,frac_lost: 0.103, li_recovered:  8.347, time: 0.004615190000549774
L: 0.50, u_super: 0.00373, sec: 203.169, prod: 0.083353, t_ads: 52.3, t_des: 46.1, bed_util_ads: 0.500, bed_util_des: 0.500, des_th: 0.49995925194239343,frac_lost: 0.109, li_recovered:  8.205, time: 0.004041620000862167
L: 0.50, u_super: 0.00005, sec: 4.332, prod: 0.000668, t_ads: 3399.4, t_des: 5772.9, bed_util_ads: 0.251, bed_util_des: 0.185, des_th: 0.1851696623157332,frac_lost: 0.100, li_recovered:  6.129, time: 0.0069103879995964235
L: 0.50, u_super: 0.00825, sec: 471.824, prod: 0.186733, t_ads: 23.7, t_des: 21.4, bed_util_ads: 0.500, bed_util_des: 0.499, des_th: 0.49942391824727944,frac_lost: 0.107, li_recovered:  8.430, time: 0.008227385998907266
L: 0.50, u_super: 0.00358, sec: 194.737, prod: 0.080088, t_ads: 54.3, t_des: 47.9, bed_util_ads: 0.499, bed_util_des: 0.499, des_th: 0.49927440799906114,frac_lost: 0.106, li_recovered:  8.179, time: 0.0063305650000984315
L: 0.50, u_super: 0.00674, sec: 394.618, prod: 0.146119, t_ads: 29.0, t_des: 30.4, bed_util_ads: 0.481, bed_util_des: 0.480, des_th: 0.4802091237608147,frac_lost: 0.107, li_recovered:  8.679, time: 0.006865313000162132
L: 0.50, u_super: 0.00235, sec: 127.093, prod: 0.051796, t_ads: 82.3, t_des: 71.5, bed_util_ads: 0.499, bed_util_des: 0.499, des_th: 0.4992105894822591,frac_lost: 0.106, li_recovered:  7.966, time: 0.005661869001414743
L: 0.50, u_super: 0.00472, sec: 258.918, prod: 0.106316, t_ads: 41.1, t_des: 36.7, bed_util_ads: 0.500, bed_util_des: 0.499, des_th: 0.49951331221232825,frac_lost: 0.103, li_recovered:  8.277, time: 0.006750672999260132
L: 0.50, u_super: 0.00235, sec: 127.071, prod: 0.051805, t_ads: 82.3, t_des: 71.5, bed_util_ads: 0.500, bed_util_des: 0.499, des_th: 0.49947801285567195,frac_lost: 0.106, li_recovered:  7.965, time: 0.0036008189999847673
L: 32.26, u_super: 0.00938 — INFEASIBLE (li_recovered=0.000e+00), time: 0.0013139929997123545
L: 13.43, u_super: 0.00016 — INFEASIBLE (li_recovered=0.000e+00), time: 0.0018809260000125505
L: 0.50, u_super: 0.00252, sec: 136.111, prod: 0.056159, t_ads: 76.5, t_des: 68.1, bed_util_ads: 0.497, bed_util_des: 0.497, des_th: 0.49717637756170074,frac_lost: 0.105, li_recovered:  8.118, time: 0.008501968000928173
L: 0.50, u_super: 0.00373, sec: 202.931, prod: 0.083451, t_ads: 52.1, t_des: 46.0, bed_util_ads: 0.499, bed_util_des: 0.499, des_th: 0.4990393922381844,frac_lost: 0.106, li_recovered:  8.188, time: 0.004484095999941928
L: 0.50, u_super: 0.00349, sec: 189.142, prod: 0.078173, t_ads: 55.8, t_des: 50.4, bed_util_ads: 0.498, bed_util_des: 0.497, des_th: 0.497245775369817,frac_lost: 0.107, li_recovered:  8.299, time: 0.005604015999779222
L: 9.57, u_super: 0.00005 — INFEASIBLE (li_recovered=0.000e+00), time: 0.0017844369995145826
L: 63.89, u_super: 0.00779 — INFEASIBLE (li_recovered=0.000e+00), time: 0.0013675800000783056
L: 0.50, u_super: 0.00089 — INFEASIBLE (li_recovered=0.000e+00), time: 0.0030193900001904694
L: 0.50, u_super: 0.00175, sec: 95.677, prod: 0.038163, t_ads: 108.9, t_des: 93.0, bed_util_ads: 0.499, bed_util_des: 0.498, des_th: 0.4984582167970489,frac_lost: 0.102, li_recovered:  7.702, time: 0.004204962999210693
L: 0.50, u_super: 0.00122 — INFEASIBLE (li_recovered=0.000e+00), time: 0.005656448000081582
L: 0.50, u_super: 0.00990, sec: 585.213, prod: 0.221276, t_ads: 19.7, t_des: 19.4, bed_util_ads: 0.489, bed_util_des: 0.488, des_th: 0.4884719398037984,frac_lost: 0.103, li_recovered:  8.659, time: 0.005024968999350676
L: 0.50, u_super: 0.00930, sec: 537.976, prod: 0.210614, t_ads: 21.0, t_des: 19.0, bed_util_ads: 0.500, bed_util_des: 0.499, des_th: 0.49942225649583294,frac_lost: 0.106, li_recovered:  8.438, time: 0.005710670000553364
L: 0.50, u_super: 0.00778, sec: 442.320, prod: 0.175816, t_ads: 25.2, t_des: 22.9, bed_util_ads: 0.499, bed_util_des: 0.499, des_th: 0.49903318097762916,frac_lost: 0.108, li_recovered:  8.450, time: 0.006435014998714905
L: 0.50, u_super: 0.00787, sec: 446.394, prod: 0.178540, t_ads: 24.7, t_des: 22.6, bed_util_ads: 0.497, bed_util_des: 0.497, des_th: 0.4973300154182209,frac_lost: 0.101, li_recovered:  8.432, time: 0.007262596000146004
L: 6.00, u_super: 0.00288 — INFEASIBLE (li_recovered=0.000e+00), time: 0.002808470000672969
L: 0.50, u_super: 0.00764, sec: 434.475, prod: 0.172667, t_ads: 25.6, t_des: 22.9, bed_util_ads: 0.500, bed_util_des: 0.500, des_th: 0.49987417324600564,frac_lost: 0.108, li_recovered:  8.389, time: 0.006819386000643135
L: 2.91, u_super: 0.00197 — INFEASIBLE (li_recovered=0.000e+00), time: 0.004571802999635111
L: 0.50, u_super: 0.00442, sec: 242.027, prod: 0.099484, t_ads: 43.9, t_des: 39.2, bed_util_ads: 0.500, bed_util_des: 0.500, des_th: 0.4996698259361789,frac_lost: 0.105, li_recovered:  8.271, time: 0.00865003400031128
L: 0.50, u_super: 0.00313, sec: 168.959, prod: 0.070054, t_ads: 61.7, t_des: 58.2, bed_util_ads: 0.491, bed_util_des: 0.491, des_th: 0.49061533860209394,frac_lost: 0.102, li_recovered:  8.397, time: 0.0063366670001414604
L: 0.50, u_super: 0.00319, sec: 172.389, prod: 0.071504, t_ads: 60.5, t_des: 54.4, bed_util_ads: 0.497, bed_util_des: 0.497, des_th: 0.4972475660780536,frac_lost: 0.103, li_recovered:  8.215, time: 0.006953100999453454
L: 0.50, u_super: 0.00379, sec: 205.848, prod: 0.084952, t_ads: 51.3, t_des: 46.0, bed_util_ads: 0.498, bed_util_des: 0.497, des_th: 0.4973300154182209,frac_lost: 0.106, li_recovered:  8.267, time: 0.007443795000654063
L: 0.50, u_super: 0.00361, sec: 195.956, prod: 0.080939, t_ads: 53.9, t_des: 48.8, bed_util_ads: 0.498, bed_util_des: 0.497, des_th: 0.4973300154182209,frac_lost: 0.107, li_recovered:  8.310, time: 0.0067387810013315175
L: 54.35, u_super: 0.00872 — INFEASIBLE (li_recovered=0.000e+00), time: 0.0012378960000205552
L: 0.50, u_super: 0.00735, sec: 416.376, prod: 0.166164, t_ads: 26.6, t_des: 24.1, bed_util_ads: 0.500, bed_util_des: 0.500, des_th: 0.4995987448225612,frac_lost: 0.108, li_recovered:  8.432, time: 0.006544390998897143
L: 0.50, u_super: 0.00990, sec: 576.015, prod: 0.224810, t_ads: 19.7, t_des: 17.9, bed_util_ads: 0.500, bed_util_des: 0.499, des_th: 0.49941800771673645,frac_lost: 0.102, li_recovered:  8.443, time: 0.00608644600106345
L: 0.50, u_super: 0.00172, sec: 101.440, prod: 0.034607, t_ads: 112.2, t_des: 132.0, bed_util_ads: 0.459, bed_util_des: 0.457, des_th: 0.45681851964735326,frac_lost: 0.107, li_recovered:  8.451, time: 0.0053257109993865015
L: 0.50, u_super: 0.00990, sec: 577.545, prod: 0.224214, t_ads: 19.8, t_des: 17.9, bed_util_ads: 0.500, bed_util_des: 0.500, des_th: 0.49991936760786637,frac_lost: 0.107, li_recovered:  8.455, time: 0.004666017999625183
L: 0.50, u_super: 0.00690, sec: 388.602, prod: 0.155719, t_ads: 28.4, t_des: 25.4, bed_util_ads: 0.500, bed_util_des: 0.500, des_th: 0.4995655666347323,frac_lost: 0.108, li_recovered:  8.381, time: 0.0060257510012888815
L: 0.50, u_super: 0.00939, sec: 543.733, prod: 0.212719, t_ads: 20.8, t_des: 18.9, bed_util_ads: 0.500, bed_util_des: 0.499, des_th: 0.4994177375088745,frac_lost: 0.106, li_recovered:  8.445, time: 0.00465715200152772
   654 |    26160 |     40 |  0.0041505900 |             f
L: 43.76, u_super: 0.00934 — INFEASIBLE (li_recovered=0.000e+00), time: 0.0022770159994252026
L: 0.50, u_super: 0.00018, sec: 22.703, prod: 0.001692, t_ads: 1068.6, t_des: 3872.8, bed_util_ads: 0.264, bed_util_des: 0.203, des_th: 0.2032028163287728,frac_lost: 0.101, li_recovered:  8.362, time: 0.010995150998496683
L: 0.50, u_super: 0.00154, sec: 84.560, prod: 0.033108, t_ads: 124.5, t_des: 104.8, bed_util_ads: 0.499, bed_util_des: 0.499, des_th: 0.49916436000924885,frac_lost: 0.107, li_recovered:  7.591, time: 0.0043825850007124245
L: 0.50, u_super: 0.00071, sec: 40.250, prod: 0.014530, t_ads: 262.7, t_des: 281.4, bed_util_ads: 0.456, bed_util_des: 0.453, des_th: 0.4528606855353757,frac_lost: 0.102, li_recovered:  7.906, time: 0.005419437999080401
L: 30.91, u_super: 0.00990 — INFEASIBLE (li_recovered=0.000e+00), time: 0.002626740000778227
L: 0.50, u_super: 0.00252, sec: 136.970, prod: 0.055807, t_ads: 76.6, t_des: 66.3, bed_util_ads: 0.500, bed_util_des: 0.499, des_th: 0.49931176104516756,frac_lost: 0.106, li_recovered:  7.971, time: 0.006151904999569524
L: 0.50, u_super: 0.00399, sec: 218.036, prod: 0.089542, t_ads: 48.7, t_des: 42.9, bed_util_ads: 0.500, bed_util_des: 0.500, des_th: 0.4995813817728896,frac_lost: 0.105, li_recovered:  8.202, time: 0.006045744999937597
L: 0.50, u_super: 0.00220, sec: 118.599, prod: 0.048861, t_ads: 87.7, t_des: 78.9, bed_util_ads: 0.495, bed_util_des: 0.495, des_th: 0.49487144519243037,frac_lost: 0.107, li_recovered:  8.139, time: 0.004431334000400966
L: 0.50, u_super: 0.00623, sec: 3383.303, prod: 0.014479, t_ads: 31.4, t_des: 575.2, bed_util_ads: 0.181, bed_util_des: 0.176, des_th: 0.1762666059896608,frac_lost: 0.102, li_recovered:  8.782, time: 0.04446557200026291
L: 0.50, u_super: 0.00802, sec: 485.671, prod: 0.170689, t_ads: 24.4, t_des: 26.6, bed_util_ads: 0.476, bed_util_des: 0.475, des_th: 0.47534391908998913,frac_lost: 0.106, li_recovered:  8.701, time: 0.0049874969990924
L: 21.08, u_super: 0.00971 — INFEASIBLE (li_recovered=0.000e+00), time: 0.001639674001125968
L: 0.50, u_super: 0.00059, sec: 34.233, prod: 0.011803, t_ads: 312.1, t_des: 346.2, bed_util_ads: 0.447, bed_util_des: 0.442, des_th: 0.4426963648787254,frac_lost: 0.100, li_recovered:  7.770, time: 0.004524447998846881
L: 0.50, u_super: 0.00349, sec: 189.443, prod: 0.078024, t_ads: 55.8, t_des: 52.3, bed_util_ads: 0.492, bed_util_des: 0.492, des_th: 0.4915469528050337,frac_lost: 0.107, li_recovered:  8.431, time: 0.004622474998541293
L: 0.50, u_super: 0.00051, sec: 29.215, prod: 0.010235, t_ads: 355.3, t_des: 329.2, bed_util_ads: 0.465, bed_util_des: 0.464, des_th: 0.463842533603151,frac_lost: 0.102, li_recovered:  7.005, time: 0.004014570000435924
L: 43.56, u_super: 0.00715 — INFEASIBLE (li_recovered=0.000e+00), time: 0.0010541859992372338
L: 0.50, u_super: 0.00248, sec: 134.296, prod: 0.054862, t_ads: 77.8, t_des: 67.6, bed_util_ads: 0.499, bed_util_des: 0.499, des_th: 0.49899186333082973,frac_lost: 0.104, li_recovered:  7.973, time: 0.005298482999933185
L: 0.50, u_super: 0.00090 — INFEASIBLE (li_recovered=0.000e+00), time: 0.0027276869986962993
L: 16.27, u_super: 0.00453 — INFEASIBLE (li_recovered=0.000e+00), time: 0.0014755720003449824
L: 0.50, u_super: 0.00915, sec: 528.107, prod: 0.207254, t_ads: 21.4, t_des: 19.2, bed_util_ads: 0.500, bed_util_des: 0.499, des_th: 0.49941800771673645,frac_lost: 0.105, li_recovered:  8.410, time: 0.005040383999585174
L: 24.26, u_super: 0.00107 — INFEASIBLE (li_recovered=0.000e+00), time: 0.0009110859991778852
L: 0.50, u_super: 0.00595, sec: 330.336, prod: 0.134699, t_ads: 32.6, t_des: 29.5, bed_util_ads: 0.499, bed_util_des: 0.498, des_th: 0.49846539219187674,frac_lost: 0.101, li_recovered:  8.368, time: 0.004166454998994595
L: 0.50, u_super: 0.00735, sec: 418.539, prod: 0.165306, t_ads: 26.6, t_des: 25.3, bed_util_ads: 0.492, bed_util_des: 0.492, des_th: 0.4921103972235086,frac_lost: 0.108, li_recovered:  8.582, time: 0.004558164000627585
L: 0.50, u_super: 0.00323, sec: 174.915, prod: 0.072432, t_ads: 59.6, t_des: 53.1, bed_util_ads: 0.498, bed_util_des: 0.498, des_th: 0.4975422601935307,frac_lost: 0.101, li_recovered:  8.160, time: 0.004575228998874081
L: 0.50, u_super: 0.00675, sec: 378.358, prod: 0.152744, t_ads: 28.7, t_des: 25.7, bed_util_ads: 0.500, bed_util_des: 0.499, des_th: 0.49945367896754944,frac_lost: 0.101, li_recovered:  8.315, time: 0.004715438999483013
L: 0.50, u_super: 0.00197, sec: 106.660, prod: 0.043150, t_ads: 97.3, t_des: 84.1, bed_util_ads: 0.498, bed_util_des: 0.497, des_th: 0.49738597736087564,frac_lost: 0.101, li_recovered:  7.827, time: 0.005134311000801972
L: 0.50, u_super: 0.00525, sec: 289.270, prod: 0.118447, t_ads: 37.1, t_des: 33.6, bed_util_ads: 0.499, bed_util_des: 0.498, des_th: 0.4984822463306855,frac_lost: 0.104, li_recovered:  8.365, time: 0.004310035999878892
L: 0.50, u_super: 0.00005 — INFEASIBLE (li_recovered=0.000e+00), time: 0.0010115580007550307
L: 0.50, u_super: 0.00715, sec: 404.077, prod: 0.161556, t_ads: 27.4, t_des: 24.5, bed_util_ads: 0.500, bed_util_des: 0.500, des_th: 0.49982984454912754,frac_lost: 0.108, li_recovered:  8.386, time: 0.005291539000609191
L: 0.50, u_super: 0.00728, sec: 411.751, prod: 0.164410, t_ads: 26.9, t_des: 24.1, bed_util_ads: 0.500, bed_util_des: 0.500, des_th: 0.4997801349194984,frac_lost: 0.108, li_recovered:  8.379, time: 0.004579255999487941
L: 28.55, u_super: 0.00005 — INFEASIBLE (li_recovered=0.000e+00), time: 0.0009689739999885205
L: 51.62, u_super: 0.00252 — INFEASIBLE (li_recovered=0.000e+00), time: 0.0009263379997719312
L: 0.50, u_super: 0.00136, sec: 74.904, prod: 0.028916, t_ads: 140.1, t_des: 117.5, bed_util_ads: 0.499, bed_util_des: 0.498, des_th: 0.4984822463306855,frac_lost: 0.103, li_recovered:  7.448, time: 0.005674070000168285
L: 0.50, u_super: 0.00475, sec: 306.782, prod: 0.090853, t_ads: 40.8, t_des: 54.5, bed_util_ads: 0.449, bed_util_des: 0.448, des_th: 0.4475674560383619,frac_lost: 0.100, li_recovered:  8.658, time: 0.004890509000688326
L: 0.50, u_super: 0.00846, sec: 487.104, prod: 0.190543, t_ads: 23.1, t_des: 21.9, bed_util_ads: 0.494, bed_util_des: 0.494, des_th: 0.4936133576428256,frac_lost: 0.106, li_recovered:  8.586, time: 0.004705689001639257
L: 0.50, u_super: 0.00802, sec: 465.666, prod: 0.178021, t_ads: 24.5, t_des: 24.2, bed_util_ads: 0.488, bed_util_des: 0.488, des_th: 0.48821648896320197,frac_lost: 0.108, li_recovered:  8.658, time: 0.006660916000328143
L: 0.50, u_super: 0.00962, sec: 558.217, prod: 0.218105, t_ads: 20.3, t_des: 18.4, bed_util_ads: 0.500, bed_util_des: 0.499, des_th: 0.49941800771673645,frac_lost: 0.104, li_recovered:  8.445, time: 0.004973709999831044
L: 0.50, u_super: 0.00398, sec: 217.250, prod: 0.089309, t_ads: 48.7, t_des: 43.1, bed_util_ads: 0.500, bed_util_des: 0.500, des_th: 0.49976657520213186,frac_lost: 0.105, li_recovered:  8.199, time: 0.004305008000301314
L: 37.45, u_super: 0.00408 — INFEASIBLE (li_recovered=0.000e+00), time: 0.0010507930001040222
L: 0.50, u_super: 0.00664, sec: 372.425, prod: 0.149783, t_ads: 29.5, t_des: 27.1, bed_util_ads: 0.498, bed_util_des: 0.497, des_th: 0.49733047138104974,frac_lost: 0.107, li_recovered:  8.472, time: 0.003990088998762076
L: 0.50, u_super: 0.00093 — INFEASIBLE (li_recovered=0.000e+00), time: 0.0030640029999631224
   655 |    26200 |     40 |  0.0019073375 |             f
L: 0.50, u_super: 0.00764, sec: 433.321, prod: 0.173127, t_ads: 25.4, t_des: 22.7, bed_util_ads: 0.500, bed_util_des: 0.500, des_th: 0.4998623642581308,frac_lost: 0.102, li_recovered:  8.334, time: 0.004265027000656119
L: 0.50, u_super: 0.00683, sec: 384.524, prod: 0.154330, t_ads: 28.6, t_des: 26.3, bed_util_ads: 0.497, bed_util_des: 0.497, des_th: 0.4972422077767996,frac_lost: 0.107, li_recovered:  8.470, time: 0.0044748839991370915
L: 0.50, u_super: 0.00871, sec: 500.565, prod: 0.197254, t_ads: 22.4, t_des: 20.4, bed_util_ads: 0.499, bed_util_des: 0.499, des_th: 0.4990558780669127,frac_lost: 0.106, li_recovered:  8.446, time: 0.004697132999353926
L: 0.50, u_super: 0.00728, sec: 411.403, prod: 0.164440, t_ads: 26.9, t_des: 24.4, bed_util_ads: 0.499, bed_util_des: 0.499, des_th: 0.49927440799906114,frac_lost: 0.108, li_recovered:  8.441, time: 0.004194267999992007
L: 0.50, u_super: 0.00197, sec: 106.961, prod: 0.042956, t_ads: 97.2, t_des: 83.1, bed_util_ads: 0.500, bed_util_des: 0.500, des_th: 0.49969296484985565,frac_lost: 0.100, li_recovered:  7.744, time: 0.004582360999847879
L: 0.50, u_super: 0.00093, sec: 54.552, prod: 0.018637, t_ads: 203.2, t_des: 234.9, bed_util_ads: 0.452, bed_util_des: 0.448, des_th: 0.44792273275749506,frac_lost: 0.104, li_recovered:  8.164, time: 0.0045993730000191135
L: 0.50, u_super: 0.00451, sec: 246.799, prod: 0.101593, t_ads: 43.1, t_des: 38.9, bed_util_ads: 0.498, bed_util_des: 0.497, des_th: 0.4973300154182209,frac_lost: 0.104, li_recovered:  8.328, time: 0.00469154299935326
L: 36.85, u_super: 0.00338 — INFEASIBLE (li_recovered=0.000e+00), time: 0.0011126210010843351
L: 20.03, u_super: 0.00006 — INFEASIBLE (li_recovered=0.000e+00), time: 0.0009055750015249941
L: 0.50, u_super: 0.00990, sec: 576.743, prod: 0.224531, t_ads: 19.7, t_des: 18.0, bed_util_ads: 0.500, bed_util_des: 0.499, des_th: 0.49941800771673645,frac_lost: 0.105, li_recovered:  8.462, time: 0.004301250000935397
L: 0.50, u_super: 0.00574, sec: 318.253, prod: 0.129678, t_ads: 33.8, t_des: 30.4, bed_util_ads: 0.499, bed_util_des: 0.499, des_th: 0.4990256367283751,frac_lost: 0.103, li_recovered:  8.325, time: 0.006045344998710789
L: 0.50, u_super: 0.00660, sec: 369.643, prod: 0.149393, t_ads: 29.4, t_des: 26.3, bed_util_ads: 0.500, bed_util_des: 0.500, des_th: 0.49987417324600564,frac_lost: 0.101, li_recovered:  8.315, time: 0.0059949829992547166
L: 0.50, u_super: 0.00682, sec: 385.388, prod: 0.153326, t_ads: 28.7, t_des: 27.2, bed_util_ads: 0.493, bed_util_des: 0.493, des_th: 0.49307367859013496,frac_lost: 0.107, li_recovered:  8.570, time: 0.007930792000479414
L: 0.50, u_super: 0.00179, sec: 97.363, prod: 0.038851, t_ads: 107.1, t_des: 91.4, bed_util_ads: 0.500, bed_util_des: 0.499, des_th: 0.49953420371478013,frac_lost: 0.103, li_recovered:  7.713, time: 0.005337397999028326
L: 0.50, u_super: 0.00411, sec: 224.634, prod: 0.092209, t_ads: 47.3, t_des: 41.8, bed_util_ads: 0.500, bed_util_des: 0.499, des_th: 0.49935378204045205,frac_lost: 0.106, li_recovered:  8.222, time: 0.005137179001394543
L: 0.50, u_super: 0.00547, sec: 356.527, prod: 0.104710, t_ads: 35.5, t_des: 47.4, bed_util_ads: 0.449, bed_util_des: 0.448, des_th: 0.44792273275749506,frac_lost: 0.100, li_recovered:  8.673, time: 0.006535029000588111
L: 0.50, u_super: 0.00585, sec: 324.732, prod: 0.132383, t_ads: 33.1, t_des: 29.7, bed_util_ads: 0.500, bed_util_des: 0.500, des_th: 0.4996624219101483,frac_lost: 0.100, li_recovered:  8.306, time: 0.005378997999287094
L: 0.50, u_super: 0.00170, sec: 93.320, prod: 0.036775, t_ads: 112.2, t_des: 94.6, bed_util_ads: 0.499, bed_util_des: 0.499, des_th: 0.4992306929224478,frac_lost: 0.103, li_recovered:  7.604, time: 0.004816958999072085
L: 0.50, u_super: 0.00339, sec: 184.446, prod: 0.075756, t_ads: 57.3, t_des: 54.4, bed_util_ads: 0.491, bed_util_des: 0.490, des_th: 0.49052786730536235,frac_lost: 0.107, li_recovered:  8.458, time: 0.005766066000433057
L: 0.50, u_super: 0.00440, sec: 241.175, prod: 0.098766, t_ads: 44.2, t_des: 39.0, bed_util_ads: 0.500, bed_util_des: 0.500, des_th: 0.4997542153422944,frac_lost: 0.106, li_recovered:  8.223, time: 0.006419335999453324
L: 0.50, u_super: 0.00313, sec: 168.578, prod: 0.070213, t_ads: 61.6, t_des: 56.8, bed_util_ads: 0.493, bed_util_des: 0.493, des_th: 0.4925452493752165,frac_lost: 0.101, li_recovered:  8.314, time: 0.004811114999029087
L: 0.50, u_super: 0.00228, sec: 132.142, prod: 0.046952, t_ads: 84.7, t_des: 96.7, bed_util_ads: 0.464, bed_util_des: 0.463, des_th: 0.4627423150030087,frac_lost: 0.104, li_recovered:  8.517, time: 0.005850960998941446
L: 0.50, u_super: 0.00715, sec: 402.448, prod: 0.162210, t_ads: 27.1, t_des: 24.8, bed_util_ads: 0.497, bed_util_des: 0.497, des_th: 0.49727292722022953,frac_lost: 0.101, li_recovered:  8.428, time: 0.0051036450004176
L: 0.50, u_super: 0.00939, sec: 543.280, prod: 0.212896, t_ads: 20.8, t_des: 18.9, bed_util_ads: 0.500, bed_util_des: 0.499, des_th: 0.4994352316630682,frac_lost: 0.104, li_recovered:  8.449, time: 0.00815211100052693
L: 0.50, u_super: 0.00398, sec: 217.728, prod: 0.089113, t_ads: 48.8, t_des: 46.6, bed_util_ads: 0.491, bed_util_des: 0.490, des_th: 0.4901537308193905,frac_lost: 0.105, li_recovered:  8.500, time: 0.005913250999583397
L: 77.70, u_super: 0.00854 — INFEASIBLE (li_recovered=0.000e+00), time: 0.0022169719995872583
L: 0.50, u_super: 0.00676, sec: 379.238, prod: 0.152901, t_ads: 28.7, t_des: 25.6, bed_util_ads: 0.500, bed_util_des: 0.500, des_th: 0.4999958277128248,frac_lost: 0.102, li_recovered:  8.315, time: 0.006126272999608773
L: 5.99, u_super: 0.00915 — INFEASIBLE (li_recovered=0.000e+00), time: 0.004425581999385031
L: 0.50, u_super: 0.00843, sec: 489.845, prod: 0.188236, t_ads: 23.2, t_des: 22.7, bed_util_ads: 0.490, bed_util_des: 0.489, des_th: 0.4894970593603588,frac_lost: 0.107, li_recovered:  8.646, time: 0.006911295000463724
L: 8.25, u_super: 0.00802 — INFEASIBLE (li_recovered=0.000e+00), time: 0.0024152280002454063
L: 10.80, u_super: 0.00768 — INFEASIBLE (li_recovered=0.000e+00), time: 0.003015704000063124
L: 6.08, u_super: 0.00006 — INFEASIBLE (li_recovered=0.000e+00), time: 0.0015458480011147913
L: 0.50, u_super: 0.00708, sec: 437.253, prod: 0.146046, t_ads: 27.6, t_des: 31.9, bed_util_ads: 0.468, bed_util_des: 0.467, des_th: 0.46747430185856503,frac_lost: 0.106, li_recovered:  8.695, time: 0.007795425000949763
L: 0.50, u_super: 0.00878, sec: 505.098, prod: 0.198820, t_ads: 22.3, t_des: 20.4, bed_util_ads: 0.497, bed_util_des: 0.497, des_th: 0.49735149669080897,frac_lost: 0.106, li_recovered:  8.485, time: 0.004102476999833016
L: 0.50, u_super: 0.00193, sec: 104.880, prod: 0.042066, t_ads: 99.2, t_des: 84.8, bed_util_ads: 0.499, bed_util_des: 0.499, des_th: 0.4989749680339805,frac_lost: 0.101, li_recovered:  7.738, time: 0.005474062001667335
L: 0.50, u_super: 0.00127, sec: 70.937, prod: 0.026898, t_ads: 149.3, t_des: 123.5, bed_util_ads: 0.499, bed_util_des: 0.499, des_th: 0.49872822110679144,frac_lost: 0.106, li_recovered:  7.338, time: 0.00586942799964163
L: 0.50, u_super: 0.00990, sec: 576.660, prod: 0.224558, t_ads: 19.7, t_des: 17.7, bed_util_ads: 0.500, bed_util_des: 0.500, des_th: 0.49986468236044856,frac_lost: 0.103, li_recovered:  8.391, time: 0.00712937899879762
L: 0.50, u_super: 0.00442, sec: 242.180, prod: 0.099421, t_ads: 44.0, t_des: 39.2, bed_util_ads: 0.500, bed_util_des: 0.500, des_th: 0.49978520220462497,frac_lost: 0.106, li_recovered:  8.277, time: 0.008314835000419407
L: 24.86, u_super: 0.00870 — INFEASIBLE (li_recovered=0.000e+00), time: 0.0014326569998956984
L: 0.50, u_super: 0.00773, sec: 438.027, prod: 0.175319, t_ads: 25.1, t_des: 22.7, bed_util_ads: 0.499, bed_util_des: 0.499, des_th: 0.4990558780669127,frac_lost: 0.101, li_recovered:  8.383, time: 0.004676459999245708
   656 |    26240 |     40 |  0.0027267216 |             f
L: 41.88, u_super: 0.00840 — INFEASIBLE (li_recovered=0.000e+00), time: 0.0019045200006075902
L: 0.50, u_super: 0.00970, sec: 563.669, prod: 0.219929, t_ads: 20.1, t_des: 18.3, bed_util_ads: 0.500, bed_util_des: 0.499, des_th: 0.49941800771673645,frac_lost: 0.105, li_recovered:  8.444, time: 0.00397064800017688
L: 0.50, u_super: 0.00510, sec: 280.675, prod: 0.115206, t_ads: 38.0, t_des: 35.2, bed_util_ads: 0.495, bed_util_des: 0.495, des_th: 0.49488538002854954,frac_lost: 0.102, li_recovered:  8.439, time: 0.0052848739996989025
L: 0.50, u_super: 0.00292, sec: 157.603, prod: 0.065057, t_ads: 66.2, t_des: 63.1, bed_util_ads: 0.489, bed_util_des: 0.488, des_th: 0.4882436601129464,frac_lost: 0.103, li_recovered:  8.418, time: 0.0047029140005179215
L: 0.50, u_super: 0.00158, sec: 86.920, prod: 0.034007, t_ads: 121.5, t_des: 102.0, bed_util_ads: 0.499, bed_util_des: 0.499, des_th: 0.49925676576097905,frac_lost: 0.108, li_recovered:  7.598, time: 0.003965758000049391
L: 0.50, u_super: 0.00006, sec: 5.270, prod: 0.000770, t_ads: 3118.6, t_des: 6331.0, bed_util_ads: 0.250, bed_util_des: 0.170, des_th: 0.17025914995703495,frac_lost: 0.102, li_recovered:  7.275, time: 0.006197774000611389
L: 0.50, u_super: 0.00068 — INFEASIBLE (li_recovered=0.000e+00), time: 0.0023105119998945156
L: 0.50, u_super: 0.00339, sec: 184.214, prod: 0.075810, t_ads: 56.9, t_des: 49.9, bed_util_ads: 0.500, bed_util_des: 0.500, des_th: 0.4996773404514309,frac_lost: 0.102, li_recovered:  8.098, time: 0.006387040000845445
L: 0.50, u_super: 0.00554, sec: 306.128, prod: 0.125020, t_ads: 35.0, t_des: 31.4, bed_util_ads: 0.500, bed_util_des: 0.500, des_th: 0.4998970637803226,frac_lost: 0.102, li_recovered:  8.302, time: 0.005423306000011507
L: 0.50, u_super: 0.00964, sec: 654.741, prod: 0.186853, t_ads: 20.3, t_des: 26.4, bed_util_ads: 0.454, bed_util_des: 0.454, des_th: 0.453575334988326,frac_lost: 0.104, li_recovered:  8.720, time: 0.005876101999092498
L: 0.50, u_super: 0.00220, sec: 118.779, prod: 0.048787, t_ads: 87.7, t_des: 78.0, bed_util_ads: 0.495, bed_util_des: 0.495, des_th: 0.49487084829689487,frac_lost: 0.107, li_recovered:  8.084, time: 0.004773822000061045
L: 0.50, u_super: 0.00390, sec: 214.733, prod: 0.086696, t_ads: 49.8, t_des: 48.8, bed_util_ads: 0.487, bed_util_des: 0.487, des_th: 0.48683463481344175,frac_lost: 0.105, li_recovered:  8.547, time: 0.004951763001372456
L: 0.50, u_super: 0.00677, sec: 380.793, prod: 0.152781, t_ads: 28.9, t_des: 26.5, bed_util_ads: 0.498, bed_util_des: 0.498, des_th: 0.49770929881264714,frac_lost: 0.108, li_recovered:  8.474, time: 0.003947475999666494
L: 0.50, u_super: 0.00143, sec: 77.714, prod: 0.030891, t_ads: 134.0, t_des: 116.2, bed_util_ads: 0.495, bed_util_des: 0.495, des_th: 0.4949339428529978,frac_lost: 0.106, li_recovered:  7.728, time: 0.004238311001245165
L: 0.50, u_super: 0.00577, sec: 329.191, prod: 0.126898, t_ads: 33.6, t_des: 34.5, bed_util_ads: 0.482, bed_util_des: 0.482, des_th: 0.4820257907881151,frac_lost: 0.102, li_recovered:  8.643, time: 0.0051864790002582595
L: 0.50, u_super: 0.00534, sec: 294.256, prod: 0.120508, t_ads: 36.4, t_des: 33.7, bed_util_ads: 0.495, bed_util_des: 0.495, des_th: 0.49487144519243037,frac_lost: 0.102, li_recovered:  8.447, time: 0.003893124001479009
L: 0.50, u_super: 0.00843, sec: 482.982, prod: 0.190911, t_ads: 23.2, t_des: 21.0, bed_util_ads: 0.499, bed_util_des: 0.499, des_th: 0.49903318097762916,frac_lost: 0.106, li_recovered:  8.438, time: 0.005312224999215687
L: 0.50, u_super: 0.00093 — INFEASIBLE (li_recovered=0.000e+00), time: 0.00321076700129197
L: 0.50, u_super: 0.00492, sec: 270.405, prod: 0.110813, t_ads: 39.5, t_des: 35.3, bed_util_ads: 0.500, bed_util_des: 0.500, des_th: 0.4995303977930737,frac_lost: 0.104, li_recovered:  8.286, time: 0.00431639999987965
L: 8.19, u_super: 0.00010 — INFEASIBLE (li_recovered=0.000e+00), time: 0.0014602510000258917
L: 0.50, u_super: 0.00406, sec: 221.299, prod: 0.091300, t_ads: 47.9, t_des: 43.4, bed_util_ads: 0.498, bed_util_des: 0.497, des_th: 0.4973300154182209,frac_lost: 0.106, li_recovered:  8.331, time: 0.006285103001573589
L: 9.16, u_super: 0.00472 — INFEASIBLE (li_recovered=0.000e+00), time: 0.002044460999968578
L: 0.50, u_super: 0.00270, sec: 145.221, prod: 0.060310, t_ads: 71.4, t_des: 66.7, bed_util_ads: 0.492, bed_util_des: 0.491, des_th: 0.4915419963864107,frac_lost: 0.103, li_recovered:  8.333, time: 0.005017248000513064
L: 0.50, u_super: 0.00773, sec: 438.027, prod: 0.175319, t_ads: 25.1, t_des: 22.7, bed_util_ads: 0.499, bed_util_des: 0.499, des_th: 0.4990558780669127,frac_lost: 0.101, li_recovered:  8.383, time: 0.004001659999630647
L: 0.50, u_super: 0.00948, sec: 565.163, prod: 0.209199, t_ads: 20.6, t_des: 20.9, bed_util_ads: 0.485, bed_util_des: 0.485, des_th: 0.48521007339125255,frac_lost: 0.105, li_recovered:  8.688, time: 0.004582364999805577
L: 0.50, u_super: 0.00969, sec: 670.722, prod: 0.184655, t_ads: 20.1, t_des: 27.1, bed_util_ads: 0.449, bed_util_des: 0.449, des_th: 0.4488271175629208,frac_lost: 0.103, li_recovered:  8.720, time: 0.008351067001058254
L: 0.50, u_super: 0.00163, sec: 89.639, prod: 0.035296, t_ads: 117.0, t_des: 98.8, bed_util_ads: 0.499, bed_util_des: 0.499, des_th: 0.49916436000924885,frac_lost: 0.105, li_recovered:  7.618, time: 0.005956525999863516
L: 0.50, u_super: 0.00492, sec: 269.937, prod: 0.110965, t_ads: 39.4, t_des: 36.6, bed_util_ads: 0.495, bed_util_des: 0.495, des_th: 0.49487144519243037,frac_lost: 0.102, li_recovered:  8.436, time: 0.00532593000025372
L: 3.18, u_super: 0.00261 — INFEASIBLE (li_recovered=0.000e+00), time: 0.0031415789999300614
L: 62.28, u_super: 0.00090 — INFEASIBLE (li_recovered=0.000e+00), time: 0.0009824069984460948
L: 0.50, u_super: 0.00510, sec: 280.838, prod: 0.115139, t_ads: 38.1, t_des: 35.3, bed_util_ads: 0.495, bed_util_des: 0.495, des_th: 0.494885976924085,frac_lost: 0.103, li_recovered:  8.443, time: 0.005269654000585433
L: 0.50, u_super: 0.00644, sec: 359.850, prod: 0.145845, t_ads: 30.1, t_des: 27.2, bed_util_ads: 0.499, bed_util_des: 0.499, des_th: 0.4990558780669127,frac_lost: 0.102, li_recovered:  8.365, time: 0.00460772099904716
L: 0.50, u_super: 0.00398, sec: 216.792, prod: 0.089497, t_ads: 48.8, t_des: 44.0, bed_util_ads: 0.498, bed_util_des: 0.497, des_th: 0.4972741240398192,frac_lost: 0.105, li_recovered:  8.309, time: 0.005499213999428321
L: 0.50, u_super: 0.00009, sec: 9.302, prod: 0.001039, t_ads: 2098.0, t_des: 5579.2, bed_util_ads: 0.254, bed_util_des: 0.176, des_th: 0.17625083179899625,frac_lost: 0.100, li_recovered:  7.978, time: 0.011615882998739835
L: 30.17, u_super: 0.00283 — INFEASIBLE (li_recovered=0.000e+00), time: 0.001759804999892367
L: 0.50, u_super: 0.00966, sec: 561.831, prod: 0.218989, t_ads: 20.2, t_des: 18.3, bed_util_ads: 0.500, bed_util_des: 0.499, des_th: 0.49941800771673645,frac_lost: 0.106, li_recovered:  8.445, time: 0.004268912000043201
L: 0.50, u_super: 0.00915, sec: 528.107, prod: 0.207254, t_ads: 21.4, t_des: 19.2, bed_util_ads: 0.500, bed_util_des: 0.499, des_th: 0.49941800771673645,frac_lost: 0.105, li_recovered:  8.410, time: 0.005864543998541194
L: 0.50, u_super: 0.00802, sec: 548.685, prod: 0.151086, t_ads: 24.4, t_des: 33.3, bed_util_ads: 0.447, bed_util_des: 0.447, des_th: 0.4468422049236121,frac_lost: 0.105, li_recovered:  8.711, time: 0.007256556998981978
L: 0.50, u_super: 0.00910, sec: 526.831, prod: 0.205493, t_ads: 21.5, t_des: 20.2, bed_util_ads: 0.495, bed_util_des: 0.495, des_th: 0.4947699022408123,frac_lost: 0.106, li_recovered:  8.564, time: 0.00558052599990333
L: 0.50, u_super: 0.00093 — INFEASIBLE (li_recovered=0.000e+00), time: 0.0022185409998201067
   657 |    26280 |     40 |  0.0017013737 |             f
L: 0.50, u_super: 0.00733, sec: 618.543, prod: 0.111148, t_ads: 26.6, t_des: 51.8, bed_util_ads: 0.404, bed_util_des: 0.403, des_th: 0.40260444870447615,frac_lost: 0.103, li_recovered:  8.720, time: 0.006597636998776579
L: 0.50, u_super: 0.00510, sec: 280.331, prod: 0.115032, t_ads: 38.1, t_des: 35.3, bed_util_ads: 0.495, bed_util_des: 0.495, des_th: 0.49487144519243037,frac_lost: 0.102, li_recovered:  8.442, time: 0.00677699999869219
L: 86.68, u_super: 0.00163 — INFEASIBLE (li_recovered=0.000e+00), time: 0.000987614001132897
L: 0.50, u_super: 0.00422, sec: 230.549, prod: 0.094983, t_ads: 46.1, t_des: 41.6, bed_util_ads: 0.497, bed_util_des: 0.497, des_th: 0.4971301815031206,frac_lost: 0.106, li_recovered:  8.326, time: 0.005023218000133056
L: 0.50, u_super: 0.00773, sec: 439.746, prod: 0.174634, t_ads: 25.4, t_des: 23.0, bed_util_ads: 0.499, bed_util_des: 0.499, des_th: 0.4990349855718846,frac_lost: 0.109, li_recovered:  8.449, time: 0.004819455998585909
L: 0.50, u_super: 0.00005, sec: 4.359, prod: 0.000664, t_ads: 3611.5, t_des: 6716.0, bed_util_ads: 0.247, bed_util_des: 0.169, des_th: 0.1693120626906708,frac_lost: 0.103, li_recovered:  6.858, time: 0.006332975000987062
L: 0.50, u_super: 0.00988, sec: 575.304, prod: 0.224024, t_ads: 19.8, t_des: 18.0, bed_util_ads: 0.499, bed_util_des: 0.499, des_th: 0.4987268888696638,frac_lost: 0.105, li_recovered:  8.453, time: 0.005800172000817838
L: 0.50, u_super: 0.00623, sec: 347.473, prod: 0.140977, t_ads: 31.1, t_des: 27.9, bed_util_ads: 0.500, bed_util_des: 0.499, des_th: 0.49943750832567146,frac_lost: 0.101, li_recovered:  8.317, time: 0.009390254999743775
L: 0.50, u_super: 0.00939, sec: 543.280, prod: 0.212896, t_ads: 20.8, t_des: 18.9, bed_util_ads: 0.500, bed_util_des: 0.499, des_th: 0.4994352316630682,frac_lost: 0.104, li_recovered:  8.449, time: 0.0064198649997706525
L: 0.50, u_super: 0.00330, sec: 178.997, prod: 0.073740, t_ads: 59.0, t_des: 52.6, bed_util_ads: 0.498, bed_util_des: 0.497, des_th: 0.497245775369817,frac_lost: 0.109, li_recovered:  8.233, time: 0.0057445260008535115
L: 0.50, u_super: 0.00048 — INFEASIBLE (li_recovered=0.000e+00), time: 0.0019172060001437785
L: 4.54, u_super: 0.00504 — INFEASIBLE (li_recovered=0.000e+00), time: 0.003521196000292548
L: 0.50, u_super: 0.00005, sec: 4.331, prod: 0.000668, t_ads: 3404.5, t_des: 5783.6, bed_util_ads: 0.252, bed_util_des: 0.185, des_th: 0.1851696623157332,frac_lost: 0.100, li_recovered:  6.141, time: 0.005059903000073973
L: 0.50, u_super: 0.00197, sec: 121.010, prod: 0.037969, t_ads: 98.4, t_des: 125.5, bed_util_ads: 0.449, bed_util_des: 0.447, des_th: 0.44655433292199515,frac_lost: 0.106, li_recovered:  8.503, time: 0.0064503270004934166
L: 0.50, u_super: 0.00843, sec: 483.672, prod: 0.190639, t_ads: 23.3, t_des: 21.3, bed_util_ads: 0.499, bed_util_des: 0.499, des_th: 0.4987214581705236,frac_lost: 0.108, li_recovered:  8.487, time: 0.0059098229994560825
L: 0.50, u_super: 0.00990, sec: 576.683, prod: 0.224549, t_ads: 19.7, t_des: 18.1, bed_util_ads: 0.499, bed_util_des: 0.498, des_th: 0.49846040246013434,frac_lost: 0.104, li_recovered:  8.492, time: 0.005295666000165511
L: 12.80, u_super: 0.00937 — INFEASIBLE (li_recovered=0.000e+00), time: 0.0026640430005500093
L: 0.50, u_super: 0.00751, sec: 424.178, prod: 0.170258, t_ads: 25.8, t_des: 24.0, bed_util_ads: 0.497, bed_util_des: 0.496, des_th: 0.4963962880044442,frac_lost: 0.100, li_recovered:  8.477, time: 0.006208762999449391
L: 10.89, u_super: 0.00752 — INFEASIBLE (li_recovered=0.000e+00), time: 0.002366327998970519
L: 0.50, u_super: 0.00207, sec: 111.977, prod: 0.045461, t_ads: 93.5, t_des: 81.3, bed_util_ads: 0.498, bed_util_des: 0.497, des_th: 0.4972982102159577,frac_lost: 0.108, li_recovered:  7.943, time: 0.0050023129988403525
L: 0.50, u_super: 0.00110 — INFEASIBLE (li_recovered=0.000e+00), time: 0.006432901000152924
L: 0.50, u_super: 0.00309, sec: 166.336, prod: 0.069199, t_ads: 62.5, t_des: 57.5, bed_util_ads: 0.493, bed_util_des: 0.493, des_th: 0.4927450828662517,frac_lost: 0.102, li_recovered:  8.307, time: 0.0051447850000840845
L: 0.50, u_super: 0.00843, sec: 507.764, prod: 0.181593, t_ads: 23.2, t_des: 24.8, bed_util_ads: 0.478, bed_util_des: 0.477, des_th: 0.4773915451409239,frac_lost: 0.104, li_recovered:  8.699, time: 0.004731891000119504
L: 0.50, u_super: 0.00051 — INFEASIBLE (li_recovered=0.000e+00), time: 0.0024743899994064122
L: 0.50, u_super: 0.00078 — INFEASIBLE (li_recovered=0.000e+00), time: 0.0021901489999436308
L: 24.80, u_super: 0.00270 — INFEASIBLE (li_recovered=0.000e+00), time: 0.0008700759990460938
L: 0.50, u_super: 0.00820, sec: 468.921, prod: 0.185631, t_ads: 23.9, t_des: 21.7, bed_util_ads: 0.499, bed_util_des: 0.499, des_th: 0.49927440799906114,frac_lost: 0.107, li_recovered:  8.449, time: 0.004796343000634806
L: 0.50, u_super: 0.00597, sec: 366.207, prod: 0.122144, t_ads: 32.8, t_des: 38.3, bed_util_ads: 0.467, bed_util_des: 0.466, des_th: 0.46630576570997756,frac_lost: 0.107, li_recovered:  8.683, time: 0.005552800999794272
L: 0.50, u_super: 0.00832, sec: 475.431, prod: 0.188337, t_ads: 23.5, t_des: 21.3, bed_util_ads: 0.499, bed_util_des: 0.499, des_th: 0.49927440799906114,frac_lost: 0.105, li_recovered:  8.442, time: 0.005725526998503483
L: 0.50, u_super: 0.00581, sec: 340.657, prod: 0.124133, t_ads: 33.4, t_des: 36.4, bed_util_ads: 0.475, bed_util_des: 0.475, des_th: 0.4749691919095981,frac_lost: 0.100, li_recovered:  8.664, time: 0.00433880599848635
L: 0.50, u_super: 0.00600, sec: 333.609, prod: 0.135409, t_ads: 32.4, t_des: 29.0, bed_util_ads: 0.499, bed_util_des: 0.499, des_th: 0.49927440799906114,frac_lost: 0.103, li_recovered:  8.316, time: 0.005064011998911155
L: 0.50, u_super: 0.00672, sec: 377.494, prod: 0.151519, t_ads: 29.2, t_des: 26.4, bed_util_ads: 0.499, bed_util_des: 0.498, des_th: 0.498342785475104,frac_lost: 0.109, li_recovered:  8.430, time: 0.004305131000364781
L: 0.50, u_super: 0.00093 — INFEASIBLE (li_recovered=0.000e+00), time: 0.002380789999733679
L: 0.50, u_super: 0.00123 — INFEASIBLE (li_recovered=0.000e+00), time: 0.0031190919999062316
L: 0.50, u_super: 0.00370, sec: 200.901, prod: 0.082986, t_ads: 52.6, t_des: 47.6, bed_util_ads: 0.497, bed_util_des: 0.497, des_th: 0.4966160431870211,frac_lost: 0.107, li_recovered:  8.314, time: 0.0051771950002148515
L: 16.31, u_super: 0.00911 — INFEASIBLE (li_recovered=0.000e+00), time: 0.0020100659985473612
L: 2.17, u_super: 0.00420 — INFEASIBLE (li_recovered=0.000e+00), time: 0.002858496000044397
L: 0.50, u_super: 0.00788, sec: 489.312, prod: 0.163322, t_ads: 24.8, t_des: 28.5, bed_util_ads: 0.470, bed_util_des: 0.470, des_th: 0.4695574970989442,frac_lost: 0.106, li_recovered:  8.704, time: 0.006167847001051996
L: 0.50, u_super: 0.00751, sec: 425.894, prod: 0.169871, t_ads: 26.0, t_des: 23.6, bed_util_ads: 0.500, bed_util_des: 0.499, des_th: 0.49943750832567146,frac_lost: 0.107, li_recovered:  8.435, time: 0.004617014999894309
L: 0.50, u_super: 0.00597, sec: 331.604, prod: 0.134890, t_ads: 32.5, t_des: 29.1, bed_util_ads: 0.499, bed_util_des: 0.499, des_th: 0.4988673846614667,frac_lost: 0.102, li_recovered:  8.313, time: 0.005043799999839393
   658 |    26320 |     40 |  0.0028456664 |             f
L: 0.50, u_super: 0.00493, sec: 270.730, prod: 0.111195, t_ads: 39.4, t_des: 36.1, bed_util_ads: 0.497, bed_util_des: 0.497, des_th: 0.49664182367559434,frac_lost: 0.104, li_recovered:  8.399, time: 0.004192443000647472
L: 0.50, u_super: 0.00309, sec: 166.336, prod: 0.069199, t_ads: 62.5, t_des: 57.5, bed_util_ads: 0.493, bed_util_des: 0.493, des_th: 0.4927450828662517,frac_lost: 0.102, li_recovered:  8.307, time: 0.004950747999828309
L: 0.50, u_super: 0.00800, sec: 3281.226, prod: 0.025149, t_ads: 24.5, t_des: 324.5, bed_util_ads: 0.206, bed_util_des: 0.203, des_th: 0.2032028163287728,frac_lost: 0.104, li_recovered:  8.777, time: 0.02721266300068237
L: 0.50, u_super: 0.00597, sec: 331.962, prod: 0.135047, t_ads: 32.5, t_des: 29.0, bed_util_ads: 0.500, bed_util_des: 0.499, des_th: 0.4994352316630682,frac_lost: 0.101, li_recovered:  8.303, time: 0.003745247000551899
L: 0.50, u_super: 0.00375, sec: 237.961, prod: 0.072013, t_ads: 51.8, t_des: 68.1, bed_util_ads: 0.450, bed_util_des: 0.449, des_th: 0.44872774775786345,frac_lost: 0.103, li_recovered:  8.632, time: 0.006132094998974935
L: 0.50, u_super: 0.00773, sec: 437.976, prod: 0.175340, t_ads: 25.1, t_des: 22.6, bed_util_ads: 0.500, bed_util_des: 0.500, des_th: 0.499568603329473,frac_lost: 0.100, li_recovered:  8.371, time: 0.004238260000420269
L: 0.50, u_super: 0.00728, sec: 514.304, prod: 0.131539, t_ads: 26.9, t_des: 39.3, bed_util_ads: 0.438, bed_util_des: 0.438, des_th: 0.43757544076744104,frac_lost: 0.106, li_recovered:  8.709, time: 0.0062330670007213484
L: 92.67, u_super: 0.00964 — INFEASIBLE (li_recovered=0.000e+00), time: 0.001104370001485222
L: 0.50, u_super: 0.00510, sec: 280.699, prod: 0.115196, t_ads: 38.0, t_des: 35.2, bed_util_ads: 0.495, bed_util_des: 0.495, des_th: 0.4947811187432277,frac_lost: 0.102, li_recovered:  8.438, time: 0.00414489099966886
L: 0.50, u_super: 0.00990, sec: 576.884, prod: 0.224474, t_ads: 19.7, t_des: 17.9, bed_util_ads: 0.500, bed_util_des: 0.499, des_th: 0.49941800771673645,frac_lost: 0.105, li_recovered:  8.443, time: 0.004418185000758967
L: 0.50, u_super: 0.00920, sec: 531.932, prod: 0.208307, t_ads: 21.3, t_des: 19.4, bed_util_ads: 0.499, bed_util_des: 0.499, des_th: 0.49876318493383953,frac_lost: 0.106, li_recovered:  8.482, time: 0.004201867999654496
L: 0.50, u_super: 0.00613, sec: 341.811, prod: 0.138509, t_ads: 31.7, t_des: 29.7, bed_util_ads: 0.495, bed_util_des: 0.494, des_th: 0.4944894915921465,frac_lost: 0.102, li_recovered:  8.503, time: 0.004252418000760372
L: 0.50, u_super: 0.00626, sec: 349.057, prod: 0.141654, t_ads: 31.0, t_des: 28.8, bed_util_ads: 0.495, bed_util_des: 0.495, des_th: 0.49497352593006666,frac_lost: 0.102, li_recovered:  8.467, time: 0.005191448999539716
L: 0.50, u_super: 0.00240, sec: 129.500, prod: 0.053119, t_ads: 80.5, t_des: 70.6, bed_util_ads: 0.499, bed_util_des: 0.498, des_th: 0.4984822463306855,frac_lost: 0.105, li_recovered:  8.027, time: 0.004206223000437603
L: 0.50, u_super: 0.00155, sec: 84.842, prod: 0.033542, t_ads: 123.5, t_des: 105.3, bed_util_ads: 0.497, bed_util_des: 0.497, des_th: 0.4972284216658427,frac_lost: 0.107, li_recovered:  7.673, time: 0.004955276999680791
L: 0.50, u_super: 0.00660, sec: 369.419, prod: 0.149484, t_ads: 29.4, t_des: 26.3, bed_util_ads: 0.500, bed_util_des: 0.500, des_th: 0.4999068503301782,frac_lost: 0.100, li_recovered:  8.316, time: 0.004813017001652042
L: 0.50, u_super: 0.00570, sec: 325.995, prod: 0.124662, t_ads: 34.1, t_des: 35.3, bed_util_ads: 0.481, bed_util_des: 0.480, des_th: 0.48042811134940316,frac_lost: 0.102, li_recovered:  8.647, time: 0.004114031000426621
L: 0.50, u_super: 0.00158, sec: 87.144, prod: 0.034032, t_ads: 121.3, t_des: 101.6, bed_util_ads: 0.499, bed_util_des: 0.499, des_th: 0.4991764902161941,frac_lost: 0.108, li_recovered:  7.584, time: 0.003995180000856635
L: 0.50, u_super: 0.00028 — INFEASIBLE (li_recovered=0.000e+00), time: 0.0016498710010637296
L: 0.50, u_super: 0.00792, sec: 451.682, prod: 0.179098, t_ads: 24.7, t_des: 22.1, bed_util_ads: 0.500, bed_util_des: 0.500, des_th: 0.4998334302925096,frac_lost: 0.108, li_recovered:  8.391, time: 0.004618139999365667
L: 0.50, u_super: 0.00370, sec: 201.076, prod: 0.082914, t_ads: 52.7, t_des: 47.6, bed_util_ads: 0.497, bed_util_des: 0.496, des_th: 0.4964987903951156,frac_lost: 0.108, li_recovered:  8.312, time: 0.006091964000006556
L: 0.50, u_super: 0.00270, sec: 145.221, prod: 0.060310, t_ads: 71.4, t_des: 66.7, bed_util_ads: 0.492, bed_util_des: 0.491, des_th: 0.4915419963864107,frac_lost: 0.103, li_recovered:  8.333, time: 0.004556618001515744
L: 0.50, u_super: 0.00028 — INFEASIBLE (li_recovered=0.000e+00), time: 0.003326891999677173
L: 0.50, u_super: 0.00963, sec: 559.265, prod: 0.218517, t_ads: 20.3, t_des: 18.4, bed_util_ads: 0.500, bed_util_des: 0.499, des_th: 0.49943750832567146,frac_lost: 0.104, li_recovered:  8.449, time: 0.006871239000247442
L: 0.50, u_super: 0.00099 — INFEASIBLE (li_recovered=0.000e+00), time: 0.003070184000534937
L: 0.50, u_super: 0.00390, sec: 214.733, prod: 0.086696, t_ads: 49.8, t_des: 48.8, bed_util_ads: 0.487, bed_util_des: 0.487, des_th: 0.48683463481344175,frac_lost: 0.105, li_recovered:  8.547, time: 0.004375745000288589
L: 35.47, u_super: 0.00574 — INFEASIBLE (li_recovered=0.000e+00), time: 0.0010373789991717786
L: 0.50, u_super: 0.00095 — INFEASIBLE (li_recovered=0.000e+00), time: 0.003128737000224646
L: 0.50, u_super: 0.00844, sec: 483.546, prod: 0.190843, t_ads: 23.2, t_des: 21.0, bed_util_ads: 0.499, bed_util_des: 0.499, des_th: 0.49913693818912414,frac_lost: 0.107, li_recovered:  8.441, time: 0.005303378999087727
L: 0.50, u_super: 0.00005, sec: 4.330, prod: 0.000669, t_ads: 3435.6, t_des: 5824.0, bed_util_ads: 0.253, bed_util_des: 0.185, des_th: 0.1851696623157332,frac_lost: 0.103, li_recovered:  6.191, time: 0.005010860000766115
L: 0.50, u_super: 0.00133, sec: 74.206, prod: 0.028254, t_ads: 142.2, t_des: 117.7, bed_util_ads: 0.499, bed_util_des: 0.499, des_th: 0.49938304388838023,frac_lost: 0.103, li_recovered:  7.344, time: 0.004568096999719273
L: 39.97, u_super: 0.00451 — INFEASIBLE (li_recovered=0.000e+00), time: 0.0010980909992213128
L: 0.50, u_super: 0.00510, sec: 280.869, prod: 0.115126, t_ads: 38.0, t_des: 34.0, bed_util_ads: 0.499, bed_util_des: 0.499, des_th: 0.4993408900628596,frac_lost: 0.102, li_recovered:  8.295, time: 0.004108724000616348
L: 0.50, u_super: 0.00005, sec: 4.332, prod: 0.000668, t_ads: 3399.4, t_des: 5772.9, bed_util_ads: 0.251, bed_util_des: 0.185, des_th: 0.1851696623157332,frac_lost: 0.100, li_recovered:  6.129, time: 0.005228026000622776
L: 0.50, u_super: 0.00769, sec: 437.210, prod: 0.173789, t_ads: 25.5, t_des: 23.0, bed_util_ads: 0.499, bed_util_des: 0.499, des_th: 0.49934417208205906,frac_lost: 0.108, li_recovered:  8.434, time: 0.004137436999371857
L: 0.50, u_super: 0.00574, sec: 348.709, prod: 0.118352, t_ads: 33.8, t_des: 39.4, bed_util_ads: 0.467, bed_util_des: 0.466, des_th: 0.4663341727777182,frac_lost: 0.102, li_recovered:  8.671, time: 0.004259433999322937
L: 0.50, u_super: 0.00270, sec: 145.221, prod: 0.060310, t_ads: 71.4, t_des: 66.7, bed_util_ads: 0.492, bed_util_des: 0.491, des_th: 0.4915419963864107,frac_lost: 0.103, li_recovered:  8.333, time: 0.005697171000065282
L: 0.50, u_super: 0.00990, sec: 576.268, prod: 0.224711, t_ads: 19.7, t_des: 18.0, bed_util_ads: 0.500, bed_util_des: 0.499, des_th: 0.4994058775097912,frac_lost: 0.103, li_recovered:  8.460, time: 0.0043943250002485
L: 43.97, u_super: 0.00619, sec: 50654.445, prod: 0.083789, t_ads: 2510.4, t_des: 4569.1, bed_util_ads: 0.267, bed_util_des: 0.203, des_th: 0.2032028163287728,frac_lost: 0.101, li_recovered:  593.187, time: 0.006200605001140502
L: 0.50, u_super: 0.00973, sec: 565.755, prod: 0.220525, t_ads: 20.1, t_des: 18.2, bed_util_ads: 0.499, bed_util_des: 0.499, des_th: 0.49927440799906114,frac_lost: 0.105, li_recovered:  8.447, time: 0.0038559920012630755
   659 |    26360 |     40 |  0.0011395737 |             f
L: 0.50, u_super: 0.00531, sec: 293.267, prod: 0.119942, t_ads: 36.6, t_des: 33.1, bed_util_ads: 0.498, bed_util_des: 0.498, des_th: 0.49826214274862063,frac_lost: 0.104, li_recovered:  8.358, time: 0.0052392510006029624
L: 0.50, u_super: 0.00418, sec: 228.069, prod: 0.094040, t_ads: 46.5, t_des: 42.1, bed_util_ads: 0.498, bed_util_des: 0.497, des_th: 0.49735166340210635,frac_lost: 0.105, li_recovered:  8.329, time: 0.004943308000292745
L: 24.67, u_super: 0.00728 — INFEASIBLE (li_recovered=0.000e+00), time: 0.0016033840001909994
L: 0.50, u_super: 0.00176, sec: 94.616, prod: 0.038910, t_ads: 108.3, t_des: 103.4, bed_util_ads: 0.486, bed_util_des: 0.485, des_th: 0.48481604925585375,frac_lost: 0.101, li_recovered:  8.238, time: 0.0045707000008405885
L: 0.50, u_super: 0.00370, sec: 200.822, prod: 0.083019, t_ads: 52.5, t_des: 47.6, bed_util_ads: 0.496, bed_util_des: 0.496, des_th: 0.4957934502054351,frac_lost: 0.106, li_recovered:  8.315, time: 0.0039860700017015915
L: 0.50, u_super: 0.00936, sec: 542.473, prod: 0.212112, t_ads: 20.9, t_des: 18.9, bed_util_ads: 0.500, bed_util_des: 0.499, des_th: 0.49941800771673645,frac_lost: 0.106, li_recovered:  8.447, time: 0.004707254000095418
L: 0.50, u_super: 0.00743, sec: 3229.622, prod: 0.021886, t_ads: 26.4, t_des: 374.7, bed_util_ads: 0.201, bed_util_des: 0.197, des_th: 0.19707856340884788,frac_lost: 0.103, li_recovered:  8.778, time: 0.02575015100046585
L: 0.50, u_super: 0.00051, sec: 29.287, prod: 0.010209, t_ads: 355.1, t_des: 326.6, bed_util_ads: 0.466, bed_util_des: 0.464, des_th: 0.46434220593707076,frac_lost: 0.101, li_recovered:  6.959, time: 0.0037971260007907404
L: 0.50, u_super: 0.00324, sec: 175.870, prod: 0.072484, t_ads: 60.0, t_des: 56.2, bed_util_ads: 0.492, bed_util_des: 0.491, des_th: 0.49147793110125326,frac_lost: 0.108, li_recovered:  8.416, time: 0.004935798999213148
L: 0.50, u_super: 0.00092 — INFEASIBLE (li_recovered=0.000e+00), time: 0.0025651890009612544
L: 0.50, u_super: 0.00051, sec: 29.448, prod: 0.010153, t_ads: 354.5, t_des: 320.8, bed_util_ads: 0.468, bed_util_des: 0.467, des_th: 0.4670884640372607,frac_lost: 0.101, li_recovered:  6.857, time: 0.0037480770006368402
L: 0.50, u_super: 0.00574, sec: 318.120, prod: 0.129732, t_ads: 33.8, t_des: 30.5, bed_util_ads: 0.498, bed_util_des: 0.498, des_th: 0.49825884001342136,frac_lost: 0.103, li_recovered:  8.353, time: 0.0039699109984212555
L: 0.50, u_super: 0.00865, sec: 496.646, prod: 0.195702, t_ads: 22.6, t_des: 20.5, bed_util_ads: 0.499, bed_util_des: 0.499, des_th: 0.49903318097762916,frac_lost: 0.107, li_recovered:  8.442, time: 0.004020078000394278
L: 0.50, u_super: 0.00269, sec: 144.765, prod: 0.059902, t_ads: 71.8, t_des: 64.1, bed_util_ads: 0.497, bed_util_des: 0.497, des_th: 0.4972146683365384,frac_lost: 0.103, li_recovered:  8.137, time: 0.004104491999896709
L: 0.50, u_super: 0.00390, sec: 212.723, prod: 0.087515, t_ads: 49.7, t_des: 43.9, bed_util_ads: 0.500, bed_util_des: 0.500, des_th: 0.49999851692515884,frac_lost: 0.104, li_recovered:  8.196, time: 0.0037409030010167044
L: 0.50, u_super: 0.00309, sec: 166.383, prod: 0.069180, t_ads: 62.6, t_des: 57.7, bed_util_ads: 0.493, bed_util_des: 0.493, des_th: 0.4926421666486384,frac_lost: 0.102, li_recovered:  8.323, time: 0.0044811150000896305
L: 0.50, u_super: 0.00410, sec: 223.387, prod: 0.092036, t_ads: 47.4, t_des: 42.4, bed_util_ads: 0.500, bed_util_des: 0.499, des_th: 0.4994575500746192,frac_lost: 0.105, li_recovered:  8.264, time: 0.0038863209992996417
L: 0.50, u_super: 0.00728, sec: 410.358, prod: 0.164859, t_ads: 26.7, t_des: 24.1, bed_util_ads: 0.499, bed_util_des: 0.499, des_th: 0.4992415510886554,frac_lost: 0.102, li_recovered:  8.372, time: 0.0039624940000067
L: 0.50, u_super: 0.00451, sec: 247.019, prod: 0.101503, t_ads: 43.2, t_des: 38.9, bed_util_ads: 0.498, bed_util_des: 0.498, des_th: 0.49828371614679723,frac_lost: 0.106, li_recovered:  8.330, time: 0.005211697000049753
L: 18.28, u_super: 0.00349 — INFEASIBLE (li_recovered=0.000e+00), time: 0.0011247830007050652
L: 31.31, u_super: 0.00590 — INFEASIBLE (li_recovered=0.000e+00), time: 0.0010560179998719832
L: 0.50, u_super: 0.00235, sec: 127.010, prod: 0.051830, t_ads: 82.1, t_des: 71.3, bed_util_ads: 0.499, bed_util_des: 0.499, des_th: 0.4992574594650459,frac_lost: 0.104, li_recovered:  7.950, time: 0.004304198000681936
L: 0.50, u_super: 0.00710, sec: 400.509, prod: 0.160566, t_ads: 27.5, t_des: 25.3, bed_util_ads: 0.498, bed_util_des: 0.497, des_th: 0.49739114174188176,frac_lost: 0.106, li_recovered:  8.476, time: 0.004404258999784361
L: 0.50, u_super: 0.00071, sec: 40.063, prod: 0.014598, t_ads: 262.3, t_des: 277.9, bed_util_ads: 0.457, bed_util_des: 0.454, des_th: 0.4536155692635445,frac_lost: 0.101, li_recovered:  7.886, time: 0.004616985999746248
L: 8.09, u_super: 0.00005 — INFEASIBLE (li_recovered=0.000e+00), time: 0.0008275000000139698
L: 0.50, u_super: 0.00052 — INFEASIBLE (li_recovered=0.000e+00), time: 0.0036257599986129208
L: 7.99, u_super: 0.00938 — INFEASIBLE (li_recovered=0.000e+00), time: 0.0023852440008340636
L: 3.01, u_super: 0.00270 — INFEASIBLE (li_recovered=0.000e+00), time: 0.0020659450001403457
L: 0.50, u_super: 0.00511, sec: 331.804, prod: 0.097805, t_ads: 37.9, t_des: 50.7, bed_util_ads: 0.449, bed_util_des: 0.448, des_th: 0.44792273275749506,frac_lost: 0.101, li_recovered:  8.667, time: 0.004805984999620705
L: 0.50, u_super: 0.00820, sec: 468.605, prod: 0.185756, t_ads: 23.8, t_des: 21.6, bed_util_ads: 0.499, bed_util_des: 0.499, des_th: 0.49927422182115466,frac_lost: 0.106, li_recovered:  8.440, time: 0.004981732001397177
L: 0.50, u_super: 0.00067 — INFEASIBLE (li_recovered=0.000e+00), time: 0.0022391279999283142
L: 0.50, u_super: 0.00198, sec: 106.350, prod: 0.043790, t_ads: 97.4, t_des: 88.9, bed_util_ads: 0.492, bed_util_des: 0.492, des_th: 0.49162553607373516,frac_lost: 0.107, li_recovered:  8.160, time: 0.0045026560001133475
L: 0.50, u_super: 0.00939, sec: 561.015, prod: 0.206166, t_ads: 20.8, t_des: 21.4, bed_util_ads: 0.484, bed_util_des: 0.483, des_th: 0.4834352879397739,frac_lost: 0.104, li_recovered:  8.693, time: 0.00440444000014395
L: 0.50, u_super: 0.00510, sec: 280.994, prod: 0.115075, t_ads: 38.1, t_des: 35.3, bed_util_ads: 0.495, bed_util_des: 0.495, des_th: 0.4949882962461626,frac_lost: 0.104, li_recovered:  8.443, time: 0.00417430599918589
L: 0.50, u_super: 0.00986, sec: 574.888, prod: 0.223296, t_ads: 19.8, t_des: 18.4, bed_util_ads: 0.497, bed_util_des: 0.497, des_th: 0.49657613120780575,frac_lost: 0.105, li_recovered:  8.531, time: 0.004772122998474515
L: 0.50, u_super: 0.00422, sec: 234.816, prod: 0.093257, t_ads: 46.0, t_des: 46.1, bed_util_ads: 0.485, bed_util_des: 0.485, des_th: 0.48495888002996945,frac_lost: 0.105, li_recovered:  8.588, time: 0.0044809999999415595
L: 0.50, u_super: 0.00769, sec: 437.340, prod: 0.173737, t_ads: 25.5, t_des: 23.1, bed_util_ads: 0.499, bed_util_des: 0.499, des_th: 0.49918810806621305,frac_lost: 0.109, li_recovered:  8.441, time: 0.004805839998880401
L: 0.50, u_super: 0.00005, sec: 4.331, prod: 0.000668, t_ads: 3401.0, t_des: 5784.6, bed_util_ads: 0.251, bed_util_des: 0.185, des_th: 0.1851696623157332,frac_lost: 0.100, li_recovered:  6.140, time: 0.005548690000068746
L: 7.38, u_super: 0.00716 — INFEASIBLE (li_recovered=0.000e+00), time: 0.002489644000888802
L: 0.50, u_super: 0.00369, sec: 200.296, prod: 0.082741, t_ads: 52.7, t_des: 47.7, bed_util_ads: 0.497, bed_util_des: 0.497, des_th: 0.4966160431870211,frac_lost: 0.107, li_recovered:  8.312, time: 0.005078029998912825
   660 |    26400 |     40 |  0.0033564458 |             f
L: 0.50, u_super: 0.00743, sec: 3725.297, prod: 0.018980, t_ads: 26.4, t_des: 436.3, bed_util_ads: 0.189, bed_util_des: 0.185, des_th: 0.1851696623157332,frac_lost: 0.105, li_recovered:  8.783, time: 0.034888077001596685
L: 0.50, u_super: 0.00098, sec: 64.285, prod: 0.017353, t_ads: 196.0, t_des: 281.6, bed_util_ads: 0.425, bed_util_des: 0.419, des_th: 0.41957870109683776,frac_lost: 0.106, li_recovered:  8.287, time: 0.006465500000558677
L: 25.73, u_super: 0.00597 — INFEASIBLE (li_recovered=0.000e+00), time: 0.0010678899998310953
L: 0.50, u_super: 0.00510, sec: 280.675, prod: 0.115206, t_ads: 38.0, t_des: 35.2, bed_util_ads: 0.495, bed_util_des: 0.495, des_th: 0.49488538002854954,frac_lost: 0.102, li_recovered:  8.439, time: 0.006172777999381651
L: 1.92, u_super: 0.00780, sec: 1751.268, prod: 0.171875, t_ads: 94.5, t_des: 82.8, bed_util_ads: 0.497, bed_util_des: 0.497, des_th: 0.49720909977744027,frac_lost: 0.102, li_recovered:  30.478, time: 0.006867059000796871
L: 0.50, u_super: 0.00574, sec: 319.085, prod: 0.129340, t_ads: 33.8, t_des: 32.1, bed_util_ads: 0.492, bed_util_des: 0.492, des_th: 0.4915899133901044,frac_lost: 0.102, li_recovered:  8.530, time: 0.0051572110005508875
L: 27.36, u_super: 0.00635 — INFEASIBLE (li_recovered=0.000e+00), time: 0.0011344289996486623
L: 0.50, u_super: 0.00354, sec: 191.926, prod: 0.079236, t_ads: 54.9, t_des: 49.1, bed_util_ads: 0.498, bed_util_des: 0.498, des_th: 0.49778385984945583,frac_lost: 0.106, li_recovered:  8.247, time: 0.007348078001086833
L: 19.40, u_super: 0.00238 — INFEASIBLE (li_recovered=0.000e+00), time: 0.0009120359991356963
L: 9.26, u_super: 0.00493 — INFEASIBLE (li_recovered=0.000e+00), time: 0.0024016150000534253
L: 0.50, u_super: 0.00163, sec: 89.769, prod: 0.035245, t_ads: 116.7, t_des: 120.4, bed_util_ads: 0.474, bed_util_des: 0.472, des_th: 0.4723092551963478,frac_lost: 0.100, li_recovered:  8.358, time: 0.006821949998993659
L: 0.50, u_super: 0.00007 — INFEASIBLE (li_recovered=0.000e+00), time: 0.0017790439997042995
L: 0.50, u_super: 0.00358, sec: 194.377, prod: 0.080306, t_ads: 54.3, t_des: 49.0, bed_util_ads: 0.498, bed_util_des: 0.497, des_th: 0.497245775369817,frac_lost: 0.107, li_recovered:  8.298, time: 0.004219168000417994
L: 0.50, u_super: 0.00005, sec: 4.334, prod: 0.000668, t_ads: 3534.7, t_des: 6344.8, bed_util_ads: 0.249, bed_util_des: 0.175, des_th: 0.17561729732080544,frac_lost: 0.102, li_recovered:  6.600, time: 0.006669870999758132
L: 0.50, u_super: 0.00763, sec: 431.594, prod: 0.172927, t_ads: 25.5, t_des: 23.0, bed_util_ads: 0.499, bed_util_des: 0.499, des_th: 0.4992626577245445,frac_lost: 0.101, li_recovered:  8.372, time: 0.004187430000456516
L: 0.50, u_super: 0.00574, sec: 317.437, prod: 0.129781, t_ads: 33.8, t_des: 30.7, bed_util_ads: 0.498, bed_util_des: 0.498, des_th: 0.4982586538463425,frac_lost: 0.101, li_recovered:  8.375, time: 0.0059290310000506
L: 0.50, u_super: 0.00703, sec: 396.534, prod: 0.158858, t_ads: 27.8, t_des: 25.0, bed_util_ads: 0.500, bed_util_des: 0.500, des_th: 0.499906438394545,frac_lost: 0.107, li_recovered:  8.383, time: 0.006235039998500724
L: 56.10, u_super: 0.00954 — INFEASIBLE (li_recovered=0.000e+00), time: 0.0012928169999213424
L: 0.50, u_super: 0.00012 — INFEASIBLE (li_recovered=0.000e+00), time: 0.001464510000005248
L: 6.09, u_super: 0.00963 — INFEASIBLE (li_recovered=0.000e+00), time: 0.0033914480009116232
L: 7.09, u_super: 0.00872 — INFEASIBLE (li_recovered=0.000e+00), time: 0.0029341370009206003
L: 0.50, u_super: 0.00613, sec: 341.532, prod: 0.138578, t_ads: 31.7, t_des: 28.3, bed_util_ads: 0.499, bed_util_des: 0.499, des_th: 0.49934417208205906,frac_lost: 0.102, li_recovered:  8.318, time: 0.005146833998878719
L: 0.50, u_super: 0.00324, sec: 175.525, prod: 0.072626, t_ads: 59.4, t_des: 52.8, bed_util_ads: 0.498, bed_util_des: 0.498, des_th: 0.4981465365403682,frac_lost: 0.101, li_recovered:  8.146, time: 0.005730480999773135
L: 0.50, u_super: 0.00158, sec: 87.091, prod: 0.034126, t_ads: 120.8, t_des: 101.6, bed_util_ads: 0.500, bed_util_des: 0.500, des_th: 0.4999068503301782,frac_lost: 0.106, li_recovered:  7.591, time: 0.005797261001134757
L: 0.50, u_super: 0.00990, sec: 576.868, prod: 0.224477, t_ads: 19.7, t_des: 17.7, bed_util_ads: 0.500, bed_util_des: 0.500, des_th: 0.4998555848580508,frac_lost: 0.105, li_recovered:  8.412, time: 0.006187929000589065
L: 0.50, u_super: 0.00426, sec: 232.454, prod: 0.095837, t_ads: 45.6, t_des: 41.2, bed_util_ads: 0.497, bed_util_des: 0.497, des_th: 0.4970625591936469,frac_lost: 0.105, li_recovered:  8.325, time: 0.004506176999711897
L: 0.50, u_super: 0.00908, sec: 523.988, prod: 0.205653, t_ads: 21.5, t_des: 19.5, bed_util_ads: 0.500, bed_util_des: 0.499, des_th: 0.49951331221232825,frac_lost: 0.106, li_recovered:  8.443, time: 0.006505935998575296
L: 0.50, u_super: 0.00843, sec: 482.982, prod: 0.190911, t_ads: 23.2, t_des: 21.0, bed_util_ads: 0.499, bed_util_des: 0.499, des_th: 0.49903318097762916,frac_lost: 0.106, li_recovered:  8.438, time: 0.004188418999547139
L: 0.50, u_super: 0.00863, sec: 576.617, prod: 0.167970, t_ads: 22.6, t_des: 29.2, bed_util_ads: 0.454, bed_util_des: 0.454, des_th: 0.4536155692635445,frac_lost: 0.104, li_recovered:  8.713, time: 0.005675528000210761
L: 0.50, u_super: 0.00501, sec: 275.346, prod: 0.113026, t_ads: 38.8, t_des: 35.9, bed_util_ads: 0.495, bed_util_des: 0.495, des_th: 0.49488538002854954,frac_lost: 0.103, li_recovered:  8.435, time: 0.005185480000363896
L: 0.50, u_super: 0.00534, sec: 294.644, prod: 0.120561, t_ads: 36.3, t_des: 32.6, bed_util_ads: 0.499, bed_util_des: 0.499, des_th: 0.49884270228552047,frac_lost: 0.102, li_recovered:  8.308, time: 0.007093836999047198
L: 0.50, u_super: 0.00093, sec: 57.687, prod: 0.017624, t_ads: 203.3, t_des: 262.4, bed_util_ads: 0.437, bed_util_des: 0.433, des_th: 0.43265273946456667,frac_lost: 0.102, li_recovered:  8.207, time: 0.00656645699928049
L: 0.50, u_super: 0.00476, sec: 261.207, prod: 0.107155, t_ads: 40.8, t_des: 36.4, bed_util_ads: 0.500, bed_util_des: 0.499, des_th: 0.49949220557643914,frac_lost: 0.104, li_recovered:  8.274, time: 0.006679765998342191
L: 0.50, u_super: 0.00518, sec: 285.036, prod: 0.116869, t_ads: 37.4, t_des: 33.6, bed_util_ads: 0.498, bed_util_des: 0.498, des_th: 0.49826214274862063,frac_lost: 0.101, li_recovered:  8.304, time: 0.004932460000418359
L: 27.30, u_super: 0.00990 — INFEASIBLE (li_recovered=0.000e+00), time: 0.001985557000807603
L: 38.87, u_super: 0.00577 — INFEASIBLE (li_recovered=0.000e+00), time: 0.0010366740007157205
L: 40.32, u_super: 0.00083 — INFEASIBLE (li_recovered=0.000e+00), time: 0.00102212599995255
L: 0.50, u_super: 0.00005, sec: 4.334, prod: 0.000668, t_ads: 3521.2, t_des: 6338.5, bed_util_ads: 0.248, bed_util_des: 0.175, des_th: 0.17533861132233627,frac_lost: 0.101, li_recovered:  6.586, time: 0.006539216001328896
L: 0.50, u_super: 0.00701, sec: 404.323, prod: 0.154912, t_ads: 27.9, t_des: 28.0, bed_util_ads: 0.486, bed_util_des: 0.486, des_th: 0.4860754333304226,frac_lost: 0.107, li_recovered:  8.659, time: 0.0070235710009001195
L: 0.50, u_super: 0.00843, sec: 483.095, prod: 0.190866, t_ads: 23.2, t_des: 21.0, bed_util_ads: 0.499, bed_util_des: 0.499, des_th: 0.4992626870109964,frac_lost: 0.106, li_recovered:  8.437, time: 0.006883285001094919
   661 |    26440 |     40 |  0.0021835422 |             f
L: 0.50, u_super: 0.00281, sec: 152.120, prod: 0.062316, t_ads: 68.6, t_des: 59.6, bed_util_ads: 0.500, bed_util_des: 0.500, des_th: 0.499906438394545,frac_lost: 0.101, li_recovered:  7.987, time: 0.004341518999353866
L: 12.91, u_super: 0.00723 — INFEASIBLE (li_recovered=0.000e+00), time: 0.0034528340001998004
L: 0.50, u_super: 0.00597, sec: 331.962, prod: 0.135047, t_ads: 32.5, t_des: 29.0, bed_util_ads: 0.500, bed_util_des: 0.499, des_th: 0.4994352316630682,frac_lost: 0.101, li_recovered:  8.303, time: 0.0061627769991901005
L: 0.50, u_super: 0.00282, sec: 152.731, prod: 0.062516, t_ads: 68.5, t_des: 59.5, bed_util_ads: 0.500, bed_util_des: 0.499, des_th: 0.49943750832567146,frac_lost: 0.103, li_recovered:  8.002, time: 0.005937558000368881
L: 0.50, u_super: 0.00324, sec: 175.841, prod: 0.072496, t_ads: 59.4, t_des: 52.3, bed_util_ads: 0.500, bed_util_des: 0.499, des_th: 0.4993415472462878,frac_lost: 0.101, li_recovered:  8.097, time: 0.005432984999060864
L: 0.50, u_super: 0.00071, sec: 40.248, prod: 0.014559, t_ads: 262.4, t_des: 280.6, bed_util_ads: 0.457, bed_util_des: 0.453, des_th: 0.4536155692635445,frac_lost: 0.102, li_recovered:  7.906, time: 0.005137246000231244
L: 0.50, u_super: 0.00939, sec: 546.348, prod: 0.212074, t_ads: 20.9, t_des: 19.6, bed_util_ads: 0.495, bed_util_des: 0.495, des_th: 0.49497352593006666,frac_lost: 0.107, li_recovered:  8.569, time: 0.004673503999583772
L: 0.50, u_super: 0.00380, sec: 223.595, prod: 0.078913, t_ads: 51.1, t_des: 58.2, bed_util_ads: 0.468, bed_util_des: 0.467, des_th: 0.4672271542317819,frac_lost: 0.104, li_recovered:  8.620, time: 0.005397441000241088
L: 0.50, u_super: 0.00819, sec: 468.262, prod: 0.185318, t_ads: 23.9, t_des: 21.9, bed_util_ads: 0.498, bed_util_des: 0.498, des_th: 0.49755130992689167,frac_lost: 0.107, li_recovered:  8.487, time: 0.007112487999620498
L: 0.50, u_super: 0.00225, sec: 121.573, prod: 0.049765, t_ads: 85.8, t_des: 82.7, bed_util_ads: 0.487, bed_util_des: 0.486, des_th: 0.48595531256311564,frac_lost: 0.106, li_recovered:  8.383, time: 0.005029210999055067
L: 0.50, u_super: 0.00229, sec: 123.439, prod: 0.050714, t_ads: 84.5, t_des: 74.9, bed_util_ads: 0.497, bed_util_des: 0.496, des_th: 0.4964925960483205,frac_lost: 0.107, li_recovered:  8.086, time: 0.005778337999799987
L: 24.01, u_super: 0.00728 — INFEASIBLE (li_recovered=0.000e+00), time: 0.0023009480009932304
L: 0.50, u_super: 0.00163, sec: 92.640, prod: 0.034033, t_ads: 117.0, t_des: 129.9, bed_util_ads: 0.466, bed_util_des: 0.464, des_th: 0.463842533603151,frac_lost: 0.100, li_recovered:  8.402, time: 0.006295630999375135
L: 0.50, u_super: 0.00270, sec: 146.174, prod: 0.059917, t_ads: 71.3, t_des: 62.1, bed_util_ads: 0.500, bed_util_des: 0.499, des_th: 0.499460119194205,frac_lost: 0.101, li_recovered:  7.989, time: 0.005084121999971103
L: 0.50, u_super: 0.00908, sec: 528.065, prod: 0.204066, t_ads: 21.5, t_des: 20.7, bed_util_ads: 0.492, bed_util_des: 0.491, des_th: 0.4914108904480359,frac_lost: 0.104, li_recovered:  8.620, time: 0.0057663910010887776
L: 0.50, u_super: 0.00309, sec: 245.616, prod: 0.047066, t_ads: 62.8, t_des: 120.9, bed_util_ads: 0.402, bed_util_des: 0.399, des_th: 0.39874105486840994,frac_lost: 0.103, li_recovered:  8.643, time: 0.006009558001096593
L: 0.50, u_super: 0.00512, sec: 281.661, prod: 0.115388, t_ads: 38.0, t_des: 34.0, bed_util_ads: 0.500, bed_util_des: 0.499, des_th: 0.4994352316630682,frac_lost: 0.103, li_recovered:  8.304, time: 0.006127118000222254
L: 0.50, u_super: 0.00961, sec: 558.447, prod: 0.217805, t_ads: 20.4, t_des: 18.5, bed_util_ads: 0.500, bed_util_des: 0.499, des_th: 0.49943750832567146,frac_lost: 0.106, li_recovered:  8.451, time: 0.004843863000132842
L: 0.50, u_super: 0.00731, sec: 413.564, prod: 0.165292, t_ads: 26.5, t_des: 25.2, bed_util_ads: 0.493, bed_util_des: 0.493, des_th: 0.4927450828662517,frac_lost: 0.100, li_recovered:  8.547, time: 0.0056829290006135125
L: 0.50, u_super: 0.00239, sec: 129.755, prod: 0.052872, t_ads: 80.7, t_des: 69.9, bed_util_ads: 0.499, bed_util_des: 0.499, des_th: 0.4992415510886554,frac_lost: 0.106, li_recovered:  7.961, time: 0.005690164000043296
L: 0.50, u_super: 0.00660, sec: 382.261, prod: 0.144462, t_ads: 29.6, t_des: 30.4, bed_util_ads: 0.483, bed_util_des: 0.483, des_th: 0.4829719880223806,frac_lost: 0.107, li_recovered:  8.668, time: 0.00503183199907653
L: 0.50, u_super: 0.00948, sec: 554.194, prod: 0.213234, t_ads: 20.6, t_des: 19.8, bed_util_ads: 0.492, bed_util_des: 0.492, des_th: 0.4915419963864107,frac_lost: 0.105, li_recovered:  8.621, time: 0.006450967001001118
L: 0.50, u_super: 0.00878, sec: 506.014, prod: 0.198459, t_ads: 22.3, t_des: 20.6, bed_util_ads: 0.497, bed_util_des: 0.497, des_th: 0.4972548412151941,frac_lost: 0.108, li_recovered:  8.525, time: 0.006733094998708111
L: 0.50, u_super: 0.00133, sec: 84.271, prod: 0.024565, t_ads: 144.3, t_des: 197.1, bed_util_ads: 0.436, bed_util_des: 0.432, des_th: 0.4324994917039614,frac_lost: 0.102, li_recovered:  8.387, time: 0.009076906000700546
L: 39.03, u_super: 0.00623 — INFEASIBLE (li_recovered=0.000e+00), time: 0.0016625730004307115
L: 0.50, u_super: 0.00061 — INFEASIBLE (li_recovered=0.000e+00), time: 0.004683559000113746
L: 0.50, u_super: 0.00990, sec: 576.015, prod: 0.224810, t_ads: 19.7, t_des: 17.9, bed_util_ads: 0.500, bed_util_des: 0.499, des_th: 0.49941800771673645,frac_lost: 0.102, li_recovered:  8.443, time: 0.0084285409993754
L: 0.50, u_super: 0.00020, sec: 30.404, prod: 0.001578, t_ads: 978.4, t_des: 4488.0, bed_util_ads: 0.248, bed_util_des: 0.185, des_th: 0.1851696623157332,frac_lost: 0.105, li_recovered:  8.628, time: 0.01808576199982781
L: 0.50, u_super: 0.00015, sec: 17.147, prod: 0.001542, t_ads: 1287.6, t_des: 4049.7, bed_util_ads: 0.268, bed_util_des: 0.203, des_th: 0.2032028163287728,frac_lost: 0.105, li_recovered:  8.229, time: 0.01259543699961796
L: 0.50, u_super: 0.00076, sec: 45.184, prod: 0.015140, t_ads: 245.8, t_des: 285.5, bed_util_ads: 0.448, bed_util_des: 0.443, des_th: 0.44325673235792157,frac_lost: 0.105, li_recovered:  8.044, time: 0.006765145000827033
L: 0.50, u_super: 0.00005, sec: 4.332, prod: 0.000668, t_ads: 3399.4, t_des: 5772.9, bed_util_ads: 0.251, bed_util_des: 0.185, des_th: 0.1851696623157332,frac_lost: 0.100, li_recovered:  6.129, time: 0.008196519000193803
L: 0.50, u_super: 0.00820, sec: 468.951, prod: 0.185619, t_ads: 23.9, t_des: 21.6, bed_util_ads: 0.500, bed_util_des: 0.500, des_th: 0.4998242273962212,frac_lost: 0.107, li_recovered:  8.440, time: 0.005551623999053845
L: 0.50, u_super: 0.00878, sec: 505.365, prod: 0.198714, t_ads: 22.3, t_des: 20.5, bed_util_ads: 0.498, bed_util_des: 0.498, des_th: 0.4975167901739593,frac_lost: 0.106, li_recovered:  8.495, time: 0.0065855209995788755
L: 28.56, u_super: 0.00198 — INFEASIBLE (li_recovered=0.000e+00), time: 0.001090227999156923
L: 5.84, u_super: 0.00379 — INFEASIBLE (li_recovered=0.000e+00), time: 0.003391990001546219
L: 0.50, u_super: 0.00553, sec: 306.156, prod: 0.124968, t_ads: 35.1, t_des: 31.4, bed_util_ads: 0.500, bed_util_des: 0.500, des_th: 0.49975852058906983,frac_lost: 0.103, li_recovered:  8.313, time: 0.007082033000187948
L: 0.50, u_super: 0.00990, sec: 577.046, prod: 0.224408, t_ads: 19.8, t_des: 17.9, bed_util_ads: 0.500, bed_util_des: 0.500, des_th: 0.4998249266404003,frac_lost: 0.106, li_recovered:  8.457, time: 0.005999004999466706
L: 0.50, u_super: 0.00011, sec: 12.489, prod: 0.001220, t_ads: 1690.7, t_des: 4996.5, bed_util_ads: 0.258, bed_util_des: 0.185, des_th: 0.1851696623157332,frac_lost: 0.102, li_recovered:  8.157, time: 0.012016179998681764
L: 0.50, u_super: 0.00195, sec: 112.072, prod: 0.040366, t_ads: 99.0, t_des: 110.9, bed_util_ads: 0.465, bed_util_des: 0.464, des_th: 0.46374640554497165,frac_lost: 0.106, li_recovered:  8.475, time: 0.006612999999560998
L: 3.73, u_super: 0.00309 — INFEASIBLE (li_recovered=0.000e+00), time: 0.002776466000796063
   662 |    26480 |     40 |  0.0029031273 |             f
L: 0.50, u_super: 0.00358, sec: 194.484, prod: 0.080262, t_ads: 54.4, t_des: 49.1, bed_util_ads: 0.497, bed_util_des: 0.497, des_th: 0.497221026643361,frac_lost: 0.108, li_recovered:  8.306, time: 0.004883094999968307
L: 0.50, u_super: 0.00597, sec: 331.962, prod: 0.135047, t_ads: 32.5, t_des: 29.0, bed_util_ads: 0.500, bed_util_des: 0.499, des_th: 0.4994352316630682,frac_lost: 0.101, li_recovered:  8.303, time: 0.006619162000788492
L: 0.50, u_super: 0.00327, sec: 176.658, prod: 0.073235, t_ads: 58.9, t_des: 52.6, bed_util_ads: 0.498, bed_util_des: 0.497, des_th: 0.4974768359098427,frac_lost: 0.100, li_recovered:  8.164, time: 0.005384093999964534
L: 0.50, u_super: 0.00029, sec: 44.111, prod: 0.002274, t_ads: 667.9, t_des: 3098.8, bed_util_ads: 0.260, bed_util_des: 0.212, des_th: 0.21222933876100247,frac_lost: 0.103, li_recovered:  8.567, time: 0.01494247099981294
L: 0.50, u_super: 0.00731, sec: 416.354, prod: 0.164218, t_ads: 26.8, t_des: 25.5, bed_util_ads: 0.493, bed_util_des: 0.493, des_th: 0.4927450828662517,frac_lost: 0.109, li_recovered:  8.585, time: 0.005982201000733767
L: 17.55, u_super: 0.00682 — INFEASIBLE (li_recovered=0.000e+00), time: 0.0023756139999022707
L: 0.50, u_super: 0.00985, sec: 573.515, prod: 0.223233, t_ads: 19.9, t_des: 18.0, bed_util_ads: 0.500, bed_util_des: 0.499, des_th: 0.499419093104421,frac_lost: 0.105, li_recovered:  8.449, time: 0.006258677000005264
L: 0.50, u_super: 0.00131, sec: 73.198, prod: 0.027787, t_ads: 144.5, t_des: 119.4, bed_util_ads: 0.499, bed_util_des: 0.499, des_th: 0.49872822110679144,frac_lost: 0.104, li_recovered:  7.334, time: 0.005993566001052386
L: 0.50, u_super: 0.00763, sec: 431.544, prod: 0.172947, t_ads: 25.4, t_des: 23.0, bed_util_ads: 0.500, bed_util_des: 0.500, des_th: 0.49956613013126594,frac_lost: 0.101, li_recovered:  8.376, time: 0.005545849000554881
L: 23.06, u_super: 0.00067 — INFEASIBLE (li_recovered=0.000e+00), time: 0.0008315710001625121
L: 0.50, u_super: 0.00688, sec: 530.625, prod: 0.113271, t_ads: 28.4, t_des: 48.5, bed_util_ads: 0.420, bed_util_des: 0.419, des_th: 0.41894492475848544,frac_lost: 0.106, li_recovered:  8.713, time: 0.007008825001321384
L: 0.50, u_super: 0.00206, sec: 112.255, prod: 0.045085, t_ads: 93.0, t_des: 79.3, bed_util_ads: 0.500, bed_util_des: 0.500, des_th: 0.4999068503301782,frac_lost: 0.103, li_recovered:  7.770, time: 0.004964306001056684
L: 0.50, u_super: 0.00358, sec: 194.246, prod: 0.080202, t_ads: 54.3, t_des: 48.5, bed_util_ads: 0.498, bed_util_des: 0.497, des_th: 0.49724560595060924,frac_lost: 0.106, li_recovered:  8.246, time: 0.0046056240007601446
L: 0.50, u_super: 0.00063 — INFEASIBLE (li_recovered=0.000e+00), time: 0.0024161009987437865
L: 0.50, u_super: 0.00878, sec: 590.143, prod: 0.170168, t_ads: 22.2, t_des: 29.0, bed_util_ads: 0.453, bed_util_des: 0.452, des_th: 0.45230454097502093,frac_lost: 0.103, li_recovered:  8.713, time: 0.005332926000846783
L: 12.57, u_super: 0.00316 — INFEASIBLE (li_recovered=0.000e+00), time: 0.0017083599996112753
L: 4.78, u_super: 0.00398 — INFEASIBLE (li_recovered=0.000e+00), time: 0.002316140000402811
L: 0.50, u_super: 0.00350, sec: 190.116, prod: 0.078124, t_ads: 55.7, t_des: 49.1, bed_util_ads: 0.499, bed_util_des: 0.499, des_th: 0.4988715310503562,frac_lost: 0.108, li_recovered:  8.183, time: 0.004343708998931106
L: 0.50, u_super: 0.00094, sec: 55.292, prod: 0.018676, t_ads: 202.3, t_des: 235.7, bed_util_ads: 0.452, bed_util_des: 0.448, des_th: 0.44792273275749506,frac_lost: 0.106, li_recovered:  8.181, time: 0.005171113998585497
L: 0.50, u_super: 0.00309, sec: 166.338, prod: 0.069198, t_ads: 62.5, t_des: 57.7, bed_util_ads: 0.493, bed_util_des: 0.493, des_th: 0.49276983139843267,frac_lost: 0.102, li_recovered:  8.318, time: 0.0071677039995847736
L: 0.50, u_super: 0.00843, sec: 482.982, prod: 0.190911, t_ads: 23.2, t_des: 21.0, bed_util_ads: 0.499, bed_util_des: 0.499, des_th: 0.49903318097762916,frac_lost: 0.106, li_recovered:  8.438, time: 0.004916295998555142
L: 0.50, u_super: 0.00184, sec: 105.030, prod: 0.038209, t_ads: 104.9, t_des: 116.4, bed_util_ads: 0.466, bed_util_des: 0.464, des_th: 0.46440700025968157,frac_lost: 0.106, li_recovered:  8.453, time: 0.004855827000938007
L: 0.50, u_super: 0.00894, sec: 571.066, prod: 0.182627, t_ads: 21.9, t_des: 25.9, bed_util_ads: 0.466, bed_util_des: 0.465, des_th: 0.46513261876666373,frac_lost: 0.104, li_recovered:  8.712, time: 0.005371260998799698
L: 0.50, u_super: 0.00728, sec: 411.426, prod: 0.164397, t_ads: 26.9, t_des: 24.4, bed_util_ads: 0.499, bed_util_des: 0.499, des_th: 0.4992415510886554,frac_lost: 0.108, li_recovered:  8.433, time: 0.0049094280002464075
L: 0.50, u_super: 0.00398, sec: 217.135, prod: 0.089130, t_ads: 48.9, t_des: 43.2, bed_util_ads: 0.500, bed_util_des: 0.500, des_th: 0.49999851692515884,frac_lost: 0.107, li_recovered:  8.212, time: 0.005214266000621137
L: 6.53, u_super: 0.00568 — INFEASIBLE (li_recovered=0.000e+00), time: 0.002944862999356701
L: 0.50, u_super: 0.00896, sec: 516.678, prod: 0.202759, t_ads: 21.8, t_des: 20.0, bed_util_ads: 0.497, bed_util_des: 0.497, des_th: 0.49735149669080897,frac_lost: 0.107, li_recovered:  8.489, time: 0.004784789000041201
L: 0.50, u_super: 0.00194, sec: 103.886, prod: 0.042968, t_ads: 98.6, t_des: 89.9, bed_util_ads: 0.492, bed_util_des: 0.492, des_th: 0.49162553607373516,frac_lost: 0.100, li_recovered:  8.098, time: 0.005950219001533696
L: 0.50, u_super: 0.00422, sec: 230.495, prod: 0.095005, t_ads: 46.0, t_des: 41.7, bed_util_ads: 0.497, bed_util_des: 0.497, des_th: 0.49717172508926644,frac_lost: 0.106, li_recovered:  8.337, time: 0.005646359999445849
L: 0.50, u_super: 0.00948, sec: 602.704, prod: 0.196001, t_ads: 20.5, t_des: 23.9, bed_util_ads: 0.468, bed_util_des: 0.468, des_th: 0.4675742442908296,frac_lost: 0.102, li_recovered:  8.712, time: 0.006392898998456076
L: 0.50, u_super: 0.00476, sec: 260.893, prod: 0.107116, t_ads: 40.9, t_des: 37.8, bed_util_ads: 0.495, bed_util_des: 0.495, des_th: 0.49497352593006666,frac_lost: 0.105, li_recovered:  8.431, time: 0.005887847999474616
L: 0.50, u_super: 0.00535, sec: 295.699, prod: 0.120359, t_ads: 36.3, t_des: 34.5, bed_util_ads: 0.492, bed_util_des: 0.492, des_th: 0.49162553607373516,frac_lost: 0.102, li_recovered:  8.520, time: 0.007083215999955428
L: 26.00, u_super: 0.00358 — INFEASIBLE (li_recovered=0.000e+00), time: 0.00197076899894455
L: 0.50, u_super: 0.00550, sec: 2616.121, prod: 0.014443, t_ads: 35.5, t_des: 572.3, bed_util_ads: 0.190, bed_util_des: 0.185, des_th: 0.1851696623157332,frac_lost: 0.101, li_recovered:  8.778, time: 0.043322046998582664
L: 0.50, u_super: 0.00553, sec: 306.104, prod: 0.124989, t_ads: 35.1, t_des: 31.4, bed_util_ads: 0.499, bed_util_des: 0.499, des_th: 0.49927279402303903,frac_lost: 0.102, li_recovered:  8.313, time: 0.005889911000849679
L: 0.50, u_super: 0.00668, sec: 374.430, prod: 0.151217, t_ads: 29.0, t_des: 25.9, bed_util_ads: 0.500, bed_util_des: 0.500, des_th: 0.49953989251281256,frac_lost: 0.101, li_recovered:  8.311, time: 0.007517967000239878
L: 0.50, u_super: 0.00908, sec: 524.308, prod: 0.205528, t_ads: 21.6, t_des: 19.5, bed_util_ads: 0.499, bed_util_des: 0.499, des_th: 0.49934609905167493,frac_lost: 0.107, li_recovered:  8.444, time: 0.006616542001211201
L: 0.50, u_super: 0.00737, sec: 480.458, prod: 0.144785, t_ads: 26.5, t_des: 33.6, bed_util_ads: 0.457, bed_util_des: 0.456, des_th: 0.4558983473602911,frac_lost: 0.105, li_recovered:  8.703, time: 0.0080490420004935
L: 0.50, u_super: 0.00511, sec: 281.354, prod: 0.115188, t_ads: 38.0, t_des: 34.0, bed_util_ads: 0.500, bed_util_des: 0.500, des_th: 0.4996061667668575,frac_lost: 0.103, li_recovered:  8.293, time: 0.004464448998987791
L: 0.50, u_super: 0.00482, sec: 264.703, prod: 0.108598, t_ads: 40.3, t_des: 36.0, bed_util_ads: 0.499, bed_util_des: 0.499, des_th: 0.4993289236336393,frac_lost: 0.104, li_recovered:  8.289, time: 0.00500067999928433
   663 |    26520 |     40 |  0.0020471936 |             f
L: 0.50, u_super: 0.00454, sec: 249.209, prod: 0.101829, t_ads: 42.9, t_des: 40.5, bed_util_ads: 0.492, bed_util_des: 0.492, des_th: 0.4917157116614375,frac_lost: 0.106, li_recovered:  8.497, time: 0.004569036000248161
L: 0.50, u_super: 0.00018, sec: 22.384, prod: 0.001716, t_ads: 1068.7, t_des: 3791.9, bed_util_ads: 0.265, bed_util_des: 0.206, des_th: 0.20551304612081492,frac_lost: 0.102, li_recovered:  8.343, time: 0.01046935799968196
L: 0.50, u_super: 0.00546, sec: 301.554, prod: 0.123189, t_ads: 35.6, t_des: 31.8, bed_util_ads: 0.500, bed_util_des: 0.499, des_th: 0.49939899558360035,frac_lost: 0.102, li_recovered:  8.297, time: 0.004992660000425531
L: 8.74, u_super: 0.00879 — INFEASIBLE (li_recovered=0.000e+00), time: 0.003666092999992543
L: 0.50, u_super: 0.00875, sec: 795.732, prod: 0.125258, t_ads: 22.3, t_des: 47.4, bed_util_ads: 0.394, bed_util_des: 0.393, des_th: 0.3925432246222254,frac_lost: 0.103, li_recovered:  8.731, time: 0.006585727000128827
L: 0.50, u_super: 0.00269, sec: 144.765, prod: 0.059902, t_ads: 71.8, t_des: 64.1, bed_util_ads: 0.497, bed_util_des: 0.497, des_th: 0.4972146683365384,frac_lost: 0.103, li_recovered:  8.137, time: 0.004521842998656211
L: 0.50, u_super: 0.00373, sec: 203.179, prod: 0.083685, t_ads: 51.6, t_des: 45.4, bed_util_ads: 0.500, bed_util_des: 0.500, des_th: 0.4997040711877483,frac_lost: 0.100, li_recovered:  8.123, time: 0.003959694999139174
L: 0.50, u_super: 0.00237, sec: 128.222, prod: 0.052581, t_ads: 81.2, t_des: 78.5, bed_util_ads: 0.485, bed_util_des: 0.485, des_th: 0.4845393099867931,frac_lost: 0.103, li_recovered:  8.396, time: 0.005354036999051459
L: 0.50, u_super: 0.00703, sec: 395.604, prod: 0.159232, t_ads: 27.6, t_des: 24.6, bed_util_ads: 0.500, bed_util_des: 0.500, des_th: 0.4999874622710115,frac_lost: 0.101, li_recovered:  8.314, time: 0.004704400998889469
L: 0.50, u_super: 0.00390, sec: 212.723, prod: 0.087515, t_ads: 49.7, t_des: 43.9, bed_util_ads: 0.500, bed_util_des: 0.500, des_th: 0.49999851692515884,frac_lost: 0.104, li_recovered:  8.196, time: 0.00555623999935051
L: 54.01, u_super: 0.00451 — INFEASIBLE (li_recovered=0.000e+00), time: 0.001247534000867745
L: 0.50, u_super: 0.00802, sec: 529.347, prod: 0.156569, t_ads: 24.4, t_des: 31.2, bed_util_ads: 0.456, bed_util_des: 0.455, des_th: 0.45538930088180296,frac_lost: 0.106, li_recovered:  8.710, time: 0.006127615999503178
L: 0.50, u_super: 0.00830, sec: 474.645, prod: 0.187820, t_ads: 23.6, t_des: 21.4, bed_util_ads: 0.500, bed_util_des: 0.499, des_th: 0.49942078787405386,frac_lost: 0.106, li_recovered:  8.444, time: 0.005586380999375251
L: 0.50, u_super: 0.00738, sec: 418.173, prod: 0.166764, t_ads: 26.5, t_des: 23.7, bed_util_ads: 0.500, bed_util_des: 0.500, des_th: 0.49956613013126594,frac_lost: 0.108, li_recovered:  8.383, time: 0.004606436001267866
L: 44.41, u_super: 0.00268 — INFEASIBLE (li_recovered=0.000e+00), time: 0.0013424899989331607
L: 0.50, u_super: 0.00557, sec: 308.349, prod: 0.125722, t_ads: 34.8, t_des: 30.9, bed_util_ads: 0.500, bed_util_des: 0.500, des_th: 0.4999754975367131,frac_lost: 0.101, li_recovered:  8.259, time: 0.0047627980002289405
L: 21.72, u_super: 0.00989 — INFEASIBLE (li_recovered=0.000e+00), time: 0.0019506879998516524
L: 0.50, u_super: 0.00309, sec: 1535.588, prod: 0.007496, t_ads: 63.6, t_des: 1109.2, bed_util_ads: 0.182, bed_util_des: 0.173, des_th: 0.17343319639370455,frac_lost: 0.103, li_recovered:  8.791, time: 0.040119626000887365
L: 0.50, u_super: 0.00133, sec: 74.189, prod: 0.028260, t_ads: 142.2, t_des: 117.7, bed_util_ads: 0.499, bed_util_des: 0.499, des_th: 0.49937341289770265,frac_lost: 0.103, li_recovered:  7.347, time: 0.004898011999102891
L: 0.50, u_super: 0.00018, sec: 22.247, prod: 0.001727, t_ads: 1069.9, t_des: 3759.9, bed_util_ads: 0.266, bed_util_des: 0.207, des_th: 0.20663940396322222,frac_lost: 0.103, li_recovered:  8.341, time: 0.009608911001123488
L: 0.50, u_super: 0.00532, sec: 293.059, prod: 0.120203, t_ads: 36.4, t_des: 33.1, bed_util_ads: 0.498, bed_util_des: 0.497, des_th: 0.4973300154182209,frac_lost: 0.101, li_recovered:  8.362, time: 0.00472461800018209
L: 0.50, u_super: 0.00005, sec: 4.327, prod: 0.000669, t_ads: 3460.8, t_des: 5947.2, bed_util_ads: 0.252, bed_util_des: 0.183, des_th: 0.18285943252369105,frac_lost: 0.103, li_recovered:  6.295, time: 0.005265753999992739
L: 0.50, u_super: 0.00985, sec: 574.028, prod: 0.223409, t_ads: 19.8, t_des: 18.0, bed_util_ads: 0.500, bed_util_des: 0.500, des_th: 0.4995940908299685,frac_lost: 0.105, li_recovered:  8.444, time: 0.005139272998349043
L: 57.94, u_super: 0.00801 — INFEASIBLE (li_recovered=0.000e+00), time: 0.0019366819997230778
L: 0.50, u_super: 0.00350, sec: 207.282, prod: 0.071781, t_ads: 55.7, t_des: 64.3, bed_util_ads: 0.466, bed_util_des: 0.465, des_th: 0.46481456778583785,frac_lost: 0.107, li_recovered:  8.613, time: 0.005961921999187325
L: 0.50, u_super: 0.00839, sec: 479.882, prod: 0.189919, t_ads: 23.3, t_des: 20.9, bed_util_ads: 0.500, bed_util_des: 0.500, des_th: 0.49987148401437026,frac_lost: 0.105, li_recovered:  8.395, time: 0.0059027250008512056
L: 0.50, u_super: 0.00704, sec: 397.515, prod: 0.158867, t_ads: 27.9, t_des: 25.5, bed_util_ads: 0.497, bed_util_des: 0.497, des_th: 0.4970306154728802,frac_lost: 0.109, li_recovered:  8.481, time: 0.0050127180002164096
L: 0.50, u_super: 0.00194, sec: 105.743, prod: 0.042353, t_ads: 98.5, t_des: 84.0, bed_util_ads: 0.500, bed_util_des: 0.500, des_th: 0.4998444385209664,frac_lost: 0.101, li_recovered:  7.730, time: 0.0049394019988540094
L: 0.50, u_super: 0.00626, sec: 348.830, prod: 0.141746, t_ads: 31.0, t_des: 28.1, bed_util_ads: 0.498, bed_util_des: 0.498, des_th: 0.498203561919488,frac_lost: 0.102, li_recovered:  8.376, time: 0.004825763000553707
L: 0.50, u_super: 0.00597, sec: 331.962, prod: 0.135047, t_ads: 32.5, t_des: 29.0, bed_util_ads: 0.500, bed_util_des: 0.499, des_th: 0.4994352316630682,frac_lost: 0.101, li_recovered:  8.303, time: 0.004135701999985031
L: 0.50, u_super: 0.00144, sec: 88.026, prod: 0.027993, t_ads: 132.3, t_des: 167.6, bed_util_ads: 0.446, bed_util_des: 0.443, des_th: 0.4433951621870788,frac_lost: 0.101, li_recovered:  8.394, time: 0.008543852000002516
L: 0.50, u_super: 0.00963, sec: 559.637, prod: 0.218401, t_ads: 20.3, t_des: 18.4, bed_util_ads: 0.500, bed_util_des: 0.500, des_th: 0.4997638210588189,frac_lost: 0.105, li_recovered:  8.444, time: 0.0071530669993080664
L: 0.50, u_super: 0.00640, sec: 357.372, prod: 0.144594, t_ads: 30.4, t_des: 28.4, bed_util_ads: 0.495, bed_util_des: 0.495, des_th: 0.49497352593006666,frac_lost: 0.102, li_recovered:  8.499, time: 0.009241695999662625
L: 0.50, u_super: 0.00241, sec: 130.068, prod: 0.053320, t_ads: 80.2, t_des: 70.4, bed_util_ads: 0.498, bed_util_des: 0.497, des_th: 0.4972146683365384,frac_lost: 0.106, li_recovered:  8.035, time: 0.007810562001395738
L: 0.50, u_super: 0.00360, sec: 196.093, prod: 0.080581, t_ads: 54.0, t_des: 47.7, bed_util_ads: 0.500, bed_util_des: 0.499, des_th: 0.4995043625651558,frac_lost: 0.108, li_recovered:  8.201, time: 0.00747229700027674
L: 0.50, u_super: 0.00908, sec: 523.922, prod: 0.205679, t_ads: 21.5, t_des: 19.6, bed_util_ads: 0.500, bed_util_des: 0.499, des_th: 0.49951893233561256,frac_lost: 0.106, li_recovered:  8.450, time: 0.006618873001571046
L: 0.50, u_super: 0.00005 — INFEASIBLE (li_recovered=0.000e+00), time: 0.0020431989996723132
L: 0.50, u_super: 0.00422, sec: 230.538, prod: 0.094987, t_ads: 46.1, t_des: 41.7, bed_util_ads: 0.497, bed_util_des: 0.497, des_th: 0.49718132765525597,frac_lost: 0.106, li_recovered:  8.333, time: 0.007626708000316285
L: 0.50, u_super: 0.00535, sec: 296.097, prod: 0.120197, t_ads: 36.4, t_des: 34.6, bed_util_ads: 0.491, bed_util_des: 0.491, des_th: 0.4910643524429964,frac_lost: 0.103, li_recovered:  8.528, time: 0.008369928000320215
L: 0.50, u_super: 0.00422, sec: 230.495, prod: 0.095005, t_ads: 46.0, t_des: 41.7, bed_util_ads: 0.497, bed_util_des: 0.497, des_th: 0.49717172508926644,frac_lost: 0.106, li_recovered:  8.337, time: 0.005438566999146133
   664 |    26560 |     40 |  0.0043656993 |             f
L: 0.50, u_super: 0.00973, sec: 565.835, prod: 0.220538, t_ads: 20.1, t_des: 18.3, bed_util_ads: 0.500, bed_util_des: 0.499, des_th: 0.49943750832567146,frac_lost: 0.105, li_recovered:  8.457, time: 0.006934338000064599
L: 0.50, u_super: 0.00133, sec: 74.193, prod: 0.028226, t_ads: 142.4, t_des: 117.7, bed_util_ads: 0.499, bed_util_des: 0.499, des_th: 0.49872822110679144,frac_lost: 0.103, li_recovered:  7.342, time: 0.006291723999311216
L: 0.50, u_super: 0.00246, sec: 133.401, prod: 0.054530, t_ads: 78.1, t_des: 76.4, bed_util_ads: 0.485, bed_util_des: 0.484, des_th: 0.48420836358978686,frac_lost: 0.102, li_recovered:  8.427, time: 0.006938882999747875
L: 0.50, u_super: 0.00936, sec: 545.045, prod: 0.211111, t_ads: 20.9, t_des: 19.8, bed_util_ads: 0.493, bed_util_des: 0.493, des_th: 0.4927240054227164,frac_lost: 0.105, li_recovered:  8.595, time: 0.005389906000345945
L: 11.74, u_super: 0.00051 — INFEASIBLE (li_recovered=0.000e+00), time: 0.0009853640003711917
L: 0.50, u_super: 0.00093, sec: 54.355, prod: 0.018705, t_ads: 204.1, t_des: 232.6, bed_util_ads: 0.454, bed_util_des: 0.450, des_th: 0.4500494706062398,frac_lost: 0.107, li_recovered:  8.168, time: 0.0058103370010940125
L: 0.50, u_super: 0.00454, sec: 249.209, prod: 0.101829, t_ads: 42.9, t_des: 40.5, bed_util_ads: 0.492, bed_util_des: 0.492, des_th: 0.4917157116614375,frac_lost: 0.106, li_recovered:  8.497, time: 0.004990128998542787
L: 0.50, u_super: 0.00915, sec: 531.580, prod: 0.206308, t_ads: 21.4, t_des: 20.3, bed_util_ads: 0.493, bed_util_des: 0.493, des_th: 0.4929849956590844,frac_lost: 0.106, li_recovered:  8.594, time: 0.005578899001193349
L: 0.50, u_super: 0.00297, sec: 160.081, prod: 0.066251, t_ads: 65.0, t_des: 57.8, bed_util_ads: 0.498, bed_util_des: 0.497, des_th: 0.49735149669080897,frac_lost: 0.102, li_recovered:  8.137, time: 0.004580369000905193
L: 0.50, u_super: 0.00613, sec: 341.133, prod: 0.138494, t_ads: 31.7, t_des: 28.4, bed_util_ads: 0.499, bed_util_des: 0.499, des_th: 0.4993346707987672,frac_lost: 0.102, li_recovered:  8.315, time: 0.005729196000174852
L: 0.50, u_super: 0.00602, sec: 334.774, prod: 0.136099, t_ads: 32.2, t_des: 28.9, bed_util_ads: 0.500, bed_util_des: 0.499, des_th: 0.4994352316630682,frac_lost: 0.102, li_recovered:  8.321, time: 0.005226338000284159
L: 0.50, u_super: 0.00825, sec: 471.768, prod: 0.186540, t_ads: 23.7, t_des: 21.2, bed_util_ads: 0.500, bed_util_des: 0.500, des_th: 0.4999459779562339,frac_lost: 0.107, li_recovered:  8.385, time: 0.007309443000849569
L: 0.50, u_super: 0.00990, sec: 576.015, prod: 0.224810, t_ads: 19.7, t_des: 17.9, bed_util_ads: 0.500, bed_util_des: 0.499, des_th: 0.49941800771673645,frac_lost: 0.102, li_recovered:  8.443, time: 0.00711059000059322
L: 0.50, u_super: 0.00876, sec: 503.665, prod: 0.198582, t_ads: 22.3, t_des: 20.2, bed_util_ads: 0.499, bed_util_des: 0.499, des_th: 0.4992972941712061,frac_lost: 0.105, li_recovered:  8.441, time: 0.007930763998956536
L: 0.50, u_super: 0.00478, sec: 1964.574, prod: 0.014359, t_ads: 40.9, t_des: 570.3, bed_util_ads: 0.201, bed_util_des: 0.196, des_th: 0.1956760275925875,frac_lost: 0.101, li_recovered:  8.777, time: 0.04096064000077604
L: 0.50, u_super: 0.00045, sec: 26.174, prod: 0.009022, t_ads: 399.0, t_des: 413.3, bed_util_ads: 0.447, bed_util_des: 0.443, des_th: 0.4433429241086249,frac_lost: 0.102, li_recovered:  7.329, time: 0.0088848630002758
L: 0.50, u_super: 0.00703, sec: 395.571, prod: 0.159245, t_ads: 27.6, t_des: 24.7, bed_util_ads: 0.500, bed_util_des: 0.500, des_th: 0.49999532580492884,frac_lost: 0.101, li_recovered:  8.326, time: 0.007425581999996211
L: 0.63, u_super: 0.00098, sec: 72.326, prod: 0.019693, t_ads: 242.7, t_des: 273.7, bed_util_ads: 0.452, bed_util_des: 0.448, des_th: 0.44819308533961333,frac_lost: 0.105, li_recovered:  10.168, time: 0.006620632000704063
L: 0.50, u_super: 0.00547, sec: 301.965, prod: 0.123771, t_ads: 35.4, t_des: 32.2, bed_util_ads: 0.497, bed_util_des: 0.497, des_th: 0.4973300154182209,frac_lost: 0.101, li_recovered:  8.360, time: 0.004802172999916365
L: 0.50, u_super: 0.00792, sec: 451.682, prod: 0.179098, t_ads: 24.7, t_des: 22.1, bed_util_ads: 0.500, bed_util_des: 0.500, des_th: 0.4998334302925096,frac_lost: 0.108, li_recovered:  8.391, time: 0.005411226000433089
L: 0.50, u_super: 0.00011, sec: 12.520, prod: 0.001220, t_ads: 1692.8, t_des: 5009.2, bed_util_ads: 0.259, bed_util_des: 0.185, des_th: 0.1851696623157332,frac_lost: 0.103, li_recovered:  8.175, time: 0.011869370999193052
L: 0.50, u_super: 0.00153, sec: 84.285, prod: 0.032960, t_ads: 125.1, t_des: 105.3, bed_util_ads: 0.500, bed_util_des: 0.499, des_th: 0.49937341289770265,frac_lost: 0.108, li_recovered:  7.595, time: 0.0043669360002240865
L: 0.50, u_super: 0.00163, sec: 92.640, prod: 0.034033, t_ads: 117.0, t_des: 129.9, bed_util_ads: 0.466, bed_util_des: 0.464, des_th: 0.463842533603151,frac_lost: 0.100, li_recovered:  8.402, time: 0.00596279300043534
L: 0.50, u_super: 0.00422, sec: 231.010, prod: 0.094793, t_ads: 46.2, t_des: 41.1, bed_util_ads: 0.500, bed_util_des: 0.499, des_th: 0.4995230413071618,frac_lost: 0.108, li_recovered:  8.270, time: 0.004382694000014453
L: 17.54, u_super: 0.00830 — INFEASIBLE (li_recovered=0.000e+00), time: 0.0025422750004509
L: 0.50, u_super: 0.00018, sec: 22.247, prod: 0.001727, t_ads: 1069.9, t_des: 3759.9, bed_util_ads: 0.266, bed_util_des: 0.207, des_th: 0.20663940396322222,frac_lost: 0.103, li_recovered:  8.341, time: 0.01224348299911071
L: 7.19, u_super: 0.00382 — INFEASIBLE (li_recovered=0.000e+00), time: 0.0035002260010514874
L: 0.50, u_super: 0.00920, sec: 531.561, prod: 0.208300, t_ads: 21.3, t_des: 19.3, bed_util_ads: 0.499, bed_util_des: 0.499, des_th: 0.4988715310503562,frac_lost: 0.106, li_recovered:  8.445, time: 0.006407371998648159
L: 0.50, u_super: 0.00947, sec: 549.437, prod: 0.214725, t_ads: 20.6, t_des: 18.9, bed_util_ads: 0.498, bed_util_des: 0.497, des_th: 0.4974133272855539,frac_lost: 0.105, li_recovered:  8.496, time: 0.00788878799903614
L: 0.50, u_super: 0.00047, sec: 27.619, prod: 0.009368, t_ads: 377.8, t_des: 344.8, bed_util_ads: 0.465, bed_util_des: 0.464, des_th: 0.463842533603151,frac_lost: 0.101, li_recovered:  6.769, time: 0.004784314000062295
L: 0.50, u_super: 0.00199, sec: 108.246, prod: 0.043593, t_ads: 96.0, t_des: 82.3, bed_util_ads: 0.500, bed_util_des: 0.499, des_th: 0.49942536066886495,frac_lost: 0.101, li_recovered:  7.771, time: 0.004388500999993994
L: 0.50, u_super: 0.00908, sec: 523.922, prod: 0.205679, t_ads: 21.5, t_des: 19.6, bed_util_ads: 0.500, bed_util_des: 0.499, des_th: 0.49951893233561256,frac_lost: 0.106, li_recovered:  8.450, time: 0.005397408998760511
L: 0.50, u_super: 0.00965, sec: 560.588, prod: 0.218806, t_ads: 20.2, t_des: 18.6, bed_util_ads: 0.498, bed_util_des: 0.497, des_th: 0.49749168244076514,frac_lost: 0.104, li_recovered:  8.490, time: 0.00558038300005137
L: 0.50, u_super: 0.00006 — INFEASIBLE (li_recovered=0.000e+00), time: 0.0012558389989862917
L: 20.34, u_super: 0.00269 — INFEASIBLE (li_recovered=0.000e+00), time: 0.0008918210005504079
L: 0.50, u_super: 0.00557, sec: 308.470, prod: 0.125672, t_ads: 34.8, t_des: 30.9, bed_util_ads: 0.500, bed_util_des: 0.500, des_th: 0.4999877961819137,frac_lost: 0.101, li_recovered:  8.252, time: 0.00565718200050469
L: 0.50, u_super: 0.00418, sec: 228.124, prod: 0.094090, t_ads: 46.5, t_des: 42.1, bed_util_ads: 0.497, bed_util_des: 0.497, des_th: 0.496980765758488,frac_lost: 0.105, li_recovered:  8.337, time: 0.005126739000843372
L: 0.50, u_super: 0.00907, sec: 523.147, prod: 0.205383, t_ads: 21.6, t_des: 19.6, bed_util_ads: 0.500, bed_util_des: 0.499, des_th: 0.49941800771673645,frac_lost: 0.106, li_recovered:  8.445, time: 0.007785763998981565
L: 39.87, u_super: 0.00096 — INFEASIBLE (li_recovered=0.000e+00), time: 0.0009379710008943221
L: 0.50, u_super: 0.00908, sec: 523.679, prod: 0.205775, t_ads: 21.5, t_des: 19.3, bed_util_ads: 0.500, bed_util_des: 0.500, des_th: 0.49968781310020866,frac_lost: 0.104, li_recovered:  8.389, time: 0.00604392400055076
   665 |    26600 |     40 |  0.0030012082 |             f
L: 0.50, u_super: 0.00011 — INFEASIBLE (li_recovered=0.000e+00), time: 0.0012381710002955515
L: 0.50, u_super: 0.00398, sec: 217.077, prod: 0.089154, t_ads: 48.9, t_des: 43.1, bed_util_ads: 0.500, bed_util_des: 0.500, des_th: 0.4999989395582303,frac_lost: 0.106, li_recovered:  8.202, time: 0.004520783999396372
L: 38.43, u_super: 0.00877 — INFEASIBLE (li_recovered=0.000e+00), time: 0.0018572730004962068
L: 0.50, u_super: 0.00465, sec: 254.547, prod: 0.104693, t_ads: 41.8, t_des: 37.8, bed_util_ads: 0.497, bed_util_des: 0.497, des_th: 0.497218837721999,frac_lost: 0.104, li_recovered:  8.337, time: 0.004119897001146455
L: 0.50, u_super: 0.00637, sec: 355.980, prod: 0.144119, t_ads: 30.5, t_des: 28.3, bed_util_ads: 0.495, bed_util_des: 0.495, des_th: 0.49497352593006666,frac_lost: 0.103, li_recovered:  8.474, time: 0.004115480000109528
L: 0.50, u_super: 0.00093 — INFEASIBLE (li_recovered=0.000e+00), time: 0.0043542740004340885
L: 0.50, u_super: 0.00318, sec: 176.565, prod: 0.069221, t_ads: 61.2, t_des: 62.4, bed_util_ads: 0.481, bed_util_des: 0.480, des_th: 0.47990626671719416,frac_lost: 0.108, li_recovered:  8.560, time: 0.004886996001005173
L: 14.61, u_super: 0.00521 — INFEASIBLE (li_recovered=0.000e+00), time: 0.0017140439995273482
L: 0.50, u_super: 0.00452, sec: 247.507, prod: 0.101606, t_ads: 43.1, t_des: 38.4, bed_util_ads: 0.500, bed_util_des: 0.500, des_th: 0.49999532580492884,frac_lost: 0.106, li_recovered:  8.280, time: 0.005554979999942589
L: 20.65, u_super: 0.00198 — INFEASIBLE (li_recovered=0.000e+00), time: 0.0010274690012010979
L: 0.50, u_super: 0.00226, sec: 121.425, prod: 0.050192, t_ads: 85.5, t_des: 78.8, bed_util_ads: 0.492, bed_util_des: 0.492, des_th: 0.4917157116614375,frac_lost: 0.106, li_recovered:  8.247, time: 0.005241229000603198
L: 0.50, u_super: 0.00461, sec: 261.944, prod: 0.100269, t_ads: 42.1, t_des: 44.0, bed_util_ads: 0.479, bed_util_des: 0.478, des_th: 0.47837424656962385,frac_lost: 0.103, li_recovered:  8.627, time: 0.00975339099932171
L: 18.52, u_super: 0.00275 — INFEASIBLE (li_recovered=0.000e+00), time: 0.0015697779999754857
L: 16.48, u_super: 0.00795 — INFEASIBLE (li_recovered=0.000e+00), time: 0.002145713999198051
L: 0.50, u_super: 0.00968, sec: 566.101, prod: 0.218209, t_ads: 20.2, t_des: 19.2, bed_util_ads: 0.493, bed_util_des: 0.493, des_th: 0.4927450828662517,frac_lost: 0.106, li_recovered:  8.601, time: 0.006043105999196996
L: 33.22, u_super: 0.00350 — INFEASIBLE (li_recovered=0.000e+00), time: 0.001507773999037454
L: 0.50, u_super: 0.00093, sec: 51.294, prod: 0.019821, t_ads: 202.0, t_des: 180.1, bed_util_ads: 0.485, bed_util_des: 0.484, des_th: 0.48435105930737365,frac_lost: 0.106, li_recovered:  7.575, time: 0.005647836000207462
L: 0.50, u_super: 0.00813, sec: 4018.467, prod: 0.021277, t_ads: 24.1, t_des: 388.5, bed_util_ads: 0.191, bed_util_des: 0.187, des_th: 0.18743122791424804,frac_lost: 0.103, li_recovered:  8.779, time: 0.039570650000314345
L: 0.50, u_super: 0.00608, sec: 405.935, prod: 0.114483, t_ads: 31.9, t_des: 43.9, bed_util_ads: 0.446, bed_util_des: 0.445, des_th: 0.4449129289500574,frac_lost: 0.100, li_recovered:  8.685, time: 0.009024973000123282
L: 0.50, u_super: 0.00988, sec: 575.342, prod: 0.224235, t_ads: 19.7, t_des: 17.8, bed_util_ads: 0.500, bed_util_des: 0.499, des_th: 0.49941800771673645,frac_lost: 0.103, li_recovered:  8.407, time: 0.005394815998442937
L: 0.50, u_super: 0.00682, sec: 398.565, prod: 0.148357, t_ads: 28.7, t_des: 29.8, bed_util_ads: 0.482, bed_util_des: 0.482, des_th: 0.48189112354023583,frac_lost: 0.108, li_recovered:  8.678, time: 0.006301212000835221
L: 0.50, u_super: 0.00832, sec: 476.608, prod: 0.188266, t_ads: 23.5, t_des: 21.8, bed_util_ads: 0.496, bed_util_des: 0.496, des_th: 0.49631049312297787,frac_lost: 0.105, li_recovered:  8.521, time: 0.006937221000043792
L: 0.50, u_super: 0.00147, sec: 87.079, prod: 0.029316, t_ads: 130.2, t_des: 156.0, bed_util_ads: 0.454, bed_util_des: 0.452, des_th: 0.4517513749549143,frac_lost: 0.103, li_recovered:  8.391, time: 0.0069841830008954275
L: 0.50, u_super: 0.00735, sec: 420.704, prod: 0.164247, t_ads: 26.6, t_des: 25.9, bed_util_ads: 0.490, bed_util_des: 0.490, des_th: 0.4895520558843112,frac_lost: 0.108, li_recovered:  8.624, time: 0.006089836000683135
L: 0.50, u_super: 0.00738, sec: 418.173, prod: 0.166764, t_ads: 26.5, t_des: 23.7, bed_util_ads: 0.500, bed_util_des: 0.500, des_th: 0.49956613013126594,frac_lost: 0.108, li_recovered:  8.383, time: 0.004408510998473503
L: 0.50, u_super: 0.00698, sec: 393.354, prod: 0.157446, t_ads: 28.1, t_des: 25.2, bed_util_ads: 0.500, bed_util_des: 0.500, des_th: 0.4995655666347323,frac_lost: 0.109, li_recovered:  8.385, time: 0.0046514590012520785
L: 0.50, u_super: 0.00138, sec: 76.334, prod: 0.029585, t_ads: 136.7, t_des: 115.2, bed_util_ads: 0.497, bed_util_des: 0.497, des_th: 0.49710937670697475,frac_lost: 0.100, li_recovered:  7.452, time: 0.0045415320000756765
L: 0.50, u_super: 0.00005, sec: 4.332, prod: 0.000668, t_ads: 3399.4, t_des: 5772.9, bed_util_ads: 0.251, bed_util_des: 0.185, des_th: 0.1851696623157332,frac_lost: 0.100, li_recovered:  6.129, time: 0.005951810000624391
L: 0.50, u_super: 0.00703, sec: 394.712, prod: 0.159281, t_ads: 27.6, t_des: 25.3, bed_util_ads: 0.497, bed_util_des: 0.497, des_th: 0.4973300154182209,frac_lost: 0.101, li_recovered:  8.431, time: 0.004319942001529853
L: 0.50, u_super: 0.00129, sec: 71.623, prod: 0.027255, t_ads: 147.3, t_des: 122.2, bed_util_ads: 0.499, bed_util_des: 0.499, des_th: 0.49872822110679144,frac_lost: 0.104, li_recovered:  7.346, time: 0.004547856000499451
L: 2.21, u_super: 0.00453, sec: 1150.073, prod: 0.097090, t_ads: 183.8, t_des: 164.0, bed_util_ads: 0.487, bed_util_des: 0.486, des_th: 0.48595531256311564,frac_lost: 0.104, li_recovered:  33.766, time: 0.004108061999431811
L: 0.50, u_super: 0.00455, sec: 249.491, prod: 0.102484, t_ads: 42.8, t_des: 38.6, bed_util_ads: 0.497, bed_util_des: 0.497, des_th: 0.4971563115172493,frac_lost: 0.106, li_recovered:  8.336, time: 0.004277509000530699
L: 7.83, u_super: 0.00526 — INFEASIBLE (li_recovered=0.000e+00), time: 0.0024487539994879626
L: 0.50, u_super: 0.00988, sec: 575.062, prod: 0.224145, t_ads: 19.7, t_des: 17.9, bed_util_ads: 0.499, bed_util_des: 0.499, des_th: 0.49927440799906114,frac_lost: 0.104, li_recovered:  8.441, time: 0.004116439000426908
L: 0.50, u_super: 0.00309, sec: 167.405, prod: 0.068903, t_ads: 62.5, t_des: 54.8, bed_util_ads: 0.499, bed_util_des: 0.499, des_th: 0.49903318097762916,frac_lost: 0.102, li_recovered:  8.081, time: 0.003846499999781372
L: 6.16, u_super: 0.00735 — INFEASIBLE (li_recovered=0.000e+00), time: 0.0020962649996363325
L: 0.50, u_super: 0.00613, sec: 340.925, prod: 0.138578, t_ads: 31.6, t_des: 28.3, bed_util_ads: 0.499, bed_util_des: 0.499, des_th: 0.49925160008174996,frac_lost: 0.100, li_recovered:  8.302, time: 0.0063018149994604755
L: 0.50, u_super: 0.00710, sec: 399.115, prod: 0.160887, t_ads: 27.3, t_des: 24.7, bed_util_ads: 0.500, bed_util_des: 0.499, des_th: 0.49942353325447775,frac_lost: 0.100, li_recovered:  8.370, time: 0.004079133001141599
L: 0.50, u_super: 0.00241, sec: 130.487, prod: 0.053190, t_ads: 80.2, t_des: 69.5, bed_util_ads: 0.500, bed_util_des: 0.500, des_th: 0.4999052563149017,frac_lost: 0.105, li_recovered:  7.960, time: 0.004481738000322366
L: 0.50, u_super: 0.00258, sec: 140.316, prod: 0.057131, t_ads: 74.8, t_des: 64.6, bed_util_ads: 0.500, bed_util_des: 0.500, des_th: 0.49961762037268814,frac_lost: 0.106, li_recovered:  7.962, time: 0.004099691001101746
   666 |    26640 |     40 |  0.0021848696 |             f
L: 0.50, u_super: 0.00381, sec: 207.845, prod: 0.085424, t_ads: 51.0, t_des: 45.0, bed_util_ads: 0.500, bed_util_des: 0.500, des_th: 0.4997040711877483,frac_lost: 0.106, li_recovered:  8.202, time: 0.005433518999780063
L: 60.32, u_super: 0.00976 — INFEASIBLE (li_recovered=0.000e+00), time: 0.0011587740009417757
L: 0.50, u_super: 0.00553, sec: 305.652, prod: 0.125000, t_ads: 35.0, t_des: 31.4, bed_util_ads: 0.499, bed_util_des: 0.499, des_th: 0.4991839551570327,frac_lost: 0.101, li_recovered:  8.304, time: 0.006327750999844284
L: 0.50, u_super: 0.00050, sec: 29.297, prod: 0.010094, t_ads: 356.7, t_des: 322.5, bed_util_ads: 0.469, bed_util_des: 0.468, des_th: 0.46817920984389677,frac_lost: 0.102, li_recovered:  6.856, time: 0.0055927169996721204
L: 0.50, u_super: 0.00093, sec: 52.801, prod: 0.019255, t_ads: 201.8, t_des: 166.7, bed_util_ads: 0.495, bed_util_des: 0.494, des_th: 0.4946353221258592,frac_lost: 0.107, li_recovered:  7.095, time: 0.005830812000567676
L: 0.50, u_super: 0.00962, sec: 612.446, prod: 0.198830, t_ads: 20.3, t_des: 23.6, bed_util_ads: 0.467, bed_util_des: 0.467, des_th: 0.4671283981232932,frac_lost: 0.103, li_recovered:  8.713, time: 0.006134789000498131
L: 7.37, u_super: 0.00738 — INFEASIBLE (li_recovered=0.000e+00), time: 0.0038551840007130522
L: 0.50, u_super: 0.00928, sec: 610.338, prod: 0.184992, t_ads: 21.0, t_des: 26.1, bed_util_ads: 0.460, bed_util_des: 0.460, des_th: 0.4595563025603796,frac_lost: 0.103, li_recovered:  8.714, time: 0.009206032000292907
L: 0.50, u_super: 0.00005, sec: 4.324, prod: 0.000670, t_ads: 3435.3, t_des: 5866.2, bed_util_ads: 0.253, bed_util_des: 0.184, des_th: 0.1851696623157332,frac_lost: 0.103, li_recovered:  6.228, time: 0.008944225999584887
L: 0.50, u_super: 0.00580, sec: 321.472, prod: 0.131113, t_ads: 33.4, t_des: 29.9, bed_util_ads: 0.500, bed_util_des: 0.500, des_th: 0.49995218447586415,frac_lost: 0.101, li_recovered:  8.303, time: 0.005187707000004593
L: 0.50, u_super: 0.00502, sec: 277.506, prod: 0.112791, t_ads: 38.6, t_des: 37.0, bed_util_ads: 0.491, bed_util_des: 0.491, des_th: 0.49058361532021905,frac_lost: 0.103, li_recovered:  8.534, time: 0.005971737000436406
L: 0.50, u_super: 0.00990, sec: 576.944, prod: 0.224447, t_ads: 19.7, t_des: 17.9, bed_util_ads: 0.499, bed_util_des: 0.499, des_th: 0.4990200815959315,frac_lost: 0.105, li_recovered:  8.458, time: 0.005565794001086033
L: 0.50, u_super: 0.00351, sec: 190.542, prod: 0.078467, t_ads: 55.4, t_des: 49.0, bed_util_ads: 0.499, bed_util_des: 0.499, des_th: 0.49911492330295315,frac_lost: 0.106, li_recovered:  8.191, time: 0.004450729000382125
L: 0.50, u_super: 0.00526, sec: 2458.447, prod: 0.014017, t_ads: 37.2, t_des: 589.2, bed_util_ads: 0.191, bed_util_des: 0.186, des_th: 0.18611104494874822,frac_lost: 0.101, li_recovered:  8.780, time: 0.0408058679986425
L: 0.50, u_super: 0.00166, sec: 89.582, prod: 0.036613, t_ads: 114.6, t_des: 110.6, bed_util_ads: 0.482, bed_util_des: 0.482, des_th: 0.4815747051091425,frac_lost: 0.101, li_recovered:  8.246, time: 0.005433628999526263
L: 0.50, u_super: 0.00051, sec: 29.107, prod: 0.010272, t_ads: 355.8, t_des: 334.4, bed_util_ads: 0.464, bed_util_des: 0.462, des_th: 0.46167663055776,frac_lost: 0.102, li_recovered:  7.090, time: 0.0054708320003555855
L: 0.50, u_super: 0.00793, sec: 450.711, prod: 0.179809, t_ads: 24.5, t_des: 22.1, bed_util_ads: 0.500, bed_util_des: 0.499, des_th: 0.499407105180981,frac_lost: 0.102, li_recovered:  8.382, time: 0.0049927960008062655
L: 0.50, u_super: 0.00876, sec: 555.347, prod: 0.180102, t_ads: 22.3, t_des: 26.1, bed_util_ads: 0.466, bed_util_des: 0.466, des_th: 0.4659249307874487,frac_lost: 0.103, li_recovered:  8.709, time: 0.006306496999968658
L: 0.50, u_super: 0.00264, sec: 142.966, prod: 0.058504, t_ads: 72.9, t_des: 63.3, bed_util_ads: 0.500, bed_util_des: 0.499, des_th: 0.49942536066886495,frac_lost: 0.102, li_recovered:  7.969, time: 0.00449715099966852
L: 0.50, u_super: 0.00681, sec: 382.496, prod: 0.154172, t_ads: 28.5, t_des: 25.5, bed_util_ads: 0.500, bed_util_des: 0.500, des_th: 0.49953989251281256,frac_lost: 0.102, li_recovered:  8.324, time: 0.005350475001250743
L: 0.50, u_super: 0.00809, sec: 461.665, prod: 0.183236, t_ads: 24.1, t_des: 21.9, bed_util_ads: 0.499, bed_util_des: 0.499, des_th: 0.49927440799906114,frac_lost: 0.106, li_recovered:  8.440, time: 0.004904884001007304
L: 0.50, u_super: 0.00016, sec: 20.968, prod: 0.001473, t_ads: 1203.5, t_des: 4527.8, bed_util_ads: 0.256, bed_util_des: 0.189, des_th: 0.189262513815783,frac_lost: 0.102, li_recovered:  8.445, time: 0.012255325998921762
L: 0.50, u_super: 0.00191, sec: 109.451, prod: 0.039725, t_ads: 100.8, t_des: 112.3, bed_util_ads: 0.465, bed_util_des: 0.464, des_th: 0.463842533603151,frac_lost: 0.105, li_recovered:  8.465, time: 0.006423745999200037
L: 0.50, u_super: 0.00597, sec: 331.962, prod: 0.135047, t_ads: 32.5, t_des: 29.0, bed_util_ads: 0.500, bed_util_des: 0.499, des_th: 0.4994352316630682,frac_lost: 0.101, li_recovered:  8.303, time: 0.006181071001265082
L: 30.76, u_super: 0.00498 — INFEASIBLE (li_recovered=0.000e+00), time: 0.001076520999049535
L: 0.50, u_super: 0.00843, sec: 483.395, prod: 0.190748, t_ads: 23.2, t_des: 21.0, bed_util_ads: 0.499, bed_util_des: 0.499, des_th: 0.4990266668706245,frac_lost: 0.108, li_recovered:  8.441, time: 0.0047536879992549075
L: 0.50, u_super: 0.00947, sec: 549.087, prod: 0.214652, t_ads: 20.6, t_des: 18.7, bed_util_ads: 0.499, bed_util_des: 0.499, des_th: 0.4988715310503562,frac_lost: 0.105, li_recovered:  8.452, time: 0.0052774779996980214
L: 0.50, u_super: 0.00398, sec: 217.141, prod: 0.089128, t_ads: 48.8, t_des: 43.0, bed_util_ads: 0.500, bed_util_des: 0.500, des_th: 0.4999994940851807,frac_lost: 0.105, li_recovered:  8.186, time: 0.004650979999496485
L: 0.50, u_super: 0.00859, sec: 492.921, prod: 0.194352, t_ads: 22.8, t_des: 20.6, bed_util_ads: 0.500, bed_util_des: 0.500, des_th: 0.4999754975367131,frac_lost: 0.107, li_recovered:  8.439, time: 0.005260375000943895
L: 0.50, u_super: 0.00206, sec: 111.200, prod: 0.045322, t_ads: 93.8, t_des: 90.7, bed_util_ads: 0.485, bed_util_des: 0.484, des_th: 0.4843349757600935,frac_lost: 0.106, li_recovered:  8.365, time: 0.00457010900026944
L: 30.29, u_super: 0.00875 — INFEASIBLE (li_recovered=0.000e+00), time: 0.0020755760015163105
L: 0.50, u_super: 0.00464, sec: 254.192, prod: 0.104314, t_ads: 42.0, t_des: 37.8, bed_util_ads: 0.499, bed_util_des: 0.499, des_th: 0.4988667267331804,frac_lost: 0.106, li_recovered:  8.328, time: 0.00457419799931813
L: 0.50, u_super: 0.00046 — INFEASIBLE (li_recovered=0.000e+00), time: 0.0024093319989333395
L: 0.50, u_super: 0.00951, sec: 659.117, prod: 0.180385, t_ads: 20.5, t_des: 27.9, bed_util_ads: 0.448, bed_util_des: 0.448, des_th: 0.4478348058597475,frac_lost: 0.102, li_recovered:  8.717, time: 0.00653214200065122
L: 0.50, u_super: 0.00896, sec: 516.625, prod: 0.202780, t_ads: 21.8, t_des: 20.0, bed_util_ads: 0.498, bed_util_des: 0.498, des_th: 0.49765715181905346,frac_lost: 0.106, li_recovered:  8.487, time: 0.006081543999243877
L: 0.50, u_super: 0.00680, sec: 412.710, prod: 0.142091, t_ads: 28.8, t_des: 32.4, bed_util_ads: 0.471, bed_util_des: 0.471, des_th: 0.47092780042311444,frac_lost: 0.106, li_recovered:  8.690, time: 0.006959480999285006
L: 0.50, u_super: 0.00597, sec: 331.908, prod: 0.134748, t_ads: 32.6, t_des: 29.1, bed_util_ads: 0.500, bed_util_des: 0.500, des_th: 0.49986155018130174,frac_lost: 0.103, li_recovered:  8.311, time: 0.006254369000089355
L: 0.50, u_super: 0.00269, sec: 144.765, prod: 0.059902, t_ads: 71.8, t_des: 64.1, bed_util_ads: 0.497, bed_util_des: 0.497, des_th: 0.4972146683365384,frac_lost: 0.103, li_recovered:  8.137, time: 0.006611090000660624
L: 0.50, u_super: 0.00117, sec: 63.333, prod: 0.025328, t_ads: 162.8, t_des: 149.6, bed_util_ads: 0.485, bed_util_des: 0.484, des_th: 0.48435105930737365,frac_lost: 0.106, li_recovered:  7.912, time: 0.005637930000375491
L: 0.50, u_super: 0.00008, sec: 7.546, prod: 0.001007, t_ads: 2309.7, t_des: 5221.1, bed_util_ads: 0.259, bed_util_des: 0.185, des_th: 0.1851696623157332,frac_lost: 0.101, li_recovered:  7.582, time: 0.010051961999124615
   667 |    26680 |     40 |  0.0055250036 |             f
L: 0.50, u_super: 0.00074 — INFEASIBLE (li_recovered=0.000e+00), time: 0.0032485209994774777
L: 0.50, u_super: 0.00978, sec: 572.096, prod: 0.220637, t_ads: 20.0, t_des: 19.0, bed_util_ads: 0.493, bed_util_des: 0.493, des_th: 0.4927450828662517,frac_lost: 0.105, li_recovered:  8.599, time: 0.004687407999881543
L: 0.50, u_super: 0.00264, sec: 143.028, prod: 0.058479, t_ads: 73.1, t_des: 63.4, bed_util_ads: 0.500, bed_util_des: 0.499, des_th: 0.4994273150411942,frac_lost: 0.103, li_recovered:  7.982, time: 0.0049700540002959315
L: 34.91, u_super: 0.00726 — INFEASIBLE (li_recovered=0.000e+00), time: 0.0015936550007609185
L: 0.50, u_super: 0.00891, sec: 513.727, prod: 0.201567, t_ads: 22.0, t_des: 19.9, bed_util_ads: 0.499, bed_util_des: 0.499, des_th: 0.4988715310503562,frac_lost: 0.108, li_recovered:  8.449, time: 0.004091854001671891
L: 0.50, u_super: 0.00668, sec: 374.179, prod: 0.151319, t_ads: 29.0, t_des: 26.0, bed_util_ads: 0.499, bed_util_des: 0.499, des_th: 0.4992447571396638,frac_lost: 0.100, li_recovered:  8.321, time: 0.004642268999305088
L: 0.50, u_super: 0.00099 — INFEASIBLE (li_recovered=0.000e+00), time: 0.002876067001125193
L: 0.50, u_super: 0.00318, sec: 172.067, prod: 0.071031, t_ads: 61.3, t_des: 56.7, bed_util_ads: 0.494, bed_util_des: 0.494, des_th: 0.4936739417945775,frac_lost: 0.109, li_recovered:  8.376, time: 0.004949345000568428
L: 0.50, u_super: 0.00532, sec: 298.954, prod: 0.117832, t_ads: 36.5, t_des: 36.7, bed_util_ads: 0.485, bed_util_des: 0.485, des_th: 0.4847837245413272,frac_lost: 0.101, li_recovered:  8.616, time: 0.0062485119997290894
L: 0.50, u_super: 0.00763, sec: 432.883, prod: 0.172412, t_ads: 25.6, t_des: 23.0, bed_util_ads: 0.500, bed_util_des: 0.500, des_th: 0.49966308332510184,frac_lost: 0.106, li_recovered:  8.380, time: 0.005254196001260425
L: 0.50, u_super: 0.00811, sec: 462.464, prod: 0.183459, t_ads: 24.1, t_des: 21.9, bed_util_ads: 0.499, bed_util_des: 0.499, des_th: 0.49861510015698846,frac_lost: 0.106, li_recovered:  8.435, time: 0.0065372669996577315
L: 0.50, u_super: 0.00668, sec: 374.243, prod: 0.151293, t_ads: 29.0, t_des: 26.0, bed_util_ads: 0.500, bed_util_des: 0.500, des_th: 0.49953915791819425,frac_lost: 0.100, li_recovered:  8.318, time: 0.0053155099994910415
L: 11.86, u_super: 0.00493, sec: 17258.981, prod: 0.041444, t_ads: 944.6, t_des: 3926.0, bed_util_ads: 0.257, bed_util_des: 0.198, des_th: 0.1983879767058091,frac_lost: 0.102, li_recovered:  201.857, time: 0.01250746900041122
L: 0.50, u_super: 0.00044, sec: 25.898, prod: 0.008621, t_ads: 406.3, t_des: 371.1, bed_util_ads: 0.463, bed_util_des: 0.461, des_th: 0.46167663055776,frac_lost: 0.104, li_recovered:  6.702, time: 0.005680722000761307
L: 0.50, u_super: 0.00970, sec: 564.119, prod: 0.219845, t_ads: 20.1, t_des: 18.7, bed_util_ads: 0.496, bed_util_des: 0.496, des_th: 0.49557836520494597,frac_lost: 0.103, li_recovered:  8.529, time: 0.005031840999436099
L: 0.50, u_super: 0.00990, sec: 577.158, prod: 0.224304, t_ads: 19.8, t_des: 18.2, bed_util_ads: 0.498, bed_util_des: 0.498, des_th: 0.49803353759718394,frac_lost: 0.106, li_recovered:  8.502, time: 0.0055040440001903335
L: 4.08, u_super: 0.00894 — INFEASIBLE (li_recovered=0.000e+00), time: 0.0027009469995391555
L: 0.50, u_super: 0.00125, sec: 67.458, prod: 0.027182, t_ads: 152.4, t_des: 141.6, bed_util_ads: 0.485, bed_util_des: 0.484, des_th: 0.4843211322956051,frac_lost: 0.105, li_recovered:  7.992, time: 0.00488297700030671
L: 77.42, u_super: 0.00532 — INFEASIBLE (li_recovered=0.000e+00), time: 0.0012184679999336367
L: 0.50, u_super: 0.00412, sec: 225.062, prod: 0.092402, t_ads: 47.2, t_des: 41.6, bed_util_ads: 0.500, bed_util_des: 0.500, des_th: 0.4999858613253679,frac_lost: 0.105, li_recovered:  8.202, time: 0.004461710999748902
L: 0.50, u_super: 0.00825, sec: 471.840, prod: 0.186512, t_ads: 23.7, t_des: 21.2, bed_util_ads: 0.500, bed_util_des: 0.500, des_th: 0.49995342330300907,frac_lost: 0.107, li_recovered:  8.385, time: 0.004302088000258664
L: 0.50, u_super: 0.00018, sec: 18.769, prod: 0.001923, t_ads: 1084.9, t_des: 3115.3, bed_util_ads: 0.284, bed_util_des: 0.229, des_th: 0.2293325937828384,frac_lost: 0.104, li_recovered:  8.078, time: 0.010372406999522354
L: 0.50, u_super: 0.00613, sec: 341.611, prod: 0.138300, t_ads: 31.8, t_des: 28.3, bed_util_ads: 0.500, bed_util_des: 0.500, des_th: 0.499546735454897,frac_lost: 0.105, li_recovered:  8.317, time: 0.005429587999969954
L: 0.50, u_super: 0.00496, sec: 313.000, prod: 0.097446, t_ads: 39.1, t_des: 49.8, bed_util_ads: 0.455, bed_util_des: 0.454, des_th: 0.4539900260868203,frac_lost: 0.101, li_recovered:  8.660, time: 0.0055473020001954865
L: 0.50, u_super: 0.00896, sec: 517.348, prod: 0.202656, t_ads: 21.9, t_des: 20.1, bed_util_ads: 0.498, bed_util_des: 0.498, des_th: 0.49765715181905346,frac_lost: 0.108, li_recovered:  8.501, time: 0.00512208600048325
L: 0.50, u_super: 0.00297, sec: 163.305, prod: 0.064944, t_ads: 65.0, t_des: 66.4, bed_util_ads: 0.481, bed_util_des: 0.480, des_th: 0.47996807077945447,frac_lost: 0.100, li_recovered:  8.529, time: 0.005188393000935321
L: 0.50, u_super: 0.00093 — INFEASIBLE (li_recovered=0.000e+00), time: 0.0030733210005564615
L: 0.50, u_super: 0.00501, sec: 299.399, prod: 0.103976, t_ads: 38.8, t_des: 44.5, bed_util_ads: 0.468, bed_util_des: 0.467, des_th: 0.46706128178444495,frac_lost: 0.102, li_recovered:  8.656, time: 0.005518440000741975
L: 0.50, u_super: 0.00620, sec: 416.328, prod: 0.116359, t_ads: 31.6, t_des: 43.1, bed_util_ads: 0.447, bed_util_des: 0.447, des_th: 0.44659652744208217,frac_lost: 0.108, li_recovered:  8.697, time: 0.005951216000539716
L: 8.00, u_super: 0.00005 — INFEASIBLE (li_recovered=0.000e+00), time: 0.0009487370007263962
L: 0.50, u_super: 0.00211, sec: 115.315, prod: 0.046186, t_ads: 91.3, t_des: 91.2, bed_util_ads: 0.481, bed_util_des: 0.480, des_th: 0.47990626671719416,frac_lost: 0.106, li_recovered:  8.429, time: 0.0049255009998887544
L: 18.66, u_super: 0.00918 — INFEASIBLE (li_recovered=0.000e+00), time: 0.0023481030002585612
L: 28.32, u_super: 0.00450 — INFEASIBLE (li_recovered=0.000e+00), time: 0.0010260340004606405
L: 42.59, u_super: 0.00104 — INFEASIBLE (li_recovered=0.000e+00), time: 0.0011561450010049157
L: 0.50, u_super: 0.00896, sec: 516.238, prod: 0.203099, t_ads: 21.8, t_des: 20.0, bed_util_ads: 0.498, bed_util_des: 0.498, des_th: 0.49765715181905346,frac_lost: 0.104, li_recovered:  8.484, time: 0.005741499000578187
L: 0.50, u_super: 0.00751, sec: 425.182, prod: 0.169963, t_ads: 25.9, t_des: 24.2, bed_util_ads: 0.495, bed_util_des: 0.495, des_th: 0.49503745870010674,frac_lost: 0.102, li_recovered:  8.517, time: 0.004357867999715381
L: 0.50, u_super: 0.00532, sec: 323.336, prod: 0.108947, t_ads: 36.5, t_des: 43.0, bed_util_ads: 0.464, bed_util_des: 0.463, des_th: 0.46348383046431113,frac_lost: 0.101, li_recovered:  8.663, time: 0.005631691999951727
L: 0.50, u_super: 0.00939, sec: 543.592, prod: 0.212807, t_ads: 20.8, t_des: 18.9, bed_util_ads: 0.499, bed_util_des: 0.499, des_th: 0.49880755882191075,frac_lost: 0.105, li_recovered:  8.442, time: 0.00518289100000402
L: 0.50, u_super: 0.00226, sec: 121.389, prod: 0.050206, t_ads: 85.4, t_des: 77.9, bed_util_ads: 0.493, bed_util_des: 0.493, des_th: 0.492724629011473,frac_lost: 0.105, li_recovered:  8.197, time: 0.004770830000779824
L: 0.50, u_super: 0.00068 — INFEASIBLE (li_recovered=0.000e+00), time: 0.002413436999631813
   668 |    26720 |     40 |  0.0023969786 |             f
L: 0.50, u_super: 0.00506, sec: 278.360, prod: 0.114123, t_ads: 38.4, t_des: 34.7, bed_util_ads: 0.499, bed_util_des: 0.499, des_th: 0.4988936788756467,frac_lost: 0.104, li_recovered:  8.343, time: 0.004427551000844687
L: 0.50, u_super: 0.00465, sec: 254.528, prod: 0.104701, t_ads: 41.8, t_des: 37.8, bed_util_ads: 0.498, bed_util_des: 0.497, des_th: 0.49743568637379626,frac_lost: 0.104, li_recovered:  8.335, time: 0.005249211000773357
L: 0.50, u_super: 0.00161, sec: 88.261, prod: 0.034651, t_ads: 119.3, t_des: 100.5, bed_util_ads: 0.500, bed_util_des: 0.499, des_th: 0.49937341289770265,frac_lost: 0.107, li_recovered:  7.615, time: 0.004328011998950387
L: 0.50, u_super: 0.00404, sec: 220.131, prod: 0.090908, t_ads: 48.0, t_des: 43.4, bed_util_ads: 0.498, bed_util_des: 0.497, des_th: 0.4973300154182209,frac_lost: 0.105, li_recovered:  8.316, time: 0.00442526200095017
L: 0.50, u_super: 0.00947, sec: 549.031, prod: 0.214674, t_ads: 20.6, t_des: 18.7, bed_util_ads: 0.499, bed_util_des: 0.499, des_th: 0.4988715310503562,frac_lost: 0.105, li_recovered:  8.445, time: 0.004611083000781946
L: 27.80, u_super: 0.00440 — INFEASIBLE (li_recovered=0.000e+00), time: 0.0010652990004018648
L: 0.50, u_super: 0.00319, sec: 172.869, prod: 0.071392, t_ads: 60.5, t_des: 53.6, bed_util_ads: 0.499, bed_util_des: 0.498, des_th: 0.498377180280876,frac_lost: 0.103, li_recovered:  8.148, time: 0.004182070999377174
L: 0.50, u_super: 0.00700, sec: 394.572, prod: 0.157972, t_ads: 28.0, t_des: 25.1, bed_util_ads: 0.500, bed_util_des: 0.499, des_th: 0.49941800771673645,frac_lost: 0.108, li_recovered:  8.389, time: 0.007173085999966133
L: 0.50, u_super: 0.00859, sec: 493.142, prod: 0.194265, t_ads: 22.8, t_des: 20.7, bed_util_ads: 0.500, bed_util_des: 0.500, des_th: 0.4999883601242475,frac_lost: 0.108, li_recovered:  8.449, time: 0.0047675089990661945
L: 0.50, u_super: 0.00435, sec: 237.415, prod: 0.097841, t_ads: 44.7, t_des: 41.0, bed_util_ads: 0.495, bed_util_des: 0.495, des_th: 0.49497352593006666,frac_lost: 0.105, li_recovered:  8.383, time: 0.00542823599971598
L: 0.50, u_super: 0.00986, sec: 574.426, prod: 0.223489, t_ads: 19.8, t_des: 17.8, bed_util_ads: 0.500, bed_util_des: 0.500, des_th: 0.4999754975367131,frac_lost: 0.105, li_recovered:  8.406, time: 0.004500893999647815
L: 0.50, u_super: 0.00262, sec: 142.175, prod: 0.058132, t_ads: 73.5, t_des: 63.8, bed_util_ads: 0.500, bed_util_des: 0.499, des_th: 0.49942536066886495,frac_lost: 0.103, li_recovered:  7.979, time: 0.006571629999598372
L: 0.50, u_super: 0.00701, sec: 395.513, prod: 0.158284, t_ads: 28.0, t_des: 25.4, bed_util_ads: 0.499, bed_util_des: 0.499, des_th: 0.4987993167060711,frac_lost: 0.109, li_recovered:  8.442, time: 0.005361164001442376
L: 0.50, u_super: 0.00153, sec: 84.285, prod: 0.032960, t_ads: 125.1, t_des: 105.3, bed_util_ads: 0.500, bed_util_des: 0.499, des_th: 0.49937341289770265,frac_lost: 0.108, li_recovered:  7.595, time: 0.005454840998936561
L: 0.50, u_super: 0.00613, sec: 341.311, prod: 0.138422, t_ads: 31.7, t_des: 28.3, bed_util_ads: 0.500, bed_util_des: 0.500, des_th: 0.499629569027084,frac_lost: 0.103, li_recovered:  8.312, time: 0.005059432000052766
L: 0.50, u_super: 0.00543, sec: 339.195, prod: 0.108449, t_ads: 35.8, t_des: 44.2, bed_util_ads: 0.459, bed_util_des: 0.458, des_th: 0.4581008273144925,frac_lost: 0.102, li_recovered:  8.670, time: 0.006881457000417868
L: 0.50, u_super: 0.00670, sec: 497.716, prod: 0.114455, t_ads: 29.2, t_des: 46.9, bed_util_ads: 0.427, bed_util_des: 0.426, des_th: 0.42597976459570985,frac_lost: 0.106, li_recovered:  8.708, time: 0.007750798000415671
L: 0.50, u_super: 0.00512, sec: 281.718, prod: 0.115400, t_ads: 38.0, t_des: 34.4, bed_util_ads: 0.498, bed_util_des: 0.497, des_th: 0.49736869505958414,frac_lost: 0.104, li_recovered:  8.353, time: 0.007660597000722191
L: 0.50, u_super: 0.00373, sec: 218.903, prod: 0.077674, t_ads: 52.0, t_des: 58.9, bed_util_ads: 0.469, bed_util_des: 0.468, des_th: 0.46778748853793517,frac_lost: 0.105, li_recovered:  8.618, time: 0.00478401100008341
L: 4.34, u_super: 0.00334 — INFEASIBLE (li_recovered=0.000e+00), time: 0.0031533439996564994
L: 0.50, u_super: 0.00392, sec: 213.852, prod: 0.087730, t_ads: 49.7, t_des: 46.9, bed_util_ads: 0.491, bed_util_des: 0.491, des_th: 0.49055815785258183,frac_lost: 0.106, li_recovered:  8.474, time: 0.0055553070014866535
L: 0.50, u_super: 0.00226, sec: 121.389, prod: 0.050206, t_ads: 85.4, t_des: 77.9, bed_util_ads: 0.493, bed_util_des: 0.493, des_th: 0.492724629011473,frac_lost: 0.105, li_recovered:  8.197, time: 0.006729759999871021
L: 0.50, u_super: 0.00211, sec: 124.944, prod: 0.042627, t_ads: 91.1, t_des: 108.4, bed_util_ads: 0.459, bed_util_des: 0.457, des_th: 0.4571589810381499,frac_lost: 0.102, li_recovered:  8.504, time: 0.00535665700044774
L: 0.50, u_super: 0.00523, sec: 288.594, prod: 0.118064, t_ads: 37.1, t_des: 33.2, bed_util_ads: 0.500, bed_util_des: 0.500, des_th: 0.4999989395582303,frac_lost: 0.103, li_recovered:  8.298, time: 0.005442948000563774
L: 0.50, u_super: 0.00005, sec: 4.352, prod: 0.000665, t_ads: 3570.0, t_des: 6584.3, bed_util_ads: 0.247, bed_util_des: 0.171, des_th: 0.17072210100603818,frac_lost: 0.101, li_recovered:  6.755, time: 0.006584643000678625
L: 0.50, u_super: 0.00613, sec: 341.317, prod: 0.138500, t_ads: 31.7, t_des: 28.4, bed_util_ads: 0.499, bed_util_des: 0.499, des_th: 0.4993361454923587,frac_lost: 0.102, li_recovered:  8.318, time: 0.005192947999603348
L: 0.50, u_super: 0.00092, sec: 50.432, prod: 0.019505, t_ads: 205.0, t_des: 183.7, bed_util_ads: 0.485, bed_util_des: 0.484, des_th: 0.4844452873629628,frac_lost: 0.105, li_recovered:  7.582, time: 0.0044161259993416024
L: 0.50, u_super: 0.00953, sec: 573.162, prod: 0.208416, t_ads: 20.5, t_des: 21.3, bed_util_ads: 0.482, bed_util_des: 0.481, des_th: 0.4812962888812444,frac_lost: 0.104, li_recovered:  8.698, time: 0.006225926999832154
L: 0.50, u_super: 0.00547, sec: 303.364, prod: 0.123168, t_ads: 35.8, t_des: 31.8, bed_util_ads: 0.500, bed_util_des: 0.500, des_th: 0.49995218447586415,frac_lost: 0.109, li_recovered:  8.324, time: 0.0069777230000909185
L: 0.50, u_super: 0.00627, sec: 349.596, prod: 0.141957, t_ads: 31.0, t_des: 28.3, bed_util_ads: 0.497, bed_util_des: 0.497, des_th: 0.49717172508926644,frac_lost: 0.102, li_recovered:  8.419, time: 0.006301839001025655
L: 0.50, u_super: 0.00860, sec: 493.390, prod: 0.194791, t_ads: 22.7, t_des: 20.6, bed_util_ads: 0.500, bed_util_des: 0.499, des_th: 0.49941800771673645,frac_lost: 0.105, li_recovered:  8.444, time: 0.005307862998961355
L: 0.50, u_super: 0.00845, sec: 483.673, prod: 0.191366, t_ads: 23.1, t_des: 21.0, bed_util_ads: 0.499, bed_util_des: 0.499, des_th: 0.49905568364296643,frac_lost: 0.105, li_recovered:  8.450, time: 0.005495171999427839
L: 0.50, u_super: 0.00338, sec: 183.615, prod: 0.075630, t_ads: 57.4, t_des: 50.9, bed_util_ads: 0.500, bed_util_des: 0.500, des_th: 0.49963777977539314,frac_lost: 0.107, li_recovered:  8.192, time: 0.005262059999949997
L: 0.50, u_super: 0.00094, sec: 51.800, prod: 0.020094, t_ads: 199.0, t_des: 178.1, bed_util_ads: 0.485, bed_util_des: 0.484, des_th: 0.48435105930737365,frac_lost: 0.103, li_recovered:  7.576, time: 0.0046577329994761385
L: 0.50, u_super: 0.00191, sec: 102.709, prod: 0.042311, t_ads: 100.1, t_des: 95.4, bed_util_ads: 0.485, bed_util_des: 0.485, des_th: 0.48469519227688357,frac_lost: 0.101, li_recovered:  8.271, time: 0.005113273000461049
L: 0.50, u_super: 0.00640, sec: 356.994, prod: 0.144747, t_ads: 30.4, t_des: 27.5, bed_util_ads: 0.500, bed_util_des: 0.499, des_th: 0.4993873139608292,frac_lost: 0.102, li_recovered:  8.374, time: 0.004217879999487195
L: 0.50, u_super: 0.00973, sec: 566.413, prod: 0.220473, t_ads: 20.1, t_des: 18.6, bed_util_ads: 0.496, bed_util_des: 0.496, des_th: 0.4955396855635663,frac_lost: 0.104, li_recovered:  8.529, time: 0.005429568000181462
L: 0.50, u_super: 0.00005, sec: 4.338, prod: 0.000667, t_ads: 3363.1, t_des: 5613.1, bed_util_ads: 0.253, bed_util_des: 0.188, des_th: 0.1885453361386975,frac_lost: 0.100, li_recovered:  5.990, time: 0.004651020999517641
L: 0.50, u_super: 0.00397, sec: 216.171, prod: 0.089324, t_ads: 48.8, t_des: 45.2, bed_util_ads: 0.494, bed_util_des: 0.494, des_th: 0.4936739417945775,frac_lost: 0.104, li_recovered:  8.401, time: 0.0049494990016683005
L: 27.97, u_super: 0.00005 — INFEASIBLE (li_recovered=0.000e+00), time: 0.0007608290015923558
   669 |    26760 |     40 |  0.0046120784 |             f
L: 0.50, u_super: 0.00022, sec: 34.969, prod: 0.001641, t_ads: 893.9, t_des: 4380.3, bed_util_ads: 0.246, bed_util_des: 0.185, des_th: 0.1851696623157332,frac_lost: 0.104, li_recovered:  8.655, time: 0.016004625000277883
L: 0.50, u_super: 0.00581, sec: 322.409, prod: 0.131395, t_ads: 33.3, t_des: 29.8, bed_util_ads: 0.500, bed_util_des: 0.500, des_th: 0.49995218447586415,frac_lost: 0.101, li_recovered:  8.301, time: 0.006054641000446281
L: 12.97, u_super: 0.00192 — INFEASIBLE (li_recovered=0.000e+00), time: 0.0013137559999449877
L: 0.50, u_super: 0.00454, sec: 248.322, prod: 0.102292, t_ads: 42.8, t_des: 38.7, bed_util_ads: 0.497, bed_util_des: 0.497, des_th: 0.49717172508926644,frac_lost: 0.103, li_recovered:  8.328, time: 0.005684499999915715
L: 0.50, u_super: 0.00739, sec: 470.357, prod: 0.148716, t_ads: 26.4, t_des: 32.1, bed_util_ads: 0.462, bed_util_des: 0.462, des_th: 0.46167663055776,frac_lost: 0.106, li_recovered:  8.701, time: 0.006772176999220392
L: 0.50, u_super: 0.00789, sec: 447.752, prod: 0.179040, t_ads: 24.6, t_des: 22.3, bed_util_ads: 0.499, bed_util_des: 0.499, des_th: 0.49934417208205906,frac_lost: 0.100, li_recovered:  8.392, time: 0.00591545200040855
L: 0.50, u_super: 0.00706, sec: 398.328, prod: 0.159521, t_ads: 27.7, t_des: 24.8, bed_util_ads: 0.500, bed_util_des: 0.500, des_th: 0.4996544802995719,frac_lost: 0.107, li_recovered:  8.383, time: 0.0060346009995555505
L: 0.50, u_super: 0.00310, sec: 170.820, prod: 0.068155, t_ads: 62.5, t_des: 62.7, bed_util_ads: 0.482, bed_util_des: 0.482, des_th: 0.48173030707297937,frac_lost: 0.105, li_recovered:  8.534, time: 0.00688855299995339
L: 27.68, u_super: 0.00937 — INFEASIBLE (li_recovered=0.000e+00), time: 0.0019780890015681507
L: 0.50, u_super: 0.00350, sec: 190.367, prod: 0.078416, t_ads: 55.4, t_des: 49.1, bed_util_ads: 0.500, bed_util_des: 0.500, des_th: 0.4996824343842775,frac_lost: 0.106, li_recovered:  8.194, time: 0.004451755999980378
L: 0.50, u_super: 0.00114, sec: 63.887, prod: 0.023972, t_ads: 166.1, t_des: 137.6, bed_util_ads: 0.496, bed_util_des: 0.496, des_th: 0.49629902913772383,frac_lost: 0.107, li_recovered:  7.281, time: 0.005230750999544398
L: 0.50, u_super: 0.00281, sec: 152.438, prod: 0.062419, t_ads: 68.4, t_des: 59.5, bed_util_ads: 0.500, bed_util_des: 0.499, des_th: 0.49942536066886495,frac_lost: 0.101, li_recovered:  7.984, time: 0.007969654001499293
L: 0.50, u_super: 0.00627, sec: 350.012, prod: 0.141547, t_ads: 31.1, t_des: 27.6, bed_util_ads: 0.500, bed_util_des: 0.500, des_th: 0.49992284369916706,frac_lost: 0.104, li_recovered:  8.309, time: 0.005532541999855312
L: 0.50, u_super: 0.00448, sec: 245.187, prod: 0.100759, t_ads: 43.5, t_des: 39.2, bed_util_ads: 0.498, bed_util_des: 0.497, des_th: 0.49743568637379626,frac_lost: 0.106, li_recovered:  8.336, time: 0.005383642999731819
L: 0.50, u_super: 0.00546, sec: 301.473, prod: 0.123220, t_ads: 35.5, t_des: 31.8, bed_util_ads: 0.500, bed_util_des: 0.500, des_th: 0.49995218447586415,frac_lost: 0.102, li_recovered:  8.300, time: 0.005685137999535073
L: 0.50, u_super: 0.00703, sec: 394.883, prod: 0.159370, t_ads: 27.6, t_des: 25.0, bed_util_ads: 0.500, bed_util_des: 0.499, des_th: 0.49942362774047233,frac_lost: 0.100, li_recovered:  8.374, time: 0.0064281390004907735
L: 31.04, u_super: 0.00190 — INFEASIBLE (li_recovered=0.000e+00), time: 0.0013285739987622947
L: 0.50, u_super: 0.00446, sec: 244.127, prod: 0.100288, t_ads: 43.6, t_des: 38.9, bed_util_ads: 0.499, bed_util_des: 0.498, des_th: 0.49844912823609994,frac_lost: 0.105, li_recovered:  8.278, time: 0.007920788000774337
L: 0.50, u_super: 0.00825, sec: 472.152, prod: 0.186705, t_ads: 23.7, t_des: 21.8, bed_util_ads: 0.497, bed_util_des: 0.497, des_th: 0.4966462404782863,frac_lost: 0.107, li_recovered:  8.489, time: 0.007318264000787167
L: 0.50, u_super: 0.00552, sec: 305.779, prod: 0.124604, t_ads: 35.1, t_des: 31.1, bed_util_ads: 0.500, bed_util_des: 0.500, des_th: 0.49997594403128526,frac_lost: 0.101, li_recovered:  8.251, time: 0.0055204550008056685
L: 0.50, u_super: 0.00661, sec: 369.976, prod: 0.149599, t_ads: 29.3, t_des: 26.2, bed_util_ads: 0.500, bed_util_des: 0.500, des_th: 0.49977273435218117,frac_lost: 0.101, li_recovered:  8.314, time: 0.007204335999631439
L: 0.50, u_super: 0.00878, sec: 505.347, prod: 0.198701, t_ads: 22.3, t_des: 20.4, bed_util_ads: 0.497, bed_util_des: 0.497, des_th: 0.49722066999601244,frac_lost: 0.107, li_recovered:  8.484, time: 0.005936698998993961
L: 0.50, u_super: 0.00640, sec: 357.423, prod: 0.144573, t_ads: 30.4, t_des: 27.2, bed_util_ads: 0.500, bed_util_des: 0.500, des_th: 0.4997382640346752,frac_lost: 0.103, li_recovered:  8.323, time: 0.006624808000196936
L: 0.50, u_super: 0.00123, sec: 69.015, prod: 0.026003, t_ads: 154.1, t_des: 126.9, bed_util_ads: 0.499, bed_util_des: 0.499, des_th: 0.49861510015698846,frac_lost: 0.107, li_recovered:  7.306, time: 0.005454329000713187
L: 0.50, u_super: 0.00482, sec: 266.071, prod: 0.108225, t_ads: 40.3, t_des: 38.5, bed_util_ads: 0.491, bed_util_des: 0.491, des_th: 0.49058361532021905,frac_lost: 0.104, li_recovered:  8.529, time: 0.00973341400094796
L: 14.13, u_super: 0.00986 — INFEASIBLE (li_recovered=0.000e+00), time: 0.0039720800014038105
L: 0.50, u_super: 0.00956, sec: 554.949, prod: 0.216891, t_ads: 20.4, t_des: 18.5, bed_util_ads: 0.499, bed_util_des: 0.499, des_th: 0.4985142801222763,frac_lost: 0.104, li_recovered:  8.444, time: 0.008344339999894146
L: 0.50, u_super: 0.00695, sec: 391.622, prod: 0.157038, t_ads: 28.1, t_des: 25.3, bed_util_ads: 0.499, bed_util_des: 0.499, des_th: 0.499277512398088,frac_lost: 0.107, li_recovered:  8.384, time: 0.008014246999664465
L: 0.50, u_super: 0.00464, sec: 254.347, prod: 0.104375, t_ads: 42.0, t_des: 38.0, bed_util_ads: 0.498, bed_util_des: 0.497, des_th: 0.4974218665505387,frac_lost: 0.107, li_recovered:  8.348, time: 0.00690449400099169
L: 0.50, u_super: 0.00385, sec: 209.484, prod: 0.086418, t_ads: 50.5, t_des: 45.3, bed_util_ads: 0.498, bed_util_des: 0.497, des_th: 0.4973300154182209,frac_lost: 0.106, li_recovered:  8.275, time: 0.008108729000014137
L: 0.50, u_super: 0.00939, sec: 5188.045, prod: 0.022292, t_ads: 20.9, t_des: 373.0, bed_util_ads: 0.183, bed_util_des: 0.181, des_th: 0.18052917575224284,frac_lost: 0.105, li_recovered:  8.783, time: 0.058863539999947534
L: 0.50, u_super: 0.00900, sec: 519.074, prod: 0.203991, t_ads: 21.7, t_des: 19.7, bed_util_ads: 0.499, bed_util_des: 0.499, des_th: 0.4988715310503562,frac_lost: 0.105, li_recovered:  8.450, time: 0.005766062000475358
L: 0.50, u_super: 0.00373, sec: 204.615, prod: 0.083098, t_ads: 52.1, t_des: 50.5, bed_util_ads: 0.488, bed_util_des: 0.487, des_th: 0.48703820373465695,frac_lost: 0.106, li_recovered:  8.523, time: 0.006550195001182146
L: 0.50, u_super: 0.00207, sec: 111.867, prod: 0.045451, t_ads: 93.5, t_des: 81.4, bed_util_ads: 0.498, bed_util_des: 0.497, des_th: 0.4972146683365384,frac_lost: 0.108, li_recovered:  7.947, time: 0.006406802998753847
L: 0.50, u_super: 0.00581, sec: 323.677, prod: 0.130938, t_ads: 33.7, t_des: 30.0, bed_util_ads: 0.500, bed_util_des: 0.500, des_th: 0.49995218447586415,frac_lost: 0.109, li_recovered:  8.331, time: 0.005460123000375461
L: 0.50, u_super: 0.00789, sec: 448.437, prod: 0.178887, t_ads: 24.6, t_des: 22.2, bed_util_ads: 0.500, bed_util_des: 0.499, des_th: 0.4994070106949865,frac_lost: 0.102, li_recovered:  8.384, time: 0.006626278998737689
L: 0.50, u_super: 0.00631, sec: 358.209, prod: 0.140142, t_ads: 30.7, t_des: 30.9, bed_util_ads: 0.485, bed_util_des: 0.485, des_th: 0.48461743461490353,frac_lost: 0.100, li_recovered:  8.631, time: 0.006427161999454256
L: 0.50, u_super: 0.00943, sec: 546.158, prod: 0.213765, t_ads: 20.7, t_des: 18.8, bed_util_ads: 0.499, bed_util_des: 0.499, des_th: 0.4987342330468746,frac_lost: 0.105, li_recovered:  8.441, time: 0.006701321999571519
L: 0.50, u_super: 0.00051, sec: 29.202, prod: 0.010239, t_ads: 355.0, t_des: 329.4, bed_util_ads: 0.466, bed_util_des: 0.464, des_th: 0.46402667650884205,frac_lost: 0.101, li_recovered:  7.007, time: 0.006954882999707479
L: 22.59, u_super: 0.00092 — INFEASIBLE (li_recovered=0.000e+00), time: 0.0014205789993866347
   670 |    26800 |     40 |  0.0029372505 |             f
L: 0.50, u_super: 0.00608, sec: 338.209, prod: 0.137590, t_ads: 31.9, t_des: 28.6, bed_util_ads: 0.500, bed_util_des: 0.500, des_th: 0.4999630433333195,frac_lost: 0.100, li_recovered:  8.313, time: 0.007664120001209085
L: 0.50, u_super: 0.00564, sec: 312.091, prod: 0.127404, t_ads: 34.4, t_des: 30.9, bed_util_ads: 0.500, bed_util_des: 0.500, des_th: 0.4999360549356888,frac_lost: 0.102, li_recovered:  8.315, time: 0.0068999769991933135
L: 0.50, u_super: 0.00310, sec: 170.918, prod: 0.068116, t_ads: 62.7, t_des: 62.6, bed_util_ads: 0.483, bed_util_des: 0.482, des_th: 0.4823299770569275,frac_lost: 0.108, li_recovered:  8.535, time: 0.007498106000639382
L: 56.86, u_super: 0.00640 — INFEASIBLE (li_recovered=0.000e+00), time: 0.001026205000016489
L: 0.50, u_super: 0.00762, sec: 432.489, prod: 0.172135, t_ads: 25.7, t_des: 23.3, bed_util_ads: 0.499, bed_util_des: 0.499, des_th: 0.49934417208205906,frac_lost: 0.108, li_recovered:  8.443, time: 0.00551107499995851
L: 0.50, u_super: 0.00160, sec: 87.781, prod: 0.034328, t_ads: 120.4, t_des: 101.0, bed_util_ads: 0.500, bed_util_des: 0.499, des_th: 0.49942147909025436,frac_lost: 0.109, li_recovered:  7.601, time: 0.007035406999420957
L: 0.50, u_super: 0.00660, sec: 440.952, prod: 0.124958, t_ads: 29.7, t_des: 39.9, bed_util_ads: 0.449, bed_util_des: 0.449, des_th: 0.4486995554490307,frac_lost: 0.108, li_recovered:  8.700, time: 0.008702414001163561
L: 13.29, u_super: 0.00092 — INFEASIBLE (li_recovered=0.000e+00), time: 0.0008474300011585001
L: 0.50, u_super: 0.00887, sec: 510.644, prod: 0.200741, t_ads: 22.1, t_des: 20.2, bed_util_ads: 0.498, bed_util_des: 0.498, des_th: 0.4975893432672007,frac_lost: 0.106, li_recovered:  8.486, time: 0.005022610999731114
L: 33.84, u_super: 0.00411 — INFEASIBLE (li_recovered=0.000e+00), time: 0.0019710459982889006
L: 0.50, u_super: 0.00018, sec: 18.769, prod: 0.001923, t_ads: 1084.9, t_des: 3115.3, bed_util_ads: 0.284, bed_util_des: 0.229, des_th: 0.2293325937828384,frac_lost: 0.104, li_recovered:  8.078, time: 0.010971974999847589
L: 6.00, u_super: 0.00620 — INFEASIBLE (li_recovered=0.000e+00), time: 0.0028089379993616603
L: 0.50, u_super: 0.00038, sec: 23.825, prod: 0.007183, t_ads: 454.3, t_des: 394.9, bed_util_ads: 0.462, bed_util_des: 0.462, des_th: 0.46167663055776,frac_lost: 0.104, li_recovered:  6.100, time: 0.004725449000034132
L: 0.50, u_super: 0.00005, sec: 4.335, prod: 0.000668, t_ads: 3359.5, t_des: 5612.5, bed_util_ads: 0.253, bed_util_des: 0.189, des_th: 0.18930200978282877,frac_lost: 0.101, li_recovered:  5.992, time: 0.006446987999879639
L: 0.50, u_super: 0.00548, sec: 303.200, prod: 0.123613, t_ads: 35.5, t_des: 31.7, bed_util_ads: 0.500, bed_util_des: 0.500, des_th: 0.4999690418216374,frac_lost: 0.104, li_recovered:  8.309, time: 0.0047304430008807685
L: 0.50, u_super: 0.00970, sec: 564.118, prod: 0.219846, t_ads: 20.1, t_des: 18.5, bed_util_ads: 0.497, bed_util_des: 0.497, des_th: 0.4973456550244625,frac_lost: 0.105, li_recovered:  8.500, time: 0.006654222999713966
L: 30.04, u_super: 0.00518 — INFEASIBLE (li_recovered=0.000e+00), time: 0.0011436570002842927
L: 0.50, u_super: 0.00502, sec: 324.552, prod: 0.096441, t_ads: 38.6, t_des: 51.2, bed_util_ads: 0.450, bed_util_des: 0.449, des_th: 0.44857458096634356,frac_lost: 0.102, li_recovered:  8.666, time: 0.005622382999717956
L: 0.50, u_super: 0.00075, sec: 42.401, prod: 0.015578, t_ads: 247.2, t_des: 214.9, bed_util_ads: 0.483, bed_util_des: 0.483, des_th: 0.4827447993734393,frac_lost: 0.105, li_recovered:  7.198, time: 0.005085180999230943
L: 0.50, u_super: 0.00333, sec: 180.790, prod: 0.074411, t_ads: 58.4, t_des: 51.6, bed_util_ads: 0.500, bed_util_des: 0.500, des_th: 0.49962654975319304,frac_lost: 0.107, li_recovered:  8.182, time: 0.004756039999847417
L: 0.50, u_super: 0.00963, sec: 559.270, prod: 0.218422, t_ads: 20.3, t_des: 18.4, bed_util_ads: 0.500, bed_util_des: 0.499, des_th: 0.49943356382077936,frac_lost: 0.105, li_recovered:  8.453, time: 0.005701041000065743
L: 4.04, u_super: 0.00613 — INFEASIBLE (li_recovered=0.000e+00), time: 0.0033588740006962325
L: 0.50, u_super: 0.00811, sec: 463.716, prod: 0.183356, t_ads: 24.1, t_des: 22.3, bed_util_ads: 0.497, bed_util_des: 0.497, des_th: 0.4966462404782863,frac_lost: 0.107, li_recovered:  8.520, time: 0.005276689000311308
L: 0.50, u_super: 0.00510, sec: 281.718, prod: 0.114537, t_ads: 38.0, t_des: 36.5, bed_util_ads: 0.491, bed_util_des: 0.491, des_th: 0.49058361532021905,frac_lost: 0.102, li_recovered:  8.534, time: 0.005086757000754005
L: 0.50, u_super: 0.00591, sec: 328.495, prod: 0.133623, t_ads: 32.8, t_des: 29.3, bed_util_ads: 0.500, bed_util_des: 0.500, des_th: 0.49977384920038415,frac_lost: 0.102, li_recovered:  8.305, time: 0.004413358999954653
L: 0.50, u_super: 0.00053 — INFEASIBLE (li_recovered=0.000e+00), time: 0.0037963640006637434
L: 0.50, u_super: 0.00007, sec: 5.884, prod: 0.000845, t_ads: 2821.4, t_des: 5864.6, bed_util_ads: 0.253, bed_util_des: 0.176, des_th: 0.17586659763876558,frac_lost: 0.101, li_recovered:  7.342, time: 0.006702957000015886
L: 0.50, u_super: 0.00114 — INFEASIBLE (li_recovered=0.000e+00), time: 0.0028104129996791016
L: 0.50, u_super: 0.00920, sec: 531.671, prod: 0.208256, t_ads: 21.3, t_des: 19.3, bed_util_ads: 0.500, bed_util_des: 0.500, des_th: 0.49957166838956013,frac_lost: 0.106, li_recovered:  8.460, time: 0.006019491000188282
L: 6.56, u_super: 0.00967 — INFEASIBLE (li_recovered=0.000e+00), time: 0.0037183360000199173
L: 0.50, u_super: 0.00383, sec: 208.511, prod: 0.086042, t_ads: 50.7, t_des: 45.4, bed_util_ads: 0.498, bed_util_des: 0.497, des_th: 0.49730339510071575,frac_lost: 0.105, li_recovered:  8.269, time: 0.00711437799873238
L: 14.12, u_super: 0.00275 — INFEASIBLE (li_recovered=0.000e+00), time: 0.001906400999359903
L: 0.50, u_super: 0.00769, sec: 443.569, prod: 0.171298, t_ads: 25.5, t_des: 25.0, bed_util_ads: 0.490, bed_util_des: 0.489, des_th: 0.4893002848661367,frac_lost: 0.108, li_recovered:  8.644, time: 0.007548501000201213
L: 10.84, u_super: 0.00151 — INFEASIBLE (li_recovered=0.000e+00), time: 0.0012907230011478532
L: 0.50, u_super: 0.00647, sec: 363.105, prod: 0.145719, t_ads: 30.0, t_des: 28.7, bed_util_ads: 0.492, bed_util_des: 0.492, des_th: 0.4920860188391159,frac_lost: 0.102, li_recovered:  8.558, time: 0.006786046000343049
L: 0.50, u_super: 0.00941, sec: 544.687, prod: 0.213361, t_ads: 20.7, t_des: 18.9, bed_util_ads: 0.499, bed_util_des: 0.499, des_th: 0.4992972941712061,frac_lost: 0.104, li_recovered:  8.448, time: 0.007442732001436525
L: 0.50, u_super: 0.00484, sec: 266.686, prod: 0.108559, t_ads: 40.1, t_des: 38.5, bed_util_ads: 0.491, bed_util_des: 0.491, des_th: 0.490750738191134,frac_lost: 0.103, li_recovered:  8.530, time: 0.0066181389993289486
L: 0.50, u_super: 0.00078, sec: 43.786, prod: 0.016192, t_ads: 239.0, t_des: 207.6, bed_util_ads: 0.485, bed_util_des: 0.485, des_th: 0.48481604925585375,frac_lost: 0.105, li_recovered:  7.231, time: 0.007011683001110214
L: 0.50, u_super: 0.00032, sec: 19.588, prod: 0.006112, t_ads: 540.7, t_des: 585.8, bed_util_ads: 0.428, bed_util_des: 0.422, des_th: 0.4219835378860499,frac_lost: 0.102, li_recovered:  6.885, time: 0.008377038999242359
L: 0.50, u_super: 0.00385, sec: 213.362, prod: 0.084847, t_ads: 50.4, t_des: 50.6, bed_util_ads: 0.483, bed_util_des: 0.483, des_th: 0.48269241866860185,frac_lost: 0.104, li_recovered:  8.574, time: 0.005390373999034637
   671 |    26840 |     40 |  0.0027246379 |             f
L: 0.50, u_super: 0.00280, sec: 152.061, prod: 0.062272, t_ads: 68.7, t_des: 59.7, bed_util_ads: 0.500, bed_util_des: 0.500, des_th: 0.49959333612024526,frac_lost: 0.102, li_recovered:  7.992, time: 0.008074507000856102
L: 0.50, u_super: 0.00226, sec: 121.492, prod: 0.050164, t_ads: 85.3, t_des: 80.5, bed_util_ads: 0.489, bed_util_des: 0.488, des_th: 0.48854435003621155,frac_lost: 0.104, li_recovered:  8.321, time: 0.0046993920004752
L: 0.50, u_super: 0.00481, sec: 265.499, prod: 0.107952, t_ads: 40.4, t_des: 38.6, bed_util_ads: 0.491, bed_util_des: 0.491, des_th: 0.49058361532021905,frac_lost: 0.104, li_recovered:  8.531, time: 0.0049890010013768915
L: 0.50, u_super: 0.00887, sec: 510.385, prod: 0.200843, t_ads: 22.0, t_des: 20.2, bed_util_ads: 0.498, bed_util_des: 0.497, des_th: 0.49751172210085454,frac_lost: 0.105, li_recovered:  8.485, time: 0.005986624999422929
L: 0.50, u_super: 0.00708, sec: 399.545, prod: 0.160053, t_ads: 27.6, t_des: 24.8, bed_util_ads: 0.500, bed_util_des: 0.500, des_th: 0.4997134289720899,frac_lost: 0.107, li_recovered:  8.388, time: 0.006507865999083151
L: 0.50, u_super: 0.00046 — INFEASIBLE (li_recovered=0.000e+00), time: 0.002423406998786959
L: 3.00, u_super: 0.00333 — INFEASIBLE (li_recovered=0.000e+00), time: 0.0023612900004081894
L: 25.29, u_super: 0.00987 — INFEASIBLE (li_recovered=0.000e+00), time: 0.0014417239999602316
L: 0.50, u_super: 0.00389, sec: 211.774, prod: 0.087377, t_ads: 49.9, t_des: 44.6, bed_util_ads: 0.498, bed_util_des: 0.498, des_th: 0.498109270507475,frac_lost: 0.105, li_recovered:  8.254, time: 0.004597400999045931
L: 0.50, u_super: 0.00788, sec: 449.036, prod: 0.178038, t_ads: 24.9, t_des: 22.5, bed_util_ads: 0.499, bed_util_des: 0.499, des_th: 0.49934417208205906,frac_lost: 0.109, li_recovered:  8.444, time: 0.004488852000577026
L: 0.50, u_super: 0.00950, sec: 550.776, prod: 0.215256, t_ads: 20.6, t_des: 18.6, bed_util_ads: 0.499, bed_util_des: 0.499, des_th: 0.4988594397140097,frac_lost: 0.105, li_recovered:  8.444, time: 0.004564627999570803
L: 0.50, u_super: 0.00482, sec: 266.070, prod: 0.108226, t_ads: 40.2, t_des: 38.7, bed_util_ads: 0.491, bed_util_des: 0.491, des_th: 0.4906121512370284,frac_lost: 0.102, li_recovered:  8.535, time: 0.004906431000563316
L: 0.50, u_super: 0.00435, sec: 237.526, prod: 0.097699, t_ads: 44.8, t_des: 40.4, bed_util_ads: 0.497, bed_util_des: 0.497, des_th: 0.49726718358960675,frac_lost: 0.106, li_recovered:  8.326, time: 0.004602484999850276
L: 21.63, u_super: 0.00244 — INFEASIBLE (li_recovered=0.000e+00), time: 0.0008719529996596975
L: 0.50, u_super: 0.00944, sec: 562.741, prod: 0.208057, t_ads: 20.7, t_des: 21.0, bed_util_ads: 0.485, bed_util_des: 0.484, des_th: 0.4843211322956051,frac_lost: 0.106, li_recovered:  8.689, time: 0.0053648159992008004
L: 9.64, u_super: 0.00990 — INFEASIBLE (li_recovered=0.000e+00), time: 0.002632044999700156
L: 0.50, u_super: 0.00826, sec: 4203.839, prod: 0.020998, t_ads: 23.7, t_des: 394.4, bed_util_ads: 0.188, bed_util_des: 0.185, des_th: 0.1851696623157332,frac_lost: 0.102, li_recovered:  8.779, time: 0.03902917400046135
L: 0.50, u_super: 0.00825, sec: 471.650, prod: 0.186493, t_ads: 23.8, t_des: 21.5, bed_util_ads: 0.499, bed_util_des: 0.498, des_th: 0.4984979996928947,frac_lost: 0.108, li_recovered:  8.445, time: 0.0049277260004600976
L: 0.50, u_super: 0.00686, sec: 452.787, prod: 0.131922, t_ads: 28.5, t_des: 37.4, bed_util_ads: 0.452, bed_util_des: 0.451, des_th: 0.4514869255054081,frac_lost: 0.105, li_recovered:  8.699, time: 0.006181765000292216
L: 0.50, u_super: 0.00791, sec: 449.508, prod: 0.179431, t_ads: 24.5, t_des: 22.1, bed_util_ads: 0.500, bed_util_des: 0.499, des_th: 0.49942353325447775,frac_lost: 0.101, li_recovered:  8.374, time: 0.004434276999745634
L: 0.50, u_super: 0.00042 — INFEASIBLE (li_recovered=0.000e+00), time: 0.002617604000988649
L: 0.50, u_super: 0.00040, sec: 84.751, prod: 0.002167, t_ads: 498.4, t_des: 3544.1, bed_util_ads: 0.231, bed_util_des: 0.187, des_th: 0.18677880827102997,frac_lost: 0.102, li_recovered:  8.760, time: 0.017083611999623827
L: 0.50, u_super: 0.00416, sec: 226.727, prod: 0.093466, t_ads: 46.8, t_des: 42.3, bed_util_ads: 0.497, bed_util_des: 0.497, des_th: 0.49717172508926644,frac_lost: 0.106, li_recovered:  8.324, time: 0.006294226999671082
L: 0.50, u_super: 0.00929, sec: 537.335, prod: 0.210594, t_ads: 21.0, t_des: 19.1, bed_util_ads: 0.499, bed_util_des: 0.499, des_th: 0.49894915219404934,frac_lost: 0.105, li_recovered:  8.444, time: 0.0044983690004301025
L: 15.26, u_super: 0.00375 — INFEASIBLE (li_recovered=0.000e+00), time: 0.0018474120006430894
L: 22.53, u_super: 0.00202 — INFEASIBLE (li_recovered=0.000e+00), time: 0.0009745300012582447
L: 0.50, u_super: 0.00759, sec: 429.382, prod: 0.171981, t_ads: 25.6, t_des: 23.7, bed_util_ads: 0.497, bed_util_des: 0.496, des_th: 0.49642887096316585,frac_lost: 0.101, li_recovered:  8.481, time: 0.004335569999966538
L: 0.50, u_super: 0.00821, sec: 469.739, prod: 0.185691, t_ads: 23.8, t_des: 21.9, bed_util_ads: 0.497, bed_util_des: 0.497, des_th: 0.4973291431838027,frac_lost: 0.107, li_recovered:  8.490, time: 0.004618295000909711
L: 0.50, u_super: 0.00877, sec: 504.881, prod: 0.198597, t_ads: 22.3, t_des: 20.2, bed_util_ads: 0.499, bed_util_des: 0.499, des_th: 0.4992972941712061,frac_lost: 0.107, li_recovered:  8.451, time: 0.0053012099997431505
L: 0.50, u_super: 0.00422, sec: 230.803, prod: 0.094588, t_ads: 46.2, t_des: 40.7, bed_util_ads: 0.500, bed_util_des: 0.500, des_th: 0.499716157155053,frac_lost: 0.106, li_recovered:  8.216, time: 0.004305213000407093
L: 0.50, u_super: 0.00297, sec: 159.963, prod: 0.066300, t_ads: 64.9, t_des: 57.9, bed_util_ads: 0.498, bed_util_des: 0.497, des_th: 0.4973229506936448,frac_lost: 0.101, li_recovered:  8.139, time: 0.005630245001157164
L: 0.50, u_super: 0.00337, sec: 182.861, prod: 0.075419, t_ads: 57.2, t_des: 50.3, bed_util_ads: 0.500, bed_util_des: 0.500, des_th: 0.4995417421143164,frac_lost: 0.101, li_recovered:  8.108, time: 0.00637771900073858
L: 0.50, u_super: 0.00280, sec: 151.967, prod: 0.062201, t_ads: 68.7, t_des: 59.7, bed_util_ads: 0.500, bed_util_des: 0.500, des_th: 0.49951322333178416,frac_lost: 0.102, li_recovered:  7.988, time: 0.006344945999444462
L: 0.50, u_super: 0.00139 — INFEASIBLE (li_recovered=0.000e+00), time: 0.0036659010002040304
L: 0.50, u_super: 0.00007 — INFEASIBLE (li_recovered=0.000e+00), time: 0.0010391470004833536
L: 0.50, u_super: 0.00013 — INFEASIBLE (li_recovered=0.000e+00), time: 0.0017226929994649254
L: 0.50, u_super: 0.00887, sec: 511.111, prod: 0.200969, t_ads: 22.0, t_des: 20.3, bed_util_ads: 0.497, bed_util_des: 0.497, des_th: 0.4966462404782863,frac_lost: 0.105, li_recovered:  8.495, time: 0.005805672000860795
L: 21.69, u_super: 0.00294 — INFEASIBLE (li_recovered=0.000e+00), time: 0.0013415679986792384
L: 0.50, u_super: 0.00707, sec: 406.392, prod: 0.156941, t_ads: 27.7, t_des: 27.5, bed_util_ads: 0.487, bed_util_des: 0.486, des_th: 0.4864651134459404,frac_lost: 0.107, li_recovered:  8.648, time: 0.005597614001089823
L: 0.50, u_super: 0.00117, sec: 65.217, prod: 0.024596, t_ads: 162.5, t_des: 134.9, bed_util_ads: 0.497, bed_util_des: 0.497, des_th: 0.49675934421434953,frac_lost: 0.106, li_recovered:  7.314, time: 0.004682314000092447
   672 |    26880 |     40 |  0.0019029844 |             f
L: 0.50, u_super: 0.00056, sec: 31.432, prod: 0.011438, t_ads: 327.3, t_des: 316.5, bed_util_ads: 0.464, bed_util_des: 0.461, des_th: 0.46167663055776,frac_lost: 0.101, li_recovered:  7.364, time: 0.00476008300029207
L: 0.50, u_super: 0.00177, sec: 96.516, prod: 0.038625, t_ads: 108.0, t_des: 108.6, bed_util_ads: 0.479, bed_util_des: 0.478, des_th: 0.47776294384763135,frac_lost: 0.102, li_recovered:  8.364, time: 0.004552108001007582
L: 0.50, u_super: 0.00557, sec: 308.228, prod: 0.125873, t_ads: 34.8, t_des: 31.2, bed_util_ads: 0.500, bed_util_des: 0.500, des_th: 0.49996785351746287,frac_lost: 0.102, li_recovered:  8.314, time: 0.00438251600098738
L: 0.50, u_super: 0.00222, sec: 119.827, prod: 0.049073, t_ads: 87.0, t_des: 76.6, bed_util_ads: 0.497, bed_util_des: 0.497, des_th: 0.49691724746838056,frac_lost: 0.106, li_recovered:  8.025, time: 0.006178892999741947
L: 0.50, u_super: 0.00591, sec: 328.495, prod: 0.133623, t_ads: 32.8, t_des: 29.3, bed_util_ads: 0.500, bed_util_des: 0.500, des_th: 0.49977384920038415,frac_lost: 0.102, li_recovered:  8.305, time: 0.006798940999942715
L: 0.50, u_super: 0.00387, sec: 210.957, prod: 0.086746, t_ads: 50.2, t_des: 44.5, bed_util_ads: 0.500, bed_util_des: 0.500, des_th: 0.4997040711877483,frac_lost: 0.106, li_recovered:  8.213, time: 0.006362017998981173
L: 0.50, u_super: 0.00619, sec: 346.028, prod: 0.139635, t_ads: 31.4, t_des: 29.7, bed_util_ads: 0.492, bed_util_des: 0.492, des_th: 0.49218670226273253,frac_lost: 0.103, li_recovered:  8.534, time: 0.008877361000486417
L: 0.50, u_super: 0.00627, sec: 349.596, prod: 0.141957, t_ads: 31.0, t_des: 28.3, bed_util_ads: 0.497, bed_util_des: 0.497, des_th: 0.49717172508926644,frac_lost: 0.102, li_recovered:  8.419, time: 0.004529424999418552
L: 30.57, u_super: 0.00668 — INFEASIBLE (li_recovered=0.000e+00), time: 0.0024941699994087685
L: 0.50, u_super: 0.00150, sec: 83.023, prod: 0.032057, t_ads: 127.6, t_des: 105.9, bed_util_ads: 0.500, bed_util_des: 0.500, des_th: 0.49986364787937293,frac_lost: 0.107, li_recovered:  7.487, time: 0.006114534000516869
L: 0.50, u_super: 0.00416, sec: 226.818, prod: 0.093429, t_ads: 46.7, t_des: 41.7, bed_util_ads: 0.500, bed_util_des: 0.499, des_th: 0.4994200285160023,frac_lost: 0.104, li_recovered:  8.257, time: 0.005219814000156475
L: 0.50, u_super: 0.00433, sec: 236.657, prod: 0.097367, t_ads: 44.9, t_des: 40.1, bed_util_ads: 0.498, bed_util_des: 0.498, des_th: 0.49826043713075435,frac_lost: 0.105, li_recovered:  8.276, time: 0.004694234999988112
L: 0.50, u_super: 0.00668, sec: 388.985, prod: 0.145559, t_ads: 29.3, t_des: 30.3, bed_util_ads: 0.482, bed_util_des: 0.481, des_th: 0.4813819010829659,frac_lost: 0.107, li_recovered:  8.674, time: 0.006617667000682559
L: 0.50, u_super: 0.00825, sec: 471.864, prod: 0.186819, t_ads: 23.7, t_des: 21.3, bed_util_ads: 0.500, bed_util_des: 0.500, des_th: 0.4998690589116779,frac_lost: 0.106, li_recovered:  8.395, time: 0.007879492999563809
L: 0.50, u_super: 0.00012 — INFEASIBLE (li_recovered=0.000e+00), time: 0.0014043850005691638
L: 0.50, u_super: 0.00956, sec: 554.459, prod: 0.217026, t_ads: 20.4, t_des: 18.6, bed_util_ads: 0.499, bed_util_des: 0.499, des_th: 0.4986777480844853,frac_lost: 0.103, li_recovered:  8.449, time: 0.0074186559995723655
L: 0.50, u_super: 0.00265, sec: 142.382, prod: 0.059132, t_ads: 72.9, t_des: 67.1, bed_util_ads: 0.493, bed_util_des: 0.493, des_th: 0.49274520783894027,frac_lost: 0.104, li_recovered:  8.277, time: 0.007204306000858196
L: 0.50, u_super: 0.00374, sec: 203.831, prod: 0.083740, t_ads: 52.0, t_des: 46.0, bed_util_ads: 0.500, bed_util_des: 0.500, des_th: 0.4997887767119421,frac_lost: 0.107, li_recovered:  8.206, time: 0.0045697069999732776
L: 0.50, u_super: 0.00919, sec: 530.954, prod: 0.208266, t_ads: 21.2, t_des: 19.5, bed_util_ads: 0.497, bed_util_des: 0.497, des_th: 0.49724344378903007,frac_lost: 0.104, li_recovered:  8.493, time: 0.008001909000086016
L: 16.02, u_super: 0.00261 — INFEASIBLE (li_recovered=0.000e+00), time: 0.0025785419984458713
L: 0.50, u_super: 0.00950, sec: 550.778, prod: 0.215255, t_ads: 20.6, t_des: 18.7, bed_util_ads: 0.500, bed_util_des: 0.499, des_th: 0.49947116913930734,frac_lost: 0.105, li_recovered:  8.444, time: 0.00663904300017748
L: 0.50, u_super: 0.00957, sec: 555.806, prod: 0.216582, t_ads: 20.5, t_des: 18.5, bed_util_ads: 0.499, bed_util_des: 0.499, des_th: 0.4993450147039295,frac_lost: 0.107, li_recovered:  8.450, time: 0.006261697000809363
L: 6.37, u_super: 0.00005 — INFEASIBLE (li_recovered=0.000e+00), time: 0.0013214549999247538
L: 0.50, u_super: 0.00812, sec: 463.592, prod: 0.183607, t_ads: 24.1, t_des: 21.8, bed_util_ads: 0.499, bed_util_des: 0.499, des_th: 0.498892350206333,frac_lost: 0.107, li_recovered:  8.436, time: 0.005535426000278676
L: 0.50, u_super: 0.00435, sec: 238.082, prod: 0.097826, t_ads: 44.8, t_des: 40.3, bed_util_ads: 0.498, bed_util_des: 0.497, des_th: 0.497293763629128,frac_lost: 0.107, li_recovered:  8.329, time: 0.005718986998545006
L: 0.50, u_super: 0.00075, sec: 42.401, prod: 0.015578, t_ads: 247.2, t_des: 214.9, bed_util_ads: 0.483, bed_util_des: 0.483, des_th: 0.4827447993734393,frac_lost: 0.105, li_recovered:  7.198, time: 0.006498368000393384
L: 0.50, u_super: 0.00559, sec: 308.929, prod: 0.126241, t_ads: 34.7, t_des: 31.1, bed_util_ads: 0.499, bed_util_des: 0.499, des_th: 0.4987272923904213,frac_lost: 0.101, li_recovered:  8.311, time: 0.005499474998941878
L: 0.50, u_super: 0.00194, sec: 104.528, prod: 0.043004, t_ads: 98.3, t_des: 94.7, bed_util_ads: 0.484, bed_util_des: 0.484, des_th: 0.4835546736733414,frac_lost: 0.100, li_recovered:  8.302, time: 0.005254306999631808
L: 0.50, u_super: 0.00990, sec: 602.329, prod: 0.214989, t_ads: 19.7, t_des: 20.8, bed_util_ads: 0.481, bed_util_des: 0.480, des_th: 0.48043889742964724,frac_lost: 0.105, li_recovered:  8.707, time: 0.006605276001209859
L: 4.08, u_super: 0.00630 — INFEASIBLE (li_recovered=0.000e+00), time: 0.003155354999762494
L: 0.50, u_super: 0.00310, sec: 168.197, prod: 0.069218, t_ads: 62.2, t_des: 54.6, bed_util_ads: 0.500, bed_util_des: 0.499, des_th: 0.4994182815267351,frac_lost: 0.103, li_recovered:  8.082, time: 0.005877442999917548
L: 76.63, u_super: 0.00546 — INFEASIBLE (li_recovered=0.000e+00), time: 0.0010379590003140038
L: 0.50, u_super: 0.00638, sec: 3065.587, prod: 0.016754, t_ads: 30.7, t_des: 493.4, bed_util_ads: 0.191, bed_util_des: 0.186, des_th: 0.18648842367120963,frac_lost: 0.103, li_recovered:  8.781, time: 0.04004886899929261
L: 0.50, u_super: 0.00084, sec: 46.646, prod: 0.017544, t_ads: 224.6, t_des: 196.3, bed_util_ads: 0.486, bed_util_des: 0.485, des_th: 0.4849780349683225,frac_lost: 0.108, li_recovered:  7.384, time: 0.004041797999889241
L: 0.50, u_super: 0.00232, sec: 125.930, prod: 0.051229, t_ads: 83.2, t_des: 72.0, bed_util_ads: 0.500, bed_util_des: 0.499, des_th: 0.4995026308577564,frac_lost: 0.107, li_recovered:  7.950, time: 0.005548688000999391
L: 0.50, u_super: 0.00564, sec: 401.650, prod: 0.098996, t_ads: 34.7, t_des: 53.1, bed_util_ads: 0.432, bed_util_des: 0.431, des_th: 0.43110671848567916,frac_lost: 0.107, li_recovered:  8.694, time: 0.006534239000757225
L: 3.56, u_super: 0.00709 — INFEASIBLE (li_recovered=0.000e+00), time: 0.0029008080000494374
L: 0.50, u_super: 0.00918, sec: 531.530, prod: 0.207716, t_ads: 21.3, t_des: 19.8, bed_util_ads: 0.496, bed_util_des: 0.496, des_th: 0.4958149807551941,frac_lost: 0.106, li_recovered:  8.532, time: 0.004774766999616986
L: 0.50, u_super: 0.00334, sec: 181.154, prod: 0.074784, t_ads: 58.3, t_des: 52.5, bed_util_ads: 0.497, bed_util_des: 0.497, des_th: 0.496530448358344,frac_lost: 0.109, li_recovered:  8.285, time: 0.0045227129994600546
L: 0.50, u_super: 0.00878, sec: 504.644, prod: 0.198792, t_ads: 22.3, t_des: 20.2, bed_util_ads: 0.499, bed_util_des: 0.499, des_th: 0.4992972941712061,frac_lost: 0.106, li_recovered:  8.444, time: 0.00423174800016568
   673 |    26920 |     40 |  0.0030379578 |             f
L: 20.88, u_super: 0.00051 — INFEASIBLE (li_recovered=0.000e+00), time: 0.0015176970009633806
L: 0.50, u_super: 0.00547, sec: 303.602, prod: 0.122889, t_ads: 35.5, t_des: 34.0, bed_util_ads: 0.491, bed_util_des: 0.491, des_th: 0.49111116865091237,frac_lost: 0.102, li_recovered:  8.546, time: 0.0038128839987621177
L: 0.50, u_super: 0.00157, sec: 84.677, prod: 0.034373, t_ads: 122.1, t_des: 117.4, bed_util_ads: 0.482, bed_util_des: 0.481, des_th: 0.4814749844058826,frac_lost: 0.105, li_recovered:  8.233, time: 0.005268214001262095
L: 33.50, u_super: 0.00990 — INFEASIBLE (li_recovered=0.000e+00), time: 0.0014709400002175244
L: 0.50, u_super: 0.00591, sec: 328.282, prod: 0.133710, t_ads: 32.8, t_des: 29.4, bed_util_ads: 0.499, bed_util_des: 0.499, des_th: 0.499299733237136,frac_lost: 0.101, li_recovered:  8.319, time: 0.0035149840005033184
L: 0.50, u_super: 0.00006, sec: 5.030, prod: 0.000780, t_ads: 3080.1, t_des: 5630.4, bed_util_ads: 0.257, bed_util_des: 0.184, des_th: 0.18451074243633298,frac_lost: 0.104, li_recovered:  6.793, time: 0.0057927239995478885
L: 0.50, u_super: 0.00668, sec: 375.668, prod: 0.150550, t_ads: 29.3, t_des: 27.2, bed_util_ads: 0.496, bed_util_des: 0.496, des_th: 0.4958224177441217,frac_lost: 0.108, li_recovered:  8.515, time: 0.005042531000071904
L: 0.50, u_super: 0.00959, sec: 556.637, prod: 0.217549, t_ads: 20.3, t_des: 18.7, bed_util_ads: 0.497, bed_util_des: 0.497, des_th: 0.4973456550244625,frac_lost: 0.104, li_recovered:  8.489, time: 0.006140308998510591
L: 0.50, u_super: 0.00919, sec: 531.573, prod: 0.208057, t_ads: 21.3, t_des: 19.3, bed_util_ads: 0.500, bed_util_des: 0.500, des_th: 0.4996252005343878,frac_lost: 0.107, li_recovered:  8.455, time: 0.005729745000280673
L: 0.50, u_super: 0.00796, sec: 453.949, prod: 0.179978, t_ads: 24.6, t_des: 22.2, bed_util_ads: 0.499, bed_util_des: 0.499, des_th: 0.4986089079590836,frac_lost: 0.108, li_recovered:  8.434, time: 0.006455093000113266
L: 0.50, u_super: 0.00297, sec: 160.029, prod: 0.066273, t_ads: 65.0, t_des: 57.9, bed_util_ads: 0.497, bed_util_des: 0.497, des_th: 0.49693358403898513,frac_lost: 0.101, li_recovered:  8.139, time: 0.005012215000533615
L: 0.50, u_super: 0.00328, sec: 178.131, prod: 0.073278, t_ads: 59.3, t_des: 52.3, bed_util_ads: 0.500, bed_util_des: 0.500, des_th: 0.49963777977539314,frac_lost: 0.108, li_recovered:  8.177, time: 0.0071749109993106686
L: 0.50, u_super: 0.00411, sec: 224.611, prod: 0.092186, t_ads: 47.2, t_des: 44.8, bed_util_ads: 0.491, bed_util_des: 0.491, des_th: 0.49053459933516713,frac_lost: 0.104, li_recovered:  8.483, time: 0.004576671000904753
L: 26.66, u_super: 0.00807 — INFEASIBLE (li_recovered=0.000e+00), time: 0.001610686998901656
L: 29.18, u_super: 0.00070 — INFEASIBLE (li_recovered=0.000e+00), time: 0.0012643959998968057
L: 0.50, u_super: 0.00005, sec: 5.027, prod: 0.000576, t_ads: 3986.0, t_des: 10473.1, bed_util_ads: 0.227, bed_util_des: 0.123, des_th: 0.12336793645649974,frac_lost: 0.101, li_recovered:  8.327, time: 0.009630450000258861
L: 0.50, u_super: 0.00756, sec: 428.809, prod: 0.170949, t_ads: 25.9, t_des: 23.7, bed_util_ads: 0.497, bed_util_des: 0.496, des_th: 0.49641501670484744,frac_lost: 0.106, li_recovered:  8.479, time: 0.004867809999268502
L: 0.50, u_super: 0.00324, sec: 175.726, prod: 0.072413, t_ads: 59.5, t_des: 52.3, bed_util_ads: 0.500, bed_util_des: 0.499, des_th: 0.49951660805617504,frac_lost: 0.101, li_recovered:  8.093, time: 0.005003609001505538
L: 0.50, u_super: 0.00481, sec: 265.499, prod: 0.107952, t_ads: 40.4, t_des: 38.6, bed_util_ads: 0.491, bed_util_des: 0.491, des_th: 0.49058361532021905,frac_lost: 0.104, li_recovered:  8.531, time: 0.0047617519994673785
L: 0.50, u_super: 0.00618, sec: 358.510, prod: 0.134254, t_ads: 31.4, t_des: 33.2, bed_util_ads: 0.479, bed_util_des: 0.479, des_th: 0.4785283105636736,frac_lost: 0.100, li_recovered:  8.662, time: 0.005123980999997002
L: 0.50, u_super: 0.00729, sec: 411.211, prod: 0.165192, t_ads: 26.7, t_des: 24.1, bed_util_ads: 0.500, bed_util_des: 0.499, des_th: 0.49942353325447775,frac_lost: 0.102, li_recovered:  8.391, time: 0.004979647001164267
L: 0.50, u_super: 0.00423, sec: 230.777, prod: 0.095018, t_ads: 45.9, t_des: 41.0, bed_util_ads: 0.500, bed_util_des: 0.499, des_th: 0.4994182815267351,frac_lost: 0.104, li_recovered:  8.260, time: 0.004546015999949304
L: 0.50, u_super: 0.00876, sec: 504.125, prod: 0.198401, t_ads: 22.3, t_des: 20.0, bed_util_ads: 0.500, bed_util_des: 0.500, des_th: 0.49977140996459196,frac_lost: 0.106, li_recovered:  8.395, time: 0.004067980000399984
L: 0.50, u_super: 0.00517, sec: 286.807, prod: 0.115833, t_ads: 37.5, t_des: 36.4, bed_util_ads: 0.489, bed_util_des: 0.489, des_th: 0.48917120181950324,frac_lost: 0.101, li_recovered:  8.563, time: 0.006086560000767349
L: 0.50, u_super: 0.00824, sec: 471.489, prod: 0.186457, t_ads: 23.7, t_des: 21.3, bed_util_ads: 0.500, bed_util_des: 0.500, des_th: 0.4998690589116779,frac_lost: 0.107, li_recovered:  8.393, time: 0.0074240320009266725
L: 24.08, u_super: 0.00669 — INFEASIBLE (li_recovered=0.000e+00), time: 0.0020704620001197327
L: 0.50, u_super: 0.00759, sec: 474.200, prod: 0.155726, t_ads: 25.8, t_des: 30.1, bed_util_ads: 0.467, bed_util_des: 0.466, des_th: 0.46623837582104743,frac_lost: 0.106, li_recovered:  8.702, time: 0.006291134001003229
L: 0.50, u_super: 0.00262, sec: 142.164, prod: 0.058136, t_ads: 73.6, t_des: 64.0, bed_util_ads: 0.500, bed_util_des: 0.500, des_th: 0.4996451972358624,frac_lost: 0.105, li_recovered:  7.999, time: 0.005703885000912123
L: 0.50, u_super: 0.00432, sec: 236.149, prod: 0.097294, t_ads: 45.0, t_des: 40.6, bed_util_ads: 0.498, bed_util_des: 0.497, des_th: 0.49729995582674613,frac_lost: 0.105, li_recovered:  8.323, time: 0.004621378000592813
L: 0.50, u_super: 0.00520, sec: 286.022, prod: 0.117480, t_ads: 37.3, t_des: 34.1, bed_util_ads: 0.496, bed_util_des: 0.496, des_th: 0.4957168454802014,frac_lost: 0.101, li_recovered:  8.390, time: 0.005003018000934389
L: 0.50, u_super: 0.00630, sec: 351.079, prod: 0.142762, t_ads: 30.8, t_des: 28.1, bed_util_ads: 0.497, bed_util_des: 0.497, des_th: 0.49717172508926644,frac_lost: 0.101, li_recovered:  8.410, time: 0.006899652000356582
L: 0.50, u_super: 0.00981, sec: 784.064, prod: 0.162030, t_ads: 19.9, t_des: 34.0, bed_util_ads: 0.421, bed_util_des: 0.420, des_th: 0.4198504903277994,frac_lost: 0.103, li_recovered:  8.729, time: 0.007609116000821814
L: 0.50, u_super: 0.00900, sec: 519.931, prod: 0.203319, t_ads: 21.8, t_des: 20.2, bed_util_ads: 0.497, bed_util_des: 0.497, des_th: 0.4966462404782863,frac_lost: 0.108, li_recovered:  8.532, time: 0.007104485999661847
L: 0.50, u_super: 0.00120, sec: 68.149, prod: 0.024924, t_ads: 159.3, t_des: 173.0, bed_util_ads: 0.464, bed_util_des: 0.462, des_th: 0.46167663055776,frac_lost: 0.108, li_recovered:  8.281, time: 0.007937094000226352
L: 0.50, u_super: 0.00828, sec: 473.734, prod: 0.187344, t_ads: 23.6, t_des: 21.2, bed_util_ads: 0.500, bed_util_des: 0.500, des_th: 0.499870140410695,frac_lost: 0.107, li_recovered:  8.402, time: 0.007796546000463422
L: 56.99, u_super: 0.00886 — INFEASIBLE (li_recovered=0.000e+00), time: 0.0011874909996549832
L: 0.50, u_super: 0.00602, sec: 334.243, prod: 0.136120, t_ads: 32.2, t_des: 28.9, bed_util_ads: 0.500, bed_util_des: 0.500, des_th: 0.49995396373087886,frac_lost: 0.101, li_recovered:  8.323, time: 0.0055067680004867725
L: 0.50, u_super: 0.00935, sec: 541.677, prod: 0.211897, t_ads: 20.9, t_des: 18.9, bed_util_ads: 0.500, bed_util_des: 0.500, des_th: 0.4997331328574093,frac_lost: 0.106, li_recovered:  8.447, time: 0.005812563998915721
L: 0.50, u_super: 0.00921, sec: 532.316, prod: 0.208737, t_ads: 21.2, t_des: 19.3, bed_util_ads: 0.499, bed_util_des: 0.499, des_th: 0.49895171791209014,frac_lost: 0.105, li_recovered:  8.448, time: 0.005709468001441564
L: 0.50, u_super: 0.00623, sec: 347.389, prod: 0.140761, t_ads: 31.3, t_des: 28.8, bed_util_ads: 0.497, bed_util_des: 0.497, des_th: 0.49668129907948966,frac_lost: 0.104, li_recovered:  8.460, time: 0.009099339000385953
   674 |    26960 |     40 |  0.0035158349 |             f
L: 0.50, u_super: 0.00232, sec: 125.916, prod: 0.051235, t_ads: 83.1, t_des: 72.0, bed_util_ads: 0.500, bed_util_des: 0.499, des_th: 0.49950714528204754,frac_lost: 0.106, li_recovered:  7.946, time: 0.00707999200130871
L: 0.50, u_super: 0.00474, sec: 260.515, prod: 0.106404, t_ads: 41.1, t_des: 38.8, bed_util_ads: 0.492, bed_util_des: 0.492, des_th: 0.4917419909061707,frac_lost: 0.105, li_recovered:  8.501, time: 0.008312029998705839
L: 0.50, u_super: 0.00006, sec: 4.864, prod: 0.000757, t_ads: 3133.4, t_des: 5646.6, bed_util_ads: 0.255, bed_util_des: 0.184, des_th: 0.18449580354356565,frac_lost: 0.102, li_recovered:  6.647, time: 0.01086417800070194
L: 3.89, u_super: 0.00068 — INFEASIBLE (li_recovered=0.000e+00), time: 0.002123430998835829
L: 0.50, u_super: 0.00811, sec: 461.396, prod: 0.183884, t_ads: 24.0, t_des: 21.6, bed_util_ads: 0.500, bed_util_des: 0.500, des_th: 0.49969897298759974,frac_lost: 0.101, li_recovered:  8.382, time: 0.00828749199899903
L: 0.50, u_super: 0.00990, sec: 590.857, prod: 0.219162, t_ads: 19.8, t_des: 19.9, bed_util_ads: 0.486, bed_util_des: 0.486, des_th: 0.48555772816528814,frac_lost: 0.106, li_recovered:  8.684, time: 0.007391346000076737
L: 0.50, u_super: 0.00337, sec: 183.203, prod: 0.075266, t_ads: 57.7, t_des: 50.7, bed_util_ads: 0.500, bed_util_des: 0.499, des_th: 0.4995220816153109,frac_lost: 0.107, li_recovered:  8.159, time: 0.005622116999802529
L: 0.50, u_super: 0.00564, sec: 312.192, prod: 0.127363, t_ads: 34.4, t_des: 30.8, bed_util_ads: 0.500, bed_util_des: 0.500, des_th: 0.49970052779312335,frac_lost: 0.102, li_recovered:  8.303, time: 0.005663817000822746
L: 0.50, u_super: 0.00882, sec: 507.948, prod: 0.199698, t_ads: 22.2, t_des: 20.1, bed_util_ads: 0.500, bed_util_des: 0.500, des_th: 0.4998858403880097,frac_lost: 0.107, li_recovered:  8.441, time: 0.0060767880004277686
L: 0.50, u_super: 0.00220, sec: 119.029, prod: 0.048498, t_ads: 87.7, t_des: 76.4, bed_util_ads: 0.499, bed_util_des: 0.499, des_th: 0.4990177039091522,frac_lost: 0.106, li_recovered:  7.957, time: 0.004614751000190154
L: 0.50, u_super: 0.00389, sec: 212.120, prod: 0.087234, t_ads: 50.1, t_des: 44.6, bed_util_ads: 0.499, bed_util_des: 0.498, des_th: 0.49835038611633103,frac_lost: 0.108, li_recovered:  8.254, time: 0.0055171419990074355
L: 0.50, u_super: 0.00607, sec: 337.771, prod: 0.137374, t_ads: 32.0, t_des: 28.9, bed_util_ads: 0.499, bed_util_des: 0.499, des_th: 0.4986523425364924,frac_lost: 0.102, li_recovered:  8.362, time: 0.005044120000093244
L: 0.50, u_super: 0.00824, sec: 490.683, prod: 0.178843, t_ads: 23.8, t_des: 24.9, bed_util_ads: 0.482, bed_util_des: 0.481, des_th: 0.4814749844058826,frac_lost: 0.107, li_recovered:  8.695, time: 0.005366027999116341
L: 6.34, u_super: 0.00522 — INFEASIBLE (li_recovered=0.000e+00), time: 0.00289651499952015
L: 0.50, u_super: 0.00879, sec: 505.601, prod: 0.198974, t_ads: 22.3, t_des: 20.2, bed_util_ads: 0.500, bed_util_des: 0.500, des_th: 0.4996364042709761,frac_lost: 0.106, li_recovered:  8.451, time: 0.004434094998941873
L: 0.50, u_super: 0.00801, sec: 507.903, prod: 0.162750, t_ads: 24.4, t_des: 29.1, bed_util_ads: 0.464, bed_util_des: 0.464, des_th: 0.4635010179484378,frac_lost: 0.105, li_recovered:  8.705, time: 0.005668081999829155
L: 0.50, u_super: 0.00337, sec: 183.293, prod: 0.075094, t_ads: 57.7, t_des: 50.4, bed_util_ads: 0.500, bed_util_des: 0.500, des_th: 0.49994640151775965,frac_lost: 0.107, li_recovered:  8.118, time: 0.004824177000045893
L: 41.82, u_super: 0.00836 — INFEASIBLE (li_recovered=0.000e+00), time: 0.0011069410011259606
L: 0.50, u_super: 0.00652, sec: 364.643, prod: 0.147642, t_ads: 29.7, t_des: 26.6, bed_util_ads: 0.500, bed_util_des: 0.499, des_th: 0.49941800771673645,frac_lost: 0.100, li_recovered:  8.318, time: 0.004640179000489297
L: 1.19, u_super: 0.00092, sec: 137.270, prod: 0.017036, t_ads: 451.7, t_des: 387.2, bed_util_ads: 0.463, bed_util_des: 0.463, des_th: 0.46311821762442523,frac_lost: 0.104, li_recovered:  14.291, time: 0.004188959999737563
L: 9.85, u_super: 0.00796, sec: 10342.997, prod: 0.155617, t_ads: 434.0, t_des: 407.3, bed_util_ads: 0.456, bed_util_des: 0.454, des_th: 0.4540540894545736,frac_lost: 0.101, li_recovered:  130.913, time: 0.0036581010008376325
L: 2.60, u_super: 0.00051 — INFEASIBLE (li_recovered=0.000e+00), time: 0.0014951030007068766
L: 0.50, u_super: 0.00005, sec: 4.335, prod: 0.000671, t_ads: 3427.5, t_des: 5850.8, bed_util_ads: 0.253, bed_util_des: 0.185, des_th: 0.18518460120850055,frac_lost: 0.103, li_recovered:  6.228, time: 0.005462764000185416
L: 0.50, u_super: 0.00902, sec: 536.456, prod: 0.198024, t_ads: 21.7, t_des: 22.2, bed_util_ads: 0.485, bed_util_des: 0.484, des_th: 0.4844452873629628,frac_lost: 0.107, li_recovered:  8.691, time: 0.006411925000065821
L: 1.92, u_super: 0.00522, sec: 1174.769, prod: 0.110796, t_ads: 139.4, t_des: 115.5, bed_util_ads: 0.499, bed_util_des: 0.499, des_th: 0.4986201821110767,frac_lost: 0.102, li_recovered:  28.240, time: 0.004206358000374166
L: 26.81, u_super: 0.00028 — INFEASIBLE (li_recovered=0.000e+00), time: 0.0009202920009556692
L: 0.50, u_super: 0.00298, sec: 160.694, prod: 0.066530, t_ads: 64.8, t_des: 57.7, bed_util_ads: 0.498, bed_util_des: 0.497, des_th: 0.497438229984723,frac_lost: 0.102, li_recovered:  8.146, time: 0.006636391000938602
L: 0.50, u_super: 0.00702, sec: 396.037, prod: 0.158414, t_ads: 27.9, t_des: 25.0, bed_util_ads: 0.500, bed_util_des: 0.499, des_th: 0.49941939912281413,frac_lost: 0.109, li_recovered:  8.387, time: 0.004698889000792406
L: 0.50, u_super: 0.00652, sec: 378.950, prod: 0.141789, t_ads: 30.0, t_des: 31.1, bed_util_ads: 0.482, bed_util_des: 0.482, des_th: 0.48177078709242555,frac_lost: 0.108, li_recovered:  8.673, time: 0.005028606999985641
L: 0.50, u_super: 0.00623, sec: 348.052, prod: 0.140564, t_ads: 31.4, t_des: 28.2, bed_util_ads: 0.500, bed_util_des: 0.500, des_th: 0.49995218447586415,frac_lost: 0.108, li_recovered:  8.381, time: 0.004671734999647015
L: 0.50, u_super: 0.00254, sec: 137.508, prod: 0.056162, t_ads: 76.0, t_des: 65.9, bed_util_ads: 0.500, bed_util_des: 0.499, des_th: 0.4995026308577564,frac_lost: 0.104, li_recovered:  7.971, time: 0.004707664000306977
L: 0.50, u_super: 0.00128, sec: 69.276, prod: 0.027998, t_ads: 148.1, t_des: 139.0, bed_util_ads: 0.484, bed_util_des: 0.483, des_th: 0.4825591860324748,frac_lost: 0.104, li_recovered:  8.039, time: 0.006334711999443243
L: 0.50, u_super: 0.00514, sec: 283.217, prod: 0.116033, t_ads: 37.7, t_des: 33.7, bed_util_ads: 0.499, bed_util_des: 0.499, des_th: 0.499299733237136,frac_lost: 0.102, li_recovered:  8.292, time: 0.0056284829988726415
L: 0.50, u_super: 0.00334, sec: 180.603, prod: 0.074822, t_ads: 57.7, t_des: 51.4, bed_util_ads: 0.497, bed_util_des: 0.497, des_th: 0.4972372977857389,frac_lost: 0.100, li_recovered:  8.165, time: 0.005600348000371014
L: 16.62, u_super: 0.00116 — INFEASIBLE (li_recovered=0.000e+00), time: 0.0009255120003217598
L: 13.00, u_super: 0.00365 — INFEASIBLE (li_recovered=0.000e+00), time: 0.0013373300007515354
L: 0.50, u_super: 0.00186, sec: 101.946, prod: 0.040385, t_ads: 102.6, t_des: 86.5, bed_util_ads: 0.500, bed_util_des: 0.500, des_th: 0.49983605448721247,frac_lost: 0.102, li_recovered:  7.639, time: 0.005082636000224738
L: 0.50, u_super: 0.00989, sec: 575.808, prod: 0.224332, t_ads: 19.7, t_des: 18.0, bed_util_ads: 0.499, bed_util_des: 0.499, des_th: 0.4992447571396638,frac_lost: 0.104, li_recovered:  8.458, time: 0.004501557001276524
L: 0.50, u_super: 0.00027 — INFEASIBLE (li_recovered=0.000e+00), time: 0.0020303609999245964
L: 0.50, u_super: 0.00057 — INFEASIBLE (li_recovered=0.000e+00), time: 0.002418572999886237
   675 |    27000 |     40 |  0.0013510951 |             f
L: 0.50, u_super: 0.00439, sec: 240.146, prod: 0.098591, t_ads: 44.2, t_des: 39.1, bed_util_ads: 0.499, bed_util_des: 0.499, des_th: 0.499299733237136,frac_lost: 0.103, li_recovered:  8.220, time: 0.004601499998898362
L: 0.50, u_super: 0.00051, sec: 29.107, prod: 0.010272, t_ads: 355.8, t_des: 334.4, bed_util_ads: 0.464, bed_util_des: 0.462, des_th: 0.46167663055776,frac_lost: 0.102, li_recovered:  7.090, time: 0.0043533970001590205
L: 0.50, u_super: 0.00092, sec: 50.444, prod: 0.019500, t_ads: 205.0, t_des: 183.5, bed_util_ads: 0.485, bed_util_des: 0.484, des_th: 0.4842360624096513,frac_lost: 0.105, li_recovered:  7.576, time: 0.004545031999441562
L: 0.50, u_super: 0.00963, sec: 559.488, prod: 0.218370, t_ads: 20.3, t_des: 18.4, bed_util_ads: 0.500, bed_util_des: 0.500, des_th: 0.4997040711877483,frac_lost: 0.105, li_recovered:  8.444, time: 0.005456721999507863
L: 0.50, u_super: 0.00154, sec: 84.718, prod: 0.033195, t_ads: 124.1, t_des: 104.7, bed_util_ads: 0.499, bed_util_des: 0.498, des_th: 0.4983755431798017,frac_lost: 0.107, li_recovered:  7.596, time: 0.005860002000190434
L: 0.50, u_super: 0.00769, sec: 443.167, prod: 0.171453, t_ads: 25.4, t_des: 25.0, bed_util_ads: 0.488, bed_util_des: 0.488, des_th: 0.4877609395748929,frac_lost: 0.106, li_recovered:  8.641, time: 0.005493894999744953
L: 0.50, u_super: 0.00876, sec: 503.894, prod: 0.198233, t_ads: 22.3, t_des: 20.5, bed_util_ads: 0.497, bed_util_des: 0.497, des_th: 0.4966462404782863,frac_lost: 0.106, li_recovered:  8.497, time: 0.006696320999253658
L: 0.50, u_super: 0.00031 — INFEASIBLE (li_recovered=0.000e+00), time: 0.0022271800007729325
L: 0.50, u_super: 0.00231, sec: 125.320, prod: 0.051076, t_ads: 83.5, t_des: 72.5, bed_util_ads: 0.500, bed_util_des: 0.500, des_th: 0.49963777977539314,frac_lost: 0.106, li_recovered:  7.968, time: 0.00498252999932447
L: 0.50, u_super: 0.00867, sec: 498.073, prod: 0.196282, t_ads: 22.5, t_des: 20.7, bed_util_ads: 0.498, bed_util_des: 0.497, des_th: 0.4973790267310664,frac_lost: 0.106, li_recovered:  8.493, time: 0.008162935999280307
L: 0.50, u_super: 0.00194, sec: 105.144, prod: 0.042753, t_ads: 98.4, t_des: 97.2, bed_util_ads: 0.481, bed_util_des: 0.480, des_th: 0.4804173603742296,frac_lost: 0.100, li_recovered:  8.361, time: 0.007056435000777128
L: 0.50, u_super: 0.00668, sec: 374.179, prod: 0.151319, t_ads: 29.0, t_des: 26.0, bed_util_ads: 0.499, bed_util_des: 0.499, des_th: 0.4992447571396638,frac_lost: 0.100, li_recovered:  8.321, time: 0.007230786999571137
L: 0.50, u_super: 0.00418, sec: 228.487, prod: 0.093771, t_ads: 46.5, t_des: 41.0, bed_util_ads: 0.500, bed_util_des: 0.500, des_th: 0.49992927395402387,frac_lost: 0.105, li_recovered:  8.209, time: 0.008935591999033932
L: 20.25, u_super: 0.00564 — INFEASIBLE (li_recovered=0.000e+00), time: 0.001726727999994182
L: 0.50, u_super: 0.00892, sec: 514.874, prod: 0.201627, t_ads: 21.9, t_des: 20.4, bed_util_ads: 0.497, bed_util_des: 0.497, des_th: 0.4966462404782863,frac_lost: 0.107, li_recovered:  8.539, time: 0.008531907000360661
L: 0.50, u_super: 0.00798, sec: 4034.504, prod: 0.020331, t_ads: 24.5, t_des: 407.3, bed_util_ads: 0.189, bed_util_des: 0.185, des_th: 0.1851696623157332,frac_lost: 0.102, li_recovered:  8.779, time: 0.04403178099892102
L: 13.02, u_super: 0.00284 — INFEASIBLE (li_recovered=0.000e+00), time: 0.0014328290017147083
L: 0.50, u_super: 0.00886, sec: 510.140, prod: 0.200452, t_ads: 22.1, t_des: 20.2, bed_util_ads: 0.497, bed_util_des: 0.497, des_th: 0.4973456550244625,frac_lost: 0.107, li_recovered:  8.487, time: 0.004962610999427852
L: 0.50, u_super: 0.00597, sec: 331.516, prod: 0.135134, t_ads: 32.5, t_des: 29.5, bed_util_ads: 0.497, bed_util_des: 0.497, des_th: 0.497293763629128,frac_lost: 0.101, li_recovered:  8.370, time: 0.004602781000357936
L: 0.50, u_super: 0.00872, sec: 630.360, prod: 0.157118, t_ads: 22.4, t_des: 33.1, bed_util_ads: 0.438, bed_util_des: 0.437, des_th: 0.43706327375585746,frac_lost: 0.105, li_recovered:  8.720, time: 0.005638473001454258
L: 0.55, u_super: 0.00455, sec: 276.555, prod: 0.102025, t_ads: 47.4, t_des: 44.4, bed_util_ads: 0.493, bed_util_des: 0.492, des_th: 0.4923729790745489,frac_lost: 0.106, li_recovered:  9.368, time: 0.0044406770011846675
L: 0.50, u_super: 0.00421, sec: 229.980, prod: 0.094425, t_ads: 46.3, t_des: 41.3, bed_util_ads: 0.500, bed_util_des: 0.499, des_th: 0.49941800771673645,frac_lost: 0.108, li_recovered:  8.272, time: 0.004317704000641243
L: 0.50, u_super: 0.00970, sec: 586.985, prod: 0.211281, t_ads: 20.1, t_des: 21.1, bed_util_ads: 0.482, bed_util_des: 0.481, des_th: 0.4813609097469712,frac_lost: 0.104, li_recovered:  8.702, time: 0.004656138000427745
L: 0.50, u_super: 0.00232, sec: 125.548, prod: 0.051384, t_ads: 83.2, t_des: 73.0, bed_util_ads: 0.499, bed_util_des: 0.498, des_th: 0.49829916807969454,frac_lost: 0.107, li_recovered:  8.025, time: 0.004122296999412356
L: 0.50, u_super: 0.00729, sec: 411.211, prod: 0.165192, t_ads: 26.7, t_des: 24.1, bed_util_ads: 0.500, bed_util_des: 0.499, des_th: 0.49942353325447775,frac_lost: 0.102, li_recovered:  8.391, time: 0.005677271999957156
L: 0.50, u_super: 0.00795, sec: 4025.218, prod: 0.020212, t_ads: 24.7, t_des: 409.8, bed_util_ads: 0.189, bed_util_des: 0.185, des_th: 0.1851696623157332,frac_lost: 0.104, li_recovered:  8.782, time: 0.039994122000280186
L: 0.50, u_super: 0.00564, sec: 312.091, prod: 0.127404, t_ads: 34.4, t_des: 30.9, bed_util_ads: 0.500, bed_util_des: 0.500, des_th: 0.4999360549356888,frac_lost: 0.102, li_recovered:  8.315, time: 0.006445479999456438
L: 0.50, u_super: 0.00062, sec: 34.967, prod: 0.012949, t_ads: 297.0, t_des: 289.0, bed_util_ads: 0.466, bed_util_des: 0.463, des_th: 0.46324741547289483,frac_lost: 0.106, li_recovered:  7.588, time: 0.004494091001106426
L: 0.50, u_super: 0.00546, sec: 301.171, prod: 0.123344, t_ads: 35.5, t_des: 31.9, bed_util_ads: 0.500, bed_util_des: 0.500, des_th: 0.49955151418621985,frac_lost: 0.100, li_recovered:  8.305, time: 0.006276609999986249
L: 0.50, u_super: 0.00782, sec: 444.961, prod: 0.176789, t_ads: 25.0, t_des: 22.7, bed_util_ads: 0.500, bed_util_des: 0.499, des_th: 0.4993985251082366,frac_lost: 0.108, li_recovered:  8.441, time: 0.0051070350000372855
L: 0.50, u_super: 0.00388, sec: 211.742, prod: 0.087033, t_ads: 50.0, t_des: 44.1, bed_util_ads: 0.500, bed_util_des: 0.500, des_th: 0.4996873994315905,frac_lost: 0.105, li_recovered:  8.193, time: 0.0054174680008145515
L: 0.50, u_super: 0.00591, sec: 356.244, prod: 0.123215, t_ads: 32.8, t_des: 37.6, bed_util_ads: 0.469, bed_util_des: 0.469, des_th: 0.46871290882833755,frac_lost: 0.101, li_recovered:  8.672, time: 0.005658382000547135
L: 0.50, u_super: 0.00240, sec: 132.275, prod: 0.052010, t_ads: 80.3, t_des: 82.9, bed_util_ads: 0.477, bed_util_des: 0.476, des_th: 0.47589825135986624,frac_lost: 0.102, li_recovered:  8.489, time: 0.007125254998754826
L: 0.50, u_super: 0.00020 — INFEASIBLE (li_recovered=0.000e+00), time: 0.001619810000192956
L: 0.50, u_super: 0.00990, sec: 576.489, prod: 0.224625, t_ads: 19.7, t_des: 17.7, bed_util_ads: 0.500, bed_util_des: 0.500, des_th: 0.49952459593824916,frac_lost: 0.103, li_recovered:  8.408, time: 0.004515540000284091
L: 0.50, u_super: 0.00006, sec: 5.012, prod: 0.000783, t_ads: 3041.1, t_des: 5481.2, bed_util_ads: 0.257, bed_util_des: 0.187, des_th: 0.18729536356728874,frac_lost: 0.102, li_recovered:  6.670, time: 0.005994932000248809
L: 0.50, u_super: 0.00092 — INFEASIBLE (li_recovered=0.000e+00), time: 0.002481515000908985
L: 0.50, u_super: 0.00859, sec: 495.458, prod: 0.193453, t_ads: 22.8, t_des: 21.6, bed_util_ads: 0.493, bed_util_des: 0.493, des_th: 0.4928656220190381,frac_lost: 0.106, li_recovered:  8.591, time: 0.00437615100054245
L: 0.50, u_super: 0.00297, sec: 161.437, prod: 0.065695, t_ads: 65.0, t_des: 64.1, bed_util_ads: 0.484, bed_util_des: 0.484, des_th: 0.4835422262109929,frac_lost: 0.101, li_recovered:  8.487, time: 0.005626664998999331
L: 0.50, u_super: 0.00267, sec: 144.413, prod: 0.059090, t_ads: 72.3, t_des: 62.8, bed_util_ads: 0.500, bed_util_des: 0.500, des_th: 0.4997946418576052,frac_lost: 0.102, li_recovered:  7.980, time: 0.003907075999450171
   676 |    27040 |     40 |  0.0033350044 |             f
L: 0.50, u_super: 0.00257, sec: 138.445, prod: 0.057142, t_ads: 75.2, t_des: 66.9, bed_util_ads: 0.498, bed_util_des: 0.497, des_th: 0.4973229506936448,frac_lost: 0.105, li_recovered:  8.118, time: 0.0046571420007239794
L: 0.50, u_super: 0.00264, sec: 141.870, prod: 0.058997, t_ads: 73.0, t_des: 67.4, bed_util_ads: 0.493, bed_util_des: 0.492, des_th: 0.4924490738666212,frac_lost: 0.102, li_recovered:  8.284, time: 0.0048320620007871184
L: 0.50, u_super: 0.00146, sec: 78.881, prod: 0.032019, t_ads: 130.6, t_des: 124.8, bed_util_ads: 0.482, bed_util_des: 0.481, des_th: 0.4814749844058826,frac_lost: 0.104, li_recovered:  8.176, time: 0.006682086001092102
L: 14.07, u_super: 0.00687 — INFEASIBLE (li_recovered=0.000e+00), time: 0.0025985789998230757
L: 0.50, u_super: 0.00911, sec: 543.332, prod: 0.199915, t_ads: 21.4, t_des: 22.1, bed_util_ads: 0.484, bed_util_des: 0.483, des_th: 0.48337075240427047,frac_lost: 0.104, li_recovered:  8.692, time: 0.005205059000218171
L: 0.50, u_super: 0.00275, sec: 148.823, prod: 0.060905, t_ads: 70.2, t_des: 61.0, bed_util_ads: 0.500, bed_util_des: 0.500, des_th: 0.49964728012606013,frac_lost: 0.103, li_recovered:  7.994, time: 0.004335776999141672
L: 5.59, u_super: 0.00179 — INFEASIBLE (li_recovered=0.000e+00), time: 0.0017785569998522988
L: 0.50, u_super: 0.00654, sec: 365.399, prod: 0.147942, t_ads: 29.7, t_des: 26.6, bed_util_ads: 0.499, bed_util_des: 0.499, des_th: 0.49937332584442834,frac_lost: 0.100, li_recovered:  8.319, time: 0.005024202000640798
L: 0.50, u_super: 0.00535, sec: 295.467, prod: 0.120654, t_ads: 36.2, t_des: 32.1, bed_util_ads: 0.500, bed_util_des: 0.500, des_th: 0.4999360549356888,frac_lost: 0.101, li_recovered:  8.243, time: 0.004547835000266787
L: 0.50, u_super: 0.00963, sec: 582.872, prod: 0.209609, t_ads: 20.3, t_des: 21.2, bed_util_ads: 0.482, bed_util_des: 0.481, des_th: 0.4813545077181042,frac_lost: 0.105, li_recovered:  8.703, time: 0.005069209000794217
L: 0.50, u_super: 0.00555, sec: 307.181, prod: 0.125408, t_ads: 34.9, t_des: 31.2, bed_util_ads: 0.499, bed_util_des: 0.499, des_th: 0.4990706992201595,frac_lost: 0.102, li_recovered:  8.298, time: 0.006243238000024576
L: 9.33, u_super: 0.00544 — INFEASIBLE (li_recovered=0.000e+00), time: 0.0019659589997900184
L: 0.50, u_super: 0.00756, sec: 429.282, prod: 0.170760, t_ads: 25.9, t_des: 23.2, bed_util_ads: 0.500, bed_util_des: 0.500, des_th: 0.4998496096956413,frac_lost: 0.108, li_recovered:  8.389, time: 0.004927493000650429
L: 0.50, u_super: 0.00005, sec: 9.344, prod: 0.000310, t_ads: 1926.9, t_des: 1597.6, bed_util_ads: 0.262, bed_util_des: 0.257, des_th: 0.25768978415121824,frac_lost: 0.101, li_recovered:  1.092, time: 0.003204634000212536
L: 0.50, u_super: 0.00564, sec: 317.903, prod: 0.125075, t_ads: 34.4, t_des: 34.6, bed_util_ads: 0.485, bed_util_des: 0.485, des_th: 0.48481678029160524,frac_lost: 0.100, li_recovered:  8.621, time: 0.004402518999995664
L: 0.50, u_super: 0.00062, sec: 34.967, prod: 0.012949, t_ads: 297.0, t_des: 289.0, bed_util_ads: 0.466, bed_util_des: 0.463, des_th: 0.46324741547289483,frac_lost: 0.106, li_recovered:  7.588, time: 0.004392609000205994
L: 0.50, u_super: 0.00143, sec: 77.017, prod: 0.031208, t_ads: 133.8, t_des: 128.1, bed_util_ads: 0.482, bed_util_des: 0.481, des_th: 0.4814749844058826,frac_lost: 0.104, li_recovered:  8.171, time: 0.004341730000305688
L: 0.50, u_super: 0.00821, sec: 469.114, prod: 0.185750, t_ads: 23.8, t_des: 21.3, bed_util_ads: 0.500, bed_util_des: 0.500, des_th: 0.499870140410695,frac_lost: 0.106, li_recovered:  8.385, time: 0.004693055001553148
L: 19.88, u_super: 0.00546 — INFEASIBLE (li_recovered=0.000e+00), time: 0.0011917370011360617
L: 0.50, u_super: 0.00641, sec: 357.522, prod: 0.145164, t_ads: 30.3, t_des: 27.7, bed_util_ads: 0.497, bed_util_des: 0.497, des_th: 0.49717172508926644,frac_lost: 0.101, li_recovered:  8.417, time: 0.0058557899992592866
L: 0.50, u_super: 0.00889, sec: 512.154, prod: 0.201300, t_ads: 22.0, t_des: 20.0, bed_util_ads: 0.499, bed_util_des: 0.499, des_th: 0.49912984401368593,frac_lost: 0.106, li_recovered:  8.455, time: 0.004403786000693799
L: 0.50, u_super: 0.00085 — INFEASIBLE (li_recovered=0.000e+00), time: 0.0026141010002902476
L: 0.50, u_super: 0.00437, sec: 239.437, prod: 0.098250, t_ads: 44.5, t_des: 39.6, bed_util_ads: 0.500, bed_util_des: 0.499, des_th: 0.4993546093312039,frac_lost: 0.106, li_recovered:  8.264, time: 0.004971149999619229
L: 0.50, u_super: 0.00482, sec: 264.849, prod: 0.108407, t_ads: 40.4, t_des: 36.0, bed_util_ads: 0.500, bed_util_des: 0.500, des_th: 0.4999250120656988,frac_lost: 0.106, li_recovered:  8.288, time: 0.005115637000926654
L: 0.50, u_super: 0.00755, sec: 429.054, prod: 0.170244, t_ads: 26.0, t_des: 24.1, bed_util_ads: 0.497, bed_util_des: 0.496, des_th: 0.4964594572564577,frac_lost: 0.109, li_recovered:  8.520, time: 0.004141527000683709
L: 0.50, u_super: 0.00080, sec: 44.561, prod: 0.016854, t_ads: 232.4, t_des: 238.2, bed_util_ads: 0.464, bed_util_des: 0.462, des_th: 0.46167663055776,frac_lost: 0.100, li_recovered:  7.931, time: 0.004946007999024005
L: 0.50, u_super: 0.00265, sec: 143.498, prod: 0.058672, t_ads: 72.8, t_des: 71.1, bed_util_ads: 0.486, bed_util_des: 0.485, des_th: 0.48521019542202565,frac_lost: 0.103, li_recovered:  8.446, time: 0.004805421000128263
L: 0.50, u_super: 0.00652, sec: 365.396, prod: 0.147338, t_ads: 29.7, t_des: 28.2, bed_util_ads: 0.492, bed_util_des: 0.492, des_th: 0.49207757679571373,frac_lost: 0.100, li_recovered:  8.533, time: 0.004644110000299406
L: 0.50, u_super: 0.00284, sec: 164.421, prod: 0.059043, t_ads: 68.5, t_des: 76.6, bed_util_ads: 0.469, bed_util_des: 0.468, des_th: 0.46767902564074465,frac_lost: 0.108, li_recovered:  8.572, time: 0.004312011000365601
L: 0.50, u_super: 0.00990, sec: 765.423, prod: 0.169179, t_ads: 19.7, t_des: 31.9, bed_util_ads: 0.427, bed_util_des: 0.426, des_th: 0.4261325880936936,frac_lost: 0.101, li_recovered:  8.725, time: 0.005601721000857651
L: 0.50, u_super: 0.00051, sec: 28.965, prod: 0.010323, t_ads: 355.8, t_des: 343.5, bed_util_ads: 0.461, bed_util_des: 0.458, des_th: 0.4587051672430921,frac_lost: 0.101, li_recovered:  7.219, time: 0.003976402998887352
L: 0.50, u_super: 0.00630, sec: 357.892, prod: 0.140045, t_ads: 30.8, t_des: 30.8, bed_util_ads: 0.486, bed_util_des: 0.486, des_th: 0.48578227582289896,frac_lost: 0.101, li_recovered:  8.631, time: 0.004565449000438093
L: 0.50, u_super: 0.00373, sec: 203.179, prod: 0.083685, t_ads: 51.6, t_des: 45.4, bed_util_ads: 0.500, bed_util_des: 0.500, des_th: 0.4997040711877483,frac_lost: 0.100, li_recovered:  8.123, time: 0.005319486999724177
L: 0.50, u_super: 0.00030 — INFEASIBLE (li_recovered=0.000e+00), time: 0.002630947999932687
L: 0.50, u_super: 0.00006, sec: 5.012, prod: 0.000783, t_ads: 3041.1, t_des: 5481.2, bed_util_ads: 0.257, bed_util_des: 0.187, des_th: 0.18729536356728874,frac_lost: 0.102, li_recovered:  6.670, time: 0.0069098850017326185
L: 7.82, u_super: 0.00897 — INFEASIBLE (li_recovered=0.000e+00), time: 0.0035557159990275977
L: 0.50, u_super: 0.00859, sec: 495.700, prod: 0.193359, t_ads: 22.8, t_des: 21.6, bed_util_ads: 0.494, bed_util_des: 0.494, des_th: 0.4936487892899435,frac_lost: 0.107, li_recovered:  8.593, time: 0.005828628998642671
L: 0.50, u_super: 0.00963, sec: 559.488, prod: 0.218370, t_ads: 20.3, t_des: 18.4, bed_util_ads: 0.500, bed_util_des: 0.500, des_th: 0.4997040711877483,frac_lost: 0.105, li_recovered:  8.444, time: 0.0065214790010941215
L: 0.50, u_super: 0.00597, sec: 332.125, prod: 0.134973, t_ads: 32.5, t_des: 29.1, bed_util_ads: 0.500, bed_util_des: 0.500, des_th: 0.4999360549356888,frac_lost: 0.103, li_recovered:  8.325, time: 0.00467563100028201
L: 0.50, u_super: 0.00564, sec: 311.664, prod: 0.127492, t_ads: 34.4, t_des: 31.2, bed_util_ads: 0.497, bed_util_des: 0.497, des_th: 0.497293763629128,frac_lost: 0.101, li_recovered:  8.366, time: 0.005869160000656848
   677 |    27080 |     40 |  0.0017470450 |             f
L: 0.50, u_super: 0.00195, sec: 124.018, prod: 0.036295, t_ads: 99.2, t_des: 135.3, bed_util_ads: 0.441, bed_util_des: 0.438, des_th: 0.4380888247986023,frac_lost: 0.103, li_recovered:  8.509, time: 0.005236307000814122
L: 0.50, u_super: 0.00889, sec: 512.184, prod: 0.201475, t_ads: 22.0, t_des: 19.9, bed_util_ads: 0.499, bed_util_des: 0.499, des_th: 0.49912122209678245,frac_lost: 0.106, li_recovered:  8.446, time: 0.004242969998813351
L: 0.50, u_super: 0.00078, sec: 44.544, prod: 0.015830, t_ads: 241.6, t_des: 264.6, bed_util_ads: 0.455, bed_util_des: 0.452, des_th: 0.45186317772301154,frac_lost: 0.104, li_recovered:  8.013, time: 0.004765940000652336
L: 0.50, u_super: 0.00373, sec: 203.198, prod: 0.083677, t_ads: 52.0, t_des: 46.1, bed_util_ads: 0.500, bed_util_des: 0.500, des_th: 0.49955150625056277,frac_lost: 0.106, li_recovered:  8.215, time: 0.005047595999712939
L: 0.50, u_super: 0.00900, sec: 519.931, prod: 0.203319, t_ads: 21.8, t_des: 20.2, bed_util_ads: 0.497, bed_util_des: 0.497, des_th: 0.4966462404782863,frac_lost: 0.108, li_recovered:  8.532, time: 0.004394347000925336
L: 0.50, u_super: 0.00678, sec: 380.286, prod: 0.153550, t_ads: 28.6, t_des: 25.6, bed_util_ads: 0.500, bed_util_des: 0.499, des_th: 0.49942353325447775,frac_lost: 0.100, li_recovered:  8.319, time: 0.006610675000047195
L: 35.58, u_super: 0.00286 — INFEASIBLE (li_recovered=0.000e+00), time: 0.0014090010008658282
L: 0.50, u_super: 0.00092, sec: 50.457, prod: 0.019495, t_ads: 205.3, t_des: 183.7, bed_util_ads: 0.485, bed_util_des: 0.484, des_th: 0.4843083186275379,frac_lost: 0.106, li_recovered:  7.584, time: 0.005007431000194629
L: 0.50, u_super: 0.00513, sec: 282.290, prod: 0.115753, t_ads: 37.9, t_des: 34.3, bed_util_ads: 0.498, bed_util_des: 0.498, des_th: 0.4980764099727103,frac_lost: 0.103, li_recovered:  8.358, time: 0.004389182000522851
L: 0.50, u_super: 0.00633, sec: 353.329, prod: 0.143050, t_ads: 30.7, t_des: 28.7, bed_util_ads: 0.494, bed_util_des: 0.494, des_th: 0.49378075092739643,frac_lost: 0.102, li_recovered:  8.499, time: 0.006502475000161212
L: 0.50, u_super: 0.00478, sec: 263.330, prod: 0.107357, t_ads: 40.7, t_des: 38.5, bed_util_ads: 0.492, bed_util_des: 0.492, des_th: 0.4916131380576433,frac_lost: 0.106, li_recovered:  8.506, time: 0.005924393000896089
L: 0.50, u_super: 0.00368, sec: 200.393, prod: 0.082251, t_ads: 53.0, t_des: 46.6, bed_util_ads: 0.500, bed_util_des: 0.500, des_th: 0.4997197917909803,frac_lost: 0.108, li_recovered:  8.192, time: 0.005671982000421849
L: 9.57, u_super: 0.00657 — INFEASIBLE (li_recovered=0.000e+00), time: 0.003948417001083726
L: 0.50, u_super: 0.00418, sec: 228.150, prod: 0.093910, t_ads: 46.6, t_des: 42.0, bed_util_ads: 0.498, bed_util_des: 0.498, des_th: 0.49820388986665065,frac_lost: 0.107, li_recovered:  8.325, time: 0.005873427000551601
L: 0.50, u_super: 0.00149, sec: 82.416, prod: 0.031850, t_ads: 128.3, t_des: 106.7, bed_util_ads: 0.500, bed_util_des: 0.499, des_th: 0.49941800771673645,frac_lost: 0.107, li_recovered:  7.486, time: 0.0053398159998323536
L: 31.00, u_super: 0.00900 — INFEASIBLE (li_recovered=0.000e+00), time: 0.0023820950009394437
L: 0.50, u_super: 0.00414, sec: 225.886, prod: 0.092962, t_ads: 47.0, t_des: 41.9, bed_util_ads: 0.498, bed_util_des: 0.498, des_th: 0.498109270507475,frac_lost: 0.105, li_recovered:  8.262, time: 0.005192727998291957
L: 0.50, u_super: 0.00051, sec: 28.965, prod: 0.010323, t_ads: 355.8, t_des: 343.5, bed_util_ads: 0.461, bed_util_des: 0.458, des_th: 0.4587051672430921,frac_lost: 0.101, li_recovered:  7.219, time: 0.006572742000571452
L: 0.50, u_super: 0.00009, sec: 8.141, prod: 0.001126, t_ads: 2079.1, t_des: 4529.6, bed_util_ads: 0.268, bed_util_des: 0.199, des_th: 0.1992921434249306,frac_lost: 0.101, li_recovered:  7.441, time: 0.007342029000938055
L: 0.50, u_super: 0.00796, sec: 452.354, prod: 0.180426, t_ads: 24.4, t_des: 22.0, bed_util_ads: 0.500, bed_util_des: 0.500, des_th: 0.49969747614216614,frac_lost: 0.102, li_recovered:  8.378, time: 0.0045375659992714645
L: 0.50, u_super: 0.00799, sec: 455.379, prod: 0.180603, t_ads: 24.5, t_des: 22.5, bed_util_ads: 0.497, bed_util_des: 0.497, des_th: 0.4968949843120584,frac_lost: 0.107, li_recovered:  8.485, time: 0.004875771999650169
L: 0.50, u_super: 0.00690, sec: 388.454, prod: 0.155779, t_ads: 28.4, t_des: 25.4, bed_util_ads: 0.500, bed_util_des: 0.500, des_th: 0.4997181315719175,frac_lost: 0.108, li_recovered:  8.383, time: 0.00612211599946022
L: 0.50, u_super: 0.00335, sec: 182.058, prod: 0.074945, t_ads: 58.0, t_des: 51.2, bed_util_ads: 0.500, bed_util_des: 0.500, des_th: 0.49969621624164046,frac_lost: 0.107, li_recovered:  8.185, time: 0.00464602499960165
L: 0.50, u_super: 0.00880, sec: 593.813, prod: 0.169993, t_ads: 22.2, t_des: 29.1, bed_util_ads: 0.452, bed_util_des: 0.452, des_th: 0.4519540552966248,frac_lost: 0.103, li_recovered:  8.714, time: 0.006597562000024482
L: 0.50, u_super: 0.00905, sec: 522.795, prod: 0.204962, t_ads: 21.6, t_des: 19.5, bed_util_ads: 0.500, bed_util_des: 0.500, des_th: 0.49963777977539314,frac_lost: 0.107, li_recovered:  8.437, time: 0.007099241998730577
L: 0.50, u_super: 0.00668, sec: 387.636, prod: 0.146066, t_ads: 29.3, t_des: 30.1, bed_util_ads: 0.483, bed_util_des: 0.482, des_th: 0.48221463712476587,frac_lost: 0.108, li_recovered:  8.670, time: 0.006607908999285428
L: 0.50, u_super: 0.00985, sec: 574.119, prod: 0.223219, t_ads: 19.9, t_des: 18.0, bed_util_ads: 0.500, bed_util_des: 0.499, des_th: 0.49945086549906836,frac_lost: 0.106, li_recovered:  8.454, time: 0.007178715999543783
L: 0.50, u_super: 0.00809, sec: 461.859, prod: 0.183055, t_ads: 24.2, t_des: 22.2, bed_util_ads: 0.497, bed_util_des: 0.497, des_th: 0.49717172508926644,frac_lost: 0.106, li_recovered:  8.487, time: 0.007645251998837921
L: 0.50, u_super: 0.00502, sec: 275.995, prod: 0.113409, t_ads: 38.6, t_des: 35.4, bed_util_ads: 0.496, bed_util_des: 0.496, des_th: 0.4955645950290165,frac_lost: 0.102, li_recovered:  8.395, time: 0.005259060000753379
L: 0.50, u_super: 0.00899, sec: 518.717, prod: 0.203623, t_ads: 21.8, t_des: 19.7, bed_util_ads: 0.499, bed_util_des: 0.499, des_th: 0.49911412299253016,frac_lost: 0.107, li_recovered:  8.441, time: 0.008892218998880708
L: 0.50, u_super: 0.00325, sec: 175.785, prod: 0.072806, t_ads: 59.3, t_des: 52.9, bed_util_ads: 0.497, bed_util_des: 0.497, des_th: 0.49722787844033883,frac_lost: 0.101, li_recovered:  8.167, time: 0.007979754998814315
L: 0.50, u_super: 0.00796, sec: 456.507, prod: 0.178969, t_ads: 24.6, t_des: 23.4, bed_util_ads: 0.493, bed_util_des: 0.493, des_th: 0.49318850098031813,frac_lost: 0.108, li_recovered:  8.589, time: 0.0066045469993696315
L: 0.50, u_super: 0.00005, sec: 4.427, prod: 0.000654, t_ads: 3683.9, t_des: 7313.8, bed_util_ads: 0.243, bed_util_des: 0.159, des_th: 0.1594984530228941,frac_lost: 0.101, li_recovered:  7.191, time: 0.0062705860000278335
L: 0.50, u_super: 0.00941, sec: 559.954, prod: 0.207609, t_ads: 20.7, t_des: 21.1, bed_util_ads: 0.485, bed_util_des: 0.484, des_th: 0.48435105930737365,frac_lost: 0.104, li_recovered:  8.686, time: 0.005465404001370189
L: 12.15, u_super: 0.00297 — INFEASIBLE (li_recovered=0.000e+00), time: 0.0016491549995407695
L: 0.50, u_super: 0.00963, sec: 559.430, prod: 0.218392, t_ads: 20.3, t_des: 18.4, bed_util_ads: 0.500, bed_util_des: 0.500, des_th: 0.4997757346792778,frac_lost: 0.105, li_recovered:  8.441, time: 0.005725889999666833
L: 0.50, u_super: 0.00729, sec: 412.449, prod: 0.164696, t_ads: 26.8, t_des: 24.0, bed_util_ads: 0.500, bed_util_des: 0.500, des_th: 0.49973002425827406,frac_lost: 0.108, li_recovered:  8.383, time: 0.005922010999711347
L: 33.44, u_super: 0.00653 — INFEASIBLE (li_recovered=0.000e+00), time: 0.0017668710006546462
L: 0.50, u_super: 0.00005, sec: 4.753, prod: 0.000609, t_ads: 2697.8, t_des: 3771.5, bed_util_ads: 0.255, bed_util_des: 0.220, des_th: 0.2207525792737382,frac_lost: 0.101, li_recovered:  3.941, time: 0.0064055050006572856
L: 0.50, u_super: 0.00756, sec: 440.487, prod: 0.166416, t_ads: 25.9, t_des: 26.3, bed_util_ads: 0.484, bed_util_des: 0.484, des_th: 0.4837206206734359,frac_lost: 0.106, li_recovered:  8.672, time: 0.005352910999135929
   678 |    27120 |     40 |  0.0026590375 |             f
L: 0.50, u_super: 0.00710, sec: 399.115, prod: 0.160887, t_ads: 27.3, t_des: 24.7, bed_util_ads: 0.500, bed_util_des: 0.499, des_th: 0.49942353325447775,frac_lost: 0.100, li_recovered:  8.370, time: 0.005754850999437622
L: 0.50, u_super: 0.00015 — INFEASIBLE (li_recovered=0.000e+00), time: 0.0014586349989258451
L: 0.50, u_super: 0.00520, sec: 286.235, prod: 0.117429, t_ads: 37.3, t_des: 34.2, bed_util_ads: 0.496, bed_util_des: 0.496, des_th: 0.49573411353037705,frac_lost: 0.102, li_recovered:  8.405, time: 0.004219263999402756
L: 32.48, u_super: 0.00005 — INFEASIBLE (li_recovered=0.000e+00), time: 0.001295542999287136
L: 0.50, u_super: 0.00657, sec: 370.373, prod: 0.147356, t_ads: 29.8, t_des: 28.4, bed_util_ads: 0.492, bed_util_des: 0.492, des_th: 0.4917419909061707,frac_lost: 0.108, li_recovered:  8.577, time: 0.006479691999629722
L: 53.81, u_super: 0.00257 — INFEASIBLE (li_recovered=0.000e+00), time: 0.001057321000189404
L: 14.89, u_super: 0.00867 — INFEASIBLE (li_recovered=0.000e+00), time: 0.001998458999878494
L: 0.50, u_super: 0.00668, sec: 381.941, prod: 0.148244, t_ads: 29.3, t_des: 29.0, bed_util_ads: 0.488, bed_util_des: 0.487, des_th: 0.48738672264236327,frac_lost: 0.107, li_recovered:  8.642, time: 0.006780245999834733
L: 0.50, u_super: 0.00800, sec: 456.231, prod: 0.181052, t_ads: 24.4, t_des: 21.9, bed_util_ads: 0.500, bed_util_des: 0.500, des_th: 0.49987365628106917,frac_lost: 0.106, li_recovered:  8.395, time: 0.005095708998851478
L: 0.50, u_super: 0.00231, sec: 124.749, prod: 0.051310, t_ads: 83.5, t_des: 74.1, bed_util_ads: 0.497, bed_util_des: 0.496, des_th: 0.49640220315586747,frac_lost: 0.106, li_recovered:  8.084, time: 0.006484244999228395
L: 0.50, u_super: 0.00114, sec: 61.720, prod: 0.024561, t_ads: 167.1, t_des: 151.9, bed_util_ads: 0.486, bed_util_des: 0.485, des_th: 0.48465831743956955,frac_lost: 0.106, li_recovered:  7.835, time: 0.008134990999678848
L: 0.50, u_super: 0.00301, sec: 162.768, prod: 0.067228, t_ads: 64.2, t_des: 57.0, bed_util_ads: 0.498, bed_util_des: 0.497, des_th: 0.4974803588496249,frac_lost: 0.104, li_recovered:  8.148, time: 0.00641230600012932
L: 55.55, u_super: 0.00452 — INFEASIBLE (li_recovered=0.000e+00), time: 0.0012540490006358596
L: 0.50, u_super: 0.00668, sec: 373.847, prod: 0.151453, t_ads: 29.0, t_des: 26.3, bed_util_ads: 0.499, bed_util_des: 0.499, des_th: 0.49901682824195787,frac_lost: 0.100, li_recovered:  8.370, time: 0.005819822999910684
L: 12.50, u_super: 0.00117 — INFEASIBLE (li_recovered=0.000e+00), time: 0.0013386509999691043
L: 0.50, u_super: 0.00630, sec: 351.749, prod: 0.142490, t_ads: 30.9, t_des: 27.9, bed_util_ads: 0.499, bed_util_des: 0.499, des_th: 0.4991459331603526,frac_lost: 0.104, li_recovered:  8.370, time: 0.006471622999015381
L: 0.50, u_super: 0.00914, sec: 533.494, prod: 0.205110, t_ads: 21.3, t_des: 20.8, bed_util_ads: 0.490, bed_util_des: 0.490, des_th: 0.48956163567952005,frac_lost: 0.104, li_recovered:  8.634, time: 0.007900932998381904
L: 0.50, u_super: 0.00104, sec: 56.739, prod: 0.022339, t_ads: 182.1, t_des: 177.9, bed_util_ads: 0.475, bed_util_des: 0.473, des_th: 0.4734646082846291,frac_lost: 0.105, li_recovered:  8.043, time: 0.005989298999338644
L: 0.50, u_super: 0.00905, sec: 522.533, prod: 0.205065, t_ads: 21.6, t_des: 19.8, bed_util_ads: 0.498, bed_util_des: 0.498, des_th: 0.4975366629924441,frac_lost: 0.105, li_recovered:  8.495, time: 0.00654163699982746
L: 0.50, u_super: 0.00127, sec: 722.525, prod: 0.002647, t_ads: 154.5, t_des: 3183.4, bed_util_ads: 0.166, bed_util_des: 0.145, des_th: 0.14471840126750596,frac_lost: 0.100, li_recovered:  8.834, time: 0.058618281000235584
L: 0.50, u_super: 0.00544, sec: 300.117, prod: 0.123083, t_ads: 35.6, t_des: 32.3, bed_util_ads: 0.497, bed_util_des: 0.497, des_th: 0.4972764955789512,frac_lost: 0.100, li_recovered:  8.355, time: 0.007230070999867166
L: 0.50, u_super: 0.00447, sec: 244.847, prod: 0.100639, t_ads: 43.5, t_des: 39.2, bed_util_ads: 0.497, bed_util_des: 0.497, des_th: 0.49717172508926644,frac_lost: 0.106, li_recovered:  8.328, time: 0.004966570999386022
L: 0.50, u_super: 0.00439, sec: 240.114, prod: 0.098604, t_ads: 44.4, t_des: 39.5, bed_util_ads: 0.499, bed_util_des: 0.499, des_th: 0.4993031117104214,frac_lost: 0.106, li_recovered:  8.274, time: 0.004640434999600984
L: 13.55, u_super: 0.00990 — INFEASIBLE (li_recovered=0.000e+00), time: 0.003995786999439588
L: 0.50, u_super: 0.00756, sec: 429.126, prod: 0.170823, t_ads: 25.9, t_des: 23.8, bed_util_ads: 0.497, bed_util_des: 0.496, des_th: 0.49649851849336724,frac_lost: 0.107, li_recovered:  8.487, time: 0.005194002998905489
L: 0.50, u_super: 0.00854, sec: 492.272, prod: 0.192534, t_ads: 22.9, t_des: 21.7, bed_util_ads: 0.493, bed_util_des: 0.493, des_th: 0.49252448398415377,frac_lost: 0.105, li_recovered:  8.587, time: 0.0047860569993645186
L: 0.50, u_super: 0.00756, sec: 429.061, prod: 0.170848, t_ads: 25.9, t_des: 23.2, bed_util_ads: 0.500, bed_util_des: 0.500, des_th: 0.4996481117244111,frac_lost: 0.108, li_recovered:  8.391, time: 0.00526201400134596
L: 0.50, u_super: 0.00414, sec: 225.942, prod: 0.092939, t_ads: 47.0, t_des: 41.9, bed_util_ads: 0.498, bed_util_des: 0.498, des_th: 0.4982596690755816,frac_lost: 0.106, li_recovered:  8.263, time: 0.004230856000503991
L: 0.50, u_super: 0.00724, sec: 409.642, prod: 0.163651, t_ads: 27.0, t_des: 24.5, bed_util_ads: 0.499, bed_util_des: 0.499, des_th: 0.4992660996579609,frac_lost: 0.108, li_recovered:  8.439, time: 0.004411246000017854
L: 0.50, u_super: 0.00990, sec: 576.833, prod: 0.224436, t_ads: 19.7, t_des: 17.9, bed_util_ads: 0.500, bed_util_des: 0.499, des_th: 0.49941800771673645,frac_lost: 0.105, li_recovered:  8.452, time: 0.004990342000382952
L: 19.35, u_super: 0.00860 — INFEASIBLE (li_recovered=0.000e+00), time: 0.002659343999766861
L: 0.50, u_super: 0.00466, sec: 255.614, prod: 0.104886, t_ads: 41.8, t_des: 38.1, bed_util_ads: 0.497, bed_util_des: 0.497, des_th: 0.49674201752196734,frac_lost: 0.107, li_recovered:  8.387, time: 0.006365985000229557
L: 0.50, u_super: 0.00185, sec: 100.367, prod: 0.040545, t_ads: 104.2, t_des: 101.8, bed_util_ads: 0.482, bed_util_des: 0.481, des_th: 0.48143939421119675,frac_lost: 0.107, li_recovered:  8.351, time: 0.005954137001026538
L: 0.50, u_super: 0.00051, sec: 29.017, prod: 0.010304, t_ads: 355.5, t_des: 338.6, bed_util_ads: 0.463, bed_util_des: 0.461, des_th: 0.46089761101255916,frac_lost: 0.101, li_recovered:  7.152, time: 0.0048673339988454245
L: 0.50, u_super: 0.00023, sec: 33.290, prod: 0.001913, t_ads: 839.6, t_des: 3620.3, bed_util_ads: 0.259, bed_util_des: 0.203, des_th: 0.20350466980022436,frac_lost: 0.103, li_recovered:  8.532, time: 0.012909819999549654
L: 22.25, u_super: 0.00117 — INFEASIBLE (li_recovered=0.000e+00), time: 0.0013108919993101154
L: 0.50, u_super: 0.00556, sec: 307.719, prod: 0.125662, t_ads: 34.9, t_des: 31.6, bed_util_ads: 0.498, bed_util_des: 0.498, des_th: 0.49822173653327984,frac_lost: 0.103, li_recovered:  8.359, time: 0.00523840499954531
L: 0.50, u_super: 0.00697, sec: 392.390, prod: 0.157348, t_ads: 28.1, t_des: 25.4, bed_util_ads: 0.499, bed_util_des: 0.499, des_th: 0.4993215374579728,frac_lost: 0.108, li_recovered:  8.419, time: 0.005662589999701595
L: 0.50, u_super: 0.00729, sec: 412.229, prod: 0.164784, t_ads: 26.8, t_des: 24.1, bed_util_ads: 0.500, bed_util_des: 0.499, des_th: 0.49947610332371445,frac_lost: 0.107, li_recovered:  8.385, time: 0.0048771120000310475
L: 0.50, u_super: 0.00866, sec: 497.387, prod: 0.196196, t_ads: 22.6, t_des: 20.5, bed_util_ads: 0.498, bed_util_des: 0.498, des_th: 0.49820210166837725,frac_lost: 0.105, li_recovered:  8.445, time: 0.007028058000287274
   679 |    27160 |     40 |  0.0021946227 |             f
L: 0.50, u_super: 0.00963, sec: 559.430, prod: 0.218392, t_ads: 20.3, t_des: 18.4, bed_util_ads: 0.500, bed_util_des: 0.500, des_th: 0.4997757346792778,frac_lost: 0.105, li_recovered:  8.441, time: 0.005590052000115975
L: 0.50, u_super: 0.00564, sec: 311.715, prod: 0.127472, t_ads: 34.4, t_des: 31.2, bed_util_ads: 0.498, bed_util_des: 0.497, des_th: 0.4974727410091988,frac_lost: 0.101, li_recovered:  8.358, time: 0.006329773999823374
L: 0.50, u_super: 0.00861, sec: 494.341, prod: 0.195145, t_ads: 22.7, t_des: 20.6, bed_util_ads: 0.500, bed_util_des: 0.499, des_th: 0.49940429306715817,frac_lost: 0.105, li_recovered:  8.445, time: 0.004106159998627845
L: 0.50, u_super: 0.00402, sec: 219.427, prod: 0.089981, t_ads: 48.5, t_des: 42.8, bed_util_ads: 0.500, bed_util_des: 0.500, des_th: 0.4997632050846688,frac_lost: 0.107, li_recovered:  8.210, time: 0.004532983999524731
L: 0.50, u_super: 0.00657, sec: 370.004, prod: 0.147503, t_ads: 29.8, t_des: 28.3, bed_util_ads: 0.492, bed_util_des: 0.492, des_th: 0.49174552502500335,frac_lost: 0.107, li_recovered:  8.571, time: 0.00552343300114444
L: 24.71, u_super: 0.00784 — INFEASIBLE (li_recovered=0.000e+00), time: 0.001575352000145358
L: 0.50, u_super: 0.00231, sec: 124.285, prod: 0.051138, t_ads: 83.7, t_des: 74.3, bed_util_ads: 0.497, bed_util_des: 0.496, des_th: 0.4964015041914161,frac_lost: 0.106, li_recovered:  8.083, time: 0.004114157000003615
L: 0.50, u_super: 0.00128, sec: 70.669, prod: 0.027442, t_ads: 148.9, t_des: 152.0, bed_util_ads: 0.473, bed_util_des: 0.471, des_th: 0.4710440479425746,frac_lost: 0.106, li_recovered:  8.258, time: 0.006123930001194822
L: 0.50, u_super: 0.00080 — INFEASIBLE (li_recovered=0.000e+00), time: 0.002508886000214261
L: 0.50, u_super: 0.00389, sec: 211.856, prod: 0.087343, t_ads: 49.9, t_des: 44.6, bed_util_ads: 0.499, bed_util_des: 0.499, des_th: 0.49889754166039774,frac_lost: 0.106, li_recovered:  8.262, time: 0.004117679000046337
L: 0.50, u_super: 0.00757, sec: 429.408, prod: 0.171224, t_ads: 25.8, t_des: 23.7, bed_util_ads: 0.497, bed_util_des: 0.496, des_th: 0.4964023361613135,frac_lost: 0.106, li_recovered:  8.479, time: 0.005039171999669634
L: 0.50, u_super: 0.00796, sec: 452.354, prod: 0.180426, t_ads: 24.4, t_des: 22.0, bed_util_ads: 0.500, bed_util_des: 0.500, des_th: 0.49969747614216614,frac_lost: 0.102, li_recovered:  8.378, time: 0.004560647001198959
L: 0.50, u_super: 0.00914, sec: 533.494, prod: 0.205110, t_ads: 21.3, t_des: 20.8, bed_util_ads: 0.490, bed_util_des: 0.490, des_th: 0.48956163567952005,frac_lost: 0.104, li_recovered:  8.634, time: 0.004647035999369109
L: 0.50, u_super: 0.00563, sec: 311.800, prod: 0.127055, t_ads: 34.5, t_des: 30.8, bed_util_ads: 0.500, bed_util_des: 0.500, des_th: 0.4995744446338121,frac_lost: 0.103, li_recovered:  8.297, time: 0.0043127259996254
L: 15.69, u_super: 0.00051 — INFEASIBLE (li_recovered=0.000e+00), time: 0.0007645690002391348
L: 0.50, u_super: 0.00080, sec: 247.377, prod: 0.003061, t_ads: 245.7, t_des: 2630.2, bed_util_ads: 0.210, bed_util_des: 0.182, des_th: 0.18223819484066783,frac_lost: 0.103, li_recovered:  8.804, time: 0.025041488999704598
L: 0.50, u_super: 0.00099 — INFEASIBLE (li_recovered=0.000e+00), time: 0.0027616610004770337
L: 0.50, u_super: 0.00051, sec: 29.826, prod: 0.010025, t_ads: 360.2, t_des: 400.6, bed_util_ads: 0.442, bed_util_des: 0.437, des_th: 0.43688787814533114,frac_lost: 0.102, li_recovered:  7.626, time: 0.006881403000079445
L: 0.50, u_super: 0.00117, sec: 63.323, prod: 0.025332, t_ads: 162.6, t_des: 149.3, bed_util_ads: 0.485, bed_util_des: 0.484, des_th: 0.4841704497461563,frac_lost: 0.106, li_recovered:  7.903, time: 0.007413164999888977
L: 0.50, u_super: 0.00989, sec: 576.470, prod: 0.224326, t_ads: 19.7, t_des: 17.7, bed_util_ads: 0.500, bed_util_des: 0.500, des_th: 0.49993476847423485,frac_lost: 0.105, li_recovered:  8.410, time: 0.0076584170001297025
L: 0.50, u_super: 0.00795, sec: 538.645, prod: 0.151136, t_ads: 24.6, t_des: 33.1, bed_util_ads: 0.450, bed_util_des: 0.449, des_th: 0.4492723324613189,frac_lost: 0.104, li_recovered:  8.710, time: 0.006250510999961989
L: 0.50, u_super: 0.00958, sec: 555.852, prod: 0.217166, t_ads: 20.4, t_des: 18.3, bed_util_ads: 0.500, bed_util_des: 0.500, des_th: 0.4997762794334801,frac_lost: 0.104, li_recovered:  8.402, time: 0.006366997000441188
L: 0.50, u_super: 0.00338, sec: 183.437, prod: 0.075703, t_ads: 57.6, t_des: 51.9, bed_util_ads: 0.497, bed_util_des: 0.496, des_th: 0.49627205119534495,frac_lost: 0.109, li_recovered:  8.286, time: 0.004253871000400977
L: 48.52, u_super: 0.00502 — INFEASIBLE (li_recovered=0.000e+00), time: 0.0013033319992246106
L: 0.50, u_super: 0.00912, sec: 623.669, prod: 0.174470, t_ads: 21.4, t_des: 28.6, bed_util_ads: 0.451, bed_util_des: 0.450, des_th: 0.4500304464005772,frac_lost: 0.104, li_recovered:  8.718, time: 0.005379782000090927
L: 0.50, u_super: 0.00322, sec: 176.991, prod: 0.070806, t_ads: 60.6, t_des: 60.0, bed_util_ads: 0.485, bed_util_des: 0.484, des_th: 0.4844452873629628,frac_lost: 0.109, li_recovered:  8.537, time: 0.005076856001323904
L: 0.50, u_super: 0.00230, sec: 124.440, prod: 0.050949, t_ads: 83.9, t_des: 73.7, bed_util_ads: 0.497, bed_util_des: 0.497, des_th: 0.4966910382654606,frac_lost: 0.107, li_recovered:  8.032, time: 0.004993032998754643
L: 0.50, u_super: 0.00275, sec: 148.823, prod: 0.060905, t_ads: 70.2, t_des: 61.0, bed_util_ads: 0.500, bed_util_des: 0.500, des_th: 0.49964728012606013,frac_lost: 0.103, li_recovered:  7.994, time: 0.00443419400107814
L: 0.50, u_super: 0.00310, sec: 168.180, prod: 0.069225, t_ads: 62.2, t_des: 54.6, bed_util_ads: 0.500, bed_util_des: 0.499, des_th: 0.4994182815267351,frac_lost: 0.103, li_recovered:  8.090, time: 0.004976780999641051
L: 0.50, u_super: 0.00150, sec: 82.035, prod: 0.032353, t_ads: 127.7, t_des: 108.9, bed_util_ads: 0.497, bed_util_des: 0.497, des_th: 0.4971367275019305,frac_lost: 0.107, li_recovered:  7.656, time: 0.004405200999826775
L: 0.50, u_super: 0.00534, sec: 294.127, prod: 0.120714, t_ads: 36.3, t_des: 32.9, bed_util_ads: 0.497, bed_util_des: 0.497, des_th: 0.4972764955789512,frac_lost: 0.101, li_recovered:  8.354, time: 0.004803048001122079
L: 0.50, u_super: 0.00900, sec: 520.386, prod: 0.203103, t_ads: 21.8, t_des: 20.4, bed_util_ads: 0.496, bed_util_des: 0.495, des_th: 0.4954792632017586,frac_lost: 0.107, li_recovered:  8.563, time: 0.004805913999007316
L: 0.50, u_super: 0.00965, sec: 576.032, prod: 0.212795, t_ads: 20.3, t_des: 20.6, bed_util_ads: 0.485, bed_util_des: 0.484, des_th: 0.4844902355499392,frac_lost: 0.106, li_recovered:  8.689, time: 0.0060050860010960605
L: 0.50, u_super: 0.00146, sec: 80.380, prod: 0.031355, t_ads: 131.0, t_des: 110.4, bed_util_ads: 0.498, bed_util_des: 0.498, des_th: 0.49805688099518747,frac_lost: 0.107, li_recovered:  7.568, time: 0.005989903000227059
L: 21.00, u_super: 0.00662 — INFEASIBLE (li_recovered=0.000e+00), time: 0.001748252998368116
L: 0.50, u_super: 0.00729, sec: 412.382, prod: 0.164722, t_ads: 26.8, t_des: 24.1, bed_util_ads: 0.500, bed_util_des: 0.499, des_th: 0.4993720389889845,frac_lost: 0.108, li_recovered:  8.394, time: 0.005238206000285572
L: 0.50, u_super: 0.00883, sec: 513.787, prod: 0.197597, t_ads: 22.2, t_des: 21.6, bed_util_ads: 0.490, bed_util_des: 0.490, des_th: 0.48956163567952005,frac_lost: 0.106, li_recovered:  8.638, time: 0.006677320001472253
L: 0.50, u_super: 0.00392, sec: 240.935, prod: 0.077916, t_ads: 49.5, t_des: 61.2, bed_util_ads: 0.458, bed_util_des: 0.457, des_th: 0.45654981860954313,frac_lost: 0.103, li_recovered:  8.632, time: 0.005567452000832418
L: 0.50, u_super: 0.00408, sec: 222.721, prod: 0.091696, t_ads: 47.6, t_des: 42.5, bed_util_ads: 0.500, bed_util_des: 0.499, des_th: 0.49939922087961697,frac_lost: 0.106, li_recovered:  8.265, time: 0.0053156049998506205
L: 0.50, u_super: 0.00452, sec: 247.268, prod: 0.101592, t_ads: 43.2, t_des: 39.4, bed_util_ads: 0.497, bed_util_des: 0.497, des_th: 0.49696091565322786,frac_lost: 0.107, li_recovered:  8.385, time: 0.00487576800151146
   680 |    27200 |     40 |  0.0025961284 |             f
L: 15.02, u_super: 0.00452 — INFEASIBLE (li_recovered=0.000e+00), time: 0.001589616998899146
L: 0.50, u_super: 0.00628, sec: 350.308, prod: 0.141858, t_ads: 31.0, t_des: 27.9, bed_util_ads: 0.499, bed_util_des: 0.499, des_th: 0.49901682824195787,frac_lost: 0.104, li_recovered:  8.365, time: 0.004323126000599586
L: 14.98, u_super: 0.00742 — INFEASIBLE (li_recovered=0.000e+00), time: 0.0017337299996142974
L: 0.50, u_super: 0.00796, sec: 452.354, prod: 0.180426, t_ads: 24.4, t_des: 22.0, bed_util_ads: 0.500, bed_util_des: 0.500, des_th: 0.49969747614216614,frac_lost: 0.102, li_recovered:  8.378, time: 0.004217034000248532
L: 0.50, u_super: 0.00008 — INFEASIBLE (li_recovered=0.000e+00), time: 0.000923772000533063
L: 0.50, u_super: 0.00969, sec: 562.838, prod: 0.219791, t_ads: 20.1, t_des: 18.1, bed_util_ads: 0.500, bed_util_des: 0.500, des_th: 0.49995198866683005,frac_lost: 0.103, li_recovered:  8.392, time: 0.004477512000448769
L: 0.50, u_super: 0.00958, sec: 555.852, prod: 0.217166, t_ads: 20.4, t_des: 18.3, bed_util_ads: 0.500, bed_util_des: 0.500, des_th: 0.4997762794334801,frac_lost: 0.104, li_recovered:  8.402, time: 0.005887612000151421
L: 0.50, u_super: 0.00128, sec: 73.673, prod: 0.026331, t_ads: 148.9, t_des: 167.1, bed_util_ads: 0.461, bed_util_des: 0.459, des_th: 0.4587051672430921,frac_lost: 0.105, li_recovered:  8.319, time: 0.0049600469992583385
L: 0.50, u_super: 0.00636, sec: 462.793, prod: 0.110388, t_ads: 30.8, t_des: 48.1, bed_util_ads: 0.431, bed_util_des: 0.429, des_th: 0.42948401696804456,frac_lost: 0.106, li_recovered:  8.704, time: 0.00561118700170482
L: 0.50, u_super: 0.00478, sec: 262.119, prod: 0.107643, t_ads: 40.6, t_des: 36.3, bed_util_ads: 0.500, bed_util_des: 0.499, des_th: 0.49942353325447775,frac_lost: 0.103, li_recovered:  8.284, time: 0.003966217998822685
L: 0.50, u_super: 0.00981, sec: 576.965, prod: 0.219997, t_ads: 19.9, t_des: 19.4, bed_util_ads: 0.491, bed_util_des: 0.491, des_th: 0.4909705655478661,frac_lost: 0.105, li_recovered:  8.641, time: 0.004534084999249899
L: 0.50, u_super: 0.00661, sec: 371.541, prod: 0.149106, t_ads: 29.3, t_des: 28.1, bed_util_ads: 0.492, bed_util_des: 0.492, des_th: 0.49181864807857195,frac_lost: 0.100, li_recovered:  8.560, time: 0.004102548999071587
L: 0.50, u_super: 0.00336, sec: 181.622, prod: 0.075461, t_ads: 57.3, t_des: 51.7, bed_util_ads: 0.497, bed_util_des: 0.496, des_th: 0.49627205119534495,frac_lost: 0.100, li_recovered:  8.225, time: 0.003903986000295845
L: 0.50, u_super: 0.00312, sec: 180.383, prod: 0.065411, t_ads: 62.2, t_des: 69.1, bed_util_ads: 0.470, bed_util_des: 0.469, des_th: 0.46892313206112646,frac_lost: 0.106, li_recovered:  8.586, time: 0.007155250999858254
L: 0.50, u_super: 0.00854, sec: 489.875, prod: 0.193477, t_ads: 22.9, t_des: 20.8, bed_util_ads: 0.500, bed_util_des: 0.500, des_th: 0.4995579955431751,frac_lost: 0.106, li_recovered:  8.449, time: 0.005998696999085951
L: 0.50, u_super: 0.00640, sec: 357.813, prod: 0.144492, t_ads: 30.3, t_des: 28.7, bed_util_ads: 0.492, bed_util_des: 0.492, des_th: 0.49208598035783657,frac_lost: 0.100, li_recovered:  8.531, time: 0.006844912999440567
L: 6.05, u_super: 0.00597, sec: 4467.280, prod: 0.121439, t_ads: 365.9, t_des: 363.7, bed_util_ads: 0.456, bed_util_des: 0.453, des_th: 0.4533522811689754,frac_lost: 0.102, li_recovered:  88.595, time: 0.006625780999456765
L: 10.23, u_super: 0.00092 — INFEASIBLE (li_recovered=0.000e+00), time: 0.0017585069999768166
L: 0.50, u_super: 0.00590, sec: 326.938, prod: 0.133432, t_ads: 32.9, t_des: 30.2, bed_util_ads: 0.497, bed_util_des: 0.497, des_th: 0.49727364818587794,frac_lost: 0.101, li_recovered:  8.422, time: 0.008058956000240869
L: 0.50, u_super: 0.00727, sec: 470.969, prod: 0.143523, t_ads: 26.9, t_des: 33.8, bed_util_ads: 0.457, bed_util_des: 0.457, des_th: 0.45681703358831155,frac_lost: 0.105, li_recovered:  8.701, time: 0.007784840001477278
L: 0.50, u_super: 0.00489, sec: 272.176, prod: 0.108691, t_ads: 39.7, t_des: 39.4, bed_util_ads: 0.486, bed_util_des: 0.486, des_th: 0.4859824685889201,frac_lost: 0.102, li_recovered:  8.591, time: 0.005532605999178486
L: 0.50, u_super: 0.00990, sec: 5010.270, prod: 0.025846, t_ads: 19.8, t_des: 319.9, bed_util_ads: 0.191, bed_util_des: 0.188, des_th: 0.18824926164849298,frac_lost: 0.103, li_recovered:  8.779, time: 0.03667128000051889
L: 0.50, u_super: 0.00275, sec: 148.013, prod: 0.061239, t_ads: 70.1, t_des: 67.0, bed_util_ads: 0.489, bed_util_des: 0.489, des_th: 0.48861584583554624,frac_lost: 0.101, li_recovered:  8.398, time: 0.005159485999683966
L: 0.50, u_super: 0.00699, sec: 393.969, prod: 0.158035, t_ads: 28.0, t_des: 25.1, bed_util_ads: 0.500, bed_util_des: 0.500, des_th: 0.4997181315719175,frac_lost: 0.107, li_recovered:  8.391, time: 0.004932579999149311
L: 0.50, u_super: 0.00321, sec: 173.835, prod: 0.071595, t_ads: 60.2, t_des: 52.9, bed_util_ads: 0.500, bed_util_des: 0.500, des_th: 0.49979097469976336,frac_lost: 0.102, li_recovered:  8.094, time: 0.004298686999391066
L: 0.50, u_super: 0.00725, sec: 413.273, prod: 0.162445, t_ads: 27.0, t_des: 25.9, bed_util_ads: 0.492, bed_util_des: 0.492, des_th: 0.4917419909061707,frac_lost: 0.109, li_recovered:  8.603, time: 0.004729715999928885
L: 0.50, u_super: 0.00621, sec: 346.394, prod: 0.140411, t_ads: 31.3, t_des: 28.0, bed_util_ads: 0.500, bed_util_des: 0.499, des_th: 0.49941800771673645,frac_lost: 0.103, li_recovered:  8.317, time: 0.005224747999818646
L: 0.50, u_super: 0.00910, sec: 532.257, prod: 0.203345, t_ads: 21.5, t_des: 21.1, bed_util_ads: 0.490, bed_util_des: 0.489, des_th: 0.48948851262595144,frac_lost: 0.104, li_recovered:  8.650, time: 0.004676496999309165
L: 9.02, u_super: 0.00796 — INFEASIBLE (li_recovered=0.000e+00), time: 0.004891701999440556
L: 0.50, u_super: 0.00094, sec: 51.607, prod: 0.019980, t_ads: 200.5, t_des: 179.1, bed_util_ads: 0.485, bed_util_des: 0.484, des_th: 0.4844452873629628,frac_lost: 0.105, li_recovered:  7.584, time: 0.007175172999268398
L: 0.50, u_super: 0.00886, sec: 509.976, prod: 0.200607, t_ads: 22.1, t_des: 19.8, bed_util_ads: 0.500, bed_util_des: 0.500, des_th: 0.4997197917909803,frac_lost: 0.105, li_recovered:  8.397, time: 0.0052911239999957616
L: 0.50, u_super: 0.00296, sec: 159.504, prod: 0.066410, t_ads: 65.0, t_des: 60.1, bed_util_ads: 0.493, bed_util_des: 0.493, des_th: 0.49258830263718506,frac_lost: 0.101, li_recovered:  8.310, time: 0.00421164599902113
L: 0.50, u_super: 0.00051, sec: 29.450, prod: 0.010153, t_ads: 354.5, t_des: 320.8, bed_util_ads: 0.468, bed_util_des: 0.467, des_th: 0.467053210020521,frac_lost: 0.101, li_recovered:  6.857, time: 0.0050554429999465356
L: 0.50, u_super: 0.00963, sec: 559.992, prod: 0.218173, t_ads: 20.3, t_des: 18.8, bed_util_ads: 0.496, bed_util_des: 0.496, des_th: 0.4960679187285332,frac_lost: 0.104, li_recovered:  8.531, time: 0.004840151999815134
L: 0.50, u_super: 0.00284, sec: 153.069, prod: 0.063633, t_ads: 67.7, t_des: 61.1, bed_util_ads: 0.496, bed_util_des: 0.496, des_th: 0.49582067061798835,frac_lost: 0.101, li_recovered:  8.192, time: 0.004895445999864023
L: 0.50, u_super: 0.00679, sec: 380.898, prod: 0.153868, t_ads: 28.6, t_des: 25.8, bed_util_ads: 0.500, bed_util_des: 0.499, des_th: 0.4994343331380236,frac_lost: 0.102, li_recovered:  8.366, time: 0.004835227000512532
L: 0.50, u_super: 0.00108, sec: 58.902, prod: 0.023329, t_ads: 174.2, t_des: 157.5, bed_util_ads: 0.486, bed_util_des: 0.485, des_th: 0.48481604925585375,frac_lost: 0.102, li_recovered:  7.739, time: 0.0046737869997741655
L: 0.50, u_super: 0.00368, sec: 200.283, prod: 0.082295, t_ads: 52.9, t_des: 46.7, bed_util_ads: 0.500, bed_util_des: 0.500, des_th: 0.49977379491915985,frac_lost: 0.108, li_recovered:  8.203, time: 0.0064291630005755
L: 0.50, u_super: 0.00261, sec: 141.623, prod: 0.057898, t_ads: 73.8, t_des: 64.1, bed_util_ads: 0.500, bed_util_des: 0.499, des_th: 0.4994182815267351,frac_lost: 0.104, li_recovered:  7.981, time: 0.00447145299949625
L: 0.50, u_super: 0.00990, sec: 577.145, prod: 0.224282, t_ads: 19.8, t_des: 17.9, bed_util_ads: 0.500, bed_util_des: 0.499, des_th: 0.49942353325447775,frac_lost: 0.106, li_recovered:  8.456, time: 0.007197384000392049
   681 |    27240 |     40 |  0.0027698421 |             f
L: 0.50, u_super: 0.00669, sec: 375.097, prod: 0.151515, t_ads: 29.0, t_des: 25.9, bed_util_ads: 0.500, bed_util_des: 0.500, des_th: 0.4995579955431751,frac_lost: 0.101, li_recovered:  8.323, time: 0.004340131999924779
L: 0.50, u_super: 0.00716, sec: 403.432, prod: 0.162268, t_ads: 27.1, t_des: 24.5, bed_util_ads: 0.500, bed_util_des: 0.500, des_th: 0.49972403878109717,frac_lost: 0.102, li_recovered:  8.372, time: 0.004162982000707416
L: 0.50, u_super: 0.00142, sec: 76.811, prod: 0.031193, t_ads: 134.1, t_des: 126.6, bed_util_ads: 0.485, bed_util_des: 0.484, des_th: 0.4844452873629628,frac_lost: 0.105, li_recovered:  8.131, time: 0.004271084999345476
L: 15.46, u_super: 0.00184 — INFEASIBLE (li_recovered=0.000e+00), time: 0.001078753999536275
L: 21.75, u_super: 0.00194 — INFEASIBLE (li_recovered=0.000e+00), time: 0.0013730590017075883
L: 0.50, u_super: 0.00389, sec: 211.774, prod: 0.087377, t_ads: 49.9, t_des: 44.6, bed_util_ads: 0.498, bed_util_des: 0.498, des_th: 0.498109270507475,frac_lost: 0.105, li_recovered:  8.254, time: 0.005051221000030637
L: 0.50, u_super: 0.00116, sec: 64.569, prod: 0.024462, t_ads: 162.3, t_des: 135.9, bed_util_ads: 0.496, bed_util_des: 0.496, des_th: 0.4957168454802014,frac_lost: 0.100, li_recovered:  7.292, time: 0.005282213000100455
L: 0.50, u_super: 0.00793, sec: 450.179, prod: 0.179857, t_ads: 24.5, t_des: 22.1, bed_util_ads: 0.500, bed_util_des: 0.500, des_th: 0.4997762794334801,frac_lost: 0.100, li_recovered:  8.381, time: 0.004890181000519078
L: 0.50, u_super: 0.00511, sec: 282.606, prod: 0.114690, t_ads: 38.0, t_des: 36.5, bed_util_ads: 0.490, bed_util_des: 0.490, des_th: 0.48973071089697007,frac_lost: 0.102, li_recovered:  8.541, time: 0.0073451249991194345
L: 0.50, u_super: 0.00389, sec: 211.774, prod: 0.087377, t_ads: 49.9, t_des: 44.6, bed_util_ads: 0.498, bed_util_des: 0.498, des_th: 0.498109270507475,frac_lost: 0.105, li_recovered:  8.254, time: 0.0057853830003296025
L: 4.03, u_super: 0.00145, sec: 1520.182, prod: 0.013240, t_ads: 1090.7, t_des: 4044.7, bed_util_ads: 0.262, bed_util_des: 0.199, des_th: 0.1992921434249306,frac_lost: 0.105, li_recovered:  67.994, time: 0.012388446000841213
L: 5.08, u_super: 0.00484, sec: 3332.121, prod: 0.088395, t_ads: 385.1, t_des: 502.7, bed_util_ads: 0.420, bed_util_des: 0.411, des_th: 0.41117935667405703,frac_lost: 0.102, li_recovered:  78.481, time: 0.004416335999849252
L: 0.50, u_super: 0.00368, sec: 200.283, prod: 0.082295, t_ads: 52.9, t_des: 46.7, bed_util_ads: 0.500, bed_util_des: 0.500, des_th: 0.49977379491915985,frac_lost: 0.108, li_recovered:  8.203, time: 0.0057000130000233185
L: 0.50, u_super: 0.00051 — INFEASIBLE (li_recovered=0.000e+00), time: 0.003399193999939598
L: 0.50, u_super: 0.00414, sec: 233.104, prod: 0.090084, t_ads: 47.1, t_des: 48.5, bed_util_ads: 0.481, bed_util_des: 0.481, des_th: 0.4809236602927361,frac_lost: 0.107, li_recovered:  8.612, time: 0.006452624000303331
L: 0.50, u_super: 0.00958, sec: 568.896, prod: 0.212187, t_ads: 20.4, t_des: 20.5, bed_util_ads: 0.487, bed_util_des: 0.487, des_th: 0.4865848666421756,frac_lost: 0.104, li_recovered:  8.681, time: 0.006609822999962489
L: 66.97, u_super: 0.00990 — INFEASIBLE (li_recovered=0.000e+00), time: 0.0016456269986520056
L: 0.50, u_super: 0.00775, sec: 439.504, prod: 0.175918, t_ads: 25.0, t_des: 22.7, bed_util_ads: 0.500, bed_util_des: 0.499, des_th: 0.4994192862639336,frac_lost: 0.101, li_recovered:  8.390, time: 0.0054991609995340696
L: 33.49, u_super: 0.00757 — INFEASIBLE (li_recovered=0.000e+00), time: 0.0016562190012336941
L: 0.50, u_super: 0.00906, sec: 535.208, prod: 0.200649, t_ads: 21.6, t_des: 21.7, bed_util_ads: 0.487, bed_util_des: 0.487, des_th: 0.4866686951586431,frac_lost: 0.106, li_recovered:  8.678, time: 0.005934291999437846
L: 0.50, u_super: 0.00196, sec: 105.672, prod: 0.043075, t_ads: 97.8, t_des: 85.7, bed_util_ads: 0.497, bed_util_des: 0.496, des_th: 0.4964015041914161,frac_lost: 0.101, li_recovered:  7.900, time: 0.00845749300060561
L: 0.50, u_super: 0.00009, sec: 7.881, prod: 0.001163, t_ads: 2059.8, t_des: 4176.3, bed_util_ads: 0.274, bed_util_des: 0.209, des_th: 0.20958337689544634,frac_lost: 0.104, li_recovered:  7.254, time: 0.009246450001228368
L: 0.50, u_super: 0.00514, sec: 283.578, prod: 0.115779, t_ads: 37.7, t_des: 35.8, bed_util_ads: 0.491, bed_util_des: 0.491, des_th: 0.49113359479824586,frac_lost: 0.101, li_recovered:  8.511, time: 0.0071952389989746734
L: 0.50, u_super: 0.00961, sec: 560.328, prod: 0.216856, t_ads: 20.3, t_des: 19.3, bed_util_ads: 0.493, bed_util_des: 0.493, des_th: 0.49279694169043575,frac_lost: 0.104, li_recovered:  8.593, time: 0.00671781700111751
L: 89.97, u_super: 0.00910 — INFEASIBLE (li_recovered=0.000e+00), time: 0.0019570179993024794
L: 0.50, u_super: 0.00231, sec: 124.036, prod: 0.051241, t_ads: 83.8, t_des: 76.2, bed_util_ads: 0.493, bed_util_des: 0.493, des_th: 0.4928644029164477,frac_lost: 0.107, li_recovered:  8.200, time: 0.008277585999167059
L: 8.35, u_super: 0.00876 — INFEASIBLE (li_recovered=0.000e+00), time: 0.0035092170001007617
L: 0.50, u_super: 0.00209, sec: 112.565, prod: 0.046259, t_ads: 92.3, t_des: 87.6, bed_util_ads: 0.488, bed_util_des: 0.487, des_th: 0.4872282238416882,frac_lost: 0.106, li_recovered:  8.320, time: 0.006646025998634286
L: 0.50, u_super: 0.00338, sec: 183.437, prod: 0.075703, t_ads: 57.6, t_des: 51.9, bed_util_ads: 0.497, bed_util_des: 0.496, des_th: 0.49627205119534495,frac_lost: 0.109, li_recovered:  8.286, time: 0.00494865399923583
L: 0.50, u_super: 0.00005, sec: 4.351, prod: 0.000665, t_ads: 3324.7, t_des: 5396.7, bed_util_ads: 0.255, bed_util_des: 0.194, des_th: 0.19365152628765397,frac_lost: 0.102, li_recovered:  5.803, time: 0.006182114000694128
L: 99.53, u_super: 0.00886 — INFEASIBLE (li_recovered=0.000e+00), time: 0.0010193769994657487
L: 0.50, u_super: 0.00443, sec: 241.948, prod: 0.099602, t_ads: 44.0, t_des: 40.1, bed_util_ads: 0.497, bed_util_des: 0.497, des_th: 0.49696091565322786,frac_lost: 0.106, li_recovered:  8.376, time: 0.005354621998776565
L: 0.50, u_super: 0.00990, sec: 576.015, prod: 0.224810, t_ads: 19.7, t_des: 17.9, bed_util_ads: 0.500, bed_util_des: 0.499, des_th: 0.49941800771673645,frac_lost: 0.102, li_recovered:  8.443, time: 0.004263402999640675
L: 0.50, u_super: 0.00915, sec: 528.813, prod: 0.207112, t_ads: 21.4, t_des: 19.2, bed_util_ads: 0.500, bed_util_des: 0.500, des_th: 0.499870140410695,frac_lost: 0.106, li_recovered:  8.404, time: 0.004815815000256407
L: 0.50, u_super: 0.00502, sec: 276.264, prod: 0.113298, t_ads: 38.7, t_des: 35.3, bed_util_ads: 0.498, bed_util_des: 0.497, des_th: 0.49731623713518236,frac_lost: 0.105, li_recovered:  8.392, time: 0.006378930000209948
L: 0.50, u_super: 0.00979, sec: 660.432, prod: 0.191657, t_ads: 19.9, t_des: 25.6, bed_util_ads: 0.456, bed_util_des: 0.456, des_th: 0.4555915452882664,frac_lost: 0.104, li_recovered:  8.720, time: 0.007412397000734927
L: 0.50, u_super: 0.00729, sec: 415.666, prod: 0.163421, t_ads: 26.9, t_des: 25.8, bed_util_ads: 0.491, bed_util_des: 0.491, des_th: 0.4910130194580806,frac_lost: 0.108, li_recovered:  8.604, time: 0.006706894000672037
L: 0.50, u_super: 0.00958, sec: 555.852, prod: 0.217166, t_ads: 20.4, t_des: 18.3, bed_util_ads: 0.500, bed_util_des: 0.500, des_th: 0.4997762794334801,frac_lost: 0.104, li_recovered:  8.402, time: 0.00447994600108359
L: 0.50, u_super: 0.00051, sec: 32.318, prod: 0.009252, t_ads: 366.8, t_des: 476.5, bed_util_ads: 0.422, bed_util_des: 0.413, des_th: 0.4134830953653429,frac_lost: 0.107, li_recovered:  7.802, time: 0.005733979998694849
L: 0.50, u_super: 0.00414, sec: 229.244, prod: 0.091601, t_ads: 47.0, t_des: 46.6, bed_util_ads: 0.485, bed_util_des: 0.485, des_th: 0.48471597854651083,frac_lost: 0.105, li_recovered:  8.575, time: 0.005423685999630834
   682 |    27280 |     40 |  0.0036182841 |             f
L: 0.50, u_super: 0.00177, sec: 94.819, prod: 0.039002, t_ads: 108.2, t_des: 98.5, bed_util_ads: 0.491, bed_util_des: 0.490, des_th: 0.4902268992417969,frac_lost: 0.102, li_recovered:  8.063, time: 0.005095516000437783
L: 1.89, u_super: 0.00374 — INFEASIBLE (li_recovered=0.000e+00), time: 0.0025509189999866067
L: 27.54, u_super: 0.00841 — INFEASIBLE (li_recovered=0.000e+00), time: 0.0012900519996037474
L: 0.50, u_super: 0.00266, sec: 143.409, prod: 0.059430, t_ads: 72.5, t_des: 65.3, bed_util_ads: 0.495, bed_util_des: 0.495, des_th: 0.4946874627527721,frac_lost: 0.104, li_recovered:  8.190, time: 0.006034213000020827
L: 0.50, u_super: 0.00775, sec: 439.578, prod: 0.175888, t_ads: 25.0, t_des: 22.6, bed_util_ads: 0.500, bed_util_des: 0.499, des_th: 0.49944525594314615,frac_lost: 0.101, li_recovered:  8.388, time: 0.0053061290000187
L: 17.23, u_super: 0.00020 — INFEASIBLE (li_recovered=0.000e+00), time: 0.001730175001284806
L: 0.50, u_super: 0.00544, sec: 300.359, prod: 0.122983, t_ads: 35.7, t_des: 32.4, bed_util_ads: 0.497, bed_util_des: 0.497, des_th: 0.4971726462790436,frac_lost: 0.102, li_recovered:  8.372, time: 0.004336038000474218
L: 0.50, u_super: 0.00231, sec: 124.202, prod: 0.051332, t_ads: 83.7, t_des: 76.3, bed_util_ads: 0.494, bed_util_des: 0.493, des_th: 0.493590053789256,frac_lost: 0.107, li_recovered:  8.217, time: 0.004484978999244049
L: 20.48, u_super: 0.00854 — INFEASIBLE (li_recovered=0.000e+00), time: 0.0025340730007883394
L: 0.50, u_super: 0.00346, sec: 187.558, prod: 0.077382, t_ads: 55.8, t_des: 49.1, bed_util_ads: 0.500, bed_util_des: 0.500, des_th: 0.49979097469976336,frac_lost: 0.100, li_recovered:  8.116, time: 0.005960540998785291
L: 0.50, u_super: 0.00416, sec: 253.859, prod: 0.083786, t_ads: 46.5, t_des: 56.5, bed_util_ads: 0.460, bed_util_des: 0.459, des_th: 0.4587051672430921,frac_lost: 0.102, li_recovered:  8.636, time: 0.00520288299958338
L: 0.50, u_super: 0.00757, sec: 428.236, prod: 0.171692, t_ads: 25.6, t_des: 23.7, bed_util_ads: 0.497, bed_util_des: 0.496, des_th: 0.49642417586472615,frac_lost: 0.101, li_recovered:  8.473, time: 0.005310196000209544
L: 0.50, u_super: 0.00176, sec: 96.594, prod: 0.038113, t_ads: 109.6, t_des: 110.5, bed_util_ads: 0.478, bed_util_des: 0.477, des_th: 0.47673721009332476,frac_lost: 0.108, li_recovered:  8.387, time: 0.004952666999088251
L: 0.50, u_super: 0.00826, sec: 471.986, prod: 0.186835, t_ads: 23.7, t_des: 21.5, bed_util_ads: 0.500, bed_util_des: 0.499, des_th: 0.49941800771673645,frac_lost: 0.107, li_recovered:  8.445, time: 0.007049338999422616
L: 0.50, u_super: 0.00390, sec: 212.425, prod: 0.087255, t_ads: 50.0, t_des: 44.2, bed_util_ads: 0.500, bed_util_des: 0.500, des_th: 0.49981177230439283,frac_lost: 0.107, li_recovered:  8.215, time: 0.005388598001445644
L: 0.50, u_super: 0.00208, sec: 111.839, prod: 0.046117, t_ads: 92.7, t_des: 84.1, bed_util_ads: 0.493, bed_util_des: 0.493, des_th: 0.4928089194741049,frac_lost: 0.106, li_recovered:  8.151, time: 0.004298788000596687
L: 0.50, u_super: 0.00853, sec: 550.100, prod: 0.171955, t_ads: 22.9, t_des: 27.8, bed_util_ads: 0.462, bed_util_des: 0.462, des_th: 0.4619392438558114,frac_lost: 0.104, li_recovered:  8.710, time: 0.005909880999752204
L: 0.50, u_super: 0.00678, sec: 392.012, prod: 0.149004, t_ads: 28.9, t_des: 29.3, bed_util_ads: 0.485, bed_util_des: 0.484, des_th: 0.4844452873629628,frac_lost: 0.108, li_recovered:  8.665, time: 0.007519200999013265
L: 0.50, u_super: 0.00640, sec: 357.813, prod: 0.144492, t_ads: 30.3, t_des: 28.7, bed_util_ads: 0.492, bed_util_des: 0.492, des_th: 0.49208598035783657,frac_lost: 0.100, li_recovered:  8.531, time: 0.007730029999947874
L: 0.50, u_super: 0.00389, sec: 253.610, prod: 0.072812, t_ads: 49.9, t_des: 68.8, bed_util_ads: 0.444, bed_util_des: 0.443, des_th: 0.4426997318816099,frac_lost: 0.102, li_recovered:  8.640, time: 0.008233151000240468
L: 30.84, u_super: 0.00092 — INFEASIBLE (li_recovered=0.000e+00), time: 0.0010270849998050835
L: 0.50, u_super: 0.00729, sec: 415.406, prod: 0.163523, t_ads: 26.9, t_des: 25.7, bed_util_ads: 0.492, bed_util_des: 0.491, des_th: 0.4913205811892079,frac_lost: 0.107, li_recovered:  8.599, time: 0.005948496998826158
L: 0.50, u_super: 0.00915, sec: 528.176, prod: 0.207362, t_ads: 21.3, t_des: 19.2, bed_util_ads: 0.500, bed_util_des: 0.500, des_th: 0.499601449982436,frac_lost: 0.104, li_recovered:  8.399, time: 0.00611598500108812
L: 0.50, u_super: 0.00757, sec: 429.540, prod: 0.171171, t_ads: 25.8, t_des: 23.7, bed_util_ads: 0.497, bed_util_des: 0.496, des_th: 0.49637593826642695,frac_lost: 0.106, li_recovered:  8.485, time: 0.007657644000573782
L: 0.50, u_super: 0.00051 — INFEASIBLE (li_recovered=0.000e+00), time: 0.0030312879989651265
L: 0.50, u_super: 0.00640, sec: 390.687, prod: 0.132334, t_ads: 30.6, t_des: 35.1, bed_util_ads: 0.468, bed_util_des: 0.468, des_th: 0.4676810869023083,frac_lost: 0.107, li_recovered:  8.687, time: 0.007806173000062699
L: 0.50, u_super: 0.00304, sec: 163.963, prod: 0.068167, t_ads: 63.5, t_des: 58.5, bed_util_ads: 0.493, bed_util_des: 0.493, des_th: 0.4928644029164477,frac_lost: 0.103, li_recovered:  8.315, time: 0.008014132999960566
L: 0.50, u_super: 0.00710, sec: 399.115, prod: 0.160887, t_ads: 27.3, t_des: 24.7, bed_util_ads: 0.500, bed_util_des: 0.499, des_th: 0.49942353325447775,frac_lost: 0.100, li_recovered:  8.370, time: 0.005598011999609298
L: 0.50, u_super: 0.00048 — INFEASIBLE (li_recovered=0.000e+00), time: 0.004026384000098915
L: 0.50, u_super: 0.00958, sec: 556.052, prod: 0.217088, t_ads: 20.4, t_des: 18.5, bed_util_ads: 0.500, bed_util_des: 0.500, des_th: 0.4997471071517022,frac_lost: 0.106, li_recovered:  8.454, time: 0.007502430999011267
L: 5.75, u_super: 0.00257 — INFEASIBLE (li_recovered=0.000e+00), time: 0.0029660619984497316
L: 0.50, u_super: 0.00988, sec: 575.712, prod: 0.224051, t_ads: 19.8, t_des: 17.7, bed_util_ads: 0.500, bed_util_des: 0.500, des_th: 0.499870140410695,frac_lost: 0.104, li_recovered:  8.399, time: 0.006850103000033414
L: 0.50, u_super: 0.00432, sec: 236.447, prod: 0.096898, t_ads: 45.0, t_des: 42.6, bed_util_ads: 0.492, bed_util_des: 0.492, des_th: 0.4917073322656361,frac_lost: 0.105, li_recovered:  8.487, time: 0.006409379000615445
L: 0.50, u_super: 0.00005, sec: 4.327, prod: 0.000669, t_ads: 3450.8, t_des: 5987.5, bed_util_ads: 0.251, bed_util_des: 0.181, des_th: 0.18153464647146272,frac_lost: 0.101, li_recovered:  6.315, time: 0.006894594000186771
L: 10.92, u_super: 0.00916 — INFEASIBLE (li_recovered=0.000e+00), time: 0.0035830050001095515
L: 0.50, u_super: 0.00083, sec: 46.582, prod: 0.017346, t_ads: 226.5, t_des: 235.5, bed_util_ads: 0.464, bed_util_des: 0.461, des_th: 0.46102615560149385,frac_lost: 0.106, li_recovered:  8.015, time: 0.006356410000080359
L: 0.50, u_super: 0.00711, sec: 401.724, prod: 0.160655, t_ads: 27.5, t_des: 25.0, bed_util_ads: 0.498, bed_util_des: 0.498, des_th: 0.49819531368691217,frac_lost: 0.109, li_recovered:  8.437, time: 0.008349357998667983
L: 8.08, u_super: 0.00959 — INFEASIBLE (li_recovered=0.000e+00), time: 0.004495128001508419
L: 0.50, u_super: 0.00967, sec: 562.169, prod: 0.219039, t_ads: 20.2, t_des: 18.1, bed_util_ads: 0.500, bed_util_des: 0.500, des_th: 0.4999530141632216,frac_lost: 0.106, li_recovered:  8.402, time: 0.0071456309997302014
L: 0.50, u_super: 0.00838, sec: 479.902, prod: 0.189432, t_ads: 23.4, t_des: 21.2, bed_util_ads: 0.500, bed_util_des: 0.499, des_th: 0.4994208662282641,frac_lost: 0.108, li_recovered:  8.448, time: 0.0059111330010637175
   683 |    27320 |     40 |  0.0014276199 |             f
L: 3.80, u_super: 0.00844 — INFEASIBLE (li_recovered=0.000e+00), time: 0.005754035999416374
L: 0.50, u_super: 0.00673, sec: 377.444, prod: 0.152055, t_ads: 28.9, t_des: 25.8, bed_util_ads: 0.500, bed_util_des: 0.500, des_th: 0.49992582662110324,frac_lost: 0.103, li_recovered:  8.317, time: 0.007151579000492347
L: 0.50, u_super: 0.00011, sec: 11.875, prod: 0.001227, t_ads: 1712.8, t_des: 4856.7, bed_util_ads: 0.260, bed_util_des: 0.188, des_th: 0.18836880671087589,frac_lost: 0.101, li_recovered:  8.059, time: 0.011691290001181187
L: 0.50, u_super: 0.00886, sec: 510.140, prod: 0.200542, t_ads: 22.1, t_des: 20.0, bed_util_ads: 0.500, bed_util_des: 0.500, des_th: 0.49959137014004007,frac_lost: 0.107, li_recovered:  8.447, time: 0.004313736000767676
L: 0.50, u_super: 0.00734, sec: 471.396, prod: 0.146036, t_ads: 26.7, t_des: 32.9, bed_util_ads: 0.459, bed_util_des: 0.459, des_th: 0.4587051672430921,frac_lost: 0.106, li_recovered:  8.702, time: 0.004770634999658796
L: 0.50, u_super: 0.00854, sec: 550.518, prod: 0.172164, t_ads: 22.8, t_des: 27.8, bed_util_ads: 0.462, bed_util_des: 0.461, des_th: 0.46150217016964007,frac_lost: 0.102, li_recovered:  8.707, time: 0.008483075998810818
L: 7.26, u_super: 0.00389 — INFEASIBLE (li_recovered=0.000e+00), time: 0.0017873720007628435
L: 0.50, u_super: 0.00775, sec: 439.504, prod: 0.175918, t_ads: 25.0, t_des: 22.7, bed_util_ads: 0.500, bed_util_des: 0.499, des_th: 0.4994192862639336,frac_lost: 0.101, li_recovered:  8.390, time: 0.00580259200069122
L: 9.13, u_super: 0.00502 — INFEASIBLE (li_recovered=0.000e+00), time: 0.004603839000992593
L: 0.50, u_super: 0.00669, sec: 390.252, prod: 0.145631, t_ads: 29.2, t_des: 30.3, bed_util_ads: 0.482, bed_util_des: 0.481, des_th: 0.4814252119065016,frac_lost: 0.107, li_recovered:  8.676, time: 0.009017930999107193
L: 0.50, u_super: 0.00792, sec: 3587.622, prod: 0.022557, t_ads: 24.7, t_des: 364.5, bed_util_ads: 0.198, bed_util_des: 0.194, des_th: 0.19446280539977945,frac_lost: 0.104, li_recovered:  8.779, time: 0.03630431000055978
L: 16.23, u_super: 0.00978 — INFEASIBLE (li_recovered=0.000e+00), time: 0.0029082149994792417
L: 0.50, u_super: 0.00544, sec: 300.117, prod: 0.123083, t_ads: 35.6, t_des: 32.3, bed_util_ads: 0.497, bed_util_des: 0.497, des_th: 0.4972764955789512,frac_lost: 0.100, li_recovered:  8.355, time: 0.0047829300001467345
L: 0.50, u_super: 0.00990, sec: 576.015, prod: 0.224810, t_ads: 19.7, t_des: 17.9, bed_util_ads: 0.500, bed_util_des: 0.499, des_th: 0.49941800771673645,frac_lost: 0.102, li_recovered:  8.443, time: 0.005436210998595925
L: 0.50, u_super: 0.00415, sec: 227.130, prod: 0.093171, t_ads: 46.8, t_des: 44.3, bed_util_ads: 0.492, bed_util_des: 0.492, des_th: 0.4917419909061707,frac_lost: 0.105, li_recovered:  8.484, time: 0.004929636999804643
L: 0.61, u_super: 0.00645, sec: 442.291, prod: 0.145834, t_ads: 36.8, t_des: 33.8, bed_util_ads: 0.497, bed_util_des: 0.496, des_th: 0.4965208434547686,frac_lost: 0.102, li_recovered:  10.298, time: 0.00440362399967853
L: 0.50, u_super: 0.00564, sec: 311.839, prod: 0.127432, t_ads: 34.4, t_des: 31.2, bed_util_ads: 0.497, bed_util_des: 0.497, des_th: 0.4972968408157528,frac_lost: 0.102, li_recovered:  8.368, time: 0.005059433000496938
L: 0.50, u_super: 0.00958, sec: 555.851, prod: 0.217166, t_ads: 20.4, t_des: 18.3, bed_util_ads: 0.500, bed_util_des: 0.500, des_th: 0.49976292755133944,frac_lost: 0.104, li_recovered:  8.406, time: 0.00480034800057183
L: 8.95, u_super: 0.00432 — INFEASIBLE (li_recovered=0.000e+00), time: 0.0020337299993116176
L: 0.50, u_super: 0.00792, sec: 449.665, prod: 0.179643, t_ads: 24.5, t_des: 22.7, bed_util_ads: 0.497, bed_util_des: 0.496, des_th: 0.49644344134248647,frac_lost: 0.100, li_recovered:  8.482, time: 0.00617792100092629
L: 0.50, u_super: 0.00296, sec: 159.547, prod: 0.066392, t_ads: 65.0, t_des: 59.3, bed_util_ads: 0.495, bed_util_des: 0.495, des_th: 0.49460050140450007,frac_lost: 0.102, li_recovered:  8.258, time: 0.00462459699883766
L: 0.50, u_super: 0.00633, sec: 357.825, prod: 0.141136, t_ads: 30.7, t_des: 30.4, bed_util_ads: 0.488, bed_util_des: 0.487, des_th: 0.4872624409782659,frac_lost: 0.101, li_recovered:  8.618, time: 0.004710493998572929
L: 0.50, u_super: 0.00469, sec: 257.163, prod: 0.105760, t_ads: 41.4, t_des: 37.8, bed_util_ads: 0.497, bed_util_des: 0.497, des_th: 0.49696091565322786,frac_lost: 0.105, li_recovered:  8.382, time: 0.0046240289993875194
L: 0.50, u_super: 0.00574, sec: 318.310, prod: 0.129830, t_ads: 33.8, t_des: 30.3, bed_util_ads: 0.499, bed_util_des: 0.499, des_th: 0.4990154722336619,frac_lost: 0.101, li_recovered:  8.317, time: 0.008658906999698956
L: 0.50, u_super: 0.00072 — INFEASIBLE (li_recovered=0.000e+00), time: 0.002859963999071624
L: 4.01, u_super: 0.00083 — INFEASIBLE (li_recovered=0.000e+00), time: 0.002115651999702095
L: 0.50, u_super: 0.00990, sec: 576.489, prod: 0.224625, t_ads: 19.7, t_des: 17.9, bed_util_ads: 0.500, bed_util_des: 0.499, des_th: 0.4994271210282574,frac_lost: 0.104, li_recovered:  8.452, time: 0.004853909000303247
L: 0.50, u_super: 0.00902, sec: 520.748, prod: 0.204216, t_ads: 21.7, t_des: 19.6, bed_util_ads: 0.500, bed_util_des: 0.500, des_th: 0.499601449982436,frac_lost: 0.107, li_recovered:  8.443, time: 0.0056970929999806685
L: 0.50, u_super: 0.00474, sec: 259.754, prod: 0.106716, t_ads: 41.0, t_des: 38.0, bed_util_ads: 0.496, bed_util_des: 0.495, des_th: 0.49551124391234563,frac_lost: 0.104, li_recovered:  8.435, time: 0.00663822699971206
L: 0.50, u_super: 0.00507, sec: 306.423, prod: 0.103955, t_ads: 38.6, t_des: 44.8, bed_util_ads: 0.467, bed_util_des: 0.467, des_th: 0.4667100922180306,frac_lost: 0.108, li_recovered:  8.666, time: 0.006006693000017549
L: 0.50, u_super: 0.00022 — INFEASIBLE (li_recovered=0.000e+00), time: 0.0036510109985101735
L: 9.68, u_super: 0.00051 — INFEASIBLE (li_recovered=0.000e+00), time: 0.0011858649995701853
L: 42.42, u_super: 0.00897 — INFEASIBLE (li_recovered=0.000e+00), time: 0.001244804001544253
L: 0.50, u_super: 0.00607, sec: 344.215, prod: 0.134768, t_ads: 31.9, t_des: 32.1, bed_util_ads: 0.486, bed_util_des: 0.486, des_th: 0.4855549263286391,frac_lost: 0.101, li_recovered:  8.630, time: 0.0061081549993105
L: 0.50, u_super: 0.00752, sec: 424.923, prod: 0.170393, t_ads: 25.8, t_des: 23.9, bed_util_ads: 0.497, bed_util_des: 0.496, des_th: 0.49649228459552014,frac_lost: 0.101, li_recovered:  8.470, time: 0.004777546999321203
L: 0.50, u_super: 0.00481, sec: 263.888, prod: 0.108291, t_ads: 40.5, t_des: 37.0, bed_util_ads: 0.497, bed_util_des: 0.497, des_th: 0.4969578384666031,frac_lost: 0.106, li_recovered:  8.389, time: 0.004657527999370359
L: 0.50, u_super: 0.00822, sec: 470.010, prod: 0.186024, t_ads: 23.8, t_des: 21.8, bed_util_ads: 0.497, bed_util_des: 0.497, des_th: 0.497181820434519,frac_lost: 0.106, li_recovered:  8.486, time: 0.006134191000455758
L: 0.50, u_super: 0.00710, sec: 406.216, prod: 0.158075, t_ads: 27.6, t_des: 27.1, bed_util_ads: 0.488, bed_util_des: 0.488, des_th: 0.487901194820736,frac_lost: 0.107, li_recovered:  8.635, time: 0.006404894998922828
L: 6.06, u_super: 0.00371 — INFEASIBLE (li_recovered=0.000e+00), time: 0.00223031799941964
L: 0.50, u_super: 0.00772, sec: 437.488, prod: 0.175059, t_ads: 25.2, t_des: 22.7, bed_util_ads: 0.500, bed_util_des: 0.499, des_th: 0.4994192862639336,frac_lost: 0.101, li_recovered:  8.384, time: 0.0054114410013426095
   684 |    27360 |     40 |  0.0034283823 |             f
L: 57.95, u_super: 0.00606 — INFEASIBLE (li_recovered=0.000e+00), time: 0.0009828669990383787
L: 24.79, u_super: 0.00710 — INFEASIBLE (li_recovered=0.000e+00), time: 0.0023101890001271386
L: 0.50, u_super: 0.00319, sec: 172.865, prod: 0.071299, t_ads: 60.3, t_des: 53.1, bed_util_ads: 0.500, bed_util_des: 0.500, des_th: 0.49979097469976336,frac_lost: 0.100, li_recovered:  8.087, time: 0.00616917499974079
L: 0.50, u_super: 0.00350, sec: 189.602, prod: 0.078436, t_ads: 55.6, t_des: 50.8, bed_util_ads: 0.495, bed_util_des: 0.495, des_th: 0.49509816320028155,frac_lost: 0.106, li_recovered:  8.344, time: 0.006282352000198443
L: 0.50, u_super: 0.00033 — INFEASIBLE (li_recovered=0.000e+00), time: 0.0035861309988831636
L: 0.50, u_super: 0.00056, sec: 31.903, prod: 0.011593, t_ads: 326.3, t_des: 323.5, bed_util_ads: 0.461, bed_util_des: 0.458, des_th: 0.4587051672430921,frac_lost: 0.106, li_recovered:  7.534, time: 0.00879567800075165
L: 0.50, u_super: 0.00673, sec: 377.190, prod: 0.152157, t_ads: 28.9, t_des: 25.8, bed_util_ads: 0.500, bed_util_des: 0.500, des_th: 0.4999636538747988,frac_lost: 0.102, li_recovered:  8.311, time: 0.008531153000149061
L: 0.50, u_super: 0.00543, sec: 299.459, prod: 0.122626, t_ads: 35.8, t_des: 32.5, bed_util_ads: 0.497, bed_util_des: 0.497, des_th: 0.4972764955789512,frac_lost: 0.102, li_recovered:  8.370, time: 0.010535104000155116
L: 0.50, u_super: 0.00958, sec: 555.919, prod: 0.217140, t_ads: 20.4, t_des: 18.3, bed_util_ads: 0.500, bed_util_des: 0.500, des_th: 0.499965462938144,frac_lost: 0.104, li_recovered:  8.396, time: 0.007711749000009149
L: 0.50, u_super: 0.00632, sec: 355.244, prod: 0.141779, t_ads: 31.0, t_des: 29.4, bed_util_ads: 0.492, bed_util_des: 0.492, des_th: 0.49208598035783657,frac_lost: 0.109, li_recovered:  8.565, time: 0.009008435999930953
L: 0.50, u_super: 0.00206, sec: 110.489, prod: 0.045831, t_ads: 92.8, t_des: 85.5, bed_util_ads: 0.491, bed_util_des: 0.490, des_th: 0.4902268992417969,frac_lost: 0.100, li_recovered:  8.169, time: 0.00865535900084069
L: 8.03, u_super: 0.00990 — INFEASIBLE (li_recovered=0.000e+00), time: 0.004101442998944549
L: 0.50, u_super: 0.00102 — INFEASIBLE (li_recovered=0.000e+00), time: 0.004118156999538769
L: 63.26, u_super: 0.00117 — INFEASIBLE (li_recovered=0.000e+00), time: 0.0011759500011976343
L: 7.48, u_super: 0.00541 — INFEASIBLE (li_recovered=0.000e+00), time: 0.0037588089999189833
L: 0.50, u_super: 0.00303, sec: 163.069, prod: 0.067760, t_ads: 63.9, t_des: 58.8, bed_util_ads: 0.494, bed_util_des: 0.493, des_th: 0.49324421628424203,frac_lost: 0.103, li_recovered:  8.311, time: 0.006089059999794699
L: 0.50, u_super: 0.00958, sec: 651.159, prod: 0.185380, t_ads: 20.4, t_des: 26.7, bed_util_ads: 0.453, bed_util_des: 0.453, des_th: 0.4525218107921213,frac_lost: 0.103, li_recovered:  8.719, time: 0.007071542999256053
L: 14.37, u_super: 0.00320 — INFEASIBLE (li_recovered=0.000e+00), time: 0.0013361189994611777
L: 0.50, u_super: 0.00155, sec: 85.080, prod: 0.033323, t_ads: 123.8, t_des: 104.3, bed_util_ads: 0.500, bed_util_des: 0.499, des_th: 0.4995579955431751,frac_lost: 0.108, li_recovered:  7.601, time: 0.005039723000663798
L: 0.50, u_super: 0.00729, sec: 412.687, prod: 0.164587, t_ads: 26.9, t_des: 24.1, bed_util_ads: 0.500, bed_util_des: 0.499, des_th: 0.49942353325447775,frac_lost: 0.109, li_recovered:  8.397, time: 0.006311913999525132
L: 0.50, u_super: 0.00292, sec: 158.686, prod: 0.064984, t_ads: 65.9, t_des: 57.2, bed_util_ads: 0.500, bed_util_des: 0.500, des_th: 0.49990023091185143,frac_lost: 0.102, li_recovered:  7.997, time: 0.005495632000020123
L: 0.50, u_super: 0.00990, sec: 576.015, prod: 0.224810, t_ads: 19.7, t_des: 17.9, bed_util_ads: 0.500, bed_util_des: 0.499, des_th: 0.49941800771673645,frac_lost: 0.102, li_recovered:  8.443, time: 0.005098433999592089
L: 0.50, u_super: 0.00780, sec: 4124.065, prod: 0.018956, t_ads: 25.1, t_des: 438.1, bed_util_ads: 0.185, bed_util_des: 0.181, des_th: 0.18130233969435683,frac_lost: 0.103, li_recovered:  8.781, time: 0.038367540000763256
L: 0.50, u_super: 0.00266, sec: 143.339, prod: 0.059459, t_ads: 72.3, t_des: 65.2, bed_util_ads: 0.496, bed_util_des: 0.495, des_th: 0.49523033604160066,frac_lost: 0.103, li_recovered:  8.177, time: 0.0045172849986556685
L: 0.50, u_super: 0.00257, sec: 141.115, prod: 0.056061, t_ads: 75.0, t_des: 76.5, bed_util_ads: 0.479, bed_util_des: 0.478, des_th: 0.4780503528818636,frac_lost: 0.102, li_recovered:  8.496, time: 0.0050269429993932135
L: 0.50, u_super: 0.00206, sec: 110.669, prod: 0.045528, t_ads: 93.9, t_des: 84.7, bed_util_ads: 0.493, bed_util_des: 0.493, des_th: 0.4928089194741049,frac_lost: 0.107, li_recovered:  8.133, time: 0.004041860998768243
L: 0.50, u_super: 0.00460, sec: 251.708, prod: 0.103471, t_ads: 42.3, t_des: 38.3, bed_util_ads: 0.497, bed_util_des: 0.497, des_th: 0.49696091565322786,frac_lost: 0.105, li_recovered:  8.348, time: 0.006384906999301165
L: 0.50, u_super: 0.00178, sec: 96.121, prod: 0.039306, t_ads: 106.9, t_des: 95.2, bed_util_ads: 0.493, bed_util_des: 0.493, des_th: 0.4928089194741049,frac_lost: 0.101, li_recovered:  7.942, time: 0.005976110000119661
L: 0.50, u_super: 0.00767, sec: 435.816, prod: 0.173191, t_ads: 25.6, t_des: 22.9, bed_util_ads: 0.500, bed_util_des: 0.500, des_th: 0.4995579955431751,frac_lost: 0.108, li_recovered:  8.399, time: 0.004692498998338124
L: 0.50, u_super: 0.00729, sec: 468.967, prod: 0.144847, t_ads: 26.9, t_des: 33.2, bed_util_ads: 0.460, bed_util_des: 0.460, des_th: 0.45966825696374386,frac_lost: 0.107, li_recovered:  8.703, time: 0.004845020001084777
L: 32.42, u_super: 0.00092 — INFEASIBLE (li_recovered=0.000e+00), time: 0.0010923360005108407
L: 2.17, u_super: 0.00141 — INFEASIBLE (li_recovered=0.000e+00), time: 0.001878373999716132
L: 0.50, u_super: 0.00371, sec: 201.709, prod: 0.083235, t_ads: 52.4, t_des: 46.9, bed_util_ads: 0.498, bed_util_des: 0.497, des_th: 0.4972761918456817,frac_lost: 0.106, li_recovered:  8.259, time: 0.005363902999306447
L: 0.50, u_super: 0.00814, sec: 464.892, prod: 0.184298, t_ads: 24.0, t_des: 21.8, bed_util_ads: 0.499, bed_util_des: 0.499, des_th: 0.4987637414662998,frac_lost: 0.106, li_recovered:  8.441, time: 0.004891787000815384
L: 0.50, u_super: 0.00664, sec: 372.311, prod: 0.149871, t_ads: 29.2, t_des: 27.7, bed_util_ads: 0.492, bed_util_des: 0.492, des_th: 0.49208598035783657,frac_lost: 0.101, li_recovered:  8.536, time: 0.005407790000390378
L: 0.50, u_super: 0.00013, sec: 14.295, prod: 0.001274, t_ads: 1551.2, t_des: 4925.0, bed_util_ads: 0.257, bed_util_des: 0.185, des_th: 0.1851696623157332,frac_lost: 0.101, li_recovered:  8.249, time: 0.009153680999588687
L: 0.50, u_super: 0.00819, sec: 468.326, prod: 0.185163, t_ads: 23.9, t_des: 21.6, bed_util_ads: 0.500, bed_util_des: 0.500, des_th: 0.4995996903337397,frac_lost: 0.108, li_recovered:  8.435, time: 0.005143787999259075
L: 9.15, u_super: 0.00958 — INFEASIBLE (li_recovered=0.000e+00), time: 0.0024659269984113052
L: 0.50, u_super: 0.00915, sec: 528.513, prod: 0.207230, t_ads: 21.4, t_des: 19.4, bed_util_ads: 0.500, bed_util_des: 0.500, des_th: 0.4995597551918714,frac_lost: 0.106, li_recovered:  8.442, time: 0.004607517999829724
L: 0.50, u_super: 0.00621, sec: 355.835, prod: 0.136686, t_ads: 31.2, t_des: 32.1, bed_util_ads: 0.482, bed_util_des: 0.481, des_th: 0.48141639614560106,frac_lost: 0.100, li_recovered:  8.649, time: 0.005220603999987361
   685 |    27400 |     40 |  0.0026908713 |             f
L: 0.50, u_super: 0.00922, sec: 533.667, prod: 0.208898, t_ads: 21.2, t_des: 19.3, bed_util_ads: 0.500, bed_util_des: 0.500, des_th: 0.4996761235487912,frac_lost: 0.107, li_recovered:  8.459, time: 0.005921271000261186
L: 0.50, u_super: 0.00408, sec: 222.576, prod: 0.091384, t_ads: 47.7, t_des: 42.1, bed_util_ads: 0.500, bed_util_des: 0.499, des_th: 0.49945365475707393,frac_lost: 0.105, li_recovered:  8.202, time: 0.004056933999891044
L: 0.50, u_super: 0.00792, sec: 458.245, prod: 0.176279, t_ads: 24.5, t_des: 24.5, bed_util_ads: 0.486, bed_util_des: 0.486, des_th: 0.4861646533300511,frac_lost: 0.101, li_recovered:  8.651, time: 0.004984754999895813
L: 0.50, u_super: 0.00854, sec: 489.791, prod: 0.193510, t_ads: 22.9, t_des: 20.8, bed_util_ads: 0.500, bed_util_des: 0.500, des_th: 0.4996427271806345,frac_lost: 0.105, li_recovered:  8.443, time: 0.004140021999774035
L: 0.50, u_super: 0.00710, sec: 400.902, prod: 0.160452, t_ads: 27.5, t_des: 24.7, bed_util_ads: 0.500, bed_util_des: 0.500, des_th: 0.49985394241924463,frac_lost: 0.107, li_recovered:  8.383, time: 0.004410699000800378
L: 0.50, u_super: 0.00258, sec: 138.866, prod: 0.057568, t_ads: 74.6, t_des: 70.5, bed_util_ads: 0.489, bed_util_des: 0.488, des_th: 0.48830214746887296,frac_lost: 0.102, li_recovered:  8.352, time: 0.005799391999971704
L: 0.50, u_super: 0.00277, sec: 150.321, prod: 0.061502, t_ads: 69.5, t_des: 60.3, bed_util_ads: 0.500, bed_util_des: 0.500, des_th: 0.4997491875833534,frac_lost: 0.102, li_recovered:  7.983, time: 0.004979328001354588
L: 0.50, u_super: 0.00432, sec: 236.839, prod: 0.096737, t_ads: 45.2, t_des: 42.6, bed_util_ads: 0.492, bed_util_des: 0.491, des_th: 0.49151091560036797,frac_lost: 0.107, li_recovered:  8.494, time: 0.005901235999772325
L: 0.50, u_super: 0.00539, sec: 298.157, prod: 0.121664, t_ads: 35.9, t_des: 31.9, bed_util_ads: 0.500, bed_util_des: 0.500, des_th: 0.49972664424113944,frac_lost: 0.101, li_recovered:  8.248, time: 0.00484918199981621
L: 0.50, u_super: 0.00106, sec: 58.555, prod: 0.022681, t_ads: 176.7, t_des: 154.0, bed_util_ads: 0.490, bed_util_des: 0.489, des_th: 0.4893411621940893,frac_lost: 0.102, li_recovered:  7.501, time: 0.0038351370003510965
L: 0.50, u_super: 0.00276, sec: 148.688, prod: 0.061830, t_ads: 69.7, t_des: 64.4, bed_util_ads: 0.492, bed_util_des: 0.492, des_th: 0.49208598035783657,frac_lost: 0.102, li_recovered:  8.291, time: 0.004651069000829011
L: 0.50, u_super: 0.00187, sec: 101.164, prod: 0.040881, t_ads: 102.4, t_des: 88.8, bed_util_ads: 0.498, bed_util_des: 0.498, des_th: 0.4977653036927553,frac_lost: 0.102, li_recovered:  7.817, time: 0.004931159999614465
L: 0.50, u_super: 0.00981, sec: 570.244, prod: 0.222762, t_ads: 19.8, t_des: 18.1, bed_util_ads: 0.500, bed_util_des: 0.499, des_th: 0.49942353325447775,frac_lost: 0.102, li_recovered:  8.446, time: 0.006191165000927867
L: 0.50, u_super: 0.00923, sec: 533.675, prod: 0.209057, t_ads: 21.2, t_des: 19.2, bed_util_ads: 0.500, bed_util_des: 0.500, des_th: 0.49967605787093194,frac_lost: 0.106, li_recovered:  8.444, time: 0.006759633000910981
L: 0.50, u_super: 0.00426, sec: 261.147, prod: 0.085313, t_ads: 45.5, t_des: 55.8, bed_util_ads: 0.459, bed_util_des: 0.459, des_th: 0.458553605079217,frac_lost: 0.101, li_recovered:  8.640, time: 0.006092420999266324
L: 0.50, u_super: 0.00389, sec: 211.774, prod: 0.087377, t_ads: 49.9, t_des: 44.6, bed_util_ads: 0.498, bed_util_des: 0.498, des_th: 0.498109270507475,frac_lost: 0.105, li_recovered:  8.254, time: 0.007055799998852308
L: 0.50, u_super: 0.00376, sec: 1686.464, prod: 0.010237, t_ads: 52.2, t_des: 806.1, bed_util_ads: 0.192, bed_util_des: 0.185, des_th: 0.18518299330491436,frac_lost: 0.104, li_recovered:  8.787, time: 0.04412065600081405
L: 0.50, u_super: 0.00954, sec: 553.321, prod: 0.216168, t_ads: 20.5, t_des: 18.4, bed_util_ads: 0.500, bed_util_des: 0.500, des_th: 0.4999810543769486,frac_lost: 0.105, li_recovered:  8.399, time: 0.006400254998879973
L: 0.50, u_super: 0.00635, sec: 354.442, prod: 0.143627, t_ads: 30.6, t_des: 27.6, bed_util_ads: 0.500, bed_util_des: 0.499, des_th: 0.49942353325447775,frac_lost: 0.103, li_recovered:  8.365, time: 0.0044981010014453204
L: 15.88, u_super: 0.00382 — INFEASIBLE (li_recovered=0.000e+00), time: 0.0021652989998983685
L: 0.50, u_super: 0.00597, sec: 336.734, prod: 0.133040, t_ads: 32.5, t_des: 32.3, bed_util_ads: 0.486, bed_util_des: 0.486, des_th: 0.4858445815684051,frac_lost: 0.101, li_recovered:  8.615, time: 0.006052930999430828
L: 0.50, u_super: 0.00481, sec: 263.505, prod: 0.108448, t_ads: 40.3, t_des: 36.5, bed_util_ads: 0.498, bed_util_des: 0.498, des_th: 0.4981983408974822,frac_lost: 0.102, li_recovered:  8.338, time: 0.006406401000276674
L: 0.50, u_super: 0.00005, sec: 4.794, prod: 0.000604, t_ads: 2659.4, t_des: 3685.2, bed_util_ads: 0.255, bed_util_des: 0.222, des_th: 0.2225772301201978,frac_lost: 0.101, li_recovered:  3.831, time: 0.005913061999308411
L: 0.50, u_super: 0.00760, sec: 429.754, prod: 0.172333, t_ads: 25.5, t_des: 23.1, bed_util_ads: 0.500, bed_util_des: 0.500, des_th: 0.4995579955431751,frac_lost: 0.100, li_recovered:  8.377, time: 0.006886081000629929
L: 0.50, u_super: 0.00737, sec: 417.515, prod: 0.166576, t_ads: 26.6, t_des: 23.9, bed_util_ads: 0.500, bed_util_des: 0.499, des_th: 0.49942353325447775,frac_lost: 0.108, li_recovered:  8.399, time: 0.005982397000479978
L: 0.50, u_super: 0.00990, sec: 577.031, prod: 0.224345, t_ads: 19.7, t_des: 17.7, bed_util_ads: 0.500, bed_util_des: 0.500, des_th: 0.49979097469976336,frac_lost: 0.105, li_recovered:  8.406, time: 0.007555321999461739
L: 0.50, u_super: 0.00257, sec: 137.952, prod: 0.057346, t_ads: 75.0, t_des: 69.1, bed_util_ads: 0.492, bed_util_des: 0.492, des_th: 0.4919848852071827,frac_lost: 0.102, li_recovered:  8.264, time: 0.007556467999165761
L: 0.50, u_super: 0.00939, sec: 602.897, prod: 0.192012, t_ads: 20.8, t_des: 24.6, bed_util_ads: 0.465, bed_util_des: 0.465, des_th: 0.464943840249201,frac_lost: 0.103, li_recovered:  8.714, time: 0.008500748001097236
L: 0.50, u_super: 0.00772, sec: 439.483, prod: 0.174479, t_ads: 25.3, t_des: 23.5, bed_util_ads: 0.496, bed_util_des: 0.496, des_th: 0.4957230687693096,frac_lost: 0.107, li_recovered:  8.522, time: 0.005868475998795475
L: 0.50, u_super: 0.00620, sec: 346.448, prod: 0.139841, t_ads: 31.6, t_des: 28.3, bed_util_ads: 0.500, bed_util_des: 0.499, des_th: 0.49944113934945544,frac_lost: 0.108, li_recovered:  8.376, time: 0.005394073999923421
L: 5.50, u_super: 0.00350 — INFEASIBLE (li_recovered=0.000e+00), time: 0.003184434999639052
L: 0.50, u_super: 0.00713, sec: 402.434, prod: 0.161031, t_ads: 27.5, t_des: 24.7, bed_util_ads: 0.500, bed_util_des: 0.500, des_th: 0.49986131999955313,frac_lost: 0.108, li_recovered:  8.394, time: 0.0044437889991968405
L: 0.50, u_super: 0.00556, sec: 307.033, prod: 0.125593, t_ads: 34.9, t_des: 32.0, bed_util_ads: 0.497, bed_util_des: 0.497, des_th: 0.497293763629128,frac_lost: 0.102, li_recovered:  8.409, time: 0.007248466001328779
L: 0.50, u_super: 0.00049 — INFEASIBLE (li_recovered=0.000e+00), time: 0.002804276000460959
L: 0.50, u_super: 0.00792, sec: 449.665, prod: 0.179643, t_ads: 24.5, t_des: 22.7, bed_util_ads: 0.497, bed_util_des: 0.496, des_th: 0.49644344134248647,frac_lost: 0.100, li_recovered:  8.482, time: 0.005194237000978319
L: 18.00, u_super: 0.00039 — INFEASIBLE (li_recovered=0.000e+00), time: 0.0011759339995478513
L: 0.50, u_super: 0.00677, sec: 379.262, prod: 0.153195, t_ads: 28.6, t_des: 25.6, bed_util_ads: 0.500, bed_util_des: 0.500, des_th: 0.4999636538747988,frac_lost: 0.100, li_recovered:  8.316, time: 0.00547114900109591
L: 0.50, u_super: 0.00513, sec: 282.427, prod: 0.115878, t_ads: 37.8, t_des: 34.7, bed_util_ads: 0.496, bed_util_des: 0.496, des_th: 0.4957168454802014,frac_lost: 0.103, li_recovered:  8.405, time: 0.004668132998631336
L: 0.50, u_super: 0.00155, sec: 85.480, prod: 0.033167, t_ads: 123.5, t_des: 102.9, bed_util_ads: 0.500, bed_util_des: 0.500, des_th: 0.4999243350991969,frac_lost: 0.106, li_recovered:  7.511, time: 0.006494739000117988
L: 0.50, u_super: 0.00350, sec: 189.481, prod: 0.078486, t_ads: 55.5, t_des: 50.9, bed_util_ads: 0.495, bed_util_des: 0.495, des_th: 0.4950999114214084,frac_lost: 0.105, li_recovered:  8.351, time: 0.006401287000699085
   686 |    27440 |     40 |  0.0032773830 |             f
L: 0.50, u_super: 0.00886, sec: 510.203, prod: 0.200518, t_ads: 22.1, t_des: 20.0, bed_util_ads: 0.500, bed_util_des: 0.500, des_th: 0.4998786902230607,frac_lost: 0.107, li_recovered:  8.449, time: 0.004399929001010605
L: 0.50, u_super: 0.00009, sec: 9.149, prod: 0.001092, t_ads: 2056.9, t_des: 5147.1, bed_util_ads: 0.260, bed_util_des: 0.185, des_th: 0.1851696623157332,frac_lost: 0.103, li_recovered:  7.864, time: 0.008456228999421
L: 0.50, u_super: 0.00051 — INFEASIBLE (li_recovered=0.000e+00), time: 0.003009223999470123
L: 0.50, u_super: 0.00393, sec: 213.860, prod: 0.088095, t_ads: 49.5, t_des: 44.2, bed_util_ads: 0.498, bed_util_des: 0.498, des_th: 0.4981539076718576,frac_lost: 0.106, li_recovered:  8.255, time: 0.005251558000963996
L: 0.50, u_super: 0.00164, sec: 89.159, prod: 0.035563, t_ads: 116.8, t_des: 117.5, bed_util_ads: 0.477, bed_util_des: 0.476, des_th: 0.47615809441607815,frac_lost: 0.102, li_recovered:  8.334, time: 0.00481947099979152
L: 0.50, u_super: 0.00204, sec: 110.749, prod: 0.044589, t_ads: 93.9, t_des: 80.4, bed_util_ads: 0.500, bed_util_des: 0.500, des_th: 0.4999636538747988,frac_lost: 0.101, li_recovered:  7.775, time: 0.004004622000138625
L: 0.50, u_super: 0.00597, sec: 331.643, prod: 0.135082, t_ads: 32.4, t_des: 29.1, bed_util_ads: 0.499, bed_util_des: 0.499, des_th: 0.49871196392658546,frac_lost: 0.101, li_recovered:  8.320, time: 0.005180164000194054
L: 0.50, u_super: 0.00564, sec: 409.187, prod: 0.097107, t_ads: 34.4, t_des: 55.0, bed_util_ads: 0.427, bed_util_des: 0.426, des_th: 0.42626155607498745,frac_lost: 0.100, li_recovered:  8.688, time: 0.0055580389998795
L: 0.50, u_super: 0.00013, sec: 13.718, prod: 0.001327, t_ads: 1547.3, t_des: 4604.7, bed_util_ads: 0.263, bed_util_des: 0.193, des_th: 0.19291150217790015,frac_lost: 0.104, li_recovered:  8.165, time: 0.008902677000151016
L: 10.48, u_super: 0.00349 — INFEASIBLE (li_recovered=0.000e+00), time: 0.0018373790007899515
L: 0.50, u_super: 0.00893, sec: 514.693, prod: 0.202299, t_ads: 21.9, t_des: 19.9, bed_util_ads: 0.500, bed_util_des: 0.500, des_th: 0.4997197917909803,frac_lost: 0.106, li_recovered:  8.454, time: 0.004521461998592713
L: 0.50, u_super: 0.00710, sec: 399.679, prod: 0.160660, t_ads: 27.4, t_des: 24.5, bed_util_ads: 0.500, bed_util_des: 0.500, des_th: 0.4996561808382574,frac_lost: 0.102, li_recovered:  8.330, time: 0.0058611060012481175
L: 0.50, u_super: 0.00621, sec: 345.935, prod: 0.140598, t_ads: 31.2, t_des: 28.0, bed_util_ads: 0.500, bed_util_des: 0.499, des_th: 0.49941666648872496,frac_lost: 0.100, li_recovered:  8.320, time: 0.005038461000367533
L: 0.50, u_super: 0.00360, sec: 195.574, prod: 0.080748, t_ads: 53.9, t_des: 48.3, bed_util_ads: 0.498, bed_util_des: 0.498, des_th: 0.4978759388779129,frac_lost: 0.106, li_recovered:  8.255, time: 0.0048018079996836605
L: 0.50, u_super: 0.00990, sec: 722.032, prod: 0.179350, t_ads: 19.7, t_des: 28.9, bed_util_ads: 0.439, bed_util_des: 0.439, des_th: 0.43857876814602736,frac_lost: 0.104, li_recovered:  8.726, time: 0.005197489001147915
L: 0.50, u_super: 0.00811, sec: 463.000, prod: 0.183295, t_ads: 24.2, t_des: 22.2, bed_util_ads: 0.498, bed_util_des: 0.498, des_th: 0.498109270507475,frac_lost: 0.107, li_recovered:  8.488, time: 0.005550182999286335
L: 0.50, u_super: 0.00403, sec: 219.579, prod: 0.090464, t_ads: 48.2, t_des: 43.1, bed_util_ads: 0.499, bed_util_des: 0.499, des_th: 0.498819569320454,frac_lost: 0.105, li_recovered:  8.263, time: 0.0041570510002202354
L: 0.50, u_super: 0.00005, sec: 4.574, prod: 0.000633, t_ads: 2885.1, t_des: 4247.5, bed_util_ads: 0.255, bed_util_des: 0.212, des_th: 0.21270102643923725,frac_lost: 0.100, li_recovered:  4.514, time: 0.004895616999419872
L: 0.50, u_super: 0.00350, sec: 189.503, prod: 0.078477, t_ads: 55.5, t_des: 50.7, bed_util_ads: 0.495, bed_util_des: 0.495, des_th: 0.4948561845428168,frac_lost: 0.105, li_recovered:  8.336, time: 0.004729939000753802
L: 0.50, u_super: 0.00507, sec: 278.500, prod: 0.114354, t_ads: 38.3, t_des: 34.7, bed_util_ads: 0.498, bed_util_des: 0.498, des_th: 0.4981983408974822,frac_lost: 0.103, li_recovered:  8.351, time: 0.00500799500150606
L: 0.50, u_super: 0.00809, sec: 479.194, prod: 0.176447, t_ads: 24.1, t_des: 25.1, bed_util_ads: 0.482, bed_util_des: 0.482, des_th: 0.4816852977165193,frac_lost: 0.105, li_recovered:  8.689, time: 0.004810779999388615
L: 0.50, u_super: 0.00520, sec: 286.562, prod: 0.117431, t_ads: 37.3, t_des: 33.5, bed_util_ads: 0.500, bed_util_des: 0.500, des_th: 0.4996817803439941,frac_lost: 0.102, li_recovered:  8.308, time: 0.004157026000029873
L: 0.50, u_super: 0.00013, sec: 13.511, prod: 0.001348, t_ads: 1530.5, t_des: 4465.9, bed_util_ads: 0.264, bed_util_des: 0.195, des_th: 0.19546488558011835,frac_lost: 0.100, li_recovered:  8.081, time: 0.009284322999519645
L: 0.50, u_super: 0.00681, sec: 382.278, prod: 0.154065, t_ads: 28.5, t_des: 26.7, bed_util_ads: 0.494, bed_util_des: 0.494, des_th: 0.49424664468977403,frac_lost: 0.101, li_recovered:  8.507, time: 0.004425856001034845
L: 0.50, u_super: 0.00187, sec: 101.281, prod: 0.040834, t_ads: 102.6, t_des: 88.6, bed_util_ads: 0.498, bed_util_des: 0.497, des_th: 0.4972859198890754,frac_lost: 0.103, li_recovered:  7.806, time: 0.006585944000107702
L: 0.50, u_super: 0.00408, sec: 222.573, prod: 0.091386, t_ads: 47.7, t_des: 42.1, bed_util_ads: 0.500, bed_util_des: 0.500, des_th: 0.49956560130306993,frac_lost: 0.105, li_recovered:  8.203, time: 0.005240077998678316
L: 0.50, u_super: 0.00559, sec: 313.604, prod: 0.124315, t_ads: 34.7, t_des: 34.5, bed_util_ads: 0.486, bed_util_des: 0.485, des_th: 0.4851896262419901,frac_lost: 0.101, li_recovered:  8.608, time: 0.004717618001450319
L: 0.50, u_super: 0.00208, sec: 112.225, prod: 0.046159, t_ads: 92.7, t_des: 83.6, bed_util_ads: 0.493, bed_util_des: 0.493, des_th: 0.4929158612831017,frac_lost: 0.108, li_recovered:  8.139, time: 0.005489049000971136
L: 0.50, u_super: 0.00297, sec: 160.921, prod: 0.066217, t_ads: 64.9, t_des: 56.9, bed_util_ads: 0.500, bed_util_des: 0.500, des_th: 0.49990023091185143,frac_lost: 0.102, li_recovered:  8.060, time: 0.006639200000790879
L: 0.50, u_super: 0.00854, sec: 490.324, prod: 0.193299, t_ads: 22.9, t_des: 20.8, bed_util_ads: 0.500, bed_util_des: 0.499, des_th: 0.499410079596851,frac_lost: 0.107, li_recovered:  8.446, time: 0.0062245629997050855
L: 0.50, u_super: 0.00954, sec: 553.501, prod: 0.216098, t_ads: 20.5, t_des: 18.4, bed_util_ads: 0.500, bed_util_des: 0.500, des_th: 0.49997889225519354,frac_lost: 0.105, li_recovered:  8.399, time: 0.006274121000387822
L: 1.38, u_super: 0.00480, sec: 742.168, prod: 0.105849, t_ads: 109.6, t_des: 98.4, bed_util_ads: 0.493, bed_util_des: 0.492, des_th: 0.4923072294866821,frac_lost: 0.103, li_recovered:  22.013, time: 0.00488618799863616
L: 0.50, u_super: 0.00051 — INFEASIBLE (li_recovered=0.000e+00), time: 0.005698111999663524
L: 0.50, u_super: 0.00401, sec: 217.980, prod: 0.090148, t_ads: 48.4, t_des: 43.8, bed_util_ads: 0.498, bed_util_des: 0.498, des_th: 0.4976027743549874,frac_lost: 0.104, li_recovered:  8.313, time: 0.007103103000190458
L: 33.33, u_super: 0.00708 — INFEASIBLE (li_recovered=0.000e+00), time: 0.002758897999228793
L: 0.50, u_super: 0.00484, sec: 266.071, prod: 0.109065, t_ads: 40.1, t_des: 35.8, bed_util_ads: 0.500, bed_util_des: 0.500, des_th: 0.49983916805037504,frac_lost: 0.104, li_recovered:  8.287, time: 0.006906385999172926
L: 0.50, u_super: 0.00854, sec: 490.160, prod: 0.193364, t_ads: 22.9, t_des: 20.5, bed_util_ads: 0.500, bed_util_des: 0.500, des_th: 0.499708932493999,frac_lost: 0.106, li_recovered:  8.392, time: 0.0072671280013310025
L: 80.20, u_super: 0.00187 — INFEASIBLE (li_recovered=0.000e+00), time: 0.0017111369998019654
L: 0.50, u_super: 0.00904, sec: 521.802, prod: 0.204740, t_ads: 21.6, t_des: 19.4, bed_util_ads: 0.500, bed_util_des: 0.500, des_th: 0.4999516454364383,frac_lost: 0.106, li_recovered:  8.389, time: 0.0055220790000021225
L: 0.50, u_super: 0.00005, sec: 4.903, prod: 0.000591, t_ads: 3963.5, t_des: 9925.4, bed_util_ads: 0.230, bed_util_des: 0.128, des_th: 0.12848196941123552,frac_lost: 0.103, li_recovered:  8.201, time: 0.012281612000151654
   687 |    27480 |     40 |  0.0015201993 |             f
L: 33.29, u_super: 0.00772 — INFEASIBLE (li_recovered=0.000e+00), time: 0.0021880069998587715
L: 0.50, u_super: 0.00413, sec: 225.267, prod: 0.093002, t_ads: 47.0, t_des: 42.5, bed_util_ads: 0.497, bed_util_des: 0.497, des_th: 0.496899464482867,frac_lost: 0.104, li_recovered:  8.323, time: 0.005855872001120588
L: 0.50, u_super: 0.00256, sec: 138.814, prod: 0.056780, t_ads: 75.2, t_des: 65.4, bed_util_ads: 0.500, bed_util_des: 0.500, des_th: 0.49979097469976336,frac_lost: 0.103, li_recovered:  7.979, time: 0.005237978000877774
L: 7.58, u_super: 0.00045, sec: 719.703, prod: 0.004935, t_ads: 4389.0, t_des: 6101.1, bed_util_ads: 0.218, bed_util_des: 0.176, des_th: 0.17694971457498604,frac_lost: 0.101, li_recovered:  51.773, time: 0.004371630000605364
L: 52.51, u_super: 0.00469 — INFEASIBLE (li_recovered=0.000e+00), time: 0.001671576999797253
L: 0.50, u_super: 0.00564, sec: 312.264, prod: 0.127247, t_ads: 34.5, t_des: 30.8, bed_util_ads: 0.500, bed_util_des: 0.500, des_th: 0.49988465699113294,frac_lost: 0.103, li_recovered:  8.306, time: 0.005819609999889508
L: 0.50, u_super: 0.00257, sec: 138.019, prod: 0.057318, t_ads: 75.1, t_des: 69.1, bed_util_ads: 0.492, bed_util_des: 0.492, des_th: 0.4920605146924897,frac_lost: 0.103, li_recovered:  8.265, time: 0.0062000840007385705
L: 28.63, u_super: 0.00083 — INFEASIBLE (li_recovered=0.000e+00), time: 0.0012732320010400144
L: 0.50, u_super: 0.00832, sec: 491.185, prod: 0.182484, t_ads: 23.5, t_des: 24.1, bed_util_ads: 0.484, bed_util_des: 0.484, des_th: 0.48376300296059577,frac_lost: 0.107, li_recovered:  8.686, time: 0.007234120999783045
L: 30.59, u_super: 0.00422 — INFEASIBLE (li_recovered=0.000e+00), time: 0.001468380000005709
L: 0.50, u_super: 0.00982, sec: 571.361, prod: 0.222776, t_ads: 19.9, t_des: 18.0, bed_util_ads: 0.500, bed_util_des: 0.499, des_th: 0.4994817318700342,frac_lost: 0.104, li_recovered:  8.445, time: 0.004730456999823218
L: 0.50, u_super: 0.00530, sec: 293.221, prod: 0.119295, t_ads: 36.6, t_des: 34.9, bed_util_ads: 0.492, bed_util_des: 0.492, des_th: 0.49157262712198835,frac_lost: 0.102, li_recovered:  8.525, time: 0.004229829999530921
L: 0.50, u_super: 0.00990, sec: 6566.679, prod: 0.019720, t_ads: 19.8, t_des: 425.6, bed_util_ads: 0.170, bed_util_des: 0.167, des_th: 0.16715818227679938,frac_lost: 0.104, li_recovered:  8.783, time: 0.04896729799838795
L: 0.50, u_super: 0.00710, sec: 421.570, prod: 0.152318, t_ads: 27.6, t_des: 29.5, bed_util_ads: 0.478, bed_util_des: 0.477, des_th: 0.47723573804554126,frac_lost: 0.107, li_recovered:  8.689, time: 0.006361521000144421
L: 0.50, u_super: 0.00923, sec: 533.787, prod: 0.209188, t_ads: 21.2, t_des: 19.2, bed_util_ads: 0.500, bed_util_des: 0.500, des_th: 0.4998924172277758,frac_lost: 0.106, li_recovered:  8.444, time: 0.00666371999977855
L: 0.50, u_super: 0.00788, sec: 447.409, prod: 0.178841, t_ads: 24.6, t_des: 22.5, bed_util_ads: 0.497, bed_util_des: 0.497, des_th: 0.49729795123262444,frac_lost: 0.101, li_recovered:  8.437, time: 0.004918968001220492
L: 0.50, u_super: 0.00455, sec: 249.000, prod: 0.102410, t_ads: 42.8, t_des: 38.6, bed_util_ads: 0.497, bed_util_des: 0.497, des_th: 0.4971364804751444,frac_lost: 0.105, li_recovered:  8.328, time: 0.005258772000161116
L: 63.04, u_super: 0.00292 — INFEASIBLE (li_recovered=0.000e+00), time: 0.0011284049996902468
L: 31.45, u_super: 0.00892 — INFEASIBLE (li_recovered=0.000e+00), time: 0.001260402999832877
L: 0.50, u_super: 0.00006 — INFEASIBLE (li_recovered=0.000e+00), time: 0.0012737950000882847
L: 0.50, u_super: 0.00989, sec: 576.367, prod: 0.224364, t_ads: 19.7, t_des: 17.9, bed_util_ads: 0.500, bed_util_des: 0.499, des_th: 0.4994791852069733,frac_lost: 0.105, li_recovered:  8.451, time: 0.006594249998670421
L: 0.50, u_super: 0.00696, sec: 397.391, prod: 0.155274, t_ads: 28.2, t_des: 27.4, bed_util_ads: 0.491, bed_util_des: 0.491, des_th: 0.4906113334885761,frac_lost: 0.110, li_recovered:  8.625, time: 0.004260284000338288
L: 0.50, u_super: 0.00164, sec: 115.090, prod: 0.027550, t_ads: 117.4, t_des: 190.9, bed_util_ads: 0.417, bed_util_des: 0.413, des_th: 0.41281323738824977,frac_lost: 0.101, li_recovered:  8.494, time: 0.006429823999496875
L: 0.50, u_super: 0.00270, sec: 146.535, prod: 0.059970, t_ads: 71.3, t_des: 62.0, bed_util_ads: 0.499, bed_util_des: 0.499, des_th: 0.49900847388032693,frac_lost: 0.103, li_recovered:  7.990, time: 0.005147780999323004
L: 0.50, u_super: 0.00588, sec: 325.998, prod: 0.133011, t_ads: 33.0, t_des: 30.3, bed_util_ads: 0.498, bed_util_des: 0.497, des_th: 0.497391237366791,frac_lost: 0.102, li_recovered:  8.417, time: 0.00696549500025867
L: 0.50, u_super: 0.00350, sec: 205.713, prod: 0.072293, t_ads: 55.5, t_des: 63.6, bed_util_ads: 0.467, bed_util_des: 0.466, des_th: 0.4655965842618644,frac_lost: 0.104, li_recovered:  8.608, time: 0.009003924998978619
L: 0.50, u_super: 0.00490, sec: 269.558, prod: 0.110389, t_ads: 39.7, t_des: 35.4, bed_util_ads: 0.500, bed_util_des: 0.500, des_th: 0.49994219099939063,frac_lost: 0.105, li_recovered:  8.292, time: 0.006284000000960077
L: 3.59, u_super: 0.00701 — INFEASIBLE (li_recovered=0.000e+00), time: 0.002682524000192643
L: 0.50, u_super: 0.00876, sec: 508.164, prod: 0.196750, t_ads: 22.3, t_des: 21.5, bed_util_ads: 0.491, bed_util_des: 0.491, des_th: 0.4912680672570064,frac_lost: 0.106, li_recovered:  8.619, time: 0.004857754998738528
L: 0.50, u_super: 0.00396, sec: 216.183, prod: 0.088921, t_ads: 49.0, t_des: 46.1, bed_util_ads: 0.492, bed_util_des: 0.492, des_th: 0.49162658735021303,frac_lost: 0.105, li_recovered:  8.456, time: 0.004919046999930288
L: 6.21, u_super: 0.00350 — INFEASIBLE (li_recovered=0.000e+00), time: 0.00195020499995735
L: 0.50, u_super: 0.00011 — INFEASIBLE (li_recovered=0.000e+00), time: 0.002484840999386506
L: 0.50, u_super: 0.00711, sec: 512.996, prod: 0.125563, t_ads: 27.6, t_des: 41.8, bed_util_ads: 0.434, bed_util_des: 0.433, des_th: 0.43324179170951443,frac_lost: 0.107, li_recovered:  8.711, time: 0.006598091998966993
L: 12.10, u_super: 0.00841 — INFEASIBLE (li_recovered=0.000e+00), time: 0.0027935470006923424
L: 0.50, u_super: 0.00120, sec: 66.315, prod: 0.025367, t_ads: 158.7, t_des: 133.6, bed_util_ads: 0.496, bed_util_des: 0.496, des_th: 0.49572660585226264,frac_lost: 0.106, li_recovered:  7.414, time: 0.006085684999561636
L: 0.50, u_super: 0.00272, sec: 145.971, prod: 0.060711, t_ads: 71.0, t_des: 65.4, bed_util_ads: 0.492, bed_util_des: 0.492, des_th: 0.49180931921308274,frac_lost: 0.102, li_recovered:  8.280, time: 0.0046343740013981005
L: 0.50, u_super: 0.00187, sec: 101.164, prod: 0.040881, t_ads: 102.4, t_des: 88.8, bed_util_ads: 0.498, bed_util_des: 0.498, des_th: 0.4977653036927553,frac_lost: 0.102, li_recovered:  7.817, time: 0.004320730999097577
L: 0.50, u_super: 0.00606, sec: 339.817, prod: 0.135838, t_ads: 32.3, t_des: 30.7, bed_util_ads: 0.492, bed_util_des: 0.492, des_th: 0.49208598035783657,frac_lost: 0.109, li_recovered:  8.566, time: 0.005338040000424371
L: 0.50, u_super: 0.00568, sec: 2100.754, prod: 0.019183, t_ads: 34.5, t_des: 423.0, bed_util_ads: 0.212, bed_util_des: 0.208, des_th: 0.2076688526732046,frac_lost: 0.103, li_recovered:  8.776, time: 0.036654120000093826
L: 0.50, u_super: 0.00116 — INFEASIBLE (li_recovered=0.000e+00), time: 0.003365005999512505
   688 |    27520 |     40 |  0.0036284217 |             f
L: 0.50, u_super: 0.00318, sec: 177.854, prod: 0.068606, t_ads: 61.1, t_des: 63.8, bed_util_ads: 0.478, bed_util_des: 0.478, des_th: 0.4776372293779455,frac_lost: 0.105, li_recovered:  8.570, time: 0.006052933998944354
L: 0.50, u_super: 0.00490, sec: 269.554, prod: 0.110391, t_ads: 39.7, t_des: 35.4, bed_util_ads: 0.499, bed_util_des: 0.499, des_th: 0.4992766303845224,frac_lost: 0.105, li_recovered:  8.290, time: 0.005148760001247865
L: 0.50, u_super: 0.00020 — INFEASIBLE (li_recovered=0.000e+00), time: 0.0014235669987101573
L: 0.50, u_super: 0.00681, sec: 382.153, prod: 0.154116, t_ads: 28.5, t_des: 26.7, bed_util_ads: 0.494, bed_util_des: 0.494, des_th: 0.49418641658554885,frac_lost: 0.101, li_recovered:  8.505, time: 0.0071114820002549095
L: 0.50, u_super: 0.00564, sec: 311.664, prod: 0.127492, t_ads: 34.4, t_des: 31.2, bed_util_ads: 0.497, bed_util_des: 0.497, des_th: 0.497293763629128,frac_lost: 0.101, li_recovered:  8.366, time: 0.004472398999496363
L: 0.50, u_super: 0.00027 — INFEASIBLE (li_recovered=0.000e+00), time: 0.002222834000349394
L: 0.50, u_super: 0.00208, sec: 112.499, prod: 0.046047, t_ads: 91.8, t_des: 80.7, bed_util_ads: 0.496, bed_util_des: 0.496, des_th: 0.496030118973811,frac_lost: 0.101, li_recovered:  7.942, time: 0.005158138999831863
L: 0.50, u_super: 0.00418, sec: 228.849, prod: 0.093754, t_ads: 46.5, t_des: 44.0, bed_util_ads: 0.492, bed_util_des: 0.492, des_th: 0.4917073322656361,frac_lost: 0.106, li_recovered:  8.485, time: 0.005239964999418589
L: 0.50, u_super: 0.00905, sec: 522.474, prod: 0.205147, t_ads: 21.6, t_des: 19.5, bed_util_ads: 0.500, bed_util_des: 0.500, des_th: 0.4997197917909803,frac_lost: 0.106, li_recovered:  8.439, time: 0.004786761999639566
L: 0.50, u_super: 0.00990, sec: 576.960, prod: 0.224441, t_ads: 19.7, t_des: 17.9, bed_util_ads: 0.500, bed_util_des: 0.499, des_th: 0.4994771075336501,frac_lost: 0.105, li_recovered:  8.457, time: 0.004348643999037449
L: 0.50, u_super: 0.00812, sec: 462.088, prod: 0.184396, t_ads: 23.9, t_des: 21.9, bed_util_ads: 0.498, bed_util_des: 0.497, des_th: 0.4973835647784585,frac_lost: 0.100, li_recovered:  8.437, time: 0.005988753000565339
L: 0.50, u_super: 0.00280, sec: 150.681, prod: 0.062591, t_ads: 68.9, t_des: 64.2, bed_util_ads: 0.492, bed_util_des: 0.492, des_th: 0.49180931921308274,frac_lost: 0.103, li_recovered:  8.331, time: 0.007068176000757376
L: 0.50, u_super: 0.00801, sec: 457.161, prod: 0.181176, t_ads: 24.5, t_des: 22.2, bed_util_ads: 0.500, bed_util_des: 0.499, des_th: 0.49943732526014184,frac_lost: 0.108, li_recovered:  8.446, time: 0.005571744000917533
L: 0.50, u_super: 0.00772, sec: 462.826, prod: 0.165679, t_ads: 25.3, t_des: 27.2, bed_util_ads: 0.477, bed_util_des: 0.477, des_th: 0.47657325758520824,frac_lost: 0.106, li_recovered:  8.695, time: 0.00507275499876414
L: 11.10, u_super: 0.00951 — INFEASIBLE (li_recovered=0.000e+00), time: 0.002654691999850911
L: 0.50, u_super: 0.00594, sec: 395.974, prod: 0.111968, t_ads: 32.9, t_des: 44.7, bed_util_ads: 0.448, bed_util_des: 0.447, des_th: 0.4470779470651758,frac_lost: 0.107, li_recovered:  8.692, time: 0.007236084999021841
L: 0.50, u_super: 0.00642, sec: 375.261, prod: 0.138665, t_ads: 30.2, t_des: 32.3, bed_util_ads: 0.477, bed_util_des: 0.477, des_th: 0.47662899663093844,frac_lost: 0.100, li_recovered:  8.669, time: 0.00435020500117389
L: 0.50, u_super: 0.00921, sec: 4726.695, prod: 0.023495, t_ads: 21.4, t_des: 352.5, bed_util_ads: 0.189, bed_util_des: 0.186, des_th: 0.18628969576660645,frac_lost: 0.106, li_recovered:  8.783, time: 0.03227147299912758
L: 0.50, u_super: 0.00347, sec: 188.091, prod: 0.077854, t_ads: 55.9, t_des: 51.1, bed_util_ads: 0.496, bed_util_des: 0.495, des_th: 0.49519576302559637,frac_lost: 0.106, li_recovered:  8.334, time: 0.004060457000377937
L: 0.50, u_super: 0.00634, sec: 355.492, prod: 0.142651, t_ads: 30.7, t_des: 29.4, bed_util_ads: 0.492, bed_util_des: 0.492, des_th: 0.4920849824885062,frac_lost: 0.103, li_recovered:  8.563, time: 0.003959206000217819
L: 0.50, u_super: 0.00051, sec: 28.981, prod: 0.010317, t_ads: 355.4, t_des: 342.3, bed_util_ads: 0.461, bed_util_des: 0.458, des_th: 0.4585197416089864,frac_lost: 0.100, li_recovered:  7.199, time: 0.004726722998384503
L: 0.50, u_super: 0.00822, sec: 3641.678, prod: 0.023989, t_ads: 23.9, t_des: 342.1, bed_util_ads: 0.200, bed_util_des: 0.197, des_th: 0.19685496523095775,frac_lost: 0.104, li_recovered:  8.779, time: 0.027596568001172272
L: 0.50, u_super: 0.00854, sec: 489.817, prod: 0.193499, t_ads: 22.9, t_des: 20.8, bed_util_ads: 0.500, bed_util_des: 0.500, des_th: 0.499682527501043,frac_lost: 0.105, li_recovered:  8.442, time: 0.0040142910002032295
L: 0.50, u_super: 0.00007, sec: 5.996, prod: 0.000926, t_ads: 2583.8, t_des: 4864.5, bed_util_ads: 0.263, bed_util_des: 0.195, des_th: 0.19546488558011835,frac_lost: 0.101, li_recovered:  6.899, time: 0.0054642180002701934
L: 0.50, u_super: 0.00706, sec: 396.652, prod: 0.159935, t_ads: 27.5, t_des: 24.9, bed_util_ads: 0.500, bed_util_des: 0.499, des_th: 0.49942353325447775,frac_lost: 0.101, li_recovered:  8.377, time: 0.0037442859993461752
L: 0.50, u_super: 0.00772, sec: 503.669, prod: 0.152244, t_ads: 25.4, t_des: 31.8, bed_util_ads: 0.458, bed_util_des: 0.457, des_th: 0.45700071482804405,frac_lost: 0.107, li_recovered:  8.708, time: 0.004738280000310624
L: 38.27, u_super: 0.00182 — INFEASIBLE (li_recovered=0.000e+00), time: 0.000999308998871129
L: 0.50, u_super: 0.00971, sec: 564.949, prod: 0.220104, t_ads: 20.1, t_des: 18.0, bed_util_ads: 0.500, bed_util_des: 0.500, des_th: 0.49994747945211776,frac_lost: 0.105, li_recovered:  8.401, time: 0.005118127999594435
L: 0.50, u_super: 0.00490, sec: 269.794, prod: 0.110293, t_ads: 39.8, t_des: 35.4, bed_util_ads: 0.500, bed_util_des: 0.500, des_th: 0.4999588831625994,frac_lost: 0.106, li_recovered:  8.287, time: 0.003683324999656179
L: 0.50, u_super: 0.00826, sec: 472.849, prod: 0.186956, t_ads: 23.7, t_des: 21.4, bed_util_ads: 0.500, bed_util_des: 0.500, des_th: 0.4996427271806345,frac_lost: 0.108, li_recovered:  8.439, time: 0.004646337001759093
L: 0.50, u_super: 0.00564, sec: 311.641, prod: 0.127502, t_ads: 34.4, t_des: 31.3, bed_util_ads: 0.499, bed_util_des: 0.498, des_th: 0.4984309849902882,frac_lost: 0.101, li_recovered:  8.369, time: 0.0038878030009072972
L: 20.18, u_super: 0.00178 — INFEASIBLE (li_recovered=0.000e+00), time: 0.0007819469992682571
L: 0.50, u_super: 0.00361, sec: 195.783, prod: 0.081074, t_ads: 53.4, t_des: 47.6, bed_util_ads: 0.498, bed_util_des: 0.498, des_th: 0.4978460562821329,frac_lost: 0.100, li_recovered:  8.190, time: 0.003958115001296392
L: 0.50, u_super: 0.00078, sec: 44.249, prod: 0.016281, t_ads: 239.2, t_des: 251.3, bed_util_ads: 0.462, bed_util_des: 0.459, des_th: 0.45876532010345866,frac_lost: 0.106, li_recovered:  7.985, time: 0.004842900998482946
L: 0.50, u_super: 0.00350, sec: 190.343, prod: 0.078174, t_ads: 55.6, t_des: 49.0, bed_util_ads: 0.500, bed_util_des: 0.500, des_th: 0.49979097469976336,frac_lost: 0.108, li_recovered:  8.180, time: 0.004330465000748518
L: 62.47, u_super: 0.00971 — INFEASIBLE (li_recovered=0.000e+00), time: 0.0013257989994599484
L: 0.50, u_super: 0.00009 — INFEASIBLE (li_recovered=0.000e+00), time: 0.000978350000877981
L: 0.50, u_super: 0.00211, sec: 113.524, prod: 0.046807, t_ads: 91.4, t_des: 82.9, bed_util_ads: 0.493, bed_util_des: 0.493, des_th: 0.49282000967891343,frac_lost: 0.107, li_recovered:  8.159, time: 0.005041221000283258
L: 0.50, u_super: 0.00694, sec: 389.633, prod: 0.157411, t_ads: 27.9, t_des: 25.3, bed_util_ads: 0.500, bed_util_des: 0.499, des_th: 0.49939071828519527,frac_lost: 0.100, li_recovered:  8.371, time: 0.004167854000115767
L: 0.50, u_super: 0.00772, sec: 532.151, prod: 0.144096, t_ads: 25.4, t_des: 35.1, bed_util_ads: 0.446, bed_util_des: 0.445, des_th: 0.44519967200886873,frac_lost: 0.107, li_recovered:  8.713, time: 0.004858233998675132
   689 |    27560 |     40 |  0.0026900588 |             f
L: 0.50, u_super: 0.00296, sec: 159.263, prod: 0.066178, t_ads: 65.3, t_des: 60.9, bed_util_ads: 0.491, bed_util_des: 0.491, des_th: 0.490995640520216,frac_lost: 0.102, li_recovered:  8.347, time: 0.004380520000268007
L: 16.09, u_super: 0.00378 — INFEASIBLE (li_recovered=0.000e+00), time: 0.0011892100010300055
L: 1.09, u_super: 0.00109 — INFEASIBLE (li_recovered=0.000e+00), time: 0.0026428600012877723
L: 0.50, u_super: 0.00321, sec: 174.168, prod: 0.071822, t_ads: 60.0, t_des: 52.8, bed_util_ads: 0.500, bed_util_des: 0.500, des_th: 0.49979097469976336,frac_lost: 0.101, li_recovered:  8.096, time: 0.0038460000014310936
L: 0.50, u_super: 0.00539, sec: 298.157, prod: 0.121664, t_ads: 35.9, t_des: 31.9, bed_util_ads: 0.500, bed_util_des: 0.500, des_th: 0.49972664424113944,frac_lost: 0.101, li_recovered:  8.248, time: 0.003992029000073671
L: 0.50, u_super: 0.00196, sec: 106.755, prod: 0.042855, t_ads: 97.5, t_des: 83.3, bed_util_ads: 0.500, bed_util_des: 0.500, des_th: 0.49986935935425447,frac_lost: 0.101, li_recovered:  7.746, time: 0.004236500999468262
L: 10.92, u_super: 0.00591 — INFEASIBLE (li_recovered=0.000e+00), time: 0.001960727999176015
L: 25.19, u_super: 0.00801 — INFEASIBLE (li_recovered=0.000e+00), time: 0.0013350690005609067
L: 36.26, u_super: 0.00710 — INFEASIBLE (li_recovered=0.000e+00), time: 0.001167286000054446
L: 17.27, u_super: 0.00013 — INFEASIBLE (li_recovered=0.000e+00), time: 0.0006204599994816817
L: 0.50, u_super: 0.00257, sec: 141.124, prod: 0.056057, t_ads: 75.0, t_des: 76.6, bed_util_ads: 0.480, bed_util_des: 0.479, des_th: 0.47913062045643806,frac_lost: 0.102, li_recovered:  8.498, time: 0.00449510399994324
L: 94.70, u_super: 0.00772 — INFEASIBLE (li_recovered=0.000e+00), time: 0.0011225799989915686
L: 3.65, u_super: 0.00561 — INFEASIBLE (li_recovered=0.000e+00), time: 0.0020415569997567218
L: 51.46, u_super: 0.00620 — INFEASIBLE (li_recovered=0.000e+00), time: 0.0007944560002215439
L: 17.45, u_super: 0.00494 — INFEASIBLE (li_recovered=0.000e+00), time: 0.0013996030011185212
L: 0.50, u_super: 0.00211, sec: 113.576, prod: 0.046785, t_ads: 91.4, t_des: 82.6, bed_util_ads: 0.493, bed_util_des: 0.493, des_th: 0.4926336506589917,frac_lost: 0.107, li_recovered:  8.143, time: 0.004908106000584667
L: 0.50, u_super: 0.00954, sec: 556.259, prod: 0.215026, t_ads: 20.5, t_des: 19.5, bed_util_ads: 0.494, bed_util_des: 0.494, des_th: 0.49388713396813244,frac_lost: 0.105, li_recovered:  8.598, time: 0.004566239000268979
L: 0.50, u_super: 0.00886, sec: 510.041, prod: 0.200581, t_ads: 22.1, t_des: 20.0, bed_util_ads: 0.500, bed_util_des: 0.499, des_th: 0.49941676707977894,frac_lost: 0.106, li_recovered:  8.439, time: 0.004009617001429433
L: 0.50, u_super: 0.00164, sec: 111.176, prod: 0.028664, t_ads: 117.4, t_des: 178.6, bed_util_ads: 0.426, bed_util_des: 0.422, des_th: 0.4217830566518873,frac_lost: 0.103, li_recovered:  8.486, time: 0.0063573860006727045
L: 0.50, u_super: 0.00520, sec: 298.890, prod: 0.112422, t_ads: 37.3, t_des: 39.6, bed_util_ads: 0.478, bed_util_des: 0.478, des_th: 0.47778308031119865,frac_lost: 0.101, li_recovered:  8.646, time: 0.004591740998876048
L: 0.50, u_super: 0.00038, sec: 99.920, prod: 0.001722, t_ads: 520.0, t_des: 4627.8, bed_util_ads: 0.213, bed_util_des: 0.164, des_th: 0.16360923742012776,frac_lost: 0.103, li_recovered:  8.862, time: 0.018285620000824565
L: 0.50, u_super: 0.00989, sec: 576.059, prod: 0.224265, t_ads: 19.8, t_des: 17.9, bed_util_ads: 0.500, bed_util_des: 0.499, des_th: 0.49945743053753794,frac_lost: 0.105, li_recovered:  8.455, time: 0.006918782000866486
L: 0.50, u_super: 0.00671, sec: 375.572, prod: 0.151932, t_ads: 28.9, t_des: 26.8, bed_util_ads: 0.496, bed_util_des: 0.496, des_th: 0.4957168454802014,frac_lost: 0.101, li_recovered:  8.465, time: 0.006545733000166365
L: 0.50, u_super: 0.00177, sec: 96.414, prod: 0.038467, t_ads: 108.2, t_des: 92.5, bed_util_ads: 0.498, bed_util_des: 0.498, des_th: 0.4977653036927553,frac_lost: 0.104, li_recovered:  7.720, time: 0.004495055000006687
L: 0.50, u_super: 0.00923, sec: 533.787, prod: 0.209188, t_ads: 21.2, t_des: 19.2, bed_util_ads: 0.500, bed_util_des: 0.500, des_th: 0.4998924172277758,frac_lost: 0.106, li_recovered:  8.444, time: 0.005556422000154271
L: 0.50, u_super: 0.00794, sec: 476.948, prod: 0.170358, t_ads: 24.5, t_des: 26.6, bed_util_ads: 0.477, bed_util_des: 0.476, des_th: 0.4764418506681934,frac_lost: 0.101, li_recovered:  8.692, time: 0.0066704330001812195
L: 0.50, u_super: 0.00445, sec: 243.689, prod: 0.100070, t_ads: 43.8, t_des: 39.5, bed_util_ads: 0.498, bed_util_des: 0.497, des_th: 0.4974541241516676,frac_lost: 0.107, li_recovered:  8.335, time: 0.007274911999047617
L: 0.50, u_super: 0.00277, sec: 148.874, prod: 0.061883, t_ads: 69.7, t_des: 64.2, bed_util_ads: 0.492, bed_util_des: 0.492, des_th: 0.4919848852071827,frac_lost: 0.103, li_recovered:  8.288, time: 0.005573681999521796
L: 0.50, u_super: 0.00621, sec: 346.399, prod: 0.140409, t_ads: 31.3, t_des: 27.9, bed_util_ads: 0.500, bed_util_des: 0.499, des_th: 0.4994234632887222,frac_lost: 0.102, li_recovered:  8.309, time: 0.005482141001266427
L: 0.50, u_super: 0.00854, sec: 3757.170, prod: 0.025226, t_ads: 23.0, t_des: 325.1, bed_util_ads: 0.201, bed_util_des: 0.198, des_th: 0.1980560937730261,frac_lost: 0.105, li_recovered:  8.780, time: 0.035928453000451555
L: 0.50, u_super: 0.00710, sec: 399.410, prod: 0.160768, t_ads: 27.3, t_des: 24.4, bed_util_ads: 0.500, bed_util_des: 0.499, des_th: 0.4994225764994513,frac_lost: 0.100, li_recovered:  8.323, time: 0.005669189999025548
L: 0.50, u_super: 0.00378, sec: 206.179, prod: 0.084618, t_ads: 51.5, t_des: 45.4, bed_util_ads: 0.500, bed_util_des: 0.499, des_th: 0.49937446573780314,frac_lost: 0.107, li_recovered:  8.196, time: 0.005853336999280145
L: 0.50, u_super: 0.00418, sec: 228.930, prod: 0.093721, t_ads: 46.6, t_des: 44.0, bed_util_ads: 0.492, bed_util_des: 0.492, des_th: 0.4916580378650341,frac_lost: 0.107, li_recovered:  8.485, time: 0.004197721000309684
L: 0.50, u_super: 0.00520, sec: 286.935, prod: 0.117370, t_ads: 37.3, t_des: 33.3, bed_util_ads: 0.500, bed_util_des: 0.500, des_th: 0.49981645564972077,frac_lost: 0.103, li_recovered:  8.294, time: 0.005660107999574393
L: 0.50, u_super: 0.00280, sec: 157.048, prod: 0.060054, t_ads: 68.8, t_des: 73.5, bed_util_ads: 0.474, bed_util_des: 0.473, des_th: 0.47353901174563906,frac_lost: 0.100, li_recovered:  8.543, time: 0.004195769000943983
L: 0.50, u_super: 0.00990, sec: 576.655, prod: 0.224560, t_ads: 19.7, t_des: 17.7, bed_util_ads: 0.500, bed_util_des: 0.500, des_th: 0.4999812746407779,frac_lost: 0.104, li_recovered:  8.404, time: 0.006749354000930907
L: 0.50, u_super: 0.00115, sec: 64.049, prod: 0.024443, t_ads: 164.1, t_des: 138.3, bed_util_ads: 0.496, bed_util_des: 0.496, des_th: 0.4958235409340692,frac_lost: 0.105, li_recovered:  7.394, time: 0.004241206001097453
L: 10.22, u_super: 0.00564 — INFEASIBLE (li_recovered=0.000e+00), time: 0.00191129499944509
L: 0.50, u_super: 0.00187, sec: 100.384, prod: 0.041199, t_ads: 102.6, t_des: 98.7, bed_util_ads: 0.485, bed_util_des: 0.484, des_th: 0.48374858565020545,frac_lost: 0.102, li_recovered:  8.290, time: 0.005058465001638979
L: 0.50, u_super: 0.00710, sec: 450.408, prod: 0.142565, t_ads: 27.6, t_des: 33.5, bed_util_ads: 0.461, bed_util_des: 0.461, des_th: 0.4607795694471256,frac_lost: 0.106, li_recovered:  8.698, time: 0.0067578109992609825
   690 |    27600 |     40 |  0.0014393292 |             f
L: 0.50, u_super: 0.00418, sec: 228.277, prod: 0.093989, t_ads: 46.6, t_des: 42.0, bed_util_ads: 0.498, bed_util_des: 0.498, des_th: 0.49791528893883047,frac_lost: 0.107, li_recovered:  8.320, time: 0.005670053000358166
L: 0.50, u_super: 0.00990, sec: 576.015, prod: 0.224810, t_ads: 19.7, t_des: 17.9, bed_util_ads: 0.500, bed_util_des: 0.499, des_th: 0.49941800771673645,frac_lost: 0.102, li_recovered:  8.443, time: 0.004420860001118854
L: 0.50, u_super: 0.00639, sec: 357.305, prod: 0.144150, t_ads: 30.4, t_des: 28.8, bed_util_ads: 0.492, bed_util_des: 0.492, des_th: 0.49208598035783657,frac_lost: 0.101, li_recovered:  8.534, time: 0.005539967000004253
L: 22.88, u_super: 0.00772 — INFEASIBLE (li_recovered=0.000e+00), time: 0.002009874000577838
L: 0.50, u_super: 0.00490, sec: 274.948, prod: 0.108225, t_ads: 39.5, t_des: 40.1, bed_util_ads: 0.484, bed_util_des: 0.483, des_th: 0.483231593922168,frac_lost: 0.100, li_recovered:  8.611, time: 0.00740032700014126
L: 0.50, u_super: 0.00854, sec: 515.537, prod: 0.183846, t_ads: 22.9, t_des: 24.5, bed_util_ads: 0.478, bed_util_des: 0.478, des_th: 0.4777847989419842,frac_lost: 0.104, li_recovered:  8.700, time: 0.0074916900011885446
L: 0.50, u_super: 0.00588, sec: 326.125, prod: 0.132959, t_ads: 32.9, t_des: 29.5, bed_util_ads: 0.500, bed_util_des: 0.500, des_th: 0.49981171770776783,frac_lost: 0.100, li_recovered:  8.308, time: 0.00455382000109239
L: 0.50, u_super: 0.00826, sec: 472.849, prod: 0.186956, t_ads: 23.7, t_des: 21.4, bed_util_ads: 0.500, bed_util_des: 0.500, des_th: 0.4996427271806345,frac_lost: 0.108, li_recovered:  8.439, time: 0.0053079049994266825
L: 0.50, u_super: 0.00923, sec: 533.712, prod: 0.209218, t_ads: 21.2, t_des: 19.2, bed_util_ads: 0.500, bed_util_des: 0.500, des_th: 0.49989346050538014,frac_lost: 0.105, li_recovered:  8.443, time: 0.006292557000051602
L: 0.50, u_super: 0.00016 — INFEASIBLE (li_recovered=0.000e+00), time: 0.0016442350006400375
L: 0.50, u_super: 0.00942, sec: 546.174, prod: 0.213410, t_ads: 20.8, t_des: 18.8, bed_util_ads: 0.500, bed_util_des: 0.499, des_th: 0.49941800771673645,frac_lost: 0.106, li_recovered:  8.449, time: 0.004603294999469654
L: 0.50, u_super: 0.00511, sec: 281.084, prod: 0.115194, t_ads: 38.0, t_des: 34.0, bed_util_ads: 0.499, bed_util_des: 0.499, des_th: 0.4992766303845224,frac_lost: 0.102, li_recovered:  8.297, time: 0.006447814999773982
L: 0.50, u_super: 0.00142, sec: 78.575, prod: 0.030492, t_ads: 133.1, t_des: 111.8, bed_util_ads: 0.499, bed_util_des: 0.499, des_th: 0.49901138535935236,frac_lost: 0.101, li_recovered:  7.466, time: 0.0041544289997546
L: 0.50, u_super: 0.00640, sec: 357.384, prod: 0.144665, t_ads: 30.3, t_des: 27.1, bed_util_ads: 0.500, bed_util_des: 0.500, des_th: 0.4998935294805522,frac_lost: 0.102, li_recovered:  8.310, time: 0.007269599000210292
L: 0.50, u_super: 0.00258, sec: 1026.191, prod: 0.007778, t_ads: 76.4, t_des: 1053.9, bed_util_ads: 0.199, bed_util_des: 0.190, des_th: 0.1895881290257458,frac_lost: 0.106, li_recovered:  8.791, time: 0.03554510200046934
L: 0.50, u_super: 0.00792, sec: 451.111, prod: 0.179059, t_ads: 24.7, t_des: 22.4, bed_util_ads: 0.500, bed_util_des: 0.499, des_th: 0.4994167882036309,frac_lost: 0.107, li_recovered:  8.438, time: 0.005405461999544059
L: 0.50, u_super: 0.00947, sec: 549.867, prod: 0.214155, t_ads: 20.7, t_des: 19.2, bed_util_ads: 0.496, bed_util_des: 0.496, des_th: 0.4957230687693096,frac_lost: 0.106, li_recovered:  8.539, time: 0.00546303800001624
L: 41.90, u_super: 0.00570 — INFEASIBLE (li_recovered=0.000e+00), time: 0.0010518279996176716
L: 0.50, u_super: 0.00215, sec: 115.782, prod: 0.047742, t_ads: 89.6, t_des: 80.9, bed_util_ads: 0.493, bed_util_des: 0.493, des_th: 0.49271588636448876,frac_lost: 0.106, li_recovered:  8.140, time: 0.006121586999142892
L: 22.43, u_super: 0.00801 — INFEASIBLE (li_recovered=0.000e+00), time: 0.002664810999704059
L: 0.50, u_super: 0.00745, sec: 421.903, prod: 0.168450, t_ads: 26.2, t_des: 23.6, bed_util_ads: 0.500, bed_util_des: 0.499, des_th: 0.49942353325447775,frac_lost: 0.106, li_recovered:  8.393, time: 0.006895046000863658
L: 33.48, u_super: 0.00605 — INFEASIBLE (li_recovered=0.000e+00), time: 0.001576575001308811
L: 0.50, u_super: 0.00051 — INFEASIBLE (li_recovered=0.000e+00), time: 0.0037768520014651585
L: 0.50, u_super: 0.00257, sec: 143.221, prod: 0.055236, t_ads: 75.1, t_des: 79.1, bed_util_ads: 0.476, bed_util_des: 0.475, des_th: 0.4747043343811247,frac_lost: 0.103, li_recovered:  8.522, time: 0.0063551410003128694
L: 0.50, u_super: 0.00013, sec: 13.518, prod: 0.001347, t_ads: 1529.9, t_des: 4472.3, bed_util_ads: 0.264, bed_util_des: 0.195, des_th: 0.19546488558011835,frac_lost: 0.100, li_recovered:  8.085, time: 0.012185023000711226
L: 0.50, u_super: 0.00005, sec: 4.393, prod: 0.000659, t_ads: 3179.8, t_des: 5001.2, bed_util_ads: 0.256, bed_util_des: 0.201, des_th: 0.20134319120672747,frac_lost: 0.101, li_recovered:  5.391, time: 0.005766693000623491
L: 0.50, u_super: 0.00612, sec: 340.920, prod: 0.138480, t_ads: 31.7, t_des: 28.4, bed_util_ads: 0.500, bed_util_des: 0.499, des_th: 0.49941666648872496,frac_lost: 0.101, li_recovered:  8.313, time: 0.006807910000134143
L: 0.50, u_super: 0.00954, sec: 553.321, prod: 0.216168, t_ads: 20.5, t_des: 18.4, bed_util_ads: 0.500, bed_util_des: 0.500, des_th: 0.4999810543769486,frac_lost: 0.105, li_recovered:  8.399, time: 0.004673704001106671
L: 0.50, u_super: 0.00564, sec: 311.641, prod: 0.127502, t_ads: 34.4, t_des: 31.3, bed_util_ads: 0.499, bed_util_des: 0.498, des_th: 0.4984309849902882,frac_lost: 0.101, li_recovered:  8.369, time: 0.007677890000195475
L: 0.50, u_super: 0.00852, sec: 555.105, prod: 0.169908, t_ads: 22.9, t_des: 28.4, bed_util_ads: 0.459, bed_util_des: 0.459, des_th: 0.4588297417412118,frac_lost: 0.104, li_recovered:  8.710, time: 0.005654192000292824
L: 0.50, u_super: 0.00966, sec: 561.455, prod: 0.218816, t_ads: 20.3, t_des: 18.4, bed_util_ads: 0.500, bed_util_des: 0.500, des_th: 0.4996427271806345,frac_lost: 0.106, li_recovered:  8.456, time: 0.007350719999521971
L: 0.50, u_super: 0.00971, sec: 564.479, prod: 0.220287, t_ads: 20.1, t_des: 18.2, bed_util_ads: 0.499, bed_util_des: 0.499, des_th: 0.49866824822336775,frac_lost: 0.104, li_recovered:  8.439, time: 0.009624365000490798
L: 0.50, u_super: 0.00923, sec: 536.468, prod: 0.208142, t_ads: 21.2, t_des: 20.1, bed_util_ads: 0.494, bed_util_des: 0.493, des_th: 0.4934994757602169,frac_lost: 0.105, li_recovered:  8.595, time: 0.007254321000800701
L: 0.50, u_super: 0.00009 — INFEASIBLE (li_recovered=0.000e+00), time: 0.0022303549994830973
L: 0.50, u_super: 0.00631, sec: 352.025, prod: 0.142601, t_ads: 30.8, t_des: 27.5, bed_util_ads: 0.500, bed_util_des: 0.499, des_th: 0.4994372035452359,frac_lost: 0.102, li_recovered:  8.317, time: 0.006537106999530806
L: 0.50, u_super: 0.00766, sec: 434.151, prod: 0.173653, t_ads: 25.3, t_des: 22.7, bed_util_ads: 0.500, bed_util_des: 0.500, des_th: 0.4999810543769486,frac_lost: 0.101, li_recovered:  8.336, time: 0.0054965529998298734
L: 0.50, u_super: 0.00401, sec: 218.579, prod: 0.089823, t_ads: 48.4, t_des: 46.0, bed_util_ads: 0.492, bed_util_des: 0.492, des_th: 0.49169487944581514,frac_lost: 0.104, li_recovered:  8.478, time: 0.0056365079999523005
L: 3.81, u_super: 0.00516 — INFEASIBLE (li_recovered=0.000e+00), time: 0.0029752529990219045
L: 0.50, u_super: 0.00142, sec: 76.811, prod: 0.031193, t_ads: 134.1, t_des: 126.6, bed_util_ads: 0.485, bed_util_des: 0.484, des_th: 0.4844452873629628,frac_lost: 0.105, li_recovered:  8.131, time: 0.0050235130001965445
L: 0.50, u_super: 0.00505, sec: 277.616, prod: 0.113951, t_ads: 38.5, t_des: 34.9, bed_util_ads: 0.497, bed_util_des: 0.497, des_th: 0.49696091565322786,frac_lost: 0.103, li_recovered:  8.357, time: 0.00816144900090876
   691 |    27640 |     40 |  0.0039766914 |             f
L: 0.50, u_super: 0.00923, sec: 533.893, prod: 0.209062, t_ads: 21.2, t_des: 19.5, bed_util_ads: 0.498, bed_util_des: 0.498, des_th: 0.4975472306152422,frac_lost: 0.106, li_recovered:  8.497, time: 0.007000456998866866
L: 0.50, u_super: 0.00826, sec: 472.452, prod: 0.187113, t_ads: 23.6, t_des: 21.5, bed_util_ads: 0.499, bed_util_des: 0.499, des_th: 0.4993651551645117,frac_lost: 0.106, li_recovered:  8.451, time: 0.007330582999202306
L: 0.50, u_super: 0.00347, sec: 188.809, prod: 0.077558, t_ads: 56.0, t_des: 53.1, bed_util_ads: 0.491, bed_util_des: 0.491, des_th: 0.4909631047641215,frac_lost: 0.107, li_recovered:  8.460, time: 0.005482992999532144
L: 0.50, u_super: 0.00210, sec: 116.381, prod: 0.045051, t_ads: 91.9, t_des: 96.0, bed_util_ads: 0.475, bed_util_des: 0.474, des_th: 0.47389807309851883,frac_lost: 0.104, li_recovered:  8.466, time: 0.008322067000335664
L: 0.50, u_super: 0.00492, sec: 270.392, prod: 0.110984, t_ads: 39.5, t_des: 35.6, bed_util_ads: 0.499, bed_util_des: 0.498, des_th: 0.4984638371753886,frac_lost: 0.104, li_recovered:  8.337, time: 0.007463855001333286
L: 0.50, u_super: 0.00005, sec: 4.734, prod: 0.000739, t_ads: 3175.3, t_des: 5654.7, bed_util_ads: 0.254, bed_util_des: 0.185, des_th: 0.1851696623157332,frac_lost: 0.100, li_recovered:  6.526, time: 0.009970352999516763
L: 0.50, u_super: 0.00540, sec: 297.970, prod: 0.122004, t_ads: 36.0, t_des: 32.9, bed_util_ads: 0.497, bed_util_des: 0.497, des_th: 0.49686398505684687,frac_lost: 0.103, li_recovered:  8.407, time: 0.008912461000363692
L: 0.50, u_super: 0.00148, sec: 81.957, prod: 0.031638, t_ads: 129.1, t_des: 107.3, bed_util_ads: 0.500, bed_util_des: 0.500, des_th: 0.4997197917909803,frac_lost: 0.107, li_recovered:  7.480, time: 0.00741451199974108
L: 0.50, u_super: 0.00349, sec: 189.440, prod: 0.078294, t_ads: 55.7, t_des: 50.8, bed_util_ads: 0.496, bed_util_des: 0.495, des_th: 0.49524679323165094,frac_lost: 0.107, li_recovered:  8.341, time: 0.007227539001178229
L: 0.50, u_super: 0.00005, sec: 4.327, prod: 0.000669, t_ads: 3439.3, t_des: 5958.0, bed_util_ads: 0.250, bed_util_des: 0.182, des_th: 0.1819526465278519,frac_lost: 0.100, li_recovered:  6.287, time: 0.007285395000508288
L: 0.50, u_super: 0.00164, sec: 89.320, prod: 0.035499, t_ads: 116.7, t_des: 99.7, bed_util_ads: 0.498, bed_util_des: 0.498, des_th: 0.4975703764733673,frac_lost: 0.103, li_recovered:  7.681, time: 0.006079758999476326
L: 20.62, u_super: 0.00828 — INFEASIBLE (li_recovered=0.000e+00), time: 0.002104094999594963
L: 0.50, u_super: 0.00696, sec: 445.137, prod: 0.138422, t_ads: 28.1, t_des: 34.7, bed_util_ads: 0.459, bed_util_des: 0.459, des_th: 0.4587051672430921,frac_lost: 0.106, li_recovered:  8.698, time: 0.005954087999270996
L: 0.50, u_super: 0.00681, sec: 381.672, prod: 0.154309, t_ads: 28.5, t_des: 26.4, bed_util_ads: 0.496, bed_util_des: 0.496, des_th: 0.4955171315253058,frac_lost: 0.100, li_recovered:  8.464, time: 0.00561672600088059
L: 0.50, u_super: 0.00587, sec: 325.953, prod: 0.132672, t_ads: 33.1, t_des: 29.6, bed_util_ads: 0.500, bed_util_des: 0.500, des_th: 0.4999015328726386,frac_lost: 0.102, li_recovered:  8.319, time: 0.006126849999418482
L: 8.34, u_super: 0.00784 — INFEASIBLE (li_recovered=0.000e+00), time: 0.0033058820008591283
L: 0.50, u_super: 0.00257, sec: 139.220, prod: 0.056824, t_ads: 75.3, t_des: 73.3, bed_util_ads: 0.486, bed_util_des: 0.485, des_th: 0.4850693481131625,frac_lost: 0.105, li_recovered:  8.440, time: 0.004814125999473617
L: 0.50, u_super: 0.00223, sec: 121.154, prod: 0.048968, t_ads: 86.6, t_des: 74.3, bed_util_ads: 0.500, bed_util_des: 0.499, des_th: 0.4993366225380593,frac_lost: 0.106, li_recovered:  7.880, time: 0.005308891999447951
L: 0.50, u_super: 0.00115, sec: 62.597, prod: 0.025010, t_ads: 164.8, t_des: 156.8, bed_util_ads: 0.481, bed_util_des: 0.480, des_th: 0.4799218453830172,frac_lost: 0.106, li_recovered:  8.042, time: 0.00442873999963922
L: 0.50, u_super: 0.00207, sec: 111.721, prod: 0.045867, t_ads: 93.1, t_des: 83.1, bed_util_ads: 0.496, bed_util_des: 0.495, des_th: 0.49522829878113356,frac_lost: 0.107, li_recovered:  8.084, time: 0.005642451000312576
L: 0.50, u_super: 0.00234, sec: 125.893, prod: 0.052235, t_ads: 82.0, t_des: 74.9, bed_util_ads: 0.493, bed_util_des: 0.492, des_th: 0.4920989851787552,frac_lost: 0.102, li_recovered:  8.194, time: 0.007161601000916562
L: 0.50, u_super: 0.00587, sec: 325.934, prod: 0.132517, t_ads: 33.1, t_des: 29.6, bed_util_ads: 0.499, bed_util_des: 0.499, des_th: 0.4992437781979888,frac_lost: 0.103, li_recovered:  8.310, time: 0.004802539999218425
L: 0.50, u_super: 0.00764, sec: 434.113, prod: 0.172674, t_ads: 25.6, t_des: 23.0, bed_util_ads: 0.500, bed_util_des: 0.500, des_th: 0.4998674224362541,frac_lost: 0.108, li_recovered:  8.392, time: 0.005691905000276165
L: 61.48, u_super: 0.00045 — INFEASIBLE (li_recovered=0.000e+00), time: 0.001400963999913074
L: 9.64, u_super: 0.00459 — INFEASIBLE (li_recovered=0.000e+00), time: 0.0031083930007298477
L: 0.50, u_super: 0.00901, sec: 549.463, prod: 0.192922, t_ads: 21.7, t_des: 23.4, bed_util_ads: 0.476, bed_util_des: 0.476, des_th: 0.47615809441607815,frac_lost: 0.105, li_recovered:  8.706, time: 0.004955389000315336
L: 0.50, u_super: 0.00293, sec: 158.213, prod: 0.065621, t_ads: 65.9, t_des: 61.4, bed_util_ads: 0.491, bed_util_des: 0.491, des_th: 0.4909446103134626,frac_lost: 0.104, li_recovered:  8.351, time: 0.004894726000202354
L: 0.50, u_super: 0.00740, sec: 419.522, prod: 0.166918, t_ads: 26.2, t_des: 25.1, bed_util_ads: 0.492, bed_util_des: 0.492, des_th: 0.492044325317315,frac_lost: 0.100, li_recovered:  8.571, time: 0.006106564000219805
L: 0.50, u_super: 0.00361, sec: 197.782, prod: 0.080254, t_ads: 54.0, t_des: 52.2, bed_util_ads: 0.488, bed_util_des: 0.488, des_th: 0.4876222007997323,frac_lost: 0.108, li_recovered:  8.519, time: 0.00428563000059512
L: 0.50, u_super: 0.00985, sec: 572.965, prod: 0.223477, t_ads: 19.8, t_des: 18.0, bed_util_ads: 0.500, bed_util_des: 0.499, des_th: 0.49941800771673645,frac_lost: 0.103, li_recovered:  8.449, time: 0.006321672000922263
L: 14.47, u_super: 0.00066 — INFEASIBLE (li_recovered=0.000e+00), time: 0.0010944820005533984
L: 0.50, u_super: 0.00113, sec: 63.056, prod: 0.023770, t_ads: 166.6, t_des: 139.1, bed_util_ads: 0.496, bed_util_des: 0.496, des_th: 0.4958235409340692,frac_lost: 0.102, li_recovered:  7.268, time: 0.00545335700007854
L: 0.50, u_super: 0.00940, sec: 545.108, prod: 0.213004, t_ads: 20.8, t_des: 19.1, bed_util_ads: 0.499, bed_util_des: 0.498, des_th: 0.4984309849902882,frac_lost: 0.106, li_recovered:  8.494, time: 0.007403625999359065
L: 0.50, u_super: 0.00131, sec: 70.861, prod: 0.028556, t_ads: 146.0, t_des: 134.1, bed_util_ads: 0.487, bed_util_des: 0.486, des_th: 0.48589600171196684,frac_lost: 0.108, li_recovered:  7.999, time: 0.006311009999990347
L: 0.50, u_super: 0.00044 — INFEASIBLE (li_recovered=0.000e+00), time: 0.0028058709995093523
L: 0.50, u_super: 0.00792, sec: 449.652, prod: 0.179641, t_ads: 24.5, t_des: 22.1, bed_util_ads: 0.500, bed_util_des: 0.500, des_th: 0.49955092358239234,frac_lost: 0.101, li_recovered:  8.381, time: 0.005085299999336712
L: 0.50, u_super: 0.00264, sec: 141.828, prod: 0.059017, t_ads: 72.9, t_des: 67.4, bed_util_ads: 0.493, bed_util_des: 0.493, des_th: 0.49271588636448876,frac_lost: 0.102, li_recovered:  8.280, time: 0.006199162000484648
L: 0.50, u_super: 0.00923, sec: 534.994, prod: 0.208716, t_ads: 21.2, t_des: 19.7, bed_util_ads: 0.496, bed_util_des: 0.496, des_th: 0.49613163546012345,frac_lost: 0.107, li_recovered:  8.538, time: 0.005307993000315037
L: 0.50, u_super: 0.00079, sec: 166.522, prod: 0.004336, t_ads: 250.0, t_des: 1761.5, bed_util_ads: 0.245, bed_util_des: 0.221, des_th: 0.22084864893460687,frac_lost: 0.103, li_recovered:  8.723, time: 0.02043507700000191
L: 0.50, u_super: 0.00418, sec: 228.077, prod: 0.094072, t_ads: 46.4, t_des: 43.0, bed_util_ads: 0.494, bed_util_des: 0.494, des_th: 0.49406086121732523,frac_lost: 0.105, li_recovered:  8.410, time: 0.0058739170017361175
   692 |    27680 |     40 |  0.0025441555 |             f
L: 0.50, u_super: 0.00983, sec: 572.456, prod: 0.222899, t_ads: 19.9, t_des: 17.8, bed_util_ads: 0.500, bed_util_des: 0.500, des_th: 0.49989346050538014,frac_lost: 0.105, li_recovered:  8.401, time: 0.00477535100071691
L: 0.50, u_super: 0.00522, sec: 287.094, prod: 0.117805, t_ads: 37.2, t_des: 34.2, bed_util_ads: 0.496, bed_util_des: 0.496, des_th: 0.4957168454802014,frac_lost: 0.102, li_recovered:  8.406, time: 0.004777455998919322
L: 89.98, u_super: 0.00300 — INFEASIBLE (li_recovered=0.000e+00), time: 0.0009059969997906592
L: 0.50, u_super: 0.00627, sec: 349.439, prod: 0.141877, t_ads: 31.0, t_des: 28.0, bed_util_ads: 0.500, bed_util_des: 0.499, des_th: 0.4993789436780112,frac_lost: 0.102, li_recovered:  8.366, time: 0.004320221998568741
L: 0.50, u_super: 0.00123, sec: 67.921, prod: 0.026317, t_ads: 154.1, t_des: 131.2, bed_util_ads: 0.495, bed_util_des: 0.495, des_th: 0.49522829878113356,frac_lost: 0.105, li_recovered:  7.507, time: 0.006392706000042381
L: 0.50, u_super: 0.00507, sec: 284.196, prod: 0.112227, t_ads: 38.2, t_des: 38.5, bed_util_ads: 0.484, bed_util_des: 0.484, des_th: 0.4839440032881321,frac_lost: 0.101, li_recovered:  8.610, time: 0.007719788000031258
L: 0.50, u_super: 0.00423, sec: 231.570, prod: 0.094902, t_ads: 45.9, t_des: 43.5, bed_util_ads: 0.492, bed_util_des: 0.492, des_th: 0.49169487944581514,frac_lost: 0.105, li_recovered:  8.489, time: 0.006651829000475118
L: 0.50, u_super: 0.00664, sec: 372.311, prod: 0.149871, t_ads: 29.2, t_des: 27.7, bed_util_ads: 0.492, bed_util_des: 0.492, des_th: 0.49208598035783657,frac_lost: 0.101, li_recovered:  8.536, time: 0.006610986998566659
L: 0.50, u_super: 0.00281, sec: 729.967, prod: 0.013005, t_ads: 70.0, t_des: 604.0, bed_util_ads: 0.240, bed_util_des: 0.232, des_th: 0.23193905001359416,frac_lost: 0.106, li_recovered:  8.765, time: 0.025745053999344236
L: 0.50, u_super: 0.00172, sec: 92.678, prod: 0.037707, t_ads: 111.3, t_des: 108.7, bed_util_ads: 0.482, bed_util_des: 0.481, des_th: 0.48155162041796534,frac_lost: 0.102, li_recovered:  8.296, time: 0.004904942999928608
L: 0.50, u_super: 0.00081 — INFEASIBLE (li_recovered=0.000e+00), time: 0.0036467459995037643
L: 0.50, u_super: 0.00022 — INFEASIBLE (li_recovered=0.000e+00), time: 0.0016611539995210478
L: 0.50, u_super: 0.00735, sec: 416.754, prod: 0.165774, t_ads: 26.7, t_des: 24.7, bed_util_ads: 0.496, bed_util_des: 0.496, des_th: 0.4955171315253058,frac_lost: 0.108, li_recovered:  8.521, time: 0.006212694001078489
L: 0.50, u_super: 0.00390, sec: 211.978, prod: 0.087563, t_ads: 49.9, t_des: 45.7, bed_util_ads: 0.495, bed_util_des: 0.495, des_th: 0.49519576302559637,frac_lost: 0.106, li_recovered:  8.365, time: 0.005252274000667967
L: 0.50, u_super: 0.00164, sec: 89.159, prod: 0.035563, t_ads: 116.8, t_des: 117.5, bed_util_ads: 0.477, bed_util_des: 0.476, des_th: 0.47615809441607815,frac_lost: 0.102, li_recovered:  8.334, time: 0.0052136440008325735
L: 0.50, u_super: 0.00685, sec: 384.246, prod: 0.155086, t_ads: 28.3, t_des: 25.4, bed_util_ads: 0.500, bed_util_des: 0.500, des_th: 0.4997197917909803,frac_lost: 0.101, li_recovered:  8.329, time: 0.004956160000801901
L: 0.50, u_super: 0.00864, sec: 496.194, prod: 0.195529, t_ads: 22.6, t_des: 20.8, bed_util_ads: 0.499, bed_util_des: 0.498, des_th: 0.4984309849902882,frac_lost: 0.106, li_recovered:  8.485, time: 0.004288300999178318
L: 0.50, u_super: 0.00175, sec: 102.188, prod: 0.035591, t_ads: 110.3, t_des: 127.2, bed_util_ads: 0.461, bed_util_des: 0.459, des_th: 0.4587051672430921,frac_lost: 0.107, li_recovered:  8.450, time: 0.005179058000067016
L: 60.68, u_super: 0.00115 — INFEASIBLE (li_recovered=0.000e+00), time: 0.0009495909998804564
L: 0.50, u_super: 0.00320, sec: 173.428, prod: 0.071430, t_ads: 60.8, t_des: 56.9, bed_util_ads: 0.491, bed_util_des: 0.491, des_th: 0.490995640520216,frac_lost: 0.108, li_recovered:  8.413, time: 0.004243559000315145
L: 0.50, u_super: 0.00990, sec: 576.015, prod: 0.224810, t_ads: 19.7, t_des: 17.9, bed_util_ads: 0.500, bed_util_des: 0.499, des_th: 0.49941800771673645,frac_lost: 0.102, li_recovered:  8.443, time: 0.004059510998558835
L: 0.50, u_super: 0.00710, sec: 419.804, prod: 0.152958, t_ads: 27.6, t_des: 29.2, bed_util_ads: 0.479, bed_util_des: 0.479, des_th: 0.4790124205176098,frac_lost: 0.108, li_recovered:  8.688, time: 0.004912600999887218
L: 0.50, u_super: 0.00079 — INFEASIBLE (li_recovered=0.000e+00), time: 0.0028712290004477836
L: 0.50, u_super: 0.00016 — INFEASIBLE (li_recovered=0.000e+00), time: 0.001823708000301849
L: 0.50, u_super: 0.00854, sec: 490.111, prod: 0.193383, t_ads: 22.9, t_des: 20.5, bed_util_ads: 0.500, bed_util_des: 0.500, des_th: 0.4998801417415695,frac_lost: 0.106, li_recovered:  8.390, time: 0.0048475030016561504
L: 0.50, u_super: 0.00681, sec: 381.672, prod: 0.154309, t_ads: 28.5, t_des: 26.4, bed_util_ads: 0.496, bed_util_des: 0.496, des_th: 0.4955171315253058,frac_lost: 0.100, li_recovered:  8.464, time: 0.005025346001275466
L: 13.60, u_super: 0.00460 — INFEASIBLE (li_recovered=0.000e+00), time: 0.001597660999323125
L: 0.50, u_super: 0.00801, sec: 485.693, prod: 0.170533, t_ads: 24.4, t_des: 26.6, bed_util_ads: 0.476, bed_util_des: 0.475, des_th: 0.475220937359899,frac_lost: 0.106, li_recovered:  8.700, time: 0.00608939899939287
L: 0.50, u_super: 0.00006 — INFEASIBLE (li_recovered=0.000e+00), time: 0.0014935990002413746
L: 0.50, u_super: 0.00264, sec: 160.007, prod: 0.052312, t_ads: 73.8, t_des: 90.1, bed_util_ads: 0.457, bed_util_des: 0.456, des_th: 0.4557798009414793,frac_lost: 0.109, li_recovered:  8.571, time: 0.006735954999385285
L: 31.01, u_super: 0.00400 — INFEASIBLE (li_recovered=0.000e+00), time: 0.0009918840005411766
L: 0.50, u_super: 0.00559, sec: 2672.508, prod: 0.014589, t_ads: 35.1, t_des: 566.9, bed_util_ads: 0.190, bed_util_des: 0.185, des_th: 0.1851696623157332,frac_lost: 0.104, li_recovered:  8.783, time: 0.03268993799974851
L: 0.50, u_super: 0.00664, sec: 372.311, prod: 0.149871, t_ads: 29.2, t_des: 27.7, bed_util_ads: 0.492, bed_util_des: 0.492, des_th: 0.49208598035783657,frac_lost: 0.101, li_recovered:  8.536, time: 0.00433561399950122
L: 0.50, u_super: 0.00389, sec: 211.956, prod: 0.087423, t_ads: 49.9, t_des: 44.6, bed_util_ads: 0.499, bed_util_des: 0.499, des_th: 0.49881148638344,frac_lost: 0.105, li_recovered:  8.265, time: 0.0053781779988639755
L: 9.15, u_super: 0.00990 — INFEASIBLE (li_recovered=0.000e+00), time: 0.0028999719997955253
L: 0.50, u_super: 0.00911, sec: 537.610, prod: 0.201784, t_ads: 21.5, t_des: 21.5, bed_util_ads: 0.486, bed_util_des: 0.486, des_th: 0.486187684672333,frac_lost: 0.105, li_recovered:  8.676, time: 0.004884360998403281
L: 0.50, u_super: 0.00942, sec: 545.424, prod: 0.213794, t_ads: 20.7, t_des: 18.8, bed_util_ads: 0.500, bed_util_des: 0.500, des_th: 0.4996427271806345,frac_lost: 0.103, li_recovered:  8.447, time: 0.004280938999727368
L: 0.50, u_super: 0.00148, sec: 80.930, prod: 0.032189, t_ads: 128.9, t_des: 111.4, bed_util_ads: 0.496, bed_util_des: 0.495, des_th: 0.49522829878113356,frac_lost: 0.107, li_recovered:  7.734, time: 0.004110830999707105
L: 0.50, u_super: 0.00612, sec: 342.701, prod: 0.137760, t_ads: 31.9, t_des: 30.0, bed_util_ads: 0.494, bed_util_des: 0.494, des_th: 0.4936840562368469,frac_lost: 0.108, li_recovered:  8.535, time: 0.0049027779987227404
L: 0.50, u_super: 0.00373, sec: 202.609, prod: 0.083747, t_ads: 52.1, t_des: 47.7, bed_util_ads: 0.495, bed_util_des: 0.495, des_th: 0.49519576302559637,frac_lost: 0.106, li_recovered:  8.355, time: 0.0038971139983914327
   693 |    27720 |     40 |  0.0033012229 |             f
L: 0.50, u_super: 0.00909, sec: 524.729, prod: 0.205917, t_ads: 21.5, t_des: 19.3, bed_util_ads: 0.500, bed_util_des: 0.500, des_th: 0.499914806311719,frac_lost: 0.105, li_recovered:  8.390, time: 0.004641203999199206
L: 0.50, u_super: 0.00612, sec: 340.757, prod: 0.138546, t_ads: 31.7, t_des: 29.0, bed_util_ads: 0.497, bed_util_des: 0.496, des_th: 0.4964802839323999,frac_lost: 0.103, li_recovered:  8.418, time: 0.004214250999211799
L: 0.50, u_super: 0.00532, sec: 330.593, prod: 0.106808, t_ads: 36.5, t_des: 44.7, bed_util_ads: 0.459, bed_util_des: 0.459, des_th: 0.4587051672430921,frac_lost: 0.102, li_recovered:  8.667, time: 0.00581418600086181
L: 0.50, u_super: 0.00944, sec: 547.362, prod: 0.213978, t_ads: 20.7, t_des: 18.6, bed_util_ads: 0.500, bed_util_des: 0.500, des_th: 0.4998961333787235,frac_lost: 0.105, li_recovered:  8.397, time: 0.0038881359996594256
L: 0.50, u_super: 0.00010, sec: 9.363, prod: 0.001307, t_ads: 1802.2, t_des: 3910.0, bed_util_ads: 0.278, bed_util_des: 0.215, des_th: 0.21520171032351437,frac_lost: 0.104, li_recovered:  7.466, time: 0.006003718999636476
L: 0.50, u_super: 0.00685, sec: 395.969, prod: 0.150495, t_ads: 28.6, t_des: 29.0, bed_util_ads: 0.484, bed_util_des: 0.484, des_th: 0.48384666418501904,frac_lost: 0.108, li_recovered:  8.665, time: 0.004553306000161683
L: 15.83, u_super: 0.00320 — INFEASIBLE (li_recovered=0.000e+00), time: 0.0010529499995755032
L: 0.50, u_super: 0.00735, sec: 416.729, prod: 0.165785, t_ads: 26.7, t_des: 24.7, bed_util_ads: 0.496, bed_util_des: 0.496, des_th: 0.4955237336836832,frac_lost: 0.109, li_recovered:  8.517, time: 0.004194635999738239
L: 0.50, u_super: 0.00029, sec: 68.872, prod: 0.001394, t_ads: 702.3, t_des: 5690.6, bed_util_ads: 0.214, bed_util_des: 0.154, des_th: 0.15393169323258674,frac_lost: 0.104, li_recovered:  8.913, time: 0.017830843999036006
L: 0.50, u_super: 0.00562, sec: 310.875, prod: 0.126877, t_ads: 34.6, t_des: 31.0, bed_util_ads: 0.499, bed_util_des: 0.499, des_th: 0.499223755413529,frac_lost: 0.102, li_recovered:  8.314, time: 0.00447689700013143
L: 0.50, u_super: 0.00662, sec: 375.760, prod: 0.147934, t_ads: 29.3, t_des: 29.0, bed_util_ads: 0.488, bed_util_des: 0.487, des_th: 0.48731268588114784,frac_lost: 0.100, li_recovered:  8.621, time: 0.004874911001024884
L: 0.50, u_super: 0.00490, sec: 276.806, prod: 0.107499, t_ads: 39.7, t_des: 40.6, bed_util_ads: 0.483, bed_util_des: 0.482, des_th: 0.482327883766429,frac_lost: 0.104, li_recovered:  8.626, time: 0.004245507001542137
L: 0.50, u_super: 0.00355, sec: 192.688, prod: 0.079614, t_ads: 54.8, t_des: 50.1, bed_util_ads: 0.495, bed_util_des: 0.495, des_th: 0.49482387119552323,frac_lost: 0.107, li_recovered:  8.354, time: 0.003893525999956182
L: 0.50, u_super: 0.00107, sec: 58.751, prod: 0.022940, t_ads: 177.0, t_des: 176.9, bed_util_ads: 0.473, bed_util_des: 0.471, des_th: 0.470983084005921,frac_lost: 0.105, li_recovered:  8.117, time: 0.005764993000411778
L: 0.50, u_super: 0.00942, sec: 545.424, prod: 0.213794, t_ads: 20.7, t_des: 18.8, bed_util_ads: 0.500, bed_util_des: 0.500, des_th: 0.4996427271806345,frac_lost: 0.103, li_recovered:  8.447, time: 0.004898633000266273
L: 0.50, u_super: 0.00054 — INFEASIBLE (li_recovered=0.000e+00), time: 0.002297686000019894
L: 17.97, u_super: 0.00915 — INFEASIBLE (li_recovered=0.000e+00), time: 0.00191989300037676
L: 0.50, u_super: 0.00206, sec: 111.822, prod: 0.045088, t_ads: 93.8, t_des: 80.6, bed_util_ads: 0.500, bed_util_des: 0.499, des_th: 0.49941666648872496,frac_lost: 0.108, li_recovered:  7.863, time: 0.004191942000034032
L: 0.50, u_super: 0.00219, sec: 117.643, prod: 0.048608, t_ads: 87.6, t_des: 78.6, bed_util_ads: 0.495, bed_util_des: 0.495, des_th: 0.4951381096129504,frac_lost: 0.102, li_recovered:  8.078, time: 0.004223777001243434
L: 0.50, u_super: 0.00766, sec: 434.151, prod: 0.173653, t_ads: 25.3, t_des: 22.7, bed_util_ads: 0.500, bed_util_des: 0.500, des_th: 0.4999810543769486,frac_lost: 0.101, li_recovered:  8.336, time: 0.005085857999802101
L: 22.15, u_super: 0.00144 — INFEASIBLE (li_recovered=0.000e+00), time: 0.0009698779995233053
L: 0.50, u_super: 0.00134, sec: 72.424, prod: 0.029071, t_ads: 143.1, t_des: 138.1, bed_util_ads: 0.481, bed_util_des: 0.480, des_th: 0.4799218453830172,frac_lost: 0.107, li_recovered:  8.176, time: 0.00464512799953809
L: 0.50, u_super: 0.00066 — INFEASIBLE (li_recovered=0.000e+00), time: 0.002490298000338953
L: 0.50, u_super: 0.00934, sec: 541.085, prod: 0.211586, t_ads: 20.9, t_des: 18.9, bed_util_ads: 0.500, bed_util_des: 0.500, des_th: 0.49969540311015687,frac_lost: 0.106, li_recovered:  8.442, time: 0.003755814001124236
L: 0.50, u_super: 0.00664, sec: 382.323, prod: 0.145946, t_ads: 29.5, t_des: 29.9, bed_util_ads: 0.485, bed_util_des: 0.484, des_th: 0.4843045554844947,frac_lost: 0.107, li_recovered:  8.661, time: 0.004402329001095495
L: 0.50, u_super: 0.00740, sec: 417.686, prod: 0.167652, t_ads: 26.3, t_des: 24.3, bed_util_ads: 0.497, bed_util_des: 0.497, des_th: 0.49670692480516815,frac_lost: 0.101, li_recovered:  8.472, time: 0.005075504999695113
L: 0.50, u_super: 0.00207, sec: 111.940, prod: 0.045777, t_ads: 92.3, t_des: 81.1, bed_util_ads: 0.496, bed_util_des: 0.496, des_th: 0.49592413352830683,frac_lost: 0.101, li_recovered:  7.940, time: 0.005040346000896534
L: 0.50, u_super: 0.00408, sec: 222.401, prod: 0.091497, t_ads: 47.7, t_des: 42.6, bed_util_ads: 0.499, bed_util_des: 0.499, des_th: 0.4990964672051338,frac_lost: 0.106, li_recovered:  8.265, time: 0.0053901290011708625
L: 0.50, u_super: 0.00766, sec: 435.219, prod: 0.173227, t_ads: 25.5, t_des: 22.9, bed_util_ads: 0.500, bed_util_des: 0.500, des_th: 0.4999266703398555,frac_lost: 0.107, li_recovered:  8.387, time: 0.005167151999557973
L: 0.50, u_super: 0.00793, sec: 450.306, prod: 0.179953, t_ads: 24.5, t_des: 22.1, bed_util_ads: 0.500, bed_util_des: 0.500, des_th: 0.49955092358239234,frac_lost: 0.100, li_recovered:  8.380, time: 0.0040596509988972684
L: 0.50, u_super: 0.00540, sec: 309.350, prod: 0.117515, t_ads: 35.9, t_des: 37.7, bed_util_ads: 0.480, bed_util_des: 0.479, des_th: 0.47953160594370814,frac_lost: 0.101, li_recovered:  8.646, time: 0.0062363830002141185
L: 0.50, u_super: 0.00468, sec: 256.608, prod: 0.105298, t_ads: 41.5, t_des: 37.0, bed_util_ads: 0.499, bed_util_des: 0.499, des_th: 0.4989338900636877,frac_lost: 0.104, li_recovered:  8.275, time: 0.0046791400000074646
L: 0.50, u_super: 0.00826, sec: 533.991, prod: 0.165549, t_ads: 23.6, t_des: 29.0, bed_util_ads: 0.461, bed_util_des: 0.460, des_th: 0.46035062603046595,frac_lost: 0.104, li_recovered:  8.708, time: 0.0058721139994304394
L: 15.09, u_super: 0.00990 — INFEASIBLE (li_recovered=0.000e+00), time: 0.0021773039989056997
L: 0.50, u_super: 0.00704, sec: 397.870, prod: 0.158758, t_ads: 27.8, t_des: 25.8, bed_util_ads: 0.496, bed_util_des: 0.496, des_th: 0.495684751873998,frac_lost: 0.108, li_recovered:  8.520, time: 0.004646375000447733
L: 0.50, u_super: 0.00552, sec: 304.850, prod: 0.124880, t_ads: 35.1, t_des: 31.8, bed_util_ads: 0.499, bed_util_des: 0.498, des_th: 0.4985211705478347,frac_lost: 0.101, li_recovered:  8.355, time: 0.008775156999035971
L: 19.31, u_super: 0.00005 — INFEASIBLE (li_recovered=0.000e+00), time: 0.0016423159995611059
L: 0.50, u_super: 0.00990, sec: 5919.331, prod: 0.021876, t_ads: 19.8, t_des: 381.6, bed_util_ads: 0.178, bed_util_des: 0.175, des_th: 0.17490328789110413,frac_lost: 0.103, li_recovered:  8.781, time: 0.05741698699966946
L: 0.50, u_super: 0.00424, sec: 231.819, prod: 0.095020, t_ads: 45.9, t_des: 43.4, bed_util_ads: 0.492, bed_util_des: 0.492, des_th: 0.4920989851787552,frac_lost: 0.105, li_recovered:  8.486, time: 0.00892691700028081
L: 0.50, u_super: 0.00005 — INFEASIBLE (li_recovered=0.000e+00), time: 0.001163414999609813
   694 |    27760 |     40 |  0.0013643059 |             f
L: 0.50, u_super: 0.00990, sec: 576.531, prod: 0.224455, t_ads: 19.7, t_des: 18.0, bed_util_ads: 0.500, bed_util_des: 0.499, des_th: 0.49941800771673645,frac_lost: 0.105, li_recovered:  8.461, time: 0.005724094999095541
L: 0.50, u_super: 0.00083 — INFEASIBLE (li_recovered=0.000e+00), time: 0.0025960589991882443
L: 0.50, u_super: 0.00214, sec: 115.845, prod: 0.046941, t_ads: 90.4, t_des: 88.6, bed_util_ads: 0.483, bed_util_des: 0.482, des_th: 0.4818742321257921,frac_lost: 0.106, li_recovered:  8.402, time: 0.00587161799921887
L: 0.50, u_super: 0.00431, sec: 236.232, prod: 0.096639, t_ads: 45.2, t_des: 42.6, bed_util_ads: 0.492, bed_util_des: 0.492, des_th: 0.4920989851787552,frac_lost: 0.107, li_recovered:  8.486, time: 0.005216034000113723
L: 0.50, u_super: 0.00346, sec: 187.537, prod: 0.077629, t_ads: 56.1, t_des: 51.5, bed_util_ads: 0.495, bed_util_des: 0.495, des_th: 0.49517190780689724,frac_lost: 0.106, li_recovered:  8.350, time: 0.006015163999109063
L: 0.50, u_super: 0.00760, sec: 431.425, prod: 0.171739, t_ads: 25.8, t_des: 23.4, bed_util_ads: 0.500, bed_util_des: 0.499, des_th: 0.4993789436780112,frac_lost: 0.108, li_recovered:  8.441, time: 0.0073569239993958035
L: 0.50, u_super: 0.00468, sec: 1320.707, prod: 0.020459, t_ads: 42.1, t_des: 386.7, bed_util_ads: 0.236, bed_util_des: 0.232, des_th: 0.231547264875623,frac_lost: 0.108, li_recovered:  8.773, time: 0.021718141999372165
L: 0.50, u_super: 0.00127, sec: 69.749, prod: 0.027033, t_ads: 150.0, t_des: 127.5, bed_util_ads: 0.495, bed_util_des: 0.495, des_th: 0.4951804264682751,frac_lost: 0.105, li_recovered:  7.502, time: 0.00449265200040827
L: 0.50, u_super: 0.00616, sec: 342.710, prod: 0.139618, t_ads: 31.4, t_des: 28.8, bed_util_ads: 0.496, bed_util_des: 0.496, des_th: 0.4961157279406526,frac_lost: 0.100, li_recovered:  8.415, time: 0.008244099999501486
L: 0.50, u_super: 0.00488, sec: 287.051, prod: 0.102832, t_ads: 39.8, t_des: 44.4, bed_util_ads: 0.471, bed_util_des: 0.471, des_th: 0.47051959346086586,frac_lost: 0.102, li_recovered:  8.649, time: 0.008217126000090502
L: 0.50, u_super: 0.00475, sec: 260.376, prod: 0.106923, t_ads: 41.0, t_des: 37.4, bed_util_ads: 0.497, bed_util_des: 0.497, des_th: 0.496850588606828,frac_lost: 0.106, li_recovered:  8.388, time: 0.006566317000761046
L: 30.23, u_super: 0.00197 — INFEASIBLE (li_recovered=0.000e+00), time: 0.001083778000975144
L: 28.29, u_super: 0.00305, sec: 15589.531, prod: 0.040840, t_ads: 3279.9, t_des: 5954.1, bed_util_ads: 0.252, bed_util_des: 0.179, des_th: 0.17942129379739466,frac_lost: 0.101, li_recovered:  377.115, time: 0.009126087001277483
L: 0.50, u_super: 0.00855, sec: 494.553, prod: 0.191935, t_ads: 22.9, t_des: 22.0, bed_util_ads: 0.493, bed_util_des: 0.492, des_th: 0.4923481073618804,frac_lost: 0.107, li_recovered:  8.615, time: 0.007022677000350086
L: 0.50, u_super: 0.00227, sec: 121.842, prod: 0.050457, t_ads: 85.0, t_des: 78.6, bed_util_ads: 0.492, bed_util_des: 0.491, des_th: 0.4910098303507124,frac_lost: 0.105, li_recovered:  8.251, time: 0.007597406998684164
L: 0.50, u_super: 0.00831, sec: 475.704, prod: 0.188170, t_ads: 23.5, t_des: 21.1, bed_util_ads: 0.500, bed_util_des: 0.500, des_th: 0.49996278540178657,frac_lost: 0.106, li_recovered:  8.392, time: 0.005132271999173099
L: 0.50, u_super: 0.00105, sec: 58.880, prod: 0.022017, t_ads: 179.3, t_des: 149.6, bed_util_ads: 0.495, bed_util_des: 0.495, des_th: 0.4952030004135236,frac_lost: 0.104, li_recovered:  7.241, time: 0.004181901000265498
L: 0.50, u_super: 0.00533, sec: 293.659, prod: 0.120261, t_ads: 36.4, t_des: 32.6, bed_util_ads: 0.499, bed_util_des: 0.499, des_th: 0.4993334179740258,frac_lost: 0.101, li_recovered:  8.293, time: 0.0051178079993405845
L: 0.50, u_super: 0.00989, sec: 577.497, prod: 0.223791, t_ads: 19.7, t_des: 18.5, bed_util_ads: 0.495, bed_util_des: 0.495, des_th: 0.49530424922401833,frac_lost: 0.104, li_recovered:  8.565, time: 0.005037693999838666
L: 0.50, u_super: 0.00767, sec: 434.553, prod: 0.173774, t_ads: 25.3, t_des: 22.6, bed_util_ads: 0.500, bed_util_des: 0.500, des_th: 0.4999810543769486,frac_lost: 0.100, li_recovered:  8.328, time: 0.004704723998656846
L: 0.50, u_super: 0.00983, sec: 572.427, prod: 0.223002, t_ads: 19.9, t_des: 18.0, bed_util_ads: 0.500, bed_util_des: 0.500, des_th: 0.49989346050538014,frac_lost: 0.105, li_recovered:  8.452, time: 0.0048230600004899316
L: 0.50, u_super: 0.00293, sec: 195.062, prod: 0.053224, t_ads: 66.2, t_des: 95.5, bed_util_ads: 0.437, bed_util_des: 0.435, des_th: 0.4345743061628276,frac_lost: 0.105, li_recovered:  8.607, time: 0.006918199998835917
L: 6.99, u_super: 0.00534 — INFEASIBLE (li_recovered=0.000e+00), time: 0.002735648000452784
L: 0.50, u_super: 0.00878, sec: 503.986, prod: 0.199405, t_ads: 22.1, t_des: 20.0, bed_util_ads: 0.500, bed_util_des: 0.500, des_th: 0.4997197917909803,frac_lost: 0.101, li_recovered:  8.394, time: 0.004288051999537856
L: 0.50, u_super: 0.00855, sec: 491.097, prod: 0.193463, t_ads: 22.9, t_des: 20.5, bed_util_ads: 0.500, bed_util_des: 0.500, des_th: 0.4996923043660547,frac_lost: 0.107, li_recovered:  8.405, time: 0.005408809000073234
L: 0.50, u_super: 0.00619, sec: 345.085, prod: 0.139947, t_ads: 31.4, t_des: 28.0, bed_util_ads: 0.500, bed_util_des: 0.500, des_th: 0.4999810543769486,frac_lost: 0.102, li_recovered:  8.308, time: 0.004787204999956884
L: 23.70, u_super: 0.00005 — INFEASIBLE (li_recovered=0.000e+00), time: 0.0007364060002146289
L: 4.73, u_super: 0.00823 — INFEASIBLE (li_recovered=0.000e+00), time: 0.0027138940004078904
L: 0.50, u_super: 0.00168, sec: 90.304, prod: 0.036912, t_ads: 113.7, t_des: 109.9, bed_util_ads: 0.483, bed_util_des: 0.482, des_th: 0.4819157172226156,frac_lost: 0.101, li_recovered:  8.253, time: 0.00540474199988239
L: 0.50, u_super: 0.00322, sec: 174.465, prod: 0.071871, t_ads: 59.9, t_des: 52.6, bed_util_ads: 0.500, bed_util_des: 0.500, des_th: 0.4997763451559334,frac_lost: 0.101, li_recovered:  8.090, time: 0.004928763999487273
L: 4.61, u_super: 0.00846 — INFEASIBLE (li_recovered=0.000e+00), time: 0.0027352150009392062
L: 0.50, u_super: 0.00399, sec: 222.748, prod: 0.087303, t_ads: 48.7, t_des: 49.8, bed_util_ads: 0.482, bed_util_des: 0.482, des_th: 0.48155162041796534,frac_lost: 0.104, li_recovered:  8.595, time: 0.006468129000495537
L: 0.50, u_super: 0.00005 — INFEASIBLE (li_recovered=0.000e+00), time: 0.0011410539991629776
L: 0.50, u_super: 0.00663, sec: 371.024, prod: 0.150102, t_ads: 29.3, t_des: 26.5, bed_util_ads: 0.500, bed_util_des: 0.499, des_th: 0.49940018951543996,frac_lost: 0.102, li_recovered:  8.376, time: 0.006498396000097273
L: 0.50, u_super: 0.00313, sec: 168.618, prod: 0.070176, t_ads: 61.6, t_des: 57.6, bed_util_ads: 0.492, bed_util_des: 0.492, des_th: 0.49208479534825883,frac_lost: 0.101, li_recovered:  8.361, time: 0.008387351999772363
L: 0.50, u_super: 0.00978, sec: 568.879, prod: 0.221617, t_ads: 20.0, t_des: 17.9, bed_util_ads: 0.500, bed_util_des: 0.500, des_th: 0.49987192703568406,frac_lost: 0.105, li_recovered:  8.402, time: 0.005748228999436833
L: 0.50, u_super: 0.00737, sec: 583.271, prod: 0.119186, t_ads: 26.5, t_des: 46.6, bed_util_ads: 0.416, bed_util_des: 0.415, des_th: 0.41474659954285636,frac_lost: 0.104, li_recovered:  8.717, time: 0.007093300999258645
L: 0.50, u_super: 0.00541, sec: 298.325, prod: 0.122122, t_ads: 35.9, t_des: 32.9, bed_util_ads: 0.497, bed_util_des: 0.497, des_th: 0.49680712923615755,frac_lost: 0.103, li_recovered:  8.411, time: 0.006482905000666506
L: 0.50, u_super: 0.00076, sec: 42.018, prod: 0.016020, t_ads: 244.8, t_des: 226.6, bed_util_ads: 0.477, bed_util_des: 0.475, des_th: 0.4752394741586111,frac_lost: 0.103, li_recovered:  7.552, time: 0.0067112520009686705
L: 0.50, u_super: 0.00373, sec: 202.420, prod: 0.083552, t_ads: 52.3, t_des: 47.8, bed_util_ads: 0.496, bed_util_des: 0.495, des_th: 0.49519576302559637,frac_lost: 0.107, li_recovered:  8.362, time: 0.008153335998940747
   695 |    27800 |     40 |  0.0028740776 |             f
L: 0.50, u_super: 0.00925, sec: 534.879, prod: 0.209711, t_ads: 21.1, t_des: 19.1, bed_util_ads: 0.500, bed_util_des: 0.500, des_th: 0.4996427271806345,frac_lost: 0.105, li_recovered:  8.436, time: 0.008623288998933276
L: 0.50, u_super: 0.00797, sec: 454.375, prod: 0.180016, t_ads: 24.6, t_des: 22.3, bed_util_ads: 0.500, bed_util_des: 0.500, des_th: 0.49955092358239234,frac_lost: 0.109, li_recovered:  8.442, time: 0.006143908000012743
L: 14.70, u_super: 0.00890 — INFEASIBLE (li_recovered=0.000e+00), time: 0.0034783449991664384
L: 0.50, u_super: 0.00595, sec: 330.113, prod: 0.134460, t_ads: 32.7, t_des: 29.6, bed_util_ads: 0.499, bed_util_des: 0.498, des_th: 0.4984764151464188,frac_lost: 0.102, li_recovered:  8.367, time: 0.005435989000034169
L: 0.50, u_super: 0.00873, sec: 501.970, prod: 0.197563, t_ads: 22.4, t_des: 20.3, bed_util_ads: 0.500, bed_util_des: 0.500, des_th: 0.4997197917909803,frac_lost: 0.107, li_recovered:  8.443, time: 0.006883493999339407
L: 0.50, u_super: 0.00505, sec: 278.971, prod: 0.113605, t_ads: 38.5, t_des: 36.5, bed_util_ads: 0.492, bed_util_des: 0.492, des_th: 0.49210474179941743,frac_lost: 0.104, li_recovered:  8.514, time: 0.005773770000814693
L: 0.50, u_super: 0.00710, sec: 400.373, prod: 0.160382, t_ads: 27.5, t_des: 24.7, bed_util_ads: 0.500, bed_util_des: 0.500, des_th: 0.4996313738156764,frac_lost: 0.107, li_recovered:  8.387, time: 0.008004866000192123
L: 0.50, u_super: 0.00206, sec: 111.496, prod: 0.045553, t_ads: 92.8, t_des: 81.4, bed_util_ads: 0.496, bed_util_des: 0.496, des_th: 0.49598165487576606,frac_lost: 0.102, li_recovered:  7.933, time: 0.005362602001696359
L: 0.50, u_super: 0.00490, sec: 269.554, prod: 0.110391, t_ads: 39.7, t_des: 35.4, bed_util_ads: 0.499, bed_util_des: 0.499, des_th: 0.4992766303845224,frac_lost: 0.105, li_recovered:  8.290, time: 0.006085303000872955
L: 0.50, u_super: 0.00147, sec: 81.154, prod: 0.031359, t_ads: 130.1, t_des: 108.4, bed_util_ads: 0.500, bed_util_des: 0.500, des_th: 0.4998961333787235,frac_lost: 0.106, li_recovered:  7.479, time: 0.004706838999481988
L: 0.50, u_super: 0.00198, sec: 106.502, prod: 0.043638, t_ads: 96.9, t_des: 85.8, bed_util_ads: 0.496, bed_util_des: 0.495, des_th: 0.49522829878113356,frac_lost: 0.102, li_recovered:  7.976, time: 0.005348173999664141
L: 0.50, u_super: 0.00005 — INFEASIBLE (li_recovered=0.000e+00), time: 0.000972387999354396
L: 0.50, u_super: 0.00107, sec: 60.765, prod: 0.022073, t_ads: 177.4, t_des: 194.8, bed_util_ads: 0.461, bed_util_des: 0.459, des_th: 0.4587051672430921,frac_lost: 0.103, li_recovered:  8.215, time: 0.004700853000031202
L: 0.50, u_super: 0.00127, sec: 69.668, prod: 0.027064, t_ads: 149.8, t_des: 127.6, bed_util_ads: 0.495, bed_util_des: 0.495, des_th: 0.4948149553435751,frac_lost: 0.103, li_recovered:  7.508, time: 0.005192313999941689
L: 0.50, u_super: 0.00525, sec: 289.317, prod: 0.118382, t_ads: 37.0, t_des: 33.1, bed_util_ads: 0.500, bed_util_des: 0.500, des_th: 0.49962770387012967,frac_lost: 0.103, li_recovered:  8.297, time: 0.005283037000481272
L: 0.50, u_super: 0.00575, sec: 339.037, prod: 0.122079, t_ads: 33.8, t_des: 37.2, bed_util_ads: 0.474, bed_util_des: 0.473, des_th: 0.4734059888067225,frac_lost: 0.102, li_recovered:  8.666, time: 0.0061732760004815646
L: 0.50, u_super: 0.00490, sec: 269.208, prod: 0.110532, t_ads: 39.7, t_des: 36.2, bed_util_ads: 0.496, bed_util_des: 0.496, des_th: 0.4962090696352993,frac_lost: 0.104, li_recovered:  8.390, time: 0.007916458000181592
L: 0.50, u_super: 0.00684, sec: 383.616, prod: 0.155176, t_ads: 28.3, t_des: 26.0, bed_util_ads: 0.498, bed_util_des: 0.498, des_th: 0.49769459116832,frac_lost: 0.100, li_recovered:  8.425, time: 0.007603657999425195
L: 0.50, u_super: 0.00702, sec: 394.840, prod: 0.158895, t_ads: 27.7, t_des: 24.8, bed_util_ads: 0.500, bed_util_des: 0.500, des_th: 0.4998972289507405,frac_lost: 0.102, li_recovered:  8.330, time: 0.008023894999496406
L: 0.50, u_super: 0.00852, sec: 488.747, prod: 0.192975, t_ads: 22.9, t_des: 20.8, bed_util_ads: 0.500, bed_util_des: 0.500, des_th: 0.49989346050538014,frac_lost: 0.106, li_recovered:  8.439, time: 0.004300850001527579
L: 0.50, u_super: 0.00929, sec: 537.162, prod: 0.210543, t_ads: 21.0, t_des: 19.1, bed_util_ads: 0.500, bed_util_des: 0.499, des_th: 0.49941800771673645,frac_lost: 0.105, li_recovered:  8.452, time: 0.006308674999672803
L: 0.50, u_super: 0.00831, sec: 475.673, prod: 0.188183, t_ads: 23.5, t_des: 21.1, bed_util_ads: 0.500, bed_util_des: 0.500, des_th: 0.499980948382914,frac_lost: 0.106, li_recovered:  8.391, time: 0.006708386999889626
L: 0.50, u_super: 0.00421, sec: 229.821, prod: 0.094581, t_ads: 46.2, t_des: 41.3, bed_util_ads: 0.499, bed_util_des: 0.499, des_th: 0.49905103704899645,frac_lost: 0.105, li_recovered:  8.271, time: 0.006020602999342373
L: 0.50, u_super: 0.00625, sec: 348.197, prod: 0.141623, t_ads: 31.0, t_des: 28.4, bed_util_ads: 0.497, bed_util_des: 0.496, des_th: 0.4964802839323999,frac_lost: 0.101, li_recovered:  8.419, time: 0.005058672000814113
L: 0.50, u_super: 0.00293, sec: 157.956, prod: 0.065727, t_ads: 65.6, t_des: 61.2, bed_util_ads: 0.491, bed_util_des: 0.491, des_th: 0.49093885369280044,frac_lost: 0.101, li_recovered:  8.340, time: 0.004593546000251081
L: 0.50, u_super: 0.00005, sec: 4.326, prod: 0.000669, t_ads: 3489.3, t_des: 6122.5, bed_util_ads: 0.250, bed_util_des: 0.179, des_th: 0.17963706765881368,frac_lost: 0.102, li_recovered:  6.432, time: 0.00817764199928206
L: 0.50, u_super: 0.00663, sec: 371.193, prod: 0.150034, t_ads: 29.3, t_des: 26.2, bed_util_ads: 0.500, bed_util_des: 0.500, des_th: 0.4998842583803462,frac_lost: 0.101, li_recovered:  8.314, time: 0.005082511001091916
L: 0.50, u_super: 0.00941, sec: 4334.415, prod: 0.026823, t_ads: 20.9, t_des: 306.5, bed_util_ads: 0.198, bed_util_des: 0.195, des_th: 0.19546488558011835,frac_lost: 0.105, li_recovered:  8.780, time: 0.04086044199902972
L: 0.50, u_super: 0.00148, sec: 82.125, prod: 0.031721, t_ads: 128.7, t_des: 107.0, bed_util_ads: 0.500, bed_util_des: 0.500, des_th: 0.49999748256969956,frac_lost: 0.106, li_recovered:  7.475, time: 0.005180009000468999
L: 0.50, u_super: 0.00735, sec: 2512.146, prod: 0.027501, t_ads: 26.7, t_des: 292.4, bed_util_ads: 0.222, bed_util_des: 0.219, des_th: 0.21873963903001079,frac_lost: 0.104, li_recovered:  8.774, time: 0.029991597000844195
L: 0.50, u_super: 0.00051, sec: 29.902, prod: 0.010102, t_ads: 353.2, t_des: 310.7, bed_util_ads: 0.472, bed_util_des: 0.471, des_th: 0.470983084005921,frac_lost: 0.103, li_recovered:  6.706, time: 0.00537862900091568
L: 0.50, u_super: 0.00663, sec: 372.373, prod: 0.149558, t_ads: 29.6, t_des: 26.5, bed_util_ads: 0.500, bed_util_des: 0.500, des_th: 0.4997343259255478,frac_lost: 0.109, li_recovered:  8.387, time: 0.005080534998342046
L: 0.50, u_super: 0.00293, sec: 158.150, prod: 0.065645, t_ads: 65.7, t_des: 61.9, bed_util_ads: 0.491, bed_util_des: 0.491, des_th: 0.4909446103134626,frac_lost: 0.102, li_recovered:  8.377, time: 0.005196292000618996
L: 34.83, u_super: 0.00781 — INFEASIBLE (li_recovered=0.000e+00), time: 0.0012007209988951217
L: 0.50, u_super: 0.00990, sec: 592.486, prod: 0.218560, t_ads: 19.7, t_des: 20.1, bed_util_ads: 0.484, bed_util_des: 0.484, des_th: 0.4841561696217448,frac_lost: 0.103, li_recovered:  8.689, time: 0.00522424399969168
L: 0.50, u_super: 0.00978, sec: 568.703, prod: 0.221685, t_ads: 20.0, t_des: 17.9, bed_util_ads: 0.500, bed_util_des: 0.500, des_th: 0.49994421650803617,frac_lost: 0.104, li_recovered:  8.392, time: 0.005025090998969972
L: 0.50, u_super: 0.00906, sec: 581.820, prod: 0.184486, t_ads: 21.5, t_des: 25.7, bed_util_ads: 0.465, bed_util_des: 0.464, des_th: 0.46418000845275686,frac_lost: 0.104, li_recovered:  8.713, time: 0.005772254000476096
L: 0.50, u_super: 0.00663, sec: 371.011, prod: 0.150107, t_ads: 29.2, t_des: 26.2, bed_util_ads: 0.500, bed_util_des: 0.500, des_th: 0.49998608664022576,frac_lost: 0.100, li_recovered:  8.320, time: 0.008677460999024333
L: 0.50, u_super: 0.00570, sec: 317.005, prod: 0.128164, t_ads: 34.0, t_des: 32.7, bed_util_ads: 0.491, bed_util_des: 0.491, des_th: 0.4909446103134626,frac_lost: 0.101, li_recovered:  8.552, time: 0.004968776000168873
L: 0.50, u_super: 0.00886, sec: 509.937, prod: 0.200623, t_ads: 22.1, t_des: 20.1, bed_util_ads: 0.500, bed_util_des: 0.499, des_th: 0.4993931245196211,frac_lost: 0.106, li_recovered:  8.460, time: 0.0058105670013901545
   696 |    27840 |     40 |  0.0018673438 |             f
L: 0.50, u_super: 0.00490, sec: 269.208, prod: 0.110532, t_ads: 39.7, t_des: 36.2, bed_util_ads: 0.496, bed_util_des: 0.496, des_th: 0.4962090696352993,frac_lost: 0.104, li_recovered:  8.390, time: 0.005984314999295748
L: 12.73, u_super: 0.00370 — INFEASIBLE (li_recovered=0.000e+00), time: 0.0020541670000966405
L: 0.50, u_super: 0.00680, sec: 382.831, prod: 0.153361, t_ads: 28.8, t_des: 26.7, bed_util_ads: 0.496, bed_util_des: 0.496, des_th: 0.4962453270304376,frac_lost: 0.108, li_recovered:  8.506, time: 0.007137123999200412
L: 0.50, u_super: 0.00148, sec: 80.930, prod: 0.032189, t_ads: 128.9, t_des: 111.4, bed_util_ads: 0.496, bed_util_des: 0.495, des_th: 0.49522829878113356,frac_lost: 0.107, li_recovered:  7.734, time: 0.004922262000036426
L: 0.50, u_super: 0.00460, sec: 251.691, prod: 0.103478, t_ads: 42.4, t_des: 38.7, bed_util_ads: 0.497, bed_util_des: 0.497, des_th: 0.49696091565322786,frac_lost: 0.106, li_recovered:  8.385, time: 0.008525757999450434
L: 0.50, u_super: 0.00687, sec: 386.201, prod: 0.155131, t_ads: 28.5, t_des: 25.6, bed_util_ads: 0.500, bed_util_des: 0.500, des_th: 0.49998630709331005,frac_lost: 0.107, li_recovered:  8.395, time: 0.0042986640000890475
L: 0.50, u_super: 0.00803, sec: 457.881, prod: 0.181720, t_ads: 24.4, t_des: 22.0, bed_util_ads: 0.500, bed_util_des: 0.499, des_th: 0.49943732526014184,frac_lost: 0.106, li_recovered:  8.427, time: 0.006823268000516691
L: 0.50, u_super: 0.00887, sec: 511.017, prod: 0.200785, t_ads: 22.1, t_des: 20.0, bed_util_ads: 0.500, bed_util_des: 0.499, des_th: 0.4993931245196211,frac_lost: 0.107, li_recovered:  8.455, time: 0.005043389999627834
L: 0.50, u_super: 0.00078, sec: 794.999, prod: 0.000895, t_ads: 256.7, t_des: 9753.1, bed_util_ads: 0.128, bed_util_des: 0.092, des_th: 0.09168594127907434,frac_lost: 0.103, li_recovered:  8.962, time: 0.1077079920014512
L: 0.50, u_super: 0.00315, sec: 170.860, prod: 0.070279, t_ads: 61.4, t_des: 53.8, bed_util_ads: 0.500, bed_util_des: 0.500, des_th: 0.4998961333787235,frac_lost: 0.104, li_recovered:  8.093, time: 0.003952552999180625
L: 0.50, u_super: 0.00595, sec: 330.002, prod: 0.134506, t_ads: 32.6, t_des: 29.6, bed_util_ads: 0.499, bed_util_des: 0.498, des_th: 0.4984490267202336,frac_lost: 0.102, li_recovered:  8.378, time: 0.004219892000037362
L: 0.50, u_super: 0.00476, sec: 260.996, prod: 0.107299, t_ads: 40.8, t_des: 37.3, bed_util_ads: 0.497, bed_util_des: 0.497, des_th: 0.49696091565322786,frac_lost: 0.104, li_recovered:  8.385, time: 0.004603514998962055
L: 0.50, u_super: 0.00967, sec: 561.970, prod: 0.219233, t_ads: 20.2, t_des: 18.1, bed_util_ads: 0.500, bed_util_des: 0.500, des_th: 0.49994421650803617,frac_lost: 0.105, li_recovered:  8.404, time: 0.003796880000663805
L: 0.50, u_super: 0.00561, sec: 312.218, prod: 0.126095, t_ads: 34.6, t_des: 33.2, bed_util_ads: 0.491, bed_util_des: 0.491, des_th: 0.4909446103134626,frac_lost: 0.103, li_recovered:  8.552, time: 0.004880565000348724
L: 4.31, u_super: 0.00013 — INFEASIBLE (li_recovered=0.000e+00), time: 0.0017206320007971954
L: 0.50, u_super: 0.00971, sec: 644.880, prod: 0.192641, t_ads: 20.1, t_des: 25.2, bed_util_ads: 0.459, bed_util_des: 0.459, des_th: 0.4587051672430921,frac_lost: 0.103, li_recovered:  8.718, time: 0.005065323999588145
L: 0.50, u_super: 0.00315, sec: 169.904, prod: 0.070692, t_ads: 61.2, t_des: 57.0, bed_util_ads: 0.492, bed_util_des: 0.492, des_th: 0.49170504126147563,frac_lost: 0.101, li_recovered:  8.354, time: 0.004870986000241828
L: 3.03, u_super: 0.00771 — INFEASIBLE (li_recovered=0.000e+00), time: 0.002507334000256378
L: 0.50, u_super: 0.00234, sec: 125.893, prod: 0.052235, t_ads: 82.0, t_des: 74.9, bed_util_ads: 0.493, bed_util_des: 0.492, des_th: 0.4920989851787552,frac_lost: 0.102, li_recovered:  8.194, time: 0.004102706001503975
L: 0.50, u_super: 0.00076 — INFEASIBLE (li_recovered=0.000e+00), time: 0.002381641001193202
L: 0.50, u_super: 0.00767, sec: 435.565, prod: 0.173371, t_ads: 25.5, t_des: 22.9, bed_util_ads: 0.500, bed_util_des: 0.500, des_th: 0.49998620818226425,frac_lost: 0.107, li_recovered:  8.397, time: 0.005004225999073242
L: 0.50, u_super: 0.00418, sec: 228.500, prod: 0.093987, t_ads: 46.5, t_des: 43.4, bed_util_ads: 0.493, bed_util_des: 0.493, des_th: 0.49271588636448876,frac_lost: 0.105, li_recovered:  8.449, time: 0.005031148999478319
L: 0.50, u_super: 0.00595, sec: 329.905, prod: 0.134545, t_ads: 32.6, t_des: 29.6, bed_util_ads: 0.499, bed_util_des: 0.498, des_th: 0.4984764151464188,frac_lost: 0.101, li_recovered:  8.370, time: 0.005012292000174057
L: 0.50, u_super: 0.00083, sec: 46.582, prod: 0.017346, t_ads: 226.5, t_des: 235.5, bed_util_ads: 0.464, bed_util_des: 0.461, des_th: 0.46102615560149385,frac_lost: 0.106, li_recovered:  8.015, time: 0.004220134000206599
L: 0.50, u_super: 0.00984, sec: 573.338, prod: 0.223126, t_ads: 19.9, t_des: 18.0, bed_util_ads: 0.500, bed_util_des: 0.499, des_th: 0.49941800771673645,frac_lost: 0.106, li_recovered:  8.452, time: 0.0040908209994086064
L: 1.16, u_super: 0.00976, sec: 1401.658, prod: 0.207327, t_ads: 46.0, t_des: 50.2, bed_util_ads: 0.474, bed_util_des: 0.474, des_th: 0.4736180025166781,frac_lost: 0.104, li_recovered:  19.947, time: 0.004585564000080922
L: 0.50, u_super: 0.00005 — INFEASIBLE (li_recovered=0.000e+00), time: 0.0009473039990552934
L: 0.50, u_super: 0.00941, sec: 588.937, prod: 0.197353, t_ads: 20.8, t_des: 23.4, bed_util_ads: 0.472, bed_util_des: 0.472, des_th: 0.47200480898110503,frac_lost: 0.104, li_recovered:  8.713, time: 0.0047192359998007305
L: 0.50, u_super: 0.00760, sec: 431.583, prod: 0.171676, t_ads: 25.8, t_des: 23.3, bed_util_ads: 0.500, bed_util_des: 0.499, des_th: 0.4994063320443622,frac_lost: 0.109, li_recovered:  8.437, time: 0.004245316000378807
L: 0.50, u_super: 0.00127, sec: 70.976, prod: 0.026953, t_ads: 149.2, t_des: 123.6, bed_util_ads: 0.498, bed_util_des: 0.498, des_th: 0.49834460269808906,frac_lost: 0.106, li_recovered:  7.351, time: 0.003986706000432605
L: 0.50, u_super: 0.00373, sec: 202.609, prod: 0.083747, t_ads: 52.1, t_des: 47.7, bed_util_ads: 0.495, bed_util_des: 0.495, des_th: 0.49519576302559637,frac_lost: 0.106, li_recovered:  8.355, time: 0.003909506000127294
L: 0.50, u_super: 0.00084, sec: 46.966, prod: 0.017571, t_ads: 223.6, t_des: 232.5, bed_util_ads: 0.464, bed_util_des: 0.461, des_th: 0.46102615560149385,frac_lost: 0.104, li_recovered:  8.012, time: 0.004453577001186204
L: 0.50, u_super: 0.00666, sec: 374.405, prod: 0.150316, t_ads: 29.4, t_des: 26.3, bed_util_ads: 0.500, bed_util_des: 0.500, des_th: 0.49998608664022576,frac_lost: 0.109, li_recovered:  8.376, time: 0.005397833998358692
L: 4.31, u_super: 0.00533 — INFEASIBLE (li_recovered=0.000e+00), time: 0.0027968030008196365
L: 0.50, u_super: 0.00024 — INFEASIBLE (li_recovered=0.000e+00), time: 0.0017484989984950516
L: 0.50, u_super: 0.00007, sec: 6.246, prod: 0.000901, t_ads: 2657.3, t_des: 5486.3, bed_util_ads: 0.258, bed_util_des: 0.182, des_th: 0.18254107541625378,frac_lost: 0.103, li_recovered:  7.341, time: 0.00612958300007449
L: 0.50, u_super: 0.00990, sec: 576.015, prod: 0.224810, t_ads: 19.7, t_des: 17.9, bed_util_ads: 0.500, bed_util_des: 0.499, des_th: 0.49941800771673645,frac_lost: 0.102, li_recovered:  8.443, time: 0.0037818189994140994
L: 32.58, u_super: 0.00408 — INFEASIBLE (li_recovered=0.000e+00), time: 0.0009060020001925295
L: 0.50, u_super: 0.00644, sec: 559.058, prod: 0.093673, t_ads: 30.4, t_des: 62.7, bed_util_ads: 0.396, bed_util_des: 0.395, des_th: 0.39498969270082485,frac_lost: 0.105, li_recovered:  8.718, time: 0.006333470999379642
L: 0.50, u_super: 0.00665, sec: 372.466, prod: 0.150468, t_ads: 29.2, t_des: 26.1, bed_util_ads: 0.500, bed_util_des: 0.500, des_th: 0.4999246930888785,frac_lost: 0.101, li_recovered:  8.318, time: 0.004085364000275149
   697 |    27880 |     40 |  0.0028991272 |             f
L: 0.50, u_super: 0.00013, sec: 12.047, prod: 0.001511, t_ads: 1499.3, t_des: 3621.4, bed_util_ads: 0.281, bed_util_des: 0.220, des_th: 0.2204295088703106,frac_lost: 0.103, li_recovered:  7.739, time: 0.007518367001466686
L: 0.50, u_super: 0.00975, sec: 571.805, prod: 0.219449, t_ads: 20.0, t_des: 19.3, bed_util_ads: 0.492, bed_util_des: 0.492, des_th: 0.4921494867789622,frac_lost: 0.104, li_recovered:  8.624, time: 0.00486055199871771
L: 0.50, u_super: 0.00264, sec: 141.828, prod: 0.059017, t_ads: 72.9, t_des: 67.4, bed_util_ads: 0.493, bed_util_des: 0.493, des_th: 0.49271588636448876,frac_lost: 0.102, li_recovered:  8.280, time: 0.004060629000377958
L: 0.50, u_super: 0.00315, sec: 169.896, prod: 0.070695, t_ads: 61.2, t_des: 57.0, bed_util_ads: 0.492, bed_util_des: 0.492, des_th: 0.49170504126147563,frac_lost: 0.101, li_recovered:  8.353, time: 0.004612580998582416
L: 0.50, u_super: 0.00460, sec: 251.708, prod: 0.103471, t_ads: 42.3, t_des: 38.3, bed_util_ads: 0.497, bed_util_des: 0.497, des_th: 0.49696091565322786,frac_lost: 0.105, li_recovered:  8.348, time: 0.005264107001494267
L: 0.50, u_super: 0.00005, sec: 4.939, prod: 0.000619, t_ads: 3792.2, t_des: 9153.8, bed_util_ads: 0.232, bed_util_des: 0.135, des_th: 0.13485535388314607,frac_lost: 0.101, li_recovered:  8.009, time: 0.006525688000692753
L: 0.50, u_super: 0.00148, sec: 80.228, prod: 0.032471, t_ads: 128.7, t_des: 124.5, bed_util_ads: 0.483, bed_util_des: 0.481, des_th: 0.4815467650058251,frac_lost: 0.104, li_recovered:  8.222, time: 0.005288225000185776
L: 0.50, u_super: 0.00873, sec: 503.353, prod: 0.197174, t_ads: 22.4, t_des: 21.0, bed_util_ads: 0.495, bed_util_des: 0.495, des_th: 0.4949810952707659,frac_lost: 0.106, li_recovered:  8.562, time: 0.0041633410000940785
L: 0.50, u_super: 0.00746, sec: 425.773, prod: 0.167347, t_ads: 26.2, t_des: 25.2, bed_util_ads: 0.491, bed_util_des: 0.491, des_th: 0.4910696641114999,frac_lost: 0.106, li_recovered:  8.604, time: 0.004982679998647654
L: 0.50, u_super: 0.00806, sec: 524.108, prod: 0.160121, t_ads: 24.2, t_des: 30.2, bed_util_ads: 0.459, bed_util_des: 0.459, des_th: 0.4587042634055101,frac_lost: 0.103, li_recovered:  8.706, time: 0.004652330999306287
L: 0.50, u_super: 0.00315, sec: 169.904, prod: 0.070692, t_ads: 61.2, t_des: 57.0, bed_util_ads: 0.492, bed_util_des: 0.492, des_th: 0.49170504126147563,frac_lost: 0.101, li_recovered:  8.354, time: 0.004573644999254611
L: 0.50, u_super: 0.00990, sec: 576.638, prod: 0.224567, t_ads: 19.7, t_des: 17.9, bed_util_ads: 0.500, bed_util_des: 0.500, des_th: 0.4995396196311211,frac_lost: 0.104, li_recovered:  8.454, time: 0.004943280999214039
L: 0.50, u_super: 0.00069 — INFEASIBLE (li_recovered=0.000e+00), time: 0.0022404049996112008
L: 36.75, u_super: 0.00408 — INFEASIBLE (li_recovered=0.000e+00), time: 0.0008699800000613322
L: 46.35, u_super: 0.00965 — INFEASIBLE (li_recovered=0.000e+00), time: 0.001278325000384939
L: 0.50, u_super: 0.00766, sec: 435.776, prod: 0.172857, t_ads: 25.6, t_des: 23.7, bed_util_ads: 0.496, bed_util_des: 0.496, des_th: 0.4955853346762764,frac_lost: 0.108, li_recovered:  8.518, time: 0.0054705679995095124
L: 0.50, u_super: 0.00505, sec: 278.971, prod: 0.113605, t_ads: 38.5, t_des: 36.5, bed_util_ads: 0.492, bed_util_des: 0.492, des_th: 0.49210474179941743,frac_lost: 0.104, li_recovered:  8.514, time: 0.007379642000159947
L: 0.50, u_super: 0.00638, sec: 359.448, prod: 0.143083, t_ads: 30.7, t_des: 29.2, bed_util_ads: 0.492, bed_util_des: 0.492, des_th: 0.4920989851787552,frac_lost: 0.109, li_recovered:  8.574, time: 0.005054998000559863
L: 45.76, u_super: 0.00295 — INFEASIBLE (li_recovered=0.000e+00), time: 0.001105002000258537
L: 0.50, u_super: 0.00558, sec: 308.593, prod: 0.126095, t_ads: 34.8, t_des: 31.2, bed_util_ads: 0.499, bed_util_des: 0.499, des_th: 0.49933894057275424,frac_lost: 0.102, li_recovered:  8.323, time: 0.004051302999869222
L: 0.50, u_super: 0.00826, sec: 472.798, prod: 0.186976, t_ads: 23.7, t_des: 21.5, bed_util_ads: 0.500, bed_util_des: 0.499, des_th: 0.49949364789926665,frac_lost: 0.107, li_recovered:  8.448, time: 0.00489862199901836
L: 0.50, u_super: 0.00410, sec: 223.454, prod: 0.092137, t_ads: 47.4, t_des: 42.4, bed_util_ads: 0.499, bed_util_des: 0.499, des_th: 0.4990873805302025,frac_lost: 0.104, li_recovered:  8.268, time: 0.00682008500007214
L: 0.50, u_super: 0.00246, sec: 137.908, prod: 0.052754, t_ads: 78.3, t_des: 83.1, bed_util_ads: 0.474, bed_util_des: 0.473, des_th: 0.47301126523706266,frac_lost: 0.103, li_recovered:  8.516, time: 0.007477066999854287
L: 8.35, u_super: 0.00886 — INFEASIBLE (li_recovered=0.000e+00), time: 0.004191587000605068
L: 0.50, u_super: 0.00595, sec: 330.146, prod: 0.134447, t_ads: 32.6, t_des: 29.3, bed_util_ads: 0.499, bed_util_des: 0.499, des_th: 0.49871877078419785,frac_lost: 0.101, li_recovered:  8.320, time: 0.007685958000365645
L: 0.50, u_super: 0.00137, sec: 74.322, prod: 0.029980, t_ads: 138.9, t_des: 125.0, bed_util_ads: 0.491, bed_util_des: 0.490, des_th: 0.48993771500866445,frac_lost: 0.106, li_recovered:  7.912, time: 0.005832976001329371
L: 0.50, u_super: 0.00944, sec: 546.998, prod: 0.214120, t_ads: 20.7, t_des: 18.8, bed_util_ads: 0.500, bed_util_des: 0.500, des_th: 0.49978595833333495,frac_lost: 0.104, li_recovered:  8.445, time: 0.009871403999568429
L: 0.50, u_super: 0.00397, sec: 249.877, prod: 0.077120, t_ads: 48.8, t_des: 63.2, bed_util_ads: 0.452, bed_util_des: 0.451, des_th: 0.4509379760311122,frac_lost: 0.101, li_recovered:  8.635, time: 0.007949359000122058
L: 0.50, u_super: 0.00283, sec: 152.139, prod: 0.063171, t_ads: 68.2, t_des: 61.5, bed_util_ads: 0.496, bed_util_des: 0.495, des_th: 0.4953929232629593,frac_lost: 0.102, li_recovered:  8.195, time: 0.004743126999528613
L: 13.46, u_super: 0.00061 — INFEASIBLE (li_recovered=0.000e+00), time: 0.0015915330004645512
L: 0.50, u_super: 0.00923, sec: 533.712, prod: 0.209218, t_ads: 21.2, t_des: 19.2, bed_util_ads: 0.500, bed_util_des: 0.500, des_th: 0.49989346050538014,frac_lost: 0.105, li_recovered:  8.443, time: 0.005677707000359078
L: 0.50, u_super: 0.00460, sec: 286.931, prod: 0.090769, t_ads: 42.1, t_des: 53.2, bed_util_ads: 0.456, bed_util_des: 0.455, des_th: 0.45474479806879026,frac_lost: 0.100, li_recovered:  8.650, time: 0.005382788000133587
L: 0.50, u_super: 0.00533, sec: 293.659, prod: 0.120261, t_ads: 36.4, t_des: 32.6, bed_util_ads: 0.499, bed_util_des: 0.499, des_th: 0.4993334179740258,frac_lost: 0.101, li_recovered:  8.293, time: 0.00617449499986833
L: 0.50, u_super: 0.00007, sec: 6.446, prod: 0.000989, t_ads: 2440.3, t_des: 4654.2, bed_util_ads: 0.267, bed_util_des: 0.200, des_th: 0.19980329175089895,frac_lost: 0.104, li_recovered:  7.016, time: 0.007569959998363629
L: 0.50, u_super: 0.00827, sec: 473.606, prod: 0.187121, t_ads: 23.7, t_des: 21.5, bed_util_ads: 0.500, bed_util_des: 0.499, des_th: 0.49948686519613045,frac_lost: 0.108, li_recovered:  8.452, time: 0.008548059000531794
L: 0.50, u_super: 0.00774, sec: 438.766, prod: 0.175682, t_ads: 25.1, t_des: 22.7, bed_util_ads: 0.499, bed_util_des: 0.499, des_th: 0.4993651551645117,frac_lost: 0.100, li_recovered:  8.382, time: 0.005019476999223116
L: 0.50, u_super: 0.00213, sec: 115.095, prod: 0.046846, t_ads: 90.0, t_des: 78.1, bed_util_ads: 0.499, bed_util_des: 0.498, des_th: 0.4984309849902882,frac_lost: 0.100, li_recovered:  7.875, time: 0.007753900001262082
L: 43.70, u_super: 0.00558 — INFEASIBLE (li_recovered=0.000e+00), time: 0.0016853870001796167
L: 0.50, u_super: 0.00772, sec: 439.950, prod: 0.174244, t_ads: 25.1, t_des: 24.1, bed_util_ads: 0.491, bed_util_des: 0.491, des_th: 0.4909830896608001,frac_lost: 0.100, li_recovered:  8.579, time: 0.00534155599962105
L: 0.50, u_super: 0.00460, sec: 251.691, prod: 0.103478, t_ads: 42.4, t_des: 38.7, bed_util_ads: 0.497, bed_util_des: 0.497, des_th: 0.49696091565322786,frac_lost: 0.106, li_recovered:  8.385, time: 0.004546435000520432
   698 |    27920 |     40 |  0.0018470827 |             f
L: 0.50, u_super: 0.00533, sec: 293.820, prod: 0.120195, t_ads: 36.4, t_des: 32.6, bed_util_ads: 0.499, bed_util_des: 0.499, des_th: 0.4987892501242291,frac_lost: 0.102, li_recovered:  8.295, time: 0.005023016999984975
L: 0.50, u_super: 0.00850, sec: 487.218, prod: 0.192328, t_ads: 23.0, t_des: 20.9, bed_util_ads: 0.500, bed_util_des: 0.500, des_th: 0.4995309367733678,frac_lost: 0.107, li_recovered:  8.442, time: 0.004705970000941306
L: 27.37, u_super: 0.00035 — INFEASIBLE (li_recovered=0.000e+00), time: 0.0011022830003639683
L: 12.70, u_super: 0.00083 — INFEASIBLE (li_recovered=0.000e+00), time: 0.000961425999776111
L: 0.50, u_super: 0.00293, sec: 157.956, prod: 0.065727, t_ads: 65.6, t_des: 61.2, bed_util_ads: 0.491, bed_util_des: 0.491, des_th: 0.49093885369280044,frac_lost: 0.101, li_recovered:  8.340, time: 0.005082883999421028
L: 0.50, u_super: 0.00172, sec: 93.533, prod: 0.037362, t_ads: 111.4, t_des: 112.2, bed_util_ads: 0.478, bed_util_des: 0.477, des_th: 0.47687157211357806,frac_lost: 0.102, li_recovered:  8.354, time: 0.005079415001091547
L: 0.50, u_super: 0.00721, sec: 407.329, prod: 0.162912, t_ads: 27.1, t_des: 24.6, bed_util_ads: 0.498, bed_util_des: 0.498, des_th: 0.4979508497092961,frac_lost: 0.108, li_recovered:  8.434, time: 0.005110793001222191
L: 1.44, u_super: 0.00006, sec: 64.116, prod: 0.000157, t_ads: 3947.2, t_des: 1485.1, bed_util_ads: 0.189, bed_util_des: 0.185, des_th: 0.1851696623157332,frac_lost: 0.101, li_recovered:  0.854, time: 0.002040568999291281
L: 22.03, u_super: 0.00714 — INFEASIBLE (li_recovered=0.000e+00), time: 0.0016961410001385957
L: 0.50, u_super: 0.00923, sec: 533.942, prod: 0.209127, t_ads: 21.2, t_des: 19.4, bed_util_ads: 0.498, bed_util_des: 0.498, des_th: 0.49759618617858886,frac_lost: 0.106, li_recovered:  8.490, time: 0.005791272000351455
L: 0.50, u_super: 0.00873, sec: 502.671, prod: 0.197441, t_ads: 22.4, t_des: 20.9, bed_util_ads: 0.495, bed_util_des: 0.495, des_th: 0.4949810952707659,frac_lost: 0.105, li_recovered:  8.537, time: 0.005378830999688944
L: 27.63, u_super: 0.00679 — INFEASIBLE (li_recovered=0.000e+00), time: 0.0013666409995494178
L: 11.32, u_super: 0.00749 — INFEASIBLE (li_recovered=0.000e+00), time: 0.0020945579999533948
L: 0.50, u_super: 0.00191, sec: 102.695, prod: 0.042076, t_ads: 100.3, t_des: 89.1, bed_util_ads: 0.496, bed_util_des: 0.495, des_th: 0.49522829878113356,frac_lost: 0.102, li_recovered:  7.970, time: 0.004221944998789695
L: 0.50, u_super: 0.00919, sec: 530.534, prod: 0.208263, t_ads: 21.2, t_des: 19.3, bed_util_ads: 0.500, bed_util_des: 0.499, des_th: 0.4994547811048937,frac_lost: 0.104, li_recovered:  8.441, time: 0.004828616998565849
L: 0.50, u_super: 0.00373, sec: 202.755, prod: 0.083687, t_ads: 52.2, t_des: 47.7, bed_util_ads: 0.496, bed_util_des: 0.495, des_th: 0.49548049818974255,frac_lost: 0.107, li_recovered:  8.364, time: 0.005416355999841471
L: 0.50, u_super: 0.00788, sec: 447.612, prod: 0.178574, t_ads: 24.6, t_des: 22.0, bed_util_ads: 0.500, bed_util_des: 0.500, des_th: 0.4998962663807075,frac_lost: 0.101, li_recovered:  8.335, time: 0.006709671000862727
L: 0.50, u_super: 0.00639, sec: 356.478, prod: 0.144578, t_ads: 30.4, t_des: 27.2, bed_util_ads: 0.500, bed_util_des: 0.500, des_th: 0.49974615854795706,frac_lost: 0.101, li_recovered:  8.325, time: 0.006796550000217394
L: 0.50, u_super: 0.00505, sec: 278.209, prod: 0.113916, t_ads: 38.4, t_des: 34.3, bed_util_ads: 0.500, bed_util_des: 0.500, des_th: 0.499581234611574,frac_lost: 0.103, li_recovered:  8.286, time: 0.007800137000231189
L: 0.50, u_super: 0.00454, sec: 248.309, prod: 0.102182, t_ads: 42.8, t_des: 38.7, bed_util_ads: 0.497, bed_util_des: 0.497, des_th: 0.4969805615628858,frac_lost: 0.105, li_recovered:  8.332, time: 0.005778459999419283
L: 9.27, u_super: 0.00413, sec: 10041.809, prod: 0.038544, t_ads: 873.7, t_des: 3150.2, bed_util_ads: 0.273, bed_util_des: 0.220, des_th: 0.2204295088703106,frac_lost: 0.103, li_recovered:  155.098, time: 0.011572454000997823
L: 0.50, u_super: 0.00050, sec: 28.941, prod: 0.010261, t_ads: 357.2, t_des: 339.4, bed_util_ads: 0.463, bed_util_des: 0.461, des_th: 0.46105973616105866,frac_lost: 0.102, li_recovered:  7.148, time: 0.005434654000055161
L: 0.50, u_super: 0.00416, sec: 227.644, prod: 0.093354, t_ads: 46.6, t_des: 44.3, bed_util_ads: 0.492, bed_util_des: 0.492, des_th: 0.49170504126147563,frac_lost: 0.104, li_recovered:  8.489, time: 0.006729946999257663
L: 0.50, u_super: 0.00871, sec: 500.886, prod: 0.197333, t_ads: 22.4, t_des: 20.6, bed_util_ads: 0.497, bed_util_des: 0.497, des_th: 0.497210554194362,frac_lost: 0.105, li_recovered:  8.489, time: 0.005235024998910376
L: 0.50, u_super: 0.00894, sec: 514.964, prod: 0.202379, t_ads: 21.9, t_des: 19.8, bed_util_ads: 0.500, bed_util_des: 0.499, des_th: 0.4993931245196211,frac_lost: 0.106, li_recovered:  8.435, time: 0.00430785000025935
L: 6.55, u_super: 0.00989 — INFEASIBLE (li_recovered=0.000e+00), time: 0.0026273500006936956
L: 0.50, u_super: 0.00634, sec: 353.886, prod: 0.143297, t_ads: 30.7, t_des: 27.4, bed_util_ads: 0.500, bed_util_des: 0.500, des_th: 0.4995664625086354,frac_lost: 0.102, li_recovered:  8.318, time: 0.004167740000411868
L: 33.71, u_super: 0.00684 — INFEASIBLE (li_recovered=0.000e+00), time: 0.001711246999548166
L: 0.50, u_super: 0.00005, sec: 4.344, prod: 0.000666, t_ads: 3563.2, t_des: 6515.1, bed_util_ads: 0.248, bed_util_des: 0.172, des_th: 0.17248877796792686,frac_lost: 0.102, li_recovered:  6.716, time: 0.007097606001480017
L: 0.50, u_super: 0.00415, sec: 226.490, prod: 0.093213, t_ads: 46.9, t_des: 41.8, bed_util_ads: 0.500, bed_util_des: 0.499, des_th: 0.49951605606776966,frac_lost: 0.106, li_recovered:  8.270, time: 0.005998133001412498
L: 0.50, u_super: 0.00200, sec: 113.466, prod: 0.042152, t_ads: 96.4, t_des: 104.7, bed_util_ads: 0.469, bed_util_des: 0.468, des_th: 0.4680451243289729,frac_lost: 0.106, li_recovered:  8.474, time: 0.006409839001207729
L: 0.50, u_super: 0.00889, sec: 512.226, prod: 0.201176, t_ads: 22.0, t_des: 19.7, bed_util_ads: 0.500, bed_util_des: 0.500, des_th: 0.49992412989122526,frac_lost: 0.106, li_recovered:  8.394, time: 0.0051513439993868815
L: 1.62, u_super: 0.00020, sec: 56.328, prod: 0.002761, t_ads: 2576.4, t_des: 4016.7, bed_util_ads: 0.271, bed_util_des: 0.220, des_th: 0.2204295088703106,frac_lost: 0.102, li_recovered:  18.201, time: 0.0063956900012271944
L: 8.68, u_super: 0.00107 — INFEASIBLE (li_recovered=0.000e+00), time: 0.0015840160012885462
L: 0.50, u_super: 0.00679, sec: 380.378, prod: 0.153697, t_ads: 28.6, t_des: 25.9, bed_util_ads: 0.499, bed_util_des: 0.499, des_th: 0.4991375857806821,frac_lost: 0.102, li_recovered:  8.375, time: 0.007096444000126212
L: 0.50, u_super: 0.00954, sec: 553.587, prod: 0.216021, t_ads: 20.5, t_des: 18.6, bed_util_ads: 0.500, bed_util_des: 0.500, des_th: 0.4995481139301703,frac_lost: 0.106, li_recovered:  8.442, time: 0.006007102998410119
L: 30.11, u_super: 0.00638 — INFEASIBLE (li_recovered=0.000e+00), time: 0.001366000000416534
L: 11.69, u_super: 0.00792 — INFEASIBLE (li_recovered=0.000e+00), time: 0.002533867000238388
L: 0.50, u_super: 0.00368, sec: 200.047, prod: 0.082477, t_ads: 52.9, t_des: 47.3, bed_util_ads: 0.498, bed_util_des: 0.498, des_th: 0.49769459116832,frac_lost: 0.107, li_recovered:  8.267, time: 0.0049960039996221894
L: 0.50, u_super: 0.00873, sec: 527.918, prod: 0.188054, t_ads: 22.4, t_des: 23.9, bed_util_ads: 0.478, bed_util_des: 0.478, des_th: 0.4779729221317549,frac_lost: 0.104, li_recovered:  8.702, time: 0.004952733999743941
   699 |    27960 |     40 |  0.0029652899 |             f
L: 0.50, u_super: 0.00265, sec: 144.729, prod: 0.058434, t_ads: 72.7, t_des: 72.4, bed_util_ads: 0.482, bed_util_des: 0.482, des_th: 0.48155162041796534,frac_lost: 0.102, li_recovered:  8.480, time: 0.004750346999571775
L: 6.58, u_super: 0.00234 — INFEASIBLE (li_recovered=0.000e+00), time: 0.0013267140002426459
L: 0.50, u_super: 0.00171, sec: 93.921, prod: 0.037049, t_ads: 111.4, t_des: 94.0, bed_util_ads: 0.500, bed_util_des: 0.500, des_th: 0.49995553158903355,frac_lost: 0.103, li_recovered:  7.610, time: 0.004335978001108742
L: 5.25, u_super: 0.00126 — INFEASIBLE (li_recovered=0.000e+00), time: 0.001816179001252749
L: 0.50, u_super: 0.00780, sec: 446.105, prod: 0.175313, t_ads: 25.1, t_des: 23.9, bed_util_ads: 0.493, bed_util_des: 0.493, des_th: 0.49298276617547887,frac_lost: 0.107, li_recovered:  8.590, time: 0.004239346999383997
L: 0.50, u_super: 0.00025, sec: 32.483, prod: 0.002195, t_ads: 785.9, t_des: 3054.0, bed_util_ads: 0.270, bed_util_des: 0.220, des_th: 0.22002796803264166,frac_lost: 0.102, li_recovered:  8.428, time: 0.011177981999935582
L: 0.50, u_super: 0.00378, sec: 205.806, prod: 0.084523, t_ads: 51.6, t_des: 45.6, bed_util_ads: 0.500, bed_util_des: 0.500, des_th: 0.4998962663807075,frac_lost: 0.108, li_recovered:  8.211, time: 0.006204489000083413
L: 0.50, u_super: 0.00315, sec: 177.793, prod: 0.067555, t_ads: 61.8, t_des: 65.2, bed_util_ads: 0.476, bed_util_des: 0.475, des_th: 0.47527358971304823,frac_lost: 0.108, li_recovered:  8.577, time: 0.007073365000906051
L: 0.50, u_super: 0.00007, sec: 5.968, prod: 0.000982, t_ads: 2368.0, t_des: 3932.0, bed_util_ads: 0.275, bed_util_des: 0.220, des_th: 0.2204295088703106,frac_lost: 0.100, li_recovered:  6.184, time: 0.008510858000590815
L: 0.50, u_super: 0.00005, sec: 4.380, prod: 0.000661, t_ads: 3231.1, t_des: 5128.9, bed_util_ads: 0.255, bed_util_des: 0.198, des_th: 0.19795129418862667,frac_lost: 0.101, li_recovered:  5.525, time: 0.010313677999874926
L: 0.50, u_super: 0.00235, sec: 126.279, prod: 0.052342, t_ads: 81.9, t_des: 74.8, bed_util_ads: 0.493, bed_util_des: 0.492, des_th: 0.4920989851787552,frac_lost: 0.104, li_recovered:  8.202, time: 0.006880326000100467
L: 0.50, u_super: 0.00317, sec: 171.468, prod: 0.070665, t_ads: 61.5, t_des: 57.5, bed_util_ads: 0.492, bed_util_des: 0.492, des_th: 0.49170504126147563,frac_lost: 0.108, li_recovered:  8.407, time: 0.0065304790005029645
L: 0.50, u_super: 0.00431, sec: 236.232, prod: 0.096639, t_ads: 45.2, t_des: 42.6, bed_util_ads: 0.492, bed_util_des: 0.492, des_th: 0.4920989851787552,frac_lost: 0.107, li_recovered:  8.486, time: 0.0066551259988045786
L: 0.50, u_super: 0.00762, sec: 433.155, prod: 0.172253, t_ads: 25.7, t_des: 23.1, bed_util_ads: 0.500, bed_util_des: 0.500, des_th: 0.4998962663807075,frac_lost: 0.108, li_recovered:  8.400, time: 0.0056315660003747325
L: 0.50, u_super: 0.00850, sec: 487.368, prod: 0.192269, t_ads: 23.0, t_des: 20.6, bed_util_ads: 0.500, bed_util_des: 0.500, des_th: 0.49998087953862413,frac_lost: 0.106, li_recovered:  8.385, time: 0.005759649000538047
L: 0.50, u_super: 0.00735, sec: 414.460, prod: 0.166692, t_ads: 26.4, t_des: 23.9, bed_util_ads: 0.499, bed_util_des: 0.498, des_th: 0.49848476495025734,frac_lost: 0.100, li_recovered:  8.378, time: 0.005635096000332851
L: 0.50, u_super: 0.00211, sec: 114.909, prod: 0.046298, t_ads: 91.3, t_des: 90.4, bed_util_ads: 0.482, bed_util_des: 0.481, des_th: 0.4815467650058251,frac_lost: 0.106, li_recovered:  8.416, time: 0.006064224000510876
L: 13.15, u_super: 0.00293 — INFEASIBLE (li_recovered=0.000e+00), time: 0.0017086549996747635
L: 0.50, u_super: 0.00170, sec: 91.927, prod: 0.037416, t_ads: 112.3, t_des: 99.7, bed_util_ads: 0.493, bed_util_des: 0.493, des_th: 0.49271588636448876,frac_lost: 0.104, li_recovered:  7.933, time: 0.005351956000595237
L: 0.50, u_super: 0.00378, sec: 205.842, prod: 0.084746, t_ads: 51.5, t_des: 46.0, bed_util_ads: 0.498, bed_util_des: 0.498, des_th: 0.49769459116832,frac_lost: 0.108, li_recovered:  8.262, time: 0.006455005999669083
L: 0.50, u_super: 0.00844, sec: 501.468, prod: 0.184277, t_ads: 23.2, t_des: 24.0, bed_util_ads: 0.482, bed_util_des: 0.482, des_th: 0.4815467650058251,frac_lost: 0.106, li_recovered:  8.692, time: 0.006089743999837083
L: 16.82, u_super: 0.00420 — INFEASIBLE (li_recovered=0.000e+00), time: 0.0019497160010359949
L: 0.50, u_super: 0.00005, sec: 4.324, prod: 0.000670, t_ads: 3436.3, t_des: 5867.0, bed_util_ads: 0.253, bed_util_des: 0.185, des_th: 0.1851696623157332,frac_lost: 0.103, li_recovered:  6.229, time: 0.006549140000061016
L: 0.50, u_super: 0.00505, sec: 277.712, prod: 0.114121, t_ads: 38.4, t_des: 34.8, bed_util_ads: 0.498, bed_util_des: 0.497, des_th: 0.49750784535461257,frac_lost: 0.102, li_recovered:  8.346, time: 0.008195151000109036
L: 0.50, u_super: 0.00727, sec: 449.119, prod: 0.150524, t_ads: 26.9, t_des: 30.9, bed_util_ads: 0.469, bed_util_des: 0.468, des_th: 0.4684921567653966,frac_lost: 0.107, li_recovered:  8.699, time: 0.008092336000117939
L: 0.50, u_super: 0.00083, sec: 48.427, prod: 0.016685, t_ads: 225.8, t_des: 258.5, bed_util_ads: 0.451, bed_util_des: 0.447, des_th: 0.4476698018315467,frac_lost: 0.102, li_recovered:  8.081, time: 0.005427271000371547
L: 0.50, u_super: 0.00986, sec: 573.830, prod: 0.223530, t_ads: 19.8, t_des: 18.0, bed_util_ads: 0.500, bed_util_des: 0.499, des_th: 0.49941800771673645,frac_lost: 0.105, li_recovered:  8.449, time: 0.005988249999063555
L: 34.07, u_super: 0.00927 — INFEASIBLE (li_recovered=0.000e+00), time: 0.001363923000099021
L: 0.50, u_super: 0.00174, sec: 93.938, prod: 0.038315, t_ads: 109.5, t_des: 106.9, bed_util_ads: 0.482, bed_util_des: 0.481, des_th: 0.48155162041796534,frac_lost: 0.100, li_recovered:  8.295, time: 0.00535379900065891
L: 0.50, u_super: 0.00264, sec: 141.828, prod: 0.059017, t_ads: 72.9, t_des: 67.4, bed_util_ads: 0.493, bed_util_des: 0.493, des_th: 0.49271588636448876,frac_lost: 0.102, li_recovered:  8.280, time: 0.006181583001307445
L: 0.50, u_super: 0.00238, sec: 128.989, prod: 0.052575, t_ads: 81.0, t_des: 70.2, bed_util_ads: 0.499, bed_util_des: 0.498, des_th: 0.4984309849902882,frac_lost: 0.104, li_recovered:  7.950, time: 0.00477905799925793
L: 0.50, u_super: 0.00573, sec: 317.078, prod: 0.129602, t_ads: 33.8, t_des: 31.0, bed_util_ads: 0.497, bed_util_des: 0.496, des_th: 0.4964802839323999,frac_lost: 0.101, li_recovered:  8.411, time: 0.008322775998749421
L: 3.24, u_super: 0.00595 — INFEASIBLE (li_recovered=0.000e+00), time: 0.004385825999634108
L: 0.50, u_super: 0.00800, sec: 456.673, prod: 0.180899, t_ads: 24.5, t_des: 22.5, bed_util_ads: 0.497, bed_util_des: 0.497, des_th: 0.49668149922048593,frac_lost: 0.107, li_recovered:  8.494, time: 0.008019356000659172
L: 0.50, u_super: 0.00134, sec: 72.357, prod: 0.029117, t_ads: 143.2, t_des: 136.6, bed_util_ads: 0.482, bed_util_des: 0.481, des_th: 0.4807685336910805,frac_lost: 0.107, li_recovered:  8.144, time: 0.004397024998979759
L: 7.68, u_super: 0.00374 — INFEASIBLE (li_recovered=0.000e+00), time: 0.0023420480010827305
L: 37.10, u_super: 0.00990 — INFEASIBLE (li_recovered=0.000e+00), time: 0.0014291190000221832
L: 0.50, u_super: 0.00234, sec: 126.056, prod: 0.052167, t_ads: 82.3, t_des: 74.9, bed_util_ads: 0.493, bed_util_des: 0.493, des_th: 0.4927485724077314,frac_lost: 0.105, li_recovered:  8.200, time: 0.0049423710006522015
L: 0.50, u_super: 0.00663, sec: 370.745, prod: 0.150070, t_ads: 29.3, t_des: 26.8, bed_util_ads: 0.498, bed_util_des: 0.498, des_th: 0.49756325914754224,frac_lost: 0.102, li_recovered:  8.414, time: 0.00785590899977251
L: 0.50, u_super: 0.00438, sec: 239.787, prod: 0.098288, t_ads: 44.4, t_des: 39.3, bed_util_ads: 0.500, bed_util_des: 0.500, des_th: 0.49967334786164896,frac_lost: 0.105, li_recovered:  8.224, time: 0.004143325000768527
   700 |    28000 |     40 |  0.0025379406 |             f
L: 0.50, u_super: 0.00146, sec: 78.750, prod: 0.031937, t_ads: 131.0, t_des: 125.0, bed_util_ads: 0.483, bed_util_des: 0.482, des_th: 0.4815467650058251,frac_lost: 0.105, li_recovered:  8.176, time: 0.005628507000437821
L: 0.50, u_super: 0.00290, sec: 1242.022, prod: 0.008152, t_ads: 68.1, t_des: 1010.7, bed_util_ads: 0.194, bed_util_des: 0.185, des_th: 0.1851696623157332,frac_lost: 0.107, li_recovered:  8.793, time: 0.0412161610001931
L: 0.50, u_super: 0.00937, sec: 542.417, prod: 0.212623, t_ads: 20.8, t_des: 18.9, bed_util_ads: 0.499, bed_util_des: 0.499, des_th: 0.4993931245196211,frac_lost: 0.104, li_recovered:  8.444, time: 0.005208582999330247
L: 15.77, u_super: 0.00890 — INFEASIBLE (li_recovered=0.000e+00), time: 0.0021660480015270878
L: 0.50, u_super: 0.00826, sec: 471.309, prod: 0.187566, t_ads: 23.5, t_des: 21.2, bed_util_ads: 0.499, bed_util_des: 0.499, des_th: 0.4993697906945933,frac_lost: 0.100, li_recovered:  8.378, time: 0.006667530000413535
L: 0.50, u_super: 0.00123, sec: 66.694, prod: 0.026849, t_ads: 154.1, t_des: 144.9, bed_util_ads: 0.483, bed_util_des: 0.482, des_th: 0.48155162041796534,frac_lost: 0.104, li_recovered:  8.028, time: 0.006366503999743145
L: 0.50, u_super: 0.00215, sec: 115.598, prod: 0.047685, t_ads: 89.9, t_des: 82.0, bed_util_ads: 0.492, bed_util_des: 0.492, des_th: 0.49167629063546964,frac_lost: 0.107, li_recovered:  8.194, time: 0.005984186000205227
L: 0.50, u_super: 0.00349, sec: 189.744, prod: 0.077962, t_ads: 55.8, t_des: 49.2, bed_util_ads: 0.500, bed_util_des: 0.500, des_th: 0.49967334786164896,frac_lost: 0.108, li_recovered:  8.185, time: 0.005378101999667706
L: 0.50, u_super: 0.00534, sec: 294.646, prod: 0.120549, t_ads: 36.3, t_des: 32.5, bed_util_ads: 0.499, bed_util_des: 0.499, des_th: 0.4993334179740258,frac_lost: 0.102, li_recovered:  8.302, time: 0.005105958000058308
L: 0.50, u_super: 0.00433, sec: 236.741, prod: 0.097304, t_ads: 44.9, t_des: 40.1, bed_util_ads: 0.500, bed_util_des: 0.499, des_th: 0.4993334179740258,frac_lost: 0.105, li_recovered:  8.269, time: 0.004490358998737065
L: 0.50, u_super: 0.00720, sec: 406.706, prod: 0.162821, t_ads: 26.9, t_des: 25.5, bed_util_ads: 0.494, bed_util_des: 0.493, des_th: 0.4934169176801583,frac_lost: 0.101, li_recovered:  8.541, time: 0.004823765999390162
L: 0.50, u_super: 0.00455, sec: 249.196, prod: 0.102286, t_ads: 42.8, t_des: 38.1, bed_util_ads: 0.500, bed_util_des: 0.499, des_th: 0.4995309367733678,frac_lost: 0.105, li_recovered:  8.276, time: 0.005605551999906311
L: 0.50, u_super: 0.00639, sec: 356.804, prod: 0.144446, t_ads: 30.4, t_des: 27.1, bed_util_ads: 0.500, bed_util_des: 0.500, des_th: 0.49981107756603305,frac_lost: 0.102, li_recovered:  8.311, time: 0.005006760999094695
L: 0.50, u_super: 0.00013, sec: 12.047, prod: 0.001511, t_ads: 1499.3, t_des: 3621.4, bed_util_ads: 0.281, bed_util_des: 0.220, des_th: 0.2204295088703106,frac_lost: 0.103, li_recovered:  7.739, time: 0.0070617190012853825
L: 12.41, u_super: 0.00315 — INFEASIBLE (li_recovered=0.000e+00), time: 0.001409149999744841
L: 0.50, u_super: 0.00513, sec: 282.232, prod: 0.115669, t_ads: 37.8, t_des: 33.9, bed_util_ads: 0.499, bed_util_des: 0.499, des_th: 0.49933894057275424,frac_lost: 0.102, li_recovered:  8.302, time: 0.004997457001081784
L: 0.50, u_super: 0.00989, sec: 652.816, prod: 0.198127, t_ads: 19.7, t_des: 24.3, bed_util_ads: 0.461, bed_util_des: 0.461, des_th: 0.46102615560149385,frac_lost: 0.104, li_recovered:  8.719, time: 0.009057867000592523
L: 11.99, u_super: 0.00940 — INFEASIBLE (li_recovered=0.000e+00), time: 0.003485907000140287
L: 0.50, u_super: 0.00920, sec: 532.483, prod: 0.208313, t_ads: 21.3, t_des: 19.3, bed_util_ads: 0.500, bed_util_des: 0.500, des_th: 0.49987124587477655,frac_lost: 0.108, li_recovered:  8.446, time: 0.004825936999623082
L: 0.50, u_super: 0.00015 — INFEASIBLE (li_recovered=0.000e+00), time: 0.0019096760006505065
L: 0.50, u_super: 0.00577, sec: 319.613, prod: 0.130375, t_ads: 33.6, t_des: 30.1, bed_util_ads: 0.499, bed_util_des: 0.499, des_th: 0.49933894057275424,frac_lost: 0.101, li_recovered:  8.306, time: 0.006120329000623315
L: 0.50, u_super: 0.00049, sec: 28.582, prod: 0.009846, t_ads: 369.9, t_des: 395.3, bed_util_ads: 0.447, bed_util_des: 0.442, des_th: 0.4420781590856558,frac_lost: 0.103, li_recovered:  7.535, time: 0.005549735000386136
L: 0.50, u_super: 0.00710, sec: 400.687, prod: 0.160256, t_ads: 27.6, t_des: 24.7, bed_util_ads: 0.500, bed_util_des: 0.499, des_th: 0.49941889772439607,frac_lost: 0.108, li_recovered:  8.386, time: 0.00545349499952863
L: 0.50, u_super: 0.00575, sec: 318.681, prod: 0.130036, t_ads: 33.8, t_des: 30.6, bed_util_ads: 0.498, bed_util_des: 0.498, des_th: 0.49827727836328034,frac_lost: 0.102, li_recovered:  8.368, time: 0.005132082000272931
L: 0.50, u_super: 0.00311, sec: 172.314, prod: 0.068029, t_ads: 62.5, t_des: 63.2, bed_util_ads: 0.482, bed_util_des: 0.482, des_th: 0.48157551560227935,frac_lost: 0.107, li_recovered:  8.550, time: 0.004524898000454414
L: 0.50, u_super: 0.00476, sec: 260.996, prod: 0.107299, t_ads: 40.8, t_des: 37.3, bed_util_ads: 0.497, bed_util_des: 0.497, des_th: 0.49696091565322786,frac_lost: 0.104, li_recovered:  8.385, time: 0.006407961000149953
L: 0.50, u_super: 0.00573, sec: 317.290, prod: 0.129395, t_ads: 33.9, t_des: 30.4, bed_util_ads: 0.500, bed_util_des: 0.500, des_th: 0.49967334786164896,frac_lost: 0.102, li_recovered:  8.318, time: 0.0042651129988371395
L: 0.50, u_super: 0.00774, sec: 440.532, prod: 0.174626, t_ads: 25.3, t_des: 23.5, bed_util_ads: 0.497, bed_util_des: 0.497, des_th: 0.49668149922048593,frac_lost: 0.108, li_recovered:  8.520, time: 0.006363062999298563
L: 0.50, u_super: 0.00874, sec: 502.506, prod: 0.197880, t_ads: 22.4, t_des: 20.3, bed_util_ads: 0.499, bed_util_des: 0.499, des_th: 0.4990964672051338,frac_lost: 0.106, li_recovered:  8.444, time: 0.008124087000396685
L: 0.50, u_super: 0.00366, sec: 198.954, prod: 0.082100, t_ads: 53.1, t_des: 47.5, bed_util_ads: 0.498, bed_util_des: 0.498, des_th: 0.4976894762316428,frac_lost: 0.106, li_recovered:  8.252, time: 0.005902733000766602
L: 0.50, u_super: 0.00919, sec: 530.534, prod: 0.208263, t_ads: 21.2, t_des: 19.3, bed_util_ads: 0.500, bed_util_des: 0.499, des_th: 0.4994547811048937,frac_lost: 0.104, li_recovered:  8.441, time: 0.008270030999483424
L: 0.50, u_super: 0.00016, sec: 20.495, prod: 0.001417, t_ads: 1240.5, t_des: 4727.0, bed_util_ads: 0.253, bed_util_des: 0.185, des_th: 0.1851696623157332,frac_lost: 0.101, li_recovered:  8.453, time: 0.010242447000564425
L: 0.50, u_super: 0.00018 — INFEASIBLE (li_recovered=0.000e+00), time: 0.0016621529994154116
L: 0.50, u_super: 0.00268, sec: 144.255, prod: 0.059976, t_ads: 71.8, t_des: 66.3, bed_util_ads: 0.493, bed_util_des: 0.492, des_th: 0.49212847239906515,frac_lost: 0.103, li_recovered:  8.287, time: 0.005096888999105431
L: 0.50, u_super: 0.00558, sec: 308.593, prod: 0.126095, t_ads: 34.8, t_des: 31.2, bed_util_ads: 0.499, bed_util_des: 0.499, des_th: 0.49933894057275424,frac_lost: 0.102, li_recovered:  8.323, time: 0.004431958999703056
L: 0.50, u_super: 0.00612, sec: 340.501, prod: 0.138650, t_ads: 31.7, t_des: 28.7, bed_util_ads: 0.499, bed_util_des: 0.499, des_th: 0.49855089891250154,frac_lost: 0.101, li_recovered:  8.369, time: 0.0065887790005945135
L: 0.50, u_super: 0.00800, sec: 456.767, prod: 0.180862, t_ads: 24.5, t_des: 22.1, bed_util_ads: 0.499, bed_util_des: 0.499, des_th: 0.49898896085713906,frac_lost: 0.109, li_recovered:  8.437, time: 0.00816578100057086
L: 0.50, u_super: 0.00894, sec: 514.964, prod: 0.202379, t_ads: 21.9, t_des: 19.8, bed_util_ads: 0.500, bed_util_des: 0.499, des_th: 0.4993931245196211,frac_lost: 0.106, li_recovered:  8.435, time: 0.008031100000152946
L: 0.50, u_super: 0.00735, sec: 433.509, prod: 0.159367, t_ads: 26.6, t_des: 27.9, bed_util_ads: 0.481, bed_util_des: 0.480, des_th: 0.4804460251056038,frac_lost: 0.106, li_recovered:  8.686, time: 0.006007126001350116
L: 0.50, u_super: 0.00270, sec: 144.942, prod: 0.060260, t_ads: 71.5, t_des: 66.1, bed_util_ads: 0.492, bed_util_des: 0.492, des_th: 0.4918946029942884,frac_lost: 0.103, li_recovered:  8.290, time: 0.0045472549991245614
   701 |    28040 |     40 |  0.0029753173 |             f
L: 0.50, u_super: 0.00174, sec: 93.996, prod: 0.038291, t_ads: 109.7, t_des: 107.0, bed_util_ads: 0.482, bed_util_des: 0.481, des_th: 0.48104136711588136,frac_lost: 0.101, li_recovered:  8.298, time: 0.007469534999472671
L: 0.50, u_super: 0.00722, sec: 408.140, prod: 0.163053, t_ads: 27.1, t_des: 24.4, bed_util_ads: 0.500, bed_util_des: 0.499, des_th: 0.49942353325447775,frac_lost: 0.108, li_recovered:  8.394, time: 0.004313359999287059
L: 24.66, u_super: 0.00049 — INFEASIBLE (li_recovered=0.000e+00), time: 0.0007535410004493315
L: 0.50, u_super: 0.00684, sec: 390.675, prod: 0.152372, t_ads: 28.6, t_des: 28.1, bed_util_ads: 0.489, bed_util_des: 0.488, des_th: 0.4883650608994042,frac_lost: 0.108, li_recovered:  8.632, time: 0.004635854998923605
L: 4.92, u_super: 0.00345 — INFEASIBLE (li_recovered=0.000e+00), time: 0.002062368999759201
L: 0.50, u_super: 0.00971, sec: 629.956, prod: 0.197178, t_ads: 20.1, t_des: 24.1, bed_util_ads: 0.465, bed_util_des: 0.464, des_th: 0.46414863303570714,frac_lost: 0.104, li_recovered:  8.718, time: 0.005616143000224838
L: 0.50, u_super: 0.00756, sec: 427.887, prod: 0.171419, t_ads: 25.7, t_des: 23.2, bed_util_ads: 0.500, bed_util_des: 0.500, des_th: 0.49989084388900995,frac_lost: 0.102, li_recovered:  8.384, time: 0.005115215999467182
L: 0.50, u_super: 0.00083, sec: 47.273, prod: 0.017093, t_ads: 226.1, t_des: 244.9, bed_util_ads: 0.459, bed_util_des: 0.455, des_th: 0.4554673034312412,frac_lost: 0.104, li_recovered:  8.051, time: 0.006606527000258211
L: 0.50, u_super: 0.00020, sec: 25.792, prod: 0.001799, t_ads: 975.1, t_des: 3698.7, bed_util_ads: 0.264, bed_util_des: 0.206, des_th: 0.20562737299500594,frac_lost: 0.101, li_recovered:  8.408, time: 0.01122299800044857
L: 0.50, u_super: 0.00826, sec: 472.785, prod: 0.186981, t_ads: 23.7, t_des: 21.5, bed_util_ads: 0.500, bed_util_des: 0.499, des_th: 0.49941455599575446,frac_lost: 0.107, li_recovered:  8.446, time: 0.005470115000207443
L: 22.91, u_super: 0.00558 — INFEASIBLE (li_recovered=0.000e+00), time: 0.0013121669999236474
L: 0.50, u_super: 0.00565, sec: 312.714, prod: 0.127529, t_ads: 34.4, t_des: 30.8, bed_util_ads: 0.499, bed_util_des: 0.499, des_th: 0.4990964672051338,frac_lost: 0.103, li_recovered:  8.319, time: 0.003971199999796227
L: 0.50, u_super: 0.00944, sec: 547.299, prod: 0.214002, t_ads: 20.7, t_des: 18.8, bed_util_ads: 0.500, bed_util_des: 0.500, des_th: 0.4998069125930654,frac_lost: 0.105, li_recovered:  8.451, time: 0.006535078000524663
L: 0.50, u_super: 0.00576, sec: 319.422, prod: 0.130123, t_ads: 33.7, t_des: 31.3, bed_util_ads: 0.495, bed_util_des: 0.495, des_th: 0.4949378630384956,frac_lost: 0.103, li_recovered:  8.461, time: 0.004649919999792473
L: 13.08, u_super: 0.00005 — INFEASIBLE (li_recovered=0.000e+00), time: 0.0008784960009506904
L: 0.50, u_super: 0.00850, sec: 487.320, prod: 0.192287, t_ads: 23.0, t_des: 20.7, bed_util_ads: 0.500, bed_util_des: 0.500, des_th: 0.4999351397713541,frac_lost: 0.106, li_recovered:  8.399, time: 0.0046423830008279765
L: 0.50, u_super: 0.00744, sec: 421.548, prod: 0.168131, t_ads: 26.3, t_des: 24.1, bed_util_ads: 0.497, bed_util_des: 0.497, des_th: 0.49668149922048593,frac_lost: 0.107, li_recovered:  8.477, time: 0.00598140100009914
L: 0.50, u_super: 0.00412, sec: 224.518, prod: 0.092535, t_ads: 47.2, t_des: 42.1, bed_util_ads: 0.499, bed_util_des: 0.499, des_th: 0.4991104026585715,frac_lost: 0.104, li_recovered:  8.263, time: 0.004444567999598803
L: 0.50, u_super: 0.00238, sec: 128.215, prod: 0.052893, t_ads: 81.0, t_des: 72.1, bed_util_ads: 0.497, bed_util_des: 0.496, des_th: 0.49629490653914704,frac_lost: 0.104, li_recovered:  8.097, time: 0.004225672000757186
L: 0.50, u_super: 0.00026, sec: 41.607, prod: 0.001882, t_ads: 759.7, t_des: 3826.2, bed_util_ads: 0.249, bed_util_des: 0.194, des_th: 0.19421817139395356,frac_lost: 0.101, li_recovered:  8.630, time: 0.012116515999878175
L: 0.50, u_super: 0.00862, sec: 494.840, prod: 0.195080, t_ads: 22.7, t_des: 20.6, bed_util_ads: 0.499, bed_util_des: 0.499, des_th: 0.4991015798457696,frac_lost: 0.107, li_recovered:  8.447, time: 0.004842066000492196
L: 0.50, u_super: 0.00978, sec: 568.490, prod: 0.221769, t_ads: 20.0, t_des: 18.2, bed_util_ads: 0.500, bed_util_des: 0.499, des_th: 0.4994536602597069,frac_lost: 0.104, li_recovered:  8.456, time: 0.006059810000806465
L: 0.50, u_super: 0.00772, sec: 475.907, prod: 0.161134, t_ads: 25.3, t_des: 28.7, bed_util_ads: 0.471, bed_util_des: 0.470, des_th: 0.47020158640703547,frac_lost: 0.107, li_recovered:  8.702, time: 0.0057045300000027055
L: 0.50, u_super: 0.00293, sec: 157.956, prod: 0.065727, t_ads: 65.6, t_des: 61.2, bed_util_ads: 0.491, bed_util_des: 0.491, des_th: 0.49093885369280044,frac_lost: 0.101, li_recovered:  8.340, time: 0.005835206000483595
L: 0.50, u_super: 0.00211, sec: 120.608, prod: 0.044110, t_ads: 91.2, t_des: 101.2, bed_util_ads: 0.467, bed_util_des: 0.466, des_th: 0.4656259241677146,frac_lost: 0.104, li_recovered:  8.491, time: 0.004806760000064969
L: 0.50, u_super: 0.00349, sec: 189.487, prod: 0.078067, t_ads: 55.3, t_des: 48.6, bed_util_ads: 0.500, bed_util_des: 0.499, des_th: 0.499347123941598,frac_lost: 0.101, li_recovered:  8.110, time: 0.004881811999439378
L: 0.50, u_super: 0.00612, sec: 340.928, prod: 0.138476, t_ads: 31.7, t_des: 28.4, bed_util_ads: 0.500, bed_util_des: 0.500, des_th: 0.49982025462800467,frac_lost: 0.101, li_recovered:  8.314, time: 0.004739080999570433
L: 0.50, u_super: 0.00870, sec: 500.278, prod: 0.196923, t_ads: 22.5, t_des: 20.7, bed_util_ads: 0.498, bed_util_des: 0.498, des_th: 0.49769459116832,frac_lost: 0.106, li_recovered:  8.499, time: 0.004327894999732962
L: 0.50, u_super: 0.00420, sec: 232.501, prod: 0.093075, t_ads: 46.4, t_des: 45.7, bed_util_ads: 0.486, bed_util_des: 0.486, des_th: 0.48574211940358314,frac_lost: 0.106, li_recovered:  8.572, time: 0.005339366998668993
L: 27.35, u_super: 0.00315 — INFEASIBLE (li_recovered=0.000e+00), time: 0.0008619660002295859
L: 10.11, u_super: 0.00489 — INFEASIBLE (li_recovered=0.000e+00), time: 0.0019126890001643915
L: 64.13, u_super: 0.00238 — INFEASIBLE (li_recovered=0.000e+00), time: 0.000950936000663205
L: 0.50, u_super: 0.00046, sec: 26.758, prod: 0.009228, t_ads: 390.0, t_des: 367.5, bed_util_ads: 0.461, bed_util_des: 0.458, des_th: 0.4587051672430921,frac_lost: 0.105, li_recovered:  6.991, time: 0.0039280829987546895
L: 0.50, u_super: 0.00407, sec: 222.231, prod: 0.091500, t_ads: 47.7, t_des: 42.6, bed_util_ads: 0.499, bed_util_des: 0.499, des_th: 0.4990964672051338,frac_lost: 0.106, li_recovered:  8.260, time: 0.004768802999024047
L: 0.50, u_super: 0.00684, sec: 383.616, prod: 0.155176, t_ads: 28.3, t_des: 26.0, bed_util_ads: 0.498, bed_util_des: 0.498, des_th: 0.49769459116832,frac_lost: 0.100, li_recovered:  8.425, time: 0.004204738999760593
L: 0.50, u_super: 0.00696, sec: 395.779, prod: 0.155949, t_ads: 27.8, t_des: 27.4, bed_util_ads: 0.488, bed_util_des: 0.488, des_th: 0.4878447962756798,frac_lost: 0.100, li_recovered:  8.616, time: 0.0051433349999570055
L: 14.19, u_super: 0.00005 — INFEASIBLE (li_recovered=0.000e+00), time: 0.0009483279991400195
L: 0.50, u_super: 0.00264, sec: 141.979, prod: 0.058879, t_ads: 73.1, t_des: 65.8, bed_util_ads: 0.496, bed_util_des: 0.495, des_th: 0.4954982330231848,frac_lost: 0.103, li_recovered:  8.177, time: 0.0038193790005607298
L: 0.50, u_super: 0.00735, sec: 415.990, prod: 0.166124, t_ads: 26.6, t_des: 23.9, bed_util_ads: 0.500, bed_util_des: 0.499, des_th: 0.4993931245196211,frac_lost: 0.107, li_recovered:  8.385, time: 0.0040206360008596675
L: 0.50, u_super: 0.00201, sec: 109.067, prod: 0.044173, t_ads: 95.2, t_des: 82.3, bed_util_ads: 0.498, bed_util_des: 0.498, des_th: 0.4979366433548461,frac_lost: 0.102, li_recovered:  7.842, time: 0.0041605959995649755
   702 |    28080 |     40 |  0.0030918423 |             f
L: 0.50, u_super: 0.00513, sec: 282.232, prod: 0.115669, t_ads: 37.8, t_des: 33.9, bed_util_ads: 0.499, bed_util_des: 0.499, des_th: 0.49933894057275424,frac_lost: 0.102, li_recovered:  8.302, time: 0.004786964000231819
L: 0.50, u_super: 0.00296, sec: 159.407, prod: 0.066235, t_ads: 65.2, t_des: 60.8, bed_util_ads: 0.491, bed_util_des: 0.491, des_th: 0.4908818827078565,frac_lost: 0.102, li_recovered:  8.348, time: 0.006153520000225399
L: 0.50, u_super: 0.00736, sec: 416.974, prod: 0.166266, t_ads: 26.6, t_des: 24.4, bed_util_ads: 0.498, bed_util_des: 0.498, des_th: 0.49769459116832,frac_lost: 0.108, li_recovered:  8.481, time: 0.005490591000125278
L: 0.50, u_super: 0.00420, sec: 244.865, prod: 0.088375, t_ads: 46.3, t_des: 51.4, bed_util_ads: 0.472, bed_util_des: 0.471, des_th: 0.47140989465389016,frac_lost: 0.104, li_recovered:  8.632, time: 0.0069880169994576136
L: 0.50, u_super: 0.00303, sec: 163.598, prod: 0.067946, t_ads: 63.7, t_des: 59.3, bed_util_ads: 0.492, bed_util_des: 0.492, des_th: 0.49170504126147563,frac_lost: 0.103, li_recovered:  8.356, time: 0.004774864999490092
L: 0.50, u_super: 0.00174, sec: 93.961, prod: 0.038306, t_ads: 109.6, t_des: 106.9, bed_util_ads: 0.482, bed_util_des: 0.482, des_th: 0.48158885479936453,frac_lost: 0.101, li_recovered:  8.296, time: 0.004760937999890302
L: 0.50, u_super: 0.00112, sec: 61.392, prod: 0.023951, t_ads: 169.7, t_des: 170.9, bed_util_ads: 0.473, bed_util_des: 0.471, des_th: 0.470983084005921,frac_lost: 0.104, li_recovered:  8.157, time: 0.005785219000244979
L: 37.69, u_super: 0.00474 — INFEASIBLE (li_recovered=0.000e+00), time: 0.0024385550004808465
L: 0.50, u_super: 0.00988, sec: 578.489, prod: 0.222828, t_ads: 19.8, t_des: 18.8, bed_util_ads: 0.493, bed_util_des: 0.493, des_th: 0.49298276617547887,frac_lost: 0.104, li_recovered:  8.601, time: 0.005240649999905145
L: 0.50, u_super: 0.00639, sec: 356.338, prod: 0.144635, t_ads: 30.4, t_des: 27.8, bed_util_ads: 0.497, bed_util_des: 0.497, des_th: 0.4967118166572774,frac_lost: 0.102, li_recovered:  8.414, time: 0.005459863999931258
L: 0.50, u_super: 0.00020 — INFEASIBLE (li_recovered=0.000e+00), time: 0.0030448420002358034
L: 0.50, u_super: 0.00227, sec: 123.215, prod: 0.050155, t_ads: 84.9, t_des: 73.7, bed_util_ads: 0.499, bed_util_des: 0.499, des_th: 0.4990964672051338,frac_lost: 0.106, li_recovered:  7.954, time: 0.005472183000165387
L: 0.50, u_super: 0.00247, sec: 133.008, prod: 0.055152, t_ads: 77.9, t_des: 72.7, bed_util_ads: 0.491, bed_util_des: 0.491, des_th: 0.49073675890832963,frac_lost: 0.104, li_recovered:  8.310, time: 0.006560834999618237
L: 0.50, u_super: 0.00034 — INFEASIBLE (li_recovered=0.000e+00), time: 0.0036609880007745232
L: 0.50, u_super: 0.00263, sec: 142.410, prod: 0.058199, t_ads: 73.4, t_des: 63.7, bed_util_ads: 0.499, bed_util_des: 0.499, des_th: 0.4990964672051338,frac_lost: 0.103, li_recovered:  7.976, time: 0.00411032800002431
L: 0.50, u_super: 0.00639, sec: 386.085, prod: 0.133491, t_ads: 30.6, t_des: 34.5, bed_util_ads: 0.472, bed_util_des: 0.471, des_th: 0.47118366569064546,frac_lost: 0.106, li_recovered:  8.686, time: 0.005758625000453321
L: 0.50, u_super: 0.00825, sec: 471.691, prod: 0.186587, t_ads: 23.7, t_des: 21.2, bed_util_ads: 0.500, bed_util_des: 0.500, des_th: 0.4998115216882374,frac_lost: 0.106, li_recovered:  8.388, time: 0.0046697230009158375
L: 0.50, u_super: 0.00795, sec: 451.533, prod: 0.180439, t_ads: 24.4, t_des: 22.1, bed_util_ads: 0.499, bed_util_des: 0.499, des_th: 0.49927117437713736,frac_lost: 0.100, li_recovered:  8.394, time: 0.007521707000705646
L: 0.50, u_super: 0.00175, sec: 95.512, prod: 0.038075, t_ads: 109.1, t_des: 93.2, bed_util_ads: 0.498, bed_util_des: 0.498, des_th: 0.49769459116832,frac_lost: 0.103, li_recovered:  7.701, time: 0.006739616001141258
L: 0.50, u_super: 0.00490, sec: 269.450, prod: 0.110433, t_ads: 39.6, t_des: 35.4, bed_util_ads: 0.500, bed_util_des: 0.500, des_th: 0.4997277794890325,frac_lost: 0.104, li_recovered:  8.291, time: 0.005277393000142183
L: 0.50, u_super: 0.00839, sec: 480.334, prod: 0.189889, t_ads: 23.3, t_des: 20.9, bed_util_ads: 0.500, bed_util_des: 0.500, des_th: 0.49978595833333495,frac_lost: 0.105, li_recovered:  8.382, time: 0.0050392220000503585
L: 0.50, u_super: 0.00452, sec: 247.893, prod: 0.101694, t_ads: 43.1, t_des: 38.4, bed_util_ads: 0.500, bed_util_des: 0.500, des_th: 0.4995524139309563,frac_lost: 0.106, li_recovered:  8.283, time: 0.005740327000239631
L: 0.50, u_super: 0.00005, sec: 4.875, prod: 0.000594, t_ads: 3926.8, t_des: 9756.3, bed_util_ads: 0.229, bed_util_des: 0.129, des_th: 0.12962428532880066,frac_lost: 0.101, li_recovered:  8.126, time: 0.010453790999235935
L: 0.50, u_super: 0.00950, sec: 551.358, prod: 0.215272, t_ads: 20.6, t_des: 18.4, bed_util_ads: 0.500, bed_util_des: 0.500, des_th: 0.49994421650803617,frac_lost: 0.105, li_recovered:  8.400, time: 0.005684170999302296
L: 0.50, u_super: 0.00378, sec: 205.842, prod: 0.084746, t_ads: 51.5, t_des: 46.0, bed_util_ads: 0.498, bed_util_des: 0.498, des_th: 0.49769459116832,frac_lost: 0.108, li_recovered:  8.262, time: 0.004346093999629375
L: 0.50, u_super: 0.00238, sec: 128.953, prod: 0.052590, t_ads: 81.2, t_des: 70.5, bed_util_ads: 0.500, bed_util_des: 0.500, des_th: 0.49977478171183565,frac_lost: 0.106, li_recovered:  7.977, time: 0.007555918000434758
L: 0.50, u_super: 0.00920, sec: 531.557, prod: 0.208542, t_ads: 21.2, t_des: 19.2, bed_util_ads: 0.500, bed_util_des: 0.500, des_th: 0.499547093401856,frac_lost: 0.105, li_recovered:  8.437, time: 0.007661399000426172
L: 0.50, u_super: 0.00776, sec: 441.216, prod: 0.175408, t_ads: 25.2, t_des: 22.8, bed_util_ads: 0.500, bed_util_des: 0.499, des_th: 0.49941800771673645,frac_lost: 0.108, li_recovered:  8.433, time: 0.007534059001045534
L: 36.36, u_super: 0.00800 — INFEASIBLE (li_recovered=0.000e+00), time: 0.001790973999959533
L: 0.50, u_super: 0.00577, sec: 2507.592, prod: 0.016648, t_ads: 33.9, t_des: 493.4, bed_util_ads: 0.198, bed_util_des: 0.194, des_th: 0.19359865400798293,frac_lost: 0.103, li_recovered:  8.779, time: 0.038816212998426636
L: 0.50, u_super: 0.00833, sec: 476.682, prod: 0.188532, t_ads: 23.5, t_des: 21.6, bed_util_ads: 0.498, bed_util_des: 0.498, des_th: 0.4979366433548461,frac_lost: 0.106, li_recovered:  8.490, time: 0.005638791999444948
L: 0.50, u_super: 0.00958, sec: 557.549, prod: 0.216853, t_ads: 20.4, t_des: 19.0, bed_util_ads: 0.496, bed_util_des: 0.496, des_th: 0.49576022699819716,frac_lost: 0.106, li_recovered:  8.537, time: 0.004933357000481919
L: 0.50, u_super: 0.00493, sec: 3486.869, prod: 0.008640, t_ads: 39.8, t_des: 977.8, bed_util_ads: 0.160, bed_util_des: 0.154, des_th: 0.1535936541237599,frac_lost: 0.103, li_recovered:  8.792, time: 0.06469885600017733
L: 0.50, u_super: 0.00409, sec: 223.174, prod: 0.091701, t_ads: 47.7, t_des: 44.5, bed_util_ads: 0.493, bed_util_des: 0.493, des_th: 0.49271588636448876,frac_lost: 0.107, li_recovered:  8.451, time: 0.005520689999684691
L: 46.42, u_super: 0.00349 — INFEASIBLE (li_recovered=0.000e+00), time: 0.0008765370002947748
L: 0.50, u_super: 0.00946, sec: 548.210, prod: 0.214479, t_ads: 20.6, t_des: 18.7, bed_util_ads: 0.499, bed_util_des: 0.499, des_th: 0.49934422629509534,frac_lost: 0.105, li_recovered:  8.443, time: 0.005877263000002131
L: 0.50, u_super: 0.00989, sec: 576.390, prod: 0.223998, t_ads: 19.8, t_des: 18.2, bed_util_ads: 0.497, bed_util_des: 0.497, des_th: 0.4968282009316328,frac_lost: 0.106, li_recovered:  8.504, time: 0.005046419999416685
L: 0.50, u_super: 0.00702, sec: 440.451, prod: 0.142281, t_ads: 27.9, t_des: 33.3, bed_util_ads: 0.464, bed_util_des: 0.463, des_th: 0.4633229551741311,frac_lost: 0.106, li_recovered:  8.697, time: 0.00598857700060762
L: 8.51, u_super: 0.00781 — INFEASIBLE (li_recovered=0.000e+00), time: 0.002914679000241449
L: 0.50, u_super: 0.00568, sec: 314.766, prod: 0.128317, t_ads: 34.2, t_des: 30.6, bed_util_ads: 0.500, bed_util_des: 0.499, des_th: 0.4995045418543176,frac_lost: 0.103, li_recovered:  8.316, time: 0.004578177000439609
   703 |    28120 |     40 |  0.0017413148 |             f
L: 0.50, u_super: 0.00071 — INFEASIBLE (li_recovered=0.000e+00), time: 0.004065691000505467
L: 0.50, u_super: 0.00636, sec: 355.156, prod: 0.143980, t_ads: 30.6, t_des: 27.9, bed_util_ads: 0.498, bed_util_des: 0.498, des_th: 0.4975901741621912,frac_lost: 0.103, li_recovered:  8.417, time: 0.0050466190004954115
L: 0.50, u_super: 0.00481, sec: 263.839, prod: 0.108393, t_ads: 40.4, t_des: 36.9, bed_util_ads: 0.496, bed_util_des: 0.496, des_th: 0.4962090696352993,frac_lost: 0.105, li_recovered:  8.385, time: 0.0047158029992715456
L: 0.50, u_super: 0.00320, sec: 172.954, prod: 0.071427, t_ads: 60.7, t_des: 56.9, bed_util_ads: 0.491, bed_util_des: 0.491, des_th: 0.4906377360401781,frac_lost: 0.106, li_recovered:  8.406, time: 0.0040392299997620285
L: 16.02, u_super: 0.00736 — INFEASIBLE (li_recovered=0.000e+00), time: 0.0016683379999449244
L: 0.50, u_super: 0.00148, sec: 80.228, prod: 0.032471, t_ads: 128.7, t_des: 124.5, bed_util_ads: 0.483, bed_util_des: 0.481, des_th: 0.4815467650058251,frac_lost: 0.104, li_recovered:  8.222, time: 0.005649434999213554
L: 0.50, u_super: 0.00378, sec: 205.842, prod: 0.084746, t_ads: 51.5, t_des: 46.0, bed_util_ads: 0.498, bed_util_des: 0.498, des_th: 0.49769459116832,frac_lost: 0.108, li_recovered:  8.262, time: 0.004251188998750877
L: 0.50, u_super: 0.00894, sec: 514.652, prod: 0.202502, t_ads: 21.8, t_des: 19.7, bed_util_ads: 0.500, bed_util_des: 0.499, des_th: 0.4993992631828516,frac_lost: 0.104, li_recovered:  8.403, time: 0.004922686001009424
L: 47.78, u_super: 0.00771 — INFEASIBLE (li_recovered=0.000e+00), time: 0.0013979239993204828
L: 20.01, u_super: 0.00436 — INFEASIBLE (li_recovered=0.000e+00), time: 0.0012847660000261385
L: 0.50, u_super: 0.00831, sec: 475.875, prod: 0.188128, t_ads: 23.5, t_des: 21.6, bed_util_ads: 0.498, bed_util_des: 0.498, des_th: 0.49769459116832,frac_lost: 0.106, li_recovered:  8.495, time: 0.004206964000331936
L: 0.50, u_super: 0.00051, sec: 28.986, prod: 0.010315, t_ads: 356.2, t_des: 342.6, bed_util_ads: 0.461, bed_util_des: 0.459, des_th: 0.4587586606961557,frac_lost: 0.102, li_recovered:  7.208, time: 0.004517262001172639
L: 0.50, u_super: 0.00170, sec: 91.881, prod: 0.037400, t_ads: 112.2, t_des: 109.5, bed_util_ads: 0.482, bed_util_des: 0.481, des_th: 0.4812684982297922,frac_lost: 0.101, li_recovered:  8.290, time: 0.008252964998973766
L: 18.93, u_super: 0.00986 — INFEASIBLE (li_recovered=0.000e+00), time: 0.003341745999932755
L: 14.34, u_super: 0.00404 — INFEASIBLE (li_recovered=0.000e+00), time: 0.0017504790012026206
L: 0.50, u_super: 0.00894, sec: 526.408, prod: 0.197980, t_ads: 21.8, t_des: 22.0, bed_util_ads: 0.486, bed_util_des: 0.486, des_th: 0.48574904468529234,frac_lost: 0.104, li_recovered:  8.675, time: 0.005855125999005395
L: 0.50, u_super: 0.00558, sec: 310.864, prod: 0.125237, t_ads: 34.7, t_des: 33.7, bed_util_ads: 0.489, bed_util_des: 0.489, des_th: 0.48881753564843283,frac_lost: 0.101, li_recovered:  8.568, time: 0.00572606500099937
L: 0.50, u_super: 0.00542, sec: 299.221, prod: 0.122417, t_ads: 35.8, t_des: 32.1, bed_util_ads: 0.499, bed_util_des: 0.498, des_th: 0.49845985252123504,frac_lost: 0.101, li_recovered:  8.303, time: 0.00702465399990615
L: 0.50, u_super: 0.00525, sec: 322.344, prod: 0.106489, t_ads: 36.9, t_des: 44.4, bed_util_ads: 0.462, bed_util_des: 0.461, des_th: 0.46102615560149385,frac_lost: 0.101, li_recovered:  8.662, time: 0.008350461999725667
L: 0.50, u_super: 0.00687, sec: 386.682, prod: 0.155078, t_ads: 28.5, t_des: 26.2, bed_util_ads: 0.497, bed_util_des: 0.497, des_th: 0.49681623366340616,frac_lost: 0.108, li_recovered:  8.475, time: 0.006411612999727367
L: 31.90, u_super: 0.00032 — INFEASIBLE (li_recovered=0.000e+00), time: 0.0012736219996440923
L: 0.50, u_super: 0.00107, sec: 65.656, prod: 0.020667, t_ads: 176.4, t_des: 223.6, bed_util_ads: 0.442, bed_util_des: 0.438, des_th: 0.4380847646562218,frac_lost: 0.101, li_recovered:  8.268, time: 0.007597343999805162
L: 0.50, u_super: 0.00005, sec: 4.324, prod: 0.000670, t_ads: 3436.3, t_des: 5867.0, bed_util_ads: 0.253, bed_util_des: 0.185, des_th: 0.1851696623157332,frac_lost: 0.103, li_recovered:  6.229, time: 0.009421931999895605
L: 0.50, u_super: 0.00225, sec: 121.218, prod: 0.050027, t_ads: 85.9, t_des: 78.0, bed_util_ads: 0.493, bed_util_des: 0.493, des_th: 0.49271588636448876,frac_lost: 0.107, li_recovered:  8.199, time: 0.00626645699958317
L: 19.51, u_super: 0.00322 — INFEASIBLE (li_recovered=0.000e+00), time: 0.0016505470011907164
L: 30.57, u_super: 0.00452 — INFEASIBLE (li_recovered=0.000e+00), time: 0.0013435380005830666
L: 0.50, u_super: 0.00800, sec: 456.673, prod: 0.180899, t_ads: 24.5, t_des: 22.5, bed_util_ads: 0.497, bed_util_des: 0.497, des_th: 0.49668149922048593,frac_lost: 0.107, li_recovered:  8.494, time: 0.004373188001409289
L: 0.50, u_super: 0.00005, sec: 4.336, prod: 0.000668, t_ads: 3545.8, t_des: 6378.9, bed_util_ads: 0.249, bed_util_des: 0.175, des_th: 0.17498239584451436,frac_lost: 0.102, li_recovered:  6.626, time: 0.0065566759985813405
L: 0.50, u_super: 0.00796, sec: 451.915, prod: 0.180519, t_ads: 24.4, t_des: 22.6, bed_util_ads: 0.497, bed_util_des: 0.497, des_th: 0.49668149922048593,frac_lost: 0.100, li_recovered:  8.474, time: 0.006959950000236859
L: 0.50, u_super: 0.00693, sec: 388.861, prod: 0.157120, t_ads: 28.0, t_des: 25.7, bed_util_ads: 0.498, bed_util_des: 0.498, des_th: 0.49753528464290503,frac_lost: 0.101, li_recovered:  8.431, time: 0.006059973999072099
L: 0.50, u_super: 0.00349, sec: 189.750, prod: 0.077959, t_ads: 55.8, t_des: 49.1, bed_util_ads: 0.500, bed_util_des: 0.499, des_th: 0.4994511189208383,frac_lost: 0.107, li_recovered:  8.175, time: 0.009183438000036404
L: 0.50, u_super: 0.00575, sec: 318.657, prod: 0.130105, t_ads: 33.7, t_des: 30.2, bed_util_ads: 0.500, bed_util_des: 0.499, des_th: 0.49941800771673645,frac_lost: 0.100, li_recovered:  8.314, time: 0.0072382279995508725
L: 0.50, u_super: 0.00086, sec: 48.251, prod: 0.018072, t_ads: 217.7, t_des: 226.7, bed_util_ads: 0.464, bed_util_des: 0.461, des_th: 0.46102615560149385,frac_lost: 0.104, li_recovered:  8.033, time: 0.005879322001419496
L: 0.50, u_super: 0.00420, sec: 229.376, prod: 0.094343, t_ads: 46.3, t_des: 41.3, bed_util_ads: 0.500, bed_util_des: 0.499, des_th: 0.499328097474065,frac_lost: 0.106, li_recovered:  8.268, time: 0.005414553001173772
L: 16.73, u_super: 0.00597 — INFEASIBLE (li_recovered=0.000e+00), time: 0.0014851319992885692
L: 0.50, u_super: 0.00301, sec: 162.349, prod: 0.067381, t_ads: 64.2, t_des: 59.8, bed_util_ads: 0.491, bed_util_des: 0.491, des_th: 0.49093885369280044,frac_lost: 0.103, li_recovered:  8.358, time: 0.004923241000142298
L: 53.37, u_super: 0.00684 — INFEASIBLE (li_recovered=0.000e+00), time: 0.0016774340001575183
L: 0.50, u_super: 0.00005, sec: 4.324, prod: 0.000669, t_ads: 3431.3, t_des: 5857.7, bed_util_ads: 0.252, bed_util_des: 0.185, des_th: 0.1851696623157332,frac_lost: 0.102, li_recovered:  6.219, time: 0.005916632000662503
L: 0.50, u_super: 0.00612, sec: 341.005, prod: 0.138445, t_ads: 31.7, t_des: 29.6, bed_util_ads: 0.495, bed_util_des: 0.494, des_th: 0.4945229833503073,frac_lost: 0.101, li_recovered:  8.490, time: 0.005361220999475336
L: 0.50, u_super: 0.00148, sec: 87.455, prod: 0.029788, t_ads: 129.1, t_des: 152.7, bed_util_ads: 0.456, bed_util_des: 0.453, des_th: 0.4531844319712465,frac_lost: 0.104, li_recovered:  8.392, time: 0.00867755000035686
   704 |    28160 |     40 |  0.0032260263 |             f
L: 0.50, u_super: 0.00225, sec: 121.126, prod: 0.050065, t_ads: 85.6, t_des: 79.8, bed_util_ads: 0.490, bed_util_des: 0.489, des_th: 0.4890098283518052,frac_lost: 0.105, li_recovered:  8.284, time: 0.005981898999380064
L: 0.50, u_super: 0.00851, sec: 488.112, prod: 0.192843, t_ads: 22.9, t_des: 20.8, bed_util_ads: 0.499, bed_util_des: 0.499, des_th: 0.4990964672051338,frac_lost: 0.106, li_recovered:  8.436, time: 0.004433252001035726
L: 0.50, u_super: 0.00542, sec: 416.423, prod: 0.087963, t_ads: 36.1, t_des: 62.8, bed_util_ads: 0.417, bed_util_des: 0.415, des_th: 0.41543597888727246,frac_lost: 0.107, li_recovered:  8.699, time: 0.007357027001489769
L: 0.50, u_super: 0.00659, sec: 368.136, prod: 0.149195, t_ads: 29.4, t_des: 26.7, bed_util_ads: 0.498, bed_util_des: 0.498, des_th: 0.49769459116832,frac_lost: 0.101, li_recovered:  8.373, time: 0.005640227000185405
L: 0.50, u_super: 0.00776, sec: 441.216, prod: 0.175408, t_ads: 25.2, t_des: 22.8, bed_util_ads: 0.500, bed_util_des: 0.499, des_th: 0.49941800771673645,frac_lost: 0.108, li_recovered:  8.433, time: 0.006263897999815526
L: 0.50, u_super: 0.00513, sec: 282.232, prod: 0.115669, t_ads: 37.8, t_des: 33.9, bed_util_ads: 0.499, bed_util_des: 0.499, des_th: 0.49933894057275424,frac_lost: 0.102, li_recovered:  8.302, time: 0.007552621000286308
L: 0.50, u_super: 0.00288, sec: 155.778, prod: 0.064026, t_ads: 67.2, t_des: 58.9, bed_util_ads: 0.499, bed_util_des: 0.499, des_th: 0.49898133670289324,frac_lost: 0.105, li_recovered:  8.078, time: 0.0047299489997385535
L: 1.87, u_super: 0.00946, sec: 2102.689, prod: 0.209350, t_ads: 76.2, t_des: 66.1, bed_util_ads: 0.500, bed_util_des: 0.500, des_th: 0.49978595833333495,frac_lost: 0.103, li_recovered:  29.806, time: 0.004552878999675158
L: 0.50, u_super: 0.00005 — INFEASIBLE (li_recovered=0.000e+00), time: 0.0015920999994705198
L: 0.50, u_super: 0.00684, sec: 386.937, prod: 0.153844, t_ads: 28.4, t_des: 27.5, bed_util_ads: 0.490, bed_util_des: 0.490, des_th: 0.48977297630199723,frac_lost: 0.101, li_recovered:  8.590, time: 0.007784741999785183
L: 0.50, u_super: 0.00148, sec: 80.251, prod: 0.032462, t_ads: 129.1, t_des: 123.8, bed_util_ads: 0.483, bed_util_des: 0.481, des_th: 0.4815467650058251,frac_lost: 0.106, li_recovered:  8.210, time: 0.006795483001042157
L: 0.50, u_super: 0.00924, sec: 534.558, prod: 0.209153, t_ads: 21.2, t_des: 19.2, bed_util_ads: 0.499, bed_util_des: 0.499, des_th: 0.4993490730320062,frac_lost: 0.107, li_recovered:  8.450, time: 0.005421653999292175
L: 0.50, u_super: 0.00595, sec: 330.016, prod: 0.134500, t_ads: 32.6, t_des: 29.3, bed_util_ads: 0.499, bed_util_des: 0.499, des_th: 0.498583112161468,frac_lost: 0.100, li_recovered:  8.316, time: 0.00527944799978286
L: 0.50, u_super: 0.00875, sec: 503.781, prod: 0.197960, t_ads: 22.4, t_des: 20.2, bed_util_ads: 0.499, bed_util_des: 0.499, des_th: 0.49924689806199246,frac_lost: 0.108, li_recovered:  8.438, time: 0.006086071998652187
L: 0.50, u_super: 0.00735, sec: 414.992, prod: 0.166544, t_ads: 26.4, t_des: 23.6, bed_util_ads: 0.499, bed_util_des: 0.499, des_th: 0.49937135901105706,frac_lost: 0.101, li_recovered:  8.334, time: 0.005593032999968273
L: 0.50, u_super: 0.00320, sec: 172.954, prod: 0.071427, t_ads: 60.7, t_des: 56.9, bed_util_ads: 0.491, bed_util_des: 0.491, des_th: 0.4906377360401781,frac_lost: 0.106, li_recovered:  8.406, time: 0.005322322998836171
L: 0.50, u_super: 0.00112 — INFEASIBLE (li_recovered=0.000e+00), time: 0.004426351999427425
L: 0.50, u_super: 0.00031, sec: 49.132, prod: 0.002216, t_ads: 642.4, t_des: 3244.9, bed_util_ads: 0.254, bed_util_des: 0.206, des_th: 0.20562737299500594,frac_lost: 0.102, li_recovered:  8.615, time: 0.01474139899983129
L: 0.50, u_super: 0.00543, sec: 300.299, prod: 0.122539, t_ads: 35.8, t_des: 32.0, bed_util_ads: 0.499, bed_util_des: 0.499, des_th: 0.49933894057275424,frac_lost: 0.104, li_recovered:  8.310, time: 0.004736436001621769
L: 0.50, u_super: 0.00916, sec: 529.513, prod: 0.207297, t_ads: 21.4, t_des: 19.6, bed_util_ads: 0.498, bed_util_des: 0.498, des_th: 0.49786099933844175,frac_lost: 0.107, li_recovered:  8.494, time: 0.005465689000629936
L: 0.50, u_super: 0.00086, sec: 47.475, prod: 0.018447, t_ads: 215.8, t_des: 199.5, bed_util_ads: 0.479, bed_util_des: 0.478, des_th: 0.4783101710945495,frac_lost: 0.102, li_recovered:  7.661, time: 0.004677332000937895
L: 0.50, u_super: 0.00228, sec: 127.054, prod: 0.048905, t_ads: 84.6, t_des: 89.1, bed_util_ads: 0.475, bed_util_des: 0.474, des_th: 0.4739749983229819,frac_lost: 0.104, li_recovered:  8.494, time: 0.0054580209998675855
L: 0.50, u_super: 0.00955, sec: 556.897, prod: 0.215521, t_ads: 20.5, t_des: 19.4, bed_util_ads: 0.494, bed_util_des: 0.493, des_th: 0.49345294558563,frac_lost: 0.105, li_recovered:  8.592, time: 0.004897464999885415
L: 0.50, u_super: 0.00661, sec: 369.217, prod: 0.149682, t_ads: 29.4, t_des: 26.9, bed_util_ads: 0.497, bed_util_des: 0.497, des_th: 0.4967118166572774,frac_lost: 0.101, li_recovered:  8.422, time: 0.004436683000676567
L: 0.50, u_super: 0.00407, sec: 221.677, prod: 0.091581, t_ads: 47.7, t_des: 43.7, bed_util_ads: 0.496, bed_util_des: 0.496, des_th: 0.4962090696352993,frac_lost: 0.105, li_recovered:  8.369, time: 0.007399242000246886
L: 0.50, u_super: 0.00349, sec: 189.487, prod: 0.078067, t_ads: 55.3, t_des: 48.6, bed_util_ads: 0.500, bed_util_des: 0.499, des_th: 0.499347123941598,frac_lost: 0.101, li_recovered:  8.110, time: 0.005050128000220866
L: 0.50, u_super: 0.00894, sec: 514.800, prod: 0.202444, t_ads: 21.9, t_des: 19.9, bed_util_ads: 0.499, bed_util_des: 0.499, des_th: 0.4989262305416711,frac_lost: 0.105, li_recovered:  8.452, time: 0.006602604000363499
L: 0.50, u_super: 0.00286, sec: 154.583, prod: 0.063611, t_ads: 67.5, t_des: 59.3, bed_util_ads: 0.500, bed_util_des: 0.499, des_th: 0.4995422841019757,frac_lost: 0.103, li_recovered:  8.068, time: 0.00549724299889931
L: 0.50, u_super: 0.00112, sec: 381.053, prod: 0.003859, t_ads: 176.8, t_des: 2105.0, bed_util_ads: 0.205, bed_util_des: 0.184, des_th: 0.18399691260662654,frac_lost: 0.105, li_recovered:  8.805, time: 0.029690972000025795
L: 0.50, u_super: 0.00850, sec: 487.293, prod: 0.192298, t_ads: 23.0, t_des: 20.9, bed_util_ads: 0.500, bed_util_des: 0.499, des_th: 0.4995111877353202,frac_lost: 0.107, li_recovered:  8.442, time: 0.008115512999211205
L: 48.94, u_super: 0.00005 — INFEASIBLE (li_recovered=0.000e+00), time: 0.0008530459999747109
L: 0.50, u_super: 0.00272, sec: 146.356, prod: 0.060881, t_ads: 70.8, t_des: 65.2, bed_util_ads: 0.493, bed_util_des: 0.493, des_th: 0.49262383239752683,frac_lost: 0.102, li_recovered:  8.281, time: 0.008632242999738082
L: 0.50, u_super: 0.00185, sec: 121.415, prod: 0.033644, t_ads: 103.7, t_des: 149.0, bed_util_ads: 0.434, bed_util_des: 0.431, des_th: 0.4309102550986785,frac_lost: 0.101, li_recovered:  8.503, time: 0.0077523090003523976
L: 0.50, u_super: 0.00406, sec: 221.406, prod: 0.091273, t_ads: 47.8, t_des: 42.7, bed_util_ads: 0.499, bed_util_des: 0.499, des_th: 0.4990964672051338,frac_lost: 0.104, li_recovered:  8.253, time: 0.005370005999793648
L: 0.50, u_super: 0.00777, sec: 441.816, prod: 0.175686, t_ads: 25.2, t_des: 22.8, bed_util_ads: 0.500, bed_util_des: 0.499, des_th: 0.4994108920566729,frac_lost: 0.107, li_recovered:  8.436, time: 0.005061124998974265
L: 0.50, u_super: 0.00225, sec: 122.079, prod: 0.049674, t_ads: 85.7, t_des: 74.4, bed_util_ads: 0.498, bed_util_des: 0.498, des_th: 0.49805899366526263,frac_lost: 0.107, li_recovered:  7.955, time: 0.006876790001115296
L: 0.50, u_super: 0.00201, sec: 112.727, prod: 0.042739, t_ads: 95.9, t_des: 102.2, bed_util_ads: 0.472, bed_util_des: 0.471, des_th: 0.47062349701901673,frac_lost: 0.106, li_recovered:  8.467, time: 0.007494505000067875
L: 0.50, u_super: 0.00340, sec: 184.500, prod: 0.075848, t_ads: 57.3, t_des: 50.6, bed_util_ads: 0.500, bed_util_des: 0.499, des_th: 0.499347123941598,frac_lost: 0.108, li_recovered:  8.186, time: 0.00614276600026642
L: 10.29, u_super: 0.00382 — INFEASIBLE (li_recovered=0.000e+00), time: 0.0017514020000817254
L: 2.24, u_super: 0.00193, sec: 579.736, prod: 0.034115, t_ads: 427.8, t_des: 582.0, bed_util_ads: 0.411, bed_util_des: 0.400, des_th: 0.4002706168541084,frac_lost: 0.104, li_recovered:  34.450, time: 0.0064262149990099715
   705 |    28200 |     40 |  0.0019739265 |             f
L: 0.50, u_super: 0.00525, sec: 289.124, prod: 0.118702, t_ads: 36.9, t_des: 33.5, bed_util_ads: 0.497, bed_util_des: 0.497, des_th: 0.49723966097610084,frac_lost: 0.101, li_recovered:  8.355, time: 0.007626267999512493
L: 0.50, u_super: 0.00518, sec: 285.684, prod: 0.116850, t_ads: 37.5, t_des: 33.5, bed_util_ads: 0.500, bed_util_des: 0.499, des_th: 0.499520309598769,frac_lost: 0.103, li_recovered:  8.293, time: 0.0056684589999349555
L: 0.50, u_super: 0.00056, sec: 118.462, prod: 0.003051, t_ads: 355.8, t_des: 2510.6, bed_util_ads: 0.239, bed_util_des: 0.206, des_th: 0.20562737299500594,frac_lost: 0.106, li_recovered:  8.746, time: 0.018169928998759133
L: 0.50, u_super: 0.00120, sec: 66.307, prod: 0.025684, t_ads: 158.0, t_des: 162.2, bed_util_ads: 0.472, bed_util_des: 0.470, des_th: 0.470218160002009,frac_lost: 0.104, li_recovered:  8.224, time: 0.004785043000083533
L: 0.50, u_super: 0.00990, sec: 576.015, prod: 0.224810, t_ads: 19.7, t_des: 17.9, bed_util_ads: 0.500, bed_util_des: 0.499, des_th: 0.49941800771673645,frac_lost: 0.102, li_recovered:  8.443, time: 0.004149419999521342
L: 0.50, u_super: 0.00417, sec: 228.000, prod: 0.093474, t_ads: 46.7, t_des: 41.2, bed_util_ads: 0.500, bed_util_des: 0.500, des_th: 0.4997778312680899,frac_lost: 0.106, li_recovered:  8.213, time: 0.0048427199999423465
L: 4.35, u_super: 0.00776 — INFEASIBLE (li_recovered=0.000e+00), time: 0.002413999998680083
L: 0.50, u_super: 0.00614, sec: 341.859, prod: 0.138629, t_ads: 31.6, t_des: 29.7, bed_util_ads: 0.494, bed_util_des: 0.494, des_th: 0.49402304495740534,frac_lost: 0.102, li_recovered:  8.502, time: 0.005571366998992744
L: 0.50, u_super: 0.00858, sec: 495.194, prod: 0.193341, t_ads: 22.8, t_des: 21.6, bed_util_ads: 0.493, bed_util_des: 0.493, des_th: 0.492921434824148,frac_lost: 0.107, li_recovered:  8.586, time: 0.008663947999593802
L: 0.50, u_super: 0.00558, sec: 420.457, prod: 0.092547, t_ads: 35.0, t_des: 59.0, bed_util_ads: 0.421, bed_util_des: 0.419, des_th: 0.41933930793315405,frac_lost: 0.105, li_recovered:  8.697, time: 0.008942320000642212
L: 0.50, u_super: 0.00173, sec: 93.563, prod: 0.038084, t_ads: 110.2, t_des: 107.8, bed_util_ads: 0.482, bed_util_des: 0.481, des_th: 0.48111630544120876,frac_lost: 0.101, li_recovered:  8.300, time: 0.006276290001551388
L: 0.50, u_super: 0.00875, sec: 502.943, prod: 0.198252, t_ads: 22.3, t_des: 20.1, bed_util_ads: 0.500, bed_util_des: 0.499, des_th: 0.49942353325447775,frac_lost: 0.105, li_recovered:  8.400, time: 0.007367573000010452
L: 0.50, u_super: 0.00313, sec: 169.769, prod: 0.069755, t_ads: 61.8, t_des: 54.2, bed_util_ads: 0.500, bed_util_des: 0.500, des_th: 0.4999512163034332,frac_lost: 0.104, li_recovered:  8.091, time: 0.004587471999911941
L: 0.50, u_super: 0.00356, sec: 193.628, prod: 0.079702, t_ads: 54.5, t_des: 48.2, bed_util_ads: 0.500, bed_util_des: 0.499, des_th: 0.49938029657085187,frac_lost: 0.106, li_recovered:  8.192, time: 0.0042484820005483925
L: 0.50, u_super: 0.00018 — INFEASIBLE (li_recovered=0.000e+00), time: 0.0014546269994752947
L: 0.50, u_super: 0.00051, sec: 28.989, prod: 0.010314, t_ads: 358.5, t_des: 346.3, bed_util_ads: 0.460, bed_util_des: 0.457, des_th: 0.4574726549268062,frac_lost: 0.105, li_recovered:  7.269, time: 0.004380328999104677
L: 0.50, u_super: 0.00797, sec: 456.563, prod: 0.179428, t_ads: 24.6, t_des: 23.3, bed_util_ads: 0.494, bed_util_des: 0.493, des_th: 0.49337639795977467,frac_lost: 0.107, li_recovered:  8.582, time: 0.005031749000409036
L: 0.50, u_super: 0.00710, sec: 400.819, prod: 0.160480, t_ads: 27.5, t_des: 24.7, bed_util_ads: 0.500, bed_util_des: 0.499, des_th: 0.49944455967588247,frac_lost: 0.107, li_recovered:  8.387, time: 0.005336562000593403
L: 0.50, u_super: 0.00595, sec: 342.549, prod: 0.129579, t_ads: 32.7, t_des: 34.1, bed_util_ads: 0.481, bed_util_des: 0.481, des_th: 0.4808642433855219,frac_lost: 0.104, li_recovered:  8.658, time: 0.008625481999843032
L: 0.50, u_super: 0.00040, sec: 24.166, prod: 0.007545, t_ads: 441.8, t_des: 393.0, bed_util_ads: 0.461, bed_util_des: 0.460, des_th: 0.4603945155230391,frac_lost: 0.103, li_recovered:  6.299, time: 0.004804543999853195
L: 0.50, u_super: 0.00826, sec: 473.291, prod: 0.186781, t_ads: 23.7, t_des: 22.0, bed_util_ads: 0.496, bed_util_des: 0.496, des_th: 0.49605662048333804,frac_lost: 0.107, li_recovered:  8.523, time: 0.004885054999249405
L: 13.92, u_super: 0.00399 — INFEASIBLE (li_recovered=0.000e+00), time: 0.0014314260006358381
L: 0.50, u_super: 0.00444, sec: 242.869, prod: 0.099843, t_ads: 43.8, t_des: 39.1, bed_util_ads: 0.500, bed_util_des: 0.500, des_th: 0.49963492080758753,frac_lost: 0.105, li_recovered:  8.278, time: 0.00467618399852654
L: 3.98, u_super: 0.00006 — INFEASIBLE (li_recovered=0.000e+00), time: 0.0018530150009610225
L: 0.50, u_super: 0.00874, sec: 502.299, prod: 0.197982, t_ads: 22.3, t_des: 20.5, bed_util_ads: 0.498, bed_util_des: 0.498, des_th: 0.49788770423018447,frac_lost: 0.105, li_recovered:  8.487, time: 0.0048722899991844315
L: 0.50, u_super: 0.00174, sec: 94.013, prod: 0.038284, t_ads: 109.8, t_des: 106.9, bed_util_ads: 0.483, bed_util_des: 0.482, des_th: 0.4816499921723351,frac_lost: 0.102, li_recovered:  8.298, time: 0.005189771000004839
L: 13.85, u_super: 0.00217 — INFEASIBLE (li_recovered=0.000e+00), time: 0.0020133139987592585
L: 0.50, u_super: 0.00226, sec: 122.520, prod: 0.049820, t_ads: 85.5, t_des: 74.2, bed_util_ads: 0.499, bed_util_des: 0.498, des_th: 0.49846247315169284,frac_lost: 0.107, li_recovered:  7.955, time: 0.004813258001377108
L: 0.50, u_super: 0.00595, sec: 330.265, prod: 0.134399, t_ads: 32.6, t_des: 29.2, bed_util_ads: 0.499, bed_util_des: 0.499, des_th: 0.49917112927483304,frac_lost: 0.101, li_recovered:  8.307, time: 0.005361499001082848
L: 25.68, u_super: 0.00113 — INFEASIBLE (li_recovered=0.000e+00), time: 0.0008232489999500103
L: 0.50, u_super: 0.00901, sec: 519.879, prod: 0.204242, t_ads: 21.7, t_des: 19.7, bed_util_ads: 0.499, bed_util_des: 0.499, des_th: 0.4993697906945933,frac_lost: 0.106, li_recovered:  8.453, time: 0.004696484998930828
L: 0.50, u_super: 0.00155, sec: 84.717, prod: 0.033551, t_ads: 123.4, t_des: 105.4, bed_util_ads: 0.498, bed_util_des: 0.498, des_th: 0.49784694433952376,frac_lost: 0.106, li_recovered:  7.677, time: 0.004204449000098975
L: 0.50, u_super: 0.00505, sec: 277.948, prod: 0.114024, t_ads: 38.3, t_des: 34.3, bed_util_ads: 0.499, bed_util_des: 0.499, des_th: 0.4993388467025729,frac_lost: 0.101, li_recovered:  8.284, time: 0.004711509000117076
L: 0.50, u_super: 0.00455, sec: 249.517, prod: 0.102372, t_ads: 42.8, t_des: 38.1, bed_util_ads: 0.500, bed_util_des: 0.500, des_th: 0.4995524139309563,frac_lost: 0.106, li_recovered:  8.278, time: 0.004313196001021424
L: 1.25, u_super: 0.00005, sec: 25.398, prod: 0.000285, t_ads: 4684.7, t_des: 3886.6, bed_util_ads: 0.190, bed_util_des: 0.172, des_th: 0.1724741031909854,frac_lost: 0.102, li_recovered:  2.447, time: 0.003193423000993789
L: 0.50, u_super: 0.00225, sec: 121.016, prod: 0.050110, t_ads: 85.5, t_des: 79.0, bed_util_ads: 0.491, bed_util_des: 0.490, des_th: 0.49024184330337944,frac_lost: 0.104, li_recovered:  8.244, time: 0.0058261810008843895
L: 18.31, u_super: 0.00948 — INFEASIBLE (li_recovered=0.000e+00), time: 0.002578618999905302
L: 0.50, u_super: 0.00469, sec: 285.677, prod: 0.094938, t_ads: 41.4, t_des: 49.7, bed_util_ads: 0.462, bed_util_des: 0.461, des_th: 0.4610980941911848,frac_lost: 0.102, li_recovered:  8.651, time: 0.0072678900014579995
L: 0.50, u_super: 0.00045, sec: 27.225, prod: 0.008559, t_ads: 396.6, t_des: 337.9, bed_util_ads: 0.471, bed_util_des: 0.471, des_th: 0.470983084005921,frac_lost: 0.104, li_recovered:  6.286, time: 0.004637098998500733
L: 0.50, u_super: 0.00111, sec: 76.788, prod: 0.018958, t_ads: 171.8, t_des: 269.3, bed_util_ads: 0.416, bed_util_des: 0.410, des_th: 0.4103418210189626,frac_lost: 0.102, li_recovered:  8.363, time: 0.005736097000408336
   706 |    28240 |     40 |  0.0032025786 |             f
L: 0.50, u_super: 0.00594, sec: 329.377, prod: 0.134429, t_ads: 32.6, t_des: 29.6, bed_util_ads: 0.498, bed_util_des: 0.498, des_th: 0.4979239358952394,frac_lost: 0.100, li_recovered:  8.364, time: 0.004822740000236081
L: 0.50, u_super: 0.00283, sec: 152.239, prod: 0.063237, t_ads: 68.2, t_des: 63.7, bed_util_ads: 0.491, bed_util_des: 0.491, des_th: 0.49093885369280044,frac_lost: 0.102, li_recovered:  8.344, time: 0.004966520000380115
L: 0.50, u_super: 0.00378, sec: 206.209, prod: 0.084595, t_ads: 51.5, t_des: 45.3, bed_util_ads: 0.500, bed_util_des: 0.500, des_th: 0.4998152284936394,frac_lost: 0.107, li_recovered:  8.189, time: 0.00467286799903377
L: 0.50, u_super: 0.00684, sec: 383.781, prod: 0.155109, t_ads: 28.3, t_des: 25.6, bed_util_ads: 0.499, bed_util_des: 0.499, des_th: 0.49871705289017876,frac_lost: 0.101, li_recovered:  8.368, time: 0.004854840000916738
L: 0.50, u_super: 0.00120, sec: 66.549, prod: 0.025590, t_ads: 157.7, t_des: 164.0, bed_util_ads: 0.470, bed_util_des: 0.468, des_th: 0.4678723693960108,frac_lost: 0.102, li_recovered:  8.232, time: 0.004846628000450437
L: 0.50, u_super: 0.00028 — INFEASIBLE (li_recovered=0.000e+00), time: 0.0026877660002355697
L: 0.50, u_super: 0.00550, sec: 303.845, prod: 0.124090, t_ads: 35.3, t_des: 31.6, bed_util_ads: 0.500, bed_util_des: 0.500, des_th: 0.49961835922598236,frac_lost: 0.102, li_recovered:  8.308, time: 0.005712140000468935
L: 0.50, u_super: 0.00836, sec: 495.800, prod: 0.182672, t_ads: 23.3, t_des: 24.2, bed_util_ads: 0.482, bed_util_des: 0.482, des_th: 0.48155630851068154,frac_lost: 0.104, li_recovered:  8.689, time: 0.005822371998874587
L: 4.10, u_super: 0.00410 — INFEASIBLE (li_recovered=0.000e+00), time: 0.005470932999742217
L: 0.50, u_super: 0.00192, sec: 104.687, prod: 0.041992, t_ads: 99.3, t_des: 84.9, bed_util_ads: 0.500, bed_util_des: 0.499, des_th: 0.4995429752483305,frac_lost: 0.101, li_recovered:  7.735, time: 0.008072098000411643
L: 0.50, u_super: 0.00261, sec: 140.134, prod: 0.058213, t_ads: 74.0, t_des: 68.2, bed_util_ads: 0.493, bed_util_des: 0.493, des_th: 0.49262979211322405,frac_lost: 0.103, li_recovered:  8.278, time: 0.004830500000025495
L: 0.50, u_super: 0.00039, sec: 23.301, prod: 0.007745, t_ads: 445.6, t_des: 434.5, bed_util_ads: 0.450, bed_util_des: 0.447, des_th: 0.44740380431026594,frac_lost: 0.101, li_recovered:  6.817, time: 0.005718360000173561
L: 0.50, u_super: 0.00293, sec: 157.956, prod: 0.065727, t_ads: 65.6, t_des: 61.2, bed_util_ads: 0.491, bed_util_des: 0.491, des_th: 0.49093885369280044,frac_lost: 0.101, li_recovered:  8.340, time: 0.006729355998686515
L: 0.50, u_super: 0.00621, sec: 346.556, prod: 0.140394, t_ads: 31.3, t_des: 27.9, bed_util_ads: 0.500, bed_util_des: 0.500, des_th: 0.49976361413085996,frac_lost: 0.103, li_recovered:  8.317, time: 0.007707288999881712
L: 0.50, u_super: 0.00431, sec: 248.780, prod: 0.091595, t_ads: 45.1, t_des: 49.1, bed_util_ads: 0.474, bed_util_des: 0.474, des_th: 0.4736623356502251,frac_lost: 0.104, li_recovered:  8.632, time: 0.010148506000405177
L: 0.50, u_super: 0.00115, sec: 64.389, prod: 0.024211, t_ads: 164.6, t_des: 136.4, bed_util_ads: 0.498, bed_util_des: 0.498, des_th: 0.49769459116832,frac_lost: 0.106, li_recovered:  7.288, time: 0.0072220199999719625
L: 0.50, u_super: 0.00226, sec: 121.992, prod: 0.049965, t_ads: 85.4, t_des: 75.1, bed_util_ads: 0.497, bed_util_des: 0.497, des_th: 0.496724524116883,frac_lost: 0.106, li_recovered:  8.021, time: 0.005805818000226282
L: 0.50, u_super: 0.00720, sec: 420.424, prod: 0.157575, t_ads: 27.2, t_des: 27.9, bed_util_ads: 0.483, bed_util_des: 0.482, des_th: 0.48232960729574226,frac_lost: 0.107, li_recovered:  8.677, time: 0.009254425000108313
L: 0.50, u_super: 0.00330, sec: 178.529, prod: 0.073716, t_ads: 59.1, t_des: 54.6, bed_util_ads: 0.494, bed_util_des: 0.494, des_th: 0.49380616709677466,frac_lost: 0.108, li_recovered:  8.381, time: 0.005383112000345136
L: 0.50, u_super: 0.00735, sec: 414.706, prod: 0.166659, t_ads: 26.4, t_des: 23.8, bed_util_ads: 0.500, bed_util_des: 0.500, des_th: 0.49956724561475263,frac_lost: 0.101, li_recovered:  8.373, time: 0.005619687999569578
L: 31.21, u_super: 0.00955 — INFEASIBLE (li_recovered=0.000e+00), time: 0.0014289749997260515
L: 0.50, u_super: 0.00826, sec: 492.659, prod: 0.179438, t_ads: 23.6, t_des: 24.8, bed_util_ads: 0.481, bed_util_des: 0.480, des_th: 0.48034898621014094,frac_lost: 0.104, li_recovered:  8.693, time: 0.007290266001291457
L: 0.50, u_super: 0.00546, sec: 2529.913, prod: 0.014697, t_ads: 36.0, t_des: 561.7, bed_util_ads: 0.192, bed_util_des: 0.188, des_th: 0.1875964020402398,frac_lost: 0.105, li_recovered:  8.784, time: 0.037826244999450864
L: 0.50, u_super: 0.00768, sec: 435.028, prod: 0.174258, t_ads: 25.3, t_des: 22.8, bed_util_ads: 0.500, bed_util_des: 0.499, des_th: 0.49941800771673645,frac_lost: 0.101, li_recovered:  8.382, time: 0.0047377889986819355
L: 13.89, u_super: 0.00726 — INFEASIBLE (li_recovered=0.000e+00), time: 0.002308512999661616
L: 0.50, u_super: 0.00052, sec: 29.451, prod: 0.010539, t_ads: 353.3, t_des: 344.3, bed_util_ads: 0.461, bed_util_des: 0.458, des_th: 0.4582378481749918,frac_lost: 0.106, li_recovered:  7.352, time: 0.005617243999950006
L: 0.50, u_super: 0.00973, sec: 565.459, prod: 0.220653, t_ads: 20.1, t_des: 18.3, bed_util_ads: 0.498, bed_util_des: 0.498, des_th: 0.4979122703693659,frac_lost: 0.104, li_recovered:  8.461, time: 0.005096746999697643
L: 0.50, u_super: 0.00343, sec: 186.276, prod: 0.076633, t_ads: 56.7, t_des: 50.1, bed_util_ads: 0.500, bed_util_des: 0.499, des_th: 0.49942150006400987,frac_lost: 0.107, li_recovered:  8.187, time: 0.0044292950005910825
L: 0.50, u_super: 0.00006, sec: 5.125, prod: 0.000794, t_ads: 3012.7, t_des: 5569.0, bed_util_ads: 0.256, bed_util_des: 0.185, des_th: 0.1851696623157332,frac_lost: 0.102, li_recovered:  6.814, time: 0.008381735999137163
L: 0.50, u_super: 0.00173, sec: 92.870, prod: 0.038148, t_ads: 110.6, t_des: 100.7, bed_util_ads: 0.491, bed_util_des: 0.490, des_th: 0.49024184330337944,frac_lost: 0.103, li_recovered:  8.060, time: 0.0057295780006825225
L: 0.50, u_super: 0.00891, sec: 513.635, prod: 0.201667, t_ads: 22.0, t_des: 19.9, bed_util_ads: 0.499, bed_util_des: 0.498, des_th: 0.49849854470077615,frac_lost: 0.107, li_recovered:  8.450, time: 0.005143416999999317
L: 0.50, u_super: 0.00930, sec: 543.244, prod: 0.208565, t_ads: 21.0, t_des: 20.4, bed_util_ads: 0.490, bed_util_des: 0.490, des_th: 0.490031669673712,frac_lost: 0.104, li_recovered:  8.634, time: 0.006160636999993585
L: 0.50, u_super: 0.00386, sec: 224.569, prod: 0.080910, t_ads: 50.5, t_des: 56.1, bed_util_ads: 0.471, bed_util_des: 0.470, des_th: 0.470218160002009,frac_lost: 0.106, li_recovered:  8.622, time: 0.004780886998560163
L: 25.61, u_super: 0.00830 — INFEASIBLE (li_recovered=0.000e+00), time: 0.0014346879997901851
L: 0.50, u_super: 0.00936, sec: 542.621, prod: 0.212048, t_ads: 20.9, t_des: 18.9, bed_util_ads: 0.500, bed_util_des: 0.499, des_th: 0.49941800771673645,frac_lost: 0.107, li_recovered:  8.450, time: 0.0059081390008941526
L: 0.50, u_super: 0.00684, sec: 404.969, prod: 0.146993, t_ads: 28.6, t_des: 30.5, bed_util_ads: 0.478, bed_util_des: 0.478, des_th: 0.4777315338657503,frac_lost: 0.107, li_recovered:  8.685, time: 0.005353844000637764
L: 0.50, u_super: 0.00476, sec: 263.781, prod: 0.106166, t_ads: 40.7, t_des: 40.0, bed_util_ads: 0.488, bed_util_des: 0.488, des_th: 0.4877078495402349,frac_lost: 0.102, li_recovered:  8.572, time: 0.005607953000435373
L: 0.50, u_super: 0.00005 — INFEASIBLE (li_recovered=0.000e+00), time: 0.0015897539997240528
L: 0.50, u_super: 0.00207, sec: 111.113, prod: 0.045758, t_ads: 93.3, t_des: 84.3, bed_util_ads: 0.493, bed_util_des: 0.493, des_th: 0.49271588636448876,frac_lost: 0.106, li_recovered:  8.128, time: 0.008209499001168297
L: 0.50, u_super: 0.00850, sec: 487.218, prod: 0.192328, t_ads: 23.0, t_des: 20.9, bed_util_ads: 0.500, bed_util_des: 0.500, des_th: 0.4995309367733678,frac_lost: 0.107, li_recovered:  8.442, time: 0.005042894999860437
   707 |    28280 |     40 |  0.0020052121 |             f
L: 0.50, u_super: 0.00990, sec: 579.037, prod: 0.223636, t_ads: 19.8, t_des: 18.6, bed_util_ads: 0.495, bed_util_des: 0.495, des_th: 0.4948104422236607,frac_lost: 0.107, li_recovered:  8.572, time: 0.004744726000353694
L: 0.50, u_super: 0.00735, sec: 414.706, prod: 0.166659, t_ads: 26.4, t_des: 23.8, bed_util_ads: 0.500, bed_util_des: 0.500, des_th: 0.49956724561475263,frac_lost: 0.101, li_recovered:  8.373, time: 0.004937039000651566
L: 0.50, u_super: 0.00444, sec: 243.502, prod: 0.099584, t_ads: 43.9, t_des: 38.7, bed_util_ads: 0.500, bed_util_des: 0.500, des_th: 0.49998793422127313,frac_lost: 0.107, li_recovered:  8.221, time: 0.004455340998902102
L: 8.53, u_super: 0.00669 — INFEASIBLE (li_recovered=0.000e+00), time: 0.0030921470006433083
L: 0.50, u_super: 0.00038, sec: 22.714, prod: 0.007220, t_ads: 463.4, t_des: 432.4, bed_util_ads: 0.453, bed_util_des: 0.451, des_th: 0.45096754708417325,frac_lost: 0.102, li_recovered:  6.468, time: 0.004176854999968782
L: 0.50, u_super: 0.00791, sec: 450.512, prod: 0.178844, t_ads: 24.8, t_des: 22.5, bed_util_ads: 0.500, bed_util_des: 0.499, des_th: 0.49941800771673645,frac_lost: 0.107, li_recovered:  8.445, time: 0.004350930999862612
L: 0.50, u_super: 0.00214, sec: 114.905, prod: 0.047483, t_ads: 90.1, t_des: 83.5, bed_util_ads: 0.491, bed_util_des: 0.490, des_th: 0.49024184330337944,frac_lost: 0.105, li_recovered:  8.245, time: 0.005390494001403567
L: 0.50, u_super: 0.00148, sec: 82.466, prod: 0.031590, t_ads: 128.9, t_des: 135.3, bed_util_ads: 0.471, bed_util_des: 0.469, des_th: 0.4690745264241561,frac_lost: 0.104, li_recovered:  8.346, time: 0.004923870999846258
L: 0.50, u_super: 0.00726, sec: 410.709, prod: 0.164063, t_ads: 27.0, t_des: 24.2, bed_util_ads: 0.500, bed_util_des: 0.500, des_th: 0.49956724561475263,frac_lost: 0.108, li_recovered:  8.394, time: 0.005207403000895283
L: 4.61, u_super: 0.00487 — INFEASIBLE (li_recovered=0.000e+00), time: 0.0023721880006633
L: 0.50, u_super: 0.00270, sec: 145.401, prod: 0.060447, t_ads: 71.2, t_des: 66.6, bed_util_ads: 0.491, bed_util_des: 0.490, des_th: 0.49014086445232474,frac_lost: 0.101, li_recovered:  8.329, time: 0.0046659309991810005
L: 10.08, u_super: 0.00911 — INFEASIBLE (li_recovered=0.000e+00), time: 0.0026895869996224064
L: 0.50, u_super: 0.00807, sec: 460.502, prod: 0.182527, t_ads: 24.3, t_des: 21.9, bed_util_ads: 0.500, bed_util_des: 0.500, des_th: 0.4995309367733678,frac_lost: 0.107, li_recovered:  8.434, time: 0.005618907000098261
L: 0.50, u_super: 0.00803, sec: 457.845, prod: 0.181580, t_ads: 24.4, t_des: 22.4, bed_util_ads: 0.498, bed_util_des: 0.498, des_th: 0.49767764850199225,frac_lost: 0.106, li_recovered:  8.485, time: 0.00641794100010884
L: 0.50, u_super: 0.00734, sec: 428.728, prod: 0.160718, t_ads: 26.7, t_des: 27.3, bed_util_ads: 0.484, bed_util_des: 0.483, des_th: 0.48351765421371906,frac_lost: 0.107, li_recovered:  8.678, time: 0.0056869729996833485
L: 0.50, u_super: 0.00595, sec: 330.328, prod: 0.134365, t_ads: 32.7, t_des: 29.2, bed_util_ads: 0.500, bed_util_des: 0.499, des_th: 0.4994142943806073,frac_lost: 0.102, li_recovered:  8.317, time: 0.004027357999802916
L: 0.50, u_super: 0.00356, sec: 193.801, prod: 0.079631, t_ads: 54.7, t_des: 48.3, bed_util_ads: 0.500, bed_util_des: 0.500, des_th: 0.4996952731136982,frac_lost: 0.108, li_recovered:  8.202, time: 0.004796631999852252
L: 0.50, u_super: 0.00005, sec: 4.394, prod: 0.000659, t_ads: 3190.9, t_des: 5003.9, bed_util_ads: 0.256, bed_util_des: 0.201, des_th: 0.20089438961906186,frac_lost: 0.101, li_recovered:  5.399, time: 0.0049749300014809705
L: 0.50, u_super: 0.00800, sec: 456.415, prod: 0.180974, t_ads: 24.5, t_des: 21.9, bed_util_ads: 0.500, bed_util_des: 0.500, des_th: 0.4995309367733678,frac_lost: 0.107, li_recovered:  8.397, time: 0.004498181000599288
L: 0.50, u_super: 0.00558, sec: 308.940, prod: 0.125954, t_ads: 34.8, t_des: 32.6, bed_util_ads: 0.493, bed_util_des: 0.493, des_th: 0.4930217635340795,frac_lost: 0.102, li_recovered:  8.490, time: 0.004688791999797104
L: 0.50, u_super: 0.00785, sec: 445.625, prod: 0.178203, t_ads: 24.7, t_des: 22.8, bed_util_ads: 0.497, bed_util_des: 0.497, des_th: 0.49667053728737326,frac_lost: 0.100, li_recovered:  8.473, time: 0.004914331000691163
L: 0.50, u_super: 0.00665, sec: 371.824, prod: 0.150711, t_ads: 29.2, t_des: 26.7, bed_util_ads: 0.497, bed_util_des: 0.497, des_th: 0.4967118166572774,frac_lost: 0.100, li_recovered:  8.421, time: 0.00615977100096643
L: 0.50, u_super: 0.00892, sec: 514.057, prod: 0.201918, t_ads: 21.9, t_des: 19.9, bed_util_ads: 0.499, bed_util_des: 0.498, des_th: 0.49849854470077615,frac_lost: 0.107, li_recovered:  8.447, time: 0.008130751000862801
L: 0.50, u_super: 0.00721, sec: 407.459, prod: 0.162950, t_ads: 27.1, t_des: 24.6, bed_util_ads: 0.500, bed_util_des: 0.499, des_th: 0.49942353325447775,frac_lost: 0.108, li_recovered:  8.431, time: 0.004603455001415568
L: 0.50, u_super: 0.00916, sec: 529.513, prod: 0.207297, t_ads: 21.4, t_des: 19.6, bed_util_ads: 0.498, bed_util_des: 0.498, des_th: 0.49786099933844175,frac_lost: 0.107, li_recovered:  8.494, time: 0.0044274859992583515
L: 0.50, u_super: 0.00365, sec: 198.597, prod: 0.081718, t_ads: 53.2, t_des: 47.1, bed_util_ads: 0.500, bed_util_des: 0.500, des_th: 0.4996149455593961,frac_lost: 0.106, li_recovered:  8.194, time: 0.006188612998812459
L: 0.50, u_super: 0.00047, sec: 27.430, prod: 0.009499, t_ads: 380.9, t_des: 356.8, bed_util_ads: 0.462, bed_util_des: 0.460, des_th: 0.45957302877877776,frac_lost: 0.105, li_recovered:  7.008, time: 0.004686021999077639
L: 0.50, u_super: 0.00990, sec: 576.534, prod: 0.224607, t_ads: 19.7, t_des: 17.7, bed_util_ads: 0.500, bed_util_des: 0.500, des_th: 0.49988642467257827,frac_lost: 0.103, li_recovered:  8.396, time: 0.004598510000505485
L: 0.50, u_super: 0.00449, sec: 250.849, prod: 0.098800, t_ads: 43.3, t_des: 43.8, bed_util_ads: 0.483, bed_util_des: 0.483, des_th: 0.4827465363357003,frac_lost: 0.103, li_recovered:  8.603, time: 0.00552021700059413
L: 0.50, u_super: 0.00064, sec: 173.497, prod: 0.002744, t_ads: 310.5, t_des: 2897.0, bed_util_ads: 0.218, bed_util_des: 0.185, des_th: 0.1851696623157332,frac_lost: 0.104, li_recovered:  8.802, time: 0.028237615000762162
L: 0.50, u_super: 0.00891, sec: 513.996, prod: 0.201526, t_ads: 22.0, t_des: 19.9, bed_util_ads: 0.499, bed_util_des: 0.499, des_th: 0.4992999256482818,frac_lost: 0.109, li_recovered:  8.445, time: 0.004534162999334512
L: 14.46, u_super: 0.00434 — INFEASIBLE (li_recovered=0.000e+00), time: 0.0026451910016476177
L: 0.50, u_super: 0.00176, sec: 95.711, prod: 0.038230, t_ads: 108.7, t_des: 93.1, bed_util_ads: 0.498, bed_util_des: 0.498, des_th: 0.4975901741621912,frac_lost: 0.102, li_recovered:  7.715, time: 0.005318257000908488
L: 0.50, u_super: 0.00768, sec: 434.658, prod: 0.174079, t_ads: 25.3, t_des: 23.1, bed_util_ads: 0.498, bed_util_des: 0.498, des_th: 0.4979276469248585,frac_lost: 0.101, li_recovered:  8.434, time: 0.00563101599982474
L: 0.50, u_super: 0.00005, sec: 4.332, prod: 0.000668, t_ads: 3404.7, t_des: 5720.3, bed_util_ads: 0.253, bed_util_des: 0.187, des_th: 0.18708825293587064,frac_lost: 0.102, li_recovered:  6.097, time: 0.005998082999212784
L: 0.50, u_super: 0.00714, sec: 403.074, prod: 0.161370, t_ads: 27.4, t_des: 24.9, bed_util_ads: 0.498, bed_util_des: 0.498, des_th: 0.49786099933844175,frac_lost: 0.107, li_recovered:  8.440, time: 0.005609145999187604
L: 6.26, u_super: 0.00113 — INFEASIBLE (li_recovered=0.000e+00), time: 0.0020720869997603586
L: 0.50, u_super: 0.00636, sec: 390.797, prod: 0.130848, t_ads: 30.8, t_des: 35.6, bed_util_ads: 0.468, bed_util_des: 0.467, des_th: 0.46724956346108193,frac_lost: 0.109, li_recovered:  8.690, time: 0.006935466000868473
L: 0.50, u_super: 0.00911, sec: 526.188, prod: 0.206503, t_ads: 21.4, t_des: 19.5, bed_util_ads: 0.500, bed_util_des: 0.499, des_th: 0.49942353325447775,frac_lost: 0.106, li_recovered:  8.446, time: 0.007970789998580585
L: 0.50, u_super: 0.00360, sec: 195.506, prod: 0.080504, t_ads: 54.0, t_des: 47.9, bed_util_ads: 0.500, bed_util_des: 0.499, des_th: 0.49938029657085187,frac_lost: 0.106, li_recovered:  8.205, time: 0.00593739999931131
   708 |    28320 |     40 |  0.0023290031 |             f
L: 0.50, u_super: 0.00142, sec: 76.849, prod: 0.031165, t_ads: 133.9, t_des: 128.0, bed_util_ads: 0.483, bed_util_des: 0.481, des_th: 0.4815467650058251,frac_lost: 0.104, li_recovered:  8.162, time: 0.005625353000141331
L: 0.50, u_super: 0.00005, sec: 4.324, prod: 0.000670, t_ads: 3436.3, t_des: 5867.0, bed_util_ads: 0.253, bed_util_des: 0.185, des_th: 0.1851696623157332,frac_lost: 0.103, li_recovered:  6.229, time: 0.00921893499980797
L: 0.50, u_super: 0.00476, sec: 261.166, prod: 0.107229, t_ads: 40.8, t_des: 36.5, bed_util_ads: 0.499, bed_util_des: 0.499, des_th: 0.49867721350400956,frac_lost: 0.103, li_recovered:  8.285, time: 0.006788699000026099
L: 0.50, u_super: 0.00176, sec: 111.561, prod: 0.032799, t_ads: 109.6, t_des: 148.9, bed_util_ads: 0.440, bed_util_des: 0.437, des_th: 0.4370497425775264,frac_lost: 0.103, li_recovered:  8.479, time: 0.006220335999387316
L: 0.50, u_super: 0.00547, sec: 302.302, prod: 0.123702, t_ads: 35.4, t_des: 31.8, bed_util_ads: 0.499, bed_util_des: 0.498, des_th: 0.49845985252123504,frac_lost: 0.101, li_recovered:  8.308, time: 0.0061820869996154215
L: 0.50, u_super: 0.00925, sec: 617.253, prod: 0.181836, t_ads: 21.1, t_des: 26.8, bed_util_ads: 0.457, bed_util_des: 0.456, des_th: 0.45615916505484844,frac_lost: 0.104, li_recovered:  8.716, time: 0.009710633001304814
L: 0.50, u_super: 0.00466, sec: 255.636, prod: 0.105029, t_ads: 41.7, t_des: 38.2, bed_util_ads: 0.496, bed_util_des: 0.496, des_th: 0.4960737566600879,frac_lost: 0.106, li_recovered:  8.394, time: 0.00945179799964535
L: 0.50, u_super: 0.00346, sec: 187.802, prod: 0.077199, t_ads: 56.2, t_des: 53.3, bed_util_ads: 0.491, bed_util_des: 0.490, des_th: 0.49041560883300916,frac_lost: 0.106, li_recovered:  8.458, time: 0.007667932999538607
L: 0.50, u_super: 0.00621, sec: 345.992, prod: 0.140598, t_ads: 31.3, t_des: 28.6, bed_util_ads: 0.498, bed_util_des: 0.498, des_th: 0.4975901741621912,frac_lost: 0.102, li_recovered:  8.413, time: 0.0061700940004811855
L: 0.50, u_super: 0.00219, sec: 117.535, prod: 0.048474, t_ads: 88.5, t_des: 82.4, bed_util_ads: 0.491, bed_util_des: 0.490, des_th: 0.49024184330337944,frac_lost: 0.107, li_recovered:  8.284, time: 0.006493643000794691
L: 0.50, u_super: 0.00007 — INFEASIBLE (li_recovered=0.000e+00), time: 0.0011733989995263983
L: 0.50, u_super: 0.00955, sec: 555.257, prod: 0.215983, t_ads: 20.4, t_des: 19.2, bed_util_ads: 0.494, bed_util_des: 0.494, des_th: 0.49356518707656555,frac_lost: 0.103, li_recovered:  8.566, time: 0.00587024400010705
L: 4.61, u_super: 0.00479 — INFEASIBLE (li_recovered=0.000e+00), time: 0.0027639809995889664
L: 0.50, u_super: 0.00355, sec: 192.920, prod: 0.079516, t_ads: 54.8, t_des: 48.8, bed_util_ads: 0.498, bed_util_des: 0.498, des_th: 0.49800292900589166,frac_lost: 0.107, li_recovered:  8.240, time: 0.005046559999755118
L: 0.50, u_super: 0.00194, sec: 103.745, prod: 0.042953, t_ads: 98.7, t_des: 90.8, bed_util_ads: 0.491, bed_util_des: 0.490, des_th: 0.49008861634398876,frac_lost: 0.100, li_recovered:  8.137, time: 0.0062052500015852274
L: 0.50, u_super: 0.00864, sec: 513.953, prod: 0.188695, t_ads: 22.6, t_des: 23.4, bed_util_ads: 0.482, bed_util_des: 0.482, des_th: 0.4818706513924294,frac_lost: 0.106, li_recovered:  8.693, time: 0.006953516000066884
L: 0.50, u_super: 0.00599, sec: 384.512, prod: 0.117209, t_ads: 32.7, t_des: 41.4, bed_util_ads: 0.456, bed_util_des: 0.455, des_th: 0.45477976240147605,frac_lost: 0.107, li_recovered:  8.688, time: 0.006962731000385247
L: 21.77, u_super: 0.00638 — INFEASIBLE (li_recovered=0.000e+00), time: 0.001780512000550516
L: 0.50, u_super: 0.00687, sec: 385.285, prod: 0.155589, t_ads: 28.3, t_des: 26.2, bed_util_ads: 0.496, bed_util_des: 0.496, des_th: 0.4962090696352993,frac_lost: 0.101, li_recovered:  8.468, time: 0.005929671000558301
L: 0.50, u_super: 0.00731, sec: 413.988, prod: 0.165088, t_ads: 26.8, t_des: 24.3, bed_util_ads: 0.498, bed_util_des: 0.498, des_th: 0.4980849252727939,frac_lost: 0.109, li_recovered:  8.442, time: 0.005094989001008798
L: 0.50, u_super: 0.00365, sec: 238.901, prod: 0.068016, t_ads: 53.1, t_des: 73.8, bed_util_ads: 0.443, bed_util_des: 0.441, des_th: 0.44108287559484677,frac_lost: 0.103, li_recovered:  8.633, time: 0.00713147399983427
L: 19.29, u_super: 0.00537 — INFEASIBLE (li_recovered=0.000e+00), time: 0.0015210199999273755
L: 6.85, u_super: 0.00990 — INFEASIBLE (li_recovered=0.000e+00), time: 0.0023486940008297097
L: 0.50, u_super: 0.00891, sec: 513.535, prod: 0.201707, t_ads: 22.0, t_des: 19.9, bed_util_ads: 0.500, bed_util_des: 0.499, des_th: 0.4994576761479759,frac_lost: 0.107, li_recovered:  8.450, time: 0.00486693600032595
L: 0.50, u_super: 0.00103, sec: 56.356, prod: 0.022258, t_ads: 183.6, t_des: 174.9, bed_util_ads: 0.479, bed_util_des: 0.477, des_th: 0.47717750677175863,frac_lost: 0.108, li_recovered:  7.981, time: 0.00542479600153456
L: 0.50, u_super: 0.00490, sec: 269.510, prod: 0.110409, t_ads: 39.6, t_des: 35.3, bed_util_ads: 0.500, bed_util_des: 0.500, des_th: 0.499756102309581,frac_lost: 0.104, li_recovered:  8.274, time: 0.004499925000345684
L: 0.50, u_super: 0.00800, sec: 456.482, prod: 0.181056, t_ads: 24.4, t_des: 21.9, bed_util_ads: 0.500, bed_util_des: 0.500, des_th: 0.4995404066553763,frac_lost: 0.106, li_recovered:  8.388, time: 0.005856466999830445
L: 0.50, u_super: 0.00969, sec: 563.075, prod: 0.219583, t_ads: 20.2, t_des: 18.3, bed_util_ads: 0.500, bed_util_des: 0.500, des_th: 0.4998430230594812,frac_lost: 0.105, li_recovered:  8.445, time: 0.005918413000472356
L: 42.53, u_super: 0.00223 — INFEASIBLE (li_recovered=0.000e+00), time: 0.000921902999834856
L: 0.50, u_super: 0.00229, sec: 937.094, prod: 0.006712, t_ads: 86.0, t_des: 1224.4, bed_util_ads: 0.196, bed_util_des: 0.185, des_th: 0.1851696623157332,frac_lost: 0.107, li_recovered:  8.796, time: 0.03869867300090846
L: 0.50, u_super: 0.00159, sec: 86.982, prod: 0.034452, t_ads: 120.3, t_des: 102.6, bed_util_ads: 0.498, bed_util_des: 0.497, des_th: 0.49747793240874555,frac_lost: 0.106, li_recovered:  7.682, time: 0.006864246999612078
L: 0.50, u_super: 0.00847, sec: 485.900, prod: 0.191596, t_ads: 23.1, t_des: 21.2, bed_util_ads: 0.497, bed_util_des: 0.497, des_th: 0.49706395240375784,frac_lost: 0.107, li_recovered:  8.492, time: 0.005326638000042294
L: 0.50, u_super: 0.00595, sec: 330.355, prod: 0.134520, t_ads: 32.6, t_des: 29.2, bed_util_ads: 0.499, bed_util_des: 0.499, des_th: 0.4993013023921057,frac_lost: 0.101, li_recovered:  8.309, time: 0.005480013000124018
L: 0.50, u_super: 0.00731, sec: 446.681, prod: 0.153043, t_ads: 26.7, t_des: 30.1, bed_util_ads: 0.471, bed_util_des: 0.471, des_th: 0.47064451402904,frac_lost: 0.106, li_recovered:  8.696, time: 0.008104798000204028
L: 0.50, u_super: 0.00176, sec: 103.581, prod: 0.035333, t_ads: 110.0, t_des: 129.3, bed_util_ads: 0.458, bed_util_des: 0.456, des_th: 0.4559117662186781,frac_lost: 0.107, li_recovered:  8.456, time: 0.006159329001093283
L: 0.50, u_super: 0.00090 — INFEASIBLE (li_recovered=0.000e+00), time: 0.003278600001067389
L: 5.17, u_super: 0.00395 — INFEASIBLE (li_recovered=0.000e+00), time: 0.002662015000169049
L: 0.50, u_super: 0.00990, sec: 577.049, prod: 0.224409, t_ads: 19.8, t_des: 17.9, bed_util_ads: 0.500, bed_util_des: 0.499, des_th: 0.49941800771673645,frac_lost: 0.106, li_recovered:  8.447, time: 0.005389981999542215
L: 7.62, u_super: 0.00488 — INFEASIBLE (li_recovered=0.000e+00), time: 0.0037983209986123256
L: 0.50, u_super: 0.00318, sec: 172.313, prod: 0.071114, t_ads: 60.5, t_des: 53.3, bed_util_ads: 0.499, bed_util_des: 0.499, des_th: 0.4990964672051338,frac_lost: 0.100, li_recovered:  8.094, time: 0.006382556000971817
   709 |    28360 |     40 |  0.0027563640 |             f
L: 7.73, u_super: 0.00038 — INFEASIBLE (li_recovered=0.000e+00), time: 0.0012166230008006096
L: 0.50, u_super: 0.00563, sec: 313.355, prod: 0.126614, t_ads: 34.4, t_des: 33.1, bed_util_ads: 0.491, bed_util_des: 0.490, des_th: 0.4904380927378902,frac_lost: 0.102, li_recovered:  8.553, time: 0.004721328999949037
L: 0.50, u_super: 0.00656, sec: 366.259, prod: 0.148564, t_ads: 29.6, t_des: 27.1, bed_util_ads: 0.497, bed_util_des: 0.497, des_th: 0.4967118166572774,frac_lost: 0.101, li_recovered:  8.417, time: 0.006922136999492068
L: 0.50, u_super: 0.00007 — INFEASIBLE (li_recovered=0.000e+00), time: 0.001241431000380544
L: 0.50, u_super: 0.00043, sec: 25.685, prod: 0.008428, t_ads: 411.5, t_des: 371.9, bed_util_ads: 0.463, bed_util_des: 0.462, des_th: 0.46205526843869754,frac_lost: 0.104, li_recovered:  6.602, time: 0.004561904001093353
L: 0.50, u_super: 0.00292, sec: 158.384, prod: 0.065107, t_ads: 66.5, t_des: 58.7, bed_util_ads: 0.499, bed_util_des: 0.499, des_th: 0.4990964672051338,frac_lost: 0.109, li_recovered:  8.153, time: 0.0059356130004744045
L: 0.50, u_super: 0.00549, sec: 331.901, prod: 0.113343, t_ads: 35.7, t_des: 40.8, bed_util_ads: 0.469, bed_util_des: 0.468, des_th: 0.4679633577714273,frac_lost: 0.109, li_recovered:  8.675, time: 0.005676683000274352
L: 15.07, u_super: 0.00490 — INFEASIBLE (li_recovered=0.000e+00), time: 0.001552204999825335
L: 4.78, u_super: 0.00005 — INFEASIBLE (li_recovered=0.000e+00), time: 0.0010328949992981507
L: 0.50, u_super: 0.00444, sec: 243.185, prod: 0.099713, t_ads: 43.7, t_des: 41.4, bed_util_ads: 0.492, bed_util_des: 0.492, des_th: 0.49202975641380736,frac_lost: 0.104, li_recovered:  8.486, time: 0.004646285000490025
L: 0.50, u_super: 0.00809, sec: 461.967, prod: 0.182919, t_ads: 24.2, t_des: 21.9, bed_util_ads: 0.500, bed_util_des: 0.500, des_th: 0.4995404066553763,frac_lost: 0.108, li_recovered:  8.444, time: 0.006017993000568822
L: 0.50, u_super: 0.00990, sec: 578.682, prod: 0.223774, t_ads: 19.7, t_des: 18.6, bed_util_ads: 0.495, bed_util_des: 0.495, des_th: 0.49463578253329915,frac_lost: 0.105, li_recovered:  8.572, time: 0.006181983999340446
L: 0.50, u_super: 0.00768, sec: 438.549, prod: 0.172534, t_ads: 25.6, t_des: 24.2, bed_util_ads: 0.493, bed_util_des: 0.493, des_th: 0.49266965279006397,frac_lost: 0.109, li_recovered:  8.582, time: 0.008120288999634795
L: 0.50, u_super: 0.00576, sec: 318.701, prod: 0.130197, t_ads: 33.7, t_des: 30.9, bed_util_ads: 0.496, bed_util_des: 0.496, des_th: 0.4960012681905329,frac_lost: 0.101, li_recovered:  8.414, time: 0.004010770999229862
L: 15.36, u_super: 0.00891 — INFEASIBLE (li_recovered=0.000e+00), time: 0.0025760700009413995
L: 0.50, u_super: 0.00155, sec: 85.073, prod: 0.033282, t_ads: 123.8, t_des: 104.1, bed_util_ads: 0.499, bed_util_des: 0.499, des_th: 0.49912674909301213,frac_lost: 0.107, li_recovered:  7.587, time: 0.008045113998377929
L: 0.50, u_super: 0.00449, sec: 245.677, prod: 0.100961, t_ads: 43.3, t_des: 38.6, bed_util_ads: 0.500, bed_util_des: 0.500, des_th: 0.49963492080758753,frac_lost: 0.104, li_recovered:  8.268, time: 0.0053286450001905905
L: 0.50, u_super: 0.00572, sec: 2693.162, prod: 0.015203, t_ads: 34.2, t_des: 543.3, bed_util_ads: 0.191, bed_util_des: 0.187, des_th: 0.1865879498464079,frac_lost: 0.102, li_recovered:  8.779, time: 0.04528950399981113
L: 37.38, u_super: 0.00768 — INFEASIBLE (li_recovered=0.000e+00), time: 0.0012739270005113212
L: 17.01, u_super: 0.00407 — INFEASIBLE (li_recovered=0.000e+00), time: 0.0012591149989020778
L: 0.50, u_super: 0.00422, sec: 230.661, prod: 0.094919, t_ads: 46.0, t_des: 41.1, bed_util_ads: 0.499, bed_util_des: 0.499, des_th: 0.49860972322460684,frac_lost: 0.105, li_recovered:  8.264, time: 0.004985480998584535
L: 0.50, u_super: 0.00205, sec: 110.985, prod: 0.045084, t_ads: 93.3, t_des: 81.0, bed_util_ads: 0.498, bed_util_des: 0.498, des_th: 0.4977152324145181,frac_lost: 0.100, li_recovered:  7.855, time: 0.0071660270004940685
L: 0.50, u_super: 0.00891, sec: 513.535, prod: 0.201707, t_ads: 22.0, t_des: 19.9, bed_util_ads: 0.500, bed_util_des: 0.499, des_th: 0.4994576761479759,frac_lost: 0.107, li_recovered:  8.450, time: 0.0049245050013269065
L: 0.50, u_super: 0.00394, sec: 214.616, prod: 0.088417, t_ads: 49.4, t_des: 44.1, bed_util_ads: 0.499, bed_util_des: 0.498, des_th: 0.4985140129275099,frac_lost: 0.106, li_recovered:  8.267, time: 0.007040328999210033
L: 0.50, u_super: 0.00953, sec: 554.686, prod: 0.215557, t_ads: 20.5, t_des: 19.2, bed_util_ads: 0.495, bed_util_des: 0.495, des_th: 0.49485989271755265,frac_lost: 0.105, li_recovered:  8.564, time: 0.004393967999931192
L: 0.50, u_super: 0.00490, sec: 269.284, prod: 0.110501, t_ads: 39.7, t_des: 36.2, bed_util_ads: 0.498, bed_util_des: 0.497, des_th: 0.4973672030195742,frac_lost: 0.105, li_recovered:  8.385, time: 0.006383034000464249
L: 0.50, u_super: 0.00549, sec: 303.119, prod: 0.123880, t_ads: 35.4, t_des: 32.1, bed_util_ads: 0.499, bed_util_des: 0.498, des_th: 0.49845985252123504,frac_lost: 0.104, li_recovered:  8.367, time: 0.005429419999927632
L: 0.50, u_super: 0.00936, sec: 542.108, prod: 0.212248, t_ads: 20.8, t_des: 18.7, bed_util_ads: 0.500, bed_util_des: 0.500, des_th: 0.499972180954766,frac_lost: 0.104, li_recovered:  8.394, time: 0.005236914999841247
L: 0.50, u_super: 0.00466, sec: 255.507, prod: 0.105082, t_ads: 41.7, t_des: 37.7, bed_util_ads: 0.498, bed_util_des: 0.498, des_th: 0.49766266263172326,frac_lost: 0.104, li_recovered:  8.337, time: 0.005449087000670261
L: 0.50, u_super: 0.00621, sec: 398.276, prod: 0.122026, t_ads: 31.5, t_des: 39.7, bed_util_ads: 0.457, bed_util_des: 0.457, des_th: 0.45672164967816836,frac_lost: 0.108, li_recovered:  8.691, time: 0.005169313000806142
L: 0.50, u_super: 0.00429, sec: 234.383, prod: 0.096361, t_ads: 45.4, t_des: 40.5, bed_util_ads: 0.499, bed_util_des: 0.498, des_th: 0.49832627937535046,frac_lost: 0.106, li_recovered:  8.280, time: 0.004048782000609208
L: 0.50, u_super: 0.00305, sec: 164.417, prod: 0.068318, t_ads: 63.4, t_des: 58.2, bed_util_ads: 0.494, bed_util_des: 0.494, des_th: 0.4938380633858842,frac_lost: 0.103, li_recovered:  8.309, time: 0.004738692001410527
L: 39.13, u_super: 0.00800 — INFEASIBLE (li_recovered=0.000e+00), time: 0.001104867000321974
L: 0.50, u_super: 0.00626, sec: 364.763, prod: 0.135465, t_ads: 31.0, t_des: 33.0, bed_util_ads: 0.478, bed_util_des: 0.478, des_th: 0.47759070664427594,frac_lost: 0.100, li_recovered:  8.666, time: 0.005649011000059545
L: 0.50, u_super: 0.00788, sec: 448.753, prod: 0.177965, t_ads: 24.9, t_des: 22.6, bed_util_ads: 0.499, bed_util_des: 0.498, des_th: 0.49845985252123504,frac_lost: 0.109, li_recovered:  8.445, time: 0.0043663980013661785
L: 0.50, u_super: 0.00842, sec: 519.672, prod: 0.176706, t_ads: 23.2, t_des: 26.1, bed_util_ads: 0.471, bed_util_des: 0.471, des_th: 0.4710503812976586,frac_lost: 0.104, li_recovered:  8.704, time: 0.0053256159990269225
L: 0.50, u_super: 0.00820, sec: 468.677, prod: 0.185521, t_ads: 23.8, t_des: 21.9, bed_util_ads: 0.498, bed_util_des: 0.498, des_th: 0.4979276469248585,frac_lost: 0.106, li_recovered:  8.489, time: 0.003955187001338345
L: 0.50, u_super: 0.00990, sec: 576.755, prod: 0.224521, t_ads: 19.7, t_des: 17.9, bed_util_ads: 0.500, bed_util_des: 0.500, des_th: 0.49953272780049895,frac_lost: 0.105, li_recovered:  8.440, time: 0.004007964000265929
L: 0.50, u_super: 0.00558, sec: 308.605, prod: 0.126108, t_ads: 34.7, t_des: 31.1, bed_util_ads: 0.500, bed_util_des: 0.500, des_th: 0.4997264405892984,frac_lost: 0.101, li_recovered:  8.307, time: 0.006494097999166115
L: 0.50, u_super: 0.00131, sec: 73.193, prod: 0.027800, t_ads: 144.6, t_des: 119.5, bed_util_ads: 0.500, bed_util_des: 0.500, des_th: 0.4997870281015493,frac_lost: 0.105, li_recovered:  7.342, time: 0.003981530999226379
   710 |    28400 |     40 |  0.0028245564 |             f
L: 0.50, u_super: 0.00631, sec: 353.373, prod: 0.142332, t_ads: 31.0, t_des: 28.5, bed_util_ads: 0.497, bed_util_des: 0.497, des_th: 0.49693113164391645,frac_lost: 0.109, li_recovered:  8.475, time: 0.004144076001466601
L: 0.50, u_super: 0.00962, sec: 558.291, prod: 0.218222, t_ads: 20.3, t_des: 18.4, bed_util_ads: 0.500, bed_util_des: 0.500, des_th: 0.4995309367733678,frac_lost: 0.104, li_recovered:  8.446, time: 0.004576982999424217
L: 3.14, u_super: 0.00304 — INFEASIBLE (li_recovered=0.000e+00), time: 0.0027901869998459006
L: 0.50, u_super: 0.00878, sec: 505.220, prod: 0.198855, t_ads: 22.3, t_des: 20.2, bed_util_ads: 0.499, bed_util_des: 0.499, des_th: 0.49930372808588835,frac_lost: 0.106, li_recovered:  8.454, time: 0.004209996999634313
L: 0.50, u_super: 0.00595, sec: 330.580, prod: 0.134301, t_ads: 32.7, t_des: 29.2, bed_util_ads: 0.499, bed_util_des: 0.499, des_th: 0.49934649337399256,frac_lost: 0.103, li_recovered:  8.305, time: 0.0038409700009651715
L: 0.50, u_super: 0.00916, sec: 528.959, prod: 0.207514, t_ads: 21.3, t_des: 19.4, bed_util_ads: 0.500, bed_util_des: 0.499, des_th: 0.4994750975760951,frac_lost: 0.105, li_recovered:  8.454, time: 0.005209799999647657
L: 0.50, u_super: 0.00990, sec: 578.371, prod: 0.223894, t_ads: 19.7, t_des: 18.5, bed_util_ads: 0.495, bed_util_des: 0.495, des_th: 0.495038682159457,frac_lost: 0.105, li_recovered:  8.566, time: 0.004546656999082188
L: 0.50, u_super: 0.00634, sec: 353.403, prod: 0.143436, t_ads: 30.6, t_des: 27.7, bed_util_ads: 0.498, bed_util_des: 0.498, des_th: 0.49799679555226983,frac_lost: 0.102, li_recovered:  8.366, time: 0.004009526999652735
L: 0.50, u_super: 0.00636, sec: 355.446, prod: 0.143862, t_ads: 30.5, t_des: 27.3, bed_util_ads: 0.499, bed_util_des: 0.499, des_th: 0.4993497990609804,frac_lost: 0.103, li_recovered:  8.323, time: 0.004714209000667324
L: 0.50, u_super: 0.00951, sec: 554.069, prod: 0.214777, t_ads: 20.5, t_des: 19.5, bed_util_ads: 0.493, bed_util_des: 0.493, des_th: 0.49262979211322405,frac_lost: 0.104, li_recovered:  8.590, time: 0.003977041000325698
L: 0.50, u_super: 0.00710, sec: 405.016, prod: 0.158543, t_ads: 27.6, t_des: 26.8, bed_util_ads: 0.490, bed_util_des: 0.490, des_th: 0.4899718319566981,frac_lost: 0.108, li_recovered:  8.621, time: 0.005125276000399026
L: 4.70, u_super: 0.00378 — INFEASIBLE (li_recovered=0.000e+00), time: 0.0025232829993910855
L: 0.50, u_super: 0.00910, sec: 525.360, prod: 0.206078, t_ads: 21.5, t_des: 19.7, bed_util_ads: 0.498, bed_util_des: 0.498, des_th: 0.49777310653691675,frac_lost: 0.106, li_recovered:  8.489, time: 0.0044096970013924874
L: 0.50, u_super: 0.00684, sec: 452.420, prod: 0.131576, t_ads: 28.6, t_des: 37.5, bed_util_ads: 0.453, bed_util_des: 0.452, des_th: 0.45190583206120466,frac_lost: 0.107, li_recovered:  8.701, time: 0.006630404999668826
L: 0.50, u_super: 0.00788, sec: 504.111, prod: 0.158422, t_ads: 24.8, t_des: 30.2, bed_util_ads: 0.461, bed_util_des: 0.461, des_th: 0.46088197285141164,frac_lost: 0.104, li_recovered:  8.704, time: 0.005050892001236207
L: 0.50, u_super: 0.00541, sec: 2574.861, prod: 0.014180, t_ads: 36.2, t_des: 583.1, bed_util_ads: 0.190, bed_util_des: 0.185, des_th: 0.1851696623157332,frac_lost: 0.104, li_recovered:  8.783, time: 0.03720534899912309
L: 0.50, u_super: 0.00466, sec: 256.176, prod: 0.104808, t_ads: 41.8, t_des: 39.1, bed_util_ads: 0.493, bed_util_des: 0.493, des_th: 0.4928393236741476,frac_lost: 0.106, li_recovered:  8.476, time: 0.005486482999913278
L: 26.07, u_super: 0.00298 — INFEASIBLE (li_recovered=0.000e+00), time: 0.0010566149994701846
L: 0.50, u_super: 0.00601, sec: 344.837, prod: 0.131695, t_ads: 32.3, t_des: 33.4, bed_util_ads: 0.482, bed_util_des: 0.481, des_th: 0.48149457715933003,frac_lost: 0.101, li_recovered:  8.652, time: 0.006368196000039461
L: 0.50, u_super: 0.00358, sec: 237.645, prod: 0.065703, t_ads: 54.2, t_des: 77.2, bed_util_ads: 0.440, bed_util_des: 0.438, des_th: 0.4379974173241071,frac_lost: 0.103, li_recovered:  8.633, time: 0.006005726998409955
L: 0.50, u_super: 0.00685, sec: 384.137, prod: 0.155094, t_ads: 28.4, t_des: 25.9, bed_util_ads: 0.498, bed_util_des: 0.498, des_th: 0.4976493956679459,frac_lost: 0.102, li_recovered:  8.420, time: 0.00502614000106405
L: 0.50, u_super: 0.00542, sec: 326.449, prod: 0.112207, t_ads: 35.8, t_des: 41.4, bed_util_ads: 0.467, bed_util_des: 0.467, des_th: 0.466765019224628,frac_lost: 0.102, li_recovered:  8.665, time: 0.005564257000514772
L: 0.50, u_super: 0.00120, sec: 66.218, prod: 0.025718, t_ads: 157.5, t_des: 162.0, bed_util_ads: 0.472, bed_util_des: 0.470, des_th: 0.4698904969676113,frac_lost: 0.102, li_recovered:  8.218, time: 0.006169107000459917
L: 10.80, u_super: 0.00891 — INFEASIBLE (li_recovered=0.000e+00), time: 0.0026359039984527044
L: 0.50, u_super: 0.00258, sec: 139.650, prod: 0.057033, t_ads: 74.9, t_des: 64.9, bed_util_ads: 0.500, bed_util_des: 0.499, des_th: 0.49941800771673645,frac_lost: 0.104, li_recovered:  7.974, time: 0.0054871140000614105
L: 0.50, u_super: 0.00225, sec: 122.481, prod: 0.049511, t_ads: 85.6, t_des: 73.4, bed_util_ads: 0.500, bed_util_des: 0.500, des_th: 0.4996143389087756,frac_lost: 0.106, li_recovered:  7.876, time: 0.006996104999416275
L: 0.50, u_super: 0.00543, sec: 299.623, prod: 0.122794, t_ads: 35.7, t_des: 32.8, bed_util_ads: 0.496, bed_util_des: 0.496, des_th: 0.49623662696559095,frac_lost: 0.101, li_recovered:  8.406, time: 0.006044828000085545
L: 0.50, u_super: 0.00723, sec: 408.951, prod: 0.163283, t_ads: 27.1, t_des: 24.2, bed_util_ads: 0.500, bed_util_des: 0.500, des_th: 0.4998345622623363,frac_lost: 0.108, li_recovered:  8.381, time: 0.006570589999682852
L: 0.50, u_super: 0.00039 — INFEASIBLE (li_recovered=0.000e+00), time: 0.0035592330004874384
L: 0.50, u_super: 0.00083 — INFEASIBLE (li_recovered=0.000e+00), time: 0.0038022820008336566
L: 0.50, u_super: 0.00032 — INFEASIBLE (li_recovered=0.000e+00), time: 0.0030917389995011035
L: 0.50, u_super: 0.00346, sec: 187.427, prod: 0.077353, t_ads: 56.3, t_des: 50.3, bed_util_ads: 0.498, bed_util_des: 0.498, des_th: 0.49769133736876736,frac_lost: 0.107, li_recovered:  8.244, time: 0.0063426890010305215
L: 0.50, u_super: 0.00260, sec: 139.813, prod: 0.058120, t_ads: 74.1, t_des: 68.5, bed_util_ads: 0.493, bed_util_des: 0.493, des_th: 0.4927424779637431,frac_lost: 0.103, li_recovered:  8.284, time: 0.008002438999028527
L: 0.50, u_super: 0.00836, sec: 543.421, prod: 0.166436, t_ads: 23.4, t_des: 28.9, bed_util_ads: 0.461, bed_util_des: 0.460, des_th: 0.46010780606049534,frac_lost: 0.106, li_recovered:  8.712, time: 0.00704170199969667
L: 0.50, u_super: 0.00045 — INFEASIBLE (li_recovered=0.000e+00), time: 0.003667059001600137
L: 0.50, u_super: 0.00981, sec: 570.995, prod: 0.222507, t_ads: 19.9, t_des: 18.1, bed_util_ads: 0.500, bed_util_des: 0.499, des_th: 0.49941800771673645,frac_lost: 0.105, li_recovered:  8.447, time: 0.007420542999170721
L: 0.50, u_super: 0.00226, sec: 121.255, prod: 0.050236, t_ads: 85.3, t_des: 78.8, bed_util_ads: 0.491, bed_util_des: 0.490, des_th: 0.4901291574528604,frac_lost: 0.104, li_recovered:  8.243, time: 0.008254964001025655
L: 0.50, u_super: 0.00045, sec: 26.336, prod: 0.009120, t_ads: 395.1, t_des: 381.5, bed_util_ads: 0.457, bed_util_des: 0.454, des_th: 0.4538400005439742,frac_lost: 0.104, li_recovered:  7.082, time: 0.007412094999381225
L: 0.50, u_super: 0.00593, sec: 2856.640, prod: 0.015446, t_ads: 33.0, t_des: 535.4, bed_util_ads: 0.190, bed_util_des: 0.185, des_th: 0.1851696623157332,frac_lost: 0.102, li_recovered:  8.779, time: 0.044978301999435644
L: 0.50, u_super: 0.00162, sec: 88.631, prod: 0.035167, t_ads: 117.9, t_des: 100.6, bed_util_ads: 0.498, bed_util_des: 0.498, des_th: 0.4975901741621912,frac_lost: 0.105, li_recovered:  7.685, time: 0.008211857000787859
   711 |    28440 |     40 |  0.0013637014 |             f
L: 0.50, u_super: 0.00847, sec: 483.794, prod: 0.192303, t_ads: 22.9, t_des: 21.0, bed_util_ads: 0.498, bed_util_des: 0.498, des_th: 0.4979276469248585,frac_lost: 0.100, li_recovered:  8.440, time: 0.0066870190003101015
L: 0.50, u_super: 0.00554, sec: 306.011, prod: 0.125363, t_ads: 35.0, t_des: 32.1, bed_util_ads: 0.497, bed_util_des: 0.497, des_th: 0.4967118166572774,frac_lost: 0.101, li_recovered:  8.408, time: 0.006003852000503684
L: 0.50, u_super: 0.00990, sec: 577.496, prod: 0.224233, t_ads: 19.7, t_des: 18.3, bed_util_ads: 0.496, bed_util_des: 0.496, des_th: 0.4963289540105901,frac_lost: 0.105, li_recovered:  8.530, time: 0.004856949999521021
L: 0.50, u_super: 0.00455, sec: 282.851, prod: 0.090296, t_ads: 42.7, t_des: 53.1, bed_util_ads: 0.457, bed_util_des: 0.456, des_th: 0.45594607499565765,frac_lost: 0.102, li_recovered:  8.651, time: 0.00628713100013556
L: 0.50, u_super: 0.00563, sec: 348.470, prod: 0.113653, t_ads: 34.5, t_des: 41.8, bed_util_ads: 0.462, bed_util_des: 0.461, des_th: 0.46102615560149385,frac_lost: 0.102, li_recovered:  8.672, time: 0.005816103001052397
L: 10.03, u_super: 0.00346 — INFEASIBLE (li_recovered=0.000e+00), time: 0.0026334769991080975
L: 0.50, u_super: 0.00236, sec: 127.865, prod: 0.052093, t_ads: 81.9, t_des: 71.0, bed_util_ads: 0.500, bed_util_des: 0.499, des_th: 0.49941800771673645,frac_lost: 0.106, li_recovered:  7.966, time: 0.00785388099939155
L: 0.50, u_super: 0.00367, sec: 199.512, prod: 0.082301, t_ads: 52.9, t_des: 47.3, bed_util_ads: 0.498, bed_util_des: 0.498, des_th: 0.49769459116832,frac_lost: 0.106, li_recovered:  8.251, time: 0.0077959660011401866
L: 0.50, u_super: 0.00828, sec: 474.608, prod: 0.186906, t_ads: 23.6, t_des: 22.2, bed_util_ads: 0.495, bed_util_des: 0.494, des_th: 0.49434025074716337,frac_lost: 0.105, li_recovered:  8.559, time: 0.004680846999690402
L: 3.85, u_super: 0.00120 — INFEASIBLE (li_recovered=0.000e+00), time: 0.0024284009996335953
L: 0.50, u_super: 0.00495, sec: 271.959, prod: 0.111534, t_ads: 39.2, t_des: 35.0, bed_util_ads: 0.500, bed_util_des: 0.499, des_th: 0.4994491993605198,frac_lost: 0.103, li_recovered:  8.283, time: 0.005194528999709291
L: 0.50, u_super: 0.00527, sec: 290.586, prod: 0.119173, t_ads: 36.8, t_des: 33.8, bed_util_ads: 0.497, bed_util_des: 0.497, des_th: 0.49669507490450376,frac_lost: 0.102, li_recovered:  8.408, time: 0.004552024000076926
L: 0.50, u_super: 0.00754, sec: 431.266, prod: 0.169071, t_ads: 26.0, t_des: 25.0, bed_util_ads: 0.491, bed_util_des: 0.491, des_th: 0.4911332776894997,frac_lost: 0.107, li_recovered:  8.608, time: 0.004380897998998989
L: 0.50, u_super: 0.00250, sec: 134.745, prod: 0.055763, t_ads: 77.0, t_des: 72.7, bed_util_ads: 0.489, bed_util_des: 0.488, des_th: 0.48803769201232117,frac_lost: 0.103, li_recovered:  8.349, time: 0.0052793600007134955
L: 0.50, u_super: 0.00576, sec: 353.197, prod: 0.117481, t_ads: 33.7, t_des: 40.1, bed_util_ads: 0.464, bed_util_des: 0.463, des_th: 0.46345897619031157,frac_lost: 0.101, li_recovered:  8.671, time: 0.0051763169994956115
L: 0.50, u_super: 0.00205, sec: 110.063, prod: 0.045461, t_ads: 93.3, t_des: 89.3, bed_util_ads: 0.487, bed_util_des: 0.486, des_th: 0.48596197899021565,frac_lost: 0.100, li_recovered:  8.303, time: 0.005579311000474263
L: 0.50, u_super: 0.00649, sec: 363.047, prod: 0.146918, t_ads: 30.0, t_des: 27.3, bed_util_ads: 0.497, bed_util_des: 0.497, des_th: 0.49717327765138963,frac_lost: 0.103, li_recovered:  8.418, time: 0.005192419999730191
L: 0.50, u_super: 0.00086, sec: 52.742, prod: 0.016376, t_ads: 221.0, t_des: 277.5, bed_util_ads: 0.440, bed_util_des: 0.435, des_th: 0.43520149380747325,frac_lost: 0.106, li_recovered:  8.165, time: 0.0048318530007236404
L: 0.50, u_super: 0.00006, sec: 5.006, prod: 0.000720, t_ads: 2607.4, t_des: 3809.3, bed_util_ads: 0.264, bed_util_des: 0.223, des_th: 0.2240316487245531,frac_lost: 0.101, li_recovered:  4.621, time: 0.004143353000472416
L: 0.50, u_super: 0.00266, sec: 142.923, prod: 0.059445, t_ads: 72.4, t_des: 67.0, bed_util_ads: 0.491, bed_util_des: 0.491, des_th: 0.49093885369280044,frac_lost: 0.102, li_recovered:  8.289, time: 0.0038560100001632236
L: 0.50, u_super: 0.00490, sec: 269.401, prod: 0.110454, t_ads: 39.6, t_des: 35.4, bed_util_ads: 0.500, bed_util_des: 0.500, des_th: 0.499776743700896,frac_lost: 0.104, li_recovered:  8.291, time: 0.005493959999512299
L: 0.50, u_super: 0.00884, sec: 508.864, prod: 0.200390, t_ads: 22.1, t_des: 20.3, bed_util_ads: 0.498, bed_util_des: 0.498, des_th: 0.4977028060303633,frac_lost: 0.105, li_recovered:  8.483, time: 0.0056315870006073965
L: 0.50, u_super: 0.00096 — INFEASIBLE (li_recovered=0.000e+00), time: 0.00239505200079293
L: 0.50, u_super: 0.00621, sec: 345.992, prod: 0.140598, t_ads: 31.3, t_des: 28.6, bed_util_ads: 0.498, bed_util_des: 0.498, des_th: 0.4975901741621912,frac_lost: 0.102, li_recovered:  8.413, time: 0.005793825999717228
L: 0.50, u_super: 0.00785, sec: 446.771, prod: 0.177422, t_ads: 25.0, t_des: 22.6, bed_util_ads: 0.499, bed_util_des: 0.498, des_th: 0.49845985252123504,frac_lost: 0.108, li_recovered:  8.446, time: 0.00425808999898436
L: 0.50, u_super: 0.00695, sec: 390.367, prod: 0.157656, t_ads: 27.9, t_des: 25.5, bed_util_ads: 0.498, bed_util_des: 0.498, des_th: 0.49769459116832,frac_lost: 0.101, li_recovered:  8.425, time: 0.004399753001052886
L: 0.50, u_super: 0.00708, sec: 399.546, prod: 0.160073, t_ads: 27.6, t_des: 25.0, bed_util_ads: 0.500, bed_util_des: 0.499, des_th: 0.4993697906945933,frac_lost: 0.107, li_recovered:  8.425, time: 0.004735739999887301
L: 0.50, u_super: 0.00595, sec: 330.442, prod: 0.134485, t_ads: 32.6, t_des: 29.3, bed_util_ads: 0.500, bed_util_des: 0.500, des_th: 0.4997749959304217,frac_lost: 0.102, li_recovered:  8.326, time: 0.005897439999898779
L: 0.50, u_super: 0.00826, sec: 473.385, prod: 0.186743, t_ads: 23.7, t_des: 22.0, bed_util_ads: 0.496, bed_util_des: 0.496, des_th: 0.4961288387832643,frac_lost: 0.107, li_recovered:  8.531, time: 0.005014283999116742
L: 0.50, u_super: 0.00661, sec: 369.187, prod: 0.149694, t_ads: 29.3, t_des: 26.6, bed_util_ads: 0.498, bed_util_des: 0.498, des_th: 0.4976069159149648,frac_lost: 0.100, li_recovered:  8.377, time: 0.004492350000873557
L: 0.50, u_super: 0.00216, sec: 117.113, prod: 0.047661, t_ads: 88.4, t_des: 76.7, bed_util_ads: 0.499, bed_util_des: 0.499, des_th: 0.4988752957860203,frac_lost: 0.100, li_recovered:  7.869, time: 0.004694434999692021
L: 0.50, u_super: 0.00409, sec: 222.848, prod: 0.091792, t_ads: 47.6, t_des: 42.6, bed_util_ads: 0.499, bed_util_des: 0.499, des_th: 0.4990938859849916,frac_lost: 0.106, li_recovered:  8.277, time: 0.0043749940014095046
L: 0.50, u_super: 0.00118, sec: 65.268, prod: 0.025236, t_ads: 160.3, t_des: 136.9, bed_util_ads: 0.494, bed_util_des: 0.493, des_th: 0.4935508517716389,frac_lost: 0.106, li_recovered:  7.502, time: 0.0037965000010444783
L: 0.50, u_super: 0.00005, sec: 4.332, prod: 0.000668, t_ads: 3495.5, t_des: 6212.3, bed_util_ads: 0.249, bed_util_des: 0.177, des_th: 0.1770332081688447,frac_lost: 0.100, li_recovered:  6.487, time: 0.00676237600055174
L: 0.50, u_super: 0.00403, sec: 219.590, prod: 0.090548, t_ads: 48.2, t_des: 43.1, bed_util_ads: 0.498, bed_util_des: 0.498, des_th: 0.49769459116832,frac_lost: 0.104, li_recovered:  8.261, time: 0.00453722999918682
L: 0.50, u_super: 0.00470, sec: 257.789, prod: 0.105964, t_ads: 41.3, t_des: 37.4, bed_util_ads: 0.498, bed_util_des: 0.498, des_th: 0.49766266263172326,frac_lost: 0.105, li_recovered:  8.341, time: 0.005459317999338964
L: 0.50, u_super: 0.00542, sec: 2485.382, prod: 0.014738, t_ads: 36.1, t_des: 559.6, bed_util_ads: 0.193, bed_util_des: 0.188, des_th: 0.18815319503219022,frac_lost: 0.103, li_recovered:  8.780, time: 0.04478162799932761
L: 0.50, u_super: 0.00936, sec: 542.095, prod: 0.212254, t_ads: 20.9, t_des: 18.9, bed_util_ads: 0.499, bed_util_des: 0.498, des_th: 0.4984509342852142,frac_lost: 0.105, li_recovered:  8.445, time: 0.006765774998712004
L: 0.50, u_super: 0.00022 — INFEASIBLE (li_recovered=0.000e+00), time: 0.0024120710004353896
L: 0.50, u_super: 0.00781, sec: 443.026, prod: 0.177202, t_ads: 24.9, t_des: 22.5, bed_util_ads: 0.500, bed_util_des: 0.500, des_th: 0.49984811722817707,frac_lost: 0.101, li_recovered:  8.390, time: 0.00857849299973168
   712 |    28480 |     40 |  0.0040130818 |             f
L: 0.50, u_super: 0.00661, sec: 369.669, prod: 0.149499, t_ads: 29.4, t_des: 26.3, bed_util_ads: 0.499, bed_util_des: 0.499, des_th: 0.49917148130585276,frac_lost: 0.101, li_recovered:  8.320, time: 0.005588310001257923
L: 0.50, u_super: 0.00301, sec: 162.177, prod: 0.067272, t_ads: 64.2, t_des: 60.4, bed_util_ads: 0.491, bed_util_des: 0.491, des_th: 0.49093885369280044,frac_lost: 0.102, li_recovered:  8.385, time: 0.0053295230009098304
L: 0.50, u_super: 0.00483, sec: 265.248, prod: 0.108862, t_ads: 40.2, t_des: 35.9, bed_util_ads: 0.500, bed_util_des: 0.499, des_th: 0.4994491993605198,frac_lost: 0.103, li_recovered:  8.283, time: 0.007739557000604691
L: 5.08, u_super: 0.00176 — INFEASIBLE (li_recovered=0.000e+00), time: 0.003489474000161863
L: 0.50, u_super: 0.00962, sec: 558.662, prod: 0.218078, t_ads: 20.3, t_des: 18.5, bed_util_ads: 0.500, bed_util_des: 0.500, des_th: 0.4995327660617669,frac_lost: 0.105, li_recovered:  8.454, time: 0.005036754999309778
L: 0.50, u_super: 0.00990, sec: 576.448, prod: 0.224645, t_ads: 19.7, t_des: 17.9, bed_util_ads: 0.499, bed_util_des: 0.499, des_th: 0.4988472630810908,frac_lost: 0.104, li_recovered:  8.443, time: 0.004618330998710007
L: 0.50, u_super: 0.00083, sec: 47.115, prod: 0.017150, t_ads: 226.4, t_des: 242.8, bed_util_ads: 0.460, bed_util_des: 0.457, des_th: 0.4569510014162277,frac_lost: 0.105, li_recovered:  8.046, time: 0.007832207000319613
L: 0.50, u_super: 0.00684, sec: 385.817, prod: 0.154290, t_ads: 28.6, t_des: 26.6, bed_util_ads: 0.496, bed_util_des: 0.495, des_th: 0.49540412097575326,frac_lost: 0.108, li_recovered:  8.518, time: 0.008083208000243758
L: 4.35, u_super: 0.00661 — INFEASIBLE (li_recovered=0.000e+00), time: 0.0024303219997818815
L: 0.50, u_super: 0.00155, sec: 85.010, prod: 0.033307, t_ads: 123.6, t_des: 104.2, bed_util_ads: 0.499, bed_util_des: 0.499, des_th: 0.49913276957022634,frac_lost: 0.106, li_recovered:  7.586, time: 0.006375369999659597
L: 0.50, u_super: 0.00916, sec: 529.848, prod: 0.207166, t_ads: 21.4, t_des: 19.8, bed_util_ads: 0.496, bed_util_des: 0.496, des_th: 0.49603577230302287,frac_lost: 0.106, li_recovered:  8.531, time: 0.01069681999979366
L: 0.50, u_super: 0.00846, sec: 492.440, prod: 0.188493, t_ads: 23.2, t_des: 22.7, bed_util_ads: 0.488, bed_util_des: 0.488, des_th: 0.48826090829552626,frac_lost: 0.108, li_recovered:  8.652, time: 0.008454937998976675
L: 0.50, u_super: 0.00962, sec: 558.378, prod: 0.218188, t_ads: 20.3, t_des: 18.5, bed_util_ads: 0.500, bed_util_des: 0.500, des_th: 0.49963646665879863,frac_lost: 0.104, li_recovered:  8.455, time: 0.00561936000121932
L: 0.50, u_super: 0.00784, sec: 484.946, prod: 0.163225, t_ads: 24.9, t_des: 28.4, bed_util_ads: 0.470, bed_util_des: 0.469, des_th: 0.46926934044879337,frac_lost: 0.106, li_recovered:  8.702, time: 0.009802241000215872
L: 0.50, u_super: 0.00630, sec: 451.778, prod: 0.110963, t_ads: 31.0, t_des: 47.4, bed_util_ads: 0.433, bed_util_des: 0.432, des_th: 0.4316574918955188,frac_lost: 0.106, li_recovered:  8.701, time: 0.00927577500078769
L: 0.50, u_super: 0.00038 — INFEASIBLE (li_recovered=0.000e+00), time: 0.0025080859995796345
L: 0.50, u_super: 0.00087, sec: 48.476, prod: 0.018200, t_ads: 216.1, t_des: 225.2, bed_util_ads: 0.464, bed_util_des: 0.461, des_th: 0.46102615560149385,frac_lost: 0.102, li_recovered:  8.032, time: 0.005395834999944782
L: 0.50, u_super: 0.00826, sec: 471.309, prod: 0.187566, t_ads: 23.5, t_des: 21.2, bed_util_ads: 0.499, bed_util_des: 0.499, des_th: 0.4993697906945933,frac_lost: 0.100, li_recovered:  8.378, time: 0.008277168000859092
L: 0.50, u_super: 0.00345, sec: 187.271, prod: 0.077341, t_ads: 56.2, t_des: 50.2, bed_util_ads: 0.499, bed_util_des: 0.498, des_th: 0.49848064599384523,frac_lost: 0.106, li_recovered:  8.233, time: 0.007318851001400617
L: 0.50, u_super: 0.00027, sec: 46.204, prod: 0.001771, t_ads: 749.8, t_des: 4170.9, bed_util_ads: 0.241, bed_util_des: 0.185, des_th: 0.1851696623157332,frac_lost: 0.104, li_recovered:  8.715, time: 0.0186169209991931
L: 0.50, u_super: 0.00038 — INFEASIBLE (li_recovered=0.000e+00), time: 0.0036282169985497603
L: 0.50, u_super: 0.00409, sec: 222.887, prod: 0.091776, t_ads: 47.5, t_des: 42.4, bed_util_ads: 0.499, bed_util_des: 0.499, des_th: 0.49909205669649664,frac_lost: 0.105, li_recovered:  8.252, time: 0.004755253999974229
L: 0.50, u_super: 0.00673, sec: 377.507, prod: 0.152198, t_ads: 28.9, t_des: 25.7, bed_util_ads: 0.500, bed_util_des: 0.500, des_th: 0.49998116538255566,frac_lost: 0.102, li_recovered:  8.307, time: 0.006071838999559986
L: 0.50, u_super: 0.00274, sec: 147.333, prod: 0.061309, t_ads: 70.2, t_des: 65.8, bed_util_ads: 0.491, bed_util_des: 0.491, des_th: 0.4906377360401781,frac_lost: 0.101, li_recovered:  8.335, time: 0.004962307000823785
L: 0.50, u_super: 0.00621, sec: 346.314, prod: 0.140467, t_ads: 31.3, t_des: 28.0, bed_util_ads: 0.500, bed_util_des: 0.500, des_th: 0.49998969709726937,frac_lost: 0.102, li_recovered:  8.328, time: 0.006421594000130426
L: 3.91, u_super: 0.00120 — INFEASIBLE (li_recovered=0.000e+00), time: 0.0030173800005286466
L: 0.50, u_super: 0.00595, sec: 423.369, prod: 0.104966, t_ads: 32.9, t_des: 49.9, bed_util_ads: 0.433, bed_util_des: 0.432, des_th: 0.4323265306804681,frac_lost: 0.107, li_recovered:  8.698, time: 0.00979246799943212
L: 0.50, u_super: 0.00576, sec: 327.848, prod: 0.126564, t_ads: 33.7, t_des: 34.6, bed_util_ads: 0.482, bed_util_des: 0.481, des_th: 0.48147625045412684,frac_lost: 0.101, li_recovered:  8.641, time: 0.006946708999748807
L: 0.50, u_super: 0.00042, sec: 87.313, prod: 0.002336, t_ads: 472.8, t_des: 3271.1, bed_util_ads: 0.235, bed_util_des: 0.192, des_th: 0.19245637217804906,frac_lost: 0.103, li_recovered:  8.747, time: 0.023412464001012268
L: 0.50, u_super: 0.00346, sec: 187.447, prod: 0.077345, t_ads: 56.3, t_des: 50.3, bed_util_ads: 0.498, bed_util_des: 0.498, des_th: 0.497585350428271,frac_lost: 0.107, li_recovered:  8.243, time: 0.005335175999789499
L: 0.50, u_super: 0.00381, sec: 207.584, prod: 0.085557, t_ads: 51.0, t_des: 45.6, bed_util_ads: 0.498, bed_util_des: 0.498, des_th: 0.49769459116832,frac_lost: 0.107, li_recovered:  8.267, time: 0.00526788199931616
L: 0.50, u_super: 0.00990, sec: 577.489, prod: 0.224236, t_ads: 19.8, t_des: 17.9, bed_util_ads: 0.500, bed_util_des: 0.500, des_th: 0.4995739024230962,frac_lost: 0.107, li_recovered:  8.442, time: 0.005534788999284501
L: 0.50, u_super: 0.00134, sec: 76.410, prod: 0.027628, t_ads: 143.3, t_des: 158.4, bed_util_ads: 0.463, bed_util_des: 0.461, des_th: 0.4610914560034362,frac_lost: 0.107, li_recovered:  8.337, time: 0.007411788999888813
L: 0.50, u_super: 0.00327, sec: 177.367, prod: 0.073010, t_ads: 58.9, t_des: 57.0, bed_util_ads: 0.488, bed_util_des: 0.487, des_th: 0.4872887228503615,frac_lost: 0.100, li_recovered:  8.468, time: 0.010635466000167071
L: 0.50, u_super: 0.00618, sec: 343.716, prod: 0.139843, t_ads: 31.4, t_des: 28.7, bed_util_ads: 0.498, bed_util_des: 0.498, des_th: 0.4975901741621912,frac_lost: 0.102, li_recovered:  8.413, time: 0.00518314399960218
L: 0.50, u_super: 0.00919, sec: 617.381, prod: 0.179065, t_ads: 21.2, t_des: 27.4, bed_util_ads: 0.454, bed_util_des: 0.454, des_th: 0.45354878180835173,frac_lost: 0.103, li_recovered:  8.715, time: 0.0057628450012998655
L: 0.50, u_super: 0.00855, sec: 490.878, prod: 0.193632, t_ads: 22.9, t_des: 21.0, bed_util_ads: 0.498, bed_util_des: 0.498, des_th: 0.49769133736876736,frac_lost: 0.106, li_recovered:  8.491, time: 0.006696051999824704
L: 0.50, u_super: 0.00599, sec: 332.893, prod: 0.135396, t_ads: 32.4, t_des: 29.0, bed_util_ads: 0.500, bed_util_des: 0.499, des_th: 0.4994551150528117,frac_lost: 0.101, li_recovered:  8.304, time: 0.00540280499990331
L: 87.61, u_super: 0.00038 — INFEASIBLE (li_recovered=0.000e+00), time: 0.0011157930002809735
L: 0.50, u_super: 0.00381, sec: 207.447, prod: 0.085400, t_ads: 51.0, t_des: 45.2, bed_util_ads: 0.500, bed_util_des: 0.500, des_th: 0.49996454960777864,frac_lost: 0.105, li_recovered:  8.213, time: 0.005900373000258696
   713 |    28520 |     40 |  0.0016602828 |             f
L: 0.50, u_super: 0.00688, sec: 387.312, prod: 0.155387, t_ads: 28.4, t_des: 25.5, bed_util_ads: 0.500, bed_util_des: 0.500, des_th: 0.4998168344353165,frac_lost: 0.107, li_recovered:  8.381, time: 0.008783572000538697
L: 0.50, u_super: 0.00155, sec: 84.539, prod: 0.033493, t_ads: 123.5, t_des: 105.7, bed_util_ads: 0.497, bed_util_des: 0.496, des_th: 0.49643769184364345,frac_lost: 0.105, li_recovered:  7.679, time: 0.007123653000235208
L: 0.50, u_super: 0.00265, sec: 142.619, prod: 0.059280, t_ads: 72.6, t_des: 67.8, bed_util_ads: 0.491, bed_util_des: 0.491, des_th: 0.4909587440742678,frac_lost: 0.102, li_recovered:  8.321, time: 0.008218005999879097
L: 0.50, u_super: 0.00977, sec: 568.209, prod: 0.221437, t_ads: 20.0, t_des: 18.2, bed_util_ads: 0.500, bed_util_des: 0.500, des_th: 0.4995309367733678,frac_lost: 0.105, li_recovered:  8.460, time: 0.007168116999309859
L: 0.50, u_super: 0.00782, sec: 443.716, prod: 0.177536, t_ads: 24.8, t_des: 22.4, bed_util_ads: 0.499, bed_util_des: 0.499, des_th: 0.4993909923300857,frac_lost: 0.100, li_recovered:  8.380, time: 0.005474988000059966
L: 33.51, u_super: 0.00936 — INFEASIBLE (li_recovered=0.000e+00), time: 0.0022086030003265478
L: 0.50, u_super: 0.00567, sec: 313.333, prod: 0.128144, t_ads: 34.2, t_des: 31.5, bed_util_ads: 0.496, bed_util_des: 0.496, des_th: 0.4960012681905329,frac_lost: 0.101, li_recovered:  8.417, time: 0.0065864530006365385
L: 28.93, u_super: 0.00005 — INFEASIBLE (li_recovered=0.000e+00), time: 0.001071392000085325
L: 0.50, u_super: 0.00876, sec: 505.258, prod: 0.197884, t_ads: 22.3, t_des: 21.0, bed_util_ads: 0.494, bed_util_des: 0.494, des_th: 0.49376105646775953,frac_lost: 0.105, li_recovered:  8.565, time: 0.007212223001261009
L: 0.50, u_super: 0.00448, sec: 245.783, prod: 0.100723, t_ads: 43.5, t_des: 38.6, bed_util_ads: 0.500, bed_util_des: 0.499, des_th: 0.49948442806145826,frac_lost: 0.107, li_recovered:  8.270, time: 0.007530184000643203
L: 0.50, u_super: 0.00430, sec: 235.496, prod: 0.096580, t_ads: 45.1, t_des: 39.8, bed_util_ads: 0.500, bed_util_des: 0.500, des_th: 0.4999147781680429,frac_lost: 0.104, li_recovered:  8.200, time: 0.005855937000887934
L: 0.50, u_super: 0.00985, sec: 573.092, prod: 0.223411, t_ads: 19.8, t_des: 18.1, bed_util_ads: 0.500, bed_util_des: 0.499, des_th: 0.4994491993605198,frac_lost: 0.104, li_recovered:  8.460, time: 0.006006477999108029
L: 0.50, u_super: 0.00573, sec: 318.603, prod: 0.129119, t_ads: 34.2, t_des: 31.3, bed_util_ads: 0.497, bed_util_des: 0.497, des_th: 0.4967118166572774,frac_lost: 0.109, li_recovered:  8.458, time: 0.006761041000572732
L: 6.57, u_super: 0.00601 — INFEASIBLE (li_recovered=0.000e+00), time: 0.002718699000979541
L: 0.50, u_super: 0.00984, sec: 4387.824, prod: 0.029156, t_ads: 19.9, t_des: 281.2, bed_util_ads: 0.202, bed_util_des: 0.199, des_th: 0.19891582220377607,frac_lost: 0.105, li_recovered:  8.779, time: 0.045448877001035726
L: 0.50, u_super: 0.00734, sec: 415.303, prod: 0.165696, t_ads: 26.7, t_des: 24.6, bed_util_ads: 0.497, bed_util_des: 0.496, des_th: 0.4964456920080157,frac_lost: 0.107, li_recovered:  8.490, time: 0.007641886999408598
L: 0.50, u_super: 0.00367, sec: 199.541, prod: 0.082289, t_ads: 52.9, t_des: 47.2, bed_util_ads: 0.498, bed_util_des: 0.498, des_th: 0.49769459116832,frac_lost: 0.106, li_recovered:  8.243, time: 0.007889581998824724
L: 0.50, u_super: 0.00962, sec: 558.368, prod: 0.218192, t_ads: 20.3, t_des: 18.4, bed_util_ads: 0.500, bed_util_des: 0.500, des_th: 0.4995215709981213,frac_lost: 0.104, li_recovered:  8.448, time: 0.007211060999907204
L: 10.01, u_super: 0.00176 — INFEASIBLE (li_recovered=0.000e+00), time: 0.0011599829995248
L: 0.50, u_super: 0.00555, sec: 306.607, prod: 0.125419, t_ads: 35.0, t_des: 32.1, bed_util_ads: 0.497, bed_util_des: 0.497, des_th: 0.4966919258098995,frac_lost: 0.102, li_recovered:  8.410, time: 0.004894736999631277
L: 6.94, u_super: 0.00990 — INFEASIBLE (li_recovered=0.000e+00), time: 0.00332460499885201
L: 0.50, u_super: 0.00832, sec: 479.780, prod: 0.186666, t_ads: 23.6, t_des: 22.6, bed_util_ads: 0.492, bed_util_des: 0.492, des_th: 0.4919818253112788,frac_lost: 0.108, li_recovered:  8.611, time: 0.0067905840005551
L: 0.50, u_super: 0.00466, sec: 255.599, prod: 0.105044, t_ads: 41.7, t_des: 37.6, bed_util_ads: 0.498, bed_util_des: 0.498, des_th: 0.49765508364108363,frac_lost: 0.105, li_recovered:  8.329, time: 0.007043440999041195
L: 0.50, u_super: 0.00200, sec: 106.969, prod: 0.044294, t_ads: 95.9, t_des: 88.3, bed_util_ads: 0.491, bed_util_des: 0.490, des_th: 0.49008861634398876,frac_lost: 0.101, li_recovered:  8.158, time: 0.007082583000737941
L: 0.50, u_super: 0.00052, sec: 29.485, prod: 0.010527, t_ads: 352.8, t_des: 352.7, bed_util_ads: 0.456, bed_util_des: 0.453, des_th: 0.453103967752941,frac_lost: 0.104, li_recovered:  7.427, time: 0.006412634000298567
L: 15.85, u_super: 0.00851 — INFEASIBLE (li_recovered=0.000e+00), time: 0.002647601000717259
L: 0.50, u_super: 0.00026 — INFEASIBLE (li_recovered=0.000e+00), time: 0.0030662319986731745
L: 0.50, u_super: 0.00495, sec: 271.872, prod: 0.111677, t_ads: 39.2, t_des: 35.4, bed_util_ads: 0.499, bed_util_des: 0.498, des_th: 0.4984509342852142,frac_lost: 0.103, li_recovered:  8.338, time: 0.004641571000320255
L: 0.50, u_super: 0.00118, sec: 66.305, prod: 0.024545, t_ads: 161.0, t_des: 175.1, bed_util_ads: 0.463, bed_util_des: 0.461, des_th: 0.46102615560149385,frac_lost: 0.101, li_recovered:  8.251, time: 0.005470643998705782
L: 0.50, u_super: 0.00194, sec: 104.900, prod: 0.042480, t_ads: 98.6, t_des: 85.5, bed_util_ads: 0.497, bed_util_des: 0.497, des_th: 0.4970856934059587,frac_lost: 0.100, li_recovered:  7.822, time: 0.005549663999772747
L: 0.50, u_super: 0.00011 — INFEASIBLE (li_recovered=0.000e+00), time: 0.001296373000513995
L: 0.50, u_super: 0.00824, sec: 471.123, prod: 0.186481, t_ads: 23.7, t_des: 21.5, bed_util_ads: 0.500, bed_util_des: 0.499, des_th: 0.49942353325447775,frac_lost: 0.107, li_recovered:  8.437, time: 0.008996665001177462
L: 0.50, u_super: 0.00662, sec: 370.385, prod: 0.149940, t_ads: 29.3, t_des: 26.4, bed_util_ads: 0.499, bed_util_des: 0.498, des_th: 0.49845985252123504,frac_lost: 0.101, li_recovered:  8.360, time: 0.00649621400043543
L: 0.50, u_super: 0.00155, sec: 85.191, prod: 0.033236, t_ads: 122.7, t_des: 103.0, bed_util_ads: 0.499, bed_util_des: 0.499, des_th: 0.49914213534545,frac_lost: 0.100, li_recovered:  7.501, time: 0.005306250001012813
L: 0.50, u_super: 0.00942, sec: 546.080, prod: 0.213330, t_ads: 20.8, t_des: 19.1, bed_util_ads: 0.499, bed_util_des: 0.498, des_th: 0.49847346902825856,frac_lost: 0.106, li_recovered:  8.498, time: 0.0046274370015453314
L: 0.50, u_super: 0.00874, sec: 502.739, prod: 0.198001, t_ads: 22.3, t_des: 20.6, bed_util_ads: 0.498, bed_util_des: 0.497, des_th: 0.4975075052145446,frac_lost: 0.105, li_recovered:  8.495, time: 0.004928348998873844
L: 0.50, u_super: 0.00145, sec: 78.259, prod: 0.031700, t_ads: 131.6, t_des: 118.4, bed_util_ads: 0.491, bed_util_des: 0.490, des_th: 0.49008861634398876,frac_lost: 0.104, li_recovered:  7.924, time: 0.0042764900008478435
L: 0.50, u_super: 0.00735, sec: 415.899, prod: 0.166180, t_ads: 26.6, t_des: 23.9, bed_util_ads: 0.500, bed_util_des: 0.500, des_th: 0.4995447091527882,frac_lost: 0.107, li_recovered:  8.395, time: 0.004685230000177398
L: 0.50, u_super: 0.00625, sec: 348.847, prod: 0.141242, t_ads: 31.1, t_des: 27.8, bed_util_ads: 0.500, bed_util_des: 0.499, des_th: 0.49938638032846816,frac_lost: 0.104, li_recovered:  8.330, time: 0.004677764000007301
L: 0.50, u_super: 0.00957, sec: 555.435, prod: 0.217181, t_ads: 20.4, t_des: 18.5, bed_util_ads: 0.500, bed_util_des: 0.500, des_th: 0.4995309367733678,frac_lost: 0.104, li_recovered:  8.444, time: 0.004388105999169056
   714 |    28560 |     40 |  0.0031885256 |             f
L: 0.50, u_super: 0.00032, sec: 60.263, prod: 0.002002, t_ads: 617.6, t_des: 3744.9, bed_util_ads: 0.240, bed_util_des: 0.189, des_th: 0.18950545525538462,frac_lost: 0.105, li_recovered:  8.735, time: 0.01650488400082395
L: 0.50, u_super: 0.00038 — INFEASIBLE (li_recovered=0.000e+00), time: 0.0024683459996595047
L: 0.50, u_super: 0.00304, sec: 164.218, prod: 0.068154, t_ads: 63.4, t_des: 59.7, bed_util_ads: 0.491, bed_util_des: 0.491, des_th: 0.4905571247055586,frac_lost: 0.102, li_recovered:  8.387, time: 0.005504550999830826
L: 0.50, u_super: 0.00624, sec: 347.841, prod: 0.141076, t_ads: 31.2, t_des: 28.8, bed_util_ads: 0.496, bed_util_des: 0.495, des_th: 0.49545750796342697,frac_lost: 0.103, li_recovered:  8.465, time: 0.005564814999161172
L: 0.50, u_super: 0.00222, sec: 119.181, prod: 0.049307, t_ads: 86.9, t_des: 79.6, bed_util_ads: 0.492, bed_util_des: 0.492, des_th: 0.49200014675328607,frac_lost: 0.105, li_recovered:  8.208, time: 0.004148643998632906
L: 0.50, u_super: 0.00965, sec: 561.198, prod: 0.218605, t_ads: 20.2, t_des: 18.8, bed_util_ads: 0.496, bed_util_des: 0.496, des_th: 0.4958467567082678,frac_lost: 0.105, li_recovered:  8.529, time: 0.005373591000534361
L: 0.50, u_super: 0.00753, sec: 427.014, prod: 0.170173, t_ads: 26.0, t_des: 23.6, bed_util_ads: 0.500, bed_util_des: 0.499, des_th: 0.49942353325447775,frac_lost: 0.108, li_recovered:  8.439, time: 0.004424503000336699
L: 0.50, u_super: 0.00494, sec: 271.639, prod: 0.111309, t_ads: 39.3, t_des: 36.8, bed_util_ads: 0.494, bed_util_des: 0.493, des_th: 0.4934207722635231,frac_lost: 0.103, li_recovered:  8.468, time: 0.005478036000567954
L: 0.50, u_super: 0.00570, sec: 335.421, prod: 0.121036, t_ads: 34.1, t_des: 37.5, bed_util_ads: 0.474, bed_util_des: 0.474, des_th: 0.4738192881420513,frac_lost: 0.102, li_recovered:  8.665, time: 0.00546326199946634
L: 0.50, u_super: 0.00561, sec: 319.198, prod: 0.123267, t_ads: 34.6, t_des: 35.5, bed_util_ads: 0.482, bed_util_des: 0.481, des_th: 0.481458635405836,frac_lost: 0.102, li_recovered:  8.639, time: 0.004256387999703293
L: 43.55, u_super: 0.00141 — INFEASIBLE (li_recovered=0.000e+00), time: 0.0015584470002067974
L: 2.97, u_super: 0.00175 — INFEASIBLE (li_recovered=0.000e+00), time: 0.003051714000321226
L: 0.50, u_super: 0.00576, sec: 319.028, prod: 0.130063, t_ads: 33.7, t_des: 30.2, bed_util_ads: 0.500, bed_util_des: 0.500, des_th: 0.49980355679711547,frac_lost: 0.101, li_recovered:  8.306, time: 0.005232872001215583
L: 24.52, u_super: 0.00006 — INFEASIBLE (li_recovered=0.000e+00), time: 0.0014591570015909383
L: 3.47, u_super: 0.00289 — INFEASIBLE (li_recovered=0.000e+00), time: 0.005010630999095156
L: 0.50, u_super: 0.00824, sec: 478.148, prod: 0.183742, t_ads: 23.7, t_des: 23.3, bed_util_ads: 0.488, bed_util_des: 0.488, des_th: 0.48820205178980264,frac_lost: 0.106, li_recovered:  8.648, time: 0.007495251000364078
L: 0.50, u_super: 0.00697, sec: 403.573, prod: 0.153242, t_ads: 28.1, t_des: 28.5, bed_util_ads: 0.485, bed_util_des: 0.485, des_th: 0.4847045657212821,frac_lost: 0.108, li_recovered:  8.667, time: 0.005595734999587876
L: 0.50, u_super: 0.00505, sec: 319.519, prod: 0.098844, t_ads: 38.5, t_des: 49.2, bed_util_ads: 0.454, bed_util_des: 0.453, des_th: 0.45324743041129445,frac_lost: 0.101, li_recovered:  8.663, time: 0.006125527999756741
L: 0.50, u_super: 0.00863, sec: 694.296, prod: 0.139377, t_ads: 22.7, t_des: 39.9, bed_util_ads: 0.416, bed_util_des: 0.415, des_th: 0.4151493775368861,frac_lost: 0.106, li_recovered:  8.727, time: 0.009823828999287798
L: 0.50, u_super: 0.00196, sec: 105.610, prod: 0.043097, t_ads: 97.6, t_des: 85.7, bed_util_ads: 0.497, bed_util_des: 0.497, des_th: 0.49676379796824754,frac_lost: 0.100, li_recovered:  7.898, time: 0.008071717000348144
L: 94.10, u_super: 0.00735 — INFEASIBLE (li_recovered=0.000e+00), time: 0.0009959239996533142
L: 0.50, u_super: 0.00571, sec: 316.462, prod: 0.129008, t_ads: 34.0, t_des: 30.4, bed_util_ads: 0.500, bed_util_des: 0.500, des_th: 0.49983501784967477,frac_lost: 0.102, li_recovered:  8.307, time: 0.005115599000419024
L: 0.50, u_super: 0.00567, sec: 313.667, prod: 0.128156, t_ads: 34.2, t_des: 31.0, bed_util_ads: 0.498, bed_util_des: 0.498, des_th: 0.4978313992300455,frac_lost: 0.102, li_recovered:  8.359, time: 0.005981516998872394
L: 0.50, u_super: 0.00119 — INFEASIBLE (li_recovered=0.000e+00), time: 0.004335306000939454
L: 0.50, u_super: 0.00747, sec: 424.592, prod: 0.168445, t_ads: 26.2, t_des: 24.6, bed_util_ads: 0.494, bed_util_des: 0.494, des_th: 0.49416068167899957,frac_lost: 0.107, li_recovered:  8.553, time: 0.006967305000216584
L: 0.50, u_super: 0.00403, sec: 219.859, prod: 0.090627, t_ads: 48.2, t_des: 43.5, bed_util_ads: 0.498, bed_util_des: 0.498, des_th: 0.49769459116832,frac_lost: 0.107, li_recovered:  8.315, time: 0.008404080999753205
L: 0.50, u_super: 0.00722, sec: 408.300, prod: 0.163030, t_ads: 27.1, t_des: 24.4, bed_util_ads: 0.500, bed_util_des: 0.499, des_th: 0.49942353325447775,frac_lost: 0.109, li_recovered:  8.396, time: 0.006977106000704225
L: 29.54, u_super: 0.00005 — INFEASIBLE (li_recovered=0.000e+00), time: 0.0015387189996545203
L: 0.50, u_super: 0.00118, sec: 64.543, prod: 0.025519, t_ads: 160.6, t_des: 142.1, bed_util_ads: 0.490, bed_util_des: 0.489, des_th: 0.4892388486339249,frac_lost: 0.106, li_recovered:  7.725, time: 0.008170025001163594
L: 0.50, u_super: 0.00409, sec: 222.620, prod: 0.091886, t_ads: 47.6, t_des: 43.4, bed_util_ads: 0.496, bed_util_des: 0.496, des_th: 0.49599664170930496,frac_lost: 0.105, li_recovered:  8.362, time: 0.007417889000862488
L: 0.50, u_super: 0.00621, sec: 346.057, prod: 0.140571, t_ads: 31.2, t_des: 28.0, bed_util_ads: 0.499, bed_util_des: 0.499, des_th: 0.4990789885015688,frac_lost: 0.101, li_recovered:  8.317, time: 0.004500454999288195
L: 0.50, u_super: 0.00448, sec: 281.034, prod: 0.088089, t_ads: 43.3, t_des: 54.9, bed_util_ads: 0.455, bed_util_des: 0.454, des_th: 0.45374750910175965,frac_lost: 0.102, li_recovered:  8.650, time: 0.009126035000008414
L: 0.50, u_super: 0.00527, sec: 292.591, prod: 0.118356, t_ads: 36.9, t_des: 35.4, bed_util_ads: 0.491, bed_util_des: 0.490, des_th: 0.4903983776861752,frac_lost: 0.104, li_recovered:  8.548, time: 0.006828626999777043
L: 0.50, u_super: 0.00710, sec: 399.247, prod: 0.160834, t_ads: 27.3, t_des: 24.7, bed_util_ads: 0.499, bed_util_des: 0.498, des_th: 0.49845758357477077,frac_lost: 0.101, li_recovered:  8.369, time: 0.005865226999958395
L: 0.50, u_super: 0.00282, sec: 151.560, prod: 0.063067, t_ads: 68.3, t_des: 63.8, bed_util_ads: 0.491, bed_util_des: 0.491, des_th: 0.49093885369280044,frac_lost: 0.101, li_recovered:  8.333, time: 0.005573256001298432
L: 0.50, u_super: 0.00356, sec: 193.489, prod: 0.079521, t_ads: 54.6, t_des: 51.8, bed_util_ads: 0.491, bed_util_des: 0.491, des_th: 0.49094074784522973,frac_lost: 0.106, li_recovered:  8.462, time: 0.005651811999996426
L: 0.50, u_super: 0.00182, sec: 98.857, prod: 0.039919, t_ads: 104.7, t_des: 90.8, bed_util_ads: 0.497, bed_util_des: 0.496, des_th: 0.4963853121407651,frac_lost: 0.101, li_recovered:  7.808, time: 0.005004562999602058
L: 0.50, u_super: 0.00540, sec: 298.224, prod: 0.121776, t_ads: 35.9, t_des: 31.9, bed_util_ads: 0.500, bed_util_des: 0.499, des_th: 0.49941688390955663,frac_lost: 0.101, li_recovered:  8.262, time: 0.005486922000272898
L: 0.50, u_super: 0.00176, sec: 95.711, prod: 0.038230, t_ads: 108.7, t_des: 93.1, bed_util_ads: 0.498, bed_util_des: 0.498, des_th: 0.4975901741621912,frac_lost: 0.102, li_recovered:  7.715, time: 0.007557289000033052
L: 0.50, u_super: 0.00766, sec: 433.477, prod: 0.173621, t_ads: 25.4, t_des: 23.4, bed_util_ads: 0.496, bed_util_des: 0.496, des_th: 0.4962190282977662,frac_lost: 0.101, li_recovered:  8.473, time: 0.005365876999348984
   715 |    28600 |     40 |  0.0041832102 |             f
L: 0.50, u_super: 0.00895, sec: 516.115, prod: 0.202387, t_ads: 21.8, t_des: 20.3, bed_util_ads: 0.497, bed_util_des: 0.496, des_th: 0.49643769184364345,frac_lost: 0.105, li_recovered:  8.533, time: 0.0046624649985460564
L: 25.21, u_super: 0.00836 — INFEASIBLE (li_recovered=0.000e+00), time: 0.0022952700001042103
L: 0.50, u_super: 0.00437, sec: 2001.355, prod: 0.011712, t_ads: 44.8, t_des: 704.9, bed_util_ads: 0.191, bed_util_des: 0.185, des_th: 0.1851696623157332,frac_lost: 0.102, li_recovered:  8.781, time: 0.044314224000117974
L: 0.50, u_super: 0.00850, sec: 487.576, prod: 0.192408, t_ads: 23.0, t_des: 20.9, bed_util_ads: 0.499, bed_util_des: 0.498, des_th: 0.4984509342852142,frac_lost: 0.107, li_recovered:  8.454, time: 0.005210929999520886
L: 0.50, u_super: 0.00118, sec: 403.743, prod: 0.004049, t_ads: 167.9, t_des: 2006.8, bed_util_ads: 0.205, bed_util_des: 0.185, des_th: 0.1851696623157332,frac_lost: 0.106, li_recovered:  8.805, time: 0.028616629999305587
L: 0.50, u_super: 0.00853, sec: 489.727, prod: 0.193157, t_ads: 22.9, t_des: 20.8, bed_util_ads: 0.500, bed_util_des: 0.499, des_th: 0.4995030646261201,frac_lost: 0.107, li_recovered:  8.449, time: 0.00546534699969925
L: 0.50, u_super: 0.00311, sec: 168.644, prod: 0.069481, t_ads: 62.0, t_des: 54.4, bed_util_ads: 0.500, bed_util_des: 0.500, des_th: 0.4995936979979604,frac_lost: 0.102, li_recovered:  8.088, time: 0.004223451000143541
L: 0.50, u_super: 0.00990, sec: 576.481, prod: 0.224628, t_ads: 19.7, t_des: 17.9, bed_util_ads: 0.499, bed_util_des: 0.499, des_th: 0.4992727892655632,frac_lost: 0.104, li_recovered:  8.452, time: 0.0046288840003398946
L: 0.50, u_super: 0.00934, sec: 540.641, prod: 0.211896, t_ads: 20.9, t_des: 19.0, bed_util_ads: 0.499, bed_util_des: 0.499, des_th: 0.49929148460654915,frac_lost: 0.104, li_recovered:  8.450, time: 0.005603278999842587
L: 0.50, u_super: 0.00985, sec: 573.432, prod: 0.223589, t_ads: 19.8, t_des: 18.0, bed_util_ads: 0.500, bed_util_des: 0.499, des_th: 0.49941800771673645,frac_lost: 0.104, li_recovered:  8.447, time: 0.0054100239995023
L: 0.50, u_super: 0.00155, sec: 85.203, prod: 0.033232, t_ads: 122.6, t_des: 102.9, bed_util_ads: 0.500, bed_util_des: 0.500, des_th: 0.4997877800308961,frac_lost: 0.100, li_recovered:  7.493, time: 0.004837835998841911
L: 0.50, u_super: 0.00038, sec: 22.714, prod: 0.007220, t_ads: 463.4, t_des: 432.4, bed_util_ads: 0.453, bed_util_des: 0.451, des_th: 0.45096754708417325,frac_lost: 0.102, li_recovered:  6.468, time: 0.0040333180004381575
L: 0.50, u_super: 0.00445, sec: 243.773, prod: 0.100079, t_ads: 43.7, t_des: 39.0, bed_util_ads: 0.500, bed_util_des: 0.499, des_th: 0.49952358300545413,frac_lost: 0.106, li_recovered:  8.274, time: 0.004666106999138719
L: 0.50, u_super: 0.00280, sec: 150.466, prod: 0.062482, t_ads: 69.1, t_des: 64.3, bed_util_ads: 0.491, bed_util_des: 0.491, des_th: 0.4909587440742678,frac_lost: 0.103, li_recovered:  8.333, time: 0.007691348000662401
L: 11.30, u_super: 0.00850 — INFEASIBLE (li_recovered=0.000e+00), time: 0.003219331998479902
L: 0.50, u_super: 0.00430, sec: 235.235, prod: 0.096687, t_ads: 45.0, t_des: 39.9, bed_util_ads: 0.500, bed_util_des: 0.499, des_th: 0.4994628623830617,frac_lost: 0.103, li_recovered:  8.211, time: 0.0068714940007339465
L: 0.50, u_super: 0.00807, sec: 460.227, prod: 0.182566, t_ads: 24.2, t_des: 21.7, bed_util_ads: 0.500, bed_util_des: 0.499, des_th: 0.49942353325447775,frac_lost: 0.106, li_recovered:  8.389, time: 0.005961226999716018
L: 0.50, u_super: 0.00800, sec: 515.707, prod: 0.160268, t_ads: 24.4, t_des: 29.9, bed_util_ads: 0.462, bed_util_des: 0.461, des_th: 0.46102615560149385,frac_lost: 0.106, li_recovered:  8.708, time: 0.009547356999974
L: 0.50, u_super: 0.00012, sec: 13.846, prod: 0.001263, t_ads: 1578.4, t_des: 4926.1, bed_util_ads: 0.257, bed_util_des: 0.185, des_th: 0.1851696623157332,frac_lost: 0.101, li_recovered:  8.212, time: 0.010838819000127842
L: 0.50, u_super: 0.00151, sec: 81.298, prod: 0.033112, t_ads: 126.6, t_des: 115.2, bed_util_ads: 0.489, bed_util_des: 0.489, des_th: 0.4887216891625929,frac_lost: 0.104, li_recovered:  8.006, time: 0.0057726519989955705
L: 0.50, u_super: 0.00072 — INFEASIBLE (li_recovered=0.000e+00), time: 0.003757644999495824
L: 68.94, u_super: 0.00010 — INFEASIBLE (li_recovered=0.000e+00), time: 0.0014255630012485199
L: 0.50, u_super: 0.00356, sec: 192.924, prod: 0.079754, t_ads: 54.7, t_des: 50.2, bed_util_ads: 0.494, bed_util_des: 0.494, des_th: 0.4937426132882547,frac_lost: 0.106, li_recovered:  8.364, time: 0.007759260000966606
L: 0.50, u_super: 0.00936, sec: 541.747, prod: 0.212166, t_ads: 20.9, t_des: 19.0, bed_util_ads: 0.500, bed_util_des: 0.500, des_th: 0.4995309367733678,frac_lost: 0.105, li_recovered:  8.448, time: 0.00831209800162469
L: 0.50, u_super: 0.00008 — INFEASIBLE (li_recovered=0.000e+00), time: 0.002156504000595305
L: 0.50, u_super: 0.00576, sec: 318.719, prod: 0.130190, t_ads: 33.7, t_des: 30.9, bed_util_ads: 0.496, bed_util_des: 0.496, des_th: 0.49597200721477813,frac_lost: 0.102, li_recovered:  8.412, time: 0.00814535500103375
L: 1.51, u_super: 0.00382, sec: 643.700, prod: 0.083222, t_ads: 149.8, t_des: 137.4, bed_util_ads: 0.487, bed_util_des: 0.486, des_th: 0.4861495029953543,frac_lost: 0.103, li_recovered:  23.900, time: 0.00847618700026942
L: 0.50, u_super: 0.00527, sec: 290.730, prod: 0.119114, t_ads: 36.8, t_des: 33.7, bed_util_ads: 0.497, bed_util_des: 0.497, des_th: 0.49684016536852016,frac_lost: 0.103, li_recovered:  8.398, time: 0.011752690999855986
L: 0.50, u_super: 0.00710, sec: 399.249, prod: 0.160833, t_ads: 27.3, t_des: 25.3, bed_util_ads: 0.496, bed_util_des: 0.496, des_th: 0.4959782112839258,frac_lost: 0.101, li_recovered:  8.468, time: 0.008078498000031686
L: 0.50, u_super: 0.00965, sec: 560.666, prod: 0.218813, t_ads: 20.2, t_des: 18.4, bed_util_ads: 0.499, bed_util_des: 0.499, des_th: 0.4992735488593152,frac_lost: 0.105, li_recovered:  8.447, time: 0.008231302999774925
L: 0.50, u_super: 0.00621, sec: 345.822, prod: 0.140667, t_ads: 31.2, t_des: 28.6, bed_util_ads: 0.497, bed_util_des: 0.496, des_th: 0.49644552555548827,frac_lost: 0.101, li_recovered:  8.421, time: 0.006291151999903377
L: 41.59, u_super: 0.00261 — INFEASIBLE (li_recovered=0.000e+00), time: 0.0014593010000680806
L: 1.05, u_super: 0.00971, sec: 1195.007, prod: 0.218476, t_ads: 42.2, t_des: 38.0, bed_util_ads: 0.499, bed_util_des: 0.498, des_th: 0.4984117778740116,frac_lost: 0.106, li_recovered:  17.524, time: 0.005253781000646995
L: 0.50, u_super: 0.00278, sec: 149.271, prod: 0.062190, t_ads: 69.2, t_des: 64.1, bed_util_ads: 0.492, bed_util_des: 0.492, des_th: 0.49200014675328607,frac_lost: 0.101, li_recovered:  8.290, time: 0.004941596000207937
L: 0.50, u_super: 0.00119 — INFEASIBLE (li_recovered=0.000e+00), time: 0.0039440710006601876
L: 0.50, u_super: 0.00869, sec: 499.804, prod: 0.196777, t_ads: 22.5, t_des: 20.2, bed_util_ads: 0.500, bed_util_des: 0.500, des_th: 0.4999095480405552,frac_lost: 0.106, li_recovered:  8.396, time: 0.004778950000400073
L: 22.94, u_super: 0.00727 — INFEASIBLE (li_recovered=0.000e+00), time: 0.0017935790001502028
L: 1.05, u_super: 0.00075 — INFEASIBLE (li_recovered=0.000e+00), time: 0.0033559069997863844
L: 0.50, u_super: 0.00681, sec: 381.606, prod: 0.154253, t_ads: 28.5, t_des: 26.4, bed_util_ads: 0.496, bed_util_des: 0.496, des_th: 0.49583215445175266,frac_lost: 0.100, li_recovered:  8.472, time: 0.0055349640006170375
L: 0.50, u_super: 0.00005, sec: 4.324, prod: 0.000669, t_ads: 3431.3, t_des: 5857.7, bed_util_ads: 0.252, bed_util_des: 0.185, des_th: 0.1851696623157332,frac_lost: 0.102, li_recovered:  6.219, time: 0.008687179999469663
   716 |    28640 |     40 |  0.0029470491 |             f
L: 0.50, u_super: 0.00704, sec: 395.961, prod: 0.159653, t_ads: 27.6, t_des: 24.9, bed_util_ads: 0.499, bed_util_des: 0.499, des_th: 0.49927160186732816,frac_lost: 0.101, li_recovered:  8.377, time: 0.0053923390005365945
L: 4.36, u_super: 0.00492 — INFEASIBLE (li_recovered=0.000e+00), time: 0.0029852379993826617
L: 0.50, u_super: 0.00176, sec: 95.295, prod: 0.038397, t_ads: 108.9, t_des: 94.4, bed_util_ads: 0.498, bed_util_des: 0.497, des_th: 0.49758087383651084,frac_lost: 0.103, li_recovered:  7.806, time: 0.006223852000402985
L: 0.50, u_super: 0.00260, sec: 139.888, prod: 0.057841, t_ads: 74.2, t_des: 66.2, bed_util_ads: 0.497, bed_util_des: 0.497, des_th: 0.4967287683288883,frac_lost: 0.103, li_recovered:  8.124, time: 0.005701398999008234
L: 0.50, u_super: 0.00188, sec: 102.264, prod: 0.041024, t_ads: 101.5, t_des: 86.9, bed_util_ads: 0.499, bed_util_des: 0.499, des_th: 0.498886188158346,frac_lost: 0.100, li_recovered:  7.729, time: 0.00543378499969549
L: 0.50, u_super: 0.00038, sec: 22.714, prod: 0.007220, t_ads: 463.4, t_des: 432.4, bed_util_ads: 0.453, bed_util_des: 0.451, des_th: 0.45096754708417325,frac_lost: 0.102, li_recovered:  6.468, time: 0.005865491000804468
L: 0.50, u_super: 0.00356, sec: 193.607, prod: 0.079664, t_ads: 54.6, t_des: 48.3, bed_util_ads: 0.500, bed_util_des: 0.500, des_th: 0.49993401860626124,frac_lost: 0.107, li_recovered:  8.198, time: 0.00579946200014092
L: 0.50, u_super: 0.00220, sec: 122.071, prod: 0.047393, t_ads: 87.7, t_des: 91.2, bed_util_ads: 0.477, bed_util_des: 0.475, des_th: 0.47546420693870173,frac_lost: 0.105, li_recovered:  8.480, time: 0.006801823999921908
L: 0.50, u_super: 0.00005, sec: 4.368, prod: 0.000663, t_ads: 3608.2, t_des: 6800.4, bed_util_ads: 0.246, bed_util_des: 0.167, des_th: 0.16760093485324856,frac_lost: 0.102, li_recovered:  6.899, time: 0.006486570000561187
L: 0.50, u_super: 0.00649, sec: 362.763, prod: 0.147081, t_ads: 29.9, t_des: 27.7, bed_util_ads: 0.496, bed_util_des: 0.496, des_th: 0.4956971822331152,frac_lost: 0.101, li_recovered:  8.465, time: 0.011712928000633838
L: 0.50, u_super: 0.00154, sec: 84.450, prod: 0.033271, t_ads: 123.1, t_des: 104.6, bed_util_ads: 0.498, bed_util_des: 0.498, des_th: 0.4975901741621912,frac_lost: 0.100, li_recovered:  7.577, time: 0.005477365000842838
L: 0.50, u_super: 0.00965, sec: 560.924, prod: 0.218712, t_ads: 20.2, t_des: 18.8, bed_util_ads: 0.496, bed_util_des: 0.496, des_th: 0.4959265186284301,frac_lost: 0.103, li_recovered:  8.531, time: 0.006475714000771404
L: 0.50, u_super: 0.00761, sec: 432.063, prod: 0.171979, t_ads: 25.7, t_des: 23.4, bed_util_ads: 0.500, bed_util_des: 0.499, des_th: 0.4993697906945933,frac_lost: 0.108, li_recovered:  8.444, time: 0.0049033109989977675
L: 0.50, u_super: 0.00662, sec: 370.385, prod: 0.149940, t_ads: 29.3, t_des: 26.4, bed_util_ads: 0.499, bed_util_des: 0.498, des_th: 0.49845985252123504,frac_lost: 0.101, li_recovered:  8.360, time: 0.0060057249993406
L: 0.50, u_super: 0.00357, sec: 194.075, prod: 0.079987, t_ads: 54.6, t_des: 50.4, bed_util_ads: 0.494, bed_util_des: 0.494, des_th: 0.49366151280532583,frac_lost: 0.109, li_recovered:  8.397, time: 0.004871217999607325
L: 0.50, u_super: 0.00617, sec: 343.348, prod: 0.139717, t_ads: 31.4, t_des: 28.8, bed_util_ads: 0.497, bed_util_des: 0.497, des_th: 0.49716472688852803,frac_lost: 0.101, li_recovered:  8.415, time: 0.005450373999337899
L: 0.50, u_super: 0.00990, sec: 576.753, prod: 0.224522, t_ads: 19.7, t_des: 17.9, bed_util_ads: 0.500, bed_util_des: 0.499, des_th: 0.49949953244145345,frac_lost: 0.105, li_recovered:  8.447, time: 0.004648775999157806
L: 0.50, u_super: 0.00710, sec: 399.115, prod: 0.160887, t_ads: 27.3, t_des: 24.7, bed_util_ads: 0.500, bed_util_des: 0.499, des_th: 0.49942353325447775,frac_lost: 0.100, li_recovered:  8.370, time: 0.007034386000668746
L: 0.50, u_super: 0.00503, sec: 276.651, prod: 0.113380, t_ads: 38.6, t_des: 34.5, bed_util_ads: 0.499, bed_util_des: 0.498, des_th: 0.4984509342852142,frac_lost: 0.103, li_recovered:  8.293, time: 0.00484377599968866
L: 0.50, u_super: 0.00577, sec: 319.245, prod: 0.130418, t_ads: 33.6, t_des: 30.5, bed_util_ads: 0.497, bed_util_des: 0.497, des_th: 0.49715229641265113,frac_lost: 0.101, li_recovered:  8.364, time: 0.005556050999075524
L: 0.50, u_super: 0.00965, sec: 560.466, prod: 0.218891, t_ads: 20.2, t_des: 18.1, bed_util_ads: 0.500, bed_util_des: 0.500, des_th: 0.4997890064220159,frac_lost: 0.103, li_recovered:  8.391, time: 0.005378358000598382
L: 0.50, u_super: 0.00788, sec: 449.108, prod: 0.177824, t_ads: 24.9, t_des: 22.8, bed_util_ads: 0.499, bed_util_des: 0.498, des_th: 0.4984691528469146,frac_lost: 0.110, li_recovered:  8.485, time: 0.004563712998788105
L: 0.50, u_super: 0.00786, sec: 447.450, prod: 0.177667, t_ads: 24.9, t_des: 22.9, bed_util_ads: 0.497, bed_util_des: 0.496, des_th: 0.49644552555548827,frac_lost: 0.107, li_recovered:  8.492, time: 0.0039455049991374835
L: 0.50, u_super: 0.00383, sec: 233.407, prod: 0.076777, t_ads: 50.8, t_des: 61.6, bed_util_ads: 0.460, bed_util_des: 0.459, des_th: 0.4592747247127253,frac_lost: 0.105, li_recovered:  8.630, time: 0.0045494070000131615
L: 0.50, u_super: 0.00527, sec: 290.586, prod: 0.119173, t_ads: 36.8, t_des: 33.8, bed_util_ads: 0.497, bed_util_des: 0.497, des_th: 0.49669507490450376,frac_lost: 0.102, li_recovered:  8.408, time: 0.004148203001022921
L: 0.50, u_super: 0.00776, sec: 439.533, prod: 0.176008, t_ads: 25.0, t_des: 22.9, bed_util_ads: 0.498, bed_util_des: 0.498, des_th: 0.4978436870353958,frac_lost: 0.101, li_recovered:  8.437, time: 0.004444333999344963
L: 0.50, u_super: 0.00975, sec: 567.373, prod: 0.221077, t_ads: 20.0, t_des: 18.2, bed_util_ads: 0.500, bed_util_des: 0.499, des_th: 0.4994057748428068,frac_lost: 0.105, li_recovered:  8.449, time: 0.005237236000539269
L: 0.50, u_super: 0.00681, sec: 381.438, prod: 0.154272, t_ads: 28.5, t_des: 26.1, bed_util_ads: 0.497, bed_util_des: 0.497, des_th: 0.49730824987002403,frac_lost: 0.101, li_recovered:  8.421, time: 0.00750920300015423
L: 1.74, u_super: 0.00121 — INFEASIBLE (li_recovered=0.000e+00), time: 0.00244655299866281
L: 0.50, u_super: 0.00681, sec: 381.812, prod: 0.154170, t_ads: 28.5, t_des: 25.8, bed_util_ads: 0.499, bed_util_des: 0.499, des_th: 0.49917900307685065,frac_lost: 0.102, li_recovered:  8.382, time: 0.004092981998837786
L: 101.28, u_super: 0.00392 — INFEASIBLE (li_recovered=0.000e+00), time: 0.0007258610003191279
L: 0.50, u_super: 0.00722, sec: 408.300, prod: 0.163030, t_ads: 27.1, t_des: 24.4, bed_util_ads: 0.500, bed_util_des: 0.499, des_th: 0.49942353325447775,frac_lost: 0.109, li_recovered:  8.396, time: 0.004253061999406782
L: 5.01, u_super: 0.00527 — INFEASIBLE (li_recovered=0.000e+00), time: 0.00271142699966731
L: 0.50, u_super: 0.00693, sec: 390.447, prod: 0.156603, t_ads: 28.2, t_des: 25.4, bed_util_ads: 0.499, bed_util_des: 0.499, des_th: 0.498977631320086,frac_lost: 0.107, li_recovered:  8.392, time: 0.006364217000736971
L: 0.50, u_super: 0.00193, sec: 103.444, prod: 0.042749, t_ads: 99.2, t_des: 90.4, bed_util_ads: 0.492, bed_util_des: 0.492, des_th: 0.49200014675328607,frac_lost: 0.101, li_recovered:  8.103, time: 0.004855160001170589
L: 0.50, u_super: 0.00005, sec: 4.324, prod: 0.000669, t_ads: 3431.3, t_des: 5857.7, bed_util_ads: 0.252, bed_util_des: 0.185, des_th: 0.1851696623157332,frac_lost: 0.102, li_recovered:  6.219, time: 0.006252028000744758
L: 0.50, u_super: 0.00303, sec: 164.341, prod: 0.067673, t_ads: 63.6, t_des: 55.8, bed_util_ads: 0.500, bed_util_des: 0.500, des_th: 0.4995936979979604,frac_lost: 0.102, li_recovered:  8.082, time: 0.00421762500081968
L: 0.50, u_super: 0.00723, sec: 409.762, prod: 0.162730, t_ads: 27.1, t_des: 25.5, bed_util_ads: 0.494, bed_util_des: 0.494, des_th: 0.4937651837390366,frac_lost: 0.108, li_recovered:  8.555, time: 0.005326569998942432
L: 0.50, u_super: 0.00320, sec: 173.408, prod: 0.071363, t_ads: 60.4, t_des: 53.0, bed_util_ads: 0.500, bed_util_des: 0.500, des_th: 0.4995936979979604,frac_lost: 0.103, li_recovered:  8.091, time: 0.003945156000554562
L: 0.50, u_super: 0.00113, sec: 61.869, prod: 0.024373, t_ads: 167.9, t_des: 148.7, bed_util_ads: 0.490, bed_util_des: 0.489, des_th: 0.489369053170361,frac_lost: 0.108, li_recovered:  7.718, time: 0.005820796000989503
   717 |    28680 |     40 |  0.0020053551 |             f
L: 1.65, u_super: 0.00454 — INFEASIBLE (li_recovered=0.000e+00), time: 0.0031121430001803674
L: 0.50, u_super: 0.00617, sec: 343.348, prod: 0.139717, t_ads: 31.4, t_des: 28.8, bed_util_ads: 0.497, bed_util_des: 0.497, des_th: 0.49716472889535396,frac_lost: 0.101, li_recovered:  8.415, time: 0.004967925000528339
L: 0.50, u_super: 0.00387, sec: 210.763, prod: 0.086711, t_ads: 50.2, t_des: 44.5, bed_util_ads: 0.500, bed_util_des: 0.500, des_th: 0.49959814581058937,frac_lost: 0.106, li_recovered:  8.212, time: 0.008369503999347216
L: 0.50, u_super: 0.00151, sec: 81.478, prod: 0.033039, t_ads: 126.7, t_des: 113.7, bed_util_ads: 0.491, bed_util_des: 0.491, des_th: 0.4905634161815861,frac_lost: 0.105, li_recovered:  7.943, time: 0.005586953999227262
L: 0.50, u_super: 0.00649, sec: 363.167, prod: 0.146917, t_ads: 29.9, t_des: 26.7, bed_util_ads: 0.500, bed_util_des: 0.499, des_th: 0.49948606139273594,frac_lost: 0.102, li_recovered:  8.318, time: 0.005296530000123312
L: 0.50, u_super: 0.00007, sec: 5.939, prod: 0.000884, t_ads: 2721.1, t_des: 5384.4, bed_util_ads: 0.259, bed_util_des: 0.185, des_th: 0.1851696623157332,frac_lost: 0.103, li_recovered:  7.169, time: 0.0069847160011704545
L: 0.50, u_super: 0.00265, sec: 143.021, prod: 0.059114, t_ads: 72.7, t_des: 64.7, bed_util_ads: 0.497, bed_util_des: 0.497, des_th: 0.49659856727870655,frac_lost: 0.103, li_recovered:  8.117, time: 0.005353172999093658
L: 0.50, u_super: 0.00819, sec: 470.494, prod: 0.184442, t_ads: 23.9, t_des: 22.7, bed_util_ads: 0.494, bed_util_des: 0.494, des_th: 0.49371028791681204,frac_lost: 0.106, li_recovered:  8.588, time: 0.006433948999983841
L: 0.50, u_super: 0.00610, sec: 340.168, prod: 0.137472, t_ads: 32.1, t_des: 29.5, bed_util_ads: 0.497, bed_util_des: 0.497, des_th: 0.49730824987002403,frac_lost: 0.108, li_recovered:  8.469, time: 0.007381289000477409
L: 0.50, u_super: 0.00869, sec: 499.804, prod: 0.196777, t_ads: 22.5, t_des: 20.2, bed_util_ads: 0.500, bed_util_des: 0.500, des_th: 0.4999095480405552,frac_lost: 0.106, li_recovered:  8.396, time: 0.006165091999719152
L: 0.50, u_super: 0.00426, sec: 232.325, prod: 0.095787, t_ads: 45.7, t_des: 41.3, bed_util_ads: 0.498, bed_util_des: 0.498, des_th: 0.49780715709659373,frac_lost: 0.105, li_recovered:  8.329, time: 0.004604145000485005
L: 0.50, u_super: 0.00931, sec: 538.843, prod: 0.211118, t_ads: 21.0, t_des: 19.0, bed_util_ads: 0.500, bed_util_des: 0.499, des_th: 0.4994750975760951,frac_lost: 0.105, li_recovered:  8.441, time: 0.006243734000236145
L: 14.31, u_super: 0.00436 — INFEASIBLE (li_recovered=0.000e+00), time: 0.0023718949996691663
L: 0.50, u_super: 0.00466, sec: 255.507, prod: 0.105082, t_ads: 41.7, t_des: 37.7, bed_util_ads: 0.498, bed_util_des: 0.498, des_th: 0.49766266263172326,frac_lost: 0.104, li_recovered:  8.337, time: 0.004646274999686284
L: 0.50, u_super: 0.00016, sec: 21.316, prod: 0.001434, t_ads: 1207.4, t_des: 4688.9, bed_util_ads: 0.252, bed_util_des: 0.185, des_th: 0.1851696623157332,frac_lost: 0.100, li_recovered:  8.458, time: 0.013058470000032685
L: 72.37, u_super: 0.00617 — INFEASIBLE (li_recovered=0.000e+00), time: 0.001100812998629408
L: 0.50, u_super: 0.00723, sec: 408.563, prod: 0.163236, t_ads: 27.1, t_des: 24.5, bed_util_ads: 0.500, bed_util_des: 0.499, des_th: 0.49951609992333873,frac_lost: 0.108, li_recovered:  8.427, time: 0.005888589999813121
L: 0.50, u_super: 0.00221, sec: 129.184, prod: 0.045271, t_ads: 87.4, t_des: 100.7, bed_util_ads: 0.463, bed_util_des: 0.461, des_th: 0.46138132088325046,frac_lost: 0.105, li_recovered:  8.515, time: 0.005436244000520674
L: 0.50, u_super: 0.00577, sec: 319.245, prod: 0.130418, t_ads: 33.6, t_des: 30.5, bed_util_ads: 0.497, bed_util_des: 0.497, des_th: 0.49715229440582515,frac_lost: 0.101, li_recovered:  8.364, time: 0.0063275349984905915
L: 0.50, u_super: 0.00696, sec: 392.186, prod: 0.157115, t_ads: 28.2, t_des: 25.5, bed_util_ads: 0.500, bed_util_des: 0.499, des_th: 0.49941908544184876,frac_lost: 0.109, li_recovered:  8.431, time: 0.005062031999841565
L: 0.50, u_super: 0.00304, sec: 164.472, prod: 0.068049, t_ads: 63.2, t_des: 60.6, bed_util_ads: 0.489, bed_util_des: 0.489, des_th: 0.4887153976865654,frac_lost: 0.100, li_recovered:  8.428, time: 0.004782663998412318
L: 0.50, u_super: 0.00986, sec: 575.273, prod: 0.223417, t_ads: 19.8, t_des: 18.4, bed_util_ads: 0.496, bed_util_des: 0.496, des_th: 0.4956271216767836,frac_lost: 0.104, li_recovered:  8.539, time: 0.004343964999861782
L: 0.50, u_super: 0.00397, sec: 216.417, prod: 0.089196, t_ads: 49.0, t_des: 44.3, bed_util_ads: 0.498, bed_util_des: 0.498, des_th: 0.49769459116832,frac_lost: 0.107, li_recovered:  8.326, time: 0.006961260000025504
L: 0.50, u_super: 0.00118, sec: 64.558, prod: 0.025513, t_ads: 160.7, t_des: 142.1, bed_util_ads: 0.490, bed_util_des: 0.489, des_th: 0.4891908883672181,frac_lost: 0.107, li_recovered:  7.724, time: 0.005805019000035827
L: 0.50, u_super: 0.00923, sec: 572.962, prod: 0.194797, t_ads: 21.2, t_des: 23.6, bed_util_ads: 0.473, bed_util_des: 0.473, des_th: 0.47282873280103127,frac_lost: 0.104, li_recovered:  8.710, time: 0.007254015001308289
L: 4.26, u_super: 0.00484 — INFEASIBLE (li_recovered=0.000e+00), time: 0.004002878000392229
L: 0.50, u_super: 0.00069, sec: 38.698, prod: 0.014277, t_ads: 268.1, t_des: 240.3, bed_util_ads: 0.478, bed_util_des: 0.477, des_th: 0.476814476678985,frac_lost: 0.103, li_recovered:  7.258, time: 0.009438674000193714
L: 0.50, u_super: 0.00320, sec: 173.384, prod: 0.071373, t_ads: 60.3, t_des: 52.9, bed_util_ads: 0.500, bed_util_des: 0.500, des_th: 0.499897688287666,frac_lost: 0.102, li_recovered:  8.085, time: 0.005566792000536225
L: 0.50, u_super: 0.00311, sec: 167.530, prod: 0.069735, t_ads: 62.0, t_des: 57.8, bed_util_ads: 0.491, bed_util_des: 0.491, des_th: 0.4909587440742678,frac_lost: 0.100, li_recovered:  8.351, time: 0.006698926999888499
L: 0.50, u_super: 0.00965, sec: 560.744, prod: 0.218782, t_ads: 20.3, t_des: 18.4, bed_util_ads: 0.500, bed_util_des: 0.500, des_th: 0.4996748720244065,frac_lost: 0.105, li_recovered:  8.448, time: 0.00791757800107007
L: 35.83, u_super: 0.00554 — INFEASIBLE (li_recovered=0.000e+00), time: 0.001634357999137137
L: 0.50, u_super: 0.00101, sec: 56.539, prod: 0.021340, t_ads: 185.8, t_des: 157.4, bed_util_ads: 0.493, bed_util_des: 0.493, des_th: 0.49305305820796047,frac_lost: 0.105, li_recovered:  7.324, time: 0.004285991000870126
L: 0.50, u_super: 0.00889, sec: 511.912, prod: 0.201251, t_ads: 22.0, t_des: 20.0, bed_util_ads: 0.499, bed_util_des: 0.499, des_th: 0.4993697906945933,frac_lost: 0.106, li_recovered:  8.457, time: 0.007993187999090878
L: 0.50, u_super: 0.00168, sec: 91.462, prod: 0.036423, t_ads: 113.8, t_des: 97.3, bed_util_ads: 0.499, bed_util_des: 0.498, des_th: 0.49840267031203156,frac_lost: 0.103, li_recovered:  7.692, time: 0.00512973900003999
L: 0.50, u_super: 0.00761, sec: 432.093, prod: 0.171967, t_ads: 25.7, t_des: 23.1, bed_util_ads: 0.500, bed_util_des: 0.500, des_th: 0.4995022028820828,frac_lost: 0.108, li_recovered:  8.392, time: 0.00453455800015945
L: 0.50, u_super: 0.00936, sec: 653.200, prod: 0.175886, t_ads: 20.8, t_des: 28.7, bed_util_ads: 0.446, bed_util_des: 0.446, des_th: 0.44586389006295307,frac_lost: 0.103, li_recovered:  8.719, time: 0.005866920000698883
L: 0.50, u_super: 0.00976, sec: 567.646, prod: 0.221284, t_ads: 20.0, t_des: 18.1, bed_util_ads: 0.499, bed_util_des: 0.499, des_th: 0.4990006439419047,frac_lost: 0.105, li_recovered:  8.445, time: 0.0045353559999057325
L: 0.50, u_super: 0.00869, sec: 4422.109, prod: 0.022241, t_ads: 22.5, t_des: 372.2, bed_util_ads: 0.189, bed_util_des: 0.186, des_th: 0.18598304816965786,frac_lost: 0.103, li_recovered:  8.780, time: 0.04625232200123719
L: 0.50, u_super: 0.00255, sec: 137.106, prod: 0.056761, t_ads: 75.7, t_des: 71.4, bed_util_ads: 0.490, bed_util_des: 0.490, des_th: 0.4896113534046176,frac_lost: 0.104, li_recovered:  8.350, time: 0.008412737999606179
L: 0.50, u_super: 0.00039 — INFEASIBLE (li_recovered=0.000e+00), time: 0.003612152999266982
   718 |    28720 |     40 |  0.0043976699 |             f
L: 0.50, u_super: 0.00304, sec: 164.334, prod: 0.068106, t_ads: 63.4, t_des: 59.9, bed_util_ads: 0.491, bed_util_des: 0.490, des_th: 0.49012099681824733,frac_lost: 0.102, li_recovered:  8.399, time: 0.005792775998997968
L: 0.50, u_super: 0.00267, sec: 143.614, prod: 0.059623, t_ads: 72.1, t_des: 68.1, bed_util_ads: 0.490, bed_util_des: 0.490, des_th: 0.48976854639926887,frac_lost: 0.101, li_recovered:  8.356, time: 0.004774229999384261
L: 0.50, u_super: 0.00503, sec: 276.478, prod: 0.113451, t_ads: 38.6, t_des: 34.6, bed_util_ads: 0.499, bed_util_des: 0.499, des_th: 0.49853445199013485,frac_lost: 0.102, li_recovered:  8.295, time: 0.004854523000176414
L: 0.50, u_super: 0.00005, sec: 4.324, prod: 0.000669, t_ads: 3431.3, t_des: 5857.7, bed_util_ads: 0.252, bed_util_des: 0.185, des_th: 0.1851696623157332,frac_lost: 0.102, li_recovered:  6.219, time: 0.005285973000354716
L: 0.50, u_super: 0.00430, sec: 235.546, prod: 0.096560, t_ads: 45.1, t_des: 42.8, bed_util_ads: 0.492, bed_util_des: 0.492, des_th: 0.4915848970579495,frac_lost: 0.104, li_recovered:  8.489, time: 0.004628951999620767
L: 0.50, u_super: 0.00391, sec: 212.905, prod: 0.087782, t_ads: 49.8, t_des: 45.9, bed_util_ads: 0.494, bed_util_des: 0.494, des_th: 0.49396039150060395,frac_lost: 0.107, li_recovered:  8.401, time: 0.005068313001174829
L: 0.50, u_super: 0.00889, sec: 512.557, prod: 0.200998, t_ads: 22.1, t_des: 19.9, bed_util_ads: 0.500, bed_util_des: 0.500, des_th: 0.4995135335646147,frac_lost: 0.109, li_recovered:  8.445, time: 0.0050355399998807115
L: 44.38, u_super: 0.00909 — INFEASIBLE (li_recovered=0.000e+00), time: 0.0011942999990424141
L: 0.50, u_super: 0.00827, sec: 473.256, prod: 0.187008, t_ads: 23.7, t_des: 21.5, bed_util_ads: 0.500, bed_util_des: 0.499, des_th: 0.49942479537767165,frac_lost: 0.108, li_recovered:  8.452, time: 0.004281539999283268
L: 0.50, u_super: 0.00612, sec: 340.228, prod: 0.138364, t_ads: 31.8, t_des: 29.1, bed_util_ads: 0.497, bed_util_des: 0.497, des_th: 0.4972217845138871,frac_lost: 0.102, li_recovered:  8.423, time: 0.0049598579989833524
L: 0.50, u_super: 0.00976, sec: 567.735, prod: 0.221192, t_ads: 20.0, t_des: 18.4, bed_util_ads: 0.497, bed_util_des: 0.497, des_th: 0.49730824987002403,frac_lost: 0.105, li_recovered:  8.494, time: 0.005029789001127938
L: 0.50, u_super: 0.00332, sec: 181.765, prod: 0.073691, t_ads: 58.7, t_des: 56.8, bed_util_ads: 0.487, bed_util_des: 0.487, des_th: 0.4867350227464273,frac_lost: 0.109, li_recovered:  8.508, time: 0.004288672998882248
L: 0.50, u_super: 0.00634, sec: 353.579, prod: 0.143540, t_ads: 30.6, t_des: 28.4, bed_util_ads: 0.496, bed_util_des: 0.496, des_th: 0.4957168793611672,frac_lost: 0.101, li_recovered:  8.466, time: 0.006155491999379592
L: 0.50, u_super: 0.00889, sec: 511.912, prod: 0.201251, t_ads: 22.0, t_des: 20.0, bed_util_ads: 0.499, bed_util_des: 0.499, des_th: 0.4993697906945933,frac_lost: 0.106, li_recovered:  8.457, time: 0.008939206998547888
L: 0.50, u_super: 0.00129, sec: 69.734, prod: 0.027976, t_ads: 147.3, t_des: 132.0, bed_util_ads: 0.490, bed_util_des: 0.489, des_th: 0.4892388486339249,frac_lost: 0.103, li_recovered:  7.815, time: 0.007368367998424219
L: 0.50, u_super: 0.00979, sec: 569.566, prod: 0.221956, t_ads: 20.0, t_des: 18.1, bed_util_ads: 0.500, bed_util_des: 0.499, des_th: 0.4994180860106844,frac_lost: 0.105, li_recovered:  8.453, time: 0.006080790999476449
L: 0.50, u_super: 0.00005, sec: 4.337, prod: 0.000667, t_ads: 3371.2, t_des: 5610.2, bed_util_ads: 0.253, bed_util_des: 0.189, des_th: 0.18907807940195703,frac_lost: 0.101, li_recovered:  5.995, time: 0.006845597999927122
L: 0.50, u_super: 0.00696, sec: 391.025, prod: 0.157582, t_ads: 27.9, t_des: 25.0, bed_util_ads: 0.500, bed_util_des: 0.500, des_th: 0.4997225723388191,frac_lost: 0.101, li_recovered:  8.328, time: 0.006819469999754801
L: 0.78, u_super: 0.00807, sec: 720.115, prod: 0.182172, t_ads: 37.5, t_des: 33.6, bed_util_ads: 0.499, bed_util_des: 0.499, des_th: 0.4993400155030653,frac_lost: 0.101, li_recovered:  12.943, time: 0.0059982610000588465
L: 0.50, u_super: 0.00466, sec: 255.955, prod: 0.104898, t_ads: 41.9, t_des: 38.0, bed_util_ads: 0.498, bed_util_des: 0.498, des_th: 0.49766266263172326,frac_lost: 0.108, li_recovered:  8.384, time: 0.00629927400041197
L: 19.42, u_super: 0.00122 — INFEASIBLE (li_recovered=0.000e+00), time: 0.0012539689996629022
L: 0.50, u_super: 0.00857, sec: 491.845, prod: 0.194050, t_ads: 22.8, t_des: 20.4, bed_util_ads: 0.500, bed_util_des: 0.500, des_th: 0.4999095480405552,frac_lost: 0.105, li_recovered:  8.385, time: 0.007653011000002152
L: 0.50, u_super: 0.00430, sec: 234.894, prod: 0.096651, t_ads: 45.2, t_des: 40.4, bed_util_ads: 0.500, bed_util_des: 0.499, des_th: 0.49947650013754047,frac_lost: 0.105, li_recovered:  8.275, time: 0.0051921760004915996
L: 0.50, u_super: 0.00356, sec: 192.931, prod: 0.079750, t_ads: 54.6, t_des: 50.7, bed_util_ads: 0.494, bed_util_des: 0.494, des_th: 0.49358560283725694,frac_lost: 0.106, li_recovered:  8.397, time: 0.0046689800001331605
L: 0.50, u_super: 0.00860, sec: 493.893, prod: 0.194629, t_ads: 22.7, t_des: 20.9, bed_util_ads: 0.497, bed_util_des: 0.497, des_th: 0.4973089211195511,frac_lost: 0.106, li_recovered:  8.488, time: 0.005335575999197317
L: 0.50, u_super: 0.00806, sec: 460.059, prod: 0.182419, t_ads: 24.3, t_des: 22.0, bed_util_ads: 0.499, bed_util_des: 0.499, des_th: 0.4993685285713994,frac_lost: 0.107, li_recovered:  8.442, time: 0.00571123099871329
L: 0.54, u_super: 0.00694, sec: 425.384, prod: 0.156872, t_ads: 30.5, t_des: 27.3, bed_util_ads: 0.500, bed_util_des: 0.500, des_th: 0.4995053574033706,frac_lost: 0.102, li_recovered:  9.060, time: 0.008174420998329879
L: 27.59, u_super: 0.00664 — INFEASIBLE (li_recovered=0.000e+00), time: 0.0021651209990523057
L: 0.50, u_super: 0.00527, sec: 290.829, prod: 0.119073, t_ads: 36.9, t_des: 33.7, bed_util_ads: 0.497, bed_util_des: 0.497, des_th: 0.4966753777764517,frac_lost: 0.104, li_recovered:  8.407, time: 0.006446563000281458
L: 1.77, u_super: 0.00577, sec: 1177.530, prod: 0.124964, t_ads: 117.3, t_des: 100.1, bed_util_ads: 0.497, bed_util_des: 0.497, des_th: 0.49715229440582515,frac_lost: 0.105, li_recovered:  27.173, time: 0.005078627000330016
L: 57.42, u_super: 0.00394 — INFEASIBLE (li_recovered=0.000e+00), time: 0.0009832060004555387
L: 0.50, u_super: 0.00768, sec: 434.914, prod: 0.173965, t_ads: 25.3, t_des: 22.6, bed_util_ads: 0.500, bed_util_des: 0.500, des_th: 0.49965750146311694,frac_lost: 0.100, li_recovered:  8.333, time: 0.005985241001326358
L: 32.50, u_super: 0.00737 — INFEASIBLE (li_recovered=0.000e+00), time: 0.0016378220007027267
L: 5.71, u_super: 0.00647 — INFEASIBLE (li_recovered=0.000e+00), time: 0.002592337001260603
L: 0.50, u_super: 0.00621, sec: 346.416, prod: 0.140426, t_ads: 31.3, t_des: 27.9, bed_util_ads: 0.500, bed_util_des: 0.499, des_th: 0.4994119790108638,frac_lost: 0.102, li_recovered:  8.305, time: 0.006796425001084572
L: 9.06, u_super: 0.00431 — INFEASIBLE (li_recovered=0.000e+00), time: 0.001723356999718817
L: 0.50, u_super: 0.00150, sec: 81.551, prod: 0.032753, t_ads: 127.2, t_des: 111.7, bed_util_ads: 0.493, bed_util_des: 0.493, des_th: 0.49278865509936204,frac_lost: 0.106, li_recovered:  7.825, time: 0.004106382999452762
L: 0.50, u_super: 0.00814, sec: 464.540, prod: 0.184221, t_ads: 24.0, t_des: 21.8, bed_util_ads: 0.500, bed_util_des: 0.499, des_th: 0.49942353325447775,frac_lost: 0.106, li_recovered:  8.439, time: 0.008031089999349206
L: 0.50, u_super: 0.00771, sec: 436.727, prod: 0.174941, t_ads: 25.2, t_des: 23.0, bed_util_ads: 0.497, bed_util_des: 0.497, des_th: 0.497064324766855,frac_lost: 0.101, li_recovered:  8.433, time: 0.005736790000810288
L: 0.50, u_super: 0.00456, sec: 249.728, prod: 0.102548, t_ads: 42.8, t_des: 38.5, bed_util_ads: 0.498, bed_util_des: 0.498, des_th: 0.4980295956007738,frac_lost: 0.107, li_recovered:  8.336, time: 0.007556357000794378
   719 |    28760 |     40 |  0.0026599522 |             f
L: 0.50, u_super: 0.00067, sec: 37.948, prod: 0.013990, t_ads: 272.9, t_des: 245.7, bed_util_ads: 0.478, bed_util_des: 0.477, des_th: 0.476814476678985,frac_lost: 0.102, li_recovered:  7.254, time: 0.008743080999920494
L: 0.50, u_super: 0.00272, sec: 146.421, prod: 0.060911, t_ads: 70.7, t_des: 65.3, bed_util_ads: 0.492, bed_util_des: 0.492, des_th: 0.49200014675328607,frac_lost: 0.102, li_recovered:  8.286, time: 0.006277230999330641
L: 0.50, u_super: 0.00887, sec: 510.547, prod: 0.200870, t_ads: 22.0, t_des: 20.0, bed_util_ads: 0.499, bed_util_des: 0.499, des_th: 0.4993697906945933,frac_lost: 0.106, li_recovered:  8.442, time: 0.0057462489985482534
L: 0.50, u_super: 0.00468, sec: 256.659, prod: 0.105270, t_ads: 41.6, t_des: 37.1, bed_util_ads: 0.500, bed_util_des: 0.499, des_th: 0.4994358954982902,frac_lost: 0.105, li_recovered:  8.276, time: 0.0069571680014632875
L: 0.50, u_super: 0.00990, sec: 613.928, prod: 0.210927, t_ads: 19.7, t_des: 21.6, bed_util_ads: 0.475, bed_util_des: 0.475, des_th: 0.474811467528133,frac_lost: 0.103, li_recovered:  8.711, time: 0.005119747998833191
L: 0.50, u_super: 0.00151, sec: 81.298, prod: 0.033112, t_ads: 126.6, t_des: 115.2, bed_util_ads: 0.489, bed_util_des: 0.489, des_th: 0.4887216891625929,frac_lost: 0.104, li_recovered:  8.006, time: 0.0078048359991953475
L: 0.50, u_super: 0.00556, sec: 307.361, prod: 0.125633, t_ads: 34.9, t_des: 31.6, bed_util_ads: 0.499, bed_util_des: 0.499, des_th: 0.49853445199013485,frac_lost: 0.102, li_recovered:  8.356, time: 0.004147703999478836
L: 0.50, u_super: 0.00973, sec: 566.132, prod: 0.220605, t_ads: 20.1, t_des: 18.1, bed_util_ads: 0.500, bed_util_des: 0.500, des_th: 0.4998929858779309,frac_lost: 0.105, li_recovered:  8.413, time: 0.007733632999588735
L: 0.50, u_super: 0.00308, sec: 225.633, prod: 0.050819, t_ads: 63.1, t_des: 106.8, bed_util_ads: 0.417, bed_util_des: 0.415, des_th: 0.4148779738147569,frac_lost: 0.104, li_recovered:  8.631, time: 0.010690424998756498
L: 0.50, u_super: 0.00681, sec: 388.532, prod: 0.151455, t_ads: 28.8, t_des: 28.2, bed_util_ads: 0.489, bed_util_des: 0.489, des_th: 0.48913464302790005,frac_lost: 0.108, li_recovered:  8.634, time: 0.005219677001150558
L: 0.50, u_super: 0.00503, sec: 303.222, prod: 0.103445, t_ads: 38.6, t_des: 45.1, bed_util_ads: 0.466, bed_util_des: 0.465, des_th: 0.465036255028524,frac_lost: 0.103, li_recovered:  8.658, time: 0.008067753000432276
L: 0.50, u_super: 0.00356, sec: 192.886, prod: 0.079769, t_ads: 54.6, t_des: 50.0, bed_util_ads: 0.495, bed_util_des: 0.494, des_th: 0.4944034882775277,frac_lost: 0.106, li_recovered:  8.347, time: 0.005324028999893926
L: 0.50, u_super: 0.00696, sec: 390.981, prod: 0.157599, t_ads: 27.9, t_des: 24.9, bed_util_ads: 0.500, bed_util_des: 0.500, des_th: 0.49989989381009375,frac_lost: 0.100, li_recovered:  8.323, time: 0.005496374000358628
L: 0.50, u_super: 0.00754, sec: 432.504, prod: 0.168408, t_ads: 26.0, t_des: 25.2, bed_util_ads: 0.490, bed_util_des: 0.490, des_th: 0.48969200942089874,frac_lost: 0.108, li_recovered:  8.626, time: 0.005344779001461575
L: 0.99, u_super: 0.00918, sec: 1057.968, prod: 0.206251, t_ads: 42.1, t_des: 37.4, bed_util_ads: 0.500, bed_util_des: 0.499, des_th: 0.4994590085365302,frac_lost: 0.107, li_recovered:  16.390, time: 0.0057713709993549855
L: 0.50, u_super: 0.00849, sec: 487.001, prod: 0.192015, t_ads: 23.1, t_des: 21.1, bed_util_ads: 0.497, bed_util_des: 0.497, des_th: 0.49715229440582515,frac_lost: 0.107, li_recovered:  8.487, time: 0.0061470469991036225
L: 0.50, u_super: 0.00583, sec: 323.087, prod: 0.131728, t_ads: 33.3, t_des: 30.2, bed_util_ads: 0.497, bed_util_des: 0.497, des_th: 0.4973128698117168,frac_lost: 0.103, li_recovered:  8.374, time: 0.008268785999462125
L: 0.50, u_super: 0.00211, sec: 1416.404, prod: 0.003760, t_ads: 92.8, t_des: 2250.5, bed_util_ads: 0.158, bed_util_des: 0.144, des_th: 0.14416989499091282,frac_lost: 0.100, li_recovered:  8.811, time: 0.06408691099932184
L: 0.50, u_super: 0.00193, sec: 103.444, prod: 0.042749, t_ads: 99.2, t_des: 90.4, bed_util_ads: 0.492, bed_util_des: 0.492, des_th: 0.49200014675328607,frac_lost: 0.101, li_recovered:  8.103, time: 0.009732728000017232
L: 0.50, u_super: 0.00267, sec: 143.939, prod: 0.059653, t_ads: 72.1, t_des: 68.1, bed_util_ads: 0.490, bed_util_des: 0.490, des_th: 0.48963180724258437,frac_lost: 0.103, li_recovered:  8.364, time: 0.006325350999759394
L: 0.50, u_super: 0.00268, sec: 144.536, prod: 0.059855, t_ads: 71.9, t_des: 67.9, bed_util_ads: 0.490, bed_util_des: 0.490, des_th: 0.48976854639926887,frac_lost: 0.103, li_recovered:  8.367, time: 0.00938719899932039
L: 0.50, u_super: 0.00761, sec: 431.946, prod: 0.172026, t_ads: 25.7, t_des: 23.1, bed_util_ads: 0.500, bed_util_des: 0.500, des_th: 0.49954833827004436,frac_lost: 0.107, li_recovered:  8.391, time: 0.005872544999874663
L: 0.50, u_super: 0.00578, sec: 320.462, prod: 0.130821, t_ads: 33.6, t_des: 30.7, bed_util_ads: 0.497, bed_util_des: 0.497, des_th: 0.49715229440582515,frac_lost: 0.102, li_recovered:  8.405, time: 0.004989945999113843
L: 0.50, u_super: 0.00178, sec: 97.167, prod: 0.038765, t_ads: 107.4, t_des: 91.6, bed_util_ads: 0.498, bed_util_des: 0.498, des_th: 0.4979926691340158,frac_lost: 0.103, li_recovered:  7.714, time: 0.0056099089997587726
L: 0.50, u_super: 0.00005, sec: 4.432, prod: 0.000653, t_ads: 3102.1, t_des: 4789.6, bed_util_ads: 0.255, bed_util_des: 0.204, des_th: 0.20439139847802115,frac_lost: 0.100, li_recovered:  5.154, time: 0.005930033001277479
L: 26.64, u_super: 0.00038 — INFEASIBLE (li_recovered=0.000e+00), time: 0.0008857570010150084
L: 24.72, u_super: 0.00490 — INFEASIBLE (li_recovered=0.000e+00), time: 0.0014601139992009848
L: 0.50, u_super: 0.00378, sec: 205.545, prod: 0.084727, t_ads: 51.5, t_des: 46.0, bed_util_ads: 0.499, bed_util_des: 0.498, des_th: 0.49851521152367295,frac_lost: 0.106, li_recovered:  8.255, time: 0.005200736999540823
L: 0.50, u_super: 0.00118, sec: 66.023, prod: 0.024947, t_ads: 160.2, t_des: 133.1, bed_util_ads: 0.497, bed_util_des: 0.497, des_th: 0.4974123825721512,frac_lost: 0.106, li_recovered:  7.319, time: 0.004944411000906257
L: 0.50, u_super: 0.00019 — INFEASIBLE (li_recovered=0.000e+00), time: 0.0019281939985376084
L: 0.50, u_super: 0.00990, sec: 576.015, prod: 0.224810, t_ads: 19.7, t_des: 17.9, bed_util_ads: 0.500, bed_util_des: 0.499, des_th: 0.49941800771673645,frac_lost: 0.102, li_recovered:  8.443, time: 0.006414388999473886
L: 0.50, u_super: 0.00143, sec: 79.208, prod: 0.030527, t_ads: 133.7, t_des: 111.2, bed_util_ads: 0.500, bed_util_des: 0.499, des_th: 0.4994180783797285,frac_lost: 0.108, li_recovered:  7.476, time: 0.00439257400103088
L: 0.50, u_super: 0.00966, sec: 561.159, prod: 0.219088, t_ads: 20.2, t_des: 18.4, bed_util_ads: 0.500, bed_util_des: 0.500, des_th: 0.4998050954061443,frac_lost: 0.105, li_recovered:  8.449, time: 0.006279558001551777
L: 0.50, u_super: 0.00577, sec: 338.529, prod: 0.123198, t_ads: 33.7, t_des: 36.7, bed_util_ads: 0.475, bed_util_des: 0.475, des_th: 0.47483521791350397,frac_lost: 0.102, li_recovered:  8.665, time: 0.007693047000429942
L: 0.50, u_super: 0.00178, sec: 95.485, prod: 0.039337, t_ads: 107.5, t_des: 99.0, bed_util_ads: 0.489, bed_util_des: 0.489, des_th: 0.488717011544061,frac_lost: 0.102, li_recovered:  8.123, time: 0.009245270999599597
L: 0.50, u_super: 0.00009 — INFEASIBLE (li_recovered=0.000e+00), time: 0.002185893999921973
L: 0.50, u_super: 0.00483, sec: 265.819, prod: 0.108628, t_ads: 40.2, t_des: 38.0, bed_util_ads: 0.492, bed_util_des: 0.492, des_th: 0.4916185025823287,frac_lost: 0.103, li_recovered:  8.501, time: 0.009863119999863557
L: 0.50, u_super: 0.00118, sec: 64.543, prod: 0.025519, t_ads: 160.6, t_des: 142.0, bed_util_ads: 0.490, bed_util_des: 0.489, des_th: 0.4892183947959582,frac_lost: 0.106, li_recovered:  7.722, time: 0.009523048998744343
L: 0.50, u_super: 0.00247, sec: 133.276, prod: 0.054733, t_ads: 78.1, t_des: 75.5, bed_util_ads: 0.487, bed_util_des: 0.486, des_th: 0.48629145037201416,frac_lost: 0.103, li_recovered:  8.407, time: 0.006547551000039675
L: 0.50, u_super: 0.00151, sec: 81.944, prod: 0.033043, t_ads: 126.8, t_des: 112.3, bed_util_ads: 0.493, bed_util_des: 0.492, des_th: 0.49223361572045654,frac_lost: 0.108, li_recovered:  7.901, time: 0.00776122299976123
   720 |    28800 |     40 |  0.0019608386 |             f
L: 0.50, u_super: 0.00067 — INFEASIBLE (li_recovered=0.000e+00), time: 0.003304286001366563
L: 0.50, u_super: 0.00219, sec: 117.707, prod: 0.048571, t_ads: 88.3, t_des: 80.4, bed_util_ads: 0.493, bed_util_des: 0.492, des_th: 0.49248467511479427,frac_lost: 0.107, li_recovered:  8.193, time: 0.007603754000228946
L: 0.50, u_super: 0.00525, sec: 289.286, prod: 0.118370, t_ads: 37.0, t_des: 33.1, bed_util_ads: 0.500, bed_util_des: 0.499, des_th: 0.4994347164598632,frac_lost: 0.102, li_recovered:  8.294, time: 0.01028417400084436
L: 0.50, u_super: 0.00951, sec: 551.576, prod: 0.215572, t_ads: 20.5, t_des: 18.9, bed_util_ads: 0.498, bed_util_des: 0.498, des_th: 0.49796111199352633,frac_lost: 0.105, li_recovered:  8.493, time: 0.00786306600093667
L: 0.50, u_super: 0.00540, sec: 298.105, prod: 0.122074, t_ads: 35.9, t_des: 32.9, bed_util_ads: 0.497, bed_util_des: 0.497, des_th: 0.49687800938547305,frac_lost: 0.103, li_recovered:  8.408, time: 0.008005867999600014
L: 0.50, u_super: 0.00426, sec: 232.209, prod: 0.095719, t_ads: 45.7, t_des: 42.3, bed_util_ads: 0.495, bed_util_des: 0.494, des_th: 0.4945017385385616,frac_lost: 0.105, li_recovered:  8.419, time: 0.009624266998798703
L: 0.50, u_super: 0.00397, sec: 216.402, prod: 0.089202, t_ads: 48.9, t_des: 43.7, bed_util_ads: 0.498, bed_util_des: 0.498, des_th: 0.49769459116832,frac_lost: 0.105, li_recovered:  8.259, time: 0.007521148998421268
L: 0.50, u_super: 0.00990, sec: 576.724, prod: 0.224533, t_ads: 19.7, t_des: 17.9, bed_util_ads: 0.500, bed_util_des: 0.499, des_th: 0.4994658674439127,frac_lost: 0.105, li_recovered:  8.453, time: 0.007241934999910882
L: 0.50, u_super: 0.00151, sec: 81.298, prod: 0.033112, t_ads: 126.6, t_des: 115.2, bed_util_ads: 0.489, bed_util_des: 0.489, des_th: 0.4887216891625929,frac_lost: 0.104, li_recovered:  8.006, time: 0.007943446998979198
L: 5.88, u_super: 0.00761 — INFEASIBLE (li_recovered=0.000e+00), time: 0.003788202000578167
L: 0.50, u_super: 0.00397, sec: 216.417, prod: 0.089196, t_ads: 49.0, t_des: 44.3, bed_util_ads: 0.498, bed_util_des: 0.498, des_th: 0.49769459116832,frac_lost: 0.107, li_recovered:  8.326, time: 0.009956826999768964
L: 0.50, u_super: 0.00533, sec: 294.538, prod: 0.120301, t_ads: 36.5, t_des: 32.6, bed_util_ads: 0.500, bed_util_des: 0.499, des_th: 0.49942477696837767,frac_lost: 0.104, li_recovered:  8.312, time: 0.00515568999981042
L: 0.50, u_super: 0.00523, sec: 287.770, prod: 0.118220, t_ads: 37.0, t_des: 33.6, bed_util_ads: 0.497, bed_util_des: 0.497, des_th: 0.49681497356977583,frac_lost: 0.100, li_recovered:  8.348, time: 0.007643577999260742
L: 0.50, u_super: 0.00038 — INFEASIBLE (li_recovered=0.000e+00), time: 0.00795823000044038
L: 0.50, u_super: 0.00426, sec: 241.089, prod: 0.092305, t_ads: 45.7, t_des: 47.7, bed_util_ads: 0.479, bed_util_des: 0.479, des_th: 0.47876340592342254,frac_lost: 0.105, li_recovered:  8.619, time: 0.006150623999928939
L: 0.50, u_super: 0.00247, sec: 133.254, prod: 0.054789, t_ads: 78.0, t_des: 68.7, bed_util_ads: 0.497, bed_util_des: 0.497, des_th: 0.4971550482093474,frac_lost: 0.104, li_recovered:  8.043, time: 0.005849592998856679
L: 0.50, u_super: 0.00665, sec: 373.691, prod: 0.150146, t_ads: 29.5, t_des: 26.7, bed_util_ads: 0.499, bed_util_des: 0.498, des_th: 0.49845985252123504,frac_lost: 0.109, li_recovered:  8.431, time: 0.0056990749999386026
L: 0.50, u_super: 0.00723, sec: 408.629, prod: 0.163210, t_ads: 27.1, t_des: 24.3, bed_util_ads: 0.500, bed_util_des: 0.500, des_th: 0.4996505184263319,frac_lost: 0.108, li_recovered:  8.384, time: 0.005248043000392499
L: 0.50, u_super: 0.00859, sec: 493.244, prod: 0.194363, t_ads: 22.8, t_des: 20.7, bed_util_ads: 0.499, bed_util_des: 0.499, des_th: 0.4991754549876567,frac_lost: 0.107, li_recovered:  8.447, time: 0.005214851000346243
L: 0.50, u_super: 0.00802, sec: 457.143, prod: 0.181409, t_ads: 24.4, t_des: 22.2, bed_util_ads: 0.499, bed_util_des: 0.499, des_th: 0.4993685285713994,frac_lost: 0.107, li_recovered:  8.447, time: 0.007434318000377971
L: 0.50, u_super: 0.00683, sec: 406.908, prod: 0.145610, t_ads: 28.7, t_des: 31.0, bed_util_ads: 0.477, bed_util_des: 0.476, des_th: 0.4763624048868405,frac_lost: 0.107, li_recovered:  8.688, time: 0.007004839999353862
L: 0.50, u_super: 0.00833, sec: 477.124, prod: 0.188425, t_ads: 23.5, t_des: 21.6, bed_util_ads: 0.497, bed_util_des: 0.497, des_th: 0.4966677656059694,frac_lost: 0.107, li_recovered:  8.493, time: 0.005728223000915023
L: 0.50, u_super: 0.00875, sec: 503.230, prod: 0.197967, t_ads: 22.4, t_des: 20.3, bed_util_ads: 0.499, bed_util_des: 0.499, des_th: 0.49857483302321826,frac_lost: 0.107, li_recovered:  8.452, time: 0.005008932999771787
L: 0.50, u_super: 0.00167, sec: 102.031, prod: 0.032545, t_ads: 115.2, t_des: 144.5, bed_util_ads: 0.450, bed_util_des: 0.447, des_th: 0.44705506945572565,frac_lost: 0.106, li_recovered:  8.454, time: 0.0071540179997100495
L: 0.50, u_super: 0.00794, sec: 452.135, prod: 0.179482, t_ads: 24.7, t_des: 22.4, bed_util_ads: 0.499, bed_util_des: 0.499, des_th: 0.4991855201694864,frac_lost: 0.107, li_recovered:  8.440, time: 0.005340301999240182
L: 0.50, u_super: 0.00387, sec: 210.845, prod: 0.086872, t_ads: 50.2, t_des: 44.9, bed_util_ads: 0.498, bed_util_des: 0.498, des_th: 0.49770890674703305,frac_lost: 0.107, li_recovered:  8.268, time: 0.00581568900088314
L: 0.50, u_super: 0.00005, sec: 4.324, prod: 0.000669, t_ads: 3431.3, t_des: 5857.7, bed_util_ads: 0.252, bed_util_des: 0.185, des_th: 0.1851696623157332,frac_lost: 0.102, li_recovered:  6.219, time: 0.006073570000808104
L: 0.50, u_super: 0.00304, sec: 168.391, prod: 0.066465, t_ads: 63.8, t_des: 64.7, bed_util_ads: 0.482, bed_util_des: 0.481, des_th: 0.48095149031519663,frac_lost: 0.107, li_recovered:  8.545, time: 0.007126971999241505
L: 0.50, u_super: 0.00723, sec: 443.027, prod: 0.150538, t_ads: 27.1, t_des: 30.6, bed_util_ads: 0.471, bed_util_des: 0.470, des_th: 0.4704166338362123,frac_lost: 0.108, li_recovered:  8.699, time: 0.0055690579993097344
L: 0.50, u_super: 0.00634, sec: 353.579, prod: 0.143540, t_ads: 30.6, t_des: 28.4, bed_util_ads: 0.496, bed_util_des: 0.496, des_th: 0.4957168793611672,frac_lost: 0.101, li_recovered:  8.466, time: 0.005319382000379846
L: 0.50, u_super: 0.00332, sec: 181.765, prod: 0.073691, t_ads: 58.7, t_des: 56.8, bed_util_ads: 0.487, bed_util_des: 0.487, des_th: 0.4867350227464273,frac_lost: 0.109, li_recovered:  8.508, time: 0.006038370998794562
L: 0.50, u_super: 0.00305, sec: 164.303, prod: 0.068175, t_ads: 63.3, t_des: 59.8, bed_util_ads: 0.491, bed_util_des: 0.490, des_th: 0.4905592992635364,frac_lost: 0.102, li_recovered:  8.392, time: 0.005222886000410654
L: 0.50, u_super: 0.00226, sec: 121.709, prod: 0.050296, t_ads: 85.4, t_des: 78.3, bed_util_ads: 0.492, bed_util_des: 0.492, des_th: 0.4918802478804062,frac_lost: 0.107, li_recovered:  8.234, time: 0.004869192000114708
L: 0.50, u_super: 0.00761, sec: 497.388, prod: 0.149392, t_ads: 25.7, t_des: 32.6, bed_util_ads: 0.456, bed_util_des: 0.456, des_th: 0.4557287938721577,frac_lost: 0.106, li_recovered:  8.705, time: 0.005559864999668207
L: 0.50, u_super: 0.00610, sec: 344.245, prod: 0.135796, t_ads: 31.9, t_des: 31.6, bed_util_ads: 0.487, bed_util_des: 0.486, des_th: 0.48644436423819687,frac_lost: 0.103, li_recovered:  8.617, time: 0.007512411000789143
L: 0.50, u_super: 0.00634, sec: 354.026, prod: 0.143359, t_ads: 30.7, t_des: 28.5, bed_util_ads: 0.496, bed_util_des: 0.496, des_th: 0.495573659869743,frac_lost: 0.103, li_recovered:  8.476, time: 0.006256566999581992
L: 0.50, u_super: 0.00179, sec: 99.447, prod: 0.038328, t_ads: 107.6, t_des: 112.1, bed_util_ads: 0.474, bed_util_des: 0.472, des_th: 0.4724859814178571,frac_lost: 0.107, li_recovered:  8.419, time: 0.011861942000905401
L: 4.08, u_super: 0.00723 — INFEASIBLE (li_recovered=0.000e+00), time: 0.004845490000661812
L: 0.50, u_super: 0.00761, sec: 446.713, prod: 0.166339, t_ads: 25.5, t_des: 26.6, bed_util_ads: 0.481, bed_util_des: 0.481, des_th: 0.4806504703053448,frac_lost: 0.101, li_recovered:  8.678, time: 0.007935476000056951
L: 0.50, u_super: 0.00661, sec: 369.712, prod: 0.149853, t_ads: 29.3, t_des: 26.5, bed_util_ads: 0.499, bed_util_des: 0.498, des_th: 0.49845985252123504,frac_lost: 0.100, li_recovered:  8.363, time: 0.006874129998323042
   721 |    28840 |     40 |  0.0025850655 |             f
L: 0.50, u_super: 0.00118, sec: 64.543, prod: 0.025519, t_ads: 160.6, t_des: 142.0, bed_util_ads: 0.490, bed_util_des: 0.489, des_th: 0.4892183947959582,frac_lost: 0.106, li_recovered:  7.722, time: 0.008529115999408532
L: 0.50, u_super: 0.00583, sec: 323.436, prod: 0.131586, t_ads: 33.4, t_des: 29.9, bed_util_ads: 0.500, bed_util_des: 0.500, des_th: 0.4995663411952051,frac_lost: 0.103, li_recovered:  8.325, time: 0.009714309000628418
L: 0.50, u_super: 0.00010, sec: 10.371, prod: 0.001145, t_ads: 1888.1, t_des: 5065.2, bed_util_ads: 0.259, bed_util_des: 0.185, des_th: 0.1851696623157332,frac_lost: 0.101, li_recovered:  7.965, time: 0.01583696899979259
L: 13.74, u_super: 0.00926 — INFEASIBLE (li_recovered=0.000e+00), time: 0.004775863999384455
L: 0.50, u_super: 0.00503, sec: 276.690, prod: 0.113364, t_ads: 38.6, t_des: 34.5, bed_util_ads: 0.499, bed_util_des: 0.499, des_th: 0.4989353871607734,frac_lost: 0.103, li_recovered:  8.286, time: 0.011064309999710531
L: 0.50, u_super: 0.00272, sec: 145.885, prod: 0.060742, t_ads: 70.9, t_des: 65.5, bed_util_ads: 0.492, bed_util_des: 0.492, des_th: 0.4916223626180089,frac_lost: 0.101, li_recovered:  8.282, time: 0.009614225999030168
L: 0.50, u_super: 0.00387, sec: 211.024, prod: 0.086799, t_ads: 50.2, t_des: 44.4, bed_util_ads: 0.499, bed_util_des: 0.499, des_th: 0.49917218213955133,frac_lost: 0.106, li_recovered:  8.211, time: 0.009646382999562775
L: 9.53, u_super: 0.00713 — INFEASIBLE (li_recovered=0.000e+00), time: 0.006117703998825164
L: 16.37, u_super: 0.00306 — INFEASIBLE (li_recovered=0.000e+00), time: 0.0029773099995509256
L: 13.31, u_super: 0.00626 — INFEASIBLE (li_recovered=0.000e+00), time: 0.005520254000657587
L: 0.50, u_super: 0.00118, sec: 66.464, prod: 0.024782, t_ads: 160.3, t_des: 131.3, bed_util_ads: 0.499, bed_util_des: 0.498, des_th: 0.49854330866027413,frac_lost: 0.106, li_recovered:  7.225, time: 0.009665875000791857
L: 0.50, u_super: 0.00397, sec: 225.571, prod: 0.085576, t_ads: 48.9, t_des: 51.8, bed_util_ads: 0.477, bed_util_des: 0.477, des_th: 0.4766259438420771,frac_lost: 0.104, li_recovered:  8.613, time: 0.008380868999665836
L: 0.50, u_super: 0.00885, sec: 510.760, prod: 0.200043, t_ads: 22.1, t_des: 20.5, bed_util_ads: 0.497, bed_util_des: 0.497, des_th: 0.4966950303863793,frac_lost: 0.108, li_recovered:  8.533, time: 0.011293171999568585
L: 0.50, u_super: 0.00681, sec: 381.438, prod: 0.154272, t_ads: 28.5, t_des: 26.1, bed_util_ads: 0.497, bed_util_des: 0.497, des_th: 0.49730824987002403,frac_lost: 0.101, li_recovered:  8.421, time: 0.00756826199904026
L: 27.03, u_super: 0.00049 — INFEASIBLE (li_recovered=0.000e+00), time: 0.002703902999201091
L: 0.50, u_super: 0.00356, sec: 192.886, prod: 0.079769, t_ads: 54.6, t_des: 50.0, bed_util_ads: 0.495, bed_util_des: 0.494, des_th: 0.4944034882775277,frac_lost: 0.106, li_recovered:  8.347, time: 0.009581397998772445
L: 0.50, u_super: 0.00238, sec: 128.500, prod: 0.052690, t_ads: 81.2, t_des: 71.3, bed_util_ads: 0.498, bed_util_des: 0.498, des_th: 0.49770890674703305,frac_lost: 0.106, li_recovered:  8.032, time: 0.009035042001414695
L: 0.50, u_super: 0.00723, sec: 407.453, prod: 0.163681, t_ads: 26.9, t_des: 24.1, bed_util_ads: 0.500, bed_util_des: 0.500, des_th: 0.49951856719822124,frac_lost: 0.101, li_recovered:  8.333, time: 0.01169367700094881
L: 0.50, u_super: 0.00965, sec: 560.694, prod: 0.218802, t_ads: 20.2, t_des: 18.4, bed_util_ads: 0.500, bed_util_des: 0.500, des_th: 0.4999474215286935,frac_lost: 0.105, li_recovered:  8.449, time: 0.01094056100009766
L: 0.50, u_super: 0.00426, sec: 254.699, prod: 0.087268, t_ads: 45.6, t_des: 53.4, bed_util_ads: 0.465, bed_util_des: 0.464, des_th: 0.46426268223154826,frac_lost: 0.102, li_recovered:  8.637, time: 0.01758672799951455
L: 0.50, u_super: 0.00759, sec: 429.436, prod: 0.171952, t_ads: 25.6, t_des: 23.4, bed_util_ads: 0.497, bed_util_des: 0.497, des_th: 0.49729461974076566,frac_lost: 0.102, li_recovered:  8.429, time: 0.009949302000677562
L: 37.08, u_super: 0.00723 — INFEASIBLE (li_recovered=0.000e+00), time: 0.0033552459990460193
L: 0.50, u_super: 0.00610, sec: 340.168, prod: 0.137472, t_ads: 32.1, t_des: 29.5, bed_util_ads: 0.497, bed_util_des: 0.497, des_th: 0.49730824987002403,frac_lost: 0.108, li_recovered:  8.469, time: 0.009710022000945173
L: 0.50, u_super: 0.00976, sec: 566.988, prod: 0.221388, t_ads: 20.0, t_des: 18.2, bed_util_ads: 0.500, bed_util_des: 0.500, des_th: 0.49970900594601225,frac_lost: 0.103, li_recovered:  8.449, time: 0.012040932999298093
L: 0.58, u_super: 0.00332, sec: 208.733, prod: 0.074390, t_ads: 67.3, t_des: 62.6, bed_util_ads: 0.493, bed_util_des: 0.492, des_th: 0.4924125644946351,frac_lost: 0.102, li_recovered:  9.660, time: 0.015761956999995164
L: 0.50, u_super: 0.00947, sec: 549.604, prod: 0.214350, t_ads: 20.7, t_des: 18.7, bed_util_ads: 0.500, bed_util_des: 0.500, des_th: 0.49989237465460873,frac_lost: 0.108, li_recovered:  8.441, time: 0.011336303999996744
L: 0.50, u_super: 0.00178, sec: 95.428, prod: 0.039360, t_ads: 107.3, t_des: 99.0, bed_util_ads: 0.489, bed_util_des: 0.489, des_th: 0.48872184571760735,frac_lost: 0.101, li_recovered:  8.121, time: 0.007408855999528896
L: 0.50, u_super: 0.00077 — INFEASIBLE (li_recovered=0.000e+00), time: 0.003350160000991309
L: 0.50, u_super: 0.00554, sec: 309.022, prod: 0.124171, t_ads: 35.0, t_des: 34.1, bed_util_ads: 0.489, bed_util_des: 0.489, des_th: 0.48920757327809833,frac_lost: 0.101, li_recovered:  8.577, time: 0.008148247999997693
L: 0.50, u_super: 0.00069 — INFEASIBLE (li_recovered=0.000e+00), time: 0.004548341999907279
L: 0.50, u_super: 0.00673, sec: 376.711, prod: 0.152335, t_ads: 28.9, t_des: 26.1, bed_util_ads: 0.500, bed_util_des: 0.499, des_th: 0.4994750975760951,frac_lost: 0.101, li_recovered:  8.374, time: 0.006995310999627691
L: 0.50, u_super: 0.00151, sec: 81.298, prod: 0.033112, t_ads: 126.6, t_des: 115.2, bed_util_ads: 0.489, bed_util_des: 0.489, des_th: 0.4887216891625929,frac_lost: 0.104, li_recovered:  8.006, time: 0.005749757001467515
L: 0.50, u_super: 0.00426, sec: 232.209, prod: 0.095719, t_ads: 45.7, t_des: 42.3, bed_util_ads: 0.495, bed_util_des: 0.494, des_th: 0.4945017385385616,frac_lost: 0.105, li_recovered:  8.419, time: 0.007558536000942695
L: 0.50, u_super: 0.00610, sec: 355.609, prod: 0.131503, t_ads: 31.9, t_des: 34.0, bed_util_ads: 0.478, bed_util_des: 0.478, des_th: 0.47799313747757144,frac_lost: 0.103, li_recovered:  8.668, time: 0.006453545000113081
L: 0.50, u_super: 0.00387, sec: 210.676, prod: 0.086672, t_ads: 50.3, t_des: 47.1, bed_util_ads: 0.492, bed_util_des: 0.492, des_th: 0.49200014675328607,frac_lost: 0.107, li_recovered:  8.445, time: 0.00830661100008001
L: 0.50, u_super: 0.00565, sec: 334.170, prod: 0.119481, t_ads: 34.4, t_des: 38.2, bed_util_ads: 0.473, bed_util_des: 0.472, des_th: 0.4722934247385811,frac_lost: 0.101, li_recovered:  8.665, time: 0.007012767000560416
L: 0.50, u_super: 0.00893, sec: 514.821, prod: 0.202211, t_ads: 21.9, t_des: 19.9, bed_util_ads: 0.499, bed_util_des: 0.499, des_th: 0.4993697906945933,frac_lost: 0.107, li_recovered:  8.454, time: 0.0075386739990790375
L: 0.50, u_super: 0.00753, sec: 425.573, prod: 0.170712, t_ads: 25.8, t_des: 23.3, bed_util_ads: 0.500, bed_util_des: 0.500, des_th: 0.49959471860660776,frac_lost: 0.101, li_recovered:  8.381, time: 0.006279610001001856
L: 0.50, u_super: 0.00989, sec: 576.433, prod: 0.224013, t_ads: 19.8, t_des: 17.9, bed_util_ads: 0.500, bed_util_des: 0.500, des_th: 0.49983355861884854,frac_lost: 0.107, li_recovered:  8.451, time: 0.00655874200128892
L: 12.72, u_super: 0.00118 — INFEASIBLE (li_recovered=0.000e+00), time: 0.001639275000343332
   722 |    28880 |     40 |  0.0013044180 |             f
L: 32.19, u_super: 0.00610 — INFEASIBLE (li_recovered=0.000e+00), time: 0.0016299269991577603
L: 0.50, u_super: 0.00582, sec: 344.336, prod: 0.123509, t_ads: 33.4, t_des: 36.8, bed_util_ads: 0.474, bed_util_des: 0.473, des_th: 0.4731243472128693,frac_lost: 0.104, li_recovered:  8.670, time: 0.006049704999895766
L: 16.68, u_super: 0.00870 — INFEASIBLE (li_recovered=0.000e+00), time: 0.0023808740006643347
L: 0.50, u_super: 0.00980, sec: 572.359, prod: 0.221231, t_ads: 20.0, t_des: 18.7, bed_util_ads: 0.495, bed_util_des: 0.494, des_th: 0.4944034882775277,frac_lost: 0.107, li_recovered:  8.571, time: 0.00671126099950925
L: 0.50, u_super: 0.00658, sec: 374.869, prod: 0.146220, t_ads: 29.8, t_des: 29.3, bed_util_ads: 0.489, bed_util_des: 0.489, des_th: 0.4887216891625929,frac_lost: 0.108, li_recovered:  8.634, time: 0.0055282749999605585
L: 0.50, u_super: 0.00846, sec: 485.599, prod: 0.191374, t_ads: 23.2, t_des: 21.0, bed_util_ads: 0.499, bed_util_des: 0.499, des_th: 0.49901957221026355,frac_lost: 0.108, li_recovered:  8.446, time: 0.005717803998777526
L: 0.50, u_super: 0.00916, sec: 559.802, prod: 0.196081, t_ads: 21.4, t_des: 23.1, bed_util_ads: 0.477, bed_util_des: 0.476, des_th: 0.47638882023444673,frac_lost: 0.106, li_recovered:  8.708, time: 0.005741024999224464
L: 0.50, u_super: 0.00439, sec: 239.916, prod: 0.098739, t_ads: 44.3, t_des: 39.6, bed_util_ads: 0.498, bed_util_des: 0.498, des_th: 0.49801162637400076,frac_lost: 0.104, li_recovered:  8.284, time: 0.006740607999745407
L: 0.50, u_super: 0.00723, sec: 408.420, prod: 0.163293, t_ads: 27.1, t_des: 24.9, bed_util_ads: 0.498, bed_util_des: 0.497, des_th: 0.4973463243402674,frac_lost: 0.107, li_recovered:  8.480, time: 0.005797489000542555
L: 0.50, u_super: 0.00112, sec: 61.186, prod: 0.023927, t_ads: 169.8, t_des: 148.8, bed_util_ads: 0.490, bed_util_des: 0.489, des_th: 0.4892183947959582,frac_lost: 0.106, li_recovered:  7.624, time: 0.007665962000828586
L: 0.50, u_super: 0.00727, sec: 3618.924, prod: 0.018642, t_ads: 26.9, t_des: 444.0, bed_util_ads: 0.189, bed_util_des: 0.185, des_th: 0.1851696623157332,frac_lost: 0.102, li_recovered:  8.779, time: 0.04948483100088197
L: 0.50, u_super: 0.00143, sec: 77.353, prod: 0.031420, t_ads: 133.3, t_des: 122.8, bed_util_ads: 0.488, bed_util_des: 0.487, des_th: 0.48678493728939115,frac_lost: 0.106, li_recovered:  8.047, time: 0.008049242998822592
L: 33.45, u_super: 0.00356 — INFEASIBLE (li_recovered=0.000e+00), time: 0.002139970998541685
L: 0.50, u_super: 0.00454, sec: 248.786, prod: 0.102325, t_ads: 42.8, t_des: 38.7, bed_util_ads: 0.498, bed_util_des: 0.498, des_th: 0.49803361946783453,frac_lost: 0.105, li_recovered:  8.337, time: 0.008137880000504083
L: 0.50, u_super: 0.00766, sec: 476.803, prod: 0.158184, t_ads: 25.5, t_des: 29.5, bed_util_ads: 0.468, bed_util_des: 0.468, des_th: 0.4678446440124054,frac_lost: 0.106, li_recovered:  8.702, time: 0.008705488000487094
L: 0.50, u_super: 0.00583, sec: 323.087, prod: 0.131728, t_ads: 33.3, t_des: 30.2, bed_util_ads: 0.497, bed_util_des: 0.497, des_th: 0.4973128698117168,frac_lost: 0.103, li_recovered:  8.374, time: 0.008785099000306218
L: 0.50, u_super: 0.00527, sec: 290.594, prod: 0.118896, t_ads: 36.8, t_des: 33.0, bed_util_ads: 0.500, bed_util_des: 0.499, des_th: 0.4994491993605198,frac_lost: 0.103, li_recovered:  8.302, time: 0.009742172000187566
L: 0.50, u_super: 0.00018 — INFEASIBLE (li_recovered=0.000e+00), time: 0.0027647139995679026
L: 0.50, u_super: 0.00172, sec: 94.068, prod: 0.037126, t_ads: 111.3, t_des: 93.9, bed_util_ads: 0.500, bed_util_des: 0.500, des_th: 0.49961732303513995,frac_lost: 0.103, li_recovered:  7.620, time: 0.00611489199945936
L: 0.50, u_super: 0.00193, sec: 103.429, prod: 0.042755, t_ads: 99.1, t_des: 90.2, bed_util_ads: 0.493, bed_util_des: 0.492, des_th: 0.49224515150607073,frac_lost: 0.100, li_recovered:  8.090, time: 0.011631854000370367
L: 0.50, u_super: 0.00766, sec: 433.484, prod: 0.173616, t_ads: 25.4, t_des: 22.9, bed_util_ads: 0.500, bed_util_des: 0.500, des_th: 0.49997162458885436,frac_lost: 0.101, li_recovered:  8.378, time: 0.00947081099911884
L: 0.50, u_super: 0.00044, sec: 99.901, prod: 0.002246, t_ads: 450.9, t_des: 3456.2, bed_util_ads: 0.227, bed_util_des: 0.185, des_th: 0.1851696623157332,frac_lost: 0.101, li_recovered:  8.775, time: 0.028701399998681154
L: 13.50, u_super: 0.00315 — INFEASIBLE (li_recovered=0.000e+00), time: 0.001733631999741192
L: 0.50, u_super: 0.00127, sec: 70.394, prod: 0.027033, t_ads: 149.5, t_des: 125.5, bed_util_ads: 0.497, bed_util_des: 0.497, des_th: 0.4970991461388088,frac_lost: 0.105, li_recovered:  7.434, time: 0.005938983000305598
L: 0.50, u_super: 0.00365, sec: 200.442, prod: 0.080981, t_ads: 53.3, t_des: 52.1, bed_util_ads: 0.488, bed_util_des: 0.487, des_th: 0.48704195974397246,frac_lost: 0.106, li_recovered:  8.537, time: 0.006785947998650954
L: 0.50, u_super: 0.00069, sec: 38.308, prod: 0.014422, t_ads: 270.5, t_des: 259.2, bed_util_ads: 0.470, bed_util_des: 0.468, des_th: 0.46788701206161837,frac_lost: 0.107, li_recovered:  7.640, time: 0.0055505780001112726
L: 0.50, u_super: 0.00806, sec: 460.048, prod: 0.182183, t_ads: 24.2, t_des: 22.6, bed_util_ads: 0.496, bed_util_des: 0.496, des_th: 0.4958487527931684,frac_lost: 0.105, li_recovered:  8.527, time: 0.006148443000711268
L: 0.50, u_super: 0.00610, sec: 339.350, prod: 0.137804, t_ads: 31.8, t_des: 28.5, bed_util_ads: 0.500, bed_util_des: 0.499, des_th: 0.4994803902303416,frac_lost: 0.102, li_recovered:  8.309, time: 0.005917385999055114
L: 0.50, u_super: 0.00044, sec: 25.926, prod: 0.008800, t_ads: 401.3, t_des: 377.2, bed_util_ads: 0.459, bed_util_des: 0.457, des_th: 0.457144915908008,frac_lost: 0.101, li_recovered:  6.851, time: 0.005046914999184082
L: 0.50, u_super: 0.00046 — INFEASIBLE (li_recovered=0.000e+00), time: 0.0029589940004370874
L: 0.50, u_super: 0.00385, sec: 211.440, prod: 0.085732, t_ads: 50.5, t_des: 49.0, bed_util_ads: 0.489, bed_util_des: 0.488, des_th: 0.48827739014037663,frac_lost: 0.106, li_recovered:  8.533, time: 0.005449813999803155
L: 0.50, u_super: 0.00088, sec: 48.522, prod: 0.018914, t_ads: 212.5, t_des: 199.3, bed_util_ads: 0.478, bed_util_des: 0.477, des_th: 0.476814476678985,frac_lost: 0.106, li_recovered:  7.788, time: 0.005000640001526335
L: 0.50, u_super: 0.00388, sec: 211.288, prod: 0.087025, t_ads: 50.2, t_des: 44.9, bed_util_ads: 0.499, bed_util_des: 0.498, des_th: 0.4983093854504299,frac_lost: 0.107, li_recovered:  8.272, time: 0.005025667000154499
L: 0.50, u_super: 0.00697, sec: 391.857, prod: 0.157939, t_ads: 27.8, t_des: 24.9, bed_util_ads: 0.499, bed_util_des: 0.499, des_th: 0.4992660931298314,frac_lost: 0.100, li_recovered:  8.328, time: 0.006135636000180966
L: 21.72, u_super: 0.00759 — INFEASIBLE (li_recovered=0.000e+00), time: 0.002357048999328981
L: 0.50, u_super: 0.00987, sec: 624.330, prod: 0.205949, t_ads: 19.8, t_des: 22.6, bed_util_ads: 0.470, bed_util_des: 0.470, des_th: 0.46977856218925673,frac_lost: 0.103, li_recovered:  8.714, time: 0.005855966001035995
L: 0.50, u_super: 0.00493, sec: 271.824, prod: 0.110980, t_ads: 39.3, t_des: 37.3, bed_util_ads: 0.492, bed_util_des: 0.492, des_th: 0.49200014675328607,frac_lost: 0.103, li_recovered:  8.510, time: 0.005363435999242938
L: 17.80, u_super: 0.00275 — INFEASIBLE (li_recovered=0.000e+00), time: 0.0014265510017139604
L: 0.50, u_super: 0.00551, sec: 305.459, prod: 0.124277, t_ads: 35.2, t_des: 33.4, bed_util_ads: 0.492, bed_util_des: 0.492, des_th: 0.49200014675328607,frac_lost: 0.101, li_recovered:  8.517, time: 0.005297256000631023
L: 0.50, u_super: 0.00661, sec: 369.827, prod: 0.149806, t_ads: 29.3, t_des: 26.5, bed_util_ads: 0.499, bed_util_des: 0.499, des_th: 0.4990022816626569,frac_lost: 0.101, li_recovered:  8.367, time: 0.005042983000748791
   723 |    28920 |     40 |  0.0052775641 |             f
L: 0.50, u_super: 0.00527, sec: 290.385, prod: 0.118981, t_ads: 36.8, t_des: 34.2, bed_util_ads: 0.495, bed_util_des: 0.495, des_th: 0.49457282370221645,frac_lost: 0.102, li_recovered:  8.449, time: 0.007254767999256728
L: 0.50, u_super: 0.00230, sec: 123.893, prod: 0.051222, t_ads: 83.8, t_des: 77.9, bed_util_ads: 0.491, bed_util_des: 0.490, des_th: 0.4905571247055586,frac_lost: 0.106, li_recovered:  8.285, time: 0.00547717500012368
L: 1.75, u_super: 0.00633, sec: 1272.873, prod: 0.138923, t_ads: 105.6, t_des: 92.3, bed_util_ads: 0.496, bed_util_des: 0.496, des_th: 0.4957168793611672,frac_lost: 0.103, li_recovered:  27.491, time: 0.008891077999578556
L: 0.50, u_super: 0.00272, sec: 155.385, prod: 0.057136, t_ads: 70.9, t_des: 78.7, bed_util_ads: 0.469, bed_util_des: 0.468, des_th: 0.4675838788043643,frac_lost: 0.101, li_recovered:  8.548, time: 0.009149513000011211
L: 0.50, u_super: 0.00189, sec: 101.461, prod: 0.041726, t_ads: 101.2, t_des: 90.8, bed_util_ads: 0.493, bed_util_des: 0.492, des_th: 0.4922808863845863,frac_lost: 0.101, li_recovered:  8.013, time: 0.005785981000371976
L: 0.50, u_super: 0.00933, sec: 548.862, prod: 0.208162, t_ads: 21.0, t_des: 20.6, bed_util_ads: 0.489, bed_util_des: 0.489, des_th: 0.48886019906080247,frac_lost: 0.107, li_recovered:  8.658, time: 0.005747686000177055
L: 0.50, u_super: 0.00954, sec: 553.002, prod: 0.216374, t_ads: 20.4, t_des: 18.6, bed_util_ads: 0.499, bed_util_des: 0.498, des_th: 0.4984509342852142,frac_lost: 0.104, li_recovered:  8.448, time: 0.007001891999607324
L: 0.50, u_super: 0.00361, sec: 197.628, prod: 0.080203, t_ads: 53.9, t_des: 52.3, bed_util_ads: 0.488, bed_util_des: 0.487, des_th: 0.48750952846435913,frac_lost: 0.107, li_recovered:  8.522, time: 0.0061114749987609684
L: 0.50, u_super: 0.00806, sec: 459.658, prod: 0.182338, t_ads: 24.3, t_des: 22.3, bed_util_ads: 0.497, bed_util_des: 0.497, des_th: 0.49727652394435934,frac_lost: 0.106, li_recovered:  8.485, time: 0.005521719000171288
L: 0.50, u_super: 0.00502, sec: 275.881, prod: 0.113069, t_ads: 38.7, t_des: 34.7, bed_util_ads: 0.500, bed_util_des: 0.499, des_th: 0.4993697906945933,frac_lost: 0.103, li_recovered:  8.296, time: 0.008357579999938025
L: 0.50, u_super: 0.00642, sec: 358.277, prod: 0.145392, t_ads: 30.2, t_des: 27.4, bed_util_ads: 0.499, bed_util_des: 0.498, des_th: 0.49845985252123504,frac_lost: 0.101, li_recovered:  8.380, time: 0.005188134000491118
L: 28.64, u_super: 0.00934 — INFEASIBLE (li_recovered=0.000e+00), time: 0.0017065299998648698
L: 7.12, u_super: 0.00069 — INFEASIBLE (li_recovered=0.000e+00), time: 0.0019381080001039663
L: 0.50, u_super: 0.00634, sec: 353.552, prod: 0.143551, t_ads: 30.6, t_des: 28.0, bed_util_ads: 0.498, bed_util_des: 0.498, des_th: 0.49768059032368045,frac_lost: 0.102, li_recovered:  8.422, time: 0.0057538490000297315
L: 10.82, u_super: 0.00271 — INFEASIBLE (li_recovered=0.000e+00), time: 0.0023744240006635664
L: 0.50, u_super: 0.00528, sec: 2498.078, prod: 0.013886, t_ads: 37.1, t_des: 595.2, bed_util_ads: 0.190, bed_util_des: 0.185, des_th: 0.1851696623157332,frac_lost: 0.102, li_recovered:  8.781, time: 0.052113636998910806
L: 0.50, u_super: 0.00112, sec: 60.999, prod: 0.024000, t_ads: 168.3, t_des: 148.9, bed_util_ads: 0.490, bed_util_des: 0.489, des_th: 0.4894582299863574,frac_lost: 0.100, li_recovered:  7.614, time: 0.005985572999634314
L: 0.50, u_super: 0.00901, sec: 519.219, prod: 0.204102, t_ads: 21.7, t_des: 19.7, bed_util_ads: 0.499, bed_util_des: 0.499, des_th: 0.4992767109664031,frac_lost: 0.105, li_recovered:  8.441, time: 0.005833145998622058
L: 0.50, u_super: 0.00092, sec: 50.440, prod: 0.019474, t_ads: 204.9, t_des: 206.5, bed_util_ads: 0.470, bed_util_des: 0.468, des_th: 0.46774204899978783,frac_lost: 0.102, li_recovered:  8.011, time: 0.007427081000059843
L: 0.50, u_super: 0.00031, sec: 64.142, prod: 0.001785, t_ads: 634.9, t_des: 4287.5, bed_util_ads: 0.230, bed_util_des: 0.177, des_th: 0.17715260662130825,frac_lost: 0.103, li_recovered:  8.786, time: 0.03177259000040067
L: 1.58, u_super: 0.00662, sec: 1199.600, prod: 0.145767, t_ads: 91.1, t_des: 79.1, bed_util_ads: 0.499, bed_util_des: 0.498, des_th: 0.49851149707379694,frac_lost: 0.101, li_recovered:  24.817, time: 0.008029511000131606
L: 0.50, u_super: 0.00889, sec: 524.238, prod: 0.196715, t_ads: 22.0, t_des: 22.1, bed_util_ads: 0.486, bed_util_des: 0.486, des_th: 0.4857210947157069,frac_lost: 0.107, li_recovered:  8.677, time: 0.008817081001325278
L: 0.50, u_super: 0.00820, sec: 468.624, prod: 0.185736, t_ads: 23.8, t_des: 21.5, bed_util_ads: 0.500, bed_util_des: 0.499, des_th: 0.4994806175229528,frac_lost: 0.106, li_recovered:  8.409, time: 0.009267599998565856
L: 0.50, u_super: 0.00748, sec: 424.037, prod: 0.169089, t_ads: 26.2, t_des: 23.7, bed_util_ads: 0.500, bed_util_des: 0.500, des_th: 0.49959471860660776,frac_lost: 0.108, li_recovered:  8.425, time: 0.007311049999771058
L: 0.50, u_super: 0.00990, sec: 576.700, prod: 0.224542, t_ads: 19.7, t_des: 17.9, bed_util_ads: 0.499, bed_util_des: 0.499, des_th: 0.49859814146949943,frac_lost: 0.104, li_recovered:  8.451, time: 0.006433200000174111
L: 0.50, u_super: 0.00622, sec: 346.289, prod: 0.140596, t_ads: 31.3, t_des: 28.9, bed_util_ads: 0.496, bed_util_des: 0.496, des_th: 0.49588509866052544,frac_lost: 0.102, li_recovered:  8.458, time: 0.010091121999721508
L: 0.50, u_super: 0.00808, sec: 461.144, prod: 0.182828, t_ads: 24.2, t_des: 21.7, bed_util_ads: 0.500, bed_util_des: 0.499, des_th: 0.4994491993605198,frac_lost: 0.106, li_recovered:  8.396, time: 0.0083937010003865
L: 8.07, u_super: 0.00774 — INFEASIBLE (li_recovered=0.000e+00), time: 0.003938308000215329
L: 0.50, u_super: 0.00725, sec: 409.561, prod: 0.163785, t_ads: 27.0, t_des: 24.2, bed_util_ads: 0.500, bed_util_des: 0.500, des_th: 0.49951856719822124,frac_lost: 0.107, li_recovered:  8.383, time: 0.006268230999921798
L: 2.62, u_super: 0.00916, sec: 2849.737, prod: 0.202220, t_ads: 109.5, t_des: 99.8, bed_util_ads: 0.491, bed_util_des: 0.490, des_th: 0.4905389027787094,frac_lost: 0.102, li_recovered:  42.335, time: 0.010563444999206695
L: 0.50, u_super: 0.00769, sec: 435.235, prod: 0.174339, t_ads: 25.2, t_des: 22.8, bed_util_ads: 0.499, bed_util_des: 0.499, des_th: 0.49901957221026355,frac_lost: 0.100, li_recovered:  8.376, time: 0.006897310999192996
L: 0.50, u_super: 0.00649, sec: 379.866, prod: 0.140437, t_ads: 30.2, t_des: 31.6, bed_util_ads: 0.480, bed_util_des: 0.480, des_th: 0.47985020273073975,frac_lost: 0.108, li_recovered:  8.678, time: 0.012566946001243195
L: 0.50, u_super: 0.00249, sec: 134.444, prod: 0.055482, t_ads: 77.3, t_des: 68.7, bed_util_ads: 0.497, bed_util_des: 0.497, des_th: 0.49692319154510733,frac_lost: 0.104, li_recovered:  8.102, time: 0.007799204999173526
L: 0.50, u_super: 0.00007 — INFEASIBLE (li_recovered=0.000e+00), time: 0.002273455000249669
L: 0.50, u_super: 0.00327, sec: 178.382, prod: 0.072603, t_ads: 59.4, t_des: 57.6, bed_util_ads: 0.487, bed_util_des: 0.486, des_th: 0.4864951875560281,frac_lost: 0.106, li_recovered:  8.498, time: 0.007329991000005975
L: 0.50, u_super: 0.00429, sec: 234.033, prod: 0.096471, t_ads: 45.3, t_des: 42.0, bed_util_ads: 0.495, bed_util_des: 0.494, des_th: 0.4944034882775277,frac_lost: 0.104, li_recovered:  8.422, time: 0.0056423910009471
L: 0.50, u_super: 0.00484, sec: 265.824, prod: 0.109040, t_ads: 40.1, t_des: 35.8, bed_util_ads: 0.500, bed_util_des: 0.500, des_th: 0.4997769180947423,frac_lost: 0.103, li_recovered:  8.279, time: 0.005726638999476563
L: 0.50, u_super: 0.00889, sec: 512.113, prod: 0.201415, t_ads: 22.0, t_des: 20.0, bed_util_ads: 0.500, bed_util_des: 0.499, des_th: 0.49947435329125073,frac_lost: 0.106, li_recovered:  8.454, time: 0.005734821001169621
L: 0.50, u_super: 0.00191, sec: 724.790, prod: 0.005992, t_ads: 102.8, t_des: 1364.1, bed_util_ads: 0.201, bed_util_des: 0.188, des_th: 0.18772984258849684,frac_lost: 0.103, li_recovered:  8.789, time: 0.03579173399884894
L: 0.50, u_super: 0.00006 — INFEASIBLE (li_recovered=0.000e+00), time: 0.0011764539995056111
   724 |    28960 |     40 |  0.0020000090 |             f
L: 0.50, u_super: 0.00038 — INFEASIBLE (li_recovered=0.000e+00), time: 0.0044764829999621725
L: 0.50, u_super: 0.00523, sec: 297.392, prod: 0.114236, t_ads: 37.1, t_des: 38.5, bed_util_ads: 0.480, bed_util_des: 0.480, des_th: 0.47971844569115496,frac_lost: 0.100, li_recovered:  8.636, time: 0.006060493000404676
L: 9.48, u_super: 0.00132 — INFEASIBLE (li_recovered=0.000e+00), time: 0.001362932000120054
L: 0.50, u_super: 0.00397, sec: 216.402, prod: 0.089202, t_ads: 48.9, t_des: 43.7, bed_util_ads: 0.498, bed_util_des: 0.498, des_th: 0.49769459116832,frac_lost: 0.105, li_recovered:  8.259, time: 0.005354865001208964
L: 0.50, u_super: 0.00954, sec: 553.279, prod: 0.216266, t_ads: 20.5, t_des: 18.6, bed_util_ads: 0.499, bed_util_des: 0.499, des_th: 0.49934196665931624,frac_lost: 0.105, li_recovered:  8.444, time: 0.006151157998829149
L: 0.50, u_super: 0.00045 — INFEASIBLE (li_recovered=0.000e+00), time: 0.004462689999854774
L: 0.50, u_super: 0.00794, sec: 451.011, prod: 0.179929, t_ads: 24.5, t_des: 22.6, bed_util_ads: 0.497, bed_util_des: 0.496, des_th: 0.4964886556066309,frac_lost: 0.102, li_recovered:  8.480, time: 0.005394527999669663
L: 0.50, u_super: 0.00748, sec: 423.960, prod: 0.169120, t_ads: 26.1, t_des: 23.4, bed_util_ads: 0.500, bed_util_des: 0.500, des_th: 0.499774096834123,frac_lost: 0.107, li_recovered:  8.386, time: 0.005556326999794692
L: 0.50, u_super: 0.00005, sec: 4.344, prod: 0.000666, t_ads: 3320.4, t_des: 5470.2, bed_util_ads: 0.254, bed_util_des: 0.191, des_th: 0.19194760976060907,frac_lost: 0.101, li_recovered:  5.858, time: 0.007211930998892058
L: 20.59, u_super: 0.00565 — INFEASIBLE (li_recovered=0.000e+00), time: 0.0016369130007660715
L: 35.47, u_super: 0.00365 — INFEASIBLE (li_recovered=0.000e+00), time: 0.0011943480003537843
L: 0.50, u_super: 0.00426, sec: 234.198, prod: 0.094906, t_ads: 45.8, t_des: 44.2, bed_util_ads: 0.490, bed_util_des: 0.489, des_th: 0.48943906154784117,frac_lost: 0.107, li_recovered:  8.539, time: 0.006469574000220746
L: 0.50, u_super: 0.00890, sec: 561.532, prod: 0.183945, t_ads: 21.9, t_des: 25.4, bed_util_ads: 0.468, bed_util_des: 0.468, des_th: 0.4680976154266949,frac_lost: 0.104, li_recovered:  8.711, time: 0.007491345999369514
L: 0.50, u_super: 0.00181, sec: 97.430, prod: 0.040030, t_ads: 105.4, t_des: 95.0, bed_util_ads: 0.492, bed_util_des: 0.492, des_th: 0.4918368103997112,frac_lost: 0.102, li_recovered:  8.022, time: 0.005196607999096159
L: 0.50, u_super: 0.00687, sec: 386.415, prod: 0.155099, t_ads: 28.5, t_des: 25.6, bed_util_ads: 0.500, bed_util_des: 0.500, des_th: 0.499970894759423,frac_lost: 0.107, li_recovered:  8.383, time: 0.00882400999944366
L: 44.07, u_super: 0.00554 — INFEASIBLE (li_recovered=0.000e+00), time: 0.002402572999926633
L: 0.50, u_super: 0.00990, sec: 576.583, prod: 0.224588, t_ads: 19.7, t_des: 17.9, bed_util_ads: 0.499, bed_util_des: 0.499, des_th: 0.49939007546383574,frac_lost: 0.104, li_recovered:  8.455, time: 0.007635039000888355
L: 30.11, u_super: 0.00219 — INFEASIBLE (li_recovered=0.000e+00), time: 0.0011354720008966979
L: 0.50, u_super: 0.00369, sec: 203.065, prod: 0.081864, t_ads: 52.7, t_des: 51.6, bed_util_ads: 0.488, bed_util_des: 0.487, des_th: 0.48704195974397246,frac_lost: 0.108, li_recovered:  8.542, time: 0.006971079999857466
L: 0.50, u_super: 0.00249, sec: 133.988, prod: 0.055588, t_ads: 77.4, t_des: 71.4, bed_util_ads: 0.493, bed_util_des: 0.492, des_th: 0.4922808863845863,frac_lost: 0.104, li_recovered:  8.272, time: 0.006075364999560406
L: 0.50, u_super: 0.00837, sec: 485.980, prod: 0.186780, t_ads: 23.4, t_des: 22.9, bed_util_ads: 0.489, bed_util_des: 0.489, des_th: 0.48919868618708917,frac_lost: 0.106, li_recovered:  8.646, time: 0.008849110001392546
L: 0.50, u_super: 0.00253, sec: 135.832, prod: 0.056281, t_ads: 76.6, t_des: 70.4, bed_util_ads: 0.492, bed_util_des: 0.492, des_th: 0.49200014675328607,frac_lost: 0.105, li_recovered:  8.273, time: 0.007522679999965476
L: 8.10, u_super: 0.00069 — INFEASIBLE (li_recovered=0.000e+00), time: 0.001654720999795245
L: 0.50, u_super: 0.00678, sec: 3344.155, prod: 0.017457, t_ads: 28.9, t_des: 474.1, bed_util_ads: 0.189, bed_util_des: 0.185, des_th: 0.1851696623157332,frac_lost: 0.103, li_recovered:  8.781, time: 0.04767861599975731
L: 0.50, u_super: 0.00554, sec: 345.055, prod: 0.111178, t_ads: 35.1, t_des: 42.9, bed_util_ads: 0.460, bed_util_des: 0.459, des_th: 0.45921260606070113,frac_lost: 0.103, li_recovered:  8.672, time: 0.0054860630007169675
L: 0.50, u_super: 0.00583, sec: 323.087, prod: 0.131728, t_ads: 33.3, t_des: 30.2, bed_util_ads: 0.497, bed_util_des: 0.497, des_th: 0.4973128698117168,frac_lost: 0.103, li_recovered:  8.374, time: 0.0062905089998821495
L: 22.53, u_super: 0.00618 — INFEASIBLE (li_recovered=0.000e+00), time: 0.0013712290001421934
L: 0.50, u_super: 0.00038, sec: 22.714, prod: 0.007220, t_ads: 463.4, t_des: 432.4, bed_util_ads: 0.453, bed_util_des: 0.451, des_th: 0.45096754708417325,frac_lost: 0.102, li_recovered:  6.468, time: 0.0063495169997622725
L: 0.50, u_super: 0.00332, sec: 181.765, prod: 0.073691, t_ads: 58.7, t_des: 56.8, bed_util_ads: 0.487, bed_util_des: 0.487, des_th: 0.4867350227464273,frac_lost: 0.109, li_recovered:  8.508, time: 0.00641343200004485
L: 0.50, u_super: 0.00055 — INFEASIBLE (li_recovered=0.000e+00), time: 0.0034540760007075733
L: 0.50, u_super: 0.00922, sec: 533.256, prod: 0.208944, t_ads: 21.2, t_des: 19.2, bed_util_ads: 0.500, bed_util_des: 0.500, des_th: 0.4997914260139938,frac_lost: 0.106, li_recovered:  8.444, time: 0.007081728999764891
L: 0.50, u_super: 0.00112, sec: 61.016, prod: 0.023993, t_ads: 170.0, t_des: 150.5, bed_util_ads: 0.489, bed_util_des: 0.488, des_th: 0.4884729781031844,frac_lost: 0.107, li_recovered:  7.690, time: 0.007126384000002872
L: 0.50, u_super: 0.00972, sec: 565.332, prod: 0.220333, t_ads: 20.1, t_des: 18.5, bed_util_ads: 0.499, bed_util_des: 0.498, des_th: 0.4984788664920611,frac_lost: 0.105, li_recovered:  8.495, time: 0.0077645530000154395
L: 55.10, u_super: 0.00309 — INFEASIBLE (li_recovered=0.000e+00), time: 0.000975134000327671
L: 0.50, u_super: 0.00152, sec: 82.263, prod: 0.033172, t_ads: 126.1, t_des: 111.6, bed_util_ads: 0.493, bed_util_des: 0.492, des_th: 0.4921231382311511,frac_lost: 0.107, li_recovered:  7.886, time: 0.005806956998640089
L: 0.50, u_super: 0.00420, sec: 229.263, prod: 0.094603, t_ads: 46.2, t_des: 42.4, bed_util_ads: 0.495, bed_util_des: 0.495, des_th: 0.4945017385385616,frac_lost: 0.105, li_recovered:  8.385, time: 0.007436113999574445
L: 0.50, u_super: 0.00481, sec: 265.219, prod: 0.107809, t_ads: 40.5, t_des: 38.7, bed_util_ads: 0.491, bed_util_des: 0.491, des_th: 0.4910573949276039,frac_lost: 0.105, li_recovered:  8.530, time: 0.011944343999857665
L: 0.50, u_super: 0.00187, sec: 100.627, prod: 0.041206, t_ads: 102.3, t_des: 90.9, bed_util_ads: 0.494, bed_util_des: 0.494, des_th: 0.4936472860545106,frac_lost: 0.101, li_recovered:  7.958, time: 0.007175027001721901
L: 0.50, u_super: 0.00559, sec: 315.134, prod: 0.124039, t_ads: 34.7, t_des: 34.8, bed_util_ads: 0.486, bed_util_des: 0.485, des_th: 0.48526292027676304,frac_lost: 0.101, li_recovered:  8.620, time: 0.011270320999756223
L: 0.50, u_super: 0.00337, sec: 182.542, prod: 0.075291, t_ads: 57.8, t_des: 51.7, bed_util_ads: 0.499, bed_util_des: 0.498, des_th: 0.4984304283640873,frac_lost: 0.108, li_recovered:  8.249, time: 0.011266134000834427
   725 |    29000 |     40 |  0.0046127917 |             f
L: 0.50, u_super: 0.00452, sec: 247.537, prod: 0.101573, t_ads: 43.1, t_des: 38.4, bed_util_ads: 0.500, bed_util_des: 0.499, des_th: 0.4994491993605198,frac_lost: 0.106, li_recovered:  8.273, time: 0.009783262999917497
L: 0.50, u_super: 0.00858, sec: 496.083, prod: 0.192817, t_ads: 22.8, t_des: 21.9, bed_util_ads: 0.492, bed_util_des: 0.492, des_th: 0.49200014675328607,frac_lost: 0.106, li_recovered:  8.611, time: 0.009838007999860565
L: 0.50, u_super: 0.00007 — INFEASIBLE (li_recovered=0.000e+00), time: 0.0023413920007442357
L: 0.50, u_super: 0.00312, sec: 169.498, prod: 0.069610, t_ads: 62.0, t_des: 54.2, bed_util_ads: 0.500, bed_util_des: 0.499, des_th: 0.499424724017231,frac_lost: 0.105, li_recovered:  8.088, time: 0.008992327999294503
L: 0.50, u_super: 0.00936, sec: 542.010, prod: 0.212287, t_ads: 20.9, t_des: 18.9, bed_util_ads: 0.499, bed_util_des: 0.499, des_th: 0.49897632620374066,frac_lost: 0.105, li_recovered:  8.444, time: 0.011417478999646846
L: 0.50, u_super: 0.00823, sec: 469.913, prod: 0.186273, t_ads: 23.7, t_des: 21.6, bed_util_ads: 0.500, bed_util_des: 0.499, des_th: 0.4995002839133981,frac_lost: 0.106, li_recovered:  8.443, time: 0.009054628000740195
L: 0.50, u_super: 0.00959, sec: 557.309, prod: 0.217334, t_ads: 20.4, t_des: 18.7, bed_util_ads: 0.497, bed_util_des: 0.497, des_th: 0.4973339352593731,frac_lost: 0.106, li_recovered:  8.493, time: 0.00978957699953753
L: 0.50, u_super: 0.00764, sec: 434.441, prod: 0.172257, t_ads: 25.7, t_des: 23.8, bed_util_ads: 0.496, bed_util_des: 0.496, des_th: 0.49628543946629733,frac_lost: 0.109, li_recovered:  8.524, time: 0.008565685000576195
L: 0.50, u_super: 0.00032 — INFEASIBLE (li_recovered=0.000e+00), time: 0.003259913999499986
L: 54.08, u_super: 0.00041 — INFEASIBLE (li_recovered=0.000e+00), time: 0.001226274000146077
L: 0.50, u_super: 0.00045 — INFEASIBLE (li_recovered=0.000e+00), time: 0.0029495319995476166
L: 0.50, u_super: 0.00554, sec: 306.988, prod: 0.124996, t_ads: 35.0, t_des: 33.2, bed_util_ads: 0.492, bed_util_des: 0.492, des_th: 0.4921231382311511,frac_lost: 0.101, li_recovered:  8.515, time: 0.008452185000351164
L: 3.99, u_super: 0.00990, sec: 4988.831, prod: 0.207358, t_ads: 153.4, t_des: 124.9, bed_util_ads: 0.499, bed_util_des: 0.499, des_th: 0.49941800771673645,frac_lost: 0.107, li_recovered:  57.698, time: 0.0047771179997653235
L: 0.50, u_super: 0.00881, sec: 507.103, prod: 0.199406, t_ads: 22.2, t_des: 20.1, bed_util_ads: 0.499, bed_util_des: 0.499, des_th: 0.4993697906945933,frac_lost: 0.107, li_recovered:  8.443, time: 0.005112360000566696
L: 0.50, u_super: 0.00247, sec: 133.315, prod: 0.054819, t_ads: 78.0, t_des: 68.7, bed_util_ads: 0.497, bed_util_des: 0.497, des_th: 0.4969669964074595,frac_lost: 0.103, li_recovered:  8.037, time: 0.005022268998800428
L: 0.50, u_super: 0.00610, sec: 339.350, prod: 0.137804, t_ads: 31.8, t_des: 28.5, bed_util_ads: 0.500, bed_util_des: 0.499, des_th: 0.4994803902303416,frac_lost: 0.102, li_recovered:  8.309, time: 0.006486704000053578
L: 0.50, u_super: 0.00193, sec: 103.658, prod: 0.042661, t_ads: 99.1, t_des: 89.0, bed_util_ads: 0.493, bed_util_des: 0.492, des_th: 0.49248208417327055,frac_lost: 0.101, li_recovered:  8.024, time: 0.007568499999251799
L: 0.50, u_super: 0.00304, sec: 364.060, prod: 0.030742, t_ads: 64.1, t_des: 218.8, bed_util_ads: 0.335, bed_util_des: 0.330, des_th: 0.3300028288593717,frac_lost: 0.104, li_recovered:  8.698, time: 0.011820362999060308
L: 0.50, u_super: 0.00989, sec: 575.826, prod: 0.224275, t_ads: 19.7, t_des: 18.0, bed_util_ads: 0.499, bed_util_des: 0.499, des_th: 0.4987411015821687,frac_lost: 0.104, li_recovered:  8.458, time: 0.00614141100049892
L: 0.50, u_super: 0.00261, sec: 140.110, prod: 0.058206, t_ads: 73.9, t_des: 67.5, bed_util_ads: 0.493, bed_util_des: 0.493, des_th: 0.4927425196333392,frac_lost: 0.103, li_recovered:  8.231, time: 0.005104268000650336
L: 0.50, u_super: 0.00183, sec: 734.810, prod: 0.005419, t_ads: 107.3, t_des: 1515.3, bed_util_ads: 0.195, bed_util_des: 0.182, des_th: 0.18176246472130025,frac_lost: 0.103, li_recovered:  8.794, time: 0.04578270199999679
L: 69.48, u_super: 0.00646 — INFEASIBLE (li_recovered=0.000e+00), time: 0.0012201539993839106
L: 0.50, u_super: 0.00531, sec: 296.154, prod: 0.118445, t_ads: 36.6, t_des: 35.9, bed_util_ads: 0.488, bed_util_des: 0.488, des_th: 0.48774024918262254,frac_lost: 0.102, li_recovered:  8.589, time: 0.007832935998521862
L: 0.50, u_super: 0.00583, sec: 323.054, prod: 0.131828, t_ads: 33.3, t_des: 30.5, bed_util_ads: 0.497, bed_util_des: 0.497, des_th: 0.49667396493872307,frac_lost: 0.102, li_recovered:  8.410, time: 0.004915084999083774
L: 0.50, u_super: 0.00695, sec: 390.490, prod: 0.157279, t_ads: 27.9, t_des: 24.9, bed_util_ads: 0.500, bed_util_des: 0.500, des_th: 0.4999858112113487,frac_lost: 0.101, li_recovered:  8.315, time: 0.006244901000172831
L: 3.00, u_super: 0.00462, sec: 1680.811, prod: 0.094070, t_ads: 243.6, t_des: 267.1, bed_util_ads: 0.455, bed_util_des: 0.451, des_th: 0.45096754708417325,frac_lost: 0.105, li_recovered:  48.039, time: 0.006361835999996401
L: 0.50, u_super: 0.00112, sec: 60.668, prod: 0.024131, t_ads: 169.8, t_des: 164.0, bed_util_ads: 0.478, bed_util_des: 0.477, des_th: 0.47664004250642844,frac_lost: 0.104, li_recovered:  8.055, time: 0.005898250999962329
L: 0.50, u_super: 0.00005 — INFEASIBLE (li_recovered=0.000e+00), time: 0.0012213849986437708
L: 8.72, u_super: 0.00714 — INFEASIBLE (li_recovered=0.000e+00), time: 0.002582226999948034
L: 0.50, u_super: 0.00555, sec: 2405.837, prod: 0.016008, t_ads: 35.3, t_des: 513.1, bed_util_ads: 0.198, bed_util_des: 0.193, des_th: 0.19334870151046737,frac_lost: 0.103, li_recovered:  8.780, time: 0.03639026600103534
L: 0.50, u_super: 0.00152, sec: 83.163, prod: 0.032783, t_ads: 126.2, t_des: 107.5, bed_util_ads: 0.497, bed_util_des: 0.497, des_th: 0.4967118166572774,frac_lost: 0.108, li_recovered:  7.661, time: 0.005266792000838905
L: 0.50, u_super: 0.00954, sec: 553.384, prod: 0.216225, t_ads: 20.5, t_des: 18.3, bed_util_ads: 0.500, bed_util_des: 0.500, des_th: 0.49984653037775,frac_lost: 0.104, li_recovered:  8.391, time: 0.005195452999032568
L: 0.50, u_super: 0.00186, sec: 99.896, prod: 0.041095, t_ads: 103.2, t_des: 93.5, bed_util_ads: 0.492, bed_util_des: 0.492, des_th: 0.4918368103997112,frac_lost: 0.104, li_recovered:  8.082, time: 0.006875429999126936
L: 0.50, u_super: 0.00796, sec: 455.000, prod: 0.179737, t_ads: 24.4, t_des: 23.4, bed_util_ads: 0.492, bed_util_des: 0.492, des_th: 0.49209747477226257,frac_lost: 0.100, li_recovered:  8.582, time: 0.005884168000193313
L: 0.50, u_super: 0.00483, sec: 265.248, prod: 0.108862, t_ads: 40.2, t_des: 35.9, bed_util_ads: 0.500, bed_util_des: 0.499, des_th: 0.4994491993605198,frac_lost: 0.103, li_recovered:  8.283, time: 0.005873772999620996
L: 0.50, u_super: 0.00527, sec: 290.391, prod: 0.118978, t_ads: 36.8, t_des: 34.2, bed_util_ads: 0.495, bed_util_des: 0.494, des_th: 0.49433589103501663,frac_lost: 0.102, li_recovered:  8.446, time: 0.009208846000547055
L: 0.50, u_super: 0.00069 — INFEASIBLE (li_recovered=0.000e+00), time: 0.003971393000028911
L: 12.92, u_super: 0.00152 — INFEASIBLE (li_recovered=0.000e+00), time: 0.0017367370001011295
L: 0.50, u_super: 0.00797, sec: 452.571, prod: 0.180819, t_ads: 24.4, t_des: 22.3, bed_util_ads: 0.497, bed_util_des: 0.497, des_th: 0.4970947354478658,frac_lost: 0.100, li_recovered:  8.434, time: 0.007232634001411498
L: 0.50, u_super: 0.00038, sec: 22.714, prod: 0.007220, t_ads: 463.4, t_des: 432.4, bed_util_ads: 0.453, bed_util_des: 0.451, des_th: 0.45096754708417325,frac_lost: 0.102, li_recovered:  6.468, time: 0.007067468999593984
   726 |    29040 |     40 |  0.0013750582 |             f
L: 0.50, u_super: 0.00554, sec: 305.637, prod: 0.125239, t_ads: 35.0, t_des: 32.1, bed_util_ads: 0.497, bed_util_des: 0.497, des_th: 0.4967118166572774,frac_lost: 0.101, li_recovered:  8.407, time: 0.005904887999349739
L: 0.50, u_super: 0.00220, sec: 118.104, prod: 0.048780, t_ads: 87.9, t_des: 80.2, bed_util_ads: 0.493, bed_util_des: 0.492, des_th: 0.49248373200951767,frac_lost: 0.106, li_recovered:  8.199, time: 0.007018832000539987
L: 0.50, u_super: 0.00456, sec: 249.728, prod: 0.102548, t_ads: 42.8, t_des: 38.5, bed_util_ads: 0.498, bed_util_des: 0.498, des_th: 0.4980295956007738,frac_lost: 0.107, li_recovered:  8.336, time: 0.007128146000468405
L: 0.50, u_super: 0.00642, sec: 392.766, prod: 0.132625, t_ads: 30.5, t_des: 35.0, bed_util_ads: 0.468, bed_util_des: 0.467, des_th: 0.4672563929234544,frac_lost: 0.107, li_recovered:  8.687, time: 0.007904526000857004
L: 0.50, u_super: 0.00487, sec: 283.238, prod: 0.103793, t_ads: 39.8, t_des: 43.5, bed_util_ads: 0.474, bed_util_des: 0.473, des_th: 0.4731329261471915,frac_lost: 0.101, li_recovered:  8.645, time: 0.007098858999597724
L: 0.50, u_super: 0.00356, sec: 192.886, prod: 0.079769, t_ads: 54.6, t_des: 50.0, bed_util_ads: 0.495, bed_util_des: 0.494, des_th: 0.4944034882775277,frac_lost: 0.106, li_recovered:  8.347, time: 0.005802441999549046
L: 0.50, u_super: 0.00687, sec: 386.473, prod: 0.155076, t_ads: 28.5, t_des: 25.5, bed_util_ads: 0.500, bed_util_des: 0.500, des_th: 0.4999872247235429,frac_lost: 0.107, li_recovered:  8.374, time: 0.005448543999591493
L: 0.50, u_super: 0.00012 — INFEASIBLE (li_recovered=0.000e+00), time: 0.0012792279994755518
L: 18.14, u_super: 0.00583 — INFEASIBLE (li_recovered=0.000e+00), time: 0.001646486998652108
L: 0.50, u_super: 0.00367, sec: 207.810, prod: 0.079001, t_ads: 53.0, t_des: 55.9, bed_util_ads: 0.477, bed_util_des: 0.476, des_th: 0.4761399909238459,frac_lost: 0.106, li_recovered:  8.601, time: 0.005318298999554827
L: 14.66, u_super: 0.00610 — INFEASIBLE (li_recovered=0.000e+00), time: 0.0023253340004885104
L: 0.50, u_super: 0.00327, sec: 178.448, prod: 0.072576, t_ads: 59.4, t_des: 57.7, bed_util_ads: 0.487, bed_util_des: 0.486, des_th: 0.48598965123512056,frac_lost: 0.106, li_recovered:  8.500, time: 0.005465549000291503
L: 0.50, u_super: 0.00486, sec: 266.956, prod: 0.109358, t_ads: 40.1, t_des: 35.7, bed_util_ads: 0.500, bed_util_des: 0.500, des_th: 0.49998466888349186,frac_lost: 0.105, li_recovered:  8.288, time: 0.004691784000897314
L: 0.50, u_super: 0.00446, sec: 298.903, prod: 0.081968, t_ads: 43.9, t_des: 61.8, bed_util_ads: 0.442, bed_util_des: 0.441, des_th: 0.44114332355712305,frac_lost: 0.109, li_recovered:  8.668, time: 0.006674980000752839
L: 0.50, u_super: 0.00554, sec: 313.578, prod: 0.122337, t_ads: 35.0, t_des: 35.6, bed_util_ads: 0.483, bed_util_des: 0.483, des_th: 0.4827412951797876,frac_lost: 0.101, li_recovered:  8.629, time: 0.0069692360011686105
L: 0.50, u_super: 0.00981, sec: 571.062, prod: 0.222572, t_ads: 19.9, t_des: 18.1, bed_util_ads: 0.500, bed_util_des: 0.499, des_th: 0.49941800771673645,frac_lost: 0.105, li_recovered:  8.458, time: 0.00970136999967508
L: 0.50, u_super: 0.00586, sec: 325.103, prod: 0.132547, t_ads: 33.1, t_des: 30.1, bed_util_ads: 0.499, bed_util_des: 0.498, des_th: 0.49842812382250257,frac_lost: 0.102, li_recovered:  8.376, time: 0.005242516999715008
L: 6.85, u_super: 0.00712 — INFEASIBLE (li_recovered=0.000e+00), time: 0.002817541999320383
L: 10.30, u_super: 0.00083 — INFEASIBLE (li_recovered=0.000e+00), time: 0.0011820210002042586
L: 0.50, u_super: 0.00356, sec: 192.886, prod: 0.079769, t_ads: 54.6, t_des: 50.0, bed_util_ads: 0.495, bed_util_des: 0.494, des_th: 0.4944034882775277,frac_lost: 0.106, li_recovered:  8.347, time: 0.004512727000474115
L: 0.50, u_super: 0.00455, sec: 248.785, prod: 0.102475, t_ads: 42.7, t_des: 39.5, bed_util_ads: 0.495, bed_util_des: 0.495, des_th: 0.49457282370221645,frac_lost: 0.103, li_recovered:  8.417, time: 0.005071225001302082
L: 0.50, u_super: 0.00272, sec: 146.143, prod: 0.060648, t_ads: 71.1, t_des: 66.2, bed_util_ads: 0.492, bed_util_des: 0.492, des_th: 0.4920010898585627,frac_lost: 0.104, li_recovered:  8.328, time: 0.004907640999590512
L: 65.89, u_super: 0.00990 — INFEASIBLE (li_recovered=0.000e+00), time: 0.0012044590002915356
L: 0.50, u_super: 0.00916, sec: 529.207, prod: 0.207417, t_ads: 21.4, t_des: 19.4, bed_util_ads: 0.500, bed_util_des: 0.499, des_th: 0.4994586149280747,frac_lost: 0.106, li_recovered:  8.446, time: 0.0071725070010870695
L: 0.50, u_super: 0.00584, sec: 323.842, prod: 0.132032, t_ads: 33.2, t_des: 29.8, bed_util_ads: 0.500, bed_util_des: 0.499, des_th: 0.4994776455720617,frac_lost: 0.101, li_recovered:  8.319, time: 0.006889659000080428
L: 0.50, u_super: 0.00133, sec: 74.215, prod: 0.028137, t_ads: 143.8, t_des: 151.4, bed_util_ads: 0.470, bed_util_des: 0.468, des_th: 0.46788701206161837,frac_lost: 0.106, li_recovered:  8.307, time: 0.009055917000296176
L: 0.50, u_super: 0.00424, sec: 2129.412, prod: 0.010378, t_ads: 46.1, t_des: 800.2, bed_util_ads: 0.184, bed_util_des: 0.177, des_th: 0.17725639213219993,frac_lost: 0.101, li_recovered:  8.783, time: 0.06523494900102378
L: 0.50, u_super: 0.00945, sec: 547.738, prod: 0.214185, t_ads: 20.7, t_des: 19.0, bed_util_ads: 0.498, bed_util_des: 0.498, des_th: 0.497529151482657,frac_lost: 0.105, li_recovered:  8.493, time: 0.008655337000163854
L: 37.57, u_super: 0.00114 — INFEASIBLE (li_recovered=0.000e+00), time: 0.0012169029996584868
L: 37.11, u_super: 0.00384 — INFEASIBLE (li_recovered=0.000e+00), time: 0.0014558459988620598
L: 0.50, u_super: 0.00272, sec: 155.056, prod: 0.057519, t_ads: 70.9, t_des: 77.7, bed_util_ads: 0.470, bed_util_des: 0.469, des_th: 0.4693662020851827,frac_lost: 0.103, li_recovered:  8.549, time: 0.00812311099980434
L: 0.50, u_super: 0.00979, sec: 569.822, prod: 0.222155, t_ads: 19.9, t_des: 18.1, bed_util_ads: 0.500, bed_util_des: 0.499, des_th: 0.49945426390224357,frac_lost: 0.104, li_recovered:  8.445, time: 0.007101156001226627
L: 0.50, u_super: 0.00885, sec: 510.760, prod: 0.200043, t_ads: 22.1, t_des: 20.5, bed_util_ads: 0.497, bed_util_des: 0.497, des_th: 0.4966950303863793,frac_lost: 0.108, li_recovered:  8.533, time: 0.0064807609996933024
L: 16.64, u_super: 0.00304 — INFEASIBLE (li_recovered=0.000e+00), time: 0.0018727620008576196
L: 0.50, u_super: 0.00055, sec: 31.275, prod: 0.011129, t_ads: 334.0, t_des: 306.1, bed_util_ads: 0.469, bed_util_des: 0.468, des_th: 0.46788701206161837,frac_lost: 0.106, li_recovered:  7.123, time: 0.006613221999941743
L: 0.50, u_super: 0.00658, sec: 369.240, prod: 0.148482, t_ads: 29.8, t_des: 26.7, bed_util_ads: 0.500, bed_util_des: 0.499, des_th: 0.4994525346692301,frac_lost: 0.108, li_recovered:  8.386, time: 0.00864046300011978
L: 16.93, u_super: 0.00439 — INFEASIBLE (li_recovered=0.000e+00), time: 0.0026292890015611192
L: 0.50, u_super: 0.00005, sec: 4.324, prod: 0.000670, t_ads: 3436.3, t_des: 5867.0, bed_util_ads: 0.253, bed_util_des: 0.185, des_th: 0.1851696623157332,frac_lost: 0.103, li_recovered:  6.229, time: 0.007861091999075143
L: 0.50, u_super: 0.00771, sec: 438.586, prod: 0.174199, t_ads: 25.4, t_des: 23.3, bed_util_ads: 0.497, bed_util_des: 0.497, des_th: 0.4970717202768472,frac_lost: 0.108, li_recovered:  8.483, time: 0.006113687999459216
L: 0.50, u_super: 0.00516, sec: 283.517, prod: 0.116480, t_ads: 37.6, t_des: 34.4, bed_util_ads: 0.497, bed_util_des: 0.497, des_th: 0.4966665694287309,frac_lost: 0.102, li_recovered:  8.392, time: 0.007430091998685384
   727 |    29080 |     40 |  0.0028682424 |             f
L: 0.50, u_super: 0.00739, sec: 418.387, prod: 0.167116, t_ads: 26.4, t_des: 23.7, bed_util_ads: 0.500, bed_util_des: 0.500, des_th: 0.4996373980900858,frac_lost: 0.106, li_recovered:  8.387, time: 0.005443916001240723
L: 0.50, u_super: 0.00799, sec: 482.162, prod: 0.170813, t_ads: 24.5, t_des: 26.4, bed_util_ads: 0.477, bed_util_des: 0.477, des_th: 0.47664004250642844,frac_lost: 0.108, li_recovered:  8.701, time: 0.005751233000410139
L: 0.50, u_super: 0.00355, sec: 192.793, prod: 0.079561, t_ads: 54.9, t_des: 50.1, bed_util_ads: 0.495, bed_util_des: 0.495, des_th: 0.4946940786694357,frac_lost: 0.108, li_recovered:  8.351, time: 0.006100671998865437
L: 0.50, u_super: 0.00960, sec: 567.976, prod: 0.213491, t_ads: 20.4, t_des: 20.2, bed_util_ads: 0.487, bed_util_des: 0.487, des_th: 0.4869487891978231,frac_lost: 0.105, li_recovered:  8.671, time: 0.005985680001685978
L: 0.50, u_super: 0.00152, sec: 81.843, prod: 0.033343, t_ads: 126.1, t_des: 115.9, bed_util_ads: 0.489, bed_util_des: 0.488, des_th: 0.48808861145811083,frac_lost: 0.106, li_recovered:  8.069, time: 0.006327883998892503
L: 22.02, u_super: 0.00397 — INFEASIBLE (li_recovered=0.000e+00), time: 0.001302074999330216
L: 3.87, u_super: 0.00012 — INFEASIBLE (li_recovered=0.000e+00), time: 0.0019169669994880678
L: 0.50, u_super: 0.00848, sec: 484.452, prod: 0.192543, t_ads: 22.9, t_des: 20.9, bed_util_ads: 0.497, bed_util_des: 0.497, des_th: 0.4971606724395402,frac_lost: 0.100, li_recovered:  8.434, time: 0.0056027609989541816
L: 0.50, u_super: 0.00885, sec: 553.321, prod: 0.184656, t_ads: 22.1, t_des: 25.1, bed_util_ads: 0.471, bed_util_des: 0.471, des_th: 0.47057642859042526,frac_lost: 0.106, li_recovered:  8.711, time: 0.005415081999672111
L: 0.50, u_super: 0.00760, sec: 430.562, prod: 0.172306, t_ads: 25.6, t_des: 23.6, bed_util_ads: 0.497, bed_util_des: 0.497, des_th: 0.4966950303863793,frac_lost: 0.102, li_recovered:  8.475, time: 0.006043076000423753
L: 0.50, u_super: 0.00327, sec: 178.440, prod: 0.072580, t_ads: 59.5, t_des: 57.6, bed_util_ads: 0.487, bed_util_des: 0.487, des_th: 0.4865686092991924,frac_lost: 0.107, li_recovered:  8.499, time: 0.006626122998568462
L: 0.50, u_super: 0.00111, sec: 62.160, prod: 0.023415, t_ads: 170.6, t_des: 180.2, bed_util_ads: 0.467, bed_util_des: 0.465, des_th: 0.46513611604874017,frac_lost: 0.104, li_recovered:  8.214, time: 0.007367000000158441
L: 0.50, u_super: 0.00304, sec: 164.218, prod: 0.068154, t_ads: 63.4, t_des: 59.7, bed_util_ads: 0.491, bed_util_des: 0.491, des_th: 0.4905571247055586,frac_lost: 0.102, li_recovered:  8.387, time: 0.006773593999241712
L: 28.92, u_super: 0.00514 — INFEASIBLE (li_recovered=0.000e+00), time: 0.0012636100000236183
L: 0.50, u_super: 0.00272, sec: 146.436, prod: 0.060905, t_ads: 70.7, t_des: 64.4, bed_util_ads: 0.495, bed_util_des: 0.494, des_th: 0.49455467994927216,frac_lost: 0.102, li_recovered:  8.232, time: 0.005105074000312015
L: 85.60, u_super: 0.00369 — INFEASIBLE (li_recovered=0.000e+00), time: 0.0009484980000706855
L: 0.50, u_super: 0.00972, sec: 565.181, prod: 0.220339, t_ads: 20.1, t_des: 18.5, bed_util_ads: 0.497, bed_util_des: 0.497, des_th: 0.49710678626828586,frac_lost: 0.104, li_recovered:  8.503, time: 0.005748818000938627
L: 0.50, u_super: 0.00818, sec: 467.404, prod: 0.185004, t_ads: 23.9, t_des: 21.7, bed_util_ads: 0.499, bed_util_des: 0.498, des_th: 0.49845985252123504,frac_lost: 0.107, li_recovered:  8.439, time: 0.006374182999934419
L: 18.52, u_super: 0.00831 — INFEASIBLE (li_recovered=0.000e+00), time: 0.002587280001534964
L: 0.50, u_super: 0.00322, sec: 174.103, prod: 0.071993, t_ads: 60.0, t_des: 53.3, bed_util_ads: 0.499, bed_util_des: 0.498, des_th: 0.49835231009104314,frac_lost: 0.102, li_recovered:  8.153, time: 0.007422178001434077
L: 0.50, u_super: 0.00108 — INFEASIBLE (li_recovered=0.000e+00), time: 0.0030845299988868646
L: 0.50, u_super: 0.00005 — INFEASIBLE (li_recovered=0.000e+00), time: 0.0010806080008478602
L: 0.50, u_super: 0.00361, sec: 196.148, prod: 0.080942, t_ads: 53.9, t_des: 48.7, bed_util_ads: 0.497, bed_util_des: 0.497, des_th: 0.49672495008873807,frac_lost: 0.108, li_recovered:  8.308, time: 0.005525905999093084
L: 0.50, u_super: 0.00185, sec: 100.427, prod: 0.040534, t_ads: 103.3, t_des: 89.4, bed_util_ads: 0.497, bed_util_des: 0.497, des_th: 0.4969669964074595,frac_lost: 0.102, li_recovered:  7.808, time: 0.005926468000325258
L: 0.50, u_super: 0.00610, sec: 354.877, prod: 0.131774, t_ads: 31.9, t_des: 33.9, bed_util_ads: 0.478, bed_util_des: 0.477, des_th: 0.47720847989975856,frac_lost: 0.102, li_recovered:  8.665, time: 0.005065526000180398
L: 0.50, u_super: 0.00936, sec: 541.415, prod: 0.212165, t_ads: 20.8, t_des: 18.7, bed_util_ads: 0.500, bed_util_des: 0.499, des_th: 0.4994750975760951,frac_lost: 0.104, li_recovered:  8.396, time: 0.005766868000137038
L: 0.50, u_super: 0.00133, sec: 72.526, prod: 0.028792, t_ads: 143.8, t_des: 141.9, bed_util_ads: 0.478, bed_util_des: 0.477, des_th: 0.47662502049141975,frac_lost: 0.107, li_recovered:  8.227, time: 0.006278407001445885
L: 13.13, u_super: 0.00821 — INFEASIBLE (li_recovered=0.000e+00), time: 0.002264701999592944
L: 0.50, u_super: 0.00548, sec: 302.797, prod: 0.123773, t_ads: 35.5, t_des: 32.5, bed_util_ads: 0.497, bed_util_des: 0.497, des_th: 0.49669551603036827,frac_lost: 0.104, li_recovered:  8.414, time: 0.004879377000179375
L: 0.50, u_super: 0.00883, sec: 508.719, prod: 0.199964, t_ads: 22.1, t_des: 19.8, bed_util_ads: 0.500, bed_util_des: 0.500, des_th: 0.49996049514940755,frac_lost: 0.106, li_recovered:  8.390, time: 0.006192779999764753
L: 0.50, u_super: 0.00069, sec: 38.468, prod: 0.014498, t_ads: 268.7, t_des: 261.0, bed_util_ads: 0.468, bed_util_des: 0.466, des_th: 0.4660631166939691,frac_lost: 0.105, li_recovered:  7.680, time: 0.006519757000205573
L: 5.54, u_super: 0.00114 — INFEASIBLE (li_recovered=0.000e+00), time: 0.0017439200000808341
L: 0.50, u_super: 0.00399, sec: 217.300, prod: 0.089738, t_ads: 48.7, t_des: 44.0, bed_util_ads: 0.497, bed_util_des: 0.497, des_th: 0.4966665694287309,frac_lost: 0.105, li_recovered:  8.317, time: 0.006998840999585809
L: 0.50, u_super: 0.00376, sec: 204.664, prod: 0.084254, t_ads: 51.7, t_des: 48.5, bed_util_ads: 0.492, bed_util_des: 0.492, des_th: 0.49184895508154125,frac_lost: 0.106, li_recovered:  8.441, time: 0.006836988000941346
L: 0.50, u_super: 0.00005, sec: 4.324, prod: 0.000670, t_ads: 3436.3, t_des: 5867.0, bed_util_ads: 0.253, bed_util_des: 0.185, des_th: 0.1851696623157332,frac_lost: 0.103, li_recovered:  6.229, time: 0.005652704001477105
L: 0.50, u_super: 0.00797, sec: 453.037, prod: 0.180632, t_ads: 24.4, t_des: 22.0, bed_util_ads: 0.500, bed_util_des: 0.499, des_th: 0.49940590277063573,frac_lost: 0.102, li_recovered:  8.381, time: 0.006816686998718069
L: 0.50, u_super: 0.00647, sec: 361.538, prod: 0.146311, t_ads: 30.0, t_des: 26.8, bed_util_ads: 0.500, bed_util_des: 0.500, des_th: 0.49985159546543556,frac_lost: 0.101, li_recovered:  8.314, time: 0.0048981960007949965
L: 0.50, u_super: 0.00610, sec: 339.024, prod: 0.137936, t_ads: 31.8, t_des: 28.5, bed_util_ads: 0.500, bed_util_des: 0.499, des_th: 0.4995182184062069,frac_lost: 0.100, li_recovered:  8.316, time: 0.007284925000931253
L: 0.50, u_super: 0.00304, sec: 164.230, prod: 0.068149, t_ads: 63.3, t_des: 59.8, bed_util_ads: 0.490, bed_util_des: 0.490, des_th: 0.4895669181275594,frac_lost: 0.101, li_recovered:  8.390, time: 0.005702002999896649
L: 0.50, u_super: 0.00248, sec: 133.254, prod: 0.055341, t_ads: 77.6, t_des: 70.9, bed_util_ads: 0.493, bed_util_des: 0.492, des_th: 0.49224515150607073,frac_lost: 0.102, li_recovered:  8.215, time: 0.005514366999705089
   728 |    29120 |     40 |  0.0014172422 |             f
L: 0.50, u_super: 0.00239, sec: 128.524, prod: 0.053242, t_ads: 80.7, t_des: 73.6, bed_util_ads: 0.493, bed_util_des: 0.492, des_th: 0.49224515150607073,frac_lost: 0.105, li_recovered:  8.216, time: 0.008435924000878003
L: 0.50, u_super: 0.00420, sec: 229.414, prod: 0.094541, t_ads: 46.3, t_des: 41.7, bed_util_ads: 0.498, bed_util_des: 0.498, des_th: 0.4980286003672285,frac_lost: 0.106, li_recovered:  8.314, time: 0.007364373999735108
L: 0.50, u_super: 0.00005, sec: 4.324, prod: 0.000669, t_ads: 3431.3, t_des: 5857.7, bed_util_ads: 0.252, bed_util_des: 0.185, des_th: 0.1851696623157332,frac_lost: 0.102, li_recovered:  6.219, time: 0.007362238000496291
L: 66.31, u_super: 0.00687 — INFEASIBLE (li_recovered=0.000e+00), time: 0.0010293909999745665
L: 52.75, u_super: 0.00112 — INFEASIBLE (li_recovered=0.000e+00), time: 0.001243457998498343
L: 0.50, u_super: 0.00195, sec: 106.074, prod: 0.042492, t_ads: 98.2, t_des: 83.8, bed_util_ads: 0.500, bed_util_des: 0.499, des_th: 0.4994491993605198,frac_lost: 0.102, li_recovered:  7.735, time: 0.005864496999492985
L: 0.50, u_super: 0.00916, sec: 529.056, prod: 0.207476, t_ads: 21.3, t_des: 19.3, bed_util_ads: 0.500, bed_util_des: 0.500, des_th: 0.49968892062282566,frac_lost: 0.106, li_recovered:  8.444, time: 0.007169443000748288
L: 0.50, u_super: 0.00041, sec: 25.262, prod: 0.007900, t_ads: 424.0, t_des: 371.2, bed_util_ads: 0.464, bed_util_des: 0.464, des_th: 0.46389139111250577,frac_lost: 0.103, li_recovered:  6.283, time: 0.007795023999278783
L: 0.50, u_super: 0.00329, sec: 179.794, prod: 0.072723, t_ads: 59.2, t_des: 58.0, bed_util_ads: 0.487, bed_util_des: 0.486, des_th: 0.4864318172012698,frac_lost: 0.107, li_recovered:  8.519, time: 0.00830371399933938
L: 0.50, u_super: 0.00851, sec: 488.016, prod: 0.192515, t_ads: 23.0, t_des: 21.1, bed_util_ads: 0.497, bed_util_des: 0.497, des_th: 0.49709531859883893,frac_lost: 0.106, li_recovered:  8.492, time: 0.007929818999400595
L: 0.50, u_super: 0.00248, sec: 133.398, prod: 0.055282, t_ads: 77.9, t_des: 71.8, bed_util_ads: 0.492, bed_util_des: 0.492, des_th: 0.49185155701378147,frac_lost: 0.105, li_recovered:  8.272, time: 0.007424295999953756
L: 0.50, u_super: 0.00695, sec: 390.187, prod: 0.157304, t_ads: 27.9, t_des: 25.0, bed_util_ads: 0.500, bed_util_des: 0.500, des_th: 0.49997531210390567,frac_lost: 0.100, li_recovered:  8.320, time: 0.006977345999985118
L: 0.50, u_super: 0.00327, sec: 178.320, prod: 0.072628, t_ads: 59.4, t_des: 57.6, bed_util_ads: 0.487, bed_util_des: 0.486, des_th: 0.48631229832852824,frac_lost: 0.106, li_recovered:  8.496, time: 0.00774718600041524
L: 0.50, u_super: 0.00983, sec: 573.017, prod: 0.222481, t_ads: 19.8, t_des: 18.7, bed_util_ads: 0.495, bed_util_des: 0.494, des_th: 0.4945017385385616,frac_lost: 0.102, li_recovered:  8.567, time: 0.008105704999252339
L: 0.50, u_super: 0.00272, sec: 152.745, prod: 0.058389, t_ads: 70.8, t_des: 75.4, bed_util_ads: 0.475, bed_util_des: 0.474, des_th: 0.4736729236476351,frac_lost: 0.102, li_recovered:  8.539, time: 0.008229570999901625
L: 0.50, u_super: 0.00618, sec: 343.905, prod: 0.139877, t_ads: 31.4, t_des: 28.8, bed_util_ads: 0.497, bed_util_des: 0.496, des_th: 0.496473376900197,frac_lost: 0.102, li_recovered:  8.426, time: 0.005710273999284254
L: 5.20, u_super: 0.00439 — INFEASIBLE (li_recovered=0.000e+00), time: 0.004777731001013308
L: 0.50, u_super: 0.00562, sec: 311.737, prod: 0.126585, t_ads: 34.6, t_des: 32.7, bed_util_ads: 0.492, bed_util_des: 0.492, des_th: 0.4922509408492128,frac_lost: 0.103, li_recovered:  8.519, time: 0.007406300999718951
L: 0.50, u_super: 0.00732, sec: 413.185, prod: 0.165866, t_ads: 26.6, t_des: 23.9, bed_util_ads: 0.500, bed_util_des: 0.499, des_th: 0.49942025682935315,frac_lost: 0.102, li_recovered:  8.372, time: 0.00863321500037273
L: 0.50, u_super: 0.00011, sec: 11.467, prod: 0.001187, t_ads: 1770.1, t_des: 5008.6, bed_util_ads: 0.258, bed_util_des: 0.185, des_th: 0.1851696623157332,frac_lost: 0.100, li_recovered:  8.049, time: 0.012481622001359938
L: 0.50, u_super: 0.00656, sec: 366.786, prod: 0.148415, t_ads: 29.6, t_des: 26.5, bed_util_ads: 0.500, bed_util_des: 0.500, des_th: 0.49985159546543556,frac_lost: 0.101, li_recovered:  8.318, time: 0.006295501998465625
L: 0.50, u_super: 0.00439, sec: 239.748, prod: 0.098808, t_ads: 44.3, t_des: 40.9, bed_util_ads: 0.495, bed_util_des: 0.494, des_th: 0.49448476414332776,frac_lost: 0.104, li_recovered:  8.411, time: 0.008410112999627017
L: 0.50, u_super: 0.00642, sec: 358.992, prod: 0.145102, t_ads: 30.3, t_des: 27.0, bed_util_ads: 0.500, bed_util_des: 0.500, des_th: 0.4996294088813399,frac_lost: 0.103, li_recovered:  8.320, time: 0.007210550998934195
L: 0.50, u_super: 0.00152, sec: 83.731, prod: 0.032590, t_ads: 125.0, t_des: 104.7, bed_util_ads: 0.500, bed_util_des: 0.500, des_th: 0.49988595466832925,frac_lost: 0.101, li_recovered:  7.487, time: 0.006247588000405813
L: 0.50, u_super: 0.00301, sec: 162.364, prod: 0.067374, t_ads: 64.3, t_des: 59.0, bed_util_ads: 0.494, bed_util_des: 0.494, des_th: 0.4939859356717586,frac_lost: 0.105, li_recovered:  8.306, time: 0.005900050999116502
L: 0.50, u_super: 0.00448, sec: 245.241, prod: 0.100798, t_ads: 43.4, t_des: 38.8, bed_util_ads: 0.499, bed_util_des: 0.499, des_th: 0.49928480083447013,frac_lost: 0.105, li_recovered:  8.282, time: 0.008124893000058364
L: 0.50, u_super: 0.00561, sec: 310.242, prod: 0.126763, t_ads: 34.6, t_des: 31.8, bed_util_ads: 0.497, bed_util_des: 0.497, des_th: 0.49669551603036827,frac_lost: 0.103, li_recovered:  8.419, time: 0.008383055001104367
L: 0.50, u_super: 0.00755, sec: 427.285, prod: 0.171043, t_ads: 25.7, t_des: 23.0, bed_util_ads: 0.500, bed_util_des: 0.500, des_th: 0.49996000605219887,frac_lost: 0.100, li_recovered:  8.321, time: 0.012039949999234523
L: 0.50, u_super: 0.00303, sec: 163.495, prod: 0.067755, t_ads: 63.7, t_des: 60.2, bed_util_ads: 0.491, bed_util_des: 0.491, des_th: 0.49062049506031674,frac_lost: 0.103, li_recovered:  8.395, time: 0.01018907699835836
L: 2.42, u_super: 0.00990, sec: 3304.623, prod: 0.190017, t_ads: 94.4, t_des: 122.8, bed_util_ads: 0.447, bed_util_des: 0.445, des_th: 0.44464471360350366,frac_lost: 0.103, li_recovered:  41.272, time: 0.011872986000525998
L: 0.50, u_super: 0.00133, sec: 72.491, prod: 0.028806, t_ads: 143.7, t_des: 141.9, bed_util_ads: 0.478, bed_util_des: 0.477, des_th: 0.4767274033932757,frac_lost: 0.106, li_recovered:  8.226, time: 0.010269161999531207
L: 0.50, u_super: 0.00616, sec: 343.299, prod: 0.139287, t_ads: 31.5, t_des: 28.2, bed_util_ads: 0.500, bed_util_des: 0.500, des_th: 0.4999645661589208,frac_lost: 0.103, li_recovered:  8.326, time: 0.008760402999541839
L: 0.50, u_super: 0.00696, sec: 390.812, prod: 0.157667, t_ads: 27.9, t_des: 25.2, bed_util_ads: 0.500, bed_util_des: 0.500, des_th: 0.4998160274761582,frac_lost: 0.101, li_recovered:  8.367, time: 0.008637438999357983
L: 47.84, u_super: 0.00324 — INFEASIBLE (li_recovered=0.000e+00), time: 0.0013576230012404267
L: 0.50, u_super: 0.00642, sec: 358.484, prod: 0.145308, t_ads: 30.3, t_des: 27.4, bed_util_ads: 0.499, bed_util_des: 0.498, des_th: 0.49836878516115735,frac_lost: 0.102, li_recovered:  8.371, time: 0.009028377000504406
L: 15.08, u_super: 0.00122 — INFEASIBLE (li_recovered=0.000e+00), time: 0.002681736999875284
L: 0.50, u_super: 0.00483, sec: 265.517, prod: 0.108752, t_ads: 40.3, t_des: 36.0, bed_util_ads: 0.500, bed_util_des: 0.499, des_th: 0.4993571268073246,frac_lost: 0.105, li_recovered:  8.294, time: 0.008137557999361889
L: 0.50, u_super: 0.00214, sec: 115.788, prod: 0.047109, t_ads: 90.3, t_des: 78.6, bed_util_ads: 0.498, bed_util_des: 0.498, des_th: 0.49769612143824726,frac_lost: 0.107, li_recovered:  7.953, time: 0.008977557999969576
L: 0.50, u_super: 0.00975, sec: 567.242, prod: 0.221143, t_ads: 20.0, t_des: 18.2, bed_util_ads: 0.500, bed_util_des: 0.499, des_th: 0.49951631808560454,frac_lost: 0.105, li_recovered:  8.451, time: 0.009282693999921321
L: 6.29, u_super: 0.00817 — INFEASIBLE (li_recovered=0.000e+00), time: 0.006178786999953445
   729 |    29160 |     40 |  0.0046414661 |             f
L: 0.50, u_super: 0.00821, sec: 469.367, prod: 0.185726, t_ads: 23.8, t_des: 21.9, bed_util_ads: 0.498, bed_util_des: 0.498, des_th: 0.49753603959909287,frac_lost: 0.107, li_recovered:  8.484, time: 0.008742650999920443
L: 18.10, u_super: 0.00552 — INFEASIBLE (li_recovered=0.000e+00), time: 0.0019613100012065843
L: 0.50, u_super: 0.00355, sec: 193.184, prod: 0.079400, t_ads: 54.8, t_des: 48.3, bed_util_ads: 0.499, bed_util_des: 0.499, des_th: 0.49922310643747,frac_lost: 0.107, li_recovered:  8.185, time: 0.00939070099957462
L: 0.50, u_super: 0.00119 — INFEASIBLE (li_recovered=0.000e+00), time: 0.0035377149997657398
L: 0.50, u_super: 0.00916, sec: 562.102, prod: 0.195279, t_ads: 21.3, t_des: 23.3, bed_util_ads: 0.476, bed_util_des: 0.475, des_th: 0.47541041165080244,frac_lost: 0.104, li_recovered:  8.708, time: 0.005400780999480048
L: 0.50, u_super: 0.00859, sec: 493.275, prod: 0.194298, t_ads: 22.8, t_des: 20.9, bed_util_ads: 0.497, bed_util_des: 0.497, des_th: 0.4970947354478658,frac_lost: 0.107, li_recovered:  8.491, time: 0.008367256001292844
L: 0.50, u_super: 0.00990, sec: 576.641, prod: 0.224566, t_ads: 19.7, t_des: 17.9, bed_util_ads: 0.499, bed_util_des: 0.499, des_th: 0.49937804070689185,frac_lost: 0.104, li_recovered:  8.455, time: 0.006855783998616971
L: 0.50, u_super: 0.00193, sec: 103.429, prod: 0.042755, t_ads: 99.1, t_des: 90.2, bed_util_ads: 0.493, bed_util_des: 0.492, des_th: 0.49224515150607073,frac_lost: 0.100, li_recovered:  8.090, time: 0.006040546999429353
L: 0.50, u_super: 0.00586, sec: 368.618, prod: 0.116723, t_ads: 33.5, t_des: 40.9, bed_util_ads: 0.461, bed_util_des: 0.460, des_th: 0.46018130869767643,frac_lost: 0.109, li_recovered:  8.686, time: 0.005865481000000727
L: 0.50, u_super: 0.00267, sec: 143.751, prod: 0.059723, t_ads: 72.2, t_des: 66.5, bed_util_ads: 0.492, bed_util_des: 0.492, des_th: 0.49200592217954875,frac_lost: 0.103, li_recovered:  8.283, time: 0.006832193999798619
L: 0.50, u_super: 0.00547, sec: 301.754, prod: 0.123575, t_ads: 35.5, t_des: 32.5, bed_util_ads: 0.497, bed_util_des: 0.497, des_th: 0.4966851725447879,frac_lost: 0.102, li_recovered:  8.404, time: 0.007660813000256894
L: 0.50, u_super: 0.00108, sec: 59.081, prod: 0.023393, t_ads: 175.1, t_des: 168.8, bed_util_ads: 0.478, bed_util_des: 0.476, des_th: 0.4761466367300473,frac_lost: 0.106, li_recovered:  8.045, time: 0.009260088998416904
L: 0.50, u_super: 0.00692, sec: 388.555, prod: 0.156703, t_ads: 28.0, t_des: 25.1, bed_util_ads: 0.500, bed_util_des: 0.500, des_th: 0.4998400729807877,frac_lost: 0.100, li_recovered:  8.320, time: 0.007821611001418205
L: 5.91, u_super: 0.00759, sec: 5698.663, prod: 0.153376, t_ads: 289.2, t_des: 316.2, bed_util_ads: 0.451, bed_util_des: 0.447, des_th: 0.44681439992752864,frac_lost: 0.104, li_recovered:  92.861, time: 0.007435264999003266
L: 0.50, u_super: 0.00785, sec: 445.494, prod: 0.178216, t_ads: 24.7, t_des: 22.4, bed_util_ads: 0.500, bed_util_des: 0.499, des_th: 0.4994987745353423,frac_lost: 0.100, li_recovered:  8.391, time: 0.0066620249999687076
L: 0.50, u_super: 0.00483, sec: 264.924, prod: 0.108908, t_ads: 40.2, t_des: 37.3, bed_util_ads: 0.495, bed_util_des: 0.495, des_th: 0.49457282370221645,frac_lost: 0.103, li_recovered:  8.438, time: 0.010641354998369934
L: 0.50, u_super: 0.00947, sec: 673.458, prod: 0.174827, t_ads: 20.6, t_des: 29.3, bed_util_ads: 0.444, bed_util_des: 0.443, des_th: 0.44293609462975636,frac_lost: 0.104, li_recovered:  8.722, time: 0.011796922000939958
L: 0.50, u_super: 0.00740, sec: 419.661, prod: 0.166880, t_ads: 26.5, t_des: 24.5, bed_util_ads: 0.497, bed_util_des: 0.497, des_th: 0.49669551603036827,frac_lost: 0.109, li_recovered:  8.515, time: 0.007898738000221783
L: 0.50, u_super: 0.00422, sec: 230.481, prod: 0.094864, t_ads: 46.1, t_des: 42.6, bed_util_ads: 0.495, bed_util_des: 0.495, des_th: 0.4947548597193996,frac_lost: 0.106, li_recovered:  8.418, time: 0.01034789000004821
L: 25.39, u_super: 0.00796 — INFEASIBLE (li_recovered=0.000e+00), time: 0.0022934680000616936
L: 0.50, u_super: 0.00069, sec: 38.999, prod: 0.014300, t_ads: 266.2, t_des: 236.4, bed_util_ads: 0.479, bed_util_des: 0.478, des_th: 0.47794712242895615,frac_lost: 0.102, li_recovered:  7.188, time: 0.007494786999814096
L: 0.50, u_super: 0.00774, sec: 440.718, prod: 0.174548, t_ads: 25.4, t_des: 23.5, bed_util_ads: 0.497, bed_util_des: 0.497, des_th: 0.497064324766855,frac_lost: 0.109, li_recovered:  8.521, time: 0.009504977999313269
L: 0.50, u_super: 0.00583, sec: 323.056, prod: 0.131827, t_ads: 33.3, t_des: 30.6, bed_util_ads: 0.497, bed_util_des: 0.497, des_th: 0.4967137865006475,frac_lost: 0.102, li_recovered:  8.420, time: 0.007298571999854175
L: 0.50, u_super: 0.00869, sec: 503.711, prod: 0.195301, t_ads: 22.5, t_des: 21.6, bed_util_ads: 0.492, bed_util_des: 0.492, des_th: 0.49200014675328607,frac_lost: 0.106, li_recovered:  8.618, time: 0.006964848998904927
L: 0.50, u_super: 0.00687, sec: 386.415, prod: 0.155099, t_ads: 28.5, t_des: 25.6, bed_util_ads: 0.500, bed_util_des: 0.500, des_th: 0.499970894759423,frac_lost: 0.107, li_recovered:  8.383, time: 0.0073522130005585495
L: 0.50, u_super: 0.00789, sec: 447.896, prod: 0.179144, t_ads: 24.6, t_des: 22.5, bed_util_ads: 0.497, bed_util_des: 0.497, des_th: 0.4970947354478658,frac_lost: 0.100, li_recovered:  8.431, time: 0.007017727999482304
L: 0.50, u_super: 0.00360, sec: 195.376, prod: 0.080811, t_ads: 53.9, t_des: 49.4, bed_util_ads: 0.495, bed_util_des: 0.495, des_th: 0.4946883032431727,frac_lost: 0.106, li_recovered:  8.351, time: 0.005711939000320854
L: 0.50, u_super: 0.00457, sec: 250.073, prod: 0.102869, t_ads: 42.5, t_des: 39.4, bed_util_ads: 0.495, bed_util_des: 0.494, des_th: 0.4945120820241344,frac_lost: 0.104, li_recovered:  8.430, time: 0.00868908699885651
L: 4.61, u_super: 0.00990 — INFEASIBLE (li_recovered=0.000e+00), time: 0.0036020400002598763
L: 3.27, u_super: 0.00801, sec: 3229.818, prod: 0.167502, t_ads: 155.3, t_des: 126.1, bed_util_ads: 0.500, bed_util_des: 0.500, des_th: 0.4996236799561594,frac_lost: 0.108, li_recovered:  47.133, time: 0.008227341999372584
L: 0.50, u_super: 0.00651, sec: 363.883, prod: 0.147503, t_ads: 29.8, t_des: 27.3, bed_util_ads: 0.497, bed_util_des: 0.497, des_th: 0.4966728447649695,frac_lost: 0.102, li_recovered:  8.428, time: 0.00515112399989448
L: 8.52, u_super: 0.00005 — INFEASIBLE (li_recovered=0.000e+00), time: 0.001234966000993154
L: 0.50, u_super: 0.00916, sec: 528.876, prod: 0.207547, t_ads: 21.3, t_des: 19.4, bed_util_ads: 0.500, bed_util_des: 0.499, des_th: 0.49947660695415097,frac_lost: 0.105, li_recovered:  8.450, time: 0.006288574000791414
L: 0.50, u_super: 0.00527, sec: 290.877, prod: 0.118868, t_ads: 36.9, t_des: 33.0, bed_util_ads: 0.500, bed_util_des: 0.500, des_th: 0.49992537646995056,frac_lost: 0.104, li_recovered:  8.303, time: 0.005478332001075614
L: 0.50, u_super: 0.00082 — INFEASIBLE (li_recovered=0.000e+00), time: 0.004479408999031875
L: 0.50, u_super: 0.00466, sec: 255.288, prod: 0.104768, t_ads: 41.8, t_des: 37.3, bed_util_ads: 0.500, bed_util_des: 0.500, des_th: 0.49966190239125063,frac_lost: 0.105, li_recovered:  8.279, time: 0.0053009069997642655
L: 0.50, u_super: 0.00990, sec: 576.969, prod: 0.224438, t_ads: 19.7, t_des: 17.9, bed_util_ads: 0.500, bed_util_des: 0.500, des_th: 0.4999808252060915,frac_lost: 0.105, li_recovered:  8.448, time: 0.004781886000273516
L: 0.50, u_super: 0.00922, sec: 564.199, prod: 0.197554, t_ads: 21.2, t_des: 22.9, bed_util_ads: 0.477, bed_util_des: 0.477, des_th: 0.47664004250642844,frac_lost: 0.104, li_recovered:  8.707, time: 0.005499009999766713
L: 0.50, u_super: 0.00420, sec: 229.173, prod: 0.094564, t_ads: 46.2, t_des: 42.8, bed_util_ads: 0.495, bed_util_des: 0.494, des_th: 0.4942650285040815,frac_lost: 0.104, li_recovered:  8.417, time: 0.005577504000029876
L: 0.50, u_super: 0.00916, sec: 670.388, prod: 0.163736, t_ads: 21.3, t_des: 31.9, bed_util_ads: 0.436, bed_util_des: 0.436, des_th: 0.43573237214519545,frac_lost: 0.104, li_recovered:  8.722, time: 0.00753743499990378
   730 |    29200 |     40 |  0.0009941850 |             f
L: 21.80, u_super: 0.00916 — INFEASIBLE (li_recovered=0.000e+00), time: 0.0032276580004690913
L: 0.50, u_super: 0.00108, sec: 59.842, prod: 0.023096, t_ads: 175.0, t_des: 178.4, bed_util_ads: 0.471, bed_util_des: 0.469, des_th: 0.46922051562627104,frac_lost: 0.105, li_recovered:  8.162, time: 0.006805267999880016
L: 0.50, u_super: 0.00090 — INFEASIBLE (li_recovered=0.000e+00), time: 0.004784098000527592
L: 0.50, u_super: 0.00272, sec: 147.251, prod: 0.060568, t_ads: 70.8, t_des: 62.2, bed_util_ads: 0.499, bed_util_des: 0.499, des_th: 0.49915595506927496,frac_lost: 0.103, li_recovered:  8.057, time: 0.007007619000432896
L: 0.50, u_super: 0.00322, sec: 174.469, prod: 0.072034, t_ads: 60.4, t_des: 55.9, bed_util_ads: 0.493, bed_util_des: 0.493, des_th: 0.49271832865495796,frac_lost: 0.108, li_recovered:  8.380, time: 0.006395500999133219
L: 0.50, u_super: 0.00352, sec: 190.921, prod: 0.078994, t_ads: 55.2, t_des: 50.5, bed_util_ads: 0.495, bed_util_des: 0.495, des_th: 0.4947715373382741,frac_lost: 0.106, li_recovered:  8.347, time: 0.006695545000184211
L: 0.50, u_super: 0.00070, sec: 199.212, prod: 0.002908, t_ads: 280.8, t_des: 2744.2, bed_util_ads: 0.215, bed_util_des: 0.185, des_th: 0.1851696623157332,frac_lost: 0.103, li_recovered:  8.798, time: 0.030404164999708883
L: 0.50, u_super: 0.00953, sec: 561.048, prod: 0.213117, t_ads: 20.5, t_des: 20.1, bed_util_ads: 0.489, bed_util_des: 0.489, des_th: 0.48870590487853544,frac_lost: 0.105, li_recovered:  8.653, time: 0.007778351999149891
L: 0.50, u_super: 0.00327, sec: 177.287, prod: 0.073180, t_ads: 59.5, t_des: 55.0, bed_util_ads: 0.494, bed_util_des: 0.494, des_th: 0.49363078366566265,frac_lost: 0.108, li_recovered:  8.379, time: 0.0071050759997888235
L: 0.50, u_super: 0.00360, sec: 195.376, prod: 0.080811, t_ads: 53.9, t_des: 49.4, bed_util_ads: 0.495, bed_util_des: 0.495, des_th: 0.4946883032431727,frac_lost: 0.106, li_recovered:  8.351, time: 0.006947059000594891
L: 0.50, u_super: 0.00662, sec: 371.249, prod: 0.149418, t_ads: 29.6, t_des: 26.6, bed_util_ads: 0.500, bed_util_des: 0.500, des_th: 0.49988307114953734,frac_lost: 0.107, li_recovered:  8.388, time: 0.005599661999440286
L: 0.50, u_super: 0.00567, sec: 313.239, prod: 0.128190, t_ads: 34.2, t_des: 31.4, bed_util_ads: 0.497, bed_util_des: 0.497, des_th: 0.496611086519597,frac_lost: 0.101, li_recovered:  8.410, time: 0.009719637999296538
L: 0.50, u_super: 0.00238, sec: 128.077, prod: 0.053131, t_ads: 80.7, t_des: 73.6, bed_util_ads: 0.493, bed_util_des: 0.492, des_th: 0.49224515150607073,frac_lost: 0.103, li_recovered:  8.198, time: 0.00760034899940365
L: 27.24, u_super: 0.00610 — INFEASIBLE (li_recovered=0.000e+00), time: 0.00207214500005648
L: 60.76, u_super: 0.00103 — INFEASIBLE (li_recovered=0.000e+00), time: 0.0011115569996036356
L: 0.50, u_super: 0.00216, sec: 116.745, prod: 0.047828, t_ads: 88.4, t_des: 77.6, bed_util_ads: 0.498, bed_util_des: 0.498, des_th: 0.49765909515355533,frac_lost: 0.100, li_recovered:  7.941, time: 0.0051421059997665
L: 0.50, u_super: 0.00943, sec: 546.606, prod: 0.213550, t_ads: 20.7, t_des: 18.6, bed_util_ads: 0.500, bed_util_des: 0.500, des_th: 0.4999787925011771,frac_lost: 0.106, li_recovered:  8.403, time: 0.007706918000621954
L: 28.38, u_super: 0.00005 — INFEASIBLE (li_recovered=0.000e+00), time: 0.000995053998849471
L: 0.50, u_super: 0.00945, sec: 547.738, prod: 0.214185, t_ads: 20.7, t_des: 19.0, bed_util_ads: 0.498, bed_util_des: 0.498, des_th: 0.497529151482657,frac_lost: 0.105, li_recovered:  8.493, time: 0.006118989000242436
L: 0.50, u_super: 0.00656, sec: 367.877, prod: 0.147975, t_ads: 29.9, t_des: 27.1, bed_util_ads: 0.499, bed_util_des: 0.499, des_th: 0.49898098971198274,frac_lost: 0.109, li_recovered:  8.427, time: 0.005018978999942192
L: 71.69, u_super: 0.00825 — INFEASIBLE (li_recovered=0.000e+00), time: 0.0013822029995935736
L: 23.21, u_super: 0.00931 — INFEASIBLE (li_recovered=0.000e+00), time: 0.0024314770016644616
L: 0.50, u_super: 0.00776, sec: 442.751, prod: 0.174663, t_ads: 25.3, t_des: 23.7, bed_util_ads: 0.494, bed_util_des: 0.494, des_th: 0.4939859356717586,frac_lost: 0.109, li_recovered:  8.562, time: 0.006244365000384278
L: 0.50, u_super: 0.00663, sec: 372.369, prod: 0.149577, t_ads: 29.5, t_des: 26.4, bed_util_ads: 0.500, bed_util_des: 0.500, des_th: 0.4997240875822374,frac_lost: 0.108, li_recovered:  8.369, time: 0.012475927000195952
L: 0.50, u_super: 0.00370, sec: 238.469, prod: 0.069764, t_ads: 52.4, t_des: 71.3, bed_util_ads: 0.445, bed_util_des: 0.444, des_th: 0.4435525378174986,frac_lost: 0.101, li_recovered:  8.630, time: 0.015856230000281357
L: 0.50, u_super: 0.00126, sec: 70.235, prod: 0.026777, t_ads: 151.2, t_des: 157.8, bed_util_ads: 0.470, bed_util_des: 0.468, des_th: 0.4681373520446338,frac_lost: 0.106, li_recovered:  8.275, time: 0.008617071998742176
L: 0.50, u_super: 0.00916, sec: 528.746, prod: 0.207598, t_ads: 21.3, t_des: 19.2, bed_util_ads: 0.500, bed_util_des: 0.500, des_th: 0.4995940555753495,frac_lost: 0.104, li_recovered:  8.404, time: 0.008933256000091205
L: 0.50, u_super: 0.00510, sec: 280.235, prod: 0.115050, t_ads: 38.1, t_des: 35.0, bed_util_ads: 0.497, bed_util_des: 0.497, des_th: 0.49677716461398774,frac_lost: 0.103, li_recovered:  8.407, time: 0.009534476999760955
L: 0.50, u_super: 0.00317, sec: 171.138, prod: 0.071182, t_ads: 60.8, t_des: 55.5, bed_util_ads: 0.494, bed_util_des: 0.494, des_th: 0.49404881409079604,frac_lost: 0.102, li_recovered:  8.276, time: 0.00839785199968901
L: 0.50, u_super: 0.00079, sec: 44.058, prod: 0.016555, t_ads: 238.1, t_des: 241.9, bed_util_ads: 0.466, bed_util_des: 0.464, des_th: 0.46389139111250577,frac_lost: 0.107, li_recovered:  7.946, time: 0.009558164998452412
L: 0.50, u_super: 0.00422, sec: 230.642, prod: 0.094627, t_ads: 46.1, t_des: 40.6, bed_util_ads: 0.500, bed_util_des: 0.500, des_th: 0.4999779729598912,frac_lost: 0.105, li_recovered:  8.202, time: 0.010510537000300246
L: 0.50, u_super: 0.00925, sec: 560.012, prod: 0.200013, t_ads: 21.2, t_des: 22.4, bed_util_ads: 0.479, bed_util_des: 0.479, des_th: 0.4790081852841087,frac_lost: 0.106, li_recovered:  8.705, time: 0.01068059300087043
L: 1.22, u_super: 0.00418, sec: 569.331, prod: 0.091538, t_ads: 111.3, t_des: 97.6, bed_util_ads: 0.495, bed_util_des: 0.494, des_th: 0.49430205472515343,frac_lost: 0.103, li_recovered:  19.124, time: 0.012112430998968193
L: 0.50, u_super: 0.00797, sec: 520.939, prod: 0.157088, t_ads: 24.6, t_des: 30.9, bed_util_ads: 0.458, bed_util_des: 0.457, des_th: 0.4573018774543943,frac_lost: 0.106, li_recovered:  8.709, time: 0.012602845999936108
L: 44.14, u_super: 0.00355, sec: 28873.828, prod: 0.046894, t_ads: 4429.2, t_des: 8033.2, bed_util_ads: 0.238, bed_util_des: 0.157, des_th: 0.1573052897929462,frac_lost: 0.102, li_recovered:  584.411, time: 0.014636075999078457
L: 0.50, u_super: 0.00979, sec: 569.198, prod: 0.222022, t_ads: 19.9, t_des: 18.3, bed_util_ads: 0.497, bed_util_des: 0.497, des_th: 0.49710678626828586,frac_lost: 0.103, li_recovered:  8.495, time: 0.010901129999183468
L: 0.50, u_super: 0.00218, sec: 118.321, prod: 0.048117, t_ads: 87.7, t_des: 75.9, bed_util_ads: 0.498, bed_util_des: 0.498, des_th: 0.4980247987551271,frac_lost: 0.101, li_recovered:  7.872, time: 0.009828491000007489
L: 0.50, u_super: 0.00527, sec: 294.704, prod: 0.117296, t_ads: 36.8, t_des: 36.5, bed_util_ads: 0.486, bed_util_des: 0.486, des_th: 0.48592497193731926,frac_lost: 0.101, li_recovered:  8.600, time: 0.015227533000143012
L: 9.47, u_super: 0.00416 — INFEASIBLE (li_recovered=0.000e+00), time: 0.004311925000365591
L: 0.50, u_super: 0.00009, sec: 8.944, prod: 0.001165, t_ads: 1972.5, t_des: 4562.6, bed_util_ads: 0.267, bed_util_des: 0.198, des_th: 0.19768697608445407,frac_lost: 0.102, li_recovered:  7.617, time: 0.027296934998958022
   731 |    29240 |     40 |  0.0028708050 |             f
L: 0.50, u_super: 0.00041, sec: 25.255, prod: 0.007903, t_ads: 423.7, t_des: 371.4, bed_util_ads: 0.464, bed_util_des: 0.464, des_th: 0.46389139111250577,frac_lost: 0.102, li_recovered:  6.283, time: 0.009082399999897461
L: 0.50, u_super: 0.00978, sec: 568.917, prod: 0.221878, t_ads: 20.0, t_des: 18.1, bed_util_ads: 0.500, bed_util_des: 0.500, des_th: 0.49960490224533044,frac_lost: 0.104, li_recovered:  8.454, time: 0.010262801000862964
L: 0.50, u_super: 0.00360, sec: 195.572, prod: 0.080730, t_ads: 54.0, t_des: 50.0, bed_util_ads: 0.495, bed_util_des: 0.494, des_th: 0.49426389761355277,frac_lost: 0.107, li_recovered:  8.401, time: 0.010094516999743064
L: 7.14, u_super: 0.00301 — INFEASIBLE (li_recovered=0.000e+00), time: 0.0034739050006464822
L: 15.35, u_super: 0.00916 — INFEASIBLE (li_recovered=0.000e+00), time: 0.006390594000549754
L: 0.50, u_super: 0.00691, sec: 388.192, prod: 0.156507, t_ads: 28.0, t_des: 25.1, bed_util_ads: 0.500, bed_util_des: 0.500, des_th: 0.4998400729807877,frac_lost: 0.100, li_recovered:  8.313, time: 0.012794740001481841
L: 35.85, u_super: 0.00527 — INFEASIBLE (li_recovered=0.000e+00), time: 0.002423537000140641
L: 0.50, u_super: 0.00152, sec: 81.843, prod: 0.033343, t_ads: 126.1, t_des: 115.9, bed_util_ads: 0.489, bed_util_des: 0.488, des_th: 0.48808861145811083,frac_lost: 0.106, li_recovered:  8.069, time: 0.01008810300118057
L: 0.50, u_super: 0.00730, sec: 421.030, prod: 0.161857, t_ads: 26.8, t_des: 26.6, bed_util_ads: 0.487, bed_util_des: 0.487, des_th: 0.48655143270739937,frac_lost: 0.108, li_recovered:  8.654, time: 0.014778548998947372
L: 0.50, u_super: 0.00827, sec: 485.883, prod: 0.182037, t_ads: 23.6, t_des: 24.1, bed_util_ads: 0.484, bed_util_des: 0.484, des_th: 0.48360787087506707,frac_lost: 0.105, li_recovered:  8.679, time: 0.016310867000356666
L: 0.50, u_super: 0.00889, sec: 511.855, prod: 0.201212, t_ads: 22.0, t_des: 20.2, bed_util_ads: 0.497, bed_util_des: 0.497, des_th: 0.49709696851812735,frac_lost: 0.106, li_recovered:  8.492, time: 0.011241075000725687
L: 0.50, u_super: 0.00771, sec: 485.453, prod: 0.157140, t_ads: 25.5, t_des: 29.9, bed_util_ads: 0.467, bed_util_des: 0.466, des_th: 0.4660631166939691,frac_lost: 0.109, li_recovered:  8.707, time: 0.014708384000186925
L: 72.59, u_super: 0.00459 — INFEASIBLE (li_recovered=0.000e+00), time: 0.0033166189987241523
L: 0.50, u_super: 0.00041 — INFEASIBLE (li_recovered=0.000e+00), time: 0.006979167999816127
L: 0.50, u_super: 0.00598, sec: 332.246, prod: 0.135203, t_ads: 32.4, t_des: 29.1, bed_util_ads: 0.499, bed_util_des: 0.499, des_th: 0.49934910146229544,frac_lost: 0.101, li_recovered:  8.316, time: 0.01608092999958899
L: 0.50, u_super: 0.00061, sec: 164.184, prod: 0.002686, t_ads: 322.0, t_des: 2952.8, bed_util_ads: 0.219, bed_util_des: 0.185, des_th: 0.1851696623157332,frac_lost: 0.103, li_recovered:  8.797, time: 0.07170269100060978
L: 0.50, u_super: 0.00943, sec: 546.470, prod: 0.213604, t_ads: 20.7, t_des: 18.8, bed_util_ads: 0.500, bed_util_des: 0.500, des_th: 0.4999988231626855,frac_lost: 0.106, li_recovered:  8.436, time: 0.017442407999624265
L: 0.50, u_super: 0.00248, sec: 133.502, prod: 0.055422, t_ads: 77.6, t_des: 71.7, bed_util_ads: 0.493, bed_util_des: 0.492, des_th: 0.4920925502156901,frac_lost: 0.104, li_recovered:  8.272, time: 0.012343508999038022
L: 0.50, u_super: 0.00420, sec: 229.300, prod: 0.094512, t_ads: 46.2, t_des: 42.8, bed_util_ads: 0.495, bed_util_des: 0.495, des_th: 0.4946894341337014,frac_lost: 0.105, li_recovered:  8.420, time: 0.010878335000597872
L: 62.29, u_super: 0.00642 — INFEASIBLE (li_recovered=0.000e+00), time: 0.002056306999293156
L: 23.90, u_super: 0.00823 — INFEASIBLE (li_recovered=0.000e+00), time: 0.003868843999953242
L: 0.50, u_super: 0.00771, sec: 437.039, prod: 0.174816, t_ads: 25.2, t_des: 22.7, bed_util_ads: 0.500, bed_util_des: 0.500, des_th: 0.49969887271705465,frac_lost: 0.102, li_recovered:  8.379, time: 0.012350414999673376
L: 0.50, u_super: 0.00723, sec: 409.016, prod: 0.163397, t_ads: 27.1, t_des: 24.5, bed_util_ads: 0.500, bed_util_des: 0.499, des_th: 0.49951856719822124,frac_lost: 0.108, li_recovered:  8.436, time: 0.01781804900019779
L: 80.71, u_super: 0.00610 — INFEASIBLE (li_recovered=0.000e+00), time: 0.0020065280004928354
L: 109.17, u_super: 0.00916 — INFEASIBLE (li_recovered=0.000e+00), time: 0.0024320070006069727
L: 0.50, u_super: 0.00420, sec: 229.173, prod: 0.094564, t_ads: 46.2, t_des: 42.8, bed_util_ads: 0.495, bed_util_des: 0.494, des_th: 0.4942650285040815,frac_lost: 0.104, li_recovered:  8.417, time: 0.026756014998682076
L: 19.64, u_super: 0.00716 — INFEASIBLE (li_recovered=0.000e+00), time: 0.003427965000810218
L: 0.50, u_super: 0.00448, sec: 245.670, prod: 0.100622, t_ads: 43.4, t_des: 38.3, bed_util_ads: 0.500, bed_util_des: 0.500, des_th: 0.499801327045207,frac_lost: 0.104, li_recovered:  8.214, time: 0.012703831000180799
L: 0.50, u_super: 0.00795, sec: 451.683, prod: 0.180464, t_ads: 24.4, t_des: 22.0, bed_util_ads: 0.500, bed_util_des: 0.500, des_th: 0.4997345199616262,frac_lost: 0.100, li_recovered:  8.377, time: 0.011315408000882599
L: 0.50, u_super: 0.00064 — INFEASIBLE (li_recovered=0.000e+00), time: 0.007356878000791767
L: 0.50, u_super: 0.00610, sec: 338.878, prod: 0.137996, t_ads: 31.8, t_des: 29.1, bed_util_ads: 0.496, bed_util_des: 0.496, des_th: 0.49631102028577706,frac_lost: 0.101, li_recovered:  8.410, time: 0.010178975000599166
L: 0.50, u_super: 0.00005, sec: 4.367, prod: 0.000663, t_ads: 3271.2, t_des: 5216.2, bed_util_ads: 0.256, bed_util_des: 0.197, des_th: 0.19714152451233358,frac_lost: 0.102, li_recovered:  5.626, time: 0.01278312100112089
L: 0.50, u_super: 0.00943, sec: 553.799, prod: 0.210777, t_ads: 20.7, t_des: 20.3, bed_util_ads: 0.489, bed_util_des: 0.488, des_th: 0.48834770493627067,frac_lost: 0.104, li_recovered:  8.652, time: 0.009106621000682935
L: 0.50, u_super: 0.00557, sec: 308.002, prod: 0.125795, t_ads: 34.8, t_des: 31.2, bed_util_ads: 0.500, bed_util_des: 0.500, des_th: 0.4996769780207915,frac_lost: 0.102, li_recovered:  8.306, time: 0.00948133699967002
L: 40.10, u_super: 0.00693 — INFEASIBLE (li_recovered=0.000e+00), time: 0.002204440999776125
L: 0.50, u_super: 0.00823, sec: 470.724, prod: 0.186145, t_ads: 23.8, t_des: 21.3, bed_util_ads: 0.500, bed_util_des: 0.500, des_th: 0.49999638226366766,frac_lost: 0.107, li_recovered:  8.388, time: 0.012942264000230352
L: 0.50, u_super: 0.00005, sec: 4.385, prod: 0.000660, t_ads: 3200.2, t_des: 5077.9, bed_util_ads: 0.255, bed_util_des: 0.199, des_th: 0.19925153097294834,frac_lost: 0.100, li_recovered:  5.465, time: 0.014258392999181524
L: 0.50, u_super: 0.00759, sec: 430.974, prod: 0.171478, t_ads: 25.8, t_des: 23.7, bed_util_ads: 0.497, bed_util_des: 0.497, des_th: 0.4969431198250358,frac_lost: 0.108, li_recovered:  8.487, time: 0.013605623000330525
L: 0.50, u_super: 0.00830, sec: 481.937, prod: 0.185222, t_ads: 23.5, t_des: 23.1, bed_util_ads: 0.488, bed_util_des: 0.488, des_th: 0.4879358774081742,frac_lost: 0.106, li_recovered:  8.648, time: 0.011733366000044043
L: 0.50, u_super: 0.00459, sec: 251.685, prod: 0.103400, t_ads: 42.4, t_des: 38.2, bed_util_ads: 0.498, bed_util_des: 0.498, des_th: 0.4979920500401644,frac_lost: 0.106, li_recovered:  8.326, time: 0.0076990639990981435
   732 |    29280 |     40 |  0.0007072504 |             f
L: 0.50, u_super: 0.00035 — INFEASIBLE (li_recovered=0.000e+00), time: 0.006070490000638529
L: 0.50, u_super: 0.00819, sec: 468.081, prod: 0.185236, t_ads: 23.9, t_des: 21.9, bed_util_ads: 0.497, bed_util_des: 0.497, des_th: 0.49710556029552516,frac_lost: 0.107, li_recovered:  8.484, time: 0.008166361998519278
L: 0.50, u_super: 0.00990, sec: 576.015, prod: 0.224810, t_ads: 19.7, t_des: 17.9, bed_util_ads: 0.500, bed_util_des: 0.499, des_th: 0.49941800771673645,frac_lost: 0.102, li_recovered:  8.443, time: 0.007530120001320029
L: 0.50, u_super: 0.00723, sec: 408.596, prod: 0.163223, t_ads: 27.1, t_des: 24.8, bed_util_ads: 0.497, bed_util_des: 0.497, des_th: 0.49673242840409754,frac_lost: 0.108, li_recovered:  8.478, time: 0.00843035399884684
L: 0.50, u_super: 0.00459, sec: 251.685, prod: 0.103400, t_ads: 42.4, t_des: 38.2, bed_util_ads: 0.498, bed_util_des: 0.498, des_th: 0.4979920500401644,frac_lost: 0.106, li_recovered:  8.326, time: 0.00802021799972863
L: 0.50, u_super: 0.00193, sec: 103.843, prod: 0.042585, t_ads: 100.1, t_des: 90.2, bed_util_ads: 0.493, bed_util_des: 0.492, des_th: 0.4920713027527243,frac_lost: 0.108, li_recovered:  8.106, time: 0.011263104999670759
L: 0.50, u_super: 0.00276, sec: 149.290, prod: 0.061160, t_ads: 69.9, t_des: 68.3, bed_util_ads: 0.485, bed_util_des: 0.484, des_th: 0.4842965859128315,frac_lost: 0.101, li_recovered:  8.450, time: 0.010156895999898552
L: 11.09, u_super: 0.00152 — INFEASIBLE (li_recovered=0.000e+00), time: 0.004279241999029182
L: 0.50, u_super: 0.00869, sec: 520.498, prod: 0.189002, t_ads: 22.5, t_des: 23.5, bed_util_ads: 0.481, bed_util_des: 0.481, des_th: 0.48098406252192466,frac_lost: 0.106, li_recovered:  8.698, time: 0.013744152000072063
L: 0.50, u_super: 0.00032 — INFEASIBLE (li_recovered=0.000e+00), time: 0.0047197129988489905
L: 0.50, u_super: 0.00915, sec: 528.793, prod: 0.207397, t_ads: 21.4, t_des: 19.3, bed_util_ads: 0.500, bed_util_des: 0.499, des_th: 0.4994398685272012,frac_lost: 0.106, li_recovered:  8.441, time: 0.014042650000192225
L: 0.50, u_super: 0.00005, sec: 4.665, prod: 0.000621, t_ads: 2772.3, t_des: 3980.9, bed_util_ads: 0.255, bed_util_des: 0.217, des_th: 0.21742119887283629,frac_lost: 0.101, li_recovered:  4.191, time: 0.010961779998979182
L: 0.50, u_super: 0.00072, sec: 40.169, prod: 0.015176, t_ads: 257.4, t_des: 255.5, bed_util_ads: 0.466, bed_util_des: 0.464, des_th: 0.46389139111250577,frac_lost: 0.103, li_recovered:  7.783, time: 0.010305875000995002
L: 13.82, u_super: 0.00702 — INFEASIBLE (li_recovered=0.000e+00), time: 0.004898773999229888
L: 26.91, u_super: 0.00990 — INFEASIBLE (li_recovered=0.000e+00), time: 0.005178772998988279
L: 35.02, u_super: 0.00301 — INFEASIBLE (li_recovered=0.000e+00), time: 0.0015964529993652832
L: 5.26, u_super: 0.00486 — INFEASIBLE (li_recovered=0.000e+00), time: 0.006359561000863323
L: 27.71, u_super: 0.00189 — INFEASIBLE (li_recovered=0.000e+00), time: 0.0038791759998275666
L: 0.50, u_super: 0.00614, sec: 341.647, prod: 0.139123, t_ads: 31.5, t_des: 28.6, bed_util_ads: 0.498, bed_util_des: 0.498, des_th: 0.4979543155157151,frac_lost: 0.101, li_recovered:  8.372, time: 0.013875642000130028
L: 0.50, u_super: 0.00508, sec: 1791.689, prod: 0.017848, t_ads: 38.6, t_des: 453.0, bed_util_ads: 0.215, bed_util_des: 0.210, des_th: 0.2104509943512919,frac_lost: 0.103, li_recovered:  8.775, time: 0.07607968800039089
L: 0.50, u_super: 0.00730, sec: 412.357, prod: 0.165403, t_ads: 26.6, t_des: 23.7, bed_util_ads: 0.500, bed_util_des: 0.500, des_th: 0.49996490568817586,frac_lost: 0.101, li_recovered:  8.312, time: 0.010191157000008388
L: 0.50, u_super: 0.00823, sec: 469.913, prod: 0.186273, t_ads: 23.7, t_des: 21.6, bed_util_ads: 0.500, bed_util_des: 0.499, des_th: 0.4995002839133981,frac_lost: 0.106, li_recovered:  8.443, time: 0.0094377750010608
L: 0.50, u_super: 0.00479, sec: 263.276, prod: 0.107738, t_ads: 40.7, t_des: 36.3, bed_util_ads: 0.500, bed_util_des: 0.500, des_th: 0.4995624682971561,frac_lost: 0.106, li_recovered:  8.290, time: 0.009676041001512203
L: 0.50, u_super: 0.00916, sec: 528.746, prod: 0.207598, t_ads: 21.3, t_des: 19.2, bed_util_ads: 0.500, bed_util_des: 0.500, des_th: 0.4995940555753495,frac_lost: 0.104, li_recovered:  8.404, time: 0.008923847999540158
L: 0.50, u_super: 0.00610, sec: 339.079, prod: 0.137914, t_ads: 31.9, t_des: 29.2, bed_util_ads: 0.497, bed_util_des: 0.496, des_th: 0.49648486901052197,frac_lost: 0.102, li_recovered:  8.417, time: 0.01248802100053581
L: 0.50, u_super: 0.00357, sec: 194.066, prod: 0.079903, t_ads: 54.5, t_des: 51.0, bed_util_ads: 0.492, bed_util_des: 0.492, des_th: 0.49200014675328607,frac_lost: 0.107, li_recovered:  8.433, time: 0.01130023099904065
L: 0.50, u_super: 0.00108, sec: 59.081, prod: 0.023393, t_ads: 175.1, t_des: 168.8, bed_util_ads: 0.478, bed_util_des: 0.476, des_th: 0.4761466367300473,frac_lost: 0.106, li_recovered:  8.045, time: 0.0059072879994346295
L: 0.50, u_super: 0.00486, sec: 266.689, prod: 0.109467, t_ads: 40.0, t_des: 37.0, bed_util_ads: 0.495, bed_util_des: 0.495, des_th: 0.49467729933421173,frac_lost: 0.104, li_recovered:  8.435, time: 0.007024065998848528
L: 22.48, u_super: 0.00342 — INFEASIBLE (li_recovered=0.000e+00), time: 0.002096354999594041
L: 0.50, u_super: 0.00972, sec: 619.747, prod: 0.201106, t_ads: 20.1, t_des: 23.3, bed_util_ads: 0.468, bed_util_des: 0.468, des_th: 0.4677479695658727,frac_lost: 0.103, li_recovered:  8.714, time: 0.006144115999632049
L: 0.50, u_super: 0.00493, sec: 271.154, prod: 0.111240, t_ads: 39.4, t_des: 36.4, bed_util_ads: 0.495, bed_util_des: 0.495, des_th: 0.49457282370221645,frac_lost: 0.104, li_recovered:  8.435, time: 0.00846408700090251
L: 0.50, u_super: 0.00152, sec: 82.178, prod: 0.033207, t_ads: 125.7, t_des: 111.5, bed_util_ads: 0.493, bed_util_des: 0.492, des_th: 0.49247209149673116,frac_lost: 0.105, li_recovered:  7.877, time: 0.006126109999968321
L: 2.12, u_super: 0.00848, sec: 2125.595, prod: 0.185669, t_ads: 96.2, t_des: 82.6, bed_util_ads: 0.500, bed_util_des: 0.499, des_th: 0.4993641601122022,frac_lost: 0.107, li_recovered:  33.204, time: 0.011987567999312887
L: 0.50, u_super: 0.00834, sec: 477.297, prod: 0.188705, t_ads: 23.5, t_des: 21.3, bed_util_ads: 0.500, bed_util_des: 0.499, des_th: 0.4995002839133981,frac_lost: 0.107, li_recovered:  8.442, time: 0.008037278999836417
L: 0.50, u_super: 0.00455, sec: 248.670, prod: 0.102417, t_ads: 42.7, t_des: 39.1, bed_util_ads: 0.497, bed_util_des: 0.496, des_th: 0.49634875481014346,frac_lost: 0.104, li_recovered:  8.379, time: 0.007273387000168441
L: 0.50, u_super: 0.00041 — INFEASIBLE (li_recovered=0.000e+00), time: 0.00429476699900988
L: 0.50, u_super: 0.00510, sec: 280.389, prod: 0.114987, t_ads: 38.1, t_des: 34.5, bed_util_ads: 0.497, bed_util_des: 0.497, des_th: 0.49730043848101985,frac_lost: 0.103, li_recovered:  8.350, time: 0.006086170000344282
L: 0.50, u_super: 0.00877, sec: 508.323, prod: 0.196887, t_ads: 22.3, t_des: 21.4, bed_util_ads: 0.492, bed_util_des: 0.492, des_th: 0.49200014675328607,frac_lost: 0.107, li_recovered:  8.616, time: 0.008071125999776996
L: 0.50, u_super: 0.00108, sec: 60.870, prod: 0.022706, t_ads: 175.2, t_des: 186.3, bed_util_ads: 0.466, bed_util_des: 0.463, des_th: 0.46364591727843546,frac_lost: 0.105, li_recovered:  8.209, time: 0.007788401999277994
L: 7.68, u_super: 0.00025 — INFEASIBLE (li_recovered=0.000e+00), time: 0.0014468659992417088
   733 |    29320 |     40 |  0.0010348947 |             f
L: 0.50, u_super: 0.00010 — INFEASIBLE (li_recovered=0.000e+00), time: 0.0016051780003181193
L: 0.50, u_super: 0.00320, sec: 173.129, prod: 0.071486, t_ads: 60.9, t_des: 55.6, bed_util_ads: 0.495, bed_util_des: 0.495, des_th: 0.4951304651978879,frac_lost: 0.109, li_recovered:  8.333, time: 0.0067142460011382354
L: 0.50, u_super: 0.00797, sec: 452.992, prod: 0.180651, t_ads: 24.4, t_des: 22.3, bed_util_ads: 0.497, bed_util_des: 0.497, des_th: 0.49706397972960453,frac_lost: 0.102, li_recovered:  8.448, time: 0.007718324000961729
L: 3.50, u_super: 0.00972, sec: 4193.099, prod: 0.207924, t_ads: 136.2, t_des: 114.5, bed_util_ads: 0.499, bed_util_des: 0.499, des_th: 0.49872761472199956,frac_lost: 0.101, li_recovered:  52.119, time: 0.0074488350001047365
L: 13.57, u_super: 0.00557 — INFEASIBLE (li_recovered=0.000e+00), time: 0.0024864440001692856
L: 0.50, u_super: 0.00563, sec: 311.425, prod: 0.127440, t_ads: 34.4, t_des: 31.2, bed_util_ads: 0.498, bed_util_des: 0.498, des_th: 0.49794401577756553,frac_lost: 0.101, li_recovered:  8.363, time: 0.006423355000151787
L: 0.50, u_super: 0.00420, sec: 229.301, prod: 0.094512, t_ads: 46.3, t_des: 42.3, bed_util_ads: 0.496, bed_util_des: 0.496, des_th: 0.4961891102412391,frac_lost: 0.106, li_recovered:  8.377, time: 0.0062794120003673015
L: 0.50, u_super: 0.00951, sec: 4957.559, prod: 0.023962, t_ads: 20.6, t_des: 345.8, bed_util_ads: 0.188, bed_util_des: 0.185, des_th: 0.1851696623157332,frac_lost: 0.103, li_recovered:  8.779, time: 0.06445075200099382
L: 0.50, u_super: 0.00185, sec: 99.597, prod: 0.040891, t_ads: 103.3, t_des: 92.7, bed_util_ads: 0.493, bed_util_des: 0.492, des_th: 0.49223504163488124,frac_lost: 0.102, li_recovered:  8.016, time: 0.009129751000727993
L: 0.50, u_super: 0.00066, sec: 36.999, prod: 0.013826, t_ads: 280.2, t_des: 275.3, bed_util_ads: 0.466, bed_util_des: 0.464, des_th: 0.46389139111250577,frac_lost: 0.105, li_recovered:  7.681, time: 0.009573625000484753
L: 0.50, u_super: 0.00148, sec: 80.763, prod: 0.031895, t_ads: 129.5, t_des: 110.8, bed_util_ads: 0.497, bed_util_des: 0.496, des_th: 0.4962504859617587,frac_lost: 0.106, li_recovered:  7.665, time: 0.009402351999597158
L: 0.50, u_super: 0.00583, sec: 323.735, prod: 0.131494, t_ads: 33.3, t_des: 31.5, bed_util_ads: 0.492, bed_util_des: 0.492, des_th: 0.4918368103997112,frac_lost: 0.100, li_recovered:  8.519, time: 0.0059975540007144446
L: 35.79, u_super: 0.00510 — INFEASIBLE (li_recovered=0.000e+00), time: 0.0026864989995374344
L: 3.32, u_super: 0.00786, sec: 3168.121, prod: 0.166714, t_ads: 160.3, t_des: 135.3, bed_util_ads: 0.495, bed_util_des: 0.495, des_th: 0.4949839631606706,frac_lost: 0.105, li_recovered:  49.289, time: 0.00682405000043218
L: 0.50, u_super: 0.00248, sec: 150.448, prod: 0.049017, t_ads: 77.6, t_des: 96.7, bed_util_ads: 0.454, bed_util_des: 0.452, des_th: 0.45232948748237084,frac_lost: 0.101, li_recovered:  8.546, time: 0.012195542998597375
L: 0.50, u_super: 0.00009 — INFEASIBLE (li_recovered=0.000e+00), time: 0.0025968409991037333
L: 0.50, u_super: 0.00858, sec: 492.949, prod: 0.194244, t_ads: 22.8, t_des: 20.6, bed_util_ads: 0.500, bed_util_des: 0.500, des_th: 0.499970894759423,frac_lost: 0.107, li_recovered:  8.434, time: 0.009949733001121785
L: 0.50, u_super: 0.00031 — INFEASIBLE (li_recovered=0.000e+00), time: 0.004885057000137749
L: 0.50, u_super: 0.00109, sec: 323.267, prod: 0.004326, t_ads: 181.1, t_des: 1850.2, bed_util_ads: 0.217, bed_util_des: 0.197, des_th: 0.19669849185605945,frac_lost: 0.105, li_recovered:  8.788, time: 0.05369231099939498
L: 0.50, u_super: 0.00501, sec: 275.612, prod: 0.113002, t_ads: 38.7, t_des: 34.6, bed_util_ads: 0.500, bed_util_des: 0.499, des_th: 0.4994974035571448,frac_lost: 0.103, li_recovered:  8.288, time: 0.008195188998797676
L: 0.50, u_super: 0.00789, sec: 447.818, prod: 0.179098, t_ads: 24.6, t_des: 22.5, bed_util_ads: 0.497, bed_util_des: 0.497, des_th: 0.49709508048511625,frac_lost: 0.100, li_recovered:  8.431, time: 0.012226360000568093
L: 0.50, u_super: 0.00915, sec: 528.872, prod: 0.207339, t_ads: 21.4, t_des: 19.4, bed_util_ads: 0.500, bed_util_des: 0.499, des_th: 0.49944777258232415,frac_lost: 0.106, li_recovered:  8.454, time: 0.01808921700103383
L: 0.50, u_super: 0.00248, sec: 134.338, prod: 0.054895, t_ads: 77.7, t_des: 67.5, bed_util_ads: 0.499, bed_util_des: 0.499, des_th: 0.49904181360038813,frac_lost: 0.104, li_recovered:  7.970, time: 0.011345240000082413
L: 0.50, u_super: 0.00149, sec: 80.395, prod: 0.032433, t_ads: 128.7, t_des: 114.3, bed_util_ads: 0.492, bed_util_des: 0.491, des_th: 0.49128212622350537,frac_lost: 0.106, li_recovered:  7.880, time: 0.014658161000625114
L: 0.50, u_super: 0.00604, sec: 335.712, prod: 0.136818, t_ads: 32.1, t_des: 29.1, bed_util_ads: 0.498, bed_util_des: 0.498, des_th: 0.49834368816712127,frac_lost: 0.101, li_recovered:  8.365, time: 0.01106527299998561
L: 0.50, u_super: 0.00206, sec: 116.303, prod: 0.043628, t_ads: 93.4, t_des: 100.9, bed_util_ads: 0.470, bed_util_des: 0.469, des_th: 0.4691193306605222,frac_lost: 0.104, li_recovered:  8.477, time: 0.012816429998565582
L: 0.50, u_super: 0.00738, sec: 418.414, prod: 0.166621, t_ads: 26.6, t_des: 23.7, bed_util_ads: 0.500, bed_util_des: 0.500, des_th: 0.4998399578946918,frac_lost: 0.109, li_recovered:  8.384, time: 0.010778674000903266
L: 0.63, u_super: 0.00108 — INFEASIBLE (li_recovered=0.000e+00), time: 0.0058094239993806696
L: 0.50, u_super: 0.00326, sec: 175.912, prod: 0.073204, t_ads: 59.1, t_des: 55.2, bed_util_ads: 0.493, bed_util_des: 0.492, des_th: 0.49226658526379985,frac_lost: 0.100, li_recovered:  8.368, time: 0.014473368999460945
L: 0.50, u_super: 0.00199, sec: 108.086, prod: 0.043407, t_ads: 96.2, t_des: 82.2, bed_util_ads: 0.500, bed_util_des: 0.500, des_th: 0.4998400729807877,frac_lost: 0.100, li_recovered:  7.744, time: 0.019268373000159045
L: 16.69, u_super: 0.00557 — INFEASIBLE (li_recovered=0.000e+00), time: 0.0037078520017530536
L: 0.50, u_super: 0.00990, sec: 576.015, prod: 0.224810, t_ads: 19.7, t_des: 17.9, bed_util_ads: 0.500, bed_util_des: 0.499, des_th: 0.49941800771673645,frac_lost: 0.102, li_recovered:  8.443, time: 0.014934073999029351
L: 0.50, u_super: 0.00645, sec: 360.630, prod: 0.146045, t_ads: 30.1, t_des: 27.3, bed_util_ads: 0.499, bed_util_des: 0.498, des_th: 0.49845985252123504,frac_lost: 0.103, li_recovered:  8.380, time: 0.009549588001391385
L: 0.50, u_super: 0.00151, sec: 555.094, prod: 0.004846, t_ads: 130.8, t_des: 1684.8, bed_util_ads: 0.201, bed_util_des: 0.185, des_th: 0.1851696623157332,frac_lost: 0.105, li_recovered:  8.799, time: 0.06596718900073029
L: 0.50, u_super: 0.00676, sec: 380.130, prod: 0.152626, t_ads: 29.0, t_des: 26.3, bed_util_ads: 0.498, bed_util_des: 0.498, des_th: 0.49824688979255877,frac_lost: 0.108, li_recovered:  8.430, time: 0.01700561700090475
L: 0.50, u_super: 0.00409, sec: 245.501, prod: 0.083576, t_ads: 47.4, t_des: 55.9, bed_util_ads: 0.464, bed_util_des: 0.463, des_th: 0.46277781838056986,frac_lost: 0.102, li_recovered:  8.632, time: 0.012172681999800261
L: 0.50, u_super: 0.00189, sec: 101.846, prod: 0.041733, t_ads: 101.0, t_des: 89.7, bed_util_ads: 0.495, bed_util_des: 0.494, des_th: 0.49424779398518265,frac_lost: 0.100, li_recovered:  7.955, time: 0.015885482998783118
L: 0.50, u_super: 0.00108, sec: 59.081, prod: 0.023393, t_ads: 175.1, t_des: 168.8, bed_util_ads: 0.478, bed_util_des: 0.476, des_th: 0.4761466367300473,frac_lost: 0.106, li_recovered:  8.045, time: 0.014777119000427774
L: 5.11, u_super: 0.00424, sec: 2682.220, prod: 0.084143, t_ads: 428.4, t_des: 418.2, bed_util_ads: 0.452, bed_util_des: 0.449, des_th: 0.4485603029474675,frac_lost: 0.103, li_recovered:  71.235, time: 0.012450705999071943
L: 0.50, u_super: 0.00672, sec: 377.648, prod: 0.151779, t_ads: 29.1, t_des: 26.4, bed_util_ads: 0.499, bed_util_des: 0.499, des_th: 0.49884000763523356,frac_lost: 0.108, li_recovered:  8.434, time: 0.012252572998477262
   734 |    29360 |     40 |  0.0026441026 |             f
L: 0.50, u_super: 0.00566, sec: 313.110, prod: 0.128062, t_ads: 34.2, t_des: 31.8, bed_util_ads: 0.495, bed_util_des: 0.495, des_th: 0.49457282370221645,frac_lost: 0.100, li_recovered:  8.449, time: 0.01169140599995444
L: 0.50, u_super: 0.00982, sec: 571.345, prod: 0.222687, t_ads: 19.9, t_des: 18.3, bed_util_ads: 0.497, bed_util_des: 0.497, des_th: 0.49710678626828586,frac_lost: 0.104, li_recovered:  8.498, time: 0.015341688998887548
L: 0.50, u_super: 0.00614, sec: 341.946, prod: 0.139002, t_ads: 31.6, t_des: 28.3, bed_util_ads: 0.499, bed_util_des: 0.499, des_th: 0.4993684826884355,frac_lost: 0.101, li_recovered:  8.324, time: 0.01458652300061658
L: 0.50, u_super: 0.00078 — INFEASIBLE (li_recovered=0.000e+00), time: 0.011860178999995696
L: 0.50, u_super: 0.00261, sec: 141.420, prod: 0.057788, t_ads: 73.9, t_des: 72.2, bed_util_ads: 0.485, bed_util_des: 0.484, des_th: 0.48424099970029844,frac_lost: 0.103, li_recovered:  8.442, time: 0.01227020199985418
L: 8.32, u_super: 0.00593, sec: 20220.245, prod: 0.036325, t_ads: 556.2, t_des: 3439.1, bed_util_ads: 0.241, bed_util_des: 0.194, des_th: 0.19419615862236805,frac_lost: 0.104, li_recovered:  145.128, time: 0.06274512699928891
L: 0.50, u_super: 0.00557, sec: 309.002, prod: 0.125480, t_ads: 34.8, t_des: 33.1, bed_util_ads: 0.492, bed_util_des: 0.492, des_th: 0.49224515150607073,frac_lost: 0.102, li_recovered:  8.525, time: 0.01154397299978882
L: 0.50, u_super: 0.00822, sec: 474.598, prod: 0.184360, t_ads: 23.8, t_des: 22.9, bed_util_ads: 0.492, bed_util_des: 0.492, des_th: 0.4916305116010376,frac_lost: 0.108, li_recovered:  8.620, time: 0.011181799000041792
L: 0.50, u_super: 0.00409, sec: 222.732, prod: 0.091794, t_ads: 47.6, t_des: 42.5, bed_util_ads: 0.499, bed_util_des: 0.499, des_th: 0.49928480083447013,frac_lost: 0.105, li_recovered:  8.270, time: 0.01921011299964448
L: 0.50, u_super: 0.00180, sec: 96.791, prod: 0.039689, t_ads: 106.3, t_des: 95.4, bed_util_ads: 0.492, bed_util_des: 0.492, des_th: 0.4918368103997112,frac_lost: 0.102, li_recovered:  8.002, time: 0.014639484999861452
L: 0.50, u_super: 0.00352, sec: 190.931, prod: 0.078937, t_ads: 55.2, t_des: 50.5, bed_util_ads: 0.495, bed_util_des: 0.495, des_th: 0.4946883032431727,frac_lost: 0.107, li_recovered:  8.343, time: 0.011039265998988412
L: 0.50, u_super: 0.00990, sec: 576.647, prod: 0.224568, t_ads: 19.7, t_des: 17.9, bed_util_ads: 0.500, bed_util_des: 0.500, des_th: 0.49958600139817644,frac_lost: 0.104, li_recovered:  8.456, time: 0.014732853998793871
L: 0.50, u_super: 0.00055 — INFEASIBLE (li_recovered=0.000e+00), time: 0.00635514099849388
L: 0.50, u_super: 0.00005, sec: 4.324, prod: 0.000669, t_ads: 3431.3, t_des: 5857.7, bed_util_ads: 0.252, bed_util_des: 0.185, des_th: 0.1851696623157332,frac_lost: 0.102, li_recovered:  6.219, time: 0.013785285998892505
L: 0.50, u_super: 0.00420, sec: 250.129, prod: 0.086642, t_ads: 46.2, t_des: 53.5, bed_util_ads: 0.466, bed_util_des: 0.465, des_th: 0.4655151382131216,frac_lost: 0.103, li_recovered:  8.635, time: 0.016348678998838295
L: 0.50, u_super: 0.00721, sec: 484.794, prod: 0.137043, t_ads: 27.1, t_des: 36.4, bed_util_ads: 0.449, bed_util_des: 0.449, des_th: 0.44876708729664966,frac_lost: 0.105, li_recovered:  8.704, time: 0.01900506200036034
L: 0.50, u_super: 0.00244, sec: 131.212, prod: 0.054466, t_ads: 78.9, t_des: 72.7, bed_util_ads: 0.493, bed_util_des: 0.492, des_th: 0.49224515150607073,frac_lost: 0.103, li_recovered:  8.254, time: 0.013930081999205868
L: 12.21, u_super: 0.00301 — INFEASIBLE (li_recovered=0.000e+00), time: 0.003341833000376937
L: 0.50, u_super: 0.00695, sec: 392.133, prod: 0.156704, t_ads: 28.2, t_des: 26.2, bed_util_ads: 0.496, bed_util_des: 0.496, des_th: 0.49624689367640795,frac_lost: 0.108, li_recovered:  8.518, time: 0.015399138999782735
L: 0.50, u_super: 0.00850, sec: 487.523, prod: 0.192156, t_ads: 23.0, t_des: 21.2, bed_util_ads: 0.497, bed_util_des: 0.497, des_th: 0.49709696851812735,frac_lost: 0.107, li_recovered:  8.494, time: 0.013286977000461775
L: 0.50, u_super: 0.00170, sec: 94.131, prod: 0.036403, t_ads: 112.5, t_des: 118.1, bed_util_ads: 0.473, bed_util_des: 0.471, des_th: 0.4712644381211776,frac_lost: 0.101, li_recovered:  8.392, time: 0.016617679000773933
L: 0.50, u_super: 0.00474, sec: 260.678, prod: 0.106713, t_ads: 41.1, t_des: 36.6, bed_util_ads: 0.500, bed_util_des: 0.499, des_th: 0.4994974035571448,frac_lost: 0.106, li_recovered:  8.291, time: 0.01136834099997941
L: 49.27, u_super: 0.00009 — INFEASIBLE (li_recovered=0.000e+00), time: 0.0019332339998072712
L: 0.50, u_super: 0.00361, sec: 213.572, prod: 0.074159, t_ads: 53.8, t_des: 62.3, bed_util_ads: 0.466, bed_util_des: 0.465, des_th: 0.4651841390305229,frac_lost: 0.104, li_recovered:  8.615, time: 0.010699948999899789
L: 0.50, u_super: 0.00123, sec: 66.870, prod: 0.026660, t_ads: 154.2, t_des: 151.7, bed_util_ads: 0.478, bed_util_des: 0.476, des_th: 0.47620222294257897,frac_lost: 0.103, li_recovered:  8.156, time: 0.016294237999318284
L: 0.50, u_super: 0.00007 — INFEASIBLE (li_recovered=0.000e+00), time: 0.0032101209999382263
L: 0.50, u_super: 0.00248, sec: 134.150, prod: 0.054882, t_ads: 77.7, t_des: 67.7, bed_util_ads: 0.500, bed_util_des: 0.500, des_th: 0.4996769780207915,frac_lost: 0.103, li_recovered:  7.979, time: 0.012231523000082234
L: 0.50, u_super: 0.00948, sec: 549.834, prod: 0.214861, t_ads: 20.6, t_des: 18.7, bed_util_ads: 0.500, bed_util_des: 0.500, des_th: 0.4995940555753495,frac_lost: 0.106, li_recovered:  8.449, time: 0.010451813999679871
L: 0.50, u_super: 0.00989, sec: 576.212, prod: 0.224262, t_ads: 19.8, t_des: 17.9, bed_util_ads: 0.500, bed_util_des: 0.499, des_th: 0.49941800771673645,frac_lost: 0.105, li_recovered:  8.454, time: 0.00913572799981921
L: 0.50, u_super: 0.00889, sec: 511.444, prod: 0.201373, t_ads: 22.0, t_des: 20.0, bed_util_ads: 0.499, bed_util_des: 0.499, des_th: 0.498851365887796,frac_lost: 0.105, li_recovered:  8.447, time: 0.009038176000103704
L: 0.50, u_super: 0.00484, sec: 265.579, prod: 0.109061, t_ads: 40.2, t_des: 36.8, bed_util_ads: 0.497, bed_util_des: 0.497, des_th: 0.49677465579072555,frac_lost: 0.105, li_recovered:  8.396, time: 0.009508697999990545
L: 0.50, u_super: 0.00491, sec: 269.673, prod: 0.110529, t_ads: 39.6, t_des: 35.4, bed_util_ads: 0.499, bed_util_des: 0.499, des_th: 0.4992868004421602,frac_lost: 0.104, li_recovered:  8.292, time: 0.009119202999499976
L: 0.50, u_super: 0.00975, sec: 599.744, prod: 0.209220, t_ads: 20.0, t_des: 21.6, bed_util_ads: 0.477, bed_util_des: 0.476, des_th: 0.4763036752674908,frac_lost: 0.102, li_recovered:  8.708, time: 0.012672504999500234
L: 0.50, u_super: 0.00041 — INFEASIBLE (li_recovered=0.000e+00), time: 0.006239905998882023
L: 0.50, u_super: 0.00834, sec: 531.314, prod: 0.169489, t_ads: 23.5, t_des: 27.9, bed_util_ads: 0.465, bed_util_des: 0.464, des_th: 0.4640671888361901,frac_lost: 0.107, li_recovered:  8.710, time: 0.012166600999989896
L: 0.50, u_super: 0.00292, sec: 157.099, prod: 0.065375, t_ads: 66.0, t_des: 61.0, bed_util_ads: 0.493, bed_util_des: 0.492, des_th: 0.49248681563704627,frac_lost: 0.102, li_recovered:  8.304, time: 0.008896859000742552
L: 0.50, u_super: 0.00181, sec: 97.430, prod: 0.040030, t_ads: 105.4, t_des: 95.0, bed_util_ads: 0.492, bed_util_des: 0.492, des_th: 0.4918368103997112,frac_lost: 0.102, li_recovered:  8.022, time: 0.008420113999818568
L: 0.50, u_super: 0.00578, sec: 320.046, prod: 0.130659, t_ads: 33.6, t_des: 30.8, bed_util_ads: 0.497, bed_util_des: 0.497, des_th: 0.49667396493872307,frac_lost: 0.102, li_recovered:  8.411, time: 0.007881587000156287
L: 0.50, u_super: 0.00806, sec: 460.344, prod: 0.182382, t_ads: 24.3, t_des: 22.3, bed_util_ads: 0.497, bed_util_des: 0.497, des_th: 0.4971606724395402,frac_lost: 0.107, li_recovered:  8.486, time: 0.012564509001094848
L: 0.50, u_super: 0.00079, sec: 44.042, prod: 0.016562, t_ads: 237.8, t_des: 241.7, bed_util_ads: 0.466, bed_util_des: 0.463, des_th: 0.4635281187995719,frac_lost: 0.106, li_recovered:  7.942, time: 0.010001406000810675
   735 |    29400 |     40 |  0.0022947637 |             f
L: 0.50, u_super: 0.00712, sec: 401.022, prod: 0.161357, t_ads: 27.2, t_des: 24.4, bed_util_ads: 0.500, bed_util_des: 0.499, des_th: 0.49946678998117416,frac_lost: 0.100, li_recovered:  8.326, time: 0.013732073999563
L: 0.50, u_super: 0.00869, sec: 499.390, prod: 0.196804, t_ads: 22.5, t_des: 20.2, bed_util_ads: 0.500, bed_util_des: 0.500, des_th: 0.49957135095694294,frac_lost: 0.106, li_recovered:  8.405, time: 0.00854619200072193
L: 0.50, u_super: 0.00848, sec: 486.446, prod: 0.191753, t_ads: 23.1, t_des: 21.1, bed_util_ads: 0.497, bed_util_des: 0.497, des_th: 0.4971527145464554,frac_lost: 0.107, li_recovered:  8.486, time: 0.008394152999244398
L: 0.50, u_super: 0.00005, sec: 4.324, prod: 0.000670, t_ads: 3436.3, t_des: 5867.0, bed_util_ads: 0.253, bed_util_des: 0.185, des_th: 0.1851696623157332,frac_lost: 0.103, li_recovered:  6.229, time: 0.014633617998697446
L: 0.50, u_super: 0.00318, sec: 190.235, prod: 0.064227, t_ads: 61.2, t_des: 72.7, bed_util_ads: 0.461, bed_util_des: 0.460, des_th: 0.46022049253016994,frac_lost: 0.106, li_recovered:  8.599, time: 0.007936998999866773
L: 0.50, u_super: 0.00819, sec: 469.220, prod: 0.184787, t_ads: 23.9, t_des: 22.5, bed_util_ads: 0.494, bed_util_des: 0.494, des_th: 0.4939057974173109,frac_lost: 0.106, li_recovered:  8.563, time: 0.01160202000028221
L: 0.50, u_super: 0.00965, sec: 560.343, prod: 0.218734, t_ads: 20.2, t_des: 18.4, bed_util_ads: 0.499, bed_util_des: 0.499, des_th: 0.499109365566999,frac_lost: 0.105, li_recovered:  8.460, time: 0.014380880998942303
L: 8.22, u_super: 0.00748 — INFEASIBLE (li_recovered=0.000e+00), time: 0.004913863000183483
L: 0.50, u_super: 0.00043 — INFEASIBLE (li_recovered=0.000e+00), time: 0.020503918000031263
L: 0.50, u_super: 0.00849, sec: 527.131, prod: 0.177281, t_ads: 23.0, t_des: 26.1, bed_util_ads: 0.471, bed_util_des: 0.471, des_th: 0.47093386535788273,frac_lost: 0.105, li_recovered:  8.707, time: 0.019906294999600505
L: 0.50, u_super: 0.00206, sec: 114.061, prod: 0.044486, t_ads: 93.5, t_des: 96.6, bed_util_ads: 0.476, bed_util_des: 0.475, des_th: 0.47495327915310503,frac_lost: 0.106, li_recovered:  8.456, time: 0.010230194999166997
L: 0.50, u_super: 0.00914, sec: 528.685, prod: 0.207014, t_ads: 21.4, t_des: 19.4, bed_util_ads: 0.500, bed_util_des: 0.500, des_th: 0.4996103996459949,frac_lost: 0.107, li_recovered:  8.447, time: 0.013426159999653464
L: 35.61, u_super: 0.00618 — INFEASIBLE (li_recovered=0.000e+00), time: 0.001611764999324805
L: 0.50, u_super: 0.00801, sec: 549.902, prod: 0.150373, t_ads: 24.3, t_des: 33.6, bed_util_ads: 0.446, bed_util_des: 0.446, des_th: 0.44565551965800615,frac_lost: 0.102, li_recovered:  8.709, time: 0.008661313000629889
L: 0.50, u_super: 0.00871, sec: 500.691, prod: 0.197121, t_ads: 22.5, t_des: 20.4, bed_util_ads: 0.499, bed_util_des: 0.499, des_th: 0.4988990909097151,frac_lost: 0.107, li_recovered:  8.444, time: 0.007734945000265725
L: 0.50, u_super: 0.00474, sec: 260.649, prod: 0.106725, t_ads: 41.0, t_des: 36.5, bed_util_ads: 0.500, bed_util_des: 0.500, des_th: 0.499883756247524,frac_lost: 0.106, li_recovered:  8.279, time: 0.0065448910008854
L: 0.50, u_super: 0.00013, sec: 13.510, prod: 0.001428, t_ads: 1486.4, t_des: 4131.8, bed_util_ads: 0.270, bed_util_des: 0.204, des_th: 0.20426676455948062,frac_lost: 0.103, li_recovered:  8.025, time: 0.013211428999056807
L: 0.50, u_super: 0.00524, sec: 288.412, prod: 0.118307, t_ads: 37.0, t_des: 33.2, bed_util_ads: 0.499, bed_util_des: 0.499, des_th: 0.4993402246213225,frac_lost: 0.101, li_recovered:  8.304, time: 0.007854896999560879
L: 0.50, u_super: 0.00431, sec: 235.906, prod: 0.096888, t_ads: 45.0, t_des: 39.8, bed_util_ads: 0.499, bed_util_des: 0.499, des_th: 0.4992606868907146,frac_lost: 0.104, li_recovered:  8.216, time: 0.009491593998973258
L: 0.50, u_super: 0.00868, sec: 499.568, prod: 0.196400, t_ads: 22.5, t_des: 20.9, bed_util_ads: 0.496, bed_util_des: 0.496, des_th: 0.49613514630987976,frac_lost: 0.106, li_recovered:  8.525, time: 0.006919645999005297
L: 0.50, u_super: 0.00771, sec: 438.552, prod: 0.174213, t_ads: 25.4, t_des: 23.3, bed_util_ads: 0.497, bed_util_des: 0.497, des_th: 0.49707228265993986,frac_lost: 0.108, li_recovered:  8.489, time: 0.006713532999128802
L: 0.50, u_super: 0.00009, sec: 7.974, prod: 0.001307, t_ads: 1855.3, t_des: 3341.3, bed_util_ads: 0.289, bed_util_des: 0.235, des_th: 0.23534474624219948,frac_lost: 0.102, li_recovered:  6.794, time: 0.008904180000172346
L: 0.50, u_super: 0.00972, sec: 565.181, prod: 0.220339, t_ads: 20.1, t_des: 18.5, bed_util_ads: 0.497, bed_util_des: 0.497, des_th: 0.49710678626828586,frac_lost: 0.104, li_recovered:  8.503, time: 0.00765508999938902
L: 0.50, u_super: 0.00013 — INFEASIBLE (li_recovered=0.000e+00), time: 0.002825657000357751
L: 32.96, u_super: 0.00087 — INFEASIBLE (li_recovered=0.000e+00), time: 0.0012517399991338607
L: 0.50, u_super: 0.00756, sec: 427.709, prod: 0.171493, t_ads: 25.7, t_des: 23.2, bed_util_ads: 0.500, bed_util_des: 0.500, des_th: 0.4999760385492604,frac_lost: 0.101, li_recovered:  8.378, time: 0.009167512000203715
L: 0.50, u_super: 0.00604, sec: 374.788, prod: 0.122331, t_ads: 32.4, t_des: 38.6, bed_util_ads: 0.465, bed_util_des: 0.464, des_th: 0.46389139111250577,frac_lost: 0.108, li_recovered:  8.686, time: 0.007915258000139147
L: 0.50, u_super: 0.00392, sec: 212.871, prod: 0.087991, t_ads: 49.6, t_des: 44.9, bed_util_ads: 0.497, bed_util_des: 0.497, des_th: 0.49717255471027394,frac_lost: 0.105, li_recovered:  8.317, time: 0.00949478199981968
L: 0.50, u_super: 0.00755, sec: 426.851, prod: 0.171216, t_ads: 25.7, t_des: 23.2, bed_util_ads: 0.499, bed_util_des: 0.499, des_th: 0.4991405511652657,frac_lost: 0.101, li_recovered:  8.382, time: 0.010610219998852699
L: 1.43, u_super: 0.00410, sec: 674.409, prod: 0.087102, t_ads: 132.1, t_des: 109.3, bed_util_ads: 0.499, bed_util_des: 0.499, des_th: 0.49926845676377085,frac_lost: 0.101, li_recovered:  21.023, time: 0.007638303000931046
L: 0.50, u_super: 0.00806, sec: 459.629, prod: 0.182352, t_ads: 24.3, t_des: 22.3, bed_util_ads: 0.497, bed_util_des: 0.497, des_th: 0.4971606724395402,frac_lost: 0.106, li_recovered:  8.481, time: 0.008704259000296588
L: 0.50, u_super: 0.00053 — INFEASIBLE (li_recovered=0.000e+00), time: 0.004686111000410165
L: 0.50, u_super: 0.00378, sec: 213.098, prod: 0.081746, t_ads: 51.4, t_des: 53.9, bed_util_ads: 0.478, bed_util_des: 0.478, des_th: 0.47782310360666386,frac_lost: 0.104, li_recovered:  8.601, time: 0.007231004999994184
L: 3.79, u_super: 0.00557 — INFEASIBLE (li_recovered=0.000e+00), time: 0.0049275180008407915
L: 0.50, u_super: 0.00734, sec: 422.461, prod: 0.163248, t_ads: 26.7, t_des: 26.3, bed_util_ads: 0.489, bed_util_des: 0.488, des_th: 0.4885160488822825,frac_lost: 0.108, li_recovered:  8.645, time: 0.006712828000672744
L: 0.50, u_super: 0.00983, sec: 573.278, prod: 0.222352, t_ads: 19.8, t_des: 18.7, bed_util_ads: 0.495, bed_util_des: 0.495, des_th: 0.4946482485039513,frac_lost: 0.103, li_recovered:  8.568, time: 0.005852883999978076
L: 0.50, u_super: 0.00005 — INFEASIBLE (li_recovered=0.000e+00), time: 0.0014501249988825293
L: 0.50, u_super: 0.00238, sec: 134.811, prod: 0.050373, t_ads: 81.0, t_des: 88.1, bed_util_ads: 0.470, bed_util_des: 0.469, des_th: 0.4691193306605222,frac_lost: 0.103, li_recovered:  8.516, time: 0.00611823700091918
L: 0.50, u_super: 0.00869, sec: 4071.648, prod: 0.024161, t_ads: 22.5, t_des: 340.8, bed_util_ads: 0.196, bed_util_des: 0.193, des_th: 0.19278707497310532,frac_lost: 0.104, li_recovered:  8.779, time: 0.04597455299881403
L: 0.50, u_super: 0.00080, sec: 43.931, prod: 0.016989, t_ads: 232.5, t_des: 223.2, bed_util_ads: 0.474, bed_util_des: 0.472, des_th: 0.47219915462803486,frac_lost: 0.100, li_recovered:  7.742, time: 0.006517343001178233
   736 |    29440 |     40 |  0.0044521745 |             f
L: 34.36, u_super: 0.00211 — INFEASIBLE (li_recovered=0.000e+00), time: 0.001334811000560876
L: 0.50, u_super: 0.00160, sec: 86.199, prod: 0.035120, t_ads: 119.5, t_des: 107.3, bed_util_ads: 0.492, bed_util_des: 0.492, des_th: 0.4919371555624122,frac_lost: 0.104, li_recovered:  7.965, time: 0.008574827999836998
L: 26.77, u_super: 0.00041 — INFEASIBLE (li_recovered=0.000e+00), time: 0.0017579689992999192
L: 0.50, u_super: 0.00771, sec: 436.642, prod: 0.174975, t_ads: 25.2, t_des: 23.1, bed_util_ads: 0.497, bed_util_des: 0.497, des_th: 0.49706607317592516,frac_lost: 0.100, li_recovered:  8.446, time: 0.009758566000527935
L: 0.50, u_super: 0.00862, sec: 522.598, prod: 0.184684, t_ads: 22.7, t_des: 24.4, bed_util_ads: 0.477, bed_util_des: 0.477, des_th: 0.47655693807691246,frac_lost: 0.105, li_recovered:  8.703, time: 0.006590503999177599
L: 8.24, u_super: 0.00990 — INFEASIBLE (li_recovered=0.000e+00), time: 0.00423622299967974
L: 0.50, u_super: 0.00611, sec: 340.166, prod: 0.138191, t_ads: 31.7, t_des: 29.8, bed_util_ads: 0.493, bed_util_des: 0.493, des_th: 0.49318045798826443,frac_lost: 0.100, li_recovered:  8.495, time: 0.007678105999730178
L: 0.50, u_super: 0.00013 — INFEASIBLE (li_recovered=0.000e+00), time: 0.002802867000355036
L: 0.50, u_super: 0.00085, sec: 46.712, prod: 0.018039, t_ads: 221.8, t_des: 215.5, bed_util_ads: 0.473, bed_util_des: 0.471, des_th: 0.4710888568941191,frac_lost: 0.107, li_recovered:  7.888, time: 0.007135750998713775
L: 0.50, u_super: 0.00648, sec: 362.091, prod: 0.146540, t_ads: 30.0, t_des: 26.8, bed_util_ads: 0.500, bed_util_des: 0.500, des_th: 0.49982642421675594,frac_lost: 0.101, li_recovered:  8.316, time: 0.010722696000811993
L: 0.50, u_super: 0.00048, sec: 27.845, prod: 0.009645, t_ads: 373.7, t_des: 347.7, bed_util_ads: 0.464, bed_util_des: 0.462, des_th: 0.46220456375006136,frac_lost: 0.103, li_recovered:  6.958, time: 0.007046357000945136
L: 0.50, u_super: 0.00889, sec: 511.444, prod: 0.201373, t_ads: 22.0, t_des: 20.0, bed_util_ads: 0.499, bed_util_des: 0.499, des_th: 0.498851365887796,frac_lost: 0.105, li_recovered:  8.447, time: 0.007456544999513426
L: 0.50, u_super: 0.00108 — INFEASIBLE (li_recovered=0.000e+00), time: 0.0041725660012161825
L: 0.50, u_super: 0.00914, sec: 528.685, prod: 0.207014, t_ads: 21.4, t_des: 19.4, bed_util_ads: 0.500, bed_util_des: 0.500, des_th: 0.4996103996459949,frac_lost: 0.107, li_recovered:  8.447, time: 0.010025510000559734
L: 0.50, u_super: 0.00893, sec: 514.338, prod: 0.202374, t_ads: 21.9, t_des: 19.8, bed_util_ads: 0.500, bed_util_des: 0.499, des_th: 0.49941800771673645,frac_lost: 0.105, li_recovered:  8.442, time: 0.0071477080000477144
L: 0.50, u_super: 0.00005, sec: 4.324, prod: 0.000670, t_ads: 3436.3, t_des: 5867.0, bed_util_ads: 0.253, bed_util_des: 0.185, des_th: 0.1851696623157332,frac_lost: 0.103, li_recovered:  6.229, time: 0.009952656999303144
L: 0.50, u_super: 0.00217, sec: 117.648, prod: 0.047533, t_ads: 89.2, t_des: 76.6, bed_util_ads: 0.500, bed_util_des: 0.499, des_th: 0.4994974035571448,frac_lost: 0.107, li_recovered:  7.883, time: 0.006823035999332205
L: 9.90, u_super: 0.00732 — INFEASIBLE (li_recovered=0.000e+00), time: 0.0027409289996285224
L: 0.50, u_super: 0.00844, sec: 483.533, prod: 0.190966, t_ads: 23.2, t_des: 21.3, bed_util_ads: 0.498, bed_util_des: 0.497, des_th: 0.49746245945804546,frac_lost: 0.106, li_recovered:  8.487, time: 0.005051059000834357
L: 0.50, u_super: 0.00356, sec: 193.065, prod: 0.079806, t_ads: 54.6, t_des: 50.0, bed_util_ads: 0.495, bed_util_des: 0.495, des_th: 0.4946883032431727,frac_lost: 0.107, li_recovered:  8.350, time: 0.007346443000642466
L: 0.50, u_super: 0.00244, sec: 133.039, prod: 0.053718, t_ads: 78.8, t_des: 78.6, bed_util_ads: 0.482, bed_util_des: 0.481, des_th: 0.48126182738344037,frac_lost: 0.102, li_recovered:  8.458, time: 0.008345898999323254
L: 19.43, u_super: 0.00889 — INFEASIBLE (li_recovered=0.000e+00), time: 0.0028385890000208747
L: 0.50, u_super: 0.00813, sec: 464.232, prod: 0.183860, t_ads: 24.1, t_des: 22.1, bed_util_ads: 0.497, bed_util_des: 0.497, des_th: 0.4971589240304701,frac_lost: 0.107, li_recovered:  8.484, time: 0.006162379000670626
L: 0.50, u_super: 0.00094 — INFEASIBLE (li_recovered=0.000e+00), time: 0.00818695099951583
L: 0.50, u_super: 0.00474, sec: 269.922, prod: 0.103059, t_ads: 40.9, t_des: 42.8, bed_util_ads: 0.480, bed_util_des: 0.479, des_th: 0.4791331622962278,frac_lost: 0.103, li_recovered:  8.632, time: 0.008797319998848252
L: 0.50, u_super: 0.00276, sec: 148.889, prod: 0.061324, t_ads: 69.9, t_des: 61.5, bed_util_ads: 0.499, bed_util_des: 0.499, des_th: 0.498692750968642,frac_lost: 0.102, li_recovered:  8.057, time: 0.009054218999153818
L: 0.50, u_super: 0.00352, sec: 821.489, prod: 0.018359, t_ads: 55.8, t_des: 421.4, bed_util_ads: 0.253, bed_util_des: 0.247, des_th: 0.2472411090836079,frac_lost: 0.106, li_recovered:  8.761, time: 0.03394578799998271
L: 0.50, u_super: 0.00144, sec: 77.701, prod: 0.031329, t_ads: 132.8, t_des: 118.3, bed_util_ads: 0.491, bed_util_des: 0.491, des_th: 0.4908116750804699,frac_lost: 0.104, li_recovered:  7.866, time: 0.008726545000172337
L: 0.50, u_super: 0.00109, sec: 487.759, prod: 0.002852, t_ads: 181.0, t_des: 2914.1, bed_util_ads: 0.182, bed_util_des: 0.159, des_th: 0.15867097645084316,frac_lost: 0.100, li_recovered:  8.826, time: 0.06737911600066582
L: 0.50, u_super: 0.00521, sec: 286.826, prod: 0.117733, t_ads: 37.2, t_des: 34.2, bed_util_ads: 0.496, bed_util_des: 0.496, des_th: 0.49622023833543955,frac_lost: 0.102, li_recovered:  8.407, time: 0.004724869000710896
L: 0.50, u_super: 0.00342, sec: 185.626, prod: 0.076511, t_ads: 56.9, t_des: 53.2, bed_util_ads: 0.493, bed_util_des: 0.492, des_th: 0.49226658526379985,frac_lost: 0.107, li_recovered:  8.421, time: 0.006337405000522267
L: 0.50, u_super: 0.00557, sec: 308.002, prod: 0.125795, t_ads: 34.8, t_des: 31.2, bed_util_ads: 0.500, bed_util_des: 0.500, des_th: 0.4996769780207915,frac_lost: 0.102, li_recovered:  8.306, time: 0.00636369600033504
L: 16.27, u_super: 0.00797 — INFEASIBLE (li_recovered=0.000e+00), time: 0.002175572000851389
L: 0.50, u_super: 0.00448, sec: 288.377, prod: 0.085720, t_ads: 43.7, t_des: 57.4, bed_util_ads: 0.451, bed_util_des: 0.450, des_th: 0.44951827032555824,frac_lost: 0.109, li_recovered:  8.662, time: 0.0064448379998793826
L: 0.50, u_super: 0.00604, sec: 356.747, prod: 0.128751, t_ads: 32.1, t_des: 35.2, bed_util_ads: 0.474, bed_util_des: 0.474, des_th: 0.47402992717167464,frac_lost: 0.101, li_recovered:  8.669, time: 0.005866025001523667
L: 0.50, u_super: 0.00360, sec: 220.715, prod: 0.071534, t_ads: 53.8, t_des: 66.7, bed_util_ads: 0.456, bed_util_des: 0.455, des_th: 0.45521409028393595,frac_lost: 0.102, li_recovered:  8.618, time: 0.006558248000146705
L: 0.50, u_super: 0.00484, sec: 275.488, prod: 0.105158, t_ads: 40.1, t_des: 42.0, bed_util_ads: 0.480, bed_util_des: 0.479, des_th: 0.479175579874879,frac_lost: 0.102, li_recovered:  8.634, time: 0.00529002599978412
L: 0.50, u_super: 0.00127, sec: 74.546, prod: 0.025361, t_ads: 150.7, t_des: 177.7, bed_util_ads: 0.454, bed_util_des: 0.451, des_th: 0.4513063403705624,frac_lost: 0.104, li_recovered:  8.327, time: 0.006082990001232247
L: 0.50, u_super: 0.00247, sec: 132.737, prod: 0.055136, t_ads: 77.9, t_des: 71.8, bed_util_ads: 0.492, bed_util_des: 0.492, des_th: 0.49184701117613294,frac_lost: 0.103, li_recovered:  8.256, time: 0.005047908000051393
L: 0.50, u_super: 0.00080, sec: 43.948, prod: 0.016982, t_ads: 232.5, t_des: 220.8, bed_util_ads: 0.475, bed_util_des: 0.473, des_th: 0.4731630323442466,frac_lost: 0.101, li_recovered:  7.699, time: 0.005291497000143863
   737 |    29480 |     40 |  0.0013033209 |             f
L: 0.50, u_super: 0.00337, sec: 183.144, prod: 0.075395, t_ads: 57.7, t_des: 54.0, bed_util_ads: 0.493, bed_util_des: 0.492, des_th: 0.49226658526379985,frac_lost: 0.108, li_recovered:  8.427, time: 0.006508815999040962
L: 0.50, u_super: 0.00557, sec: 308.089, prod: 0.125759, t_ads: 34.9, t_des: 31.6, bed_util_ads: 0.498, bed_util_des: 0.498, des_th: 0.49816818321565787,frac_lost: 0.104, li_recovered:  8.366, time: 0.007090017999871634
L: 0.50, u_super: 0.00501, sec: 275.766, prod: 0.113078, t_ads: 38.7, t_des: 34.6, bed_util_ads: 0.500, bed_util_des: 0.500, des_th: 0.49954624739080344,frac_lost: 0.103, li_recovered:  8.294, time: 0.0070979409993015
L: 9.10, u_super: 0.00301 — INFEASIBLE (li_recovered=0.000e+00), time: 0.0032306709999829764
L: 0.50, u_super: 0.00372, sec: 202.303, prod: 0.083588, t_ads: 52.2, t_des: 47.3, bed_util_ads: 0.497, bed_util_des: 0.497, des_th: 0.4971602542950717,frac_lost: 0.107, li_recovered:  8.323, time: 0.0054823309983476065
L: 0.50, u_super: 0.00843, sec: 482.978, prod: 0.190794, t_ads: 23.2, t_des: 21.1, bed_util_ads: 0.499, bed_util_des: 0.499, des_th: 0.49886108010848157,frac_lost: 0.107, li_recovered:  8.448, time: 0.005811163000544184
L: 0.50, u_super: 0.00672, sec: 377.916, prod: 0.151672, t_ads: 29.2, t_des: 26.5, bed_util_ads: 0.499, bed_util_des: 0.499, des_th: 0.49889634777262465,frac_lost: 0.109, li_recovered:  8.444, time: 0.0071906020002643345
L: 3.43, u_super: 0.00470, sec: 1902.854, prod: 0.098397, t_ads: 270.7, t_des: 250.7, bed_util_ads: 0.475, bed_util_des: 0.474, des_th: 0.4737791693468257,frac_lost: 0.106, li_recovered:  51.311, time: 0.00503310599924589
L: 0.50, u_super: 0.00005, sec: 4.324, prod: 0.000669, t_ads: 3431.3, t_des: 5857.7, bed_util_ads: 0.252, bed_util_des: 0.185, des_th: 0.1851696623157332,frac_lost: 0.102, li_recovered:  6.219, time: 0.007037418999971123
L: 0.50, u_super: 0.00212, sec: 119.023, prod: 0.045155, t_ads: 91.0, t_des: 96.9, bed_util_ads: 0.473, bed_util_des: 0.471, des_th: 0.47131432277676494,frac_lost: 0.106, li_recovered:  8.483, time: 0.0051430319999781204
L: 0.50, u_super: 0.00607, sec: 337.490, prod: 0.137394, t_ads: 32.0, t_des: 29.0, bed_util_ads: 0.499, bed_util_des: 0.498, des_th: 0.4983856465506571,frac_lost: 0.102, li_recovered:  8.369, time: 0.005376129998694523
L: 0.50, u_super: 0.00182, sec: 115.967, prod: 0.033804, t_ads: 106.2, t_des: 145.1, bed_util_ads: 0.440, bed_util_des: 0.437, des_th: 0.436913548106673,frac_lost: 0.104, li_recovered:  8.493, time: 0.005325244999767165
L: 0.50, u_super: 0.00557, sec: 310.321, prod: 0.124854, t_ads: 34.8, t_des: 33.8, bed_util_ads: 0.489, bed_util_des: 0.489, des_th: 0.4885466421393549,frac_lost: 0.101, li_recovered:  8.571, time: 0.00528824599859945
L: 0.50, u_super: 0.00005 — INFEASIBLE (li_recovered=0.000e+00), time: 0.0009286119984608376
L: 0.50, u_super: 0.00944, sec: 546.860, prod: 0.213838, t_ads: 20.7, t_des: 18.7, bed_util_ads: 0.500, bed_util_des: 0.500, des_th: 0.4999988231626855,frac_lost: 0.105, li_recovered:  8.437, time: 0.004555941999569768
L: 0.50, u_super: 0.00723, sec: 416.151, prod: 0.160432, t_ads: 27.0, t_des: 26.9, bed_util_ads: 0.488, bed_util_des: 0.487, des_th: 0.48735372759859746,frac_lost: 0.107, li_recovered:  8.651, time: 0.005417452000983758
L: 0.50, u_super: 0.00055, sec: 31.721, prod: 0.011037, t_ads: 331.7, t_des: 293.7, bed_util_ads: 0.475, bed_util_des: 0.473, des_th: 0.4737280550917165,frac_lost: 0.105, li_recovered:  6.903, time: 0.004839770999751636
L: 0.50, u_super: 0.00246, sec: 132.634, prod: 0.054469, t_ads: 78.4, t_des: 68.9, bed_util_ads: 0.498, bed_util_des: 0.498, des_th: 0.4976149628369495,frac_lost: 0.103, li_recovered:  8.022, time: 0.0047056839994183974
L: 0.78, u_super: 0.00789, sec: 699.304, prod: 0.177928, t_ads: 38.2, t_des: 34.2, bed_util_ads: 0.499, bed_util_des: 0.499, des_th: 0.49884000763523356,frac_lost: 0.103, li_recovered:  12.871, time: 0.006944942999325576
L: 0.50, u_super: 0.00392, sec: 213.587, prod: 0.087696, t_ads: 49.7, t_des: 43.8, bed_util_ads: 0.500, bed_util_des: 0.500, des_th: 0.49954529128389585,frac_lost: 0.106, li_recovered:  8.194, time: 0.004993339000066044
L: 0.50, u_super: 0.00048, sec: 27.696, prod: 0.009697, t_ads: 375.4, t_des: 357.1, bed_util_ads: 0.461, bed_util_des: 0.459, des_th: 0.45876398781947847,frac_lost: 0.104, li_recovered:  7.103, time: 0.006230294000488357
L: 0.50, u_super: 0.00444, sec: 242.484, prod: 0.099916, t_ads: 43.8, t_des: 39.6, bed_util_ads: 0.498, bed_util_des: 0.498, des_th: 0.4982948388468015,frac_lost: 0.104, li_recovered:  8.331, time: 0.007364425999185187
L: 0.50, u_super: 0.00276, sec: 148.889, prod: 0.061324, t_ads: 69.9, t_des: 61.5, bed_util_ads: 0.499, bed_util_des: 0.499, des_th: 0.498692750968642,frac_lost: 0.102, li_recovered:  8.057, time: 0.005495485000210465
L: 0.50, u_super: 0.00867, sec: 498.252, prod: 0.196175, t_ads: 22.6, t_des: 20.7, bed_util_ads: 0.497, bed_util_des: 0.497, des_th: 0.4971729728547425,frac_lost: 0.106, li_recovered:  8.490, time: 0.0069512049994955305
L: 0.50, u_super: 0.00990, sec: 577.135, prod: 0.224373, t_ads: 19.8, t_des: 17.9, bed_util_ads: 0.500, bed_util_des: 0.499, des_th: 0.49940829349590177,frac_lost: 0.106, li_recovered:  8.451, time: 0.005745614000261412
L: 0.50, u_super: 0.00819, sec: 468.081, prod: 0.185236, t_ads: 23.9, t_des: 21.9, bed_util_ads: 0.497, bed_util_des: 0.497, des_th: 0.49710556029552516,frac_lost: 0.107, li_recovered:  8.484, time: 0.006230840001080651
L: 0.50, u_super: 0.00095, sec: 52.683, prod: 0.020156, t_ads: 197.0, t_des: 172.0, bed_util_ads: 0.488, bed_util_des: 0.487, des_th: 0.4870121898192907,frac_lost: 0.103, li_recovered:  7.437, time: 0.004856304998611449
L: 0.50, u_super: 0.00175, sec: 93.922, prod: 0.038463, t_ads: 109.6, t_des: 98.3, bed_util_ads: 0.494, bed_util_des: 0.493, des_th: 0.49313030245754247,frac_lost: 0.103, li_recovered:  7.997, time: 0.007448238999131718
L: 0.50, u_super: 0.00122, sec: 66.504, prod: 0.026156, t_ads: 156.2, t_des: 136.2, bed_util_ads: 0.492, bed_util_des: 0.492, des_th: 0.49180806990626025,frac_lost: 0.105, li_recovered:  7.647, time: 0.004949768999722437
L: 0.50, u_super: 0.00979, sec: 570.012, prod: 0.221942, t_ads: 20.0, t_des: 18.1, bed_util_ads: 0.500, bed_util_des: 0.499, des_th: 0.49940201996473377,frac_lost: 0.106, li_recovered:  8.447, time: 0.007172677000198746
L: 0.50, u_super: 0.00779, sec: 447.278, prod: 0.174557, t_ads: 25.2, t_des: 24.2, bed_util_ads: 0.492, bed_util_des: 0.492, des_th: 0.4919371555624122,frac_lost: 0.109, li_recovered:  8.614, time: 0.004904532999717048
L: 0.50, u_super: 0.00848, sec: 4410.258, prod: 0.021150, t_ads: 23.1, t_des: 392.0, bed_util_ads: 0.187, bed_util_des: 0.184, des_th: 0.18387727868265813,frac_lost: 0.104, li_recovered:  8.781, time: 0.05043510100040294
L: 0.50, u_super: 0.00178, sec: 97.177, prod: 0.038811, t_ads: 107.3, t_des: 91.7, bed_util_ads: 0.498, bed_util_des: 0.498, des_th: 0.4979213394976767,frac_lost: 0.103, li_recovered:  7.723, time: 0.005947154999375925
L: 40.53, u_super: 0.00269 — INFEASIBLE (li_recovered=0.000e+00), time: 0.0011375100002624094
L: 21.16, u_super: 0.00771 — INFEASIBLE (li_recovered=0.000e+00), time: 0.0030118930008029565
L: 0.50, u_super: 0.00658, sec: 369.575, prod: 0.148519, t_ads: 29.8, t_des: 27.2, bed_util_ads: 0.497, bed_util_des: 0.497, des_th: 0.4970947354478658,frac_lost: 0.109, li_recovered:  8.467, time: 0.006017730000166921
L: 0.50, u_super: 0.00501, sec: 275.274, prod: 0.113141, t_ads: 38.7, t_des: 35.1, bed_util_ads: 0.497, bed_util_des: 0.497, des_th: 0.4971243264533345,frac_lost: 0.102, li_recovered:  8.346, time: 0.007206897000287427
L: 0.50, u_super: 0.00164, sec: 88.364, prod: 0.035919, t_ads: 116.7, t_des: 103.7, bed_util_ads: 0.493, bed_util_des: 0.493, des_th: 0.4925610822117147,frac_lost: 0.103, li_recovered:  7.916, time: 0.005943501999354339
L: 0.50, u_super: 0.00070 — INFEASIBLE (li_recovered=0.000e+00), time: 0.003194631000951631
L: 54.04, u_super: 0.00553 — INFEASIBLE (li_recovered=0.000e+00), time: 0.0014136919999145903
   738 |    29520 |     40 |  0.0042751501 |             f
L: 0.50, u_super: 0.00944, sec: 546.765, prod: 0.213875, t_ads: 20.7, t_des: 18.6, bed_util_ads: 0.500, bed_util_des: 0.500, des_th: 0.49999977419958286,frac_lost: 0.105, li_recovered:  8.403, time: 0.009190700000544894
L: 0.50, u_super: 0.00293, sec: 158.631, prod: 0.065390, t_ads: 65.7, t_des: 57.7, bed_util_ads: 0.500, bed_util_des: 0.499, des_th: 0.4994974035571448,frac_lost: 0.101, li_recovered:  8.068, time: 0.007130824000341818
L: 0.50, u_super: 0.00743, sec: 420.259, prod: 0.168338, t_ads: 26.1, t_des: 23.4, bed_util_ads: 0.500, bed_util_des: 0.500, des_th: 0.4996769780207915,frac_lost: 0.102, li_recovered:  8.333, time: 0.006956971999898087
L: 0.50, u_super: 0.00431, sec: 235.909, prod: 0.096902, t_ads: 45.1, t_des: 40.2, bed_util_ads: 0.499, bed_util_des: 0.499, des_th: 0.49887480275241003,frac_lost: 0.106, li_recovered:  8.267, time: 0.007250271999510005
L: 0.50, u_super: 0.00796, sec: 452.050, prod: 0.180667, t_ads: 24.4, t_des: 22.3, bed_util_ads: 0.497, bed_util_des: 0.497, des_th: 0.497229956020974,frac_lost: 0.100, li_recovered:  8.436, time: 0.007204842999271932
L: 0.50, u_super: 0.00843, sec: 4313.902, prod: 0.021359, t_ads: 23.3, t_des: 387.9, bed_util_ads: 0.188, bed_util_des: 0.185, des_th: 0.1851696623157332,frac_lost: 0.104, li_recovered:  8.782, time: 0.0621731750015897
L: 28.40, u_super: 0.00937 — INFEASIBLE (li_recovered=0.000e+00), time: 0.0027603809994616313
L: 0.50, u_super: 0.00604, sec: 384.548, prod: 0.119443, t_ads: 32.3, t_des: 40.4, bed_util_ads: 0.458, bed_util_des: 0.457, des_th: 0.4571007151299452,frac_lost: 0.106, li_recovered:  8.686, time: 0.011873604998982046
L: 0.50, u_super: 0.00771, sec: 436.652, prod: 0.174971, t_ads: 25.2, t_des: 23.0, bed_util_ads: 0.497, bed_util_des: 0.497, des_th: 0.4971701339313388,frac_lost: 0.100, li_recovered:  8.435, time: 0.005514974998732214
L: 0.50, u_super: 0.00505, sec: 277.397, prod: 0.113917, t_ads: 38.5, t_des: 34.9, bed_util_ads: 0.497, bed_util_des: 0.497, des_th: 0.4971243264533345,frac_lost: 0.103, li_recovered:  8.352, time: 0.008582503000070574
L: 0.50, u_super: 0.00666, sec: 372.323, prod: 0.150935, t_ads: 29.1, t_des: 26.7, bed_util_ads: 0.497, bed_util_des: 0.497, des_th: 0.49667362468800397,frac_lost: 0.100, li_recovered:  8.418, time: 0.004926046998662059
L: 0.50, u_super: 0.00787, sec: 448.162, prod: 0.177918, t_ads: 24.9, t_des: 22.5, bed_util_ads: 0.499, bed_util_des: 0.499, des_th: 0.49914471072956984,frac_lost: 0.108, li_recovered:  8.437, time: 0.004978652001227601
L: 0.50, u_super: 0.00795, sec: 451.637, prod: 0.180352, t_ads: 24.4, t_des: 22.6, bed_util_ads: 0.497, bed_util_des: 0.497, des_th: 0.4970947354478658,frac_lost: 0.101, li_recovered:  8.477, time: 0.00634227299997292
L: 0.50, u_super: 0.00916, sec: 528.746, prod: 0.207598, t_ads: 21.3, t_des: 19.2, bed_util_ads: 0.500, bed_util_des: 0.500, des_th: 0.4995940555753495,frac_lost: 0.104, li_recovered:  8.404, time: 0.005496693000168307
L: 0.50, u_super: 0.00009, sec: 9.283, prod: 0.001120, t_ads: 2000.8, t_des: 4965.3, bed_util_ads: 0.261, bed_util_des: 0.188, des_th: 0.1882709962019461,frac_lost: 0.101, li_recovered:  7.804, time: 0.008740507999391411
L: 0.50, u_super: 0.00527, sec: 290.525, prod: 0.118924, t_ads: 36.9, t_des: 34.2, bed_util_ads: 0.495, bed_util_des: 0.494, des_th: 0.49428988239476934,frac_lost: 0.103, li_recovered:  8.447, time: 0.005110001000502962
L: 0.50, u_super: 0.00870, sec: 500.229, prod: 0.197138, t_ads: 22.5, t_des: 20.3, bed_util_ads: 0.499, bed_util_des: 0.499, des_th: 0.498851365887796,frac_lost: 0.106, li_recovered:  8.434, time: 0.0066075609993276885
L: 26.56, u_super: 0.00604 — INFEASIBLE (li_recovered=0.000e+00), time: 0.0014979449988459237
L: 0.50, u_super: 0.00465, sec: 256.352, prod: 0.104253, t_ads: 41.8, t_des: 40.0, bed_util_ads: 0.491, bed_util_des: 0.490, des_th: 0.4904425479442153,frac_lost: 0.105, li_recovered:  8.528, time: 0.006334904999675928
L: 88.92, u_super: 0.00148 — INFEASIBLE (li_recovered=0.000e+00), time: 0.0010564109998085769
L: 0.50, u_super: 0.00354, sec: 192.713, prod: 0.079231, t_ads: 54.9, t_des: 48.4, bed_util_ads: 0.500, bed_util_des: 0.499, des_th: 0.49928480083447013,frac_lost: 0.107, li_recovered:  8.183, time: 0.004978070999641204
L: 0.50, u_super: 0.00568, sec: 314.980, prod: 0.128391, t_ads: 34.2, t_des: 30.6, bed_util_ads: 0.499, bed_util_des: 0.499, des_th: 0.499263641863837,frac_lost: 0.103, li_recovered:  8.318, time: 0.00684920900130237
L: 34.04, u_super: 0.00527 — INFEASIBLE (li_recovered=0.000e+00), time: 0.0015446490015165182
L: 0.50, u_super: 0.00920, sec: 537.156, prod: 0.206451, t_ads: 21.2, t_des: 20.6, bed_util_ads: 0.490, bed_util_des: 0.490, des_th: 0.48973160110997527,frac_lost: 0.103, li_recovered:  8.635, time: 0.006067543001336162
L: 0.50, u_super: 0.00020 — INFEASIBLE (li_recovered=0.000e+00), time: 0.0019131159988319268
L: 0.50, u_super: 0.00703, sec: 396.332, prod: 0.159020, t_ads: 27.8, t_des: 25.0, bed_util_ads: 0.500, bed_util_des: 0.499, des_th: 0.49941800771673645,frac_lost: 0.106, li_recovered:  8.382, time: 0.005162566998478724
L: 0.50, u_super: 0.00392, sec: 213.267, prod: 0.087828, t_ads: 49.8, t_des: 44.9, bed_util_ads: 0.497, bed_util_des: 0.497, des_th: 0.4970684939548603,frac_lost: 0.108, li_recovered:  8.318, time: 0.007581903999380302
L: 0.50, u_super: 0.00719, sec: 405.971, prod: 0.162602, t_ads: 27.2, t_des: 24.5, bed_util_ads: 0.500, bed_util_des: 0.500, des_th: 0.49951856719822124,frac_lost: 0.106, li_recovered:  8.395, time: 0.005989940998915699
L: 0.50, u_super: 0.00323, sec: 174.630, prod: 0.072217, t_ads: 60.3, t_des: 54.6, bed_util_ads: 0.497, bed_util_des: 0.496, des_th: 0.49653189800574005,frac_lost: 0.108, li_recovered:  8.292, time: 0.0060480989995994605
L: 0.50, u_super: 0.00642, sec: 358.466, prod: 0.145484, t_ads: 30.2, t_des: 27.3, bed_util_ads: 0.499, bed_util_des: 0.498, des_th: 0.49845569295690384,frac_lost: 0.101, li_recovered:  8.365, time: 0.005491212001288659
L: 80.22, u_super: 0.00987 — INFEASIBLE (li_recovered=0.000e+00), time: 0.001169786999525968
L: 0.50, u_super: 0.00734, sec: 415.645, prod: 0.165778, t_ads: 26.7, t_des: 23.9, bed_util_ads: 0.500, bed_util_des: 0.500, des_th: 0.49951856719822124,frac_lost: 0.108, li_recovered:  8.389, time: 0.005782023999927333
L: 0.50, u_super: 0.00350, sec: 196.166, prod: 0.075990, t_ads: 55.5, t_des: 57.5, bed_util_ads: 0.480, bed_util_des: 0.479, des_th: 0.4791778641409809,frac_lost: 0.106, li_recovered:  8.585, time: 0.00614494200090121
L: 0.50, u_super: 0.00276, sec: 149.280, prod: 0.061164, t_ads: 69.9, t_des: 60.8, bed_util_ads: 0.499, bed_util_des: 0.499, des_th: 0.4989752791240874,frac_lost: 0.102, li_recovered:  7.996, time: 0.008100693999949726
L: 0.50, u_super: 0.00821, sec: 469.251, prod: 0.185652, t_ads: 23.9, t_des: 21.6, bed_util_ads: 0.500, bed_util_des: 0.499, des_th: 0.49940201996473377,frac_lost: 0.108, li_recovered:  8.447, time: 0.005739006999647245
L: 0.50, u_super: 0.00590, sec: 327.189, prod: 0.133387, t_ads: 32.9, t_des: 30.1, bed_util_ads: 0.497, bed_util_des: 0.497, des_th: 0.497222585966015,frac_lost: 0.102, li_recovered:  8.413, time: 0.006223247000889387
L: 0.50, u_super: 0.00557, sec: 308.189, prod: 0.125718, t_ads: 34.9, t_des: 31.2, bed_util_ads: 0.500, bed_util_des: 0.500, des_th: 0.4997030107905115,frac_lost: 0.103, li_recovered:  8.302, time: 0.005227920000834274
L: 0.50, u_super: 0.00409, sec: 222.751, prod: 0.091786, t_ads: 47.5, t_des: 42.5, bed_util_ads: 0.499, bed_util_des: 0.499, des_th: 0.49928377958990633,frac_lost: 0.105, li_recovered:  8.263, time: 0.007705826999881538
L: 16.60, u_super: 0.00658 — INFEASIBLE (li_recovered=0.000e+00), time: 0.0015562839998892741
L: 0.50, u_super: 0.00452, sec: 247.774, prod: 0.101460, t_ads: 43.0, t_des: 37.9, bed_util_ads: 0.500, bed_util_des: 0.500, des_th: 0.499884722651695,frac_lost: 0.104, li_recovered:  8.208, time: 0.005957016999673215
   739 |    29560 |     40 |  0.0021252492 |             f
L: 0.50, u_super: 0.00979, sec: 638.248, prod: 0.198214, t_ads: 19.9, t_des: 24.0, bed_util_ads: 0.464, bed_util_des: 0.463, des_th: 0.46316390815361586,frac_lost: 0.104, li_recovered:  8.718, time: 0.005466601000080118
L: 0.50, u_super: 0.00409, sec: 222.854, prod: 0.091744, t_ads: 47.6, t_des: 42.5, bed_util_ads: 0.500, bed_util_des: 0.499, des_th: 0.49942041125033676,frac_lost: 0.106, li_recovered:  8.265, time: 0.006529763999424176
L: 0.50, u_super: 0.00005, sec: 5.494, prod: 0.000527, t_ads: 4092.7, t_des: 12464.5, bed_util_ads: 0.219, bed_util_des: 0.108, des_th: 0.10822527506279207,frac_lost: 0.101, li_recovered:  8.724, time: 0.012284459999136743
L: 25.35, u_super: 0.00057 — INFEASIBLE (li_recovered=0.000e+00), time: 0.0011608320000959793
L: 10.46, u_super: 0.00557 — INFEASIBLE (li_recovered=0.000e+00), time: 0.00285331099985342
L: 0.50, u_super: 0.00518, sec: 285.103, prod: 0.116830, t_ads: 37.5, t_des: 34.8, bed_util_ads: 0.495, bed_util_des: 0.495, des_th: 0.4948734358451096,frac_lost: 0.103, li_recovered:  8.447, time: 0.0057098489996860735
L: 0.50, u_super: 0.00468, sec: 256.387, prod: 0.105323, t_ads: 41.6, t_des: 37.6, bed_util_ads: 0.498, bed_util_des: 0.498, des_th: 0.49761117148614914,frac_lost: 0.105, li_recovered:  8.340, time: 0.006093222000345122
L: 0.50, u_super: 0.00276, sec: 149.093, prod: 0.061240, t_ads: 70.5, t_des: 66.9, bed_util_ads: 0.489, bed_util_des: 0.488, des_th: 0.4883025994257984,frac_lost: 0.108, li_recovered:  8.414, time: 0.005770901998403133
L: 0.50, u_super: 0.00462, sec: 253.074, prod: 0.103829, t_ads: 42.1, t_des: 37.5, bed_util_ads: 0.500, bed_util_des: 0.499, des_th: 0.49941800771673645,frac_lost: 0.105, li_recovered:  8.274, time: 0.005306041000949335
L: 0.50, u_super: 0.00023 — INFEASIBLE (li_recovered=0.000e+00), time: 0.002049828999588499
L: 0.50, u_super: 0.00392, sec: 212.871, prod: 0.087991, t_ads: 49.6, t_des: 44.9, bed_util_ads: 0.497, bed_util_des: 0.497, des_th: 0.49717255471027394,frac_lost: 0.105, li_recovered:  8.317, time: 0.006085528999392409
L: 0.50, u_super: 0.00013, sec: 13.510, prod: 0.001428, t_ads: 1486.4, t_des: 4131.8, bed_util_ads: 0.270, bed_util_des: 0.204, des_th: 0.20426676455948062,frac_lost: 0.103, li_recovered:  8.025, time: 0.009697665000203415
L: 0.50, u_super: 0.00867, sec: 497.968, prod: 0.196287, t_ads: 22.5, t_des: 20.7, bed_util_ads: 0.497, bed_util_des: 0.497, des_th: 0.4971003381979987,frac_lost: 0.105, li_recovered:  8.491, time: 0.005494656001246767
L: 16.10, u_super: 0.00160 — INFEASIBLE (li_recovered=0.000e+00), time: 0.0011646820003079483
L: 0.50, u_super: 0.00048 — INFEASIBLE (li_recovered=0.000e+00), time: 0.0028877350014226977
L: 0.50, u_super: 0.00557, sec: 308.178, prod: 0.125723, t_ads: 34.9, t_des: 31.2, bed_util_ads: 0.499, bed_util_des: 0.499, des_th: 0.4992720455868005,frac_lost: 0.103, li_recovered:  8.308, time: 0.007209100000181934
L: 0.50, u_super: 0.00080, sec: 43.985, prod: 0.016968, t_ads: 232.7, t_des: 218.4, bed_util_ads: 0.476, bed_util_des: 0.475, des_th: 0.47504553821387413,frac_lost: 0.102, li_recovered:  7.654, time: 0.004774336000991752
L: 0.50, u_super: 0.00023 — INFEASIBLE (li_recovered=0.000e+00), time: 0.0032671919998392696
L: 0.50, u_super: 0.00990, sec: 598.768, prod: 0.216267, t_ads: 19.7, t_des: 20.5, bed_util_ads: 0.483, bed_util_des: 0.483, des_th: 0.48254936681819177,frac_lost: 0.105, li_recovered:  8.703, time: 0.008265114998721401
L: 0.50, u_super: 0.00892, sec: 514.036, prod: 0.202138, t_ads: 21.9, t_des: 20.1, bed_util_ads: 0.498, bed_util_des: 0.498, des_th: 0.49822700766181,frac_lost: 0.105, li_recovered:  8.485, time: 0.00737413699971512
L: 0.50, u_super: 0.00178, sec: 97.177, prod: 0.038811, t_ads: 107.3, t_des: 91.7, bed_util_ads: 0.498, bed_util_des: 0.498, des_th: 0.4979213394976767,frac_lost: 0.103, li_recovered:  7.723, time: 0.007281238998984918
L: 0.50, u_super: 0.00080, sec: 44.075, prod: 0.016933, t_ads: 235.1, t_des: 223.5, bed_util_ads: 0.474, bed_util_des: 0.472, des_th: 0.472201282659692,frac_lost: 0.107, li_recovered:  7.765, time: 0.00627931100098067
L: 36.12, u_super: 0.00301 — INFEASIBLE (li_recovered=0.000e+00), time: 0.0017819500008044997
L: 0.50, u_super: 0.00866, sec: 498.119, prod: 0.196042, t_ads: 22.6, t_des: 20.8, bed_util_ads: 0.497, bed_util_des: 0.497, des_th: 0.4971729728547425,frac_lost: 0.107, li_recovered:  8.497, time: 0.006885497999974177
L: 1.85, u_super: 0.00925, sec: 2026.826, prod: 0.204525, t_ads: 77.1, t_des: 66.9, bed_util_ads: 0.500, bed_util_des: 0.500, des_th: 0.49976540942638265,frac_lost: 0.104, li_recovered:  29.449, time: 0.007676699000512599
L: 0.50, u_super: 0.00013, sec: 13.510, prod: 0.001428, t_ads: 1486.4, t_des: 4131.8, bed_util_ads: 0.270, bed_util_des: 0.204, des_th: 0.20426676455948062,frac_lost: 0.103, li_recovered:  8.025, time: 0.013535852000131854
L: 0.50, u_super: 0.00974, sec: 567.153, prod: 0.220747, t_ads: 20.1, t_des: 18.5, bed_util_ads: 0.498, bed_util_des: 0.498, des_th: 0.4980199563889653,frac_lost: 0.106, li_recovered:  8.508, time: 0.008459964001303888
L: 0.50, u_super: 0.00820, sec: 4771.783, prod: 0.018227, t_ads: 23.8, t_des: 457.8, bed_util_ads: 0.178, bed_util_des: 0.174, des_th: 0.17423564657346063,frac_lost: 0.100, li_recovered:  8.778, time: 0.061847717999626184
L: 11.90, u_super: 0.00527 — INFEASIBLE (li_recovered=0.000e+00), time: 0.0023016420000203652
L: 0.50, u_super: 0.00372, sec: 202.442, prod: 0.083530, t_ads: 52.2, t_des: 46.8, bed_util_ads: 0.498, bed_util_des: 0.497, des_th: 0.4973149332258035,frac_lost: 0.106, li_recovered:  8.265, time: 0.008066223999776412
L: 0.50, u_super: 0.00206, sec: 114.165, prod: 0.044446, t_ads: 93.6, t_des: 96.7, bed_util_ads: 0.476, bed_util_des: 0.475, des_th: 0.47501667795511154,frac_lost: 0.107, li_recovered:  8.458, time: 0.0077915080000821035
L: 0.50, u_super: 0.00020 — INFEASIBLE (li_recovered=0.000e+00), time: 0.004375406999315601
L: 0.50, u_super: 0.00939, sec: 578.529, prod: 0.200064, t_ads: 20.8, t_des: 22.7, bed_util_ads: 0.476, bed_util_des: 0.476, des_th: 0.47610316791169405,frac_lost: 0.105, li_recovered:  8.711, time: 0.006672007999441121
L: 0.50, u_super: 0.00409, sec: 222.878, prod: 0.091734, t_ads: 47.6, t_des: 42.5, bed_util_ads: 0.499, bed_util_des: 0.499, des_th: 0.4992296769178272,frac_lost: 0.106, li_recovered:  8.264, time: 0.006999868001003051
L: 0.50, u_super: 0.00944, sec: 547.099, prod: 0.213744, t_ads: 20.7, t_des: 18.6, bed_util_ads: 0.500, bed_util_des: 0.500, des_th: 0.49998726189953113,frac_lost: 0.105, li_recovered:  8.393, time: 0.008234398001150112
L: 0.50, u_super: 0.00284, sec: 153.467, prod: 0.063148, t_ads: 68.0, t_des: 59.8, bed_util_ads: 0.499, bed_util_des: 0.499, des_th: 0.498692750968642,frac_lost: 0.103, li_recovered:  8.072, time: 0.008509463001246331
L: 34.67, u_super: 0.00159 — INFEASIBLE (li_recovered=0.000e+00), time: 0.001251347999641439
L: 0.50, u_super: 0.00970, sec: 563.981, prod: 0.219649, t_ads: 20.2, t_des: 18.3, bed_util_ads: 0.500, bed_util_des: 0.499, des_th: 0.49940201996473377,frac_lost: 0.107, li_recovered:  8.463, time: 0.006759765001334017
L: 0.50, u_super: 0.00115, sec: 64.205, prod: 0.024173, t_ads: 165.0, t_des: 137.0, bed_util_ads: 0.496, bed_util_des: 0.496, des_th: 0.4963317363129326,frac_lost: 0.106, li_recovered:  7.300, time: 0.009642053999414202
L: 0.50, u_super: 0.00528, sec: 291.117, prod: 0.119126, t_ads: 36.8, t_des: 34.2, bed_util_ads: 0.495, bed_util_des: 0.494, des_th: 0.4944907978178019,frac_lost: 0.103, li_recovered:  8.455, time: 0.0060881350000272505
   740 |    29600 |     40 |  0.0030496870 |             f
L: 2.00, u_super: 0.00301, sec: 700.007, prod: 0.062412, t_ads: 246.9, t_des: 214.2, bed_util_ads: 0.485, bed_util_des: 0.484, des_th: 0.4842537410483047,frac_lost: 0.106, li_recovered:  28.782, time: 0.006562529000802897
L: 0.50, u_super: 0.00568, sec: 314.704, prod: 0.128504, t_ads: 34.1, t_des: 30.6, bed_util_ads: 0.500, bed_util_des: 0.500, des_th: 0.4996183210746853,frac_lost: 0.101, li_recovered:  8.319, time: 0.007652390999282943
L: 0.50, u_super: 0.00275, sec: 148.742, prod: 0.061233, t_ads: 70.0, t_des: 61.5, bed_util_ads: 0.499, bed_util_des: 0.499, des_th: 0.4987038243367021,frac_lost: 0.102, li_recovered:  8.053, time: 0.007593892001750646
L: 0.50, u_super: 0.00937, sec: 543.028, prod: 0.212401, t_ads: 20.8, t_des: 18.7, bed_util_ads: 0.500, bed_util_des: 0.500, des_th: 0.49999977419958286,frac_lost: 0.105, li_recovered:  8.393, time: 0.006342262000543997
L: 0.50, u_super: 0.00474, sec: 260.369, prod: 0.106840, t_ads: 40.9, t_des: 36.5, bed_util_ads: 0.500, bed_util_des: 0.500, des_th: 0.49991526019868165,frac_lost: 0.104, li_recovered:  8.279, time: 0.005322856000930187
L: 0.50, u_super: 0.00005, sec: 4.348, prod: 0.000666, t_ads: 3319.7, t_des: 5433.5, bed_util_ads: 0.254, bed_util_des: 0.192, des_th: 0.19244939784315335,frac_lost: 0.101, li_recovered:  5.827, time: 0.006322183999145636
L: 0.50, u_super: 0.00867, sec: 498.363, prod: 0.196132, t_ads: 22.6, t_des: 20.5, bed_util_ads: 0.500, bed_util_des: 0.500, des_th: 0.4997267676209915,frac_lost: 0.108, li_recovered:  8.446, time: 0.006218257000000449
L: 0.50, u_super: 0.00632, sec: 352.508, prod: 0.143008, t_ads: 30.7, t_des: 27.8, bed_util_ads: 0.499, bed_util_des: 0.498, des_th: 0.4984776149293153,frac_lost: 0.102, li_recovered:  8.372, time: 0.006443821999710053
L: 0.50, u_super: 0.00041, sec: 24.414, prod: 0.008175, t_ads: 433.6, t_des: 459.0, bed_util_ads: 0.442, bed_util_des: 0.437, des_th: 0.4374450409751077,frac_lost: 0.105, li_recovered:  7.297, time: 0.0063098449991230154
L: 0.50, u_super: 0.00821, sec: 469.251, prod: 0.185652, t_ads: 23.9, t_des: 21.6, bed_util_ads: 0.500, bed_util_des: 0.499, des_th: 0.49940201996473377,frac_lost: 0.108, li_recovered:  8.447, time: 0.005811087999973097
L: 0.50, u_super: 0.00470, sec: 257.901, prod: 0.105984, t_ads: 41.4, t_des: 37.8, bed_util_ads: 0.497, bed_util_des: 0.497, des_th: 0.4971243264533345,frac_lost: 0.105, li_recovered:  8.386, time: 0.007585795001432416
L: 11.12, u_super: 0.00568 — INFEASIBLE (li_recovered=0.000e+00), time: 0.0025684169995656703
L: 0.50, u_super: 0.00584, sec: 323.841, prod: 0.132016, t_ads: 33.2, t_des: 29.8, bed_util_ads: 0.499, bed_util_des: 0.499, des_th: 0.4988885748019257,frac_lost: 0.101, li_recovered:  8.324, time: 0.006400905000191415
L: 0.50, u_super: 0.00939, sec: 5321.323, prod: 0.021734, t_ads: 20.9, t_des: 383.1, bed_util_ads: 0.181, bed_util_des: 0.178, des_th: 0.1783220915401039,frac_lost: 0.103, li_recovered:  8.781, time: 0.051020995999351726
L: 80.61, u_super: 0.00080 — INFEASIBLE (li_recovered=0.000e+00), time: 0.0010338190004404169
L: 0.50, u_super: 0.00707, sec: 399.310, prod: 0.159610, t_ads: 27.7, t_des: 24.8, bed_util_ads: 0.500, bed_util_des: 0.500, des_th: 0.4999330876988094,frac_lost: 0.109, li_recovered:  8.390, time: 0.00580333600009908
L: 0.50, u_super: 0.00337, sec: 182.953, prod: 0.075474, t_ads: 57.6, t_des: 53.9, bed_util_ads: 0.492, bed_util_des: 0.492, des_th: 0.49195884085278385,frac_lost: 0.107, li_recovered:  8.415, time: 0.005819592999614542
L: 0.50, u_super: 0.00242, sec: 130.609, prod: 0.053759, t_ads: 79.7, t_des: 76.1, bed_util_ads: 0.487, bed_util_des: 0.486, des_th: 0.4863893241999766,frac_lost: 0.105, li_recovered:  8.376, time: 0.006477909000750515
L: 0.50, u_super: 0.00013, sec: 11.190, prod: 0.001724, t_ads: 1397.4, t_des: 2806.4, bed_util_ads: 0.299, bed_util_des: 0.250, des_th: 0.24994673146112162,frac_lost: 0.100, li_recovered:  7.249, time: 0.007830429000023287
L: 0.50, u_super: 0.00409, sec: 222.973, prod: 0.091695, t_ads: 47.4, t_des: 41.9, bed_util_ads: 0.499, bed_util_des: 0.499, des_th: 0.49926361786122303,frac_lost: 0.103, li_recovered:  8.188, time: 0.006157031000839197
L: 0.50, u_super: 0.00402, sec: 219.822, prod: 0.090193, t_ads: 48.3, t_des: 42.6, bed_util_ads: 0.500, bed_util_des: 0.499, des_th: 0.499486330160589,frac_lost: 0.106, li_recovered:  8.201, time: 0.006266722000873415
L: 0.50, u_super: 0.00074, sec: 40.796, prod: 0.015563, t_ads: 252.2, t_des: 239.5, bed_util_ads: 0.474, bed_util_des: 0.472, des_th: 0.47219915462803486,frac_lost: 0.104, li_recovered:  7.652, time: 0.0054413150010077516
L: 0.50, u_super: 0.00787, sec: 450.616, prod: 0.176949, t_ads: 24.7, t_des: 23.9, bed_util_ads: 0.491, bed_util_des: 0.490, des_th: 0.49041955551630195,frac_lost: 0.103, li_recovered:  8.604, time: 0.0048844890006876085
L: 0.50, u_super: 0.00848, sec: 497.555, prod: 0.187713, t_ads: 23.1, t_des: 23.1, bed_util_ads: 0.487, bed_util_des: 0.486, des_th: 0.4862871578155178,frac_lost: 0.106, li_recovered:  8.673, time: 0.0070584820005024085
L: 0.50, u_super: 0.00337, sec: 182.781, prod: 0.075240, t_ads: 57.9, t_des: 54.0, bed_util_ads: 0.493, bed_util_des: 0.492, des_th: 0.49226658526379985,frac_lost: 0.109, li_recovered:  8.420, time: 0.005112580000059097
L: 0.50, u_super: 0.00693, sec: 391.148, prod: 0.156279, t_ads: 28.3, t_des: 26.3, bed_util_ads: 0.496, bed_util_des: 0.496, des_th: 0.4962291312199666,frac_lost: 0.108, li_recovered:  8.522, time: 0.006289742999797454
L: 0.50, u_super: 0.00720, sec: 405.461, prod: 0.163296, t_ads: 26.9, t_des: 24.6, bed_util_ads: 0.498, bed_util_des: 0.497, des_th: 0.49747610819923127,frac_lost: 0.101, li_recovered:  8.424, time: 0.004723038000520319
L: 0.50, u_super: 0.00755, sec: 426.851, prod: 0.171216, t_ads: 25.7, t_des: 23.2, bed_util_ads: 0.499, bed_util_des: 0.499, des_th: 0.4991405511652657,frac_lost: 0.101, li_recovered:  8.382, time: 0.005664636000801693
L: 0.50, u_super: 0.00990, sec: 610.068, prod: 0.212264, t_ads: 19.7, t_des: 21.3, bed_util_ads: 0.477, bed_util_des: 0.477, des_th: 0.4769119006424467,frac_lost: 0.104, li_recovered:  8.711, time: 0.005630153998936294
L: 0.50, u_super: 0.00400, sec: 217.806, prod: 0.089932, t_ads: 48.6, t_des: 43.9, bed_util_ads: 0.497, bed_util_des: 0.497, des_th: 0.49717255471027394,frac_lost: 0.105, li_recovered:  8.315, time: 0.005417501999545493
L: 0.50, u_super: 0.00074, sec: 41.172, prod: 0.015565, t_ads: 251.1, t_des: 252.2, bed_util_ads: 0.466, bed_util_des: 0.464, des_th: 0.46389139111250577,frac_lost: 0.103, li_recovered:  7.834, time: 0.004435365000972524
L: 0.50, u_super: 0.00222, sec: 120.231, prod: 0.049087, t_ads: 87.1, t_des: 76.3, bed_util_ads: 0.498, bed_util_des: 0.497, des_th: 0.49718141995784926,frac_lost: 0.108, li_recovered:  8.017, time: 0.00515592400006426
L: 0.50, u_super: 0.00006 — INFEASIBLE (li_recovered=0.000e+00), time: 0.0011145330008730525
L: 0.50, u_super: 0.00940, sec: 544.196, prod: 0.213059, t_ads: 20.8, t_des: 18.6, bed_util_ads: 0.500, bed_util_des: 0.500, des_th: 0.4999791825872433,frac_lost: 0.104, li_recovered:  8.390, time: 0.00516249900101684
L: 0.50, u_super: 0.00160, sec: 85.980, prod: 0.035210, t_ads: 119.6, t_des: 111.2, bed_util_ads: 0.488, bed_util_des: 0.487, des_th: 0.48724488370796254,frac_lost: 0.104, li_recovered:  8.126, time: 0.005080836999695748
L: 59.30, u_super: 0.00679 — INFEASIBLE (li_recovered=0.000e+00), time: 0.0010642630004440434
L: 0.50, u_super: 0.00944, sec: 546.765, prod: 0.213875, t_ads: 20.7, t_des: 18.6, bed_util_ads: 0.500, bed_util_des: 0.500, des_th: 0.49999977419958286,frac_lost: 0.105, li_recovered:  8.403, time: 0.005961024999123765
L: 0.50, u_super: 0.00756, sec: 429.172, prod: 0.171002, t_ads: 25.9, t_des: 23.2, bed_util_ads: 0.500, bed_util_des: 0.499, des_th: 0.49945591355862184,frac_lost: 0.107, li_recovered:  8.394, time: 0.00805946699983906
L: 9.31, u_super: 0.00590 — INFEASIBLE (li_recovered=0.000e+00), time: 0.003998248999778298
L: 0.50, u_super: 0.00984, sec: 572.178, prod: 0.223216, t_ads: 19.8, t_des: 18.1, bed_util_ads: 0.499, bed_util_des: 0.499, des_th: 0.4991026453233784,frac_lost: 0.103, li_recovered:  8.460, time: 0.008080432999122422
   741 |    29640 |     40 |  0.0032848057 |             f
L: 0.50, u_super: 0.00178, sec: 97.768, prod: 0.038576, t_ads: 107.5, t_des: 90.4, bed_util_ads: 0.500, bed_util_des: 0.500, des_th: 0.49986903545726746,frac_lost: 0.105, li_recovered:  7.633, time: 0.00600860200029274
L: 32.98, u_super: 0.00720 — INFEASIBLE (li_recovered=0.000e+00), time: 0.0014746449996891897
L: 0.50, u_super: 0.00724, sec: 409.340, prod: 0.163775, t_ads: 27.0, t_des: 24.5, bed_util_ads: 0.499, bed_util_des: 0.499, des_th: 0.49913279712129316,frac_lost: 0.107, li_recovered:  8.440, time: 0.00689447399963683
L: 0.50, u_super: 0.00462, sec: 269.141, prod: 0.097631, t_ads: 42.1, t_des: 46.4, bed_util_ads: 0.473, bed_util_des: 0.472, des_th: 0.4724927505321227,frac_lost: 0.104, li_recovered:  8.643, time: 0.0077242869992915075
L: 2.92, u_super: 0.00502 — INFEASIBLE (li_recovered=0.000e+00), time: 0.0036009939994983142
L: 0.50, u_super: 0.00337, sec: 184.039, prod: 0.074726, t_ads: 57.8, t_des: 56.1, bed_util_ads: 0.487, bed_util_des: 0.487, des_th: 0.4866729422779341,frac_lost: 0.107, li_recovered:  8.508, time: 0.00954477599952952
L: 30.06, u_super: 0.00876 — INFEASIBLE (li_recovered=0.000e+00), time: 0.0022786899990023812
L: 0.50, u_super: 0.00165, sec: 88.692, prod: 0.036439, t_ads: 115.6, t_des: 107.7, bed_util_ads: 0.488, bed_util_des: 0.487, des_th: 0.4868106958548543,frac_lost: 0.102, li_recovered:  8.136, time: 0.007231988000057754
L: 0.50, u_super: 0.00857, sec: 491.450, prod: 0.193928, t_ads: 22.8, t_des: 20.9, bed_util_ads: 0.497, bed_util_des: 0.497, des_th: 0.49710556029552516,frac_lost: 0.106, li_recovered:  8.483, time: 0.005836292000822141
L: 5.02, u_super: 0.00178 — INFEASIBLE (li_recovered=0.000e+00), time: 0.0021005809994676383
L: 0.50, u_super: 0.00590, sec: 326.960, prod: 0.133481, t_ads: 32.8, t_des: 29.8, bed_util_ads: 0.497, bed_util_des: 0.497, des_th: 0.49727641145418533,frac_lost: 0.100, li_recovered:  8.360, time: 0.007040070999210002
L: 25.83, u_super: 0.00671 — INFEASIBLE (li_recovered=0.000e+00), time: 0.0032332589998986805
L: 0.50, u_super: 0.00372, sec: 211.665, prod: 0.079891, t_ads: 52.1, t_des: 55.6, bed_util_ads: 0.476, bed_util_des: 0.475, des_th: 0.4754570791804805,frac_lost: 0.104, li_recovered:  8.605, time: 0.0072439070008840645
L: 11.63, u_super: 0.00017 — INFEASIBLE (li_recovered=0.000e+00), time: 0.0017588320006325375
L: 3.94, u_super: 0.00261, sec: 1301.082, prod: 0.049609, t_ads: 517.2, t_des: 502.2, bed_util_ads: 0.443, bed_util_des: 0.440, des_th: 0.44057278702072383,frac_lost: 0.102, li_recovered:  50.570, time: 0.005702615999325644
L: 0.50, u_super: 0.00730, sec: 413.285, prod: 0.165006, t_ads: 26.8, t_des: 24.6, bed_util_ads: 0.497, bed_util_des: 0.497, des_th: 0.49667994254222014,frac_lost: 0.107, li_recovered:  8.482, time: 0.005611264001345262
L: 0.50, u_super: 0.00230, sec: 124.130, prod: 0.050967, t_ads: 84.0, t_des: 80.3, bed_util_ads: 0.487, bed_util_des: 0.486, des_th: 0.4863853669168527,frac_lost: 0.106, li_recovered:  8.370, time: 0.006259125999349635
L: 3.79, u_super: 0.00106 — INFEASIBLE (li_recovered=0.000e+00), time: 0.0015218410007946659
L: 0.50, u_super: 0.00970, sec: 563.079, prod: 0.220001, t_ads: 20.1, t_des: 18.2, bed_util_ads: 0.500, bed_util_des: 0.499, des_th: 0.49941320138219497,frac_lost: 0.103, li_recovered:  8.438, time: 0.00570361099926231
L: 0.50, u_super: 0.00710, sec: 400.587, prod: 0.160501, t_ads: 27.5, t_des: 24.8, bed_util_ads: 0.499, bed_util_des: 0.499, des_th: 0.49884000763523356,frac_lost: 0.107, li_recovered:  8.392, time: 0.006184297000800143
L: 8.30, u_super: 0.00005 — INFEASIBLE (li_recovered=0.000e+00), time: 0.0012017640001431573
L: 0.50, u_super: 0.00082, sec: 45.393, prod: 0.017516, t_ads: 227.8, t_des: 219.0, bed_util_ads: 0.474, bed_util_des: 0.472, des_th: 0.47199158051646334,frac_lost: 0.106, li_recovered:  7.826, time: 0.006184189000123297
L: 0.50, u_super: 0.00372, sec: 204.041, prod: 0.082876, t_ads: 52.2, t_des: 50.7, bed_util_ads: 0.489, bed_util_des: 0.488, des_th: 0.48818378014987857,frac_lost: 0.106, li_recovered:  8.524, time: 0.007078231999912532
L: 1.47, u_super: 0.00501, sec: 840.775, prod: 0.109263, t_ads: 112.7, t_des: 97.3, bed_util_ads: 0.497, bed_util_des: 0.497, des_th: 0.4971243264533345,frac_lost: 0.105, li_recovered:  22.945, time: 0.00599339099971985
L: 0.50, u_super: 0.00787, sec: 447.085, prod: 0.178346, t_ads: 24.7, t_des: 22.0, bed_util_ads: 0.500, bed_util_des: 0.500, des_th: 0.499988355064752,frac_lost: 0.100, li_recovered:  8.324, time: 0.004759223000291968
L: 0.50, u_super: 0.00848, sec: 490.065, prod: 0.190582, t_ads: 23.0, t_des: 22.2, bed_util_ads: 0.492, bed_util_des: 0.492, des_th: 0.49188080080127505,frac_lost: 0.105, li_recovered:  8.616, time: 0.004470120000405586
L: 0.50, u_super: 0.00519, sec: 285.708, prod: 0.117085, t_ads: 37.5, t_des: 33.9, bed_util_ads: 0.497, bed_util_des: 0.497, des_th: 0.49714324591538706,frac_lost: 0.103, li_recovered:  8.355, time: 0.004905323999992106
L: 0.50, u_super: 0.00403, sec: 220.252, prod: 0.090392, t_ads: 48.2, t_des: 42.5, bed_util_ads: 0.500, bed_util_des: 0.500, des_th: 0.4995783307596156,frac_lost: 0.105, li_recovered:  8.194, time: 0.00475979200018628
L: 0.50, u_super: 0.00464, sec: 254.139, prod: 0.104326, t_ads: 42.1, t_des: 38.4, bed_util_ads: 0.497, bed_util_des: 0.497, des_th: 0.4971243264533345,frac_lost: 0.107, li_recovered:  8.390, time: 0.008152202999553992
L: 0.50, u_super: 0.00041, sec: 24.242, prod: 0.008233, t_ads: 428.7, t_des: 439.3, bed_util_ads: 0.446, bed_util_des: 0.442, des_th: 0.442579936844259,frac_lost: 0.101, li_recovered:  7.146, time: 0.005175469999812776
L: 0.50, u_super: 0.00115 — INFEASIBLE (li_recovered=0.000e+00), time: 0.0027070950000052107
L: 0.50, u_super: 0.00302, sec: 163.639, prod: 0.067381, t_ads: 63.9, t_des: 56.1, bed_util_ads: 0.499, bed_util_des: 0.499, des_th: 0.49884000763523356,frac_lost: 0.102, li_recovered:  8.082, time: 0.005135209999934887
L: 0.50, u_super: 0.00720, sec: 405.461, prod: 0.163296, t_ads: 26.9, t_des: 24.6, bed_util_ads: 0.498, bed_util_des: 0.497, des_th: 0.49747610819923127,frac_lost: 0.101, li_recovered:  8.424, time: 0.006478989998868201
L: 0.50, u_super: 0.00095, sec: 169.412, prod: 0.006201, t_ads: 207.5, t_des: 1193.9, bed_util_ads: 0.267, bed_util_des: 0.248, des_th: 0.24826373857765366,frac_lost: 0.105, li_recovered:  8.690, time: 0.019092258999080514
L: 0.50, u_super: 0.00206, sec: 111.204, prod: 0.045629, t_ads: 93.6, t_des: 88.7, bed_util_ads: 0.488, bed_util_des: 0.487, des_th: 0.48755570473137966,frac_lost: 0.107, li_recovered:  8.319, time: 0.006135867999546463
L: 0.50, u_super: 0.00095, sec: 178.357, prod: 0.005939, t_ads: 206.9, t_des: 1258.5, bed_util_ads: 0.262, bed_util_des: 0.243, des_th: 0.24255908543243193,frac_lost: 0.106, li_recovered:  8.703, time: 0.016417553999417578
L: 0.50, u_super: 0.00974, sec: 566.184, prod: 0.221097, t_ads: 20.0, t_des: 18.3, bed_util_ads: 0.499, bed_util_des: 0.499, des_th: 0.499366754829772,frac_lost: 0.103, li_recovered:  8.461, time: 0.006275032999838004
L: 0.50, u_super: 0.00441, sec: 253.341, prod: 0.094512, t_ads: 44.0, t_des: 47.3, bed_util_ads: 0.476, bed_util_des: 0.475, des_th: 0.4749396952301538,frac_lost: 0.103, li_recovered:  8.631, time: 0.004701232001025346
L: 0.50, u_super: 0.00827, sec: 473.596, prod: 0.187054, t_ads: 23.7, t_des: 21.4, bed_util_ads: 0.500, bed_util_des: 0.500, des_th: 0.49969093449342716,frac_lost: 0.108, li_recovered:  8.438, time: 0.004705352999735624
L: 0.50, u_super: 0.00462, sec: 253.072, prod: 0.103830, t_ads: 42.2, t_des: 37.6, bed_util_ads: 0.499, bed_util_des: 0.499, des_th: 0.49911693071863267,frac_lost: 0.105, li_recovered:  8.281, time: 0.005678458999682334
   742 |    29680 |     40 |  0.0018490689 |             f
L: 0.50, u_super: 0.00629, sec: 350.819, prod: 0.142216, t_ads: 30.9, t_des: 27.9, bed_util_ads: 0.499, bed_util_des: 0.499, des_th: 0.498996375094275,frac_lost: 0.103, li_recovered:  8.370, time: 0.006137935999504407
L: 0.50, u_super: 0.00427, sec: 233.371, prod: 0.096072, t_ads: 45.5, t_des: 40.6, bed_util_ads: 0.499, bed_util_des: 0.499, des_th: 0.49928480083447013,frac_lost: 0.105, li_recovered:  8.274, time: 0.006120787000327255
L: 0.50, u_super: 0.00159, sec: 86.894, prod: 0.034288, t_ads: 120.5, t_des: 122.7, bed_util_ads: 0.476, bed_util_des: 0.474, des_th: 0.47420171417611,frac_lost: 0.103, li_recovered:  8.340, time: 0.00735039999926812
L: 0.50, u_super: 0.00275, sec: 148.742, prod: 0.061233, t_ads: 70.0, t_des: 61.5, bed_util_ads: 0.499, bed_util_des: 0.499, des_th: 0.4987038243367021,frac_lost: 0.102, li_recovered:  8.053, time: 0.008012113999939174
L: 0.50, u_super: 0.00916, sec: 529.273, prod: 0.207391, t_ads: 21.4, t_des: 19.6, bed_util_ads: 0.497, bed_util_des: 0.497, des_th: 0.4970992695082997,frac_lost: 0.106, li_recovered:  8.494, time: 0.006729042001097696
L: 0.50, u_super: 0.00019 — INFEASIBLE (li_recovered=0.000e+00), time: 0.004177433998847846
L: 0.50, u_super: 0.00936, sec: 542.043, prod: 0.211910, t_ads: 20.9, t_des: 19.0, bed_util_ads: 0.500, bed_util_des: 0.500, des_th: 0.49998809264308525,frac_lost: 0.107, li_recovered:  8.452, time: 0.005270681000183686
L: 0.50, u_super: 0.00005 — INFEASIBLE (li_recovered=0.000e+00), time: 0.001383182998324628
L: 0.50, u_super: 0.00892, sec: 567.140, prod: 0.183211, t_ads: 21.9, t_des: 25.6, bed_util_ads: 0.468, bed_util_des: 0.467, des_th: 0.467487076042778,frac_lost: 0.107, li_recovered:  8.714, time: 0.005757273000199348
L: 4.40, u_super: 0.00295 — INFEASIBLE (li_recovered=0.000e+00), time: 0.0037180680010351352
L: 0.50, u_super: 0.00141, sec: 76.650, prod: 0.030827, t_ads: 135.0, t_des: 120.0, bed_util_ads: 0.491, bed_util_des: 0.491, des_th: 0.4905708192296018,frac_lost: 0.106, li_recovered:  7.862, time: 0.005090705999464262
L: 0.50, u_super: 0.00197, sec: 106.581, prod: 0.043195, t_ads: 98.0, t_des: 85.2, bed_util_ads: 0.498, bed_util_des: 0.497, des_th: 0.49728867828200374,frac_lost: 0.107, li_recovered:  7.914, time: 0.004964728999766521
L: 0.50, u_super: 0.00594, sec: 329.923, prod: 0.134145, t_ads: 32.7, t_des: 29.2, bed_util_ads: 0.500, bed_util_des: 0.500, des_th: 0.4999927805028088,frac_lost: 0.102, li_recovered:  8.308, time: 0.004466499000045587
L: 0.50, u_super: 0.00959, sec: 5002.755, prod: 0.024207, t_ads: 20.4, t_des: 342.2, bed_util_ads: 0.188, bed_util_des: 0.185, des_th: 0.1851696623157332,frac_lost: 0.102, li_recovered:  8.777, time: 0.04451718500058632
L: 0.50, u_super: 0.00645, sec: 360.135, prod: 0.146146, t_ads: 30.0, t_des: 27.1, bed_util_ads: 0.499, bed_util_des: 0.498, des_th: 0.49845596407567605,frac_lost: 0.100, li_recovered:  8.358, time: 0.0066073880007024854
L: 0.50, u_super: 0.00672, sec: 397.471, prod: 0.144210, t_ads: 29.1, t_des: 31.1, bed_util_ads: 0.477, bed_util_des: 0.477, des_th: 0.4769219660521794,frac_lost: 0.106, li_recovered:  8.683, time: 0.006137652999314014
L: 0.50, u_super: 0.00891, sec: 513.704, prod: 0.201793, t_ads: 22.0, t_des: 19.9, bed_util_ads: 0.500, bed_util_des: 0.499, des_th: 0.49945646051087905,frac_lost: 0.107, li_recovered:  8.447, time: 0.004943231000652304
L: 0.50, u_super: 0.00345, sec: 187.429, prod: 0.077122, t_ads: 56.4, t_des: 49.8, bed_util_ads: 0.499, bed_util_des: 0.498, des_th: 0.49840622606659035,frac_lost: 0.107, li_recovered:  8.188, time: 0.005105523001475376
L: 0.50, u_super: 0.00194, sec: 106.571, prod: 0.041865, t_ads: 99.6, t_des: 101.7, bed_util_ads: 0.477, bed_util_des: 0.476, des_th: 0.47620222294257897,frac_lost: 0.107, li_recovered:  8.429, time: 0.005934077000347315
L: 0.50, u_super: 0.00206, sec: 111.068, prod: 0.045685, t_ads: 93.6, t_des: 87.7, bed_util_ads: 0.490, bed_util_des: 0.489, des_th: 0.48903964404035827,frac_lost: 0.107, li_recovered:  8.285, time: 0.006688327999654575
L: 7.32, u_super: 0.00413 — INFEASIBLE (li_recovered=0.000e+00), time: 0.002062411000224529
L: 0.50, u_super: 0.00427, sec: 235.879, prod: 0.095118, t_ads: 45.5, t_des: 44.5, bed_util_ads: 0.488, bed_util_des: 0.487, des_th: 0.4873500669041432,frac_lost: 0.105, li_recovered:  8.558, time: 0.005390288000853616
L: 25.26, u_super: 0.00621 — INFEASIBLE (li_recovered=0.000e+00), time: 0.0011407210004108492
L: 12.43, u_super: 0.00501 — INFEASIBLE (li_recovered=0.000e+00), time: 0.001599090999661712
L: 0.50, u_super: 0.00042, sec: 25.884, prod: 0.008014, t_ads: 414.7, t_des: 358.5, bed_util_ads: 0.466, bed_util_des: 0.466, des_th: 0.46583101375142033,frac_lost: 0.101, li_recovered:  6.196, time: 0.004738509000162594
L: 0.50, u_super: 0.00795, sec: 453.573, prod: 0.179543, t_ads: 24.7, t_des: 22.1, bed_util_ads: 0.500, bed_util_des: 0.500, des_th: 0.49999981436423324,frac_lost: 0.109, li_recovered:  8.399, time: 0.004613520999555476
L: 0.50, u_super: 0.00990, sec: 5296.018, prod: 0.024451, t_ads: 19.8, t_des: 339.3, bed_util_ads: 0.187, bed_util_des: 0.184, des_th: 0.18375000084409512,frac_lost: 0.104, li_recovered:  8.780, time: 0.041593302999899606
L: 0.50, u_super: 0.00238, sec: 128.846, prod: 0.052510, t_ads: 81.2, t_des: 70.4, bed_util_ads: 0.500, bed_util_des: 0.499, des_th: 0.4992748568532977,frac_lost: 0.106, li_recovered:  7.961, time: 0.004739784000776126
L: 0.50, u_super: 0.00659, sec: 368.687, prod: 0.149381, t_ads: 29.4, t_des: 26.6, bed_util_ads: 0.498, bed_util_des: 0.498, des_th: 0.4979543155157151,frac_lost: 0.101, li_recovered:  8.367, time: 0.006286620999162551
L: 0.50, u_super: 0.00041, sec: 24.299, prod: 0.008214, t_ads: 429.7, t_des: 448.8, bed_util_ads: 0.444, bed_util_des: 0.439, des_th: 0.439555097177647,frac_lost: 0.101, li_recovered:  7.215, time: 0.005303808000462595
L: 0.50, u_super: 0.00837, sec: 479.535, prod: 0.189098, t_ads: 23.4, t_des: 21.5, bed_util_ads: 0.498, bed_util_des: 0.498, des_th: 0.49792614818843983,frac_lost: 0.108, li_recovered:  8.492, time: 0.006398024999725749
L: 0.50, u_super: 0.00907, sec: 523.201, prod: 0.205355, t_ads: 21.6, t_des: 19.6, bed_util_ads: 0.500, bed_util_des: 0.500, des_th: 0.49967735599033564,frac_lost: 0.106, li_recovered:  8.452, time: 0.007541536999269738
L: 18.46, u_super: 0.00057 — INFEASIBLE (li_recovered=0.000e+00), time: 0.0010443920000398066
L: 0.50, u_super: 0.00462, sec: 253.224, prod: 0.103962, t_ads: 42.1, t_des: 37.5, bed_util_ads: 0.499, bed_util_des: 0.499, des_th: 0.49912081916417905,frac_lost: 0.104, li_recovered:  8.277, time: 0.0057626760008133715
L: 0.50, u_super: 0.00351, sec: 190.312, prod: 0.078590, t_ads: 55.5, t_des: 51.2, bed_util_ads: 0.494, bed_util_des: 0.493, des_th: 0.4932649773922174,frac_lost: 0.107, li_recovered:  8.382, time: 0.005969859001197619
L: 0.50, u_super: 0.00501, sec: 275.396, prod: 0.113091, t_ads: 38.7, t_des: 35.0, bed_util_ads: 0.497, bed_util_des: 0.497, des_th: 0.49726155729361615,frac_lost: 0.103, li_recovered:  8.343, time: 0.006639424000240979
L: 0.50, u_super: 0.00193, sec: 104.850, prod: 0.042369, t_ads: 99.1, t_des: 85.7, bed_util_ads: 0.499, bed_util_des: 0.499, des_th: 0.4987038243367021,frac_lost: 0.103, li_recovered:  7.831, time: 0.007786502999806544
L: 0.50, u_super: 0.00118, sec: 63.884, prod: 0.025497, t_ads: 161.7, t_des: 146.9, bed_util_ads: 0.487, bed_util_des: 0.486, des_th: 0.4863893241999766,frac_lost: 0.107, li_recovered:  7.868, time: 0.005718287000490818
L: 0.50, u_super: 0.00476, sec: 261.360, prod: 0.107190, t_ads: 40.9, t_des: 36.8, bed_util_ads: 0.499, bed_util_des: 0.499, des_th: 0.49911693071863267,frac_lost: 0.106, li_recovered:  8.336, time: 0.0067151999992347555
L: 0.50, u_super: 0.00192, sec: 103.207, prod: 0.042387, t_ads: 100.6, t_des: 93.9, bed_util_ads: 0.488, bed_util_des: 0.488, des_th: 0.48755570473137966,frac_lost: 0.107, li_recovered:  8.242, time: 0.0057968580003944226
   743 |    29720 |     40 |  0.0050174824 |             f
L: 0.50, u_super: 0.00549, sec: 303.045, prod: 0.123918, t_ads: 35.3, t_des: 31.7, bed_util_ads: 0.500, bed_util_des: 0.500, des_th: 0.4996769780207915,frac_lost: 0.101, li_recovered:  8.309, time: 0.007424100998832728
L: 0.50, u_super: 0.00137, sec: 74.095, prod: 0.029992, t_ads: 139.3, t_des: 128.3, bed_util_ads: 0.487, bed_util_des: 0.486, des_th: 0.4863893241999766,frac_lost: 0.107, li_recovered:  8.025, time: 0.005264859999442706
L: 0.50, u_super: 0.00462, sec: 253.118, prod: 0.103811, t_ads: 42.2, t_des: 37.6, bed_util_ads: 0.500, bed_util_des: 0.499, des_th: 0.499504721146038,frac_lost: 0.106, li_recovered:  8.286, time: 0.007042705999992904
L: 0.50, u_super: 0.00960, sec: 557.474, prod: 0.217739, t_ads: 20.3, t_des: 18.4, bed_util_ads: 0.499, bed_util_des: 0.499, des_th: 0.4987663316999967,frac_lost: 0.105, li_recovered:  8.445, time: 0.00542688099994848
L: 0.50, u_super: 0.00944, sec: 546.484, prod: 0.213985, t_ads: 20.7, t_des: 18.8, bed_util_ads: 0.500, bed_util_des: 0.499, des_th: 0.4993984314716565,frac_lost: 0.104, li_recovered:  8.449, time: 0.006635730000198237
L: 0.50, u_super: 0.00278, sec: 149.336, prod: 0.062070, t_ads: 69.5, t_des: 63.3, bed_util_ads: 0.495, bed_util_des: 0.494, des_th: 0.49432448561859954,frac_lost: 0.103, li_recovered:  8.240, time: 0.005954137999651721
L: 0.50, u_super: 0.00242, sec: 130.531, prod: 0.053791, t_ads: 79.6, t_des: 76.0, bed_util_ads: 0.487, bed_util_des: 0.487, des_th: 0.4865525134583752,frac_lost: 0.104, li_recovered:  8.373, time: 0.006733015999998315
L: 0.50, u_super: 0.00428, sec: 234.335, prod: 0.096129, t_ads: 45.5, t_des: 40.5, bed_util_ads: 0.499, bed_util_des: 0.499, des_th: 0.49928480083447013,frac_lost: 0.108, li_recovered:  8.269, time: 0.004753102000904619
L: 0.50, u_super: 0.00005, sec: 4.339, prod: 0.000667, t_ads: 3353.7, t_des: 5557.4, bed_util_ads: 0.253, bed_util_des: 0.190, des_th: 0.1901736532811949,frac_lost: 0.101, li_recovered:  5.945, time: 0.011114901999462745
L: 0.50, u_super: 0.00528, sec: 290.807, prod: 0.119253, t_ads: 36.8, t_des: 33.8, bed_util_ads: 0.497, bed_util_des: 0.497, des_th: 0.4967867778725946,frac_lost: 0.102, li_recovered:  8.410, time: 0.007529897000495112
L: 0.50, u_super: 0.00501, sec: 275.274, prod: 0.113141, t_ads: 38.7, t_des: 35.1, bed_util_ads: 0.497, bed_util_des: 0.497, des_th: 0.4971243264533345,frac_lost: 0.102, li_recovered:  8.346, time: 0.00939320599900384
L: 14.01, u_super: 0.00021 — INFEASIBLE (li_recovered=0.000e+00), time: 0.0009647250008129049
L: 26.85, u_super: 0.00710 — INFEASIBLE (li_recovered=0.000e+00), time: 0.0023639709997951286
L: 0.50, u_super: 0.00153, sec: 84.269, prod: 0.032989, t_ads: 124.9, t_des: 105.2, bed_util_ads: 0.499, bed_util_des: 0.499, des_th: 0.49884000763523356,frac_lost: 0.107, li_recovered:  7.589, time: 0.007432443000652711
L: 0.50, u_super: 0.00940, sec: 2508.609, prod: 0.046233, t_ads: 20.9, t_des: 168.8, bed_util_ads: 0.250, bed_util_des: 0.248, des_th: 0.24776013569200164,frac_lost: 0.107, li_recovered:  8.773, time: 0.025545088999933796
L: 0.50, u_super: 0.00144, sec: 77.531, prod: 0.031424, t_ads: 132.7, t_des: 119.7, bed_util_ads: 0.491, bed_util_des: 0.490, des_th: 0.49045959392007993,frac_lost: 0.104, li_recovered:  7.932, time: 0.00562938899929577
L: 0.50, u_super: 0.00041, sec: 24.245, prod: 0.008232, t_ads: 429.3, t_des: 439.1, bed_util_ads: 0.446, bed_util_des: 0.442, des_th: 0.442579936844259,frac_lost: 0.102, li_recovered:  7.148, time: 0.007732418000159669
L: 19.32, u_super: 0.00559 — INFEASIBLE (li_recovered=0.000e+00), time: 0.0029893129994889023
L: 0.50, u_super: 0.00078, sec: 43.030, prod: 0.016574, t_ads: 237.7, t_des: 228.7, bed_util_ads: 0.472, bed_util_des: 0.470, des_th: 0.4704415024734838,frac_lost: 0.101, li_recovered:  7.729, time: 0.008380926999961957
L: 0.50, u_super: 0.00043, sec: 25.178, prod: 0.008633, t_ads: 415.0, t_des: 420.5, bed_util_ads: 0.449, bed_util_des: 0.445, des_th: 0.44512089076324546,frac_lost: 0.104, li_recovered:  7.213, time: 0.008316232999277418
L: 0.50, u_super: 0.00653, sec: 364.787, prod: 0.147746, t_ads: 29.8, t_des: 26.9, bed_util_ads: 0.499, bed_util_des: 0.499, des_th: 0.49884000763523356,frac_lost: 0.102, li_recovered:  8.374, time: 0.007968779998918762
L: 0.50, u_super: 0.00082 — INFEASIBLE (li_recovered=0.000e+00), time: 0.004231336000884767
L: 0.50, u_super: 0.00807, sec: 460.452, prod: 0.182521, t_ads: 24.2, t_des: 22.3, bed_util_ads: 0.497, bed_util_des: 0.497, des_th: 0.4971792361995645,frac_lost: 0.106, li_recovered:  8.486, time: 0.009980263999750605
L: 0.50, u_super: 0.00990, sec: 579.312, prod: 0.223530, t_ads: 19.7, t_des: 18.8, bed_util_ads: 0.493, bed_util_des: 0.492, des_th: 0.4923705563879029,frac_lost: 0.103, li_recovered:  8.597, time: 0.009081714999410906
L: 0.50, u_super: 0.00148, sec: 81.239, prod: 0.031693, t_ads: 129.7, t_des: 109.2, bed_util_ads: 0.499, bed_util_des: 0.499, des_th: 0.4987038243367021,frac_lost: 0.108, li_recovered:  7.571, time: 0.007989812000232632
L: 0.50, u_super: 0.00795, sec: 451.613, prod: 0.180323, t_ads: 24.4, t_des: 22.0, bed_util_ads: 0.500, bed_util_des: 0.500, des_th: 0.4995551971564169,frac_lost: 0.101, li_recovered:  8.376, time: 0.006803207999837468
L: 0.50, u_super: 0.00402, sec: 219.382, prod: 0.090298, t_ads: 48.4, t_des: 43.1, bed_util_ads: 0.500, bed_util_des: 0.500, des_th: 0.4995783307596156,frac_lost: 0.106, li_recovered:  8.264, time: 0.005396643000494805
L: 0.50, u_super: 0.00372, sec: 202.332, prod: 0.083576, t_ads: 52.2, t_des: 47.9, bed_util_ads: 0.495, bed_util_des: 0.495, des_th: 0.49467122257694296,frac_lost: 0.107, li_recovered:  8.365, time: 0.008626982998976018
L: 0.50, u_super: 0.00118, sec: 81.063, prod: 0.020094, t_ads: 162.6, t_des: 254.7, bed_util_ads: 0.417, bed_util_des: 0.412, des_th: 0.411992312462388,frac_lost: 0.102, li_recovered:  8.384, time: 0.007590285000333097
L: 0.50, u_super: 0.00974, sec: 5104.415, prod: 0.024489, t_ads: 20.1, t_des: 338.4, bed_util_ads: 0.188, bed_util_des: 0.185, des_th: 0.1851696623157332,frac_lost: 0.104, li_recovered:  8.780, time: 0.048389536001195665
L: 0.50, u_super: 0.00773, sec: 439.586, prod: 0.174816, t_ads: 25.3, t_des: 23.2, bed_util_ads: 0.498, bed_util_des: 0.498, des_th: 0.49792614818843983,frac_lost: 0.107, li_recovered:  8.477, time: 0.00906333300008555
L: 0.50, u_super: 0.00679, sec: 388.975, prod: 0.150402, t_ads: 28.8, t_des: 28.7, bed_util_ads: 0.488, bed_util_des: 0.487, des_th: 0.48724488370796254,frac_lost: 0.107, li_recovered:  8.647, time: 0.006203517999892938
L: 0.50, u_super: 0.00095 — INFEASIBLE (li_recovered=0.000e+00), time: 0.004006008999567712
L: 0.50, u_super: 0.00985, sec: 573.466, prod: 0.223256, t_ads: 19.8, t_des: 18.0, bed_util_ads: 0.500, bed_util_des: 0.499, des_th: 0.499488811164405,frac_lost: 0.105, li_recovered:  8.453, time: 0.006661784000243642
L: 0.50, u_super: 0.00526, sec: 289.430, prod: 0.118792, t_ads: 36.8, t_des: 34.2, bed_util_ads: 0.495, bed_util_des: 0.494, des_th: 0.4944907978178019,frac_lost: 0.101, li_recovered:  8.444, time: 0.008100985000055516
L: 0.50, u_super: 0.00352, sec: 191.037, prod: 0.079021, t_ads: 54.7, t_des: 48.5, bed_util_ads: 0.499, bed_util_des: 0.499, des_th: 0.4985300246330183,frac_lost: 0.100, li_recovered:  8.158, time: 0.008293885999592021
L: 0.50, u_super: 0.00082, sec: 45.393, prod: 0.017516, t_ads: 227.8, t_des: 219.0, bed_util_ads: 0.474, bed_util_des: 0.472, des_th: 0.47199158051646334,frac_lost: 0.106, li_recovered:  7.826, time: 0.005771070998889627
L: 0.50, u_super: 0.00557, sec: 308.017, prod: 0.125788, t_ads: 34.9, t_des: 32.0, bed_util_ads: 0.497, bed_util_des: 0.497, des_th: 0.4968600385502079,frac_lost: 0.104, li_recovered:  8.416, time: 0.006140729999970063
L: 0.50, u_super: 0.00302, sec: 163.639, prod: 0.067381, t_ads: 63.9, t_des: 56.1, bed_util_ads: 0.499, bed_util_des: 0.499, des_th: 0.49884000763523356,frac_lost: 0.102, li_recovered:  8.082, time: 0.005140014000062365
L: 0.50, u_super: 0.00614, sec: 341.801, prod: 0.139061, t_ads: 31.6, t_des: 28.6, bed_util_ads: 0.498, bed_util_des: 0.498, des_th: 0.4979990181399531,frac_lost: 0.101, li_recovered:  8.364, time: 0.005777175998446182
   744 |    29760 |     40 |  0.0018101945 |             f
L: 0.50, u_super: 0.00838, sec: 479.472, prod: 0.189833, t_ads: 23.3, t_des: 21.2, bed_util_ads: 0.498, bed_util_des: 0.498, des_th: 0.49793450450401716,frac_lost: 0.105, li_recovered:  8.441, time: 0.005403814999226597
L: 0.50, u_super: 0.00771, sec: 455.909, prod: 0.167580, t_ads: 25.2, t_des: 26.6, bed_util_ads: 0.479, bed_util_des: 0.479, des_th: 0.47860292557354717,frac_lost: 0.100, li_recovered:  8.683, time: 0.004764407000038773
L: 0.50, u_super: 0.00710, sec: 400.587, prod: 0.160501, t_ads: 27.5, t_des: 24.8, bed_util_ads: 0.499, bed_util_des: 0.499, des_th: 0.49884000763523356,frac_lost: 0.107, li_recovered:  8.392, time: 0.006625932999668294
L: 0.50, u_super: 0.00242, sec: 130.531, prod: 0.053791, t_ads: 79.6, t_des: 76.0, bed_util_ads: 0.487, bed_util_des: 0.487, des_th: 0.4865525134583752,frac_lost: 0.104, li_recovered:  8.373, time: 0.004696630001490121
L: 0.50, u_super: 0.00557, sec: 307.542, prod: 0.125982, t_ads: 34.8, t_des: 32.0, bed_util_ads: 0.497, bed_util_des: 0.497, des_th: 0.49663990162342847,frac_lost: 0.101, li_recovered:  8.412, time: 0.005943895001109922
L: 46.24, u_super: 0.00629 — INFEASIBLE (li_recovered=0.000e+00), time: 0.0011180270012118854
L: 0.50, u_super: 0.00614, sec: 341.809, prod: 0.139057, t_ads: 31.6, t_des: 28.6, bed_util_ads: 0.498, bed_util_des: 0.498, des_th: 0.4975188174214669,frac_lost: 0.101, li_recovered:  8.369, time: 0.00472551500024565
L: 0.50, u_super: 0.00462, sec: 253.130, prod: 0.103806, t_ads: 42.2, t_des: 37.5, bed_util_ads: 0.499, bed_util_des: 0.499, des_th: 0.49910808507014,frac_lost: 0.105, li_recovered:  8.273, time: 0.004365098000562284
L: 0.50, u_super: 0.00590, sec: 327.010, prod: 0.133460, t_ads: 32.9, t_des: 29.8, bed_util_ads: 0.497, bed_util_des: 0.497, des_th: 0.49727641145418533,frac_lost: 0.101, li_recovered:  8.363, time: 0.004261719999703928
L: 9.30, u_super: 0.00672 — INFEASIBLE (li_recovered=0.000e+00), time: 0.0024942490017565433
L: 0.50, u_super: 0.00230, sec: 123.957, prod: 0.051038, t_ads: 83.8, t_des: 80.0, bed_util_ads: 0.487, bed_util_des: 0.486, des_th: 0.48653972440180515,frac_lost: 0.104, li_recovered:  8.360, time: 0.0066207500003656605
L: 0.50, u_super: 0.00710, sec: 400.588, prod: 0.160501, t_ads: 27.5, t_des: 25.0, bed_util_ads: 0.499, bed_util_des: 0.498, des_th: 0.49841529726730416,frac_lost: 0.107, li_recovered:  8.435, time: 0.0059086019991809735
L: 0.50, u_super: 0.00591, sec: 328.404, prod: 0.133585, t_ads: 32.9, t_des: 29.4, bed_util_ads: 0.500, bed_util_des: 0.500, des_th: 0.4996769780207915,frac_lost: 0.102, li_recovered:  8.317, time: 0.004968033999830368
L: 0.50, u_super: 0.00178, sec: 97.177, prod: 0.038811, t_ads: 107.3, t_des: 91.7, bed_util_ads: 0.498, bed_util_des: 0.498, des_th: 0.4979213394976767,frac_lost: 0.103, li_recovered:  7.723, time: 0.00554259899945464
L: 0.50, u_super: 0.00470, sec: 258.137, prod: 0.105705, t_ads: 41.4, t_des: 36.9, bed_util_ads: 0.499, bed_util_des: 0.499, des_th: 0.49912445224116564,frac_lost: 0.106, li_recovered:  8.282, time: 0.004989936998754274
L: 24.00, u_super: 0.00041 — INFEASIBLE (li_recovered=0.000e+00), time: 0.0011444520005170489
L: 0.50, u_super: 0.00056 — INFEASIBLE (li_recovered=0.000e+00), time: 0.0024729950000619283
L: 0.50, u_super: 0.00501, sec: 275.388, prod: 0.113095, t_ads: 38.7, t_des: 35.1, bed_util_ads: 0.497, bed_util_des: 0.497, des_th: 0.4972195250030159,frac_lost: 0.103, li_recovered:  8.344, time: 0.0045588610009872355
L: 0.50, u_super: 0.00671, sec: 375.766, prod: 0.151835, t_ads: 28.9, t_des: 25.9, bed_util_ads: 0.500, bed_util_des: 0.500, des_th: 0.4999241938309981,frac_lost: 0.101, li_recovered:  8.318, time: 0.0048695049990783446
L: 0.50, u_super: 0.00842, sec: 513.161, prod: 0.179315, t_ads: 23.2, t_des: 25.3, bed_util_ads: 0.476, bed_util_des: 0.476, des_th: 0.47607904191283673,frac_lost: 0.107, li_recovered:  8.705, time: 0.0063627309991716174
L: 0.50, u_super: 0.00302, sec: 163.639, prod: 0.067381, t_ads: 63.9, t_des: 56.1, bed_util_ads: 0.499, bed_util_des: 0.499, des_th: 0.49884000763523356,frac_lost: 0.102, li_recovered:  8.082, time: 0.004647122001188109
L: 0.50, u_super: 0.00730, sec: 420.885, prod: 0.162026, t_ads: 26.8, t_des: 26.6, bed_util_ads: 0.487, bed_util_des: 0.486, des_th: 0.4863131311934421,frac_lost: 0.107, li_recovered:  8.652, time: 0.00870434599892178
L: 0.50, u_super: 0.00751, sec: 426.172, prod: 0.169706, t_ads: 26.1, t_des: 23.7, bed_util_ads: 0.499, bed_util_des: 0.499, des_th: 0.4989972700755709,frac_lost: 0.109, li_recovered:  8.448, time: 0.006756636999853072
L: 0.50, u_super: 0.00082, sec: 46.396, prod: 0.017138, t_ads: 225.2, t_des: 193.5, bed_util_ads: 0.487, bed_util_des: 0.487, des_th: 0.4866094477230719,frac_lost: 0.102, li_recovered:  7.175, time: 0.006505982000817312
L: 0.50, u_super: 0.00118, sec: 63.931, prod: 0.025478, t_ads: 161.8, t_des: 146.3, bed_util_ads: 0.487, bed_util_des: 0.486, des_th: 0.48637172985498434,frac_lost: 0.107, li_recovered:  7.849, time: 0.005246386999715469
L: 0.50, u_super: 0.00005, sec: 4.331, prod: 0.000668, t_ads: 3399.2, t_des: 5783.6, bed_util_ads: 0.251, bed_util_des: 0.185, des_th: 0.1851696623157332,frac_lost: 0.100, li_recovered:  6.138, time: 0.007084081000357401
L: 0.50, u_super: 0.00360, sec: 195.835, prod: 0.080538, t_ads: 54.0, t_des: 47.8, bed_util_ads: 0.499, bed_util_des: 0.499, des_th: 0.49882289082633746,frac_lost: 0.107, li_recovered:  8.199, time: 0.005759536999903503
L: 0.50, u_super: 0.00272, sec: 147.227, prod: 0.060237, t_ads: 70.9, t_des: 61.6, bed_util_ads: 0.500, bed_util_des: 0.499, des_th: 0.49942415281377783,frac_lost: 0.102, li_recovered:  7.982, time: 0.0053680340006394545
L: 0.50, u_super: 0.00206, sec: 110.927, prod: 0.045743, t_ads: 93.5, t_des: 86.6, bed_util_ads: 0.490, bed_util_des: 0.489, des_th: 0.4894596424480279,frac_lost: 0.106, li_recovered:  8.237, time: 0.005821785000080126
L: 0.50, u_super: 0.00513, sec: 282.523, prod: 0.115791, t_ads: 37.9, t_des: 34.2, bed_util_ads: 0.497, bed_util_des: 0.497, des_th: 0.49727641145418533,frac_lost: 0.104, li_recovered:  8.349, time: 0.00464967499829072
L: 0.50, u_super: 0.00337, sec: 182.781, prod: 0.075240, t_ads: 57.9, t_des: 54.0, bed_util_ads: 0.493, bed_util_des: 0.492, des_th: 0.49226658526379985,frac_lost: 0.109, li_recovered:  8.420, time: 0.00599942700137035
L: 0.50, u_super: 0.00439, sec: 240.018, prod: 0.098538, t_ads: 44.4, t_des: 39.6, bed_util_ads: 0.499, bed_util_des: 0.499, des_th: 0.49928480083447013,frac_lost: 0.106, li_recovered:  8.280, time: 0.005305076998411096
L: 0.50, u_super: 0.00950, sec: 551.236, prod: 0.215461, t_ads: 20.6, t_des: 18.6, bed_util_ads: 0.499, bed_util_des: 0.499, des_th: 0.4987588101774637,frac_lost: 0.105, li_recovered:  8.442, time: 0.0060517010006151395
L: 0.50, u_super: 0.00954, sec: 555.520, prod: 0.215493, t_ads: 20.5, t_des: 19.3, bed_util_ads: 0.494, bed_util_des: 0.494, des_th: 0.49431467842190824,frac_lost: 0.106, li_recovered:  8.569, time: 0.004701023000961868
L: 37.56, u_super: 0.00757 — INFEASIBLE (li_recovered=0.000e+00), time: 0.0012580760012497194
L: 0.50, u_super: 0.00261, sec: 141.112, prod: 0.058018, t_ads: 73.9, t_des: 64.9, bed_util_ads: 0.499, bed_util_des: 0.499, des_th: 0.49874480905841817,frac_lost: 0.104, li_recovered:  8.050, time: 0.005652074998579337
L: 15.43, u_super: 0.00755 — INFEASIBLE (li_recovered=0.000e+00), time: 0.0022594330002903007
L: 0.50, u_super: 0.00242, sec: 131.277, prod: 0.053485, t_ads: 79.7, t_des: 69.0, bed_util_ads: 0.500, bed_util_des: 0.500, des_th: 0.4997251538545655,frac_lost: 0.105, li_recovered:  7.952, time: 0.005726737999793841
L: 4.41, u_super: 0.00771 — INFEASIBLE (li_recovered=0.000e+00), time: 0.0031127920010476373
L: 0.50, u_super: 0.00990, sec: 590.908, prod: 0.219144, t_ads: 19.7, t_des: 19.9, bed_util_ads: 0.486, bed_util_des: 0.486, des_th: 0.4859807253259888,frac_lost: 0.104, li_recovered:  8.685, time: 0.004857335001361207
   745 |    29800 |     40 |  0.0026632241 |             f
L: 0.50, u_super: 0.00005 — INFEASIBLE (li_recovered=0.000e+00), time: 0.001770329999999376
L: 71.82, u_super: 0.00165 — INFEASIBLE (li_recovered=0.000e+00), time: 0.0007419579997076653
L: 0.50, u_super: 0.00990, sec: 580.015, prod: 0.223259, t_ads: 19.8, t_des: 18.7, bed_util_ads: 0.493, bed_util_des: 0.493, des_th: 0.49312256981318625,frac_lost: 0.106, li_recovered:  8.597, time: 0.005719275999581441
L: 17.25, u_super: 0.00818 — INFEASIBLE (li_recovered=0.000e+00), time: 0.0032733890002418775
L: 4.57, u_super: 0.00813, sec: 4557.637, prod: 0.171295, t_ads: 211.3, t_des: 184.0, bed_util_ads: 0.488, bed_util_des: 0.487, des_th: 0.48753801409312564,frac_lost: 0.107, li_recovered:  67.697, time: 0.004120640000110143
L: 25.21, u_super: 0.00671 — INFEASIBLE (li_recovered=0.000e+00), time: 0.0015792320009495597
L: 0.50, u_super: 0.00492, sec: 270.552, prod: 0.110834, t_ads: 39.5, t_des: 35.2, bed_util_ads: 0.499, bed_util_des: 0.499, des_th: 0.49911443213444695,frac_lost: 0.104, li_recovered:  8.283, time: 0.0048525219990551705
L: 0.50, u_super: 0.00206, sec: 110.600, prod: 0.045878, t_ads: 92.7, t_des: 86.6, bed_util_ads: 0.490, bed_util_des: 0.489, des_th: 0.4893117567838139,frac_lost: 0.100, li_recovered:  8.228, time: 0.004262168999048299
L: 0.50, u_super: 0.00118 — INFEASIBLE (li_recovered=0.000e+00), time: 0.0029344630002015037
L: 27.44, u_super: 0.00864 — INFEASIBLE (li_recovered=0.000e+00), time: 0.0022825779997219797
L: 0.50, u_super: 0.00960, sec: 5124.908, prod: 0.023685, t_ads: 20.5, t_des: 350.3, bed_util_ads: 0.187, bed_util_des: 0.184, des_th: 0.18371356616300846,frac_lost: 0.106, li_recovered:  8.783, time: 0.045920680999188335
L: 0.50, u_super: 0.00082 — INFEASIBLE (li_recovered=0.000e+00), time: 0.0026025650004157797
L: 0.50, u_super: 0.00945, sec: 556.197, prod: 0.211131, t_ads: 20.7, t_des: 20.3, bed_util_ads: 0.489, bed_util_des: 0.489, des_th: 0.4891020863558904,frac_lost: 0.105, li_recovered:  8.657, time: 0.006627566001043306
L: 0.50, u_super: 0.00470, sec: 257.786, prod: 0.105894, t_ads: 41.4, t_des: 37.7, bed_util_ads: 0.497, bed_util_des: 0.497, des_th: 0.4971243264533345,frac_lost: 0.106, li_recovered:  8.377, time: 0.004428360000019893
L: 0.50, u_super: 0.00178, sec: 97.245, prod: 0.038784, t_ads: 107.4, t_des: 91.5, bed_util_ads: 0.500, bed_util_des: 0.499, des_th: 0.4996128643160487,frac_lost: 0.104, li_recovered:  7.714, time: 0.006245104999834439
L: 0.50, u_super: 0.00383, sec: 209.909, prod: 0.085399, t_ads: 50.6, t_des: 49.2, bed_util_ads: 0.488, bed_util_des: 0.487, des_th: 0.487439688326543,frac_lost: 0.104, li_recovered:  8.524, time: 0.006196774000272853
L: 0.50, u_super: 0.00337, sec: 181.821, prod: 0.075637, t_ads: 57.2, t_des: 53.5, bed_util_ads: 0.493, bed_util_des: 0.492, des_th: 0.49226658526379985,frac_lost: 0.100, li_recovered:  8.378, time: 0.005184921999898506
L: 0.50, u_super: 0.00429, sec: 268.167, prod: 0.084279, t_ads: 45.2, t_des: 57.3, bed_util_ads: 0.455, bed_util_des: 0.454, des_th: 0.4539512444353252,frac_lost: 0.102, li_recovered:  8.645, time: 0.005483078000906971
L: 0.50, u_super: 0.00612, sec: 341.827, prod: 0.138093, t_ads: 31.7, t_des: 30.0, bed_util_ads: 0.493, bed_util_des: 0.493, des_th: 0.49264784082144064,frac_lost: 0.102, li_recovered:  8.531, time: 0.006417687000066508
L: 17.77, u_super: 0.00716 — INFEASIBLE (li_recovered=0.000e+00), time: 0.0022717179999744985
L: 0.50, u_super: 0.00005, sec: 4.330, prod: 0.000669, t_ads: 3401.4, t_des: 5783.9, bed_util_ads: 0.252, bed_util_des: 0.185, des_th: 0.18533623145651124,frac_lost: 0.100, li_recovered:  6.141, time: 0.005851075000464334
L: 0.50, u_super: 0.00793, sec: 450.352, prod: 0.180000, t_ads: 24.5, t_des: 22.1, bed_util_ads: 0.500, bed_util_des: 0.500, des_th: 0.49986086817422776,frac_lost: 0.100, li_recovered:  8.386, time: 0.004468864000955364
L: 0.50, u_super: 0.00343, sec: 186.094, prod: 0.076533, t_ads: 56.9, t_des: 53.2, bed_util_ads: 0.492, bed_util_des: 0.492, des_th: 0.4920495558461849,frac_lost: 0.109, li_recovered:  8.427, time: 0.004712711999673047
L: 37.40, u_super: 0.00916 — INFEASIBLE (li_recovered=0.000e+00), time: 0.001286198999878252
L: 0.50, u_super: 0.00653, sec: 364.508, prod: 0.147859, t_ads: 29.7, t_des: 26.9, bed_util_ads: 0.499, bed_util_des: 0.499, des_th: 0.4988500277419523,frac_lost: 0.100, li_recovered:  8.365, time: 0.004183241000646376
L: 0.50, u_super: 0.00730, sec: 413.427, prod: 0.164949, t_ads: 26.8, t_des: 24.5, bed_util_ads: 0.497, bed_util_des: 0.497, des_th: 0.4968278185299436,frac_lost: 0.108, li_recovered:  8.473, time: 0.004481031999603147
L: 0.50, u_super: 0.00043, sec: 25.776, prod: 0.008433, t_ads: 417.2, t_des: 465.3, bed_util_ads: 0.436, bed_util_des: 0.430, des_th: 0.4305593190786908,frac_lost: 0.102, li_recovered:  7.442, time: 0.0050759400000970345
L: 0.50, u_super: 0.00005 — INFEASIBLE (li_recovered=0.000e+00), time: 0.0008831470004224684
L: 0.50, u_super: 0.00990, sec: 616.952, prod: 0.209893, t_ads: 19.7, t_des: 21.8, bed_util_ads: 0.474, bed_util_des: 0.474, des_th: 0.4738992941163767,frac_lost: 0.104, li_recovered:  8.714, time: 0.0047396720001415815
L: 0.50, u_super: 0.00193, sec: 103.651, prod: 0.042648, t_ads: 100.0, t_des: 92.4, bed_util_ads: 0.490, bed_util_des: 0.489, des_th: 0.4894596424480279,frac_lost: 0.107, li_recovered:  8.203, time: 0.005879570999240968
L: 0.50, u_super: 0.00780, sec: 442.771, prod: 0.176763, t_ads: 24.9, t_des: 22.5, bed_util_ads: 0.499, bed_util_des: 0.499, des_th: 0.49884000763523356,frac_lost: 0.102, li_recovered:  8.384, time: 0.005049676999988151
L: 0.50, u_super: 0.00352, sec: 192.604, prod: 0.078330, t_ads: 55.1, t_des: 53.6, bed_util_ads: 0.487, bed_util_des: 0.487, des_th: 0.48653972440180515,frac_lost: 0.105, li_recovered:  8.513, time: 0.004338455000834074
L: 0.50, u_super: 0.00920, sec: 562.833, prod: 0.196821, t_ads: 21.3, t_des: 23.0, bed_util_ads: 0.477, bed_util_des: 0.477, des_th: 0.47694147188300584,frac_lost: 0.106, li_recovered:  8.709, time: 0.005252202001429396
L: 0.50, u_super: 0.00838, sec: 479.986, prod: 0.189630, t_ads: 23.3, t_des: 21.4, bed_util_ads: 0.497, bed_util_des: 0.497, des_th: 0.4970538186630979,frac_lost: 0.106, li_recovered:  8.487, time: 0.005132770998898195
L: 0.50, u_super: 0.00549, sec: 303.346, prod: 0.123795, t_ads: 35.4, t_des: 31.7, bed_util_ads: 0.500, bed_util_des: 0.500, des_th: 0.4996769780207915,frac_lost: 0.103, li_recovered:  8.316, time: 0.00406305400065321
L: 0.50, u_super: 0.00118, sec: 64.949, prod: 0.025079, t_ads: 161.4, t_des: 137.7, bed_util_ads: 0.494, bed_util_des: 0.494, des_th: 0.4939859668205137,frac_lost: 0.106, li_recovered:  7.499, time: 0.0050250360000063665
L: 0.50, u_super: 0.00712, sec: 474.056, prod: 0.136553, t_ads: 27.4, t_des: 36.3, bed_util_ads: 0.451, bed_util_des: 0.450, des_th: 0.4504394426940272,frac_lost: 0.105, li_recovered:  8.702, time: 0.0049460299997008406
L: 0.50, u_super: 0.00114 — INFEASIBLE (li_recovered=0.000e+00), time: 0.0027404850006860215
L: 0.50, u_super: 0.00549, sec: 303.010, prod: 0.123932, t_ads: 35.3, t_des: 31.7, bed_util_ads: 0.500, bed_util_des: 0.500, des_th: 0.4995647518563415,frac_lost: 0.101, li_recovered:  8.304, time: 0.005179671999940183
L: 0.50, u_super: 0.00306, sec: 166.487, prod: 0.068082, t_ads: 63.0, t_des: 61.5, bed_util_ads: 0.487, bed_util_des: 0.486, des_th: 0.4864358585814092,frac_lost: 0.102, li_recovered:  8.480, time: 0.004425537001225166
   746 |    29840 |     40 |  0.0006045984 |             f
L: 0.50, u_super: 0.00676, sec: 379.195, prod: 0.153023, t_ads: 28.7, t_des: 25.7, bed_util_ads: 0.500, bed_util_des: 0.500, des_th: 0.4999261982598029,frac_lost: 0.101, li_recovered:  8.321, time: 0.004367153000202961
L: 0.50, u_super: 0.00877, sec: 504.400, prod: 0.198433, t_ads: 22.3, t_des: 20.5, bed_util_ads: 0.498, bed_util_des: 0.498, des_th: 0.4979398211100455,frac_lost: 0.106, li_recovered:  8.495, time: 0.005010602999391267
L: 0.50, u_super: 0.00853, sec: 489.315, prod: 0.192978, t_ads: 23.0, t_des: 20.8, bed_util_ads: 0.500, bed_util_des: 0.499, des_th: 0.4993836903200512,frac_lost: 0.107, li_recovered:  8.438, time: 0.004400325000460725
L: 0.50, u_super: 0.00987, sec: 574.827, prod: 0.223740, t_ads: 19.8, t_des: 18.0, bed_util_ads: 0.499, bed_util_des: 0.499, des_th: 0.4990231661670733,frac_lost: 0.105, li_recovered:  8.452, time: 0.0050766679996741
L: 0.50, u_super: 0.00118, sec: 63.869, prod: 0.025503, t_ads: 161.4, t_des: 146.5, bed_util_ads: 0.487, bed_util_des: 0.486, des_th: 0.48635669733730386,frac_lost: 0.106, li_recovered:  7.852, time: 0.004868013000304927
L: 0.50, u_super: 0.00501, sec: 281.843, prod: 0.110527, t_ads: 38.7, t_des: 39.2, bed_util_ads: 0.484, bed_util_des: 0.483, des_th: 0.48321919504247973,frac_lost: 0.103, li_recovered:  8.618, time: 0.005164680998859694
L: 58.85, u_super: 0.00768 — INFEASIBLE (li_recovered=0.000e+00), time: 0.00115838000056101
L: 0.50, u_super: 0.00082, sec: 45.393, prod: 0.017516, t_ads: 227.8, t_des: 219.0, bed_util_ads: 0.474, bed_util_des: 0.472, des_th: 0.47199158051646334,frac_lost: 0.106, li_recovered:  7.826, time: 0.005395428999690921
L: 0.50, u_super: 0.00089, sec: 261.787, prod: 0.003580, t_ads: 220.4, t_des: 2233.9, bed_util_ads: 0.215, bed_util_des: 0.191, des_th: 0.1909622251849802,frac_lost: 0.102, li_recovered:  8.786, time: 0.02469630199993844
L: 0.50, u_super: 0.00420, sec: 229.543, prod: 0.094400, t_ads: 46.3, t_des: 41.3, bed_util_ads: 0.500, bed_util_des: 0.500, des_th: 0.4995745508639161,frac_lost: 0.106, li_recovered:  8.271, time: 0.0046533849999832455
L: 0.50, u_super: 0.00710, sec: 401.014, prod: 0.160330, t_ads: 27.6, t_des: 24.8, bed_util_ads: 0.500, bed_util_des: 0.499, des_th: 0.4994134826978058,frac_lost: 0.109, li_recovered:  8.393, time: 0.004731457000161754
L: 1.28, u_super: 0.00306, sec: 459.401, prod: 0.062962, t_ads: 159.4, t_des: 176.6, bed_util_ads: 0.462, bed_util_des: 0.459, des_th: 0.459563510446953,frac_lost: 0.107, li_recovered:  21.158, time: 0.007868340000641183
L: 0.50, u_super: 0.00832, sec: 475.777, prod: 0.188318, t_ads: 23.5, t_des: 21.6, bed_util_ads: 0.498, bed_util_des: 0.498, des_th: 0.4979109785110086,frac_lost: 0.105, li_recovered:  8.482, time: 0.005096176999359159
L: 60.55, u_super: 0.00178 — INFEASIBLE (li_recovered=0.000e+00), time: 0.0009565770014887676
L: 0.50, u_super: 0.00186, sec: 100.255, prod: 0.040990, t_ads: 103.8, t_des: 98.0, bed_util_ads: 0.487, bed_util_des: 0.486, des_th: 0.4861882075409908,frac_lost: 0.109, li_recovered:  8.272, time: 0.0044993940009590006
L: 0.50, u_super: 0.00327, sec: 177.093, prod: 0.072983, t_ads: 59.0, t_des: 51.9, bed_util_ads: 0.500, bed_util_des: 0.499, des_th: 0.4994476924204972,frac_lost: 0.101, li_recovered:  8.094, time: 0.004132412999751978
L: 0.50, u_super: 0.00667, sec: 373.751, prod: 0.150875, t_ads: 29.1, t_des: 26.0, bed_util_ads: 0.500, bed_util_des: 0.499, des_th: 0.49941763207683937,frac_lost: 0.102, li_recovered:  8.322, time: 0.004605942000125651
L: 0.50, u_super: 0.00109, sec: 71.598, prod: 0.019535, t_ads: 175.0, t_des: 251.3, bed_util_ads: 0.427, bed_util_des: 0.422, des_th: 0.42195272359037117,frac_lost: 0.103, li_recovered:  8.328, time: 0.005691480000677984
L: 0.50, u_super: 0.00049, sec: 28.177, prod: 0.009782, t_ads: 375.4, t_des: 390.3, bed_util_ads: 0.449, bed_util_des: 0.445, des_th: 0.44512089076324546,frac_lost: 0.106, li_recovered:  7.490, time: 0.0045377970000117784
L: 0.50, u_super: 0.00712, sec: 401.477, prod: 0.160824, t_ads: 27.5, t_des: 25.0, bed_util_ads: 0.499, bed_util_des: 0.499, des_th: 0.49884000763523356,frac_lost: 0.107, li_recovered:  8.448, time: 0.004416134001075989
L: 0.50, u_super: 0.00105 — INFEASIBLE (li_recovered=0.000e+00), time: 0.002653518999068183
L: 0.50, u_super: 0.00724, sec: 409.510, prod: 0.163430, t_ads: 27.1, t_des: 24.8, bed_util_ads: 0.497, bed_util_des: 0.497, des_th: 0.49667994254222014,frac_lost: 0.108, li_recovered:  8.483, time: 0.006453194999266998
L: 0.50, u_super: 0.00621, sec: 346.102, prod: 0.140325, t_ads: 31.3, t_des: 28.0, bed_util_ads: 0.500, bed_util_des: 0.499, des_th: 0.49939121664393454,frac_lost: 0.103, li_recovered:  8.321, time: 0.004512745999818435
L: 0.50, u_super: 0.00936, sec: 541.573, prod: 0.212094, t_ads: 20.9, t_des: 18.9, bed_util_ads: 0.500, bed_util_des: 0.500, des_th: 0.49973997713351614,frac_lost: 0.105, li_recovered:  8.440, time: 0.005658780999510782
L: 0.50, u_super: 0.00526, sec: 392.259, prod: 0.087634, t_ads: 37.3, t_des: 61.9, bed_util_ads: 0.422, bed_util_des: 0.420, des_th: 0.4204825630978521,frac_lost: 0.108, li_recovered:  8.694, time: 0.007384069000181626
L: 0.50, u_super: 0.00919, sec: 531.050, prod: 0.208378, t_ads: 21.2, t_des: 19.3, bed_util_ads: 0.499, bed_util_des: 0.499, des_th: 0.4988513554395533,frac_lost: 0.105, li_recovered:  8.445, time: 0.006366214000081527
L: 0.50, u_super: 0.00557, sec: 307.609, prod: 0.125955, t_ads: 34.8, t_des: 31.6, bed_util_ads: 0.497, bed_util_des: 0.497, des_th: 0.49683727082811885,frac_lost: 0.101, li_recovered:  8.364, time: 0.0049069659999076976
L: 0.50, u_super: 0.00887, sec: 519.921, prod: 0.197283, t_ads: 22.1, t_des: 21.9, bed_util_ads: 0.488, bed_util_des: 0.488, des_th: 0.48774139735541555,frac_lost: 0.106, li_recovered:  8.664, time: 0.005510127999514225
L: 0.50, u_super: 0.00282, sec: 152.691, prod: 0.062820, t_ads: 68.4, t_des: 60.0, bed_util_ads: 0.500, bed_util_des: 0.500, des_th: 0.4995783307596156,frac_lost: 0.103, li_recovered:  8.064, time: 0.005554920999202295
L: 0.50, u_super: 0.00739, sec: 418.755, prod: 0.166921, t_ads: 26.5, t_des: 24.3, bed_util_ads: 0.497, bed_util_des: 0.497, des_th: 0.49667994254222014,frac_lost: 0.108, li_recovered:  8.483, time: 0.005120953999721678
L: 0.50, u_super: 0.00402, sec: 219.396, prod: 0.090292, t_ads: 48.4, t_des: 43.2, bed_util_ads: 0.499, bed_util_des: 0.499, des_th: 0.498750296554597,frac_lost: 0.106, li_recovered:  8.265, time: 0.004469905999940238
L: 0.50, u_super: 0.00659, sec: 368.327, prod: 0.149260, t_ads: 29.4, t_des: 26.6, bed_util_ads: 0.499, bed_util_des: 0.499, des_th: 0.49887355373486375,frac_lost: 0.101, li_recovered:  8.367, time: 0.004968708000888
L: 0.50, u_super: 0.00549, sec: 302.941, prod: 0.123960, t_ads: 35.4, t_des: 32.0, bed_util_ads: 0.498, bed_util_des: 0.498, des_th: 0.4979726306921118,frac_lost: 0.102, li_recovered:  8.357, time: 0.00588752999829012
L: 0.50, u_super: 0.00909, sec: 524.854, prod: 0.205959, t_ads: 21.5, t_des: 19.3, bed_util_ads: 0.500, bed_util_des: 0.500, des_th: 0.4998413430611439,frac_lost: 0.105, li_recovered:  8.389, time: 0.005842433998623164
L: 0.50, u_super: 0.00277, sec: 149.407, prod: 0.061780, t_ads: 69.6, t_des: 61.8, bed_util_ads: 0.498, bed_util_des: 0.497, des_th: 0.49750428570018673,frac_lost: 0.102, li_recovered:  8.117, time: 0.007212553000499611
L: 0.50, u_super: 0.00986, sec: 573.848, prod: 0.223653, t_ads: 19.8, t_des: 17.8, bed_util_ads: 0.500, bed_util_des: 0.500, des_th: 0.4999244445016493,frac_lost: 0.104, li_recovered:  8.407, time: 0.005898252000406501
L: 0.50, u_super: 0.00819, sec: 467.610, prod: 0.185423, t_ads: 23.9, t_des: 21.7, bed_util_ads: 0.499, bed_util_des: 0.499, des_th: 0.4993776878578373,frac_lost: 0.106, li_recovered:  8.441, time: 0.0053027949998067925
L: 0.50, u_super: 0.00843, sec: 482.665, prod: 0.190731, t_ads: 23.2, t_des: 21.1, bed_util_ads: 0.499, bed_util_des: 0.499, des_th: 0.49911693071863267,frac_lost: 0.106, li_recovered:  8.447, time: 0.006338840999887907
L: 0.50, u_super: 0.00206, sec: 110.600, prod: 0.045878, t_ads: 92.7, t_des: 86.6, bed_util_ads: 0.490, bed_util_des: 0.489, des_th: 0.4893117567838139,frac_lost: 0.100, li_recovered:  8.228, time: 0.0047126360004767776
L: 0.50, u_super: 0.00486, sec: 266.696, prod: 0.109521, t_ads: 40.0, t_des: 36.5, bed_util_ads: 0.497, bed_util_des: 0.497, des_th: 0.4971003381979987,frac_lost: 0.105, li_recovered:  8.383, time: 0.00431294100053492
   747 |    29880 |     40 |  0.0030936761 |             f
L: 0.50, u_super: 0.00183, sec: 101.915, prod: 0.039029, t_ads: 104.6, t_des: 111.3, bed_util_ads: 0.472, bed_util_des: 0.470, des_th: 0.47030669923591145,frac_lost: 0.101, li_recovered:  8.425, time: 0.004470673000469105
L: 0.50, u_super: 0.00629, sec: 355.423, prod: 0.140374, t_ads: 30.8, t_des: 30.6, bed_util_ads: 0.487, bed_util_des: 0.487, des_th: 0.4865957587141825,frac_lost: 0.100, li_recovered:  8.616, time: 0.006976147000386845
L: 0.50, u_super: 0.00454, sec: 248.856, prod: 0.102177, t_ads: 42.8, t_des: 38.2, bed_util_ads: 0.500, bed_util_des: 0.499, des_th: 0.49941800771673645,frac_lost: 0.105, li_recovered:  8.276, time: 0.004998737000278197
L: 0.50, u_super: 0.00960, sec: 557.474, prod: 0.217739, t_ads: 20.3, t_des: 18.4, bed_util_ads: 0.499, bed_util_des: 0.499, des_th: 0.4987663316999967,frac_lost: 0.105, li_recovered:  8.445, time: 0.006133174998467439
L: 0.50, u_super: 0.00590, sec: 334.683, prod: 0.130401, t_ads: 32.9, t_des: 33.3, bed_util_ads: 0.484, bed_util_des: 0.483, des_th: 0.4834724666684242,frac_lost: 0.101, li_recovered:  8.634, time: 0.007406183000057354
L: 0.50, u_super: 0.00175, sec: 108.038, prod: 0.033792, t_ads: 110.2, t_des: 140.6, bed_util_ads: 0.448, bed_util_des: 0.445, des_th: 0.44512089076324546,frac_lost: 0.107, li_recovered:  8.472, time: 0.005363538000892731
L: 37.27, u_super: 0.00710 — INFEASIBLE (li_recovered=0.000e+00), time: 0.0022357030011335155
L: 0.50, u_super: 0.00829, sec: 475.135, prod: 0.187275, t_ads: 23.6, t_des: 21.9, bed_util_ads: 0.497, bed_util_des: 0.496, des_th: 0.4963769715324385,frac_lost: 0.108, li_recovered:  8.528, time: 0.007124821999241249
L: 0.50, u_super: 0.00117 — INFEASIBLE (li_recovered=0.000e+00), time: 0.004576958001052844
L: 0.50, u_super: 0.00170, sec: 92.238, prod: 0.037334, t_ads: 112.1, t_des: 98.3, bed_util_ads: 0.495, bed_util_des: 0.494, des_th: 0.4944907978178019,frac_lost: 0.103, li_recovered:  7.857, time: 0.006423938000807539
L: 0.50, u_super: 0.00006 — INFEASIBLE (li_recovered=0.000e+00), time: 0.0016711759999452624
L: 0.50, u_super: 0.00022, sec: 22.682, prod: 0.002435, t_ads: 874.8, t_des: 2443.7, bed_util_ads: 0.297, bed_util_des: 0.251, des_th: 0.2514645126079953,frac_lost: 0.104, li_recovered:  8.082, time: 0.011158092000187025
L: 0.50, u_super: 0.00501, sec: 275.383, prod: 0.113097, t_ads: 38.8, t_des: 35.4, bed_util_ads: 0.497, bed_util_des: 0.497, des_th: 0.4971227877810304,frac_lost: 0.103, li_recovered:  8.387, time: 0.007243462001497392
L: 0.50, u_super: 0.00477, sec: 264.850, prod: 0.105987, t_ads: 40.7, t_des: 40.3, bed_util_ads: 0.487, bed_util_des: 0.487, des_th: 0.4865620640452696,frac_lost: 0.102, li_recovered:  8.585, time: 0.006549851999807288
L: 0.50, u_super: 0.00952, sec: 552.770, prod: 0.215576, t_ads: 20.5, t_des: 19.1, bed_util_ads: 0.496, bed_util_des: 0.496, des_th: 0.49583761867587994,frac_lost: 0.104, li_recovered:  8.538, time: 0.006600320000870852
L: 5.04, u_super: 0.00804, sec: 5111.463, prod: 0.164580, t_ads: 233.3, t_des: 194.6, bed_util_ads: 0.489, bed_util_des: 0.489, des_th: 0.48935144038628053,frac_lost: 0.104, li_recovered:  70.432, time: 0.005684019999534939
L: 0.50, u_super: 0.00118 — INFEASIBLE (li_recovered=0.000e+00), time: 0.002721670000028098
L: 25.17, u_super: 0.00261 — INFEASIBLE (li_recovered=0.000e+00), time: 0.0016522290006832918
L: 0.50, u_super: 0.00451, sec: 247.110, prod: 0.101381, t_ads: 43.2, t_des: 38.4, bed_util_ads: 0.499, bed_util_des: 0.499, des_th: 0.49879130855256393,frac_lost: 0.106, li_recovered:  8.269, time: 0.0062017609998292755
L: 0.50, u_super: 0.00228, sec: 123.450, prod: 0.050335, t_ads: 84.5, t_des: 73.5, bed_util_ads: 0.499, bed_util_des: 0.499, des_th: 0.49892228344651945,frac_lost: 0.105, li_recovered:  7.955, time: 0.005446668999866233
L: 0.50, u_super: 0.00963, sec: 559.322, prod: 0.218463, t_ads: 20.3, t_des: 18.4, bed_util_ads: 0.499, bed_util_des: 0.499, des_th: 0.49928480083447013,frac_lost: 0.104, li_recovered:  8.453, time: 0.0069153780004853616
L: 0.50, u_super: 0.00005, sec: 4.324, prod: 0.000670, t_ads: 3436.3, t_des: 5867.0, bed_util_ads: 0.253, bed_util_des: 0.185, des_th: 0.1851696623157332,frac_lost: 0.103, li_recovered:  6.229, time: 0.006718377000652254
L: 0.50, u_super: 0.00353, sec: 191.277, prod: 0.079046, t_ads: 55.1, t_des: 49.8, bed_util_ads: 0.497, bed_util_des: 0.497, des_th: 0.4969944240077355,frac_lost: 0.107, li_recovered:  8.291, time: 0.005347153999537113
L: 0.50, u_super: 0.00047 — INFEASIBLE (li_recovered=0.000e+00), time: 0.00335267500122427
L: 0.50, u_super: 0.00414, sec: 226.502, prod: 0.092891, t_ads: 46.9, t_des: 41.4, bed_util_ads: 0.500, bed_util_des: 0.500, des_th: 0.4998493848560303,frac_lost: 0.105, li_recovered:  8.201, time: 0.004698517001088476
L: 0.50, u_super: 0.00556, sec: 307.209, prod: 0.125734, t_ads: 34.9, t_des: 32.0, bed_util_ads: 0.497, bed_util_des: 0.497, des_th: 0.49713845949068114,frac_lost: 0.102, li_recovered:  8.412, time: 0.005073682999864104
L: 4.43, u_super: 0.00461 — INFEASIBLE (li_recovered=0.000e+00), time: 0.003226007000193931
L: 0.50, u_super: 0.00901, sec: 4732.336, prod: 0.022402, t_ads: 21.8, t_des: 370.2, bed_util_ads: 0.187, bed_util_des: 0.184, des_th: 0.18386698385882475,frac_lost: 0.104, li_recovered:  8.780, time: 0.05326462699849799
L: 0.50, u_super: 0.00070, sec: 39.209, prod: 0.014636, t_ads: 264.6, t_des: 269.3, bed_util_ads: 0.463, bed_util_des: 0.460, des_th: 0.4606398792160332,frac_lost: 0.103, li_recovered:  7.814, time: 0.005313608999131247
L: 0.50, u_super: 0.00254, sec: 136.354, prod: 0.056621, t_ads: 75.9, t_des: 69.1, bed_util_ads: 0.493, bed_util_des: 0.493, des_th: 0.49303927699997696,frac_lost: 0.103, li_recovered:  8.213, time: 0.005124643001181539
L: 0.50, u_super: 0.00372, sec: 205.319, prod: 0.082360, t_ads: 52.1, t_des: 51.8, bed_util_ads: 0.485, bed_util_des: 0.485, des_th: 0.4849114001173563,frac_lost: 0.105, li_recovered:  8.556, time: 0.004713026000899845
L: 0.50, u_super: 0.00754, sec: 428.419, prod: 0.170376, t_ads: 26.0, t_des: 23.8, bed_util_ads: 0.497, bed_util_des: 0.497, des_th: 0.49706607317592516,frac_lost: 0.109, li_recovered:  8.479, time: 0.004823385999770835
L: 0.50, u_super: 0.00230, sec: 124.666, prod: 0.050748, t_ads: 84.0, t_des: 72.9, bed_util_ads: 0.499, bed_util_des: 0.499, des_th: 0.49906995578600766,frac_lost: 0.107, li_recovered:  7.959, time: 0.004166505999819492
L: 0.50, u_super: 0.00613, sec: 340.804, prod: 0.138796, t_ads: 31.6, t_des: 29.1, bed_util_ads: 0.497, bed_util_des: 0.497, des_th: 0.49727641145418533,frac_lost: 0.101, li_recovered:  8.423, time: 0.005195445000936161
L: 2.89, u_super: 0.00990, sec: 3498.481, prod: 0.213822, t_ads: 111.8, t_des: 93.9, bed_util_ads: 0.500, bed_util_des: 0.500, des_th: 0.49988802973934515,frac_lost: 0.105, li_recovered:  43.987, time: 0.006292003999988083
L: 0.50, u_super: 0.00768, sec: 442.885, prod: 0.171083, t_ads: 25.3, t_des: 25.3, bed_util_ads: 0.487, bed_util_des: 0.486, des_th: 0.4862725823928498,frac_lost: 0.100, li_recovered:  8.647, time: 0.006211231999259326
L: 1.12, u_super: 0.00501, sec: 865.029, prod: 0.080491, t_ads: 86.7, t_des: 151.8, bed_util_ads: 0.411, bed_util_des: 0.407, des_th: 0.40729210403542004,frac_lost: 0.106, li_recovered:  19.197, time: 0.011705992999850423
L: 0.50, u_super: 0.00819, sec: 467.893, prod: 0.185471, t_ads: 23.9, t_des: 21.6, bed_util_ads: 0.499, bed_util_des: 0.499, des_th: 0.4993776878578373,frac_lost: 0.106, li_recovered:  8.434, time: 0.0077649909999308875
L: 0.50, u_super: 0.00005, sec: 4.557, prod: 0.000635, t_ads: 2914.6, t_des: 4278.1, bed_util_ads: 0.256, bed_util_des: 0.213, des_th: 0.2131693874718177,frac_lost: 0.101, li_recovered:  4.569, time: 0.004918925000310992
L: 0.50, u_super: 0.00704, sec: 397.418, prod: 0.158986, t_ads: 27.8, t_des: 25.6, bed_util_ads: 0.497, bed_util_des: 0.497, des_th: 0.49706607317592516,frac_lost: 0.108, li_recovered:  8.493, time: 0.005231725999692571
   748 |    29920 |     40 |  0.0037808413 |             f
L: 47.08, u_super: 0.00897 — INFEASIBLE (li_recovered=0.000e+00), time: 0.002519203000701964
L: 0.50, u_super: 0.00310, sec: 168.028, prod: 0.069294, t_ads: 62.1, t_des: 54.7, bed_util_ads: 0.499, bed_util_des: 0.499, des_th: 0.4988132893440906,frac_lost: 0.102, li_recovered:  8.099, time: 0.007019272001343779
L: 0.50, u_super: 0.00820, sec: 469.769, prod: 0.185316, t_ads: 23.9, t_des: 22.1, bed_util_ads: 0.497, bed_util_des: 0.497, des_th: 0.4967355371498725,frac_lost: 0.108, li_recovered:  8.524, time: 0.011374510999303311
L: 0.50, u_super: 0.00175, sec: 93.720, prod: 0.038578, t_ads: 109.4, t_des: 103.1, bed_util_ads: 0.487, bed_util_des: 0.486, des_th: 0.4865187861849798,frac_lost: 0.102, li_recovered:  8.198, time: 0.00864579300105106
L: 0.50, u_super: 0.00915, sec: 528.902, prod: 0.207225, t_ads: 21.4, t_des: 19.4, bed_util_ads: 0.500, bed_util_des: 0.500, des_th: 0.4999855091312416,frac_lost: 0.107, li_recovered:  8.444, time: 0.007632110000486136
L: 0.50, u_super: 0.00439, sec: 251.229, prod: 0.094141, t_ads: 44.4, t_des: 47.3, bed_util_ads: 0.477, bed_util_des: 0.477, des_th: 0.47654270794807774,frac_lost: 0.105, li_recovered:  8.632, time: 0.006453335998230614
L: 0.50, u_super: 0.00327, sec: 178.683, prod: 0.072289, t_ads: 59.5, t_des: 58.3, bed_util_ads: 0.487, bed_util_des: 0.486, des_th: 0.48635669733730386,frac_lost: 0.107, li_recovered:  8.517, time: 0.005259167999611236
L: 0.50, u_super: 0.00547, sec: 329.845, prod: 0.113285, t_ads: 35.4, t_des: 41.0, bed_util_ads: 0.467, bed_util_des: 0.466, des_th: 0.46613000562510465,frac_lost: 0.101, li_recovered:  8.664, time: 0.005872821999219013
L: 0.50, u_super: 0.00949, sec: 579.347, prod: 0.204512, t_ads: 20.6, t_des: 22.0, bed_util_ads: 0.478, bed_util_des: 0.478, des_th: 0.4780642530565191,frac_lost: 0.105, li_recovered:  8.708, time: 0.007499583000026178
L: 0.50, u_super: 0.00821, sec: 468.839, prod: 0.185716, t_ads: 23.8, t_des: 21.3, bed_util_ads: 0.500, bed_util_des: 0.500, des_th: 0.4999258232838222,frac_lost: 0.105, li_recovered:  8.382, time: 0.007342986000367091
L: 0.50, u_super: 0.00735, sec: 414.762, prod: 0.166814, t_ads: 26.4, t_des: 24.1, bed_util_ads: 0.497, bed_util_des: 0.497, des_th: 0.4971678787043913,frac_lost: 0.101, li_recovered:  8.427, time: 0.0062490450000041164
L: 0.50, u_super: 0.00170, sec: 92.238, prod: 0.037334, t_ads: 112.1, t_des: 98.3, bed_util_ads: 0.495, bed_util_des: 0.494, des_th: 0.4944907978178019,frac_lost: 0.103, li_recovered:  7.857, time: 0.006587386998944567
L: 0.50, u_super: 0.00682, sec: 382.482, prod: 0.154630, t_ads: 28.4, t_des: 26.1, bed_util_ads: 0.497, bed_util_des: 0.497, des_th: 0.49731354170138264,frac_lost: 0.101, li_recovered:  8.429, time: 0.007930052999654436
L: 3.43, u_super: 0.00990, sec: 4182.606, prod: 0.212354, t_ads: 132.7, t_des: 111.8, bed_util_ads: 0.498, bed_util_des: 0.498, des_th: 0.4977657340727355,frac_lost: 0.108, li_recovered:  51.930, time: 0.007745693999822834
L: 0.50, u_super: 0.00879, sec: 505.646, prod: 0.199300, t_ads: 22.2, t_des: 20.2, bed_util_ads: 0.499, bed_util_des: 0.499, des_th: 0.4990643757359731,frac_lost: 0.105, li_recovered:  8.447, time: 0.006242084000405157
L: 0.50, u_super: 0.00687, sec: 385.489, prod: 0.155612, t_ads: 28.3, t_des: 25.6, bed_util_ads: 0.499, bed_util_des: 0.499, des_th: 0.4988397474598797,frac_lost: 0.102, li_recovered:  8.375, time: 0.0069934120001562405
L: 0.50, u_super: 0.00407, sec: 232.947, prod: 0.086928, t_ads: 47.8, t_des: 51.4, bed_util_ads: 0.475, bed_util_des: 0.475, des_th: 0.4746687191033051,frac_lost: 0.104, li_recovered:  8.621, time: 0.008044402999075828
L: 0.50, u_super: 0.00889, sec: 512.157, prod: 0.201311, t_ads: 22.0, t_des: 19.8, bed_util_ads: 0.500, bed_util_des: 0.500, des_th: 0.49973268032116175,frac_lost: 0.106, li_recovered:  8.412, time: 0.008772281000346993
L: 18.90, u_super: 0.00098 — INFEASIBLE (li_recovered=0.000e+00), time: 0.0018274209996889113
L: 0.50, u_super: 0.00772, sec: 437.997, prod: 0.174857, t_ads: 25.1, t_des: 23.6, bed_util_ads: 0.495, bed_util_des: 0.495, des_th: 0.4945754346687659,frac_lost: 0.101, li_recovered:  8.522, time: 0.01573969300079625
L: 5.33, u_super: 0.00630 — INFEASIBLE (li_recovered=0.000e+00), time: 0.011839576000056695
L: 0.50, u_super: 0.00500, sec: 274.859, prod: 0.112580, t_ads: 38.9, t_des: 34.7, bed_util_ads: 0.500, bed_util_des: 0.500, des_th: 0.49975743199800843,frac_lost: 0.104, li_recovered:  8.288, time: 0.014301065000836388
L: 0.50, u_super: 0.00954, sec: 554.710, prod: 0.216019, t_ads: 20.4, t_des: 19.2, bed_util_ads: 0.495, bed_util_des: 0.494, des_th: 0.4944467850701402,frac_lost: 0.103, li_recovered:  8.563, time: 0.01311742200050503
L: 0.50, u_super: 0.00134, sec: 73.664, prod: 0.028682, t_ads: 142.8, t_des: 145.8, bed_util_ads: 0.474, bed_util_des: 0.472, des_th: 0.47199158051646334,frac_lost: 0.106, li_recovered:  8.278, time: 0.011408135000237962
L: 0.50, u_super: 0.00396, sec: 215.877, prod: 0.088911, t_ads: 49.1, t_des: 43.8, bed_util_ads: 0.500, bed_util_des: 0.500, des_th: 0.4995783307596156,frac_lost: 0.106, li_recovered:  8.261, time: 0.008839739000904956
L: 5.30, u_super: 0.00829 — INFEASIBLE (li_recovered=0.000e+00), time: 0.005797199000880937
L: 0.50, u_super: 0.00118 — INFEASIBLE (li_recovered=0.000e+00), time: 0.006651289000728866
L: 0.50, u_super: 0.00644, sec: 359.465, prod: 0.145724, t_ads: 30.2, t_des: 27.3, bed_util_ads: 0.498, bed_util_des: 0.498, des_th: 0.4979726306921118,frac_lost: 0.102, li_recovered:  8.373, time: 0.008790273999693454
L: 0.50, u_super: 0.00005, sec: 4.324, prod: 0.000669, t_ads: 3431.3, t_des: 5857.7, bed_util_ads: 0.252, bed_util_des: 0.185, des_th: 0.1851696623157332,frac_lost: 0.102, li_recovered:  6.219, time: 0.012356265999187599
L: 0.50, u_super: 0.00675, sec: 379.261, prod: 0.152224, t_ads: 29.0, t_des: 26.0, bed_util_ads: 0.500, bed_util_des: 0.499, des_th: 0.49939941814975025,frac_lost: 0.108, li_recovered:  8.379, time: 0.014508974001728348
L: 0.50, u_super: 0.00381, sec: 207.088, prod: 0.085744, t_ads: 50.8, t_des: 46.2, bed_util_ads: 0.497, bed_util_des: 0.496, des_th: 0.49636934712311886,frac_lost: 0.104, li_recovered:  8.324, time: 0.008862167000188492
L: 0.50, u_super: 0.00557, sec: 308.910, prod: 0.125425, t_ads: 34.8, t_des: 33.1, bed_util_ads: 0.493, bed_util_des: 0.492, des_th: 0.49236162695491764,frac_lost: 0.102, li_recovered:  8.527, time: 0.007327864001126727
L: 0.50, u_super: 0.00523, sec: 288.060, prod: 0.118130, t_ads: 37.1, t_des: 33.6, bed_util_ads: 0.497, bed_util_des: 0.497, des_th: 0.49706607317592516,frac_lost: 0.102, li_recovered:  8.349, time: 0.008317955000165966
L: 0.50, u_super: 0.00327, sec: 177.100, prod: 0.072980, t_ads: 59.6, t_des: 55.6, bed_util_ads: 0.493, bed_util_des: 0.492, des_th: 0.4925345386165881,frac_lost: 0.108, li_recovered:  8.411, time: 0.009279842999603716
L: 0.50, u_super: 0.00007, sec: 6.727, prod: 0.000872, t_ads: 2684.0, t_des: 6212.1, bed_util_ads: 0.251, bed_util_des: 0.168, des_th: 0.16860504621466688,frac_lost: 0.104, li_recovered:  7.759, time: 0.016164044000106514
L: 14.96, u_super: 0.00521 — INFEASIBLE (li_recovered=0.000e+00), time: 0.0015481549999094568
L: 0.50, u_super: 0.00307, sec: 165.957, prod: 0.068549, t_ads: 63.0, t_des: 55.9, bed_util_ads: 0.499, bed_util_des: 0.499, des_th: 0.49875208749696404,frac_lost: 0.104, li_recovered:  8.149, time: 0.0078563099996245
L: 0.50, u_super: 0.00759, sec: 430.519, prod: 0.171607, t_ads: 25.8, t_des: 23.7, bed_util_ads: 0.497, bed_util_des: 0.497, des_th: 0.49667994254222014,frac_lost: 0.106, li_recovered:  8.482, time: 0.006524441998408292
L: 0.50, u_super: 0.00008 — INFEASIBLE (li_recovered=0.000e+00), time: 0.0013987840011395747
L: 0.50, u_super: 0.00819, sec: 468.079, prod: 0.185237, t_ads: 23.9, t_des: 21.4, bed_util_ads: 0.500, bed_util_des: 0.500, des_th: 0.4998639546350961,frac_lost: 0.107, li_recovered:  8.391, time: 0.00728894600069907
   749 |    29960 |     40 |  0.0021185764 |             f
L: 0.50, u_super: 0.00213, sec: 114.685, prod: 0.047207, t_ads: 90.7, t_des: 81.8, bed_util_ads: 0.494, bed_util_des: 0.493, des_th: 0.49303927699997696,frac_lost: 0.108, li_recovered:  8.141, time: 0.005764060999354115
L: 0.50, u_super: 0.00322, sec: 174.238, prod: 0.072031, t_ads: 60.0, t_des: 53.2, bed_util_ads: 0.498, bed_util_des: 0.498, des_th: 0.4979398211100455,frac_lost: 0.102, li_recovered:  8.151, time: 0.005858274998900015
L: 9.29, u_super: 0.00990 — INFEASIBLE (li_recovered=0.000e+00), time: 0.003873349000059534
L: 0.50, u_super: 0.00008 — INFEASIBLE (li_recovered=0.000e+00), time: 0.0014113679990259698
L: 0.50, u_super: 0.00078 — INFEASIBLE (li_recovered=0.000e+00), time: 0.0031491250010731164
L: 11.65, u_super: 0.00899 — INFEASIBLE (li_recovered=0.000e+00), time: 0.0039746729999023955
L: 0.50, u_super: 0.00343, sec: 186.018, prod: 0.076920, t_ads: 56.6, t_des: 51.3, bed_util_ads: 0.497, bed_util_des: 0.497, des_th: 0.4966700951967727,frac_lost: 0.107, li_recovered:  8.302, time: 0.006612495000808849
L: 0.50, u_super: 0.00625, sec: 349.587, prod: 0.140915, t_ads: 31.3, t_des: 28.1, bed_util_ads: 0.500, bed_util_des: 0.500, des_th: 0.4998704529401676,frac_lost: 0.109, li_recovered:  8.370, time: 0.006877855999846361
L: 0.50, u_super: 0.00587, sec: 326.535, prod: 0.132438, t_ads: 33.3, t_des: 30.3, bed_util_ads: 0.498, bed_util_des: 0.498, des_th: 0.4975918483815733,frac_lost: 0.107, li_recovered:  8.416, time: 0.006356433001201367
L: 0.50, u_super: 0.00313, sec: 169.153, prod: 0.069827, t_ads: 62.0, t_des: 55.0, bed_util_ads: 0.499, bed_util_des: 0.499, des_th: 0.49892388425178624,frac_lost: 0.105, li_recovered:  8.166, time: 0.005998212000122294
L: 0.50, u_super: 0.00369, sec: 200.580, prod: 0.082817, t_ads: 52.6, t_des: 47.2, bed_util_ads: 0.498, bed_util_des: 0.497, des_th: 0.49727641145418533,frac_lost: 0.106, li_recovered:  8.265, time: 0.0063038579992280575
L: 0.50, u_super: 0.00909, sec: 4224.137, prod: 0.025591, t_ads: 21.5, t_des: 321.4, bed_util_ads: 0.197, bed_util_des: 0.194, des_th: 0.1938548830827659,frac_lost: 0.101, li_recovered:  8.775, time: 0.04772111700003734
L: 0.50, u_super: 0.00771, sec: 436.704, prod: 0.174950, t_ads: 25.2, t_des: 23.1, bed_util_ads: 0.498, bed_util_des: 0.498, des_th: 0.4983498780576415,frac_lost: 0.101, li_recovered:  8.438, time: 0.005241789000137942
L: 0.50, u_super: 0.00854, sec: 530.568, prod: 0.178492, t_ads: 22.9, t_des: 25.9, bed_util_ads: 0.471, bed_util_des: 0.471, des_th: 0.4709686660655673,frac_lost: 0.105, li_recovered:  8.707, time: 0.00686458200107154
L: 0.50, u_super: 0.00974, sec: 566.939, prod: 0.220532, t_ads: 20.1, t_des: 18.7, bed_util_ads: 0.496, bed_util_des: 0.496, des_th: 0.4963592630992166,frac_lost: 0.105, li_recovered:  8.536, time: 0.005851228999745217
L: 0.50, u_super: 0.00829, sec: 475.135, prod: 0.187275, t_ads: 23.6, t_des: 21.9, bed_util_ads: 0.497, bed_util_des: 0.496, des_th: 0.4963769715324385,frac_lost: 0.108, li_recovered:  8.528, time: 0.004987676000382635
L: 12.59, u_super: 0.00557 — INFEASIBLE (li_recovered=0.000e+00), time: 0.0016771040009189164
L: 0.50, u_super: 0.00981, sec: 572.196, prod: 0.221898, t_ads: 19.9, t_des: 18.7, bed_util_ads: 0.494, bed_util_des: 0.494, des_th: 0.4940525238990791,frac_lost: 0.104, li_recovered:  8.565, time: 0.00625469599981443
L: 0.50, u_super: 0.00816, sec: 465.970, prod: 0.184552, t_ads: 24.0, t_des: 21.7, bed_util_ads: 0.499, bed_util_des: 0.499, des_th: 0.4987692949848205,frac_lost: 0.107, li_recovered:  8.441, time: 0.004988939999748254
L: 11.99, u_super: 0.00405 — INFEASIBLE (li_recovered=0.000e+00), time: 0.001994092001041281
L: 0.50, u_super: 0.00047, sec: 108.075, prod: 0.002366, t_ads: 422.7, t_des: 3286.1, bed_util_ads: 0.227, bed_util_des: 0.187, des_th: 0.18731581080439547,frac_lost: 0.102, li_recovered:  8.777, time: 0.02249173400014115
L: 0.50, u_super: 0.00731, sec: 423.351, prod: 0.161392, t_ads: 26.8, t_des: 26.9, bed_util_ads: 0.486, bed_util_des: 0.485, des_th: 0.4853407410977087,frac_lost: 0.107, li_recovered:  8.664, time: 0.006089029999202467
L: 4.86, u_super: 0.00206 — INFEASIBLE (li_recovered=0.000e+00), time: 0.002632976000313647
L: 0.50, u_super: 0.00555, sec: 306.439, prod: 0.125420, t_ads: 35.0, t_des: 32.0, bed_util_ads: 0.496, bed_util_des: 0.496, des_th: 0.49602406999642484,frac_lost: 0.102, li_recovered:  8.405, time: 0.004770527999426122
L: 40.08, u_super: 0.00480 — INFEASIBLE (li_recovered=0.000e+00), time: 0.0011096439993707463
L: 0.50, u_super: 0.00638, sec: 371.251, prod: 0.138523, t_ads: 30.4, t_des: 32.2, bed_util_ads: 0.479, bed_util_des: 0.479, des_th: 0.47904997766062607,frac_lost: 0.101, li_recovered:  8.667, time: 0.00599783800134901
L: 0.50, u_super: 0.00256, sec: 137.785, prod: 0.057177, t_ads: 75.3, t_des: 68.5, bed_util_ads: 0.493, bed_util_des: 0.493, des_th: 0.49286630181651103,frac_lost: 0.103, li_recovered:  8.221, time: 0.005418397999164881
L: 22.42, u_super: 0.00593 — INFEASIBLE (li_recovered=0.000e+00), time: 0.0014511149984173244
L: 0.50, u_super: 0.00005 — INFEASIBLE (li_recovered=0.000e+00), time: 0.0009497549999650801
L: 0.50, u_super: 0.00988, sec: 575.774, prod: 0.223873, t_ads: 19.8, t_des: 17.9, bed_util_ads: 0.500, bed_util_des: 0.500, des_th: 0.4999244445016493,frac_lost: 0.106, li_recovered:  8.452, time: 0.004875557000559638
L: 0.50, u_super: 0.00628, sec: 349.960, prod: 0.142010, t_ads: 31.0, t_des: 28.0, bed_util_ads: 0.500, bed_util_des: 0.499, des_th: 0.49938142275540975,frac_lost: 0.103, li_recovered:  8.369, time: 0.005037430000811582
L: 0.50, u_super: 0.00189, sec: 103.229, prod: 0.041313, t_ads: 100.8, t_des: 86.0, bed_util_ads: 0.499, bed_util_des: 0.499, des_th: 0.4992387818075503,frac_lost: 0.101, li_recovered:  7.720, time: 0.005164612000953639
L: 0.50, u_super: 0.00170, sec: 92.238, prod: 0.037334, t_ads: 112.1, t_des: 98.3, bed_util_ads: 0.495, bed_util_des: 0.494, des_th: 0.4944907978178019,frac_lost: 0.103, li_recovered:  7.857, time: 0.0056741619991953485
L: 0.50, u_super: 0.00549, sec: 303.140, prod: 0.123879, t_ads: 35.4, t_des: 31.7, bed_util_ads: 0.499, bed_util_des: 0.498, des_th: 0.4983787044598348,frac_lost: 0.102, li_recovered:  8.313, time: 0.0050461049995647045
L: 0.50, u_super: 0.00049, sec: 28.423, prod: 0.009697, t_ads: 373.2, t_des: 404.3, bed_util_ads: 0.444, bed_util_des: 0.439, des_th: 0.4395257167230568,frac_lost: 0.102, li_recovered:  7.539, time: 0.006913240998983383
L: 0.50, u_super: 0.00185, sec: 100.941, prod: 0.040054, t_ads: 103.4, t_des: 87.4, bed_util_ads: 0.500, bed_util_des: 0.499, des_th: 0.4994586826485099,frac_lost: 0.101, li_recovered:  7.645, time: 0.005329157000232954
L: 0.50, u_super: 0.00364, sec: 197.618, prod: 0.081594, t_ads: 53.5, t_des: 48.4, bed_util_ads: 0.497, bed_util_des: 0.497, des_th: 0.4969944240077355,frac_lost: 0.108, li_recovered:  8.316, time: 0.004736199000035413
L: 0.50, u_super: 0.00975, sec: 567.330, prod: 0.221119, t_ads: 20.0, t_des: 18.2, bed_util_ads: 0.499, bed_util_des: 0.499, des_th: 0.49907779879306635,frac_lost: 0.105, li_recovered:  8.447, time: 0.004643109001335688
L: 0.50, u_super: 0.00900, sec: 520.233, prod: 0.203230, t_ads: 21.7, t_des: 20.4, bed_util_ads: 0.495, bed_util_des: 0.494, des_th: 0.49440469278799665,frac_lost: 0.106, li_recovered:  8.561, time: 0.005223016998570529
L: 0.50, u_super: 0.00760, sec: 431.474, prod: 0.171691, t_ads: 25.8, t_des: 23.6, bed_util_ads: 0.497, bed_util_des: 0.497, des_th: 0.49706607317592516,frac_lost: 0.108, li_recovered:  8.482, time: 0.006418553999537835
   750 |    30000 |     40 |  0.0033076940 |             f
L: 0.50, u_super: 0.00007 — INFEASIBLE (li_recovered=0.000e+00), time: 0.00109438699837483
L: 0.50, u_super: 0.00505, sec: 277.956, prod: 0.113866, t_ads: 38.4, t_des: 34.4, bed_util_ads: 0.500, bed_util_des: 0.500, des_th: 0.4995783307596156,frac_lost: 0.103, li_recovered:  8.290, time: 0.00622692199976882
L: 0.50, u_super: 0.00713, sec: 465.458, prod: 0.139434, t_ads: 27.3, t_des: 35.1, bed_util_ads: 0.455, bed_util_des: 0.454, des_th: 0.4539904870747877,frac_lost: 0.104, li_recovered:  8.698, time: 0.009342344999822672
L: 0.50, u_super: 0.00625, sec: 348.512, prod: 0.141350, t_ads: 31.0, t_des: 27.7, bed_util_ads: 0.500, bed_util_des: 0.500, des_th: 0.49995628300853373,frac_lost: 0.101, li_recovered:  8.307, time: 0.005017478999434388
L: 0.50, u_super: 0.00676, sec: 380.226, prod: 0.152608, t_ads: 29.0, t_des: 25.9, bed_util_ads: 0.500, bed_util_des: 0.500, des_th: 0.499880957756407,frac_lost: 0.108, li_recovered:  8.378, time: 0.005628576000162866
L: 0.50, u_super: 0.00684, sec: 383.733, prod: 0.155141, t_ads: 28.3, t_des: 25.6, bed_util_ads: 0.499, bed_util_des: 0.499, des_th: 0.498996375094275,frac_lost: 0.100, li_recovered:  8.369, time: 0.008399678999921889
L: 0.50, u_super: 0.00439, sec: 240.297, prod: 0.098424, t_ads: 44.3, t_des: 39.1, bed_util_ads: 0.500, bed_util_des: 0.500, des_th: 0.4998826948520449,frac_lost: 0.105, li_recovered:  8.211, time: 0.006272086000535637
L: 2.26, u_super: 0.00523, sec: 1383.422, prod: 0.111286, t_ads: 164.3, t_des: 140.0, bed_util_ads: 0.495, bed_util_des: 0.494, des_th: 0.4944907978178019,frac_lost: 0.107, li_recovered:  33.864, time: 0.0052278690000093775
L: 0.50, u_super: 0.00374, sec: 205.418, prod: 0.082826, t_ads: 52.1, t_des: 51.1, bed_util_ads: 0.487, bed_util_des: 0.487, des_th: 0.4865620640452696,frac_lost: 0.107, li_recovered:  8.544, time: 0.006948129001102643
L: 0.50, u_super: 0.00181, sec: 97.539, prod: 0.039861, t_ads: 105.5, t_des: 102.9, bed_util_ads: 0.483, bed_util_des: 0.482, des_th: 0.4823313836533294,frac_lost: 0.100, li_recovered:  8.308, time: 0.00624760099890409
L: 2.72, u_super: 0.00653, sec: 2144.453, prod: 0.136767, t_ads: 158.2, t_des: 129.4, bed_util_ads: 0.499, bed_util_des: 0.499, des_th: 0.4988500277419523,frac_lost: 0.106, li_recovered:  39.341, time: 0.004614577999745961
L: 0.50, u_super: 0.00984, sec: 574.327, prod: 0.222753, t_ads: 19.9, t_des: 18.4, bed_util_ads: 0.497, bed_util_des: 0.497, des_th: 0.49706607317592516,frac_lost: 0.106, li_recovered:  8.538, time: 0.0065297759992972715
L: 0.50, u_super: 0.00816, sec: 465.826, prod: 0.184609, t_ads: 24.0, t_des: 21.7, bed_util_ads: 0.499, bed_util_des: 0.499, des_th: 0.49885796966825796,frac_lost: 0.106, li_recovered:  8.439, time: 0.007049965000987868
L: 0.50, u_super: 0.00849, sec: 486.744, prod: 0.192120, t_ads: 23.1, t_des: 20.9, bed_util_ads: 0.500, bed_util_des: 0.499, des_th: 0.4993841912280358,frac_lost: 0.107, li_recovered:  8.446, time: 0.007073828999637044
L: 8.05, u_super: 0.00134 — INFEASIBLE (li_recovered=0.000e+00), time: 0.0017765910015441477
L: 0.50, u_super: 0.00710, sec: 1763.534, prod: 0.036458, t_ads: 27.6, t_des: 212.9, bed_util_ads: 0.254, bed_util_des: 0.251, des_th: 0.25071547164679325,frac_lost: 0.105, li_recovered:  8.767, time: 0.024694306001038058
L: 0.50, u_super: 0.00735, sec: 3527.361, prod: 0.019615, t_ads: 26.6, t_des: 420.9, bed_util_ads: 0.192, bed_util_des: 0.188, des_th: 0.1884526631691666,frac_lost: 0.102, li_recovered:  8.779, time: 0.052906750001056935
L: 0.50, u_super: 0.00877, sec: 506.024, prod: 0.197796, t_ads: 22.3, t_des: 21.0, bed_util_ads: 0.495, bed_util_des: 0.495, des_th: 0.49455633220091116,frac_lost: 0.107, li_recovered:  8.567, time: 0.008857680000801338
L: 0.50, u_super: 0.00135, sec: 479.864, prod: 0.004448, t_ads: 147.1, t_des: 1832.3, bed_util_ads: 0.203, bed_util_des: 0.185, des_th: 0.1851696623157332,frac_lost: 0.106, li_recovered:  8.804, time: 0.2749050399997941
L: 0.50, u_super: 0.00195, sec: 105.196, prod: 0.043151, t_ads: 98.8, t_des: 88.9, bed_util_ads: 0.494, bed_util_des: 0.493, des_th: 0.49303927699997696,frac_lost: 0.108, li_recovered:  8.101, time: 0.020192297000903636
L: 0.50, u_super: 0.00851, sec: 489.091, prod: 0.192462, t_ads: 23.0, t_des: 21.4, bed_util_ads: 0.497, bed_util_des: 0.496, des_th: 0.4963769715324385,frac_lost: 0.106, li_recovered:  8.532, time: 0.013023862999034463
L: 0.50, u_super: 0.00144, sec: 77.449, prod: 0.031500, t_ads: 132.9, t_des: 123.7, bed_util_ads: 0.486, bed_util_des: 0.485, des_th: 0.4854206442706678,frac_lost: 0.105, li_recovered:  8.081, time: 0.024837618999299593
L: 0.50, u_super: 0.00990, sec: 576.825, prod: 0.224495, t_ads: 19.7, t_des: 17.9, bed_util_ads: 0.500, bed_util_des: 0.500, des_th: 0.4998932137289108,frac_lost: 0.105, li_recovered:  8.446, time: 0.016282548998788116
L: 33.83, u_super: 0.00636 — INFEASIBLE (li_recovered=0.000e+00), time: 0.006463075998908607
L: 18.40, u_super: 0.00307 — INFEASIBLE (li_recovered=0.000e+00), time: 0.00312491700060491
L: 0.50, u_super: 0.00170, sec: 92.238, prod: 0.037334, t_ads: 112.1, t_des: 98.3, bed_util_ads: 0.495, bed_util_des: 0.494, des_th: 0.4944907978178019,frac_lost: 0.103, li_recovered:  7.857, time: 0.018337797999265604
L: 0.50, u_super: 0.00475, sec: 260.792, prod: 0.107118, t_ads: 40.9, t_des: 36.9, bed_util_ads: 0.497, bed_util_des: 0.497, des_th: 0.4971602542950717,frac_lost: 0.105, li_recovered:  8.338, time: 0.035727991999010555
L: 0.50, u_super: 0.00049, sec: 29.061, prod: 0.009493, t_ads: 365.4, t_des: 316.1, bed_util_ads: 0.472, bed_util_des: 0.472, des_th: 0.47199158051646334,frac_lost: 0.100, li_recovered:  6.470, time: 0.013972724998893682
L: 55.39, u_super: 0.00118 — INFEASIBLE (li_recovered=0.000e+00), time: 0.0016625429998384789
L: 0.50, u_super: 0.00772, sec: 438.057, prod: 0.174909, t_ads: 25.1, t_des: 23.5, bed_util_ads: 0.495, bed_util_des: 0.495, des_th: 0.49465416365448356,frac_lost: 0.101, li_recovered:  8.515, time: 0.014540657999532414
L: 0.50, u_super: 0.00760, sec: 430.159, prod: 0.172216, t_ads: 25.5, t_des: 22.8, bed_util_ads: 0.500, bed_util_des: 0.500, des_th: 0.4998379454987605,frac_lost: 0.100, li_recovered:  8.331, time: 0.015150600998822483
L: 13.31, u_super: 0.00406 — INFEASIBLE (li_recovered=0.000e+00), time: 0.007421045998853515
L: 0.50, u_super: 0.00022 — INFEASIBLE (li_recovered=0.000e+00), time: 0.006621807999181328
L: 0.50, u_super: 0.00005 — INFEASIBLE (li_recovered=0.000e+00), time: 0.00401193399920885
L: 69.96, u_super: 0.00049 — INFEASIBLE (li_recovered=0.000e+00), time: 0.002014220999626559
L: 0.50, u_super: 0.00526, sec: 289.851, prod: 0.118619, t_ads: 37.0, t_des: 33.4, bed_util_ads: 0.498, bed_util_des: 0.498, des_th: 0.4978742865479321,frac_lost: 0.104, li_recovered:  8.353, time: 0.013215803999628406
L: 0.50, u_super: 0.00990, sec: 576.015, prod: 0.224810, t_ads: 19.7, t_des: 17.9, bed_util_ads: 0.500, bed_util_des: 0.499, des_th: 0.49941800771673645,frac_lost: 0.102, li_recovered:  8.443, time: 0.0293554950003454
L: 0.50, u_super: 0.00587, sec: 326.105, prod: 0.132566, t_ads: 33.0, t_des: 31.1, bed_util_ads: 0.493, bed_util_des: 0.493, des_th: 0.49303895764186184,frac_lost: 0.101, li_recovered:  8.501, time: 0.026836065999304992
L: 0.50, u_super: 0.00378, sec: 205.532, prod: 0.084945, t_ads: 51.4, t_des: 46.5, bed_util_ads: 0.497, bed_util_des: 0.497, des_th: 0.4971602542950717,frac_lost: 0.106, li_recovered:  8.315, time: 0.015488603999983752
L: 0.50, u_super: 0.00244, sec: 131.213, prod: 0.054166, t_ads: 79.1, t_des: 70.4, bed_util_ads: 0.497, bed_util_des: 0.497, des_th: 0.4966402209788186,frac_lost: 0.104, li_recovered:  8.099, time: 0.0407611899991025
   751 |    30040 |     40 |  0.0026099088 |             f
L: 20.96, u_super: 0.00244 — INFEASIBLE (li_recovered=0.000e+00), time: 0.007776929000101518
L: 0.50, u_super: 0.00399, sec: 227.595, prod: 0.085527, t_ads: 48.8, t_des: 51.9, bed_util_ads: 0.476, bed_util_des: 0.476, des_th: 0.47571791185682527,frac_lost: 0.106, li_recovered:  8.619, time: 0.024284212000566185
L: 32.05, u_super: 0.00438 — INFEASIBLE (li_recovered=0.000e+00), time: 0.0019362099992576987
L: 16.89, u_super: 0.00976 — INFEASIBLE (li_recovered=0.000e+00), time: 0.007290622999789775
L: 0.50, u_super: 0.00476, sec: 261.259, prod: 0.106996, t_ads: 40.9, t_des: 38.2, bed_util_ads: 0.493, bed_util_des: 0.493, des_th: 0.49318678201616006,frac_lost: 0.105, li_recovered:  8.469, time: 0.02016299299975799
L: 41.96, u_super: 0.00916 — INFEASIBLE (li_recovered=0.000e+00), time: 0.006264376001126948
L: 0.50, u_super: 0.00366, sec: 1600.689, prod: 0.010193, t_ads: 53.5, t_des: 808.1, bed_util_ads: 0.194, bed_util_des: 0.187, des_th: 0.18664439206503794,frac_lost: 0.102, li_recovered:  8.782, time: 0.19772651799939922
L: 0.50, u_super: 0.00710, sec: 400.429, prod: 0.160298, t_ads: 27.6, t_des: 24.8, bed_util_ads: 0.499, bed_util_des: 0.499, des_th: 0.4990960239878838,frac_lost: 0.107, li_recovered:  8.392, time: 0.012460050000299816
L: 0.50, u_super: 0.00829, sec: 475.135, prod: 0.187275, t_ads: 23.6, t_des: 21.9, bed_util_ads: 0.497, bed_util_des: 0.496, des_th: 0.4963769715324385,frac_lost: 0.108, li_recovered:  8.528, time: 0.016140821000590222
L: 0.50, u_super: 0.00655, sec: 365.700, prod: 0.148399, t_ads: 29.6, t_des: 27.1, bed_util_ads: 0.497, bed_util_des: 0.497, des_th: 0.49706607317592516,frac_lost: 0.100, li_recovered:  8.415, time: 0.012511204000475118
L: 0.50, u_super: 0.00683, sec: 383.934, prod: 0.154161, t_ads: 28.7, t_des: 26.0, bed_util_ads: 0.499, bed_util_des: 0.499, des_th: 0.49884000763523356,frac_lost: 0.108, li_recovered:  8.433, time: 0.01615492400014773
L: 0.50, u_super: 0.00967, sec: 561.892, prod: 0.219148, t_ads: 20.2, t_des: 18.3, bed_util_ads: 0.500, bed_util_des: 0.500, des_th: 0.4997702611411525,frac_lost: 0.105, li_recovered:  8.449, time: 0.02842924399919866
L: 0.50, u_super: 0.00094, sec: 52.078, prod: 0.020040, t_ads: 199.0, t_des: 175.7, bed_util_ads: 0.486, bed_util_des: 0.485, des_th: 0.4853252369244491,frac_lost: 0.104, li_recovered:  7.510, time: 0.032539665000513196
L: 0.50, u_super: 0.00795, sec: 451.758, prod: 0.180233, t_ads: 24.5, t_des: 22.1, bed_util_ads: 0.499, bed_util_des: 0.499, des_th: 0.4987425606262034,frac_lost: 0.102, li_recovered:  8.385, time: 0.021245718000500347
L: 0.50, u_super: 0.00760, sec: 430.162, prod: 0.172089, t_ads: 25.5, t_des: 22.8, bed_util_ads: 0.500, bed_util_des: 0.500, des_th: 0.4998478081703415,frac_lost: 0.101, li_recovered:  8.322, time: 0.01736106499993184
L: 0.50, u_super: 0.00652, sec: 364.418, prod: 0.147486, t_ads: 29.8, t_des: 26.9, bed_util_ads: 0.499, bed_util_des: 0.499, des_th: 0.49884781991001664,frac_lost: 0.103, li_recovered:  8.373, time: 0.022811684000771493
L: 0.50, u_super: 0.00402, sec: 219.227, prod: 0.090362, t_ads: 48.3, t_des: 43.1, bed_util_ads: 0.499, bed_util_des: 0.499, des_th: 0.49873099469737076,frac_lost: 0.105, li_recovered:  8.257, time: 0.024536225999327144
L: 0.50, u_super: 0.00704, sec: 404.270, prod: 0.156082, t_ads: 27.8, t_des: 27.6, bed_util_ads: 0.487, bed_util_des: 0.486, des_th: 0.48635669733730386,frac_lost: 0.107, li_recovered:  8.649, time: 0.024383415999182034
L: 0.50, u_super: 0.00056, sec: 32.060, prod: 0.011305, t_ads: 329.7, t_des: 349.2, bed_util_ads: 0.452, bed_util_des: 0.448, des_th: 0.44810754609149833,frac_lost: 0.104, li_recovered:  7.675, time: 0.010776163999253185
L: 45.84, u_super: 0.00964 — INFEASIBLE (li_recovered=0.000e+00), time: 0.0018976200008182786
L: 0.50, u_super: 0.00557, sec: 308.186, prod: 0.125769, t_ads: 34.8, t_des: 31.1, bed_util_ads: 0.499, bed_util_des: 0.499, des_th: 0.49928480083447013,frac_lost: 0.102, li_recovered:  8.298, time: 0.013338148999537225
L: 0.50, u_super: 0.00080 — INFEASIBLE (li_recovered=0.000e+00), time: 0.021627504998832592
L: 2.34, u_super: 0.00505 — INFEASIBLE (li_recovered=0.000e+00), time: 0.012305903999731527
L: 0.50, u_super: 0.00576, sec: 319.092, prod: 0.130216, t_ads: 33.6, t_des: 30.2, bed_util_ads: 0.500, bed_util_des: 0.500, des_th: 0.49983802125164334,frac_lost: 0.101, li_recovered:  8.308, time: 0.03294014599850925
L: 0.50, u_super: 0.00007 — INFEASIBLE (li_recovered=0.000e+00), time: 0.0028436009997676592
L: 0.50, u_super: 0.00736, sec: 416.974, prod: 0.166196, t_ads: 26.6, t_des: 24.4, bed_util_ads: 0.497, bed_util_des: 0.497, des_th: 0.4971678787043913,frac_lost: 0.109, li_recovered:  8.479, time: 0.018557363000581972
L: 0.50, u_super: 0.00170, sec: 92.503, prod: 0.037227, t_ads: 112.0, t_des: 97.1, bed_util_ads: 0.497, bed_util_des: 0.497, des_th: 0.49697259530161836,frac_lost: 0.102, li_recovered:  7.786, time: 0.01788191900050151
L: 0.50, u_super: 0.00712, sec: 400.551, prod: 0.161416, t_ads: 27.2, t_des: 24.7, bed_util_ads: 0.499, bed_util_des: 0.499, des_th: 0.498996375094275,frac_lost: 0.101, li_recovered:  8.380, time: 0.011144799998874078
L: 0.50, u_super: 0.00585, sec: 324.383, prod: 0.132253, t_ads: 33.2, t_des: 30.4, bed_util_ads: 0.497, bed_util_des: 0.497, des_th: 0.4971284763861819,frac_lost: 0.103, li_recovered:  8.420, time: 0.01349911600118503
L: 0.50, u_super: 0.00982, sec: 617.571, prod: 0.206201, t_ads: 19.9, t_des: 22.4, bed_util_ads: 0.472, bed_util_des: 0.472, des_th: 0.4718301509451879,frac_lost: 0.104, li_recovered:  8.715, time: 0.014586687000701204
L: 0.50, u_super: 0.00353, sec: 195.014, prod: 0.077531, t_ads: 55.1, t_des: 55.3, bed_util_ads: 0.484, bed_util_des: 0.483, des_th: 0.48355344448188625,frac_lost: 0.106, li_recovered:  8.563, time: 0.01814193999962299
L: 0.50, u_super: 0.00118, sec: 182.929, prod: 0.009024, t_ads: 165.4, t_des: 795.4, bed_util_ads: 0.289, bed_util_des: 0.274, des_th: 0.27454305704786824,frac_lost: 0.106, li_recovered:  8.671, time: 0.04846546500084514
L: 0.50, u_super: 0.00874, sec: 544.539, prod: 0.182675, t_ads: 22.3, t_des: 25.3, bed_util_ads: 0.471, bed_util_des: 0.470, des_th: 0.4705119225597296,frac_lost: 0.104, li_recovered:  8.708, time: 0.019738732000405435
L: 0.50, u_super: 0.00439, sec: 240.338, prod: 0.098809, t_ads: 44.2, t_des: 39.4, bed_util_ads: 0.499, bed_util_des: 0.499, des_th: 0.49928700866640513,frac_lost: 0.105, li_recovered:  8.267, time: 0.019190409999282565
L: 0.50, u_super: 0.00307, sec: 166.117, prod: 0.068483, t_ads: 62.8, t_des: 55.2, bed_util_ads: 0.500, bed_util_des: 0.500, des_th: 0.49959942295570087,frac_lost: 0.101, li_recovered:  8.078, time: 0.013275119999889284
L: 4.36, u_super: 0.00149 — INFEASIBLE (li_recovered=0.000e+00), time: 0.0052819939992332365
L: 0.50, u_super: 0.00005, sec: 4.340, prod: 0.000667, t_ads: 3530.2, t_des: 6372.0, bed_util_ads: 0.248, bed_util_des: 0.174, des_th: 0.17412091337721347,frac_lost: 0.101, li_recovered:  6.606, time: 0.025668784001027234
L: 0.50, u_super: 0.00388, sec: 211.418, prod: 0.086959, t_ads: 50.1, t_des: 44.3, bed_util_ads: 0.499, bed_util_des: 0.499, des_th: 0.4992165738941055,frac_lost: 0.105, li_recovered:  8.206, time: 0.030653620000521187
L: 0.50, u_super: 0.00251, sec: 135.277, prod: 0.055850, t_ads: 76.9, t_des: 68.4, bed_util_ads: 0.497, bed_util_des: 0.497, des_th: 0.4966402209788186,frac_lost: 0.104, li_recovered:  8.115, time: 0.026506759000767488
L: 13.67, u_super: 0.00353 — INFEASIBLE (li_recovered=0.000e+00), time: 0.005064806000518729
   752 |    30080 |     40 |  0.0019015465 |             f
L: 0.50, u_super: 0.00844, sec: 484.590, prod: 0.190496, t_ads: 23.2, t_des: 21.8, bed_util_ads: 0.495, bed_util_des: 0.494, des_th: 0.49447036483080714,frac_lost: 0.105, li_recovered:  8.560, time: 0.02083313600087422
L: 0.87, u_super: 0.00625, sec: 612.154, prod: 0.139525, t_ads: 53.8, t_des: 51.6, bed_util_ads: 0.490, bed_util_des: 0.489, des_th: 0.48934892035757754,frac_lost: 0.105, li_recovered:  14.717, time: 0.012936144999912358
L: 0.50, u_super: 0.00510, sec: 280.653, prod: 0.114917, t_ads: 38.1, t_des: 34.1, bed_util_ads: 0.500, bed_util_des: 0.500, des_th: 0.4995599217375771,frac_lost: 0.104, li_recovered:  8.306, time: 0.02376664299845288
L: 0.50, u_super: 0.00217, sec: 117.020, prod: 0.048072, t_ads: 88.9, t_des: 79.2, bed_util_ads: 0.495, bed_util_des: 0.495, des_th: 0.4946697755114582,frac_lost: 0.107, li_recovered:  8.082, time: 0.024030942000536015
L: 0.50, u_super: 0.00307, sec: 166.251, prod: 0.068428, t_ads: 62.8, t_des: 55.1, bed_util_ads: 0.499, bed_util_des: 0.499, des_th: 0.4986645689700231,frac_lost: 0.102, li_recovered:  8.074, time: 0.025788930999624426
L: 0.50, u_super: 0.00149, sec: 80.522, prod: 0.032564, t_ads: 128.6, t_des: 123.7, bed_util_ads: 0.483, bed_util_des: 0.482, des_th: 0.4818789933446262,frac_lost: 0.106, li_recovered:  8.219, time: 0.02746710700012045
L: 0.50, u_super: 0.00034 — INFEASIBLE (li_recovered=0.000e+00), time: 0.006543166000483325
L: 0.50, u_super: 0.00364, sec: 200.381, prod: 0.080363, t_ads: 53.4, t_des: 53.0, bed_util_ads: 0.486, bed_util_des: 0.485, des_th: 0.4853252369244491,frac_lost: 0.106, li_recovered:  8.553, time: 0.02884936499867763
L: 0.50, u_super: 0.00757, sec: 428.729, prod: 0.171621, t_ads: 25.6, t_des: 22.9, bed_util_ads: 0.500, bed_util_des: 0.500, des_th: 0.4998411385906285,frac_lost: 0.101, li_recovered:  8.329, time: 0.023759993999192375
L: 0.50, u_super: 0.00162, sec: 87.175, prod: 0.035713, t_ads: 118.0, t_des: 109.7, bed_util_ads: 0.487, bed_util_des: 0.486, des_th: 0.48635669733730386,frac_lost: 0.104, li_recovered:  8.132, time: 0.02637379900079395
L: 0.50, u_super: 0.00936, sec: 541.841, prod: 0.212032, t_ads: 20.9, t_des: 19.2, bed_util_ads: 0.498, bed_util_des: 0.498, des_th: 0.4979398211100455,frac_lost: 0.105, li_recovered:  8.496, time: 0.015322899000238976
L: 23.59, u_super: 0.00261 — INFEASIBLE (li_recovered=0.000e+00), time: 0.0024979130012070527
L: 0.50, u_super: 0.00061, sec: 161.235, prod: 0.002665, t_ads: 327.1, t_des: 2975.8, bed_util_ads: 0.219, bed_util_des: 0.185, des_th: 0.1851696623157332,frac_lost: 0.104, li_recovered:  8.802, time: 0.07982488100060436
L: 3.09, u_super: 0.00022 — INFEASIBLE (li_recovered=0.000e+00), time: 0.005593464999037678
L: 0.50, u_super: 0.00082, sec: 45.416, prod: 0.017508, t_ads: 228.0, t_des: 219.5, bed_util_ads: 0.473, bed_util_des: 0.471, des_th: 0.47148175878163784,frac_lost: 0.107, li_recovered:  7.835, time: 0.02674536300037289
L: 0.50, u_super: 0.00549, sec: 302.951, prod: 0.123956, t_ads: 35.4, t_des: 32.1, bed_util_ads: 0.498, bed_util_des: 0.498, des_th: 0.4979982398030364,frac_lost: 0.102, li_recovered:  8.370, time: 0.03355391500008409
L: 0.50, u_super: 0.00859, sec: 493.188, prod: 0.194561, t_ads: 22.8, t_des: 20.6, bed_util_ads: 0.500, bed_util_des: 0.500, des_th: 0.49957164889937417,frac_lost: 0.106, li_recovered:  8.441, time: 0.02437738300068304
L: 0.50, u_super: 0.00124, sec: 68.952, prod: 0.026085, t_ads: 153.5, t_des: 127.0, bed_util_ads: 0.499, bed_util_des: 0.499, des_th: 0.49875208749696404,frac_lost: 0.105, li_recovered:  7.318, time: 0.03469298500021978
L: 0.50, u_super: 0.00183, sec: 99.600, prod: 0.039805, t_ads: 104.7, t_des: 89.4, bed_util_ads: 0.499, bed_util_des: 0.499, des_th: 0.49894169069832756,frac_lost: 0.103, li_recovered:  7.729, time: 0.026220538000416127
L: 0.50, u_super: 0.00411, sec: 224.267, prod: 0.092511, t_ads: 47.2, t_des: 42.7, bed_util_ads: 0.497, bed_util_des: 0.497, des_th: 0.49692875196474967,frac_lost: 0.105, li_recovered:  8.321, time: 0.0309854360002646
L: 0.50, u_super: 0.00735, sec: 414.655, prod: 0.166792, t_ads: 26.4, t_des: 24.1, bed_util_ads: 0.497, bed_util_des: 0.497, des_th: 0.4971678787043913,frac_lost: 0.100, li_recovered:  8.428, time: 0.02776419099973282
L: 0.50, u_super: 0.00208, sec: 112.488, prod: 0.046033, t_ads: 91.9, t_des: 80.7, bed_util_ads: 0.497, bed_util_des: 0.497, des_th: 0.4967196961409531,frac_lost: 0.101, li_recovered:  7.944, time: 0.03552569500061509
L: 0.50, u_super: 0.00172, sec: 93.413, prod: 0.037564, t_ads: 111.0, t_des: 96.1, bed_util_ads: 0.497, bed_util_des: 0.496, des_th: 0.49646124328515834,frac_lost: 0.102, li_recovered:  7.781, time: 0.0206792580011097
L: 0.50, u_super: 0.00829, sec: 474.304, prod: 0.187603, t_ads: 23.6, t_des: 21.7, bed_util_ads: 0.497, bed_util_des: 0.496, des_th: 0.4964644897082957,frac_lost: 0.106, li_recovered:  8.491, time: 0.026402842999232234
L: 51.63, u_super: 0.00871 — INFEASIBLE (li_recovered=0.000e+00), time: 0.004824027000722708
L: 0.50, u_super: 0.00520, sec: 1208.340, prod: 0.027791, t_ads: 37.8, t_des: 277.6, bed_util_ads: 0.257, bed_util_des: 0.253, des_th: 0.2533802190413158,frac_lost: 0.106, li_recovered:  8.764, time: 0.1158272680004302
L: 0.50, u_super: 0.00439, sec: 240.018, prod: 0.098538, t_ads: 44.4, t_des: 39.6, bed_util_ads: 0.499, bed_util_des: 0.499, des_th: 0.49928480083447013,frac_lost: 0.106, li_recovered:  8.280, time: 0.03139462299986917
L: 0.50, u_super: 0.00987, sec: 575.140, prod: 0.223648, t_ads: 19.8, t_des: 18.0, bed_util_ads: 0.500, bed_util_des: 0.500, des_th: 0.4999056656281767,frac_lost: 0.106, li_recovered:  8.454, time: 0.02541048300008697
L: 0.50, u_super: 0.00487, sec: 270.378, prod: 0.108427, t_ads: 39.9, t_des: 39.2, bed_util_ads: 0.487, bed_util_des: 0.487, des_th: 0.4869049587809966,frac_lost: 0.103, li_recovered:  8.580, time: 0.021384277000834118
L: 0.50, u_super: 0.00877, sec: 504.119, prod: 0.198500, t_ads: 22.3, t_des: 20.0, bed_util_ads: 0.500, bed_util_des: 0.500, des_th: 0.49973997713351614,frac_lost: 0.106, li_recovered:  8.401, time: 0.018164906001402414
L: 0.50, u_super: 0.00406, sec: 221.153, prod: 0.091153, t_ads: 47.8, t_des: 42.7, bed_util_ads: 0.499, bed_util_des: 0.499, des_th: 0.49873099469737076,frac_lost: 0.104, li_recovered:  8.255, time: 0.020912889998726314
L: 0.50, u_super: 0.00900, sec: 520.233, prod: 0.203230, t_ads: 21.7, t_des: 20.4, bed_util_ads: 0.495, bed_util_des: 0.494, des_th: 0.49440469278799665,frac_lost: 0.106, li_recovered:  8.561, time: 0.02530172200022207
L: 0.50, u_super: 0.00990, sec: 578.106, prod: 0.223996, t_ads: 19.8, t_des: 18.4, bed_util_ads: 0.497, bed_util_des: 0.497, des_th: 0.4966876914867879,frac_lost: 0.106, li_recovered:  8.543, time: 0.015635022000424215
L: 20.04, u_super: 0.00170 — INFEASIBLE (li_recovered=0.000e+00), time: 0.0028384199995343806
L: 0.50, u_super: 0.00705, sec: 396.742, prod: 0.159679, t_ads: 27.5, t_des: 24.6, bed_util_ads: 0.500, bed_util_des: 0.500, des_th: 0.49991339678917557,frac_lost: 0.101, li_recovered:  8.327, time: 0.024915780000810628
L: 0.50, u_super: 0.00027 — INFEASIBLE (li_recovered=0.000e+00), time: 0.005453847001263057
L: 0.50, u_super: 0.00057, sec: 37.628, prod: 0.010056, t_ads: 329.6, t_des: 461.9, bed_util_ads: 0.416, bed_util_des: 0.407, des_th: 0.4071492375460003,frac_lost: 0.107, li_recovered:  7.959, time: 0.023222280000481987
L: 0.50, u_super: 0.00848, sec: 489.569, prod: 0.190460, t_ads: 23.1, t_des: 22.1, bed_util_ads: 0.491, bed_util_des: 0.491, des_th: 0.4910590890587085,frac_lost: 0.106, li_recovered:  8.611, time: 0.015804746999492636
L: 0.50, u_super: 0.00094, sec: 52.031, prod: 0.020031, t_ads: 199.3, t_des: 176.1, bed_util_ads: 0.486, bed_util_des: 0.485, des_th: 0.48533242562971896,frac_lost: 0.105, li_recovered:  7.519, time: 0.011735256000974914
L: 21.27, u_super: 0.00118 — INFEASIBLE (li_recovered=0.000e+00), time: 0.0023057260004861746
   753 |    30120 |     40 |  0.0043558739 |             f
L: 0.50, u_super: 0.00082, sec: 45.393, prod: 0.017516, t_ads: 227.8, t_des: 219.0, bed_util_ads: 0.474, bed_util_des: 0.472, des_th: 0.47199158051646334,frac_lost: 0.106, li_recovered:  7.826, time: 0.017819645001509343
L: 0.50, u_super: 0.00736, sec: 4956.515, prod: 0.013976, t_ads: 26.6, t_des: 601.8, bed_util_ads: 0.166, bed_util_des: 0.162, des_th: 0.16199285041439335,frac_lost: 0.102, li_recovered:  8.783, time: 0.2198182119991543
L: 0.50, u_super: 0.00208, sec: 112.488, prod: 0.046033, t_ads: 91.9, t_des: 80.7, bed_util_ads: 0.497, bed_util_des: 0.497, des_th: 0.4967196961409531,frac_lost: 0.101, li_recovered:  7.944, time: 0.01266046100136009
L: 0.50, u_super: 0.00590, sec: 331.141, prod: 0.131795, t_ads: 32.9, t_des: 32.3, bed_util_ads: 0.488, bed_util_des: 0.488, des_th: 0.48819369147431046,frac_lost: 0.102, li_recovered:  8.600, time: 0.026800416000696714
L: 0.50, u_super: 0.00174, sec: 95.127, prod: 0.037883, t_ads: 109.9, t_des: 93.7, bed_util_ads: 0.499, bed_util_des: 0.499, des_th: 0.49874686755565406,frac_lost: 0.104, li_recovered:  7.710, time: 0.020248988001185353
L: 0.50, u_super: 0.00332, sec: 179.088, prod: 0.074439, t_ads: 58.1, t_des: 52.4, bed_util_ads: 0.497, bed_util_des: 0.497, des_th: 0.49712053968796566,frac_lost: 0.100, li_recovered:  8.223, time: 0.02148169900101493
L: 0.50, u_super: 0.00987, sec: 574.738, prod: 0.223804, t_ads: 19.8, t_des: 18.0, bed_util_ads: 0.500, bed_util_des: 0.500, des_th: 0.49973623433387926,frac_lost: 0.105, li_recovered:  8.459, time: 0.02134339700023702
L: 18.08, u_super: 0.00353 — INFEASIBLE (li_recovered=0.000e+00), time: 0.0031950030006555608
L: 0.50, u_super: 0.00990, sec: 576.377, prod: 0.224668, t_ads: 19.7, t_des: 17.7, bed_util_ads: 0.500, bed_util_des: 0.500, des_th: 0.49986721747086765,frac_lost: 0.103, li_recovered:  8.403, time: 0.012137582998548169
L: 0.50, u_super: 0.00507, sec: 279.107, prod: 0.114484, t_ads: 38.3, t_des: 35.5, bed_util_ads: 0.495, bed_util_des: 0.494, des_th: 0.4944907978178019,frac_lost: 0.103, li_recovered:  8.441, time: 0.018786329999784357
L: 0.50, u_super: 0.00936, sec: 541.569, prod: 0.212095, t_ads: 20.9, t_des: 18.9, bed_util_ads: 0.500, bed_util_des: 0.500, des_th: 0.49967014124364184,frac_lost: 0.105, li_recovered:  8.443, time: 0.016210189000048558
L: 0.50, u_super: 0.00310, sec: 167.049, prod: 0.069381, t_ads: 62.4, t_des: 57.5, bed_util_ads: 0.494, bed_util_des: 0.493, des_th: 0.49319365550043115,frac_lost: 0.104, li_recovered:  8.323, time: 0.012761642001350992
L: 28.38, u_super: 0.00983 — INFEASIBLE (li_recovered=0.000e+00), time: 0.012498650999987149
L: 0.50, u_super: 0.00022, sec: 24.229, prod: 0.002280, t_ads: 878.0, t_des: 2708.6, bed_util_ads: 0.287, bed_util_des: 0.238, des_th: 0.23833027718727118,frac_lost: 0.102, li_recovered:  8.177, time: 0.0356470389997412
L: 0.50, u_super: 0.00529, sec: 294.770, prod: 0.118037, t_ads: 36.7, t_des: 36.1, bed_util_ads: 0.487, bed_util_des: 0.487, des_th: 0.4869049587809966,frac_lost: 0.102, li_recovered:  8.586, time: 0.018696319000810036
L: 0.50, u_super: 0.00668, sec: 374.099, prod: 0.151063, t_ads: 29.1, t_des: 26.0, bed_util_ads: 0.500, bed_util_des: 0.500, des_th: 0.4999532185165683,frac_lost: 0.101, li_recovered:  8.315, time: 0.02102575400022033
L: 0.50, u_super: 0.00356, sec: 193.216, prod: 0.079834, t_ads: 54.6, t_des: 49.4, bed_util_ads: 0.497, bed_util_des: 0.497, des_th: 0.4968781588573303,frac_lost: 0.107, li_recovered:  8.306, time: 0.0174086349998106
L: 0.50, u_super: 0.00590, sec: 327.462, prod: 0.133359, t_ads: 32.9, t_des: 29.7, bed_util_ads: 0.499, bed_util_des: 0.499, des_th: 0.4989162764117513,frac_lost: 0.103, li_recovered:  8.358, time: 0.023221415000080015
L: 0.50, u_super: 0.00785, sec: 446.976, prod: 0.177480, t_ads: 25.0, t_des: 22.6, bed_util_ads: 0.499, bed_util_des: 0.499, des_th: 0.498996375094275,frac_lost: 0.108, li_recovered:  8.442, time: 0.013199695000366773
L: 0.50, u_super: 0.00526, sec: 289.430, prod: 0.118792, t_ads: 36.8, t_des: 34.2, bed_util_ads: 0.495, bed_util_des: 0.494, des_th: 0.4944907978178019,frac_lost: 0.101, li_recovered:  8.444, time: 0.04020401900015713
L: 87.28, u_super: 0.00006 — INFEASIBLE (li_recovered=0.000e+00), time: 0.001745715000652126
L: 0.50, u_super: 0.00795, sec: 451.758, prod: 0.180233, t_ads: 24.5, t_des: 22.1, bed_util_ads: 0.499, bed_util_des: 0.499, des_th: 0.4987425606262034,frac_lost: 0.102, li_recovered:  8.385, time: 0.012804702999346773
L: 0.50, u_super: 0.00963, sec: 559.322, prod: 0.218463, t_ads: 20.3, t_des: 18.4, bed_util_ads: 0.499, bed_util_des: 0.499, des_th: 0.49928480083447013,frac_lost: 0.104, li_recovered:  8.453, time: 0.02128225900014513
L: 0.50, u_super: 0.00710, sec: 398.937, prod: 0.160898, t_ads: 27.3, t_des: 24.7, bed_util_ads: 0.499, bed_util_des: 0.499, des_th: 0.49909396549064794,frac_lost: 0.100, li_recovered:  8.376, time: 0.016430392999609467
L: 0.50, u_super: 0.00844, sec: 519.193, prod: 0.177800, t_ads: 23.1, t_des: 25.8, bed_util_ads: 0.472, bed_util_des: 0.472, des_th: 0.4719288123126735,frac_lost: 0.104, li_recovered:  8.704, time: 0.01993132300049183
L: 0.50, u_super: 0.00112, sec: 205.534, prod: 0.007189, t_ads: 175.2, t_des: 1035.5, bed_util_ads: 0.267, bed_util_des: 0.251, des_th: 0.25070854356518224,frac_lost: 0.105, li_recovered:  8.703, time: 0.07132644600096683
L: 0.50, u_super: 0.00900, sec: 519.700, prod: 0.203439, t_ads: 21.8, t_des: 20.1, bed_util_ads: 0.497, bed_util_des: 0.497, des_th: 0.49698597367361036,frac_lost: 0.107, li_recovered:  8.527, time: 0.013548130000344827
L: 0.50, u_super: 0.00576, sec: 320.149, prod: 0.129786, t_ads: 34.0, t_des: 30.5, bed_util_ads: 0.500, bed_util_des: 0.500, des_th: 0.4998483863535261,frac_lost: 0.109, li_recovered:  8.373, time: 0.02487960100006603
L: 0.50, u_super: 0.00035, sec: 69.758, prod: 0.001999, t_ads: 573.3, t_des: 3807.2, bed_util_ads: 0.234, bed_util_des: 0.185, des_th: 0.1851696623157332,frac_lost: 0.102, li_recovered:  8.757, time: 0.0684035539998149
L: 0.50, u_super: 0.00795, sec: 451.976, prod: 0.180146, t_ads: 24.5, t_des: 22.1, bed_util_ads: 0.499, bed_util_des: 0.499, des_th: 0.49881238024348795,frac_lost: 0.102, li_recovered:  8.385, time: 0.02814990399929229
L: 0.50, u_super: 0.00798, sec: 453.834, prod: 0.180789, t_ads: 24.3, t_des: 22.8, bed_util_ads: 0.494, bed_util_des: 0.494, des_th: 0.4940986472560884,frac_lost: 0.100, li_recovered:  8.519, time: 0.01730503500039049
L: 28.09, u_super: 0.00248 — INFEASIBLE (li_recovered=0.000e+00), time: 0.002314576000571833
L: 0.50, u_super: 0.00501, sec: 350.383, prod: 0.089007, t_ads: 38.8, t_des: 58.7, bed_util_ads: 0.433, bed_util_des: 0.432, des_th: 0.4315579140333303,frac_lost: 0.102, li_recovered:  8.676, time: 0.016818432000945904
L: 0.50, u_super: 0.00566, sec: 313.285, prod: 0.127950, t_ads: 34.3, t_des: 31.1, bed_util_ads: 0.498, bed_util_des: 0.498, des_th: 0.4979726306921118,frac_lost: 0.102, li_recovered:  8.366, time: 0.02253305299927888
L: 0.50, u_super: 0.00244, sec: 131.187, prod: 0.054177, t_ads: 79.1, t_des: 70.5, bed_util_ads: 0.497, bed_util_des: 0.497, des_th: 0.49661032383355486,frac_lost: 0.103, li_recovered:  8.100, time: 0.025487165001322865
L: 0.50, u_super: 0.00673, sec: 378.117, prod: 0.151824, t_ads: 29.1, t_des: 26.1, bed_util_ads: 0.500, bed_util_des: 0.500, des_th: 0.49996539543205837,frac_lost: 0.108, li_recovered:  8.384, time: 0.023000695999144227
L: 0.50, u_super: 0.00210, sec: 113.894, prod: 0.045958, t_ads: 92.1, t_des: 79.1, bed_util_ads: 0.500, bed_util_des: 0.500, des_th: 0.49998799698664476,frac_lost: 0.107, li_recovered:  7.869, time: 0.023167093999290955
L: 0.50, u_super: 0.00021 — INFEASIBLE (li_recovered=0.000e+00), time: 0.010827808000613004
L: 0.50, u_super: 0.00979, sec: 569.669, prod: 0.221964, t_ads: 20.0, t_des: 18.1, bed_util_ads: 0.500, bed_util_des: 0.500, des_th: 0.4996327318025429,frac_lost: 0.105, li_recovered:  8.449, time: 0.022442282999691088
L: 0.50, u_super: 0.00261, sec: 223.988, prod: 0.036551, t_ads: 74.3, t_des: 161.9, bed_util_ads: 0.385, bed_util_des: 0.382, des_th: 0.3815753770281566,frac_lost: 0.102, li_recovered:  8.634, time: 0.037832167001397465
   754 |    30160 |     40 |  0.0025565265 |             f
L: 13.86, u_super: 0.00493 — INFEASIBLE (li_recovered=0.000e+00), time: 0.004525622000073781
L: 0.50, u_super: 0.00101 — INFEASIBLE (li_recovered=0.000e+00), time: 0.008110579999993206
L: 0.50, u_super: 0.00411, sec: 224.396, prod: 0.092458, t_ads: 47.3, t_des: 42.8, bed_util_ads: 0.498, bed_util_des: 0.498, des_th: 0.49765292315316223,frac_lost: 0.107, li_recovered:  8.329, time: 0.01747586199962825
L: 0.50, u_super: 0.00229, sec: 124.110, prod: 0.050397, t_ads: 84.5, t_des: 73.1, bed_util_ads: 0.499, bed_util_des: 0.499, des_th: 0.49909396549064794,frac_lost: 0.108, li_recovered:  7.944, time: 0.022417557000153465
L: 0.50, u_super: 0.00383, sec: 208.570, prod: 0.086066, t_ads: 50.8, t_des: 46.0, bed_util_ads: 0.497, bed_util_des: 0.497, des_th: 0.4971602542950717,frac_lost: 0.107, li_recovered:  8.329, time: 0.021744466001109686
L: 0.50, u_super: 0.00332, sec: 179.088, prod: 0.074439, t_ads: 58.1, t_des: 52.4, bed_util_ads: 0.497, bed_util_des: 0.497, des_th: 0.49712053968796566,frac_lost: 0.100, li_recovered:  8.223, time: 0.01801862100001017
L: 0.50, u_super: 0.00103, sec: 64.535, prod: 0.019211, t_ads: 186.1, t_des: 244.9, bed_util_ads: 0.437, bed_util_des: 0.433, des_th: 0.43270326270348597,frac_lost: 0.107, li_recovered:  8.280, time: 0.029673782000827487
L: 0.50, u_super: 0.00918, sec: 530.175, prod: 0.207900, t_ads: 21.3, t_des: 19.4, bed_util_ads: 0.500, bed_util_des: 0.499, des_th: 0.49941800771673645,frac_lost: 0.106, li_recovered:  8.458, time: 0.021691493999242084
L: 0.50, u_super: 0.00397, sec: 216.700, prod: 0.088948, t_ads: 49.0, t_des: 43.2, bed_util_ads: 0.500, bed_util_des: 0.500, des_th: 0.4998555485059749,frac_lost: 0.106, li_recovered:  8.200, time: 0.015265924999766867
L: 0.50, u_super: 0.00507, sec: 279.149, prod: 0.114467, t_ads: 38.3, t_des: 35.4, bed_util_ads: 0.495, bed_util_des: 0.495, des_th: 0.49526227037907783,frac_lost: 0.103, li_recovered:  8.440, time: 0.023239854999701492
L: 6.30, u_super: 0.00423, sec: 11299.592, prod: 0.024561, t_ads: 590.8, t_des: 3903.8, bed_util_ads: 0.233, bed_util_des: 0.184, des_th: 0.18371638478611454,frac_lost: 0.102, li_recovered:  110.394, time: 0.06383032599842409
L: 0.50, u_super: 0.00426, sec: 243.625, prod: 0.091434, t_ads: 45.7, t_des: 48.7, bed_util_ads: 0.477, bed_util_des: 0.476, des_th: 0.47600342352955943,frac_lost: 0.105, li_recovered:  8.627, time: 0.024458054000206175
L: 34.74, u_super: 0.00472 — INFEASIBLE (li_recovered=0.000e+00), time: 0.01348536499972397
L: 0.50, u_super: 0.00307, sec: 166.149, prod: 0.068470, t_ads: 62.8, t_des: 55.2, bed_util_ads: 0.500, bed_util_des: 0.499, des_th: 0.4994529961141446,frac_lost: 0.102, li_recovered:  8.082, time: 0.020816387999730068
L: 0.50, u_super: 0.00588, sec: 332.892, prod: 0.130481, t_ads: 33.0, t_des: 33.1, bed_util_ads: 0.485, bed_util_des: 0.485, des_th: 0.4849374813690832,frac_lost: 0.102, li_recovered:  8.627, time: 0.02138101399941661
L: 0.50, u_super: 0.00077 — INFEASIBLE (li_recovered=0.000e+00), time: 0.011622788999375189
L: 35.23, u_super: 0.00900 — INFEASIBLE (li_recovered=0.000e+00), time: 0.004666142000132822
L: 0.50, u_super: 0.00051, sec: 94.414, prod: 0.003223, t_ads: 386.4, t_des: 2311.0, bed_util_ads: 0.252, bed_util_des: 0.218, des_th: 0.21835749863700776,frac_lost: 0.105, li_recovered:  8.694, time: 0.0690462970014778
L: 0.50, u_super: 0.00261, sec: 141.566, prod: 0.057832, t_ads: 73.8, t_des: 64.0, bed_util_ads: 0.500, bed_util_des: 0.500, des_th: 0.49999289837081323,frac_lost: 0.103, li_recovered:  7.970, time: 0.02357240899982571
L: 0.50, u_super: 0.00141, sec: 77.688, prod: 0.030106, t_ads: 134.6, t_des: 113.1, bed_util_ads: 0.499, bed_util_des: 0.499, des_th: 0.49909396549064794,frac_lost: 0.101, li_recovered:  7.457, time: 0.02087745599965274
L: 0.50, u_super: 0.00956, sec: 565.177, prod: 0.212739, t_ads: 20.4, t_des: 20.3, bed_util_ads: 0.487, bed_util_des: 0.487, des_th: 0.4869049587809966,frac_lost: 0.104, li_recovered:  8.670, time: 0.025440232999244472
L: 0.50, u_super: 0.00771, sec: 521.252, prod: 0.146573, t_ads: 25.4, t_des: 34.1, bed_util_ads: 0.450, bed_util_des: 0.449, des_th: 0.4492240096075541,frac_lost: 0.106, li_recovered:  8.710, time: 0.030846471001495956
L: 0.50, u_super: 0.00022, sec: 23.589, prod: 0.002342, t_ads: 874.6, t_des: 2596.8, bed_util_ads: 0.290, bed_util_des: 0.243, des_th: 0.24330325249857743,frac_lost: 0.102, li_recovered:  8.129, time: 0.03828476399939973
L: 0.50, u_super: 0.00742, sec: 420.419, prod: 0.167630, t_ads: 26.4, t_des: 23.9, bed_util_ads: 0.499, bed_util_des: 0.499, des_th: 0.49874480905841817,frac_lost: 0.108, li_recovered:  8.433, time: 0.02170813900011126
L: 0.50, u_super: 0.00091, sec: 283.856, prod: 0.003405, t_ads: 217.4, t_des: 2367.1, bed_util_ads: 0.210, bed_util_des: 0.185, des_th: 0.1851696623157332,frac_lost: 0.103, li_recovered:  8.800, time: 0.15555429099913454
L: 20.89, u_super: 0.00859 — INFEASIBLE (li_recovered=0.000e+00), time: 0.006300753999312292
L: 0.50, u_super: 0.00700, sec: 464.864, prod: 0.134024, t_ads: 27.9, t_des: 37.0, bed_util_ads: 0.451, bed_util_des: 0.451, des_th: 0.45068890771371034,frac_lost: 0.105, li_recovered:  8.701, time: 0.02552955499959353
L: 0.50, u_super: 0.00625, sec: 348.671, prod: 0.141285, t_ads: 31.1, t_des: 27.7, bed_util_ads: 0.500, bed_util_des: 0.500, des_th: 0.49997068117306737,frac_lost: 0.102, li_recovered:  8.305, time: 0.028080809001039597
L: 0.50, u_super: 0.00899, sec: 519.640, prod: 0.203046, t_ads: 21.8, t_des: 20.4, bed_util_ads: 0.495, bed_util_des: 0.495, des_th: 0.49451810621028736,frac_lost: 0.106, li_recovered:  8.558, time: 0.016381849000026705
L: 0.50, u_super: 0.00095 — INFEASIBLE (li_recovered=0.000e+00), time: 0.01096517599944491
L: 0.50, u_super: 0.00005 — INFEASIBLE (li_recovered=0.000e+00), time: 0.007851002999814227
L: 0.50, u_super: 0.00270, sec: 145.740, prod: 0.059957, t_ads: 71.5, t_des: 62.8, bed_util_ads: 0.499, bed_util_des: 0.499, des_th: 0.49874686755565406,frac_lost: 0.103, li_recovered:  8.057, time: 0.012096434998966288
L: 0.50, u_super: 0.00990, sec: 577.012, prod: 0.224421, t_ads: 19.7, t_des: 17.9, bed_util_ads: 0.499, bed_util_des: 0.499, des_th: 0.4987170990898818,frac_lost: 0.106, li_recovered:  8.449, time: 0.020567814999594702
L: 0.50, u_super: 0.00772, sec: 439.513, prod: 0.174469, t_ads: 25.4, t_des: 23.2, bed_util_ads: 0.497, bed_util_des: 0.497, des_th: 0.4970684007020998,frac_lost: 0.109, li_recovered:  8.481, time: 0.02201450000029581
L: 0.50, u_super: 0.00976, sec: 567.263, prod: 0.221281, t_ads: 20.0, t_des: 18.2, bed_util_ads: 0.499, bed_util_des: 0.499, des_th: 0.49928480083447013,frac_lost: 0.104, li_recovered:  8.452, time: 0.01918312199995853
L: 82.23, u_super: 0.00633 — INFEASIBLE (li_recovered=0.000e+00), time: 0.002405327000815305
L: 0.50, u_super: 0.00625, sec: 348.084, prod: 0.141523, t_ads: 31.0, t_des: 28.1, bed_util_ads: 0.499, bed_util_des: 0.499, des_th: 0.49863862337847037,frac_lost: 0.101, li_recovered:  8.360, time: 0.02021882200097025
L: 0.50, u_super: 0.00768, sec: 521.271, prod: 0.145513, t_ads: 25.4, t_des: 34.4, bed_util_ads: 0.449, bed_util_des: 0.448, des_th: 0.44810754609149833,frac_lost: 0.105, li_recovered:  8.709, time: 0.026336821998484083
L: 0.50, u_super: 0.00820, sec: 4177.117, prod: 0.020837, t_ads: 23.9, t_des: 397.5, bed_util_ads: 0.188, bed_util_des: 0.185, des_th: 0.1851696623157332,frac_lost: 0.104, li_recovered:  8.781, time: 0.18453472799956216
L: 0.50, u_super: 0.00018 — INFEASIBLE (li_recovered=0.000e+00), time: 0.00450089200057846
   755 |    30200 |     40 |  0.0031211959 |             f
L: 0.50, u_super: 0.00439, sec: 240.317, prod: 0.098817, t_ads: 44.2, t_des: 39.5, bed_util_ads: 0.499, bed_util_des: 0.499, des_th: 0.49922610408568097,frac_lost: 0.105, li_recovered:  8.276, time: 0.029606898000565707
L: 0.50, u_super: 0.00464, sec: 256.358, prod: 0.103835, t_ads: 41.9, t_des: 40.4, bed_util_ads: 0.490, bed_util_des: 0.490, des_th: 0.48984975761305893,frac_lost: 0.105, li_recovered:  8.546, time: 0.028211471000759047
L: 0.50, u_super: 0.00084 — INFEASIBLE (li_recovered=0.000e+00), time: 0.009381400999700418
L: 1.67, u_super: 0.00684, sec: 1328.326, prod: 0.149761, t_ads: 93.6, t_des: 79.9, bed_util_ads: 0.500, bed_util_des: 0.500, des_th: 0.49976822213028604,frac_lost: 0.103, li_recovered:  25.987, time: 0.01823829999921145
L: 0.50, u_super: 0.00799, sec: 453.889, prod: 0.181233, t_ads: 24.3, t_des: 22.2, bed_util_ads: 0.497, bed_util_des: 0.497, des_th: 0.49706607317592516,frac_lost: 0.101, li_recovered:  8.434, time: 0.02283345900104905
L: 0.50, u_super: 0.00057 — INFEASIBLE (li_recovered=0.000e+00), time: 0.007067692999044084
L: 0.50, u_super: 0.00803, sec: 457.807, prod: 0.181579, t_ads: 24.4, t_des: 22.1, bed_util_ads: 0.500, bed_util_des: 0.499, des_th: 0.4994665655026311,frac_lost: 0.107, li_recovered:  8.434, time: 0.0222716379994381
L: 0.50, u_super: 0.00308, sec: 166.419, prod: 0.068765, t_ads: 62.8, t_des: 55.8, bed_util_ads: 0.498, bed_util_des: 0.498, des_th: 0.4979988771893875,frac_lost: 0.104, li_recovered:  8.158, time: 0.021552468000663794
L: 0.50, u_super: 0.00781, sec: 444.704, prod: 0.176401, t_ads: 25.1, t_des: 22.7, bed_util_ads: 0.500, bed_util_des: 0.500, des_th: 0.49994207386741885,frac_lost: 0.109, li_recovered:  8.446, time: 0.03616449599940097
L: 0.50, u_super: 0.00014, sec: 18.388, prod: 0.001267, t_ads: 1398.8, t_des: 5320.4, bed_util_ads: 0.249, bed_util_des: 0.175, des_th: 0.1752809581362381,frac_lost: 0.103, li_recovered:  8.513, time: 0.0739942569998675
L: 0.50, u_super: 0.00771, sec: 438.421, prod: 0.174028, t_ads: 25.5, t_des: 23.1, bed_util_ads: 0.499, bed_util_des: 0.499, des_th: 0.49874480905841817,frac_lost: 0.110, li_recovered:  8.447, time: 0.03180989400061662
L: 0.50, u_super: 0.00902, sec: 521.018, prod: 0.204219, t_ads: 21.7, t_des: 19.6, bed_util_ads: 0.499, bed_util_des: 0.499, des_th: 0.4989260957735475,frac_lost: 0.108, li_recovered:  8.443, time: 0.0201972749982815
L: 0.50, u_super: 0.00625, sec: 348.723, prod: 0.141264, t_ads: 31.2, t_des: 28.4, bed_util_ads: 0.498, bed_util_des: 0.498, des_th: 0.4978313594281597,frac_lost: 0.105, li_recovered:  8.423, time: 0.04042087000016181
L: 0.50, u_super: 0.00715, sec: 403.677, prod: 0.161740, t_ads: 27.3, t_des: 24.8, bed_util_ads: 0.499, bed_util_des: 0.499, des_th: 0.4988604878137788,frac_lost: 0.106, li_recovered:  8.426, time: 0.04114670099988871
L: 2.89, u_super: 0.00771, sec: 2619.591, prod: 0.168672, t_ads: 142.1, t_des: 130.8, bed_util_ads: 0.487, bed_util_des: 0.486, des_th: 0.4864765872887471,frac_lost: 0.101, li_recovered:  46.031, time: 0.04924868600028276
L: 0.50, u_super: 0.00174, sec: 94.942, prod: 0.037956, t_ads: 109.6, t_des: 93.9, bed_util_ads: 0.499, bed_util_des: 0.499, des_th: 0.4987492096548711,frac_lost: 0.103, li_recovered:  7.724, time: 0.040047698999842396
L: 0.50, u_super: 0.00398, sec: 217.121, prod: 0.089197, t_ads: 48.8, t_des: 43.1, bed_util_ads: 0.500, bed_util_des: 0.500, des_th: 0.4998488672721498,frac_lost: 0.105, li_recovered:  8.203, time: 0.020586218999596895
L: 25.12, u_super: 0.00557 — INFEASIBLE (li_recovered=0.000e+00), time: 0.011127281999506522
L: 0.50, u_super: 0.00590, sec: 327.247, prod: 0.133364, t_ads: 32.9, t_des: 30.1, bed_util_ads: 0.498, bed_util_des: 0.497, des_th: 0.4973373104732663,frac_lost: 0.103, li_recovered:  8.413, time: 0.023435851000613184
L: 0.50, u_super: 0.00990, sec: 576.784, prod: 0.224510, t_ads: 19.7, t_des: 17.9, bed_util_ads: 0.500, bed_util_des: 0.500, des_th: 0.49957238134156123,frac_lost: 0.105, li_recovered:  8.442, time: 0.018304676999832736
L: 14.29, u_super: 0.00268 — INFEASIBLE (li_recovered=0.000e+00), time: 0.0033171000013680896
L: 0.50, u_super: 0.00710, sec: 405.226, prod: 0.158429, t_ads: 27.6, t_des: 26.8, bed_util_ads: 0.490, bed_util_des: 0.490, des_th: 0.48953453572798333,frac_lost: 0.108, li_recovered:  8.624, time: 0.05670602900136146
L: 0.84, u_super: 0.00369, sec: 341.338, prod: 0.081610, t_ads: 87.7, t_des: 77.3, bed_util_ads: 0.497, bed_util_des: 0.497, des_th: 0.49712053968796566,frac_lost: 0.106, li_recovered:  13.465, time: 0.01932282499910798
L: 0.50, u_super: 0.00244, sec: 136.414, prod: 0.052101, t_ads: 79.1, t_des: 84.3, bed_util_ads: 0.473, bed_util_des: 0.472, des_th: 0.4722671429474439,frac_lost: 0.102, li_recovered:  8.513, time: 0.025091213999985484
L: 0.50, u_super: 0.00182, sec: 110.590, prod: 0.035383, t_ads: 106.1, t_des: 133.4, bed_util_ads: 0.450, bed_util_des: 0.448, des_th: 0.44810754609149833,frac_lost: 0.104, li_recovered:  8.476, time: 0.022172794999278267
L: 0.50, u_super: 0.00118, sec: 63.869, prod: 0.025503, t_ads: 161.4, t_des: 146.5, bed_util_ads: 0.487, bed_util_des: 0.486, des_th: 0.48635669733730386,frac_lost: 0.106, li_recovered:  7.852, time: 0.021277395000652177
L: 0.50, u_super: 0.00607, sec: 337.604, prod: 0.137371, t_ads: 31.9, t_des: 28.6, bed_util_ads: 0.499, bed_util_des: 0.499, des_th: 0.49872584099968714,frac_lost: 0.100, li_recovered:  8.315, time: 0.018405133001579088
L: 0.50, u_super: 0.00825, sec: 471.757, prod: 0.186736, t_ads: 23.7, t_des: 21.5, bed_util_ads: 0.499, bed_util_des: 0.499, des_th: 0.4987498274379077,frac_lost: 0.107, li_recovered:  8.436, time: 0.024033359999521053
L: 89.47, u_super: 0.00608 — INFEASIBLE (li_recovered=0.000e+00), time: 0.01591946100052155
L: 13.11, u_super: 0.00475 — INFEASIBLE (li_recovered=0.000e+00), time: 0.004888798999672872
L: 0.50, u_super: 0.00582, sec: 322.466, prod: 0.131523, t_ads: 33.3, t_des: 29.9, bed_util_ads: 0.500, bed_util_des: 0.500, des_th: 0.49960489969539007,frac_lost: 0.101, li_recovered:  8.319, time: 0.02018897699963418
L: 0.50, u_super: 0.00056, sec: 31.948, prod: 0.011344, t_ads: 329.4, t_des: 344.7, bed_util_ads: 0.453, bed_util_des: 0.449, des_th: 0.44886992086166577,frac_lost: 0.104, li_recovered:  7.648, time: 0.013480782999977237
L: 0.50, u_super: 0.00816, sec: 466.128, prod: 0.184489, t_ads: 24.0, t_des: 21.8, bed_util_ads: 0.499, bed_util_des: 0.499, des_th: 0.4992295799078527,frac_lost: 0.108, li_recovered:  8.444, time: 0.011409079999793903
L: 7.68, u_super: 0.00461 — INFEASIBLE (li_recovered=0.000e+00), time: 0.007056467000438715
L: 0.50, u_super: 0.00990, sec: 579.715, prod: 0.223375, t_ads: 19.7, t_des: 18.8, bed_util_ads: 0.493, bed_util_des: 0.493, des_th: 0.493181775726498,frac_lost: 0.103, li_recovered:  8.603, time: 0.035572634000345715
L: 0.50, u_super: 0.00040 — INFEASIBLE (li_recovered=0.000e+00), time: 0.0073554959999455605
L: 0.50, u_super: 0.00684, sec: 386.464, prod: 0.154045, t_ads: 28.6, t_des: 26.8, bed_util_ads: 0.495, bed_util_des: 0.494, des_th: 0.4944458275509184,frac_lost: 0.109, li_recovered:  8.544, time: 0.012404963999870233
L: 0.50, u_super: 0.00183, sec: 102.302, prod: 0.038753, t_ads: 105.5, t_des: 112.2, bed_util_ads: 0.471, bed_util_des: 0.470, des_th: 0.4695242416373797,frac_lost: 0.106, li_recovered:  8.436, time: 0.041036233998966054
L: 0.50, u_super: 0.00082 — INFEASIBLE (li_recovered=0.000e+00), time: 0.019069576999754645
L: 31.71, u_super: 0.00346 — INFEASIBLE (li_recovered=0.000e+00), time: 0.0031116850004764274
   756 |    30240 |     40 |  0.0029532183 |             f
L: 0.50, u_super: 0.00859, sec: 493.161, prod: 0.194260, t_ads: 22.8, t_des: 20.6, bed_util_ads: 0.499, bed_util_des: 0.499, des_th: 0.49909396549064794,frac_lost: 0.108, li_recovered:  8.439, time: 0.027083316001153435
L: 0.50, u_super: 0.00864, sec: 496.166, prod: 0.195425, t_ads: 22.7, t_des: 20.5, bed_util_ads: 0.500, bed_util_des: 0.500, des_th: 0.49957164889937417,frac_lost: 0.107, li_recovered:  8.444, time: 0.03200775400000566
L: 0.50, u_super: 0.00421, sec: 257.174, prod: 0.084637, t_ads: 46.1, t_des: 56.0, bed_util_ads: 0.460, bed_util_des: 0.459, des_th: 0.45889601336646213,frac_lost: 0.103, li_recovered:  8.639, time: 0.028372673999911058
L: 0.50, u_super: 0.00877, sec: 504.190, prod: 0.198471, t_ads: 22.3, t_des: 20.0, bed_util_ads: 0.500, bed_util_des: 0.500, des_th: 0.4997816754044071,frac_lost: 0.106, li_recovered:  8.401, time: 0.0239503609991516
L: 0.50, u_super: 0.00816, sec: 465.585, prod: 0.184935, t_ads: 23.9, t_des: 21.8, bed_util_ads: 0.499, bed_util_des: 0.499, des_th: 0.4988976708260413,frac_lost: 0.104, li_recovered:  8.441, time: 0.02506541799994011
L: 6.79, u_super: 0.00646, sec: 5919.112, prod: 0.121029, t_ads: 385.3, t_des: 475.6, bed_util_ads: 0.426, bed_util_des: 0.418, des_th: 0.4181802628684479,frac_lost: 0.103, li_recovered:  104.188, time: 0.024371694000365096
L: 0.50, u_super: 0.00082, sec: 47.395, prod: 0.016777, t_ads: 228.1, t_des: 252.6, bed_util_ads: 0.456, bed_util_des: 0.452, des_th: 0.4524870183491469,frac_lost: 0.104, li_recovered:  8.064, time: 0.024209924000388128
L: 0.50, u_super: 0.00208, sec: 112.964, prod: 0.045839, t_ads: 92.8, t_des: 80.6, bed_util_ads: 0.498, bed_util_des: 0.498, des_th: 0.49755926426298835,frac_lost: 0.109, li_recovered:  7.947, time: 0.021024477000537445
L: 61.54, u_super: 0.00771 — INFEASIBLE (li_recovered=0.000e+00), time: 0.0057463180000922875
L: 46.64, u_super: 0.00699 — INFEASIBLE (li_recovered=0.000e+00), time: 0.003835633000562666
L: 0.50, u_super: 0.00990, sec: 577.045, prod: 0.224408, t_ads: 19.8, t_des: 17.9, bed_util_ads: 0.500, bed_util_des: 0.499, des_th: 0.49950574809807474,frac_lost: 0.106, li_recovered:  8.453, time: 0.029868970001189155
L: 0.50, u_super: 0.00712, sec: 401.781, prod: 0.160768, t_ads: 27.5, t_des: 25.2, bed_util_ads: 0.497, bed_util_des: 0.497, des_th: 0.49692875196474967,frac_lost: 0.107, li_recovered:  8.477, time: 0.027529064000191283
L: 0.50, u_super: 0.00118 — INFEASIBLE (li_recovered=0.000e+00), time: 0.020764187000168022
L: 0.50, u_super: 0.00684, sec: 383.733, prod: 0.155141, t_ads: 28.3, t_des: 25.6, bed_util_ads: 0.499, bed_util_des: 0.499, des_th: 0.498996375094275,frac_lost: 0.100, li_recovered:  8.369, time: 0.024098889000015333
L: 0.50, u_super: 0.00296, sec: 159.581, prod: 0.066063, t_ads: 65.2, t_des: 58.0, bed_util_ads: 0.497, bed_util_des: 0.497, des_th: 0.4968781588573303,frac_lost: 0.102, li_recovered:  8.140, time: 0.026464941998710856
L: 0.50, u_super: 0.00902, sec: 541.655, prod: 0.196439, t_ads: 21.6, t_des: 22.7, bed_util_ads: 0.481, bed_util_des: 0.480, des_th: 0.48026302313297864,frac_lost: 0.104, li_recovered:  8.697, time: 0.03991830500126525
L: 0.50, u_super: 0.00141, sec: 77.688, prod: 0.030106, t_ads: 134.6, t_des: 113.1, bed_util_ads: 0.499, bed_util_des: 0.499, des_th: 0.49909396549064794,frac_lost: 0.101, li_recovered:  7.457, time: 0.024172095998437726
L: 0.50, u_super: 0.00936, sec: 541.569, prod: 0.212095, t_ads: 20.9, t_des: 18.9, bed_util_ads: 0.500, bed_util_des: 0.500, des_th: 0.49967014124364184,frac_lost: 0.105, li_recovered:  8.443, time: 0.026075337000293075
L: 0.50, u_super: 0.00226, sec: 129.666, prod: 0.047084, t_ads: 85.5, t_des: 95.3, bed_util_ads: 0.468, bed_util_des: 0.466, des_th: 0.46638383829986674,frac_lost: 0.105, li_recovered:  8.513, time: 0.02480126899899915
L: 0.50, u_super: 0.00253, sec: 137.177, prod: 0.055963, t_ads: 76.3, t_des: 66.1, bed_util_ads: 0.499, bed_util_des: 0.499, des_th: 0.4989260957735475,frac_lost: 0.105, li_recovered:  7.972, time: 0.023362883999652695
L: 0.50, u_super: 0.00663, sec: 372.564, prod: 0.149670, t_ads: 29.5, t_des: 26.4, bed_util_ads: 0.500, bed_util_des: 0.500, des_th: 0.4999532185165683,frac_lost: 0.108, li_recovered:  8.373, time: 0.015064790000906214
L: 12.63, u_super: 0.00963 — INFEASIBLE (li_recovered=0.000e+00), time: 0.008866341999237193
L: 0.50, u_super: 0.00194, sec: 104.293, prod: 0.043104, t_ads: 98.3, t_des: 89.3, bed_util_ads: 0.493, bed_util_des: 0.492, des_th: 0.49212364833813527,frac_lost: 0.100, li_recovered:  8.083, time: 0.024499989000105415
L: 0.50, u_super: 0.00356, sec: 193.380, prod: 0.079766, t_ads: 54.6, t_des: 48.8, bed_util_ads: 0.499, bed_util_des: 0.498, des_th: 0.4984615884090139,frac_lost: 0.107, li_recovered:  8.253, time: 0.014440492999710841
L: 0.50, u_super: 0.00411, sec: 224.267, prod: 0.092511, t_ads: 47.2, t_des: 42.7, bed_util_ads: 0.497, bed_util_des: 0.497, des_th: 0.49692875196474967,frac_lost: 0.105, li_recovered:  8.321, time: 0.030348178999702213
L: 0.50, u_super: 0.00970, sec: 564.088, prod: 0.219642, t_ads: 20.2, t_des: 18.3, bed_util_ads: 0.499, bed_util_des: 0.499, des_th: 0.4988435587089087,frac_lost: 0.107, li_recovered:  8.457, time: 0.025196966000294196
L: 0.50, u_super: 0.00936, sec: 541.569, prod: 0.212095, t_ads: 20.9, t_des: 18.9, bed_util_ads: 0.500, bed_util_des: 0.500, des_th: 0.49967014124364184,frac_lost: 0.105, li_recovered:  8.443, time: 0.025611437000407022
L: 0.50, u_super: 0.00549, sec: 302.834, prod: 0.124004, t_ads: 35.4, t_des: 32.1, bed_util_ads: 0.498, bed_util_des: 0.498, des_th: 0.4979726306921118,frac_lost: 0.102, li_recovered:  8.368, time: 0.02274156299972674
L: 38.12, u_super: 0.00005 — INFEASIBLE (li_recovered=0.000e+00), time: 0.010979877999488963
L: 0.50, u_super: 0.00309, sec: 167.591, prod: 0.069008, t_ads: 62.4, t_des: 54.8, bed_util_ads: 0.499, bed_util_des: 0.499, des_th: 0.49893389587661124,frac_lost: 0.102, li_recovered:  8.086, time: 0.024200051000661915
L: 0.50, u_super: 0.00765, sec: 434.604, prod: 0.172870, t_ads: 25.6, t_des: 23.5, bed_util_ads: 0.497, bed_util_des: 0.497, des_th: 0.49697799369501494,frac_lost: 0.107, li_recovered:  8.485, time: 0.022824707000836497
L: 0.50, u_super: 0.00367, sec: 200.004, prod: 0.082201, t_ads: 53.0, t_des: 46.8, bed_util_ads: 0.500, bed_util_des: 0.500, des_th: 0.4999532185165683,frac_lost: 0.107, li_recovered:  8.199, time: 0.025535643000694108
L: 0.50, u_super: 0.00963, sec: 573.635, prod: 0.213012, t_ads: 20.2, t_des: 20.5, bed_util_ads: 0.485, bed_util_des: 0.485, des_th: 0.4848380351660107,frac_lost: 0.103, li_recovered:  8.684, time: 0.026725149000412785
L: 3.56, u_super: 0.00064, sec: 442.571, prod: 0.007613, t_ads: 2116.2, t_des: 5146.5, bed_util_ads: 0.260, bed_util_des: 0.185, des_th: 0.1851696623157332,frac_lost: 0.102, li_recovered:  55.287, time: 0.0395291000004363
L: 0.50, u_super: 0.00549, sec: 302.834, prod: 0.124004, t_ads: 35.4, t_des: 32.1, bed_util_ads: 0.498, bed_util_des: 0.498, des_th: 0.4979726306921118,frac_lost: 0.102, li_recovered:  8.368, time: 0.015298725000320701
L: 0.50, u_super: 0.00526, sec: 289.809, prod: 0.118636, t_ads: 36.9, t_des: 33.0, bed_util_ads: 0.499, bed_util_des: 0.499, des_th: 0.49921497563850975,frac_lost: 0.102, li_recovered:  8.285, time: 0.02699719200063555
L: 0.50, u_super: 0.00090, sec: 52.902, prod: 0.018020, t_ads: 210.5, t_des: 242.0, bed_util_ads: 0.453, bed_util_des: 0.449, des_th: 0.44886992086166577,frac_lost: 0.107, li_recovered:  8.155, time: 0.027050874999986263
L: 0.50, u_super: 0.00625, sec: 348.084, prod: 0.141523, t_ads: 31.0, t_des: 28.1, bed_util_ads: 0.499, bed_util_des: 0.499, des_th: 0.49863862337847037,frac_lost: 0.101, li_recovered:  8.360, time: 0.022831505999420187
L: 0.50, u_super: 0.00082 — INFEASIBLE (li_recovered=0.000e+00), time: 0.008856418999130256
L: 0.50, u_super: 0.00902, sec: 561.067, prod: 0.189642, t_ads: 21.7, t_des: 24.3, bed_util_ads: 0.472, bed_util_des: 0.472, des_th: 0.47172983980706407,frac_lost: 0.105, li_recovered:  8.710, time: 0.01905836699916108
   757 |    30280 |     40 |  0.0024369867 |             f
L: 0.50, u_super: 0.00173, sec: 93.710, prod: 0.037989, t_ads: 110.1, t_des: 108.8, bed_util_ads: 0.480, bed_util_des: 0.479, des_th: 0.47902691972645967,frac_lost: 0.100, li_recovered:  8.316, time: 0.026755151000543265
L: 0.50, u_super: 0.00873, sec: 501.977, prod: 0.197611, t_ads: 22.4, t_des: 20.3, bed_util_ads: 0.499, bed_util_des: 0.499, des_th: 0.49917793675363104,frac_lost: 0.107, li_recovered:  8.443, time: 0.024198526998588932
L: 0.50, u_super: 0.00200, sec: 108.564, prod: 0.043670, t_ads: 95.8, t_des: 82.1, bed_util_ads: 0.499, bed_util_des: 0.499, des_th: 0.4990652535599747,frac_lost: 0.101, li_recovered:  7.768, time: 0.036015902000144706
L: 0.50, u_super: 0.00082 — INFEASIBLE (li_recovered=0.000e+00), time: 0.009413996000148472
L: 0.50, u_super: 0.00781, sec: 550.585, prod: 0.142478, t_ads: 25.1, t_des: 36.1, bed_util_ads: 0.441, bed_util_des: 0.440, des_th: 0.4399766726933961,frac_lost: 0.106, li_recovered:  8.713, time: 0.030976154999734717
L: 2.23, u_super: 0.00005 — INFEASIBLE (li_recovered=0.000e+00), time: 0.009290160000091419
L: 0.50, u_super: 0.00990, sec: 576.856, prod: 0.224482, t_ads: 19.7, t_des: 17.9, bed_util_ads: 0.500, bed_util_des: 0.499, des_th: 0.4994268645580336,frac_lost: 0.105, li_recovered:  8.451, time: 0.023302985000555054
L: 0.50, u_super: 0.00550, sec: 303.357, prod: 0.124345, t_ads: 35.2, t_des: 32.1, bed_util_ads: 0.498, bed_util_des: 0.498, des_th: 0.4979927704316144,frac_lost: 0.101, li_recovered:  8.372, time: 0.02269765799974266
L: 0.50, u_super: 0.00661, sec: 369.891, prod: 0.149708, t_ads: 29.4, t_des: 26.5, bed_util_ads: 0.499, bed_util_des: 0.499, des_th: 0.4993572988750676,frac_lost: 0.102, li_recovered:  8.370, time: 0.014405632000489277
L: 0.50, u_super: 0.00816, sec: 466.357, prod: 0.184629, t_ads: 24.0, t_des: 21.8, bed_util_ads: 0.500, bed_util_des: 0.500, des_th: 0.4996849200443212,frac_lost: 0.107, li_recovered:  8.447, time: 0.034812490001058904
L: 0.50, u_super: 0.00776, sec: 442.057, prod: 0.175386, t_ads: 25.3, t_des: 22.9, bed_util_ads: 0.499, bed_util_des: 0.499, des_th: 0.4990438808911608,frac_lost: 0.109, li_recovered:  8.452, time: 0.034440587000062806
L: 0.50, u_super: 0.00586, sec: 325.330, prod: 0.132590, t_ads: 33.1, t_des: 30.4, bed_util_ads: 0.497, bed_util_des: 0.497, des_th: 0.4971602542950717,frac_lost: 0.103, li_recovered:  8.424, time: 0.014274477000071784
L: 0.50, u_super: 0.00742, sec: 497.561, prod: 0.141640, t_ads: 26.3, t_des: 35.1, bed_util_ads: 0.451, bed_util_des: 0.450, des_th: 0.44993122006482167,frac_lost: 0.105, li_recovered:  8.706, time: 0.021715929000492906
L: 0.50, u_super: 0.00130, sec: 77.738, prod: 0.025684, t_ads: 147.7, t_des: 177.6, bed_util_ads: 0.452, bed_util_des: 0.449, des_th: 0.449295059094988,frac_lost: 0.108, li_recovered:  8.356, time: 0.015162830000917893
L: 27.53, u_super: 0.00022 — INFEASIBLE (li_recovered=0.000e+00), time: 0.01239823499963677
L: 0.50, u_super: 0.00439, sec: 240.342, prod: 0.098494, t_ads: 44.5, t_des: 39.5, bed_util_ads: 0.499, bed_util_des: 0.499, des_th: 0.49928480083447013,frac_lost: 0.108, li_recovered:  8.271, time: 0.013740030000917614
L: 0.50, u_super: 0.00109 — INFEASIBLE (li_recovered=0.000e+00), time: 0.011956868000197574
L: 0.50, u_super: 0.00549, sec: 303.083, prod: 0.123902, t_ads: 35.3, t_des: 31.7, bed_util_ads: 0.499, bed_util_des: 0.498, des_th: 0.49849291878194774,frac_lost: 0.101, li_recovered:  8.306, time: 0.02275206500053173
L: 10.63, u_super: 0.00464 — INFEASIBLE (li_recovered=0.000e+00), time: 0.005452141998830484
L: 0.50, u_super: 0.00387, sec: 210.294, prod: 0.086852, t_ads: 50.3, t_des: 45.5, bed_util_ads: 0.497, bed_util_des: 0.497, des_th: 0.49692875196474967,frac_lost: 0.106, li_recovered:  8.321, time: 0.022689344001264544
L: 0.50, u_super: 0.00494, sec: 271.336, prod: 0.111370, t_ads: 39.3, t_des: 36.4, bed_util_ads: 0.496, bed_util_des: 0.496, des_th: 0.49566937459001514,frac_lost: 0.104, li_recovered:  8.437, time: 0.028707194000162417
L: 0.50, u_super: 0.00905, sec: 522.234, prod: 0.205063, t_ads: 21.6, t_des: 19.6, bed_util_ads: 0.500, bed_util_des: 0.500, des_th: 0.4997686831676632,frac_lost: 0.106, li_recovered:  8.441, time: 0.027233404998696642
L: 33.95, u_super: 0.00816 — INFEASIBLE (li_recovered=0.000e+00), time: 0.004969876999894041
L: 0.50, u_super: 0.00818, sec: 467.516, prod: 0.185171, t_ads: 23.9, t_des: 21.7, bed_util_ads: 0.499, bed_util_des: 0.499, des_th: 0.4987447772195753,frac_lost: 0.107, li_recovered:  8.438, time: 0.02526379499977338
L: 0.50, u_super: 0.00043 — INFEASIBLE (li_recovered=0.000e+00), time: 0.018789844998536864
L: 34.23, u_super: 0.00439 — INFEASIBLE (li_recovered=0.000e+00), time: 0.0046284480013127904
L: 0.50, u_super: 0.00582, sec: 322.487, prod: 0.131515, t_ads: 33.3, t_des: 29.9, bed_util_ads: 0.500, bed_util_des: 0.500, des_th: 0.49959604285409287,frac_lost: 0.101, li_recovered:  8.312, time: 0.02323900900046283
L: 0.50, u_super: 0.00936, sec: 541.875, prod: 0.211975, t_ads: 20.9, t_des: 18.9, bed_util_ads: 0.499, bed_util_des: 0.499, des_th: 0.4992445726223008,frac_lost: 0.106, li_recovered:  8.441, time: 0.05571384900031262
L: 0.50, u_super: 0.00283, sec: 152.311, prod: 0.063100, t_ads: 68.1, t_des: 60.6, bed_util_ads: 0.497, bed_util_des: 0.497, des_th: 0.4968781588573303,frac_lost: 0.101, li_recovered:  8.122, time: 0.03180089900160965
L: 12.70, u_super: 0.00853 — INFEASIBLE (li_recovered=0.000e+00), time: 0.008451502000752953
L: 57.17, u_super: 0.00898 — INFEASIBLE (li_recovered=0.000e+00), time: 0.010907047999353381
L: 0.50, u_super: 0.00417, sec: 227.805, prod: 0.093596, t_ads: 46.7, t_des: 41.5, bed_util_ads: 0.499, bed_util_des: 0.499, des_th: 0.49863862337847037,frac_lost: 0.107, li_recovered:  8.259, time: 0.043388426000092295
L: 0.50, u_super: 0.00060 — INFEASIBLE (li_recovered=0.000e+00), time: 0.024419936000413145
L: 0.50, u_super: 0.00933, sec: 540.741, prod: 0.211383, t_ads: 21.0, t_des: 19.0, bed_util_ads: 0.500, bed_util_des: 0.499, des_th: 0.4995011553784583,frac_lost: 0.107, li_recovered:  8.440, time: 0.04168594299881079
L: 25.13, u_super: 0.00005 — INFEASIBLE (li_recovered=0.000e+00), time: 0.004113778999453643
L: 0.50, u_super: 0.00411, sec: 224.022, prod: 0.092523, t_ads: 47.2, t_des: 42.8, bed_util_ads: 0.497, bed_util_des: 0.497, des_th: 0.49692875196474967,frac_lost: 0.104, li_recovered:  8.323, time: 0.03718745200058038
L: 0.50, u_super: 0.00781, sec: 444.409, prod: 0.176518, t_ads: 25.1, t_des: 22.8, bed_util_ads: 0.500, bed_util_des: 0.500, des_th: 0.4995361857904496,frac_lost: 0.108, li_recovered:  8.446, time: 0.01717994099999487
L: 0.50, u_super: 0.00936, sec: 541.727, prod: 0.212033, t_ads: 20.9, t_des: 18.9, bed_util_ads: 0.499, bed_util_des: 0.499, des_th: 0.4992903962489307,frac_lost: 0.105, li_recovered:  8.442, time: 0.02889966499969887
L: 32.29, u_super: 0.00113 — INFEASIBLE (li_recovered=0.000e+00), time: 0.013233923998996033
L: 0.50, u_super: 0.00439, sec: 239.867, prod: 0.098601, t_ads: 44.3, t_des: 39.6, bed_util_ads: 0.500, bed_util_des: 0.500, des_th: 0.4996645458284988,frac_lost: 0.105, li_recovered:  8.275, time: 0.03463896399989608
   758 |    30320 |     40 |  0.0033251586 |             f
L: 0.50, u_super: 0.00913, sec: 526.976, prod: 0.206789, t_ads: 21.4, t_des: 19.4, bed_util_ads: 0.500, bed_util_des: 0.500, des_th: 0.4997686831676632,frac_lost: 0.105, li_recovered:  8.438, time: 0.023316492999583716
L: 0.50, u_super: 0.00932, sec: 540.226, prod: 0.210996, t_ads: 21.0, t_des: 19.4, bed_util_ads: 0.497, bed_util_des: 0.497, des_th: 0.49712053968796566,frac_lost: 0.106, li_recovered:  8.528, time: 0.019387050000659656
L: 0.50, u_super: 0.00087 — INFEASIBLE (li_recovered=0.000e+00), time: 0.01075592199958919
L: 0.50, u_super: 0.00010, sec: 10.333, prod: 0.001143, t_ads: 1893.5, t_des: 5077.3, bed_util_ads: 0.259, bed_util_des: 0.185, des_th: 0.1851696623157332,frac_lost: 0.101, li_recovered:  7.968, time: 0.04951263499970082
L: 0.50, u_super: 0.00719, sec: 404.644, prod: 0.162956, t_ads: 27.0, t_des: 24.5, bed_util_ads: 0.499, bed_util_des: 0.499, des_th: 0.4988604878137788,frac_lost: 0.101, li_recovered:  8.386, time: 0.0478263879995211
L: 0.50, u_super: 0.00299, sec: 161.395, prod: 0.066905, t_ads: 64.6, t_des: 58.0, bed_util_ads: 0.497, bed_util_des: 0.497, des_th: 0.49687560266705005,frac_lost: 0.103, li_recovered:  8.199, time: 0.025401783999768668
L: 3.50, u_super: 0.00056 — INFEASIBLE (li_recovered=0.000e+00), time: 0.003503574998831027
L: 0.50, u_super: 0.00055 — INFEASIBLE (li_recovered=0.000e+00), time: 0.008605600000009872
L: 0.50, u_super: 0.00691, sec: 387.824, prod: 0.156662, t_ads: 28.1, t_des: 25.4, bed_util_ads: 0.499, bed_util_des: 0.499, des_th: 0.49909396549064794,frac_lost: 0.101, li_recovered:  8.376, time: 0.02457096000034653
L: 0.50, u_super: 0.00464, sec: 256.316, prod: 0.103852, t_ads: 41.9, t_des: 40.4, bed_util_ads: 0.490, bed_util_des: 0.490, des_th: 0.4897632517393949,frac_lost: 0.104, li_recovered:  8.547, time: 0.02483686800042051
L: 0.50, u_super: 0.00619, sec: 344.775, prod: 0.140143, t_ads: 31.4, t_des: 28.4, bed_util_ads: 0.499, bed_util_des: 0.499, des_th: 0.4986379445003072,frac_lost: 0.102, li_recovered:  8.372, time: 0.02754321899919887
L: 0.50, u_super: 0.00056, sec: 31.948, prod: 0.011344, t_ads: 329.4, t_des: 344.7, bed_util_ads: 0.453, bed_util_des: 0.449, des_th: 0.44886992086166577,frac_lost: 0.104, li_recovered:  7.648, time: 0.0280272279997007
L: 0.50, u_super: 0.00238, sec: 129.187, prod: 0.052586, t_ads: 81.0, t_des: 70.2, bed_util_ads: 0.499, bed_util_des: 0.499, des_th: 0.49909396549064794,frac_lost: 0.106, li_recovered:  7.952, time: 0.016365264998967177
L: 0.50, u_super: 0.00332, sec: 179.082, prod: 0.074442, t_ads: 58.2, t_des: 54.4, bed_util_ads: 0.491, bed_util_des: 0.491, des_th: 0.49103897155916154,frac_lost: 0.101, li_recovered:  8.377, time: 0.026331688000936992
L: 0.50, u_super: 0.00243, sec: 133.581, prod: 0.052893, t_ads: 79.4, t_des: 81.1, bed_util_ads: 0.480, bed_util_des: 0.479, des_th: 0.47876944653822523,frac_lost: 0.103, li_recovered:  8.488, time: 0.017034074999173754
L: 0.50, u_super: 0.00103 — INFEASIBLE (li_recovered=0.000e+00), time: 0.009721829001136939
L: 0.50, u_super: 0.00933, sec: 540.224, prod: 0.211585, t_ads: 20.9, t_des: 18.8, bed_util_ads: 0.500, bed_util_des: 0.500, des_th: 0.499803523953772,frac_lost: 0.104, li_recovered:  8.401, time: 0.020729267998831347
L: 0.50, u_super: 0.00643, sec: 358.838, prod: 0.145511, t_ads: 30.2, t_des: 27.3, bed_util_ads: 0.499, bed_util_des: 0.499, des_th: 0.498996375094275,frac_lost: 0.102, li_recovered:  8.374, time: 0.021697465001125238
L: 56.25, u_super: 0.00790 — INFEASIBLE (li_recovered=0.000e+00), time: 0.0025256349999835948
L: 0.50, u_super: 0.00377, sec: 205.623, prod: 0.084493, t_ads: 51.6, t_des: 45.6, bed_util_ads: 0.500, bed_util_des: 0.499, des_th: 0.49941800771673645,frac_lost: 0.107, li_recovered:  8.206, time: 0.01500045200009481
L: 0.50, u_super: 0.00668, sec: 387.214, prod: 0.145979, t_ads: 29.3, t_des: 30.1, bed_util_ads: 0.482, bed_util_des: 0.482, des_th: 0.4821302637100268,frac_lost: 0.107, li_recovered:  8.670, time: 0.03160536700124794
L: 0.50, u_super: 0.00359, sec: 195.122, prod: 0.080498, t_ads: 54.2, t_des: 48.9, bed_util_ads: 0.497, bed_util_des: 0.497, des_th: 0.4968781588573303,frac_lost: 0.108, li_recovered:  8.301, time: 0.015521921999607002
L: 0.50, u_super: 0.00777, sec: 442.447, prod: 0.175690, t_ads: 25.2, t_des: 22.6, bed_util_ads: 0.500, bed_util_des: 0.500, des_th: 0.4995361857904496,frac_lost: 0.108, li_recovered:  8.398, time: 0.02838805799910915
L: 0.50, u_super: 0.00607, sec: 357.467, prod: 0.129737, t_ads: 32.0, t_des: 34.8, bed_util_ads: 0.475, bed_util_des: 0.474, des_th: 0.47428773606068597,frac_lost: 0.102, li_recovered:  8.670, time: 0.026458094998815795
L: 0.50, u_super: 0.00448, sec: 285.938, prod: 0.086309, t_ads: 43.3, t_des: 57.0, bed_util_ads: 0.450, bed_util_des: 0.449, des_th: 0.44898465360238504,frac_lost: 0.100, li_recovered:  8.650, time: 0.025541377000990906
L: 0.50, u_super: 0.00808, sec: 460.491, prod: 0.182869, t_ads: 24.2, t_des: 21.9, bed_util_ads: 0.499, bed_util_des: 0.499, des_th: 0.49874480905841817,frac_lost: 0.105, li_recovered:  8.434, time: 0.021494184000403038
L: 20.61, u_super: 0.00356 — INFEASIBLE (li_recovered=0.000e+00), time: 0.010805812000398873
L: 0.50, u_super: 0.00929, sec: 537.884, prod: 0.210457, t_ads: 21.1, t_des: 19.1, bed_util_ads: 0.499, bed_util_des: 0.499, des_th: 0.49934618286931354,frac_lost: 0.106, li_recovered:  8.446, time: 0.01962745399941923
L: 0.50, u_super: 0.00748, sec: 423.763, prod: 0.169036, t_ads: 26.2, t_des: 23.7, bed_util_ads: 0.499, bed_util_des: 0.499, des_th: 0.49874548793658136,frac_lost: 0.107, li_recovered:  8.435, time: 0.018425661000947002
L: 0.50, u_super: 0.00296, sec: 159.581, prod: 0.066063, t_ads: 65.2, t_des: 58.0, bed_util_ads: 0.497, bed_util_des: 0.497, des_th: 0.4968781588573303,frac_lost: 0.102, li_recovered:  8.140, time: 0.01809183100158407
L: 29.48, u_super: 0.00578 — INFEASIBLE (li_recovered=0.000e+00), time: 0.004559480999887455
L: 15.04, u_super: 0.00005 — INFEASIBLE (li_recovered=0.000e+00), time: 0.004207242998745642
L: 0.50, u_super: 0.00723, sec: 408.530, prod: 0.163346, t_ads: 27.1, t_des: 24.3, bed_util_ads: 0.500, bed_util_des: 0.499, des_th: 0.49941076172703514,frac_lost: 0.107, li_recovered:  8.388, time: 0.020134218999373843
L: 0.50, u_super: 0.00882, sec: 507.598, prod: 0.199512, t_ads: 22.2, t_des: 20.1, bed_util_ads: 0.499, bed_util_des: 0.499, des_th: 0.4988976708260413,frac_lost: 0.107, li_recovered:  8.441, time: 0.01797884699954011
L: 10.66, u_super: 0.00990 — INFEASIBLE (li_recovered=0.000e+00), time: 0.006909058998644468
L: 0.50, u_super: 0.00838, sec: 479.889, prod: 0.189509, t_ads: 23.4, t_des: 21.4, bed_util_ads: 0.498, bed_util_des: 0.498, des_th: 0.49771527331288307,frac_lost: 0.107, li_recovered:  8.489, time: 0.020357097999294638
L: 0.50, u_super: 0.00742, sec: 418.964, prod: 0.168212, t_ads: 26.2, t_des: 23.7, bed_util_ads: 0.499, bed_util_des: 0.499, des_th: 0.49874473799128327,frac_lost: 0.101, li_recovered:  8.392, time: 0.01245778100019379
L: 0.50, u_super: 0.00873, sec: 501.993, prod: 0.197604, t_ads: 22.4, t_des: 20.6, bed_util_ads: 0.497, bed_util_des: 0.497, des_th: 0.4970192347204521,frac_lost: 0.106, li_recovered:  8.492, time: 0.013615748999654897
L: 0.50, u_super: 0.00270, sec: 145.084, prod: 0.060228, t_ads: 71.6, t_des: 65.2, bed_util_ads: 0.494, bed_util_des: 0.494, des_th: 0.49385091009820714,frac_lost: 0.104, li_recovered:  8.236, time: 0.011699869000949548
L: 0.50, u_super: 0.00296, sec: 159.875, prod: 0.065941, t_ads: 65.2, t_des: 57.4, bed_util_ads: 0.499, bed_util_des: 0.499, des_th: 0.4991333719584625,frac_lost: 0.101, li_recovered:  8.082, time: 0.015803778000190505
   759 |    30360 |     40 |  0.0020571167 |             f
L: 0.50, u_super: 0.00048 — INFEASIBLE (li_recovered=0.000e+00), time: 0.0074146919996564975
L: 0.50, u_super: 0.00200, sec: 108.734, prod: 0.043733, t_ads: 95.6, t_des: 81.9, bed_util_ads: 0.499, bed_util_des: 0.499, des_th: 0.4990652535599747,frac_lost: 0.101, li_recovered:  7.761, time: 0.014908064000337617
L: 0.50, u_super: 0.00514, sec: 283.239, prod: 0.115966, t_ads: 37.8, t_des: 33.8, bed_util_ads: 0.500, bed_util_des: 0.499, des_th: 0.49937264972949696,frac_lost: 0.103, li_recovered:  8.295, time: 0.018061841999951866
L: 0.50, u_super: 0.00279, sec: 150.093, prod: 0.062368, t_ads: 69.2, t_des: 63.0, bed_util_ads: 0.494, bed_util_des: 0.494, des_th: 0.49385091009820714,frac_lost: 0.103, li_recovered:  8.242, time: 0.01969277299940586
L: 0.50, u_super: 0.00477, sec: 261.939, prod: 0.107387, t_ads: 40.8, t_des: 36.4, bed_util_ads: 0.500, bed_util_des: 0.499, des_th: 0.49941800771673645,frac_lost: 0.105, li_recovered:  8.284, time: 0.018379944000116666
L: 0.50, u_super: 0.00905, sec: 966.757, prod: 0.110773, t_ads: 21.5, t_des: 57.4, bed_util_ads: 0.367, bed_util_des: 0.365, des_th: 0.3653221870801666,frac_lost: 0.101, li_recovered:  8.737, time: 0.02708129600068787
L: 0.50, u_super: 0.00761, sec: 430.866, prod: 0.172262, t_ads: 25.5, t_des: 22.8, bed_util_ads: 0.500, bed_util_des: 0.500, des_th: 0.49994241127733713,frac_lost: 0.101, li_recovered:  8.324, time: 0.017697727998893242
L: 0.50, u_super: 0.00090, sec: 52.902, prod: 0.018020, t_ads: 210.5, t_des: 242.0, bed_util_ads: 0.453, bed_util_des: 0.449, des_th: 0.44886992086166577,frac_lost: 0.107, li_recovered:  8.155, time: 0.018139490000976366
L: 0.50, u_super: 0.00607, sec: 337.674, prod: 0.137342, t_ads: 32.0, t_des: 29.0, bed_util_ads: 0.499, bed_util_des: 0.499, des_th: 0.4987443036130034,frac_lost: 0.103, li_recovered:  8.373, time: 0.020528039000055287
L: 0.50, u_super: 0.00099, sec: 58.132, prod: 0.019961, t_ads: 190.7, t_des: 220.2, bed_util_ads: 0.453, bed_util_des: 0.449, des_th: 0.44947376851735404,frac_lost: 0.104, li_recovered:  8.201, time: 0.020047697000336484
L: 0.50, u_super: 0.00332, sec: 193.874, prod: 0.068762, t_ads: 58.6, t_des: 66.4, bed_util_ads: 0.468, bed_util_des: 0.467, des_th: 0.4669377351900895,frac_lost: 0.106, li_recovered:  8.600, time: 0.01758689399866853
L: 0.50, u_super: 0.00506, sec: 281.196, prod: 0.112770, t_ads: 38.3, t_des: 37.8, bed_util_ads: 0.487, bed_util_des: 0.487, des_th: 0.4865650035328784,frac_lost: 0.101, li_recovered:  8.582, time: 0.014581505000023753
L: 0.50, u_super: 0.00466, sec: 255.670, prod: 0.104911, t_ads: 41.7, t_des: 37.2, bed_util_ads: 0.500, bed_util_des: 0.499, des_th: 0.4993802945980535,frac_lost: 0.105, li_recovered:  8.279, time: 0.01742957500027842
L: 0.50, u_super: 0.00173, sec: 93.498, prod: 0.038075, t_ads: 110.2, t_des: 97.6, bed_util_ads: 0.494, bed_util_des: 0.493, des_th: 0.49318262435307963,frac_lost: 0.102, li_recovered:  7.912, time: 0.016788492001069244
L: 0.50, u_super: 0.00607, sec: 393.994, prod: 0.117709, t_ads: 32.3, t_des: 41.6, bed_util_ads: 0.454, bed_util_des: 0.453, des_th: 0.4532231463939053,frac_lost: 0.108, li_recovered:  8.691, time: 0.01639341299960506
L: 0.50, u_super: 0.00254, sec: 137.680, prod: 0.056284, t_ads: 75.8, t_des: 65.8, bed_util_ads: 0.500, bed_util_des: 0.500, des_th: 0.49967168002052526,frac_lost: 0.103, li_recovered:  7.968, time: 0.016826448998472188
L: 0.50, u_super: 0.00447, sec: 257.157, prod: 0.095704, t_ads: 43.4, t_des: 46.8, bed_util_ads: 0.475, bed_util_des: 0.475, des_th: 0.4746162962498269,frac_lost: 0.102, li_recovered:  8.632, time: 0.019981978999567218
L: 0.50, u_super: 0.00525, sec: 289.497, prod: 0.118625, t_ads: 36.9, t_des: 34.3, bed_util_ads: 0.495, bed_util_des: 0.494, des_th: 0.4944907978178019,frac_lost: 0.102, li_recovered:  8.453, time: 0.013604072999441996
L: 0.50, u_super: 0.00222, sec: 119.900, prod: 0.049063, t_ads: 87.0, t_des: 76.5, bed_util_ads: 0.497, bed_util_des: 0.496, des_th: 0.4964406151498341,frac_lost: 0.107, li_recovered:  8.026, time: 0.012440317001164658
L: 0.50, u_super: 0.00248, sec: 135.693, prod: 0.054109, t_ads: 78.0, t_des: 78.8, bed_util_ads: 0.480, bed_util_des: 0.479, des_th: 0.47902691972645967,frac_lost: 0.104, li_recovered:  8.483, time: 0.012655558999540517
L: 0.50, u_super: 0.00967, sec: 567.800, prod: 0.216872, t_ads: 20.2, t_des: 19.7, bed_util_ads: 0.490, bed_util_des: 0.490, des_th: 0.4897632517393949,frac_lost: 0.104, li_recovered:  8.640, time: 0.013151713999832282
L: 0.50, u_super: 0.00391, sec: 212.526, prod: 0.087710, t_ads: 49.8, t_des: 45.0, bed_util_ads: 0.497, bed_util_des: 0.497, des_th: 0.4968632688583763,frac_lost: 0.106, li_recovered:  8.311, time: 0.009974504999263445
L: 0.50, u_super: 0.00055, sec: 31.760, prod: 0.011140, t_ads: 331.2, t_des: 295.7, bed_util_ads: 0.473, bed_util_des: 0.472, des_th: 0.47199158051646334,frac_lost: 0.106, li_recovered:  6.983, time: 0.014937879001081455
L: 0.50, u_super: 0.00550, sec: 303.312, prod: 0.124364, t_ads: 35.2, t_des: 32.1, bed_util_ads: 0.498, bed_util_des: 0.498, des_th: 0.4979743078182966,frac_lost: 0.100, li_recovered:  8.372, time: 0.011246343001403147
L: 0.50, u_super: 0.00051 — INFEASIBLE (li_recovered=0.000e+00), time: 0.00872218999938923
L: 0.50, u_super: 0.00439, sec: 240.168, prod: 0.098477, t_ads: 44.3, t_des: 39.2, bed_util_ads: 0.500, bed_util_des: 0.500, des_th: 0.4998319801622203,frac_lost: 0.105, li_recovered:  8.224, time: 0.01502205599899753
L: 0.50, u_super: 0.00060 — INFEASIBLE (li_recovered=0.000e+00), time: 0.009574245999829145
L: 0.50, u_super: 0.00580, sec: 324.191, prod: 0.130021, t_ads: 33.5, t_des: 32.5, bed_util_ads: 0.490, bed_util_des: 0.490, des_th: 0.49002470665318554,frac_lost: 0.103, li_recovered:  8.578, time: 0.015473568000743398
L: 0.50, u_super: 0.00960, sec: 580.917, prod: 0.208829, t_ads: 20.3, t_des: 21.4, bed_util_ads: 0.481, bed_util_des: 0.481, des_th: 0.4808887202962564,frac_lost: 0.103, li_recovered:  8.702, time: 0.014034326999535551
L: 23.18, u_super: 0.00990 — INFEASIBLE (li_recovered=0.000e+00), time: 0.005463207999127917
L: 0.50, u_super: 0.00507, sec: 279.244, prod: 0.114428, t_ads: 38.3, t_des: 34.2, bed_util_ads: 0.500, bed_util_des: 0.500, des_th: 0.4995666259601906,frac_lost: 0.103, li_recovered:  8.293, time: 0.013929366999946069
L: 0.50, u_super: 0.00637, sec: 355.559, prod: 0.143960, t_ads: 30.6, t_des: 27.6, bed_util_ads: 0.499, bed_util_des: 0.499, des_th: 0.498996375094275,frac_lost: 0.104, li_recovered:  8.379, time: 0.01691473400023824
L: 0.50, u_super: 0.00022, sec: 38.734, prod: 0.001438, t_ads: 917.7, t_des: 5190.9, bed_util_ads: 0.234, bed_util_des: 0.169, des_th: 0.1689245429216499,frac_lost: 0.105, li_recovered:  8.785, time: 0.049700305999067496
L: 0.50, u_super: 0.00501, sec: 373.785, prod: 0.083417, t_ads: 39.0, t_des: 65.2, bed_util_ads: 0.421, bed_util_des: 0.419, des_th: 0.4194473473602408,frac_lost: 0.106, li_recovered:  8.688, time: 0.019574850999561022
L: 0.50, u_super: 0.00652, sec: 365.504, prod: 0.146973, t_ads: 30.1, t_des: 27.6, bed_util_ads: 0.497, bed_util_des: 0.496, des_th: 0.4963130870664877,frac_lost: 0.109, li_recovered:  8.472, time: 0.014897356000801665
L: 109.86, u_super: 0.00005 — INFEASIBLE (li_recovered=0.000e+00), time: 0.0014639799992437474
L: 0.50, u_super: 0.00080, sec: 45.858, prod: 0.016456, t_ads: 231.5, t_des: 193.1, bed_util_ads: 0.490, bed_util_des: 0.490, des_th: 0.49013268502084195,frac_lost: 0.104, li_recovered:  6.988, time: 0.01223822000065411
L: 0.50, u_super: 0.00779, sec: 442.023, prod: 0.176659, t_ads: 24.9, t_des: 22.5, bed_util_ads: 0.499, bed_util_des: 0.499, des_th: 0.49935869807719446,frac_lost: 0.102, li_recovered:  8.390, time: 0.019061441000303603
L: 12.85, u_super: 0.00990 — INFEASIBLE (li_recovered=0.000e+00), time: 0.008170478000465664
L: 0.50, u_super: 0.00005 — INFEASIBLE (li_recovered=0.000e+00), time: 0.002565376998973079
   760 |    30400 |     40 |  0.0032213959 |             f
L: 0.50, u_super: 0.00414, sec: 225.916, prod: 0.093160, t_ads: 46.9, t_des: 42.4, bed_util_ads: 0.497, bed_util_des: 0.497, des_th: 0.49683815836907175,frac_lost: 0.106, li_recovered:  8.327, time: 0.017611704000955797
L: 0.50, u_super: 0.00661, sec: 369.913, prod: 0.149699, t_ads: 29.3, t_des: 26.3, bed_util_ads: 0.500, bed_util_des: 0.500, des_th: 0.49966589775669024,frac_lost: 0.100, li_recovered:  8.323, time: 0.01874788900022395
L: 0.50, u_super: 0.00494, sec: 271.425, prod: 0.111227, t_ads: 39.5, t_des: 35.6, bed_util_ads: 0.499, bed_util_des: 0.499, des_th: 0.49897072265897624,frac_lost: 0.106, li_recovered:  8.350, time: 0.031003665999378427
L: 0.50, u_super: 0.00019, sec: 26.452, prod: 0.001522, t_ads: 1055.8, t_des: 4557.0, bed_util_ads: 0.249, bed_util_des: 0.185, des_th: 0.1851696623157332,frac_lost: 0.100, li_recovered:  8.544, time: 0.0418312789988704
L: 0.50, u_super: 0.00684, sec: 385.078, prod: 0.154599, t_ads: 28.6, t_des: 25.7, bed_util_ads: 0.499, bed_util_des: 0.499, des_th: 0.49904433253742636,frac_lost: 0.107, li_recovered:  8.385, time: 0.019082721999438945
L: 0.50, u_super: 0.00885, sec: 520.717, prod: 0.196086, t_ads: 22.0, t_des: 22.2, bed_util_ads: 0.486, bed_util_des: 0.486, des_th: 0.4859565207991105,frac_lost: 0.104, li_recovered:  8.674, time: 0.01771047599868325
L: 0.50, u_super: 0.00337, sec: 182.759, prod: 0.075420, t_ads: 57.6, t_des: 54.0, bed_util_ads: 0.491, bed_util_des: 0.491, des_th: 0.49103897155916154,frac_lost: 0.106, li_recovered:  8.418, time: 0.01712756199958676
L: 52.42, u_super: 0.00632 — INFEASIBLE (li_recovered=0.000e+00), time: 0.002775398999801837
L: 0.50, u_super: 0.00473, sec: 259.575, prod: 0.106293, t_ads: 41.2, t_des: 36.7, bed_util_ads: 0.500, bed_util_des: 0.499, des_th: 0.4993802945980535,frac_lost: 0.106, li_recovered:  8.288, time: 0.01566056499905244
L: 0.50, u_super: 0.00169, sec: 90.936, prod: 0.037039, t_ads: 113.1, t_des: 100.5, bed_util_ads: 0.494, bed_util_des: 0.493, des_th: 0.49341832962727067,frac_lost: 0.102, li_recovered:  7.912, time: 0.013551784999435768
L: 0.50, u_super: 0.00589, sec: 326.478, prod: 0.133250, t_ads: 32.9, t_des: 29.9, bed_util_ads: 0.499, bed_util_des: 0.499, des_th: 0.49872584099968714,frac_lost: 0.101, li_recovered:  8.371, time: 0.013340763998712646
L: 0.50, u_super: 0.00905, sec: 522.423, prod: 0.204989, t_ads: 21.6, t_des: 19.4, bed_util_ads: 0.500, bed_util_des: 0.500, des_th: 0.4998320413866485,frac_lost: 0.106, li_recovered:  8.398, time: 0.014838054999927408
L: 0.50, u_super: 0.00382, sec: 213.754, prod: 0.083469, t_ads: 50.8, t_des: 52.1, bed_util_ads: 0.481, bed_util_des: 0.481, des_th: 0.4808937164552872,frac_lost: 0.105, li_recovered:  8.593, time: 0.017294883999056765
L: 0.50, u_super: 0.00852, sec: 492.526, prod: 0.191243, t_ads: 22.8, t_des: 22.3, bed_util_ads: 0.489, bed_util_des: 0.489, des_th: 0.48880557278848175,frac_lost: 0.100, li_recovered:  8.627, time: 0.013481889000104275
L: 0.50, u_super: 0.00804, sec: 459.277, prod: 0.181773, t_ads: 24.4, t_des: 21.8, bed_util_ads: 0.500, bed_util_des: 0.500, des_th: 0.49977943795846275,frac_lost: 0.108, li_recovered:  8.394, time: 0.014418427999771666
L: 0.50, u_super: 0.00873, sec: 507.534, prod: 0.195447, t_ads: 22.4, t_des: 21.7, bed_util_ads: 0.491, bed_util_des: 0.491, des_th: 0.4909203349903727,frac_lost: 0.107, li_recovered:  8.634, time: 0.013270554998598527
L: 0.50, u_super: 0.00955, sec: 554.111, prod: 0.216288, t_ads: 20.5, t_des: 18.6, bed_util_ads: 0.500, bed_util_des: 0.499, des_th: 0.49944294496988517,frac_lost: 0.106, li_recovered:  8.457, time: 0.01264778299992031
L: 0.50, u_super: 0.00526, sec: 289.670, prod: 0.118693, t_ads: 36.9, t_des: 33.1, bed_util_ads: 0.499, bed_util_des: 0.498, des_th: 0.4984842021666459,frac_lost: 0.102, li_recovered:  8.310, time: 0.01620142899992061
L: 0.50, u_super: 0.00761, sec: 430.663, prod: 0.172343, t_ads: 25.5, t_des: 22.8, bed_util_ads: 0.500, bed_util_des: 0.500, des_th: 0.49993306156978673,frac_lost: 0.100, li_recovered:  8.323, time: 0.017168544000014663
L: 0.50, u_super: 0.00435, sec: 249.624, prod: 0.093052, t_ads: 44.7, t_des: 48.0, bed_util_ads: 0.476, bed_util_des: 0.476, des_th: 0.47563258537789305,frac_lost: 0.104, li_recovered:  8.631, time: 0.019209436999517493
L: 0.50, u_super: 0.00113, sec: 62.893, prod: 0.023888, t_ads: 167.7, t_des: 140.9, bed_util_ads: 0.495, bed_util_des: 0.495, des_th: 0.4952454520578625,frac_lost: 0.106, li_recovered:  7.371, time: 0.013617107999380096
L: 0.50, u_super: 0.00905, sec: 522.234, prod: 0.205063, t_ads: 21.6, t_des: 19.6, bed_util_ads: 0.500, bed_util_des: 0.500, des_th: 0.4997686831676632,frac_lost: 0.106, li_recovered:  8.441, time: 0.018186850000347476
L: 0.50, u_super: 0.00774, sec: 440.417, prod: 0.174706, t_ads: 25.4, t_des: 23.0, bed_util_ads: 0.499, bed_util_des: 0.499, des_th: 0.49935869807719446,frac_lost: 0.110, li_recovered:  8.445, time: 0.01333975899979123
L: 0.50, u_super: 0.00123, sec: 68.482, prod: 0.025806, t_ads: 155.2, t_des: 127.9, bed_util_ads: 0.499, bed_util_des: 0.499, des_th: 0.49916163686636694,frac_lost: 0.107, li_recovered:  7.308, time: 0.012772124999173684
L: 0.50, u_super: 0.00191, sec: 102.931, prod: 0.041946, t_ads: 100.2, t_des: 88.0, bed_util_ads: 0.497, bed_util_des: 0.496, des_th: 0.4964406151498341,frac_lost: 0.101, li_recovered:  7.895, time: 0.01775456199902692
L: 0.50, u_super: 0.00292, sec: 157.637, prod: 0.065020, t_ads: 66.0, t_des: 58.1, bed_util_ads: 0.500, bed_util_des: 0.499, des_th: 0.4994084065542811,frac_lost: 0.101, li_recovered:  8.072, time: 0.019936507998863817
L: 0.50, u_super: 0.00761, sec: 431.713, prod: 0.171924, t_ads: 25.7, t_des: 23.1, bed_util_ads: 0.500, bed_util_des: 0.500, des_th: 0.4999936206792714,frac_lost: 0.107, li_recovered:  8.388, time: 0.016383951999159763
L: 0.50, u_super: 0.00862, sec: 496.635, prod: 0.194528, t_ads: 22.7, t_des: 21.3, bed_util_ads: 0.495, bed_util_des: 0.494, des_th: 0.49447036483080714,frac_lost: 0.107, li_recovered:  8.561, time: 0.015962945000865147
L: 11.90, u_super: 0.00005 — INFEASIBLE (li_recovered=0.000e+00), time: 0.00250607999987551
L: 0.50, u_super: 0.00141, sec: 77.755, prod: 0.030080, t_ads: 134.7, t_des: 112.9, bed_util_ads: 0.499, bed_util_des: 0.499, des_th: 0.4990909464051601,frac_lost: 0.102, li_recovered:  7.447, time: 0.012882117000117432
L: 22.09, u_super: 0.00205 — INFEASIBLE (li_recovered=0.000e+00), time: 0.002938071998869418
L: 0.50, u_super: 0.00582, sec: 322.647, prod: 0.131449, t_ads: 33.4, t_des: 29.9, bed_util_ads: 0.500, bed_util_des: 0.500, des_th: 0.4997494590559357,frac_lost: 0.102, li_recovered:  8.312, time: 0.016184390000489657
L: 0.50, u_super: 0.00955, sec: 553.544, prod: 0.216552, t_ads: 20.4, t_des: 18.6, bed_util_ads: 0.499, bed_util_des: 0.499, des_th: 0.49927802137306093,frac_lost: 0.104, li_recovered:  8.449, time: 0.014202700000168988
L: 0.50, u_super: 0.00332, sec: 179.865, prod: 0.074118, t_ads: 58.1, t_des: 51.1, bed_util_ads: 0.499, bed_util_des: 0.499, des_th: 0.49928207081341663,frac_lost: 0.101, li_recovered:  8.094, time: 0.019552607998775784
L: 0.50, u_super: 0.00844, sec: 484.590, prod: 0.190496, t_ads: 23.2, t_des: 21.8, bed_util_ads: 0.495, bed_util_des: 0.494, des_th: 0.49447036483080714,frac_lost: 0.105, li_recovered:  8.560, time: 0.01462217400148802
L: 0.50, u_super: 0.00494, sec: 272.127, prod: 0.111329, t_ads: 39.4, t_des: 35.1, bed_util_ads: 0.499, bed_util_des: 0.499, des_th: 0.49928427261066943,frac_lost: 0.105, li_recovered:  8.283, time: 0.01560214100027224
L: 0.50, u_super: 0.00439, sec: 239.936, prod: 0.098572, t_ads: 44.4, t_des: 39.6, bed_util_ads: 0.500, bed_util_des: 0.500, des_th: 0.49964946268802096,frac_lost: 0.106, li_recovered:  8.280, time: 0.015357952001068043
L: 0.50, u_super: 0.00905, sec: 522.234, prod: 0.205063, t_ads: 21.6, t_des: 19.6, bed_util_ads: 0.500, bed_util_des: 0.500, des_th: 0.4997686831676632,frac_lost: 0.106, li_recovered:  8.441, time: 0.023793780999767478
L: 0.50, u_super: 0.00963, sec: 559.610, prod: 0.218350, t_ads: 20.3, t_des: 18.4, bed_util_ads: 0.500, bed_util_des: 0.500, des_th: 0.49978238592345703,frac_lost: 0.105, li_recovered:  8.444, time: 0.019854144999044365
L: 0.50, u_super: 0.00762, sec: 431.446, prod: 0.172887, t_ads: 25.5, t_des: 23.0, bed_util_ads: 0.499, bed_util_des: 0.499, des_th: 0.4990114580875402,frac_lost: 0.101, li_recovered:  8.385, time: 0.01591046200155688
   761 |    30440 |     40 |  0.0020544220 |             f
L: 0.50, u_super: 0.00895, sec: 516.245, prod: 0.202591, t_ads: 21.9, t_des: 19.8, bed_util_ads: 0.500, bed_util_des: 0.500, des_th: 0.4997686831676632,frac_lost: 0.107, li_recovered:  8.453, time: 0.018752857999061234
L: 59.74, u_super: 0.00352, sec: 57987.926, prod: 0.030981, t_ads: 3691.0, t_des: 4226.1, bed_util_ads: 0.215, bed_util_des: 0.190, des_th: 0.19040698033970685,frac_lost: 0.100, li_recovered:  245.281, time: 0.010198035000939853
L: 0.50, u_super: 0.00966, sec: 560.957, prod: 0.219081, t_ads: 20.2, t_des: 18.4, bed_util_ads: 0.499, bed_util_des: 0.499, des_th: 0.4992701031651248,frac_lost: 0.104, li_recovered:  8.449, time: 0.01642051300041203
L: 0.50, u_super: 0.00211, sec: 114.233, prod: 0.046453, t_ads: 90.6, t_des: 78.6, bed_util_ads: 0.499, bed_util_des: 0.499, des_th: 0.4989915482067918,frac_lost: 0.100, li_recovered:  7.860, time: 0.014480984000329045
L: 63.03, u_super: 0.00763 — INFEASIBLE (li_recovered=0.000e+00), time: 0.0024391540009673918
L: 0.50, u_super: 0.00816, sec: 465.585, prod: 0.184935, t_ads: 23.9, t_des: 21.8, bed_util_ads: 0.499, bed_util_des: 0.499, des_th: 0.4988976708260413,frac_lost: 0.104, li_recovered:  8.441, time: 0.013279892998980358
L: 0.50, u_super: 0.00554, sec: 306.300, prod: 0.125289, t_ads: 35.0, t_des: 31.4, bed_util_ads: 0.499, bed_util_des: 0.499, des_th: 0.49909396549064794,frac_lost: 0.101, li_recovered:  8.317, time: 0.01298232699991786
L: 0.50, u_super: 0.00297, sec: 160.446, prod: 0.066498, t_ads: 65.0, t_des: 58.3, bed_util_ads: 0.497, bed_util_des: 0.497, des_th: 0.49687560266705005,frac_lost: 0.104, li_recovered:  8.201, time: 0.012683603001278243
L: 0.50, u_super: 0.00271, sec: 146.937, prod: 0.060171, t_ads: 71.1, t_des: 61.8, bed_util_ads: 0.500, bed_util_des: 0.500, des_th: 0.499990997234333,frac_lost: 0.103, li_recovered:  7.999, time: 0.014522689998557325
L: 0.50, u_super: 0.00005, sec: 4.326, prod: 0.000669, t_ads: 3483.1, t_des: 6118.9, bed_util_ads: 0.250, bed_util_des: 0.179, des_th: 0.1795753490746532,frac_lost: 0.101, li_recovered:  6.425, time: 0.02272792700023274
L: 0.50, u_super: 0.00980, sec: 570.432, prod: 0.222066, t_ads: 20.0, t_des: 18.0, bed_util_ads: 0.500, bed_util_des: 0.499, des_th: 0.49947447840628456,frac_lost: 0.106, li_recovered:  8.439, time: 0.01827549299923703
L: 0.50, u_super: 0.00221, sec: 119.271, prod: 0.049004, t_ads: 87.4, t_des: 77.8, bed_util_ads: 0.497, bed_util_des: 0.496, des_th: 0.4964068276896941,frac_lost: 0.108, li_recovered:  8.095, time: 0.015258874998835381
L: 0.50, u_super: 0.00571, sec: 316.296, prod: 0.129018, t_ads: 34.0, t_des: 30.4, bed_util_ads: 0.500, bed_util_des: 0.500, des_th: 0.49960489969539007,frac_lost: 0.101, li_recovered:  8.305, time: 0.023305396000068868
L: 0.50, u_super: 0.00284, sec: 153.844, prod: 0.062942, t_ads: 67.9, t_des: 59.0, bed_util_ads: 0.500, bed_util_des: 0.500, des_th: 0.49977190565702534,frac_lost: 0.102, li_recovered:  7.987, time: 0.02814202599984128
L: 0.50, u_super: 0.00963, sec: 648.145, prod: 0.188278, t_ads: 20.3, t_des: 26.0, bed_util_ads: 0.456, bed_util_des: 0.455, des_th: 0.45550441204131437,frac_lost: 0.105, li_recovered:  8.720, time: 0.023418312999638147
L: 0.50, u_super: 0.00137, sec: 81.204, prod: 0.027180, t_ads: 140.0, t_des: 167.8, bed_util_ads: 0.453, bed_util_des: 0.450, des_th: 0.4499249602895112,frac_lost: 0.104, li_recovered:  8.365, time: 0.02722994000032486
L: 0.50, u_super: 0.00936, sec: 590.177, prod: 0.194627, t_ads: 20.9, t_des: 23.9, bed_util_ads: 0.470, bed_util_des: 0.470, des_th: 0.4700781365926207,frac_lost: 0.104, li_recovered:  8.713, time: 0.019921228999010054
L: 0.50, u_super: 0.00750, sec: 425.647, prod: 0.169408, t_ads: 26.1, t_des: 24.2, bed_util_ads: 0.496, bed_util_des: 0.496, des_th: 0.49616565690638953,frac_lost: 0.107, li_recovered:  8.518, time: 0.021638787000483717
L: 0.50, u_super: 0.00414, sec: 225.916, prod: 0.093160, t_ads: 46.9, t_des: 42.4, bed_util_ads: 0.497, bed_util_des: 0.497, des_th: 0.49683815836907175,frac_lost: 0.106, li_recovered:  8.327, time: 0.020304855001086253
L: 0.50, u_super: 0.00663, sec: 372.571, prod: 0.149592, t_ads: 29.6, t_des: 26.5, bed_util_ads: 0.500, bed_util_des: 0.500, des_th: 0.49953786672936773,frac_lost: 0.109, li_recovered:  8.381, time: 0.01592850199995155
L: 0.50, u_super: 0.00063, sec: 35.778, prod: 0.012776, t_ads: 293.6, t_des: 257.8, bed_util_ads: 0.479, bed_util_des: 0.478, des_th: 0.478182781579294,frac_lost: 0.105, li_recovered:  7.045, time: 0.01552759900005185
L: 3.29, u_super: 0.00936 — INFEASIBLE (li_recovered=0.000e+00), time: 0.008779267000136315
L: 0.50, u_super: 0.00692, sec: 388.089, prod: 0.156808, t_ads: 28.0, t_des: 25.4, bed_util_ads: 0.499, bed_util_des: 0.499, des_th: 0.49907008044745793,frac_lost: 0.100, li_recovered:  8.376, time: 0.02467716400133213
L: 27.58, u_super: 0.00391 — INFEASIBLE (li_recovered=0.000e+00), time: 0.009578502000294975
L: 0.50, u_super: 0.00983, sec: 572.099, prod: 0.222902, t_ads: 19.8, t_des: 17.8, bed_util_ads: 0.500, bed_util_des: 0.500, des_th: 0.49993306156978673,frac_lost: 0.104, li_recovered:  8.390, time: 0.02226715799952217
L: 0.50, u_super: 0.00356, sec: 193.216, prod: 0.079834, t_ads: 54.6, t_des: 49.4, bed_util_ads: 0.497, bed_util_des: 0.497, des_th: 0.4968781588573303,frac_lost: 0.107, li_recovered:  8.306, time: 0.02183357099966088
L: 0.50, u_super: 0.00147, sec: 79.041, prod: 0.032203, t_ads: 130.0, t_des: 119.8, bed_util_ads: 0.488, bed_util_des: 0.487, des_th: 0.48694469836799964,frac_lost: 0.104, li_recovered:  8.045, time: 0.02084615700005088
L: 0.50, u_super: 0.00498, sec: 273.724, prod: 0.112244, t_ads: 39.0, t_des: 36.1, bed_util_ads: 0.495, bed_util_des: 0.494, des_th: 0.4944907978178019,frac_lost: 0.104, li_recovered:  8.438, time: 0.01757936099966173
L: 0.50, u_super: 0.00446, sec: 259.756, prod: 0.094378, t_ads: 43.5, t_des: 48.0, bed_util_ads: 0.473, bed_util_des: 0.472, des_th: 0.47213179503476455,frac_lost: 0.103, li_recovered:  8.637, time: 0.019869660000040312
L: 0.67, u_super: 0.00439, sec: 321.508, prod: 0.098093, t_ads: 59.1, t_des: 52.8, bed_util_ads: 0.497, bed_util_des: 0.497, des_th: 0.49670882340150857,frac_lost: 0.107, li_recovered:  10.979, time: 0.020179376999294618
L: 0.50, u_super: 0.00439, sec: 239.976, prod: 0.098759, t_ads: 44.3, t_des: 40.0, bed_util_ads: 0.497, bed_util_des: 0.497, des_th: 0.496970299435781,frac_lost: 0.106, li_recovered:  8.332, time: 0.01599084299959941
L: 0.50, u_super: 0.00780, sec: 444.159, prod: 0.176144, t_ads: 25.2, t_des: 22.8, bed_util_ads: 0.499, bed_util_des: 0.499, des_th: 0.49871208499862524,frac_lost: 0.109, li_recovered:  8.453, time: 0.013247814998976537
L: 0.50, u_super: 0.00984, sec: 572.974, prod: 0.223296, t_ads: 19.8, t_des: 18.0, bed_util_ads: 0.500, bed_util_des: 0.500, des_th: 0.49983203758794514,frac_lost: 0.104, li_recovered:  8.450, time: 0.021022311000706395
L: 0.50, u_super: 0.00905, sec: 522.195, prod: 0.205078, t_ads: 21.6, t_des: 19.9, bed_util_ads: 0.497, bed_util_des: 0.497, des_th: 0.4968674955827824,frac_lost: 0.105, li_recovered:  8.495, time: 0.01944126300077187
L: 25.02, u_super: 0.00543 — INFEASIBLE (li_recovered=0.000e+00), time: 0.0030812090008112136
L: 0.50, u_super: 0.00599, sec: 332.935, prod: 0.135598, t_ads: 32.4, t_des: 29.3, bed_util_ads: 0.498, bed_util_des: 0.498, des_th: 0.49812833198261186,frac_lost: 0.102, li_recovered:  8.360, time: 0.01656241700038663
L: 0.50, u_super: 0.00082 — INFEASIBLE (li_recovered=0.000e+00), time: 0.010795830001370632
L: 0.50, u_super: 0.00618, sec: 344.251, prod: 0.139565, t_ads: 31.5, t_des: 28.1, bed_util_ads: 0.500, bed_util_des: 0.500, des_th: 0.4999789522766699,frac_lost: 0.103, li_recovered:  8.316, time: 0.023854629000197747
L: 0.50, u_super: 0.00526, sec: 289.430, prod: 0.118792, t_ads: 36.8, t_des: 34.2, bed_util_ads: 0.495, bed_util_des: 0.494, des_th: 0.4944907978178019,frac_lost: 0.101, li_recovered:  8.444, time: 0.017348217999824556
L: 0.50, u_super: 0.00332, sec: 179.082, prod: 0.074442, t_ads: 58.2, t_des: 54.4, bed_util_ads: 0.491, bed_util_des: 0.491, des_th: 0.49103897155916154,frac_lost: 0.101, li_recovered:  8.377, time: 0.017327167000985355
   762 |    30480 |     40 |  0.0041065974 |             f
L: 0.50, u_super: 0.00761, sec: 430.494, prod: 0.172411, t_ads: 25.5, t_des: 23.0, bed_util_ads: 0.500, bed_util_des: 0.500, des_th: 0.4999264300784961,frac_lost: 0.101, li_recovered:  8.374, time: 0.023183911998785334
L: 0.50, u_super: 0.00971, sec: 572.738, prod: 0.217215, t_ads: 20.1, t_des: 19.7, bed_util_ads: 0.489, bed_util_des: 0.489, des_th: 0.4887450205765474,frac_lost: 0.104, li_recovered:  8.655, time: 0.020684565000919974
L: 0.50, u_super: 0.00222, sec: 119.900, prod: 0.049064, t_ads: 87.0, t_des: 76.4, bed_util_ads: 0.497, bed_util_des: 0.496, des_th: 0.4964406151498341,frac_lost: 0.106, li_recovered:  8.018, time: 0.02008266799930425
L: 0.50, u_super: 0.00677, sec: 379.672, prod: 0.153310, t_ads: 28.6, t_des: 25.6, bed_util_ads: 0.499, bed_util_des: 0.499, des_th: 0.49935869807719446,frac_lost: 0.100, li_recovered:  8.318, time: 0.01579142700029479
L: 0.50, u_super: 0.00271, sec: 147.099, prod: 0.060105, t_ads: 71.1, t_des: 61.6, bed_util_ads: 0.500, bed_util_des: 0.499, des_th: 0.4993923047014568,frac_lost: 0.103, li_recovered:  7.975, time: 0.015448087999175186
L: 42.75, u_super: 0.00099 — INFEASIBLE (li_recovered=0.000e+00), time: 0.0020246829990355764
L: 42.45, u_super: 0.00283 — INFEASIBLE (li_recovered=0.000e+00), time: 0.003638804999354761
L: 0.50, u_super: 0.00816, sec: 466.172, prod: 0.184702, t_ads: 23.9, t_des: 21.5, bed_util_ads: 0.500, bed_util_des: 0.499, des_th: 0.49940634110493753,frac_lost: 0.106, li_recovered:  8.397, time: 0.021626658000968746
L: 27.69, u_super: 0.00660 — INFEASIBLE (li_recovered=0.000e+00), time: 0.005205691999435658
L: 0.50, u_super: 0.00990, sec: 576.328, prod: 0.224688, t_ads: 19.7, t_des: 17.7, bed_util_ads: 0.500, bed_util_des: 0.500, des_th: 0.4999457512353431,frac_lost: 0.103, li_recovered:  8.397, time: 0.020207542000207468
L: 19.18, u_super: 0.00760 — INFEASIBLE (li_recovered=0.000e+00), time: 0.00693079299890087
L: 0.50, u_super: 0.00382, sec: 208.231, prod: 0.085510, t_ads: 51.0, t_des: 45.1, bed_util_ads: 0.500, bed_util_des: 0.499, des_th: 0.4993572988750676,frac_lost: 0.108, li_recovered:  8.216, time: 0.013803191999613773
L: 0.50, u_super: 0.00027 — INFEASIBLE (li_recovered=0.000e+00), time: 0.006360545999996248
L: 0.50, u_super: 0.00409, sec: 222.904, prod: 0.091927, t_ads: 47.6, t_des: 43.0, bed_util_ads: 0.497, bed_util_des: 0.497, des_th: 0.49683815836907175,frac_lost: 0.106, li_recovered:  8.325, time: 0.015398367000670987
L: 0.50, u_super: 0.00519, sec: 285.623, prod: 0.117190, t_ads: 37.4, t_des: 34.7, bed_util_ads: 0.495, bed_util_des: 0.494, des_th: 0.4944907978178019,frac_lost: 0.101, li_recovered:  8.442, time: 0.01211281599898939
L: 0.50, u_super: 0.00271, sec: 147.180, prod: 0.060071, t_ads: 71.2, t_des: 61.7, bed_util_ads: 0.500, bed_util_des: 0.500, des_th: 0.49999532574474476,frac_lost: 0.105, li_recovered:  7.983, time: 0.01644245700117608
L: 0.50, u_super: 0.00750, sec: 452.097, prod: 0.159497, t_ads: 26.1, t_des: 28.4, bed_util_ads: 0.475, bed_util_des: 0.475, des_th: 0.4749849313352242,frac_lost: 0.107, li_recovered:  8.697, time: 0.016815269000289845
L: 34.23, u_super: 0.00408 — INFEASIBLE (li_recovered=0.000e+00), time: 0.002550605999203981
L: 50.36, u_super: 0.00838 — INFEASIBLE (li_recovered=0.000e+00), time: 0.0029729230009252205
L: 0.50, u_super: 0.00630, sec: 351.669, prod: 0.142386, t_ads: 30.8, t_des: 27.5, bed_util_ads: 0.500, bed_util_des: 0.500, des_th: 0.4999789522766699,frac_lost: 0.102, li_recovered:  8.310, time: 0.015373817999716266
L: 32.52, u_super: 0.00516 — INFEASIBLE (li_recovered=0.000e+00), time: 0.0027876929998456035
L: 0.50, u_super: 0.00692, sec: 388.089, prod: 0.156808, t_ads: 28.0, t_des: 25.4, bed_util_ads: 0.499, bed_util_des: 0.499, des_th: 0.49907008044745793,frac_lost: 0.100, li_recovered:  8.376, time: 0.013399494999248418
L: 0.50, u_super: 0.00950, sec: 555.080, prod: 0.213777, t_ads: 20.5, t_des: 19.8, bed_util_ads: 0.491, bed_util_des: 0.491, des_th: 0.49127735770833186,frac_lost: 0.104, li_recovered:  8.619, time: 0.015899347001322894
L: 0.50, u_super: 0.00169, sec: 91.007, prod: 0.037010, t_ads: 113.3, t_des: 100.4, bed_util_ads: 0.493, bed_util_des: 0.493, des_th: 0.4928957469894491,frac_lost: 0.103, li_recovered:  7.911, time: 0.020875911999610253
L: 20.08, u_super: 0.00356 — INFEASIBLE (li_recovered=0.000e+00), time: 0.003858935000607744
L: 0.50, u_super: 0.00882, sec: 521.657, prod: 0.194464, t_ads: 22.2, t_des: 22.5, bed_util_ads: 0.485, bed_util_des: 0.485, des_th: 0.4850584491131833,frac_lost: 0.106, li_recovered:  8.684, time: 0.016342958999302937
L: 0.50, u_super: 0.00356, sec: 193.288, prod: 0.079804, t_ads: 54.6, t_des: 48.8, bed_util_ads: 0.498, bed_util_des: 0.498, des_th: 0.4977265656574899,frac_lost: 0.106, li_recovered:  8.251, time: 0.014214869001079933
L: 0.50, u_super: 0.00332, sec: 180.062, prod: 0.073984, t_ads: 58.7, t_des: 51.7, bed_util_ads: 0.500, bed_util_des: 0.500, des_th: 0.4997873946270818,frac_lost: 0.108, li_recovered:  8.173, time: 0.01640262999899278
L: 0.50, u_super: 0.00670, sec: 376.485, prod: 0.151118, t_ads: 29.3, t_des: 26.8, bed_util_ads: 0.497, bed_util_des: 0.497, des_th: 0.4968632688583763,frac_lost: 0.109, li_recovered:  8.471, time: 0.015380139999251696
L: 0.50, u_super: 0.00812, sec: 4124.239, prod: 0.020632, t_ads: 24.2, t_des: 401.4, bed_util_ads: 0.188, bed_util_des: 0.185, des_th: 0.1851696623157332,frac_lost: 0.104, li_recovered:  8.781, time: 0.1042005289982626
L: 0.50, u_super: 0.00227, sec: 122.645, prod: 0.050346, t_ads: 85.1, t_des: 75.4, bed_util_ads: 0.497, bed_util_des: 0.496, des_th: 0.4964406151498341,frac_lost: 0.108, li_recovered:  8.083, time: 0.010815146999448189
L: 0.50, u_super: 0.00445, sec: 243.728, prod: 0.099988, t_ads: 43.8, t_des: 38.9, bed_util_ads: 0.500, bed_util_des: 0.499, des_th: 0.4993802945980535,frac_lost: 0.106, li_recovered:  8.270, time: 0.01039868999941973
L: 0.50, u_super: 0.00779, sec: 442.023, prod: 0.176659, t_ads: 24.9, t_des: 22.5, bed_util_ads: 0.499, bed_util_des: 0.499, des_th: 0.49935869807719446,frac_lost: 0.102, li_recovered:  8.390, time: 0.017072537999410997
L: 1.92, u_super: 0.00637, sec: 1432.059, prod: 0.137416, t_ads: 115.5, t_des: 97.3, bed_util_ads: 0.499, bed_util_des: 0.499, des_th: 0.498996375094275,frac_lost: 0.105, li_recovered:  29.246, time: 0.01869142100076715
L: 0.50, u_super: 0.00014 — INFEASIBLE (li_recovered=0.000e+00), time: 0.0068374229995242786
L: 0.50, u_super: 0.00974, sec: 566.316, prod: 0.220670, t_ads: 20.1, t_des: 18.0, bed_util_ads: 0.500, bed_util_des: 0.500, des_th: 0.49998725653838355,frac_lost: 0.105, li_recovered:  8.398, time: 0.015776582000398776
L: 0.50, u_super: 0.00943, sec: 546.692, prod: 0.213817, t_ads: 20.7, t_des: 18.8, bed_util_ads: 0.500, bed_util_des: 0.500, des_th: 0.49967014124364184,frac_lost: 0.105, li_recovered:  8.450, time: 0.01722277400040184
L: 0.50, u_super: 0.00637, sec: 1385.025, prod: 0.036957, t_ads: 30.9, t_des: 206.3, bed_util_ads: 0.267, bed_util_des: 0.264, des_th: 0.2641142202333367,frac_lost: 0.107, li_recovered:  8.766, time: 0.06798445100139361
L: 2.85, u_super: 0.00472 — INFEASIBLE (li_recovered=0.000e+00), time: 0.009363745999507955
L: 0.50, u_super: 0.00158, sec: 85.525, prod: 0.034542, t_ads: 121.5, t_des: 107.3, bed_util_ads: 0.494, bed_util_des: 0.494, des_th: 0.49389310406067477,frac_lost: 0.108, li_recovered:  7.902, time: 0.015411330999995698
   763 |    30520 |     40 |  0.0010380791 |             f
L: 0.50, u_super: 0.00838, sec: 479.889, prod: 0.189509, t_ads: 23.4, t_des: 21.4, bed_util_ads: 0.498, bed_util_des: 0.498, des_th: 0.49771527331288307,frac_lost: 0.107, li_recovered:  8.489, time: 0.014712438000060502
L: 0.50, u_super: 0.00294, sec: 167.691, prod: 0.061955, t_ads: 66.4, t_des: 72.0, bed_util_ads: 0.473, bed_util_des: 0.472, des_th: 0.47199158051646334,frac_lost: 0.109, li_recovered:  8.574, time: 0.018644052999661653
L: 0.50, u_super: 0.00107, sec: 59.568, prod: 0.022634, t_ads: 175.0, t_des: 148.6, bed_util_ads: 0.494, bed_util_des: 0.493, des_th: 0.49341832962727067,frac_lost: 0.100, li_recovered:  7.324, time: 0.015960488000928308
L: 0.50, u_super: 0.00191, sec: 104.298, prod: 0.041397, t_ads: 100.1, t_des: 84.5, bed_util_ads: 0.500, bed_util_des: 0.500, des_th: 0.4999869725454572,frac_lost: 0.100, li_recovered:  7.641, time: 0.013233744000899605
L: 13.84, u_super: 0.00777 — INFEASIBLE (li_recovered=0.000e+00), time: 0.010034345999883953
L: 0.50, u_super: 0.00356, sec: 193.296, prod: 0.079801, t_ads: 54.7, t_des: 50.5, bed_util_ads: 0.495, bed_util_des: 0.494, des_th: 0.49445441927451245,frac_lost: 0.107, li_recovered:  8.392, time: 0.016928122999161133
L: 0.50, u_super: 0.00302, sec: 163.850, prod: 0.067063, t_ads: 63.9, t_des: 55.4, bed_util_ads: 0.500, bed_util_des: 0.500, des_th: 0.4999963644828199,frac_lost: 0.102, li_recovered:  8.001, time: 0.013985085999593139
L: 0.50, u_super: 0.00645, sec: 360.656, prod: 0.145891, t_ads: 30.1, t_des: 26.9, bed_util_ads: 0.500, bed_util_des: 0.500, des_th: 0.49960489969539007,frac_lost: 0.102, li_recovered:  8.309, time: 0.018868576000386383
L: 0.50, u_super: 0.00299, sec: 161.509, prod: 0.066857, t_ads: 64.4, t_des: 57.4, bed_util_ads: 0.497, bed_util_des: 0.497, des_th: 0.49687560266705005,frac_lost: 0.102, li_recovered:  8.143, time: 0.019390207000469672
L: 0.50, u_super: 0.00860, sec: 494.136, prod: 0.194743, t_ads: 22.7, t_des: 20.4, bed_util_ads: 0.500, bed_util_des: 0.500, des_th: 0.4996797285454858,frac_lost: 0.106, li_recovered:  8.399, time: 0.01657477899971127
L: 3.33, u_super: 0.00901, sec: 3587.456, prod: 0.196623, t_ads: 141.1, t_des: 128.6, bed_util_ads: 0.488, bed_util_des: 0.487, des_th: 0.48705176993099697,frac_lost: 0.107, li_recovered:  53.037, time: 0.0128366549997736
L: 0.50, u_super: 0.00990, sec: 576.781, prod: 0.224511, t_ads: 19.7, t_des: 17.9, bed_util_ads: 0.500, bed_util_des: 0.500, des_th: 0.49960747220240814,frac_lost: 0.105, li_recovered:  8.452, time: 0.014991219999501482
L: 0.50, u_super: 0.00503, sec: 276.723, prod: 0.113495, t_ads: 38.6, t_des: 35.8, bed_util_ads: 0.495, bed_util_des: 0.494, des_th: 0.4944537509741713,frac_lost: 0.103, li_recovered:  8.447, time: 0.014756382999621565
L: 0.50, u_super: 0.00191, sec: 102.902, prod: 0.041958, t_ads: 100.2, t_des: 88.0, bed_util_ads: 0.497, bed_util_des: 0.496, des_th: 0.4964440068752249,frac_lost: 0.101, li_recovered:  7.896, time: 0.014916813999661827
L: 0.50, u_super: 0.00278, sec: 150.675, prod: 0.061731, t_ads: 69.3, t_des: 60.3, bed_util_ads: 0.500, bed_util_des: 0.500, des_th: 0.499990997234333,frac_lost: 0.102, li_recovered:  8.002, time: 0.016593213998930878
L: 0.50, u_super: 0.00659, sec: 369.995, prod: 0.148467, t_ads: 29.4, t_des: 28.2, bed_util_ads: 0.491, bed_util_des: 0.491, des_th: 0.4910266188350101,frac_lost: 0.100, li_recovered:  8.562, time: 0.012732062001305167
L: 1.25, u_super: 0.00082 — INFEASIBLE (li_recovered=0.000e+00), time: 0.006959567001104006
L: 0.50, u_super: 0.00014 — INFEASIBLE (li_recovered=0.000e+00), time: 0.004090766999070183
L: 0.50, u_super: 0.00332, sec: 183.686, prod: 0.072576, t_ads: 58.5, t_des: 59.4, bed_util_ads: 0.482, bed_util_des: 0.481, des_th: 0.4812700099017536,frac_lost: 0.105, li_recovered:  8.559, time: 0.021568852998825605
L: 0.50, u_super: 0.00067 — INFEASIBLE (li_recovered=0.000e+00), time: 0.00966961700032698
L: 10.55, u_super: 0.00990 — INFEASIBLE (li_recovered=0.000e+00), time: 0.00804595000045083
L: 0.50, u_super: 0.00170, sec: 337.287, prod: 0.010161, t_ads: 114.8, t_des: 743.6, bed_util_ads: 0.263, bed_util_des: 0.251, des_th: 0.2514645126079953,frac_lost: 0.101, li_recovered:  8.721, time: 0.056452610000633285
L: 0.50, u_super: 0.00620, sec: 345.623, prod: 0.140228, t_ads: 31.3, t_des: 28.0, bed_util_ads: 0.500, bed_util_des: 0.499, des_th: 0.4994419904391882,frac_lost: 0.101, li_recovered:  8.309, time: 0.014272206999521586
L: 0.50, u_super: 0.00500, sec: 274.986, prod: 0.112625, t_ads: 38.9, t_des: 34.7, bed_util_ads: 0.499, bed_util_des: 0.499, des_th: 0.498785195540588,frac_lost: 0.104, li_recovered:  8.287, time: 0.01458530600029917
L: 0.50, u_super: 0.00882, sec: 507.518, prod: 0.199544, t_ads: 22.2, t_des: 20.1, bed_util_ads: 0.499, bed_util_des: 0.499, des_th: 0.4988529241462147,frac_lost: 0.107, li_recovered:  8.441, time: 0.01490650999949139
L: 0.50, u_super: 0.00005, sec: 4.330, prod: 0.000669, t_ads: 3430.6, t_des: 5826.3, bed_util_ads: 0.252, bed_util_des: 0.185, des_th: 0.1848501880694029,frac_lost: 0.102, li_recovered:  6.189, time: 0.019656643000416807
L: 4.13, u_super: 0.00794, sec: 3990.934, prod: 0.168374, t_ads: 194.8, t_des: 170.2, bed_util_ads: 0.487, bed_util_des: 0.487, des_th: 0.48693634881819203,frac_lost: 0.102, li_recovered:  61.446, time: 0.019253204000051483
L: 0.50, u_super: 0.00080 — INFEASIBLE (li_recovered=0.000e+00), time: 0.006594593000045279
L: 0.50, u_super: 0.00571, sec: 316.439, prod: 0.128959, t_ads: 34.0, t_des: 30.4, bed_util_ads: 0.500, bed_util_des: 0.499, des_th: 0.4994154352097184,frac_lost: 0.102, li_recovered:  8.300, time: 0.01549808799973107
L: 0.50, u_super: 0.00966, sec: 561.155, prod: 0.218815, t_ads: 20.2, t_des: 18.2, bed_util_ads: 0.500, bed_util_des: 0.500, des_th: 0.49991139235515236,frac_lost: 0.105, li_recovered:  8.404, time: 0.012895563999336446
L: 28.41, u_super: 0.00779 — INFEASIBLE (li_recovered=0.000e+00), time: 0.004079534999618772
L: 0.50, u_super: 0.00048, sec: 29.023, prod: 0.009357, t_ads: 368.0, t_des: 315.2, bed_util_ads: 0.472, bed_util_des: 0.472, des_th: 0.47199158051646334,frac_lost: 0.100, li_recovered:  6.392, time: 0.014616181999372202
L: 0.50, u_super: 0.00326, sec: 176.629, prod: 0.072847, t_ads: 59.1, t_des: 52.0, bed_util_ads: 0.499, bed_util_des: 0.499, des_th: 0.4990775385224468,frac_lost: 0.100, li_recovered:  8.091, time: 0.01311894900027255
L: 0.50, u_super: 0.00299, sec: 161.992, prod: 0.066658, t_ads: 64.5, t_des: 56.6, bed_util_ads: 0.500, bed_util_des: 0.500, des_th: 0.49987132006127166,frac_lost: 0.103, li_recovered:  8.077, time: 0.018574764999357285
L: 0.50, u_super: 0.00600, sec: 2671.758, prod: 0.016960, t_ads: 32.6, t_des: 485.0, bed_util_ads: 0.196, bed_util_des: 0.192, des_th: 0.19200474021767658,frac_lost: 0.102, li_recovered:  8.778, time: 0.11827665199962212
L: 0.50, u_super: 0.00869, sec: 512.412, prod: 0.191554, t_ads: 22.5, t_des: 22.8, bed_util_ads: 0.485, bed_util_des: 0.485, des_th: 0.4845306790008157,frac_lost: 0.105, li_recovered:  8.681, time: 0.013387211000008392
L: 0.50, u_super: 0.00990, sec: 576.015, prod: 0.224810, t_ads: 19.7, t_des: 17.9, bed_util_ads: 0.500, bed_util_des: 0.499, des_th: 0.49941800771673645,frac_lost: 0.102, li_recovered:  8.443, time: 0.012934730999404564
L: 0.50, u_super: 0.00022 — INFEASIBLE (li_recovered=0.000e+00), time: 0.005080117000034079
L: 0.50, u_super: 0.00550, sec: 303.312, prod: 0.124364, t_ads: 35.2, t_des: 32.1, bed_util_ads: 0.498, bed_util_des: 0.498, des_th: 0.4979743078182966,frac_lost: 0.100, li_recovered:  8.372, time: 0.011705274999258108
L: 0.50, u_super: 0.00288, sec: 1258.590, prod: 0.007920, t_ads: 68.4, t_des: 1041.6, bed_util_ads: 0.192, bed_util_des: 0.183, des_th: 0.18308146843582485,frac_lost: 0.105, li_recovered:  8.791, time: 0.12564111800020328
   764 |    30560 |     40 |  0.0019625946 |             f
L: 0.50, u_super: 0.00860, sec: 494.123, prod: 0.194737, t_ads: 22.8, t_des: 20.6, bed_util_ads: 0.500, bed_util_des: 0.500, des_th: 0.49966550095904516,frac_lost: 0.107, li_recovered:  8.449, time: 0.016008361999411136
L: 0.50, u_super: 0.00846, sec: 485.640, prod: 0.191327, t_ads: 23.1, t_des: 21.5, bed_util_ads: 0.496, bed_util_des: 0.496, des_th: 0.49616565690638953,frac_lost: 0.106, li_recovered:  8.528, time: 0.016339679999873624
L: 5.08, u_super: 0.00973 — INFEASIBLE (li_recovered=0.000e+00), time: 0.007755516000543139
L: 0.50, u_super: 0.00616, sec: 343.994, prod: 0.139009, t_ads: 31.7, t_des: 28.6, bed_util_ads: 0.500, bed_util_des: 0.500, des_th: 0.49992423885838505,frac_lost: 0.108, li_recovered:  8.382, time: 0.015837754999665776
L: 0.50, u_super: 0.00986, sec: 574.978, prod: 0.223439, t_ads: 19.8, t_des: 18.4, bed_util_ads: 0.497, bed_util_des: 0.497, des_th: 0.4968768757707975,frac_lost: 0.105, li_recovered:  8.531, time: 0.01791521300037857
L: 2.23, u_super: 0.00064 — INFEASIBLE (li_recovered=0.000e+00), time: 0.003228333000151906
L: 0.50, u_super: 0.00240, sec: 129.675, prod: 0.053167, t_ads: 80.4, t_des: 70.6, bed_util_ads: 0.499, bed_util_des: 0.498, des_th: 0.49844520588409497,frac_lost: 0.105, li_recovered:  8.028, time: 0.016347003000191762
L: 88.86, u_super: 0.00062 — INFEASIBLE (li_recovered=0.000e+00), time: 0.002037375999861979
L: 0.50, u_super: 0.00202, sec: 109.005, prod: 0.044510, t_ads: 94.8, t_des: 83.1, bed_util_ads: 0.497, bed_util_des: 0.496, des_th: 0.4964440068752249,frac_lost: 0.101, li_recovered:  7.917, time: 0.012282347999644116
L: 44.69, u_super: 0.00108 — INFEASIBLE (li_recovered=0.000e+00), time: 0.0019373280010768212
L: 0.50, u_super: 0.00550, sec: 303.312, prod: 0.124364, t_ads: 35.2, t_des: 32.1, bed_util_ads: 0.498, bed_util_des: 0.498, des_th: 0.4979743078182966,frac_lost: 0.100, li_recovered:  8.372, time: 0.014636136000262923
L: 0.50, u_super: 0.00987, sec: 575.299, prod: 0.223885, t_ads: 19.8, t_des: 18.0, bed_util_ads: 0.500, bed_util_des: 0.499, des_th: 0.49941800771673645,frac_lost: 0.105, li_recovered:  8.453, time: 0.016463781999846105
L: 21.47, u_super: 0.00005 — INFEASIBLE (li_recovered=0.000e+00), time: 0.00322809599856555
L: 0.50, u_super: 0.00170, sec: 93.266, prod: 0.036841, t_ads: 112.2, t_des: 94.8, bed_util_ads: 0.500, bed_util_des: 0.500, des_th: 0.499988882661398,frac_lost: 0.103, li_recovered:  7.627, time: 0.013123561000611517
L: 0.50, u_super: 0.00912, sec: 527.619, prod: 0.206466, t_ads: 21.4, t_des: 19.9, bed_util_ads: 0.497, bed_util_des: 0.497, des_th: 0.49683815836907175,frac_lost: 0.106, li_recovered:  8.527, time: 0.0165256149994093
L: 27.48, u_super: 0.00253 — INFEASIBLE (li_recovered=0.000e+00), time: 0.004656271999920136
L: 0.50, u_super: 0.00717, sec: 405.058, prod: 0.161960, t_ads: 27.3, t_des: 25.1, bed_util_ads: 0.497, bed_util_des: 0.497, des_th: 0.4969267353774589,frac_lost: 0.107, li_recovered:  8.480, time: 0.01297224100017047
L: 0.50, u_super: 0.00107, sec: 59.568, prod: 0.022634, t_ads: 175.0, t_des: 148.6, bed_util_ads: 0.494, bed_util_des: 0.493, des_th: 0.49341832962727067,frac_lost: 0.100, li_recovered:  7.324, time: 0.014379923999513267
L: 17.38, u_super: 0.00391 — INFEASIBLE (li_recovered=0.000e+00), time: 0.002137018000212265
L: 0.50, u_super: 0.00166, sec: 90.120, prod: 0.036096, t_ads: 115.6, t_des: 99.9, bed_util_ads: 0.497, bed_util_des: 0.496, des_th: 0.4964406151498341,frac_lost: 0.106, li_recovered:  7.779, time: 0.02386667300015688
L: 0.50, u_super: 0.00882, sec: 507.600, prod: 0.199523, t_ads: 22.2, t_des: 20.4, bed_util_ads: 0.498, bed_util_des: 0.498, des_th: 0.4982439230056137,frac_lost: 0.106, li_recovered:  8.495, time: 0.01616971499970532
L: 0.50, u_super: 0.00668, sec: 374.327, prod: 0.151134, t_ads: 29.1, t_des: 26.0, bed_util_ads: 0.500, bed_util_des: 0.500, des_th: 0.49960489969539007,frac_lost: 0.101, li_recovered:  8.314, time: 0.018376660000285483
L: 0.50, u_super: 0.00358, sec: 194.086, prod: 0.080119, t_ads: 54.5, t_des: 49.2, bed_util_ads: 0.497, bed_util_des: 0.497, des_th: 0.4968838709980628,frac_lost: 0.108, li_recovered:  8.309, time: 0.017546408000271185
L: 0.61, u_super: 0.00982, sec: 700.401, prod: 0.222179, t_ads: 24.3, t_des: 21.8, bed_util_ads: 0.500, bed_util_des: 0.499, des_th: 0.49940853089505677,frac_lost: 0.105, li_recovered:  10.259, time: 0.023617679999006214
L: 0.50, u_super: 0.00541, sec: 298.288, prod: 0.122293, t_ads: 35.8, t_des: 32.5, bed_util_ads: 0.498, bed_util_des: 0.498, des_th: 0.4979743078182966,frac_lost: 0.101, li_recovered:  8.357, time: 0.024082287000055658
L: 0.50, u_super: 0.00087, sec: 47.860, prod: 0.018509, t_ads: 216.1, t_des: 212.4, bed_util_ads: 0.472, bed_util_des: 0.470, des_th: 0.4702146841694795,frac_lost: 0.105, li_recovered:  7.931, time: 0.01333396200061543
L: 0.50, u_super: 0.00729, sec: 412.235, prod: 0.164568, t_ads: 26.9, t_des: 24.1, bed_util_ads: 0.500, bed_util_des: 0.500, des_th: 0.49977943795846275,frac_lost: 0.108, li_recovered:  8.392, time: 0.01883757100040384
L: 0.50, u_super: 0.00108, sec: 59.995, prod: 0.022824, t_ads: 173.8, t_des: 147.6, bed_util_ads: 0.494, bed_util_des: 0.493, des_th: 0.49341832962727067,frac_lost: 0.101, li_recovered:  7.337, time: 0.013131618999977945
L: 0.50, u_super: 0.00022, sec: 29.110, prod: 0.001898, t_ads: 894.3, t_des: 3558.6, bed_util_ads: 0.263, bed_util_des: 0.207, des_th: 0.2074346414149834,frac_lost: 0.101, li_recovered:  8.450, time: 0.0543913280016568
L: 44.58, u_super: 0.00082 — INFEASIBLE (li_recovered=0.000e+00), time: 0.002297681001437013
L: 14.72, u_super: 0.00466 — INFEASIBLE (li_recovered=0.000e+00), time: 0.0070590340001217555
L: 0.50, u_super: 0.00191, sec: 102.902, prod: 0.041958, t_ads: 100.2, t_des: 88.0, bed_util_ads: 0.497, bed_util_des: 0.496, des_th: 0.4964440068752249,frac_lost: 0.101, li_recovered:  7.896, time: 0.019626887999038445
L: 0.50, u_super: 0.00344, sec: 186.683, prod: 0.077148, t_ads: 56.5, t_des: 51.6, bed_util_ads: 0.496, bed_util_des: 0.495, des_th: 0.49529826316916126,frac_lost: 0.108, li_recovered:  8.340, time: 0.026330481001423323
L: 51.40, u_super: 0.00407 — INFEASIBLE (li_recovered=0.000e+00), time: 0.007861300000513438
L: 19.20, u_super: 0.00866 — INFEASIBLE (li_recovered=0.000e+00), time: 0.016914376999920933
L: 0.50, u_super: 0.00020, sec: 20.653, prod: 0.002294, t_ads: 937.1, t_des: 2553.8, bed_util_ads: 0.296, bed_util_des: 0.248, des_th: 0.24845937317340178,frac_lost: 0.102, li_recovered:  8.007, time: 0.04086623100010911
L: 17.27, u_super: 0.00458 — INFEASIBLE (li_recovered=0.000e+00), time: 0.005931724999754806
L: 0.50, u_super: 0.00169, sec: 91.548, prod: 0.036791, t_ads: 113.2, t_des: 98.1, bed_util_ads: 0.497, bed_util_des: 0.497, des_th: 0.49680876368054927,frac_lost: 0.103, li_recovered:  7.774, time: 0.019422122999458225
L: 0.50, u_super: 0.00466, sec: 261.998, prod: 0.102162, t_ads: 41.7, t_des: 42.7, bed_util_ads: 0.482, bed_util_des: 0.481, des_th: 0.48126302960532547,frac_lost: 0.102, li_recovered:  8.616, time: 0.017460126999139902
L: 36.53, u_super: 0.00614 — INFEASIBLE (li_recovered=0.000e+00), time: 0.005397676999564283
   765 |    30600 |     40 |  0.0043024172 |             f
L: 36.96, u_super: 0.00943 — INFEASIBLE (li_recovered=0.000e+00), time: 0.004301127999497112
L: 0.50, u_super: 0.00661, sec: 370.054, prod: 0.149642, t_ads: 29.3, t_des: 26.2, bed_util_ads: 0.500, bed_util_des: 0.499, des_th: 0.49941736342356585,frac_lost: 0.100, li_recovered:  8.310, time: 0.018148271999962162
L: 0.50, u_super: 0.00515, sec: 283.529, prod: 0.116111, t_ads: 37.7, t_des: 33.8, bed_util_ads: 0.499, bed_util_des: 0.499, des_th: 0.49922010484770435,frac_lost: 0.103, li_recovered:  8.299, time: 0.014055702999030473
L: 0.50, u_super: 0.00619, sec: 344.524, prod: 0.139944, t_ads: 31.4, t_des: 28.1, bed_util_ads: 0.499, bed_util_des: 0.499, des_th: 0.49935869807719446,frac_lost: 0.101, li_recovered:  8.324, time: 0.012652147999688168
L: 0.50, u_super: 0.00571, sec: 316.296, prod: 0.129018, t_ads: 34.0, t_des: 30.4, bed_util_ads: 0.500, bed_util_des: 0.500, des_th: 0.49960489969539007,frac_lost: 0.101, li_recovered:  8.305, time: 0.014741239001523354
L: 0.50, u_super: 0.00274, sec: 148.236, prod: 0.060711, t_ads: 70.4, t_des: 61.3, bed_util_ads: 0.500, bed_util_des: 0.500, des_th: 0.499990997234333,frac_lost: 0.103, li_recovered:  7.997, time: 0.01993747300002724
L: 0.50, u_super: 0.00448, sec: 244.955, prod: 0.100744, t_ads: 43.5, t_des: 40.1, bed_util_ads: 0.495, bed_util_des: 0.494, des_th: 0.4944907978178019,frac_lost: 0.105, li_recovered:  8.417, time: 0.023967211998751736
L: 0.50, u_super: 0.00686, sec: 406.664, prod: 0.147223, t_ads: 28.5, t_des: 30.5, bed_util_ads: 0.478, bed_util_des: 0.478, des_th: 0.4777472358045311,frac_lost: 0.107, li_recovered:  8.687, time: 0.01831464099996083
L: 0.50, u_super: 0.00046 — INFEASIBLE (li_recovered=0.000e+00), time: 0.0074514470015856205
L: 0.50, u_super: 0.00577, sec: 319.832, prod: 0.130475, t_ads: 33.6, t_des: 30.1, bed_util_ads: 0.500, bed_util_des: 0.500, des_th: 0.4996020670116976,frac_lost: 0.101, li_recovered:  8.311, time: 0.022960783999224077
L: 15.35, u_super: 0.00498 — INFEASIBLE (li_recovered=0.000e+00), time: 0.004572120999000617
L: 0.50, u_super: 0.00955, sec: 603.987, prod: 0.198467, t_ads: 20.5, t_des: 23.4, bed_util_ads: 0.469, bed_util_des: 0.469, des_th: 0.469094517542213,frac_lost: 0.105, li_recovered:  8.715, time: 0.018215858000985463
L: 0.50, u_super: 0.00040 — INFEASIBLE (li_recovered=0.000e+00), time: 0.009390499999426538
L: 0.50, u_super: 0.00834, sec: 477.263, prod: 0.188760, t_ads: 23.4, t_des: 21.0, bed_util_ads: 0.500, bed_util_des: 0.500, des_th: 0.4998624494314514,frac_lost: 0.106, li_recovered:  8.386, time: 0.014165634998789756
L: 0.50, u_super: 0.00990, sec: 576.858, prod: 0.224481, t_ads: 19.7, t_des: 17.7, bed_util_ads: 0.500, bed_util_des: 0.500, des_th: 0.49999710143448095,frac_lost: 0.104, li_recovered:  8.394, time: 0.015860699000768363
L: 0.50, u_super: 0.00466, sec: 255.836, prod: 0.104843, t_ads: 41.8, t_des: 37.3, bed_util_ads: 0.500, bed_util_des: 0.500, des_th: 0.4996340697388285,frac_lost: 0.106, li_recovered:  8.290, time: 0.011251138001171057
L: 0.50, u_super: 0.00675, sec: 377.939, prod: 0.152764, t_ads: 28.7, t_des: 25.8, bed_util_ads: 0.499, bed_util_des: 0.499, des_th: 0.4993397188049742,frac_lost: 0.100, li_recovered:  8.325, time: 0.01194909900004859
L: 0.50, u_super: 0.00131, sec: 72.363, prod: 0.027889, t_ads: 145.0, t_des: 121.9, bed_util_ads: 0.497, bed_util_des: 0.497, des_th: 0.4968600221723786,frac_lost: 0.103, li_recovered:  7.442, time: 0.01794604499991692
L: 0.50, u_super: 0.00005, sec: 4.324, prod: 0.000669, t_ads: 3431.3, t_des: 5857.7, bed_util_ads: 0.252, bed_util_des: 0.185, des_th: 0.1851696623157332,frac_lost: 0.102, li_recovered:  6.219, time: 0.01962484300020151
L: 0.50, u_super: 0.00007, sec: 8.794, prod: 0.000639, t_ads: 2964.3, t_des: 10955.5, bed_util_ads: 0.221, bed_util_des: 0.115, des_th: 0.11523584399283952,frac_lost: 0.103, li_recovered:  8.895, time: 0.03996139800074161
L: 0.50, u_super: 0.00990, sec: 576.789, prod: 0.224508, t_ads: 19.7, t_des: 17.9, bed_util_ads: 0.499, bed_util_des: 0.499, des_th: 0.49935794316823817,frac_lost: 0.105, li_recovered:  8.455, time: 0.022950380998736364
L: 0.50, u_super: 0.00152, sec: 83.942, prod: 0.032403, t_ads: 126.4, t_des: 131.3, bed_util_ads: 0.472, bed_util_des: 0.471, des_th: 0.4709299993012397,frac_lost: 0.105, li_recovered:  8.349, time: 0.02118431300004886
L: 14.18, u_super: 0.00778 — INFEASIBLE (li_recovered=0.000e+00), time: 0.009185573000650038
L: 48.36, u_super: 0.00721 — INFEASIBLE (li_recovered=0.000e+00), time: 0.003946068000004743
L: 0.50, u_super: 0.00877, sec: 504.427, prod: 0.198387, t_ads: 22.3, t_des: 20.0, bed_util_ads: 0.500, bed_util_des: 0.500, des_th: 0.4999401196248407,frac_lost: 0.107, li_recovered:  8.407, time: 0.022982698001214885
L: 0.50, u_super: 0.00449, sec: 245.874, prod: 0.101021, t_ads: 43.3, t_des: 38.6, bed_util_ads: 0.500, bed_util_des: 0.499, des_th: 0.4993681055822456,frac_lost: 0.104, li_recovered:  8.270, time: 0.02547469500132138
L: 0.50, u_super: 0.00388, sec: 236.134, prod: 0.077704, t_ads: 50.1, t_des: 60.9, bed_util_ads: 0.460, bed_util_des: 0.459, des_th: 0.45925420705700154,frac_lost: 0.104, li_recovered:  8.630, time: 0.022566670000742306
L: 0.50, u_super: 0.00885, sec: 509.604, prod: 0.200402, t_ads: 22.1, t_des: 20.2, bed_util_ads: 0.498, bed_util_des: 0.498, des_th: 0.4979743078182966,frac_lost: 0.106, li_recovered:  8.484, time: 0.018159203998948215
L: 0.50, u_super: 0.00776, sec: 441.674, prod: 0.175365, t_ads: 25.2, t_des: 22.6, bed_util_ads: 0.500, bed_util_des: 0.500, des_th: 0.49977943795846275,frac_lost: 0.108, li_recovered:  8.396, time: 0.015685798000049544
L: 0.50, u_super: 0.00604, sec: 335.998, prod: 0.136521, t_ads: 32.1, t_des: 28.7, bed_util_ads: 0.500, bed_util_des: 0.500, des_th: 0.4999789522766699,frac_lost: 0.102, li_recovered:  8.308, time: 0.019067039000219665
L: 0.50, u_super: 0.00902, sec: 520.036, prod: 0.204274, t_ads: 21.7, t_des: 19.7, bed_util_ads: 0.499, bed_util_des: 0.499, des_th: 0.4987755582662884,frac_lost: 0.106, li_recovered:  8.450, time: 0.011398353999538813
L: 0.50, u_super: 0.00732, sec: 414.541, prod: 0.165421, t_ads: 26.7, t_des: 24.6, bed_util_ads: 0.498, bed_util_des: 0.498, des_th: 0.4976220256183433,frac_lost: 0.108, li_recovered:  8.485, time: 0.015808872998604784
L: 17.48, u_super: 0.00278 — INFEASIBLE (li_recovered=0.000e+00), time: 0.003754280000066501
L: 0.50, u_super: 0.00614, sec: 341.982, prod: 0.138838, t_ads: 31.6, t_des: 28.2, bed_util_ads: 0.500, bed_util_des: 0.500, des_th: 0.49994094008480666,frac_lost: 0.101, li_recovered:  8.306, time: 0.016652775999318692
L: 0.50, u_super: 0.00417, sec: 227.764, prod: 0.093538, t_ads: 46.6, t_des: 41.2, bed_util_ads: 0.500, bed_util_des: 0.499, des_th: 0.4994705836692731,frac_lost: 0.105, li_recovered:  8.218, time: 0.011599478999414714
L: 0.50, u_super: 0.00571, sec: 316.253, prod: 0.129035, t_ads: 34.0, t_des: 30.5, bed_util_ads: 0.500, bed_util_des: 0.500, des_th: 0.49960489969539007,frac_lost: 0.101, li_recovered:  8.313, time: 0.017827764999310602
L: 32.13, u_super: 0.00127 — INFEASIBLE (li_recovered=0.000e+00), time: 0.0014129760002106195
L: 0.50, u_super: 0.00811, sec: 462.883, prod: 0.183344, t_ads: 24.1, t_des: 21.6, bed_util_ads: 0.500, bed_util_des: 0.500, des_th: 0.49983005758124227,frac_lost: 0.107, li_recovered:  8.383, time: 0.012652290999540128
L: 7.73, u_super: 0.00414 — INFEASIBLE (li_recovered=0.000e+00), time: 0.006479179999587359
L: 0.50, u_super: 0.00635, sec: 354.622, prod: 0.143531, t_ads: 30.7, t_des: 27.6, bed_util_ads: 0.500, bed_util_des: 0.500, des_th: 0.4996047929850005,frac_lost: 0.104, li_recovered:  8.367, time: 0.00926140900082828
   766 |    30640 |     40 |  0.0026942975 |             f
L: 0.50, u_super: 0.00258, sec: 854.608, prod: 0.009351, t_ads: 76.4, t_des: 862.7, bed_util_ads: 0.216, bed_util_des: 0.206, des_th: 0.20639529699364864,frac_lost: 0.107, li_recovered:  8.782, time: 0.06548133700016479
L: 0.50, u_super: 0.00838, sec: 481.301, prod: 0.189134, t_ads: 23.3, t_des: 21.9, bed_util_ads: 0.495, bed_util_des: 0.495, des_th: 0.494940604298158,frac_lost: 0.107, li_recovered:  8.559, time: 0.019299087000035797
L: 0.50, u_super: 0.00036 — INFEASIBLE (li_recovered=0.000e+00), time: 0.00402476900126203
L: 0.50, u_super: 0.00963, sec: 597.755, prod: 0.204124, t_ads: 20.3, t_des: 22.4, bed_util_ads: 0.474, bed_util_des: 0.474, des_th: 0.47397507123879623,frac_lost: 0.105, li_recovered:  8.713, time: 0.015235535000101663
L: 0.50, u_super: 0.00867, sec: 498.720, prod: 0.196197, t_ads: 22.6, t_des: 20.5, bed_util_ads: 0.500, bed_util_des: 0.499, des_th: 0.49941800771673645,frac_lost: 0.108, li_recovered:  8.448, time: 0.016510007000761107
L: 0.50, u_super: 0.00160, sec: 86.892, prod: 0.034861, t_ads: 119.3, t_des: 119.0, bed_util_ads: 0.479, bed_util_des: 0.477, des_th: 0.4773974220327861,frac_lost: 0.102, li_recovered:  8.309, time: 0.016163763999429648
L: 0.50, u_super: 0.00467, sec: 256.162, prod: 0.105187, t_ads: 41.6, t_des: 37.2, bed_util_ads: 0.500, bed_util_des: 0.499, des_th: 0.4993561479366913,frac_lost: 0.104, li_recovered:  8.289, time: 0.01625180100018042
L: 5.79, u_super: 0.00169 — INFEASIBLE (li_recovered=0.000e+00), time: 0.0031220509990816936
L: 0.50, u_super: 0.00577, sec: 319.718, prod: 0.130521, t_ads: 33.6, t_des: 30.5, bed_util_ads: 0.498, bed_util_des: 0.498, des_th: 0.497770981883188,frac_lost: 0.102, li_recovered:  8.367, time: 0.013648541000293335
L: 0.50, u_super: 0.00606, sec: 336.779, prod: 0.136944, t_ads: 32.1, t_des: 29.0, bed_util_ads: 0.499, bed_util_des: 0.499, des_th: 0.49907008044745793,frac_lost: 0.103, li_recovered:  8.359, time: 0.006316945999060408
L: 0.50, u_super: 0.00243, sec: 130.669, prod: 0.053924, t_ads: 79.4, t_des: 70.7, bed_util_ads: 0.497, bed_util_des: 0.496, des_th: 0.4964440068752249,frac_lost: 0.104, li_recovered:  8.098, time: 0.017164298000352574
L: 0.50, u_super: 0.00240, sec: 129.032, prod: 0.053432, t_ads: 80.2, t_des: 72.4, bed_util_ads: 0.495, bed_util_des: 0.494, des_th: 0.4944695215638039,frac_lost: 0.103, li_recovered:  8.155, time: 0.012651566001295578
L: 0.50, u_super: 0.00391, sec: 212.883, prod: 0.087826, t_ads: 49.7, t_des: 44.9, bed_util_ads: 0.497, bed_util_des: 0.497, des_th: 0.4969205254091573,frac_lost: 0.106, li_recovered:  8.313, time: 0.018200438000349095
L: 0.50, u_super: 0.00779, sec: 525.530, prod: 0.148588, t_ads: 25.1, t_des: 33.5, bed_util_ads: 0.451, bed_util_des: 0.450, des_th: 0.44993571594103027,frac_lost: 0.106, li_recovered:  8.710, time: 0.01807992700014438
L: 0.50, u_super: 0.00812, sec: 463.912, prod: 0.183732, t_ads: 24.1, t_des: 22.1, bed_util_ads: 0.497, bed_util_des: 0.497, des_th: 0.4969267353774589,frac_lost: 0.107, li_recovered:  8.482, time: 0.020004972000606358
L: 0.50, u_super: 0.00990, sec: 576.015, prod: 0.224810, t_ads: 19.7, t_des: 17.9, bed_util_ads: 0.500, bed_util_des: 0.499, des_th: 0.49941800771673645,frac_lost: 0.102, li_recovered:  8.443, time: 0.019693112999448203
L: 0.50, u_super: 0.00550, sec: 369.065, prod: 0.102207, t_ads: 35.6, t_des: 49.4, bed_util_ads: 0.445, bed_util_des: 0.444, des_th: 0.4438779256648644,frac_lost: 0.108, li_recovered:  8.687, time: 0.032074821001515375
L: 4.00, u_super: 0.00068 — INFEASIBLE (li_recovered=0.000e+00), time: 0.003495169999951031
L: 0.50, u_super: 0.00977, sec: 568.502, prod: 0.221593, t_ads: 20.0, t_des: 17.9, bed_util_ads: 0.500, bed_util_des: 0.500, des_th: 0.4998036071091618,frac_lost: 0.104, li_recovered:  8.399, time: 0.02119600200057903
L: 0.50, u_super: 0.00957, sec: 555.041, prod: 0.216936, t_ads: 20.4, t_des: 18.6, bed_util_ads: 0.499, bed_util_des: 0.499, des_th: 0.49927802137306093,frac_lost: 0.105, li_recovered:  8.462, time: 0.020317530001193518
L: 0.50, u_super: 0.00013 — INFEASIBLE (li_recovered=0.000e+00), time: 0.005741472999943653
L: 0.50, u_super: 0.00902, sec: 520.549, prod: 0.204363, t_ads: 21.7, t_des: 19.9, bed_util_ads: 0.498, bed_util_des: 0.498, des_th: 0.4977306341899992,frac_lost: 0.105, li_recovered:  8.495, time: 0.01760152899987588
L: 0.50, u_super: 0.00399, sec: 230.770, prod: 0.084230, t_ads: 48.9, t_des: 53.5, bed_util_ads: 0.473, bed_util_des: 0.472, des_th: 0.47199158051646334,frac_lost: 0.106, li_recovered:  8.625, time: 0.01951016500061087
L: 0.50, u_super: 0.00301, sec: 162.650, prod: 0.067388, t_ads: 64.1, t_des: 57.5, bed_util_ads: 0.497, bed_util_des: 0.496, des_th: 0.49641533673764354,frac_lost: 0.104, li_recovered:  8.199, time: 0.010977104000630789
L: 0.50, u_super: 0.00989, sec: 661.259, prod: 0.195226, t_ads: 19.7, t_des: 24.9, bed_util_ads: 0.457, bed_util_des: 0.457, des_th: 0.4568263616069966,frac_lost: 0.103, li_recovered:  8.719, time: 0.01743156499833276
L: 0.50, u_super: 0.00627, sec: 380.332, prod: 0.130214, t_ads: 31.3, t_des: 35.4, bed_util_ads: 0.471, bed_util_des: 0.470, des_th: 0.4703035972267554,frac_lost: 0.109, li_recovered:  8.687, time: 0.023638746999495197
L: 19.26, u_super: 0.00749 — INFEASIBLE (li_recovered=0.000e+00), time: 0.011020974998245947
L: 0.50, u_super: 0.00640, sec: 357.345, prod: 0.144881, t_ads: 30.4, t_des: 27.8, bed_util_ads: 0.497, bed_util_des: 0.497, des_th: 0.4968077358583888,frac_lost: 0.103, li_recovered:  8.421, time: 0.017342631999781588
L: 0.50, u_super: 0.00038 — INFEASIBLE (li_recovered=0.000e+00), time: 0.00809318099891243
L: 0.50, u_super: 0.00690, sec: 388.819, prod: 0.155770, t_ads: 28.4, t_des: 25.4, bed_util_ads: 0.500, bed_util_des: 0.500, des_th: 0.4999789522766699,frac_lost: 0.108, li_recovered:  8.372, time: 0.01418185000147787
L: 0.50, u_super: 0.00082, sec: 45.393, prod: 0.017516, t_ads: 227.8, t_des: 219.0, bed_util_ads: 0.474, bed_util_des: 0.472, des_th: 0.47199158051646334,frac_lost: 0.106, li_recovered:  7.826, time: 0.014436964000196895
L: 0.50, u_super: 0.00498, sec: 273.686, prod: 0.112259, t_ads: 39.0, t_des: 34.8, bed_util_ads: 0.499, bed_util_des: 0.498, des_th: 0.4984664741602438,frac_lost: 0.102, li_recovered:  8.283, time: 0.015324526000767946
L: 0.50, u_super: 0.00325, sec: 176.643, prod: 0.072581, t_ads: 59.8, t_des: 52.7, bed_util_ads: 0.499, bed_util_des: 0.499, des_th: 0.4990202799549308,frac_lost: 0.109, li_recovered:  8.172, time: 0.019085097999777645
L: 0.50, u_super: 0.00751, sec: 426.367, prod: 0.169659, t_ads: 26.1, t_des: 23.4, bed_util_ads: 0.500, bed_util_des: 0.500, des_th: 0.4999401196248407,frac_lost: 0.109, li_recovered:  8.394, time: 0.01977921400066407
L: 0.50, u_super: 0.00526, sec: 289.430, prod: 0.118792, t_ads: 36.8, t_des: 34.2, bed_util_ads: 0.495, bed_util_des: 0.494, des_th: 0.4944907978178019,frac_lost: 0.101, li_recovered:  8.444, time: 0.01668769700154371
L: 0.50, u_super: 0.00378, sec: 205.532, prod: 0.084945, t_ads: 51.4, t_des: 46.5, bed_util_ads: 0.497, bed_util_des: 0.497, des_th: 0.4971602542950717,frac_lost: 0.106, li_recovered:  8.315, time: 0.016988691000733525
L: 0.50, u_super: 0.00005, sec: 4.328, prod: 0.000669, t_ads: 3519.0, t_des: 6202.3, bed_util_ads: 0.251, bed_util_des: 0.178, des_th: 0.17839946691964736,frac_lost: 0.103, li_recovered:  6.502, time: 0.022430429000451113
L: 0.50, u_super: 0.00385, sec: 219.406, prod: 0.082548, t_ads: 50.6, t_des: 53.8, bed_util_ads: 0.477, bed_util_des: 0.476, des_th: 0.47598570148405467,frac_lost: 0.106, li_recovered:  8.614, time: 0.017029214999638498
L: 0.50, u_super: 0.00589, sec: 326.733, prod: 0.133443, t_ads: 32.9, t_des: 30.2, bed_util_ads: 0.497, bed_util_des: 0.497, des_th: 0.4968768757707975,frac_lost: 0.100, li_recovered:  8.412, time: 0.019349598998815054
L: 4.43, u_super: 0.00934 — INFEASIBLE (li_recovered=0.000e+00), time: 0.008736153000427294
   767 |    30680 |     40 |  0.0027423196 |             f
L: 21.65, u_super: 0.00677 — INFEASIBLE (li_recovered=0.000e+00), time: 0.0043489939998835325
L: 18.22, u_super: 0.00007 — INFEASIBLE (li_recovered=0.000e+00), time: 0.0022506339992105495
L: 0.50, u_super: 0.00240, sec: 129.032, prod: 0.053432, t_ads: 80.2, t_des: 72.4, bed_util_ads: 0.495, bed_util_des: 0.494, des_th: 0.4944695215638039,frac_lost: 0.103, li_recovered:  8.155, time: 0.015273898001396446
L: 0.50, u_super: 0.00717, sec: 405.212, prod: 0.161899, t_ads: 27.3, t_des: 25.0, bed_util_ads: 0.497, bed_util_des: 0.497, des_th: 0.49693219701486396,frac_lost: 0.108, li_recovered:  8.477, time: 0.015950262000842486
L: 0.50, u_super: 0.00233, sec: 126.489, prod: 0.051424, t_ads: 82.8, t_des: 71.6, bed_util_ads: 0.500, bed_util_des: 0.499, des_th: 0.49926315020026674,frac_lost: 0.106, li_recovered:  7.942, time: 0.015887256000496564
L: 24.63, u_super: 0.00376 — INFEASIBLE (li_recovered=0.000e+00), time: 0.003585585000109859
L: 0.50, u_super: 0.00939, sec: 544.096, prod: 0.212756, t_ads: 20.8, t_des: 18.9, bed_util_ads: 0.500, bed_util_des: 0.499, des_th: 0.49941800771673645,frac_lost: 0.106, li_recovered:  8.446, time: 0.013780911998765077
L: 62.24, u_super: 0.00420 — INFEASIBLE (li_recovered=0.000e+00), time: 0.002422273999400204
L: 0.50, u_super: 0.00748, sec: 423.949, prod: 0.169080, t_ads: 26.1, t_des: 23.5, bed_util_ads: 0.500, bed_util_des: 0.499, des_th: 0.499405476201126,frac_lost: 0.107, li_recovered:  8.388, time: 0.012707956000667764
L: 0.50, u_super: 0.00128, sec: 77.801, prod: 0.024694, t_ads: 150.3, t_des: 188.1, bed_util_ads: 0.447, bed_util_des: 0.443, des_th: 0.44349583678703935,frac_lost: 0.106, li_recovered:  8.357, time: 0.021148263000213774
L: 36.64, u_super: 0.00326 — INFEASIBLE (li_recovered=0.000e+00), time: 0.003332649999720161
L: 0.50, u_super: 0.00273, sec: 146.881, prod: 0.060837, t_ads: 70.6, t_des: 63.1, bed_util_ads: 0.497, bed_util_des: 0.496, des_th: 0.4964440068752249,frac_lost: 0.102, li_recovered:  8.134, time: 0.01985592299934069
L: 0.50, u_super: 0.00661, sec: 371.255, prod: 0.149158, t_ads: 29.7, t_des: 26.8, bed_util_ads: 0.499, bed_util_des: 0.499, des_th: 0.49934058960111005,frac_lost: 0.109, li_recovered:  8.424, time: 0.01656138200087298
L: 0.50, u_super: 0.00005 — INFEASIBLE (li_recovered=0.000e+00), time: 0.002942281000287039
L: 0.50, u_super: 0.00498, sec: 273.686, prod: 0.112259, t_ads: 39.0, t_des: 34.8, bed_util_ads: 0.499, bed_util_des: 0.498, des_th: 0.4984664741602438,frac_lost: 0.102, li_recovered:  8.283, time: 0.014815313999861246
L: 0.50, u_super: 0.00673, sec: 377.260, prod: 0.152437, t_ads: 28.9, t_des: 26.0, bed_util_ads: 0.499, bed_util_des: 0.499, des_th: 0.499109949936535,frac_lost: 0.102, li_recovered:  8.367, time: 0.016205952000746038
L: 0.50, u_super: 0.00913, sec: 541.257, prod: 0.201728, t_ads: 21.4, t_des: 21.7, bed_util_ads: 0.485, bed_util_des: 0.485, des_th: 0.4851325949740225,frac_lost: 0.105, li_recovered:  8.683, time: 0.021450754000397865
L: 0.50, u_super: 0.00139, sec: 77.574, prod: 0.029489, t_ads: 137.7, t_des: 144.7, bed_util_ads: 0.471, bed_util_des: 0.469, des_th: 0.4688413959910273,frac_lost: 0.106, li_recovered:  8.327, time: 0.01822147700113419
L: 0.50, u_super: 0.00864, sec: 496.289, prod: 0.195429, t_ads: 22.6, t_des: 21.0, bed_util_ads: 0.496, bed_util_des: 0.496, des_th: 0.49562813960379337,frac_lost: 0.105, li_recovered:  8.527, time: 0.013241094999102643
L: 0.50, u_super: 0.00337, sec: 183.242, prod: 0.075391, t_ads: 57.6, t_des: 50.9, bed_util_ads: 0.499, bed_util_des: 0.499, des_th: 0.4990775385224468,frac_lost: 0.107, li_recovered:  8.177, time: 0.01810511900112033
L: 0.50, u_super: 0.00243, sec: 130.700, prod: 0.053912, t_ads: 79.5, t_des: 70.7, bed_util_ads: 0.497, bed_util_des: 0.496, des_th: 0.4964385452378199,frac_lost: 0.104, li_recovered:  8.098, time: 0.019179058999725385
L: 0.50, u_super: 0.00012 — INFEASIBLE (li_recovered=0.000e+00), time: 0.0037142389992368408
L: 0.50, u_super: 0.00881, sec: 507.556, prod: 0.199083, t_ads: 22.2, t_des: 20.6, bed_util_ads: 0.497, bed_util_des: 0.497, des_th: 0.4965986531302635,frac_lost: 0.107, li_recovered:  8.524, time: 0.016227678001087043
L: 0.50, u_super: 0.00193, sec: 104.818, prod: 0.042331, t_ads: 99.0, t_des: 85.5, bed_util_ads: 0.498, bed_util_des: 0.497, des_th: 0.49730586033483015,frac_lost: 0.102, li_recovered:  7.813, time: 0.0215221250000468
L: 0.50, u_super: 0.00661, sec: 369.891, prod: 0.149708, t_ads: 29.4, t_des: 26.5, bed_util_ads: 0.499, bed_util_des: 0.499, des_th: 0.4993572988750676,frac_lost: 0.102, li_recovered:  8.370, time: 0.016855065998242935
L: 14.39, u_super: 0.00102 — INFEASIBLE (li_recovered=0.000e+00), time: 0.004354778000561055
L: 0.50, u_super: 0.00869, sec: 500.005, prod: 0.196704, t_ads: 22.5, t_des: 20.7, bed_util_ads: 0.497, bed_util_des: 0.497, des_th: 0.49672461293553594,frac_lost: 0.107, li_recovered:  8.495, time: 0.016029388001697953
L: 0.50, u_super: 0.00986, sec: 574.456, prod: 0.223428, t_ads: 19.8, t_des: 18.0, bed_util_ads: 0.500, bed_util_des: 0.499, des_th: 0.49941800771673645,frac_lost: 0.106, li_recovered:  8.447, time: 0.01543427199976577
L: 0.50, u_super: 0.00338, sec: 183.314, prod: 0.075558, t_ads: 57.0, t_des: 50.1, bed_util_ads: 0.499, bed_util_des: 0.499, des_th: 0.49931972988250717,frac_lost: 0.100, li_recovered:  8.096, time: 0.024511794001227827
L: 0.50, u_super: 0.00380, sec: 206.827, prod: 0.085303, t_ads: 51.2, t_des: 46.3, bed_util_ads: 0.497, bed_util_des: 0.497, des_th: 0.4971602542950717,frac_lost: 0.108, li_recovered:  8.315, time: 0.01834972500000731
L: 0.50, u_super: 0.00803, sec: 458.016, prod: 0.181642, t_ads: 24.4, t_des: 21.8, bed_util_ads: 0.500, bed_util_des: 0.500, des_th: 0.4999401196248407,frac_lost: 0.106, li_recovered:  8.389, time: 0.014631329000621918
L: 0.50, u_super: 0.00055, sec: 141.644, prod: 0.002498, t_ads: 359.4, t_des: 3161.7, bed_util_ads: 0.220, bed_util_des: 0.184, des_th: 0.1838876037148639,frac_lost: 0.102, li_recovered:  8.795, time: 0.06317336199936108
L: 0.50, u_super: 0.00446, sec: 243.625, prod: 0.100385, t_ads: 43.6, t_des: 39.4, bed_util_ads: 0.497, bed_util_des: 0.497, des_th: 0.496970299435781,frac_lost: 0.104, li_recovered:  8.329, time: 0.013747477998549584
L: 11.34, u_super: 0.00799 — INFEASIBLE (li_recovered=0.000e+00), time: 0.006400202999429894
L: 0.50, u_super: 0.00832, sec: 475.993, prod: 0.188466, t_ads: 23.5, t_des: 21.1, bed_util_ads: 0.500, bed_util_des: 0.500, des_th: 0.49965840895365327,frac_lost: 0.105, li_recovered:  8.395, time: 0.016489822999574244
L: 0.50, u_super: 0.00611, sec: 363.393, prod: 0.129275, t_ads: 31.8, t_des: 35.3, bed_util_ads: 0.472, bed_util_des: 0.472, des_th: 0.4715193143043847,frac_lost: 0.101, li_recovered:  8.672, time: 0.012251877000380773
L: 0.50, u_super: 0.00943, sec: 554.747, prod: 0.210626, t_ads: 20.7, t_des: 20.4, bed_util_ads: 0.489, bed_util_des: 0.489, des_th: 0.4886553701334125,frac_lost: 0.105, li_recovered:  8.657, time: 0.0175548789993627
L: 0.50, u_super: 0.00052, sec: 78.159, prod: 0.004006, t_ads: 375.9, t_des: 1765.7, bed_util_ads: 0.275, bed_util_des: 0.245, des_th: 0.24552251218912374,frac_lost: 0.102, li_recovered:  8.580, time: 0.032502228999874205
L: 0.50, u_super: 0.00611, sec: 340.320, prod: 0.138198, t_ads: 31.7, t_des: 28.4, bed_util_ads: 0.500, bed_util_des: 0.500, des_th: 0.49979156533645736,frac_lost: 0.102, li_recovered:  8.312, time: 0.014828946001216536
L: 0.50, u_super: 0.00637, sec: 396.843, prod: 0.129096, t_ads: 30.7, t_des: 36.6, bed_util_ads: 0.464, bed_util_des: 0.463, des_th: 0.46310472976113165,frac_lost: 0.107, li_recovered:  8.689, time: 0.0192331109992665
   768 |    30720 |     40 |  0.0018183384 |             f
L: 6.07, u_super: 0.00667, sec: 5102.715, prod: 0.134149, t_ads: 333.8, t_des: 361.7, bed_util_ads: 0.449, bed_util_des: 0.444, des_th: 0.4442422003010533,frac_lost: 0.103, li_recovered:  93.307, time: 0.014583202999347122
L: 0.50, u_super: 0.00554, sec: 306.129, prod: 0.125399, t_ads: 34.9, t_des: 31.7, bed_util_ads: 0.498, bed_util_des: 0.498, des_th: 0.4979743078182966,frac_lost: 0.101, li_recovered:  8.362, time: 0.017484934000094654
L: 0.50, u_super: 0.00380, sec: 206.827, prod: 0.085303, t_ads: 51.2, t_des: 46.3, bed_util_ads: 0.497, bed_util_des: 0.497, des_th: 0.4971602542950717,frac_lost: 0.108, li_recovered:  8.315, time: 0.012686815000051865
L: 0.50, u_super: 0.00326, sec: 176.633, prod: 0.072845, t_ads: 59.1, t_des: 52.1, bed_util_ads: 0.499, bed_util_des: 0.499, des_th: 0.499070774696025,frac_lost: 0.101, li_recovered:  8.101, time: 0.015961084000082337
L: 0.50, u_super: 0.00273, sec: 146.881, prod: 0.060837, t_ads: 70.6, t_des: 63.1, bed_util_ads: 0.497, bed_util_des: 0.496, des_th: 0.4964440068752249,frac_lost: 0.102, li_recovered:  8.134, time: 0.014768025999728707
L: 0.50, u_super: 0.00527, sec: 290.481, prod: 0.118987, t_ads: 36.8, t_des: 32.9, bed_util_ads: 0.500, bed_util_des: 0.500, des_th: 0.4997802519250442,frac_lost: 0.101, li_recovered:  8.287, time: 0.014299049000328523
L: 0.50, u_super: 0.00977, sec: 568.502, prod: 0.221593, t_ads: 20.0, t_des: 17.9, bed_util_ads: 0.500, bed_util_des: 0.500, des_th: 0.4998036071091618,frac_lost: 0.104, li_recovered:  8.399, time: 0.01645776700024726
L: 0.50, u_super: 0.00686, sec: 385.185, prod: 0.155397, t_ads: 28.2, t_des: 25.2, bed_util_ads: 0.500, bed_util_des: 0.500, des_th: 0.4997914091659153,frac_lost: 0.100, li_recovered:  8.312, time: 0.022450667998782592
L: 0.50, u_super: 0.00939, sec: 544.096, prod: 0.212756, t_ads: 20.8, t_des: 18.9, bed_util_ads: 0.500, bed_util_des: 0.499, des_th: 0.49941800771673645,frac_lost: 0.106, li_recovered:  8.446, time: 0.01334032699924137
L: 0.50, u_super: 0.00519, sec: 285.592, prod: 0.117156, t_ads: 37.4, t_des: 34.0, bed_util_ads: 0.498, bed_util_des: 0.498, des_th: 0.497908858282497,frac_lost: 0.103, li_recovered:  8.364, time: 0.013995646999319433
L: 0.50, u_super: 0.00053 — INFEASIBLE (li_recovered=0.000e+00), time: 0.008175099999789381
L: 16.70, u_super: 0.00261 — INFEASIBLE (li_recovered=0.000e+00), time: 0.00952911700005643
L: 0.50, u_super: 0.00799, sec: 454.695, prod: 0.181083, t_ads: 24.4, t_des: 22.2, bed_util_ads: 0.499, bed_util_des: 0.499, des_th: 0.4990701023293763,frac_lost: 0.104, li_recovered:  8.435, time: 0.013313953999386285
L: 90.46, u_super: 0.00439 — INFEASIBLE (li_recovered=0.000e+00), time: 0.00319330400088802
L: 0.50, u_super: 0.00224, sec: 122.975, prod: 0.048538, t_ads: 86.3, t_des: 88.1, bed_util_ads: 0.478, bed_util_des: 0.477, des_th: 0.4773974220327861,frac_lost: 0.105, li_recovered:  8.468, time: 0.01233103100094013
L: 0.50, u_super: 0.00635, sec: 353.869, prod: 0.143837, t_ads: 30.5, t_des: 28.0, bed_util_ads: 0.496, bed_util_des: 0.496, des_th: 0.4962918950711913,frac_lost: 0.101, li_recovered:  8.422, time: 0.016076956999313552
L: 0.50, u_super: 0.00977, sec: 568.502, prod: 0.221593, t_ads: 20.0, t_des: 17.9, bed_util_ads: 0.500, bed_util_des: 0.500, des_th: 0.4998036071091618,frac_lost: 0.104, li_recovered:  8.399, time: 0.015582050999000785
L: 0.50, u_super: 0.00081, sec: 44.710, prod: 0.017288, t_ads: 229.1, t_des: 222.4, bed_util_ads: 0.472, bed_util_des: 0.470, des_th: 0.47045068852365,frac_lost: 0.101, li_recovered:  7.806, time: 0.01710050000110641
L: 9.52, u_super: 0.00160 — INFEASIBLE (li_recovered=0.000e+00), time: 0.004427228999702493
L: 0.50, u_super: 0.00301, sec: 162.483, prod: 0.067457, t_ads: 64.0, t_des: 57.6, bed_util_ads: 0.496, bed_util_des: 0.496, des_th: 0.49580308498521003,frac_lost: 0.102, li_recovered:  8.207, time: 0.017224359000465483
L: 0.50, u_super: 0.00055, sec: 31.760, prod: 0.011140, t_ads: 331.2, t_des: 295.7, bed_util_ads: 0.473, bed_util_des: 0.472, des_th: 0.47199158051646334,frac_lost: 0.106, li_recovered:  6.983, time: 0.018505739999454818
L: 55.72, u_super: 0.00990 — INFEASIBLE (li_recovered=0.000e+00), time: 0.0032755019983596867
L: 0.50, u_super: 0.00108, sec: 59.995, prod: 0.022824, t_ads: 173.8, t_des: 147.6, bed_util_ads: 0.494, bed_util_des: 0.493, des_th: 0.49341832962727067,frac_lost: 0.101, li_recovered:  7.337, time: 0.015464539001186495
L: 0.50, u_super: 0.00082, sec: 47.796, prod: 0.016636, t_ads: 227.8, t_des: 257.3, bed_util_ads: 0.452, bed_util_des: 0.449, des_th: 0.4486752825408523,frac_lost: 0.102, li_recovered:  8.069, time: 0.022196150001036585
L: 0.50, u_super: 0.00734, sec: 414.085, prod: 0.166582, t_ads: 26.4, t_des: 23.9, bed_util_ads: 0.499, bed_util_des: 0.499, des_th: 0.49907008044745793,frac_lost: 0.100, li_recovered:  8.386, time: 0.023038178000206244
L: 0.50, u_super: 0.00776, sec: 440.213, prod: 0.175825, t_ads: 25.1, t_des: 22.6, bed_util_ads: 0.500, bed_util_des: 0.500, des_th: 0.4997631925670865,frac_lost: 0.102, li_recovered:  8.382, time: 0.01852870599941525
L: 0.50, u_super: 0.00439, sec: 239.976, prod: 0.098759, t_ads: 44.3, t_des: 40.0, bed_util_ads: 0.497, bed_util_des: 0.497, des_th: 0.496970299435781,frac_lost: 0.106, li_recovered:  8.332, time: 0.014817938999840408
L: 0.50, u_super: 0.00005, sec: 4.482, prod: 0.000646, t_ads: 3022.3, t_des: 4567.2, bed_util_ads: 0.255, bed_util_des: 0.207, des_th: 0.20780044644289764,frac_lost: 0.100, li_recovered:  4.902, time: 0.02484944999923755
L: 0.50, u_super: 0.00857, sec: 491.960, prod: 0.193802, t_ads: 22.9, t_des: 21.0, bed_util_ads: 0.497, bed_util_des: 0.497, des_th: 0.4969036079048709,frac_lost: 0.107, li_recovered:  8.490, time: 0.014579315000446513
L: 0.50, u_super: 0.00193, sec: 103.652, prod: 0.042508, t_ads: 99.3, t_des: 88.2, bed_util_ads: 0.496, bed_util_des: 0.495, des_th: 0.49529008896863475,frac_lost: 0.101, li_recovered:  7.969, time: 0.017826991999754682
L: 0.50, u_super: 0.00599, sec: 333.101, prod: 0.135411, t_ads: 32.4, t_des: 29.0, bed_util_ads: 0.499, bed_util_des: 0.499, des_th: 0.4993586761952761,frac_lost: 0.102, li_recovered:  8.320, time: 0.015039730000353302
L: 0.50, u_super: 0.00467, sec: 256.293, prod: 0.105133, t_ads: 41.6, t_des: 37.1, bed_util_ads: 0.500, bed_util_des: 0.500, des_th: 0.499540085862132,frac_lost: 0.104, li_recovered:  8.272, time: 0.013697641999897314
L: 0.50, u_super: 0.00301, sec: 167.525, prod: 0.065427, t_ads: 64.6, t_des: 66.2, bed_util_ads: 0.480, bed_util_des: 0.479, des_th: 0.47927068295630415,frac_lost: 0.108, li_recovered:  8.553, time: 0.021430374999908963
L: 0.50, u_super: 0.00977, sec: 568.193, prod: 0.221739, t_ads: 20.0, t_des: 18.1, bed_util_ads: 0.500, bed_util_des: 0.500, des_th: 0.499550965282196,frac_lost: 0.104, li_recovered:  8.449, time: 0.018065301999740768
L: 0.50, u_super: 0.00717, sec: 403.900, prod: 0.162424, t_ads: 27.1, t_des: 24.5, bed_util_ads: 0.499, bed_util_des: 0.499, des_th: 0.4987866923189391,frac_lost: 0.102, li_recovered:  8.374, time: 0.0176450949984428
L: 0.50, u_super: 0.00607, sec: 337.403, prod: 0.137302, t_ads: 31.9, t_des: 28.7, bed_util_ads: 0.500, bed_util_des: 0.500, des_th: 0.4996820983862324,frac_lost: 0.101, li_recovered:  8.331, time: 0.011867048000567593
L: 0.50, u_super: 0.00467, sec: 256.230, prod: 0.105071, t_ads: 41.7, t_des: 37.1, bed_util_ads: 0.499, bed_util_des: 0.499, des_th: 0.4993179665607939,frac_lost: 0.105, li_recovered:  8.280, time: 0.01243166699896392
L: 0.50, u_super: 0.00328, sec: 178.130, prod: 0.073251, t_ads: 59.3, t_des: 52.3, bed_util_ads: 0.499, bed_util_des: 0.499, des_th: 0.4990775385224468,frac_lost: 0.108, li_recovered:  8.173, time: 0.016357106000214117
L: 0.50, u_super: 0.00504, sec: 277.531, prod: 0.113747, t_ads: 38.5, t_des: 34.4, bed_util_ads: 0.499, bed_util_des: 0.499, des_th: 0.49850465552847056,frac_lost: 0.103, li_recovered:  8.294, time: 0.02064221700129565
L: 0.50, u_super: 0.00633, sec: 353.123, prod: 0.143084, t_ads: 30.7, t_des: 27.4, bed_util_ads: 0.500, bed_util_des: 0.500, des_th: 0.4996047929850005,frac_lost: 0.101, li_recovered:  8.308, time: 0.014387753999471897
   769 |    30760 |     40 |  0.0034958533 |             f
L: 0.50, u_super: 0.00296, sec: 159.586, prod: 0.066083, t_ads: 65.2, t_des: 58.1, bed_util_ads: 0.497, bed_util_des: 0.496, des_th: 0.4964440068752249,frac_lost: 0.102, li_recovered:  8.147, time: 0.016278975999739487
L: 0.50, u_super: 0.00005 — INFEASIBLE (li_recovered=0.000e+00), time: 0.003246242000386701
L: 0.50, u_super: 0.00949, sec: 550.600, prod: 0.214957, t_ads: 20.6, t_des: 19.1, bed_util_ads: 0.496, bed_util_des: 0.496, des_th: 0.49562813960379337,frac_lost: 0.104, li_recovered:  8.527, time: 0.01851829000042926
L: 46.52, u_super: 0.00821 — INFEASIBLE (li_recovered=0.000e+00), time: 0.00327097099943785
L: 0.50, u_super: 0.00694, sec: 391.204, prod: 0.156699, t_ads: 28.2, t_des: 25.9, bed_util_ads: 0.498, bed_util_des: 0.498, des_th: 0.4979164397070085,frac_lost: 0.108, li_recovered:  8.477, time: 0.0165987070013216
L: 0.50, u_super: 0.00469, sec: 257.223, prod: 0.105665, t_ads: 41.4, t_des: 37.0, bed_util_ads: 0.500, bed_util_des: 0.499, des_th: 0.49936607218697787,frac_lost: 0.103, li_recovered:  8.277, time: 0.014033112998731667
L: 0.50, u_super: 0.00368, sec: 199.621, prod: 0.082542, t_ads: 52.8, t_des: 47.8, bed_util_ads: 0.497, bed_util_des: 0.497, des_th: 0.4971602542950717,frac_lost: 0.106, li_recovered:  8.310, time: 0.015680425000027753
L: 0.50, u_super: 0.00541, sec: 298.699, prod: 0.122281, t_ads: 35.8, t_des: 32.1, bed_util_ads: 0.499, bed_util_des: 0.499, des_th: 0.4985944923140498,frac_lost: 0.101, li_recovered:  8.304, time: 0.016968829000688856
L: 0.50, u_super: 0.00554, sec: 306.516, prod: 0.125241, t_ads: 35.0, t_des: 32.5, bed_util_ads: 0.495, bed_util_des: 0.495, des_th: 0.4949143512009007,frac_lost: 0.102, li_recovered:  8.452, time: 0.021194840999669395
L: 0.50, u_super: 0.00336, sec: 181.972, prod: 0.075198, t_ads: 57.9, t_des: 52.3, bed_util_ads: 0.497, bed_util_des: 0.497, des_th: 0.4970540394367039,frac_lost: 0.108, li_recovered:  8.286, time: 0.01193670300017402
L: 0.50, u_super: 0.00930, sec: 538.530, prod: 0.210432, t_ads: 21.1, t_des: 19.3, bed_util_ads: 0.498, bed_util_des: 0.498, des_th: 0.49771527331288307,frac_lost: 0.107, li_recovered:  8.497, time: 0.012206278999656206
L: 0.50, u_super: 0.00378, sec: 205.512, prod: 0.084953, t_ads: 51.4, t_des: 46.6, bed_util_ads: 0.497, bed_util_des: 0.497, des_th: 0.49714795617433943,frac_lost: 0.106, li_recovered:  8.323, time: 0.014977193999584415
L: 0.50, u_super: 0.00793, sec: 450.612, prod: 0.179755, t_ads: 24.5, t_des: 22.4, bed_util_ads: 0.499, bed_util_des: 0.499, des_th: 0.49907008044745793,frac_lost: 0.103, li_recovered:  8.430, time: 0.0135004330004449
L: 0.50, u_super: 0.00717, sec: 405.350, prod: 0.161844, t_ads: 27.3, t_des: 25.3, bed_util_ads: 0.496, bed_util_des: 0.496, des_th: 0.4960222575871492,frac_lost: 0.107, li_recovered:  8.515, time: 0.015651594001610647
L: 80.14, u_super: 0.00661 — INFEASIBLE (li_recovered=0.000e+00), time: 0.0020810139994864585
L: 0.50, u_super: 0.00990, sec: 610.397, prod: 0.212147, t_ads: 19.7, t_des: 21.3, bed_util_ads: 0.477, bed_util_des: 0.477, des_th: 0.4771309188181634,frac_lost: 0.104, li_recovered:  8.712, time: 0.016477813000165042
L: 18.71, u_super: 0.00056 — INFEASIBLE (li_recovered=0.000e+00), time: 0.002197853000325267
L: 1.86, u_super: 0.00939, sec: 2074.731, prod: 0.207869, t_ads: 76.4, t_des: 66.4, bed_util_ads: 0.500, bed_util_des: 0.500, des_th: 0.4998503320494052,frac_lost: 0.103, li_recovered:  29.700, time: 0.018888220998633187
L: 0.50, u_super: 0.00364, sec: 197.451, prod: 0.081484, t_ads: 53.5, t_des: 49.6, bed_util_ads: 0.494, bed_util_des: 0.493, des_th: 0.49341832962727067,frac_lost: 0.107, li_recovered:  8.401, time: 0.019306762000269373
L: 0.50, u_super: 0.00338, sec: 187.406, prod: 0.073908, t_ads: 57.6, t_des: 58.3, bed_util_ads: 0.483, bed_util_des: 0.482, des_th: 0.4821373251311469,frac_lost: 0.107, li_recovered:  8.566, time: 0.019490089000100852
L: 0.50, u_super: 0.00855, sec: 506.078, prod: 0.187582, t_ads: 22.9, t_des: 23.4, bed_util_ads: 0.484, bed_util_des: 0.484, des_th: 0.4836468173360111,frac_lost: 0.107, li_recovered:  8.688, time: 0.01618585200048983
L: 0.50, u_super: 0.00034, sec: 73.295, prod: 0.001875, t_ads: 578.0, t_des: 4105.8, bed_util_ads: 0.228, bed_util_des: 0.178, des_th: 0.1779776405660081,frac_lost: 0.102, li_recovered:  8.782, time: 0.05243200799850456
L: 0.50, u_super: 0.00091, sec: 49.771, prod: 0.019486, t_ads: 206.6, t_des: 194.1, bed_util_ads: 0.479, bed_util_des: 0.477, des_th: 0.4773974220327861,frac_lost: 0.105, li_recovered:  7.806, time: 0.011557634999917354
L: 0.50, u_super: 0.00902, sec: 520.549, prod: 0.204363, t_ads: 21.7, t_des: 19.9, bed_util_ads: 0.498, bed_util_des: 0.498, des_th: 0.4977306341899992,frac_lost: 0.105, li_recovered:  8.495, time: 0.012706256000456051
L: 0.50, u_super: 0.00768, sec: 435.223, prod: 0.174136, t_ads: 25.3, t_des: 22.8, bed_util_ads: 0.499, bed_util_des: 0.499, des_th: 0.4991279485371116,frac_lost: 0.102, li_recovered:  8.379, time: 0.012506576000305358
L: 0.50, u_super: 0.00977, sec: 568.171, prod: 0.221625, t_ads: 20.0, t_des: 18.1, bed_util_ads: 0.500, bed_util_des: 0.499, des_th: 0.4994080834664499,frac_lost: 0.104, li_recovered:  8.445, time: 0.023805220000213012
L: 0.50, u_super: 0.00647, sec: 361.838, prod: 0.146486, t_ads: 30.0, t_des: 26.9, bed_util_ads: 0.500, bed_util_des: 0.500, des_th: 0.4997412413092274,frac_lost: 0.101, li_recovered:  8.326, time: 0.01488544399944658
L: 0.50, u_super: 0.00047 — INFEASIBLE (li_recovered=0.000e+00), time: 0.005011605000618147
L: 0.50, u_super: 0.00599, sec: 333.095, prod: 0.135413, t_ads: 32.5, t_des: 29.4, bed_util_ads: 0.498, bed_util_des: 0.498, des_th: 0.49791866082129793,frac_lost: 0.104, li_recovered:  8.372, time: 0.016517535999810207
L: 0.50, u_super: 0.00335, sec: 181.689, prod: 0.074961, t_ads: 57.5, t_des: 50.6, bed_util_ads: 0.499, bed_util_des: 0.499, des_th: 0.4992359670672993,frac_lost: 0.100, li_recovered:  8.105, time: 0.025609592001273995
L: 0.50, u_super: 0.00864, sec: 511.999, prod: 0.189433, t_ads: 22.7, t_des: 23.2, bed_util_ads: 0.484, bed_util_des: 0.484, des_th: 0.4839469688443954,frac_lost: 0.107, li_recovered:  8.689, time: 0.016384550999646308
L: 0.50, u_super: 0.00596, sec: 355.542, prod: 0.125490, t_ads: 32.5, t_des: 36.6, bed_util_ads: 0.471, bed_util_des: 0.471, des_th: 0.4709239238505064,frac_lost: 0.100, li_recovered:  8.670, time: 0.02182576999985031
L: 0.50, u_super: 0.00249, sec: 134.346, prod: 0.055413, t_ads: 77.4, t_des: 68.8, bed_util_ads: 0.496, bed_util_des: 0.496, des_th: 0.49580308498521003,frac_lost: 0.104, li_recovered:  8.098, time: 0.013615042000310495
L: 0.50, u_super: 0.00149, sec: 82.177, prod: 0.031995, t_ads: 127.1, t_des: 106.8, bed_util_ads: 0.500, bed_util_des: 0.499, des_th: 0.4995169616238084,frac_lost: 0.100, li_recovered:  7.482, time: 0.014064431001315825
L: 0.50, u_super: 0.00914, sec: 587.686, prod: 0.186083, t_ads: 21.4, t_des: 25.5, bed_util_ads: 0.465, bed_util_des: 0.464, des_th: 0.4641799872402193,frac_lost: 0.104, li_recovered:  8.713, time: 0.013056036999842036
L: 2.55, u_super: 0.00230 — INFEASIBLE (li_recovered=0.000e+00), time: 0.003434484000536031
L: 13.86, u_super: 0.00006 — INFEASIBLE (li_recovered=0.000e+00), time: 0.0014399600004253443
L: 0.50, u_super: 0.00975, sec: 567.303, prod: 0.221000, t_ads: 20.1, t_des: 18.2, bed_util_ads: 0.500, bed_util_des: 0.500, des_th: 0.499550965282196,frac_lost: 0.106, li_recovered:  8.445, time: 0.011188570999365766
L: 0.50, u_super: 0.00101, sec: 55.188, prod: 0.021880, t_ads: 185.8, t_des: 173.9, bed_util_ads: 0.482, bed_util_des: 0.480, des_th: 0.48042541832640273,frac_lost: 0.104, li_recovered:  7.869, time: 0.010599086999718565
L: 0.50, u_super: 0.00205, sec: 110.427, prod: 0.045387, t_ads: 93.3, t_des: 82.8, bed_util_ads: 0.495, bed_util_des: 0.494, des_th: 0.4943388006975798,frac_lost: 0.101, li_recovered:  7.993, time: 0.014897983000992099
   770 |    30800 |     40 |  0.0032755630 |             f
L: 0.50, u_super: 0.00177, sec: 98.187, prod: 0.037734, t_ads: 109.2, t_des: 113.9, bed_util_ads: 0.473, bed_util_des: 0.472, des_th: 0.47195749993257957,frac_lost: 0.107, li_recovered:  8.417, time: 0.01513735000116867
L: 0.50, u_super: 0.00503, sec: 276.726, prod: 0.113495, t_ads: 38.7, t_des: 35.4, bed_util_ads: 0.497, bed_util_des: 0.497, des_th: 0.49700367622822245,frac_lost: 0.104, li_recovered:  8.404, time: 0.018083826998918084
L: 0.50, u_super: 0.00218, sec: 117.920, prod: 0.047946, t_ads: 88.7, t_des: 77.1, bed_util_ads: 0.498, bed_util_des: 0.498, des_th: 0.49785001421194414,frac_lost: 0.107, li_recovered:  7.948, time: 0.013429743999950006
L: 0.50, u_super: 0.00990, sec: 576.015, prod: 0.224810, t_ads: 19.7, t_des: 17.9, bed_util_ads: 0.500, bed_util_des: 0.499, des_th: 0.49941800771673645,frac_lost: 0.102, li_recovered:  8.443, time: 0.014855286999591044
L: 0.50, u_super: 0.00161, sec: 87.451, prod: 0.034992, t_ads: 119.1, t_des: 103.0, bed_util_ads: 0.497, bed_util_des: 0.496, des_th: 0.4964440068752249,frac_lost: 0.106, li_recovered:  7.772, time: 0.0157299869988492
L: 4.22, u_super: 0.00223 — INFEASIBLE (li_recovered=0.000e+00), time: 0.008883982000043034
L: 0.50, u_super: 0.00457, sec: 250.497, prod: 0.102682, t_ads: 42.6, t_des: 37.9, bed_util_ads: 0.499, bed_util_des: 0.499, des_th: 0.49891093603737563,frac_lost: 0.106, li_recovered:  8.271, time: 0.018438735000017914
L: 0.50, u_super: 0.00570, sec: 315.285, prod: 0.128855, t_ads: 34.0, t_des: 30.9, bed_util_ads: 0.498, bed_util_des: 0.498, des_th: 0.4979743078182966,frac_lost: 0.101, li_recovered:  8.363, time: 0.012298186999032623
L: 0.50, u_super: 0.00043, sec: 97.529, prod: 0.002239, t_ads: 457.4, t_des: 3462.5, bed_util_ads: 0.228, bed_util_des: 0.186, des_th: 0.1856429771070388,frac_lost: 0.102, li_recovered:  8.775, time: 0.05482636799933971
L: 0.50, u_super: 0.00600, sec: 376.269, prod: 0.120315, t_ads: 32.6, t_des: 39.6, bed_util_ads: 0.461, bed_util_des: 0.460, des_th: 0.46036432629369944,frac_lost: 0.107, li_recovered:  8.685, time: 0.013410010998995858
L: 0.50, u_super: 0.00439, sec: 239.976, prod: 0.098759, t_ads: 44.3, t_des: 40.0, bed_util_ads: 0.497, bed_util_des: 0.497, des_th: 0.496970299435781,frac_lost: 0.106, li_recovered:  8.332, time: 0.02348326100036502
L: 0.50, u_super: 0.00091, sec: 49.840, prod: 0.019459, t_ads: 206.2, t_des: 190.2, bed_util_ads: 0.480, bed_util_des: 0.479, des_th: 0.47894505044843433,frac_lost: 0.103, li_recovered:  7.712, time: 0.020470477000344545
L: 0.50, u_super: 0.00869, sec: 499.591, prod: 0.196566, t_ads: 22.6, t_des: 20.4, bed_util_ads: 0.499, bed_util_des: 0.499, des_th: 0.4990097741080705,frac_lost: 0.108, li_recovered:  8.448, time: 0.016904707999856328
L: 0.97, u_super: 0.00924, sec: 1171.866, prod: 0.185127, t_ads: 40.8, t_des: 49.9, bed_util_ads: 0.460, bed_util_des: 0.459, des_th: 0.45878720842153536,frac_lost: 0.102, li_recovered:  16.790, time: 0.027666268000757555
L: 0.50, u_super: 0.00539, sec: 297.354, prod: 0.121591, t_ads: 36.0, t_des: 32.3, bed_util_ads: 0.499, bed_util_des: 0.499, des_th: 0.4985944923140498,frac_lost: 0.102, li_recovered:  8.301, time: 0.017564900999786914
L: 0.50, u_super: 0.00550, sec: 303.745, prod: 0.124122, t_ads: 35.3, t_des: 31.6, bed_util_ads: 0.500, bed_util_des: 0.499, des_th: 0.49936607218697787,frac_lost: 0.102, li_recovered:  8.309, time: 0.013738964998992742
L: 0.50, u_super: 0.00380, sec: 206.599, prod: 0.085397, t_ads: 51.1, t_des: 46.3, bed_util_ads: 0.497, bed_util_des: 0.497, des_th: 0.49722007760720366,frac_lost: 0.106, li_recovered:  8.320, time: 0.02955885700066574
L: 0.50, u_super: 0.00770, sec: 444.281, prod: 0.171550, t_ads: 25.5, t_des: 24.9, bed_util_ads: 0.490, bed_util_des: 0.489, des_th: 0.48942785977707376,frac_lost: 0.108, li_recovered:  8.644, time: 0.02118386400070449
L: 0.50, u_super: 0.00986, sec: 574.589, prod: 0.223343, t_ads: 19.8, t_des: 18.2, bed_util_ads: 0.498, bed_util_des: 0.498, des_th: 0.49785075244846094,frac_lost: 0.106, li_recovered:  8.494, time: 0.017773613000827027
L: 0.50, u_super: 0.00205, sec: 112.509, prod: 0.044539, t_ads: 94.2, t_des: 95.2, bed_util_ads: 0.478, bed_util_des: 0.477, des_th: 0.47743150261666994,frac_lost: 0.107, li_recovered:  8.437, time: 0.024046635999184218
L: 0.50, u_super: 0.00866, sec: 497.869, prod: 0.196078, t_ads: 22.6, t_des: 20.4, bed_util_ads: 0.500, bed_util_des: 0.499, des_th: 0.49949437074642394,frac_lost: 0.107, li_recovered:  8.439, time: 0.012284595000892296
L: 0.50, u_super: 0.00656, sec: 366.947, prod: 0.148578, t_ads: 29.6, t_des: 26.7, bed_util_ads: 0.499, bed_util_des: 0.499, des_th: 0.4990076330967332,frac_lost: 0.102, li_recovered:  8.366, time: 0.012029403000269667
L: 0.50, u_super: 0.00368, sec: 200.943, prod: 0.081982, t_ads: 52.9, t_des: 50.8, bed_util_ads: 0.490, bed_util_des: 0.489, des_th: 0.4893930434362322,frac_lost: 0.107, li_recovered:  8.504, time: 0.009836571000050753
L: 0.50, u_super: 0.00788, sec: 447.849, prod: 0.178637, t_ads: 24.7, t_des: 22.2, bed_util_ads: 0.499, bed_util_des: 0.499, des_th: 0.49907008044745793,frac_lost: 0.102, li_recovered:  8.380, time: 0.011102205999122816
L: 0.50, u_super: 0.00092, sec: 50.098, prod: 0.019627, t_ads: 205.2, t_des: 192.8, bed_util_ads: 0.479, bed_util_des: 0.477, des_th: 0.4773974220327861,frac_lost: 0.105, li_recovered:  7.812, time: 0.021385283000199706
L: 10.12, u_super: 0.00725 — INFEASIBLE (li_recovered=0.000e+00), time: 0.011065871000027983
L: 0.50, u_super: 0.00838, sec: 480.706, prod: 0.189521, t_ads: 23.3, t_des: 21.6, bed_util_ads: 0.496, bed_util_des: 0.496, des_th: 0.49562813960379337,frac_lost: 0.107, li_recovered:  8.523, time: 0.021471400999871548
L: 0.50, u_super: 0.00636, sec: 355.645, prod: 0.143457, t_ads: 30.6, t_des: 28.9, bed_util_ads: 0.493, bed_util_des: 0.493, des_th: 0.49281972508935057,frac_lost: 0.102, li_recovered:  8.532, time: 0.017975156000829884
L: 0.50, u_super: 0.00540, sec: 298.310, prod: 0.121946, t_ads: 35.9, t_des: 32.2, bed_util_ads: 0.499, bed_util_des: 0.499, des_th: 0.4985944923140498,frac_lost: 0.102, li_recovered:  8.306, time: 0.01745418999962567
L: 0.50, u_super: 0.00635, sec: 353.869, prod: 0.143837, t_ads: 30.5, t_des: 28.0, bed_util_ads: 0.496, bed_util_des: 0.496, des_th: 0.4962918950711913,frac_lost: 0.101, li_recovered:  8.422, time: 0.012218349000249873
L: 0.50, u_super: 0.00611, sec: 452.045, prod: 0.104041, t_ads: 32.0, t_des: 51.7, bed_util_ads: 0.426, bed_util_des: 0.425, des_th: 0.4251941886959367,frac_lost: 0.105, li_recovered:  8.702, time: 0.018915525999545935
L: 13.19, u_super: 0.00101 — INFEASIBLE (li_recovered=0.000e+00), time: 0.003953084000386298
L: 0.50, u_super: 0.00476, sec: 261.076, prod: 0.107325, t_ads: 40.8, t_des: 36.8, bed_util_ads: 0.498, bed_util_des: 0.498, des_th: 0.4977306341899992,frac_lost: 0.104, li_recovered:  8.332, time: 0.013976271000501583
L: 0.50, u_super: 0.00275, sec: 148.581, prod: 0.061339, t_ads: 70.1, t_des: 62.2, bed_util_ads: 0.498, bed_util_des: 0.498, des_th: 0.4978466736042991,frac_lost: 0.104, li_recovered:  8.117, time: 0.016061833001003833
L: 0.50, u_super: 0.00005, sec: 10.430, prod: 0.000278, t_ads: 1891.0, t_des: 1430.7, bed_util_ads: 0.264, bed_util_des: 0.260, des_th: 0.26058824175929424,frac_lost: 0.101, li_recovered:  0.922, time: 0.007196308999482426
L: 0.50, u_super: 0.00975, sec: 567.475, prod: 0.220933, t_ads: 20.1, t_des: 18.2, bed_util_ads: 0.500, bed_util_des: 0.499, des_th: 0.4994909259250461,frac_lost: 0.106, li_recovered:  8.451, time: 0.013263340999401407
L: 0.50, u_super: 0.00692, sec: 389.404, prod: 0.156278, t_ads: 28.3, t_des: 25.6, bed_util_ads: 0.499, bed_util_des: 0.499, des_th: 0.49908479053004484,frac_lost: 0.107, li_recovered:  8.425, time: 0.010081920001539402
L: 33.16, u_super: 0.00864 — INFEASIBLE (li_recovered=0.000e+00), time: 0.002915696999480133
L: 0.50, u_super: 0.00546, sec: 301.589, prod: 0.123205, t_ads: 35.6, t_des: 31.8, bed_util_ads: 0.500, bed_util_des: 0.500, des_th: 0.4995415136008668,frac_lost: 0.102, li_recovered:  8.305, time: 0.015580654000586946
L: 0.50, u_super: 0.00953, sec: 597.292, prod: 0.199840, t_ads: 20.5, t_des: 23.1, bed_util_ads: 0.472, bed_util_des: 0.472, des_th: 0.47199158051646334,frac_lost: 0.105, li_recovered:  8.714, time: 0.01684960999955365
   771 |    30840 |     40 |  0.0022245171 |             f
L: 0.50, u_super: 0.00813, sec: 464.299, prod: 0.183811, t_ads: 24.1, t_des: 22.1, bed_util_ads: 0.498, bed_util_des: 0.498, des_th: 0.4977443198992459,frac_lost: 0.107, li_recovered:  8.491, time: 0.011924626000109129
L: 0.50, u_super: 0.00941, sec: 545.105, prod: 0.213416, t_ads: 20.7, t_des: 18.7, bed_util_ads: 0.500, bed_util_des: 0.499, des_th: 0.49941800771673645,frac_lost: 0.104, li_recovered:  8.407, time: 0.012343371001406922
L: 0.50, u_super: 0.00027 — INFEASIBLE (li_recovered=0.000e+00), time: 0.005030976999478298
L: 0.50, u_super: 0.00096, sec: 52.486, prod: 0.020572, t_ads: 195.6, t_des: 192.9, bed_util_ads: 0.474, bed_util_des: 0.472, des_th: 0.47199158051646334,frac_lost: 0.101, li_recovered:  7.991, time: 0.01800739300051646
L: 1.45, u_super: 0.00661, sec: 1098.288, prod: 0.146281, t_ads: 84.6, t_des: 74.2, bed_util_ads: 0.498, bed_util_des: 0.498, des_th: 0.4978775672215795,frac_lost: 0.106, li_recovered:  23.234, time: 0.019571756000004825
L: 0.50, u_super: 0.00194, sec: 104.758, prod: 0.042723, t_ads: 98.5, t_des: 86.4, bed_util_ads: 0.496, bed_util_des: 0.496, des_th: 0.4958904591828072,frac_lost: 0.101, li_recovered:  7.901, time: 0.017645679999986896
L: 0.50, u_super: 0.00661, sec: 369.535, prod: 0.149735, t_ads: 29.3, t_des: 26.5, bed_util_ads: 0.499, bed_util_des: 0.499, des_th: 0.4985944923140498,frac_lost: 0.101, li_recovered:  8.367, time: 0.0158092490000854
L: 0.50, u_super: 0.00734, sec: 415.612, prod: 0.165877, t_ads: 26.7, t_des: 24.4, bed_util_ads: 0.497, bed_util_des: 0.497, des_th: 0.49683815836907175,frac_lost: 0.108, li_recovered:  8.477, time: 0.015309376000004704
L: 0.50, u_super: 0.00894, sec: 515.224, prod: 0.202536, t_ads: 21.9, t_des: 19.9, bed_util_ads: 0.500, bed_util_des: 0.499, des_th: 0.49949773928462604,frac_lost: 0.106, li_recovered:  8.452, time: 0.01318302700019558
L: 0.50, u_super: 0.00132, sec: 72.335, prod: 0.028189, t_ads: 144.0, t_des: 122.6, bed_util_ads: 0.496, bed_util_des: 0.496, des_th: 0.49582309630465526,frac_lost: 0.102, li_recovered:  7.515, time: 0.01843189600003825
L: 0.50, u_super: 0.00718, sec: 405.357, prod: 0.162146, t_ads: 27.3, t_des: 24.8, bed_util_ads: 0.499, bed_util_des: 0.499, des_th: 0.4987936930807368,frac_lost: 0.108, li_recovered:  8.442, time: 0.014025176000359352
L: 0.50, u_super: 0.00692, sec: 388.059, prod: 0.156768, t_ads: 28.0, t_des: 25.4, bed_util_ads: 0.499, bed_util_des: 0.499, des_th: 0.49912785488811523,frac_lost: 0.101, li_recovered:  8.383, time: 0.017568913999639335
L: 0.50, u_super: 0.00655, sec: 366.254, prod: 0.148042, t_ads: 29.7, t_des: 26.5, bed_util_ads: 0.500, bed_util_des: 0.500, des_th: 0.49979156533645736,frac_lost: 0.102, li_recovered:  8.316, time: 0.018351143000472803
L: 0.50, u_super: 0.00130, sec: 72.128, prod: 0.027769, t_ads: 146.9, t_des: 151.3, bed_util_ads: 0.472, bed_util_des: 0.470, des_th: 0.46994292925611014,frac_lost: 0.107, li_recovered:  8.280, time: 0.022420803001296008
L: 0.50, u_super: 0.00570, sec: 315.701, prod: 0.128855, t_ads: 34.1, t_des: 30.8, bed_util_ads: 0.498, bed_util_des: 0.498, des_th: 0.49826500764864207,frac_lost: 0.103, li_recovered:  8.365, time: 0.013779255999907036
L: 0.50, u_super: 0.00434, sec: 237.157, prod: 0.097558, t_ads: 44.9, t_des: 40.5, bed_util_ads: 0.497, bed_util_des: 0.497, des_th: 0.4969426629452397,frac_lost: 0.106, li_recovered:  8.330, time: 0.011849269998492673
L: 0.50, u_super: 0.00098 — INFEASIBLE (li_recovered=0.000e+00), time: 0.007921860000351444
L: 0.50, u_super: 0.00625, sec: 348.341, prod: 0.141457, t_ads: 31.0, t_des: 27.8, bed_util_ads: 0.499, bed_util_des: 0.499, des_th: 0.4989893437674823,frac_lost: 0.101, li_recovered:  8.319, time: 0.01561109199974453
L: 0.50, u_super: 0.00380, sec: 206.565, prod: 0.085411, t_ads: 51.1, t_des: 46.3, bed_util_ads: 0.497, bed_util_des: 0.497, des_th: 0.496996843728294,frac_lost: 0.105, li_recovered:  8.315, time: 0.012273365000510239
L: 0.50, u_super: 0.00902, sec: 520.661, prod: 0.204086, t_ads: 21.7, t_des: 19.6, bed_util_ads: 0.500, bed_util_des: 0.500, des_th: 0.49964160966879817,frac_lost: 0.108, li_recovered:  8.442, time: 0.013153008001609123
L: 0.50, u_super: 0.00140, sec: 76.785, prod: 0.030047, t_ads: 135.6, t_des: 115.4, bed_util_ads: 0.496, bed_util_des: 0.496, des_th: 0.495965201319628,frac_lost: 0.101, li_recovered:  7.541, time: 0.01611932600098953
L: 0.67, u_super: 0.00801, sec: 5053.107, prod: 0.021948, t_ads: 32.8, t_des: 503.5, bed_util_ads: 0.194, bed_util_des: 0.190, des_th: 0.1895733693607794,frac_lost: 0.103, li_recovered:  11.770, time: 0.10373677600000519
L: 0.50, u_super: 0.00636, sec: 354.651, prod: 0.144130, t_ads: 30.5, t_des: 27.6, bed_util_ads: 0.498, bed_util_des: 0.498, des_th: 0.49791866082129793,frac_lost: 0.100, li_recovered:  8.370, time: 0.012323551998633775
L: 0.50, u_super: 0.00949, sec: 550.581, prod: 0.214964, t_ads: 20.6, t_des: 18.7, bed_util_ads: 0.500, bed_util_des: 0.499, des_th: 0.4995095935213414,frac_lost: 0.106, li_recovered:  8.451, time: 0.011415449000196531
L: 0.50, u_super: 0.00469, sec: 280.110, prod: 0.096780, t_ads: 41.4, t_des: 47.9, bed_util_ads: 0.466, bed_util_des: 0.465, des_th: 0.4654451672014211,frac_lost: 0.102, li_recovered:  8.648, time: 0.012790861999746994
L: 0.50, u_super: 0.00936, sec: 542.237, prod: 0.211807, t_ads: 20.9, t_des: 19.2, bed_util_ads: 0.499, bed_util_des: 0.499, des_th: 0.4987866923189391,frac_lost: 0.107, li_recovered:  8.495, time: 0.014755252001123154
L: 0.50, u_super: 0.00768, sec: 437.123, prod: 0.173379, t_ads: 25.5, t_des: 23.7, bed_util_ads: 0.495, bed_util_des: 0.495, des_th: 0.4952539610621384,frac_lost: 0.107, li_recovered:  8.530, time: 0.017379061999236
L: 0.50, u_super: 0.00249, sec: 134.158, prod: 0.055188, t_ads: 77.5, t_des: 68.2, bed_util_ads: 0.499, bed_util_des: 0.498, des_th: 0.4983502137037646,frac_lost: 0.103, li_recovered:  8.038, time: 0.013815087999319076
L: 0.50, u_super: 0.00868, sec: 522.243, prod: 0.187745, t_ads: 22.5, t_des: 23.8, bed_util_ads: 0.480, bed_util_des: 0.479, des_th: 0.4795192917554092,frac_lost: 0.105, li_recovered:  8.700, time: 0.014710532001117826
L: 0.50, u_super: 0.00768, sec: 436.414, prod: 0.173713, t_ads: 25.5, t_des: 23.1, bed_util_ads: 0.499, bed_util_des: 0.499, des_th: 0.4990701740964543,frac_lost: 0.107, li_recovered:  8.437, time: 0.02295399600006931
L: 0.50, u_super: 0.00091 — INFEASIBLE (li_recovered=0.000e+00), time: 0.00876067600074748
L: 0.50, u_super: 0.00005, sec: 4.332, prod: 0.000668, t_ads: 3407.1, t_des: 5727.1, bed_util_ads: 0.253, bed_util_des: 0.187, des_th: 0.18695994893664067,frac_lost: 0.102, li_recovered:  6.104, time: 0.01691294400006882
L: 0.50, u_super: 0.00224, sec: 122.918, prod: 0.048561, t_ads: 86.3, t_des: 88.1, bed_util_ads: 0.479, bed_util_des: 0.478, des_th: 0.47768148368432384,frac_lost: 0.104, li_recovered:  8.467, time: 0.015858110000408487
L: 0.50, u_super: 0.00635, sec: 353.789, prod: 0.143869, t_ads: 30.5, t_des: 28.0, bed_util_ads: 0.496, bed_util_des: 0.496, des_th: 0.4963195315617327,frac_lost: 0.100, li_recovered:  8.412, time: 0.020054333999723895
L: 0.50, u_super: 0.00902, sec: 520.677, prod: 0.204313, t_ads: 21.7, t_des: 19.9, bed_util_ads: 0.498, bed_util_des: 0.498, des_th: 0.4978241574869687,frac_lost: 0.106, li_recovered:  8.490, time: 0.01268108700060111
L: 0.50, u_super: 0.00108, sec: 60.038, prod: 0.022808, t_ads: 173.8, t_des: 147.4, bed_util_ads: 0.493, bed_util_des: 0.493, des_th: 0.4928512502331424,frac_lost: 0.101, li_recovered:  7.327, time: 0.017893715999889537
L: 0.50, u_super: 0.00503, sec: 313.818, prod: 0.100080, t_ads: 38.9, t_des: 47.7, bed_util_ads: 0.460, bed_util_des: 0.459, des_th: 0.4593801168766366,frac_lost: 0.108, li_recovered:  8.670, time: 0.017076927000744035
L: 0.50, u_super: 0.00570, sec: 315.646, prod: 0.128723, t_ads: 34.1, t_des: 30.5, bed_util_ads: 0.499, bed_util_des: 0.499, des_th: 0.4988015250126084,frac_lost: 0.102, li_recovered:  8.314, time: 0.01624041099967144
L: 0.50, u_super: 0.00880, sec: 537.233, prod: 0.187625, t_ads: 22.2, t_des: 24.2, bed_util_ads: 0.476, bed_util_des: 0.476, des_th: 0.4761627681766717,frac_lost: 0.105, li_recovered:  8.706, time: 0.022726652001438197
L: 0.50, u_super: 0.00717, sec: 406.858, prod: 0.161228, t_ads: 27.3, t_des: 26.0, bed_util_ads: 0.493, bed_util_des: 0.493, des_th: 0.4928449718513243,frac_lost: 0.106, li_recovered:  8.580, time: 0.018720236001172452
   772 |    30880 |     40 |  0.0033872523 |             f
L: 0.50, u_super: 0.00734, sec: 414.305, prod: 0.166493, t_ads: 26.4, t_des: 23.9, bed_util_ads: 0.499, bed_util_des: 0.499, des_th: 0.4990702215055189,frac_lost: 0.101, li_recovered:  8.388, time: 0.024451348999718903
L: 0.50, u_super: 0.00912, sec: 526.509, prod: 0.206735, t_ads: 21.4, t_des: 19.7, bed_util_ads: 0.497, bed_util_des: 0.497, des_th: 0.4969426629452397,frac_lost: 0.104, li_recovered:  8.492, time: 0.01489314500031469
L: 0.50, u_super: 0.00503, sec: 276.726, prod: 0.113495, t_ads: 38.7, t_des: 35.4, bed_util_ads: 0.497, bed_util_des: 0.497, des_th: 0.49700367622822245,frac_lost: 0.104, li_recovered:  8.404, time: 0.016207315999054117
L: 0.50, u_super: 0.00047, sec: 28.400, prod: 0.009059, t_ads: 378.4, t_des: 322.5, bed_util_ads: 0.472, bed_util_des: 0.472, des_th: 0.47175209302050275,frac_lost: 0.102, li_recovered:  6.349, time: 0.01297906400031934
L: 0.50, u_super: 0.00380, sec: 206.982, prod: 0.085239, t_ads: 51.2, t_des: 45.8, bed_util_ads: 0.499, bed_util_des: 0.499, des_th: 0.4986013813423212,frac_lost: 0.108, li_recovered:  8.272, time: 0.015930681000099867
L: 0.50, u_super: 0.00091 — INFEASIBLE (li_recovered=0.000e+00), time: 0.007873799000662984
L: 0.50, u_super: 0.00720, sec: 405.590, prod: 0.163184, t_ads: 27.0, t_des: 24.4, bed_util_ads: 0.500, bed_util_des: 0.499, des_th: 0.4994222767801498,frac_lost: 0.102, li_recovered:  8.388, time: 0.011618517000897555
L: 0.50, u_super: 0.00865, sec: 497.321, prod: 0.195681, t_ads: 22.6, t_des: 21.0, bed_util_ads: 0.496, bed_util_des: 0.496, des_th: 0.4956424044324399,frac_lost: 0.106, li_recovered:  8.523, time: 0.016426072999820462
L: 5.10, u_super: 0.00289 — INFEASIBLE (li_recovered=0.000e+00), time: 0.008985858999949414
L: 0.50, u_super: 0.00671, sec: 376.465, prod: 0.151511, t_ads: 29.1, t_des: 26.8, bed_util_ads: 0.497, bed_util_des: 0.497, des_th: 0.4969426629452397,frac_lost: 0.106, li_recovered:  8.468, time: 0.013833208000505692
L: 0.50, u_super: 0.00812, sec: 463.922, prod: 0.183728, t_ads: 24.1, t_des: 22.1, bed_util_ads: 0.497, bed_util_des: 0.497, des_th: 0.497313503375908,frac_lost: 0.107, li_recovered:  8.489, time: 0.015252008999596
L: 0.50, u_super: 0.00862, sec: 495.344, prod: 0.195066, t_ads: 22.7, t_des: 20.8, bed_util_ads: 0.498, bed_util_des: 0.498, des_th: 0.49770759663722813,frac_lost: 0.107, li_recovered:  8.492, time: 0.017536565999762388
L: 19.37, u_super: 0.00779 — INFEASIBLE (li_recovered=0.000e+00), time: 0.004594369998812908
L: 0.50, u_super: 0.00192, sec: 103.678, prod: 0.042132, t_ads: 100.1, t_des: 87.5, bed_util_ads: 0.496, bed_util_des: 0.496, des_th: 0.49580308498521003,frac_lost: 0.104, li_recovered:  7.901, time: 0.012682677999691805
L: 0.50, u_super: 0.00570, sec: 315.411, prod: 0.128804, t_ads: 34.1, t_des: 30.9, bed_util_ads: 0.499, bed_util_des: 0.499, des_th: 0.4985692262865114,frac_lost: 0.102, li_recovered:  8.364, time: 0.013150420998499612
L: 0.50, u_super: 0.00593, sec: 361.260, prod: 0.122091, t_ads: 32.7, t_des: 38.3, bed_util_ads: 0.466, bed_util_des: 0.466, des_th: 0.4656314369756059,frac_lost: 0.101, li_recovered:  8.674, time: 0.018173374999605585
L: 0.50, u_super: 0.00974, sec: 565.893, prod: 0.220906, t_ads: 20.0, t_des: 18.2, bed_util_ads: 0.500, bed_util_des: 0.500, des_th: 0.4996172378731902,frac_lost: 0.104, li_recovered:  8.446, time: 0.011265658999036532
L: 15.76, u_super: 0.00708 — INFEASIBLE (li_recovered=0.000e+00), time: 0.004871021001235931
L: 0.50, u_super: 0.00665, sec: 3247.252, prod: 0.017253, t_ads: 29.5, t_des: 479.5, bed_util_ads: 0.190, bed_util_des: 0.186, des_th: 0.18584368832046502,frac_lost: 0.104, li_recovered:  8.783, time: 0.10151976399902196
L: 10.39, u_super: 0.00768 — INFEASIBLE (li_recovered=0.000e+00), time: 0.009869604000414256
L: 0.50, u_super: 0.00470, sec: 258.122, prod: 0.105697, t_ads: 41.5, t_des: 36.9, bed_util_ads: 0.500, bed_util_des: 0.499, des_th: 0.4995095935213414,frac_lost: 0.106, li_recovered:  8.288, time: 0.017377035001118202
L: 0.50, u_super: 0.00570, sec: 315.285, prod: 0.128855, t_ads: 34.0, t_des: 30.9, bed_util_ads: 0.498, bed_util_des: 0.498, des_th: 0.4979743078182966,frac_lost: 0.101, li_recovered:  8.363, time: 0.017300452998824767
L: 0.50, u_super: 0.00057 — INFEASIBLE (li_recovered=0.000e+00), time: 0.006048735998774646
L: 1.59, u_super: 0.00539, sec: 984.860, prod: 0.117017, t_ads: 113.0, t_des: 96.6, bed_util_ads: 0.499, bed_util_des: 0.499, des_th: 0.4986124837672304,frac_lost: 0.103, li_recovered:  24.534, time: 0.01152627599913103
L: 0.50, u_super: 0.00005, sec: 4.347, prod: 0.000666, t_ads: 3560.6, t_des: 6542.2, bed_util_ads: 0.247, bed_util_des: 0.171, des_th: 0.17163161841465255,frac_lost: 0.101, li_recovered:  6.727, time: 0.012922657000672189
L: 43.52, u_super: 0.00971 — INFEASIBLE (li_recovered=0.000e+00), time: 0.0028034339993610047
L: 0.50, u_super: 0.00598, sec: 332.010, prod: 0.135206, t_ads: 32.5, t_des: 29.4, bed_util_ads: 0.498, bed_util_des: 0.498, des_th: 0.4979043959904083,frac_lost: 0.102, li_recovered:  8.368, time: 0.013503794998541707
L: 0.50, u_super: 0.00977, sec: 568.049, prod: 0.221582, t_ads: 20.0, t_des: 18.2, bed_util_ads: 0.500, bed_util_des: 0.500, des_th: 0.499550965282196,frac_lost: 0.104, li_recovered:  8.455, time: 0.017857390001154272
L: 0.50, u_super: 0.00370, sec: 201.498, prod: 0.082998, t_ads: 52.6, t_des: 48.6, bed_util_ads: 0.494, bed_util_des: 0.493, des_th: 0.49341832962727067,frac_lost: 0.108, li_recovered:  8.404, time: 0.013980002999232966
L: 0.50, u_super: 0.00839, sec: 481.044, prod: 0.189787, t_ads: 23.3, t_des: 21.6, bed_util_ads: 0.496, bed_util_des: 0.496, des_th: 0.4956358162791659,frac_lost: 0.105, li_recovered:  8.526, time: 0.015678850000767852
L: 0.50, u_super: 0.00336, sec: 181.259, prod: 0.075328, t_ads: 57.5, t_des: 51.8, bed_util_ads: 0.497, bed_util_des: 0.497, des_th: 0.4969795113928318,frac_lost: 0.101, li_recovered:  8.231, time: 0.015697519998866483
L: 0.50, u_super: 0.00420, sec: 228.880, prod: 0.094512, t_ads: 46.2, t_des: 42.4, bed_util_ads: 0.496, bed_util_des: 0.496, des_th: 0.4958904591828072,frac_lost: 0.104, li_recovered:  8.375, time: 0.013491684998371056
L: 0.50, u_super: 0.00539, sec: 297.354, prod: 0.121591, t_ads: 36.0, t_des: 32.3, bed_util_ads: 0.499, bed_util_des: 0.499, des_th: 0.4985944923140498,frac_lost: 0.102, li_recovered:  8.301, time: 0.014563841001290712
L: 0.50, u_super: 0.00332, sec: 180.507, prod: 0.074183, t_ads: 58.5, t_des: 51.5, bed_util_ads: 0.499, bed_util_des: 0.499, des_th: 0.4991082190517475,frac_lost: 0.108, li_recovered:  8.164, time: 0.01350598700082628
L: 0.50, u_super: 0.00746, sec: 422.767, prod: 0.168537, t_ads: 26.3, t_des: 23.8, bed_util_ads: 0.499, bed_util_des: 0.499, des_th: 0.4991108212727937,frac_lost: 0.108, li_recovered:  8.432, time: 0.015735054001197568
L: 0.50, u_super: 0.00055, sec: 34.306, prod: 0.010313, t_ads: 337.1, t_des: 423.0, bed_util_ads: 0.429, bed_util_des: 0.422, des_th: 0.4219636050243346,frac_lost: 0.105, li_recovered:  7.839, time: 0.01860865300113801
L: 0.50, u_super: 0.00016 — INFEASIBLE (li_recovered=0.000e+00), time: 0.0053531800003838725
L: 0.50, u_super: 0.00976, sec: 568.204, prod: 0.221239, t_ads: 20.0, t_des: 18.2, bed_util_ads: 0.500, bed_util_des: 0.500, des_th: 0.49952744495965673,frac_lost: 0.106, li_recovered:  8.458, time: 0.017266419001316535
L: 0.50, u_super: 0.00813, sec: 464.076, prod: 0.183927, t_ads: 24.1, t_des: 21.8, bed_util_ads: 0.499, bed_util_des: 0.499, des_th: 0.4988102125968174,frac_lost: 0.107, li_recovered:  8.439, time: 0.01116170599925681
L: 0.50, u_super: 0.00367, sec: 199.885, prod: 0.082064, t_ads: 52.9, t_des: 50.3, bed_util_ads: 0.490, bed_util_des: 0.489, des_th: 0.4894436249942696,frac_lost: 0.105, li_recovered:  8.472, time: 0.01585221399909642
   773 |    30920 |     40 |  0.0017434531 |             f
L: 0.50, u_super: 0.00055, sec: 31.746, prod: 0.011052, t_ads: 328.6, t_des: 292.9, bed_util_ads: 0.473, bed_util_des: 0.472, des_th: 0.47199158051646334,frac_lost: 0.100, li_recovered:  6.869, time: 0.011712020999766537
L: 0.50, u_super: 0.00012, sec: 13.438, prod: 0.001251, t_ads: 1610.5, t_des: 4944.4, bed_util_ads: 0.257, bed_util_des: 0.185, des_th: 0.1851696623157332,frac_lost: 0.101, li_recovered:  8.197, time: 0.033931775999008096
L: 0.50, u_super: 0.00276, sec: 148.772, prod: 0.061493, t_ads: 70.0, t_des: 62.2, bed_util_ads: 0.497, bed_util_des: 0.497, des_th: 0.496996843728294,frac_lost: 0.103, li_recovered:  8.129, time: 0.014744189000339247
L: 0.50, u_super: 0.00302, sec: 162.904, prod: 0.067620, t_ads: 63.9, t_des: 57.5, bed_util_ads: 0.496, bed_util_des: 0.496, des_th: 0.49588179075444117,frac_lost: 0.102, li_recovered:  8.209, time: 0.012314591000176733
L: 0.50, u_super: 0.00224, sec: 122.918, prod: 0.048561, t_ads: 86.3, t_des: 88.1, bed_util_ads: 0.479, bed_util_des: 0.478, des_th: 0.47768148368432384,frac_lost: 0.104, li_recovered:  8.467, time: 0.013276745999974082
L: 0.50, u_super: 0.00698, sec: 408.284, prod: 0.151924, t_ads: 28.0, t_des: 29.1, bed_util_ads: 0.482, bed_util_des: 0.481, des_th: 0.4814294596452776,frac_lost: 0.107, li_recovered:  8.679, time: 0.009742684000229929
L: 0.50, u_super: 0.00680, sec: 382.937, prod: 0.153388, t_ads: 28.8, t_des: 26.7, bed_util_ads: 0.496, bed_util_des: 0.496, des_th: 0.49577803046139096,frac_lost: 0.108, li_recovered:  8.510, time: 0.013759168999968097
L: 0.50, u_super: 0.00108 — INFEASIBLE (li_recovered=0.000e+00), time: 0.007100587999957497
L: 0.50, u_super: 0.00890, sec: 512.961, prod: 0.201401, t_ads: 22.0, t_des: 19.9, bed_util_ads: 0.500, bed_util_des: 0.499, des_th: 0.49949773928462604,frac_lost: 0.107, li_recovered:  8.442, time: 0.013773926999419928
L: 0.50, u_super: 0.00728, sec: 3694.638, prod: 0.018340, t_ads: 27.0, t_des: 452.0, bed_util_ads: 0.188, bed_util_des: 0.184, des_th: 0.18401947849897443,frac_lost: 0.105, li_recovered:  8.784, time: 0.08904554000037024
L: 57.30, u_super: 0.00380 — INFEASIBLE (li_recovered=0.000e+00), time: 0.0025652139993326273
L: 0.50, u_super: 0.00746, sec: 421.273, prod: 0.169135, t_ads: 26.0, t_des: 23.8, bed_util_ads: 0.497, bed_util_des: 0.497, des_th: 0.49691796791273535,frac_lost: 0.101, li_recovered:  8.430, time: 0.007431458998325979
L: 0.50, u_super: 0.00301, sec: 162.979, prod: 0.067252, t_ads: 64.2, t_des: 56.8, bed_util_ads: 0.499, bed_util_des: 0.499, des_th: 0.49856303327289425,frac_lost: 0.104, li_recovered:  8.139, time: 0.010631459999785875
L: 0.50, u_super: 0.00832, sec: 475.876, prod: 0.188182, t_ads: 23.5, t_des: 21.6, bed_util_ads: 0.497, bed_util_des: 0.497, des_th: 0.4969267353774589,frac_lost: 0.106, li_recovered:  8.482, time: 0.009828993999690283
L: 0.50, u_super: 0.00990, sec: 576.015, prod: 0.224810, t_ads: 19.7, t_des: 17.9, bed_util_ads: 0.500, bed_util_des: 0.499, des_th: 0.49941800771673645,frac_lost: 0.102, li_recovered:  8.443, time: 0.011032071999579784
L: 0.50, u_super: 0.00228, sec: 126.068, prod: 0.049471, t_ads: 84.6, t_des: 86.9, bed_util_ads: 0.478, bed_util_des: 0.477, des_th: 0.47718034411948623,frac_lost: 0.105, li_recovered:  8.481, time: 0.00991209399944637
L: 0.50, u_super: 0.00294, sec: 158.650, prod: 0.065871, t_ads: 65.5, t_des: 58.9, bed_util_ads: 0.496, bed_util_des: 0.496, des_th: 0.49580308498521003,frac_lost: 0.102, li_recovered:  8.190, time: 0.014586086999770487
L: 0.50, u_super: 0.00164, sec: 89.107, prod: 0.035796, t_ads: 116.4, t_des: 116.0, bed_util_ads: 0.479, bed_util_des: 0.477, des_th: 0.4773974220327861,frac_lost: 0.102, li_recovered:  8.317, time: 0.013352657999348594
L: 0.50, u_super: 0.00872, sec: 501.397, prod: 0.197236, t_ads: 22.5, t_des: 20.3, bed_util_ads: 0.499, bed_util_des: 0.499, des_th: 0.4993244542716335,frac_lost: 0.108, li_recovered:  8.444, time: 0.01330080700063263
L: 0.50, u_super: 0.00154, sec: 85.322, prod: 0.032997, t_ads: 124.2, t_des: 129.0, bed_util_ads: 0.473, bed_util_des: 0.472, des_th: 0.47175209302050275,frac_lost: 0.105, li_recovered:  8.356, time: 0.009912339000948123
L: 0.50, u_super: 0.00505, sec: 277.455, prod: 0.114031, t_ads: 38.4, t_des: 34.8, bed_util_ads: 0.497, bed_util_des: 0.497, des_th: 0.49700367622822245,frac_lost: 0.102, li_recovered:  8.349, time: 0.012727855999401072
L: 0.50, u_super: 0.00611, sec: 374.722, prod: 0.125194, t_ads: 31.8, t_des: 37.5, bed_util_ads: 0.465, bed_util_des: 0.465, des_th: 0.46460385994591963,frac_lost: 0.101, li_recovered:  8.677, time: 0.013563507000071695
L: 0.50, u_super: 0.00990, sec: 576.015, prod: 0.224810, t_ads: 19.7, t_des: 17.9, bed_util_ads: 0.500, bed_util_des: 0.499, des_th: 0.49941800771673645,frac_lost: 0.102, li_recovered:  8.443, time: 0.017477876999691944
L: 0.50, u_super: 0.00532, sec: 299.059, prod: 0.117916, t_ads: 36.5, t_des: 36.6, bed_util_ads: 0.485, bed_util_des: 0.484, des_th: 0.4843939726498186,frac_lost: 0.102, li_recovered:  8.615, time: 0.01146428699939861
L: 0.50, u_super: 0.00232, sec: 125.477, prod: 0.051255, t_ads: 83.1, t_des: 72.4, bed_util_ads: 0.498, bed_util_des: 0.498, des_th: 0.4979993623389637,frac_lost: 0.104, li_recovered:  7.969, time: 0.014772463999179308
L: 0.50, u_super: 0.00654, sec: 375.352, prod: 0.144436, t_ads: 29.9, t_des: 30.0, bed_util_ads: 0.486, bed_util_des: 0.485, des_th: 0.4852467192306759,frac_lost: 0.108, li_recovered:  8.653, time: 0.012732223998682457
L: 0.50, u_super: 0.00005 — INFEASIBLE (li_recovered=0.000e+00), time: 0.0022986120002315147
L: 0.50, u_super: 0.00570, sec: 315.635, prod: 0.128712, t_ads: 34.1, t_des: 30.6, bed_util_ads: 0.499, bed_util_des: 0.499, des_th: 0.4991213481772339,frac_lost: 0.102, li_recovered:  8.319, time: 0.014907287000823999
L: 0.50, u_super: 0.00672, sec: 377.515, prod: 0.151558, t_ads: 29.2, t_des: 26.4, bed_util_ads: 0.499, bed_util_des: 0.499, des_th: 0.49913551184837346,frac_lost: 0.109, li_recovered:  8.428, time: 0.019282806999399327
L: 0.50, u_super: 0.00936, sec: 541.799, prod: 0.211978, t_ads: 20.9, t_des: 19.0, bed_util_ads: 0.499, bed_util_des: 0.499, des_th: 0.49883410137585776,frac_lost: 0.106, li_recovered:  8.457, time: 0.02056141499997466
L: 24.63, u_super: 0.00338 — INFEASIBLE (li_recovered=0.000e+00), time: 0.0023968080004124204
L: 0.50, u_super: 0.00055, sec: 31.760, prod: 0.011140, t_ads: 331.2, t_des: 295.7, bed_util_ads: 0.473, bed_util_des: 0.472, des_th: 0.47199158051646334,frac_lost: 0.106, li_recovered:  6.983, time: 0.012909692000903306
L: 0.50, u_super: 0.00554, sec: 306.327, prod: 0.125288, t_ads: 35.0, t_des: 31.7, bed_util_ads: 0.498, bed_util_des: 0.498, des_th: 0.49824654249173633,frac_lost: 0.102, li_recovered:  8.353, time: 0.014215565000995412
L: 0.50, u_super: 0.00104, sec: 58.131, prod: 0.021971, t_ads: 180.6, t_des: 152.7, bed_util_ads: 0.494, bed_util_des: 0.493, des_th: 0.49341832962727067,frac_lost: 0.104, li_recovered:  7.325, time: 0.013414885001111543
L: 0.50, u_super: 0.00744, sec: 476.634, prod: 0.148634, t_ads: 26.3, t_des: 32.3, bed_util_ads: 0.461, bed_util_des: 0.460, des_th: 0.4601577759708455,frac_lost: 0.106, li_recovered:  8.703, time: 0.01947736800138955
L: 0.50, u_super: 0.00526, sec: 290.000, prod: 0.118514, t_ads: 37.0, t_des: 33.1, bed_util_ads: 0.500, bed_util_des: 0.500, des_th: 0.49979156533645736,frac_lost: 0.104, li_recovered:  8.306, time: 0.013122673999532708
L: 0.50, u_super: 0.00270, sec: 145.572, prod: 0.060153, t_ads: 71.4, t_des: 63.5, bed_util_ads: 0.497, bed_util_des: 0.497, des_th: 0.49658573757298513,frac_lost: 0.103, li_recovered:  8.117, time: 0.018219323999801418
L: 0.50, u_super: 0.00989, sec: 575.672, prod: 0.224388, t_ads: 19.7, t_des: 17.9, bed_util_ads: 0.499, bed_util_des: 0.499, des_th: 0.4991108212727937,frac_lost: 0.104, li_recovered:  8.452, time: 0.013880575001167017
L: 0.50, u_super: 0.00205, sec: 171.880, prod: 0.029239, t_ads: 94.5, t_des: 199.5, bed_util_ads: 0.387, bed_util_des: 0.383, des_th: 0.3826409376767106,frac_lost: 0.104, li_recovered:  8.597, time: 0.025543103000018164
L: 9.11, u_super: 0.00005 — INFEASIBLE (li_recovered=0.000e+00), time: 0.0020284319998609135
   774 |    30960 |     40 |  0.0030567826 |             f
L: 60.25, u_super: 0.00379 — INFEASIBLE (li_recovered=0.000e+00), time: 0.001855608001278597
L: 0.50, u_super: 0.00420, sec: 228.834, prod: 0.094531, t_ads: 46.2, t_des: 42.2, bed_util_ads: 0.496, bed_util_des: 0.496, des_th: 0.4959474328249691,frac_lost: 0.104, li_recovered:  8.361, time: 0.014479878000202007
L: 0.50, u_super: 0.00611, sec: 340.077, prod: 0.138296, t_ads: 31.7, t_des: 28.4, bed_util_ads: 0.500, bed_util_des: 0.500, des_th: 0.4998262182265945,frac_lost: 0.101, li_recovered:  8.316, time: 0.013995429999340558
L: 12.25, u_super: 0.00085 — INFEASIBLE (li_recovered=0.000e+00), time: 0.0022436320014094235
L: 0.50, u_super: 0.00194, sec: 104.789, prod: 0.042710, t_ads: 98.4, t_des: 86.3, bed_util_ads: 0.496, bed_util_des: 0.496, des_th: 0.4960444601861859,frac_lost: 0.100, li_recovered:  7.888, time: 0.017193071000292548
L: 0.50, u_super: 0.00576, sec: 318.931, prod: 0.130257, t_ads: 33.7, t_des: 30.5, bed_util_ads: 0.498, bed_util_des: 0.498, des_th: 0.4979743078182966,frac_lost: 0.101, li_recovered:  8.362, time: 0.015200910000203294
L: 0.50, u_super: 0.00154, sec: 569.889, prod: 0.004936, t_ads: 127.8, t_des: 1654.5, bed_util_ads: 0.201, bed_util_des: 0.185, des_th: 0.18527682781801666,frac_lost: 0.104, li_recovered:  8.797, time: 0.11417444299877388
L: 0.50, u_super: 0.00771, sec: 437.951, prod: 0.174179, t_ads: 25.4, t_des: 23.1, bed_util_ads: 0.499, bed_util_des: 0.499, des_th: 0.49927440216917474,frac_lost: 0.108, li_recovered:  8.449, time: 0.017111791001298116
L: 0.50, u_super: 0.00838, sec: 479.962, prod: 0.189481, t_ads: 23.3, t_des: 21.6, bed_util_ads: 0.497, bed_util_des: 0.496, des_th: 0.49635696006605595,frac_lost: 0.106, li_recovered:  8.519, time: 0.01859545099978277
L: 0.50, u_super: 0.00947, sec: 548.837, prod: 0.214683, t_ads: 20.6, t_des: 18.7, bed_util_ads: 0.500, bed_util_des: 0.499, des_th: 0.49945986678895493,frac_lost: 0.105, li_recovered:  8.444, time: 0.01670703399940976
L: 0.50, u_super: 0.00229, sec: 123.830, prod: 0.050549, t_ads: 84.2, t_des: 73.3, bed_util_ads: 0.498, bed_util_des: 0.498, des_th: 0.49773197425160004,frac_lost: 0.104, li_recovered:  7.962, time: 0.016023830999984057
L: 0.50, u_super: 0.00367, sec: 199.328, prod: 0.082310, t_ads: 53.0, t_des: 49.1, bed_util_ads: 0.494, bed_util_des: 0.493, des_th: 0.49341832962727067,frac_lost: 0.106, li_recovered:  8.403, time: 0.015082511999935377
L: 0.50, u_super: 0.00100, sec: 55.036, prod: 0.021489, t_ads: 187.4, t_des: 167.3, bed_util_ads: 0.487, bed_util_des: 0.486, des_th: 0.48592067413309864,frac_lost: 0.104, li_recovered:  7.624, time: 0.013739799998802482
L: 0.50, u_super: 0.00012, sec: 14.712, prod: 0.001142, t_ads: 1644.7, t_des: 5750.6, bed_util_ads: 0.248, bed_util_des: 0.170, des_th: 0.16970701435002786,frac_lost: 0.103, li_recovered:  8.448, time: 0.028122374998929445
L: 0.50, u_super: 0.00914, sec: 527.589, prod: 0.207000, t_ads: 21.4, t_des: 19.6, bed_util_ads: 0.497, bed_util_des: 0.497, des_th: 0.4969426629452397,frac_lost: 0.105, li_recovered:  8.485, time: 0.015967747000104282
L: 0.50, u_super: 0.00661, sec: 394.489, prod: 0.140263, t_ads: 29.6, t_des: 32.3, bed_util_ads: 0.475, bed_util_des: 0.475, des_th: 0.4750308676511612,frac_lost: 0.108, li_recovered:  8.687, time: 0.01610923900079797
L: 0.50, u_super: 0.00374, sec: 204.100, prod: 0.083708, t_ads: 52.1, t_des: 45.8, bed_util_ads: 0.500, bed_util_des: 0.500, des_th: 0.4998088271047718,frac_lost: 0.108, li_recovered:  8.196, time: 0.01426383499892836
L: 0.50, u_super: 0.00109, sec: 59.662, prod: 0.023496, t_ads: 173.5, t_des: 171.4, bed_util_ads: 0.475, bed_util_des: 0.474, des_th: 0.4739252663127909,frac_lost: 0.105, li_recovered:  8.104, time: 0.014647243000581511
L: 0.50, u_super: 0.00717, sec: 404.840, prod: 0.162047, t_ads: 27.3, t_des: 24.8, bed_util_ads: 0.499, bed_util_des: 0.499, des_th: 0.4987297161107669,frac_lost: 0.107, li_recovered:  8.439, time: 0.018190655999205774
L: 0.50, u_super: 0.00812, sec: 464.113, prod: 0.183653, t_ads: 24.1, t_des: 22.2, bed_util_ads: 0.497, bed_util_des: 0.497, des_th: 0.4968806800715432,frac_lost: 0.107, li_recovered:  8.496, time: 0.01777036499879614
L: 0.50, u_super: 0.00370, sec: 208.118, prod: 0.079979, t_ads: 52.5, t_des: 55.0, bed_util_ads: 0.478, bed_util_des: 0.477, des_th: 0.4772740641759086,frac_lost: 0.104, li_recovered:  8.596, time: 0.013200272000176483
L: 0.50, u_super: 0.00738, sec: 422.394, prod: 0.165142, t_ads: 26.5, t_des: 25.7, bed_util_ads: 0.491, bed_util_des: 0.491, des_th: 0.4907583249016273,frac_lost: 0.107, li_recovered:  8.620, time: 0.01616112599913322
L: 0.50, u_super: 0.00069, sec: 38.679, prod: 0.014571, t_ads: 264.9, t_des: 247.2, bed_util_ads: 0.473, bed_util_des: 0.472, des_th: 0.47175209302050275,frac_lost: 0.100, li_recovered:  7.462, time: 0.00886929900116229
L: 0.50, u_super: 0.00050, sec: 28.510, prod: 0.010143, t_ads: 362.1, t_des: 361.2, bed_util_ads: 0.456, bed_util_des: 0.453, des_th: 0.4533970542307951,frac_lost: 0.101, li_recovered:  7.336, time: 0.013015292999625672
L: 0.50, u_super: 0.00006 — INFEASIBLE (li_recovered=0.000e+00), time: 0.00230936899970402
L: 0.50, u_super: 0.00553, sec: 305.597, prod: 0.125018, t_ads: 35.1, t_des: 31.8, bed_util_ads: 0.498, bed_util_des: 0.498, des_th: 0.4979043959904083,frac_lost: 0.102, li_recovered:  8.357, time: 0.013879688000088208
L: 0.50, u_super: 0.00835, sec: 478.191, prod: 0.189045, t_ads: 23.4, t_des: 21.5, bed_util_ads: 0.498, bed_util_des: 0.498, des_th: 0.49771527331288307,frac_lost: 0.106, li_recovered:  8.488, time: 0.012784763999661664
L: 15.75, u_super: 0.00746 — INFEASIBLE (li_recovered=0.000e+00), time: 0.007075489000271773
L: 0.50, u_super: 0.00598, sec: 331.851, prod: 0.135271, t_ads: 32.4, t_des: 29.4, bed_util_ads: 0.499, bed_util_des: 0.498, des_th: 0.4984018553283324,frac_lost: 0.101, li_recovered:  8.372, time: 0.011395678000553744
L: 0.50, u_super: 0.00459, sec: 251.737, prod: 0.103358, t_ads: 42.4, t_des: 39.1, bed_util_ads: 0.496, bed_util_des: 0.496, des_th: 0.4958017449234866,frac_lost: 0.106, li_recovered:  8.428, time: 0.018692477000513463
L: 27.59, u_super: 0.00932 — INFEASIBLE (li_recovered=0.000e+00), time: 0.003565102000720799
L: 0.50, u_super: 0.00797, sec: 4036.700, prod: 0.020305, t_ads: 24.6, t_des: 407.8, bed_util_ads: 0.189, bed_util_des: 0.185, des_th: 0.1851696623157332,frac_lost: 0.103, li_recovered:  8.780, time: 0.11775393700008863
L: 0.50, u_super: 0.00768, sec: 435.223, prod: 0.174136, t_ads: 25.3, t_des: 22.8, bed_util_ads: 0.499, bed_util_des: 0.499, des_th: 0.4991279485371116,frac_lost: 0.102, li_recovered:  8.379, time: 0.019888408000042546
L: 0.50, u_super: 0.00153, sec: 84.059, prod: 0.032888, t_ads: 125.3, t_des: 105.5, bed_util_ads: 0.500, bed_util_des: 0.499, des_th: 0.4995169616238084,frac_lost: 0.108, li_recovered:  7.592, time: 0.012484003000281518
L: 0.50, u_super: 0.00624, sec: 348.050, prod: 0.141238, t_ads: 31.1, t_des: 28.8, bed_util_ads: 0.496, bed_util_des: 0.496, des_th: 0.4955201612860884,frac_lost: 0.102, li_recovered:  8.465, time: 0.01129599900014
L: 0.50, u_super: 0.00617, sec: 343.440, prod: 0.139712, t_ads: 31.4, t_des: 28.8, bed_util_ads: 0.497, bed_util_des: 0.497, des_th: 0.4969720013706426,frac_lost: 0.102, li_recovered:  8.417, time: 0.014163382000333513
L: 0.50, u_super: 0.00653, sec: 3475.338, prod: 0.015518, t_ads: 30.2, t_des: 536.1, bed_util_ads: 0.183, bed_util_des: 0.179, des_th: 0.17879452265998647,frac_lost: 0.106, li_recovered:  8.787, time: 0.09658077399944887
L: 0.50, u_super: 0.00950, sec: 550.488, prod: 0.215403, t_ads: 20.5, t_des: 18.6, bed_util_ads: 0.500, bed_util_des: 0.499, des_th: 0.4995095935213414,frac_lost: 0.104, li_recovered:  8.443, time: 0.012794608999683987
L: 0.50, u_super: 0.00006 — INFEASIBLE (li_recovered=0.000e+00), time: 0.002053019001323264
L: 0.50, u_super: 0.00972, sec: 565.310, prod: 0.220272, t_ads: 20.1, t_des: 18.2, bed_util_ads: 0.500, bed_util_des: 0.499, des_th: 0.49941800771673645,frac_lost: 0.106, li_recovered:  8.444, time: 0.009496193999439129
   775 |    31000 |     40 |  0.0016521290 |             f
L: 0.50, u_super: 0.00875, sec: 502.931, prod: 0.198128, t_ads: 22.3, t_des: 20.3, bed_util_ads: 0.499, bed_util_des: 0.499, des_th: 0.49883410137585776,frac_lost: 0.106, li_recovered:  8.453, time: 0.01309908100120083
L: 0.50, u_super: 0.00005, sec: 4.387, prod: 0.000660, t_ads: 3620.6, t_des: 6978.2, bed_util_ads: 0.244, bed_util_des: 0.164, des_th: 0.16443283230899536,frac_lost: 0.100, li_recovered:  6.994, time: 0.01627945399923192
L: 0.50, u_super: 0.00990, sec: 576.306, prod: 0.224696, t_ads: 19.7, t_des: 17.9, bed_util_ads: 0.500, bed_util_des: 0.499, des_th: 0.49941607502092084,frac_lost: 0.103, li_recovered:  8.445, time: 0.013125809000484878
L: 0.50, u_super: 0.00329, sec: 178.645, prod: 0.073414, t_ads: 59.1, t_des: 52.1, bed_util_ads: 0.500, bed_util_des: 0.499, des_th: 0.49931972988250717,frac_lost: 0.108, li_recovered:  8.164, time: 0.013268214999698102
L: 7.65, u_super: 0.00555 — INFEASIBLE (li_recovered=0.000e+00), time: 0.006069027000194183
L: 3.17, u_super: 0.00895, sec: 3470.661, prod: 0.190799, t_ads: 135.4, t_des: 112.7, bed_util_ads: 0.499, bed_util_des: 0.499, des_th: 0.49909114153083345,frac_lost: 0.108, li_recovered:  47.353, time: 0.011248001001149532
L: 0.50, u_super: 0.00511, sec: 281.296, prod: 0.115336, t_ads: 37.9, t_des: 34.0, bed_util_ads: 0.500, bed_util_des: 0.500, des_th: 0.49979156533645736,frac_lost: 0.102, li_recovered:  8.296, time: 0.01284813500024029
L: 0.50, u_super: 0.00717, sec: 403.623, prod: 0.162536, t_ads: 27.1, t_des: 24.4, bed_util_ads: 0.499, bed_util_des: 0.498, des_th: 0.4984057231032796,frac_lost: 0.100, li_recovered:  8.366, time: 0.01620775099945604
L: 0.50, u_super: 0.00819, sec: 467.854, prod: 0.185461, t_ads: 23.8, t_des: 22.0, bed_util_ads: 0.497, bed_util_des: 0.497, des_th: 0.4971092130362238,frac_lost: 0.105, li_recovered:  8.492, time: 0.013179775000025984
L: 0.50, u_super: 0.00005, sec: 4.336, prod: 0.000668, t_ads: 3370.8, t_des: 5641.7, bed_util_ads: 0.253, bed_util_des: 0.188, des_th: 0.1881578304909725,frac_lost: 0.101, li_recovered:  6.017, time: 0.013907394999478129
L: 0.50, u_super: 0.00084, sec: 46.196, prod: 0.017888, t_ads: 223.5, t_des: 212.4, bed_util_ads: 0.476, bed_util_des: 0.474, des_th: 0.4739252663127909,frac_lost: 0.106, li_recovered:  7.798, time: 0.010115760000189766
L: 0.50, u_super: 0.00477, sec: 262.139, prod: 0.107424, t_ads: 40.8, t_des: 36.4, bed_util_ads: 0.499, bed_util_des: 0.499, des_th: 0.4986283836218187,frac_lost: 0.105, li_recovered:  8.289, time: 0.008897179000996402
L: 0.50, u_super: 0.00326, sec: 175.910, prod: 0.073145, t_ads: 59.1, t_des: 53.4, bed_util_ads: 0.497, bed_util_des: 0.497, des_th: 0.49689736493517384,frac_lost: 0.100, li_recovered:  8.228, time: 0.010391711999545805
L: 0.50, u_super: 0.00912, sec: 526.579, prod: 0.206708, t_ads: 21.4, t_des: 19.7, bed_util_ads: 0.498, bed_util_des: 0.498, des_th: 0.49758268465603506,frac_lost: 0.105, li_recovered:  8.490, time: 0.012443038998753764
L: 0.50, u_super: 0.00371, sec: 201.721, prod: 0.083334, t_ads: 52.4, t_des: 48.0, bed_util_ads: 0.496, bed_util_des: 0.496, des_th: 0.49578825385637354,frac_lost: 0.107, li_recovered:  8.366, time: 0.012495500999648357
L: 0.50, u_super: 0.00432, sec: 235.656, prod: 0.097094, t_ads: 45.1, t_des: 41.1, bed_util_ads: 0.497, bed_util_des: 0.497, des_th: 0.4969426629452397,frac_lost: 0.106, li_recovered:  8.372, time: 0.009658942999521969
L: 64.96, u_super: 0.00855 — INFEASIBLE (li_recovered=0.000e+00), time: 0.0022096389984653797
L: 0.50, u_super: 0.00257, sec: 139.158, prod: 0.056877, t_ads: 75.1, t_des: 65.2, bed_util_ads: 0.499, bed_util_des: 0.499, des_th: 0.4987081742734498,frac_lost: 0.104, li_recovered:  7.982, time: 0.016877901000043494
L: 0.50, u_super: 0.00692, sec: 389.326, prod: 0.156258, t_ads: 28.3, t_des: 25.4, bed_util_ads: 0.500, bed_util_des: 0.499, des_th: 0.49939750213467765,frac_lost: 0.107, li_recovered:  8.377, time: 0.015102367999134003
L: 0.50, u_super: 0.00565, sec: 320.276, prod: 0.124781, t_ads: 34.3, t_des: 34.8, bed_util_ads: 0.483, bed_util_des: 0.483, des_th: 0.4829089126018333,frac_lost: 0.102, li_recovered:  8.632, time: 0.01427804400009336
L: 0.50, u_super: 0.00362, sec: 196.860, prod: 0.081141, t_ads: 53.6, t_des: 47.5, bed_util_ads: 0.499, bed_util_des: 0.499, des_th: 0.4990809935596345,frac_lost: 0.105, li_recovered:  8.204, time: 0.014861382000162848
L: 0.50, u_super: 0.00771, sec: 436.741, prod: 0.175000, t_ads: 25.2, t_des: 23.0, bed_util_ads: 0.497, bed_util_des: 0.497, des_th: 0.4971099820033261,frac_lost: 0.100, li_recovered:  8.431, time: 0.01693986400096037
L: 0.50, u_super: 0.00420, sec: 229.121, prod: 0.094413, t_ads: 46.2, t_des: 41.4, bed_util_ads: 0.499, bed_util_des: 0.499, des_th: 0.49870724392306703,frac_lost: 0.104, li_recovered:  8.275, time: 0.012764191998940078
L: 0.50, u_super: 0.00598, sec: 332.114, prod: 0.135164, t_ads: 32.4, t_des: 29.1, bed_util_ads: 0.499, bed_util_des: 0.499, des_th: 0.4987828245439919,frac_lost: 0.101, li_recovered:  8.313, time: 0.0167779450002854
L: 0.50, u_super: 0.00101, sec: 65.808, prod: 0.018165, t_ads: 189.3, t_des: 267.3, bed_util_ads: 0.428, bed_util_des: 0.423, des_th: 0.4229068718229466,frac_lost: 0.105, li_recovered:  8.295, time: 0.019567939998523798
L: 0.50, u_super: 0.00633, sec: 352.648, prod: 0.143254, t_ads: 30.6, t_des: 28.4, bed_util_ads: 0.496, bed_util_des: 0.495, des_th: 0.4955201612860884,frac_lost: 0.100, li_recovered:  8.462, time: 0.015671355999074876
L: 0.50, u_super: 0.00434, sec: 237.220, prod: 0.097533, t_ads: 44.9, t_des: 41.1, bed_util_ads: 0.496, bed_util_des: 0.495, des_th: 0.4953245560010593,frac_lost: 0.107, li_recovered:  8.391, time: 0.02309018800042395
L: 0.50, u_super: 0.00660, sec: 368.981, prod: 0.149415, t_ads: 29.4, t_des: 26.9, bed_util_ads: 0.498, bed_util_des: 0.498, des_th: 0.497696742882223,frac_lost: 0.102, li_recovered:  8.422, time: 0.021478388000105042
L: 0.50, u_super: 0.00746, sec: 421.300, prod: 0.169124, t_ads: 26.0, t_des: 23.5, bed_util_ads: 0.499, bed_util_des: 0.499, des_th: 0.49909813849708956,frac_lost: 0.101, li_recovered:  8.373, time: 0.020501704999333015
L: 0.50, u_super: 0.00258, sec: 139.484, prod: 0.057303, t_ads: 74.8, t_des: 65.6, bed_util_ads: 0.498, bed_util_des: 0.498, des_th: 0.4982083481343176,frac_lost: 0.104, li_recovered:  8.045, time: 0.012627546999283368
L: 0.50, u_super: 0.00711, sec: 3542.609, prod: 0.018210, t_ads: 27.6, t_des: 454.7, bed_util_ads: 0.189, bed_util_des: 0.185, des_th: 0.1851696623157332,frac_lost: 0.105, li_recovered:  8.784, time: 0.12286385799961863
L: 0.50, u_super: 0.00750, sec: 423.642, prod: 0.170051, t_ads: 25.9, t_des: 24.0, bed_util_ads: 0.496, bed_util_des: 0.496, des_th: 0.4959735676224302,frac_lost: 0.100, li_recovered:  8.474, time: 0.01406664199930674
L: 0.50, u_super: 0.00091, sec: 49.771, prod: 0.019486, t_ads: 206.6, t_des: 194.1, bed_util_ads: 0.479, bed_util_des: 0.477, des_th: 0.4773974220327861,frac_lost: 0.105, li_recovered:  7.806, time: 0.01480569200066384
L: 0.50, u_super: 0.00717, sec: 404.976, prod: 0.162086, t_ads: 27.3, t_des: 24.7, bed_util_ads: 0.498, bed_util_des: 0.498, des_th: 0.49806301659306623,frac_lost: 0.107, li_recovered:  8.431, time: 0.0162452589993336
L: 0.50, u_super: 0.00338, sec: 183.537, prod: 0.075466, t_ads: 57.6, t_des: 50.8, bed_util_ads: 0.500, bed_util_des: 0.500, des_th: 0.49974954438786434,frac_lost: 0.108, li_recovered:  8.178, time: 0.013769949999186792
L: 0.50, u_super: 0.00026 — INFEASIBLE (li_recovered=0.000e+00), time: 0.008067588998528663
L: 0.50, u_super: 0.00898, sec: 517.708, prod: 0.203258, t_ads: 21.8, t_des: 20.0, bed_util_ads: 0.498, bed_util_des: 0.498, des_th: 0.49771527331288307,frac_lost: 0.106, li_recovered:  8.492, time: 0.013645062001160113
L: 0.50, u_super: 0.00750, sec: 497.115, prod: 0.145020, t_ads: 26.1, t_des: 33.9, bed_util_ads: 0.454, bed_util_des: 0.453, des_th: 0.45287417379713196,frac_lost: 0.107, li_recovered:  8.707, time: 0.01840070599973842
L: 0.50, u_super: 0.00012, sec: 13.438, prod: 0.001251, t_ads: 1610.5, t_des: 4944.4, bed_util_ads: 0.257, bed_util_des: 0.185, des_th: 0.1851696623157332,frac_lost: 0.101, li_recovered:  8.197, time: 0.02455992800059903
L: 0.50, u_super: 0.00990, sec: 585.555, prod: 0.221147, t_ads: 19.8, t_des: 19.4, bed_util_ads: 0.489, bed_util_des: 0.489, des_th: 0.4885479707701448,frac_lost: 0.106, li_recovered:  8.659, time: 0.014973503000874189
   776 |    31040 |     40 |  0.0039668720 |             f
L: 0.50, u_super: 0.00194, sec: 105.608, prod: 0.042379, t_ads: 98.4, t_des: 84.2, bed_util_ads: 0.500, bed_util_des: 0.499, des_th: 0.49945755928770424,frac_lost: 0.101, li_recovered:  7.739, time: 0.016513115999259753
L: 0.50, u_super: 0.00325, sec: 180.973, prod: 0.070854, t_ads: 59.7, t_des: 61.1, bed_util_ads: 0.481, bed_util_des: 0.480, des_th: 0.48031336991288487,frac_lost: 0.107, li_recovered:  8.565, time: 0.016356756999812205
L: 0.50, u_super: 0.00431, sec: 235.698, prod: 0.096851, t_ads: 45.2, t_des: 40.4, bed_util_ads: 0.499, bed_util_des: 0.499, des_th: 0.4986419335673489,frac_lost: 0.106, li_recovered:  8.284, time: 0.016559394998694188
L: 4.27, u_super: 0.00012 — INFEASIBLE (li_recovered=0.000e+00), time: 0.0033984490000875667
L: 0.50, u_super: 0.00527, sec: 290.555, prod: 0.118845, t_ads: 36.9, t_des: 33.0, bed_util_ads: 0.500, bed_util_des: 0.500, des_th: 0.49960618215138586,frac_lost: 0.103, li_recovered:  8.300, time: 0.009929275000104099
L: 0.50, u_super: 0.00068, sec: 188.987, prod: 0.002844, t_ads: 291.5, t_des: 2802.1, bed_util_ads: 0.216, bed_util_des: 0.185, des_th: 0.1851696623157332,frac_lost: 0.103, li_recovered:  8.798, time: 0.08280913799899281
L: 0.50, u_super: 0.00598, sec: 331.888, prod: 0.135256, t_ads: 32.4, t_des: 29.4, bed_util_ads: 0.498, bed_util_des: 0.498, des_th: 0.4982411434762729,frac_lost: 0.101, li_recovered:  8.359, time: 0.012917650999952457
L: 0.50, u_super: 0.00982, sec: 576.277, prod: 0.221043, t_ads: 19.9, t_des: 19.1, bed_util_ads: 0.491, bed_util_des: 0.491, des_th: 0.49128039793752293,frac_lost: 0.105, li_recovered:  8.621, time: 0.020174961000520852
L: 0.50, u_super: 0.00455, sec: 249.352, prod: 0.102418, t_ads: 42.8, t_des: 38.5, bed_util_ads: 0.498, bed_util_des: 0.498, des_th: 0.4982242391465738,frac_lost: 0.106, li_recovered:  8.325, time: 0.016621525001028203
L: 38.34, u_super: 0.00837 — INFEASIBLE (li_recovered=0.000e+00), time: 0.004242368999257451
L: 0.50, u_super: 0.00973, sec: 942.111, prod: 0.132591, t_ads: 20.0, t_des: 45.9, bed_util_ads: 0.384, bed_util_des: 0.383, des_th: 0.38331508846309803,frac_lost: 0.100, li_recovered:  8.735, time: 0.025756895000085933
L: 0.50, u_super: 0.00966, sec: 561.552, prod: 0.218847, t_ads: 20.3, t_des: 18.4, bed_util_ads: 0.500, bed_util_des: 0.499, des_th: 0.49941800771673645,frac_lost: 0.106, li_recovered:  8.451, time: 0.01519401400037168
L: 0.50, u_super: 0.00819, sec: 467.688, prod: 0.185323, t_ads: 23.9, t_des: 22.0, bed_util_ads: 0.498, bed_util_des: 0.498, des_th: 0.49766127311921665,frac_lost: 0.105, li_recovered:  8.492, time: 0.014292162999481661
L: 0.50, u_super: 0.00164, sec: 88.997, prod: 0.035683, t_ads: 116.6, t_des: 101.0, bed_util_ads: 0.497, bed_util_des: 0.497, des_th: 0.49704959673650045,frac_lost: 0.104, li_recovered:  7.764, time: 0.011853027999677579
L: 0.50, u_super: 0.00691, sec: 389.167, prod: 0.155814, t_ads: 28.4, t_des: 25.7, bed_util_ads: 0.499, bed_util_des: 0.499, des_th: 0.4989807505690811,frac_lost: 0.110, li_recovered:  8.438, time: 0.016717885999241844
L: 0.50, u_super: 0.00005, sec: 4.349, prod: 0.000666, t_ads: 3319.0, t_des: 5447.4, bed_util_ads: 0.253, bed_util_des: 0.192, des_th: 0.19172526686597152,frac_lost: 0.100, li_recovered:  5.835, time: 0.01617704900127137
L: 0.68, u_super: 0.00029, sec: 79.509, prod: 0.001682, t_ads: 936.9, t_des: 6217.9, bed_util_ads: 0.221, bed_util_des: 0.152, des_th: 0.15218170726674737,frac_lost: 0.100, li_recovered:  12.034, time: 0.06022977100110438
L: 46.65, u_super: 0.00812 — INFEASIBLE (li_recovered=0.000e+00), time: 0.003917097999874386
L: 0.50, u_super: 0.00029 — INFEASIBLE (li_recovered=0.000e+00), time: 0.006721390000166139
L: 0.50, u_super: 0.00850, sec: 486.000, prod: 0.193023, t_ads: 22.8, t_des: 20.9, bed_util_ads: 0.498, bed_util_des: 0.498, des_th: 0.4982083481343176,frac_lost: 0.101, li_recovered:  8.435, time: 0.01586771499933093
L: 30.41, u_super: 0.00936 — INFEASIBLE (li_recovered=0.000e+00), time: 0.006958320000194362
L: 0.50, u_super: 0.00338, sec: 191.282, prod: 0.072651, t_ads: 57.6, t_des: 60.7, bed_util_ads: 0.477, bed_util_des: 0.476, des_th: 0.47580342873839154,frac_lost: 0.108, li_recovered:  8.590, time: 0.016468910000185133
L: 0.50, u_super: 0.00065, sec: 36.693, prod: 0.013600, t_ads: 281.4, t_des: 259.2, bed_util_ads: 0.473, bed_util_des: 0.472, des_th: 0.4718896293690606,frac_lost: 0.103, li_recovered:  7.352, time: 0.01632720599991444
L: 0.50, u_super: 0.00149, sec: 82.114, prod: 0.032035, t_ads: 128.4, t_des: 107.9, bed_util_ads: 0.500, bed_util_des: 0.499, des_th: 0.4995169616238084,frac_lost: 0.108, li_recovered:  7.572, time: 0.014217074998668977
L: 0.50, u_super: 0.00235, sec: 127.566, prod: 0.051956, t_ads: 82.1, t_des: 71.2, bed_util_ads: 0.499, bed_util_des: 0.498, des_th: 0.4984009314868313,frac_lost: 0.106, li_recovered:  7.962, time: 0.014602847999412916
L: 0.50, u_super: 0.00622, sec: 346.843, prod: 0.140770, t_ads: 31.2, t_des: 28.2, bed_util_ads: 0.499, bed_util_des: 0.499, des_th: 0.49912785488811523,frac_lost: 0.103, li_recovered:  8.371, time: 0.018005669999183738
L: 84.12, u_super: 0.00109 — INFEASIBLE (li_recovered=0.000e+00), time: 0.0015127860006032279
L: 0.50, u_super: 0.00924, sec: 534.555, prod: 0.209257, t_ads: 21.2, t_des: 19.2, bed_util_ads: 0.500, bed_util_des: 0.499, des_th: 0.49941800771673645,frac_lost: 0.107, li_recovered:  8.443, time: 0.013629919998493278
L: 0.50, u_super: 0.00295, sec: 159.363, prod: 0.066071, t_ads: 65.4, t_des: 58.7, bed_util_ads: 0.496, bed_util_des: 0.496, des_th: 0.4959315417991818,frac_lost: 0.103, li_recovered:  8.197, time: 0.017335592001472833
L: 30.71, u_super: 0.00623 — INFEASIBLE (li_recovered=0.000e+00), time: 0.002701824998439406
L: 0.50, u_super: 0.00232, sec: 127.372, prod: 0.050427, t_ads: 83.2, t_des: 84.8, bed_util_ads: 0.479, bed_util_des: 0.478, des_th: 0.47768148368432384,frac_lost: 0.104, li_recovered:  8.474, time: 0.01674724599979527
L: 0.50, u_super: 0.00434, sec: 237.452, prod: 0.097648, t_ads: 44.9, t_des: 40.9, bed_util_ads: 0.496, bed_util_des: 0.496, des_th: 0.4960014330186007,frac_lost: 0.107, li_recovered:  8.379, time: 0.013911054000345757
L: 0.50, u_super: 0.00761, sec: 432.077, prod: 0.172011, t_ads: 25.7, t_des: 23.1, bed_util_ads: 0.500, bed_util_des: 0.500, des_th: 0.49957674632011007,frac_lost: 0.107, li_recovered:  8.400, time: 0.015892376999545377
L: 0.50, u_super: 0.00198, sec: 107.118, prod: 0.043627, t_ads: 97.4, t_des: 85.5, bed_util_ads: 0.496, bed_util_des: 0.496, des_th: 0.49603751695762527,frac_lost: 0.108, li_recovered:  7.982, time: 0.01676023000072746
L: 0.50, u_super: 0.00109, sec: 76.244, prod: 0.018386, t_ads: 174.9, t_des: 279.8, bed_util_ads: 0.413, bed_util_des: 0.407, des_th: 0.4069854790333265,frac_lost: 0.102, li_recovered:  8.360, time: 0.019068117000642815
L: 0.50, u_super: 0.00455, sec: 404.958, prod: 0.063131, t_ads: 43.0, t_des: 94.8, bed_util_ads: 0.387, bed_util_des: 0.385, des_th: 0.38518713699288915,frac_lost: 0.107, li_recovered:  8.700, time: 0.030514288999256678
L: 0.50, u_super: 0.00717, sec: 405.177, prod: 0.161913, t_ads: 27.3, t_des: 25.1, bed_util_ads: 0.497, bed_util_des: 0.497, des_th: 0.49670348458487784,frac_lost: 0.108, li_recovered:  8.484, time: 0.011940933000005316
L: 0.50, u_super: 0.00277, sec: 184.246, prod: 0.049989, t_ads: 70.1, t_des: 101.8, bed_util_ads: 0.435, bed_util_des: 0.433, des_th: 0.4333990354824535,frac_lost: 0.104, li_recovered:  8.596, time: 0.019085666001046775
L: 0.50, u_super: 0.00455, sec: 249.407, prod: 0.102408, t_ads: 42.7, t_des: 38.1, bed_util_ads: 0.499, bed_util_des: 0.499, des_th: 0.49927720979262435,frac_lost: 0.105, li_recovered:  8.282, time: 0.008211958998799673
L: 0.50, u_super: 0.00833, sec: 477.121, prod: 0.188325, t_ads: 23.5, t_des: 21.8, bed_util_ads: 0.497, bed_util_des: 0.497, des_th: 0.4965603697607914,frac_lost: 0.106, li_recovered:  8.522, time: 0.010589576999336714
   777 |    31080 |     40 |  0.0026220282 |             f
L: 0.50, u_super: 0.00100, sec: 56.339, prod: 0.020626, t_ads: 188.9, t_des: 155.3, bed_util_ads: 0.495, bed_util_des: 0.495, des_th: 0.49535409797695495,frac_lost: 0.105, li_recovered:  7.100, time: 0.010611058998620138
L: 0.50, u_super: 0.00012, sec: 17.393, prod: 0.000966, t_ads: 1674.8, t_des: 7382.2, bed_util_ads: 0.231, bed_util_des: 0.145, des_th: 0.145266373010641,frac_lost: 0.101, li_recovered:  8.751, time: 0.04048371700082498
L: 0.50, u_super: 0.00854, sec: 490.018, prod: 0.193355, t_ads: 22.9, t_des: 20.6, bed_util_ads: 0.500, bed_util_des: 0.500, des_th: 0.4996418307405935,frac_lost: 0.106, li_recovered:  8.407, time: 0.012479842000175267
L: 0.50, u_super: 0.00576, sec: 319.211, prod: 0.130143, t_ads: 33.7, t_des: 30.2, bed_util_ads: 0.500, bed_util_des: 0.499, des_th: 0.4995122315834286,frac_lost: 0.102, li_recovered:  8.316, time: 0.01533329699850583
L: 8.75, u_super: 0.00534 — INFEASIBLE (li_recovered=0.000e+00), time: 0.007280354000613443
L: 32.13, u_super: 0.00109 — INFEASIBLE (li_recovered=0.000e+00), time: 0.001486359999034903
L: 43.81, u_super: 0.00783 — INFEASIBLE (li_recovered=0.000e+00), time: 0.002664794001248083
L: 0.50, u_super: 0.00498, sec: 273.975, prod: 0.112149, t_ads: 39.0, t_des: 34.8, bed_util_ads: 0.499, bed_util_des: 0.499, des_th: 0.4991138923603581,frac_lost: 0.104, li_recovered:  8.284, time: 0.015732911000668537
L: 12.94, u_super: 0.00633 — INFEASIBLE (li_recovered=0.000e+00), time: 0.004570670000248356
L: 0.50, u_super: 0.00598, sec: 331.806, prod: 0.135289, t_ads: 32.4, t_des: 29.8, bed_util_ads: 0.497, bed_util_des: 0.497, des_th: 0.4967200772559068,frac_lost: 0.101, li_recovered:  8.424, time: 0.015323326999350684
L: 0.50, u_super: 0.00253, sec: 136.969, prod: 0.056077, t_ads: 76.0, t_des: 66.3, bed_util_ads: 0.500, bed_util_des: 0.499, des_th: 0.49938729656240466,frac_lost: 0.103, li_recovered:  7.980, time: 0.010866165001061745
L: 0.50, u_super: 0.00108, sec: 58.822, prod: 0.023207, t_ads: 175.9, t_des: 171.9, bed_util_ads: 0.476, bed_util_des: 0.474, des_th: 0.4739252663127909,frac_lost: 0.105, li_recovered:  8.072, time: 0.014377569999851403
L: 0.50, u_super: 0.00498, sec: 273.686, prod: 0.112259, t_ads: 39.0, t_des: 34.8, bed_util_ads: 0.499, bed_util_des: 0.498, des_th: 0.4984664741602438,frac_lost: 0.102, li_recovered:  8.283, time: 0.00809043300068879
L: 0.50, u_super: 0.00170, sec: 91.178, prod: 0.037475, t_ads: 112.6, t_des: 104.7, bed_util_ads: 0.487, bed_util_des: 0.487, des_th: 0.486751019381091,frac_lost: 0.103, li_recovered:  8.142, time: 0.01564037300158816
L: 0.50, u_super: 0.00757, sec: 429.271, prod: 0.171048, t_ads: 25.9, t_des: 23.5, bed_util_ads: 0.498, bed_util_des: 0.498, des_th: 0.4981403865506099,frac_lost: 0.107, li_recovered:  8.439, time: 0.011225310001464095
L: 0.50, u_super: 0.00457, sec: 250.064, prod: 0.102860, t_ads: 42.6, t_des: 38.9, bed_util_ads: 0.496, bed_util_des: 0.496, des_th: 0.4961076914166388,frac_lost: 0.105, li_recovered:  8.381, time: 0.01121717699970759
L: 0.50, u_super: 0.00302, sec: 163.180, prod: 0.067603, t_ads: 63.7, t_des: 56.8, bed_util_ads: 0.497, bed_util_des: 0.497, des_th: 0.49689736493517384,frac_lost: 0.101, li_recovered:  8.148, time: 0.014104380999924615
L: 0.50, u_super: 0.00989, sec: 576.714, prod: 0.224300, t_ads: 19.7, t_des: 18.2, bed_util_ads: 0.497, bed_util_des: 0.497, des_th: 0.496996843728294,frac_lost: 0.105, li_recovered:  8.503, time: 0.011757898999348981
L: 16.10, u_super: 0.00619 — INFEASIBLE (li_recovered=0.000e+00), time: 0.004573322999931406
L: 0.50, u_super: 0.00325, sec: 185.788, prod: 0.068706, t_ads: 59.7, t_des: 65.3, bed_util_ads: 0.473, bed_util_des: 0.472, des_th: 0.47176609169384187,frac_lost: 0.104, li_recovered:  8.588, time: 0.01924793100079114
L: 0.50, u_super: 0.00047 — INFEASIBLE (li_recovered=0.000e+00), time: 0.006852111000625882
L: 0.50, u_super: 0.00316, sec: 170.547, prod: 0.070850, t_ads: 61.0, t_des: 55.0, bed_util_ads: 0.496, bed_util_des: 0.496, des_th: 0.4956874729474855,frac_lost: 0.101, li_recovered:  8.217, time: 0.02068259699990449
L: 0.50, u_super: 0.00990, sec: 576.659, prod: 0.224558, t_ads: 19.7, t_des: 18.1, bed_util_ads: 0.498, bed_util_des: 0.498, des_th: 0.4979709800791487,frac_lost: 0.104, li_recovered:  8.497, time: 0.01475847999972757
L: 29.37, u_super: 0.00746 — INFEASIBLE (li_recovered=0.000e+00), time: 0.004427520998433465
L: 0.50, u_super: 0.00007, sec: 6.134, prod: 0.000994, t_ads: 2405.6, t_des: 4174.8, bed_util_ads: 0.273, bed_util_des: 0.213, des_th: 0.21324509558741475,frac_lost: 0.103, li_recovered:  6.542, time: 0.021559521999733988
L: 0.50, u_super: 0.00702, sec: 396.427, prod: 0.158510, t_ads: 27.9, t_des: 25.6, bed_util_ads: 0.497, bed_util_des: 0.497, des_th: 0.49691794327516314,frac_lost: 0.109, li_recovered:  8.487, time: 0.016714719000447076
L: 0.50, u_super: 0.00177, sec: 94.835, prod: 0.039061, t_ads: 108.2, t_des: 99.4, bed_util_ads: 0.490, bed_util_des: 0.489, des_th: 0.4893656988894538,frac_lost: 0.102, li_recovered:  8.109, time: 0.02348573699964618
L: 8.53, u_super: 0.00539 — INFEASIBLE (li_recovered=0.000e+00), time: 0.006307614999968791
L: 1.73, u_super: 0.00420, sec: 847.384, prod: 0.088564, t_ads: 156.8, t_des: 129.9, bed_util_ads: 0.499, bed_util_des: 0.498, des_th: 0.4984770489549389,frac_lost: 0.106, li_recovered:  25.387, time: 0.013927256999522797
L: 38.31, u_super: 0.00291 — INFEASIBLE (li_recovered=0.000e+00), time: 0.002824004001013236
L: 17.90, u_super: 0.00005 — INFEASIBLE (li_recovered=0.000e+00), time: 0.002232057000583154
L: 0.50, u_super: 0.00692, sec: 388.059, prod: 0.156768, t_ads: 28.0, t_des: 25.4, bed_util_ads: 0.499, bed_util_des: 0.499, des_th: 0.49912785488811523,frac_lost: 0.101, li_recovered:  8.383, time: 0.01376556899958814
L: 0.50, u_super: 0.00047 — INFEASIBLE (li_recovered=0.000e+00), time: 0.006248003001019242
L: 0.50, u_super: 0.00435, sec: 237.139, prod: 0.097864, t_ads: 44.7, t_des: 40.9, bed_util_ads: 0.496, bed_util_des: 0.496, des_th: 0.49597729363828735,frac_lost: 0.104, li_recovered:  8.370, time: 0.019404501999815693
L: 0.50, u_super: 0.00198, sec: 107.901, prod: 0.043310, t_ads: 96.5, t_des: 82.5, bed_util_ads: 0.499, bed_util_des: 0.499, des_th: 0.4988407564488484,frac_lost: 0.101, li_recovered:  7.752, time: 0.012685708001299645
L: 3.03, u_super: 0.00318 — INFEASIBLE (li_recovered=0.000e+00), time: 0.0071796989996073535
L: 0.50, u_super: 0.00578, sec: 319.974, prod: 0.130676, t_ads: 33.6, t_des: 30.5, bed_util_ads: 0.498, bed_util_des: 0.498, des_th: 0.49768501239446233,frac_lost: 0.101, li_recovered:  8.367, time: 0.014812684999924386
L: 0.50, u_super: 0.00356, sec: 193.776, prod: 0.079649, t_ads: 54.6, t_des: 48.1, bed_util_ads: 0.499, bed_util_des: 0.499, des_th: 0.49912785488811523,frac_lost: 0.107, li_recovered:  8.183, time: 0.015980067000782583
L: 3.63, u_super: 0.00076, sec: 572.430, prod: 0.008456, t_ads: 1835.9, t_des: 5011.7, bed_util_ads: 0.259, bed_util_des: 0.186, des_th: 0.18557647715603984,frac_lost: 0.100, li_recovered:  57.901, time: 0.03225270599978103
L: 0.50, u_super: 0.00716, sec: 402.730, prod: 0.162237, t_ads: 27.1, t_des: 24.9, bed_util_ads: 0.498, bed_util_des: 0.498, des_th: 0.4976289021696159,frac_lost: 0.101, li_recovered:  8.436, time: 0.013253482999061816
   778 |    31120 |     40 |  0.0019314929 |             f
L: 0.50, u_super: 0.00061, sec: 34.987, prod: 0.012582, t_ads: 296.3, t_des: 265.6, bed_util_ads: 0.475, bed_util_des: 0.474, des_th: 0.47419569093123465,frac_lost: 0.100, li_recovered:  7.070, time: 0.019418640000367304
L: 0.50, u_super: 0.00667, sec: 373.697, prod: 0.151092, t_ads: 29.0, t_des: 26.0, bed_util_ads: 0.499, bed_util_des: 0.499, des_th: 0.4991525262743972,frac_lost: 0.100, li_recovered:  8.321, time: 0.01872562599965022
L: 0.50, u_super: 0.00013 — INFEASIBLE (li_recovered=0.000e+00), time: 0.004260771000190289
L: 0.50, u_super: 0.00950, sec: 550.500, prod: 0.215399, t_ads: 20.5, t_des: 18.7, bed_util_ads: 0.500, bed_util_des: 0.500, des_th: 0.49954057512496947,frac_lost: 0.104, li_recovered:  8.446, time: 0.015332803999626776
L: 20.91, u_super: 0.00047 — INFEASIBLE (li_recovered=0.000e+00), time: 0.002548958998886519
L: 7.42, u_super: 0.00420 — INFEASIBLE (li_recovered=0.000e+00), time: 0.005768078999608406
L: 0.50, u_super: 0.00598, sec: 353.636, prod: 0.126938, t_ads: 32.5, t_des: 35.8, bed_util_ads: 0.474, bed_util_des: 0.474, des_th: 0.47370658201308613,frac_lost: 0.103, li_recovered:  8.672, time: 0.019989159000033396
L: 20.51, u_super: 0.00345 — INFEASIBLE (li_recovered=0.000e+00), time: 0.004506335999394651
L: 0.50, u_super: 0.00694, sec: 390.876, prod: 0.156624, t_ads: 28.2, t_des: 25.6, bed_util_ads: 0.499, bed_util_des: 0.499, des_th: 0.49914837730847006,frac_lost: 0.109, li_recovered:  8.438, time: 0.019561044999136357
L: 0.50, u_super: 0.00836, sec: 478.578, prod: 0.189168, t_ads: 23.4, t_des: 21.5, bed_util_ads: 0.498, bed_util_des: 0.498, des_th: 0.4982083481343176,frac_lost: 0.106, li_recovered:  8.487, time: 0.014302944000519346
L: 4.33, u_super: 0.00192 — INFEASIBLE (li_recovered=0.000e+00), time: 0.003279181999459979
L: 0.50, u_super: 0.00912, sec: 526.509, prod: 0.206735, t_ads: 21.4, t_des: 19.7, bed_util_ads: 0.497, bed_util_des: 0.497, des_th: 0.4969426629452397,frac_lost: 0.104, li_recovered:  8.492, time: 0.013469427000018186
L: 0.50, u_super: 0.00900, sec: 519.002, prod: 0.203681, t_ads: 21.7, t_des: 20.0, bed_util_ads: 0.498, bed_util_des: 0.498, des_th: 0.49817238112104334,frac_lost: 0.106, li_recovered:  8.492, time: 0.019170555999153294
L: 36.40, u_super: 0.00415 — INFEASIBLE (li_recovered=0.000e+00), time: 0.002380318999712472
L: 0.50, u_super: 0.00526, sec: 289.955, prod: 0.118955, t_ads: 36.8, t_des: 33.8, bed_util_ads: 0.496, bed_util_des: 0.496, des_th: 0.4959474328249691,frac_lost: 0.102, li_recovered:  8.399, time: 0.01490873799957626
L: 0.50, u_super: 0.00258, sec: 139.502, prod: 0.057296, t_ads: 74.7, t_des: 72.2, bed_util_ads: 0.487, bed_util_des: 0.487, des_th: 0.48665706593977814,frac_lost: 0.103, li_recovered:  8.420, time: 0.012492750000092201
L: 0.50, u_super: 0.00966, sec: 561.142, prod: 0.219219, t_ads: 20.2, t_des: 18.3, bed_util_ads: 0.500, bed_util_des: 0.499, des_th: 0.49941800771673645,frac_lost: 0.104, li_recovered:  8.446, time: 0.011413055999582866
L: 7.93, u_super: 0.00514 — INFEASIBLE (li_recovered=0.000e+00), time: 0.007850964999306598
L: 0.50, u_super: 0.00198, sec: 757.829, prod: 0.006163, t_ads: 99.4, t_des: 1327.3, bed_util_ads: 0.200, bed_util_des: 0.188, des_th: 0.1878679825844691,frac_lost: 0.105, li_recovered:  8.793, time: 0.07398038399878715
L: 0.50, u_super: 0.00771, sec: 443.249, prod: 0.172431, t_ads: 25.4, t_des: 24.7, bed_util_ads: 0.491, bed_util_des: 0.490, des_th: 0.4904150691885371,frac_lost: 0.107, li_recovered:  8.628, time: 0.017002770999170025
L: 40.05, u_super: 0.00005 — INFEASIBLE (li_recovered=0.000e+00), time: 0.002044091999778175
L: 0.50, u_super: 0.00295, sec: 159.146, prod: 0.066012, t_ads: 65.4, t_des: 58.7, bed_util_ads: 0.496, bed_util_des: 0.496, des_th: 0.4959315417991818,frac_lost: 0.102, li_recovered:  8.186, time: 0.015096486000402365
L: 0.50, u_super: 0.00224, sec: 122.888, prod: 0.048573, t_ads: 86.3, t_des: 88.0, bed_util_ads: 0.478, bed_util_des: 0.477, des_th: 0.47700407340361356,frac_lost: 0.104, li_recovered:  8.466, time: 0.010938482999335974
L: 0.50, u_super: 0.00482, sec: 264.299, prod: 0.108558, t_ads: 40.4, t_des: 36.9, bed_util_ads: 0.496, bed_util_des: 0.496, des_th: 0.4961076914166388,frac_lost: 0.105, li_recovered:  8.394, time: 0.015281027001037728
L: 0.50, u_super: 0.00525, sec: 289.185, prod: 0.118516, t_ads: 36.9, t_des: 33.2, bed_util_ads: 0.499, bed_util_des: 0.499, des_th: 0.4985944923140498,frac_lost: 0.102, li_recovered:  8.311, time: 0.015252191000399762
L: 0.50, u_super: 0.00990, sec: 576.703, prod: 0.224379, t_ads: 19.8, t_des: 17.9, bed_util_ads: 0.500, bed_util_des: 0.499, des_th: 0.4994658383920903,frac_lost: 0.105, li_recovered:  8.452, time: 0.01220541300062905
L: 0.50, u_super: 0.00471, sec: 258.240, prod: 0.106105, t_ads: 41.3, t_des: 37.7, bed_util_ads: 0.496, bed_util_des: 0.496, des_th: 0.4961076914166388,frac_lost: 0.105, li_recovered:  8.386, time: 0.014077028001338476
L: 0.50, u_super: 0.00950, sec: 580.719, prod: 0.204190, t_ads: 20.6, t_des: 22.1, bed_util_ads: 0.478, bed_util_des: 0.478, des_th: 0.4780255055748324,frac_lost: 0.105, li_recovered:  8.709, time: 0.010048837000795174
L: 0.50, u_super: 0.00005, sec: 4.324, prod: 0.000670, t_ads: 3436.3, t_des: 5867.0, bed_util_ads: 0.253, bed_util_des: 0.185, des_th: 0.1851696623157332,frac_lost: 0.103, li_recovered:  6.229, time: 0.014424372000576113
L: 0.50, u_super: 0.00412, sec: 224.969, prod: 0.092682, t_ads: 47.1, t_des: 42.0, bed_util_ads: 0.499, bed_util_des: 0.498, des_th: 0.4984664741602438,frac_lost: 0.105, li_recovered:  8.260, time: 0.0150969559999794
L: 0.50, u_super: 0.00885, sec: 510.037, prod: 0.200441, t_ads: 22.1, t_des: 20.3, bed_util_ads: 0.497, bed_util_des: 0.497, des_th: 0.4969983666946384,frac_lost: 0.106, li_recovered:  8.492, time: 0.013975068000945612
L: 0.50, u_super: 0.00424, sec: 243.204, prod: 0.090735, t_ads: 45.8, t_des: 49.3, bed_util_ads: 0.475, bed_util_des: 0.474, des_th: 0.47424414709107476,frac_lost: 0.104, li_recovered:  8.626, time: 0.011250413001107518
L: 0.50, u_super: 0.00149, sec: 82.114, prod: 0.032035, t_ads: 128.4, t_des: 107.9, bed_util_ads: 0.500, bed_util_des: 0.499, des_th: 0.4995169616238084,frac_lost: 0.108, li_recovered:  7.572, time: 0.012141601999246632
L: 0.50, u_super: 0.00863, sec: 495.844, prod: 0.195103, t_ads: 22.7, t_des: 20.8, bed_util_ads: 0.498, bed_util_des: 0.498, des_th: 0.4982083481343176,frac_lost: 0.108, li_recovered:  8.488, time: 0.01166603199999372
L: 0.50, u_super: 0.00198, sec: 107.038, prod: 0.043659, t_ads: 97.4, t_des: 85.8, bed_util_ads: 0.496, bed_util_des: 0.496, des_th: 0.4960410783951547,frac_lost: 0.108, li_recovered:  7.996, time: 0.00911528800133965
L: 0.50, u_super: 0.00816, sec: 466.498, prod: 0.184362, t_ads: 24.0, t_des: 22.0, bed_util_ads: 0.499, bed_util_des: 0.499, des_th: 0.49859228927831156,frac_lost: 0.109, li_recovered:  8.485, time: 0.010893319000388146
L: 0.50, u_super: 0.00458, sec: 269.316, prod: 0.096226, t_ads: 42.3, t_des: 47.5, bed_util_ads: 0.471, bed_util_des: 0.470, des_th: 0.4699752550372017,frac_lost: 0.101, li_recovered:  8.642, time: 0.010696949999328353
L: 0.50, u_super: 0.00869, sec: 500.097, prod: 0.196618, t_ads: 22.5, t_des: 20.7, bed_util_ads: 0.498, bed_util_des: 0.498, des_th: 0.49771527331288307,frac_lost: 0.108, li_recovered:  8.493, time: 0.011981654000919661
L: 0.50, u_super: 0.00295, sec: 159.219, prod: 0.066131, t_ads: 65.2, t_des: 58.8, bed_util_ads: 0.496, bed_util_des: 0.496, des_th: 0.49592798036165237,frac_lost: 0.102, li_recovered:  8.205, time: 0.011060945000281208
L: 0.50, u_super: 0.00532, sec: 307.216, prod: 0.114659, t_ads: 36.4, t_des: 39.0, bed_util_ads: 0.477, bed_util_des: 0.476, des_th: 0.4762522553557563,frac_lost: 0.100, li_recovered:  8.649, time: 0.012687902000834583
   779 |    31160 |     40 |  0.0036322975 |             f
L: 0.50, u_super: 0.00806, sec: 460.481, prod: 0.182085, t_ads: 24.3, t_des: 22.5, bed_util_ads: 0.496, bed_util_des: 0.495, des_th: 0.49539607758223114,frac_lost: 0.107, li_recovered:  8.525, time: 0.014410193000003346
L: 0.50, u_super: 0.00597, sec: 331.296, prod: 0.135062, t_ads: 32.5, t_des: 29.9, bed_util_ads: 0.497, bed_util_des: 0.497, des_th: 0.4969267353774589,frac_lost: 0.101, li_recovered:  8.423, time: 0.009518803000901244
L: 0.50, u_super: 0.00988, sec: 576.481, prod: 0.223700, t_ads: 19.8, t_des: 18.4, bed_util_ads: 0.497, bed_util_des: 0.497, des_th: 0.49684833775536297,frac_lost: 0.105, li_recovered:  8.537, time: 0.015777623000758467
L: 0.50, u_super: 0.00936, sec: 541.274, prod: 0.212184, t_ads: 20.9, t_des: 18.9, bed_util_ads: 0.499, bed_util_des: 0.499, des_th: 0.4993350539660045,frac_lost: 0.104, li_recovered:  8.445, time: 0.011749945999326883
L: 0.50, u_super: 0.00574, sec: 317.840, prod: 0.129740, t_ads: 33.8, t_des: 30.7, bed_util_ads: 0.498, bed_util_des: 0.498, des_th: 0.4979743078182966,frac_lost: 0.102, li_recovered:  8.368, time: 0.011156921998917824
L: 0.50, u_super: 0.00633, sec: 359.896, prod: 0.140715, t_ads: 30.7, t_des: 30.7, bed_util_ads: 0.485, bed_util_des: 0.485, des_th: 0.48491496275033064,frac_lost: 0.102, li_recovered:  8.632, time: 0.02142544399976032
L: 18.18, u_super: 0.00295 — INFEASIBLE (li_recovered=0.000e+00), time: 0.003690944000481977
L: 0.50, u_super: 0.00746, sec: 527.591, prod: 0.135052, t_ads: 26.2, t_des: 38.3, bed_util_ads: 0.439, bed_util_des: 0.438, des_th: 0.43818427650015085,frac_lost: 0.105, li_recovered:  8.710, time: 0.027761794999605627
L: 0.50, u_super: 0.00990, sec: 576.689, prod: 0.224547, t_ads: 19.7, t_des: 17.7, bed_util_ads: 0.500, bed_util_des: 0.500, des_th: 0.49975603899075977,frac_lost: 0.104, li_recovered:  8.404, time: 0.014702495998790255
L: 0.50, u_super: 0.00212, sec: 115.380, prod: 0.046574, t_ads: 91.1, t_des: 78.3, bed_util_ads: 0.500, bed_util_des: 0.499, des_th: 0.49950036881616044,frac_lost: 0.108, li_recovered:  7.886, time: 0.01324126999861619
L: 0.50, u_super: 0.00692, sec: 388.059, prod: 0.156768, t_ads: 28.0, t_des: 25.4, bed_util_ads: 0.499, bed_util_des: 0.499, des_th: 0.49912785488811523,frac_lost: 0.101, li_recovered:  8.383, time: 0.014714625998749398
L: 0.50, u_super: 0.00338, sec: 183.162, prod: 0.075508, t_ads: 57.1, t_des: 50.2, bed_util_ads: 0.500, bed_util_des: 0.499, des_th: 0.4993867103224902,frac_lost: 0.100, li_recovered:  8.099, time: 0.01649684499898285
L: 0.50, u_super: 0.00005, sec: 4.390, prod: 0.000659, t_ads: 3192.6, t_des: 5049.9, bed_util_ads: 0.255, bed_util_des: 0.199, des_th: 0.1993626607798628,frac_lost: 0.100, li_recovered:  5.435, time: 0.012755260000631097
L: 0.50, u_super: 0.00595, sec: 330.234, prod: 0.134409, t_ads: 32.6, t_des: 29.2, bed_util_ads: 0.500, bed_util_des: 0.500, des_th: 0.4997762907351371,frac_lost: 0.101, li_recovered:  8.310, time: 0.014422267999179894
L: 0.50, u_super: 0.00172, sec: 116.498, prod: 0.030068, t_ads: 112.0, t_des: 170.6, bed_util_ads: 0.426, bed_util_des: 0.422, des_th: 0.42208727883175856,frac_lost: 0.102, li_recovered:  8.496, time: 0.015561131000140449
L: 0.50, u_super: 0.00841, sec: 481.722, prod: 0.190546, t_ads: 23.2, t_des: 21.1, bed_util_ads: 0.498, bed_util_des: 0.498, des_th: 0.4982416859187419,frac_lost: 0.105, li_recovered:  8.436, time: 0.011241219001021818
L: 0.50, u_super: 0.00154, sec: 84.174, prod: 0.033396, t_ads: 124.2, t_des: 124.8, bed_util_ads: 0.477, bed_util_des: 0.476, des_th: 0.47557995655450386,frac_lost: 0.105, li_recovered:  8.316, time: 0.013633871998536051
L: 0.50, u_super: 0.00813, sec: 464.917, prod: 0.183774, t_ads: 24.1, t_des: 22.3, bed_util_ads: 0.497, bed_util_des: 0.497, des_th: 0.4967200772559068,frac_lost: 0.106, li_recovered:  8.527, time: 0.011704380998708075
L: 0.50, u_super: 0.00740, sec: 419.150, prod: 0.167038, t_ads: 26.5, t_des: 23.7, bed_util_ads: 0.500, bed_util_des: 0.500, des_th: 0.49963359993073897,frac_lost: 0.108, li_recovered:  8.388, time: 0.010929880001640413
L: 0.50, u_super: 0.00719, sec: 406.260, prod: 0.162449, t_ads: 27.2, t_des: 24.7, bed_util_ads: 0.499, bed_util_des: 0.498, des_th: 0.4984057231032796,frac_lost: 0.108, li_recovered:  8.442, time: 0.017526273000839865
L: 0.50, u_super: 0.00912, sec: 527.060, prod: 0.206519, t_ads: 21.5, t_des: 19.4, bed_util_ads: 0.500, bed_util_des: 0.500, des_th: 0.49995503347296544,frac_lost: 0.107, li_recovered:  8.445, time: 0.017996111000684323
L: 7.83, u_super: 0.00047 — INFEASIBLE (li_recovered=0.000e+00), time: 0.0026311439996788977
L: 26.37, u_super: 0.00572 — INFEASIBLE (li_recovered=0.000e+00), time: 0.005877857000086806
L: 0.50, u_super: 0.00146, sec: 80.356, prod: 0.031176, t_ads: 130.1, t_des: 109.1, bed_util_ads: 0.498, bed_util_des: 0.498, des_th: 0.4982249380730446,frac_lost: 0.100, li_recovered:  7.458, time: 0.024166952000086894
L: 0.50, u_super: 0.00224, sec: 122.888, prod: 0.048573, t_ads: 86.3, t_des: 88.0, bed_util_ads: 0.478, bed_util_des: 0.477, des_th: 0.47700407340361356,frac_lost: 0.104, li_recovered:  8.466, time: 0.0181499789996451
L: 0.50, u_super: 0.00715, sec: 403.731, prod: 0.161519, t_ads: 27.4, t_des: 24.8, bed_util_ads: 0.499, bed_util_des: 0.499, des_th: 0.49926499980387146,frac_lost: 0.108, li_recovered:  8.435, time: 0.016016199999285163
L: 50.72, u_super: 0.00576 — INFEASIBLE (li_recovered=0.000e+00), time: 0.002787597000860842
L: 0.50, u_super: 0.00383, sec: 208.537, prod: 0.086086, t_ads: 50.7, t_des: 45.9, bed_util_ads: 0.497, bed_util_des: 0.497, des_th: 0.496996843728294,frac_lost: 0.107, li_recovered:  8.323, time: 0.012550433000797057
L: 23.92, u_super: 0.00310 — INFEASIBLE (li_recovered=0.000e+00), time: 0.0025646989997767378
L: 0.50, u_super: 0.00766, sec: 434.923, prod: 0.173114, t_ads: 25.5, t_des: 23.4, bed_util_ads: 0.497, bed_util_des: 0.497, des_th: 0.49707664421889547,frac_lost: 0.107, li_recovered:  8.481, time: 0.011112296000646893
L: 0.50, u_super: 0.00007 — INFEASIBLE (li_recovered=0.000e+00), time: 0.0017680000000837026
L: 0.50, u_super: 0.00969, sec: 562.794, prod: 0.219648, t_ads: 20.2, t_des: 18.3, bed_util_ads: 0.499, bed_util_des: 0.498, des_th: 0.4985038891849259,frac_lost: 0.105, li_recovered:  8.450, time: 0.014031852000698564
L: 0.50, u_super: 0.00011 — INFEASIBLE (li_recovered=0.000e+00), time: 0.0021333200002118247
L: 0.50, u_super: 0.00868, sec: 499.822, prod: 0.196164, t_ads: 22.6, t_des: 20.9, bed_util_ads: 0.497, bed_util_des: 0.497, des_th: 0.4969426629452397,frac_lost: 0.108, li_recovered:  8.529, time: 0.010426129998450051
L: 0.50, u_super: 0.00100, sec: 332.587, prod: 0.003533, t_ads: 196.9, t_des: 2293.8, bed_util_ads: 0.205, bed_util_des: 0.182, des_th: 0.18248385048133714,frac_lost: 0.102, li_recovered:  8.799, time: 0.07963486100015871
L: 0.59, u_super: 0.00380, sec: 245.514, prod: 0.085241, t_ads: 60.2, t_des: 54.1, bed_util_ads: 0.497, bed_util_des: 0.497, des_th: 0.496996843728294,frac_lost: 0.101, li_recovered:  9.741, time: 0.020350622000478324
L: 0.50, u_super: 0.00769, sec: 436.842, prod: 0.173810, t_ads: 25.5, t_des: 23.1, bed_util_ads: 0.500, bed_util_des: 0.499, des_th: 0.49941185491852735,frac_lost: 0.108, li_recovered:  8.443, time: 0.01876612500018382
L: 0.50, u_super: 0.00712, sec: 2745.770, prod: 0.023576, t_ads: 27.5, t_des: 344.8, bed_util_ads: 0.211, bed_util_des: 0.207, des_th: 0.20722146785291223,frac_lost: 0.104, li_recovered:  8.777, time: 0.10942937399886432
L: 0.50, u_super: 0.00412, sec: 224.969, prod: 0.092682, t_ads: 47.1, t_des: 42.0, bed_util_ads: 0.499, bed_util_des: 0.498, des_th: 0.4984664741602438,frac_lost: 0.105, li_recovered:  8.260, time: 0.012254108998604352
L: 0.50, u_super: 0.00931, sec: 538.543, prod: 0.211063, t_ads: 21.0, t_des: 19.0, bed_util_ads: 0.500, bed_util_des: 0.500, des_th: 0.4998731085820707,frac_lost: 0.105, li_recovered:  8.437, time: 0.017914780999490176
   780 |    31200 |     40 |  0.0015083231 |             f
L: 0.50, u_super: 0.00535, sec: 295.275, prod: 0.120854, t_ads: 36.2, t_des: 32.5, bed_util_ads: 0.499, bed_util_des: 0.499, des_th: 0.498635345481168,frac_lost: 0.102, li_recovered:  8.310, time: 0.016048642000896507
L: 0.50, u_super: 0.00680, sec: 382.617, prod: 0.153692, t_ads: 28.7, t_des: 26.4, bed_util_ads: 0.497, bed_util_des: 0.497, des_th: 0.4972188244546825,frac_lost: 0.107, li_recovered:  8.477, time: 0.00958775100116327
L: 0.50, u_super: 0.00244, sec: 131.362, prod: 0.054198, t_ads: 79.0, t_des: 70.3, bed_util_ads: 0.496, bed_util_des: 0.496, des_th: 0.4958503188859519,frac_lost: 0.104, li_recovered:  8.094, time: 0.016226554000240867
L: 0.50, u_super: 0.00949, sec: 549.995, prod: 0.215013, t_ads: 20.6, t_des: 18.9, bed_util_ads: 0.497, bed_util_des: 0.497, des_th: 0.49682299735325475,frac_lost: 0.104, li_recovered:  8.497, time: 0.014643212000009953
L: 0.50, u_super: 0.00457, sec: 250.064, prod: 0.102860, t_ads: 42.6, t_des: 38.9, bed_util_ads: 0.496, bed_util_des: 0.496, des_th: 0.4961076914166388,frac_lost: 0.105, li_recovered:  8.381, time: 0.013662769999427837
L: 0.50, u_super: 0.00005, sec: 4.339, prod: 0.000667, t_ads: 3558.5, t_des: 6459.4, bed_util_ads: 0.249, bed_util_des: 0.173, des_th: 0.1737409468700369,frac_lost: 0.102, li_recovered:  6.683, time: 0.01924849900024128
L: 0.50, u_super: 0.00771, sec: 438.546, prod: 0.174317, t_ads: 25.4, t_des: 23.0, bed_util_ads: 0.500, bed_util_des: 0.499, des_th: 0.49945278415608013,frac_lost: 0.108, li_recovered:  8.443, time: 0.014617283000916359
L: 16.77, u_super: 0.00235 — INFEASIBLE (li_recovered=0.000e+00), time: 0.0038407600004575215
L: 0.50, u_super: 0.00012, sec: 12.434, prod: 0.001352, t_ads: 1588.8, t_des: 4315.7, bed_util_ads: 0.268, bed_util_des: 0.200, des_th: 0.20046803992092568,frac_lost: 0.103, li_recovered:  7.981, time: 0.019846035000227857
L: 0.50, u_super: 0.00412, sec: 236.538, prod: 0.088149, t_ads: 47.1, t_des: 50.7, bed_util_ads: 0.475, bed_util_des: 0.474, des_th: 0.474461764670555,frac_lost: 0.105, li_recovered:  8.624, time: 0.016624092999336426
L: 0.60, u_super: 0.00868, sec: 612.250, prod: 0.191673, t_ads: 27.0, t_des: 27.1, bed_util_ads: 0.487, bed_util_des: 0.486, des_th: 0.48633140411800635,frac_lost: 0.108, li_recovered:  10.369, time: 0.010654914000042481
L: 0.50, u_super: 0.00672, sec: 376.347, prod: 0.152019, t_ads: 28.9, t_des: 26.1, bed_util_ads: 0.499, bed_util_des: 0.499, des_th: 0.49912785488811523,frac_lost: 0.103, li_recovered:  8.374, time: 0.012278817999685998
L: 0.50, u_super: 0.00157, sec: 84.587, prod: 0.034400, t_ads: 122.5, t_des: 110.8, bed_util_ads: 0.491, bed_util_des: 0.490, des_th: 0.4899570111522102,frac_lost: 0.108, li_recovered:  8.023, time: 0.011932462999538984
L: 0.50, u_super: 0.00226, sec: 123.731, prod: 0.049598, t_ads: 86.3, t_des: 74.2, bed_util_ads: 0.499, bed_util_des: 0.499, des_th: 0.4991836231330685,frac_lost: 0.105, li_recovered:  7.958, time: 0.00828830799946445
L: 0.50, u_super: 0.00295, sec: 159.208, prod: 0.065987, t_ads: 65.3, t_des: 58.3, bed_util_ads: 0.498, bed_util_des: 0.498, des_th: 0.4977618780530889,frac_lost: 0.102, li_recovered:  8.154, time: 0.013970304000395117
L: 0.50, u_super: 0.00245, sec: 132.965, prod: 0.054242, t_ads: 78.7, t_des: 68.3, bed_util_ads: 0.499, bed_util_des: 0.499, des_th: 0.49862393780877995,frac_lost: 0.105, li_recovered:  7.969, time: 0.013324645999091445
L: 0.50, u_super: 0.00987, sec: 575.542, prod: 0.223394, t_ads: 19.8, t_des: 18.4, bed_util_ads: 0.496, bed_util_des: 0.496, des_th: 0.4960100572229644,frac_lost: 0.105, li_recovered:  8.537, time: 0.015124567999009741
L: 0.50, u_super: 0.00368, sec: 199.807, prod: 0.082631, t_ads: 52.8, t_des: 47.8, bed_util_ads: 0.496, bed_util_des: 0.496, des_th: 0.49589778649920513,frac_lost: 0.105, li_recovered:  8.307, time: 0.01754703000005975
L: 0.50, u_super: 0.00435, sec: 237.485, prod: 0.097721, t_ads: 44.7, t_des: 40.0, bed_util_ads: 0.499, bed_util_des: 0.499, des_th: 0.4986674383240684,frac_lost: 0.104, li_recovered:  8.275, time: 0.013893956000174512
L: 0.50, u_super: 0.00915, sec: 538.398, prod: 0.203747, t_ads: 21.3, t_des: 21.2, bed_util_ads: 0.487, bed_util_des: 0.487, des_th: 0.4866397236933936,frac_lost: 0.104, li_recovered:  8.665, time: 0.018820571998730884
L: 0.50, u_super: 0.00875, sec: 503.556, prod: 0.198219, t_ads: 22.3, t_des: 20.2, bed_util_ads: 0.499, bed_util_des: 0.499, des_th: 0.49904368201788085,frac_lost: 0.106, li_recovered:  8.443, time: 0.01560526600042067
L: 0.50, u_super: 0.00435, sec: 237.615, prod: 0.097668, t_ads: 44.8, t_des: 40.0, bed_util_ads: 0.499, bed_util_des: 0.498, des_th: 0.4983353227989832,frac_lost: 0.105, li_recovered:  8.277, time: 0.013192467999033397
L: 0.50, u_super: 0.00328, sec: 177.890, prod: 0.073271, t_ads: 58.8, t_des: 51.6, bed_util_ads: 0.500, bed_util_des: 0.499, des_th: 0.4995058820840698,frac_lost: 0.101, li_recovered:  8.091, time: 0.01056912600142823
L: 0.50, u_super: 0.00146, sec: 80.356, prod: 0.031176, t_ads: 130.1, t_des: 109.1, bed_util_ads: 0.498, bed_util_des: 0.498, des_th: 0.4982249380730446,frac_lost: 0.100, li_recovered:  7.458, time: 0.014863030999549665
L: 0.50, u_super: 0.00075, sec: 41.646, prod: 0.015957, t_ads: 246.1, t_des: 234.4, bed_util_ads: 0.473, bed_util_des: 0.472, des_th: 0.47174131192993646,frac_lost: 0.102, li_recovered:  7.667, time: 0.0118801770004211
L: 0.50, u_super: 0.00295, sec: 164.158, prod: 0.064141, t_ads: 65.3, t_des: 67.9, bed_util_ads: 0.478, bed_util_des: 0.477, des_th: 0.4768913800165938,frac_lost: 0.101, li_recovered:  8.543, time: 0.014946280000003753
L: 0.50, u_super: 0.00498, sec: 273.686, prod: 0.112259, t_ads: 39.0, t_des: 34.8, bed_util_ads: 0.499, bed_util_des: 0.498, des_th: 0.4984664741602438,frac_lost: 0.102, li_recovered:  8.283, time: 0.01417918300103338
L: 0.50, u_super: 0.00633, sec: 483.136, prod: 0.104563, t_ads: 30.9, t_des: 52.4, bed_util_ads: 0.420, bed_util_des: 0.419, des_th: 0.4191190562266217,frac_lost: 0.105, li_recovered:  8.706, time: 0.0177951950008719
L: 0.50, u_super: 0.00912, sec: 527.662, prod: 0.206283, t_ads: 21.4, t_des: 20.1, bed_util_ads: 0.496, bed_util_des: 0.495, des_th: 0.49540437192624465,frac_lost: 0.104, li_recovered:  8.558, time: 0.014730517001225962
L: 0.50, u_super: 0.00034, sec: 66.899, prod: 0.001973, t_ads: 589.9, t_des: 3849.5, bed_util_ads: 0.235, bed_util_des: 0.185, des_th: 0.1851696623157332,frac_lost: 0.103, li_recovered:  8.757, time: 0.04437293900082295
L: 0.50, u_super: 0.00111, sec: 60.904, prod: 0.023878, t_ads: 170.8, t_des: 170.1, bed_util_ads: 0.475, bed_util_des: 0.473, des_th: 0.47333395267539585,frac_lost: 0.106, li_recovered:  8.139, time: 0.016584678000072017
L: 0.50, u_super: 0.00667, sec: 373.304, prod: 0.151251, t_ads: 29.1, t_des: 26.7, bed_util_ads: 0.498, bed_util_des: 0.497, des_th: 0.49736255954420977,frac_lost: 0.100, li_recovered:  8.429, time: 0.01594886999919254
L: 0.50, u_super: 0.00464, sec: 254.623, prod: 0.104483, t_ads: 42.0, t_des: 38.3, bed_util_ads: 0.496, bed_util_des: 0.496, des_th: 0.4961076223504935,frac_lost: 0.107, li_recovered:  8.391, time: 0.010411290000774898
L: 0.50, u_super: 0.00498, sec: 286.552, prod: 0.107219, t_ads: 39.0, t_des: 41.7, bed_util_ads: 0.477, bed_util_des: 0.477, des_th: 0.47677800809143245,frac_lost: 0.102, li_recovered:  8.644, time: 0.014810365999437636
L: 0.50, u_super: 0.00163, sec: 89.469, prod: 0.035084, t_ads: 117.9, t_des: 99.0, bed_util_ads: 0.500, bed_util_des: 0.499, des_th: 0.4994482436992849,frac_lost: 0.108, li_recovered:  7.611, time: 0.011442770999565255
L: 0.50, u_super: 0.00771, sec: 438.531, prod: 0.174285, t_ads: 25.4, t_des: 23.3, bed_util_ads: 0.497, bed_util_des: 0.497, des_th: 0.49714017586577336,frac_lost: 0.107, li_recovered:  8.489, time: 0.012225397998918197
L: 0.50, u_super: 0.00539, sec: 297.042, prod: 0.121718, t_ads: 36.0, t_des: 33.0, bed_util_ads: 0.496, bed_util_des: 0.496, des_th: 0.49590434624235036,frac_lost: 0.102, li_recovered:  8.405, time: 0.014047186999960104
L: 0.50, u_super: 0.00263, sec: 142.182, prod: 0.058282, t_ads: 73.2, t_des: 63.9, bed_util_ads: 0.500, bed_util_des: 0.500, des_th: 0.49962072358419535,frac_lost: 0.102, li_recovered:  7.990, time: 0.012666797998463153
L: 1.47, u_super: 0.00989, sec: 1715.454, prod: 0.221200, t_ads: 57.2, t_des: 50.2, bed_util_ads: 0.500, bed_util_des: 0.500, des_th: 0.4996772160990499,frac_lost: 0.100, li_recovered:  23.756, time: 0.013955494001493207
L: 0.50, u_super: 0.00333, sec: 180.495, prod: 0.074496, t_ads: 58.4, t_des: 52.1, bed_util_ads: 0.498, bed_util_des: 0.498, des_th: 0.4982083481343176,frac_lost: 0.107, li_recovered:  8.228, time: 0.011930229999052244
   781 |    31240 |     40 |  0.0032074502 |             f
L: 0.50, u_super: 0.00290, sec: 157.093, prod: 0.064557, t_ads: 66.7, t_des: 58.5, bed_util_ads: 0.499, bed_util_des: 0.499, des_th: 0.49853735222796575,frac_lost: 0.105, li_recovered:  8.077, time: 0.010954643999866676
L: 0.50, u_super: 0.00622, sec: 347.095, prod: 0.140667, t_ads: 31.2, t_des: 28.0, bed_util_ads: 0.499, bed_util_des: 0.499, des_th: 0.4992824139266221,frac_lost: 0.103, li_recovered:  8.326, time: 0.022105719999672147
L: 0.50, u_super: 0.00435, sec: 237.359, prod: 0.097773, t_ads: 44.8, t_des: 40.9, bed_util_ads: 0.496, bed_util_des: 0.496, des_th: 0.49601247764800527,frac_lost: 0.106, li_recovered:  8.378, time: 0.010588567000013427
L: 0.50, u_super: 0.00552, sec: 304.929, prod: 0.124725, t_ads: 35.2, t_des: 32.3, bed_util_ads: 0.497, bed_util_des: 0.497, des_th: 0.49674472862910546,frac_lost: 0.103, li_recovered:  8.414, time: 0.013459530000545783
L: 4.71, u_super: 0.00578 — INFEASIBLE (li_recovered=0.000e+00), time: 0.005569957000261638
L: 0.50, u_super: 0.00771, sec: 507.641, prod: 0.150558, t_ads: 25.3, t_des: 32.5, bed_util_ads: 0.455, bed_util_des: 0.454, des_th: 0.45437700679173165,frac_lost: 0.104, li_recovered:  8.705, time: 0.013492433999999776
L: 0.50, u_super: 0.00192, sec: 103.865, prod: 0.041988, t_ads: 99.7, t_des: 86.3, bed_util_ads: 0.498, bed_util_des: 0.497, des_th: 0.4973550139453085,frac_lost: 0.101, li_recovered:  7.808, time: 0.014479539000603836
L: 0.50, u_super: 0.00800, sec: 457.779, prod: 0.180128, t_ads: 24.4, t_des: 23.3, bed_util_ads: 0.493, bed_util_des: 0.492, des_th: 0.4923641781270009,frac_lost: 0.104, li_recovered:  8.585, time: 0.013167824999982258
L: 2.83, u_super: 0.00020, sec: 113.454, prod: 0.002297, t_ads: 3815.4, t_des: 5400.1, bed_util_ads: 0.230, bed_util_des: 0.188, des_th: 0.18865238982688548,frac_lost: 0.101, li_recovered:  21.173, time: 0.010959440000078757
L: 0.50, u_super: 0.00875, sec: 503.090, prod: 0.198261, t_ads: 22.3, t_des: 20.3, bed_util_ads: 0.500, bed_util_des: 0.499, des_th: 0.4995095935213414,frac_lost: 0.105, li_recovered:  8.442, time: 0.01846858300086751
L: 0.50, u_super: 0.00948, sec: 549.589, prod: 0.214777, t_ads: 20.6, t_des: 19.1, bed_util_ads: 0.497, bed_util_des: 0.497, des_th: 0.4968231158387269,frac_lost: 0.104, li_recovered:  8.522, time: 0.013231539000116754
L: 78.84, u_super: 0.00622 — INFEASIBLE (li_recovered=0.000e+00), time: 0.0011988309997832403
L: 30.59, u_super: 0.00441 — INFEASIBLE (li_recovered=0.000e+00), time: 0.00480437500118569
L: 0.50, u_super: 0.00780, sec: 444.583, prod: 0.176048, t_ads: 25.1, t_des: 23.3, bed_util_ads: 0.496, bed_util_des: 0.496, des_th: 0.495904007422367,frac_lost: 0.108, li_recovered:  8.522, time: 0.01669757799936633
L: 0.50, u_super: 0.00498, sec: 273.876, prod: 0.112182, t_ads: 39.0, t_des: 34.9, bed_util_ads: 0.499, bed_util_des: 0.498, des_th: 0.49846833372500043,frac_lost: 0.104, li_recovered:  8.298, time: 0.017014639000990428
L: 0.50, u_super: 0.00329, sec: 178.220, prod: 0.073461, t_ads: 58.6, t_des: 51.5, bed_util_ads: 0.500, bed_util_des: 0.499, des_th: 0.49943500369745847,frac_lost: 0.100, li_recovered:  8.089, time: 0.01179266699909931
L: 0.50, u_super: 0.00116, sec: 63.004, prod: 0.025106, t_ads: 164.0, t_des: 157.8, bed_util_ads: 0.479, bed_util_des: 0.478, des_th: 0.47779833722336945,frac_lost: 0.106, li_recovered:  8.079, time: 0.014255390999096562
L: 7.24, u_super: 0.00987 — INFEASIBLE (li_recovered=0.000e+00), time: 0.006105881999246776
L: 0.50, u_super: 0.00934, sec: 598.560, prod: 0.191223, t_ads: 20.9, t_des: 24.7, bed_util_ads: 0.466, bed_util_des: 0.465, des_th: 0.4654863230361049,frac_lost: 0.104, li_recovered:  8.714, time: 0.017058829000234255
L: 0.50, u_super: 0.00714, sec: 403.642, prod: 0.161159, t_ads: 27.5, t_des: 25.1, bed_util_ads: 0.498, bed_util_des: 0.498, des_th: 0.49760831218179874,frac_lost: 0.109, li_recovered:  8.476, time: 0.008670593000715598
L: 0.50, u_super: 0.00263, sec: 142.182, prod: 0.058282, t_ads: 73.2, t_des: 63.9, bed_util_ads: 0.500, bed_util_des: 0.500, des_th: 0.49962072358419535,frac_lost: 0.102, li_recovered:  7.990, time: 0.013955631000499125
L: 0.50, u_super: 0.00054, sec: 31.009, prod: 0.010819, t_ads: 338.8, t_des: 303.5, bed_util_ads: 0.472, bed_util_des: 0.470, des_th: 0.4703936448594553,frac_lost: 0.105, li_recovered:  6.949, time: 0.011078841000198736
L: 0.50, u_super: 0.00692, sec: 388.091, prod: 0.156755, t_ads: 28.0, t_des: 25.4, bed_util_ads: 0.499, bed_util_des: 0.499, des_th: 0.49919815037018994,frac_lost: 0.100, li_recovered:  8.371, time: 0.011773588999858475
L: 0.50, u_super: 0.00191, sec: 104.184, prod: 0.041718, t_ads: 99.9, t_des: 85.3, bed_util_ads: 0.499, bed_util_des: 0.499, des_th: 0.49911033555721057,frac_lost: 0.101, li_recovered:  7.728, time: 0.012496954999733134
L: 0.50, u_super: 0.00987, sec: 576.003, prod: 0.223435, t_ads: 19.8, t_des: 18.4, bed_util_ads: 0.497, bed_util_des: 0.497, des_th: 0.49672682218464886,frac_lost: 0.105, li_recovered:  8.543, time: 0.011368711000613985
L: 41.60, u_super: 0.00949 — INFEASIBLE (li_recovered=0.000e+00), time: 0.004115669999009697
L: 0.50, u_super: 0.00963, sec: 589.487, prod: 0.207247, t_ads: 20.3, t_des: 21.7, bed_util_ads: 0.478, bed_util_des: 0.478, des_th: 0.4779939584569215,frac_lost: 0.105, li_recovered:  8.710, time: 0.016072992999397684
L: 0.50, u_super: 0.00866, sec: 499.941, prod: 0.194914, t_ads: 22.6, t_des: 21.5, bed_util_ads: 0.494, bed_util_des: 0.494, des_th: 0.4938735056173641,frac_lost: 0.107, li_recovered:  8.591, time: 0.01588363299924822
L: 0.50, u_super: 0.00005, sec: 4.728, prod: 0.000612, t_ads: 3892.7, t_des: 9068.0, bed_util_ads: 0.233, bed_util_des: 0.137, des_th: 0.13688065568514907,frac_lost: 0.103, li_recovered:  7.935, time: 0.027189110000108485
L: 0.50, u_super: 0.00539, sec: 297.292, prod: 0.121616, t_ads: 36.0, t_des: 32.3, bed_util_ads: 0.499, bed_util_des: 0.498, des_th: 0.498406061846522,frac_lost: 0.102, li_recovered:  8.313, time: 0.015732657000626205
L: 0.50, u_super: 0.00146, sec: 80.056, prod: 0.031293, t_ads: 131.2, t_des: 110.8, bed_util_ads: 0.498, bed_util_des: 0.498, des_th: 0.49822307850828795,frac_lost: 0.106, li_recovered:  7.573, time: 0.010595335001198691
L: 0.50, u_super: 0.00059, sec: 33.573, prod: 0.012079, t_ads: 308.8, t_des: 280.3, bed_util_ads: 0.473, bed_util_des: 0.472, des_th: 0.47175209302050275,frac_lost: 0.102, li_recovered:  7.116, time: 0.011746478001441574
L: 0.50, u_super: 0.00943, sec: 546.250, prod: 0.213971, t_ads: 20.7, t_des: 18.8, bed_util_ads: 0.500, bed_util_des: 0.499, des_th: 0.4995027312995816,frac_lost: 0.104, li_recovered:  8.450, time: 0.018729921999693033
L: 0.50, u_super: 0.00574, sec: 317.840, prod: 0.129740, t_ads: 33.8, t_des: 30.7, bed_util_ads: 0.498, bed_util_des: 0.498, des_th: 0.4979743078182966,frac_lost: 0.102, li_recovered:  8.368, time: 0.013545488998715882
L: 0.83, u_super: 0.00815, sec: 778.986, prod: 0.183770, t_ads: 39.8, t_des: 36.3, bed_util_ads: 0.497, bed_util_des: 0.497, des_th: 0.4969426629452397,frac_lost: 0.104, li_recovered:  13.985, time: 0.013660041000548517
L: 0.50, u_super: 0.00990, sec: 576.015, prod: 0.224810, t_ads: 19.7, t_des: 17.9, bed_util_ads: 0.500, bed_util_des: 0.499, des_th: 0.49941800771673645,frac_lost: 0.102, li_recovered:  8.443, time: 0.01579797399972449
L: 0.50, u_super: 0.00717, sec: 405.456, prod: 0.161556, t_ads: 27.4, t_des: 25.4, bed_util_ads: 0.496, bed_util_des: 0.496, des_th: 0.4955251647920632,frac_lost: 0.109, li_recovered:  8.521, time: 0.011748092001653276
L: 0.50, u_super: 0.00464, sec: 254.203, prod: 0.104656, t_ads: 41.8, t_des: 38.2, bed_util_ads: 0.497, bed_util_des: 0.496, des_th: 0.4964744049469303,frac_lost: 0.104, li_recovered:  8.377, time: 0.01108875299905776
L: 6.26, u_super: 0.00875 — INFEASIBLE (li_recovered=0.000e+00), time: 0.007891234999988228
L: 0.50, u_super: 0.00011, sec: 10.405, prod: 0.001262, t_ads: 1779.6, t_des: 4393.9, bed_util_ads: 0.269, bed_util_des: 0.200, des_th: 0.20046803992092568,frac_lost: 0.103, li_recovered:  7.791, time: 0.03338853700006439
   782 |    31280 |     40 |  0.0010984642 |             f
L: 0.50, u_super: 0.00178, sec: 96.478, prod: 0.039155, t_ads: 107.3, t_des: 94.1, bed_util_ads: 0.496, bed_util_des: 0.496, des_th: 0.4960410783951547,frac_lost: 0.104, li_recovered:  7.886, time: 0.025775319001695607
L: 20.93, u_super: 0.00981 — INFEASIBLE (li_recovered=0.000e+00), time: 0.005118138999023358
L: 0.50, u_super: 0.00446, sec: 243.849, prod: 0.100221, t_ads: 43.8, t_des: 40.0, bed_util_ads: 0.497, bed_util_des: 0.496, des_th: 0.49625978028399115,frac_lost: 0.107, li_recovered:  8.390, time: 0.01579051099906792
L: 0.50, u_super: 0.00807, sec: 460.616, prod: 0.182591, t_ads: 24.2, t_des: 22.2, bed_util_ads: 0.497, bed_util_des: 0.497, des_th: 0.49734480507943957,frac_lost: 0.106, li_recovered:  8.483, time: 0.013883779000025243
L: 0.50, u_super: 0.00278, sec: 150.470, prod: 0.061743, t_ads: 69.2, t_des: 60.3, bed_util_ads: 0.500, bed_util_des: 0.500, des_th: 0.49962072358419535,frac_lost: 0.101, li_recovered:  7.995, time: 0.012226365000969963
L: 5.66, u_super: 0.00412 — INFEASIBLE (li_recovered=0.000e+00), time: 0.0072774849995767
L: 0.50, u_super: 0.00177, sec: 96.612, prod: 0.038586, t_ads: 107.7, t_des: 92.1, bed_util_ads: 0.498, bed_util_des: 0.498, des_th: 0.49822307850828795,frac_lost: 0.102, li_recovered:  7.710, time: 0.01944597699912265
L: 0.50, u_super: 0.00047 — INFEASIBLE (li_recovered=0.000e+00), time: 0.01066614500086871
L: 0.50, u_super: 0.00005, sec: 4.424, prod: 0.000654, t_ads: 3687.1, t_des: 7282.8, bed_util_ads: 0.243, bed_util_des: 0.160, des_th: 0.15981570274408227,frac_lost: 0.102, li_recovered:  7.178, time: 0.022675425998386345
L: 0.50, u_super: 0.00738, sec: 418.301, prod: 0.166797, t_ads: 26.5, t_des: 24.3, bed_util_ads: 0.497, bed_util_des: 0.497, des_th: 0.49719258784351156,frac_lost: 0.108, li_recovered:  8.484, time: 0.014446925999436644
L: 0.50, u_super: 0.00202, sec: 109.143, prod: 0.044357, t_ads: 95.6, t_des: 83.4, bed_util_ads: 0.498, bed_util_des: 0.498, des_th: 0.49796787338957815,frac_lost: 0.107, li_recovered:  7.939, time: 0.017477503999543842
L: 0.50, u_super: 0.00990, sec: 576.789, prod: 0.224508, t_ads: 19.7, t_des: 17.9, bed_util_ads: 0.499, bed_util_des: 0.499, des_th: 0.4991375565550569,frac_lost: 0.105, li_recovered:  8.453, time: 0.013525268001103541
L: 0.50, u_super: 0.00427, sec: 233.475, prod: 0.096042, t_ads: 45.5, t_des: 40.7, bed_util_ads: 0.499, bed_util_des: 0.498, des_th: 0.4984664741602438,frac_lost: 0.106, li_recovered:  8.281, time: 0.02182861400069669
L: 0.50, u_super: 0.00285, sec: 153.518, prod: 0.063689, t_ads: 67.7, t_des: 61.0, bed_util_ads: 0.496, bed_util_des: 0.496, des_th: 0.49592798036165237,frac_lost: 0.103, li_recovered:  8.201, time: 0.01654893799968704
L: 0.50, u_super: 0.00047, sec: 28.400, prod: 0.009059, t_ads: 378.4, t_des: 322.5, bed_util_ads: 0.472, bed_util_des: 0.472, des_th: 0.47175209302050275,frac_lost: 0.102, li_recovered:  6.349, time: 0.016492949000166846
L: 0.50, u_super: 0.00739, sec: 418.319, prod: 0.166928, t_ads: 26.5, t_des: 24.0, bed_util_ads: 0.499, bed_util_des: 0.498, des_th: 0.4983992022216906,frac_lost: 0.108, li_recovered:  8.440, time: 0.01571049200174457
L: 30.38, u_super: 0.00722 — INFEASIBLE (li_recovered=0.000e+00), time: 0.003307578001113143
L: 0.50, u_super: 0.00498, sec: 273.661, prod: 0.112270, t_ads: 38.9, t_des: 34.8, bed_util_ads: 0.500, bed_util_des: 0.500, des_th: 0.4996531258360889,frac_lost: 0.102, li_recovered:  8.283, time: 0.012871991999418242
L: 0.50, u_super: 0.00660, sec: 369.004, prod: 0.149524, t_ads: 29.4, t_des: 26.9, bed_util_ads: 0.498, bed_util_des: 0.498, des_th: 0.497696742882223,frac_lost: 0.101, li_recovered:  8.414, time: 0.011702979998517549
L: 0.50, u_super: 0.00849, sec: 486.849, prod: 0.191980, t_ads: 23.1, t_des: 20.9, bed_util_ads: 0.500, bed_util_des: 0.499, des_th: 0.4995095935213414,frac_lost: 0.108, li_recovered:  8.442, time: 0.016356293999706395
L: 0.50, u_super: 0.00766, sec: 433.293, prod: 0.173715, t_ads: 25.3, t_des: 23.2, bed_util_ads: 0.497, bed_util_des: 0.497, des_th: 0.49691796791273535,frac_lost: 0.100, li_recovered:  8.428, time: 0.013254919000246446
L: 14.26, u_super: 0.00157 — INFEASIBLE (li_recovered=0.000e+00), time: 0.002509681000447017
L: 0.50, u_super: 0.00566, sec: 312.631, prod: 0.127995, t_ads: 34.2, t_des: 31.2, bed_util_ads: 0.498, bed_util_des: 0.498, des_th: 0.4976918211721465,frac_lost: 0.100, li_recovered:  8.369, time: 0.010527938000450376
L: 0.50, u_super: 0.00827, sec: 474.194, prod: 0.186439, t_ads: 23.7, t_des: 22.2, bed_util_ads: 0.495, bed_util_des: 0.495, des_th: 0.49511829834663135,frac_lost: 0.107, li_recovered:  8.561, time: 0.00836447199981194
L: 0.50, u_super: 0.00676, sec: 380.381, prod: 0.152693, t_ads: 29.0, t_des: 26.3, bed_util_ads: 0.499, bed_util_des: 0.499, des_th: 0.49912785488811523,frac_lost: 0.109, li_recovered:  8.433, time: 0.011827180000182125
L: 0.50, u_super: 0.00071 — INFEASIBLE (li_recovered=0.000e+00), time: 0.005450274999020621
L: 0.50, u_super: 0.00628, sec: 350.371, prod: 0.142041, t_ads: 31.0, t_des: 28.0, bed_util_ads: 0.500, bed_util_des: 0.499, des_th: 0.49938194490620524,frac_lost: 0.104, li_recovered:  8.375, time: 0.012856878000093275
L: 0.50, u_super: 0.00498, sec: 273.925, prod: 0.112162, t_ads: 39.1, t_des: 34.9, bed_util_ads: 0.499, bed_util_des: 0.499, des_th: 0.49870847165333504,frac_lost: 0.104, li_recovered:  8.292, time: 0.011449554998762324
L: 0.50, u_super: 0.00112, sec: 61.892, prod: 0.023983, t_ads: 169.1, t_des: 146.0, bed_util_ads: 0.492, bed_util_des: 0.491, des_th: 0.4913995617199309,frac_lost: 0.108, li_recovered:  7.557, time: 0.01643099600005371
L: 0.50, u_super: 0.00775, sec: 439.086, prod: 0.175853, t_ads: 25.0, t_des: 22.7, bed_util_ads: 0.499, bed_util_des: 0.499, des_th: 0.49904524768986724,frac_lost: 0.100, li_recovered:  8.393, time: 0.01157329700072296
L: 0.50, u_super: 0.00570, sec: 315.506, prod: 0.129058, t_ads: 34.0, t_des: 31.2, bed_util_ads: 0.496, bed_util_des: 0.496, des_th: 0.49604751282345133,frac_lost: 0.101, li_recovered:  8.406, time: 0.010552305999226519
L: 0.50, u_super: 0.00403, sec: 219.670, prod: 0.090465, t_ads: 48.3, t_des: 43.1, bed_util_ads: 0.500, bed_util_des: 0.500, des_th: 0.4995653983769708,frac_lost: 0.106, li_recovered:  8.264, time: 0.0073788120007520774
L: 0.50, u_super: 0.00897, sec: 517.563, prod: 0.203089, t_ads: 21.8, t_des: 20.0, bed_util_ads: 0.497, bed_util_des: 0.497, des_th: 0.49685517406998936,frac_lost: 0.106, li_recovered:  8.495, time: 0.011980670999037102
L: 11.42, u_super: 0.00643, sec: 10056.476, prod: 0.118749, t_ads: 594.1, t_des: 600.9, bed_util_ads: 0.429, bed_util_des: 0.425, des_th: 0.42516081032926206,frac_lost: 0.101, li_recovered:  141.912, time: 0.012873511999714538
L: 0.50, u_super: 0.00005, sec: 4.335, prod: 0.000668, t_ads: 3358.2, t_des: 5609.0, bed_util_ads: 0.253, bed_util_des: 0.189, des_th: 0.1893228291977129,frac_lost: 0.101, li_recovered:  5.988, time: 0.014212699999916367
L: 0.50, u_super: 0.00743, sec: 433.230, prod: 0.163147, t_ads: 26.1, t_des: 27.0, bed_util_ads: 0.482, bed_util_des: 0.482, des_th: 0.4816984924480748,frac_lost: 0.100, li_recovered:  8.670, time: 0.0085814849990129
L: 0.50, u_super: 0.00533, sec: 306.654, prod: 0.115474, t_ads: 36.4, t_des: 38.5, bed_util_ads: 0.479, bed_util_des: 0.478, des_th: 0.4784605247684466,frac_lost: 0.102, li_recovered:  8.650, time: 0.010898841999733122
L: 50.04, u_super: 0.00263 — INFEASIBLE (li_recovered=0.000e+00), time: 0.0016869500013854122
L: 0.50, u_super: 0.00383, sec: 208.325, prod: 0.086059, t_ads: 50.7, t_des: 45.9, bed_util_ads: 0.497, bed_util_des: 0.497, des_th: 0.496996843728294,frac_lost: 0.106, li_recovered:  8.318, time: 0.014959346000978258
L: 0.50, u_super: 0.00789, sec: 448.293, prod: 0.179059, t_ads: 24.6, t_des: 22.2, bed_util_ads: 0.499, bed_util_des: 0.499, des_th: 0.49925008599718007,frac_lost: 0.101, li_recovered:  8.380, time: 0.01163668400113238
   783 |    31320 |     40 |  0.0037118443 |             f
L: 0.50, u_super: 0.00268, sec: 145.363, prod: 0.059538, t_ads: 71.7, t_des: 62.4, bed_util_ads: 0.500, bed_util_des: 0.500, des_th: 0.49962072358419535,frac_lost: 0.102, li_recovered:  7.985, time: 0.013711109999348992
L: 46.58, u_super: 0.00459 — INFEASIBLE (li_recovered=0.000e+00), time: 0.002120497001669719
L: 0.50, u_super: 0.00146, sec: 80.045, prod: 0.031297, t_ads: 131.3, t_des: 111.0, bed_util_ads: 0.498, bed_util_des: 0.498, des_th: 0.4982124923316262,frac_lost: 0.107, li_recovered:  7.584, time: 0.012965444999281317
L: 0.50, u_super: 0.00203, sec: 113.706, prod: 0.043189, t_ads: 94.9, t_des: 101.2, bed_util_ads: 0.473, bed_util_des: 0.472, des_th: 0.47175209302050275,frac_lost: 0.105, li_recovered:  8.469, time: 0.0160820800010697
L: 0.50, u_super: 0.00535, sec: 295.275, prod: 0.120854, t_ads: 36.2, t_des: 32.5, bed_util_ads: 0.499, bed_util_des: 0.499, des_th: 0.498635345481168,frac_lost: 0.102, li_recovered:  8.310, time: 0.013496460000169463
L: 34.65, u_super: 0.00497 — INFEASIBLE (li_recovered=0.000e+00), time: 0.002362217001063982
L: 0.50, u_super: 0.00326, sec: 177.153, prod: 0.072840, t_ads: 59.2, t_des: 51.9, bed_util_ads: 0.499, bed_util_des: 0.499, des_th: 0.49925008599718007,frac_lost: 0.103, li_recovered:  8.094, time: 0.01563401800012798
L: 0.50, u_super: 0.00583, sec: 331.265, prod: 0.128804, t_ads: 33.3, t_des: 33.8, bed_util_ads: 0.485, bed_util_des: 0.484, des_th: 0.48437984332666073,frac_lost: 0.102, li_recovered:  8.637, time: 0.01143576899994514
L: 0.50, u_super: 0.00959, sec: 556.198, prod: 0.217574, t_ads: 20.3, t_des: 18.3, bed_util_ads: 0.500, bed_util_des: 0.500, des_th: 0.49998317009265386,frac_lost: 0.103, li_recovered:  8.396, time: 0.014687283000967
L: 0.50, u_super: 0.00198, sec: 107.473, prod: 0.043548, t_ads: 96.4, t_des: 83.5, bed_util_ads: 0.498, bed_util_des: 0.498, des_th: 0.49796787338957815,frac_lost: 0.101, li_recovered:  7.832, time: 0.019609760000093956
L: 0.50, u_super: 0.00106, sec: 58.183, prod: 0.022690, t_ads: 179.0, t_des: 178.6, bed_util_ads: 0.474, bed_util_des: 0.472, des_th: 0.47174131192993646,frac_lost: 0.106, li_recovered:  8.115, time: 0.012139258000388509
L: 0.50, u_super: 0.00039 — INFEASIBLE (li_recovered=0.000e+00), time: 0.010965001998556545
L: 0.50, u_super: 0.00676, sec: 380.508, prod: 0.152642, t_ads: 29.0, t_des: 25.9, bed_util_ads: 0.500, bed_util_des: 0.500, des_th: 0.4997509525577965,frac_lost: 0.109, li_recovered:  8.381, time: 0.013590464001026703
L: 0.50, u_super: 0.00503, sec: 277.068, prod: 0.113407, t_ads: 38.6, t_des: 34.5, bed_util_ads: 0.500, bed_util_des: 0.500, des_th: 0.4996531258360889,frac_lost: 0.104, li_recovered:  8.299, time: 0.013434452999717905
L: 0.50, u_super: 0.00136, sec: 75.309, prod: 0.029130, t_ads: 139.0, t_des: 116.8, bed_util_ads: 0.498, bed_util_des: 0.498, des_th: 0.49822307850828795,frac_lost: 0.102, li_recovered:  7.452, time: 0.014818720001130714
L: 0.50, u_super: 0.00590, sec: 327.158, prod: 0.133377, t_ads: 32.9, t_des: 29.8, bed_util_ads: 0.498, bed_util_des: 0.498, des_th: 0.49800659406872333,frac_lost: 0.102, li_recovered:  8.368, time: 0.011551875000805012
L: 0.50, u_super: 0.00005, sec: 4.329, prod: 0.000669, t_ads: 3399.0, t_des: 5778.4, bed_util_ads: 0.252, bed_util_des: 0.185, des_th: 0.18567908598763386,frac_lost: 0.100, li_recovered:  6.137, time: 0.0172856019999017
L: 0.50, u_super: 0.00875, sec: 503.090, prod: 0.198261, t_ads: 22.3, t_des: 20.3, bed_util_ads: 0.500, bed_util_des: 0.499, des_th: 0.4995095935213414,frac_lost: 0.105, li_recovered:  8.442, time: 0.014601883000068483
L: 4.93, u_super: 0.00887, sec: 5321.295, prod: 0.189989, t_ads: 207.9, t_des: 201.0, bed_util_ads: 0.475, bed_util_des: 0.473, des_th: 0.47342151724730086,frac_lost: 0.102, li_recovered:  77.670, time: 0.022508894999191398
L: 0.50, u_super: 0.00380, sec: 207.318, prod: 0.085117, t_ads: 51.2, t_des: 45.2, bed_util_ads: 0.499, bed_util_des: 0.499, des_th: 0.49912785488811523,frac_lost: 0.107, li_recovered:  8.202, time: 0.01803784900039318
L: 0.50, u_super: 0.00005, sec: 4.324, prod: 0.000669, t_ads: 3431.3, t_des: 5857.7, bed_util_ads: 0.252, bed_util_des: 0.185, des_th: 0.1851696623157332,frac_lost: 0.102, li_recovered:  6.219, time: 0.019278612000562134
L: 0.50, u_super: 0.00012, sec: 12.434, prod: 0.001352, t_ads: 1588.8, t_des: 4315.7, bed_util_ads: 0.268, bed_util_des: 0.200, des_th: 0.20046803992092568,frac_lost: 0.103, li_recovered:  7.981, time: 0.03427830700093182
L: 0.50, u_super: 0.00984, sec: 573.587, prod: 0.222763, t_ads: 19.9, t_des: 18.5, bed_util_ads: 0.496, bed_util_des: 0.496, des_th: 0.49602064339205154,frac_lost: 0.105, li_recovered:  8.538, time: 0.01251502199920651
L: 16.98, u_super: 0.00990 — INFEASIBLE (li_recovered=0.000e+00), time: 0.008387825000681914
L: 0.50, u_super: 0.00622, sec: 347.098, prod: 0.140666, t_ads: 31.2, t_des: 27.9, bed_util_ads: 0.499, bed_util_des: 0.499, des_th: 0.49935856732550765,frac_lost: 0.103, li_recovered:  8.321, time: 0.013005732998863095
L: 0.50, u_super: 0.00357, sec: 193.812, prod: 0.079803, t_ads: 54.5, t_des: 48.2, bed_util_ads: 0.500, bed_util_des: 0.500, des_th: 0.4996452189689044,frac_lost: 0.106, li_recovered:  8.197, time: 0.013569202999860863
L: 24.73, u_super: 0.00866 — INFEASIBLE (li_recovered=0.000e+00), time: 0.008023579001019243
L: 0.50, u_super: 0.00071 — INFEASIBLE (li_recovered=0.000e+00), time: 0.008146915999532212
L: 4.72, u_super: 0.00378 — INFEASIBLE (li_recovered=0.000e+00), time: 0.01168248300018604
L: 0.50, u_super: 0.00085, sec: 46.506, prod: 0.018022, t_ads: 220.1, t_des: 203.6, bed_util_ads: 0.479, bed_util_des: 0.478, des_th: 0.47779833722336945,frac_lost: 0.101, li_recovered:  7.636, time: 0.014349500999742304
L: 0.50, u_super: 0.00263, sec: 142.379, prod: 0.058201, t_ads: 73.3, t_des: 63.6, bed_util_ads: 0.500, bed_util_des: 0.500, des_th: 0.49988252627961494,frac_lost: 0.103, li_recovered:  7.972, time: 0.013973490998978377
L: 0.50, u_super: 0.00824, sec: 470.939, prod: 0.186423, t_ads: 23.7, t_des: 21.6, bed_util_ads: 0.499, bed_util_des: 0.499, des_th: 0.49925008599718007,frac_lost: 0.107, li_recovered:  8.445, time: 0.012607983999259886
L: 0.50, u_super: 0.00907, sec: 523.997, prod: 0.205098, t_ads: 21.6, t_des: 20.0, bed_util_ads: 0.497, bed_util_des: 0.497, des_th: 0.4969426629452397,frac_lost: 0.106, li_recovered:  8.532, time: 0.017077438000342227
L: 0.50, u_super: 0.00949, sec: 550.277, prod: 0.215102, t_ads: 20.6, t_des: 18.7, bed_util_ads: 0.500, bed_util_des: 0.499, des_th: 0.4995027312995816,frac_lost: 0.105, li_recovered:  8.449, time: 0.013493954000296071
L: 0.50, u_super: 0.00245, sec: 131.851, prod: 0.054374, t_ads: 78.9, t_des: 70.2, bed_util_ads: 0.496, bed_util_des: 0.495, des_th: 0.4954814405925847,frac_lost: 0.105, li_recovered:  8.107, time: 0.013984027000333299
L: 0.50, u_super: 0.00012, sec: 12.434, prod: 0.001352, t_ads: 1588.8, t_des: 4315.7, bed_util_ads: 0.268, bed_util_des: 0.200, des_th: 0.20046803992092568,frac_lost: 0.103, li_recovered:  7.981, time: 0.02081764899958216
L: 0.50, u_super: 0.00535, sec: 295.321, prod: 0.120835, t_ads: 36.2, t_des: 32.5, bed_util_ads: 0.499, bed_util_des: 0.499, des_th: 0.4986509878767363,frac_lost: 0.102, li_recovered:  8.303, time: 0.012121816998842405
L: 0.50, u_super: 0.00925, sec: 534.806, prod: 0.209441, t_ads: 21.2, t_des: 19.2, bed_util_ads: 0.500, bed_util_des: 0.499, des_th: 0.4995095935213414,frac_lost: 0.106, li_recovered:  8.448, time: 0.012901172000056249
L: 0.50, u_super: 0.00987, sec: 574.819, prod: 0.223675, t_ads: 19.8, t_des: 18.2, bed_util_ads: 0.497, bed_util_des: 0.497, des_th: 0.4970252192079138,frac_lost: 0.105, li_recovered:  8.497, time: 0.012923303998832125
L: 0.50, u_super: 0.00912, sec: 527.577, prod: 0.206317, t_ads: 21.5, t_des: 19.9, bed_util_ads: 0.496, bed_util_des: 0.496, des_th: 0.4959275009602902,frac_lost: 0.107, li_recovered:  8.527, time: 0.012581375000081607
   784 |    31360 |     40 |  0.0030454336 |             f
L: 0.50, u_super: 0.00897, sec: 517.303, prod: 0.203191, t_ads: 21.8, t_des: 19.7, bed_util_ads: 0.500, bed_util_des: 0.499, des_th: 0.49946877875887497,frac_lost: 0.106, li_recovered:  8.441, time: 0.012574106000101892
L: 0.50, u_super: 0.00733, sec: 414.688, prod: 0.165606, t_ads: 26.7, t_des: 24.2, bed_util_ads: 0.499, bed_util_des: 0.499, des_th: 0.49863362545408657,frac_lost: 0.108, li_recovered:  8.435, time: 0.012737630000628997
L: 0.50, u_super: 0.00245, sec: 131.694, prod: 0.054439, t_ads: 78.9, t_des: 74.5, bed_util_ads: 0.490, bed_util_des: 0.489, des_th: 0.48939058462567925,frac_lost: 0.104, li_recovered:  8.347, time: 0.014024670999788214
L: 15.41, u_super: 0.00756 — INFEASIBLE (li_recovered=0.000e+00), time: 0.006308789999820874
L: 0.50, u_super: 0.00679, sec: 381.488, prod: 0.153461, t_ads: 28.8, t_des: 26.1, bed_util_ads: 0.499, bed_util_des: 0.499, des_th: 0.4989013552420608,frac_lost: 0.106, li_recovered:  8.423, time: 0.014650682998762932
L: 0.50, u_super: 0.00412, sec: 224.969, prod: 0.092682, t_ads: 47.1, t_des: 42.0, bed_util_ads: 0.499, bed_util_des: 0.498, des_th: 0.4984664741602438,frac_lost: 0.105, li_recovered:  8.260, time: 0.015145206998568028
L: 0.50, u_super: 0.00717, sec: 403.623, prod: 0.162536, t_ads: 27.1, t_des: 24.4, bed_util_ads: 0.499, bed_util_des: 0.498, des_th: 0.4984057231032796,frac_lost: 0.100, li_recovered:  8.366, time: 0.012442896999345976
L: 14.23, u_super: 0.00596 — INFEASIBLE (li_recovered=0.000e+00), time: 0.007931586000267998
L: 0.50, u_super: 0.00460, sec: 262.581, prod: 0.099358, t_ads: 42.3, t_des: 44.6, bed_util_ads: 0.479, bed_util_des: 0.478, des_th: 0.4782939439956026,frac_lost: 0.104, li_recovered:  8.634, time: 0.013299612999617239
L: 0.50, u_super: 0.00005 — INFEASIBLE (li_recovered=0.000e+00), time: 0.002214587999333162
L: 0.50, u_super: 0.00456, sec: 249.613, prod: 0.102685, t_ads: 42.7, t_des: 39.0, bed_util_ads: 0.497, bed_util_des: 0.496, des_th: 0.4965322187556118,frac_lost: 0.105, li_recovered:  8.387, time: 0.011041667001336464
L: 0.50, u_super: 0.00834, sec: 477.467, prod: 0.188829, t_ads: 23.4, t_des: 21.3, bed_util_ads: 0.498, bed_util_des: 0.498, des_th: 0.49817843574771276,frac_lost: 0.106, li_recovered:  8.442, time: 0.013957688999653328
L: 0.50, u_super: 0.00789, sec: 448.299, prod: 0.179057, t_ads: 24.6, t_des: 22.2, bed_util_ads: 0.499, bed_util_des: 0.499, des_th: 0.4992715670814254,frac_lost: 0.101, li_recovered:  8.388, time: 0.013033616000029724
L: 0.50, u_super: 0.00763, sec: 431.877, prod: 0.173128, t_ads: 25.4, t_des: 23.5, bed_util_ads: 0.496, bed_util_des: 0.495, des_th: 0.4954814405925847,frac_lost: 0.100, li_recovered:  8.473, time: 0.014103481000347529
L: 0.50, u_super: 0.00551, sec: 304.753, prod: 0.124388, t_ads: 35.2, t_des: 31.5, bed_util_ads: 0.500, bed_util_des: 0.500, des_th: 0.4996531258360889,frac_lost: 0.103, li_recovered:  8.304, time: 0.014342196998768486
L: 0.50, u_super: 0.00659, sec: 368.192, prod: 0.149277, t_ads: 29.4, t_des: 26.7, bed_util_ads: 0.498, bed_util_des: 0.498, des_th: 0.497696742882223,frac_lost: 0.100, li_recovered:  8.371, time: 0.012423521000528126
L: 0.50, u_super: 0.00029 — INFEASIBLE (li_recovered=0.000e+00), time: 0.007208430999526172
L: 0.50, u_super: 0.00039 — INFEASIBLE (li_recovered=0.000e+00), time: 0.006841672000518884
L: 0.50, u_super: 0.00621, sec: 346.154, prod: 0.140149, t_ads: 31.3, t_des: 27.9, bed_util_ads: 0.500, bed_util_des: 0.500, des_th: 0.49959994056534973,frac_lost: 0.103, li_recovered:  8.309, time: 0.011079013000198756
L: 0.50, u_super: 0.00789, sec: 478.812, prod: 0.167646, t_ads: 24.8, t_des: 27.1, bed_util_ads: 0.476, bed_util_des: 0.475, des_th: 0.47543762640747644,frac_lost: 0.108, li_recovered:  8.702, time: 0.014636399000664824
L: 0.50, u_super: 0.00959, sec: 556.198, prod: 0.217574, t_ads: 20.3, t_des: 18.3, bed_util_ads: 0.500, bed_util_des: 0.500, des_th: 0.49998317009265386,frac_lost: 0.103, li_recovered:  8.396, time: 0.010219436000625137
L: 0.50, u_super: 0.00177, sec: 95.630, prod: 0.038736, t_ads: 108.3, t_des: 94.7, bed_util_ads: 0.496, bed_util_des: 0.495, des_th: 0.4954565548093707,frac_lost: 0.103, li_recovered:  7.865, time: 0.008992303999548312
L: 0.50, u_super: 0.00803, sec: 457.794, prod: 0.181546, t_ads: 24.4, t_des: 22.4, bed_util_ads: 0.497, bed_util_des: 0.497, des_th: 0.49691796791273535,frac_lost: 0.106, li_recovered:  8.488, time: 0.012916432000565692
L: 0.50, u_super: 0.00589, sec: 326.890, prod: 0.133196, t_ads: 32.9, t_des: 30.6, bed_util_ads: 0.496, bed_util_des: 0.495, des_th: 0.49551798869589153,frac_lost: 0.102, li_recovered:  8.462, time: 0.011986032001004787
L: 0.50, u_super: 0.00590, sec: 329.753, prod: 0.132328, t_ads: 32.9, t_des: 31.9, bed_util_ads: 0.490, bed_util_des: 0.489, des_th: 0.489254893996248,frac_lost: 0.101, li_recovered:  8.576, time: 0.013382511000600061
L: 0.50, u_super: 0.00875, sec: 503.090, prod: 0.198261, t_ads: 22.3, t_des: 20.3, bed_util_ads: 0.500, bed_util_des: 0.499, des_th: 0.4995095935213414,frac_lost: 0.105, li_recovered:  8.442, time: 0.013317573999302112
L: 0.50, u_super: 0.00061, sec: 160.894, prod: 0.002664, t_ads: 326.8, t_des: 2975.3, bed_util_ads: 0.219, bed_util_des: 0.185, des_th: 0.1851696623157332,frac_lost: 0.103, li_recovered:  8.798, time: 0.06729574400014826
L: 0.50, u_super: 0.00080 — INFEASIBLE (li_recovered=0.000e+00), time: 0.006125851001343108
L: 0.50, u_super: 0.00295, sec: 160.181, prod: 0.065733, t_ads: 65.2, t_des: 56.8, bed_util_ads: 0.500, bed_util_des: 0.500, des_th: 0.4999588413935091,frac_lost: 0.101, li_recovered:  8.015, time: 0.009185371000057785
L: 0.50, u_super: 0.00766, sec: 3796.303, prod: 0.019827, t_ads: 25.6, t_des: 417.3, bed_util_ads: 0.190, bed_util_des: 0.186, des_th: 0.1863138862466358,frac_lost: 0.103, li_recovered:  8.780, time: 0.09526698899935582
L: 0.50, u_super: 0.00154, sec: 84.196, prod: 0.033284, t_ads: 124.4, t_des: 106.1, bed_util_ads: 0.498, bed_util_des: 0.498, des_th: 0.4981546785225086,frac_lost: 0.107, li_recovered:  7.671, time: 0.010589925001113443
L: 0.50, u_super: 0.00549, sec: 303.706, prod: 0.124097, t_ads: 35.3, t_des: 31.7, bed_util_ads: 0.500, bed_util_des: 0.500, des_th: 0.4996110540470363,frac_lost: 0.102, li_recovered:  8.318, time: 0.013895856000090134
L: 0.50, u_super: 0.00590, sec: 326.964, prod: 0.133456, t_ads: 32.9, t_des: 29.9, bed_util_ads: 0.498, bed_util_des: 0.498, des_th: 0.49798511282846375,frac_lost: 0.101, li_recovered:  8.371, time: 0.012446687000192469
L: 0.50, u_super: 0.00275, sec: 148.501, prod: 0.061362, t_ads: 70.1, t_des: 62.4, bed_util_ads: 0.497, bed_util_des: 0.497, des_th: 0.49691796791273535,frac_lost: 0.104, li_recovered:  8.132, time: 0.012158957999417908
L: 0.50, u_super: 0.00504, sec: 277.044, prod: 0.113823, t_ads: 38.5, t_des: 34.9, bed_util_ads: 0.497, bed_util_des: 0.497, des_th: 0.49674472862910546,frac_lost: 0.102, li_recovered:  8.350, time: 0.014047905999177601
L: 0.50, u_super: 0.00718, sec: 405.281, prod: 0.162329, t_ads: 27.2, t_des: 24.8, bed_util_ads: 0.499, bed_util_des: 0.498, des_th: 0.4984057231032796,frac_lost: 0.106, li_recovered:  8.439, time: 0.011814632998721208
L: 3.81, u_super: 0.00195 — INFEASIBLE (li_recovered=0.000e+00), time: 0.007266503000209923
L: 0.50, u_super: 0.00990, sec: 619.199, prod: 0.209131, t_ads: 19.7, t_des: 22.0, bed_util_ads: 0.473, bed_util_des: 0.473, des_th: 0.4729178459340321,frac_lost: 0.104, li_recovered:  8.714, time: 0.012540559999251855
L: 0.50, u_super: 0.00643, sec: 359.180, prod: 0.145660, t_ads: 30.2, t_des: 27.6, bed_util_ads: 0.498, bed_util_des: 0.498, des_th: 0.4979743078182966,frac_lost: 0.102, li_recovered:  8.414, time: 0.011470026000097278
L: 0.50, u_super: 0.00766, sec: 433.566, prod: 0.173798, t_ads: 25.3, t_des: 23.2, bed_util_ads: 0.497, bed_util_des: 0.497, des_th: 0.49691796791273535,frac_lost: 0.101, li_recovered:  8.436, time: 0.016120991998832324
   785 |    31400 |     40 |  0.0025155746 |             f
L: 0.50, u_super: 0.00198, sec: 106.247, prod: 0.044006, t_ads: 96.5, t_des: 90.0, bed_util_ads: 0.489, bed_util_des: 0.489, des_th: 0.48873043939115013,frac_lost: 0.101, li_recovered:  8.209, time: 0.015451753000888857
L: 24.30, u_super: 0.00328 — INFEASIBLE (li_recovered=0.000e+00), time: 0.003039032999367919
L: 0.50, u_super: 0.00403, sec: 219.649, prod: 0.090474, t_ads: 48.2, t_des: 43.1, bed_util_ads: 0.498, bed_util_des: 0.498, des_th: 0.4979608819156045,frac_lost: 0.105, li_recovered:  8.261, time: 0.01163598200037086
L: 0.50, u_super: 0.00904, sec: 521.973, prod: 0.204688, t_ads: 21.7, t_des: 19.6, bed_util_ads: 0.499, bed_util_des: 0.499, des_th: 0.49925008599718007,frac_lost: 0.107, li_recovered:  8.440, time: 0.013487614000041503
L: 0.50, u_super: 0.00547, sec: 302.382, prod: 0.123678, t_ads: 35.5, t_des: 32.2, bed_util_ads: 0.499, bed_util_des: 0.498, des_th: 0.4984664741602438,frac_lost: 0.103, li_recovered:  8.367, time: 0.013701492998734466
L: 3.07, u_super: 0.00456 — INFEASIBLE (li_recovered=0.000e+00), time: 0.008754881000641035
L: 0.50, u_super: 0.00076, sec: 42.059, prod: 0.016139, t_ads: 243.4, t_des: 231.4, bed_util_ads: 0.473, bed_util_des: 0.472, des_th: 0.47175210058010103,frac_lost: 0.101, li_recovered:  7.662, time: 0.01709785999992164
L: 0.50, u_super: 0.00692, sec: 388.139, prod: 0.156736, t_ads: 28.0, t_des: 26.0, bed_util_ads: 0.496, bed_util_des: 0.496, des_th: 0.495881880695807,frac_lost: 0.100, li_recovered:  8.471, time: 0.013219301999924937
L: 0.50, u_super: 0.00844, sec: 484.425, prod: 0.190921, t_ads: 23.2, t_des: 21.5, bed_util_ads: 0.497, bed_util_des: 0.496, des_th: 0.4964744049469303,frac_lost: 0.107, li_recovered:  8.520, time: 0.012343151998720714
L: 0.50, u_super: 0.00681, sec: 381.791, prod: 0.154244, t_ads: 28.5, t_des: 25.8, bed_util_ads: 0.499, bed_util_des: 0.498, des_th: 0.4984057231032796,frac_lost: 0.101, li_recovered:  8.370, time: 0.015012597999884747
L: 0.50, u_super: 0.00875, sec: 503.007, prod: 0.198170, t_ads: 22.3, t_des: 20.3, bed_util_ads: 0.499, bed_util_des: 0.499, des_th: 0.49883689614596355,frac_lost: 0.106, li_recovered:  8.449, time: 0.013731842000197503
L: 0.50, u_super: 0.00005, sec: 4.346, prod: 0.000666, t_ads: 3322.9, t_des: 5443.0, bed_util_ads: 0.254, bed_util_des: 0.192, des_th: 0.1926587955485406,frac_lost: 0.101, li_recovered:  5.839, time: 0.014957712999603245
L: 0.50, u_super: 0.00877, sec: 504.259, prod: 0.198517, t_ads: 22.3, t_des: 20.0, bed_util_ads: 0.500, bed_util_des: 0.500, des_th: 0.49950209127495804,frac_lost: 0.106, li_recovered:  8.406, time: 0.0129220950002491
L: 0.50, u_super: 0.00326, sec: 175.809, prod: 0.073052, t_ads: 59.2, t_des: 53.4, bed_util_ads: 0.497, bed_util_des: 0.496, des_th: 0.4965322187556118,frac_lost: 0.101, li_recovered:  8.231, time: 0.016375248998883762
L: 0.50, u_super: 0.00308, sec: 167.540, prod: 0.068598, t_ads: 62.5, t_des: 54.3, bed_util_ads: 0.500, bed_util_des: 0.500, des_th: 0.49994492532720564,frac_lost: 0.102, li_recovered:  8.010, time: 0.01019296599952213
L: 0.50, u_super: 0.00154, sec: 84.970, prod: 0.033083, t_ads: 123.2, t_des: 103.1, bed_util_ads: 0.500, bed_util_des: 0.500, des_th: 0.49998317009265386,frac_lost: 0.101, li_recovered:  7.487, time: 0.018020162999164313
L: 0.50, u_super: 0.00890, sec: 512.535, prod: 0.201458, t_ads: 22.0, t_des: 19.9, bed_util_ads: 0.500, bed_util_des: 0.500, des_th: 0.49996897408233576,frac_lost: 0.106, li_recovered:  8.448, time: 0.013101579999784008
L: 0.50, u_super: 0.00280, sec: 151.143, prod: 0.062647, t_ads: 68.9, t_des: 61.9, bed_util_ads: 0.496, bed_util_des: 0.496, des_th: 0.49592798036165237,frac_lost: 0.104, li_recovered:  8.191, time: 0.010963533999529318
L: 25.65, u_super: 0.00194 — INFEASIBLE (li_recovered=0.000e+00), time: 0.002337908999834326
L: 0.50, u_super: 0.00902, sec: 520.960, prod: 0.204164, t_ads: 21.7, t_des: 19.7, bed_util_ads: 0.500, bed_util_des: 0.500, des_th: 0.4998417179602199,frac_lost: 0.108, li_recovered:  8.448, time: 0.012220139999044477
L: 0.50, u_super: 0.00990, sec: 596.324, prod: 0.217153, t_ads: 19.8, t_des: 20.3, bed_util_ads: 0.484, bed_util_des: 0.484, des_th: 0.4840337008276253,frac_lost: 0.105, li_recovered:  8.699, time: 0.018460377999872435
L: 0.50, u_super: 0.00202, sec: 109.739, prod: 0.044117, t_ads: 94.7, t_des: 81.0, bed_util_ads: 0.500, bed_util_des: 0.500, des_th: 0.4995723585307737,frac_lost: 0.100, li_recovered:  7.755, time: 0.011841939000078128
L: 0.50, u_super: 0.00005, sec: 4.329, prod: 0.000669, t_ads: 3526.3, t_des: 6253.2, bed_util_ads: 0.250, bed_util_des: 0.177, des_th: 0.17754993741378225,frac_lost: 0.103, li_recovered:  6.539, time: 0.014734710999618983
L: 73.73, u_super: 0.00790 — INFEASIBLE (li_recovered=0.000e+00), time: 0.001785696000297321
L: 0.50, u_super: 0.00419, sec: 228.988, prod: 0.094163, t_ads: 46.4, t_des: 41.4, bed_util_ads: 0.499, bed_util_des: 0.499, des_th: 0.498635345481168,frac_lost: 0.106, li_recovered:  8.270, time: 0.0128482919990347
L: 0.50, u_super: 0.00046, sec: 27.916, prod: 0.008904, t_ads: 384.6, t_des: 329.2, bed_util_ads: 0.472, bed_util_des: 0.471, des_th: 0.4717413043703382,frac_lost: 0.103, li_recovered:  6.356, time: 0.011436636999860639
L: 0.50, u_super: 0.00295, sec: 160.301, prod: 0.065684, t_ads: 65.2, t_des: 56.7, bed_util_ads: 0.500, bed_util_des: 0.500, des_th: 0.4999848649504316,frac_lost: 0.102, li_recovered:  8.012, time: 0.014130342000498786
L: 0.50, u_super: 0.00470, sec: 296.315, prod: 0.092072, t_ads: 41.6, t_des: 52.5, bed_util_ads: 0.456, bed_util_des: 0.455, des_th: 0.4550503359812753,frac_lost: 0.107, li_recovered:  8.663, time: 0.01658656000108749
L: 0.50, u_super: 0.00103, sec: 56.559, prod: 0.021994, t_ads: 184.5, t_des: 183.8, bed_util_ads: 0.474, bed_util_des: 0.472, des_th: 0.47175209302050275,frac_lost: 0.107, li_recovered:  8.099, time: 0.01735571499921207
L: 0.50, u_super: 0.00200, sec: 108.668, prod: 0.043694, t_ads: 95.6, t_des: 81.9, bed_util_ads: 0.500, bed_util_des: 0.499, des_th: 0.49946877875887497,frac_lost: 0.100, li_recovered:  7.756, time: 0.014768580000236398
L: 0.50, u_super: 0.00504, sec: 277.044, prod: 0.113823, t_ads: 38.5, t_des: 34.9, bed_util_ads: 0.497, bed_util_des: 0.497, des_th: 0.49674472862910546,frac_lost: 0.102, li_recovered:  8.350, time: 0.018483809000827023
L: 0.50, u_super: 0.00986, sec: 574.964, prod: 0.223360, t_ads: 19.9, t_des: 18.0, bed_util_ads: 0.500, bed_util_des: 0.499, des_th: 0.49942550996311985,frac_lost: 0.107, li_recovered:  8.458, time: 0.012292942999920342
L: 0.50, u_super: 0.00426, sec: 233.098, prod: 0.095652, t_ads: 45.6, t_des: 40.3, bed_util_ads: 0.500, bed_util_des: 0.500, des_th: 0.4996659418459925,frac_lost: 0.105, li_recovered:  8.216, time: 0.012087454000720754
L: 0.50, u_super: 0.00822, sec: 543.810, prod: 0.160784, t_ads: 23.8, t_des: 30.4, bed_util_ads: 0.456, bed_util_des: 0.455, des_th: 0.45520029124863126,frac_lost: 0.104, li_recovered:  8.710, time: 0.015236130999255693
L: 0.50, u_super: 0.00948, sec: 579.051, prod: 0.204002, t_ads: 20.6, t_des: 22.1, bed_util_ads: 0.478, bed_util_des: 0.478, des_th: 0.47779833722336945,frac_lost: 0.106, li_recovered:  8.709, time: 0.011431664999690838
L: 0.50, u_super: 0.00012, sec: 12.434, prod: 0.001352, t_ads: 1588.8, t_des: 4315.7, bed_util_ads: 0.268, bed_util_des: 0.200, des_th: 0.20046803992092568,frac_lost: 0.103, li_recovered:  7.981, time: 0.022633385999142774
L: 0.50, u_super: 0.00509, sec: 280.026, prod: 0.114844, t_ads: 38.1, t_des: 34.0, bed_util_ads: 0.500, bed_util_des: 0.500, des_th: 0.4996531258360889,frac_lost: 0.101, li_recovered:  8.281, time: 0.012499534999733442
L: 0.50, u_super: 0.00840, sec: 486.658, prod: 0.188131, t_ads: 23.3, t_des: 22.6, bed_util_ads: 0.490, bed_util_des: 0.489, des_th: 0.48939058462567925,frac_lost: 0.106, li_recovered:  8.633, time: 0.015378661000795546
L: 0.50, u_super: 0.00005, sec: 4.325, prod: 0.000669, t_ads: 3455.9, t_des: 5983.0, bed_util_ads: 0.251, bed_util_des: 0.182, des_th: 0.182187388600212,frac_lost: 0.102, li_recovered:  6.318, time: 0.015044787998704123
L: 0.50, u_super: 0.00982, sec: 571.605, prod: 0.222626, t_ads: 19.9, t_des: 17.9, bed_util_ads: 0.500, bed_util_des: 0.500, des_th: 0.49998317009265386,frac_lost: 0.104, li_recovered:  8.402, time: 0.014562520000254153
   786 |    31440 |     40 |  0.0024265205 |             f
L: 0.50, u_super: 0.00501, sec: 275.606, prod: 0.113030, t_ads: 38.7, t_des: 34.6, bed_util_ads: 0.500, bed_util_des: 0.500, des_th: 0.4997393579824379,frac_lost: 0.102, li_recovered:  8.288, time: 0.009356766000564676
L: 0.50, u_super: 0.00977, sec: 567.995, prod: 0.221470, t_ads: 20.0, t_des: 18.2, bed_util_ads: 0.500, bed_util_des: 0.500, des_th: 0.49959994056534973,frac_lost: 0.105, li_recovered:  8.457, time: 0.016391364000810427
L: 12.06, u_super: 0.00850 — INFEASIBLE (li_recovered=0.000e+00), time: 0.00553846699949645
L: 0.50, u_super: 0.00012, sec: 11.022, prod: 0.001525, t_ads: 1540.0, t_des: 3398.6, bed_util_ads: 0.287, bed_util_des: 0.229, des_th: 0.22902427206892886,frac_lost: 0.104, li_recovered:  7.530, time: 0.01919769800042559
L: 7.13, u_super: 0.00243 — INFEASIBLE (li_recovered=0.000e+00), time: 0.004018195000753622
L: 0.50, u_super: 0.00154, sec: 83.106, prod: 0.033721, t_ads: 124.4, t_des: 119.5, bed_util_ads: 0.483, bed_util_des: 0.482, des_th: 0.4823511823928354,frac_lost: 0.105, li_recovered:  8.225, time: 0.014868169000692433
L: 0.50, u_super: 0.00005 — INFEASIBLE (li_recovered=0.000e+00), time: 0.002453316999890376
L: 0.50, u_super: 0.00957, sec: 555.344, prod: 0.216979, t_ads: 20.4, t_des: 18.5, bed_util_ads: 0.498, bed_util_des: 0.498, des_th: 0.4983509437579402,frac_lost: 0.105, li_recovered:  8.449, time: 0.015413392000482418
L: 27.60, u_super: 0.00419 — INFEASIBLE (li_recovered=0.000e+00), time: 0.002925657001469517
L: 6.80, u_super: 0.00103 — INFEASIBLE (li_recovered=0.000e+00), time: 0.005035823998696287
L: 0.50, u_super: 0.00576, sec: 319.546, prod: 0.130040, t_ads: 33.7, t_des: 30.1, bed_util_ads: 0.500, bed_util_des: 0.500, des_th: 0.49999406738388885,frac_lost: 0.103, li_recovered:  8.298, time: 0.011159222998685436
L: 1.64, u_super: 0.00535, sec: 1007.802, prod: 0.115887, t_ads: 117.4, t_des: 99.8, bed_util_ads: 0.499, bed_util_des: 0.499, des_th: 0.498635345481168,frac_lost: 0.107, li_recovered:  25.174, time: 0.01215073299863434
L: 0.50, u_super: 0.00220, sec: 119.956, prod: 0.048376, t_ads: 87.7, t_des: 75.0, bed_util_ads: 0.500, bed_util_des: 0.500, des_th: 0.49972335597036716,frac_lost: 0.108, li_recovered:  7.871, time: 0.013545248000809806
L: 0.50, u_super: 0.00341, sec: 185.630, prod: 0.076247, t_ads: 57.0, t_des: 50.2, bed_util_ads: 0.500, bed_util_des: 0.500, des_th: 0.4996017357025339,frac_lost: 0.108, li_recovered:  8.175, time: 0.013152007999451598
L: 0.50, u_super: 0.00593, sec: 329.646, prod: 0.133971, t_ads: 32.8, t_des: 29.3, bed_util_ads: 0.499, bed_util_des: 0.499, des_th: 0.4991586765924527,frac_lost: 0.103, li_recovered:  8.319, time: 0.013094917001581052
L: 0.50, u_super: 0.00529, sec: 291.459, prod: 0.119439, t_ads: 36.7, t_des: 33.3, bed_util_ads: 0.498, bed_util_des: 0.498, des_th: 0.4979743078182966,frac_lost: 0.103, li_recovered:  8.358, time: 0.017429912999432418
L: 0.50, u_super: 0.00845, sec: 484.965, prod: 0.191062, t_ads: 23.2, t_des: 21.5, bed_util_ads: 0.497, bed_util_des: 0.497, des_th: 0.49691796791273535,frac_lost: 0.107, li_recovered:  8.524, time: 0.012369825999485329
L: 0.50, u_super: 0.00244, sec: 1012.137, prod: 0.007068, t_ads: 80.7, t_des: 1163.5, bed_util_ads: 0.196, bed_util_des: 0.185, des_th: 0.18508264080356393,frac_lost: 0.106, li_recovered:  8.794, time: 0.08840708400020958
L: 0.50, u_super: 0.00908, sec: 826.122, prod: 0.130545, t_ads: 21.5, t_des: 45.4, bed_util_ads: 0.394, bed_util_des: 0.393, des_th: 0.39311012384882016,frac_lost: 0.102, li_recovered:  8.732, time: 0.020127626999965287
L: 0.50, u_super: 0.00423, sec: 230.602, prod: 0.095133, t_ads: 45.9, t_des: 41.4, bed_util_ads: 0.498, bed_util_des: 0.498, des_th: 0.497753853237107,frac_lost: 0.104, li_recovered:  8.312, time: 0.016143368999109953
L: 0.50, u_super: 0.00627, sec: 349.704, prod: 0.141626, t_ads: 31.0, t_des: 27.7, bed_util_ads: 0.500, bed_util_des: 0.499, des_th: 0.49941800771673645,frac_lost: 0.103, li_recovered:  8.322, time: 0.01529381000000285
L: 0.50, u_super: 0.00328, sec: 182.390, prod: 0.071463, t_ads: 59.2, t_des: 60.6, bed_util_ads: 0.480, bed_util_des: 0.480, des_th: 0.47979652296265096,frac_lost: 0.106, li_recovered:  8.565, time: 0.011796779001087998
L: 118.94, u_super: 0.00643 — INFEASIBLE (li_recovered=0.000e+00), time: 0.0015079069999046624
L: 0.50, u_super: 0.00791, sec: 449.815, prod: 0.179398, t_ads: 24.6, t_des: 22.2, bed_util_ads: 0.500, bed_util_des: 0.500, des_th: 0.4998083641103258,frac_lost: 0.102, li_recovered:  8.383, time: 0.012096655998902861
L: 0.50, u_super: 0.00824, sec: 470.939, prod: 0.186423, t_ads: 23.7, t_des: 21.6, bed_util_ads: 0.499, bed_util_des: 0.499, des_th: 0.49925008599718007,frac_lost: 0.107, li_recovered:  8.445, time: 0.015056996999192052
L: 0.50, u_super: 0.00677, sec: 3365.559, prod: 0.017301, t_ads: 29.0, t_des: 478.7, bed_util_ads: 0.189, bed_util_des: 0.185, des_th: 0.1845910192012721,frac_lost: 0.104, li_recovered:  8.783, time: 0.11474647999966692
L: 0.50, u_super: 0.00959, sec: 557.261, prod: 0.217392, t_ads: 20.4, t_des: 18.3, bed_util_ads: 0.500, bed_util_des: 0.500, des_th: 0.49998317009265386,frac_lost: 0.105, li_recovered:  8.396, time: 0.01782551200085436
L: 0.50, u_super: 0.00764, sec: 432.483, prod: 0.173269, t_ads: 25.4, t_des: 23.5, bed_util_ads: 0.497, bed_util_des: 0.496, des_th: 0.4964744049469303,frac_lost: 0.100, li_recovered:  8.480, time: 0.017201541999384062
L: 15.97, u_super: 0.00177 — INFEASIBLE (li_recovered=0.000e+00), time: 0.004093273999387748
L: 0.50, u_super: 0.00492, sec: 270.636, prod: 0.110895, t_ads: 39.6, t_des: 35.7, bed_util_ads: 0.498, bed_util_des: 0.498, des_th: 0.49793000477872484,frac_lost: 0.106, li_recovered:  8.344, time: 0.016459358999782125
L: 35.52, u_super: 0.00641 — INFEASIBLE (li_recovered=0.000e+00), time: 0.00285979499858513
L: 0.50, u_super: 0.00387, sec: 210.577, prod: 0.086787, t_ads: 50.3, t_des: 45.0, bed_util_ads: 0.498, bed_util_des: 0.498, des_th: 0.49796758054330265,frac_lost: 0.106, li_recovered:  8.266, time: 0.01299045300038415
L: 0.50, u_super: 0.00607, sec: 337.729, prod: 0.137227, t_ads: 32.0, t_des: 28.6, bed_util_ads: 0.500, bed_util_des: 0.499, des_th: 0.4995040869468857,frac_lost: 0.101, li_recovered:  8.308, time: 0.013675082000190741
L: 0.50, u_super: 0.00173, sec: 95.522, prod: 0.037276, t_ads: 110.3, t_des: 114.8, bed_util_ads: 0.474, bed_util_des: 0.473, des_th: 0.4727046215958284,frac_lost: 0.101, li_recovered:  8.390, time: 0.013555845000155387
L: 0.50, u_super: 0.00560, sec: 310.435, prod: 0.126500, t_ads: 34.7, t_des: 31.0, bed_util_ads: 0.500, bed_util_des: 0.500, des_th: 0.4997136530735926,frac_lost: 0.103, li_recovered:  8.303, time: 0.01215982300163887
L: 0.50, u_super: 0.00798, sec: 453.195, prod: 0.181052, t_ads: 24.3, t_des: 22.3, bed_util_ads: 0.498, bed_util_des: 0.498, des_th: 0.4982083481343176,frac_lost: 0.101, li_recovered:  8.435, time: 0.012580466000144952
L: 0.50, u_super: 0.00010 — INFEASIBLE (li_recovered=0.000e+00), time: 0.003399564999199356
L: 0.50, u_super: 0.00558, sec: 313.281, prod: 0.124230, t_ads: 34.8, t_des: 34.5, bed_util_ads: 0.487, bed_util_des: 0.486, des_th: 0.4863262040463214,frac_lost: 0.102, li_recovered:  8.607, time: 0.015094923001015559
L: 46.57, u_super: 0.00131 — INFEASIBLE (li_recovered=0.000e+00), time: 0.0021469530001922976
L: 0.50, u_super: 0.00133, sec: 74.275, prod: 0.028290, t_ads: 142.2, t_des: 117.7, bed_util_ads: 0.499, bed_util_des: 0.499, des_th: 0.4987895457834581,frac_lost: 0.104, li_recovered:  7.355, time: 0.018087224998453166
   787 |    31480 |     40 |  0.0057644227 |             f
L: 15.27, u_super: 0.00005 — INFEASIBLE (li_recovered=0.000e+00), time: 0.0032476929991389625
L: 0.50, u_super: 0.00235, sec: 127.712, prod: 0.051900, t_ads: 82.2, t_des: 71.1, bed_util_ads: 0.500, bed_util_des: 0.500, des_th: 0.49962072358419535,frac_lost: 0.108, li_recovered:  7.958, time: 0.014128559998425771
L: 0.50, u_super: 0.00692, sec: 389.592, prod: 0.156320, t_ads: 28.3, t_des: 25.3, bed_util_ads: 0.499, bed_util_des: 0.499, des_th: 0.49931302904268493,frac_lost: 0.107, li_recovered:  8.377, time: 0.012524094001491903
L: 0.50, u_super: 0.00689, sec: 386.350, prod: 0.156086, t_ads: 28.2, t_des: 25.7, bed_util_ads: 0.498, bed_util_des: 0.498, des_th: 0.4979908236611913,frac_lost: 0.101, li_recovered:  8.415, time: 0.010976699999446282
L: 31.79, u_super: 0.00387 — INFEASIBLE (li_recovered=0.000e+00), time: 0.0035499490004440304
L: 0.50, u_super: 0.00302, sec: 168.116, prod: 0.065366, t_ads: 64.4, t_des: 66.5, bed_util_ads: 0.479, bed_util_des: 0.478, des_th: 0.47779833722336945,frac_lost: 0.107, li_recovered:  8.556, time: 0.012805901000319864
L: 0.50, u_super: 0.00925, sec: 542.807, prod: 0.206354, t_ads: 21.2, t_des: 20.8, bed_util_ads: 0.490, bed_util_des: 0.489, des_th: 0.4893226830231915,frac_lost: 0.106, li_recovered:  8.656, time: 0.011489943999549723
L: 0.50, u_super: 0.00977, sec: 567.978, prod: 0.221477, t_ads: 20.0, t_des: 18.2, bed_util_ads: 0.500, bed_util_des: 0.500, des_th: 0.4996085416048969,frac_lost: 0.105, li_recovered:  8.451, time: 0.013867874000425218
L: 0.50, u_super: 0.00764, sec: 432.572, prod: 0.173233, t_ads: 25.4, t_des: 23.5, bed_util_ads: 0.497, bed_util_des: 0.496, des_th: 0.4964673786674445,frac_lost: 0.101, li_recovered:  8.479, time: 0.011546477000592859
L: 0.50, u_super: 0.00642, sec: 358.686, prod: 0.145325, t_ads: 30.3, t_des: 27.3, bed_util_ads: 0.498, bed_util_des: 0.498, des_th: 0.4982083481343176,frac_lost: 0.103, li_recovered:  8.369, time: 0.0128117869990092
L: 0.50, u_super: 0.00938, sec: 607.682, prod: 0.189910, t_ads: 20.8, t_des: 25.1, bed_util_ads: 0.463, bed_util_des: 0.462, des_th: 0.4624079882570322,frac_lost: 0.103, li_recovered:  8.714, time: 0.01094585300052131
L: 0.50, u_super: 0.00295, sec: 158.991, prod: 0.066225, t_ads: 65.2, t_des: 60.2, bed_util_ads: 0.494, bed_util_des: 0.493, des_th: 0.49326068096758646,frac_lost: 0.101, li_recovered:  8.304, time: 0.013989191998916795
L: 0.50, u_super: 0.00717, sec: 405.357, prod: 0.161975, t_ads: 27.3, t_des: 24.4, bed_util_ads: 0.500, bed_util_des: 0.500, des_th: 0.49963800172220163,frac_lost: 0.108, li_recovered:  8.383, time: 0.01290655899902049
L: 13.85, u_super: 0.00364 — INFEASIBLE (li_recovered=0.000e+00), time: 0.0043089179998787586
L: 16.46, u_super: 0.00846 — INFEASIBLE (li_recovered=0.000e+00), time: 0.005686927001079312
L: 0.50, u_super: 0.00103 — INFEASIBLE (li_recovered=0.000e+00), time: 0.009682055000666878
L: 0.50, u_super: 0.00844, sec: 483.106, prod: 0.191038, t_ads: 23.2, t_des: 21.0, bed_util_ads: 0.498, bed_util_des: 0.498, des_th: 0.4982083481343176,frac_lost: 0.105, li_recovered:  8.443, time: 0.013873363999664434
L: 0.50, u_super: 0.00012, sec: 18.433, prod: 0.000923, t_ads: 1682.3, t_des: 7913.5, bed_util_ads: 0.227, bed_util_des: 0.139, des_th: 0.13919880617743802,frac_lost: 0.103, li_recovered:  8.859, time: 0.03789435699945898
L: 0.50, u_super: 0.00987, sec: 575.984, prod: 0.223403, t_ads: 19.9, t_des: 18.0, bed_util_ads: 0.500, bed_util_des: 0.499, des_th: 0.49941800771673645,frac_lost: 0.108, li_recovered:  8.453, time: 0.014375585000379942
L: 0.50, u_super: 0.00392, sec: 224.238, prod: 0.083708, t_ads: 49.6, t_des: 53.3, bed_util_ads: 0.475, bed_util_des: 0.474, des_th: 0.4743757822014271,frac_lost: 0.105, li_recovered:  8.617, time: 0.014271400999859907
L: 0.50, u_super: 0.00644, sec: 359.670, prod: 0.145735, t_ads: 30.2, t_des: 27.2, bed_util_ads: 0.499, bed_util_des: 0.498, des_th: 0.49838920726038494,frac_lost: 0.102, li_recovered:  8.366, time: 0.012329572000453481
L: 0.50, u_super: 0.00201, sec: 109.056, prod: 0.044224, t_ads: 95.8, t_des: 83.2, bed_util_ads: 0.498, bed_util_des: 0.498, des_th: 0.49796787338957815,frac_lost: 0.107, li_recovered:  7.918, time: 0.011004949001289788
L: 0.50, u_super: 0.00437, sec: 285.313, prod: 0.082234, t_ads: 44.4, t_des: 60.8, bed_util_ads: 0.445, bed_util_des: 0.444, des_th: 0.44379045224445696,frac_lost: 0.101, li_recovered:  8.652, time: 0.014987575001214282
L: 0.89, u_super: 0.00245 — INFEASIBLE (li_recovered=0.000e+00), time: 0.004210057999443961
L: 0.50, u_super: 0.00220, sec: 119.876, prod: 0.048408, t_ads: 87.5, t_des: 75.0, bed_util_ads: 0.500, bed_util_des: 0.500, des_th: 0.49972578718558386,frac_lost: 0.106, li_recovered:  7.866, time: 0.012833191000027
L: 0.50, u_super: 0.00208, sec: 112.048, prod: 0.046187, t_ads: 92.6, t_des: 85.7, bed_util_ads: 0.490, bed_util_des: 0.489, des_th: 0.4893656988894538,frac_lost: 0.107, li_recovered:  8.237, time: 0.010258618000079878
L: 0.50, u_super: 0.00988, sec: 575.335, prod: 0.224288, t_ads: 19.7, t_des: 17.9, bed_util_ads: 0.500, bed_util_des: 0.499, des_th: 0.4994137309223438,frac_lost: 0.104, li_recovered:  8.450, time: 0.012590428999828873
L: 25.06, u_super: 0.00075 — INFEASIBLE (li_recovered=0.000e+00), time: 0.001788804000170785
L: 0.50, u_super: 0.00012, sec: 11.016, prod: 0.001525, t_ads: 1529.0, t_des: 3379.1, bed_util_ads: 0.286, bed_util_des: 0.229, des_th: 0.22861463373549681,frac_lost: 0.101, li_recovered:  7.487, time: 0.020839409000473097
L: 0.50, u_super: 0.00842, sec: 552.370, prod: 0.166360, t_ads: 23.2, t_des: 29.2, bed_util_ads: 0.458, bed_util_des: 0.458, des_th: 0.4576543745453897,frac_lost: 0.104, li_recovered:  8.710, time: 0.013039973000559257
L: 0.50, u_super: 0.00785, sec: 447.146, prod: 0.177253, t_ads: 25.0, t_des: 22.9, bed_util_ads: 0.498, bed_util_des: 0.498, des_th: 0.49796758054330265,frac_lost: 0.109, li_recovered:  8.490, time: 0.014908259001458646
L: 0.50, u_super: 0.00205, sec: 111.594, prod: 0.044894, t_ads: 93.3, t_des: 79.8, bed_util_ads: 0.500, bed_util_des: 0.500, des_th: 0.49972335597036716,frac_lost: 0.101, li_recovered:  7.767, time: 0.010424961999888183
L: 0.50, u_super: 0.00492, sec: 289.263, prod: 0.103755, t_ads: 39.4, t_des: 43.9, bed_util_ads: 0.472, bed_util_des: 0.471, des_th: 0.47125269135286274,frac_lost: 0.102, li_recovered:  8.650, time: 0.012822331000279519
L: 0.50, u_super: 0.00728, sec: 500.642, prod: 0.135086, t_ads: 26.9, t_des: 37.6, bed_util_ads: 0.444, bed_util_des: 0.443, des_th: 0.4433554979402368,frac_lost: 0.106, li_recovered:  8.707, time: 0.01869929900021816
L: 0.50, u_super: 0.00990, sec: 579.638, prod: 0.223404, t_ads: 19.7, t_des: 18.7, bed_util_ads: 0.493, bed_util_des: 0.493, des_th: 0.49315817455286115,frac_lost: 0.105, li_recovered:  8.594, time: 0.015864556000451557
L: 0.50, u_super: 0.00643, sec: 359.011, prod: 0.145729, t_ads: 30.1, t_des: 27.3, bed_util_ads: 0.498, bed_util_des: 0.498, des_th: 0.49798162877390434,frac_lost: 0.100, li_recovered:  8.363, time: 0.010066511000331957
L: 0.50, u_super: 0.00268, sec: 1139.747, prod: 0.007593, t_ads: 73.3, t_des: 1084.4, bed_util_ads: 0.194, bed_util_des: 0.184, des_th: 0.18449041379771883,frac_lost: 0.105, li_recovered:  8.791, time: 0.09103171400056453
L: 67.14, u_super: 0.00188 — INFEASIBLE (li_recovered=0.000e+00), time: 0.0024647019999974873
L: 26.16, u_super: 0.00850 — INFEASIBLE (li_recovered=0.000e+00), time: 0.005456127999423188
L: 0.50, u_super: 0.00005 — INFEASIBLE (li_recovered=0.000e+00), time: 0.002636895000250661
   788 |    31520 |     40 |  0.0002945966 |             f
L: 0.50, u_super: 0.00225, sec: 121.788, prod: 0.049498, t_ads: 85.2, t_des: 73.6, bed_util_ads: 0.499, bed_util_des: 0.499, des_th: 0.49925008599718007,frac_lost: 0.100, li_recovered:  7.863, time: 0.013402118000158225
L: 0.50, u_super: 0.00986, sec: 574.734, prod: 0.223351, t_ads: 19.9, t_des: 18.0, bed_util_ads: 0.500, bed_util_des: 0.499, des_th: 0.49941800771673645,frac_lost: 0.107, li_recovered:  8.459, time: 0.011551351999514736
L: 0.50, u_super: 0.00043 — INFEASIBLE (li_recovered=0.000e+00), time: 0.006031491000612732
L: 0.50, u_super: 0.00645, sec: 359.940, prod: 0.145896, t_ads: 30.1, t_des: 27.3, bed_util_ads: 0.499, bed_util_des: 0.498, des_th: 0.4984057231032796,frac_lost: 0.102, li_recovered:  8.374, time: 0.012978745000509662
L: 0.50, u_super: 0.00283, sec: 152.445, prod: 0.063292, t_ads: 68.1, t_des: 61.5, bed_util_ads: 0.495, bed_util_des: 0.495, des_th: 0.4951027823855357,frac_lost: 0.102, li_recovered:  8.204, time: 0.012789365000571706
L: 0.50, u_super: 0.00375, sec: 204.056, prod: 0.084125, t_ads: 51.9, t_des: 46.4, bed_util_ads: 0.498, bed_util_des: 0.498, des_th: 0.4982021661213656,frac_lost: 0.107, li_recovered:  8.271, time: 0.01740688800055068
L: 0.50, u_super: 0.00927, sec: 536.701, prod: 0.210065, t_ads: 21.1, t_des: 19.3, bed_util_ads: 0.499, bed_util_des: 0.498, des_th: 0.49839690828920996,frac_lost: 0.106, li_recovered:  8.480, time: 0.01260368700059189
L: 0.50, u_super: 0.00607, sec: 337.582, prod: 0.137287, t_ads: 31.9, t_des: 28.6, bed_util_ads: 0.500, bed_util_des: 0.499, des_th: 0.49950102241845845,frac_lost: 0.101, li_recovered:  8.312, time: 0.01212766900061979
L: 8.06, u_super: 0.00177 — INFEASIBLE (li_recovered=0.000e+00), time: 0.004026803999295225
L: 0.50, u_super: 0.00328, sec: 177.962, prod: 0.073242, t_ads: 58.9, t_des: 51.6, bed_util_ads: 0.500, bed_util_des: 0.500, des_th: 0.4999521074549784,frac_lost: 0.102, li_recovered:  8.093, time: 0.01236923499891418
L: 0.50, u_super: 0.00509, sec: 280.247, prod: 0.114754, t_ads: 38.2, t_des: 34.1, bed_util_ads: 0.500, bed_util_des: 0.499, des_th: 0.49945551060565624,frac_lost: 0.103, li_recovered:  8.297, time: 0.01081547200010391
L: 0.50, u_super: 0.00788, sec: 447.231, prod: 0.178789, t_ads: 24.6, t_des: 22.5, bed_util_ads: 0.499, bed_util_des: 0.498, des_th: 0.4984057231032796,frac_lost: 0.101, li_recovered:  8.436, time: 0.01289967400043679
L: 0.50, u_super: 0.00197, sec: 107.601, prod: 0.043127, t_ads: 96.9, t_des: 82.6, bed_util_ads: 0.500, bed_util_des: 0.500, des_th: 0.499569163231004,frac_lost: 0.102, li_recovered:  7.744, time: 0.009476420000282815
L: 0.50, u_super: 0.00925, sec: 534.766, prod: 0.209457, t_ads: 21.1, t_des: 19.0, bed_util_ads: 0.500, bed_util_des: 0.500, des_th: 0.4995329283878084,frac_lost: 0.105, li_recovered:  8.408, time: 0.010654041998350294
L: 24.37, u_super: 0.00005 — INFEASIBLE (li_recovered=0.000e+00), time: 0.0017655939991527703
L: 0.50, u_super: 0.00728, sec: 411.737, prod: 0.164366, t_ads: 26.9, t_des: 24.1, bed_util_ads: 0.500, bed_util_des: 0.500, des_th: 0.49963866479763225,frac_lost: 0.108, li_recovered:  8.381, time: 0.013007331999688176
L: 0.50, u_super: 0.00850, sec: 487.503, prod: 0.192570, t_ads: 23.0, t_des: 20.8, bed_util_ads: 0.500, bed_util_des: 0.500, des_th: 0.4996870486339089,frac_lost: 0.106, li_recovered:  8.435, time: 0.012239200001204154
L: 0.50, u_super: 0.00076, sec: 42.148, prod: 0.016003, t_ads: 245.1, t_des: 224.0, bed_util_ads: 0.479, bed_util_des: 0.478, des_th: 0.4778973353319005,frac_lost: 0.105, li_recovered:  7.507, time: 0.0104214540006069
L: 21.94, u_super: 0.00471 — INFEASIBLE (li_recovered=0.000e+00), time: 0.004177218999757315
L: 0.50, u_super: 0.00803, sec: 458.091, prod: 0.181393, t_ads: 24.4, t_des: 22.1, bed_util_ads: 0.500, bed_util_des: 0.500, des_th: 0.4996017357025339,frac_lost: 0.109, li_recovered:  8.449, time: 0.010764986000140198
L: 0.50, u_super: 0.00927, sec: 536.265, prod: 0.210214, t_ads: 21.1, t_des: 19.1, bed_util_ads: 0.500, bed_util_des: 0.499, des_th: 0.4995095935213414,frac_lost: 0.105, li_recovered:  8.449, time: 0.010350553999160184
L: 0.50, u_super: 0.00405, sec: 235.574, prod: 0.085050, t_ads: 48.1, t_des: 53.4, bed_util_ads: 0.471, bed_util_des: 0.471, des_th: 0.4707377649753079,frac_lost: 0.105, li_recovered:  8.628, time: 0.014534252000885317
L: 0.50, u_super: 0.00679, sec: 381.597, prod: 0.153241, t_ads: 28.8, t_des: 26.2, bed_util_ads: 0.498, bed_util_des: 0.498, des_th: 0.4982083481343176,frac_lost: 0.108, li_recovered:  8.436, time: 0.009855308000624063
L: 0.50, u_super: 0.00088 — INFEASIBLE (li_recovered=0.000e+00), time: 0.009867470000244793
L: 0.50, u_super: 0.00862, sec: 495.191, prod: 0.194940, t_ads: 22.7, t_des: 20.8, bed_util_ads: 0.498, bed_util_des: 0.498, des_th: 0.4979737625562546,frac_lost: 0.107, li_recovered:  8.489, time: 0.013679472000148962
L: 13.81, u_super: 0.00789 — INFEASIBLE (li_recovered=0.000e+00), time: 0.004332099000748713
L: 0.50, u_super: 0.00518, sec: 303.325, prod: 0.109969, t_ads: 37.4, t_des: 41.3, bed_util_ads: 0.473, bed_util_des: 0.473, des_th: 0.47287894207817605,frac_lost: 0.101, li_recovered:  8.654, time: 0.013423429998510983
L: 0.50, u_super: 0.00509, sec: 280.224, prod: 0.114763, t_ads: 38.1, t_des: 34.1, bed_util_ads: 0.500, bed_util_des: 0.500, des_th: 0.4996561903645162,frac_lost: 0.103, li_recovered:  8.287, time: 0.013523104000341846
L: 53.97, u_super: 0.00154 — INFEASIBLE (li_recovered=0.000e+00), time: 0.003471018999334774
L: 0.50, u_super: 0.00065, sec: 151.235, prod: 0.003247, t_ads: 305.7, t_des: 2394.8, bed_util_ads: 0.233, bed_util_des: 0.202, des_th: 0.20235241423963712,frac_lost: 0.106, li_recovered:  8.767, time: 0.050128931001381716
L: 0.50, u_super: 0.00222, sec: 124.664, prod: 0.047388, t_ads: 86.8, t_des: 92.4, bed_util_ads: 0.473, bed_util_des: 0.472, des_th: 0.47154194006746775,frac_lost: 0.105, li_recovered:  8.494, time: 0.015493270000661141
L: 0.50, u_super: 0.00961, sec: 557.936, prod: 0.217823, t_ads: 20.3, t_des: 18.5, bed_util_ads: 0.498, bed_util_des: 0.498, des_th: 0.49832760604340864,frac_lost: 0.105, li_recovered:  8.452, time: 0.012516254999354715
L: 0.50, u_super: 0.00399, sec: 217.568, prod: 0.089726, t_ads: 48.6, t_des: 43.5, bed_util_ads: 0.498, bed_util_des: 0.498, des_th: 0.49796758054330265,frac_lost: 0.105, li_recovered:  8.260, time: 0.013966693999464042
L: 11.34, u_super: 0.00988 — INFEASIBLE (li_recovered=0.000e+00), time: 0.006882372999825748
L: 0.50, u_super: 0.00823, sec: 470.888, prod: 0.186301, t_ads: 23.8, t_des: 21.6, bed_util_ads: 0.499, bed_util_des: 0.499, des_th: 0.49925008599718007,frac_lost: 0.107, li_recovered:  8.448, time: 0.012548894999781623
L: 0.50, u_super: 0.00115, sec: 64.953, prod: 0.024117, t_ads: 164.5, t_des: 134.4, bed_util_ads: 0.499, bed_util_des: 0.498, des_th: 0.4985673456517253,frac_lost: 0.107, li_recovered:  7.208, time: 0.014961241999117192
L: 36.79, u_super: 0.00319 — INFEASIBLE (li_recovered=0.000e+00), time: 0.0027106569996249164
L: 0.50, u_super: 0.00963, sec: 559.766, prod: 0.218250, t_ads: 20.3, t_des: 18.6, bed_util_ads: 0.498, bed_util_des: 0.498, des_th: 0.4983509437579402,frac_lost: 0.106, li_recovered:  8.490, time: 0.012724206999337184
L: 15.78, u_super: 0.00103 — INFEASIBLE (li_recovered=0.000e+00), time: 0.002005610998821794
L: 0.50, u_super: 0.00016, sec: 16.732, prod: 0.001828, t_ads: 1176.4, t_des: 3199.1, bed_util_ads: 0.285, bed_util_des: 0.229, des_th: 0.22861463373549681,frac_lost: 0.105, li_recovered:  7.998, time: 0.027267859999483335
   789 |    31560 |     40 |  0.0025511009 |             f
L: 0.50, u_super: 0.00329, sec: 178.452, prod: 0.073353, t_ads: 59.2, t_des: 52.2, bed_util_ads: 0.500, bed_util_des: 0.499, des_th: 0.4995058820840698,frac_lost: 0.108, li_recovered:  8.170, time: 0.013028599001700059
L: 17.69, u_super: 0.00608 — INFEASIBLE (li_recovered=0.000e+00), time: 0.0037675379990105284
L: 0.50, u_super: 0.00708, sec: 399.731, prod: 0.159908, t_ads: 27.7, t_des: 24.8, bed_util_ads: 0.500, bed_util_des: 0.500, des_th: 0.499863475047612,frac_lost: 0.108, li_recovered:  8.380, time: 0.012953419000041322
L: 0.50, u_super: 0.00842, sec: 482.605, prod: 0.190512, t_ads: 23.2, t_des: 20.8, bed_util_ads: 0.500, bed_util_des: 0.500, des_th: 0.4998103823962476,frac_lost: 0.107, li_recovered:  8.397, time: 0.014317196000774857
L: 0.50, u_super: 0.00373, sec: 202.823, prod: 0.083602, t_ads: 52.2, t_des: 46.8, bed_util_ads: 0.498, bed_util_des: 0.498, des_th: 0.4979791678898448,frac_lost: 0.108, li_recovered:  8.278, time: 0.013133061000189628
L: 0.50, u_super: 0.00849, sec: 4352.975, prod: 0.021475, t_ads: 23.1, t_des: 385.8, bed_util_ads: 0.188, bed_util_des: 0.185, des_th: 0.1851696623157332,frac_lost: 0.105, li_recovered:  8.783, time: 0.11985343699961959
L: 0.50, u_super: 0.00177, sec: 95.938, prod: 0.038612, t_ads: 108.3, t_des: 93.6, bed_util_ads: 0.498, bed_util_des: 0.497, des_th: 0.49733054037489155,frac_lost: 0.103, li_recovered:  7.795, time: 0.01233725800011598
L: 0.50, u_super: 0.00245, sec: 139.043, prod: 0.051562, t_ads: 78.9, t_des: 86.5, bed_util_ads: 0.470, bed_util_des: 0.469, des_th: 0.46908564514244333,frac_lost: 0.103, li_recovered:  8.525, time: 0.014219998998669325
L: 0.50, u_super: 0.00931, sec: 538.527, prod: 0.211191, t_ads: 21.0, t_des: 19.0, bed_util_ads: 0.500, bed_util_des: 0.499, des_th: 0.49941800771673645,frac_lost: 0.104, li_recovered:  8.447, time: 0.010704948999773478
L: 0.50, u_super: 0.00492, sec: 296.685, prod: 0.101159, t_ads: 39.4, t_des: 46.2, bed_util_ads: 0.466, bed_util_des: 0.465, des_th: 0.4648831810170895,frac_lost: 0.101, li_recovered:  8.654, time: 0.016889360998902703
L: 0.50, u_super: 0.00456, sec: 249.499, prod: 0.102732, t_ads: 42.6, t_des: 38.5, bed_util_ads: 0.497, bed_util_des: 0.497, des_th: 0.49687703923732146,frac_lost: 0.104, li_recovered:  8.332, time: 0.014458489000389818
L: 0.50, u_super: 0.00620, sec: 346.207, prod: 0.139902, t_ads: 31.5, t_des: 28.3, bed_util_ads: 0.500, bed_util_des: 0.500, des_th: 0.49971652667353056,frac_lost: 0.107, li_recovered:  8.374, time: 0.013336072999663884
L: 0.50, u_super: 0.00439, sec: 243.982, prod: 0.097217, t_ads: 44.4, t_des: 43.9, bed_util_ads: 0.487, bed_util_des: 0.486, des_th: 0.4862378148221487,frac_lost: 0.107, li_recovered:  8.585, time: 0.014562156999090803
L: 0.50, u_super: 0.00183, sec: 98.335, prod: 0.040352, t_ads: 105.5, t_des: 97.5, bed_util_ads: 0.490, bed_util_des: 0.489, des_th: 0.4893656988894538,frac_lost: 0.108, li_recovered:  8.189, time: 0.013453905999995186
L: 0.50, u_super: 0.00978, sec: 568.681, prod: 0.222073, t_ads: 19.9, t_des: 17.9, bed_util_ads: 0.500, bed_util_des: 0.500, des_th: 0.49997879154705543,frac_lost: 0.102, li_recovered:  8.394, time: 0.016275271998893004
L: 0.50, u_super: 0.00957, sec: 555.344, prod: 0.216979, t_ads: 20.4, t_des: 18.5, bed_util_ads: 0.498, bed_util_des: 0.498, des_th: 0.4983509437579402,frac_lost: 0.105, li_recovered:  8.449, time: 0.015333583998653921
L: 0.50, u_super: 0.00245, sec: 131.455, prod: 0.054538, t_ads: 78.7, t_des: 73.5, bed_util_ads: 0.490, bed_util_des: 0.489, des_th: 0.4893217111703405,frac_lost: 0.103, li_recovered:  8.302, time: 0.012806807999368175
L: 0.50, u_super: 0.00005, sec: 4.369, prod: 0.000663, t_ads: 3266.2, t_des: 5219.9, bed_util_ads: 0.255, bed_util_des: 0.197, des_th: 0.19650607846910154,frac_lost: 0.101, li_recovered:  5.623, time: 0.016752182998970966
L: 23.44, u_super: 0.00492 — INFEASIBLE (li_recovered=0.000e+00), time: 0.0039187740003399085
L: 0.50, u_super: 0.00124, sec: 67.239, prod: 0.026988, t_ads: 152.5, t_des: 148.6, bed_util_ads: 0.479, bed_util_des: 0.477, des_th: 0.4774804643230291,frac_lost: 0.101, li_recovered:  8.127, time: 0.016644302999338834
L: 0.50, u_super: 0.00162, sec: 87.017, prod: 0.035608, t_ads: 117.9, t_des: 112.6, bed_util_ads: 0.483, bed_util_des: 0.483, des_th: 0.4825649489880367,frac_lost: 0.101, li_recovered:  8.208, time: 0.013579581998783397
L: 0.50, u_super: 0.00035 — INFEASIBLE (li_recovered=0.000e+00), time: 0.005745683998611639
L: 0.50, u_super: 0.00514, sec: 283.392, prod: 0.116022, t_ads: 37.8, t_des: 33.8, bed_util_ads: 0.500, bed_util_des: 0.500, des_th: 0.4996531258360889,frac_lost: 0.103, li_recovered:  8.299, time: 0.013697200000024168
L: 0.50, u_super: 0.00660, sec: 401.351, prod: 0.137361, t_ads: 29.6, t_des: 33.6, bed_util_ads: 0.470, bed_util_des: 0.469, des_th: 0.46948577629474403,frac_lost: 0.107, li_recovered:  8.689, time: 0.014127278998785187
L: 0.50, u_super: 0.00444, sec: 243.133, prod: 0.099778, t_ads: 43.9, t_des: 39.1, bed_util_ads: 0.500, bed_util_des: 0.500, des_th: 0.4996659418459925,frac_lost: 0.106, li_recovered:  8.272, time: 0.014514106000206084
L: 7.13, u_super: 0.00824 — INFEASIBLE (li_recovered=0.000e+00), time: 0.0111501639985363
L: 0.50, u_super: 0.00116, sec: 63.055, prod: 0.025086, t_ads: 163.7, t_des: 159.6, bed_util_ads: 0.478, bed_util_des: 0.477, des_th: 0.4770000795427468,frac_lost: 0.104, li_recovered:  8.108, time: 0.013029029998506303
L: 0.50, u_super: 0.00803, sec: 501.159, prod: 0.165805, t_ads: 24.3, t_des: 28.2, bed_util_ads: 0.468, bed_util_des: 0.468, des_th: 0.4675689939272328,frac_lost: 0.104, li_recovered:  8.703, time: 0.021384174999184324
L: 0.50, u_super: 0.00510, sec: 281.260, prod: 0.115034, t_ads: 38.1, t_des: 34.1, bed_util_ads: 0.500, bed_util_des: 0.500, des_th: 0.4996531258360889,frac_lost: 0.105, li_recovered:  8.304, time: 0.011418086000048788
L: 15.35, u_super: 0.00370 — INFEASIBLE (li_recovered=0.000e+00), time: 0.003830535000815871
L: 0.50, u_super: 0.00197, sec: 107.478, prod: 0.043176, t_ads: 96.7, t_des: 82.7, bed_util_ads: 0.500, bed_util_des: 0.500, des_th: 0.4995791622102862,frac_lost: 0.100, li_recovered:  7.746, time: 0.0144888640006684
L: 0.50, u_super: 0.00219, sec: 118.710, prod: 0.048012, t_ads: 88.2, t_des: 75.8, bed_util_ads: 0.500, bed_util_des: 0.500, des_th: 0.49999590623083584,frac_lost: 0.106, li_recovered:  7.877, time: 0.012157528999523493
L: 0.50, u_super: 0.00375, sec: 203.972, prod: 0.084044, t_ads: 51.5, t_des: 45.4, bed_util_ads: 0.500, bed_util_des: 0.500, des_th: 0.499771142550978,frac_lost: 0.101, li_recovered:  8.138, time: 0.014288018999650376
L: 0.50, u_super: 0.00462, sec: 260.208, prod: 0.101326, t_ads: 42.1, t_des: 43.0, bed_util_ads: 0.483, bed_util_des: 0.482, des_th: 0.4823511823928354,frac_lost: 0.104, li_recovered:  8.618, time: 0.017513996001071064
L: 0.50, u_super: 0.00308, sec: 167.071, prod: 0.068791, t_ads: 62.6, t_des: 55.0, bed_util_ads: 0.499, bed_util_des: 0.499, des_th: 0.4985048216384439,frac_lost: 0.102, li_recovered:  8.085, time: 0.014704696999615408
L: 0.50, u_super: 0.00764, sec: 432.357, prod: 0.173144, t_ads: 25.4, t_des: 23.0, bed_util_ads: 0.499, bed_util_des: 0.499, des_th: 0.49919894369260176,frac_lost: 0.101, li_recovered:  8.381, time: 0.008311756999319186
L: 0.50, u_super: 0.00890, sec: 512.542, prod: 0.201437, t_ads: 22.0, t_des: 19.9, bed_util_ads: 0.500, bed_util_des: 0.500, des_th: 0.4996017357025339,frac_lost: 0.107, li_recovered:  8.447, time: 0.012558106000142288
L: 0.50, u_super: 0.00157, sec: 85.679, prod: 0.034244, t_ads: 121.6, t_des: 105.2, bed_util_ads: 0.497, bed_util_des: 0.496, des_th: 0.4964744049469303,frac_lost: 0.106, li_recovered:  7.765, time: 0.0138767780008493
L: 0.50, u_super: 0.00051, sec: 142.674, prod: 0.002153, t_ads: 385.7, t_des: 3710.4, bed_util_ads: 0.211, bed_util_des: 0.172, des_th: 0.1722547550821817,frac_lost: 0.100, li_recovered:  8.818, time: 0.05903491899880464
L: 0.50, u_super: 0.00717, sec: 405.126, prod: 0.162108, t_ads: 27.3, t_des: 24.5, bed_util_ads: 0.500, bed_util_des: 0.500, des_th: 0.4995528983849573,frac_lost: 0.107, li_recovered:  8.392, time: 0.01605757499964966
   790 |    31600 |     40 |  0.0034728257 |             f
L: 0.50, u_super: 0.00833, sec: 476.915, prod: 0.188380, t_ads: 23.5, t_des: 21.1, bed_util_ads: 0.500, bed_util_des: 0.500, des_th: 0.4995438116184859,frac_lost: 0.107, li_recovered:  8.403, time: 0.01330871299978753
L: 0.50, u_super: 0.00425, sec: 231.970, prod: 0.095620, t_ads: 45.6, t_des: 40.9, bed_util_ads: 0.499, bed_util_des: 0.498, des_th: 0.49834452300496307,frac_lost: 0.104, li_recovered:  8.276, time: 0.013042062000749866
L: 24.56, u_super: 0.00464 — INFEASIBLE (li_recovered=0.000e+00), time: 0.004541086000244832
L: 0.50, u_super: 0.00232, sec: 126.107, prod: 0.051047, t_ads: 83.1, t_des: 71.3, bed_util_ads: 0.500, bed_util_des: 0.500, des_th: 0.4998202411705184,frac_lost: 0.105, li_recovered:  7.884, time: 0.015139574999921024
L: 0.50, u_super: 0.00310, sec: 167.757, prod: 0.069216, t_ads: 62.2, t_des: 54.8, bed_util_ads: 0.499, bed_util_des: 0.499, des_th: 0.49858890250477733,frac_lost: 0.101, li_recovered:  8.093, time: 0.01341092300026503
L: 0.50, u_super: 0.00585, sec: 324.528, prod: 0.132070, t_ads: 33.2, t_des: 29.7, bed_util_ads: 0.500, bed_util_des: 0.500, des_th: 0.4996021144048794,frac_lost: 0.102, li_recovered:  8.312, time: 0.012269265998838819
L: 0.50, u_super: 0.00824, sec: 471.004, prod: 0.186397, t_ads: 23.8, t_des: 21.5, bed_util_ads: 0.500, bed_util_des: 0.499, des_th: 0.4995032948653655,frac_lost: 0.107, li_recovered:  8.440, time: 0.010417749001135235
L: 0.50, u_super: 0.00746, sec: 421.273, prod: 0.169135, t_ads: 26.0, t_des: 23.8, bed_util_ads: 0.497, bed_util_des: 0.497, des_th: 0.49691796791273535,frac_lost: 0.101, li_recovered:  8.430, time: 0.013426385999991908
L: 0.50, u_super: 0.00426, sec: 1828.656, prod: 0.012193, t_ads: 46.0, t_des: 674.3, bed_util_ads: 0.197, bed_util_des: 0.191, des_th: 0.1905995142906953,frac_lost: 0.103, li_recovered:  8.782, time: 0.0820202060003794
L: 0.50, u_super: 0.00644, sec: 359.379, prod: 0.145705, t_ads: 30.2, t_des: 27.2, bed_util_ads: 0.499, bed_util_des: 0.498, des_th: 0.4984068279922582,frac_lost: 0.102, li_recovered:  8.364, time: 0.01708826100002625
L: 0.50, u_super: 0.00954, sec: 553.891, prod: 0.216243, t_ads: 20.5, t_des: 18.8, bed_util_ads: 0.498, bed_util_des: 0.498, des_th: 0.4982108238781182,frac_lost: 0.105, li_recovered:  8.487, time: 0.01125516599859111
L: 0.50, u_super: 0.00497, sec: 273.696, prod: 0.111894, t_ads: 39.2, t_des: 34.9, bed_util_ads: 0.500, bed_util_des: 0.500, des_th: 0.49997613169851224,frac_lost: 0.105, li_recovered:  8.286, time: 0.010491370998352068
L: 0.50, u_super: 0.00144, sec: 79.173, prod: 0.030746, t_ads: 133.3, t_des: 137.2, bed_util_ads: 0.473, bed_util_des: 0.472, des_th: 0.47175209302050275,frac_lost: 0.105, li_recovered:  8.318, time: 0.014333760000226903
L: 0.50, u_super: 0.00607, sec: 351.488, prod: 0.131856, t_ads: 32.0, t_des: 33.7, bed_util_ads: 0.479, bed_util_des: 0.478, des_th: 0.47826459062760435,frac_lost: 0.101, li_recovered:  8.660, time: 0.013671419999809586
L: 0.50, u_super: 0.00245, sec: 131.636, prod: 0.054463, t_ads: 78.8, t_des: 74.5, bed_util_ads: 0.490, bed_util_des: 0.489, des_th: 0.48929054783437914,frac_lost: 0.103, li_recovered:  8.346, time: 0.0161011279997183
L: 0.50, u_super: 0.00417, sec: 1901.027, prod: 0.011228, t_ads: 47.0, t_des: 735.3, bed_util_ads: 0.191, bed_util_des: 0.185, des_th: 0.1851696623157332,frac_lost: 0.103, li_recovered:  8.783, time: 0.09626204400046845
L: 0.50, u_super: 0.00954, sec: 553.120, prod: 0.216259, t_ads: 20.5, t_des: 18.6, bed_util_ads: 0.499, bed_util_des: 0.498, des_th: 0.4984621977630226,frac_lost: 0.104, li_recovered:  8.447, time: 0.011059169999498408
L: 0.50, u_super: 0.00746, sec: 458.456, prod: 0.155417, t_ads: 26.2, t_des: 29.8, bed_util_ads: 0.471, bed_util_des: 0.471, des_th: 0.4706156618741437,frac_lost: 0.106, li_recovered:  8.699, time: 0.017264199999772245
L: 0.50, u_super: 0.00803, sec: 458.449, prod: 0.181251, t_ads: 24.4, t_des: 22.6, bed_util_ads: 0.497, bed_util_des: 0.497, des_th: 0.49653107288059123,frac_lost: 0.108, li_recovered:  8.524, time: 0.018064492998746573
L: 0.50, u_super: 0.00957, sec: 668.033, prod: 0.180377, t_ads: 20.4, t_des: 27.9, bed_util_ads: 0.447, bed_util_des: 0.447, des_th: 0.4465892384712062,frac_lost: 0.104, li_recovered:  8.721, time: 0.021384081001087907
L: 0.50, u_super: 0.00982, sec: 580.182, prod: 0.219387, t_ads: 19.9, t_des: 19.6, bed_util_ads: 0.490, bed_util_des: 0.489, des_th: 0.4893217111703405,frac_lost: 0.104, li_recovered:  8.659, time: 0.013562753998485277
L: 8.51, u_super: 0.00305 — INFEASIBLE (li_recovered=0.000e+00), time: 0.003606975998991402
L: 49.16, u_super: 0.00913 — INFEASIBLE (li_recovered=0.000e+00), time: 0.0030359199990925845
L: 0.50, u_super: 0.00536, sec: 295.676, prod: 0.120905, t_ads: 36.2, t_des: 32.4, bed_util_ads: 0.500, bed_util_des: 0.500, des_th: 0.4996531258360889,frac_lost: 0.102, li_recovered:  8.300, time: 0.012330419000136317
L: 0.50, u_super: 0.00091, sec: 49.740, prod: 0.019415, t_ads: 206.6, t_des: 201.6, bed_util_ads: 0.473, bed_util_des: 0.472, des_th: 0.47175209302050275,frac_lost: 0.103, li_recovered:  7.927, time: 0.011494997999761836
L: 0.50, u_super: 0.00067 — INFEASIBLE (li_recovered=0.000e+00), time: 0.011348992999046459
L: 4.77, u_super: 0.00827 — INFEASIBLE (li_recovered=0.000e+00), time: 0.005473332999827107
L: 0.50, u_super: 0.00676, sec: 379.097, prod: 0.153216, t_ads: 28.7, t_des: 25.7, bed_util_ads: 0.500, bed_util_des: 0.500, des_th: 0.49975417116428694,frac_lost: 0.100, li_recovered:  8.332, time: 0.01848940499985474
L: 0.50, u_super: 0.00987, sec: 574.628, prod: 0.223955, t_ads: 19.8, t_des: 17.9, bed_util_ads: 0.500, bed_util_des: 0.500, des_th: 0.4996531258360889,frac_lost: 0.104, li_recovered:  8.442, time: 0.010634756999934325
L: 32.41, u_super: 0.00082 — INFEASIBLE (li_recovered=0.000e+00), time: 0.002417547999357339
L: 0.50, u_super: 0.00283, sec: 153.561, prod: 0.062832, t_ads: 68.1, t_des: 59.1, bed_util_ads: 0.500, bed_util_des: 0.500, des_th: 0.4995859920863665,frac_lost: 0.103, li_recovered:  7.995, time: 0.012241533999258536
L: 0.50, u_super: 0.00392, sec: 213.760, prod: 0.087997, t_ads: 49.6, t_des: 44.3, bed_util_ads: 0.498, bed_util_des: 0.498, des_th: 0.49799169768354656,frac_lost: 0.107, li_recovered:  8.262, time: 0.015015807999589015
L: 0.50, u_super: 0.00022 — INFEASIBLE (li_recovered=0.000e+00), time: 0.006629651999901398
L: 0.50, u_super: 0.00912, sec: 526.717, prod: 0.206583, t_ads: 21.4, t_des: 19.7, bed_util_ads: 0.498, bed_util_des: 0.498, des_th: 0.4979737625562546,frac_lost: 0.105, li_recovered:  8.497, time: 0.014282976999311359
L: 0.50, u_super: 0.00103 — INFEASIBLE (li_recovered=0.000e+00), time: 0.010787831000925507
L: 14.47, u_super: 0.00890 — INFEASIBLE (li_recovered=0.000e+00), time: 0.007091891999152722
L: 0.50, u_super: 0.00746, sec: 462.827, prod: 0.153949, t_ads: 26.2, t_des: 30.3, bed_util_ads: 0.468, bed_util_des: 0.468, des_th: 0.467838413693377,frac_lost: 0.107, li_recovered:  8.700, time: 0.020473954999033595
L: 19.65, u_super: 0.00514 — INFEASIBLE (li_recovered=0.000e+00), time: 0.006351927999276086
L: 0.50, u_super: 0.00403, sec: 219.442, prod: 0.090559, t_ads: 48.3, t_des: 44.3, bed_util_ads: 0.496, bed_util_des: 0.495, des_th: 0.49526397550098217,frac_lost: 0.106, li_recovered:  8.380, time: 0.0166638740010967
L: 0.50, u_super: 0.00133, sec: 74.206, prod: 0.028237, t_ads: 142.4, t_des: 117.7, bed_util_ads: 0.500, bed_util_des: 0.499, des_th: 0.499538505195295,frac_lost: 0.104, li_recovered:  7.343, time: 0.017147829001260106
   791 |    31640 |     40 |  0.0031927852 |             f
L: 0.57, u_super: 0.00862, sec: 564.417, prod: 0.194944, t_ads: 25.8, t_des: 23.5, bed_util_ads: 0.498, bed_util_des: 0.498, des_th: 0.4979737625562546,frac_lost: 0.106, li_recovered:  9.627, time: 0.016794365999885486
L: 5.79, u_super: 0.00600, sec: 12061.871, prod: 0.043369, t_ads: 379.0, t_des: 1922.9, bed_util_ads: 0.268, bed_util_des: 0.237, des_th: 0.23665731179368102,frac_lost: 0.105, li_recovered:  99.834, time: 0.02950246499858622
L: 0.50, u_super: 0.00783, sec: 452.797, prod: 0.174275, t_ads: 24.8, t_des: 24.8, bed_util_ads: 0.486, bed_util_des: 0.486, des_th: 0.48588888070555347,frac_lost: 0.100, li_recovered:  8.651, time: 0.011622806001469144
L: 0.50, u_super: 0.00514, sec: 283.392, prod: 0.116022, t_ads: 37.8, t_des: 33.8, bed_util_ads: 0.500, bed_util_des: 0.500, des_th: 0.4996531258360889,frac_lost: 0.103, li_recovered:  8.299, time: 0.010857819999728235
L: 0.50, u_super: 0.00746, sec: 421.222, prod: 0.169156, t_ads: 26.0, t_des: 23.8, bed_util_ads: 0.497, bed_util_des: 0.497, des_th: 0.4972379816526628,frac_lost: 0.101, li_recovered:  8.427, time: 0.014662286999737262
L: 0.50, u_super: 0.00201, sec: 109.328, prod: 0.044044, t_ads: 95.9, t_des: 82.3, bed_util_ads: 0.500, bed_util_des: 0.500, des_th: 0.4996531258360889,frac_lost: 0.107, li_recovered:  7.847, time: 0.009364198000184842
L: 0.50, u_super: 0.00585, sec: 329.980, prod: 0.129888, t_ads: 33.2, t_des: 33.2, bed_util_ads: 0.486, bed_util_des: 0.485, des_th: 0.4855175250556308,frac_lost: 0.100, li_recovered:  8.621, time: 0.015616124001098797
L: 0.50, u_super: 0.00794, sec: 459.091, prod: 0.176781, t_ads: 24.7, t_des: 24.2, bed_util_ads: 0.489, bed_util_des: 0.489, des_th: 0.48882302795365357,frac_lost: 0.109, li_recovered:  8.645, time: 0.016294597000523936
L: 0.50, u_super: 0.00375, sec: 207.563, prod: 0.082472, t_ads: 51.9, t_des: 52.0, bed_util_ads: 0.484, bed_util_des: 0.484, des_th: 0.4838095982192626,frac_lost: 0.106, li_recovered:  8.572, time: 0.01939369399951829
L: 0.50, u_super: 0.00614, sec: 341.717, prod: 0.138811, t_ads: 31.6, t_des: 28.2, bed_util_ads: 0.500, bed_util_des: 0.500, des_th: 0.4996531258360889,frac_lost: 0.101, li_recovered:  8.304, time: 0.011242610000408604
L: 0.50, u_super: 0.00823, sec: 470.320, prod: 0.186209, t_ads: 23.8, t_des: 21.3, bed_util_ads: 0.500, bed_util_des: 0.500, des_th: 0.4996017357025339,frac_lost: 0.106, li_recovered:  8.389, time: 0.011943436998990364
L: 0.50, u_super: 0.00383, sec: 239.797, prod: 0.074500, t_ads: 50.8, t_des: 65.1, bed_util_ads: 0.453, bed_util_des: 0.452, des_th: 0.4519215874576218,frac_lost: 0.103, li_recovered:  8.633, time: 0.017894015998535906
L: 0.50, u_super: 0.00672, sec: 376.843, prod: 0.152213, t_ads: 28.8, t_des: 25.8, bed_util_ads: 0.500, bed_util_des: 0.500, des_th: 0.49975865198433433,frac_lost: 0.101, li_recovered:  8.319, time: 0.011619966000580462
L: 0.50, u_super: 0.00047 — INFEASIBLE (li_recovered=0.000e+00), time: 0.009056654000232811
L: 0.50, u_super: 0.00717, sec: 405.113, prod: 0.161938, t_ads: 27.3, t_des: 24.8, bed_util_ads: 0.499, bed_util_des: 0.498, des_th: 0.4983957029888462,frac_lost: 0.108, li_recovered:  8.449, time: 0.013215895000030287
L: 7.78, u_super: 0.00464 — INFEASIBLE (li_recovered=0.000e+00), time: 0.006481536000137567
L: 0.50, u_super: 0.00264, sec: 142.296, prod: 0.059032, t_ads: 72.8, t_des: 68.8, bed_util_ads: 0.490, bed_util_des: 0.489, des_th: 0.4893217111703405,frac_lost: 0.102, li_recovered:  8.359, time: 0.013589064999905531
L: 0.50, u_super: 0.00712, sec: 401.418, prod: 0.160982, t_ads: 27.4, t_des: 24.9, bed_util_ads: 0.499, bed_util_des: 0.499, des_th: 0.49912785488811523,frac_lost: 0.106, li_recovered:  8.423, time: 0.014934770999389002
L: 0.50, u_super: 0.00042 — INFEASIBLE (li_recovered=0.000e+00), time: 0.008886310000889353
L: 0.50, u_super: 0.00713, sec: 401.143, prod: 0.161639, t_ads: 27.2, t_des: 25.3, bed_util_ads: 0.497, bed_util_des: 0.496, des_th: 0.4963808195655003,frac_lost: 0.100, li_recovered:  8.478, time: 0.013498069998604478
L: 0.50, u_super: 0.00950, sec: 551.085, prod: 0.215157, t_ads: 20.6, t_des: 18.7, bed_util_ads: 0.500, bed_util_des: 0.499, des_th: 0.49941800771673645,frac_lost: 0.106, li_recovered:  8.447, time: 0.012857919999078149
L: 0.50, u_super: 0.00524, sec: 289.293, prod: 0.118292, t_ads: 37.0, t_des: 33.1, bed_util_ads: 0.500, bed_util_des: 0.500, des_th: 0.4995791622102862,frac_lost: 0.103, li_recovered:  8.290, time: 0.01398521100054495
L: 0.50, u_super: 0.00005, sec: 4.324, prod: 0.000670, t_ads: 3436.3, t_des: 5867.0, bed_util_ads: 0.253, bed_util_des: 0.185, des_th: 0.1851696623157332,frac_lost: 0.103, li_recovered:  6.229, time: 0.017835109998486587
L: 0.50, u_super: 0.00231, sec: 125.447, prod: 0.051025, t_ads: 83.5, t_des: 72.3, bed_util_ads: 0.500, bed_util_des: 0.500, des_th: 0.4996017357025339,frac_lost: 0.106, li_recovered:  7.947, time: 0.016174239999600104
L: 0.50, u_super: 0.00654, sec: 365.396, prod: 0.148156, t_ads: 29.6, t_des: 26.8, bed_util_ads: 0.499, bed_util_des: 0.498, des_th: 0.4984057231032796,frac_lost: 0.101, li_recovered:  8.370, time: 0.014161512999635306
L: 0.50, u_super: 0.00444, sec: 243.133, prod: 0.099778, t_ads: 43.9, t_des: 39.1, bed_util_ads: 0.500, bed_util_des: 0.500, des_th: 0.4996659418459925,frac_lost: 0.106, li_recovered:  8.272, time: 0.011156356000356027
L: 0.50, u_super: 0.00764, sec: 527.972, prod: 0.141932, t_ads: 25.6, t_des: 35.8, bed_util_ads: 0.445, bed_util_des: 0.444, des_th: 0.44390006445218894,frac_lost: 0.105, li_recovered:  8.710, time: 0.019902736001313315
L: 0.50, u_super: 0.00005, sec: 4.399, prod: 0.000658, t_ads: 3644.8, t_des: 7055.8, bed_util_ads: 0.244, bed_util_des: 0.163, des_th: 0.16286432761668748,frac_lost: 0.101, li_recovered:  7.042, time: 0.019625840001026518
L: 0.50, u_super: 0.00828, sec: 472.283, prod: 0.187820, t_ads: 23.5, t_des: 21.2, bed_util_ads: 0.499, bed_util_des: 0.499, des_th: 0.49924560493078374,frac_lost: 0.101, li_recovered:  8.382, time: 0.012580386000990984
L: 0.50, u_super: 0.00154, sec: 84.846, prod: 0.032855, t_ads: 124.7, t_des: 129.5, bed_util_ads: 0.473, bed_util_des: 0.472, des_th: 0.47175209302050275,frac_lost: 0.104, li_recovered:  8.352, time: 0.010873694998736028
L: 0.50, u_super: 0.00321, sec: 173.547, prod: 0.071790, t_ads: 60.2, t_des: 53.5, bed_util_ads: 0.498, bed_util_des: 0.498, des_th: 0.49821276389775526,frac_lost: 0.102, li_recovered:  8.158, time: 0.013989463999678264
L: 0.50, u_super: 0.00746, sec: 421.273, prod: 0.169135, t_ads: 26.0, t_des: 23.8, bed_util_ads: 0.497, bed_util_des: 0.497, des_th: 0.49691796791273535,frac_lost: 0.101, li_recovered:  8.430, time: 0.012036885000270559
L: 54.18, u_super: 0.00881 — INFEASIBLE (li_recovered=0.000e+00), time: 0.0031617130007361993
L: 0.50, u_super: 0.00645, sec: 359.940, prod: 0.145896, t_ads: 30.1, t_des: 27.3, bed_util_ads: 0.499, bed_util_des: 0.498, des_th: 0.4984057231032796,frac_lost: 0.102, li_recovered:  8.374, time: 0.01221722599984787
L: 42.41, u_super: 0.00194 — INFEASIBLE (li_recovered=0.000e+00), time: 0.0014841459997114725
L: 0.50, u_super: 0.00124, sec: 67.239, prod: 0.026988, t_ads: 152.5, t_des: 148.6, bed_util_ads: 0.479, bed_util_des: 0.477, des_th: 0.4774804643230291,frac_lost: 0.101, li_recovered:  8.127, time: 0.006380181999702472
L: 0.50, u_super: 0.00687, sec: 385.317, prod: 0.155679, t_ads: 28.2, t_des: 25.5, bed_util_ads: 0.499, bed_util_des: 0.499, des_th: 0.49906025715931424,frac_lost: 0.101, li_recovered:  8.369, time: 0.009837850999247166
L: 0.50, u_super: 0.00536, sec: 296.044, prod: 0.120754, t_ads: 36.2, t_des: 32.1, bed_util_ads: 0.500, bed_util_des: 0.500, des_th: 0.49981694771925766,frac_lost: 0.102, li_recovered:  8.250, time: 0.00946896000095876
L: 0.50, u_super: 0.00345, sec: 187.980, prod: 0.077012, t_ads: 56.3, t_des: 49.1, bed_util_ads: 0.500, bed_util_des: 0.500, des_th: 0.49999905248870324,frac_lost: 0.106, li_recovered:  8.115, time: 0.01330700500147941
L: 0.50, u_super: 0.00793, sec: 466.479, prod: 0.173718, t_ads: 24.7, t_des: 25.3, bed_util_ads: 0.483, bed_util_des: 0.483, des_th: 0.48273533779303335,frac_lost: 0.107, li_recovered:  8.684, time: 0.014079354001296451
   792 |    31680 |     40 |  0.0018487850 |             f
L: 0.50, u_super: 0.00394, sec: 225.428, prod: 0.084134, t_ads: 49.4, t_des: 53.1, bed_util_ads: 0.475, bed_util_des: 0.474, des_th: 0.4742138220006273,frac_lost: 0.105, li_recovered:  8.617, time: 0.009668716998930904
L: 0.50, u_super: 0.00464, sec: 254.632, prod: 0.104479, t_ads: 41.9, t_des: 37.4, bed_util_ads: 0.499, bed_util_des: 0.499, des_th: 0.4985269441274888,frac_lost: 0.105, li_recovered:  8.279, time: 0.0110283009998966
L: 28.54, u_super: 0.00990 — INFEASIBLE (li_recovered=0.000e+00), time: 0.006425832998502301
L: 0.50, u_super: 0.00492, sec: 270.636, prod: 0.110895, t_ads: 39.6, t_des: 35.7, bed_util_ads: 0.498, bed_util_des: 0.498, des_th: 0.49793000477872484,frac_lost: 0.106, li_recovered:  8.344, time: 0.016283311000734102
L: 9.33, u_super: 0.00897, sec: 49507.407, prod: 0.039592, t_ads: 411.7, t_des: 3740.7, bed_util_ads: 0.215, bed_util_des: 0.174, des_th: 0.17415995232224135,frac_lost: 0.100, li_recovered:  164.402, time: 0.06050480799967772
L: 0.50, u_super: 0.00534, sec: 294.267, prod: 0.120522, t_ads: 36.3, t_des: 32.6, bed_util_ads: 0.500, bed_util_des: 0.500, des_th: 0.4996531258360889,frac_lost: 0.101, li_recovered:  8.306, time: 0.01281954499972926
L: 0.50, u_super: 0.00764, sec: 477.632, prod: 0.156890, t_ads: 25.6, t_des: 29.8, bed_util_ads: 0.468, bed_util_des: 0.467, des_th: 0.46746543516284034,frac_lost: 0.108, li_recovered:  8.704, time: 0.01736733899997489
L: 0.50, u_super: 0.00351, sec: 190.665, prod: 0.078660, t_ads: 55.4, t_des: 49.4, bed_util_ads: 0.499, bed_util_des: 0.499, des_th: 0.49858890250477733,frac_lost: 0.107, li_recovered:  8.243, time: 0.012914937000459759
L: 0.50, u_super: 0.00011, sec: 9.903, prod: 0.001445, t_ads: 1638.0, t_des: 3429.1, bed_util_ads: 0.286, bed_util_des: 0.228, des_th: 0.22861463373549681,frac_lost: 0.101, li_recovered:  7.323, time: 0.018849224999939906
L: 7.63, u_super: 0.00514 — INFEASIBLE (li_recovered=0.000e+00), time: 0.009318476000771625
L: 0.50, u_super: 0.00221, sec: 120.166, prod: 0.048589, t_ads: 87.3, t_des: 86.0, bed_util_ads: 0.483, bed_util_des: 0.482, des_th: 0.4819698868476726,frac_lost: 0.105, li_recovered:  8.422, time: 0.016488458000821993
L: 30.83, u_super: 0.00536 — INFEASIBLE (li_recovered=0.000e+00), time: 0.0029920240012870636
L: 0.50, u_super: 0.00871, sec: 500.458, prod: 0.197188, t_ads: 22.5, t_des: 20.3, bed_util_ads: 0.500, bed_util_des: 0.499, des_th: 0.4994524126874004,frac_lost: 0.106, li_recovered:  8.438, time: 0.013923864999014768
L: 11.92, u_super: 0.00005 — INFEASIBLE (li_recovered=0.000e+00), time: 0.0028672709995589685
L: 0.50, u_super: 0.00601, sec: 359.437, prod: 0.126409, t_ads: 32.4, t_des: 36.3, bed_util_ads: 0.472, bed_util_des: 0.471, des_th: 0.47124180233551544,frac_lost: 0.103, li_recovered:  8.674, time: 0.020788670999536407
L: 0.50, u_super: 0.00492, sec: 270.809, prod: 0.110825, t_ads: 39.5, t_des: 35.2, bed_util_ads: 0.500, bed_util_des: 0.499, des_th: 0.49941043298353827,frac_lost: 0.105, li_recovered:  8.278, time: 0.016961856999841984
L: 64.93, u_super: 0.00673 — INFEASIBLE (li_recovered=0.000e+00), time: 0.0023181349988590227
L: 0.50, u_super: 0.00049 — INFEASIBLE (li_recovered=0.000e+00), time: 0.007991515998583054
L: 0.50, u_super: 0.00098, sec: 53.487, prod: 0.021141, t_ads: 191.5, t_des: 179.4, bed_util_ads: 0.480, bed_util_des: 0.479, des_th: 0.47910578746020765,frac_lost: 0.103, li_recovered:  7.839, time: 0.01645764900058566
L: 0.50, u_super: 0.00134, sec: 72.634, prod: 0.029084, t_ads: 142.6, t_des: 139.1, bed_util_ads: 0.479, bed_util_des: 0.477, des_th: 0.4774804643230291,frac_lost: 0.105, li_recovered:  8.194, time: 0.01183268900058465
L: 0.50, u_super: 0.00778, sec: 452.959, prod: 0.171994, t_ads: 25.2, t_des: 25.2, bed_util_ads: 0.486, bed_util_des: 0.486, des_th: 0.48588888070555347,frac_lost: 0.107, li_recovered:  8.668, time: 0.012577628000144614
L: 0.50, u_super: 0.00871, sec: 500.668, prod: 0.197092, t_ads: 22.5, t_des: 20.4, bed_util_ads: 0.500, bed_util_des: 0.500, des_th: 0.4996017357025339,frac_lost: 0.107, li_recovered:  8.444, time: 0.015404949001094792
L: 80.69, u_super: 0.00585 — INFEASIBLE (li_recovered=0.000e+00), time: 0.0017686419996607583
L: 0.50, u_super: 0.00034 — INFEASIBLE (li_recovered=0.000e+00), time: 0.006587629999557976
L: 0.50, u_super: 0.00735, sec: 414.341, prod: 0.166738, t_ads: 26.4, t_des: 24.2, bed_util_ads: 0.497, bed_util_des: 0.497, des_th: 0.4972379816526628,frac_lost: 0.100, li_recovered:  8.431, time: 0.011328667000270798
L: 0.50, u_super: 0.00283, sec: 152.485, prod: 0.063276, t_ads: 68.1, t_des: 61.3, bed_util_ads: 0.497, bed_util_des: 0.496, des_th: 0.4964706879044592,frac_lost: 0.103, li_recovered:  8.192, time: 0.014329841998915072
L: 0.50, u_super: 0.00820, sec: 475.482, prod: 0.183043, t_ads: 23.8, t_des: 23.4, bed_util_ads: 0.489, bed_util_des: 0.489, des_th: 0.4888141777496911,frac_lost: 0.106, li_recovered:  8.645, time: 0.01614279099885607
L: 0.50, u_super: 0.00464, sec: 254.203, prod: 0.104656, t_ads: 41.8, t_des: 38.2, bed_util_ads: 0.497, bed_util_des: 0.496, des_th: 0.4964744049469303,frac_lost: 0.104, li_recovered:  8.377, time: 0.011929763000807725
L: 0.50, u_super: 0.00160, sec: 86.970, prod: 0.034974, t_ads: 119.8, t_des: 104.7, bed_util_ads: 0.495, bed_util_des: 0.494, des_th: 0.49448245803710583,frac_lost: 0.108, li_recovered:  7.850, time: 0.01125967500047409
L: 0.50, u_super: 0.00620, sec: 345.545, prod: 0.140170, t_ads: 31.3, t_des: 28.0, bed_util_ads: 0.500, bed_util_des: 0.500, des_th: 0.4997288294764409,frac_lost: 0.102, li_recovered:  8.306, time: 0.012113393000618089
L: 3.09, u_super: 0.00439, sec: 1597.766, prod: 0.091487, t_ads: 259.0, t_des: 233.4, bed_util_ads: 0.479, bed_util_des: 0.478, des_th: 0.4777209031491887,frac_lost: 0.100, li_recovered:  45.047, time: 0.012430972999936785
L: 0.50, u_super: 0.00979, sec: 569.598, prod: 0.221831, t_ads: 20.0, t_des: 18.3, bed_util_ads: 0.498, bed_util_des: 0.498, des_th: 0.4979393516540334,frac_lost: 0.105, li_recovered:  8.491, time: 0.012911537000036333
L: 33.52, u_super: 0.00862 — INFEASIBLE (li_recovered=0.000e+00), time: 0.002546185000028345
L: 46.06, u_super: 0.00009 — INFEASIBLE (li_recovered=0.000e+00), time: 0.0014659920016129036
L: 0.50, u_super: 0.00403, sec: 219.671, prod: 0.090465, t_ads: 48.2, t_des: 43.0, bed_util_ads: 0.499, bed_util_des: 0.499, des_th: 0.4989579026587404,frac_lost: 0.105, li_recovered:  8.255, time: 0.014747186000022339
L: 4.95, u_super: 0.00905 — INFEASIBLE (li_recovered=0.000e+00), time: 0.009361121999972966
L: 0.50, u_super: 0.00272, sec: 146.274, prod: 0.060659, t_ads: 70.9, t_des: 67.0, bed_util_ads: 0.489, bed_util_des: 0.489, des_th: 0.48861246769792627,frac_lost: 0.102, li_recovered:  8.365, time: 0.022817866998593672
L: 0.50, u_super: 0.00100, sec: 54.438, prod: 0.021373, t_ads: 189.1, t_des: 185.9, bed_util_ads: 0.473, bed_util_des: 0.472, des_th: 0.47175209302050275,frac_lost: 0.103, li_recovered:  8.016, time: 0.016040245000112918
L: 0.50, u_super: 0.00717, sec: 405.464, prod: 0.161825, t_ads: 27.3, t_des: 25.3, bed_util_ads: 0.495, bed_util_des: 0.495, des_th: 0.4951826581820484,frac_lost: 0.107, li_recovered:  8.515, time: 0.015537974999460857
L: 0.50, u_super: 0.00518, sec: 285.308, prod: 0.116815, t_ads: 37.5, t_des: 33.5, bed_util_ads: 0.500, bed_util_des: 0.500, des_th: 0.4996531258360889,frac_lost: 0.102, li_recovered:  8.289, time: 0.010175345998504781
   793 |    31720 |     40 |  0.0030807790 |             f
L: 0.50, u_super: 0.00775, sec: 441.099, prod: 0.175011, t_ads: 25.3, t_des: 23.1, bed_util_ads: 0.499, bed_util_des: 0.498, des_th: 0.4984057231032796,frac_lost: 0.109, li_recovered:  8.477, time: 0.012716807001197594
L: 0.50, u_super: 0.00014 — INFEASIBLE (li_recovered=0.000e+00), time: 0.0029419459988275776
L: 0.50, u_super: 0.00769, sec: 464.810, prod: 0.163567, t_ads: 25.5, t_des: 27.7, bed_util_ads: 0.475, bed_util_des: 0.475, des_th: 0.47483355654738935,frac_lost: 0.107, li_recovered:  8.699, time: 0.014296735000243643
L: 0.50, u_super: 0.00931, sec: 538.812, prod: 0.210817, t_ads: 21.0, t_des: 19.0, bed_util_ads: 0.500, bed_util_des: 0.499, des_th: 0.49941800771673645,frac_lost: 0.106, li_recovered:  8.440, time: 0.011170087000209605
L: 12.62, u_super: 0.00403 — INFEASIBLE (li_recovered=0.000e+00), time: 0.0032912339993345086
L: 0.50, u_super: 0.00492, sec: 270.636, prod: 0.110895, t_ads: 39.6, t_des: 35.7, bed_util_ads: 0.498, bed_util_des: 0.498, des_th: 0.49793000477872484,frac_lost: 0.106, li_recovered:  8.344, time: 0.010596201000225847
L: 24.40, u_super: 0.00583 — INFEASIBLE (li_recovered=0.000e+00), time: 0.0042130829988309415
L: 0.50, u_super: 0.00143, sec: 79.270, prod: 0.030586, t_ads: 133.4, t_des: 111.1, bed_util_ads: 0.500, bed_util_des: 0.499, des_th: 0.4995791622102862,frac_lost: 0.107, li_recovered:  7.477, time: 0.012666027001614566
L: 0.50, u_super: 0.00613, sec: 384.935, prod: 0.122984, t_ads: 31.9, t_des: 38.7, bed_util_ads: 0.462, bed_util_des: 0.461, des_th: 0.46085315415363404,frac_lost: 0.108, li_recovered:  8.688, time: 0.014379275000464986
L: 0.50, u_super: 0.00990, sec: 576.754, prod: 0.224524, t_ads: 19.7, t_des: 17.9, bed_util_ads: 0.500, bed_util_des: 0.499, des_th: 0.49943767818321666,frac_lost: 0.105, li_recovered:  8.454, time: 0.009896397999909823
L: 0.50, u_super: 0.00577, sec: 320.870, prod: 0.130091, t_ads: 33.9, t_des: 30.4, bed_util_ads: 0.500, bed_util_des: 0.500, des_th: 0.4996021144048794,frac_lost: 0.108, li_recovered:  8.367, time: 0.014882560999467387
L: 0.50, u_super: 0.00467, sec: 263.865, prod: 0.101957, t_ads: 41.5, t_des: 43.0, bed_util_ads: 0.480, bed_util_des: 0.480, des_th: 0.4799103564296447,frac_lost: 0.102, li_recovered:  8.623, time: 0.010444940999150276
L: 0.50, u_super: 0.00646, sec: 360.643, prod: 0.146283, t_ads: 30.0, t_des: 27.2, bed_util_ads: 0.499, bed_util_des: 0.498, des_th: 0.4983738270771309,frac_lost: 0.101, li_recovered:  8.369, time: 0.01163245200041274
L: 0.50, u_super: 0.00969, sec: 562.869, prod: 0.219798, t_ads: 20.1, t_des: 18.3, bed_util_ads: 0.499, bed_util_des: 0.498, des_th: 0.4984621977630226,frac_lost: 0.104, li_recovered:  8.453, time: 0.013914904999182909
L: 0.50, u_super: 0.00111, sec: 60.078, prod: 0.023959, t_ads: 171.2, t_des: 161.9, bed_util_ads: 0.480, bed_util_des: 0.479, des_th: 0.47910578746020765,frac_lost: 0.105, li_recovered:  7.981, time: 0.012753697999869473
L: 0.50, u_super: 0.00379, sec: 206.128, prod: 0.085033, t_ads: 51.4, t_des: 47.0, bed_util_ads: 0.495, bed_util_des: 0.495, des_th: 0.4950823362858974,frac_lost: 0.108, li_recovered:  8.369, time: 0.013078395999400527
L: 0.50, u_super: 0.00770, sec: 436.079, prod: 0.174462, t_ads: 25.3, t_des: 23.3, bed_util_ads: 0.497, bed_util_des: 0.496, des_th: 0.4964744049469303,frac_lost: 0.102, li_recovered:  8.467, time: 0.012805180000214023
L: 0.50, u_super: 0.00629, sec: 1897.805, prod: 0.026304, t_ads: 31.1, t_des: 302.3, bed_util_ads: 0.232, bed_util_des: 0.229, des_th: 0.22861463373549681,frac_lost: 0.103, li_recovered:  8.770, time: 0.07201577199884923
L: 0.50, u_super: 0.00005, sec: 4.477, prod: 0.000647, t_ads: 3025.9, t_des: 4586.4, bed_util_ads: 0.255, bed_util_des: 0.207, des_th: 0.20758328734298093,frac_lost: 0.100, li_recovered:  4.922, time: 0.011507328001243877
L: 27.36, u_super: 0.00649 — INFEASIBLE (li_recovered=0.000e+00), time: 0.003014658999745734
L: 0.50, u_super: 0.00703, sec: 394.913, prod: 0.159391, t_ads: 27.6, t_des: 25.3, bed_util_ads: 0.498, bed_util_des: 0.498, des_th: 0.4979737625562546,frac_lost: 0.101, li_recovered:  8.425, time: 0.020373974000904127
L: 0.50, u_super: 0.00949, sec: 833.277, prod: 0.142215, t_ads: 20.5, t_des: 40.9, bed_util_ads: 0.401, bed_util_des: 0.400, des_th: 0.40038608361424777,frac_lost: 0.102, li_recovered:  8.731, time: 0.027078285998868523
L: 0.50, u_super: 0.00822, sec: 474.993, prod: 0.183973, t_ads: 23.8, t_des: 23.1, bed_util_ads: 0.490, bed_util_des: 0.490, des_th: 0.48975511701475294,frac_lost: 0.107, li_recovered:  8.630, time: 0.015062967999256216
L: 0.50, u_super: 0.00098, sec: 53.745, prod: 0.021040, t_ads: 191.3, t_des: 190.1, bed_util_ads: 0.472, bed_util_des: 0.471, des_th: 0.47059296756340807,frac_lost: 0.101, li_recovered:  8.024, time: 0.01631204200020875
L: 0.50, u_super: 0.00025, sec: 40.843, prod: 0.001709, t_ads: 813.4, t_des: 4278.0, bed_util_ads: 0.244, bed_util_des: 0.185, des_th: 0.1851696623157332,frac_lost: 0.105, li_recovered:  8.703, time: 0.03778242900079931
L: 0.50, u_super: 0.00536, sec: 295.680, prod: 0.120903, t_ads: 36.2, t_des: 32.4, bed_util_ads: 0.500, bed_util_des: 0.500, des_th: 0.49963345536960774,frac_lost: 0.102, li_recovered:  8.294, time: 0.017873838000014075
L: 0.50, u_super: 0.00820, sec: 475.482, prod: 0.183043, t_ads: 23.8, t_des: 23.4, bed_util_ads: 0.489, bed_util_des: 0.489, des_th: 0.4888141777496911,frac_lost: 0.106, li_recovered:  8.645, time: 0.015652218000468565
L: 15.71, u_super: 0.00099 — INFEASIBLE (li_recovered=0.000e+00), time: 0.0019895109999197302
L: 0.50, u_super: 0.00809, sec: 462.128, prod: 0.182917, t_ads: 24.2, t_des: 22.0, bed_util_ads: 0.500, bed_util_des: 0.500, des_th: 0.4996336116500438,frac_lost: 0.108, li_recovered:  8.450, time: 0.01683732799938298
L: 0.50, u_super: 0.00424, sec: 231.818, prod: 0.095022, t_ads: 45.9, t_des: 40.5, bed_util_ads: 0.500, bed_util_des: 0.500, des_th: 0.4996659418459925,frac_lost: 0.106, li_recovered:  8.213, time: 0.01376639000045543
L: 0.50, u_super: 0.00088 — INFEASIBLE (li_recovered=0.000e+00), time: 0.007181382999988273
L: 0.84, u_super: 0.00741, sec: 707.810, prod: 0.166582, t_ads: 44.0, t_des: 39.3, bed_util_ads: 0.499, bed_util_des: 0.499, des_th: 0.4985873545138112,frac_lost: 0.105, li_recovered:  13.881, time: 0.017354272000375204
L: 0.50, u_super: 0.00764, sec: 442.983, prod: 0.168942, t_ads: 25.6, t_des: 25.7, bed_util_ads: 0.486, bed_util_des: 0.486, des_th: 0.48588888070555347,frac_lost: 0.106, li_recovered:  8.663, time: 0.008613858999524382
L: 0.50, u_super: 0.00012 — INFEASIBLE (li_recovered=0.000e+00), time: 0.003978250000727712
L: 0.50, u_super: 0.00917, sec: 530.800, prod: 0.207162, t_ads: 21.3, t_des: 20.0, bed_util_ads: 0.495, bed_util_des: 0.495, des_th: 0.4950027105628852,frac_lost: 0.105, li_recovered:  8.559, time: 0.013133270000253106
L: 71.60, u_super: 0.00159 — INFEASIBLE (li_recovered=0.000e+00), time: 0.001281659999222029
L: 0.50, u_super: 0.00515, sec: 283.912, prod: 0.116283, t_ads: 37.6, t_des: 33.7, bed_util_ads: 0.500, bed_util_des: 0.499, des_th: 0.49950102241845845,frac_lost: 0.102, li_recovered:  8.292, time: 0.008827305999147939
L: 22.78, u_super: 0.00460 — INFEASIBLE (li_recovered=0.000e+00), time: 0.0032308589998137904
L: 0.50, u_super: 0.00941, sec: 544.625, prod: 0.213513, t_ads: 20.7, t_des: 18.8, bed_util_ads: 0.499, bed_util_des: 0.498, des_th: 0.4984621977630226,frac_lost: 0.103, li_recovered:  8.439, time: 0.016820736000227043
L: 0.50, u_super: 0.00303, sec: 163.850, prod: 0.067515, t_ads: 63.7, t_des: 56.0, bed_util_ads: 0.500, bed_util_des: 0.500, des_th: 0.49960879134857256,frac_lost: 0.102, li_recovered:  8.079, time: 0.01439706900055171
   794 |    31760 |     40 |  0.0033680124 |             f
L: 0.50, u_super: 0.00459, sec: 251.413, prod: 0.103158, t_ads: 42.4, t_des: 37.8, bed_util_ads: 0.500, bed_util_des: 0.500, des_th: 0.4996659418459925,frac_lost: 0.105, li_recovered:  8.276, time: 0.01683951500126568
L: 0.50, u_super: 0.00012, sec: 10.707, prod: 0.001603, t_ads: 1494.0, t_des: 3062.6, bed_util_ads: 0.294, bed_util_des: 0.241, des_th: 0.24078221890879253,frac_lost: 0.102, li_recovered:  7.306, time: 0.0252265549988806
L: 0.50, u_super: 0.00508, sec: 279.401, prod: 0.114670, t_ads: 38.1, t_des: 34.2, bed_util_ads: 0.500, bed_util_des: 0.499, des_th: 0.49950102241845845,frac_lost: 0.101, li_recovered:  8.291, time: 0.013355941000554594
L: 0.50, u_super: 0.00195, sec: 106.382, prod: 0.042617, t_ads: 98.0, t_des: 83.6, bed_util_ads: 0.500, bed_util_des: 0.500, des_th: 0.49965250159284785,frac_lost: 0.102, li_recovered:  7.740, time: 0.014459592999628512
L: 10.46, u_super: 0.00492 — INFEASIBLE (li_recovered=0.000e+00), time: 0.005849800998475985
L: 0.50, u_super: 0.00583, sec: 323.438, prod: 0.131544, t_ads: 33.4, t_des: 29.8, bed_util_ads: 0.499, bed_util_des: 0.499, des_th: 0.49925145885425853,frac_lost: 0.103, li_recovered:  8.312, time: 0.01217929399899731
L: 0.50, u_super: 0.00047, sec: 28.400, prod: 0.009059, t_ads: 378.4, t_des: 322.5, bed_util_ads: 0.472, bed_util_des: 0.472, des_th: 0.47175209302050275,frac_lost: 0.102, li_recovered:  6.349, time: 0.012695434999841382
L: 0.50, u_super: 0.00175, sec: 95.211, prod: 0.038007, t_ads: 109.3, t_des: 93.5, bed_util_ads: 0.499, bed_util_des: 0.498, des_th: 0.4985178828799563,frac_lost: 0.102, li_recovered:  7.707, time: 0.012879328000053647
L: 0.50, u_super: 0.00007 — INFEASIBLE (li_recovered=0.000e+00), time: 0.002173540999137913
L: 0.50, u_super: 0.00321, sec: 176.235, prod: 0.070695, t_ads: 60.6, t_des: 60.1, bed_util_ads: 0.485, bed_util_des: 0.485, des_th: 0.484833820759717,frac_lost: 0.107, li_recovered:  8.533, time: 0.016196689000935294
L: 0.50, u_super: 0.00114, sec: 63.573, prod: 0.024247, t_ads: 165.6, t_des: 139.7, bed_util_ads: 0.495, bed_util_des: 0.494, des_th: 0.49448245803710583,frac_lost: 0.106, li_recovered:  7.401, time: 0.012036248999720556
L: 0.50, u_super: 0.00980, sec: 570.378, prod: 0.222339, t_ads: 19.9, t_des: 18.1, bed_util_ads: 0.500, bed_util_des: 0.499, des_th: 0.49941800771673645,frac_lost: 0.104, li_recovered:  8.443, time: 0.012360759999864968
L: 0.50, u_super: 0.00962, sec: 717.230, prod: 0.169722, t_ads: 20.3, t_des: 31.1, bed_util_ads: 0.433, bed_util_des: 0.433, des_th: 0.432832658747716,frac_lost: 0.105, li_recovered:  8.726, time: 0.020209992999298265
L: 0.50, u_super: 0.00195, sec: 106.309, prod: 0.042679, t_ads: 97.8, t_des: 83.7, bed_util_ads: 0.499, bed_util_des: 0.498, des_th: 0.4984057231032796,frac_lost: 0.100, li_recovered:  7.743, time: 0.016410358000939596
L: 0.50, u_super: 0.00345, sec: 187.562, prod: 0.077217, t_ads: 55.8, t_des: 48.9, bed_util_ads: 0.500, bed_util_des: 0.500, des_th: 0.4999232425940699,frac_lost: 0.100, li_recovered:  8.089, time: 0.013125235000188695
L: 0.50, u_super: 0.00257, sec: 138.807, prod: 0.057039, t_ads: 75.1, t_des: 66.0, bed_util_ads: 0.499, bed_util_des: 0.499, des_th: 0.4986926322077864,frac_lost: 0.104, li_recovered:  8.047, time: 0.012504083000749233
L: 11.06, u_super: 0.00005 — INFEASIBLE (li_recovered=0.000e+00), time: 0.001475009001296712
L: 0.50, u_super: 0.00536, sec: 295.676, prod: 0.120905, t_ads: 36.2, t_des: 32.4, bed_util_ads: 0.500, bed_util_des: 0.500, des_th: 0.4996531258360889,frac_lost: 0.102, li_recovered:  8.300, time: 0.012748901999657392
L: 0.50, u_super: 0.00281, sec: 151.399, prod: 0.062637, t_ads: 68.7, t_des: 61.1, bed_util_ads: 0.497, bed_util_des: 0.497, des_th: 0.4971280975534288,frac_lost: 0.102, li_recovered:  8.127, time: 0.012159498000983149
L: 3.90, u_super: 0.00874, sec: 4099.183, prod: 0.189163, t_ads: 169.3, t_des: 156.1, bed_util_ads: 0.484, bed_util_des: 0.483, des_th: 0.4825714267162842,frac_lost: 0.105, li_recovered:  61.539, time: 0.015352301999882911
L: 0.50, u_super: 0.00810, sec: 462.321, prod: 0.183246, t_ads: 24.1, t_des: 21.6, bed_util_ads: 0.500, bed_util_des: 0.500, des_th: 0.4996017357025339,frac_lost: 0.106, li_recovered:  8.387, time: 0.01443398500123294
L: 0.50, u_super: 0.00524, sec: 288.971, prod: 0.118178, t_ads: 37.1, t_des: 33.2, bed_util_ads: 0.500, bed_util_des: 0.500, des_th: 0.49957978645352724,frac_lost: 0.103, li_recovered:  8.300, time: 0.0160592110005382
L: 0.50, u_super: 0.00272, sec: 146.274, prod: 0.060659, t_ads: 70.9, t_des: 67.0, bed_util_ads: 0.489, bed_util_des: 0.489, des_th: 0.48861246769792627,frac_lost: 0.102, li_recovered:  8.365, time: 0.013776721998510766
L: 0.50, u_super: 0.00698, sec: 392.121, prod: 0.157992, t_ads: 27.8, t_des: 24.8, bed_util_ads: 0.500, bed_util_des: 0.500, des_th: 0.4997958675863285,frac_lost: 0.100, li_recovered:  8.315, time: 0.015576750998661737
L: 0.50, u_super: 0.00990, sec: 576.015, prod: 0.224810, t_ads: 19.7, t_des: 17.9, bed_util_ads: 0.500, bed_util_des: 0.499, des_th: 0.49941800771673645,frac_lost: 0.102, li_recovered:  8.443, time: 0.011733452000044053
L: 0.50, u_super: 0.00656, sec: 366.912, prod: 0.148356, t_ads: 29.6, t_des: 27.7, bed_util_ads: 0.495, bed_util_des: 0.494, des_th: 0.49448245803710583,frac_lost: 0.101, li_recovered:  8.497, time: 0.015253049999955692
L: 0.50, u_super: 0.00204, sec: 807.930, prod: 0.006116, t_ads: 96.6, t_des: 1341.1, bed_util_ads: 0.198, bed_util_des: 0.185, des_th: 0.1851696623157332,frac_lost: 0.104, li_recovered:  8.793, time: 0.10169615400081966
L: 0.50, u_super: 0.00098, sec: 54.112, prod: 0.020897, t_ads: 192.0, t_des: 168.9, bed_util_ads: 0.488, bed_util_des: 0.488, des_th: 0.48768080009918324,frac_lost: 0.106, li_recovered:  7.542, time: 0.016767525999966892
L: 0.50, u_super: 0.00622, sec: 346.408, prod: 0.140732, t_ads: 31.2, t_des: 28.0, bed_util_ads: 0.500, bed_util_des: 0.500, des_th: 0.4997288294764409,frac_lost: 0.101, li_recovered:  8.322, time: 0.011342133999278303
L: 0.50, u_super: 0.00656, sec: 367.168, prod: 0.148469, t_ads: 29.6, t_des: 26.5, bed_util_ads: 0.500, bed_util_des: 0.500, des_th: 0.4995791622102862,frac_lost: 0.101, li_recovered:  8.320, time: 0.014680357999168336
L: 0.50, u_super: 0.00703, sec: 396.404, prod: 0.158758, t_ads: 27.9, t_des: 25.3, bed_util_ads: 0.498, bed_util_des: 0.498, des_th: 0.49800899627276923,frac_lost: 0.108, li_recovered:  8.435, time: 0.021759641998869483
L: 14.53, u_super: 0.00905 — INFEASIBLE (li_recovered=0.000e+00), time: 0.005517499999768916
L: 0.50, u_super: 0.00047, sec: 27.079, prod: 0.009500, t_ads: 382.9, t_des: 382.7, bed_util_ads: 0.454, bed_util_des: 0.451, des_th: 0.45092272948650575,frac_lost: 0.102, li_recovered:  7.273, time: 0.017268401999899652
L: 0.50, u_super: 0.00283, sec: 153.264, prod: 0.062954, t_ads: 68.3, t_des: 59.8, bed_util_ads: 0.499, bed_util_des: 0.499, des_th: 0.4992756672638586,frac_lost: 0.105, li_recovered:  8.065, time: 0.009517471999060945
L: 5.05, u_super: 0.00464 — INFEASIBLE (li_recovered=0.000e+00), time: 0.0064709779999247985
L: 0.50, u_super: 0.00245, sec: 131.741, prod: 0.054420, t_ads: 78.7, t_des: 70.2, bed_util_ads: 0.496, bed_util_des: 0.495, des_th: 0.4952541333509737,frac_lost: 0.103, li_recovered:  8.105, time: 0.012495291999584879
L: 0.50, u_super: 0.00890, sec: 512.529, prod: 0.201416, t_ads: 22.0, t_des: 19.9, bed_util_ads: 0.500, bed_util_des: 0.500, des_th: 0.49963653007315106,frac_lost: 0.107, li_recovered:  8.443, time: 0.0119139250000444
L: 0.50, u_super: 0.00978, sec: 568.680, prod: 0.221683, t_ads: 20.0, t_des: 18.1, bed_util_ads: 0.500, bed_util_des: 0.499, des_th: 0.49941603037098536,frac_lost: 0.105, li_recovered:  8.441, time: 0.013399804000073345
L: 0.50, u_super: 0.00403, sec: 220.479, prod: 0.090133, t_ads: 48.2, t_des: 46.2, bed_util_ads: 0.490, bed_util_des: 0.489, des_th: 0.48933155329833117,frac_lost: 0.105, li_recovered:  8.505, time: 0.015014829999927315
L: 0.50, u_super: 0.00803, sec: 458.829, prod: 0.181127, t_ads: 24.3, t_des: 22.9, bed_util_ads: 0.494, bed_util_des: 0.494, des_th: 0.49389600684598806,frac_lost: 0.106, li_recovered:  8.556, time: 0.014359652001076029
   795 |    31800 |     40 |  0.0018573590 |             f
L: 3.06, u_super: 0.00492 — INFEASIBLE (li_recovered=0.000e+00), time: 0.00830369999857794
L: 0.50, u_super: 0.00197, sec: 107.233, prod: 0.043162, t_ads: 97.8, t_des: 84.0, bed_util_ads: 0.500, bed_util_des: 0.499, des_th: 0.4995791622102862,frac_lost: 0.108, li_recovered:  7.846, time: 0.012375644999337965
L: 0.50, u_super: 0.00657, sec: 367.264, prod: 0.148709, t_ads: 29.5, t_des: 26.5, bed_util_ads: 0.500, bed_util_des: 0.500, des_th: 0.49963766905538937,frac_lost: 0.100, li_recovered:  8.322, time: 0.014279454999268637
L: 0.50, u_super: 0.00403, sec: 219.442, prod: 0.090559, t_ads: 48.3, t_des: 44.3, bed_util_ads: 0.496, bed_util_des: 0.495, des_th: 0.49526397550098217,frac_lost: 0.106, li_recovered:  8.380, time: 0.01231724699937331
L: 0.50, u_super: 0.00333, sec: 1372.843, prod: 0.009781, t_ads: 59.2, t_des: 839.3, bed_util_ads: 0.198, bed_util_des: 0.191, des_th: 0.19067543255341768,frac_lost: 0.107, li_recovered:  8.789, time: 0.07663034799952584
L: 2.65, u_super: 0.00799, sec: 2543.138, prod: 0.171405, t_ads: 125.8, t_des: 105.5, bed_util_ads: 0.500, bed_util_des: 0.500, des_th: 0.49965749893113015,frac_lost: 0.101, li_recovered:  39.649, time: 0.011903349999556667
L: 0.50, u_super: 0.00047, sec: 27.096, prod: 0.009494, t_ads: 382.7, t_des: 387.0, bed_util_ads: 0.452, bed_util_des: 0.449, des_th: 0.4490195209933966,frac_lost: 0.102, li_recovered:  7.308, time: 0.019911149000108708
L: 0.50, u_super: 0.00989, sec: 668.357, prod: 0.193252, t_ads: 19.8, t_des: 25.3, bed_util_ads: 0.456, bed_util_des: 0.455, des_th: 0.4551297782836234,frac_lost: 0.106, li_recovered:  8.723, time: 0.018291141001100186
L: 0.50, u_super: 0.00577, sec: 320.870, prod: 0.130091, t_ads: 33.9, t_des: 30.4, bed_util_ads: 0.500, bed_util_des: 0.500, des_th: 0.4996021144048794,frac_lost: 0.108, li_recovered:  8.367, time: 0.014203863000147976
L: 0.50, u_super: 0.00835, sec: 478.417, prod: 0.188979, t_ads: 23.4, t_des: 21.5, bed_util_ads: 0.498, bed_util_des: 0.498, des_th: 0.4979737625562546,frac_lost: 0.107, li_recovered:  8.486, time: 0.014897078999638325
L: 14.32, u_super: 0.00345 — INFEASIBLE (li_recovered=0.000e+00), time: 0.005095492999316775
L: 58.06, u_super: 0.00803 — INFEASIBLE (li_recovered=0.000e+00), time: 0.0028950510004506214
L: 0.50, u_super: 0.00989, sec: 695.512, prod: 0.185649, t_ads: 19.8, t_des: 27.2, bed_util_ads: 0.447, bed_util_des: 0.446, des_th: 0.44597778699665,frac_lost: 0.105, li_recovered:  8.724, time: 0.02195297900107107
L: 0.50, u_super: 0.00716, sec: 404.423, prod: 0.161907, t_ads: 27.3, t_des: 24.8, bed_util_ads: 0.498, bed_util_des: 0.498, des_th: 0.4979737625562546,frac_lost: 0.107, li_recovered:  8.433, time: 0.01968963299987081
L: 0.50, u_super: 0.00746, sec: 422.706, prod: 0.168562, t_ads: 26.3, t_des: 23.8, bed_util_ads: 0.500, bed_util_des: 0.499, des_th: 0.49950792933682303,frac_lost: 0.108, li_recovered:  8.444, time: 0.01597017899985076
L: 0.50, u_super: 0.00058 — INFEASIBLE (li_recovered=0.000e+00), time: 0.0071363620008924045
L: 20.14, u_super: 0.00452 — INFEASIBLE (li_recovered=0.000e+00), time: 0.004960288999427576
L: 0.50, u_super: 0.00245, sec: 132.523, prod: 0.054099, t_ads: 78.7, t_des: 68.3, bed_util_ads: 0.500, bed_util_des: 0.499, des_th: 0.49934255237501857,frac_lost: 0.103, li_recovered:  7.955, time: 0.015897562001555343
L: 0.50, u_super: 0.00645, sec: 360.213, prod: 0.145809, t_ads: 30.1, t_des: 27.0, bed_util_ads: 0.500, bed_util_des: 0.499, des_th: 0.4994102598819295,frac_lost: 0.102, li_recovered:  8.325, time: 0.012156036998931086
L: 6.25, u_super: 0.00842, sec: 6561.808, prod: 0.175267, t_ads: 273.3, t_des: 248.8, bed_util_ads: 0.476, bed_util_des: 0.475, des_th: 0.475027789628793,frac_lost: 0.102, li_recovered:  91.511, time: 0.014652730000307201
L: 0.50, u_super: 0.00709, sec: 398.757, prod: 0.160631, t_ads: 27.4, t_des: 24.8, bed_util_ads: 0.498, bed_util_des: 0.498, des_th: 0.4983471875091759,frac_lost: 0.101, li_recovered:  8.381, time: 0.0179044390006311
L: 0.50, u_super: 0.00912, sec: 526.717, prod: 0.206583, t_ads: 21.4, t_des: 19.7, bed_util_ads: 0.498, bed_util_des: 0.498, des_th: 0.4979737625562546,frac_lost: 0.105, li_recovered:  8.497, time: 0.014284013999713352
L: 0.50, u_super: 0.00024 — INFEASIBLE (li_recovered=0.000e+00), time: 0.003336735000630142
L: 1.70, u_super: 0.00444, sec: 879.252, prod: 0.093978, t_ads: 145.4, t_des: 120.3, bed_util_ads: 0.498, bed_util_des: 0.498, des_th: 0.49841414450270183,frac_lost: 0.103, li_recovered:  24.970, time: 0.011004194000634016
L: 6.93, u_super: 0.00160 — INFEASIBLE (li_recovered=0.000e+00), time: 0.003784622000239324
L: 0.50, u_super: 0.00934, sec: 540.928, prod: 0.211699, t_ads: 20.9, t_des: 19.0, bed_util_ads: 0.499, bed_util_des: 0.499, des_th: 0.4985449870447193,frac_lost: 0.106, li_recovered:  8.448, time: 0.017741968000336783
L: 0.50, u_super: 0.00233, sec: 126.162, prod: 0.051334, t_ads: 83.0, t_des: 71.9, bed_util_ads: 0.499, bed_util_des: 0.499, des_th: 0.4986926322077864,frac_lost: 0.106, li_recovered:  7.948, time: 0.010799183999552042
L: 0.50, u_super: 0.00098, sec: 53.915, prod: 0.020973, t_ads: 191.3, t_des: 192.6, bed_util_ads: 0.471, bed_util_des: 0.469, des_th: 0.46865188096362326,frac_lost: 0.101, li_recovered:  8.053, time: 0.012884722000308102
L: 0.50, u_super: 0.00005, sec: 4.324, prod: 0.000669, t_ads: 3431.3, t_des: 5857.7, bed_util_ads: 0.252, bed_util_des: 0.185, des_th: 0.1851696623157332,frac_lost: 0.102, li_recovered:  6.219, time: 0.01001002500015602
L: 0.50, u_super: 0.00920, sec: 531.860, prod: 0.208451, t_ads: 21.2, t_des: 19.5, bed_util_ads: 0.498, bed_util_des: 0.498, des_th: 0.4979737625562546,frac_lost: 0.105, li_recovered:  8.495, time: 0.011256428000706364
L: 0.50, u_super: 0.00839, sec: 480.392, prod: 0.189877, t_ads: 23.3, t_des: 21.1, bed_util_ads: 0.500, bed_util_des: 0.499, des_th: 0.49941800771673645,frac_lost: 0.107, li_recovered:  8.441, time: 0.008911335000448162
L: 0.50, u_super: 0.00671, sec: 423.959, prod: 0.134581, t_ads: 29.2, t_des: 35.4, bed_util_ads: 0.462, bed_util_des: 0.461, des_th: 0.46091867838881756,frac_lost: 0.107, li_recovered:  8.695, time: 0.016866050000317045
L: 0.50, u_super: 0.00936, sec: 642.948, prod: 0.178704, t_ads: 20.9, t_des: 27.9, bed_util_ads: 0.450, bed_util_des: 0.450, des_th: 0.44960582766940504,frac_lost: 0.104, li_recovered:  8.719, time: 0.019035978000829346
L: 0.50, u_super: 0.00099 — INFEASIBLE (li_recovered=0.000e+00), time: 0.005864525999641046
L: 0.50, u_super: 0.00197, sec: 106.283, prod: 0.043661, t_ads: 97.9, t_des: 90.2, bed_util_ads: 0.490, bed_util_des: 0.490, des_th: 0.4895114226935222,frac_lost: 0.109, li_recovered:  8.215, time: 0.013950304999525542
L: 0.97, u_super: 0.00373, sec: 402.181, prod: 0.081740, t_ads: 99.5, t_des: 86.0, bed_util_ads: 0.498, bed_util_des: 0.498, des_th: 0.4979791678898448,frac_lost: 0.102, li_recovered:  15.159, time: 0.015160962000663858
L: 0.50, u_super: 0.00656, sec: 368.074, prod: 0.148079, t_ads: 29.9, t_des: 27.0, bed_util_ads: 0.499, bed_util_des: 0.499, des_th: 0.4985746231490397,frac_lost: 0.109, li_recovered:  8.426, time: 0.020169536001048982
L: 0.50, u_super: 0.00653, sec: 365.317, prod: 0.147781, t_ads: 29.7, t_des: 26.5, bed_util_ads: 0.500, bed_util_des: 0.500, des_th: 0.4997058735511229,frac_lost: 0.101, li_recovered:  8.306, time: 0.016244501999608474
L: 0.50, u_super: 0.00906, sec: 522.863, prod: 0.205100, t_ads: 21.6, t_des: 19.6, bed_util_ads: 0.498, bed_util_des: 0.498, des_th: 0.4980920267758456,frac_lost: 0.106, li_recovered:  8.459, time: 0.007376052000836353
L: 0.50, u_super: 0.00578, sec: 320.389, prod: 0.130617, t_ads: 33.6, t_des: 30.1, bed_util_ads: 0.500, bed_util_des: 0.499, des_th: 0.49950102241845845,frac_lost: 0.101, li_recovered:  8.311, time: 0.011314064999169204
   796 |    31840 |     40 |  0.0031748051 |             f
L: 0.50, u_super: 0.00776, sec: 520.624, prod: 0.148911, t_ads: 25.2, t_des: 33.3, bed_util_ads: 0.452, bed_util_des: 0.451, des_th: 0.45092272948650575,frac_lost: 0.106, li_recovered:  8.710, time: 0.0159689009997237
L: 0.50, u_super: 0.00295, sec: 159.512, prod: 0.065672, t_ads: 65.5, t_des: 57.5, bed_util_ads: 0.500, bed_util_des: 0.500, des_th: 0.4997288294764409,frac_lost: 0.103, li_recovered:  8.073, time: 0.014965917998779332
L: 0.50, u_super: 0.00237, sec: 128.512, prod: 0.052330, t_ads: 81.5, t_des: 70.6, bed_util_ads: 0.499, bed_util_des: 0.499, des_th: 0.4986926322077864,frac_lost: 0.106, li_recovered:  7.957, time: 0.02066790100070648
L: 0.50, u_super: 0.00175, sec: 95.330, prod: 0.037960, t_ads: 109.7, t_des: 93.5, bed_util_ads: 0.499, bed_util_des: 0.498, des_th: 0.49851654895303954,frac_lost: 0.104, li_recovered:  7.710, time: 0.012896546999400016
L: 9.80, u_super: 0.00345 — INFEASIBLE (li_recovered=0.000e+00), time: 0.004972620999978972
L: 0.50, u_super: 0.00419, sec: 234.930, prod: 0.091480, t_ads: 46.5, t_des: 47.6, bed_util_ads: 0.482, bed_util_des: 0.482, des_th: 0.4816299941460045,frac_lost: 0.106, li_recovered:  8.608, time: 0.01483193399872107
L: 0.50, u_super: 0.00202, sec: 110.041, prod: 0.044291, t_ads: 95.5, t_des: 81.9, bed_util_ads: 0.499, bed_util_des: 0.499, des_th: 0.4986926322077864,frac_lost: 0.108, li_recovered:  7.856, time: 0.016018309999708435
L: 0.50, u_super: 0.00419, sec: 236.792, prod: 0.090720, t_ads: 46.5, t_des: 48.5, bed_util_ads: 0.480, bed_util_des: 0.479, des_th: 0.47910578746020765,frac_lost: 0.106, li_recovered:  8.617, time: 0.014882384000884485
L: 0.50, u_super: 0.00446, sec: 243.779, prod: 0.100274, t_ads: 43.7, t_des: 39.8, bed_util_ads: 0.497, bed_util_des: 0.496, des_th: 0.4964744049469303,frac_lost: 0.106, li_recovered:  8.378, time: 0.015257982000548509
L: 0.50, u_super: 0.00536, sec: 3051.163, prod: 0.011716, t_ads: 36.6, t_des: 713.2, bed_util_ads: 0.176, bed_util_des: 0.171, des_th: 0.17058893641495615,frac_lost: 0.102, li_recovered:  8.785, time: 0.125337715000569
L: 0.50, u_super: 0.00652, sec: 364.432, prod: 0.147406, t_ads: 29.8, t_des: 26.6, bed_util_ads: 0.500, bed_util_des: 0.500, des_th: 0.49971420361075036,frac_lost: 0.101, li_recovered:  8.313, time: 0.013021701000980102
L: 0.50, u_super: 0.00493, sec: 270.781, prod: 0.111005, t_ads: 39.4, t_des: 35.2, bed_util_ads: 0.499, bed_util_des: 0.499, des_th: 0.4992638591190593,frac_lost: 0.103, li_recovered:  8.288, time: 0.011524283998369356
L: 0.50, u_super: 0.00051, sec: 137.726, prod: 0.002240, t_ads: 387.8, t_des: 3554.8, bed_util_ads: 0.216, bed_util_des: 0.177, des_th: 0.17651071696078358,frac_lost: 0.105, li_recovered:  8.830, time: 0.06722074299977976
L: 0.50, u_super: 0.00283, sec: 152.445, prod: 0.063292, t_ads: 68.1, t_des: 61.5, bed_util_ads: 0.495, bed_util_des: 0.495, des_th: 0.4951027823855357,frac_lost: 0.102, li_recovered:  8.204, time: 0.014242526998714311
L: 13.67, u_super: 0.00583 — INFEASIBLE (li_recovered=0.000e+00), time: 0.007009966000623535
L: 0.50, u_super: 0.00384, sec: 208.974, prod: 0.086245, t_ads: 50.6, t_des: 45.3, bed_util_ads: 0.498, bed_util_des: 0.498, des_th: 0.4979926512693769,frac_lost: 0.105, li_recovered:  8.270, time: 0.013633951000883826
L: 0.50, u_super: 0.00775, sec: 450.413, prod: 0.171502, t_ads: 25.2, t_des: 25.3, bed_util_ads: 0.487, bed_util_des: 0.487, des_th: 0.4865347761556951,frac_lost: 0.106, li_recovered:  8.665, time: 0.014083092999499058
L: 0.50, u_super: 0.00041 — INFEASIBLE (li_recovered=0.000e+00), time: 0.0049835720001283335
L: 0.50, u_super: 0.00122 — INFEASIBLE (li_recovered=0.000e+00), time: 0.0083574630007206
L: 47.42, u_super: 0.00048 — INFEASIBLE (li_recovered=0.000e+00), time: 0.0026883700011239853
L: 0.50, u_super: 0.00610, sec: 339.661, prod: 0.137991, t_ads: 31.8, t_des: 29.5, bed_util_ads: 0.495, bed_util_des: 0.495, des_th: 0.4951027823855357,frac_lost: 0.102, li_recovered:  8.467, time: 0.009423270999832312
L: 0.50, u_super: 0.00318, sec: 171.963, prod: 0.071071, t_ads: 60.8, t_des: 53.9, bed_util_ads: 0.499, bed_util_des: 0.498, des_th: 0.4984299642860182,frac_lost: 0.103, li_recovered:  8.148, time: 0.009611151001081453
L: 5.66, u_super: 0.00990 — INFEASIBLE (li_recovered=0.000e+00), time: 0.0065896960004465654
L: 0.50, u_super: 0.00862, sec: 518.518, prod: 0.186170, t_ads: 22.7, t_des: 24.1, bed_util_ads: 0.480, bed_util_des: 0.479, des_th: 0.47930051057109935,frac_lost: 0.105, li_recovered:  8.700, time: 0.011957335000261082
L: 0.50, u_super: 0.00874, sec: 502.306, prod: 0.197940, t_ads: 22.4, t_des: 20.3, bed_util_ads: 0.500, bed_util_des: 0.500, des_th: 0.4995936114928907,frac_lost: 0.106, li_recovered:  8.435, time: 0.010373037999670487
L: 21.12, u_super: 0.00615 — INFEASIBLE (li_recovered=0.000e+00), time: 0.0020605559984687716
L: 0.50, u_super: 0.00103 — INFEASIBLE (li_recovered=0.000e+00), time: 0.005105245001686853
L: 0.50, u_super: 0.00370, sec: 200.790, prod: 0.082858, t_ads: 52.6, t_des: 47.1, bed_util_ads: 0.498, bed_util_des: 0.498, des_th: 0.4979791678898448,frac_lost: 0.106, li_recovered:  8.256, time: 0.012412643000061507
L: 0.50, u_super: 0.00005 — INFEASIBLE (li_recovered=0.000e+00), time: 0.001993396999750985
L: 0.50, u_super: 0.00954, sec: 553.067, prod: 0.216344, t_ads: 20.5, t_des: 18.6, bed_util_ads: 0.500, bed_util_des: 0.499, des_th: 0.49943263358200324,frac_lost: 0.104, li_recovered:  8.455, time: 0.010439947000122629
L: 0.50, u_super: 0.00464, sec: 260.108, prod: 0.102115, t_ads: 41.9, t_des: 42.4, bed_util_ads: 0.484, bed_util_des: 0.484, des_th: 0.4838004327270781,frac_lost: 0.104, li_recovered:  8.611, time: 0.01172210900040227
L: 0.50, u_super: 0.00665, sec: 371.661, prod: 0.150565, t_ads: 29.2, t_des: 26.8, bed_util_ads: 0.498, bed_util_des: 0.498, des_th: 0.49766585324861123,frac_lost: 0.101, li_recovered:  8.427, time: 0.01576195000052394
L: 0.50, u_super: 0.00434, sec: 250.422, prod: 0.092265, t_ads: 44.7, t_des: 48.8, bed_util_ads: 0.473, bed_util_des: 0.473, des_th: 0.47260987195616133,frac_lost: 0.101, li_recovered:  8.629, time: 0.014540967998982524
L: 0.50, u_super: 0.00341, sec: 185.019, prod: 0.076110, t_ads: 57.0, t_des: 50.3, bed_util_ads: 0.500, bed_util_des: 0.500, des_th: 0.49990887220071767,frac_lost: 0.107, li_recovered:  8.169, time: 0.012809472000299138
L: 10.32, u_super: 0.00657 — INFEASIBLE (li_recovered=0.000e+00), time: 0.006450699998822529
L: 0.50, u_super: 0.00403, sec: 219.926, prod: 0.090360, t_ads: 48.2, t_des: 45.7, bed_util_ads: 0.492, bed_util_des: 0.491, des_th: 0.4914514193133904,frac_lost: 0.104, li_recovered:  8.479, time: 0.016919140000027255
L: 0.50, u_super: 0.00535, sec: 295.325, prod: 0.120937, t_ads: 36.3, t_des: 32.8, bed_util_ads: 0.499, bed_util_des: 0.498, des_th: 0.4984057231032796,frac_lost: 0.103, li_recovered:  8.354, time: 0.01182784599950537
L: 0.50, u_super: 0.00104, sec: 60.892, prod: 0.021042, t_ads: 181.4, t_des: 209.4, bed_util_ads: 0.454, bed_util_des: 0.451, des_th: 0.45092272948650575,frac_lost: 0.103, li_recovered:  8.224, time: 0.014429834000111441
L: 4.41, u_super: 0.00978, sec: 5397.859, prod: 0.206073, t_ads: 169.0, t_des: 141.8, bed_util_ads: 0.495, bed_util_des: 0.495, des_th: 0.4948834777955413,frac_lost: 0.100, li_recovered:  64.062, time: 0.0156683859986515
L: 0.50, u_super: 0.00497, sec: 273.087, prod: 0.112061, t_ads: 39.1, t_des: 35.2, bed_util_ads: 0.498, bed_util_des: 0.498, des_th: 0.4981177499174302,frac_lost: 0.104, li_recovered:  8.329, time: 0.01468698700045934
   797 |    31880 |     40 |  0.0019185826 |             f
L: 0.50, u_super: 0.00157, sec: 86.103, prod: 0.034050, t_ads: 121.9, t_des: 103.8, bed_util_ads: 0.498, bed_util_des: 0.498, des_th: 0.49766585324861123,frac_lost: 0.107, li_recovered:  7.684, time: 0.013028237999606063
L: 0.50, u_super: 0.00934, sec: 568.572, prod: 0.201406, t_ads: 20.9, t_des: 22.3, bed_util_ads: 0.479, bed_util_des: 0.479, des_th: 0.47877836088921155,frac_lost: 0.104, li_recovered:  8.706, time: 0.014054081999347545
L: 0.50, u_super: 0.00535, sec: 295.325, prod: 0.120937, t_ads: 36.3, t_des: 32.8, bed_util_ads: 0.499, bed_util_des: 0.498, des_th: 0.4984057231032796,frac_lost: 0.103, li_recovered:  8.354, time: 0.020911783998599276
L: 0.50, u_super: 0.00017 — INFEASIBLE (li_recovered=0.000e+00), time: 0.009230118999767
L: 0.50, u_super: 0.00706, sec: 398.072, prod: 0.159316, t_ads: 27.8, t_des: 25.2, bed_util_ads: 0.500, bed_util_des: 0.499, des_th: 0.4993897793642535,frac_lost: 0.109, li_recovered:  8.438, time: 0.012790569999197032
L: 0.50, u_super: 0.00969, sec: 562.967, prod: 0.219726, t_ads: 20.1, t_des: 18.1, bed_util_ads: 0.500, bed_util_des: 0.499, des_th: 0.49942522551682056,frac_lost: 0.104, li_recovered:  8.406, time: 0.021316430998922442
L: 53.74, u_super: 0.00698 — INFEASIBLE (li_recovered=0.000e+00), time: 0.005985337998936302
L: 0.50, u_super: 0.00719, sec: 405.111, prod: 0.163045, t_ads: 27.0, t_des: 24.4, bed_util_ads: 0.500, bed_util_des: 0.500, des_th: 0.4996017357025339,frac_lost: 0.101, li_recovered:  8.373, time: 0.022292281999398256
L: 9.19, u_super: 0.00476 — INFEASIBLE (li_recovered=0.000e+00), time: 0.004894916999546695
L: 0.50, u_super: 0.00933, sec: 539.644, prod: 0.211530, t_ads: 20.9, t_des: 19.0, bed_util_ads: 0.499, bed_util_des: 0.498, des_th: 0.4984210259993101,frac_lost: 0.104, li_recovered:  8.444, time: 0.008915493001040886
L: 0.50, u_super: 0.00990, sec: 623.964, prod: 0.207534, t_ads: 19.7, t_des: 22.3, bed_util_ads: 0.471, bed_util_des: 0.471, des_th: 0.47079502332392925,frac_lost: 0.103, li_recovered:  8.714, time: 0.014125514000625117
L: 50.52, u_super: 0.00160 — INFEASIBLE (li_recovered=0.000e+00), time: 0.0022879730004206067
L: 0.50, u_super: 0.00985, sec: 573.106, prod: 0.223623, t_ads: 19.8, t_des: 17.8, bed_util_ads: 0.500, bed_util_des: 0.500, des_th: 0.4998220197428809,frac_lost: 0.102, li_recovered:  8.398, time: 0.013465456999256276
L: 92.08, u_super: 0.00726 — INFEASIBLE (li_recovered=0.000e+00), time: 0.0017423270001017954
L: 14.69, u_super: 0.00259 — INFEASIBLE (li_recovered=0.000e+00), time: 0.00276195500009635
L: 0.50, u_super: 0.00934, sec: 540.502, prod: 0.211866, t_ads: 20.9, t_des: 19.0, bed_util_ads: 0.500, bed_util_des: 0.500, des_th: 0.49964756366893914,frac_lost: 0.104, li_recovered:  8.442, time: 0.01616218599883723
L: 0.50, u_super: 0.00750, sec: 425.275, prod: 0.169355, t_ads: 26.1, t_des: 23.9, bed_util_ads: 0.497, bed_util_des: 0.497, des_th: 0.49724820686625665,frac_lost: 0.108, li_recovered:  8.480, time: 0.00841631699950085
L: 0.50, u_super: 0.00664, sec: 372.675, prod: 0.149809, t_ads: 29.5, t_des: 27.1, bed_util_ads: 0.498, bed_util_des: 0.498, des_th: 0.49766585324861123,frac_lost: 0.108, li_recovered:  8.472, time: 0.012529437000921462
L: 0.50, u_super: 0.00055, sec: 139.475, prod: 0.002516, t_ads: 360.6, t_des: 3133.4, bed_util_ads: 0.221, bed_util_des: 0.185, des_th: 0.18479802728323666,frac_lost: 0.102, li_recovered:  8.789, time: 0.055713355000989395
L: 0.50, u_super: 0.00650, sec: 363.494, prod: 0.147206, t_ads: 29.8, t_des: 26.7, bed_util_ads: 0.500, bed_util_des: 0.500, des_th: 0.4995791622102862,frac_lost: 0.101, li_recovered:  8.321, time: 0.012776641999153071
L: 0.50, u_super: 0.00098 — INFEASIBLE (li_recovered=0.000e+00), time: 0.010978252999848337
L: 0.50, u_super: 0.00473, sec: 259.279, prod: 0.106497, t_ads: 41.1, t_des: 37.1, bed_util_ads: 0.498, bed_util_des: 0.498, des_th: 0.4981177499174302,frac_lost: 0.105, li_recovered:  8.333, time: 0.015361382000264712
L: 0.50, u_super: 0.00600, sec: 2900.049, prod: 0.015603, t_ads: 32.7, t_des: 530.1, bed_util_ads: 0.190, bed_util_des: 0.185, des_th: 0.1851696623157332,frac_lost: 0.103, li_recovered:  8.781, time: 0.09452954900007171
L: 42.50, u_super: 0.00984 — INFEASIBLE (li_recovered=0.000e+00), time: 0.004124387998672319
L: 0.50, u_super: 0.00296, sec: 159.969, prod: 0.065888, t_ads: 65.2, t_des: 57.3, bed_util_ads: 0.499, bed_util_des: 0.499, des_th: 0.49868541440321706,frac_lost: 0.102, li_recovered:  8.075, time: 0.015351149999332847
L: 0.50, u_super: 0.00736, sec: 456.879, prod: 0.151596, t_ads: 26.6, t_des: 30.8, bed_util_ads: 0.468, bed_util_des: 0.467, des_th: 0.4673327769338322,frac_lost: 0.107, li_recovered:  8.700, time: 0.017423060000510304
L: 0.50, u_super: 0.00056, sec: 32.081, prod: 0.011469, t_ads: 327.4, t_des: 338.4, bed_util_ads: 0.455, bed_util_des: 0.451, des_th: 0.45092272948650575,frac_lost: 0.105, li_recovered:  7.636, time: 0.011638533000223106
L: 0.50, u_super: 0.00736, sec: 416.378, prod: 0.166184, t_ads: 26.6, t_des: 23.9, bed_util_ads: 0.500, bed_util_des: 0.500, des_th: 0.4998103823962476,frac_lost: 0.108, li_recovered:  8.398, time: 0.013207037998654414
L: 13.06, u_super: 0.00556 — INFEASIBLE (li_recovered=0.000e+00), time: 0.004874840000411496
L: 0.50, u_super: 0.00912, sec: 527.293, prod: 0.206239, t_ads: 21.5, t_des: 19.4, bed_util_ads: 0.500, bed_util_des: 0.500, des_th: 0.4998103823962476,frac_lost: 0.109, li_recovered:  8.450, time: 0.010935914999208762
L: 0.50, u_super: 0.00257, sec: 138.133, prod: 0.057317, t_ads: 75.1, t_des: 70.0, bed_util_ads: 0.492, bed_util_des: 0.491, des_th: 0.49113192550733376,frac_lost: 0.103, li_recovered:  8.317, time: 0.01288426300015999
L: 0.50, u_super: 0.00823, sec: 475.786, prod: 0.184084, t_ads: 23.8, t_des: 23.1, bed_util_ads: 0.490, bed_util_des: 0.490, des_th: 0.48975511701475294,frac_lost: 0.106, li_recovered:  8.633, time: 0.015449242999238777
L: 0.50, u_super: 0.00585, sec: 324.507, prod: 0.132230, t_ads: 33.2, t_des: 29.7, bed_util_ads: 0.500, bed_util_des: 0.500, des_th: 0.4997288294764409,frac_lost: 0.101, li_recovered:  8.314, time: 0.01213620500129764
L: 0.50, u_super: 0.00424, sec: 231.365, prod: 0.095208, t_ads: 45.9, t_des: 41.0, bed_util_ads: 0.499, bed_util_des: 0.499, des_th: 0.498563355663886,frac_lost: 0.105, li_recovered:  8.270, time: 0.01429834600094182
L: 19.44, u_super: 0.00481 — INFEASIBLE (li_recovered=0.000e+00), time: 0.0023522570008935872
L: 0.50, u_super: 0.00803, sec: 458.091, prod: 0.181393, t_ads: 24.4, t_des: 22.1, bed_util_ads: 0.500, bed_util_des: 0.500, des_th: 0.4996017357025339,frac_lost: 0.109, li_recovered:  8.449, time: 0.01237780899828067
L: 0.50, u_super: 0.00005 — INFEASIBLE (li_recovered=0.000e+00), time: 0.001967621999938274
L: 0.50, u_super: 0.00039 — INFEASIBLE (li_recovered=0.000e+00), time: 0.010073201001432608
L: 0.50, u_super: 0.00175, sec: 95.211, prod: 0.038007, t_ads: 109.3, t_des: 93.5, bed_util_ads: 0.499, bed_util_des: 0.498, des_th: 0.4985178828799563,frac_lost: 0.102, li_recovered:  7.707, time: 0.013873179999791319
L: 56.85, u_super: 0.00464 — INFEASIBLE (li_recovered=0.000e+00), time: 0.0015688269995735027
   798 |    31920 |     40 |  0.0042385850 |             f
L: 0.50, u_super: 0.00890, sec: 512.193, prod: 0.201548, t_ads: 22.0, t_des: 19.9, bed_util_ads: 0.499, bed_util_des: 0.498, des_th: 0.4984159753065832,frac_lost: 0.105, li_recovered:  8.442, time: 0.013618262000818504
L: 0.50, u_super: 0.00421, sec: 229.863, prod: 0.094815, t_ads: 46.1, t_des: 41.6, bed_util_ads: 0.498, bed_util_des: 0.498, des_th: 0.4979926512693769,frac_lost: 0.105, li_recovered:  8.319, time: 0.016379424998376635
L: 0.50, u_super: 0.00198, sec: 107.801, prod: 0.043402, t_ads: 97.3, t_des: 83.6, bed_util_ads: 0.499, bed_util_des: 0.499, des_th: 0.49869775004192624,frac_lost: 0.108, li_recovered:  7.850, time: 0.015797440999449464
L: 4.29, u_super: 0.00006 — INFEASIBLE (li_recovered=0.000e+00), time: 0.002342698000575183
L: 41.76, u_super: 0.00063 — INFEASIBLE (li_recovered=0.000e+00), time: 0.003256232999774511
L: 37.18, u_super: 0.00018 — INFEASIBLE (li_recovered=0.000e+00), time: 0.002143903000614955
L: 0.50, u_super: 0.00411, sec: 233.644, prod: 0.088591, t_ads: 47.5, t_des: 49.8, bed_util_ads: 0.478, bed_util_des: 0.477, des_th: 0.47725458168656343,frac_lost: 0.107, li_recovered:  8.621, time: 0.02129370900001959
L: 0.50, u_super: 0.00622, sec: 347.224, prod: 0.140184, t_ads: 31.5, t_des: 28.2, bed_util_ads: 0.500, bed_util_des: 0.500, des_th: 0.49975335690029576,frac_lost: 0.108, li_recovered:  8.371, time: 0.017351431999486522
L: 0.50, u_super: 0.00056, sec: 32.081, prod: 0.011469, t_ads: 327.4, t_des: 338.4, bed_util_ads: 0.455, bed_util_des: 0.451, des_th: 0.45092272948650575,frac_lost: 0.105, li_recovered:  7.636, time: 0.014093452999077272
L: 0.50, u_super: 0.00005, sec: 4.335, prod: 0.000668, t_ads: 3540.6, t_des: 6333.4, bed_util_ads: 0.249, bed_util_des: 0.175, des_th: 0.17555728031212053,frac_lost: 0.103, li_recovered:  6.593, time: 0.01836521199948038
L: 0.50, u_super: 0.00345, sec: 187.588, prod: 0.077206, t_ads: 56.2, t_des: 49.6, bed_util_ads: 0.500, bed_util_des: 0.500, des_th: 0.499973368064202,frac_lost: 0.106, li_recovered:  8.170, time: 0.013530286998502561
L: 0.50, u_super: 0.00047, sec: 29.138, prod: 0.008690, t_ads: 393.8, t_des: 488.8, bed_util_ads: 0.425, bed_util_des: 0.417, des_th: 0.4170186346269022,frac_lost: 0.104, li_recovered:  7.670, time: 0.012812262999432278
L: 0.50, u_super: 0.00793, sec: 450.511, prod: 0.179716, t_ads: 24.5, t_des: 22.1, bed_util_ads: 0.499, bed_util_des: 0.499, des_th: 0.49934235472721333,frac_lost: 0.102, li_recovered:  8.375, time: 0.011993483001788263
L: 2.64, u_super: 0.00694 — INFEASIBLE (li_recovered=0.000e+00), time: 0.010053079000499565
L: 0.50, u_super: 0.00496, sec: 272.770, prod: 0.111950, t_ads: 39.1, t_des: 35.4, bed_util_ads: 0.498, bed_util_des: 0.498, des_th: 0.4981523936505589,frac_lost: 0.104, li_recovered:  8.341, time: 0.013241792999906465
L: 0.50, u_super: 0.00175, sec: 95.459, prod: 0.038039, t_ads: 109.2, t_des: 93.2, bed_util_ads: 0.499, bed_util_des: 0.499, des_th: 0.4985628114243501,frac_lost: 0.103, li_recovered:  7.700, time: 0.013785535998977139
L: 0.50, u_super: 0.00956, sec: 555.419, prod: 0.216608, t_ads: 20.5, t_des: 18.8, bed_util_ads: 0.498, bed_util_des: 0.498, des_th: 0.4979073163145674,frac_lost: 0.106, li_recovered:  8.493, time: 0.011350972999935038
L: 0.50, u_super: 0.00852, sec: 488.801, prod: 0.192904, t_ads: 23.0, t_des: 20.8, bed_util_ads: 0.500, bed_util_des: 0.499, des_th: 0.4994064375603425,frac_lost: 0.107, li_recovered:  8.448, time: 0.008746170000449638
L: 0.50, u_super: 0.00535, sec: 296.007, prod: 0.120659, t_ads: 36.3, t_des: 32.1, bed_util_ads: 0.500, bed_util_des: 0.500, des_th: 0.4999296686814248,frac_lost: 0.103, li_recovered:  8.251, time: 0.009559126998283318
L: 0.50, u_super: 0.00386, sec: 210.330, prod: 0.086693, t_ads: 50.4, t_des: 45.1, bed_util_ads: 0.499, bed_util_des: 0.499, des_th: 0.498563355663886,frac_lost: 0.107, li_recovered:  8.274, time: 0.01610619899838639
L: 0.50, u_super: 0.00477, sec: 297.024, prod: 0.094607, t_ads: 40.7, t_des: 50.8, bed_util_ads: 0.457, bed_util_des: 0.456, des_th: 0.45580716985001546,frac_lost: 0.102, li_recovered:  8.655, time: 0.011970644000030006
L: 0.50, u_super: 0.00362, sec: 197.134, prod: 0.080812, t_ads: 53.9, t_des: 47.4, bed_util_ads: 0.500, bed_util_des: 0.500, des_th: 0.49972788872480917,frac_lost: 0.109, li_recovered:  8.186, time: 0.013614884999697097
L: 3.54, u_super: 0.00912 — INFEASIBLE (li_recovered=0.000e+00), time: 0.00692660900131159
L: 0.50, u_super: 0.00083, sec: 45.500, prod: 0.017539, t_ads: 227.5, t_des: 210.9, bed_util_ads: 0.479, bed_util_des: 0.477, des_th: 0.4774804643230291,frac_lost: 0.108, li_recovered:  7.690, time: 0.010868978999496903
L: 0.50, u_super: 0.00952, sec: 572.457, prod: 0.208012, t_ads: 20.5, t_des: 21.3, bed_util_ads: 0.482, bed_util_des: 0.482, des_th: 0.48212607349066916,frac_lost: 0.104, li_recovered:  8.698, time: 0.011535494999407092
L: 0.50, u_super: 0.00990, sec: 582.931, prod: 0.222043, t_ads: 19.7, t_des: 19.2, bed_util_ads: 0.490, bed_util_des: 0.490, des_th: 0.48988792733312897,frac_lost: 0.104, li_recovered:  8.641, time: 0.011742355000023963
L: 0.50, u_super: 0.00665, sec: 372.039, prod: 0.150631, t_ads: 29.2, t_des: 26.7, bed_util_ads: 0.498, bed_util_des: 0.498, des_th: 0.4976397807190497,frac_lost: 0.101, li_recovered:  8.417, time: 0.010571355000138283
L: 0.50, u_super: 0.00202, sec: 110.041, prod: 0.044291, t_ads: 95.5, t_des: 81.9, bed_util_ads: 0.499, bed_util_des: 0.499, des_th: 0.4986926322077864,frac_lost: 0.108, li_recovered:  7.856, time: 0.009842067000136012
L: 0.50, u_super: 0.00539, sec: 297.601, prod: 0.121908, t_ads: 36.0, t_des: 32.6, bed_util_ads: 0.498, bed_util_des: 0.498, des_th: 0.49767577100535837,frac_lost: 0.102, li_recovered:  8.363, time: 0.0098226939990127
L: 0.50, u_super: 0.00430, sec: 234.268, prod: 0.097016, t_ads: 44.9, t_des: 40.8, bed_util_ads: 0.497, bed_util_des: 0.496, des_th: 0.4964744049469303,frac_lost: 0.100, li_recovered:  8.317, time: 0.012403944001562195
L: 0.50, u_super: 0.00113, sec: 66.158, prod: 0.022834, t_ads: 167.2, t_des: 194.7, bed_util_ads: 0.454, bed_util_des: 0.451, des_th: 0.45117185770294244,frac_lost: 0.101, li_recovered:  8.264, time: 0.013748293000389822
L: 0.50, u_super: 0.00225, sec: 121.612, prod: 0.049609, t_ads: 85.7, t_des: 74.6, bed_util_ads: 0.499, bed_util_des: 0.499, des_th: 0.4986926322077864,frac_lost: 0.105, li_recovered:  7.952, time: 0.010836698000275646
L: 0.50, u_super: 0.00806, sec: 460.740, prod: 0.182187, t_ads: 24.3, t_des: 22.0, bed_util_ads: 0.500, bed_util_des: 0.500, des_th: 0.4997958675863285,frac_lost: 0.110, li_recovered:  8.444, time: 0.01178992799941625
L: 11.64, u_super: 0.00574 — INFEASIBLE (li_recovered=0.000e+00), time: 0.003930213000785443
L: 49.40, u_super: 0.00423 — INFEASIBLE (li_recovered=0.000e+00), time: 0.003626678000728134
L: 0.50, u_super: 0.00670, sec: 375.364, prod: 0.151857, t_ads: 29.0, t_des: 26.2, bed_util_ads: 0.499, bed_util_des: 0.499, des_th: 0.49919116334966007,frac_lost: 0.101, li_recovered:  8.375, time: 0.008291849000670481
L: 0.50, u_super: 0.00977, sec: 568.384, prod: 0.221600, t_ads: 20.0, t_des: 17.9, bed_util_ads: 0.500, bed_util_des: 0.500, des_th: 0.4998219520331267,frac_lost: 0.104, li_recovered:  8.397, time: 0.011632804000328179
L: 0.50, u_super: 0.00009 — INFEASIBLE (li_recovered=0.000e+00), time: 0.0038096169992059004
L: 14.15, u_super: 0.00175 — INFEASIBLE (li_recovered=0.000e+00), time: 0.0027409990016167285
L: 0.50, u_super: 0.00833, sec: 3737.155, prod: 0.024071, t_ads: 23.5, t_des: 341.2, bed_util_ads: 0.199, bed_util_des: 0.196, des_th: 0.19582273878271378,frac_lost: 0.102, li_recovered:  8.777, time: 0.09558487200047239
   799 |    31960 |     40 |  0.0025381320 |             f
L: 0.50, u_super: 0.00016, sec: 16.871, prod: 0.001813, t_ads: 1174.8, t_des: 3243.8, bed_util_ads: 0.283, bed_util_des: 0.227, des_th: 0.2268705013100827,frac_lost: 0.104, li_recovered:  8.010, time: 0.021035378998931265
L: 0.50, u_super: 0.00296, sec: 159.246, prod: 0.066169, t_ads: 65.3, t_des: 60.9, bed_util_ads: 0.492, bed_util_des: 0.491, des_th: 0.49113192550733376,frac_lost: 0.102, li_recovered:  8.350, time: 0.01278183300019009
L: 0.50, u_super: 0.00543, sec: 299.742, prod: 0.122490, t_ads: 35.8, t_des: 32.1, bed_util_ads: 0.499, bed_util_des: 0.498, des_th: 0.4984057231032796,frac_lost: 0.103, li_recovered:  8.314, time: 0.020100977999391034
L: 0.50, u_super: 0.00362, sec: 197.035, prod: 0.080853, t_ads: 53.9, t_des: 47.4, bed_util_ads: 0.500, bed_util_des: 0.500, des_th: 0.4997350684266009,frac_lost: 0.108, li_recovered:  8.190, time: 0.011343126001520432
L: 0.50, u_super: 0.00613, sec: 341.215, prod: 0.138528, t_ads: 31.7, t_des: 28.3, bed_util_ads: 0.500, bed_util_des: 0.500, des_th: 0.4998103823962476,frac_lost: 0.101, li_recovered:  8.298, time: 0.017468358000769513
L: 0.50, u_super: 0.00550, sec: 303.949, prod: 0.124125, t_ads: 35.3, t_des: 31.6, bed_util_ads: 0.500, bed_util_des: 0.500, des_th: 0.499982837250987,frac_lost: 0.102, li_recovered:  8.308, time: 0.01334260799922049
L: 0.50, u_super: 0.00564, sec: 312.308, prod: 0.127528, t_ads: 34.4, t_des: 31.1, bed_util_ads: 0.498, bed_util_des: 0.498, des_th: 0.4982017889756074,frac_lost: 0.103, li_recovered:  8.359, time: 0.016009388000384206
L: 0.50, u_super: 0.00690, sec: 416.397, prod: 0.145276, t_ads: 28.1, t_des: 31.6, bed_util_ads: 0.471, bed_util_des: 0.471, des_th: 0.470586642095221,frac_lost: 0.101, li_recovered:  8.684, time: 0.012659739000810077
L: 26.32, u_super: 0.00072 — INFEASIBLE (li_recovered=0.000e+00), time: 0.0017394930000591557
L: 0.50, u_super: 0.00642, sec: 360.313, prod: 0.144594, t_ads: 30.2, t_des: 29.0, bed_util_ads: 0.491, bed_util_des: 0.491, des_th: 0.49113192550733376,frac_lost: 0.101, li_recovered:  8.566, time: 0.016810496999823954
L: 5.38, u_super: 0.00296 — INFEASIBLE (li_recovered=0.000e+00), time: 0.006752579998646979
L: 0.50, u_super: 0.00259, sec: 144.329, prod: 0.055700, t_ads: 74.6, t_des: 78.5, bed_util_ads: 0.476, bed_util_des: 0.475, des_th: 0.4751225785185825,frac_lost: 0.103, li_recovered:  8.524, time: 0.013429991999146296
L: 0.50, u_super: 0.00537, sec: 296.434, prod: 0.121244, t_ads: 36.1, t_des: 32.4, bed_util_ads: 0.499, bed_util_des: 0.498, des_th: 0.4984057231032796,frac_lost: 0.102, li_recovered:  8.310, time: 0.014727890000358457
L: 28.22, u_super: 0.00605 — INFEASIBLE (li_recovered=0.000e+00), time: 0.0037238280001474777
L: 0.50, u_super: 0.00912, sec: 526.621, prod: 0.206502, t_ads: 21.4, t_des: 19.6, bed_util_ads: 0.498, bed_util_des: 0.497, des_th: 0.4973935136015045,frac_lost: 0.106, li_recovered:  8.484, time: 0.011523750999913318
L: 0.50, u_super: 0.00698, sec: 392.121, prod: 0.157992, t_ads: 27.8, t_des: 24.8, bed_util_ads: 0.500, bed_util_des: 0.500, des_th: 0.4997958675863285,frac_lost: 0.100, li_recovered:  8.315, time: 0.01681361500050116
L: 0.50, u_super: 0.00735, sec: 433.045, prod: 0.159536, t_ads: 26.6, t_des: 27.9, bed_util_ads: 0.480, bed_util_des: 0.480, des_th: 0.47997196354486366,frac_lost: 0.106, li_recovered:  8.684, time: 0.009580927000570227
L: 0.50, u_super: 0.00298, sec: 161.182, prod: 0.066348, t_ads: 64.8, t_des: 56.9, bed_util_ads: 0.499, bed_util_des: 0.499, des_th: 0.49868541440321706,frac_lost: 0.102, li_recovered:  8.072, time: 0.010452536000229884
L: 85.89, u_super: 0.00743 — INFEASIBLE (li_recovered=0.000e+00), time: 0.002153957000700757
L: 0.50, u_super: 0.00095, sec: 399.770, prod: 0.002648, t_ads: 207.7, t_des: 3127.4, bed_util_ads: 0.185, bed_util_des: 0.160, des_th: 0.15966282883539631,frac_lost: 0.101, li_recovered:  8.832, time: 0.09093209299862792
L: 0.50, u_super: 0.00951, sec: 551.699, prod: 0.215706, t_ads: 20.5, t_des: 18.6, bed_util_ads: 0.500, bed_util_des: 0.500, des_th: 0.4997296706974462,frac_lost: 0.105, li_recovered:  8.449, time: 0.01354955799979507
L: 57.39, u_super: 0.00889 — INFEASIBLE (li_recovered=0.000e+00), time: 0.002487995001501986
L: 0.50, u_super: 0.00335, sec: 182.016, prod: 0.074796, t_ads: 58.0, t_des: 55.0, bed_util_ads: 0.490, bed_util_des: 0.490, des_th: 0.4895992625000024,frac_lost: 0.107, li_recovered:  8.451, time: 0.01222686900109693
L: 0.50, u_super: 0.00626, sec: 349.162, prod: 0.141399, t_ads: 31.1, t_des: 27.7, bed_util_ads: 0.500, bed_util_des: 0.500, des_th: 0.49964457270778206,frac_lost: 0.103, li_recovered:  8.308, time: 0.01261318700017
L: 0.50, u_super: 0.00401, sec: 218.348, prod: 0.090012, t_ads: 48.4, t_des: 45.4, bed_util_ads: 0.493, bed_util_des: 0.493, des_th: 0.49309562429228376,frac_lost: 0.104, li_recovered:  8.444, time: 0.01427469000009296
L: 0.50, u_super: 0.00747, sec: 421.596, prod: 0.169337, t_ads: 26.0, t_des: 23.8, bed_util_ads: 0.497, bed_util_des: 0.497, des_th: 0.4972272641654265,frac_lost: 0.101, li_recovered:  8.429, time: 0.014195497999025974
L: 47.81, u_super: 0.00249 — INFEASIBLE (li_recovered=0.000e+00), time: 0.002774089998638374
L: 0.50, u_super: 0.00217, sec: 117.744, prod: 0.047594, t_ads: 89.1, t_des: 76.6, bed_util_ads: 0.499, bed_util_des: 0.499, des_th: 0.4990817046113456,frac_lost: 0.107, li_recovered:  7.882, time: 0.01488212799995381
L: 0.50, u_super: 0.00977, sec: 568.027, prod: 0.221430, t_ads: 20.0, t_des: 18.1, bed_util_ads: 0.500, bed_util_des: 0.500, des_th: 0.49952576224477624,frac_lost: 0.105, li_recovered:  8.448, time: 0.01816666900049313
L: 59.47, u_super: 0.00529 — INFEASIBLE (li_recovered=0.000e+00), time: 0.00426490799873136
L: 9.26, u_super: 0.00813 — INFEASIBLE (li_recovered=0.000e+00), time: 0.008896613000615616
L: 0.50, u_super: 0.00775, sec: 453.491, prod: 0.170229, t_ads: 25.3, t_des: 25.7, bed_util_ads: 0.484, bed_util_des: 0.484, des_th: 0.4840597047017535,frac_lost: 0.108, li_recovered:  8.678, time: 0.017010834000757313
L: 0.50, u_super: 0.00964, sec: 560.117, prod: 0.218430, t_ads: 20.3, t_des: 18.3, bed_util_ads: 0.500, bed_util_des: 0.500, des_th: 0.4998103823962476,frac_lost: 0.106, li_recovered:  8.436, time: 0.014469308000116143
L: 0.50, u_super: 0.00904, sec: 522.143, prod: 0.204735, t_ads: 21.6, t_des: 19.8, bed_util_ads: 0.499, bed_util_des: 0.498, des_th: 0.49845466446923453,frac_lost: 0.107, li_recovered:  8.488, time: 0.013693561999389203
L: 0.50, u_super: 0.00750, sec: 425.584, prod: 0.169238, t_ads: 26.2, t_des: 24.0, bed_util_ads: 0.497, bed_util_des: 0.497, des_th: 0.49724820686625665,frac_lost: 0.109, li_recovered:  8.494, time: 0.016943267000897322
L: 0.50, u_super: 0.00954, sec: 553.561, prod: 0.216151, t_ads: 20.5, t_des: 18.6, bed_util_ads: 0.500, bed_util_des: 0.499, des_th: 0.4994291226621797,frac_lost: 0.106, li_recovered:  8.458, time: 0.015352245000030962
L: 0.50, u_super: 0.00844, sec: 483.360, prod: 0.191133, t_ads: 23.2, t_des: 21.0, bed_util_ads: 0.500, bed_util_des: 0.499, des_th: 0.49941800771673645,frac_lost: 0.106, li_recovered:  8.439, time: 0.015237796000292292
L: 0.50, u_super: 0.00268, sec: 144.135, prod: 0.059839, t_ads: 71.9, t_des: 64.9, bed_util_ads: 0.495, bed_util_des: 0.495, des_th: 0.4950640910410529,frac_lost: 0.102, li_recovered:  8.186, time: 0.008822681000310695
L: 0.50, u_super: 0.00698, sec: 393.045, prod: 0.157615, t_ads: 28.0, t_des: 25.2, bed_util_ads: 0.500, bed_util_des: 0.500, des_th: 0.49997661596556475,frac_lost: 0.107, li_recovered:  8.391, time: 0.011361975000909297
L: 0.50, u_super: 0.00079 — INFEASIBLE (li_recovered=0.000e+00), time: 0.008355907999430201
   800 |    32000 |     40 |  0.0020205924 |             f
L: 42.21, u_super: 0.00768 — INFEASIBLE (li_recovered=0.000e+00), time: 0.003989344000729034
L: 0.50, u_super: 0.00161, sec: 87.221, prod: 0.035203, t_ads: 118.6, t_des: 116.9, bed_util_ads: 0.480, bed_util_des: 0.479, des_th: 0.47907372132063436,frac_lost: 0.102, li_recovered:  8.292, time: 0.013284066999403876
L: 0.50, u_super: 0.00083, sec: 48.409, prod: 0.016690, t_ads: 225.9, t_des: 258.2, bed_util_ads: 0.451, bed_util_des: 0.448, des_th: 0.44777655084517615,frac_lost: 0.102, li_recovered:  8.081, time: 0.0132512760010286
L: 11.25, u_super: 0.00719 — INFEASIBLE (li_recovered=0.000e+00), time: 0.007306648998564924
L: 21.48, u_super: 0.00671 — INFEASIBLE (li_recovered=0.000e+00), time: 0.003157487000862602
L: 0.50, u_super: 0.00846, sec: 485.229, prod: 0.191516, t_ads: 23.1, t_des: 21.0, bed_util_ads: 0.500, bed_util_des: 0.499, des_th: 0.49941800771673645,frac_lost: 0.107, li_recovered:  8.444, time: 0.01573936400018283
L: 0.50, u_super: 0.00888, sec: 511.654, prod: 0.201196, t_ads: 22.0, t_des: 20.0, bed_util_ads: 0.498, bed_util_des: 0.498, des_th: 0.49816000163045154,frac_lost: 0.106, li_recovered:  8.454, time: 0.009806406998905004
L: 0.50, u_super: 0.00371, sec: 202.580, prod: 0.082871, t_ads: 52.3, t_des: 50.2, bed_util_ads: 0.489, bed_util_des: 0.489, des_th: 0.48894132447703326,frac_lost: 0.105, li_recovered:  8.498, time: 0.014949583999623428
L: 0.50, u_super: 0.00789, sec: 461.530, prod: 0.173804, t_ads: 24.8, t_des: 25.1, bed_util_ads: 0.485, bed_util_des: 0.484, des_th: 0.4843912269946865,frac_lost: 0.106, li_recovered:  8.675, time: 0.013831148000463145
L: 0.50, u_super: 0.00956, sec: 554.376, prod: 0.216668, t_ads: 20.4, t_des: 18.6, bed_util_ads: 0.500, bed_util_des: 0.500, des_th: 0.4997296706974462,frac_lost: 0.105, li_recovered:  8.456, time: 0.012435826000000816
L: 0.50, u_super: 0.00463, sec: 253.615, prod: 0.104385, t_ads: 42.0, t_des: 38.5, bed_util_ads: 0.497, bed_util_des: 0.496, des_th: 0.49649196535313134,frac_lost: 0.104, li_recovered:  8.397, time: 0.013686757998584653
L: 0.50, u_super: 0.00714, sec: 451.052, prod: 0.144237, t_ads: 27.5, t_des: 32.9, bed_util_ads: 0.464, bed_util_des: 0.464, des_th: 0.4636713145057705,frac_lost: 0.108, li_recovered:  8.701, time: 0.015803773001607624
L: 0.50, u_super: 0.00173, sec: 94.448, prod: 0.037635, t_ads: 110.5, t_des: 94.3, bed_util_ads: 0.499, bed_util_des: 0.498, des_th: 0.4985178828799563,frac_lost: 0.104, li_recovered:  7.706, time: 0.015489458999581984
L: 0.50, u_super: 0.00874, sec: 502.428, prod: 0.197892, t_ads: 22.4, t_des: 20.3, bed_util_ads: 0.500, bed_util_des: 0.500, des_th: 0.4995822195106253,frac_lost: 0.106, li_recovered:  8.441, time: 0.009996630999012268
L: 0.50, u_super: 0.00724, sec: 409.222, prod: 0.163550, t_ads: 27.0, t_des: 24.8, bed_util_ads: 0.497, bed_util_des: 0.497, des_th: 0.4972772202123941,frac_lost: 0.107, li_recovered:  8.474, time: 0.014439946000493364
L: 0.50, u_super: 0.00925, sec: 534.550, prod: 0.209545, t_ads: 21.1, t_des: 19.4, bed_util_ads: 0.498, bed_util_des: 0.497, des_th: 0.4973935136015045,frac_lost: 0.105, li_recovered:  8.488, time: 0.015498225000555976
L: 0.50, u_super: 0.00362, sec: 1646.836, prod: 0.009674, t_ads: 54.2, t_des: 854.0, bed_util_ads: 0.190, bed_util_des: 0.183, des_th: 0.18319942806596196,frac_lost: 0.103, li_recovered:  8.786, time: 0.10198867300096026
L: 0.50, u_super: 0.00202, sec: 109.756, prod: 0.044229, t_ads: 95.4, t_des: 81.9, bed_util_ads: 0.500, bed_util_des: 0.500, des_th: 0.4997296706974462,frac_lost: 0.106, li_recovered:  7.843, time: 0.00963783600127499
L: 0.50, u_super: 0.00904, sec: 521.481, prod: 0.204654, t_ads: 21.6, t_des: 19.7, bed_util_ads: 0.499, bed_util_des: 0.499, des_th: 0.49876799089590285,frac_lost: 0.106, li_recovered:  8.462, time: 0.010639079000611673
L: 0.50, u_super: 0.00087, sec: 50.472, prod: 0.017589, t_ads: 217.6, t_des: 243.9, bed_util_ads: 0.454, bed_util_des: 0.451, des_th: 0.45092272948650575,frac_lost: 0.107, li_recovered:  8.117, time: 0.015499850000196602
L: 0.50, u_super: 0.00535, sec: 295.169, prod: 0.121001, t_ads: 36.2, t_des: 32.9, bed_util_ads: 0.499, bed_util_des: 0.498, des_th: 0.4984094475467129,frac_lost: 0.102, li_recovered:  8.361, time: 0.013162645998818334
L: 0.50, u_super: 0.00382, sec: 225.629, prod: 0.079005, t_ads: 50.9, t_des: 58.3, bed_util_ads: 0.467, bed_util_des: 0.466, des_th: 0.4659933427289114,frac_lost: 0.105, li_recovered:  8.623, time: 0.016812330999528058
L: 0.50, u_super: 0.00431, sec: 235.837, prod: 0.096778, t_ads: 45.2, t_des: 42.2, bed_util_ads: 0.494, bed_util_des: 0.494, des_th: 0.4939519420517273,frac_lost: 0.107, li_recovered:  8.457, time: 0.013134881999576464
L: 23.10, u_super: 0.00753 — INFEASIBLE (li_recovered=0.000e+00), time: 0.00307960900136095
L: 0.50, u_super: 0.00021, sec: 31.900, prod: 0.001546, t_ads: 963.3, t_des: 4631.3, bed_util_ads: 0.245, bed_util_des: 0.181, des_th: 0.18144499384309193,frac_lost: 0.103, li_recovered:  8.649, time: 0.027525630001036916
L: 0.50, u_super: 0.00334, sec: 181.152, prod: 0.074441, t_ads: 58.3, t_des: 51.4, bed_util_ads: 0.500, bed_util_des: 0.500, des_th: 0.4997345020850938,frac_lost: 0.108, li_recovered:  8.168, time: 0.011173487999258214
L: 0.50, u_super: 0.00157, sec: 86.845, prod: 0.033570, t_ads: 122.1, t_des: 127.0, bed_util_ads: 0.473, bed_util_des: 0.471, des_th: 0.47124616522819024,frac_lost: 0.104, li_recovered:  8.362, time: 0.012144850999902701
L: 0.50, u_super: 0.00988, sec: 575.818, prod: 0.223899, t_ads: 19.8, t_des: 18.0, bed_util_ads: 0.499, bed_util_des: 0.499, des_th: 0.49934311387716945,frac_lost: 0.106, li_recovered:  8.458, time: 0.014983372999267885
L: 0.50, u_super: 0.00051 — INFEASIBLE (li_recovered=0.000e+00), time: 0.007397973000479396
L: 0.50, u_super: 0.00498, sec: 273.630, prod: 0.112352, t_ads: 39.0, t_des: 35.3, bed_util_ads: 0.498, bed_util_des: 0.498, des_th: 0.49810018951109625,frac_lost: 0.103, li_recovered:  8.347, time: 0.01403274699987378
L: 0.50, u_super: 0.00775, sec: 439.356, prod: 0.175859, t_ads: 25.0, t_des: 22.6, bed_util_ads: 0.499, bed_util_des: 0.498, des_th: 0.4984057231032796,frac_lost: 0.100, li_recovered:  8.384, time: 0.011669337000057567
L: 0.50, u_super: 0.00337, sec: 182.991, prod: 0.075097, t_ads: 57.8, t_des: 54.8, bed_util_ads: 0.490, bed_util_des: 0.490, des_th: 0.4895992625000024,frac_lost: 0.107, li_recovered:  8.458, time: 0.01416614800109528
L: 0.50, u_super: 0.00654, sec: 365.547, prod: 0.147885, t_ads: 29.7, t_des: 26.6, bed_util_ads: 0.500, bed_util_des: 0.500, des_th: 0.4997958675863285,frac_lost: 0.101, li_recovered:  8.326, time: 0.011490292999951635
L: 0.50, u_super: 0.00670, sec: 375.654, prod: 0.151739, t_ads: 28.9, t_des: 25.8, bed_util_ads: 0.500, bed_util_des: 0.500, des_th: 0.4996131934934619,frac_lost: 0.100, li_recovered:  8.309, time: 0.012350213000900112
L: 13.21, u_super: 0.00817 — INFEASIBLE (li_recovered=0.000e+00), time: 0.005784592000054545
L: 0.50, u_super: 0.00401, sec: 218.348, prod: 0.090012, t_ads: 48.4, t_des: 45.4, bed_util_ads: 0.493, bed_util_des: 0.493, des_th: 0.49309562429228376,frac_lost: 0.104, li_recovered:  8.444, time: 0.013117315000272356
L: 4.34, u_super: 0.00041 — INFEASIBLE (li_recovered=0.000e+00), time: 0.0025596689993108157
L: 0.50, u_super: 0.00890, sec: 513.181, prod: 0.201460, t_ads: 22.0, t_des: 19.9, bed_util_ads: 0.500, bed_util_des: 0.500, des_th: 0.4995791622102862,frac_lost: 0.108, li_recovered:  8.452, time: 0.018714148998697056
L: 52.49, u_super: 0.00103 — INFEASIBLE (li_recovered=0.000e+00), time: 0.002483764999851701
L: 0.50, u_super: 0.00021, sec: 31.822, prod: 0.001601, t_ads: 941.1, t_des: 4435.2, bed_util_ads: 0.247, bed_util_des: 0.185, des_th: 0.1851696623157332,frac_lost: 0.100, li_recovered:  8.605, time: 0.0409227229993121
   801 |    32040 |     40 |  0.0043590390 |             f
L: 0.50, u_super: 0.00711, sec: 420.393, prod: 0.153117, t_ads: 27.6, t_des: 29.2, bed_util_ads: 0.479, bed_util_des: 0.479, des_th: 0.47897499919123965,frac_lost: 0.108, li_recovered:  8.688, time: 0.019035601999348728
L: 0.50, u_super: 0.00990, sec: 576.402, prod: 0.224659, t_ads: 19.7, t_des: 17.9, bed_util_ads: 0.500, bed_util_des: 0.499, des_th: 0.49944829366706717,frac_lost: 0.104, li_recovered:  8.458, time: 0.010848451000128989
L: 0.50, u_super: 0.00874, sec: 502.258, prod: 0.197959, t_ads: 22.4, t_des: 20.3, bed_util_ads: 0.499, bed_util_des: 0.498, des_th: 0.4984169646412526,frac_lost: 0.105, li_recovered:  8.442, time: 0.012169167999672936
L: 0.50, u_super: 0.00487, sec: 267.645, prod: 0.109832, t_ads: 39.9, t_des: 36.1, bed_util_ads: 0.498, bed_util_des: 0.498, des_th: 0.49810018951109625,frac_lost: 0.105, li_recovered:  8.350, time: 0.013651643999764929
L: 0.50, u_super: 0.00904, sec: 681.790, prod: 0.156502, t_ads: 21.6, t_des: 34.1, bed_util_ads: 0.430, bed_util_des: 0.429, des_th: 0.4288234934925361,frac_lost: 0.104, li_recovered:  8.723, time: 0.01861928400103352
L: 104.71, u_super: 0.00550 — INFEASIBLE (li_recovered=0.000e+00), time: 0.0031767799991939683
L: 0.50, u_super: 0.00257, sec: 138.763, prod: 0.057057, t_ads: 75.0, t_des: 65.9, bed_util_ads: 0.498, bed_util_des: 0.498, des_th: 0.4980155328455947,frac_lost: 0.103, li_recovered:  8.042, time: 0.013479244998961804
L: 0.50, u_super: 0.00699, sec: 416.116, prod: 0.149259, t_ads: 28.0, t_des: 30.2, bed_util_ads: 0.477, bed_util_des: 0.477, des_th: 0.4766436259331365,frac_lost: 0.106, li_recovered:  8.689, time: 0.013456474000122398
L: 0.50, u_super: 0.00005, sec: 4.428, prod: 0.000654, t_ads: 3682.3, t_des: 7319.1, bed_util_ads: 0.243, bed_util_des: 0.159, des_th: 0.15942600352500969,frac_lost: 0.101, li_recovered:  7.193, time: 0.016671724999469006
L: 0.50, u_super: 0.00675, sec: 379.355, prod: 0.152521, t_ads: 28.9, t_des: 26.0, bed_util_ads: 0.499, bed_util_des: 0.499, des_th: 0.49905391399087246,frac_lost: 0.107, li_recovered:  8.386, time: 0.013131174999216455
L: 19.15, u_super: 0.00693 — INFEASIBLE (li_recovered=0.000e+00), time: 0.004484248000153457
L: 24.59, u_super: 0.00338 — INFEASIBLE (li_recovered=0.000e+00), time: 0.003140585000437568
L: 0.50, u_super: 0.00231, sec: 125.321, prod: 0.051032, t_ads: 83.4, t_des: 72.3, bed_util_ads: 0.499, bed_util_des: 0.499, des_th: 0.4986926322077864,frac_lost: 0.106, li_recovered:  7.949, time: 0.011317528998915805
L: 0.50, u_super: 0.00805, sec: 459.015, prod: 0.182056, t_ads: 24.3, t_des: 21.9, bed_util_ads: 0.500, bed_util_des: 0.499, des_th: 0.4993899867224222,frac_lost: 0.106, li_recovered:  8.404, time: 0.01125850599964906
L: 0.50, u_super: 0.00229, sec: 123.596, prod: 0.050532, t_ads: 84.6, t_des: 74.1, bed_util_ads: 0.499, bed_util_des: 0.498, des_th: 0.49843624258037006,frac_lost: 0.107, li_recovered:  8.017, time: 0.012325093000981724
L: 0.50, u_super: 0.00401, sec: 218.780, prod: 0.089834, t_ads: 48.5, t_des: 42.8, bed_util_ads: 0.500, bed_util_des: 0.500, des_th: 0.49975952330476664,frac_lost: 0.105, li_recovered:  8.201, time: 0.015470305999770062
L: 0.50, u_super: 0.00377, sec: 206.278, prod: 0.084150, t_ads: 51.6, t_des: 49.4, bed_util_ads: 0.490, bed_util_des: 0.489, des_th: 0.4891586890878978,frac_lost: 0.107, li_recovered:  8.503, time: 0.01495529600106238
L: 0.50, u_super: 0.00682, sec: 382.182, prod: 0.154604, t_ads: 28.4, t_des: 25.8, bed_util_ads: 0.498, bed_util_des: 0.498, des_th: 0.4980079012285144,frac_lost: 0.100, li_recovered:  8.375, time: 0.014069660001041484
L: 70.69, u_super: 0.00016 — INFEASIBLE (li_recovered=0.000e+00), time: 0.002065245998892351
L: 0.50, u_super: 0.00504, sec: 277.120, prod: 0.113738, t_ads: 38.5, t_des: 35.6, bed_util_ads: 0.495, bed_util_des: 0.494, des_th: 0.4942692054032309,frac_lost: 0.103, li_recovered:  8.432, time: 0.01147373899948434
L: 0.50, u_super: 0.00775, sec: 439.538, prod: 0.175786, t_ads: 25.1, t_des: 22.6, bed_util_ads: 0.500, bed_util_des: 0.500, des_th: 0.4995823656104146,frac_lost: 0.101, li_recovered:  8.386, time: 0.013144136000846629
L: 0.50, u_super: 0.00276, sec: 149.255, prod: 0.061360, t_ads: 69.9, t_des: 61.4, bed_util_ads: 0.499, bed_util_des: 0.499, des_th: 0.49868541440321706,frac_lost: 0.104, li_recovered:  8.056, time: 0.010523607999857632
L: 0.50, u_super: 0.00439, sec: 416.628, prod: 0.056904, t_ads: 44.6, t_des: 108.4, bed_util_ads: 0.375, bed_util_des: 0.373, des_th: 0.3729037755546654,frac_lost: 0.106, li_recovered:  8.703, time: 0.021604102999845054
L: 0.50, u_super: 0.00771, sec: 438.824, prod: 0.174248, t_ads: 25.4, t_des: 23.0, bed_util_ads: 0.500, bed_util_des: 0.500, des_th: 0.4997958675863285,frac_lost: 0.109, li_recovered:  8.444, time: 0.011798121000538231
L: 0.50, u_super: 0.00048 — INFEASIBLE (li_recovered=0.000e+00), time: 0.00898923000022478
L: 0.50, u_super: 0.00429, sec: 234.990, prod: 0.096328, t_ads: 45.3, t_des: 39.9, bed_util_ads: 0.500, bed_util_des: 0.500, des_th: 0.49980719425218423,frac_lost: 0.105, li_recovered:  8.207, time: 0.015173128000242286
L: 0.50, u_super: 0.00202, sec: 109.968, prod: 0.044144, t_ads: 94.8, t_des: 80.9, bed_util_ads: 0.500, bed_util_des: 0.500, des_th: 0.4997296706974462,frac_lost: 0.102, li_recovered:  7.757, time: 0.01222879700071644
L: 0.50, u_super: 0.00670, sec: 375.364, prod: 0.151857, t_ads: 29.0, t_des: 26.2, bed_util_ads: 0.499, bed_util_des: 0.499, des_th: 0.49919116334966007,frac_lost: 0.101, li_recovered:  8.375, time: 0.02106243500020355
L: 3.77, u_super: 0.00766, sec: 3705.461, prod: 0.153042, t_ads: 186.4, t_des: 217.9, bed_util_ads: 0.452, bed_util_des: 0.448, des_th: 0.4483555558063767,frac_lost: 0.103, li_recovered:  61.870, time: 0.014745038999535609
L: 0.50, u_super: 0.00566, sec: 329.398, prod: 0.121552, t_ads: 34.3, t_des: 36.9, bed_util_ads: 0.476, bed_util_des: 0.476, des_th: 0.4757956259511769,frac_lost: 0.101, li_recovered:  8.660, time: 0.016186865999770816
L: 0.50, u_super: 0.00245, sec: 131.569, prod: 0.054586, t_ads: 78.7, t_des: 72.8, bed_util_ads: 0.492, bed_util_des: 0.491, des_th: 0.4910658700553174,frac_lost: 0.104, li_recovered:  8.269, time: 0.011667233000480337
L: 0.50, u_super: 0.00795, sec: 451.366, prod: 0.180321, t_ads: 24.4, t_des: 22.1, bed_util_ads: 0.500, bed_util_des: 0.500, des_th: 0.49955750520726927,frac_lost: 0.100, li_recovered:  8.379, time: 0.015177323000898468
L: 0.50, u_super: 0.00990, sec: 595.780, prod: 0.217352, t_ads: 19.7, t_des: 20.3, bed_util_ads: 0.483, bed_util_des: 0.483, des_th: 0.48310126874580994,frac_lost: 0.104, li_recovered:  8.697, time: 0.01604846200098109
L: 0.50, u_super: 0.00891, sec: 514.181, prod: 0.201641, t_ads: 22.0, t_des: 20.1, bed_util_ads: 0.498, bed_util_des: 0.498, des_th: 0.49753408718021797,frac_lost: 0.108, li_recovered:  8.490, time: 0.012113146000046981
L: 0.50, u_super: 0.00918, sec: 530.732, prod: 0.207982, t_ads: 21.3, t_des: 19.5, bed_util_ads: 0.497, bed_util_des: 0.497, des_th: 0.4971760915030215,frac_lost: 0.106, li_recovered:  8.486, time: 0.013429124999674968
L: 0.50, u_super: 0.00518, sec: 285.527, prod: 0.117039, t_ads: 37.4, t_des: 33.5, bed_util_ads: 0.500, bed_util_des: 0.500, des_th: 0.49968410039648004,frac_lost: 0.101, li_recovered:  8.295, time: 0.012334048000411713
L: 0.50, u_super: 0.00794, sec: 458.094, prod: 0.177564, t_ads: 24.7, t_des: 24.0, bed_util_ads: 0.490, bed_util_des: 0.490, des_th: 0.4897730867850538,frac_lost: 0.108, li_recovered:  8.632, time: 0.01577558700046211
L: 0.50, u_super: 0.00933, sec: 540.391, prod: 0.211306, t_ads: 21.0, t_des: 19.2, bed_util_ads: 0.498, bed_util_des: 0.498, des_th: 0.4980582894592831,frac_lost: 0.106, li_recovered:  8.488, time: 0.015011911000328837
L: 0.50, u_super: 0.00537, sec: 296.411, prod: 0.121390, t_ads: 36.1, t_des: 32.4, bed_util_ads: 0.499, bed_util_des: 0.498, des_th: 0.4984094475467129,frac_lost: 0.101, li_recovered:  8.312, time: 0.011124575001304038
L: 0.50, u_super: 0.00582, sec: 323.094, prod: 0.131605, t_ads: 33.3, t_des: 29.8, bed_util_ads: 0.500, bed_util_des: 0.500, des_th: 0.49986679714154775,frac_lost: 0.101, li_recovered:  8.303, time: 0.014814019999903394
   802 |    32080 |     40 |  0.0033544477 |             f
L: 0.50, u_super: 0.00397, sec: 217.527, prod: 0.088385, t_ads: 49.0, t_des: 47.5, bed_util_ads: 0.489, bed_util_des: 0.488, des_th: 0.48810587467518773,frac_lost: 0.105, li_recovered:  8.530, time: 0.01169285099967965
L: 29.29, u_super: 0.00724 — INFEASIBLE (li_recovered=0.000e+00), time: 0.002753865001068334
L: 0.50, u_super: 0.00202, sec: 109.943, prod: 0.044154, t_ads: 94.7, t_des: 80.8, bed_util_ads: 0.500, bed_util_des: 0.499, des_th: 0.4995004468659551,frac_lost: 0.101, li_recovered:  7.749, time: 0.013091762999465573
L: 0.50, u_super: 0.00352, sec: 191.929, prod: 0.078635, t_ads: 55.1, t_des: 48.1, bed_util_ads: 0.500, bed_util_des: 0.500, des_th: 0.49999933327101126,frac_lost: 0.106, li_recovered:  8.121, time: 0.012926732999403612
L: 0.50, u_super: 0.00930, sec: 539.171, prod: 0.210420, t_ads: 21.0, t_des: 19.5, bed_util_ads: 0.497, bed_util_des: 0.496, des_th: 0.4964744049469303,frac_lost: 0.106, li_recovered:  8.536, time: 0.012816913000278873
L: 0.50, u_super: 0.00143, sec: 78.902, prod: 0.030729, t_ads: 133.7, t_des: 112.6, bed_util_ads: 0.498, bed_util_des: 0.498, des_th: 0.4976235157452598,frac_lost: 0.108, li_recovered:  7.569, time: 0.012379578000036418
L: 0.50, u_super: 0.00371, sec: 201.655, prod: 0.083015, t_ads: 52.4, t_des: 46.4, bed_util_ads: 0.499, bed_util_des: 0.499, des_th: 0.4988919937118663,frac_lost: 0.105, li_recovered:  8.197, time: 0.015336999000282958
L: 0.50, u_super: 0.00697, sec: 392.757, prod: 0.157415, t_ads: 28.1, t_des: 25.5, bed_util_ads: 0.499, bed_util_des: 0.499, des_th: 0.49867803912193337,frac_lost: 0.108, li_recovered:  8.432, time: 0.011253341999690747
L: 0.50, u_super: 0.00965, sec: 560.667, prod: 0.218971, t_ads: 20.2, t_des: 18.2, bed_util_ads: 0.500, bed_util_des: 0.500, des_th: 0.4998103823962476,frac_lost: 0.104, li_recovered:  8.402, time: 0.016394726000726223
L: 0.50, u_super: 0.00320, sec: 173.427, prod: 0.071319, t_ads: 60.4, t_des: 52.9, bed_util_ads: 0.500, bed_util_des: 0.500, des_th: 0.49967996704774986,frac_lost: 0.103, li_recovered:  8.085, time: 0.014471770999080036
L: 0.50, u_super: 0.00521, sec: 287.320, prod: 0.117655, t_ads: 37.3, t_des: 33.8, bed_util_ads: 0.499, bed_util_des: 0.498, des_th: 0.4984094475467129,frac_lost: 0.104, li_recovered:  8.366, time: 0.012156040000263602
L: 0.50, u_super: 0.00334, sec: 202.903, prod: 0.066461, t_ads: 58.3, t_des: 71.3, bed_util_ads: 0.458, bed_util_des: 0.457, des_th: 0.4571321806435933,frac_lost: 0.105, li_recovered:  8.609, time: 0.01636422199953813
L: 0.50, u_super: 0.00607, sec: 337.463, prod: 0.137336, t_ads: 32.0, t_des: 29.3, bed_util_ads: 0.497, bed_util_des: 0.497, des_th: 0.4966371294432537,frac_lost: 0.102, li_recovered:  8.424, time: 0.014226215000235243
L: 0.50, u_super: 0.00864, sec: 524.773, prod: 0.185010, t_ads: 22.6, t_des: 24.4, bed_util_ads: 0.478, bed_util_des: 0.477, des_th: 0.4774804643230291,frac_lost: 0.106, li_recovered:  8.705, time: 0.013307565999639337
L: 0.50, u_super: 0.00918, sec: 530.316, prod: 0.208145, t_ads: 21.3, t_des: 19.5, bed_util_ads: 0.497, bed_util_des: 0.497, des_th: 0.49713040238985035,frac_lost: 0.104, li_recovered:  8.486, time: 0.00938763299927814
L: 0.50, u_super: 0.00990, sec: 576.783, prod: 0.224510, t_ads: 19.7, t_des: 17.9, bed_util_ads: 0.499, bed_util_des: 0.499, des_th: 0.498690380826172,frac_lost: 0.105, li_recovered:  8.455, time: 0.011861053000757238
L: 0.50, u_super: 0.00693, sec: 390.151, prod: 0.156515, t_ads: 28.2, t_des: 25.6, bed_util_ads: 0.499, bed_util_des: 0.498, des_th: 0.498497665875109,frac_lost: 0.108, li_recovered:  8.434, time: 0.01749632099927112
L: 63.90, u_super: 0.00842 — INFEASIBLE (li_recovered=0.000e+00), time: 0.0017077410011552274
L: 0.50, u_super: 0.00210, sec: 113.967, prod: 0.045939, t_ads: 91.2, t_des: 78.1, bed_util_ads: 0.500, bed_util_des: 0.500, des_th: 0.4997296706974462,frac_lost: 0.100, li_recovered:  7.778, time: 0.011551765001058811
L: 16.55, u_super: 0.00020 — INFEASIBLE (li_recovered=0.000e+00), time: 0.0013084180009172997
L: 0.50, u_super: 0.00911, sec: 526.642, prod: 0.206304, t_ads: 21.5, t_des: 19.7, bed_util_ads: 0.498, bed_util_des: 0.498, des_th: 0.49753408718021797,frac_lost: 0.107, li_recovered:  8.492, time: 0.01115588500033482
L: 0.50, u_super: 0.00607, sec: 341.686, prod: 0.135638, t_ads: 32.0, t_des: 31.4, bed_util_ads: 0.489, bed_util_des: 0.488, des_th: 0.4882232405627255,frac_lost: 0.103, li_recovered:  8.604, time: 0.009900084000037168
L: 0.50, u_super: 0.00654, sec: 365.382, prod: 0.148140, t_ads: 29.7, t_des: 26.8, bed_util_ads: 0.498, bed_util_des: 0.498, des_th: 0.49825506267653685,frac_lost: 0.101, li_recovered:  8.371, time: 0.008441009000307531
L: 0.50, u_super: 0.00451, sec: 246.826, prod: 0.101286, t_ads: 43.2, t_des: 38.5, bed_util_ads: 0.500, bed_util_des: 0.500, des_th: 0.4997296706974462,frac_lost: 0.106, li_recovered:  8.274, time: 0.011090832000263617
L: 0.50, u_super: 0.00047, sec: 27.084, prod: 0.009499, t_ads: 382.9, t_des: 378.4, bed_util_ads: 0.455, bed_util_des: 0.452, des_th: 0.4521998332589957,frac_lost: 0.103, li_recovered:  7.232, time: 0.008524330000000191
L: 0.50, u_super: 0.00756, sec: 435.473, prod: 0.168462, t_ads: 25.9, t_des: 25.4, bed_util_ads: 0.489, bed_util_des: 0.489, des_th: 0.4891586890878978,frac_lost: 0.108, li_recovered:  8.642, time: 0.007461193999915849
L: 0.50, u_super: 0.00304, sec: 165.119, prod: 0.067610, t_ads: 63.4, t_des: 55.1, bed_util_ads: 0.500, bed_util_des: 0.500, des_th: 0.49990135376981315,frac_lost: 0.102, li_recovered:  8.013, time: 0.010772808000183431
L: 0.50, u_super: 0.00864, sec: 496.512, prod: 0.195706, t_ads: 22.6, t_des: 20.6, bed_util_ads: 0.500, bed_util_des: 0.499, des_th: 0.49941800771673645,frac_lost: 0.106, li_recovered:  8.455, time: 0.01086638199922163
L: 0.50, u_super: 0.00575, sec: 318.408, prod: 0.129860, t_ads: 33.8, t_des: 30.3, bed_util_ads: 0.500, bed_util_des: 0.500, des_th: 0.4997174677224086,frac_lost: 0.102, li_recovered:  8.322, time: 0.011731110000255285
L: 49.36, u_super: 0.00880 — INFEASIBLE (li_recovered=0.000e+00), time: 0.0022582940000575036
L: 0.50, u_super: 0.00430, sec: 235.119, prod: 0.096665, t_ads: 45.2, t_des: 40.3, bed_util_ads: 0.500, bed_util_des: 0.499, des_th: 0.49933785508543327,frac_lost: 0.106, li_recovered:  8.271, time: 0.01069346499934909
L: 0.50, u_super: 0.00069 — INFEASIBLE (li_recovered=0.000e+00), time: 0.006981661999816424
L: 0.50, u_super: 0.00257, sec: 137.971, prod: 0.057384, t_ads: 74.9, t_des: 69.3, bed_util_ads: 0.492, bed_util_des: 0.491, des_th: 0.4911776122010655,frac_lost: 0.102, li_recovered:  8.274, time: 0.009138002000327106
L: 0.50, u_super: 0.00300, sec: 162.509, prod: 0.066990, t_ads: 64.2, t_des: 56.5, bed_util_ads: 0.500, bed_util_des: 0.499, des_th: 0.49941304129100794,frac_lost: 0.102, li_recovered:  8.087, time: 0.011029995999706443
L: 0.50, u_super: 0.00005, sec: 4.362, prod: 0.000664, t_ads: 3266.4, t_des: 5246.5, bed_util_ads: 0.255, bed_util_des: 0.196, des_th: 0.19675348237007084,frac_lost: 0.102, li_recovered:  5.649, time: 0.010018995999416802
L: 0.50, u_super: 0.00806, sec: 460.100, prod: 0.182440, t_ads: 24.3, t_des: 22.0, bed_util_ads: 0.499, bed_util_des: 0.499, des_th: 0.49855666567462015,frac_lost: 0.107, li_recovered:  8.448, time: 0.011974881999776699
L: 0.50, u_super: 0.00162, sec: 87.758, prod: 0.035310, t_ads: 118.5, t_des: 103.4, bed_util_ads: 0.496, bed_util_des: 0.495, des_th: 0.4955044921601475,frac_lost: 0.106, li_recovered:  7.837, time: 0.008814899998469627
L: 0.50, u_super: 0.00307, sec: 166.212, prod: 0.068562, t_ads: 62.7, t_des: 55.3, bed_util_ads: 0.499, bed_util_des: 0.498, des_th: 0.4984196065552453,frac_lost: 0.101, li_recovered:  8.091, time: 0.016914678000830463
L: 21.94, u_super: 0.00202 — INFEASIBLE (li_recovered=0.000e+00), time: 0.0018716199992923066
L: 0.50, u_super: 0.00843, sec: 482.743, prod: 0.190732, t_ads: 23.2, t_des: 21.1, bed_util_ads: 0.499, bed_util_des: 0.499, des_th: 0.49868277248922444,frac_lost: 0.106, li_recovered:  8.450, time: 0.011783916999775101
   803 |    32120 |     40 |  0.0031092332 |             f
L: 0.50, u_super: 0.00143, sec: 77.403, prod: 0.031324, t_ads: 133.4, t_des: 120.3, bed_util_ads: 0.491, bed_util_des: 0.490, des_th: 0.49036287317598665,frac_lost: 0.106, li_recovered:  7.946, time: 0.013532234999729553
L: 0.50, u_super: 0.00217, sec: 117.749, prod: 0.047592, t_ads: 89.0, t_des: 76.5, bed_util_ads: 0.500, bed_util_des: 0.500, des_th: 0.49980410133653874,frac_lost: 0.107, li_recovered:  7.880, time: 0.012337709000348696
L: 0.50, u_super: 0.00383, sec: 208.465, prod: 0.086024, t_ads: 50.8, t_des: 46.5, bed_util_ads: 0.496, bed_util_des: 0.495, des_th: 0.49536422253462015,frac_lost: 0.107, li_recovered:  8.374, time: 0.01907791399935377
L: 0.50, u_super: 0.00536, sec: 295.511, prod: 0.121065, t_ads: 36.2, t_des: 33.3, bed_util_ads: 0.497, bed_util_des: 0.496, des_th: 0.49652925365799483,frac_lost: 0.102, li_recovered:  8.420, time: 0.015073110000230372
L: 0.50, u_super: 0.00112 — INFEASIBLE (li_recovered=0.000e+00), time: 0.010175204999541165
L: 1.86, u_super: 0.00436, sec: 918.551, prod: 0.094793, t_ads: 161.7, t_des: 150.1, bed_util_ads: 0.484, bed_util_des: 0.483, des_th: 0.4833758626764372,frac_lost: 0.105, li_recovered:  29.564, time: 0.01930672699927527
L: 15.09, u_super: 0.00718 — INFEASIBLE (li_recovered=0.000e+00), time: 0.007882030000473605
L: 0.50, u_super: 0.00011, sec: 11.184, prod: 0.001151, t_ads: 1824.5, t_des: 5191.6, bed_util_ads: 0.256, bed_util_des: 0.182, des_th: 0.18197666907783563,frac_lost: 0.100, li_recovered:  8.075, time: 0.029371725000601145
L: 0.50, u_super: 0.00083, sec: 45.544, prod: 0.017522, t_ads: 227.0, t_des: 208.8, bed_util_ads: 0.479, bed_util_des: 0.477, des_th: 0.4773403938042428,frac_lost: 0.106, li_recovered:  7.637, time: 0.0158507969990751
L: 0.50, u_super: 0.00190, sec: 106.470, prod: 0.040235, t_ads: 101.8, t_des: 108.3, bed_util_ads: 0.472, bed_util_des: 0.471, des_th: 0.4709995417758641,frac_lost: 0.107, li_recovered:  8.453, time: 0.02057248900018749
L: 0.50, u_super: 0.00971, sec: 564.462, prod: 0.220267, t_ads: 20.1, t_des: 18.0, bed_util_ads: 0.500, bed_util_des: 0.500, des_th: 0.4996969832536036,frac_lost: 0.104, li_recovered:  8.399, time: 0.012827804999687942
L: 28.78, u_super: 0.00015 — INFEASIBLE (li_recovered=0.000e+00), time: 0.00152421900020272
L: 0.50, u_super: 0.00093, sec: 51.124, prod: 0.019724, t_ads: 202.9, t_des: 204.0, bed_util_ads: 0.470, bed_util_des: 0.468, des_th: 0.4681683854471067,frac_lost: 0.104, li_recovered:  8.027, time: 0.013140654000380891
L: 0.50, u_super: 0.00695, sec: 390.959, prod: 0.157038, t_ads: 28.1, t_des: 25.2, bed_util_ads: 0.500, bed_util_des: 0.500, des_th: 0.4998797102155069,frac_lost: 0.106, li_recovered:  8.375, time: 0.014762793998670531
L: 0.50, u_super: 0.00492, sec: 270.245, prod: 0.111062, t_ads: 39.4, t_des: 35.7, bed_util_ads: 0.498, bed_util_des: 0.498, des_th: 0.49810018951109625,frac_lost: 0.103, li_recovered:  8.338, time: 0.011848563999592443
L: 0.50, u_super: 0.00670, sec: 528.479, prod: 0.107860, t_ads: 29.2, t_des: 51.6, bed_util_ads: 0.415, bed_util_des: 0.414, des_th: 0.4139282397540363,frac_lost: 0.106, li_recovered:  8.713, time: 0.016862813999978243
L: 0.50, u_super: 0.00633, sec: 352.914, prod: 0.143417, t_ads: 30.6, t_des: 27.8, bed_util_ads: 0.499, bed_util_des: 0.498, des_th: 0.4984069613259556,frac_lost: 0.101, li_recovered:  8.371, time: 0.01315697099926183
L: 0.50, u_super: 0.00245, sec: 131.978, prod: 0.054637, t_ads: 78.6, t_des: 70.8, bed_util_ads: 0.496, bed_util_des: 0.495, des_th: 0.49526397550098217,frac_lost: 0.104, li_recovered:  8.166, time: 0.012349063999863574
L: 4.87, u_super: 0.00200 — INFEASIBLE (li_recovered=0.000e+00), time: 0.004882028999418253
L: 0.50, u_super: 0.00652, sec: 363.972, prod: 0.147558, t_ads: 29.8, t_des: 26.9, bed_util_ads: 0.499, bed_util_des: 0.498, des_th: 0.498497665875109,frac_lost: 0.101, li_recovered:  8.367, time: 0.015980328998921323
L: 0.50, u_super: 0.00056, sec: 32.093, prod: 0.011465, t_ads: 327.4, t_des: 339.2, bed_util_ads: 0.455, bed_util_des: 0.451, des_th: 0.45112990029384004,frac_lost: 0.105, li_recovered:  7.643, time: 0.013907907999964664
L: 30.31, u_super: 0.00806 — INFEASIBLE (li_recovered=0.000e+00), time: 0.004391131000375026
L: 0.50, u_super: 0.00795, sec: 451.616, prod: 0.180206, t_ads: 24.5, t_des: 22.1, bed_util_ads: 0.500, bed_util_des: 0.500, des_th: 0.4996775026695661,frac_lost: 0.102, li_recovered:  8.388, time: 0.013745135000135633
L: 0.50, u_super: 0.00432, sec: 235.985, prod: 0.096994, t_ads: 45.1, t_des: 40.2, bed_util_ads: 0.499, bed_util_des: 0.498, des_th: 0.4983545988306466,frac_lost: 0.105, li_recovered:  8.265, time: 0.012341049001406645
L: 0.50, u_super: 0.00743, sec: 440.198, prod: 0.160354, t_ads: 26.3, t_des: 27.9, bed_util_ads: 0.479, bed_util_des: 0.479, des_th: 0.47910578746020765,frac_lost: 0.106, li_recovered:  8.689, time: 0.015608821999194333
L: 0.50, u_super: 0.00595, sec: 330.146, prod: 0.134708, t_ads: 32.6, t_des: 29.9, bed_util_ads: 0.497, bed_util_des: 0.497, des_th: 0.49662082998423734,frac_lost: 0.101, li_recovered:  8.418, time: 0.012123132999477093
L: 0.50, u_super: 0.00492, sec: 269.996, prod: 0.111072, t_ads: 39.4, t_des: 36.5, bed_util_ads: 0.494, bed_util_des: 0.494, des_th: 0.49366659609395264,frac_lost: 0.101, li_recovered:  8.432, time: 0.018049077001705882
L: 0.50, u_super: 0.00984, sec: 573.411, prod: 0.223161, t_ads: 19.8, t_des: 18.3, bed_util_ads: 0.497, bed_util_des: 0.497, des_th: 0.4969239842971878,frac_lost: 0.105, li_recovered:  8.503, time: 0.010722769999119919
L: 0.50, u_super: 0.00235, sec: 127.573, prod: 0.051959, t_ads: 82.0, t_des: 71.1, bed_util_ads: 0.500, bed_util_des: 0.500, des_th: 0.49962546988132583,frac_lost: 0.106, li_recovered:  7.956, time: 0.011819138999271672
L: 0.50, u_super: 0.00334, sec: 180.475, prod: 0.074720, t_ads: 57.8, t_des: 51.5, bed_util_ads: 0.498, bed_util_des: 0.497, des_th: 0.4973129425812038,frac_lost: 0.101, li_recovered:  8.166, time: 0.013232225999672664
L: 0.50, u_super: 0.00585, sec: 324.516, prod: 0.132266, t_ads: 33.1, t_des: 29.7, bed_util_ads: 0.500, bed_util_des: 0.499, des_th: 0.49943849218536795,frac_lost: 0.101, li_recovered:  8.307, time: 0.010182959998928709
L: 0.50, u_super: 0.00272, sec: 1149.060, prod: 0.007734, t_ads: 72.5, t_des: 1064.3, bed_util_ads: 0.195, bed_util_des: 0.185, des_th: 0.1851696623157332,frac_lost: 0.106, li_recovered:  8.792, time: 0.08913897599995835
L: 0.50, u_super: 0.00562, sec: 311.148, prod: 0.126957, t_ads: 34.6, t_des: 31.0, bed_util_ads: 0.500, bed_util_des: 0.500, des_th: 0.4998072980791434,frac_lost: 0.103, li_recovered:  8.324, time: 0.011140308999529225
L: 0.50, u_super: 0.00806, sec: 460.309, prod: 0.182358, t_ads: 24.3, t_des: 22.0, bed_util_ads: 0.499, bed_util_des: 0.499, des_th: 0.49860420143407713,frac_lost: 0.108, li_recovered:  8.443, time: 0.015985439998985385
L: 0.50, u_super: 0.00696, sec: 390.377, prod: 0.157748, t_ads: 27.9, t_des: 25.5, bed_util_ads: 0.497, bed_util_des: 0.497, des_th: 0.49724820686625665,frac_lost: 0.100, li_recovered:  8.425, time: 0.018365123998592026
L: 0.50, u_super: 0.00724, sec: 409.165, prod: 0.163573, t_ads: 27.0, t_des: 24.5, bed_util_ads: 0.499, bed_util_des: 0.499, des_th: 0.49911603173293645,frac_lost: 0.108, li_recovered:  8.438, time: 0.01678051700037031
L: 0.50, u_super: 0.00143, sec: 78.913, prod: 0.030724, t_ads: 133.6, t_des: 112.5, bed_util_ads: 0.498, bed_util_des: 0.498, des_th: 0.49762227752258376,frac_lost: 0.108, li_recovered:  7.562, time: 0.014161823999529588
L: 0.50, u_super: 0.00430, sec: 234.639, prod: 0.096863, t_ads: 45.1, t_des: 40.8, bed_util_ads: 0.498, bed_util_des: 0.497, des_th: 0.49750082851796235,frac_lost: 0.103, li_recovered:  8.319, time: 0.012699873999736155
L: 0.50, u_super: 0.00257, sec: 139.439, prod: 0.056937, t_ads: 75.0, t_des: 65.1, bed_util_ads: 0.500, bed_util_des: 0.500, des_th: 0.49996158731723717,frac_lost: 0.104, li_recovered:  7.977, time: 0.0171103190004942
L: 0.50, u_super: 0.00276, sec: 1281.792, prod: 0.007131, t_ads: 71.5, t_des: 1162.1, bed_util_ads: 0.187, bed_util_des: 0.177, des_th: 0.17736499303769843,frac_lost: 0.105, li_recovered:  8.796, time: 0.09337872000105563
   804 |    32160 |     40 |  0.0030688198 |             f
L: 0.50, u_super: 0.00915, sec: 564.448, prod: 0.194049, t_ads: 21.4, t_des: 23.5, bed_util_ads: 0.474, bed_util_des: 0.474, des_th: 0.4738403711202551,frac_lost: 0.105, li_recovered:  8.709, time: 0.013023907999013318
L: 0.50, u_super: 0.00613, sec: 340.933, prod: 0.138636, t_ads: 31.7, t_des: 29.0, bed_util_ads: 0.497, bed_util_des: 0.497, des_th: 0.4966384889281481,frac_lost: 0.102, li_recovered:  8.421, time: 0.012073232001057477
L: 0.50, u_super: 0.00337, sec: 182.538, prod: 0.075645, t_ads: 57.1, t_des: 50.9, bed_util_ads: 0.497, bed_util_des: 0.497, des_th: 0.49714315540117077,frac_lost: 0.100, li_recovered:  8.172, time: 0.01684873299927858
L: 0.50, u_super: 0.00771, sec: 436.923, prod: 0.175006, t_ads: 25.1, t_des: 22.7, bed_util_ads: 0.499, bed_util_des: 0.499, des_th: 0.49868492221096755,frac_lost: 0.100, li_recovered:  8.375, time: 0.015099512000233517
L: 20.16, u_super: 0.00765, sec: 37879.194, prod: 0.080075, t_ads: 1007.0, t_des: 3095.9, bed_util_ads: 0.280, bed_util_des: 0.227, des_th: 0.22730873509158597,frac_lost: 0.101, li_recovered:  328.542, time: 0.02927372500016645
L: 0.50, u_super: 0.00363, sec: 197.742, prod: 0.081290, t_ads: 53.5, t_des: 47.3, bed_util_ads: 0.500, bed_util_des: 0.500, des_th: 0.49999148396470894,frac_lost: 0.107, li_recovered:  8.194, time: 0.02011652500004857
L: 0.50, u_super: 0.00461, sec: 252.864, prod: 0.103726, t_ads: 42.2, t_des: 37.7, bed_util_ads: 0.500, bed_util_des: 0.500, des_th: 0.49989290966710803,frac_lost: 0.106, li_recovered:  8.285, time: 0.017235674000403378
L: 0.50, u_super: 0.00114, sec: 63.207, prod: 0.024066, t_ads: 166.6, t_des: 140.3, bed_util_ads: 0.496, bed_util_des: 0.495, des_th: 0.49536422253462015,frac_lost: 0.106, li_recovered:  7.387, time: 0.01794824799981143
L: 30.19, u_super: 0.00698 — INFEASIBLE (li_recovered=0.000e+00), time: 0.004752905000714236
L: 0.50, u_super: 0.00715, sec: 403.732, prod: 0.161395, t_ads: 27.4, t_des: 25.1, bed_util_ads: 0.497, bed_util_des: 0.497, des_th: 0.4972657416884154,frac_lost: 0.108, li_recovered:  8.474, time: 0.01029540600029577
L: 0.50, u_super: 0.00951, sec: 551.570, prod: 0.215757, t_ads: 20.5, t_des: 18.4, bed_util_ads: 0.500, bed_util_des: 0.500, des_th: 0.4996714144984941,frac_lost: 0.104, li_recovered:  8.396, time: 0.016682055000273976
L: 0.50, u_super: 0.00074, sec: 253.826, prod: 0.002504, t_ads: 268.0, t_des: 3257.1, bed_util_ads: 0.199, bed_util_des: 0.168, des_th: 0.16803468709071442,frac_lost: 0.101, li_recovered:  8.827, time: 0.06102218799969705
L: 0.50, u_super: 0.00304, sec: 164.753, prod: 0.067915, t_ads: 63.3, t_des: 55.7, bed_util_ads: 0.500, bed_util_des: 0.499, des_th: 0.49942136798942127,frac_lost: 0.102, li_recovered:  8.085, time: 0.010841392000656924
L: 0.50, u_super: 0.00240, sec: 129.788, prod: 0.053009, t_ads: 80.4, t_des: 69.9, bed_util_ads: 0.500, bed_util_des: 0.500, des_th: 0.49968410039648004,frac_lost: 0.104, li_recovered:  7.963, time: 0.006397887000275659
L: 0.50, u_super: 0.00430, sec: 234.985, prod: 0.096720, t_ads: 45.2, t_des: 41.8, bed_util_ads: 0.494, bed_util_des: 0.494, des_th: 0.4937200930652438,frac_lost: 0.106, li_recovered:  8.422, time: 0.01969173199904617
L: 0.50, u_super: 0.00403, sec: 219.918, prod: 0.090363, t_ads: 48.2, t_des: 42.6, bed_util_ads: 0.500, bed_util_des: 0.500, des_th: 0.4995281424328092,frac_lost: 0.105, li_recovered:  8.200, time: 0.011515793999933521
L: 0.50, u_super: 0.00555, sec: 306.598, prod: 0.125317, t_ads: 34.9, t_des: 31.3, bed_util_ads: 0.500, bed_util_des: 0.500, des_th: 0.499875752785311,frac_lost: 0.101, li_recovered:  8.302, time: 0.009190157999910298
L: 0.50, u_super: 0.00801, sec: 456.661, prod: 0.181063, t_ads: 24.4, t_des: 21.9, bed_util_ads: 0.500, bed_util_des: 0.500, des_th: 0.4995179172963022,frac_lost: 0.107, li_recovered:  8.397, time: 0.011368710998794995
L: 0.50, u_super: 0.00056, sec: 32.084, prod: 0.011468, t_ads: 326.7, t_des: 339.5, bed_util_ads: 0.455, bed_util_des: 0.451, des_th: 0.45096186090819934,frac_lost: 0.104, li_recovered:  7.641, time: 0.009092345999306417
L: 22.82, u_super: 0.00323 — INFEASIBLE (li_recovered=0.000e+00), time: 0.0016468100002384745
L: 0.50, u_super: 0.00050, sec: 28.443, prod: 0.010102, t_ads: 362.2, t_des: 353.5, bed_util_ads: 0.458, bed_util_des: 0.456, des_th: 0.455780641392202,frac_lost: 0.100, li_recovered:  7.230, time: 0.010540418999880785
L: 0.50, u_super: 0.00611, sec: 340.335, prod: 0.138225, t_ads: 31.7, t_des: 28.4, bed_util_ads: 0.499, bed_util_des: 0.499, des_th: 0.4990983609579521,frac_lost: 0.102, li_recovered:  8.315, time: 0.008893726999303908
L: 0.50, u_super: 0.00844, sec: 483.571, prod: 0.191124, t_ads: 23.1, t_des: 21.3, bed_util_ads: 0.497, bed_util_des: 0.497, des_th: 0.4970481400702494,frac_lost: 0.105, li_recovered:  8.487, time: 0.008294335999380564
L: 17.77, u_super: 0.00975 — INFEASIBLE (li_recovered=0.000e+00), time: 0.0032743470001150854
L: 0.50, u_super: 0.00380, sec: 206.462, prod: 0.085212, t_ads: 51.3, t_des: 46.4, bed_util_ads: 0.496, bed_util_des: 0.496, des_th: 0.4958329907695481,frac_lost: 0.107, li_recovered:  8.326, time: 0.007525085999077419
L: 0.50, u_super: 0.00210, sec: 112.711, prod: 0.046430, t_ads: 92.1, t_des: 86.2, bed_util_ads: 0.489, bed_util_des: 0.489, des_th: 0.4887033921078475,frac_lost: 0.107, li_recovered:  8.280, time: 0.01034630600042874
L: 115.87, u_super: 0.00771 — INFEASIBLE (li_recovered=0.000e+00), time: 0.0018964179998874897
L: 0.50, u_super: 0.00919, sec: 531.043, prod: 0.208096, t_ads: 21.2, t_des: 19.8, bed_util_ads: 0.495, bed_util_des: 0.495, des_th: 0.4951557038419312,frac_lost: 0.103, li_recovered:  8.529, time: 0.009630492999349372
L: 0.50, u_super: 0.00805, sec: 459.535, prod: 0.182058, t_ads: 24.3, t_des: 22.0, bed_util_ads: 0.499, bed_util_des: 0.499, des_th: 0.49855666567462015,frac_lost: 0.108, li_recovered:  8.441, time: 0.017693416999463807
L: 0.86, u_super: 0.00519, sec: 496.403, prod: 0.115807, t_ads: 64.0, t_des: 56.7, bed_util_ads: 0.499, bed_util_des: 0.498, des_th: 0.4984069613259556,frac_lost: 0.103, li_recovered:  13.977, time: 0.01025146200117888
L: 0.50, u_super: 0.00098, sec: 56.302, prod: 0.020084, t_ads: 193.4, t_des: 213.9, bed_util_ads: 0.459, bed_util_des: 0.456, des_th: 0.455659669533727,frac_lost: 0.106, li_recovered:  8.180, time: 0.01977227200040943
L: 0.50, u_super: 0.00753, sec: 425.315, prod: 0.170827, t_ads: 25.8, t_des: 23.6, bed_util_ads: 0.497, bed_util_des: 0.497, des_th: 0.4973129425812038,frac_lost: 0.100, li_recovered:  8.437, time: 0.016474592999657034
L: 0.50, u_super: 0.00524, sec: 289.270, prod: 0.117849, t_ads: 37.1, t_des: 35.2, bed_util_ads: 0.491, bed_util_des: 0.491, des_th: 0.4911776122010655,frac_lost: 0.102, li_recovered:  8.516, time: 0.015920832000119844
L: 0.50, u_super: 0.00538, sec: 296.618, prod: 0.121672, t_ads: 36.0, t_des: 33.1, bed_util_ads: 0.497, bed_util_des: 0.496, des_th: 0.49642090797556004,frac_lost: 0.101, li_recovered:  8.414, time: 0.014231067001674091
L: 14.92, u_super: 0.00990 — INFEASIBLE (li_recovered=0.000e+00), time: 0.006646038998951553
L: 0.50, u_super: 0.00027 — INFEASIBLE (li_recovered=0.000e+00), time: 0.00803707500017481
L: 0.50, u_super: 0.00463, sec: 286.523, prod: 0.092396, t_ads: 41.8, t_des: 51.8, bed_util_ads: 0.458, bed_util_des: 0.457, des_th: 0.45693436045945635,frac_lost: 0.100, li_recovered:  8.649, time: 0.026099146998603828
L: 5.65, u_super: 0.00602, sec: 12677.969, prod: 0.040629, t_ads: 368.0, t_des: 2038.9, bed_util_ads: 0.260, bed_util_des: 0.229, des_th: 0.22861463373549681,frac_lost: 0.102, li_recovered:  97.786, time: 0.07694762900064234
L: 0.50, u_super: 0.00098, sec: 55.351, prod: 0.020482, t_ads: 191.4, t_des: 159.4, bed_util_ads: 0.494, bed_util_des: 0.494, des_th: 0.4937253968814654,frac_lost: 0.105, li_recovered:  7.184, time: 0.021522507999179652
L: 0.50, u_super: 0.00990, sec: 576.990, prod: 0.224429, t_ads: 19.7, t_des: 17.7, bed_util_ads: 0.500, bed_util_des: 0.500, des_th: 0.49997502937308064,frac_lost: 0.105, li_recovered:  8.411, time: 0.01610185199933767
   805 |    32200 |     40 |  0.0030357383 |             f
L: 0.50, u_super: 0.00098, sec: 53.332, prod: 0.021053, t_ads: 191.8, t_des: 178.3, bed_util_ads: 0.480, bed_util_des: 0.479, des_th: 0.47910578746020765,frac_lost: 0.102, li_recovered:  7.791, time: 0.013670962000105646
L: 0.50, u_super: 0.00990, sec: 578.267, prod: 0.223934, t_ads: 19.7, t_des: 18.5, bed_util_ads: 0.495, bed_util_des: 0.495, des_th: 0.4949345872029105,frac_lost: 0.104, li_recovered:  8.567, time: 0.022966857000938035
L: 57.47, u_super: 0.00429 — INFEASIBLE (li_recovered=0.000e+00), time: 0.0019437740011198912
L: 0.50, u_super: 0.00664, sec: 376.575, prod: 0.148292, t_ads: 29.5, t_des: 28.6, bed_util_ads: 0.490, bed_util_des: 0.490, des_th: 0.48986147438614686,frac_lost: 0.107, li_recovered:  8.613, time: 0.020776536000994383
L: 0.50, u_super: 0.00246, sec: 145.074, prod: 0.050173, t_ads: 78.1, t_des: 92.0, bed_util_ads: 0.461, bed_util_des: 0.460, des_th: 0.46007379251542324,frac_lost: 0.101, li_recovered:  8.538, time: 0.024692662998859305
L: 0.50, u_super: 0.00114 — INFEASIBLE (li_recovered=0.000e+00), time: 0.008410178999838536
L: 0.50, u_super: 0.00245, sec: 131.864, prod: 0.054570, t_ads: 78.9, t_des: 71.7, bed_util_ads: 0.494, bed_util_des: 0.494, des_th: 0.49366659609395264,frac_lost: 0.106, li_recovered:  8.219, time: 0.020464945999265183
L: 0.50, u_super: 0.00339, sec: 183.681, prod: 0.076081, t_ads: 57.2, t_des: 51.7, bed_util_ads: 0.497, bed_util_des: 0.497, des_th: 0.4966091569662884,frac_lost: 0.105, li_recovered:  8.284, time: 0.014247140999941621
L: 0.50, u_super: 0.00304, sec: 164.745, prod: 0.067918, t_ads: 63.3, t_des: 55.6, bed_util_ads: 0.500, bed_util_des: 0.500, des_th: 0.49970036225377135,frac_lost: 0.101, li_recovered:  8.074, time: 0.0167807179986994
L: 0.50, u_super: 0.00921, sec: 4765.531, prod: 0.023337, t_ads: 21.2, t_des: 354.8, bed_util_ads: 0.188, bed_util_des: 0.185, des_th: 0.1851696623157332,frac_lost: 0.100, li_recovered:  8.776, time: 0.11413063300096837
L: 4.97, u_super: 0.00083 — INFEASIBLE (li_recovered=0.000e+00), time: 0.003593647999878158
L: 0.50, u_super: 0.00398, sec: 216.647, prod: 0.089319, t_ads: 48.8, t_des: 43.6, bed_util_ads: 0.499, bed_util_des: 0.498, des_th: 0.49852419284068433,frac_lost: 0.105, li_recovered:  8.259, time: 0.01152035499944759
L: 0.50, u_super: 0.00607, sec: 338.316, prod: 0.136989, t_ads: 32.0, t_des: 30.3, bed_util_ads: 0.494, bed_util_des: 0.493, des_th: 0.49340841683234105,frac_lost: 0.101, li_recovered:  8.525, time: 0.01763223099987954
L: 35.54, u_super: 0.00505 — INFEASIBLE (li_recovered=0.000e+00), time: 0.002150775000700378
L: 0.50, u_super: 0.00090, sec: 50.606, prod: 0.018958, t_ads: 207.3, t_des: 218.3, bed_util_ads: 0.463, bed_util_des: 0.461, des_th: 0.4605700739224672,frac_lost: 0.101, li_recovered:  8.069, time: 0.014573013999324758
L: 0.50, u_super: 0.00951, sec: 551.785, prod: 0.215673, t_ads: 20.5, t_des: 18.4, bed_util_ads: 0.500, bed_util_des: 0.500, des_th: 0.4996721784141865,frac_lost: 0.104, li_recovered:  8.401, time: 0.025488384999334812
L: 0.50, u_super: 0.00143, sec: 79.012, prod: 0.030686, t_ads: 132.1, t_des: 111.1, bed_util_ads: 0.499, bed_util_des: 0.499, des_th: 0.4991487953703904,frac_lost: 0.100, li_recovered:  7.461, time: 0.019788517000051797
L: 0.81, u_super: 0.00162 — INFEASIBLE (li_recovered=0.000e+00), time: 0.007469783999113133
L: 0.50, u_super: 0.00144, sec: 77.741, prod: 0.031339, t_ads: 132.9, t_des: 118.4, bed_util_ads: 0.491, bed_util_des: 0.490, des_th: 0.49036287317598665,frac_lost: 0.105, li_recovered:  7.877, time: 0.013524592999601737
L: 0.50, u_super: 0.00498, sec: 273.673, prod: 0.112160, t_ads: 39.0, t_des: 34.9, bed_util_ads: 0.499, bed_util_des: 0.499, des_th: 0.49929472933523655,frac_lost: 0.103, li_recovered:  8.291, time: 0.0142416869985027
L: 0.50, u_super: 0.00608, sec: 338.560, prod: 0.137556, t_ads: 32.0, t_des: 28.9, bed_util_ads: 0.499, bed_util_des: 0.499, des_th: 0.499330035596911,frac_lost: 0.103, li_recovered:  8.369, time: 0.015459342001122423
L: 0.50, u_super: 0.00089 — INFEASIBLE (li_recovered=0.000e+00), time: 0.009473755999351852
L: 0.50, u_super: 0.00301, sec: 163.253, prod: 0.067194, t_ads: 64.0, t_des: 56.2, bed_util_ads: 0.499, bed_util_des: 0.499, des_th: 0.4987259910724314,frac_lost: 0.103, li_recovered:  8.079, time: 0.010313050999684492
L: 5.81, u_super: 0.00771 — INFEASIBLE (li_recovered=0.000e+00), time: 0.005428115000540856
L: 0.50, u_super: 0.00842, sec: 482.605, prod: 0.190512, t_ads: 23.2, t_des: 20.8, bed_util_ads: 0.500, bed_util_des: 0.500, des_th: 0.4998103823962476,frac_lost: 0.107, li_recovered:  8.397, time: 0.013238305999038857
L: 0.50, u_super: 0.00048, sec: 113.680, prod: 0.002344, t_ads: 414.4, t_des: 3335.2, bed_util_ads: 0.225, bed_util_des: 0.185, des_th: 0.1851696623157332,frac_lost: 0.102, li_recovered:  8.787, time: 0.061813498999981675
L: 0.50, u_super: 0.00190, sec: 106.470, prod: 0.040235, t_ads: 101.8, t_des: 108.3, bed_util_ads: 0.472, bed_util_des: 0.471, des_th: 0.4709995417758641,frac_lost: 0.107, li_recovered:  8.453, time: 0.010934284999166266
L: 0.50, u_super: 0.00922, sec: 533.777, prod: 0.208860, t_ads: 21.2, t_des: 19.2, bed_util_ads: 0.500, bed_util_des: 0.499, des_th: 0.4993924202338506,frac_lost: 0.107, li_recovered:  8.441, time: 0.011722283999915817
L: 0.50, u_super: 0.00072 — INFEASIBLE (li_recovered=0.000e+00), time: 0.005054080000263639
L: 9.45, u_super: 0.00451 — INFEASIBLE (li_recovered=0.000e+00), time: 0.004407857999467524
L: 31.51, u_super: 0.00263 — INFEASIBLE (li_recovered=0.000e+00), time: 0.002540679999583517
L: 0.50, u_super: 0.00633, sec: 353.125, prod: 0.143331, t_ads: 30.7, t_des: 27.7, bed_util_ads: 0.500, bed_util_des: 0.499, des_th: 0.4993890883731729,frac_lost: 0.102, li_recovered:  8.363, time: 0.01935136199972476
L: 0.50, u_super: 0.00713, sec: 402.784, prod: 0.161189, t_ads: 27.4, t_des: 24.9, bed_util_ads: 0.499, bed_util_des: 0.499, des_th: 0.49868492221096755,frac_lost: 0.108, li_recovered:  8.439, time: 0.011984073000348872
L: 0.50, u_super: 0.00177, sec: 96.944, prod: 0.038262, t_ads: 108.2, t_des: 91.1, bed_util_ads: 0.500, bed_util_des: 0.500, des_th: 0.49980765394474874,frac_lost: 0.104, li_recovered:  7.626, time: 0.013044747000094503
L: 0.50, u_super: 0.00483, sec: 264.983, prod: 0.108898, t_ads: 40.2, t_des: 36.4, bed_util_ads: 0.498, bed_util_des: 0.498, des_th: 0.49810018951109625,frac_lost: 0.104, li_recovered:  8.346, time: 0.013663116998941405
L: 49.68, u_super: 0.00562 — INFEASIBLE (li_recovered=0.000e+00), time: 0.0017813400008890312
L: 0.50, u_super: 0.00670, sec: 379.591, prod: 0.150166, t_ads: 29.2, t_des: 28.1, bed_util_ads: 0.491, bed_util_des: 0.490, des_th: 0.4903958160521217,frac_lost: 0.107, li_recovered:  8.598, time: 0.010500156000489369
L: 32.12, u_super: 0.00304 — INFEASIBLE (li_recovered=0.000e+00), time: 0.0027008719989680685
L: 0.50, u_super: 0.00794, sec: 451.264, prod: 0.180274, t_ads: 24.4, t_des: 22.3, bed_util_ads: 0.499, bed_util_des: 0.499, des_th: 0.4985549750755101,frac_lost: 0.101, li_recovered:  8.430, time: 0.014000311000927468
L: 0.50, u_super: 0.00569, sec: 315.101, prod: 0.128589, t_ads: 34.2, t_des: 31.3, bed_util_ads: 0.497, bed_util_des: 0.496, des_th: 0.49633174923714646,frac_lost: 0.103, li_recovered:  8.414, time: 0.01032253499943181
   806 |    32240 |     40 |  0.0013751085 |             f
L: 0.50, u_super: 0.00416, sec: 226.683, prod: 0.093596, t_ads: 46.7, t_des: 42.2, bed_util_ads: 0.498, bed_util_des: 0.498, des_th: 0.4978616767819944,frac_lost: 0.104, li_recovered:  8.322, time: 0.018388492999292794
L: 0.50, u_super: 0.00842, sec: 492.969, prod: 0.186507, t_ads: 23.2, t_des: 23.3, bed_util_ads: 0.486, bed_util_des: 0.485, des_th: 0.48541214060017956,frac_lost: 0.104, li_recovered:  8.670, time: 0.00876968400007172
L: 0.50, u_super: 0.00761, sec: 430.459, prod: 0.172597, t_ads: 25.5, t_des: 23.1, bed_util_ads: 0.499, bed_util_des: 0.499, des_th: 0.4991356959546304,frac_lost: 0.100, li_recovered:  8.384, time: 0.01767253399884794
L: 0.50, u_super: 0.00190, sec: 110.221, prod: 0.038866, t_ads: 101.6, t_des: 116.3, bed_util_ads: 0.463, bed_util_des: 0.461, des_th: 0.46075635264318426,frac_lost: 0.105, li_recovered:  8.471, time: 0.011707697000019834
L: 0.50, u_super: 0.00951, sec: 556.252, prod: 0.213941, t_ads: 20.6, t_des: 19.7, bed_util_ads: 0.493, bed_util_des: 0.493, des_th: 0.49253037190284443,frac_lost: 0.106, li_recovered:  8.619, time: 0.0165936880002846
L: 0.50, u_super: 0.00276, sec: 170.572, prod: 0.053725, t_ads: 70.5, t_des: 89.2, bed_util_ads: 0.452, bed_util_des: 0.451, des_th: 0.45079121090101615,frac_lost: 0.107, li_recovered:  8.582, time: 0.014818985999227152
L: 0.50, u_super: 0.00828, sec: 474.160, prod: 0.187247, t_ads: 23.7, t_des: 21.4, bed_util_ads: 0.499, bed_util_des: 0.499, des_th: 0.49860461097559905,frac_lost: 0.108, li_recovered:  8.444, time: 0.013282448999234475
L: 0.50, u_super: 0.00363, sec: 197.742, prod: 0.081290, t_ads: 53.5, t_des: 47.3, bed_util_ads: 0.500, bed_util_des: 0.500, des_th: 0.49999148396470894,frac_lost: 0.107, li_recovered:  8.194, time: 0.01371109499996237
L: 0.50, u_super: 0.00732, sec: 414.136, prod: 0.165327, t_ads: 26.8, t_des: 24.0, bed_util_ads: 0.500, bed_util_des: 0.500, des_th: 0.4998163848150379,frac_lost: 0.108, li_recovered:  8.392, time: 0.013885434000258101
L: 0.50, u_super: 0.00990, sec: 617.134, prod: 0.209738, t_ads: 19.7, t_des: 21.8, bed_util_ads: 0.475, bed_util_des: 0.475, des_th: 0.4746623598875688,frac_lost: 0.104, li_recovered:  8.714, time: 0.016425120998974307
L: 8.26, u_super: 0.00553 — INFEASIBLE (li_recovered=0.000e+00), time: 0.008971997000116971
L: 0.50, u_super: 0.00226, sec: 127.085, prod: 0.048011, t_ads: 85.3, t_des: 91.7, bed_util_ads: 0.472, bed_util_des: 0.470, des_th: 0.4704605120040157,frac_lost: 0.103, li_recovered:  8.499, time: 0.019702555000549182
L: 0.50, u_super: 0.00633, sec: 353.665, prod: 0.143112, t_ads: 30.7, t_des: 27.4, bed_util_ads: 0.500, bed_util_des: 0.500, des_th: 0.4997781111141392,frac_lost: 0.103, li_recovered:  8.313, time: 0.023300705999645288
L: 0.50, u_super: 0.00033 — INFEASIBLE (li_recovered=0.000e+00), time: 0.01154324699928111
L: 0.50, u_super: 0.00668, sec: 373.813, prod: 0.151112, t_ads: 29.0, t_des: 26.0, bed_util_ads: 0.500, bed_util_des: 0.500, des_th: 0.49969985594689537,frac_lost: 0.100, li_recovered:  8.319, time: 0.015425034000145388
L: 0.50, u_super: 0.00724, sec: 429.060, prod: 0.155988, t_ads: 27.0, t_des: 28.7, bed_util_ads: 0.479, bed_util_des: 0.479, des_th: 0.4789793940267226,frac_lost: 0.107, li_recovered:  8.689, time: 0.010283673998856102
L: 0.50, u_super: 0.00016, sec: 17.902, prod: 0.001708, t_ads: 1185.0, t_des: 3585.2, bed_util_ads: 0.275, bed_util_des: 0.215, des_th: 0.21528841890500286,frac_lost: 0.103, li_recovered:  8.149, time: 0.034982524999577436
L: 0.50, u_super: 0.00128, sec: 70.517, prod: 0.027327, t_ads: 148.8, t_des: 126.2, bed_util_ads: 0.496, bed_util_des: 0.495, des_th: 0.4953792154250093,frac_lost: 0.106, li_recovered:  7.514, time: 0.01223849199959659
L: 0.50, u_super: 0.00891, sec: 513.701, prod: 0.201829, t_ads: 22.0, t_des: 19.9, bed_util_ads: 0.500, bed_util_des: 0.500, des_th: 0.49987416695139136,frac_lost: 0.107, li_recovered:  8.442, time: 0.014990140000008978
L: 0.50, u_super: 0.00649, sec: 362.446, prod: 0.146783, t_ads: 30.0, t_des: 27.4, bed_util_ads: 0.497, bed_util_des: 0.497, des_th: 0.49730367249224555,frac_lost: 0.103, li_recovered:  8.418, time: 0.012689066001257743
L: 0.50, u_super: 0.00018, sec: 22.508, prod: 0.001583, t_ads: 1112.5, t_des: 4196.2, bed_util_ads: 0.258, bed_util_des: 0.195, des_th: 0.19519414346793143,frac_lost: 0.100, li_recovered:  8.405, time: 0.024942235999333207
L: 0.50, u_super: 0.00016, sec: 17.195, prod: 0.001779, t_ads: 1174.2, t_des: 3345.7, bed_util_ads: 0.280, bed_util_des: 0.223, des_th: 0.22278252919610927,frac_lost: 0.102, li_recovered:  8.039, time: 0.024421086000074865
L: 0.50, u_super: 0.00056, sec: 31.966, prod: 0.011480, t_ads: 327.5, t_des: 336.0, bed_util_ads: 0.456, bed_util_des: 0.452, des_th: 0.45265059156244,frac_lost: 0.105, li_recovered:  7.617, time: 0.0123884780005028
L: 0.50, u_super: 0.00990, sec: 576.736, prod: 0.224528, t_ads: 19.7, t_des: 17.9, bed_util_ads: 0.499, bed_util_des: 0.499, des_th: 0.4993700624020605,frac_lost: 0.105, li_recovered:  8.456, time: 0.018561082000815077
L: 8.40, u_super: 0.00656 — INFEASIBLE (li_recovered=0.000e+00), time: 0.00836497800082725
L: 5.85, u_super: 0.00569 — INFEASIBLE (li_recovered=0.000e+00), time: 0.0062905289996706415
L: 61.16, u_super: 0.00245 — INFEASIBLE (li_recovered=0.000e+00), time: 0.0012138380006945226
L: 0.50, u_super: 0.00659, sec: 368.539, prod: 0.149420, t_ads: 29.4, t_des: 26.6, bed_util_ads: 0.499, bed_util_des: 0.499, des_th: 0.49917919754045986,frac_lost: 0.100, li_recovered:  8.374, time: 0.009525780000330997
L: 0.50, u_super: 0.00451, sec: 246.819, prod: 0.101289, t_ads: 43.2, t_des: 38.5, bed_util_ads: 0.500, bed_util_des: 0.499, des_th: 0.49944072914973814,frac_lost: 0.106, li_recovered:  8.275, time: 0.015845219999391702
L: 0.50, u_super: 0.00775, sec: 439.249, prod: 0.175834, t_ads: 25.0, t_des: 22.7, bed_util_ads: 0.498, bed_util_des: 0.498, des_th: 0.4981360643139421,frac_lost: 0.101, li_recovered:  8.394, time: 0.015131133999602753
L: 0.50, u_super: 0.00204, sec: 110.144, prod: 0.044947, t_ads: 94.0, t_des: 82.3, bed_util_ads: 0.497, bed_util_des: 0.496, des_th: 0.49625039996407916,frac_lost: 0.102, li_recovered:  7.923, time: 0.012940393000462791
L: 0.50, u_super: 0.00027 — INFEASIBLE (li_recovered=0.000e+00), time: 0.00520389899975271
L: 10.54, u_super: 0.00951 — INFEASIBLE (li_recovered=0.000e+00), time: 0.00783144700108096
L: 0.50, u_super: 0.00452, sec: 1706.977, prod: 0.014730, t_ads: 43.4, t_des: 552.5, bed_util_ads: 0.208, bed_util_des: 0.203, des_th: 0.2025770274910055,frac_lost: 0.103, li_recovered:  8.777, time: 0.09867138799927488
L: 0.50, u_super: 0.00445, sec: 243.663, prod: 0.100085, t_ads: 43.7, t_des: 39.1, bed_util_ads: 0.499, bed_util_des: 0.499, des_th: 0.49853918829950516,frac_lost: 0.106, li_recovered:  8.285, time: 0.013975391999338171
L: 0.50, u_super: 0.00841, sec: 481.635, prod: 0.190554, t_ads: 23.2, t_des: 21.1, bed_util_ads: 0.499, bed_util_des: 0.499, des_th: 0.4991131813800424,frac_lost: 0.105, li_recovered:  8.439, time: 0.015935837000142783
L: 0.50, u_super: 0.00864, sec: 496.967, prod: 0.195528, t_ads: 22.7, t_des: 20.5, bed_util_ads: 0.499, bed_util_des: 0.499, des_th: 0.4987918075772958,frac_lost: 0.108, li_recovered:  8.445, time: 0.011414586999308085
L: 0.50, u_super: 0.00534, sec: 294.184, prod: 0.120562, t_ads: 36.4, t_des: 33.4, bed_util_ads: 0.497, bed_util_des: 0.496, des_th: 0.49642090797556004,frac_lost: 0.102, li_recovered:  8.410, time: 0.011515148000398767
L: 0.50, u_super: 0.00518, sec: 285.850, prod: 0.116907, t_ads: 37.5, t_des: 33.6, bed_util_ads: 0.500, bed_util_des: 0.500, des_th: 0.4996845020629226,frac_lost: 0.104, li_recovered:  8.308, time: 0.014711623000039253
L: 0.50, u_super: 0.00847, sec: 485.606, prod: 0.191475, t_ads: 23.2, t_des: 20.9, bed_util_ads: 0.500, bed_util_des: 0.500, des_th: 0.4998103823962476,frac_lost: 0.108, li_recovered:  8.440, time: 0.012338766999164363
   807 |    32280 |     40 |  0.0041115143 |             f
L: 9.45, u_super: 0.00828 — INFEASIBLE (li_recovered=0.000e+00), time: 0.0063458700005867286
L: 0.50, u_super: 0.00338, sec: 183.430, prod: 0.075429, t_ads: 57.6, t_des: 50.7, bed_util_ads: 0.499, bed_util_des: 0.499, des_th: 0.49868541440321706,frac_lost: 0.107, li_recovered:  8.169, time: 0.01073211800030549
L: 0.50, u_super: 0.00451, sec: 246.670, prod: 0.101350, t_ads: 43.2, t_des: 38.6, bed_util_ads: 0.500, bed_util_des: 0.500, des_th: 0.49958405786290017,frac_lost: 0.105, li_recovered:  8.281, time: 0.012688916000115569
L: 0.50, u_super: 0.00082, sec: 45.012, prod: 0.017349, t_ads: 229.7, t_des: 221.4, bed_util_ads: 0.473, bed_util_des: 0.471, des_th: 0.47151356443229375,frac_lost: 0.106, li_recovered:  7.825, time: 0.017014534001646098
L: 0.50, u_super: 0.00162, sec: 88.829, prod: 0.034884, t_ads: 118.5, t_des: 99.8, bed_util_ads: 0.500, bed_util_des: 0.500, des_th: 0.4999447691065162,frac_lost: 0.107, li_recovered:  7.614, time: 0.015606382999976631
L: 0.50, u_super: 0.00607, sec: 367.592, prod: 0.126079, t_ads: 32.2, t_des: 36.6, bed_util_ads: 0.470, bed_util_des: 0.469, des_th: 0.4693465326130372,frac_lost: 0.107, li_recovered:  8.682, time: 0.012745013998937793
L: 0.50, u_super: 0.00486, sec: 266.673, prod: 0.109461, t_ads: 39.9, t_des: 37.4, bed_util_ads: 0.494, bed_util_des: 0.494, des_th: 0.4936565382330977,frac_lost: 0.102, li_recovered:  8.466, time: 0.010480057000677334
L: 0.50, u_super: 0.00548, sec: 303.048, prod: 0.123850, t_ads: 35.4, t_des: 31.7, bed_util_ads: 0.500, bed_util_des: 0.500, des_th: 0.49968410039648004,frac_lost: 0.102, li_recovered:  8.310, time: 0.009426053999050055
L: 2.02, u_super: 0.00633, sec: 1505.039, prod: 0.135661, t_ads: 121.9, t_des: 101.4, bed_util_ads: 0.500, bed_util_des: 0.500, des_th: 0.49974105766365984,frac_lost: 0.106, li_recovered:  30.297, time: 0.012903351000204566
L: 0.50, u_super: 0.00698, sec: 395.577, prod: 0.156612, t_ads: 28.1, t_des: 26.7, bed_util_ads: 0.492, bed_util_des: 0.492, des_th: 0.49184911308118134,frac_lost: 0.108, li_recovered:  8.582, time: 0.010318934999304474
L: 0.50, u_super: 0.00390, sec: 212.485, prod: 0.087232, t_ads: 49.9, t_des: 44.0, bed_util_ads: 0.500, bed_util_des: 0.500, des_th: 0.49999148396470894,frac_lost: 0.106, li_recovered:  8.194, time: 0.014185289001034107
L: 0.50, u_super: 0.00409, sec: 223.211, prod: 0.091648, t_ads: 47.5, t_des: 41.9, bed_util_ads: 0.500, bed_util_des: 0.499, des_th: 0.49942325784962566,frac_lost: 0.105, li_recovered:  8.195, time: 0.01506107099885412
L: 0.50, u_super: 0.00738, sec: 418.036, prod: 0.166803, t_ads: 26.5, t_des: 24.4, bed_util_ads: 0.497, bed_util_des: 0.496, des_th: 0.49633174923714646,frac_lost: 0.107, li_recovered:  8.492, time: 0.014523957999699633
L: 0.50, u_super: 0.00247, sec: 133.456, prod: 0.054882, t_ads: 77.9, t_des: 68.5, bed_util_ads: 0.498, bed_util_des: 0.498, des_th: 0.4979538032520851,frac_lost: 0.103, li_recovered:  8.035, time: 0.01295497799947043
L: 0.50, u_super: 0.00520, sec: 286.849, prod: 0.117202, t_ads: 37.4, t_des: 33.4, bed_util_ads: 0.500, bed_util_des: 0.500, des_th: 0.49968410039648004,frac_lost: 0.104, li_recovered:  8.296, time: 0.012634695000087959
L: 0.50, u_super: 0.00964, sec: 559.949, prod: 0.218392, t_ads: 20.3, t_des: 18.2, bed_util_ads: 0.500, bed_util_des: 0.500, des_th: 0.4999676097592117,frac_lost: 0.105, li_recovered:  8.401, time: 0.012667164999584202
L: 0.50, u_super: 0.00606, sec: 444.162, prod: 0.103955, t_ads: 32.3, t_des: 51.4, bed_util_ads: 0.428, bed_util_des: 0.426, des_th: 0.4263875302144676,frac_lost: 0.106, li_recovered:  8.700, time: 0.014861958999972558
L: 11.10, u_super: 0.00227 — INFEASIBLE (li_recovered=0.000e+00), time: 0.0029134939995856257
L: 0.50, u_super: 0.00237, sec: 127.597, prod: 0.052578, t_ads: 81.5, t_des: 72.5, bed_util_ads: 0.496, bed_util_des: 0.496, des_th: 0.4960498218901738,frac_lost: 0.105, li_recovered:  8.095, time: 0.015181718999883742
L: 0.50, u_super: 0.00016, sec: 16.732, prod: 0.001828, t_ads: 1176.4, t_des: 3199.1, bed_util_ads: 0.285, bed_util_des: 0.229, des_th: 0.22861463373549681,frac_lost: 0.105, li_recovered:  7.998, time: 0.020931637998728547
L: 0.50, u_super: 0.00005, sec: 4.387, prod: 0.000660, t_ads: 3657.7, t_des: 6977.7, bed_util_ads: 0.245, bed_util_des: 0.165, des_th: 0.1646851917643785,frac_lost: 0.103, li_recovered:  7.017, time: 0.014878027001032024
L: 0.50, u_super: 0.00191, sec: 103.867, prod: 0.041634, t_ads: 100.2, t_des: 101.2, bed_util_ads: 0.478, bed_util_des: 0.477, des_th: 0.4769664416665994,frac_lost: 0.100, li_recovered:  8.389, time: 0.009793915000045672
L: 0.50, u_super: 0.00363, sec: 197.314, prod: 0.081467, t_ads: 53.6, t_des: 48.5, bed_util_ads: 0.497, bed_util_des: 0.497, des_th: 0.49664503450438996,frac_lost: 0.108, li_recovered:  8.315, time: 0.013414000000921078
L: 0.50, u_super: 0.00984, sec: 588.040, prod: 0.217304, t_ads: 19.8, t_des: 20.2, bed_util_ads: 0.484, bed_util_des: 0.484, des_th: 0.4840248128407273,frac_lost: 0.103, li_recovered:  8.687, time: 0.01883979400008684
L: 0.91, u_super: 0.00195, sec: 203.281, prod: 0.040709, t_ads: 176.4, t_des: 145.5, bed_util_ads: 0.496, bed_util_des: 0.496, des_th: 0.49625039996407916,frac_lost: 0.104, li_recovered:  13.105, time: 0.015015737999419798
L: 0.50, u_super: 0.00237, sec: 128.526, prod: 0.052463, t_ads: 81.2, t_des: 70.6, bed_util_ads: 0.498, bed_util_des: 0.498, des_th: 0.4981102433696978,frac_lost: 0.104, li_recovered:  7.964, time: 0.01763053300055617
L: 0.50, u_super: 0.00951, sec: 551.570, prod: 0.215757, t_ads: 20.5, t_des: 18.4, bed_util_ads: 0.500, bed_util_des: 0.500, des_th: 0.4996714144984941,frac_lost: 0.104, li_recovered:  8.396, time: 0.00889631899917731
L: 0.50, u_super: 0.00304, sec: 164.924, prod: 0.067844, t_ads: 63.5, t_des: 55.6, bed_util_ads: 0.500, bed_util_des: 0.500, des_th: 0.4999413363344606,frac_lost: 0.103, li_recovered:  8.079, time: 0.018319291999432608
L: 0.50, u_super: 0.00878, sec: 505.695, prod: 0.198566, t_ads: 22.3, t_des: 20.0, bed_util_ads: 0.500, bed_util_des: 0.500, des_th: 0.4997971891775773,frac_lost: 0.108, li_recovered:  8.412, time: 0.01753956399988965
L: 0.50, u_super: 0.00369, sec: 271.461, prod: 0.061069, t_ads: 53.1, t_des: 88.7, bed_util_ads: 0.420, bed_util_des: 0.418, des_th: 0.41791742833296225,frac_lost: 0.109, li_recovered:  8.661, time: 0.021329442999558523
L: 0.50, u_super: 0.00960, sec: 557.389, prod: 0.217878, t_ads: 20.3, t_des: 18.5, bed_util_ads: 0.499, bed_util_des: 0.499, des_th: 0.4985189426757944,frac_lost: 0.104, li_recovered:  8.445, time: 0.012648227999306982
L: 0.50, u_super: 0.00806, sec: 460.311, prod: 0.182357, t_ads: 24.3, t_des: 22.0, bed_util_ads: 0.499, bed_util_des: 0.499, des_th: 0.498961027342779,frac_lost: 0.108, li_recovered:  8.450, time: 0.010622417001286522
L: 0.50, u_super: 0.00827, sec: 472.854, prod: 0.187045, t_ads: 23.7, t_des: 21.5, bed_util_ads: 0.499, bed_util_des: 0.499, des_th: 0.49860461097559905,frac_lost: 0.107, li_recovered:  8.457, time: 0.013066919000266353
L: 0.50, u_super: 0.00922, sec: 533.777, prod: 0.208860, t_ads: 21.2, t_des: 19.2, bed_util_ads: 0.500, bed_util_des: 0.499, des_th: 0.4993924202338506,frac_lost: 0.107, li_recovered:  8.441, time: 0.012832819998948253
L: 0.50, u_super: 0.00129, sec: 70.990, prod: 0.027619, t_ads: 146.9, t_des: 125.1, bed_util_ads: 0.496, bed_util_des: 0.495, des_th: 0.49543463977585206,frac_lost: 0.103, li_recovered:  7.513, time: 0.00953993300026923
L: 0.50, u_super: 0.00009, sec: 9.071, prod: 0.001074, t_ads: 2086.3, t_des: 5253.7, bed_util_ads: 0.259, bed_util_des: 0.183, des_th: 0.18307031375498767,frac_lost: 0.103, li_recovered:  7.885, time: 0.02276886899926467
L: 0.50, u_super: 0.00016, sec: 16.483, prod: 0.001855, t_ads: 1160.5, t_des: 3111.0, bed_util_ads: 0.285, bed_util_des: 0.231, des_th: 0.23148752223074553,frac_lost: 0.100, li_recovered:  7.925, time: 0.019756875999519252
L: 0.50, u_super: 0.00612, sec: 340.544, prod: 0.138513, t_ads: 31.7, t_des: 28.4, bed_util_ads: 0.500, bed_util_des: 0.500, des_th: 0.499750562023175,frac_lost: 0.101, li_recovered:  8.323, time: 0.01337434200104326
L: 0.50, u_super: 0.00005, sec: 5.740, prod: 0.000504, t_ads: 2271.7, t_des: 2709.8, bed_util_ads: 0.256, bed_util_des: 0.238, des_th: 0.23843472628373966,frac_lost: 0.100, li_recovered:  2.512, time: 0.00731733500106202
L: 0.50, u_super: 0.00886, sec: 553.564, prod: 0.185010, t_ads: 22.0, t_des: 25.0, bed_util_ads: 0.470, bed_util_des: 0.470, des_th: 0.4700713324471548,frac_lost: 0.104, li_recovered:  8.709, time: 0.016006666999601293
   808 |    32320 |     40 |  0.0020244723 |             f
L: 0.50, u_super: 0.00041 — INFEASIBLE (li_recovered=0.000e+00), time: 0.006138663999081473
L: 0.50, u_super: 0.00591, sec: 327.600, prod: 0.133639, t_ads: 32.8, t_des: 30.1, bed_util_ads: 0.497, bed_util_des: 0.497, des_th: 0.4966371294432537,frac_lost: 0.101, li_recovered:  8.412, time: 0.008836895000058576
L: 0.50, u_super: 0.00563, sec: 311.811, prod: 0.127345, t_ads: 34.4, t_des: 30.9, bed_util_ads: 0.500, bed_util_des: 0.500, des_th: 0.49959406738636275,frac_lost: 0.101, li_recovered:  8.313, time: 0.01115219200073625
L: 0.50, u_super: 0.00162, sec: 87.996, prod: 0.035215, t_ads: 118.3, t_des: 102.3, bed_util_ads: 0.496, bed_util_des: 0.496, des_th: 0.4955885355155227,frac_lost: 0.105, li_recovered:  7.767, time: 0.010969645001750905
L: 0.50, u_super: 0.00451, sec: 246.799, prod: 0.101596, t_ads: 43.1, t_des: 39.4, bed_util_ads: 0.497, bed_util_des: 0.496, des_th: 0.4964744049469303,frac_lost: 0.105, li_recovered:  8.382, time: 0.007480580999981612
L: 0.50, u_super: 0.00990, sec: 577.053, prod: 0.224405, t_ads: 19.8, t_des: 17.9, bed_util_ads: 0.500, bed_util_des: 0.500, des_th: 0.4995385532077885,frac_lost: 0.106, li_recovered:  8.450, time: 0.011730526999599533
L: 0.50, u_super: 0.00864, sec: 496.676, prod: 0.195642, t_ads: 22.6, t_des: 20.3, bed_util_ads: 0.500, bed_util_des: 0.500, des_th: 0.49982715671539446,frac_lost: 0.106, li_recovered:  8.397, time: 0.008589760000177193
L: 0.50, u_super: 0.00692, sec: 389.439, prod: 0.156238, t_ads: 28.3, t_des: 25.6, bed_util_ads: 0.498, bed_util_des: 0.498, des_th: 0.49804569570391655,frac_lost: 0.108, li_recovered:  8.426, time: 0.0132519439994212
L: 0.50, u_super: 0.00072 — INFEASIBLE (li_recovered=0.000e+00), time: 0.007191116999820224
L: 0.50, u_super: 0.00706, sec: 398.227, prod: 0.159308, t_ads: 27.8, t_des: 25.2, bed_util_ads: 0.499, bed_util_des: 0.499, des_th: 0.49894928303015956,frac_lost: 0.109, li_recovered:  8.439, time: 0.015698985000199173
L: 0.50, u_super: 0.00915, sec: 625.108, prod: 0.175339, t_ads: 21.3, t_des: 28.4, bed_util_ads: 0.451, bed_util_des: 0.450, des_th: 0.4500075865455676,frac_lost: 0.103, li_recovered:  8.717, time: 0.018219591000161017
L: 0.50, u_super: 0.00821, sec: 469.920, prod: 0.185724, t_ads: 23.9, t_des: 21.6, bed_util_ads: 0.500, bed_util_des: 0.500, des_th: 0.49970036225377135,frac_lost: 0.108, li_recovered:  8.443, time: 0.014332205000755494
L: 0.50, u_super: 0.00794, sec: 451.396, prod: 0.180221, t_ads: 24.4, t_des: 22.1, bed_util_ads: 0.499, bed_util_des: 0.499, des_th: 0.49857157668145874,frac_lost: 0.101, li_recovered:  8.379, time: 0.01888699100163649
L: 13.13, u_super: 0.00520 — INFEASIBLE (li_recovered=0.000e+00), time: 0.006335923000733601
L: 0.50, u_super: 0.00425, sec: 232.350, prod: 0.095618, t_ads: 45.7, t_des: 40.8, bed_util_ads: 0.498, bed_util_des: 0.498, des_th: 0.49826799997902144,frac_lost: 0.105, li_recovered:  8.272, time: 0.015599864998876
L: 0.50, u_super: 0.00847, sec: 485.484, prod: 0.191690, t_ads: 23.1, t_des: 20.9, bed_util_ads: 0.500, bed_util_des: 0.499, des_th: 0.49941430895880884,frac_lost: 0.107, li_recovered:  8.441, time: 0.018238632999782567
L: 29.69, u_super: 0.00192 — INFEASIBLE (li_recovered=0.000e+00), time: 0.0018622839997988194
L: 0.50, u_super: 0.00649, sec: 362.678, prod: 0.146776, t_ads: 30.0, t_des: 27.0, bed_util_ads: 0.499, bed_util_des: 0.499, des_th: 0.4989548101137752,frac_lost: 0.103, li_recovered:  8.368, time: 0.01465704300062498
L: 0.50, u_super: 0.00292, sec: 177.985, prod: 0.057758, t_ads: 66.6, t_des: 82.1, bed_util_ads: 0.457, bed_util_des: 0.455, des_th: 0.45538908482514745,frac_lost: 0.107, li_recovered:  8.590, time: 0.01914688400029263
L: 0.50, u_super: 0.00276, sec: 149.119, prod: 0.061416, t_ads: 69.8, t_des: 61.4, bed_util_ads: 0.499, bed_util_des: 0.499, des_th: 0.49926304876568506,frac_lost: 0.102, li_recovered:  8.056, time: 0.012626046000150382
L: 0.50, u_super: 0.00304, sec: 164.745, prod: 0.067918, t_ads: 63.3, t_des: 55.6, bed_util_ads: 0.500, bed_util_des: 0.500, des_th: 0.49970036225377135,frac_lost: 0.101, li_recovered:  8.074, time: 0.013948657000582898
L: 0.50, u_super: 0.00921, sec: 583.520, prod: 0.190481, t_ads: 21.2, t_des: 24.5, bed_util_ads: 0.468, bed_util_des: 0.468, des_th: 0.4677352270822987,frac_lost: 0.104, li_recovered:  8.712, time: 0.012943858999278746
L: 0.50, u_super: 0.00633, sec: 353.282, prod: 0.143267, t_ads: 30.7, t_des: 27.7, bed_util_ads: 0.498, bed_util_des: 0.498, des_th: 0.49832291766667125,frac_lost: 0.102, li_recovered:  8.360, time: 0.010458824999659555
L: 1.84, u_super: 0.00007, sec: 134.766, prod: 0.000136, t_ads: 4016.6, t_des: 1023.7, bed_util_ads: 0.186, bed_util_des: 0.185, des_th: 0.1851696623157332,frac_lost: 0.102, li_recovered:  0.684, time: 0.0035857560014846968
L: 0.50, u_super: 0.00876, sec: 503.996, prod: 0.198446, t_ads: 22.3, t_des: 20.2, bed_util_ads: 0.499, bed_util_des: 0.499, des_th: 0.49860461097559905,frac_lost: 0.106, li_recovered:  8.443, time: 0.021495727000001352
L: 0.50, u_super: 0.00489, sec: 268.639, prod: 0.110186, t_ads: 39.7, t_des: 35.5, bed_util_ads: 0.500, bed_util_des: 0.500, des_th: 0.4998465529079218,frac_lost: 0.104, li_recovered:  8.293, time: 0.008861841999532771
L: 0.50, u_super: 0.00533, sec: 340.383, prod: 0.103840, t_ads: 36.5, t_des: 47.0, bed_util_ads: 0.454, bed_util_des: 0.453, des_th: 0.45265059156244,frac_lost: 0.102, li_recovered:  8.671, time: 0.01747775600051682
L: 0.50, u_super: 0.00127, sec: 71.084, prod: 0.026569, t_ads: 150.1, t_des: 122.3, bed_util_ads: 0.499, bed_util_des: 0.499, des_th: 0.49946962795282496,frac_lost: 0.106, li_recovered:  7.238, time: 0.012202284999148105
L: 5.24, u_super: 0.00108 — INFEASIBLE (li_recovered=0.000e+00), time: 0.008309032000397565
L: 0.50, u_super: 0.00311, sec: 168.273, prod: 0.069523, t_ads: 62.1, t_des: 55.0, bed_util_ads: 0.499, bed_util_des: 0.499, des_th: 0.49860461097559905,frac_lost: 0.103, li_recovered:  8.140, time: 0.01480549200095993
L: 0.50, u_super: 0.00921, sec: 532.606, prod: 0.208659, t_ads: 21.2, t_des: 19.0, bed_util_ads: 0.500, bed_util_des: 0.500, des_th: 0.4999393327820385,frac_lost: 0.105, li_recovered:  8.398, time: 0.014036512999155093
L: 17.02, u_super: 0.00123 — INFEASIBLE (li_recovered=0.000e+00), time: 0.0026547569996182574
L: 0.50, u_super: 0.00368, sec: 200.291, prod: 0.082410, t_ads: 52.8, t_des: 46.7, bed_util_ads: 0.499, bed_util_des: 0.499, des_th: 0.4987397196978357,frac_lost: 0.106, li_recovered:  8.201, time: 0.01627349999944272
L: 0.50, u_super: 0.00383, sec: 208.906, prod: 0.085932, t_ads: 50.7, t_des: 44.9, bed_util_ads: 0.500, bed_util_des: 0.500, des_th: 0.49994107656027503,frac_lost: 0.106, li_recovered:  8.218, time: 0.014497627998935059
L: 0.50, u_super: 0.00953, sec: 584.971, prod: 0.204372, t_ads: 20.5, t_des: 22.1, bed_util_ads: 0.477, bed_util_des: 0.477, des_th: 0.4769664416665994,frac_lost: 0.104, li_recovered:  8.709, time: 0.02161420599986741
L: 0.50, u_super: 0.00010, sec: 9.711, prod: 0.001222, t_ads: 1849.4, t_des: 4439.1, bed_util_ads: 0.268, bed_util_des: 0.200, des_th: 0.19974745588771747,frac_lost: 0.100, li_recovered:  7.684, time: 0.021608044999084086
L: 0.50, u_super: 0.00716, sec: 403.840, prod: 0.161761, t_ads: 27.3, t_des: 24.5, bed_util_ads: 0.500, bed_util_des: 0.500, des_th: 0.4998666547134744,frac_lost: 0.106, li_recovered:  8.382, time: 0.016841568000018015
L: 0.50, u_super: 0.00486, sec: 267.262, prod: 0.109574, t_ads: 39.9, t_des: 37.4, bed_util_ads: 0.494, bed_util_des: 0.494, des_th: 0.4936614614061448,frac_lost: 0.103, li_recovered:  8.473, time: 0.02136740099922463
L: 0.50, u_super: 0.00864, sec: 496.781, prod: 0.195601, t_ads: 22.7, t_des: 20.5, bed_util_ads: 0.499, bed_util_des: 0.498, des_th: 0.49840505029651777,frac_lost: 0.107, li_recovered:  8.450, time: 0.014624647001255653
L: 0.50, u_super: 0.00979, sec: 569.024, prod: 0.222038, t_ads: 19.9, t_des: 18.1, bed_util_ads: 0.500, bed_util_des: 0.499, des_th: 0.49940829396157965,frac_lost: 0.104, li_recovered:  8.449, time: 0.019696411000040825
   809 |    32360 |     40 |  0.0043874955 |             f
L: 0.50, u_super: 0.00005 — INFEASIBLE (li_recovered=0.000e+00), time: 0.0038772580010117963
L: 37.79, u_super: 0.00518 — INFEASIBLE (li_recovered=0.000e+00), time: 0.002000333999603754
L: 10.10, u_super: 0.00767 — INFEASIBLE (li_recovered=0.000e+00), time: 0.0070227550004346995
L: 0.50, u_super: 0.00933, sec: 539.929, prod: 0.211538, t_ads: 20.9, t_des: 18.9, bed_util_ads: 0.499, bed_util_des: 0.499, des_th: 0.4992685674326933,frac_lost: 0.105, li_recovered:  8.434, time: 0.01795432800099661
L: 0.50, u_super: 0.00229, sec: 123.360, prod: 0.050702, t_ads: 84.4, t_des: 74.9, bed_util_ads: 0.497, bed_util_des: 0.496, des_th: 0.4964717468936851,frac_lost: 0.107, li_recovered:  8.079, time: 0.014576599998690654
L: 15.64, u_super: 0.00594 — INFEASIBLE (li_recovered=0.000e+00), time: 0.006157825999252964
L: 0.50, u_super: 0.00470, sec: 259.513, prod: 0.104937, t_ads: 41.4, t_des: 40.1, bed_util_ads: 0.489, bed_util_des: 0.489, des_th: 0.48869009074788206,frac_lost: 0.105, li_recovered:  8.553, time: 0.01418951800042123
L: 0.50, u_super: 0.00148 — INFEASIBLE (li_recovered=0.000e+00), time: 0.007942442998682964
L: 0.50, u_super: 0.00548, sec: 303.048, prod: 0.123850, t_ads: 35.4, t_des: 31.7, bed_util_ads: 0.500, bed_util_des: 0.500, des_th: 0.49968410039648004,frac_lost: 0.102, li_recovered:  8.310, time: 0.010530450999794994
L: 0.50, u_super: 0.00083, sec: 45.715, prod: 0.017457, t_ads: 227.6, t_des: 226.7, bed_util_ads: 0.469, bed_util_des: 0.467, des_th: 0.4666371697902898,frac_lost: 0.106, li_recovered:  7.930, time: 0.01212491099977342
L: 0.50, u_super: 0.00226, sec: 122.417, prod: 0.049842, t_ads: 85.5, t_des: 74.3, bed_util_ads: 0.500, bed_util_des: 0.499, des_th: 0.49941975149039575,frac_lost: 0.107, li_recovered:  7.964, time: 0.010959422999803792
L: 0.50, u_super: 0.00752, sec: 427.006, prod: 0.169895, t_ads: 26.1, t_des: 23.9, bed_util_ads: 0.497, bed_util_des: 0.497, des_th: 0.49724820686625665,frac_lost: 0.108, li_recovered:  8.487, time: 0.014643938000517664
L: 0.50, u_super: 0.00633, sec: 377.801, prod: 0.133969, t_ads: 30.6, t_des: 34.1, bed_util_ads: 0.473, bed_util_des: 0.472, des_th: 0.47249516875516695,frac_lost: 0.101, li_recovered:  8.676, time: 0.012331977000940242
L: 0.50, u_super: 0.00194, sec: 104.778, prod: 0.042631, t_ads: 98.8, t_des: 97.3, bed_util_ads: 0.482, bed_util_des: 0.481, des_th: 0.48101102483634434,frac_lost: 0.101, li_recovered:  8.357, time: 0.013294972000949201
L: 0.50, u_super: 0.00794, sec: 452.846, prod: 0.179340, t_ads: 24.7, t_des: 22.4, bed_util_ads: 0.499, bed_util_des: 0.499, des_th: 0.49855760071253763,frac_lost: 0.109, li_recovered:  8.445, time: 0.017437930999221862
L: 0.50, u_super: 0.00871, sec: 501.141, prod: 0.197221, t_ads: 22.5, t_des: 20.4, bed_util_ads: 0.500, bed_util_des: 0.500, des_th: 0.4998229188799695,frac_lost: 0.107, li_recovered:  8.447, time: 0.017865120998976636
L: 0.50, u_super: 0.00354, sec: 192.048, prod: 0.079133, t_ads: 55.1, t_des: 49.1, bed_util_ads: 0.498, bed_util_des: 0.498, des_th: 0.4975384731352733,frac_lost: 0.108, li_recovered:  8.248, time: 0.01319446900015464
L: 0.50, u_super: 0.00276, sec: 1076.680, prod: 0.008506, t_ads: 71.4, t_des: 961.8, bed_util_ads: 0.202, bed_util_des: 0.192, des_th: 0.19241026892069124,frac_lost: 0.106, li_recovered:  8.788, time: 0.10411067700079002
L: 49.13, u_super: 0.00202 — INFEASIBLE (li_recovered=0.000e+00), time: 0.0015764550007588696
L: 0.50, u_super: 0.00643, sec: 358.537, prod: 0.145510, t_ads: 30.2, t_des: 27.3, bed_util_ads: 0.499, bed_util_des: 0.499, des_th: 0.4989548101137752,frac_lost: 0.101, li_recovered:  8.365, time: 0.015953314999933355
L: 17.07, u_super: 0.00191 — INFEASIBLE (li_recovered=0.000e+00), time: 0.0017238890013686614
L: 0.50, u_super: 0.00114, sec: 62.623, prod: 0.024291, t_ads: 166.8, t_des: 170.1, bed_util_ads: 0.471, bed_util_des: 0.469, des_th: 0.4693344514308738,frac_lost: 0.103, li_recovered:  8.182, time: 0.015177622999544838
L: 0.50, u_super: 0.00172, sec: 93.112, prod: 0.037641, t_ads: 111.5, t_des: 97.5, bed_util_ads: 0.496, bed_util_des: 0.495, des_th: 0.49550253433955543,frac_lost: 0.105, li_recovered:  7.867, time: 0.009941972999513382
L: 0.50, u_super: 0.00794, sec: 452.964, prod: 0.179597, t_ads: 24.6, t_des: 22.1, bed_util_ads: 0.500, bed_util_des: 0.500, des_th: 0.49997180247979395,frac_lost: 0.108, li_recovered:  8.391, time: 0.012802192999515682
L: 0.50, u_super: 0.00858, sec: 490.872, prod: 0.194807, t_ads: 22.6, t_des: 20.7, bed_util_ads: 0.499, bed_util_des: 0.498, des_th: 0.49839098434022605,frac_lost: 0.100, li_recovered:  8.439, time: 0.01992055399932724
L: 0.50, u_super: 0.00951, sec: 556.072, prod: 0.214010, t_ads: 20.5, t_des: 19.7, bed_util_ads: 0.493, bed_util_des: 0.492, des_th: 0.4924549827645095,frac_lost: 0.105, li_recovered:  8.619, time: 0.011965831001361948
L: 0.50, u_super: 0.00162, sec: 87.758, prod: 0.035310, t_ads: 118.5, t_des: 103.4, bed_util_ads: 0.496, bed_util_des: 0.495, des_th: 0.4955044921601475,frac_lost: 0.106, li_recovered:  7.837, time: 0.01676002400017751
L: 0.50, u_super: 0.00670, sec: 375.364, prod: 0.151857, t_ads: 29.0, t_des: 26.2, bed_util_ads: 0.499, bed_util_des: 0.499, des_th: 0.49919116334966007,frac_lost: 0.101, li_recovered:  8.375, time: 0.015182232000370277
L: 0.50, u_super: 0.00276, sec: 156.308, prod: 0.058592, t_ads: 70.0, t_des: 75.9, bed_util_ads: 0.472, bed_util_des: 0.471, des_th: 0.4705330701003558,frac_lost: 0.102, li_recovered:  8.548, time: 0.015006195000751177
L: 0.50, u_super: 0.00406, sec: 221.779, prod: 0.091040, t_ads: 47.8, t_des: 42.2, bed_util_ads: 0.500, bed_util_des: 0.499, des_th: 0.49942325784962566,frac_lost: 0.105, li_recovered:  8.196, time: 0.013938510001025861
L: 0.50, u_super: 0.00005, sec: 4.351, prod: 0.000665, t_ads: 3318.1, t_des: 5396.1, bed_util_ads: 0.255, bed_util_des: 0.193, des_th: 0.19338451626242337,frac_lost: 0.102, li_recovered:  5.797, time: 0.019725393000044278
L: 0.50, u_super: 0.00980, sec: 570.453, prod: 0.222251, t_ads: 19.9, t_des: 18.1, bed_util_ads: 0.500, bed_util_des: 0.499, des_th: 0.4995048966543166,frac_lost: 0.105, li_recovered:  8.450, time: 0.011296990000118967
L: 0.50, u_super: 0.00650, sec: 364.262, prod: 0.146754, t_ads: 30.1, t_des: 27.3, bed_util_ads: 0.499, bed_util_des: 0.499, des_th: 0.4989521844767477,frac_lost: 0.108, li_recovered:  8.422, time: 0.010651070000676555
L: 0.50, u_super: 0.00231, sec: 136.565, prod: 0.046659, t_ads: 83.4, t_des: 99.3, bed_util_ads: 0.459, bed_util_des: 0.457, des_th: 0.4571692679532862,frac_lost: 0.101, li_recovered:  8.523, time: 0.014467934999629506
L: 0.50, u_super: 0.00206, sec: 111.597, prod: 0.045325, t_ads: 93.6, t_des: 81.4, bed_util_ads: 0.498, bed_util_des: 0.498, des_th: 0.4978310445236665,frac_lost: 0.107, li_recovered:  7.936, time: 0.009570456999426824
L: 0.50, u_super: 0.00919, sec: 535.795, prod: 0.206592, t_ads: 21.3, t_des: 20.4, bed_util_ads: 0.492, bed_util_des: 0.492, des_th: 0.49218470830634475,frac_lost: 0.106, li_recovered:  8.619, time: 0.01223814799959655
L: 0.50, u_super: 0.00313, sec: 168.824, prod: 0.069994, t_ads: 61.8, t_des: 55.5, bed_util_ads: 0.498, bed_util_des: 0.497, des_th: 0.4973129425812038,frac_lost: 0.103, li_recovered:  8.215, time: 0.01044010499936121
L: 0.50, u_super: 0.00797, sec: 454.566, prod: 0.180117, t_ads: 24.6, t_des: 22.3, bed_util_ads: 0.499, bed_util_des: 0.499, des_th: 0.4985549750755101,frac_lost: 0.108, li_recovered:  8.446, time: 0.009904345999530051
L: 0.50, u_super: 0.00304, sec: 164.378, prod: 0.067703, t_ads: 63.5, t_des: 55.8, bed_util_ads: 0.499, bed_util_des: 0.499, des_th: 0.4992355339976311,frac_lost: 0.102, li_recovered:  8.082, time: 0.007098145999407279
L: 0.50, u_super: 0.00488, sec: 268.036, prod: 0.109904, t_ads: 39.8, t_des: 35.6, bed_util_ads: 0.500, bed_util_des: 0.500, des_th: 0.49997453077403187,frac_lost: 0.104, li_recovered:  8.288, time: 0.00929900700066355
   810 |    32400 |     40 |  0.0025719811 |             f
L: 6.88, u_super: 0.00470 — INFEASIBLE (li_recovered=0.000e+00), time: 0.004271726000297349
L: 0.50, u_super: 0.00990, sec: 577.474, prod: 0.224242, t_ads: 19.8, t_des: 18.0, bed_util_ads: 0.500, bed_util_des: 0.500, des_th: 0.49982302680226454,frac_lost: 0.107, li_recovered:  8.465, time: 0.009524592000161647
L: 0.50, u_super: 0.00023, sec: 31.911, prod: 0.001860, t_ads: 868.2, t_des: 3713.9, bed_util_ads: 0.258, bed_util_des: 0.202, des_th: 0.20189835743644807,frac_lost: 0.102, li_recovered:  8.524, time: 0.024025065000387258
L: 0.50, u_super: 0.00911, sec: 526.560, prod: 0.206336, t_ads: 21.5, t_des: 19.5, bed_util_ads: 0.500, bed_util_des: 0.500, des_th: 0.49958294219617966,frac_lost: 0.107, li_recovered:  8.448, time: 0.013088572000924614
L: 0.50, u_super: 0.00554, sec: 306.028, prod: 0.125029, t_ads: 35.0, t_des: 31.3, bed_util_ads: 0.500, bed_util_des: 0.500, des_th: 0.49988949005082606,frac_lost: 0.101, li_recovered:  8.296, time: 0.012547639000331401
L: 0.50, u_super: 0.00409, sec: 264.481, prod: 0.077347, t_ads: 47.4, t_des: 64.3, bed_util_ads: 0.445, bed_util_des: 0.444, des_th: 0.4442464962925827,frac_lost: 0.101, li_recovered:  8.642, time: 0.011328608999974676
L: 0.50, u_super: 0.00369, sec: 200.409, prod: 0.082929, t_ads: 52.5, t_des: 47.6, bed_util_ads: 0.497, bed_util_des: 0.497, des_th: 0.4971396568300383,frac_lost: 0.105, li_recovered:  8.301, time: 0.013122066000505583
L: 55.88, u_super: 0.00128 — INFEASIBLE (li_recovered=0.000e+00), time: 0.0012982120006199693
L: 0.50, u_super: 0.00727, sec: 410.960, prod: 0.164215, t_ads: 26.9, t_des: 24.7, bed_util_ads: 0.497, bed_util_des: 0.497, des_th: 0.4966371294432537,frac_lost: 0.107, li_recovered:  8.483, time: 0.014433736998398672
L: 0.50, u_super: 0.00363, sec: 197.071, prod: 0.081567, t_ads: 53.4, t_des: 48.4, bed_util_ads: 0.497, bed_util_des: 0.497, des_th: 0.4966356376931136,frac_lost: 0.105, li_recovered:  8.307, time: 0.01555942300001334
L: 0.50, u_super: 0.00885, sec: 530.890, prod: 0.192241, t_ads: 22.1, t_des: 23.2, bed_util_ads: 0.481, bed_util_des: 0.481, des_th: 0.48108203010056483,frac_lost: 0.105, li_recovered:  8.699, time: 0.017920034000781015
L: 0.50, u_super: 0.00433, sec: 236.501, prod: 0.097280, t_ads: 45.1, t_des: 41.1, bed_util_ads: 0.497, bed_util_des: 0.496, des_th: 0.4964744049469303,frac_lost: 0.107, li_recovered:  8.377, time: 0.012142002999098622
L: 0.50, u_super: 0.00724, sec: 409.165, prod: 0.163573, t_ads: 27.0, t_des: 24.5, bed_util_ads: 0.499, bed_util_des: 0.499, des_th: 0.49911603173293645,frac_lost: 0.108, li_recovered:  8.438, time: 0.012084715999662876
L: 0.50, u_super: 0.00990, sec: 576.881, prod: 0.224472, t_ads: 19.7, t_des: 17.9, bed_util_ads: 0.500, bed_util_des: 0.499, des_th: 0.49941800771673645,frac_lost: 0.105, li_recovered:  8.452, time: 0.008617168999990099
L: 0.50, u_super: 0.00548, sec: 302.965, prod: 0.123884, t_ads: 35.3, t_des: 31.7, bed_util_ads: 0.499, bed_util_des: 0.499, des_th: 0.4992019235660799,frac_lost: 0.101, li_recovered:  8.303, time: 0.010215442998742219
L: 83.48, u_super: 0.00951 — INFEASIBLE (li_recovered=0.000e+00), time: 0.002566627001215238
L: 0.50, u_super: 0.00901, sec: 519.971, prod: 0.204133, t_ads: 21.7, t_des: 19.9, bed_util_ads: 0.498, bed_util_des: 0.498, des_th: 0.49753408718021797,frac_lost: 0.106, li_recovered:  8.484, time: 0.011634963000688003
L: 0.50, u_super: 0.00741, sec: 418.098, prod: 0.168072, t_ads: 26.2, t_des: 24.0, bed_util_ads: 0.497, bed_util_des: 0.497, des_th: 0.49724208334965575,frac_lost: 0.100, li_recovered:  8.438, time: 0.014530530999763869
L: 0.50, u_super: 0.00293, sec: 158.287, prod: 0.065384, t_ads: 65.9, t_des: 58.5, bed_util_ads: 0.498, bed_util_des: 0.497, des_th: 0.49751170197445377,frac_lost: 0.104, li_recovered:  8.138, time: 0.009863925000900053
L: 0.50, u_super: 0.00452, sec: 247.336, prod: 0.101800, t_ads: 43.0, t_des: 39.2, bed_util_ads: 0.497, bed_util_des: 0.497, des_th: 0.49664503450438996,frac_lost: 0.105, li_recovered:  8.374, time: 0.009498731000348926
L: 0.50, u_super: 0.00402, sec: 220.729, prod: 0.089520, t_ads: 48.4, t_des: 46.9, bed_util_ads: 0.489, bed_util_des: 0.489, des_th: 0.4889242815933211,frac_lost: 0.106, li_recovered:  8.535, time: 0.008584561001043767
L: 0.50, u_super: 0.00406, sec: 246.082, prod: 0.082049, t_ads: 47.8, t_des: 57.5, bed_util_ads: 0.461, bed_util_des: 0.460, des_th: 0.46032930218135687,frac_lost: 0.102, li_recovered:  8.633, time: 0.012961955000719172
L: 0.50, u_super: 0.00791, sec: 453.808, prod: 0.177419, t_ads: 24.7, t_des: 23.8, bed_util_ads: 0.492, bed_util_des: 0.492, des_th: 0.49214576324878,frac_lost: 0.107, li_recovered:  8.609, time: 0.015508741000303417
L: 0.50, u_super: 0.00518, sec: 285.572, prod: 0.117021, t_ads: 37.5, t_des: 33.9, bed_util_ads: 0.498, bed_util_des: 0.498, des_th: 0.49763474989552337,frac_lost: 0.103, li_recovered:  8.348, time: 0.013417580999885104
L: 0.50, u_super: 0.00083, sec: 45.416, prod: 0.017572, t_ads: 225.0, t_des: 209.0, bed_util_ads: 0.478, bed_util_des: 0.477, des_th: 0.477373502746103,frac_lost: 0.101, li_recovered:  7.627, time: 0.011582336999708787
L: 0.50, u_super: 0.00276, sec: 149.193, prod: 0.061386, t_ads: 69.9, t_des: 61.4, bed_util_ads: 0.499, bed_util_des: 0.499, des_th: 0.4992565229520521,frac_lost: 0.103, li_recovered:  8.061, time: 0.013308887000675895
L: 0.50, u_super: 0.00968, sec: 566.531, prod: 0.218104, t_ads: 20.1, t_des: 19.4, bed_util_ads: 0.491, bed_util_des: 0.491, des_th: 0.4910093427545652,frac_lost: 0.103, li_recovered:  8.616, time: 0.014273108999987016
L: 0.50, u_super: 0.00163, sec: 88.455, prod: 0.035472, t_ads: 117.3, t_des: 101.6, bed_util_ads: 0.497, bed_util_des: 0.496, des_th: 0.4966003687926624,frac_lost: 0.103, li_recovered:  7.765, time: 0.016102739000416477
L: 0.50, u_super: 0.00588, sec: 326.113, prod: 0.132895, t_ads: 33.0, t_des: 29.6, bed_util_ads: 0.499, bed_util_des: 0.499, des_th: 0.49911603173293645,frac_lost: 0.101, li_recovered:  8.312, time: 0.015387711000585114
L: 0.50, u_super: 0.00129, sec: 71.003, prod: 0.027613, t_ads: 147.2, t_des: 125.3, bed_util_ads: 0.496, bed_util_des: 0.495, des_th: 0.49544403658712843,frac_lost: 0.104, li_recovered:  7.522, time: 0.016112852999867755
L: 0.50, u_super: 0.00525, sec: 289.477, prod: 0.118512, t_ads: 36.9, t_des: 33.1, bed_util_ads: 0.500, bed_util_des: 0.500, des_th: 0.49987416695139136,frac_lost: 0.102, li_recovered:  8.296, time: 0.011878586001330405
L: 0.50, u_super: 0.00114, sec: 62.623, prod: 0.024291, t_ads: 166.8, t_des: 170.1, bed_util_ads: 0.471, bed_util_des: 0.469, des_th: 0.4693344514308738,frac_lost: 0.103, li_recovered:  8.182, time: 0.012689608000073349
L: 0.50, u_super: 0.00794, sec: 451.264, prod: 0.180274, t_ads: 24.4, t_des: 22.3, bed_util_ads: 0.499, bed_util_des: 0.499, des_th: 0.4985549750755101,frac_lost: 0.101, li_recovered:  8.430, time: 0.014742958001079387
L: 0.50, u_super: 0.00005, sec: 4.466, prod: 0.000648, t_ads: 3061.7, t_des: 4625.5, bed_util_ads: 0.256, bed_util_des: 0.207, des_th: 0.20714656220903627,frac_lost: 0.101, li_recovered:  4.983, time: 0.010860893999051768
L: 0.50, u_super: 0.00083, sec: 45.518, prod: 0.017533, t_ads: 224.8, t_des: 206.4, bed_util_ads: 0.479, bed_util_des: 0.478, des_th: 0.4777043968887221,frac_lost: 0.100, li_recovered:  7.560, time: 0.012070258999301586
L: 0.50, u_super: 0.00847, sec: 485.569, prod: 0.191656, t_ads: 23.1, t_des: 20.8, bed_util_ads: 0.500, bed_util_des: 0.499, des_th: 0.4994298356738689,frac_lost: 0.106, li_recovered:  8.404, time: 0.010598602999380091
L: 4.91, u_super: 0.00238 — INFEASIBLE (li_recovered=0.000e+00), time: 0.0036856290007563075
L: 0.50, u_super: 0.00607, sec: 337.305, prod: 0.137400, t_ads: 32.0, t_des: 29.3, bed_util_ads: 0.497, bed_util_des: 0.497, des_th: 0.4966432529598546,frac_lost: 0.101, li_recovered:  8.413, time: 0.01133892600046238
L: 0.50, u_super: 0.00574, sec: 317.654, prod: 0.129688, t_ads: 33.8, t_des: 30.4, bed_util_ads: 0.499, bed_util_des: 0.499, des_th: 0.49926304876568506,frac_lost: 0.101, li_recovered:  8.320, time: 0.018488604999220115
L: 0.50, u_super: 0.00847, sec: 485.529, prod: 0.191672, t_ads: 23.1, t_des: 20.9, bed_util_ads: 0.500, bed_util_des: 0.499, des_th: 0.49942886347117427,frac_lost: 0.107, li_recovered:  8.439, time: 0.014013660000273376
   811 |    32440 |     40 |  0.0023011834 |             f
L: 0.50, u_super: 0.00722, sec: 407.955, prod: 0.163338, t_ads: 27.1, t_des: 24.6, bed_util_ads: 0.499, bed_util_des: 0.498, des_th: 0.49851582085975177,frac_lost: 0.106, li_recovered:  8.436, time: 0.014858311000352842
L: 0.50, u_super: 0.00485, sec: 268.159, prod: 0.108499, t_ads: 40.0, t_des: 38.8, bed_util_ads: 0.489, bed_util_des: 0.489, des_th: 0.48869009074788206,frac_lost: 0.102, li_recovered:  8.556, time: 0.017399791999196168
L: 6.91, u_super: 0.00674 — INFEASIBLE (li_recovered=0.000e+00), time: 0.00934493500062672
L: 0.50, u_super: 0.00015, sec: 19.300, prod: 0.001435, t_ads: 1262.2, t_des: 4576.9, bed_util_ads: 0.256, bed_util_des: 0.189, des_th: 0.18880938086736498,frac_lost: 0.100, li_recovered:  8.381, time: 0.03103007699974114
L: 0.50, u_super: 0.00489, sec: 270.497, prod: 0.109429, t_ads: 39.7, t_des: 38.5, bed_util_ads: 0.488, bed_util_des: 0.488, des_th: 0.488058926395783,frac_lost: 0.102, li_recovered:  8.556, time: 0.012924229999043746
L: 27.83, u_super: 0.00047 — INFEASIBLE (li_recovered=0.000e+00), time: 0.0015068270004121587
L: 0.50, u_super: 0.00227, sec: 122.066, prod: 0.050523, t_ads: 84.8, t_des: 77.3, bed_util_ads: 0.493, bed_util_des: 0.493, des_th: 0.49288459819153235,frac_lost: 0.105, li_recovered:  8.193, time: 0.010829212000317057
L: 0.50, u_super: 0.00659, sec: 370.639, prod: 0.148406, t_ads: 29.8, t_des: 27.6, bed_util_ads: 0.496, bed_util_des: 0.495, des_th: 0.49543463977585206,frac_lost: 0.110, li_recovered:  8.515, time: 0.01859789900117903
L: 0.50, u_super: 0.00056, sec: 31.966, prod: 0.011480, t_ads: 327.5, t_des: 336.0, bed_util_ads: 0.456, bed_util_des: 0.452, des_th: 0.45265059156244,frac_lost: 0.105, li_recovered:  7.617, time: 0.010314025999832666
L: 0.50, u_super: 0.00796, sec: 453.588, prod: 0.180021, t_ads: 24.6, t_des: 22.3, bed_util_ads: 0.499, bed_util_des: 0.499, des_th: 0.4985549750755101,frac_lost: 0.107, li_recovered:  8.449, time: 0.013728718000493245
L: 0.50, u_super: 0.00051, sec: 29.390, prod: 0.010444, t_ads: 354.2, t_des: 362.2, bed_util_ads: 0.454, bed_util_des: 0.451, des_th: 0.45092272948650575,frac_lost: 0.103, li_recovered:  7.482, time: 0.010686855999665568
L: 0.50, u_super: 0.00870, sec: 500.077, prod: 0.196896, t_ads: 22.5, t_des: 20.1, bed_util_ads: 0.500, bed_util_des: 0.500, des_th: 0.4998152852086386,frac_lost: 0.106, li_recovered:  8.392, time: 0.010757915000795037
L: 0.50, u_super: 0.00604, sec: 335.562, prod: 0.136532, t_ads: 32.2, t_des: 29.1, bed_util_ads: 0.498, bed_util_des: 0.498, des_th: 0.4981879562454288,frac_lost: 0.102, li_recovered:  8.365, time: 0.010474221000549733
L: 0.50, u_super: 0.00247, sec: 132.937, prod: 0.055056, t_ads: 77.9, t_des: 70.1, bed_util_ads: 0.496, bed_util_des: 0.495, des_th: 0.4954579295902087,frac_lost: 0.103, li_recovered:  8.153, time: 0.01567477400021744
L: 0.50, u_super: 0.00954, sec: 553.819, prod: 0.216382, t_ads: 20.5, t_des: 18.6, bed_util_ads: 0.499, bed_util_des: 0.499, des_th: 0.49897628515100095,frac_lost: 0.105, li_recovered:  8.455, time: 0.018500799998946604
L: 0.50, u_super: 0.00727, sec: 409.744, prod: 0.164937, t_ads: 26.7, t_des: 24.4, bed_util_ads: 0.497, bed_util_des: 0.497, des_th: 0.4972600929508093,frac_lost: 0.101, li_recovered:  8.425, time: 0.012951796999914222
L: 0.50, u_super: 0.00304, sec: 164.413, prod: 0.067688, t_ads: 63.5, t_des: 55.7, bed_util_ads: 0.499, bed_util_des: 0.499, des_th: 0.49923446389483495,frac_lost: 0.102, li_recovered:  8.071, time: 0.013236872999186744
L: 3.70, u_super: 0.00609 — INFEASIBLE (li_recovered=0.000e+00), time: 0.011711739998645498
L: 0.50, u_super: 0.00114, sec: 63.177, prod: 0.024061, t_ads: 166.7, t_des: 140.4, bed_util_ads: 0.496, bed_util_des: 0.495, des_th: 0.49543463977585206,frac_lost: 0.106, li_recovered:  7.389, time: 0.00945795299958263
L: 0.50, u_super: 0.00515, sec: 283.912, prod: 0.116094, t_ads: 37.7, t_des: 33.6, bed_util_ads: 0.500, bed_util_des: 0.500, des_th: 0.4998159463635011,frac_lost: 0.104, li_recovered:  8.285, time: 0.017795637000745046
L: 0.50, u_super: 0.00387, sec: 211.177, prod: 0.086831, t_ads: 50.2, t_des: 44.4, bed_util_ads: 0.499, bed_util_des: 0.499, des_th: 0.4992355339976311,frac_lost: 0.106, li_recovered:  8.212, time: 0.01697058700119669
L: 0.50, u_super: 0.00885, sec: 515.116, prod: 0.198334, t_ads: 22.1, t_des: 21.5, bed_util_ads: 0.490, bed_util_des: 0.490, des_th: 0.4896044060193765,frac_lost: 0.104, li_recovered:  8.636, time: 0.014977901999372989
L: 0.50, u_super: 0.00574, sec: 317.907, prod: 0.129584, t_ads: 33.8, t_des: 30.2, bed_util_ads: 0.500, bed_util_des: 0.499, des_th: 0.49944922679970727,frac_lost: 0.101, li_recovered:  8.300, time: 0.011635707000095863
L: 0.50, u_super: 0.00794, sec: 451.197, prod: 0.180301, t_ads: 24.4, t_des: 22.1, bed_util_ads: 0.500, bed_util_des: 0.499, des_th: 0.4995103472286337,frac_lost: 0.100, li_recovered:  8.387, time: 0.011265495000770898
L: 20.90, u_super: 0.00494 — INFEASIBLE (li_recovered=0.000e+00), time: 0.004108285998881911
L: 0.50, u_super: 0.00936, sec: 541.385, prod: 0.212179, t_ads: 20.9, t_des: 18.9, bed_util_ads: 0.499, bed_util_des: 0.499, des_th: 0.49933923273823194,frac_lost: 0.104, li_recovered:  8.444, time: 0.014155319999190397
L: 7.35, u_super: 0.00946 — INFEASIBLE (li_recovered=0.000e+00), time: 0.007939758999782498
L: 53.30, u_super: 0.00140 — INFEASIBLE (li_recovered=0.000e+00), time: 0.0017402150006091688
L: 0.50, u_super: 0.00759, sec: 429.358, prod: 0.172083, t_ads: 25.6, t_des: 23.1, bed_util_ads: 0.500, bed_util_des: 0.500, des_th: 0.4999676097592117,frac_lost: 0.101, li_recovered:  8.380, time: 0.014124557999821263
L: 27.60, u_super: 0.00020 — INFEASIBLE (li_recovered=0.000e+00), time: 0.0016530499997315928
L: 0.50, u_super: 0.00939, sec: 543.636, prod: 0.212879, t_ads: 20.8, t_des: 18.8, bed_util_ads: 0.500, bed_util_des: 0.499, des_th: 0.4994585022241392,frac_lost: 0.105, li_recovered:  8.436, time: 0.015536085000348976
L: 12.40, u_super: 0.00334 — INFEASIBLE (li_recovered=0.000e+00), time: 0.0046257619997049915
L: 0.50, u_super: 0.00731, sec: 415.096, prod: 0.164454, t_ads: 26.5, t_des: 25.7, bed_util_ads: 0.490, bed_util_des: 0.490, des_th: 0.4896069990933808,frac_lost: 0.100, li_recovered:  8.592, time: 0.013797838999380474
L: 0.50, u_super: 0.00772, sec: 437.362, prod: 0.175108, t_ads: 25.1, t_des: 22.8, bed_util_ads: 0.499, bed_util_des: 0.499, des_th: 0.4986012678865316,frac_lost: 0.101, li_recovered:  8.390, time: 0.009945614001480862
L: 0.77, u_super: 0.00047 — INFEASIBLE (li_recovered=0.000e+00), time: 0.007178175001172349
L: 0.50, u_super: 0.00301, sec: 162.909, prod: 0.067104, t_ads: 64.1, t_des: 56.3, bed_util_ads: 0.499, bed_util_des: 0.499, des_th: 0.49926304876568506,frac_lost: 0.102, li_recovered:  8.077, time: 0.015165073999014567
L: 0.50, u_super: 0.00847, sec: 485.047, prod: 0.191863, t_ads: 23.1, t_des: 21.0, bed_util_ads: 0.500, bed_util_des: 0.499, des_th: 0.49941537906160494,frac_lost: 0.105, li_recovered:  8.446, time: 0.01707202900070115
L: 0.50, u_super: 0.00670, sec: 383.650, prod: 0.148577, t_ads: 29.1, t_des: 29.0, bed_util_ads: 0.486, bed_util_des: 0.486, des_th: 0.4861943877212942,frac_lost: 0.106, li_recovered:  8.645, time: 0.015143483999054297
L: 0.50, u_super: 0.00041, sec: 49.300, prod: 0.003904, t_ads: 474.6, t_des: 1678.2, bed_util_ads: 0.297, bed_util_des: 0.265, des_th: 0.2654620112899865,frac_lost: 0.102, li_recovered:  8.405, time: 0.0263852690004569
L: 15.07, u_super: 0.00114 — INFEASIBLE (li_recovered=0.000e+00), time: 0.0017944709998118924
   812 |    32480 |     40 |  0.0053328455 |             f
L: 0.50, u_super: 0.00691, sec: 388.118, prod: 0.156509, t_ads: 28.1, t_des: 25.1, bed_util_ads: 0.500, bed_util_des: 0.500, des_th: 0.4996159348632388,frac_lost: 0.101, li_recovered:  8.327, time: 0.01680996600043727
L: 10.46, u_super: 0.00873 — INFEASIBLE (li_recovered=0.000e+00), time: 0.008027219000723562
L: 0.50, u_super: 0.00154, sec: 84.410, prod: 0.033059, t_ads: 124.6, t_des: 105.1, bed_util_ads: 0.499, bed_util_des: 0.498, des_th: 0.498382681730992,frac_lost: 0.107, li_recovered:  7.594, time: 0.01067364100163104
L: 0.50, u_super: 0.00276, sec: 149.609, prod: 0.061215, t_ads: 69.9, t_des: 60.7, bed_util_ads: 0.499, bed_util_des: 0.499, des_th: 0.49926263763523615,frac_lost: 0.103, li_recovered:  7.990, time: 0.00871399799871142
L: 0.50, u_super: 0.00239, sec: 128.795, prod: 0.053058, t_ads: 80.6, t_des: 77.2, bed_util_ads: 0.487, bed_util_des: 0.486, des_th: 0.48649705146475025,frac_lost: 0.103, li_recovered:  8.375, time: 0.010579847999906633
L: 0.50, u_super: 0.00962, sec: 558.860, prod: 0.217830, t_ads: 20.3, t_des: 18.9, bed_util_ads: 0.497, bed_util_des: 0.496, des_th: 0.4964744049469303,frac_lost: 0.104, li_recovered:  8.531, time: 0.010235491999992519
L: 51.96, u_super: 0.00101 — INFEASIBLE (li_recovered=0.000e+00), time: 0.0012064719994668849
L: 0.50, u_super: 0.00113, sec: 62.964, prod: 0.023755, t_ads: 166.6, t_des: 139.3, bed_util_ads: 0.496, bed_util_des: 0.495, des_th: 0.49550253433955543,frac_lost: 0.101, li_recovered:  7.266, time: 0.010687088999475236
L: 0.50, u_super: 0.00365, sec: 199.471, prod: 0.081493, t_ads: 53.2, t_des: 51.0, bed_util_ads: 0.489, bed_util_des: 0.489, des_th: 0.4889242815933211,frac_lost: 0.106, li_recovered:  8.496, time: 0.009686183999292552
L: 0.50, u_super: 0.00868, sec: 3952.273, prod: 0.024824, t_ads: 22.6, t_des: 331.0, bed_util_ads: 0.198, bed_util_des: 0.195, des_th: 0.19517128049175625,frac_lost: 0.103, li_recovered:  8.778, time: 0.06840532099886332
L: 118.07, u_super: 0.00190 — INFEASIBLE (li_recovered=0.000e+00), time: 0.0009981370003515622
L: 80.53, u_super: 0.00604 — INFEASIBLE (li_recovered=0.000e+00), time: 0.0015587790003337432
L: 0.50, u_super: 0.00806, sec: 484.193, prod: 0.173362, t_ads: 24.2, t_des: 25.9, bed_util_ads: 0.478, bed_util_des: 0.478, des_th: 0.477969149933566,frac_lost: 0.106, li_recovered:  8.698, time: 0.014626882000811747
L: 0.50, u_super: 0.00584, sec: 326.560, prod: 0.130786, t_ads: 33.3, t_des: 32.3, bed_util_ads: 0.490, bed_util_des: 0.490, des_th: 0.4897550377036603,frac_lost: 0.103, li_recovered:  8.581, time: 0.010039167000286398
L: 0.50, u_super: 0.00083, sec: 48.567, prod: 0.016432, t_ads: 227.2, t_des: 265.0, bed_util_ads: 0.449, bed_util_des: 0.445, des_th: 0.4451024345482405,frac_lost: 0.101, li_recovered:  8.086, time: 0.011647199999060831
L: 0.50, u_super: 0.00207, sec: 111.803, prod: 0.045666, t_ads: 93.3, t_des: 82.3, bed_util_ads: 0.496, bed_util_des: 0.495, des_th: 0.49550253433955543,frac_lost: 0.108, li_recovered:  8.019, time: 0.011067217001254903
L: 0.50, u_super: 0.00353, sec: 191.868, prod: 0.079090, t_ads: 55.1, t_des: 49.2, bed_util_ads: 0.498, bed_util_des: 0.497, des_th: 0.4973129425812038,frac_lost: 0.108, li_recovered:  8.252, time: 0.012483885000619921
L: 0.50, u_super: 0.00543, sec: 299.920, prod: 0.122621, t_ads: 35.7, t_des: 32.0, bed_util_ads: 0.499, bed_util_des: 0.499, des_th: 0.4992019235660799,frac_lost: 0.102, li_recovered:  8.306, time: 0.011903915999937453
L: 0.50, u_super: 0.00793, sec: 450.426, prod: 0.179714, t_ads: 24.5, t_des: 22.2, bed_util_ads: 0.499, bed_util_des: 0.499, des_th: 0.49851582085975177,frac_lost: 0.102, li_recovered:  8.396, time: 0.010192014000494964
L: 80.27, u_super: 0.00718 — INFEASIBLE (li_recovered=0.000e+00), time: 0.0014673799996671733
L: 0.50, u_super: 0.00720, sec: 406.736, prod: 0.162460, t_ads: 27.2, t_des: 24.4, bed_util_ads: 0.500, bed_util_des: 0.500, des_th: 0.4998152852086386,frac_lost: 0.108, li_recovered:  8.381, time: 0.007824024998626555
L: 0.50, u_super: 0.00819, sec: 470.711, prod: 0.184374, t_ads: 23.9, t_des: 22.7, bed_util_ads: 0.493, bed_util_des: 0.493, des_th: 0.49305846691353566,frac_lost: 0.107, li_recovered:  8.589, time: 0.013669084999492043
L: 0.50, u_super: 0.00548, sec: 302.862, prod: 0.123926, t_ads: 35.3, t_des: 31.7, bed_util_ads: 0.499, bed_util_des: 0.499, des_th: 0.49920233469652875,frac_lost: 0.101, li_recovered:  8.307, time: 0.010269446000165772
L: 0.50, u_super: 0.00855, sec: 697.347, prod: 0.136179, t_ads: 22.9, t_des: 41.2, bed_util_ads: 0.414, bed_util_des: 0.413, des_th: 0.41278011373720946,frac_lost: 0.104, li_recovered:  8.726, time: 0.016657711999869207
L: 16.44, u_super: 0.00435 — INFEASIBLE (li_recovered=0.000e+00), time: 0.0036666069991042605
L: 0.50, u_super: 0.00451, sec: 248.906, prod: 0.100697, t_ads: 43.1, t_des: 41.8, bed_util_ads: 0.489, bed_util_des: 0.489, des_th: 0.48869009074788206,frac_lost: 0.105, li_recovered:  8.550, time: 0.009522694999759551
L: 0.50, u_super: 0.00070, sec: 42.659, prod: 0.013447, t_ads: 268.8, t_des: 327.5, bed_util_ads: 0.439, bed_util_des: 0.434, des_th: 0.43381946367498947,frac_lost: 0.107, li_recovered:  8.018, time: 0.009324464999735937
L: 129.06, u_super: 0.00406 — INFEASIBLE (li_recovered=0.000e+00), time: 0.001329473998339381
L: 0.50, u_super: 0.00005 — INFEASIBLE (li_recovered=0.000e+00), time: 0.001292945999011863
L: 0.50, u_super: 0.00370, sec: 200.346, prod: 0.083201, t_ads: 52.2, t_des: 48.8, bed_util_ads: 0.493, bed_util_des: 0.493, des_th: 0.49288459819153235,frac_lost: 0.100, li_recovered:  8.403, time: 0.012439318001270294
L: 10.35, u_super: 0.00623 — INFEASIBLE (li_recovered=0.000e+00), time: 0.006305352000708808
L: 0.50, u_super: 0.00433, sec: 236.501, prod: 0.097280, t_ads: 45.1, t_des: 41.1, bed_util_ads: 0.497, bed_util_des: 0.496, des_th: 0.4964744049469303,frac_lost: 0.107, li_recovered:  8.377, time: 0.010663287999705062
L: 0.50, u_super: 0.00015, sec: 14.872, prod: 0.001826, t_ads: 1231.0, t_des: 3052.7, bed_util_ads: 0.290, bed_util_des: 0.236, des_th: 0.23614249542969556,frac_lost: 0.104, li_recovered:  7.821, time: 0.016036240998801077
L: 3.61, u_super: 0.00402 — INFEASIBLE (li_recovered=0.000e+00), time: 0.006344837000142434
L: 0.50, u_super: 0.00906, sec: 523.008, prod: 0.205236, t_ads: 21.6, t_des: 19.6, bed_util_ads: 0.500, bed_util_des: 0.499, des_th: 0.49941537906160494,frac_lost: 0.106, li_recovered:  8.449, time: 0.010944076000669156
L: 0.50, u_super: 0.00867, sec: 507.516, prod: 0.192629, t_ads: 22.5, t_des: 22.5, bed_util_ads: 0.488, bed_util_des: 0.487, des_th: 0.48742546580155266,frac_lost: 0.105, li_recovered:  8.665, time: 0.01430995500049903
L: 0.50, u_super: 0.00987, sec: 574.557, prod: 0.224105, t_ads: 19.7, t_des: 17.9, bed_util_ads: 0.500, bed_util_des: 0.499, des_th: 0.49941800771673645,frac_lost: 0.103, li_recovered:  8.447, time: 0.019861979000779684
L: 0.50, u_super: 0.00402, sec: 218.931, prod: 0.090255, t_ads: 48.3, t_des: 45.3, bed_util_ads: 0.492, bed_util_des: 0.492, des_th: 0.4920303072444031,frac_lost: 0.104, li_recovered:  8.443, time: 0.012334393000855925
L: 0.50, u_super: 0.00990, sec: 576.560, prod: 0.224597, t_ads: 19.7, t_des: 17.9, bed_util_ads: 0.499, bed_util_des: 0.499, des_th: 0.49919132094066654,frac_lost: 0.104, li_recovered:  8.446, time: 0.015686593998907483
L: 0.50, u_super: 0.00433, sec: 236.316, prod: 0.097356, t_ads: 45.0, t_des: 41.0, bed_util_ads: 0.497, bed_util_des: 0.497, des_th: 0.4966970619982883,frac_lost: 0.106, li_recovered:  8.368, time: 0.011530771000252571
   813 |    32520 |     40 |  0.0047638882 |             f
L: 16.58, u_super: 0.00856 — INFEASIBLE (li_recovered=0.000e+00), time: 0.0067713289990933845
L: 0.50, u_super: 0.00883, sec: 508.923, prod: 0.199854, t_ads: 22.1, t_des: 20.6, bed_util_ads: 0.497, bed_util_des: 0.496, des_th: 0.4964690064448444,frac_lost: 0.105, li_recovered:  8.533, time: 0.018318010999792023
L: 0.50, u_super: 0.00154, sec: 83.963, prod: 0.033474, t_ads: 124.2, t_des: 107.4, bed_util_ads: 0.496, bed_util_des: 0.495, des_th: 0.49543463977585206,frac_lost: 0.107, li_recovered:  7.752, time: 0.020074406998901395
L: 41.67, u_super: 0.00253 — INFEASIBLE (li_recovered=0.000e+00), time: 0.0022228289999475237
L: 0.50, u_super: 0.00080, sec: 44.181, prod: 0.016933, t_ads: 232.2, t_des: 213.1, bed_util_ads: 0.479, bed_util_des: 0.477, des_th: 0.47744247002243456,frac_lost: 0.101, li_recovered:  7.541, time: 0.017821592999098357
L: 0.50, u_super: 0.00005 — INFEASIBLE (li_recovered=0.000e+00), time: 0.004067871999723138
L: 0.50, u_super: 0.00515, sec: 283.634, prod: 0.116208, t_ads: 37.7, t_des: 33.7, bed_util_ads: 0.500, bed_util_des: 0.500, des_th: 0.4998159463635011,frac_lost: 0.102, li_recovered:  8.295, time: 0.01582250800129259
L: 15.83, u_super: 0.00870 — INFEASIBLE (li_recovered=0.000e+00), time: 0.007205222000266076
L: 0.50, u_super: 0.00911, sec: 526.772, prod: 0.206253, t_ads: 21.5, t_des: 19.6, bed_util_ads: 0.498, bed_util_des: 0.498, des_th: 0.49758856288535813,frac_lost: 0.107, li_recovered:  8.486, time: 0.022896249998666462
L: 18.19, u_super: 0.00267 — INFEASIBLE (li_recovered=0.000e+00), time: 0.0034552519991848385
L: 0.50, u_super: 0.00014 — INFEASIBLE (li_recovered=0.000e+00), time: 0.004088383999260259
L: 0.50, u_super: 0.00794, sec: 454.222, prod: 0.178975, t_ads: 24.7, t_des: 23.1, bed_util_ads: 0.495, bed_util_des: 0.495, des_th: 0.4947651591655401,frac_lost: 0.108, li_recovered:  8.559, time: 0.016640093999740202
L: 0.50, u_super: 0.00276, sec: 149.660, prod: 0.061194, t_ads: 69.9, t_des: 60.7, bed_util_ads: 0.500, bed_util_des: 0.500, des_th: 0.4999981400105996,frac_lost: 0.103, li_recovered:  7.990, time: 0.014994584000305622
L: 0.50, u_super: 0.00622, sec: 407.431, prod: 0.119566, t_ads: 31.5, t_des: 41.2, bed_util_ads: 0.452, bed_util_des: 0.451, des_th: 0.4510094983179646,frac_lost: 0.107, li_recovered:  8.693, time: 0.01727838299848372
L: 4.79, u_super: 0.00670 — INFEASIBLE (li_recovered=0.000e+00), time: 0.007140151999919908
L: 0.50, u_super: 0.00990, sec: 576.601, prod: 0.224581, t_ads: 19.7, t_des: 18.0, bed_util_ads: 0.500, bed_util_des: 0.499, des_th: 0.49946407715467905,frac_lost: 0.104, li_recovered:  8.461, time: 0.01788446099999419
L: 0.50, u_super: 0.00794, sec: 452.442, prod: 0.179435, t_ads: 24.7, t_des: 22.4, bed_util_ads: 0.499, bed_util_des: 0.499, des_th: 0.4986012678865316,frac_lost: 0.108, li_recovered:  8.443, time: 0.014576637999198283
L: 0.50, u_super: 0.00891, sec: 513.278, prod: 0.201996, t_ads: 21.9, t_des: 19.9, bed_util_ads: 0.499, bed_util_des: 0.498, des_th: 0.4984768171384301,frac_lost: 0.105, li_recovered:  8.443, time: 0.015680119000535342
L: 22.56, u_super: 0.00247 — INFEASIBLE (li_recovered=0.000e+00), time: 0.001676054000199656
L: 18.82, u_super: 0.00286 — INFEASIBLE (li_recovered=0.000e+00), time: 0.0036382819998834748
L: 0.50, u_super: 0.00752, sec: 426.756, prod: 0.169994, t_ads: 26.0, t_des: 23.9, bed_util_ads: 0.497, bed_util_des: 0.497, des_th: 0.4972536053683426,frac_lost: 0.107, li_recovered:  8.486, time: 0.012958948998857522
L: 0.50, u_super: 0.00549, sec: 303.854, prod: 0.123909, t_ads: 35.3, t_des: 31.3, bed_util_ads: 0.500, bed_util_des: 0.500, des_th: 0.4998465529079218,frac_lost: 0.101, li_recovered:  8.248, time: 0.010682997999538202
L: 0.50, u_super: 0.00597, sec: 331.834, prod: 0.135022, t_ads: 32.6, t_des: 29.9, bed_util_ads: 0.497, bed_util_des: 0.497, des_th: 0.4968214569828565,frac_lost: 0.103, li_recovered:  8.427, time: 0.010600410001643468
L: 0.50, u_super: 0.00472, sec: 260.792, prod: 0.105641, t_ads: 41.1, t_des: 39.9, bed_util_ads: 0.489, bed_util_des: 0.489, des_th: 0.4886211234674673,frac_lost: 0.103, li_recovered:  8.551, time: 0.016083266998975887
L: 0.50, u_super: 0.00114, sec: 399.605, prod: 0.003807, t_ads: 174.1, t_des: 2140.2, bed_util_ads: 0.203, bed_util_des: 0.182, des_th: 0.18169431964114421,frac_lost: 0.106, li_recovered:  8.810, time: 0.08265580199986289
L: 0.50, u_super: 0.00451, sec: 248.703, prod: 0.100779, t_ads: 43.1, t_des: 41.7, bed_util_ads: 0.489, bed_util_des: 0.489, des_th: 0.48869009074788206,frac_lost: 0.104, li_recovered:  8.547, time: 0.013184308001655154
L: 0.50, u_super: 0.00304, sec: 164.341, prod: 0.067718, t_ads: 63.6, t_des: 55.9, bed_util_ads: 0.500, bed_util_des: 0.500, des_th: 0.499871958240539,frac_lost: 0.103, li_recovered:  8.091, time: 0.012638845000765286
L: 0.50, u_super: 0.00247, sec: 133.846, prod: 0.054682, t_ads: 77.9, t_des: 67.7, bed_util_ads: 0.500, bed_util_des: 0.500, des_th: 0.49965024400601543,frac_lost: 0.103, li_recovered:  7.960, time: 0.013937776999227935
L: 0.50, u_super: 0.00990, sec: 576.363, prod: 0.224674, t_ads: 19.7, t_des: 17.9, bed_util_ads: 0.500, bed_util_des: 0.499, des_th: 0.4994196338121893,frac_lost: 0.103, li_recovered:  8.442, time: 0.016867870999703882
L: 0.50, u_super: 0.00727, sec: 411.045, prod: 0.164181, t_ads: 27.0, t_des: 24.4, bed_util_ads: 0.499, bed_util_des: 0.499, des_th: 0.4986940069908483,frac_lost: 0.108, li_recovered:  8.437, time: 0.012230454000018653
L: 0.50, u_super: 0.00925, sec: 534.419, prod: 0.209608, t_ads: 21.1, t_des: 19.2, bed_util_ads: 0.500, bed_util_des: 0.500, des_th: 0.49967455153330786,frac_lost: 0.105, li_recovered:  8.444, time: 0.01718868299940368
L: 0.50, u_super: 0.00005, sec: 6.764, prod: 0.000428, t_ads: 4267.1, t_des: 17500.3, bed_util_ads: 0.206, bed_util_des: 0.083, des_th: 0.08334553643952053,frac_lost: 0.101, li_recovered:  9.316, time: 0.02900299199973233
L: 0.50, u_super: 0.00047 — INFEASIBLE (li_recovered=0.000e+00), time: 0.008195890999559197
L: 0.50, u_super: 0.00172, sec: 94.279, prod: 0.037175, t_ads: 111.3, t_des: 93.8, bed_util_ads: 0.499, bed_util_des: 0.499, des_th: 0.4991331990034321,frac_lost: 0.104, li_recovered:  7.624, time: 0.010106739999173442
L: 5.91, u_super: 0.00185 — INFEASIBLE (li_recovered=0.000e+00), time: 0.001982920000955346
L: 0.50, u_super: 0.00962, sec: 558.941, prod: 0.217798, t_ads: 20.4, t_des: 18.4, bed_util_ads: 0.500, bed_util_des: 0.500, des_th: 0.49988032046041175,frac_lost: 0.107, li_recovered:  8.451, time: 0.01220152399946528
L: 0.50, u_super: 0.00336, sec: 181.740, prod: 0.075113, t_ads: 57.8, t_des: 51.8, bed_util_ads: 0.498, bed_util_des: 0.497, des_th: 0.4973129425812038,frac_lost: 0.106, li_recovered:  8.233, time: 0.013501957000698894
L: 0.50, u_super: 0.00154, sec: 84.410, prod: 0.033059, t_ads: 124.6, t_des: 105.1, bed_util_ads: 0.499, bed_util_des: 0.498, des_th: 0.498382681730992,frac_lost: 0.107, li_recovered:  7.594, time: 0.012337477000983199
L: 0.50, u_super: 0.00752, sec: 433.208, prod: 0.167463, t_ads: 26.0, t_des: 25.6, bed_util_ads: 0.488, bed_util_des: 0.488, des_th: 0.4880369749747781,frac_lost: 0.108, li_recovered:  8.643, time: 0.012721969000267563
L: 0.50, u_super: 0.00246, sec: 133.407, prod: 0.054460, t_ads: 78.3, t_des: 68.0, bed_util_ads: 0.499, bed_util_des: 0.499, des_th: 0.49926304876568506,frac_lost: 0.105, li_recovered:  7.971, time: 0.012491229999795905
   814 |    32560 |     40 |  0.0015769670 |             f
L: 0.50, u_super: 0.00635, sec: 354.267, prod: 0.143482, t_ads: 30.7, t_des: 27.7, bed_util_ads: 0.500, bed_util_des: 0.500, des_th: 0.4996277147005086,frac_lost: 0.104, li_recovered:  8.369, time: 0.014333696000903728
L: 0.50, u_super: 0.00819, sec: 468.420, prod: 0.185276, t_ads: 23.9, t_des: 21.9, bed_util_ads: 0.498, bed_util_des: 0.498, des_th: 0.49809201087390526,frac_lost: 0.107, li_recovered:  8.483, time: 0.012750986999890301
L: 0.50, u_super: 0.00691, sec: 388.168, prod: 0.156489, t_ads: 28.1, t_des: 25.1, bed_util_ads: 0.500, bed_util_des: 0.500, des_th: 0.4995688425670228,frac_lost: 0.100, li_recovered:  8.314, time: 0.011219115000130842
L: 0.50, u_super: 0.00357, sec: 194.053, prod: 0.079797, t_ads: 54.5, t_des: 48.2, bed_util_ads: 0.500, bed_util_des: 0.500, des_th: 0.49968829043289575,frac_lost: 0.107, li_recovered:  8.195, time: 0.010428355000840384
L: 0.50, u_super: 0.00794, sec: 452.773, prod: 0.179442, t_ads: 24.7, t_des: 22.3, bed_util_ads: 0.499, bed_util_des: 0.499, des_th: 0.4986012678865316,frac_lost: 0.109, li_recovered:  8.440, time: 0.014952637000533286
L: 0.50, u_super: 0.00515, sec: 283.596, prod: 0.116224, t_ads: 37.7, t_des: 34.9, bed_util_ads: 0.496, bed_util_des: 0.495, des_th: 0.4954823297512545,frac_lost: 0.103, li_recovered:  8.439, time: 0.010098787000970333
L: 0.50, u_super: 0.00047, sec: 27.078, prod: 0.009501, t_ads: 382.1, t_des: 382.9, bed_util_ads: 0.453, bed_util_des: 0.450, des_th: 0.4502621734244678,frac_lost: 0.101, li_recovered:  7.268, time: 0.007400991000395152
L: 0.50, u_super: 0.00548, sec: 303.376, prod: 0.123716, t_ads: 35.3, t_des: 31.3, bed_util_ads: 0.500, bed_util_des: 0.500, des_th: 0.49994482146046204,frac_lost: 0.101, li_recovered:  8.249, time: 0.010837361000085366
L: 0.50, u_super: 0.00930, sec: 555.514, prod: 0.204314, t_ads: 21.0, t_des: 21.5, bed_util_ads: 0.484, bed_util_des: 0.484, des_th: 0.4841071804994683,frac_lost: 0.106, li_recovered:  8.693, time: 0.010715583001001505
L: 20.16, u_super: 0.00453 — INFEASIBLE (li_recovered=0.000e+00), time: 0.002984257998832618
L: 0.50, u_super: 0.00436, sec: 294.145, prod: 0.079270, t_ads: 44.9, t_des: 64.4, bed_util_ads: 0.439, bed_util_des: 0.438, des_th: 0.4380476871537151,frac_lost: 0.108, li_recovered:  8.665, time: 0.014342848999149282
L: 0.50, u_super: 0.00971, sec: 564.414, prod: 0.220087, t_ads: 20.1, t_des: 18.2, bed_util_ads: 0.499, bed_util_des: 0.499, des_th: 0.4990128192237094,frac_lost: 0.105, li_recovered:  8.438, time: 0.014075494000280742
L: 0.50, u_super: 0.00402, sec: 219.072, prod: 0.090197, t_ads: 48.4, t_des: 45.2, bed_util_ads: 0.493, bed_util_des: 0.492, des_th: 0.49237107866262425,frac_lost: 0.105, li_recovered:  8.444, time: 0.01370568399943295
L: 0.50, u_super: 0.00129, sec: 71.292, prod: 0.027370, t_ads: 147.8, t_des: 123.9, bed_util_ads: 0.497, bed_util_des: 0.497, des_th: 0.49678713834020505,frac_lost: 0.106, li_recovered:  7.436, time: 0.008289207999041537
L: 0.50, u_super: 0.00548, sec: 302.976, prod: 0.123879, t_ads: 35.4, t_des: 31.8, bed_util_ads: 0.499, bed_util_des: 0.499, des_th: 0.49917555097972316,frac_lost: 0.102, li_recovered:  8.318, time: 0.015579651999360067
L: 0.50, u_super: 0.00983, sec: 572.254, prod: 0.222966, t_ads: 19.9, t_des: 18.0, bed_util_ads: 0.499, bed_util_des: 0.499, des_th: 0.4993891679976193,frac_lost: 0.105, li_recovered:  8.446, time: 0.01635117199839442
L: 0.50, u_super: 0.00132 — INFEASIBLE (li_recovered=0.000e+00), time: 0.005692882999937865
L: 0.50, u_super: 0.00073, sec: 41.782, prod: 0.014803, t_ads: 258.0, t_des: 280.0, bed_util_ads: 0.455, bed_util_des: 0.451, des_th: 0.45092272948650575,frac_lost: 0.107, li_recovered:  7.964, time: 0.01685645200086583
L: 0.50, u_super: 0.00640, sec: 357.901, prod: 0.144755, t_ads: 30.3, t_des: 28.4, bed_util_ads: 0.494, bed_util_des: 0.494, des_th: 0.4937919205131263,frac_lost: 0.102, li_recovered:  8.505, time: 0.009400421000464121
L: 1.72, u_super: 0.00669, sec: 1331.668, prod: 0.146230, t_ads: 97.9, t_des: 83.8, bed_util_ads: 0.499, bed_util_des: 0.498, des_th: 0.4984069613259556,frac_lost: 0.100, li_recovered:  26.564, time: 0.009115115000895457
L: 0.50, u_super: 0.00772, sec: 441.284, prod: 0.173552, t_ads: 25.4, t_des: 24.0, bed_util_ads: 0.494, bed_util_des: 0.494, des_th: 0.49369110473261224,frac_lost: 0.109, li_recovered:  8.582, time: 0.015221757999825059
L: 12.24, u_super: 0.00247 — INFEASIBLE (li_recovered=0.000e+00), time: 0.002845308999894769
L: 0.50, u_super: 0.00990, sec: 577.092, prod: 0.224390, t_ads: 19.8, t_des: 17.9, bed_util_ads: 0.500, bed_util_des: 0.500, des_th: 0.4998746918285457,frac_lost: 0.106, li_recovered:  8.450, time: 0.010292374001437565
L: 0.50, u_super: 0.00924, sec: 534.329, prod: 0.209503, t_ads: 21.1, t_des: 19.2, bed_util_ads: 0.500, bed_util_des: 0.500, des_th: 0.49967455153330786,frac_lost: 0.105, li_recovered:  8.452, time: 0.02239235299930442
L: 0.50, u_super: 0.00207, sec: 112.615, prod: 0.045336, t_ads: 92.4, t_des: 79.0, bed_util_ads: 0.500, bed_util_des: 0.500, des_th: 0.49981391493409005,frac_lost: 0.100, li_recovered:  7.769, time: 0.014706060999742476
L: 0.50, u_super: 0.00304, sec: 205.370, prod: 0.054189, t_ads: 64.0, t_des: 95.0, bed_util_ads: 0.433, bed_util_des: 0.431, des_th: 0.4308829006660939,frac_lost: 0.104, li_recovered:  8.614, time: 0.01951390599970182
L: 0.50, u_super: 0.00489, sec: 268.765, prod: 0.110135, t_ads: 39.7, t_des: 35.4, bed_util_ads: 0.499, bed_util_des: 0.499, des_th: 0.49916817901104127,frac_lost: 0.104, li_recovered:  8.275, time: 0.008411148999584839
L: 0.50, u_super: 0.00011, sec: 11.327, prod: 0.001180, t_ads: 1804.0, t_des: 5052.0, bed_util_ads: 0.259, bed_util_des: 0.185, des_th: 0.1851696623157332,frac_lost: 0.104, li_recovered:  8.092, time: 0.021364956999605056
L: 46.03, u_super: 0.00845 — INFEASIBLE (li_recovered=0.000e+00), time: 0.002397377000306733
L: 0.50, u_super: 0.00204, sec: 110.155, prod: 0.045075, t_ads: 93.6, t_des: 82.3, bed_util_ads: 0.496, bed_util_des: 0.496, des_th: 0.49578333892637483,frac_lost: 0.100, li_recovered:  7.931, time: 0.0074669899986474775
L: 1.78, u_super: 0.00819, sec: 1692.242, prod: 0.182226, t_ads: 83.7, t_des: 76.3, bed_util_ads: 0.493, bed_util_des: 0.493, des_th: 0.49305846691353566,frac_lost: 0.105, li_recovered:  29.150, time: 0.0098867060005432
L: 0.50, u_super: 0.00147, sec: 80.098, prod: 0.031851, t_ads: 130.1, t_des: 112.5, bed_util_ads: 0.495, bed_util_des: 0.495, des_th: 0.49509386835759367,frac_lost: 0.106, li_recovered:  7.728, time: 0.008145881000018562
L: 0.50, u_super: 0.00203, sec: 110.402, prod: 0.044470, t_ads: 95.0, t_des: 81.5, bed_util_ads: 0.500, bed_util_des: 0.500, des_th: 0.499871958240539,frac_lost: 0.107, li_recovered:  7.850, time: 0.01026179200016486
L: 0.50, u_super: 0.00847, sec: 485.888, prod: 0.191530, t_ads: 23.1, t_des: 21.0, bed_util_ads: 0.500, bed_util_des: 0.500, des_th: 0.4995268563639018,frac_lost: 0.108, li_recovered:  8.448, time: 0.010011836000558105
L: 0.50, u_super: 0.00348, sec: 188.567, prod: 0.078085, t_ads: 55.4, t_des: 49.4, bed_util_ads: 0.498, bed_util_des: 0.497, des_th: 0.4973397246980108,frac_lost: 0.101, li_recovered:  8.180, time: 0.011825042998680146
L: 0.50, u_super: 0.00623, sec: 349.627, prod: 0.139972, t_ads: 31.1, t_des: 30.2, bed_util_ads: 0.490, bed_util_des: 0.490, des_th: 0.48974109925347414,frac_lost: 0.100, li_recovered:  8.581, time: 0.013114194000081625
L: 0.50, u_super: 0.00787, sec: 448.325, prod: 0.177778, t_ads: 24.9, t_des: 22.6, bed_util_ads: 0.500, bed_util_des: 0.500, des_th: 0.49964002163970633,frac_lost: 0.109, li_recovered:  8.444, time: 0.011426267001297674
L: 0.50, u_super: 0.00527, sec: 290.670, prod: 0.118955, t_ads: 36.8, t_des: 32.9, bed_util_ads: 0.499, bed_util_des: 0.499, des_th: 0.49919116334966007,frac_lost: 0.102, li_recovered:  8.296, time: 0.009587233998900047
L: 0.50, u_super: 0.00005, sec: 4.330, prod: 0.000669, t_ads: 3408.9, t_des: 5820.5, bed_util_ads: 0.251, bed_util_des: 0.184, des_th: 0.18437084829094524,frac_lost: 0.100, li_recovered:  6.170, time: 0.01567221699951915
L: 0.50, u_super: 0.00633, sec: 352.914, prod: 0.143417, t_ads: 30.6, t_des: 27.8, bed_util_ads: 0.499, bed_util_des: 0.498, des_th: 0.4984069613259556,frac_lost: 0.101, li_recovered:  8.371, time: 0.009883578000881243
   815 |    32600 |     40 |  0.0037747244 |             f
L: 0.50, u_super: 0.00619, sec: 344.412, prod: 0.140135, t_ads: 31.3, t_des: 28.7, bed_util_ads: 0.497, bed_util_des: 0.497, des_th: 0.4967702576251814,frac_lost: 0.101, li_recovered:  8.419, time: 0.012978855000255862
L: 5.37, u_super: 0.00247 — INFEASIBLE (li_recovered=0.000e+00), time: 0.005538216999411816
L: 0.50, u_super: 0.00870, sec: 501.072, prod: 0.196505, t_ads: 22.4, t_des: 21.1, bed_util_ads: 0.495, bed_util_des: 0.494, des_th: 0.49436109470311695,frac_lost: 0.105, li_recovered:  8.562, time: 0.00985506799952418
L: 0.50, u_super: 0.00847, sec: 485.782, prod: 0.191572, t_ads: 23.1, t_des: 21.0, bed_util_ads: 0.500, bed_util_des: 0.500, des_th: 0.49961736980751253,frac_lost: 0.108, li_recovered:  8.448, time: 0.012897801998406067
L: 0.50, u_super: 0.00573, sec: 317.686, prod: 0.129448, t_ads: 33.9, t_des: 30.3, bed_util_ads: 0.499, bed_util_des: 0.499, des_th: 0.4992584507115159,frac_lost: 0.102, li_recovered:  8.301, time: 0.01349810899955628
L: 43.68, u_super: 0.00879 — INFEASIBLE (li_recovered=0.000e+00), time: 0.003603417000704212
L: 0.50, u_super: 0.00308, sec: 166.611, prod: 0.068636, t_ads: 62.7, t_des: 55.1, bed_util_ads: 0.500, bed_util_des: 0.500, des_th: 0.4997581006430232,frac_lost: 0.102, li_recovered:  8.087, time: 0.01593237199995201
L: 0.50, u_super: 0.00304, sec: 163.900, prod: 0.067900, t_ads: 63.7, t_des: 59.9, bed_util_ads: 0.490, bed_util_des: 0.490, des_th: 0.49003124170533513,frac_lost: 0.103, li_recovered:  8.392, time: 0.014530624999679276
L: 0.50, u_super: 0.00907, sec: 4696.243, prod: 0.022904, t_ads: 21.6, t_des: 361.7, bed_util_ads: 0.188, bed_util_des: 0.185, des_th: 0.1851696623157332,frac_lost: 0.104, li_recovered:  8.780, time: 0.14232493599956797
L: 9.90, u_super: 0.00495 — INFEASIBLE (li_recovered=0.000e+00), time: 0.004163483999946038
L: 0.50, u_super: 0.00685, sec: 385.426, prod: 0.154632, t_ads: 28.6, t_des: 26.2, bed_util_ads: 0.496, bed_util_des: 0.496, des_th: 0.4962976502072152,frac_lost: 0.107, li_recovered:  8.473, time: 0.010188062000452192
L: 9.08, u_super: 0.00847 — INFEASIBLE (li_recovered=0.000e+00), time: 0.006641318999754731
L: 0.50, u_super: 0.00548, sec: 302.862, prod: 0.123926, t_ads: 35.3, t_des: 31.7, bed_util_ads: 0.499, bed_util_des: 0.499, des_th: 0.49920233469652875,frac_lost: 0.101, li_recovered:  8.307, time: 0.013650901999426424
L: 10.90, u_super: 0.00119, sec: 2279.835, prod: 0.016057, t_ads: 3194.6, t_des: 5649.1, bed_util_ads: 0.255, bed_util_des: 0.185, des_th: 0.1851696623157332,frac_lost: 0.101, li_recovered:  142.006, time: 0.015831658000024618
L: 0.50, u_super: 0.00962, sec: 558.025, prod: 0.218156, t_ads: 20.3, t_des: 18.6, bed_util_ads: 0.497, bed_util_des: 0.497, des_th: 0.4966733947314715,frac_lost: 0.103, li_recovered:  8.490, time: 0.01539844899889431
L: 0.50, u_super: 0.00024 — INFEASIBLE (li_recovered=0.000e+00), time: 0.010557937999692513
L: 0.50, u_super: 0.00295, sec: 1266.352, prod: 0.008274, t_ads: 66.9, t_des: 995.7, bed_util_ads: 0.194, bed_util_des: 0.185, des_th: 0.1851696623157332,frac_lost: 0.106, li_recovered:  8.792, time: 0.13484254099967075
L: 0.50, u_super: 0.00172, sec: 93.112, prod: 0.037641, t_ads: 111.5, t_des: 97.5, bed_util_ads: 0.496, bed_util_des: 0.495, des_th: 0.49550253433955543,frac_lost: 0.105, li_recovered:  7.867, time: 0.012970136000149068
L: 0.50, u_super: 0.00455, sec: 249.482, prod: 0.102273, t_ads: 42.8, t_des: 38.1, bed_util_ads: 0.500, bed_util_des: 0.499, des_th: 0.49950661492907483,frac_lost: 0.106, li_recovered:  8.279, time: 0.008002401000339887
L: 22.89, u_super: 0.00778 — INFEASIBLE (li_recovered=0.000e+00), time: 0.0037357370001700474
L: 0.50, u_super: 0.00486, sec: 267.165, prod: 0.109618, t_ads: 39.9, t_des: 35.7, bed_util_ads: 0.500, bed_util_des: 0.500, des_th: 0.4997082618778032,frac_lost: 0.103, li_recovered:  8.288, time: 0.0160184409996873
L: 0.50, u_super: 0.00451, sec: 248.830, prod: 0.100728, t_ads: 43.2, t_des: 41.7, bed_util_ads: 0.489, bed_util_des: 0.489, des_th: 0.4886676345436526,frac_lost: 0.106, li_recovered:  8.546, time: 0.014591773000574904
L: 10.36, u_super: 0.00691 — INFEASIBLE (li_recovered=0.000e+00), time: 0.007436489000610891
L: 0.50, u_super: 0.00369, sec: 201.085, prod: 0.082646, t_ads: 52.8, t_des: 49.4, bed_util_ads: 0.492, bed_util_des: 0.492, des_th: 0.4920290121466394,frac_lost: 0.108, li_recovered:  8.445, time: 0.01371273599943379
L: 43.35, u_super: 0.00870 — INFEASIBLE (li_recovered=0.000e+00), time: 0.005237465999016422
L: 50.70, u_super: 0.00701 — INFEASIBLE (li_recovered=0.000e+00), time: 0.0023429720004060073
L: 0.50, u_super: 0.00623, sec: 347.379, prod: 0.140878, t_ads: 31.2, t_des: 28.2, bed_util_ads: 0.500, bed_util_des: 0.499, des_th: 0.4994614386657776,frac_lost: 0.104, li_recovered:  8.374, time: 0.021866258000954986
L: 0.50, u_super: 0.00005 — INFEASIBLE (li_recovered=0.000e+00), time: 0.0028211939988977974
L: 26.05, u_super: 0.00947 — INFEASIBLE (li_recovered=0.000e+00), time: 0.005303545000060694
L: 0.50, u_super: 0.00613, sec: 370.118, prod: 0.127922, t_ads: 31.9, t_des: 35.9, bed_util_ads: 0.471, bed_util_des: 0.471, des_th: 0.47054878931410216,frac_lost: 0.108, li_recovered:  8.684, time: 0.01879935699980706
L: 0.50, u_super: 0.00990, sec: 576.015, prod: 0.224810, t_ads: 19.7, t_des: 17.9, bed_util_ads: 0.500, bed_util_des: 0.499, des_th: 0.49941800771673645,frac_lost: 0.102, li_recovered:  8.443, time: 0.01785498400022334
L: 0.50, u_super: 0.00168, sec: 93.118, prod: 0.035947, t_ads: 113.7, t_des: 119.7, bed_util_ads: 0.472, bed_util_des: 0.470, des_th: 0.470401759271144,frac_lost: 0.101, li_recovered:  8.387, time: 0.021757214000899694
L: 19.37, u_super: 0.00587 — INFEASIBLE (li_recovered=0.000e+00), time: 0.004911222000373527
L: 0.50, u_super: 0.00753, sec: 449.782, prod: 0.161831, t_ads: 26.0, t_des: 27.7, bed_util_ads: 0.478, bed_util_des: 0.477, des_th: 0.47736745071790093,frac_lost: 0.107, li_recovered:  8.693, time: 0.02165887999944971
L: 16.87, u_super: 0.00010 — INFEASIBLE (li_recovered=0.000e+00), time: 0.0014056859999982407
L: 0.50, u_super: 0.00911, sec: 526.560, prod: 0.206336, t_ads: 21.5, t_des: 19.5, bed_util_ads: 0.500, bed_util_des: 0.500, des_th: 0.49958294219617966,frac_lost: 0.107, li_recovered:  8.448, time: 0.007558985000287066
L: 0.50, u_super: 0.00275, sec: 148.342, prod: 0.061271, t_ads: 70.2, t_des: 67.0, bed_util_ads: 0.489, bed_util_des: 0.488, des_th: 0.48836641989277646,frac_lost: 0.102, li_recovered:  8.405, time: 0.012473008000597474
L: 0.50, u_super: 0.00352, sec: 191.043, prod: 0.078809, t_ads: 55.3, t_des: 49.3, bed_util_ads: 0.498, bed_util_des: 0.498, des_th: 0.49809412347486876,frac_lost: 0.107, li_recovered:  8.243, time: 0.013686603000678588
L: 0.50, u_super: 0.00405, sec: 220.789, prod: 0.091077, t_ads: 47.8, t_des: 44.9, bed_util_ads: 0.492, bed_util_des: 0.492, des_th: 0.4920303072444031,frac_lost: 0.103, li_recovered:  8.446, time: 0.00847059999978228
L: 0.97, u_super: 0.00866, sec: 978.346, prod: 0.194419, t_ads: 43.8, t_des: 38.6, bed_util_ads: 0.500, bed_util_des: 0.500, des_th: 0.4998152852086386,frac_lost: 0.107, li_recovered:  16.031, time: 0.014600395999877946
   816 |    32640 |     40 |  0.0010474475 |             f
L: 0.50, u_super: 0.00510, sec: 280.503, prod: 0.115114, t_ads: 38.1, t_des: 34.9, bed_util_ads: 0.496, bed_util_des: 0.496, des_th: 0.4955158548685288,frac_lost: 0.103, li_recovered:  8.403, time: 0.007984802999999374
L: 0.50, u_super: 0.00639, sec: 356.427, prod: 0.144705, t_ads: 30.4, t_des: 27.5, bed_util_ads: 0.498, bed_util_des: 0.498, des_th: 0.49793088662197293,frac_lost: 0.101, li_recovered:  8.368, time: 0.009265721000701888
L: 0.50, u_super: 0.00041 — INFEASIBLE (li_recovered=0.000e+00), time: 0.006139645000075689
L: 0.50, u_super: 0.00405, sec: 220.789, prod: 0.091077, t_ads: 47.8, t_des: 44.9, bed_util_ads: 0.492, bed_util_des: 0.492, des_th: 0.4920303072444031,frac_lost: 0.103, li_recovered:  8.446, time: 0.011204028000065591
L: 0.50, u_super: 0.00224, sec: 120.678, prod: 0.049617, t_ads: 86.3, t_des: 76.8, bed_util_ads: 0.496, bed_util_des: 0.496, des_th: 0.49578333892637483,frac_lost: 0.107, li_recovered:  8.092, time: 0.010099184000864625
L: 14.21, u_super: 0.00911 — INFEASIBLE (li_recovered=0.000e+00), time: 0.005685926000296604
L: 0.50, u_super: 0.00574, sec: 317.731, prod: 0.129656, t_ads: 33.8, t_des: 30.3, bed_util_ads: 0.499, bed_util_des: 0.499, des_th: 0.4992006151901591,frac_lost: 0.101, li_recovered:  8.317, time: 0.011082442999395425
L: 0.50, u_super: 0.00083, sec: 45.854, prod: 0.017601, t_ads: 226.4, t_des: 222.6, bed_util_ads: 0.470, bed_util_des: 0.468, des_th: 0.4683581031881244,frac_lost: 0.106, li_recovered:  7.902, time: 0.017644028999711736
L: 0.50, u_super: 0.00754, sec: 427.941, prod: 0.170428, t_ads: 26.0, t_des: 23.8, bed_util_ads: 0.497, bed_util_des: 0.497, des_th: 0.4972536053683426,frac_lost: 0.108, li_recovered:  8.480, time: 0.021562363999692025
L: 0.50, u_super: 0.00721, sec: 822.393, prod: 0.080612, t_ads: 27.1, t_des: 81.3, bed_util_ads: 0.353, bed_util_des: 0.351, des_th: 0.35071892616247924,frac_lost: 0.102, li_recovered:  8.735, time: 0.036572792998413206
L: 0.50, u_super: 0.00906, sec: 544.338, prod: 0.197175, t_ads: 21.5, t_des: 22.6, bed_util_ads: 0.481, bed_util_des: 0.481, des_th: 0.48076507986097744,frac_lost: 0.104, li_recovered:  8.698, time: 0.01612697899872728
L: 0.51, u_super: 0.00005, sec: 4.431, prod: 0.000667, t_ads: 3474.2, t_des: 5846.9, bed_util_ads: 0.252, bed_util_des: 0.185, des_th: 0.1851696623157332,frac_lost: 0.102, li_recovered:  6.217, time: 0.025518082999042235
L: 22.20, u_super: 0.00989 — INFEASIBLE (li_recovered=0.000e+00), time: 0.005634167999232886
L: 0.50, u_super: 0.00870, sec: 500.132, prod: 0.196859, t_ads: 22.5, t_des: 20.2, bed_util_ads: 0.500, bed_util_des: 0.500, des_th: 0.4998152852086386,frac_lost: 0.107, li_recovered:  8.406, time: 0.01670479200038244
L: 0.50, u_super: 0.00857, sec: 491.623, prod: 0.193877, t_ads: 22.8, t_des: 20.7, bed_util_ads: 0.500, bed_util_des: 0.500, des_th: 0.4997514191070947,frac_lost: 0.107, li_recovered:  8.441, time: 0.013291712000864209
L: 0.50, u_super: 0.00114, sec: 69.462, prod: 0.021899, t_ads: 168.1, t_des: 211.2, bed_util_ads: 0.444, bed_util_des: 0.441, des_th: 0.44068802121166156,frac_lost: 0.105, li_recovered:  8.306, time: 0.013478441000188468
L: 0.50, u_super: 0.00770, sec: 436.500, prod: 0.174611, t_ads: 25.2, t_des: 22.5, bed_util_ads: 0.500, bed_util_des: 0.500, des_th: 0.49957590205195446,frac_lost: 0.100, li_recovered:  8.334, time: 0.015266927999618929
L: 0.50, u_super: 0.00752, sec: 426.682, prod: 0.170024, t_ads: 26.0, t_des: 23.6, bed_util_ads: 0.498, bed_util_des: 0.498, des_th: 0.4982916066294619,frac_lost: 0.108, li_recovered:  8.436, time: 0.014878319001581986
L: 0.50, u_super: 0.00821, sec: 469.806, prod: 0.185382, t_ads: 23.9, t_des: 22.2, bed_util_ads: 0.495, bed_util_des: 0.495, des_th: 0.4952309587688353,frac_lost: 0.107, li_recovered:  8.530, time: 0.010389269998995587
L: 0.50, u_super: 0.00615, sec: 342.593, prod: 0.139139, t_ads: 31.6, t_des: 29.3, bed_util_ads: 0.495, bed_util_des: 0.495, des_th: 0.49511635265743237,frac_lost: 0.102, li_recovered:  8.464, time: 0.010298270999555825
L: 0.50, u_super: 0.00076 — INFEASIBLE (li_recovered=0.000e+00), time: 0.005247899000096368
L: 0.50, u_super: 0.00895, sec: 515.598, prod: 0.202592, t_ads: 21.9, t_des: 19.7, bed_util_ads: 0.500, bed_util_des: 0.500, des_th: 0.4999391182414953,frac_lost: 0.106, li_recovered:  8.410, time: 0.011903680999239441
L: 0.50, u_super: 0.00990, sec: 590.127, prod: 0.219434, t_ads: 19.8, t_des: 19.8, bed_util_ads: 0.487, bed_util_des: 0.487, des_th: 0.48693776384172843,frac_lost: 0.106, li_recovered:  8.682, time: 0.012047005999193061
L: 0.50, u_super: 0.00548, sec: 303.420, prod: 0.123698, t_ads: 35.5, t_des: 31.6, bed_util_ads: 0.499, bed_util_des: 0.499, des_th: 0.4992647682720547,frac_lost: 0.104, li_recovered:  8.296, time: 0.010361515000113286
L: 0.50, u_super: 0.00006, sec: 5.376, prod: 0.000847, t_ads: 2817.2, t_des: 5032.3, bed_util_ads: 0.262, bed_util_des: 0.195, des_th: 0.1949169582771191,frac_lost: 0.103, li_recovered:  6.652, time: 0.015948133999700076
L: 0.50, u_super: 0.00081 — INFEASIBLE (li_recovered=0.000e+00), time: 0.007948784001200693
L: 0.50, u_super: 0.00514, sec: 282.948, prod: 0.115965, t_ads: 37.8, t_des: 35.1, bed_util_ads: 0.496, bed_util_des: 0.495, des_th: 0.4954823297512545,frac_lost: 0.103, li_recovered:  8.447, time: 0.009827178000705317
L: 0.50, u_super: 0.00576, sec: 319.202, prod: 0.130213, t_ads: 33.6, t_des: 30.1, bed_util_ads: 0.500, bed_util_des: 0.500, des_th: 0.4998693557164577,frac_lost: 0.101, li_recovered:  8.304, time: 0.012471128000470344
L: 0.50, u_super: 0.00304, sec: 163.900, prod: 0.067900, t_ads: 63.7, t_des: 59.9, bed_util_ads: 0.490, bed_util_des: 0.490, des_th: 0.49003124170533513,frac_lost: 0.103, li_recovered:  8.392, time: 0.012385218000417808
L: 0.50, u_super: 0.00631, sec: 352.147, prod: 0.142528, t_ads: 30.8, t_des: 28.9, bed_util_ads: 0.494, bed_util_des: 0.494, des_th: 0.4937971384719852,frac_lost: 0.102, li_recovered:  8.507, time: 0.010203374000411713
L: 0.50, u_super: 0.00548, sec: 303.076, prod: 0.123853, t_ads: 35.4, t_des: 31.6, bed_util_ads: 0.499, bed_util_des: 0.499, des_th: 0.49920233469652875,frac_lost: 0.102, li_recovered:  8.299, time: 0.0113049259998661
L: 8.07, u_super: 0.00915 — INFEASIBLE (li_recovered=0.000e+00), time: 0.007610975999341463
L: 0.50, u_super: 0.00819, sec: 510.000, prod: 0.170170, t_ads: 23.8, t_des: 27.3, bed_util_ads: 0.470, bed_util_des: 0.469, des_th: 0.4690896961818487,frac_lost: 0.105, li_recovered:  8.705, time: 0.02179376499952923
L: 0.50, u_super: 0.00196, sec: 106.590, prod: 0.042753, t_ads: 97.7, t_des: 83.4, bed_util_ads: 0.499, bed_util_des: 0.499, des_th: 0.49862444342430684,frac_lost: 0.101, li_recovered:  7.742, time: 0.021695470000850037
L: 0.50, u_super: 0.00201, sec: 108.351, prod: 0.044255, t_ads: 96.1, t_des: 84.8, bed_util_ads: 0.496, bed_util_des: 0.495, des_th: 0.49550253433955543,frac_lost: 0.107, li_recovered:  8.006, time: 0.022519375999763724
L: 0.50, u_super: 0.00331, sec: 179.283, prod: 0.074035, t_ads: 58.7, t_des: 52.5, bed_util_ads: 0.498, bed_util_des: 0.497, des_th: 0.4973129425812038,frac_lost: 0.107, li_recovered:  8.232, time: 0.014367288998982986
L: 0.50, u_super: 0.00607, sec: 337.231, prod: 0.137430, t_ads: 31.9, t_des: 29.3, bed_util_ads: 0.497, bed_util_des: 0.497, des_th: 0.49727344359968934,frac_lost: 0.101, li_recovered:  8.412, time: 0.022818161000031978
L: 0.50, u_super: 0.00724, sec: 409.402, prod: 0.163300, t_ads: 27.1, t_des: 24.5, bed_util_ads: 0.499, bed_util_des: 0.499, des_th: 0.4986200473171953,frac_lost: 0.110, li_recovered:  8.431, time: 0.019681013000081293
L: 0.50, u_super: 0.00539, sec: 297.723, prod: 0.121739, t_ads: 36.0, t_des: 32.3, bed_util_ads: 0.499, bed_util_des: 0.499, des_th: 0.49926304876568506,frac_lost: 0.102, li_recovered:  8.308, time: 0.01807735500005947
L: 0.50, u_super: 0.00775, sec: 441.631, prod: 0.174940, t_ads: 25.3, t_des: 23.4, bed_util_ads: 0.497, bed_util_des: 0.497, des_th: 0.49662990231097454,frac_lost: 0.109, li_recovered:  8.522, time: 0.012293285000851029
   817 |    32680 |     40 |  0.0024971958 |             f
L: 52.72, u_super: 0.00006 — INFEASIBLE (li_recovered=0.000e+00), time: 0.001909126000100514
L: 0.58, u_super: 0.00305, sec: 191.168, prod: 0.068082, t_ads: 73.1, t_des: 69.1, bed_util_ads: 0.490, bed_util_des: 0.489, des_th: 0.48939327878723077,frac_lost: 0.102, li_recovered:  9.681, time: 0.012998862001040834
L: 0.50, u_super: 0.00607, sec: 337.273, prod: 0.137413, t_ads: 31.9, t_des: 29.0, bed_util_ads: 0.497, bed_util_des: 0.497, des_th: 0.4972413117276271,frac_lost: 0.101, li_recovered:  8.378, time: 0.01569796200055862
L: 0.50, u_super: 0.00692, sec: 389.695, prod: 0.156297, t_ads: 28.3, t_des: 25.4, bed_util_ads: 0.500, bed_util_des: 0.499, des_th: 0.49941537906160494,frac_lost: 0.107, li_recovered:  8.383, time: 0.013616989999718498
L: 0.50, u_super: 0.00455, sec: 249.034, prod: 0.102457, t_ads: 42.8, t_des: 39.1, bed_util_ads: 0.496, bed_util_des: 0.495, des_th: 0.49547111337752653,frac_lost: 0.105, li_recovered:  8.384, time: 0.013558778999140486
L: 0.50, u_super: 0.00598, sec: 332.524, prod: 0.135203, t_ads: 32.5, t_des: 29.1, bed_util_ads: 0.500, bed_util_des: 0.499, des_th: 0.4994501315523166,frac_lost: 0.102, li_recovered:  8.316, time: 0.019722595001439913
L: 0.50, u_super: 0.00008, sec: 6.818, prod: 0.000959, t_ads: 2461.3, t_des: 5262.5, bed_util_ads: 0.259, bed_util_des: 0.185, des_th: 0.1851696623157332,frac_lost: 0.100, li_recovered:  7.404, time: 0.014752068998859613
L: 0.50, u_super: 0.00637, sec: 355.766, prod: 0.144093, t_ads: 30.5, t_des: 27.2, bed_util_ads: 0.500, bed_util_des: 0.500, des_th: 0.4997261017521614,frac_lost: 0.102, li_recovered:  8.314, time: 0.014761522999833687
L: 0.50, u_super: 0.00466, sec: 255.193, prod: 0.104868, t_ads: 41.8, t_des: 38.1, bed_util_ads: 0.497, bed_util_des: 0.497, des_th: 0.4966970619982883,frac_lost: 0.106, li_recovered:  8.385, time: 0.014232879999326542
L: 5.56, u_super: 0.00304 — INFEASIBLE (li_recovered=0.000e+00), time: 0.004661648999899626
L: 0.50, u_super: 0.00245, sec: 131.827, prod: 0.054723, t_ads: 78.5, t_des: 72.5, bed_util_ads: 0.492, bed_util_des: 0.492, des_th: 0.4920078595711537,frac_lost: 0.103, li_recovered:  8.264, time: 0.015284012999472907
L: 0.50, u_super: 0.00494, sec: 272.266, prod: 0.111272, t_ads: 39.4, t_des: 35.1, bed_util_ads: 0.500, bed_util_des: 0.500, des_th: 0.4999909578557462,frac_lost: 0.106, li_recovered:  8.286, time: 0.012951786999110482
L: 0.50, u_super: 0.00539, sec: 297.805, prod: 0.121705, t_ads: 36.0, t_des: 32.3, bed_util_ads: 0.499, bed_util_des: 0.499, des_th: 0.49922190303686687,frac_lost: 0.103, li_recovered:  8.310, time: 0.01815518900002644
L: 0.50, u_super: 0.00039 — INFEASIBLE (li_recovered=0.000e+00), time: 0.0034476000000722706
L: 0.50, u_super: 0.00129, sec: 70.990, prod: 0.027619, t_ads: 146.9, t_des: 125.1, bed_util_ads: 0.496, bed_util_des: 0.495, des_th: 0.49543463977585206,frac_lost: 0.103, li_recovered:  7.513, time: 0.012498344000050565
L: 0.50, u_super: 0.00247, sec: 132.937, prod: 0.055056, t_ads: 77.9, t_des: 70.1, bed_util_ads: 0.496, bed_util_des: 0.495, des_th: 0.4954579295902087,frac_lost: 0.103, li_recovered:  8.153, time: 0.021718404001148883
L: 22.58, u_super: 0.00990 — INFEASIBLE (li_recovered=0.000e+00), time: 0.005667743000230985
L: 0.50, u_super: 0.00432, sec: 235.872, prod: 0.097078, t_ads: 45.0, t_des: 40.1, bed_util_ads: 0.500, bed_util_des: 0.499, des_th: 0.49950661492907483,frac_lost: 0.104, li_recovered:  8.263, time: 0.030877465000230586
L: 0.50, u_super: 0.00022, sec: 32.015, prod: 0.001806, t_ads: 880.2, t_des: 3848.1, bed_util_ads: 0.256, bed_util_des: 0.198, des_th: 0.19830045028607857,frac_lost: 0.102, li_recovered:  8.538, time: 0.05576542100061488
L: 0.50, u_super: 0.00870, sec: 3845.958, prod: 0.025602, t_ads: 22.5, t_des: 320.3, bed_util_ads: 0.201, bed_util_des: 0.198, des_th: 0.19768998775211055,frac_lost: 0.103, li_recovered:  8.778, time: 0.12452627099992242
L: 7.66, u_super: 0.00405 — INFEASIBLE (li_recovered=0.000e+00), time: 0.006168348001665436
L: 0.50, u_super: 0.00574, sec: 321.297, prod: 0.128217, t_ads: 34.1, t_des: 32.8, bed_util_ads: 0.491, bed_util_des: 0.491, des_th: 0.4907483563455643,frac_lost: 0.108, li_recovered:  8.584, time: 0.0172526510013995
L: 4.29, u_super: 0.00925 — INFEASIBLE (li_recovered=0.000e+00), time: 0.007002551999903517
L: 0.50, u_super: 0.00794, sec: 453.098, prod: 0.179469, t_ads: 24.7, t_des: 22.1, bed_util_ads: 0.500, bed_util_des: 0.500, des_th: 0.4996159348632388,frac_lost: 0.109, li_recovered:  8.401, time: 0.01162727500013716
L: 0.50, u_super: 0.00172, sec: 94.243, prod: 0.037189, t_ads: 111.0, t_des: 93.6, bed_util_ads: 0.500, bed_util_des: 0.499, des_th: 0.4995351396798314,frac_lost: 0.102, li_recovered:  7.610, time: 0.014480800000455929
L: 0.50, u_super: 0.00131, sec: 71.855, prod: 0.028188, t_ads: 144.9, t_des: 124.5, bed_util_ads: 0.495, bed_util_des: 0.495, des_th: 0.4951724152538819,frac_lost: 0.104, li_recovered:  7.593, time: 0.013896544000090216
L: 0.50, u_super: 0.00045, sec: 26.236, prod: 0.009110, t_ads: 396.8, t_des: 391.8, bed_util_ads: 0.453, bed_util_des: 0.450, des_th: 0.4502621734244678,frac_lost: 0.104, li_recovered:  7.184, time: 0.010465241000929382
L: 0.50, u_super: 0.00985, sec: 576.225, prod: 0.222319, t_ads: 19.8, t_des: 18.8, bed_util_ads: 0.494, bed_util_des: 0.493, des_th: 0.49342941206123464,frac_lost: 0.104, li_recovered:  8.596, time: 0.017106065000916715
L: 0.50, u_super: 0.00253, sec: 136.034, prod: 0.056392, t_ads: 76.1, t_des: 68.5, bed_util_ads: 0.496, bed_util_des: 0.495, des_th: 0.4954579295902087,frac_lost: 0.103, li_recovered:  8.158, time: 0.0122949790002167
L: 0.50, u_super: 0.00851, sec: 488.122, prod: 0.192580, t_ads: 23.0, t_des: 20.8, bed_util_ads: 0.499, bed_util_des: 0.499, des_th: 0.4986232797531959,frac_lost: 0.107, li_recovered:  8.440, time: 0.013177394001104403
L: 0.50, u_super: 0.00104, sec: 57.691, prod: 0.021996, t_ads: 182.7, t_des: 188.0, bed_util_ads: 0.469, bed_util_des: 0.467, des_th: 0.46723979650759384,frac_lost: 0.107, li_recovered:  8.156, time: 0.010528026999963913
L: 0.50, u_super: 0.00172, sec: 93.083, prod: 0.037653, t_ads: 111.2, t_des: 97.3, bed_util_ads: 0.496, bed_util_des: 0.495, des_th: 0.4955433902654138,frac_lost: 0.104, li_recovered:  7.853, time: 0.00865748700016411
L: 12.97, u_super: 0.00802 — INFEASIBLE (li_recovered=0.000e+00), time: 0.007660294000743306
L: 0.50, u_super: 0.00886, sec: 510.055, prod: 0.200815, t_ads: 22.0, t_des: 19.8, bed_util_ads: 0.500, bed_util_des: 0.500, des_th: 0.4999828714149904,frac_lost: 0.104, li_recovered:  8.390, time: 0.01059459899988724
L: 0.50, u_super: 0.00962, sec: 558.025, prod: 0.218156, t_ads: 20.3, t_des: 18.6, bed_util_ads: 0.497, bed_util_des: 0.497, des_th: 0.4966733947314715,frac_lost: 0.103, li_recovered:  8.490, time: 0.014808084999458515
L: 0.50, u_super: 0.00928, sec: 536.932, prod: 0.210097, t_ads: 21.1, t_des: 19.1, bed_util_ads: 0.500, bed_util_des: 0.500, des_th: 0.49967455153330786,frac_lost: 0.107, li_recovered:  8.445, time: 0.020072837000043364
L: 0.50, u_super: 0.00667, sec: 386.457, prod: 0.145962, t_ads: 29.3, t_des: 30.1, bed_util_ads: 0.483, bed_util_des: 0.483, des_th: 0.4826680657055746,frac_lost: 0.106, li_recovered:  8.668, time: 0.01974318199972913
L: 0.50, u_super: 0.00101 — INFEASIBLE (li_recovered=0.000e+00), time: 0.009601787000065087
L: 0.50, u_super: 0.00668, sec: 376.590, prod: 0.150335, t_ads: 29.3, t_des: 27.6, bed_util_ads: 0.494, bed_util_des: 0.494, des_th: 0.4937634445019823,frac_lost: 0.108, li_recovered:  8.549, time: 0.016087813000922324
L: 0.50, u_super: 0.00576, sec: 319.296, prod: 0.130175, t_ads: 33.7, t_des: 30.2, bed_util_ads: 0.500, bed_util_des: 0.500, des_th: 0.4995722602406583,frac_lost: 0.102, li_recovered:  8.319, time: 0.012109330999010126
   818 |    32720 |     40 |  0.0038202729 |             f
L: 0.50, u_super: 0.00964, sec: 559.578, prod: 0.218937, t_ads: 20.2, t_des: 18.4, bed_util_ads: 0.499, bed_util_des: 0.499, des_th: 0.49865308604357167,frac_lost: 0.103, li_recovered:  8.456, time: 0.01439081399985298
L: 0.50, u_super: 0.00042 — INFEASIBLE (li_recovered=0.000e+00), time: 0.0092083140007162
L: 0.50, u_super: 0.00607, sec: 337.579, prod: 0.137289, t_ads: 31.9, t_des: 28.6, bed_util_ads: 0.500, bed_util_des: 0.500, des_th: 0.499693036865819,frac_lost: 0.101, li_recovered:  8.312, time: 0.01399533499898098
L: 0.50, u_super: 0.00304, sec: 163.900, prod: 0.067900, t_ads: 63.7, t_des: 59.9, bed_util_ads: 0.490, bed_util_des: 0.490, des_th: 0.49003124170533513,frac_lost: 0.103, li_recovered:  8.392, time: 0.01008669499969983
L: 0.50, u_super: 0.00494, sec: 272.266, prod: 0.111272, t_ads: 39.4, t_des: 35.1, bed_util_ads: 0.500, bed_util_des: 0.500, des_th: 0.4999909578557462,frac_lost: 0.106, li_recovered:  8.286, time: 0.009985546999814687
L: 0.50, u_super: 0.00011 — INFEASIBLE (li_recovered=0.000e+00), time: 0.0028427200013538823
L: 0.50, u_super: 0.00045, sec: 26.224, prod: 0.009114, t_ads: 397.0, t_des: 397.1, bed_util_ads: 0.453, bed_util_des: 0.449, des_th: 0.4494495582066914,frac_lost: 0.104, li_recovered:  7.238, time: 0.01246859700040659
L: 43.67, u_super: 0.00720 — INFEASIBLE (li_recovered=0.000e+00), time: 0.002430545999231981
L: 72.97, u_super: 0.00794 — INFEASIBLE (li_recovered=0.000e+00), time: 0.001644559999476769
L: 9.32, u_super: 0.00632 — INFEASIBLE (li_recovered=0.000e+00), time: 0.004644000000553206
L: 0.50, u_super: 0.00326, sec: 176.301, prod: 0.072802, t_ads: 59.7, t_des: 53.4, bed_util_ads: 0.498, bed_util_des: 0.497, des_th: 0.4973129425812038,frac_lost: 0.107, li_recovered:  8.229, time: 0.009132667999438127
L: 0.50, u_super: 0.00964, sec: 559.749, prod: 0.218775, t_ads: 20.2, t_des: 18.2, bed_util_ads: 0.500, bed_util_des: 0.500, des_th: 0.4996186250206184,frac_lost: 0.103, li_recovered:  8.393, time: 0.010006851000071038
L: 0.50, u_super: 0.00310, sec: 167.690, prod: 0.069247, t_ads: 62.4, t_des: 55.3, bed_util_ads: 0.499, bed_util_des: 0.499, des_th: 0.49862444342430684,frac_lost: 0.104, li_recovered:  8.155, time: 0.009409050999238389
L: 0.50, u_super: 0.00121, sec: 66.685, prod: 0.025781, t_ads: 157.3, t_des: 133.9, bed_util_ads: 0.496, bed_util_des: 0.496, des_th: 0.49572260975344246,frac_lost: 0.107, li_recovered:  7.507, time: 0.009972818001187989
L: 0.50, u_super: 0.00548, sec: 302.862, prod: 0.123926, t_ads: 35.3, t_des: 31.7, bed_util_ads: 0.499, bed_util_des: 0.499, des_th: 0.49920233469652875,frac_lost: 0.101, li_recovered:  8.307, time: 0.013489074999597506
L: 0.50, u_super: 0.00351, sec: 190.524, prod: 0.078521, t_ads: 55.4, t_des: 51.9, bed_util_ads: 0.492, bed_util_des: 0.492, des_th: 0.4917020717422891,frac_lost: 0.107, li_recovered:  8.427, time: 0.010703521000323235
L: 0.50, u_super: 0.00663, sec: 448.067, prod: 0.124197, t_ads: 29.5, t_des: 40.6, bed_util_ads: 0.446, bed_util_des: 0.445, des_th: 0.44522333450835366,frac_lost: 0.105, li_recovered:  8.698, time: 0.013209386001108214
L: 0.50, u_super: 0.00158, sec: 85.117, prod: 0.034795, t_ads: 121.0, t_des: 111.2, bed_util_ads: 0.490, bed_util_des: 0.489, des_th: 0.4891087265698824,frac_lost: 0.105, li_recovered:  8.081, time: 0.010963675000311923
L: 77.74, u_super: 0.00186 — INFEASIBLE (li_recovered=0.000e+00), time: 0.0010124059990630485
L: 0.50, u_super: 0.00953, sec: 3409.511, prod: 0.035044, t_ads: 20.5, t_des: 229.8, bed_util_ads: 0.221, bed_util_des: 0.218, des_th: 0.2182403563509394,frac_lost: 0.103, li_recovered:  8.774, time: 0.05816634700022405
L: 0.50, u_super: 0.00752, sec: 428.570, prod: 0.169275, t_ads: 25.8, t_des: 25.0, bed_util_ads: 0.491, bed_util_des: 0.491, des_th: 0.490538451358587,frac_lost: 0.101, li_recovered:  8.598, time: 0.012690524999925401
L: 0.50, u_super: 0.00369, sec: 201.085, prod: 0.082646, t_ads: 52.8, t_des: 49.4, bed_util_ads: 0.492, bed_util_des: 0.492, des_th: 0.4920290121466394,frac_lost: 0.108, li_recovered:  8.445, time: 0.010392533000413096
L: 0.50, u_super: 0.00172, sec: 92.434, prod: 0.037917, t_ads: 111.3, t_des: 101.2, bed_util_ads: 0.491, bed_util_des: 0.490, des_th: 0.49002459315075886,frac_lost: 0.103, li_recovered:  8.056, time: 0.008264172998678987
L: 0.50, u_super: 0.00073, sec: 206.443, prod: 0.002996, t_ads: 270.9, t_des: 2662.6, bed_util_ads: 0.215, bed_util_des: 0.186, des_th: 0.1860271464658183,frac_lost: 0.101, li_recovered:  8.789, time: 0.058335849000286544
L: 0.50, u_super: 0.00390, sec: 212.505, prod: 0.087534, t_ads: 49.8, t_des: 46.7, bed_util_ads: 0.493, bed_util_des: 0.493, des_th: 0.4928326416780934,frac_lost: 0.105, li_recovered:  8.445, time: 0.012707652000244707
L: 0.50, u_super: 0.00245, sec: 136.018, prod: 0.053036, t_ads: 78.6, t_des: 81.7, bed_util_ads: 0.476, bed_util_des: 0.475, des_th: 0.4753591331557584,frac_lost: 0.103, li_recovered:  8.504, time: 0.011886160000358359
L: 0.50, u_super: 0.00928, sec: 536.856, prod: 0.210126, t_ads: 21.1, t_des: 18.9, bed_util_ads: 0.500, bed_util_des: 0.500, des_th: 0.4999414955971808,frac_lost: 0.105, li_recovered:  8.392, time: 0.013203254999098135
L: 0.50, u_super: 0.00539, sec: 297.762, prod: 0.121723, t_ads: 36.0, t_des: 33.7, bed_util_ads: 0.494, bed_util_des: 0.494, des_th: 0.49380148329463297,frac_lost: 0.102, li_recovered:  8.478, time: 0.012360744998659356
L: 0.50, u_super: 0.00636, sec: 355.264, prod: 0.143954, t_ads: 30.5, t_des: 27.3, bed_util_ads: 0.499, bed_util_des: 0.499, des_th: 0.49919116334966007,frac_lost: 0.102, li_recovered:  8.324, time: 0.015713454000433558
L: 0.50, u_super: 0.00439, sec: 240.226, prod: 0.098471, t_ads: 44.2, t_des: 42.0, bed_util_ads: 0.492, bed_util_des: 0.492, des_th: 0.4917567483840475,frac_lost: 0.103, li_recovered:  8.495, time: 0.02142605500011996
L: 0.50, u_super: 0.00189, sec: 101.896, prod: 0.041815, t_ads: 102.1, t_des: 94.0, bed_util_ads: 0.491, bed_util_des: 0.490, des_th: 0.49003124170533513,frac_lost: 0.109, li_recovered:  8.200, time: 0.023456582999642706
L: 0.50, u_super: 0.00921, sec: 532.620, prod: 0.208367, t_ads: 21.3, t_des: 19.2, bed_util_ads: 0.499, bed_util_des: 0.499, des_th: 0.49902946287117367,frac_lost: 0.107, li_recovered:  8.438, time: 0.022427033998610568
L: 0.50, u_super: 0.00539, sec: 297.723, prod: 0.121739, t_ads: 36.0, t_des: 32.3, bed_util_ads: 0.499, bed_util_des: 0.499, des_th: 0.49926304876568506,frac_lost: 0.102, li_recovered:  8.308, time: 0.017794868001146824
L: 4.13, u_super: 0.00752 — INFEASIBLE (li_recovered=0.000e+00), time: 0.013022168999668793
L: 0.50, u_super: 0.00504, sec: 277.259, prod: 0.113443, t_ads: 38.6, t_des: 34.4, bed_util_ads: 0.500, bed_util_des: 0.500, des_th: 0.49996184135174415,frac_lost: 0.104, li_recovered:  8.288, time: 0.017850963999080705
L: 0.50, u_super: 0.00172, sec: 94.295, prod: 0.037169, t_ads: 111.2, t_des: 93.6, bed_util_ads: 0.500, bed_util_des: 0.499, des_th: 0.49941752300758196,frac_lost: 0.103, li_recovered:  7.611, time: 0.019551019000573433
L: 0.50, u_super: 0.00400, sec: 257.786, prod: 0.075990, t_ads: 48.4, t_des: 65.3, bed_util_ads: 0.446, bed_util_des: 0.445, des_th: 0.4450725594249168,frac_lost: 0.101, li_recovered:  8.638, time: 0.025599332000638242
L: 38.94, u_super: 0.00870 — INFEASIBLE (li_recovered=0.000e+00), time: 0.002924608999819611
L: 88.00, u_super: 0.00670 — INFEASIBLE (li_recovered=0.000e+00), time: 0.0022935580000194022
L: 0.50, u_super: 0.00196, sec: 106.572, prod: 0.042760, t_ads: 97.6, t_des: 83.4, bed_util_ads: 0.499, bed_util_des: 0.499, des_th: 0.4993119495594508,frac_lost: 0.101, li_recovered:  7.741, time: 0.009810990999540081
   819 |    32760 |     40 |  0.0021817903 |             f
L: 96.17, u_super: 0.00351 — INFEASIBLE (li_recovered=0.000e+00), time: 0.0024397469987889053
L: 0.50, u_super: 0.00245, sec: 131.864, prod: 0.054707, t_ads: 78.6, t_des: 72.5, bed_util_ads: 0.492, bed_util_des: 0.492, des_th: 0.49189582751827715,frac_lost: 0.104, li_recovered:  8.266, time: 0.013474388000759063
L: 0.50, u_super: 0.00953, sec: 553.216, prod: 0.216000, t_ads: 20.5, t_des: 18.6, bed_util_ads: 0.500, bed_util_des: 0.500, des_th: 0.49958294219617966,frac_lost: 0.106, li_recovered:  8.445, time: 0.017947096001080354
L: 15.69, u_super: 0.00820 — INFEASIBLE (li_recovered=0.000e+00), time: 0.008081154001047253
L: 0.50, u_super: 0.00747, sec: 421.714, prod: 0.169366, t_ads: 26.0, t_des: 23.5, bed_util_ads: 0.498, bed_util_des: 0.498, des_th: 0.4982916066294619,frac_lost: 0.100, li_recovered:  8.381, time: 0.017570429999977932
L: 0.50, u_super: 0.00025 — INFEASIBLE (li_recovered=0.000e+00), time: 0.0046252840002125595
L: 0.50, u_super: 0.00113, sec: 558.078, prod: 0.002697, t_ads: 175.6, t_des: 3105.1, bed_util_ads: 0.175, bed_util_des: 0.152, des_th: 0.15249964658718873,frac_lost: 0.106, li_recovered:  8.849, time: 0.11252346900073462
L: 0.50, u_super: 0.00822, sec: 469.748, prod: 0.186008, t_ads: 23.8, t_des: 21.8, bed_util_ads: 0.497, bed_util_des: 0.497, des_th: 0.49730721620518886,frac_lost: 0.106, li_recovered:  8.477, time: 0.017103521999160876
L: 0.50, u_super: 0.00483, sec: 264.901, prod: 0.108995, t_ads: 40.2, t_des: 36.8, bed_util_ads: 0.497, bed_util_des: 0.497, des_th: 0.49672552999942404,frac_lost: 0.103, li_recovered:  8.387, time: 0.017389369000738952
L: 0.50, u_super: 0.00532, sec: 293.091, prod: 0.120227, t_ads: 36.4, t_des: 33.5, bed_util_ads: 0.496, bed_util_des: 0.496, des_th: 0.4957850377718398,frac_lost: 0.101, li_recovered:  8.410, time: 0.01612051799929759
L: 4.14, u_super: 0.00302, sec: 5301.195, prod: 0.017173, t_ads: 546.4, t_des: 3682.3, bed_util_ads: 0.234, bed_util_des: 0.187, des_th: 0.18676996662965648,frac_lost: 0.104, li_recovered:  72.619, time: 0.05174013800024113
L: 0.50, u_super: 0.00466, sec: 284.061, prod: 0.094211, t_ads: 41.7, t_des: 50.1, bed_util_ads: 0.461, bed_util_des: 0.461, des_th: 0.4606613472403291,frac_lost: 0.103, li_recovered:  8.651, time: 0.012304870999287232
L: 52.81, u_super: 0.00428 — INFEASIBLE (li_recovered=0.000e+00), time: 0.002605978999781655
L: 0.50, u_super: 0.00417, sec: 227.465, prod: 0.093815, t_ads: 46.5, t_des: 43.6, bed_util_ads: 0.492, bed_util_des: 0.492, des_th: 0.4920290121466394,frac_lost: 0.103, li_recovered:  8.446, time: 0.018223933000626857
L: 18.15, u_super: 0.00158 — INFEASIBLE (li_recovered=0.000e+00), time: 0.001966038000318804
L: 0.50, u_super: 0.00691, sec: 388.118, prod: 0.156509, t_ads: 28.1, t_des: 25.1, bed_util_ads: 0.500, bed_util_des: 0.500, des_th: 0.4996159348632388,frac_lost: 0.101, li_recovered:  8.327, time: 0.016228485999818076
L: 10.41, u_super: 0.00260 — INFEASIBLE (li_recovered=0.000e+00), time: 0.005864062000910053
L: 0.50, u_super: 0.00607, sec: 337.527, prod: 0.137309, t_ads: 32.0, t_des: 28.9, bed_util_ads: 0.499, bed_util_des: 0.499, des_th: 0.499007492381491,frac_lost: 0.102, li_recovered:  8.368, time: 0.018208356999821262
L: 0.50, u_super: 0.00543, sec: 300.814, prod: 0.122364, t_ads: 35.7, t_des: 33.9, bed_util_ads: 0.493, bed_util_des: 0.493, des_th: 0.4925464337239961,frac_lost: 0.102, li_recovered:  8.520, time: 0.017168501000924152
L: 0.50, u_super: 0.00405, sec: 220.789, prod: 0.091077, t_ads: 47.8, t_des: 44.9, bed_util_ads: 0.492, bed_util_des: 0.492, des_th: 0.4920303072444031,frac_lost: 0.103, li_recovered:  8.446, time: 0.013576049999755924
L: 0.50, u_super: 0.00871, sec: 500.981, prod: 0.197163, t_ads: 22.5, t_des: 20.4, bed_util_ads: 0.499, bed_util_des: 0.499, des_th: 0.4992067398888193,frac_lost: 0.107, li_recovered:  8.451, time: 0.01726864000011119
L: 0.50, u_super: 0.00158, sec: 85.221, prod: 0.034752, t_ads: 121.1, t_des: 109.9, bed_util_ads: 0.490, bed_util_des: 0.489, des_th: 0.489220758622759,frac_lost: 0.106, li_recovered:  8.028, time: 0.017148642999018193
L: 0.50, u_super: 0.00503, sec: 277.028, prod: 0.113465, t_ads: 38.6, t_des: 34.4, bed_util_ads: 0.500, bed_util_des: 0.499, des_th: 0.4994501315523166,frac_lost: 0.103, li_recovered:  8.282, time: 0.013374079000641359
L: 26.13, u_super: 0.00241, sec: 11722.375, prod: 0.030987, t_ads: 3322.1, t_des: 5087.0, bed_util_ads: 0.250, bed_util_des: 0.198, des_th: 0.19866316144064755,frac_lost: 0.100, li_recovered:  260.572, time: 0.008355992000360857
L: 15.64, u_super: 0.00005 — INFEASIBLE (li_recovered=0.000e+00), time: 0.0016281750013149576
L: 0.50, u_super: 0.00768, sec: 495.396, prod: 0.153048, t_ads: 25.5, t_des: 31.4, bed_util_ads: 0.460, bed_util_des: 0.459, des_th: 0.4594594138224405,frac_lost: 0.106, li_recovered:  8.705, time: 0.008870541998476256
L: 47.00, u_super: 0.00466 — INFEASIBLE (li_recovered=0.000e+00), time: 0.002739147001193487
L: 0.50, u_super: 0.00058, sec: 35.042, prod: 0.011320, t_ads: 317.9, t_des: 374.1, bed_util_ads: 0.439, bed_util_des: 0.433, des_th: 0.4332272109226102,frac_lost: 0.104, li_recovered:  7.834, time: 0.019593835999330622
L: 0.50, u_super: 0.00013 — INFEASIBLE (li_recovered=0.000e+00), time: 0.0032442879983136663
L: 0.50, u_super: 0.00752, sec: 426.987, prod: 0.169903, t_ads: 26.0, t_des: 23.9, bed_util_ads: 0.497, bed_util_des: 0.497, des_th: 0.49677589708835423,frac_lost: 0.108, li_recovered:  8.491, time: 0.00880269200024486
L: 0.50, u_super: 0.00984, sec: 573.126, prod: 0.223228, t_ads: 19.8, t_des: 18.0, bed_util_ads: 0.500, bed_util_des: 0.499, des_th: 0.49941800771673645,frac_lost: 0.105, li_recovered:  8.447, time: 0.018583535000288975
L: 0.50, u_super: 0.00130, sec: 72.558, prod: 0.027524, t_ads: 146.1, t_des: 120.6, bed_util_ads: 0.499, bed_util_des: 0.499, des_th: 0.4993119495594508,frac_lost: 0.106, li_recovered:  7.340, time: 0.015123515000595944
L: 0.50, u_super: 0.00243, sec: 130.750, prod: 0.054145, t_ads: 79.2, t_des: 71.4, bed_util_ads: 0.496, bed_util_des: 0.495, des_th: 0.49525275428550475,frac_lost: 0.104, li_recovered:  8.156, time: 0.015465976999621489
L: 0.50, u_super: 0.00045, sec: 26.224, prod: 0.009114, t_ads: 397.0, t_des: 397.1, bed_util_ads: 0.453, bed_util_des: 0.449, des_th: 0.4494495582066914,frac_lost: 0.104, li_recovered:  7.238, time: 0.019644215999505832
L: 0.50, u_super: 0.00856, sec: 492.843, prod: 0.192941, t_ads: 22.8, t_des: 21.7, bed_util_ads: 0.492, bed_util_des: 0.492, des_th: 0.4920078595711537,frac_lost: 0.104, li_recovered:  8.586, time: 0.022030852000170853
L: 1.24, u_super: 0.00821, sec: 1182.986, prod: 0.182820, t_ads: 58.7, t_des: 56.3, bed_util_ads: 0.489, bed_util_des: 0.489, des_th: 0.48889643705608876,frac_lost: 0.107, li_recovered:  21.019, time: 0.0175089559998014
L: 0.50, u_super: 0.00876, sec: 532.105, prod: 0.187643, t_ads: 22.3, t_des: 24.1, bed_util_ads: 0.477, bed_util_des: 0.477, des_th: 0.47715152984477266,frac_lost: 0.105, li_recovered:  8.705, time: 0.015477262999411323
L: 0.50, u_super: 0.00678, sec: 380.423, prod: 0.153595, t_ads: 28.6, t_des: 25.6, bed_util_ads: 0.500, bed_util_des: 0.500, des_th: 0.49996184135174415,frac_lost: 0.100, li_recovered:  8.314, time: 0.015515348999542766
L: 0.50, u_super: 0.00582, sec: 322.535, prod: 0.131643, t_ads: 33.3, t_des: 29.9, bed_util_ads: 0.499, bed_util_des: 0.499, des_th: 0.4985877773562085,frac_lost: 0.100, li_recovered:  8.319, time: 0.013404559998889454
L: 0.50, u_super: 0.00506, sec: 278.458, prod: 0.114035, t_ads: 38.4, t_des: 34.3, bed_util_ads: 0.500, bed_util_des: 0.500, des_th: 0.49962683573106037,frac_lost: 0.104, li_recovered:  8.296, time: 0.010669434999726946
   820 |    32800 |     40 |  0.0046246024 |             f
L: 0.50, u_super: 0.00911, sec: 551.136, prod: 0.197135, t_ads: 21.4, t_des: 22.7, bed_util_ads: 0.480, bed_util_des: 0.479, des_th: 0.47925160235305836,frac_lost: 0.104, li_recovered:  8.702, time: 0.013694229999600793
L: 0.50, u_super: 0.00439, sec: 240.497, prod: 0.098360, t_ads: 44.4, t_des: 41.9, bed_util_ads: 0.492, bed_util_des: 0.492, des_th: 0.49170146912028834,frac_lost: 0.106, li_recovered:  8.490, time: 0.010322432000975823
L: 0.50, u_super: 0.00245, sec: 131.745, prod: 0.054682, t_ads: 78.5, t_des: 73.3, bed_util_ads: 0.491, bed_util_des: 0.490, des_th: 0.49003124170533513,frac_lost: 0.103, li_recovered:  8.302, time: 0.013685484998859465
L: 0.50, u_super: 0.00023, sec: 25.745, prod: 0.002454, t_ads: 819.5, t_des: 2513.1, bed_util_ads: 0.291, bed_util_des: 0.245, des_th: 0.2447940922778532,frac_lost: 0.101, li_recovered:  8.179, time: 0.04371285299930605
L: 0.50, u_super: 0.00196, sec: 105.006, prod: 0.043398, t_ads: 97.8, t_des: 89.0, bed_util_ads: 0.493, bed_util_des: 0.492, des_th: 0.49212979830874903,frac_lost: 0.101, li_recovered:  8.103, time: 0.021136733001185348
L: 0.50, u_super: 0.00809, sec: 461.131, prod: 0.183407, t_ads: 24.1, t_des: 21.9, bed_util_ads: 0.499, bed_util_des: 0.499, des_th: 0.4986012678865316,frac_lost: 0.104, li_recovered:  8.438, time: 0.01810251000097196
L: 0.50, u_super: 0.00582, sec: 322.779, prod: 0.131544, t_ads: 33.3, t_des: 29.9, bed_util_ads: 0.499, bed_util_des: 0.499, des_th: 0.4985739664765033,frac_lost: 0.102, li_recovered:  8.321, time: 0.014417660999242798
L: 44.44, u_super: 0.00460 — INFEASIBLE (li_recovered=0.000e+00), time: 0.004552558999421308
L: 0.50, u_super: 0.00107 — INFEASIBLE (li_recovered=0.000e+00), time: 0.010023931001342135
L: 5.01, u_super: 0.00307 — INFEASIBLE (li_recovered=0.000e+00), time: 0.005091114000606467
L: 0.50, u_super: 0.00259, sec: 139.329, prod: 0.057751, t_ads: 74.4, t_des: 66.9, bed_util_ads: 0.496, bed_util_des: 0.495, des_th: 0.49539639070435876,frac_lost: 0.103, li_recovered:  8.161, time: 0.01553893500022241
L: 0.50, u_super: 0.00006 — INFEASIBLE (li_recovered=0.000e+00), time: 0.0028225639998709084
L: 0.50, u_super: 0.00416, sec: 227.484, prod: 0.093177, t_ads: 46.8, t_des: 44.2, bed_util_ads: 0.492, bed_util_des: 0.492, des_th: 0.4916417235120207,frac_lost: 0.106, li_recovered:  8.484, time: 0.01766774899988377
L: 0.50, u_super: 0.00911, sec: 527.682, prod: 0.205897, t_ads: 21.5, t_des: 20.1, bed_util_ads: 0.496, bed_util_des: 0.496, des_th: 0.4955377822603426,frac_lost: 0.106, li_recovered:  8.559, time: 0.01034723200064036
L: 27.90, u_super: 0.00792 — INFEASIBLE (li_recovered=0.000e+00), time: 0.003657552000731812
L: 0.50, u_super: 0.00104, sec: 57.726, prod: 0.021851, t_ads: 181.6, t_des: 154.0, bed_util_ads: 0.493, bed_util_des: 0.493, des_th: 0.4928933920368173,frac_lost: 0.104, li_recovered:  7.332, time: 0.00861564699880546
L: 0.50, u_super: 0.00506, sec: 278.460, prod: 0.114226, t_ads: 38.4, t_des: 34.7, bed_util_ads: 0.499, bed_util_des: 0.498, des_th: 0.49849191627457545,frac_lost: 0.104, li_recovered:  8.348, time: 0.010883197001021472
L: 69.92, u_super: 0.00668 — INFEASIBLE (li_recovered=0.000e+00), time: 0.0018627780009410344
L: 0.50, u_super: 0.00990, sec: 622.332, prod: 0.208078, t_ads: 19.7, t_des: 22.2, bed_util_ads: 0.471, bed_util_des: 0.471, des_th: 0.47113534056076617,frac_lost: 0.103, li_recovered:  8.714, time: 0.011648166000668425
L: 0.50, u_super: 0.00369, sec: 201.099, prod: 0.082641, t_ads: 52.6, t_des: 46.4, bed_util_ads: 0.499, bed_util_des: 0.499, des_th: 0.49915946019957,frac_lost: 0.106, li_recovered:  8.185, time: 0.011508220000905567
L: 0.50, u_super: 0.00351, sec: 190.513, prod: 0.078525, t_ads: 55.5, t_des: 51.8, bed_util_ads: 0.492, bed_util_des: 0.492, des_th: 0.4917573510060482,frac_lost: 0.107, li_recovered:  8.420, time: 0.012142316001700237
L: 0.50, u_super: 0.00608, sec: 337.877, prod: 0.137618, t_ads: 31.9, t_des: 29.2, bed_util_ads: 0.497, bed_util_des: 0.497, des_th: 0.49727344359968934,frac_lost: 0.101, li_recovered:  8.414, time: 0.008756465998885687
L: 0.50, u_super: 0.00541, sec: 298.690, prod: 0.122303, t_ads: 35.8, t_des: 33.4, bed_util_ads: 0.494, bed_util_des: 0.494, des_th: 0.49399520108611644,frac_lost: 0.101, li_recovered:  8.460, time: 0.014885467000567587
L: 0.50, u_super: 0.00670, sec: 375.253, prod: 0.151902, t_ads: 28.9, t_des: 26.2, bed_util_ads: 0.499, bed_util_des: 0.499, des_th: 0.4993066788732224,frac_lost: 0.101, li_recovered:  8.372, time: 0.010287793998941197
L: 0.50, u_super: 0.00035 — INFEASIBLE (li_recovered=0.000e+00), time: 0.006145790001028217
L: 0.50, u_super: 0.00990, sec: 581.280, prod: 0.222773, t_ads: 19.7, t_des: 19.0, bed_util_ads: 0.492, bed_util_des: 0.492, des_th: 0.4919695508801994,frac_lost: 0.104, li_recovered:  8.624, time: 0.016647835000185296
L: 0.50, u_super: 0.00827, sec: 473.698, prod: 0.186997, t_ads: 23.6, t_des: 21.9, bed_util_ads: 0.497, bed_util_des: 0.497, des_th: 0.4966970619982883,frac_lost: 0.106, li_recovered:  8.525, time: 0.01595582200025092
L: 0.50, u_super: 0.00405, sec: 239.082, prod: 0.083816, t_ads: 48.0, t_des: 55.0, bed_util_ads: 0.468, bed_util_des: 0.467, des_th: 0.46723979650759384,frac_lost: 0.104, li_recovered:  8.630, time: 0.021242443001028732
L: 0.50, u_super: 0.00733, sec: 417.397, prod: 0.164712, t_ads: 26.8, t_des: 25.3, bed_util_ads: 0.493, bed_util_des: 0.493, des_th: 0.49276580236795464,frac_lost: 0.110, li_recovered:  8.578, time: 0.01294107000103395
L: 0.50, u_super: 0.00174, sec: 623.134, prod: 0.005736, t_ads: 113.1, t_des: 1418.5, bed_util_ads: 0.204, bed_util_des: 0.190, des_th: 0.19049499205490888,frac_lost: 0.102, li_recovered:  8.785, time: 0.10716401799982123
L: 0.50, u_super: 0.00302, sec: 162.949, prod: 0.067626, t_ads: 63.8, t_des: 60.2, bed_util_ads: 0.491, bed_util_des: 0.490, des_th: 0.4900915899356036,frac_lost: 0.101, li_recovered:  8.387, time: 0.014986279000368086
L: 22.97, u_super: 0.00253 — INFEASIBLE (li_recovered=0.000e+00), time: 0.0031229469987010816
L: 0.50, u_super: 0.00049, sec: 28.438, prod: 0.009994, t_ads: 369.3, t_des: 377.5, bed_util_ads: 0.453, bed_util_des: 0.449, des_th: 0.4494495582066914,frac_lost: 0.106, li_recovered:  7.464, time: 0.01866522599993914
L: 61.80, u_super: 0.00131 — INFEASIBLE (li_recovered=0.000e+00), time: 0.0015904149986454286
L: 0.50, u_super: 0.00587, sec: 325.715, prod: 0.132657, t_ads: 33.1, t_des: 30.3, bed_util_ads: 0.497, bed_util_des: 0.497, des_th: 0.49679292306806133,frac_lost: 0.103, li_recovered:  8.412, time: 0.012315370000578696
L: 0.50, u_super: 0.00008, sec: 7.102, prod: 0.000994, t_ads: 2368.7, t_des: 5088.2, bed_util_ads: 0.261, bed_util_des: 0.188, des_th: 0.18816126949633882,frac_lost: 0.100, li_recovered:  7.412, time: 0.023426751999068074
L: 0.50, u_super: 0.00196, sec: 106.572, prod: 0.042760, t_ads: 97.6, t_des: 83.4, bed_util_ads: 0.499, bed_util_des: 0.499, des_th: 0.4993119495594508,frac_lost: 0.101, li_recovered:  7.741, time: 0.015578155000184779
L: 0.50, u_super: 0.00456, sec: 250.235, prod: 0.102561, t_ads: 42.7, t_des: 39.9, bed_util_ads: 0.494, bed_util_des: 0.494, des_th: 0.49368158847778826,frac_lost: 0.106, li_recovered:  8.469, time: 0.01669830699938757
L: 0.50, u_super: 0.00454, sec: 249.346, prod: 0.101967, t_ads: 42.8, t_des: 40.5, bed_util_ads: 0.492, bed_util_des: 0.492, des_th: 0.4920290121466394,frac_lost: 0.105, li_recovered:  8.495, time: 0.014139132001218968
L: 0.50, u_super: 0.00632, sec: 353.916, prod: 0.142630, t_ads: 30.7, t_des: 29.1, bed_util_ads: 0.492, bed_util_des: 0.492, des_th: 0.4918670804193855,frac_lost: 0.102, li_recovered:  8.537, time: 0.01278370799991535
   821 |    32840 |     40 |  0.0016694335 |             f
L: 5.76, u_super: 0.00513 — INFEASIBLE (li_recovered=0.000e+00), time: 0.011200124999959371
L: 0.50, u_super: 0.00684, sec: 383.747, prod: 0.154770, t_ads: 28.4, t_des: 25.4, bed_util_ads: 0.500, bed_util_des: 0.500, des_th: 0.4996159348632388,frac_lost: 0.101, li_recovered:  8.317, time: 0.01784926799882669
L: 0.50, u_super: 0.00847, sec: 549.084, prod: 0.169486, t_ads: 23.1, t_des: 28.3, bed_util_ads: 0.461, bed_util_des: 0.460, des_th: 0.46001823302073835,frac_lost: 0.104, li_recovered:  8.710, time: 0.02349120100006985
L: 1.01, u_super: 0.00328, sec: 366.143, prod: 0.071788, t_ads: 117.1, t_des: 102.6, bed_util_ads: 0.496, bed_util_des: 0.495, des_th: 0.49539639070435876,frac_lost: 0.104, li_recovered:  15.773, time: 0.022199552000529366
L: 0.50, u_super: 0.00434, sec: 237.665, prod: 0.097260, t_ads: 44.9, t_des: 42.4, bed_util_ads: 0.492, bed_util_des: 0.492, des_th: 0.4917567483840475,frac_lost: 0.106, li_recovered:  8.492, time: 0.018018923001363873
L: 0.50, u_super: 0.00739, sec: 424.301, prod: 0.164675, t_ads: 26.5, t_des: 26.0, bed_util_ads: 0.489, bed_util_des: 0.488, des_th: 0.48827058203696694,frac_lost: 0.107, li_recovered:  8.638, time: 0.02423830999941856
L: 0.50, u_super: 0.00982, sec: 571.537, prod: 0.222616, t_ads: 19.9, t_des: 18.0, bed_util_ads: 0.500, bed_util_des: 0.499, des_th: 0.49941800771673645,frac_lost: 0.105, li_recovered:  8.444, time: 0.02726936500039301
L: 0.50, u_super: 0.00425, sec: 232.116, prod: 0.095629, t_ads: 45.6, t_des: 40.8, bed_util_ads: 0.499, bed_util_des: 0.499, des_th: 0.4986012678865316,frac_lost: 0.104, li_recovered:  8.262, time: 0.01475048799875367
L: 0.50, u_super: 0.00872, sec: 548.949, prod: 0.180199, t_ads: 22.4, t_des: 25.9, bed_util_ads: 0.469, bed_util_des: 0.468, des_th: 0.4683581031881244,frac_lost: 0.105, li_recovered:  8.709, time: 0.017737242000293918
L: 25.34, u_super: 0.00351 — INFEASIBLE (li_recovered=0.000e+00), time: 0.004057436000948655
L: 0.50, u_super: 0.00848, sec: 486.156, prod: 0.191757, t_ads: 23.1, t_des: 20.9, bed_util_ads: 0.500, bed_util_des: 0.499, des_th: 0.4994179064224615,frac_lost: 0.108, li_recovered:  8.442, time: 0.008580790999985766
L: 0.50, u_super: 0.00369, sec: 200.849, prod: 0.082743, t_ads: 52.7, t_des: 47.1, bed_util_ads: 0.499, bed_util_des: 0.498, des_th: 0.4983046725013523,frac_lost: 0.108, li_recovered:  8.259, time: 0.012217378000059398
L: 0.50, u_super: 0.00804, sec: 495.613, prod: 0.168443, t_ads: 24.4, t_des: 27.3, bed_util_ads: 0.472, bed_util_des: 0.472, des_th: 0.4717146178484139,frac_lost: 0.107, li_recovered:  8.705, time: 0.012373621999358875
L: 53.15, u_super: 0.00176 — INFEASIBLE (li_recovered=0.000e+00), time: 0.001163130998975248
L: 0.50, u_super: 0.00209, sec: 114.291, prod: 0.045586, t_ads: 92.5, t_des: 92.5, bed_util_ads: 0.481, bed_util_des: 0.480, des_th: 0.48045319391210967,frac_lost: 0.107, li_recovered:  8.434, time: 0.01413149400104885
L: 0.50, u_super: 0.00648, sec: 365.994, prod: 0.145019, t_ads: 30.2, t_des: 29.0, bed_util_ads: 0.492, bed_util_des: 0.492, des_th: 0.4917567483840475,frac_lost: 0.108, li_recovered:  8.595, time: 0.014338175000375486
L: 0.50, u_super: 0.00327, sec: 177.337, prod: 0.072875, t_ads: 59.6, t_des: 52.5, bed_util_ads: 0.500, bed_util_des: 0.500, des_th: 0.49999894679319823,frac_lost: 0.108, li_recovered:  8.167, time: 0.013705928999115713
L: 0.50, u_super: 0.00104 — INFEASIBLE (li_recovered=0.000e+00), time: 0.008121879000100307
L: 0.50, u_super: 0.00131, sec: 72.492, prod: 0.027941, t_ads: 144.7, t_des: 121.6, bed_util_ads: 0.497, bed_util_des: 0.497, des_th: 0.4967800873641382,frac_lost: 0.103, li_recovered:  7.442, time: 0.015325272999689332
L: 0.50, u_super: 0.00904, sec: 521.940, prod: 0.204878, t_ads: 21.6, t_des: 19.6, bed_util_ads: 0.500, bed_util_des: 0.500, des_th: 0.49962683573106037,frac_lost: 0.106, li_recovered:  8.452, time: 0.014247140999941621
L: 22.39, u_super: 0.00943 — INFEASIBLE (li_recovered=0.000e+00), time: 0.005884112000785535
L: 5.23, u_super: 0.00548 — INFEASIBLE (li_recovered=0.000e+00), time: 0.00833821999913198
L: 13.49, u_super: 0.00368 — INFEASIBLE (li_recovered=0.000e+00), time: 0.004010132999610505
L: 13.17, u_super: 0.00172 — INFEASIBLE (li_recovered=0.000e+00), time: 0.003693348999149748
L: 0.50, u_super: 0.00061, sec: 144.820, prod: 0.002968, t_ads: 326.7, t_des: 2629.3, bed_util_ads: 0.229, bed_util_des: 0.197, des_th: 0.19670340797705207,frac_lost: 0.105, li_recovered:  8.775, time: 0.05933166000068013
L: 0.50, u_super: 0.00470, sec: 257.511, prod: 0.105740, t_ads: 41.5, t_des: 37.8, bed_util_ads: 0.497, bed_util_des: 0.497, des_th: 0.4966970619982883,frac_lost: 0.106, li_recovered:  8.385, time: 0.013909362998674624
L: 3.76, u_super: 0.00786, sec: 3605.528, prod: 0.165678, t_ads: 179.5, t_des: 152.2, bed_util_ads: 0.492, bed_util_des: 0.492, des_th: 0.4920290121466394,frac_lost: 0.102, li_recovered:  54.954, time: 0.013298189000124694
L: 0.50, u_super: 0.00083, sec: 46.962, prod: 0.017152, t_ads: 224.0, t_des: 189.6, bed_util_ads: 0.489, bed_util_des: 0.488, des_th: 0.48856193450664676,frac_lost: 0.102, li_recovered:  7.094, time: 0.013482366000971524
L: 17.74, u_super: 0.00990 — INFEASIBLE (li_recovered=0.000e+00), time: 0.006065057999876444
L: 0.50, u_super: 0.00986, sec: 574.535, prod: 0.223608, t_ads: 19.8, t_des: 17.8, bed_util_ads: 0.500, bed_util_des: 0.500, des_th: 0.49964663585802127,frac_lost: 0.105, li_recovered:  8.411, time: 0.008956632000263198
L: 0.50, u_super: 0.00752, sec: 430.038, prod: 0.168697, t_ads: 26.0, t_des: 25.0, bed_util_ads: 0.492, bed_util_des: 0.492, des_th: 0.49201584076821636,frac_lost: 0.108, li_recovered:  8.605, time: 0.01190474500072014
L: 0.50, u_super: 0.00087, sec: 268.495, prod: 0.003313, t_ads: 226.9, t_des: 2430.1, bed_util_ads: 0.211, bed_util_des: 0.185, des_th: 0.1851696623157332,frac_lost: 0.104, li_recovered:  8.803, time: 0.05794251699990127
L: 0.50, u_super: 0.00712, sec: 402.027, prod: 0.160837, t_ads: 27.5, t_des: 24.7, bed_util_ads: 0.500, bed_util_des: 0.500, des_th: 0.49956760107433973,frac_lost: 0.108, li_recovered:  8.387, time: 0.012715355000182171
L: 0.50, u_super: 0.00455, sec: 251.067, prod: 0.101615, t_ads: 42.8, t_des: 41.4, bed_util_ads: 0.489, bed_util_des: 0.489, des_th: 0.4891087265698824,frac_lost: 0.105, li_recovered:  8.549, time: 0.014261239000916248
L: 0.50, u_super: 0.00925, sec: 534.838, prod: 0.209620, t_ads: 21.1, t_des: 19.0, bed_util_ads: 0.500, bed_util_des: 0.500, des_th: 0.49958294219617966,frac_lost: 0.105, li_recovered:  8.400, time: 0.009627142000681488
L: 0.50, u_super: 0.00450, sec: 246.664, prod: 0.101258, t_ads: 43.2, t_des: 38.5, bed_util_ads: 0.499, bed_util_des: 0.499, des_th: 0.4993066788732224,frac_lost: 0.105, li_recovered:  8.272, time: 0.01093893399956869
L: 0.50, u_super: 0.00902, sec: 522.175, prod: 0.203731, t_ads: 21.7, t_des: 20.4, bed_util_ads: 0.495, bed_util_des: 0.495, des_th: 0.49525275428550475,frac_lost: 0.106, li_recovered:  8.567, time: 0.012007760999040329
L: 0.50, u_super: 0.00620, sec: 348.513, prod: 0.138843, t_ads: 31.4, t_des: 30.4, bed_util_ads: 0.491, bed_util_des: 0.490, des_th: 0.4902531965499849,frac_lost: 0.105, li_recovered:  8.590, time: 0.010976474000926828
L: 16.98, u_super: 0.00911 — INFEASIBLE (li_recovered=0.000e+00), time: 0.007949933000418241
L: 0.50, u_super: 0.00752, sec: 425.084, prod: 0.170663, t_ads: 25.8, t_des: 23.3, bed_util_ads: 0.499, bed_util_des: 0.499, des_th: 0.4990412109113519,frac_lost: 0.100, li_recovered:  8.382, time: 0.011802479999460047
   822 |    32880 |     40 |  0.0045397385 |             f
L: 0.50, u_super: 0.00767, sec: 436.193, prod: 0.173099, t_ads: 25.3, t_des: 24.2, bed_util_ads: 0.492, bed_util_des: 0.492, des_th: 0.4917573510060482,frac_lost: 0.100, li_recovered:  8.572, time: 0.012240374000612064
L: 0.50, u_super: 0.00259, sec: 139.990, prod: 0.057478, t_ads: 74.6, t_des: 65.4, bed_util_ads: 0.499, bed_util_des: 0.499, des_th: 0.49904661538602413,frac_lost: 0.105, li_recovered:  8.043, time: 0.010855597000045236
L: 0.50, u_super: 0.00084 — INFEASIBLE (li_recovered=0.000e+00), time: 0.004820741000003181
L: 0.50, u_super: 0.00851, sec: 488.155, prod: 0.192563, t_ads: 23.0, t_des: 20.9, bed_util_ads: 0.499, bed_util_des: 0.499, des_th: 0.4986012678865316,frac_lost: 0.107, li_recovered:  8.448, time: 0.01080911700046272
L: 5.62, u_super: 0.00312 — INFEASIBLE (li_recovered=0.000e+00), time: 0.003434873999140109
L: 12.98, u_super: 0.00131 — INFEASIBLE (li_recovered=0.000e+00), time: 0.0015514560000156052
L: 0.50, u_super: 0.00010 — INFEASIBLE (li_recovered=0.000e+00), time: 0.0028253960008441936
L: 0.50, u_super: 0.00752, sec: 425.370, prod: 0.170549, t_ads: 25.8, t_des: 23.9, bed_util_ads: 0.496, bed_util_des: 0.496, des_th: 0.49580164754379946,frac_lost: 0.101, li_recovered:  8.485, time: 0.01203483400058758
L: 0.50, u_super: 0.00959, sec: 557.200, prod: 0.217157, t_ads: 20.4, t_des: 18.3, bed_util_ads: 0.500, bed_util_des: 0.500, des_th: 0.4999742917735241,frac_lost: 0.106, li_recovered:  8.407, time: 0.008180505999916932
L: 0.50, u_super: 0.00555, sec: 306.769, prod: 0.125368, t_ads: 35.0, t_des: 32.1, bed_util_ads: 0.496, bed_util_des: 0.496, des_th: 0.4957564073235928,frac_lost: 0.103, li_recovered:  8.413, time: 0.011007320001226617
L: 0.50, u_super: 0.00856, sec: 498.839, prod: 0.191036, t_ads: 22.9, t_des: 22.4, bed_util_ads: 0.490, bed_util_des: 0.490, des_th: 0.48967699186317587,frac_lost: 0.108, li_recovered:  8.650, time: 0.01080285699936212
L: 0.50, u_super: 0.00260, sec: 142.576, prod: 0.057063, t_ads: 74.1, t_des: 74.7, bed_util_ads: 0.481, bed_util_des: 0.480, des_th: 0.4802350684677903,frac_lost: 0.102, li_recovered:  8.491, time: 0.012808978999601095
L: 0.50, u_super: 0.00634, sec: 357.277, prod: 0.141792, t_ads: 30.7, t_des: 30.0, bed_util_ads: 0.489, bed_util_des: 0.489, des_th: 0.4888971846288345,frac_lost: 0.102, li_recovered:  8.603, time: 0.009787233000679407
L: 0.50, u_super: 0.00890, sec: 512.095, prod: 0.201572, t_ads: 22.0, t_des: 19.9, bed_util_ads: 0.500, bed_util_des: 0.499, des_th: 0.4994264699258915,frac_lost: 0.105, li_recovered:  8.443, time: 0.015095708999069757
L: 0.50, u_super: 0.00406, sec: 221.598, prod: 0.091191, t_ads: 47.9, t_des: 42.7, bed_util_ads: 0.499, bed_util_des: 0.499, des_th: 0.4985877773562085,frac_lost: 0.106, li_recovered:  8.256, time: 0.009384461000081501
L: 0.50, u_super: 0.00800, sec: 456.521, prod: 0.180816, t_ads: 24.5, t_des: 22.2, bed_util_ads: 0.499, bed_util_des: 0.499, des_th: 0.4986012678865316,frac_lost: 0.109, li_recovered:  8.442, time: 0.012046634999933303
L: 0.50, u_super: 0.00620, sec: 348.001, prod: 0.139048, t_ads: 31.3, t_des: 30.4, bed_util_ads: 0.491, bed_util_des: 0.490, des_th: 0.49031333489668283,frac_lost: 0.102, li_recovered:  8.586, time: 0.01242672899934405
L: 0.50, u_super: 0.00506, sec: 278.325, prod: 0.114089, t_ads: 38.3, t_des: 34.3, bed_util_ads: 0.500, bed_util_des: 0.500, des_th: 0.4997582946974724,frac_lost: 0.102, li_recovered:  8.288, time: 0.01278841699968325
L: 0.50, u_super: 0.00338, sec: 182.682, prod: 0.075661, t_ads: 57.1, t_des: 50.8, bed_util_ads: 0.499, bed_util_des: 0.498, des_th: 0.4984528595271455,frac_lost: 0.101, li_recovered:  8.168, time: 0.0115210180010763
L: 0.50, u_super: 0.00017 — INFEASIBLE (li_recovered=0.000e+00), time: 0.003223019999495591
L: 0.50, u_super: 0.00440, sec: 240.726, prod: 0.098894, t_ads: 44.2, t_des: 39.4, bed_util_ads: 0.500, bed_util_des: 0.499, des_th: 0.4993412120991933,frac_lost: 0.105, li_recovered:  8.270, time: 0.010649127998476615
L: 0.50, u_super: 0.00548, sec: 302.620, prod: 0.124025, t_ads: 35.3, t_des: 32.7, bed_util_ads: 0.496, bed_util_des: 0.496, des_th: 0.49555190813623634,frac_lost: 0.100, li_recovered:  8.438, time: 0.011320092000460136
L: 0.50, u_super: 0.00058, sec: 32.804, prod: 0.011847, t_ads: 314.3, t_des: 289.9, bed_util_ads: 0.471, bed_util_des: 0.469, des_th: 0.46932148321819733,frac_lost: 0.100, li_recovered:  7.158, time: 0.014199519000612781
L: 0.50, u_super: 0.00793, sec: 450.924, prod: 0.179859, t_ads: 24.5, t_des: 22.3, bed_util_ads: 0.499, bed_util_des: 0.499, des_th: 0.4986012678865316,frac_lost: 0.103, li_recovered:  8.430, time: 0.012221266999404179
L: 0.50, u_super: 0.00553, sec: 307.416, prod: 0.124433, t_ads: 35.0, t_des: 33.7, bed_util_ads: 0.491, bed_util_des: 0.490, des_th: 0.4902416490718114,frac_lost: 0.101, li_recovered:  8.548, time: 0.013863209998817183
L: 0.50, u_super: 0.00953, sec: 554.250, prod: 0.215597, t_ads: 20.5, t_des: 19.3, bed_util_ads: 0.495, bed_util_des: 0.495, des_th: 0.49526265934128544,frac_lost: 0.104, li_recovered:  8.564, time: 0.010437969000122393
L: 0.50, u_super: 0.00875, sec: 4501.349, prod: 0.022167, t_ads: 22.4, t_des: 373.7, bed_util_ads: 0.188, bed_util_des: 0.185, des_th: 0.1851696623157332,frac_lost: 0.103, li_recovered:  8.779, time: 0.11194071200043254
L: 0.50, u_super: 0.00201, sec: 108.455, prod: 0.044242, t_ads: 95.3, t_des: 83.5, bed_util_ads: 0.496, bed_util_des: 0.496, des_th: 0.49608918486229325,frac_lost: 0.102, li_recovered:  7.914, time: 0.012631936000616406
L: 0.50, u_super: 0.00346, sec: 187.591, prod: 0.077307, t_ads: 55.8, t_des: 49.1, bed_util_ads: 0.500, bed_util_des: 0.499, des_th: 0.49943184215349906,frac_lost: 0.100, li_recovered:  8.106, time: 0.014887678000377491
L: 0.50, u_super: 0.00346, sec: 187.995, prod: 0.077520, t_ads: 56.2, t_des: 50.1, bed_util_ads: 0.499, bed_util_des: 0.498, des_th: 0.4983333028601991,frac_lost: 0.107, li_recovered:  8.234, time: 0.014483684000879293
L: 0.50, u_super: 0.00317, sec: 171.900, prod: 0.070611, t_ads: 61.1, t_des: 53.4, bed_util_ads: 0.500, bed_util_des: 0.500, des_th: 0.4996518515555336,frac_lost: 0.104, li_recovered:  8.086, time: 0.016331517999788048
L: 1.65, u_super: 0.00208 — INFEASIBLE (li_recovered=0.000e+00), time: 0.007949576998726116
L: 0.50, u_super: 0.00118, sec: 64.935, prod: 0.025376, t_ads: 159.8, t_des: 138.5, bed_util_ads: 0.493, bed_util_des: 0.492, des_th: 0.49243583575418276,frac_lost: 0.103, li_recovered:  7.570, time: 0.01765143599914154
L: 0.50, u_super: 0.00803, sec: 457.904, prod: 0.181475, t_ads: 24.4, t_des: 22.2, bed_util_ads: 0.500, bed_util_des: 0.500, des_th: 0.49957185133189314,frac_lost: 0.108, li_recovered:  8.451, time: 0.0190435910008091
L: 0.50, u_super: 0.00978, sec: 569.275, prod: 0.221770, t_ads: 20.0, t_des: 18.1, bed_util_ads: 0.500, bed_util_des: 0.500, des_th: 0.49961736868462053,frac_lost: 0.105, li_recovered:  8.449, time: 0.013777053000012529
L: 35.00, u_super: 0.00752 — INFEASIBLE (li_recovered=0.000e+00), time: 0.003983419999713078
L: 0.50, u_super: 0.00327, sec: 177.026, prod: 0.073004, t_ads: 59.0, t_des: 52.0, bed_util_ads: 0.500, bed_util_des: 0.500, des_th: 0.4997357568707925,frac_lost: 0.101, li_recovered:  8.104, time: 0.011725057000148809
L: 0.50, u_super: 0.00532, sec: 293.091, prod: 0.120227, t_ads: 36.4, t_des: 33.5, bed_util_ads: 0.496, bed_util_des: 0.496, des_th: 0.4957850377718398,frac_lost: 0.101, li_recovered:  8.410, time: 0.014409150999199483
L: 0.50, u_super: 0.00755, sec: 436.654, prod: 0.167607, t_ads: 25.9, t_des: 25.7, bed_util_ads: 0.488, bed_util_des: 0.487, des_th: 0.4872804185568835,frac_lost: 0.107, li_recovered:  8.655, time: 0.016766738999649533
L: 0.50, u_super: 0.00365, sec: 1622.836, prod: 0.009974, t_ads: 53.8, t_des: 826.9, bed_util_ads: 0.192, bed_util_des: 0.185, des_th: 0.1851696623157332,frac_lost: 0.103, li_recovered:  8.785, time: 0.1032347190011933
   823 |    32920 |     40 |  0.0032077736 |             f
L: 20.76, u_super: 0.00307 — INFEASIBLE (li_recovered=0.000e+00), time: 0.0036205169999448117
L: 0.50, u_super: 0.00483, sec: 264.919, prod: 0.108812, t_ads: 40.3, t_des: 36.3, bed_util_ads: 0.499, bed_util_des: 0.499, des_th: 0.49860836906591366,frac_lost: 0.104, li_recovered:  8.334, time: 0.013832463999278843
L: 0.50, u_super: 0.00727, sec: 411.298, prod: 0.164314, t_ads: 26.9, t_des: 24.1, bed_util_ads: 0.500, bed_util_des: 0.500, des_th: 0.49980053650184253,frac_lost: 0.107, li_recovered:  8.386, time: 0.01570584899855021
L: 0.50, u_super: 0.00498, sec: 273.839, prod: 0.112177, t_ads: 39.0, t_des: 34.9, bed_util_ads: 0.500, bed_util_des: 0.500, des_th: 0.49982730232777833,frac_lost: 0.104, li_recovered:  8.290, time: 0.01596507900103461
L: 0.50, u_super: 0.00010, sec: 10.503, prod: 0.001150, t_ads: 1877.7, t_des: 5071.3, bed_util_ads: 0.259, bed_util_des: 0.185, des_th: 0.1851696623157332,frac_lost: 0.101, li_recovered:  7.991, time: 0.02202363600008539
L: 10.84, u_super: 0.00927 — INFEASIBLE (li_recovered=0.000e+00), time: 0.006790872999772546
L: 0.50, u_super: 0.00770, sec: 435.962, prod: 0.174757, t_ads: 25.2, t_des: 23.0, bed_util_ads: 0.497, bed_util_des: 0.497, des_th: 0.4973671847250622,frac_lost: 0.100, li_recovered:  8.422, time: 0.017699755999274203
L: 0.50, u_super: 0.00670, sec: 375.253, prod: 0.151902, t_ads: 28.9, t_des: 26.2, bed_util_ads: 0.499, bed_util_des: 0.499, des_th: 0.4993066788732224,frac_lost: 0.101, li_recovered:  8.372, time: 0.014825767999354866
L: 0.50, u_super: 0.00015, sec: 18.315, prod: 0.001509, t_ads: 1258.3, t_des: 4239.2, bed_util_ads: 0.262, bed_util_des: 0.197, des_th: 0.19750102046116833,frac_lost: 0.102, li_recovered:  8.298, time: 0.03305346299930534
L: 0.50, u_super: 0.00815, sec: 471.802, prod: 0.181798, t_ads: 24.0, t_des: 23.5, bed_util_ads: 0.489, bed_util_des: 0.489, des_th: 0.48866143186974276,frac_lost: 0.106, li_recovered:  8.644, time: 0.013493198999640299
L: 0.50, u_super: 0.00439, sec: 240.332, prod: 0.098417, t_ads: 44.4, t_des: 39.1, bed_util_ads: 0.500, bed_util_des: 0.500, des_th: 0.4997582946974724,frac_lost: 0.106, li_recovered:  8.216, time: 0.012832602998969378
L: 0.50, u_super: 0.00692, sec: 389.936, prod: 0.156306, t_ads: 28.3, t_des: 25.4, bed_util_ads: 0.500, bed_util_des: 0.500, des_th: 0.49996001028738846,frac_lost: 0.108, li_recovered:  8.384, time: 0.017719491999741876
L: 0.50, u_super: 0.00008 — INFEASIBLE (li_recovered=0.000e+00), time: 0.004004716000054032
L: 0.50, u_super: 0.00767, sec: 435.760, prod: 0.173271, t_ads: 25.5, t_des: 22.9, bed_util_ads: 0.500, bed_util_des: 0.500, des_th: 0.4998170128103448,frac_lost: 0.108, li_recovered:  8.390, time: 0.01392384700011462
L: 9.04, u_super: 0.00673 — INFEASIBLE (li_recovered=0.000e+00), time: 0.005704981000235421
L: 0.50, u_super: 0.00005, sec: 5.340, prod: 0.000542, t_ads: 4078.8, t_des: 11845.1, bed_util_ads: 0.222, bed_util_des: 0.112, des_th: 0.11258003428552271,frac_lost: 0.102, li_recovered:  8.633, time: 0.021080939999592374
L: 0.50, u_super: 0.00470, sec: 257.791, prod: 0.105626, t_ads: 41.5, t_des: 37.0, bed_util_ads: 0.499, bed_util_des: 0.499, des_th: 0.4987297769669766,frac_lost: 0.106, li_recovered:  8.294, time: 0.011222650999116013
L: 0.50, u_super: 0.00691, sec: 387.942, prod: 0.156755, t_ads: 28.0, t_des: 25.4, bed_util_ads: 0.499, bed_util_des: 0.499, des_th: 0.4988880797111694,frac_lost: 0.100, li_recovered:  8.373, time: 0.011134773001685971
L: 0.50, u_super: 0.00050, sec: 75.277, prod: 0.003902, t_ads: 389.0, t_des: 1809.5, bed_util_ads: 0.276, bed_util_des: 0.245, des_th: 0.2447940922778532,frac_lost: 0.103, li_recovered:  8.580, time: 0.03025898700070684
L: 0.50, u_super: 0.00582, sec: 322.717, prod: 0.131569, t_ads: 33.4, t_des: 30.2, bed_util_ads: 0.498, bed_util_des: 0.498, des_th: 0.49825576859173876,frac_lost: 0.103, li_recovered:  8.367, time: 0.009139526999206282
L: 0.50, u_super: 0.00613, sec: 341.001, prod: 0.138718, t_ads: 31.7, t_des: 29.0, bed_util_ads: 0.497, bed_util_des: 0.497, des_th: 0.49689088103787166,frac_lost: 0.102, li_recovered:  8.422, time: 0.012835145000281045
L: 0.50, u_super: 0.00990, sec: 577.005, prod: 0.224424, t_ads: 19.8, t_des: 17.9, bed_util_ads: 0.500, bed_util_des: 0.499, des_th: 0.4993974159969909,frac_lost: 0.106, li_recovered:  8.457, time: 0.014468979001321713
L: 0.50, u_super: 0.00058, sec: 32.655, prod: 0.011901, t_ads: 315.1, t_des: 297.2, bed_util_ads: 0.467, bed_util_des: 0.465, des_th: 0.4649129131802043,frac_lost: 0.101, li_recovered:  7.287, time: 0.011488580999866826
L: 0.50, u_super: 0.00905, sec: 522.739, prod: 0.204848, t_ads: 21.7, t_des: 19.6, bed_util_ads: 0.500, bed_util_des: 0.500, des_th: 0.4999437240236615,frac_lost: 0.108, li_recovered:  8.449, time: 0.01160958299988124
L: 0.50, u_super: 0.00259, sec: 139.891, prod: 0.057603, t_ads: 74.3, t_des: 65.5, bed_util_ads: 0.497, bed_util_des: 0.497, des_th: 0.4971508176409815,frac_lost: 0.102, li_recovered:  8.050, time: 0.0148581909998029
L: 0.50, u_super: 0.00826, sec: 472.462, prod: 0.186772, t_ads: 23.7, t_des: 21.2, bed_util_ads: 0.500, bed_util_des: 0.500, des_th: 0.49991295473813196,frac_lost: 0.107, li_recovered:  8.395, time: 0.019839873000819352
L: 0.50, u_super: 0.00067, sec: 37.194, prod: 0.013925, t_ads: 275.8, t_des: 257.9, bed_util_ads: 0.473, bed_util_des: 0.471, des_th: 0.47143028277498367,frac_lost: 0.101, li_recovered:  7.433, time: 0.02050910300022224
L: 0.50, u_super: 0.00440, sec: 240.726, prod: 0.098894, t_ads: 44.2, t_des: 39.4, bed_util_ads: 0.500, bed_util_des: 0.499, des_th: 0.4993412120991933,frac_lost: 0.105, li_recovered:  8.270, time: 0.011477758000182803
L: 0.50, u_super: 0.00253, sec: 136.177, prod: 0.056327, t_ads: 76.4, t_des: 68.6, bed_util_ads: 0.496, bed_util_des: 0.495, des_th: 0.49525275428550475,frac_lost: 0.105, li_recovered:  8.168, time: 0.016107198000099743
L: 0.50, u_super: 0.00190, sec: 103.676, prod: 0.041547, t_ads: 100.3, t_des: 85.7, bed_util_ads: 0.500, bed_util_des: 0.500, des_th: 0.4997028706405344,frac_lost: 0.101, li_recovered:  7.731, time: 0.01246287200046936
L: 0.50, u_super: 0.00901, sec: 519.782, prod: 0.204226, t_ads: 21.7, t_des: 19.7, bed_util_ads: 0.500, bed_util_des: 0.500, des_th: 0.49962683573106037,frac_lost: 0.106, li_recovered:  8.448, time: 0.012173171000540606
L: 0.50, u_super: 0.00619, sec: 347.238, prod: 0.138831, t_ads: 31.4, t_des: 30.4, bed_util_ads: 0.491, bed_util_des: 0.490, des_th: 0.49034247645779044,frac_lost: 0.102, li_recovered:  8.583, time: 0.012222022000059951
L: 0.50, u_super: 0.00847, sec: 496.089, prod: 0.187592, t_ads: 23.1, t_des: 23.1, bed_util_ads: 0.487, bed_util_des: 0.487, des_th: 0.48654571755894943,frac_lost: 0.106, li_recovered:  8.671, time: 0.01270731499971589
L: 0.50, u_super: 0.00928, sec: 713.243, prod: 0.158161, t_ads: 21.1, t_des: 34.1, bed_util_ads: 0.427, bed_util_des: 0.426, des_th: 0.4257861822658807,frac_lost: 0.104, li_recovered:  8.726, time: 0.017517068001325242
L: 0.50, u_super: 0.00299, sec: 161.545, prod: 0.066887, t_ads: 64.7, t_des: 60.7, bed_util_ads: 0.491, bed_util_des: 0.491, des_th: 0.4907902841931366,frac_lost: 0.104, li_recovered:  8.386, time: 0.013349728000321193
L: 0.50, u_super: 0.00369, sec: 201.066, prod: 0.082654, t_ads: 52.6, t_des: 46.4, bed_util_ads: 0.500, bed_util_des: 0.500, des_th: 0.4996228917587843,frac_lost: 0.106, li_recovered:  8.189, time: 0.010658533001333126
L: 0.50, u_super: 0.00990, sec: 576.532, prod: 0.224608, t_ads: 19.7, t_des: 17.9, bed_util_ads: 0.499, bed_util_des: 0.499, des_th: 0.4992929942607625,frac_lost: 0.104, li_recovered:  8.454, time: 0.01117603900092945
L: 0.50, u_super: 0.00279, sec: 150.159, prod: 0.062352, t_ads: 69.2, t_des: 62.8, bed_util_ads: 0.496, bed_util_des: 0.495, des_th: 0.49525275428550475,frac_lost: 0.104, li_recovered:  8.233, time: 0.012605186999280704
L: 0.50, u_super: 0.00804, sec: 459.054, prod: 0.181732, t_ads: 24.4, t_des: 22.3, bed_util_ads: 0.499, bed_util_des: 0.499, des_th: 0.4986012678865316,frac_lost: 0.108, li_recovered:  8.482, time: 0.009978449999834993
L: 0.50, u_super: 0.00440, sec: 240.726, prod: 0.098894, t_ads: 44.2, t_des: 39.4, bed_util_ads: 0.500, bed_util_des: 0.499, des_th: 0.4993412120991933,frac_lost: 0.105, li_recovered:  8.270, time: 0.009582114998920588
   824 |    32960 |     40 |  0.0021929771 |             f
L: 25.41, u_super: 0.00369 — INFEASIBLE (li_recovered=0.000e+00), time: 0.0031719400012661936
L: 0.50, u_super: 0.00950, sec: 551.422, prod: 0.215354, t_ads: 20.6, t_des: 18.6, bed_util_ads: 0.500, bed_util_des: 0.500, des_th: 0.4999414955971808,frac_lost: 0.106, li_recovered:  8.442, time: 0.012169216999609489
L: 11.36, u_super: 0.00209 — INFEASIBLE (li_recovered=0.000e+00), time: 0.0029689260009035934
L: 0.50, u_super: 0.00307, sec: 166.444, prod: 0.068487, t_ads: 62.9, t_des: 55.2, bed_util_ads: 0.500, bed_util_des: 0.500, des_th: 0.49956645020208423,frac_lost: 0.103, li_recovered:  8.084, time: 0.014110747000813717
L: 0.50, u_super: 0.00727, sec: 410.283, prod: 0.164721, t_ads: 26.7, t_des: 23.9, bed_util_ads: 0.500, bed_util_des: 0.500, des_th: 0.4996974419926321,frac_lost: 0.101, li_recovered:  8.324, time: 0.010989959999278653
L: 0.50, u_super: 0.00440, sec: 263.266, prod: 0.090427, t_ads: 44.1, t_des: 51.4, bed_util_ads: 0.466, bed_util_des: 0.465, des_th: 0.4650811019460935,frac_lost: 0.102, li_recovered:  8.641, time: 0.01288226900032896
L: 0.50, u_super: 0.00243, sec: 130.750, prod: 0.054145, t_ads: 79.2, t_des: 71.4, bed_util_ads: 0.496, bed_util_des: 0.495, des_th: 0.49525275428550475,frac_lost: 0.104, li_recovered:  8.156, time: 0.014416911999433069
L: 0.50, u_super: 0.00775, sec: 439.461, prod: 0.175535, t_ads: 25.1, t_des: 22.7, bed_util_ads: 0.500, bed_util_des: 0.500, des_th: 0.4998151496542467,frac_lost: 0.103, li_recovered:  8.391, time: 0.01250505500138388
L: 0.50, u_super: 0.00131, sec: 73.035, prod: 0.027733, t_ads: 144.9, t_des: 119.8, bed_util_ads: 0.499, bed_util_des: 0.499, des_th: 0.49862207375359613,frac_lost: 0.105, li_recovered:  7.341, time: 0.01163536199965165
L: 0.50, u_super: 0.00613, sec: 341.181, prod: 0.138645, t_ads: 31.7, t_des: 29.3, bed_util_ads: 0.495, bed_util_des: 0.495, des_th: 0.4952773671197432,frac_lost: 0.102, li_recovered:  8.460, time: 0.01277577300061239
L: 0.50, u_super: 0.00455, sec: 250.091, prod: 0.101913, t_ads: 42.8, t_des: 40.8, bed_util_ads: 0.490, bed_util_des: 0.490, des_th: 0.49006151783339535,frac_lost: 0.105, li_recovered:  8.519, time: 0.00969752399942081
L: 0.50, u_super: 0.00889, sec: 514.858, prod: 0.200051, t_ads: 22.0, t_des: 21.0, bed_util_ads: 0.493, bed_util_des: 0.493, des_th: 0.4930681796099513,frac_lost: 0.107, li_recovered:  8.598, time: 0.011705980999977328
L: 0.50, u_super: 0.00582, sec: 322.563, prod: 0.131632, t_ads: 33.3, t_des: 30.2, bed_util_ads: 0.499, bed_util_des: 0.499, des_th: 0.4985312295852542,frac_lost: 0.102, li_recovered:  8.359, time: 0.009518315999230254
L: 56.94, u_super: 0.00847 — INFEASIBLE (li_recovered=0.000e+00), time: 0.0027358049992471933
L: 0.50, u_super: 0.00132, sec: 73.919, prod: 0.027814, t_ads: 144.0, t_des: 117.7, bed_util_ads: 0.500, bed_util_des: 0.500, des_th: 0.4997582946974724,frac_lost: 0.105, li_recovered:  7.280, time: 0.009232467000401812
L: 0.50, u_super: 0.00589, sec: 326.984, prod: 0.133187, t_ads: 32.9, t_des: 29.5, bed_util_ads: 0.500, bed_util_des: 0.500, des_th: 0.499922389326067,frac_lost: 0.101, li_recovered:  8.310, time: 0.016167527001016424
L: 0.50, u_super: 0.00971, sec: 564.845, prod: 0.220027, t_ads: 20.1, t_des: 18.1, bed_util_ads: 0.500, bed_util_des: 0.500, des_th: 0.49992830618183914,frac_lost: 0.105, li_recovered:  8.402, time: 0.015527130000918987
L: 0.50, u_super: 0.00020, sec: 23.245, prod: 0.001921, t_ads: 983.8, t_des: 3323.2, bed_util_ads: 0.273, bed_util_des: 0.218, des_th: 0.2181019917731645,frac_lost: 0.101, li_recovered:  8.272, time: 0.030355593000422232
L: 0.50, u_super: 0.00362, sec: 196.738, prod: 0.080878, t_ads: 53.8, t_des: 47.5, bed_util_ads: 0.500, bed_util_des: 0.499, des_th: 0.49941800771673645,frac_lost: 0.107, li_recovered:  8.193, time: 0.012699573999270797
L: 0.50, u_super: 0.00946, sec: 571.654, prod: 0.205760, t_ads: 20.7, t_des: 21.6, bed_util_ads: 0.481, bed_util_des: 0.481, des_th: 0.480612052932514,frac_lost: 0.105, li_recovered:  8.703, time: 0.01350732699938817
L: 0.50, u_super: 0.00689, sec: 387.063, prod: 0.156030, t_ads: 28.1, t_des: 25.2, bed_util_ads: 0.500, bed_util_des: 0.500, des_th: 0.49956760107433973,frac_lost: 0.101, li_recovered:  8.317, time: 0.013802777999444515
L: 0.50, u_super: 0.00953, sec: 558.883, prod: 0.213810, t_ads: 20.5, t_des: 19.9, bed_util_ads: 0.490, bed_util_des: 0.490, des_th: 0.4900645002947006,frac_lost: 0.105, li_recovered:  8.637, time: 0.011087539000072866
L: 0.50, u_super: 0.00104, sec: 56.815, prod: 0.022335, t_ads: 182.5, t_des: 178.1, bed_util_ads: 0.476, bed_util_des: 0.474, des_th: 0.4744845685666801,frac_lost: 0.107, li_recovered:  8.054, time: 0.014374588999999105
L: 0.50, u_super: 0.00058 — INFEASIBLE (li_recovered=0.000e+00), time: 0.00696216000142158
L: 0.50, u_super: 0.00691, sec: 387.942, prod: 0.156755, t_ads: 28.0, t_des: 25.4, bed_util_ads: 0.499, bed_util_des: 0.499, des_th: 0.4988880797111694,frac_lost: 0.100, li_recovered:  8.373, time: 0.015497606000280939
L: 0.50, u_super: 0.00071, sec: 170.830, prod: 0.003482, t_ads: 277.4, t_des: 2240.1, bed_util_ads: 0.232, bed_util_des: 0.203, des_th: 0.20340664870613895,frac_lost: 0.105, li_recovered:  8.765, time: 0.06972880799912673
L: 2.17, u_super: 0.00584, sec: 1478.960, prod: 0.125281, t_ads: 140.9, t_des: 120.0, bed_util_ads: 0.496, bed_util_des: 0.496, des_th: 0.49592550513034983,frac_lost: 0.102, li_recovered:  32.680, time: 0.011043616999813821
L: 0.50, u_super: 0.00279, sec: 150.154, prod: 0.062354, t_ads: 69.3, t_des: 63.7, bed_util_ads: 0.494, bed_util_des: 0.493, des_th: 0.4932815094091989,frac_lost: 0.104, li_recovered:  8.291, time: 0.015132599999560625
L: 19.99, u_super: 0.00302 — INFEASIBLE (li_recovered=0.000e+00), time: 0.0043002080001315335
L: 0.50, u_super: 0.00209, sec: 114.291, prod: 0.045586, t_ads: 92.5, t_des: 92.5, bed_util_ads: 0.481, bed_util_des: 0.480, des_th: 0.48045319391210967,frac_lost: 0.107, li_recovered:  8.434, time: 0.018979359998411383
L: 15.82, u_super: 0.00727 — INFEASIBLE (li_recovered=0.000e+00), time: 0.005831947999467957
L: 0.50, u_super: 0.00613, sec: 341.500, prod: 0.138516, t_ads: 31.7, t_des: 28.3, bed_util_ads: 0.500, bed_util_des: 0.499, des_th: 0.4993843094350751,frac_lost: 0.102, li_recovered:  8.309, time: 0.0168246180001006
L: 0.50, u_super: 0.00497, sec: 273.208, prod: 0.111903, t_ads: 39.1, t_des: 36.6, bed_util_ads: 0.494, bed_util_des: 0.494, des_th: 0.4938311830015419,frac_lost: 0.103, li_recovered:  8.475, time: 0.01578575900020951
L: 0.50, u_super: 0.00243, sec: 130.750, prod: 0.054145, t_ads: 79.2, t_des: 71.4, bed_util_ads: 0.496, bed_util_des: 0.495, des_th: 0.49525275428550475,frac_lost: 0.104, li_recovered:  8.156, time: 0.013766553000095882
L: 0.50, u_super: 0.00072 — INFEASIBLE (li_recovered=0.000e+00), time: 0.010178417000133777
L: 0.50, u_super: 0.00545, sec: 339.015, prod: 0.109294, t_ads: 35.6, t_des: 43.7, bed_util_ads: 0.461, bed_util_des: 0.460, des_th: 0.4598569617094239,frac_lost: 0.102, li_recovered:  8.670, time: 0.01656338100110588
L: 0.50, u_super: 0.00982, sec: 571.402, prod: 0.222822, t_ads: 19.9, t_des: 18.1, bed_util_ads: 0.498, bed_util_des: 0.498, des_th: 0.4983046725013523,frac_lost: 0.104, li_recovered:  8.460, time: 0.01443287300025986
L: 0.50, u_super: 0.00759, sec: 430.874, prod: 0.171698, t_ads: 25.8, t_des: 23.4, bed_util_ads: 0.499, bed_util_des: 0.499, des_th: 0.4990412109113519,frac_lost: 0.107, li_recovered:  8.436, time: 0.01212891000068339
L: 0.50, u_super: 0.00879, sec: 505.683, prod: 0.199210, t_ads: 22.2, t_des: 20.2, bed_util_ads: 0.499, bed_util_des: 0.499, des_th: 0.4992067398888193,frac_lost: 0.105, li_recovered:  8.444, time: 0.01215860599950247
L: 17.26, u_super: 0.00712 — INFEASIBLE (li_recovered=0.000e+00), time: 0.0054766089997428935
   825 |    33000 |     40 |  0.0039778260 |             f
L: 0.50, u_super: 0.00592, sec: 329.001, prod: 0.133806, t_ads: 32.8, t_des: 29.3, bed_util_ads: 0.499, bed_util_des: 0.499, des_th: 0.4993066788732224,frac_lost: 0.102, li_recovered:  8.307, time: 0.01182360399980098
L: 0.50, u_super: 0.00058, sec: 165.814, prod: 0.002344, t_ads: 343.0, t_des: 3418.7, bed_util_ads: 0.211, bed_util_des: 0.175, des_th: 0.17471522864325437,frac_lost: 0.101, li_recovered:  8.817, time: 0.07695833899924764
L: 0.50, u_super: 0.00734, sec: 415.445, prod: 0.165999, t_ads: 26.6, t_des: 24.2, bed_util_ads: 0.499, bed_util_des: 0.498, des_th: 0.49840636091197604,frac_lost: 0.107, li_recovered:  8.434, time: 0.017743922000590828
L: 0.50, u_super: 0.00990, sec: 576.704, prod: 0.224543, t_ads: 19.7, t_des: 17.9, bed_util_ads: 0.500, bed_util_des: 0.499, des_th: 0.49941800771673645,frac_lost: 0.105, li_recovered:  8.453, time: 0.015318720001232577
L: 0.50, u_super: 0.00727, sec: 413.226, prod: 0.163548, t_ads: 26.9, t_des: 25.6, bed_util_ads: 0.492, bed_util_des: 0.492, des_th: 0.49189531261895475,frac_lost: 0.106, li_recovered:  8.580, time: 0.016063196999311913
L: 0.50, u_super: 0.00805, sec: 459.381, prod: 0.182165, t_ads: 24.3, t_des: 21.8, bed_util_ads: 0.500, bed_util_des: 0.500, des_th: 0.49962683573106037,frac_lost: 0.106, li_recovered:  8.390, time: 0.013086204000501311
L: 0.50, u_super: 0.00634, sec: 384.260, prod: 0.131835, t_ads: 30.9, t_des: 35.0, bed_util_ads: 0.470, bed_util_des: 0.470, des_th: 0.4697167957440888,frac_lost: 0.107, li_recovered:  8.686, time: 0.018245613000544836
L: 0.50, u_super: 0.00291, sec: 157.646, prod: 0.064828, t_ads: 66.4, t_des: 58.2, bed_util_ads: 0.500, bed_util_des: 0.500, des_th: 0.49956645020208423,frac_lost: 0.104, li_recovered:  8.076, time: 0.007510790999731398
L: 34.05, u_super: 0.00131 — INFEASIBLE (li_recovered=0.000e+00), time: 0.0013952170011179987
L: 0.50, u_super: 0.00439, sec: 240.332, prod: 0.098417, t_ads: 44.4, t_des: 39.1, bed_util_ads: 0.500, bed_util_des: 0.500, des_th: 0.4997582946974724,frac_lost: 0.106, li_recovered:  8.216, time: 0.014598898000258487
L: 0.50, u_super: 0.00176, sec: 96.603, prod: 0.038020, t_ads: 108.7, t_des: 112.0, bed_util_ads: 0.476, bed_util_des: 0.474, des_th: 0.4744845685666801,frac_lost: 0.101, li_recovered:  8.388, time: 0.013418657999864081
L: 0.50, u_super: 0.00634, sec: 353.539, prod: 0.143291, t_ads: 30.7, t_des: 27.7, bed_util_ads: 0.500, bed_util_des: 0.499, des_th: 0.49942907224208016,frac_lost: 0.103, li_recovered:  8.366, time: 0.009756949000802706
L: 0.50, u_super: 0.00521, sec: 287.032, prod: 0.117456, t_ads: 37.3, t_des: 33.3, bed_util_ads: 0.499, bed_util_des: 0.499, des_th: 0.49881304189654135,frac_lost: 0.103, li_recovered:  8.295, time: 0.01423719699960202
L: 0.50, u_super: 0.00847, sec: 485.850, prod: 0.191545, t_ads: 23.1, t_des: 20.9, bed_util_ads: 0.500, bed_util_des: 0.499, des_th: 0.49941875395923774,frac_lost: 0.108, li_recovered:  8.443, time: 0.009467683999901055
L: 0.50, u_super: 0.00555, sec: 306.569, prod: 0.125449, t_ads: 35.0, t_des: 32.1, bed_util_ads: 0.496, bed_util_des: 0.496, des_th: 0.4957652906051321,frac_lost: 0.102, li_recovered:  8.409, time: 0.009563210000123945
L: 0.50, u_super: 0.00361, sec: 195.979, prod: 0.080703, t_ads: 53.9, t_des: 47.7, bed_util_ads: 0.500, bed_util_des: 0.499, des_th: 0.4994547722429645,frac_lost: 0.106, li_recovered:  8.192, time: 0.01036042000123416
L: 0.50, u_super: 0.00018 — INFEASIBLE (li_recovered=0.000e+00), time: 0.0036617420009861235
L: 23.07, u_super: 0.00867 — INFEASIBLE (li_recovered=0.000e+00), time: 0.00394847600000503
L: 0.50, u_super: 0.00699, sec: 392.717, prod: 0.158370, t_ads: 27.8, t_des: 25.2, bed_util_ads: 0.499, bed_util_des: 0.499, des_th: 0.4986012678865316,frac_lost: 0.102, li_recovered:  8.391, time: 0.010721407999881194
L: 0.50, u_super: 0.00209, sec: 117.122, prod: 0.044484, t_ads: 92.3, t_des: 98.3, bed_util_ads: 0.473, bed_util_des: 0.472, des_th: 0.47177457825188057,frac_lost: 0.105, li_recovered:  8.478, time: 0.013537593000364723
L: 0.50, u_super: 0.00847, sec: 485.820, prod: 0.191557, t_ads: 23.1, t_des: 21.0, bed_util_ads: 0.500, bed_util_des: 0.500, des_th: 0.4995424541357414,frac_lost: 0.108, li_recovered:  8.448, time: 0.012491614999817102
L: 0.50, u_super: 0.00005 — INFEASIBLE (li_recovered=0.000e+00), time: 0.0026974949996656505
L: 0.50, u_super: 0.00960, sec: 557.014, prod: 0.217573, t_ads: 20.4, t_des: 18.5, bed_util_ads: 0.500, bed_util_des: 0.500, des_th: 0.49960951797171044,frac_lost: 0.105, li_recovered:  8.447, time: 0.019393660999412532
L: 0.50, u_super: 0.00501, sec: 275.831, prod: 0.113000, t_ads: 38.8, t_des: 35.8, bed_util_ads: 0.496, bed_util_des: 0.496, des_th: 0.4957564073235928,frac_lost: 0.105, li_recovered:  8.433, time: 0.012571385999763152
L: 0.50, u_super: 0.00172, sec: 93.659, prod: 0.037421, t_ads: 111.1, t_des: 95.2, bed_util_ads: 0.498, bed_util_des: 0.498, des_th: 0.498171074813935,frac_lost: 0.103, li_recovered:  7.720, time: 0.008085113999186433
L: 0.50, u_super: 0.00826, sec: 472.462, prod: 0.186772, t_ads: 23.7, t_des: 21.2, bed_util_ads: 0.500, bed_util_des: 0.500, des_th: 0.49991295473813196,frac_lost: 0.107, li_recovered:  8.395, time: 0.01393402899884677
L: 0.50, u_super: 0.00330, sec: 179.294, prod: 0.073657, t_ads: 59.0, t_des: 52.0, bed_util_ads: 0.500, bed_util_des: 0.500, des_th: 0.49968474892849796,frac_lost: 0.109, li_recovered:  8.181, time: 0.009714828998767189
L: 0.50, u_super: 0.00243, sec: 130.750, prod: 0.054145, t_ads: 79.2, t_des: 71.4, bed_util_ads: 0.496, bed_util_des: 0.495, des_th: 0.49525275428550475,frac_lost: 0.104, li_recovered:  8.156, time: 0.009513556000456447
L: 0.50, u_super: 0.00279, sec: 150.034, prod: 0.062404, t_ads: 69.1, t_des: 62.9, bed_util_ads: 0.494, bed_util_des: 0.494, des_th: 0.4939269165928883,frac_lost: 0.102, li_recovered:  8.236, time: 0.008339353000337724
L: 0.50, u_super: 0.00727, sec: 411.311, prod: 0.164309, t_ads: 26.9, t_des: 24.5, bed_util_ads: 0.499, bed_util_des: 0.499, des_th: 0.49904578454654147,frac_lost: 0.108, li_recovered:  8.446, time: 0.00970766799946432
L: 0.50, u_super: 0.00764, sec: 554.687, prod: 0.135233, t_ads: 25.6, t_des: 38.8, bed_util_ads: 0.435, bed_util_des: 0.434, des_th: 0.43414182835195264,frac_lost: 0.107, li_recovered:  8.716, time: 0.016040263000832056
L: 0.50, u_super: 0.00613, sec: 341.153, prod: 0.138657, t_ads: 31.7, t_des: 29.0, bed_util_ads: 0.497, bed_util_des: 0.497, des_th: 0.4970069957617834,frac_lost: 0.103, li_recovered:  8.412, time: 0.018101744999512448
L: 0.50, u_super: 0.00307, sec: 166.570, prod: 0.068436, t_ads: 63.0, t_des: 55.2, bed_util_ads: 0.500, bed_util_des: 0.500, des_th: 0.49956307530445143,frac_lost: 0.104, li_recovered:  8.085, time: 0.015983307999704266
L: 0.50, u_super: 0.00243, sec: 130.808, prod: 0.054121, t_ads: 79.4, t_des: 71.5, bed_util_ads: 0.496, bed_util_des: 0.495, des_th: 0.4952438710039654,frac_lost: 0.105, li_recovered:  8.166, time: 0.014522645999022643
L: 0.50, u_super: 0.00120, sec: 66.202, prod: 0.025590, t_ads: 158.2, t_des: 134.7, bed_util_ads: 0.495, bed_util_des: 0.495, des_th: 0.4951333230473792,frac_lost: 0.106, li_recovered:  7.496, time: 0.01311751300090691
L: 0.50, u_super: 0.00209, sec: 114.291, prod: 0.045586, t_ads: 92.5, t_des: 92.5, bed_util_ads: 0.481, bed_util_des: 0.480, des_th: 0.48045319391210967,frac_lost: 0.107, li_recovered:  8.434, time: 0.016280424999422394
L: 0.50, u_super: 0.00005, sec: 4.329, prod: 0.000669, t_ads: 3431.4, t_des: 5826.6, bed_util_ads: 0.252, bed_util_des: 0.185, des_th: 0.1851696623157332,frac_lost: 0.102, li_recovered:  6.192, time: 0.013620658000945696
L: 0.50, u_super: 0.00131, sec: 72.175, prod: 0.028063, t_ads: 145.7, t_des: 149.0, bed_util_ads: 0.473, bed_util_des: 0.472, des_th: 0.4717747802653342,frac_lost: 0.105, li_recovered:  8.269, time: 0.01366458399934345
L: 1.90, u_super: 0.00555, sec: 1220.423, prod: 0.119857, t_ads: 130.9, t_des: 112.2, bed_util_ads: 0.497, bed_util_des: 0.497, des_th: 0.4966795803059874,frac_lost: 0.106, li_recovered:  29.137, time: 0.01392626600136282
L: 0.50, u_super: 0.00023, sec: 37.542, prod: 0.001671, t_ads: 856.8, t_des: 4337.4, bed_util_ads: 0.245, bed_util_des: 0.185, des_th: 0.1851696623157332,frac_lost: 0.104, li_recovered:  8.681, time: 0.03683362399897305
   826 |    33040 |     40 |  0.0028238787 |             f
L: 0.50, u_super: 0.00362, sec: 197.032, prod: 0.081086, t_ads: 53.7, t_des: 47.5, bed_util_ads: 0.500, bed_util_des: 0.500, des_th: 0.4998690001852185,frac_lost: 0.106, li_recovered:  8.200, time: 0.010719097999754013
L: 34.26, u_super: 0.00847 — INFEASIBLE (li_recovered=0.000e+00), time: 0.002890540999942459
L: 29.58, u_super: 0.00083 — INFEASIBLE (li_recovered=0.000e+00), time: 0.001466699999582488
L: 0.50, u_super: 0.00426, sec: 253.503, prod: 0.087946, t_ads: 45.6, t_des: 52.6, bed_util_ads: 0.466, bed_util_des: 0.466, des_th: 0.46565499817969613,frac_lost: 0.103, li_recovered:  8.637, time: 0.011097634000179823
L: 30.49, u_super: 0.00803 — INFEASIBLE (li_recovered=0.000e+00), time: 0.009453884000322432
L: 0.50, u_super: 0.00582, sec: 418.780, prod: 0.101389, t_ads: 33.7, t_des: 52.1, bed_util_ads: 0.431, bed_util_des: 0.430, des_th: 0.429903092492412,frac_lost: 0.107, li_recovered:  8.698, time: 0.01551513200138288
L: 0.50, u_super: 0.00936, sec: 541.550, prod: 0.212335, t_ads: 20.8, t_des: 19.0, bed_util_ads: 0.499, bed_util_des: 0.499, des_th: 0.499086816421434,frac_lost: 0.104, li_recovered:  8.448, time: 0.011082854000051157
L: 0.50, u_super: 0.00005, sec: 4.324, prod: 0.000669, t_ads: 3431.3, t_des: 5857.7, bed_util_ads: 0.252, bed_util_des: 0.185, des_th: 0.1851696623157332,frac_lost: 0.102, li_recovered:  6.219, time: 0.012032898999677855
L: 0.50, u_super: 0.00842, sec: 528.675, prod: 0.173822, t_ads: 23.2, t_des: 26.9, bed_util_ads: 0.468, bed_util_des: 0.468, des_th: 0.468042874272616,frac_lost: 0.106, li_recovered:  8.709, time: 0.010873107999941567
L: 0.50, u_super: 0.00439, sec: 240.332, prod: 0.098417, t_ads: 44.4, t_des: 39.1, bed_util_ads: 0.500, bed_util_des: 0.500, des_th: 0.4997582946974724,frac_lost: 0.106, li_recovered:  8.216, time: 0.01278830299997935
L: 0.50, u_super: 0.00307, sec: 166.444, prod: 0.068487, t_ads: 62.9, t_des: 55.2, bed_util_ads: 0.500, bed_util_des: 0.500, des_th: 0.49956645020208423,frac_lost: 0.103, li_recovered:  8.084, time: 0.0087359130011464
L: 0.50, u_super: 0.00005, sec: 4.324, prod: 0.000669, t_ads: 3432.9, t_des: 5857.2, bed_util_ads: 0.252, bed_util_des: 0.185, des_th: 0.1851696623157332,frac_lost: 0.102, li_recovered:  6.219, time: 0.011787673998696846
L: 0.50, u_super: 0.00990, sec: 576.490, prod: 0.224624, t_ads: 19.7, t_des: 17.9, bed_util_ads: 0.500, bed_util_des: 0.500, des_th: 0.4996012996403842,frac_lost: 0.104, li_recovered:  8.452, time: 0.010260977000143612
L: 0.50, u_super: 0.00470, sec: 257.511, prod: 0.105740, t_ads: 41.5, t_des: 37.8, bed_util_ads: 0.497, bed_util_des: 0.497, des_th: 0.4966970619982883,frac_lost: 0.106, li_recovered:  8.385, time: 0.006763144001524779
L: 10.45, u_super: 0.00955 — INFEASIBLE (li_recovered=0.000e+00), time: 0.008316162000483018
L: 0.50, u_super: 0.00023, sec: 25.745, prod: 0.002454, t_ads: 819.5, t_des: 2513.1, bed_util_ads: 0.291, bed_util_des: 0.245, des_th: 0.2447940922778532,frac_lost: 0.101, li_recovered:  8.179, time: 0.018661307000002125
L: 0.50, u_super: 0.00371, sec: 201.482, prod: 0.083067, t_ads: 52.5, t_des: 46.9, bed_util_ads: 0.498, bed_util_des: 0.498, des_th: 0.4978134366667672,frac_lost: 0.107, li_recovered:  8.257, time: 0.012624801998754265
L: 0.50, u_super: 0.00279, sec: 149.951, prod: 0.062438, t_ads: 69.0, t_des: 63.7, bed_util_ads: 0.493, bed_util_des: 0.493, des_th: 0.4930958703652211,frac_lost: 0.101, li_recovered:  8.286, time: 0.015898718000244116
L: 0.50, u_super: 0.00398, sec: 240.517, prod: 0.080430, t_ads: 48.8, t_des: 58.5, bed_util_ads: 0.461, bed_util_des: 0.460, des_th: 0.46035011726559893,frac_lost: 0.103, li_recovered:  8.631, time: 0.012643659998502699
L: 0.50, u_super: 0.00131, sec: 71.417, prod: 0.028362, t_ads: 144.4, t_des: 126.4, bed_util_ads: 0.493, bed_util_des: 0.493, des_th: 0.49270342274173656,frac_lost: 0.102, li_recovered:  7.681, time: 0.010137081000721082
L: 0.50, u_super: 0.00615, sec: 342.852, prod: 0.139122, t_ads: 31.6, t_des: 28.2, bed_util_ads: 0.500, bed_util_des: 0.500, des_th: 0.49962683573106037,frac_lost: 0.102, li_recovered:  8.316, time: 0.014699237999593606
L: 0.50, u_super: 0.00648, sec: 364.921, prod: 0.145445, t_ads: 30.2, t_des: 28.7, bed_util_ads: 0.492, bed_util_des: 0.492, des_th: 0.4918714772876666,frac_lost: 0.108, li_recovered:  8.571, time: 0.011895509000169113
L: 0.50, u_super: 0.00023, sec: 25.745, prod: 0.002454, t_ads: 819.5, t_des: 2513.1, bed_util_ads: 0.291, bed_util_des: 0.245, des_th: 0.2447940922778532,frac_lost: 0.101, li_recovered:  8.179, time: 0.02610776100118528
L: 0.50, u_super: 0.00918, sec: 530.170, prod: 0.208214, t_ads: 21.2, t_des: 19.3, bed_util_ads: 0.500, bed_util_des: 0.500, des_th: 0.49962683573106037,frac_lost: 0.104, li_recovered:  8.447, time: 0.010260675999234081
L: 81.27, u_super: 0.00537 — INFEASIBLE (li_recovered=0.000e+00), time: 0.0025563979997969
L: 0.50, u_super: 0.00960, sec: 557.014, prod: 0.217573, t_ads: 20.4, t_des: 18.5, bed_util_ads: 0.500, bed_util_des: 0.500, des_th: 0.49960951797171044,frac_lost: 0.105, li_recovered:  8.447, time: 0.015067460999489413
L: 0.50, u_super: 0.00277, sec: 149.335, prod: 0.061973, t_ads: 69.5, t_des: 62.5, bed_util_ads: 0.496, bed_util_des: 0.495, des_th: 0.49525884411099685,frac_lost: 0.102, li_recovered:  8.182, time: 0.012326821999522508
L: 0.50, u_super: 0.00083, sec: 45.786, prod: 0.017627, t_ads: 226.6, t_des: 220.0, bed_util_ads: 0.472, bed_util_des: 0.470, des_th: 0.47054756236038126,frac_lost: 0.107, li_recovered:  7.872, time: 0.014845625999441836
L: 0.50, u_super: 0.00555, sec: 306.767, prod: 0.125368, t_ads: 35.0, t_des: 32.4, bed_util_ads: 0.496, bed_util_des: 0.496, des_th: 0.49557560210681445,frac_lost: 0.102, li_recovered:  8.450, time: 0.01627437800016196
L: 0.50, u_super: 0.00061, sec: 34.804, prod: 0.012382, t_ads: 299.1, t_des: 265.0, bed_util_ads: 0.477, bed_util_des: 0.476, des_th: 0.4761816336475493,frac_lost: 0.100, li_recovered:  6.984, time: 0.013694373999896925
L: 0.50, u_super: 0.00775, sec: 440.809, prod: 0.174998, t_ads: 25.3, t_des: 22.6, bed_util_ads: 0.500, bed_util_des: 0.500, des_th: 0.499958796969199,frac_lost: 0.108, li_recovered:  8.389, time: 0.019104068998785806
L: 0.50, u_super: 0.00826, sec: 472.462, prod: 0.186772, t_ads: 23.7, t_des: 21.2, bed_util_ads: 0.500, bed_util_des: 0.500, des_th: 0.49991295473813196,frac_lost: 0.107, li_recovered:  8.395, time: 0.013197262000176124
L: 0.50, u_super: 0.00164, sec: 104.727, prod: 0.030503, t_ads: 117.6, t_des: 160.0, bed_util_ads: 0.439, bed_util_des: 0.436, des_th: 0.4362253347943745,frac_lost: 0.106, li_recovered:  8.467, time: 0.018433663999530836
L: 0.50, u_super: 0.00855, sec: 490.261, prod: 0.193550, t_ads: 22.9, t_des: 20.7, bed_util_ads: 0.499, bed_util_des: 0.499, des_th: 0.4992067398888193,frac_lost: 0.106, li_recovered:  8.433, time: 0.01506194399917149
L: 10.75, u_super: 0.00304 — INFEASIBLE (li_recovered=0.000e+00), time: 0.004023756999231409
L: 0.50, u_super: 0.00090, sec: 49.615, prod: 0.019194, t_ads: 208.2, t_des: 207.6, bed_util_ads: 0.470, bed_util_des: 0.468, des_th: 0.4683581031881244,frac_lost: 0.103, li_recovered:  7.981, time: 0.014252042999942205
L: 0.50, u_super: 0.00018, sec: 18.195, prod: 0.002115, t_ads: 1040.3, t_des: 2712.7, bed_util_ads: 0.295, bed_util_des: 0.245, des_th: 0.2447940922778532,frac_lost: 0.104, li_recovered:  7.936, time: 0.02521093399991514
L: 0.50, u_super: 0.00369, sec: 211.368, prod: 0.078626, t_ads: 52.6, t_des: 56.9, bed_util_ads: 0.474, bed_util_des: 0.473, des_th: 0.47283739834131716,frac_lost: 0.105, li_recovered:  8.608, time: 0.01737172399953124
L: 0.50, u_super: 0.00759, sec: 429.446, prod: 0.171953, t_ads: 25.6, t_des: 22.9, bed_util_ads: 0.500, bed_util_des: 0.500, des_th: 0.49975499340430907,frac_lost: 0.100, li_recovered:  8.327, time: 0.010894253999140346
L: 0.50, u_super: 0.00840, sec: 481.562, prod: 0.190099, t_ads: 23.3, t_des: 21.1, bed_util_ads: 0.500, bed_util_des: 0.499, des_th: 0.49941537906160494,frac_lost: 0.108, li_recovered:  8.439, time: 0.014650836001237622
   827 |    33080 |     40 |  0.0005265243 |             f
L: 0.50, u_super: 0.00176, sec: 97.581, prod: 0.037639, t_ads: 108.7, t_des: 114.6, bed_util_ads: 0.472, bed_util_des: 0.470, des_th: 0.4703384454866231,frac_lost: 0.101, li_recovered:  8.405, time: 0.014849302999209613
L: 0.50, u_super: 0.00434, sec: 237.768, prod: 0.097492, t_ads: 44.9, t_des: 40.0, bed_util_ads: 0.500, bed_util_des: 0.500, des_th: 0.4998962755003542,frac_lost: 0.108, li_recovered:  8.284, time: 0.012282181000045966
L: 0.50, u_super: 0.00243, sec: 134.885, prod: 0.052485, t_ads: 79.2, t_des: 82.8, bed_util_ads: 0.476, bed_util_des: 0.475, des_th: 0.4750196606046265,frac_lost: 0.102, li_recovered:  8.502, time: 0.01647715800027072
L: 1.28, u_super: 0.00752, sec: 1110.419, prod: 0.167629, t_ads: 65.8, t_des: 57.9, bed_util_ads: 0.499, bed_util_des: 0.499, des_th: 0.4990339879354961,frac_lost: 0.103, li_recovered:  20.738, time: 0.012059192999004154
L: 0.50, u_super: 0.00532, sec: 293.174, prod: 0.120266, t_ads: 36.4, t_des: 33.4, bed_util_ads: 0.496, bed_util_des: 0.496, des_th: 0.4957564073235928,frac_lost: 0.101, li_recovered:  8.404, time: 0.010958640999888303
L: 0.50, u_super: 0.00005, sec: 4.324, prod: 0.000669, t_ads: 3431.3, t_des: 5857.7, bed_util_ads: 0.252, bed_util_des: 0.185, des_th: 0.1851696623157332,frac_lost: 0.102, li_recovered:  6.219, time: 0.019122577999951318
L: 44.74, u_super: 0.00562 — INFEASIBLE (li_recovered=0.000e+00), time: 0.0020415919989318354
L: 34.18, u_super: 0.00826 — INFEASIBLE (li_recovered=0.000e+00), time: 0.0050878540005214745
L: 0.50, u_super: 0.00532, sec: 293.391, prod: 0.120105, t_ads: 36.4, t_des: 34.2, bed_util_ads: 0.494, bed_util_des: 0.493, des_th: 0.4934167236961292,frac_lost: 0.100, li_recovered:  8.481, time: 0.015725032999398536
L: 0.50, u_super: 0.00210, sec: 114.121, prod: 0.046084, t_ads: 91.9, t_des: 79.0, bed_util_ads: 0.500, bed_util_des: 0.500, des_th: 0.49956645020208423,frac_lost: 0.107, li_recovered:  7.875, time: 0.011526334999871324
L: 0.50, u_super: 0.00333, sec: 184.764, prod: 0.072755, t_ads: 57.9, t_des: 59.7, bed_util_ads: 0.479, bed_util_des: 0.479, des_th: 0.4787245796386606,frac_lost: 0.100, li_recovered:  8.560, time: 0.012947466000696295
L: 1.33, u_super: 0.00699, sec: 1058.286, prod: 0.156157, t_ads: 73.1, t_des: 66.1, bed_util_ads: 0.495, bed_util_des: 0.495, des_th: 0.49506189378288923,frac_lost: 0.101, li_recovered:  21.724, time: 0.014502403000733466
L: 0.50, u_super: 0.00274, sec: 148.150, prod: 0.061000, t_ads: 70.3, t_des: 61.8, bed_util_ads: 0.499, bed_util_des: 0.498, des_th: 0.4982888307616771,frac_lost: 0.102, li_recovered:  8.058, time: 0.011445947000538581
L: 0.50, u_super: 0.00543, sec: 299.453, prod: 0.122666, t_ads: 35.7, t_des: 32.8, bed_util_ads: 0.496, bed_util_des: 0.496, des_th: 0.49575643648843776,frac_lost: 0.102, li_recovered:  8.404, time: 0.01056457400045474
L: 0.50, u_super: 0.00990, sec: 582.087, prod: 0.222464, t_ads: 19.8, t_des: 19.0, bed_util_ads: 0.492, bed_util_des: 0.492, des_th: 0.4920858367301102,frac_lost: 0.106, li_recovered:  8.629, time: 0.01924206600051548
L: 94.22, u_super: 0.00876 — INFEASIBLE (li_recovered=0.000e+00), time: 0.0022258040007727686
L: 0.50, u_super: 0.00786, sec: 445.777, prod: 0.178239, t_ads: 24.7, t_des: 22.3, bed_util_ads: 0.500, bed_util_des: 0.500, des_th: 0.4998151496542467,frac_lost: 0.100, li_recovered:  8.375, time: 0.014320918000521488
L: 0.50, u_super: 0.00753, sec: 427.020, prod: 0.170100, t_ads: 26.0, t_des: 23.6, bed_util_ads: 0.499, bed_util_des: 0.499, des_th: 0.4991098601482265,frac_lost: 0.108, li_recovered:  8.441, time: 0.013258787001177552
L: 0.50, u_super: 0.00439, sec: 239.729, prod: 0.098665, t_ads: 44.4, t_des: 40.0, bed_util_ads: 0.498, bed_util_des: 0.498, des_th: 0.49824455776749305,frac_lost: 0.106, li_recovered:  8.328, time: 0.013056660000074771
L: 0.50, u_super: 0.00964, sec: 559.586, prod: 0.218607, t_ads: 20.2, t_des: 18.4, bed_util_ads: 0.499, bed_util_des: 0.499, des_th: 0.49861716171251913,frac_lost: 0.104, li_recovered:  8.443, time: 0.015135994000956998
L: 0.50, u_super: 0.00871, sec: 500.981, prod: 0.197163, t_ads: 22.5, t_des: 20.4, bed_util_ads: 0.499, bed_util_des: 0.499, des_th: 0.4992067398888193,frac_lost: 0.107, li_recovered:  8.451, time: 0.012896279000415234
L: 0.50, u_super: 0.00683, sec: 382.987, prod: 0.154636, t_ads: 28.4, t_des: 25.7, bed_util_ads: 0.499, bed_util_des: 0.499, des_th: 0.49859500033206433,frac_lost: 0.102, li_recovered:  8.369, time: 0.010419780999654904
L: 0.50, u_super: 0.00910, sec: 525.676, prod: 0.206220, t_ads: 21.5, t_des: 19.4, bed_util_ads: 0.500, bed_util_des: 0.500, des_th: 0.49962683573106037,frac_lost: 0.106, li_recovered:  8.439, time: 0.008864161000019521
L: 0.50, u_super: 0.00300, sec: 161.913, prod: 0.067233, t_ads: 64.2, t_des: 57.9, bed_util_ads: 0.496, bed_util_des: 0.496, des_th: 0.4957652906051321,frac_lost: 0.102, li_recovered:  8.207, time: 0.008873548998963088
L: 51.71, u_super: 0.00106 — INFEASIBLE (li_recovered=0.000e+00), time: 0.0016761330007284414
L: 8.15, u_super: 0.00470 — INFEASIBLE (li_recovered=0.000e+00), time: 0.006364824999764096
L: 43.54, u_super: 0.00622 — INFEASIBLE (li_recovered=0.000e+00), time: 0.001685201999862329
L: 0.50, u_super: 0.00556, sec: 307.432, prod: 0.125610, t_ads: 34.9, t_des: 31.2, bed_util_ads: 0.499, bed_util_des: 0.499, des_th: 0.4985877773562085,frac_lost: 0.101, li_recovered:  8.304, time: 0.0126777179993951
L: 0.50, u_super: 0.00306, sec: 169.328, prod: 0.066889, t_ads: 63.5, t_des: 64.2, bed_util_ads: 0.481, bed_util_des: 0.480, des_th: 0.48045319391210967,frac_lost: 0.107, li_recovered:  8.545, time: 0.013699246999749448
L: 0.50, u_super: 0.00368, sec: 200.306, prod: 0.082231, t_ads: 53.0, t_des: 46.7, bed_util_ads: 0.500, bed_util_des: 0.500, des_th: 0.49968987449561386,frac_lost: 0.108, li_recovered:  8.199, time: 0.008419703999607009
L: 0.50, u_super: 0.00243, sec: 131.743, prod: 0.053737, t_ads: 79.3, t_des: 68.8, bed_util_ads: 0.499, bed_util_des: 0.499, des_th: 0.4985723076446525,frac_lost: 0.104, li_recovered:  7.953, time: 0.009374258999741869
L: 0.50, u_super: 0.00046, sec: 128.548, prod: 0.001934, t_ads: 431.9, t_des: 4145.8, bed_util_ads: 0.210, bed_util_des: 0.167, des_th: 0.1668827664915539,frac_lost: 0.104, li_recovered:  8.852, time: 0.05791940500057535
L: 0.50, u_super: 0.00555, sec: 306.569, prod: 0.125449, t_ads: 35.0, t_des: 32.1, bed_util_ads: 0.496, bed_util_des: 0.496, des_th: 0.49576526144028715,frac_lost: 0.102, li_recovered:  8.409, time: 0.012237141998411971
L: 11.45, u_super: 0.00423 — INFEASIBLE (li_recovered=0.000e+00), time: 0.003822538999884273
L: 0.50, u_super: 0.00389, sec: 212.508, prod: 0.087155, t_ads: 50.0, t_des: 44.0, bed_util_ads: 0.500, bed_util_des: 0.500, des_th: 0.4997582946974724,frac_lost: 0.107, li_recovered:  8.191, time: 0.008940466001149616
L: 0.50, u_super: 0.00178, sec: 95.550, prod: 0.039151, t_ads: 107.7, t_des: 96.7, bed_util_ads: 0.493, bed_util_des: 0.493, des_th: 0.49270342274173656,frac_lost: 0.103, li_recovered:  8.003, time: 0.010697633000745554
L: 0.50, u_super: 0.00481, sec: 298.053, prod: 0.095937, t_ads: 40.3, t_des: 49.9, bed_util_ads: 0.459, bed_util_des: 0.458, des_th: 0.45766504429648214,frac_lost: 0.101, li_recovered:  8.655, time: 0.01249781700062158
L: 4.51, u_super: 0.00412 — INFEASIBLE (li_recovered=0.000e+00), time: 0.0075932109994028
L: 0.50, u_super: 0.00865, sec: 497.143, prod: 0.195601, t_ads: 22.7, t_des: 20.3, bed_util_ads: 0.500, bed_util_des: 0.500, des_th: 0.4999012617553236,frac_lost: 0.108, li_recovered:  8.405, time: 0.00893926499884401
L: 28.49, u_super: 0.00977 — INFEASIBLE (li_recovered=0.000e+00), time: 0.004494804999922053
   828 |    33120 |     40 |  0.0024633643 |             f
L: 0.50, u_super: 0.00607, sec: 337.045, prod: 0.137391, t_ads: 31.9, t_des: 29.3, bed_util_ads: 0.497, bed_util_des: 0.497, des_th: 0.49689088103787166,frac_lost: 0.101, li_recovered:  8.420, time: 0.009401709998201113
L: 0.50, u_super: 0.00006 — INFEASIBLE (li_recovered=0.000e+00), time: 0.002560507999078254
L: 0.50, u_super: 0.00210, sec: 114.121, prod: 0.046084, t_ads: 91.9, t_des: 79.0, bed_util_ads: 0.500, bed_util_des: 0.500, des_th: 0.49956645020208423,frac_lost: 0.107, li_recovered:  7.875, time: 0.012436884999260656
L: 21.36, u_super: 0.00262 — INFEASIBLE (li_recovered=0.000e+00), time: 0.0034820630007743603
L: 0.50, u_super: 0.00804, sec: 465.769, prod: 0.179065, t_ads: 24.4, t_des: 23.9, bed_util_ads: 0.489, bed_util_des: 0.489, des_th: 0.4890209620273881,frac_lost: 0.108, li_recovered:  8.649, time: 0.01553569099996821
L: 0.50, u_super: 0.00131, sec: 73.003, prod: 0.027745, t_ads: 144.8, t_des: 119.7, bed_util_ads: 0.500, bed_util_des: 0.499, des_th: 0.49956826001878685,frac_lost: 0.104, li_recovered:  7.338, time: 0.014266735001001507
L: 0.50, u_super: 0.00006 — INFEASIBLE (li_recovered=0.000e+00), time: 0.007313702999454108
L: 0.50, u_super: 0.00670, sec: 413.274, prod: 0.137927, t_ads: 29.2, t_des: 33.8, bed_util_ads: 0.467, bed_util_des: 0.467, des_th: 0.4666009166321575,frac_lost: 0.106, li_recovered:  8.692, time: 0.012374190999253187
L: 0.50, u_super: 0.00243, sec: 130.750, prod: 0.054145, t_ads: 79.2, t_des: 71.4, bed_util_ads: 0.496, bed_util_des: 0.495, des_th: 0.49525275428550475,frac_lost: 0.104, li_recovered:  8.156, time: 0.010652797998773167
L: 0.50, u_super: 0.00127, sec: 68.330, prod: 0.027651, t_ads: 149.5, t_des: 140.8, bed_util_ads: 0.483, bed_util_des: 0.482, des_th: 0.4824441607738361,frac_lost: 0.101, li_recovered:  8.028, time: 0.012909539998872788
L: 0.50, u_super: 0.00785, sec: 445.475, prod: 0.177989, t_ads: 24.7, t_des: 22.3, bed_util_ads: 0.500, bed_util_des: 0.500, des_th: 0.49991295473813196,frac_lost: 0.101, li_recovered:  8.376, time: 0.012554774000818725
L: 0.50, u_super: 0.00990, sec: 584.602, prod: 0.221507, t_ads: 19.7, t_des: 19.4, bed_util_ads: 0.489, bed_util_des: 0.489, des_th: 0.48897718456088246,frac_lost: 0.102, li_recovered:  8.656, time: 0.008410116000959533
L: 0.50, u_super: 0.00023, sec: 25.168, prod: 0.002511, t_ads: 821.2, t_des: 2428.6, bed_util_ads: 0.294, bed_util_des: 0.249, des_th: 0.2493714867031209,frac_lost: 0.104, li_recovered:  8.159, time: 0.02132738600084849
L: 30.31, u_super: 0.00904 — INFEASIBLE (li_recovered=0.000e+00), time: 0.003439483998590731
L: 0.50, u_super: 0.00548, sec: 349.262, prod: 0.107399, t_ads: 35.4, t_des: 45.4, bed_util_ads: 0.454, bed_util_des: 0.454, des_th: 0.4536232576867605,frac_lost: 0.101, li_recovered:  8.671, time: 0.012792401999831782
L: 0.50, u_super: 0.00737, sec: 417.485, prod: 0.166548, t_ads: 26.6, t_des: 24.0, bed_util_ads: 0.500, bed_util_des: 0.500, des_th: 0.49956645020208423,frac_lost: 0.108, li_recovered:  8.424, time: 0.010169821000090451
L: 0.50, u_super: 0.00692, sec: 390.086, prod: 0.156300, t_ads: 28.3, t_des: 26.0, bed_util_ads: 0.496, bed_util_des: 0.496, des_th: 0.4957850377718398,frac_lost: 0.107, li_recovered:  8.488, time: 0.010374597000918584
L: 0.50, u_super: 0.00057 — INFEASIBLE (li_recovered=0.000e+00), time: 0.008081365000180085
L: 0.50, u_super: 0.00082, sec: 246.734, prod: 0.003199, t_ads: 240.0, t_des: 2508.9, bed_util_ads: 0.212, bed_util_des: 0.185, des_th: 0.1851696623157332,frac_lost: 0.101, li_recovered:  8.794, time: 0.06554218000019318
L: 0.50, u_super: 0.00178, sec: 100.408, prod: 0.037257, t_ads: 108.6, t_des: 117.8, bed_util_ads: 0.470, bed_util_des: 0.468, des_th: 0.4679239600470124,frac_lost: 0.107, li_recovered:  8.438, time: 0.013759322000623797
L: 0.50, u_super: 0.00629, sec: 350.693, prod: 0.142432, t_ads: 30.8, t_des: 28.5, bed_util_ads: 0.495, bed_util_des: 0.495, des_th: 0.49523645922847825,frac_lost: 0.101, li_recovered:  8.458, time: 0.012513712999862037
L: 0.50, u_super: 0.00912, sec: 526.714, prod: 0.206427, t_ads: 21.5, t_des: 19.4, bed_util_ads: 0.500, bed_util_des: 0.500, des_th: 0.49962683573106037,frac_lost: 0.107, li_recovered:  8.444, time: 0.014244332000089344
L: 0.50, u_super: 0.00904, sec: 524.811, prod: 0.203758, t_ads: 21.6, t_des: 20.5, bed_util_ads: 0.493, bed_util_des: 0.493, des_th: 0.4927401831758408,frac_lost: 0.106, li_recovered:  8.595, time: 0.015399329999127076
L: 0.50, u_super: 0.00959, sec: 556.940, prod: 0.217461, t_ads: 20.4, t_des: 18.5, bed_util_ads: 0.500, bed_util_des: 0.499, des_th: 0.49941800771673645,frac_lost: 0.105, li_recovered:  8.453, time: 0.013997919999383157
L: 34.53, u_super: 0.00699 — INFEASIBLE (li_recovered=0.000e+00), time: 0.0026988979989255313
L: 21.98, u_super: 0.00775 — INFEASIBLE (li_recovered=0.000e+00), time: 0.005097135999676539
L: 0.50, u_super: 0.00104, sec: 56.815, prod: 0.022335, t_ads: 182.5, t_des: 178.1, bed_util_ads: 0.476, bed_util_des: 0.474, des_th: 0.4744845685666801,frac_lost: 0.107, li_recovered:  8.054, time: 0.015389897000204655
L: 0.50, u_super: 0.00617, sec: 343.596, prod: 0.139762, t_ads: 31.4, t_des: 28.7, bed_util_ads: 0.497, bed_util_des: 0.497, des_th: 0.49689088103787166,frac_lost: 0.102, li_recovered:  8.408, time: 0.014999469998656423
L: 0.50, u_super: 0.00158, sec: 86.829, prod: 0.034109, t_ads: 120.7, t_des: 101.9, bed_util_ads: 0.500, bed_util_des: 0.500, des_th: 0.49967982064241434,frac_lost: 0.105, li_recovered:  7.593, time: 0.015903194000202348
L: 0.50, u_super: 0.00453, sec: 249.864, prod: 0.101317, t_ads: 42.8, t_des: 41.5, bed_util_ads: 0.489, bed_util_des: 0.489, des_th: 0.48858015903174074,frac_lost: 0.103, li_recovered:  8.546, time: 0.012892409000414773
L: 4.34, u_super: 0.00389, sec: 2090.579, prod: 0.076880, t_ads: 396.2, t_des: 362.2, bed_util_ads: 0.463, bed_util_des: 0.461, des_th: 0.46140467064488294,frac_lost: 0.102, li_recovered:  58.300, time: 0.012188257000161684
L: 0.50, u_super: 0.00330, sec: 226.479, prod: 0.058311, t_ads: 58.8, t_des: 89.2, bed_util_ads: 0.431, bed_util_des: 0.429, des_th: 0.42935561855366233,frac_lost: 0.103, li_recovered:  8.627, time: 0.014489710998532246
L: 0.50, u_super: 0.00080 — INFEASIBLE (li_recovered=0.000e+00), time: 0.006266533000598429
L: 0.50, u_super: 0.00507, sec: 279.048, prod: 0.114471, t_ads: 38.3, t_des: 34.7, bed_util_ads: 0.499, bed_util_des: 0.499, des_th: 0.4986012678865316,frac_lost: 0.104, li_recovered:  8.353, time: 0.011341753999658977
L: 0.50, u_super: 0.00780, sec: 513.844, prod: 0.152429, t_ads: 25.1, t_des: 32.1, bed_util_ads: 0.456, bed_util_des: 0.455, des_th: 0.45531208063365913,frac_lost: 0.106, li_recovered:  8.708, time: 0.01884263700048905
L: 55.32, u_super: 0.00940 — INFEASIBLE (li_recovered=0.000e+00), time: 0.0026104930002475157
L: 0.50, u_super: 0.00140, sec: 78.058, prod: 0.029812, t_ads: 134.9, t_des: 111.6, bed_util_ads: 0.499, bed_util_des: 0.499, des_th: 0.4994704480575884,frac_lost: 0.101, li_recovered:  7.348, time: 0.013573973999882583
L: 0.50, u_super: 0.00990, sec: 578.670, prod: 0.223778, t_ads: 19.7, t_des: 18.6, bed_util_ads: 0.495, bed_util_des: 0.495, des_th: 0.49489860999032215,frac_lost: 0.105, li_recovered:  8.576, time: 0.023811777000446455
L: 0.50, u_super: 0.00694, sec: 391.170, prod: 0.156813, t_ads: 28.2, t_des: 25.5, bed_util_ads: 0.499, bed_util_des: 0.499, des_th: 0.49908524947552757,frac_lost: 0.108, li_recovered:  8.427, time: 0.015001289999418077
L: 0.50, u_super: 0.00661, sec: 372.838, prod: 0.148487, t_ads: 29.6, t_des: 28.1, bed_util_ads: 0.493, bed_util_des: 0.492, des_th: 0.4925213088723641,frac_lost: 0.107, li_recovered:  8.572, time: 0.016024655000364874
   829 |    33160 |     40 |  0.0043642345 |             f
L: 0.50, u_super: 0.00988, sec: 575.452, prod: 0.224086, t_ads: 19.8, t_des: 17.8, bed_util_ads: 0.500, bed_util_des: 0.500, des_th: 0.49991295473813196,frac_lost: 0.104, li_recovered:  8.406, time: 0.014578628999515786
L: 0.50, u_super: 0.00680, sec: 380.866, prod: 0.154079, t_ads: 28.5, t_des: 25.9, bed_util_ads: 0.499, bed_util_des: 0.499, des_th: 0.49862402021964597,frac_lost: 0.101, li_recovered:  8.393, time: 0.016464702001030673
L: 0.50, u_super: 0.00866, sec: 497.489, prod: 0.196065, t_ads: 22.6, t_des: 20.3, bed_util_ads: 0.500, bed_util_des: 0.500, des_th: 0.4999278791579429,frac_lost: 0.106, li_recovered:  8.412, time: 0.016836042001159512
L: 0.50, u_super: 0.00083 — INFEASIBLE (li_recovered=0.000e+00), time: 0.007917758000985486
L: 0.50, u_super: 0.00775, sec: 442.508, prod: 0.174326, t_ads: 25.3, t_des: 23.8, bed_util_ads: 0.495, bed_util_des: 0.495, des_th: 0.49502004500489344,frac_lost: 0.109, li_recovered:  8.568, time: 0.01408415300102206
L: 58.23, u_super: 0.00330 — INFEASIBLE (li_recovered=0.000e+00), time: 0.002372055001615081
L: 0.50, u_super: 0.00805, sec: 459.139, prod: 0.182261, t_ads: 24.3, t_des: 22.1, bed_util_ads: 0.498, bed_util_des: 0.498, des_th: 0.49831911493249964,frac_lost: 0.106, li_recovered:  8.447, time: 0.012756211999658262
L: 0.50, u_super: 0.00876, sec: 504.271, prod: 0.198396, t_ads: 22.3, t_des: 20.3, bed_util_ads: 0.500, bed_util_des: 0.500, des_th: 0.49956645020208423,frac_lost: 0.107, li_recovered:  8.449, time: 0.013086286999168806
L: 0.50, u_super: 0.00280, sec: 150.656, prod: 0.062565, t_ads: 69.0, t_des: 63.6, bed_util_ads: 0.493, bed_util_des: 0.492, des_th: 0.4921970757654996,frac_lost: 0.104, li_recovered:  8.297, time: 0.014955495998947299
L: 0.50, u_super: 0.00503, sec: 276.886, prod: 0.113508, t_ads: 38.6, t_des: 34.8, bed_util_ads: 0.499, bed_util_des: 0.499, des_th: 0.49866660994374334,frac_lost: 0.104, li_recovered:  8.340, time: 0.01036886499969114
L: 0.50, u_super: 0.00990, sec: 693.855, prod: 0.186629, t_ads: 19.7, t_des: 27.0, bed_util_ads: 0.447, bed_util_des: 0.446, des_th: 0.4464668456637483,frac_lost: 0.102, li_recovered:  8.721, time: 0.017596584000784787
L: 0.50, u_super: 0.00284, sec: 153.774, prod: 0.063003, t_ads: 67.9, t_des: 59.0, bed_util_ads: 0.500, bed_util_des: 0.500, des_th: 0.49963033602334467,frac_lost: 0.102, li_recovered:  7.998, time: 0.01148734199887258
L: 0.50, u_super: 0.00367, sec: 199.807, prod: 0.082299, t_ads: 52.9, t_des: 49.8, bed_util_ads: 0.492, bed_util_des: 0.491, des_th: 0.49146115232490056,frac_lost: 0.105, li_recovered:  8.447, time: 0.018038270998658845
L: 0.50, u_super: 0.00243, sec: 130.816, prod: 0.054118, t_ads: 79.3, t_des: 71.3, bed_util_ads: 0.496, bed_util_des: 0.495, des_th: 0.4952212277991363,frac_lost: 0.104, li_recovered:  8.151, time: 0.014597241999581456
L: 0.50, u_super: 0.00011 — INFEASIBLE (li_recovered=0.000e+00), time: 0.005509534999873722
L: 5.03, u_super: 0.00805 — INFEASIBLE (li_recovered=0.000e+00), time: 0.00891177799894649
L: 0.50, u_super: 0.00058, sec: 32.841, prod: 0.011834, t_ads: 316.5, t_des: 290.3, bed_util_ads: 0.471, bed_util_des: 0.469, des_th: 0.46914140003118665,frac_lost: 0.104, li_recovered:  7.180, time: 0.013510086999303894
L: 0.50, u_super: 0.00415, sec: 226.159, prod: 0.093336, t_ads: 46.8, t_des: 42.4, bed_util_ads: 0.497, bed_util_des: 0.497, des_th: 0.4966970619982883,frac_lost: 0.105, li_recovered:  8.326, time: 0.013549556999350898
L: 0.50, u_super: 0.00823, sec: 471.216, prod: 0.186172, t_ads: 23.8, t_des: 21.5, bed_util_ads: 0.500, bed_util_des: 0.499, des_th: 0.49941800771673645,frac_lost: 0.109, li_recovered:  8.439, time: 0.013396524000199861
L: 0.50, u_super: 0.00083, sec: 47.048, prod: 0.017154, t_ads: 225.2, t_des: 243.1, bed_util_ads: 0.459, bed_util_des: 0.455, des_th: 0.45551939437713757,frac_lost: 0.101, li_recovered:  8.034, time: 0.011221331000342616
L: 31.49, u_super: 0.00576 — INFEASIBLE (li_recovered=0.000e+00), time: 0.0025161450012092246
L: 0.50, u_super: 0.00534, sec: 294.145, prod: 0.120603, t_ads: 36.3, t_des: 32.6, bed_util_ads: 0.499, bed_util_des: 0.499, des_th: 0.4989539570014962,frac_lost: 0.100, li_recovered:  8.311, time: 0.014534016001562122
L: 0.91, u_super: 0.00464, sec: 492.995, prod: 0.098559, t_ads: 75.9, t_des: 82.2, bed_util_ads: 0.472, bed_util_des: 0.471, des_th: 0.471281255499867,frac_lost: 0.102, li_recovered:  15.584, time: 0.022484330000224872
L: 0.50, u_super: 0.00243, sec: 131.802, prod: 0.053713, t_ads: 79.5, t_des: 68.9, bed_util_ads: 0.500, bed_util_des: 0.500, des_th: 0.49992587329428767,frac_lost: 0.107, li_recovered:  7.974, time: 0.012428662999809603
L: 0.50, u_super: 0.00361, sec: 196.255, prod: 0.080589, t_ads: 54.0, t_des: 47.6, bed_util_ads: 0.500, bed_util_des: 0.499, des_th: 0.4994501420512696,frac_lost: 0.108, li_recovered:  8.188, time: 0.01379599600113579
L: 0.50, u_super: 0.00005, sec: 4.342, prod: 0.000667, t_ads: 3537.8, t_des: 6415.3, bed_util_ads: 0.248, bed_util_des: 0.173, des_th: 0.17333002929391667,frac_lost: 0.100, li_recovered:  6.636, time: 0.011426238001149613
L: 0.50, u_super: 0.00295, sec: 160.372, prod: 0.065622, t_ads: 65.3, t_des: 56.7, bed_util_ads: 0.500, bed_util_des: 0.500, des_th: 0.4999012617553236,frac_lost: 0.103, li_recovered:  8.007, time: 0.010895139999774983
L: 0.50, u_super: 0.00693, sec: 390.452, prod: 0.156575, t_ads: 28.2, t_des: 25.4, bed_util_ads: 0.500, bed_util_des: 0.500, des_th: 0.499926966844774,frac_lost: 0.108, li_recovered:  8.395, time: 0.013972908000141615
L: 0.50, u_super: 0.00578, sec: 320.521, prod: 0.130627, t_ads: 33.6, t_des: 31.2, bed_util_ads: 0.496, bed_util_des: 0.496, des_th: 0.4956775720036976,frac_lost: 0.102, li_recovered:  8.468, time: 0.012241870999787352
L: 0.50, u_super: 0.00389, sec: 262.045, prod: 0.070679, t_ads: 49.8, t_des: 72.5, bed_util_ads: 0.437, bed_util_des: 0.436, des_th: 0.4356934341716476,frac_lost: 0.101, li_recovered:  8.643, time: 0.016425387000708724
L: 0.50, u_super: 0.00956, sec: 554.286, prod: 0.216717, t_ads: 20.4, t_des: 18.5, bed_util_ads: 0.499, bed_util_des: 0.499, des_th: 0.4990229305451572,frac_lost: 0.104, li_recovered:  8.440, time: 0.015292860998670221
L: 23.13, u_super: 0.00171 — INFEASIBLE (li_recovered=0.000e+00), time: 0.0019597450009314343
L: 0.50, u_super: 0.00194, sec: 105.603, prod: 0.042385, t_ads: 98.5, t_des: 84.3, bed_util_ads: 0.500, bed_util_des: 0.500, des_th: 0.49970423827487326,frac_lost: 0.101, li_recovered:  7.747, time: 0.009515792000456713
L: 0.50, u_super: 0.00268, sec: 1075.006, prod: 0.008051, t_ads: 73.2, t_des: 1018.1, bed_util_ads: 0.199, bed_util_des: 0.189, des_th: 0.18945178896201403,frac_lost: 0.104, li_recovered:  8.787, time: 0.07035291700049129
L: 0.50, u_super: 0.00210, sec: 114.089, prod: 0.046096, t_ads: 91.9, t_des: 79.0, bed_util_ads: 0.500, bed_util_des: 0.500, des_th: 0.49962795315547526,frac_lost: 0.107, li_recovered:  7.877, time: 0.009553702000630437
L: 0.50, u_super: 0.00023, sec: 23.030, prod: 0.002744, t_ads: 814.0, t_des: 2103.3, bed_util_ads: 0.308, bed_util_des: 0.267, des_th: 0.26704805318593844,frac_lost: 0.105, li_recovered:  8.004, time: 0.020579228001224692
L: 0.50, u_super: 0.00437, sec: 238.902, prod: 0.098162, t_ads: 44.6, t_des: 39.8, bed_util_ads: 0.499, bed_util_des: 0.499, des_th: 0.4987828881429447,frac_lost: 0.106, li_recovered:  8.277, time: 0.012053743999786093
L: 0.50, u_super: 0.00287, sec: 155.941, prod: 0.063828, t_ads: 67.1, t_des: 58.2, bed_util_ads: 0.500, bed_util_des: 0.500, des_th: 0.49956645020208423,frac_lost: 0.102, li_recovered:  7.996, time: 0.007297043999642483
L: 0.50, u_super: 0.00015, sec: 17.421, prod: 0.001426, t_ads: 1328.4, t_des: 4493.1, bed_util_ads: 0.259, bed_util_des: 0.192, des_th: 0.19191814885650238,frac_lost: 0.101, li_recovered:  8.302, time: 0.023124625999116688
L: 0.50, u_super: 0.00361, sec: 195.979, prod: 0.080703, t_ads: 53.9, t_des: 47.7, bed_util_ads: 0.500, bed_util_des: 0.499, des_th: 0.4994547722429645,frac_lost: 0.106, li_recovered:  8.192, time: 0.010155791000215686
   830 |    33200 |     40 |  0.0023714528 |             f
L: 0.50, u_super: 0.00904, sec: 522.286, prod: 0.204743, t_ads: 21.7, t_des: 19.6, bed_util_ads: 0.500, bed_util_des: 0.500, des_th: 0.4996267947140988,frac_lost: 0.107, li_recovered:  8.445, time: 0.014670993001345778
L: 0.50, u_super: 0.00667, sec: 373.535, prod: 0.151178, t_ads: 29.1, t_des: 26.3, bed_util_ads: 0.499, bed_util_des: 0.499, des_th: 0.4986012678865316,frac_lost: 0.101, li_recovered:  8.367, time: 0.016404449999754434
L: 0.50, u_super: 0.00805, sec: 459.139, prod: 0.182261, t_ads: 24.3, t_des: 22.1, bed_util_ads: 0.498, bed_util_des: 0.498, des_th: 0.49831911493249964,frac_lost: 0.106, li_recovered:  8.447, time: 0.010838625999895157
L: 0.50, u_super: 0.00737, sec: 415.716, prod: 0.167155, t_ads: 26.3, t_des: 23.8, bed_util_ads: 0.499, bed_util_des: 0.499, des_th: 0.4990361374581504,frac_lost: 0.100, li_recovered:  8.372, time: 0.0098187110015715
L: 0.50, u_super: 0.00296, sec: 159.455, prod: 0.066217, t_ads: 65.3, t_des: 59.4, bed_util_ads: 0.496, bed_util_des: 0.495, des_th: 0.49525275428550475,frac_lost: 0.104, li_recovered:  8.256, time: 0.013952188999610371
L: 0.50, u_super: 0.00453, sec: 249.998, prod: 0.101262, t_ads: 42.9, t_des: 41.5, bed_util_ads: 0.490, bed_util_des: 0.489, des_th: 0.48921016189006916,frac_lost: 0.104, li_recovered:  8.549, time: 0.015697935999924084
L: 0.50, u_super: 0.00314, sec: 170.074, prod: 0.069966, t_ads: 61.6, t_des: 54.0, bed_util_ads: 0.499, bed_util_des: 0.499, des_th: 0.49908256049245164,frac_lost: 0.103, li_recovered:  8.090, time: 0.014320315000077244
L: 0.50, u_super: 0.00501, sec: 275.345, prod: 0.113199, t_ads: 38.7, t_des: 35.5, bed_util_ads: 0.496, bed_util_des: 0.496, des_th: 0.4959379160245833,frac_lost: 0.102, li_recovered:  8.395, time: 0.013594588001069496
L: 0.50, u_super: 0.00789, sec: 449.743, prod: 0.178219, t_ads: 24.9, t_des: 22.8, bed_util_ads: 0.498, bed_util_des: 0.498, des_th: 0.49823149861041277,frac_lost: 0.109, li_recovered:  8.489, time: 0.013252999999167514
L: 0.50, u_super: 0.00005 — INFEASIBLE (li_recovered=0.000e+00), time: 0.0017536309987917775
L: 0.69, u_super: 0.00975, sec: 791.128, prod: 0.220153, t_ads: 27.9, t_des: 25.4, bed_util_ads: 0.499, bed_util_des: 0.499, des_th: 0.4986363642419964,frac_lost: 0.109, li_recovered:  11.731, time: 0.012625756000488764
L: 0.50, u_super: 0.00243, sec: 1968.592, prod: 0.003591, t_ads: 81.5, t_des: 2376.4, bed_util_ads: 0.147, bed_util_des: 0.134, des_th: 0.13424466937274374,frac_lost: 0.107, li_recovered:  8.826, time: 0.1864046690006944
L: 0.50, u_super: 0.00799, sec: 454.122, prod: 0.181310, t_ads: 24.3, t_des: 21.9, bed_util_ads: 0.500, bed_util_des: 0.500, des_th: 0.49956645020208423,frac_lost: 0.100, li_recovered:  8.379, time: 0.01565201099947444
L: 21.51, u_super: 0.00886 — INFEASIBLE (li_recovered=0.000e+00), time: 0.007717480999417603
L: 0.50, u_super: 0.00702, sec: 394.758, prod: 0.158968, t_ads: 27.6, t_des: 24.7, bed_util_ads: 0.500, bed_util_des: 0.500, des_th: 0.4997582946974724,frac_lost: 0.101, li_recovered:  8.322, time: 0.015574796998407692
L: 0.50, u_super: 0.00469, sec: 257.102, prod: 0.105473, t_ads: 41.6, t_des: 38.3, bed_util_ads: 0.496, bed_util_des: 0.496, des_th: 0.49568049668552117,frac_lost: 0.106, li_recovered:  8.429, time: 0.014568032000170206
L: 8.03, u_super: 0.00158 — INFEASIBLE (li_recovered=0.000e+00), time: 0.004624049999620183
L: 0.50, u_super: 0.00647, sec: 364.405, prod: 0.145153, t_ads: 30.3, t_des: 28.7, bed_util_ads: 0.492, bed_util_des: 0.492, des_th: 0.49188118972869804,frac_lost: 0.109, li_recovered:  8.569, time: 0.012866658000348252
L: 0.50, u_super: 0.00982, sec: 571.045, prod: 0.222674, t_ads: 19.9, t_des: 17.9, bed_util_ads: 0.500, bed_util_des: 0.500, des_th: 0.4996633671210025,frac_lost: 0.103, li_recovered:  8.400, time: 0.01826760599942645
L: 58.54, u_super: 0.00210 — INFEASIBLE (li_recovered=0.000e+00), time: 0.0018170009989262326
L: 3.52, u_super: 0.00865 — INFEASIBLE (li_recovered=0.000e+00), time: 0.007593558999360539
L: 0.50, u_super: 0.00990, sec: 576.015, prod: 0.224810, t_ads: 19.7, t_des: 17.9, bed_util_ads: 0.500, bed_util_des: 0.499, des_th: 0.49941800771673645,frac_lost: 0.102, li_recovered:  8.443, time: 0.01218820699978096
L: 0.50, u_super: 0.00753, sec: 427.083, prod: 0.169966, t_ads: 26.0, t_des: 23.3, bed_util_ads: 0.500, bed_util_des: 0.500, des_th: 0.49993895927583887,frac_lost: 0.108, li_recovered:  8.385, time: 0.014127668999208254
L: 0.50, u_super: 0.00609, sec: 386.085, prod: 0.120908, t_ads: 32.1, t_des: 39.8, bed_util_ads: 0.459, bed_util_des: 0.458, des_th: 0.4579567070777723,frac_lost: 0.106, li_recovered:  8.687, time: 0.013817529999869294
L: 0.50, u_super: 0.00834, sec: 475.696, prod: 0.189188, t_ads: 23.3, t_des: 21.0, bed_util_ads: 0.500, bed_util_des: 0.500, des_th: 0.4998786049481387,frac_lost: 0.100, li_recovered:  8.386, time: 0.017342277000352624
L: 0.50, u_super: 0.00843, sec: 483.048, prod: 0.190753, t_ads: 23.2, t_des: 20.8, bed_util_ads: 0.500, bed_util_des: 0.500, des_th: 0.49968900471567756,frac_lost: 0.106, li_recovered:  8.400, time: 0.010972837999361218
L: 10.34, u_super: 0.00058 — INFEASIBLE (li_recovered=0.000e+00), time: 0.0025941450003301725
L: 0.50, u_super: 0.00577, sec: 320.172, prod: 0.130362, t_ads: 33.7, t_des: 30.1, bed_util_ads: 0.499, bed_util_des: 0.499, des_th: 0.49928370213534273,frac_lost: 0.103, li_recovered:  8.314, time: 0.012050102999637602
L: 0.50, u_super: 0.00491, sec: 2362.009, prod: 0.012629, t_ads: 39.8, t_des: 655.4, bed_util_ads: 0.188, bed_util_des: 0.183, des_th: 0.182665758971042,frac_lost: 0.101, li_recovered:  8.780, time: 0.09978769899862527
L: 0.50, u_super: 0.00688, sec: 386.383, prod: 0.155909, t_ads: 28.2, t_des: 25.2, bed_util_ads: 0.500, bed_util_des: 0.500, des_th: 0.4998084912995314,frac_lost: 0.100, li_recovered:  8.326, time: 0.016483720999531215
L: 0.50, u_super: 0.00010 — INFEASIBLE (li_recovered=0.000e+00), time: 0.0036458890008361777
L: 0.50, u_super: 0.00369, sec: 200.835, prod: 0.082717, t_ads: 52.6, t_des: 46.6, bed_util_ads: 0.500, bed_util_des: 0.500, des_th: 0.49968474892849796,frac_lost: 0.105, li_recovered:  8.203, time: 0.014539710000462946
L: 0.50, u_super: 0.00844, sec: 496.220, prod: 0.185986, t_ads: 23.2, t_des: 23.5, bed_util_ads: 0.485, bed_util_des: 0.485, des_th: 0.484684349549151,frac_lost: 0.105, li_recovered:  8.679, time: 0.016317693000019062
L: 0.50, u_super: 0.00086 — INFEASIBLE (li_recovered=0.000e+00), time: 0.009975137001674739
L: 0.50, u_super: 0.00386, sec: 210.360, prod: 0.086659, t_ads: 50.4, t_des: 45.1, bed_util_ads: 0.499, bed_util_des: 0.499, des_th: 0.49873843458924905,frac_lost: 0.107, li_recovered:  8.275, time: 0.01618793200032087
L: 0.50, u_super: 0.00579, sec: 327.245, prod: 0.128374, t_ads: 33.5, t_des: 33.7, bed_util_ads: 0.485, bed_util_des: 0.485, des_th: 0.48514417368264373,frac_lost: 0.102, li_recovered:  8.626, time: 0.013429431999611552
L: 0.50, u_super: 0.00805, sec: 493.414, prod: 0.169600, t_ads: 24.3, t_des: 27.0, bed_util_ads: 0.473, bed_util_des: 0.473, des_th: 0.47305267595605544,frac_lost: 0.105, li_recovered:  8.702, time: 0.014653672000349616
L: 0.50, u_super: 0.00162, sec: 89.354, prod: 0.034855, t_ads: 117.2, t_des: 98.0, bed_util_ads: 0.500, bed_util_des: 0.500, des_th: 0.49962795315547526,frac_lost: 0.101, li_recovered:  7.502, time: 0.012638505000722944
L: 3.93, u_super: 0.00367 — INFEASIBLE (li_recovered=0.000e+00), time: 0.008835800999804633
L: 0.50, u_super: 0.00955, sec: 554.435, prod: 0.216518, t_ads: 20.5, t_des: 18.6, bed_util_ads: 0.499, bed_util_des: 0.499, des_th: 0.499086816421434,frac_lost: 0.105, li_recovered:  8.449, time: 0.012995091999982833
   831 |    33240 |     40 |  0.0039073746 |             f
L: 0.50, u_super: 0.00453, sec: 249.864, prod: 0.101317, t_ads: 42.8, t_des: 41.5, bed_util_ads: 0.489, bed_util_des: 0.489, des_th: 0.48858015903174074,frac_lost: 0.103, li_recovered:  8.546, time: 0.012235602998771355
L: 0.50, u_super: 0.00876, sec: 503.720, prod: 0.198613, t_ads: 22.3, t_des: 20.5, bed_util_ads: 0.498, bed_util_des: 0.498, des_th: 0.4980073529671215,frac_lost: 0.104, li_recovered:  8.489, time: 0.015377903000626247
L: 0.50, u_super: 0.00243, sec: 130.766, prod: 0.054139, t_ads: 79.3, t_des: 71.5, bed_util_ads: 0.496, bed_util_des: 0.495, des_th: 0.4952095434490425,frac_lost: 0.104, li_recovered:  8.161, time: 0.01800167800138297
L: 0.50, u_super: 0.00205, sec: 110.967, prod: 0.044908, t_ads: 93.6, t_des: 80.8, bed_util_ads: 0.498, bed_util_des: 0.498, des_th: 0.4982888307616771,frac_lost: 0.102, li_recovered:  7.833, time: 0.012498602000050596
L: 0.50, u_super: 0.00083, sec: 46.459, prod: 0.017372, t_ads: 223.4, t_des: 194.6, bed_util_ads: 0.486, bed_util_des: 0.486, des_th: 0.48582693979679203,frac_lost: 0.101, li_recovered:  7.261, time: 0.019005136999112437
L: 0.50, u_super: 0.00127, sec: 71.045, prod: 0.026594, t_ads: 149.9, t_des: 122.4, bed_util_ads: 0.499, bed_util_des: 0.499, des_th: 0.49934522991711494,frac_lost: 0.105, li_recovered:  7.241, time: 0.014392129000043496
L: 0.50, u_super: 0.00648, sec: 362.327, prod: 0.146608, t_ads: 29.9, t_des: 26.8, bed_util_ads: 0.500, bed_util_des: 0.500, des_th: 0.4997582946974724,frac_lost: 0.101, li_recovered:  8.312, time: 0.01132941200012283
L: 0.50, u_super: 0.00210, sec: 509.998, prod: 0.010312, t_ads: 93.8, t_des: 755.7, bed_util_ads: 0.244, bed_util_des: 0.234, des_th: 0.23396276094665863,frac_lost: 0.107, li_recovered:  8.760, time: 0.06077273300070374
L: 0.50, u_super: 0.00044 — INFEASIBLE (li_recovered=0.000e+00), time: 0.00830549900092592
L: 0.50, u_super: 0.00534, sec: 294.893, prod: 0.120297, t_ads: 36.5, t_des: 32.6, bed_util_ads: 0.500, bed_util_des: 0.499, des_th: 0.49941692621369194,frac_lost: 0.105, li_recovered:  8.305, time: 0.011776061001000926
L: 0.50, u_super: 0.00936, sec: 604.238, prod: 0.190306, t_ads: 20.9, t_des: 24.9, bed_util_ads: 0.465, bed_util_des: 0.464, des_th: 0.46415562096069174,frac_lost: 0.105, li_recovered:  8.716, time: 0.008922265998990042
L: 0.50, u_super: 0.00524, sec: 288.824, prod: 0.118358, t_ads: 37.0, t_des: 33.2, bed_util_ads: 0.499, bed_util_des: 0.499, des_th: 0.4989539570014962,frac_lost: 0.102, li_recovered:  8.305, time: 0.013479545999871334
L: 0.50, u_super: 0.00268, sec: 144.737, prod: 0.059762, t_ads: 72.0, t_des: 68.5, bed_util_ads: 0.489, bed_util_des: 0.489, des_th: 0.48858015903174074,frac_lost: 0.104, li_recovered:  8.395, time: 0.010604491000776761
L: 0.50, u_super: 0.00652, sec: 364.235, prod: 0.147584, t_ads: 29.8, t_des: 27.6, bed_util_ads: 0.496, bed_util_des: 0.496, des_th: 0.4959379160245833,frac_lost: 0.101, li_recovered:  8.473, time: 0.015995617000953644
L: 14.57, u_super: 0.00865 — INFEASIBLE (li_recovered=0.000e+00), time: 0.005450417000247398
L: 0.50, u_super: 0.00582, sec: 322.469, prod: 0.131532, t_ads: 33.3, t_des: 29.9, bed_util_ads: 0.499, bed_util_des: 0.499, des_th: 0.49928370213534273,frac_lost: 0.101, li_recovered:  8.321, time: 0.012355789000139339
L: 7.58, u_super: 0.00648 — INFEASIBLE (li_recovered=0.000e+00), time: 0.008680151999215013
L: 0.50, u_super: 0.00005, sec: 4.340, prod: 0.000667, t_ads: 3354.8, t_des: 5512.4, bed_util_ads: 0.255, bed_util_des: 0.191, des_th: 0.1918383250342373,frac_lost: 0.103, li_recovered:  5.914, time: 0.014240818998587201
L: 0.50, u_super: 0.00058 — INFEASIBLE (li_recovered=0.000e+00), time: 0.006802828998843324
L: 0.50, u_super: 0.00005, sec: 4.335, prod: 0.000668, t_ads: 3532.5, t_des: 6369.3, bed_util_ads: 0.249, bed_util_des: 0.175, des_th: 0.1749578407019775,frac_lost: 0.101, li_recovered:  6.612, time: 0.010729735999120749
L: 0.50, u_super: 0.00470, sec: 257.454, prod: 0.105764, t_ads: 41.5, t_des: 37.9, bed_util_ads: 0.497, bed_util_des: 0.497, des_th: 0.49674027283475036,frac_lost: 0.106, li_recovered:  8.395, time: 0.013334097999177175
L: 0.50, u_super: 0.00964, sec: 560.368, prod: 0.218535, t_ads: 20.3, t_des: 18.4, bed_util_ads: 0.500, bed_util_des: 0.500, des_th: 0.4997121260543198,frac_lost: 0.106, li_recovered:  8.448, time: 0.008843132000038167
L: 0.50, u_super: 0.00936, sec: 561.871, prod: 0.204655, t_ads: 20.8, t_des: 21.7, bed_util_ads: 0.482, bed_util_des: 0.482, des_th: 0.48204010313521134,frac_lost: 0.104, li_recovered:  8.697, time: 0.010121912999238702
L: 0.50, u_super: 0.00701, sec: 396.399, prod: 0.157687, t_ads: 28.0, t_des: 26.3, bed_util_ads: 0.494, bed_util_des: 0.494, des_th: 0.4935817249434515,frac_lost: 0.108, li_recovered:  8.552, time: 0.012702149000688223
L: 0.50, u_super: 0.00023 — INFEASIBLE (li_recovered=0.000e+00), time: 0.002781005001452286
L: 0.50, u_super: 0.00762, sec: 431.035, prod: 0.172852, t_ads: 25.5, t_des: 23.0, bed_util_ads: 0.499, bed_util_des: 0.499, des_th: 0.4985954330189055,frac_lost: 0.100, li_recovered:  8.380, time: 0.009672680998846772
L: 2.03, u_super: 0.00990, sec: 2401.792, prod: 0.218811, t_ads: 79.0, t_des: 68.5, bed_util_ads: 0.499, bed_util_des: 0.499, des_th: 0.498955038504527,frac_lost: 0.104, li_recovered:  32.286, time: 0.008551558001272497
L: 0.50, u_super: 0.00058 — INFEASIBLE (li_recovered=0.000e+00), time: 0.004358882000815356
L: 0.50, u_super: 0.00241, sec: 130.646, prod: 0.053237, t_ads: 80.0, t_des: 69.4, bed_util_ads: 0.499, bed_util_des: 0.499, des_th: 0.4990796069714368,frac_lost: 0.105, li_recovered:  7.953, time: 0.011720013000740437
L: 0.50, u_super: 0.00261, sec: 140.607, prod: 0.058251, t_ads: 73.8, t_des: 66.3, bed_util_ads: 0.496, bed_util_des: 0.495, des_th: 0.49525275428550475,frac_lost: 0.103, li_recovered:  8.164, time: 0.014386286999069853
L: 0.50, u_super: 0.00760, sec: 431.739, prod: 0.171711, t_ads: 25.8, t_des: 23.1, bed_util_ads: 0.500, bed_util_des: 0.500, des_th: 0.4998151496542467,frac_lost: 0.108, li_recovered:  8.394, time: 0.009641192998969927
L: 10.48, u_super: 0.00470 — INFEASIBLE (li_recovered=0.000e+00), time: 0.004135276998567861
L: 0.50, u_super: 0.00083, sec: 45.608, prod: 0.017696, t_ads: 224.1, t_des: 218.1, bed_util_ads: 0.472, bed_util_des: 0.471, des_th: 0.47074607325866635,frac_lost: 0.100, li_recovered:  7.825, time: 0.010364223999204114
L: 0.50, u_super: 0.00385, sec: 238.874, prod: 0.075712, t_ads: 50.6, t_des: 63.5, bed_util_ads: 0.456, bed_util_des: 0.455, des_th: 0.45480956063410133,frac_lost: 0.105, li_recovered:  8.634, time: 0.011729537000064738
L: 0.50, u_super: 0.00315, sec: 170.826, prod: 0.070357, t_ads: 61.3, t_des: 53.9, bed_util_ads: 0.500, bed_util_des: 0.500, des_th: 0.49969676398448626,frac_lost: 0.103, li_recovered:  8.101, time: 0.008831073999317596
L: 0.50, u_super: 0.00737, sec: 418.304, prod: 0.166121, t_ads: 26.5, t_des: 25.0, bed_util_ads: 0.494, bed_util_des: 0.493, des_th: 0.4934160544976687,frac_lost: 0.106, li_recovered:  8.555, time: 0.013305815000421717
L: 0.50, u_super: 0.00024 — INFEASIBLE (li_recovered=0.000e+00), time: 0.004333013001087238
L: 0.50, u_super: 0.00013 — INFEASIBLE (li_recovered=0.000e+00), time: 0.002034092000030796
L: 0.50, u_super: 0.00193, sec: 335.776, prod: 0.013187, t_ads: 101.1, t_des: 559.5, bed_util_ads: 0.280, bed_util_des: 0.270, des_th: 0.2701822186963147,frac_lost: 0.102, li_recovered:  8.712, time: 0.030813417999524972
L: 38.63, u_super: 0.00206, sec: 26800.333, prod: 0.014621, t_ads: 3706.6, t_des: 3572.2, bed_util_ads: 0.209, bed_util_des: 0.191, des_th: 0.19139114361671006,frac_lost: 0.101, li_recovered:  106.424, time: 0.004986191999705625
   832 |    33280 |     40 |  0.0013323373 |             f
L: 0.50, u_super: 0.00330, sec: 179.051, prod: 0.073757, t_ads: 58.4, t_des: 56.4, bed_util_ads: 0.488, bed_util_des: 0.488, des_th: 0.4878772195703667,frac_lost: 0.100, li_recovered:  8.466, time: 0.01267955500043172
L: 0.50, u_super: 0.00802, sec: 481.073, prod: 0.172503, t_ads: 24.4, t_des: 26.0, bed_util_ads: 0.479, bed_util_des: 0.479, des_th: 0.47868500417963206,frac_lost: 0.106, li_recovered:  8.697, time: 0.01214221699956397
L: 0.50, u_super: 0.00925, sec: 535.000, prod: 0.209499, t_ads: 21.1, t_des: 19.4, bed_util_ads: 0.498, bed_util_des: 0.498, des_th: 0.4980073529671215,frac_lost: 0.105, li_recovered:  8.500, time: 0.00848165000024892
L: 75.14, u_super: 0.00005 — INFEASIBLE (li_recovered=0.000e+00), time: 0.0018947680000565015
L: 0.50, u_super: 0.00471, sec: 258.451, prod: 0.105889, t_ads: 41.4, t_des: 36.8, bed_util_ads: 0.500, bed_util_des: 0.500, des_th: 0.4997582946974724,frac_lost: 0.106, li_recovered:  8.282, time: 0.012732047000099556
L: 35.34, u_super: 0.00667 — INFEASIBLE (li_recovered=0.000e+00), time: 0.002569382999354275
L: 0.50, u_super: 0.00144, sec: 78.360, prod: 0.031193, t_ads: 132.7, t_des: 115.2, bed_util_ads: 0.495, bed_util_des: 0.495, des_th: 0.49504782467358216,frac_lost: 0.106, li_recovered:  7.733, time: 0.008003979999557487
L: 0.50, u_super: 0.00291, sec: 156.793, prod: 0.065117, t_ads: 66.2, t_des: 59.7, bed_util_ads: 0.496, bed_util_des: 0.495, des_th: 0.49522305032116914,frac_lost: 0.102, li_recovered:  8.196, time: 0.00797426600001927
L: 0.50, u_super: 0.00865, sec: 496.562, prod: 0.195830, t_ads: 22.6, t_des: 20.3, bed_util_ads: 0.500, bed_util_des: 0.500, des_th: 0.49999705480575374,frac_lost: 0.105, li_recovered:  8.394, time: 0.013661482000316028
L: 0.50, u_super: 0.00453, sec: 250.975, prod: 0.100868, t_ads: 43.0, t_des: 42.0, bed_util_ads: 0.488, bed_util_des: 0.488, des_th: 0.4881001498219961,frac_lost: 0.106, li_recovered:  8.569, time: 0.01159280700085219
L: 0.50, u_super: 0.00470, sec: 260.188, prod: 0.104652, t_ads: 41.3, t_des: 40.6, bed_util_ads: 0.487, bed_util_des: 0.487, des_th: 0.4868236937423181,frac_lost: 0.102, li_recovered:  8.572, time: 0.015153082000324503
L: 0.50, u_super: 0.00296, sec: 159.423, prod: 0.066330, t_ads: 65.1, t_des: 59.3, bed_util_ads: 0.496, bed_util_des: 0.495, des_th: 0.49525275428550475,frac_lost: 0.102, li_recovered:  8.251, time: 0.013685400999747799
L: 0.50, u_super: 0.00648, sec: 361.987, prod: 0.146647, t_ads: 29.9, t_des: 26.8, bed_util_ads: 0.500, bed_util_des: 0.500, des_th: 0.4997582946974724,frac_lost: 0.100, li_recovered:  8.315, time: 0.012256699001227389
L: 0.50, u_super: 0.00846, sec: 484.635, prod: 0.191427, t_ads: 23.1, t_des: 20.7, bed_util_ads: 0.500, bed_util_des: 0.500, des_th: 0.49991295473813196,frac_lost: 0.106, li_recovered:  8.390, time: 0.012993831998755923
L: 0.50, u_super: 0.00667, sec: 375.072, prod: 0.150558, t_ads: 29.4, t_des: 26.6, bed_util_ads: 0.499, bed_util_des: 0.499, des_th: 0.49877665320213876,frac_lost: 0.110, li_recovered:  8.433, time: 0.014844301000266569
L: 0.50, u_super: 0.00973, sec: 566.688, prod: 0.220361, t_ads: 20.1, t_des: 18.6, bed_util_ads: 0.496, bed_util_des: 0.496, des_th: 0.4959033416772434,frac_lost: 0.105, li_recovered:  8.531, time: 0.012291557000935427
L: 0.50, u_super: 0.00912, sec: 526.591, prod: 0.206504, t_ads: 21.5, t_des: 19.5, bed_util_ads: 0.500, bed_util_des: 0.500, des_th: 0.49962683573106037,frac_lost: 0.106, li_recovered:  8.449, time: 0.014832611001111218
L: 0.50, u_super: 0.00648, sec: 362.327, prod: 0.146608, t_ads: 29.9, t_des: 26.8, bed_util_ads: 0.500, bed_util_des: 0.500, des_th: 0.4997582946974724,frac_lost: 0.101, li_recovered:  8.312, time: 0.013084606000120402
L: 0.50, u_super: 0.00607, sec: 337.233, prod: 0.137315, t_ads: 32.0, t_des: 29.1, bed_util_ads: 0.498, bed_util_des: 0.498, des_th: 0.49764573976238097,frac_lost: 0.102, li_recovered:  8.382, time: 0.016383723999751965
L: 0.50, u_super: 0.00865, sec: 507.913, prod: 0.191540, t_ads: 22.6, t_des: 22.7, bed_util_ads: 0.487, bed_util_des: 0.487, des_th: 0.48655700037838623,frac_lost: 0.106, li_recovered:  8.673, time: 0.01992731500104128
L: 104.60, u_super: 0.00174 — INFEASIBLE (li_recovered=0.000e+00), time: 0.002803343999403296
L: 0.50, u_super: 0.00730, sec: 424.317, prod: 0.160692, t_ads: 26.8, t_des: 27.2, bed_util_ads: 0.485, bed_util_des: 0.485, des_th: 0.48465477173803306,frac_lost: 0.106, li_recovered:  8.670, time: 0.012594051999258227
L: 0.50, u_super: 0.00011, sec: 8.993, prod: 0.001497, t_ads: 1630.8, t_des: 2940.5, bed_util_ads: 0.297, bed_util_des: 0.248, des_th: 0.24855231776503345,frac_lost: 0.102, li_recovered:  6.842, time: 0.016959758999291807
L: 0.50, u_super: 0.00501, sec: 2743.178, prod: 0.011362, t_ads: 39.1, t_des: 734.1, bed_util_ads: 0.178, bed_util_des: 0.173, des_th: 0.17280844391382888,frac_lost: 0.103, li_recovered:  8.785, time: 0.16103099400061183
L: 32.77, u_super: 0.00924 — INFEASIBLE (li_recovered=0.000e+00), time: 0.004459973000848549
L: 3.91, u_super: 0.00772 — INFEASIBLE (li_recovered=0.000e+00), time: 0.006781870999475359
L: 0.50, u_super: 0.00357, sec: 194.017, prod: 0.079926, t_ads: 54.0, t_des: 47.5, bed_util_ads: 0.500, bed_util_des: 0.500, des_th: 0.49984247089771594,frac_lost: 0.101, li_recovered:  8.117, time: 0.016555123000216554
L: 0.50, u_super: 0.00182, sec: 98.023, prod: 0.040295, t_ads: 104.6, t_des: 94.1, bed_util_ads: 0.493, bed_util_des: 0.493, des_th: 0.49273312670607156,frac_lost: 0.100, li_recovered:  8.005, time: 0.017394346999935806
L: 0.50, u_super: 0.00683, sec: 382.992, prod: 0.154559, t_ads: 28.4, t_des: 25.4, bed_util_ads: 0.500, bed_util_des: 0.500, des_th: 0.49975742273087653,frac_lost: 0.100, li_recovered:  8.318, time: 0.016302010999424965
L: 0.50, u_super: 0.00048, sec: 28.608, prod: 0.009320, t_ads: 372.0, t_des: 322.1, bed_util_ads: 0.471, bed_util_des: 0.471, des_th: 0.47122608197634513,frac_lost: 0.101, li_recovered:  6.469, time: 0.015424829000039608
L: 3.56, u_super: 0.00876, sec: 3854.963, prod: 0.184868, t_ads: 154.4, t_des: 127.7, bed_util_ads: 0.498, bed_util_des: 0.498, des_th: 0.4980073529671215,frac_lost: 0.106, li_recovered:  52.150, time: 0.01648510700033512
L: 0.50, u_super: 0.00177, sec: 95.334, prod: 0.039142, t_ads: 107.7, t_des: 97.1, bed_util_ads: 0.493, bed_util_des: 0.493, des_th: 0.49270342274173656,frac_lost: 0.102, li_recovered:  8.015, time: 0.01502553399950557
L: 0.50, u_super: 0.00936, sec: 541.550, prod: 0.212335, t_ads: 20.8, t_des: 19.0, bed_util_ads: 0.499, bed_util_des: 0.499, des_th: 0.499086816421434,frac_lost: 0.104, li_recovered:  8.448, time: 0.020553078000375535
L: 7.58, u_super: 0.00453 — INFEASIBLE (li_recovered=0.000e+00), time: 0.006530532999022398
L: 0.50, u_super: 0.00541, sec: 298.673, prod: 0.122140, t_ads: 35.9, t_des: 32.3, bed_util_ads: 0.500, bed_util_des: 0.499, des_th: 0.49941800771673645,frac_lost: 0.103, li_recovered:  8.328, time: 0.01314788700074132
L: 29.55, u_super: 0.00360 — INFEASIBLE (li_recovered=0.000e+00), time: 0.0029953950015624287
L: 0.50, u_super: 0.00389, sec: 215.703, prod: 0.085864, t_ads: 49.9, t_des: 50.0, bed_util_ads: 0.484, bed_util_des: 0.483, des_th: 0.48317936104887493,frac_lost: 0.105, li_recovered:  8.574, time: 0.020442589999220218
L: 0.50, u_super: 0.00805, sec: 459.555, prod: 0.182096, t_ads: 24.3, t_des: 22.0, bed_util_ads: 0.500, bed_util_des: 0.500, des_th: 0.49982101099911264,frac_lost: 0.108, li_recovered:  8.434, time: 0.01556596499904117
L: 10.91, u_super: 0.00005 — INFEASIBLE (li_recovered=0.000e+00), time: 0.0017655470001045614
L: 0.50, u_super: 0.00006 — INFEASIBLE (li_recovered=0.000e+00), time: 0.0035191840015613707
   833 |    33320 |     40 |  0.0030484336 |             f
L: 0.50, u_super: 0.00956, sec: 554.286, prod: 0.216717, t_ads: 20.4, t_des: 18.5, bed_util_ads: 0.499, bed_util_des: 0.499, des_th: 0.4990229305451572,frac_lost: 0.104, li_recovered:  8.440, time: 0.013425294999251491
L: 0.50, u_super: 0.00876, sec: 504.407, prod: 0.198343, t_ads: 22.3, t_des: 20.5, bed_util_ads: 0.498, bed_util_des: 0.498, des_th: 0.4981490412135344,frac_lost: 0.107, li_recovered:  8.489, time: 0.01710378200004925
L: 0.50, u_super: 0.00512, sec: 281.384, prod: 0.115479, t_ads: 38.0, t_des: 34.4, bed_util_ads: 0.498, bed_util_des: 0.498, des_th: 0.4983149940367338,frac_lost: 0.103, li_recovered:  8.357, time: 0.014724959000886884
L: 0.50, u_super: 0.00800, sec: 454.676, prod: 0.181355, t_ads: 24.3, t_des: 21.9, bed_util_ads: 0.499, bed_util_des: 0.499, des_th: 0.4990361374581504,frac_lost: 0.101, li_recovered:  8.381, time: 0.015360904999397462
L: 0.50, u_super: 0.00389, sec: 212.193, prod: 0.087284, t_ads: 49.9, t_des: 44.1, bed_util_ads: 0.500, bed_util_des: 0.500, des_th: 0.4998276731316844,frac_lost: 0.105, li_recovered:  8.203, time: 0.024117925999235013
L: 0.72, u_super: 0.00702, sec: 573.389, prod: 0.158135, t_ads: 40.0, t_des: 35.7, bed_util_ads: 0.500, bed_util_des: 0.500, des_th: 0.4997582837955693,frac_lost: 0.104, li_recovered:  11.963, time: 0.022660331000224687
L: 0.50, u_super: 0.00989, sec: 696.050, prod: 0.185687, t_ads: 19.7, t_des: 27.3, bed_util_ads: 0.447, bed_util_des: 0.446, des_th: 0.44639605555941064,frac_lost: 0.103, li_recovered:  8.722, time: 0.019797506000031717
L: 11.86, u_super: 0.00453 — INFEASIBLE (li_recovered=0.000e+00), time: 0.004927784999381402
L: 0.50, u_super: 0.00019, sec: 26.483, prod: 0.001521, t_ads: 1065.4, t_des: 4576.9, bed_util_ads: 0.250, bed_util_des: 0.185, des_th: 0.1851696623157332,frac_lost: 0.104, li_recovered:  8.581, time: 0.04999797100026626
L: 0.50, u_super: 0.00220, sec: 118.937, prod: 0.048391, t_ads: 88.0, t_des: 76.4, bed_util_ads: 0.499, bed_util_des: 0.499, des_th: 0.498854738455216,frac_lost: 0.107, li_recovered:  7.954, time: 0.013338294000277529
L: 0.50, u_super: 0.00389, sec: 212.786, prod: 0.087041, t_ads: 49.9, t_des: 47.8, bed_util_ads: 0.490, bed_util_des: 0.489, des_th: 0.4891156654555676,frac_lost: 0.104, li_recovered:  8.502, time: 0.013480497000273317
L: 0.50, u_super: 0.00701, sec: 395.689, prod: 0.158331, t_ads: 27.9, t_des: 25.0, bed_util_ads: 0.500, bed_util_des: 0.499, des_th: 0.49944864995974386,frac_lost: 0.108, li_recovered:  8.383, time: 0.014144836999548716
L: 23.73, u_super: 0.00144 — INFEASIBLE (li_recovered=0.000e+00), time: 0.002330071998585481
L: 0.50, u_super: 0.00210, sec: 114.111, prod: 0.046088, t_ads: 91.8, t_des: 78.9, bed_util_ads: 0.500, bed_util_des: 0.500, des_th: 0.4996313554179814,frac_lost: 0.107, li_recovered:  7.870, time: 0.012593512999956147
L: 0.50, u_super: 0.00127, sec: 68.409, prod: 0.027619, t_ads: 150.0, t_des: 139.2, bed_util_ads: 0.485, bed_util_des: 0.484, des_th: 0.48446867473545524,frac_lost: 0.104, li_recovered:  7.989, time: 0.01279060300112178
L: 0.50, u_super: 0.00935, sec: 541.040, prod: 0.211798, t_ads: 20.9, t_des: 19.2, bed_util_ads: 0.498, bed_util_des: 0.498, des_th: 0.4975144655782741,frac_lost: 0.105, li_recovered:  8.491, time: 0.010169017001317116
L: 21.31, u_super: 0.00805 — INFEASIBLE (li_recovered=0.000e+00), time: 0.0026637829996616347
L: 0.50, u_super: 0.00780, sec: 556.933, prod: 0.140569, t_ads: 25.1, t_des: 36.9, bed_util_ads: 0.438, bed_util_des: 0.438, des_th: 0.4376697180646872,frac_lost: 0.106, li_recovered:  8.715, time: 0.01554586800011748
L: 9.14, u_super: 0.00518 — INFEASIBLE (li_recovered=0.000e+00), time: 0.005562869999266695
L: 0.50, u_super: 0.00083, sec: 45.745, prod: 0.017643, t_ads: 226.4, t_des: 217.9, bed_util_ads: 0.473, bed_util_des: 0.471, des_th: 0.4712776366343117,frac_lost: 0.107, li_recovered:  7.840, time: 0.012907391999760875
L: 0.50, u_super: 0.00274, sec: 148.358, prod: 0.060914, t_ads: 70.5, t_des: 61.8, bed_util_ads: 0.499, bed_util_des: 0.498, des_th: 0.4982888307616771,frac_lost: 0.105, li_recovered:  8.058, time: 0.012749747000270872
L: 0.50, u_super: 0.00109, sec: 59.491, prod: 0.023440, t_ads: 173.9, t_des: 171.7, bed_util_ads: 0.476, bed_util_des: 0.474, des_th: 0.4742962727824793,frac_lost: 0.105, li_recovered:  8.101, time: 0.01285009099956369
L: 0.50, u_super: 0.00607, sec: 337.614, prod: 0.137202, t_ads: 32.0, t_des: 29.0, bed_util_ads: 0.499, bed_util_des: 0.499, des_th: 0.4989539570014962,frac_lost: 0.103, li_recovered:  8.373, time: 0.01186329200027103
L: 0.50, u_super: 0.00743, sec: 420.000, prod: 0.168110, t_ads: 26.2, t_des: 24.5, bed_util_ads: 0.494, bed_util_des: 0.494, des_th: 0.4942018688889599,frac_lost: 0.102, li_recovered:  8.514, time: 0.014056923000680399
L: 0.50, u_super: 0.00683, sec: 384.409, prod: 0.153989, t_ads: 28.7, t_des: 25.7, bed_util_ads: 0.500, bed_util_des: 0.500, des_th: 0.4997574336327796,frac_lost: 0.109, li_recovered:  8.378, time: 0.016064186000221525
L: 0.50, u_super: 0.00627, sec: 349.868, prod: 0.141825, t_ads: 31.0, t_des: 27.7, bed_util_ads: 0.500, bed_util_des: 0.500, des_th: 0.4997582946974724,frac_lost: 0.102, li_recovered:  8.316, time: 0.010974405000524712
L: 0.50, u_super: 0.00081, sec: 46.051, prod: 0.016769, t_ads: 228.6, t_des: 193.6, bed_util_ads: 0.489, bed_util_des: 0.488, des_th: 0.48861309244353895,frac_lost: 0.103, li_recovered:  7.080, time: 0.013049268000031589
L: 0.50, u_super: 0.00056, sec: 31.871, prod: 0.011542, t_ads: 324.5, t_des: 305.4, bed_util_ads: 0.467, bed_util_des: 0.465, des_th: 0.4649129131802043,frac_lost: 0.103, li_recovered:  7.270, time: 0.019171681999068824
L: 0.50, u_super: 0.00933, sec: 539.754, prod: 0.211473, t_ads: 20.9, t_des: 19.0, bed_util_ads: 0.500, bed_util_des: 0.500, des_th: 0.49962683573106037,frac_lost: 0.105, li_recovered:  8.453, time: 0.012156659000538639
L: 0.50, u_super: 0.00990, sec: 576.814, prod: 0.224467, t_ads: 19.7, t_des: 17.9, bed_util_ads: 0.499, bed_util_des: 0.499, des_th: 0.4990054952151155,frac_lost: 0.105, li_recovered:  8.454, time: 0.015176591999988887
L: 0.50, u_super: 0.00274, sec: 148.152, prod: 0.060999, t_ads: 70.4, t_des: 61.9, bed_util_ads: 0.499, bed_util_des: 0.498, des_th: 0.4982854075912177,frac_lost: 0.103, li_recovered:  8.071, time: 0.0163054969998484
L: 3.34, u_super: 0.00541 — INFEASIBLE (li_recovered=0.000e+00), time: 0.005843614999321289
L: 0.50, u_super: 0.00028, sec: 53.363, prod: 0.001672, t_ads: 721.9, t_des: 4531.1, bed_util_ads: 0.233, bed_util_des: 0.176, des_th: 0.1757704430276794,frac_lost: 0.104, li_recovered:  8.784, time: 0.052469885000391514
L: 0.50, u_super: 0.00241, sec: 130.707, prod: 0.053212, t_ads: 80.2, t_des: 69.4, bed_util_ads: 0.499, bed_util_des: 0.499, des_th: 0.49907638452381237,frac_lost: 0.106, li_recovered:  7.957, time: 0.01240495800084318
L: 0.50, u_super: 0.00904, sec: 521.940, prod: 0.204878, t_ads: 21.6, t_des: 19.6, bed_util_ads: 0.500, bed_util_des: 0.500, des_th: 0.49962683573106037,frac_lost: 0.106, li_recovered:  8.452, time: 0.016975460999674397
L: 0.50, u_super: 0.00818, sec: 465.800, prod: 0.185601, t_ads: 23.7, t_des: 22.0, bed_util_ads: 0.497, bed_util_des: 0.496, des_th: 0.49646622521525047,frac_lost: 0.100, li_recovered:  8.479, time: 0.017411074999472476
L: 0.50, u_super: 0.00453, sec: 250.872, prod: 0.100910, t_ads: 43.0, t_des: 41.9, bed_util_ads: 0.488, bed_util_des: 0.488, des_th: 0.4880485951670363,frac_lost: 0.106, li_recovered:  8.567, time: 0.015429113000209327
L: 0.50, u_super: 0.00364, sec: 199.385, prod: 0.081067, t_ads: 53.4, t_des: 51.7, bed_util_ads: 0.488, bed_util_des: 0.488, des_th: 0.4878772195703667,frac_lost: 0.106, li_recovered:  8.517, time: 0.016670129998601624
L: 21.44, u_super: 0.00725 — INFEASIBLE (li_recovered=0.000e+00), time: 0.0034275569996680133
L: 0.50, u_super: 0.00027, sec: 49.569, prod: 0.001727, t_ads: 732.1, t_des: 4323.9, bed_util_ads: 0.237, bed_util_des: 0.181, des_th: 0.1806359716147015,frac_lost: 0.102, li_recovered:  8.733, time: 0.046257048001280054
   834 |    33360 |     40 |  0.0018136282 |             f
L: 0.50, u_super: 0.00739, sec: 417.705, prod: 0.167518, t_ads: 26.2, t_des: 23.4, bed_util_ads: 0.500, bed_util_des: 0.500, des_th: 0.4999847675181789,frac_lost: 0.100, li_recovered:  8.321, time: 0.013859734001016477
L: 0.50, u_super: 0.00241, sec: 130.574, prod: 0.053270, t_ads: 79.9, t_des: 69.3, bed_util_ads: 0.499, bed_util_des: 0.499, des_th: 0.49907953884634093,frac_lost: 0.103, li_recovered:  7.947, time: 0.01435613600006036
L: 0.50, u_super: 0.00683, sec: 425.582, prod: 0.139091, t_ads: 28.6, t_des: 33.9, bed_util_ads: 0.465, bed_util_des: 0.464, des_th: 0.46412091007840955,frac_lost: 0.106, li_recovered:  8.694, time: 0.015095630998985143
L: 0.50, u_super: 0.00776, sec: 441.214, prod: 0.175361, t_ads: 25.3, t_des: 22.9, bed_util_ads: 0.499, bed_util_des: 0.499, des_th: 0.49902294829335586,frac_lost: 0.108, li_recovered:  8.442, time: 0.017126687000200036
L: 8.98, u_super: 0.00541 — INFEASIBLE (li_recovered=0.000e+00), time: 0.00502911699913966
L: 0.50, u_super: 0.00887, sec: 531.147, prod: 0.192988, t_ads: 22.0, t_des: 23.0, bed_util_ads: 0.481, bed_util_des: 0.481, des_th: 0.4811667681937134,frac_lost: 0.105, li_recovered:  8.698, time: 0.016527523001059308
L: 0.50, u_super: 0.00005, sec: 4.387, prod: 0.000660, t_ads: 3196.1, t_des: 5051.2, bed_util_ads: 0.255, bed_util_des: 0.199, des_th: 0.2001245614428037,frac_lost: 0.101, li_recovered:  5.442, time: 0.01354603199979465
L: 0.50, u_super: 0.00983, sec: 572.346, prod: 0.222998, t_ads: 19.9, t_des: 18.0, bed_util_ads: 0.500, bed_util_des: 0.499, des_th: 0.49941800771673645,frac_lost: 0.105, li_recovered:  8.453, time: 0.016147042999364203
L: 0.50, u_super: 0.00330, sec: 179.187, prod: 0.073701, t_ads: 58.9, t_des: 52.1, bed_util_ads: 0.500, bed_util_des: 0.500, des_th: 0.4997110064432284,frac_lost: 0.108, li_recovered:  8.181, time: 0.01801601000079245
L: 0.50, u_super: 0.00103, sec: 56.363, prod: 0.022309, t_ads: 181.8, t_des: 166.5, bed_util_ads: 0.483, bed_util_des: 0.482, des_th: 0.4824441607738361,frac_lost: 0.102, li_recovered:  7.769, time: 0.014781437999772606
L: 0.50, u_super: 0.00865, sec: 496.848, prod: 0.195718, t_ads: 22.6, t_des: 20.3, bed_util_ads: 0.500, bed_util_des: 0.500, des_th: 0.49993306300540763,frac_lost: 0.106, li_recovered:  8.393, time: 0.011134527998365229
L: 9.00, u_super: 0.00083 — INFEASIBLE (li_recovered=0.000e+00), time: 0.002274168999065296
L: 0.50, u_super: 0.00543, sec: 299.829, prod: 0.122510, t_ads: 35.8, t_des: 32.0, bed_util_ads: 0.500, bed_util_des: 0.500, des_th: 0.4997691512500328,frac_lost: 0.103, li_recovered:  8.305, time: 0.014637326999945799
L: 0.50, u_super: 0.00938, sec: 543.004, prod: 0.212672, t_ads: 20.8, t_des: 18.9, bed_util_ads: 0.500, bed_util_des: 0.499, des_th: 0.49941800771673645,frac_lost: 0.105, li_recovered:  8.439, time: 0.012277429001187556
L: 0.50, u_super: 0.00561, sec: 310.408, prod: 0.126844, t_ads: 34.5, t_des: 31.0, bed_util_ads: 0.500, bed_util_des: 0.500, des_th: 0.49969676398448626,frac_lost: 0.101, li_recovered:  8.316, time: 0.017562099999850034
L: 0.50, u_super: 0.00241, sec: 131.029, prod: 0.053081, t_ads: 79.9, t_des: 68.6, bed_util_ads: 0.500, bed_util_des: 0.500, des_th: 0.49994966658841244,frac_lost: 0.104, li_recovered:  7.881, time: 0.015107668999917223
L: 0.50, u_super: 0.00633, sec: 353.313, prod: 0.142920, t_ads: 30.7, t_des: 27.4, bed_util_ads: 0.500, bed_util_des: 0.500, des_th: 0.4997582946974724,frac_lost: 0.103, li_recovered:  8.309, time: 0.013461567999911495
L: 0.50, u_super: 0.00779, sec: 451.419, prod: 0.172811, t_ads: 25.2, t_des: 24.9, bed_util_ads: 0.488, bed_util_des: 0.488, des_th: 0.4878350740156379,frac_lost: 0.108, li_recovered:  8.658, time: 0.023072738000337267
L: 0.50, u_super: 0.00422, sec: 230.981, prod: 0.094757, t_ads: 46.0, t_des: 40.5, bed_util_ads: 0.500, bed_util_des: 0.500, des_th: 0.49982444184276004,frac_lost: 0.104, li_recovered:  8.197, time: 0.01380272800088278
L: 0.50, u_super: 0.00759, sec: 430.508, prod: 0.171692, t_ads: 25.6, t_des: 24.2, bed_util_ads: 0.494, bed_util_des: 0.494, des_th: 0.4938516445893927,frac_lost: 0.100, li_recovered:  8.545, time: 0.021433906000311254
L: 0.50, u_super: 0.00293, sec: 158.274, prod: 0.065350, t_ads: 65.7, t_des: 58.1, bed_util_ads: 0.499, bed_util_des: 0.498, des_th: 0.49828889888671835,frac_lost: 0.101, li_recovered:  8.090, time: 0.01746112299952074
L: 3.46, u_super: 0.00669 — INFEASIBLE (li_recovered=0.000e+00), time: 0.010181098999964888
L: 0.50, u_super: 0.00956, sec: 554.669, prod: 0.216568, t_ads: 20.5, t_des: 18.5, bed_util_ads: 0.499, bed_util_des: 0.499, des_th: 0.4990361197099517,frac_lost: 0.106, li_recovered:  8.446, time: 0.014653922999059432
L: 0.50, u_super: 0.00161, sec: 89.931, prod: 0.034301, t_ads: 118.5, t_des: 125.9, bed_util_ads: 0.471, bed_util_des: 0.469, des_th: 0.46911871139562444,frac_lost: 0.102, li_recovered:  8.382, time: 0.020467333999476978
L: 45.59, u_super: 0.00702 — INFEASIBLE (li_recovered=0.000e+00), time: 0.0027177160009159707
L: 0.50, u_super: 0.00777, sec: 440.447, prod: 0.176220, t_ads: 25.0, t_des: 22.6, bed_util_ads: 0.500, bed_util_des: 0.500, des_th: 0.4998151496542467,frac_lost: 0.101, li_recovered:  8.379, time: 0.018660509000255843
L: 0.50, u_super: 0.00826, sec: 480.948, prod: 0.183477, t_ads: 23.7, t_des: 23.5, bed_util_ads: 0.488, bed_util_des: 0.488, des_th: 0.4878921388890849,frac_lost: 0.107, li_recovered:  8.660, time: 0.01894806400014204
L: 0.50, u_super: 0.00956, sec: 554.990, prod: 0.216442, t_ads: 20.4, t_des: 19.0, bed_util_ads: 0.496, bed_util_des: 0.496, des_th: 0.49578547449637184,frac_lost: 0.104, li_recovered:  8.530, time: 0.020544344999507302
L: 5.83, u_super: 0.00670 — INFEASIBLE (li_recovered=0.000e+00), time: 0.012524521998784621
L: 3.70, u_super: 0.00453, sec: 2079.864, prod: 0.090070, t_ads: 298.3, t_des: 248.6, bed_util_ads: 0.483, bed_util_des: 0.483, des_th: 0.48306123844010107,frac_lost: 0.104, li_recovered:  49.260, time: 0.013259450999612454
L: 5.61, u_super: 0.00272 — INFEASIBLE (li_recovered=0.000e+00), time: 0.008633412000563112
L: 0.50, u_super: 0.00514, sec: 283.107, prod: 0.115727, t_ads: 37.9, t_des: 33.8, bed_util_ads: 0.500, bed_util_des: 0.500, des_th: 0.4997582946974724,frac_lost: 0.104, li_recovered:  8.290, time: 0.014566869000191218
L: 0.50, u_super: 0.00331, sec: 179.669, prod: 0.074017, t_ads: 58.2, t_des: 51.1, bed_util_ads: 0.499, bed_util_des: 0.499, des_th: 0.49928370213534273,frac_lost: 0.100, li_recovered:  8.085, time: 0.020173093998892
L: 0.50, u_super: 0.00631, sec: 351.744, prod: 0.142714, t_ads: 30.7, t_des: 27.5, bed_util_ads: 0.500, bed_util_des: 0.500, des_th: 0.4997582946974724,frac_lost: 0.100, li_recovered:  8.311, time: 0.013816552000207594
L: 0.50, u_super: 0.00894, sec: 514.965, prod: 0.202494, t_ads: 21.9, t_des: 19.9, bed_util_ads: 0.500, bed_util_des: 0.500, des_th: 0.4996300670196385,frac_lost: 0.106, li_recovered:  8.448, time: 0.01790753499881248
L: 0.50, u_super: 0.00988, sec: 575.219, prod: 0.224349, t_ads: 19.7, t_des: 18.0, bed_util_ads: 0.499, bed_util_des: 0.499, des_th: 0.49906926627207776,frac_lost: 0.103, li_recovered:  8.454, time: 0.012650318998566945
L: 0.50, u_super: 0.00905, sec: 522.174, prod: 0.204874, t_ads: 21.6, t_des: 19.6, bed_util_ads: 0.500, bed_util_des: 0.499, des_th: 0.499503293078715,frac_lost: 0.106, li_recovered:  8.443, time: 0.01781876099994406
L: 0.50, u_super: 0.00622, sec: 346.715, prod: 0.140652, t_ads: 31.2, t_des: 27.9, bed_util_ads: 0.500, bed_util_des: 0.500, des_th: 0.4997582946974724,frac_lost: 0.102, li_recovered:  8.314, time: 0.016075817999080755
L: 0.50, u_super: 0.00724, sec: 408.414, prod: 0.164148, t_ads: 26.8, t_des: 24.0, bed_util_ads: 0.500, bed_util_des: 0.500, des_th: 0.4997119558722847,frac_lost: 0.100, li_recovered:  8.331, time: 0.020896886999253184
L: 0.50, u_super: 0.00248, sec: 133.450, prod: 0.055443, t_ads: 77.4, t_des: 70.7, bed_util_ads: 0.493, bed_util_des: 0.493, des_th: 0.4927873347640855,frac_lost: 0.102, li_recovered:  8.214, time: 0.016100552000352764
   835 |    33400 |     40 |  0.0057811718 |             f
L: 0.50, u_super: 0.00986, sec: 573.606, prod: 0.223640, t_ads: 19.8, t_des: 18.0, bed_util_ads: 0.500, bed_util_des: 0.499, des_th: 0.49941800771673645,frac_lost: 0.104, li_recovered:  8.451, time: 0.016074190998551785
L: 13.67, u_super: 0.00318 — INFEASIBLE (li_recovered=0.000e+00), time: 0.0040716710009292
L: 0.50, u_super: 0.00471, sec: 258.355, prod: 0.105928, t_ads: 41.3, t_des: 36.9, bed_util_ads: 0.500, bed_util_des: 0.500, des_th: 0.499760029982892,frac_lost: 0.105, li_recovered:  8.291, time: 0.023069303000738728
L: 3.97, u_super: 0.00274 — INFEASIBLE (li_recovered=0.000e+00), time: 0.013082618999760598
L: 0.50, u_super: 0.00490, sec: 269.347, prod: 0.110309, t_ads: 39.7, t_des: 37.1, bed_util_ads: 0.494, bed_util_des: 0.494, des_th: 0.4942177594782958,frac_lost: 0.104, li_recovered:  8.468, time: 0.012214749000122538
L: 0.50, u_super: 0.00013, sec: 10.393, prod: 0.001786, t_ads: 1390.9, t_des: 2475.4, bed_util_ads: 0.310, bed_util_des: 0.267, des_th: 0.26704805318593844,frac_lost: 0.102, li_recovered:  6.906, time: 0.01469125299990992
L: 0.66, u_super: 0.00144, sec: 106.048, prod: 0.030312, t_ads: 171.4, t_des: 144.1, bed_util_ads: 0.495, bed_util_des: 0.495, des_th: 0.4951528381464755,frac_lost: 0.100, li_recovered:  9.564, time: 0.013703372000236413
L: 0.50, u_super: 0.00644, sec: 359.517, prod: 0.145664, t_ads: 30.1, t_des: 27.0, bed_util_ads: 0.500, bed_util_des: 0.500, des_th: 0.4997582946974724,frac_lost: 0.101, li_recovered:  8.318, time: 0.014575637000234565
L: 0.50, u_super: 0.00724, sec: 408.418, prod: 0.164147, t_ads: 26.8, t_des: 24.0, bed_util_ads: 0.500, bed_util_des: 0.500, des_th: 0.4997101454283041,frac_lost: 0.100, li_recovered:  8.332, time: 0.013338929999008542
L: 0.50, u_super: 0.00005, sec: 4.434, prod: 0.000653, t_ads: 3107.8, t_des: 4785.7, bed_util_ads: 0.255, bed_util_des: 0.204, des_th: 0.20423361122950873,frac_lost: 0.101, li_recovered:  5.154, time: 0.01456621599936625
L: 62.72, u_super: 0.00667 — INFEASIBLE (li_recovered=0.000e+00), time: 0.0024716099997021956
L: 0.50, u_super: 0.00315, sec: 170.826, prod: 0.070357, t_ads: 61.3, t_des: 53.9, bed_util_ads: 0.500, bed_util_des: 0.500, des_th: 0.49969676398448626,frac_lost: 0.103, li_recovered:  8.101, time: 0.011664415000268491
L: 0.50, u_super: 0.00647, sec: 361.272, prod: 0.146381, t_ads: 30.0, t_des: 26.8, bed_util_ads: 0.500, bed_util_des: 0.500, des_th: 0.4997582946974724,frac_lost: 0.100, li_recovered:  8.317, time: 0.012796988999980385
L: 0.50, u_super: 0.00476, sec: 261.396, prod: 0.107187, t_ads: 40.8, t_des: 36.5, bed_util_ads: 0.500, bed_util_des: 0.500, des_th: 0.4998254085427307,frac_lost: 0.105, li_recovered:  8.287, time: 0.014144913000563974
L: 14.18, u_super: 0.00815 — INFEASIBLE (li_recovered=0.000e+00), time: 0.008676860999912606
L: 0.50, u_super: 0.00904, sec: 523.591, prod: 0.204232, t_ads: 21.6, t_des: 20.3, bed_util_ads: 0.494, bed_util_des: 0.494, des_th: 0.49401749408719126,frac_lost: 0.106, li_recovered:  8.565, time: 0.012508889998571249
L: 7.77, u_super: 0.00701 — INFEASIBLE (li_recovered=0.000e+00), time: 0.008192900000722148
L: 0.50, u_super: 0.00694, sec: 391.055, prod: 0.156731, t_ads: 28.2, t_des: 25.6, bed_util_ads: 0.499, bed_util_des: 0.499, des_th: 0.4986012678865316,frac_lost: 0.108, li_recovered:  8.433, time: 0.01482751599905896
L: 0.50, u_super: 0.00830, sec: 474.480, prod: 0.187828, t_ads: 23.6, t_des: 21.4, bed_util_ads: 0.500, bed_util_des: 0.500, des_th: 0.49970525469592053,frac_lost: 0.106, li_recovered:  8.436, time: 0.013289538999742945
L: 0.50, u_super: 0.00422, sec: 240.976, prod: 0.090827, t_ads: 46.0, t_des: 49.0, bed_util_ads: 0.476, bed_util_des: 0.476, des_th: 0.4758705376099933,frac_lost: 0.104, li_recovered:  8.623, time: 0.01650421200065466
L: 0.50, u_super: 0.00005, sec: 4.326, prod: 0.000669, t_ads: 3431.4, t_des: 5908.3, bed_util_ads: 0.251, bed_util_des: 0.183, des_th: 0.18323199943472873,frac_lost: 0.101, li_recovered:  6.250, time: 0.013768584998615552
L: 0.50, u_super: 0.00577, sec: 319.502, prod: 0.130466, t_ads: 33.6, t_des: 30.9, bed_util_ads: 0.497, bed_util_des: 0.497, des_th: 0.4967847932417965,frac_lost: 0.102, li_recovered:  8.416, time: 0.012737876000755932
L: 0.50, u_super: 0.00826, sec: 472.137, prod: 0.186901, t_ads: 23.7, t_des: 21.2, bed_util_ads: 0.500, bed_util_des: 0.500, des_th: 0.4999443686413157,frac_lost: 0.105, li_recovered:  8.378, time: 0.012594089999765856
L: 0.50, u_super: 0.00977, sec: 711.795, prod: 0.176936, t_ads: 20.0, t_des: 29.3, bed_util_ads: 0.439, bed_util_des: 0.438, des_th: 0.4379771665117933,frac_lost: 0.104, li_recovered:  8.724, time: 0.01637612499871466
L: 0.50, u_super: 0.00800, sec: 454.446, prod: 0.181446, t_ads: 24.3, t_des: 21.9, bed_util_ads: 0.500, bed_util_des: 0.500, des_th: 0.4997589539235429,frac_lost: 0.100, li_recovered:  8.381, time: 0.011483184998724028
L: 21.39, u_super: 0.00959 — INFEASIBLE (li_recovered=0.000e+00), time: 0.005103842000607983
L: 0.50, u_super: 0.00360, sec: 195.806, prod: 0.080380, t_ads: 54.0, t_des: 51.3, bed_util_ads: 0.490, bed_util_des: 0.490, des_th: 0.48962621486687813,frac_lost: 0.106, li_recovered:  8.469, time: 0.014087166000535944
L: 17.15, u_super: 0.00274 — INFEASIBLE (li_recovered=0.000e+00), time: 0.0027305210005579283
L: 0.50, u_super: 0.00990, sec: 576.289, prod: 0.224703, t_ads: 19.7, t_des: 17.9, bed_util_ads: 0.500, bed_util_des: 0.499, des_th: 0.4994243326013942,frac_lost: 0.103, li_recovered:  8.453, time: 0.016614144000413944
L: 0.50, u_super: 0.00865, sec: 496.573, prod: 0.195826, t_ads: 22.6, t_des: 20.3, bed_util_ads: 0.500, bed_util_des: 0.500, des_th: 0.4999975385668946,frac_lost: 0.105, li_recovered:  8.395, time: 0.015536724000412505
L: 0.50, u_super: 0.00682, sec: 382.589, prod: 0.154418, t_ads: 28.5, t_des: 25.7, bed_util_ads: 0.500, bed_util_des: 0.500, des_th: 0.49975742273087653,frac_lost: 0.102, li_recovered:  8.365, time: 0.016605004000666668
L: 0.50, u_super: 0.00800, sec: 456.176, prod: 0.180758, t_ads: 24.5, t_des: 22.2, bed_util_ads: 0.499, bed_util_des: 0.499, des_th: 0.49903513393858717,frac_lost: 0.108, li_recovered:  8.441, time: 0.013837053000315791
L: 0.50, u_super: 0.00944, sec: 547.055, prod: 0.213942, t_ads: 20.7, t_des: 18.8, bed_util_ads: 0.500, bed_util_des: 0.500, des_th: 0.4999121686279837,frac_lost: 0.105, li_recovered:  8.441, time: 0.012916759000290767
L: 0.50, u_super: 0.00501, sec: 275.587, prod: 0.113100, t_ads: 38.7, t_des: 34.7, bed_util_ads: 0.500, bed_util_des: 0.500, des_th: 0.49989956002969294,frac_lost: 0.102, li_recovered:  8.293, time: 0.012063541998941218
L: 0.50, u_super: 0.00657, sec: 366.965, prod: 0.148824, t_ads: 29.5, t_des: 27.0, bed_util_ads: 0.498, bed_util_des: 0.497, des_th: 0.4974679287044132,frac_lost: 0.101, li_recovered:  8.414, time: 0.007339243000387796
L: 0.50, u_super: 0.00484, sec: 265.721, prod: 0.108997, t_ads: 40.1, t_des: 37.6, bed_util_ads: 0.493, bed_util_des: 0.493, des_th: 0.4929474848037245,frac_lost: 0.103, li_recovered:  8.469, time: 0.011604285999055719
L: 0.50, u_super: 0.00704, sec: 1333.738, prod: 0.047305, t_ads: 28.0, t_des: 157.3, bed_util_ads: 0.285, bed_util_des: 0.282, des_th: 0.28203484908954063,frac_lost: 0.108, li_recovered:  8.763, time: 0.03395723799985717
L: 31.37, u_super: 0.00222 — INFEASIBLE (li_recovered=0.000e+00), time: 0.0016424470013589598
L: 0.50, u_super: 0.00250, sec: 135.317, prod: 0.055215, t_ads: 77.2, t_des: 66.9, bed_util_ads: 0.500, bed_util_des: 0.500, des_th: 0.4996123463783463,frac_lost: 0.104, li_recovered:  7.960, time: 0.011675835999994888
L: 0.50, u_super: 0.00023 — INFEASIBLE (li_recovered=0.000e+00), time: 0.0030996219993539853
   836 |    33440 |     40 |  0.0007572207 |             f
L: 0.50, u_super: 0.00051, sec: 149.043, prod: 0.002073, t_ads: 388.0, t_des: 3882.1, bed_util_ads: 0.209, bed_util_des: 0.169, des_th: 0.1687139453103185,frac_lost: 0.105, li_recovered:  8.854, time: 0.05265546700138657
L: 0.50, u_super: 0.00248, sec: 133.327, prod: 0.055365, t_ads: 77.6, t_des: 70.8, bed_util_ads: 0.493, bed_util_des: 0.493, des_th: 0.4927738072034251,frac_lost: 0.103, li_recovered:  8.213, time: 0.016573192000578274
L: 7.16, u_super: 0.00127 — INFEASIBLE (li_recovered=0.000e+00), time: 0.003629841001384193
L: 0.50, u_super: 0.00591, sec: 338.569, prod: 0.129290, t_ads: 33.2, t_des: 33.8, bed_util_ads: 0.483, bed_util_des: 0.483, des_th: 0.4829984614991369,frac_lost: 0.109, li_recovered:  8.655, time: 0.01721608399930119
L: 0.50, u_super: 0.00578, sec: 321.149, prod: 0.130202, t_ads: 33.9, t_des: 30.8, bed_util_ads: 0.497, bed_util_des: 0.497, des_th: 0.49689088103787166,frac_lost: 0.109, li_recovered:  8.426, time: 0.012807844001144986
L: 0.50, u_super: 0.00356, sec: 195.001, prod: 0.079227, t_ads: 54.7, t_des: 52.8, bed_util_ads: 0.488, bed_util_des: 0.488, des_th: 0.48777383909074673,frac_lost: 0.108, li_recovered:  8.514, time: 0.014641583000411629
L: 0.50, u_super: 0.00083 — INFEASIBLE (li_recovered=0.000e+00), time: 0.009610166000129539
L: 0.50, u_super: 0.00561, sec: 310.875, prod: 0.126653, t_ads: 34.6, t_des: 30.9, bed_util_ads: 0.500, bed_util_des: 0.500, des_th: 0.49996450651435503,frac_lost: 0.103, li_recovered:  8.307, time: 0.012699540000539855
L: 0.50, u_super: 0.00969, sec: 563.304, prod: 0.219681, t_ads: 20.2, t_des: 18.3, bed_util_ads: 0.500, bed_util_des: 0.499, des_th: 0.49941800771673645,frac_lost: 0.105, li_recovered:  8.449, time: 0.012629038001250592
L: 24.61, u_super: 0.00973 — INFEASIBLE (li_recovered=0.000e+00), time: 0.004609515999618452
L: 0.50, u_super: 0.00759, sec: 498.679, prod: 0.148221, t_ads: 25.7, t_des: 33.0, bed_util_ads: 0.456, bed_util_des: 0.455, des_th: 0.4549599199420922,frac_lost: 0.104, li_recovered:  8.705, time: 0.01457811100044637
L: 0.50, u_super: 0.00987, sec: 574.796, prod: 0.223896, t_ads: 19.8, t_des: 18.0, bed_util_ads: 0.500, bed_util_des: 0.500, des_th: 0.49976563046430184,frac_lost: 0.104, li_recovered:  8.454, time: 0.014122615999440313
L: 0.50, u_super: 0.00389, sec: 212.193, prod: 0.087284, t_ads: 49.9, t_des: 44.1, bed_util_ads: 0.500, bed_util_des: 0.500, des_th: 0.4998276731316844,frac_lost: 0.105, li_recovered:  8.203, time: 0.018303549000847852
L: 0.50, u_super: 0.00009, sec: 8.384, prod: 0.001054, t_ads: 2171.0, t_des: 5178.3, bed_util_ads: 0.260, bed_util_des: 0.185, des_th: 0.18502820249042276,frac_lost: 0.103, li_recovered:  7.746, time: 0.018823712998710107
L: 0.50, u_super: 0.00066 — INFEASIBLE (li_recovered=0.000e+00), time: 0.006906335998792201
L: 0.50, u_super: 0.00610, sec: 339.443, prod: 0.138094, t_ads: 31.8, t_des: 28.8, bed_util_ads: 0.498, bed_util_des: 0.498, des_th: 0.49760988770464804,frac_lost: 0.102, li_recovered:  8.373, time: 0.01605256100083352
L: 0.50, u_super: 0.00501, sec: 275.857, prod: 0.112989, t_ads: 38.9, t_des: 35.1, bed_util_ads: 0.499, bed_util_des: 0.498, des_th: 0.4983454303827584,frac_lost: 0.106, li_recovered:  8.355, time: 0.015256683998813969
L: 0.50, u_super: 0.00268, sec: 144.828, prod: 0.059371, t_ads: 71.9, t_des: 62.7, bed_util_ads: 0.500, bed_util_des: 0.499, des_th: 0.49951833272680557,frac_lost: 0.102, li_recovered:  7.991, time: 0.014815890999670955
L: 0.50, u_super: 0.00090, sec: 49.262, prod: 0.019146, t_ads: 209.2, t_des: 206.0, bed_util_ads: 0.473, bed_util_des: 0.471, des_th: 0.47074607325866635,frac_lost: 0.103, li_recovered:  7.949, time: 0.01386695899964252
L: 6.02, u_super: 0.00023 — INFEASIBLE (li_recovered=0.000e+00), time: 0.0022822640003141714
L: 0.50, u_super: 0.00759, sec: 430.890, prod: 0.171539, t_ads: 25.8, t_des: 23.3, bed_util_ads: 0.499, bed_util_des: 0.498, des_th: 0.4983782472787951,frac_lost: 0.108, li_recovered:  8.432, time: 0.013074870001219097
L: 0.50, u_super: 0.00357, sec: 194.296, prod: 0.079941, t_ads: 54.4, t_des: 48.1, bed_util_ads: 0.500, bed_util_des: 0.500, des_th: 0.4997925529377931,frac_lost: 0.107, li_recovered:  8.194, time: 0.013554147000832018
L: 0.50, u_super: 0.00161, sec: 89.931, prod: 0.034301, t_ads: 118.5, t_des: 125.9, bed_util_ads: 0.471, bed_util_des: 0.469, des_th: 0.46911871139562444,frac_lost: 0.102, li_recovered:  8.382, time: 0.017872168000394595
L: 0.50, u_super: 0.00023, sec: 18.442, prod: 0.003426, t_ads: 778.6, t_des: 1398.0, bed_util_ads: 0.349, bed_util_des: 0.320, des_th: 0.3207316137563815,frac_lost: 0.103, li_recovered:  7.458, time: 0.02173121299892955
L: 0.50, u_super: 0.00501, sec: 293.512, prod: 0.106193, t_ads: 38.7, t_des: 42.8, bed_util_ads: 0.473, bed_util_des: 0.472, des_th: 0.47219881614839054,frac_lost: 0.102, li_recovered:  8.651, time: 0.01721003399870824
L: 0.50, u_super: 0.00823, sec: 470.502, prod: 0.186296, t_ads: 23.8, t_des: 21.5, bed_util_ads: 0.500, bed_util_des: 0.500, des_th: 0.4997058588084561,frac_lost: 0.106, li_recovered:  8.434, time: 0.013672606000909582
L: 0.50, u_super: 0.00154, sec: 83.653, prod: 0.033529, t_ads: 123.3, t_des: 107.4, bed_util_ads: 0.494, bed_util_des: 0.494, des_th: 0.49406406619171206,frac_lost: 0.100, li_recovered:  7.736, time: 0.01110235600026499
L: 0.50, u_super: 0.00891, sec: 513.726, prod: 0.201507, t_ads: 22.0, t_des: 19.7, bed_util_ads: 0.500, bed_util_des: 0.500, des_th: 0.49999705480575374,frac_lost: 0.108, li_recovered:  8.400, time: 0.01595223500044085
L: 5.90, u_super: 0.00453 — INFEASIBLE (li_recovered=0.000e+00), time: 0.008655342000565724
L: 0.50, u_super: 0.00933, sec: 539.953, prod: 0.211587, t_ads: 20.9, t_des: 19.0, bed_util_ads: 0.500, bed_util_des: 0.499, des_th: 0.49941133116474434,frac_lost: 0.105, li_recovered:  8.446, time: 0.013322680000783294
L: 0.50, u_super: 0.00956, sec: 554.286, prod: 0.216717, t_ads: 20.4, t_des: 18.5, bed_util_ads: 0.499, bed_util_des: 0.499, des_th: 0.4990229305451572,frac_lost: 0.104, li_recovered:  8.440, time: 0.01645900800031086
L: 0.50, u_super: 0.00182, sec: 97.874, prod: 0.040369, t_ads: 104.9, t_des: 96.3, bed_util_ads: 0.491, bed_util_des: 0.490, des_th: 0.4902692219017026,frac_lost: 0.102, li_recovered:  8.121, time: 0.015770574000271154
L: 0.50, u_super: 0.00357, sec: 197.292, prod: 0.078693, t_ads: 54.3, t_des: 54.4, bed_util_ads: 0.484, bed_util_des: 0.484, des_th: 0.48363768580186156,frac_lost: 0.105, li_recovered:  8.560, time: 0.021522514998650877
L: 0.50, u_super: 0.00861, sec: 494.788, prod: 0.194826, t_ads: 22.8, t_des: 20.6, bed_util_ads: 0.500, bed_util_des: 0.500, des_th: 0.49999705480575374,frac_lost: 0.108, li_recovered:  8.439, time: 0.012085656999261118
L: 0.50, u_super: 0.00280, sec: 151.606, prod: 0.062387, t_ads: 68.8, t_des: 60.4, bed_util_ads: 0.499, bed_util_des: 0.499, des_th: 0.498854738455216,frac_lost: 0.103, li_recovered:  8.060, time: 0.009172071999273612
L: 0.50, u_super: 0.00933, sec: 539.789, prod: 0.211459, t_ads: 20.9, t_des: 19.0, bed_util_ads: 0.499, bed_util_des: 0.498, des_th: 0.49839731919895514,frac_lost: 0.105, li_recovered:  8.444, time: 0.01557968699853518
L: 0.50, u_super: 0.00286, sec: 154.710, prod: 0.063781, t_ads: 67.3, t_des: 59.2, bed_util_ads: 0.499, bed_util_des: 0.499, des_th: 0.49866980074513845,frac_lost: 0.101, li_recovered:  8.068, time: 0.015859707000345225
L: 0.50, u_super: 0.00876, sec: 1887.222, prod: 0.053012, t_ads: 22.4, t_des: 143.0, bed_util_ads: 0.272, bed_util_des: 0.270, des_th: 0.27018630320752723,frac_lost: 0.106, li_recovered:  8.766, time: 0.05080177499985439
L: 41.85, u_super: 0.00478 — INFEASIBLE (li_recovered=0.000e+00), time: 0.004292415998861543
L: 17.35, u_super: 0.00809 — INFEASIBLE (li_recovered=0.000e+00), time: 0.008659955999974045
   837 |    33480 |     40 |  0.0020876413 |             f
L: 0.50, u_super: 0.00315, sec: 170.853, prod: 0.070346, t_ads: 61.2, t_des: 53.8, bed_util_ads: 0.500, bed_util_des: 0.500, des_th: 0.4996468317565322,frac_lost: 0.103, li_recovered:  8.092, time: 0.01569678400119301
L: 0.50, u_super: 0.00695, sec: 389.872, prod: 0.157431, t_ads: 27.9, t_des: 25.3, bed_util_ads: 0.500, bed_util_des: 0.499, des_th: 0.49940985581565395,frac_lost: 0.101, li_recovered:  8.373, time: 0.012622932999875047
L: 0.50, u_super: 0.00103, sec: 56.283, prod: 0.022340, t_ads: 182.0, t_des: 168.9, bed_util_ads: 0.482, bed_util_des: 0.481, des_th: 0.4809636540461739,frac_lost: 0.103, li_recovered:  7.838, time: 0.012291675000597024
L: 0.50, u_super: 0.00937, sec: 542.316, prod: 0.212493, t_ads: 20.8, t_des: 18.7, bed_util_ads: 0.500, bed_util_des: 0.500, des_th: 0.4999972547807433,frac_lost: 0.104, li_recovered:  8.395, time: 0.01385771700006444
L: 0.50, u_super: 0.00561, sec: 310.408, prod: 0.126844, t_ads: 34.5, t_des: 31.0, bed_util_ads: 0.500, bed_util_des: 0.500, des_th: 0.49969676398448626,frac_lost: 0.101, li_recovered:  8.316, time: 0.013436915000056615
L: 0.50, u_super: 0.00490, sec: 269.169, prod: 0.110243, t_ads: 39.7, t_des: 35.4, bed_util_ads: 0.500, bed_util_des: 0.500, des_th: 0.49991716393658475,frac_lost: 0.104, li_recovered:  8.284, time: 0.01417064199995366
L: 0.50, u_super: 0.00357, sec: 218.591, prod: 0.070940, t_ads: 54.4, t_des: 67.1, bed_util_ads: 0.458, bed_util_des: 0.457, des_th: 0.4566560963666509,frac_lost: 0.104, li_recovered:  8.620, time: 0.012206450001031044
L: 0.50, u_super: 0.00645, sec: 360.345, prod: 0.145812, t_ads: 30.1, t_des: 26.9, bed_util_ads: 0.500, bed_util_des: 0.500, des_th: 0.4997582946974724,frac_lost: 0.102, li_recovered:  8.319, time: 0.008117760000459384
L: 0.50, u_super: 0.00567, sec: 313.921, prod: 0.128110, t_ads: 34.3, t_des: 31.7, bed_util_ads: 0.496, bed_util_des: 0.496, des_th: 0.4955475202946049,frac_lost: 0.103, li_recovered:  8.452, time: 0.014236912998967455
L: 0.50, u_super: 0.00011, sec: 9.103, prod: 0.001676, t_ads: 1232.8, t_des: 1590.8, bed_util_ads: 0.332, bed_util_des: 0.317, des_th: 0.3169272357205474,frac_lost: 0.100, li_recovered:  4.733, time: 0.011101218999101548
L: 0.50, u_super: 0.00016 — INFEASIBLE (li_recovered=0.000e+00), time: 0.0033652170004643267
L: 11.02, u_super: 0.00088 — INFEASIBLE (li_recovered=0.000e+00), time: 0.0015457700010301778
L: 0.50, u_super: 0.00330, sec: 179.828, prod: 0.073577, t_ads: 58.9, t_des: 56.3, bed_util_ads: 0.489, bed_util_des: 0.489, des_th: 0.48858015903174074,frac_lost: 0.107, li_recovered:  8.475, time: 0.01267961699886655
L: 0.50, u_super: 0.00510, sec: 281.245, prod: 0.114954, t_ads: 38.0, t_des: 33.7, bed_util_ads: 0.500, bed_util_des: 0.500, des_th: 0.4998613270865838,frac_lost: 0.102, li_recovered:  8.244, time: 0.012485286000810447
L: 0.50, u_super: 0.00863, sec: 495.233, prod: 0.195536, t_ads: 22.6, t_des: 20.5, bed_util_ads: 0.500, bed_util_des: 0.500, des_th: 0.49968762929390903,frac_lost: 0.105, li_recovered:  8.433, time: 0.012118349000957096
L: 0.50, u_super: 0.00963, sec: 559.562, prod: 0.218343, t_ads: 20.3, t_des: 18.4, bed_util_ads: 0.500, bed_util_des: 0.499, des_th: 0.49941800771673645,frac_lost: 0.105, li_recovered:  8.456, time: 0.01147570499961148
L: 0.50, u_super: 0.00759, sec: 430.797, prod: 0.171668, t_ads: 25.6, t_des: 24.2, bed_util_ads: 0.494, bed_util_des: 0.494, des_th: 0.4939073909587567,frac_lost: 0.101, li_recovered:  8.548, time: 0.012074960999598261
L: 0.50, u_super: 0.00878, sec: 551.789, prod: 0.182163, t_ads: 22.3, t_des: 25.6, bed_util_ads: 0.470, bed_util_des: 0.469, des_th: 0.46911871139562444,frac_lost: 0.106, li_recovered:  8.711, time: 0.012827358001231914
L: 0.50, u_super: 0.00182, sec: 97.935, prod: 0.040344, t_ads: 104.7, t_des: 95.2, bed_util_ads: 0.491, bed_util_des: 0.490, des_th: 0.4902692219017026,frac_lost: 0.101, li_recovered:  8.063, time: 0.009113047000937513
L: 0.50, u_super: 0.00161, sec: 601.156, prod: 0.005095, t_ads: 122.3, t_des: 1603.5, bed_util_ads: 0.200, bed_util_des: 0.185, des_th: 0.1851696623157332,frac_lost: 0.103, li_recovered:  8.794, time: 0.05934235600034299
L: 0.50, u_super: 0.00501, sec: 275.674, prod: 0.113064, t_ads: 38.8, t_des: 35.5, bed_util_ads: 0.496, bed_util_des: 0.496, des_th: 0.4959824959092539,frac_lost: 0.104, li_recovered:  8.400, time: 0.01315388399962103
L: 0.50, u_super: 0.00985, sec: 573.732, prod: 0.223354, t_ads: 19.8, t_des: 17.8, bed_util_ads: 0.500, bed_util_des: 0.500, des_th: 0.4997201077728441,frac_lost: 0.105, li_recovered:  8.407, time: 0.013405486000920064
L: 25.62, u_super: 0.00814 — INFEASIBLE (li_recovered=0.000e+00), time: 0.0022268869997787988
L: 0.50, u_super: 0.00056, sec: 32.902, prod: 0.011098, t_ads: 322.0, t_des: 275.3, bed_util_ads: 0.478, bed_util_des: 0.478, des_th: 0.4782303859057262,frac_lost: 0.100, li_recovered:  6.629, time: 0.009539667998978985
L: 0.50, u_super: 0.00702, sec: 401.768, prod: 0.156194, t_ads: 27.9, t_des: 27.4, bed_util_ads: 0.488, bed_util_des: 0.488, des_th: 0.48793726461226616,frac_lost: 0.108, li_recovered:  8.637, time: 0.015232199000820401
L: 16.14, u_super: 0.00220 — INFEASIBLE (li_recovered=0.000e+00), time: 0.001889238001240301
L: 0.50, u_super: 0.00666, sec: 373.311, prod: 0.150783, t_ads: 29.1, t_des: 26.0, bed_util_ads: 0.500, bed_util_des: 0.500, des_th: 0.49978876528000227,frac_lost: 0.101, li_recovered:  8.319, time: 0.01294512999993458
L: 7.97, u_super: 0.00904 — INFEASIBLE (li_recovered=0.000e+00), time: 0.008561262000512215
L: 0.50, u_super: 0.00763, sec: 433.929, prod: 0.172371, t_ads: 25.7, t_des: 23.3, bed_util_ads: 0.499, bed_util_des: 0.499, des_th: 0.49879987733838305,frac_lost: 0.110, li_recovered:  8.450, time: 0.009801172998777474
L: 0.50, u_super: 0.00568, sec: 3350.424, prod: 0.012049, t_ads: 34.5, t_des: 694.6, bed_util_ads: 0.174, bed_util_des: 0.169, des_th: 0.16863471075652223,frac_lost: 0.102, li_recovered:  8.785, time: 0.10848841599909065
L: 0.50, u_super: 0.00639, sec: 409.788, prod: 0.125709, t_ads: 30.6, t_des: 38.5, bed_util_ads: 0.457, bed_util_des: 0.456, des_th: 0.4561759865558298,frac_lost: 0.107, li_recovered:  8.692, time: 0.012785824999809847
L: 0.50, u_super: 0.00365, sec: 206.725, prod: 0.078439, t_ads: 53.4, t_des: 56.3, bed_util_ads: 0.478, bed_util_des: 0.477, des_th: 0.47707681301326926,frac_lost: 0.107, li_recovered:  8.603, time: 0.013856646999556688
L: 0.50, u_super: 0.00380, sec: 217.891, prod: 0.081041, t_ads: 51.1, t_des: 55.2, bed_util_ads: 0.475, bed_util_des: 0.474, des_th: 0.47422881515892085,frac_lost: 0.105, li_recovered:  8.614, time: 0.012073144000169123
L: 0.50, u_super: 0.00987, sec: 575.367, prod: 0.223855, t_ads: 19.8, t_des: 17.9, bed_util_ads: 0.500, bed_util_des: 0.500, des_th: 0.49990481395651143,frac_lost: 0.106, li_recovered:  8.444, time: 0.011443878998761647
L: 0.50, u_super: 0.00367, sec: 200.725, prod: 0.081579, t_ads: 53.1, t_des: 51.4, bed_util_ads: 0.488, bed_util_des: 0.488, des_th: 0.4878772195703667,frac_lost: 0.106, li_recovered:  8.519, time: 0.016520125000170083
L: 0.50, u_super: 0.00799, sec: 456.021, prod: 0.180728, t_ads: 24.5, t_des: 22.2, bed_util_ads: 0.500, bed_util_des: 0.500, des_th: 0.49967549478687034,frac_lost: 0.108, li_recovered:  8.443, time: 0.013826882999637746
L: 0.50, u_super: 0.00188, sec: 102.681, prod: 0.041017, t_ads: 101.6, t_des: 86.5, bed_util_ads: 0.500, bed_util_des: 0.500, des_th: 0.49962683573106037,frac_lost: 0.103, li_recovered:  7.719, time: 0.012574174001201754
L: 0.50, u_super: 0.00047 — INFEASIBLE (li_recovered=0.000e+00), time: 0.0062203489997045835
L: 0.50, u_super: 0.00904, sec: 523.296, prod: 0.204348, t_ads: 21.6, t_des: 20.3, bed_util_ads: 0.495, bed_util_des: 0.495, des_th: 0.4948148617856921,frac_lost: 0.105, li_recovered:  8.563, time: 0.017755889999534702
L: 0.50, u_super: 0.00412, sec: 1896.267, prod: 0.010975, t_ads: 47.7, t_des: 752.9, bed_util_ads: 0.191, bed_util_des: 0.184, des_th: 0.1843012045604732,frac_lost: 0.105, li_recovered:  8.786, time: 0.10440045300128986
   838 |    33520 |     40 |  0.0037926745 |             f
L: 0.50, u_super: 0.00225, sec: 138.248, prod: 0.043721, t_ads: 85.6, t_des: 109.5, bed_util_ads: 0.450, bed_util_des: 0.448, des_th: 0.44798980857023196,frac_lost: 0.101, li_recovered:  8.529, time: 0.016875035000339267
L: 0.50, u_super: 0.00213, sec: 115.766, prod: 0.046747, t_ads: 90.6, t_des: 77.8, bed_util_ads: 0.500, bed_util_des: 0.500, des_th: 0.4999485290240036,frac_lost: 0.107, li_recovered:  7.875, time: 0.014493722999759484
L: 0.50, u_super: 0.00263, sec: 146.062, prod: 0.057067, t_ads: 73.0, t_des: 76.2, bed_util_ads: 0.477, bed_util_des: 0.476, des_th: 0.47584519773079686,frac_lost: 0.101, li_recovered:  8.517, time: 0.014682748000268475
L: 0.50, u_super: 0.00248, sec: 133.481, prod: 0.055301, t_ads: 77.8, t_des: 70.8, bed_util_ads: 0.493, bed_util_des: 0.493, des_th: 0.49294144228734615,frac_lost: 0.105, li_recovered:  8.220, time: 0.01360210899838421
L: 0.50, u_super: 0.00925, sec: 578.263, prod: 0.194059, t_ads: 21.1, t_des: 23.8, bed_util_ads: 0.472, bed_util_des: 0.472, des_th: 0.471941459198288,frac_lost: 0.106, li_recovered:  8.713, time: 0.016580916000748402
L: 86.17, u_super: 0.00568 — INFEASIBLE (li_recovered=0.000e+00), time: 0.002786924998872564
L: 0.50, u_super: 0.00035, sec: 27.499, prod: 0.005158, t_ads: 532.2, t_des: 984.3, bed_util_ads: 0.365, bed_util_des: 0.343, des_th: 0.34346783556303634,frac_lost: 0.104, li_recovered:  7.822, time: 0.01636873499955982
L: 0.50, u_super: 0.00581, sec: 322.251, prod: 0.131261, t_ads: 33.4, t_des: 30.0, bed_util_ads: 0.499, bed_util_des: 0.499, des_th: 0.499273386056533,frac_lost: 0.102, li_recovered:  8.322, time: 0.01029446100073983
L: 0.50, u_super: 0.00057, sec: 32.668, prod: 0.011424, t_ads: 321.6, t_des: 284.0, bed_util_ads: 0.475, bed_util_des: 0.474, des_th: 0.4744396023625498,frac_lost: 0.104, li_recovered:  6.918, time: 0.013436829000056605
L: 0.50, u_super: 0.00057, sec: 32.741, prod: 0.011701, t_ads: 318.2, t_des: 288.5, bed_util_ads: 0.472, bed_util_des: 0.471, des_th: 0.47074607325866635,frac_lost: 0.104, li_recovered:  7.099, time: 0.00830698299978394
L: 2.17, u_super: 0.00264 — INFEASIBLE (li_recovered=0.000e+00), time: 0.008835247999741114
L: 0.50, u_super: 0.00550, sec: 304.531, prod: 0.124135, t_ads: 35.3, t_des: 33.1, bed_util_ads: 0.494, bed_util_des: 0.493, des_th: 0.49344123950348545,frac_lost: 0.102, li_recovered:  8.494, time: 0.013918462000219733
L: 0.50, u_super: 0.00166, sec: 92.492, prod: 0.035400, t_ads: 115.1, t_des: 122.0, bed_util_ads: 0.471, bed_util_des: 0.469, des_th: 0.46911871139562444,frac_lost: 0.102, li_recovered:  8.390, time: 0.012715230001049349
L: 0.50, u_super: 0.00596, sec: 806.218, prod: 0.055406, t_ads: 32.7, t_des: 125.0, bed_util_ads: 0.325, bed_util_des: 0.322, des_th: 0.3223512132613737,frac_lost: 0.102, li_recovered:  8.737, time: 0.032058909000625135
L: 0.50, u_super: 0.00051 — INFEASIBLE (li_recovered=0.000e+00), time: 0.007297722000657814
L: 24.19, u_super: 0.00724 — INFEASIBLE (li_recovered=0.000e+00), time: 0.003733047999048722
L: 0.50, u_super: 0.00799, sec: 454.669, prod: 0.181111, t_ads: 24.3, t_des: 21.7, bed_util_ads: 0.500, bed_util_des: 0.500, des_th: 0.49985544400044873,frac_lost: 0.101, li_recovered:  8.334, time: 0.015667056999518536
L: 12.36, u_super: 0.00695 — INFEASIBLE (li_recovered=0.000e+00), time: 0.005123722999996971
L: 0.50, u_super: 0.00891, sec: 559.280, prod: 0.185059, t_ads: 21.9, t_des: 25.2, bed_util_ads: 0.469, bed_util_des: 0.469, des_th: 0.46911871139562444,frac_lost: 0.103, li_recovered:  8.709, time: 0.013188536000598106
L: 0.50, u_super: 0.00729, sec: 412.196, prod: 0.164553, t_ads: 26.9, t_des: 24.4, bed_util_ads: 0.500, bed_util_des: 0.499, des_th: 0.49951320700283824,frac_lost: 0.109, li_recovered:  8.439, time: 0.014664651000202866
L: 2.45, u_super: 0.00943, sec: 2776.398, prod: 0.205777, t_ads: 99.2, t_des: 84.6, bed_util_ads: 0.499, bed_util_des: 0.499, des_th: 0.49924278910852987,frac_lost: 0.102, li_recovered:  37.831, time: 0.010797453000122914
L: 0.50, u_super: 0.00452, sec: 247.778, prod: 0.101777, t_ads: 43.0, t_des: 38.3, bed_util_ads: 0.500, bed_util_des: 0.500, des_th: 0.49962683573106037,frac_lost: 0.105, li_recovered:  8.272, time: 0.014205430999936652
L: 0.50, u_super: 0.00382, sec: 208.376, prod: 0.085674, t_ads: 50.8, t_des: 45.0, bed_util_ads: 0.500, bed_util_des: 0.500, des_th: 0.4999464956546196,frac_lost: 0.106, li_recovered:  8.208, time: 0.012874258000010741
L: 44.29, u_super: 0.00330 — INFEASIBLE (li_recovered=0.000e+00), time: 0.0024517349993402604
L: 6.20, u_super: 0.00500, sec: 3936.411, prod: 0.097772, t_ads: 433.9, t_des: 407.3, bed_util_ads: 0.455, bed_util_des: 0.453, des_th: 0.45319288697315285,frac_lost: 0.100, li_recovered:  82.245, time: 0.01733305599918822
L: 0.50, u_super: 0.00022, sec: 32.855, prod: 0.001662, t_ads: 915.3, t_des: 4275.9, bed_util_ads: 0.249, bed_util_des: 0.188, des_th: 0.18845955306157572,frac_lost: 0.104, li_recovered:  8.625, time: 0.04362644100001489
L: 0.50, u_super: 0.00614, sec: 341.931, prod: 0.138867, t_ads: 31.7, t_des: 29.0, bed_util_ads: 0.498, bed_util_des: 0.498, des_th: 0.49761378075112167,frac_lost: 0.104, li_recovered:  8.421, time: 0.013615708001452731
L: 0.50, u_super: 0.00180, sec: 96.955, prod: 0.039870, t_ads: 105.7, t_des: 95.3, bed_util_ads: 0.493, bed_util_des: 0.493, des_th: 0.4929026817252758,frac_lost: 0.101, li_recovered:  8.016, time: 0.01947777799978212
L: 0.50, u_super: 0.00969, sec: 562.872, prod: 0.219599, t_ads: 20.1, t_des: 18.1, bed_util_ads: 0.500, bed_util_des: 0.500, des_th: 0.49985243631030896,frac_lost: 0.104, li_recovered:  8.394, time: 0.015106806000403594
L: 0.50, u_super: 0.00006, sec: 5.401, prod: 0.000781, t_ads: 3072.8, t_des: 6308.9, bed_util_ads: 0.250, bed_util_des: 0.170, des_th: 0.16974049990567786,frac_lost: 0.102, li_recovered:  7.325, time: 0.01835575999939465
L: 0.50, u_super: 0.00114, sec: 62.978, prod: 0.024058, t_ads: 165.5, t_des: 140.2, bed_util_ads: 0.495, bed_util_des: 0.494, des_th: 0.49462251898417786,frac_lost: 0.100, li_recovered:  7.356, time: 0.01335238399951777
L: 0.50, u_super: 0.00864, sec: 496.247, prod: 0.195548, t_ads: 22.6, t_des: 20.3, bed_util_ads: 0.500, bed_util_des: 0.500, des_th: 0.49999705480575374,frac_lost: 0.106, li_recovered:  8.390, time: 0.023240611000801437
L: 55.18, u_super: 0.00817 — INFEASIBLE (li_recovered=0.000e+00), time: 0.0022343849996104836
L: 0.50, u_super: 0.00390, sec: 212.703, prod: 0.087312, t_ads: 49.9, t_des: 43.9, bed_util_ads: 0.500, bed_util_des: 0.500, des_th: 0.4997983745966762,frac_lost: 0.106, li_recovered:  8.192, time: 0.020826821000810014
L: 0.50, u_super: 0.00876, sec: 504.324, prod: 0.198375, t_ads: 22.3, t_des: 20.5, bed_util_ads: 0.498, bed_util_des: 0.498, des_th: 0.49811698513587327,frac_lost: 0.106, li_recovered:  8.492, time: 0.014235201999326819
L: 0.50, u_super: 0.00633, sec: 353.016, prod: 0.143408, t_ads: 30.6, t_des: 27.7, bed_util_ads: 0.498, bed_util_des: 0.498, des_th: 0.49763437588502935,frac_lost: 0.101, li_recovered:  8.370, time: 0.01531537600021693
L: 0.50, u_super: 0.00315, sec: 170.826, prod: 0.070357, t_ads: 61.3, t_des: 53.9, bed_util_ads: 0.500, bed_util_des: 0.500, des_th: 0.49969676398448626,frac_lost: 0.103, li_recovered:  8.101, time: 0.019280491000245092
L: 0.50, u_super: 0.00724, sec: 408.482, prod: 0.164121, t_ads: 26.8, t_des: 23.9, bed_util_ads: 0.500, bed_util_des: 0.500, des_th: 0.4996021031467287,frac_lost: 0.100, li_recovered:  8.317, time: 0.015542386001470732
L: 0.50, u_super: 0.00975, sec: 566.585, prod: 0.221219, t_ads: 20.0, t_des: 18.2, bed_util_ads: 0.499, bed_util_des: 0.499, des_th: 0.4993935098587515,frac_lost: 0.104, li_recovered:  8.451, time: 0.01772387800156139
L: 19.13, u_super: 0.00103 — INFEASIBLE (li_recovered=0.000e+00), time: 0.002470760000505834
   839 |    33560 |     40 |  0.0032709795 |             f
L: 0.50, u_super: 0.00490, sec: 269.173, prod: 0.110242, t_ads: 39.7, t_des: 35.4, bed_util_ads: 0.500, bed_util_des: 0.500, des_th: 0.49982559718195146,frac_lost: 0.105, li_recovered:  8.285, time: 0.014110738000454148
L: 0.50, u_super: 0.00904, sec: 522.353, prod: 0.204717, t_ads: 21.7, t_des: 19.6, bed_util_ads: 0.500, bed_util_des: 0.500, des_th: 0.49993376765614306,frac_lost: 0.108, li_recovered:  8.443, time: 0.016985865999231464
L: 0.50, u_super: 0.00763, sec: 433.929, prod: 0.172371, t_ads: 25.7, t_des: 23.3, bed_util_ads: 0.499, bed_util_des: 0.499, des_th: 0.49879987733838305,frac_lost: 0.110, li_recovered:  8.450, time: 0.01746328400076891
L: 0.50, u_super: 0.00648, sec: 362.254, prod: 0.146718, t_ads: 30.0, t_des: 27.1, bed_util_ads: 0.499, bed_util_des: 0.499, des_th: 0.49905204799694053,frac_lost: 0.102, li_recovered:  8.372, time: 0.013345820998438285
L: 0.50, u_super: 0.00014 — INFEASIBLE (li_recovered=0.000e+00), time: 0.004632592999769258
L: 0.50, u_super: 0.00644, sec: 359.517, prod: 0.145664, t_ads: 30.1, t_des: 27.0, bed_util_ads: 0.500, bed_util_des: 0.500, des_th: 0.4997582946974724,frac_lost: 0.101, li_recovered:  8.318, time: 0.0137469940000301
L: 0.50, u_super: 0.00800, sec: 455.930, prod: 0.180856, t_ads: 24.5, t_des: 21.9, bed_util_ads: 0.500, bed_util_des: 0.500, des_th: 0.49980026193325344,frac_lost: 0.107, li_recovered:  8.392, time: 0.01377308399969479
L: 0.50, u_super: 0.00935, sec: 540.812, prod: 0.212051, t_ads: 20.9, t_des: 19.0, bed_util_ads: 0.499, bed_util_des: 0.499, des_th: 0.49897855620014897,frac_lost: 0.104, li_recovered:  8.444, time: 0.00978539700008696
L: 0.50, u_super: 0.00293, sec: 158.204, prod: 0.065379, t_ads: 66.0, t_des: 58.6, bed_util_ads: 0.499, bed_util_des: 0.498, des_th: 0.49828889888671835,frac_lost: 0.104, li_recovered:  8.141, time: 0.012098621000404819
L: 24.48, u_super: 0.00967 — INFEASIBLE (li_recovered=0.000e+00), time: 0.002215918000729289
L: 0.50, u_super: 0.00452, sec: 247.778, prod: 0.101777, t_ads: 43.0, t_des: 38.3, bed_util_ads: 0.500, bed_util_des: 0.500, des_th: 0.49962683573106037,frac_lost: 0.105, li_recovered:  8.272, time: 0.012199017999591888
L: 0.50, u_super: 0.00897, sec: 516.843, prod: 0.203301, t_ads: 21.8, t_des: 19.8, bed_util_ads: 0.500, bed_util_des: 0.500, des_th: 0.49962683573106037,frac_lost: 0.105, li_recovered:  8.443, time: 0.015344921999712824
L: 0.50, u_super: 0.00960, sec: 557.053, prod: 0.217600, t_ads: 20.3, t_des: 18.7, bed_util_ads: 0.498, bed_util_des: 0.498, des_th: 0.49806921227124784,frac_lost: 0.104, li_recovered:  8.487, time: 0.012643430000025546
L: 20.49, u_super: 0.00319 — INFEASIBLE (li_recovered=0.000e+00), time: 0.00177536100090947
L: 0.50, u_super: 0.00299, sec: 162.294, prod: 0.066519, t_ads: 64.4, t_des: 56.0, bed_util_ads: 0.500, bed_util_des: 0.500, des_th: 0.49969814076233643,frac_lost: 0.101, li_recovered:  8.011, time: 0.009036755000124685
L: 12.75, u_super: 0.00024 — INFEASIBLE (li_recovered=0.000e+00), time: 0.001684635999481543
L: 0.50, u_super: 0.00649, sec: 377.103, prod: 0.141237, t_ads: 30.1, t_des: 31.3, bed_util_ads: 0.481, bed_util_des: 0.481, des_th: 0.4810826936846531,frac_lost: 0.107, li_recovered:  8.671, time: 0.009051664001162862
L: 1.49, u_super: 0.00550, sec: 924.884, prod: 0.121553, t_ads: 103.4, t_des: 92.9, bed_util_ads: 0.494, bed_util_des: 0.493, des_th: 0.49345192265984883,frac_lost: 0.102, li_recovered:  23.861, time: 0.007970538999870769
L: 38.57, u_super: 0.00969 — INFEASIBLE (li_recovered=0.000e+00), time: 0.003581615001166938
L: 0.50, u_super: 0.00990, sec: 576.015, prod: 0.224810, t_ads: 19.7, t_des: 17.9, bed_util_ads: 0.500, bed_util_des: 0.499, des_th: 0.49941800771673645,frac_lost: 0.102, li_recovered:  8.443, time: 0.009708671001135372
L: 0.50, u_super: 0.00134, sec: 74.176, prod: 0.028684, t_ads: 142.4, t_des: 146.6, bed_util_ads: 0.472, bed_util_des: 0.471, des_th: 0.47074607325866635,frac_lost: 0.106, li_recovered:  8.290, time: 0.012236091000886518
L: 0.50, u_super: 0.00703, sec: 3489.433, prod: 0.018057, t_ads: 27.9, t_des: 458.4, bed_util_ads: 0.189, bed_util_des: 0.185, des_th: 0.1851696623157332,frac_lost: 0.103, li_recovered:  8.781, time: 0.08025345300120534
L: 0.50, u_super: 0.00357, sec: 193.894, prod: 0.079976, t_ads: 54.0, t_des: 47.6, bed_util_ads: 0.500, bed_util_des: 0.500, des_th: 0.49999701022728626,frac_lost: 0.101, li_recovered:  8.132, time: 0.011454289999164757
L: 0.50, u_super: 0.00452, sec: 247.778, prod: 0.101777, t_ads: 43.0, t_des: 38.3, bed_util_ads: 0.500, bed_util_des: 0.500, des_th: 0.49962683573106037,frac_lost: 0.105, li_recovered:  8.272, time: 0.008381171001019538
L: 0.50, u_super: 0.00759, sec: 429.442, prod: 0.172286, t_ads: 25.5, t_des: 23.1, bed_util_ads: 0.500, bed_util_des: 0.500, des_th: 0.49962683573106037,frac_lost: 0.100, li_recovered:  8.382, time: 0.009543471000142745
L: 13.31, u_super: 0.00468 — INFEASIBLE (li_recovered=0.000e+00), time: 0.0033937030002562096
L: 0.50, u_super: 0.00667, sec: 373.535, prod: 0.151178, t_ads: 29.1, t_des: 26.3, bed_util_ads: 0.499, bed_util_des: 0.499, des_th: 0.4986012678865316,frac_lost: 0.101, li_recovered:  8.367, time: 0.012916792000396526
L: 0.50, u_super: 0.00903, sec: 520.627, prod: 0.204611, t_ads: 21.6, t_des: 19.4, bed_util_ads: 0.500, bed_util_des: 0.500, des_th: 0.49962683573106037,frac_lost: 0.104, li_recovered:  8.394, time: 0.009716827999000088
L: 0.50, u_super: 0.00441, sec: 260.361, prod: 0.092063, t_ads: 44.0, t_des: 49.9, bed_util_ads: 0.469, bed_util_des: 0.468, des_th: 0.4679760990282629,frac_lost: 0.102, li_recovered:  8.638, time: 0.012257709000550676
L: 0.50, u_super: 0.00252, sec: 136.711, prod: 0.055781, t_ads: 76.6, t_des: 66.4, bed_util_ads: 0.500, bed_util_des: 0.500, des_th: 0.49985243631030896,frac_lost: 0.105, li_recovered:  7.974, time: 0.012007408999124891
L: 0.50, u_super: 0.00234, sec: 126.941, prod: 0.051641, t_ads: 82.6, t_des: 71.5, bed_util_ads: 0.500, bed_util_des: 0.500, des_th: 0.4998888930796331,frac_lost: 0.107, li_recovered:  7.962, time: 0.007849383999200654
L: 0.50, u_super: 0.00758, sec: 430.192, prod: 0.171528, t_ads: 25.8, t_des: 23.4, bed_util_ads: 0.499, bed_util_des: 0.498, des_th: 0.49837119540756164,frac_lost: 0.107, li_recovered:  8.434, time: 0.010947020000457997
L: 11.73, u_super: 0.00763 — INFEASIBLE (li_recovered=0.000e+00), time: 0.005126386999108945
L: 0.50, u_super: 0.00859, sec: 511.113, prod: 0.187559, t_ads: 22.8, t_des: 23.6, bed_util_ads: 0.483, bed_util_des: 0.483, des_th: 0.4826138886170222,frac_lost: 0.106, li_recovered:  8.693, time: 0.013373011999647133
L: 0.50, u_super: 0.00758, sec: 428.833, prod: 0.171917, t_ads: 25.6, t_des: 23.1, bed_util_ads: 0.500, bed_util_des: 0.500, des_th: 0.4997582946974724,frac_lost: 0.101, li_recovered:  8.381, time: 0.010347755000111647
L: 0.50, u_super: 0.00293, sec: 158.204, prod: 0.065379, t_ads: 66.0, t_des: 58.6, bed_util_ads: 0.499, bed_util_des: 0.498, des_th: 0.49828889888671835,frac_lost: 0.104, li_recovered:  8.141, time: 0.011246481000853237
L: 0.50, u_super: 0.00452, sec: 247.889, prod: 0.101732, t_ads: 43.0, t_des: 38.4, bed_util_ads: 0.500, bed_util_des: 0.500, des_th: 0.49983614507364416,frac_lost: 0.106, li_recovered:  8.284, time: 0.011752004000300076
L: 0.50, u_super: 0.00078 — INFEASIBLE (li_recovered=0.000e+00), time: 0.006819373000325868
L: 0.50, u_super: 0.00904, sec: 560.552, prod: 0.190766, t_ads: 21.6, t_des: 24.1, bed_util_ads: 0.474, bed_util_des: 0.473, des_th: 0.47332265656372297,frac_lost: 0.105, li_recovered:  8.710, time: 0.018677089999982854
L: 0.50, u_super: 0.00539, sec: 297.526, prod: 0.121744, t_ads: 36.0, t_des: 33.5, bed_util_ads: 0.495, bed_util_des: 0.494, des_th: 0.4944415311196156,frac_lost: 0.102, li_recovered:  8.455, time: 0.011365831998773501
   840 |    33600 |     40 |  0.0012478796 |             f
L: 0.50, u_super: 0.00616, sec: 344.241, prod: 0.138978, t_ads: 31.8, t_des: 28.5, bed_util_ads: 0.500, bed_util_des: 0.499, des_th: 0.49951320700283824,frac_lost: 0.109, li_recovered:  8.384, time: 0.016994584000713076
L: 0.50, u_super: 0.00539, sec: 324.686, prod: 0.111560, t_ads: 36.0, t_des: 41.6, bed_util_ads: 0.467, bed_util_des: 0.466, des_th: 0.46650173548596313,frac_lost: 0.102, li_recovered:  8.664, time: 0.013980335999804083
L: 0.50, u_super: 0.00144, sec: 78.760, prod: 0.031281, t_ads: 132.5, t_des: 114.6, bed_util_ads: 0.495, bed_util_des: 0.495, des_th: 0.4948936003122247,frac_lost: 0.107, li_recovered:  7.730, time: 0.01037951400030579
L: 14.23, u_super: 0.00660 — INFEASIBLE (li_recovered=0.000e+00), time: 0.006019096999807516
L: 0.50, u_super: 0.00243, sec: 130.550, prod: 0.054144, t_ads: 79.3, t_des: 72.3, bed_util_ads: 0.494, bed_util_des: 0.493, des_th: 0.4935117214617358,frac_lost: 0.104, li_recovered:  8.209, time: 0.013081032999252784
L: 0.50, u_super: 0.00491, sec: 269.883, prod: 0.110544, t_ads: 39.7, t_des: 36.6, bed_util_ads: 0.496, bed_util_des: 0.495, des_th: 0.49542003481409147,frac_lost: 0.106, li_recovered:  8.435, time: 0.013081215000056545
L: 0.50, u_super: 0.00005, sec: 4.330, prod: 0.000669, t_ads: 3435.7, t_des: 5824.3, bed_util_ads: 0.253, bed_util_des: 0.185, des_th: 0.1851696623157332,frac_lost: 0.103, li_recovered:  6.192, time: 0.014034511001227656
L: 0.50, u_super: 0.00035, sec: 30.024, prod: 0.004724, t_ads: 538.2, t_des: 1148.2, bed_util_ads: 0.347, bed_util_des: 0.323, des_th: 0.3225996998262638,frac_lost: 0.104, li_recovered:  7.967, time: 0.017682843001239235
L: 0.50, u_super: 0.00525, sec: 289.541, prod: 0.118620, t_ads: 36.9, t_des: 33.1, bed_util_ads: 0.500, bed_util_des: 0.499, des_th: 0.49953065995942786,frac_lost: 0.102, li_recovered:  8.306, time: 0.012479362001613481
L: 0.50, u_super: 0.00800, sec: 455.869, prod: 0.180880, t_ads: 24.4, t_des: 21.9, bed_util_ads: 0.500, bed_util_des: 0.500, des_th: 0.4999924124120148,frac_lost: 0.106, li_recovered:  8.385, time: 0.013843714999893564
L: 44.32, u_super: 0.00454 — INFEASIBLE (li_recovered=0.000e+00), time: 0.0030397509999602335
L: 0.50, u_super: 0.00005, sec: 4.324, prod: 0.000669, t_ads: 3431.3, t_des: 5857.7, bed_util_ads: 0.252, bed_util_des: 0.185, des_th: 0.1851696623157332,frac_lost: 0.102, li_recovered:  6.219, time: 0.014035336998858838
L: 0.50, u_super: 0.00724, sec: 409.346, prod: 0.163629, t_ads: 27.0, t_des: 24.2, bed_util_ads: 0.500, bed_util_des: 0.500, des_th: 0.49982444184276004,frac_lost: 0.107, li_recovered:  8.384, time: 0.013428973999907612
L: 0.50, u_super: 0.00539, sec: 297.659, prod: 0.121689, t_ads: 36.0, t_des: 32.2, bed_util_ads: 0.500, bed_util_des: 0.500, des_th: 0.4999300152900268,frac_lost: 0.102, li_recovered:  8.293, time: 0.013431508999929065
L: 14.54, u_super: 0.00695 — INFEASIBLE (li_recovered=0.000e+00), time: 0.006380089000231237
L: 4.33, u_super: 0.00029 — INFEASIBLE (li_recovered=0.000e+00), time: 0.002553617998273694
L: 0.50, u_super: 0.00093, sec: 50.798, prod: 0.019750, t_ads: 203.1, t_des: 183.9, bed_util_ads: 0.483, bed_util_des: 0.482, des_th: 0.48190614093707174,frac_lost: 0.105, li_recovered:  7.642, time: 0.01012259399976756
L: 0.50, u_super: 0.00263, sec: 142.357, prod: 0.058210, t_ads: 73.3, t_des: 63.6, bed_util_ads: 0.500, bed_util_des: 0.499, des_th: 0.49936483110266333,frac_lost: 0.102, li_recovered:  7.967, time: 0.013778819999060943
L: 0.50, u_super: 0.00900, sec: 519.059, prod: 0.203948, t_ads: 21.7, t_des: 19.7, bed_util_ads: 0.500, bed_util_des: 0.499, des_th: 0.49943650971859443,frac_lost: 0.106, li_recovered:  8.454, time: 0.011580333999518189
L: 0.50, u_super: 0.00808, sec: 461.318, prod: 0.182713, t_ads: 24.2, t_des: 22.0, bed_util_ads: 0.500, bed_util_des: 0.500, des_th: 0.49985908681088975,frac_lost: 0.108, li_recovered:  8.446, time: 0.010467254998729913
L: 0.50, u_super: 0.00196, sec: 106.905, prod: 0.042869, t_ads: 97.4, t_des: 83.2, bed_util_ads: 0.500, bed_util_des: 0.500, des_th: 0.49962795315547526,frac_lost: 0.102, li_recovered:  7.743, time: 0.012489484999605338
L: 0.50, u_super: 0.00422, sec: 269.017, prod: 0.081360, t_ads: 46.0, t_des: 60.3, bed_util_ads: 0.451, bed_util_des: 0.450, des_th: 0.44981031875017263,frac_lost: 0.103, li_recovered:  8.647, time: 0.012656174001676845
L: 0.50, u_super: 0.00267, sec: 144.530, prod: 0.059237, t_ads: 72.2, t_des: 62.9, bed_util_ads: 0.500, bed_util_des: 0.500, des_th: 0.49965754573750853,frac_lost: 0.103, li_recovered:  8.001, time: 0.009647180999309057
L: 0.50, u_super: 0.00987, sec: 575.401, prod: 0.223692, t_ads: 19.8, t_des: 18.1, bed_util_ads: 0.499, bed_util_des: 0.499, des_th: 0.4986012678865316,frac_lost: 0.106, li_recovered:  8.485, time: 0.00880333100030839
L: 0.50, u_super: 0.00330, sec: 179.887, prod: 0.073553, t_ads: 58.9, t_des: 56.3, bed_util_ads: 0.489, bed_util_des: 0.489, des_th: 0.48858015903174074,frac_lost: 0.108, li_recovered:  8.477, time: 0.01858080300007714
L: 0.50, u_super: 0.00509, sec: 280.377, prod: 0.114714, t_ads: 38.0, t_des: 33.7, bed_util_ads: 0.500, bed_util_des: 0.500, des_th: 0.4998587631388443,frac_lost: 0.101, li_recovered:  8.233, time: 0.013420531000519986
L: 28.90, u_super: 0.00103 — INFEASIBLE (li_recovered=0.000e+00), time: 0.0023737849987810478
L: 16.59, u_super: 0.00876 — INFEASIBLE (li_recovered=0.000e+00), time: 0.005514471000424237
L: 0.50, u_super: 0.00357, sec: 194.237, prod: 0.079835, t_ads: 54.5, t_des: 48.1, bed_util_ads: 0.500, bed_util_des: 0.500, des_th: 0.4997605833165403,frac_lost: 0.107, li_recovered:  8.190, time: 0.024467936000291957
L: 0.50, u_super: 0.00701, sec: 393.945, prod: 0.158643, t_ads: 27.7, t_des: 24.7, bed_util_ads: 0.500, bed_util_des: 0.500, des_th: 0.49962683573106037,frac_lost: 0.100, li_recovered:  8.316, time: 0.015266467999026645
L: 0.50, u_super: 0.00357, sec: 194.032, prod: 0.079920, t_ads: 54.0, t_des: 47.5, bed_util_ads: 0.500, bed_util_des: 0.500, des_th: 0.49999701022728626,frac_lost: 0.101, li_recovered:  8.117, time: 0.011513326999192941
L: 16.27, u_super: 0.00492 — INFEASIBLE (li_recovered=0.000e+00), time: 0.0047064049995242385
L: 0.50, u_super: 0.00861, sec: 496.058, prod: 0.194327, t_ads: 22.7, t_des: 21.4, bed_util_ads: 0.495, bed_util_des: 0.494, des_th: 0.4943709819080306,frac_lost: 0.107, li_recovered:  8.565, time: 0.01969098399968061
L: 38.83, u_super: 0.00490 — INFEASIBLE (li_recovered=0.000e+00), time: 0.003337541998917004
L: 0.50, u_super: 0.00190, sec: 197.838, prod: 0.021576, t_ads: 102.5, t_des: 297.5, bed_util_ads: 0.349, bed_util_des: 0.343, des_th: 0.34274410124112975,frac_lost: 0.103, li_recovered:  8.631, time: 0.02460391500062542
L: 0.50, u_super: 0.00253, sec: 142.990, prod: 0.053486, t_ads: 76.4, t_des: 83.1, bed_util_ads: 0.471, bed_util_des: 0.470, des_th: 0.47028310044141997,frac_lost: 0.102, li_recovered:  8.530, time: 0.012642469999263994
L: 0.50, u_super: 0.00218, sec: 122.630, prod: 0.046080, t_ads: 88.8, t_des: 95.5, bed_util_ads: 0.472, bed_util_des: 0.471, des_th: 0.47104293041785383,frac_lost: 0.106, li_recovered:  8.495, time: 0.01561466999919503
L: 0.50, u_super: 0.00619, sec: 344.463, prod: 0.139961, t_ads: 31.4, t_des: 28.7, bed_util_ads: 0.497, bed_util_des: 0.497, des_th: 0.4968722364427985,frac_lost: 0.103, li_recovered:  8.417, time: 0.010571036998953787
L: 7.41, u_super: 0.00502 — INFEASIBLE (li_recovered=0.000e+00), time: 0.007911946999229258
L: 0.50, u_super: 0.00729, sec: 412.196, prod: 0.164553, t_ads: 26.9, t_des: 24.4, bed_util_ads: 0.500, bed_util_des: 0.499, des_th: 0.49951320700283824,frac_lost: 0.109, li_recovered:  8.439, time: 0.01369491600053152
   841 |    33640 |     40 |  0.0026381663 |             f
L: 0.50, u_super: 0.00274, sec: 148.829, prod: 0.060828, t_ads: 70.3, t_des: 60.9, bed_util_ads: 0.500, bed_util_des: 0.500, des_th: 0.49982764051562073,frac_lost: 0.103, li_recovered:  7.982, time: 0.01834170000074664
L: 0.50, u_super: 0.00100 — INFEASIBLE (li_recovered=0.000e+00), time: 0.008064807001574081
L: 0.50, u_super: 0.00557, sec: 330.764, prod: 0.117265, t_ads: 34.8, t_des: 39.1, bed_util_ads: 0.471, bed_util_des: 0.471, des_th: 0.4706498083620907,frac_lost: 0.101, li_recovered:  8.664, time: 0.018394400998658966
L: 0.50, u_super: 0.00378, sec: 205.900, prod: 0.084561, t_ads: 51.4, t_des: 48.8, bed_util_ads: 0.490, bed_util_des: 0.490, des_th: 0.4897935726064946,frac_lost: 0.105, li_recovered:  8.475, time: 0.013471840000420343
L: 0.50, u_super: 0.00536, sec: 295.595, prod: 0.121046, t_ads: 36.2, t_des: 33.6, bed_util_ads: 0.495, bed_util_des: 0.494, des_th: 0.4944415311196156,frac_lost: 0.102, li_recovered:  8.448, time: 0.01631304500006081
L: 0.50, u_super: 0.00357, sec: 193.894, prod: 0.079976, t_ads: 54.0, t_des: 47.6, bed_util_ads: 0.500, bed_util_des: 0.500, des_th: 0.49999701022728626,frac_lost: 0.101, li_recovered:  8.132, time: 0.013979597000798094
L: 0.50, u_super: 0.00757, sec: 431.310, prod: 0.170215, t_ads: 25.9, t_des: 24.5, bed_util_ads: 0.493, bed_util_des: 0.493, des_th: 0.4929026817252758,frac_lost: 0.107, li_recovered:  8.578, time: 0.01530197399915778
L: 0.50, u_super: 0.00863, sec: 495.832, prod: 0.195366, t_ads: 22.7, t_des: 20.8, bed_util_ads: 0.498, bed_util_des: 0.498, des_th: 0.49760418426870096,frac_lost: 0.106, li_recovered:  8.489, time: 0.015876487001150963
L: 0.50, u_super: 0.00666, sec: 373.984, prod: 0.150429, t_ads: 29.4, t_des: 26.6, bed_util_ads: 0.499, bed_util_des: 0.498, des_th: 0.49837003307377625,frac_lost: 0.108, li_recovered:  8.425, time: 0.012095398000383284
L: 0.50, u_super: 0.00144, sec: 78.760, prod: 0.031281, t_ads: 132.5, t_des: 114.6, bed_util_ads: 0.495, bed_util_des: 0.495, des_th: 0.4948936003122247,frac_lost: 0.107, li_recovered:  7.730, time: 0.01215965099981986
L: 0.50, u_super: 0.00179, sec: 96.410, prod: 0.039543, t_ads: 106.7, t_des: 95.9, bed_util_ads: 0.493, bed_util_des: 0.493, des_th: 0.49276879989290795,frac_lost: 0.103, li_recovered:  8.011, time: 0.013704040000448003
L: 30.43, u_super: 0.00248 — INFEASIBLE (li_recovered=0.000e+00), time: 0.0014074069986236282
L: 0.50, u_super: 0.00427, sec: 233.470, prod: 0.095977, t_ads: 45.5, t_des: 40.6, bed_util_ads: 0.500, bed_util_des: 0.500, des_th: 0.49982444184276004,frac_lost: 0.106, li_recovered:  8.267, time: 0.010082320999572403
L: 0.50, u_super: 0.00014 — INFEASIBLE (li_recovered=0.000e+00), time: 0.004375877999336808
L: 13.66, u_super: 0.00861 — INFEASIBLE (li_recovered=0.000e+00), time: 0.004128601998672821
L: 0.50, u_super: 0.00430, sec: 235.077, prod: 0.096607, t_ads: 45.2, t_des: 40.3, bed_util_ads: 0.500, bed_util_des: 0.500, des_th: 0.49962683573106037,frac_lost: 0.105, li_recovered:  8.261, time: 0.008315167000546353
L: 52.31, u_super: 0.00561 — INFEASIBLE (li_recovered=0.000e+00), time: 0.0014492560003418475
L: 15.90, u_super: 0.00083 — INFEASIBLE (li_recovered=0.000e+00), time: 0.001059097998222569
L: 8.50, u_super: 0.00035 — INFEASIBLE (li_recovered=0.000e+00), time: 0.001211571001476841
L: 0.50, u_super: 0.00383, sec: 208.409, prod: 0.085796, t_ads: 50.8, t_des: 45.1, bed_util_ads: 0.500, bed_util_des: 0.500, des_th: 0.49999701022728626,frac_lost: 0.106, li_recovered:  8.226, time: 0.012042213000313495
L: 0.50, u_super: 0.00990, sec: 577.059, prod: 0.224406, t_ads: 19.8, t_des: 17.9, bed_util_ads: 0.500, bed_util_des: 0.499, des_th: 0.4994148085672855,frac_lost: 0.106, li_recovered:  8.455, time: 0.013377779998336337
L: 22.16, u_super: 0.00499 — INFEASIBLE (li_recovered=0.000e+00), time: 0.0021524090007005725
L: 0.50, u_super: 0.00102 — INFEASIBLE (li_recovered=0.000e+00), time: 0.007512325000789133
L: 0.50, u_super: 0.00048, sec: 115.731, prod: 0.002361, t_ads: 409.1, t_des: 3312.4, bed_util_ads: 0.225, bed_util_des: 0.185, des_th: 0.1851696623157332,frac_lost: 0.102, li_recovered:  8.785, time: 0.04465307799910079
L: 0.50, u_super: 0.00039, sec: 34.043, prod: 0.005320, t_ads: 480.1, t_des: 1034.0, bed_util_ads: 0.351, bed_util_des: 0.328, des_th: 0.3285269524474749,frac_lost: 0.106, li_recovered:  8.055, time: 0.014600837999751093
L: 0.50, u_super: 0.00904, sec: 521.940, prod: 0.204878, t_ads: 21.6, t_des: 19.6, bed_util_ads: 0.500, bed_util_des: 0.500, des_th: 0.49962683573106037,frac_lost: 0.106, li_recovered:  8.452, time: 0.012358776999462862
L: 0.50, u_super: 0.00187, sec: 102.120, prod: 0.040778, t_ads: 102.3, t_des: 87.1, bed_util_ads: 0.499, bed_util_des: 0.499, des_th: 0.49879987733838305,frac_lost: 0.103, li_recovered:  7.726, time: 0.010434609999720124
L: 0.50, u_super: 0.00640, sec: 357.937, prod: 0.144719, t_ads: 30.4, t_des: 27.1, bed_util_ads: 0.500, bed_util_des: 0.500, des_th: 0.49997019425682004,frac_lost: 0.103, li_recovered:  8.316, time: 0.011197267000170541
L: 0.50, u_super: 0.00332, sec: 179.512, prod: 0.074256, t_ads: 58.1, t_des: 55.5, bed_util_ads: 0.489, bed_util_des: 0.489, des_th: 0.4888084717908431,frac_lost: 0.100, li_recovered:  8.439, time: 0.011135810000268975
L: 0.50, u_super: 0.00174, sec: 95.373, prod: 0.037676, t_ads: 109.7, t_des: 92.6, bed_util_ads: 0.500, bed_util_des: 0.500, des_th: 0.4997125238550687,frac_lost: 0.103, li_recovered:  7.622, time: 0.013150390999726369
L: 15.60, u_super: 0.00873 — INFEASIBLE (li_recovered=0.000e+00), time: 0.006018005000441917
L: 0.50, u_super: 0.00689, sec: 386.342, prod: 0.156144, t_ads: 28.1, t_des: 25.5, bed_util_ads: 0.499, bed_util_des: 0.499, des_th: 0.4986012678865316,frac_lost: 0.100, li_recovered:  8.371, time: 0.014235723998353933
L: 0.50, u_super: 0.00427, sec: 233.178, prod: 0.095919, t_ads: 45.6, t_des: 42.1, bed_util_ads: 0.495, bed_util_des: 0.494, des_th: 0.4944415311196156,frac_lost: 0.107, li_recovered:  8.414, time: 0.010203058998740744
L: 0.50, u_super: 0.00636, sec: 354.886, prod: 0.143923, t_ads: 30.5, t_des: 27.6, bed_util_ads: 0.499, bed_util_des: 0.499, des_th: 0.4992466224208607,frac_lost: 0.102, li_recovered:  8.368, time: 0.012250368999957573
L: 0.50, u_super: 0.00493, sec: 271.218, prod: 0.110974, t_ads: 39.5, t_des: 35.1, bed_util_ads: 0.500, bed_util_des: 0.500, des_th: 0.49991716393658475,frac_lost: 0.105, li_recovered:  8.281, time: 0.012811990998670808
L: 0.50, u_super: 0.00330, sec: 179.305, prod: 0.073792, t_ads: 58.8, t_des: 52.0, bed_util_ads: 0.500, bed_util_des: 0.500, des_th: 0.49961629017045217,frac_lost: 0.107, li_recovered:  8.177, time: 0.012358399000731879
L: 0.50, u_super: 0.00005, sec: 4.336, prod: 0.000668, t_ads: 3367.6, t_des: 5654.0, bed_util_ads: 0.252, bed_util_des: 0.187, des_th: 0.1876967739879148,frac_lost: 0.100, li_recovered:  6.024, time: 0.010751439000159735
L: 0.50, u_super: 0.00243, sec: 130.535, prod: 0.054150, t_ads: 79.3, t_des: 72.3, bed_util_ads: 0.494, bed_util_des: 0.493, des_th: 0.4934365666566454,frac_lost: 0.103, li_recovered:  8.207, time: 0.009333772999525536
L: 25.88, u_super: 0.00952 — INFEASIBLE (li_recovered=0.000e+00), time: 0.004904176999843912
L: 0.50, u_super: 0.00379, sec: 211.119, prod: 0.083104, t_ads: 51.3, t_des: 52.0, bed_util_ads: 0.483, bed_util_des: 0.483, des_th: 0.4825966442204979,frac_lost: 0.106, li_recovered:  8.585, time: 0.017103316000429913
   842 |    33680 |     40 |  0.0015757040 |             f
L: 0.50, u_super: 0.00607, sec: 341.119, prod: 0.135751, t_ads: 32.2, t_des: 31.0, bed_util_ads: 0.490, bed_util_des: 0.490, des_th: 0.49014349840508964,frac_lost: 0.108, li_recovered:  8.588, time: 0.01040370899863774
L: 12.16, u_super: 0.00525 — INFEASIBLE (li_recovered=0.000e+00), time: 0.005718873999285279
L: 0.50, u_super: 0.00103, sec: 56.283, prod: 0.022340, t_ads: 182.0, t_des: 168.9, bed_util_ads: 0.482, bed_util_des: 0.481, des_th: 0.4809636540461739,frac_lost: 0.103, li_recovered:  7.838, time: 0.013382454999373294
L: 0.50, u_super: 0.00598, sec: 332.008, prod: 0.135094, t_ads: 32.5, t_des: 29.1, bed_util_ads: 0.500, bed_util_des: 0.500, des_th: 0.49991716393658475,frac_lost: 0.101, li_recovered:  8.312, time: 0.010679503999199369
L: 0.50, u_super: 0.00144, sec: 79.883, prod: 0.030842, t_ads: 132.3, t_des: 110.2, bed_util_ads: 0.500, bed_util_des: 0.500, des_th: 0.4995841304948462,frac_lost: 0.107, li_recovered:  7.479, time: 0.009478959998887149
L: 0.50, u_super: 0.00016 — INFEASIBLE (li_recovered=0.000e+00), time: 0.00235226299992064
L: 0.50, u_super: 0.00083 — INFEASIBLE (li_recovered=0.000e+00), time: 0.005384837000747211
L: 0.50, u_super: 0.00990, sec: 576.015, prod: 0.224810, t_ads: 19.7, t_des: 17.9, bed_util_ads: 0.500, bed_util_des: 0.499, des_th: 0.49941800771673645,frac_lost: 0.102, li_recovered:  8.443, time: 0.00889943000038329
L: 0.50, u_super: 0.00497, sec: 273.370, prod: 0.112125, t_ads: 39.0, t_des: 36.6, bed_util_ads: 0.494, bed_util_des: 0.493, des_th: 0.4934365666566454,frac_lost: 0.101, li_recovered:  8.476, time: 0.008324251000885852
L: 0.50, u_super: 0.00610, sec: 339.296, prod: 0.138069, t_ads: 31.8, t_des: 29.1, bed_util_ads: 0.497, bed_util_des: 0.497, des_th: 0.49689088103787166,frac_lost: 0.102, li_recovered:  8.412, time: 0.01442116900034307
L: 0.50, u_super: 0.00107 — INFEASIBLE (li_recovered=0.000e+00), time: 0.007329370999286766
L: 0.50, u_super: 0.00673, sec: 482.659, prod: 0.118992, t_ads: 29.0, t_des: 44.1, bed_util_ads: 0.434, bed_util_des: 0.433, des_th: 0.4329351210240444,frac_lost: 0.105, li_recovered:  8.704, time: 0.01622148299975379
L: 0.50, u_super: 0.00096, sec: 52.652, prod: 0.020663, t_ads: 195.3, t_des: 178.9, bed_util_ads: 0.482, bed_util_des: 0.481, des_th: 0.48127869711912474,frac_lost: 0.104, li_recovered:  7.733, time: 0.013267902999359649
L: 0.50, u_super: 0.00800, sec: 454.446, prod: 0.181446, t_ads: 24.3, t_des: 21.9, bed_util_ads: 0.500, bed_util_des: 0.500, des_th: 0.4997589539235429,frac_lost: 0.100, li_recovered:  8.381, time: 0.01680561000102898
L: 0.50, u_super: 0.00831, sec: 475.362, prod: 0.187928, t_ads: 23.5, t_des: 21.1, bed_util_ads: 0.500, bed_util_des: 0.500, des_th: 0.49970525469592053,frac_lost: 0.106, li_recovered:  8.389, time: 0.011291000000710483
L: 0.50, u_super: 0.00559, sec: 2668.565, prod: 0.014620, t_ads: 35.1, t_des: 565.5, bed_util_ads: 0.190, bed_util_des: 0.185, des_th: 0.1851696623157332,frac_lost: 0.102, li_recovered:  8.781, time: 0.10928586599948176
L: 0.50, u_super: 0.00714, sec: 401.643, prod: 0.161777, t_ads: 27.2, t_des: 24.6, bed_util_ads: 0.499, bed_util_des: 0.499, des_th: 0.49879987733838305,frac_lost: 0.101, li_recovered:  8.382, time: 0.012660309001148562
L: 0.50, u_super: 0.00667, sec: 373.535, prod: 0.151178, t_ads: 29.1, t_des: 26.3, bed_util_ads: 0.499, bed_util_des: 0.499, des_th: 0.4986012678865316,frac_lost: 0.101, li_recovered:  8.367, time: 0.014024361000338104
L: 0.50, u_super: 0.00274, sec: 148.829, prod: 0.060828, t_ads: 70.3, t_des: 60.9, bed_util_ads: 0.500, bed_util_des: 0.500, des_th: 0.49982764051562073,frac_lost: 0.103, li_recovered:  7.982, time: 0.013149566999345552
L: 0.50, u_super: 0.00561, sec: 310.566, prod: 0.126779, t_ads: 34.6, t_des: 31.0, bed_util_ads: 0.500, bed_util_des: 0.500, des_th: 0.49970435135885444,frac_lost: 0.102, li_recovered:  8.321, time: 0.012958154000443756
L: 0.50, u_super: 0.00243, sec: 130.535, prod: 0.054150, t_ads: 79.3, t_des: 72.3, bed_util_ads: 0.494, bed_util_des: 0.493, des_th: 0.4934365666566454,frac_lost: 0.103, li_recovered:  8.207, time: 0.012640925000596326
L: 0.50, u_super: 0.00800, sec: 457.135, prod: 0.180379, t_ads: 24.5, t_des: 23.0, bed_util_ads: 0.495, bed_util_des: 0.495, des_th: 0.4950518757718947,frac_lost: 0.107, li_recovered:  8.554, time: 0.01336818700110598
L: 0.50, u_super: 0.00395, sec: 1659.375, prod: 0.011483, t_ads: 49.7, t_des: 715.1, bed_util_ads: 0.198, bed_util_des: 0.191, des_th: 0.19123337747370742,frac_lost: 0.103, li_recovered:  8.782, time: 0.09355732199946942
L: 0.50, u_super: 0.00397, sec: 245.372, prod: 0.078527, t_ads: 48.9, t_des: 61.0, bed_util_ads: 0.457, bed_util_des: 0.456, des_th: 0.45593928789907884,frac_lost: 0.103, li_recovered:  8.635, time: 0.01226644199959992
L: 5.10, u_super: 0.00490 — INFEASIBLE (li_recovered=0.000e+00), time: 0.004639251001208322
L: 0.50, u_super: 0.00210, sec: 129.111, prod: 0.040733, t_ads: 91.8, t_des: 117.3, bed_util_ads: 0.450, bed_util_des: 0.448, des_th: 0.4476687194483409,frac_lost: 0.103, li_recovered:  8.516, time: 0.01206487899980857
L: 0.50, u_super: 0.00253, sec: 137.092, prod: 0.056040, t_ads: 76.2, t_des: 66.3, bed_util_ads: 0.500, bed_util_des: 0.499, des_th: 0.49953065995942786,frac_lost: 0.104, li_recovered:  7.983, time: 0.012141841001721332
L: 0.50, u_super: 0.00349, sec: 190.225, prod: 0.077971, t_ads: 55.5, t_des: 48.5, bed_util_ads: 0.500, bed_util_des: 0.500, des_th: 0.49999701022728626,frac_lost: 0.106, li_recovered:  8.114, time: 0.01332345599985274
L: 4.13, u_super: 0.00291, sec: 2206.662, prod: 0.038286, t_ads: 536.6, t_des: 1194.4, bed_util_ads: 0.343, bed_util_des: 0.317, des_th: 0.31702174947116324,frac_lost: 0.106, li_recovered:  66.270, time: 0.027103201999125304
L: 52.27, u_super: 0.00035 — INFEASIBLE (li_recovered=0.000e+00), time: 0.0021576579983957345
L: 86.16, u_super: 0.00108 — INFEASIBLE (li_recovered=0.000e+00), time: 0.0022251020000112476
L: 0.50, u_super: 0.00960, sec: 557.053, prod: 0.217600, t_ads: 20.3, t_des: 18.7, bed_util_ads: 0.498, bed_util_des: 0.498, des_th: 0.49806921227124784,frac_lost: 0.104, li_recovered:  8.487, time: 0.015373358999568154
L: 0.50, u_super: 0.00986, sec: 574.425, prod: 0.223362, t_ads: 19.9, t_des: 18.0, bed_util_ads: 0.500, bed_util_des: 0.499, des_th: 0.49941800771673645,frac_lost: 0.106, li_recovered:  8.451, time: 0.01807758900031331
L: 0.50, u_super: 0.00013 — INFEASIBLE (li_recovered=0.000e+00), time: 0.00377337399913813
L: 56.50, u_super: 0.00933 — INFEASIBLE (li_recovered=0.000e+00), time: 0.002505823998944834
L: 0.50, u_super: 0.00707, sec: 397.825, prod: 0.160136, t_ads: 27.4, t_des: 24.5, bed_util_ads: 0.500, bed_util_des: 0.500, des_th: 0.4997582946974724,frac_lost: 0.100, li_recovered:  8.319, time: 0.02288697299991327
L: 0.50, u_super: 0.00711, sec: 401.427, prod: 0.160648, t_ads: 27.5, t_des: 24.7, bed_util_ads: 0.500, bed_util_des: 0.499, des_th: 0.49940985581565395,frac_lost: 0.107, li_recovered:  8.386, time: 0.012474706001739833
L: 0.50, u_super: 0.00682, sec: 383.811, prod: 0.153975, t_ads: 28.7, t_des: 26.0, bed_util_ads: 0.499, bed_util_des: 0.499, des_th: 0.4986012678865316,frac_lost: 0.109, li_recovered:  8.428, time: 0.013511293000192381
L: 0.50, u_super: 0.00729, sec: 412.196, prod: 0.164553, t_ads: 26.9, t_des: 24.4, bed_util_ads: 0.500, bed_util_des: 0.499, des_th: 0.49951320700283824,frac_lost: 0.109, li_recovered:  8.439, time: 0.012218038998980774
L: 0.50, u_super: 0.00808, sec: 461.061, prod: 0.183031, t_ads: 24.1, t_des: 22.2, bed_util_ads: 0.497, bed_util_des: 0.497, des_th: 0.49714978835006923,frac_lost: 0.105, li_recovered:  8.487, time: 0.015633310000339407
   843 |    33720 |     40 |  0.0030815589 |             f
L: 0.50, u_super: 0.00192, sec: 104.608, prod: 0.041884, t_ads: 99.5, t_des: 84.9, bed_util_ads: 0.500, bed_util_des: 0.500, des_th: 0.49990922201536353,frac_lost: 0.101, li_recovered:  7.725, time: 0.012649270000110846
L: 9.34, u_super: 0.00452 — INFEASIBLE (li_recovered=0.000e+00), time: 0.0055931939987203805
L: 22.37, u_super: 0.00643 — INFEASIBLE (li_recovered=0.000e+00), time: 0.003514467000059085
L: 0.50, u_super: 0.00035, sec: 29.662, prod: 0.004782, t_ads: 537.3, t_des: 1125.0, bed_util_ads: 0.350, bed_util_des: 0.325, des_th: 0.32536657033050065,frac_lost: 0.104, li_recovered:  7.949, time: 0.02136885700019775
L: 3.35, u_super: 0.00563 — INFEASIBLE (li_recovered=0.000e+00), time: 0.01044581600035599
L: 0.50, u_super: 0.00069 — INFEASIBLE (li_recovered=0.000e+00), time: 0.005408760000136681
L: 0.50, u_super: 0.00850, sec: 490.880, prod: 0.190859, t_ads: 23.0, t_des: 22.1, bed_util_ads: 0.492, bed_util_des: 0.492, des_th: 0.49215049163730334,frac_lost: 0.106, li_recovered:  8.613, time: 0.016130160000102478
L: 0.50, u_super: 0.00349, sec: 1376.057, prod: 0.010757, t_ads: 56.3, t_des: 760.2, bed_util_ads: 0.202, bed_util_des: 0.195, des_th: 0.19516011818129994,frac_lost: 0.105, li_recovered:  8.784, time: 0.07976340500135848
L: 0.50, u_super: 0.00598, sec: 332.248, prod: 0.134997, t_ads: 32.5, t_des: 29.1, bed_util_ads: 0.500, bed_util_des: 0.500, des_th: 0.4999569018709508,frac_lost: 0.103, li_recovered:  8.320, time: 0.012018723999062786
L: 0.50, u_super: 0.00174, sec: 95.423, prod: 0.037657, t_ads: 109.8, t_des: 92.5, bed_util_ads: 0.500, bed_util_des: 0.500, des_th: 0.49970497723403373,frac_lost: 0.103, li_recovered:  7.620, time: 0.010715735999838216
L: 24.29, u_super: 0.00267 — INFEASIBLE (li_recovered=0.000e+00), time: 0.0014489010009128833
L: 0.50, u_super: 0.00349, sec: 190.225, prod: 0.077971, t_ads: 55.5, t_des: 48.5, bed_util_ads: 0.500, bed_util_des: 0.500, des_th: 0.49999701028568555,frac_lost: 0.106, li_recovered:  8.114, time: 0.010928187000899925
L: 0.50, u_super: 0.00011, sec: 9.758, prod: 0.001538, t_ads: 1147.9, t_des: 1376.6, bed_util_ads: 0.337, bed_util_des: 0.328, des_th: 0.3285269524474749,frac_lost: 0.100, li_recovered:  3.882, time: 0.008193243000278017
L: 12.86, u_super: 0.00269 — INFEASIBLE (li_recovered=0.000e+00), time: 0.0021521709986700444
L: 0.50, u_super: 0.00561, sec: 310.804, prod: 0.126682, t_ads: 34.6, t_des: 30.9, bed_util_ads: 0.500, bed_util_des: 0.500, des_th: 0.49970071490495016,frac_lost: 0.103, li_recovered:  8.301, time: 0.009045882999998867
L: 0.50, u_super: 0.00635, sec: 354.398, prod: 0.143558, t_ads: 30.6, t_des: 27.6, bed_util_ads: 0.499, bed_util_des: 0.499, des_th: 0.4986070493385324,frac_lost: 0.103, li_recovered:  8.366, time: 0.012600730999110965
L: 9.67, u_super: 0.00470 — INFEASIBLE (li_recovered=0.000e+00), time: 0.0035607339996204246
L: 0.50, u_super: 0.00957, sec: 555.611, prod: 0.216657, t_ads: 20.5, t_des: 18.5, bed_util_ads: 0.499, bed_util_des: 0.499, des_th: 0.4993008905628318,frac_lost: 0.107, li_recovered:  8.450, time: 0.008268497000244679
L: 0.50, u_super: 0.00330, sec: 190.633, prod: 0.069087, t_ads: 59.0, t_des: 65.4, bed_util_ads: 0.470, bed_util_des: 0.469, des_th: 0.4688182494244293,frac_lost: 0.106, li_recovered:  8.595, time: 0.01167298399923311
L: 0.50, u_super: 0.00210, sec: 114.089, prod: 0.046096, t_ads: 91.9, t_des: 79.0, bed_util_ads: 0.500, bed_util_des: 0.500, des_th: 0.49962795315547526,frac_lost: 0.107, li_recovered:  7.877, time: 0.006727211000907118
L: 0.50, u_super: 0.00465, sec: 255.371, prod: 0.104641, t_ads: 41.9, t_des: 37.3, bed_util_ads: 0.500, bed_util_des: 0.500, des_th: 0.4996358920314498,frac_lost: 0.106, li_recovered:  8.278, time: 0.012206629999127472
L: 0.50, u_super: 0.00243, sec: 130.476, prod: 0.054175, t_ads: 79.2, t_des: 72.2, bed_util_ads: 0.494, bed_util_des: 0.494, des_th: 0.49362948181347915,frac_lost: 0.103, li_recovered:  8.201, time: 0.008908982999855652
L: 0.50, u_super: 0.00761, sec: 432.056, prod: 0.171938, t_ads: 25.8, t_des: 23.4, bed_util_ads: 0.499, bed_util_des: 0.499, des_th: 0.49881360139457337,frac_lost: 0.108, li_recovered:  8.444, time: 0.011840860001029796
L: 0.50, u_super: 0.00990, sec: 576.603, prod: 0.224580, t_ads: 19.7, t_des: 17.9, bed_util_ads: 0.500, bed_util_des: 0.500, des_th: 0.49989229515163375,frac_lost: 0.104, li_recovered:  8.454, time: 0.009628320000047097
L: 0.50, u_super: 0.00348, sec: 189.200, prod: 0.077787, t_ads: 55.9, t_des: 49.3, bed_util_ads: 0.500, bed_util_des: 0.500, des_th: 0.49999701022728626,frac_lost: 0.107, li_recovered:  8.184, time: 0.01274906800063036
L: 0.50, u_super: 0.00539, sec: 320.550, prod: 0.113074, t_ads: 36.1, t_des: 40.6, bed_util_ads: 0.471, bed_util_des: 0.470, des_th: 0.47004977009354343,frac_lost: 0.103, li_recovered:  8.663, time: 0.015038117999210954
L: 0.50, u_super: 0.00434, sec: 237.313, prod: 0.097497, t_ads: 44.9, t_des: 40.1, bed_util_ads: 0.500, bed_util_des: 0.500, des_th: 0.49982444184276004,frac_lost: 0.106, li_recovered:  8.281, time: 0.013140802999259904
L: 0.50, u_super: 0.00014 — INFEASIBLE (li_recovered=0.000e+00), time: 0.0033355649993609404
L: 0.50, u_super: 0.00729, sec: 412.134, prod: 0.164578, t_ads: 26.9, t_des: 24.1, bed_util_ads: 0.500, bed_util_des: 0.500, des_th: 0.49952075362387205,frac_lost: 0.108, li_recovered:  8.398, time: 0.012701282001216896
L: 0.50, u_super: 0.00811, sec: 463.089, prod: 0.183636, t_ads: 24.1, t_des: 21.9, bed_util_ads: 0.500, bed_util_des: 0.500, des_th: 0.4996791780867248,frac_lost: 0.106, li_recovered:  8.438, time: 0.01701878099993337
L: 0.50, u_super: 0.00861, sec: 494.788, prod: 0.194826, t_ads: 22.8, t_des: 20.6, bed_util_ads: 0.500, bed_util_des: 0.500, des_th: 0.49999705474735445,frac_lost: 0.108, li_recovered:  8.439, time: 0.01734545799990883
L: 0.50, u_super: 0.00453, sec: 248.475, prod: 0.101997, t_ads: 42.9, t_des: 38.3, bed_util_ads: 0.500, bed_util_des: 0.500, des_th: 0.49982444184276004,frac_lost: 0.105, li_recovered:  8.282, time: 0.021880079999391455
L: 0.50, u_super: 0.00015, sec: 18.345, prod: 0.001333, t_ads: 1351.3, t_des: 4971.3, bed_util_ads: 0.252, bed_util_des: 0.181, des_th: 0.18141048149055092,frac_lost: 0.101, li_recovered:  8.426, time: 0.03314379299990833
L: 0.50, u_super: 0.00598, sec: 331.954, prod: 0.135116, t_ads: 32.5, t_des: 29.1, bed_util_ads: 0.500, bed_util_des: 0.500, des_th: 0.4999132125935712,frac_lost: 0.101, li_recovered:  8.321, time: 0.016970932998447097
L: 0.50, u_super: 0.00666, sec: 374.053, prod: 0.150258, t_ads: 29.4, t_des: 26.7, bed_util_ads: 0.499, bed_util_des: 0.499, des_th: 0.4989486091756513,frac_lost: 0.109, li_recovered:  8.429, time: 0.015120332998776576
L: 0.50, u_super: 0.00128, sec: 71.714, prod: 0.026851, t_ads: 148.6, t_des: 121.2, bed_util_ads: 0.500, bed_util_des: 0.500, des_th: 0.49962683573106037,frac_lost: 0.105, li_recovered:  7.246, time: 0.009149565999905462
L: 0.50, u_super: 0.00194, sec: 104.737, prod: 0.042685, t_ads: 99.4, t_des: 87.5, bed_util_ads: 0.496, bed_util_des: 0.496, des_th: 0.4957701740314763,frac_lost: 0.107, li_recovered:  7.980, time: 0.011901788999239216
L: 0.50, u_super: 0.00390, sec: 212.778, prod: 0.087291, t_ads: 50.0, t_des: 44.1, bed_util_ads: 0.500, bed_util_des: 0.500, des_th: 0.4999912386144082,frac_lost: 0.108, li_recovered:  8.214, time: 0.00792976400043699
L: 0.50, u_super: 0.00381, sec: 207.785, prod: 0.085353, t_ads: 51.1, t_des: 45.1, bed_util_ads: 0.500, bed_util_des: 0.500, des_th: 0.49953065995942786,frac_lost: 0.107, li_recovered:  8.208, time: 0.009616014000130235
L: 0.50, u_super: 0.00428, sec: 238.240, prod: 0.094446, t_ads: 45.5, t_des: 45.4, bed_util_ads: 0.485, bed_util_des: 0.484, des_th: 0.48435265667966304,frac_lost: 0.106, li_recovered:  8.591, time: 0.01718152600005851
   844 |    33760 |     40 |  0.0019709955 |             f
L: 0.50, u_super: 0.00293, sec: 158.447, prod: 0.065279, t_ads: 65.7, t_des: 57.7, bed_util_ads: 0.498, bed_util_des: 0.498, des_th: 0.49828228187730955,frac_lost: 0.101, li_recovered:  8.060, time: 0.016660974999467726
L: 0.50, u_super: 0.00223, sec: 121.120, prod: 0.048958, t_ads: 86.6, t_des: 74.4, bed_util_ads: 0.500, bed_util_des: 0.500, des_th: 0.4996280117480106,frac_lost: 0.107, li_recovered:  7.883, time: 0.01763279999977385
L: 0.50, u_super: 0.00760, sec: 431.355, prod: 0.171989, t_ads: 25.7, t_des: 23.1, bed_util_ads: 0.500, bed_util_des: 0.500, des_th: 0.49998625137736397,frac_lost: 0.106, li_recovered:  8.392, time: 0.018771331999232643
L: 32.56, u_super: 0.00857 — INFEASIBLE (li_recovered=0.000e+00), time: 0.004707714000687702
L: 0.50, u_super: 0.00759, sec: 430.975, prod: 0.171433, t_ads: 25.8, t_des: 23.1, bed_util_ads: 0.500, bed_util_des: 0.500, des_th: 0.4997589539235429,frac_lost: 0.108, li_recovered:  8.385, time: 0.012914218001242261
L: 0.50, u_super: 0.00918, sec: 530.964, prod: 0.207963, t_ads: 21.3, t_des: 19.3, bed_util_ads: 0.500, bed_util_des: 0.500, des_th: 0.49956494566314913,frac_lost: 0.107, li_recovered:  8.446, time: 0.01573894300054235
L: 0.50, u_super: 0.00039 — INFEASIBLE (li_recovered=0.000e+00), time: 0.009122586001467425
L: 0.50, u_super: 0.00425, sec: 232.222, prod: 0.095621, t_ads: 45.8, t_des: 41.2, bed_util_ads: 0.498, bed_util_des: 0.498, des_th: 0.49763437588502935,frac_lost: 0.106, li_recovered:  8.314, time: 0.01170669800012547
L: 0.50, u_super: 0.00465, sec: 255.143, prod: 0.104369, t_ads: 41.8, t_des: 39.6, bed_util_ads: 0.491, bed_util_des: 0.491, des_th: 0.49114606419358636,frac_lost: 0.103, li_recovered:  8.499, time: 0.012301194999963627
L: 0.50, u_super: 0.00696, sec: 392.141, prod: 0.157303, t_ads: 28.1, t_des: 25.2, bed_util_ads: 0.500, bed_util_des: 0.500, des_th: 0.49952298968273945,frac_lost: 0.107, li_recovered:  8.380, time: 0.015355379999164143
L: 0.50, u_super: 0.00667, sec: 374.840, prod: 0.150651, t_ads: 29.3, t_des: 26.3, bed_util_ads: 0.500, bed_util_des: 0.500, des_th: 0.49971290172605237,frac_lost: 0.108, li_recovered:  8.375, time: 0.010114509999766597
L: 0.50, u_super: 0.00039, sec: 33.695, prod: 0.005375, t_ads: 476.0, t_des: 1016.2, bed_util_ads: 0.352, bed_util_des: 0.330, des_th: 0.3297010965912371,frac_lost: 0.101, li_recovered:  8.020, time: 0.018497368999305763
L: 0.50, u_super: 0.00553, sec: 305.955, prod: 0.124821, t_ads: 35.1, t_des: 31.5, bed_util_ads: 0.500, bed_util_des: 0.500, des_th: 0.4998824784633939,frac_lost: 0.103, li_recovered:  8.315, time: 0.016716654999981984
L: 0.50, u_super: 0.00422, sec: 230.744, prod: 0.094855, t_ads: 46.1, t_des: 41.1, bed_util_ads: 0.500, bed_util_des: 0.499, des_th: 0.49941788779807667,frac_lost: 0.106, li_recovered:  8.265, time: 0.014490767000097549
L: 25.58, u_super: 0.00758 — INFEASIBLE (li_recovered=0.000e+00), time: 0.0030608020006184233
L: 0.50, u_super: 0.00523, sec: 288.471, prod: 0.117940, t_ads: 37.1, t_des: 34.8, bed_util_ads: 0.494, bed_util_des: 0.493, des_th: 0.4932994470807922,frac_lost: 0.102, li_recovered:  8.483, time: 0.012675653999394854
L: 0.50, u_super: 0.00298, sec: 161.229, prod: 0.066336, t_ads: 64.8, t_des: 56.8, bed_util_ads: 0.500, bed_util_des: 0.500, des_th: 0.4998330383381113,frac_lost: 0.103, li_recovered:  8.068, time: 0.014422756999920239
L: 0.50, u_super: 0.00418, sec: 228.430, prod: 0.093604, t_ads: 46.6, t_des: 41.0, bed_util_ads: 0.500, bed_util_des: 0.500, des_th: 0.49992817483766205,frac_lost: 0.106, li_recovered:  8.201, time: 0.01147543799925188
L: 0.50, u_super: 0.00400, sec: 218.362, prod: 0.089591, t_ads: 48.7, t_des: 42.9, bed_util_ads: 0.500, bed_util_des: 0.500, des_th: 0.4997124652625334,frac_lost: 0.106, li_recovered:  8.201, time: 0.011604448000070988
L: 0.50, u_super: 0.00595, sec: 331.060, prod: 0.134412, t_ads: 32.7, t_des: 29.2, bed_util_ads: 0.500, bed_util_des: 0.500, des_th: 0.4997657198413158,frac_lost: 0.104, li_recovered:  8.321, time: 0.014047616999960155
L: 0.50, u_super: 0.00687, sec: 385.180, prod: 0.155621, t_ads: 28.2, t_des: 25.5, bed_util_ads: 0.499, bed_util_des: 0.499, des_th: 0.49860271058968025,frac_lost: 0.101, li_recovered:  8.369, time: 0.012225807000504574
L: 0.50, u_super: 0.00837, sec: 478.789, prod: 0.189481, t_ads: 23.3, t_des: 21.2, bed_util_ads: 0.499, bed_util_des: 0.499, des_th: 0.49879987733838305,frac_lost: 0.105, li_recovered:  8.434, time: 0.015738182999484707
L: 0.50, u_super: 0.00061, sec: 34.218, prod: 0.012497, t_ads: 304.0, t_des: 280.3, bed_util_ads: 0.472, bed_util_des: 0.470, des_th: 0.469981936639745,frac_lost: 0.106, li_recovered:  7.302, time: 0.01193015200078662
L: 0.50, u_super: 0.00315, sec: 169.865, prod: 0.070755, t_ads: 61.1, t_des: 55.6, bed_util_ads: 0.495, bed_util_des: 0.495, des_th: 0.4947766034750211,frac_lost: 0.100, li_recovered:  8.258, time: 0.011084746000051382
L: 0.50, u_super: 0.00630, sec: 351.892, prod: 0.142462, t_ads: 30.8, t_des: 27.6, bed_util_ads: 0.500, bed_util_des: 0.500, des_th: 0.49982444184276004,frac_lost: 0.103, li_recovered:  8.320, time: 0.013803826001094421
L: 0.50, u_super: 0.00010, sec: 10.067, prod: 0.001132, t_ads: 1928.0, t_des: 5092.9, bed_util_ads: 0.259, bed_util_des: 0.185, des_th: 0.1851696623157332,frac_lost: 0.101, li_recovered:  7.949, time: 0.02016201500009629
L: 0.50, u_super: 0.00451, sec: 247.250, prod: 0.101411, t_ads: 43.1, t_des: 38.4, bed_util_ads: 0.500, bed_util_des: 0.500, des_th: 0.4997983745966762,frac_lost: 0.106, li_recovered:  8.268, time: 0.009532227000818239
L: 0.50, u_super: 0.00245, sec: 132.914, prod: 0.054295, t_ads: 78.4, t_des: 68.1, bed_util_ads: 0.500, bed_util_des: 0.500, des_th: 0.49962571709660786,frac_lost: 0.103, li_recovered:  7.952, time: 0.009980111000913894
L: 0.50, u_super: 0.00831, sec: 475.325, prod: 0.187942, t_ads: 23.6, t_des: 21.4, bed_util_ads: 0.499, bed_util_des: 0.499, des_th: 0.4985935930569548,frac_lost: 0.107, li_recovered:  8.444, time: 0.011883854998814058
L: 0.50, u_super: 0.00800, sec: 455.975, prod: 0.180838, t_ads: 24.5, t_des: 22.0, bed_util_ads: 0.500, bed_util_des: 0.500, des_th: 0.49993510867254337,frac_lost: 0.107, li_recovered:  8.401, time: 0.014653390000603395
L: 0.50, u_super: 0.00508, sec: 279.544, prod: 0.114438, t_ads: 38.3, t_des: 34.2, bed_util_ads: 0.500, bed_util_des: 0.500, des_th: 0.4996414791386207,frac_lost: 0.104, li_recovered:  8.296, time: 0.012507807001384208
L: 0.50, u_super: 0.00078, sec: 42.895, prod: 0.016515, t_ads: 238.4, t_des: 229.3, bed_util_ads: 0.472, bed_util_des: 0.470, des_th: 0.47032187335565023,frac_lost: 0.101, li_recovered:  7.723, time: 0.018389171998933307
L: 3.56, u_super: 0.00990 — INFEASIBLE (li_recovered=0.000e+00), time: 0.007388770000034128
L: 0.50, u_super: 0.00605, sec: 336.834, prod: 0.136781, t_ads: 32.1, t_des: 28.7, bed_util_ads: 0.500, bed_util_des: 0.500, des_th: 0.4999132125935712,frac_lost: 0.102, li_recovered:  8.312, time: 0.017121643000791664
L: 0.50, u_super: 0.00005, sec: 4.330, prod: 0.000669, t_ads: 3400.0, t_des: 5789.0, bed_util_ads: 0.251, bed_util_des: 0.185, des_th: 0.18516577484491606,frac_lost: 0.100, li_recovered:  6.144, time: 0.02052147500035062
L: 0.50, u_super: 0.00763, sec: 433.612, prod: 0.172497, t_ads: 25.7, t_des: 23.0, bed_util_ads: 0.500, bed_util_des: 0.500, des_th: 0.4996738078689002,frac_lost: 0.108, li_recovered:  8.388, time: 0.01608011399912357
L: 0.50, u_super: 0.00348, sec: 189.109, prod: 0.077825, t_ads: 55.8, t_des: 49.2, bed_util_ads: 0.500, bed_util_des: 0.500, des_th: 0.4996027455064457,frac_lost: 0.106, li_recovered:  8.174, time: 0.01413140300064697
L: 0.50, u_super: 0.00008 — INFEASIBLE (li_recovered=0.000e+00), time: 0.0026635699996404583
L: 0.50, u_super: 0.00103, sec: 56.327, prod: 0.022323, t_ads: 181.6, t_des: 166.6, bed_util_ads: 0.484, bed_util_des: 0.483, des_th: 0.483195351292868,frac_lost: 0.102, li_recovered:  7.773, time: 0.012686075999226887
L: 0.50, u_super: 0.00518, sec: 2169.142, prod: 0.015377, t_ads: 37.8, t_des: 533.1, bed_util_ads: 0.200, bed_util_des: 0.195, des_th: 0.1952854095031936,frac_lost: 0.102, li_recovered:  8.778, time: 0.10437162599919247
   845 |    33800 |     40 |  0.0058822542 |             f
L: 0.50, u_super: 0.00729, sec: 412.221, prod: 0.164543, t_ads: 26.9, t_des: 24.1, bed_util_ads: 0.500, bed_util_des: 0.499, des_th: 0.4994926649894663,frac_lost: 0.108, li_recovered:  8.389, time: 0.013968065000881325
L: 0.50, u_super: 0.00008, sec: 7.089, prod: 0.000951, t_ads: 2451.9, t_des: 5501.4, bed_util_ads: 0.256, bed_util_des: 0.180, des_th: 0.17966973642212244,frac_lost: 0.100, li_recovered:  7.562, time: 0.024905895999836503
L: 0.50, u_super: 0.00840, sec: 523.952, prod: 0.174476, t_ads: 23.3, t_des: 26.6, bed_util_ads: 0.470, bed_util_des: 0.470, des_th: 0.4698513779824281,frac_lost: 0.106, li_recovered:  8.708, time: 0.0245772099988244
L: 0.50, u_super: 0.00148, sec: 81.746, prod: 0.031614, t_ads: 129.2, t_des: 107.6, bed_util_ads: 0.500, bed_util_des: 0.500, des_th: 0.4996280117480106,frac_lost: 0.106, li_recovered:  7.487, time: 0.016059036999649834
L: 0.50, u_super: 0.00316, sec: 384.225, prod: 0.031469, t_ads: 61.9, t_des: 214.8, bed_util_ads: 0.333, bed_util_des: 0.328, des_th: 0.3285269524474749,frac_lost: 0.105, li_recovered:  8.705, time: 0.03231982299985248
L: 0.50, u_super: 0.00037, sec: 30.890, prod: 0.005068, t_ads: 511.2, t_des: 1060.1, bed_util_ads: 0.353, bed_util_des: 0.330, des_th: 0.3297010965912371,frac_lost: 0.103, li_recovered:  7.963, time: 0.014589322001484106
L: 0.50, u_super: 0.00878, sec: 505.116, prod: 0.198738, t_ads: 22.3, t_des: 20.4, bed_util_ads: 0.498, bed_util_des: 0.498, des_th: 0.4980073529671215,frac_lost: 0.106, li_recovered:  8.490, time: 0.012999091999517987
L: 0.50, u_super: 0.00357, sec: 194.123, prod: 0.079882, t_ads: 54.5, t_des: 48.2, bed_util_ads: 0.500, bed_util_des: 0.500, des_th: 0.49974612696780407,frac_lost: 0.107, li_recovered:  8.197, time: 0.013405068000793108
L: 8.05, u_super: 0.00674 — INFEASIBLE (li_recovered=0.000e+00), time: 0.0059457600000314415
L: 0.50, u_super: 0.00205, sec: 111.287, prod: 0.044805, t_ads: 94.4, t_des: 80.9, bed_util_ads: 0.500, bed_util_des: 0.500, des_th: 0.49962795315547526,frac_lost: 0.108, li_recovered:  7.854, time: 0.009725127998535754
L: 0.50, u_super: 0.00138 — INFEASIBLE (li_recovered=0.000e+00), time: 0.008055217000219272
L: 34.94, u_super: 0.00638 — INFEASIBLE (li_recovered=0.000e+00), time: 0.005062685999291716
L: 0.50, u_super: 0.00990, sec: 576.402, prod: 0.224660, t_ads: 19.7, t_des: 17.7, bed_util_ads: 0.500, bed_util_des: 0.500, des_th: 0.4997630676285076,frac_lost: 0.103, li_recovered:  8.402, time: 0.012358043999483925
L: 0.50, u_super: 0.00729, sec: 412.134, prod: 0.164578, t_ads: 26.9, t_des: 24.1, bed_util_ads: 0.500, bed_util_des: 0.500, des_th: 0.49952075362387205,frac_lost: 0.108, li_recovered:  8.398, time: 0.009694416001366335
L: 21.53, u_super: 0.00543 — INFEASIBLE (li_recovered=0.000e+00), time: 0.0022179150000738446
L: 4.42, u_super: 0.00156 — INFEASIBLE (li_recovered=0.000e+00), time: 0.0020453370016184635
L: 0.50, u_super: 0.00097 — INFEASIBLE (li_recovered=0.000e+00), time: 0.006948812000700855
L: 0.50, u_super: 0.00253, sec: 136.854, prod: 0.055981, t_ads: 76.2, t_des: 66.3, bed_util_ads: 0.500, bed_util_des: 0.500, des_th: 0.49982764051562073,frac_lost: 0.103, li_recovered:  7.974, time: 0.00864012899910449
L: 0.50, u_super: 0.00640, sec: 357.768, prod: 0.144787, t_ads: 30.3, t_des: 27.0, bed_util_ads: 0.500, bed_util_des: 0.500, des_th: 0.4999889191522848,frac_lost: 0.102, li_recovered:  8.306, time: 0.007910659000117448
L: 0.50, u_super: 0.00280, sec: 151.794, prod: 0.061999, t_ads: 69.1, t_des: 59.8, bed_util_ads: 0.500, bed_util_des: 0.500, des_th: 0.49982764051562073,frac_lost: 0.104, li_recovered:  7.991, time: 0.01071910599966941
L: 0.50, u_super: 0.00729, sec: 411.969, prod: 0.164670, t_ads: 26.8, t_des: 24.1, bed_util_ads: 0.500, bed_util_des: 0.500, des_th: 0.4998723506318546,frac_lost: 0.107, li_recovered:  8.386, time: 0.014259796000260394
L: 0.50, u_super: 0.00248, sec: 133.828, prod: 0.055252, t_ads: 77.5, t_des: 74.0, bed_util_ads: 0.487, bed_util_des: 0.487, des_th: 0.4867745384139269,frac_lost: 0.103, li_recovered:  8.374, time: 0.011208828000235371
L: 0.50, u_super: 0.00013 — INFEASIBLE (li_recovered=0.000e+00), time: 0.002832883999872138
L: 0.50, u_super: 0.00206, sec: 110.706, prod: 0.045456, t_ads: 93.9, t_des: 83.8, bed_util_ads: 0.495, bed_util_des: 0.495, des_th: 0.4950867112503858,frac_lost: 0.107, li_recovered:  8.075, time: 0.014875437000227976
L: 0.50, u_super: 0.00437, sec: 257.581, prod: 0.091110, t_ads: 44.4, t_des: 50.4, bed_util_ads: 0.469, bed_util_des: 0.468, des_th: 0.4683648583228223,frac_lost: 0.102, li_recovered:  8.637, time: 0.011476813000626862
L: 0.50, u_super: 0.00758, sec: 430.343, prod: 0.171314, t_ads: 25.8, t_des: 23.2, bed_util_ads: 0.500, bed_util_des: 0.500, des_th: 0.499998560212083,frac_lost: 0.108, li_recovered:  8.394, time: 0.009115594999457244
L: 0.50, u_super: 0.00097 — INFEASIBLE (li_recovered=0.000e+00), time: 0.005654316999425646
L: 0.50, u_super: 0.00496, sec: 272.608, prod: 0.111786, t_ads: 39.1, t_des: 36.7, bed_util_ads: 0.494, bed_util_des: 0.494, des_th: 0.49395404116363795,frac_lost: 0.102, li_recovered:  8.472, time: 0.009318221998910303
L: 0.50, u_super: 0.00012 — INFEASIBLE (li_recovered=0.000e+00), time: 0.0025531789997330634
L: 0.50, u_super: 0.00800, sec: 456.147, prod: 0.180770, t_ads: 24.5, t_des: 22.2, bed_util_ads: 0.500, bed_util_des: 0.499, des_th: 0.49941389400385683,frac_lost: 0.108, li_recovered:  8.450, time: 0.01197944399973494
L: 0.50, u_super: 0.00288, sec: 156.481, prod: 0.064044, t_ads: 66.9, t_des: 58.1, bed_util_ads: 0.500, bed_util_des: 0.500, des_th: 0.4996027455064457,frac_lost: 0.103, li_recovered:  8.009, time: 0.013653535999765154
L: 0.50, u_super: 0.00005, sec: 4.348, prod: 0.000666, t_ads: 3559.2, t_des: 6539.6, bed_util_ads: 0.247, bed_util_des: 0.171, des_th: 0.17145856075209256,frac_lost: 0.101, li_recovered:  6.723, time: 0.015983527999196667
L: 0.50, u_super: 0.00017, sec: 12.265, prod: 0.002835, t_ads: 950.8, t_des: 1243.8, bed_util_ads: 0.366, bed_util_des: 0.348, des_th: 0.3484879278817803,frac_lost: 0.103, li_recovered:  6.221, time: 0.01108141000077012
L: 0.50, u_super: 0.00315, sec: 211.391, prod: 0.056774, t_ads: 61.6, t_des: 90.2, bed_util_ads: 0.436, bed_util_des: 0.434, des_th: 0.4337403682064833,frac_lost: 0.103, li_recovered:  8.618, time: 0.014304251999419648
L: 0.50, u_super: 0.00337, sec: 182.072, prod: 0.075747, t_ads: 57.2, t_des: 52.1, bed_util_ads: 0.495, bed_util_des: 0.495, des_th: 0.4947766034750211,frac_lost: 0.101, li_recovered:  8.281, time: 0.008346533999429084
L: 0.50, u_super: 0.00947, sec: 553.514, prod: 0.212939, t_ads: 20.6, t_des: 19.8, bed_util_ads: 0.491, bed_util_des: 0.491, des_th: 0.49115347378806457,frac_lost: 0.106, li_recovered:  8.620, time: 0.007503226999688195
L: 0.50, u_super: 0.00888, sec: 511.818, prod: 0.200857, t_ads: 22.1, t_des: 20.0, bed_util_ads: 0.500, bed_util_des: 0.500, des_th: 0.49969676398448626,frac_lost: 0.108, li_recovered:  8.450, time: 0.012543494000055944
L: 0.50, u_super: 0.00550, sec: 303.577, prod: 0.124314, t_ads: 35.3, t_des: 32.0, bed_util_ads: 0.498, bed_util_des: 0.498, des_th: 0.4980073529671215,frac_lost: 0.102, li_recovered:  8.368, time: 0.010359443000197643
L: 0.50, u_super: 0.00729, sec: 412.034, prod: 0.164618, t_ads: 26.9, t_des: 24.4, bed_util_ads: 0.498, bed_util_des: 0.498, des_th: 0.49803540982512623,frac_lost: 0.108, li_recovered:  8.446, time: 0.00968424100028642
L: 0.50, u_super: 0.00876, sec: 508.239, prod: 0.196847, t_ads: 22.3, t_des: 21.5, bed_util_ads: 0.492, bed_util_des: 0.492, des_th: 0.492191660910311,frac_lost: 0.106, li_recovered:  8.617, time: 0.014717108999320772
   846 |    33840 |     40 |  0.0021376657 |             f
L: 0.50, u_super: 0.00562, sec: 311.197, prod: 0.126971, t_ads: 34.5, t_des: 31.0, bed_util_ads: 0.500, bed_util_des: 0.500, des_th: 0.49980367592918884,frac_lost: 0.103, li_recovered:  8.320, time: 0.009234719998858054
L: 13.40, u_super: 0.00514 — INFEASIBLE (li_recovered=0.000e+00), time: 0.004155688000537339
L: 18.60, u_super: 0.00451 — INFEASIBLE (li_recovered=0.000e+00), time: 0.0028540310013340786
L: 21.14, u_super: 0.00729 — INFEASIBLE (li_recovered=0.000e+00), time: 0.0040332629996555625
L: 0.50, u_super: 0.00006 — INFEASIBLE (li_recovered=0.000e+00), time: 0.0033784630013542483
L: 0.50, u_super: 0.00411, sec: 310.824, prod: 0.066473, t_ads: 47.6, t_des: 82.9, bed_util_ads: 0.415, bed_util_des: 0.413, des_th: 0.413176768580023,frac_lost: 0.107, li_recovered:  8.673, time: 0.015274546000000555
L: 0.50, u_super: 0.00823, sec: 471.038, prod: 0.186190, t_ads: 23.8, t_des: 21.8, bed_util_ads: 0.498, bed_util_des: 0.498, des_th: 0.49797761683130354,frac_lost: 0.108, li_recovered:  8.484, time: 0.014999688000898459
L: 0.50, u_super: 0.00030, sec: 55.986, prod: 0.001834, t_ads: 669.9, t_des: 4099.7, bed_util_ads: 0.236, bed_util_des: 0.183, des_th: 0.18319249622722164,frac_lost: 0.103, li_recovered:  8.747, time: 0.04544289499972365
L: 0.50, u_super: 0.00800, sec: 474.621, prod: 0.173733, t_ads: 24.5, t_des: 25.6, bed_util_ads: 0.481, bed_util_des: 0.481, des_th: 0.48076085232252935,frac_lost: 0.106, li_recovered:  8.692, time: 0.01149624999925436
L: 2.42, u_super: 0.00918, sec: 2816.526, prod: 0.189785, t_ads: 101.7, t_des: 114.3, bed_util_ads: 0.466, bed_util_des: 0.464, des_th: 0.4638678002283932,frac_lost: 0.105, li_recovered:  40.990, time: 0.012809599000320304
L: 0.50, u_super: 0.00293, sec: 159.171, prod: 0.065185, t_ads: 65.7, t_des: 57.1, bed_util_ads: 0.500, bed_util_des: 0.500, des_th: 0.4996027455064457,frac_lost: 0.102, li_recovered:  8.002, time: 0.011006454000380472
L: 0.50, u_super: 0.00799, sec: 454.479, prod: 0.181307, t_ads: 24.3, t_des: 22.5, bed_util_ads: 0.497, bed_util_des: 0.497, des_th: 0.49699382541479403,frac_lost: 0.101, li_recovered:  8.480, time: 0.014489969998976449
L: 0.50, u_super: 0.00860, sec: 493.564, prod: 0.194648, t_ads: 22.7, t_des: 20.6, bed_util_ads: 0.499, bed_util_des: 0.498, des_th: 0.49848486422753074,frac_lost: 0.106, li_recovered:  8.438, time: 0.012613606000741129
L: 0.50, u_super: 0.00027 — INFEASIBLE (li_recovered=0.000e+00), time: 0.006529291000333615
L: 0.50, u_super: 0.00739, sec: 418.527, prod: 0.167151, t_ads: 26.4, t_des: 23.8, bed_util_ads: 0.500, bed_util_des: 0.500, des_th: 0.4998723506318546,frac_lost: 0.107, li_recovered:  8.395, time: 0.016564530998948612
L: 0.50, u_super: 0.00104, sec: 67.135, prod: 0.018752, t_ads: 184.3, t_des: 258.3, bed_util_ads: 0.429, bed_util_des: 0.424, des_th: 0.42383022767066203,frac_lost: 0.104, li_recovered:  8.298, time: 0.018070883999826037
L: 0.50, u_super: 0.00393, sec: 214.231, prod: 0.087917, t_ads: 49.6, t_des: 43.7, bed_util_ads: 0.500, bed_util_des: 0.500, des_th: 0.4999644156229703,frac_lost: 0.107, li_recovered:  8.200, time: 0.0122221929996158
L: 0.50, u_super: 0.00907, sec: 523.091, prod: 0.205464, t_ads: 21.5, t_des: 19.7, bed_util_ads: 0.498, bed_util_des: 0.498, des_th: 0.49806921227124784,frac_lost: 0.105, li_recovered:  8.478, time: 0.017012738999255816
L: 0.50, u_super: 0.00174, sec: 95.454, prod: 0.037644, t_ads: 109.9, t_des: 92.6, bed_util_ads: 0.500, bed_util_des: 0.500, des_th: 0.499800740593215,frac_lost: 0.104, li_recovered:  7.623, time: 0.020309403998908238
L: 36.39, u_super: 0.00005 — INFEASIBLE (li_recovered=0.000e+00), time: 0.002584992000265629
L: 7.72, u_super: 0.00173 — INFEASIBLE (li_recovered=0.000e+00), time: 0.0038691440004186006
L: 0.50, u_super: 0.00393, sec: 213.797, prod: 0.088353, t_ads: 49.4, t_des: 45.7, bed_util_ads: 0.494, bed_util_des: 0.494, des_th: 0.49395404116363795,frac_lost: 0.104, li_recovered:  8.400, time: 0.01548092600023665
L: 15.26, u_super: 0.00990 — INFEASIBLE (li_recovered=0.000e+00), time: 0.005537336999623221
L: 59.44, u_super: 0.00763 — INFEASIBLE (li_recovered=0.000e+00), time: 0.002057030000287341
L: 0.50, u_super: 0.00912, sec: 526.326, prod: 0.206605, t_ads: 21.4, t_des: 19.5, bed_util_ads: 0.499, bed_util_des: 0.499, des_th: 0.4992300888658734,frac_lost: 0.105, li_recovered:  8.450, time: 0.011561426999833202
L: 0.50, u_super: 0.00202, sec: 109.428, prod: 0.044390, t_ads: 95.6, t_des: 83.1, bed_util_ads: 0.499, bed_util_des: 0.498, des_th: 0.49829925466578934,frac_lost: 0.108, li_recovered:  7.937, time: 0.01727909399960481
L: 0.50, u_super: 0.00511, sec: 281.056, prod: 0.115419, t_ads: 38.0, t_des: 34.8, bed_util_ads: 0.496, bed_util_des: 0.496, des_th: 0.49612407025217503,frac_lost: 0.102, li_recovered:  8.401, time: 0.013293130999954883
L: 0.50, u_super: 0.00034 — INFEASIBLE (li_recovered=0.000e+00), time: 0.005625221001537284
L: 0.50, u_super: 0.00644, sec: 359.660, prod: 0.145742, t_ads: 30.1, t_des: 27.0, bed_util_ads: 0.500, bed_util_des: 0.500, des_th: 0.49982444184276004,frac_lost: 0.101, li_recovered:  8.316, time: 0.008912760000384878
L: 0.50, u_super: 0.00764, sec: 433.779, prod: 0.172556, t_ads: 25.6, t_des: 23.0, bed_util_ads: 0.500, bed_util_des: 0.500, des_th: 0.49976057921436573,frac_lost: 0.108, li_recovered:  8.388, time: 0.010831511001015315
L: 0.50, u_super: 0.00214, sec: 126.875, prod: 0.042873, t_ads: 90.3, t_des: 108.2, bed_util_ads: 0.458, bed_util_des: 0.456, des_th: 0.45612609553720573,frac_lost: 0.104, li_recovered:  8.510, time: 0.015074188999278704
L: 0.50, u_super: 0.00978, sec: 888.191, prod: 0.142133, t_ads: 19.9, t_des: 41.5, bed_util_ads: 0.396, bed_util_des: 0.395, des_th: 0.3948127941478491,frac_lost: 0.101, li_recovered:  8.732, time: 0.015243786998325959
L: 0.50, u_super: 0.00490, sec: 269.557, prod: 0.110451, t_ads: 39.6, t_des: 35.4, bed_util_ads: 0.500, bed_util_des: 0.500, des_th: 0.49991716393658475,frac_lost: 0.104, li_recovered:  8.285, time: 0.015395007998449728
L: 3.48, u_super: 0.00377 — INFEASIBLE (li_recovered=0.000e+00), time: 0.0054784930016467115
L: 57.62, u_super: 0.00772 — INFEASIBLE (li_recovered=0.000e+00), time: 0.004344418999608024
L: 0.50, u_super: 0.00634, sec: 353.671, prod: 0.143313, t_ads: 30.6, t_des: 27.4, bed_util_ads: 0.500, bed_util_des: 0.500, des_th: 0.49984988206919084,frac_lost: 0.102, li_recovered:  8.319, time: 0.009974958000384504
L: 0.50, u_super: 0.00451, sec: 247.373, prod: 0.101360, t_ads: 43.2, t_des: 38.5, bed_util_ads: 0.500, bed_util_des: 0.500, des_th: 0.4997101578585299,frac_lost: 0.107, li_recovered:  8.278, time: 0.008244888000263018
L: 0.50, u_super: 0.00617, sec: 359.152, prod: 0.133424, t_ads: 31.7, t_des: 33.3, bed_util_ads: 0.480, bed_util_des: 0.479, des_th: 0.47930706634179426,frac_lost: 0.108, li_recovered:  8.672, time: 0.016062929998952313
L: 32.22, u_super: 0.00490 — INFEASIBLE (li_recovered=0.000e+00), time: 0.003348164000271936
L: 0.50, u_super: 0.00706, sec: 397.048, prod: 0.160147, t_ads: 27.5, t_des: 24.8, bed_util_ads: 0.500, bed_util_des: 0.499, des_th: 0.49949924752297453,frac_lost: 0.100, li_recovered:  8.376, time: 0.01481177999994543
   847 |    33880 |     40 |  0.0040683245 |             f
L: 0.50, u_super: 0.00668, sec: 375.292, prod: 0.150851, t_ads: 29.3, t_des: 26.6, bed_util_ads: 0.498, bed_util_des: 0.498, des_th: 0.4982299369678051,frac_lost: 0.108, li_recovered:  8.431, time: 0.013653739999426762
L: 10.31, u_super: 0.00451 — INFEASIBLE (li_recovered=0.000e+00), time: 0.00343536599939398
L: 0.50, u_super: 0.00934, sec: 541.523, prod: 0.211429, t_ads: 21.0, t_des: 19.2, bed_util_ads: 0.498, bed_util_des: 0.498, des_th: 0.49806921227124784,frac_lost: 0.108, li_recovered:  8.485, time: 0.016928052000366733
L: 0.50, u_super: 0.00479, sec: 263.052, prod: 0.107803, t_ads: 40.6, t_des: 36.2, bed_util_ads: 0.500, bed_util_des: 0.500, des_th: 0.49991716393658475,frac_lost: 0.105, li_recovered:  8.283, time: 0.011733941000784398
L: 0.50, u_super: 0.00549, sec: 333.991, prod: 0.112485, t_ads: 35.4, t_des: 41.6, bed_util_ads: 0.466, bed_util_des: 0.465, des_th: 0.464917604642629,frac_lost: 0.102, li_recovered:  8.668, time: 0.02009640100004617
L: 0.50, u_super: 0.00561, sec: 310.689, prod: 0.126729, t_ads: 34.7, t_des: 31.4, bed_util_ads: 0.499, bed_util_des: 0.499, des_th: 0.498937456256787,frac_lost: 0.104, li_recovered:  8.370, time: 0.012859378999564797
L: 0.50, u_super: 0.00019 — INFEASIBLE (li_recovered=0.000e+00), time: 0.007628815999851213
L: 0.50, u_super: 0.00397, sec: 216.244, prod: 0.089358, t_ads: 48.9, t_des: 44.7, bed_util_ads: 0.495, bed_util_des: 0.495, des_th: 0.4951381031311785,frac_lost: 0.105, li_recovered:  8.357, time: 0.01452557000084198
L: 59.18, u_super: 0.00987 — INFEASIBLE (li_recovered=0.000e+00), time: 0.003933320000214735
L: 0.50, u_super: 0.00897, sec: 517.081, prod: 0.203367, t_ads: 21.8, t_des: 19.7, bed_util_ads: 0.500, bed_util_des: 0.499, des_th: 0.49944311196720026,frac_lost: 0.105, li_recovered:  8.442, time: 0.01484333799999149
L: 0.50, u_super: 0.00861, sec: 503.278, prod: 0.191440, t_ads: 22.7, t_des: 22.6, bed_util_ads: 0.487, bed_util_des: 0.487, des_th: 0.4870700486499621,frac_lost: 0.105, li_recovered:  8.662, time: 0.013401005999185145
L: 0.50, u_super: 0.00846, sec: 526.429, prod: 0.176529, t_ads: 23.0, t_des: 26.3, bed_util_ads: 0.470, bed_util_des: 0.470, des_th: 0.47003146203407886,frac_lost: 0.104, li_recovered:  8.705, time: 0.010775921000458766
L: 0.50, u_super: 0.00005, sec: 4.329, prod: 0.000669, t_ads: 3418.4, t_des: 5814.1, bed_util_ads: 0.252, bed_util_des: 0.185, des_th: 0.1851696623157332,frac_lost: 0.101, li_recovered:  6.175, time: 0.018995798998730606
L: 0.50, u_super: 0.00451, sec: 246.907, prod: 0.101552, t_ads: 43.2, t_des: 39.5, bed_util_ads: 0.497, bed_util_des: 0.497, des_th: 0.4967298350710363,frac_lost: 0.106, li_recovered:  8.393, time: 0.01598402099989471
L: 31.22, u_super: 0.00144 — INFEASIBLE (li_recovered=0.000e+00), time: 0.0011750749999919208
L: 0.50, u_super: 0.00381, sec: 207.785, prod: 0.085353, t_ads: 51.1, t_des: 45.1, bed_util_ads: 0.500, bed_util_des: 0.500, des_th: 0.49953065995942786,frac_lost: 0.107, li_recovered:  8.208, time: 0.017764756999895326
L: 0.50, u_super: 0.00739, sec: 418.760, prod: 0.167058, t_ads: 26.5, t_des: 23.7, bed_util_ads: 0.500, bed_util_des: 0.500, des_th: 0.4998601490601224,frac_lost: 0.107, li_recovered:  8.380, time: 0.015195431999018183
L: 0.50, u_super: 0.00491, sec: 269.656, prod: 0.110682, t_ads: 39.5, t_des: 37.0, bed_util_ads: 0.494, bed_util_des: 0.493, des_th: 0.493343291251014,frac_lost: 0.102, li_recovered:  8.469, time: 0.014236659000744112
L: 0.50, u_super: 0.00929, sec: 537.488, prod: 0.210454, t_ads: 21.1, t_des: 19.1, bed_util_ads: 0.500, bed_util_des: 0.500, des_th: 0.49967937865853096,frac_lost: 0.106, li_recovered:  8.442, time: 0.01320895000026212
L: 0.50, u_super: 0.00544, sec: 300.152, prod: 0.122877, t_ads: 35.7, t_des: 32.8, bed_util_ads: 0.497, bed_util_des: 0.497, des_th: 0.49672543962859034,frac_lost: 0.102, li_recovered:  8.412, time: 0.014832305001618806
L: 0.50, u_super: 0.00850, sec: 486.809, prod: 0.192455, t_ads: 23.0, t_des: 20.9, bed_util_ads: 0.500, bed_util_des: 0.499, des_th: 0.49942258948554835,frac_lost: 0.105, li_recovered:  8.438, time: 0.0180096180010878
L: 0.50, u_super: 0.00506, sec: 278.442, prod: 0.114101, t_ads: 38.4, t_des: 34.4, bed_util_ads: 0.500, bed_util_des: 0.499, des_th: 0.49953065995942786,frac_lost: 0.103, li_recovered:  8.298, time: 0.014712864000102854
L: 0.50, u_super: 0.00233, sec: 126.522, prod: 0.051526, t_ads: 82.7, t_des: 71.7, bed_util_ads: 0.500, bed_util_des: 0.500, des_th: 0.4996280117480106,frac_lost: 0.106, li_recovered:  7.953, time: 0.01534431899926858
L: 0.50, u_super: 0.00028 — INFEASIBLE (li_recovered=0.000e+00), time: 0.006560087000252679
L: 0.50, u_super: 0.00595, sec: 330.774, prod: 0.134528, t_ads: 32.6, t_des: 29.2, bed_util_ads: 0.500, bed_util_des: 0.500, des_th: 0.4997642024664314,frac_lost: 0.102, li_recovered:  8.313, time: 0.010222045999398688
L: 0.50, u_super: 0.00784, sec: 3298.095, prod: 0.024015, t_ads: 25.0, t_des: 340.5, bed_util_ads: 0.204, bed_util_des: 0.201, des_th: 0.20074200594025332,frac_lost: 0.103, li_recovered:  8.778, time: 0.0768498509987694
L: 0.50, u_super: 0.00147, sec: 79.202, prod: 0.032159, t_ads: 130.5, t_des: 122.7, bed_util_ads: 0.485, bed_util_des: 0.484, des_th: 0.4839585193122698,frac_lost: 0.107, li_recovered:  8.143, time: 0.009804008999708458
L: 0.50, u_super: 0.00713, sec: 401.345, prod: 0.161762, t_ads: 27.2, t_des: 24.9, bed_util_ads: 0.498, bed_util_des: 0.498, des_th: 0.49767995876817106,frac_lost: 0.101, li_recovered:  8.434, time: 0.008990980000817217
L: 18.69, u_super: 0.00706 — INFEASIBLE (li_recovered=0.000e+00), time: 0.004157629000474117
L: 0.50, u_super: 0.00589, sec: 326.521, prod: 0.133132, t_ads: 32.9, t_des: 29.5, bed_util_ads: 0.500, bed_util_des: 0.500, des_th: 0.4995974203074795,frac_lost: 0.100, li_recovered:  8.307, time: 0.01197827499890991
L: 0.50, u_super: 0.00243, sec: 130.632, prod: 0.054225, t_ads: 79.2, t_des: 73.2, bed_util_ads: 0.492, bed_util_des: 0.492, des_th: 0.4919435052122008,frac_lost: 0.103, li_recovered:  8.264, time: 0.010355015998356976
L: 0.50, u_super: 0.00012 — INFEASIBLE (li_recovered=0.000e+00), time: 0.0031667399998696055
L: 9.09, u_super: 0.00400 — INFEASIBLE (li_recovered=0.000e+00), time: 0.0028689009996014647
L: 0.50, u_super: 0.00717, sec: 404.614, prod: 0.162046, t_ads: 27.3, t_des: 24.8, bed_util_ads: 0.499, bed_util_des: 0.499, des_th: 0.4986012678865316,frac_lost: 0.107, li_recovered:  8.442, time: 0.009975461000067298
L: 0.50, u_super: 0.00981, sec: 570.731, prod: 0.222451, t_ads: 19.9, t_des: 18.1, bed_util_ads: 0.500, bed_util_des: 0.499, des_th: 0.49941800771673645,frac_lost: 0.105, li_recovered:  8.452, time: 0.010685407998607843
L: 0.50, u_super: 0.00288, sec: 156.373, prod: 0.064089, t_ads: 66.8, t_des: 58.1, bed_util_ads: 0.500, bed_util_des: 0.500, des_th: 0.4996191408890305,frac_lost: 0.101, li_recovered:  7.999, time: 0.008667202000651741
L: 14.81, u_super: 0.00314 — INFEASIBLE (li_recovered=0.000e+00), time: 0.0026997520017175702
L: 0.50, u_super: 0.00180, sec: 97.737, prod: 0.039127, t_ads: 106.3, t_des: 91.1, bed_util_ads: 0.498, bed_util_des: 0.498, des_th: 0.4981021542714945,frac_lost: 0.101, li_recovered:  7.725, time: 0.011913599000763497
L: 16.33, u_super: 0.00005 — INFEASIBLE (li_recovered=0.000e+00), time: 0.0015773940012877574
L: 0.50, u_super: 0.00175, sec: 99.605, prod: 0.036412, t_ads: 110.4, t_des: 121.4, bed_util_ads: 0.467, bed_util_des: 0.465, des_th: 0.4652586494941776,frac_lost: 0.107, li_recovered:  8.438, time: 0.015657611000278848
   848 |    33920 |     40 |  0.0023291266 |             f
L: 0.50, u_super: 0.00450, sec: 246.417, prod: 0.101407, t_ads: 43.2, t_des: 39.0, bed_util_ads: 0.497, bed_util_des: 0.497, des_th: 0.4968650706107998,frac_lost: 0.105, li_recovered:  8.333, time: 0.015245751999827917
L: 0.50, u_super: 0.00402, sec: 225.290, prod: 0.087969, t_ads: 48.3, t_des: 49.4, bed_util_ads: 0.482, bed_util_des: 0.481, des_th: 0.4809636540461739,frac_lost: 0.105, li_recovered:  8.600, time: 0.01017815600062022
L: 0.50, u_super: 0.00687, sec: 385.610, prod: 0.155448, t_ads: 28.3, t_des: 25.2, bed_util_ads: 0.500, bed_util_des: 0.500, des_th: 0.4997314433739839,frac_lost: 0.101, li_recovered:  8.317, time: 0.01250961100049608
L: 30.54, u_super: 0.00731 — INFEASIBLE (li_recovered=0.000e+00), time: 0.001533982000182732
L: 0.50, u_super: 0.00136 — INFEASIBLE (li_recovered=0.000e+00), time: 0.008070160998613574
L: 0.50, u_super: 0.00899, sec: 519.168, prod: 0.203554, t_ads: 21.8, t_des: 20.0, bed_util_ads: 0.498, bed_util_des: 0.498, des_th: 0.4979478264888834,frac_lost: 0.107, li_recovered:  8.493, time: 0.013813928000672604
L: 35.52, u_super: 0.00540 — INFEASIBLE (li_recovered=0.000e+00), time: 0.002360260999921593
L: 0.50, u_super: 0.00087, sec: 48.075, prod: 0.018526, t_ads: 213.4, t_des: 192.7, bed_util_ads: 0.482, bed_util_des: 0.481, des_th: 0.4809636540461739,frac_lost: 0.100, li_recovered:  7.524, time: 0.010728647001087666
L: 3.55, u_super: 0.00023 — INFEASIBLE (li_recovered=0.000e+00), time: 0.0024119819991028635
L: 0.50, u_super: 0.00990, sec: 576.921, prod: 0.224456, t_ads: 19.7, t_des: 17.9, bed_util_ads: 0.500, bed_util_des: 0.500, des_th: 0.4997728464328388,frac_lost: 0.105, li_recovered:  8.445, time: 0.009144790999926045
L: 0.50, u_super: 0.00794, sec: 451.165, prod: 0.179986, t_ads: 24.5, t_des: 22.4, bed_util_ads: 0.498, bed_util_des: 0.498, des_th: 0.49797761683130354,frac_lost: 0.102, li_recovered:  8.440, time: 0.009612664000087534
L: 0.50, u_super: 0.00154, sec: 84.549, prod: 0.033122, t_ads: 124.4, t_des: 104.9, bed_util_ads: 0.500, bed_util_des: 0.499, des_th: 0.49943650971859443,frac_lost: 0.107, li_recovered:  7.596, time: 0.009241404999556835
L: 19.84, u_super: 0.00845 — INFEASIBLE (li_recovered=0.000e+00), time: 0.007529754999268334
L: 8.83, u_super: 0.00388 — INFEASIBLE (li_recovered=0.000e+00), time: 0.00797661800061178
L: 0.50, u_super: 0.00105 — INFEASIBLE (li_recovered=0.000e+00), time: 0.005574794000494876
L: 0.50, u_super: 0.00611, sec: 340.562, prod: 0.138057, t_ads: 31.8, t_des: 28.4, bed_util_ads: 0.500, bed_util_des: 0.500, des_th: 0.4997477607609288,frac_lost: 0.104, li_recovered:  8.321, time: 0.008229623999795876
L: 0.50, u_super: 0.00451, sec: 246.899, prod: 0.101555, t_ads: 43.2, t_des: 39.3, bed_util_ads: 0.497, bed_util_des: 0.497, des_th: 0.4967415225274898,frac_lost: 0.106, li_recovered:  8.370, time: 0.012291596998693421
L: 0.50, u_super: 0.00526, sec: 290.602, prod: 0.118535, t_ads: 36.9, t_des: 32.7, bed_util_ads: 0.500, bed_util_des: 0.500, des_th: 0.49990446707203323,frac_lost: 0.103, li_recovered:  8.247, time: 0.009811317999265157
L: 0.50, u_super: 0.00101 — INFEASIBLE (li_recovered=0.000e+00), time: 0.00820396999915829
L: 0.50, u_super: 0.00915, sec: 528.699, prod: 0.207135, t_ads: 21.4, t_des: 19.2, bed_util_ads: 0.500, bed_util_des: 0.500, des_th: 0.4997589539235429,frac_lost: 0.106, li_recovered:  8.403, time: 0.012759039000229677
L: 0.50, u_super: 0.00276, sec: 149.706, prod: 0.061395, t_ads: 69.6, t_des: 60.6, bed_util_ads: 0.500, bed_util_des: 0.500, des_th: 0.4998847170858559,frac_lost: 0.101, li_recovered:  7.994, time: 0.017223965000084718
L: 0.50, u_super: 0.00978, sec: 728.855, prod: 0.173243, t_ads: 20.0, t_des: 30.4, bed_util_ads: 0.434, bed_util_des: 0.434, des_th: 0.4337429309238079,frac_lost: 0.104, li_recovered:  8.727, time: 0.018796706999637536
L: 0.50, u_super: 0.00876, sec: 504.113, prod: 0.198458, t_ads: 22.3, t_des: 20.0, bed_util_ads: 0.500, bed_util_des: 0.500, des_th: 0.4998172794621186,frac_lost: 0.105, li_recovered:  8.390, time: 0.01577968600031454
L: 61.49, u_super: 0.00381 — INFEASIBLE (li_recovered=0.000e+00), time: 0.002068079000309808
L: 9.64, u_super: 0.00083 — INFEASIBLE (li_recovered=0.000e+00), time: 0.0018941329999506706
L: 32.22, u_super: 0.00630 — INFEASIBLE (li_recovered=0.000e+00), time: 0.002731180999035132
L: 0.50, u_super: 0.00663, sec: 371.310, prod: 0.149888, t_ads: 29.3, t_des: 26.1, bed_util_ads: 0.500, bed_util_des: 0.500, des_th: 0.4999304133049953,frac_lost: 0.102, li_recovered:  8.311, time: 0.013726225999562303
L: 0.50, u_super: 0.00383, sec: 1818.605, prod: 0.009823, t_ads: 51.2, t_des: 843.1, bed_util_ads: 0.187, bed_util_des: 0.180, des_th: 0.1803364907974307,frac_lost: 0.102, li_recovered:  8.785, time: 0.12338135299978603
L: 0.50, u_super: 0.00527, sec: 290.387, prod: 0.119022, t_ads: 36.8, t_des: 34.1, bed_util_ads: 0.495, bed_util_des: 0.495, des_th: 0.4947766034750211,frac_lost: 0.102, li_recovered:  8.442, time: 0.016700071000741445
L: 0.50, u_super: 0.00942, sec: 549.561, prod: 0.212232, t_ads: 20.7, t_des: 19.9, bed_util_ads: 0.491, bed_util_des: 0.491, des_th: 0.49115347378806457,frac_lost: 0.103, li_recovered:  8.613, time: 0.014981465999881038
L: 0.50, u_super: 0.00931, sec: 571.819, prod: 0.198658, t_ads: 21.0, t_des: 22.9, bed_util_ads: 0.475, bed_util_des: 0.475, des_th: 0.4748636923359857,frac_lost: 0.103, li_recovered:  8.707, time: 0.014369350999913877
L: 0.50, u_super: 0.00312, sec: 169.034, prod: 0.069660, t_ads: 61.8, t_des: 54.3, bed_util_ads: 0.500, bed_util_des: 0.500, des_th: 0.4996373778991599,frac_lost: 0.101, li_recovered:  8.085, time: 0.015185629001280176
L: 0.50, u_super: 0.00072 — INFEASIBLE (li_recovered=0.000e+00), time: 0.009992596000302001
L: 0.50, u_super: 0.00589, sec: 326.521, prod: 0.133132, t_ads: 32.9, t_des: 29.5, bed_util_ads: 0.500, bed_util_des: 0.500, des_th: 0.4995974203074795,frac_lost: 0.100, li_recovered:  8.307, time: 0.00946323899916024
L: 0.50, u_super: 0.00768, sec: 436.621, prod: 0.173617, t_ads: 25.5, t_des: 22.8, bed_util_ads: 0.500, bed_util_des: 0.500, des_th: 0.49992440549344197,frac_lost: 0.107, li_recovered:  8.385, time: 0.013945785000032629
L: 29.61, u_super: 0.00687 — INFEASIBLE (li_recovered=0.000e+00), time: 0.00339249099852168
L: 0.50, u_super: 0.00103, sec: 56.241, prod: 0.022357, t_ads: 181.4, t_des: 168.6, bed_util_ads: 0.482, bed_util_des: 0.481, des_th: 0.4810562627214108,frac_lost: 0.101, li_recovered:  7.825, time: 0.008695111999259098
L: 0.50, u_super: 0.00174, sec: 95.373, prod: 0.037676, t_ads: 109.7, t_des: 92.6, bed_util_ads: 0.500, bed_util_des: 0.500, des_th: 0.4997125238550687,frac_lost: 0.103, li_recovered:  7.622, time: 0.012445577000107733
L: 0.50, u_super: 0.00005, sec: 4.334, prod: 0.000668, t_ads: 3369.6, t_des: 5653.3, bed_util_ads: 0.252, bed_util_des: 0.188, des_th: 0.1880567143115233,frac_lost: 0.100, li_recovered:  6.026, time: 0.011897630000021309
L: 0.50, u_super: 0.00637, sec: 355.636, prod: 0.143930, t_ads: 30.5, t_des: 27.3, bed_util_ads: 0.500, bed_util_des: 0.500, des_th: 0.49982444184276004,frac_lost: 0.103, li_recovered:  8.320, time: 0.011421703999076271
   849 |    33960 |     40 |  0.0043971974 |             f
L: 0.50, u_super: 0.00288, sec: 156.408, prod: 0.064074, t_ads: 66.7, t_des: 58.0, bed_util_ads: 0.500, bed_util_des: 0.500, des_th: 0.49962131342660976,frac_lost: 0.101, li_recovered:  7.994, time: 0.011104449000413297
L: 0.86, u_super: 0.00005, sec: 11.267, prod: 0.000442, t_ads: 3741.4, t_des: 4284.0, bed_util_ads: 0.215, bed_util_des: 0.190, des_th: 0.19020886348201368,frac_lost: 0.101, li_recovered:  3.544, time: 0.007905380000011064
L: 28.02, u_super: 0.00223 — INFEASIBLE (li_recovered=0.000e+00), time: 0.002628080999784288
L: 0.50, u_super: 0.00706, sec: 398.508, prod: 0.159340, t_ads: 27.8, t_des: 24.9, bed_util_ads: 0.500, bed_util_des: 0.500, des_th: 0.4998723506318546,frac_lost: 0.109, li_recovered:  8.389, time: 0.01544337600171275
L: 0.50, u_super: 0.00555, sec: 306.976, prod: 0.125409, t_ads: 34.9, t_des: 31.3, bed_util_ads: 0.500, bed_util_des: 0.500, des_th: 0.49980367592918884,frac_lost: 0.101, li_recovered:  8.301, time: 0.012658878000365803
L: 0.50, u_super: 0.00957, sec: 555.417, prod: 0.217072, t_ads: 20.4, t_des: 18.8, bed_util_ads: 0.498, bed_util_des: 0.498, des_th: 0.498070005828985,frac_lost: 0.104, li_recovered:  8.500, time: 0.014238027000828879
L: 0.50, u_super: 0.00343, sec: 185.562, prod: 0.076742, t_ads: 56.8, t_des: 51.9, bed_util_ads: 0.495, bed_util_des: 0.495, des_th: 0.4947766034750211,frac_lost: 0.107, li_recovered:  8.337, time: 0.008266635000836686
L: 0.50, u_super: 0.00642, sec: 358.645, prod: 0.145202, t_ads: 30.2, t_des: 27.0, bed_util_ads: 0.500, bed_util_des: 0.500, des_th: 0.49999701022728626,frac_lost: 0.101, li_recovered:  8.309, time: 0.010657079999873531
L: 0.50, u_super: 0.00543, sec: 300.191, prod: 0.122685, t_ads: 35.8, t_des: 32.7, bed_util_ads: 0.497, bed_util_des: 0.497, des_th: 0.49689238599178864,frac_lost: 0.104, li_recovered:  8.407, time: 0.014035120999324135
L: 0.50, u_super: 0.00706, sec: 399.531, prod: 0.159152, t_ads: 27.7, t_des: 26.0, bed_util_ads: 0.494, bed_util_des: 0.494, des_th: 0.49398417316599513,frac_lost: 0.107, li_recovered:  8.548, time: 0.01495126899862953
L: 0.50, u_super: 0.00281, sec: 151.255, prod: 0.062929, t_ads: 68.5, t_des: 63.4, bed_util_ads: 0.492, bed_util_des: 0.492, des_th: 0.491686879592015,frac_lost: 0.102, li_recovered:  8.301, time: 0.014212554000550881
L: 7.37, u_super: 0.00876, sec: 8143.369, prod: 0.181097, t_ads: 309.1, t_des: 288.4, bed_util_ads: 0.471, bed_util_des: 0.469, des_th: 0.4690653786791503,frac_lost: 0.106, li_recovered:  108.202, time: 0.013989997998578474
L: 0.50, u_super: 0.00450, sec: 246.490, prod: 0.101377, t_ads: 43.2, t_des: 38.9, bed_util_ads: 0.498, bed_util_des: 0.498, des_th: 0.49751950454938504,frac_lost: 0.105, li_recovered:  8.319, time: 0.01432550400022592
L: 0.50, u_super: 0.00741, sec: 457.687, prod: 0.153365, t_ads: 26.4, t_des: 30.3, bed_util_ads: 0.469, bed_util_des: 0.469, des_th: 0.46855117798230117,frac_lost: 0.106, li_recovered:  8.699, time: 0.015321160000894452
L: 0.50, u_super: 0.00103 — INFEASIBLE (li_recovered=0.000e+00), time: 0.007818171001417795
L: 33.15, u_super: 0.00502 — INFEASIBLE (li_recovered=0.000e+00), time: 0.0025675189990579383
L: 0.50, u_super: 0.00850, sec: 486.984, prod: 0.192365, t_ads: 23.0, t_des: 20.9, bed_util_ads: 0.498, bed_util_des: 0.498, des_th: 0.4983033630202259,frac_lost: 0.106, li_recovered:  8.446, time: 0.013862714999049786
L: 0.50, u_super: 0.00850, sec: 487.223, prod: 0.192291, t_ads: 23.0, t_des: 20.9, bed_util_ads: 0.500, bed_util_des: 0.499, des_th: 0.49942041694796907,frac_lost: 0.107, li_recovered:  8.438, time: 0.015137018001041724
L: 0.50, u_super: 0.00478, sec: 262.934, prod: 0.107631, t_ads: 40.7, t_des: 36.2, bed_util_ads: 0.500, bed_util_des: 0.500, des_th: 0.4996280117480106,frac_lost: 0.106, li_recovered:  8.283, time: 0.01765486099975533
L: 0.50, u_super: 0.00121, sec: 65.462, prod: 0.026271, t_ads: 157.4, t_des: 149.1, bed_util_ads: 0.482, bed_util_des: 0.481, des_th: 0.4809636540461739,frac_lost: 0.106, li_recovered:  8.053, time: 0.01333090899970557
L: 0.50, u_super: 0.00364, sec: 199.497, prod: 0.080890, t_ads: 53.6, t_des: 51.8, bed_util_ads: 0.489, bed_util_des: 0.488, des_th: 0.4881625797886753,frac_lost: 0.108, li_recovered:  8.522, time: 0.013357597999856807
L: 0.50, u_super: 0.00826, sec: 472.567, prod: 0.186739, t_ads: 23.7, t_des: 21.7, bed_util_ads: 0.498, bed_util_des: 0.498, des_th: 0.4979768232735664,frac_lost: 0.108, li_recovered:  8.485, time: 0.018384785000307602
L: 0.50, u_super: 0.00701, sec: 393.806, prod: 0.158933, t_ads: 27.7, t_des: 25.0, bed_util_ads: 0.500, bed_util_des: 0.499, des_th: 0.49949924752297453,frac_lost: 0.100, li_recovered:  8.370, time: 0.01133943700006057
L: 0.50, u_super: 0.00043, sec: 24.978, prod: 0.008495, t_ads: 420.8, t_des: 436.6, bed_util_ads: 0.446, bed_util_des: 0.442, des_th: 0.4419446454215758,frac_lost: 0.104, li_recovered:  7.283, time: 0.01586840300115
L: 0.50, u_super: 0.00402, sec: 219.019, prod: 0.090216, t_ads: 48.4, t_des: 43.2, bed_util_ads: 0.499, bed_util_des: 0.499, des_th: 0.49860271058968025,frac_lost: 0.106, li_recovered:  8.264, time: 0.01164558200071042
L: 0.50, u_super: 0.00479, sec: 263.296, prod: 0.107878, t_ads: 40.6, t_des: 36.2, bed_util_ads: 0.500, bed_util_des: 0.500, des_th: 0.49972791709288306,frac_lost: 0.105, li_recovered:  8.285, time: 0.010004929999922751
L: 0.50, u_super: 0.00880, sec: 508.006, prod: 0.198825, t_ads: 22.2, t_des: 20.9, bed_util_ads: 0.494, bed_util_des: 0.494, des_th: 0.49400079782105827,frac_lost: 0.106, li_recovered:  8.562, time: 0.01910623199910333
L: 16.34, u_super: 0.00562 — INFEASIBLE (li_recovered=0.000e+00), time: 0.004094538999197539
L: 0.50, u_super: 0.00005, sec: 5.300, prod: 0.000546, t_ads: 2403.8, t_des: 3052.5, bed_util_ads: 0.256, bed_util_des: 0.233, des_th: 0.2329692140018428,frac_lost: 0.101, li_recovered:  2.980, time: 0.00912860899916268
L: 13.88, u_super: 0.00223 — INFEASIBLE (li_recovered=0.000e+00), time: 0.0035920239988627145
L: 0.50, u_super: 0.00039 — INFEASIBLE (li_recovered=0.000e+00), time: 0.007446925999829546
L: 0.50, u_super: 0.00589, sec: 337.302, prod: 0.128877, t_ads: 33.0, t_des: 34.1, bed_util_ads: 0.482, bed_util_des: 0.481, des_th: 0.4811896614678548,frac_lost: 0.101, li_recovered:  8.650, time: 0.015495016999921063
L: 14.04, u_super: 0.00823 — INFEASIBLE (li_recovered=0.000e+00), time: 0.00679646199932904
L: 5.71, u_super: 0.00829 — INFEASIBLE (li_recovered=0.000e+00), time: 0.006740529001035611
L: 8.16, u_super: 0.00202 — INFEASIBLE (li_recovered=0.000e+00), time: 0.0034997470011148835
L: 0.50, u_super: 0.00891, sec: 512.220, prod: 0.202424, t_ads: 21.8, t_des: 19.6, bed_util_ads: 0.500, bed_util_des: 0.499, des_th: 0.49941030372667544,frac_lost: 0.100, li_recovered:  8.384, time: 0.0116709459998674
L: 0.50, u_super: 0.00669, sec: 405.201, prod: 0.140141, t_ads: 29.2, t_des: 32.8, bed_util_ads: 0.472, bed_util_des: 0.472, des_th: 0.47189463427582296,frac_lost: 0.107, li_recovered:  8.690, time: 0.015046722000988666
L: 0.50, u_super: 0.00399, sec: 217.360, prod: 0.089551, t_ads: 48.7, t_des: 43.5, bed_util_ads: 0.498, bed_util_des: 0.498, des_th: 0.49797761683130354,frac_lost: 0.106, li_recovered:  8.263, time: 0.010027260999777354
L: 0.50, u_super: 0.00739, sec: 418.585, prod: 0.167128, t_ads: 26.5, t_des: 24.0, bed_util_ads: 0.498, bed_util_des: 0.498, des_th: 0.4983161106793701,frac_lost: 0.107, li_recovered:  8.438, time: 0.01184297100007825
L: 0.50, u_super: 0.00879, sec: 526.617, prod: 0.190936, t_ads: 22.3, t_des: 23.3, bed_util_ads: 0.482, bed_util_des: 0.481, des_th: 0.4813793320517753,frac_lost: 0.106, li_recovered:  8.699, time: 0.013093595000100322
   850 |    34000 |     40 |  0.0014885753 |             f
L: 0.50, u_super: 0.00500, sec: 278.024, prod: 0.111660, t_ads: 38.7, t_des: 38.2, bed_util_ads: 0.487, bed_util_des: 0.487, des_th: 0.48711449396075934,frac_lost: 0.100, li_recovered:  8.580, time: 0.014144694001515745
L: 31.07, u_super: 0.00811 — INFEASIBLE (li_recovered=0.000e+00), time: 0.005132983000294189
L: 0.50, u_super: 0.00478, sec: 262.849, prod: 0.107505, t_ads: 40.8, t_des: 36.2, bed_util_ads: 0.500, bed_util_des: 0.500, des_th: 0.49982444184276004,frac_lost: 0.107, li_recovered:  8.280, time: 0.00881671000024653
L: 0.50, u_super: 0.00144, sec: 77.980, prod: 0.031594, t_ads: 132.4, t_des: 126.4, bed_util_ads: 0.482, bed_util_des: 0.481, des_th: 0.48136570245699967,frac_lost: 0.105, li_recovered:  8.174, time: 0.010679073999199318
L: 0.50, u_super: 0.00527, sec: 290.145, prod: 0.119116, t_ads: 36.8, t_des: 33.7, bed_util_ads: 0.497, bed_util_des: 0.497, des_th: 0.49672543962859034,frac_lost: 0.101, li_recovered:  8.391, time: 0.00837135700021463
L: 0.50, u_super: 0.00724, sec: 409.291, prod: 0.163558, t_ads: 27.0, t_des: 24.3, bed_util_ads: 0.500, bed_util_des: 0.499, des_th: 0.49947199071152354,frac_lost: 0.108, li_recovered:  8.397, time: 0.010792806000608834
L: 0.50, u_super: 0.00202, sec: 109.456, prod: 0.044379, t_ads: 94.7, t_des: 82.0, bed_util_ads: 0.499, bed_util_des: 0.498, des_th: 0.4983000084522905,frac_lost: 0.101, li_recovered:  7.846, time: 0.009645534999435768
L: 0.50, u_super: 0.00589, sec: 326.776, prod: 0.133028, t_ads: 33.0, t_des: 29.6, bed_util_ads: 0.500, bed_util_des: 0.500, des_th: 0.4995997421000957,frac_lost: 0.102, li_recovered:  8.319, time: 0.01034522800000559
L: 9.66, u_super: 0.00989 — INFEASIBLE (li_recovered=0.000e+00), time: 0.008124727999529568
L: 0.50, u_super: 0.00990, sec: 604.130, prod: 0.214352, t_ads: 19.7, t_des: 20.9, bed_util_ads: 0.480, bed_util_des: 0.480, des_th: 0.4798365647537647,frac_lost: 0.105, li_recovered:  8.709, time: 0.011203349000425078
L: 0.50, u_super: 0.00335, sec: 181.417, prod: 0.075034, t_ads: 58.0, t_des: 53.1, bed_util_ads: 0.495, bed_util_des: 0.495, des_th: 0.4946666961045948,frac_lost: 0.107, li_recovered:  8.340, time: 0.01482054100051755
L: 0.50, u_super: 0.00539, sec: 297.380, prod: 0.121963, t_ads: 35.9, t_des: 33.0, bed_util_ads: 0.497, bed_util_des: 0.497, des_th: 0.49672543962859034,frac_lost: 0.101, li_recovered:  8.402, time: 0.012100117000954924
L: 0.50, u_super: 0.00589, sec: 326.521, prod: 0.133132, t_ads: 32.9, t_des: 29.5, bed_util_ads: 0.500, bed_util_des: 0.500, des_th: 0.4995974203074795,frac_lost: 0.100, li_recovered:  8.307, time: 0.013336956999410177
L: 0.50, u_super: 0.00006, sec: 5.072, prod: 0.000787, t_ads: 3014.3, t_des: 5514.2, bed_util_ads: 0.256, bed_util_des: 0.185, des_th: 0.1851696623157332,frac_lost: 0.100, li_recovered:  6.713, time: 0.014315086000351585
L: 0.50, u_super: 0.00085, sec: 50.212, prod: 0.016700, t_ads: 221.7, t_des: 263.7, bed_util_ads: 0.446, bed_util_des: 0.442, des_th: 0.4418557897466338,frac_lost: 0.100, li_recovered:  8.106, time: 0.009416636001333245
L: 0.50, u_super: 0.00122, sec: 65.970, prod: 0.026563, t_ads: 155.5, t_des: 146.0, bed_util_ads: 0.483, bed_util_des: 0.482, des_th: 0.4817621428618199,frac_lost: 0.104, li_recovered:  8.010, time: 0.007693621000726125
L: 0.50, u_super: 0.00739, sec: 439.126, prod: 0.159310, t_ads: 26.5, t_des: 28.0, bed_util_ads: 0.479, bed_util_des: 0.479, des_th: 0.47900217565082776,frac_lost: 0.108, li_recovered:  8.692, time: 0.01552084300055867
L: 0.50, u_super: 0.00243, sec: 131.434, prod: 0.053594, t_ads: 79.5, t_des: 69.0, bed_util_ads: 0.500, bed_util_des: 0.499, des_th: 0.4994204979339776,frac_lost: 0.105, li_recovered:  7.958, time: 0.012575817998367711
L: 0.50, u_super: 0.00202, sec: 109.428, prod: 0.044390, t_ads: 95.6, t_des: 83.1, bed_util_ads: 0.499, bed_util_des: 0.498, des_th: 0.49829925466578934,frac_lost: 0.108, li_recovered:  7.937, time: 0.009109429998716223
L: 0.50, u_super: 0.00248, sec: 133.791, prod: 0.055267, t_ads: 77.6, t_des: 69.2, bed_util_ads: 0.497, bed_util_des: 0.496, des_th: 0.49652505058630897,frac_lost: 0.104, li_recovered:  8.115, time: 0.01123030800044944
L: 0.50, u_super: 0.00687, sec: 386.819, prod: 0.154962, t_ads: 28.5, t_des: 26.2, bed_util_ads: 0.497, bed_util_des: 0.497, des_th: 0.49718745488922056,frac_lost: 0.109, li_recovered:  8.483, time: 0.01075544899867964
L: 0.50, u_super: 0.00121, sec: 66.701, prod: 0.025783, t_ads: 157.1, t_des: 133.7, bed_util_ads: 0.495, bed_util_des: 0.494, des_th: 0.49449152095804966,frac_lost: 0.106, li_recovered:  7.499, time: 0.010846408000361407
L: 0.50, u_super: 0.00542, sec: 299.377, prod: 0.122450, t_ads: 35.7, t_des: 32.0, bed_util_ads: 0.500, bed_util_des: 0.500, des_th: 0.49953065995942786,frac_lost: 0.101, li_recovered:  8.295, time: 0.010720570000557927
L: 0.50, u_super: 0.00462, sec: 253.218, prod: 0.103849, t_ads: 42.2, t_des: 37.6, bed_util_ads: 0.500, bed_util_des: 0.500, des_th: 0.49975517390341473,frac_lost: 0.106, li_recovered:  8.283, time: 0.01187784899957478
L: 0.50, u_super: 0.00402, sec: 229.007, prod: 0.086281, t_ads: 48.4, t_des: 51.5, bed_util_ads: 0.477, bed_util_des: 0.476, des_th: 0.4764266375207707,frac_lost: 0.106, li_recovered:  8.619, time: 0.01469955500033393
L: 0.50, u_super: 0.00850, sec: 487.387, prod: 0.192226, t_ads: 23.0, t_des: 20.6, bed_util_ads: 0.500, bed_util_des: 0.500, des_th: 0.49997221004773357,frac_lost: 0.107, li_recovered:  8.397, time: 0.01470442599929811
L: 0.50, u_super: 0.00028 — INFEASIBLE (li_recovered=0.000e+00), time: 0.006012521998854936
L: 0.50, u_super: 0.00276, sec: 149.706, prod: 0.061395, t_ads: 69.6, t_des: 60.6, bed_util_ads: 0.500, bed_util_des: 0.500, des_th: 0.4998847170858559,frac_lost: 0.101, li_recovered:  7.994, time: 0.015939524999339483
L: 0.50, u_super: 0.00334, sec: 181.123, prod: 0.074751, t_ads: 57.7, t_des: 50.8, bed_util_ads: 0.500, bed_util_des: 0.500, des_th: 0.4999320665939112,frac_lost: 0.100, li_recovered:  8.109, time: 0.014981876000092598
L: 0.50, u_super: 0.00381, sec: 207.642, prod: 0.085411, t_ads: 51.0, t_des: 45.2, bed_util_ads: 0.500, bed_util_des: 0.500, des_th: 0.4998580708213539,frac_lost: 0.107, li_recovered:  8.221, time: 0.010599539999020635
L: 0.50, u_super: 0.00805, sec: 459.149, prod: 0.182224, t_ads: 24.3, t_des: 22.0, bed_util_ads: 0.500, bed_util_des: 0.499, des_th: 0.49942258948554835,frac_lost: 0.106, li_recovered:  8.436, time: 0.014354812001329265
L: 0.50, u_super: 0.00156, sec: 84.564, prod: 0.033939, t_ads: 123.0, t_des: 107.3, bed_util_ads: 0.495, bed_util_des: 0.495, des_th: 0.4948936003122247,frac_lost: 0.106, li_recovered:  7.816, time: 0.01249043499956315
L: 0.50, u_super: 0.00574, sec: 317.869, prod: 0.129651, t_ads: 33.8, t_des: 30.3, bed_util_ads: 0.499, bed_util_des: 0.499, des_th: 0.4988466798568839,frac_lost: 0.101, li_recovered:  8.304, time: 0.015271928001311608
L: 9.52, u_super: 0.00059 — INFEASIBLE (li_recovered=0.000e+00), time: 0.0033302730007562786
L: 0.50, u_super: 0.00568, sec: 320.214, prod: 0.126077, t_ads: 34.4, t_des: 33.9, bed_util_ads: 0.487, bed_util_des: 0.487, des_th: 0.4870133324317064,frac_lost: 0.108, li_recovered:  8.618, time: 0.015126320000490523
L: 0.50, u_super: 0.00320, sec: 173.335, prod: 0.071471, t_ads: 60.2, t_des: 52.9, bed_util_ads: 0.500, bed_util_des: 0.500, des_th: 0.4996191408890305,frac_lost: 0.100, li_recovered:  8.083, time: 0.013829362998876604
L: 0.50, u_super: 0.00288, sec: 156.415, prod: 0.064071, t_ads: 66.8, t_des: 58.0, bed_util_ads: 0.500, bed_util_des: 0.500, des_th: 0.49958056802763645,frac_lost: 0.101, li_recovered:  7.993, time: 0.013299072999870987
L: 0.50, u_super: 0.00202, sec: 109.413, prod: 0.044396, t_ads: 95.6, t_des: 83.1, bed_util_ads: 0.499, bed_util_des: 0.498, des_th: 0.49833781426876045,frac_lost: 0.108, li_recovered:  7.932, time: 0.01417944499917212
L: 0.50, u_super: 0.00589, sec: 326.737, prod: 0.133044, t_ads: 33.0, t_des: 29.5, bed_util_ads: 0.500, bed_util_des: 0.500, des_th: 0.4998383954853218,frac_lost: 0.101, li_recovered:  8.311, time: 0.01521897699967667
L: 0.50, u_super: 0.00005, sec: 4.324, prod: 0.000670, t_ads: 3436.3, t_des: 5867.0, bed_util_ads: 0.253, bed_util_des: 0.185, des_th: 0.1851696623157332,frac_lost: 0.103, li_recovered:  6.229, time: 0.016623028999674716
   851 |    34040 |     40 |  0.0035341630 |             f
L: 0.50, u_super: 0.00319, sec: 173.265, prod: 0.071292, t_ads: 60.4, t_des: 53.0, bed_util_ads: 0.500, bed_util_des: 0.500, des_th: 0.4998632072643227,frac_lost: 0.102, li_recovered:  8.086, time: 0.01293803999942611
L: 0.50, u_super: 0.00372, sec: 202.676, prod: 0.083355, t_ads: 52.2, t_des: 46.2, bed_util_ads: 0.500, bed_util_des: 0.500, des_th: 0.4996191408890305,frac_lost: 0.106, li_recovered:  8.200, time: 0.01390327299850469
L: 0.50, u_super: 0.00008 — INFEASIBLE (li_recovered=0.000e+00), time: 0.002911048000896699
L: 0.50, u_super: 0.00963, sec: 559.337, prod: 0.218362, t_ads: 20.3, t_des: 18.4, bed_util_ads: 0.500, bed_util_des: 0.499, des_th: 0.49941800771673645,frac_lost: 0.105, li_recovered:  8.456, time: 0.01563310100027593
L: 0.50, u_super: 0.00826, sec: 472.084, prod: 0.186930, t_ads: 23.7, t_des: 21.3, bed_util_ads: 0.500, bed_util_des: 0.500, des_th: 0.49987449187678645,frac_lost: 0.106, li_recovered:  8.405, time: 0.0131382149993442
L: 0.50, u_super: 0.00982, sec: 571.188, prod: 0.222612, t_ads: 19.9, t_des: 18.1, bed_util_ads: 0.500, bed_util_des: 0.500, des_th: 0.49982444184276004,frac_lost: 0.105, li_recovered:  8.448, time: 0.01495682800123177
L: 0.50, u_super: 0.00290, sec: 156.735, prod: 0.064809, t_ads: 66.4, t_des: 59.0, bed_util_ads: 0.498, bed_util_des: 0.498, des_th: 0.49754312799514144,frac_lost: 0.102, li_recovered:  8.128, time: 0.009629647000110708
L: 0.50, u_super: 0.00005 — INFEASIBLE (li_recovered=0.000e+00), time: 0.002490290000423556
L: 15.54, u_super: 0.00860 — INFEASIBLE (li_recovered=0.000e+00), time: 0.0066203159985889215
L: 0.50, u_super: 0.00915, sec: 528.433, prod: 0.207239, t_ads: 21.4, t_des: 19.2, bed_util_ads: 0.500, bed_util_des: 0.500, des_th: 0.4998850515404804,frac_lost: 0.105, li_recovered:  8.407, time: 0.010681420000764774
L: 0.50, u_super: 0.00826, sec: 473.320, prod: 0.186442, t_ads: 23.7, t_des: 22.2, bed_util_ads: 0.495, bed_util_des: 0.495, des_th: 0.4947600068494446,frac_lost: 0.105, li_recovered:  8.557, time: 0.014409996998438146
L: 0.50, u_super: 0.00854, sec: 4091.725, prod: 0.023170, t_ads: 23.0, t_des: 356.0, bed_util_ads: 0.194, bed_util_des: 0.191, des_th: 0.19088439189058493,frac_lost: 0.105, li_recovered:  8.782, time: 0.09241142999962904
L: 0.50, u_super: 0.00156, sec: 86.020, prod: 0.033364, t_ads: 122.8, t_des: 102.2, bed_util_ads: 0.500, bed_util_des: 0.500, des_th: 0.4997818761255311,frac_lost: 0.106, li_recovered:  7.507, time: 0.009876864000034402
L: 63.49, u_super: 0.00739 — INFEASIBLE (li_recovered=0.000e+00), time: 0.002147455999875092
L: 0.50, u_super: 0.00990, sec: 576.015, prod: 0.224810, t_ads: 19.7, t_des: 17.9, bed_util_ads: 0.500, bed_util_des: 0.499, des_th: 0.49941800771673645,frac_lost: 0.102, li_recovered:  8.443, time: 0.012747989001582027
L: 0.50, u_super: 0.00057 — INFEASIBLE (li_recovered=0.000e+00), time: 0.003158329000143567
L: 0.50, u_super: 0.00775, sec: 439.748, prod: 0.175820, t_ads: 25.1, t_des: 22.6, bed_util_ads: 0.500, bed_util_des: 0.499, des_th: 0.49942258948554835,frac_lost: 0.101, li_recovered:  8.379, time: 0.018653376000656863
L: 0.50, u_super: 0.00042, sec: 24.561, prod: 0.008326, t_ads: 429.0, t_des: 439.0, bed_util_ads: 0.446, bed_util_des: 0.442, des_th: 0.4419446454215758,frac_lost: 0.106, li_recovered:  7.227, time: 0.008968096000899095
L: 0.50, u_super: 0.00089, sec: 52.222, prod: 0.017742, t_ads: 213.0, t_des: 245.9, bed_util_ads: 0.451, bed_util_des: 0.447, des_th: 0.44720638859170636,frac_lost: 0.106, li_recovered:  8.142, time: 0.016807640000479296
L: 0.50, u_super: 0.00990, sec: 581.042, prod: 0.222667, t_ads: 19.7, t_des: 19.0, bed_util_ads: 0.491, bed_util_des: 0.491, des_th: 0.49126567472388816,frac_lost: 0.104, li_recovered:  8.624, time: 0.010863221999898087
L: 0.50, u_super: 0.00515, sec: 1749.329, prod: 0.018803, t_ads: 38.2, t_des: 428.6, bed_util_ads: 0.219, bed_util_des: 0.214, des_th: 0.21433325031238554,frac_lost: 0.105, li_recovered:  8.776, time: 0.0902086189998954
L: 0.50, u_super: 0.00330, sec: 180.549, prod: 0.073084, t_ads: 58.9, t_des: 57.7, bed_util_ads: 0.486, bed_util_des: 0.485, des_th: 0.4853355652658157,frac_lost: 0.106, li_recovered:  8.516, time: 0.020605490999514586
L: 5.78, u_super: 0.00663, sec: 4791.764, prod: 0.134324, t_ads: 320.9, t_des: 343.0, bed_util_ads: 0.451, bed_util_des: 0.447, des_th: 0.4469212099442442,frac_lost: 0.103, li_recovered:  89.169, time: 0.02056551399982709
L: 0.50, u_super: 0.00638, sec: 457.596, prod: 0.112237, t_ads: 30.7, t_des: 46.9, bed_util_ads: 0.433, bed_util_des: 0.432, des_th: 0.43160548384804953,frac_lost: 0.106, li_recovered:  8.702, time: 0.017481618000601884
L: 24.47, u_super: 0.00061 — INFEASIBLE (li_recovered=0.000e+00), time: 0.0014077849991736002
L: 0.50, u_super: 0.00990, sec: 576.411, prod: 0.224645, t_ads: 19.7, t_des: 17.9, bed_util_ads: 0.500, bed_util_des: 0.499, des_th: 0.49942406034856895,frac_lost: 0.104, li_recovered:  8.441, time: 0.014666249999208958
L: 0.50, u_super: 0.00849, sec: 487.461, prod: 0.192049, t_ads: 23.1, t_des: 20.9, bed_util_ads: 0.499, bed_util_des: 0.498, des_th: 0.49848486422753074,frac_lost: 0.108, li_recovered:  8.451, time: 0.01491263100069773
L: 0.50, u_super: 0.00276, sec: 149.903, prod: 0.061315, t_ads: 69.7, t_des: 60.5, bed_util_ads: 0.500, bed_util_des: 0.500, des_th: 0.4997586194687836,frac_lost: 0.102, li_recovered:  7.983, time: 0.02016006400117476
L: 0.50, u_super: 0.00602, sec: 348.344, prod: 0.130717, t_ads: 32.5, t_des: 33.8, bed_util_ads: 0.481, bed_util_des: 0.480, des_th: 0.48027689813619673,frac_lost: 0.108, li_recovered:  8.666, time: 0.014670688999103731
L: 0.50, u_super: 0.00935, sec: 540.970, prod: 0.212082, t_ads: 20.9, t_des: 19.0, bed_util_ads: 0.498, bed_util_des: 0.498, des_th: 0.49798492293292196,frac_lost: 0.104, li_recovered:  8.450, time: 0.01459337900087121
L: 53.82, u_super: 0.00036 — INFEASIBLE (li_recovered=0.000e+00), time: 0.0017858290011645295
L: 0.50, u_super: 0.00680, sec: 382.099, prod: 0.153672, t_ads: 28.5, t_des: 27.0, bed_util_ads: 0.493, bed_util_des: 0.493, des_th: 0.4930481180311099,frac_lost: 0.100, li_recovered:  8.536, time: 0.01500466000106826
L: 40.93, u_super: 0.00915 — INFEASIBLE (li_recovered=0.000e+00), time: 0.004743990000861231
L: 0.50, u_super: 0.00280, sec: 151.744, prod: 0.062063, t_ads: 69.0, t_des: 59.8, bed_util_ads: 0.500, bed_util_des: 0.500, des_th: 0.4998847170858559,frac_lost: 0.103, li_recovered:  7.994, time: 0.017683314999885624
L: 0.50, u_super: 0.00454, sec: 248.613, prod: 0.101958, t_ads: 42.9, t_des: 38.2, bed_util_ads: 0.500, bed_util_des: 0.499, des_th: 0.4994776856008534,frac_lost: 0.106, li_recovered:  8.266, time: 0.014193523000358255
L: 0.50, u_super: 0.00202, sec: 109.262, prod: 0.044458, t_ads: 95.6, t_des: 92.6, bed_util_ads: 0.485, bed_util_des: 0.484, des_th: 0.4842484979791084,frac_lost: 0.107, li_recovered:  8.365, time: 0.012209523998535587
L: 0.50, u_super: 0.00424, sec: 231.836, prod: 0.095199, t_ads: 45.8, t_des: 40.4, bed_util_ads: 0.500, bed_util_des: 0.500, des_th: 0.4996191408890305,frac_lost: 0.104, li_recovered:  8.203, time: 0.01309499200033315
L: 94.26, u_super: 0.00984 — INFEASIBLE (li_recovered=0.000e+00), time: 0.0020976070009055547
L: 28.00, u_super: 0.00987 — INFEASIBLE (li_recovered=0.000e+00), time: 0.004537578000963549
L: 0.50, u_super: 0.00012 — INFEASIBLE (li_recovered=0.000e+00), time: 0.0034904310014098883
   852 |    34080 |     40 |  0.0016403605 |             f
L: 10.86, u_super: 0.00087 — INFEASIBLE (li_recovered=0.000e+00), time: 0.0018984799989993917
L: 0.50, u_super: 0.00248, sec: 133.849, prod: 0.055243, t_ads: 77.6, t_des: 69.1, bed_util_ads: 0.497, bed_util_des: 0.496, des_th: 0.49641594484655077,frac_lost: 0.104, li_recovered:  8.102, time: 0.011687391001032665
L: 0.50, u_super: 0.00156, sec: 85.587, prod: 0.033533, t_ads: 122.9, t_des: 103.5, bed_util_ads: 0.500, bed_util_des: 0.499, des_th: 0.49947119655609135,frac_lost: 0.107, li_recovered:  7.593, time: 0.01454254599957494
L: 0.50, u_super: 0.00402, sec: 218.978, prod: 0.090233, t_ads: 48.3, t_des: 43.1, bed_util_ads: 0.499, bed_util_des: 0.499, des_th: 0.49852196321529063,frac_lost: 0.105, li_recovered:  8.252, time: 0.013412493999567232
L: 0.50, u_super: 0.00739, sec: 418.527, prod: 0.167151, t_ads: 26.4, t_des: 23.8, bed_util_ads: 0.500, bed_util_des: 0.500, des_th: 0.4998723506318546,frac_lost: 0.107, li_recovered:  8.395, time: 0.011440044001574279
L: 0.50, u_super: 0.00036 — INFEASIBLE (li_recovered=0.000e+00), time: 0.008976368000730872
L: 0.50, u_super: 0.00805, sec: 459.149, prod: 0.182224, t_ads: 24.3, t_des: 22.0, bed_util_ads: 0.500, bed_util_des: 0.499, des_th: 0.49942258948554835,frac_lost: 0.106, li_recovered:  8.436, time: 0.010532043999774032
L: 0.72, u_super: 0.00061 — INFEASIBLE (li_recovered=0.000e+00), time: 0.004833328001041082
L: 0.50, u_super: 0.00144, sec: 77.912, prod: 0.031379, t_ads: 132.7, t_des: 117.9, bed_util_ads: 0.492, bed_util_des: 0.491, des_th: 0.49143573607160335,frac_lost: 0.105, li_recovered:  7.864, time: 0.010767712999950163
L: 0.50, u_super: 0.00860, sec: 493.688, prod: 0.194599, t_ads: 22.8, t_des: 20.6, bed_util_ads: 0.499, bed_util_des: 0.499, des_th: 0.49852263919287154,frac_lost: 0.107, li_recovered:  8.448, time: 0.012753131000863505
L: 0.50, u_super: 0.00424, sec: 268.692, prod: 0.082141, t_ads: 45.7, t_des: 59.5, bed_util_ads: 0.452, bed_util_des: 0.451, des_th: 0.45059284379268766,frac_lost: 0.102, li_recovered:  8.645, time: 0.013094574000206194
L: 0.50, u_super: 0.00562, sec: 311.197, prod: 0.126971, t_ads: 34.5, t_des: 31.0, bed_util_ads: 0.500, bed_util_des: 0.500, des_th: 0.49980367592918884,frac_lost: 0.103, li_recovered:  8.320, time: 0.012417065998306498
L: 0.50, u_super: 0.00064, sec: 173.084, prod: 0.002745, t_ads: 310.0, t_des: 2893.7, bed_util_ads: 0.218, bed_util_des: 0.185, des_th: 0.1851696623157332,frac_lost: 0.102, li_recovered:  8.796, time: 0.0524077700010821
L: 0.50, u_super: 0.00533, sec: 293.968, prod: 0.120433, t_ads: 36.3, t_des: 32.6, bed_util_ads: 0.499, bed_util_des: 0.499, des_th: 0.49895848049153074,frac_lost: 0.101, li_recovered:  8.304, time: 0.009180662998915068
L: 0.50, u_super: 0.00739, sec: 419.021, prod: 0.166954, t_ads: 26.5, t_des: 23.8, bed_util_ads: 0.500, bed_util_des: 0.500, des_th: 0.4998716368520175,frac_lost: 0.109, li_recovered:  8.392, time: 0.014814521999142016
L: 0.50, u_super: 0.00498, sec: 295.143, prod: 0.104377, t_ads: 39.2, t_des: 43.7, bed_util_ads: 0.472, bed_util_des: 0.471, des_th: 0.4708806411857368,frac_lost: 0.108, li_recovered:  8.660, time: 0.011086563999924692
L: 0.50, u_super: 0.00589, sec: 326.762, prod: 0.133034, t_ads: 33.0, t_des: 29.6, bed_util_ads: 0.500, bed_util_des: 0.500, des_th: 0.49960846435166906,frac_lost: 0.102, li_recovered:  8.321, time: 0.008477241000946378
L: 0.50, u_super: 0.00525, sec: 310.432, prod: 0.110638, t_ads: 37.3, t_des: 41.1, bed_util_ads: 0.473, bed_util_des: 0.472, des_th: 0.4721033365282804,frac_lost: 0.108, li_recovered:  8.665, time: 0.01164791100018192
L: 0.50, u_super: 0.00562, sec: 332.489, prod: 0.118840, t_ads: 34.6, t_des: 38.4, bed_util_ads: 0.472, bed_util_des: 0.472, des_th: 0.4718413295823555,frac_lost: 0.102, li_recovered:  8.665, time: 0.014118240998868714
L: 0.50, u_super: 0.00322, sec: 175.312, prod: 0.071795, t_ads: 60.3, t_des: 52.6, bed_util_ads: 0.500, bed_util_des: 0.500, des_th: 0.4998229999688284,frac_lost: 0.107, li_recovered:  8.100, time: 0.007926378999400185
L: 0.50, u_super: 0.00373, sec: 202.677, prod: 0.083686, t_ads: 52.2, t_des: 47.7, bed_util_ads: 0.495, bed_util_des: 0.495, des_th: 0.4950350509133621,frac_lost: 0.107, li_recovered:  8.356, time: 0.011162808999870322
L: 0.50, u_super: 0.00381, sec: 207.248, prod: 0.085574, t_ads: 50.9, t_des: 45.6, bed_util_ads: 0.499, bed_util_des: 0.499, des_th: 0.498604628388993,frac_lost: 0.105, li_recovered:  8.260, time: 0.009030805000293185
L: 0.50, u_super: 0.00655, sec: 366.419, prod: 0.148237, t_ads: 29.6, t_des: 26.5, bed_util_ads: 0.500, bed_util_des: 0.500, des_th: 0.4999304133049953,frac_lost: 0.101, li_recovered:  8.312, time: 0.008014556999114575
L: 0.50, u_super: 0.00103, sec: 57.089, prod: 0.022025, t_ads: 181.7, t_des: 158.2, bed_util_ads: 0.489, bed_util_des: 0.489, des_th: 0.48885792904274616,frac_lost: 0.103, li_recovered:  7.486, time: 0.005876802999409847
L: 0.50, u_super: 0.00005, sec: 4.324, prod: 0.000669, t_ads: 3431.3, t_des: 5857.7, bed_util_ads: 0.252, bed_util_des: 0.185, des_th: 0.1851696623157332,frac_lost: 0.102, li_recovered:  6.219, time: 0.015397794000818976
L: 60.28, u_super: 0.00585, sec: 66397.670, prod: 0.078011, t_ads: 3502.8, t_des: 5889.6, bed_util_ads: 0.251, bed_util_des: 0.185, des_th: 0.18473512945101597,frac_lost: 0.102, li_recovered:  732.713, time: 0.012720190999971237
L: 0.50, u_super: 0.00203, sec: 109.267, prod: 0.044701, t_ads: 95.1, t_des: 91.4, bed_util_ads: 0.485, bed_util_des: 0.484, des_th: 0.48408995481719475,frac_lost: 0.105, li_recovered:  8.337, time: 0.01143406099981803
L: 0.50, u_super: 0.00381, sec: 207.540, prod: 0.085454, t_ads: 50.6, t_des: 44.5, bed_util_ads: 0.500, bed_util_des: 0.500, des_th: 0.4998192809896547,frac_lost: 0.100, li_recovered:  8.127, time: 0.00977177999993728
L: 1.69, u_super: 0.00103 — INFEASIBLE (li_recovered=0.000e+00), time: 0.004488132000915357
L: 0.50, u_super: 0.00005 — INFEASIBLE (li_recovered=0.000e+00), time: 0.002674794000995462
L: 0.50, u_super: 0.00376, sec: 204.639, prod: 0.084143, t_ads: 51.7, t_des: 45.7, bed_util_ads: 0.500, bed_util_des: 0.500, des_th: 0.49953065995942786,frac_lost: 0.106, li_recovered:  8.197, time: 0.012585004000357003
L: 87.75, u_super: 0.00663 — INFEASIBLE (li_recovered=0.000e+00), time: 0.002729831001488492
L: 0.50, u_super: 0.00250, sec: 134.939, prod: 0.055635, t_ads: 77.1, t_des: 73.6, bed_util_ads: 0.488, bed_util_des: 0.487, des_th: 0.48711449396075934,frac_lost: 0.104, li_recovered:  8.381, time: 0.01673821900112671
L: 0.50, u_super: 0.00990, sec: 576.920, prod: 0.224458, t_ads: 19.7, t_des: 17.9, bed_util_ads: 0.500, bed_util_des: 0.499, des_th: 0.49940696367254683,frac_lost: 0.105, li_recovered:  8.459, time: 0.012949101001140662
L: 5.94, u_super: 0.00696 — INFEASIBLE (li_recovered=0.000e+00), time: 0.007432405000145081
L: 20.49, u_super: 0.00562 — INFEASIBLE (li_recovered=0.000e+00), time: 0.0033111889988504117
L: 0.50, u_super: 0.00222, sec: 120.843, prod: 0.048869, t_ads: 86.7, t_des: 85.7, bed_util_ads: 0.482, bed_util_des: 0.481, des_th: 0.4813080416732557,frac_lost: 0.104, li_recovered:  8.424, time: 0.012664633000895265
L: 0.50, u_super: 0.00422, sec: 230.944, prod: 0.094801, t_ads: 46.0, t_des: 40.6, bed_util_ads: 0.500, bed_util_des: 0.500, des_th: 0.4998076269826011,frac_lost: 0.104, li_recovered:  8.203, time: 0.01579989099991508
L: 0.50, u_super: 0.00850, sec: 487.072, prod: 0.192351, t_ads: 23.0, t_des: 20.6, bed_util_ads: 0.500, bed_util_des: 0.500, des_th: 0.49979842748887066,frac_lost: 0.105, li_recovered:  8.394, time: 0.012223870999150677
L: 7.04, u_super: 0.00882 — INFEASIBLE (li_recovered=0.000e+00), time: 0.007171530000050552
   853 |    34120 |     40 |  0.0022941090 |             f
L: 0.50, u_super: 0.00005, sec: 4.435, prod: 0.000653, t_ads: 3693.6, t_des: 7362.2, bed_util_ads: 0.242, bed_util_des: 0.158, des_th: 0.15856608035371997,frac_lost: 0.102, li_recovered:  7.216, time: 0.022777492999011884
L: 0.50, u_super: 0.00914, sec: 527.320, prod: 0.207254, t_ads: 21.3, t_des: 19.4, bed_util_ads: 0.499, bed_util_des: 0.498, des_th: 0.49848563003873225,frac_lost: 0.104, li_recovered:  8.447, time: 0.014607659000830608
L: 0.50, u_super: 0.00566, sec: 313.305, prod: 0.128068, t_ads: 34.2, t_des: 31.0, bed_util_ads: 0.498, bed_util_des: 0.498, des_th: 0.49804433225633366,frac_lost: 0.101, li_recovered:  8.359, time: 0.014776532998439507
L: 0.50, u_super: 0.00402, sec: 234.970, prod: 0.084092, t_ads: 48.4, t_des: 54.2, bed_util_ads: 0.471, bed_util_des: 0.470, des_th: 0.469958180308235,frac_lost: 0.105, li_recovered:  8.628, time: 0.02380778099905001
L: 4.31, u_super: 0.00990 — INFEASIBLE (li_recovered=0.000e+00), time: 0.006668856000032974
L: 0.50, u_super: 0.00374, sec: 203.187, prod: 0.083726, t_ads: 52.1, t_des: 46.5, bed_util_ads: 0.498, bed_util_des: 0.498, des_th: 0.49754312799514144,frac_lost: 0.107, li_recovered:  8.257, time: 0.015116599000975839
L: 0.50, u_super: 0.00031, sec: 19.736, prod: 0.005648, t_ads: 540.3, t_des: 503.3, bed_util_ads: 0.443, bed_util_des: 0.442, des_th: 0.4419446454215758,frac_lost: 0.100, li_recovered:  5.894, time: 0.015079369999511982
L: 0.50, u_super: 0.00343, sec: 185.883, prod: 0.077004, t_ads: 56.1, t_des: 50.0, bed_util_ads: 0.499, bed_util_des: 0.499, des_th: 0.4987948430656218,frac_lost: 0.100, li_recovered:  8.173, time: 0.01082288699944911
L: 11.02, u_super: 0.00201 — INFEASIBLE (li_recovered=0.000e+00), time: 0.003517683000609395
L: 0.50, u_super: 0.00770, sec: 446.069, prod: 0.170895, t_ads: 25.4, t_des: 25.2, bed_util_ads: 0.487, bed_util_des: 0.487, des_th: 0.4869064198236658,frac_lost: 0.108, li_recovered:  8.657, time: 0.01017837099971075
L: 5.76, u_super: 0.00859 — INFEASIBLE (li_recovered=0.000e+00), time: 0.004220845999952871
L: 17.01, u_super: 0.00486 — INFEASIBLE (li_recovered=0.000e+00), time: 0.0033843769997474737
L: 0.50, u_super: 0.00990, sec: 597.975, prod: 0.216554, t_ads: 19.7, t_des: 20.5, bed_util_ads: 0.482, bed_util_des: 0.482, des_th: 0.4818982595346515,frac_lost: 0.104, li_recovered:  8.700, time: 0.009206304001054377
L: 0.50, u_super: 0.00009 — INFEASIBLE (li_recovered=0.000e+00), time: 0.0023694060000707395
L: 0.50, u_super: 0.00340, sec: 209.884, prod: 0.066924, t_ads: 57.1, t_des: 71.6, bed_util_ads: 0.455, bed_util_des: 0.454, des_th: 0.45416063199766055,frac_lost: 0.104, li_recovered:  8.614, time: 0.016197337999983574
L: 0.50, u_super: 0.00826, sec: 472.611, prod: 0.186722, t_ads: 23.7, t_des: 21.2, bed_util_ads: 0.500, bed_util_des: 0.500, des_th: 0.49988030219195523,frac_lost: 0.108, li_recovered:  8.395, time: 0.012076350998540875
L: 0.50, u_super: 0.00156, sec: 84.439, prod: 0.033939, t_ads: 122.8, t_des: 107.4, bed_util_ads: 0.495, bed_util_des: 0.495, des_th: 0.4948377821519646,frac_lost: 0.105, li_recovered:  7.812, time: 0.01334509799926309
L: 0.50, u_super: 0.00337, sec: 182.072, prod: 0.075747, t_ads: 57.2, t_des: 52.1, bed_util_ads: 0.495, bed_util_des: 0.495, des_th: 0.4947766034750211,frac_lost: 0.101, li_recovered:  8.281, time: 0.017086793999624206
L: 0.50, u_super: 0.00805, sec: 459.472, prod: 0.182096, t_ads: 24.3, t_des: 22.1, bed_util_ads: 0.500, bed_util_des: 0.500, des_th: 0.49955850545099084,frac_lost: 0.108, li_recovered:  8.448, time: 0.016816997000205447
L: 0.50, u_super: 0.00861, sec: 494.331, prod: 0.194766, t_ads: 22.8, t_des: 20.6, bed_util_ads: 0.500, bed_util_des: 0.500, des_th: 0.4998823257400721,frac_lost: 0.107, li_recovered:  8.448, time: 0.016540638000151375
L: 0.50, u_super: 0.00956, sec: 555.454, prod: 0.216675, t_ads: 20.5, t_des: 18.5, bed_util_ads: 0.500, bed_util_des: 0.500, des_th: 0.49953797518239423,frac_lost: 0.106, li_recovered:  8.443, time: 0.018561258999397978
L: 0.50, u_super: 0.00764, sec: 489.642, prod: 0.152870, t_ads: 25.6, t_des: 31.4, bed_util_ads: 0.461, bed_util_des: 0.460, des_th: 0.4603817086685289,frac_lost: 0.105, li_recovered:  8.703, time: 0.012291479000850813
L: 0.50, u_super: 0.00739, sec: 445.170, prod: 0.157148, t_ads: 26.5, t_des: 28.8, bed_util_ads: 0.476, bed_util_des: 0.475, des_th: 0.47551859304455335,frac_lost: 0.108, li_recovered:  8.696, time: 0.017578195000169217
L: 0.50, u_super: 0.00454, sec: 248.613, prod: 0.101958, t_ads: 42.9, t_des: 38.2, bed_util_ads: 0.500, bed_util_des: 0.499, des_th: 0.4994776856008534,frac_lost: 0.106, li_recovered:  8.266, time: 0.013610473999506212
L: 0.50, u_super: 0.00289, sec: 156.819, prod: 0.064200, t_ads: 66.7, t_des: 57.9, bed_util_ads: 0.500, bed_util_des: 0.500, des_th: 0.4996191408890305,frac_lost: 0.102, li_recovered:  8.000, time: 0.015055776000735932
L: 0.50, u_super: 0.00577, sec: 319.408, prod: 0.130363, t_ads: 33.6, t_des: 30.2, bed_util_ads: 0.500, bed_util_des: 0.500, des_th: 0.49980367592918884,frac_lost: 0.101, li_recovered:  8.316, time: 0.01983330599978217
L: 13.90, u_super: 0.00494 — INFEASIBLE (li_recovered=0.000e+00), time: 0.005810333001136314
L: 0.50, u_super: 0.00638, sec: 356.126, prod: 0.144391, t_ads: 30.4, t_des: 27.2, bed_util_ads: 0.500, bed_util_des: 0.500, des_th: 0.49982444184276004,frac_lost: 0.101, li_recovered:  8.320, time: 0.01513333699949726
L: 0.50, u_super: 0.00454, sec: 248.486, prod: 0.102215, t_ads: 42.8, t_des: 38.6, bed_util_ads: 0.499, bed_util_des: 0.498, des_th: 0.4984746296204203,frac_lost: 0.105, li_recovered:  8.327, time: 0.01645502399878751
L: 0.50, u_super: 0.00968, sec: 570.410, prod: 0.216415, t_ads: 20.1, t_des: 19.8, bed_util_ads: 0.489, bed_util_des: 0.489, des_th: 0.4885876736366602,frac_lost: 0.103, li_recovered:  8.655, time: 0.01791704400056915
L: 0.50, u_super: 0.00492, sec: 270.833, prod: 0.110846, t_ads: 39.5, t_des: 35.2, bed_util_ads: 0.500, bed_util_des: 0.500, des_th: 0.4995974203074795,frac_lost: 0.105, li_recovered:  8.284, time: 0.015826179998839507
L: 1.88, u_super: 0.00791, sec: 11213.762, prod: 0.027075, t_ads: 93.7, t_des: 1128.0, bed_util_ads: 0.209, bed_util_des: 0.198, des_th: 0.19759270040669025,frac_lost: 0.105, li_recovered:  33.077, time: 0.08425357099986286
L: 0.50, u_super: 0.00061 — INFEASIBLE (li_recovered=0.000e+00), time: 0.009362148999571218
L: 0.50, u_super: 0.00706, sec: 405.731, prod: 0.156720, t_ads: 27.7, t_des: 27.5, bed_util_ads: 0.487, bed_util_des: 0.486, des_th: 0.48641541735185806,frac_lost: 0.106, li_recovered:  8.648, time: 0.019929440999476356
L: 72.35, u_super: 0.00144 — INFEASIBLE (li_recovered=0.000e+00), time: 0.0023687449993303744
L: 12.85, u_super: 0.00549 — INFEASIBLE (li_recovered=0.000e+00), time: 0.009667537999121123
L: 0.50, u_super: 0.00157, sec: 85.821, prod: 0.033779, t_ads: 122.4, t_des: 124.5, bed_util_ads: 0.476, bed_util_des: 0.475, des_th: 0.4746398877305958,frac_lost: 0.104, li_recovered:  8.340, time: 0.014227977000700776
L: 0.50, u_super: 0.00844, sec: 483.274, prod: 0.191134, t_ads: 23.1, t_des: 20.8, bed_util_ads: 0.500, bed_util_des: 0.500, des_th: 0.49987898313120993,frac_lost: 0.105, li_recovered:  8.402, time: 0.009232223999788403
L: 0.50, u_super: 0.00945, sec: 548.527, prod: 0.214122, t_ads: 20.7, t_des: 18.5, bed_util_ads: 0.500, bed_util_des: 0.500, des_th: 0.49991058681770445,frac_lost: 0.106, li_recovered:  8.402, time: 0.01972308000040357
L: 0.50, u_super: 0.00941, sec: 545.231, prod: 0.213489, t_ads: 20.7, t_des: 19.1, bed_util_ads: 0.498, bed_util_des: 0.497, des_th: 0.4974760300709636,frac_lost: 0.104, li_recovered:  8.494, time: 0.013456606999170617
   854 |    34160 |     40 |  0.0033197411 |             f
L: 0.50, u_super: 0.00820, sec: 469.012, prod: 0.185369, t_ads: 23.9, t_des: 21.9, bed_util_ads: 0.498, bed_util_des: 0.498, des_th: 0.49797761683130354,frac_lost: 0.108, li_recovered:  8.486, time: 0.023157552001066506
L: 0.50, u_super: 0.00861, sec: 494.259, prod: 0.194795, t_ads: 22.7, t_des: 20.4, bed_util_ads: 0.500, bed_util_des: 0.500, des_th: 0.49988182357754185,frac_lost: 0.106, li_recovered:  8.397, time: 0.019655018999401364
L: 0.50, u_super: 0.00242, sec: 131.320, prod: 0.053533, t_ads: 79.6, t_des: 69.1, bed_util_ads: 0.499, bed_util_des: 0.499, des_th: 0.4987292287879106,frac_lost: 0.105, li_recovered:  7.960, time: 0.011564598000404658
L: 0.50, u_super: 0.00134, sec: 73.672, prod: 0.028779, t_ads: 141.2, t_des: 120.4, bed_util_ads: 0.496, bed_util_des: 0.496, des_th: 0.4962804108733409,frac_lost: 0.102, li_recovered:  7.528, time: 0.01261155500105815
L: 11.15, u_super: 0.00398 — INFEASIBLE (li_recovered=0.000e+00), time: 0.0036659870002040407
L: 0.50, u_super: 0.00293, sec: 159.739, prod: 0.064869, t_ads: 66.0, t_des: 64.9, bed_util_ads: 0.485, bed_util_des: 0.485, des_th: 0.48454757199098375,frac_lost: 0.104, li_recovered:  8.489, time: 0.01172118800059252
L: 0.50, u_super: 0.00005, sec: 4.324, prod: 0.000669, t_ads: 3431.3, t_des: 5857.7, bed_util_ads: 0.252, bed_util_des: 0.185, des_th: 0.1851696623157332,frac_lost: 0.102, li_recovered:  6.219, time: 0.018560775000878493
L: 6.19, u_super: 0.00315 — INFEASIBLE (li_recovered=0.000e+00), time: 0.004934990000037942
L: 0.50, u_super: 0.00103 — INFEASIBLE (li_recovered=0.000e+00), time: 0.007047634999253205
L: 0.50, u_super: 0.00764, sec: 432.573, prod: 0.173038, t_ads: 25.4, t_des: 22.7, bed_util_ads: 0.500, bed_util_des: 0.500, des_th: 0.4998701439788785,frac_lost: 0.101, li_recovered:  8.332, time: 0.010301104999598465
L: 0.50, u_super: 0.00005, sec: 4.333, prod: 0.000668, t_ads: 3525.9, t_des: 6289.8, bed_util_ads: 0.249, bed_util_des: 0.176, des_th: 0.17625860818200978,frac_lost: 0.102, li_recovered:  6.558, time: 0.014327232000141521
L: 14.07, u_super: 0.00492 — INFEASIBLE (li_recovered=0.000e+00), time: 0.0038997160008875653
L: 15.88, u_super: 0.00764, sec: 17271.069, prod: 0.137614, t_ads: 687.2, t_des: 755.3, bed_util_ads: 0.410, bed_util_des: 0.403, des_th: 0.4036237730994101,frac_lost: 0.102, li_recovered:  198.500, time: 0.010906175000855
L: 0.50, u_super: 0.00576, sec: 319.403, prod: 0.130342, t_ads: 33.6, t_des: 30.2, bed_util_ads: 0.500, bed_util_des: 0.500, des_th: 0.49958367254504105,frac_lost: 0.101, li_recovered:  8.313, time: 0.012660571999731474
L: 0.50, u_super: 0.00405, sec: 221.087, prod: 0.090650, t_ads: 48.1, t_des: 45.5, bed_util_ads: 0.492, bed_util_des: 0.491, des_th: 0.4912973476123269,frac_lost: 0.106, li_recovered:  8.482, time: 0.012536709000414703
L: 0.50, u_super: 0.00261, sec: 141.238, prod: 0.058056, t_ads: 73.8, t_des: 64.9, bed_util_ads: 0.498, bed_util_des: 0.498, des_th: 0.49754312799514144,frac_lost: 0.104, li_recovered:  8.052, time: 0.012963092000063625
L: 0.50, u_super: 0.00662, sec: 370.463, prod: 0.149784, t_ads: 29.3, t_des: 26.2, bed_util_ads: 0.500, bed_util_des: 0.500, des_th: 0.4999102604664117,frac_lost: 0.101, li_recovered:  8.312, time: 0.01120118399921921
L: 0.50, u_super: 0.00739, sec: 435.924, prod: 0.160480, t_ads: 26.4, t_des: 27.7, bed_util_ads: 0.481, bed_util_des: 0.481, des_th: 0.480541059684051,frac_lost: 0.106, li_recovered:  8.685, time: 0.009662357000706834
L: 0.50, u_super: 0.00723, sec: 407.231, prod: 0.163984, t_ads: 26.8, t_des: 24.3, bed_util_ads: 0.500, bed_util_des: 0.499, des_th: 0.49949924752297453,frac_lost: 0.100, li_recovered:  8.377, time: 0.008810769999399781
L: 0.50, u_super: 0.00424, sec: 231.949, prod: 0.095153, t_ads: 45.8, t_des: 40.5, bed_util_ads: 0.500, bed_util_des: 0.500, des_th: 0.49966798139027435,frac_lost: 0.105, li_recovered:  8.210, time: 0.009903267999106902
L: 0.50, u_super: 0.00466, sec: 258.623, prod: 0.103791, t_ads: 41.7, t_des: 40.9, bed_util_ads: 0.488, bed_util_des: 0.487, des_th: 0.4874860198842285,frac_lost: 0.105, li_recovered:  8.575, time: 0.012222458000906045
L: 0.50, u_super: 0.00286, sec: 155.219, prod: 0.063573, t_ads: 67.2, t_des: 58.4, bed_util_ads: 0.500, bed_util_des: 0.500, des_th: 0.4998536019246731,frac_lost: 0.101, li_recovered:  7.981, time: 0.014282852000178536
L: 0.50, u_super: 0.00323, sec: 175.670, prod: 0.072054, t_ads: 59.5, t_des: 51.8, bed_util_ads: 0.500, bed_util_des: 0.500, des_th: 0.49998149758807814,frac_lost: 0.100, li_recovered:  8.023, time: 0.011059600001317449
L: 0.50, u_super: 0.00497, sec: 273.280, prod: 0.112268, t_ads: 39.0, t_des: 35.3, bed_util_ads: 0.498, bed_util_des: 0.498, des_th: 0.49754312799514144,frac_lost: 0.103, li_recovered:  8.343, time: 0.010715028000049642
L: 0.50, u_super: 0.00988, sec: 591.062, prod: 0.218174, t_ads: 19.7, t_des: 20.1, bed_util_ads: 0.484, bed_util_des: 0.484, des_th: 0.48407973961684414,frac_lost: 0.103, li_recovered:  8.688, time: 0.00936196399925393
L: 0.50, u_super: 0.00941, sec: 555.459, prod: 0.209486, t_ads: 20.8, t_des: 20.6, bed_util_ads: 0.487, bed_util_des: 0.487, des_th: 0.48707593997275,frac_lost: 0.105, li_recovered:  8.668, time: 0.012487142001191387
L: 0.50, u_super: 0.00663, sec: 387.886, prod: 0.143483, t_ads: 29.5, t_des: 31.0, bed_util_ads: 0.481, bed_util_des: 0.481, des_th: 0.48057398669301743,frac_lost: 0.107, li_recovered:  8.678, time: 0.010050609998870641
L: 0.50, u_super: 0.00826, sec: 472.199, prod: 0.186885, t_ads: 23.7, t_des: 21.2, bed_util_ads: 0.500, bed_util_des: 0.500, des_th: 0.4997649271122602,frac_lost: 0.106, li_recovered:  8.395, time: 0.01323712399971555
L: 0.50, u_super: 0.00990, sec: 576.810, prod: 0.224500, t_ads: 19.7, t_des: 17.9, bed_util_ads: 0.499, bed_util_des: 0.499, des_th: 0.49929795768302526,frac_lost: 0.105, li_recovered:  8.454, time: 0.012403516000631498
L: 0.50, u_super: 0.00202, sec: 109.423, prod: 0.044392, t_ads: 94.7, t_des: 82.1, bed_util_ads: 0.499, bed_util_des: 0.498, des_th: 0.4984694702541407,frac_lost: 0.101, li_recovered:  7.847, time: 0.013714456999878166
L: 0.50, u_super: 0.00864, sec: 496.081, prod: 0.195461, t_ads: 22.6, t_des: 20.3, bed_util_ads: 0.500, bed_util_des: 0.500, des_th: 0.49995491156848487,frac_lost: 0.106, li_recovered:  8.393, time: 0.011364810001396108
L: 0.50, u_super: 0.00343, sec: 186.076, prod: 0.076924, t_ads: 56.6, t_des: 51.2, bed_util_ads: 0.497, bed_util_des: 0.497, des_th: 0.49661156134192974,frac_lost: 0.107, li_recovered:  8.298, time: 0.012810423000701121
L: 0.50, u_super: 0.00168, sec: 90.233, prod: 0.036962, t_ads: 114.0, t_des: 108.6, bed_util_ads: 0.486, bed_util_des: 0.485, des_th: 0.484723965167592,frac_lost: 0.103, li_recovered:  8.226, time: 0.014742885001396644
L: 42.82, u_super: 0.00141 — INFEASIBLE (li_recovered=0.000e+00), time: 0.003095154999755323
L: 3.81, u_super: 0.00794 — INFEASIBLE (li_recovered=0.000e+00), time: 0.006508274998850538
L: 0.50, u_super: 0.00636, sec: 355.300, prod: 0.143948, t_ads: 30.5, t_des: 27.2, bed_util_ads: 0.500, bed_util_des: 0.500, des_th: 0.49982444184276004,frac_lost: 0.101, li_recovered:  8.297, time: 0.013235553000413347
L: 0.50, u_super: 0.00707, sec: 398.042, prod: 0.160195, t_ads: 27.4, t_des: 24.5, bed_util_ads: 0.500, bed_util_des: 0.500, des_th: 0.49951933064518056,frac_lost: 0.100, li_recovered:  8.318, time: 0.009782160999748157
L: 0.50, u_super: 0.00250, sec: 135.450, prod: 0.055425, t_ads: 77.0, t_des: 67.1, bed_util_ads: 0.500, bed_util_des: 0.500, des_th: 0.4999874121018924,frac_lost: 0.104, li_recovered:  7.986, time: 0.014680448999570217
L: 0.50, u_super: 0.00087, sec: 48.075, prod: 0.018526, t_ads: 213.4, t_des: 192.7, bed_util_ads: 0.482, bed_util_des: 0.481, des_th: 0.4809636540461739,frac_lost: 0.100, li_recovered:  7.524, time: 0.01517842099929112
L: 0.50, u_super: 0.00589, sec: 333.941, prod: 0.130174, t_ads: 32.9, t_des: 33.4, bed_util_ads: 0.483, bed_util_des: 0.483, des_th: 0.4830208777531029,frac_lost: 0.100, li_recovered:  8.633, time: 0.012291109000216238
   855 |    34200 |     40 |  0.0021537638 |             f
L: 0.50, u_super: 0.00565, sec: 312.748, prod: 0.127540, t_ads: 34.4, t_des: 30.8, bed_util_ads: 0.499, bed_util_des: 0.499, des_th: 0.49879192196987154,frac_lost: 0.102, li_recovered:  8.308, time: 0.012275553999643307
L: 0.50, u_super: 0.00134, sec: 73.710, prod: 0.028764, t_ads: 141.3, t_des: 120.3, bed_util_ads: 0.496, bed_util_des: 0.496, des_th: 0.4962671814608958,frac_lost: 0.102, li_recovered:  7.524, time: 0.014720405999469222
L: 0.50, u_super: 0.00664, sec: 372.823, prod: 0.149977, t_ads: 29.4, t_des: 26.4, bed_util_ads: 0.500, bed_util_des: 0.500, des_th: 0.4999304133049953,frac_lost: 0.107, li_recovered:  8.376, time: 0.014468955001575523
L: 21.80, u_super: 0.00595 — INFEASIBLE (li_recovered=0.000e+00), time: 0.0029682849999517202
L: 0.50, u_super: 0.00914, sec: 527.320, prod: 0.207254, t_ads: 21.3, t_des: 19.4, bed_util_ads: 0.499, bed_util_des: 0.498, des_th: 0.49848563003873225,frac_lost: 0.104, li_recovered:  8.447, time: 0.0122202370002924
L: 0.50, u_super: 0.00097 — INFEASIBLE (li_recovered=0.000e+00), time: 0.006349340999804554
L: 0.50, u_super: 0.00628, sec: 350.662, prod: 0.142025, t_ads: 30.9, t_des: 27.6, bed_util_ads: 0.500, bed_util_des: 0.500, des_th: 0.4998755717707861,frac_lost: 0.103, li_recovered:  8.317, time: 0.012098129000150948
L: 0.50, u_super: 0.00893, sec: 3834.930, prod: 0.027108, t_ads: 22.0, t_des: 301.9, bed_util_ads: 0.204, bed_util_des: 0.201, des_th: 0.20072929077193394,frac_lost: 0.105, li_recovered:  8.779, time: 0.08290609600044263
L: 0.50, u_super: 0.00839, sec: 481.241, prod: 0.189649, t_ads: 23.4, t_des: 20.9, bed_util_ads: 0.500, bed_util_des: 0.500, des_th: 0.49995491156848487,frac_lost: 0.109, li_recovered:  8.403, time: 0.011779868000303395
L: 0.50, u_super: 0.00763, sec: 433.636, prod: 0.172449, t_ads: 25.7, t_des: 23.0, bed_util_ads: 0.500, bed_util_des: 0.500, des_th: 0.49988182357754185,frac_lost: 0.108, li_recovered:  8.391, time: 0.01524586800042016
L: 0.50, u_super: 0.00103, sec: 57.393, prod: 0.021909, t_ads: 182.4, t_des: 156.3, bed_util_ads: 0.492, bed_util_des: 0.492, des_th: 0.49184214747731236,frac_lost: 0.106, li_recovered:  7.420, time: 0.00882177200037404
L: 0.50, u_super: 0.00902, sec: 520.764, prod: 0.204347, t_ads: 21.7, t_des: 19.9, bed_util_ads: 0.498, bed_util_des: 0.498, des_th: 0.49798492293292196,frac_lost: 0.106, li_recovered:  8.487, time: 0.012123009000788443
L: 0.50, u_super: 0.00738, sec: 416.456, prod: 0.167454, t_ads: 26.3, t_des: 23.8, bed_util_ads: 0.500, bed_util_des: 0.499, des_th: 0.49950678037840807,frac_lost: 0.100, li_recovered:  8.390, time: 0.006348484001136967
L: 18.29, u_super: 0.00533 — INFEASIBLE (li_recovered=0.000e+00), time: 0.004769732999193366
L: 0.50, u_super: 0.00562, sec: 311.510, prod: 0.126843, t_ads: 34.6, t_des: 30.8, bed_util_ads: 0.500, bed_util_des: 0.500, des_th: 0.49982904516284177,frac_lost: 0.104, li_recovered:  8.299, time: 0.00819954800135747
L: 0.50, u_super: 0.00942, sec: 545.294, prod: 0.213566, t_ads: 20.7, t_des: 19.0, bed_util_ads: 0.497, bed_util_des: 0.497, des_th: 0.4972697568859791,frac_lost: 0.104, li_recovered:  8.489, time: 0.0134729259989399
L: 0.50, u_super: 0.00861, sec: 494.259, prod: 0.194795, t_ads: 22.7, t_des: 20.4, bed_util_ads: 0.500, bed_util_des: 0.500, des_th: 0.49988182357754185,frac_lost: 0.106, li_recovered:  8.397, time: 0.010929698000836652
L: 0.50, u_super: 0.00624, sec: 385.653, prod: 0.127126, t_ads: 31.4, t_des: 37.0, bed_util_ads: 0.465, bed_util_des: 0.465, des_th: 0.4647151852237648,frac_lost: 0.107, li_recovered:  8.687, time: 0.013255808999019791
L: 0.50, u_super: 0.00341, sec: 185.181, prod: 0.076118, t_ads: 57.1, t_des: 50.3, bed_util_ads: 0.500, bed_util_des: 0.500, des_th: 0.4998064988507402,frac_lost: 0.107, li_recovered:  8.173, time: 0.009916052000335185
L: 0.50, u_super: 0.00957, sec: 555.483, prod: 0.217047, t_ads: 20.4, t_des: 18.7, bed_util_ads: 0.498, bed_util_des: 0.498, des_th: 0.4980832352409841,frac_lost: 0.104, li_recovered:  8.486, time: 0.011164101999384002
L: 45.30, u_super: 0.00086 — INFEASIBLE (li_recovered=0.000e+00), time: 0.0013940139997430379
L: 0.50, u_super: 0.00015 — INFEASIBLE (li_recovered=0.000e+00), time: 0.0021785389999422478
L: 0.50, u_super: 0.00202, sec: 109.262, prod: 0.044458, t_ads: 95.6, t_des: 92.6, bed_util_ads: 0.485, bed_util_des: 0.484, des_th: 0.4842484979791084,frac_lost: 0.107, li_recovered:  8.365, time: 0.010639874999469612
L: 0.50, u_super: 0.00977, sec: 592.185, prod: 0.212663, t_ads: 20.0, t_des: 20.9, bed_util_ads: 0.481, bed_util_des: 0.481, des_th: 0.4810562627214108,frac_lost: 0.105, li_recovered:  8.704, time: 0.011247081998590147
L: 31.70, u_super: 0.00834 — INFEASIBLE (li_recovered=0.000e+00), time: 0.004049334000228555
L: 0.50, u_super: 0.00005 — INFEASIBLE (li_recovered=0.000e+00), time: 0.0024039990003075218
L: 0.50, u_super: 0.00760, sec: 431.584, prod: 0.171746, t_ads: 25.8, t_des: 23.0, bed_util_ads: 0.500, bed_util_des: 0.500, des_th: 0.4998993378390813,frac_lost: 0.107, li_recovered:  8.379, time: 0.013126240999554284
L: 0.50, u_super: 0.00764, sec: 452.398, prod: 0.165455, t_ads: 25.7, t_des: 26.8, bed_util_ads: 0.481, bed_util_des: 0.481, des_th: 0.4809619749758632,frac_lost: 0.109, li_recovered:  8.692, time: 0.009968569000193384
L: 0.50, u_super: 0.00506, sec: 278.857, prod: 0.114173, t_ads: 38.4, t_des: 34.3, bed_util_ads: 0.500, bed_util_des: 0.500, des_th: 0.49953065995942786,frac_lost: 0.104, li_recovered:  8.296, time: 0.012434976999429637
L: 0.50, u_super: 0.00706, sec: 397.489, prod: 0.159969, t_ads: 27.4, t_des: 24.5, bed_util_ads: 0.500, bed_util_des: 0.500, des_th: 0.4999228062576846,frac_lost: 0.100, li_recovered:  8.308, time: 0.01253178799925081
L: 17.07, u_super: 0.00794 — INFEASIBLE (li_recovered=0.000e+00), time: 0.005539641999348532
L: 0.50, u_super: 0.00087, sec: 293.586, prod: 0.003046, t_ads: 226.1, t_des: 2666.7, bed_util_ads: 0.203, bed_util_des: 0.177, des_th: 0.17684148413120263,frac_lost: 0.102, li_recovered:  8.812, time: 0.08171746899824939
L: 0.50, u_super: 0.00914, sec: 527.765, prod: 0.207079, t_ads: 21.4, t_des: 19.4, bed_util_ads: 0.499, bed_util_des: 0.499, des_th: 0.49884902815008353,frac_lost: 0.105, li_recovered:  8.441, time: 0.015080945000590873
L: 0.50, u_super: 0.00679, sec: 381.292, prod: 0.153755, t_ads: 28.6, t_des: 25.5, bed_util_ads: 0.500, bed_util_des: 0.500, des_th: 0.499698589026635,frac_lost: 0.101, li_recovered:  8.306, time: 0.01340580900068744
L: 0.50, u_super: 0.00459, sec: 259.503, prod: 0.100195, t_ads: 42.3, t_des: 43.8, bed_util_ads: 0.480, bed_util_des: 0.480, des_th: 0.4798741802454555,frac_lost: 0.103, li_recovered:  8.622, time: 0.014811271999860764
L: 0.50, u_super: 0.00560, sec: 310.138, prod: 0.126560, t_ads: 34.6, t_des: 31.0, bed_util_ads: 0.500, bed_util_des: 0.500, des_th: 0.49959864982096946,frac_lost: 0.102, li_recovered:  8.312, time: 0.018689552000068943
L: 0.50, u_super: 0.00424, sec: 231.642, prod: 0.095288, t_ads: 45.9, t_des: 40.9, bed_util_ads: 0.500, bed_util_des: 0.500, des_th: 0.499752642940011,frac_lost: 0.105, li_recovered:  8.266, time: 0.012709081998764304
L: 0.50, u_super: 0.00840, sec: 481.307, prod: 0.190187, t_ads: 23.3, t_des: 21.1, bed_util_ads: 0.499, bed_util_des: 0.498, des_th: 0.49848563003873225,frac_lost: 0.107, li_recovered:  8.438, time: 0.021069058999273693
L: 41.18, u_super: 0.00636 — INFEASIBLE (li_recovered=0.000e+00), time: 0.002956263999294606
L: 0.50, u_super: 0.00533, sec: 294.199, prod: 0.120330, t_ads: 36.4, t_des: 32.6, bed_util_ads: 0.499, bed_util_des: 0.499, des_th: 0.49893754327538625,frac_lost: 0.103, li_recovered:  8.309, time: 0.026522875999944517
   856 |    34240 |     40 |  0.0037659922 |             f
L: 0.50, u_super: 0.00759, sec: 429.648, prod: 0.172184, t_ads: 25.6, t_des: 23.4, bed_util_ads: 0.497, bed_util_des: 0.497, des_th: 0.49718468384343056,frac_lost: 0.102, li_recovered:  8.429, time: 0.015214981000099215
L: 0.50, u_super: 0.00361, sec: 196.377, prod: 0.080673, t_ads: 54.0, t_des: 47.6, bed_util_ads: 0.500, bed_util_des: 0.500, des_th: 0.4998632072643227,frac_lost: 0.108, li_recovered:  8.197, time: 0.021871711000130745
L: 0.50, u_super: 0.00430, sec: 234.929, prod: 0.096755, t_ads: 45.2, t_des: 40.8, bed_util_ads: 0.498, bed_util_des: 0.498, des_th: 0.49798492293292196,frac_lost: 0.106, li_recovered:  8.325, time: 0.015332793998823036
L: 0.50, u_super: 0.00738, sec: 416.456, prod: 0.167454, t_ads: 26.3, t_des: 23.8, bed_util_ads: 0.500, bed_util_des: 0.499, des_th: 0.49950678037840807,frac_lost: 0.100, li_recovered:  8.390, time: 0.013743223000346916
L: 0.50, u_super: 0.00208, sec: 112.572, prod: 0.045895, t_ads: 92.7, t_des: 89.6, bed_util_ads: 0.485, bed_util_des: 0.484, des_th: 0.4842484979791084,frac_lost: 0.106, li_recovered:  8.367, time: 0.011795129999882192
L: 0.50, u_super: 0.00959, sec: 556.642, prod: 0.217394, t_ads: 20.4, t_des: 18.3, bed_util_ads: 0.500, bed_util_des: 0.500, des_th: 0.49982865048667763,frac_lost: 0.104, li_recovered:  8.393, time: 0.01336405999973067
L: 0.50, u_super: 0.00645, sec: 375.175, prod: 0.140314, t_ads: 30.4, t_des: 31.4, bed_util_ads: 0.481, bed_util_des: 0.481, des_th: 0.4810562627214108,frac_lost: 0.109, li_recovered:  8.673, time: 0.009743045999130118
L: 0.50, u_super: 0.00990, sec: 620.198, prod: 0.208794, t_ads: 19.7, t_des: 22.0, bed_util_ads: 0.473, bed_util_des: 0.473, des_th: 0.4729345281423196,frac_lost: 0.104, li_recovered:  8.715, time: 0.012319179000769509
L: 0.50, u_super: 0.00402, sec: 218.978, prod: 0.090233, t_ads: 48.3, t_des: 43.1, bed_util_ads: 0.499, bed_util_des: 0.499, des_th: 0.49852196321529063,frac_lost: 0.105, li_recovered:  8.252, time: 0.01551399100026174
L: 0.50, u_super: 0.00021, sec: 33.716, prod: 0.001506, t_ads: 948.4, t_des: 4810.8, bed_util_ads: 0.241, bed_util_des: 0.177, des_th: 0.17707740563117091,frac_lost: 0.101, li_recovered:  8.676, time: 0.03138271699936013
L: 0.50, u_super: 0.00134, sec: 74.076, prod: 0.028622, t_ads: 142.5, t_des: 147.1, bed_util_ads: 0.472, bed_util_des: 0.470, des_th: 0.4701753659889167,frac_lost: 0.105, li_recovered:  8.289, time: 0.014664905998870381
L: 47.45, u_super: 0.00864 — INFEASIBLE (li_recovered=0.000e+00), time: 0.002177767999455682
L: 0.50, u_super: 0.00957, sec: 555.326, prod: 0.217108, t_ads: 20.4, t_des: 18.6, bed_util_ads: 0.498, bed_util_des: 0.498, des_th: 0.4981111764804229,frac_lost: 0.104, li_recovered:  8.460, time: 0.008412584000325296
L: 0.50, u_super: 0.00250, sec: 135.228, prod: 0.055188, t_ads: 77.3, t_des: 67.0, bed_util_ads: 0.499, bed_util_des: 0.499, des_th: 0.4987292287879106,frac_lost: 0.104, li_recovered:  7.964, time: 0.013303637999342754
L: 14.16, u_super: 0.00185 — INFEASIBLE (li_recovered=0.000e+00), time: 0.002490906001185067
L: 0.50, u_super: 0.00482, sec: 264.295, prod: 0.108557, t_ads: 40.4, t_des: 36.8, bed_util_ads: 0.497, bed_util_des: 0.496, des_th: 0.49633059375866057,frac_lost: 0.105, li_recovered:  8.380, time: 0.012035947000185843
L: 0.50, u_super: 0.00762, sec: 508.080, prod: 0.146665, t_ads: 25.7, t_des: 33.7, bed_util_ads: 0.453, bed_util_des: 0.452, des_th: 0.45207155524983345,frac_lost: 0.107, li_recovered:  8.709, time: 0.01766961900102615
L: 68.47, u_super: 0.00256 — INFEASIBLE (li_recovered=0.000e+00), time: 0.003118970000286936
L: 0.50, u_super: 0.00589, sec: 326.521, prod: 0.133132, t_ads: 32.9, t_des: 29.5, bed_util_ads: 0.500, bed_util_des: 0.500, des_th: 0.4995974203074795,frac_lost: 0.100, li_recovered:  8.307, time: 0.01130999300039548
L: 0.50, u_super: 0.00880, sec: 520.123, prod: 0.194097, t_ads: 22.2, t_des: 22.6, bed_util_ads: 0.485, bed_util_des: 0.485, des_th: 0.48454757199098375,frac_lost: 0.104, li_recovered:  8.682, time: 0.014999689999967813
L: 43.72, u_super: 0.00201 — INFEASIBLE (li_recovered=0.000e+00), time: 0.0020062509993294952
L: 0.50, u_super: 0.00706, sec: 397.453, prod: 0.159984, t_ads: 27.4, t_des: 24.5, bed_util_ads: 0.500, bed_util_des: 0.500, des_th: 0.49980707942545344,frac_lost: 0.100, li_recovered:  8.315, time: 0.010715738999351743
L: 24.13, u_super: 0.00365 — INFEASIBLE (li_recovered=0.000e+00), time: 0.0023537609995401
L: 13.45, u_super: 0.00087 — INFEASIBLE (li_recovered=0.000e+00), time: 0.0012903620008728467
L: 0.50, u_super: 0.00466, sec: 255.956, prod: 0.104872, t_ads: 41.7, t_des: 37.1, bed_util_ads: 0.500, bed_util_des: 0.500, des_th: 0.4995937321940789,frac_lost: 0.106, li_recovered:  8.272, time: 0.00823299900002894
L: 21.67, u_super: 0.00005 — INFEASIBLE (li_recovered=0.000e+00), time: 0.0016329370009771083
L: 0.50, u_super: 0.00916, sec: 529.038, prod: 0.207763, t_ads: 21.3, t_des: 19.4, bed_util_ads: 0.499, bed_util_des: 0.498, des_th: 0.49848563003873225,frac_lost: 0.104, li_recovered:  8.447, time: 0.010805482999785454
L: 0.50, u_super: 0.00070 — INFEASIBLE (li_recovered=0.000e+00), time: 0.006220490999112371
L: 0.50, u_super: 0.00058, sec: 34.074, prod: 0.011402, t_ads: 316.2, t_des: 264.1, bed_util_ads: 0.481, bed_util_des: 0.481, des_th: 0.4811325302205503,frac_lost: 0.106, li_recovered:  6.616, time: 0.006468299001426203
L: 9.55, u_super: 0.00492 — INFEASIBLE (li_recovered=0.000e+00), time: 0.00624792100097693
L: 0.50, u_super: 0.00367, sec: 199.965, prod: 0.082251, t_ads: 53.0, t_des: 46.9, bed_util_ads: 0.500, bed_util_des: 0.500, des_th: 0.499752642940011,frac_lost: 0.107, li_recovered:  8.213, time: 0.00934894300007727
L: 13.16, u_super: 0.00514 — INFEASIBLE (li_recovered=0.000e+00), time: 0.0037643979994754773
L: 0.50, u_super: 0.00987, sec: 575.625, prod: 0.223722, t_ads: 19.8, t_des: 18.0, bed_util_ads: 0.500, bed_util_des: 0.499, des_th: 0.4993984081155934,frac_lost: 0.107, li_recovered:  8.452, time: 0.011024191000615247
L: 0.50, u_super: 0.00514, sec: 282.525, prod: 0.115959, t_ads: 37.8, t_des: 34.6, bed_util_ads: 0.497, bed_util_des: 0.497, des_th: 0.4968650706107998,frac_lost: 0.103, li_recovered:  8.396, time: 0.009705714999654447
L: 25.31, u_super: 0.00102 — INFEASIBLE (li_recovered=0.000e+00), time: 0.0018728290015133098
L: 0.50, u_super: 0.00032 — INFEASIBLE (li_recovered=0.000e+00), time: 0.007435427000018535
L: 37.21, u_super: 0.00168 — INFEASIBLE (li_recovered=0.000e+00), time: 0.0019236949992773589
L: 0.50, u_super: 0.00628, sec: 350.662, prod: 0.142025, t_ads: 30.9, t_des: 27.6, bed_util_ads: 0.500, bed_util_des: 0.500, des_th: 0.4998755717707861,frac_lost: 0.103, li_recovered:  8.317, time: 0.009147032998953364
L: 0.50, u_super: 0.00059, sec: 33.669, prod: 0.012231, t_ads: 306.2, t_des: 282.1, bed_util_ads: 0.471, bed_util_des: 0.470, des_th: 0.469981936639745,frac_lost: 0.101, li_recovered:  7.195, time: 0.01622395600134041
L: 0.50, u_super: 0.00141, sec: 77.222, prod: 0.030254, t_ads: 134.5, t_des: 114.6, bed_util_ads: 0.496, bed_util_des: 0.496, des_th: 0.4962804108733409,frac_lost: 0.100, li_recovered:  7.537, time: 0.011165819998495863
   857 |    34280 |     40 |  0.0010865386 |             f
L: 0.50, u_super: 0.00120, sec: 66.760, prod: 0.025555, t_ads: 157.6, t_des: 132.6, bed_util_ads: 0.496, bed_util_des: 0.496, des_th: 0.496018915157669,frac_lost: 0.105, li_recovered:  7.414, time: 0.011524223000378697
L: 18.34, u_super: 0.00990 — INFEASIBLE (li_recovered=0.000e+00), time: 0.007606667000800371
L: 0.50, u_super: 0.00249, sec: 134.561, prod: 0.055350, t_ads: 77.2, t_des: 68.0, bed_util_ads: 0.499, bed_util_des: 0.499, des_th: 0.4986078530112273,frac_lost: 0.103, li_recovered:  8.036, time: 0.012539256998934434
L: 0.50, u_super: 0.00168, sec: 90.016, prod: 0.037052, t_ads: 113.6, t_des: 106.0, bed_util_ads: 0.488, bed_util_des: 0.487, des_th: 0.4872411088103426,frac_lost: 0.101, li_recovered:  8.138, time: 0.013935610999396886
L: 9.19, u_super: 0.00005 — INFEASIBLE (li_recovered=0.000e+00), time: 0.0020479380000324454
L: 0.50, u_super: 0.00731, sec: 430.556, prod: 0.158811, t_ads: 26.7, t_des: 27.9, bed_util_ads: 0.481, bed_util_des: 0.481, des_th: 0.4810562627214108,frac_lost: 0.107, li_recovered:  8.685, time: 0.012824268000258598
L: 0.50, u_super: 0.00899, sec: 636.183, prod: 0.166089, t_ads: 21.7, t_des: 30.8, bed_util_ads: 0.443, bed_util_des: 0.442, des_th: 0.4419446454215758,frac_lost: 0.103, li_recovered:  8.718, time: 0.017883549000544008
L: 0.50, u_super: 0.00319, sec: 172.826, prod: 0.071194, t_ads: 60.5, t_des: 53.1, bed_util_ads: 0.500, bed_util_des: 0.500, des_th: 0.4998632072643227,frac_lost: 0.102, li_recovered:  8.088, time: 0.01282386799903179
L: 0.50, u_super: 0.00242, sec: 131.200, prod: 0.053520, t_ads: 79.8, t_des: 77.6, bed_util_ads: 0.485, bed_util_des: 0.484, des_th: 0.48450638971834037,frac_lost: 0.105, li_recovered:  8.424, time: 0.012834950999604189
L: 0.50, u_super: 0.00031 — INFEASIBLE (li_recovered=0.000e+00), time: 0.007089751001331024
L: 21.74, u_super: 0.00584 — INFEASIBLE (li_recovered=0.000e+00), time: 0.005311450000590412
L: 0.50, u_super: 0.00840, sec: 480.905, prod: 0.190071, t_ads: 23.3, t_des: 20.9, bed_util_ads: 0.500, bed_util_des: 0.500, des_th: 0.49986342347084384,frac_lost: 0.106, li_recovered:  8.395, time: 0.013750904998232727
L: 0.50, u_super: 0.00087 — INFEASIBLE (li_recovered=0.000e+00), time: 0.00695865300076548
L: 13.76, u_super: 0.00104 — INFEASIBLE (li_recovered=0.000e+00), time: 0.0025402400005987147
L: 0.50, u_super: 0.00293, sec: 159.739, prod: 0.064869, t_ads: 66.0, t_des: 64.9, bed_util_ads: 0.485, bed_util_des: 0.485, des_th: 0.48454757199098375,frac_lost: 0.104, li_recovered:  8.489, time: 0.01933972000006179
L: 0.50, u_super: 0.00679, sec: 381.292, prod: 0.153755, t_ads: 28.6, t_des: 25.5, bed_util_ads: 0.500, bed_util_des: 0.500, des_th: 0.499698589026635,frac_lost: 0.101, li_recovered:  8.306, time: 0.01569075400038855
L: 0.50, u_super: 0.00794, sec: 523.904, prod: 0.154996, t_ads: 24.7, t_des: 31.5, bed_util_ads: 0.455, bed_util_des: 0.455, des_th: 0.4548372791526164,frac_lost: 0.107, li_recovered:  8.710, time: 0.014317582999865408
L: 0.50, u_super: 0.00158, sec: 85.117, prod: 0.034774, t_ads: 121.0, t_des: 114.0, bed_util_ads: 0.485, bed_util_des: 0.484, des_th: 0.4841928044415151,frac_lost: 0.104, li_recovered:  8.170, time: 0.013630913999804761
L: 0.50, u_super: 0.00877, sec: 505.329, prod: 0.198352, t_ads: 22.4, t_des: 20.3, bed_util_ads: 0.500, bed_util_des: 0.500, des_th: 0.4999898008740124,frac_lost: 0.109, li_recovered:  8.458, time: 0.01708614299968758
L: 0.50, u_super: 0.00402, sec: 219.039, prod: 0.090208, t_ads: 48.4, t_des: 43.3, bed_util_ads: 0.500, bed_util_des: 0.499, des_th: 0.4994218671309969,frac_lost: 0.106, li_recovered:  8.270, time: 0.009902883999529877
L: 0.50, u_super: 0.00145, sec: 79.546, prod: 0.031342, t_ads: 131.9, t_des: 112.7, bed_util_ads: 0.497, bed_util_des: 0.496, des_th: 0.49640178626041137,frac_lost: 0.108, li_recovered:  7.663, time: 0.010469542999999248
L: 0.50, u_super: 0.00612, sec: 340.767, prod: 0.138504, t_ads: 31.6, t_des: 28.3, bed_util_ads: 0.500, bed_util_des: 0.500, des_th: 0.4995974203074795,frac_lost: 0.100, li_recovered:  8.305, time: 0.009107253999900422
L: 0.50, u_super: 0.00710, sec: 454.922, prod: 0.141329, t_ads: 27.5, t_des: 34.0, bed_util_ads: 0.459, bed_util_des: 0.459, des_th: 0.4587025180572404,frac_lost: 0.106, li_recovered:  8.699, time: 0.012487601999964681
L: 0.50, u_super: 0.00102 — INFEASIBLE (li_recovered=0.000e+00), time: 0.010035888000857085
L: 0.50, u_super: 0.00054 — INFEASIBLE (li_recovered=0.000e+00), time: 0.009132611001405166
L: 0.50, u_super: 0.00209, sec: 112.899, prod: 0.046036, t_ads: 92.4, t_des: 89.3, bed_util_ads: 0.485, bed_util_des: 0.484, des_th: 0.4842484979791084,frac_lost: 0.106, li_recovered:  8.368, time: 0.009977059000448207
L: 0.50, u_super: 0.00293, sec: 158.674, prod: 0.065367, t_ads: 65.6, t_des: 57.6, bed_util_ads: 0.499, bed_util_des: 0.499, des_th: 0.498751791556277,frac_lost: 0.101, li_recovered:  8.058, time: 0.013470179001160432
L: 0.50, u_super: 0.00738, sec: 479.487, prod: 0.145442, t_ads: 26.5, t_des: 33.4, bed_util_ads: 0.457, bed_util_des: 0.457, des_th: 0.4565555598981954,frac_lost: 0.105, li_recovered:  8.702, time: 0.011817773998700432
L: 0.50, u_super: 0.00864, sec: 495.892, prod: 0.195535, t_ads: 22.6, t_des: 20.3, bed_util_ads: 0.500, bed_util_des: 0.500, des_th: 0.49998574063652734,frac_lost: 0.105, li_recovered:  8.395, time: 0.008260130000053323
L: 0.50, u_super: 0.00306, sec: 165.920, prod: 0.067975, t_ads: 63.2, t_des: 54.9, bed_util_ads: 0.500, bed_util_des: 0.500, des_th: 0.49987427567026527,frac_lost: 0.103, li_recovered:  8.025, time: 0.010125688000698574
L: 0.50, u_super: 0.00250, sec: 136.342, prod: 0.055003, t_ads: 77.0, t_des: 76.9, bed_util_ads: 0.482, bed_util_des: 0.482, des_th: 0.4816409150917129,frac_lost: 0.102, li_recovered:  8.467, time: 0.01108070900045277
L: 12.31, u_super: 0.00988 — INFEASIBLE (li_recovered=0.000e+00), time: 0.00620287499987171
L: 0.50, u_super: 0.00663, sec: 371.310, prod: 0.149888, t_ads: 29.3, t_des: 26.1, bed_util_ads: 0.500, bed_util_des: 0.500, des_th: 0.4999304133049953,frac_lost: 0.102, li_recovered:  8.311, time: 0.010111843999766279
L: 0.50, u_super: 0.00560, sec: 310.138, prod: 0.126560, t_ads: 34.6, t_des: 31.0, bed_util_ads: 0.500, bed_util_des: 0.500, des_th: 0.49959864982096946,frac_lost: 0.102, li_recovered:  8.312, time: 0.013776783000139403
L: 0.50, u_super: 0.00625, sec: 348.194, prod: 0.141231, t_ads: 31.1, t_des: 27.8, bed_util_ads: 0.500, bed_util_des: 0.500, des_th: 0.4998755717707861,frac_lost: 0.102, li_recovered:  8.313, time: 0.009747629999765195
L: 0.50, u_super: 0.00398, sec: 230.144, prod: 0.084178, t_ads: 48.8, t_des: 53.6, bed_util_ads: 0.472, bed_util_des: 0.471, des_th: 0.47128426386974015,frac_lost: 0.104, li_recovered:  8.622, time: 0.012326403999395552
L: 0.50, u_super: 0.00639, sec: 356.816, prod: 0.144387, t_ads: 30.4, t_des: 27.1, bed_util_ads: 0.500, bed_util_des: 0.500, des_th: 0.49952789604410974,frac_lost: 0.102, li_recovered:  8.311, time: 0.011606637999648228
L: 20.45, u_super: 0.00208 — INFEASIBLE (li_recovered=0.000e+00), time: 0.003214829999706126
L: 0.50, u_super: 0.00589, sec: 326.521, prod: 0.133132, t_ads: 32.9, t_des: 29.5, bed_util_ads: 0.500, bed_util_des: 0.500, des_th: 0.4995974203074795,frac_lost: 0.100, li_recovered:  8.307, time: 0.009829930000705644
L: 0.50, u_super: 0.00826, sec: 472.396, prod: 0.186807, t_ads: 23.7, t_des: 21.5, bed_util_ads: 0.499, bed_util_des: 0.499, des_th: 0.4993734182540475,frac_lost: 0.107, li_recovered:  8.446, time: 0.013003287998799351
   858 |    34320 |     40 |  0.0031556934 |             f
L: 0.50, u_super: 0.00444, sec: 243.323, prod: 0.099700, t_ads: 43.9, t_des: 39.0, bed_util_ads: 0.500, bed_util_des: 0.500, des_th: 0.499752642940011,frac_lost: 0.107, li_recovered:  8.268, time: 0.009785189999092836
L: 15.05, u_super: 0.00005 — INFEASIBLE (li_recovered=0.000e+00), time: 0.001180122999357991
L: 0.50, u_super: 0.00467, sec: 256.100, prod: 0.105062, t_ads: 41.7, t_des: 37.3, bed_util_ads: 0.499, bed_util_des: 0.499, des_th: 0.49852196321529063,frac_lost: 0.105, li_recovered:  8.293, time: 0.012153555000622873
L: 0.50, u_super: 0.00709, sec: 400.321, prod: 0.160250, t_ads: 27.6, t_des: 24.8, bed_util_ads: 0.499, bed_util_des: 0.499, des_th: 0.49907253757102527,frac_lost: 0.107, li_recovered:  8.391, time: 0.015209276001769467
L: 0.50, u_super: 0.00533, sec: 293.968, prod: 0.120433, t_ads: 36.3, t_des: 32.6, bed_util_ads: 0.499, bed_util_des: 0.499, des_th: 0.49895848049153074,frac_lost: 0.101, li_recovered:  8.304, time: 0.011414403999879141
L: 0.50, u_super: 0.00764, sec: 504.157, prod: 0.148468, t_ads: 25.6, t_des: 33.0, bed_util_ads: 0.454, bed_util_des: 0.454, des_th: 0.45377995966517254,frac_lost: 0.105, li_recovered:  8.706, time: 0.019821122999928775
L: 0.50, u_super: 0.00514, sec: 283.130, prod: 0.115957, t_ads: 37.8, t_des: 33.9, bed_util_ads: 0.500, bed_util_des: 0.500, des_th: 0.49956713635870686,frac_lost: 0.103, li_recovered:  8.312, time: 0.015421639000123832
L: 0.50, u_super: 0.00591, sec: 328.051, prod: 0.133563, t_ads: 32.8, t_des: 29.4, bed_util_ads: 0.500, bed_util_des: 0.500, des_th: 0.4995979685666956,frac_lost: 0.101, li_recovered:  8.309, time: 0.012974614000995643
L: 0.50, u_super: 0.00392, sec: 226.126, prod: 0.083083, t_ads: 49.7, t_des: 54.1, bed_util_ads: 0.474, bed_util_des: 0.473, des_th: 0.4728840629580355,frac_lost: 0.107, li_recovered:  8.623, time: 0.01610456699927454
L: 0.50, u_super: 0.00975, sec: 612.125, prod: 0.204798, t_ads: 20.0, t_des: 22.5, bed_util_ads: 0.472, bed_util_des: 0.472, des_th: 0.4721605695600604,frac_lost: 0.104, li_recovered:  8.714, time: 0.02218834600171249
L: 0.50, u_super: 0.00573, sec: 317.673, prod: 0.129527, t_ads: 33.8, t_des: 30.3, bed_util_ads: 0.500, bed_util_des: 0.500, des_th: 0.4995974203074795,frac_lost: 0.102, li_recovered:  8.312, time: 0.019546248999176896
L: 0.50, u_super: 0.00290, sec: 157.902, prod: 0.064224, t_ads: 66.6, t_des: 65.5, bed_util_ads: 0.485, bed_util_des: 0.484, des_th: 0.4842484979791084,frac_lost: 0.103, li_recovered:  8.483, time: 0.016255833999821334
L: 0.50, u_super: 0.00424, sec: 231.748, prod: 0.095244, t_ads: 45.9, t_des: 40.9, bed_util_ads: 0.499, bed_util_des: 0.499, des_th: 0.49928261223315784,frac_lost: 0.106, li_recovered:  8.266, time: 0.019733350000024075
L: 0.50, u_super: 0.00466, sec: 255.956, prod: 0.104872, t_ads: 41.7, t_des: 37.1, bed_util_ads: 0.500, bed_util_des: 0.500, des_th: 0.4995937321940789,frac_lost: 0.106, li_recovered:  8.272, time: 0.019851066999763134
L: 0.50, u_super: 0.00402, sec: 218.559, prod: 0.090406, t_ads: 48.3, t_des: 44.1, bed_util_ads: 0.495, bed_util_des: 0.495, des_th: 0.49484705027245685,frac_lost: 0.104, li_recovered:  8.354, time: 0.01619774600112578
L: 0.50, u_super: 0.00374, sec: 203.187, prod: 0.083726, t_ads: 52.1, t_des: 46.5, bed_util_ads: 0.498, bed_util_des: 0.498, des_th: 0.49754312799514144,frac_lost: 0.107, li_recovered:  8.257, time: 0.019362755001566256
L: 0.50, u_super: 0.00835, sec: 478.414, prod: 0.189003, t_ads: 23.4, t_des: 21.0, bed_util_ads: 0.500, bed_util_des: 0.500, des_th: 0.49998574063652734,frac_lost: 0.107, li_recovered:  8.404, time: 0.01686394799980917
L: 0.50, u_super: 0.00617, sec: 347.373, prod: 0.138157, t_ads: 31.4, t_des: 30.9, bed_util_ads: 0.488, bed_util_des: 0.487, des_th: 0.4873865191524937,frac_lost: 0.100, li_recovered:  8.601, time: 0.01365983700088691
L: 0.50, u_super: 0.00967, sec: 561.519, prod: 0.219369, t_ads: 20.2, t_des: 18.3, bed_util_ads: 0.500, bed_util_des: 0.499, des_th: 0.49941800771673645,frac_lost: 0.104, li_recovered:  8.440, time: 0.013674646001163637
L: 0.50, u_super: 0.00906, sec: 522.848, prod: 0.205133, t_ads: 21.6, t_des: 19.6, bed_util_ads: 0.499, bed_util_des: 0.498, des_th: 0.4984557331467957,frac_lost: 0.106, li_recovered:  8.448, time: 0.016288171000269358
L: 70.40, u_super: 0.00401 — INFEASIBLE (li_recovered=0.000e+00), time: 0.002264491999085294
L: 0.50, u_super: 0.00464, sec: 254.400, prod: 0.104205, t_ads: 42.0, t_des: 37.3, bed_util_ads: 0.500, bed_util_des: 0.499, des_th: 0.49949924752297453,frac_lost: 0.106, li_recovered:  8.270, time: 0.011020973000995582
L: 0.50, u_super: 0.00864, sec: 495.892, prod: 0.195535, t_ads: 22.6, t_des: 20.3, bed_util_ads: 0.500, bed_util_des: 0.500, des_th: 0.49998574063652734,frac_lost: 0.105, li_recovered:  8.395, time: 0.017021616999045364
L: 0.50, u_super: 0.00031, sec: 19.019, prod: 0.005862, t_ads: 553.5, t_des: 559.8, bed_util_ads: 0.434, bed_util_des: 0.430, des_th: 0.43029980480350055,frac_lost: 0.103, li_recovered:  6.526, time: 0.011421201999837649
L: 17.79, u_super: 0.00742 — INFEASIBLE (li_recovered=0.000e+00), time: 0.004777903999638511
L: 0.50, u_super: 0.00979, sec: 569.912, prod: 0.222058, t_ads: 20.0, t_des: 18.1, bed_util_ads: 0.500, bed_util_des: 0.499, des_th: 0.49941745945752036,frac_lost: 0.105, li_recovered:  8.446, time: 0.013127935000738944
L: 0.50, u_super: 0.00620, sec: 345.550, prod: 0.140226, t_ads: 31.3, t_des: 28.0, bed_util_ads: 0.500, bed_util_des: 0.500, des_th: 0.4995974203074795,frac_lost: 0.101, li_recovered:  8.310, time: 0.014352018999488791
L: 0.50, u_super: 0.00041 — INFEASIBLE (li_recovered=0.000e+00), time: 0.00588194299962197
L: 0.50, u_super: 0.00150, sec: 82.216, prod: 0.032147, t_ads: 128.0, t_des: 107.9, bed_util_ads: 0.499, bed_util_des: 0.499, des_th: 0.4988841021251536,frac_lost: 0.107, li_recovered:  7.586, time: 0.011096946998804924
L: 0.50, u_super: 0.00809, sec: 461.844, prod: 0.183056, t_ads: 24.2, t_des: 22.0, bed_util_ads: 0.498, bed_util_des: 0.498, des_th: 0.49835373107789577,frac_lost: 0.107, li_recovered:  8.449, time: 0.012205263001305866
L: 0.50, u_super: 0.00562, sec: 311.708, prod: 0.126754, t_ads: 34.8, t_des: 31.4, bed_util_ads: 0.499, bed_util_des: 0.499, des_th: 0.49895848049153074,frac_lost: 0.107, li_recovered:  8.381, time: 0.0138682950000657
L: 0.50, u_super: 0.00293, sec: 159.173, prod: 0.065162, t_ads: 65.7, t_des: 57.1, bed_util_ads: 0.500, bed_util_des: 0.500, des_th: 0.4997640200255514,frac_lost: 0.102, li_recovered:  8.000, time: 0.013175089001379092
L: 0.50, u_super: 0.00959, sec: 557.157, prod: 0.217434, t_ads: 20.4, t_des: 18.4, bed_util_ads: 0.500, bed_util_des: 0.500, des_th: 0.49982865048667763,frac_lost: 0.106, li_recovered:  8.443, time: 0.012315721000049962
L: 0.50, u_super: 0.00589, sec: 326.724, prod: 0.133000, t_ads: 33.0, t_des: 29.5, bed_util_ads: 0.500, bed_util_des: 0.500, des_th: 0.49959864982096946,frac_lost: 0.102, li_recovered:  8.308, time: 0.014474060000793543
L: 62.95, u_super: 0.00224 — INFEASIBLE (li_recovered=0.000e+00), time: 0.0021055479992355686
L: 0.50, u_super: 0.00028, sec: 50.386, prod: 0.001814, t_ads: 710.6, t_des: 4104.0, bed_util_ads: 0.240, bed_util_des: 0.185, des_th: 0.1851696623157332,frac_lost: 0.104, li_recovered:  8.734, time: 0.03669764900041628
L: 0.50, u_super: 0.00864, sec: 496.346, prod: 0.195380, t_ads: 22.7, t_des: 20.7, bed_util_ads: 0.498, bed_util_des: 0.498, des_th: 0.49795097322855103,frac_lost: 0.107, li_recovered:  8.484, time: 0.011584533998757252
L: 0.50, u_super: 0.00160, sec: 87.925, prod: 0.034490, t_ads: 119.8, t_des: 100.8, bed_util_ads: 0.499, bed_util_des: 0.499, des_th: 0.4992865277812773,frac_lost: 0.107, li_recovered:  7.609, time: 0.01046761600082391
L: 0.50, u_super: 0.00442, sec: 241.702, prod: 0.099451, t_ads: 44.0, t_des: 39.7, bed_util_ads: 0.498, bed_util_des: 0.498, des_th: 0.4977732698253085,frac_lost: 0.106, li_recovered:  8.332, time: 0.013434727999992901
L: 0.50, u_super: 0.00953, sec: 552.847, prod: 0.215973, t_ads: 20.5, t_des: 18.4, bed_util_ads: 0.500, bed_util_des: 0.500, des_th: 0.49982865048667763,frac_lost: 0.105, li_recovered:  8.399, time: 0.014829219000603189
   859 |    34360 |     40 |  0.0021465411 |             f
L: 0.50, u_super: 0.00976, sec: 567.565, prod: 0.221232, t_ads: 20.0, t_des: 18.4, bed_util_ads: 0.498, bed_util_des: 0.498, des_th: 0.49797268357953306,frac_lost: 0.104, li_recovered:  8.496, time: 0.014817487999607692
L: 0.50, u_super: 0.00815, sec: 465.414, prod: 0.184261, t_ads: 24.0, t_des: 21.5, bed_util_ads: 0.500, bed_util_des: 0.500, des_th: 0.4998701439788785,frac_lost: 0.107, li_recovered:  8.393, time: 0.012726717999612447
L: 0.50, u_super: 0.00794, sec: 454.659, prod: 0.178603, t_ads: 24.7, t_des: 23.4, bed_util_ads: 0.493, bed_util_des: 0.493, des_th: 0.4929820650884573,frac_lost: 0.107, li_recovered:  8.586, time: 0.01615218999904755
L: 0.50, u_super: 0.00864, sec: 495.892, prod: 0.195535, t_ads: 22.6, t_des: 20.3, bed_util_ads: 0.500, bed_util_des: 0.500, des_th: 0.49998574063652734,frac_lost: 0.105, li_recovered:  8.395, time: 0.009216866999850026
L: 0.50, u_super: 0.00906, sec: 522.848, prod: 0.205133, t_ads: 21.6, t_des: 19.6, bed_util_ads: 0.499, bed_util_des: 0.498, des_th: 0.4984557331467957,frac_lost: 0.106, li_recovered:  8.448, time: 0.011728306000804878
L: 0.50, u_super: 0.00060 — INFEASIBLE (li_recovered=0.000e+00), time: 0.011073244999352028
L: 34.21, u_super: 0.00877 — INFEASIBLE (li_recovered=0.000e+00), time: 0.00489724299950467
L: 0.50, u_super: 0.00388, sec: 241.686, prod: 0.076211, t_ads: 50.0, t_des: 63.3, bed_util_ads: 0.454, bed_util_des: 0.453, des_th: 0.4533412277081862,frac_lost: 0.103, li_recovered:  8.632, time: 0.013497332998667844
L: 0.50, u_super: 0.00722, sec: 407.493, prod: 0.163337, t_ads: 27.0, t_des: 24.3, bed_util_ads: 0.500, bed_util_des: 0.499, des_th: 0.49949924752297453,frac_lost: 0.105, li_recovered:  8.390, time: 0.015234021999276592
L: 0.50, u_super: 0.00242, sec: 130.842, prod: 0.053666, t_ads: 79.6, t_des: 76.9, bed_util_ads: 0.487, bed_util_des: 0.486, des_th: 0.4859461476857722,frac_lost: 0.104, li_recovered:  8.403, time: 0.012677423999775783
L: 0.50, u_super: 0.00015 — INFEASIBLE (li_recovered=0.000e+00), time: 0.006848183998954482
L: 11.56, u_super: 0.00794 — INFEASIBLE (li_recovered=0.000e+00), time: 0.008625119000498671
L: 26.50, u_super: 0.00663 — INFEASIBLE (li_recovered=0.000e+00), time: 0.005056669000623515
L: 59.27, u_super: 0.00738 — INFEASIBLE (li_recovered=0.000e+00), time: 0.004163673998846207
L: 0.50, u_super: 0.00494, sec: 271.329, prod: 0.111211, t_ads: 39.4, t_des: 35.1, bed_util_ads: 0.500, bed_util_des: 0.500, des_th: 0.499560522356252,frac_lost: 0.103, li_recovered:  8.284, time: 0.023398299999826122
L: 4.78, u_super: 0.00120 — INFEASIBLE (li_recovered=0.000e+00), time: 0.005038024000896257
L: 0.50, u_super: 0.00374, sec: 206.170, prod: 0.082522, t_ads: 52.1, t_des: 51.7, bed_util_ads: 0.485, bed_util_des: 0.484, des_th: 0.4842484979791084,frac_lost: 0.106, li_recovered:  8.559, time: 0.011428774998421432
L: 5.64, u_super: 0.00005 — INFEASIBLE (li_recovered=0.000e+00), time: 0.002755954999884125
L: 0.50, u_super: 0.00990, sec: 576.282, prod: 0.224705, t_ads: 19.7, t_des: 17.9, bed_util_ads: 0.500, bed_util_des: 0.499, des_th: 0.4994302443396495,frac_lost: 0.103, li_recovered:  8.449, time: 0.017229547000169987
L: 28.47, u_super: 0.00168 — INFEASIBLE (li_recovered=0.000e+00), time: 0.0023732819990982534
L: 4.60, u_super: 0.00738 — INFEASIBLE (li_recovered=0.000e+00), time: 0.011168425000505522
L: 0.50, u_super: 0.00374, sec: 203.187, prod: 0.083726, t_ads: 52.1, t_des: 46.5, bed_util_ads: 0.498, bed_util_des: 0.498, des_th: 0.49754312799514144,frac_lost: 0.107, li_recovered:  8.257, time: 0.012831006999476813
L: 0.50, u_super: 0.00639, sec: 384.620, prod: 0.134053, t_ads: 30.4, t_des: 34.4, bed_util_ads: 0.471, bed_util_des: 0.470, des_th: 0.4704056162278437,frac_lost: 0.100, li_recovered:  8.677, time: 0.014856342999337357
L: 0.50, u_super: 0.00293, sec: 158.654, prod: 0.065375, t_ads: 65.7, t_des: 57.8, bed_util_ads: 0.499, bed_util_des: 0.499, des_th: 0.49858858687990093,frac_lost: 0.102, li_recovered:  8.077, time: 0.015295649000108824
L: 0.50, u_super: 0.00936, sec: 542.423, prod: 0.212058, t_ads: 20.9, t_des: 19.1, bed_util_ads: 0.498, bed_util_des: 0.498, des_th: 0.49798492293292196,frac_lost: 0.106, li_recovered:  8.488, time: 0.01147128699994937
L: 2.50, u_super: 0.00031 — INFEASIBLE (li_recovered=0.000e+00), time: 0.002828226000929135
L: 0.50, u_super: 0.00876, sec: 6701.172, prod: 0.014910, t_ads: 22.4, t_des: 566.8, bed_util_ads: 0.159, bed_util_des: 0.155, des_th: 0.155251801154736,frac_lost: 0.103, li_recovered:  8.785, time: 0.1470443680009339
L: 0.50, u_super: 0.00283, sec: 152.722, prod: 0.062919, t_ads: 68.2, t_des: 60.0, bed_util_ads: 0.499, bed_util_des: 0.499, des_th: 0.49873641058636586,frac_lost: 0.102, li_recovered:  8.063, time: 0.012689786999544594
L: 0.50, u_super: 0.00396, sec: 215.293, prod: 0.088898, t_ads: 49.1, t_des: 44.4, bed_util_ads: 0.498, bed_util_des: 0.497, des_th: 0.49754312799514144,frac_lost: 0.105, li_recovered:  8.314, time: 0.009686346000307822
L: 0.50, u_super: 0.00864, sec: 495.971, prod: 0.195504, t_ads: 22.7, t_des: 20.5, bed_util_ads: 0.500, bed_util_des: 0.499, des_th: 0.4995038124630078,frac_lost: 0.106, li_recovered:  8.445, time: 0.012124038999900222
L: 0.50, u_super: 0.00979, sec: 569.566, prod: 0.222143, t_ads: 19.9, t_des: 18.1, bed_util_ads: 0.500, bed_util_des: 0.499, des_th: 0.4994246217191914,frac_lost: 0.104, li_recovered:  8.449, time: 0.008935719000874087
L: 0.50, u_super: 0.00473, sec: 259.889, prod: 0.106554, t_ads: 41.1, t_des: 36.6, bed_util_ads: 0.500, bed_util_des: 0.500, des_th: 0.49990395384537906,frac_lost: 0.105, li_recovered:  8.277, time: 0.013533871000618092
L: 0.50, u_super: 0.00087, sec: 48.373, prod: 0.018412, t_ads: 215.2, t_des: 219.7, bed_util_ads: 0.467, bed_util_des: 0.464, des_th: 0.4645136645536603,frac_lost: 0.103, li_recovered:  8.007, time: 0.016038808000303106
L: 0.50, u_super: 0.00185, sec: 100.979, prod: 0.040336, t_ads: 103.5, t_des: 88.2, bed_util_ads: 0.499, bed_util_des: 0.499, des_th: 0.4987948430656218,frac_lost: 0.104, li_recovered:  7.730, time: 0.01441411199994036
L: 0.50, u_super: 0.00343, sec: 186.618, prod: 0.076700, t_ads: 56.6, t_des: 49.9, bed_util_ads: 0.500, bed_util_des: 0.499, des_th: 0.4994185921086237,frac_lost: 0.107, li_recovered:  8.171, time: 0.015512529000261566
L: 0.50, u_super: 0.00955, sec: 554.111, prod: 0.216571, t_ads: 20.4, t_des: 18.8, bed_util_ads: 0.497, bed_util_des: 0.497, des_th: 0.4966908409598348,frac_lost: 0.104, li_recovered:  8.498, time: 0.014308669999081758
L: 0.50, u_super: 0.00679, sec: 381.101, prod: 0.153832, t_ads: 28.5, t_des: 25.5, bed_util_ads: 0.500, bed_util_des: 0.500, des_th: 0.49977475223809287,frac_lost: 0.100, li_recovered:  8.316, time: 0.01872698099941772
L: 29.85, u_super: 0.00990 — INFEASIBLE (li_recovered=0.000e+00), time: 0.005292911000651657
L: 0.50, u_super: 0.00021 — INFEASIBLE (li_recovered=0.000e+00), time: 0.006138308001027326
L: 13.85, u_super: 0.00764 — INFEASIBLE (li_recovered=0.000e+00), time: 0.009576159998687217
   860 |    34400 |     40 |  0.0044616923 |             f
L: 0.50, u_super: 0.00573, sec: 317.673, prod: 0.129527, t_ads: 33.8, t_des: 30.3, bed_util_ads: 0.500, bed_util_des: 0.500, des_th: 0.4995974203074795,frac_lost: 0.102, li_recovered:  8.312, time: 0.012909529001262854
L: 6.50, u_super: 0.00762 — INFEASIBLE (li_recovered=0.000e+00), time: 0.009027766998769948
L: 0.50, u_super: 0.00512, sec: 282.279, prod: 0.115412, t_ads: 38.0, t_des: 33.9, bed_util_ads: 0.500, bed_util_des: 0.500, des_th: 0.4995748484887366,frac_lost: 0.104, li_recovered:  8.297, time: 0.014450938000663882
L: 0.50, u_super: 0.00764, sec: 432.573, prod: 0.173038, t_ads: 25.4, t_des: 22.7, bed_util_ads: 0.500, bed_util_des: 0.500, des_th: 0.4998701439788785,frac_lost: 0.101, li_recovered:  8.332, time: 0.01832114500030002
L: 0.50, u_super: 0.00286, sec: 154.500, prod: 0.063631, t_ads: 67.5, t_des: 59.3, bed_util_ads: 0.499, bed_util_des: 0.498, des_th: 0.49852243859723877,frac_lost: 0.102, li_recovered:  8.069, time: 0.011812288999863085
L: 54.32, u_super: 0.00134 — INFEASIBLE (li_recovered=0.000e+00), time: 0.0018066329994326225
L: 0.50, u_super: 0.00708, sec: 414.804, prod: 0.154178, t_ads: 27.7, t_des: 28.6, bed_util_ads: 0.482, bed_util_des: 0.482, des_th: 0.4820574915776762,frac_lost: 0.109, li_recovered:  8.681, time: 0.014101402000960661
L: 0.50, u_super: 0.00649, sec: 362.965, prod: 0.146766, t_ads: 29.9, t_des: 26.7, bed_util_ads: 0.500, bed_util_des: 0.500, des_th: 0.49952789604410974,frac_lost: 0.102, li_recovered:  8.318, time: 0.018754136999632465
L: 0.50, u_super: 0.00678, sec: 381.461, prod: 0.153194, t_ads: 28.8, t_des: 25.9, bed_util_ads: 0.500, bed_util_des: 0.500, des_th: 0.49977475223809287,frac_lost: 0.107, li_recovered:  8.380, time: 0.013485592000506585
L: 0.50, u_super: 0.00012 — INFEASIBLE (li_recovered=0.000e+00), time: 0.003794422998907976
L: 0.50, u_super: 0.00374, sec: 203.442, prod: 0.083621, t_ads: 52.1, t_des: 46.0, bed_util_ads: 0.500, bed_util_des: 0.500, des_th: 0.4997199637953797,frac_lost: 0.107, li_recovered:  8.201, time: 0.01608325400047761
L: 0.50, u_super: 0.00576, sec: 326.423, prod: 0.127189, t_ads: 33.7, t_des: 34.2, bed_util_ads: 0.485, bed_util_des: 0.484, des_th: 0.4842484979791084,frac_lost: 0.102, li_recovered:  8.634, time: 0.014702267999382457
L: 0.50, u_super: 0.00579, sec: 321.423, prod: 0.130856, t_ads: 33.5, t_des: 30.0, bed_util_ads: 0.500, bed_util_des: 0.500, des_th: 0.49986820309127655,frac_lost: 0.102, li_recovered:  8.309, time: 0.015267235999999684
L: 0.50, u_super: 0.00990, sec: 576.985, prod: 0.224432, t_ads: 19.7, t_des: 17.9, bed_util_ads: 0.500, bed_util_des: 0.499, des_th: 0.49940807793170894,frac_lost: 0.105, li_recovered:  8.446, time: 0.015431813999384758
L: 0.50, u_super: 0.00612, sec: 340.767, prod: 0.138504, t_ads: 31.6, t_des: 28.3, bed_util_ads: 0.500, bed_util_des: 0.500, des_th: 0.4995974203074795,frac_lost: 0.100, li_recovered:  8.305, time: 0.01307978099976026
L: 0.50, u_super: 0.00036, sec: 85.449, prod: 0.001805, t_ads: 550.2, t_des: 4347.5, bed_util_ads: 0.221, bed_util_des: 0.171, des_th: 0.17122970983048363,frac_lost: 0.105, li_recovered:  8.842, time: 0.06631467499937571
L: 0.50, u_super: 0.00671, sec: 376.307, prod: 0.151904, t_ads: 28.9, t_des: 25.8, bed_util_ads: 0.500, bed_util_des: 0.500, des_th: 0.49977475223809287,frac_lost: 0.101, li_recovered:  8.312, time: 0.014029677000507945
L: 0.50, u_super: 0.00738, sec: 416.456, prod: 0.167454, t_ads: 26.3, t_des: 23.8, bed_util_ads: 0.500, bed_util_des: 0.499, des_th: 0.49950678037840807,frac_lost: 0.100, li_recovered:  8.390, time: 0.017613539999729255
L: 0.50, u_super: 0.00533, sec: 295.078, prod: 0.119980, t_ads: 36.4, t_des: 34.6, bed_util_ads: 0.492, bed_util_des: 0.492, des_th: 0.49176122771200176,frac_lost: 0.103, li_recovered:  8.522, time: 0.018341291000979254
L: 25.61, u_super: 0.00424 — INFEASIBLE (li_recovered=0.000e+00), time: 0.0032138039987330558
L: 0.50, u_super: 0.00345, sec: 188.732, prod: 0.076709, t_ads: 56.3, t_des: 54.6, bed_util_ads: 0.488, bed_util_des: 0.488, des_th: 0.4877710615688354,frac_lost: 0.107, li_recovered:  8.511, time: 0.01579599299839174
L: 41.18, u_super: 0.00706 — INFEASIBLE (li_recovered=0.000e+00), time: 0.0027412719991843915
L: 0.50, u_super: 0.00474, sec: 260.346, prod: 0.106852, t_ads: 41.0, t_des: 36.9, bed_util_ads: 0.499, bed_util_des: 0.499, des_th: 0.4987534244716977,frac_lost: 0.105, li_recovered:  8.329, time: 0.016318571999363485
L: 0.50, u_super: 0.00031, sec: 19.015, prod: 0.005863, t_ads: 553.9, t_des: 559.9, bed_util_ads: 0.435, bed_util_des: 0.430, des_th: 0.43053285991097023,frac_lost: 0.103, li_recovered:  6.530, time: 0.014851767000436666
L: 0.50, u_super: 0.00049, sec: 106.691, prod: 0.002641, t_ads: 402.3, t_des: 2911.4, bed_util_ads: 0.234, bed_util_des: 0.197, des_th: 0.19686777637681377,frac_lost: 0.103, li_recovered:  8.752, time: 0.05500944200139202
L: 50.64, u_super: 0.00876 — INFEASIBLE (li_recovered=0.000e+00), time: 0.0033444050004618475
L: 0.50, u_super: 0.00066 — INFEASIBLE (li_recovered=0.000e+00), time: 0.005295582999679027
L: 0.50, u_super: 0.00935, sec: 540.970, prod: 0.212082, t_ads: 20.9, t_des: 19.0, bed_util_ads: 0.498, bed_util_des: 0.498, des_th: 0.49798492293292196,frac_lost: 0.104, li_recovered:  8.450, time: 0.015651941999749397
L: 0.50, u_super: 0.00424, sec: 231.381, prod: 0.095395, t_ads: 45.8, t_des: 41.5, bed_util_ads: 0.498, bed_util_des: 0.498, des_th: 0.49757447140152006,frac_lost: 0.105, li_recovered:  8.328, time: 0.011156358999869553
L: 0.50, u_super: 0.00202, sec: 109.942, prod: 0.044231, t_ads: 94.5, t_des: 80.9, bed_util_ads: 0.500, bed_util_des: 0.500, des_th: 0.4995974203074795,frac_lost: 0.100, li_recovered:  7.759, time: 0.0132652459997189
L: 0.50, u_super: 0.00745, sec: 420.792, prod: 0.168736, t_ads: 26.1, t_des: 23.4, bed_util_ads: 0.500, bed_util_des: 0.500, des_th: 0.49960059061793843,frac_lost: 0.101, li_recovered:  8.339, time: 0.013026417000219226
L: 0.50, u_super: 0.00470, sec: 257.942, prod: 0.105949, t_ads: 41.3, t_des: 37.0, bed_util_ads: 0.499, bed_util_des: 0.499, des_th: 0.49853189297784234,frac_lost: 0.104, li_recovered:  8.292, time: 0.011359275000359048
L: 0.50, u_super: 0.00303, sec: 164.305, prod: 0.067639, t_ads: 63.6, t_des: 55.8, bed_util_ads: 0.499, bed_util_des: 0.499, des_th: 0.4987948430656218,frac_lost: 0.102, li_recovered:  8.079, time: 0.015374251999674016
L: 23.67, u_super: 0.00472 — INFEASIBLE (li_recovered=0.000e+00), time: 0.002114664001055644
L: 0.50, u_super: 0.00301, sec: 163.278, prod: 0.067190, t_ads: 64.1, t_des: 56.3, bed_util_ads: 0.499, bed_util_des: 0.499, des_th: 0.49858858687990093,frac_lost: 0.103, li_recovered:  8.086, time: 0.013123808999807807
L: 0.50, u_super: 0.00706, sec: 397.048, prod: 0.160147, t_ads: 27.5, t_des: 24.8, bed_util_ads: 0.500, bed_util_des: 0.499, des_th: 0.49949924752297453,frac_lost: 0.100, li_recovered:  8.376, time: 0.014118000000962638
L: 0.94, u_super: 0.00302, sec: 315.992, prod: 0.065342, t_ads: 119.2, t_des: 101.3, bed_util_ads: 0.498, bed_util_des: 0.498, des_th: 0.49763262438341993,frac_lost: 0.108, li_recovered:  14.412, time: 0.014640006998888566
L: 26.04, u_super: 0.00201 — INFEASIBLE (li_recovered=0.000e+00), time: 0.002428102001431398
L: 0.50, u_super: 0.00593, sec: 329.346, prod: 0.133951, t_ads: 32.8, t_des: 29.3, bed_util_ads: 0.500, bed_util_des: 0.500, des_th: 0.4996160173653404,frac_lost: 0.102, li_recovered:  8.313, time: 0.016059360999861383
L: 0.50, u_super: 0.00514, sec: 282.829, prod: 0.115821, t_ads: 37.8, t_des: 33.9, bed_util_ads: 0.499, bed_util_des: 0.499, des_th: 0.49895848049153074,frac_lost: 0.103, li_recovered:  8.308, time: 0.013620697000078508
   861 |    34440 |     40 |  0.0019676830 |             f
L: 6.11, u_super: 0.00955 — INFEASIBLE (li_recovered=0.000e+00), time: 0.007435980000082054
L: 0.50, u_super: 0.00381, sec: 1710.448, prod: 0.010380, t_ads: 51.4, t_des: 794.8, bed_util_ads: 0.192, bed_util_des: 0.185, des_th: 0.1851696623157332,frac_lost: 0.102, li_recovered:  8.784, time: 0.10834171299939044
L: 35.07, u_super: 0.00794 — INFEASIBLE (li_recovered=0.000e+00), time: 0.004074349999427795
L: 0.50, u_super: 0.00935, sec: 551.785, prod: 0.207925, t_ads: 20.9, t_des: 20.8, bed_util_ads: 0.487, bed_util_des: 0.487, des_th: 0.48724463882956787,frac_lost: 0.106, li_recovered:  8.670, time: 0.01840951299891458
L: 0.50, u_super: 0.00968, sec: 562.543, prod: 0.219348, t_ads: 20.2, t_des: 18.5, bed_util_ads: 0.498, bed_util_des: 0.498, des_th: 0.49757447140152006,frac_lost: 0.105, li_recovered:  8.488, time: 0.012753723000059836
L: 0.50, u_super: 0.00495, sec: 275.987, prod: 0.109828, t_ads: 39.3, t_des: 39.0, bed_util_ads: 0.486, bed_util_des: 0.486, des_th: 0.48582748391259034,frac_lost: 0.103, li_recovered:  8.597, time: 0.008678116999362828
L: 5.68, u_super: 0.00823 — INFEASIBLE (li_recovered=0.000e+00), time: 0.005615774000034435
L: 0.50, u_super: 0.00059 — INFEASIBLE (li_recovered=0.000e+00), time: 0.005799443999421783
L: 0.50, u_super: 0.00906, sec: 522.346, prod: 0.205330, t_ads: 21.6, t_des: 19.6, bed_util_ads: 0.499, bed_util_des: 0.499, des_th: 0.49852472864565217,frac_lost: 0.104, li_recovered:  8.445, time: 0.015469314999791095
L: 1.37, u_super: 0.00939, sec: 1515.367, prod: 0.210202, t_ads: 56.9, t_des: 50.8, bed_util_ads: 0.498, bed_util_des: 0.498, des_th: 0.4979842180644886,frac_lost: 0.107, li_recovered:  22.649, time: 0.013474461000441806
L: 0.50, u_super: 0.00461, sec: 252.714, prod: 0.103653, t_ads: 42.2, t_des: 37.7, bed_util_ads: 0.499, bed_util_des: 0.499, des_th: 0.49852895026019567,frac_lost: 0.106, li_recovered:  8.290, time: 0.009931765000146697
L: 0.50, u_super: 0.00005, sec: 4.486, prod: 0.000694, t_ads: 3401.4, t_des: 6059.8, bed_util_ads: 0.251, bed_util_des: 0.179, des_th: 0.17933190160885448,frac_lost: 0.102, li_recovered:  6.570, time: 0.014826315000391332
L: 0.50, u_super: 0.00303, sec: 164.373, prod: 0.067611, t_ads: 63.7, t_des: 55.9, bed_util_ads: 0.500, bed_util_des: 0.499, des_th: 0.4994189316872567,frac_lost: 0.103, li_recovered:  8.082, time: 0.012024711000776733
L: 0.50, u_super: 0.00593, sec: 329.027, prod: 0.134081, t_ads: 32.7, t_des: 29.6, bed_util_ads: 0.499, bed_util_des: 0.499, des_th: 0.4987173297811449,frac_lost: 0.102, li_recovered:  8.356, time: 0.014447829000346246
L: 2.23, u_super: 0.00840, sec: 2187.233, prod: 0.186185, t_ads: 101.4, t_des: 94.5, bed_util_ads: 0.489, bed_util_des: 0.489, des_th: 0.48878366103937154,frac_lost: 0.101, li_recovered:  36.473, time: 0.016909853999095503
L: 0.50, u_super: 0.00794, sec: 687.691, prod: 0.118081, t_ads: 24.6, t_des: 49.3, bed_util_ads: 0.400, bed_util_des: 0.399, des_th: 0.3989743756494992,frac_lost: 0.104, li_recovered:  8.725, time: 0.019968231001257664
L: 44.71, u_super: 0.00261 — INFEASIBLE (li_recovered=0.000e+00), time: 0.0028031439996993868
L: 0.50, u_super: 0.00343, sec: 186.542, prod: 0.076732, t_ads: 56.6, t_des: 50.0, bed_util_ads: 0.500, bed_util_des: 0.500, des_th: 0.4996392515679405,frac_lost: 0.107, li_recovered:  8.182, time: 0.009851479000644758
L: 0.50, u_super: 0.00491, sec: 269.827, prod: 0.110440, t_ads: 39.7, t_des: 35.4, bed_util_ads: 0.500, bed_util_des: 0.500, des_th: 0.49977475223809287,frac_lost: 0.105, li_recovered:  8.290, time: 0.012798211000699666
L: 0.50, u_super: 0.00867, sec: 498.318, prod: 0.196314, t_ads: 22.6, t_des: 20.4, bed_util_ads: 0.500, bed_util_des: 0.500, des_th: 0.4998940525427833,frac_lost: 0.107, li_recovered:  8.444, time: 0.012217215000418946
L: 0.50, u_super: 0.00005 — INFEASIBLE (li_recovered=0.000e+00), time: 0.002534015000492218
L: 0.50, u_super: 0.00185, sec: 100.979, prod: 0.040336, t_ads: 103.5, t_des: 88.2, bed_util_ads: 0.499, bed_util_des: 0.499, des_th: 0.4987948430656218,frac_lost: 0.104, li_recovered:  7.730, time: 0.009596560001227772
L: 0.50, u_super: 0.00168, sec: 91.538, prod: 0.036435, t_ads: 114.1, t_des: 97.5, bed_util_ads: 0.498, bed_util_des: 0.498, des_th: 0.49798036513950966,frac_lost: 0.105, li_recovered:  7.709, time: 0.014208369999323622
L: 13.23, u_super: 0.00435 — INFEASIBLE (li_recovered=0.000e+00), time: 0.004539974001090741
L: 0.50, u_super: 0.00241, sec: 130.674, prod: 0.053250, t_ads: 80.1, t_des: 69.4, bed_util_ads: 0.500, bed_util_des: 0.500, des_th: 0.499566276192912,frac_lost: 0.106, li_recovered:  7.961, time: 0.007941226000184542
L: 0.50, u_super: 0.00335, sec: 181.715, prod: 0.075015, t_ads: 57.9, t_des: 54.2, bed_util_ads: 0.492, bed_util_des: 0.492, des_th: 0.4919863468894761,frac_lost: 0.106, li_recovered:  8.414, time: 0.01127913700111094
L: 0.50, u_super: 0.00077, sec: 47.245, prod: 0.014580, t_ads: 244.3, t_des: 309.8, bed_util_ads: 0.436, bed_util_des: 0.430, des_th: 0.43053285991097023,frac_lost: 0.101, li_recovered:  8.079, time: 0.013438497999231913
L: 0.50, u_super: 0.00764, sec: 465.912, prod: 0.160656, t_ads: 25.7, t_des: 28.5, bed_util_ads: 0.473, bed_util_des: 0.473, des_th: 0.4727620148170798,frac_lost: 0.108, li_recovered:  8.701, time: 0.01498854700002994
L: 0.50, u_super: 0.00467, sec: 255.817, prod: 0.105178, t_ads: 41.7, t_des: 37.6, bed_util_ads: 0.499, bed_util_des: 0.498, des_th: 0.49845296771643416,frac_lost: 0.105, li_recovered:  8.340, time: 0.012725522999971872
L: 0.50, u_super: 0.00402, sec: 219.455, prod: 0.090234, t_ads: 48.4, t_des: 43.1, bed_util_ads: 0.499, bed_util_des: 0.498, des_th: 0.4983333874647495,frac_lost: 0.107, li_recovered:  8.252, time: 0.010417024999696878
L: 0.50, u_super: 0.00821, sec: 469.045, prod: 0.185695, t_ads: 23.8, t_des: 21.4, bed_util_ads: 0.500, bed_util_des: 0.500, des_th: 0.49986189495909816,frac_lost: 0.106, li_recovered:  8.392, time: 0.013303468000231078
L: 0.50, u_super: 0.00093 — INFEASIBLE (li_recovered=0.000e+00), time: 0.006180864000270958
L: 0.50, u_super: 0.00990, sec: 576.912, prod: 0.224460, t_ads: 19.7, t_des: 17.9, bed_util_ads: 0.499, bed_util_des: 0.499, des_th: 0.4987939190945898,frac_lost: 0.105, li_recovered:  8.447, time: 0.009903681000650977
L: 0.50, u_super: 0.00031, sec: 19.015, prod: 0.005863, t_ads: 553.5, t_des: 560.4, bed_util_ads: 0.434, bed_util_des: 0.430, des_th: 0.43023403881375066,frac_lost: 0.103, li_recovered:  6.531, time: 0.010371225000199047
L: 0.50, u_super: 0.00209, sec: 113.442, prod: 0.045815, t_ads: 91.6, t_des: 78.7, bed_util_ads: 0.500, bed_util_des: 0.500, des_th: 0.49991901272889144,frac_lost: 0.101, li_recovered:  7.802, time: 0.010882332000619499
L: 0.50, u_super: 0.00906, sec: 522.306, prod: 0.205346, t_ads: 21.5, t_des: 19.6, bed_util_ads: 0.499, bed_util_des: 0.498, des_th: 0.4984628327503124,frac_lost: 0.104, li_recovered:  8.445, time: 0.011055528999349917
L: 0.50, u_super: 0.00752, sec: 425.034, prod: 0.170336, t_ads: 25.8, t_des: 23.1, bed_util_ads: 0.500, bed_util_des: 0.500, des_th: 0.49985951692295433,frac_lost: 0.100, li_recovered:  8.333, time: 0.010384440000052564
L: 0.50, u_super: 0.00612, sec: 340.766, prod: 0.138504, t_ads: 31.7, t_des: 28.4, bed_util_ads: 0.499, bed_util_des: 0.499, des_th: 0.49875300999830013,frac_lost: 0.101, li_recovered:  8.323, time: 0.02078700700076297
L: 27.64, u_super: 0.00661 — INFEASIBLE (li_recovered=0.000e+00), time: 0.004095450000022538
L: 0.50, u_super: 0.00840, sec: 481.624, prod: 0.189787, t_ads: 23.3, t_des: 21.6, bed_util_ads: 0.496, bed_util_des: 0.496, des_th: 0.49591105298426463,frac_lost: 0.107, li_recovered:  8.524, time: 0.01429859400013811
   862 |    34480 |     40 |  0.0035364838 |             f
L: 1.28, u_super: 0.00935, sec: 1442.166, prod: 0.204201, t_ads: 53.2, t_des: 54.6, bed_util_ads: 0.481, bed_util_des: 0.480, des_th: 0.48051680893307713,frac_lost: 0.104, li_recovered:  22.029, time: 0.015808377000212204
L: 0.50, u_super: 0.00528, sec: 311.118, prod: 0.111745, t_ads: 37.1, t_des: 40.5, bed_util_ads: 0.474, bed_util_des: 0.474, des_th: 0.4735196152804877,frac_lost: 0.109, li_recovered:  8.666, time: 0.01231712800108653
L: 0.50, u_super: 0.00503, sec: 276.651, prod: 0.113371, t_ads: 38.6, t_des: 34.5, bed_util_ads: 0.500, bed_util_des: 0.500, des_th: 0.4996735567002934,frac_lost: 0.103, li_recovered:  8.290, time: 0.013076187000478967
L: 10.85, u_super: 0.00623 — INFEASIBLE (li_recovered=0.000e+00), time: 0.007738586000414216
L: 3.21, u_super: 0.00246 — INFEASIBLE (li_recovered=0.000e+00), time: 0.008571860000301967
L: 52.03, u_super: 0.00679 — INFEASIBLE (li_recovered=0.000e+00), time: 0.003160207001201343
L: 0.50, u_super: 0.00716, sec: 404.214, prod: 0.161718, t_ads: 27.3, t_des: 24.6, bed_util_ads: 0.500, bed_util_des: 0.500, des_th: 0.49952789604410974,frac_lost: 0.107, li_recovered:  8.395, time: 0.01578924199930043
L: 0.50, u_super: 0.00401, sec: 218.603, prod: 0.090183, t_ads: 48.4, t_des: 43.7, bed_util_ads: 0.498, bed_util_des: 0.498, des_th: 0.49757447140152006,frac_lost: 0.106, li_recovered:  8.305, time: 0.013581212000644882
L: 8.38, u_super: 0.00120 — INFEASIBLE (li_recovered=0.000e+00), time: 0.0028338360007182928
L: 22.24, u_super: 0.00864 — INFEASIBLE (li_recovered=0.000e+00), time: 0.0062857269986125175
L: 0.50, u_super: 0.00326, sec: 176.546, prod: 0.072880, t_ads: 59.1, t_des: 52.2, bed_util_ads: 0.499, bed_util_des: 0.499, des_th: 0.49876665220342065,frac_lost: 0.101, li_recovered:  8.115, time: 0.009537230998830637
L: 10.91, u_super: 0.00616 — INFEASIBLE (li_recovered=0.000e+00), time: 0.008080267998593627
L: 0.50, u_super: 0.00704, sec: 422.028, prod: 0.149375, t_ads: 27.8, t_des: 30.4, bed_util_ads: 0.476, bed_util_des: 0.475, des_th: 0.4754632738769403,frac_lost: 0.107, li_recovered:  8.692, time: 0.015275553998435498
L: 0.50, u_super: 0.00233, sec: 125.682, prod: 0.051606, t_ads: 82.6, t_des: 72.7, bed_util_ads: 0.498, bed_util_des: 0.497, des_th: 0.49754312799514144,frac_lost: 0.103, li_recovered:  8.018, time: 0.016829164000228047
L: 0.50, u_super: 0.00372, sec: 201.922, prod: 0.083398, t_ads: 52.3, t_des: 47.4, bed_util_ads: 0.497, bed_util_des: 0.497, des_th: 0.4968741832328738,frac_lost: 0.107, li_recovered:  8.318, time: 0.016928896000536042
L: 0.50, u_super: 0.00927, sec: 536.278, prod: 0.210051, t_ads: 21.1, t_des: 19.1, bed_util_ads: 0.499, bed_util_des: 0.498, des_th: 0.498463741451002,frac_lost: 0.106, li_recovered:  8.451, time: 0.016778348999650916
L: 50.04, u_super: 0.00940, sec: 104818.696, prod: 0.110812, t_ads: 2018.1, t_des: 5045.8, bed_util_ads: 0.260, bed_util_des: 0.187, des_th: 0.18678784283646202,frac_lost: 0.101, li_recovered:  782.768, time: 0.026129539999601548
L: 0.50, u_super: 0.00598, sec: 332.471, prod: 0.135087, t_ads: 32.6, t_des: 29.4, bed_util_ads: 0.499, bed_util_des: 0.499, des_th: 0.4987173297811449,frac_lost: 0.104, li_recovered:  8.370, time: 0.013838504999512224
L: 0.50, u_super: 0.00365, sec: 197.919, prod: 0.081833, t_ads: 53.3, t_des: 48.8, bed_util_ads: 0.496, bed_util_des: 0.495, des_th: 0.49541393233222364,frac_lost: 0.106, li_recovered:  8.352, time: 0.015804384000148275
L: 0.50, u_super: 0.00065 — INFEASIBLE (li_recovered=0.000e+00), time: 0.007006222000200069
L: 0.50, u_super: 0.00374, sec: 203.063, prod: 0.083777, t_ads: 52.2, t_des: 47.1, bed_util_ads: 0.498, bed_util_des: 0.497, des_th: 0.49754324029325797,frac_lost: 0.108, li_recovered:  8.318, time: 0.015108210000107647
L: 13.99, u_super: 0.00254 — INFEASIBLE (li_recovered=0.000e+00), time: 0.0036529610006255098
L: 0.50, u_super: 0.00305, sec: 167.610, prod: 0.067251, t_ads: 63.1, t_des: 63.7, bed_util_ads: 0.482, bed_util_des: 0.481, des_th: 0.48152404685513905,frac_lost: 0.100, li_recovered:  8.523, time: 0.01656549299877952
L: 0.50, u_super: 0.00393, sec: 214.315, prod: 0.087956, t_ads: 49.5, t_des: 43.6, bed_util_ads: 0.500, bed_util_des: 0.500, des_th: 0.49959864982096946,frac_lost: 0.106, li_recovered:  8.187, time: 0.013552685999457026
L: 0.50, u_super: 0.00186, sec: 100.172, prod: 0.041191, t_ads: 102.5, t_des: 98.6, bed_util_ads: 0.485, bed_util_des: 0.484, des_th: 0.4842484979791084,frac_lost: 0.100, li_recovered:  8.284, time: 0.016434270000900142
L: 0.50, u_super: 0.00005, sec: 4.993, prod: 0.000580, t_ads: 2533.5, t_des: 3391.4, bed_util_ads: 0.255, bed_util_des: 0.226, des_th: 0.22672797564018507,frac_lost: 0.101, li_recovered:  3.435, time: 0.008937579999837908
L: 0.50, u_super: 0.00990, sec: 576.015, prod: 0.224810, t_ads: 19.7, t_des: 17.9, bed_util_ads: 0.500, bed_util_des: 0.499, des_th: 0.49941800771673645,frac_lost: 0.102, li_recovered:  8.443, time: 0.011157241000546492
L: 0.50, u_super: 0.00979, sec: 570.023, prod: 0.221858, t_ads: 20.0, t_des: 18.3, bed_util_ads: 0.498, bed_util_des: 0.498, des_th: 0.49757447140152006,frac_lost: 0.105, li_recovered:  8.500, time: 0.010276998998961062
L: 0.50, u_super: 0.00150, sec: 81.423, prod: 0.032461, t_ads: 128.0, t_des: 110.9, bed_util_ads: 0.496, bed_util_des: 0.496, des_th: 0.49602191908180415,frac_lost: 0.107, li_recovered:  7.753, time: 0.012592189999850234
L: 0.50, u_super: 0.00901, sec: 520.500, prod: 0.203952, t_ads: 21.7, t_des: 20.0, bed_util_ads: 0.498, bed_util_des: 0.498, des_th: 0.49797761683130354,frac_lost: 0.107, li_recovered:  8.503, time: 0.016552393000893062
L: 0.50, u_super: 0.00639, sec: 356.666, prod: 0.144448, t_ads: 30.4, t_des: 27.2, bed_util_ads: 0.500, bed_util_des: 0.500, des_th: 0.49955608678508123,frac_lost: 0.102, li_recovered:  8.317, time: 0.017969939999602502
L: 0.50, u_super: 0.00162, sec: 89.041, prod: 0.034933, t_ads: 118.4, t_des: 99.6, bed_util_ads: 0.500, bed_util_des: 0.500, des_th: 0.49959864982096946,frac_lost: 0.108, li_recovered:  7.615, time: 0.015135568000914645
L: 0.50, u_super: 0.00772, sec: 437.019, prod: 0.175082, t_ads: 25.1, t_des: 22.7, bed_util_ads: 0.500, bed_util_des: 0.500, des_th: 0.49952789604410974,frac_lost: 0.100, li_recovered:  8.380, time: 0.016078286000265507
L: 0.50, u_super: 0.00062, sec: 37.802, prod: 0.011917, t_ads: 298.4, t_des: 364.8, bed_util_ads: 0.436, bed_util_des: 0.430, des_th: 0.43023403881375066,frac_lost: 0.101, li_recovered:  7.903, time: 0.017466522000177065
L: 6.08, u_super: 0.00260 — INFEASIBLE (li_recovered=0.000e+00), time: 0.004174579000391532
L: 0.50, u_super: 0.00053 — INFEASIBLE (li_recovered=0.000e+00), time: 0.009816461000809795
L: 5.95, u_super: 0.00494 — INFEASIBLE (li_recovered=0.000e+00), time: 0.007319045000258484
L: 0.50, u_super: 0.00424, sec: 231.381, prod: 0.095395, t_ads: 45.8, t_des: 41.5, bed_util_ads: 0.498, bed_util_des: 0.498, des_th: 0.49757447140152006,frac_lost: 0.105, li_recovered:  8.328, time: 0.015337499999077409
L: 0.50, u_super: 0.00179, sec: 100.552, prod: 0.037995, t_ads: 107.5, t_des: 114.5, bed_util_ads: 0.471, bed_util_des: 0.470, des_th: 0.469981936639745,frac_lost: 0.107, li_recovered:  8.433, time: 0.01186739500008116
L: 0.50, u_super: 0.00934, sec: 555.334, prod: 0.206029, t_ads: 20.9, t_des: 21.2, bed_util_ads: 0.485, bed_util_des: 0.485, des_th: 0.4845069395556066,frac_lost: 0.105, li_recovered:  8.686, time: 0.014723174999744515
   863 |    34520 |     40 |  0.0022007263 |             f
L: 0.50, u_super: 0.00706, sec: 398.563, prod: 0.159538, t_ads: 27.7, t_des: 24.8, bed_util_ads: 0.500, bed_util_des: 0.499, des_th: 0.4994914120096861,frac_lost: 0.108, li_recovered:  8.381, time: 0.012014961999739171
L: 0.50, u_super: 0.00783, sec: 444.482, prod: 0.177716, t_ads: 24.8, t_des: 22.6, bed_util_ads: 0.498, bed_util_des: 0.498, des_th: 0.49797761683130354,frac_lost: 0.101, li_recovered:  8.430, time: 0.010077527000248665
L: 0.50, u_super: 0.00612, sec: 340.246, prod: 0.138609, t_ads: 31.7, t_des: 28.7, bed_util_ads: 0.499, bed_util_des: 0.499, des_th: 0.49875300999830013,frac_lost: 0.100, li_recovered:  8.362, time: 0.018645045000084792
L: 0.50, u_super: 0.00005, sec: 4.362, prod: 0.000664, t_ads: 3269.6, t_des: 5268.0, bed_util_ads: 0.255, bed_util_des: 0.195, des_th: 0.19577428287636503,frac_lost: 0.101, li_recovered:  5.666, time: 0.027390229000957333
L: 0.50, u_super: 0.00679, sec: 381.270, prod: 0.153764, t_ads: 28.6, t_des: 25.5, bed_util_ads: 0.500, bed_util_des: 0.500, des_th: 0.4998119674296333,frac_lost: 0.101, li_recovered:  8.319, time: 0.01628214599986677
L: 0.50, u_super: 0.00150, sec: 98.935, prod: 0.026715, t_ads: 129.1, t_des: 187.4, bed_util_ads: 0.430, bed_util_des: 0.426, des_th: 0.42608078558955054,frac_lost: 0.106, li_recovered:  8.453, time: 0.02517722899938235
L: 0.50, u_super: 0.00974, sec: 588.001, prod: 0.212922, t_ads: 20.1, t_des: 20.8, bed_util_ads: 0.482, bed_util_des: 0.482, des_th: 0.48195274055810217,frac_lost: 0.105, li_recovered:  8.701, time: 0.029281522000019322
L: 0.50, u_super: 0.00980, sec: 570.697, prod: 0.222086, t_ads: 19.9, t_des: 18.5, bed_util_ads: 0.497, bed_util_des: 0.497, des_th: 0.4966908409598348,frac_lost: 0.104, li_recovered:  8.531, time: 0.02409040000020468
L: 7.92, u_super: 0.00052 — INFEASIBLE (li_recovered=0.000e+00), time: 0.002428877000056673
L: 22.55, u_super: 0.00512 — INFEASIBLE (li_recovered=0.000e+00), time: 0.0039432199992006645
L: 0.50, u_super: 0.00257, sec: 139.449, prod: 0.057034, t_ads: 74.8, t_des: 65.0, bed_util_ads: 0.499, bed_util_des: 0.499, des_th: 0.4987577115437586,frac_lost: 0.103, li_recovered:  7.974, time: 0.03202354300083243
L: 0.50, u_super: 0.00988, sec: 574.933, prod: 0.224073, t_ads: 19.7, t_des: 18.2, bed_util_ads: 0.498, bed_util_des: 0.498, des_th: 0.49757447140152006,frac_lost: 0.103, li_recovered:  8.492, time: 0.025465832999543636
L: 0.50, u_super: 0.00640, sec: 357.457, prod: 0.144917, t_ads: 30.3, t_des: 27.2, bed_util_ads: 0.500, bed_util_des: 0.500, des_th: 0.49955608678508123,frac_lost: 0.101, li_recovered:  8.327, time: 0.02180693799891742
L: 0.50, u_super: 0.00404, sec: 220.644, prod: 0.090509, t_ads: 48.1, t_des: 42.4, bed_util_ads: 0.500, bed_util_des: 0.500, des_th: 0.4996735567002934,frac_lost: 0.106, li_recovered:  8.196, time: 0.015485740999793052
L: 0.50, u_super: 0.00944, sec: 548.267, prod: 0.213692, t_ads: 20.7, t_des: 19.2, bed_util_ads: 0.497, bed_util_des: 0.497, des_th: 0.4966908409598348,frac_lost: 0.106, li_recovered:  8.536, time: 0.020679565999671468
L: 0.50, u_super: 0.00838, sec: 479.746, prod: 0.189508, t_ads: 23.4, t_des: 21.2, bed_util_ads: 0.499, bed_util_des: 0.499, des_th: 0.4993180231757916,frac_lost: 0.107, li_recovered:  8.452, time: 0.012486843999795383
L: 0.50, u_super: 0.00285, sec: 154.105, prod: 0.063326, t_ads: 67.9, t_des: 59.5, bed_util_ads: 0.499, bed_util_des: 0.499, des_th: 0.4987948430656218,frac_lost: 0.104, li_recovered:  8.063, time: 0.021577247000095667
L: 0.50, u_super: 0.00530, sec: 292.628, prod: 0.119563, t_ads: 36.7, t_des: 32.8, bed_util_ads: 0.499, bed_util_des: 0.499, des_th: 0.49895848049153074,frac_lost: 0.104, li_recovered:  8.307, time: 0.012396386999171227
L: 0.50, u_super: 0.00613, sec: 423.033, prod: 0.111765, t_ads: 31.9, t_des: 45.9, bed_util_ads: 0.440, bed_util_des: 0.439, des_th: 0.4390506206160067,frac_lost: 0.105, li_recovered:  8.695, time: 0.017211262998898746
L: 0.50, u_super: 0.00864, sec: 496.143, prod: 0.195437, t_ads: 22.7, t_des: 20.5, bed_util_ads: 0.500, bed_util_des: 0.500, des_th: 0.4999980098916973,frac_lost: 0.107, li_recovered:  8.446, time: 0.011260417000812595
L: 0.50, u_super: 0.00934, sec: 540.690, prod: 0.211576, t_ads: 20.9, t_des: 19.0, bed_util_ads: 0.500, bed_util_des: 0.500, des_th: 0.49993889061201535,frac_lost: 0.106, li_recovered:  8.447, time: 0.01103150699964317
L: 0.50, u_super: 0.00564, sec: 312.137, prod: 0.127595, t_ads: 34.4, t_des: 31.2, bed_util_ads: 0.498, bed_util_des: 0.498, des_th: 0.49757447140152006,frac_lost: 0.102, li_recovered:  8.363, time: 0.013040877998719225
L: 0.50, u_super: 0.00461, sec: 252.621, prod: 0.103691, t_ads: 42.2, t_des: 37.6, bed_util_ads: 0.499, bed_util_des: 0.499, des_th: 0.49860154698491627,frac_lost: 0.105, li_recovered:  8.278, time: 0.011975811999946018
L: 0.74, u_super: 0.00303, sec: 248.651, prod: 0.066464, t_ads: 93.7, t_des: 80.4, bed_util_ads: 0.499, bed_util_des: 0.499, des_th: 0.4987574155283212,frac_lost: 0.101, li_recovered:  11.569, time: 0.008870374000252923
L: 0.50, u_super: 0.00031 — INFEASIBLE (li_recovered=0.000e+00), time: 0.007957424000778701
L: 0.50, u_super: 0.00010 — INFEASIBLE (li_recovered=0.000e+00), time: 0.003122305999568198
L: 0.50, u_super: 0.00159, sec: 85.437, prod: 0.034867, t_ads: 120.6, t_des: 114.6, bed_util_ads: 0.485, bed_util_des: 0.484, des_th: 0.4842484979791084,frac_lost: 0.104, li_recovered:  8.202, time: 0.010802020000483026
L: 0.50, u_super: 0.00541, sec: 298.938, prod: 0.121942, t_ads: 35.9, t_des: 31.8, bed_util_ads: 0.500, bed_util_des: 0.500, des_th: 0.49999464503892943,frac_lost: 0.102, li_recovered:  8.252, time: 0.01261234699995839
L: 0.50, u_super: 0.00923, sec: 533.527, prod: 0.209240, t_ads: 21.1, t_des: 19.0, bed_util_ads: 0.500, bed_util_des: 0.500, des_th: 0.4999898008740124,frac_lost: 0.104, li_recovered:  8.392, time: 0.011825134000901016
L: 0.50, u_super: 0.00748, sec: 424.175, prod: 0.169075, t_ads: 26.2, t_des: 23.5, bed_util_ads: 0.500, bed_util_des: 0.499, des_th: 0.49947794654879846,frac_lost: 0.107, li_recovered:  8.391, time: 0.010956987000099616
L: 0.50, u_super: 0.00399, sec: 217.665, prod: 0.089432, t_ads: 48.7, t_des: 43.0, bed_util_ads: 0.500, bed_util_des: 0.499, des_th: 0.49941800771673645,frac_lost: 0.105, li_recovered:  8.202, time: 0.014406566000616294
L: 0.50, u_super: 0.00016, sec: 20.233, prod: 0.001412, t_ads: 1253.5, t_des: 4733.8, bed_util_ads: 0.254, bed_util_des: 0.185, des_th: 0.1851696623157332,frac_lost: 0.102, li_recovered:  8.454, time: 0.026893266000115545
L: 11.82, u_super: 0.00199 — INFEASIBLE (li_recovered=0.000e+00), time: 0.002024452000114252
L: 0.50, u_super: 0.00601, sec: 333.984, prod: 0.135949, t_ads: 32.2, t_des: 28.9, bed_util_ads: 0.500, bed_util_des: 0.500, des_th: 0.49959864982096946,frac_lost: 0.100, li_recovered:  8.308, time: 0.01439421100076288
L: 0.50, u_super: 0.00063, sec: 35.459, prod: 0.013081, t_ads: 290.9, t_des: 269.5, bed_util_ads: 0.472, bed_util_des: 0.470, des_th: 0.470446638164338,frac_lost: 0.102, li_recovered:  7.331, time: 0.014343875000122353
L: 0.50, u_super: 0.00813, sec: 463.871, prod: 0.183852, t_ads: 24.1, t_des: 22.1, bed_util_ads: 0.498, bed_util_des: 0.498, des_th: 0.49797761683130354,frac_lost: 0.106, li_recovered:  8.485, time: 0.01216500000009546
L: 0.50, u_super: 0.00758, sec: 608.027, prod: 0.121156, t_ads: 25.8, t_des: 46.2, bed_util_ads: 0.414, bed_util_des: 0.413, des_th: 0.41322329640563193,frac_lost: 0.104, li_recovered:  8.720, time: 0.01323253900045529
L: 0.50, u_super: 0.00679, sec: 380.350, prod: 0.153893, t_ads: 28.5, t_des: 25.8, bed_util_ads: 0.499, bed_util_des: 0.499, des_th: 0.49858124667778353,frac_lost: 0.100, li_recovered:  8.368, time: 0.010551240000495454
L: 0.50, u_super: 0.00569, sec: 341.193, prod: 0.118759, t_ads: 34.4, t_des: 38.7, bed_util_ads: 0.471, bed_util_des: 0.470, des_th: 0.4700447323906647,frac_lost: 0.108, li_recovered:  8.675, time: 0.014488933999018627
L: 0.50, u_super: 0.00283, sec: 157.083, prod: 0.061172, t_ads: 68.5, t_des: 71.1, bed_util_ads: 0.478, bed_util_des: 0.477, des_th: 0.47733703354036333,frac_lost: 0.104, li_recovered:  8.540, time: 0.013481150999723468
   864 |    34560 |     40 |  0.0042017162 |             f
L: 0.50, u_super: 0.00407, sec: 221.990, prod: 0.091598, t_ads: 47.6, t_des: 42.6, bed_util_ads: 0.499, bed_util_des: 0.499, des_th: 0.49875300999830013,frac_lost: 0.104, li_recovered:  8.261, time: 0.01606712200009497
L: 0.50, u_super: 0.00150, sec: 82.635, prod: 0.031984, t_ads: 127.7, t_des: 106.4, bed_util_ads: 0.500, bed_util_des: 0.500, des_th: 0.4998738307600604,frac_lost: 0.106, li_recovered:  7.489, time: 0.012229506000949186
L: 0.50, u_super: 0.00876, sec: 4515.912, prod: 0.022155, t_ads: 22.4, t_des: 374.0, bed_util_ads: 0.188, bed_util_des: 0.185, des_th: 0.1851696623157332,frac_lost: 0.104, li_recovered:  8.781, time: 0.112052930999198
L: 0.50, u_super: 0.00209, sec: 118.164, prod: 0.043984, t_ads: 92.5, t_des: 100.4, bed_util_ads: 0.470, bed_util_des: 0.468, des_th: 0.46846178475533806,frac_lost: 0.106, li_recovered:  8.485, time: 0.017084760998841375
L: 0.50, u_super: 0.00120, sec: 65.193, prod: 0.026091, t_ads: 158.0, t_des: 143.4, bed_util_ads: 0.488, bed_util_des: 0.487, des_th: 0.4868304237426696,frac_lost: 0.105, li_recovered:  7.864, time: 0.013240096999652451
L: 0.50, u_super: 0.00593, sec: 328.876, prod: 0.134143, t_ads: 32.7, t_des: 29.7, bed_util_ads: 0.499, bed_util_des: 0.499, des_th: 0.4986921831473164,frac_lost: 0.101, li_recovered:  8.366, time: 0.012412079999194248
L: 0.50, u_super: 0.00955, sec: 554.598, prod: 0.216381, t_ads: 20.5, t_des: 18.8, bed_util_ads: 0.498, bed_util_des: 0.498, des_th: 0.4975988443076095,frac_lost: 0.106, li_recovered:  8.494, time: 0.012699132999841822
L: 0.50, u_super: 0.00739, sec: 418.440, prod: 0.167196, t_ads: 26.4, t_des: 24.0, bed_util_ads: 0.500, bed_util_des: 0.499, des_th: 0.49949924752297453,frac_lost: 0.107, li_recovered:  8.433, time: 0.01297674499983259
L: 0.50, u_super: 0.00896, sec: 517.093, prod: 0.202795, t_ads: 21.8, t_des: 20.1, bed_util_ads: 0.498, bed_util_des: 0.498, des_th: 0.4975599582738485,frac_lost: 0.107, li_recovered:  8.498, time: 0.01574590900054318
L: 0.50, u_super: 0.00813, sec: 463.871, prod: 0.183852, t_ads: 24.1, t_des: 22.1, bed_util_ads: 0.498, bed_util_des: 0.498, des_th: 0.49797761683130354,frac_lost: 0.106, li_recovered:  8.485, time: 0.014710437000758247
L: 0.50, u_super: 0.00309, sec: 166.804, prod: 0.068994, t_ads: 62.5, t_des: 55.5, bed_util_ads: 0.499, bed_util_des: 0.499, des_th: 0.49859244450564305,frac_lost: 0.102, li_recovered:  8.144, time: 0.013256452999485191
L: 0.50, u_super: 0.00727, sec: 411.294, prod: 0.164322, t_ads: 26.9, t_des: 24.4, bed_util_ads: 0.500, bed_util_des: 0.499, des_th: 0.4995307333119601,frac_lost: 0.108, li_recovered:  8.441, time: 0.013720994000323117
L: 0.50, u_super: 0.00016 — INFEASIBLE (li_recovered=0.000e+00), time: 0.004225851000228431
L: 0.50, u_super: 0.00791, sec: 5549.748, prod: 0.014540, t_ads: 24.7, t_des: 579.3, bed_util_ads: 0.164, bed_util_des: 0.160, des_th: 0.16000881940011738,frac_lost: 0.102, li_recovered:  8.783, time: 0.1383337860006577
L: 0.50, u_super: 0.00955, sec: 554.581, prod: 0.216388, t_ads: 20.4, t_des: 19.0, bed_util_ads: 0.497, bed_util_des: 0.497, des_th: 0.4967110019599914,frac_lost: 0.104, li_recovered:  8.531, time: 0.012856573001045035
L: 0.50, u_super: 0.00901, sec: 520.500, prod: 0.203952, t_ads: 21.7, t_des: 20.0, bed_util_ads: 0.498, bed_util_des: 0.498, des_th: 0.49797761683130354,frac_lost: 0.107, li_recovered:  8.503, time: 0.013637693000418949
L: 0.50, u_super: 0.00121, sec: 65.759, prod: 0.026416, t_ads: 156.6, t_des: 145.0, bed_util_ads: 0.485, bed_util_des: 0.484, des_th: 0.4842484979791084,frac_lost: 0.106, li_recovered:  7.968, time: 0.012773761000062223
L: 32.12, u_super: 0.00057 — INFEASIBLE (li_recovered=0.000e+00), time: 0.0013222019988461398
L: 10.92, u_super: 0.00109 — INFEASIBLE (li_recovered=0.000e+00), time: 0.0017433609991712729
L: 0.50, u_super: 0.00646, sec: 360.519, prod: 0.146194, t_ads: 30.1, t_des: 27.2, bed_util_ads: 0.499, bed_util_des: 0.499, des_th: 0.49860154698491627,frac_lost: 0.101, li_recovered:  8.366, time: 0.011024818999430863
L: 0.50, u_super: 0.00666, sec: 436.462, prod: 0.128901, t_ads: 29.3, t_des: 38.1, bed_util_ads: 0.453, bed_util_des: 0.452, des_th: 0.45230784180349104,frac_lost: 0.106, li_recovered:  8.697, time: 0.01424251699972956
L: 0.50, u_super: 0.00987, sec: 589.008, prod: 0.218521, t_ads: 19.8, t_des: 19.9, bed_util_ads: 0.487, bed_util_des: 0.486, des_th: 0.48649634144272164,frac_lost: 0.106, li_recovered:  8.685, time: 0.0142751910007064
L: 20.64, u_super: 0.00109 — INFEASIBLE (li_recovered=0.000e+00), time: 0.0016103639991342789
L: 92.48, u_super: 0.00649 — INFEASIBLE (li_recovered=0.000e+00), time: 0.003197321000698139
L: 0.50, u_super: 0.00258, sec: 139.249, prod: 0.057197, t_ads: 75.0, t_des: 65.8, bed_util_ads: 0.499, bed_util_des: 0.499, des_th: 0.4987577115437586,frac_lost: 0.105, li_recovered:  8.052, time: 0.010783008001453709
L: 0.50, u_super: 0.00794, sec: 451.286, prod: 0.179938, t_ads: 24.4, t_des: 21.8, bed_util_ads: 0.500, bed_util_des: 0.500, des_th: 0.4999925924279509,frac_lost: 0.100, li_recovered:  8.327, time: 0.007867759000873775
L: 0.50, u_super: 0.00679, sec: 380.350, prod: 0.153893, t_ads: 28.5, t_des: 25.8, bed_util_ads: 0.499, bed_util_des: 0.499, des_th: 0.49858124667778353,frac_lost: 0.100, li_recovered:  8.368, time: 0.013822700000673649
L: 0.50, u_super: 0.00967, sec: 561.863, prod: 0.219382, t_ads: 20.2, t_des: 18.1, bed_util_ads: 0.500, bed_util_des: 0.500, des_th: 0.4999911653766456,frac_lost: 0.104, li_recovered:  8.398, time: 0.013143449999915902
L: 31.19, u_super: 0.00424 — INFEASIBLE (li_recovered=0.000e+00), time: 0.0024746109993429855
L: 0.50, u_super: 0.00593, sec: 329.027, prod: 0.134081, t_ads: 32.7, t_des: 29.6, bed_util_ads: 0.499, bed_util_des: 0.499, des_th: 0.4987173297811449,frac_lost: 0.102, li_recovered:  8.356, time: 0.010933935000139172
L: 0.50, u_super: 0.00456, sec: 258.861, prod: 0.098835, t_ads: 42.6, t_des: 44.7, bed_util_ads: 0.480, bed_util_des: 0.479, des_th: 0.4793769831672492,frac_lost: 0.103, li_recovered:  8.628, time: 0.017581829000846483
L: 0.50, u_super: 0.00635, sec: 354.016, prod: 0.143777, t_ads: 30.5, t_des: 27.6, bed_util_ads: 0.499, bed_util_des: 0.499, des_th: 0.4990523044040622,frac_lost: 0.101, li_recovered:  8.365, time: 0.01597282299917424
L: 0.50, u_super: 0.00384, sec: 266.317, prod: 0.067702, t_ads: 50.9, t_des: 76.9, bed_util_ads: 0.432, bed_util_des: 0.430, des_th: 0.430349047561422,frac_lost: 0.108, li_recovered:  8.655, time: 0.016251036000539898
L: 0.50, u_super: 0.00008 — INFEASIBLE (li_recovered=0.000e+00), time: 0.003720446999068372
L: 0.50, u_super: 0.00348, sec: 188.905, prod: 0.077951, t_ads: 55.8, t_des: 49.8, bed_util_ads: 0.498, bed_util_des: 0.498, des_th: 0.49755431040136344,frac_lost: 0.107, li_recovered:  8.236, time: 0.013257599999633385
L: 0.50, u_super: 0.00877, sec: 504.706, prod: 0.198597, t_ads: 22.3, t_des: 20.0, bed_util_ads: 0.500, bed_util_des: 0.500, des_th: 0.49999143258022466,frac_lost: 0.106, li_recovered:  8.405, time: 0.017038207999576116
L: 0.50, u_super: 0.00185, sec: 100.070, prod: 0.040749, t_ads: 103.1, t_des: 90.5, bed_util_ads: 0.496, bed_util_des: 0.496, des_th: 0.496018915157669,frac_lost: 0.101, li_recovered:  7.889, time: 0.010843316000318737
L: 0.50, u_super: 0.00954, sec: 557.791, prod: 0.214846, t_ads: 20.5, t_des: 19.6, bed_util_ads: 0.492, bed_util_des: 0.492, des_th: 0.4916074183960568,frac_lost: 0.104, li_recovered:  8.616, time: 0.0135932059984043
L: 0.50, u_super: 0.00989, sec: 575.863, prod: 0.224183, t_ads: 19.7, t_des: 17.8, bed_util_ads: 0.500, bed_util_des: 0.500, des_th: 0.49986810611063315,frac_lost: 0.104, li_recovered:  8.407, time: 0.015540083000814775
L: 117.80, u_super: 0.00424 — INFEASIBLE (li_recovered=0.000e+00), time: 0.001258016000065254
   865 |    34600 |     40 |  0.0016273755 |             f
L: 0.50, u_super: 0.00932, sec: 539.259, prod: 0.211294, t_ads: 21.0, t_des: 19.0, bed_util_ads: 0.499, bed_util_des: 0.499, des_th: 0.4993180231757916,frac_lost: 0.105, li_recovered:  8.438, time: 0.014725535000252421
L: 0.50, u_super: 0.00371, sec: 201.620, prod: 0.083102, t_ads: 52.5, t_des: 46.9, bed_util_ads: 0.499, bed_util_des: 0.499, des_th: 0.4987577115437586,frac_lost: 0.107, li_recovered:  8.256, time: 0.014813389998380444
L: 0.50, u_super: 0.00794, sec: 451.153, prod: 0.179991, t_ads: 24.5, t_des: 22.1, bed_util_ads: 0.500, bed_util_des: 0.499, des_th: 0.4994294145622028,frac_lost: 0.102, li_recovered:  8.388, time: 0.013002980000237585
L: 0.50, u_super: 0.00740, sec: 419.301, prod: 0.167008, t_ads: 26.5, t_des: 24.3, bed_util_ads: 0.498, bed_util_des: 0.498, des_th: 0.49797761683130354,frac_lost: 0.109, li_recovered:  8.483, time: 0.016918052000619355
L: 0.50, u_super: 0.00303, sec: 164.305, prod: 0.067639, t_ads: 63.6, t_des: 55.8, bed_util_ads: 0.499, bed_util_des: 0.499, des_th: 0.4987948430656218,frac_lost: 0.102, li_recovered:  8.079, time: 0.01245639199987636
L: 0.50, u_super: 0.00415, sec: 233.800, prod: 0.090504, t_ads: 46.7, t_des: 48.4, bed_util_ads: 0.481, bed_util_des: 0.480, des_th: 0.47998211926143575,frac_lost: 0.103, li_recovered:  8.609, time: 0.016713760000129696
L: 0.50, u_super: 0.00351, sec: 1529.749, prod: 0.009792, t_ads: 55.9, t_des: 841.3, bed_util_ads: 0.194, bed_util_des: 0.186, des_th: 0.18646643584518927,frac_lost: 0.104, li_recovered:  8.786, time: 0.07702108600096835
L: 0.50, u_super: 0.00628, sec: 350.122, prod: 0.142006, t_ads: 31.0, t_des: 28.0, bed_util_ads: 0.498, bed_util_des: 0.498, des_th: 0.49800453438615616,frac_lost: 0.103, li_recovered:  8.379, time: 0.00860818500041205
L: 0.50, u_super: 0.00535, sec: 295.265, prod: 0.120842, t_ads: 36.2, t_des: 32.5, bed_util_ads: 0.500, bed_util_des: 0.500, des_th: 0.4996735567002934,frac_lost: 0.102, li_recovered:  8.305, time: 0.010766974999569356
L: 0.50, u_super: 0.00956, sec: 555.294, prod: 0.216698, t_ads: 20.4, t_des: 19.0, bed_util_ads: 0.497, bed_util_des: 0.497, des_th: 0.49663936163688976,frac_lost: 0.104, li_recovered:  8.531, time: 0.008207998000216321
L: 0.50, u_super: 0.00739, sec: 417.361, prod: 0.167629, t_ads: 26.3, t_des: 23.8, bed_util_ads: 0.500, bed_util_des: 0.499, des_th: 0.4994224457498981,frac_lost: 0.101, li_recovered:  8.393, time: 0.009520785000859178
L: 0.50, u_super: 0.00239, sec: 128.883, prod: 0.052929, t_ads: 80.8, t_des: 71.1, bed_util_ads: 0.498, bed_util_des: 0.497, des_th: 0.49754312799514144,frac_lost: 0.105, li_recovered:  8.039, time: 0.009456564001084189
L: 0.50, u_super: 0.00031, sec: 19.061, prod: 0.005849, t_ads: 560.2, t_des: 613.9, bed_util_ads: 0.424, bed_util_des: 0.417, des_th: 0.41726248876011524,frac_lost: 0.102, li_recovered:  6.867, time: 0.009649844001614838
L: 0.50, u_super: 0.00350, sec: 189.921, prod: 0.078261, t_ads: 55.7, t_des: 49.6, bed_util_ads: 0.498, bed_util_des: 0.498, des_th: 0.49792042480070203,frac_lost: 0.108, li_recovered:  8.240, time: 0.011917069999981322
L: 25.72, u_super: 0.00005 — INFEASIBLE (li_recovered=0.000e+00), time: 0.0012926950003020465
L: 0.50, u_super: 0.00686, sec: 400.653, prod: 0.149458, t_ads: 28.5, t_des: 29.5, bed_util_ads: 0.481, bed_util_des: 0.481, des_th: 0.4810562627214108,frac_lost: 0.108, li_recovered:  8.677, time: 0.010118615999090252
L: 59.52, u_super: 0.00059 — INFEASIBLE (li_recovered=0.000e+00), time: 0.0011823450004158076
L: 0.50, u_super: 0.00586, sec: 324.872, prod: 0.132535, t_ads: 33.1, t_des: 30.0, bed_util_ads: 0.499, bed_util_des: 0.499, des_th: 0.49891767320977093,frac_lost: 0.102, li_recovered:  8.362, time: 0.010932785000477452
L: 0.50, u_super: 0.00794, sec: 655.099, prod: 0.123956, t_ads: 24.6, t_des: 45.8, bed_util_ads: 0.409, bed_util_des: 0.408, des_th: 0.4080699251419745,frac_lost: 0.103, li_recovered:  8.722, time: 0.015683596999224392
L: 0.50, u_super: 0.00624, sec: 347.430, prod: 0.141225, t_ads: 31.1, t_des: 28.1, bed_util_ads: 0.499, bed_util_des: 0.499, des_th: 0.49858124667778353,frac_lost: 0.101, li_recovered:  8.365, time: 0.010257391999402898
L: 0.50, u_super: 0.00258, sec: 139.653, prod: 0.057145, t_ads: 74.7, t_des: 65.0, bed_util_ads: 0.499, bed_util_des: 0.499, des_th: 0.49860154698491627,frac_lost: 0.103, li_recovered:  7.984, time: 0.012998084999708226
L: 0.84, u_super: 0.00494, sec: 461.757, prod: 0.109944, t_ads: 65.7, t_des: 57.7, bed_util_ads: 0.500, bed_util_des: 0.500, des_th: 0.49957049481511506,frac_lost: 0.102, li_recovered:  13.568, time: 0.010880589999942458
L: 0.50, u_super: 0.00901, sec: 519.432, prod: 0.204215, t_ads: 21.7, t_des: 19.5, bed_util_ads: 0.500, bed_util_des: 0.499, des_th: 0.49949924752297453,frac_lost: 0.104, li_recovered:  8.394, time: 0.011977734999163658
L: 38.27, u_super: 0.00031 — INFEASIBLE (li_recovered=0.000e+00), time: 0.0012988930011488264
L: 0.50, u_super: 0.00112 — INFEASIBLE (li_recovered=0.000e+00), time: 0.0076790820003225235
L: 0.50, u_super: 0.00014 — INFEASIBLE (li_recovered=0.000e+00), time: 0.005467828999826452
L: 13.34, u_super: 0.00947 — INFEASIBLE (li_recovered=0.000e+00), time: 0.007177663001129986
L: 0.50, u_super: 0.00126, sec: 68.201, prod: 0.027569, t_ads: 150.0, t_des: 139.3, bed_util_ads: 0.485, bed_util_des: 0.484, des_th: 0.4842484979791084,frac_lost: 0.102, li_recovered:  7.977, time: 0.00980939700093586
L: 0.50, u_super: 0.00393, sec: 214.154, prod: 0.088358, t_ads: 49.5, t_des: 45.2, bed_util_ads: 0.496, bed_util_des: 0.495, des_th: 0.49546541165516866,frac_lost: 0.107, li_recovered:  8.361, time: 0.013029822001044522
L: 5.24, u_super: 0.00990 — INFEASIBLE (li_recovered=0.000e+00), time: 0.006333896000796813
L: 0.50, u_super: 0.00826, sec: 472.435, prod: 0.186805, t_ads: 23.7, t_des: 21.5, bed_util_ads: 0.499, bed_util_des: 0.499, des_th: 0.4993180231757916,frac_lost: 0.108, li_recovered:  8.446, time: 0.011732249000488082
L: 0.50, u_super: 0.00530, sec: 292.063, prod: 0.119795, t_ads: 36.6, t_des: 33.2, bed_util_ads: 0.498, bed_util_des: 0.498, des_th: 0.4982142059738642,frac_lost: 0.102, li_recovered:  8.357, time: 0.013468834000377683
L: 0.50, u_super: 0.00897, sec: 517.524, prod: 0.203089, t_ads: 21.8, t_des: 19.7, bed_util_ads: 0.499, bed_util_des: 0.499, des_th: 0.49885203509615983,frac_lost: 0.107, li_recovered:  8.438, time: 0.014204197999788448
L: 0.50, u_super: 0.00519, sec: 286.002, prod: 0.117297, t_ads: 37.4, t_des: 33.8, bed_util_ads: 0.498, bed_util_des: 0.498, des_th: 0.49757447140152006,frac_lost: 0.102, li_recovered:  8.351, time: 0.017715115998726105
L: 0.50, u_super: 0.00114, sec: 62.952, prod: 0.024460, t_ads: 166.0, t_des: 168.5, bed_util_ads: 0.472, bed_util_des: 0.470, des_th: 0.46995604238702005,frac_lost: 0.105, li_recovered:  8.183, time: 0.012462659000448184
L: 0.50, u_super: 0.00236, sec: 127.731, prod: 0.052124, t_ads: 81.7, t_des: 79.7, bed_util_ads: 0.485, bed_util_des: 0.484, des_th: 0.483785906959687,frac_lost: 0.104, li_recovered:  8.415, time: 0.01344724199952907
L: 0.50, u_super: 0.00557, sec: 307.589, prod: 0.125931, t_ads: 34.8, t_des: 31.6, bed_util_ads: 0.498, bed_util_des: 0.498, des_th: 0.4975595258175849,frac_lost: 0.101, li_recovered:  8.368, time: 0.013281350999022834
L: 0.50, u_super: 0.00461, sec: 256.095, prod: 0.102284, t_ads: 42.2, t_des: 41.8, bed_util_ads: 0.487, bed_util_des: 0.487, des_th: 0.4866006542277358,frac_lost: 0.104, li_recovered:  8.586, time: 0.015550381998764351
L: 0.50, u_super: 0.00955, sec: 554.111, prod: 0.216571, t_ads: 20.4, t_des: 18.8, bed_util_ads: 0.497, bed_util_des: 0.497, des_th: 0.4966908409598348,frac_lost: 0.104, li_recovered:  8.498, time: 0.02172481000161497
L: 0.50, u_super: 0.00849, sec: 486.543, prod: 0.192088, t_ads: 23.1, t_des: 20.9, bed_util_ads: 0.500, bed_util_des: 0.500, des_th: 0.49998574063652734,frac_lost: 0.107, li_recovered:  8.436, time: 0.014166668999678222
   866 |    34640 |     40 |  0.0044699947 |             f
L: 0.50, u_super: 0.00760, sec: 460.728, prod: 0.160874, t_ads: 25.8, t_des: 28.3, bed_util_ads: 0.475, bed_util_des: 0.474, des_th: 0.4744523935531286,frac_lost: 0.108, li_recovered:  8.700, time: 0.019860537000568
L: 0.50, u_super: 0.00005, sec: 4.324, prod: 0.000669, t_ads: 3431.3, t_des: 5857.7, bed_util_ads: 0.252, bed_util_des: 0.185, des_th: 0.1851696623157332,frac_lost: 0.102, li_recovered:  6.219, time: 0.026238571999783744
L: 13.06, u_super: 0.00303 — INFEASIBLE (li_recovered=0.000e+00), time: 0.003750715000933269
L: 0.50, u_super: 0.00427, sec: 233.402, prod: 0.096014, t_ads: 45.6, t_des: 42.1, bed_util_ads: 0.495, bed_util_des: 0.494, des_th: 0.49433293736528067,frac_lost: 0.107, li_recovered:  8.418, time: 0.022974953999437275
L: 0.50, u_super: 0.00533, sec: 294.365, prod: 0.120308, t_ads: 36.4, t_des: 32.5, bed_util_ads: 0.500, bed_util_des: 0.499, des_th: 0.4994294145622028,frac_lost: 0.103, li_recovered:  8.295, time: 0.015011857998615596
L: 0.50, u_super: 0.00311, sec: 168.266, prod: 0.069478, t_ads: 62.2, t_des: 55.1, bed_util_ads: 0.499, bed_util_des: 0.499, des_th: 0.49858124667778353,frac_lost: 0.104, li_recovered:  8.150, time: 0.015922821999993175
L: 0.50, u_super: 0.00025 — INFEASIBLE (li_recovered=0.000e+00), time: 0.005177087999982177
L: 0.50, u_super: 0.00103, sec: 56.241, prod: 0.022357, t_ads: 181.4, t_des: 168.6, bed_util_ads: 0.482, bed_util_des: 0.481, des_th: 0.4810562627214108,frac_lost: 0.101, li_recovered:  7.825, time: 0.01781354499871668
L: 0.50, u_super: 0.00932, sec: 539.365, prod: 0.211253, t_ads: 21.0, t_des: 19.0, bed_util_ads: 0.499, bed_util_des: 0.499, des_th: 0.4991725739501281,frac_lost: 0.105, li_recovered:  8.444, time: 0.016632290000416106
L: 0.50, u_super: 0.00824, sec: 471.410, prod: 0.186360, t_ads: 23.8, t_des: 21.6, bed_util_ads: 0.499, bed_util_des: 0.499, des_th: 0.49883828479982284,frac_lost: 0.108, li_recovered:  8.451, time: 0.022702999000102864
L: 0.50, u_super: 0.00919, sec: 531.034, prod: 0.208326, t_ads: 21.3, t_des: 19.3, bed_util_ads: 0.500, bed_util_des: 0.499, des_th: 0.49949924752297453,frac_lost: 0.105, li_recovered:  8.437, time: 0.015095373000804102
L: 0.50, u_super: 0.00461, sec: 252.679, prod: 0.103667, t_ads: 42.2, t_des: 37.6, bed_util_ads: 0.500, bed_util_des: 0.499, des_th: 0.4995211345712676,frac_lost: 0.105, li_recovered:  8.278, time: 0.013389052999627893
L: 0.50, u_super: 0.00059, sec: 142.239, prod: 0.002895, t_ads: 334.0, t_des: 2698.7, bed_util_ads: 0.229, bed_util_des: 0.195, des_th: 0.195469347337328,frac_lost: 0.106, li_recovered:  8.781, time: 0.05290689599860343
L: 10.68, u_super: 0.00907 — INFEASIBLE (li_recovered=0.000e+00), time: 0.010311134001312894
L: 0.50, u_super: 0.00694, sec: 390.917, prod: 0.156571, t_ads: 28.3, t_des: 25.6, bed_util_ads: 0.500, bed_util_des: 0.499, des_th: 0.4994224457498981,frac_lost: 0.109, li_recovered:  8.429, time: 0.012247000000570551
L: 0.50, u_super: 0.00233, sec: 125.383, prod: 0.051621, t_ads: 82.9, t_des: 79.1, bed_util_ads: 0.487, bed_util_des: 0.486, des_th: 0.4861623661359047,frac_lost: 0.104, li_recovered:  8.360, time: 0.015492534999793861
L: 0.50, u_super: 0.00063, sec: 35.459, prod: 0.013081, t_ads: 290.9, t_des: 269.5, bed_util_ads: 0.472, bed_util_des: 0.470, des_th: 0.470446638164338,frac_lost: 0.102, li_recovered:  7.331, time: 0.013433503998385277
L: 29.01, u_super: 0.00129 — INFEASIBLE (li_recovered=0.000e+00), time: 0.0017292400007136166
L: 0.50, u_super: 0.00326, sec: 176.632, prod: 0.072845, t_ads: 59.2, t_des: 52.1, bed_util_ads: 0.499, bed_util_des: 0.499, des_th: 0.49893510629065074,frac_lost: 0.101, li_recovered:  8.108, time: 0.009501878999799374
L: 0.50, u_super: 0.00860, sec: 494.312, prod: 0.194658, t_ads: 22.7, t_des: 20.4, bed_util_ads: 0.500, bed_util_des: 0.500, des_th: 0.4999987633712294,frac_lost: 0.107, li_recovered:  8.391, time: 0.014186518999849795
L: 0.50, u_super: 0.00754, sec: 428.100, prod: 0.170302, t_ads: 26.0, t_des: 23.6, bed_util_ads: 0.500, bed_util_des: 0.500, des_th: 0.499560522356252,frac_lost: 0.109, li_recovered:  8.446, time: 0.013237213999673259
L: 0.50, u_super: 0.00686, sec: 386.278, prod: 0.154973, t_ads: 28.5, t_des: 25.9, bed_util_ads: 0.498, bed_util_des: 0.498, des_th: 0.49792042480070203,frac_lost: 0.108, li_recovered:  8.431, time: 0.014282083999205497
L: 0.50, u_super: 0.00989, sec: 626.378, prod: 0.206484, t_ads: 19.7, t_des: 22.5, bed_util_ads: 0.470, bed_util_des: 0.470, des_th: 0.469981936639745,frac_lost: 0.103, li_recovered:  8.715, time: 0.013847187999999733
L: 0.50, u_super: 0.00492, sec: 270.326, prod: 0.110756, t_ads: 39.5, t_des: 35.2, bed_util_ads: 0.500, bed_util_des: 0.499, des_th: 0.4994314316527285,frac_lost: 0.103, li_recovered:  8.270, time: 0.012226709999595187
L: 0.50, u_super: 0.00967, sec: 561.863, prod: 0.219382, t_ads: 20.2, t_des: 18.1, bed_util_ads: 0.500, bed_util_des: 0.500, des_th: 0.4999911653766456,frac_lost: 0.104, li_recovered:  8.398, time: 0.010445407999213785
L: 0.50, u_super: 0.00031, sec: 18.987, prod: 0.005871, t_ads: 554.6, t_des: 566.7, bed_util_ads: 0.433, bed_util_des: 0.429, des_th: 0.4288205639855279,frac_lost: 0.103, li_recovered:  6.583, time: 0.020390161000250373
L: 0.50, u_super: 0.00424, sec: 232.790, prod: 0.094818, t_ads: 45.9, t_des: 44.0, bed_util_ads: 0.490, bed_util_des: 0.490, des_th: 0.49006832545719,frac_lost: 0.105, li_recovered:  8.522, time: 0.015869479000684805
L: 0.50, u_super: 0.00344, sec: 187.046, prod: 0.076806, t_ads: 56.6, t_des: 49.9, bed_util_ads: 0.500, bed_util_des: 0.500, des_th: 0.4999765677188911,frac_lost: 0.109, li_recovered:  8.180, time: 0.01183040800060553
L: 0.50, u_super: 0.00641, sec: 358.060, prod: 0.145055, t_ads: 30.3, t_des: 27.3, bed_util_ads: 0.500, bed_util_des: 0.499, des_th: 0.49952789604410974,frac_lost: 0.103, li_recovered:  8.361, time: 0.021212318999459967
L: 0.50, u_super: 0.00005 — INFEASIBLE (li_recovered=0.000e+00), time: 0.0022337490008794703
L: 0.50, u_super: 0.00680, sec: 382.409, prod: 0.153700, t_ads: 28.7, t_des: 26.1, bed_util_ads: 0.499, bed_util_des: 0.499, des_th: 0.49859669146712343,frac_lost: 0.107, li_recovered:  8.424, time: 0.016885024999282905
L: 0.50, u_super: 0.00939, sec: 543.747, prod: 0.212689, t_ads: 20.8, t_des: 18.9, bed_util_ads: 0.499, bed_util_des: 0.499, des_th: 0.4989605660562403,frac_lost: 0.106, li_recovered:  8.451, time: 0.017131075999714085
L: 2.80, u_super: 0.00494 — INFEASIBLE (li_recovered=0.000e+00), time: 0.006323908999547712
L: 0.50, u_super: 0.00649, sec: 362.488, prod: 0.146993, t_ads: 29.9, t_des: 27.0, bed_util_ads: 0.499, bed_util_des: 0.499, des_th: 0.49858124667778353,frac_lost: 0.101, li_recovered:  8.369, time: 0.012723447000098531
L: 71.30, u_super: 0.00059 — INFEASIBLE (li_recovered=0.000e+00), time: 0.0011211870005354285
L: 0.50, u_super: 0.00289, sec: 163.868, prod: 0.061544, t_ads: 66.7, t_des: 72.3, bed_util_ads: 0.473, bed_util_des: 0.472, des_th: 0.47218206555795483,frac_lost: 0.102, li_recovered:  8.559, time: 0.015375705999758793
L: 0.50, u_super: 0.00048, sec: 113.940, prod: 0.002347, t_ads: 413.2, t_des: 3328.7, bed_util_ads: 0.225, bed_util_des: 0.185, des_th: 0.1851696623157332,frac_lost: 0.102, li_recovered:  8.784, time: 0.069055447998835
L: 0.50, u_super: 0.00822, sec: 470.533, prod: 0.185961, t_ads: 23.8, t_des: 21.3, bed_util_ads: 0.500, bed_util_des: 0.500, des_th: 0.49998574063652734,frac_lost: 0.108, li_recovered:  8.396, time: 0.015520201000981615
L: 0.50, u_super: 0.00953, sec: 552.463, prod: 0.216290, t_ads: 20.5, t_des: 18.6, bed_util_ads: 0.499, bed_util_des: 0.499, des_th: 0.4987800360073545,frac_lost: 0.103, li_recovered:  8.454, time: 0.01934845200048585
L: 0.50, u_super: 0.00581, sec: 328.514, prod: 0.128709, t_ads: 33.4, t_des: 33.6, bed_util_ads: 0.485, bed_util_des: 0.485, des_th: 0.4849136212331513,frac_lost: 0.102, li_recovered:  8.627, time: 0.0168210870015173
   867 |    34680 |     40 |  0.0032720428 |             f
L: 0.50, u_super: 0.00967, sec: 574.743, prod: 0.214466, t_ads: 20.2, t_des: 20.3, bed_util_ads: 0.487, bed_util_des: 0.486, des_th: 0.48637165151511114,frac_lost: 0.103, li_recovered:  8.680, time: 0.01924334600153088
L: 0.50, u_super: 0.00612, sec: 340.246, prod: 0.138609, t_ads: 31.7, t_des: 28.7, bed_util_ads: 0.499, bed_util_des: 0.499, des_th: 0.49875300999830013,frac_lost: 0.100, li_recovered:  8.362, time: 0.01683418499851541
L: 48.86, u_super: 0.00289 — INFEASIBLE (li_recovered=0.000e+00), time: 0.00216577700120979
L: 17.07, u_super: 0.00371 — INFEASIBLE (li_recovered=0.000e+00), time: 0.0024717659998714225
L: 0.50, u_super: 0.00979, sec: 781.980, prod: 0.161697, t_ads: 19.9, t_des: 34.0, bed_util_ads: 0.420, bed_util_des: 0.419, des_th: 0.41942862111051343,frac_lost: 0.103, li_recovered:  8.729, time: 0.01577296200048295
L: 0.50, u_super: 0.00103, sec: 56.226, prod: 0.022363, t_ads: 181.4, t_des: 169.0, bed_util_ads: 0.482, bed_util_des: 0.481, des_th: 0.48094613572002204,frac_lost: 0.101, li_recovered:  7.836, time: 0.012483185000746744
L: 55.82, u_super: 0.00574 — INFEASIBLE (li_recovered=0.000e+00), time: 0.0026763740006572334
L: 0.50, u_super: 0.00012 — INFEASIBLE (li_recovered=0.000e+00), time: 0.004288065998480306
L: 0.50, u_super: 0.00901, sec: 527.050, prod: 0.201263, t_ads: 21.7, t_des: 21.3, bed_util_ads: 0.489, bed_util_des: 0.489, des_th: 0.48853077569823095,frac_lost: 0.104, li_recovered:  8.652, time: 0.014048132999960217
L: 0.50, u_super: 0.00461, sec: 252.677, prod: 0.103668, t_ads: 42.3, t_des: 38.1, bed_util_ads: 0.499, bed_util_des: 0.499, des_th: 0.4985866551916028,frac_lost: 0.107, li_recovered:  8.340, time: 0.011296758999378653
L: 0.50, u_super: 0.00301, sec: 205.568, prod: 0.053229, t_ads: 64.6, t_des: 97.3, bed_util_ads: 0.432, bed_util_des: 0.430, des_th: 0.42974702669020864,frac_lost: 0.105, li_recovered:  8.616, time: 0.014154985001368914
L: 0.50, u_super: 0.00916, sec: 550.672, prod: 0.199535, t_ads: 21.3, t_des: 22.3, bed_util_ads: 0.481, bed_util_des: 0.481, des_th: 0.48067639715203736,frac_lost: 0.103, li_recovered:  8.698, time: 0.014713153999764472
L: 0.50, u_super: 0.00473, sec: 259.438, prod: 0.106467, t_ads: 41.2, t_des: 37.1, bed_util_ads: 0.499, bed_util_des: 0.499, des_th: 0.49875323437432373,frac_lost: 0.106, li_recovered:  8.332, time: 0.012372633998893434
L: 0.50, u_super: 0.00564, sec: 340.859, prod: 0.116843, t_ads: 34.4, t_des: 39.8, bed_util_ads: 0.467, bed_util_des: 0.466, des_th: 0.46622924144401556,frac_lost: 0.101, li_recovered:  8.668, time: 0.011134889000459225
L: 0.50, u_super: 0.00651, sec: 363.573, prod: 0.147337, t_ads: 29.8, t_des: 27.0, bed_util_ads: 0.499, bed_util_des: 0.499, des_th: 0.49858124667778353,frac_lost: 0.102, li_recovered:  8.373, time: 0.012788161000571563
L: 0.50, u_super: 0.00987, sec: 574.517, prod: 0.224045, t_ads: 19.8, t_des: 18.0, bed_util_ads: 0.500, bed_util_des: 0.499, des_th: 0.49945593709719277,frac_lost: 0.103, li_recovered:  8.452, time: 0.009464987000683323
L: 18.89, u_super: 0.00949, sec: 68549.778, prod: 0.065315, t_ads: 792.8, t_des: 4243.0, bed_util_ads: 0.243, bed_util_des: 0.185, des_th: 0.1851696623157332,frac_lost: 0.104, li_recovered:  328.911, time: 0.047708037000120385
L: 0.50, u_super: 0.00740, sec: 418.808, prod: 0.167136, t_ads: 26.5, t_des: 23.7, bed_util_ads: 0.500, bed_util_des: 0.499, des_th: 0.49949924752297453,frac_lost: 0.107, li_recovered:  8.387, time: 0.015971369000908453
L: 0.50, u_super: 0.00233, sec: 126.157, prod: 0.051305, t_ads: 83.2, t_des: 72.0, bed_util_ads: 0.500, bed_util_des: 0.499, des_th: 0.4995056447826057,frac_lost: 0.108, li_recovered:  7.961, time: 0.011994313001196133
L: 0.50, u_super: 0.00303, sec: 163.930, prod: 0.067543, t_ads: 63.7, t_des: 56.0, bed_util_ads: 0.499, bed_util_des: 0.499, des_th: 0.4987577115437586,frac_lost: 0.102, li_recovered:  8.083, time: 0.0115983129999222
L: 0.50, u_super: 0.00906, sec: 523.019, prod: 0.205166, t_ads: 21.6, t_des: 19.6, bed_util_ads: 0.500, bed_util_des: 0.499, des_th: 0.4994294145622028,frac_lost: 0.107, li_recovered:  8.447, time: 0.01911435800138861
L: 0.50, u_super: 0.00090, sec: 49.822, prod: 0.019202, t_ads: 208.4, t_des: 186.2, bed_util_ads: 0.485, bed_util_des: 0.484, des_th: 0.4842484979791084,frac_lost: 0.107, li_recovered:  7.576, time: 0.02148726599989459
L: 0.50, u_super: 0.00007 — INFEASIBLE (li_recovered=0.000e+00), time: 0.00233619800019369
L: 35.82, u_super: 0.00990 — INFEASIBLE (li_recovered=0.000e+00), time: 0.004656107999835513
L: 0.50, u_super: 0.00317, sec: 171.126, prod: 0.070839, t_ads: 60.9, t_des: 54.2, bed_util_ads: 0.498, bed_util_des: 0.498, des_th: 0.49757447140152006,frac_lost: 0.102, li_recovered:  8.156, time: 0.01165959499849123
L: 0.50, u_super: 0.00764, sec: 3249.213, prod: 0.023083, t_ads: 25.7, t_des: 354.7, bed_util_ads: 0.203, bed_util_des: 0.200, des_th: 0.19955420714864855,frac_lost: 0.105, li_recovered:  8.780, time: 0.09175038400098856
L: 25.38, u_super: 0.00739 — INFEASIBLE (li_recovered=0.000e+00), time: 0.005175231000976055
L: 0.50, u_super: 0.00233, sec: 125.383, prod: 0.051621, t_ads: 82.9, t_des: 79.1, bed_util_ads: 0.487, bed_util_des: 0.486, des_th: 0.4861623661359047,frac_lost: 0.104, li_recovered:  8.360, time: 0.015265611000359058
L: 0.50, u_super: 0.00126, sec: 68.201, prod: 0.027569, t_ads: 150.0, t_des: 139.3, bed_util_ads: 0.485, bed_util_des: 0.484, des_th: 0.4842484979791084,frac_lost: 0.102, li_recovered:  7.977, time: 0.015461424000022816
L: 0.50, u_super: 0.00025 — INFEASIBLE (li_recovered=0.000e+00), time: 0.004646403998776805
L: 17.06, u_super: 0.00610 — INFEASIBLE (li_recovered=0.000e+00), time: 0.004115937999813468
L: 0.50, u_super: 0.00752, sec: 425.176, prod: 0.170682, t_ads: 25.8, t_des: 23.6, bed_util_ads: 0.498, bed_util_des: 0.498, des_th: 0.49800064795368776,frac_lost: 0.101, li_recovered:  8.436, time: 0.014545649000865524
L: 0.50, u_super: 0.00300, sec: 162.215, prod: 0.066768, t_ads: 64.4, t_des: 56.6, bed_util_ads: 0.499, bed_util_des: 0.499, des_th: 0.4987287228138269,frac_lost: 0.103, li_recovered:  8.079, time: 0.014279987000918481
L: 0.50, u_super: 0.00007 — INFEASIBLE (li_recovered=0.000e+00), time: 0.003159230998790008
L: 0.50, u_super: 0.00645, sec: 394.319, prod: 0.133346, t_ads: 30.3, t_des: 34.8, bed_util_ads: 0.469, bed_util_des: 0.468, des_th: 0.4684182805918232,frac_lost: 0.107, li_recovered:  8.688, time: 0.019864055999278207
L: 0.50, u_super: 0.00209, sec: 147.592, prod: 0.035214, t_ads: 92.3, t_des: 150.6, bed_util_ads: 0.419, bed_util_des: 0.416, des_th: 0.4161712309983565,frac_lost: 0.101, li_recovered:  8.554, time: 0.02300034000109008
L: 0.50, u_super: 0.00487, sec: 267.756, prod: 0.109573, t_ads: 40.0, t_des: 35.6, bed_util_ads: 0.500, bed_util_des: 0.499, des_th: 0.49945048277092646,frac_lost: 0.105, li_recovered:  8.283, time: 0.016489956000441452
L: 0.50, u_super: 0.00903, sec: 533.131, prod: 0.199938, t_ads: 21.7, t_des: 21.7, bed_util_ads: 0.486, bed_util_des: 0.486, des_th: 0.48619948175569794,frac_lost: 0.106, li_recovered:  8.677, time: 0.014322543998787296
L: 0.50, u_super: 0.00461, sec: 252.621, prod: 0.103691, t_ads: 42.2, t_des: 37.6, bed_util_ads: 0.499, bed_util_des: 0.499, des_th: 0.49860154698491627,frac_lost: 0.105, li_recovered:  8.278, time: 0.015915554000457632
L: 0.50, u_super: 0.00617, sec: 343.197, prod: 0.139672, t_ads: 31.4, t_des: 28.5, bed_util_ads: 0.499, bed_util_des: 0.499, des_th: 0.4987439863638714,frac_lost: 0.101, li_recovered:  8.368, time: 0.014426641999307321
   868 |    34720 |     40 |  0.0014092688 |             f
L: 0.50, u_super: 0.00683, sec: 383.016, prod: 0.154824, t_ads: 28.4, t_des: 25.7, bed_util_ads: 0.499, bed_util_des: 0.499, des_th: 0.49858124667778353,frac_lost: 0.101, li_recovered:  8.368, time: 0.014389584001037292
L: 16.50, u_super: 0.00863 — INFEASIBLE (li_recovered=0.000e+00), time: 0.010893220000070869
L: 0.50, u_super: 0.00353, sec: 191.865, prod: 0.078986, t_ads: 55.2, t_des: 49.2, bed_util_ads: 0.499, bed_util_des: 0.499, des_th: 0.4987577115437586,frac_lost: 0.109, li_recovered:  8.250, time: 0.014511466999465483
L: 0.50, u_super: 0.00126, sec: 69.961, prod: 0.026876, t_ads: 150.4, t_des: 126.3, bed_util_ads: 0.498, bed_util_des: 0.497, des_th: 0.49764932620414215,frac_lost: 0.106, li_recovered:  7.437, time: 0.014406140999199124
L: 0.50, u_super: 0.00919, sec: 596.736, prod: 0.185389, t_ads: 21.2, t_des: 25.8, bed_util_ads: 0.462, bed_util_des: 0.462, des_th: 0.46160678663428156,frac_lost: 0.102, li_recovered:  8.712, time: 0.024182435001421254
L: 0.50, u_super: 0.00747, sec: 430.338, prod: 0.166300, t_ads: 26.0, t_des: 26.0, bed_util_ads: 0.485, bed_util_des: 0.485, des_th: 0.4851307961334652,frac_lost: 0.100, li_recovered:  8.647, time: 0.021296826000252622
L: 42.19, u_super: 0.00794 — INFEASIBLE (li_recovered=0.000e+00), time: 0.0023062039999786066
L: 107.27, u_super: 0.00679 — INFEASIBLE (li_recovered=0.000e+00), time: 0.0016722509990358958
L: 31.51, u_super: 0.00706 — INFEASIBLE (li_recovered=0.000e+00), time: 0.0039899800012790365
L: 38.84, u_super: 0.00371 — INFEASIBLE (li_recovered=0.000e+00), time: 0.00220518300011463
L: 0.50, u_super: 0.00879, sec: 505.502, prod: 0.199073, t_ads: 22.2, t_des: 20.0, bed_util_ads: 0.500, bed_util_des: 0.500, des_th: 0.4999935606727281,frac_lost: 0.105, li_recovered:  8.400, time: 0.012273024000023725
L: 0.50, u_super: 0.00274, sec: 147.974, prod: 0.060957, t_ads: 70.3, t_des: 61.9, bed_util_ads: 0.499, bed_util_des: 0.499, des_th: 0.498780902455443,frac_lost: 0.102, li_recovered:  8.057, time: 0.014000981000208412
L: 0.50, u_super: 0.00005, sec: 4.354, prod: 0.000665, t_ads: 3308.5, t_des: 5359.2, bed_util_ads: 0.255, bed_util_des: 0.194, des_th: 0.1943221418028681,frac_lost: 0.102, li_recovered:  5.764, time: 0.01814556499994069
L: 0.50, u_super: 0.00849, sec: 486.587, prod: 0.192071, t_ads: 23.1, t_des: 20.9, bed_util_ads: 0.500, bed_util_des: 0.500, des_th: 0.4995959410602507,frac_lost: 0.107, li_recovered:  8.450, time: 0.013545902000259957
L: 0.50, u_super: 0.00868, sec: 499.307, prod: 0.196417, t_ads: 22.6, t_des: 20.4, bed_util_ads: 0.499, bed_util_des: 0.499, des_th: 0.49876665220342065,frac_lost: 0.108, li_recovered:  8.449, time: 0.019624015001681983
L: 0.50, u_super: 0.00102 — INFEASIBLE (li_recovered=0.000e+00), time: 0.00899622500037367
L: 0.50, u_super: 0.00928, sec: 536.922, prod: 0.210247, t_ads: 21.1, t_des: 19.1, bed_util_ads: 0.499, bed_util_des: 0.499, des_th: 0.49927643619449985,frac_lost: 0.106, li_recovered:  8.455, time: 0.01430784999865864
L: 0.50, u_super: 0.00253, sec: 148.998, prod: 0.051405, t_ads: 76.4, t_des: 89.8, bed_util_ads: 0.461, bed_util_des: 0.460, des_th: 0.4595456397637337,frac_lost: 0.103, li_recovered:  8.545, time: 0.015082788000654546
L: 0.50, u_super: 0.00564, sec: 312.204, prod: 0.127568, t_ads: 34.4, t_des: 31.2, bed_util_ads: 0.498, bed_util_des: 0.498, des_th: 0.49792834653830087,frac_lost: 0.102, li_recovered:  8.370, time: 0.015199426001345273
L: 0.50, u_super: 0.00150, sec: 82.667, prod: 0.031972, t_ads: 127.9, t_des: 106.5, bed_util_ads: 0.500, bed_util_des: 0.500, des_th: 0.49997416308131337,frac_lost: 0.107, li_recovered:  7.495, time: 0.013301041000886471
L: 0.50, u_super: 0.00793, sec: 451.002, prod: 0.179768, t_ads: 24.5, t_des: 21.8, bed_util_ads: 0.500, bed_util_des: 0.500, des_th: 0.49999143258022466,frac_lost: 0.100, li_recovered:  8.322, time: 0.018517958000302315
L: 0.50, u_super: 0.00031 — INFEASIBLE (li_recovered=0.000e+00), time: 0.00826160799988429
L: 11.23, u_super: 0.00953 — INFEASIBLE (li_recovered=0.000e+00), time: 0.013810874999762746
L: 0.50, u_super: 0.00706, sec: 397.048, prod: 0.160147, t_ads: 27.5, t_des: 24.8, bed_util_ads: 0.500, bed_util_des: 0.499, des_th: 0.49949924752297453,frac_lost: 0.100, li_recovered:  8.376, time: 0.018667529000595096
L: 39.17, u_super: 0.00985 — INFEASIBLE (li_recovered=0.000e+00), time: 0.004338324000855209
L: 39.19, u_super: 0.00005 — INFEASIBLE (li_recovered=0.000e+00), time: 0.0026317510000808397
L: 0.50, u_super: 0.00241, sec: 130.194, prod: 0.053430, t_ads: 80.1, t_des: 77.1, bed_util_ads: 0.487, bed_util_des: 0.486, des_th: 0.4859176478963913,frac_lost: 0.104, li_recovered:  8.396, time: 0.016834162999657565
L: 4.91, u_super: 0.00507 — INFEASIBLE (li_recovered=0.000e+00), time: 0.008796627000265289
L: 0.50, u_super: 0.00794, sec: 451.332, prod: 0.179919, t_ads: 24.4, t_des: 21.8, bed_util_ads: 0.500, bed_util_des: 0.500, des_th: 0.4998552880684495,frac_lost: 0.100, li_recovered:  8.328, time: 0.014442249999774504
L: 0.50, u_super: 0.00751, sec: 425.700, prod: 0.169689, t_ads: 26.1, t_des: 23.9, bed_util_ads: 0.498, bed_util_des: 0.498, des_th: 0.4978830912421356,frac_lost: 0.107, li_recovered:  8.476, time: 0.014472761999059003
L: 0.50, u_super: 0.00930, sec: 538.106, prod: 0.210637, t_ads: 21.0, t_des: 19.1, bed_util_ads: 0.499, bed_util_des: 0.499, des_th: 0.49875684509567014,frac_lost: 0.106, li_recovered:  8.448, time: 0.018353806999584776
L: 0.50, u_super: 0.00427, sec: 234.291, prod: 0.095650, t_ads: 45.5, t_des: 43.5, bed_util_ads: 0.490, bed_util_des: 0.490, des_th: 0.4899761129462027,frac_lost: 0.104, li_recovered:  8.514, time: 0.016086372001154814
L: 0.50, u_super: 0.00270, sec: 145.787, prod: 0.060174, t_ads: 71.4, t_des: 63.3, bed_util_ads: 0.498, bed_util_des: 0.498, des_th: 0.49797761683130354,frac_lost: 0.104, li_recovered:  8.111, time: 0.02207304300100077
L: 10.01, u_super: 0.00300 — INFEASIBLE (li_recovered=0.000e+00), time: 0.004102798000531038
L: 0.50, u_super: 0.00020 — INFEASIBLE (li_recovered=0.000e+00), time: 0.008099176999166957
L: 0.50, u_super: 0.00005, sec: 4.340, prod: 0.000667, t_ads: 3563.5, t_des: 6461.6, bed_util_ads: 0.249, bed_util_des: 0.173, des_th: 0.17370753851865622,frac_lost: 0.103, li_recovered:  6.687, time: 0.01722013500148023
L: 0.50, u_super: 0.00330, sec: 179.052, prod: 0.073609, t_ads: 59.0, t_des: 52.1, bed_util_ads: 0.499, bed_util_des: 0.499, des_th: 0.49876665220342065,frac_lost: 0.108, li_recovered:  8.179, time: 0.012427272000422818
L: 0.50, u_super: 0.00461, sec: 252.454, prod: 0.103759, t_ads: 42.2, t_des: 38.1, bed_util_ads: 0.499, bed_util_des: 0.499, des_th: 0.4985869847940801,frac_lost: 0.106, li_recovered:  8.341, time: 0.014792105001106393
L: 17.35, u_super: 0.00849 — INFEASIBLE (li_recovered=0.000e+00), time: 0.004550411000309396
L: 0.50, u_super: 0.00675, sec: 378.257, prod: 0.152915, t_ads: 28.8, t_des: 26.0, bed_util_ads: 0.499, bed_util_des: 0.499, des_th: 0.49858124667778353,frac_lost: 0.101, li_recovered:  8.370, time: 0.01326742700075556
   869 |    34760 |     40 |  0.0031204485 |             f
L: 0.50, u_super: 0.00511, sec: 281.522, prod: 0.115221, t_ads: 38.0, t_des: 34.0, bed_util_ads: 0.500, bed_util_des: 0.499, des_th: 0.4994314316527285,frac_lost: 0.104, li_recovered:  8.294, time: 0.013538434999645688
L: 112.34, u_super: 0.00849 — INFEASIBLE (li_recovered=0.000e+00), time: 0.0018236879986943677
L: 0.50, u_super: 0.00427, sec: 233.402, prod: 0.096014, t_ads: 45.6, t_des: 42.1, bed_util_ads: 0.495, bed_util_des: 0.494, des_th: 0.49433293736528067,frac_lost: 0.107, li_recovered:  8.418, time: 0.013876438000806957
L: 41.23, u_super: 0.00036 — INFEASIBLE (li_recovered=0.000e+00), time: 0.0021149459989828756
L: 0.50, u_super: 0.00399, sec: 221.373, prod: 0.087934, t_ads: 48.8, t_des: 48.8, bed_util_ads: 0.485, bed_util_des: 0.484, des_th: 0.4844335535248033,frac_lost: 0.106, li_recovered:  8.581, time: 0.010170401001232676
L: 87.35, u_super: 0.00209 — INFEASIBLE (li_recovered=0.000e+00), time: 0.0013337310010683723
L: 0.50, u_super: 0.00990, sec: 576.943, prod: 0.224448, t_ads: 19.7, t_des: 17.9, bed_util_ads: 0.500, bed_util_des: 0.500, des_th: 0.4999926407438179,frac_lost: 0.105, li_recovered:  8.451, time: 0.012393228998917039
L: 0.50, u_super: 0.00330, sec: 178.538, prod: 0.073949, t_ads: 58.4, t_des: 52.0, bed_util_ads: 0.499, bed_util_des: 0.499, des_th: 0.4987287228138269,frac_lost: 0.101, li_recovered:  8.167, time: 0.013621350999528659
L: 0.50, u_super: 0.00469, sec: 257.432, prod: 0.105613, t_ads: 41.4, t_des: 37.0, bed_util_ads: 0.499, bed_util_des: 0.499, des_th: 0.49856007306743705,frac_lost: 0.104, li_recovered:  8.278, time: 0.010544455000854214
L: 0.50, u_super: 0.00533, sec: 294.206, prod: 0.120373, t_ads: 36.4, t_des: 32.6, bed_util_ads: 0.500, bed_util_des: 0.500, des_th: 0.49955829941787,frac_lost: 0.102, li_recovered:  8.300, time: 0.009234127999661723
L: 0.50, u_super: 0.00569, sec: 315.301, prod: 0.128605, t_ads: 34.1, t_des: 30.5, bed_util_ads: 0.499, bed_util_des: 0.499, des_th: 0.4988803384482156,frac_lost: 0.102, li_recovered:  8.311, time: 0.013527281998904073
L: 0.50, u_super: 0.00126, sec: 68.292, prod: 0.027533, t_ads: 150.2, t_des: 138.0, bed_util_ads: 0.486, bed_util_des: 0.485, des_th: 0.48508714107094364,frac_lost: 0.103, li_recovered:  7.935, time: 0.009584912999343942
L: 0.50, u_super: 0.00005, sec: 4.330, prod: 0.000669, t_ads: 3485.0, t_des: 6130.1, bed_util_ads: 0.250, bed_util_des: 0.179, des_th: 0.1786645438562995,frac_lost: 0.101, li_recovered:  6.429, time: 0.01129295000100683
L: 0.50, u_super: 0.00564, sec: 313.158, prod: 0.127147, t_ads: 34.7, t_des: 31.5, bed_util_ads: 0.498, bed_util_des: 0.498, des_th: 0.49763539743744284,frac_lost: 0.109, li_recovered:  8.419, time: 0.014145371998893097
L: 0.50, u_super: 0.00586, sec: 325.053, prod: 0.132461, t_ads: 33.1, t_des: 29.6, bed_util_ads: 0.499, bed_util_des: 0.499, des_th: 0.49897019761908085,frac_lost: 0.101, li_recovered:  8.305, time: 0.011626526998952613
L: 0.50, u_super: 0.00059 — INFEASIBLE (li_recovered=0.000e+00), time: 0.004146909001065069
L: 13.43, u_super: 0.00498 — INFEASIBLE (li_recovered=0.000e+00), time: 0.004173580000497168
L: 0.50, u_super: 0.00967, sec: 568.142, prod: 0.216957, t_ads: 20.2, t_des: 19.7, bed_util_ads: 0.490, bed_util_des: 0.490, des_th: 0.4899880852163455,frac_lost: 0.104, li_recovered:  8.641, time: 0.011723730000085197
L: 0.50, u_super: 0.00427, sec: 233.402, prod: 0.096014, t_ads: 45.6, t_des: 42.1, bed_util_ads: 0.495, bed_util_des: 0.494, des_th: 0.49433293736528067,frac_lost: 0.107, li_recovered:  8.418, time: 0.009184247001030599
L: 0.50, u_super: 0.00680, sec: 382.402, prod: 0.153361, t_ads: 28.8, t_des: 25.8, bed_util_ads: 0.500, bed_util_des: 0.499, des_th: 0.49949924752297453,frac_lost: 0.108, li_recovered:  8.378, time: 0.010080251000545104
L: 0.50, u_super: 0.00353, sec: 191.492, prod: 0.079140, t_ads: 54.7, t_des: 48.5, bed_util_ads: 0.499, bed_util_des: 0.499, des_th: 0.4992840610261109,frac_lost: 0.101, li_recovered:  8.167, time: 0.011424627000451437
L: 0.50, u_super: 0.00656, sec: 366.835, prod: 0.148518, t_ads: 29.6, t_des: 26.8, bed_util_ads: 0.499, bed_util_des: 0.499, des_th: 0.49858124667778353,frac_lost: 0.102, li_recovered:  8.373, time: 0.011675996000121813
L: 0.50, u_super: 0.00723, sec: 450.361, prod: 0.148403, t_ads: 27.1, t_des: 31.6, bed_util_ads: 0.467, bed_util_des: 0.467, des_th: 0.4669367971019679,frac_lost: 0.107, li_recovered:  8.699, time: 0.014505986999211018
L: 28.78, u_super: 0.00126 — INFEASIBLE (li_recovered=0.000e+00), time: 0.0015507059997617034
L: 0.50, u_super: 0.00179, sec: 96.376, prod: 0.039607, t_ads: 106.7, t_des: 101.5, bed_util_ads: 0.485, bed_util_des: 0.484, des_th: 0.4842484979791084,frac_lost: 0.102, li_recovered:  8.244, time: 0.011193618000106653
L: 0.50, u_super: 0.00564, sec: 312.366, prod: 0.127502, t_ads: 34.4, t_des: 30.8, bed_util_ads: 0.499, bed_util_des: 0.499, des_th: 0.4992261155731472,frac_lost: 0.101, li_recovered:  8.307, time: 0.012644738000744837
L: 0.50, u_super: 0.00850, sec: 487.029, prod: 0.192476, t_ads: 23.0, t_des: 20.8, bed_util_ads: 0.499, bed_util_des: 0.499, des_th: 0.4987800360073545,frac_lost: 0.105, li_recovered:  8.435, time: 0.012498109999796725
L: 0.50, u_super: 0.00641, sec: 358.424, prod: 0.144908, t_ads: 30.3, t_des: 27.1, bed_util_ads: 0.500, bed_util_des: 0.500, des_th: 0.49988899047744584,frac_lost: 0.103, li_recovered:  8.320, time: 0.009801156000321498
L: 41.48, u_super: 0.00041 — INFEASIBLE (li_recovered=0.000e+00), time: 0.0011235460005991627
L: 11.52, u_super: 0.00617 — INFEASIBLE (li_recovered=0.000e+00), time: 0.003852136000205064
L: 24.57, u_super: 0.00202 — INFEASIBLE (li_recovered=0.000e+00), time: 0.0016179950016521616
L: 0.50, u_super: 0.00359, sec: 195.281, prod: 0.080309, t_ads: 54.2, t_des: 47.8, bed_util_ads: 0.500, bed_util_des: 0.500, des_th: 0.49974958470660913,frac_lost: 0.107, li_recovered:  8.191, time: 0.013223017998825526
L: 0.50, u_super: 0.00492, sec: 269.911, prod: 0.110926, t_ads: 39.5, t_des: 36.1, bed_util_ads: 0.497, bed_util_des: 0.497, des_th: 0.49701286203560524,frac_lost: 0.103, li_recovered:  8.383, time: 0.009890270001051249
L: 0.50, u_super: 0.00706, sec: 397.516, prod: 0.159991, t_ads: 27.5, t_des: 24.5, bed_util_ads: 0.500, bed_util_des: 0.500, des_th: 0.49959249437542524,frac_lost: 0.100, li_recovered:  8.318, time: 0.011648480000076233
L: 0.50, u_super: 0.00849, sec: 493.564, prod: 0.189356, t_ads: 23.0, t_des: 22.6, bed_util_ads: 0.489, bed_util_des: 0.489, des_th: 0.4885308267335158,frac_lost: 0.106, li_recovered:  8.649, time: 0.014086295999732101
L: 0.50, u_super: 0.00752, sec: 425.175, prod: 0.170682, t_ads: 25.8, t_des: 23.4, bed_util_ads: 0.499, bed_util_des: 0.498, des_th: 0.49842152040776455,frac_lost: 0.100, li_recovered:  8.387, time: 0.01510183699974732
L: 0.50, u_super: 0.00170, sec: 92.511, prod: 0.036835, t_ads: 112.7, t_des: 96.3, bed_util_ads: 0.499, bed_util_des: 0.498, des_th: 0.4985869847940801,frac_lost: 0.103, li_recovered:  7.698, time: 0.016094303000500076
L: 0.50, u_super: 0.00793, sec: 470.683, prod: 0.172251, t_ads: 24.6, t_des: 25.8, bed_util_ads: 0.481, bed_util_des: 0.481, des_th: 0.48085078460408154,frac_lost: 0.106, li_recovered:  8.691, time: 0.01616895100050897
L: 0.50, u_super: 0.00101, sec: 55.380, prod: 0.021734, t_ads: 186.0, t_des: 167.6, bed_util_ads: 0.485, bed_util_des: 0.484, des_th: 0.4842484979791084,frac_lost: 0.104, li_recovered:  7.686, time: 0.012030187999698683
L: 0.50, u_super: 0.00338, sec: 183.928, prod: 0.075551, t_ads: 57.5, t_des: 54.4, bed_util_ads: 0.491, bed_util_des: 0.491, des_th: 0.49075757859985986,frac_lost: 0.108, li_recovered:  8.452, time: 0.014230861999749322
   870 |    34800 |     40 |  0.0010220634 |             f
L: 0.50, u_super: 0.00948, sec: 570.018, prod: 0.207130, t_ads: 20.6, t_des: 21.4, bed_util_ads: 0.483, bed_util_des: 0.482, des_th: 0.48227524803306254,frac_lost: 0.105, li_recovered:  8.699, time: 0.016235433000474586
L: 0.50, u_super: 0.00826, sec: 475.936, prod: 0.185281, t_ads: 23.7, t_des: 22.8, bed_util_ads: 0.491, bed_util_des: 0.491, des_th: 0.49113510146510686,frac_lost: 0.106, li_recovered:  8.615, time: 0.014461599999776809
L: 0.50, u_super: 0.00780, sec: 446.304, prod: 0.175575, t_ads: 25.1, t_des: 23.8, bed_util_ads: 0.494, bed_util_des: 0.494, des_th: 0.4936050179992084,frac_lost: 0.107, li_recovered:  8.585, time: 0.01204481600143481
L: 0.50, u_super: 0.00895, sec: 516.395, prod: 0.202521, t_ads: 21.9, t_des: 19.8, bed_util_ads: 0.500, bed_util_des: 0.499, des_th: 0.49941800771673645,frac_lost: 0.108, li_recovered:  8.452, time: 0.013749686000664951
L: 0.50, u_super: 0.00825, sec: 484.628, prod: 0.181856, t_ads: 23.7, t_des: 24.0, bed_util_ads: 0.485, bed_util_des: 0.484, des_th: 0.4842484979791084,frac_lost: 0.106, li_recovered:  8.678, time: 0.013479502000336652
L: 0.50, u_super: 0.00564, sec: 311.905, prod: 0.127386, t_ads: 34.4, t_des: 30.9, bed_util_ads: 0.499, bed_util_des: 0.499, des_th: 0.49932343147002967,frac_lost: 0.101, li_recovered:  8.321, time: 0.015822919000129332
L: 0.50, u_super: 0.00540, sec: 298.186, prod: 0.122131, t_ads: 35.9, t_des: 32.9, bed_util_ads: 0.497, bed_util_des: 0.497, des_th: 0.49701286203560524,frac_lost: 0.102, li_recovered:  8.410, time: 0.014624643999923137
L: 6.40, u_super: 0.00090 — INFEASIBLE (li_recovered=0.000e+00), time: 0.0025835529995674733
L: 0.50, u_super: 0.00770, sec: 436.326, prod: 0.174663, t_ads: 25.2, t_des: 23.0, bed_util_ads: 0.499, bed_util_des: 0.498, des_th: 0.49842152040776455,frac_lost: 0.102, li_recovered:  8.431, time: 0.01694724499975564
L: 0.50, u_super: 0.00295, sec: 159.848, prod: 0.065852, t_ads: 65.3, t_des: 57.4, bed_util_ads: 0.499, bed_util_des: 0.499, des_th: 0.4985723222117677,frac_lost: 0.102, li_recovered:  8.075, time: 0.013662491999639315
L: 10.70, u_super: 0.00643 — INFEASIBLE (li_recovered=0.000e+00), time: 0.009964638999008457
L: 0.50, u_super: 0.00020 — INFEASIBLE (li_recovered=0.000e+00), time: 0.006385095999576151
L: 0.50, u_super: 0.00511, sec: 281.535, prod: 0.115215, t_ads: 38.0, t_des: 34.0, bed_util_ads: 0.499, bed_util_des: 0.499, des_th: 0.4988111216028726,frac_lost: 0.104, li_recovered:  8.303, time: 0.01373339100064186
L: 0.50, u_super: 0.00752, sec: 425.175, prod: 0.170682, t_ads: 25.8, t_des: 23.4, bed_util_ads: 0.499, bed_util_des: 0.498, des_th: 0.49842152040776455,frac_lost: 0.100, li_recovered:  8.387, time: 0.014507320000120671
L: 0.50, u_super: 0.00273, sec: 147.921, prod: 0.060774, t_ads: 70.6, t_des: 61.9, bed_util_ads: 0.499, bed_util_des: 0.499, des_th: 0.49878378905402376,frac_lost: 0.104, li_recovered:  8.054, time: 0.01696824399914476
L: 0.50, u_super: 0.00232, sec: 125.314, prod: 0.051405, t_ads: 82.9, t_des: 80.3, bed_util_ads: 0.485, bed_util_des: 0.484, des_th: 0.48432438756244617,frac_lost: 0.103, li_recovered:  8.390, time: 0.013498164000338875
L: 0.50, u_super: 0.00273, sec: 147.435, prod: 0.060684, t_ads: 70.7, t_des: 62.2, bed_util_ads: 0.499, bed_util_des: 0.499, des_th: 0.4987287228138269,frac_lost: 0.103, li_recovered:  8.064, time: 0.012529259000075399
L: 38.57, u_super: 0.00046 — INFEASIBLE (li_recovered=0.000e+00), time: 0.0013457250006467802
L: 5.88, u_super: 0.00564 — INFEASIBLE (li_recovered=0.000e+00), time: 0.009154797000519466
L: 0.50, u_super: 0.00906, sec: 522.976, prod: 0.205400, t_ads: 21.5, t_des: 19.4, bed_util_ads: 0.500, bed_util_des: 0.500, des_th: 0.4995043038673578,frac_lost: 0.105, li_recovered:  8.399, time: 0.016511612999238423
L: 0.50, u_super: 0.00274, sec: 147.933, prod: 0.060973, t_ads: 70.3, t_des: 61.8, bed_util_ads: 0.499, bed_util_des: 0.499, des_th: 0.49883458283202237,frac_lost: 0.101, li_recovered:  8.055, time: 0.014260743000704679
L: 0.50, u_super: 0.00706, sec: 398.506, prod: 0.159561, t_ads: 27.7, t_des: 24.9, bed_util_ads: 0.500, bed_util_des: 0.499, des_th: 0.49950038187226775,frac_lost: 0.108, li_recovered:  8.390, time: 0.014285534000009648
L: 0.50, u_super: 0.00453, sec: 248.113, prod: 0.101906, t_ads: 42.9, t_des: 38.4, bed_util_ads: 0.500, bed_util_des: 0.499, des_th: 0.49941800771673645,frac_lost: 0.105, li_recovered:  8.283, time: 0.008727323000130127
L: 0.50, u_super: 0.00232, sec: 126.217, prod: 0.051037, t_ads: 83.2, t_des: 71.3, bed_util_ads: 0.500, bed_util_des: 0.500, des_th: 0.49999222609811095,frac_lost: 0.106, li_recovered:  7.885, time: 0.012913113998365588
L: 0.50, u_super: 0.00680, sec: 381.067, prod: 0.154205, t_ads: 28.5, t_des: 26.1, bed_util_ads: 0.498, bed_util_des: 0.498, des_th: 0.4977502572718344,frac_lost: 0.100, li_recovered:  8.424, time: 0.012309382000239566
L: 0.50, u_super: 0.00631, sec: 352.288, prod: 0.142757, t_ads: 30.7, t_des: 27.4, bed_util_ads: 0.500, bed_util_des: 0.500, des_th: 0.49952789604410974,frac_lost: 0.101, li_recovered:  8.305, time: 0.014055805999305448
L: 0.50, u_super: 0.00026 — INFEASIBLE (li_recovered=0.000e+00), time: 0.006568275999597972
L: 0.50, u_super: 0.00011, sec: 12.196, prod: 0.001211, t_ads: 1716.0, t_des: 5005.1, bed_util_ads: 0.259, bed_util_des: 0.185, des_th: 0.1851696623157332,frac_lost: 0.103, li_recovered:  8.137, time: 0.027752518000852433
L: 0.50, u_super: 0.00427, sec: 233.393, prod: 0.096018, t_ads: 45.6, t_des: 42.2, bed_util_ads: 0.495, bed_util_des: 0.494, des_th: 0.49448929497706806,frac_lost: 0.106, li_recovered:  8.424, time: 0.011312132000966812
L: 0.50, u_super: 0.00791, sec: 450.898, prod: 0.178822, t_ads: 24.8, t_des: 22.5, bed_util_ads: 0.500, bed_util_des: 0.500, des_th: 0.49966516790446935,frac_lost: 0.108, li_recovered:  8.446, time: 0.014282375001130276
L: 0.50, u_super: 0.00487, sec: 2936.800, prod: 0.009981, t_ads: 40.3, t_des: 840.3, bed_util_ads: 0.171, bed_util_des: 0.165, des_th: 0.16499936997011552,frac_lost: 0.103, li_recovered:  8.789, time: 0.13810815299984824
L: 0.50, u_super: 0.00953, sec: 553.021, prod: 0.216072, t_ads: 20.5, t_des: 18.6, bed_util_ads: 0.500, bed_util_des: 0.499, des_th: 0.49940034605632805,frac_lost: 0.105, li_recovered:  8.450, time: 0.014203016999090323
L: 0.50, u_super: 0.00868, sec: 498.948, prod: 0.196558, t_ads: 22.5, t_des: 20.5, bed_util_ads: 0.499, bed_util_des: 0.499, des_th: 0.499212505069563,frac_lost: 0.107, li_recovered:  8.450, time: 0.011825343999589677
L: 0.50, u_super: 0.00399, sec: 217.671, prod: 0.089637, t_ads: 48.7, t_des: 43.4, bed_util_ads: 0.500, bed_util_des: 0.499, des_th: 0.49941512111756287,frac_lost: 0.106, li_recovered:  8.253, time: 0.011718735000613378
L: 0.50, u_super: 0.00813, sec: 463.844, prod: 0.183863, t_ads: 24.1, t_des: 22.1, bed_util_ads: 0.498, bed_util_des: 0.498, des_th: 0.49789830714148253,frac_lost: 0.106, li_recovered:  8.479, time: 0.013492579999365262
L: 6.73, u_super: 0.00901 — INFEASIBLE (li_recovered=0.000e+00), time: 0.006756565000614501
L: 0.50, u_super: 0.00695, sec: 528.142, prod: 0.116381, t_ads: 28.1, t_des: 46.7, bed_util_ads: 0.423, bed_util_des: 0.422, des_th: 0.4219257325199236,frac_lost: 0.105, li_recovered:  8.711, time: 0.02124184599961154
L: 0.50, u_super: 0.00612, sec: 340.671, prod: 0.138436, t_ads: 31.7, t_des: 28.4, bed_util_ads: 0.499, bed_util_des: 0.499, des_th: 0.49886962294023274,frac_lost: 0.101, li_recovered:  8.321, time: 0.01119657500021276
L: 0.50, u_super: 0.00884, sec: 526.981, prod: 0.193122, t_ads: 22.1, t_des: 22.9, bed_util_ads: 0.483, bed_util_des: 0.482, des_th: 0.4823941648896746,frac_lost: 0.105, li_recovered:  8.694, time: 0.015232091000143555
L: 0.50, u_super: 0.00973, sec: 565.660, prod: 0.220642, t_ads: 20.1, t_des: 18.0, bed_util_ads: 0.500, bed_util_des: 0.500, des_th: 0.49985222561007986,frac_lost: 0.104, li_recovered:  8.396, time: 0.012738707999233156
   871 |    34840 |     40 |  0.0032984642 |             f
L: 0.50, u_super: 0.00492, sec: 274.154, prod: 0.109209, t_ads: 39.5, t_des: 39.2, bed_util_ads: 0.487, bed_util_des: 0.486, des_th: 0.48645185592415513,frac_lost: 0.103, li_recovered:  8.595, time: 0.01479794799888623
L: 0.50, u_super: 0.00423, sec: 230.841, prod: 0.094919, t_ads: 46.1, t_des: 42.5, bed_util_ads: 0.495, bed_util_des: 0.494, des_th: 0.49448929497706806,frac_lost: 0.107, li_recovered:  8.411, time: 0.01333642899953702
L: 0.50, u_super: 0.00930, sec: 538.578, prod: 0.210784, t_ads: 21.0, t_des: 19.0, bed_util_ads: 0.500, bed_util_des: 0.500, des_th: 0.49999570534605214,frac_lost: 0.106, li_recovered:  8.444, time: 0.017811739000535454
L: 0.50, u_super: 0.00913, sec: 543.476, prod: 0.200558, t_ads: 21.4, t_des: 21.9, bed_util_ads: 0.484, bed_util_des: 0.484, des_th: 0.48383314823569273,frac_lost: 0.104, li_recovered:  8.690, time: 0.01429950099918642
L: 0.50, u_super: 0.00029, sec: 18.554, prod: 0.005140, t_ads: 575.4, t_des: 544.7, bed_util_ads: 0.437, bed_util_des: 0.435, des_th: 0.4355265642897631,frac_lost: 0.100, li_recovered:  5.758, time: 0.012245975998666836
L: 13.93, u_super: 0.00185, sec: 4592.981, prod: 0.024665, t_ads: 2724.0, t_des: 5166.2, bed_util_ads: 0.261, bed_util_des: 0.190, des_th: 0.19074782440436577,frac_lost: 0.103, li_recovered:  194.610, time: 0.016092971000034595
L: 0.50, u_super: 0.00985, sec: 573.994, prod: 0.223156, t_ads: 19.9, t_des: 18.1, bed_util_ads: 0.500, bed_util_des: 0.500, des_th: 0.4995862382582933,frac_lost: 0.107, li_recovered:  8.465, time: 0.008225441999456962
L: 0.50, u_super: 0.00165, sec: 89.710, prod: 0.035947, t_ads: 115.8, t_des: 100.1, bed_util_ads: 0.496, bed_util_des: 0.496, des_th: 0.4958757490676718,frac_lost: 0.104, li_recovered:  7.763, time: 0.01110259000051883
L: 0.50, u_super: 0.00739, sec: 418.720, prod: 0.167085, t_ads: 26.5, t_des: 23.7, bed_util_ads: 0.500, bed_util_des: 0.500, des_th: 0.49959909625272525,frac_lost: 0.107, li_recovered:  8.386, time: 0.008974038999440381
L: 0.50, u_super: 0.00158, sec: 84.850, prod: 0.034735, t_ads: 121.0, t_des: 112.8, bed_util_ads: 0.487, bed_util_des: 0.486, des_th: 0.48598426162629665,frac_lost: 0.103, li_recovered:  8.122, time: 0.011055515000407468
L: 0.50, u_super: 0.00912, sec: 529.304, prod: 0.205360, t_ads: 21.5, t_des: 20.4, bed_util_ads: 0.494, bed_util_des: 0.494, des_th: 0.4937536763122308,frac_lost: 0.106, li_recovered:  8.596, time: 0.008700297001269064
L: 168.31, u_super: 0.00970 — INFEASIBLE (li_recovered=0.000e+00), time: 0.002243020000605611
L: 6.67, u_super: 0.00953 — INFEASIBLE (li_recovered=0.000e+00), time: 0.004820965999897453
L: 0.50, u_super: 0.00193, sec: 105.378, prod: 0.042210, t_ads: 98.8, t_des: 84.3, bed_util_ads: 0.500, bed_util_des: 0.499, des_th: 0.4993710963685087,frac_lost: 0.101, li_recovered:  7.729, time: 0.0110706890009169
L: 0.50, u_super: 0.00697, sec: 392.508, prod: 0.157415, t_ads: 28.1, t_des: 25.2, bed_util_ads: 0.500, bed_util_des: 0.500, des_th: 0.49973525564092713,frac_lost: 0.107, li_recovered:  8.392, time: 0.01394256499952462
L: 0.50, u_super: 0.00588, sec: 325.996, prod: 0.132861, t_ads: 33.0, t_des: 29.6, bed_util_ads: 0.499, bed_util_des: 0.499, des_th: 0.4989408080312751,frac_lost: 0.101, li_recovered:  8.316, time: 0.01498899099897244
L: 19.36, u_super: 0.00374 — INFEASIBLE (li_recovered=0.000e+00), time: 0.002857886998754111
L: 0.50, u_super: 0.00018, sec: 24.261, prod: 0.001512, t_ads: 1103.1, t_des: 4516.1, bed_util_ads: 0.252, bed_util_des: 0.187, des_th: 0.1871702311601486,frac_lost: 0.100, li_recovered:  8.497, time: 0.041279265000412124
L: 0.50, u_super: 0.00150, sec: 81.794, prod: 0.032313, t_ads: 127.8, t_des: 109.3, bed_util_ads: 0.496, bed_util_des: 0.496, des_th: 0.4962003355083774,frac_lost: 0.105, li_recovered:  7.659, time: 0.016244459000517963
L: 26.43, u_super: 0.00233 — INFEASIBLE (li_recovered=0.000e+00), time: 0.0020192890006001107
L: 0.50, u_super: 0.00298, sec: 161.194, prod: 0.066355, t_ads: 64.8, t_des: 56.9, bed_util_ads: 0.499, bed_util_des: 0.499, des_th: 0.49902970008712394,frac_lost: 0.103, li_recovered:  8.077, time: 0.013877979999961099
L: 0.50, u_super: 0.00953, sec: 552.934, prod: 0.216106, t_ads: 20.5, t_des: 18.6, bed_util_ads: 0.499, bed_util_des: 0.499, des_th: 0.4986960124336226,frac_lost: 0.105, li_recovered:  8.451, time: 0.011686309000651818
L: 0.50, u_super: 0.00190, sec: 103.775, prod: 0.041510, t_ads: 100.5, t_des: 85.7, bed_util_ads: 0.500, bed_util_des: 0.500, des_th: 0.49961225925192926,frac_lost: 0.103, li_recovered:  7.731, time: 0.012573444000736345
L: 0.50, u_super: 0.00300, sec: 162.094, prod: 0.066818, t_ads: 64.3, t_des: 56.6, bed_util_ads: 0.499, bed_util_des: 0.499, des_th: 0.49887767896198737,frac_lost: 0.101, li_recovered:  8.075, time: 0.01044325399925583
L: 0.50, u_super: 0.00009 — INFEASIBLE (li_recovered=0.000e+00), time: 0.0042675529984990135
L: 0.50, u_super: 0.00691, sec: 405.314, prod: 0.149792, t_ads: 28.3, t_des: 29.7, bed_util_ads: 0.480, bed_util_des: 0.480, des_th: 0.47992003795979615,frac_lost: 0.106, li_recovered:  8.680, time: 0.011043733000406064
L: 0.50, u_super: 0.00614, sec: 341.411, prod: 0.138898, t_ads: 31.6, t_des: 28.6, bed_util_ads: 0.499, bed_util_des: 0.499, des_th: 0.49891767320977093,frac_lost: 0.101, li_recovered:  8.357, time: 0.012180710999018629
L: 0.50, u_super: 0.00441, sec: 241.206, prod: 0.099138, t_ads: 44.1, t_des: 39.5, bed_util_ads: 0.500, bed_util_des: 0.499, des_th: 0.499496017964866,frac_lost: 0.106, li_recovered:  8.291, time: 0.009620832999644335
L: 0.50, u_super: 0.00651, sec: 363.783, prod: 0.147352, t_ads: 29.8, t_des: 26.7, bed_util_ads: 0.500, bed_util_des: 0.499, des_th: 0.4995047977922237,frac_lost: 0.100, li_recovered:  8.317, time: 0.014406443000552827
L: 0.50, u_super: 0.00814, sec: 469.986, prod: 0.182059, t_ads: 24.1, t_des: 23.3, bed_util_ads: 0.491, bed_util_des: 0.491, des_th: 0.49113510146510686,frac_lost: 0.108, li_recovered:  8.631, time: 0.012830480000047828
L: 0.50, u_super: 0.00488, sec: 268.272, prod: 0.110078, t_ads: 39.9, t_des: 36.4, bed_util_ads: 0.496, bed_util_des: 0.496, des_th: 0.4960787328789696,frac_lost: 0.105, li_recovered:  8.390, time: 0.011699710999891977
L: 0.50, u_super: 0.00766, sec: 433.700, prod: 0.173707, t_ads: 25.4, t_des: 23.1, bed_util_ads: 0.498, bed_util_des: 0.498, des_th: 0.49787517231935596,frac_lost: 0.101, li_recovered:  8.426, time: 0.014474769999651471
L: 0.50, u_super: 0.00371, sec: 202.110, prod: 0.082901, t_ads: 52.6, t_des: 46.3, bed_util_ads: 0.500, bed_util_des: 0.500, des_th: 0.4995200967830619,frac_lost: 0.108, li_recovered:  8.195, time: 0.017128538000179105
L: 0.50, u_super: 0.00200, sec: 108.916, prod: 0.043712, t_ads: 96.6, t_des: 95.7, bed_util_ads: 0.481, bed_util_des: 0.480, des_th: 0.4802222563239305,frac_lost: 0.107, li_recovered:  8.403, time: 0.01595720200020878
L: 0.50, u_super: 0.00492, sec: 270.122, prod: 0.110840, t_ads: 39.6, t_des: 36.1, bed_util_ads: 0.497, bed_util_des: 0.497, des_th: 0.4970167348157668,frac_lost: 0.105, li_recovered:  8.393, time: 0.011228806999497465
L: 0.50, u_super: 0.00390, sec: 213.069, prod: 0.087446, t_ads: 49.8, t_des: 47.2, bed_util_ads: 0.492, bed_util_des: 0.491, des_th: 0.49113510146510686,frac_lost: 0.105, li_recovered:  8.477, time: 0.014779120001549018
L: 0.50, u_super: 0.00656, sec: 367.865, prod: 0.147925, t_ads: 29.9, t_des: 26.8, bed_util_ads: 0.499, bed_util_des: 0.499, des_th: 0.4992052653837311,frac_lost: 0.109, li_recovered:  8.386, time: 0.013772550000794581
L: 0.50, u_super: 0.00273, sec: 147.911, prod: 0.060511, t_ads: 70.7, t_des: 61.4, bed_util_ads: 0.500, bed_util_des: 0.500, des_th: 0.4997214747890129,frac_lost: 0.104, li_recovered:  7.997, time: 0.014989884999522474
L: 0.50, u_super: 0.00806, sec: 460.054, prod: 0.182179, t_ads: 24.3, t_des: 22.1, bed_util_ads: 0.499, bed_util_des: 0.499, des_th: 0.4987577115437586,frac_lost: 0.108, li_recovered:  8.456, time: 0.01356355200005055
L: 0.50, u_super: 0.00906, sec: 522.976, prod: 0.205400, t_ads: 21.5, t_des: 19.4, bed_util_ads: 0.500, bed_util_des: 0.500, des_th: 0.4995043038673578,frac_lost: 0.105, li_recovered:  8.399, time: 0.015109005000340403
   872 |    34880 |     40 |  0.0022151865 |             f
L: 0.50, u_super: 0.00916, sec: 529.950, prod: 0.207380, t_ads: 21.4, t_des: 19.1, bed_util_ads: 0.500, bed_util_des: 0.500, des_th: 0.49999570534605214,frac_lost: 0.107, li_recovered:  8.403, time: 0.015057180999065167
L: 19.89, u_super: 0.00371 — INFEASIBLE (li_recovered=0.000e+00), time: 0.002872824999940349
L: 0.50, u_super: 0.00690, sec: 387.787, prod: 0.156199, t_ads: 28.1, t_des: 25.2, bed_util_ads: 0.500, bed_util_des: 0.499, des_th: 0.49949563032620514,frac_lost: 0.102, li_recovered:  8.326, time: 0.016457108000395237
L: 0.50, u_super: 0.00972, sec: 564.601, prod: 0.220718, t_ads: 20.0, t_des: 18.2, bed_util_ads: 0.499, bed_util_des: 0.499, des_th: 0.4992029998385756,frac_lost: 0.103, li_recovered:  8.439, time: 0.014910185000189813
L: 0.50, u_super: 0.00653, sec: 365.475, prod: 0.147782, t_ads: 29.7, t_des: 26.5, bed_util_ads: 0.500, bed_util_des: 0.500, des_th: 0.4995129997832128,frac_lost: 0.101, li_recovered:  8.310, time: 0.018262120998770115
L: 0.50, u_super: 0.00142 — INFEASIBLE (li_recovered=0.000e+00), time: 0.00865317399984633
L: 0.50, u_super: 0.00637, sec: 355.558, prod: 0.144080, t_ads: 30.4, t_des: 27.2, bed_util_ads: 0.500, bed_util_des: 0.500, des_th: 0.4999726597749022,frac_lost: 0.101, li_recovered:  8.307, time: 0.011460929999884684
L: 0.50, u_super: 0.00536, sec: 295.589, prod: 0.121222, t_ads: 36.1, t_des: 32.8, bed_util_ads: 0.497, bed_util_des: 0.497, des_th: 0.49701286203560524,frac_lost: 0.101, li_recovered:  8.354, time: 0.017077036000046064
L: 0.50, u_super: 0.00881, sec: 4567.742, prod: 0.022120, t_ads: 22.2, t_des: 374.6, bed_util_ads: 0.187, bed_util_des: 0.184, des_th: 0.1843974496296672,frac_lost: 0.102, li_recovered:  8.778, time: 0.11074652100069216
L: 63.21, u_super: 0.00930 — INFEASIBLE (li_recovered=0.000e+00), time: 0.0016774380001152167
L: 0.50, u_super: 0.00811, sec: 462.861, prod: 0.183375, t_ads: 24.1, t_des: 21.9, bed_util_ads: 0.499, bed_util_des: 0.499, des_th: 0.49876397146344914,frac_lost: 0.107, li_recovered:  8.436, time: 0.013298101999680512
L: 0.50, u_super: 0.00326, sec: 176.546, prod: 0.072880, t_ads: 59.1, t_des: 52.2, bed_util_ads: 0.499, bed_util_des: 0.499, des_th: 0.49876665220342065,frac_lost: 0.101, li_recovered:  8.115, time: 0.013477291000526748
L: 1.72, u_super: 0.00846, sec: 1699.082, prod: 0.188616, t_ads: 78.6, t_des: 72.5, bed_util_ads: 0.493, bed_util_des: 0.492, des_th: 0.4922637255949913,frac_lost: 0.105, li_recovered:  28.500, time: 0.011161047999848961
L: 46.71, u_super: 0.00425 — INFEASIBLE (li_recovered=0.000e+00), time: 0.0013829890012857504
L: 0.50, u_super: 0.00970, sec: 576.713, prod: 0.215141, t_ads: 20.1, t_des: 20.2, bed_util_ads: 0.486, bed_util_des: 0.486, des_th: 0.4861623661359047,frac_lost: 0.104, li_recovered:  8.680, time: 0.012301936998483143
L: 0.50, u_super: 0.00371, sec: 201.813, prod: 0.083023, t_ads: 52.4, t_des: 46.4, bed_util_ads: 0.499, bed_util_des: 0.499, des_th: 0.49901895843758476,frac_lost: 0.106, li_recovered:  8.201, time: 0.01368099799947231
L: 0.50, u_super: 0.00873, sec: 500.697, prod: 0.198282, t_ads: 22.2, t_des: 20.1, bed_util_ads: 0.500, bed_util_des: 0.500, des_th: 0.4995311326237175,frac_lost: 0.100, li_recovered:  8.383, time: 0.01606468000136374
L: 12.01, u_super: 0.00774 — INFEASIBLE (li_recovered=0.000e+00), time: 0.009154486999250366
L: 0.50, u_super: 0.00742, sec: 3716.725, prod: 0.018957, t_ads: 26.4, t_des: 436.8, bed_util_ads: 0.189, bed_util_des: 0.185, des_th: 0.1851696623157332,frac_lost: 0.104, li_recovered:  8.782, time: 0.10547540000152367
L: 0.50, u_super: 0.00472, sec: 258.745, prod: 0.106191, t_ads: 41.2, t_des: 36.8, bed_util_ads: 0.499, bed_util_des: 0.499, des_th: 0.49856007306743705,frac_lost: 0.104, li_recovered:  8.279, time: 0.013434180998956435
L: 0.50, u_super: 0.00922, sec: 532.991, prod: 0.208972, t_ads: 21.2, t_des: 19.2, bed_util_ads: 0.499, bed_util_des: 0.499, des_th: 0.4987800360073545,frac_lost: 0.105, li_recovered:  8.444, time: 0.012330421999649843
L: 0.50, u_super: 0.00971, sec: 564.652, prod: 0.219953, t_ads: 20.1, t_des: 18.5, bed_util_ads: 0.498, bed_util_des: 0.498, des_th: 0.49784079798489267,frac_lost: 0.106, li_recovered:  8.490, time: 0.010665376001270488
L: 0.50, u_super: 0.00234, sec: 127.136, prod: 0.051701, t_ads: 82.4, t_des: 71.3, bed_util_ads: 0.500, bed_util_des: 0.499, des_th: 0.4992622325301206,frac_lost: 0.106, li_recovered:  7.946, time: 0.014345113000672427
L: 0.50, u_super: 0.00903, sec: 521.207, prod: 0.204380, t_ads: 21.7, t_des: 19.7, bed_util_ads: 0.499, bed_util_des: 0.499, des_th: 0.49857255054932714,frac_lost: 0.107, li_recovered:  8.450, time: 0.011409773000195855
L: 0.50, u_super: 0.00326, sec: 176.356, prod: 0.072959, t_ads: 59.6, t_des: 54.0, bed_util_ads: 0.496, bed_util_des: 0.496, des_th: 0.4960971239699827,frac_lost: 0.107, li_recovered:  8.287, time: 0.01350098600050842
L: 0.50, u_super: 0.00711, sec: 400.948, prod: 0.160575, t_ads: 27.5, t_des: 24.7, bed_util_ads: 0.500, bed_util_des: 0.499, des_th: 0.49949924752297453,frac_lost: 0.107, li_recovered:  8.385, time: 0.011172167000040645
L: 8.51, u_super: 0.00006 — INFEASIBLE (li_recovered=0.000e+00), time: 0.0013054820010438561
L: 0.50, u_super: 0.00273, sec: 147.435, prod: 0.060684, t_ads: 70.7, t_des: 62.2, bed_util_ads: 0.499, bed_util_des: 0.499, des_th: 0.4987287228138269,frac_lost: 0.103, li_recovered:  8.064, time: 0.013078583000606159
L: 0.50, u_super: 0.00986, sec: 573.504, prod: 0.223845, t_ads: 19.8, t_des: 18.0, bed_util_ads: 0.499, bed_util_des: 0.499, des_th: 0.4988595973031333,frac_lost: 0.103, li_recovered:  8.461, time: 0.017231316000106744
L: 0.50, u_super: 0.00868, sec: 498.948, prod: 0.196558, t_ads: 22.5, t_des: 20.5, bed_util_ads: 0.499, bed_util_des: 0.499, des_th: 0.499212505069563,frac_lost: 0.107, li_recovered:  8.450, time: 0.007466498998837778
L: 0.50, u_super: 0.00890, sec: 512.506, prod: 0.201424, t_ads: 22.0, t_des: 20.0, bed_util_ads: 0.500, bed_util_des: 0.499, des_th: 0.4995110477729793,frac_lost: 0.107, li_recovered:  8.450, time: 0.012256412001079298
L: 30.60, u_super: 0.00160 — INFEASIBLE (li_recovered=0.000e+00), time: 0.0017270659991481807
L: 0.50, u_super: 0.00204, sec: 111.269, prod: 0.044686, t_ads: 93.7, t_des: 80.0, bed_util_ads: 0.499, bed_util_des: 0.499, des_th: 0.4991418870326574,frac_lost: 0.102, li_recovered:  7.763, time: 0.013410221001322498
L: 0.50, u_super: 0.00714, sec: 402.941, prod: 0.161163, t_ads: 27.4, t_des: 24.5, bed_util_ads: 0.500, bed_util_des: 0.499, des_th: 0.49949924752297453,frac_lost: 0.107, li_recovered:  8.376, time: 0.015446584999153856
L: 0.50, u_super: 0.00580, sec: 321.229, prod: 0.131036, t_ads: 33.4, t_des: 30.0, bed_util_ads: 0.500, bed_util_des: 0.500, des_th: 0.4995830016786855,frac_lost: 0.101, li_recovered:  8.315, time: 0.02003186899855791
L: 0.50, u_super: 0.00540, sec: 323.745, prod: 0.112489, t_ads: 35.9, t_des: 41.1, bed_util_ads: 0.469, bed_util_des: 0.468, des_th: 0.4683436683340273,frac_lost: 0.101, li_recovered:  8.663, time: 0.017477299999882234
L: 0.50, u_super: 0.00018 — INFEASIBLE (li_recovered=0.000e+00), time: 0.00250294499892334
L: 0.50, u_super: 0.00633, sec: 353.307, prod: 0.143091, t_ads: 30.8, t_des: 27.7, bed_util_ads: 0.499, bed_util_des: 0.499, des_th: 0.498919779799188,frac_lost: 0.104, li_recovered:  8.368, time: 0.016097174000606174
L: 35.25, u_super: 0.00005 — INFEASIBLE (li_recovered=0.000e+00), time: 0.0010884490002354141
L: 0.50, u_super: 0.00279, sec: 150.700, prod: 0.062127, t_ads: 69.0, t_des: 60.8, bed_util_ads: 0.499, bed_util_des: 0.499, des_th: 0.4987645456140035,frac_lost: 0.102, li_recovered:  8.068, time: 0.01826432800044131
   873 |    34920 |     40 |  0.0033929961 |             f
L: 0.50, u_super: 0.00352, sec: 190.781, prod: 0.078801, t_ads: 55.3, t_des: 49.9, bed_util_ads: 0.496, bed_util_des: 0.496, des_th: 0.4960971239699827,frac_lost: 0.107, li_recovered:  8.294, time: 0.013837923999744817
L: 0.50, u_super: 0.00739, sec: 456.493, prod: 0.153259, t_ads: 26.5, t_des: 30.3, bed_util_ads: 0.470, bed_util_des: 0.469, des_th: 0.4692208173444653,frac_lost: 0.106, li_recovered:  8.699, time: 0.011211801998797455
L: 0.50, u_super: 0.00060 — INFEASIBLE (li_recovered=0.000e+00), time: 0.004295740000088699
L: 0.50, u_super: 0.00150, sec: 81.423, prod: 0.032461, t_ads: 128.0, t_des: 110.9, bed_util_ads: 0.496, bed_util_des: 0.496, des_th: 0.49602191908180415,frac_lost: 0.107, li_recovered:  7.753, time: 0.013861116000043694
L: 0.50, u_super: 0.00553, sec: 305.204, prod: 0.124942, t_ads: 35.1, t_des: 32.1, bed_util_ads: 0.497, bed_util_des: 0.497, des_th: 0.49701286203560524,frac_lost: 0.102, li_recovered:  8.402, time: 0.01542533099927823
L: 0.50, u_super: 0.00446, sec: 244.032, prod: 0.100264, t_ads: 43.6, t_des: 38.9, bed_util_ads: 0.500, bed_util_des: 0.499, des_th: 0.49941800771673645,frac_lost: 0.105, li_recovered:  8.275, time: 0.01031789800072147
L: 0.50, u_super: 0.00472, sec: 258.758, prod: 0.106186, t_ads: 41.3, t_des: 37.2, bed_util_ads: 0.499, bed_util_des: 0.498, des_th: 0.49853042974259393,frac_lost: 0.106, li_recovered:  8.337, time: 0.012153665000369074
L: 0.61, u_super: 0.00861, sec: 607.739, prod: 0.192912, t_ads: 27.7, t_des: 26.5, bed_util_ads: 0.491, bed_util_des: 0.491, des_th: 0.491165217035237,frac_lost: 0.109, li_recovered:  10.458, time: 0.0073062510000454495
L: 0.50, u_super: 0.00844, sec: 483.788, prod: 0.191085, t_ads: 23.2, t_des: 20.7, bed_util_ads: 0.500, bed_util_des: 0.500, des_th: 0.49998574063652734,frac_lost: 0.106, li_recovered:  8.389, time: 0.011303126000711927
L: 0.50, u_super: 0.00088, sec: 49.094, prod: 0.018395, t_ads: 214.2, t_des: 184.4, bed_util_ads: 0.488, bed_util_des: 0.488, des_th: 0.48764652053942725,frac_lost: 0.108, li_recovered:  7.332, time: 0.008146668000335922
L: 0.50, u_super: 0.00714, sec: 408.791, prod: 0.158857, t_ads: 27.2, t_des: 27.2, bed_util_ads: 0.486, bed_util_des: 0.486, des_th: 0.48567479948233533,frac_lost: 0.100, li_recovered:  8.640, time: 0.00971477699931711
L: 81.27, u_super: 0.00470 — INFEASIBLE (li_recovered=0.000e+00), time: 0.0037461259998963214
L: 0.50, u_super: 0.00944, sec: 547.212, prod: 0.214130, t_ads: 20.7, t_des: 18.8, bed_util_ads: 0.499, bed_util_des: 0.499, des_th: 0.4987733094659138,frac_lost: 0.105, li_recovered:  8.450, time: 0.010611604999212432
L: 0.50, u_super: 0.00299, sec: 234.901, prod: 0.045933, t_ads: 65.0, t_des: 123.1, bed_util_ads: 0.403, bed_util_des: 0.400, des_th: 0.4004615850366076,frac_lost: 0.103, li_recovered:  8.638, time: 0.015185621999989962
L: 0.50, u_super: 0.00423, sec: 230.841, prod: 0.094919, t_ads: 46.1, t_des: 42.5, bed_util_ads: 0.495, bed_util_des: 0.494, des_th: 0.49448929497706806,frac_lost: 0.107, li_recovered:  8.411, time: 0.008720392999748583
L: 0.50, u_super: 0.00219, sec: 118.574, prod: 0.048266, t_ads: 88.2, t_des: 76.7, bed_util_ads: 0.500, bed_util_des: 0.499, des_th: 0.4992622325301206,frac_lost: 0.107, li_recovered:  7.956, time: 0.00887470999987272
L: 0.50, u_super: 0.00806, sec: 460.103, prod: 0.182159, t_ads: 24.3, t_des: 22.1, bed_util_ads: 0.500, bed_util_des: 0.500, des_th: 0.49965741391228224,frac_lost: 0.108, li_recovered:  8.449, time: 0.008176768000339507
L: 0.50, u_super: 0.00109, sec: 60.677, prod: 0.022857, t_ads: 175.2, t_des: 183.5, bed_util_ads: 0.467, bed_util_des: 0.465, des_th: 0.4647342612492335,frac_lost: 0.107, li_recovered:  8.199, time: 0.014754140000150073
L: 0.50, u_super: 0.00090, sec: 49.786, prod: 0.019216, t_ads: 207.7, t_des: 186.2, bed_util_ads: 0.484, bed_util_des: 0.483, des_th: 0.4833692300221471,frac_lost: 0.105, li_recovered:  7.570, time: 0.007862295999075286
L: 0.50, u_super: 0.00395, sec: 215.415, prod: 0.088436, t_ads: 49.2, t_des: 43.4, bed_util_ads: 0.500, bed_util_des: 0.499, des_th: 0.4994314316527285,frac_lost: 0.106, li_recovered:  8.193, time: 0.0135261650011671
L: 0.50, u_super: 0.00826, sec: 510.197, prod: 0.173115, t_ads: 23.7, t_des: 26.6, bed_util_ads: 0.473, bed_util_des: 0.472, des_th: 0.4722818286449463,frac_lost: 0.107, li_recovered:  8.707, time: 0.010075201998915873
L: 0.50, u_super: 0.00371, sec: 201.620, prod: 0.083102, t_ads: 52.5, t_des: 46.9, bed_util_ads: 0.499, bed_util_des: 0.499, des_th: 0.4987577115437586,frac_lost: 0.107, li_recovered:  8.256, time: 0.01060807400062913
L: 0.50, u_super: 0.00481, sec: 264.630, prod: 0.108039, t_ads: 40.4, t_des: 38.3, bed_util_ads: 0.491, bed_util_des: 0.491, des_th: 0.49113510146510686,frac_lost: 0.104, li_recovered:  8.507, time: 0.0077611209999304265
L: 0.50, u_super: 0.00616, sec: 348.257, prod: 0.137404, t_ads: 31.5, t_des: 31.2, bed_util_ads: 0.488, bed_util_des: 0.487, des_th: 0.4873433789348912,frac_lost: 0.102, li_recovered:  8.617, time: 0.019132462999550626
L: 0.50, u_super: 0.00990, sec: 577.263, prod: 0.224326, t_ads: 19.8, t_des: 17.9, bed_util_ads: 0.500, bed_util_des: 0.499, des_th: 0.49941800771673645,frac_lost: 0.106, li_recovered:  8.450, time: 0.014646180999989156
L: 0.50, u_super: 0.00425, sec: 232.114, prod: 0.095580, t_ads: 45.8, t_des: 42.3, bed_util_ads: 0.495, bed_util_des: 0.494, des_th: 0.49437067586261013,frac_lost: 0.106, li_recovered:  8.422, time: 0.01228138099941134
L: 0.50, u_super: 0.00005, sec: 4.397, prod: 0.000658, t_ads: 3187.9, t_des: 4991.0, bed_util_ads: 0.256, bed_util_des: 0.201, des_th: 0.20098097364113948,frac_lost: 0.101, li_recovered:  5.385, time: 0.013152912000805372
L: 0.50, u_super: 0.00454, sec: 248.675, prod: 0.102295, t_ads: 42.8, t_des: 39.1, bed_util_ads: 0.497, bed_util_des: 0.497, des_th: 0.4967830166128518,frac_lost: 0.106, li_recovered:  8.384, time: 0.011994956999842543
L: 0.50, u_super: 0.00685, sec: 384.566, prod: 0.155108, t_ads: 28.3, t_des: 25.3, bed_util_ads: 0.500, bed_util_des: 0.500, des_th: 0.4995496471446183,frac_lost: 0.101, li_recovered:  8.315, time: 0.014170185999319074
L: 0.50, u_super: 0.00326, sec: 176.640, prod: 0.072915, t_ads: 59.7, t_des: 53.8, bed_util_ads: 0.496, bed_util_des: 0.496, des_th: 0.4960971239699827,frac_lost: 0.109, li_recovered:  8.282, time: 0.014854738001304213
L: 32.56, u_super: 0.00580 — INFEASIBLE (li_recovered=0.000e+00), time: 0.005172592000235454
L: 0.50, u_super: 0.00242, sec: 135.674, prod: 0.051887, t_ads: 79.5, t_des: 84.5, bed_util_ads: 0.473, bed_util_des: 0.472, des_th: 0.4722212481403768,frac_lost: 0.103, li_recovered:  8.511, time: 0.01345197999944503
L: 0.50, u_super: 0.00614, sec: 341.600, prod: 0.138822, t_ads: 31.6, t_des: 28.3, bed_util_ads: 0.500, bed_util_des: 0.500, des_th: 0.4996941738068625,frac_lost: 0.101, li_recovered:  8.322, time: 0.01399376600056712
L: 0.50, u_super: 0.00371, sec: 217.767, prod: 0.076940, t_ads: 52.4, t_des: 59.6, bed_util_ads: 0.467, bed_util_des: 0.466, des_th: 0.46641344563027964,frac_lost: 0.105, li_recovered:  8.617, time: 0.01698801099882985
L: 0.50, u_super: 0.00900, sec: 519.334, prod: 0.203941, t_ads: 21.7, t_des: 19.4, bed_util_ads: 0.500, bed_util_des: 0.500, des_th: 0.49995229650096046,frac_lost: 0.105, li_recovered:  8.390, time: 0.0165921839998191
L: 0.50, u_super: 0.00507, sec: 280.125, prod: 0.113814, t_ads: 38.3, t_des: 36.7, bed_util_ads: 0.491, bed_util_des: 0.491, des_th: 0.49113510146510686,frac_lost: 0.103, li_recovered:  8.535, time: 0.014596328999687103
L: 0.89, u_super: 0.00951, sec: 989.390, prod: 0.214104, t_ads: 36.4, t_des: 34.5, bed_util_ads: 0.492, bed_util_des: 0.492, des_th: 0.49201105654680866,frac_lost: 0.102, li_recovered:  15.181, time: 0.012506263999966905
L: 0.50, u_super: 0.00895, sec: 559.374, prod: 0.186946, t_ads: 21.8, t_des: 24.8, bed_util_ads: 0.471, bed_util_des: 0.470, des_th: 0.4703638379404302,frac_lost: 0.105, li_recovered:  8.710, time: 0.017847486000391655
L: 55.04, u_super: 0.00234 — INFEASIBLE (li_recovered=0.000e+00), time: 0.00234470499890449
L: 0.50, u_super: 0.00116 — INFEASIBLE (li_recovered=0.000e+00), time: 0.009448250000787084
   874 |    34960 |     40 |  0.0038062987 |             f
L: 0.50, u_super: 0.00152, sec: 83.364, prod: 0.032952, t_ads: 125.6, t_des: 107.3, bed_util_ads: 0.497, bed_util_des: 0.497, des_th: 0.49706429287203113,frac_lost: 0.107, li_recovered:  7.673, time: 0.009911132001434453
L: 0.50, u_super: 0.00783, sec: 473.755, prod: 0.166702, t_ads: 25.0, t_des: 27.2, bed_util_ads: 0.476, bed_util_des: 0.475, des_th: 0.4751651412828271,frac_lost: 0.106, li_recovered:  8.699, time: 0.015071818999786046
L: 0.50, u_super: 0.00686, sec: 384.783, prod: 0.155205, t_ads: 28.3, t_des: 26.3, bed_util_ads: 0.495, bed_util_des: 0.495, des_th: 0.49508965638676633,frac_lost: 0.102, li_recovered:  8.478, time: 0.01113554500079772
L: 0.50, u_super: 0.00586, sec: 389.848, prod: 0.110445, t_ads: 33.4, t_des: 45.3, bed_util_ads: 0.448, bed_util_des: 0.447, des_th: 0.4471998938536384,frac_lost: 0.108, li_recovered:  8.691, time: 0.017255012000532588
L: 0.50, u_super: 0.00734, sec: 415.115, prod: 0.165733, t_ads: 26.7, t_des: 24.2, bed_util_ads: 0.499, bed_util_des: 0.498, des_th: 0.49842152040776455,frac_lost: 0.108, li_recovered:  8.432, time: 0.01283220299956156
L: 0.50, u_super: 0.00507, sec: 278.560, prod: 0.114453, t_ads: 38.3, t_des: 35.0, bed_util_ads: 0.496, bed_util_des: 0.496, des_th: 0.4961085269801461,frac_lost: 0.102, li_recovered:  8.389, time: 0.016295731000354863
L: 32.83, u_super: 0.00481 — INFEASIBLE (li_recovered=0.000e+00), time: 0.0025156179999612505
L: 20.75, u_super: 0.00900 — INFEASIBLE (li_recovered=0.000e+00), time: 0.006310016000497853
L: 0.50, u_super: 0.00326, sec: 176.508, prod: 0.072896, t_ads: 59.7, t_des: 53.9, bed_util_ads: 0.496, bed_util_des: 0.496, des_th: 0.49595345391019025,frac_lost: 0.108, li_recovered:  8.287, time: 0.012572940000609378
L: 0.50, u_super: 0.00614, sec: 341.411, prod: 0.138898, t_ads: 31.6, t_des: 28.6, bed_util_ads: 0.499, bed_util_des: 0.499, des_th: 0.49891767320977093,frac_lost: 0.101, li_recovered:  8.357, time: 0.018056902999887825
L: 0.50, u_super: 0.00990, sec: 577.545, prod: 0.224214, t_ads: 19.7, t_des: 18.3, bed_util_ads: 0.496, bed_util_des: 0.496, des_th: 0.49606562771942325,frac_lost: 0.105, li_recovered:  8.534, time: 0.014917790000254172
L: 6.94, u_super: 0.00005 — INFEASIBLE (li_recovered=0.000e+00), time: 0.0014520559998345561
L: 21.37, u_super: 0.00273 — INFEASIBLE (li_recovered=0.000e+00), time: 0.002212404000601964
L: 66.44, u_super: 0.00910 — INFEASIBLE (li_recovered=0.000e+00), time: 0.0029731829999946058
L: 0.50, u_super: 0.00332, sec: 180.314, prod: 0.074246, t_ads: 58.5, t_des: 51.7, bed_util_ads: 0.499, bed_util_des: 0.499, des_th: 0.49887767896198737,frac_lost: 0.107, li_recovered:  8.184, time: 0.015298790000088047
L: 0.50, u_super: 0.00014 — INFEASIBLE (li_recovered=0.000e+00), time: 0.002666166999915731
L: 48.44, u_super: 0.00204 — INFEASIBLE (li_recovered=0.000e+00), time: 0.0017064650000975234
L: 0.50, u_super: 0.00804, sec: 457.096, prod: 0.182513, t_ads: 24.1, t_des: 22.1, bed_util_ads: 0.499, bed_util_des: 0.498, des_th: 0.49842152040776455,frac_lost: 0.100, li_recovered:  8.434, time: 0.01546168300046702
L: 0.50, u_super: 0.00709, sec: 416.544, prod: 0.153682, t_ads: 27.6, t_des: 28.9, bed_util_ads: 0.481, bed_util_des: 0.481, des_th: 0.48067694913811404,frac_lost: 0.107, li_recovered:  8.683, time: 0.011058451998906094
L: 0.50, u_super: 0.00550, sec: 303.592, prod: 0.124252, t_ads: 35.3, t_des: 32.4, bed_util_ads: 0.496, bed_util_des: 0.496, des_th: 0.49597048824537826,frac_lost: 0.102, li_recovered:  8.407, time: 0.017972178999116295
L: 0.50, u_super: 0.00021, sec: 35.459, prod: 0.001493, t_ads: 930.0, t_des: 4899.1, bed_util_ads: 0.238, bed_util_des: 0.175, des_th: 0.1748183084999069,frac_lost: 0.101, li_recovered:  8.700, time: 0.036678238000604324
L: 0.50, u_super: 0.00299, sec: 161.986, prod: 0.066686, t_ads: 64.5, t_des: 56.6, bed_util_ads: 0.499, bed_util_des: 0.499, des_th: 0.49887767896198737,frac_lost: 0.102, li_recovered:  8.076, time: 0.012081271999704768
L: 0.50, u_super: 0.00031 — INFEASIBLE (li_recovered=0.000e+00), time: 0.005747608000092441
L: 4.24, u_super: 0.00838 — INFEASIBLE (li_recovered=0.000e+00), time: 0.010091608000948327
L: 0.50, u_super: 0.00352, sec: 190.781, prod: 0.078801, t_ads: 55.3, t_des: 49.9, bed_util_ads: 0.496, bed_util_des: 0.496, des_th: 0.4960971239699827,frac_lost: 0.107, li_recovered:  8.294, time: 0.015343876000770251
L: 2.39, u_super: 0.00990, sec: 2859.335, prod: 0.216812, t_ads: 92.4, t_des: 79.1, bed_util_ads: 0.500, bed_util_des: 0.499, des_th: 0.49941800771673645,frac_lost: 0.100, li_recovered:  37.193, time: 0.012867440000263741
L: 0.50, u_super: 0.00059 — INFEASIBLE (li_recovered=0.000e+00), time: 0.008268260999102495
L: 0.50, u_super: 0.00614, sec: 467.589, prod: 0.101417, t_ads: 31.9, t_des: 53.9, bed_util_ads: 0.420, bed_util_des: 0.419, des_th: 0.4191627980191445,frac_lost: 0.107, li_recovered:  8.707, time: 0.018896908000897383
L: 0.50, u_super: 0.00352, sec: 190.781, prod: 0.078801, t_ads: 55.3, t_des: 49.9, bed_util_ads: 0.496, bed_util_des: 0.496, des_th: 0.4960971239699827,frac_lost: 0.107, li_recovered:  8.294, time: 0.014348036000228603
L: 0.50, u_super: 0.00150, sec: 82.361, prod: 0.032091, t_ads: 126.8, t_des: 106.6, bed_util_ads: 0.499, bed_util_des: 0.499, des_th: 0.4993738350959879,frac_lost: 0.100, li_recovered:  7.490, time: 0.010669464001693996
L: 69.92, u_super: 0.00714, sec: 95715.390, prod: 0.094880, t_ads: 3528.2, t_des: 6532.4, bed_util_ads: 0.248, bed_util_des: 0.171, des_th: 0.17135849048293367,frac_lost: 0.103, li_recovered:  954.545, time: 0.01719782399959513
L: 0.50, u_super: 0.00481, sec: 269.754, prod: 0.105987, t_ads: 40.3, t_des: 40.9, bed_util_ads: 0.483, bed_util_des: 0.483, des_th: 0.48288862349708905,frac_lost: 0.102, li_recovered:  8.612, time: 0.02006215599976713
L: 0.70, u_super: 0.00656, sec: 514.783, prod: 0.147766, t_ads: 41.4, t_des: 37.4, bed_util_ads: 0.499, bed_util_des: 0.499, des_th: 0.4985844513128386,frac_lost: 0.105, li_recovered:  11.638, time: 0.01300152699877799
L: 14.85, u_super: 0.00826 — INFEASIBLE (li_recovered=0.000e+00), time: 0.006755665001037414
L: 0.50, u_super: 0.00264, sec: 142.644, prod: 0.058697, t_ads: 72.9, t_des: 70.6, bed_util_ads: 0.487, bed_util_des: 0.486, des_th: 0.4861032262652438,frac_lost: 0.101, li_recovered:  8.421, time: 0.012695899000391364
L: 0.50, u_super: 0.00326, sec: 176.539, prod: 0.072883, t_ads: 59.6, t_des: 53.3, bed_util_ads: 0.498, bed_util_des: 0.498, des_th: 0.4982167824291138,frac_lost: 0.107, li_recovered:  8.228, time: 0.01615230400057044
L: 0.50, u_super: 0.00990, sec: 576.453, prod: 0.224643, t_ads: 19.7, t_des: 17.9, bed_util_ads: 0.500, bed_util_des: 0.499, des_th: 0.4994198702440067,frac_lost: 0.104, li_recovered:  8.446, time: 0.013145021999662276
L: 0.50, u_super: 0.00352, sec: 214.366, prod: 0.070076, t_ads: 55.3, t_des: 67.7, bed_util_ads: 0.458, bed_util_des: 0.457, des_th: 0.4570483790908175,frac_lost: 0.105, li_recovered:  8.617, time: 0.017548927999087027
L: 0.50, u_super: 0.00806, sec: 459.511, prod: 0.182395, t_ads: 24.3, t_des: 22.0, bed_util_ads: 0.499, bed_util_des: 0.499, des_th: 0.4987558490154185,frac_lost: 0.106, li_recovered:  8.441, time: 0.014977975000874721
L: 0.50, u_super: 0.00300, sec: 167.038, prod: 0.064899, t_ads: 64.8, t_des: 67.0, bed_util_ads: 0.478, bed_util_des: 0.478, des_th: 0.47756836790994256,frac_lost: 0.106, li_recovered:  8.554, time: 0.013888245000998722
   875 |    35000 |     40 |  0.0008868402 |             f
L: 0.50, u_super: 0.00088, sec: 48.840, prod: 0.018490, t_ads: 213.9, t_des: 186.8, bed_util_ads: 0.487, bed_util_des: 0.486, des_th: 0.4863857867521329,frac_lost: 0.107, li_recovered:  7.408, time: 0.014521471999614732
L: 0.50, u_super: 0.00883, sec: 508.537, prod: 0.199786, t_ads: 22.2, t_des: 20.1, bed_util_ads: 0.499, bed_util_des: 0.498, des_th: 0.49842152040776455,frac_lost: 0.107, li_recovered:  8.455, time: 0.010231476999251754
L: 0.50, u_super: 0.00400, sec: 217.931, prod: 0.089737, t_ads: 48.6, t_des: 43.4, bed_util_ads: 0.500, bed_util_des: 0.499, des_th: 0.4994314316527285,frac_lost: 0.106, li_recovered:  8.255, time: 0.014398235998669406
L: 0.50, u_super: 0.00680, sec: 382.080, prod: 0.153615, t_ads: 28.8, t_des: 26.1, bed_util_ads: 0.499, bed_util_des: 0.499, des_th: 0.49898791807260756,frac_lost: 0.107, li_recovered:  8.427, time: 0.012715482000203338
L: 0.50, u_super: 0.00987, sec: 574.508, prod: 0.223831, t_ads: 19.8, t_des: 18.0, bed_util_ads: 0.500, bed_util_des: 0.499, des_th: 0.499433365395449,frac_lost: 0.104, li_recovered:  8.451, time: 0.01625787500051956
L: 0.50, u_super: 0.00027, sec: 53.968, prod: 0.001512, t_ads: 758.5, t_des: 5085.8, bed_util_ads: 0.226, bed_util_des: 0.166, des_th: 0.1660731845442403,frac_lost: 0.104, li_recovered:  8.836, time: 0.05006500099989353
L: 42.75, u_super: 0.00770 — INFEASIBLE (li_recovered=0.000e+00), time: 0.0026692259998526424
L: 0.50, u_super: 0.00953, sec: 552.783, prod: 0.216166, t_ads: 20.5, t_des: 18.4, bed_util_ads: 0.500, bed_util_des: 0.500, des_th: 0.49958882960117523,frac_lost: 0.104, li_recovered:  8.411, time: 0.014814082998782396
L: 0.50, u_super: 0.00640, sec: 357.260, prod: 0.144832, t_ads: 30.4, t_des: 27.4, bed_util_ads: 0.499, bed_util_des: 0.499, des_th: 0.4986705282609152,frac_lost: 0.102, li_recovered:  8.367, time: 0.014925709001545329
L: 0.50, u_super: 0.00056 — INFEASIBLE (li_recovered=0.000e+00), time: 0.008010325000213925
L: 0.50, u_super: 0.00007 — INFEASIBLE (li_recovered=0.000e+00), time: 0.002215745998910279
L: 0.50, u_super: 0.00825, sec: 472.037, prod: 0.186779, t_ads: 23.7, t_des: 21.5, bed_util_ads: 0.499, bed_util_des: 0.498, des_th: 0.49842152040776455,frac_lost: 0.107, li_recovered:  8.434, time: 0.011254248000113876
L: 0.50, u_super: 0.00448, sec: 244.924, prod: 0.100702, t_ads: 43.4, t_des: 38.8, bed_util_ads: 0.499, bed_util_des: 0.499, des_th: 0.49856416387722285,frac_lost: 0.104, li_recovered:  8.273, time: 0.013961972999823047
L: 0.50, u_super: 0.00985, sec: 678.147, prod: 0.188980, t_ads: 19.9, t_des: 26.3, bed_util_ads: 0.451, bed_util_des: 0.451, des_th: 0.4508005909701389,frac_lost: 0.105, li_recovered:  8.723, time: 0.01074823999988439
L: 0.50, u_super: 0.00826, sec: 475.936, prod: 0.185281, t_ads: 23.7, t_des: 22.8, bed_util_ads: 0.491, bed_util_des: 0.491, des_th: 0.49113510146510686,frac_lost: 0.106, li_recovered:  8.615, time: 0.009855207999862614
L: 0.50, u_super: 0.00868, sec: 499.264, prod: 0.196442, t_ads: 22.6, t_des: 20.4, bed_util_ads: 0.499, bed_util_des: 0.499, des_th: 0.49892957950182487,frac_lost: 0.108, li_recovered:  8.445, time: 0.008456965999357635
L: 0.50, u_super: 0.00533, sec: 294.176, prod: 0.120481, t_ads: 36.3, t_des: 32.5, bed_util_ads: 0.500, bed_util_des: 0.500, des_th: 0.49955829941787,frac_lost: 0.101, li_recovered:  8.291, time: 0.011470415000076173
L: 0.50, u_super: 0.00410, sec: 223.834, prod: 0.091813, t_ads: 47.4, t_des: 41.8, bed_util_ads: 0.500, bed_util_des: 0.500, des_th: 0.4999928598608811,frac_lost: 0.105, li_recovered:  8.193, time: 0.012617173000762705
L: 0.50, u_super: 0.00432, sec: 310.805, prod: 0.073714, t_ads: 45.4, t_des: 72.3, bed_util_ads: 0.427, bed_util_des: 0.425, des_th: 0.4253847455225389,frac_lost: 0.109, li_recovered:  8.675, time: 0.017816057001255103
L: 0.50, u_super: 0.00653, sec: 365.005, prod: 0.147853, t_ads: 29.7, t_des: 26.9, bed_util_ads: 0.499, bed_util_des: 0.499, des_th: 0.49858124667778353,frac_lost: 0.102, li_recovered:  8.369, time: 0.017253578000236303
L: 0.63, u_super: 0.00806, sec: 580.231, prod: 0.181902, t_ads: 30.5, t_des: 27.4, bed_util_ads: 0.499, bed_util_des: 0.499, des_th: 0.499212505069563,frac_lost: 0.109, li_recovered:  10.536, time: 0.012372559998766519
L: 0.50, u_super: 0.00272, sec: 147.016, prod: 0.060420, t_ads: 71.1, t_des: 62.3, bed_util_ads: 0.499, bed_util_des: 0.499, des_th: 0.49910750238642915,frac_lost: 0.104, li_recovered:  8.059, time: 0.012071700999513268
L: 0.50, u_super: 0.00224, sec: 121.598, prod: 0.049104, t_ads: 86.6, t_des: 74.2, bed_util_ads: 0.500, bed_util_des: 0.500, des_th: 0.49968205563642204,frac_lost: 0.108, li_recovered:  7.895, time: 0.009358987999803503
L: 0.50, u_super: 0.00331, sec: 179.032, prod: 0.074396, t_ads: 58.1, t_des: 52.4, bed_util_ads: 0.496, bed_util_des: 0.496, des_th: 0.49612502565135586,frac_lost: 0.100, li_recovered:  8.225, time: 0.011784288999479031
L: 0.50, u_super: 0.00605, sec: 336.092, prod: 0.136836, t_ads: 32.1, t_des: 29.0, bed_util_ads: 0.499, bed_util_des: 0.499, des_th: 0.49891767320977093,frac_lost: 0.102, li_recovered:  8.361, time: 0.010370854000939289
L: 0.50, u_super: 0.00544, sec: 300.838, prod: 0.122845, t_ads: 35.7, t_des: 31.9, bed_util_ads: 0.499, bed_util_des: 0.499, des_th: 0.49927145555072977,frac_lost: 0.103, li_recovered:  8.308, time: 0.01036276199920394
L: 0.50, u_super: 0.00713, sec: 402.880, prod: 0.161100, t_ads: 27.5, t_des: 24.9, bed_util_ads: 0.500, bed_util_des: 0.499, des_th: 0.4994099658533101,frac_lost: 0.109, li_recovered:  8.435, time: 0.013516020999304601
L: 0.50, u_super: 0.00906, sec: 567.280, prod: 0.188980, t_ads: 21.6, t_des: 24.5, bed_util_ads: 0.470, bed_util_des: 0.470, des_th: 0.469981936639745,frac_lost: 0.104, li_recovered:  8.710, time: 0.012885882000773563
L: 0.50, u_super: 0.00246, sec: 1019.922, prod: 0.007135, t_ads: 79.8, t_des: 1152.3, bed_util_ads: 0.196, bed_util_des: 0.185, des_th: 0.18517389062715944,frac_lost: 0.105, li_recovered:  8.791, time: 0.06935880199853273
L: 0.50, u_super: 0.00043, sec: 25.000, prod: 0.008532, t_ads: 415.9, t_des: 404.8, bed_util_ads: 0.453, bed_util_des: 0.450, des_th: 0.4505404038655303,frac_lost: 0.103, li_recovered:  7.002, time: 0.01071093300015491
L: 0.50, u_super: 0.00773, sec: 439.595, prod: 0.174902, t_ads: 25.3, t_des: 22.9, bed_util_ads: 0.499, bed_util_des: 0.498, des_th: 0.4984174295979787,frac_lost: 0.107, li_recovered:  8.433, time: 0.011674485998810269
L: 0.50, u_super: 0.00041 — INFEASIBLE (li_recovered=0.000e+00), time: 0.005977381999400677
L: 0.50, u_super: 0.00972, sec: 564.601, prod: 0.220718, t_ads: 20.0, t_des: 18.2, bed_util_ads: 0.499, bed_util_des: 0.499, des_th: 0.4992029998385756,frac_lost: 0.103, li_recovered:  8.439, time: 0.012478186999942409
L: 8.38, u_super: 0.00614 — INFEASIBLE (li_recovered=0.000e+00), time: 0.006613034000110929
L: 0.50, u_super: 0.00898, sec: 517.945, prod: 0.203233, t_ads: 21.8, t_des: 19.5, bed_util_ads: 0.500, bed_util_des: 0.500, des_th: 0.49995229650096046,frac_lost: 0.106, li_recovered:  8.398, time: 0.013357462999920244
L: 0.50, u_super: 0.00930, sec: 538.120, prod: 0.210963, t_ads: 21.0, t_des: 19.1, bed_util_ads: 0.500, bed_util_des: 0.499, des_th: 0.4994481640984337,frac_lost: 0.104, li_recovered:  8.445, time: 0.017081531999792787
L: 0.50, u_super: 0.00032 — INFEASIBLE (li_recovered=0.000e+00), time: 0.006811904000642244
L: 10.10, u_super: 0.00755 — INFEASIBLE (li_recovered=0.000e+00), time: 0.007388094001726131
L: 10.58, u_super: 0.00052 — INFEASIBLE (li_recovered=0.000e+00), time: 0.0027474500002426794
L: 0.50, u_super: 0.00481, sec: 265.361, prod: 0.107741, t_ads: 40.5, t_des: 38.7, bed_util_ads: 0.491, bed_util_des: 0.491, des_th: 0.490867573196204,frac_lost: 0.105, li_recovered:  8.533, time: 0.014425639999899431
   876 |    35040 |     40 |  0.0034694551 |             f
L: 0.50, u_super: 0.00031, sec: 18.959, prod: 0.005880, t_ads: 554.6, t_des: 573.3, bed_util_ads: 0.433, bed_util_des: 0.428, des_th: 0.42815804680431874,frac_lost: 0.103, li_recovered:  6.632, time: 0.02935822899962659
L: 0.50, u_super: 0.00362, sec: 196.756, prod: 0.081048, t_ads: 53.7, t_des: 47.6, bed_util_ads: 0.499, bed_util_des: 0.499, des_th: 0.49875609497111323,frac_lost: 0.106, li_recovered:  8.214, time: 0.018929754000055254
L: 0.50, u_super: 0.00085, sec: 47.631, prod: 0.017848, t_ads: 218.0, t_des: 189.4, bed_util_ads: 0.486, bed_util_des: 0.486, des_th: 0.4858778845228938,frac_lost: 0.101, li_recovered:  7.272, time: 0.021957389999442967
L: 0.50, u_super: 0.00957, sec: 555.107, prod: 0.216973, t_ads: 20.4, t_des: 18.5, bed_util_ads: 0.499, bed_util_des: 0.499, des_th: 0.49891491102214436,frac_lost: 0.104, li_recovered:  8.448, time: 0.015986733000318054
L: 0.50, u_super: 0.00809, sec: 461.308, prod: 0.183063, t_ads: 24.2, t_des: 21.9, bed_util_ads: 0.499, bed_util_des: 0.498, des_th: 0.49842152040776455,frac_lost: 0.106, li_recovered:  8.431, time: 0.016289653000058024
L: 0.50, u_super: 0.00152, sec: 82.995, prod: 0.033098, t_ads: 125.6, t_des: 108.7, bed_util_ads: 0.496, bed_util_des: 0.496, des_th: 0.49608396940785254,frac_lost: 0.107, li_recovered:  7.755, time: 0.014726273000633228
L: 0.50, u_super: 0.00202, sec: 800.179, prod: 0.006090, t_ads: 97.1, t_des: 1346.3, bed_util_ads: 0.198, bed_util_des: 0.185, des_th: 0.1851696623157332,frac_lost: 0.103, li_recovered:  8.790, time: 0.09712156800014782
L: 8.07, u_super: 0.00979 — INFEASIBLE (li_recovered=0.000e+00), time: 0.008439259998340276
L: 0.50, u_super: 0.00308, sec: 166.134, prod: 0.069061, t_ads: 62.7, t_des: 57.1, bed_util_ads: 0.495, bed_util_des: 0.494, des_th: 0.4944681455715528,frac_lost: 0.103, li_recovered:  8.274, time: 0.014380787000845885
L: 0.50, u_super: 0.00900, sec: 518.535, prod: 0.204018, t_ads: 21.7, t_des: 19.7, bed_util_ads: 0.500, bed_util_des: 0.499, des_th: 0.4994481640984337,frac_lost: 0.104, li_recovered:  8.441, time: 0.008066603999395738
L: 0.50, u_super: 0.00095 — INFEASIBLE (li_recovered=0.000e+00), time: 0.008918811001422
L: 0.50, u_super: 0.00636, sec: 354.799, prod: 0.143744, t_ads: 30.6, t_des: 27.6, bed_util_ads: 0.499, bed_util_des: 0.499, des_th: 0.49891767320977093,frac_lost: 0.103, li_recovered:  8.371, time: 0.014095549000558094
L: 0.50, u_super: 0.00272, sec: 147.231, prod: 0.060197, t_ads: 70.9, t_des: 61.5, bed_util_ads: 0.500, bed_util_des: 0.500, des_th: 0.4996786842205014,frac_lost: 0.102, li_recovered:  7.973, time: 0.016291093999825534
L: 1.48, u_super: 0.00738, sec: 1258.331, prod: 0.163555, t_ads: 77.4, t_des: 67.8, bed_util_ads: 0.499, bed_util_des: 0.498, des_th: 0.49843037604754187,frac_lost: 0.105, li_recovered:  23.744, time: 0.015656006999051897
L: 0.50, u_super: 0.00578, sec: 320.368, prod: 0.130806, t_ads: 33.5, t_des: 30.4, bed_util_ads: 0.497, bed_util_des: 0.497, des_th: 0.49732520457868706,frac_lost: 0.101, li_recovered:  8.366, time: 0.00723872799972014
L: 19.15, u_super: 0.00273 — INFEASIBLE (li_recovered=0.000e+00), time: 0.0029230279997136677
L: 0.50, u_super: 0.00124, sec: 66.824, prod: 0.026978, t_ads: 153.1, t_des: 142.5, bed_util_ads: 0.485, bed_util_des: 0.484, des_th: 0.4842484979791084,frac_lost: 0.102, li_recovered:  7.976, time: 0.012116698999307118
L: 0.50, u_super: 0.00627, sec: 349.615, prod: 0.141995, t_ads: 30.9, t_des: 27.7, bed_util_ads: 0.499, bed_util_des: 0.499, des_th: 0.49891115755400733,frac_lost: 0.100, li_recovered:  8.322, time: 0.012233968000145978
L: 26.20, u_super: 0.00752 — INFEASIBLE (li_recovered=0.000e+00), time: 0.003628395999839995
L: 0.50, u_super: 0.00217, sec: 118.315, prod: 0.047660, t_ads: 88.0, t_des: 75.2, bed_util_ads: 0.500, bed_util_des: 0.500, des_th: 0.49981703077890105,frac_lost: 0.100, li_recovered:  7.777, time: 0.013719037999180728
L: 48.56, u_super: 0.00219 — INFEASIBLE (li_recovered=0.000e+00), time: 0.0014252040000428678
L: 13.61, u_super: 0.00610 — INFEASIBLE (li_recovered=0.000e+00), time: 0.006779721999919275
L: 0.50, u_super: 0.00065, sec: 36.170, prod: 0.013432, t_ads: 285.4, t_des: 266.0, bed_util_ads: 0.472, bed_util_des: 0.470, des_th: 0.469981936639745,frac_lost: 0.103, li_recovered:  7.407, time: 0.013500508001015987
L: 0.50, u_super: 0.00326, sec: 176.424, prod: 0.072931, t_ads: 59.7, t_des: 53.9, bed_util_ads: 0.497, bed_util_des: 0.497, des_th: 0.49707744743416116,frac_lost: 0.108, li_recovered:  8.287, time: 0.011631104000116466
L: 10.00, u_super: 0.00825 — INFEASIBLE (li_recovered=0.000e+00), time: 0.004221137000058661
L: 23.72, u_super: 0.00204 — INFEASIBLE (li_recovered=0.000e+00), time: 0.00138992599931953
L: 0.50, u_super: 0.00120, sec: 66.307, prod: 0.025581, t_ads: 157.5, t_des: 164.0, bed_util_ads: 0.470, bed_util_des: 0.468, des_th: 0.4680885367411076,frac_lost: 0.100, li_recovered:  8.225, time: 0.020553254000333254
L: 0.50, u_super: 0.00400, sec: 217.761, prod: 0.090018, t_ads: 48.5, t_des: 44.4, bed_util_ads: 0.496, bed_util_des: 0.496, des_th: 0.49611827337549796,frac_lost: 0.105, li_recovered:  8.366, time: 0.011127976000352646
L: 0.50, u_super: 0.00931, sec: 538.898, prod: 0.210896, t_ads: 21.0, t_des: 19.0, bed_util_ads: 0.500, bed_util_des: 0.500, des_th: 0.49995229650096046,frac_lost: 0.106, li_recovered:  8.444, time: 0.016187051000088104
L: 0.50, u_super: 0.00005, sec: 4.324, prod: 0.000669, t_ads: 3431.3, t_des: 5857.7, bed_util_ads: 0.252, bed_util_des: 0.185, des_th: 0.1851696623157332,frac_lost: 0.102, li_recovered:  6.219, time: 0.01685943399934331
L: 39.94, u_super: 0.00783 — INFEASIBLE (li_recovered=0.000e+00), time: 0.004259534000084386
L: 0.50, u_super: 0.00985, sec: 573.404, prod: 0.223255, t_ads: 19.8, t_des: 17.8, bed_util_ads: 0.500, bed_util_des: 0.500, des_th: 0.49992103331848925,frac_lost: 0.104, li_recovered:  8.400, time: 0.012066929999491549
L: 0.50, u_super: 0.00198, sec: 107.789, prod: 0.043185, t_ads: 96.8, t_des: 82.5, bed_util_ads: 0.499, bed_util_des: 0.499, des_th: 0.49915613282916,frac_lost: 0.102, li_recovered:  7.742, time: 0.013840151999829686
L: 0.51, u_super: 0.00352, sec: 193.826, prod: 0.078792, t_ads: 56.2, t_des: 50.8, bed_util_ads: 0.496, bed_util_des: 0.496, des_th: 0.4960971239699827,frac_lost: 0.107, li_recovered:  8.426, time: 0.01559374300086347
L: 91.57, u_super: 0.00245 — INFEASIBLE (li_recovered=0.000e+00), time: 0.002141479999409057
L: 0.50, u_super: 0.00150, sec: 81.321, prod: 0.032905, t_ads: 127.3, t_des: 122.6, bed_util_ads: 0.483, bed_util_des: 0.481, des_th: 0.4814745689534898,frac_lost: 0.106, li_recovered:  8.224, time: 0.012134200000218698
L: 0.50, u_super: 0.00924, sec: 534.412, prod: 0.209568, t_ads: 21.1, t_des: 19.2, bed_util_ads: 0.500, bed_util_des: 0.499, des_th: 0.4994481640984337,frac_lost: 0.105, li_recovered:  8.448, time: 0.012263239999811049
L: 0.50, u_super: 0.00348, sec: 188.867, prod: 0.077897, t_ads: 55.9, t_des: 50.0, bed_util_ads: 0.498, bed_util_des: 0.497, des_th: 0.4972619541904026,frac_lost: 0.107, li_recovered:  8.246, time: 0.013616086998808896
L: 0.50, u_super: 0.00061, sec: 36.915, prod: 0.011910, t_ads: 303.3, t_des: 358.9, bed_util_ads: 0.440, bed_util_des: 0.434, des_th: 0.4342103292242842,frac_lost: 0.105, li_recovered:  7.886, time: 0.011943112000153633
L: 0.50, u_super: 0.00990, sec: 576.774, prod: 0.224494, t_ads: 19.7, t_des: 17.9, bed_util_ads: 0.500, bed_util_des: 0.499, des_th: 0.49941800771673645,frac_lost: 0.105, li_recovered:  8.451, time: 0.012542382999527035
   877 |    35080 |     40 |  0.0016213729 |             f
L: 0.50, u_super: 0.00900, sec: 530.957, prod: 0.199245, t_ads: 21.7, t_des: 21.9, bed_util_ads: 0.486, bed_util_des: 0.486, des_th: 0.4859707983291546,frac_lost: 0.104, li_recovered:  8.677, time: 0.014035695998245501
L: 0.50, u_super: 0.00868, sec: 498.830, prod: 0.196605, t_ads: 22.5, t_des: 20.4, bed_util_ads: 0.499, bed_util_des: 0.499, des_th: 0.49916268509107603,frac_lost: 0.106, li_recovered:  8.433, time: 0.016628146999210003
L: 0.50, u_super: 0.00713, sec: 401.398, prod: 0.161695, t_ads: 27.2, t_des: 24.6, bed_util_ads: 0.499, bed_util_des: 0.499, des_th: 0.49892260246225295,frac_lost: 0.101, li_recovered:  8.376, time: 0.00991414599957352
L: 0.50, u_super: 0.00781, sec: 446.551, prod: 0.175581, t_ads: 25.1, t_des: 23.8, bed_util_ads: 0.494, bed_util_des: 0.494, des_th: 0.49359757103002005,frac_lost: 0.108, li_recovered:  8.586, time: 0.01612421600111702
L: 0.50, u_super: 0.00019, sec: 13.336, prod: 0.003001, t_ads: 804.5, t_des: 871.3, bed_util_ads: 0.391, bed_util_des: 0.387, des_th: 0.38694841693658316,frac_lost: 0.100, li_recovered:  5.029, time: 0.011319528000967694
L: 3.07, u_super: 0.00315 — INFEASIBLE (li_recovered=0.000e+00), time: 0.007746162998955697
L: 0.50, u_super: 0.00773, sec: 476.476, prod: 0.161069, t_ads: 25.3, t_des: 28.7, bed_util_ads: 0.470, bed_util_des: 0.470, des_th: 0.469981936639745,frac_lost: 0.107, li_recovered:  8.702, time: 0.012684550001722528
L: 0.50, u_super: 0.00960, sec: 561.780, prod: 0.216086, t_ads: 20.3, t_des: 19.6, bed_util_ads: 0.492, bed_util_des: 0.492, des_th: 0.49209147315674323,frac_lost: 0.104, li_recovered:  8.620, time: 0.015600219998304965
L: 0.50, u_super: 0.00680, sec: 381.068, prod: 0.154205, t_ads: 28.5, t_des: 26.1, bed_util_ads: 0.498, bed_util_des: 0.498, des_th: 0.4977216667638423,frac_lost: 0.100, li_recovered:  8.417, time: 0.014401648000784917
L: 0.50, u_super: 0.00039, sec: 84.363, prod: 0.002115, t_ads: 505.5, t_des: 3638.6, bed_util_ads: 0.230, bed_util_des: 0.185, des_th: 0.18481200188272498,frac_lost: 0.101, li_recovered:  8.765, time: 0.04565748400091252
L: 39.16, u_super: 0.00281 — INFEASIBLE (li_recovered=0.000e+00), time: 0.0020144850004726322
L: 0.50, u_super: 0.00012 — INFEASIBLE (li_recovered=0.000e+00), time: 0.005037506000007852
L: 0.50, u_super: 0.00373, sec: 208.387, prod: 0.081274, t_ads: 52.1, t_des: 53.6, bed_util_ads: 0.480, bed_util_des: 0.480, des_th: 0.47960065086279224,frac_lost: 0.104, li_recovered:  8.589, time: 0.008973357000286342
L: 0.50, u_super: 0.00466, sec: 255.675, prod: 0.104951, t_ads: 41.7, t_des: 37.3, bed_util_ads: 0.499, bed_util_des: 0.499, des_th: 0.49857099286470163,frac_lost: 0.105, li_recovered:  8.292, time: 0.008409490999838454
L: 0.50, u_super: 0.00825, sec: 472.037, prod: 0.186779, t_ads: 23.7, t_des: 21.5, bed_util_ads: 0.499, bed_util_des: 0.498, des_th: 0.49842152040776455,frac_lost: 0.107, li_recovered:  8.434, time: 0.013366073999350192
L: 0.50, u_super: 0.00120, sec: 65.010, prod: 0.026092, t_ads: 158.4, t_des: 148.6, bed_util_ads: 0.482, bed_util_des: 0.481, des_th: 0.4812014646291692,frac_lost: 0.105, li_recovered:  8.009, time: 0.0133503520009981
L: 0.50, u_super: 0.00670, sec: 376.779, prod: 0.151209, t_ads: 29.2, t_des: 26.2, bed_util_ads: 0.500, bed_util_des: 0.500, des_th: 0.49966352065043207,frac_lost: 0.109, li_recovered:  8.385, time: 0.012819726998714032
L: 0.50, u_super: 0.00550, sec: 303.837, prod: 0.124252, t_ads: 35.3, t_des: 32.8, bed_util_ads: 0.494, bed_util_des: 0.494, des_th: 0.4938517386473749,frac_lost: 0.102, li_recovered:  8.456, time: 0.01086732200019469
L: 0.50, u_super: 0.00982, sec: 571.375, prod: 0.222656, t_ads: 19.9, t_des: 18.1, bed_util_ads: 0.500, bed_util_des: 0.499, des_th: 0.49941457908096004,frac_lost: 0.105, li_recovered:  8.452, time: 0.013864811000530608
L: 14.56, u_super: 0.00548 — INFEASIBLE (li_recovered=0.000e+00), time: 0.00500039399958041
L: 0.50, u_super: 0.00628, sec: 349.924, prod: 0.141982, t_ads: 30.9, t_des: 27.6, bed_util_ads: 0.500, bed_util_des: 0.499, des_th: 0.49940503660080415,frac_lost: 0.100, li_recovered:  8.298, time: 0.009879932000330882
L: 0.50, u_super: 0.00353, sec: 191.698, prod: 0.078995, t_ads: 55.2, t_des: 49.2, bed_util_ads: 0.499, bed_util_des: 0.499, des_th: 0.4987015454174683,frac_lost: 0.108, li_recovered:  8.248, time: 0.013768958000582643
L: 0.50, u_super: 0.00780, sec: 444.074, prod: 0.176393, t_ads: 25.1, t_des: 22.7, bed_util_ads: 0.499, bed_util_des: 0.498, des_th: 0.49842152040776455,frac_lost: 0.108, li_recovered:  8.440, time: 0.012225720000060392
L: 0.50, u_super: 0.00545, sec: 301.150, prod: 0.122960, t_ads: 35.6, t_des: 31.9, bed_util_ads: 0.500, bed_util_des: 0.500, des_th: 0.4995388664427148,frac_lost: 0.103, li_recovered:  8.302, time: 0.014308109999547014
L: 0.50, u_super: 0.00061 — INFEASIBLE (li_recovered=0.000e+00), time: 0.006618288998652133
L: 0.50, u_super: 0.00416, sec: 226.598, prod: 0.093531, t_ads: 46.7, t_des: 43.2, bed_util_ads: 0.495, bed_util_des: 0.494, des_th: 0.49448929497706806,frac_lost: 0.104, li_recovered:  8.412, time: 0.012846577001255355
L: 0.67, u_super: 0.00507, sec: 378.315, prod: 0.113672, t_ads: 51.9, t_des: 47.4, bed_util_ads: 0.496, bed_util_des: 0.496, des_th: 0.49613711748812145,frac_lost: 0.108, li_recovered:  11.281, time: 0.007239386999572162
L: 0.50, u_super: 0.00396, sec: 228.256, prod: 0.084061, t_ads: 49.2, t_des: 53.4, bed_util_ads: 0.474, bed_util_des: 0.473, des_th: 0.4733502732590599,frac_lost: 0.106, li_recovered:  8.623, time: 0.011854305999804637
L: 0.50, u_super: 0.00817, sec: 466.468, prod: 0.184742, t_ads: 24.0, t_des: 21.7, bed_util_ads: 0.499, bed_util_des: 0.499, des_th: 0.4987287228138269,frac_lost: 0.107, li_recovered:  8.439, time: 0.0146450089996506
L: 0.50, u_super: 0.00198, sec: 107.689, prod: 0.043225, t_ads: 96.7, t_des: 82.6, bed_util_ads: 0.500, bed_util_des: 0.500, des_th: 0.4995841713521534,frac_lost: 0.102, li_recovered:  7.753, time: 0.011355370999808656
L: 0.50, u_super: 0.00361, sec: 196.474, prod: 0.080879, t_ads: 53.8, t_des: 47.7, bed_util_ads: 0.499, bed_util_des: 0.499, des_th: 0.4987577115437586,frac_lost: 0.106, li_recovered:  8.205, time: 0.01181608000115375
L: 0.50, u_super: 0.00739, sec: 417.037, prod: 0.167516, t_ads: 26.3, t_des: 23.7, bed_util_ads: 0.499, bed_util_des: 0.498, des_th: 0.4984106006104999,frac_lost: 0.101, li_recovered:  8.376, time: 0.009353310999358655
L: 0.50, u_super: 0.00990, sec: 576.015, prod: 0.224810, t_ads: 19.7, t_des: 17.9, bed_util_ads: 0.500, bed_util_des: 0.499, des_th: 0.49941800771673645,frac_lost: 0.102, li_recovered:  8.443, time: 0.007540669001173228
L: 0.50, u_super: 0.00207, sec: 111.809, prod: 0.045874, t_ads: 93.1, t_des: 83.1, bed_util_ads: 0.495, bed_util_des: 0.494, des_th: 0.4944681455715528,frac_lost: 0.108, li_recovered:  8.084, time: 0.013093466999634984
L: 0.50, u_super: 0.00860, sec: 532.539, prod: 0.180675, t_ads: 22.7, t_des: 25.5, bed_util_ads: 0.473, bed_util_des: 0.472, des_th: 0.4724599749497217,frac_lost: 0.105, li_recovered:  8.707, time: 0.01758735799921851
L: 0.50, u_super: 0.00681, sec: 383.794, prod: 0.153697, t_ads: 28.7, t_des: 26.7, bed_util_ads: 0.495, bed_util_des: 0.495, des_th: 0.49508965638676633,frac_lost: 0.107, li_recovered:  8.519, time: 0.01906081900051504
L: 0.50, u_super: 0.00533, sec: 305.402, prod: 0.116052, t_ads: 36.4, t_des: 38.1, bed_util_ads: 0.479, bed_util_des: 0.479, des_th: 0.47859807417446104,frac_lost: 0.101, li_recovered:  8.644, time: 0.014979797999330913
L: 0.50, u_super: 0.00273, sec: 147.119, prod: 0.060814, t_ads: 70.6, t_des: 67.4, bed_util_ads: 0.488, bed_util_des: 0.487, des_th: 0.4874373248034683,frac_lost: 0.102, li_recovered:  8.397, time: 0.012986144000024069
L: 44.75, u_super: 0.00088 — INFEASIBLE (li_recovered=0.000e+00), time: 0.0013010239999857731
L: 6.58, u_super: 0.00227 — INFEASIBLE (li_recovered=0.000e+00), time: 0.004384118001325987
   878 |    35120 |     40 |  0.0029812012 |             f
L: 0.50, u_super: 0.00094, sec: 52.050, prod: 0.019874, t_ads: 199.8, t_des: 174.4, bed_util_ads: 0.487, bed_util_des: 0.487, des_th: 0.4868456021457113,frac_lost: 0.104, li_recovered:  7.437, time: 0.015502628999456647
L: 0.50, u_super: 0.00605, sec: 336.488, prod: 0.136675, t_ads: 32.1, t_des: 28.8, bed_util_ads: 0.500, bed_util_des: 0.500, des_th: 0.499750684452559,frac_lost: 0.103, li_recovered:  8.325, time: 0.010228995999568724
L: 0.50, u_super: 0.00025 — INFEASIBLE (li_recovered=0.000e+00), time: 0.007214531999125029
L: 0.50, u_super: 0.00350, sec: 190.425, prod: 0.078376, t_ads: 55.5, t_des: 49.0, bed_util_ads: 0.500, bed_util_des: 0.499, des_th: 0.4993823463128456,frac_lost: 0.107, li_recovered:  8.189, time: 0.016526597000847687
L: 0.50, u_super: 0.00308, sec: 166.034, prod: 0.069103, t_ads: 62.6, t_des: 57.1, bed_util_ads: 0.495, bed_util_des: 0.495, des_th: 0.4949440272457086,frac_lost: 0.101, li_recovered:  8.270, time: 0.014940470000510686
L: 0.50, u_super: 0.00903, sec: 542.299, prod: 0.196284, t_ads: 21.6, t_des: 22.7, bed_util_ads: 0.480, bed_util_des: 0.480, des_th: 0.48011172431400884,frac_lost: 0.105, li_recovered:  8.699, time: 0.016853776998686953
L: 0.50, u_super: 0.00578, sec: 320.368, prod: 0.130806, t_ads: 33.5, t_des: 30.4, bed_util_ads: 0.497, bed_util_des: 0.497, des_th: 0.49732520457868706,frac_lost: 0.101, li_recovered:  8.366, time: 0.016817247998915263
L: 0.50, u_super: 0.00457, sec: 250.258, prod: 0.102992, t_ads: 42.5, t_des: 38.8, bed_util_ads: 0.496, bed_util_des: 0.496, des_th: 0.4961503140794712,frac_lost: 0.105, li_recovered:  8.378, time: 0.01441281899860769
L: 0.50, u_super: 0.00181, sec: 97.827, prod: 0.039738, t_ads: 105.8, t_des: 92.7, bed_util_ads: 0.496, bed_util_des: 0.496, des_th: 0.49608396940785254,frac_lost: 0.103, li_recovered:  7.888, time: 0.017547716000990476
L: 0.50, u_super: 0.00242, sec: 208.905, prod: 0.033698, t_ads: 80.0, t_des: 176.0, bed_util_ads: 0.384, bed_util_des: 0.380, des_th: 0.37958204472492146,frac_lost: 0.102, li_recovered:  8.625, time: 0.022905985000761575
L: 0.50, u_super: 0.00810, sec: 462.338, prod: 0.183310, t_ads: 24.1, t_des: 21.9, bed_util_ads: 0.499, bed_util_des: 0.498, des_th: 0.49842152040776455,frac_lost: 0.107, li_recovered:  8.445, time: 0.015873606998866308
L: 0.50, u_super: 0.00456, sec: 286.285, prod: 0.089709, t_ads: 42.5, t_des: 54.0, bed_util_ads: 0.455, bed_util_des: 0.454, des_th: 0.4541103773829419,frac_lost: 0.101, li_recovered:  8.651, time: 0.020008141998914653
L: 0.50, u_super: 0.00219, sec: 121.293, prod: 0.047139, t_ads: 88.1, t_des: 91.7, bed_util_ads: 0.476, bed_util_des: 0.475, des_th: 0.4746890787464151,frac_lost: 0.104, li_recovered:  8.476, time: 0.014982410000811797
L: 20.62, u_super: 0.00119 — INFEASIBLE (li_recovered=0.000e+00), time: 0.0036575849990185816
L: 0.50, u_super: 0.00569, sec: 314.945, prod: 0.128691, t_ads: 34.0, t_des: 30.6, bed_util_ads: 0.500, bed_util_des: 0.499, des_th: 0.4995065875664924,frac_lost: 0.100, li_recovered:  8.316, time: 0.01489404700078012
L: 0.50, u_super: 0.00025 — INFEASIBLE (li_recovered=0.000e+00), time: 0.004407328000525013
L: 0.50, u_super: 0.00990, sec: 576.015, prod: 0.224810, t_ads: 19.7, t_des: 17.9, bed_util_ads: 0.500, bed_util_des: 0.499, des_th: 0.49941800771673645,frac_lost: 0.102, li_recovered:  8.443, time: 0.016518691001692787
L: 0.50, u_super: 0.00051 — INFEASIBLE (li_recovered=0.000e+00), time: 0.009974735001378576
L: 0.50, u_super: 0.00869, sec: 498.997, prod: 0.196749, t_ads: 22.5, t_des: 20.4, bed_util_ads: 0.499, bed_util_des: 0.499, des_th: 0.49917617050448915,frac_lost: 0.106, li_recovered:  8.447, time: 0.013060621000477113
L: 0.50, u_super: 0.00423, sec: 230.638, prod: 0.095003, t_ads: 46.0, t_des: 42.6, bed_util_ads: 0.495, bed_util_des: 0.494, des_th: 0.4944450272959817,frac_lost: 0.105, li_recovered:  8.422, time: 0.013574943001003703
L: 0.50, u_super: 0.00201, sec: 108.406, prod: 0.044522, t_ads: 95.0, t_des: 84.4, bed_util_ads: 0.495, bed_util_des: 0.495, des_th: 0.49461006990806494,frac_lost: 0.101, li_recovered:  7.991, time: 0.01229649199922278
L: 7.88, u_super: 0.00628 — INFEASIBLE (li_recovered=0.000e+00), time: 0.005881181999939145
L: 17.27, u_super: 0.00024 — INFEASIBLE (li_recovered=0.000e+00), time: 0.0032205450006586034
L: 0.50, u_super: 0.00979, sec: 569.561, prod: 0.221847, t_ads: 20.0, t_des: 18.1, bed_util_ads: 0.499, bed_util_des: 0.499, des_th: 0.4987372068193713,frac_lost: 0.105, li_recovered:  8.454, time: 0.01134608299980755
L: 7.95, u_super: 0.00901 — INFEASIBLE (li_recovered=0.000e+00), time: 0.008294055000078515
L: 0.50, u_super: 0.00172, sec: 94.206, prod: 0.037150, t_ads: 111.2, t_des: 93.7, bed_util_ads: 0.500, bed_util_des: 0.500, des_th: 0.4996858584042205,frac_lost: 0.103, li_recovered:  7.614, time: 0.012228745001266361
L: 0.50, u_super: 0.00466, sec: 255.675, prod: 0.104951, t_ads: 41.7, t_des: 37.3, bed_util_ads: 0.499, bed_util_des: 0.499, des_th: 0.49857099286470163,frac_lost: 0.105, li_recovered:  8.292, time: 0.015553197999906843
L: 0.50, u_super: 0.00663, sec: 371.015, prod: 0.150258, t_ads: 29.2, t_des: 26.5, bed_util_ads: 0.498, bed_util_des: 0.498, des_th: 0.4981396387008089,frac_lost: 0.101, li_recovered:  8.374, time: 0.017266519998884178
L: 0.50, u_super: 0.00868, sec: 498.840, prod: 0.196601, t_ads: 22.5, t_des: 20.4, bed_util_ads: 0.499, bed_util_des: 0.499, des_th: 0.4992246952358721,frac_lost: 0.106, li_recovered:  8.440, time: 0.013210641000114265
L: 0.50, u_super: 0.00059, sec: 33.816, prod: 0.012178, t_ads: 306.3, t_des: 277.9, bed_util_ads: 0.473, bed_util_des: 0.472, des_th: 0.4721015908942398,frac_lost: 0.101, li_recovered:  7.114, time: 0.010670912999557913
L: 0.50, u_super: 0.00163, sec: 88.829, prod: 0.035544, t_ads: 117.4, t_des: 101.4, bed_util_ads: 0.496, bed_util_des: 0.496, des_th: 0.49608396940785254,frac_lost: 0.106, li_recovered:  7.775, time: 0.01699113600079727
L: 0.50, u_super: 0.00031, sec: 18.971, prod: 0.005876, t_ads: 553.4, t_des: 593.1, bed_util_ads: 0.428, bed_util_des: 0.422, des_th: 0.4225435460332836,frac_lost: 0.100, li_recovered:  6.737, time: 0.011702404999596183
L: 0.50, u_super: 0.00243, sec: 131.110, prod: 0.053899, t_ads: 79.4, t_des: 69.9, bed_util_ads: 0.498, bed_util_des: 0.498, des_th: 0.49793549085433925,frac_lost: 0.104, li_recovered:  8.046, time: 0.013215022001531906
L: 0.50, u_super: 0.00271, sec: 149.948, prod: 0.059015, t_ads: 71.1, t_des: 73.3, bed_util_ads: 0.478, bed_util_des: 0.477, des_th: 0.47707649943868363,frac_lost: 0.102, li_recovered:  8.519, time: 0.014618687999245594
L: 0.50, u_super: 0.00042 — INFEASIBLE (li_recovered=0.000e+00), time: 0.00605392000034044
L: 0.50, u_super: 0.00826, sec: 480.999, prod: 0.183577, t_ads: 23.6, t_des: 23.5, bed_util_ads: 0.487, bed_util_des: 0.486, des_th: 0.4863857867521329,frac_lost: 0.105, li_recovered:  8.660, time: 0.014950614999179379
L: 2.54, u_super: 0.00900, sec: 2752.838, prod: 0.195059, t_ads: 107.8, t_des: 91.1, bed_util_ads: 0.500, bed_util_des: 0.500, des_th: 0.4999677919174281,frac_lost: 0.102, li_recovered:  38.781, time: 0.011319492001348408
L: 0.50, u_super: 0.00735, sec: 3663.136, prod: 0.018851, t_ads: 26.6, t_des: 439.1, bed_util_ads: 0.189, bed_util_des: 0.185, des_th: 0.1851696623157332,frac_lost: 0.101, li_recovered:  8.778, time: 0.10371543300061603
L: 3.84, u_super: 0.00578 — INFEASIBLE (li_recovered=0.000e+00), time: 0.006273998998949537
L: 0.50, u_super: 0.00466, sec: 255.692, prod: 0.104944, t_ads: 41.7, t_des: 37.2, bed_util_ads: 0.499, bed_util_des: 0.499, des_th: 0.49861523623310544,frac_lost: 0.104, li_recovered:  8.280, time: 0.011365922999175382
   879 |    35160 |     40 |  0.0018965097 |             f
L: 0.50, u_super: 0.00409, sec: 223.528, prod: 0.091886, t_ads: 47.6, t_des: 44.4, bed_util_ads: 0.494, bed_util_des: 0.493, des_th: 0.49332478738370816,frac_lost: 0.107, li_recovered:  8.447, time: 0.014195270001437166
L: 0.50, u_super: 0.00868, sec: 499.080, prod: 0.196506, t_ads: 22.5, t_des: 20.2, bed_util_ads: 0.500, bed_util_des: 0.500, des_th: 0.4997719391850524,frac_lost: 0.106, li_recovered:  8.397, time: 0.012253085998963797
L: 0.50, u_super: 0.00243, sec: 131.062, prod: 0.053919, t_ads: 79.6, t_des: 70.6, bed_util_ads: 0.496, bed_util_des: 0.496, des_th: 0.49595703191154933,frac_lost: 0.107, li_recovered:  8.101, time: 0.015423557000758592
L: 0.50, u_super: 0.00645, sec: 360.141, prod: 0.146127, t_ads: 30.1, t_des: 27.2, bed_util_ads: 0.499, bed_util_des: 0.499, des_th: 0.49910330423667526,frac_lost: 0.101, li_recovered:  8.366, time: 0.018243022999740788
L: 0.50, u_super: 0.00094, sec: 51.204, prod: 0.020035, t_ads: 200.7, t_des: 184.0, bed_util_ads: 0.482, bed_util_des: 0.481, des_th: 0.4812014646291692,frac_lost: 0.104, li_recovered:  7.709, time: 0.0147578309988603
L: 0.50, u_super: 0.00713, sec: 402.674, prod: 0.161183, t_ads: 27.4, t_des: 24.9, bed_util_ads: 0.499, bed_util_des: 0.499, des_th: 0.49933975427694177,frac_lost: 0.108, li_recovered:  8.436, time: 0.01218918999984453
L: 0.50, u_super: 0.00097, sec: 56.777, prod: 0.019616, t_ads: 195.1, t_des: 222.5, bed_util_ads: 0.454, bed_util_des: 0.451, des_th: 0.45103325907518266,frac_lost: 0.107, li_recovered:  8.192, time: 0.017607661999136326
L: 0.50, u_super: 0.00781, sec: 442.693, prod: 0.177140, t_ads: 24.9, t_des: 22.8, bed_util_ads: 0.499, bed_util_des: 0.498, des_th: 0.49842152040776455,frac_lost: 0.101, li_recovered:  8.438, time: 0.011033759999918402
L: 2.62, u_super: 0.00665, sec: 2063.749, prod: 0.142100, t_ads: 149.2, t_des: 126.7, bed_util_ads: 0.495, bed_util_des: 0.495, des_th: 0.49508965638676633,frac_lost: 0.104, li_recovered:  39.203, time: 0.00929438799903437
L: 0.50, u_super: 0.00463, sec: 254.032, prod: 0.104003, t_ads: 42.1, t_des: 37.5, bed_util_ads: 0.499, bed_util_des: 0.499, des_th: 0.4992938424818983,frac_lost: 0.107, li_recovered:  8.279, time: 0.0156913020000502
L: 0.50, u_super: 0.00219, sec: 121.480, prod: 0.047066, t_ads: 88.1, t_des: 92.0, bed_util_ads: 0.476, bed_util_des: 0.474, des_th: 0.4744057186087285,frac_lost: 0.104, li_recovered:  8.479, time: 0.009133237999776611
L: 0.50, u_super: 0.00605, sec: 336.334, prod: 0.136738, t_ads: 32.1, t_des: 28.7, bed_util_ads: 0.499, bed_util_des: 0.499, des_th: 0.4993007740839797,frac_lost: 0.101, li_recovered:  8.309, time: 0.016578867000134778
L: 11.15, u_super: 0.00015 — INFEASIBLE (li_recovered=0.000e+00), time: 0.0012527440012490842
L: 0.50, u_super: 0.00827, sec: 474.382, prod: 0.186456, t_ads: 23.7, t_des: 22.2, bed_util_ads: 0.495, bed_util_des: 0.494, des_th: 0.4944351635715951,frac_lost: 0.108, li_recovered:  8.558, time: 0.012222361998283304
L: 0.50, u_super: 0.00648, sec: 362.491, prod: 0.146659, t_ads: 29.9, t_des: 26.7, bed_util_ads: 0.500, bed_util_des: 0.500, des_th: 0.49955829941787,frac_lost: 0.101, li_recovered:  8.308, time: 0.010952743999951053
L: 0.50, u_super: 0.00348, sec: 188.709, prod: 0.078035, t_ads: 55.9, t_des: 51.2, bed_util_ads: 0.495, bed_util_des: 0.495, des_th: 0.49487733465954986,frac_lost: 0.107, li_recovered:  8.351, time: 0.013452589999360498
L: 0.50, u_super: 0.00752, sec: 425.175, prod: 0.170682, t_ads: 25.8, t_des: 23.4, bed_util_ads: 0.499, bed_util_des: 0.498, des_th: 0.49842152040776455,frac_lost: 0.100, li_recovered:  8.387, time: 0.01351421700019273
L: 10.63, u_super: 0.00369 — INFEASIBLE (li_recovered=0.000e+00), time: 0.0037139710002520587
L: 0.50, u_super: 0.00971, sec: 564.514, prod: 0.220230, t_ads: 20.1, t_des: 18.3, bed_util_ads: 0.499, bed_util_des: 0.499, des_th: 0.49916268509107603,frac_lost: 0.105, li_recovered:  8.454, time: 0.011474434000774636
L: 0.50, u_super: 0.00504, sec: 277.261, prod: 0.113882, t_ads: 38.5, t_des: 35.2, bed_util_ads: 0.496, bed_util_des: 0.496, des_th: 0.4961085269801461,frac_lost: 0.103, li_recovered:  8.394, time: 0.015366893001555582
L: 0.50, u_super: 0.00590, sec: 327.535, prod: 0.133397, t_ads: 32.9, t_des: 29.5, bed_util_ads: 0.500, bed_util_des: 0.499, des_th: 0.4994314316527285,frac_lost: 0.102, li_recovered:  8.326, time: 0.010186813999098376
L: 0.50, u_super: 0.00005, sec: 4.327, prod: 0.000669, t_ads: 3454.5, t_des: 6000.5, bed_util_ads: 0.250, bed_util_des: 0.181, des_th: 0.18131145508727617,frac_lost: 0.101, li_recovered:  6.326, time: 0.019321429999763495
L: 0.50, u_super: 0.00889, sec: 511.818, prod: 0.201661, t_ads: 21.9, t_des: 19.9, bed_util_ads: 0.499, bed_util_des: 0.498, des_th: 0.4984224408128469,frac_lost: 0.104, li_recovered:  8.445, time: 0.015772279000884737
L: 0.50, u_super: 0.00924, sec: 534.281, prod: 0.209620, t_ads: 21.1, t_des: 19.2, bed_util_ads: 0.500, bed_util_des: 0.499, des_th: 0.49948002030326316,frac_lost: 0.104, li_recovered:  8.445, time: 0.014660650998848723
L: 0.50, u_super: 0.00825, sec: 471.869, prod: 0.186846, t_ads: 23.7, t_des: 21.5, bed_util_ads: 0.499, bed_util_des: 0.498, des_th: 0.49844731437943957,frac_lost: 0.106, li_recovered:  8.448, time: 0.02155606399901444
L: 0.50, u_super: 0.00508, sec: 365.559, prod: 0.087702, t_ads: 38.5, t_des: 60.5, bed_util_ads: 0.429, bed_util_des: 0.428, des_th: 0.42761950228374845,frac_lost: 0.107, li_recovered:  8.687, time: 0.02184797100017022
L: 20.59, u_super: 0.00752 — INFEASIBLE (li_recovered=0.000e+00), time: 0.005092288000014378
L: 0.50, u_super: 0.00685, sec: 385.200, prod: 0.154733, t_ads: 28.6, t_des: 25.9, bed_util_ads: 0.498, bed_util_des: 0.498, des_th: 0.4981396387008089,frac_lost: 0.107, li_recovered:  8.428, time: 0.015349522000178695
L: 0.50, u_super: 0.00845, sec: 486.412, prod: 0.190630, t_ads: 23.2, t_des: 21.8, bed_util_ads: 0.495, bed_util_des: 0.495, des_th: 0.49456661730182305,frac_lost: 0.107, li_recovered:  8.567, time: 0.01571478600089904
L: 0.50, u_super: 0.00533, sec: 294.920, prod: 0.120188, t_ads: 36.3, t_des: 34.5, bed_util_ads: 0.492, bed_util_des: 0.491, des_th: 0.49141845624120545,frac_lost: 0.101, li_recovered:  8.516, time: 0.01594103599927621
L: 0.50, u_super: 0.00985, sec: 601.316, prod: 0.213271, t_ads: 19.8, t_des: 21.0, bed_util_ads: 0.479, bed_util_des: 0.479, des_th: 0.4787351558936665,frac_lost: 0.104, li_recovered:  8.707, time: 0.015507198000705102
L: 0.50, u_super: 0.00059, sec: 35.942, prod: 0.011218, t_ads: 316.0, t_des: 385.7, bed_util_ads: 0.435, bed_util_des: 0.429, des_th: 0.4289609593981005,frac_lost: 0.104, li_recovered:  7.872, time: 0.01658701700034726
L: 0.50, u_super: 0.00422, sec: 230.481, prod: 0.094782, t_ads: 46.1, t_des: 41.1, bed_util_ads: 0.499, bed_util_des: 0.498, des_th: 0.4984313778092543,frac_lost: 0.106, li_recovered:  8.266, time: 0.014130452000244986
L: 0.50, u_super: 0.00530, sec: 291.997, prod: 0.119764, t_ads: 36.6, t_des: 33.2, bed_util_ads: 0.498, bed_util_des: 0.497, des_th: 0.49750741459387154,frac_lost: 0.102, li_recovered:  8.358, time: 0.017258105999644613
L: 0.50, u_super: 0.00954, sec: 637.484, prod: 0.187707, t_ads: 20.5, t_des: 26.0, bed_util_ads: 0.458, bed_util_des: 0.457, des_th: 0.45710533724815994,frac_lost: 0.104, li_recovered:  8.719, time: 0.016258290999758174
L: 1.47, u_super: 0.00771, sec: 1309.342, prod: 0.171382, t_ads: 73.4, t_des: 64.6, bed_util_ads: 0.499, bed_util_des: 0.498, des_th: 0.49842152040776455,frac_lost: 0.103, li_recovered:  23.660, time: 0.016037180999774137
L: 17.39, u_super: 0.00571 — INFEASIBLE (li_recovered=0.000e+00), time: 0.004736992001198814
L: 35.76, u_super: 0.00120 — INFEASIBLE (li_recovered=0.000e+00), time: 0.0018545290004112758
L: 53.50, u_super: 0.00031 — INFEASIBLE (li_recovered=0.000e+00), time: 0.0014598270008718828
L: 0.50, u_super: 0.00005, sec: 4.480, prod: 0.000646, t_ads: 3727.7, t_des: 7656.9, bed_util_ads: 0.240, bed_util_des: 0.154, des_th: 0.15403205222423064,frac_lost: 0.101, li_recovered:  7.357, time: 0.016972114999589394
   880 |    35200 |     40 |  0.0039599335 |             f
L: 0.50, u_super: 0.00219, sec: 154.579, prod: 0.036988, t_ads: 88.9, t_des: 142.8, bed_util_ads: 0.421, bed_util_des: 0.418, des_th: 0.41826717674703884,frac_lost: 0.108, li_recovered:  8.573, time: 0.022623019000093336
L: 10.76, u_super: 0.00298 — INFEASIBLE (li_recovered=0.000e+00), time: 0.003410217999771703
L: 7.00, u_super: 0.00782 — INFEASIBLE (li_recovered=0.000e+00), time: 0.008171108000169625
L: 0.50, u_super: 0.00177, sec: 95.527, prod: 0.038759, t_ads: 108.2, t_des: 94.9, bed_util_ads: 0.496, bed_util_des: 0.496, des_th: 0.49608396940785254,frac_lost: 0.103, li_recovered:  7.873, time: 0.012871077000454534
L: 0.50, u_super: 0.00642, sec: 358.003, prod: 0.145285, t_ads: 30.2, t_des: 27.3, bed_util_ads: 0.499, bed_util_des: 0.499, des_th: 0.49891767320977093,frac_lost: 0.101, li_recovered:  8.365, time: 0.013644975999341113
L: 0.50, u_super: 0.00894, sec: 515.470, prod: 0.202201, t_ads: 21.9, t_des: 20.1, bed_util_ads: 0.499, bed_util_des: 0.499, des_th: 0.4987800360073545,frac_lost: 0.107, li_recovered:  8.488, time: 0.013688830998944468
L: 0.50, u_super: 0.00031 — INFEASIBLE (li_recovered=0.000e+00), time: 0.006470346999776666
L: 5.91, u_super: 0.00989 — INFEASIBLE (li_recovered=0.000e+00), time: 0.009494082998571685
L: 0.50, u_super: 0.00924, sec: 536.049, prod: 0.208928, t_ads: 21.1, t_des: 19.9, bed_util_ads: 0.495, bed_util_des: 0.494, des_th: 0.4944868799336211,frac_lost: 0.105, li_recovered:  8.567, time: 0.021877339999264223
L: 0.50, u_super: 0.00461, sec: 252.362, prod: 0.103712, t_ads: 42.3, t_des: 38.5, bed_util_ads: 0.497, bed_util_des: 0.496, des_th: 0.4964901937620767,frac_lost: 0.106, li_recovered:  8.381, time: 0.019902111000192235
L: 0.50, u_super: 0.00544, sec: 300.437, prod: 0.122860, t_ads: 35.7, t_des: 32.0, bed_util_ads: 0.499, bed_util_des: 0.499, des_th: 0.49890963051080534,frac_lost: 0.102, li_recovered:  8.309, time: 0.023498340000514872
L: 0.50, u_super: 0.00569, sec: 315.390, prod: 0.128510, t_ads: 34.1, t_des: 30.5, bed_util_ads: 0.500, bed_util_des: 0.500, des_th: 0.4997632228867316,frac_lost: 0.102, li_recovered:  8.301, time: 0.01514836699971056
L: 46.68, u_super: 0.00551 — INFEASIBLE (li_recovered=0.000e+00), time: 0.0039755289999448
L: 0.50, u_super: 0.00348, sec: 188.609, prod: 0.078087, t_ads: 55.8, t_des: 51.1, bed_util_ads: 0.495, bed_util_des: 0.495, des_th: 0.49487733465954986,frac_lost: 0.106, li_recovered:  8.342, time: 0.012564224998641293
L: 0.50, u_super: 0.00128, sec: 69.479, prod: 0.027985, t_ads: 147.7, t_des: 134.0, bed_util_ads: 0.488, bed_util_des: 0.487, des_th: 0.4874373248034683,frac_lost: 0.103, li_recovered:  7.884, time: 0.014836021000519395
L: 0.50, u_super: 0.00824, sec: 471.034, prod: 0.186395, t_ads: 23.8, t_des: 21.5, bed_util_ads: 0.499, bed_util_des: 0.498, des_th: 0.49842487082758685,frac_lost: 0.107, li_recovered:  8.440, time: 0.01574518799861835
L: 0.50, u_super: 0.00079 — INFEASIBLE (li_recovered=0.000e+00), time: 0.008192929000870208
L: 0.50, u_super: 0.00990, sec: 577.485, prod: 0.224237, t_ads: 19.8, t_des: 18.1, bed_util_ads: 0.498, bed_util_des: 0.498, des_th: 0.4982002022290037,frac_lost: 0.107, li_recovered:  8.491, time: 0.011805541000285302
L: 0.50, u_super: 0.00013 — INFEASIBLE (li_recovered=0.000e+00), time: 0.004223178999382071
L: 0.50, u_super: 0.00569, sec: 314.945, prod: 0.128691, t_ads: 34.0, t_des: 30.6, bed_util_ads: 0.500, bed_util_des: 0.499, des_th: 0.4995065875664924,frac_lost: 0.100, li_recovered:  8.316, time: 0.01584779500080913
L: 0.50, u_super: 0.00712, sec: 400.323, prod: 0.161421, t_ads: 27.2, t_des: 24.7, bed_util_ads: 0.499, bed_util_des: 0.498, des_th: 0.49842152040776455,frac_lost: 0.100, li_recovered:  8.385, time: 0.014594715999919572
L: 0.50, u_super: 0.00351, sec: 190.385, prod: 0.078818, t_ads: 55.3, t_des: 50.6, bed_util_ads: 0.495, bed_util_des: 0.495, des_th: 0.49487733465954986,frac_lost: 0.106, li_recovered:  8.342, time: 0.017921837999892887
L: 0.50, u_super: 0.00805, sec: 458.944, prod: 0.182236, t_ads: 24.3, t_des: 22.0, bed_util_ads: 0.499, bed_util_des: 0.498, des_th: 0.49842152040776455,frac_lost: 0.106, li_recovered:  8.441, time: 0.018405282999083283
L: 0.50, u_super: 0.00816, sec: 4380.706, prod: 0.019656, t_ads: 24.0, t_des: 422.7, bed_util_ads: 0.184, bed_util_des: 0.181, des_th: 0.18065111802124484,frac_lost: 0.102, li_recovered:  8.779, time: 0.13609456199992565
L: 1.27, u_super: 0.00752, sec: 1336.386, prod: 0.138444, t_ads: 65.8, t_des: 92.6, bed_util_ads: 0.439, bed_util_des: 0.438, des_th: 0.4376220859791389,frac_lost: 0.105, li_recovered:  21.936, time: 0.01434919400162471
L: 0.50, u_super: 0.00749, sec: 423.389, prod: 0.169779, t_ads: 25.9, t_des: 23.2, bed_util_ads: 0.500, bed_util_des: 0.500, des_th: 0.49981626004665886,frac_lost: 0.100, li_recovered:  8.334, time: 0.011449388999608345
L: 0.50, u_super: 0.00824, sec: 470.996, prod: 0.186315, t_ads: 23.7, t_des: 21.3, bed_util_ads: 0.500, bed_util_des: 0.500, des_th: 0.49992056986498185,frac_lost: 0.106, li_recovered:  8.386, time: 0.01434830600010173
L: 0.50, u_super: 0.00215, sec: 116.170, prod: 0.047671, t_ads: 89.9, t_des: 84.8, bed_util_ads: 0.488, bed_util_des: 0.487, des_th: 0.48717285583679165,frac_lost: 0.108, li_recovered:  8.325, time: 0.01663280200045847
L: 0.50, u_super: 0.00703, sec: 395.364, prod: 0.159119, t_ads: 27.7, t_des: 24.9, bed_util_ads: 0.500, bed_util_des: 0.500, des_th: 0.4995712713437821,frac_lost: 0.103, li_recovered:  8.373, time: 0.013204254000811488
L: 0.50, u_super: 0.00077, sec: 156.175, prod: 0.004466, t_ads: 253.8, t_des: 1695.5, bed_util_ads: 0.250, bed_util_des: 0.225, des_th: 0.22547723201117087,frac_lost: 0.102, li_recovered:  8.706, time: 0.05138675999842235
L: 0.50, u_super: 0.00817, sec: 466.529, prod: 0.184776, t_ads: 24.0, t_des: 21.8, bed_util_ads: 0.500, bed_util_des: 0.499, des_th: 0.49940503660080415,frac_lost: 0.107, li_recovered:  8.453, time: 0.015351457999713602
L: 4.50, u_super: 0.00208 — INFEASIBLE (li_recovered=0.000e+00), time: 0.00432519799869624
L: 0.50, u_super: 0.00264, sec: 144.831, prod: 0.057959, t_ads: 73.0, t_des: 73.6, bed_util_ads: 0.482, bed_util_des: 0.481, des_th: 0.4812014646291692,frac_lost: 0.103, li_recovered:  8.496, time: 0.01784539800064522
L: 0.50, u_super: 0.00363, sec: 197.501, prod: 0.081245, t_ads: 53.6, t_des: 47.4, bed_util_ads: 0.499, bed_util_des: 0.499, des_th: 0.49912026514253416,frac_lost: 0.107, li_recovered:  8.203, time: 0.01831560499886109
L: 0.50, u_super: 0.00803, sec: 496.740, prod: 0.167351, t_ads: 24.3, t_des: 27.7, bed_util_ads: 0.470, bed_util_des: 0.470, des_th: 0.46978648127317946,frac_lost: 0.104, li_recovered:  8.702, time: 0.016655340001307195
L: 0.50, u_super: 0.00788, sec: 448.466, prod: 0.178134, t_ads: 24.9, t_des: 22.5, bed_util_ads: 0.499, bed_util_des: 0.499, des_th: 0.4991858528937716,frac_lost: 0.107, li_recovered:  8.441, time: 0.017455237999456585
L: 0.50, u_super: 0.00880, sec: 506.332, prod: 0.199261, t_ads: 22.2, t_des: 20.1, bed_util_ads: 0.499, bed_util_des: 0.499, des_th: 0.49919842295979533,frac_lost: 0.106, li_recovered:  8.443, time: 0.018041639001239673
L: 48.78, u_super: 0.00608, sec: 56128.165, prod: 0.080942, t_ads: 2892.8, t_des: 5499.3, bed_util_ads: 0.257, bed_util_des: 0.184, des_th: 0.18465867137261702,frac_lost: 0.102, li_recovered:  679.270, time: 0.022157694000270567
L: 0.50, u_super: 0.00045, sec: 27.017, prod: 0.008625, t_ads: 396.9, t_des: 343.1, bed_util_ads: 0.470, bed_util_des: 0.470, des_th: 0.469981936639745,frac_lost: 0.104, li_recovered:  6.383, time: 0.014170205000482383
L: 0.50, u_super: 0.00990, sec: 576.361, prod: 0.224675, t_ads: 19.7, t_des: 17.9, bed_util_ads: 0.500, bed_util_des: 0.500, des_th: 0.49955023886971883,frac_lost: 0.103, li_recovered:  8.447, time: 0.013953683999716304
   881 |    35240 |     40 |  0.0023747333 |             f
L: 13.11, u_super: 0.00059 — INFEASIBLE (li_recovered=0.000e+00), time: 0.0020145050002611242
L: 0.50, u_super: 0.00614, sec: 341.680, prod: 0.138802, t_ads: 31.6, t_des: 28.3, bed_util_ads: 0.500, bed_util_des: 0.499, des_th: 0.49947240580237023,frac_lost: 0.101, li_recovered:  8.310, time: 0.01984495299984701
L: 0.50, u_super: 0.00326, sec: 176.504, prod: 0.073025, t_ads: 59.6, t_des: 54.6, bed_util_ads: 0.495, bed_util_des: 0.495, des_th: 0.4949440272457086,frac_lost: 0.107, li_recovered:  8.336, time: 0.015413803001138149
L: 0.50, u_super: 0.00557, sec: 309.910, prod: 0.125123, t_ads: 34.9, t_des: 33.5, bed_util_ads: 0.491, bed_util_des: 0.491, des_th: 0.4911141990976103,frac_lost: 0.103, li_recovered:  8.554, time: 0.0159794970004441
L: 0.50, u_super: 0.00604, sec: 335.491, prod: 0.136576, t_ads: 32.2, t_des: 29.1, bed_util_ads: 0.499, bed_util_des: 0.499, des_th: 0.49877383444301404,frac_lost: 0.102, li_recovered:  8.362, time: 0.014719942000738229
L: 20.73, u_super: 0.00481 — INFEASIBLE (li_recovered=0.000e+00), time: 0.0039884750003693625
L: 0.50, u_super: 0.00009, sec: 17.595, prod: 0.000568, t_ads: 2271.7, t_des: 14128.6, bed_util_ads: 0.202, bed_util_des: 0.095, des_th: 0.09482505970609202,frac_lost: 0.101, li_recovered:  9.308, time: 0.055527569998957915
L: 0.50, u_super: 0.00243, sec: 130.595, prod: 0.054112, t_ads: 79.2, t_des: 71.4, bed_util_ads: 0.495, bed_util_des: 0.495, des_th: 0.4946101571947511,frac_lost: 0.103, li_recovered:  8.150, time: 0.013658719000886776
L: 0.50, u_super: 0.00690, sec: 388.152, prod: 0.155877, t_ads: 28.3, t_des: 25.8, bed_util_ads: 0.499, bed_util_des: 0.498, des_th: 0.49847235929639916,frac_lost: 0.107, li_recovered:  8.437, time: 0.01343685499887215
L: 0.50, u_super: 0.00866, sec: 501.421, prod: 0.194451, t_ads: 22.6, t_des: 21.7, bed_util_ads: 0.491, bed_util_des: 0.491, des_th: 0.49120367970760004,frac_lost: 0.106, li_recovered:  8.616, time: 0.012529333998827497
L: 0.50, u_super: 0.00308, sec: 166.191, prod: 0.069037, t_ads: 62.7, t_des: 57.1, bed_util_ads: 0.495, bed_util_des: 0.495, des_th: 0.4948679605814204,frac_lost: 0.103, li_recovered:  8.271, time: 0.012421268000252894
L: 0.50, u_super: 0.00569, sec: 314.945, prod: 0.128691, t_ads: 34.0, t_des: 30.6, bed_util_ads: 0.500, bed_util_des: 0.499, des_th: 0.4995065875664924,frac_lost: 0.100, li_recovered:  8.316, time: 0.014403335999304545
L: 0.50, u_super: 0.00537, sec: 296.159, prod: 0.121292, t_ads: 36.1, t_des: 32.7, bed_util_ads: 0.498, bed_util_des: 0.498, des_th: 0.49833345108294047,frac_lost: 0.102, li_recovered:  8.352, time: 0.0172418629990716
L: 0.50, u_super: 0.00961, sec: 558.125, prod: 0.217888, t_ads: 20.3, t_des: 18.5, bed_util_ads: 0.499, bed_util_des: 0.499, des_th: 0.49875224826539116,frac_lost: 0.105, li_recovered:  8.451, time: 0.016811561001304653
L: 42.95, u_super: 0.00244 — INFEASIBLE (li_recovered=0.000e+00), time: 0.002188856999055133
L: 0.50, u_super: 0.00600, sec: 2902.464, prod: 0.015596, t_ads: 32.6, t_des: 530.4, bed_util_ads: 0.190, bed_util_des: 0.185, des_th: 0.1851696623157332,frac_lost: 0.103, li_recovered:  8.781, time: 0.11729289199865889
L: 36.59, u_super: 0.00090 — INFEASIBLE (li_recovered=0.000e+00), time: 0.0024928170005296124
L: 0.50, u_super: 0.00628, sec: 349.876, prod: 0.142001, t_ads: 31.0, t_des: 28.0, bed_util_ads: 0.498, bed_util_des: 0.498, des_th: 0.49820753552451424,frac_lost: 0.103, li_recovered:  8.375, time: 0.01228304600044794
L: 0.50, u_super: 0.00071, sec: 39.500, prod: 0.014924, t_ads: 262.1, t_des: 244.9, bed_util_ads: 0.475, bed_util_des: 0.473, des_th: 0.4733134178339356,frac_lost: 0.107, li_recovered:  7.567, time: 0.012473458000386017
L: 3.53, u_super: 0.00953, sec: 4173.054, prod: 0.202290, t_ads: 140.3, t_des: 116.4, bed_util_ads: 0.499, bed_util_des: 0.499, des_th: 0.4987800360073545,frac_lost: 0.101, li_recovered:  51.921, time: 0.014019853999343468
L: 0.50, u_super: 0.00734, sec: 457.361, prod: 0.150794, t_ads: 26.6, t_des: 31.1, bed_util_ads: 0.467, bed_util_des: 0.466, des_th: 0.46630202140916543,frac_lost: 0.105, li_recovered:  8.698, time: 0.015647971998987487
L: 0.50, u_super: 0.00188, sec: 102.198, prod: 0.041262, t_ads: 101.6, t_des: 87.8, bed_util_ads: 0.498, bed_util_des: 0.497, des_th: 0.49750059193549356,frac_lost: 0.102, li_recovered:  7.815, time: 0.017406599999958416
L: 0.50, u_super: 0.00424, sec: 231.275, prod: 0.095236, t_ads: 46.0, t_des: 41.4, bed_util_ads: 0.498, bed_util_des: 0.498, des_th: 0.49792379047850027,frac_lost: 0.106, li_recovered:  8.324, time: 0.01605544199992437
L: 23.22, u_super: 0.00565 — INFEASIBLE (li_recovered=0.000e+00), time: 0.0028663309985859087
L: 0.50, u_super: 0.00265, sec: 143.013, prod: 0.059142, t_ads: 72.6, t_des: 64.6, bed_util_ads: 0.497, bed_util_des: 0.497, des_th: 0.49680666095209497,frac_lost: 0.102, li_recovered:  8.111, time: 0.012002891999145504
L: 0.50, u_super: 0.00869, sec: 499.833, prod: 0.196378, t_ads: 22.5, t_des: 20.9, bed_util_ads: 0.496, bed_util_des: 0.496, des_th: 0.49591349201862134,frac_lost: 0.106, li_recovered:  8.528, time: 0.016133434999574092
L: 0.50, u_super: 0.00225, sec: 120.901, prod: 0.049821, t_ads: 86.0, t_des: 81.1, bed_util_ads: 0.488, bed_util_des: 0.488, des_th: 0.4878720271303582,frac_lost: 0.106, li_recovered:  8.324, time: 0.01535537400013709
L: 0.50, u_super: 0.00460, sec: 252.086, prod: 0.103717, t_ads: 42.2, t_des: 39.0, bed_util_ads: 0.495, bed_util_des: 0.494, des_th: 0.49449803905932366,frac_lost: 0.104, li_recovered:  8.423, time: 0.014743212999746902
L: 0.50, u_super: 0.00900, sec: 519.176, prod: 0.203766, t_ads: 21.7, t_des: 19.7, bed_util_ads: 0.500, bed_util_des: 0.500, des_th: 0.49951908434198233,frac_lost: 0.107, li_recovered:  8.450, time: 0.016335230000549927
L: 0.50, u_super: 0.00990, sec: 576.924, prod: 0.224455, t_ads: 19.7, t_des: 17.7, bed_util_ads: 0.500, bed_util_des: 0.500, des_th: 0.49981218464999855,frac_lost: 0.105, li_recovered:  8.406, time: 0.01778684599958069
L: 0.50, u_super: 0.00688, sec: 387.517, prod: 0.155493, t_ads: 28.4, t_des: 25.5, bed_util_ads: 0.500, bed_util_des: 0.500, des_th: 0.4998104458360032,frac_lost: 0.107, li_recovered:  8.388, time: 0.011708512000041083
L: 0.50, u_super: 0.00655, sec: 372.416, prod: 0.145650, t_ads: 29.9, t_des: 29.4, bed_util_ads: 0.488, bed_util_des: 0.487, des_th: 0.48745721101196154,frac_lost: 0.107, li_recovered:  8.629, time: 0.014451963999817963
L: 27.07, u_super: 0.00685 — INFEASIBLE (li_recovered=0.000e+00), time: 0.004680164998717373
L: 0.50, u_super: 0.00027 — INFEASIBLE (li_recovered=0.000e+00), time: 0.00573221499871579
L: 0.50, u_super: 0.00055, sec: 33.658, prod: 0.010390, t_ads: 339.0, t_des: 413.1, bed_util_ads: 0.433, bed_util_des: 0.426, des_th: 0.4257472994143403,frac_lost: 0.106, li_recovered:  7.814, time: 0.015980411000782624
L: 0.50, u_super: 0.00663, sec: 372.462, prod: 0.149674, t_ads: 29.5, t_des: 26.7, bed_util_ads: 0.499, bed_util_des: 0.499, des_th: 0.4993371393399395,frac_lost: 0.109, li_recovered:  8.426, time: 0.015348986999015324
L: 0.50, u_super: 0.00059 — INFEASIBLE (li_recovered=0.000e+00), time: 0.010056045000965241
L: 0.50, u_super: 0.00633, sec: 353.217, prod: 0.143089, t_ads: 30.7, t_des: 28.5, bed_util_ads: 0.496, bed_util_des: 0.496, des_th: 0.49598833920054997,frac_lost: 0.103, li_recovered:  8.473, time: 0.014955381000618218
L: 0.50, u_super: 0.00950, sec: 550.320, prod: 0.215495, t_ads: 20.5, t_des: 18.7, bed_util_ads: 0.499, bed_util_des: 0.499, des_th: 0.4987756947070119,frac_lost: 0.103, li_recovered:  8.447, time: 0.015594711998346611
L: 0.50, u_super: 0.00246, sec: 132.136, prod: 0.054682, t_ads: 78.5, t_des: 70.6, bed_util_ads: 0.495, bed_util_des: 0.495, des_th: 0.49508965638676633,frac_lost: 0.104, li_recovered:  8.151, time: 0.01548072600053274
   882 |    35280 |     40 |  0.0043591560 |             f
L: 0.50, u_super: 0.00832, sec: 476.985, prod: 0.188022, t_ads: 23.5, t_des: 21.8, bed_util_ads: 0.496, bed_util_des: 0.496, des_th: 0.49570868213149255,frac_lost: 0.107, li_recovered:  8.528, time: 0.01397442800043791
L: 0.50, u_super: 0.00136 — INFEASIBLE (li_recovered=0.000e+00), time: 0.010297984999851906
L: 0.50, u_super: 0.00016, sec: 20.087, prod: 0.001432, t_ads: 1244.1, t_des: 4637.9, bed_util_ads: 0.255, bed_util_des: 0.187, des_th: 0.18707726587887688,frac_lost: 0.101, li_recovered:  8.423, time: 0.04402851200029545
L: 0.50, u_super: 0.00330, sec: 179.210, prod: 0.073688, t_ads: 58.9, t_des: 52.0, bed_util_ads: 0.499, bed_util_des: 0.499, des_th: 0.49875224826539116,frac_lost: 0.108, li_recovered:  8.174, time: 0.012656630999117624
L: 0.50, u_super: 0.00031 — INFEASIBLE (li_recovered=0.000e+00), time: 0.0045530459992733086
L: 0.50, u_super: 0.00782, sec: 461.176, prod: 0.170480, t_ads: 25.0, t_des: 25.9, bed_util_ads: 0.482, bed_util_des: 0.481, des_th: 0.4814948948593182,frac_lost: 0.107, li_recovered:  8.687, time: 0.014529792999383062
L: 0.50, u_super: 0.00543, sec: 299.902, prod: 0.122650, t_ads: 35.8, t_des: 32.3, bed_util_ads: 0.499, bed_util_des: 0.498, des_th: 0.49842152040776455,frac_lost: 0.103, li_recovered:  8.349, time: 0.01404374000048847
L: 0.50, u_super: 0.00152, sec: 82.278, prod: 0.033387, t_ads: 125.4, t_des: 112.4, bed_util_ads: 0.491, bed_util_des: 0.491, des_th: 0.49086232351388437,frac_lost: 0.105, li_recovered:  7.941, time: 0.016247859999566572
L: 32.77, u_super: 0.00383 — INFEASIBLE (li_recovered=0.000e+00), time: 0.002975405999677605
L: 0.50, u_super: 0.00441, sec: 241.293, prod: 0.099347, t_ads: 44.0, t_des: 39.7, bed_util_ads: 0.498, bed_util_des: 0.498, des_th: 0.49792379047850027,frac_lost: 0.105, li_recovered:  8.325, time: 0.016307312998833368
L: 4.49, u_super: 0.00590 — INFEASIBLE (li_recovered=0.000e+00), time: 0.007291604999409174
L: 0.50, u_super: 0.00663, sec: 372.271, prod: 0.149751, t_ads: 29.3, t_des: 27.8, bed_util_ads: 0.493, bed_util_des: 0.492, des_th: 0.4924618420964194,frac_lost: 0.101, li_recovered:  8.539, time: 0.014803161999225267
L: 0.50, u_super: 0.00130, sec: 71.456, prod: 0.028007, t_ads: 146.7, t_des: 147.9, bed_util_ads: 0.474, bed_util_des: 0.473, des_th: 0.47272761497447996,frac_lost: 0.106, li_recovered:  8.248, time: 0.01199139600066701
L: 32.23, u_super: 0.00900 — INFEASIBLE (li_recovered=0.000e+00), time: 0.004148362999330857
L: 0.50, u_super: 0.00786, sec: 446.232, prod: 0.178176, t_ads: 24.7, t_des: 22.3, bed_util_ads: 0.499, bed_util_des: 0.499, des_th: 0.4987557442454243,frac_lost: 0.102, li_recovered:  8.388, time: 0.012463330998798483
L: 7.84, u_super: 0.00845 — INFEASIBLE (li_recovered=0.000e+00), time: 0.006673443998806761
L: 0.50, u_super: 0.00191, sec: 103.854, prod: 0.041563, t_ads: 100.4, t_des: 85.6, bed_util_ads: 0.500, bed_util_des: 0.500, des_th: 0.49980826562723857,frac_lost: 0.102, li_recovered:  7.728, time: 0.01173512000059418
L: 0.50, u_super: 0.00109, sec: 59.274, prod: 0.023367, t_ads: 174.8, t_des: 156.7, bed_util_ads: 0.487, bed_util_des: 0.486, des_th: 0.4865610817277303,frac_lost: 0.108, li_recovered:  7.747, time: 0.015238767000482767
L: 0.50, u_super: 0.00480, sec: 306.289, prod: 0.093178, t_ads: 40.4, t_des: 52.6, bed_util_ads: 0.452, bed_util_des: 0.451, des_th: 0.45140764502344377,frac_lost: 0.101, li_recovered:  8.659, time: 0.017371690999425482
L: 0.50, u_super: 0.00273, sec: 147.119, prod: 0.060814, t_ads: 70.6, t_des: 67.4, bed_util_ads: 0.488, bed_util_des: 0.487, des_th: 0.4874373248034683,frac_lost: 0.102, li_recovered:  8.397, time: 0.013110320000123465
L: 0.50, u_super: 0.00314, sec: 169.393, prod: 0.070569, t_ads: 61.3, t_des: 56.0, bed_util_ads: 0.495, bed_util_des: 0.495, des_th: 0.4945608221240453,frac_lost: 0.100, li_recovered:  8.277, time: 0.014309903999674134
L: 0.50, u_super: 0.00807, sec: 468.887, prod: 0.179304, t_ads: 24.3, t_des: 24.0, bed_util_ads: 0.488, bed_util_des: 0.487, des_th: 0.48741128023041463,frac_lost: 0.107, li_recovered:  8.658, time: 0.014598747999116313
L: 0.50, u_super: 0.00392, sec: 213.679, prod: 0.087954, t_ads: 49.6, t_des: 44.3, bed_util_ads: 0.500, bed_util_des: 0.499, des_th: 0.4994314316527285,frac_lost: 0.107, li_recovered:  8.259, time: 0.02323583100042015
L: 0.50, u_super: 0.00955, sec: 555.614, prod: 0.215755, t_ads: 20.5, t_des: 19.2, bed_util_ads: 0.495, bed_util_des: 0.495, des_th: 0.4949440272457086,frac_lost: 0.105, li_recovered:  8.569, time: 0.01541836500109639
L: 0.50, u_super: 0.00188, sec: 124.928, prod: 0.033755, t_ads: 102.2, t_des: 149.9, bed_util_ads: 0.431, bed_util_des: 0.428, des_th: 0.4278663054743975,frac_lost: 0.102, li_recovered:  8.511, time: 0.019780678001552587
L: 0.50, u_super: 0.00712, sec: 538.021, prod: 0.120295, t_ads: 27.4, t_des: 45.0, bed_util_ads: 0.424, bed_util_des: 0.423, des_th: 0.42309360482040403,frac_lost: 0.105, li_recovered:  8.712, time: 0.018971776000398677
L: 0.50, u_super: 0.00814, sec: 465.329, prod: 0.184139, t_ads: 24.0, t_des: 22.0, bed_util_ads: 0.498, bed_util_des: 0.497, des_th: 0.49750741459387154,frac_lost: 0.107, li_recovered:  8.486, time: 0.015608985000653774
L: 0.50, u_super: 0.00990, sec: 576.015, prod: 0.224810, t_ads: 19.7, t_des: 17.9, bed_util_ads: 0.500, bed_util_des: 0.499, des_th: 0.49941800771673645,frac_lost: 0.102, li_recovered:  8.443, time: 0.011705075999998371
L: 0.50, u_super: 0.00961, sec: 558.271, prod: 0.217831, t_ads: 20.3, t_des: 18.5, bed_util_ads: 0.499, bed_util_des: 0.499, des_th: 0.49876840152582125,frac_lost: 0.106, li_recovered:  8.454, time: 0.011549816999831819
L: 0.50, u_super: 0.00350, sec: 189.718, prod: 0.078345, t_ads: 55.7, t_des: 50.8, bed_util_ads: 0.495, bed_util_des: 0.495, des_th: 0.4949440272457086,frac_lost: 0.108, li_recovered:  8.346, time: 0.014930616000128794
L: 0.50, u_super: 0.00990, sec: 576.712, prod: 0.224538, t_ads: 19.7, t_des: 17.9, bed_util_ads: 0.500, bed_util_des: 0.499, des_th: 0.499447335975895,frac_lost: 0.105, li_recovered:  8.451, time: 0.014231674998882227
L: 0.50, u_super: 0.00389, sec: 211.813, prod: 0.087269, t_ads: 50.0, t_des: 44.6, bed_util_ads: 0.499, bed_util_des: 0.498, des_th: 0.49842348770609884,frac_lost: 0.106, li_recovered:  8.254, time: 0.018321935000130907
L: 0.50, u_super: 0.00826, sec: 472.723, prod: 0.186801, t_ads: 23.7, t_des: 21.5, bed_util_ads: 0.499, bed_util_des: 0.499, des_th: 0.4989452602048628,frac_lost: 0.108, li_recovered:  8.447, time: 0.013723620999371633
L: 25.98, u_super: 0.00101, sec: 18862.755, prod: 0.003317, t_ads: 3999.6, t_des: 1764.5, bed_util_ads: 0.190, bed_util_des: 0.184, des_th: 0.18470099771484183,frac_lost: 0.101, li_recovered:  19.117, time: 0.006884435000756639
L: 0.50, u_super: 0.00734, sec: 414.450, prod: 0.166327, t_ads: 26.4, t_des: 23.6, bed_util_ads: 0.500, bed_util_des: 0.500, des_th: 0.4996739517627334,frac_lost: 0.100, li_recovered:  8.319, time: 0.01517199899899424
L: 0.50, u_super: 0.00454, sec: 248.730, prod: 0.102259, t_ads: 42.8, t_des: 39.6, bed_util_ads: 0.495, bed_util_des: 0.495, des_th: 0.4947804882057989,frac_lost: 0.105, li_recovered:  8.429, time: 0.01081139800044184
L: 0.50, u_super: 0.00395, sec: 215.415, prod: 0.088436, t_ads: 49.2, t_des: 43.4, bed_util_ads: 0.500, bed_util_des: 0.499, des_th: 0.4994314316527285,frac_lost: 0.106, li_recovered:  8.193, time: 0.013954946000012569
L: 0.50, u_super: 0.00845, sec: 487.016, prod: 0.190393, t_ads: 23.1, t_des: 22.0, bed_util_ads: 0.494, bed_util_des: 0.493, des_th: 0.49336298945998264,frac_lost: 0.107, li_recovered:  8.588, time: 0.014124436000201968
L: 0.50, u_super: 0.00590, sec: 327.515, prod: 0.133406, t_ads: 32.9, t_des: 29.5, bed_util_ads: 0.500, bed_util_des: 0.499, des_th: 0.4994719876063791,frac_lost: 0.101, li_recovered:  8.317, time: 0.012340531999143423
L: 0.50, u_super: 0.00213, sec: 158.346, prod: 0.034214, t_ads: 91.3, t_des: 159.5, bed_util_ads: 0.411, bed_util_des: 0.407, des_th: 0.4073645154603381,frac_lost: 0.107, li_recovered:  8.580, time: 0.01918468700023368
   883 |    35320 |     40 |  0.0027171012 |             f
L: 0.50, u_super: 0.00221, sec: 118.877, prod: 0.048977, t_ads: 87.3, t_des: 82.7, bed_util_ads: 0.488, bed_util_des: 0.487, des_th: 0.4874373248034683,frac_lost: 0.105, li_recovered:  8.326, time: 0.013832355998601997
L: 0.50, u_super: 0.00547, sec: 304.859, prod: 0.122550, t_ads: 35.5, t_des: 34.4, bed_util_ads: 0.489, bed_util_des: 0.489, des_th: 0.4888952911880666,frac_lost: 0.103, li_recovered:  8.572, time: 0.008397806001084973
L: 3.99, u_super: 0.00130 — INFEASIBLE (li_recovered=0.000e+00), time: 0.004111853000722476
L: 0.50, u_super: 0.00530, sec: 291.905, prod: 0.119802, t_ads: 36.5, t_des: 33.2, bed_util_ads: 0.498, bed_util_des: 0.497, des_th: 0.4974031222492877,frac_lost: 0.101, li_recovered:  8.351, time: 0.009360863999972935
L: 0.50, u_super: 0.00031 — INFEASIBLE (li_recovered=0.000e+00), time: 0.007049071999063017
L: 0.50, u_super: 0.00912, sec: 527.694, prod: 0.206022, t_ads: 21.5, t_des: 19.9, bed_util_ads: 0.497, bed_util_des: 0.497, des_th: 0.4971974551037381,frac_lost: 0.108, li_recovered:  8.531, time: 0.01592967099895759
L: 0.50, u_super: 0.00990, sec: 577.068, prod: 0.224399, t_ads: 19.7, t_des: 17.7, bed_util_ads: 0.500, bed_util_des: 0.500, des_th: 0.4999615956533761,frac_lost: 0.105, li_recovered:  8.402, time: 0.015590752998832613
L: 0.50, u_super: 0.00597, sec: 331.472, prod: 0.135011, t_ads: 32.5, t_des: 29.2, bed_util_ads: 0.500, bed_util_des: 0.500, des_th: 0.49967631866489254,frac_lost: 0.101, li_recovered:  8.323, time: 0.017768756000805297
L: 0.50, u_super: 0.00055 — INFEASIBLE (li_recovered=0.000e+00), time: 0.00888193299942941
L: 0.50, u_super: 0.00989, sec: 576.214, prod: 0.224399, t_ads: 19.7, t_des: 18.1, bed_util_ads: 0.497, bed_util_des: 0.497, des_th: 0.49680666095209497,frac_lost: 0.104, li_recovered:  8.492, time: 0.017034933000104502
L: 0.50, u_super: 0.00135, sec: 73.003, prod: 0.029400, t_ads: 141.9, t_des: 135.2, bed_util_ads: 0.482, bed_util_des: 0.481, des_th: 0.4812014646291692,frac_lost: 0.107, li_recovered:  8.148, time: 0.01580156099953456
L: 0.50, u_super: 0.00031 — INFEASIBLE (li_recovered=0.000e+00), time: 0.008367685999473906
L: 0.50, u_super: 0.00484, sec: 265.712, prod: 0.109104, t_ads: 40.2, t_des: 36.3, bed_util_ads: 0.499, bed_util_des: 0.498, des_th: 0.49842152040776455,frac_lost: 0.105, li_recovered:  8.346, time: 0.011252328999034944
L: 1.59, u_super: 0.00371, sec: 676.837, prod: 0.078651, t_ads: 162.1, t_des: 136.7, bed_util_ads: 0.495, bed_util_des: 0.495, des_th: 0.4949886840692846,frac_lost: 0.105, li_recovered:  23.498, time: 0.018361537000600947
L: 0.50, u_super: 0.00546, sec: 303.067, prod: 0.122831, t_ads: 35.5, t_des: 34.1, bed_util_ads: 0.491, bed_util_des: 0.491, des_th: 0.4909527389236223,frac_lost: 0.101, li_recovered:  8.544, time: 0.016710940999473678
L: 0.50, u_super: 0.00371, sec: 201.620, prod: 0.083102, t_ads: 52.5, t_des: 46.9, bed_util_ads: 0.499, bed_util_des: 0.499, des_th: 0.4987577115437586,frac_lost: 0.107, li_recovered:  8.256, time: 0.017160625999167678
L: 0.50, u_super: 0.00055 — INFEASIBLE (li_recovered=0.000e+00), time: 0.007661171001018374
L: 27.10, u_super: 0.00469 — INFEASIBLE (li_recovered=0.000e+00), time: 0.0033214970007975353
L: 0.50, u_super: 0.00643, sec: 358.670, prod: 0.145440, t_ads: 30.2, t_des: 27.3, bed_util_ads: 0.499, bed_util_des: 0.499, des_th: 0.49891767320977093,frac_lost: 0.102, li_recovered:  8.366, time: 0.011115818000689615
L: 0.50, u_super: 0.00725, sec: 410.197, prod: 0.163695, t_ads: 27.0, t_des: 24.8, bed_util_ads: 0.498, bed_util_des: 0.498, des_th: 0.4981396387008089,frac_lost: 0.109, li_recovered:  8.479, time: 0.017083127999285352
L: 0.50, u_super: 0.00675, sec: 378.101, prod: 0.153017, t_ads: 28.7, t_des: 26.0, bed_util_ads: 0.499, bed_util_des: 0.499, des_th: 0.4989226074638693,frac_lost: 0.100, li_recovered:  8.374, time: 0.01447548999931314
L: 0.50, u_super: 0.00572, sec: 316.483, prod: 0.129264, t_ads: 33.9, t_des: 30.4, bed_util_ads: 0.500, bed_util_des: 0.499, des_th: 0.4995065875664924,frac_lost: 0.100, li_recovered:  8.308, time: 0.014175054000588716
L: 0.50, u_super: 0.00152, sec: 82.300, prod: 0.033378, t_ads: 125.7, t_des: 112.8, bed_util_ads: 0.492, bed_util_des: 0.491, des_th: 0.490966602884638,frac_lost: 0.107, li_recovered:  7.962, time: 0.01391963400055829
L: 0.50, u_super: 0.00868, sec: 625.777, prod: 0.156721, t_ads: 22.5, t_des: 33.2, bed_util_ads: 0.438, bed_util_des: 0.437, des_th: 0.43715486299730655,frac_lost: 0.102, li_recovered:  8.717, time: 0.021027036000305088
L: 1.20, u_super: 0.00051, sec: 273.692, prod: 0.002672, t_ads: 949.7, t_des: 7085.6, bed_util_ads: 0.212, bed_util_des: 0.141, des_th: 0.14088825722974968,frac_lost: 0.101, li_recovered:  21.469, time: 0.07775174100061122
L: 0.50, u_super: 0.00094, sec: 53.398, prod: 0.019212, t_ads: 201.1, t_des: 222.2, bed_util_ads: 0.457, bed_util_des: 0.454, des_th: 0.45442189036278163,frac_lost: 0.101, li_recovered:  8.132, time: 0.01691640799981542
L: 0.50, u_super: 0.00706, sec: 398.128, prod: 0.159432, t_ads: 27.7, t_des: 24.9, bed_util_ads: 0.500, bed_util_des: 0.499, des_th: 0.4994696207042193,frac_lost: 0.108, li_recovered:  8.391, time: 0.02091725399986899
L: 0.50, u_super: 0.00543, sec: 392.408, prod: 0.093736, t_ads: 36.0, t_des: 56.7, bed_util_ads: 0.429, bed_util_des: 0.427, des_th: 0.42730319909519066,frac_lost: 0.107, li_recovered:  8.692, time: 0.020008132998555084
L: 0.50, u_super: 0.00158, sec: 86.972, prod: 0.034131, t_ads: 120.8, t_des: 101.8, bed_util_ads: 0.499, bed_util_des: 0.499, des_th: 0.49875224826539116,frac_lost: 0.105, li_recovered:  7.596, time: 0.013014636000661994
L: 0.50, u_super: 0.00713, sec: 536.839, prod: 0.120900, t_ads: 27.4, t_des: 44.6, bed_util_ads: 0.426, bed_util_des: 0.425, des_th: 0.4245439164193079,frac_lost: 0.106, li_recovered:  8.713, time: 0.019563424000807572
L: 36.15, u_super: 0.00591 — INFEASIBLE (li_recovered=0.000e+00), time: 0.0025402869996469235
L: 0.50, u_super: 0.00522, sec: 287.745, prod: 0.117922, t_ads: 37.2, t_des: 33.8, bed_util_ads: 0.498, bed_util_des: 0.497, des_th: 0.4974627577690865,frac_lost: 0.103, li_recovered:  8.367, time: 0.012334766001004027
L: 0.50, u_super: 0.00155, sec: 83.311, prod: 0.033920, t_ads: 123.9, t_des: 117.6, bed_util_ads: 0.484, bed_util_des: 0.483, des_th: 0.4831524399508922,frac_lost: 0.105, li_recovered:  8.189, time: 0.014399146000869223
L: 0.50, u_super: 0.00990, sec: 587.746, prod: 0.220322, t_ads: 19.7, t_des: 19.6, bed_util_ads: 0.487, bed_util_des: 0.487, des_th: 0.4872619860616398,frac_lost: 0.105, li_recovered:  8.672, time: 0.016027469999244204
L: 0.50, u_super: 0.00858, sec: 495.374, prod: 0.192913, t_ads: 22.8, t_des: 21.9, bed_util_ads: 0.491, bed_util_des: 0.491, des_th: 0.49113510146510686,frac_lost: 0.105, li_recovered:  8.607, time: 0.014936153000235208
L: 0.50, u_super: 0.00867, sec: 498.433, prod: 0.196331, t_ads: 22.6, t_des: 20.5, bed_util_ads: 0.499, bed_util_des: 0.499, des_th: 0.49916268509107603,frac_lost: 0.107, li_recovered:  8.450, time: 0.012715512999420753
L: 0.50, u_super: 0.00543, sec: 299.902, prod: 0.122650, t_ads: 35.8, t_des: 32.3, bed_util_ads: 0.499, bed_util_des: 0.498, des_th: 0.49842152040776455,frac_lost: 0.103, li_recovered:  8.349, time: 0.013702066999030649
L: 0.50, u_super: 0.00473, sec: 259.215, prod: 0.106705, t_ads: 41.0, t_des: 37.2, bed_util_ads: 0.498, bed_util_des: 0.497, des_th: 0.49750741459387154,frac_lost: 0.103, li_recovered:  8.341, time: 0.015488017999814474
L: 38.18, u_super: 0.00758 — INFEASIBLE (li_recovered=0.000e+00), time: 0.004080108999914955
L: 0.50, u_super: 0.00150, sec: 81.634, prod: 0.032758, t_ads: 127.0, t_des: 111.3, bed_util_ads: 0.494, bed_util_des: 0.493, des_th: 0.49338015966491583,frac_lost: 0.105, li_recovered:  7.808, time: 0.013767225998890353
   884 |    35360 |     40 |  0.0021444877 |             f
L: 0.50, u_super: 0.00790, sec: 451.051, prod: 0.178074, t_ads: 24.8, t_des: 23.3, bed_util_ads: 0.495, bed_util_des: 0.495, des_th: 0.495243992964936,frac_lost: 0.107, li_recovered:  8.556, time: 0.016673508998792386
L: 0.50, u_super: 0.00597, sec: 331.431, prod: 0.135028, t_ads: 32.5, t_des: 29.2, bed_util_ads: 0.499, bed_util_des: 0.499, des_th: 0.49897299630359015,frac_lost: 0.100, li_recovered:  8.319, time: 0.012553574999401462
L: 0.50, u_super: 0.00838, sec: 486.948, prod: 0.186876, t_ads: 23.3, t_des: 23.0, bed_util_ads: 0.489, bed_util_des: 0.489, des_th: 0.4889349178016662,frac_lost: 0.106, li_recovered:  8.650, time: 0.01773351699921477
L: 0.50, u_super: 0.00955, sec: 555.614, prod: 0.215755, t_ads: 20.5, t_des: 19.2, bed_util_ads: 0.495, bed_util_des: 0.495, des_th: 0.4949440272457086,frac_lost: 0.105, li_recovered:  8.569, time: 0.016186794999157428
L: 0.50, u_super: 0.00031, sec: 19.001, prod: 0.005867, t_ads: 560.2, t_des: 600.9, bed_util_ads: 0.427, bed_util_des: 0.421, des_th: 0.4206387384673965,frac_lost: 0.104, li_recovered:  6.812, time: 0.01216933700015943
L: 0.50, u_super: 0.00350, sec: 189.676, prod: 0.078412, t_ads: 55.6, t_des: 50.8, bed_util_ads: 0.495, bed_util_des: 0.495, des_th: 0.4948489524980575,frac_lost: 0.107, li_recovered:  8.342, time: 0.014706915000715526
L: 0.50, u_super: 0.00784, sec: 446.340, prod: 0.177283, t_ads: 25.0, t_des: 22.6, bed_util_ads: 0.498, bed_util_des: 0.498, des_th: 0.49824223167266335,frac_lost: 0.108, li_recovered:  8.441, time: 0.01812460600012855
L: 0.50, u_super: 0.00071, sec: 39.456, prod: 0.014941, t_ads: 259.3, t_des: 242.5, bed_util_ads: 0.474, bed_util_des: 0.473, des_th: 0.47308932365072487,frac_lost: 0.100, li_recovered:  7.498, time: 0.01980837200062524
L: 0.50, u_super: 0.00522, sec: 287.785, prod: 0.117906, t_ads: 37.2, t_des: 34.4, bed_util_ads: 0.495, bed_util_des: 0.494, des_th: 0.49444906411253486,frac_lost: 0.103, li_recovered:  8.443, time: 0.020289259000492166
L: 6.27, u_super: 0.00990 — INFEASIBLE (li_recovered=0.000e+00), time: 0.015310666000004858
L: 0.50, u_super: 0.00382, sec: 208.374, prod: 0.085485, t_ads: 51.0, t_des: 45.0, bed_util_ads: 0.500, bed_util_des: 0.500, des_th: 0.4996807408571751,frac_lost: 0.108, li_recovered:  8.214, time: 0.017590990000826423
L: 0.50, u_super: 0.00227, sec: 122.019, prod: 0.050242, t_ads: 85.4, t_des: 80.3, bed_util_ads: 0.489, bed_util_des: 0.488, des_th: 0.4878720271303582,frac_lost: 0.107, li_recovered:  8.326, time: 0.016865892999703647
L: 0.50, u_super: 0.00344, sec: 195.026, prod: 0.073495, t_ads: 56.6, t_des: 60.4, bed_util_ads: 0.475, bed_util_des: 0.474, des_th: 0.47414465879141593,frac_lost: 0.106, li_recovered:  8.593, time: 0.013384564999796567
L: 0.50, u_super: 0.00961, sec: 558.012, prod: 0.217932, t_ads: 20.3, t_des: 18.7, bed_util_ads: 0.498, bed_util_des: 0.498, des_th: 0.4981320119687253,frac_lost: 0.104, li_recovered:  8.494, time: 0.01413160400079505
L: 0.50, u_super: 0.00260, sec: 1119.069, prod: 0.007273, t_ads: 75.6, t_des: 1133.4, bed_util_ads: 0.193, bed_util_des: 0.183, des_th: 0.1829850366967696,frac_lost: 0.105, li_recovered:  8.793, time: 0.12825703799899202
L: 0.50, u_super: 0.00455, sec: 255.612, prod: 0.099621, t_ads: 42.7, t_des: 43.8, bed_util_ads: 0.482, bed_util_des: 0.481, des_th: 0.4811022627795949,frac_lost: 0.103, li_recovered:  8.614, time: 0.014086006000070483
L: 54.84, u_super: 0.00154 — INFEASIBLE (li_recovered=0.000e+00), time: 0.0015696230002504308
L: 0.50, u_super: 0.00663, sec: 371.387, prod: 0.150108, t_ads: 29.2, t_des: 26.1, bed_util_ads: 0.500, bed_util_des: 0.500, des_th: 0.49977521016579235,frac_lost: 0.101, li_recovered:  8.313, time: 0.015353147000496392
L: 0.50, u_super: 0.00074, sec: 206.055, prod: 0.003138, t_ads: 265.4, t_des: 2535.2, bed_util_ads: 0.218, bed_util_des: 0.189, des_th: 0.1894635900534406,frac_lost: 0.102, li_recovered:  8.787, time: 0.06171636199906061
L: 0.50, u_super: 0.00135, sec: 73.003, prod: 0.029400, t_ads: 141.9, t_des: 135.2, bed_util_ads: 0.482, bed_util_des: 0.481, des_th: 0.4812014646291692,frac_lost: 0.107, li_recovered:  8.148, time: 0.014389522000783472
L: 0.50, u_super: 0.00752, sec: 429.113, prod: 0.169116, t_ads: 26.0, t_des: 24.7, bed_util_ads: 0.493, bed_util_des: 0.492, des_th: 0.4924561067691394,frac_lost: 0.108, li_recovered:  8.586, time: 0.014135319999695639
L: 2.89, u_super: 0.00315 — INFEASIBLE (li_recovered=0.000e+00), time: 0.009398985999723664
L: 1.79, u_super: 0.00205 — INFEASIBLE (li_recovered=0.000e+00), time: 0.006099428999732481
L: 18.34, u_super: 0.00371 — INFEASIBLE (li_recovered=0.000e+00), time: 0.0025339349995192606
L: 0.50, u_super: 0.00365, sec: 198.206, prod: 0.081882, t_ads: 53.3, t_des: 48.2, bed_util_ads: 0.498, bed_util_des: 0.497, des_th: 0.49745872094595456,frac_lost: 0.107, li_recovered:  8.308, time: 0.011751570000342326
L: 0.50, u_super: 0.00610, sec: 339.588, prod: 0.137687, t_ads: 31.9, t_des: 28.5, bed_util_ads: 0.500, bed_util_des: 0.499, des_th: 0.4994270094604356,frac_lost: 0.104, li_recovered:  8.318, time: 0.011077192999437102
L: 0.50, u_super: 0.00843, sec: 485.487, prod: 0.190053, t_ads: 23.3, t_des: 21.8, bed_util_ads: 0.495, bed_util_des: 0.495, des_th: 0.49456661730182305,frac_lost: 0.109, li_recovered:  8.566, time: 0.01334476900046866
L: 0.50, u_super: 0.00077 — INFEASIBLE (li_recovered=0.000e+00), time: 0.006940989000213449
L: 21.43, u_super: 0.00709 — INFEASIBLE (li_recovered=0.000e+00), time: 0.003516113001751364
L: 0.50, u_super: 0.00007 — INFEASIBLE (li_recovered=0.000e+00), time: 0.00244412000029115
L: 0.50, u_super: 0.00096 — INFEASIBLE (li_recovered=0.000e+00), time: 0.008006035001017153
L: 4.95, u_super: 0.00191 — INFEASIBLE (li_recovered=0.000e+00), time: 0.004470576999665354
L: 0.50, u_super: 0.00423, sec: 230.638, prod: 0.095003, t_ads: 46.0, t_des: 42.6, bed_util_ads: 0.495, bed_util_des: 0.494, des_th: 0.4944450272959817,frac_lost: 0.105, li_recovered:  8.422, time: 0.01459497299947543
L: 0.50, u_super: 0.00815, sec: 468.904, prod: 0.183193, t_ads: 24.0, t_des: 23.0, bed_util_ads: 0.491, bed_util_des: 0.491, des_th: 0.49114819006854754,frac_lost: 0.106, li_recovered:  8.606, time: 0.01361493399963365
L: 0.50, u_super: 0.00489, sec: 268.935, prod: 0.110255, t_ads: 39.7, t_des: 35.4, bed_util_ads: 0.500, bed_util_des: 0.500, des_th: 0.49989008804179696,frac_lost: 0.103, li_recovered:  8.278, time: 0.012868658999650506
L: 0.50, u_super: 0.00684, sec: 385.140, prod: 0.154496, t_ads: 28.5, t_des: 26.5, bed_util_ads: 0.495, bed_util_des: 0.495, des_th: 0.49508965638676633,frac_lost: 0.106, li_recovered:  8.508, time: 0.012522250000984059
L: 0.50, u_super: 0.00371, sec: 201.620, prod: 0.083102, t_ads: 52.5, t_des: 46.9, bed_util_ads: 0.499, bed_util_des: 0.499, des_th: 0.4987577115437586,frac_lost: 0.107, li_recovered:  8.256, time: 0.013238919000286842
L: 60.94, u_super: 0.00308 — INFEASIBLE (li_recovered=0.000e+00), time: 0.0017996560000028694
L: 0.50, u_super: 0.00985, sec: 578.109, prod: 0.221396, t_ads: 19.9, t_des: 19.1, bed_util_ads: 0.492, bed_util_des: 0.492, des_th: 0.4915122892757398,frac_lost: 0.106, li_recovered:  8.623, time: 0.01545971300038218
L: 0.50, u_super: 0.00005, sec: 4.327, prod: 0.000669, t_ads: 3409.8, t_des: 5820.0, bed_util_ads: 0.252, bed_util_des: 0.185, des_th: 0.1851696623157332,frac_lost: 0.101, li_recovered:  6.176, time: 0.020063604999450035
   885 |    35400 |     40 |  0.0037743302 |             f
L: 0.50, u_super: 0.00990, sec: 632.651, prod: 0.204684, t_ads: 19.7, t_des: 22.9, bed_util_ads: 0.469, bed_util_des: 0.468, des_th: 0.468203830576771,frac_lost: 0.103, li_recovered:  8.716, time: 0.018233279999549268
L: 8.65, u_super: 0.00025 — INFEASIBLE (li_recovered=0.000e+00), time: 0.0023830169993743766
L: 0.50, u_super: 0.00747, sec: 421.819, prod: 0.169417, t_ads: 26.0, t_des: 23.5, bed_util_ads: 0.499, bed_util_des: 0.499, des_th: 0.4988913092008132,frac_lost: 0.100, li_recovered:  8.374, time: 0.016335000000253785
L: 0.50, u_super: 0.00087 — INFEASIBLE (li_recovered=0.000e+00), time: 0.008387232999666594
L: 0.50, u_super: 0.00188, sec: 101.428, prod: 0.041260, t_ads: 101.9, t_des: 89.2, bed_util_ads: 0.496, bed_util_des: 0.496, des_th: 0.49608396940785254,frac_lost: 0.102, li_recovered:  7.886, time: 0.013196055999287637
L: 0.50, u_super: 0.00267, sec: 143.893, prod: 0.059686, t_ads: 72.1, t_des: 65.0, bed_util_ads: 0.495, bed_util_des: 0.495, des_th: 0.4949440272457086,frac_lost: 0.103, li_recovered:  8.183, time: 0.012498553000114043
L: 0.50, u_super: 0.00119, sec: 64.644, prod: 0.025966, t_ads: 158.9, t_des: 149.3, bed_util_ads: 0.482, bed_util_des: 0.481, des_th: 0.48105533166903347,frac_lost: 0.104, li_recovered:  8.003, time: 0.014198923001458752
L: 0.50, u_super: 0.00546, sec: 301.392, prod: 0.123514, t_ads: 35.5, t_des: 32.1, bed_util_ads: 0.498, bed_util_des: 0.497, des_th: 0.49747616063833716,frac_lost: 0.101, li_recovered:  8.343, time: 0.01779398300095636
L: 0.50, u_super: 0.00706, sec: 398.128, prod: 0.159432, t_ads: 27.7, t_des: 24.9, bed_util_ads: 0.500, bed_util_des: 0.499, des_th: 0.4994696207042193,frac_lost: 0.108, li_recovered:  8.391, time: 0.014014674999998533
L: 0.50, u_super: 0.00838, sec: 499.796, prod: 0.181916, t_ads: 23.4, t_des: 24.4, bed_util_ads: 0.481, bed_util_des: 0.480, des_th: 0.4804643687700137,frac_lost: 0.107, li_recovered:  8.696, time: 0.014439552000112599
L: 0.50, u_super: 0.00644, sec: 359.930, prod: 0.145770, t_ads: 30.2, t_des: 27.3, bed_util_ads: 0.499, bed_util_des: 0.499, des_th: 0.49891767320977093,frac_lost: 0.103, li_recovered:  8.374, time: 0.021616497999275452
L: 0.50, u_super: 0.00752, sec: 425.712, prod: 0.170467, t_ads: 25.9, t_des: 23.4, bed_util_ads: 0.500, bed_util_des: 0.500, des_th: 0.49998410653700515,frac_lost: 0.103, li_recovered:  8.392, time: 0.014090198999838321
L: 0.50, u_super: 0.00568, sec: 315.015, prod: 0.128267, t_ads: 34.2, t_des: 30.6, bed_util_ads: 0.500, bed_util_des: 0.499, des_th: 0.4995065875664924,frac_lost: 0.103, li_recovered:  8.310, time: 0.014762533000975964
L: 0.50, u_super: 0.00436, sec: 240.677, prod: 0.096919, t_ads: 44.7, t_des: 43.6, bed_util_ads: 0.488, bed_util_des: 0.487, des_th: 0.4874373248034683,frac_lost: 0.106, li_recovered:  8.562, time: 0.017767821000234107
L: 0.50, u_super: 0.00457, sec: 250.258, prod: 0.102992, t_ads: 42.5, t_des: 38.8, bed_util_ads: 0.496, bed_util_des: 0.496, des_th: 0.4961503140794712,frac_lost: 0.105, li_recovered:  8.378, time: 0.015313750998757314
L: 0.50, u_super: 0.00734, sec: 414.084, prod: 0.166474, t_ads: 26.4, t_des: 23.9, bed_util_ads: 0.499, bed_util_des: 0.499, des_th: 0.49912092469521285,frac_lost: 0.101, li_recovered:  8.380, time: 0.012686675001532421
L: 0.50, u_super: 0.00094, sec: 51.164, prod: 0.020051, t_ads: 201.2, t_des: 186.1, bed_util_ads: 0.481, bed_util_des: 0.480, des_th: 0.48015565890056233,frac_lost: 0.105, li_recovered:  7.766, time: 0.014373656998941442
L: 0.50, u_super: 0.00868, sec: 498.830, prod: 0.196605, t_ads: 22.5, t_des: 20.4, bed_util_ads: 0.499, bed_util_des: 0.499, des_th: 0.49916268509107603,frac_lost: 0.106, li_recovered:  8.433, time: 0.016265494999970542
L: 24.79, u_super: 0.00443 — INFEASIBLE (li_recovered=0.000e+00), time: 0.0035757759997068206
L: 0.50, u_super: 0.00610, sec: 339.236, prod: 0.137829, t_ads: 31.9, t_des: 28.8, bed_util_ads: 0.500, bed_util_des: 0.499, des_th: 0.4994180596738463,frac_lost: 0.103, li_recovered:  8.365, time: 0.0144940600002883
L: 0.50, u_super: 0.00027, sec: 37.856, prod: 0.002180, t_ads: 736.4, t_des: 3174.5, bed_util_ads: 0.264, bed_util_des: 0.213, des_th: 0.21346417435383588,frac_lost: 0.104, li_recovered:  8.527, time: 0.04126135699880251
L: 0.50, u_super: 0.00076, sec: 42.353, prod: 0.015874, t_ads: 245.3, t_des: 218.8, bed_util_ads: 0.481, bed_util_des: 0.480, des_th: 0.48065307456264644,frac_lost: 0.105, li_recovered:  7.366, time: 0.018793046998325735
L: 0.50, u_super: 0.00608, sec: 362.468, prod: 0.128362, t_ads: 32.2, t_des: 35.4, bed_util_ads: 0.474, bed_util_des: 0.474, des_th: 0.47392486106246123,frac_lost: 0.109, li_recovered:  8.681, time: 0.017384923999998136
L: 4.07, u_super: 0.00489 — INFEASIBLE (li_recovered=0.000e+00), time: 0.00848632099950919
L: 0.50, u_super: 0.00978, sec: 570.889, prod: 0.221110, t_ads: 20.0, t_des: 18.8, bed_util_ads: 0.495, bed_util_des: 0.495, des_th: 0.4949440272457086,frac_lost: 0.105, li_recovered:  8.568, time: 0.017672433001280297
L: 46.39, u_super: 0.00677 — INFEASIBLE (li_recovered=0.000e+00), time: 0.002472221000061836
L: 2.34, u_super: 0.00811, sec: 2223.700, prod: 0.178591, t_ads: 110.2, t_des: 106.5, bed_util_ads: 0.483, bed_util_des: 0.482, des_th: 0.4821653413827607,frac_lost: 0.100, li_recovered:  38.687, time: 0.0159937299995363
L: 0.50, u_super: 0.00017 — INFEASIBLE (li_recovered=0.000e+00), time: 0.006038413999704062
L: 0.50, u_super: 0.00195, sec: 106.374, prod: 0.042630, t_ads: 97.9, t_des: 83.5, bed_util_ads: 0.500, bed_util_des: 0.500, des_th: 0.49979065957648566,frac_lost: 0.101, li_recovered:  7.732, time: 0.012403714999891235
L: 0.50, u_super: 0.00308, sec: 166.034, prod: 0.069103, t_ads: 62.6, t_des: 57.1, bed_util_ads: 0.495, bed_util_des: 0.495, des_th: 0.4949440272457086,frac_lost: 0.101, li_recovered:  8.270, time: 0.011365041998942615
L: 5.29, u_super: 0.00265 — INFEASIBLE (li_recovered=0.000e+00), time: 0.004467360000489862
L: 0.50, u_super: 0.00178, sec: 96.305, prod: 0.038818, t_ads: 107.6, t_des: 93.3, bed_util_ads: 0.496, bed_util_des: 0.496, des_th: 0.49608396940785254,frac_lost: 0.102, li_recovered:  7.798, time: 0.015962398998453864
L: 0.50, u_super: 0.00990, sec: 576.596, prod: 0.224585, t_ads: 19.7, t_des: 17.9, bed_util_ads: 0.500, bed_util_des: 0.499, des_th: 0.49941800771673645,frac_lost: 0.104, li_recovered:  8.448, time: 0.012788767000529333
L: 0.50, u_super: 0.00546, sec: 303.067, prod: 0.122831, t_ads: 35.5, t_des: 34.1, bed_util_ads: 0.491, bed_util_des: 0.491, des_th: 0.4909527389236223,frac_lost: 0.101, li_recovered:  8.544, time: 0.014839617999314214
L: 0.50, u_super: 0.00031, sec: 20.024, prod: 0.005567, t_ads: 572.7, t_des: 716.7, bed_util_ads: 0.408, bed_util_des: 0.396, des_th: 0.39657616304256527,frac_lost: 0.104, li_recovered:  7.178, time: 0.013935355000285199
L: 0.50, u_super: 0.00540, sec: 298.037, prod: 0.121851, t_ads: 35.9, t_des: 32.2, bed_util_ads: 0.499, bed_util_des: 0.499, des_th: 0.4988148924468097,frac_lost: 0.102, li_recovered:  8.299, time: 0.007581271000162815
L: 0.50, u_super: 0.00663, sec: 371.015, prod: 0.150258, t_ads: 29.2, t_des: 26.5, bed_util_ads: 0.498, bed_util_des: 0.498, des_th: 0.4981396387008089,frac_lost: 0.101, li_recovered:  8.374, time: 0.015065229999891017
L: 0.50, u_super: 0.00007, sec: 5.759, prod: 0.000867, t_ads: 2761.0, t_des: 5396.9, bed_util_ads: 0.258, bed_util_des: 0.185, des_th: 0.1851696623157332,frac_lost: 0.101, li_recovered:  7.073, time: 0.019888881000952097
L: 0.50, u_super: 0.00395, sec: 219.645, prod: 0.086733, t_ads: 49.3, t_des: 49.7, bed_util_ads: 0.483, bed_util_des: 0.482, des_th: 0.48233863414244893,frac_lost: 0.106, li_recovered:  8.586, time: 0.013905165000323905
L: 57.36, u_super: 0.00005 — INFEASIBLE (li_recovered=0.000e+00), time: 0.0012981560012121918
   886 |    35440 |     40 |  0.0012187095 |             f
L: 0.50, u_super: 0.00606, sec: 337.372, prod: 0.137093, t_ads: 32.0, t_des: 28.7, bed_util_ads: 0.500, bed_util_des: 0.500, des_th: 0.49967010023225883,frac_lost: 0.102, li_recovered:  8.317, time: 0.014978698000049917
L: 33.37, u_super: 0.00871 — INFEASIBLE (li_recovered=0.000e+00), time: 0.0033553129997017095
L: 0.50, u_super: 0.00248, sec: 133.385, prod: 0.055278, t_ads: 77.6, t_des: 69.9, bed_util_ads: 0.495, bed_util_des: 0.495, des_th: 0.49491278092330976,frac_lost: 0.103, li_recovered:  8.156, time: 0.011966433999987203
L: 4.58, u_super: 0.00597 — INFEASIBLE (li_recovered=0.000e+00), time: 0.006259141000555246
L: 10.02, u_super: 0.00375 — INFEASIBLE (li_recovered=0.000e+00), time: 0.004900384999928065
L: 16.51, u_super: 0.00900 — INFEASIBLE (li_recovered=0.000e+00), time: 0.006774323999707121
L: 0.50, u_super: 0.00759, sec: 432.842, prod: 0.170565, t_ads: 25.6, t_des: 24.8, bed_util_ads: 0.491, bed_util_des: 0.491, des_th: 0.4909115256921369,frac_lost: 0.101, li_recovered:  8.603, time: 0.009205148000546615
L: 37.82, u_super: 0.00108 — INFEASIBLE (li_recovered=0.000e+00), time: 0.0021857009996892884
L: 0.50, u_super: 0.00031, sec: 19.103, prod: 0.005836, t_ads: 559.8, t_des: 620.6, bed_util_ads: 0.422, bed_util_des: 0.415, des_th: 0.4153533988956693,frac_lost: 0.102, li_recovered:  6.889, time: 0.011115303999758908
L: 0.50, u_super: 0.00101, sec: 364.726, prod: 0.003289, t_ads: 195.7, t_des: 2485.1, bed_util_ads: 0.199, bed_util_des: 0.175, des_th: 0.1754344786178237,frac_lost: 0.104, li_recovered:  8.817, time: 0.08088417300132278
L: 0.50, u_super: 0.00365, sec: 198.085, prod: 0.082024, t_ads: 52.8, t_des: 47.1, bed_util_ads: 0.498, bed_util_des: 0.498, des_th: 0.4979821571935297,frac_lost: 0.100, li_recovered:  8.197, time: 0.01422275900040404
L: 0.50, u_super: 0.00518, sec: 285.415, prod: 0.117001, t_ads: 37.5, t_des: 33.9, bed_util_ads: 0.498, bed_util_des: 0.497, des_th: 0.4974627577690865,frac_lost: 0.103, li_recovered:  8.354, time: 0.012421466000887449
L: 0.50, u_super: 0.00934, sec: 540.690, prod: 0.211735, t_ads: 20.9, t_des: 19.0, bed_util_ads: 0.500, bed_util_des: 0.499, des_th: 0.4995144492000701,frac_lost: 0.105, li_recovered:  8.444, time: 0.013099425999826053
L: 0.50, u_super: 0.00642, sec: 358.605, prod: 0.145450, t_ads: 30.2, t_des: 27.3, bed_util_ads: 0.499, bed_util_des: 0.499, des_th: 0.4989742791520317,frac_lost: 0.102, li_recovered:  8.371, time: 0.013619602999824565
L: 0.50, u_super: 0.00783, sec: 527.028, prod: 0.149527, t_ads: 25.0, t_des: 33.3, bed_util_ads: 0.451, bed_util_des: 0.450, des_th: 0.45029616598789657,frac_lost: 0.105, li_recovered:  8.709, time: 0.01339972999994643
L: 0.50, u_super: 0.00872, sec: 501.842, prod: 0.197377, t_ads: 22.4, t_des: 20.8, bed_util_ads: 0.495, bed_util_des: 0.495, des_th: 0.49518103713148365,frac_lost: 0.105, li_recovered:  8.529, time: 0.014379837999513256
L: 0.50, u_super: 0.00345, sec: 186.645, prod: 0.077292, t_ads: 56.3, t_des: 51.5, bed_util_ads: 0.495, bed_util_des: 0.495, des_th: 0.4949440272457086,frac_lost: 0.106, li_recovered:  8.337, time: 0.016702994000297622
L: 0.50, u_super: 0.00902, sec: 519.854, prod: 0.204357, t_ads: 21.7, t_des: 19.7, bed_util_ads: 0.500, bed_util_des: 0.499, des_th: 0.4994481640984337,frac_lost: 0.105, li_recovered:  8.444, time: 0.010978844999044668
L: 0.50, u_super: 0.00135 — INFEASIBLE (li_recovered=0.000e+00), time: 0.005823705998409423
L: 0.50, u_super: 0.00166, sec: 89.452, prod: 0.036337, t_ads: 115.3, t_des: 112.6, bed_util_ads: 0.482, bed_util_des: 0.481, des_th: 0.48105533166903347,frac_lost: 0.102, li_recovered:  8.282, time: 0.010702577999836649
L: 0.50, u_super: 0.00926, sec: 535.925, prod: 0.209776, t_ads: 21.1, t_des: 19.1, bed_util_ads: 0.499, bed_util_des: 0.499, des_th: 0.499119646804675,frac_lost: 0.106, li_recovered:  8.448, time: 0.01045401800001855
L: 6.38, u_super: 0.00276 — INFEASIBLE (li_recovered=0.000e+00), time: 0.0035985180002171546
L: 0.50, u_super: 0.00706, sec: 396.616, prod: 0.159991, t_ads: 27.5, t_des: 24.9, bed_util_ads: 0.499, bed_util_des: 0.499, des_th: 0.49893960140814403,frac_lost: 0.100, li_recovered:  8.375, time: 0.010430420999909984
L: 0.50, u_super: 0.00265, sec: 142.728, prod: 0.059260, t_ads: 72.6, t_des: 67.9, bed_util_ads: 0.491, bed_util_des: 0.490, des_th: 0.49013329926215604,frac_lost: 0.103, li_recovered:  8.329, time: 0.00894476200119243
L: 0.50, u_super: 0.00157, sec: 84.556, prod: 0.034299, t_ads: 122.4, t_des: 117.7, bed_util_ads: 0.482, bed_util_des: 0.481, des_th: 0.48143812899393856,frac_lost: 0.105, li_recovered:  8.235, time: 0.010250412000459619
L: 0.50, u_super: 0.00557, sec: 311.233, prod: 0.124594, t_ads: 34.8, t_des: 34.2, bed_util_ads: 0.489, bed_util_des: 0.488, des_th: 0.4882646639116722,frac_lost: 0.100, li_recovered:  8.589, time: 0.007820553000783548
L: 0.50, u_super: 0.00781, sec: 442.886, prod: 0.177063, t_ads: 24.9, t_des: 22.7, bed_util_ads: 0.499, bed_util_des: 0.499, des_th: 0.49857350362608194,frac_lost: 0.102, li_recovered:  8.422, time: 0.0125440650008386
L: 0.50, u_super: 0.00894, sec: 515.548, prod: 0.202320, t_ads: 21.9, t_des: 19.8, bed_util_ads: 0.500, bed_util_des: 0.499, des_th: 0.49947895837317435,frac_lost: 0.107, li_recovered:  8.440, time: 0.011490353999761282
L: 0.50, u_super: 0.00658, sec: 367.735, prod: 0.148862, t_ads: 29.5, t_des: 27.4, bed_util_ads: 0.495, bed_util_des: 0.495, des_th: 0.4946025080417047,frac_lost: 0.101, li_recovered:  8.475, time: 0.011184603999936371
L: 0.50, u_super: 0.00691, sec: 389.563, prod: 0.155811, t_ads: 28.3, t_des: 26.3, bed_util_ads: 0.495, bed_util_des: 0.495, des_th: 0.49508965638676633,frac_lost: 0.108, li_recovered:  8.515, time: 0.006424298999263556
L: 0.50, u_super: 0.00813, sec: 467.725, prod: 0.182468, t_ads: 24.1, t_des: 23.1, bed_util_ads: 0.491, bed_util_des: 0.491, des_th: 0.4910170474262192,frac_lost: 0.107, li_recovered:  8.609, time: 0.010457591999511351
L: 16.58, u_super: 0.00533 — INFEASIBLE (li_recovered=0.000e+00), time: 0.005117644999700133
L: 0.50, u_super: 0.00704, sec: 397.076, prod: 0.158990, t_ads: 27.8, t_des: 24.9, bed_util_ads: 0.500, bed_util_des: 0.499, des_th: 0.4994696207042193,frac_lost: 0.108, li_recovered:  8.382, time: 0.010448901999552618
L: 0.50, u_super: 0.00975, sec: 569.108, prod: 0.220235, t_ads: 20.1, t_des: 18.9, bed_util_ads: 0.495, bed_util_des: 0.495, des_th: 0.4949440272457086,frac_lost: 0.106, li_recovered:  8.573, time: 0.01178433600034623
L: 11.19, u_super: 0.00903 — INFEASIBLE (li_recovered=0.000e+00), time: 0.004926800000248477
L: 0.50, u_super: 0.00117, sec: 63.556, prod: 0.025495, t_ads: 161.7, t_des: 152.5, bed_util_ads: 0.482, bed_util_des: 0.481, des_th: 0.48105533166903347,frac_lost: 0.104, li_recovered:  8.008, time: 0.014337874999910127
L: 0.50, u_super: 0.00005, sec: 4.422, prod: 0.000655, t_ads: 3681.5, t_des: 7280.7, bed_util_ads: 0.243, bed_util_des: 0.160, des_th: 0.16019440148027947,frac_lost: 0.102, li_recovered:  7.177, time: 0.014588587999242009
L: 1.10, u_super: 0.00610, sec: 762.379, prod: 0.135295, t_ads: 69.7, t_des: 60.6, bed_util_ads: 0.500, bed_util_des: 0.499, des_th: 0.4994180596738463,frac_lost: 0.102, li_recovered:  17.623, time: 0.01175332300044829
L: 6.16, u_super: 0.00734 — INFEASIBLE (li_recovered=0.000e+00), time: 0.006819571999585605
L: 0.50, u_super: 0.00610, sec: 339.135, prod: 0.137871, t_ads: 31.8, t_des: 28.5, bed_util_ads: 0.500, bed_util_des: 0.499, des_th: 0.49943737324183785,frac_lost: 0.101, li_recovered:  8.313, time: 0.015799539998624823
   887 |    35480 |     40 |  0.0028997287 |             f
L: 0.50, u_super: 0.00489, sec: 268.935, prod: 0.110255, t_ads: 39.7, t_des: 35.4, bed_util_ads: 0.500, bed_util_des: 0.500, des_th: 0.49989008804179696,frac_lost: 0.103, li_recovered:  8.278, time: 0.015671465000195894
L: 0.50, u_super: 0.00074 — INFEASIBLE (li_recovered=0.000e+00), time: 0.008681157998580602
L: 0.50, u_super: 0.00423, sec: 275.450, prod: 0.079547, t_ads: 46.0, t_des: 62.8, bed_util_ads: 0.446, bed_util_des: 0.444, des_th: 0.44430680694689073,frac_lost: 0.103, li_recovered:  8.650, time: 0.01793039000040153
L: 0.50, u_super: 0.00322, sec: 174.765, prod: 0.072017, t_ads: 59.8, t_des: 52.6, bed_util_ads: 0.500, bed_util_des: 0.499, des_th: 0.49941800771673645,frac_lost: 0.102, li_recovered:  8.095, time: 0.01947553099853394
L: 0.50, u_super: 0.00458, sec: 251.266, prod: 0.103112, t_ads: 42.4, t_des: 37.8, bed_util_ads: 0.500, bed_util_des: 0.500, des_th: 0.4995693150985112,frac_lost: 0.105, li_recovered:  8.271, time: 0.016609812999377027
L: 0.50, u_super: 0.00770, sec: 436.217, prod: 0.174733, t_ads: 25.2, t_des: 22.7, bed_util_ads: 0.500, bed_util_des: 0.499, des_th: 0.4994316776871638,frac_lost: 0.100, li_recovered:  8.375, time: 0.011283306001132587
L: 0.50, u_super: 0.00506, sec: 278.822, prod: 0.114129, t_ads: 38.4, t_des: 34.2, bed_util_ads: 0.500, bed_util_des: 0.499, des_th: 0.4994314316527285,frac_lost: 0.103, li_recovered:  8.284, time: 0.015284709999832558
L: 0.50, u_super: 0.00292, sec: 157.288, prod: 0.065393, t_ads: 65.9, t_des: 59.4, bed_util_ads: 0.495, bed_util_des: 0.495, des_th: 0.49491278092330976,frac_lost: 0.100, li_recovered:  8.190, time: 0.015545202000794234
L: 0.50, u_super: 0.00355, sec: 192.423, prod: 0.079581, t_ads: 54.8, t_des: 50.1, bed_util_ads: 0.495, bed_util_des: 0.495, des_th: 0.4949440272457086,frac_lost: 0.106, li_recovered:  8.346, time: 0.012547827000162215
L: 0.50, u_super: 0.00876, sec: 504.158, prod: 0.198336, t_ads: 22.3, t_des: 20.3, bed_util_ads: 0.499, bed_util_des: 0.499, des_th: 0.49915199962813034,frac_lost: 0.107, li_recovered:  8.454, time: 0.02310896800008777
L: 0.50, u_super: 0.00051, sec: 30.817, prod: 0.009810, t_ads: 360.4, t_des: 424.6, bed_util_ads: 0.435, bed_util_des: 0.428, des_th: 0.42815804680431874,frac_lost: 0.103, li_recovered:  7.700, time: 0.015858463000768097
L: 0.50, u_super: 0.00597, sec: 331.668, prod: 0.134931, t_ads: 32.6, t_des: 30.1, bed_util_ads: 0.495, bed_util_des: 0.495, des_th: 0.4949698351069184,frac_lost: 0.103, li_recovered:  8.459, time: 0.01338645099895075
L: 37.30, u_super: 0.00761 — INFEASIBLE (li_recovered=0.000e+00), time: 0.003106919999481761
L: 0.50, u_super: 0.00055, sec: 31.387, prod: 0.011142, t_ads: 336.4, t_des: 347.6, bed_util_ads: 0.454, bed_util_des: 0.450, des_th: 0.44988257426190276,frac_lost: 0.107, li_recovered:  7.622, time: 0.01112228099918866
L: 0.50, u_super: 0.00706, sec: 398.050, prod: 0.159415, t_ads: 27.7, t_des: 24.9, bed_util_ads: 0.500, bed_util_des: 0.499, des_th: 0.4993942412936982,frac_lost: 0.107, li_recovered:  8.390, time: 0.014609013000153936
L: 0.50, u_super: 0.00642, sec: 358.301, prod: 0.145164, t_ads: 30.3, t_des: 27.4, bed_util_ads: 0.499, bed_util_des: 0.498, des_th: 0.49846172976664965,frac_lost: 0.103, li_recovered:  8.373, time: 0.016617150000456604
L: 0.50, u_super: 0.00990, sec: 576.015, prod: 0.224810, t_ads: 19.7, t_des: 17.9, bed_util_ads: 0.500, bed_util_des: 0.499, des_th: 0.49941800771673645,frac_lost: 0.102, li_recovered:  8.443, time: 0.015179694000835298
L: 0.50, u_super: 0.00365, sec: 204.777, prod: 0.079344, t_ads: 53.3, t_des: 55.0, bed_util_ads: 0.480, bed_util_des: 0.479, des_th: 0.4793595762476406,frac_lost: 0.107, li_recovered:  8.592, time: 0.016175624999959837
L: 0.50, u_super: 0.00457, sec: 259.074, prod: 0.099487, t_ads: 42.4, t_des: 44.3, bed_util_ads: 0.479, bed_util_des: 0.479, des_th: 0.47870317620080943,frac_lost: 0.101, li_recovered:  8.623, time: 0.017846177999672364
L: 0.50, u_super: 0.00327, sec: 182.190, prod: 0.071267, t_ads: 59.5, t_des: 60.8, bed_util_ads: 0.481, bed_util_des: 0.480, des_th: 0.48015565890056233,frac_lost: 0.108, li_recovered:  8.567, time: 0.014786166999328998
L: 11.89, u_super: 0.00721 — INFEASIBLE (li_recovered=0.000e+00), time: 0.0075286980008968385
L: 0.50, u_super: 0.00911, sec: 535.366, prod: 0.202624, t_ads: 21.5, t_des: 21.3, bed_util_ads: 0.488, bed_util_des: 0.487, des_th: 0.4874373248034683,frac_lost: 0.106, li_recovered:  8.665, time: 0.01533693300007144
L: 0.50, u_super: 0.00568, sec: 314.168, prod: 0.128469, t_ads: 34.1, t_des: 31.4, bed_util_ads: 0.496, bed_util_des: 0.496, des_th: 0.49608525526750785,frac_lost: 0.101, li_recovered:  8.414, time: 0.01421802599907096
L: 0.50, u_super: 0.00005, sec: 4.643, prod: 0.000624, t_ads: 3847.0, t_des: 8626.1, bed_util_ads: 0.236, bed_util_des: 0.142, des_th: 0.14197202535324352,frac_lost: 0.102, li_recovered:  7.778, time: 0.020799526000701007
L: 26.96, u_super: 0.00024 — INFEASIBLE (li_recovered=0.000e+00), time: 0.0015746869994472945
L: 48.76, u_super: 0.00249 — INFEASIBLE (li_recovered=0.000e+00), time: 0.0012978149989066878
L: 0.50, u_super: 0.00805, sec: 462.676, prod: 0.180809, t_ads: 24.3, t_des: 23.3, bed_util_ads: 0.491, bed_util_des: 0.491, des_th: 0.49114819006854754,frac_lost: 0.106, li_recovered:  8.609, time: 0.013370229999054573
L: 0.50, u_super: 0.00634, sec: 353.164, prod: 0.143469, t_ads: 30.6, t_des: 27.7, bed_util_ads: 0.499, bed_util_des: 0.499, des_th: 0.49903521503022114,frac_lost: 0.101, li_recovered:  8.366, time: 0.015194101000815863
L: 25.59, u_super: 0.00337 — INFEASIBLE (li_recovered=0.000e+00), time: 0.0022176600014063297
L: 0.50, u_super: 0.00423, sec: 230.933, prod: 0.094881, t_ads: 46.1, t_des: 41.0, bed_util_ads: 0.499, bed_util_des: 0.499, des_th: 0.4990007941496839,frac_lost: 0.106, li_recovered:  8.263, time: 0.008273612998891622
L: 0.50, u_super: 0.00517, sec: 285.198, prod: 0.116475, t_ads: 37.5, t_des: 33.3, bed_util_ads: 0.500, bed_util_des: 0.500, des_th: 0.4999703901274774,frac_lost: 0.102, li_recovered:  8.245, time: 0.012617129999853205
L: 0.50, u_super: 0.00248, sec: 133.660, prod: 0.055164, t_ads: 77.7, t_des: 69.1, bed_util_ads: 0.496, bed_util_des: 0.496, des_th: 0.49597455566254367,frac_lost: 0.104, li_recovered:  8.100, time: 0.010720291000325233
L: 0.50, u_super: 0.00781, sec: 442.790, prod: 0.177101, t_ads: 24.9, t_des: 22.5, bed_util_ads: 0.499, bed_util_des: 0.499, des_th: 0.4988774638508858,frac_lost: 0.101, li_recovered:  8.378, time: 0.011925163000341854
L: 0.50, u_super: 0.00135, sec: 73.003, prod: 0.029400, t_ads: 141.9, t_des: 135.2, bed_util_ads: 0.482, bed_util_des: 0.481, des_th: 0.4812014646291692,frac_lost: 0.107, li_recovered:  8.148, time: 0.013686979000340216
L: 11.12, u_super: 0.00868 — INFEASIBLE (li_recovered=0.000e+00), time: 0.009314880000601988
L: 0.50, u_super: 0.00005, sec: 4.324, prod: 0.000669, t_ads: 3431.3, t_des: 5857.7, bed_util_ads: 0.252, bed_util_des: 0.185, des_th: 0.1851696623157332,frac_lost: 0.102, li_recovered:  6.219, time: 0.018836827999621164
L: 8.48, u_super: 0.00484 — INFEASIBLE (li_recovered=0.000e+00), time: 0.0072872639993875055
L: 6.71, u_super: 0.00887 — INFEASIBLE (li_recovered=0.000e+00), time: 0.009930165000696434
L: 27.02, u_super: 0.00830 — INFEASIBLE (li_recovered=0.000e+00), time: 0.004353758000434027
L: 0.50, u_super: 0.00033, sec: 20.069, prod: 0.006364, t_ads: 524.1, t_des: 547.6, bed_util_ads: 0.433, bed_util_des: 0.428, des_th: 0.42815804680431874,frac_lost: 0.102, li_recovered:  6.820, time: 0.01537269400068908
   888 |    35520 |     40 |  0.0021660615 |             f
L: 0.50, u_super: 0.00971, sec: 568.569, prod: 0.218389, t_ads: 20.1, t_des: 19.4, bed_util_ads: 0.492, bed_util_des: 0.492, des_th: 0.491522836172579,frac_lost: 0.104, li_recovered:  8.622, time: 0.019125648999761324
L: 0.50, u_super: 0.00005 — INFEASIBLE (li_recovered=0.000e+00), time: 0.0033455320008215494
L: 0.50, u_super: 0.00870, sec: 500.069, prod: 0.197166, t_ads: 22.4, t_des: 20.4, bed_util_ads: 0.499, bed_util_des: 0.499, des_th: 0.49901643678525553,frac_lost: 0.105, li_recovered:  8.441, time: 0.016831910999826505
L: 0.50, u_super: 0.00771, sec: 436.510, prod: 0.174804, t_ads: 25.2, t_des: 22.8, bed_util_ads: 0.499, bed_util_des: 0.498, des_th: 0.4984340814710044,frac_lost: 0.101, li_recovered:  8.386, time: 0.01835882399973343
L: 0.50, u_super: 0.00705, sec: 397.643, prod: 0.159413, t_ads: 27.7, t_des: 25.2, bed_util_ads: 0.499, bed_util_des: 0.499, des_th: 0.49912092469521285,frac_lost: 0.107, li_recovered:  8.431, time: 0.0116718099998252
L: 47.65, u_super: 0.00157 — INFEASIBLE (li_recovered=0.000e+00), time: 0.001305110999965109
L: 10.07, u_super: 0.00912 — INFEASIBLE (li_recovered=0.000e+00), time: 0.006151228000817355
L: 0.50, u_super: 0.00990, sec: 576.015, prod: 0.224810, t_ads: 19.7, t_des: 17.9, bed_util_ads: 0.500, bed_util_des: 0.499, des_th: 0.49941800771673645,frac_lost: 0.102, li_recovered:  8.443, time: 0.017026321000230382
L: 0.50, u_super: 0.00072, sec: 41.250, prod: 0.014500, t_ads: 260.1, t_des: 287.7, bed_util_ads: 0.452, bed_util_des: 0.448, des_th: 0.44770941364850136,frac_lost: 0.101, li_recovered:  7.944, time: 0.011098868999397382
L: 0.50, u_super: 0.00401, sec: 220.714, prod: 0.089284, t_ads: 48.3, t_des: 47.4, bed_util_ads: 0.488, bed_util_des: 0.487, des_th: 0.48717285583679165,frac_lost: 0.104, li_recovered:  8.547, time: 0.01336526700106333
L: 0.50, u_super: 0.00135, sec: 72.900, prod: 0.029441, t_ads: 141.7, t_des: 133.7, bed_util_ads: 0.483, bed_util_des: 0.482, des_th: 0.48226436227780556,frac_lost: 0.107, li_recovered:  8.108, time: 0.01413577399944188
L: 0.50, u_super: 0.00008 — INFEASIBLE (li_recovered=0.000e+00), time: 0.002390641000602045
L: 0.50, u_super: 0.00587, sec: 325.803, prod: 0.132873, t_ads: 33.0, t_des: 29.9, bed_util_ads: 0.499, bed_util_des: 0.498, des_th: 0.49837906905433055,frac_lost: 0.102, li_recovered:  8.366, time: 0.014677350998681504
L: 0.50, u_super: 0.00215, sec: 116.170, prod: 0.047671, t_ads: 89.9, t_des: 84.8, bed_util_ads: 0.488, bed_util_des: 0.487, des_th: 0.48717285583679165,frac_lost: 0.108, li_recovered:  8.325, time: 0.013255818999823532
L: 0.50, u_super: 0.00280, sec: 154.829, prod: 0.061042, t_ads: 68.8, t_des: 70.9, bed_util_ads: 0.479, bed_util_des: 0.478, des_th: 0.47821450935395926,frac_lost: 0.101, li_recovered:  8.526, time: 0.016708197001207736
L: 0.50, u_super: 0.00546, sec: 305.601, prod: 0.121812, t_ads: 35.6, t_des: 35.0, bed_util_ads: 0.488, bed_util_des: 0.488, des_th: 0.48765402298755794,frac_lost: 0.104, li_recovered:  8.596, time: 0.01236578499992902
L: 0.50, u_super: 0.00397, sec: 216.748, prod: 0.088948, t_ads: 49.0, t_des: 43.2, bed_util_ads: 0.500, bed_util_des: 0.499, des_th: 0.4994314316527285,frac_lost: 0.107, li_recovered:  8.205, time: 0.01407061699865153
L: 0.50, u_super: 0.00097, sec: 65.202, prod: 0.017005, t_ads: 196.6, t_des: 291.2, bed_util_ads: 0.421, bed_util_des: 0.415, des_th: 0.41504136878715703,frac_lost: 0.106, li_recovered:  8.295, time: 0.015099258000191185
L: 8.70, u_super: 0.00709 — INFEASIBLE (li_recovered=0.000e+00), time: 0.007629267000083928
L: 0.50, u_super: 0.00248, sec: 133.551, prod: 0.055209, t_ads: 77.9, t_des: 70.0, bed_util_ads: 0.495, bed_util_des: 0.495, des_th: 0.49494467253497404,frac_lost: 0.105, li_recovered:  8.164, time: 0.012541935000626836
L: 0.50, u_super: 0.00815, sec: 3782.824, prod: 0.022708, t_ads: 24.0, t_des: 362.6, bed_util_ads: 0.196, bed_util_des: 0.193, des_th: 0.192639544321597,frac_lost: 0.103, li_recovered:  8.778, time: 0.09572867300084908
L: 0.50, u_super: 0.00749, sec: 424.587, prod: 0.169345, t_ads: 25.9, t_des: 24.5, bed_util_ads: 0.494, bed_util_des: 0.494, des_th: 0.49377992641359153,frac_lost: 0.101, li_recovered:  8.545, time: 0.018001804999585147
L: 0.50, u_super: 0.00066, sec: 37.599, prod: 0.013525, t_ads: 279.1, t_des: 243.9, bed_util_ads: 0.481, bed_util_des: 0.480, des_th: 0.48011830009776413,frac_lost: 0.105, li_recovered:  7.073, time: 0.009181547999105533
L: 0.50, u_super: 0.00663, sec: 371.015, prod: 0.150258, t_ads: 29.2, t_des: 26.5, bed_util_ads: 0.498, bed_util_des: 0.498, des_th: 0.4981396387008089,frac_lost: 0.101, li_recovered:  8.374, time: 0.013068784999632044
L: 0.50, u_super: 0.00273, sec: 147.246, prod: 0.060819, t_ads: 70.7, t_des: 62.8, bed_util_ads: 0.498, bed_util_des: 0.497, des_th: 0.4972845335878234,frac_lost: 0.103, li_recovered:  8.118, time: 0.009740079000039259
L: 0.50, u_super: 0.00205, sec: 110.561, prod: 0.045247, t_ads: 94.1, t_des: 90.3, bed_util_ads: 0.486, bed_util_des: 0.486, des_th: 0.485628448122645,frac_lost: 0.106, li_recovered:  8.343, time: 0.011897890000909683
L: 0.50, u_super: 0.00803, sec: 458.605, prod: 0.181647, t_ads: 24.3, t_des: 22.6, bed_util_ads: 0.495, bed_util_des: 0.495, des_th: 0.49508965638676633,frac_lost: 0.105, li_recovered:  8.526, time: 0.00840313899971079
L: 53.75, u_super: 0.00364 — INFEASIBLE (li_recovered=0.000e+00), time: 0.0015226989999064244
L: 20.17, u_super: 0.00873 — INFEASIBLE (li_recovered=0.000e+00), time: 0.004427386998941074
L: 0.50, u_super: 0.00276, sec: 726.200, prod: 0.012630, t_ads: 71.3, t_des: 622.8, bed_util_ads: 0.239, bed_util_des: 0.231, des_th: 0.23051514603447704,frac_lost: 0.107, li_recovered:  8.767, time: 0.05262990899973374
L: 0.50, u_super: 0.00457, sec: 250.586, prod: 0.102857, t_ads: 42.5, t_des: 39.8, bed_util_ads: 0.493, bed_util_des: 0.493, des_th: 0.4930483593799102,frac_lost: 0.104, li_recovered:  8.466, time: 0.014027709999936633
L: 0.50, u_super: 0.00642, sec: 357.952, prod: 0.145264, t_ads: 30.2, t_des: 27.4, bed_util_ads: 0.498, bed_util_des: 0.498, des_th: 0.4981396387008089,frac_lost: 0.101, li_recovered:  8.366, time: 0.010420631999295438
L: 0.50, u_super: 0.00829, sec: 475.477, prod: 0.186907, t_ads: 23.6, t_des: 22.2, bed_util_ads: 0.495, bed_util_des: 0.495, des_th: 0.4949440272457086,frac_lost: 0.107, li_recovered:  8.563, time: 0.012415887998940889
L: 0.50, u_super: 0.00987, sec: 576.539, prod: 0.223051, t_ads: 19.8, t_des: 18.6, bed_util_ads: 0.495, bed_util_des: 0.495, des_th: 0.4949797296474351,frac_lost: 0.105, li_recovered:  8.572, time: 0.013321189999260241
L: 0.50, u_super: 0.00227, sec: 122.657, prod: 0.049981, t_ads: 85.2, t_des: 74.0, bed_util_ads: 0.500, bed_util_des: 0.499, des_th: 0.49942106035207173,frac_lost: 0.106, li_recovered:  7.957, time: 0.015750444999866886
L: 0.50, u_super: 0.00877, sec: 504.791, prod: 0.198559, t_ads: 22.3, t_des: 20.5, bed_util_ads: 0.497, bed_util_des: 0.497, des_th: 0.4971974551037381,frac_lost: 0.106, li_recovered:  8.493, time: 0.019667439999466296
L: 0.50, u_super: 0.00248, sec: 133.693, prod: 0.055150, t_ads: 77.8, t_des: 69.2, bed_util_ads: 0.496, bed_util_des: 0.496, des_th: 0.4957497841860048,frac_lost: 0.105, li_recovered:  8.108, time: 0.02007396600129141
L: 3.51, u_super: 0.00463 — INFEASIBLE (li_recovered=0.000e+00), time: 0.010479421000127331
L: 0.50, u_super: 0.00395, sec: 215.185, prod: 0.088531, t_ads: 49.4, t_des: 44.0, bed_util_ads: 0.498, bed_util_des: 0.498, des_th: 0.49821052493106843,frac_lost: 0.107, li_recovered:  8.269, time: 0.018264454998643487
L: 0.50, u_super: 0.00898, sec: 518.385, prod: 0.203335, t_ads: 21.8, t_des: 19.7, bed_util_ads: 0.499, bed_util_des: 0.499, des_th: 0.49936054468630026,frac_lost: 0.107, li_recovered:  8.442, time: 0.015283638998880633
   889 |    35560 |     40 |  0.0047700545 |             f
L: 0.50, u_super: 0.00357, sec: 193.652, prod: 0.079986, t_ads: 54.4, t_des: 48.8, bed_util_ads: 0.498, bed_util_des: 0.498, des_th: 0.4981053280750781,frac_lost: 0.106, li_recovered:  8.254, time: 0.017473927000537515
L: 0.50, u_super: 0.00955, sec: 553.410, prod: 0.216615, t_ads: 20.4, t_des: 18.8, bed_util_ads: 0.498, bed_util_des: 0.498, des_th: 0.49792967058818016,frac_lost: 0.103, li_recovered:  8.487, time: 0.011742245000277762
L: 4.67, u_super: 0.00365 — INFEASIBLE (li_recovered=0.000e+00), time: 0.008339792999322526
L: 0.50, u_super: 0.00561, sec: 317.456, prod: 0.123823, t_ads: 34.6, t_des: 35.1, bed_util_ads: 0.484, bed_util_des: 0.483, des_th: 0.48326461216763955,frac_lost: 0.101, li_recovered:  8.630, time: 0.010177744999964489
L: 0.50, u_super: 0.00937, sec: 20983.547, prod: 0.005495, t_ads: 20.9, t_des: 1577.9, bed_util_ads: 0.099, bed_util_des: 0.095, des_th: 0.09492096760066346,frac_lost: 0.101, li_recovered:  8.786, time: 0.7118970569990779
L: 0.50, u_super: 0.00082 — INFEASIBLE (li_recovered=0.000e+00), time: 0.007612878000145429
L: 0.50, u_super: 0.00981, sec: 571.065, prod: 0.222571, t_ads: 19.9, t_des: 18.1, bed_util_ads: 0.499, bed_util_des: 0.499, des_th: 0.49893142263490914,frac_lost: 0.104, li_recovered:  8.452, time: 0.017251679999390035
L: 0.50, u_super: 0.00734, sec: 414.084, prod: 0.166474, t_ads: 26.4, t_des: 23.9, bed_util_ads: 0.499, bed_util_des: 0.499, des_th: 0.49912092469521285,frac_lost: 0.101, li_recovered:  8.380, time: 0.02019251400088251
L: 0.50, u_super: 0.00818, sec: 480.178, prod: 0.180004, t_ads: 23.9, t_des: 24.3, bed_util_ads: 0.485, bed_util_des: 0.484, des_th: 0.48433326398775595,frac_lost: 0.106, li_recovered:  8.679, time: 0.017597976000615745
L: 0.50, u_super: 0.00676, sec: 380.249, prod: 0.152594, t_ads: 29.0, t_des: 26.2, bed_util_ads: 0.499, bed_util_des: 0.499, des_th: 0.4991016361500062,frac_lost: 0.109, li_recovered:  8.425, time: 0.021219438000116497
L: 0.50, u_super: 0.00883, sec: 508.162, prod: 0.200101, t_ads: 22.1, t_des: 20.3, bed_util_ads: 0.497, bed_util_des: 0.497, des_th: 0.4971974551037381,frac_lost: 0.105, li_recovered:  8.491, time: 0.014600526999856811
L: 0.50, u_super: 0.00173, sec: 94.622, prod: 0.037704, t_ads: 110.2, t_des: 94.1, bed_util_ads: 0.499, bed_util_des: 0.498, des_th: 0.49842152040776455,frac_lost: 0.103, li_recovered:  7.704, time: 0.01941180100038764
L: 7.62, u_super: 0.00005 — INFEASIBLE (li_recovered=0.000e+00), time: 0.0024806020010146312
L: 0.50, u_super: 0.00055 — INFEASIBLE (li_recovered=0.000e+00), time: 0.007419588999255211
L: 0.50, u_super: 0.00451, sec: 246.973, prod: 0.101597, t_ads: 43.1, t_des: 39.4, bed_util_ads: 0.496, bed_util_des: 0.496, des_th: 0.4961503140794712,frac_lost: 0.106, li_recovered:  8.384, time: 0.01910438199956843
L: 0.50, u_super: 0.00067, sec: 38.438, prod: 0.013754, t_ads: 273.1, t_des: 236.3, bed_util_ads: 0.482, bed_util_des: 0.482, des_th: 0.4820955013908632,frac_lost: 0.103, li_recovered:  7.006, time: 0.010755074999906356
L: 0.50, u_super: 0.00342, sec: 186.548, prod: 0.075878, t_ads: 57.0, t_des: 55.1, bed_util_ads: 0.488, bed_util_des: 0.488, des_th: 0.4878720271303582,frac_lost: 0.107, li_recovered:  8.506, time: 0.015927501999613014
L: 0.50, u_super: 0.00990, sec: 576.518, prod: 0.224613, t_ads: 19.7, t_des: 17.9, bed_util_ads: 0.500, bed_util_des: 0.499, des_th: 0.4994964882695207,frac_lost: 0.104, li_recovered:  8.451, time: 0.019603099999585538
L: 0.50, u_super: 0.00101, sec: 56.875, prod: 0.020863, t_ads: 188.8, t_des: 203.1, bed_util_ads: 0.463, bed_util_des: 0.460, des_th: 0.4600144376118481,frac_lost: 0.106, li_recovered:  8.176, time: 0.011852621999423718
L: 0.50, u_super: 0.00043, sec: 25.069, prod: 0.008536, t_ads: 414.2, t_des: 399.5, bed_util_ads: 0.455, bed_util_des: 0.452, des_th: 0.4524879953554703,frac_lost: 0.102, li_recovered:  6.946, time: 0.014022059000126319
L: 0.50, u_super: 0.00190, sec: 103.755, prod: 0.041538, t_ads: 100.5, t_des: 85.7, bed_util_ads: 0.500, bed_util_des: 0.499, des_th: 0.499559527313911,frac_lost: 0.102, li_recovered:  7.735, time: 0.014392504001079942
L: 0.50, u_super: 0.00010 — INFEASIBLE (li_recovered=0.000e+00), time: 0.001992499999687425
L: 0.50, u_super: 0.00686, sec: 386.062, prod: 0.154916, t_ads: 28.5, t_des: 25.6, bed_util_ads: 0.500, bed_util_des: 0.500, des_th: 0.499684858246083,frac_lost: 0.107, li_recovered:  8.381, time: 0.02075334499932069
L: 59.28, u_super: 0.00569 — INFEASIBLE (li_recovered=0.000e+00), time: 0.0024652930005686358
L: 0.50, u_super: 0.00987, sec: 625.087, prod: 0.205755, t_ads: 19.8, t_des: 22.6, bed_util_ads: 0.470, bed_util_des: 0.470, des_th: 0.4701201358055854,frac_lost: 0.103, li_recovered:  8.715, time: 0.01550346600015473
L: 0.50, u_super: 0.00679, sec: 381.691, prod: 0.153134, t_ads: 28.9, t_des: 25.8, bed_util_ads: 0.500, bed_util_des: 0.499, des_th: 0.499426186489921,frac_lost: 0.108, li_recovered:  8.378, time: 0.01632876099938585
L: 0.50, u_super: 0.00494, sec: 271.295, prod: 0.111362, t_ads: 39.4, t_des: 36.1, bed_util_ads: 0.496, bed_util_des: 0.496, des_th: 0.4961503140794712,frac_lost: 0.104, li_recovered:  8.400, time: 0.016206383999815444
L: 0.50, u_super: 0.00376, sec: 204.361, prod: 0.084429, t_ads: 51.7, t_des: 47.4, bed_util_ads: 0.495, bed_util_des: 0.495, des_th: 0.49501742373662605,frac_lost: 0.106, li_recovered:  8.366, time: 0.012980016999790678
L: 0.50, u_super: 0.00517, sec: 284.638, prod: 0.116798, t_ads: 37.5, t_des: 34.0, bed_util_ads: 0.498, bed_util_des: 0.497, des_th: 0.4974627577690865,frac_lost: 0.102, li_recovered:  8.348, time: 0.014293917000031797
L: 0.50, u_super: 0.00454, sec: 248.458, prod: 0.102049, t_ads: 42.8, t_des: 38.2, bed_util_ads: 0.499, bed_util_des: 0.498, des_th: 0.49842152040776455,frac_lost: 0.104, li_recovered:  8.274, time: 0.014148079999358742
L: 0.50, u_super: 0.00756, sec: 444.858, prod: 0.164770, t_ads: 25.9, t_des: 26.8, bed_util_ads: 0.483, bed_util_des: 0.482, des_th: 0.48226436227780556,frac_lost: 0.108, li_recovered:  8.685, time: 0.018736631000138004
L: 0.50, u_super: 0.00508, sec: 282.237, prod: 0.113463, t_ads: 38.1, t_des: 37.5, bed_util_ads: 0.488, bed_util_des: 0.488, des_th: 0.4875657041192325,frac_lost: 0.101, li_recovered:  8.578, time: 0.018361783999353065
L: 0.50, u_super: 0.00892, sec: 514.398, prod: 0.201903, t_ads: 21.9, t_des: 20.1, bed_util_ads: 0.498, bed_util_des: 0.498, des_th: 0.4981396387008089,frac_lost: 0.107, li_recovered:  8.491, time: 0.017627960000027088
L: 0.50, u_super: 0.00970, sec: 589.643, prod: 0.210096, t_ads: 20.1, t_des: 21.3, bed_util_ads: 0.480, bed_util_des: 0.480, des_th: 0.4797638642401642,frac_lost: 0.103, li_recovered:  8.705, time: 0.017131473001427366
L: 0.50, u_super: 0.00230, sec: 123.791, prod: 0.050947, t_ads: 84.0, t_des: 80.1, bed_util_ads: 0.487, bed_util_des: 0.486, des_th: 0.4864973438990179,frac_lost: 0.105, li_recovered:  8.357, time: 0.021367699000620632
L: 0.50, u_super: 0.00457, sec: 250.370, prod: 0.102761, t_ads: 42.7, t_des: 39.4, bed_util_ads: 0.495, bed_util_des: 0.494, des_th: 0.4944450272959817,frac_lost: 0.106, li_recovered:  8.429, time: 0.010164295999857131
L: 1.65, u_super: 0.00135, sec: 273.856, prod: 0.025836, t_ads: 428.3, t_des: 380.3, bed_util_ads: 0.462, bed_util_des: 0.462, des_th: 0.46160638107796725,frac_lost: 0.102, li_recovered:  20.892, time: 0.024148796999725164
L: 0.50, u_super: 0.00686, sec: 387.152, prod: 0.154255, t_ads: 28.6, t_des: 26.9, bed_util_ads: 0.495, bed_util_des: 0.495, des_th: 0.4946436232604388,frac_lost: 0.108, li_recovered:  8.552, time: 0.023182585000540712
L: 0.50, u_super: 0.00788, sec: 449.564, prod: 0.178096, t_ads: 24.9, t_des: 22.5, bed_util_ads: 0.499, bed_util_des: 0.499, des_th: 0.49893960140814403,frac_lost: 0.110, li_recovered:  8.435, time: 0.021239263000097708
L: 0.50, u_super: 0.00885, sec: 509.916, prod: 0.200238, t_ads: 22.1, t_des: 20.0, bed_util_ads: 0.499, bed_util_des: 0.499, des_th: 0.49916268509107603,frac_lost: 0.108, li_recovered:  8.446, time: 0.021741159000157495
   890 |    35600 |     40 |  0.0024349159 |             f
L: 54.84, u_super: 0.00205 — INFEASIBLE (li_recovered=0.000e+00), time: 0.0037049009988550097
L: 0.50, u_super: 0.00681, sec: 3357.307, prod: 0.017545, t_ads: 28.8, t_des: 471.7, bed_util_ads: 0.189, bed_util_des: 0.185, des_th: 0.1851696623157332,frac_lost: 0.102, li_recovered:  8.780, time: 0.11595083300016995
L: 0.50, u_super: 0.00157, sec: 84.788, prod: 0.034206, t_ads: 122.6, t_des: 119.2, bed_util_ads: 0.482, bed_util_des: 0.481, des_th: 0.48079344485697045,frac_lost: 0.106, li_recovered:  8.269, time: 0.01870392599994375
L: 32.19, u_super: 0.00598 — INFEASIBLE (li_recovered=0.000e+00), time: 0.003076012999372324
L: 0.50, u_super: 0.00419, sec: 228.459, prod: 0.094032, t_ads: 46.4, t_des: 41.5, bed_util_ads: 0.499, bed_util_des: 0.498, des_th: 0.49837906905433055,frac_lost: 0.105, li_recovered:  8.267, time: 0.02245142100036901
L: 0.50, u_super: 0.00776, sec: 462.057, prod: 0.167428, t_ads: 25.2, t_des: 26.7, bed_util_ads: 0.479, bed_util_des: 0.479, des_th: 0.47913255411438616,frac_lost: 0.107, li_recovered:  8.694, time: 0.02358005700079957
L: 7.77, u_super: 0.00990 — INFEASIBLE (li_recovered=0.000e+00), time: 0.011768545000450104
L: 0.50, u_super: 0.00902, sec: 544.789, prod: 0.195121, t_ads: 21.6, t_des: 22.9, bed_util_ads: 0.480, bed_util_des: 0.479, des_th: 0.4792562284347178,frac_lost: 0.104, li_recovered:  8.702, time: 0.024655408000398893
L: 0.50, u_super: 0.00633, sec: 353.377, prod: 0.143152, t_ads: 30.7, t_des: 27.8, bed_util_ads: 0.500, bed_util_des: 0.499, des_th: 0.49950480254658075,frac_lost: 0.104, li_recovered:  8.375, time: 0.01782369500142522
L: 0.50, u_super: 0.00085, sec: 47.814, prod: 0.017776, t_ads: 220.5, t_des: 231.6, bed_util_ads: 0.463, bed_util_des: 0.460, des_th: 0.4599879597912003,frac_lost: 0.104, li_recovered:  8.036, time: 0.01873483900089923
L: 0.50, u_super: 0.00829, sec: 484.967, prod: 0.183249, t_ads: 23.6, t_des: 23.7, bed_util_ads: 0.486, bed_util_des: 0.485, des_th: 0.4853437953450325,frac_lost: 0.105, li_recovered:  8.672, time: 0.017043342000761186
L: 0.50, u_super: 0.00703, sec: 396.234, prod: 0.158822, t_ads: 27.8, t_des: 25.2, bed_util_ads: 0.499, bed_util_des: 0.499, des_th: 0.49894209339357665,frac_lost: 0.107, li_recovered:  8.426, time: 0.015148959000725881
L: 18.11, u_super: 0.00868 — INFEASIBLE (li_recovered=0.000e+00), time: 0.006525950999275665
L: 0.50, u_super: 0.00781, sec: 552.603, prod: 0.142009, t_ads: 25.0, t_des: 36.3, bed_util_ads: 0.440, bed_util_des: 0.439, des_th: 0.43886816986981053,frac_lost: 0.105, li_recovered:  8.713, time: 0.022224451999136363
L: 11.11, u_super: 0.00924 — INFEASIBLE (li_recovered=0.000e+00), time: 0.01151243000094837
L: 6.92, u_super: 0.00544 — INFEASIBLE (li_recovered=0.000e+00), time: 0.007346338999923319
L: 0.50, u_super: 0.00724, sec: 407.712, prod: 0.164161, t_ads: 26.8, t_des: 24.3, bed_util_ads: 0.499, bed_util_des: 0.498, des_th: 0.49842152040776455,frac_lost: 0.100, li_recovered:  8.382, time: 0.022007792998920195
L: 79.93, u_super: 0.00127 — INFEASIBLE (li_recovered=0.000e+00), time: 0.002954145998955937
L: 0.50, u_super: 0.00057 — INFEASIBLE (li_recovered=0.000e+00), time: 0.011047482001231401
L: 28.98, u_super: 0.00292 — INFEASIBLE (li_recovered=0.000e+00), time: 0.0027956939993600827
L: 0.50, u_super: 0.00476, sec: 261.316, prod: 0.107243, t_ads: 40.9, t_des: 37.3, bed_util_ads: 0.496, bed_util_des: 0.496, des_th: 0.4961503140794712,frac_lost: 0.106, li_recovered:  8.386, time: 0.025432802000068477
L: 0.50, u_super: 0.00243, sec: 130.455, prod: 0.053996, t_ads: 79.5, t_des: 71.7, bed_util_ads: 0.495, bed_util_des: 0.495, des_th: 0.49495934362615107,frac_lost: 0.104, li_recovered:  8.166, time: 0.018231584999739425
L: 0.50, u_super: 0.00844, sec: 501.488, prod: 0.184079, t_ads: 23.2, t_des: 24.0, bed_util_ads: 0.482, bed_util_des: 0.482, des_th: 0.4818066943941202,frac_lost: 0.106, li_recovered:  8.692, time: 0.0225138669993612
L: 0.50, u_super: 0.00570, sec: 315.604, prod: 0.128653, t_ads: 34.1, t_des: 30.5, bed_util_ads: 0.500, bed_util_des: 0.499, des_th: 0.49941132628270896,frac_lost: 0.102, li_recovered:  8.304, time: 0.018157787999371067
L: 6.45, u_super: 0.00750 — INFEASIBLE (li_recovered=0.000e+00), time: 0.010571398001047783
L: 0.50, u_super: 0.00451, sec: 246.973, prod: 0.101597, t_ads: 43.1, t_des: 39.4, bed_util_ads: 0.496, bed_util_des: 0.496, des_th: 0.4961503140794712,frac_lost: 0.106, li_recovered:  8.384, time: 0.014270429999669432
L: 0.50, u_super: 0.00986, sec: 574.272, prod: 0.223569, t_ads: 19.8, t_des: 18.0, bed_util_ads: 0.500, bed_util_des: 0.499, des_th: 0.49941551573128395,frac_lost: 0.105, li_recovered:  8.460, time: 0.02173840800060134
L: 44.33, u_super: 0.00484 — INFEASIBLE (li_recovered=0.000e+00), time: 0.001909426999191055
L: 0.50, u_super: 0.00029, sec: 43.784, prod: 0.002250, t_ads: 674.0, t_des: 3134.7, bed_util_ads: 0.260, bed_util_des: 0.211, des_th: 0.2113693819405284,frac_lost: 0.102, li_recovered:  8.569, time: 0.036528900998746394
L: 0.50, u_super: 0.00587, sec: 325.923, prod: 0.132667, t_ads: 33.0, t_des: 29.5, bed_util_ads: 0.499, bed_util_des: 0.499, des_th: 0.49903521503022114,frac_lost: 0.101, li_recovered:  8.301, time: 0.013137287000063225
L: 0.50, u_super: 0.00410, sec: 223.286, prod: 0.092083, t_ads: 47.5, t_des: 43.0, bed_util_ads: 0.497, bed_util_des: 0.497, des_th: 0.4972325524792269,frac_lost: 0.106, li_recovered:  8.329, time: 0.018569994999779738
L: 0.50, u_super: 0.00954, sec: 553.989, prod: 0.216287, t_ads: 20.5, t_des: 18.8, bed_util_ads: 0.498, bed_util_des: 0.497, des_th: 0.49747884848593144,frac_lost: 0.105, li_recovered:  8.491, time: 0.01726818200040725
L: 0.50, u_super: 0.00917, sec: 533.578, prod: 0.206250, t_ads: 21.3, t_des: 20.5, bed_util_ads: 0.492, bed_util_des: 0.492, des_th: 0.491522836172579,frac_lost: 0.105, li_recovered:  8.615, time: 0.015060024999911548
L: 5.29, u_super: 0.00437, sec: 10807.031, prod: 0.023026, t_ads: 479.6, t_des: 3551.6, bed_util_ads: 0.229, bed_util_des: 0.185, des_th: 0.1851696623157332,frac_lost: 0.103, li_recovered:  92.822, time: 0.0581194679998589
L: 11.26, u_super: 0.00101 — INFEASIBLE (li_recovered=0.000e+00), time: 0.003093622999585932
L: 0.50, u_super: 0.00843, sec: 481.983, prod: 0.191048, t_ads: 23.0, t_des: 21.5, bed_util_ads: 0.495, bed_util_des: 0.495, des_th: 0.49480399533436337,frac_lost: 0.101, li_recovered:  8.519, time: 0.016465017999507836
L: 0.50, u_super: 0.00474, sec: 300.512, prod: 0.092467, t_ads: 40.8, t_des: 52.8, bed_util_ads: 0.453, bed_util_des: 0.452, des_th: 0.4524879953554703,frac_lost: 0.100, li_recovered:  8.656, time: 0.01756392599963874
L: 0.50, u_super: 0.00035 — INFEASIBLE (li_recovered=0.000e+00), time: 0.009321428000475862
L: 0.50, u_super: 0.00135, sec: 96.168, prod: 0.022269, t_ads: 143.0, t_des: 236.5, bed_util_ads: 0.412, bed_util_des: 0.407, des_th: 0.4072329768796938,frac_lost: 0.105, li_recovered:  8.451, time: 0.013647633999426034
L: 0.50, u_super: 0.00162, sec: 88.418, prod: 0.035132, t_ads: 118.0, t_des: 100.9, bed_util_ads: 0.498, bed_util_des: 0.497, des_th: 0.49747267999749784,frac_lost: 0.104, li_recovered:  7.690, time: 0.012655648999498226
   891 |    35640 |     40 |  0.0042833130 |             f
L: 0.50, u_super: 0.00671, sec: 377.195, prod: 0.151484, t_ads: 29.2, t_des: 26.2, bed_util_ads: 0.500, bed_util_des: 0.500, des_th: 0.499921268344056,frac_lost: 0.108, li_recovered:  8.390, time: 0.01737091199902352
L: 0.50, u_super: 0.00203, sec: 109.635, prod: 0.044808, t_ads: 95.1, t_des: 90.9, bed_util_ads: 0.486, bed_util_des: 0.486, des_th: 0.485628448122645,frac_lost: 0.108, li_recovered:  8.337, time: 0.026229787999909604
L: 0.50, u_super: 0.00282, sec: 151.796, prod: 0.063147, t_ads: 68.3, t_des: 62.3, bed_util_ads: 0.495, bed_util_des: 0.495, des_th: 0.4947975973946607,frac_lost: 0.102, li_recovered:  8.247, time: 0.011937858000237611
L: 0.50, u_super: 0.00144, sec: 77.481, prod: 0.031455, t_ads: 132.8, t_des: 126.8, bed_util_ads: 0.483, bed_util_des: 0.482, des_th: 0.4824212603515242,frac_lost: 0.104, li_recovered:  8.165, time: 0.01586716699966928
L: 0.50, u_super: 0.00258, sec: 139.098, prod: 0.057222, t_ads: 74.8, t_des: 65.8, bed_util_ads: 0.498, bed_util_des: 0.497, des_th: 0.49747267999749784,frac_lost: 0.103, li_recovered:  8.044, time: 0.017746786999850883
L: 0.50, u_super: 0.00147, sec: 86.693, prod: 0.029520, t_ads: 130.0, t_des: 154.2, bed_util_ads: 0.456, bed_util_des: 0.453, des_th: 0.4533872131586106,frac_lost: 0.102, li_recovered:  8.388, time: 0.010816085001351894
L: 0.50, u_super: 0.00610, sec: 345.591, prod: 0.135295, t_ads: 31.9, t_des: 31.9, bed_util_ads: 0.486, bed_util_des: 0.486, des_th: 0.48611186871778383,frac_lost: 0.102, li_recovered:  8.630, time: 0.013044720999459969
L: 0.50, u_super: 0.00711, sec: 456.134, prod: 0.141358, t_ads: 27.6, t_des: 34.0, bed_util_ads: 0.460, bed_util_des: 0.460, des_th: 0.45984778495695805,frac_lost: 0.108, li_recovered:  8.702, time: 0.015611681999871507
L: 42.55, u_super: 0.00005 — INFEASIBLE (li_recovered=0.000e+00), time: 0.0012913179998577107
L: 0.50, u_super: 0.00978, sec: 573.057, prod: 0.220030, t_ads: 20.0, t_des: 19.2, bed_util_ads: 0.492, bed_util_des: 0.492, des_th: 0.4915116879450383,frac_lost: 0.104, li_recovered:  8.620, time: 0.011609934999796678
L: 0.50, u_super: 0.00322, sec: 174.522, prod: 0.072117, t_ads: 59.9, t_des: 53.1, bed_util_ads: 0.499, bed_util_des: 0.498, des_th: 0.49829089598154475,frac_lost: 0.102, li_recovered:  8.147, time: 0.009479296000790782
L: 0.50, u_super: 0.00781, sec: 442.693, prod: 0.177140, t_ads: 24.9, t_des: 22.8, bed_util_ads: 0.499, bed_util_des: 0.498, des_th: 0.49842152040776455,frac_lost: 0.101, li_recovered:  8.438, time: 0.013278766000439646
L: 0.50, u_super: 0.00205, sec: 110.230, prod: 0.045383, t_ads: 93.3, t_des: 83.1, bed_util_ads: 0.495, bed_util_des: 0.495, des_th: 0.49510588189015825,frac_lost: 0.100, li_recovered:  8.005, time: 0.010996107999744709
L: 14.34, u_super: 0.00873 — INFEASIBLE (li_recovered=0.000e+00), time: 0.005509638000148698
L: 0.50, u_super: 0.00395, sec: 214.880, prod: 0.088738, t_ads: 49.2, t_des: 45.0, bed_util_ads: 0.496, bed_util_des: 0.495, des_th: 0.49540192216499024,frac_lost: 0.106, li_recovered:  8.359, time: 0.013914385001044138
L: 0.50, u_super: 0.00292, sec: 157.843, prod: 0.065163, t_ads: 66.2, t_des: 58.6, bed_util_ads: 0.498, bed_util_des: 0.497, des_th: 0.4972851472171487,frac_lost: 0.104, li_recovered:  8.133, time: 0.009996040000260109
L: 0.50, u_super: 0.00623, sec: 346.886, prod: 0.140829, t_ads: 31.2, t_des: 28.2, bed_util_ads: 0.499, bed_util_des: 0.499, des_th: 0.49903521503022114,frac_lost: 0.103, li_recovered:  8.372, time: 0.010187011001107749
L: 0.50, u_super: 0.00894, sec: 515.653, prod: 0.202481, t_ads: 21.9, t_des: 19.8, bed_util_ads: 0.500, bed_util_des: 0.499, des_th: 0.49941800771673645,frac_lost: 0.107, li_recovered:  8.443, time: 0.014906315000189352
L: 0.50, u_super: 0.00100, sec: 54.897, prod: 0.021260, t_ads: 188.4, t_des: 191.7, bed_util_ads: 0.469, bed_util_des: 0.467, des_th: 0.46724560654304037,frac_lost: 0.100, li_recovered:  8.081, time: 0.015482003000215627
L: 0.50, u_super: 0.00990, sec: 576.618, prod: 0.224575, t_ads: 19.7, t_des: 17.9, bed_util_ads: 0.499, bed_util_des: 0.499, des_th: 0.49905320995628205,frac_lost: 0.104, li_recovered:  8.449, time: 0.013525622000088333
L: 0.50, u_super: 0.00378, sec: 205.341, prod: 0.084866, t_ads: 51.4, t_des: 47.1, bed_util_ads: 0.495, bed_util_des: 0.495, des_th: 0.49501742373662605,frac_lost: 0.106, li_recovered:  8.361, time: 0.01956141000118805
L: 0.50, u_super: 0.00546, sec: 301.473, prod: 0.123481, t_ads: 35.5, t_des: 32.2, bed_util_ads: 0.498, bed_util_des: 0.498, des_th: 0.49759134415870043,frac_lost: 0.101, li_recovered:  8.358, time: 0.016991239999697427
L: 0.50, u_super: 0.00947, sec: 548.372, prod: 0.214725, t_ads: 20.6, t_des: 18.5, bed_util_ads: 0.500, bed_util_des: 0.500, des_th: 0.49963694144910126,frac_lost: 0.103, li_recovered:  8.398, time: 0.023271836998901563
L: 0.50, u_super: 0.00496, sec: 272.441, prod: 0.111980, t_ads: 39.1, t_des: 35.4, bed_util_ads: 0.498, bed_util_des: 0.498, des_th: 0.4977726605155256,frac_lost: 0.102, li_recovered:  8.345, time: 0.027858359000674682
L: 0.50, u_super: 0.00781, sec: 442.891, prod: 0.177061, t_ads: 24.9, t_des: 22.4, bed_util_ads: 0.500, bed_util_des: 0.499, des_th: 0.4994620717250055,frac_lost: 0.101, li_recovered:  8.372, time: 0.019451739999567508
L: 0.50, u_super: 0.00075 — INFEASIBLE (li_recovered=0.000e+00), time: 0.01727630800087354
L: 0.50, u_super: 0.00484, sec: 265.574, prod: 0.109161, t_ads: 40.1, t_des: 36.6, bed_util_ads: 0.497, bed_util_des: 0.497, des_th: 0.49706643574786047,frac_lost: 0.104, li_recovered:  8.376, time: 0.01652187900072022
L: 48.85, u_super: 0.00865 — INFEASIBLE (li_recovered=0.000e+00), time: 0.0038264169998001307
L: 0.50, u_super: 0.00747, sec: 422.435, prod: 0.169290, t_ads: 26.0, t_des: 23.2, bed_util_ads: 0.500, bed_util_des: 0.500, des_th: 0.49990766452859425,frac_lost: 0.100, li_recovered:  8.321, time: 0.02888433899897791
L: 0.50, u_super: 0.00484, sec: 265.712, prod: 0.109104, t_ads: 40.2, t_des: 36.3, bed_util_ads: 0.499, bed_util_des: 0.498, des_th: 0.49842152040776455,frac_lost: 0.105, li_recovered:  8.346, time: 0.01721870400069747
L: 0.50, u_super: 0.00803, sec: 473.901, prod: 0.175784, t_ads: 24.4, t_des: 25.1, bed_util_ads: 0.483, bed_util_des: 0.483, des_th: 0.4826942430937965,frac_lost: 0.107, li_recovered:  8.686, time: 0.017576796000867034
L: 0.50, u_super: 0.00423, sec: 233.191, prod: 0.093963, t_ads: 45.9, t_des: 45.2, bed_util_ads: 0.486, bed_util_des: 0.486, des_th: 0.48580818350081567,frac_lost: 0.103, li_recovered:  8.560, time: 0.01690505700025824
L: 0.50, u_super: 0.00582, sec: 336.635, prod: 0.126319, t_ads: 33.4, t_des: 35.2, bed_util_ads: 0.480, bed_util_des: 0.479, des_th: 0.47928530309319506,frac_lost: 0.103, li_recovered:  8.659, time: 0.01897755500067433
L: 0.50, u_super: 0.00026 — INFEASIBLE (li_recovered=0.000e+00), time: 0.011330809000355657
L: 0.50, u_super: 0.00574, sec: 317.970, prod: 0.129871, t_ads: 33.7, t_des: 31.4, bed_util_ads: 0.495, bed_util_des: 0.495, des_th: 0.495103794343564,frac_lost: 0.100, li_recovered:  8.462, time: 0.0173439589998452
L: 0.50, u_super: 0.00713, sec: 401.587, prod: 0.161609, t_ads: 27.2, t_des: 24.6, bed_util_ads: 0.500, bed_util_des: 0.499, des_th: 0.49943737324183785,frac_lost: 0.102, li_recovered:  8.373, time: 0.016597488000115845
L: 0.50, u_super: 0.00108, sec: 58.820, prod: 0.023342, t_ads: 175.7, t_des: 161.6, bed_util_ads: 0.484, bed_util_des: 0.483, des_th: 0.48307506163868114,frac_lost: 0.108, li_recovered:  7.873, time: 0.025356596999699832
L: 0.50, u_super: 0.00950, sec: 550.458, prod: 0.215406, t_ads: 20.5, t_des: 18.9, bed_util_ads: 0.498, bed_util_des: 0.497, des_th: 0.49745543346615023,frac_lost: 0.104, li_recovered:  8.489, time: 0.013980242998513859
L: 0.50, u_super: 0.00117, sec: 63.494, prod: 0.025371, t_ads: 162.7, t_des: 149.2, bed_util_ads: 0.486, bed_util_des: 0.485, des_th: 0.4849401204751985,frac_lost: 0.107, li_recovered:  7.914, time: 0.014691579999634996
L: 30.15, u_super: 0.00005 — INFEASIBLE (li_recovered=0.000e+00), time: 0.0011308499997539911
   892 |    35680 |     40 |  0.0039704132 |             f
L: 0.50, u_super: 0.00933, sec: 539.830, prod: 0.211622, t_ads: 20.9, t_des: 19.0, bed_util_ads: 0.499, bed_util_des: 0.499, des_th: 0.4993470193310281,frac_lost: 0.104, li_recovered:  8.450, time: 0.011354790000041248
L: 0.50, u_super: 0.00872, sec: 501.789, prod: 0.197074, t_ads: 22.5, t_des: 20.8, bed_util_ads: 0.497, bed_util_des: 0.497, des_th: 0.4968202467173846,frac_lost: 0.107, li_recovered:  8.526, time: 0.011682161000862834
L: 0.50, u_super: 0.00605, sec: 335.888, prod: 0.136839, t_ads: 32.1, t_des: 29.4, bed_util_ads: 0.498, bed_util_des: 0.497, des_th: 0.4974627577690865,frac_lost: 0.102, li_recovered:  8.415, time: 0.016339705000063987
L: 0.50, u_super: 0.00686, sec: 384.783, prod: 0.155205, t_ads: 28.3, t_des: 26.3, bed_util_ads: 0.495, bed_util_des: 0.495, des_th: 0.49508965638676633,frac_lost: 0.102, li_recovered:  8.478, time: 0.012115644000004977
L: 0.50, u_super: 0.00077, sec: 43.840, prod: 0.015687, t_ads: 245.0, t_des: 265.0, bed_util_ads: 0.457, bed_util_des: 0.453, des_th: 0.4532928959036934,frac_lost: 0.106, li_recovered:  7.999, time: 0.013450602000375511
L: 0.50, u_super: 0.00162, sec: 88.533, prod: 0.035027, t_ads: 118.4, t_des: 100.7, bed_util_ads: 0.498, bed_util_des: 0.497, des_th: 0.4974714312465173,frac_lost: 0.106, li_recovered:  7.675, time: 0.010722460001488798
L: 0.50, u_super: 0.00043 — INFEASIBLE (li_recovered=0.000e+00), time: 0.0035481329996400746
L: 0.50, u_super: 0.00308, sec: 166.034, prod: 0.069103, t_ads: 62.6, t_des: 57.1, bed_util_ads: 0.495, bed_util_des: 0.495, des_th: 0.4949440272457086,frac_lost: 0.101, li_recovered:  8.270, time: 0.012783845000740257
L: 0.50, u_super: 0.00341, sec: 185.025, prod: 0.076331, t_ads: 57.1, t_des: 51.0, bed_util_ads: 0.499, bed_util_des: 0.498, des_th: 0.49829089598154475,frac_lost: 0.108, li_recovered:  8.248, time: 0.012022883998724865
L: 0.50, u_super: 0.00629, sec: 350.147, prod: 0.142347, t_ads: 30.8, t_des: 28.0, bed_util_ads: 0.499, bed_util_des: 0.499, des_th: 0.49903521503022114,frac_lost: 0.101, li_recovered:  8.370, time: 0.009135711999988416
L: 0.50, u_super: 0.00322, sec: 174.074, prod: 0.072097, t_ads: 59.8, t_des: 53.2, bed_util_ads: 0.498, bed_util_des: 0.497, des_th: 0.49747267999749784,frac_lost: 0.100, li_recovered:  8.145, time: 0.012049028999172151
L: 0.50, u_super: 0.00262, sec: 141.275, prod: 0.058511, t_ads: 73.6, t_des: 66.2, bed_util_ads: 0.495, bed_util_des: 0.495, des_th: 0.4949440272457086,frac_lost: 0.104, li_recovered:  8.178, time: 0.018563872999948217
L: 0.50, u_super: 0.00075, sec: 43.509, prod: 0.015101, t_ads: 250.3, t_des: 279.7, bed_util_ads: 0.452, bed_util_des: 0.448, des_th: 0.44770941364850136,frac_lost: 0.105, li_recovered:  8.004, time: 0.021862364999833517
L: 0.50, u_super: 0.00423, sec: 230.586, prod: 0.095024, t_ads: 46.0, t_des: 42.5, bed_util_ads: 0.495, bed_util_des: 0.495, des_th: 0.49490696061389433,frac_lost: 0.105, li_recovered:  8.408, time: 0.017711794000206282
L: 41.88, u_super: 0.00663 — INFEASIBLE (li_recovered=0.000e+00), time: 0.0026876510000874987
L: 0.50, u_super: 0.00203, sec: 110.327, prod: 0.044415, t_ads: 95.2, t_des: 81.6, bed_util_ads: 0.500, bed_util_des: 0.499, des_th: 0.4995254311058653,frac_lost: 0.108, li_recovered:  7.854, time: 0.01473373599947081
L: 0.50, u_super: 0.00948, sec: 549.793, prod: 0.214872, t_ads: 20.6, t_des: 18.7, bed_util_ads: 0.499, bed_util_des: 0.499, des_th: 0.49850361262964393,frac_lost: 0.105, li_recovered:  8.451, time: 0.014253051000196137
L: 0.50, u_super: 0.00388, sec: 211.225, prod: 0.087217, t_ads: 50.0, t_des: 46.3, bed_util_ads: 0.495, bed_util_des: 0.494, des_th: 0.49430787417789573,frac_lost: 0.105, li_recovered:  8.404, time: 0.01351421700019273
L: 0.50, u_super: 0.00522, sec: 287.745, prod: 0.117922, t_ads: 37.2, t_des: 33.8, bed_util_ads: 0.498, bed_util_des: 0.497, des_th: 0.4974627577690865,frac_lost: 0.103, li_recovered:  8.367, time: 0.01968133100126579
L: 0.50, u_super: 0.00451, sec: 246.987, prod: 0.101591, t_ads: 43.1, t_des: 39.4, bed_util_ads: 0.496, bed_util_des: 0.496, des_th: 0.49622092885249525,frac_lost: 0.106, li_recovered:  8.384, time: 0.013450288999592885
L: 0.50, u_super: 0.00419, sec: 228.977, prod: 0.094101, t_ads: 46.3, t_des: 41.0, bed_util_ads: 0.499, bed_util_des: 0.499, des_th: 0.49916268509107603,frac_lost: 0.104, li_recovered:  8.215, time: 0.015444016999026644
L: 20.96, u_super: 0.00527 — INFEASIBLE (li_recovered=0.000e+00), time: 0.005281898000248475
L: 0.50, u_super: 0.00634, sec: 374.613, prod: 0.135255, t_ads: 30.9, t_des: 33.3, bed_util_ads: 0.477, bed_util_des: 0.476, des_th: 0.4762018835010505,frac_lost: 0.107, li_recovered:  8.680, time: 0.014950112999940757
L: 0.50, u_super: 0.00390, sec: 211.954, prod: 0.087584, t_ads: 49.8, t_des: 45.2, bed_util_ads: 0.496, bed_util_des: 0.496, des_th: 0.4958990110711338,frac_lost: 0.105, li_recovered:  8.327, time: 0.017680511000435217
L: 0.50, u_super: 0.00837, sec: 479.342, prod: 0.189499, t_ads: 23.4, t_des: 21.2, bed_util_ads: 0.499, bed_util_des: 0.498, des_th: 0.49842152040776455,frac_lost: 0.106, li_recovered:  8.436, time: 0.019832240999676287
L: 0.50, u_super: 0.00243, sec: 130.622, prod: 0.053989, t_ads: 79.6, t_des: 71.5, bed_util_ads: 0.495, bed_util_des: 0.495, des_th: 0.49505827472688957,frac_lost: 0.105, li_recovered:  8.158, time: 0.017413752000720706
L: 0.50, u_super: 0.00546, sec: 322.278, prod: 0.115509, t_ads: 35.5, t_des: 39.5, bed_util_ads: 0.473, bed_util_des: 0.472, des_th: 0.4722271874823296,frac_lost: 0.101, li_recovered:  8.661, time: 0.016392100998928072
L: 0.50, u_super: 0.00747, sec: 422.435, prod: 0.169290, t_ads: 26.0, t_des: 23.2, bed_util_ads: 0.500, bed_util_des: 0.500, des_th: 0.49990766452859425,frac_lost: 0.100, li_recovered:  8.321, time: 0.011437095001383568
L: 0.50, u_super: 0.00006, sec: 4.889, prod: 0.000762, t_ads: 3110.7, t_des: 5613.1, bed_util_ads: 0.255, bed_util_des: 0.185, des_th: 0.1851696623157332,frac_lost: 0.101, li_recovered:  6.647, time: 0.013107639999361709
L: 0.50, u_super: 0.00986, sec: 574.082, prod: 0.223509, t_ads: 19.8, t_des: 18.0, bed_util_ads: 0.500, bed_util_des: 0.499, des_th: 0.49941800771673645,frac_lost: 0.105, li_recovered:  8.446, time: 0.015437337000548723
L: 0.50, u_super: 0.00559, sec: 309.037, prod: 0.126335, t_ads: 34.7, t_des: 31.1, bed_util_ads: 0.499, bed_util_des: 0.498, des_th: 0.49837906905433055,frac_lost: 0.101, li_recovered:  8.309, time: 0.015892501000053016
L: 0.50, u_super: 0.00455, sec: 248.942, prod: 0.102444, t_ads: 42.8, t_des: 39.1, bed_util_ads: 0.496, bed_util_des: 0.496, des_th: 0.4961503140794712,frac_lost: 0.105, li_recovered:  8.383, time: 0.016032744000767707
L: 3.50, u_super: 0.00005 — INFEASIBLE (li_recovered=0.000e+00), time: 0.003000546999828657
L: 10.18, u_super: 0.00781 — INFEASIBLE (li_recovered=0.000e+00), time: 0.00785552299930714
L: 0.50, u_super: 0.00728, sec: 411.944, prod: 0.164543, t_ads: 26.9, t_des: 24.4, bed_util_ads: 0.498, bed_util_des: 0.498, des_th: 0.498209533763464,frac_lost: 0.108, li_recovered:  8.434, time: 0.012144185000579455
L: 0.50, u_super: 0.00482, sec: 264.441, prod: 0.108731, t_ads: 40.3, t_des: 36.9, bed_util_ads: 0.496, bed_util_des: 0.496, des_th: 0.4961830812873602,frac_lost: 0.104, li_recovered:  8.390, time: 0.009993625000788597
L: 0.50, u_super: 0.00288, sec: 155.156, prod: 0.064538, t_ads: 66.8, t_des: 62.5, bed_util_ads: 0.492, bed_util_des: 0.491, des_th: 0.491522836172579,frac_lost: 0.101, li_recovered:  8.345, time: 0.015045881000332884
L: 0.50, u_super: 0.00856, sec: 492.260, prod: 0.193361, t_ads: 22.8, t_des: 21.4, bed_util_ads: 0.495, bed_util_des: 0.495, des_th: 0.4950794089922017,frac_lost: 0.106, li_recovered:  8.553, time: 0.015321390999815776
L: 0.50, u_super: 0.00043 — INFEASIBLE (li_recovered=0.000e+00), time: 0.007322747000216623
L: 0.50, u_super: 0.00686, sec: 392.999, prod: 0.151960, t_ads: 28.5, t_des: 28.4, bed_util_ads: 0.487, bed_util_des: 0.487, des_th: 0.48695491860639306,frac_lost: 0.107, li_recovered:  8.647, time: 0.015724947999842698
   893 |    35720 |     40 |  0.0025734487 |             f
L: 0.50, u_super: 0.00671, sec: 375.612, prod: 0.152071, t_ads: 28.9, t_des: 26.4, bed_util_ads: 0.498, bed_util_des: 0.497, des_th: 0.49747267999749784,frac_lost: 0.101, li_recovered:  8.413, time: 0.008816747000309988
L: 0.50, u_super: 0.00747, sec: 423.710, prod: 0.168781, t_ads: 26.2, t_des: 23.8, bed_util_ads: 0.500, bed_util_des: 0.499, des_th: 0.4994290606046263,frac_lost: 0.109, li_recovered:  8.448, time: 0.02076354599921615
L: 0.50, u_super: 0.00005, sec: 4.335, prod: 0.000668, t_ads: 3534.8, t_des: 6339.9, bed_util_ads: 0.249, bed_util_des: 0.175, des_th: 0.17548559394969324,frac_lost: 0.102, li_recovered:  6.595, time: 0.014533315999869956
L: 0.50, u_super: 0.00817, sec: 470.449, prod: 0.183333, t_ads: 24.0, t_des: 23.0, bed_util_ads: 0.492, bed_util_des: 0.492, des_th: 0.49154366571319635,frac_lost: 0.107, li_recovered:  8.612, time: 0.01679506999971636
L: 0.50, u_super: 0.00005 — INFEASIBLE (li_recovered=0.000e+00), time: 0.002346814999327762
L: 0.50, u_super: 0.00634, sec: 353.252, prod: 0.143434, t_ads: 30.6, t_des: 27.8, bed_util_ads: 0.499, bed_util_des: 0.499, des_th: 0.4990703657393871,frac_lost: 0.102, li_recovered:  8.375, time: 0.014379094000105397
L: 0.50, u_super: 0.00205, sec: 111.454, prod: 0.044885, t_ads: 93.3, t_des: 79.9, bed_util_ads: 0.500, bed_util_des: 0.500, des_th: 0.4999223994091274,frac_lost: 0.101, li_recovered:  7.773, time: 0.01393587999882584
L: 0.50, u_super: 0.00988, sec: 576.449, prod: 0.223865, t_ads: 19.8, t_des: 18.4, bed_util_ads: 0.496, bed_util_des: 0.496, des_th: 0.49581912051867105,frac_lost: 0.105, li_recovered:  8.533, time: 0.018015506000665482
L: 0.50, u_super: 0.00243, sec: 130.620, prod: 0.053928, t_ads: 79.5, t_des: 70.9, bed_util_ads: 0.496, bed_util_des: 0.496, des_th: 0.4961520717308513,frac_lost: 0.104, li_recovered:  8.107, time: 0.015979748999598087
L: 0.50, u_super: 0.00376, sec: 204.432, prod: 0.084400, t_ads: 51.8, t_des: 47.3, bed_util_ads: 0.495, bed_util_des: 0.495, des_th: 0.49502129700760417,frac_lost: 0.107, li_recovered:  8.363, time: 0.013474823999786167
L: 0.50, u_super: 0.00089, sec: 48.953, prod: 0.019089, t_ads: 210.3, t_des: 195.4, bed_util_ads: 0.480, bed_util_des: 0.478, des_th: 0.47830311964172256,frac_lost: 0.105, li_recovered:  7.745, time: 0.013631438001539209
L: 0.50, u_super: 0.00144, sec: 78.067, prod: 0.031219, t_ads: 133.0, t_des: 131.4, bed_util_ads: 0.479, bed_util_des: 0.478, des_th: 0.47768705938686196,frac_lost: 0.105, li_recovered:  8.255, time: 0.0192058470001939
L: 0.50, u_super: 0.00708, sec: 399.810, prod: 0.159689, t_ads: 27.7, t_des: 25.6, bed_util_ads: 0.495, bed_util_des: 0.495, des_th: 0.49508965638676633,frac_lost: 0.108, li_recovered:  8.512, time: 0.014020380998772453
L: 0.50, u_super: 0.00335, sec: 204.860, prod: 0.066506, t_ads: 57.9, t_des: 71.5, bed_util_ads: 0.457, bed_util_des: 0.456, des_th: 0.4557774647952858,frac_lost: 0.104, li_recovered:  8.610, time: 0.019461883999611018
L: 0.50, u_super: 0.00734, sec: 415.400, prod: 0.165867, t_ads: 26.7, t_des: 23.9, bed_util_ads: 0.500, bed_util_des: 0.499, des_th: 0.49949147554015183,frac_lost: 0.107, li_recovered:  8.390, time: 0.0106855310004903
L: 0.50, u_super: 0.00892, sec: 514.398, prod: 0.201903, t_ads: 21.9, t_des: 20.1, bed_util_ads: 0.498, bed_util_des: 0.498, des_th: 0.4981396387008089,frac_lost: 0.107, li_recovered:  8.491, time: 0.008365997999135288
L: 0.50, u_super: 0.00084 — INFEASIBLE (li_recovered=0.000e+00), time: 0.009045483000591048
L: 21.83, u_super: 0.00544 — INFEASIBLE (li_recovered=0.000e+00), time: 0.00198222499966505
L: 0.50, u_super: 0.00154, sec: 84.353, prod: 0.033345, t_ads: 124.1, t_des: 105.8, bed_util_ads: 0.498, bed_util_des: 0.498, des_th: 0.4981396387008089,frac_lost: 0.106, li_recovered:  7.666, time: 0.01369408999926236
L: 0.50, u_super: 0.00990, sec: 576.725, prod: 0.224533, t_ads: 19.7, t_des: 17.9, bed_util_ads: 0.500, bed_util_des: 0.500, des_th: 0.4998965679297572,frac_lost: 0.105, li_recovered:  8.443, time: 0.007933511998999165
L: 0.50, u_super: 0.00254, sec: 137.112, prod: 0.056382, t_ads: 75.9, t_des: 66.7, bed_util_ads: 0.498, bed_util_des: 0.498, des_th: 0.497661252691776,frac_lost: 0.103, li_recovered:  8.041, time: 0.008522439000444137
L: 0.50, u_super: 0.00947, sec: 549.021, prod: 0.214553, t_ads: 20.7, t_des: 18.8, bed_util_ads: 0.499, bed_util_des: 0.498, des_th: 0.49841867442090904,frac_lost: 0.106, li_recovered:  8.454, time: 0.009300329998950474
L: 0.50, u_super: 0.00985, sec: 6654.899, prod: 0.019238, t_ads: 19.9, t_des: 436.5, bed_util_ads: 0.168, bed_util_des: 0.165, des_th: 0.1654903581227352,frac_lost: 0.101, li_recovered:  8.780, time: 0.14334971800053609
L: 0.50, u_super: 0.00496, sec: 272.694, prod: 0.111876, t_ads: 39.2, t_des: 35.3, bed_util_ads: 0.498, bed_util_des: 0.498, des_th: 0.49773750977827586,frac_lost: 0.104, li_recovered:  8.337, time: 0.017021331001160434
L: 0.50, u_super: 0.00562, sec: 310.614, prod: 0.126960, t_ads: 34.6, t_des: 31.3, bed_util_ads: 0.499, bed_util_des: 0.498, des_th: 0.49837906905433055,frac_lost: 0.102, li_recovered:  8.359, time: 0.011813070999778574
L: 0.50, u_super: 0.00043, sec: 24.967, prod: 0.008571, t_ads: 414.1, t_des: 414.4, bed_util_ads: 0.451, bed_util_des: 0.447, des_th: 0.44764114791331255,frac_lost: 0.100, li_recovered:  7.101, time: 0.02529976000005263
L: 0.50, u_super: 0.00522, sec: 287.622, prod: 0.117973, t_ads: 37.1, t_des: 33.6, bed_util_ads: 0.498, bed_util_des: 0.497, des_th: 0.4974713870310106,frac_lost: 0.102, li_recovered:  8.350, time: 0.014891115999489557
L: 0.50, u_super: 0.00686, sec: 386.523, prod: 0.154506, t_ads: 28.6, t_des: 26.5, bed_util_ads: 0.495, bed_util_des: 0.495, des_th: 0.49508578311578827,frac_lost: 0.109, li_recovered:  8.512, time: 0.014660197999546654
L: 0.50, u_super: 0.00376, sec: 1444.150, prod: 0.011948, t_ads: 52.3, t_des: 682.8, bed_util_ads: 0.205, bed_util_des: 0.199, des_th: 0.19875191886840946,frac_lost: 0.105, li_recovered:  8.783, time: 0.11934371499955887
L: 0.50, u_super: 0.00987, sec: 574.663, prod: 0.223782, t_ads: 19.8, t_des: 17.9, bed_util_ads: 0.500, bed_util_des: 0.500, des_th: 0.4996257819391997,frac_lost: 0.105, li_recovered:  8.444, time: 0.01976226099941414
L: 0.50, u_super: 0.00213, sec: 114.686, prod: 0.047186, t_ads: 90.5, t_des: 81.0, bed_util_ads: 0.495, bed_util_des: 0.495, des_th: 0.49495934362615107,frac_lost: 0.106, li_recovered:  8.095, time: 0.013592191999123315
L: 4.85, u_super: 0.00049 — INFEASIBLE (li_recovered=0.000e+00), time: 0.002903835998949944
L: 0.50, u_super: 0.00798, sec: 456.910, prod: 0.179905, t_ads: 24.6, t_des: 23.0, bed_util_ads: 0.495, bed_util_des: 0.495, des_th: 0.4950320239048065,frac_lost: 0.109, li_recovered:  8.557, time: 0.014869349000946386
L: 0.50, u_super: 0.00663, sec: 371.015, prod: 0.150258, t_ads: 29.2, t_des: 26.5, bed_util_ads: 0.498, bed_util_des: 0.498, des_th: 0.4981396387008089,frac_lost: 0.101, li_recovered:  8.374, time: 0.014968986000894802
L: 0.50, u_super: 0.00569, sec: 349.348, prod: 0.115820, t_ads: 34.2, t_des: 40.7, bed_util_ads: 0.465, bed_util_des: 0.464, des_th: 0.4640437512444887,frac_lost: 0.103, li_recovered:  8.674, time: 0.009697059000245645
L: 0.50, u_super: 0.00100, sec: 54.770, prod: 0.021476, t_ads: 188.2, t_des: 169.6, bed_util_ads: 0.486, bed_util_des: 0.485, des_th: 0.4849401204751985,frac_lost: 0.104, li_recovered:  7.685, time: 0.012008069999865256
L: 3.32, u_super: 0.00781 — INFEASIBLE (li_recovered=0.000e+00), time: 0.012683226999797625
L: 0.50, u_super: 0.00520, sec: 286.621, prod: 0.117186, t_ads: 37.4, t_des: 33.4, bed_util_ads: 0.500, bed_util_des: 0.499, des_th: 0.4994776419694301,frac_lost: 0.103, li_recovered:  8.291, time: 0.017823426000177278
L: 10.44, u_super: 0.00144 — INFEASIBLE (li_recovered=0.000e+00), time: 0.004099084000699804
L: 0.50, u_super: 0.00990, sec: 578.278, prod: 0.223930, t_ads: 19.7, t_des: 18.6, bed_util_ads: 0.495, bed_util_des: 0.495, des_th: 0.49463611549928516,frac_lost: 0.104, li_recovered:  8.570, time: 0.021065420000013546
   894 |    35760 |     40 |  0.0014607567 |             f
L: 0.50, u_super: 0.00634, sec: 353.748, prod: 0.143393, t_ads: 30.6, t_des: 28.4, bed_util_ads: 0.495, bed_util_des: 0.495, des_th: 0.49508965638676633,frac_lost: 0.102, li_recovered:  8.470, time: 0.030449129999396973
L: 0.50, u_super: 0.00856, sec: 492.260, prod: 0.193361, t_ads: 22.8, t_des: 21.4, bed_util_ads: 0.495, bed_util_des: 0.495, des_th: 0.4950794089922017,frac_lost: 0.106, li_recovered:  8.553, time: 0.015164820999416406
L: 0.50, u_super: 0.00035, sec: 68.979, prod: 0.002083, t_ads: 564.8, t_des: 3632.1, bed_util_ads: 0.237, bed_util_des: 0.189, des_th: 0.18925711441290172,frac_lost: 0.103, li_recovered:  8.744, time: 0.04797244200017303
L: 29.52, u_super: 0.00953 — INFEASIBLE (li_recovered=0.000e+00), time: 0.005005891998735024
L: 0.50, u_super: 0.00519, sec: 286.015, prod: 0.117211, t_ads: 37.4, t_des: 33.9, bed_util_ads: 0.498, bed_util_des: 0.497, des_th: 0.49747616063833716,frac_lost: 0.103, li_recovered:  8.355, time: 0.014767915001357323
L: 0.50, u_super: 0.00634, sec: 353.357, prod: 0.143391, t_ads: 30.7, t_des: 27.7, bed_util_ads: 0.499, bed_util_des: 0.499, des_th: 0.4990949983804488,frac_lost: 0.102, li_recovered:  8.369, time: 0.01386686400110193
L: 0.50, u_super: 0.00016 — INFEASIBLE (li_recovered=0.000e+00), time: 0.004633452999769361
L: 0.50, u_super: 0.00451, sec: 246.973, prod: 0.101597, t_ads: 43.1, t_des: 39.4, bed_util_ads: 0.496, bed_util_des: 0.496, des_th: 0.4961503140794712,frac_lost: 0.106, li_recovered:  8.384, time: 0.013931785000750097
L: 0.50, u_super: 0.00609, sec: 339.062, prod: 0.137712, t_ads: 31.9, t_des: 28.9, bed_util_ads: 0.499, bed_util_des: 0.498, des_th: 0.4984620835103101,frac_lost: 0.104, li_recovered:  8.375, time: 0.012803011000869446
L: 0.50, u_super: 0.00010, sec: 9.504, prod: 0.001107, t_ads: 2011.5, t_des: 5139.3, bed_util_ads: 0.260, bed_util_des: 0.185, des_th: 0.1851696623157332,frac_lost: 0.104, li_recovered:  7.917, time: 0.01957839100032288
L: 0.50, u_super: 0.00990, sec: 576.596, prod: 0.224585, t_ads: 19.7, t_des: 17.9, bed_util_ads: 0.500, bed_util_des: 0.499, des_th: 0.49941800771673645,frac_lost: 0.104, li_recovered:  8.448, time: 0.013758451999819954
L: 0.50, u_super: 0.00782, sec: 516.860, prod: 0.152268, t_ads: 25.0, t_des: 32.2, bed_util_ads: 0.454, bed_util_des: 0.454, des_th: 0.45359965478120695,frac_lost: 0.105, li_recovered:  8.707, time: 0.01351951800097595
L: 0.50, u_super: 0.00634, sec: 371.760, prod: 0.136293, t_ads: 30.6, t_des: 33.0, bed_util_ads: 0.477, bed_util_des: 0.476, des_th: 0.47639393593425555,frac_lost: 0.100, li_recovered:  8.670, time: 0.01507701700029429
L: 0.50, u_super: 0.00864, sec: 497.608, prod: 0.194931, t_ads: 22.7, t_des: 21.2, bed_util_ads: 0.495, bed_util_des: 0.495, des_th: 0.4950876253257628,frac_lost: 0.107, li_recovered:  8.559, time: 0.013400706999163958
L: 0.50, u_super: 0.00005 — INFEASIBLE (li_recovered=0.000e+00), time: 0.0024685130010766443
L: 0.50, u_super: 0.00289, sec: 157.490, prod: 0.064112, t_ads: 66.6, t_des: 65.7, bed_util_ads: 0.485, bed_util_des: 0.484, des_th: 0.4840289935582351,frac_lost: 0.101, li_recovered:  8.482, time: 0.008624973001133185
L: 0.50, u_super: 0.00072, sec: 41.677, prod: 0.014351, t_ads: 262.7, t_des: 293.1, bed_util_ads: 0.451, bed_util_des: 0.446, des_th: 0.4464732549715215,frac_lost: 0.107, li_recovered:  7.976, time: 0.010963085000184947
L: 0.50, u_super: 0.00349, sec: 192.370, prod: 0.077021, t_ads: 55.8, t_des: 55.2, bed_util_ads: 0.485, bed_util_des: 0.484, des_th: 0.4841351235582866,frac_lost: 0.108, li_recovered:  8.548, time: 0.010667294000086258
L: 0.50, u_super: 0.00686, sec: 384.783, prod: 0.155205, t_ads: 28.3, t_des: 26.3, bed_util_ads: 0.495, bed_util_des: 0.495, des_th: 0.49508965638676633,frac_lost: 0.102, li_recovered:  8.478, time: 0.011698936999891885
L: 0.50, u_super: 0.00797, sec: 466.845, prod: 0.175352, t_ads: 24.6, t_des: 24.9, bed_util_ads: 0.486, bed_util_des: 0.485, des_th: 0.48525665292600473,frac_lost: 0.108, li_recovered:  8.678, time: 0.014200053999957163
L: 0.50, u_super: 0.00149, sec: 82.165, prod: 0.031724, t_ads: 128.8, t_des: 107.0, bed_util_ads: 0.500, bed_util_des: 0.500, des_th: 0.4996658768870877,frac_lost: 0.107, li_recovered:  7.480, time: 0.011393058000976453
L: 0.50, u_super: 0.00775, sec: 439.220, prod: 0.175852, t_ads: 25.0, t_des: 22.9, bed_util_ads: 0.499, bed_util_des: 0.498, des_th: 0.49842152040776455,frac_lost: 0.101, li_recovered:  8.433, time: 0.031495852999796625
L: 0.50, u_super: 0.00663, sec: 372.393, prod: 0.149702, t_ads: 29.5, t_des: 26.8, bed_util_ads: 0.498, bed_util_des: 0.498, des_th: 0.4980798553482963,frac_lost: 0.108, li_recovered:  8.425, time: 0.029486924000593717
L: 2.79, u_super: 0.00391, sec: 1316.806, prod: 0.079298, t_ads: 264.8, t_des: 293.3, bed_util_ads: 0.452, bed_util_des: 0.448, des_th: 0.44789543156474515,frac_lost: 0.100, li_recovered:  44.250, time: 0.01818952400026319
L: 0.50, u_super: 0.00239, sec: 128.580, prod: 0.053239, t_ads: 80.5, t_des: 72.6, bed_util_ads: 0.495, bed_util_des: 0.495, des_th: 0.4949440272457086,frac_lost: 0.103, li_recovered:  8.150, time: 0.02108269400014251
L: 0.50, u_super: 0.00387, sec: 221.900, prod: 0.082627, t_ads: 50.1, t_des: 54.1, bed_util_ads: 0.475, bed_util_des: 0.474, des_th: 0.47435526497737085,frac_lost: 0.104, li_recovered:  8.615, time: 0.015904856998531613
L: 0.50, u_super: 0.00142, sec: 76.691, prod: 0.031094, t_ads: 134.3, t_des: 128.2, bed_util_ads: 0.483, bed_util_des: 0.482, des_th: 0.4824212603515242,frac_lost: 0.104, li_recovered:  8.161, time: 0.014388262001375551
L: 32.57, u_super: 0.00817 — INFEASIBLE (li_recovered=0.000e+00), time: 0.004667137000069488
L: 0.50, u_super: 0.00662, sec: 371.441, prod: 0.149455, t_ads: 29.6, t_des: 26.8, bed_util_ads: 0.499, bed_util_des: 0.498, des_th: 0.4984269017114404,frac_lost: 0.108, li_recovered:  8.428, time: 0.009198610998282675
L: 13.59, u_super: 0.00747 — INFEASIBLE (li_recovered=0.000e+00), time: 0.006860236999273184
L: 0.50, u_super: 0.00468, sec: 256.710, prod: 0.105554, t_ads: 41.5, t_des: 37.9, bed_util_ads: 0.496, bed_util_des: 0.496, des_th: 0.4961420977459101,frac_lost: 0.105, li_recovered:  8.385, time: 0.011795917998824734
L: 0.50, u_super: 0.00170, sec: 468.921, prod: 0.007318, t_ads: 115.8, t_des: 1082.7, bed_util_ads: 0.229, bed_util_des: 0.216, des_th: 0.21599028280730886,frac_lost: 0.106, li_recovered:  8.770, time: 0.05183533799936413
L: 0.50, u_super: 0.00266, sec: 143.420, prod: 0.059472, t_ads: 72.5, t_des: 65.8, bed_util_ads: 0.495, bed_util_des: 0.495, des_th: 0.49495934362615107,frac_lost: 0.105, li_recovered:  8.229, time: 0.011632679999820539
L: 0.50, u_super: 0.00254, sec: 137.185, prod: 0.056352, t_ads: 76.0, t_des: 66.7, bed_util_ads: 0.499, bed_util_des: 0.498, des_th: 0.49835441337753383,frac_lost: 0.104, li_recovered:  8.043, time: 0.015288959000827163
L: 0.50, u_super: 0.00553, sec: 306.201, prod: 0.124918, t_ads: 35.1, t_des: 31.4, bed_util_ads: 0.500, bed_util_des: 0.500, des_th: 0.49987760615246785,frac_lost: 0.103, li_recovered:  8.308, time: 0.012806706999981543
L: 0.50, u_super: 0.00634, sec: 353.336, prod: 0.143400, t_ads: 30.6, t_des: 28.4, bed_util_ads: 0.495, bed_util_des: 0.495, des_th: 0.49493540991394314,frac_lost: 0.101, li_recovered:  8.463, time: 0.011445210999227129
L: 0.50, u_super: 0.00533, sec: 293.767, prod: 0.120519, t_ads: 36.3, t_des: 33.0, bed_util_ads: 0.498, bed_util_des: 0.497, des_th: 0.4974713870310106,frac_lost: 0.101, li_recovered:  8.356, time: 0.007434619999912684
L: 0.50, u_super: 0.00781, sec: 596.617, prod: 0.131439, t_ads: 25.1, t_des: 41.3, bed_util_ads: 0.424, bed_util_des: 0.423, des_th: 0.4232979490256339,frac_lost: 0.106, li_recovered:  8.720, time: 0.011718976998963626
L: 0.50, u_super: 0.00856, sec: 491.180, prod: 0.193786, t_ads: 22.9, t_des: 20.7, bed_util_ads: 0.499, bed_util_des: 0.499, des_th: 0.49917862214031267,frac_lost: 0.106, li_recovered:  8.443, time: 0.009732657999848016
L: 0.50, u_super: 0.00969, sec: 562.741, prod: 0.219656, t_ads: 20.2, t_des: 18.3, bed_util_ads: 0.500, bed_util_des: 0.499, des_th: 0.49941800771673645,frac_lost: 0.104, li_recovered:  8.446, time: 0.009138659999734955
   895 |    35800 |     40 |  0.0050190422 |             f
L: 0.50, u_super: 0.00892, sec: 514.398, prod: 0.201903, t_ads: 21.9, t_des: 20.1, bed_util_ads: 0.498, bed_util_des: 0.498, des_th: 0.4981396387008089,frac_lost: 0.107, li_recovered:  8.491, time: 0.010243048998745508
L: 0.50, u_super: 0.00844, sec: 482.003, prod: 0.191610, t_ads: 23.0, t_des: 21.0, bed_util_ads: 0.499, bed_util_des: 0.498, des_th: 0.49841257510990816,frac_lost: 0.100, li_recovered:  8.438, time: 0.007118147001165198
L: 0.50, u_super: 0.00043, sec: 24.997, prod: 0.008560, t_ads: 414.2, t_des: 409.3, bed_util_ads: 0.451, bed_util_des: 0.448, des_th: 0.4483820556996222,frac_lost: 0.101, li_recovered:  7.049, time: 0.014700477999213035
L: 52.13, u_super: 0.00213 — INFEASIBLE (li_recovered=0.000e+00), time: 0.002165889000025345
L: 0.50, u_super: 0.00737, sec: 417.408, prod: 0.166506, t_ads: 26.6, t_des: 24.0, bed_util_ads: 0.499, bed_util_des: 0.499, des_th: 0.4988986588765495,frac_lost: 0.108, li_recovered:  8.427, time: 0.012338635999185499
L: 0.50, u_super: 0.00634, sec: 353.826, prod: 0.143201, t_ads: 30.7, t_des: 27.4, bed_util_ads: 0.500, bed_util_des: 0.500, des_th: 0.49990910163437613,frac_lost: 0.103, li_recovered:  8.325, time: 0.01123130499945546
L: 0.50, u_super: 0.00920, sec: 535.852, prod: 0.206888, t_ads: 21.2, t_des: 20.4, bed_util_ads: 0.492, bed_util_des: 0.492, des_th: 0.49154366571319635,frac_lost: 0.105, li_recovered:  8.618, time: 0.011998673999187304
L: 0.50, u_super: 0.00967, sec: 598.006, prod: 0.205835, t_ads: 20.2, t_des: 22.1, bed_util_ads: 0.476, bed_util_des: 0.476, des_th: 0.4756186770094071,frac_lost: 0.104, li_recovered:  8.712, time: 0.010362937000536476
L: 0.50, u_super: 0.00430, sec: 234.852, prod: 0.096661, t_ads: 45.3, t_des: 41.9, bed_util_ads: 0.495, bed_util_des: 0.495, des_th: 0.49501742373662605,frac_lost: 0.106, li_recovered:  8.426, time: 0.01023983899904124
L: 0.50, u_super: 0.00866, sec: 497.498, prod: 0.196078, t_ads: 22.6, t_des: 20.5, bed_util_ads: 0.498, bed_util_des: 0.498, des_th: 0.4981605209313605,frac_lost: 0.106, li_recovered:  8.451, time: 0.006898240999362315
L: 0.50, u_super: 0.00076, sec: 44.506, prod: 0.015175, t_ads: 247.5, t_des: 281.9, bed_util_ads: 0.451, bed_util_des: 0.446, des_th: 0.44667993781518467,frac_lost: 0.106, li_recovered:  8.034, time: 0.012609318000613712
L: 0.50, u_super: 0.00584, sec: 323.826, prod: 0.132259, t_ads: 33.1, t_des: 30.7, bed_util_ads: 0.495, bed_util_des: 0.495, des_th: 0.4948972469157623,frac_lost: 0.100, li_recovered:  8.449, time: 0.021777013998871553
L: 0.50, u_super: 0.00747, sec: 423.564, prod: 0.168839, t_ads: 26.2, t_des: 24.0, bed_util_ads: 0.497, bed_util_des: 0.497, des_th: 0.49698080173192444,frac_lost: 0.107, li_recovered:  8.480, time: 0.012837562999266083
L: 0.50, u_super: 0.00441, sec: 241.076, prod: 0.099344, t_ads: 44.1, t_des: 40.2, bed_util_ads: 0.496, bed_util_des: 0.496, des_th: 0.4961503140794712,frac_lost: 0.105, li_recovered:  8.371, time: 0.013307375000294996
L: 7.66, u_super: 0.00312 — INFEASIBLE (li_recovered=0.000e+00), time: 0.00311256900022272
L: 0.50, u_super: 0.00746, sec: 466.704, prod: 0.152651, t_ads: 26.2, t_des: 30.8, bed_util_ads: 0.466, bed_util_des: 0.465, des_th: 0.4654523864492299,frac_lost: 0.106, li_recovered:  8.701, time: 0.015225704999465961
L: 0.50, u_super: 0.00423, sec: 231.116, prod: 0.094806, t_ads: 46.0, t_des: 40.6, bed_util_ads: 0.500, bed_util_des: 0.500, des_th: 0.49965673146609724,frac_lost: 0.105, li_recovered:  8.213, time: 0.010509937001188518
L: 0.50, u_super: 0.00245, sec: 131.709, prod: 0.054573, t_ads: 78.6, t_des: 71.0, bed_util_ads: 0.495, bed_util_des: 0.495, des_th: 0.4949440272457086,frac_lost: 0.103, li_recovered:  8.164, time: 0.01323927100020228
L: 0.50, u_super: 0.00969, sec: 562.741, prod: 0.219656, t_ads: 20.2, t_des: 18.3, bed_util_ads: 0.500, bed_util_des: 0.499, des_th: 0.49941800771673645,frac_lost: 0.104, li_recovered:  8.446, time: 0.01237008000134665
L: 0.50, u_super: 0.00587, sec: 325.637, prod: 0.132941, t_ads: 33.0, t_des: 30.3, bed_util_ads: 0.497, bed_util_des: 0.497, des_th: 0.4967275107901772,frac_lost: 0.101, li_recovered:  8.416, time: 0.014084536998780095
L: 3.40, u_super: 0.00190 — INFEASIBLE (li_recovered=0.000e+00), time: 0.0069057900000188965
L: 7.72, u_super: 0.00496 — INFEASIBLE (li_recovered=0.000e+00), time: 0.011394098999517155
L: 0.50, u_super: 0.00742, sec: 419.264, prod: 0.168124, t_ads: 26.2, t_des: 23.4, bed_util_ads: 0.500, bed_util_des: 0.500, des_th: 0.49990766452859425,frac_lost: 0.101, li_recovered:  8.337, time: 0.018758932999844546
L: 5.44, u_super: 0.00553 — INFEASIBLE (li_recovered=0.000e+00), time: 0.009797254999284633
L: 0.50, u_super: 0.00814, sec: 468.371, prod: 0.182639, t_ads: 24.1, t_des: 23.1, bed_util_ads: 0.492, bed_util_des: 0.492, des_th: 0.491522836172579,frac_lost: 0.108, li_recovered:  8.609, time: 0.018226217000119505
L: 0.50, u_super: 0.00028, sec: 44.538, prod: 0.002101, t_ads: 693.6, t_des: 3403.5, bed_util_ads: 0.254, bed_util_des: 0.203, des_th: 0.20355138834386452,frac_lost: 0.102, li_recovered:  8.607, time: 0.05327763499917637
L: 63.61, u_super: 0.00072 — INFEASIBLE (li_recovered=0.000e+00), time: 0.002196539000578923
L: 0.50, u_super: 0.00569, sec: 321.614, prod: 0.126143, t_ads: 34.1, t_des: 34.3, bed_util_ads: 0.485, bed_util_des: 0.485, des_th: 0.48505441952836004,frac_lost: 0.102, li_recovered:  8.625, time: 0.017176859999381122
L: 0.50, u_super: 0.00852, sec: 489.208, prod: 0.192867, t_ads: 23.0, t_des: 20.8, bed_util_ads: 0.499, bed_util_des: 0.499, des_th: 0.49921557109310194,frac_lost: 0.107, li_recovered:  8.449, time: 0.017068770999685512
L: 0.50, u_super: 0.00778, sec: 443.199, prod: 0.175704, t_ads: 25.2, t_des: 23.0, bed_util_ads: 0.499, bed_util_des: 0.498, des_th: 0.4984213967287531,frac_lost: 0.110, li_recovered:  8.480, time: 0.013505181999789784
L: 2.33, u_super: 0.00005 — INFEASIBLE (li_recovered=0.000e+00), time: 0.004064164999363129
L: 0.50, u_super: 0.00673, sec: 378.238, prod: 0.152108, t_ads: 29.0, t_des: 26.4, bed_util_ads: 0.498, bed_util_des: 0.498, des_th: 0.4981396387008089,frac_lost: 0.107, li_recovered:  8.427, time: 0.016893030000574072
L: 0.50, u_super: 0.00629, sec: 351.271, prod: 0.142288, t_ads: 30.9, t_des: 27.6, bed_util_ads: 0.499, bed_util_des: 0.499, des_th: 0.49935065462986017,frac_lost: 0.102, li_recovered:  8.314, time: 0.01166853199902107
L: 0.50, u_super: 0.00990, sec: 578.127, prod: 0.223988, t_ads: 19.7, t_des: 18.6, bed_util_ads: 0.495, bed_util_des: 0.495, des_th: 0.4946489715785321,frac_lost: 0.103, li_recovered:  8.570, time: 0.019683180000356515
L: 0.50, u_super: 0.00701, sec: 396.601, prod: 0.157620, t_ads: 28.0, t_des: 26.3, bed_util_ads: 0.494, bed_util_des: 0.494, des_th: 0.49417770635593133,frac_lost: 0.109, li_recovered:  8.556, time: 0.021193548998780898
L: 13.80, u_super: 0.00042 — INFEASIBLE (li_recovered=0.000e+00), time: 0.0023639899991394486
L: 22.87, u_super: 0.00149 — INFEASIBLE (li_recovered=0.000e+00), time: 0.0030388690011022845
L: 0.50, u_super: 0.00797, sec: 452.640, prod: 0.180701, t_ads: 24.4, t_des: 22.0, bed_util_ads: 0.500, bed_util_des: 0.500, des_th: 0.49991243176755096,frac_lost: 0.100, li_recovered:  8.371, time: 0.015582084000925533
L: 0.50, u_super: 0.00636, sec: 355.041, prod: 0.143917, t_ads: 30.5, t_des: 27.3, bed_util_ads: 0.499, bed_util_des: 0.499, des_th: 0.49903521503022114,frac_lost: 0.101, li_recovered:  8.318, time: 0.026967826999680256
L: 0.50, u_super: 0.00686, sec: 386.734, prod: 0.154422, t_ads: 28.5, t_des: 26.8, bed_util_ads: 0.494, bed_util_des: 0.494, des_th: 0.4939626500656124,frac_lost: 0.107, li_recovered:  8.546, time: 0.02323180500025046
   896 |    35840 |     40 |  0.0025112713 |             f
L: 0.50, u_super: 0.00501, sec: 276.193, prod: 0.112870, t_ads: 38.9, t_des: 34.6, bed_util_ads: 0.500, bed_util_des: 0.500, des_th: 0.49987760615246785,frac_lost: 0.106, li_recovered:  8.292, time: 0.021551181000177166
L: 0.50, u_super: 0.00076, sec: 46.389, prod: 0.014558, t_ads: 247.1, t_des: 307.2, bed_util_ads: 0.439, bed_util_des: 0.433, des_th: 0.43348411176860746,frac_lost: 0.103, li_recovered:  8.070, time: 0.028785205000531278
L: 0.50, u_super: 0.00292, sec: 157.343, prod: 0.065367, t_ads: 66.0, t_des: 59.5, bed_util_ads: 0.495, bed_util_des: 0.495, des_th: 0.4950032430049542,frac_lost: 0.101, li_recovered:  8.202, time: 0.02394867799921485
L: 0.50, u_super: 0.00162, sec: 88.187, prod: 0.035224, t_ads: 118.5, t_des: 102.1, bed_util_ads: 0.498, bed_util_des: 0.497, des_th: 0.4974583654256029,frac_lost: 0.107, li_recovered:  7.772, time: 0.03025690199865494
L: 0.50, u_super: 0.00609, sec: 338.975, prod: 0.137748, t_ads: 31.9, t_des: 28.5, bed_util_ads: 0.500, bed_util_des: 0.500, des_th: 0.49974836847809934,frac_lost: 0.102, li_recovered:  8.318, time: 0.030962636999902315
L: 0.50, u_super: 0.00935, sec: 541.539, prod: 0.211751, t_ads: 20.9, t_des: 19.1, bed_util_ads: 0.498, bed_util_des: 0.498, des_th: 0.49825378635765183,frac_lost: 0.106, li_recovered:  8.484, time: 0.03376826500061725
L: 0.50, u_super: 0.00376, sec: 204.305, prod: 0.084453, t_ads: 51.7, t_des: 47.3, bed_util_ads: 0.496, bed_util_des: 0.495, des_th: 0.4952395137108028,frac_lost: 0.106, li_recovered:  8.361, time: 0.03164050799932738
L: 0.50, u_super: 0.00193, sec: 104.588, prod: 0.042304, t_ads: 99.1, t_des: 85.8, bed_util_ads: 0.498, bed_util_des: 0.498, des_th: 0.49828173876502374,frac_lost: 0.101, li_recovered:  7.820, time: 0.030354417000125977
L: 0.50, u_super: 0.00110 — INFEASIBLE (li_recovered=0.000e+00), time: 0.020155743000941584
L: 0.50, u_super: 0.00871, sec: 500.054, prod: 0.197277, t_ads: 22.4, t_des: 20.4, bed_util_ads: 0.500, bed_util_des: 0.499, des_th: 0.4994669283286507,frac_lost: 0.105, li_recovered:  8.440, time: 0.043662168998707784
L: 0.50, u_super: 0.00339, sec: 183.680, prod: 0.075781, t_ads: 57.5, t_des: 51.4, bed_util_ads: 0.499, bed_util_des: 0.498, des_th: 0.49829089598154475,frac_lost: 0.108, li_recovered:  8.249, time: 0.03162339799928304
L: 0.50, u_super: 0.00117, sec: 63.620, prod: 0.025320, t_ads: 162.1, t_des: 145.7, bed_util_ads: 0.489, bed_util_des: 0.488, des_th: 0.4878400306309972,frac_lost: 0.105, li_recovered:  7.793, time: 0.014330760999655467
L: 0.50, u_super: 0.00990, sec: 576.803, prod: 0.224502, t_ads: 19.7, t_des: 17.9, bed_util_ads: 0.500, bed_util_des: 0.499, des_th: 0.4994467076393573,frac_lost: 0.105, li_recovered:  8.458, time: 0.0240471430006437
L: 0.50, u_super: 0.00213, sec: 114.686, prod: 0.047186, t_ads: 90.5, t_des: 81.0, bed_util_ads: 0.495, bed_util_des: 0.495, des_th: 0.49495934362615107,frac_lost: 0.106, li_recovered:  8.095, time: 0.023120496000046842
L: 57.95, u_super: 0.00496 — INFEASIBLE (li_recovered=0.000e+00), time: 0.0038156810005602892
L: 0.50, u_super: 0.00231, sec: 123.947, prod: 0.051303, t_ads: 83.6, t_des: 78.1, bed_util_ads: 0.490, bed_util_des: 0.489, des_th: 0.4891873261004491,frac_lost: 0.104, li_recovered:  8.295, time: 0.02416987500146206
L: 0.50, u_super: 0.00521, sec: 287.382, prod: 0.117653, t_ads: 37.2, t_des: 33.3, bed_util_ads: 0.500, bed_util_des: 0.500, des_th: 0.49987760615246785,frac_lost: 0.102, li_recovered:  8.290, time: 0.021719454000049154
L: 0.50, u_super: 0.00776, sec: 439.612, prod: 0.175904, t_ads: 25.0, t_des: 22.6, bed_util_ads: 0.499, bed_util_des: 0.499, des_th: 0.49930041280458165,frac_lost: 0.101, li_recovered:  8.386, time: 0.013345294999453472
L: 0.50, u_super: 0.00414, sec: 225.542, prod: 0.093125, t_ads: 46.9, t_des: 43.0, bed_util_ads: 0.496, bed_util_des: 0.495, des_th: 0.49540192216499024,frac_lost: 0.105, li_recovered:  8.378, time: 0.013293912999870372
L: 0.50, u_super: 0.00168, sec: 135.319, prod: 0.024694, t_ads: 115.9, t_des: 230.6, bed_util_ads: 0.392, bed_util_des: 0.387, des_th: 0.3870442493214726,frac_lost: 0.108, li_recovered:  8.556, time: 0.016512902000613394
L: 0.50, u_super: 0.00049, sec: 28.013, prod: 0.009799, t_ads: 375.2, t_des: 384.2, bed_util_ads: 0.452, bed_util_des: 0.448, des_th: 0.44764114791331255,frac_lost: 0.106, li_recovered:  7.441, time: 0.00993049200042151
L: 0.50, u_super: 0.00817, sec: 470.449, prod: 0.183333, t_ads: 24.0, t_des: 23.0, bed_util_ads: 0.492, bed_util_des: 0.492, des_th: 0.49154366571319635,frac_lost: 0.107, li_recovered:  8.612, time: 0.015991094000128214
L: 0.50, u_super: 0.00341, sec: 185.145, prod: 0.076281, t_ads: 57.1, t_des: 50.9, bed_util_ads: 0.498, bed_util_des: 0.498, des_th: 0.4982316795726649,frac_lost: 0.109, li_recovered:  8.242, time: 0.00942599500012875
L: 0.50, u_super: 0.00737, sec: 425.434, prod: 0.163365, t_ads: 26.5, t_des: 26.4, bed_util_ads: 0.488, bed_util_des: 0.487, des_th: 0.48737223530993246,frac_lost: 0.107, li_recovered:  8.656, time: 0.010185573000853765
L: 37.35, u_super: 0.00034 — INFEASIBLE (li_recovered=0.000e+00), time: 0.003592293000110658
L: 3.98, u_super: 0.00983, sec: 4924.481, prod: 0.205958, t_ads: 153.8, t_des: 125.5, bed_util_ads: 0.499, bed_util_des: 0.499, des_th: 0.4991944630361184,frac_lost: 0.106, li_recovered:  57.526, time: 0.016323922000083257
L: 0.50, u_super: 0.00889, sec: 512.093, prod: 0.201525, t_ads: 22.0, t_des: 19.9, bed_util_ads: 0.500, bed_util_des: 0.500, des_th: 0.4996135128902789,frac_lost: 0.105, li_recovered:  8.446, time: 0.021249538000120083
L: 0.50, u_super: 0.00503, sec: 280.590, prod: 0.111770, t_ads: 38.6, t_des: 38.3, bed_util_ads: 0.486, bed_util_des: 0.486, des_th: 0.485570402324546,frac_lost: 0.102, li_recovered:  8.596, time: 0.013366648001465364
L: 0.50, u_super: 0.00983, sec: 572.118, prod: 0.222936, t_ads: 19.9, t_des: 18.1, bed_util_ads: 0.498, bed_util_des: 0.498, des_th: 0.498111596982222,frac_lost: 0.104, li_recovered:  8.461, time: 0.018543034999311203
L: 0.50, u_super: 0.00193, sec: 105.001, prod: 0.042105, t_ads: 99.0, t_des: 84.6, bed_util_ads: 0.500, bed_util_des: 0.499, des_th: 0.499559527313911,frac_lost: 0.100, li_recovered:  7.728, time: 0.024506706999090966
L: 54.85, u_super: 0.00005 — INFEASIBLE (li_recovered=0.000e+00), time: 0.008342406999872765
L: 0.50, u_super: 0.00266, sec: 143.403, prod: 0.059479, t_ads: 72.3, t_des: 65.1, bed_util_ads: 0.496, bed_util_des: 0.495, des_th: 0.4952047488347447,frac_lost: 0.103, li_recovered:  8.176, time: 0.02210639400072978
L: 0.50, u_super: 0.00308, sec: 166.350, prod: 0.068972, t_ads: 62.7, t_des: 56.3, bed_util_ads: 0.497, bed_util_des: 0.497, des_th: 0.49656873355871284,frac_lost: 0.103, li_recovered:  8.205, time: 0.020277507999708178
L: 70.82, u_super: 0.00933 — INFEASIBLE (li_recovered=0.000e+00), time: 0.0033812019992183195
L: 0.50, u_super: 0.00737, sec: 417.072, prod: 0.166544, t_ads: 26.6, t_des: 24.1, bed_util_ads: 0.498, bed_util_des: 0.498, des_th: 0.4981605209313605,frac_lost: 0.107, li_recovered:  8.443, time: 0.01643132499884814
L: 0.50, u_super: 0.00486, sec: 266.520, prod: 0.109521, t_ads: 40.0, t_des: 37.0, bed_util_ads: 0.495, bed_util_des: 0.495, des_th: 0.49501742373662605,frac_lost: 0.103, li_recovered:  8.428, time: 0.03772461100015789
L: 0.50, u_super: 0.00476, sec: 261.316, prod: 0.107243, t_ads: 40.9, t_des: 37.3, bed_util_ads: 0.496, bed_util_des: 0.496, des_th: 0.4961503140794712,frac_lost: 0.106, li_recovered:  8.386, time: 0.03988444599963259
L: 0.50, u_super: 0.00817, sec: 470.449, prod: 0.183333, t_ads: 24.0, t_des: 23.0, bed_util_ads: 0.492, bed_util_des: 0.492, des_th: 0.49154366571319635,frac_lost: 0.107, li_recovered:  8.612, time: 0.03023964000021806
L: 0.50, u_super: 0.00395, sec: 214.880, prod: 0.088738, t_ads: 49.2, t_des: 45.0, bed_util_ads: 0.496, bed_util_des: 0.495, des_th: 0.49540192216499024,frac_lost: 0.106, li_recovered:  8.359, time: 0.02805116700073995
L: 0.50, u_super: 0.00117, sec: 63.494, prod: 0.025371, t_ads: 162.7, t_des: 149.2, bed_util_ads: 0.486, bed_util_des: 0.485, des_th: 0.4849401204751985,frac_lost: 0.107, li_recovered:  7.914, time: 0.032395708998592454
   897 |    35880 |     40 |  0.0020414046 |             f
L: 5.54, u_super: 0.00680 — INFEASIBLE (li_recovered=0.000e+00), time: 0.012398676000884734
L: 0.50, u_super: 0.00551, sec: 304.612, prod: 0.124589, t_ads: 35.1, t_des: 31.5, bed_util_ads: 0.500, bed_util_des: 0.500, des_th: 0.49988633151414874,frac_lost: 0.101, li_recovered:  8.306, time: 0.02871556900026917
L: 0.50, u_super: 0.00821, sec: 5206.632, prod: 0.016762, t_ads: 23.9, t_des: 500.1, bed_util_ads: 0.171, bed_util_des: 0.168, des_th: 0.1680180014280998,frac_lost: 0.103, li_recovered:  8.783, time: 0.343111180998676
L: 0.50, u_super: 0.00451, sec: 247.581, prod: 0.101347, t_ads: 43.1, t_des: 40.7, bed_util_ads: 0.492, bed_util_des: 0.492, des_th: 0.4915553705953931,frac_lost: 0.104, li_recovered:  8.493, time: 0.04285096599960525
L: 0.50, u_super: 0.00710, sec: 423.898, prod: 0.151772, t_ads: 27.6, t_des: 29.7, bed_util_ads: 0.477, bed_util_des: 0.476, des_th: 0.4764766094108938,frac_lost: 0.108, li_recovered:  8.691, time: 0.03381748799984052
L: 0.50, u_super: 0.00414, sec: 225.799, prod: 0.092972, t_ads: 47.1, t_des: 43.4, bed_util_ads: 0.495, bed_util_des: 0.495, des_th: 0.4952047488347447,frac_lost: 0.107, li_recovered:  8.411, time: 0.023620542999196914
L: 0.50, u_super: 0.00220, sec: 118.470, prod: 0.048686, t_ads: 87.8, t_des: 78.2, bed_util_ads: 0.495, bed_util_des: 0.495, des_th: 0.49494395802253743,frac_lost: 0.107, li_recovered:  8.081, time: 0.0340374850002263
L: 0.50, u_super: 0.00792, sec: 449.737, prod: 0.179670, t_ads: 24.5, t_des: 22.2, bed_util_ads: 0.500, bed_util_des: 0.500, des_th: 0.49974836847809934,frac_lost: 0.101, li_recovered:  8.388, time: 0.03219180499945651
L: 0.50, u_super: 0.00156, sec: 84.460, prod: 0.033951, t_ads: 123.1, t_des: 107.8, bed_util_ads: 0.495, bed_util_des: 0.494, des_th: 0.4942656541467445,frac_lost: 0.107, li_recovered:  7.837, time: 0.058705072000520886
L: 0.50, u_super: 0.00569, sec: 315.054, prod: 0.128769, t_ads: 34.0, t_des: 31.7, bed_util_ads: 0.495, bed_util_des: 0.494, des_th: 0.494443796357782,frac_lost: 0.100, li_recovered:  8.461, time: 0.04163941099977819
L: 0.50, u_super: 0.00679, sec: 381.964, prod: 0.153160, t_ads: 28.9, t_des: 26.5, bed_util_ads: 0.498, bed_util_des: 0.497, des_th: 0.4974583654256029,frac_lost: 0.109, li_recovered:  8.479, time: 0.039761109999744804
L: 0.50, u_super: 0.00216, sec: 117.397, prod: 0.047342, t_ads: 88.6, t_des: 75.8, bed_util_ads: 0.500, bed_util_des: 0.500, des_th: 0.49974836847809934,frac_lost: 0.100, li_recovered:  7.787, time: 0.026148236000153702
L: 0.50, u_super: 0.00411, sec: 224.489, prod: 0.092095, t_ads: 47.3, t_des: 41.7, bed_util_ads: 0.500, bed_util_des: 0.500, des_th: 0.49987760615246785,frac_lost: 0.105, li_recovered:  8.201, time: 0.0228548300001421
L: 0.50, u_super: 0.00304, sec: 164.090, prod: 0.068210, t_ads: 63.4, t_des: 57.7, bed_util_ads: 0.495, bed_util_des: 0.495, des_th: 0.49491336245816586,frac_lost: 0.102, li_recovered:  8.259, time: 0.01682901200001652
L: 0.50, u_super: 0.00396, sec: 215.193, prod: 0.089019, t_ads: 49.0, t_des: 44.9, bed_util_ads: 0.495, bed_util_des: 0.495, des_th: 0.4951381236206677,frac_lost: 0.104, li_recovered:  8.361, time: 0.030808510000497336
L: 0.50, u_super: 0.00891, sec: 4594.991, prod: 0.022556, t_ads: 22.0, t_des: 367.2, bed_util_ads: 0.188, bed_util_des: 0.185, des_th: 0.1851696623157332,frac_lost: 0.102, li_recovered:  8.779, time: 0.21769182199932402
L: 0.50, u_super: 0.00818, sec: 470.890, prod: 0.183709, t_ads: 23.9, t_des: 22.9, bed_util_ads: 0.492, bed_util_des: 0.492, des_th: 0.49163725307066014,frac_lost: 0.107, li_recovered:  8.608, time: 0.02403408899954229
L: 0.50, u_super: 0.00691, sec: 388.211, prod: 0.156526, t_ads: 28.0, t_des: 25.1, bed_util_ads: 0.500, bed_util_des: 0.500, des_th: 0.49966026435600264,frac_lost: 0.100, li_recovered:  8.312, time: 0.03562474399950588
L: 0.50, u_super: 0.00917, sec: 539.831, prod: 0.203861, t_ads: 21.3, t_des: 21.2, bed_util_ads: 0.487, bed_util_des: 0.487, des_th: 0.48680145728956575,frac_lost: 0.106, li_recovered:  8.668, time: 0.026081331001478247
L: 60.68, u_super: 0.00298 — INFEASIBLE (li_recovered=0.000e+00), time: 0.002276649000123143
L: 0.50, u_super: 0.00638, sec: 356.247, prod: 0.144413, t_ads: 30.5, t_des: 27.5, bed_util_ads: 0.499, bed_util_des: 0.499, des_th: 0.49902608001602017,frac_lost: 0.103, li_recovered:  8.371, time: 0.02041499400002067
L: 2.83, u_super: 0.00014 — INFEASIBLE (li_recovered=0.000e+00), time: 0.0017177709996758495
L: 0.50, u_super: 0.00661, sec: 369.577, prod: 0.149614, t_ads: 29.4, t_des: 26.6, bed_util_ads: 0.498, bed_util_des: 0.498, des_th: 0.4981178047096264,frac_lost: 0.101, li_recovered:  8.369, time: 0.0243258339996828
L: 0.50, u_super: 0.00279, sec: 181.735, prod: 0.051427, t_ads: 69.6, t_des: 97.5, bed_util_ads: 0.440, bed_util_des: 0.438, des_th: 0.4385512651147034,frac_lost: 0.104, li_recovered:  8.593, time: 0.01580355599980976
L: 0.50, u_super: 0.00239, sec: 128.782, prod: 0.053155, t_ads: 80.8, t_des: 72.5, bed_util_ads: 0.495, bed_util_des: 0.495, des_th: 0.4949594128493222,frac_lost: 0.106, li_recovered:  8.149, time: 0.01727770099932968
L: 0.50, u_super: 0.00614, sec: 341.705, prod: 0.138799, t_ads: 31.6, t_des: 28.3, bed_util_ads: 0.500, bed_util_des: 0.500, des_th: 0.49991243176755096,frac_lost: 0.101, li_recovered:  8.306, time: 0.023741855000480427
L: 0.50, u_super: 0.00401, sec: 218.545, prod: 0.090126, t_ads: 48.5, t_des: 44.3, bed_util_ads: 0.496, bed_util_des: 0.495, des_th: 0.49540192216499024,frac_lost: 0.107, li_recovered:  8.364, time: 0.018642544999238453
L: 0.50, u_super: 0.00088, sec: 48.849, prod: 0.018623, t_ads: 213.4, t_des: 188.2, bed_util_ads: 0.486, bed_util_des: 0.485, des_th: 0.48504973022267517,frac_lost: 0.107, li_recovered:  7.478, time: 0.017267228999116924
L: 0.50, u_super: 0.00191, sec: 116.392, prod: 0.037248, t_ads: 100.8, t_des: 127.1, bed_util_ads: 0.450, bed_util_des: 0.448, des_th: 0.4481833302841791,frac_lost: 0.103, li_recovered:  8.487, time: 0.014138468999590259
L: 69.87, u_super: 0.00686 — INFEASIBLE (li_recovered=0.000e+00), time: 0.0016793140002846485
L: 0.50, u_super: 0.00558, sec: 308.833, prod: 0.126081, t_ads: 34.7, t_des: 31.1, bed_util_ads: 0.499, bed_util_des: 0.499, des_th: 0.49906567385913103,frac_lost: 0.102, li_recovered:  8.300, time: 0.016817384001114988
L: 0.50, u_super: 0.00146, sec: 79.311, prod: 0.031857, t_ads: 131.3, t_des: 127.4, bed_util_ads: 0.481, bed_util_des: 0.480, des_th: 0.47968505134378464,frac_lost: 0.108, li_recovered:  8.239, time: 0.01559124300001713
L: 0.50, u_super: 0.00199, sec: 108.442, prod: 0.043545, t_ads: 96.0, t_des: 82.0, bed_util_ads: 0.500, bed_util_des: 0.499, des_th: 0.49941800771673645,frac_lost: 0.101, li_recovered:  7.752, time: 0.013378175999605446
L: 0.50, u_super: 0.00375, sec: 203.656, prod: 0.084187, t_ads: 51.8, t_des: 47.5, bed_util_ads: 0.495, bed_util_des: 0.495, des_th: 0.49514592635326243,frac_lost: 0.106, li_recovered:  8.363, time: 0.012465937999877497
L: 0.50, u_super: 0.00605, sec: 336.259, prod: 0.137020, t_ads: 32.0, t_des: 29.0, bed_util_ads: 0.499, bed_util_des: 0.499, des_th: 0.498862076738547,frac_lost: 0.101, li_recovered:  8.369, time: 0.014659665001090616
L: 0.50, u_super: 0.00839, sec: 480.463, prod: 0.190052, t_ads: 23.3, t_des: 21.2, bed_util_ads: 0.499, bed_util_des: 0.498, des_th: 0.49841257510990816,frac_lost: 0.106, li_recovered:  8.445, time: 0.017146045000117738
L: 2.00, u_super: 0.00642, sec: 1473.148, prod: 0.141140, t_ads: 119.1, t_des: 113.3, bed_util_ads: 0.485, bed_util_des: 0.484, des_th: 0.4841351235582866,frac_lost: 0.103, li_recovered:  32.791, time: 0.021988043999954243
L: 0.50, u_super: 0.00308, sec: 166.065, prod: 0.069090, t_ads: 62.6, t_des: 57.7, bed_util_ads: 0.494, bed_util_des: 0.493, des_th: 0.49318371400862815,frac_lost: 0.102, li_recovered:  8.314, time: 0.030171651998898597
L: 0.50, u_super: 0.00325, sec: 175.904, prod: 0.072731, t_ads: 59.4, t_des: 52.7, bed_util_ads: 0.499, bed_util_des: 0.499, des_th: 0.49903521503022114,frac_lost: 0.102, li_recovered:  8.157, time: 0.016108286001326633
L: 57.57, u_super: 0.00308 — INFEASIBLE (li_recovered=0.000e+00), time: 0.003147588999127038
   898 |    35920 |     40 |  0.0046829236 |             f
L: 0.50, u_super: 0.00930, sec: 5352.740, prod: 0.021165, t_ads: 21.1, t_des: 393.8, bed_util_ads: 0.180, bed_util_des: 0.177, des_th: 0.17696149364355393,frac_lost: 0.103, li_recovered:  8.781, time: 0.18296581600043282
L: 40.70, u_super: 0.00299 — INFEASIBLE (li_recovered=0.000e+00), time: 0.0034865889992943266
L: 7.32, u_super: 0.00737 — INFEASIBLE (li_recovered=0.000e+00), time: 0.00953736600058619
L: 0.50, u_super: 0.00905, sec: 522.678, prod: 0.204894, t_ads: 21.6, t_des: 20.0, bed_util_ads: 0.496, bed_util_des: 0.496, des_th: 0.495724133423739,frac_lost: 0.105, li_recovered:  8.525, time: 0.023367158999462845
L: 0.50, u_super: 0.00521, sec: 287.992, prod: 0.117404, t_ads: 37.3, t_des: 33.0, bed_util_ads: 0.500, bed_util_des: 0.500, des_th: 0.49991833781971196,frac_lost: 0.104, li_recovered:  8.256, time: 0.014096980999966036
L: 0.50, u_super: 0.00568, sec: 315.141, prod: 0.127891, t_ads: 34.5, t_des: 31.7, bed_util_ads: 0.496, bed_util_des: 0.496, des_th: 0.49615597986989474,frac_lost: 0.108, li_recovered:  8.459, time: 0.013825415999235702
L: 0.50, u_super: 0.00982, sec: 572.172, prod: 0.222694, t_ads: 19.9, t_des: 17.9, bed_util_ads: 0.500, bed_util_des: 0.500, des_th: 0.4996143243442952,frac_lost: 0.105, li_recovered:  8.413, time: 0.015281777999916812
L: 0.50, u_super: 0.00871, sec: 501.102, prod: 0.197242, t_ads: 22.4, t_des: 20.1, bed_util_ads: 0.500, bed_util_des: 0.500, des_th: 0.4999196059785804,frac_lost: 0.106, li_recovered:  8.387, time: 0.01738180599932093
L: 0.50, u_super: 0.00161, sec: 88.685, prod: 0.034791, t_ads: 118.7, t_des: 99.8, bed_util_ads: 0.500, bed_util_des: 0.499, des_th: 0.49956302752515747,frac_lost: 0.107, li_recovered:  7.604, time: 0.01409167299971159
L: 0.50, u_super: 0.00716, sec: 409.675, prod: 0.159847, t_ads: 27.4, t_des: 26.6, bed_util_ads: 0.491, bed_util_des: 0.490, des_th: 0.49036506388345075,frac_lost: 0.109, li_recovered:  8.627, time: 0.014370922001035069
L: 0.50, u_super: 0.00252, sec: 135.279, prod: 0.056204, t_ads: 76.5, t_des: 70.6, bed_util_ads: 0.492, bed_util_des: 0.492, des_th: 0.49191814971271464,frac_lost: 0.103, li_recovered:  8.266, time: 0.01762083299945516
L: 0.50, u_super: 0.00455, sec: 248.828, prod: 0.102426, t_ads: 42.7, t_des: 38.6, bed_util_ads: 0.498, bed_util_des: 0.498, des_th: 0.49804174884436864,frac_lost: 0.104, li_recovered:  8.333, time: 0.009662070000558742
L: 0.50, u_super: 0.00349, sec: 189.773, prod: 0.078074, t_ads: 55.7, t_des: 49.2, bed_util_ads: 0.499, bed_util_des: 0.499, des_th: 0.49867707281757284,frac_lost: 0.107, li_recovered:  8.193, time: 0.011952947999816388
L: 0.50, u_super: 0.00562, sec: 333.871, prod: 0.118324, t_ads: 34.5, t_des: 38.7, bed_util_ads: 0.471, bed_util_des: 0.470, des_th: 0.4699804077412499,frac_lost: 0.100, li_recovered:  8.664, time: 0.020776590001332806
L: 0.50, u_super: 0.00300, sec: 162.319, prod: 0.067134, t_ads: 64.2, t_des: 57.0, bed_util_ads: 0.497, bed_util_des: 0.497, des_th: 0.4971433852318078,frac_lost: 0.102, li_recovered:  8.134, time: 0.01926651500070875
L: 0.50, u_super: 0.00745, sec: 422.234, prod: 0.168402, t_ads: 26.3, t_des: 23.8, bed_util_ads: 0.499, bed_util_des: 0.498, des_th: 0.49837988789974136,frac_lost: 0.108, li_recovered:  8.436, time: 0.015022725001472281
L: 0.50, u_super: 0.00775, sec: 439.220, prod: 0.175852, t_ads: 25.0, t_des: 22.9, bed_util_ads: 0.499, bed_util_des: 0.498, des_th: 0.49842152040776455,frac_lost: 0.101, li_recovered:  8.433, time: 0.02285241600111476
L: 0.50, u_super: 0.00913, sec: 529.831, prod: 0.206072, t_ads: 21.4, t_des: 20.3, bed_util_ads: 0.493, bed_util_des: 0.493, des_th: 0.49285275305727805,frac_lost: 0.104, li_recovered:  8.591, time: 0.015802596000867197
L: 0.50, u_super: 0.00490, sec: 269.153, prod: 0.110657, t_ads: 39.6, t_des: 36.3, bed_util_ads: 0.496, bed_util_des: 0.496, des_th: 0.4961503140794712,frac_lost: 0.103, li_recovered:  8.395, time: 0.013736821001657518
L: 0.50, u_super: 0.00055 — INFEASIBLE (li_recovered=0.000e+00), time: 0.01035174999924493
L: 0.50, u_super: 0.00266, sec: 147.719, prod: 0.057742, t_ads: 72.3, t_des: 75.2, bed_util_ads: 0.477, bed_util_des: 0.477, des_th: 0.47662430400315914,frac_lost: 0.102, li_recovered:  8.521, time: 0.01607414200043422
L: 0.50, u_super: 0.00551, sec: 388.529, prod: 0.097679, t_ads: 35.5, t_des: 53.5, bed_util_ads: 0.434, bed_util_des: 0.433, des_th: 0.43311228341054925,frac_lost: 0.108, li_recovered:  8.692, time: 0.01812547800000175
L: 0.50, u_super: 0.00414, sec: 226.476, prod: 0.092741, t_ads: 47.0, t_des: 44.5, bed_util_ads: 0.492, bed_util_des: 0.491, des_th: 0.4912006249081318,frac_lost: 0.106, li_recovered:  8.486, time: 0.02153507000002719
L: 0.50, u_super: 0.00815, sec: 465.557, prod: 0.184583, t_ads: 23.9, t_des: 21.5, bed_util_ads: 0.500, bed_util_des: 0.500, des_th: 0.49987170010030685,frac_lost: 0.105, li_recovered:  8.384, time: 0.019471356999929412
L: 15.26, u_super: 0.00307 — INFEASIBLE (li_recovered=0.000e+00), time: 0.005140444000062416
L: 0.50, u_super: 0.00144, sec: 79.375, prod: 0.030980, t_ads: 132.5, t_des: 111.9, bed_util_ads: 0.498, bed_util_des: 0.497, des_th: 0.4974583654256029,frac_lost: 0.107, li_recovered:  7.571, time: 0.02499400700071419
L: 0.50, u_super: 0.00742, sec: 420.043, prod: 0.167681, t_ads: 26.4, t_des: 24.0, bed_util_ads: 0.498, bed_util_des: 0.498, des_th: 0.49816510308876,frac_lost: 0.107, li_recovered:  8.444, time: 0.024082721000013407
L: 0.50, u_super: 0.00920, sec: 532.105, prod: 0.208214, t_ads: 21.3, t_des: 19.5, bed_util_ads: 0.498, bed_util_des: 0.498, des_th: 0.49819553114598014,frac_lost: 0.107, li_recovered:  8.488, time: 0.018981646999236546
L: 0.50, u_super: 0.00341, sec: 187.489, prod: 0.075079, t_ads: 57.1, t_des: 56.7, bed_util_ads: 0.485, bed_util_des: 0.484, des_th: 0.4841351235582866,frac_lost: 0.107, li_recovered:  8.545, time: 0.018181027000537142
L: 0.50, u_super: 0.00568, sec: 323.341, prod: 0.124626, t_ads: 34.2, t_des: 35.1, bed_util_ads: 0.482, bed_util_des: 0.482, des_th: 0.48152993780723957,frac_lost: 0.103, li_recovered:  8.642, time: 0.027632859999357606
L: 0.50, u_super: 0.00737, sec: 417.121, prod: 0.166579, t_ads: 26.5, t_des: 23.8, bed_util_ads: 0.500, bed_util_des: 0.500, des_th: 0.4999629593123093,frac_lost: 0.107, li_recovered:  8.383, time: 0.02914205999877595
L: 0.50, u_super: 0.00883, sec: 523.897, prod: 0.194127, t_ads: 22.1, t_des: 22.7, bed_util_ads: 0.484, bed_util_des: 0.484, des_th: 0.48356620903446074,frac_lost: 0.104, li_recovered:  8.687, time: 0.020684639999672072
L: 0.50, u_super: 0.00299, sec: 161.224, prod: 0.067066, t_ads: 64.4, t_des: 58.8, bed_util_ads: 0.495, bed_util_des: 0.495, des_th: 0.4950032430049542,frac_lost: 0.102, li_recovered:  8.265, time: 0.0233362480012147
L: 0.50, u_super: 0.00614, sec: 341.822, prod: 0.138751, t_ads: 31.6, t_des: 28.3, bed_util_ads: 0.500, bed_util_des: 0.500, des_th: 0.4998005886906959,frac_lost: 0.102, li_recovered:  8.321, time: 0.015678760999435326
L: 0.50, u_super: 0.00950, sec: 555.430, prod: 0.213653, t_ads: 20.6, t_des: 19.8, bed_util_ads: 0.492, bed_util_des: 0.491, des_th: 0.49142260293939644,frac_lost: 0.105, li_recovered:  8.620, time: 0.015584994000164443
L: 0.50, u_super: 0.00990, sec: 576.015, prod: 0.224810, t_ads: 19.7, t_des: 17.9, bed_util_ads: 0.500, bed_util_des: 0.499, des_th: 0.49941800771673645,frac_lost: 0.102, li_recovered:  8.443, time: 0.015542023000307381
L: 0.50, u_super: 0.00111, sec: 479.627, prod: 0.003007, t_ads: 178.0, t_des: 2756.7, bed_util_ads: 0.185, bed_util_des: 0.162, des_th: 0.16219394587089928,frac_lost: 0.101, li_recovered:  8.824, time: 0.1007958360005432
L: 0.50, u_super: 0.00368, sec: 200.629, prod: 0.082427, t_ads: 52.8, t_des: 46.6, bed_util_ads: 0.499, bed_util_des: 0.499, des_th: 0.4991251739182497,frac_lost: 0.107, li_recovered:  8.197, time: 0.011227013001189334
L: 0.50, u_super: 0.00088, sec: 49.757, prod: 0.018283, t_ads: 211.4, t_des: 178.3, bed_util_ads: 0.490, bed_util_des: 0.490, des_th: 0.48967948976728753,frac_lost: 0.102, li_recovered:  7.124, time: 0.009792584000024362
L: 0.50, u_super: 0.00990, sec: 576.751, prod: 0.224523, t_ads: 19.7, t_des: 17.9, bed_util_ads: 0.500, bed_util_des: 0.500, des_th: 0.4997690725966739,frac_lost: 0.105, li_recovered:  8.458, time: 0.012090856998838717
   899 |    35960 |     40 |  0.0020475190 |             f
L: 0.50, u_super: 0.00153, sec: 82.937, prod: 0.033334, t_ads: 125.1, t_des: 123.2, bed_util_ads: 0.480, bed_util_des: 0.479, des_th: 0.4787207480704448,frac_lost: 0.104, li_recovered:  8.276, time: 0.011652473998765345
L: 15.81, u_super: 0.00010 — INFEASIBLE (li_recovered=0.000e+00), time: 0.0013333340011740802
L: 8.72, u_super: 0.00239 — INFEASIBLE (li_recovered=0.000e+00), time: 0.0039928919995873
L: 0.50, u_super: 0.00570, sec: 315.948, prod: 0.128885, t_ads: 34.0, t_des: 30.5, bed_util_ads: 0.499, bed_util_des: 0.499, des_th: 0.4988061654523397,frac_lost: 0.102, li_recovered:  8.314, time: 0.014022698000189848
L: 0.50, u_super: 0.00797, sec: 473.214, prod: 0.172844, t_ads: 24.6, t_des: 25.7, bed_util_ads: 0.481, bed_util_des: 0.480, des_th: 0.4803597149160456,frac_lost: 0.107, li_recovered:  8.693, time: 0.017619788999581942
L: 0.50, u_super: 0.00384, sec: 208.619, prod: 0.086104, t_ads: 50.7, t_des: 46.4, bed_util_ads: 0.496, bed_util_des: 0.495, des_th: 0.4952077562511891,frac_lost: 0.107, li_recovered:  8.366, time: 0.012391342999762855
L: 0.50, u_super: 0.00948, sec: 549.741, prod: 0.214892, t_ads: 20.6, t_des: 18.7, bed_util_ads: 0.500, bed_util_des: 0.499, des_th: 0.49943897905678797,frac_lost: 0.105, li_recovered:  8.451, time: 0.011412895999455941
L: 0.50, u_super: 0.00708, sec: 399.810, prod: 0.159689, t_ads: 27.7, t_des: 25.6, bed_util_ads: 0.495, bed_util_des: 0.495, des_th: 0.49508965638676633,frac_lost: 0.108, li_recovered:  8.512, time: 0.012592617000336759
L: 0.50, u_super: 0.00661, sec: 370.409, prod: 0.149278, t_ads: 29.3, t_des: 27.8, bed_util_ads: 0.493, bed_util_des: 0.493, des_th: 0.4932453459634663,frac_lost: 0.100, li_recovered:  8.534, time: 0.013971495000077994
L: 0.50, u_super: 0.00625, sec: 349.079, prod: 0.140844, t_ads: 31.3, t_des: 28.1, bed_util_ads: 0.500, bed_util_des: 0.499, des_th: 0.49941964234295605,frac_lost: 0.108, li_recovered:  8.371, time: 0.01713847400060331
L: 0.50, u_super: 0.00551, sec: 304.786, prod: 0.124518, t_ads: 35.2, t_des: 31.5, bed_util_ads: 0.500, bed_util_des: 0.500, des_th: 0.4999523276632145,frac_lost: 0.102, li_recovered:  8.301, time: 0.011331284000334563
L: 0.50, u_super: 0.00239, sec: 129.217, prod: 0.052976, t_ads: 80.8, t_des: 71.0, bed_util_ads: 0.498, bed_util_des: 0.498, des_th: 0.4980821722966914,frac_lost: 0.106, li_recovered:  8.039, time: 0.011509984999065637
L: 0.50, u_super: 0.00431, sec: 258.968, prod: 0.088041, t_ads: 45.0, t_des: 53.1, bed_util_ads: 0.465, bed_util_des: 0.464, des_th: 0.46372245346301944,frac_lost: 0.102, li_recovered:  8.640, time: 0.017157242000394035
L: 20.85, u_super: 0.00146 — INFEASIBLE (li_recovered=0.000e+00), time: 0.0016063429993664613
L: 0.50, u_super: 0.00404, sec: 220.441, prod: 0.090715, t_ads: 48.2, t_des: 43.0, bed_util_ads: 0.499, bed_util_des: 0.499, des_th: 0.49903521503022114,frac_lost: 0.107, li_recovered:  8.273, time: 0.014472754000962595
L: 11.48, u_super: 0.00775 — INFEASIBLE (li_recovered=0.000e+00), time: 0.00634700599948701
L: 0.50, u_super: 0.00133, sec: 73.554, prod: 0.028338, t_ads: 142.5, t_des: 119.6, bed_util_ads: 0.498, bed_util_des: 0.497, des_th: 0.4974855454168755,frac_lost: 0.102, li_recovered:  7.426, time: 0.02011884000057762
L: 11.61, u_super: 0.00130 — INFEASIBLE (li_recovered=0.000e+00), time: 0.0031364749993372243
L: 0.50, u_super: 0.00190, sec: 103.681, prod: 0.041567, t_ads: 100.3, t_des: 85.7, bed_util_ads: 0.500, bed_util_des: 0.499, des_th: 0.49944038341082925,frac_lost: 0.101, li_recovered:  7.734, time: 0.015390790000310517
L: 0.50, u_super: 0.00605, sec: 336.618, prod: 0.136874, t_ads: 32.1, t_des: 28.8, bed_util_ads: 0.500, bed_util_des: 0.500, des_th: 0.4999360370948331,frac_lost: 0.102, li_recovered:  8.323, time: 0.014133821001450997
L: 0.50, u_super: 0.00778, sec: 441.194, prod: 0.176260, t_ads: 24.9, t_des: 22.3, bed_util_ads: 0.500, bed_util_des: 0.500, des_th: 0.4998282580165492,frac_lost: 0.100, li_recovered:  8.324, time: 0.014428714999667136
L: 0.50, u_super: 0.00257, sec: 138.088, prod: 0.057162, t_ads: 75.2, t_des: 67.6, bed_util_ads: 0.495, bed_util_des: 0.495, des_th: 0.495142918936818,frac_lost: 0.104, li_recovered:  8.164, time: 0.015263412999047432
L: 0.50, u_super: 0.00990, sec: 576.800, prod: 0.224504, t_ads: 19.7, t_des: 17.9, bed_util_ads: 0.499, bed_util_des: 0.498, des_th: 0.4984826411983522,frac_lost: 0.105, li_recovered:  8.451, time: 0.013850272998752189
L: 0.50, u_super: 0.00479, sec: 262.680, prod: 0.108070, t_ads: 40.5, t_des: 37.1, bed_util_ads: 0.496, bed_util_des: 0.496, des_th: 0.4961503140794712,frac_lost: 0.103, li_recovered:  8.387, time: 0.013314169000295806
L: 0.50, u_super: 0.00578, sec: 324.334, prod: 0.129217, t_ads: 33.8, t_des: 32.6, bed_util_ads: 0.490, bed_util_des: 0.490, des_th: 0.49011245132513015,frac_lost: 0.108, li_recovered:  8.587, time: 0.015754035999634652
L: 55.17, u_super: 0.00963 — INFEASIBLE (li_recovered=0.000e+00), time: 0.003010237000125926
L: 0.50, u_super: 0.00797, sec: 454.414, prod: 0.179995, t_ads: 24.6, t_des: 22.0, bed_util_ads: 0.500, bed_util_des: 0.500, des_th: 0.4999765766801195,frac_lost: 0.108, li_recovered:  8.388, time: 0.019650481999633485
L: 1.26, u_super: 0.00920, sec: 1361.305, prod: 0.205570, t_ads: 53.6, t_des: 47.2, bed_util_ads: 0.500, bed_util_des: 0.500, des_th: 0.49985506085528086,frac_lost: 0.109, li_recovered:  20.712, time: 0.014951494000342791
L: 0.50, u_super: 0.00272, sec: 146.316, prod: 0.060684, t_ads: 70.9, t_des: 63.8, bed_util_ads: 0.496, bed_util_des: 0.495, des_th: 0.4951968990395655,frac_lost: 0.102, li_recovered:  8.174, time: 0.013444129999697907
L: 43.06, u_super: 0.00005 — INFEASIBLE (li_recovered=0.000e+00), time: 0.003069344998948509
L: 0.50, u_super: 0.00009, sec: 7.636, prod: 0.001193, t_ads: 2017.6, t_des: 3826.2, bed_util_ads: 0.279, bed_util_des: 0.219, des_th: 0.21931791660170089,frac_lost: 0.102, li_recovered:  6.973, time: 0.014260698999351007
L: 0.50, u_super: 0.00190, sec: 103.735, prod: 0.041546, t_ads: 100.3, t_des: 85.7, bed_util_ads: 0.499, bed_util_des: 0.498, des_th: 0.4984108615325055,frac_lost: 0.101, li_recovered:  7.726, time: 0.01497255399954156
L: 0.50, u_super: 0.00927, sec: 541.258, prod: 0.208272, t_ads: 21.1, t_des: 20.3, bed_util_ads: 0.492, bed_util_des: 0.492, des_th: 0.49221256154180043,frac_lost: 0.106, li_recovered:  8.625, time: 0.01689977099886164
L: 1.61, u_super: 0.00333, sec: 623.685, prod: 0.069184, t_ads: 182.2, t_des: 150.0, bed_util_ads: 0.495, bed_util_des: 0.495, des_th: 0.49540192216499024,frac_lost: 0.105, li_recovered:  22.980, time: 0.013437958999929833
L: 0.50, u_super: 0.00661, sec: 369.606, prod: 0.149602, t_ads: 29.4, t_des: 26.9, bed_util_ads: 0.498, bed_util_des: 0.498, des_th: 0.49811191860415727,frac_lost: 0.102, li_recovered:  8.417, time: 0.014554323000993463
L: 0.50, u_super: 0.00537, sec: 296.041, prod: 0.121319, t_ads: 36.1, t_des: 33.2, bed_util_ads: 0.496, bed_util_des: 0.496, des_th: 0.4961503140794712,frac_lost: 0.102, li_recovered:  8.407, time: 0.016095303999463795
L: 0.50, u_super: 0.00084, sec: 47.121, prod: 0.017625, t_ads: 220.5, t_des: 191.7, bed_util_ads: 0.486, bed_util_des: 0.485, des_th: 0.48504973022267517,frac_lost: 0.101, li_recovered:  7.264, time: 0.014818560001003789
L: 0.50, u_super: 0.00990, sec: 576.522, prod: 0.224613, t_ads: 19.7, t_des: 17.9, bed_util_ads: 0.500, bed_util_des: 0.499, des_th: 0.49942389285281874,frac_lost: 0.104, li_recovered:  8.456, time: 0.01608170899999095
L: 0.50, u_super: 0.00112, sec: 60.647, prod: 0.024137, t_ads: 169.7, t_des: 154.7, bed_util_ads: 0.486, bed_util_des: 0.485, des_th: 0.4849401204751985,frac_lost: 0.105, li_recovered:  7.831, time: 0.010594687999400776
L: 0.50, u_super: 0.00010, sec: 10.942, prod: 0.001167, t_ads: 1824.3, t_des: 5045.2, bed_util_ads: 0.258, bed_util_des: 0.185, des_th: 0.1851696623157332,frac_lost: 0.100, li_recovered:  8.016, time: 0.023677598999711336
   900 |    36000 |     40 |  0.0049891148 |             f
L: 0.50, u_super: 0.00190, sec: 110.570, prod: 0.038978, t_ads: 101.3, t_des: 116.1, bed_util_ads: 0.463, bed_util_des: 0.461, des_th: 0.46077369038376015,frac_lost: 0.105, li_recovered:  8.471, time: 0.01340633799918578
L: 0.50, u_super: 0.00230, sec: 123.775, prod: 0.050941, t_ads: 84.0, t_des: 74.6, bed_util_ads: 0.497, bed_util_des: 0.496, des_th: 0.4962876607293441,frac_lost: 0.105, li_recovered:  8.081, time: 0.017647938000664
L: 1.27, u_super: 0.00892, sec: 1315.743, prod: 0.199784, t_ads: 55.2, t_des: 49.3, bed_util_ads: 0.498, bed_util_des: 0.498, des_th: 0.4981396387008089,frac_lost: 0.107, li_recovered:  20.860, time: 0.01214985600017826
L: 13.16, u_super: 0.00333 — INFEASIBLE (li_recovered=0.000e+00), time: 0.0029666240006918088
L: 0.50, u_super: 0.00396, sec: 252.459, prod: 0.075946, t_ads: 48.9, t_des: 64.8, bed_util_ads: 0.449, bed_util_des: 0.448, des_th: 0.44764114791331255,frac_lost: 0.101, li_recovered:  8.636, time: 0.017753367999830516
L: 0.50, u_super: 0.00016 — INFEASIBLE (li_recovered=0.000e+00), time: 0.005198619999646326
L: 0.50, u_super: 0.00350, sec: 209.415, prod: 0.071281, t_ads: 55.3, t_des: 65.5, bed_util_ads: 0.462, bed_util_des: 0.461, des_th: 0.46094317292887926,frac_lost: 0.103, li_recovered:  8.610, time: 0.019133515999783413
L: 0.50, u_super: 0.00948, sec: 549.642, prod: 0.214931, t_ads: 20.6, t_des: 18.7, bed_util_ads: 0.500, bed_util_des: 0.500, des_th: 0.4995801539677868,frac_lost: 0.105, li_recovered:  8.446, time: 0.015068269000039436
L: 55.15, u_super: 0.00470 — INFEASIBLE (li_recovered=0.000e+00), time: 0.0027525989989953814
L: 0.50, u_super: 0.00631, sec: 351.998, prod: 0.142587, t_ads: 30.9, t_des: 27.8, bed_util_ads: 0.499, bed_util_des: 0.499, des_th: 0.498862076738547,frac_lost: 0.104, li_recovered:  8.367, time: 0.014505679000649252
L: 0.50, u_super: 0.00775, sec: 440.803, prod: 0.175247, t_ads: 25.3, t_des: 22.7, bed_util_ads: 0.500, bed_util_des: 0.500, des_th: 0.49990766452859425,frac_lost: 0.107, li_recovered:  8.400, time: 0.01925605200085556
L: 0.50, u_super: 0.00623, sec: 346.842, prod: 0.140908, t_ads: 31.2, t_des: 28.2, bed_util_ads: 0.499, bed_util_des: 0.499, des_th: 0.49887080633803577,frac_lost: 0.102, li_recovered:  8.360, time: 0.019339155998750357
L: 0.50, u_super: 0.00391, sec: 212.774, prod: 0.087761, t_ads: 49.7, t_des: 44.4, bed_util_ads: 0.499, bed_util_des: 0.499, des_th: 0.49905083931531224,frac_lost: 0.105, li_recovered:  8.256, time: 0.01252843899965228
L: 0.50, u_super: 0.00521, sec: 287.382, prod: 0.117653, t_ads: 37.2, t_des: 33.3, bed_util_ads: 0.500, bed_util_des: 0.500, des_th: 0.49987760615246785,frac_lost: 0.102, li_recovered:  8.290, time: 0.013582338999185595
L: 16.91, u_super: 0.00018 — INFEASIBLE (li_recovered=0.000e+00), time: 0.0026743790003820322
L: 38.83, u_super: 0.00754 — INFEASIBLE (li_recovered=0.000e+00), time: 0.0028592579983524047
L: 0.50, u_super: 0.00432, sec: 236.109, prod: 0.097325, t_ads: 45.0, t_des: 41.2, bed_util_ads: 0.496, bed_util_des: 0.495, des_th: 0.49529613022510255,frac_lost: 0.105, li_recovered:  8.382, time: 0.018186647999755223
L: 7.94, u_super: 0.00661 — INFEASIBLE (li_recovered=0.000e+00), time: 0.009437955000976217
L: 24.15, u_super: 0.00673 — INFEASIBLE (li_recovered=0.000e+00), time: 0.0032086279989016475
L: 0.50, u_super: 0.00747, sec: 422.435, prod: 0.169290, t_ads: 26.0, t_des: 23.2, bed_util_ads: 0.500, bed_util_des: 0.500, des_th: 0.49990766452859425,frac_lost: 0.100, li_recovered:  8.321, time: 0.014133876000414602
L: 0.50, u_super: 0.00037 — INFEASIBLE (li_recovered=0.000e+00), time: 0.004281568999431329
L: 0.50, u_super: 0.00287, sec: 1295.399, prod: 0.007640, t_ads: 68.6, t_des: 1082.2, bed_util_ads: 0.189, bed_util_des: 0.180, des_th: 0.18029363040352947,frac_lost: 0.105, li_recovered:  8.792, time: 0.07605679600055737
L: 0.50, u_super: 0.00523, sec: 288.514, prod: 0.118067, t_ads: 37.1, t_des: 33.2, bed_util_ads: 0.499, bed_util_des: 0.499, des_th: 0.49874451298943373,frac_lost: 0.103, li_recovered:  8.301, time: 0.012096562000806443
L: 0.50, u_super: 0.00375, sec: 223.691, prod: 0.076647, t_ads: 51.9, t_des: 60.6, bed_util_ads: 0.465, bed_util_des: 0.464, des_th: 0.4639284429562348,frac_lost: 0.105, li_recovered:  8.623, time: 0.012795222999557154
L: 38.67, u_super: 0.00863 — INFEASIBLE (li_recovered=0.000e+00), time: 0.0031848730013734894
L: 0.50, u_super: 0.00212, sec: 114.666, prod: 0.046917, t_ads: 90.8, t_des: 80.0, bed_util_ads: 0.497, bed_util_des: 0.497, des_th: 0.4970564746797581,frac_lost: 0.106, li_recovered:  8.014, time: 0.01075864099948376
L: 0.50, u_super: 0.00920, sec: 532.105, prod: 0.208214, t_ads: 21.3, t_des: 19.5, bed_util_ads: 0.498, bed_util_des: 0.498, des_th: 0.49819553114598014,frac_lost: 0.107, li_recovered:  8.488, time: 0.012924701999509125
L: 0.50, u_super: 0.00642, sec: 358.264, prod: 0.145165, t_ads: 30.2, t_des: 27.0, bed_util_ads: 0.500, bed_util_des: 0.499, des_th: 0.49941964234295605,frac_lost: 0.101, li_recovered:  8.310, time: 0.013498962000085157
L: 0.50, u_super: 0.00325, sec: 176.128, prod: 0.072616, t_ads: 59.3, t_des: 52.1, bed_util_ads: 0.500, bed_util_des: 0.500, des_th: 0.4998211269716607,frac_lost: 0.101, li_recovered:  8.093, time: 0.014455034001002787
L: 0.50, u_super: 0.00661, sec: 369.577, prod: 0.149614, t_ads: 29.4, t_des: 26.6, bed_util_ads: 0.498, bed_util_des: 0.498, des_th: 0.4981178047096264,frac_lost: 0.101, li_recovered:  8.369, time: 0.01322450400039088
L: 0.50, u_super: 0.00872, sec: 512.521, prod: 0.193258, t_ads: 22.4, t_des: 22.5, bed_util_ads: 0.486, bed_util_des: 0.486, des_th: 0.48594447368126753,frac_lost: 0.105, li_recovered:  8.673, time: 0.014015423999808263
L: 0.50, u_super: 0.00417, sec: 227.121, prod: 0.093756, t_ads: 46.6, t_des: 42.6, bed_util_ads: 0.497, bed_util_des: 0.496, des_th: 0.4963711926809185,frac_lost: 0.105, li_recovered:  8.367, time: 0.017088845999751356
L: 0.50, u_super: 0.00960, sec: 557.258, prod: 0.217727, t_ads: 20.3, t_des: 18.4, bed_util_ads: 0.500, bed_util_des: 0.500, des_th: 0.49951986897772027,frac_lost: 0.104, li_recovered:  8.441, time: 0.008826579000015045
L: 67.84, u_super: 0.00349 — INFEASIBLE (li_recovered=0.000e+00), time: 0.0013828030005242908
L: 0.50, u_super: 0.00802, sec: 457.431, prod: 0.181343, t_ads: 24.4, t_des: 21.9, bed_util_ads: 0.500, bed_util_des: 0.500, des_th: 0.49991243176755096,frac_lost: 0.107, li_recovered:  8.390, time: 0.009880126001007739
L: 0.50, u_super: 0.00661, sec: 388.854, prod: 0.142197, t_ads: 29.7, t_des: 31.4, bed_util_ads: 0.479, bed_util_des: 0.478, des_th: 0.4782308013348966,frac_lost: 0.108, li_recovered:  8.682, time: 0.010637969000526937
L: 0.50, u_super: 0.00005, sec: 4.339, prod: 0.000667, t_ads: 3364.3, t_des: 5553.8, bed_util_ads: 0.254, bed_util_des: 0.191, des_th: 0.19085385344248046,frac_lost: 0.103, li_recovered:  5.951, time: 0.009619100001145853
L: 11.20, u_super: 0.00490 — INFEASIBLE (li_recovered=0.000e+00), time: 0.002321291000043857
L: 0.50, u_super: 0.00970, sec: 563.396, prod: 0.219864, t_ads: 20.1, t_des: 18.2, bed_util_ads: 0.500, bed_util_des: 0.499, des_th: 0.49941800771673645,frac_lost: 0.105, li_recovered:  8.438, time: 0.007511036999858334
L: 0.50, u_super: 0.00252, sec: 135.730, prod: 0.056032, t_ads: 76.9, t_des: 68.9, bed_util_ads: 0.495, bed_util_des: 0.495, des_th: 0.4949440272457086,frac_lost: 0.107, li_recovered:  8.168, time: 0.00917338299950643
   901 |    36040 |     40 |  0.0029284149 |             f
L: 0.50, u_super: 0.00267, sec: 146.530, prod: 0.058520, t_ads: 72.2, t_des: 73.1, bed_util_ads: 0.481, bed_util_des: 0.480, des_th: 0.4798010602643209,frac_lost: 0.102, li_recovered:  8.500, time: 0.011938957000893424
L: 18.10, u_super: 0.00892 — INFEASIBLE (li_recovered=0.000e+00), time: 0.004581590999805485
L: 25.96, u_super: 0.00421 — INFEASIBLE (li_recovered=0.000e+00), time: 0.0034494030005589593
L: 0.50, u_super: 0.00325, sec: 175.081, prod: 0.072902, t_ads: 59.4, t_des: 54.2, bed_util_ads: 0.495, bed_util_des: 0.495, des_th: 0.49497891898333163,frac_lost: 0.100, li_recovered:  8.276, time: 0.009538755999528803
L: 0.50, u_super: 0.00076, sec: 44.506, prod: 0.015175, t_ads: 247.5, t_des: 281.9, bed_util_ads: 0.451, bed_util_des: 0.446, des_th: 0.44667993781518467,frac_lost: 0.106, li_recovered:  8.034, time: 0.032019975000366685
L: 0.50, u_super: 0.00475, sec: 260.803, prod: 0.106855, t_ads: 41.0, t_des: 36.5, bed_util_ads: 0.500, bed_util_des: 0.500, des_th: 0.4996437213739863,frac_lost: 0.105, li_recovered:  8.277, time: 0.015253389999998035
L: 0.50, u_super: 0.00252, sec: 135.730, prod: 0.056032, t_ads: 76.9, t_des: 68.9, bed_util_ads: 0.495, bed_util_des: 0.495, des_th: 0.4949440272457086,frac_lost: 0.107, li_recovered:  8.168, time: 0.015528837999227108
L: 0.50, u_super: 0.00190, sec: 811.247, prod: 0.005313, t_ads: 103.4, t_des: 1552.9, bed_util_ads: 0.191, bed_util_des: 0.178, des_th: 0.17755286474946602,frac_lost: 0.104, li_recovered:  8.799, time: 0.11222594399987429
L: 0.50, u_super: 0.00720, sec: 411.611, prod: 0.160941, t_ads: 27.2, t_des: 26.4, bed_util_ads: 0.491, bed_util_des: 0.490, des_th: 0.49045661366264204,frac_lost: 0.108, li_recovered:  8.621, time: 0.018416902999888407
L: 0.50, u_super: 0.00969, sec: 562.719, prod: 0.219801, t_ads: 20.1, t_des: 18.1, bed_util_ads: 0.500, bed_util_des: 0.499, des_th: 0.49941800771673645,frac_lost: 0.103, li_recovered:  8.403, time: 0.019065043001319282
L: 0.50, u_super: 0.00292, sec: 157.627, prod: 0.065250, t_ads: 65.9, t_des: 58.7, bed_util_ads: 0.498, bed_util_des: 0.497, des_th: 0.4975140725254491,frac_lost: 0.101, li_recovered:  8.131, time: 0.01611861899982614
L: 0.50, u_super: 0.00005 — INFEASIBLE (li_recovered=0.000e+00), time: 0.002307959999598097
L: 0.50, u_super: 0.00572, sec: 317.962, prod: 0.128629, t_ads: 33.9, t_des: 32.6, bed_util_ads: 0.490, bed_util_des: 0.490, des_th: 0.49011245132513015,frac_lost: 0.100, li_recovered:  8.549, time: 0.015417617998537025
L: 0.50, u_super: 0.00866, sec: 497.498, prod: 0.196078, t_ads: 22.6, t_des: 20.5, bed_util_ads: 0.498, bed_util_des: 0.498, des_th: 0.4981605209313605,frac_lost: 0.106, li_recovered:  8.451, time: 0.018504714000300737
L: 0.50, u_super: 0.00716, sec: 409.675, prod: 0.159847, t_ads: 27.4, t_des: 26.6, bed_util_ads: 0.491, bed_util_des: 0.490, des_th: 0.49036506388345075,frac_lost: 0.109, li_recovered:  8.627, time: 0.01472957599980873
L: 0.50, u_super: 0.00133, sec: 73.525, prod: 0.028350, t_ads: 142.5, t_des: 119.7, bed_util_ads: 0.498, bed_util_des: 0.498, des_th: 0.4976693251034087,frac_lost: 0.103, li_recovered:  7.434, time: 0.013821176000419655
L: 0.50, u_super: 0.00152, sec: 83.426, prod: 0.032869, t_ads: 124.6, t_des: 106.0, bed_util_ads: 0.498, bed_util_des: 0.497, des_th: 0.4974583654256029,frac_lost: 0.100, li_recovered:  7.578, time: 0.01618429100017238
L: 0.50, u_super: 0.00990, sec: 576.642, prod: 0.224565, t_ads: 19.7, t_des: 17.9, bed_util_ads: 0.500, bed_util_des: 0.499, des_th: 0.49943127566150675,frac_lost: 0.104, li_recovered:  8.449, time: 0.013600240999949165
L: 0.50, u_super: 0.00719, sec: 406.275, prod: 0.162304, t_ads: 27.2, t_des: 25.2, bed_util_ads: 0.497, bed_util_des: 0.496, des_th: 0.49642082405004756,frac_lost: 0.107, li_recovered:  8.509, time: 0.013903673001550487
L: 0.50, u_super: 0.00866, sec: 497.443, prod: 0.196100, t_ads: 22.6, t_des: 20.5, bed_util_ads: 0.500, bed_util_des: 0.499, des_th: 0.49947039265336135,frac_lost: 0.106, li_recovered:  8.448, time: 0.011747697000828339
L: 0.50, u_super: 0.00751, sec: 426.307, prod: 0.169636, t_ads: 26.1, t_des: 23.9, bed_util_ads: 0.499, bed_util_des: 0.498, des_th: 0.49842152040776455,frac_lost: 0.109, li_recovered:  8.480, time: 0.012064378999639302
L: 36.36, u_super: 0.00617 — INFEASIBLE (li_recovered=0.000e+00), time: 0.002666082000359893
L: 0.50, u_super: 0.00451, sec: 247.033, prod: 0.101572, t_ads: 43.1, t_des: 39.8, bed_util_ads: 0.495, bed_util_des: 0.494, des_th: 0.49436227133083505,frac_lost: 0.105, li_recovered:  8.425, time: 0.010175663999689277
L: 14.87, u_super: 0.00325 — INFEASIBLE (li_recovered=0.000e+00), time: 0.002395531000729534
L: 0.50, u_super: 0.00005 — INFEASIBLE (li_recovered=0.000e+00), time: 0.001690661998509313
L: 12.73, u_super: 0.00129 — INFEASIBLE (li_recovered=0.000e+00), time: 0.0023312590001296485
L: 0.50, u_super: 0.00332, sec: 180.604, prod: 0.074173, t_ads: 58.6, t_des: 51.5, bed_util_ads: 0.499, bed_util_des: 0.499, des_th: 0.49903521503022114,frac_lost: 0.108, li_recovered:  8.167, time: 0.012958592000359204
L: 0.50, u_super: 0.00745, sec: 420.971, prod: 0.168746, t_ads: 26.1, t_des: 23.3, bed_util_ads: 0.500, bed_util_des: 0.500, des_th: 0.49991243176755096,frac_lost: 0.101, li_recovered:  8.327, time: 0.009789626999918255
L: 0.50, u_super: 0.00618, sec: 3175.645, prod: 0.015131, t_ads: 31.7, t_des: 548.7, bed_util_ads: 0.185, bed_util_des: 0.180, des_th: 0.1804933568908752,frac_lost: 0.103, li_recovered:  8.782, time: 0.1347957210000459
L: 0.50, u_super: 0.00041 — INFEASIBLE (li_recovered=0.000e+00), time: 0.005286057999910554
L: 9.75, u_super: 0.00747 — INFEASIBLE (li_recovered=0.000e+00), time: 0.010632887000610936
L: 0.50, u_super: 0.00490, sec: 269.153, prod: 0.110657, t_ads: 39.6, t_des: 36.3, bed_util_ads: 0.496, bed_util_des: 0.496, des_th: 0.4961503140794712,frac_lost: 0.103, li_recovered:  8.395, time: 0.014106201999311452
L: 31.86, u_super: 0.00451 — INFEASIBLE (li_recovered=0.000e+00), time: 0.0024974440002552
L: 0.50, u_super: 0.00063, sec: 36.282, prod: 0.012636, t_ads: 296.6, t_des: 323.8, bed_util_ads: 0.451, bed_util_des: 0.447, des_th: 0.44667993781518467,frac_lost: 0.106, li_recovered:  7.840, time: 0.01522390600075596
L: 0.50, u_super: 0.00920, sec: 532.105, prod: 0.208214, t_ads: 21.3, t_des: 19.5, bed_util_ads: 0.498, bed_util_des: 0.498, des_th: 0.49819553114598014,frac_lost: 0.107, li_recovered:  8.488, time: 0.012889487999927951
L: 0.50, u_super: 0.00661, sec: 369.567, prod: 0.149618, t_ads: 29.4, t_des: 26.5, bed_util_ads: 0.498, bed_util_des: 0.498, des_th: 0.49812871292762323,frac_lost: 0.101, li_recovered:  8.365, time: 0.015716474001237657
L: 0.50, u_super: 0.00169, sec: 92.536, prod: 0.036507, t_ads: 113.2, t_des: 95.6, bed_util_ads: 0.499, bed_util_des: 0.499, des_th: 0.49903521503022114,frac_lost: 0.103, li_recovered:  7.619, time: 0.014283683000030578
L: 0.50, u_super: 0.00578, sec: 324.334, prod: 0.129217, t_ads: 33.8, t_des: 32.6, bed_util_ads: 0.490, bed_util_des: 0.490, des_th: 0.49011245132513015,frac_lost: 0.108, li_recovered:  8.587, time: 0.014348314000017126
L: 25.30, u_super: 0.00133 — INFEASIBLE (li_recovered=0.000e+00), time: 0.0015844769986870233
L: 0.50, u_super: 0.00815, sec: 465.557, prod: 0.184583, t_ads: 23.9, t_des: 21.5, bed_util_ads: 0.500, bed_util_des: 0.500, des_th: 0.49987170010030685,frac_lost: 0.105, li_recovered:  8.384, time: 0.01926825599912263
   902 |    36080 |     40 |  0.0023427519 |             f
L: 0.50, u_super: 0.00247, sec: 133.255, prod: 0.054939, t_ads: 78.2, t_des: 69.6, bed_util_ads: 0.496, bed_util_des: 0.496, des_th: 0.4961503140794712,frac_lost: 0.106, li_recovered:  8.118, time: 0.017031074001351953
L: 0.50, u_super: 0.00894, sec: 515.102, prod: 0.202565, t_ads: 21.8, t_des: 20.1, bed_util_ads: 0.498, bed_util_des: 0.498, des_th: 0.49814247655191746,frac_lost: 0.105, li_recovered:  8.488, time: 0.0170293169994693
L: 0.50, u_super: 0.00212, sec: 848.262, prod: 0.006310, t_ads: 92.9, t_des: 1300.6, bed_util_ads: 0.197, bed_util_des: 0.185, des_th: 0.1851696623157332,frac_lost: 0.104, li_recovered:  8.793, time: 0.12396791599894641
L: 0.50, u_super: 0.00982, sec: 571.910, prod: 0.222772, t_ads: 19.9, t_des: 18.0, bed_util_ads: 0.500, bed_util_des: 0.499, des_th: 0.49941800771673645,frac_lost: 0.105, li_recovered:  8.448, time: 0.015215018000162672
L: 0.50, u_super: 0.00775, sec: 449.256, prod: 0.171924, t_ads: 25.3, t_des: 25.1, bed_util_ads: 0.487, bed_util_des: 0.487, des_th: 0.4871742442809992,frac_lost: 0.108, li_recovered:  8.658, time: 0.017656863999945926
L: 1.29, u_super: 0.00521, sec: 766.753, prod: 0.114097, t_ads: 94.8, t_des: 81.1, bed_util_ads: 0.500, bed_util_des: 0.500, des_th: 0.49987760615246785,frac_lost: 0.100, li_recovered:  20.072, time: 0.014272898000854184
L: 0.50, u_super: 0.00375, sec: 203.656, prod: 0.084187, t_ads: 51.8, t_des: 47.5, bed_util_ads: 0.495, bed_util_des: 0.495, des_th: 0.49514592635326243,frac_lost: 0.106, li_recovered:  8.363, time: 0.014200870000422583
L: 0.50, u_super: 0.00987, sec: 574.920, prod: 0.223841, t_ads: 19.8, t_des: 18.0, bed_util_ads: 0.500, bed_util_des: 0.499, des_th: 0.49941800771673645,frac_lost: 0.105, li_recovered:  8.464, time: 0.013312256000062916
L: 27.69, u_super: 0.00866 — INFEASIBLE (li_recovered=0.000e+00), time: 0.0032255810001515783
L: 0.50, u_super: 0.00640, sec: 357.507, prod: 0.144790, t_ads: 30.3, t_des: 27.1, bed_util_ads: 0.500, bed_util_des: 0.499, des_th: 0.49941964234295605,frac_lost: 0.101, li_recovered:  8.316, time: 0.010019781000664807
L: 0.50, u_super: 0.00105 — INFEASIBLE (li_recovered=0.000e+00), time: 0.005835302999912528
L: 0.50, u_super: 0.00116, sec: 64.611, prod: 0.024317, t_ads: 163.9, t_des: 135.9, bed_util_ads: 0.498, bed_util_des: 0.498, des_th: 0.4976693251034087,frac_lost: 0.106, li_recovered:  7.290, time: 0.008405475999097689
L: 0.50, u_super: 0.00623, sec: 347.184, prod: 0.140769, t_ads: 31.3, t_des: 28.2, bed_util_ads: 0.499, bed_util_des: 0.499, des_th: 0.4988705800925615,frac_lost: 0.104, li_recovered:  8.377, time: 0.011627388001215877
L: 0.50, u_super: 0.00975, sec: 567.708, prod: 0.221048, t_ads: 20.1, t_des: 18.1, bed_util_ads: 0.500, bed_util_des: 0.500, des_th: 0.49998790048985353,frac_lost: 0.106, li_recovered:  8.444, time: 0.016022071000406868
L: 0.50, u_super: 0.00425, sec: 231.828, prod: 0.095691, t_ads: 45.7, t_des: 41.8, bed_util_ads: 0.497, bed_util_des: 0.496, des_th: 0.49642082405004756,frac_lost: 0.104, li_recovered:  8.370, time: 0.014797398000155226
L: 0.50, u_super: 0.00281, sec: 151.002, prod: 0.062720, t_ads: 68.6, t_des: 61.9, bed_util_ads: 0.495, bed_util_des: 0.495, des_th: 0.49502031750289355,frac_lost: 0.101, li_recovered:  8.186, time: 0.009986761999243754
L: 0.50, u_super: 0.00375, sec: 203.915, prod: 0.084081, t_ads: 52.0, t_des: 47.5, bed_util_ads: 0.495, bed_util_des: 0.495, des_th: 0.49508829411833966,frac_lost: 0.108, li_recovered:  8.368, time: 0.01148725600069156
L: 0.50, u_super: 0.00948, sec: 549.642, prod: 0.214931, t_ads: 20.6, t_des: 18.7, bed_util_ads: 0.500, bed_util_des: 0.500, des_th: 0.4995801539677868,frac_lost: 0.105, li_recovered:  8.446, time: 0.012416240999300499
L: 0.50, u_super: 0.00837, sec: 479.241, prod: 0.189600, t_ads: 23.3, t_des: 21.2, bed_util_ads: 0.499, bed_util_des: 0.498, des_th: 0.49840973725879956,frac_lost: 0.106, li_recovered:  8.452, time: 0.009636606000640313
L: 0.50, u_super: 0.00006 — INFEASIBLE (li_recovered=0.000e+00), time: 0.0032973079996736487
L: 3.44, u_super: 0.00475 — INFEASIBLE (li_recovered=0.000e+00), time: 0.005954334001216921
L: 0.50, u_super: 0.00462, sec: 252.991, prod: 0.104149, t_ads: 42.0, t_des: 38.5, bed_util_ads: 0.496, bed_util_des: 0.496, des_th: 0.4961503140794712,frac_lost: 0.104, li_recovered:  8.386, time: 0.01404118800019205
L: 0.50, u_super: 0.00708, sec: 403.879, prod: 0.158080, t_ads: 27.7, t_des: 26.9, bed_util_ads: 0.490, bed_util_des: 0.489, des_th: 0.4893198573114014,frac_lost: 0.107, li_recovered:  8.622, time: 0.013467435999700683
L: 0.50, u_super: 0.00605, sec: 336.259, prod: 0.137020, t_ads: 32.0, t_des: 29.0, bed_util_ads: 0.499, bed_util_des: 0.499, des_th: 0.498862076738547,frac_lost: 0.101, li_recovered:  8.369, time: 0.012163233001047047
L: 0.50, u_super: 0.00076, sec: 44.506, prod: 0.015175, t_ads: 247.5, t_des: 281.9, bed_util_ads: 0.451, bed_util_des: 0.446, des_th: 0.44667993781518467,frac_lost: 0.106, li_recovered:  8.034, time: 0.01287826999941899
L: 0.50, u_super: 0.00349, sec: 189.844, prod: 0.078045, t_ads: 55.7, t_des: 49.2, bed_util_ads: 0.500, bed_util_des: 0.499, des_th: 0.4994812125517324,frac_lost: 0.108, li_recovered:  8.193, time: 0.009827034000409185
L: 13.71, u_super: 0.00969 — INFEASIBLE (li_recovered=0.000e+00), time: 0.005205225999816321
L: 0.50, u_super: 0.00664, sec: 371.781, prod: 0.150342, t_ads: 29.2, t_des: 26.2, bed_util_ads: 0.500, bed_util_des: 0.500, des_th: 0.49991243176755096,frac_lost: 0.101, li_recovered:  8.328, time: 0.011830825998913497
L: 0.50, u_super: 0.00554, sec: 306.346, prod: 0.125249, t_ads: 35.0, t_des: 31.4, bed_util_ads: 0.500, bed_util_des: 0.499, des_th: 0.4995163478398167,frac_lost: 0.101, li_recovered:  8.307, time: 0.01015618400015228
L: 0.50, u_super: 0.00605, sec: 336.618, prod: 0.136874, t_ads: 32.0, t_des: 28.7, bed_util_ads: 0.499, bed_util_des: 0.499, des_th: 0.4988623029840213,frac_lost: 0.101, li_recovered:  8.312, time: 0.00911976299903472
L: 0.50, u_super: 0.00726, sec: 413.691, prod: 0.162823, t_ads: 26.9, t_des: 25.9, bed_util_ads: 0.491, bed_util_des: 0.491, des_th: 0.4910559292813529,frac_lost: 0.106, li_recovered:  8.604, time: 0.0136405269986426
L: 0.50, u_super: 0.00682, sec: 383.675, prod: 0.153957, t_ads: 28.7, t_des: 26.1, bed_util_ads: 0.498, bed_util_des: 0.498, des_th: 0.49811163826627314,frac_lost: 0.108, li_recovered:  8.433, time: 0.01563948600050935
L: 2.12, u_super: 0.00708, sec: 1751.996, prod: 0.154769, t_ads: 114.8, t_des: 100.4, bed_util_ads: 0.495, bed_util_des: 0.495, des_th: 0.4951472886216891,frac_lost: 0.104, li_recovered:  33.314, time: 0.023011654999208986
L: 7.46, u_super: 0.00866 — INFEASIBLE (li_recovered=0.000e+00), time: 0.0073079479989246465
L: 0.50, u_super: 0.00525, sec: 288.831, prod: 0.118578, t_ads: 36.9, t_des: 33.8, bed_util_ads: 0.496, bed_util_des: 0.496, des_th: 0.496117522915985,frac_lost: 0.101, li_recovered:  8.394, time: 0.019085161000475637
L: 0.79, u_super: 0.00130, sec: 120.073, prod: 0.026130, t_ads: 226.9, t_des: 259.4, bed_util_ads: 0.451, bed_util_des: 0.447, des_th: 0.44689435018382223,frac_lost: 0.101, li_recovered:  12.707, time: 0.008885609000572003
L: 15.13, u_super: 0.00734 — INFEASIBLE (li_recovered=0.000e+00), time: 0.003457266000623349
L: 0.50, u_super: 0.00292, sec: 157.287, prod: 0.065391, t_ads: 65.9, t_des: 59.5, bed_util_ads: 0.495, bed_util_des: 0.495, des_th: 0.49503603416844044,frac_lost: 0.101, li_recovered:  8.200, time: 0.009467268000662443
L: 0.50, u_super: 0.00076 — INFEASIBLE (li_recovered=0.000e+00), time: 0.004350262999651022
L: 0.50, u_super: 0.00325, sec: 176.154, prod: 0.072458, t_ads: 59.9, t_des: 52.9, bed_util_ads: 0.499, bed_util_des: 0.499, des_th: 0.4989645992884196,frac_lost: 0.108, li_recovered:  8.170, time: 0.010620754999763449
   903 |    36120 |     40 |  0.0042355287 |             f
L: 0.50, u_super: 0.00322, sec: 174.342, prod: 0.071984, t_ads: 60.3, t_des: 56.5, bed_util_ads: 0.492, bed_util_des: 0.491, des_th: 0.4912929300301257,frac_lost: 0.106, li_recovered:  8.409, time: 0.009501004999037832
L: 0.50, u_super: 0.00006, sec: 5.899, prod: 0.000718, t_ads: 3224.1, t_des: 7957.4, bed_util_ads: 0.238, bed_util_des: 0.145, des_th: 0.14560117238383558,frac_lost: 0.102, li_recovered:  8.029, time: 0.016577142001551692
L: 31.61, u_super: 0.00287 — INFEASIBLE (li_recovered=0.000e+00), time: 0.0017709879994072253
L: 0.50, u_super: 0.00927, sec: 536.273, prod: 0.210208, t_ads: 21.0, t_des: 19.3, bed_util_ads: 0.497, bed_util_des: 0.497, des_th: 0.4972578527697972,frac_lost: 0.104, li_recovered:  8.485, time: 0.00761620400044194
L: 0.50, u_super: 0.00682, sec: 383.675, prod: 0.153957, t_ads: 28.7, t_des: 26.1, bed_util_ads: 0.498, bed_util_des: 0.498, des_th: 0.49811163826627314,frac_lost: 0.108, li_recovered:  8.433, time: 0.0090307259997644
L: 0.50, u_super: 0.00867, sec: 497.366, prod: 0.196371, t_ads: 22.5, t_des: 20.4, bed_util_ads: 0.500, bed_util_des: 0.499, des_th: 0.49947039265336135,frac_lost: 0.105, li_recovered:  8.434, time: 0.010824889999639709
L: 0.50, u_super: 0.00096 — INFEASIBLE (li_recovered=0.000e+00), time: 0.005108331999508664
L: 0.50, u_super: 0.00199, sec: 108.241, prod: 0.043452, t_ads: 96.2, t_des: 82.2, bed_util_ads: 0.500, bed_util_des: 0.499, des_th: 0.49944038341082925,frac_lost: 0.102, li_recovered:  7.754, time: 0.0066187529992021155
L: 19.36, u_super: 0.00866, sec: 72896.741, prod: 0.051810, t_ads: 904.8, t_des: 5720.7, bed_util_ads: 0.226, bed_util_des: 0.159, des_th: 0.15941344623218895,frac_lost: 0.105, li_recovered:  343.270, time: 0.042799294998985715
L: 6.81, u_super: 0.00819 — INFEASIBLE (li_recovered=0.000e+00), time: 0.009017098000185797
L: 7.51, u_super: 0.00421 — INFEASIBLE (li_recovered=0.000e+00), time: 0.004777103999003884
L: 0.50, u_super: 0.00923, sec: 533.982, prod: 0.209046, t_ads: 21.2, t_des: 19.4, bed_util_ads: 0.498, bed_util_des: 0.498, des_th: 0.49819553114598014,frac_lost: 0.106, li_recovered:  8.490, time: 0.012969289999091416
L: 0.50, u_super: 0.00164, sec: 89.867, prod: 0.035476, t_ads: 116.6, t_des: 118.9, bed_util_ads: 0.476, bed_util_des: 0.474, des_th: 0.4743471654422623,frac_lost: 0.102, li_recovered:  8.354, time: 0.01146458299990627
L: 0.50, u_super: 0.00848, sec: 485.885, prod: 0.191946, t_ads: 23.1, t_des: 21.1, bed_util_ads: 0.498, bed_util_des: 0.498, des_th: 0.4981618443542629,frac_lost: 0.106, li_recovered:  8.477, time: 0.017623678000745713
L: 0.50, u_super: 0.00578, sec: 320.105, prod: 0.130800, t_ads: 33.5, t_des: 30.4, bed_util_ads: 0.498, bed_util_des: 0.498, des_th: 0.4982350969771586,frac_lost: 0.101, li_recovered:  8.359, time: 0.01577645600082178
L: 0.50, u_super: 0.00304, sec: 163.595, prod: 0.068076, t_ads: 63.5, t_des: 58.0, bed_util_ads: 0.495, bed_util_des: 0.495, des_th: 0.495121682254487,frac_lost: 0.102, li_recovered:  8.270, time: 0.015399804000480799
L: 0.50, u_super: 0.00722, sec: 406.736, prod: 0.163420, t_ads: 26.9, t_des: 24.0, bed_util_ads: 0.500, bed_util_des: 0.500, des_th: 0.4999374904157663,frac_lost: 0.100, li_recovered:  8.315, time: 0.017008728998916922
L: 0.50, u_super: 0.00046 — INFEASIBLE (li_recovered=0.000e+00), time: 0.007662783000341733
L: 0.50, u_super: 0.00136, sec: 75.674, prod: 0.028875, t_ads: 139.2, t_des: 115.3, bed_util_ads: 0.499, bed_util_des: 0.499, des_th: 0.4993548108168284,frac_lost: 0.102, li_recovered:  7.350, time: 0.012159272000644705
L: 0.50, u_super: 0.00648, sec: 361.576, prod: 0.146649, t_ads: 30.0, t_des: 27.1, bed_util_ads: 0.499, bed_util_des: 0.499, des_th: 0.498862076738547,frac_lost: 0.101, li_recovered:  8.370, time: 0.011394940000172937
L: 0.50, u_super: 0.00425, sec: 232.975, prod: 0.095219, t_ads: 45.6, t_des: 43.8, bed_util_ads: 0.490, bed_util_des: 0.490, des_th: 0.4899105224669989,frac_lost: 0.103, li_recovered:  8.512, time: 0.01587149999977555
L: 0.50, u_super: 0.00325, sec: 175.996, prod: 0.072760, t_ads: 59.8, t_des: 54.7, bed_util_ads: 0.495, bed_util_des: 0.495, des_th: 0.49503603416844044,frac_lost: 0.108, li_recovered:  8.331, time: 0.01681802500024787
L: 5.34, u_super: 0.00773 — INFEASIBLE (li_recovered=0.000e+00), time: 0.010667881000699708
L: 0.50, u_super: 0.00765, sec: 433.010, prod: 0.173321, t_ads: 25.4, t_des: 22.7, bed_util_ads: 0.500, bed_util_des: 0.500, des_th: 0.49993362649468825,frac_lost: 0.100, li_recovered:  8.336, time: 0.012155050000728806
L: 5.58, u_super: 0.00316 — INFEASIBLE (li_recovered=0.000e+00), time: 0.005030485999668599
L: 0.50, u_super: 0.00005 — INFEASIBLE (li_recovered=0.000e+00), time: 0.004253930001141271
L: 0.50, u_super: 0.00961, sec: 558.393, prod: 0.217936, t_ads: 20.3, t_des: 18.5, bed_util_ads: 0.500, bed_util_des: 0.500, des_th: 0.4995990805554772,frac_lost: 0.105, li_recovered:  8.457, time: 0.015090038999915123
L: 0.50, u_super: 0.00043, sec: 24.811, prod: 0.008500, t_ads: 417.8, t_des: 417.6, bed_util_ads: 0.451, bed_util_des: 0.447, des_th: 0.44764114791331255,frac_lost: 0.102, li_recovered:  7.100, time: 0.012674534000325366
L: 0.50, u_super: 0.00375, sec: 203.685, prod: 0.084175, t_ads: 51.8, t_des: 47.0, bed_util_ads: 0.497, bed_util_des: 0.496, des_th: 0.4963938049524122,frac_lost: 0.106, li_recovered:  8.322, time: 0.015785416999278823
L: 0.50, u_super: 0.00162, sec: 88.404, prod: 0.035037, t_ads: 118.5, t_des: 101.0, bed_util_ads: 0.498, bed_util_des: 0.498, des_th: 0.4976499573010632,frac_lost: 0.106, li_recovered:  7.690, time: 0.016419404999396647
L: 0.50, u_super: 0.00436, sec: 239.606, prod: 0.097569, t_ads: 44.7, t_des: 42.6, bed_util_ads: 0.491, bed_util_des: 0.491, des_th: 0.49055280489457864,frac_lost: 0.107, li_recovered:  8.517, time: 0.01554177400066692
L: 18.26, u_super: 0.00623 — INFEASIBLE (li_recovered=0.000e+00), time: 0.0033862450000015087
L: 0.50, u_super: 0.00076, sec: 45.169, prod: 0.014952, t_ads: 247.6, t_des: 290.7, bed_util_ads: 0.446, bed_util_des: 0.442, des_th: 0.44183836859307696,frac_lost: 0.105, li_recovered:  8.048, time: 0.013550916999520268
L: 0.50, u_super: 0.00866, sec: 497.178, prod: 0.196204, t_ads: 22.6, t_des: 20.5, bed_util_ads: 0.500, bed_util_des: 0.499, des_th: 0.49947145353075084,frac_lost: 0.105, li_recovered:  8.444, time: 0.02368580700021994
L: 33.41, u_super: 0.00192 — INFEASIBLE (li_recovered=0.000e+00), time: 0.0027398180009186035
L: 0.50, u_super: 0.00726, sec: 410.126, prod: 0.164002, t_ads: 27.0, t_des: 24.5, bed_util_ads: 0.499, bed_util_des: 0.499, des_th: 0.498862076738547,frac_lost: 0.107, li_recovered:  8.444, time: 0.016729290000512265
L: 0.50, u_super: 0.00554, sec: 306.788, prod: 0.125069, t_ads: 35.1, t_des: 31.3, bed_util_ads: 0.500, bed_util_des: 0.500, des_th: 0.4995152869624272,frac_lost: 0.103, li_recovered:  8.303, time: 0.018154567998863058
L: 0.50, u_super: 0.00375, sec: 229.280, prod: 0.074779, t_ads: 51.8, t_des: 63.5, bed_util_ads: 0.459, bed_util_des: 0.458, des_th: 0.45778853743006287,frac_lost: 0.105, li_recovered:  8.627, time: 0.02234805200168921
L: 0.50, u_super: 0.00683, sec: 384.802, prod: 0.154198, t_ads: 28.6, t_des: 26.6, bed_util_ads: 0.495, bed_util_des: 0.495, des_th: 0.49508965638676633,frac_lost: 0.107, li_recovered:  8.514, time: 0.01797176700165437
L: 6.02, u_super: 0.00116 — INFEASIBLE (li_recovered=0.000e+00), time: 0.00376457600032154
   904 |    36160 |     40 |  0.0022909757 |             f
L: 0.50, u_super: 0.00549, sec: 344.286, prod: 0.109069, t_ads: 35.4, t_des: 44.1, bed_util_ads: 0.458, bed_util_des: 0.457, des_th: 0.4567568675813225,frac_lost: 0.102, li_recovered:  8.671, time: 0.019326134999573696
L: 0.50, u_super: 0.00005 — INFEASIBLE (li_recovered=0.000e+00), time: 0.0017485690004832577
L: 0.50, u_super: 0.00797, sec: 453.303, prod: 0.180436, t_ads: 24.5, t_des: 22.0, bed_util_ads: 0.500, bed_util_des: 0.500, des_th: 0.49990658172894825,frac_lost: 0.104, li_recovered:  8.390, time: 0.009543337999275536
L: 0.50, u_super: 0.00043, sec: 24.988, prod: 0.008564, t_ads: 414.8, t_des: 414.2, bed_util_ads: 0.450, bed_util_des: 0.447, des_th: 0.4465376531286447,frac_lost: 0.101, li_recovered:  7.099, time: 0.015562702001261641
L: 0.50, u_super: 0.00603, sec: 335.197, prod: 0.136443, t_ads: 32.2, t_des: 29.1, bed_util_ads: 0.498, bed_util_des: 0.498, des_th: 0.49823523589874913,frac_lost: 0.102, li_recovered:  8.369, time: 0.013989950999530265
L: 0.50, u_super: 0.00711, sec: 399.805, prod: 0.160991, t_ads: 27.3, t_des: 25.3, bed_util_ads: 0.495, bed_util_des: 0.495, des_th: 0.4951262535773367,frac_lost: 0.101, li_recovered:  8.474, time: 0.013261489999422338
L: 0.50, u_super: 0.00349, sec: 189.162, prod: 0.078327, t_ads: 55.2, t_des: 49.2, bed_util_ads: 0.499, bed_util_des: 0.499, des_th: 0.4988709426661087,frac_lost: 0.100, li_recovered:  8.175, time: 0.015402670000185026
L: 0.50, u_super: 0.00248, sec: 134.121, prod: 0.054786, t_ads: 77.8, t_des: 67.6, bed_util_ads: 0.500, bed_util_des: 0.500, des_th: 0.4997221738316436,frac_lost: 0.103, li_recovered:  7.963, time: 0.026379788001577253
L: 0.50, u_super: 0.00650, sec: 364.367, prod: 0.146791, t_ads: 30.1, t_des: 27.3, bed_util_ads: 0.499, bed_util_des: 0.499, des_th: 0.498862076738547,frac_lost: 0.108, li_recovered:  8.422, time: 0.02065850699909788
L: 0.50, u_super: 0.00190, sec: 103.681, prod: 0.041567, t_ads: 100.3, t_des: 85.7, bed_util_ads: 0.500, bed_util_des: 0.499, des_th: 0.49944038341082925,frac_lost: 0.101, li_recovered:  7.734, time: 0.014467156999671715
L: 1.55, u_super: 0.00230 — INFEASIBLE (li_recovered=0.000e+00), time: 0.010733474999142345
L: 0.50, u_super: 0.00484, sec: 265.763, prod: 0.109148, t_ads: 40.2, t_des: 36.7, bed_util_ads: 0.496, bed_util_des: 0.496, des_th: 0.496179385438729,frac_lost: 0.105, li_recovered:  8.395, time: 0.01770544200007862
L: 0.50, u_super: 0.00881, sec: 507.578, prod: 0.199208, t_ads: 22.3, t_des: 20.3, bed_util_ads: 0.499, bed_util_des: 0.498, des_th: 0.49841257510990816,frac_lost: 0.108, li_recovered:  8.488, time: 0.019006206000995007
L: 0.50, u_super: 0.00011, sec: 10.836, prod: 0.001413, t_ads: 1631.8, t_des: 3782.3, bed_util_ads: 0.279, bed_util_des: 0.217, des_th: 0.21672068066158784,frac_lost: 0.104, li_recovered:  7.649, time: 0.026515098999880138
L: 0.50, u_super: 0.00375, sec: 203.656, prod: 0.084187, t_ads: 51.8, t_des: 47.5, bed_util_ads: 0.495, bed_util_des: 0.495, des_th: 0.49514592635326243,frac_lost: 0.106, li_recovered:  8.363, time: 0.01101979299892264
L: 0.50, u_super: 0.00772, sec: 439.007, prod: 0.174614, t_ads: 25.3, t_des: 22.9, bed_util_ads: 0.499, bed_util_des: 0.498, des_th: 0.49842152040776455,frac_lost: 0.107, li_recovered:  8.433, time: 0.009098065000216593
L: 0.50, u_super: 0.00990, sec: 576.841, prod: 0.224488, t_ads: 19.7, t_des: 17.9, bed_util_ads: 0.500, bed_util_des: 0.499, des_th: 0.49940868482717243,frac_lost: 0.105, li_recovered:  8.448, time: 0.009450131999983569
L: 0.50, u_super: 0.00554, sec: 306.303, prod: 0.125267, t_ads: 35.0, t_des: 31.4, bed_util_ads: 0.500, bed_util_des: 0.499, des_th: 0.4995155707068647,frac_lost: 0.101, li_recovered:  8.314, time: 0.009823227999731898
L: 0.50, u_super: 0.00070 — INFEASIBLE (li_recovered=0.000e+00), time: 0.00797495799997705
L: 0.50, u_super: 0.00116, sec: 378.638, prod: 0.004150, t_ads: 171.1, t_des: 1949.5, bed_util_ads: 0.209, bed_util_des: 0.189, des_th: 0.18871316593811077,frac_lost: 0.106, li_recovered:  8.800, time: 0.05998550299955241
L: 0.50, u_super: 0.00975, sec: 569.074, prod: 0.220531, t_ads: 20.0, t_des: 18.8, bed_util_ads: 0.495, bed_util_des: 0.495, des_th: 0.4947084869411105,frac_lost: 0.106, li_recovered:  8.564, time: 0.011633808999249595
L: 0.50, u_super: 0.00490, sec: 269.254, prod: 0.110615, t_ads: 39.6, t_des: 35.8, bed_util_ads: 0.497, bed_util_des: 0.497, des_th: 0.49703925370353186,frac_lost: 0.103, li_recovered:  8.341, time: 0.01090470499912044
L: 0.50, u_super: 0.00578, sec: 320.389, prod: 0.130684, t_ads: 33.5, t_des: 30.0, bed_util_ads: 0.500, bed_util_des: 0.500, des_th: 0.49999236148784143,frac_lost: 0.100, li_recovered:  8.297, time: 0.011746792000849382
L: 0.50, u_super: 0.00679, sec: 381.690, prod: 0.153458, t_ads: 28.8, t_des: 26.2, bed_util_ads: 0.498, bed_util_des: 0.498, des_th: 0.4980750409687201,frac_lost: 0.107, li_recovered:  8.432, time: 0.015522768000664655
L: 0.50, u_super: 0.00323, sec: 174.676, prod: 0.072273, t_ads: 59.8, t_des: 53.2, bed_util_ads: 0.499, bed_util_des: 0.499, des_th: 0.4986826939954836,frac_lost: 0.102, li_recovered:  8.166, time: 0.013284868000482675
L: 0.50, u_super: 0.00452, sec: 255.377, prod: 0.098519, t_ads: 43.0, t_des: 44.5, bed_util_ads: 0.480, bed_util_des: 0.480, des_th: 0.47959882439607554,frac_lost: 0.104, li_recovered:  8.621, time: 0.024380091999773867
L: 0.50, u_super: 0.00813, sec: 464.054, prod: 0.183895, t_ads: 24.1, t_des: 21.6, bed_util_ads: 0.500, bed_util_des: 0.500, des_th: 0.49987170010030685,frac_lost: 0.106, li_recovered:  8.397, time: 0.016135006000695284
L: 0.50, u_super: 0.00116, sec: 64.611, prod: 0.024317, t_ads: 163.9, t_des: 135.9, bed_util_ads: 0.498, bed_util_des: 0.498, des_th: 0.4976693251034087,frac_lost: 0.106, li_recovered:  7.290, time: 0.013610342999527347
L: 0.50, u_super: 0.00578, sec: 320.383, prod: 0.130687, t_ads: 33.5, t_des: 30.1, bed_util_ads: 0.499, bed_util_des: 0.499, des_th: 0.49868544386136515,frac_lost: 0.101, li_recovered:  8.309, time: 0.015575737001199741
L: 7.21, u_super: 0.00432 — INFEASIBLE (li_recovered=0.000e+00), time: 0.007083447000695742
L: 0.50, u_super: 0.00011 — INFEASIBLE (li_recovered=0.000e+00), time: 0.007191316999524133
L: 0.50, u_super: 0.00745, sec: 423.120, prod: 0.167818, t_ads: 26.3, t_des: 24.7, bed_util_ads: 0.495, bed_util_des: 0.495, des_th: 0.49493913881301244,frac_lost: 0.107, li_recovered:  8.554, time: 0.016623833998892223
L: 16.08, u_super: 0.00076 — INFEASIBLE (li_recovered=0.000e+00), time: 0.0019117730007565115
L: 0.50, u_super: 0.00478, sec: 262.263, prod: 0.107549, t_ads: 40.7, t_des: 36.3, bed_util_ads: 0.500, bed_util_des: 0.500, des_th: 0.4996437213739863,frac_lost: 0.104, li_recovered:  8.282, time: 0.013905948999308748
L: 8.26, u_super: 0.00920 — INFEASIBLE (li_recovered=0.000e+00), time: 0.0043460360011522425
L: 0.50, u_super: 0.00797, sec: 452.750, prod: 0.180657, t_ads: 24.4, t_des: 22.0, bed_util_ads: 0.500, bed_util_des: 0.500, des_th: 0.49991318887906394,frac_lost: 0.101, li_recovered:  8.385, time: 0.012409383998601697
L: 0.50, u_super: 0.00555, sec: 316.711, prod: 0.121647, t_ads: 34.9, t_des: 36.1, bed_util_ads: 0.482, bed_util_des: 0.481, des_th: 0.4812359350713413,frac_lost: 0.101, li_recovered:  8.642, time: 0.011890882000443526
L: 0.50, u_super: 0.00988, sec: 575.163, prod: 0.224292, t_ads: 19.7, t_des: 17.7, bed_util_ads: 0.500, bed_util_des: 0.500, des_th: 0.4999275693028649,frac_lost: 0.102, li_recovered:  8.394, time: 0.010407320000012987
L: 20.38, u_super: 0.00646 — INFEASIBLE (li_recovered=0.000e+00), time: 0.002545018000091659
L: 0.50, u_super: 0.00516, sec: 283.486, prod: 0.116496, t_ads: 37.6, t_des: 34.2, bed_util_ads: 0.497, bed_util_des: 0.496, des_th: 0.49642082405004756,frac_lost: 0.101, li_recovered:  8.365, time: 0.010309831000995473
   905 |    36200 |     40 |  0.0050647173 |             f
L: 36.31, u_super: 0.00560 — INFEASIBLE (li_recovered=0.000e+00), time: 0.003787552999710897
L: 0.50, u_super: 0.00190, sec: 103.681, prod: 0.041567, t_ads: 100.3, t_des: 85.7, bed_util_ads: 0.500, bed_util_des: 0.499, des_th: 0.49944038341082925,frac_lost: 0.101, li_recovered:  7.734, time: 0.017911498000103165
L: 0.50, u_super: 0.00475, sec: 268.182, prod: 0.103753, t_ads: 40.8, t_des: 42.3, bed_util_ads: 0.480, bed_util_des: 0.479, des_th: 0.47947054232306285,frac_lost: 0.101, li_recovered:  8.622, time: 0.02394523200018739
L: 5.07, u_super: 0.00895 — INFEASIBLE (li_recovered=0.000e+00), time: 0.012229873000251246
L: 0.50, u_super: 0.00918, sec: 530.317, prod: 0.207866, t_ads: 21.3, t_des: 19.3, bed_util_ads: 0.500, bed_util_des: 0.499, des_th: 0.49941800771673645,frac_lost: 0.106, li_recovered:  8.436, time: 0.02923627999916789
L: 0.50, u_super: 0.00400, sec: 217.895, prod: 0.089870, t_ads: 48.7, t_des: 44.5, bed_util_ads: 0.496, bed_util_des: 0.496, des_th: 0.4961503140794712,frac_lost: 0.107, li_recovered:  8.370, time: 0.02188318399930722
L: 0.50, u_super: 0.00650, sec: 364.367, prod: 0.146791, t_ads: 30.1, t_des: 27.3, bed_util_ads: 0.499, bed_util_des: 0.499, des_th: 0.498862076738547,frac_lost: 0.108, li_recovered:  8.422, time: 0.02012343399837846
L: 0.50, u_super: 0.00005, sec: 4.515, prod: 0.000703, t_ads: 3251.0, t_des: 5523.7, bed_util_ads: 0.254, bed_util_des: 0.189, des_th: 0.18929568130483176,frac_lost: 0.101, li_recovered:  6.167, time: 0.040292818999660085
L: 0.50, u_super: 0.00745, sec: 420.971, prod: 0.168746, t_ads: 26.1, t_des: 23.3, bed_util_ads: 0.500, bed_util_des: 0.500, des_th: 0.49991243176755096,frac_lost: 0.101, li_recovered:  8.327, time: 0.022240614000111236
L: 56.11, u_super: 0.00578 — INFEASIBLE (li_recovered=0.000e+00), time: 0.00403497000115749
L: 0.50, u_super: 0.00579, sec: 321.068, prod: 0.130916, t_ads: 33.6, t_des: 30.7, bed_util_ads: 0.496, bed_util_des: 0.496, des_th: 0.4961503140794712,frac_lost: 0.103, li_recovered:  8.416, time: 0.01593566299925442
L: 44.55, u_super: 0.00076 — INFEASIBLE (li_recovered=0.000e+00), time: 0.0021710910004912876
L: 0.50, u_super: 0.00920, sec: 532.105, prod: 0.208214, t_ads: 21.3, t_des: 19.5, bed_util_ads: 0.498, bed_util_des: 0.498, des_th: 0.49819553114598014,frac_lost: 0.107, li_recovered:  8.488, time: 0.015292596001017955
L: 0.50, u_super: 0.00554, sec: 319.843, prod: 0.119964, t_ads: 35.0, t_des: 37.1, bed_util_ads: 0.479, bed_util_des: 0.478, des_th: 0.4783597914310318,frac_lost: 0.101, li_recovered:  8.654, time: 0.02019572400058678
L: 0.50, u_super: 0.00008 — INFEASIBLE (li_recovered=0.000e+00), time: 0.004214832999423379
L: 0.50, u_super: 0.00355, sec: 192.860, prod: 0.079354, t_ads: 54.9, t_des: 48.6, bed_util_ads: 0.500, bed_util_des: 0.499, des_th: 0.49944038341082925,frac_lost: 0.108, li_recovered:  8.209, time: 0.01972931999989669
L: 0.50, u_super: 0.00340, sec: 184.469, prod: 0.075864, t_ads: 57.2, t_des: 50.5, bed_util_ads: 0.499, bed_util_des: 0.499, des_th: 0.4986826939954836,frac_lost: 0.107, li_recovered:  8.171, time: 0.014388247998795123
L: 0.50, u_super: 0.00292, sec: 157.177, prod: 0.065437, t_ads: 65.9, t_des: 60.2, bed_util_ads: 0.494, bed_util_des: 0.493, des_th: 0.4934368446544829,frac_lost: 0.101, li_recovered:  8.256, time: 0.014064808001421625
L: 0.50, u_super: 0.00711, sec: 547.078, prod: 0.117652, t_ads: 27.5, t_des: 46.6, bed_util_ads: 0.421, bed_util_des: 0.420, des_th: 0.4197601881665122,frac_lost: 0.104, li_recovered:  8.713, time: 0.024306538000018918
L: 17.04, u_super: 0.00349 — INFEASIBLE (li_recovered=0.000e+00), time: 0.0034627670011104783
L: 0.50, u_super: 0.00948, sec: 694.151, prod: 0.170187, t_ads: 20.6, t_des: 30.6, bed_util_ads: 0.437, bed_util_des: 0.437, des_th: 0.43663339674608787,frac_lost: 0.105, li_recovered:  8.725, time: 0.016232145000685705
L: 0.50, u_super: 0.00323, sec: 174.710, prod: 0.072259, t_ads: 60.1, t_des: 55.8, bed_util_ads: 0.493, bed_util_des: 0.492, des_th: 0.49222188063816635,frac_lost: 0.106, li_recovered:  8.377, time: 0.01086059399858641
L: 0.50, u_super: 0.00713, sec: 402.500, prod: 0.161086, t_ads: 27.5, t_des: 24.9, bed_util_ads: 0.499, bed_util_des: 0.498, des_th: 0.49841257510990816,frac_lost: 0.108, li_recovered:  8.440, time: 0.013431029001367278
L: 1.52, u_super: 0.00990, sec: 1770.658, prod: 0.221667, t_ads: 59.1, t_des: 52.6, bed_util_ads: 0.498, bed_util_des: 0.498, des_th: 0.49819553114598014,frac_lost: 0.101, li_recovered:  24.760, time: 0.012746394000714645
L: 0.50, u_super: 0.00375, sec: 203.541, prod: 0.084062, t_ads: 51.9, t_des: 47.7, bed_util_ads: 0.495, bed_util_des: 0.495, des_th: 0.49514592635326243,frac_lost: 0.107, li_recovered:  8.372, time: 0.021568139000009978
L: 0.50, u_super: 0.00212, sec: 114.666, prod: 0.046917, t_ads: 90.8, t_des: 80.0, bed_util_ads: 0.497, bed_util_des: 0.497, des_th: 0.4970564746797581,frac_lost: 0.106, li_recovered:  8.014, time: 0.01784920600039186
L: 0.50, u_super: 0.00080, sec: 47.204, prod: 0.015758, t_ads: 235.2, t_des: 276.8, bed_util_ads: 0.447, bed_util_des: 0.442, des_th: 0.4425372843407359,frac_lost: 0.102, li_recovered:  8.069, time: 0.0159246080002049
L: 0.50, u_super: 0.00182, sec: 98.811, prod: 0.039705, t_ads: 105.9, t_des: 104.7, bed_util_ads: 0.481, bed_util_des: 0.480, des_th: 0.4798010602643209,frac_lost: 0.106, li_recovered:  8.362, time: 0.014702982998642256
L: 0.50, u_super: 0.00116 — INFEASIBLE (li_recovered=0.000e+00), time: 0.010728508999818587
L: 0.50, u_super: 0.00450, sec: 246.660, prod: 0.101222, t_ads: 43.2, t_des: 38.5, bed_util_ads: 0.499, bed_util_des: 0.499, des_th: 0.49922898371872815,frac_lost: 0.106, li_recovered:  8.274, time: 0.014954573000068194
L: 0.50, u_super: 0.00036 — INFEASIBLE (li_recovered=0.000e+00), time: 0.008996147000289056
L: 67.78, u_super: 0.00745 — INFEASIBLE (li_recovered=0.000e+00), time: 0.004780725001182873
L: 21.36, u_super: 0.00425 — INFEASIBLE (li_recovered=0.000e+00), time: 0.003724398999111145
L: 0.50, u_super: 0.00277, sec: 835.870, prod: 0.011074, t_ads: 71.0, t_des: 721.4, bed_util_ads: 0.225, bed_util_des: 0.217, des_th: 0.21672068066158784,frac_lost: 0.106, li_recovered:  8.775, time: 0.06770213799973135
L: 0.50, u_super: 0.00005, sec: 4.341, prod: 0.000667, t_ads: 3353.9, t_des: 5567.5, bed_util_ads: 0.253, bed_util_des: 0.189, des_th: 0.18935435441621057,frac_lost: 0.101, li_recovered:  5.949, time: 0.012953555000422057
L: 0.50, u_super: 0.00294, sec: 159.778, prod: 0.065454, t_ads: 65.4, t_des: 56.8, bed_util_ads: 0.500, bed_util_des: 0.500, des_th: 0.49955036453362206,frac_lost: 0.101, li_recovered:  7.997, time: 0.008821007999358699
L: 0.50, u_super: 0.00728, sec: 410.729, prod: 0.164934, t_ads: 26.6, t_des: 23.8, bed_util_ads: 0.500, bed_util_des: 0.500, des_th: 0.49998143456629945,frac_lost: 0.100, li_recovered:  8.319, time: 0.016399239999373094
L: 0.50, u_super: 0.00375, sec: 203.652, prod: 0.084189, t_ads: 51.8, t_des: 47.6, bed_util_ads: 0.495, bed_util_des: 0.495, des_th: 0.49503404585921384,frac_lost: 0.106, li_recovered:  8.368, time: 0.013923119000537554
L: 0.50, u_super: 0.00213, sec: 116.043, prod: 0.046795, t_ads: 89.6, t_des: 76.7, bed_util_ads: 0.500, bed_util_des: 0.500, des_th: 0.4997221738316436,frac_lost: 0.100, li_recovered:  7.783, time: 0.01756155000111903
L: 0.50, u_super: 0.00247, sec: 132.931, prod: 0.054833, t_ads: 78.2, t_des: 69.4, bed_util_ads: 0.497, bed_util_des: 0.497, des_th: 0.4970564746797581,frac_lost: 0.104, li_recovered:  8.092, time: 0.023298509000596823
   906 |    36240 |     40 |  0.0028058090 |             f
L: 7.09, u_super: 0.00600, sec: 15561.483, prod: 0.041263, t_ads: 463.6, t_des: 2504.5, bed_util_ads: 0.257, bed_util_des: 0.219, des_th: 0.2188293372995122,frac_lost: 0.102, li_recovered:  122.473, time: 0.05435417099943152
L: 0.50, u_super: 0.00743, sec: 421.300, prod: 0.167693, t_ads: 26.4, t_des: 23.6, bed_util_ads: 0.500, bed_util_des: 0.500, des_th: 0.49991243176755096,frac_lost: 0.109, li_recovered:  8.381, time: 0.011706686000252375
L: 0.50, u_super: 0.00168, sec: 104.250, prod: 0.032031, t_ads: 114.8, t_des: 149.3, bed_util_ads: 0.445, bed_util_des: 0.442, des_th: 0.4425372843407359,frac_lost: 0.105, li_recovered:  8.461, time: 0.01634348600055091
L: 0.50, u_super: 0.00679, sec: 382.417, prod: 0.153166, t_ads: 28.8, t_des: 26.7, bed_util_ads: 0.496, bed_util_des: 0.496, des_th: 0.49609668362859827,frac_lost: 0.108, li_recovered:  8.510, time: 0.012231140999574563
L: 0.50, u_super: 0.00621, sec: 345.954, prod: 0.140515, t_ads: 31.2, t_des: 28.0, bed_util_ads: 0.500, bed_util_des: 0.500, des_th: 0.49980032882048675,frac_lost: 0.101, li_recovered:  8.324, time: 0.007542493998698774
L: 0.50, u_super: 0.00950, sec: 550.727, prod: 0.215298, t_ads: 20.6, t_des: 18.7, bed_util_ads: 0.500, bed_util_des: 0.500, des_th: 0.4995801539677868,frac_lost: 0.105, li_recovered:  8.461, time: 0.009719403999042697
L: 0.50, u_super: 0.00267, sec: 146.925, prod: 0.058362, t_ads: 72.3, t_des: 73.5, bed_util_ads: 0.481, bed_util_des: 0.480, des_th: 0.4799157918690079,frac_lost: 0.103, li_recovered:  8.508, time: 0.008441470001343987
L: 0.50, u_super: 0.00122, sec: 66.103, prod: 0.026539, t_ads: 155.8, t_des: 148.1, bed_util_ads: 0.481, bed_util_des: 0.480, des_th: 0.4798010602643209,frac_lost: 0.105, li_recovered:  8.065, time: 0.010762232999695698
L: 0.50, u_super: 0.00040 — INFEASIBLE (li_recovered=0.000e+00), time: 0.005217748999712057
L: 0.50, u_super: 0.00080, sec: 47.202, prod: 0.015758, t_ads: 235.3, t_des: 276.9, bed_util_ads: 0.447, bed_util_des: 0.443, des_th: 0.443081120745927,frac_lost: 0.102, li_recovered:  8.072, time: 0.013272732998302672
L: 0.50, u_super: 0.00679, sec: 381.690, prod: 0.153458, t_ads: 28.8, t_des: 26.2, bed_util_ads: 0.498, bed_util_des: 0.498, des_th: 0.4980750409687201,frac_lost: 0.107, li_recovered:  8.432, time: 0.008695853999597603
L: 0.50, u_super: 0.00839, sec: 481.024, prod: 0.189830, t_ads: 23.3, t_des: 21.2, bed_util_ads: 0.499, bed_util_des: 0.498, des_th: 0.49843119581698225,frac_lost: 0.108, li_recovered:  8.454, time: 0.014638284999819007
L: 0.50, u_super: 0.00615, sec: 341.966, prod: 0.139272, t_ads: 31.5, t_des: 28.6, bed_util_ads: 0.499, bed_util_des: 0.499, des_th: 0.49887080633803577,frac_lost: 0.100, li_recovered:  8.370, time: 0.011914276999959839
L: 0.50, u_super: 0.00948, sec: 550.054, prod: 0.214944, t_ads: 20.6, t_des: 18.7, bed_util_ads: 0.500, bed_util_des: 0.499, des_th: 0.4994150109237028,frac_lost: 0.106, li_recovered:  8.458, time: 0.023213499000121374
L: 0.50, u_super: 0.00180, sec: 98.203, prod: 0.039291, t_ads: 106.3, t_des: 106.8, bed_util_ads: 0.479, bed_util_des: 0.478, des_th: 0.4781766916676306,frac_lost: 0.103, li_recovered:  8.372, time: 0.013494836999598192
L: 0.50, u_super: 0.00069 — INFEASIBLE (li_recovered=0.000e+00), time: 0.011020220999853336
L: 0.50, u_super: 0.00009 — INFEASIBLE (li_recovered=0.000e+00), time: 0.0038309640003717504
L: 19.10, u_super: 0.00457 — INFEASIBLE (li_recovered=0.000e+00), time: 0.003658155999801238
L: 0.50, u_super: 0.00848, sec: 485.664, prod: 0.192033, t_ads: 23.0, t_des: 20.9, bed_util_ads: 0.499, bed_util_des: 0.499, des_th: 0.4986910239517181,frac_lost: 0.105, li_recovered:  8.440, time: 0.020695200999398367
L: 0.50, u_super: 0.00537, sec: 296.150, prod: 0.121274, t_ads: 36.1, t_des: 32.4, bed_util_ads: 0.498, bed_util_des: 0.498, des_th: 0.49812867141682116,frac_lost: 0.101, li_recovered:  8.310, time: 0.02254858800006332
L: 0.50, u_super: 0.00752, sec: 425.200, prod: 0.170632, t_ads: 25.8, t_des: 23.9, bed_util_ads: 0.497, bed_util_des: 0.496, des_th: 0.496520997665947,frac_lost: 0.100, li_recovered:  8.470, time: 0.0191501330009487
L: 0.50, u_super: 0.00988, sec: 576.016, prod: 0.223891, t_ads: 19.8, t_des: 17.9, bed_util_ads: 0.500, bed_util_des: 0.500, des_th: 0.4998283627798108,frac_lost: 0.106, li_recovered:  8.449, time: 0.01825572000052489
L: 0.50, u_super: 0.00717, sec: 430.146, prod: 0.152391, t_ads: 27.3, t_des: 29.7, bed_util_ads: 0.476, bed_util_des: 0.476, des_th: 0.4759664901825842,frac_lost: 0.108, li_recovered:  8.694, time: 0.01359037200018065
L: 0.50, u_super: 0.00175, sec: 95.509, prod: 0.038160, t_ads: 108.9, t_des: 93.3, bed_util_ads: 0.498, bed_util_des: 0.498, des_th: 0.4976693251034087,frac_lost: 0.102, li_recovered:  7.714, time: 0.016028672998800175
L: 0.50, u_super: 0.00080, sec: 175.371, prod: 0.004221, t_ads: 246.9, t_des: 1821.7, bed_util_ads: 0.241, bed_util_des: 0.217, des_th: 0.21672068066158784,frac_lost: 0.102, li_recovered:  8.731, time: 0.04252399300094112
L: 27.03, u_super: 0.00400 — INFEASIBLE (li_recovered=0.000e+00), time: 0.001647991999561782
L: 56.65, u_super: 0.00493 — INFEASIBLE (li_recovered=0.000e+00), time: 0.001392787000440876
L: 0.50, u_super: 0.00881, sec: 507.578, prod: 0.199208, t_ads: 22.3, t_des: 20.3, bed_util_ads: 0.499, bed_util_des: 0.498, des_th: 0.49841257510990816,frac_lost: 0.108, li_recovered:  8.488, time: 0.012096561000362271
L: 0.50, u_super: 0.00797, sec: 452.829, prod: 0.180625, t_ads: 24.4, t_des: 22.0, bed_util_ads: 0.500, bed_util_des: 0.500, des_th: 0.49988974127704,frac_lost: 0.101, li_recovered:  8.377, time: 0.00898234499982209
L: 0.50, u_super: 0.00433, sec: 236.296, prod: 0.097406, t_ads: 44.9, t_des: 40.7, bed_util_ads: 0.497, bed_util_des: 0.496, des_th: 0.49642082405004756,frac_lost: 0.105, li_recovered:  8.334, time: 0.011121528001240222
L: 0.50, u_super: 0.00989, sec: 639.038, prod: 0.202106, t_ads: 19.7, t_des: 23.4, bed_util_ads: 0.465, bed_util_des: 0.465, des_th: 0.46508528472269123,frac_lost: 0.103, li_recovered:  8.716, time: 0.00913986500017927
L: 0.50, u_super: 0.00272, sec: 147.183, prod: 0.060623, t_ads: 70.7, t_des: 62.2, bed_util_ads: 0.498, bed_util_des: 0.498, des_th: 0.4978848795971282,frac_lost: 0.102, li_recovered:  8.052, time: 0.007880023000325309
L: 0.50, u_super: 0.00847, sec: 4333.597, prod: 0.021454, t_ads: 23.2, t_des: 386.1, bed_util_ads: 0.188, bed_util_des: 0.185, des_th: 0.1851696623157332,frac_lost: 0.104, li_recovered:  8.781, time: 0.08382296200034034
L: 0.50, u_super: 0.00598, sec: 332.599, prod: 0.135250, t_ads: 32.5, t_des: 30.1, bed_util_ads: 0.496, bed_util_des: 0.496, des_th: 0.4961503140794712,frac_lost: 0.103, li_recovered:  8.460, time: 0.01270981000016036
L: 0.50, u_super: 0.00848, sec: 486.489, prod: 0.191661, t_ads: 23.1, t_des: 21.1, bed_util_ads: 0.499, bed_util_des: 0.498, des_th: 0.4983979132771916,frac_lost: 0.108, li_recovered:  8.486, time: 0.017753043999618967
L: 0.50, u_super: 0.00985, sec: 573.413, prod: 0.223295, t_ads: 19.8, t_des: 18.0, bed_util_ads: 0.500, bed_util_des: 0.499, des_th: 0.49941800771673645,frac_lost: 0.105, li_recovered:  8.452, time: 0.019620801000201027
L: 0.50, u_super: 0.00212, sec: 114.216, prod: 0.047102, t_ads: 90.9, t_des: 83.9, bed_util_ads: 0.491, bed_util_des: 0.490, des_th: 0.490063159794617,frac_lost: 0.107, li_recovered:  8.238, time: 0.020866288999968674
L: 0.50, u_super: 0.00881, sec: 506.791, prod: 0.199565, t_ads: 22.2, t_des: 20.1, bed_util_ads: 0.498, bed_util_des: 0.498, des_th: 0.49817650618697945,frac_lost: 0.105, li_recovered:  8.447, time: 0.017403059999196557
L: 12.28, u_super: 0.00739 — INFEASIBLE (li_recovered=0.000e+00), time: 0.007832267001504079
L: 1.19, u_super: 0.00834, sec: 1606.535, prod: 0.133189, t_ads: 55.7, t_des: 98.8, bed_util_ads: 0.412, bed_util_des: 0.410, des_th: 0.40994793955357317,frac_lost: 0.107, li_recovered:  20.573, time: 0.02407295100056217
   907 |    36280 |     40 |  0.0017842907 |             f
L: 13.39, u_super: 0.00175 — INFEASIBLE (li_recovered=0.000e+00), time: 0.003976327001510072
L: 0.50, u_super: 0.00490, sec: 269.033, prod: 0.110707, t_ads: 39.5, t_des: 36.2, bed_util_ads: 0.496, bed_util_des: 0.496, des_th: 0.4962702637916761,frac_lost: 0.102, li_recovered:  8.388, time: 0.014299825999842142
L: 0.50, u_super: 0.00809, sec: 461.186, prod: 0.183083, t_ads: 24.2, t_des: 22.0, bed_util_ads: 0.498, bed_util_des: 0.498, des_th: 0.4981690692424505,frac_lost: 0.105, li_recovered:  8.442, time: 0.013179995001337375
L: 17.97, u_super: 0.00324 — INFEASIBLE (li_recovered=0.000e+00), time: 0.006409374998838757
L: 0.50, u_super: 0.00923, sec: 533.471, prod: 0.209216, t_ads: 21.2, t_des: 19.4, bed_util_ads: 0.498, bed_util_des: 0.498, des_th: 0.49808897485459525,frac_lost: 0.105, li_recovered:  8.481, time: 0.01916042499942705
L: 0.50, u_super: 0.00990, sec: 576.320, prod: 0.224691, t_ads: 19.7, t_des: 17.9, bed_util_ads: 0.500, bed_util_des: 0.499, des_th: 0.49946761770396647,frac_lost: 0.103, li_recovered:  8.455, time: 0.016662500998791074
L: 0.50, u_super: 0.00093, sec: 55.603, prod: 0.018256, t_ads: 203.4, t_des: 244.8, bed_util_ads: 0.447, bed_util_des: 0.443, des_th: 0.44321410388357296,frac_lost: 0.104, li_recovered:  8.183, time: 0.014456468999924255
L: 0.50, u_super: 0.00364, sec: 227.705, prod: 0.070768, t_ads: 53.6, t_des: 68.4, bed_util_ads: 0.453, bed_util_des: 0.452, des_th: 0.4516560911253186,frac_lost: 0.107, li_recovered:  8.629, time: 0.018928912999399472
L: 0.50, u_super: 0.00990, sec: 615.699, prod: 0.210138, t_ads: 19.7, t_des: 21.8, bed_util_ads: 0.474, bed_util_des: 0.474, des_th: 0.4741134436086549,frac_lost: 0.103, li_recovered:  8.712, time: 0.01825182800166658
L: 0.50, u_super: 0.00896, sec: 516.842, prod: 0.202904, t_ads: 21.8, t_des: 19.8, bed_util_ads: 0.500, bed_util_des: 0.499, des_th: 0.4994869217652517,frac_lost: 0.107, li_recovered:  8.440, time: 0.013212764999479987
L: 0.50, u_super: 0.00713, sec: 400.846, prod: 0.161607, t_ads: 27.2, t_des: 24.7, bed_util_ads: 0.498, bed_util_des: 0.498, des_th: 0.49804667232472377,frac_lost: 0.100, li_recovered:  8.382, time: 0.015256697999575408
L: 0.50, u_super: 0.00537, sec: 296.041, prod: 0.121319, t_ads: 36.1, t_des: 33.2, bed_util_ads: 0.496, bed_util_des: 0.496, des_th: 0.4961503140794712,frac_lost: 0.102, li_recovered:  8.407, time: 0.010971688001518487
L: 0.50, u_super: 0.00400, sec: 219.052, prod: 0.089395, t_ads: 48.7, t_des: 46.4, bed_util_ads: 0.490, bed_util_des: 0.489, des_th: 0.48944222881301774,frac_lost: 0.107, li_recovered:  8.504, time: 0.013092200000755838
L: 0.50, u_super: 0.00254, sec: 137.198, prod: 0.056418, t_ads: 75.9, t_des: 66.9, bed_util_ads: 0.497, bed_util_des: 0.497, des_th: 0.49702841364906214,frac_lost: 0.104, li_recovered:  8.056, time: 0.011987261001195293
L: 6.58, u_super: 0.00424 — INFEASIBLE (li_recovered=0.000e+00), time: 0.005598383999313228
L: 0.50, u_super: 0.00598, sec: 334.151, prod: 0.134621, t_ads: 32.4, t_des: 31.1, bed_util_ads: 0.491, bed_util_des: 0.491, des_th: 0.4909902696567334,frac_lost: 0.102, li_recovered:  8.558, time: 0.015118532999622403
L: 0.50, u_super: 0.00095 — INFEASIBLE (li_recovered=0.000e+00), time: 0.007491460999517585
L: 0.50, u_super: 0.00537, sec: 296.523, prod: 0.121121, t_ads: 36.2, t_des: 32.4, bed_util_ads: 0.499, bed_util_des: 0.499, des_th: 0.4992099284515131,frac_lost: 0.103, li_recovered:  8.302, time: 0.017471932000262314
L: 0.50, u_super: 0.00920, sec: 531.712, prod: 0.208368, t_ads: 21.2, t_des: 19.5, bed_util_ads: 0.498, bed_util_des: 0.498, des_th: 0.49807558143135244,frac_lost: 0.105, li_recovered:  8.496, time: 0.014530690001265611
L: 32.72, u_super: 0.00881 — INFEASIBLE (li_recovered=0.000e+00), time: 0.004429261998666334
L: 0.50, u_super: 0.00076, sec: 46.195, prod: 0.014620, t_ads: 247.1, t_des: 304.4, bed_util_ads: 0.439, bed_util_des: 0.434, des_th: 0.4342155385846825,frac_lost: 0.103, li_recovered:  8.064, time: 0.025058238999918103
L: 0.50, u_super: 0.00432, sec: 235.890, prod: 0.097207, t_ads: 45.0, t_des: 41.2, bed_util_ads: 0.497, bed_util_des: 0.496, des_th: 0.49642082405004756,frac_lost: 0.105, li_recovered:  8.379, time: 0.021737856000981992
L: 0.50, u_super: 0.00577, sec: 319.800, prod: 0.130652, t_ads: 33.6, t_des: 30.8, bed_util_ads: 0.496, bed_util_des: 0.496, des_th: 0.49620381577536254,frac_lost: 0.101, li_recovered:  8.414, time: 0.020960132000254816
L: 0.50, u_super: 0.00797, sec: 452.764, prod: 0.180651, t_ads: 24.4, t_des: 22.0, bed_util_ads: 0.499, bed_util_des: 0.499, des_th: 0.4990762419494852,frac_lost: 0.101, li_recovered:  8.377, time: 0.015276846999768168
L: 2.45, u_super: 0.00272 — INFEASIBLE (li_recovered=0.000e+00), time: 0.009551465998811182
L: 18.25, u_super: 0.00005 — INFEASIBLE (li_recovered=0.000e+00), time: 0.0020115639999858104
L: 0.50, u_super: 0.00798, sec: 463.850, prod: 0.177125, t_ads: 24.6, t_des: 24.3, bed_util_ads: 0.488, bed_util_des: 0.487, des_th: 0.4873752126141182,frac_lost: 0.108, li_recovered:  8.660, time: 0.013908028000514605
L: 0.50, u_super: 0.00891, sec: 513.140, prod: 0.201983, t_ads: 21.9, t_des: 19.9, bed_util_ads: 0.499, bed_util_des: 0.499, des_th: 0.4986910239517181,frac_lost: 0.105, li_recovered:  8.447, time: 0.014628864999394864
L: 0.50, u_super: 0.00918, sec: 530.636, prod: 0.207764, t_ads: 21.3, t_des: 19.5, bed_util_ads: 0.498, bed_util_des: 0.498, des_th: 0.49819404194264116,frac_lost: 0.107, li_recovered:  8.490, time: 0.01730959700034873
L: 0.50, u_super: 0.00577, sec: 320.061, prod: 0.130302, t_ads: 33.7, t_des: 31.2, bed_util_ads: 0.495, bed_util_des: 0.495, des_th: 0.4951262535773367,frac_lost: 0.104, li_recovered:  8.464, time: 0.014789406001000316
L: 0.50, u_super: 0.00821, sec: 469.852, prod: 0.185582, t_ads: 23.9, t_des: 21.9, bed_util_ads: 0.499, bed_util_des: 0.498, des_th: 0.49841257510990816,frac_lost: 0.108, li_recovered:  8.494, time: 0.026045864000479924
L: 1.37, u_super: 0.00444, sec: 691.227, prod: 0.096322, t_ads: 118.1, t_des: 100.8, bed_util_ads: 0.499, bed_util_des: 0.498, des_th: 0.4983571803686507,frac_lost: 0.106, li_recovered:  21.083, time: 0.01681238399942231
L: 0.50, u_super: 0.00175, sec: 95.294, prod: 0.037979, t_ads: 109.4, t_des: 93.4, bed_util_ads: 0.498, bed_util_des: 0.498, des_th: 0.49769738613410475,frac_lost: 0.103, li_recovered:  7.701, time: 0.01640465399941604
L: 0.50, u_super: 0.00282, sec: 152.120, prod: 0.062994, t_ads: 68.2, t_des: 60.8, bed_util_ads: 0.497, bed_util_des: 0.497, des_th: 0.4967365884981683,frac_lost: 0.101, li_recovered:  8.128, time: 0.01749201800157607
L: 0.50, u_super: 0.00031, sec: 59.433, prod: 0.001928, t_ads: 634.9, t_des: 3902.9, bed_util_ads: 0.238, bed_util_des: 0.186, des_th: 0.18640251158549465,frac_lost: 0.105, li_recovered:  8.750, time: 0.05141737200028729
L: 0.50, u_super: 0.00268, sec: 153.781, prod: 0.056008, t_ads: 72.2, t_des: 80.5, bed_util_ads: 0.469, bed_util_des: 0.468, des_th: 0.46783320611435747,frac_lost: 0.103, li_recovered:  8.551, time: 0.016179162999833352
L: 0.50, u_super: 0.00323, sec: 175.048, prod: 0.072119, t_ads: 59.7, t_des: 52.4, bed_util_ads: 0.500, bed_util_des: 0.500, des_th: 0.49957073446559924,frac_lost: 0.100, li_recovered:  8.079, time: 0.009555485001328634
L: 0.50, u_super: 0.00011, sec: 10.836, prod: 0.001413, t_ads: 1631.8, t_des: 3782.3, bed_util_ads: 0.279, bed_util_des: 0.217, des_th: 0.21672068066158784,frac_lost: 0.104, li_recovered:  7.649, time: 0.019402007999815396
L: 0.50, u_super: 0.00475, sec: 260.518, prod: 0.106806, t_ads: 41.1, t_des: 37.4, bed_util_ads: 0.498, bed_util_des: 0.497, des_th: 0.49733433869242055,frac_lost: 0.107, li_recovered:  8.385, time: 0.014517113000692916
L: 0.50, u_super: 0.00839, sec: 479.262, prod: 0.190462, t_ads: 23.1, t_des: 20.8, bed_util_ads: 0.500, bed_util_des: 0.499, des_th: 0.4994053838075627,frac_lost: 0.100, li_recovered:  8.376, time: 0.011703257001499878
   908 |    36320 |     40 |  0.0046438406 |             f
L: 6.17, u_super: 0.00872 — INFEASIBLE (li_recovered=0.000e+00), time: 0.00565110800016555
L: 0.50, u_super: 0.00494, sec: 271.302, prod: 0.111328, t_ads: 39.4, t_des: 36.0, bed_util_ads: 0.497, bed_util_des: 0.496, des_th: 0.49642082405004756,frac_lost: 0.105, li_recovered:  8.396, time: 0.017811601001085364
L: 0.50, u_super: 0.00406, sec: 221.140, prod: 0.091223, t_ads: 47.9, t_des: 43.4, bed_util_ads: 0.496, bed_util_des: 0.496, des_th: 0.4961516342556269,frac_lost: 0.106, li_recovered:  8.330, time: 0.014845284000330139
L: 0.50, u_super: 0.00764, sec: 433.453, prod: 0.172741, t_ads: 25.6, t_des: 23.3, bed_util_ads: 0.499, bed_util_des: 0.499, des_th: 0.4987504051124891,frac_lost: 0.107, li_recovered:  8.442, time: 0.018854405001548002
L: 2.75, u_super: 0.00728 — INFEASIBLE (li_recovered=0.000e+00), time: 0.007848257999285124
L: 0.50, u_super: 0.00724, sec: 409.218, prod: 0.163684, t_ads: 27.0, t_des: 24.5, bed_util_ads: 0.499, bed_util_des: 0.499, des_th: 0.498862076738547,frac_lost: 0.107, li_recovered:  8.435, time: 0.017331279001155053
L: 59.97, u_super: 0.00508 — INFEASIBLE (li_recovered=0.000e+00), time: 0.0025353319997520884
L: 0.50, u_super: 0.00011, sec: 10.669, prod: 0.001435, t_ads: 1614.0, t_des: 3652.2, bed_util_ads: 0.281, bed_util_des: 0.220, des_th: 0.2205826596214958,frac_lost: 0.102, li_recovered:  7.557, time: 0.018994990999999573
L: 0.50, u_super: 0.00323, sec: 174.676, prod: 0.072273, t_ads: 59.8, t_des: 53.2, bed_util_ads: 0.499, bed_util_des: 0.499, des_th: 0.4986826939954836,frac_lost: 0.102, li_recovered:  8.166, time: 0.011763263999455376
L: 28.04, u_super: 0.00598, sec: 43406.923, prod: 0.058108, t_ads: 1854.9, t_des: 6284.2, bed_util_ads: 0.244, bed_util_des: 0.162, des_th: 0.16223973055642565,frac_lost: 0.102, li_recovered:  472.949, time: 0.02391891899969778
L: 0.50, u_super: 0.00402, sec: 218.539, prod: 0.090294, t_ads: 48.4, t_des: 44.3, bed_util_ads: 0.496, bed_util_des: 0.496, des_th: 0.4961503140794712,frac_lost: 0.105, li_recovered:  8.370, time: 0.010866090000490658
L: 0.50, u_super: 0.00032 — INFEASIBLE (li_recovered=0.000e+00), time: 0.005288401998768677
L: 0.50, u_super: 0.00519, sec: 285.520, prod: 0.117124, t_ads: 37.4, t_des: 34.0, bed_util_ads: 0.498, bed_util_des: 0.497, des_th: 0.497319417243335,frac_lost: 0.103, li_recovered:  8.361, time: 0.008685306000188575
L: 0.50, u_super: 0.00636, sec: 444.791, prod: 0.114925, t_ads: 30.8, t_des: 44.9, bed_util_ads: 0.439, bed_util_des: 0.438, des_th: 0.43779244536407574,frac_lost: 0.108, li_recovered:  8.702, time: 0.01309019700056524
L: 0.50, u_super: 0.00905, sec: 522.679, prod: 0.205012, t_ads: 21.6, t_des: 19.8, bed_util_ads: 0.498, bed_util_des: 0.498, des_th: 0.49804717050510156,frac_lost: 0.106, li_recovered:  8.486, time: 0.007873488000768702
L: 0.50, u_super: 0.00765, sec: 434.909, prod: 0.172945, t_ads: 25.6, t_des: 22.9, bed_util_ads: 0.500, bed_util_des: 0.500, des_th: 0.4997644615809763,frac_lost: 0.108, li_recovered:  8.391, time: 0.011941987999307457
L: 0.50, u_super: 0.00990, sec: 576.324, prod: 0.224689, t_ads: 19.7, t_des: 17.9, bed_util_ads: 0.500, bed_util_des: 0.499, des_th: 0.4994755260647604,frac_lost: 0.103, li_recovered:  8.456, time: 0.010422376999486005
L: 6.23, u_super: 0.00600 — INFEASIBLE (li_recovered=0.000e+00), time: 0.005524448000869597
L: 0.50, u_super: 0.00014 — INFEASIBLE (li_recovered=0.000e+00), time: 0.0022005680002621375
L: 0.50, u_super: 0.00773, sec: 439.786, prod: 0.174758, t_ads: 25.3, t_des: 22.6, bed_util_ads: 0.500, bed_util_des: 0.500, des_th: 0.49993362649468825,frac_lost: 0.107, li_recovered:  8.380, time: 0.01069943900074577
L: 53.13, u_super: 0.00987 — INFEASIBLE (li_recovered=0.000e+00), time: 0.0018291659998794785
L: 0.50, u_super: 0.00485, sec: 265.920, prod: 0.109269, t_ads: 40.1, t_des: 36.7, bed_util_ads: 0.496, bed_util_des: 0.496, des_th: 0.4962689436155203,frac_lost: 0.104, li_recovered:  8.388, time: 0.009526174999336945
L: 0.50, u_super: 0.00321, sec: 173.950, prod: 0.071682, t_ads: 60.0, t_des: 52.8, bed_util_ads: 0.500, bed_util_des: 0.499, des_th: 0.49944038341082925,frac_lost: 0.101, li_recovered:  8.085, time: 0.014139120001345873
L: 0.50, u_super: 0.00122, sec: 66.088, prod: 0.026545, t_ads: 155.8, t_des: 143.0, bed_util_ads: 0.487, bed_util_des: 0.486, des_th: 0.4859157003829168,frac_lost: 0.106, li_recovered:  7.930, time: 0.014392925999345607
L: 0.50, u_super: 0.00032 — INFEASIBLE (li_recovered=0.000e+00), time: 0.00704925500031095
L: 0.50, u_super: 0.00433, sec: 236.296, prod: 0.097406, t_ads: 44.9, t_des: 40.7, bed_util_ads: 0.497, bed_util_des: 0.496, des_th: 0.49642082405004756,frac_lost: 0.105, li_recovered:  8.334, time: 0.017566820000865846
L: 0.50, u_super: 0.00990, sec: 576.015, prod: 0.224810, t_ads: 19.7, t_des: 17.9, bed_util_ads: 0.500, bed_util_des: 0.499, des_th: 0.49941800771673645,frac_lost: 0.102, li_recovered:  8.443, time: 0.016132921999087557
L: 0.50, u_super: 0.00362, sec: 196.636, prod: 0.081253, t_ads: 53.7, t_des: 48.6, bed_util_ads: 0.497, bed_util_des: 0.497, des_th: 0.4967365884981683,frac_lost: 0.107, li_recovered:  8.307, time: 0.013326645999768516
L: 0.50, u_super: 0.00005 — INFEASIBLE (li_recovered=0.000e+00), time: 0.0021506079992832383
L: 0.50, u_super: 0.00966, sec: 561.087, prod: 0.219239, t_ads: 20.2, t_des: 18.4, bed_util_ads: 0.500, bed_util_des: 0.499, des_th: 0.49941800771673645,frac_lost: 0.104, li_recovered:  8.449, time: 0.01946523399965372
L: 0.50, u_super: 0.00175, sec: 95.294, prod: 0.037979, t_ads: 109.4, t_des: 93.4, bed_util_ads: 0.498, bed_util_des: 0.498, des_th: 0.49769738613410475,frac_lost: 0.103, li_recovered:  7.701, time: 0.014972827999372385
L: 0.50, u_super: 0.00471, sec: 258.323, prod: 0.106252, t_ads: 41.2, t_des: 37.7, bed_util_ads: 0.497, bed_util_des: 0.496, des_th: 0.4964357454991331,frac_lost: 0.104, li_recovered:  8.387, time: 0.00877005599977565
L: 0.50, u_super: 0.00119 — INFEASIBLE (li_recovered=0.000e+00), time: 0.007646850999663002
L: 0.50, u_super: 0.00728, sec: 410.729, prod: 0.164934, t_ads: 26.6, t_des: 23.8, bed_util_ads: 0.500, bed_util_des: 0.500, des_th: 0.49998143456629945,frac_lost: 0.100, li_recovered:  8.319, time: 0.011176134999914211
L: 0.50, u_super: 0.00475, sec: 261.032, prod: 0.106756, t_ads: 41.1, t_des: 36.5, bed_util_ads: 0.500, bed_util_des: 0.500, des_th: 0.4995801539677868,frac_lost: 0.107, li_recovered:  8.281, time: 0.013290946999404696
L: 0.50, u_super: 0.00598, sec: 331.868, prod: 0.135170, t_ads: 32.5, t_des: 29.8, bed_util_ads: 0.496, bed_util_des: 0.496, des_th: 0.4962825255474199,frac_lost: 0.102, li_recovered:  8.419, time: 0.014354365001054248
L: 22.81, u_super: 0.00388 — INFEASIBLE (li_recovered=0.000e+00), time: 0.0022560199995496077
L: 0.50, u_super: 0.00425, sec: 232.060, prod: 0.095580, t_ads: 45.8, t_des: 41.8, bed_util_ads: 0.497, bed_util_des: 0.496, des_th: 0.4962726832765866,frac_lost: 0.106, li_recovered:  8.375, time: 0.011824318000435596
L: 0.50, u_super: 0.00547, sec: 2684.990, prod: 0.013898, t_ads: 35.8, t_des: 595.9, bed_util_ads: 0.187, bed_util_des: 0.183, des_th: 0.18251415210080407,frac_lost: 0.101, li_recovered:  8.780, time: 0.14793306299907272
L: 0.50, u_super: 0.00729, sec: 410.999, prod: 0.165081, t_ads: 26.6, t_des: 23.8, bed_util_ads: 0.500, bed_util_des: 0.500, des_th: 0.4999811650604325,frac_lost: 0.100, li_recovered:  8.326, time: 0.017452994999985094
   909 |    36360 |     40 |  0.0025886259 |             f
L: 0.50, u_super: 0.00272, sec: 147.220, prod: 0.060608, t_ads: 70.7, t_des: 62.2, bed_util_ads: 0.499, bed_util_des: 0.499, des_th: 0.49890111047713787,frac_lost: 0.102, li_recovered:  8.055, time: 0.010360200998547953
L: 0.50, u_super: 0.00903, sec: 4922.204, prod: 0.021656, t_ads: 21.7, t_des: 383.7, bed_util_ads: 0.184, bed_util_des: 0.181, des_th: 0.1809435904511737,frac_lost: 0.103, li_recovered:  8.780, time: 0.12449340599960124
L: 0.50, u_super: 0.00848, sec: 557.546, prod: 0.167486, t_ads: 23.0, t_des: 29.0, bed_util_ads: 0.458, bed_util_des: 0.458, des_th: 0.4575192888478034,frac_lost: 0.105, li_recovered:  8.712, time: 0.0229403210014425
L: 0.50, u_super: 0.00625, sec: 348.757, prod: 0.141301, t_ads: 31.1, t_des: 27.8, bed_util_ads: 0.500, bed_util_des: 0.500, des_th: 0.4995155707068647,frac_lost: 0.103, li_recovered:  8.320, time: 0.01779675499892619
L: 0.50, u_super: 0.00230, sec: 153.072, prod: 0.041192, t_ads: 84.0, t_des: 123.7, bed_util_ads: 0.432, bed_util_des: 0.429, des_th: 0.429373574900332,frac_lost: 0.101, li_recovered:  8.556, time: 0.021168666000448866
L: 1.81, u_super: 0.00005 — INFEASIBLE (li_recovered=0.000e+00), time: 0.0018441599986545043
L: 21.19, u_super: 0.00175 — INFEASIBLE (li_recovered=0.000e+00), time: 0.0023212449996208306
L: 0.50, u_super: 0.00648, sec: 361.912, prod: 0.146513, t_ads: 30.0, t_des: 26.8, bed_util_ads: 0.500, bed_util_des: 0.500, des_th: 0.49960078991589935,frac_lost: 0.101, li_recovered:  8.312, time: 0.022275772998909815
L: 0.50, u_super: 0.00362, sec: 196.666, prod: 0.081240, t_ads: 53.7, t_des: 48.7, bed_util_ads: 0.497, bed_util_des: 0.496, des_th: 0.4964735843280839,frac_lost: 0.107, li_recovered:  8.318, time: 0.021573307998551172
L: 0.50, u_super: 0.00941, sec: 544.821, prod: 0.213631, t_ads: 20.7, t_des: 18.8, bed_util_ads: 0.498, bed_util_des: 0.498, des_th: 0.49817700016235433,frac_lost: 0.103, li_recovered:  8.448, time: 0.01814427300087118
L: 2.01, u_super: 0.00272 — INFEASIBLE (li_recovered=0.000e+00), time: 0.008472116000120877
L: 0.50, u_super: 0.00005, sec: 5.919, prod: 0.000489, t_ads: 2232.4, t_des: 2587.4, bed_util_ads: 0.257, bed_util_des: 0.241, des_th: 0.24147328300826204,frac_lost: 0.101, li_recovered:  2.357, time: 0.01336190300025919
L: 0.50, u_super: 0.00905, sec: 593.085, prod: 0.180675, t_ads: 21.6, t_des: 26.7, bed_util_ads: 0.460, bed_util_des: 0.460, des_th: 0.45983074085456793,frac_lost: 0.104, li_recovered:  8.714, time: 0.01487320100022771
L: 0.50, u_super: 0.00330, sec: 179.475, prod: 0.073742, t_ads: 58.9, t_des: 51.8, bed_util_ads: 0.500, bed_util_des: 0.499, des_th: 0.49933054749536454,frac_lost: 0.108, li_recovered:  8.162, time: 0.01450132200079679
L: 69.10, u_super: 0.00952 — INFEASIBLE (li_recovered=0.000e+00), time: 0.002395728999545099
L: 0.50, u_super: 0.00881, sec: 530.626, prod: 0.190601, t_ads: 22.2, t_des: 23.4, bed_util_ads: 0.480, bed_util_des: 0.480, des_th: 0.4796591691598488,frac_lost: 0.107, li_recovered:  8.702, time: 0.02076121800018882
L: 0.50, u_super: 0.00157, sec: 85.887, prod: 0.033971, t_ads: 121.9, t_des: 103.9, bed_util_ads: 0.498, bed_util_des: 0.498, des_th: 0.49762975330660725,frac_lost: 0.106, li_recovered:  7.671, time: 0.02238303500053007
L: 0.50, u_super: 0.00644, sec: 359.247, prod: 0.145846, t_ads: 30.1, t_des: 27.2, bed_util_ads: 0.499, bed_util_des: 0.499, des_th: 0.498862076738547,frac_lost: 0.100, li_recovered:  8.364, time: 0.016423499000666197
L: 0.50, u_super: 0.00948, sec: 550.030, prod: 0.214779, t_ads: 20.6, t_des: 18.7, bed_util_ads: 0.500, bed_util_des: 0.500, des_th: 0.4999827638822102,frac_lost: 0.106, li_recovered:  8.448, time: 0.016650396000841283
L: 43.88, u_super: 0.00122 — INFEASIBLE (li_recovered=0.000e+00), time: 0.0026652409997041104
L: 0.50, u_super: 0.00650, sec: 363.097, prod: 0.147305, t_ads: 29.8, t_des: 27.0, bed_util_ads: 0.498, bed_util_des: 0.498, des_th: 0.497845845858114,frac_lost: 0.100, li_recovered:  8.372, time: 0.018699857999308733
L: 7.35, u_super: 0.00018 — INFEASIBLE (li_recovered=0.000e+00), time: 0.0024455379989376524
L: 0.50, u_super: 0.00764, sec: 432.788, prod: 0.173170, t_ads: 25.4, t_des: 23.0, bed_util_ads: 0.499, bed_util_des: 0.499, des_th: 0.4992083003487008,frac_lost: 0.102, li_recovered:  8.381, time: 0.016501699999935227
L: 0.50, u_super: 0.00568, sec: 314.202, prod: 0.128453, t_ads: 34.1, t_des: 31.0, bed_util_ads: 0.499, bed_util_des: 0.498, des_th: 0.49837335163340424,frac_lost: 0.101, li_recovered:  8.365, time: 0.018357704999289126
L: 0.50, u_super: 0.00076, sec: 44.304, prod: 0.015244, t_ads: 247.2, t_des: 279.1, bed_util_ads: 0.451, bed_util_des: 0.447, des_th: 0.4470951488806804,frac_lost: 0.105, li_recovered:  8.023, time: 0.018086319001668016
L: 0.50, u_super: 0.00939, sec: 544.068, prod: 0.212808, t_ads: 20.8, t_des: 18.9, bed_util_ads: 0.500, bed_util_des: 0.500, des_th: 0.4999320077817518,frac_lost: 0.106, li_recovered:  8.443, time: 0.016025179000280332
L: 5.93, u_super: 0.00905 — INFEASIBLE (li_recovered=0.000e+00), time: 0.0060982409995631315
L: 0.50, u_super: 0.00990, sec: 577.658, prod: 0.224170, t_ads: 19.8, t_des: 18.0, bed_util_ads: 0.500, bed_util_des: 0.500, des_th: 0.4997720686991284,frac_lost: 0.108, li_recovered:  8.464, time: 0.008528282000042964
L: 15.64, u_super: 0.00881 — INFEASIBLE (li_recovered=0.000e+00), time: 0.006870079998407164
L: 0.50, u_super: 0.00106, sec: 64.133, prod: 0.020653, t_ads: 180.1, t_des: 220.3, bed_util_ads: 0.447, bed_util_des: 0.443, des_th: 0.44348205168147986,frac_lost: 0.108, li_recovered:  8.271, time: 0.014828743998805294
L: 0.50, u_super: 0.00076, sec: 56.034, prod: 0.012052, t_ads: 249.4, t_des: 434.0, bed_util_ads: 0.396, bed_util_des: 0.387, des_th: 0.38681798161654646,frac_lost: 0.101, li_recovered:  8.237, time: 0.01744526400034374
L: 0.50, u_super: 0.00509, sec: 280.529, prod: 0.114770, t_ads: 38.2, t_des: 34.1, bed_util_ads: 0.500, bed_util_des: 0.500, des_th: 0.49990443171413984,frac_lost: 0.104, li_recovered:  8.290, time: 0.016047308999986853
L: 0.50, u_super: 0.00435, sec: 237.505, prod: 0.097710, t_ads: 44.7, t_des: 40.0, bed_util_ads: 0.498, bed_util_des: 0.498, des_th: 0.49808897485459525,frac_lost: 0.105, li_recovered:  8.283, time: 0.016728094000427518
L: 24.63, u_super: 0.00990 — INFEASIBLE (li_recovered=0.000e+00), time: 0.008266724000350223
L: 0.50, u_super: 0.00489, sec: 268.580, prod: 0.110249, t_ads: 39.8, t_des: 36.4, bed_util_ads: 0.497, bed_util_des: 0.496, des_th: 0.4965033783266302,frac_lost: 0.105, li_recovered:  8.400, time: 0.013799801999994088
L: 0.50, u_super: 0.00768, sec: 436.580, prod: 0.173656, t_ads: 25.5, t_des: 22.9, bed_util_ads: 0.500, bed_util_des: 0.500, des_th: 0.49993362649468825,frac_lost: 0.107, li_recovered:  8.397, time: 0.012678839000727748
L: 0.50, u_super: 0.00362, sec: 196.620, prod: 0.081259, t_ads: 53.7, t_des: 49.1, bed_util_ads: 0.495, bed_util_des: 0.495, des_th: 0.494556493546307,frac_lost: 0.107, li_recovered:  8.355, time: 0.017933783999978914
L: 0.50, u_super: 0.00948, sec: 606.872, prod: 0.194662, t_ads: 20.6, t_des: 24.2, bed_util_ads: 0.467, bed_util_des: 0.467, des_th: 0.4665963470006819,frac_lost: 0.104, li_recovered:  8.715, time: 0.011747242999263108
L: 0.50, u_super: 0.00880, sec: 519.840, prod: 0.193950, t_ads: 22.2, t_des: 22.6, bed_util_ads: 0.485, bed_util_des: 0.484, des_th: 0.4844336395072565,frac_lost: 0.105, li_recovered:  8.683, time: 0.01846249899972463
L: 0.50, u_super: 0.00682, sec: 383.675, prod: 0.153957, t_ads: 28.7, t_des: 26.1, bed_util_ads: 0.498, bed_util_des: 0.498, des_th: 0.49811163826627314,frac_lost: 0.108, li_recovered:  8.433, time: 0.016848654999193968
   910 |    36400 |     40 |  0.0039919227 |             f
L: 0.50, u_super: 0.00122, sec: 67.712, prod: 0.025908, t_ads: 155.6, t_des: 130.6, bed_util_ads: 0.497, bed_util_des: 0.497, des_th: 0.4973196877029467,frac_lost: 0.106, li_recovered:  7.416, time: 0.0135906250015978
L: 0.50, u_super: 0.00190, sec: 101.918, prod: 0.041932, t_ads: 101.6, t_des: 93.9, bed_util_ads: 0.491, bed_util_des: 0.490, des_th: 0.4900921335702281,frac_lost: 0.107, li_recovered:  8.199, time: 0.020188688000416732
L: 0.50, u_super: 0.00990, sec: 583.142, prod: 0.222062, t_ads: 19.7, t_des: 19.2, bed_util_ads: 0.490, bed_util_des: 0.490, des_th: 0.48996276693918345,frac_lost: 0.105, li_recovered:  8.641, time: 0.019324951999806217
L: 0.50, u_super: 0.00518, sec: 285.136, prod: 0.116874, t_ads: 37.5, t_des: 34.0, bed_util_ads: 0.499, bed_util_des: 0.498, des_th: 0.4983684043683587,frac_lost: 0.103, li_recovered:  8.360, time: 0.012527614999271464
L: 2.20, u_super: 0.00318, sec: 4118.918, prod: 0.013119, t_ads: 273.6, t_des: 2681.7, bed_util_ads: 0.215, bed_util_des: 0.186, des_th: 0.18590144213013055,frac_lost: 0.102, li_recovered:  38.769, time: 0.05356320700047945
L: 0.50, u_super: 0.00797, sec: 454.699, prod: 0.179882, t_ads: 24.6, t_des: 22.8, bed_util_ads: 0.496, bed_util_des: 0.496, des_th: 0.4961817525109422,frac_lost: 0.107, li_recovered:  8.528, time: 0.013796502998957294
L: 0.50, u_super: 0.00948, sec: 552.165, prod: 0.213949, t_ads: 20.6, t_des: 19.5, bed_util_ads: 0.494, bed_util_des: 0.494, des_th: 0.4936717621056017,frac_lost: 0.105, li_recovered:  8.590, time: 0.01360745300007693
L: 0.50, u_super: 0.00149, sec: 82.224, prod: 0.032089, t_ads: 128.3, t_des: 107.9, bed_util_ads: 0.499, bed_util_des: 0.499, des_th: 0.49917125968492615,frac_lost: 0.108, li_recovered:  7.578, time: 0.014607541999794194
L: 0.50, u_super: 0.00251, sec: 135.601, prod: 0.055690, t_ads: 76.8, t_des: 67.5, bed_util_ads: 0.498, bed_util_des: 0.498, des_th: 0.4978866790770637,frac_lost: 0.104, li_recovered:  8.038, time: 0.011831115001768922
L: 0.50, u_super: 0.00416, sec: 226.695, prod: 0.093439, t_ads: 46.8, t_des: 42.8, bed_util_ads: 0.497, bed_util_des: 0.496, des_th: 0.4964357454991331,frac_lost: 0.106, li_recovered:  8.374, time: 0.00927623300049163
L: 48.04, u_super: 0.00187 — INFEASIBLE (li_recovered=0.000e+00), time: 0.0010301960010110633
L: 0.50, u_super: 0.00793, sec: 539.979, prod: 0.149967, t_ads: 24.6, t_des: 33.4, bed_util_ads: 0.449, bed_util_des: 0.448, des_th: 0.4479119890132038,frac_lost: 0.105, li_recovered:  8.710, time: 0.012981933999981266
L: 0.50, u_super: 0.00329, sec: 178.727, prod: 0.073374, t_ads: 59.2, t_des: 52.1, bed_util_ads: 0.500, bed_util_des: 0.500, des_th: 0.4998902678887842,frac_lost: 0.109, li_recovered:  8.168, time: 0.01541573600115953
L: 0.50, u_super: 0.00400, sec: 217.802, prod: 0.089915, t_ads: 48.6, t_des: 44.0, bed_util_ads: 0.496, bed_util_des: 0.496, des_th: 0.4962195271247174,frac_lost: 0.105, li_recovered:  8.328, time: 0.018425718000798952
L: 0.50, u_super: 0.00881, sec: 507.084, prod: 0.199450, t_ads: 22.2, t_des: 20.4, bed_util_ads: 0.498, bed_util_des: 0.498, des_th: 0.49824602444884913,frac_lost: 0.106, li_recovered:  8.487, time: 0.017550800999742933
L: 0.50, u_super: 0.00471, sec: 258.323, prod: 0.106252, t_ads: 41.2, t_des: 37.7, bed_util_ads: 0.497, bed_util_des: 0.496, des_th: 0.4964357454991331,frac_lost: 0.104, li_recovered:  8.387, time: 0.017941198000698932
L: 4.84, u_super: 0.00728 — INFEASIBLE (li_recovered=0.000e+00), time: 0.010420661001262488
L: 0.50, u_super: 0.00821, sec: 469.852, prod: 0.185582, t_ads: 23.9, t_des: 21.9, bed_util_ads: 0.499, bed_util_des: 0.498, des_th: 0.49841257510990816,frac_lost: 0.108, li_recovered:  8.494, time: 0.0193177969995304
L: 0.50, u_super: 0.00731, sec: 459.544, prod: 0.148437, t_ads: 26.8, t_des: 31.9, bed_util_ads: 0.465, bed_util_des: 0.464, des_th: 0.4642669599217477,frac_lost: 0.106, li_recovered:  8.699, time: 0.018316772999241948
L: 0.50, u_super: 0.00131, sec: 71.932, prod: 0.027952, t_ads: 146.4, t_des: 149.4, bed_util_ads: 0.473, bed_util_des: 0.471, des_th: 0.47156219842824243,frac_lost: 0.106, li_recovered:  8.268, time: 0.015367723999588634
L: 0.50, u_super: 0.00230, sec: 123.729, prod: 0.050960, t_ads: 83.8, t_des: 80.3, bed_util_ads: 0.487, bed_util_des: 0.486, des_th: 0.48599242470909987,frac_lost: 0.103, li_recovered:  8.361, time: 0.015740834000098403
L: 0.50, u_super: 0.00213, sec: 115.863, prod: 0.046783, t_ads: 90.6, t_des: 77.8, bed_util_ads: 0.500, bed_util_des: 0.499, des_th: 0.4993864601726649,frac_lost: 0.107, li_recovered:  7.877, time: 0.015743198000564007
L: 0.50, u_super: 0.00556, sec: 307.063, prod: 0.125680, t_ads: 34.9, t_des: 32.4, bed_util_ads: 0.495, bed_util_des: 0.495, des_th: 0.4951262535773367,frac_lost: 0.101, li_recovered:  8.447, time: 0.012740836000375566
L: 0.50, u_super: 0.00881, sec: 507.058, prod: 0.199460, t_ads: 22.2, t_des: 20.3, bed_util_ads: 0.498, bed_util_des: 0.498, des_th: 0.498181453452025,frac_lost: 0.106, li_recovered:  8.483, time: 0.01365189300122438
L: 0.50, u_super: 0.00005 — INFEASIBLE (li_recovered=0.000e+00), time: 0.002292993000082788
L: 0.50, u_super: 0.00537, sec: 296.359, prod: 0.121189, t_ads: 36.2, t_des: 32.4, bed_util_ads: 0.500, bed_util_des: 0.500, des_th: 0.49984932448149866,frac_lost: 0.102, li_recovered:  8.305, time: 0.011676658999931533
L: 0.50, u_super: 0.00400, sec: 217.741, prod: 0.089933, t_ads: 48.6, t_des: 44.5, bed_util_ads: 0.496, bed_util_des: 0.496, des_th: 0.4957541436520079,frac_lost: 0.105, li_recovered:  8.374, time: 0.013509902999430778
L: 0.50, u_super: 0.00410, sec: 223.742, prod: 0.092225, t_ads: 47.4, t_des: 43.9, bed_util_ads: 0.495, bed_util_des: 0.494, des_th: 0.4943584195182274,frac_lost: 0.106, li_recovered:  8.418, time: 0.013720965000175056
L: 0.50, u_super: 0.00074, sec: 43.056, prod: 0.014875, t_ads: 254.0, t_des: 283.8, bed_util_ads: 0.451, bed_util_des: 0.447, des_th: 0.44736532353485314,frac_lost: 0.107, li_recovered:  8.001, time: 0.014226903000235325
L: 0.50, u_super: 0.00469, sec: 256.791, prod: 0.105607, t_ads: 41.5, t_des: 37.5, bed_util_ads: 0.498, bed_util_des: 0.498, des_th: 0.49808897485459525,frac_lost: 0.104, li_recovered:  8.336, time: 0.01247006700032216
L: 0.50, u_super: 0.00987, sec: 574.378, prod: 0.224029, t_ads: 19.7, t_des: 17.7, bed_util_ads: 0.500, bed_util_des: 0.500, des_th: 0.49977151146464055,frac_lost: 0.102, li_recovered:  8.394, time: 0.012825120000343304
L: 41.17, u_super: 0.00049 — INFEASIBLE (li_recovered=0.000e+00), time: 0.0013448879999486962
L: 0.50, u_super: 0.00568, sec: 314.354, prod: 0.128391, t_ads: 34.2, t_des: 31.0, bed_util_ads: 0.499, bed_util_des: 0.498, des_th: 0.49835735377267715,frac_lost: 0.102, li_recovered:  8.375, time: 0.010597671000141418
L: 0.50, u_super: 0.00905, sec: 522.434, prod: 0.205064, t_ads: 21.6, t_des: 19.8, bed_util_ads: 0.498, bed_util_des: 0.498, des_th: 0.49797795745938794,frac_lost: 0.105, li_recovered:  8.494, time: 0.013686280999536393
L: 0.50, u_super: 0.00362, sec: 196.833, prod: 0.081172, t_ads: 53.8, t_des: 49.6, bed_util_ads: 0.495, bed_util_des: 0.494, des_th: 0.4944869730421616,frac_lost: 0.108, li_recovered:  8.393, time: 0.012163218998466618
L: 0.50, u_super: 0.00157, sec: 85.887, prod: 0.033971, t_ads: 121.9, t_des: 103.9, bed_util_ads: 0.498, bed_util_des: 0.498, des_th: 0.49762975330660725,frac_lost: 0.106, li_recovered:  7.671, time: 0.015280644000085886
L: 0.50, u_super: 0.00949, sec: 549.769, prod: 0.215222, t_ads: 20.5, t_des: 18.5, bed_util_ads: 0.500, bed_util_des: 0.500, des_th: 0.4995801539677868,frac_lost: 0.103, li_recovered:  8.403, time: 0.011750998000934487
L: 79.34, u_super: 0.00263 — INFEASIBLE (li_recovered=0.000e+00), time: 0.0017146040008810814
L: 0.50, u_super: 0.00005, sec: 4.407, prod: 0.000657, t_ads: 3148.4, t_des: 4919.0, bed_util_ads: 0.256, bed_util_des: 0.202, des_th: 0.20249077408042734,frac_lost: 0.101, li_recovered:  5.299, time: 0.015510949000599794
L: 0.50, u_super: 0.00501, sec: 279.329, prod: 0.111305, t_ads: 38.8, t_des: 38.4, bed_util_ads: 0.486, bed_util_des: 0.486, des_th: 0.4859157003829168,frac_lost: 0.103, li_recovered:  8.595, time: 0.012951570999575779
   911 |    36440 |     40 |  0.0014738375 |             f
L: 0.50, u_super: 0.00043 — INFEASIBLE (li_recovered=0.000e+00), time: 0.009069044999705511
L: 0.50, u_super: 0.00987, sec: 574.889, prod: 0.223899, t_ads: 19.8, t_des: 17.9, bed_util_ads: 0.499, bed_util_des: 0.499, des_th: 0.4993642854325356,frac_lost: 0.105, li_recovered:  8.442, time: 0.015548733001196524
L: 0.50, u_super: 0.00759, sec: 429.673, prod: 0.172041, t_ads: 25.6, t_des: 22.9, bed_util_ads: 0.500, bed_util_des: 0.500, des_th: 0.4999205516954111,frac_lost: 0.100, li_recovered:  8.329, time: 0.013063563999821781
L: 9.06, u_super: 0.00822 — INFEASIBLE (li_recovered=0.000e+00), time: 0.008787255999777699
L: 0.50, u_super: 0.00129, sec: 69.965, prod: 0.028241, t_ads: 146.7, t_des: 134.2, bed_util_ads: 0.487, bed_util_des: 0.486, des_th: 0.48599242470909987,frac_lost: 0.103, li_recovered:  7.934, time: 0.010597177000818192
L: 0.50, u_super: 0.00067, sec: 38.704, prod: 0.013517, t_ads: 277.7, t_des: 306.4, bed_util_ads: 0.451, bed_util_des: 0.447, des_th: 0.4470951488806804,frac_lost: 0.103, li_recovered:  7.896, time: 0.013476846999765257
L: 0.50, u_super: 0.00625, sec: 2465.046, prod: 0.019991, t_ads: 31.4, t_des: 407.7, bed_util_ads: 0.207, bed_util_des: 0.203, des_th: 0.2033001008506498,frac_lost: 0.104, li_recovered:  8.778, time: 0.08537169199917116
L: 0.50, u_super: 0.00290, sec: 156.950, prod: 0.064635, t_ads: 66.4, t_des: 58.3, bed_util_ads: 0.499, bed_util_des: 0.499, des_th: 0.4987263314571917,frac_lost: 0.102, li_recovered:  8.063, time: 0.015903514000456198
L: 0.50, u_super: 0.00251, sec: 135.601, prod: 0.055690, t_ads: 76.8, t_des: 67.5, bed_util_ads: 0.498, bed_util_des: 0.498, des_th: 0.4978866790770637,frac_lost: 0.104, li_recovered:  8.038, time: 0.012341065999862622
L: 0.50, u_super: 0.00821, sec: 469.413, prod: 0.185756, t_ads: 23.8, t_des: 21.6, bed_util_ads: 0.499, bed_util_des: 0.498, des_th: 0.4984616564357156,frac_lost: 0.107, li_recovered:  8.439, time: 0.02207323000038741
L: 0.50, u_super: 0.00987, sec: 575.014, prod: 0.223781, t_ads: 19.8, t_des: 18.0, bed_util_ads: 0.500, bed_util_des: 0.500, des_th: 0.49979028546619714,frac_lost: 0.105, li_recovered:  8.458, time: 0.01636551000046893
L: 0.50, u_super: 0.00944, sec: 546.839, prod: 0.213929, t_ads: 20.7, t_des: 18.8, bed_util_ads: 0.498, bed_util_des: 0.498, des_th: 0.49835045022583474,frac_lost: 0.105, li_recovered:  8.460, time: 0.014767550999749801
L: 0.50, u_super: 0.00636, sec: 354.812, prod: 0.143773, t_ads: 30.6, t_des: 28.2, bed_util_ads: 0.496, bed_util_des: 0.496, des_th: 0.4962825255474199,frac_lost: 0.103, li_recovered:  8.457, time: 0.015882916000919067
L: 0.50, u_super: 0.00840, sec: 479.931, prod: 0.190764, t_ads: 23.1, t_des: 20.9, bed_util_ads: 0.499, bed_util_des: 0.499, des_th: 0.4986910239517181,frac_lost: 0.100, li_recovered:  8.396, time: 0.023831185999370064
L: 0.50, u_super: 0.00011, sec: 10.639, prod: 0.001439, t_ads: 1616.0, t_des: 3629.5, bed_util_ads: 0.282, bed_util_des: 0.221, des_th: 0.22128149369446393,frac_lost: 0.103, li_recovered:  7.548, time: 0.0254677860011725
L: 0.50, u_super: 0.00650, sec: 365.509, prod: 0.146333, t_ads: 30.1, t_des: 28.3, bed_util_ads: 0.495, bed_util_des: 0.494, des_th: 0.4943039924717258,frac_lost: 0.108, li_recovered:  8.542, time: 0.02295283199964615
L: 0.50, u_super: 0.00282, sec: 179.094, prod: 0.053506, t_ads: 68.8, t_des: 91.7, bed_util_ads: 0.447, bed_util_des: 0.445, des_th: 0.4450857779406478,frac_lost: 0.105, li_recovered:  8.591, time: 0.014156334000290371
L: 0.50, u_super: 0.00586, sec: 325.097, prod: 0.132678, t_ads: 33.1, t_des: 30.4, bed_util_ads: 0.497, bed_util_des: 0.496, des_th: 0.49633594447284807,frac_lost: 0.101, li_recovered:  8.424, time: 0.012748483999530436
L: 0.50, u_super: 0.00228, sec: 122.539, prod: 0.050664, t_ads: 84.7, t_des: 79.0, bed_util_ads: 0.490, bed_util_des: 0.490, des_th: 0.48973177083899655,frac_lost: 0.105, li_recovered:  8.292, time: 0.012128848999054753
L: 9.49, u_super: 0.00650 — INFEASIBLE (li_recovered=0.000e+00), time: 0.00900125900079729
L: 0.50, u_super: 0.00400, sec: 217.717, prod: 0.089943, t_ads: 48.5, t_des: 44.0, bed_util_ads: 0.497, bed_util_des: 0.496, des_th: 0.49649454499126583,frac_lost: 0.105, li_recovered:  8.327, time: 0.020253382001101272
L: 0.50, u_super: 0.00005 — INFEASIBLE (li_recovered=0.000e+00), time: 0.0023880949993326794
L: 85.95, u_super: 0.00764 — INFEASIBLE (li_recovered=0.000e+00), time: 0.003535665000526933
L: 0.50, u_super: 0.00919, sec: 532.908, prod: 0.207613, t_ads: 21.3, t_des: 20.0, bed_util_ads: 0.495, bed_util_des: 0.495, des_th: 0.494521144417791,frac_lost: 0.106, li_recovered:  8.565, time: 0.016985584001304233
L: 16.98, u_super: 0.00190 — INFEASIBLE (li_recovered=0.000e+00), time: 0.0019354650012246566
L: 0.50, u_super: 0.00400, sec: 217.795, prod: 0.089911, t_ads: 48.6, t_des: 44.3, bed_util_ads: 0.496, bed_util_des: 0.496, des_th: 0.49570506194251773,frac_lost: 0.106, li_recovered:  8.355, time: 0.01588969800104678
L: 0.50, u_super: 0.00797, sec: 454.302, prod: 0.180039, t_ads: 24.6, t_des: 22.3, bed_util_ads: 0.500, bed_util_des: 0.500, des_th: 0.49992532169660764,frac_lost: 0.109, li_recovered:  8.447, time: 0.021663573999830987
L: 0.50, u_super: 0.00043, sec: 24.967, prod: 0.008571, t_ads: 414.1, t_des: 414.4, bed_util_ads: 0.451, bed_util_des: 0.447, des_th: 0.44764114791331255,frac_lost: 0.100, li_recovered:  7.101, time: 0.01689473800070118
L: 26.83, u_super: 0.00005 — INFEASIBLE (li_recovered=0.000e+00), time: 0.002174234999984037
L: 22.50, u_super: 0.00625 — INFEASIBLE (li_recovered=0.000e+00), time: 0.004976598998837289
L: 0.50, u_super: 0.00321, sec: 173.950, prod: 0.071682, t_ads: 60.0, t_des: 52.8, bed_util_ads: 0.500, bed_util_des: 0.499, des_th: 0.49944038341082925,frac_lost: 0.101, li_recovered:  8.085, time: 0.01634087599995837
L: 4.97, u_super: 0.00361, sec: 2266.561, prod: 0.069363, t_ads: 479.6, t_des: 454.7, bed_util_ads: 0.450, bed_util_des: 0.448, des_th: 0.4480269896162258,frac_lost: 0.103, li_recovered:  64.807, time: 0.01264949600044929
L: 0.50, u_super: 0.00369, sec: 200.901, prod: 0.082567, t_ads: 52.9, t_des: 47.0, bed_util_ads: 0.499, bed_util_des: 0.498, des_th: 0.4984682112467542,frac_lost: 0.109, li_recovered:  8.245, time: 0.017021346999172238
L: 0.50, u_super: 0.00719, sec: 405.976, prod: 0.162439, t_ads: 27.2, t_des: 24.4, bed_util_ads: 0.500, bed_util_des: 0.500, des_th: 0.4999811650604325,frac_lost: 0.107, li_recovered:  8.378, time: 0.014440843999182107
L: 0.50, u_super: 0.00244, sec: 131.573, prod: 0.054036, t_ads: 79.2, t_des: 69.7, bed_util_ads: 0.498, bed_util_des: 0.498, des_th: 0.49806846671272453,frac_lost: 0.105, li_recovered:  8.042, time: 0.01368504399943049
L: 0.50, u_super: 0.00852, sec: 498.157, prod: 0.189350, t_ads: 22.9, t_des: 22.8, bed_util_ads: 0.487, bed_util_des: 0.487, des_th: 0.48683407036476506,frac_lost: 0.106, li_recovered:  8.664, time: 0.011367905999577488
L: 0.50, u_super: 0.00005, sec: 4.330, prod: 0.000669, t_ads: 3436.3, t_des: 5823.9, bed_util_ads: 0.253, bed_util_des: 0.185, des_th: 0.1851696623157332,frac_lost: 0.103, li_recovered:  6.191, time: 0.01832935600032215
L: 35.98, u_super: 0.00222 — INFEASIBLE (li_recovered=0.000e+00), time: 0.0036486930002865847
L: 0.50, u_super: 0.00650, sec: 397.302, prod: 0.134526, t_ads: 30.1, t_des: 34.5, bed_util_ads: 0.469, bed_util_des: 0.469, des_th: 0.46891335675417656,frac_lost: 0.107, li_recovered:  8.689, time: 0.015108399000382633
L: 0.50, u_super: 0.00944, sec: 547.397, prod: 0.213955, t_ads: 20.7, t_des: 18.8, bed_util_ads: 0.500, bed_util_des: 0.499, des_th: 0.4994773355582065,frac_lost: 0.106, li_recovered:  8.449, time: 0.015409631998409168
   912 |    36480 |     40 |  0.0020550399 |             f
L: 0.50, u_super: 0.00400, sec: 217.765, prod: 0.089923, t_ads: 48.6, t_des: 44.4, bed_util_ads: 0.497, bed_util_des: 0.496, des_th: 0.49649015923816553,frac_lost: 0.106, li_recovered:  8.361, time: 0.010855194001123891
L: 0.50, u_super: 0.00454, sec: 248.502, prod: 0.102229, t_ads: 42.9, t_des: 39.2, bed_util_ads: 0.497, bed_util_des: 0.496, des_th: 0.4962825255474199,frac_lost: 0.105, li_recovered:  8.388, time: 0.012207743999169907
L: 0.50, u_super: 0.00347, sec: 188.358, prod: 0.077559, t_ads: 55.7, t_des: 49.0, bed_util_ads: 0.499, bed_util_des: 0.499, des_th: 0.4993037245881707,frac_lost: 0.102, li_recovered:  8.117, time: 0.010447648999615922
L: 5.65, u_super: 0.00369 — INFEASIBLE (li_recovered=0.000e+00), time: 0.006418450999262859
L: 8.02, u_super: 0.00797 — INFEASIBLE (li_recovered=0.000e+00), time: 0.008913532999940799
L: 0.50, u_super: 0.00990, sec: 5094.033, prod: 0.025421, t_ads: 19.8, t_des: 325.5, bed_util_ads: 0.189, bed_util_des: 0.187, des_th: 0.186716557409214,frac_lost: 0.102, li_recovered:  8.777, time: 0.1066521439988719
L: 0.50, u_super: 0.00076, sec: 48.400, prod: 0.013954, t_ads: 249.6, t_des: 332.5, bed_util_ads: 0.429, bed_util_des: 0.423, des_th: 0.4230936815190565,frac_lost: 0.107, li_recovered:  8.122, time: 0.01738530300099228
L: 0.50, u_super: 0.00464, sec: 254.764, prod: 0.104488, t_ads: 41.9, t_des: 37.3, bed_util_ads: 0.500, bed_util_des: 0.500, des_th: 0.4995653840002547,frac_lost: 0.105, li_recovered:  8.277, time: 0.009958414999346132
L: 0.50, u_super: 0.00790, sec: 450.832, prod: 0.178286, t_ads: 24.8, t_des: 23.0, bed_util_ads: 0.497, bed_util_des: 0.497, des_th: 0.4968926429760198,frac_lost: 0.109, li_recovered:  8.520, time: 0.018980401000590064
L: 0.50, u_super: 0.00848, sec: 501.033, prod: 0.186143, t_ads: 23.1, t_des: 23.6, bed_util_ads: 0.484, bed_util_des: 0.484, des_th: 0.4841553539155981,frac_lost: 0.105, li_recovered:  8.686, time: 0.015432070998940617
L: 0.50, u_super: 0.00831, sec: 475.277, prod: 0.188202, t_ads: 23.5, t_des: 21.3, bed_util_ads: 0.499, bed_util_des: 0.499, des_th: 0.49892445806743935,frac_lost: 0.106, li_recovered:  8.439, time: 0.01812458099993819
L: 0.50, u_super: 0.00551, sec: 304.300, prod: 0.124705, t_ads: 35.1, t_des: 31.8, bed_util_ads: 0.498, bed_util_des: 0.498, des_th: 0.4976700676559878,frac_lost: 0.100, li_recovered:  8.350, time: 0.018429191999530303
L: 0.50, u_super: 0.00560, sec: 310.265, prod: 0.126517, t_ads: 34.6, t_des: 32.5, bed_util_ads: 0.494, bed_util_des: 0.494, des_th: 0.4941756718908831,frac_lost: 0.102, li_recovered:  8.488, time: 0.019615098999565816
L: 0.50, u_super: 0.00709, sec: 435.601, prod: 0.146892, t_ads: 27.6, t_des: 31.6, bed_util_ads: 0.469, bed_util_des: 0.469, des_th: 0.4687478618990515,frac_lost: 0.106, li_recovered:  8.695, time: 0.022429504999308847
L: 0.50, u_super: 0.00122, sec: 66.121, prod: 0.026532, t_ads: 155.8, t_des: 142.5, bed_util_ads: 0.487, bed_util_des: 0.486, des_th: 0.486022136528127,frac_lost: 0.106, li_recovered:  7.914, time: 0.013877776000299491
L: 0.50, u_super: 0.00172, sec: 93.743, prod: 0.037492, t_ads: 110.9, t_des: 111.8, bed_util_ads: 0.478, bed_util_des: 0.477, des_th: 0.47699091464107457,frac_lost: 0.101, li_recovered:  8.353, time: 0.014326697999422322
L: 0.50, u_super: 0.00221, sec: 118.945, prod: 0.049091, t_ads: 87.4, t_des: 80.4, bed_util_ads: 0.491, bed_util_des: 0.491, des_th: 0.49080843479448455,frac_lost: 0.107, li_recovered:  8.240, time: 0.018858345998523873
L: 75.99, u_super: 0.00624 — INFEASIBLE (li_recovered=0.000e+00), time: 0.0031072109995875508
L: 0.50, u_super: 0.00729, sec: 413.107, prod: 0.164239, t_ads: 26.8, t_des: 25.2, bed_util_ads: 0.495, bed_util_des: 0.495, des_th: 0.49469685064076,frac_lost: 0.107, li_recovered:  8.550, time: 0.015586113000608748
L: 0.50, u_super: 0.00435, sec: 237.454, prod: 0.097732, t_ads: 44.8, t_des: 40.4, bed_util_ads: 0.498, bed_util_des: 0.498, des_th: 0.49819866666523677,frac_lost: 0.106, li_recovered:  8.321, time: 0.012253815999429207
L: 0.50, u_super: 0.00881, sec: 507.005, prod: 0.199481, t_ads: 22.2, t_des: 20.3, bed_util_ads: 0.498, bed_util_des: 0.498, des_th: 0.498180891939779,frac_lost: 0.106, li_recovered:  8.484, time: 0.013678612998774042
L: 16.84, u_super: 0.00637 — INFEASIBLE (li_recovered=0.000e+00), time: 0.006804568000006839
L: 0.50, u_super: 0.00122, sec: 66.993, prod: 0.026187, t_ads: 155.4, t_des: 134.2, bed_util_ads: 0.493, bed_util_des: 0.492, des_th: 0.4922517290538793,frac_lost: 0.105, li_recovered:  7.585, time: 0.014926444999218802
L: 0.50, u_super: 0.00964, sec: 560.325, prod: 0.218495, t_ads: 20.3, t_des: 18.4, bed_util_ads: 0.500, bed_util_des: 0.500, des_th: 0.49988095551454836,frac_lost: 0.106, li_recovered:  8.447, time: 0.013556039000832243
L: 0.50, u_super: 0.00005 — INFEASIBLE (li_recovered=0.000e+00), time: 0.004070652999871527
L: 0.50, u_super: 0.00594, sec: 329.811, prod: 0.134172, t_ads: 32.8, t_des: 29.6, bed_util_ads: 0.498, bed_util_des: 0.498, des_th: 0.49803913235112995,frac_lost: 0.104, li_recovered:  8.374, time: 0.010754458000519662
L: 0.50, u_super: 0.00058, sec: 33.069, prod: 0.011839, t_ads: 316.5, t_des: 331.9, bed_util_ads: 0.453, bed_util_des: 0.450, des_th: 0.4497249031648424,frac_lost: 0.102, li_recovered:  7.676, time: 0.01195836899933056
L: 0.50, u_super: 0.00338, sec: 183.101, prod: 0.075512, t_ads: 57.1, t_des: 50.2, bed_util_ads: 0.500, bed_util_des: 0.499, des_th: 0.4994061706334806,frac_lost: 0.100, li_recovered:  8.103, time: 0.015381196999442182
L: 0.50, u_super: 0.00191, sec: 104.133, prod: 0.041784, t_ads: 99.7, t_des: 85.4, bed_util_ads: 0.499, bed_util_des: 0.498, des_th: 0.4984006701115211,frac_lost: 0.100, li_recovered:  7.734, time: 0.015355141000327421
L: 47.54, u_super: 0.00006 — INFEASIBLE (li_recovered=0.000e+00), time: 0.0025327700004709186
L: 0.50, u_super: 0.00906, sec: 522.744, prod: 0.205278, t_ads: 21.6, t_des: 19.4, bed_util_ads: 0.500, bed_util_des: 0.500, des_th: 0.4998828553726068,frac_lost: 0.105, li_recovered:  8.400, time: 0.015180783999312553
L: 0.50, u_super: 0.00987, sec: 574.603, prod: 0.223941, t_ads: 19.8, t_des: 17.8, bed_util_ads: 0.500, bed_util_des: 0.500, des_th: 0.49951617627315037,frac_lost: 0.103, li_recovered:  8.401, time: 0.012552408999908948
L: 32.81, u_super: 0.00750 — INFEASIBLE (li_recovered=0.000e+00), time: 0.005481198999405024
L: 48.59, u_super: 0.00872 — INFEASIBLE (li_recovered=0.000e+00), time: 0.003360712000358035
L: 0.50, u_super: 0.00500, sec: 274.937, prod: 0.112908, t_ads: 38.8, t_des: 35.4, bed_util_ads: 0.496, bed_util_des: 0.496, des_th: 0.49607010941633484,frac_lost: 0.103, li_recovered:  8.385, time: 0.012820985000871588
L: 13.14, u_super: 0.00362 — INFEASIBLE (li_recovered=0.000e+00), time: 0.005236781000348856
L: 0.50, u_super: 0.00005, sec: 4.882, prod: 0.000593, t_ads: 3933.4, t_des: 9797.6, bed_util_ads: 0.229, bed_util_des: 0.129, des_th: 0.12933136854018637,frac_lost: 0.101, li_recovered:  8.142, time: 0.023466914000891848
L: 0.50, u_super: 0.00215, sec: 116.142, prod: 0.047271, t_ads: 90.0, t_des: 78.4, bed_util_ads: 0.498, bed_util_des: 0.498, des_th: 0.49780129016505925,frac_lost: 0.107, li_recovered:  7.959, time: 0.014801055000134511
L: 0.50, u_super: 0.00821, sec: 469.413, prod: 0.185756, t_ads: 23.8, t_des: 21.6, bed_util_ads: 0.499, bed_util_des: 0.498, des_th: 0.4984616564357156,frac_lost: 0.107, li_recovered:  8.439, time: 0.014655058999778703
L: 0.50, u_super: 0.00651, sec: 371.627, prod: 0.144104, t_ads: 30.1, t_des: 29.9, bed_util_ads: 0.486, bed_util_des: 0.486, des_th: 0.48595892052914375,frac_lost: 0.107, li_recovered:  8.643, time: 0.01959538099981728
   913 |    36520 |     40 |  0.0045617342 |             f
L: 72.05, u_super: 0.00913 — INFEASIBLE (li_recovered=0.000e+00), time: 0.0028373969998938264
L: 28.38, u_super: 0.00825 — INFEASIBLE (li_recovered=0.000e+00), time: 0.004495344001043122
L: 0.50, u_super: 0.00078, sec: 54.915, prod: 0.012886, t_ads: 243.5, t_des: 393.8, bed_util_ads: 0.405, bed_util_des: 0.397, des_th: 0.39689778857250624,frac_lost: 0.102, li_recovered:  8.213, time: 0.02341903500018816
L: 0.50, u_super: 0.00965, sec: 578.334, prod: 0.212026, t_ads: 20.2, t_des: 20.8, bed_util_ads: 0.483, bed_util_des: 0.483, des_th: 0.483223476708669,frac_lost: 0.103, li_recovered:  8.693, time: 0.03230662199894141
L: 19.00, u_super: 0.00043 — INFEASIBLE (li_recovered=0.000e+00), time: 0.0024500159997842275
L: 0.50, u_super: 0.00302, sec: 163.411, prod: 0.067224, t_ads: 64.1, t_des: 56.2, bed_util_ads: 0.500, bed_util_des: 0.499, des_th: 0.49944038341082925,frac_lost: 0.104, li_recovered:  8.086, time: 0.01692867599922465
L: 0.50, u_super: 0.00015, sec: 24.736, prod: 0.000986, t_ads: 1407.2, t_des: 7639.7, bed_util_ads: 0.223, bed_util_des: 0.140, des_th: 0.14040575181502593,frac_lost: 0.103, li_recovered:  8.917, time: 0.053737050999188796
L: 4.32, u_super: 0.00098 — INFEASIBLE (li_recovered=0.000e+00), time: 0.004151368999373517
L: 0.50, u_super: 0.00610, sec: 338.961, prod: 0.137956, t_ads: 31.8, t_des: 28.9, bed_util_ads: 0.498, bed_util_des: 0.498, des_th: 0.4978848795971282,frac_lost: 0.102, li_recovered:  8.380, time: 0.017997239001488197
L: 0.50, u_super: 0.00610, sec: 339.794, prod: 0.137790, t_ads: 31.9, t_des: 28.5, bed_util_ads: 0.500, bed_util_des: 0.500, des_th: 0.4995155707068647,frac_lost: 0.103, li_recovered:  8.320, time: 0.01767957199990633
L: 0.50, u_super: 0.00272, sec: 147.238, prod: 0.060600, t_ads: 70.7, t_des: 62.1, bed_util_ads: 0.498, bed_util_des: 0.498, des_th: 0.4978977219145303,frac_lost: 0.102, li_recovered:  8.049, time: 0.0199294860012742
L: 0.50, u_super: 0.00802, sec: 486.473, prod: 0.170648, t_ads: 24.5, t_des: 26.5, bed_util_ads: 0.477, bed_util_des: 0.476, des_th: 0.47642586292112193,frac_lost: 0.109, li_recovered:  8.704, time: 0.014392356999451295
L: 27.04, u_super: 0.00410 — INFEASIBLE (li_recovered=0.000e+00), time: 0.0030478070002573077
L: 0.50, u_super: 0.00328, sec: 177.213, prod: 0.073445, t_ads: 58.8, t_des: 52.4, bed_util_ads: 0.499, bed_util_des: 0.498, des_th: 0.4983800912341662,frac_lost: 0.100, li_recovered:  8.163, time: 0.015163241001573624
L: 0.50, u_super: 0.00076, sec: 42.908, prod: 0.015945, t_ads: 245.7, t_des: 252.2, bed_util_ads: 0.464, bed_util_des: 0.461, des_th: 0.4607440430387054,frac_lost: 0.108, li_recovered:  7.939, time: 0.016983802001050208
L: 0.50, u_super: 0.00400, sec: 218.199, prod: 0.089910, t_ads: 48.5, t_des: 43.3, bed_util_ads: 0.498, bed_util_des: 0.498, des_th: 0.4979591412157464,frac_lost: 0.105, li_recovered:  8.257, time: 0.019859422998706577
L: 1.85, u_super: 0.00949, sec: 2088.013, prod: 0.209992, t_ads: 75.4, t_des: 65.4, bed_util_ads: 0.500, bed_util_des: 0.500, des_th: 0.4995801539677868,frac_lost: 0.105, li_recovered:  29.566, time: 0.020948040000803303
L: 0.50, u_super: 0.00881, sec: 506.773, prod: 0.199572, t_ads: 22.2, t_des: 20.2, bed_util_ads: 0.499, bed_util_des: 0.499, des_th: 0.4987365719312673,frac_lost: 0.105, li_recovered:  8.458, time: 0.016000301999156363
L: 50.76, u_super: 0.00949 — INFEASIBLE (li_recovered=0.000e+00), time: 0.0028671510008280165
L: 0.50, u_super: 0.00982, sec: 571.559, prod: 0.222928, t_ads: 19.9, t_des: 18.1, bed_util_ads: 0.498, bed_util_des: 0.498, des_th: 0.4983931786934269,frac_lost: 0.104, li_recovered:  8.461, time: 0.017459143999076332
L: 0.50, u_super: 0.00398, sec: 216.720, prod: 0.089537, t_ads: 48.7, t_des: 45.1, bed_util_ads: 0.495, bed_util_des: 0.495, des_th: 0.49465019281172673,frac_lost: 0.104, li_recovered:  8.402, time: 0.016988858998956857
L: 0.50, u_super: 0.00880, sec: 506.691, prod: 0.199260, t_ads: 22.2, t_des: 20.4, bed_util_ads: 0.498, bed_util_des: 0.498, des_th: 0.49817650618697945,frac_lost: 0.106, li_recovered:  8.487, time: 0.017499408999356092
L: 0.50, u_super: 0.00084, sec: 48.397, prod: 0.017015, t_ads: 224.2, t_des: 250.5, bed_util_ads: 0.454, bed_util_des: 0.450, des_th: 0.4504620203280652,frac_lost: 0.103, li_recovered:  8.076, time: 0.014739009999175323
L: 0.50, u_super: 0.00778, sec: 441.462, prod: 0.176512, t_ads: 25.0, t_des: 22.6, bed_util_ads: 0.500, bed_util_des: 0.500, des_th: 0.4999205516954111,frac_lost: 0.101, li_recovered:  8.388, time: 0.00805570199918293
L: 0.50, u_super: 0.00741, sec: 419.440, prod: 0.167386, t_ads: 26.4, t_des: 23.8, bed_util_ads: 0.500, bed_util_des: 0.500, des_th: 0.4999811650604325,frac_lost: 0.107, li_recovered:  8.399, time: 0.011236652000661707
L: 0.50, u_super: 0.00171, sec: 91.959, prod: 0.037611, t_ads: 111.9, t_des: 100.3, bed_util_ads: 0.493, bed_util_des: 0.493, des_th: 0.4926595437933229,frac_lost: 0.103, li_recovered:  7.982, time: 0.013539667999793892
L: 0.50, u_super: 0.00296, sec: 161.008, prod: 0.065511, t_ads: 65.2, t_des: 64.4, bed_util_ads: 0.484, bed_util_des: 0.483, des_th: 0.48348975105437525,frac_lost: 0.101, li_recovered:  8.487, time: 0.015962733999913326
L: 0.50, u_super: 0.00101, sec: 55.724, prod: 0.021610, t_ads: 185.9, t_des: 163.7, bed_util_ads: 0.488, bed_util_des: 0.487, des_th: 0.48746121903944395,frac_lost: 0.104, li_recovered:  7.556, time: 0.011249346000113292
L: 0.50, u_super: 0.00342, sec: 185.718, prod: 0.076555, t_ads: 56.9, t_des: 50.8, bed_util_ads: 0.499, bed_util_des: 0.498, des_th: 0.49845536892935216,frac_lost: 0.108, li_recovered:  8.247, time: 0.010674884999389178
L: 0.50, u_super: 0.00115, sec: 64.866, prod: 0.024064, t_ads: 164.8, t_des: 134.6, bed_util_ads: 0.498, bed_util_des: 0.498, des_th: 0.4983515318838981,frac_lost: 0.107, li_recovered:  7.203, time: 0.01076733899935789
L: 33.53, u_super: 0.00780 — INFEASIBLE (li_recovered=0.000e+00), time: 0.002292548000696115
L: 2.69, u_super: 0.00521 — INFEASIBLE (li_recovered=0.000e+00), time: 0.009008856999571435
L: 0.50, u_super: 0.00729, sec: 412.009, prod: 0.164676, t_ads: 26.8, t_des: 24.1, bed_util_ads: 0.500, bed_util_des: 0.500, des_th: 0.4999934440535623,frac_lost: 0.107, li_recovered:  8.389, time: 0.012409368000589893
L: 30.43, u_super: 0.00006 — INFEASIBLE (li_recovered=0.000e+00), time: 0.0012067759998899419
L: 0.50, u_super: 0.00154, sec: 83.991, prod: 0.033212, t_ads: 124.5, t_des: 106.3, bed_util_ads: 0.498, bed_util_des: 0.497, des_th: 0.49736684708843604,frac_lost: 0.106, li_recovered:  7.666, time: 0.008812942000076873
L: 8.19, u_super: 0.00906 — INFEASIBLE (li_recovered=0.000e+00), time: 0.0058679339999798685
L: 33.93, u_super: 0.00229 — INFEASIBLE (li_recovered=0.000e+00), time: 0.0013868900005036267
L: 0.50, u_super: 0.00881, sec: 548.976, prod: 0.184229, t_ads: 22.1, t_des: 25.1, bed_util_ads: 0.471, bed_util_des: 0.471, des_th: 0.4708495563700789,frac_lost: 0.103, li_recovered:  8.707, time: 0.010303103001206182
L: 0.50, u_super: 0.00797, sec: 452.636, prod: 0.180702, t_ads: 24.4, t_des: 22.1, bed_util_ads: 0.500, bed_util_des: 0.500, des_th: 0.49978611496865866,frac_lost: 0.101, li_recovered:  8.393, time: 0.012028969000311918
L: 0.50, u_super: 0.00637, sec: 354.857, prod: 0.144167, t_ads: 30.4, t_des: 27.5, bed_util_ads: 0.498, bed_util_des: 0.498, des_th: 0.497845845858114,frac_lost: 0.100, li_recovered:  8.359, time: 0.011420470998928067
   914 |    36560 |     40 |  0.0034534226 |             f
L: 1.99, u_super: 0.00363, sec: 838.567, prod: 0.076010, t_ads: 203.9, t_des: 174.5, bed_util_ads: 0.489, bed_util_des: 0.489, des_th: 0.4889624449143519,frac_lost: 0.100, li_recovered:  28.764, time: 0.008621259999927133
L: 0.50, u_super: 0.00401, sec: 218.745, prod: 0.090021, t_ads: 48.5, t_des: 43.2, bed_util_ads: 0.499, bed_util_des: 0.498, des_th: 0.49845536892935216,frac_lost: 0.106, li_recovered:  8.253, time: 0.010514270999919972
L: 11.04, u_super: 0.00537 — INFEASIBLE (li_recovered=0.000e+00), time: 0.003096427999480511
L: 0.50, u_super: 0.00679, sec: 380.465, prod: 0.153952, t_ads: 28.6, t_des: 26.2, bed_util_ads: 0.497, bed_util_des: 0.497, des_th: 0.49653816107546533,frac_lost: 0.100, li_recovered:  8.425, time: 0.010496660001081182
L: 0.50, u_super: 0.00442, sec: 1487.275, prod: 0.016170, t_ads: 44.5, t_des: 498.4, bed_util_ads: 0.219, bed_util_des: 0.213, des_th: 0.2132952255873405,frac_lost: 0.106, li_recovered:  8.778, time: 0.06509596399882867
L: 0.50, u_super: 0.00390, sec: 211.961, prod: 0.087445, t_ads: 49.8, t_des: 44.5, bed_util_ads: 0.498, bed_util_des: 0.498, des_th: 0.49828193299224016,frac_lost: 0.105, li_recovered:  8.252, time: 0.01582614300059504
L: 0.50, u_super: 0.00883, sec: 508.126, prod: 0.200193, t_ads: 22.1, t_des: 20.1, bed_util_ads: 0.498, bed_util_des: 0.498, des_th: 0.49818177779498635,frac_lost: 0.105, li_recovered:  8.445, time: 0.016155290000824607
L: 0.50, u_super: 0.00171, sec: 92.011, prod: 0.037718, t_ads: 111.9, t_des: 101.6, bed_util_ads: 0.491, bed_util_des: 0.491, des_th: 0.49080843479448455,frac_lost: 0.104, li_recovered:  8.052, time: 0.017052626999429776
L: 0.50, u_super: 0.00801, sec: 456.866, prod: 0.181326, t_ads: 24.4, t_des: 21.9, bed_util_ads: 0.500, bed_util_des: 0.500, des_th: 0.49973980597158835,frac_lost: 0.106, li_recovered:  8.387, time: 0.018299074001333793
L: 0.50, u_super: 0.00065, sec: 37.572, prod: 0.013150, t_ads: 285.8, t_des: 312.7, bed_util_ads: 0.452, bed_util_des: 0.448, des_th: 0.44771329790676523,frac_lost: 0.104, li_recovered:  7.870, time: 0.010373962000812753
L: 0.50, u_super: 0.00517, sec: 284.931, prod: 0.116759, t_ads: 37.5, t_des: 33.6, bed_util_ads: 0.499, bed_util_des: 0.498, des_th: 0.4983684043683587,frac_lost: 0.102, li_recovered:  8.295, time: 0.01406427599977178
L: 0.50, u_super: 0.00202, sec: 109.823, prod: 0.044089, t_ads: 94.9, t_des: 81.0, bed_util_ads: 0.500, bed_util_des: 0.500, des_th: 0.4997261457894448,frac_lost: 0.101, li_recovered:  7.753, time: 0.013856626999768196
L: 0.50, u_super: 0.00948, sec: 550.082, prod: 0.214849, t_ads: 20.6, t_des: 18.7, bed_util_ads: 0.500, bed_util_des: 0.500, des_th: 0.4999021399344879,frac_lost: 0.106, li_recovered:  8.443, time: 0.013431986000796314
L: 13.55, u_super: 0.00786 — INFEASIBLE (li_recovered=0.000e+00), time: 0.0056040569998003775
L: 0.50, u_super: 0.00906, sec: 522.744, prod: 0.205278, t_ads: 21.6, t_des: 19.4, bed_util_ads: 0.500, bed_util_des: 0.500, des_th: 0.4998828553726068,frac_lost: 0.105, li_recovered:  8.400, time: 0.015368804000900127
L: 0.50, u_super: 0.00673, sec: 376.636, prod: 0.152491, t_ads: 28.8, t_des: 26.1, bed_util_ads: 0.498, bed_util_des: 0.498, des_th: 0.49811163826627314,frac_lost: 0.100, li_recovered:  8.370, time: 0.015094787000634824
L: 0.50, u_super: 0.00718, sec: 406.143, prod: 0.162099, t_ads: 27.2, t_des: 25.3, bed_util_ads: 0.495, bed_util_des: 0.495, des_th: 0.4951262535773367,frac_lost: 0.107, li_recovered:  8.513, time: 0.011906652000106988
L: 37.17, u_super: 0.00018 — INFEASIBLE (li_recovered=0.000e+00), time: 0.0013461840007948922
L: 34.08, u_super: 0.00604 — INFEASIBLE (li_recovered=0.000e+00), time: 0.0039392889993905555
L: 0.50, u_super: 0.00341, sec: 184.796, prod: 0.076438, t_ads: 57.0, t_des: 51.6, bed_util_ads: 0.497, bed_util_des: 0.496, des_th: 0.49649454499126583,frac_lost: 0.107, li_recovered:  8.302, time: 0.013145782999345101
L: 0.50, u_super: 0.00398, sec: 219.190, prod: 0.088528, t_ads: 48.8, t_des: 47.7, bed_util_ads: 0.487, bed_util_des: 0.487, des_th: 0.4866596756656876,frac_lost: 0.106, li_recovered:  8.547, time: 0.015064679999341024
L: 0.50, u_super: 0.00012 — INFEASIBLE (li_recovered=0.000e+00), time: 0.003945169999497011
L: 0.50, u_super: 0.00516, sec: 283.866, prod: 0.116501, t_ads: 37.6, t_des: 34.4, bed_util_ads: 0.497, bed_util_des: 0.496, des_th: 0.49636899691499387,frac_lost: 0.103, li_recovered:  8.395, time: 0.013481906999004423
L: 0.50, u_super: 0.00946, sec: 548.005, prod: 0.214407, t_ads: 20.6, t_des: 18.6, bed_util_ads: 0.500, bed_util_des: 0.500, des_th: 0.4995748703462928,frac_lost: 0.104, li_recovered:  8.402, time: 0.011206266000954201
L: 0.50, u_super: 0.00009, sec: 8.898, prod: 0.001081, t_ads: 2076.5, t_des: 5131.6, bed_util_ads: 0.259, bed_util_des: 0.185, des_th: 0.1851696623157332,frac_lost: 0.100, li_recovered:  7.792, time: 0.018343076999371988
L: 0.50, u_super: 0.00821, sec: 469.273, prod: 0.185856, t_ads: 23.8, t_des: 21.6, bed_util_ads: 0.499, bed_util_des: 0.499, des_th: 0.4985419089916875,frac_lost: 0.106, li_recovered:  8.444, time: 0.009818054999414016
L: 0.50, u_super: 0.00515, sec: 283.818, prod: 0.116308, t_ads: 37.7, t_des: 34.5, bed_util_ads: 0.496, bed_util_des: 0.496, des_th: 0.49600496144021144,frac_lost: 0.104, li_recovered:  8.398, time: 0.012846069999795873
L: 0.50, u_super: 0.00601, sec: 333.804, prod: 0.135986, t_ads: 32.3, t_des: 29.3, bed_util_ads: 0.498, bed_util_des: 0.498, des_th: 0.49762229630041077,frac_lost: 0.101, li_recovered:  8.368, time: 0.014227990001018043
L: 0.50, u_super: 0.00717, sec: 406.418, prod: 0.161216, t_ads: 27.1, t_des: 26.2, bed_util_ads: 0.490, bed_util_des: 0.490, des_th: 0.49015705065443965,frac_lost: 0.100, li_recovered:  8.592, time: 0.019254645001637982
L: 2.46, u_super: 0.00667, sec: 2137.010, prod: 0.129970, t_ads: 141.7, t_des: 175.6, bed_util_ads: 0.448, bed_util_des: 0.445, des_th: 0.44530416461870226,frac_lost: 0.105, li_recovered:  41.244, time: 0.020919700000376906
L: 0.50, u_super: 0.00135, sec: 75.145, prod: 0.028542, t_ads: 141.9, t_des: 149.3, bed_util_ads: 0.470, bed_util_des: 0.468, des_th: 0.4682396371290559,frac_lost: 0.106, li_recovered:  8.312, time: 0.01967585800048255
L: 0.50, u_super: 0.00221, sec: 118.945, prod: 0.049091, t_ads: 87.4, t_des: 80.4, bed_util_ads: 0.491, bed_util_des: 0.491, des_th: 0.49080843479448455,frac_lost: 0.107, li_recovered:  8.240, time: 0.019453327000519494
L: 0.50, u_super: 0.00522, sec: 287.730, prod: 0.117937, t_ads: 37.2, t_des: 33.6, bed_util_ads: 0.498, bed_util_des: 0.498, des_th: 0.49819866666523677,frac_lost: 0.103, li_recovered:  8.346, time: 0.0200730399992608
L: 3.03, u_super: 0.00361 — INFEASIBLE (li_recovered=0.000e+00), time: 0.008183445999748074
L: 0.50, u_super: 0.00597, sec: 331.352, prod: 0.135110, t_ads: 32.5, t_des: 29.7, bed_util_ads: 0.496, bed_util_des: 0.496, des_th: 0.4962825255474199,frac_lost: 0.101, li_recovered:  8.409, time: 0.013325945999895339
L: 29.67, u_super: 0.00193 — INFEASIBLE (li_recovered=0.000e+00), time: 0.002886092999688117
L: 0.50, u_super: 0.00941, sec: 544.644, prod: 0.213302, t_ads: 20.7, t_des: 18.6, bed_util_ads: 0.500, bed_util_des: 0.500, des_th: 0.49979234528386307,frac_lost: 0.103, li_recovered:  8.385, time: 0.016329592999682063
L: 0.50, u_super: 0.00608, sec: 340.054, prod: 0.136615, t_ads: 32.0, t_des: 30.7, bed_util_ads: 0.491, bed_util_des: 0.491, des_th: 0.49080843479448455,frac_lost: 0.103, li_recovered:  8.564, time: 0.01433031399938045
L: 0.50, u_super: 0.00397, sec: 217.450, prod: 0.088725, t_ads: 49.0, t_des: 46.9, bed_util_ads: 0.490, bed_util_des: 0.490, des_th: 0.4900921335702281,frac_lost: 0.106, li_recovered:  8.510, time: 0.013819697000144515
L: 0.50, u_super: 0.00805, sec: 458.885, prod: 0.182106, t_ads: 24.3, t_des: 21.8, bed_util_ads: 0.500, bed_util_des: 0.500, des_th: 0.4995739236523647,frac_lost: 0.105, li_recovered:  8.385, time: 0.012852911999289063
   915 |    36600 |     40 |  0.0017810565 |             f
L: 0.50, u_super: 0.00155, sec: 93.488, prod: 0.030393, t_ads: 123.9, t_des: 153.1, bed_util_ads: 0.451, bed_util_des: 0.448, des_th: 0.44792890182182565,frac_lost: 0.104, li_recovered:  8.420, time: 0.017325390999758383
L: 28.87, u_super: 0.00597 — INFEASIBLE (li_recovered=0.000e+00), time: 0.003332985999804805
L: 10.47, u_super: 0.00530 — INFEASIBLE (li_recovered=0.000e+00), time: 0.0034633310006029205
L: 0.50, u_super: 0.00300, sec: 168.047, prod: 0.064521, t_ads: 65.0, t_des: 67.8, bed_util_ads: 0.478, bed_util_des: 0.477, des_th: 0.4772493868448886,frac_lost: 0.108, li_recovered:  8.564, time: 0.017605479999474483
L: 0.50, u_super: 0.00280, sec: 151.290, prod: 0.062364, t_ads: 68.8, t_des: 60.7, bed_util_ads: 0.498, bed_util_des: 0.498, des_th: 0.49811163826627314,frac_lost: 0.102, li_recovered:  8.079, time: 0.010836395998921944
L: 0.50, u_super: 0.00101 — INFEASIBLE (li_recovered=0.000e+00), time: 0.007065003999741748
L: 0.50, u_super: 0.00057, sec: 35.969, prod: 0.010501, t_ads: 326.5, t_des: 424.5, bed_util_ads: 0.426, bed_util_des: 0.418, des_th: 0.4181969419588237,frac_lost: 0.103, li_recovered:  7.886, time: 0.016061149999586632
L: 21.98, u_super: 0.00491 — INFEASIBLE (li_recovered=0.000e+00), time: 0.004863538000790868
L: 0.50, u_super: 0.00051, sec: 82.278, prod: 0.003693, t_ads: 384.3, t_des: 1951.4, bed_util_ads: 0.268, bed_util_des: 0.236, des_th: 0.23603670232542043,frac_lost: 0.104, li_recovered:  8.626, time: 0.045458997001333046
L: 0.50, u_super: 0.00960, sec: 557.140, prod: 0.217775, t_ads: 20.3, t_des: 18.5, bed_util_ads: 0.500, bed_util_des: 0.499, des_th: 0.49941800771673645,frac_lost: 0.104, li_recovered:  8.446, time: 0.017139997999038314
L: 4.30, u_super: 0.00401 — INFEASIBLE (li_recovered=0.000e+00), time: 0.012744695999572286
L: 0.50, u_super: 0.00220, sec: 118.249, prod: 0.048893, t_ads: 87.6, t_des: 81.0, bed_util_ads: 0.491, bed_util_des: 0.491, des_th: 0.49080843479448455,frac_lost: 0.105, li_recovered:  8.243, time: 0.016496673999427003
L: 0.50, u_super: 0.00960, sec: 557.852, prod: 0.217696, t_ads: 20.4, t_des: 18.5, bed_util_ads: 0.500, bed_util_des: 0.500, des_th: 0.4998194568163111,frac_lost: 0.106, li_recovered:  8.457, time: 0.011578981000639033
L: 0.50, u_super: 0.00375, sec: 204.033, prod: 0.083867, t_ads: 51.9, t_des: 45.9, bed_util_ads: 0.500, bed_util_des: 0.499, des_th: 0.49941800771673645,frac_lost: 0.107, li_recovered:  8.207, time: 0.014235434000511304
L: 0.50, u_super: 0.00625, sec: 348.347, prod: 0.141255, t_ads: 31.1, t_des: 27.8, bed_util_ads: 0.500, bed_util_des: 0.500, des_th: 0.49953359741418957,frac_lost: 0.102, li_recovered:  8.315, time: 0.0104802549994929
L: 0.50, u_super: 0.00672, sec: 3153.836, prod: 0.018159, t_ads: 29.2, t_des: 454.3, bed_util_ads: 0.193, bed_util_des: 0.189, des_th: 0.18910730513726468,frac_lost: 0.103, li_recovered:  8.780, time: 0.07901495099940803
L: 0.50, u_super: 0.00964, sec: 560.325, prod: 0.218495, t_ads: 20.3, t_des: 18.4, bed_util_ads: 0.500, bed_util_des: 0.500, des_th: 0.49988095551454836,frac_lost: 0.106, li_recovered:  8.447, time: 0.014199260000168579
L: 0.50, u_super: 0.00007, sec: 6.885, prod: 0.000913, t_ads: 2569.1, t_des: 5813.9, bed_util_ads: 0.254, bed_util_des: 0.175, des_th: 0.17475748123500484,frac_lost: 0.103, li_recovered:  7.651, time: 0.023986539999896195
L: 17.19, u_super: 0.00059 — INFEASIBLE (li_recovered=0.000e+00), time: 0.0020539580000331625
L: 0.50, u_super: 0.00682, sec: 382.809, prod: 0.154430, t_ads: 28.4, t_des: 25.4, bed_util_ads: 0.500, bed_util_des: 0.500, des_th: 0.4997419766639897,frac_lost: 0.101, li_recovered:  8.313, time: 0.015080406001288793
L: 0.50, u_super: 0.00481, sec: 263.912, prod: 0.108367, t_ads: 40.5, t_des: 36.6, bed_util_ads: 0.498, bed_util_des: 0.498, des_th: 0.4981516000123035,frac_lost: 0.105, li_recovered:  8.345, time: 0.013530607000575401
L: 0.50, u_super: 0.00143, sec: 77.323, prod: 0.031204, t_ads: 134.0, t_des: 120.2, bed_util_ads: 0.491, bed_util_des: 0.491, des_th: 0.49080843479448455,frac_lost: 0.108, li_recovered:  7.933, time: 0.01243099000021175
L: 0.50, u_super: 0.00012, sec: 13.759, prod: 0.001260, t_ads: 1583.8, t_des: 4927.8, bed_util_ads: 0.257, bed_util_des: 0.185, des_th: 0.1851696623157332,frac_lost: 0.101, li_recovered:  8.206, time: 0.028271827999560628
L: 0.50, u_super: 0.00832, sec: 475.783, prod: 0.188198, t_ads: 23.5, t_des: 21.1, bed_util_ads: 0.500, bed_util_des: 0.500, des_th: 0.49996600660638274,frac_lost: 0.106, li_recovered:  8.387, time: 0.014876127999741584
L: 0.50, u_super: 0.00679, sec: 388.736, prod: 0.150409, t_ads: 28.8, t_des: 28.7, bed_util_ads: 0.487, bed_util_des: 0.487, des_th: 0.48686345230066624,frac_lost: 0.107, li_recovered:  8.646, time: 0.019172517000697553
L: 0.50, u_super: 0.00453, sec: 250.412, prod: 0.100750, t_ads: 43.0, t_des: 42.0, bed_util_ads: 0.488, bed_util_des: 0.487, des_th: 0.4874919004147803,frac_lost: 0.106, li_recovered:  8.566, time: 0.0105294570003025
L: 0.50, u_super: 0.00184, sec: 98.915, prod: 0.040860, t_ads: 103.6, t_des: 95.4, bed_util_ads: 0.491, bed_util_des: 0.490, des_th: 0.4900921335702281,frac_lost: 0.101, li_recovered:  8.129, time: 0.010548648999247234
L: 0.50, u_super: 0.00489, sec: 268.588, prod: 0.110278, t_ads: 39.7, t_des: 35.9, bed_util_ads: 0.498, bed_util_des: 0.498, des_th: 0.49819866666523677,frac_lost: 0.104, li_recovered:  8.343, time: 0.012997503999940818
L: 0.50, u_super: 0.00764, sec: 452.201, prod: 0.165540, t_ads: 25.6, t_des: 26.9, bed_util_ads: 0.480, bed_util_des: 0.480, des_th: 0.4799596470905581,frac_lost: 0.107, li_recovered:  8.690, time: 0.01771925000139163
L: 19.87, u_super: 0.00067 — INFEASIBLE (li_recovered=0.000e+00), time: 0.0014308560002973536
L: 0.50, u_super: 0.00272, sec: 154.226, prod: 0.057854, t_ads: 70.9, t_des: 76.8, bed_util_ads: 0.472, bed_util_des: 0.471, des_th: 0.4711840828733517,frac_lost: 0.103, li_recovered:  8.547, time: 0.010652162998667336
L: 0.50, u_super: 0.00361, sec: 196.026, prod: 0.081130, t_ads: 53.7, t_des: 48.7, bed_util_ads: 0.497, bed_util_des: 0.496, des_th: 0.4962825255474199,frac_lost: 0.105, li_recovered:  8.309, time: 0.011440955000580288
L: 22.45, u_super: 0.00348 — INFEASIBLE (li_recovered=0.000e+00), time: 0.005606472999716061
L: 0.50, u_super: 0.00971, sec: 564.961, prod: 0.220185, t_ads: 20.1, t_des: 18.3, bed_util_ads: 0.499, bed_util_des: 0.498, des_th: 0.4984682112467542,frac_lost: 0.106, li_recovered:  8.454, time: 0.015930266001305426
L: 0.50, u_super: 0.00673, sec: 376.988, prod: 0.152561, t_ads: 28.8, t_des: 26.4, bed_util_ads: 0.498, bed_util_des: 0.498, des_th: 0.49809360140001,frac_lost: 0.101, li_recovered:  8.418, time: 0.015560801000901847
L: 0.50, u_super: 0.00086, sec: 48.815, prod: 0.017913, t_ads: 215.4, t_des: 182.0, bed_util_ads: 0.490, bed_util_des: 0.489, des_th: 0.48955457698025806,frac_lost: 0.102, li_recovered:  7.118, time: 0.014028347000930808
L: 0.50, u_super: 0.00650, sec: 364.597, prod: 0.146699, t_ads: 30.1, t_des: 27.4, bed_util_ads: 0.499, bed_util_des: 0.498, des_th: 0.4985126295232897,frac_lost: 0.109, li_recovered:  8.437, time: 0.012986476000151015
L: 0.50, u_super: 0.00906, sec: 523.292, prod: 0.205063, t_ads: 21.6, t_des: 19.4, bed_util_ads: 0.500, bed_util_des: 0.500, des_th: 0.4999556220137973,frac_lost: 0.107, li_recovered:  8.399, time: 0.01378225900043617
L: 0.50, u_super: 0.00491, sec: 269.824, prod: 0.110787, t_ads: 39.5, t_des: 35.4, bed_util_ads: 0.499, bed_util_des: 0.499, des_th: 0.4986473414779574,frac_lost: 0.102, li_recovered:  8.291, time: 0.013542149001295911
L: 0.50, u_super: 0.00796, sec: 452.374, prod: 0.180680, t_ads: 24.4, t_des: 22.1, bed_util_ads: 0.498, bed_util_des: 0.498, des_th: 0.49815512140738644,frac_lost: 0.100, li_recovered:  8.392, time: 0.015817661998880794
   916 |    36640 |     40 |  0.0041352429 |             f
L: 0.50, u_super: 0.00444, sec: 243.132, prod: 0.100012, t_ads: 43.8, t_des: 39.6, bed_util_ads: 0.498, bed_util_des: 0.497, des_th: 0.49748775888474966,frac_lost: 0.106, li_recovered:  8.337, time: 0.017862206999780028
L: 27.93, u_super: 0.00101 — INFEASIBLE (li_recovered=0.000e+00), time: 0.0014757349999854341
L: 0.50, u_super: 0.00435, sec: 237.449, prod: 0.097734, t_ads: 44.7, t_des: 40.0, bed_util_ads: 0.498, bed_util_des: 0.498, des_th: 0.49819866666523677,frac_lost: 0.104, li_recovered:  8.273, time: 0.022040776999347145
L: 0.50, u_super: 0.00714, sec: 403.479, prod: 0.160945, t_ads: 27.4, t_des: 25.5, bed_util_ads: 0.495, bed_util_des: 0.495, des_th: 0.4950343985215324,frac_lost: 0.107, li_recovered:  8.524, time: 0.013050117000602768
L: 0.50, u_super: 0.00597, sec: 331.210, prod: 0.135168, t_ads: 32.5, t_des: 29.8, bed_util_ads: 0.497, bed_util_des: 0.497, des_th: 0.4970385975804845,frac_lost: 0.101, li_recovered:  8.416, time: 0.009829157999774907
L: 0.50, u_super: 0.00538, sec: 296.721, prod: 0.121342, t_ads: 36.2, t_des: 32.7, bed_util_ads: 0.498, bed_util_des: 0.498, des_th: 0.4981516000123035,frac_lost: 0.104, li_recovered:  8.358, time: 0.013964375999421463
L: 0.85, u_super: 0.00974, sec: 959.757, prod: 0.220478, t_ads: 33.6, t_des: 30.5, bed_util_ads: 0.498, bed_util_des: 0.498, des_th: 0.49803337944244463,frac_lost: 0.101, li_recovered:  14.130, time: 0.011295018999589956
L: 0.50, u_super: 0.00887, sec: 511.252, prod: 0.200927, t_ads: 22.1, t_des: 20.0, bed_util_ads: 0.500, bed_util_des: 0.500, des_th: 0.49999593134845893,frac_lost: 0.107, li_recovered:  8.443, time: 0.015995703999578836
L: 0.50, u_super: 0.00153, sec: 82.263, prod: 0.033544, t_ads: 125.3, t_des: 115.2, bed_util_ads: 0.488, bed_util_des: 0.487, des_th: 0.487227865895771,frac_lost: 0.105, li_recovered:  8.065, time: 0.013136906998624909
L: 0.50, u_super: 0.00500, sec: 274.937, prod: 0.112908, t_ads: 38.8, t_des: 35.4, bed_util_ads: 0.496, bed_util_des: 0.496, des_th: 0.49607010941633484,frac_lost: 0.103, li_recovered:  8.385, time: 0.01384693900035927
L: 0.50, u_super: 0.00990, sec: 584.078, prod: 0.221706, t_ads: 19.8, t_des: 19.2, bed_util_ads: 0.490, bed_util_des: 0.490, des_th: 0.4900787317063174,frac_lost: 0.107, li_recovered:  8.647, time: 0.016942333999395487
L: 0.50, u_super: 0.00272, sec: 146.296, prod: 0.060898, t_ads: 70.7, t_des: 65.4, bed_util_ads: 0.493, bed_util_des: 0.492, des_th: 0.4924954360945395,frac_lost: 0.102, li_recovered:  8.292, time: 0.012351482999292784
L: 0.50, u_super: 0.00777, sec: 467.599, prod: 0.166196, t_ads: 25.2, t_des: 27.2, bed_util_ads: 0.477, bed_util_des: 0.477, des_th: 0.47653426688726075,frac_lost: 0.107, li_recovered:  8.698, time: 0.015277808999599074
L: 0.50, u_super: 0.00734, sec: 415.227, prod: 0.165867, t_ads: 26.7, t_des: 24.1, bed_util_ads: 0.498, bed_util_des: 0.498, des_th: 0.49815512140738644,frac_lost: 0.107, li_recovered:  8.428, time: 0.009675576000518049
L: 0.50, u_super: 0.00941, sec: 545.400, prod: 0.213352, t_ads: 20.8, t_des: 18.8, bed_util_ads: 0.500, bed_util_des: 0.500, des_th: 0.49979234528386307,frac_lost: 0.105, li_recovered:  8.441, time: 0.012291159999222145
L: 0.50, u_super: 0.00708, sec: 399.297, prod: 0.159785, t_ads: 27.7, t_des: 25.1, bed_util_ads: 0.499, bed_util_des: 0.499, des_th: 0.49907162976692687,frac_lost: 0.108, li_recovered:  8.438, time: 0.008627556000647019
L: 17.50, u_super: 0.00257 — INFEASIBLE (li_recovered=0.000e+00), time: 0.004086693999852287
L: 0.50, u_super: 0.00741, sec: 419.631, prod: 0.167310, t_ads: 26.5, t_des: 23.9, bed_util_ads: 0.500, bed_util_des: 0.500, des_th: 0.4997843487507837,frac_lost: 0.109, li_recovered:  8.434, time: 0.01248687599945697
L: 0.50, u_super: 0.00824, sec: 471.293, prod: 0.186422, t_ads: 23.7, t_des: 21.3, bed_util_ads: 0.500, bed_util_des: 0.499, des_th: 0.4994791268273665,frac_lost: 0.107, li_recovered:  8.400, time: 0.010759951001091395
L: 0.50, u_super: 0.00398, sec: 216.803, prod: 0.089431, t_ads: 48.8, t_des: 43.6, bed_util_ads: 0.499, bed_util_des: 0.499, des_th: 0.4985472183761504,frac_lost: 0.105, li_recovered:  8.262, time: 0.014947364999898127
L: 0.50, u_super: 0.00005, sec: 4.327, prod: 0.000669, t_ads: 3406.1, t_des: 5779.7, bed_util_ads: 0.252, bed_util_des: 0.186, des_th: 0.18638336171400788,frac_lost: 0.102, li_recovered:  6.146, time: 0.014073357999222935
L: 0.50, u_super: 0.00480, sec: 274.819, prod: 0.103778, t_ads: 40.5, t_des: 42.8, bed_util_ads: 0.479, bed_util_des: 0.478, des_th: 0.4783638751847517,frac_lost: 0.103, li_recovered:  8.639, time: 0.009940885000105482
L: 0.50, u_super: 0.00770, sec: 436.509, prod: 0.174585, t_ads: 25.2, t_des: 22.5, bed_util_ads: 0.500, bed_util_des: 0.500, des_th: 0.4995397275147617,frac_lost: 0.100, li_recovered:  8.332, time: 0.008086505000392208
L: 0.50, u_super: 0.00650, sec: 363.097, prod: 0.147305, t_ads: 29.8, t_des: 27.0, bed_util_ads: 0.498, bed_util_des: 0.498, des_th: 0.497845845858114,frac_lost: 0.100, li_recovered:  8.372, time: 0.014592513000025065
L: 0.50, u_super: 0.00362, sec: 196.809, prod: 0.081185, t_ads: 53.7, t_des: 48.0, bed_util_ads: 0.498, bed_util_des: 0.497, des_th: 0.49735125168925026,frac_lost: 0.107, li_recovered:  8.253, time: 0.011939911000808934
L: 0.50, u_super: 0.00005, sec: 4.324, prod: 0.000669, t_ads: 3431.3, t_des: 5857.7, bed_util_ads: 0.252, bed_util_des: 0.185, des_th: 0.1851696623157332,frac_lost: 0.102, li_recovered:  6.219, time: 0.015376307999758865
L: 59.06, u_super: 0.00221 — INFEASIBLE (li_recovered=0.000e+00), time: 0.0021345759996620473
L: 0.50, u_super: 0.00184, sec: 100.578, prod: 0.040184, t_ads: 103.8, t_des: 88.5, bed_util_ads: 0.500, bed_util_des: 0.499, des_th: 0.49940772986467186,frac_lost: 0.103, li_recovered:  7.726, time: 0.014171801998600131
L: 19.59, u_super: 0.00435 — INFEASIBLE (li_recovered=0.000e+00), time: 0.002295575999596622
L: 0.50, u_super: 0.00487, sec: 267.304, prod: 0.109838, t_ads: 39.9, t_des: 36.4, bed_util_ads: 0.496, bed_util_des: 0.496, des_th: 0.49627647642809125,frac_lost: 0.104, li_recovered:  8.383, time: 0.014196685000570142
L: 0.50, u_super: 0.00516, sec: 283.875, prod: 0.116434, t_ads: 37.6, t_des: 33.8, bed_util_ads: 0.498, bed_util_des: 0.498, des_th: 0.49827452448024956,frac_lost: 0.101, li_recovered:  8.307, time: 0.01579945199955546
L: 0.50, u_super: 0.00121, sec: 67.497, prod: 0.025493, t_ads: 156.7, t_des: 129.9, bed_util_ads: 0.497, bed_util_des: 0.497, des_th: 0.49736684708843604,frac_lost: 0.105, li_recovered:  7.306, time: 0.010513733999687247
L: 0.50, u_super: 0.00312, sec: 168.206, prod: 0.069786, t_ads: 62.0, t_des: 55.7, bed_util_ads: 0.497, bed_util_des: 0.497, des_th: 0.49701842298563287,frac_lost: 0.103, li_recovered:  8.213, time: 0.012235043999680784
L: 0.50, u_super: 0.00239, sec: 128.420, prod: 0.053243, t_ads: 80.7, t_des: 74.5, bed_util_ads: 0.492, bed_util_des: 0.491, des_th: 0.49146498719487086,frac_lost: 0.104, li_recovered:  8.261, time: 0.011845793000247795
L: 0.50, u_super: 0.00929, sec: 537.181, prod: 0.210559, t_ads: 21.0, t_des: 19.1, bed_util_ads: 0.500, bed_util_des: 0.500, des_th: 0.4995951043476426,frac_lost: 0.105, li_recovered:  8.449, time: 0.015131031001146766
L: 0.50, u_super: 0.00702, sec: 396.398, prod: 0.158521, t_ads: 27.8, t_des: 25.9, bed_util_ads: 0.495, bed_util_des: 0.495, des_th: 0.4951262535773367,frac_lost: 0.107, li_recovered:  8.516, time: 0.015844052999455016
L: 12.44, u_super: 0.00990 — INFEASIBLE (li_recovered=0.000e+00), time: 0.005622315999062266
L: 0.50, u_super: 0.00458, sec: 250.504, prod: 0.103157, t_ads: 42.4, t_des: 38.9, bed_util_ads: 0.497, bed_util_des: 0.496, des_th: 0.4962825255474199,frac_lost: 0.104, li_recovered:  8.390, time: 0.016270578998955898
L: 7.13, u_super: 0.00111 — INFEASIBLE (li_recovered=0.000e+00), time: 0.002427452000119956
L: 0.50, u_super: 0.00443, sec: 254.744, prod: 0.094634, t_ads: 44.0, t_des: 47.3, bed_util_ads: 0.475, bed_util_des: 0.475, des_th: 0.4745253339247621,frac_lost: 0.105, li_recovered:  8.634, time: 0.0189845980003156
   917 |    36680 |     40 |  0.0036731934 |             f
L: 0.50, u_super: 0.00531, sec: 292.576, prod: 0.120092, t_ads: 36.5, t_des: 33.1, bed_util_ads: 0.497, bed_util_des: 0.497, des_th: 0.4970385975804845,frac_lost: 0.101, li_recovered:  8.359, time: 0.01574674500079709
L: 0.50, u_super: 0.00770, sec: 436.232, prod: 0.174695, t_ads: 25.2, t_des: 23.4, bed_util_ads: 0.497, bed_util_des: 0.497, des_th: 0.49667506558720714,frac_lost: 0.100, li_recovered:  8.481, time: 0.013816577000397956
L: 0.50, u_super: 0.00499, sec: 274.545, prod: 0.112544, t_ads: 38.9, t_des: 34.9, bed_util_ads: 0.500, bed_util_des: 0.500, des_th: 0.49959164227102315,frac_lost: 0.103, li_recovered:  8.302, time: 0.012633452999580186
L: 0.50, u_super: 0.00990, sec: 576.801, prod: 0.224503, t_ads: 19.7, t_des: 17.7, bed_util_ads: 0.500, bed_util_des: 0.500, des_th: 0.49993385335543344,frac_lost: 0.104, li_recovered:  8.396, time: 0.012458580000384245
L: 0.50, u_super: 0.00944, sec: 547.386, prod: 0.213834, t_ads: 20.7, t_des: 18.8, bed_util_ads: 0.500, bed_util_des: 0.500, des_th: 0.49988933071166475,frac_lost: 0.106, li_recovered:  8.453, time: 0.019723574001545785
L: 0.50, u_super: 0.00043 — INFEASIBLE (li_recovered=0.000e+00), time: 0.0059471139993547695
L: 0.50, u_super: 0.00515, sec: 283.947, prod: 0.116130, t_ads: 37.7, t_des: 33.7, bed_util_ads: 0.500, bed_util_des: 0.500, des_th: 0.499545730741685,frac_lost: 0.104, li_recovered:  8.301, time: 0.014332000000649714
L: 0.50, u_super: 0.00624, sec: 348.640, prod: 0.140672, t_ads: 31.4, t_des: 28.1, bed_util_ads: 0.500, bed_util_des: 0.499, des_th: 0.4994888773782818,frac_lost: 0.108, li_recovered:  8.373, time: 0.014757241999177495
L: 0.50, u_super: 0.00751, sec: 424.766, prod: 0.170164, t_ads: 25.8, t_des: 23.1, bed_util_ads: 0.500, bed_util_des: 0.500, des_th: 0.4999645185355466,frac_lost: 0.100, li_recovered:  8.319, time: 0.013038048000453273
L: 49.48, u_super: 0.00927 — INFEASIBLE (li_recovered=0.000e+00), time: 0.002728826000748086
L: 30.95, u_super: 0.00617 — INFEASIBLE (li_recovered=0.000e+00), time: 0.004190481999103213
L: 0.50, u_super: 0.00153, sec: 82.605, prod: 0.033405, t_ads: 125.1, t_des: 111.1, bed_util_ads: 0.492, bed_util_des: 0.492, des_th: 0.49194987658052514,frac_lost: 0.105, li_recovered:  7.887, time: 0.012583739000547212
L: 24.85, u_super: 0.00407 — INFEASIBLE (li_recovered=0.000e+00), time: 0.002565458999015391
L: 0.50, u_super: 0.00007, sec: 8.774, prod: 0.000708, t_ads: 2782.3, t_des: 9519.2, bed_util_ads: 0.227, bed_util_des: 0.127, des_th: 0.12658562836940207,frac_lost: 0.103, li_recovered:  8.711, time: 0.026158066999414586
L: 0.50, u_super: 0.00085, sec: 49.392, prod: 0.017108, t_ads: 220.5, t_des: 252.2, bed_util_ads: 0.451, bed_util_des: 0.448, des_th: 0.44771329790676523,frac_lost: 0.100, li_recovered:  8.088, time: 0.00996139599919843
L: 0.50, u_super: 0.00411, sec: 224.198, prod: 0.092191, t_ads: 47.4, t_des: 42.3, bed_util_ads: 0.498, bed_util_des: 0.498, des_th: 0.49817650618697945,frac_lost: 0.107, li_recovered:  8.268, time: 0.012614567000127863
L: 0.50, u_super: 0.00536, sec: 295.911, prod: 0.121153, t_ads: 36.2, t_des: 32.8, bed_util_ads: 0.498, bed_util_des: 0.498, des_th: 0.49812149184226867,frac_lost: 0.103, li_recovered:  8.362, time: 0.011810313000751194
L: 0.50, u_super: 0.00986, sec: 574.597, prod: 0.223612, t_ads: 19.8, t_des: 18.0, bed_util_ads: 0.500, bed_util_des: 0.499, des_th: 0.4994508375836465,frac_lost: 0.105, li_recovered:  8.453, time: 0.010142430999621865
L: 0.50, u_super: 0.00005, sec: 4.635, prod: 0.000625, t_ads: 2818.7, t_des: 4064.9, bed_util_ads: 0.255, bed_util_des: 0.215, des_th: 0.2154542405441648,frac_lost: 0.100, li_recovered:  4.299, time: 0.009062572999027907
L: 24.72, u_super: 0.00682 — INFEASIBLE (li_recovered=0.000e+00), time: 0.001856367000073078
L: 0.50, u_super: 0.00295, sec: 163.846, prod: 0.064046, t_ads: 65.5, t_des: 67.9, bed_util_ads: 0.478, bed_util_des: 0.477, des_th: 0.47700428738384765,frac_lost: 0.102, li_recovered:  8.543, time: 0.007651312000234611
L: 0.50, u_super: 0.00341, sec: 184.869, prod: 0.076408, t_ads: 57.0, t_des: 51.6, bed_util_ads: 0.497, bed_util_des: 0.497, des_th: 0.496716163010116,frac_lost: 0.108, li_recovered:  8.302, time: 0.00968762399861589
L: 0.93, u_super: 0.00903, sec: 997.044, prod: 0.198133, t_ads: 39.8, t_des: 40.8, bed_util_ads: 0.482, bed_util_des: 0.481, des_th: 0.4814985322343312,frac_lost: 0.102, li_recovered:  15.973, time: 0.0119879129997571
L: 0.50, u_super: 0.00184, sec: 112.461, prod: 0.035938, t_ads: 104.5, t_des: 131.5, bed_util_ads: 0.451, bed_util_des: 0.448, des_th: 0.44841530077607333,frac_lost: 0.104, li_recovered:  8.481, time: 0.009211063999828184
L: 47.41, u_super: 0.00402 — INFEASIBLE (li_recovered=0.000e+00), time: 0.0011403469998185756
L: 0.50, u_super: 0.00652, sec: 367.459, prod: 0.146230, t_ads: 29.8, t_des: 28.9, bed_util_ads: 0.490, bed_util_des: 0.490, des_th: 0.4901741703014394,frac_lost: 0.103, li_recovered:  8.592, time: 0.01011251699856075
L: 22.58, u_super: 0.00848 — INFEASIBLE (li_recovered=0.000e+00), time: 0.0023558770008094143
L: 0.50, u_super: 0.00627, sec: 349.745, prod: 0.141782, t_ads: 31.0, t_des: 28.1, bed_util_ads: 0.500, bed_util_des: 0.499, des_th: 0.4995155707068647,frac_lost: 0.104, li_recovered:  8.380, time: 0.009929577001457801
L: 0.50, u_super: 0.00650, sec: 479.235, prod: 0.111607, t_ads: 30.0, t_des: 48.0, bed_util_ads: 0.428, bed_util_des: 0.427, des_th: 0.4266972180102332,frac_lost: 0.105, li_recovered:  8.705, time: 0.014768027998798061
L: 40.35, u_super: 0.00770 — INFEASIBLE (li_recovered=0.000e+00), time: 0.0016153550004673889
L: 0.50, u_super: 0.00011, sec: 15.071, prod: 0.001016, t_ads: 1735.5, t_des: 6726.0, bed_util_ads: 0.238, bed_util_des: 0.154, des_th: 0.1545794342024745,frac_lost: 0.101, li_recovered:  8.595, time: 0.021432760999232414
L: 0.50, u_super: 0.00214, sec: 115.204, prod: 0.047338, t_ads: 90.3, t_des: 80.7, bed_util_ads: 0.495, bed_util_des: 0.495, des_th: 0.49493590328465464,frac_lost: 0.107, li_recovered:  8.095, time: 0.008035685001232196
L: 31.01, u_super: 0.00506 — INFEASIBLE (li_recovered=0.000e+00), time: 0.0023251990005519474
L: 0.50, u_super: 0.00859, sec: 492.976, prod: 0.194511, t_ads: 22.8, t_des: 20.7, bed_util_ads: 0.498, bed_util_des: 0.498, des_th: 0.49828193299224016,frac_lost: 0.106, li_recovered:  8.456, time: 0.009529388000373729
L: 0.50, u_super: 0.00593, sec: 329.014, prod: 0.134223, t_ads: 32.7, t_des: 29.7, bed_util_ads: 0.497, bed_util_des: 0.497, des_th: 0.49706870575051826,frac_lost: 0.101, li_recovered:  8.376, time: 0.007924449999336503
L: 0.50, u_super: 0.00239, sec: 129.349, prod: 0.052861, t_ads: 80.5, t_des: 70.0, bed_util_ads: 0.499, bed_util_des: 0.499, des_th: 0.4989397791729279,frac_lost: 0.103, li_recovered:  7.954, time: 0.00856305799970869
L: 0.50, u_super: 0.00908, sec: 523.994, prod: 0.205719, t_ads: 21.5, t_des: 19.3, bed_util_ads: 0.500, bed_util_des: 0.500, des_th: 0.4998500164040375,frac_lost: 0.105, li_recovered:  8.390, time: 0.009827870000663097
L: 0.50, u_super: 0.00066 — INFEASIBLE (li_recovered=0.000e+00), time: 0.00457152600029076
L: 0.50, u_super: 0.00597, sec: 3064.854, prod: 0.014607, t_ads: 32.9, t_des: 568.5, bed_util_ads: 0.185, bed_util_des: 0.180, des_th: 0.18029321710318946,frac_lost: 0.104, li_recovered:  8.784, time: 0.07235511399994721
L: 0.50, u_super: 0.00965, sec: 560.070, prod: 0.218860, t_ads: 20.2, t_des: 18.3, bed_util_ads: 0.500, bed_util_des: 0.499, des_th: 0.49941800771673645,frac_lost: 0.104, li_recovered:  8.439, time: 0.009806034000575892
   918 |    36720 |     40 |  0.0026055438 |             f
L: 11.02, u_super: 0.00295 — INFEASIBLE (li_recovered=0.000e+00), time: 0.003157879000355024
L: 0.50, u_super: 0.00278, sec: 149.310, prod: 0.062077, t_ads: 69.4, t_des: 64.7, bed_util_ads: 0.492, bed_util_des: 0.491, des_th: 0.49146498719487086,frac_lost: 0.102, li_recovered:  8.329, time: 0.009100307999688084
L: 0.50, u_super: 0.00183, sec: 99.598, prod: 0.039802, t_ads: 104.7, t_des: 89.3, bed_util_ads: 0.500, bed_util_des: 0.499, des_th: 0.49941800771673645,frac_lost: 0.103, li_recovered:  7.722, time: 0.008404956999584101
L: 0.50, u_super: 0.00747, sec: 423.601, prod: 0.168911, t_ads: 26.2, t_des: 23.8, bed_util_ads: 0.498, bed_util_des: 0.498, des_th: 0.49819866666523677,frac_lost: 0.108, li_recovered:  8.444, time: 0.012261522000699188
L: 0.50, u_super: 0.00405, sec: 220.782, prod: 0.091013, t_ads: 47.9, t_des: 42.8, bed_util_ads: 0.498, bed_util_des: 0.498, des_th: 0.4981771839130416,frac_lost: 0.104, li_recovered:  8.259, time: 0.013242506998722092
L: 0.50, u_super: 0.00866, sec: 508.102, prod: 0.191841, t_ads: 22.6, t_des: 22.6, bed_util_ads: 0.486, bed_util_des: 0.486, des_th: 0.48596339915186476,frac_lost: 0.105, li_recovered:  8.671, time: 0.009812285999942105
L: 2.90, u_super: 0.00766, sec: 2673.881, prod: 0.163330, t_ads: 143.4, t_des: 120.6, bed_util_ads: 0.497, bed_util_des: 0.497, des_th: 0.49669645022611564,frac_lost: 0.102, li_recovered:  43.133, time: 0.011434306999944965
L: 0.50, u_super: 0.00184, sec: 98.991, prod: 0.040829, t_ads: 103.5, t_des: 94.3, bed_util_ads: 0.492, bed_util_des: 0.491, des_th: 0.4912389503950585,frac_lost: 0.101, li_recovered:  8.075, time: 0.01395383499948366
L: 0.50, u_super: 0.00538, sec: 299.763, prod: 0.120111, t_ads: 36.1, t_des: 35.4, bed_util_ads: 0.488, bed_util_des: 0.488, des_th: 0.4879548475662649,frac_lost: 0.102, li_recovered:  8.585, time: 0.011565009999685572
L: 0.50, u_super: 0.00929, sec: 559.675, prod: 0.202028, t_ads: 21.0, t_des: 22.0, bed_util_ads: 0.482, bed_util_des: 0.481, des_th: 0.48141590613881796,frac_lost: 0.105, li_recovered:  8.701, time: 0.01078315599988855
L: 0.50, u_super: 0.00014 — INFEASIBLE (li_recovered=0.000e+00), time: 0.0027393149994168198
L: 33.17, u_super: 0.00888 — INFEASIBLE (li_recovered=0.000e+00), time: 0.0025043189998541493
L: 0.50, u_super: 0.00435, sec: 237.449, prod: 0.097734, t_ads: 44.7, t_des: 40.0, bed_util_ads: 0.498, bed_util_des: 0.498, des_th: 0.49819866666523677,frac_lost: 0.104, li_recovered:  8.273, time: 0.015044263998788665
L: 0.50, u_super: 0.00087 — INFEASIBLE (li_recovered=0.000e+00), time: 0.008429236999290879
L: 0.50, u_super: 0.00557, sec: 307.639, prod: 0.125796, t_ads: 34.9, t_des: 31.5, bed_util_ads: 0.498, bed_util_des: 0.498, des_th: 0.49827452448024956,frac_lost: 0.102, li_recovered:  8.355, time: 0.014506354000332067
L: 0.50, u_super: 0.00752, sec: 426.512, prod: 0.169888, t_ads: 26.1, t_des: 23.6, bed_util_ads: 0.498, bed_util_des: 0.498, des_th: 0.4981551369637462,frac_lost: 0.108, li_recovered:  8.444, time: 0.012196319999929983
L: 0.50, u_super: 0.00240, sec: 129.522, prod: 0.053115, t_ads: 80.4, t_des: 77.7, bed_util_ads: 0.486, bed_util_des: 0.485, des_th: 0.48502512868899605,frac_lost: 0.104, li_recovered:  8.399, time: 0.011427052999351872
L: 0.50, u_super: 0.00821, sec: 469.038, prod: 0.185658, t_ads: 23.8, t_des: 21.4, bed_util_ads: 0.500, bed_util_des: 0.499, des_th: 0.4994867109874898,frac_lost: 0.107, li_recovered:  8.400, time: 0.013696387999516446
L: 0.50, u_super: 0.00818, sec: 466.923, prod: 0.185179, t_ads: 23.9, t_des: 21.7, bed_util_ads: 0.499, bed_util_des: 0.499, des_th: 0.4986940152571904,frac_lost: 0.105, li_recovered:  8.450, time: 0.012801831000615493
L: 0.50, u_super: 0.00650, sec: 363.097, prod: 0.147305, t_ads: 29.8, t_des: 27.0, bed_util_ads: 0.498, bed_util_des: 0.498, des_th: 0.497845845858114,frac_lost: 0.100, li_recovered:  8.372, time: 0.011080204998506815
L: 0.50, u_super: 0.00552, sec: 304.885, prod: 0.124871, t_ads: 35.1, t_des: 31.8, bed_util_ads: 0.498, bed_util_des: 0.498, des_th: 0.4981516000123035,frac_lost: 0.101, li_recovered:  8.354, time: 0.016532360999917728
L: 0.50, u_super: 0.00944, sec: 557.342, prod: 0.209877, t_ads: 20.7, t_des: 20.6, bed_util_ads: 0.487, bed_util_des: 0.487, des_th: 0.487227865895771,frac_lost: 0.105, li_recovered:  8.670, time: 0.01650910699936503
L: 0.50, u_super: 0.00421, sec: 239.161, prod: 0.090941, t_ads: 46.1, t_des: 48.7, bed_util_ads: 0.478, bed_util_des: 0.477, des_th: 0.47740676068479554,frac_lost: 0.104, li_recovered:  8.620, time: 0.02131258000008529
L: 35.11, u_super: 0.00789 — INFEASIBLE (li_recovered=0.000e+00), time: 0.00401931999840599
L: 0.50, u_super: 0.00112 — INFEASIBLE (li_recovered=0.000e+00), time: 0.008962218000306166
L: 60.76, u_super: 0.00593 — INFEASIBLE (li_recovered=0.000e+00), time: 0.0029912459995102836
L: 0.50, u_super: 0.00291, sec: 165.908, prod: 0.061668, t_ads: 66.1, t_des: 72.7, bed_util_ads: 0.471, bed_util_des: 0.470, des_th: 0.47039752509999916,frac_lost: 0.100, li_recovered:  8.560, time: 0.02082727200104273
L: 0.50, u_super: 0.00043, sec: 25.875, prod: 0.008270, t_ads: 410.0, t_des: 363.4, bed_util_ads: 0.464, bed_util_des: 0.463, des_th: 0.46344288987071386,frac_lost: 0.101, li_recovered:  6.395, time: 0.014158960999338888
L: 6.99, u_super: 0.00880 — INFEASIBLE (li_recovered=0.000e+00), time: 0.008441354999376927
L: 0.50, u_super: 0.00388, sec: 1475.043, prod: 0.012477, t_ads: 50.7, t_des: 653.2, bed_util_ads: 0.207, bed_util_des: 0.200, des_th: 0.20009001295006118,frac_lost: 0.105, li_recovered:  8.782, time: 0.07735180200143077
L: 0.50, u_super: 0.00677, sec: 380.714, prod: 0.152707, t_ads: 28.9, t_des: 25.9, bed_util_ads: 0.500, bed_util_des: 0.500, des_th: 0.4999316441246388,frac_lost: 0.109, li_recovered:  8.376, time: 0.011095297000792925
L: 0.50, u_super: 0.00011, sec: 10.639, prod: 0.001439, t_ads: 1616.0, t_des: 3629.5, bed_util_ads: 0.282, bed_util_des: 0.221, des_th: 0.22128149369446393,frac_lost: 0.103, li_recovered:  7.548, time: 0.015201520000118762
L: 0.50, u_super: 0.00262, sec: 140.760, prod: 0.058559, t_ads: 73.4, t_des: 67.0, bed_util_ads: 0.494, bed_util_des: 0.494, des_th: 0.494020391699221,frac_lost: 0.101, li_recovered:  8.220, time: 0.008278946001155418
L: 0.50, u_super: 0.00124, sec: 67.238, prod: 0.027003, t_ads: 152.7, t_des: 138.5, bed_util_ads: 0.488, bed_util_des: 0.487, des_th: 0.487227865895771,frac_lost: 0.103, li_recovered:  7.865, time: 0.010933560999546899
L: 0.50, u_super: 0.00481, sec: 263.938, prod: 0.108357, t_ads: 40.4, t_des: 36.5, bed_util_ads: 0.498, bed_util_des: 0.498, des_th: 0.4981515844559437,frac_lost: 0.105, li_recovered:  8.337, time: 0.017271351998715545
L: 0.50, u_super: 0.00201, sec: 108.842, prod: 0.044164, t_ads: 96.0, t_des: 83.5, bed_util_ads: 0.498, bed_util_des: 0.498, des_th: 0.4978709500407269,frac_lost: 0.108, li_recovered:  7.931, time: 0.01220423899940215
L: 0.50, u_super: 0.00635, sec: 394.005, prod: 0.129344, t_ads: 30.8, t_des: 36.4, bed_util_ads: 0.465, bed_util_des: 0.464, des_th: 0.4641447065508252,frac_lost: 0.107, li_recovered:  8.688, time: 0.014946977000363404
L: 0.50, u_super: 0.00392, sec: 213.331, prod: 0.088136, t_ads: 49.5, t_des: 44.8, bed_util_ads: 0.498, bed_util_des: 0.497, des_th: 0.4973482603830601,frac_lost: 0.105, li_recovered:  8.310, time: 0.012222887000461924
L: 0.50, u_super: 0.00101 — INFEASIBLE (li_recovered=0.000e+00), time: 0.007499710998672526
L: 0.50, u_super: 0.00411, sec: 223.934, prod: 0.092300, t_ads: 47.4, t_des: 43.2, bed_util_ads: 0.497, bed_util_des: 0.496, des_th: 0.49624072210271397,frac_lost: 0.107, li_recovered:  8.367, time: 0.016636893999020685
   919 |    36760 |     40 |  0.0013182678 |             f
L: 0.50, u_super: 0.00310, sec: 272.412, prod: 0.042733, t_ads: 63.0, t_des: 139.8, bed_util_ads: 0.385, bed_util_des: 0.381, des_th: 0.381321411953218,frac_lost: 0.107, li_recovered:  8.665, time: 0.020935454000209575
L: 0.50, u_super: 0.00471, sec: 258.391, prod: 0.105972, t_ads: 41.3, t_des: 36.9, bed_util_ads: 0.500, bed_util_des: 0.500, des_th: 0.49958006793561655,frac_lost: 0.105, li_recovered:  8.285, time: 0.0139494739996735
L: 52.35, u_super: 0.00650 — INFEASIBLE (li_recovered=0.000e+00), time: 0.0022410820001823595
L: 0.50, u_super: 0.00398, sec: 216.339, prod: 0.089338, t_ads: 48.9, t_des: 44.2, bed_util_ads: 0.497, bed_util_des: 0.496, des_th: 0.4963785557506538,frac_lost: 0.105, li_recovered:  8.315, time: 0.014692042999740806
L: 15.93, u_super: 0.00613 — INFEASIBLE (li_recovered=0.000e+00), time: 0.003615412000726792
L: 0.50, u_super: 0.00700, sec: 2310.144, prod: 0.027006, t_ads: 28.0, t_des: 296.9, bed_util_ads: 0.225, bed_util_des: 0.221, des_th: 0.22128149369446393,frac_lost: 0.103, li_recovered:  8.772, time: 0.060993084000074305
L: 0.50, u_super: 0.00734, sec: 415.477, prod: 0.165767, t_ads: 26.7, t_des: 23.9, bed_util_ads: 0.500, bed_util_des: 0.500, des_th: 0.4996262980553724,frac_lost: 0.108, li_recovered:  8.385, time: 0.013291021999975783
L: 0.50, u_super: 0.00516, sec: 285.280, prod: 0.115861, t_ads: 37.6, t_des: 36.1, bed_util_ads: 0.490, bed_util_des: 0.490, des_th: 0.48982806836017023,frac_lost: 0.102, li_recovered:  8.538, time: 0.009047231000295142
L: 0.50, u_super: 0.00880, sec: 515.648, prod: 0.195799, t_ads: 22.2, t_des: 22.1, bed_util_ads: 0.487, bed_util_des: 0.487, des_th: 0.4867780834502654,frac_lost: 0.105, li_recovered:  8.663, time: 0.014211675999831641
L: 0.50, u_super: 0.00864, sec: 499.405, prod: 0.194262, t_ads: 22.6, t_des: 21.7, bed_util_ads: 0.492, bed_util_des: 0.491, des_th: 0.49146498719487086,frac_lost: 0.104, li_recovered:  8.610, time: 0.010421160000987584
L: 0.50, u_super: 0.00990, sec: 576.850, prod: 0.224479, t_ads: 19.7, t_des: 17.9, bed_util_ads: 0.500, bed_util_des: 0.500, des_th: 0.49965956234066244,frac_lost: 0.105, li_recovered:  8.448, time: 0.011577364000913803
L: 0.50, u_super: 0.00122, sec: 65.982, prod: 0.026476, t_ads: 156.1, t_des: 143.0, bed_util_ads: 0.486, bed_util_des: 0.485, des_th: 0.48538092670051636,frac_lost: 0.106, li_recovered:  7.919, time: 0.014999394999904325
L: 0.50, u_super: 0.00481, sec: 270.783, prod: 0.105617, t_ads: 40.3, t_des: 41.3, bed_util_ads: 0.482, bed_util_des: 0.481, des_th: 0.48117053211774385,frac_lost: 0.101, li_recovered:  8.618, time: 0.015543544001047849
L: 0.50, u_super: 0.00652, sec: 365.361, prod: 0.147204, t_ads: 30.0, t_des: 27.3, bed_util_ads: 0.498, bed_util_des: 0.498, des_th: 0.4978848795971282,frac_lost: 0.107, li_recovered:  8.433, time: 0.014834919000350055
L: 0.50, u_super: 0.00734, sec: 415.227, prod: 0.165867, t_ads: 26.7, t_des: 24.1, bed_util_ads: 0.498, bed_util_des: 0.498, des_th: 0.49815512140738644,frac_lost: 0.107, li_recovered:  8.428, time: 0.016677641000569565
L: 0.50, u_super: 0.00515, sec: 283.469, prod: 0.116150, t_ads: 37.7, t_des: 33.8, bed_util_ads: 0.498, bed_util_des: 0.498, des_th: 0.49827452448024956,frac_lost: 0.102, li_recovered:  8.306, time: 0.015333948000261444
L: 0.50, u_super: 0.00582, sec: 444.593, prod: 0.095389, t_ads: 33.6, t_des: 57.6, bed_util_ads: 0.418, bed_util_des: 0.417, des_th: 0.41714005825057743,frac_lost: 0.105, li_recovered:  8.701, time: 0.024180157999580842
L: 0.50, u_super: 0.00359, sec: 195.141, prod: 0.080505, t_ads: 54.2, t_des: 49.1, bed_util_ads: 0.497, bed_util_des: 0.496, des_th: 0.49649454499126583,frac_lost: 0.109, li_recovered:  8.319, time: 0.016633683000691235
L: 19.50, u_super: 0.00435 — INFEASIBLE (li_recovered=0.000e+00), time: 0.0031648839994886657
L: 0.50, u_super: 0.00089, sec: 221.266, prod: 0.004210, t_ads: 222.0, t_des: 1861.0, bed_util_ads: 0.232, bed_util_des: 0.208, des_th: 0.20838354007614465,frac_lost: 0.107, li_recovered:  8.769, time: 0.06353288699938275
L: 0.50, u_super: 0.00637, sec: 365.575, prod: 0.140200, t_ads: 30.4, t_des: 31.3, bed_util_ads: 0.483, bed_util_des: 0.483, des_th: 0.48302195213858223,frac_lost: 0.101, li_recovered:  8.652, time: 0.013053090999164851
L: 0.50, u_super: 0.00201, sec: 108.919, prod: 0.044133, t_ads: 95.2, t_des: 82.4, bed_util_ads: 0.499, bed_util_des: 0.498, des_th: 0.49848025828330406,frac_lost: 0.101, li_recovered:  7.836, time: 0.012619621000339976
L: 0.50, u_super: 0.00827, sec: 471.756, prod: 0.187714, t_ads: 23.5, t_des: 21.2, bed_util_ads: 0.500, bed_util_des: 0.500, des_th: 0.49953266867031615,frac_lost: 0.100, li_recovered:  8.379, time: 0.01355917699947895
L: 0.50, u_super: 0.00569, sec: 314.763, prod: 0.128540, t_ads: 34.1, t_des: 30.6, bed_util_ads: 0.499, bed_util_des: 0.498, des_th: 0.4984748707926259,frac_lost: 0.101, li_recovered:  8.308, time: 0.013893587998609291
L: 0.50, u_super: 0.00005 — INFEASIBLE (li_recovered=0.000e+00), time: 0.002232595999885234
L: 0.50, u_super: 0.00663, sec: 372.501, prod: 0.149652, t_ads: 29.6, t_des: 26.8, bed_util_ads: 0.498, bed_util_des: 0.498, des_th: 0.4981557214431988,frac_lost: 0.109, li_recovered:  8.431, time: 0.012843050000810763
L: 0.50, u_super: 0.00174, sec: 94.793, prod: 0.037755, t_ads: 110.0, t_des: 93.8, bed_util_ads: 0.499, bed_util_des: 0.499, des_th: 0.49861516512654097,frac_lost: 0.103, li_recovered:  7.694, time: 0.012624371000129031
L: 2.00, u_super: 0.00303 — INFEASIBLE (li_recovered=0.000e+00), time: 0.008824298998661106
L: 0.50, u_super: 0.00965, sec: 559.939, prod: 0.218829, t_ads: 20.2, t_des: 18.4, bed_util_ads: 0.500, bed_util_des: 0.499, des_th: 0.49941800771673645,frac_lost: 0.104, li_recovered:  8.443, time: 0.009056106999196345
L: 0.50, u_super: 0.00283, sec: 152.883, prod: 0.063205, t_ads: 68.1, t_des: 60.5, bed_util_ads: 0.497, bed_util_des: 0.497, des_th: 0.49701842298563287,frac_lost: 0.103, li_recovered:  8.131, time: 0.01394084700041276
L: 0.50, u_super: 0.00101 — INFEASIBLE (li_recovered=0.000e+00), time: 0.005818323999847053
L: 0.50, u_super: 0.00689, sec: 388.195, prod: 0.155521, t_ads: 28.5, t_des: 25.7, bed_util_ads: 0.500, bed_util_des: 0.500, des_th: 0.4997419766639897,frac_lost: 0.109, li_recovered:  8.427, time: 0.01119023799947172
L: 15.25, u_super: 0.00157 — INFEASIBLE (li_recovered=0.000e+00), time: 0.0020322630007285625
L: 0.50, u_super: 0.00557, sec: 308.004, prod: 0.125854, t_ads: 34.9, t_des: 31.6, bed_util_ads: 0.498, bed_util_des: 0.498, des_th: 0.49827452448024956,frac_lost: 0.103, li_recovered:  8.371, time: 0.008526106999852345
L: 0.50, u_super: 0.00058, sec: 33.614, prod: 0.011854, t_ads: 314.6, t_des: 337.4, bed_util_ads: 0.451, bed_util_des: 0.447, des_th: 0.4466546758887696,frac_lost: 0.102, li_recovered:  7.728, time: 0.009165974001007271
L: 8.49, u_super: 0.00778 — INFEASIBLE (li_recovered=0.000e+00), time: 0.004185345000223606
L: 6.79, u_super: 0.00162, sec: 2510.918, prod: 0.016916, t_ads: 1622.3, t_des: 4965.9, bed_util_ads: 0.258, bed_util_des: 0.185, des_th: 0.1851696623157332,frac_lost: 0.102, li_recovered:  111.448, time: 0.016074631001174566
L: 0.50, u_super: 0.00627, sec: 349.788, prod: 0.141765, t_ads: 31.0, t_des: 27.7, bed_util_ads: 0.500, bed_util_des: 0.500, des_th: 0.4998250149763808,frac_lost: 0.102, li_recovered:  8.313, time: 0.010328073998607579
L: 0.50, u_super: 0.00536, sec: 295.649, prod: 0.121050, t_ads: 36.2, t_des: 32.7, bed_util_ads: 0.498, bed_util_des: 0.498, des_th: 0.49827452448024956,frac_lost: 0.102, li_recovered:  8.343, time: 0.010972625001159031
L: 0.50, u_super: 0.00870, sec: 500.935, prod: 0.196694, t_ads: 22.5, t_des: 20.9, bed_util_ads: 0.496, bed_util_des: 0.496, des_th: 0.4960207374911541,frac_lost: 0.107, li_recovered:  8.531, time: 0.011072123999838368
   920 |    36800 |     40 |  0.0034716912 |             f
L: 0.50, u_super: 0.00187, sec: 100.568, prod: 0.041418, t_ads: 102.2, t_des: 92.6, bed_util_ads: 0.492, bed_util_des: 0.491, des_th: 0.4913178038018264,frac_lost: 0.102, li_recovered:  8.071, time: 0.009555804999763495
L: 0.50, u_super: 0.00906, sec: 523.171, prod: 0.205110, t_ads: 21.6, t_des: 19.8, bed_util_ads: 0.498, bed_util_des: 0.498, des_th: 0.49781134816203654,frac_lost: 0.106, li_recovered:  8.491, time: 0.01205023600050481
L: 0.50, u_super: 0.00770, sec: 436.232, prod: 0.174695, t_ads: 25.2, t_des: 23.4, bed_util_ads: 0.497, bed_util_des: 0.497, des_th: 0.49667506558720714,frac_lost: 0.100, li_recovered:  8.481, time: 0.008749254000576911
L: 22.72, u_super: 0.00262 — INFEASIBLE (li_recovered=0.000e+00), time: 0.0012958299994352274
L: 0.50, u_super: 0.00934, sec: 540.314, prod: 0.211872, t_ads: 20.9, t_des: 19.0, bed_util_ads: 0.498, bed_util_des: 0.498, des_th: 0.49828193299224016,frac_lost: 0.104, li_recovered:  8.450, time: 0.010756477999166236
L: 0.50, u_super: 0.00145, sec: 78.859, prod: 0.031588, t_ads: 131.6, t_des: 115.4, bed_util_ads: 0.494, bed_util_des: 0.494, des_th: 0.4938359523170524,frac_lost: 0.106, li_recovered:  7.804, time: 0.006944033999388921
L: 0.50, u_super: 0.00959, sec: 557.512, prod: 0.217013, t_ads: 20.4, t_des: 18.9, bed_util_ads: 0.497, bed_util_des: 0.497, des_th: 0.49677072924790566,frac_lost: 0.106, li_recovered:  8.528, time: 0.010452435000843252
L: 0.50, u_super: 0.00136, sec: 82.153, prod: 0.026731, t_ads: 140.4, t_des: 172.8, bed_util_ads: 0.450, bed_util_des: 0.447, des_th: 0.447028797137235,frac_lost: 0.104, li_recovered:  8.374, time: 0.012214950000270619
L: 0.50, u_super: 0.00476, sec: 260.793, prod: 0.107223, t_ads: 40.8, t_des: 36.9, bed_util_ads: 0.498, bed_util_des: 0.498, des_th: 0.4981552124463229,frac_lost: 0.104, li_recovered:  8.333, time: 0.010733082999649923
L: 0.50, u_super: 0.00470, sec: 257.746, prod: 0.105884, t_ads: 41.4, t_des: 37.4, bed_util_ads: 0.499, bed_util_des: 0.498, des_th: 0.4983067055157109,frac_lost: 0.105, li_recovered:  8.342, time: 0.010189156999331317
L: 0.50, u_super: 0.00906, sec: 539.735, prod: 0.198816, t_ads: 21.6, t_des: 22.1, bed_util_ads: 0.483, bed_util_des: 0.483, des_th: 0.48269825516389414,frac_lost: 0.105, li_recovered:  8.691, time: 0.009771142998943105
L: 0.50, u_super: 0.00127, sec: 71.122, prod: 0.026605, t_ads: 149.9, t_des: 122.3, bed_util_ads: 0.500, bed_util_des: 0.499, des_th: 0.49950991907660264,frac_lost: 0.106, li_recovered:  7.240, time: 0.009578016000887146
L: 0.50, u_super: 0.00736, sec: 417.499, prod: 0.165986, t_ads: 26.7, t_des: 24.7, bed_util_ads: 0.497, bed_util_des: 0.497, des_th: 0.49667506558720714,frac_lost: 0.109, li_recovered:  8.517, time: 0.01080142099999648
L: 0.50, u_super: 0.00043, sec: 24.967, prod: 0.008571, t_ads: 414.1, t_des: 414.4, bed_util_ads: 0.451, bed_util_des: 0.447, des_th: 0.44764114791331255,frac_lost: 0.100, li_recovered:  7.101, time: 0.011363646000972949
L: 0.50, u_super: 0.00389, sec: 211.366, prod: 0.087338, t_ads: 49.9, t_des: 46.3, bed_util_ads: 0.494, bed_util_des: 0.494, des_th: 0.4941465965196797,frac_lost: 0.105, li_recovered:  8.402, time: 0.013013318999583134
L: 0.50, u_super: 0.00011, sec: 9.389, prod: 0.001631, t_ads: 1512.7, t_des: 2607.9, bed_util_ads: 0.306, bed_util_des: 0.262, des_th: 0.262178239225767,frac_lost: 0.102, li_recovered:  6.719, time: 0.015896729000814958
L: 0.50, u_super: 0.00435, sec: 237.449, prod: 0.097734, t_ads: 44.7, t_des: 40.0, bed_util_ads: 0.498, bed_util_des: 0.498, des_th: 0.49819866666523677,frac_lost: 0.104, li_recovered:  8.273, time: 0.014621799999076757
L: 0.50, u_super: 0.00259, sec: 139.637, prod: 0.057690, t_ads: 74.4, t_des: 66.2, bed_util_ads: 0.497, bed_util_des: 0.497, des_th: 0.49696077813293166,frac_lost: 0.103, li_recovered:  8.112, time: 0.012331955000263406
L: 0.50, u_super: 0.00464, sec: 254.460, prod: 0.104576, t_ads: 41.9, t_des: 37.8, bed_util_ads: 0.498, bed_util_des: 0.498, des_th: 0.4982340769501016,frac_lost: 0.105, li_recovered:  8.339, time: 0.011848146999909659
L: 0.50, u_super: 0.00064, sec: 173.409, prod: 0.002749, t_ads: 310.5, t_des: 2892.2, bed_util_ads: 0.218, bed_util_des: 0.185, des_th: 0.18534443205632978,frac_lost: 0.105, li_recovered:  8.803, time: 0.051124937999702524
L: 0.50, u_super: 0.00661, sec: 370.345, prod: 0.149667, t_ads: 29.3, t_des: 26.2, bed_util_ads: 0.500, bed_util_des: 0.500, des_th: 0.4997863747154267,frac_lost: 0.101, li_recovered:  8.316, time: 0.012559591999888653
L: 0.50, u_super: 0.00686, sec: 385.669, prod: 0.155000, t_ads: 28.5, t_des: 25.9, bed_util_ads: 0.498, bed_util_des: 0.498, des_th: 0.497845845858114,frac_lost: 0.106, li_recovered:  8.431, time: 0.009822197000175947
L: 0.50, u_super: 0.00312, sec: 168.206, prod: 0.069786, t_ads: 62.0, t_des: 55.7, bed_util_ads: 0.497, bed_util_des: 0.497, des_th: 0.49701842298563287,frac_lost: 0.103, li_recovered:  8.213, time: 0.011589023999476922
L: 0.50, u_super: 0.00008 — INFEASIBLE (li_recovered=0.000e+00), time: 0.0033181090002472047
L: 0.50, u_super: 0.00395, sec: 215.428, prod: 0.088685, t_ads: 49.2, t_des: 43.9, bed_util_ads: 0.500, bed_util_des: 0.500, des_th: 0.4995951043476426,frac_lost: 0.107, li_recovered:  8.263, time: 0.013245566000477993
L: 0.50, u_super: 0.00805, sec: 459.261, prod: 0.181892, t_ads: 24.4, t_des: 22.1, bed_util_ads: 0.499, bed_util_des: 0.499, des_th: 0.4987695077443347,frac_lost: 0.108, li_recovered:  8.443, time: 0.011988549000307103
L: 0.50, u_super: 0.00005, sec: 4.346, prod: 0.000666, t_ads: 3567.6, t_des: 6545.5, bed_util_ads: 0.248, bed_util_des: 0.172, des_th: 0.17189252178518813,frac_lost: 0.102, li_recovered:  6.736, time: 0.015869648999796482
L: 0.50, u_super: 0.00514, sec: 282.805, prod: 0.115963, t_ads: 37.8, t_des: 34.6, bed_util_ads: 0.497, bed_util_des: 0.497, des_th: 0.49706870575051826,frac_lost: 0.104, li_recovered:  8.396, time: 0.01556023000011919
L: 0.50, u_super: 0.00738, sec: 417.959, prod: 0.166877, t_ads: 26.5, t_des: 24.1, bed_util_ads: 0.498, bed_util_des: 0.498, des_th: 0.498151508973367,frac_lost: 0.107, li_recovered:  8.445, time: 0.01451296900086163
L: 0.50, u_super: 0.00435, sec: 237.944, prod: 0.097882, t_ads: 44.6, t_des: 39.8, bed_util_ads: 0.500, bed_util_des: 0.499, des_th: 0.4994720199686472,frac_lost: 0.104, li_recovered:  8.268, time: 0.013767995000307565
L: 0.50, u_super: 0.00689, sec: 386.888, prod: 0.156046, t_ads: 28.1, t_des: 25.2, bed_util_ads: 0.500, bed_util_des: 0.500, des_th: 0.4997391514151142,frac_lost: 0.101, li_recovered:  8.326, time: 0.01121981100004632
L: 0.50, u_super: 0.00627, sec: 354.663, prod: 0.139816, t_ads: 30.9, t_des: 30.7, bed_util_ads: 0.487, bed_util_des: 0.487, des_th: 0.48716185225243863,frac_lost: 0.101, li_recovered:  8.619, time: 0.014686607000840013
L: 0.50, u_super: 0.00480, sec: 263.948, prod: 0.108068, t_ads: 40.6, t_des: 36.2, bed_util_ads: 0.500, bed_util_des: 0.500, des_th: 0.49958006793561655,frac_lost: 0.106, li_recovered:  8.289, time: 0.011823570999695221
L: 0.50, u_super: 0.00734, sec: 415.227, prod: 0.165867, t_ads: 26.7, t_des: 24.1, bed_util_ads: 0.498, bed_util_des: 0.498, des_th: 0.49815512140738644,frac_lost: 0.107, li_recovered:  8.428, time: 0.009233921000486589
L: 0.50, u_super: 0.00263, sec: 141.585, prod: 0.058526, t_ads: 73.4, t_des: 65.4, bed_util_ads: 0.497, bed_util_des: 0.496, des_th: 0.49636834017079123,frac_lost: 0.103, li_recovered:  8.120, time: 0.013622186001157388
L: 0.50, u_super: 0.00481, sec: 263.912, prod: 0.108367, t_ads: 40.5, t_des: 36.6, bed_util_ads: 0.498, bed_util_des: 0.498, des_th: 0.4981516000123035,frac_lost: 0.105, li_recovered:  8.345, time: 0.01033470199945441
L: 0.50, u_super: 0.00312, sec: 167.970, prod: 0.069884, t_ads: 61.8, t_des: 57.8, bed_util_ads: 0.492, bed_util_des: 0.491, des_th: 0.49152263132133645,frac_lost: 0.101, li_recovered:  8.363, time: 0.010545395000008284
L: 0.50, u_super: 0.00593, sec: 329.074, prod: 0.134355, t_ads: 32.6, t_des: 30.0, bed_util_ads: 0.496, bed_util_des: 0.496, des_th: 0.49624072210271397,frac_lost: 0.100, li_recovered:  8.414, time: 0.016421058999185334
L: 0.50, u_super: 0.00886, sec: 512.193, prod: 0.199810, t_ads: 22.0, t_des: 21.0, bed_util_ads: 0.493, bed_util_des: 0.493, des_th: 0.49313445730517436,frac_lost: 0.104, li_recovered:  8.591, time: 0.01903274000142119
L: 0.50, u_super: 0.00689, sec: 387.200, prod: 0.155921, t_ads: 28.2, t_des: 25.2, bed_util_ads: 0.500, bed_util_des: 0.500, des_th: 0.49983754737658104,frac_lost: 0.102, li_recovered:  8.317, time: 0.017644262999965576
   921 |    36840 |     40 |  0.0012630139 |             f
L: 0.50, u_super: 0.00048 — INFEASIBLE (li_recovered=0.000e+00), time: 0.007749504000457819
L: 0.50, u_super: 0.00650, sec: 363.097, prod: 0.147305, t_ads: 29.8, t_des: 27.0, bed_util_ads: 0.498, bed_util_des: 0.498, des_th: 0.497845845858114,frac_lost: 0.100, li_recovered:  8.372, time: 0.01279380400046648
L: 0.50, u_super: 0.00114 — INFEASIBLE (li_recovered=0.000e+00), time: 0.005442044999654172
L: 20.64, u_super: 0.00091 — INFEASIBLE (li_recovered=0.000e+00), time: 0.0019487059998937184
L: 0.50, u_super: 0.00990, sec: 576.743, prod: 0.224526, t_ads: 19.7, t_des: 18.0, bed_util_ads: 0.499, bed_util_des: 0.499, des_th: 0.4993631623562815,frac_lost: 0.105, li_recovered:  8.461, time: 0.012996241999644553
L: 11.49, u_super: 0.00689 — INFEASIBLE (li_recovered=0.000e+00), time: 0.004348865999418194
L: 0.50, u_super: 0.00341, sec: 184.931, prod: 0.076382, t_ads: 57.0, t_des: 52.8, bed_util_ads: 0.494, bed_util_des: 0.493, des_th: 0.4933160947707557,frac_lost: 0.107, li_recovered:  8.391, time: 0.009944777000782778
L: 0.50, u_super: 0.00731, sec: 413.596, prod: 0.165232, t_ads: 26.8, t_des: 24.3, bed_util_ads: 0.498, bed_util_des: 0.498, des_th: 0.49815503375623243,frac_lost: 0.108, li_recovered:  8.442, time: 0.015311360000850982
L: 0.50, u_super: 0.00569, sec: 314.594, prod: 0.128609, t_ads: 34.1, t_des: 30.9, bed_util_ads: 0.498, bed_util_des: 0.498, des_th: 0.4981245634619439,frac_lost: 0.101, li_recovered:  8.362, time: 0.013316241998836631
L: 0.50, u_super: 0.00515, sec: 283.469, prod: 0.116150, t_ads: 37.7, t_des: 33.8, bed_util_ads: 0.498, bed_util_des: 0.498, des_th: 0.49827452448024956,frac_lost: 0.102, li_recovered:  8.306, time: 0.010281562999807647
L: 0.50, u_super: 0.00875, sec: 503.448, prod: 0.198054, t_ads: 22.4, t_des: 20.5, bed_util_ads: 0.499, bed_util_des: 0.498, des_th: 0.4984055674404395,frac_lost: 0.107, li_recovered:  8.487, time: 0.01350613500108011
L: 0.50, u_super: 0.00082, sec: 229.384, prod: 0.003452, t_ads: 240.2, t_des: 2304.9, bed_util_ads: 0.219, bed_util_des: 0.193, des_th: 0.1928812746560512,frac_lost: 0.104, li_recovered:  8.787, time: 0.053348663001088426
L: 0.50, u_super: 0.00689, sec: 388.337, prod: 0.155464, t_ads: 28.4, t_des: 26.3, bed_util_ads: 0.496, bed_util_des: 0.496, des_th: 0.4960450098285893,frac_lost: 0.108, li_recovered:  8.507, time: 0.009600719999070861
L: 0.50, u_super: 0.00731, sec: 413.551, prod: 0.164961, t_ads: 26.8, t_des: 24.6, bed_util_ads: 0.497, bed_util_des: 0.497, des_th: 0.49667506558720714,frac_lost: 0.108, li_recovered:  8.485, time: 0.014230450000468409
L: 0.50, u_super: 0.00880, sec: 506.691, prod: 0.199260, t_ads: 22.2, t_des: 20.4, bed_util_ads: 0.498, bed_util_des: 0.498, des_th: 0.49817650618697945,frac_lost: 0.106, li_recovered:  8.487, time: 0.013453330000629649
L: 0.50, u_super: 0.00029, sec: 30.279, prod: 0.003249, t_ads: 657.1, t_des: 1857.0, bed_util_ads: 0.309, bed_util_des: 0.272, des_th: 0.2720837729576059,frac_lost: 0.104, li_recovered:  8.167, time: 0.02048000199829403
L: 0.50, u_super: 0.00087, sec: 50.764, prod: 0.017399, t_ads: 216.5, t_des: 249.8, bed_util_ads: 0.451, bed_util_des: 0.447, des_th: 0.4476104056913135,frac_lost: 0.102, li_recovered:  8.115, time: 0.01158989200121141
L: 20.20, u_super: 0.00615 — INFEASIBLE (li_recovered=0.000e+00), time: 0.003382917999260826
L: 0.50, u_super: 0.00515, sec: 283.312, prod: 0.116214, t_ads: 37.7, t_des: 34.2, bed_util_ads: 0.498, bed_util_des: 0.498, des_th: 0.4982678342635251,frac_lost: 0.103, li_recovered:  8.353, time: 0.010405623999758973
L: 56.94, u_super: 0.00375 — INFEASIBLE (li_recovered=0.000e+00), time: 0.002489274000254227
L: 0.50, u_super: 0.00011, sec: 9.004, prod: 0.001700, t_ads: 1269.4, t_des: 1665.6, bed_util_ads: 0.331, bed_util_des: 0.313, des_th: 0.3135380151121431,frac_lost: 0.101, li_recovered:  4.990, time: 0.01172859800135484
L: 0.50, u_super: 0.00868, sec: 508.024, prod: 0.192931, t_ads: 22.5, t_des: 22.4, bed_util_ads: 0.487, bed_util_des: 0.487, des_th: 0.4870879267099607,frac_lost: 0.106, li_recovered:  8.664, time: 0.01353571199979342
L: 0.50, u_super: 0.00792, sec: 451.471, prod: 0.178947, t_ads: 24.8, t_des: 22.4, bed_util_ads: 0.499, bed_util_des: 0.499, des_th: 0.499222945335054,frac_lost: 0.109, li_recovered:  8.445, time: 0.013524680000045919
L: 0.50, u_super: 0.00848, sec: 497.029, prod: 0.187642, t_ads: 23.1, t_des: 23.2, bed_util_ads: 0.487, bed_util_des: 0.487, des_th: 0.48659158412841286,frac_lost: 0.106, li_recovered:  8.673, time: 0.01270979099899705
L: 6.17, u_super: 0.00005 — INFEASIBLE (li_recovered=0.000e+00), time: 0.001747435000652331
L: 0.50, u_super: 0.00466, sec: 281.852, prod: 0.095259, t_ads: 41.6, t_des: 49.2, bed_util_ads: 0.464, bed_util_des: 0.463, des_th: 0.4627682566488249,frac_lost: 0.102, li_recovered:  8.649, time: 0.014431810999667505
L: 0.50, u_super: 0.00738, sec: 417.922, prod: 0.166891, t_ads: 26.5, t_des: 24.1, bed_util_ads: 0.499, bed_util_des: 0.498, des_th: 0.498501816304049,frac_lost: 0.107, li_recovered:  8.437, time: 0.01109547600026417
L: 0.50, u_super: 0.00770, sec: 436.232, prod: 0.174695, t_ads: 25.2, t_des: 23.4, bed_util_ads: 0.497, bed_util_des: 0.497, des_th: 0.49667506558720714,frac_lost: 0.100, li_recovered:  8.481, time: 0.01120586899924092
L: 0.50, u_super: 0.00464, sec: 257.426, prod: 0.103371, t_ads: 41.9, t_des: 41.1, bed_util_ads: 0.488, bed_util_des: 0.487, des_th: 0.48734882643325966,frac_lost: 0.104, li_recovered:  8.574, time: 0.011551817999134073
L: 0.50, u_super: 0.00831, sec: 486.620, prod: 0.183711, t_ads: 23.6, t_des: 23.6, bed_util_ads: 0.486, bed_util_des: 0.486, des_th: 0.48589929762630496,frac_lost: 0.107, li_recovered:  8.673, time: 0.00831109099999594
L: 0.50, u_super: 0.00312, sec: 168.213, prod: 0.069783, t_ads: 62.0, t_des: 55.7, bed_util_ads: 0.497, bed_util_des: 0.497, des_th: 0.4970640014497857,frac_lost: 0.103, li_recovered:  8.209, time: 0.013685096999324742
L: 0.50, u_super: 0.00129, sec: 69.965, prod: 0.028241, t_ads: 146.7, t_des: 134.2, bed_util_ads: 0.487, bed_util_des: 0.486, des_th: 0.48599242470909987,frac_lost: 0.103, li_recovered:  7.934, time: 0.014182434000758803
L: 0.50, u_super: 0.00661, sec: 371.257, prod: 0.149300, t_ads: 29.6, t_des: 26.5, bed_util_ads: 0.500, bed_util_des: 0.500, des_th: 0.4999557624963931,frac_lost: 0.108, li_recovered:  8.379, time: 0.010798097000588314
L: 38.35, u_super: 0.00223 — INFEASIBLE (li_recovered=0.000e+00), time: 0.0017689880005491432
L: 0.50, u_super: 0.00042 — INFEASIBLE (li_recovered=0.000e+00), time: 0.004238970999722369
L: 0.50, u_super: 0.00213, sec: 114.687, prod: 0.047150, t_ads: 90.7, t_des: 85.6, bed_util_ads: 0.488, bed_util_des: 0.487, des_th: 0.48719708470597717,frac_lost: 0.107, li_recovered:  8.312, time: 0.013352620000659954
L: 0.50, u_super: 0.00510, sec: 280.609, prod: 0.115189, t_ads: 38.0, t_des: 34.5, bed_util_ads: 0.497, bed_util_des: 0.497, des_th: 0.49707539596723516,frac_lost: 0.102, li_recovered:  8.353, time: 0.009062356000868022
L: 0.50, u_super: 0.00569, sec: 343.839, prod: 0.117670, t_ads: 34.1, t_des: 39.5, bed_util_ads: 0.467, bed_util_des: 0.467, des_th: 0.46671711371975777,frac_lost: 0.101, li_recovered:  8.669, time: 0.011703857000611606
L: 0.50, u_super: 0.00655, sec: 428.013, prod: 0.127034, t_ads: 29.9, t_des: 38.6, bed_util_ads: 0.454, bed_util_des: 0.453, des_th: 0.4528294681604416,frac_lost: 0.107, li_recovered:  8.697, time: 0.011778378999224515
L: 0.50, u_super: 0.00341, sec: 184.842, prod: 0.076419, t_ads: 57.0, t_des: 51.5, bed_util_ads: 0.497, bed_util_des: 0.496, des_th: 0.4964490277939601,frac_lost: 0.107, li_recovered:  8.287, time: 0.01312157299980754
   922 |    36880 |     40 |  0.0020463478 |             f
L: 0.50, u_super: 0.00624, sec: 441.572, prod: 0.111310, t_ads: 31.3, t_des: 46.9, bed_util_ads: 0.435, bed_util_des: 0.434, des_th: 0.433733321369974,frac_lost: 0.104, li_recovered:  8.697, time: 0.012010716000077082
L: 39.66, u_super: 0.00990 — INFEASIBLE (li_recovered=0.000e+00), time: 0.00688416800039704
L: 0.50, u_super: 0.00364, sec: 197.621, prod: 0.081644, t_ads: 53.3, t_des: 47.8, bed_util_ads: 0.498, bed_util_des: 0.497, des_th: 0.49746082574735534,frac_lost: 0.105, li_recovered:  8.259, time: 0.013357715000893222
L: 0.50, u_super: 0.00734, sec: 415.484, prod: 0.165992, t_ads: 26.6, t_des: 24.1, bed_util_ads: 0.499, bed_util_des: 0.499, des_th: 0.4985156006005376,frac_lost: 0.107, li_recovered:  8.430, time: 0.013493755999661516
L: 0.50, u_super: 0.00437, sec: 238.929, prod: 0.098375, t_ads: 44.5, t_des: 40.2, bed_util_ads: 0.498, bed_util_des: 0.498, des_th: 0.49811420777317783,frac_lost: 0.105, li_recovered:  8.330, time: 0.017508878001535777
L: 7.84, u_super: 0.00053 — INFEASIBLE (li_recovered=0.000e+00), time: 0.003300591000879649
L: 0.50, u_super: 0.00481, sec: 263.811, prod: 0.108408, t_ads: 40.4, t_des: 36.6, bed_util_ads: 0.498, bed_util_des: 0.498, des_th: 0.4980200092481014,frac_lost: 0.104, li_recovered:  8.347, time: 0.021667896000508335
L: 0.50, u_super: 0.00294, sec: 159.144, prod: 0.065644, t_ads: 65.4, t_des: 57.6, bed_util_ads: 0.498, bed_util_des: 0.498, des_th: 0.49815512140738644,frac_lost: 0.101, li_recovered:  8.070, time: 0.016678136000336963
L: 0.50, u_super: 0.00770, sec: 436.232, prod: 0.174695, t_ads: 25.2, t_des: 23.4, bed_util_ads: 0.497, bed_util_des: 0.497, des_th: 0.49667506558720714,frac_lost: 0.100, li_recovered:  8.481, time: 0.02089573599914729
L: 0.50, u_super: 0.00008, sec: 11.192, prod: 0.000744, t_ads: 1273.4, t_des: 1214.3, bed_util_ads: 0.314, bed_util_des: 0.313, des_th: 0.3135380151121431,frac_lost: 0.101, li_recovered:  1.852, time: 0.013305790000231354
L: 0.50, u_super: 0.00515, sec: 283.483, prod: 0.116144, t_ads: 37.7, t_des: 33.7, bed_util_ads: 0.499, bed_util_des: 0.499, des_th: 0.4993106729649784,frac_lost: 0.102, li_recovered:  8.285, time: 0.011777100000472274
L: 0.50, u_super: 0.00129, sec: 70.951, prod: 0.027849, t_ads: 146.7, t_des: 126.4, bed_util_ads: 0.494, bed_util_des: 0.493, des_th: 0.49344073352045204,frac_lost: 0.104, li_recovered:  7.607, time: 0.012244377001479734
L: 0.50, u_super: 0.00848, sec: 485.910, prod: 0.191936, t_ads: 23.1, t_des: 20.9, bed_util_ads: 0.500, bed_util_des: 0.499, des_th: 0.49938345803524425,frac_lost: 0.106, li_recovered:  8.443, time: 0.009222017999491072
L: 0.50, u_super: 0.00906, sec: 523.376, prod: 0.205030, t_ads: 21.6, t_des: 19.6, bed_util_ads: 0.500, bed_util_des: 0.500, des_th: 0.49990722427812795,frac_lost: 0.108, li_recovered:  8.450, time: 0.007515531000535702
L: 0.50, u_super: 0.00005, sec: 4.331, prod: 0.000668, t_ads: 3403.0, t_des: 5784.2, bed_util_ads: 0.252, bed_util_des: 0.185, des_th: 0.1851696623157332,frac_lost: 0.100, li_recovered:  6.141, time: 0.0144251580004493
L: 0.50, u_super: 0.00500, sec: 274.505, prod: 0.112819, t_ads: 38.8, t_des: 35.5, bed_util_ads: 0.497, bed_util_des: 0.497, des_th: 0.49667506558720714,frac_lost: 0.103, li_recovered:  8.386, time: 0.012955934000274283
L: 0.50, u_super: 0.00731, sec: 414.162, prod: 0.165104, t_ads: 26.8, t_des: 24.3, bed_util_ads: 0.499, bed_util_des: 0.498, des_th: 0.498501816304049,frac_lost: 0.110, li_recovered:  8.440, time: 0.010495736998564098
L: 0.50, u_super: 0.00129, sec: 72.068, prod: 0.027417, t_ads: 146.6, t_des: 121.5, bed_util_ads: 0.499, bed_util_des: 0.499, des_th: 0.49944808829983406,frac_lost: 0.104, li_recovered:  7.348, time: 0.013232287999926484
L: 0.50, u_super: 0.00146, sec: 80.319, prod: 0.031521, t_ads: 129.4, t_des: 110.0, bed_util_ads: 0.497, bed_util_des: 0.496, des_th: 0.4963849709331607,frac_lost: 0.100, li_recovered:  7.548, time: 0.011038937000193982
L: 0.50, u_super: 0.00614, sec: 341.294, prod: 0.138869, t_ads: 31.6, t_des: 28.6, bed_util_ads: 0.498, bed_util_des: 0.498, des_th: 0.4978710953006395,frac_lost: 0.101, li_recovered:  8.363, time: 0.014343421999001293
L: 14.94, u_super: 0.00005 — INFEASIBLE (li_recovered=0.000e+00), time: 0.0022440539996750886
L: 0.50, u_super: 0.00567, sec: 313.911, prod: 0.127977, t_ads: 34.3, t_des: 30.7, bed_util_ads: 0.500, bed_util_des: 0.499, des_th: 0.49948237249483496,frac_lost: 0.102, li_recovered:  8.311, time: 0.011188594000486773
L: 0.50, u_super: 0.00899, sec: 620.807, prod: 0.170074, t_ads: 21.7, t_des: 29.5, bed_util_ads: 0.448, bed_util_des: 0.448, des_th: 0.44764114791331255,frac_lost: 0.105, li_recovered:  8.718, time: 0.015998206999938702
L: 0.50, u_super: 0.00239, sec: 129.606, prod: 0.052756, t_ads: 80.8, t_des: 69.9, bed_util_ads: 0.500, bed_util_des: 0.500, des_th: 0.4997850996837833,frac_lost: 0.106, li_recovered:  7.947, time: 0.01214153000000806
L: 0.50, u_super: 0.00695, sec: 394.702, prod: 0.155718, t_ads: 28.1, t_des: 27.1, bed_util_ads: 0.492, bed_util_des: 0.491, des_th: 0.49152263132133645,frac_lost: 0.107, li_recovered:  8.602, time: 0.012363199999526842
L: 10.00, u_super: 0.00510 — INFEASIBLE (li_recovered=0.000e+00), time: 0.005635268998958054
L: 20.27, u_super: 0.00683 — INFEASIBLE (li_recovered=0.000e+00), time: 0.005692451999493642
L: 0.50, u_super: 0.00362, sec: 197.049, prod: 0.081086, t_ads: 53.7, t_des: 47.5, bed_util_ads: 0.499, bed_util_des: 0.499, des_th: 0.49886571169859134,frac_lost: 0.107, li_recovered:  8.204, time: 0.015921418000289123
L: 0.50, u_super: 0.00569, sec: 322.264, prod: 0.125547, t_ads: 34.2, t_des: 34.6, bed_util_ads: 0.483, bed_util_des: 0.483, des_th: 0.48303708693638875,frac_lost: 0.102, li_recovered:  8.633, time: 0.014414399000088451
L: 42.90, u_super: 0.00990 — INFEASIBLE (li_recovered=0.000e+00), time: 0.003904463999788277
L: 0.50, u_super: 0.00464, sec: 254.508, prod: 0.104556, t_ads: 41.8, t_des: 37.4, bed_util_ads: 0.499, bed_util_des: 0.498, des_th: 0.49832161835540156,frac_lost: 0.104, li_recovered:  8.282, time: 0.021018329998696572
L: 0.50, u_super: 0.00937, sec: 543.249, prod: 0.212108, t_ads: 20.9, t_des: 19.2, bed_util_ads: 0.498, bed_util_des: 0.498, des_th: 0.4981516000123035,frac_lost: 0.107, li_recovered:  8.497, time: 0.017783335000785883
L: 0.50, u_super: 0.00848, sec: 491.146, prod: 0.189890, t_ads: 23.1, t_des: 22.4, bed_util_ads: 0.491, bed_util_des: 0.490, des_th: 0.4904178753735329,frac_lost: 0.105, li_recovered:  8.632, time: 0.018532533000325202
L: 64.00, u_super: 0.00798, sec: 98933.152, prod: 0.106251, t_ads: 2902.6, t_des: 5498.3, bed_util_ads: 0.258, bed_util_des: 0.185, des_th: 0.1851696623157332,frac_lost: 0.103, li_recovered:  892.597, time: 0.03268297300019185
L: 0.50, u_super: 0.00731, sec: 412.101, prod: 0.165542, t_ads: 26.6, t_des: 24.6, bed_util_ads: 0.497, bed_util_des: 0.497, des_th: 0.49664163412683504,frac_lost: 0.102, li_recovered:  8.474, time: 0.014387419998456608
L: 0.50, u_super: 0.00706, sec: 475.709, prod: 0.133558, t_ads: 27.7, t_des: 37.5, bed_util_ads: 0.448, bed_util_des: 0.448, des_th: 0.4476690016048259,frac_lost: 0.107, li_recovered:  8.704, time: 0.04880496000077983
L: 19.20, u_super: 0.00015 — INFEASIBLE (li_recovered=0.000e+00), time: 0.0045198480002
L: 0.50, u_super: 0.00019 — INFEASIBLE (li_recovered=0.000e+00), time: 0.009953667999070603
L: 0.50, u_super: 0.00411, sec: 227.058, prod: 0.091030, t_ads: 47.4, t_des: 46.7, bed_util_ads: 0.487, bed_util_des: 0.486, des_th: 0.4862527716987652,frac_lost: 0.106, li_recovered:  8.568, time: 0.01803357400058303
L: 16.17, u_super: 0.00049 — INFEASIBLE (li_recovered=0.000e+00), time: 0.0034071219997713342
   923 |    36920 |     40 |  0.0025933709 |             f
L: 0.50, u_super: 0.00796, sec: 468.410, prod: 0.174495, t_ads: 24.5, t_des: 25.2, bed_util_ads: 0.483, bed_util_des: 0.483, des_th: 0.4826595450069851,frac_lost: 0.105, li_recovered:  8.683, time: 0.0231191740003851
L: 31.36, u_super: 0.00129 — INFEASIBLE (li_recovered=0.000e+00), time: 0.0038069509992055828
L: 17.33, u_super: 0.00105 — INFEASIBLE (li_recovered=0.000e+00), time: 0.0026674990003812127
L: 13.78, u_super: 0.00321 — INFEASIBLE (li_recovered=0.000e+00), time: 0.0061742130001221085
L: 0.50, u_super: 0.00848, sec: 485.888, prod: 0.191945, t_ads: 23.1, t_des: 20.9, bed_util_ads: 0.499, bed_util_des: 0.499, des_th: 0.4986652460220969,frac_lost: 0.106, li_recovered:  8.448, time: 0.020901750000120956
L: 0.50, u_super: 0.00990, sec: 582.105, prod: 0.222458, t_ads: 19.8, t_des: 19.0, bed_util_ads: 0.492, bed_util_des: 0.491, des_th: 0.49135462756594783,frac_lost: 0.106, li_recovered:  8.628, time: 0.014226000999769894
L: 0.50, u_super: 0.00174, sec: 93.737, prod: 0.038181, t_ads: 110.0, t_des: 107.3, bed_util_ads: 0.482, bed_util_des: 0.481, des_th: 0.4808885180487052,frac_lost: 0.101, li_recovered:  8.295, time: 0.018617876999996952
L: 0.50, u_super: 0.00080 — INFEASIBLE (li_recovered=0.000e+00), time: 0.013251086000309442
L: 0.50, u_super: 0.00086 — INFEASIBLE (li_recovered=0.000e+00), time: 0.01468394299990905
L: 0.50, u_super: 0.00009, sec: 9.681, prod: 0.000934, t_ads: 1295.0, t_des: 1408.5, bed_util_ads: 0.314, bed_util_des: 0.310, des_th: 0.31001335929715745,frac_lost: 0.100, li_recovered:  2.526, time: 0.015594590000546305
L: 0.50, u_super: 0.00761, sec: 432.450, prod: 0.171697, t_ads: 25.8, t_des: 23.8, bed_util_ads: 0.497, bed_util_des: 0.497, des_th: 0.49667192760751955,frac_lost: 0.108, li_recovered:  8.516, time: 0.009812660999159561
L: 0.50, u_super: 0.00346, sec: 187.710, prod: 0.077426, t_ads: 56.2, t_des: 50.2, bed_util_ads: 0.499, bed_util_des: 0.498, des_th: 0.49836259543706607,frac_lost: 0.107, li_recovered:  8.242, time: 0.01610406600048009
L: 0.50, u_super: 0.00283, sec: 177.505, prod: 0.054438, t_ads: 68.7, t_des: 89.1, bed_util_ads: 0.450, bed_util_des: 0.448, des_th: 0.4483096433071595,frac_lost: 0.107, li_recovered:  8.591, time: 0.019361652999577927
L: 0.50, u_super: 0.00515, sec: 283.386, prod: 0.116184, t_ads: 37.6, t_des: 33.7, bed_util_ads: 0.500, bed_util_des: 0.500, des_th: 0.49968177668076397,frac_lost: 0.101, li_recovered:  8.289, time: 0.02070904399988649
L: 0.50, u_super: 0.00848, sec: 485.664, prod: 0.192033, t_ads: 23.0, t_des: 20.9, bed_util_ads: 0.499, bed_util_des: 0.499, des_th: 0.4986910239517181,frac_lost: 0.105, li_recovered:  8.440, time: 0.021322478998627048
L: 0.50, u_super: 0.00146, sec: 80.319, prod: 0.031521, t_ads: 129.4, t_des: 110.0, bed_util_ads: 0.497, bed_util_des: 0.496, des_th: 0.4963849709331607,frac_lost: 0.100, li_recovered:  7.548, time: 0.018281537000802928
L: 0.50, u_super: 0.00627, sec: 349.787, prod: 0.141765, t_ads: 31.0, t_des: 27.7, bed_util_ads: 0.500, bed_util_des: 0.500, des_th: 0.4997431231262669,frac_lost: 0.102, li_recovered:  8.318, time: 0.025366281000970048
L: 0.50, u_super: 0.00872, sec: 501.681, prod: 0.197504, t_ads: 22.4, t_des: 20.4, bed_util_ads: 0.498, bed_util_des: 0.498, des_th: 0.49816076530745573,frac_lost: 0.107, li_recovered:  8.467, time: 0.03244435700071335
L: 0.50, u_super: 0.00005 — INFEASIBLE (li_recovered=0.000e+00), time: 0.0036838189989794046
L: 0.50, u_super: 0.00465, sec: 254.426, prod: 0.104692, t_ads: 41.8, t_des: 37.7, bed_util_ads: 0.498, bed_util_des: 0.498, des_th: 0.4982340769501016,frac_lost: 0.104, li_recovered:  8.327, time: 0.020560155000566738
L: 0.50, u_super: 0.00146, sec: 80.526, prod: 0.031440, t_ads: 130.8, t_des: 110.3, bed_util_ads: 0.498, bed_util_des: 0.498, des_th: 0.4981228207065693,frac_lost: 0.108, li_recovered:  7.580, time: 0.02836321800168662
L: 0.50, u_super: 0.00569, sec: 314.594, prod: 0.128609, t_ads: 34.1, t_des: 30.9, bed_util_ads: 0.498, bed_util_des: 0.498, des_th: 0.4981245634619439,frac_lost: 0.101, li_recovered:  8.362, time: 0.01990900700002385
L: 0.50, u_super: 0.00705, sec: 397.766, prod: 0.159321, t_ads: 27.7, t_des: 25.4, bed_util_ads: 0.497, bed_util_des: 0.497, des_th: 0.49664163412683504,frac_lost: 0.107, li_recovered:  8.472, time: 0.019759235001401976
L: 0.50, u_super: 0.00778, sec: 440.821, prod: 0.176460, t_ads: 24.9, t_des: 22.6, bed_util_ads: 0.499, bed_util_des: 0.499, des_th: 0.4987778220799267,frac_lost: 0.100, li_recovered:  8.387, time: 0.02197831800003769
L: 0.50, u_super: 0.00661, sec: 370.394, prod: 0.149647, t_ads: 29.3, t_des: 26.2, bed_util_ads: 0.500, bed_util_des: 0.500, des_th: 0.4998259851920937,frac_lost: 0.101, li_recovered:  8.307, time: 0.018622425999637926
L: 0.50, u_super: 0.00239, sec: 129.328, prod: 0.052869, t_ads: 80.6, t_des: 70.2, bed_util_ads: 0.500, bed_util_des: 0.499, des_th: 0.49958372331225204,frac_lost: 0.104, li_recovered:  7.974, time: 0.029600543000924517
L: 0.50, u_super: 0.00827, sec: 471.629, prod: 0.187765, t_ads: 23.5, t_des: 21.2, bed_util_ads: 0.500, bed_util_des: 0.500, des_th: 0.49953903952719286,frac_lost: 0.100, li_recovered:  8.381, time: 0.022353054999257438
L: 25.11, u_super: 0.00689 — INFEASIBLE (li_recovered=0.000e+00), time: 0.004052984000736615
L: 0.50, u_super: 0.00403, sec: 220.561, prod: 0.090092, t_ads: 48.2, t_des: 46.2, bed_util_ads: 0.490, bed_util_des: 0.490, des_th: 0.4897242602936587,frac_lost: 0.105, li_recovered:  8.510, time: 0.025888572999974713
L: 0.50, u_super: 0.00411, sec: 223.730, prod: 0.092384, t_ads: 47.3, t_des: 42.8, bed_util_ads: 0.497, bed_util_des: 0.497, des_th: 0.49667391463775323,frac_lost: 0.104, li_recovered:  8.317, time: 0.025269189000027836
L: 0.50, u_super: 0.00989, sec: 579.379, prod: 0.223042, t_ads: 19.8, t_des: 18.8, bed_util_ads: 0.494, bed_util_des: 0.494, des_th: 0.49368853679971814,frac_lost: 0.105, li_recovered:  8.602, time: 0.017399914999259636
L: 45.39, u_super: 0.00731 — INFEASIBLE (li_recovered=0.000e+00), time: 0.0019365280004421948
L: 0.50, u_super: 0.00043 — INFEASIBLE (li_recovered=0.000e+00), time: 0.004552835000140476
L: 0.50, u_super: 0.00735, sec: 415.986, prod: 0.166211, t_ads: 26.6, t_des: 24.2, bed_util_ads: 0.498, bed_util_des: 0.498, des_th: 0.4982045819414069,frac_lost: 0.107, li_recovered:  8.450, time: 0.015737056999569177
L: 0.50, u_super: 0.00201, sec: 108.199, prod: 0.044426, t_ads: 96.2, t_des: 86.8, bed_util_ads: 0.493, bed_util_des: 0.493, des_th: 0.4926075244106255,frac_lost: 0.109, li_recovered:  8.129, time: 0.022912104999704752
L: 14.97, u_super: 0.00147 — INFEASIBLE (li_recovered=0.000e+00), time: 0.002584830999694532
L: 0.50, u_super: 0.00689, sec: 386.514, prod: 0.156197, t_ads: 28.1, t_des: 25.4, bed_util_ads: 0.500, bed_util_des: 0.499, des_th: 0.4995115989956732,frac_lost: 0.100, li_recovered:  8.368, time: 0.02234564700120245
L: 0.50, u_super: 0.00799, sec: 455.600, prod: 0.180637, t_ads: 24.5, t_des: 22.2, bed_util_ads: 0.499, bed_util_des: 0.498, des_th: 0.49839992354037027,frac_lost: 0.108, li_recovered:  8.440, time: 0.027794288000222878
L: 14.94, u_super: 0.00485, sec: 18181.127, prod: 0.047817, t_ads: 1198.7, t_des: 3978.3, bed_util_ads: 0.266, bed_util_des: 0.203, des_th: 0.20339344178117086,frac_lost: 0.103, li_recovered:  247.550, time: 0.035276101998533704
L: 0.50, u_super: 0.00239, sec: 128.250, prod: 0.053214, t_ads: 80.7, t_des: 74.5, bed_util_ads: 0.492, bed_util_des: 0.491, des_th: 0.49146498719487086,frac_lost: 0.103, li_recovered:  8.257, time: 0.01924553999924683
   924 |    36960 |     40 |  0.0014242717 |             f
L: 0.50, u_super: 0.00732, sec: 412.682, prod: 0.166080, t_ads: 26.5, t_des: 24.2, bed_util_ads: 0.498, bed_util_des: 0.498, des_th: 0.49815512140738644,frac_lost: 0.100, li_recovered:  8.422, time: 0.012474684001062997
L: 0.50, u_super: 0.00169, sec: 91.737, prod: 0.036834, t_ads: 113.1, t_des: 97.9, bed_util_ads: 0.497, bed_util_des: 0.496, des_th: 0.4963421143103423,frac_lost: 0.103, li_recovered:  7.774, time: 0.009300855999754276
L: 62.56, u_super: 0.00827 — INFEASIBLE (li_recovered=0.000e+00), time: 0.0019076659991696943
L: 0.50, u_super: 0.00195, sec: 104.772, prod: 0.043044, t_ads: 99.2, t_des: 90.4, bed_util_ads: 0.492, bed_util_des: 0.492, des_th: 0.4917588531203147,frac_lost: 0.109, li_recovered:  8.164, time: 0.01079644899982668
L: 0.50, u_super: 0.00043 — INFEASIBLE (li_recovered=0.000e+00), time: 0.00790057799895294
L: 0.50, u_super: 0.00530, sec: 730.042, prod: 0.047906, t_ads: 36.7, t_des: 145.5, bed_util_ads: 0.321, bed_util_des: 0.318, des_th: 0.3176816548848402,frac_lost: 0.101, li_recovered:  8.732, time: 0.03080803000011656
L: 0.50, u_super: 0.00213, sec: 127.790, prod: 0.042316, t_ads: 90.6, t_des: 110.5, bed_util_ads: 0.455, bed_util_des: 0.453, des_th: 0.45353467118105084,frac_lost: 0.104, li_recovered:  8.512, time: 0.014322094999442925
L: 0.50, u_super: 0.00007 — INFEASIBLE (li_recovered=0.000e+00), time: 0.001663069000642281
L: 0.50, u_super: 0.00990, sec: 576.756, prod: 0.224392, t_ads: 19.7, t_des: 17.9, bed_util_ads: 0.500, bed_util_des: 0.499, des_th: 0.49941800771673645,frac_lost: 0.105, li_recovered:  8.453, time: 0.015459025999007281
L: 1.73, u_super: 0.00465, sec: 932.495, prod: 0.099073, t_ads: 141.5, t_des: 118.7, bed_util_ads: 0.498, bed_util_des: 0.498, des_th: 0.4982340769501016,frac_lost: 0.103, li_recovered:  25.784, time: 0.012913672000649967
L: 0.50, u_super: 0.00839, sec: 480.396, prod: 0.189999, t_ads: 23.3, t_des: 21.3, bed_util_ads: 0.498, bed_util_des: 0.498, des_th: 0.4978848795971282,frac_lost: 0.105, li_recovered:  8.479, time: 0.01432901099906303
L: 0.50, u_super: 0.00990, sec: 592.838, prod: 0.218433, t_ads: 19.7, t_des: 20.0, bed_util_ads: 0.486, bed_util_des: 0.486, des_th: 0.48557607733588415,frac_lost: 0.105, li_recovered:  8.691, time: 0.01573466900117637
L: 0.50, u_super: 0.00185, sec: 100.587, prod: 0.040226, t_ads: 103.5, t_des: 88.4, bed_util_ads: 0.499, bed_util_des: 0.498, des_th: 0.49841374769330404,frac_lost: 0.101, li_recovered:  7.718, time: 0.015935313000227325
L: 37.83, u_super: 0.00796 — INFEASIBLE (li_recovered=0.000e+00), time: 0.0033975490005104803
L: 59.81, u_super: 0.00423 — INFEASIBLE (li_recovered=0.000e+00), time: 0.0019319759994687047
L: 0.50, u_super: 0.00283, sec: 152.883, prod: 0.063205, t_ads: 68.1, t_des: 60.5, bed_util_ads: 0.497, bed_util_des: 0.497, des_th: 0.49701842298563287,frac_lost: 0.103, li_recovered:  8.131, time: 0.013311898999745608
L: 12.88, u_super: 0.00005 — INFEASIBLE (li_recovered=0.000e+00), time: 0.0015048410004965262
L: 0.50, u_super: 0.00848, sec: 485.952, prod: 0.191920, t_ads: 23.1, t_des: 20.9, bed_util_ads: 0.499, bed_util_des: 0.499, des_th: 0.4987153552154213,frac_lost: 0.106, li_recovered:  8.441, time: 0.01680069900066883
L: 0.50, u_super: 0.00368, sec: 199.860, prod: 0.082509, t_ads: 52.8, t_des: 47.3, bed_util_ads: 0.498, bed_util_des: 0.497, des_th: 0.497511686263536,frac_lost: 0.106, li_recovered:  8.257, time: 0.018633614999998827
L: 0.50, u_super: 0.00477, sec: 262.318, prod: 0.107351, t_ads: 40.8, t_des: 36.3, bed_util_ads: 0.500, bed_util_des: 0.499, des_th: 0.49931971071613557,frac_lost: 0.106, li_recovered:  8.276, time: 0.01608832100100699
L: 0.50, u_super: 0.00569, sec: 314.561, prod: 0.128622, t_ads: 34.1, t_des: 30.9, bed_util_ads: 0.498, bed_util_des: 0.498, des_th: 0.49816742008378645,frac_lost: 0.101, li_recovered:  8.362, time: 0.018784462999974494
L: 0.50, u_super: 0.00543, sec: 300.487, prod: 0.122519, t_ads: 35.7, t_des: 31.6, bed_util_ads: 0.500, bed_util_des: 0.500, des_th: 0.49992647021313347,frac_lost: 0.102, li_recovered:  8.249, time: 0.02269981100107543
L: 0.50, u_super: 0.00368, sec: 199.841, prod: 0.082557, t_ads: 52.9, t_des: 47.9, bed_util_ads: 0.497, bed_util_des: 0.497, des_th: 0.49702217696532425,frac_lost: 0.107, li_recovered:  8.318, time: 0.02442373200028669
L: 0.50, u_super: 0.00183, sec: 111.285, prod: 0.035873, t_ads: 105.4, t_des: 131.0, bed_util_ads: 0.451, bed_util_des: 0.449, des_th: 0.44906360086017005,frac_lost: 0.106, li_recovered:  8.479, time: 0.023798780999641167
L: 0.50, u_super: 0.00020 — INFEASIBLE (li_recovered=0.000e+00), time: 0.0043973970005026786
L: 0.50, u_super: 0.00129, sec: 72.292, prod: 0.027332, t_ads: 148.0, t_des: 155.6, bed_util_ads: 0.469, bed_util_des: 0.467, des_th: 0.4674166949501134,frac_lost: 0.107, li_recovered:  8.297, time: 0.014732022000316647
L: 0.50, u_super: 0.00410, sec: 1859.764, prod: 0.011101, t_ads: 47.6, t_des: 743.3, bed_util_ads: 0.192, bed_util_des: 0.185, des_th: 0.1851696623157332,frac_lost: 0.101, li_recovered:  8.780, time: 0.11103640799956338
L: 0.50, u_super: 0.00079, sec: 44.061, prod: 0.016644, t_ads: 234.5, t_des: 209.6, bed_util_ads: 0.482, bed_util_des: 0.481, des_th: 0.4808885180487052,frac_lost: 0.102, li_recovered:  7.392, time: 0.013226659999418189
L: 0.50, u_super: 0.00043, sec: 25.132, prod: 0.008514, t_ads: 413.9, t_des: 394.8, bed_util_ads: 0.456, bed_util_des: 0.454, des_th: 0.45368112152290313,frac_lost: 0.102, li_recovered:  6.886, time: 0.009432266999283456
L: 0.50, u_super: 0.00598, sec: 332.364, prod: 0.135014, t_ads: 32.5, t_des: 29.1, bed_util_ads: 0.500, bed_util_des: 0.500, des_th: 0.49953903952719286,frac_lost: 0.103, li_recovered:  8.315, time: 0.006758870000339812
L: 0.50, u_super: 0.00864, sec: 530.018, prod: 0.183264, t_ads: 22.6, t_des: 24.9, bed_util_ads: 0.474, bed_util_des: 0.474, des_th: 0.4740475435110489,frac_lost: 0.103, li_recovered:  8.704, time: 0.008840915999826393
L: 0.50, u_super: 0.00533, sec: 299.153, prod: 0.118460, t_ads: 36.5, t_des: 36.2, bed_util_ads: 0.486, bed_util_des: 0.485, des_th: 0.48537961121206735,frac_lost: 0.103, li_recovered:  8.608, time: 0.011342259998855297
L: 0.50, u_super: 0.00627, sec: 349.234, prod: 0.142002, t_ads: 30.9, t_des: 28.1, bed_util_ads: 0.498, bed_util_des: 0.498, des_th: 0.49815512140738644,frac_lost: 0.101, li_recovered:  8.379, time: 0.01236505999986548
L: 0.50, u_super: 0.00544, sec: 300.339, prod: 0.122888, t_ads: 35.6, t_des: 31.9, bed_util_ads: 0.500, bed_util_des: 0.500, des_th: 0.4995868121964753,frac_lost: 0.101, li_recovered:  8.298, time: 0.010991749999448075
L: 16.75, u_super: 0.00711 — INFEASIBLE (li_recovered=0.000e+00), time: 0.00368744299885293
L: 0.50, u_super: 0.00922, sec: 533.519, prod: 0.208964, t_ads: 21.2, t_des: 19.0, bed_util_ads: 0.500, bed_util_des: 0.500, des_th: 0.49981809225587087,frac_lost: 0.106, li_recovered:  8.399, time: 0.011988720998488134
L: 0.50, u_super: 0.00513, sec: 282.391, prod: 0.115620, t_ads: 37.9, t_des: 34.0, bed_util_ads: 0.499, bed_util_des: 0.498, des_th: 0.49835820166546607,frac_lost: 0.103, li_recovered:  8.309, time: 0.01227211500008707
L: 0.50, u_super: 0.00351, sec: 190.798, prod: 0.078484, t_ads: 55.4, t_des: 48.9, bed_util_ads: 0.499, bed_util_des: 0.499, des_th: 0.4986910239517181,frac_lost: 0.107, li_recovered:  8.186, time: 0.011003554000126314
L: 0.50, u_super: 0.00241, sec: 129.520, prod: 0.053730, t_ads: 79.9, t_des: 73.7, bed_util_ads: 0.492, bed_util_des: 0.491, des_th: 0.49137431181562297,frac_lost: 0.104, li_recovered:  8.257, time: 0.014202767999449861
L: 0.50, u_super: 0.00883, sec: 508.344, prod: 0.199985, t_ads: 22.1, t_des: 20.3, bed_util_ads: 0.498, bed_util_des: 0.497, des_th: 0.49746082574735534,frac_lost: 0.106, li_recovered:  8.483, time: 0.011237541999435052
   925 |    37000 |     40 |  0.0038773964 |             f
L: 0.50, u_super: 0.00403, sec: 219.931, prod: 0.090280, t_ads: 48.2, t_des: 45.7, bed_util_ads: 0.491, bed_util_des: 0.491, des_th: 0.4905402785260266,frac_lost: 0.104, li_recovered:  8.480, time: 0.013512495999748353
L: 0.50, u_super: 0.00384, sec: 210.610, prod: 0.085615, t_ads: 50.6, t_des: 49.0, bed_util_ads: 0.488, bed_util_des: 0.488, des_th: 0.48793167237878093,frac_lost: 0.105, li_recovered:  8.525, time: 0.01176889599992137
L: 0.50, u_super: 0.00689, sec: 490.599, prod: 0.123059, t_ads: 28.4, t_des: 42.4, bed_util_ads: 0.436, bed_util_des: 0.435, des_th: 0.4350309700155485,frac_lost: 0.105, li_recovered:  8.706, time: 0.017619087999264593
L: 172.81, u_super: 0.00959 — INFEASIBLE (li_recovered=0.000e+00), time: 0.001748561000567861
L: 1.98, u_super: 0.00005, sec: 83.242, prod: 0.000138, t_ads: 5778.7, t_des: 2106.6, bed_util_ads: 0.163, bed_util_des: 0.157, des_th: 0.15744640945481558,frac_lost: 0.102, li_recovered:  1.087, time: 0.006879475000459934
L: 9.25, u_super: 0.00827 — INFEASIBLE (li_recovered=0.000e+00), time: 0.006769230001737014
L: 0.50, u_super: 0.00796, sec: 452.355, prod: 0.180688, t_ads: 24.4, t_des: 22.3, bed_util_ads: 0.498, bed_util_des: 0.498, des_th: 0.4978634287033067,frac_lost: 0.101, li_recovered:  8.443, time: 0.018890796000050614
L: 0.50, u_super: 0.00129, sec: 69.965, prod: 0.028241, t_ads: 146.7, t_des: 134.2, bed_util_ads: 0.487, bed_util_des: 0.486, des_th: 0.48599242470909987,frac_lost: 0.103, li_recovered:  7.934, time: 0.01350113899934513
L: 17.66, u_super: 0.00761 — INFEASIBLE (li_recovered=0.000e+00), time: 0.006466317001468269
L: 0.50, u_super: 0.00761, sec: 431.761, prod: 0.171971, t_ads: 25.7, t_des: 23.4, bed_util_ads: 0.499, bed_util_des: 0.499, des_th: 0.49904512654543576,frac_lost: 0.107, li_recovered:  8.449, time: 0.02521024599991506
L: 0.50, u_super: 0.00100, sec: 321.837, prod: 0.003625, t_ads: 198.1, t_des: 2229.3, bed_util_ads: 0.208, bed_util_des: 0.185, des_th: 0.1853094856909994,frac_lost: 0.104, li_recovered:  8.801, time: 0.09892407400002412
L: 0.50, u_super: 0.00465, sec: 254.426, prod: 0.104692, t_ads: 41.8, t_des: 37.7, bed_util_ads: 0.498, bed_util_des: 0.498, des_th: 0.4982340769501016,frac_lost: 0.104, li_recovered:  8.327, time: 0.0171892830003344
L: 0.50, u_super: 0.00313, sec: 168.823, prod: 0.070023, t_ads: 61.8, t_des: 55.7, bed_util_ads: 0.496, bed_util_des: 0.496, des_th: 0.49561896692139484,frac_lost: 0.103, li_recovered:  8.227, time: 0.014554833998772665
L: 0.50, u_super: 0.00331, sec: 178.769, prod: 0.074358, t_ads: 58.2, t_des: 52.6, bed_util_ads: 0.497, bed_util_des: 0.496, des_th: 0.4965091587031702,frac_lost: 0.100, li_recovered:  8.236, time: 0.018196206001448445
L: 0.50, u_super: 0.00868, sec: 498.945, prod: 0.196625, t_ads: 22.5, t_des: 20.2, bed_util_ads: 0.500, bed_util_des: 0.500, des_th: 0.4998047700141103,frac_lost: 0.105, li_recovered:  8.390, time: 0.022404043998903944
L: 0.50, u_super: 0.00794, sec: 453.133, prod: 0.179285, t_ads: 24.7, t_des: 22.9, bed_util_ads: 0.497, bed_util_des: 0.497, des_th: 0.4967559288559593,frac_lost: 0.108, li_recovered:  8.525, time: 0.012293241999941529
L: 0.50, u_super: 0.00941, sec: 546.182, prod: 0.213015, t_ads: 20.8, t_des: 18.9, bed_util_ads: 0.500, bed_util_des: 0.500, des_th: 0.4998828553726068,frac_lost: 0.108, li_recovered:  8.459, time: 0.010158160999708343
L: 0.50, u_super: 0.00232, sec: 125.506, prod: 0.051185, t_ads: 83.2, t_des: 72.3, bed_util_ads: 0.499, bed_util_des: 0.499, des_th: 0.49891118575522175,frac_lost: 0.105, li_recovered:  7.960, time: 0.008767225999690709
L: 0.50, u_super: 0.00606, sec: 336.764, prod: 0.136962, t_ads: 32.0, t_des: 28.7, bed_util_ads: 0.500, bed_util_des: 0.500, des_th: 0.49960509886179433,frac_lost: 0.101, li_recovered:  8.313, time: 0.010177193000345142
L: 0.50, u_super: 0.00197, sec: 106.883, prod: 0.043340, t_ads: 96.8, t_des: 84.0, bed_util_ads: 0.498, bed_util_des: 0.498, des_th: 0.49821454294711776,frac_lost: 0.100, li_recovered:  7.834, time: 0.007503990000259364
L: 0.50, u_super: 0.00121, sec: 75.739, prod: 0.022710, t_ads: 158.2, t_des: 209.4, bed_util_ads: 0.439, bed_util_des: 0.435, des_th: 0.43551318045005677,frac_lost: 0.104, li_recovered:  8.347, time: 0.009839023001404712
L: 0.50, u_super: 0.00254, sec: 138.809, prod: 0.055568, t_ads: 75.9, t_des: 76.8, bed_util_ads: 0.480, bed_util_des: 0.479, des_th: 0.47924721113208124,frac_lost: 0.101, li_recovered:  8.483, time: 0.009930578999046702
L: 0.50, u_super: 0.00465, sec: 254.426, prod: 0.104692, t_ads: 41.8, t_des: 37.7, bed_util_ads: 0.498, bed_util_des: 0.498, des_th: 0.4982340769501016,frac_lost: 0.104, li_recovered:  8.327, time: 0.007880184000896406
L: 0.50, u_super: 0.00283, sec: 152.788, prod: 0.063244, t_ads: 67.9, t_des: 60.5, bed_util_ads: 0.497, bed_util_des: 0.497, des_th: 0.4966271626538532,frac_lost: 0.101, li_recovered:  8.120, time: 0.008685323999088723
L: 1.78, u_super: 0.00010 — INFEASIBLE (li_recovered=0.000e+00), time: 0.001280245000089053
L: 0.50, u_super: 0.00341, sec: 185.151, prod: 0.076352, t_ads: 57.1, t_des: 51.5, bed_util_ads: 0.497, bed_util_des: 0.496, des_th: 0.49649454499126583,frac_lost: 0.109, li_recovered:  8.293, time: 0.010100856999997632
L: 0.50, u_super: 0.00422, sec: 231.439, prod: 0.094234, t_ads: 46.2, t_des: 44.2, bed_util_ads: 0.490, bed_util_des: 0.490, des_th: 0.4897242602936587,frac_lost: 0.107, li_recovered:  8.517, time: 0.010585961001197575
L: 0.50, u_super: 0.00244, sec: 130.958, prod: 0.054372, t_ads: 79.0, t_des: 72.9, bed_util_ads: 0.492, bed_util_des: 0.491, des_th: 0.49152263132133645,frac_lost: 0.103, li_recovered:  8.259, time: 0.008907200999601628
L: 35.28, u_super: 0.00880 — INFEASIBLE (li_recovered=0.000e+00), time: 0.002335466999284108
L: 0.50, u_super: 0.00016 — INFEASIBLE (li_recovered=0.000e+00), time: 0.002381475998845417
L: 0.50, u_super: 0.00990, sec: 576.328, prod: 0.224691, t_ads: 19.7, t_des: 17.9, bed_util_ads: 0.500, bed_util_des: 0.499, des_th: 0.49941800771673645,frac_lost: 0.103, li_recovered:  8.447, time: 0.011870788999658544
L: 0.50, u_super: 0.00292, sec: 157.077, prod: 0.065249, t_ads: 66.2, t_des: 61.7, bed_util_ads: 0.492, bed_util_des: 0.492, des_th: 0.4916669121087662,frac_lost: 0.103, li_recovered:  8.346, time: 0.010632440998961101
L: 0.50, u_super: 0.00610, sec: 339.585, prod: 0.137703, t_ads: 31.9, t_des: 28.5, bed_util_ads: 0.500, bed_util_des: 0.500, des_th: 0.4997730669221515,frac_lost: 0.103, li_recovered:  8.316, time: 0.01531294300002628
L: 0.50, u_super: 0.00047 — INFEASIBLE (li_recovered=0.000e+00), time: 0.008638414999950328
L: 0.50, u_super: 0.00708, sec: 399.545, prod: 0.159695, t_ads: 27.7, t_des: 25.4, bed_util_ads: 0.498, bed_util_des: 0.498, des_th: 0.49804082667820937,frac_lost: 0.109, li_recovered:  8.481, time: 0.022063542000978487
L: 4.34, u_super: 0.00598 — INFEASIBLE (li_recovered=0.000e+00), time: 0.007500818001062726
L: 0.50, u_super: 0.00412, sec: 225.367, prod: 0.092407, t_ads: 47.2, t_des: 44.6, bed_util_ads: 0.492, bed_util_des: 0.491, des_th: 0.49136662206672216,frac_lost: 0.105, li_recovered:  8.483, time: 0.026082819000293966
L: 0.50, u_super: 0.00594, sec: 329.971, prod: 0.134234, t_ads: 32.7, t_des: 29.3, bed_util_ads: 0.500, bed_util_des: 0.500, des_th: 0.4997863747154267,frac_lost: 0.102, li_recovered:  8.316, time: 0.02040261799993459
L: 0.50, u_super: 0.00284, sec: 153.070, prod: 0.063350, t_ads: 67.9, t_des: 60.5, bed_util_ads: 0.497, bed_util_des: 0.497, des_th: 0.49701842298563287,frac_lost: 0.102, li_recovered:  8.137, time: 0.01362126099957095
L: 0.50, u_super: 0.00586, sec: 332.748, prod: 0.129579, t_ads: 33.4, t_des: 33.3, bed_util_ads: 0.486, bed_util_des: 0.485, des_th: 0.48537961121206735,frac_lost: 0.108, li_recovered:  8.635, time: 0.01662075000058394
   926 |    37040 |     40 |  0.0037692980 |             f
L: 0.50, u_super: 0.00271, sec: 146.543, prod: 0.060407, t_ads: 70.9, t_des: 68.4, bed_util_ads: 0.488, bed_util_des: 0.487, des_th: 0.48719708470597717,frac_lost: 0.101, li_recovered:  8.420, time: 0.01223089099948993
L: 0.50, u_super: 0.00933, sec: 540.592, prod: 0.211447, t_ads: 21.0, t_des: 19.0, bed_util_ads: 0.499, bed_util_des: 0.499, des_th: 0.49905565785904105,frac_lost: 0.106, li_recovered:  8.443, time: 0.0149474050012941
L: 0.50, u_super: 0.00960, sec: 595.884, prod: 0.203574, t_ads: 20.3, t_des: 22.5, bed_util_ads: 0.475, bed_util_des: 0.474, des_th: 0.4742174704197592,frac_lost: 0.104, li_recovered:  8.712, time: 0.013171308000892168
L: 0.50, u_super: 0.00829, sec: 483.150, prod: 0.183915, t_ads: 23.6, t_des: 23.5, bed_util_ads: 0.487, bed_util_des: 0.487, des_th: 0.48706354221782394,frac_lost: 0.107, li_recovered:  8.663, time: 0.015508684000451467
L: 0.50, u_super: 0.00641, sec: 357.835, prod: 0.145290, t_ads: 30.2, t_des: 27.4, bed_util_ads: 0.498, bed_util_des: 0.498, des_th: 0.49815512140738644,frac_lost: 0.101, li_recovered:  8.374, time: 0.01536866199967335
L: 0.50, u_super: 0.00413, sec: 226.570, prod: 0.092361, t_ads: 47.1, t_des: 45.0, bed_util_ads: 0.490, bed_util_des: 0.490, des_th: 0.4895281802828073,frac_lost: 0.106, li_recovered:  8.513, time: 0.013259027999083628
L: 0.50, u_super: 0.00207, sec: 112.360, prod: 0.045644, t_ads: 93.1, t_des: 81.0, bed_util_ads: 0.498, bed_util_des: 0.498, des_th: 0.49816742008378645,frac_lost: 0.108, li_recovered:  7.947, time: 0.014409677000003285
L: 0.50, u_super: 0.00500, sec: 278.761, prod: 0.111097, t_ads: 38.8, t_des: 38.6, bed_util_ads: 0.485, bed_util_des: 0.485, des_th: 0.48498144908955304,frac_lost: 0.102, li_recovered:  8.595, time: 0.01324326000030851
L: 0.50, u_super: 0.00843, sec: 4693.538, prod: 0.019627, t_ads: 23.3, t_des: 424.2, bed_util_ads: 0.182, bed_util_des: 0.178, des_th: 0.17837106881757084,frac_lost: 0.104, li_recovered:  8.782, time: 0.13437582199912868
L: 5.07, u_super: 0.00737 — INFEASIBLE (li_recovered=0.000e+00), time: 0.0075866169991059
L: 0.50, u_super: 0.00689, sec: 386.637, prod: 0.156148, t_ads: 28.2, t_des: 25.5, bed_util_ads: 0.499, bed_util_des: 0.499, des_th: 0.4986655969285273,frac_lost: 0.101, li_recovered:  8.381, time: 0.025244634000046062
L: 0.50, u_super: 0.00500, sec: 274.898, prod: 0.112817, t_ads: 38.9, t_des: 35.2, bed_util_ads: 0.498, bed_util_des: 0.498, des_th: 0.4982602178803387,frac_lost: 0.104, li_recovered:  8.354, time: 0.02507202199922176
L: 0.50, u_super: 0.00478, sec: 262.465, prod: 0.107772, t_ads: 40.7, t_des: 37.6, bed_util_ads: 0.496, bed_util_des: 0.495, des_th: 0.4954154759325529,frac_lost: 0.104, li_recovered:  8.433, time: 0.024498914001014782
L: 0.50, u_super: 0.00043 — INFEASIBLE (li_recovered=0.000e+00), time: 0.00805393699920387
L: 0.50, u_super: 0.00146, sec: 80.319, prod: 0.031521, t_ads: 129.4, t_des: 110.0, bed_util_ads: 0.497, bed_util_des: 0.496, des_th: 0.4963849709331607,frac_lost: 0.100, li_recovered:  7.548, time: 0.01971875700110104
L: 0.50, u_super: 0.00990, sec: 576.657, prod: 0.224563, t_ads: 19.7, t_des: 17.9, bed_util_ads: 0.500, bed_util_des: 0.499, des_th: 0.4994197380203511,frac_lost: 0.104, li_recovered:  8.452, time: 0.024676508999618818
L: 0.50, u_super: 0.00661, sec: 370.345, prod: 0.149667, t_ads: 29.3, t_des: 26.2, bed_util_ads: 0.500, bed_util_des: 0.500, des_th: 0.4997863747154267,frac_lost: 0.101, li_recovered:  8.316, time: 0.02473376999842003
L: 0.50, u_super: 0.00796, sec: 452.355, prod: 0.180688, t_ads: 24.4, t_des: 22.3, bed_util_ads: 0.498, bed_util_des: 0.498, des_th: 0.4978634287033067,frac_lost: 0.101, li_recovered:  8.443, time: 0.02130901999953494
L: 0.50, u_super: 0.00159, sec: 86.469, prod: 0.034769, t_ads: 120.3, t_des: 118.3, bed_util_ads: 0.480, bed_util_des: 0.479, des_th: 0.4791724445784511,frac_lost: 0.105, li_recovered:  8.296, time: 0.018457518999639433
L: 0.50, u_super: 0.00422, sec: 230.533, prod: 0.094605, t_ads: 46.1, t_des: 40.7, bed_util_ads: 0.500, bed_util_des: 0.500, des_th: 0.49992846014335734,frac_lost: 0.105, li_recovered:  8.210, time: 0.02278759699947841
L: 41.05, u_super: 0.00918 — INFEASIBLE (li_recovered=0.000e+00), time: 0.005613029999949504
L: 0.50, u_super: 0.00764, sec: 443.879, prod: 0.168722, t_ads: 25.6, t_des: 25.7, bed_util_ads: 0.486, bed_util_des: 0.486, des_th: 0.48599346751012545,frac_lost: 0.108, li_recovered:  8.667, time: 0.03037191499970504
L: 0.50, u_super: 0.00522, sec: 287.827, prod: 0.117713, t_ads: 37.2, t_des: 33.2, bed_util_ads: 0.500, bed_util_des: 0.500, des_th: 0.4997214553179631,frac_lost: 0.103, li_recovered:  8.286, time: 0.021639163000145345
L: 0.50, u_super: 0.00100 — INFEASIBLE (li_recovered=0.000e+00), time: 0.008588194999902043
L: 0.50, u_super: 0.00851, sec: 487.954, prod: 0.192596, t_ads: 23.0, t_des: 20.9, bed_util_ads: 0.499, bed_util_des: 0.499, des_th: 0.4986910239517181,frac_lost: 0.106, li_recovered:  8.455, time: 0.029015903999606962
L: 0.50, u_super: 0.00088, sec: 49.044, prod: 0.018320, t_ads: 214.8, t_des: 184.2, bed_util_ads: 0.489, bed_util_des: 0.488, des_th: 0.4883300482479634,frac_lost: 0.108, li_recovered:  7.308, time: 0.02055168300103105
L: 0.50, u_super: 0.00558, sec: 308.515, prod: 0.126331, t_ads: 34.7, t_des: 31.5, bed_util_ads: 0.498, bed_util_des: 0.498, des_th: 0.49821454294711776,frac_lost: 0.101, li_recovered:  8.364, time: 0.01813399500133528
L: 0.50, u_super: 0.00533, sec: 294.088, prod: 0.120500, t_ads: 36.4, t_des: 33.0, bed_util_ads: 0.497, bed_util_des: 0.497, des_th: 0.49707266057832866,frac_lost: 0.102, li_recovered:  8.356, time: 0.01946349299942085
L: 0.50, u_super: 0.00005 — INFEASIBLE (li_recovered=0.000e+00), time: 0.0027261169998382684
L: 11.89, u_super: 0.00906 — INFEASIBLE (li_recovered=0.000e+00), time: 0.026197343999228906
L: 0.50, u_super: 0.00829, sec: 474.031, prod: 0.187569, t_ads: 23.6, t_des: 21.4, bed_util_ads: 0.500, bed_util_des: 0.500, des_th: 0.49953702581351755,frac_lost: 0.107, li_recovered:  8.439, time: 0.02447695599948929
L: 0.50, u_super: 0.00732, sec: 414.315, prod: 0.165264, t_ads: 26.8, t_des: 24.6, bed_util_ads: 0.497, bed_util_des: 0.497, des_th: 0.49656996911340834,frac_lost: 0.108, li_recovered:  8.484, time: 0.019416978999288403
L: 92.47, u_super: 0.00251 — INFEASIBLE (li_recovered=0.000e+00), time: 0.0033623470008024015
L: 0.50, u_super: 0.00465, sec: 254.426, prod: 0.104692, t_ads: 41.8, t_des: 37.7, bed_util_ads: 0.498, bed_util_des: 0.498, des_th: 0.4982340769501016,frac_lost: 0.104, li_recovered:  8.327, time: 0.02730158099984692
L: 0.50, u_super: 0.00880, sec: 506.691, prod: 0.199260, t_ads: 22.2, t_des: 20.4, bed_util_ads: 0.498, bed_util_des: 0.498, des_th: 0.49817650618697945,frac_lost: 0.106, li_recovered:  8.487, time: 0.023041341999487486
L: 0.50, u_super: 0.00929, sec: 537.122, prod: 0.210582, t_ads: 21.0, t_des: 18.9, bed_util_ads: 0.500, bed_util_des: 0.500, des_th: 0.4995933740440279,frac_lost: 0.104, li_recovered:  8.403, time: 0.025964592001400888
L: 0.50, u_super: 0.00761, sec: 431.761, prod: 0.171971, t_ads: 25.7, t_des: 23.4, bed_util_ads: 0.499, bed_util_des: 0.499, des_th: 0.49904512654543576,frac_lost: 0.107, li_recovered:  8.449, time: 0.027726018999601365
L: 0.50, u_super: 0.00197, sec: 107.376, prod: 0.043141, t_ads: 97.8, t_des: 83.8, bed_util_ads: 0.500, bed_util_des: 0.500, des_th: 0.4996316128461662,frac_lost: 0.108, li_recovered:  7.834, time: 0.027084552000815165
L: 0.50, u_super: 0.00011, sec: 8.922, prod: 0.001716, t_ads: 1324.1, t_des: 1792.6, bed_util_ads: 0.329, bed_util_des: 0.306, des_th: 0.30642273645397694,frac_lost: 0.101, li_recovered:  5.348, time: 0.05089364200102864
L: 0.50, u_super: 0.00906, sec: 528.224, prod: 0.203148, t_ads: 21.6, t_des: 20.9, bed_util_ads: 0.490, bed_util_des: 0.490, des_th: 0.48968177258765616,frac_lost: 0.105, li_recovered:  8.634, time: 0.02266307099853293
   927 |    37080 |     40 |  0.0019278457 |             f
L: 0.50, u_super: 0.00098 — INFEASIBLE (li_recovered=0.000e+00), time: 0.016734845999963
L: 0.50, u_super: 0.00203, sec: 109.943, prod: 0.044677, t_ads: 94.9, t_des: 82.7, bed_util_ads: 0.497, bed_util_des: 0.497, des_th: 0.4970862385719874,frac_lost: 0.107, li_recovered:  7.938, time: 0.03275180299897329
L: 0.50, u_super: 0.00465, sec: 254.426, prod: 0.104692, t_ads: 41.8, t_des: 37.7, bed_util_ads: 0.498, bed_util_des: 0.498, des_th: 0.4982340769501016,frac_lost: 0.104, li_recovered:  8.327, time: 0.02429398999993282
L: 0.50, u_super: 0.00827, sec: 471.629, prod: 0.187765, t_ads: 23.5, t_des: 21.2, bed_util_ads: 0.500, bed_util_des: 0.500, des_th: 0.49953903952719286,frac_lost: 0.100, li_recovered:  8.381, time: 0.020946714999809046
L: 0.50, u_super: 0.00760, sec: 431.735, prod: 0.171773, t_ads: 25.8, t_des: 23.7, bed_util_ads: 0.498, bed_util_des: 0.498, des_th: 0.4978634287033067,frac_lost: 0.107, li_recovered:  8.494, time: 0.018893988999479916
L: 17.10, u_super: 0.00569 — INFEASIBLE (li_recovered=0.000e+00), time: 0.008808635000605136
L: 0.50, u_super: 0.00594, sec: 329.990, prod: 0.134226, t_ads: 32.7, t_des: 29.2, bed_util_ads: 0.500, bed_util_des: 0.500, des_th: 0.499942004424713,frac_lost: 0.102, li_recovered:  8.305, time: 0.016443819999039988
L: 0.50, u_super: 0.00331, sec: 178.769, prod: 0.074358, t_ads: 58.2, t_des: 52.6, bed_util_ads: 0.497, bed_util_des: 0.496, des_th: 0.4965091587031702,frac_lost: 0.100, li_recovered:  8.236, time: 0.012827815000491682
L: 0.50, u_super: 0.00076 — INFEASIBLE (li_recovered=0.000e+00), time: 0.007944859000417637
L: 0.50, u_super: 0.00598, sec: 332.479, prod: 0.135273, t_ads: 32.4, t_des: 29.0, bed_util_ads: 0.500, bed_util_des: 0.500, des_th: 0.4997863747154267,frac_lost: 0.101, li_recovered:  8.314, time: 0.01759487199888099
L: 0.50, u_super: 0.00965, sec: 559.939, prod: 0.218829, t_ads: 20.2, t_des: 18.4, bed_util_ads: 0.500, bed_util_des: 0.499, des_th: 0.49941800771673645,frac_lost: 0.104, li_recovered:  8.443, time: 0.01743882599839708
L: 0.50, u_super: 0.00162, sec: 88.626, prod: 0.035195, t_ads: 117.7, t_des: 100.6, bed_util_ads: 0.497, bed_util_des: 0.497, des_th: 0.49698610965936757,frac_lost: 0.104, li_recovered:  7.685, time: 0.017444516999603366
L: 0.50, u_super: 0.00450, sec: 246.328, prod: 0.101097, t_ads: 43.3, t_des: 38.6, bed_util_ads: 0.500, bed_util_des: 0.500, des_th: 0.49984211335685846,frac_lost: 0.106, li_recovered:  8.274, time: 0.018084919000102673
L: 0.50, u_super: 0.00500, sec: 274.879, prod: 0.112666, t_ads: 39.0, t_des: 35.6, bed_util_ads: 0.497, bed_util_des: 0.497, des_th: 0.4966620570178158,frac_lost: 0.105, li_recovered:  8.399, time: 0.016477134999149712
L: 0.50, u_super: 0.00331, sec: 188.559, prod: 0.070498, t_ads: 58.7, t_des: 63.2, bed_util_ads: 0.474, bed_util_des: 0.474, des_th: 0.47358148335531025,frac_lost: 0.106, li_recovered:  8.590, time: 0.02043864100050996
L: 0.50, u_super: 0.00005, sec: 4.430, prod: 0.000653, t_ads: 3108.7, t_des: 4789.7, bed_util_ads: 0.256, bed_util_des: 0.204, des_th: 0.20486077982026762,frac_lost: 0.101, li_recovered:  5.162, time: 0.020348672000181978
L: 0.50, u_super: 0.00859, sec: 513.267, prod: 0.186673, t_ads: 22.8, t_des: 23.8, bed_util_ads: 0.481, bed_util_des: 0.480, des_th: 0.4803893626255541,frac_lost: 0.105, li_recovered:  8.696, time: 0.02986625800076581
L: 0.50, u_super: 0.00515, sec: 284.798, prod: 0.115738, t_ads: 37.6, t_des: 36.1, bed_util_ads: 0.490, bed_util_des: 0.490, des_th: 0.490070297583792,frac_lost: 0.101, li_recovered:  8.538, time: 0.021196290999796474
L: 0.50, u_super: 0.00362, sec: 196.577, prod: 0.081245, t_ads: 53.7, t_des: 48.5, bed_util_ads: 0.497, bed_util_des: 0.497, des_th: 0.49662382410073946,frac_lost: 0.106, li_recovered:  8.304, time: 0.020942092000041157
L: 11.04, u_super: 0.00965 — INFEASIBLE (li_recovered=0.000e+00), time: 0.007330050000746269
L: 49.09, u_super: 0.00254 — INFEASIBLE (li_recovered=0.000e+00), time: 0.003460580999671947
L: 15.85, u_super: 0.00906 — INFEASIBLE (li_recovered=0.000e+00), time: 0.007195512998805498
L: 0.50, u_super: 0.00797, sec: 453.967, prod: 0.180255, t_ads: 24.6, t_des: 22.2, bed_util_ads: 0.499, bed_util_des: 0.499, des_th: 0.49904512654543576,frac_lost: 0.107, li_recovered:  8.435, time: 0.014575675999367377
L: 0.50, u_super: 0.00990, sec: 577.308, prod: 0.224306, t_ads: 19.8, t_des: 18.1, bed_util_ads: 0.498, bed_util_des: 0.498, des_th: 0.4981014366489777,frac_lost: 0.106, li_recovered:  8.495, time: 0.017673725998974987
L: 39.04, u_super: 0.00605 — INFEASIBLE (li_recovered=0.000e+00), time: 0.003105388999756542
L: 1.18, u_super: 0.00569, sec: 6328.544, prod: 0.015127, t_ads: 81.7, t_des: 1291.6, bed_util_ads: 0.188, bed_util_des: 0.178, des_th: 0.17758040109483994,frac_lost: 0.105, li_recovered:  20.773, time: 0.1338374320002913
L: 0.50, u_super: 0.00691, sec: 387.814, prod: 0.156549, t_ads: 28.1, t_des: 25.4, bed_util_ads: 0.500, bed_util_des: 0.499, des_th: 0.4995115989956732,frac_lost: 0.101, li_recovered:  8.379, time: 0.017077899001378682
L: 16.48, u_super: 0.00465 — INFEASIBLE (li_recovered=0.000e+00), time: 0.003226892000384396
L: 0.50, u_super: 0.00370, sec: 207.504, prod: 0.080411, t_ads: 52.5, t_des: 54.4, bed_util_ads: 0.480, bed_util_des: 0.479, des_th: 0.47920573119045523,frac_lost: 0.104, li_recovered:  8.593, time: 0.025802554000620148
L: 0.50, u_super: 0.00078, sec: 43.419, prod: 0.016321, t_ads: 239.0, t_des: 212.9, bed_util_ads: 0.481, bed_util_des: 0.480, des_th: 0.4803966989455887,frac_lost: 0.104, li_recovered:  7.375, time: 0.0159064870003931
L: 0.50, u_super: 0.00627, sec: 351.279, prod: 0.141175, t_ads: 31.0, t_des: 29.7, bed_util_ads: 0.492, bed_util_des: 0.491, des_th: 0.49131248468238536,frac_lost: 0.101, li_recovered:  8.561, time: 0.01936245599972608
L: 13.95, u_super: 0.00990 — INFEASIBLE (li_recovered=0.000e+00), time: 0.006727849000526476
L: 0.50, u_super: 0.00006 — INFEASIBLE (li_recovered=0.000e+00), time: 0.00563410299946554
L: 0.50, u_super: 0.00263, sec: 152.837, prod: 0.054368, t_ads: 73.4, t_des: 83.8, bed_util_ads: 0.465, bed_util_des: 0.464, des_th: 0.4635742881427683,frac_lost: 0.102, li_recovered:  8.549, time: 0.020402718999321223
L: 2.05, u_super: 0.00083 — INFEASIBLE (li_recovered=0.000e+00), time: 0.004834723000385566
L: 0.50, u_super: 0.00990, sec: 576.873, prod: 0.224475, t_ads: 19.7, t_des: 17.7, bed_util_ads: 0.500, bed_util_des: 0.500, des_th: 0.4997856933579721,frac_lost: 0.104, li_recovered:  8.404, time: 0.018223167999167345
L: 0.50, u_super: 0.00024, sec: 40.511, prod: 0.001712, t_ads: 808.5, t_des: 4249.3, bed_util_ads: 0.243, bed_util_des: 0.185, des_th: 0.1851696623157332,frac_lost: 0.100, li_recovered:  8.661, time: 0.05693468000026769
L: 35.14, u_super: 0.00784 — INFEASIBLE (li_recovered=0.000e+00), time: 0.0028663209996011574
L: 0.50, u_super: 0.00731, sec: 412.558, prod: 0.165698, t_ads: 26.5, t_des: 23.7, bed_util_ads: 0.500, bed_util_des: 0.499, des_th: 0.499418689048622,frac_lost: 0.100, li_recovered:  8.325, time: 0.020795569000256364
L: 29.58, u_super: 0.00732 — INFEASIBLE (li_recovered=0.000e+00), time: 0.004635548999431194
   928 |    37120 |     40 |  0.0023744257 |             f
L: 0.50, u_super: 0.00005, sec: 4.329, prod: 0.000669, t_ads: 3439.6, t_des: 5830.9, bed_util_ads: 0.253, bed_util_des: 0.185, des_th: 0.1851127749951357,frac_lost: 0.103, li_recovered:  6.199, time: 0.01906056199914019
L: 0.50, u_super: 0.00868, sec: 522.752, prod: 0.187671, t_ads: 22.5, t_des: 23.9, bed_util_ads: 0.479, bed_util_des: 0.479, des_th: 0.47884271099077935,frac_lost: 0.105, li_recovered:  8.700, time: 0.020026927999424515
L: 0.50, u_super: 0.00215, sec: 116.130, prod: 0.047277, t_ads: 89.1, t_des: 77.4, bed_util_ads: 0.499, bed_util_des: 0.499, des_th: 0.4987064855369234,frac_lost: 0.100, li_recovered:  7.874, time: 0.01746901899969089
L: 4.04, u_super: 0.00691, sec: 3408.289, prod: 0.144009, t_ads: 217.5, t_des: 186.4, bed_util_ads: 0.488, bed_util_des: 0.487, des_th: 0.4874243216675377,frac_lost: 0.101, li_recovered:  58.170, time: 0.016243567000856274
L: 0.50, u_super: 0.00523, sec: 288.129, prod: 0.118011, t_ads: 37.1, t_des: 33.2, bed_util_ads: 0.500, bed_util_des: 0.500, des_th: 0.49981750515324413,frac_lost: 0.102, li_recovered:  8.295, time: 0.014699295999889728
L: 62.90, u_super: 0.00422 — INFEASIBLE (li_recovered=0.000e+00), time: 0.0035988750005344627
L: 0.50, u_super: 0.00838, sec: 500.277, prod: 0.181853, t_ads: 23.3, t_des: 24.5, bed_util_ads: 0.480, bed_util_des: 0.480, des_th: 0.47959318482388347,frac_lost: 0.105, li_recovered:  8.695, time: 0.021358400999815785
L: 0.50, u_super: 0.00590, sec: 327.440, prod: 0.133243, t_ads: 32.9, t_des: 29.4, bed_util_ads: 0.500, bed_util_des: 0.499, des_th: 0.499418689048622,frac_lost: 0.102, li_recovered:  8.309, time: 0.012911406000057468
L: 0.50, u_super: 0.00795, sec: 451.825, prod: 0.180504, t_ads: 24.4, t_des: 22.4, bed_util_ads: 0.497, bed_util_des: 0.497, des_th: 0.4970478473248989,frac_lost: 0.101, li_recovered:  8.443, time: 0.01666057100010221
L: 0.50, u_super: 0.00272, sec: 146.060, prod: 0.060806, t_ads: 70.8, t_des: 65.3, bed_util_ads: 0.493, bed_util_des: 0.492, des_th: 0.4924640605799039,frac_lost: 0.101, li_recovered:  8.279, time: 0.022008306999850902
L: 0.50, u_super: 0.00544, sec: 300.339, prod: 0.122888, t_ads: 35.6, t_des: 31.9, bed_util_ads: 0.500, bed_util_des: 0.500, des_th: 0.4995868121964753,frac_lost: 0.101, li_recovered:  8.298, time: 0.01280272599979071
L: 0.50, u_super: 0.00732, sec: 413.811, prod: 0.165431, t_ads: 26.7, t_des: 24.0, bed_util_ads: 0.500, bed_util_des: 0.499, des_th: 0.499418689048622,frac_lost: 0.106, li_recovered:  8.382, time: 0.014577310999811743
L: 8.27, u_super: 0.00043 — INFEASIBLE (li_recovered=0.000e+00), time: 0.0025203330005751923
L: 0.50, u_super: 0.00161, sec: 89.493, prod: 0.034165, t_ads: 118.8, t_des: 126.5, bed_util_ads: 0.470, bed_util_des: 0.469, des_th: 0.46872609701805257,frac_lost: 0.101, li_recovered:  8.378, time: 0.01767939999990631
L: 0.50, u_super: 0.00728, sec: 411.797, prod: 0.164636, t_ads: 26.8, t_des: 24.1, bed_util_ads: 0.500, bed_util_des: 0.500, des_th: 0.4997863747154267,frac_lost: 0.107, li_recovered:  8.386, time: 0.012975806001122692
L: 0.50, u_super: 0.00869, sec: 498.806, prod: 0.196896, t_ads: 22.5, t_des: 20.4, bed_util_ads: 0.500, bed_util_des: 0.500, des_th: 0.49953903952719286,frac_lost: 0.105, li_recovered:  8.437, time: 0.017104907001339598
L: 9.51, u_super: 0.00008 — INFEASIBLE (li_recovered=0.000e+00), time: 0.002727805000176886
L: 0.50, u_super: 0.00990, sec: 576.388, prod: 0.224474, t_ads: 19.7, t_des: 17.9, bed_util_ads: 0.500, bed_util_des: 0.499, des_th: 0.49941800771673645,frac_lost: 0.104, li_recovered:  8.456, time: 0.013164231999326148
L: 0.50, u_super: 0.00944, sec: 547.348, prod: 0.213992, t_ads: 20.7, t_des: 18.6, bed_util_ads: 0.500, bed_util_des: 0.500, des_th: 0.49980890054495963,frac_lost: 0.105, li_recovered:  8.407, time: 0.016932724000071175
L: 17.16, u_super: 0.00568 — INFEASIBLE (li_recovered=0.000e+00), time: 0.0051244390015199315
L: 0.50, u_super: 0.00795, sec: 451.820, prod: 0.180390, t_ads: 24.4, t_des: 22.6, bed_util_ads: 0.496, bed_util_des: 0.496, des_th: 0.49605424001409615,frac_lost: 0.101, li_recovered:  8.478, time: 0.014379154999915045
L: 0.50, u_super: 0.00990, sec: 576.835, prod: 0.224490, t_ads: 19.7, t_des: 17.9, bed_util_ads: 0.500, bed_util_des: 0.499, des_th: 0.49942376806965333,frac_lost: 0.105, li_recovered:  8.447, time: 0.014511100000163424
L: 0.50, u_super: 0.00786, sec: 455.820, prod: 0.174392, t_ads: 24.9, t_des: 24.7, bed_util_ads: 0.488, bed_util_des: 0.488, des_th: 0.48751934855952134,frac_lost: 0.107, li_recovered:  8.658, time: 0.012111992000427563
L: 0.50, u_super: 0.00038 — INFEASIBLE (li_recovered=0.000e+00), time: 0.005013760001020273
L: 0.50, u_super: 0.00580, sec: 321.315, prod: 0.131130, t_ads: 33.4, t_des: 30.0, bed_util_ads: 0.500, bed_util_des: 0.500, des_th: 0.4997916856088306,frac_lost: 0.100, li_recovered:  8.316, time: 0.010794283998620813
L: 0.50, u_super: 0.00292, sec: 158.094, prod: 0.064829, t_ads: 66.4, t_des: 64.0, bed_util_ads: 0.488, bed_util_des: 0.487, des_th: 0.48704943701889486,frac_lost: 0.105, li_recovered:  8.451, time: 0.01207068999974581
L: 0.50, u_super: 0.00322, sec: 174.337, prod: 0.071795, t_ads: 60.0, t_des: 52.7, bed_util_ads: 0.499, bed_util_des: 0.499, des_th: 0.49920582519205436,frac_lost: 0.101, li_recovered:  8.087, time: 0.013427050998870982
L: 25.19, u_super: 0.00662 — INFEASIBLE (li_recovered=0.000e+00), time: 0.002966232001199387
L: 0.50, u_super: 0.00046, sec: 26.772, prod: 0.009351, t_ads: 387.3, t_des: 391.8, bed_util_ads: 0.452, bed_util_des: 0.448, des_th: 0.4482348384435711,frac_lost: 0.101, li_recovered:  7.286, time: 0.014011031000336516
L: 0.50, u_super: 0.00336, sec: 182.160, prod: 0.075231, t_ads: 58.0, t_des: 53.0, bed_util_ads: 0.495, bed_util_des: 0.495, des_th: 0.49470058151289636,frac_lost: 0.108, li_recovered:  8.345, time: 0.014680835000035586
L: 0.50, u_super: 0.00254, sec: 138.809, prod: 0.055568, t_ads: 75.9, t_des: 76.8, bed_util_ads: 0.480, bed_util_des: 0.479, des_th: 0.47924721113208124,frac_lost: 0.101, li_recovered:  8.483, time: 0.013136400000803405
L: 0.50, u_super: 0.00691, sec: 389.217, prod: 0.155985, t_ads: 28.3, t_des: 25.4, bed_util_ads: 0.500, bed_util_des: 0.500, des_th: 0.4998523610277611,frac_lost: 0.108, li_recovered:  8.377, time: 0.018512697000915068
L: 0.50, u_super: 0.00331, sec: 182.689, prod: 0.072763, t_ads: 58.6, t_des: 58.9, bed_util_ads: 0.483, bed_util_des: 0.482, des_th: 0.4824584589648101,frac_lost: 0.105, li_recovered:  8.549, time: 0.013855011000487139
L: 0.50, u_super: 0.00254, sec: 136.980, prod: 0.056563, t_ads: 75.9, t_des: 67.5, bed_util_ads: 0.497, bed_util_des: 0.497, des_th: 0.49712248810621085,frac_lost: 0.104, li_recovered:  8.111, time: 0.01867159200082824
L: 63.77, u_super: 0.00799 — INFEASIBLE (li_recovered=0.000e+00), time: 0.002172731999962707
L: 0.50, u_super: 0.00458, sec: 251.018, prod: 0.103100, t_ads: 42.5, t_des: 38.8, bed_util_ads: 0.497, bed_util_des: 0.497, des_th: 0.49667506558720714,frac_lost: 0.107, li_recovered:  8.386, time: 0.010885665000387235
L: 20.46, u_super: 0.00476 — INFEASIBLE (li_recovered=0.000e+00), time: 0.0030938499985495582
L: 0.50, u_super: 0.00964, sec: 560.936, prod: 0.218357, t_ads: 20.3, t_des: 18.4, bed_util_ads: 0.500, bed_util_des: 0.499, des_th: 0.49941800771673645,frac_lost: 0.107, li_recovered:  8.449, time: 0.014221319999705884
L: 30.22, u_super: 0.00906 — INFEASIBLE (li_recovered=0.000e+00), time: 0.00576822399852972
L: 0.50, u_super: 0.00631, sec: 351.600, prod: 0.142716, t_ads: 30.8, t_des: 27.9, bed_util_ads: 0.498, bed_util_des: 0.498, des_th: 0.4981679885804386,frac_lost: 0.102, li_recovered:  8.371, time: 0.012650184999074554
   929 |    37160 |     40 |  0.0038306184 |             f
L: 0.50, u_super: 0.00094, sec: 52.044, prod: 0.019869, t_ads: 200.1, t_des: 174.5, bed_util_ads: 0.488, bed_util_des: 0.488, des_th: 0.48793140270917157,frac_lost: 0.105, li_recovered:  7.443, time: 0.01663086600092356
L: 0.50, u_super: 0.00353, sec: 191.844, prod: 0.078910, t_ads: 55.1, t_des: 48.6, bed_util_ads: 0.500, bed_util_des: 0.499, des_th: 0.4995222375302343,frac_lost: 0.107, li_recovered:  8.185, time: 0.017053655999916373
L: 0.50, u_super: 0.00086, sec: 47.919, prod: 0.018022, t_ads: 216.2, t_des: 188.5, bed_util_ads: 0.486, bed_util_des: 0.486, des_th: 0.48599242470909987,frac_lost: 0.100, li_recovered:  7.293, time: 0.01532093999958306
L: 0.50, u_super: 0.00424, sec: 231.719, prod: 0.095370, t_ads: 45.8, t_des: 40.9, bed_util_ads: 0.499, bed_util_des: 0.499, des_th: 0.49920196258029914,frac_lost: 0.105, li_recovered:  8.263, time: 0.017753518999597873
L: 4.05, u_super: 0.00906 — INFEASIBLE (li_recovered=0.000e+00), time: 0.020060820001162938
L: 0.50, u_super: 0.00736, sec: 416.617, prod: 0.166396, t_ads: 26.6, t_des: 24.1, bed_util_ads: 0.500, bed_util_des: 0.499, des_th: 0.49941800771673645,frac_lost: 0.107, li_recovered:  8.432, time: 0.023525824000898865
L: 0.50, u_super: 0.00802, sec: 456.127, prod: 0.181986, t_ads: 24.2, t_des: 21.8, bed_util_ads: 0.500, bed_util_des: 0.500, des_th: 0.49987570796728276,frac_lost: 0.101, li_recovered:  8.379, time: 0.0251227030003065
L: 0.50, u_super: 0.00396, sec: 216.185, prod: 0.088786, t_ads: 49.0, t_des: 46.4, bed_util_ads: 0.491, bed_util_des: 0.491, des_th: 0.49060472101642894,frac_lost: 0.105, li_recovered:  8.474, time: 0.01614294799946947
L: 15.80, u_super: 0.00317 — INFEASIBLE (li_recovered=0.000e+00), time: 0.0019069509999098955
L: 0.50, u_super: 0.00676, sec: 380.720, prod: 0.152447, t_ads: 29.0, t_des: 26.9, bed_util_ads: 0.495, bed_util_des: 0.495, des_th: 0.4949154162703788,frac_lost: 0.108, li_recovered:  8.512, time: 0.016270837000774918
L: 0.50, u_super: 0.00965, sec: 559.939, prod: 0.218829, t_ads: 20.2, t_des: 18.4, bed_util_ads: 0.500, bed_util_des: 0.499, des_th: 0.49941800771673645,frac_lost: 0.104, li_recovered:  8.443, time: 0.01591211800041492
L: 0.50, u_super: 0.00248, sec: 133.637, prod: 0.054921, t_ads: 77.8, t_des: 68.5, bed_util_ads: 0.497, bed_util_des: 0.497, des_th: 0.49712248810621085,frac_lost: 0.103, li_recovered:  8.034, time: 0.017162226999062113
L: 0.50, u_super: 0.00888, sec: 511.278, prod: 0.200952, t_ads: 22.1, t_des: 20.0, bed_util_ads: 0.500, bed_util_des: 0.500, des_th: 0.4996861488349885,frac_lost: 0.107, li_recovered:  8.452, time: 0.017378346999976202
L: 0.50, u_super: 0.00478, sec: 262.597, prod: 0.107718, t_ads: 40.6, t_des: 36.3, bed_util_ads: 0.499, bed_util_des: 0.499, des_th: 0.49859451810843847,frac_lost: 0.104, li_recovered:  8.285, time: 0.015821828001207905
L: 44.94, u_super: 0.00730 — INFEASIBLE (li_recovered=0.000e+00), time: 0.007058303001031163
L: 0.50, u_super: 0.00157, sec: 86.061, prod: 0.033673, t_ads: 122.6, t_des: 103.0, bed_util_ads: 0.500, bed_util_des: 0.500, des_th: 0.49969239396779447,frac_lost: 0.108, li_recovered:  7.599, time: 0.02293145200019353
L: 10.58, u_super: 0.00869 — INFEASIBLE (li_recovered=0.000e+00), time: 0.010622537998642656
L: 4.11, u_super: 0.00977 — INFEASIBLE (li_recovered=0.000e+00), time: 0.010550004999458906
L: 0.50, u_super: 0.00661, sec: 370.345, prod: 0.149667, t_ads: 29.3, t_des: 26.2, bed_util_ads: 0.500, bed_util_des: 0.500, des_th: 0.4997863747154267,frac_lost: 0.101, li_recovered:  8.316, time: 0.016335779000655748
L: 0.50, u_super: 0.00392, sec: 214.944, prod: 0.087230, t_ads: 49.6, t_des: 48.2, bed_util_ads: 0.488, bed_util_des: 0.487, des_th: 0.48746148870905326,frac_lost: 0.105, li_recovered:  8.533, time: 0.018788638999467366
L: 0.50, u_super: 0.00817, sec: 466.997, prod: 0.184939, t_ads: 23.9, t_des: 21.4, bed_util_ads: 0.500, bed_util_des: 0.500, des_th: 0.4998589147917667,frac_lost: 0.106, li_recovered:  8.387, time: 0.014623536999351927
L: 0.50, u_super: 0.00827, sec: 471.629, prod: 0.187765, t_ads: 23.5, t_des: 21.2, bed_util_ads: 0.500, bed_util_des: 0.500, des_th: 0.49953903952719286,frac_lost: 0.100, li_recovered:  8.381, time: 0.0119548050006415
L: 0.50, u_super: 0.00289, sec: 155.643, prod: 0.064455, t_ads: 66.7, t_des: 59.4, bed_util_ads: 0.497, bed_util_des: 0.497, des_th: 0.49671136301003144,frac_lost: 0.101, li_recovered:  8.133, time: 0.014868808000755962
L: 0.50, u_super: 0.00197, sec: 106.883, prod: 0.043340, t_ads: 96.8, t_des: 84.0, bed_util_ads: 0.498, bed_util_des: 0.498, des_th: 0.49821454294711776,frac_lost: 0.100, li_recovered:  7.834, time: 0.012829937999413232
L: 50.20, u_super: 0.00977 — INFEASIBLE (li_recovered=0.000e+00), time: 0.0027801739997812547
L: 0.50, u_super: 0.00233, sec: 126.044, prod: 0.051624, t_ads: 82.8, t_des: 72.7, bed_util_ads: 0.497, bed_util_des: 0.497, des_th: 0.49717065265041543,frac_lost: 0.106, li_recovered:  8.029, time: 0.016785271998742246
L: 0.50, u_super: 0.00169, sec: 94.946, prod: 0.035606, t_ads: 113.1, t_des: 123.0, bed_util_ads: 0.468, bed_util_des: 0.466, des_th: 0.46629000397900516,frac_lost: 0.100, li_recovered:  8.405, time: 0.01776862900078413
L: 0.50, u_super: 0.00642, sec: 406.158, prod: 0.128193, t_ads: 30.5, t_des: 37.3, bed_util_ads: 0.460, bed_util_des: 0.460, des_th: 0.4597387554629025,frac_lost: 0.106, li_recovered:  8.691, time: 0.01754576600069413
L: 0.50, u_super: 0.00018, sec: 24.922, prod: 0.001470, t_ads: 1107.7, t_des: 4700.4, bed_util_ads: 0.249, bed_util_des: 0.183, des_th: 0.18302955933465884,frac_lost: 0.100, li_recovered:  8.539, time: 0.045896556999650784
L: 0.50, u_super: 0.00929, sec: 537.122, prod: 0.210582, t_ads: 21.0, t_des: 18.9, bed_util_ads: 0.500, bed_util_des: 0.500, des_th: 0.4995933740440279,frac_lost: 0.104, li_recovered:  8.403, time: 0.019914259999495698
L: 0.50, u_super: 0.00059, sec: 34.717, prod: 0.011822, t_ads: 307.2, t_des: 260.0, bed_util_ads: 0.481, bed_util_des: 0.480, des_th: 0.4803966989455887,frac_lost: 0.104, li_recovered:  6.705, time: 0.013666814000316663
L: 0.50, u_super: 0.00292, sec: 157.128, prod: 0.065228, t_ads: 66.3, t_des: 61.5, bed_util_ads: 0.492, bed_util_des: 0.492, des_th: 0.49176861853823467,frac_lost: 0.104, li_recovered:  8.337, time: 0.01515437799935171
L: 0.50, u_super: 0.00129, sec: 70.026, prod: 0.028217, t_ads: 146.5, t_des: 132.8, bed_util_ads: 0.488, bed_util_des: 0.487, des_th: 0.48704190660702895,frac_lost: 0.102, li_recovered:  7.879, time: 0.02001787000153854
L: 4.79, u_super: 0.00880 — INFEASIBLE (li_recovered=0.000e+00), time: 0.008944216999225318
L: 0.50, u_super: 0.00833, sec: 475.319, prod: 0.189072, t_ads: 23.3, t_des: 21.6, bed_util_ads: 0.497, bed_util_des: 0.497, des_th: 0.49698610965936757,frac_lost: 0.100, li_recovered:  8.482, time: 0.016800896999484394
L: 0.50, u_super: 0.00639, sec: 356.365, prod: 0.144634, t_ads: 30.4, t_des: 27.9, bed_util_ads: 0.497, bed_util_des: 0.497, des_th: 0.49667506558720714,frac_lost: 0.102, li_recovered:  8.432, time: 0.01640989699990314
L: 0.50, u_super: 0.00321, sec: 189.064, prod: 0.065791, t_ads: 60.7, t_des: 70.0, bed_util_ads: 0.465, bed_util_des: 0.464, des_th: 0.4643020104230381,frac_lost: 0.107, li_recovered:  8.597, time: 0.017386756000632886
L: 0.50, u_super: 0.00370, sec: 202.634, prod: 0.082331, t_ads: 52.6, t_des: 50.9, bed_util_ads: 0.488, bed_util_des: 0.488, des_th: 0.48793167237878093,frac_lost: 0.106, li_recovered:  8.521, time: 0.01393503100007365
L: 0.50, u_super: 0.00965, sec: 602.016, prod: 0.203626, t_ads: 20.3, t_des: 22.5, bed_util_ads: 0.473, bed_util_des: 0.473, des_th: 0.4729881657977404,frac_lost: 0.105, li_recovered:  8.714, time: 0.01663522700073372
L: 0.50, u_super: 0.00679, sec: 380.411, prod: 0.153714, t_ads: 28.6, t_des: 25.8, bed_util_ads: 0.500, bed_util_des: 0.499, des_th: 0.49943623234344936,frac_lost: 0.101, li_recovered:  8.367, time: 0.016888633001144626
   930 |    37200 |     40 |  0.0038533703 |             f
L: 45.89, u_super: 0.00727 — INFEASIBLE (li_recovered=0.000e+00), time: 0.002503114999854006
L: 0.50, u_super: 0.00553, sec: 305.613, prod: 0.125007, t_ads: 35.0, t_des: 31.4, bed_util_ads: 0.500, bed_util_des: 0.500, des_th: 0.4995766023780669,frac_lost: 0.101, li_recovered:  8.309, time: 0.016399207999711507
L: 0.50, u_super: 0.00448, sec: 245.605, prod: 0.100613, t_ads: 43.4, t_des: 38.3, bed_util_ads: 0.500, bed_util_des: 0.500, des_th: 0.49978495454116545,frac_lost: 0.104, li_recovered:  8.211, time: 0.010808823000843404
L: 0.50, u_super: 0.00005 — INFEASIBLE (li_recovered=0.000e+00), time: 0.004539079000096535
L: 0.50, u_super: 0.00985, sec: 638.916, prod: 0.200486, t_ads: 19.8, t_des: 23.7, bed_util_ads: 0.465, bed_util_des: 0.464, des_th: 0.4642187834533096,frac_lost: 0.102, li_recovered:  8.716, time: 0.02223483799934911
L: 0.50, u_super: 0.00977, sec: 568.803, prod: 0.221469, t_ads: 20.0, t_des: 18.1, bed_util_ads: 0.500, bed_util_des: 0.499, des_th: 0.49941800771673645,frac_lost: 0.106, li_recovered:  8.453, time: 0.01586554999994405
L: 0.50, u_super: 0.00500, sec: 274.902, prod: 0.112657, t_ads: 38.9, t_des: 34.8, bed_util_ads: 0.500, bed_util_des: 0.500, des_th: 0.49964558396624237,frac_lost: 0.103, li_recovered:  8.296, time: 0.014002357998833759
L: 0.50, u_super: 0.00515, sec: 286.463, prod: 0.115036, t_ads: 37.6, t_des: 37.0, bed_util_ads: 0.488, bed_util_des: 0.488, des_th: 0.4877377882563859,frac_lost: 0.101, li_recovered:  8.581, time: 0.0161237339998479
L: 0.50, u_super: 0.00448, sec: 245.150, prod: 0.100932, t_ads: 43.4, t_des: 39.6, bed_util_ads: 0.496, bed_util_des: 0.496, des_th: 0.4955251925374567,frac_lost: 0.105, li_recovered:  8.381, time: 0.017573694000020623
L: 0.50, u_super: 0.00965, sec: 570.875, prod: 0.214637, t_ads: 20.2, t_des: 20.2, bed_util_ads: 0.487, bed_util_des: 0.487, des_th: 0.4868802002348148,frac_lost: 0.104, li_recovered:  8.670, time: 0.015155665001657326
L: 0.50, u_super: 0.00854, sec: 490.070, prod: 0.193221, t_ads: 22.9, t_des: 21.0, bed_util_ads: 0.497, bed_util_des: 0.497, des_th: 0.49698610965936757,frac_lost: 0.106, li_recovered:  8.492, time: 0.01465438500054006
L: 0.50, u_super: 0.00042 — INFEASIBLE (li_recovered=0.000e+00), time: 0.006356497999149724
L: 0.50, u_super: 0.00554, sec: 306.692, prod: 0.125134, t_ads: 35.0, t_des: 31.4, bed_util_ads: 0.500, bed_util_des: 0.499, des_th: 0.49941800771673645,frac_lost: 0.103, li_recovered:  8.313, time: 0.014596697999877506
L: 0.50, u_super: 0.00637, sec: 355.579, prod: 0.144241, t_ads: 30.5, t_des: 27.9, bed_util_ads: 0.497, bed_util_des: 0.497, des_th: 0.49667506558720714,frac_lost: 0.102, li_recovered:  8.424, time: 0.01621419800176227
L: 0.50, u_super: 0.00544, sec: 300.339, prod: 0.122888, t_ads: 35.6, t_des: 31.9, bed_util_ads: 0.500, bed_util_des: 0.500, des_th: 0.4995868121964753,frac_lost: 0.101, li_recovered:  8.298, time: 0.018429678999382304
L: 15.84, u_super: 0.00191 — INFEASIBLE (li_recovered=0.000e+00), time: 0.003629889000876574
L: 10.81, u_super: 0.00157 — INFEASIBLE (li_recovered=0.000e+00), time: 0.003183652999723563
L: 0.50, u_super: 0.00083 — INFEASIBLE (li_recovered=0.000e+00), time: 0.010849508998944657
L: 0.50, u_super: 0.00987, sec: 575.045, prod: 0.223691, t_ads: 19.8, t_des: 18.0, bed_util_ads: 0.500, bed_util_des: 0.500, des_th: 0.4997863747154267,frac_lost: 0.106, li_recovered:  8.462, time: 0.016136529000505107
L: 13.40, u_super: 0.00853 — INFEASIBLE (li_recovered=0.000e+00), time: 0.006377775000146357
L: 0.50, u_super: 0.00663, sec: 372.528, prod: 0.149582, t_ads: 29.6, t_des: 26.8, bed_util_ads: 0.499, bed_util_des: 0.499, des_th: 0.4987676885369574,frac_lost: 0.110, li_recovered:  8.441, time: 0.014561752999725286
L: 0.50, u_super: 0.00770, sec: 5501.940, prod: 0.013860, t_ads: 25.4, t_des: 608.3, bed_util_ads: 0.162, bed_util_des: 0.158, des_th: 0.15838461576708285,frac_lost: 0.102, li_recovered:  8.784, time: 0.15904630899967742
L: 0.50, u_super: 0.00689, sec: 387.013, prod: 0.156137, t_ads: 28.1, t_des: 25.2, bed_util_ads: 0.500, bed_util_des: 0.499, des_th: 0.49941800771673645,frac_lost: 0.100, li_recovered:  8.323, time: 0.01311529400118161
L: 7.45, u_super: 0.00598 — INFEASIBLE (li_recovered=0.000e+00), time: 0.0066755230000126176
L: 13.87, u_super: 0.00142 — INFEASIBLE (li_recovered=0.000e+00), time: 0.0023904129993752576
L: 0.50, u_super: 0.00482, sec: 264.770, prod: 0.108457, t_ads: 40.4, t_des: 36.0, bed_util_ads: 0.500, bed_util_des: 0.500, des_th: 0.4997086625204039,frac_lost: 0.105, li_recovered:  8.288, time: 0.015253960998961702
L: 0.50, u_super: 0.00129, sec: 72.045, prod: 0.027426, t_ads: 146.3, t_des: 121.4, bed_util_ads: 0.499, bed_util_des: 0.498, des_th: 0.4984788394636689,frac_lost: 0.103, li_recovered:  7.344, time: 0.016902402001505834
L: 0.50, u_super: 0.00608, sec: 338.769, prod: 0.137342, t_ads: 32.0, t_des: 28.5, bed_util_ads: 0.500, bed_util_des: 0.500, des_th: 0.4997863747154267,frac_lost: 0.103, li_recovered:  8.311, time: 0.01748041300015757
L: 0.50, u_super: 0.00887, sec: 4576.805, prod: 0.022409, t_ads: 22.1, t_des: 369.7, bed_util_ads: 0.188, bed_util_des: 0.185, des_th: 0.1851696623157332,frac_lost: 0.104, li_recovered:  8.781, time: 0.12057000099957804
L: 0.50, u_super: 0.00619, sec: 344.584, prod: 0.140225, t_ads: 31.3, t_des: 28.3, bed_util_ads: 0.499, bed_util_des: 0.499, des_th: 0.4986370800075069,frac_lost: 0.100, li_recovered:  8.358, time: 0.014655225999376853
L: 0.50, u_super: 0.00984, sec: 572.411, prod: 0.223244, t_ads: 19.8, t_des: 18.0, bed_util_ads: 0.500, bed_util_des: 0.499, des_th: 0.49941800771673645,frac_lost: 0.104, li_recovered:  8.445, time: 0.014339702000143006
L: 0.50, u_super: 0.00144, sec: 79.502, prod: 0.030657, t_ads: 133.1, t_des: 110.8, bed_util_ads: 0.499, bed_util_des: 0.499, des_th: 0.4987064855369234,frac_lost: 0.107, li_recovered:  7.477, time: 0.018170570001529995
L: 0.50, u_super: 0.00889, sec: 511.873, prod: 0.201351, t_ads: 22.0, t_des: 19.9, bed_util_ads: 0.499, bed_util_des: 0.499, des_th: 0.49920582519205436,frac_lost: 0.106, li_recovered:  8.440, time: 0.01497378500062041
L: 0.50, u_super: 0.00728, sec: 412.252, prod: 0.164455, t_ads: 26.9, t_des: 24.2, bed_util_ads: 0.500, bed_util_des: 0.500, des_th: 0.49993815396194025,frac_lost: 0.109, li_recovered:  8.400, time: 0.01742400200055272
L: 0.50, u_super: 0.00958, sec: 566.210, prod: 0.213404, t_ads: 20.4, t_des: 20.3, bed_util_ads: 0.488, bed_util_des: 0.487, des_th: 0.4874841683746703,frac_lost: 0.104, li_recovered:  8.668, time: 0.015319464000640437
L: 0.50, u_super: 0.00321, sec: 174.015, prod: 0.071687, t_ads: 60.1, t_des: 52.8, bed_util_ads: 0.499, bed_util_des: 0.499, des_th: 0.49920954989952887,frac_lost: 0.101, li_recovered:  8.088, time: 0.014739196998561965
L: 0.50, u_super: 0.00990, sec: 576.015, prod: 0.224810, t_ads: 19.7, t_des: 17.9, bed_util_ads: 0.500, bed_util_des: 0.499, des_th: 0.49941800771673645,frac_lost: 0.102, li_recovered:  8.443, time: 0.020339069998954074
L: 0.50, u_super: 0.00679, sec: 380.874, prod: 0.153602, t_ads: 28.6, t_des: 25.6, bed_util_ads: 0.500, bed_util_des: 0.499, des_th: 0.49941875339375236,frac_lost: 0.102, li_recovered:  8.324, time: 0.02019980400109489
L: 0.50, u_super: 0.00195, sec: 109.550, prod: 0.041466, t_ads: 98.6, t_des: 105.4, bed_util_ads: 0.472, bed_util_des: 0.471, des_th: 0.47096373239426836,frac_lost: 0.105, li_recovered:  8.459, time: 0.018826526998964255
L: 0.50, u_super: 0.00869, sec: 498.806, prod: 0.196896, t_ads: 22.5, t_des: 20.4, bed_util_ads: 0.500, bed_util_des: 0.500, des_th: 0.49953903952719286,frac_lost: 0.105, li_recovered:  8.437, time: 0.018327298001167946
   931 |    37240 |     40 |  0.0016673397 |             f
L: 0.50, u_super: 0.00596, sec: 330.419, prod: 0.134793, t_ads: 32.6, t_des: 29.8, bed_util_ads: 0.497, bed_util_des: 0.497, des_th: 0.49698610965936757,frac_lost: 0.101, li_recovered:  8.410, time: 0.020588134000718128
L: 0.50, u_super: 0.00321, sec: 173.921, prod: 0.071726, t_ads: 60.1, t_des: 52.9, bed_util_ads: 0.499, bed_util_des: 0.499, des_th: 0.49920583598411655,frac_lost: 0.101, li_recovered:  8.101, time: 0.01306207000016002
L: 0.50, u_super: 0.00058, sec: 34.281, prod: 0.011639, t_ads: 311.9, t_des: 263.7, bed_util_ads: 0.481, bed_util_des: 0.480, des_th: 0.4803966989455887,frac_lost: 0.105, li_recovered:  6.700, time: 0.014540094000039971
L: 0.50, u_super: 0.00370, sec: 202.634, prod: 0.082331, t_ads: 52.6, t_des: 50.9, bed_util_ads: 0.488, bed_util_des: 0.488, des_th: 0.48793167237878093,frac_lost: 0.106, li_recovered:  8.521, time: 0.014859959999739658
L: 0.50, u_super: 0.00929, sec: 537.122, prod: 0.210582, t_ads: 21.0, t_des: 18.9, bed_util_ads: 0.500, bed_util_des: 0.500, des_th: 0.4995933740440279,frac_lost: 0.104, li_recovered:  8.403, time: 0.0203633359997184
L: 0.50, u_super: 0.00472, sec: 259.336, prod: 0.106313, t_ads: 41.2, t_des: 36.8, bed_util_ads: 0.500, bed_util_des: 0.500, des_th: 0.499930570811049,frac_lost: 0.105, li_recovered:  8.287, time: 0.01734261299861828
L: 5.60, u_super: 0.00268 — INFEASIBLE (li_recovered=0.000e+00), time: 0.0090951429992856
L: 0.50, u_super: 0.00032 — INFEASIBLE (li_recovered=0.000e+00), time: 0.008709833999091643
L: 0.50, u_super: 0.00907, sec: 534.353, prod: 0.201093, t_ads: 21.5, t_des: 21.6, bed_util_ads: 0.485, bed_util_des: 0.485, des_th: 0.48526121149957235,frac_lost: 0.103, li_recovered:  8.673, time: 0.014711469999383553
L: 0.50, u_super: 0.00292, sec: 158.808, prod: 0.064538, t_ads: 66.3, t_des: 65.2, bed_util_ads: 0.485, bed_util_des: 0.484, des_th: 0.48451260894655784,frac_lost: 0.104, li_recovered:  8.486, time: 0.01581168099983188
L: 5.12, u_super: 0.00370 — INFEASIBLE (li_recovered=0.000e+00), time: 0.008484600999508984
L: 0.50, u_super: 0.00571, sec: 316.333, prod: 0.129175, t_ads: 33.9, t_des: 31.5, bed_util_ads: 0.496, bed_util_des: 0.495, des_th: 0.4954154759325529,frac_lost: 0.101, li_recovered:  8.453, time: 0.011516782000398962
L: 0.50, u_super: 0.00990, sec: 576.015, prod: 0.224810, t_ads: 19.7, t_des: 17.9, bed_util_ads: 0.500, bed_util_des: 0.499, des_th: 0.49941800771673645,frac_lost: 0.102, li_recovered:  8.443, time: 0.018479014001059113
L: 0.50, u_super: 0.00833, sec: 477.034, prod: 0.188392, t_ads: 23.5, t_des: 21.5, bed_util_ads: 0.498, bed_util_des: 0.498, des_th: 0.49770389819487104,frac_lost: 0.107, li_recovered:  8.487, time: 0.018625351000082446
L: 0.50, u_super: 0.00859, sec: 502.060, prod: 0.190999, t_ads: 22.8, t_des: 22.6, bed_util_ads: 0.488, bed_util_des: 0.487, des_th: 0.48746121903944395,frac_lost: 0.106, li_recovered:  8.662, time: 0.016059157000199775
L: 40.78, u_super: 0.00747 — INFEASIBLE (li_recovered=0.000e+00), time: 0.0021850789999007247
L: 0.50, u_super: 0.00640, sec: 357.425, prod: 0.144720, t_ads: 30.4, t_des: 27.4, bed_util_ads: 0.498, bed_util_des: 0.498, des_th: 0.49820254559711635,frac_lost: 0.103, li_recovered:  8.369, time: 0.013817540000673034
L: 0.50, u_super: 0.00836, sec: 510.752, prod: 0.177206, t_ads: 23.4, t_des: 25.7, bed_util_ads: 0.475, bed_util_des: 0.475, des_th: 0.47466014051137767,frac_lost: 0.105, li_recovered:  8.704, time: 0.018453918999512098
L: 0.50, u_super: 0.00987, sec: 574.976, prod: 0.223709, t_ads: 19.8, t_des: 18.0, bed_util_ads: 0.499, bed_util_des: 0.499, des_th: 0.4992095391074666,frac_lost: 0.106, li_recovered:  8.458, time: 0.014960522001274512
L: 0.50, u_super: 0.00102, sec: 61.654, prod: 0.019855, t_ads: 185.9, t_des: 229.2, bed_util_ads: 0.446, bed_util_des: 0.442, des_th: 0.44198098288417326,frac_lost: 0.103, li_recovered:  8.242, time: 0.013758439999946859
L: 0.50, u_super: 0.00185, sec: 100.717, prod: 0.040299, t_ads: 103.3, t_des: 88.3, bed_util_ads: 0.498, bed_util_des: 0.498, des_th: 0.49821454294711776,frac_lost: 0.101, li_recovered:  7.723, time: 0.0163161599994055
L: 4.83, u_super: 0.00005 — INFEASIBLE (li_recovered=0.000e+00), time: 0.0029882230010116473
L: 6.24, u_super: 0.00869 — INFEASIBLE (li_recovered=0.000e+00), time: 0.008998245999464416
L: 0.50, u_super: 0.00965, sec: 560.021, prod: 0.218796, t_ads: 20.2, t_des: 18.4, bed_util_ads: 0.500, bed_util_des: 0.499, des_th: 0.4994215628842924,frac_lost: 0.104, li_recovered:  8.452, time: 0.018239492001157487
L: 0.50, u_super: 0.00572, sec: 317.862, prod: 0.128928, t_ads: 33.9, t_des: 32.3, bed_util_ads: 0.493, bed_util_des: 0.492, des_th: 0.4924266485970188,frac_lost: 0.101, li_recovered:  8.530, time: 0.018943196000691387
L: 0.50, u_super: 0.00786, sec: 993.655, prod: 0.080005, t_ads: 24.9, t_des: 84.4, bed_util_ads: 0.339, bed_util_des: 0.337, des_th: 0.3372575761183548,frac_lost: 0.103, li_recovered:  8.744, time: 0.0424379529995349
L: 0.50, u_super: 0.00853, sec: 489.646, prod: 0.193108, t_ads: 22.9, t_des: 20.8, bed_util_ads: 0.500, bed_util_des: 0.500, des_th: 0.49977822267173294,frac_lost: 0.107, li_recovered:  8.450, time: 0.01398985299965716
L: 0.50, u_super: 0.00005, sec: 4.603, prod: 0.000629, t_ads: 2855.8, t_des: 4159.8, bed_util_ads: 0.255, bed_util_des: 0.214, des_th: 0.21385616160091298,frac_lost: 0.100, li_recovered:  4.412, time: 0.015009070999440155
L: 0.50, u_super: 0.00043, sec: 24.967, prod: 0.008570, t_ads: 415.0, t_des: 413.9, bed_util_ads: 0.451, bed_util_des: 0.448, des_th: 0.4484090319400439,frac_lost: 0.102, li_recovered:  7.105, time: 0.015003784999862546
L: 0.50, u_super: 0.00796, sec: 452.969, prod: 0.180471, t_ads: 24.4, t_des: 22.6, bed_util_ads: 0.496, bed_util_des: 0.496, des_th: 0.49605424001409615,frac_lost: 0.102, li_recovered:  8.494, time: 0.016807714999231393
L: 0.50, u_super: 0.00906, sec: 522.744, prod: 0.205278, t_ads: 21.6, t_des: 19.4, bed_util_ads: 0.500, bed_util_des: 0.500, des_th: 0.4998828553726068,frac_lost: 0.105, li_recovered:  8.400, time: 0.01659170800121501
L: 0.60, u_super: 0.00929, sec: 647.260, prod: 0.210712, t_ads: 25.2, t_des: 22.8, bed_util_ads: 0.500, bed_util_des: 0.500, des_th: 0.4996599364344341,frac_lost: 0.100, li_recovered:  10.109, time: 0.01648085099986929
L: 0.50, u_super: 0.00096 — INFEASIBLE (li_recovered=0.000e+00), time: 0.009863105000476935
L: 0.50, u_super: 0.00059, sec: 34.680, prod: 0.011834, t_ads: 307.2, t_des: 260.4, bed_util_ads: 0.481, bed_util_des: 0.481, des_th: 0.4809055457628682,frac_lost: 0.104, li_recovered:  6.718, time: 0.017921660999490996
L: 0.50, u_super: 0.00247, sec: 135.898, prod: 0.053930, t_ads: 77.9, t_des: 79.5, bed_util_ads: 0.479, bed_util_des: 0.478, des_th: 0.47814046172303853,frac_lost: 0.102, li_recovered:  8.489, time: 0.02087029499853088
L: 0.50, u_super: 0.00005, sec: 4.329, prod: 0.000669, t_ads: 3483.6, t_des: 6129.0, bed_util_ads: 0.250, bed_util_des: 0.179, des_th: 0.17875782523952408,frac_lost: 0.101, li_recovered:  6.428, time: 0.028130099000918563
L: 35.63, u_super: 0.00174 — INFEASIBLE (li_recovered=0.000e+00), time: 0.0020212639992678305
L: 0.50, u_super: 0.00815, sec: 476.420, prod: 0.180108, t_ads: 24.0, t_des: 24.1, bed_util_ads: 0.486, bed_util_des: 0.486, des_th: 0.48599242470909987,frac_lost: 0.107, li_recovered:  8.672, time: 0.01517050100119377
L: 0.50, u_super: 0.00569, sec: 314.681, prod: 0.128573, t_ads: 34.1, t_des: 31.3, bed_util_ads: 0.497, bed_util_des: 0.497, des_th: 0.4967245313236103,frac_lost: 0.102, li_recovered:  8.417, time: 0.017580732999704196
L: 18.70, u_super: 0.00830 — INFEASIBLE (li_recovered=0.000e+00), time: 0.004898490000414313
   932 |    37280 |     40 |  0.0019232623 |             f
L: 0.50, u_super: 0.00761, sec: 431.905, prod: 0.171976, t_ads: 25.7, t_des: 23.4, bed_util_ads: 0.499, bed_util_des: 0.499, des_th: 0.49904512654543576,frac_lost: 0.108, li_recovered:  8.452, time: 0.02087237500018091
L: 0.50, u_super: 0.00923, sec: 534.027, prod: 0.209076, t_ads: 21.2, t_des: 19.2, bed_util_ads: 0.500, bed_util_des: 0.499, des_th: 0.49941800771673645,frac_lost: 0.107, li_recovered:  8.447, time: 0.02597229799903289
L: 0.50, u_super: 0.00450, sec: 246.328, prod: 0.101097, t_ads: 43.3, t_des: 38.6, bed_util_ads: 0.500, bed_util_des: 0.500, des_th: 0.49984211335685846,frac_lost: 0.106, li_recovered:  8.274, time: 0.024205185000027996
L: 0.50, u_super: 0.00887, sec: 511.048, prod: 0.200591, t_ads: 22.1, t_des: 20.0, bed_util_ads: 0.500, bed_util_des: 0.500, des_th: 0.4997863747154267,frac_lost: 0.108, li_recovered:  8.453, time: 0.02477822900073079
L: 0.50, u_super: 0.00377, sec: 204.930, prod: 0.084495, t_ads: 51.6, t_des: 46.1, bed_util_ads: 0.498, bed_util_des: 0.498, des_th: 0.49814741081157615,frac_lost: 0.106, li_recovered:  8.258, time: 0.016274481000436936
L: 0.50, u_super: 0.00464, sec: 254.550, prod: 0.104396, t_ads: 41.9, t_des: 37.3, bed_util_ads: 0.500, bed_util_des: 0.500, des_th: 0.49958020603920755,frac_lost: 0.105, li_recovered:  8.270, time: 0.017952542000784888
L: 1.16, u_super: 0.00661, sec: 873.222, prod: 0.147595, t_ads: 67.9, t_des: 60.4, bed_util_ads: 0.497, bed_util_des: 0.497, des_th: 0.49674376139431375,frac_lost: 0.103, li_recovered:  18.924, time: 0.014078965999942739
L: 0.50, u_super: 0.00890, sec: 514.347, prod: 0.201142, t_ads: 22.0, t_des: 20.6, bed_util_ads: 0.495, bed_util_des: 0.495, des_th: 0.49457838788290265,frac_lost: 0.106, li_recovered:  8.559, time: 0.01772353500018653
L: 0.50, u_super: 0.00241, sec: 130.237, prod: 0.053464, t_ads: 79.9, t_des: 77.2, bed_util_ads: 0.485, bed_util_des: 0.485, des_th: 0.4846535076662707,frac_lost: 0.103, li_recovered:  8.398, time: 0.015175832999375416
L: 0.50, u_super: 0.00313, sec: 197.228, prod: 0.059925, t_ads: 62.3, t_des: 81.4, bed_util_ads: 0.449, bed_util_des: 0.448, des_th: 0.44764114791331255,frac_lost: 0.107, li_recovered:  8.608, time: 0.02285570800086134
L: 14.06, u_super: 0.00593 — INFEASIBLE (li_recovered=0.000e+00), time: 0.007910006999736652
L: 0.50, u_super: 0.00424, sec: 231.843, prod: 0.095319, t_ads: 45.9, t_des: 40.9, bed_util_ads: 0.500, bed_util_des: 0.499, des_th: 0.49952876999333806,frac_lost: 0.106, li_recovered:  8.271, time: 0.019116432000373607
L: 11.51, u_super: 0.00005 — INFEASIBLE (li_recovered=0.000e+00), time: 0.003785570999752963
L: 0.50, u_super: 0.00382, sec: 209.360, prod: 0.084983, t_ads: 50.9, t_des: 49.4, bed_util_ads: 0.488, bed_util_des: 0.488, des_th: 0.48793167237878093,frac_lost: 0.106, li_recovered:  8.528, time: 0.025985570000557345
L: 0.50, u_super: 0.00990, sec: 577.001, prod: 0.224425, t_ads: 19.7, t_des: 17.9, bed_util_ads: 0.499, bed_util_des: 0.499, des_th: 0.4992044094105071,frac_lost: 0.105, li_recovered:  8.447, time: 0.03270494100070209
L: 0.50, u_super: 0.00831, sec: 475.843, prod: 0.188105, t_ads: 23.5, t_des: 21.3, bed_util_ads: 0.500, bed_util_des: 0.500, des_th: 0.4998828553726068,frac_lost: 0.107, li_recovered:  8.439, time: 0.030288104000646854
L: 0.50, u_super: 0.00709, sec: 441.426, prod: 0.145245, t_ads: 27.6, t_des: 32.3, bed_util_ads: 0.466, bed_util_des: 0.466, des_th: 0.4658276615209446,frac_lost: 0.106, li_recovered:  8.697, time: 0.04550626000127522
L: 0.50, u_super: 0.00767, sec: 434.117, prod: 0.173890, t_ads: 25.3, t_des: 22.9, bed_util_ads: 0.498, bed_util_des: 0.498, des_th: 0.4982216479885644,frac_lost: 0.101, li_recovered:  8.393, time: 0.032255953999992926
L: 0.50, u_super: 0.00860, sec: 493.512, prod: 0.194542, t_ads: 22.8, t_des: 20.9, bed_util_ads: 0.497, bed_util_des: 0.497, des_th: 0.49698610965936757,frac_lost: 0.106, li_recovered:  8.489, time: 0.036859218000245164
L: 0.50, u_super: 0.00330, sec: 178.030, prod: 0.074058, t_ads: 58.4, t_des: 54.6, bed_util_ads: 0.492, bed_util_des: 0.492, des_th: 0.4916669121087662,frac_lost: 0.100, li_recovered:  8.368, time: 0.014747575000001234
L: 0.50, u_super: 0.00687, sec: 386.822, prod: 0.155253, t_ads: 28.5, t_des: 25.8, bed_util_ads: 0.498, bed_util_des: 0.498, des_th: 0.49820254559711635,frac_lost: 0.108, li_recovered:  8.426, time: 0.03191088600033254
L: 0.50, u_super: 0.00735, sec: 462.804, prod: 0.149238, t_ads: 26.6, t_des: 31.7, bed_util_ads: 0.464, bed_util_des: 0.464, des_th: 0.46369287206305626,frac_lost: 0.107, li_recovered:  8.701, time: 0.023194204999526846
L: 0.50, u_super: 0.00970, sec: 563.832, prod: 0.220111, t_ads: 20.1, t_des: 18.3, bed_util_ads: 0.500, bed_util_des: 0.499, des_th: 0.49941800771673645,frac_lost: 0.104, li_recovered:  8.450, time: 0.015147738000450772
L: 0.50, u_super: 0.00910, sec: 525.449, prod: 0.206123, t_ads: 21.5, t_des: 19.5, bed_util_ads: 0.500, bed_util_des: 0.500, des_th: 0.4995933740440279,frac_lost: 0.106, li_recovered:  8.452, time: 0.013300977001563297
L: 0.50, u_super: 0.00500, sec: 275.225, prod: 0.112525, t_ads: 38.9, t_des: 34.7, bed_util_ads: 0.500, bed_util_des: 0.500, des_th: 0.4997115644466119,frac_lost: 0.105, li_recovered:  8.284, time: 0.018822987000021385
L: 0.50, u_super: 0.00542, sec: 299.370, prod: 0.122536, t_ads: 35.8, t_des: 32.4, bed_util_ads: 0.498, bed_util_des: 0.498, des_th: 0.4976395919747139,frac_lost: 0.102, li_recovered:  8.359, time: 0.02101948899871786
L: 0.50, u_super: 0.00016, sec: 20.911, prod: 0.001425, t_ads: 1224.9, t_des: 4714.7, bed_util_ads: 0.253, bed_util_des: 0.185, des_th: 0.1851696623157332,frac_lost: 0.101, li_recovered:  8.462, time: 0.04417034300058731
L: 0.50, u_super: 0.00012 — INFEASIBLE (li_recovered=0.000e+00), time: 0.006631509999351692
L: 0.50, u_super: 0.00107 — INFEASIBLE (li_recovered=0.000e+00), time: 0.0076184170011401875
L: 0.50, u_super: 0.00869, sec: 499.216, prod: 0.196734, t_ads: 22.5, t_des: 20.2, bed_util_ads: 0.500, bed_util_des: 0.500, des_th: 0.49968095887463515,frac_lost: 0.105, li_recovered:  8.398, time: 0.01980031800121651
L: 0.50, u_super: 0.00059, sec: 34.063, prod: 0.012049, t_ads: 307.3, t_des: 271.6, bed_util_ads: 0.477, bed_util_des: 0.476, des_th: 0.4758383890647284,frac_lost: 0.103, li_recovered:  6.975, time: 0.02413810300095065
L: 4.37, u_super: 0.00764 — INFEASIBLE (li_recovered=0.000e+00), time: 0.009754408998560393
L: 0.50, u_super: 0.00511, sec: 281.690, prod: 0.115143, t_ads: 37.9, t_des: 33.6, bed_util_ads: 0.500, bed_util_des: 0.500, des_th: 0.49981750515324413,frac_lost: 0.102, li_recovered:  8.238, time: 0.024041488000875688
L: 8.12, u_super: 0.00321 — INFEASIBLE (li_recovered=0.000e+00), time: 0.0030459789995802566
L: 0.50, u_super: 0.00532, sec: 293.219, prod: 0.120050, t_ads: 36.6, t_des: 33.5, bed_util_ads: 0.497, bed_util_des: 0.497, des_th: 0.49667506558720714,frac_lost: 0.103, li_recovered:  8.409, time: 0.023437187999661546
L: 82.60, u_super: 0.00956 — INFEASIBLE (li_recovered=0.000e+00), time: 0.0015752090002933983
L: 0.50, u_super: 0.00018, sec: 14.613, prod: 0.002655, t_ads: 976.0, t_des: 1735.8, bed_util_ads: 0.335, bed_util_des: 0.301, des_th: 0.3016437930382868,frac_lost: 0.101, li_recovered:  7.199, time: 0.029715811999267316
L: 0.50, u_super: 0.00594, sec: 340.804, prod: 0.130042, t_ads: 32.7, t_des: 33.9, bed_util_ads: 0.481, bed_util_des: 0.480, des_th: 0.48039311556461206,frac_lost: 0.101, li_recovered:  8.651, time: 0.018039255000985577
L: 0.50, u_super: 0.00944, sec: 551.159, prod: 0.212158, t_ads: 20.7, t_des: 19.9, bed_util_ads: 0.492, bed_util_des: 0.492, des_th: 0.4918891378759565,frac_lost: 0.106, li_recovered:  8.618, time: 0.021330348999981652
L: 0.50, u_super: 0.00303, sec: 164.133, prod: 0.067576, t_ads: 63.7, t_des: 55.9, bed_util_ads: 0.500, bed_util_des: 0.499, des_th: 0.4993453574407654,frac_lost: 0.102, li_recovered:  8.080, time: 0.017413016999853426
   933 |    37320 |     40 |  0.0038517835 |             f
L: 25.92, u_super: 0.00661 — INFEASIBLE (li_recovered=0.000e+00), time: 0.0039215200013131835
L: 0.50, u_super: 0.00341, sec: 184.714, prod: 0.076218, t_ads: 57.1, t_des: 51.0, bed_util_ads: 0.497, bed_util_des: 0.497, des_th: 0.4971816714120098,frac_lost: 0.107, li_recovered:  8.234, time: 0.01780815900019661
L: 2.44, u_super: 0.00089 — INFEASIBLE (li_recovered=0.000e+00), time: 0.005296892999467673
L: 0.50, u_super: 0.00144, sec: 79.286, prod: 0.030740, t_ads: 132.1, t_des: 110.8, bed_util_ads: 0.499, bed_util_des: 0.499, des_th: 0.4986920043378904,frac_lost: 0.102, li_recovered:  7.468, time: 0.02349164900078904
L: 0.50, u_super: 0.00683, sec: 383.072, prod: 0.154604, t_ads: 28.4, t_des: 25.4, bed_util_ads: 0.500, bed_util_des: 0.500, des_th: 0.4995115989956732,frac_lost: 0.100, li_recovered:  8.312, time: 0.02711299599832273
L: 0.50, u_super: 0.00480, sec: 281.273, prod: 0.101246, t_ads: 40.4, t_des: 45.0, bed_util_ads: 0.471, bed_util_des: 0.471, des_th: 0.47057408787823163,frac_lost: 0.102, li_recovered:  8.646, time: 0.03048372000012023
L: 0.50, u_super: 0.00237, sec: 131.219, prod: 0.051106, t_ads: 81.4, t_des: 84.8, bed_util_ads: 0.477, bed_util_des: 0.476, des_th: 0.4757984596867047,frac_lost: 0.103, li_recovered:  8.496, time: 0.029374030000326457
L: 0.50, u_super: 0.00990, sec: 576.835, prod: 0.224491, t_ads: 19.7, t_des: 17.7, bed_util_ads: 0.500, bed_util_des: 0.500, des_th: 0.499855132881414,frac_lost: 0.104, li_recovered:  8.397, time: 0.022096786999100004
L: 30.10, u_super: 0.00844 — INFEASIBLE (li_recovered=0.000e+00), time: 0.004482686999836005
L: 0.50, u_super: 0.00215, sec: 117.060, prod: 0.047231, t_ads: 88.8, t_des: 76.1, bed_util_ads: 0.500, bed_util_des: 0.499, des_th: 0.4995115989956732,frac_lost: 0.100, li_recovered:  7.789, time: 0.03607864500008873
L: 0.50, u_super: 0.00970, sec: 563.298, prod: 0.220104, t_ads: 20.1, t_des: 18.3, bed_util_ads: 0.500, bed_util_des: 0.500, des_th: 0.49953127408987696,frac_lost: 0.103, li_recovered:  8.444, time: 0.024640560999614536
L: 0.50, u_super: 0.00264, sec: 142.025, prod: 0.059043, t_ads: 72.9, t_des: 67.4, bed_util_ads: 0.493, bed_util_des: 0.492, des_th: 0.4921950540473394,frac_lost: 0.103, li_recovered:  8.288, time: 0.024723539001570316
L: 0.50, u_super: 0.00151, sec: 81.546, prod: 0.033087, t_ads: 126.5, t_des: 113.6, bed_util_ads: 0.492, bed_util_des: 0.491, des_th: 0.49115002011867315,frac_lost: 0.105, li_recovered:  7.945, time: 0.02367597400007071
L: 0.50, u_super: 0.00169, sec: 93.236, prod: 0.036259, t_ads: 113.5, t_des: 117.8, bed_util_ads: 0.474, bed_util_des: 0.473, des_th: 0.4729368313561198,frac_lost: 0.103, li_recovered:  8.387, time: 0.018909575999714434
L: 0.50, u_super: 0.00429, sec: 234.426, prod: 0.096557, t_ads: 45.2, t_des: 40.4, bed_util_ads: 0.498, bed_util_des: 0.498, des_th: 0.49821255920252133,frac_lost: 0.104, li_recovered:  8.271, time: 0.022260977000769344
L: 0.50, u_super: 0.00419, sec: 229.052, prod: 0.093856, t_ads: 46.5, t_des: 40.9, bed_util_ads: 0.500, bed_util_des: 0.500, des_th: 0.4997863747154267,frac_lost: 0.106, li_recovered:  8.205, time: 0.018654529998457292
L: 0.50, u_super: 0.00526, sec: 290.186, prod: 0.118818, t_ads: 36.8, t_des: 33.0, bed_util_ads: 0.500, bed_util_des: 0.500, des_th: 0.49983426682119725,frac_lost: 0.102, li_recovered:  8.294, time: 0.021531727999899886
L: 0.50, u_super: 0.00336, sec: 182.103, prod: 0.075245, t_ads: 57.9, t_des: 52.4, bed_util_ads: 0.497, bed_util_des: 0.497, des_th: 0.49655143944336,frac_lost: 0.108, li_recovered:  8.297, time: 0.0172810540007049
L: 0.50, u_super: 0.00484, sec: 265.736, prod: 0.109093, t_ads: 40.2, t_des: 36.8, bed_util_ads: 0.497, bed_util_des: 0.497, des_th: 0.49667718800666766,frac_lost: 0.105, li_recovered:  8.395, time: 0.020376860000396846
L: 6.59, u_super: 0.00573 — INFEASIBLE (li_recovered=0.000e+00), time: 0.007516982999732136
L: 25.39, u_super: 0.00378 — INFEASIBLE (li_recovered=0.000e+00), time: 0.003871860000799643
L: 0.50, u_super: 0.00205, sec: 111.325, prod: 0.045172, t_ads: 93.1, t_des: 80.7, bed_util_ads: 0.498, bed_util_des: 0.498, des_th: 0.4979431019645366,frac_lost: 0.101, li_recovered:  7.849, time: 0.013502134001100785
L: 0.50, u_super: 0.00217, sec: 123.726, prod: 0.045320, t_ads: 89.0, t_des: 98.6, bed_util_ads: 0.468, bed_util_des: 0.466, des_th: 0.46629000397900516,frac_lost: 0.104, li_recovered:  8.498, time: 0.016568983999604825
L: 1.48, u_super: 0.00435, sec: 779.762, prod: 0.088516, t_ads: 130.5, t_des: 150.6, bed_util_ads: 0.459, bed_util_des: 0.457, des_th: 0.4571797822191124,frac_lost: 0.102, li_recovered:  24.876, time: 0.015991309001037735
L: 0.88, u_super: 0.00728, sec: 730.096, prod: 0.163304, t_ads: 46.9, t_des: 41.3, bed_util_ads: 0.500, bed_util_des: 0.500, des_th: 0.4997863747154267,frac_lost: 0.105, li_recovered:  14.414, time: 0.01594154599843023
L: 0.50, u_super: 0.00650, sec: 363.622, prod: 0.146987, t_ads: 29.9, t_des: 26.6, bed_util_ads: 0.500, bed_util_des: 0.500, des_th: 0.4999248872932457,frac_lost: 0.102, li_recovered:  8.304, time: 0.023872777001088252
L: 0.50, u_super: 0.00673, sec: 378.146, prod: 0.151947, t_ads: 29.1, t_des: 26.4, bed_util_ads: 0.498, bed_util_des: 0.498, des_th: 0.49821454294711776,frac_lost: 0.108, li_recovered:  8.432, time: 0.016162077999979374
L: 0.50, u_super: 0.00867, sec: 498.232, prod: 0.196273, t_ads: 22.6, t_des: 20.3, bed_util_ads: 0.500, bed_util_des: 0.499, des_th: 0.49942577315405234,frac_lost: 0.106, li_recovered:  8.409, time: 0.021497236999493907
L: 0.50, u_super: 0.00109, sec: 59.837, prod: 0.023265, t_ads: 172.7, t_des: 150.7, bed_util_ads: 0.490, bed_util_des: 0.490, des_th: 0.48956403229397577,frac_lost: 0.101, li_recovered:  7.523, time: 0.025620471000365796
L: 0.50, u_super: 0.00814, sec: 465.430, prod: 0.184096, t_ads: 24.1, t_des: 22.0, bed_util_ads: 0.498, bed_util_des: 0.498, des_th: 0.4982216479885644,frac_lost: 0.108, li_recovered:  8.484, time: 0.020188358999803313
L: 0.50, u_super: 0.00047, sec: 28.223, prod: 0.008998, t_ads: 380.3, t_des: 324.9, bed_util_ads: 0.471, bed_util_des: 0.471, des_th: 0.47115663684567216,frac_lost: 0.102, li_recovered:  6.346, time: 0.018931042000986054
L: 0.50, u_super: 0.00640, sec: 357.008, prod: 0.144775, t_ads: 30.3, t_des: 27.2, bed_util_ads: 0.499, bed_util_des: 0.499, des_th: 0.4991919489713197,frac_lost: 0.101, li_recovered:  8.325, time: 0.02260581500013359
L: 15.45, u_super: 0.00729 — INFEASIBLE (li_recovered=0.000e+00), time: 0.005279337001411477
L: 0.50, u_super: 0.00598, sec: 338.844, prod: 0.132732, t_ads: 32.5, t_des: 32.6, bed_util_ads: 0.486, bed_util_des: 0.486, des_th: 0.48574988787390183,frac_lost: 0.102, li_recovered:  8.629, time: 0.03167203399971186
L: 0.50, u_super: 0.00455, sec: 249.347, prod: 0.102190, t_ads: 42.8, t_des: 38.1, bed_util_ads: 0.500, bed_util_des: 0.500, des_th: 0.4999815956686567,frac_lost: 0.106, li_recovered:  8.272, time: 0.023667800000112038
L: 0.50, u_super: 0.00352, sec: 192.643, prod: 0.078366, t_ads: 55.2, t_des: 53.3, bed_util_ads: 0.488, bed_util_des: 0.488, des_th: 0.4877646177321966,frac_lost: 0.107, li_recovered:  8.509, time: 0.02458281200051715
L: 0.50, u_super: 0.00944, sec: 551.159, prod: 0.212158, t_ads: 20.7, t_des: 19.9, bed_util_ads: 0.492, bed_util_des: 0.492, des_th: 0.4918891378759565,frac_lost: 0.106, li_recovered:  8.618, time: 0.02061255899934622
L: 0.50, u_super: 0.00475, sec: 261.288, prod: 0.106921, t_ads: 41.0, t_des: 36.5, bed_util_ads: 0.500, bed_util_des: 0.500, des_th: 0.49984365661726654,frac_lost: 0.107, li_recovered:  8.289, time: 0.016699782001524
L: 0.50, u_super: 0.00382, sec: 209.364, prod: 0.084981, t_ads: 50.9, t_des: 49.5, bed_util_ads: 0.487, bed_util_des: 0.487, des_th: 0.4866952637327291,frac_lost: 0.105, li_recovered:  8.529, time: 0.022485133000373025
L: 0.50, u_super: 0.00833, sec: 475.319, prod: 0.189072, t_ads: 23.3, t_des: 21.6, bed_util_ads: 0.497, bed_util_des: 0.497, des_th: 0.49698610965936757,frac_lost: 0.100, li_recovered:  8.482, time: 0.021303729999999632
   934 |    37360 |     40 |  0.0032759447 |             f
L: 0.50, u_super: 0.00050, sec: 121.500, prod: 0.002399, t_ads: 396.8, t_des: 3268.0, bed_util_ads: 0.224, bed_util_des: 0.185, des_th: 0.1851696623157332,frac_lost: 0.103, li_recovered:  8.793, time: 0.09601115099940216
L: 0.50, u_super: 0.00292, sec: 157.145, prod: 0.065220, t_ads: 66.3, t_des: 61.7, bed_util_ads: 0.492, bed_util_des: 0.492, des_th: 0.4919656212037533,frac_lost: 0.104, li_recovered:  8.350, time: 0.02020242399885319
L: 0.50, u_super: 0.00685, sec: 385.556, prod: 0.154843, t_ads: 28.5, t_des: 25.6, bed_util_ads: 0.499, bed_util_des: 0.499, des_th: 0.4993141992255334,frac_lost: 0.107, li_recovered:  8.387, time: 0.021487502999661956
L: 0.50, u_super: 0.00388, sec: 211.481, prod: 0.086935, t_ads: 50.0, t_des: 47.5, bed_util_ads: 0.491, bed_util_des: 0.491, des_th: 0.4908667543000459,frac_lost: 0.103, li_recovered:  8.477, time: 0.01612935999946785
L: 28.67, u_super: 0.00891 — INFEASIBLE (li_recovered=0.000e+00), time: 0.004322590000811033
L: 13.53, u_super: 0.00879 — INFEASIBLE (li_recovered=0.000e+00), time: 0.01025760800075659
L: 0.50, u_super: 0.00728, sec: 411.797, prod: 0.164636, t_ads: 26.8, t_des: 24.1, bed_util_ads: 0.500, bed_util_des: 0.500, des_th: 0.4997863747154267,frac_lost: 0.107, li_recovered:  8.386, time: 0.01787499499914702
L: 0.50, u_super: 0.00483, sec: 275.613, prod: 0.104534, t_ads: 40.2, t_des: 42.4, bed_util_ads: 0.478, bed_util_des: 0.478, des_th: 0.4778012651112379,frac_lost: 0.101, li_recovered:  8.635, time: 0.03028450900092139
L: 7.20, u_super: 0.00840, sec: 7858.130, prod: 0.167400, t_ads: 318.4, t_des: 351.8, bed_util_ads: 0.447, bed_util_des: 0.442, des_th: 0.4425499606855328,frac_lost: 0.107, li_recovered:  112.197, time: 0.020817589998841868
L: 0.50, u_super: 0.00944, sec: 551.095, prod: 0.212182, t_ads: 20.7, t_des: 19.9, bed_util_ads: 0.492, bed_util_des: 0.492, des_th: 0.4917638812226409,frac_lost: 0.105, li_recovered:  8.621, time: 0.04072429900043062
L: 0.50, u_super: 0.00950, sec: 629.309, prod: 0.188508, t_ads: 20.6, t_des: 25.7, bed_util_ads: 0.459, bed_util_des: 0.459, des_th: 0.4588871505013701,frac_lost: 0.104, li_recovered:  8.718, time: 0.031023978001030628
L: 21.33, u_super: 0.00691 — INFEASIBLE (li_recovered=0.000e+00), time: 0.004928946998916217
L: 0.50, u_super: 0.00833, sec: 633.107, prod: 0.141950, t_ads: 23.5, t_des: 38.0, bed_util_ads: 0.427, bed_util_des: 0.426, des_th: 0.42587163644049164,frac_lost: 0.104, li_recovered:  8.721, time: 0.03153046800071024
L: 0.50, u_super: 0.00146, sec: 81.216, prod: 0.031054, t_ads: 131.0, t_des: 137.6, bed_util_ads: 0.471, bed_util_des: 0.470, des_th: 0.46965478166435515,frac_lost: 0.105, li_recovered:  8.342, time: 0.03637208999862196
L: 0.50, u_super: 0.00767, sec: 435.922, prod: 0.173171, t_ads: 25.6, t_des: 23.2, bed_util_ads: 0.499, bed_util_des: 0.499, des_th: 0.49907037855363523,frac_lost: 0.109, li_recovered:  8.456, time: 0.029826428999513155
L: 0.50, u_super: 0.00321, sec: 173.921, prod: 0.071726, t_ads: 60.1, t_des: 52.9, bed_util_ads: 0.499, bed_util_des: 0.499, des_th: 0.49920583598411655,frac_lost: 0.101, li_recovered:  8.101, time: 0.03161289200033934
L: 0.50, u_super: 0.00346, sec: 189.100, prod: 0.076902, t_ads: 56.2, t_des: 54.4, bed_util_ads: 0.489, bed_util_des: 0.488, des_th: 0.4881803184617314,frac_lost: 0.107, li_recovered:  8.510, time: 0.018545503999121138
L: 0.50, u_super: 0.00972, sec: 564.394, prod: 0.220534, t_ads: 20.1, t_des: 18.2, bed_util_ads: 0.500, bed_util_des: 0.499, des_th: 0.49941800771673645,frac_lost: 0.103, li_recovered:  8.448, time: 0.019158017999870935
L: 0.50, u_super: 0.00059, sec: 34.048, prod: 0.012054, t_ads: 306.7, t_des: 271.6, bed_util_ads: 0.476, bed_util_des: 0.475, des_th: 0.47576148472903707,frac_lost: 0.102, li_recovered:  6.970, time: 0.020628625999961514
L: 0.50, u_super: 0.00860, sec: 493.818, prod: 0.194422, t_ads: 22.8, t_des: 20.9, bed_util_ads: 0.497, bed_util_des: 0.497, des_th: 0.4970253636344627,frac_lost: 0.107, li_recovered:  8.492, time: 0.020747010999912163
L: 0.50, u_super: 0.00607, sec: 337.662, prod: 0.137107, t_ads: 32.0, t_des: 28.6, bed_util_ads: 0.499, bed_util_des: 0.499, des_th: 0.4991919489713197,frac_lost: 0.102, li_recovered:  8.314, time: 0.016265766998913023
L: 0.50, u_super: 0.00102, sec: 55.798, prod: 0.021841, t_ads: 184.6, t_des: 165.1, bed_util_ads: 0.486, bed_util_des: 0.486, des_th: 0.4856937156138504,frac_lost: 0.103, li_recovered:  7.637, time: 0.019651664999400964
L: 0.50, u_super: 0.00186, sec: 102.269, prod: 0.040269, t_ads: 102.8, t_des: 106.0, bed_util_ads: 0.476, bed_util_des: 0.475, des_th: 0.4748883657385945,frac_lost: 0.101, li_recovered:  8.409, time: 0.020684666000306606
L: 0.50, u_super: 0.00543, sec: 300.085, prod: 0.122737, t_ads: 35.7, t_des: 32.0, bed_util_ads: 0.500, bed_util_des: 0.499, des_th: 0.4995026925475999,frac_lost: 0.101, li_recovered:  8.305, time: 0.016652911999699427
L: 0.50, u_super: 0.00828, sec: 473.499, prod: 0.187331, t_ads: 23.6, t_des: 21.2, bed_util_ads: 0.500, bed_util_des: 0.500, des_th: 0.49970223568340755,frac_lost: 0.106, li_recovered:  8.390, time: 0.015003377999164513
L: 0.50, u_super: 0.00086, sec: 48.126, prod: 0.017988, t_ads: 218.3, t_des: 188.1, bed_util_ads: 0.488, bed_util_des: 0.487, des_th: 0.4876249579012545,frac_lost: 0.107, li_recovered:  7.310, time: 0.015009957000074792
L: 0.50, u_super: 0.00774, sec: 438.548, prod: 0.175675, t_ads: 25.1, t_des: 22.9, bed_util_ads: 0.498, bed_util_des: 0.498, des_th: 0.49778942034066476,frac_lost: 0.100, li_recovered:  8.423, time: 0.016709211999113904
L: 0.50, u_super: 0.00202, sec: 109.528, prod: 0.044153, t_ads: 95.7, t_des: 82.3, bed_util_ads: 0.499, bed_util_des: 0.499, des_th: 0.49877723009868585,frac_lost: 0.107, li_recovered:  7.859, time: 0.01256924300105311
L: 0.50, u_super: 0.00052 — INFEASIBLE (li_recovered=0.000e+00), time: 0.009309552000559052
L: 5.97, u_super: 0.00598 — INFEASIBLE (li_recovered=0.000e+00), time: 0.009968995000235736
L: 0.50, u_super: 0.00867, sec: 502.237, prod: 0.194865, t_ads: 22.6, t_des: 21.7, bed_util_ads: 0.492, bed_util_des: 0.492, des_th: 0.4918059999348498,frac_lost: 0.106, li_recovered:  8.614, time: 0.022977837001235457
L: 0.50, u_super: 0.00728, sec: 412.276, prod: 0.164445, t_ads: 26.9, t_des: 24.1, bed_util_ads: 0.500, bed_util_des: 0.500, des_th: 0.4996554329393619,frac_lost: 0.109, li_recovered:  8.391, time: 0.01631373199961672
L: 0.50, u_super: 0.00544, sec: 300.382, prod: 0.122870, t_ads: 35.6, t_des: 32.0, bed_util_ads: 0.500, bed_util_des: 0.500, des_th: 0.4996304627224535,frac_lost: 0.101, li_recovered:  8.306, time: 0.01834725300068385
L: 6.57, u_super: 0.00109 — INFEASIBLE (li_recovered=0.000e+00), time: 0.0028810650001105387
L: 0.50, u_super: 0.00005, sec: 4.364, prod: 0.000663, t_ads: 3608.3, t_des: 6755.3, bed_util_ads: 0.246, bed_util_des: 0.168, des_th: 0.16830070704368696,frac_lost: 0.102, li_recovered:  6.874, time: 0.031171196000286727
L: 78.49, u_super: 0.00500 — INFEASIBLE (li_recovered=0.000e+00), time: 0.0022784669999964535
L: 0.50, u_super: 0.00743, sec: 420.931, prod: 0.167697, t_ads: 26.4, t_des: 23.9, bed_util_ads: 0.499, bed_util_des: 0.499, des_th: 0.4989634174433451,frac_lost: 0.109, li_recovered:  8.443, time: 0.017520037001304445
L: 0.50, u_super: 0.00021, sec: 18.205, prod: 0.002724, t_ads: 893.4, t_des: 1917.7, bed_util_ads: 0.321, bed_util_des: 0.283, des_th: 0.283446914680463,frac_lost: 0.102, li_recovered:  7.656, time: 0.02928465600052732
L: 0.50, u_super: 0.00640, sec: 357.443, prod: 0.144599, t_ads: 30.4, t_des: 27.1, bed_util_ads: 0.500, bed_util_des: 0.500, des_th: 0.49966977498146675,frac_lost: 0.102, li_recovered:  8.311, time: 0.020627128000342054
L: 0.50, u_super: 0.00598, sec: 332.535, prod: 0.135250, t_ads: 32.4, t_des: 29.0, bed_util_ads: 0.500, bed_util_des: 0.500, des_th: 0.49974262618388826,frac_lost: 0.102, li_recovered:  8.313, time: 0.01486033800028963
   935 |    37400 |     40 |  0.0026086983 |             f
L: 8.74, u_super: 0.00869 — INFEASIBLE (li_recovered=0.000e+00), time: 0.006847369999377406
L: 0.50, u_super: 0.00184, sec: 100.299, prod: 0.040049, t_ads: 104.1, t_des: 88.7, bed_util_ads: 0.499, bed_util_des: 0.499, des_th: 0.49905077214729665,frac_lost: 0.103, li_recovered:  7.721, time: 0.020613544998923317
L: 0.50, u_super: 0.00336, sec: 182.417, prod: 0.074994, t_ads: 58.0, t_des: 51.2, bed_util_ads: 0.499, bed_util_des: 0.499, des_th: 0.49920583598411655,frac_lost: 0.108, li_recovered:  8.186, time: 0.01677463899977738
L: 0.50, u_super: 0.00025 — INFEASIBLE (li_recovered=0.000e+00), time: 0.00841980500081263
L: 0.50, u_super: 0.00005, sec: 4.324, prod: 0.000670, t_ads: 3449.4, t_des: 5903.4, bed_util_ads: 0.253, bed_util_des: 0.184, des_th: 0.18446566663577765,frac_lost: 0.103, li_recovered:  6.262, time: 0.018159776000175043
L: 0.50, u_super: 0.00484, sec: 265.598, prod: 0.109150, t_ads: 40.2, t_des: 36.7, bed_util_ads: 0.497, bed_util_des: 0.497, des_th: 0.4966381478902745,frac_lost: 0.104, li_recovered:  8.387, time: 0.02049206000083359
L: 38.26, u_super: 0.00500 — INFEASIBLE (li_recovered=0.000e+00), time: 0.0028561919989442686
L: 15.47, u_super: 0.00272 — INFEASIBLE (li_recovered=0.000e+00), time: 0.003547066000464838
L: 0.50, u_super: 0.00190, sec: 109.087, prod: 0.039221, t_ads: 101.6, t_des: 114.2, bed_util_ads: 0.465, bed_util_des: 0.463, des_th: 0.46287490284504335,frac_lost: 0.105, li_recovered:  8.465, time: 0.01951405500039982
L: 0.50, u_super: 0.00321, sec: 173.956, prod: 0.071712, t_ads: 60.1, t_des: 52.9, bed_util_ads: 0.500, bed_util_des: 0.499, des_th: 0.4994961385558527,frac_lost: 0.102, li_recovered:  8.099, time: 0.018563654000899987
L: 0.50, u_super: 0.00425, sec: 232.269, prod: 0.095692, t_ads: 45.7, t_des: 41.3, bed_util_ads: 0.498, bed_util_des: 0.498, des_th: 0.49776277870881896,frac_lost: 0.106, li_recovered:  8.330, time: 0.014192918000844656
L: 0.50, u_super: 0.00492, sec: 270.470, prod: 0.111073, t_ads: 39.5, t_des: 36.1, bed_util_ads: 0.497, bed_util_des: 0.497, des_th: 0.49667506558720714,frac_lost: 0.104, li_recovered:  8.399, time: 0.013015219999942929
L: 0.50, u_super: 0.00885, sec: 510.055, prod: 0.200170, t_ads: 22.2, t_des: 20.0, bed_util_ads: 0.499, bed_util_des: 0.499, des_th: 0.4991891415108846,frac_lost: 0.108, li_recovered:  8.443, time: 0.010542482999881031
L: 0.50, u_super: 0.00125, sec: 433.055, prod: 0.004219, t_ads: 158.4, t_des: 1927.1, bed_util_ads: 0.204, bed_util_des: 0.185, des_th: 0.1851696623157332,frac_lost: 0.104, li_recovered:  8.799, time: 0.07890165099888691
L: 0.50, u_super: 0.00388, sec: 211.481, prod: 0.086935, t_ads: 50.0, t_des: 47.5, bed_util_ads: 0.491, bed_util_des: 0.491, des_th: 0.4908667543000459,frac_lost: 0.103, li_recovered:  8.477, time: 0.014900660999046522
L: 13.84, u_super: 0.00526 — INFEASIBLE (li_recovered=0.000e+00), time: 0.004027364999274141
L: 0.50, u_super: 0.00146, sec: 81.202, prod: 0.031060, t_ads: 131.2, t_des: 137.4, bed_util_ads: 0.471, bed_util_des: 0.470, des_th: 0.46975068237266243,frac_lost: 0.106, li_recovered:  8.343, time: 0.014837314000033075
L: 0.50, u_super: 0.00094, sec: 52.345, prod: 0.019999, t_ads: 198.7, t_des: 173.3, bed_util_ads: 0.488, bed_util_des: 0.488, des_th: 0.4876249579012545,frac_lost: 0.104, li_recovered:  7.440, time: 0.011163831999510876
L: 0.50, u_super: 0.00990, sec: 576.802, prod: 0.224503, t_ads: 19.7, t_des: 17.8, bed_util_ads: 0.500, bed_util_des: 0.499, des_th: 0.49948213248967277,frac_lost: 0.104, li_recovered:  8.413, time: 0.013715159000639687
L: 0.50, u_super: 0.00685, sec: 385.556, prod: 0.154843, t_ads: 28.5, t_des: 25.6, bed_util_ads: 0.499, bed_util_des: 0.499, des_th: 0.4993141992255334,frac_lost: 0.107, li_recovered:  8.387, time: 0.011620440000115195
L: 0.50, u_super: 0.00640, sec: 357.961, prod: 0.144390, t_ads: 30.3, t_des: 28.8, bed_util_ads: 0.493, bed_util_des: 0.493, des_th: 0.4928523611433228,frac_lost: 0.101, li_recovered:  8.538, time: 0.012662556999202934
L: 0.50, u_super: 0.00465, sec: 255.481, prod: 0.104544, t_ads: 41.9, t_des: 37.3, bed_util_ads: 0.500, bed_util_des: 0.500, des_th: 0.49984211335685846,frac_lost: 0.107, li_recovered:  8.278, time: 0.014411215001018718
L: 7.53, u_super: 0.00774 — INFEASIBLE (li_recovered=0.000e+00), time: 0.008073760000115726
L: 0.50, u_super: 0.00990, sec: 607.315, prod: 0.213227, t_ads: 19.7, t_des: 21.2, bed_util_ads: 0.478, bed_util_des: 0.478, des_th: 0.4777922774530762,frac_lost: 0.103, li_recovered:  8.708, time: 0.017943594999451307
L: 0.50, u_super: 0.00367, sec: 199.576, prod: 0.082259, t_ads: 52.9, t_des: 49.6, bed_util_ads: 0.493, bed_util_des: 0.492, des_th: 0.4923315896868831,frac_lost: 0.106, li_recovered:  8.437, time: 0.015063554999869666
L: 4.19, u_super: 0.00544 — INFEASIBLE (li_recovered=0.000e+00), time: 0.008499678000589483
L: 0.50, u_super: 0.00949, sec: 564.760, prod: 0.209669, t_ads: 20.5, t_des: 20.9, bed_util_ads: 0.485, bed_util_des: 0.484, des_th: 0.48441889650536246,frac_lost: 0.103, li_recovered:  8.685, time: 0.01796632199875603
L: 0.50, u_super: 0.00591, sec: 340.540, prod: 0.128952, t_ads: 32.9, t_des: 34.3, bed_util_ads: 0.481, bed_util_des: 0.481, des_th: 0.4806636594740958,frac_lost: 0.103, li_recovered:  8.657, time: 0.01968298700012383
L: 0.50, u_super: 0.00043, sec: 24.967, prod: 0.008571, t_ads: 414.1, t_des: 414.4, bed_util_ads: 0.451, bed_util_des: 0.447, des_th: 0.44764114791331255,frac_lost: 0.100, li_recovered:  7.101, time: 0.017403194000507938
L: 0.50, u_super: 0.00634, sec: 355.714, prod: 0.142626, t_ads: 30.7, t_des: 29.4, bed_util_ads: 0.491, bed_util_des: 0.491, des_th: 0.4910704829783837,frac_lost: 0.103, li_recovered:  8.564, time: 0.016827879999254947
L: 0.50, u_super: 0.00688, sec: 387.552, prod: 0.155174, t_ads: 28.4, t_des: 26.4, bed_util_ads: 0.496, bed_util_des: 0.496, des_th: 0.49605424001409615,frac_lost: 0.107, li_recovered:  8.511, time: 0.01664853300098912
L: 0.50, u_super: 0.00793, sec: 452.622, prod: 0.178831, t_ads: 24.8, t_des: 22.9, bed_util_ads: 0.497, bed_util_des: 0.497, des_th: 0.49698610965936757,frac_lost: 0.109, li_recovered:  8.525, time: 0.02449117900141573
L: 0.50, u_super: 0.00129, sec: 82.410, prod: 0.023976, t_ads: 147.6, t_des: 201.9, bed_util_ads: 0.436, bed_util_des: 0.432, des_th: 0.43216354343492186,frac_lost: 0.102, li_recovered:  8.379, time: 0.019711583998287097
L: 12.99, u_super: 0.00247 — INFEASIBLE (li_recovered=0.000e+00), time: 0.003767098000025726
L: 0.50, u_super: 0.00500, sec: 274.401, prod: 0.112810, t_ads: 38.8, t_des: 35.6, bed_util_ads: 0.497, bed_util_des: 0.497, des_th: 0.49667718800666766,frac_lost: 0.102, li_recovered:  8.398, time: 0.01703537600042182
L: 0.50, u_super: 0.00484, sec: 266.565, prod: 0.108911, t_ads: 40.1, t_des: 38.0, bed_util_ads: 0.492, bed_util_des: 0.491, des_th: 0.49135224138445954,frac_lost: 0.103, li_recovered:  8.506, time: 0.01859088499986683
L: 0.50, u_super: 0.00060, sec: 34.706, prod: 0.012305, t_ads: 301.7, t_des: 266.0, bed_util_ads: 0.477, bed_util_des: 0.476, des_th: 0.47576148472903707,frac_lost: 0.103, li_recovered:  6.986, time: 0.019526935000612866
L: 0.50, u_super: 0.00006 — INFEASIBLE (li_recovered=0.000e+00), time: 0.0026346120012021856
L: 0.50, u_super: 0.00236, sec: 127.496, prod: 0.052066, t_ads: 81.8, t_des: 79.8, bed_util_ads: 0.484, bed_util_des: 0.483, des_th: 0.48341551861417575,frac_lost: 0.104, li_recovered:  8.412, time: 0.014693994000481325
L: 0.50, u_super: 0.00795, sec: 453.899, prod: 0.179564, t_ads: 24.6, t_des: 22.8, bed_util_ads: 0.496, bed_util_des: 0.496, des_th: 0.49592649361198415,frac_lost: 0.108, li_recovered:  8.520, time: 0.015152997000768664
   936 |    37440 |     40 |  0.0024324903 |             f
L: 0.50, u_super: 0.00295, sec: 172.092, prod: 0.061052, t_ads: 65.9, t_des: 74.6, bed_util_ads: 0.468, bed_util_des: 0.467, des_th: 0.466767764718164,frac_lost: 0.108, li_recovered:  8.581, time: 0.024624633000712493
L: 0.50, u_super: 0.00160, sec: 88.090, prod: 0.034589, t_ads: 119.2, t_des: 100.4, bed_util_ads: 0.500, bed_util_des: 0.500, des_th: 0.4997863747154267,frac_lost: 0.105, li_recovered:  7.595, time: 0.015745327998956782
L: 28.55, u_super: 0.00629 — INFEASIBLE (li_recovered=0.000e+00), time: 0.003471819998594583
L: 0.50, u_super: 0.00005, sec: 4.346, prod: 0.000666, t_ads: 3317.6, t_des: 5434.2, bed_util_ads: 0.254, bed_util_des: 0.192, des_th: 0.19296612709081293,frac_lost: 0.101, li_recovered:  5.830, time: 0.016618972000287613
L: 0.50, u_super: 0.00559, sec: 309.234, prod: 0.126152, t_ads: 34.8, t_des: 31.1, bed_util_ads: 0.500, bed_util_des: 0.500, des_th: 0.4997865612430489,frac_lost: 0.103, li_recovered:  8.309, time: 0.015596126999298576
L: 0.50, u_super: 0.00190, sec: 106.454, prod: 0.040231, t_ads: 101.7, t_des: 108.4, bed_util_ads: 0.471, bed_util_des: 0.470, des_th: 0.46978030052998343,frac_lost: 0.106, li_recovered:  8.450, time: 0.01983146500060684
L: 0.50, u_super: 0.00181, sec: 98.819, prod: 0.039544, t_ads: 105.3, t_des: 90.1, bed_util_ads: 0.499, bed_util_des: 0.499, des_th: 0.4987064855369234,frac_lost: 0.102, li_recovered:  7.724, time: 0.014922233998731826
L: 0.50, u_super: 0.00043, sec: 24.967, prod: 0.008571, t_ads: 414.1, t_des: 414.4, bed_util_ads: 0.451, bed_util_des: 0.447, des_th: 0.44764114791331255,frac_lost: 0.100, li_recovered:  7.101, time: 0.018146852000427316
L: 0.50, u_super: 0.00236, sec: 127.496, prod: 0.052066, t_ads: 81.8, t_des: 79.8, bed_util_ads: 0.484, bed_util_des: 0.483, des_th: 0.48341551861417575,frac_lost: 0.104, li_recovered:  8.412, time: 0.01700162400084082
L: 9.09, u_super: 0.00899 — INFEASIBLE (li_recovered=0.000e+00), time: 0.007993606999662006
L: 0.50, u_super: 0.00967, sec: 561.424, prod: 0.219228, t_ads: 20.2, t_des: 18.3, bed_util_ads: 0.500, bed_util_des: 0.499, des_th: 0.49941800771673645,frac_lost: 0.104, li_recovered:  8.440, time: 0.018974763001097017
L: 0.50, u_super: 0.00598, sec: 332.751, prod: 0.135162, t_ads: 32.5, t_des: 29.0, bed_util_ads: 0.500, bed_util_des: 0.500, des_th: 0.49980482145636446,frac_lost: 0.103, li_recovered:  8.312, time: 0.020760335000886698
L: 0.50, u_super: 0.00640, sec: 356.663, prod: 0.144915, t_ads: 30.3, t_des: 27.5, bed_util_ads: 0.498, bed_util_des: 0.498, des_th: 0.49809211362484984,frac_lost: 0.100, li_recovered:  8.375, time: 0.021118197999385302
L: 0.50, u_super: 0.00607, sec: 340.909, prod: 0.135802, t_ads: 32.0, t_des: 31.3, bed_util_ads: 0.488, bed_util_des: 0.488, des_th: 0.4881167270041463,frac_lost: 0.102, li_recovered:  8.596, time: 0.014726555000379449
L: 0.50, u_super: 0.00009 — INFEASIBLE (li_recovered=0.000e+00), time: 0.003220784001314314
L: 0.50, u_super: 0.00443, sec: 242.381, prod: 0.099573, t_ads: 43.9, t_des: 41.1, bed_util_ads: 0.493, bed_util_des: 0.492, des_th: 0.49245585111772955,frac_lost: 0.104, li_recovered:  8.461, time: 0.015630327001417754
L: 73.17, u_super: 0.00544 — INFEASIBLE (li_recovered=0.000e+00), time: 0.0021744130008301
L: 0.50, u_super: 0.00208, sec: 113.259, prod: 0.045659, t_ads: 92.8, t_des: 79.6, bed_util_ads: 0.500, bed_util_des: 0.500, des_th: 0.49968221058359685,frac_lost: 0.109, li_recovered:  7.873, time: 0.010937181001281715
L: 0.50, u_super: 0.00730, sec: 420.785, prod: 0.162095, t_ads: 26.8, t_des: 26.6, bed_util_ads: 0.487, bed_util_des: 0.487, des_th: 0.48688062014282396,frac_lost: 0.107, li_recovered:  8.651, time: 0.02371384400066745
L: 0.50, u_super: 0.00562, sec: 311.270, prod: 0.127040, t_ads: 34.5, t_des: 30.9, bed_util_ads: 0.500, bed_util_des: 0.500, des_th: 0.49984211335685846,frac_lost: 0.102, li_recovered:  8.313, time: 0.02230394499929389
L: 11.79, u_super: 0.00990 — INFEASIBLE (li_recovered=0.000e+00), time: 0.006171778999487287
L: 0.50, u_super: 0.00526, sec: 289.935, prod: 0.118527, t_ads: 37.0, t_des: 33.1, bed_util_ads: 0.500, bed_util_des: 0.500, des_th: 0.4998340802935751,frac_lost: 0.104, li_recovered:  8.313, time: 0.014775952000491088
L: 0.50, u_super: 0.00847, sec: 484.313, prod: 0.192303, t_ads: 22.9, t_des: 20.7, bed_util_ads: 0.499, bed_util_des: 0.499, des_th: 0.4991755567666653,frac_lost: 0.100, li_recovered:  8.378, time: 0.015676383000027272
L: 0.50, u_super: 0.00854, sec: 490.322, prod: 0.193317, t_ads: 22.9, t_des: 21.0, bed_util_ads: 0.497, bed_util_des: 0.497, des_th: 0.49698610965936757,frac_lost: 0.106, li_recovered:  8.490, time: 0.018167107000408578
L: 0.50, u_super: 0.00944, sec: 572.053, prod: 0.204409, t_ads: 20.7, t_des: 21.9, bed_util_ads: 0.480, bed_util_des: 0.480, des_th: 0.47962801220300716,frac_lost: 0.104, li_recovered:  8.704, time: 0.017087672000343446
L: 0.50, u_super: 0.00544, sec: 300.339, prod: 0.122888, t_ads: 35.6, t_des: 31.9, bed_util_ads: 0.500, bed_util_des: 0.500, des_th: 0.4995868121964753,frac_lost: 0.101, li_recovered:  8.298, time: 0.016970014999969862
L: 0.50, u_super: 0.00307, sec: 166.222, prod: 0.068502, t_ads: 62.9, t_des: 55.3, bed_util_ads: 0.499, bed_util_des: 0.499, des_th: 0.4991891415108846,frac_lost: 0.102, li_recovered:  8.094, time: 0.023953173998961574
L: 0.50, u_super: 0.00395, sec: 215.333, prod: 0.088434, t_ads: 49.2, t_des: 43.4, bed_util_ads: 0.500, bed_util_des: 0.500, des_th: 0.49984211335685846,frac_lost: 0.105, li_recovered:  8.192, time: 0.0260825780005689
L: 0.50, u_super: 0.00685, sec: 385.858, prod: 0.154722, t_ads: 28.6, t_des: 25.6, bed_util_ads: 0.499, bed_util_des: 0.499, des_th: 0.499295750984793,frac_lost: 0.108, li_recovered:  8.382, time: 0.02330249100123183
L: 0.50, u_super: 0.00199, sec: 106.747, prod: 0.044167, t_ads: 96.1, t_des: 90.6, bed_util_ads: 0.488, bed_util_des: 0.487, des_th: 0.48706398338779355,frac_lost: 0.101, li_recovered:  8.248, time: 0.018028422000497812
L: 0.50, u_super: 0.00691, sec: 388.082, prod: 0.156441, t_ads: 28.1, t_des: 25.2, bed_util_ads: 0.499, bed_util_des: 0.499, des_th: 0.49918753282476586,frac_lost: 0.101, li_recovered:  8.333, time: 0.01549321200036502
L: 60.05, u_super: 0.00427, sec: 63968.962, prod: 0.042079, t_ads: 3221.0, t_des: 3982.2, bed_util_ads: 0.228, bed_util_des: 0.202, des_th: 0.20257484385694408,frac_lost: 0.100, li_recovered:  303.102, time: 0.01077474399971834
L: 0.50, u_super: 0.00388, sec: 211.845, prod: 0.086786, t_ads: 50.2, t_des: 47.5, bed_util_ads: 0.491, bed_util_des: 0.491, des_th: 0.49087496376222023,frac_lost: 0.107, li_recovered:  8.480, time: 0.022504328999275458
L: 0.50, u_super: 0.00292, sec: 156.976, prod: 0.065291, t_ads: 66.1, t_des: 61.6, bed_util_ads: 0.492, bed_util_des: 0.492, des_th: 0.4916262810762057,frac_lost: 0.102, li_recovered:  8.339, time: 0.02241493099973013
L: 0.50, u_super: 0.00083, sec: 46.808, prod: 0.017376, t_ads: 225.0, t_des: 236.5, bed_util_ads: 0.462, bed_util_des: 0.459, des_th: 0.4595410667555029,frac_lost: 0.103, li_recovered:  8.020, time: 0.01631246200122405
L: 0.50, u_super: 0.00712, sec: 400.673, prod: 0.161392, t_ads: 27.3, t_des: 24.6, bed_util_ads: 0.500, bed_util_des: 0.500, des_th: 0.49957348900255916,frac_lost: 0.101, li_recovered:  8.374, time: 0.016721406998840393
L: 11.36, u_super: 0.00693 — INFEASIBLE (li_recovered=0.000e+00), time: 0.0063638699994044146
L: 8.94, u_super: 0.00544 — INFEASIBLE (li_recovered=0.000e+00), time: 0.0040804649997880915
L: 0.50, u_super: 0.00450, sec: 246.328, prod: 0.101097, t_ads: 43.3, t_des: 38.6, bed_util_ads: 0.500, bed_util_des: 0.500, des_th: 0.49984211335685846,frac_lost: 0.106, li_recovered:  8.274, time: 0.01559365699904447
L: 0.50, u_super: 0.00006, sec: 4.822, prod: 0.000752, t_ads: 3160.8, t_des: 5661.2, bed_util_ads: 0.256, bed_util_des: 0.185, des_th: 0.1851696623157332,frac_lost: 0.103, li_recovered:  6.636, time: 0.020827522001127363
   937 |    37480 |     40 |  0.0043282869 |             f
L: 0.50, u_super: 0.00009, sec: 8.269, prod: 0.001033, t_ads: 2203.9, t_des: 5296.5, bed_util_ads: 0.258, bed_util_des: 0.182, des_th: 0.18243238795471967,frac_lost: 0.101, li_recovered:  7.746, time: 0.02083357999981672
L: 0.50, u_super: 0.00346, sec: 187.851, prod: 0.077413, t_ads: 56.2, t_des: 52.6, bed_util_ads: 0.492, bed_util_des: 0.492, des_th: 0.49164069536537236,frac_lost: 0.107, li_recovered:  8.423, time: 0.014964942998631159
L: 0.50, u_super: 0.00944, sec: 556.471, prod: 0.210133, t_ads: 20.7, t_des: 20.6, bed_util_ads: 0.488, bed_util_des: 0.488, des_th: 0.4876183754682532,frac_lost: 0.104, li_recovered:  8.666, time: 0.014027634999365546
L: 0.50, u_super: 0.00005, sec: 4.324, prod: 0.000669, t_ads: 3431.3, t_des: 5857.7, bed_util_ads: 0.252, bed_util_des: 0.185, des_th: 0.1851696623157332,frac_lost: 0.102, li_recovered:  6.219, time: 0.01543786499860289
L: 0.50, u_super: 0.00767, sec: 435.296, prod: 0.173419, t_ads: 25.5, t_des: 23.1, bed_util_ads: 0.498, bed_util_des: 0.498, des_th: 0.4983293774265055,frac_lost: 0.107, li_recovered:  8.435, time: 0.013976827000078629
L: 0.50, u_super: 0.00279, sec: 151.039, prod: 0.061802, t_ads: 69.1, t_des: 60.0, bed_util_ads: 0.500, bed_util_des: 0.500, des_th: 0.4998156283149335,frac_lost: 0.101, li_recovered:  7.976, time: 0.014215051000064705
L: 9.87, u_super: 0.00987 — INFEASIBLE (li_recovered=0.000e+00), time: 0.011692529000356444
L: 0.50, u_super: 0.00083 — INFEASIBLE (li_recovered=0.000e+00), time: 0.013639491000503767
L: 0.50, u_super: 0.00391, sec: 213.733, prod: 0.087368, t_ads: 49.7, t_des: 47.6, bed_util_ads: 0.490, bed_util_des: 0.490, des_th: 0.48994104655456383,frac_lost: 0.106, li_recovered:  8.501, time: 0.018410234999464592
L: 0.50, u_super: 0.00855, sec: 490.429, prod: 0.193546, t_ads: 22.9, t_des: 20.9, bed_util_ads: 0.497, bed_util_des: 0.497, des_th: 0.49698610965936757,frac_lost: 0.106, li_recovered:  8.480, time: 0.01625086000058218
L: 0.50, u_super: 0.00743, sec: 421.481, prod: 0.167478, t_ads: 26.1, t_des: 25.0, bed_util_ads: 0.491, bed_util_des: 0.491, des_th: 0.49114603047424793,frac_lost: 0.101, li_recovered:  8.574, time: 0.015151559999139863
L: 0.50, u_super: 0.00990, sec: 576.847, prod: 0.224485, t_ads: 19.7, t_des: 17.9, bed_util_ads: 0.500, bed_util_des: 0.500, des_th: 0.49996689617994244,frac_lost: 0.105, li_recovered:  8.456, time: 0.010179192000578041
L: 0.50, u_super: 0.00272, sec: 146.521, prod: 0.060615, t_ads: 70.9, t_des: 63.2, bed_util_ads: 0.496, bed_util_des: 0.496, des_th: 0.49614736510326135,frac_lost: 0.103, li_recovered:  8.131, time: 0.008945265999500407
L: 15.04, u_super: 0.00607 — INFEASIBLE (li_recovered=0.000e+00), time: 0.005659582999214763
L: 8.74, u_super: 0.00578 — INFEASIBLE (li_recovered=0.000e+00), time: 0.004299764999814215
L: 0.50, u_super: 0.00129, sec: 78.457, prod: 0.025185, t_ads: 147.8, t_des: 184.0, bed_util_ads: 0.448, bed_util_des: 0.445, des_th: 0.44480846864865714,frac_lost: 0.104, li_recovered:  8.357, time: 0.011726466000254732
L: 0.50, u_super: 0.00388, sec: 211.033, prod: 0.087120, t_ads: 50.1, t_des: 45.4, bed_util_ads: 0.497, bed_util_des: 0.497, des_th: 0.4970085810621129,frac_lost: 0.106, li_recovered:  8.322, time: 0.007998836999831838
L: 0.50, u_super: 0.00947, sec: 549.504, prod: 0.214590, t_ads: 20.7, t_des: 18.7, bed_util_ads: 0.499, bed_util_des: 0.499, des_th: 0.4991832510552846,frac_lost: 0.106, li_recovered:  8.454, time: 0.010993271000188543
L: 14.85, u_super: 0.00526 — INFEASIBLE (li_recovered=0.000e+00), time: 0.0059371429997554515
L: 46.04, u_super: 0.00428 — INFEASIBLE (li_recovered=0.000e+00), time: 0.002030024999839952
L: 12.38, u_super: 0.00499 — INFEASIBLE (li_recovered=0.000e+00), time: 0.006110341999374214
L: 0.50, u_super: 0.00877, sec: 504.814, prod: 0.198680, t_ads: 22.3, t_des: 20.2, bed_util_ads: 0.499, bed_util_des: 0.499, des_th: 0.4993141992255334,frac_lost: 0.106, li_recovered:  8.448, time: 0.013625411000248278
L: 0.50, u_super: 0.00658, sec: 368.104, prod: 0.148931, t_ads: 29.5, t_des: 26.3, bed_util_ads: 0.500, bed_util_des: 0.500, des_th: 0.49984211335685846,frac_lost: 0.100, li_recovered:  8.309, time: 0.010894400000324822
L: 0.50, u_super: 0.00598, sec: 333.444, prod: 0.134881, t_ads: 32.7, t_des: 29.4, bed_util_ads: 0.500, bed_util_des: 0.500, des_th: 0.49967820010109426,frac_lost: 0.109, li_recovered:  8.380, time: 0.016262514000118244
L: 61.75, u_super: 0.00709 — INFEASIBLE (li_recovered=0.000e+00), time: 0.002551395000409684
L: 0.50, u_super: 0.00931, sec: 612.535, prod: 0.185642, t_ads: 20.9, t_des: 26.0, bed_util_ads: 0.460, bed_util_des: 0.459, des_th: 0.45937715589880224,frac_lost: 0.103, li_recovered:  8.714, time: 0.015177473000221653
L: 0.50, u_super: 0.00604, sec: 335.567, prod: 0.136572, t_ads: 32.2, t_des: 29.1, bed_util_ads: 0.498, bed_util_des: 0.498, des_th: 0.4981746780416765,frac_lost: 0.102, li_recovered:  8.374, time: 0.013663848001669976
L: 0.50, u_super: 0.00795, sec: 451.820, prod: 0.180390, t_ads: 24.4, t_des: 22.6, bed_util_ads: 0.496, bed_util_des: 0.496, des_th: 0.49605424001409615,frac_lost: 0.101, li_recovered:  8.478, time: 0.013660774000527454
L: 0.50, u_super: 0.00738, sec: 416.415, prod: 0.167158, t_ads: 26.4, t_des: 23.8, bed_util_ads: 0.499, bed_util_des: 0.499, des_th: 0.49892534513633413,frac_lost: 0.102, li_recovered:  8.389, time: 0.013451599999825703
L: 10.84, u_super: 0.00640 — INFEASIBLE (li_recovered=0.000e+00), time: 0.009084676999918884
L: 7.76, u_super: 0.00795 — INFEASIBLE (li_recovered=0.000e+00), time: 0.008160797000527964
L: 0.50, u_super: 0.00005, sec: 4.324, prod: 0.000669, t_ads: 3443.9, t_des: 5867.7, bed_util_ads: 0.253, bed_util_des: 0.185, des_th: 0.1851696623157332,frac_lost: 0.103, li_recovered:  6.233, time: 0.01626575100090122
L: 0.50, u_super: 0.00131, sec: 72.338, prod: 0.027941, t_ads: 145.8, t_des: 150.5, bed_util_ads: 0.472, bed_util_des: 0.470, des_th: 0.47035266831655764,frac_lost: 0.105, li_recovered:  8.278, time: 0.017899903999932576
L: 0.50, u_super: 0.00386, sec: 211.047, prod: 0.086322, t_ads: 50.2, t_des: 48.3, bed_util_ads: 0.489, bed_util_des: 0.488, des_th: 0.48824636427723994,frac_lost: 0.103, li_recovered:  8.504, time: 0.015472520000912482
L: 0.50, u_super: 0.00321, sec: 173.921, prod: 0.071726, t_ads: 60.1, t_des: 52.9, bed_util_ads: 0.499, bed_util_des: 0.499, des_th: 0.49920583598411655,frac_lost: 0.101, li_recovered:  8.101, time: 0.014544642999680946
L: 86.29, u_super: 0.00484 — INFEASIBLE (li_recovered=0.000e+00), time: 0.0034465469998394838
L: 0.50, u_super: 0.00598, sec: 332.479, prod: 0.135273, t_ads: 32.4, t_des: 29.0, bed_util_ads: 0.500, bed_util_des: 0.500, des_th: 0.4997863747154267,frac_lost: 0.101, li_recovered:  8.314, time: 0.016197565999391372
L: 0.50, u_super: 0.00388, sec: 211.458, prod: 0.086945, t_ads: 50.1, t_des: 44.4, bed_util_ads: 0.499, bed_util_des: 0.499, des_th: 0.498798780239927,frac_lost: 0.106, li_recovered:  8.220, time: 0.012833561999286758
L: 0.50, u_super: 0.00044, sec: 100.165, prod: 0.002247, t_ads: 450.5, t_des: 3456.3, bed_util_ads: 0.227, bed_util_des: 0.185, des_th: 0.1851696623157332,frac_lost: 0.102, li_recovered:  8.777, time: 0.059900012998696184
L: 0.50, u_super: 0.00990, sec: 581.722, prod: 0.222604, t_ads: 19.7, t_des: 19.0, bed_util_ads: 0.492, bed_util_des: 0.491, des_th: 0.49147061709684425,frac_lost: 0.105, li_recovered:  8.627, time: 0.009794806999707362
   938 |    37520 |     40 |  0.0016679831 |             f
L: 0.50, u_super: 0.00918, sec: 530.959, prod: 0.207929, t_ads: 21.3, t_des: 19.3, bed_util_ads: 0.499, bed_util_des: 0.499, des_th: 0.4991832510552846,frac_lost: 0.107, li_recovered:  8.451, time: 0.01515146299971093
L: 0.50, u_super: 0.00097, sec: 53.421, prod: 0.020642, t_ads: 193.9, t_des: 171.1, bed_util_ads: 0.488, bed_util_des: 0.487, des_th: 0.487063131559061,frac_lost: 0.104, li_recovered:  7.534, time: 0.011393576000045869
L: 0.50, u_super: 0.00526, sec: 289.935, prod: 0.118527, t_ads: 37.0, t_des: 33.1, bed_util_ads: 0.500, bed_util_des: 0.500, des_th: 0.4998340802935751,frac_lost: 0.104, li_recovered:  8.313, time: 0.010580939999272232
L: 47.01, u_super: 0.00007 — INFEASIBLE (li_recovered=0.000e+00), time: 0.00128918500013242
L: 0.50, u_super: 0.00404, sec: 251.029, prod: 0.079670, t_ads: 48.1, t_des: 60.4, bed_util_ads: 0.456, bed_util_des: 0.455, des_th: 0.45476302120750034,frac_lost: 0.104, li_recovered:  8.638, time: 0.010838666999916313
L: 0.50, u_super: 0.00480, sec: 263.649, prod: 0.107975, t_ads: 40.6, t_des: 36.1, bed_util_ads: 0.500, bed_util_des: 0.500, des_th: 0.49984211335685846,frac_lost: 0.105, li_recovered:  8.283, time: 0.018696036000619642
L: 34.01, u_super: 0.00153 — INFEASIBLE (li_recovered=0.000e+00), time: 0.0017629849990044022
L: 0.50, u_super: 0.00388, sec: 211.305, prod: 0.087007, t_ads: 50.2, t_des: 44.8, bed_util_ads: 0.499, bed_util_des: 0.499, des_th: 0.4991994153461529,frac_lost: 0.107, li_recovered:  8.266, time: 0.01339867100068659
L: 4.18, u_super: 0.00011 — INFEASIBLE (li_recovered=0.000e+00), time: 0.00147383399962564
L: 0.50, u_super: 0.00433, sec: 246.710, prod: 0.093490, t_ads: 44.9, t_des: 47.4, bed_util_ads: 0.479, bed_util_des: 0.478, des_th: 0.47814046172303853,frac_lost: 0.105, li_recovered:  8.626, time: 0.013931200999650173
L: 0.50, u_super: 0.00321, sec: 174.195, prod: 0.071613, t_ads: 60.6, t_des: 57.3, bed_util_ads: 0.490, bed_util_des: 0.490, des_th: 0.4898628951612911,frac_lost: 0.107, li_recovered:  8.440, time: 0.015814787000635988
L: 0.50, u_super: 0.00518, sec: 285.404, prod: 0.116756, t_ads: 37.5, t_des: 33.6, bed_util_ads: 0.499, bed_util_des: 0.499, des_th: 0.4992208307533433,frac_lost: 0.104, li_recovered:  8.305, time: 0.011352441000781255
L: 0.50, u_super: 0.00420, sec: 229.551, prod: 0.094300, t_ads: 46.4, t_des: 41.3, bed_util_ads: 0.500, bed_util_des: 0.500, des_th: 0.49978627904924794,frac_lost: 0.107, li_recovered:  8.270, time: 0.008730889998332714
L: 44.53, u_super: 0.00063 — INFEASIBLE (li_recovered=0.000e+00), time: 0.0008831060004013125
L: 0.50, u_super: 0.00060, sec: 34.859, prod: 0.012087, t_ads: 302.7, t_des: 260.9, bed_util_ads: 0.479, bed_util_des: 0.478, des_th: 0.47814046172303853,frac_lost: 0.102, li_recovered:  6.813, time: 0.007773469000312616
L: 0.50, u_super: 0.00388, sec: 225.876, prod: 0.081395, t_ads: 50.1, t_des: 55.8, bed_util_ads: 0.470, bed_util_des: 0.470, des_th: 0.46959352819602085,frac_lost: 0.105, li_recovered:  8.622, time: 0.010252136000417522
L: 0.50, u_super: 0.00947, sec: 620.295, prod: 0.190100, t_ads: 20.6, t_des: 25.3, bed_util_ads: 0.461, bed_util_des: 0.460, des_th: 0.46036549625091994,frac_lost: 0.102, li_recovered:  8.714, time: 0.012440927999705309
L: 0.50, u_super: 0.00658, sec: 374.676, prod: 0.146319, t_ads: 29.8, t_des: 29.2, bed_util_ads: 0.488, bed_util_des: 0.488, des_th: 0.4878929797352223,frac_lost: 0.108, li_recovered:  8.631, time: 0.016697303000910324
L: 0.50, u_super: 0.00327, sec: 176.543, prod: 0.073404, t_ads: 59.0, t_des: 55.0, bed_util_ads: 0.492, bed_util_des: 0.492, des_th: 0.4916262810762057,frac_lost: 0.101, li_recovered:  8.367, time: 0.012414362998242723
L: 0.50, u_super: 0.00134 — INFEASIBLE (li_recovered=0.000e+00), time: 0.008707724999112543
L: 76.41, u_super: 0.00513 — INFEASIBLE (li_recovered=0.000e+00), time: 0.0016530140001123073
L: 0.50, u_super: 0.00683, sec: 383.397, prod: 0.154607, t_ads: 28.4, t_des: 25.5, bed_util_ads: 0.500, bed_util_des: 0.500, des_th: 0.4996783437491422,frac_lost: 0.102, li_recovered:  8.332, time: 0.012077526000211947
L: 0.50, u_super: 0.00297, sec: 161.539, prod: 0.065715, t_ads: 64.9, t_des: 64.2, bed_util_ads: 0.484, bed_util_des: 0.483, des_th: 0.48341551861417575,frac_lost: 0.101, li_recovered:  8.489, time: 0.017517934000352398
L: 0.50, u_super: 0.00885, sec: 509.516, prod: 0.200381, t_ads: 22.1, t_des: 20.0, bed_util_ads: 0.500, bed_util_des: 0.500, des_th: 0.49989989205895763,frac_lost: 0.106, li_recovered:  8.446, time: 0.014719673001309275
L: 0.50, u_super: 0.00175, sec: 95.702, prod: 0.037778, t_ads: 109.4, t_des: 92.2, bed_util_ads: 0.500, bed_util_des: 0.500, des_th: 0.4998593312447524,frac_lost: 0.103, li_recovered:  7.615, time: 0.014877835999868694
L: 0.50, u_super: 0.00083, sec: 46.808, prod: 0.017376, t_ads: 225.0, t_des: 236.5, bed_util_ads: 0.462, bed_util_des: 0.459, des_th: 0.4595410667555029,frac_lost: 0.103, li_recovered:  8.020, time: 0.019232856999224168
L: 31.64, u_super: 0.00949 — INFEASIBLE (li_recovered=0.000e+00), time: 0.0041521390012349
L: 0.50, u_super: 0.00607, sec: 337.306, prod: 0.137252, t_ads: 32.0, t_des: 29.3, bed_util_ads: 0.497, bed_util_des: 0.497, des_th: 0.4970011087102597,frac_lost: 0.102, li_recovered:  8.418, time: 0.01509960899966245
L: 0.50, u_super: 0.00655, sec: 366.511, prod: 0.148208, t_ads: 29.6, t_des: 26.5, bed_util_ads: 0.500, bed_util_des: 0.500, des_th: 0.4999807986140796,frac_lost: 0.101, li_recovered:  8.312, time: 0.021870558000955498
L: 0.50, u_super: 0.00131, sec: 71.667, prod: 0.028374, t_ads: 144.5, t_des: 125.9, bed_util_ads: 0.493, bed_util_des: 0.492, des_th: 0.49245585111772955,frac_lost: 0.103, li_recovered:  7.675, time: 0.01998622199971578
L: 0.50, u_super: 0.00005, sec: 4.714, prod: 0.000614, t_ads: 2740.7, t_des: 3858.8, bed_util_ads: 0.255, bed_util_des: 0.219, des_th: 0.21898917773903195,frac_lost: 0.101, li_recovered:  4.053, time: 0.011950420999710332
L: 0.50, u_super: 0.00851, sec: 488.845, prod: 0.192398, t_ads: 23.0, t_des: 21.3, bed_util_ads: 0.497, bed_util_des: 0.497, des_th: 0.49660642812160605,frac_lost: 0.107, li_recovered:  8.523, time: 0.014676983000754262
L: 0.50, u_super: 0.00569, sec: 315.555, prod: 0.128476, t_ads: 34.1, t_des: 30.2, bed_util_ads: 0.500, bed_util_des: 0.500, des_th: 0.4998422090230373,frac_lost: 0.101, li_recovered:  8.259, time: 0.014476061000095797
L: 0.50, u_super: 0.00423, sec: 230.967, prod: 0.095081, t_ads: 45.9, t_des: 43.0, bed_util_ads: 0.493, bed_util_des: 0.492, des_th: 0.49245585111772955,frac_lost: 0.104, li_recovered:  8.454, time: 0.013804381998852477
L: 0.50, u_super: 0.00342, sec: 188.788, prod: 0.075223, t_ads: 56.8, t_des: 56.9, bed_util_ads: 0.484, bed_util_des: 0.483, des_th: 0.48341551861417575,frac_lost: 0.106, li_recovered:  8.554, time: 0.014669001000584103
L: 0.50, u_super: 0.00129, sec: 71.318, prod: 0.027422, t_ads: 147.2, t_des: 123.6, bed_util_ads: 0.497, bed_util_des: 0.497, des_th: 0.4971408628337295,frac_lost: 0.104, li_recovered:  7.426, time: 0.013047864000327536
L: 0.50, u_super: 0.00924, sec: 534.463, prod: 0.209293, t_ads: 21.2, t_des: 19.2, bed_util_ads: 0.500, bed_util_des: 0.500, des_th: 0.49969418869071225,frac_lost: 0.106, li_recovered:  8.446, time: 0.023067807000188623
L: 0.50, u_super: 0.00094 — INFEASIBLE (li_recovered=0.000e+00), time: 0.0070330149992514635
L: 14.31, u_super: 0.00346 — INFEASIBLE (li_recovered=0.000e+00), time: 0.005220597000516136
L: 0.50, u_super: 0.00521, sec: 286.958, prod: 0.117620, t_ads: 37.2, t_des: 34.6, bed_util_ads: 0.495, bed_util_des: 0.495, des_th: 0.4946779799815252,frac_lost: 0.102, li_recovered:  8.448, time: 0.015520941999056959
   939 |    37560 |     40 |  0.0056204867 |             f
L: 46.56, u_super: 0.00990 — INFEASIBLE (li_recovered=0.000e+00), time: 0.005660687000272446
L: 0.50, u_super: 0.00484, sec: 265.806, prod: 0.109064, t_ads: 40.2, t_des: 36.2, bed_util_ads: 0.498, bed_util_des: 0.498, des_th: 0.49780672400401826,frac_lost: 0.105, li_recovered:  8.337, time: 0.018573261000710772
L: 11.65, u_super: 0.00607 — INFEASIBLE (li_recovered=0.000e+00), time: 0.005665115000738297
L: 0.50, u_super: 0.00283, sec: 153.640, prod: 0.062794, t_ads: 68.2, t_des: 66.5, bed_util_ads: 0.485, bed_util_des: 0.485, des_th: 0.4846085104254149,frac_lost: 0.103, li_recovered:  8.461, time: 0.017279683999731787
L: 0.50, u_super: 0.00574, sec: 319.350, prod: 0.129094, t_ads: 33.8, t_des: 32.5, bed_util_ads: 0.491, bed_util_des: 0.491, des_th: 0.49099639323456656,frac_lost: 0.101, li_recovered:  8.551, time: 0.015336820999436895
L: 15.14, u_super: 0.00396 — INFEASIBLE (li_recovered=0.000e+00), time: 0.005906103999222978
L: 0.50, u_super: 0.00549, sec: 303.251, prod: 0.123923, t_ads: 35.3, t_des: 31.7, bed_util_ads: 0.500, bed_util_des: 0.500, des_th: 0.4995868121964753,frac_lost: 0.102, li_recovered:  8.305, time: 0.018779512000037357
L: 0.50, u_super: 0.00346, sec: 187.851, prod: 0.077413, t_ads: 56.2, t_des: 52.6, bed_util_ads: 0.492, bed_util_des: 0.492, des_th: 0.49164069536537236,frac_lost: 0.107, li_recovered:  8.423, time: 0.018506594000427867
L: 0.50, u_super: 0.00718, sec: 404.192, prod: 0.162852, t_ads: 27.0, t_des: 24.4, bed_util_ads: 0.498, bed_util_des: 0.498, des_th: 0.4982216479885644,frac_lost: 0.100, li_recovered:  8.373, time: 0.014315910999357584
L: 0.50, u_super: 0.00041, sec: 81.074, prod: 0.002396, t_ads: 483.9, t_des: 3158.3, bed_util_ads: 0.239, bed_util_des: 0.197, des_th: 0.19700613375740145,frac_lost: 0.103, li_recovered:  8.728, time: 0.06530332600050315
L: 0.50, u_super: 0.00198, sec: 140.437, prod: 0.033178, t_ads: 97.3, t_des: 160.2, bed_util_ads: 0.417, bed_util_des: 0.414, des_th: 0.41393795483995205,frac_lost: 0.100, li_recovered:  8.541, time: 0.015853896000407985
L: 9.52, u_super: 0.00465 — INFEASIBLE (li_recovered=0.000e+00), time: 0.005697586999303894
L: 0.50, u_super: 0.00740, sec: 419.226, prod: 0.167318, t_ads: 26.4, t_des: 23.7, bed_util_ads: 0.500, bed_util_des: 0.500, des_th: 0.49984211335685846,frac_lost: 0.107, li_recovered:  8.394, time: 0.01692545900004916
L: 0.50, u_super: 0.00097, sec: 54.603, prod: 0.020195, t_ads: 194.0, t_des: 161.8, bed_util_ads: 0.494, bed_util_des: 0.493, des_th: 0.49353324558389533,frac_lost: 0.106, li_recovered:  7.186, time: 0.011171119000209728
L: 0.50, u_super: 0.00833, sec: 476.882, prod: 0.188370, t_ads: 23.5, t_des: 21.6, bed_util_ads: 0.498, bed_util_des: 0.498, des_th: 0.49818598915605977,frac_lost: 0.107, li_recovered:  8.490, time: 0.01637172200025816
L: 0.50, u_super: 0.00346, sec: 196.064, prod: 0.074170, t_ads: 55.8, t_des: 60.0, bed_util_ads: 0.474, bed_util_des: 0.473, des_th: 0.4734058879956707,frac_lost: 0.100, li_recovered:  8.587, time: 0.019771822000620887
L: 0.50, u_super: 0.00931, sec: 638.346, prod: 0.178057, t_ads: 21.0, t_des: 28.0, bed_util_ads: 0.451, bed_util_des: 0.450, des_th: 0.45023732555582846,frac_lost: 0.103, li_recovered:  8.718, time: 0.017051711000021896
L: 0.50, u_super: 0.00388, sec: 211.117, prod: 0.087085, t_ads: 50.1, t_des: 46.4, bed_util_ads: 0.494, bed_util_des: 0.493, des_th: 0.49350659738302205,frac_lost: 0.106, li_recovered:  8.410, time: 0.014126308999038883
L: 0.50, u_super: 0.00570, sec: 315.982, prod: 0.128651, t_ads: 34.0, t_des: 30.2, bed_util_ads: 0.500, bed_util_des: 0.500, des_th: 0.4998422090230373,frac_lost: 0.101, li_recovered:  8.257, time: 0.016128297000250313
L: 0.50, u_super: 0.00443, sec: 279.367, prod: 0.086391, t_ads: 44.2, t_des: 56.0, bed_util_ads: 0.455, bed_util_des: 0.454, des_th: 0.4543258801214617,frac_lost: 0.109, li_recovered:  8.658, time: 0.015395029999126564
L: 0.50, u_super: 0.00005, sec: 4.466, prod: 0.000648, t_ads: 3729.7, t_des: 7569.0, bed_util_ads: 0.241, bed_util_des: 0.155, des_th: 0.15544961369690086,frac_lost: 0.102, li_recovered:  7.325, time: 0.019254073999036336
L: 0.50, u_super: 0.00523, sec: 288.104, prod: 0.117921, t_ads: 37.1, t_des: 33.2, bed_util_ads: 0.500, bed_util_des: 0.500, des_th: 0.4997863747154267,frac_lost: 0.103, li_recovered:  8.297, time: 0.014692057999127428
L: 0.50, u_super: 0.00207, sec: 112.431, prod: 0.045340, t_ads: 93.3, t_des: 80.1, bed_util_ads: 0.500, bed_util_des: 0.500, des_th: 0.4999671984359161,frac_lost: 0.107, li_recovered:  7.862, time: 0.009830781000346178
L: 0.50, u_super: 0.00685, sec: 385.968, prod: 0.154677, t_ads: 28.6, t_des: 25.6, bed_util_ads: 0.500, bed_util_des: 0.499, des_th: 0.4993704078441845,frac_lost: 0.109, li_recovered:  8.384, time: 0.012293904001126066
L: 0.50, u_super: 0.00787, sec: 448.841, prod: 0.177784, t_ads: 24.9, t_des: 23.1, bed_util_ads: 0.496, bed_util_des: 0.496, des_th: 0.4960250079961516,frac_lost: 0.107, li_recovered:  8.523, time: 0.0149386590001086
L: 0.50, u_super: 0.00738, sec: 417.687, prod: 0.166739, t_ads: 26.5, t_des: 24.1, bed_util_ads: 0.499, bed_util_des: 0.499, des_th: 0.4993042161115073,frac_lost: 0.108, li_recovered:  8.436, time: 0.012002014000245254
L: 0.50, u_super: 0.00146, sec: 81.202, prod: 0.031060, t_ads: 131.2, t_des: 137.4, bed_util_ads: 0.471, bed_util_des: 0.470, des_th: 0.46975068237266243,frac_lost: 0.106, li_recovered:  8.343, time: 0.018435862999467645
L: 0.50, u_super: 0.00947, sec: 549.504, prod: 0.214590, t_ads: 20.7, t_des: 18.7, bed_util_ads: 0.499, bed_util_des: 0.499, des_th: 0.4991832510552846,frac_lost: 0.106, li_recovered:  8.454, time: 0.013725186001465772
L: 15.34, u_super: 0.00018 — INFEASIBLE (li_recovered=0.000e+00), time: 0.0016522980004083365
L: 0.50, u_super: 0.00988, sec: 575.575, prod: 0.224217, t_ads: 19.7, t_des: 17.9, bed_util_ads: 0.500, bed_util_des: 0.499, des_th: 0.49941800771673645,frac_lost: 0.104, li_recovered:  8.449, time: 0.014005517999976291
L: 0.50, u_super: 0.00272, sec: 147.295, prod: 0.060189, t_ads: 71.0, t_des: 61.6, bed_util_ads: 0.500, bed_util_des: 0.500, des_th: 0.4997938617780466,frac_lost: 0.103, li_recovered:  7.982, time: 0.014371957999173901
L: 0.50, u_super: 0.00660, sec: 370.627, prod: 0.148969, t_ads: 29.7, t_des: 26.9, bed_util_ads: 0.499, bed_util_des: 0.499, des_th: 0.4993306253120991,frac_lost: 0.109, li_recovered:  8.430, time: 0.014139126998998108
L: 0.50, u_super: 0.00950, sec: 550.903, prod: 0.215264, t_ads: 20.6, t_des: 18.7, bed_util_ads: 0.499, bed_util_des: 0.499, des_th: 0.4991832510552846,frac_lost: 0.105, li_recovered:  8.460, time: 0.012070564000168815
L: 25.05, u_super: 0.00878 — INFEASIBLE (li_recovered=0.000e+00), time: 0.004311476001021219
L: 0.50, u_super: 0.00060, sec: 33.926, prod: 0.012420, t_ads: 303.3, t_des: 282.2, bed_util_ads: 0.471, bed_util_des: 0.469, des_th: 0.4692671057435754,frac_lost: 0.101, li_recovered:  7.271, time: 0.01128770200011786
L: 0.50, u_super: 0.00586, sec: 363.228, prod: 0.118382, t_ads: 33.1, t_des: 40.1, bed_util_ads: 0.462, bed_util_des: 0.461, des_th: 0.4614955441770519,frac_lost: 0.101, li_recovered:  8.674, time: 0.01304386800075008
L: 0.50, u_super: 0.00175, sec: 95.696, prod: 0.037780, t_ads: 109.4, t_des: 92.2, bed_util_ads: 0.500, bed_util_des: 0.500, des_th: 0.4998899682659308,frac_lost: 0.103, li_recovered:  7.619, time: 0.012436164999598986
L: 0.50, u_super: 0.00517, sec: 284.779, prod: 0.116664, t_ads: 37.5, t_des: 33.6, bed_util_ads: 0.499, bed_util_des: 0.499, des_th: 0.4992208307533433,frac_lost: 0.102, li_recovered:  8.296, time: 0.013067488998785848
L: 0.50, u_super: 0.00607, sec: 337.689, prod: 0.137238, t_ads: 32.0, t_des: 28.6, bed_util_ads: 0.500, bed_util_des: 0.500, des_th: 0.49990537858476347,frac_lost: 0.102, li_recovered:  8.315, time: 0.01099296000029426
L: 0.50, u_super: 0.00863, sec: 495.625, prod: 0.195273, t_ads: 22.7, t_des: 20.6, bed_util_ads: 0.499, bed_util_des: 0.499, des_th: 0.499368479846767,frac_lost: 0.107, li_recovered:  8.449, time: 0.014997743999629165
   940 |    37600 |     40 |  0.0023804671 |             f
L: 0.50, u_super: 0.00087, sec: 49.716, prod: 0.017905, t_ads: 215.4, t_des: 236.1, bed_util_ads: 0.457, bed_util_des: 0.454, des_th: 0.45410944709690154,frac_lost: 0.102, li_recovered:  8.084, time: 0.011212394998437958
L: 0.50, u_super: 0.00429, sec: 234.191, prod: 0.096564, t_ads: 45.3, t_des: 40.9, bed_util_ads: 0.497, bed_util_des: 0.497, des_th: 0.4967788932592573,frac_lost: 0.104, li_recovered:  8.326, time: 0.019683847000123933
L: 0.50, u_super: 0.00971, sec: 564.420, prod: 0.220101, t_ads: 20.1, t_des: 18.3, bed_util_ads: 0.500, bed_util_des: 0.500, des_th: 0.4998899682659308,frac_lost: 0.105, li_recovered:  8.448, time: 0.015057167000122718
L: 0.50, u_super: 0.00598, sec: 332.524, prod: 0.135254, t_ads: 32.5, t_des: 29.5, bed_util_ads: 0.499, bed_util_des: 0.499, des_th: 0.49881473909422697,frac_lost: 0.104, li_recovered:  8.381, time: 0.013705252000363544
L: 0.50, u_super: 0.00868, sec: 2869.888, prod: 0.034171, t_ads: 22.5, t_des: 234.2, bed_util_ads: 0.227, bed_util_des: 0.224, des_th: 0.22434961637415612,frac_lost: 0.103, li_recovered:  8.772, time: 0.06858854799975234
L: 0.50, u_super: 0.00634, sec: 353.986, prod: 0.143322, t_ads: 30.7, t_des: 27.7, bed_util_ads: 0.500, bed_util_des: 0.499, des_th: 0.49948699319003564,frac_lost: 0.104, li_recovered:  8.372, time: 0.01001502100007201
L: 0.50, u_super: 0.00885, sec: 509.754, prod: 0.200288, t_ads: 22.1, t_des: 20.1, bed_util_ads: 0.500, bed_util_des: 0.500, des_th: 0.499976793852327,frac_lost: 0.107, li_recovered:  8.450, time: 0.007753070998660405
L: 0.50, u_super: 0.00416, sec: 226.910, prod: 0.093490, t_ads: 46.4, t_des: 41.1, bed_util_ads: 0.499, bed_util_des: 0.499, des_th: 0.4991832510552846,frac_lost: 0.100, li_recovered:  8.188, time: 0.011634866999884252
L: 0.50, u_super: 0.00236, sec: 127.211, prod: 0.052182, t_ads: 81.9, t_des: 72.0, bed_util_ads: 0.499, bed_util_des: 0.498, des_th: 0.49837570371039747,frac_lost: 0.105, li_recovered:  8.028, time: 0.01234186700094142
L: 0.50, u_super: 0.00483, sec: 265.088, prod: 0.108941, t_ads: 40.2, t_des: 36.8, bed_util_ads: 0.497, bed_util_des: 0.497, des_th: 0.4966427255844123,frac_lost: 0.104, li_recovered:  8.387, time: 0.009887679998428212
L: 0.50, u_super: 0.00346, sec: 187.216, prod: 0.077676, t_ads: 55.7, t_des: 52.6, bed_util_ads: 0.491, bed_util_des: 0.491, des_th: 0.49107200643994275,frac_lost: 0.100, li_recovered:  8.417, time: 0.010030961999291321
L: 0.50, u_super: 0.00032 — INFEASIBLE (li_recovered=0.000e+00), time: 0.003681889000290539
L: 0.50, u_super: 0.00388, sec: 218.872, prod: 0.083999, t_ads: 50.0, t_des: 52.4, bed_util_ads: 0.478, bed_util_des: 0.477, des_th: 0.47697999844215744,frac_lost: 0.103, li_recovered:  8.603, time: 0.0108118080006534
L: 0.50, u_super: 0.00944, sec: 654.289, prod: 0.178761, t_ads: 20.7, t_des: 28.1, bed_util_ads: 0.448, bed_util_des: 0.448, des_th: 0.44764114791331255,frac_lost: 0.104, li_recovered:  8.720, time: 0.010528037000767654
L: 0.50, u_super: 0.00436, sec: 238.552, prod: 0.097910, t_ads: 44.7, t_des: 41.7, bed_util_ads: 0.493, bed_util_des: 0.492, des_th: 0.49245585111772955,frac_lost: 0.106, li_recovered:  8.460, time: 0.012557360998471268
L: 0.50, u_super: 0.00104, sec: 57.759, prod: 0.022163, t_ads: 182.2, t_des: 185.4, bed_util_ads: 0.471, bed_util_des: 0.469, des_th: 0.4689637773858737,frac_lost: 0.108, li_recovered:  8.148, time: 0.01109283700134256
L: 107.37, u_super: 0.00100 — INFEASIBLE (li_recovered=0.000e+00), time: 0.0012581770006363513
L: 129.66, u_super: 0.00478 — INFEASIBLE (li_recovered=0.000e+00), time: 0.001416850000168779
L: 0.50, u_super: 0.00869, sec: 499.099, prod: 0.196816, t_ads: 22.5, t_des: 20.2, bed_util_ads: 0.500, bed_util_des: 0.500, des_th: 0.49984211335685846,frac_lost: 0.105, li_recovered:  8.407, time: 0.012053276999722584
L: 2.43, u_super: 0.00346 — INFEASIBLE (li_recovered=0.000e+00), time: 0.005595758999334066
L: 0.50, u_super: 0.00129, sec: 69.857, prod: 0.028285, t_ads: 146.2, t_des: 134.7, bed_util_ads: 0.486, bed_util_des: 0.485, des_th: 0.4853196766507503,frac_lost: 0.101, li_recovered:  7.945, time: 0.01666151199970045
L: 0.50, u_super: 0.00176, sec: 96.248, prod: 0.038388, t_ads: 108.5, t_des: 92.5, bed_util_ads: 0.500, bed_util_des: 0.499, des_th: 0.49941800771673645,frac_lost: 0.104, li_recovered:  7.716, time: 0.014530610998917837
L: 0.50, u_super: 0.00274, sec: 148.220, prod: 0.061017, t_ads: 70.2, t_des: 68.0, bed_util_ads: 0.486, bed_util_des: 0.485, des_th: 0.485418282866815,frac_lost: 0.101, li_recovered:  8.428, time: 0.013039212999501615
L: 1.58, u_super: 0.00009 — INFEASIBLE (li_recovered=0.000e+00), time: 0.007196610999017139
L: 0.50, u_super: 0.00918, sec: 535.750, prod: 0.206070, t_ads: 21.3, t_des: 20.6, bed_util_ads: 0.491, bed_util_des: 0.491, des_th: 0.49072352246225387,frac_lost: 0.104, li_recovered:  8.632, time: 0.018974478998643463
L: 0.50, u_super: 0.00346, sec: 187.851, prod: 0.077413, t_ads: 56.2, t_des: 52.6, bed_util_ads: 0.492, bed_util_des: 0.492, des_th: 0.49164069536537236,frac_lost: 0.107, li_recovered:  8.423, time: 0.024079402999632293
L: 0.50, u_super: 0.00936, sec: 542.455, prod: 0.211851, t_ads: 20.9, t_des: 19.4, bed_util_ads: 0.497, bed_util_des: 0.497, des_th: 0.4970085810621129,frac_lost: 0.105, li_recovered:  8.526, time: 0.020910937999360613
L: 0.50, u_super: 0.00929, sec: 552.358, prod: 0.204641, t_ads: 21.1, t_des: 21.4, bed_util_ads: 0.485, bed_util_des: 0.484, des_th: 0.48438022185792085,frac_lost: 0.106, li_recovered:  8.688, time: 0.019869046998792328
L: 0.50, u_super: 0.00273, sec: 146.595, prod: 0.060993, t_ads: 70.6, t_des: 65.3, bed_util_ads: 0.493, bed_util_des: 0.492, des_th: 0.4924594828707403,frac_lost: 0.102, li_recovered:  8.293, time: 0.014288382000813726
L: 0.50, u_super: 0.00634, sec: 355.597, prod: 0.142672, t_ads: 30.7, t_des: 29.4, bed_util_ads: 0.492, bed_util_des: 0.492, des_th: 0.49163917190381334,frac_lost: 0.102, li_recovered:  8.563, time: 0.014502662999802851
L: 0.50, u_super: 0.00150, sec: 552.665, prod: 0.004836, t_ads: 131.1, t_des: 1688.0, bed_util_ads: 0.201, bed_util_des: 0.185, des_th: 0.1851696623157332,frac_lost: 0.104, li_recovered:  8.798, time: 0.10061300800043682
L: 0.50, u_super: 0.00884, sec: 508.910, prod: 0.200303, t_ads: 22.1, t_des: 19.8, bed_util_ads: 0.500, bed_util_des: 0.500, des_th: 0.499963098049186,frac_lost: 0.105, li_recovered:  8.397, time: 0.013848635000613285
L: 15.56, u_super: 0.00095 — INFEASIBLE (li_recovered=0.000e+00), time: 0.0023893220004538307
L: 0.50, u_super: 0.00821, sec: 469.461, prod: 0.185830, t_ads: 23.8, t_des: 21.7, bed_util_ads: 0.498, bed_util_des: 0.498, des_th: 0.49828860202306535,frac_lost: 0.107, li_recovered:  8.451, time: 0.016624645999399945
L: 1.29, u_super: 0.00108 — INFEASIBLE (li_recovered=0.000e+00), time: 0.008496316000673687
L: 0.50, u_super: 0.00990, sec: 645.491, prod: 0.200447, t_ads: 19.7, t_des: 23.7, bed_util_ads: 0.464, bed_util_des: 0.463, des_th: 0.4634472316486737,frac_lost: 0.105, li_recovered:  8.719, time: 0.015156088000367163
L: 0.50, u_super: 0.00152, sec: 82.932, prod: 0.033069, t_ads: 125.7, t_des: 108.7, bed_util_ads: 0.497, bed_util_des: 0.496, des_th: 0.4964066007696418,frac_lost: 0.106, li_recovered:  7.749, time: 0.01377128500098479
L: 0.50, u_super: 0.00389, sec: 211.827, prod: 0.087064, t_ads: 50.0, t_des: 44.1, bed_util_ads: 0.500, bed_util_des: 0.499, des_th: 0.499368479846767,frac_lost: 0.105, li_recovered:  8.186, time: 0.01365138699839008
L: 0.50, u_super: 0.00338, sec: 183.262, prod: 0.075448, t_ads: 57.6, t_des: 50.9, bed_util_ads: 0.499, bed_util_des: 0.498, des_th: 0.49836405617301405,frac_lost: 0.107, li_recovered:  8.182, time: 0.019762513000387116
L: 32.63, u_super: 0.00823 — INFEASIBLE (li_recovered=0.000e+00), time: 0.0038578980002057506
   941 |    37640 |     40 |  0.0048328849 |             f
L: 14.82, u_super: 0.00515 — INFEASIBLE (li_recovered=0.000e+00), time: 0.004993741000362206
L: 0.50, u_super: 0.00256, sec: 138.214, prod: 0.056864, t_ads: 75.2, t_des: 66.2, bed_util_ads: 0.499, bed_util_des: 0.498, des_th: 0.49837570371039747,frac_lost: 0.103, li_recovered:  8.041, time: 0.02568741299910471
L: 31.65, u_super: 0.00339 — INFEASIBLE (li_recovered=0.000e+00), time: 0.00273287399977562
L: 0.50, u_super: 0.00841, sec: 482.455, prod: 0.190116, t_ads: 23.3, t_des: 21.6, bed_util_ads: 0.496, bed_util_des: 0.496, des_th: 0.49605424001409615,frac_lost: 0.107, li_recovered:  8.525, time: 0.017664180999418022
L: 0.50, u_super: 0.00099, sec: 54.615, prod: 0.021047, t_ads: 191.6, t_des: 192.9, bed_util_ads: 0.471, bed_util_des: 0.469, des_th: 0.4689637773858737,frac_lost: 0.107, li_recovered:  8.091, time: 0.01565807499900984
L: 0.50, u_super: 0.00597, sec: 337.494, prod: 0.132498, t_ads: 32.5, t_des: 32.6, bed_util_ads: 0.485, bed_util_des: 0.485, des_th: 0.48508735423678323,frac_lost: 0.101, li_recovered:  8.625, time: 0.01698955699976068
L: 0.50, u_super: 0.00202, sec: 109.838, prod: 0.044144, t_ads: 94.8, t_des: 81.0, bed_util_ads: 0.500, bed_util_des: 0.500, des_th: 0.4999671984359161,frac_lost: 0.101, li_recovered:  7.760, time: 0.01715136999882816
L: 0.50, u_super: 0.00648, sec: 362.482, prod: 0.146691, t_ads: 29.9, t_des: 26.8, bed_util_ads: 0.500, bed_util_des: 0.500, des_th: 0.49967042535610473,frac_lost: 0.101, li_recovered:  8.319, time: 0.01892414100075257
L: 0.50, u_super: 0.00745, sec: 501.703, prod: 0.141506, t_ads: 26.3, t_des: 35.3, bed_util_ads: 0.449, bed_util_des: 0.449, des_th: 0.44851649314607334,frac_lost: 0.106, li_recovered:  8.707, time: 0.02559957899939036
L: 0.50, u_super: 0.00799, sec: 454.247, prod: 0.181333, t_ads: 24.3, t_des: 21.9, bed_util_ads: 0.500, bed_util_des: 0.500, des_th: 0.49989989205895763,frac_lost: 0.100, li_recovered:  8.372, time: 0.022460137000962277
L: 0.50, u_super: 0.00061, sec: 34.529, prod: 0.012697, t_ads: 297.6, t_des: 276.9, bed_util_ads: 0.472, bed_util_des: 0.470, des_th: 0.47023282143694717,frac_lost: 0.100, li_recovered:  7.294, time: 0.018592614000226604
L: 5.08, u_super: 0.00578 — INFEASIBLE (li_recovered=0.000e+00), time: 0.02002120900033333
L: 0.50, u_super: 0.00465, sec: 255.231, prod: 0.104647, t_ads: 41.8, t_des: 37.3, bed_util_ads: 0.500, bed_util_des: 0.500, des_th: 0.4998342789752599,frac_lost: 0.106, li_recovered:  8.284, time: 0.023448104000635794
L: 0.50, u_super: 0.00475, sec: 260.616, prod: 0.106798, t_ads: 41.0, t_des: 38.3, bed_util_ads: 0.493, bed_util_des: 0.493, des_th: 0.4930846971855094,frac_lost: 0.105, li_recovered:  8.467, time: 0.01661027699992701
L: 0.50, u_super: 0.00129, sec: 457.424, prod: 0.004320, t_ads: 152.3, t_des: 1884.7, bed_util_ads: 0.203, bed_util_des: 0.185, des_th: 0.18480897848828032,frac_lost: 0.104, li_recovered:  8.799, time: 0.11566437699912058
L: 0.50, u_super: 0.00743, sec: 420.931, prod: 0.167697, t_ads: 26.4, t_des: 23.9, bed_util_ads: 0.499, bed_util_des: 0.499, des_th: 0.4989634174433451,frac_lost: 0.109, li_recovered:  8.443, time: 0.01606205499956559
L: 0.50, u_super: 0.00207, sec: 112.482, prod: 0.045320, t_ads: 92.4, t_des: 79.2, bed_util_ads: 0.500, bed_util_des: 0.500, des_th: 0.49999340190768027,frac_lost: 0.101, li_recovered:  7.778, time: 0.012009472999125137
L: 0.50, u_super: 0.00390, sec: 212.404, prod: 0.087528, t_ads: 49.8, t_des: 46.6, bed_util_ads: 0.493, bed_util_des: 0.493, des_th: 0.4931734546942754,frac_lost: 0.105, li_recovered:  8.441, time: 0.009927234999850043
L: 0.50, u_super: 0.00972, sec: 565.219, prod: 0.220568, t_ads: 20.1, t_des: 18.0, bed_util_ads: 0.500, bed_util_des: 0.500, des_th: 0.4998899682659308,frac_lost: 0.104, li_recovered:  8.398, time: 0.023215424000227358
L: 0.50, u_super: 0.00017 — INFEASIBLE (li_recovered=0.000e+00), time: 0.007085260998792364
L: 0.50, u_super: 0.00967, sec: 566.890, prod: 0.217493, t_ads: 20.2, t_des: 19.5, bed_util_ads: 0.491, bed_util_des: 0.491, des_th: 0.4911068278850331,frac_lost: 0.104, li_recovered:  8.626, time: 0.01686427200002072
L: 0.50, u_super: 0.00516, sec: 284.177, prod: 0.116627, t_ads: 37.6, t_des: 34.5, bed_util_ads: 0.496, bed_util_des: 0.496, des_th: 0.49614075097307075,frac_lost: 0.102, li_recovered:  8.403, time: 0.016110199001559522
L: 0.50, u_super: 0.00283, sec: 157.402, prod: 0.061293, t_ads: 68.3, t_des: 71.0, bed_util_ads: 0.478, bed_util_des: 0.477, des_th: 0.4769447158273667,frac_lost: 0.103, li_recovered:  8.539, time: 0.01563729999907082
L: 0.50, u_super: 0.00249, sec: 136.834, prod: 0.054292, t_ads: 77.3, t_des: 79.1, bed_util_ads: 0.479, bed_util_des: 0.478, des_th: 0.47814046172303853,frac_lost: 0.102, li_recovered:  8.491, time: 0.015725578001365648
L: 0.50, u_super: 0.00838, sec: 480.172, prod: 0.189549, t_ads: 23.4, t_des: 21.4, bed_util_ads: 0.497, bed_util_des: 0.497, des_th: 0.49698610965936757,frac_lost: 0.107, li_recovered:  8.487, time: 0.013961987000584486
L: 0.50, u_super: 0.00904, sec: 521.565, prod: 0.204689, t_ads: 21.6, t_des: 19.7, bed_util_ads: 0.499, bed_util_des: 0.499, des_th: 0.4991832510552846,frac_lost: 0.106, li_recovered:  8.457, time: 0.02049261399952229
L: 0.50, u_super: 0.00700, sec: 397.170, prod: 0.157131, t_ads: 28.0, t_des: 26.6, bed_util_ads: 0.492, bed_util_des: 0.492, des_th: 0.49226681550321866,frac_lost: 0.109, li_recovered:  8.584, time: 0.021928692998699262
L: 0.50, u_super: 0.00027 — INFEASIBLE (li_recovered=0.000e+00), time: 0.005874746999324998
L: 0.50, u_super: 0.00895, sec: 515.647, prod: 0.202697, t_ads: 21.8, t_des: 19.6, bed_util_ads: 0.500, bed_util_des: 0.500, des_th: 0.49957348900255916,frac_lost: 0.105, li_recovered:  8.398, time: 0.015186982000159333
L: 50.40, u_super: 0.00633 — INFEASIBLE (li_recovered=0.000e+00), time: 0.0028183320009702584
L: 4.95, u_super: 0.00791 — INFEASIBLE (li_recovered=0.000e+00), time: 0.008829418999084737
L: 0.65, u_super: 0.00767, sec: 563.020, prod: 0.173307, t_ads: 32.7, t_des: 29.3, bed_util_ads: 0.500, bed_util_des: 0.500, des_th: 0.4998898796769695,frac_lost: 0.102, li_recovered:  10.756, time: 0.017970806000448647
L: 0.50, u_super: 0.00990, sec: 577.467, prod: 0.224249, t_ads: 19.7, t_des: 18.3, bed_util_ads: 0.497, bed_util_des: 0.497, des_th: 0.49676925126754673,frac_lost: 0.105, li_recovered:  8.534, time: 0.01437477299987222
L: 0.50, u_super: 0.00287, sec: 154.573, prod: 0.064273, t_ads: 67.0, t_des: 60.6, bed_util_ads: 0.496, bed_util_des: 0.496, des_th: 0.49581527486905247,frac_lost: 0.101, li_recovered:  8.204, time: 0.014880910999636399
L: 0.50, u_super: 0.00005 — INFEASIBLE (li_recovered=0.000e+00), time: 0.004727863999505644
L: 0.50, u_super: 0.00009, sec: 7.020, prod: 0.001216, t_ads: 1845.7, t_des: 2790.4, bed_util_ads: 0.296, bed_util_des: 0.257, des_th: 0.2575504355513368,frac_lost: 0.100, li_recovered:  5.640, time: 0.022810746000686777
L: 0.50, u_super: 0.00388, sec: 229.281, prod: 0.080186, t_ads: 50.1, t_des: 57.4, bed_util_ads: 0.467, bed_util_des: 0.466, des_th: 0.4662372547380167,frac_lost: 0.105, li_recovered:  8.625, time: 0.015330402000472532
L: 0.50, u_super: 0.00950, sec: 560.570, prod: 0.211552, t_ads: 20.5, t_des: 20.4, bed_util_ads: 0.488, bed_util_des: 0.488, des_th: 0.4880266411618668,frac_lost: 0.103, li_recovered:  8.667, time: 0.01295532199947047
L: 0.50, u_super: 0.00971, sec: 4651.957, prod: 0.026705, t_ads: 20.2, t_des: 308.5, bed_util_ads: 0.195, bed_util_des: 0.193, des_th: 0.19252602247916772,frac_lost: 0.104, li_recovered:  8.779, time: 0.1347350859996368
L: 0.50, u_super: 0.00005 — INFEASIBLE (li_recovered=0.000e+00), time: 0.0036747629983437946
   942 |    37680 |     40 |  0.0018066172 |             f
L: 0.50, u_super: 0.00416, sec: 290.622, prod: 0.072995, t_ads: 46.6, t_des: 72.0, bed_util_ads: 0.430, bed_util_des: 0.428, des_th: 0.42809105694552335,frac_lost: 0.100, li_recovered:  8.655, time: 0.02309582799898635
L: 6.35, u_super: 0.00265 — INFEASIBLE (li_recovered=0.000e+00), time: 0.00751664599920332
L: 0.50, u_super: 0.00598, sec: 332.414, prod: 0.135175, t_ads: 32.5, t_des: 29.0, bed_util_ads: 0.500, bed_util_des: 0.500, des_th: 0.4998348959195262,frac_lost: 0.102, li_recovered:  8.311, time: 0.015755372000057832
L: 0.50, u_super: 0.00607, sec: 339.314, prod: 0.136440, t_ads: 32.0, t_des: 30.7, bed_util_ads: 0.491, bed_util_des: 0.491, des_th: 0.490554266970826,frac_lost: 0.103, li_recovered:  8.559, time: 0.018813500999385724
L: 76.47, u_super: 0.00388 — INFEASIBLE (li_recovered=0.000e+00), time: 0.0024208770009863656
L: 0.50, u_super: 0.00633, sec: 353.424, prod: 0.143289, t_ads: 30.6, t_des: 27.4, bed_util_ads: 0.500, bed_util_des: 0.500, des_th: 0.4996693359247911,frac_lost: 0.101, li_recovered:  8.314, time: 0.017032753001331002
L: 73.68, u_super: 0.00005 — INFEASIBLE (li_recovered=0.000e+00), time: 0.0016868439997779205
L: 0.50, u_super: 0.00768, sec: 435.117, prod: 0.174252, t_ads: 25.3, t_des: 23.1, bed_util_ads: 0.498, bed_util_des: 0.498, des_th: 0.4982238918692142,frac_lost: 0.101, li_recovered:  8.439, time: 0.013351221999982954
L: 0.50, u_super: 0.00990, sec: 576.783, prod: 0.224510, t_ads: 19.7, t_des: 17.9, bed_util_ads: 0.500, bed_util_des: 0.499, des_th: 0.4994196087195121,frac_lost: 0.105, li_recovered:  8.454, time: 0.020475307001106557
L: 5.80, u_super: 0.00882 — INFEASIBLE (li_recovered=0.000e+00), time: 0.008675332999700913
L: 0.50, u_super: 0.00990, sec: 625.969, prod: 0.206869, t_ads: 19.7, t_des: 22.4, bed_util_ads: 0.471, bed_util_des: 0.471, des_th: 0.47088497583337835,frac_lost: 0.103, li_recovered:  8.715, time: 0.015615448999596993
L: 0.50, u_super: 0.00926, sec: 535.811, prod: 0.209945, t_ads: 21.1, t_des: 19.1, bed_util_ads: 0.499, bed_util_des: 0.499, des_th: 0.4991852482876896,frac_lost: 0.105, li_recovered:  8.435, time: 0.018424369000058505
L: 0.50, u_super: 0.00578, sec: 322.109, prod: 0.130146, t_ads: 33.5, t_des: 32.2, bed_util_ads: 0.491, bed_util_des: 0.491, des_th: 0.49099639323456656,frac_lost: 0.101, li_recovered:  8.550, time: 0.014385014999788837
L: 0.50, u_super: 0.00743, sec: 419.190, prod: 0.168393, t_ads: 26.1, t_des: 23.7, bed_util_ads: 0.500, bed_util_des: 0.499, des_th: 0.4994278109226042,frac_lost: 0.101, li_recovered:  8.385, time: 0.018803830000251764
L: 0.50, u_super: 0.00754, sec: 428.202, prod: 0.170407, t_ads: 26.0, t_des: 23.6, bed_util_ads: 0.500, bed_util_des: 0.500, des_th: 0.49953280852806087,frac_lost: 0.109, li_recovered:  8.443, time: 0.014463719999184832
L: 0.50, u_super: 0.00150, sec: 80.790, prod: 0.032767, t_ads: 127.7, t_des: 114.6, bed_util_ads: 0.492, bed_util_des: 0.491, des_th: 0.49096634425527447,frac_lost: 0.105, li_recovered:  7.939, time: 0.008767614999669604
L: 0.50, u_super: 0.00767, sec: 3082.004, prod: 0.024493, t_ads: 25.6, t_des: 332.8, bed_util_ads: 0.208, bed_util_des: 0.204, des_th: 0.2044584064109626,frac_lost: 0.104, li_recovered:  8.778, time: 0.07198267999956443
L: 0.50, u_super: 0.00338, sec: 183.225, prod: 0.075422, t_ads: 57.6, t_des: 50.9, bed_util_ads: 0.499, bed_util_des: 0.499, des_th: 0.4990041610490631,frac_lost: 0.107, li_recovered:  8.180, time: 0.00891701199907402
L: 0.50, u_super: 0.00485, sec: 266.220, prod: 0.109568, t_ads: 40.0, t_des: 36.6, bed_util_ads: 0.497, bed_util_des: 0.497, des_th: 0.4966389588340082,frac_lost: 0.102, li_recovered:  8.393, time: 0.013416534000498359
L: 0.50, u_super: 0.00443, sec: 242.955, prod: 0.099338, t_ads: 44.0, t_des: 41.6, bed_util_ads: 0.492, bed_util_des: 0.492, des_th: 0.49187501604488604,frac_lost: 0.106, li_recovered:  8.497, time: 0.008528955000656424
L: 0.50, u_super: 0.00443, sec: 245.560, prod: 0.098284, t_ads: 43.9, t_des: 43.4, bed_util_ads: 0.485, bed_util_des: 0.485, des_th: 0.4850368885986916,frac_lost: 0.104, li_recovered:  8.578, time: 0.01045236700156238
L: 0.50, u_super: 0.00598, sec: 332.271, prod: 0.135357, t_ads: 32.4, t_des: 29.1, bed_util_ads: 0.500, bed_util_des: 0.500, des_th: 0.4998257632224431,frac_lost: 0.101, li_recovered:  8.321, time: 0.010586590999082546
L: 0.50, u_super: 0.00685, sec: 390.006, prod: 0.153076, t_ads: 28.5, t_des: 27.8, bed_util_ads: 0.490, bed_util_des: 0.490, des_th: 0.4902328998949261,frac_lost: 0.107, li_recovered:  8.619, time: 0.010731554999438231
L: 0.50, u_super: 0.00648, sec: 362.502, prod: 0.146690, t_ads: 29.9, t_des: 26.7, bed_util_ads: 0.500, bed_util_des: 0.500, des_th: 0.49957348900255916,frac_lost: 0.101, li_recovered:  8.310, time: 0.008711652999409125
L: 0.50, u_super: 0.00686, sec: 385.044, prod: 0.155375, t_ads: 28.3, t_des: 25.3, bed_util_ads: 0.500, bed_util_des: 0.499, des_th: 0.49948699319003564,frac_lost: 0.100, li_recovered:  8.318, time: 0.00846464099959121
L: 0.50, u_super: 0.00711, sec: 401.501, prod: 0.160659, t_ads: 27.5, t_des: 25.0, bed_util_ads: 0.499, bed_util_des: 0.499, des_th: 0.49922192018092126,frac_lost: 0.108, li_recovered:  8.444, time: 0.01097269599995343
L: 0.50, u_super: 0.00948, sec: 550.159, prod: 0.214782, t_ads: 20.6, t_des: 18.7, bed_util_ads: 0.499, bed_util_des: 0.499, des_th: 0.4991810071727457,frac_lost: 0.107, li_recovered:  8.452, time: 0.01421685199966305
L: 0.50, u_super: 0.00270, sec: 146.471, prod: 0.059973, t_ads: 71.3, t_des: 62.0, bed_util_ads: 0.500, bed_util_des: 0.500, des_th: 0.4999641378405902,frac_lost: 0.103, li_recovered:  7.994, time: 0.00911264500064135
L: 0.50, u_super: 0.00319, sec: 172.303, prod: 0.071332, t_ads: 60.5, t_des: 53.8, bed_util_ads: 0.499, bed_util_des: 0.498, des_th: 0.49836405617301405,frac_lost: 0.101, li_recovered:  8.151, time: 0.007987351998963277
L: 0.50, u_super: 0.00436, sec: 243.568, prod: 0.095927, t_ads: 44.6, t_des: 45.1, bed_util_ads: 0.484, bed_util_des: 0.483, des_th: 0.4830776951671178,frac_lost: 0.104, li_recovered:  8.601, time: 0.008515106001141248
L: 0.50, u_super: 0.00522, sec: 287.474, prod: 0.117764, t_ads: 37.2, t_des: 33.3, bed_util_ads: 0.500, bed_util_des: 0.500, des_th: 0.49967090312529117,frac_lost: 0.102, li_recovered:  8.296, time: 0.010658048999175662
L: 0.50, u_super: 0.00040, sec: 23.517, prod: 0.007835, t_ads: 441.4, t_des: 429.7, bed_util_ads: 0.450, bed_util_des: 0.448, des_th: 0.44764114791331255,frac_lost: 0.100, li_recovered:  6.825, time: 0.01218003900066833
L: 0.50, u_super: 0.00346, sec: 188.086, prod: 0.077316, t_ads: 56.2, t_des: 53.2, bed_util_ads: 0.491, bed_util_des: 0.491, des_th: 0.49056854447382603,frac_lost: 0.106, li_recovered:  8.457, time: 0.011183714001163025
L: 0.50, u_super: 0.00178, sec: 96.256, prod: 0.039256, t_ads: 107.3, t_des: 95.1, bed_util_ads: 0.494, bed_util_des: 0.494, des_th: 0.4935590397549895,frac_lost: 0.103, li_recovered:  7.943, time: 0.011976170000707498
L: 0.50, u_super: 0.00475, sec: 260.606, prod: 0.106934, t_ads: 40.9, t_des: 36.6, bed_util_ads: 0.500, bed_util_des: 0.500, des_th: 0.4998354022645017,frac_lost: 0.104, li_recovered:  8.287, time: 0.013954087000456639
L: 0.50, u_super: 0.00005 — INFEASIBLE (li_recovered=0.000e+00), time: 0.006929074001163826
L: 0.50, u_super: 0.00416, sec: 227.151, prod: 0.093433, t_ads: 46.8, t_des: 41.8, bed_util_ads: 0.499, bed_util_des: 0.499, des_th: 0.4991832510552846,frac_lost: 0.106, li_recovered:  8.274, time: 0.022997116999249556
L: 0.50, u_super: 0.00128, sec: 69.203, prod: 0.027913, t_ads: 148.4, t_des: 136.2, bed_util_ads: 0.486, bed_util_des: 0.485, des_th: 0.4854551591312487,frac_lost: 0.104, li_recovered:  7.944, time: 0.01688050899974769
L: 0.50, u_super: 0.00918, sec: 530.512, prod: 0.208104, t_ads: 21.3, t_des: 19.3, bed_util_ads: 0.500, bed_util_des: 0.500, des_th: 0.4996855884061632,frac_lost: 0.105, li_recovered:  8.442, time: 0.019121368999549304
L: 0.50, u_super: 0.00291, sec: 157.628, prod: 0.064537, t_ads: 66.4, t_des: 57.7, bed_util_ads: 0.500, bed_util_des: 0.500, des_th: 0.4998470286683,frac_lost: 0.102, li_recovered:  8.004, time: 0.009922874000039883
   943 |    37720 |     40 |  0.0034959055 |             f
L: 0.50, u_super: 0.00950, sec: 6166.815, prod: 0.019226, t_ads: 20.6, t_des: 436.2, bed_util_ads: 0.171, bed_util_des: 0.168, des_th: 0.16815700247924179,frac_lost: 0.104, li_recovered:  8.783, time: 0.18226957700062485
L: 0.50, u_super: 0.00207, sec: 112.516, prod: 0.045306, t_ads: 92.4, t_des: 79.1, bed_util_ads: 0.500, bed_util_des: 0.499, des_th: 0.49953507103516903,frac_lost: 0.100, li_recovered:  7.771, time: 0.014274807999754557
L: 0.50, u_super: 0.00314, sec: 169.914, prod: 0.070304, t_ads: 61.4, t_des: 54.6, bed_util_ads: 0.499, bed_util_des: 0.498, des_th: 0.49836405617301405,frac_lost: 0.102, li_recovered:  8.157, time: 0.02112352199947054
L: 7.62, u_super: 0.00851, sec: 9344.167, prod: 0.153491, t_ads: 332.6, t_des: 451.8, bed_util_ads: 0.419, bed_util_des: 0.411, des_th: 0.41071324182925784,frac_lost: 0.102, li_recovered:  120.397, time: 0.03003968400116719
L: 0.50, u_super: 0.00518, sec: 285.373, prod: 0.116826, t_ads: 37.5, t_des: 33.5, bed_util_ads: 0.500, bed_util_des: 0.500, des_th: 0.4998274941475981,frac_lost: 0.103, li_recovered:  8.297, time: 0.01762659099949815
L: 0.50, u_super: 0.00042, sec: 24.443, prod: 0.008322, t_ads: 425.3, t_des: 430.2, bed_util_ads: 0.448, bed_util_des: 0.444, des_th: 0.4438489365193994,frac_lost: 0.101, li_recovered:  7.119, time: 0.011965691999648698
L: 0.50, u_super: 0.00771, sec: 438.789, prod: 0.174214, t_ads: 25.3, t_des: 23.6, bed_util_ads: 0.496, bed_util_des: 0.496, des_th: 0.49606892952056464,frac_lost: 0.106, li_recovered:  8.527, time: 0.017323284000667627
L: 0.50, u_super: 0.00343, sec: 192.335, prod: 0.074355, t_ads: 56.7, t_des: 58.7, bed_util_ads: 0.479, bed_util_des: 0.479, des_th: 0.4787609813901633,frac_lost: 0.107, li_recovered:  8.584, time: 0.013493069000105606
L: 0.50, u_super: 0.00786, sec: 448.649, prod: 0.177124, t_ads: 24.9, t_des: 23.3, bed_util_ads: 0.495, bed_util_des: 0.495, des_th: 0.4952315132327362,frac_lost: 0.108, li_recovered:  8.552, time: 0.012508898000305635
L: 0.50, u_super: 0.00403, sec: 219.745, prod: 0.090236, t_ads: 48.3, t_des: 42.6, bed_util_ads: 0.500, bed_util_des: 0.500, des_th: 0.49973744370181505,frac_lost: 0.105, li_recovered:  8.200, time: 0.008251870000094641
L: 0.50, u_super: 0.00233, sec: 137.096, prod: 0.047412, t_ads: 82.6, t_des: 97.2, bed_util_ads: 0.461, bed_util_des: 0.460, des_th: 0.45971688406760874,frac_lost: 0.101, li_recovered:  8.525, time: 0.013157621999198454
L: 0.50, u_super: 0.00838, sec: 480.865, prod: 0.189325, t_ads: 23.4, t_des: 21.7, bed_util_ads: 0.496, bed_util_des: 0.496, des_th: 0.49618663464039664,frac_lost: 0.108, li_recovered:  8.527, time: 0.010509453999475227
L: 0.50, u_super: 0.00209, sec: 113.360, prod: 0.045719, t_ads: 92.6, t_des: 79.5, bed_util_ads: 0.500, bed_util_des: 0.500, des_th: 0.49961697562018154,frac_lost: 0.108, li_recovered:  7.871, time: 0.010804819001350552
L: 0.50, u_super: 0.00748, sec: 424.496, prod: 0.168906, t_ads: 26.2, t_des: 24.3, bed_util_ads: 0.496, bed_util_des: 0.496, des_th: 0.49605424001409615,frac_lost: 0.107, li_recovered:  8.516, time: 0.013761271000475972
L: 3.85, u_super: 0.00008 — INFEASIBLE (li_recovered=0.000e+00), time: 0.0026695549986470724
L: 0.50, u_super: 0.00425, sec: 232.539, prod: 0.095541, t_ads: 45.6, t_des: 40.3, bed_util_ads: 0.500, bed_util_des: 0.499, des_th: 0.4994210164041616,frac_lost: 0.103, li_recovered:  8.211, time: 0.009717143000671058
L: 0.50, u_super: 0.00684, sec: 384.816, prod: 0.154397, t_ads: 28.6, t_des: 25.7, bed_util_ads: 0.500, bed_util_des: 0.499, des_th: 0.49948699319003564,frac_lost: 0.108, li_recovered:  8.382, time: 0.013516381000954425
L: 0.50, u_super: 0.00529, sec: 291.375, prod: 0.119369, t_ads: 36.7, t_des: 32.9, bed_util_ads: 0.499, bed_util_des: 0.499, des_th: 0.4993510004480686,frac_lost: 0.101, li_recovered:  8.302, time: 0.008651702999486588
L: 0.50, u_super: 0.00005 — INFEASIBLE (li_recovered=0.000e+00), time: 0.0017433440007152967
L: 0.50, u_super: 0.00686, sec: 386.055, prod: 0.154968, t_ads: 28.5, t_des: 25.5, bed_util_ads: 0.500, bed_util_des: 0.500, des_th: 0.49997111297210123,frac_lost: 0.107, li_recovered:  8.371, time: 0.012937268000314361
L: 0.50, u_super: 0.00392, sec: 213.487, prod: 0.088140, t_ads: 49.5, t_des: 44.7, bed_util_ads: 0.497, bed_util_des: 0.497, des_th: 0.4970085810621129,frac_lost: 0.106, li_recovered:  8.311, time: 0.018365505000474514
L: 22.03, u_super: 0.00034 — INFEASIBLE (li_recovered=0.000e+00), time: 0.0021057110006950097
L: 0.50, u_super: 0.00701, sec: 395.083, prod: 0.158209, t_ads: 27.9, t_des: 25.0, bed_util_ads: 0.500, bed_util_des: 0.499, des_th: 0.4994278109226042,frac_lost: 0.108, li_recovered:  8.380, time: 0.021299410000210628
L: 0.50, u_super: 0.00236, sec: 127.650, prod: 0.052003, t_ads: 81.9, t_des: 71.0, bed_util_ads: 0.500, bed_util_des: 0.500, des_th: 0.4996439683432057,frac_lost: 0.106, li_recovered:  7.956, time: 0.0158013430009305
L: 0.50, u_super: 0.00979, sec: 569.099, prod: 0.221989, t_ads: 19.9, t_des: 18.1, bed_util_ads: 0.500, bed_util_des: 0.499, des_th: 0.49941800771673645,frac_lost: 0.104, li_recovered:  8.447, time: 0.017814425000324263
L: 0.50, u_super: 0.00485, sec: 267.726, prod: 0.108951, t_ads: 40.0, t_des: 38.3, bed_util_ads: 0.491, bed_util_des: 0.491, des_th: 0.49088410013530165,frac_lost: 0.103, li_recovered:  8.532, time: 0.013335667999854195
L: 0.50, u_super: 0.00042, sec: 54.144, prod: 0.003704, t_ads: 468.3, t_des: 1819.1, bed_util_ads: 0.288, bed_util_des: 0.255, des_th: 0.25514665563408295,frac_lost: 0.104, li_recovered:  8.473, time: 0.03172946300037438
L: 123.63, u_super: 0.00328 — INFEASIBLE (li_recovered=0.000e+00), time: 0.0016885159984667553
L: 0.50, u_super: 0.00895, sec: 537.826, prod: 0.194619, t_ads: 21.8, t_des: 22.9, bed_util_ads: 0.481, bed_util_des: 0.480, des_th: 0.48030289841234264,frac_lost: 0.104, li_recovered:  8.699, time: 0.01499759900070785
L: 50.73, u_super: 0.00105 — INFEASIBLE (li_recovered=0.000e+00), time: 0.0013493939986801706
L: 0.50, u_super: 0.00929, sec: 538.038, prod: 0.210501, t_ads: 21.1, t_des: 19.1, bed_util_ads: 0.499, bed_util_des: 0.499, des_th: 0.4990527987397514,frac_lost: 0.106, li_recovered:  8.446, time: 0.020426881001185393
L: 0.50, u_super: 0.00270, sec: 145.216, prod: 0.060386, t_ads: 71.4, t_des: 66.0, bed_util_ads: 0.493, bed_util_des: 0.492, des_th: 0.4924640605799039,frac_lost: 0.102, li_recovered:  8.293, time: 0.012832042999434634
L: 0.50, u_super: 0.00990, sec: 576.644, prod: 0.224567, t_ads: 19.7, t_des: 17.9, bed_util_ads: 0.500, bed_util_des: 0.499, des_th: 0.49941800771673645,frac_lost: 0.104, li_recovered:  8.446, time: 0.011927163999644108
L: 0.50, u_super: 0.00557, sec: 309.415, prod: 0.125178, t_ads: 34.8, t_des: 33.5, bed_util_ads: 0.491, bed_util_des: 0.491, des_th: 0.49099639323456656,frac_lost: 0.101, li_recovered:  8.550, time: 0.019529784000042127
L: 0.50, u_super: 0.00940, sec: 549.795, prod: 0.210889, t_ads: 20.7, t_des: 20.2, bed_util_ads: 0.490, bed_util_des: 0.490, des_th: 0.4895635900916482,frac_lost: 0.103, li_recovered:  8.636, time: 0.024362752999877557
L: 0.50, u_super: 0.00733, sec: 416.976, prod: 0.164805, t_ads: 26.7, t_des: 25.4, bed_util_ads: 0.493, bed_util_des: 0.493, des_th: 0.493081318079277,frac_lost: 0.107, li_recovered:  8.582, time: 0.01534766799886711
L: 0.50, u_super: 0.00651, sec: 363.774, prod: 0.147236, t_ads: 29.9, t_des: 26.9, bed_util_ads: 0.500, bed_util_des: 0.500, des_th: 0.49967042535610473,frac_lost: 0.103, li_recovered:  8.362, time: 0.01269186500030628
L: 0.50, u_super: 0.00622, sec: 346.204, prod: 0.140683, t_ads: 31.2, t_des: 28.6, bed_util_ads: 0.497, bed_util_des: 0.496, des_th: 0.49645767258559675,frac_lost: 0.102, li_recovered:  8.417, time: 0.014000113998918096
L: 51.76, u_super: 0.00954 — INFEASIBLE (li_recovered=0.000e+00), time: 0.003912432999641169
L: 0.50, u_super: 0.00556, sec: 309.176, prod: 0.124881, t_ads: 34.9, t_des: 33.6, bed_util_ads: 0.491, bed_util_des: 0.491, des_th: 0.49099639323456656,frac_lost: 0.102, li_recovered:  8.554, time: 0.013877098999728332
   944 |    37760 |     40 |  0.0027106745 |             f
L: 5.54, u_super: 0.00388 — INFEASIBLE (li_recovered=0.000e+00), time: 0.0062518479990103515
L: 0.50, u_super: 0.00651, sec: 364.787, prod: 0.146827, t_ads: 30.1, t_des: 27.0, bed_util_ads: 0.500, bed_util_des: 0.500, des_th: 0.4996726504675499,frac_lost: 0.108, li_recovered:  8.375, time: 0.022997346999545698
L: 0.50, u_super: 0.00884, sec: 509.181, prod: 0.200168, t_ads: 22.1, t_des: 19.8, bed_util_ads: 0.500, bed_util_des: 0.500, des_th: 0.49989989205895763,frac_lost: 0.106, li_recovered:  8.393, time: 0.017197364000821835
L: 0.50, u_super: 0.00097, sec: 54.762, prod: 0.020269, t_ads: 193.3, t_des: 208.1, bed_util_ads: 0.462, bed_util_des: 0.459, des_th: 0.45934431888894495,frac_lost: 0.100, li_recovered:  8.136, time: 0.011471735999293742
L: 0.50, u_super: 0.00469, sec: 256.826, prod: 0.105620, t_ads: 41.5, t_des: 38.0, bed_util_ads: 0.497, bed_util_des: 0.497, des_th: 0.4966389588340082,frac_lost: 0.105, li_recovered:  8.394, time: 0.018154496001443476
L: 34.25, u_super: 0.00104 — INFEASIBLE (li_recovered=0.000e+00), time: 0.004792353000084404
L: 0.50, u_super: 0.00246, sec: 132.960, prod: 0.054640, t_ads: 78.3, t_des: 68.8, bed_util_ads: 0.499, bed_util_des: 0.498, des_th: 0.49837570371039747,frac_lost: 0.104, li_recovered:  8.037, time: 0.015543667001111316
L: 0.50, u_super: 0.00443, sec: 242.204, prod: 0.099646, t_ads: 44.0, t_des: 40.1, bed_util_ads: 0.496, bed_util_des: 0.496, des_th: 0.4959037696001386,frac_lost: 0.106, li_recovered:  8.380, time: 0.014261689999329974
L: 0.50, u_super: 0.00505, sec: 278.348, prod: 0.113906, t_ads: 38.4, t_des: 34.3, bed_util_ads: 0.500, bed_util_des: 0.499, des_th: 0.4994340636965098,frac_lost: 0.104, li_recovered:  8.285, time: 0.014660845999969752
L: 0.50, u_super: 0.00152, sec: 82.932, prod: 0.033069, t_ads: 125.7, t_des: 108.7, bed_util_ads: 0.497, bed_util_des: 0.496, des_th: 0.4964066007696418,frac_lost: 0.106, li_recovered:  7.749, time: 0.01823374400009925
L: 0.50, u_super: 0.00529, sec: 291.375, prod: 0.119369, t_ads: 36.7, t_des: 32.9, bed_util_ads: 0.499, bed_util_des: 0.499, des_th: 0.4993510004480686,frac_lost: 0.101, li_recovered:  8.302, time: 0.019447558999672765
L: 0.50, u_super: 0.00979, sec: 569.601, prod: 0.221793, t_ads: 20.0, t_des: 18.2, bed_util_ads: 0.500, bed_util_des: 0.499, des_th: 0.4995145669417871,frac_lost: 0.106, li_recovered:  8.468, time: 0.020253382999726455
L: 19.48, u_super: 0.00684 — INFEASIBLE (li_recovered=0.000e+00), time: 0.0045817419995728415
L: 19.22, u_super: 0.00346 — INFEASIBLE (li_recovered=0.000e+00), time: 0.002186457999414415
L: 29.43, u_super: 0.00918 — INFEASIBLE (li_recovered=0.000e+00), time: 0.004976778000127524
L: 0.50, u_super: 0.00396, sec: 215.770, prod: 0.088707, t_ads: 49.1, t_des: 43.4, bed_util_ads: 0.500, bed_util_des: 0.500, des_th: 0.4998004280271171,frac_lost: 0.105, li_recovered:  8.203, time: 0.017286186001001624
L: 2.62, u_super: 0.00112 — INFEASIBLE (li_recovered=0.000e+00), time: 0.00878460400053882
L: 0.50, u_super: 0.00452, sec: 273.767, prod: 0.091875, t_ads: 42.9, t_des: 51.2, bed_util_ads: 0.462, bed_util_des: 0.461, des_th: 0.46147196767623727,frac_lost: 0.101, li_recovered:  8.645, time: 0.015071638001245447
L: 65.63, u_super: 0.00574 — INFEASIBLE (li_recovered=0.000e+00), time: 0.0014772289996471955
L: 11.35, u_super: 0.00005 — INFEASIBLE (li_recovered=0.000e+00), time: 0.001033360000292305
L: 27.73, u_super: 0.00202 — INFEASIBLE (li_recovered=0.000e+00), time: 0.002721947001191438
L: 0.50, u_super: 0.00919, sec: 531.498, prod: 0.208063, t_ads: 21.3, t_des: 19.1, bed_util_ads: 0.500, bed_util_des: 0.500, des_th: 0.4996855884061632,frac_lost: 0.107, li_recovered:  8.410, time: 0.01216611599920725
L: 0.50, u_super: 0.00152, sec: 83.353, prod: 0.032902, t_ads: 125.8, t_des: 107.3, bed_util_ads: 0.497, bed_util_des: 0.497, des_th: 0.4965581318056982,frac_lost: 0.107, li_recovered:  7.670, time: 0.009124343001531088
L: 0.50, u_super: 0.00987, sec: 574.759, prod: 0.223820, t_ads: 19.8, t_des: 18.0, bed_util_ads: 0.500, bed_util_des: 0.499, des_th: 0.49941800771673645,frac_lost: 0.105, li_recovered:  8.453, time: 0.011933347999729449
L: 0.50, u_super: 0.00347, sec: 188.292, prod: 0.077555, t_ads: 56.1, t_des: 52.6, bed_util_ads: 0.491, bed_util_des: 0.491, des_th: 0.49094609181291027,frac_lost: 0.107, li_recovered:  8.431, time: 0.010481667999556521
L: 43.87, u_super: 0.00506 — INFEASIBLE (li_recovered=0.000e+00), time: 0.0029790440003125696
L: 0.50, u_super: 0.00044, sec: 57.001, prod: 0.003873, t_ads: 447.5, t_des: 1744.9, bed_util_ads: 0.290, bed_util_des: 0.257, des_th: 0.2575504355513368,frac_lost: 0.105, li_recovered:  8.490, time: 0.023343501999988803
L: 0.50, u_super: 0.00934, sec: 541.466, prod: 0.211578, t_ads: 21.0, t_des: 19.0, bed_util_ads: 0.500, bed_util_des: 0.500, des_th: 0.4998182224842746,frac_lost: 0.107, li_recovered:  8.451, time: 0.010301004998837016
L: 0.50, u_super: 0.00814, sec: 465.430, prod: 0.184096, t_ads: 24.1, t_des: 22.0, bed_util_ads: 0.498, bed_util_des: 0.498, des_th: 0.4982216479885644,frac_lost: 0.108, li_recovered:  8.484, time: 0.012951889000760275
L: 0.50, u_super: 0.00139, sec: 83.081, prod: 0.027620, t_ads: 137.0, t_des: 166.2, bed_util_ads: 0.453, bed_util_des: 0.450, des_th: 0.44992615080469334,frac_lost: 0.102, li_recovered:  8.374, time: 0.013759905999904731
L: 0.50, u_super: 0.00887, sec: 510.674, prod: 0.200920, t_ads: 22.0, t_des: 19.8, bed_util_ads: 0.500, bed_util_des: 0.500, des_th: 0.49989989205895763,frac_lost: 0.105, li_recovered:  8.397, time: 0.013022316999922623
L: 0.50, u_super: 0.00651, sec: 365.302, prod: 0.146621, t_ads: 29.8, t_des: 28.6, bed_util_ads: 0.491, bed_util_des: 0.491, des_th: 0.49122511008009145,frac_lost: 0.100, li_recovered:  8.563, time: 0.014742539000508259
L: 0.50, u_super: 0.00008, sec: 6.713, prod: 0.001026, t_ads: 1787.6, t_des: 2439.0, bed_util_ads: 0.292, bed_util_des: 0.267, des_th: 0.2672310530313619,frac_lost: 0.101, li_recovered:  4.336, time: 0.009779748999790172
L: 0.50, u_super: 0.00194, sec: 105.186, prod: 0.042608, t_ads: 99.3, t_des: 86.3, bed_util_ads: 0.497, bed_util_des: 0.497, des_th: 0.497139269555412,frac_lost: 0.107, li_recovered:  7.910, time: 0.01552865799931169
L: 3.19, u_super: 0.00005 — INFEASIBLE (li_recovered=0.000e+00), time: 0.002927425000962103
L: 0.50, u_super: 0.00939, sec: 544.320, prod: 0.212626, t_ads: 20.8, t_des: 19.3, bed_util_ads: 0.496, bed_util_des: 0.495, des_th: 0.4954973355665558,frac_lost: 0.105, li_recovered:  8.529, time: 0.014322109000204364
L: 0.50, u_super: 0.00970, sec: 749.706, prod: 0.165338, t_ads: 20.1, t_des: 32.6, bed_util_ads: 0.427, bed_util_des: 0.426, des_th: 0.4263265124065784,frac_lost: 0.104, li_recovered:  8.728, time: 0.02183684500050731
L: 0.50, u_super: 0.00768, sec: 436.877, prod: 0.173551, t_ads: 25.5, t_des: 23.4, bed_util_ads: 0.497, bed_util_des: 0.497, des_th: 0.4966879095605858,frac_lost: 0.108, li_recovered:  8.489, time: 0.011541961999682826
L: 0.50, u_super: 0.00879, sec: 505.902, prod: 0.199169, t_ads: 22.2, t_des: 20.0, bed_util_ads: 0.499, bed_util_des: 0.499, des_th: 0.499368479846767,frac_lost: 0.105, li_recovered:  8.407, time: 0.014181421998728183
L: 0.50, u_super: 0.00364, sec: 197.700, prod: 0.081557, t_ads: 53.5, t_des: 47.9, bed_util_ads: 0.498, bed_util_des: 0.498, des_th: 0.49817494114248007,frac_lost: 0.107, li_recovered:  8.263, time: 0.011065843000324094
   945 |    37800 |     40 |  0.0020269967 |             f
L: 0.50, u_super: 0.00005, sec: 4.328, prod: 0.000669, t_ads: 3483.2, t_des: 6071.4, bed_util_ads: 0.251, bed_util_des: 0.180, des_th: 0.18025597600417978,frac_lost: 0.102, li_recovered:  6.391, time: 0.02011216400023841
L: 1.77, u_super: 0.00677, sec: 1394.932, prod: 0.147740, t_ads: 99.8, t_des: 85.3, bed_util_ads: 0.499, bed_util_des: 0.499, des_th: 0.49855230924876764,frac_lost: 0.100, li_recovered:  27.345, time: 0.02401560900034383
L: 0.50, u_super: 0.00515, sec: 426.145, prod: 0.077214, t_ads: 38.0, t_des: 74.7, bed_util_ads: 0.402, bed_util_des: 0.400, des_th: 0.39979713597511185,frac_lost: 0.106, li_recovered:  8.701, time: 0.029492911999113858
L: 0.50, u_super: 0.00443, sec: 242.781, prod: 0.099409, t_ads: 43.9, t_des: 38.7, bed_util_ads: 0.500, bed_util_des: 0.500, des_th: 0.49992758236664847,frac_lost: 0.105, li_recovered:  8.212, time: 0.012856765000833548
L: 0.50, u_super: 0.00043, sec: 26.680, prod: 0.008020, t_ads: 423.3, t_des: 517.5, bed_util_ads: 0.424, bed_util_des: 0.415, des_th: 0.4153154253281387,frac_lost: 0.102, li_recovered:  7.545, time: 0.010990337001203443
L: 0.50, u_super: 0.00741, sec: 421.453, prod: 0.166556, t_ads: 26.4, t_des: 25.2, bed_util_ads: 0.493, bed_util_des: 0.493, des_th: 0.49279357173493055,frac_lost: 0.106, li_recovered:  8.584, time: 0.014825332000327762
L: 44.29, u_super: 0.00078 — INFEASIBLE (li_recovered=0.000e+00), time: 0.0026057949999085395
L: 0.50, u_super: 0.00291, sec: 157.783, prod: 0.064473, t_ads: 66.4, t_des: 57.5, bed_util_ads: 0.500, bed_util_des: 0.500, des_th: 0.49999701069439756,frac_lost: 0.103, li_recovered:  7.990, time: 0.0139610009991884
L: 0.50, u_super: 0.00990, sec: 576.312, prod: 0.224699, t_ads: 19.7, t_des: 17.9, bed_util_ads: 0.500, bed_util_des: 0.500, des_th: 0.4997140876102974,frac_lost: 0.103, li_recovered:  8.448, time: 0.015351044999988517
L: 0.50, u_super: 0.00556, sec: 308.407, prod: 0.125193, t_ads: 34.9, t_des: 33.1, bed_util_ads: 0.493, bed_util_des: 0.492, des_th: 0.49250683635071607,frac_lost: 0.103, li_recovered:  8.524, time: 0.01753932999963581
L: 0.50, u_super: 0.00054, sec: 136.002, prod: 0.002505, t_ads: 365.4, t_des: 3141.1, bed_util_ads: 0.222, bed_util_des: 0.185, des_th: 0.1851696623157332,frac_lost: 0.101, li_recovered:  8.785, time: 0.08400047899885976
L: 0.50, u_super: 0.00396, sec: 215.770, prod: 0.088707, t_ads: 49.1, t_des: 43.4, bed_util_ads: 0.500, bed_util_des: 0.500, des_th: 0.4998004280271171,frac_lost: 0.105, li_recovered:  8.203, time: 0.020244367999112
L: 0.50, u_super: 0.00294, sec: 159.106, prod: 0.065667, t_ads: 65.4, t_des: 57.6, bed_util_ads: 0.499, bed_util_des: 0.499, des_th: 0.499246279459696,frac_lost: 0.101, li_recovered:  8.076, time: 0.012410534000082407
L: 0.50, u_super: 0.00371, sec: 201.936, prod: 0.083251, t_ads: 52.4, t_des: 46.8, bed_util_ads: 0.498, bed_util_des: 0.498, des_th: 0.4977879101505332,frac_lost: 0.107, li_recovered:  8.261, time: 0.013164652000341448
L: 82.65, u_super: 0.00990 — INFEASIBLE (li_recovered=0.000e+00), time: 0.003592192000724026
L: 0.50, u_super: 0.00932, sec: 539.670, prod: 0.211222, t_ads: 21.0, t_des: 19.0, bed_util_ads: 0.500, bed_util_des: 0.500, des_th: 0.4997067784501778,frac_lost: 0.106, li_recovered:  8.445, time: 0.014890393000314361
L: 0.50, u_super: 0.00598, sec: 332.271, prod: 0.135357, t_ads: 32.4, t_des: 29.1, bed_util_ads: 0.500, bed_util_des: 0.500, des_th: 0.4998257632224431,frac_lost: 0.101, li_recovered:  8.321, time: 0.01840261500001361
L: 0.50, u_super: 0.00147, sec: 80.574, prod: 0.031798, t_ads: 129.7, t_des: 110.9, bed_util_ads: 0.497, bed_util_des: 0.497, des_th: 0.4971173620177161,frac_lost: 0.106, li_recovered:  7.652, time: 0.013458573001116747
L: 15.23, u_super: 0.00189 — INFEASIBLE (li_recovered=0.000e+00), time: 0.003716336001161835
L: 0.50, u_super: 0.00395, sec: 215.452, prod: 0.088435, t_ads: 49.3, t_des: 43.4, bed_util_ads: 0.500, bed_util_des: 0.499, des_th: 0.49948699319003564,frac_lost: 0.106, li_recovered:  8.195, time: 0.0165854369988665
L: 1.54, u_super: 0.00633, sec: 1127.343, prod: 0.138686, t_ads: 93.3, t_des: 79.8, bed_util_ads: 0.500, bed_util_des: 0.500, des_th: 0.49963995719209553,frac_lost: 0.101, li_recovered:  24.008, time: 0.01367715199921804
L: 0.50, u_super: 0.00739, sec: 418.621, prod: 0.166966, t_ads: 26.5, t_des: 24.0, bed_util_ads: 0.498, bed_util_des: 0.498, des_th: 0.4982238918692142,frac_lost: 0.108, li_recovered:  8.442, time: 0.014680053000120097
L: 0.50, u_super: 0.00104, sec: 57.759, prod: 0.022163, t_ads: 182.2, t_des: 185.4, bed_util_ads: 0.471, bed_util_des: 0.469, des_th: 0.4689637773858737,frac_lost: 0.108, li_recovered:  8.148, time: 0.013350471999729052
L: 0.50, u_super: 0.00712, sec: 400.673, prod: 0.161392, t_ads: 27.3, t_des: 24.6, bed_util_ads: 0.500, bed_util_des: 0.500, des_th: 0.49957348900255916,frac_lost: 0.101, li_recovered:  8.374, time: 0.021504197000467684
L: 0.50, u_super: 0.00855, sec: 491.086, prod: 0.193494, t_ads: 22.9, t_des: 20.7, bed_util_ads: 0.500, bed_util_des: 0.500, des_th: 0.49961906657455074,frac_lost: 0.108, li_recovered:  8.442, time: 0.016008060998501605
L: 0.50, u_super: 0.00351, sec: 190.907, prod: 0.078390, t_ads: 55.5, t_des: 52.4, bed_util_ads: 0.491, bed_util_des: 0.491, des_th: 0.49107200643994275,frac_lost: 0.107, li_recovered:  8.459, time: 0.0152087999995274
L: 49.88, u_super: 0.00574 — INFEASIBLE (li_recovered=0.000e+00), time: 0.002661430000443943
L: 0.50, u_super: 0.00194, sec: 105.803, prod: 0.042360, t_ads: 98.6, t_des: 84.0, bed_util_ads: 0.500, bed_util_des: 0.500, des_th: 0.49997453484220283,frac_lost: 0.102, li_recovered:  7.733, time: 0.014014568998391042
L: 0.50, u_super: 0.00247, sec: 132.549, prod: 0.054929, t_ads: 78.3, t_des: 72.2, bed_util_ads: 0.491, bed_util_des: 0.491, des_th: 0.4909536174637544,frac_lost: 0.105, li_recovered:  8.271, time: 0.013419048000287148
L: 0.50, u_super: 0.00838, sec: 480.200, prod: 0.189587, t_ads: 23.4, t_des: 21.2, bed_util_ads: 0.499, bed_util_des: 0.499, des_th: 0.49911607446477624,frac_lost: 0.108, li_recovered:  8.444, time: 0.01216521900096268
L: 0.50, u_super: 0.00766, sec: 435.269, prod: 0.173130, t_ads: 25.6, t_des: 22.9, bed_util_ads: 0.500, bed_util_des: 0.500, des_th: 0.49981511723594174,frac_lost: 0.108, li_recovered:  8.389, time: 0.017027766998580773
L: 0.50, u_super: 0.00080, sec: 44.637, prod: 0.016578, t_ads: 235.9, t_des: 245.2, bed_util_ads: 0.462, bed_util_des: 0.459, des_th: 0.4593990073180147,frac_lost: 0.105, li_recovered:  7.975, time: 0.01480405600159429
L: 21.76, u_super: 0.00548 — INFEASIBLE (li_recovered=0.000e+00), time: 0.0032390000014856923
L: 0.50, u_super: 0.00152, sec: 83.000, prod: 0.033042, t_ads: 125.8, t_des: 108.5, bed_util_ads: 0.497, bed_util_des: 0.496, des_th: 0.4963852998997613,frac_lost: 0.107, li_recovered:  7.741, time: 0.017250941000384046
L: 0.50, u_super: 0.00346, sec: 187.216, prod: 0.077676, t_ads: 55.7, t_des: 52.6, bed_util_ads: 0.491, bed_util_des: 0.491, des_th: 0.49107200643994275,frac_lost: 0.100, li_recovered:  8.417, time: 0.021212638999713818
L: 0.50, u_super: 0.00712, sec: 400.673, prod: 0.161392, t_ads: 27.3, t_des: 24.6, bed_util_ads: 0.500, bed_util_des: 0.500, des_th: 0.49957348900255916,frac_lost: 0.101, li_recovered:  8.374, time: 0.017603037000299082
L: 0.50, u_super: 0.00834, sec: 477.232, prod: 0.188772, t_ads: 23.4, t_des: 21.3, bed_util_ads: 0.498, bed_util_des: 0.498, des_th: 0.4982457994069061,frac_lost: 0.106, li_recovered:  8.446, time: 0.014642664000348304
L: 0.50, u_super: 0.00583, sec: 323.247, prod: 0.131897, t_ads: 33.3, t_des: 30.8, bed_util_ads: 0.496, bed_util_des: 0.496, des_th: 0.49566737939186756,frac_lost: 0.101, li_recovered:  8.455, time: 0.011983214999418124
L: 2.18, u_super: 0.00165, sec: 452.229, prod: 0.030999, t_ads: 459.7, t_des: 405.6, bed_util_ads: 0.460, bed_util_des: 0.459, des_th: 0.4593721227034227,frac_lost: 0.104, li_recovered:  26.822, time: 0.011563498999748845
L: 0.50, u_super: 0.00674, sec: 379.141, prod: 0.152260, t_ads: 29.0, t_des: 26.0, bed_util_ads: 0.500, bed_util_des: 0.500, des_th: 0.4999403498642701,frac_lost: 0.108, li_recovered:  8.373, time: 0.00981966899962572
   946 |    37840 |     40 |  0.0030313006 |             f
L: 73.27, u_super: 0.00124 — INFEASIBLE (li_recovered=0.000e+00), time: 0.0019722110009752214
L: 0.50, u_super: 0.00152, sec: 87.647, prod: 0.031102, t_ads: 126.4, t_des: 143.4, bed_util_ads: 0.462, bed_util_des: 0.459, des_th: 0.4594510787948187,frac_lost: 0.105, li_recovered:  8.393, time: 0.010809170998982154
L: 0.50, u_super: 0.00173, sec: 93.753, prod: 0.037762, t_ads: 110.4, t_des: 95.7, bed_util_ads: 0.497, bed_util_des: 0.496, des_th: 0.4964104274594571,frac_lost: 0.101, li_recovered:  7.783, time: 0.009230312998624868
L: 0.50, u_super: 0.00990, sec: 576.015, prod: 0.224810, t_ads: 19.7, t_des: 17.9, bed_util_ads: 0.500, bed_util_des: 0.499, des_th: 0.49941800771673645,frac_lost: 0.102, li_recovered:  8.443, time: 0.008600930999818956
L: 0.50, u_super: 0.00674, sec: 379.141, prod: 0.152260, t_ads: 29.0, t_des: 26.0, bed_util_ads: 0.500, bed_util_des: 0.500, des_th: 0.4999403498642701,frac_lost: 0.108, li_recovered:  8.373, time: 0.007826216000466957
L: 0.50, u_super: 0.00529, sec: 291.561, prod: 0.119293, t_ads: 36.7, t_des: 32.9, bed_util_ads: 0.499, bed_util_des: 0.499, des_th: 0.4993455767083261,frac_lost: 0.102, li_recovered:  8.302, time: 0.011153647999890381
L: 0.50, u_super: 0.00768, sec: 436.847, prod: 0.173563, t_ads: 25.5, t_des: 23.1, bed_util_ads: 0.498, bed_util_des: 0.498, des_th: 0.49832148029289214,frac_lost: 0.109, li_recovered:  8.442, time: 0.011511822998727439
L: 0.50, u_super: 0.00201, sec: 108.854, prod: 0.044105, t_ads: 96.2, t_des: 83.5, bed_util_ads: 0.497, bed_util_des: 0.497, des_th: 0.497139269555412,frac_lost: 0.108, li_recovered:  7.927, time: 0.009280786000090302
L: 0.50, u_super: 0.00519, sec: 286.094, prod: 0.117075, t_ads: 37.4, t_des: 35.1, bed_util_ads: 0.493, bed_util_des: 0.493, des_th: 0.49250683635071607,frac_lost: 0.102, li_recovered:  8.482, time: 0.009805376999793225
L: 3.68, u_super: 0.00319 — INFEASIBLE (li_recovered=0.000e+00), time: 0.004616537000401877
L: 0.50, u_super: 0.00485, sec: 266.422, prod: 0.109485, t_ads: 40.0, t_des: 36.1, bed_util_ads: 0.498, bed_util_des: 0.498, des_th: 0.49767804987949804,frac_lost: 0.103, li_recovered:  8.333, time: 0.010991367000315222
L: 0.50, u_super: 0.00236, sec: 126.959, prod: 0.052286, t_ads: 82.0, t_des: 72.9, bed_util_ads: 0.496, bed_util_des: 0.496, des_th: 0.4958455961851975,frac_lost: 0.106, li_recovered:  8.098, time: 0.008640464999189135
L: 0.50, u_super: 0.00091 — INFEASIBLE (li_recovered=0.000e+00), time: 0.0074780830000236165
L: 0.50, u_super: 0.00885, sec: 509.953, prod: 0.200346, t_ads: 22.1, t_des: 20.0, bed_util_ads: 0.500, bed_util_des: 0.500, des_th: 0.49989989205895763,frac_lost: 0.107, li_recovered:  8.445, time: 0.011128494999866234
L: 0.50, u_super: 0.00153, sec: 83.418, prod: 0.033013, t_ads: 125.2, t_des: 107.1, bed_util_ads: 0.497, bed_util_des: 0.496, des_th: 0.4964066007696418,frac_lost: 0.105, li_recovered:  7.667, time: 0.010129549000339466
L: 0.50, u_super: 0.00505, sec: 279.660, prod: 0.113371, t_ads: 38.4, t_des: 36.9, bed_util_ads: 0.490, bed_util_des: 0.490, des_th: 0.48963297559753566,frac_lost: 0.104, li_recovered:  8.542, time: 0.010697134001020459
L: 0.50, u_super: 0.00498, sec: 274.016, prod: 0.111984, t_ads: 39.2, t_des: 34.9, bed_util_ads: 0.499, bed_util_des: 0.499, des_th: 0.4990156831572815,frac_lost: 0.106, li_recovered:  8.294, time: 0.008132156001011026
L: 0.50, u_super: 0.00152, sec: 84.158, prod: 0.032626, t_ads: 125.3, t_des: 104.4, bed_util_ads: 0.499, bed_util_des: 0.499, des_th: 0.49916037172489996,frac_lost: 0.105, li_recovered:  7.495, time: 0.009245453000403359
L: 0.50, u_super: 0.00043, sec: 25.147, prod: 0.008509, t_ads: 414.9, t_des: 394.4, bed_util_ads: 0.456, bed_util_des: 0.454, des_th: 0.45376680093612065,frac_lost: 0.103, li_recovered:  6.886, time: 0.009171028999844566
L: 0.50, u_super: 0.00739, sec: 456.717, prod: 0.153039, t_ads: 26.4, t_des: 30.4, bed_util_ads: 0.469, bed_util_des: 0.469, des_th: 0.46873286494776645,frac_lost: 0.106, li_recovered:  8.698, time: 0.011962740998569643
L: 0.50, u_super: 0.00319, sec: 172.286, prod: 0.071339, t_ads: 60.5, t_des: 53.8, bed_util_ads: 0.499, bed_util_des: 0.498, des_th: 0.498367034769209,frac_lost: 0.101, li_recovered:  8.155, time: 0.012060381999617675
L: 0.50, u_super: 0.00953, sec: 552.581, prod: 0.215938, t_ads: 20.5, t_des: 18.4, bed_util_ads: 0.500, bed_util_des: 0.500, des_th: 0.4998079121158091,frac_lost: 0.104, li_recovered:  8.399, time: 0.010291779999533901
L: 0.50, u_super: 0.00005, sec: 4.458, prod: 0.000649, t_ads: 3061.4, t_des: 4669.2, bed_util_ads: 0.255, bed_util_des: 0.206, des_th: 0.2061806490615757,frac_lost: 0.100, li_recovered:  5.020, time: 0.0093534899988299
L: 0.50, u_super: 0.00451, sec: 246.842, prod: 0.101475, t_ads: 43.2, t_des: 39.0, bed_util_ads: 0.498, bed_util_des: 0.498, des_th: 0.49828542865101466,frac_lost: 0.106, li_recovered:  8.335, time: 0.013489573999322602
L: 0.50, u_super: 0.00968, sec: 562.294, prod: 0.219552, t_ads: 20.2, t_des: 18.4, bed_util_ads: 0.499, bed_util_des: 0.499, des_th: 0.4991832510552846,frac_lost: 0.104, li_recovered:  8.457, time: 0.01118432200019015
L: 0.50, u_super: 0.00762, sec: 431.014, prod: 0.172708, t_ads: 25.5, t_des: 23.1, bed_util_ads: 0.498, bed_util_des: 0.498, des_th: 0.4982238918692142,frac_lost: 0.101, li_recovered:  8.386, time: 0.013479666000421275
L: 0.50, u_super: 0.00599, sec: 332.953, prod: 0.135351, t_ads: 32.4, t_des: 29.1, bed_util_ads: 0.500, bed_util_des: 0.500, des_th: 0.4998257632224431,frac_lost: 0.102, li_recovered:  8.322, time: 0.012919404000058421
L: 0.50, u_super: 0.00621, sec: 346.055, prod: 0.140307, t_ads: 31.3, t_des: 27.9, bed_util_ads: 0.500, bed_util_des: 0.500, des_th: 0.4996693359247911,frac_lost: 0.102, li_recovered:  8.303, time: 0.018129578998923535
L: 0.50, u_super: 0.00990, sec: 748.236, prod: 0.173065, t_ads: 19.7, t_des: 30.7, bed_util_ads: 0.431, bed_util_des: 0.431, des_th: 0.43059451620600603,frac_lost: 0.101, li_recovered:  8.724, time: 0.022431188001064584
L: 17.51, u_super: 0.00443 — INFEASIBLE (li_recovered=0.000e+00), time: 0.004357364001407404
L: 0.50, u_super: 0.00809, sec: 500.151, prod: 0.168863, t_ads: 24.1, t_des: 27.4, bed_util_ads: 0.470, bed_util_des: 0.469, des_th: 0.46948069833487216,frac_lost: 0.104, li_recovered:  8.702, time: 0.025118141998973442
L: 0.50, u_super: 0.00082, sec: 47.012, prod: 0.016673, t_ads: 228.8, t_des: 254.0, bed_util_ads: 0.455, bed_util_des: 0.451, des_th: 0.45133920349162276,frac_lost: 0.101, li_recovered:  8.049, time: 0.030384300000150688
L: 0.50, u_super: 0.00147, sec: 80.375, prod: 0.031740, t_ads: 130.0, t_des: 111.3, bed_util_ads: 0.497, bed_util_des: 0.497, des_th: 0.4971173620177161,frac_lost: 0.106, li_recovered:  7.660, time: 0.025828015999650233
L: 0.50, u_super: 0.00244, sec: 131.290, prod: 0.054485, t_ads: 78.8, t_des: 72.1, bed_util_ads: 0.493, bed_util_des: 0.492, des_th: 0.4924700056656457,frac_lost: 0.103, li_recovered:  8.222, time: 0.023605275000591064
L: 0.50, u_super: 0.00364, sec: 199.579, prod: 0.080959, t_ads: 53.5, t_des: 51.7, bed_util_ads: 0.488, bed_util_des: 0.488, des_th: 0.48790800365043446,frac_lost: 0.108, li_recovered:  8.521, time: 0.028003564000755432
L: 0.50, u_super: 0.00319, sec: 172.766, prod: 0.071140, t_ads: 60.6, t_des: 53.2, bed_util_ads: 0.500, bed_util_des: 0.500, des_th: 0.49978397791439233,frac_lost: 0.102, li_recovered:  8.090, time: 0.02576882199900865
L: 0.50, u_super: 0.00104, sec: 57.759, prod: 0.022163, t_ads: 182.2, t_des: 185.4, bed_util_ads: 0.471, bed_util_des: 0.469, des_th: 0.4689637773858737,frac_lost: 0.108, li_recovered:  8.148, time: 0.02302397700077563
L: 0.50, u_super: 0.00570, sec: 316.763, prod: 0.128502, t_ads: 34.0, t_des: 32.3, bed_util_ads: 0.493, bed_util_des: 0.492, des_th: 0.4925008912649742,frac_lost: 0.102, li_recovered:  8.526, time: 0.016422439000962186
L: 0.50, u_super: 0.00907, sec: 523.010, prod: 0.205614, t_ads: 21.5, t_des: 19.4, bed_util_ads: 0.500, bed_util_des: 0.500, des_th: 0.4998320179178698,frac_lost: 0.104, li_recovered:  8.409, time: 0.011660135998681653
L: 0.50, u_super: 0.00651, sec: 363.530, prod: 0.147335, t_ads: 29.8, t_des: 27.0, bed_util_ads: 0.498, bed_util_des: 0.498, des_th: 0.49824962619553814,frac_lost: 0.101, li_recovered:  8.371, time: 0.012451759001123719
   947 |    37880 |     40 |  0.0037537382 |             f
L: 0.50, u_super: 0.00294, sec: 159.106, prod: 0.065667, t_ads: 65.4, t_des: 57.6, bed_util_ads: 0.499, bed_util_des: 0.499, des_th: 0.499246279459696,frac_lost: 0.101, li_recovered:  8.076, time: 0.013650996999786003
L: 13.97, u_super: 0.00795 — INFEASIBLE (li_recovered=0.000e+00), time: 0.007221796999147045
L: 55.77, u_super: 0.00674 — INFEASIBLE (li_recovered=0.000e+00), time: 0.002832341999237542
L: 0.50, u_super: 0.00990, sec: 576.015, prod: 0.224810, t_ads: 19.7, t_des: 17.9, bed_util_ads: 0.500, bed_util_des: 0.499, des_th: 0.49941800771673645,frac_lost: 0.102, li_recovered:  8.443, time: 0.0169072619992221
L: 0.50, u_super: 0.00753, sec: 489.555, prod: 0.148529, t_ads: 25.9, t_des: 32.7, bed_util_ads: 0.457, bed_util_des: 0.457, des_th: 0.45682811892355635,frac_lost: 0.105, li_recovered:  8.704, time: 0.01808892100052617
L: 0.50, u_super: 0.00370, sec: 201.301, prod: 0.082861, t_ads: 52.5, t_des: 46.5, bed_util_ads: 0.500, bed_util_des: 0.500, des_th: 0.49970637957251923,frac_lost: 0.106, li_recovered:  8.207, time: 0.013284214001032524
L: 0.50, u_super: 0.00209, sec: 113.360, prod: 0.045719, t_ads: 92.6, t_des: 79.5, bed_util_ads: 0.500, bed_util_des: 0.500, des_th: 0.49961697562018154,frac_lost: 0.108, li_recovered:  7.871, time: 0.014089804999457556
L: 0.50, u_super: 0.00457, sec: 249.823, prod: 0.102876, t_ads: 42.6, t_des: 38.9, bed_util_ads: 0.496, bed_util_des: 0.496, des_th: 0.4962387028835594,frac_lost: 0.104, li_recovered:  8.375, time: 0.014297202000307152
L: 27.37, u_super: 0.00455, sec: 24777.714, prod: 0.056250, t_ads: 2254.9, t_des: 5143.1, bed_util_ads: 0.260, bed_util_des: 0.186, des_th: 0.1864082375487424,frac_lost: 0.101, li_recovered:  416.131, time: 0.01906346800024039
L: 0.50, u_super: 0.00325, sec: 204.622, prod: 0.062673, t_ads: 59.8, t_des: 77.6, bed_util_ads: 0.450, bed_util_des: 0.449, des_th: 0.4486672507540322,frac_lost: 0.106, li_recovered:  8.612, time: 0.01404940900101792
L: 25.79, u_super: 0.00369 — INFEASIBLE (li_recovered=0.000e+00), time: 0.0039043119995767483
L: 0.50, u_super: 0.00324, sec: 175.400, prod: 0.072286, t_ads: 59.6, t_des: 52.4, bed_util_ads: 0.500, bed_util_des: 0.499, des_th: 0.4993184214687464,frac_lost: 0.101, li_recovered:  8.094, time: 0.015815693001059117
L: 0.50, u_super: 0.00064, sec: 243.525, prod: 0.001988, t_ads: 310.7, t_des: 4158.2, bed_util_ads: 0.190, bed_util_des: 0.154, des_th: 0.15431138110501766,frac_lost: 0.106, li_recovered:  8.885, time: 0.09945939799945336
L: 0.50, u_super: 0.00430, sec: 235.147, prod: 0.096717, t_ads: 45.2, t_des: 40.3, bed_util_ads: 0.498, bed_util_des: 0.498, des_th: 0.4982216479885644,frac_lost: 0.105, li_recovered:  8.269, time: 0.014098100999035523
L: 0.50, u_super: 0.00319, sec: 172.286, prod: 0.071339, t_ads: 60.5, t_des: 53.8, bed_util_ads: 0.499, bed_util_des: 0.498, des_th: 0.498367034769209,frac_lost: 0.101, li_recovered:  8.155, time: 0.01612650999959442
L: 0.50, u_super: 0.00444, sec: 271.597, prod: 0.089219, t_ads: 43.8, t_des: 53.1, bed_util_ads: 0.460, bed_util_des: 0.459, des_th: 0.4593990073180147,frac_lost: 0.103, li_recovered:  8.647, time: 0.01666205499896023
L: 0.50, u_super: 0.00652, sec: 364.445, prod: 0.147541, t_ads: 29.7, t_des: 26.6, bed_util_ads: 0.500, bed_util_des: 0.500, des_th: 0.4998257632224431,frac_lost: 0.101, li_recovered:  8.317, time: 0.013852799998858245
L: 0.50, u_super: 0.00665, sec: 373.696, prod: 0.150100, t_ads: 29.5, t_des: 26.4, bed_util_ads: 0.500, bed_util_des: 0.500, des_th: 0.49957348900255916,frac_lost: 0.109, li_recovered:  8.385, time: 0.01565310299884004
L: 0.50, u_super: 0.00877, sec: 504.523, prod: 0.198393, t_ads: 22.3, t_des: 20.0, bed_util_ads: 0.500, bed_util_des: 0.500, des_th: 0.4998320179178698,frac_lost: 0.107, li_recovered:  8.401, time: 0.012955337000676082
L: 0.50, u_super: 0.00080, sec: 43.868, prod: 0.016868, t_ads: 234.0, t_des: 229.5, bed_util_ads: 0.470, bed_util_des: 0.468, des_th: 0.46755906157752214,frac_lost: 0.101, li_recovered:  7.820, time: 0.012402917000144953
L: 0.50, u_super: 0.00577, sec: 329.709, prod: 0.126306, t_ads: 33.6, t_des: 34.8, bed_util_ads: 0.482, bed_util_des: 0.481, des_th: 0.48131618438230733,frac_lost: 0.101, li_recovered:  8.647, time: 0.01351925999915693
L: 0.50, u_super: 0.00451, sec: 247.086, prod: 0.101375, t_ads: 43.2, t_des: 38.5, bed_util_ads: 0.499, bed_util_des: 0.499, des_th: 0.4985619726550213,frac_lost: 0.106, li_recovered:  8.284, time: 0.011802368000644492
L: 73.38, u_super: 0.00365 — INFEASIBLE (li_recovered=0.000e+00), time: 0.0027085130004707025
L: 1.80, u_super: 0.00397, sec: 825.062, prod: 0.084360, t_ads: 172.0, t_des: 146.6, bed_util_ads: 0.493, bed_util_des: 0.492, des_th: 0.492503850807353,frac_lost: 0.108, li_recovered:  26.875, time: 0.016380551000111154
L: 0.50, u_super: 0.00807, sec: 461.137, prod: 0.182492, t_ads: 24.3, t_des: 22.2, bed_util_ads: 0.498, bed_util_des: 0.498, des_th: 0.4982216479885644,frac_lost: 0.108, li_recovered:  8.484, time: 0.017127474000517395
L: 38.13, u_super: 0.00091 — INFEASIBLE (li_recovered=0.000e+00), time: 0.0014548979997925926
L: 0.50, u_super: 0.00005 — INFEASIBLE (li_recovered=0.000e+00), time: 0.0027669539995258674
L: 0.50, u_super: 0.00762, sec: 432.434, prod: 0.172142, t_ads: 25.7, t_des: 23.3, bed_util_ads: 0.499, bed_util_des: 0.498, des_th: 0.4983671940949263,frac_lost: 0.108, li_recovered:  8.444, time: 0.021753618000730057
L: 0.50, u_super: 0.00143, sec: 84.179, prod: 0.028576, t_ads: 134.1, t_des: 159.1, bed_util_ads: 0.455, bed_util_des: 0.453, des_th: 0.45287590392192645,frac_lost: 0.103, li_recovered:  8.379, time: 0.023338400998909492
L: 0.50, u_super: 0.00766, sec: 433.603, prod: 0.173736, t_ads: 25.3, t_des: 23.4, bed_util_ads: 0.496, bed_util_des: 0.496, des_th: 0.49598177000000715,frac_lost: 0.100, li_recovered:  8.471, time: 0.02065047600081016
L: 0.50, u_super: 0.00443, sec: 242.154, prod: 0.099667, t_ads: 43.9, t_des: 39.6, bed_util_ads: 0.498, bed_util_des: 0.498, des_th: 0.49775101657018483,frac_lost: 0.105, li_recovered:  8.327, time: 0.02470568099852244
L: 0.50, u_super: 0.00263, sec: 142.402, prod: 0.058247, t_ads: 73.4, t_des: 63.8, bed_util_ads: 0.499, bed_util_des: 0.499, des_th: 0.4991496965604609,frac_lost: 0.103, li_recovered:  7.987, time: 0.018227143000331125
L: 0.50, u_super: 0.00789, sec: 448.572, prod: 0.178895, t_ads: 24.6, t_des: 22.0, bed_util_ads: 0.500, bed_util_des: 0.500, des_th: 0.49988810473185147,frac_lost: 0.101, li_recovered:  8.333, time: 0.014122167000095942
L: 0.50, u_super: 0.00043, sec: 24.967, prod: 0.008571, t_ads: 414.1, t_des: 414.4, bed_util_ads: 0.451, bed_util_des: 0.447, des_th: 0.44764114791331255,frac_lost: 0.100, li_recovered:  7.101, time: 0.012410123001245665
L: 0.50, u_super: 0.00087 — INFEASIBLE (li_recovered=0.000e+00), time: 0.008180463000826421
L: 6.53, u_super: 0.00935 — INFEASIBLE (li_recovered=0.000e+00), time: 0.007457257001078688
L: 0.50, u_super: 0.00115, sec: 63.505, prod: 0.024681, t_ads: 164.5, t_des: 167.4, bed_util_ads: 0.472, bed_util_des: 0.470, des_th: 0.47033195667535466,frac_lost: 0.104, li_recovered:  8.190, time: 0.01459328400051163
L: 0.50, u_super: 0.00319, sec: 180.997, prod: 0.067905, t_ads: 60.5, t_des: 65.7, bed_util_ads: 0.472, bed_util_des: 0.472, des_th: 0.471604698843362,frac_lost: 0.100, li_recovered:  8.575, time: 0.012528081999334972
L: 0.50, u_super: 0.00294, sec: 159.839, prod: 0.065366, t_ads: 65.6, t_des: 56.9, bed_util_ads: 0.500, bed_util_des: 0.500, des_th: 0.49986246176554844,frac_lost: 0.103, li_recovered:  8.006, time: 0.014464149999184883
L: 0.50, u_super: 0.00512, sec: 282.148, prod: 0.115553, t_ads: 37.9, t_des: 33.9, bed_util_ads: 0.500, bed_util_des: 0.500, des_th: 0.4998257632224431,frac_lost: 0.103, li_recovered:  8.299, time: 0.013357538000491331
   948 |    37920 |     40 |  0.0028975108 |             f
L: 0.50, u_super: 0.00609, sec: 339.158, prod: 0.137694, t_ads: 31.9, t_des: 28.5, bed_util_ads: 0.500, bed_util_des: 0.500, des_th: 0.4998257632224431,frac_lost: 0.102, li_recovered:  8.309, time: 0.009226332998878206
L: 44.73, u_super: 0.00980 — INFEASIBLE (li_recovered=0.000e+00), time: 0.005130333000124665
L: 0.50, u_super: 0.00102, sec: 60.433, prod: 0.020360, t_ads: 185.5, t_des: 218.6, bed_util_ads: 0.451, bed_util_des: 0.448, des_th: 0.44764114791331255,frac_lost: 0.104, li_recovered:  8.226, time: 0.010286853999787127
L: 0.50, u_super: 0.00431, sec: 235.740, prod: 0.096618, t_ads: 45.1, t_des: 39.7, bed_util_ads: 0.500, bed_util_des: 0.500, des_th: 0.49989819824800763,frac_lost: 0.104, li_recovered:  8.194, time: 0.01639204800085281
L: 0.50, u_super: 0.00512, sec: 289.970, prod: 0.112436, t_ads: 37.9, t_des: 38.9, bed_util_ads: 0.482, bed_util_des: 0.482, des_th: 0.4816190651912029,frac_lost: 0.102, li_recovered:  8.630, time: 0.01972739799930423
L: 0.50, u_super: 0.00005, sec: 4.324, prod: 0.000669, t_ads: 3431.3, t_des: 5857.7, bed_util_ads: 0.252, bed_util_des: 0.185, des_th: 0.1851696623157332,frac_lost: 0.102, li_recovered:  6.219, time: 0.02595018300053198
L: 0.50, u_super: 0.00586, sec: 324.815, prod: 0.132371, t_ads: 33.1, t_des: 29.7, bed_util_ads: 0.500, bed_util_des: 0.500, des_th: 0.499806025268249,frac_lost: 0.101, li_recovered:  8.314, time: 0.02141328200013959
L: 0.50, u_super: 0.00207, sec: 112.458, prod: 0.045338, t_ads: 93.3, t_des: 80.1, bed_util_ads: 0.500, bed_util_des: 0.500, des_th: 0.4996176776640043,frac_lost: 0.108, li_recovered:  7.863, time: 0.01519050199931371
L: 11.30, u_super: 0.00712 — INFEASIBLE (li_recovered=0.000e+00), time: 0.008839960999466712
L: 0.50, u_super: 0.00131, sec: 72.007, prod: 0.027966, t_ads: 145.7, t_des: 123.5, bed_util_ads: 0.497, bed_util_des: 0.496, des_th: 0.49630162185310617,frac_lost: 0.106, li_recovered:  7.528, time: 0.012087981000149739
L: 0.50, u_super: 0.00036 — INFEASIBLE (li_recovered=0.000e+00), time: 0.007643020999239525
L: 0.50, u_super: 0.00099 — INFEASIBLE (li_recovered=0.000e+00), time: 0.01021685100022296
L: 0.50, u_super: 0.00537, sec: 296.217, prod: 0.121118, t_ads: 36.2, t_des: 32.4, bed_util_ads: 0.500, bed_util_des: 0.500, des_th: 0.4998257632224431,frac_lost: 0.102, li_recovered:  8.304, time: 0.012393627999699675
L: 0.50, u_super: 0.00104 — INFEASIBLE (li_recovered=0.000e+00), time: 0.005464383000798989
L: 0.50, u_super: 0.00136, sec: 75.716, prod: 0.028862, t_ads: 139.2, t_des: 115.1, bed_util_ads: 0.499, bed_util_des: 0.499, des_th: 0.49920423966108307,frac_lost: 0.102, li_recovered:  7.340, time: 0.009139362000496476
L: 0.50, u_super: 0.00979, sec: 569.838, prod: 0.221713, t_ads: 20.0, t_des: 17.9, bed_util_ads: 0.500, bed_util_des: 0.500, des_th: 0.49995502085751975,frac_lost: 0.106, li_recovered:  8.404, time: 0.013450525999360252
L: 0.50, u_super: 0.00185, sec: 101.569, prod: 0.040191, t_ads: 103.0, t_des: 86.8, bed_util_ads: 0.500, bed_util_des: 0.500, des_th: 0.49988274611496825,frac_lost: 0.101, li_recovered:  7.627, time: 0.012988858001335757
L: 0.50, u_super: 0.00968, sec: 5602.277, prod: 0.022036, t_ads: 20.2, t_des: 378.2, bed_util_ads: 0.180, bed_util_des: 0.177, des_th: 0.1770881168697834,frac_lost: 0.103, li_recovered:  8.780, time: 0.1411930909998773
L: 0.50, u_super: 0.00395, sec: 215.444, prod: 0.088737, t_ads: 49.2, t_des: 43.9, bed_util_ads: 0.498, bed_util_des: 0.498, des_th: 0.4982216479885644,frac_lost: 0.106, li_recovered:  8.257, time: 0.015988379000191344
L: 0.50, u_super: 0.00942, sec: 545.635, prod: 0.213574, t_ads: 20.7, t_des: 18.8, bed_util_ads: 0.499, bed_util_des: 0.499, des_th: 0.4991832510552846,frac_lost: 0.105, li_recovered:  8.437, time: 0.013909811999837984
L: 0.50, u_super: 0.00288, sec: 156.216, prod: 0.064008, t_ads: 66.8, t_des: 58.1, bed_util_ads: 0.500, bed_util_des: 0.499, des_th: 0.4994185354250582,frac_lost: 0.101, li_recovered:  7.996, time: 0.01454892499896232
L: 0.50, u_super: 0.00528, sec: 291.139, prod: 0.119320, t_ads: 36.7, t_des: 33.3, bed_util_ads: 0.498, bed_util_des: 0.498, des_th: 0.4982126712839437,frac_lost: 0.103, li_recovered:  8.359, time: 0.02485020399944915
L: 0.50, u_super: 0.00082 — INFEASIBLE (li_recovered=0.000e+00), time: 0.013708135000342736
L: 0.50, u_super: 0.00104, sec: 74.771, prod: 0.017121, t_ads: 182.8, t_des: 305.3, bed_util_ads: 0.407, bed_util_des: 0.400, des_th: 0.4004874496011884,frac_lost: 0.101, li_recovered:  8.357, time: 0.028551383000376518
L: 0.50, u_super: 0.00870, sec: 500.044, prod: 0.196787, t_ads: 22.5, t_des: 20.7, bed_util_ads: 0.497, bed_util_des: 0.497, des_th: 0.4966544889335867,frac_lost: 0.106, li_recovered:  8.498, time: 0.021426966000944958
L: 4.01, u_super: 0.00686 — INFEASIBLE (li_recovered=0.000e+00), time: 0.02351069699943764
L: 0.50, u_super: 0.00866, sec: 509.020, prod: 0.191586, t_ads: 22.6, t_des: 22.7, bed_util_ads: 0.486, bed_util_des: 0.486, des_th: 0.486224192302794,frac_lost: 0.106, li_recovered:  8.675, time: 0.025843198000075063
L: 0.50, u_super: 0.00208, sec: 127.345, prod: 0.040612, t_ads: 92.5, t_des: 117.1, bed_util_ads: 0.450, bed_util_des: 0.448, des_th: 0.4482322271322251,frac_lost: 0.102, li_recovered:  8.511, time: 0.02366956700097944
L: 0.50, u_super: 0.00235, sec: 126.666, prod: 0.052252, t_ads: 82.0, t_des: 73.1, bed_util_ads: 0.497, bed_util_des: 0.496, des_th: 0.4964104274594571,frac_lost: 0.105, li_recovered:  8.106, time: 0.016130563000842812
L: 0.50, u_super: 0.00570, sec: 316.763, prod: 0.128502, t_ads: 34.0, t_des: 32.3, bed_util_ads: 0.493, bed_util_des: 0.492, des_th: 0.4925008912649742,frac_lost: 0.102, li_recovered:  8.526, time: 0.02252274700003909
L: 0.50, u_super: 0.00288, sec: 155.857, prod: 0.064136, t_ads: 67.0, t_des: 58.8, bed_util_ads: 0.499, bed_util_des: 0.499, des_th: 0.499246279459696,frac_lost: 0.103, li_recovered:  8.065, time: 0.026382586000181618
L: 0.50, u_super: 0.00856, sec: 491.713, prod: 0.193791, t_ads: 22.8, t_des: 20.5, bed_util_ads: 0.500, bed_util_des: 0.500, des_th: 0.4999533302593013,frac_lost: 0.107, li_recovered:  8.392, time: 0.02102433599975484
L: 26.82, u_super: 0.00910 — INFEASIBLE (li_recovered=0.000e+00), time: 0.004590174999975716
L: 0.50, u_super: 0.00718, sec: 404.423, prod: 0.162629, t_ads: 27.0, t_des: 24.2, bed_util_ads: 0.500, bed_util_des: 0.500, des_th: 0.4995733463846343,frac_lost: 0.100, li_recovered:  8.329, time: 0.033722243999363855
L: 0.50, u_super: 0.00598, sec: 332.329, prod: 0.135140, t_ads: 32.4, t_des: 29.0, bed_util_ads: 0.500, bed_util_des: 0.500, des_th: 0.4998257632224431,frac_lost: 0.101, li_recovered:  8.302, time: 0.0597739669992734
L: 0.50, u_super: 0.00005 — INFEASIBLE (li_recovered=0.000e+00), time: 0.005314273999829311
L: 0.50, u_super: 0.00455, sec: 249.649, prod: 0.102323, t_ads: 42.8, t_des: 38.1, bed_util_ads: 0.500, bed_util_des: 0.500, des_th: 0.4998004280271171,frac_lost: 0.106, li_recovered:  8.273, time: 0.04022635799992713
L: 0.50, u_super: 0.00557, sec: 308.009, prod: 0.125767, t_ads: 34.8, t_des: 32.7, bed_util_ads: 0.493, bed_util_des: 0.492, des_th: 0.49243659465114975,frac_lost: 0.100, li_recovered:  8.488, time: 0.01844833299946913
L: 0.50, u_super: 0.00935, sec: 541.129, prod: 0.212119, t_ads: 20.8, t_des: 18.7, bed_util_ads: 0.500, bed_util_des: 0.500, des_th: 0.499868986714474,frac_lost: 0.103, li_recovered:  8.384, time: 0.022288774000116973
L: 0.50, u_super: 0.00555, sec: 306.784, prod: 0.125418, t_ads: 34.9, t_des: 31.3, bed_util_ads: 0.500, bed_util_des: 0.500, des_th: 0.4995351675270711,frac_lost: 0.101, li_recovered:  8.300, time: 0.025666931998785003
   949 |    37960 |     40 |  0.0020891107 |             f
L: 0.50, u_super: 0.00934, sec: 540.783, prod: 0.211599, t_ads: 20.9, t_des: 19.0, bed_util_ads: 0.499, bed_util_des: 0.499, des_th: 0.49913307812614943,frac_lost: 0.106, li_recovered:  8.456, time: 0.026235374998577754
L: 25.52, u_super: 0.00805 — INFEASIBLE (li_recovered=0.000e+00), time: 0.003887675000441959
L: 0.50, u_super: 0.00801, sec: 455.834, prod: 0.181605, t_ads: 24.2, t_des: 21.6, bed_util_ads: 0.500, bed_util_des: 0.500, des_th: 0.49992351374086974,frac_lost: 0.100, li_recovered:  8.325, time: 0.017537137000545044
L: 14.60, u_super: 0.00735 — INFEASIBLE (li_recovered=0.000e+00), time: 0.0056826649997674394
L: 0.50, u_super: 0.00739, sec: 502.238, prod: 0.139319, t_ads: 26.4, t_des: 36.1, bed_util_ads: 0.447, bed_util_des: 0.446, des_th: 0.4459932695040941,frac_lost: 0.104, li_recovered:  8.705, time: 0.02254708999862487
L: 0.50, u_super: 0.00633, sec: 353.704, prod: 0.143176, t_ads: 30.7, t_des: 27.4, bed_util_ads: 0.500, bed_util_des: 0.500, des_th: 0.4997036650716152,frac_lost: 0.103, li_recovered:  8.321, time: 0.016547639001146308
L: 0.50, u_super: 0.00295, sec: 159.112, prod: 0.065751, t_ads: 65.6, t_des: 58.2, bed_util_ads: 0.498, bed_util_des: 0.498, des_th: 0.4982237703573073,frac_lost: 0.104, li_recovered:  8.141, time: 0.028379558001688565
L: 0.50, u_super: 0.00007 — INFEASIBLE (li_recovered=0.000e+00), time: 0.005363201000363915
L: 0.50, u_super: 0.00768, sec: 434.812, prod: 0.174078, t_ads: 25.3, t_des: 22.9, bed_util_ads: 0.500, bed_util_des: 0.499, des_th: 0.49944370440798713,frac_lost: 0.101, li_recovered:  8.386, time: 0.01583892999951786
L: 4.32, u_super: 0.00393 — INFEASIBLE (li_recovered=0.000e+00), time: 0.010139902000446455
L: 6.95, u_super: 0.00816 — INFEASIBLE (li_recovered=0.000e+00), time: 0.00584736600103497
L: 5.14, u_super: 0.00005 — INFEASIBLE (li_recovered=0.000e+00), time: 0.0016561390002607368
L: 0.50, u_super: 0.00181, sec: 99.415, prod: 0.039327, t_ads: 105.3, t_des: 88.7, bed_util_ads: 0.500, bed_util_des: 0.500, des_th: 0.49988274611496825,frac_lost: 0.102, li_recovered:  7.631, time: 0.013179410998418462
L: 1.40, u_super: 0.00633, sec: 1021.407, prod: 0.139187, t_ads: 85.6, t_des: 73.5, bed_util_ads: 0.500, bed_util_des: 0.500, des_th: 0.4996693359247911,frac_lost: 0.107, li_recovered:  22.143, time: 0.011751903999538627
L: 0.50, u_super: 0.00262, sec: 142.044, prod: 0.058057, t_ads: 73.5, t_des: 63.8, bed_util_ads: 0.499, bed_util_des: 0.499, des_th: 0.4991496965604609,frac_lost: 0.103, li_recovered:  7.976, time: 0.013995892000821186
L: 0.50, u_super: 0.00942, sec: 546.040, prod: 0.213415, t_ads: 20.8, t_des: 18.8, bed_util_ads: 0.500, bed_util_des: 0.500, des_th: 0.4999837119098613,frac_lost: 0.106, li_recovered:  8.441, time: 0.011948302999371663
L: 0.50, u_super: 0.00319, sec: 172.583, prod: 0.071216, t_ads: 61.0, t_des: 54.5, bed_util_ads: 0.498, bed_util_des: 0.498, des_th: 0.49822044122728276,frac_lost: 0.108, li_recovered:  8.226, time: 0.013738994000959792
L: 0.50, u_super: 0.00956, sec: 554.539, prod: 0.216636, t_ads: 20.4, t_des: 18.6, bed_util_ads: 0.500, bed_util_des: 0.499, des_th: 0.49941800771673645,frac_lost: 0.105, li_recovered:  8.449, time: 0.016453876000014134
L: 0.50, u_super: 0.00255, sec: 138.117, prod: 0.056438, t_ads: 75.6, t_des: 65.6, bed_util_ads: 0.500, bed_util_des: 0.500, des_th: 0.4999642885666595,frac_lost: 0.103, li_recovered:  7.971, time: 0.019213196999771753
L: 25.50, u_super: 0.00353 — INFEASIBLE (li_recovered=0.000e+00), time: 0.0027610010001808405
L: 0.50, u_super: 0.00041, sec: 24.253, prod: 0.008234, t_ads: 428.3, t_des: 423.9, bed_util_ads: 0.451, bed_util_des: 0.447, des_th: 0.44764114791331255,frac_lost: 0.102, li_recovered:  7.017, time: 0.02549677199931466
L: 0.50, u_super: 0.00672, sec: 376.399, prod: 0.152191, t_ads: 28.8, t_des: 25.9, bed_util_ads: 0.500, bed_util_des: 0.499, des_th: 0.49948699319003564,frac_lost: 0.100, li_recovered:  8.325, time: 0.021742618999269325
L: 0.50, u_super: 0.00489, sec: 268.329, prod: 0.110390, t_ads: 39.7, t_des: 36.3, bed_util_ads: 0.497, bed_util_des: 0.497, des_th: 0.49664305920777885,frac_lost: 0.103, li_recovered:  8.385, time: 0.015797549998751492
L: 0.50, u_super: 0.00054 — INFEASIBLE (li_recovered=0.000e+00), time: 0.004287933999876259
L: 0.50, u_super: 0.00942, sec: 545.830, prod: 0.213497, t_ads: 20.7, t_des: 18.8, bed_util_ads: 0.499, bed_util_des: 0.499, des_th: 0.4992397396533482,frac_lost: 0.105, li_recovered:  8.445, time: 0.017172646999824792
L: 50.29, u_super: 0.00430 — INFEASIBLE (li_recovered=0.000e+00), time: 0.0037260770004650112
L: 0.50, u_super: 0.00926, sec: 11730.543, prod: 0.009571, t_ads: 21.1, t_des: 896.9, bed_util_ads: 0.127, bed_util_des: 0.124, des_th: 0.12384085181201332,frac_lost: 0.101, li_recovered:  8.787, time: 0.35648902600041765
L: 16.90, u_super: 0.00167 — INFEASIBLE (li_recovered=0.000e+00), time: 0.0015626569984306116
L: 0.50, u_super: 0.00349, sec: 189.217, prod: 0.078090, t_ads: 55.7, t_des: 49.8, bed_util_ads: 0.498, bed_util_des: 0.498, des_th: 0.4982216479885644,frac_lost: 0.107, li_recovered:  8.241, time: 0.012209671000164235
L: 0.50, u_super: 0.00903, sec: 556.713, prod: 0.191596, t_ads: 21.6, t_des: 23.9, bed_util_ads: 0.474, bed_util_des: 0.474, des_th: 0.47355136039023354,frac_lost: 0.103, li_recovered:  8.707, time: 0.012726671000564238
L: 0.50, u_super: 0.00905, sec: 541.361, prod: 0.197593, t_ads: 21.6, t_des: 22.4, bed_util_ads: 0.483, bed_util_des: 0.482, des_th: 0.4823724912624347,frac_lost: 0.104, li_recovered:  8.696, time: 0.009870724001302733
L: 0.50, u_super: 0.00014, sec: 12.249, prod: 0.001882, t_ads: 1293.1, t_des: 2616.2, bed_util_ads: 0.305, bed_util_des: 0.257, des_th: 0.2575504355513368,frac_lost: 0.104, li_recovered:  7.357, time: 0.01712004199907824
L: 0.50, u_super: 0.00032, sec: 20.336, prod: 0.005848, t_ads: 528.4, t_des: 481.5, bed_util_ads: 0.448, bed_util_des: 0.447, des_th: 0.44764114791331255,frac_lost: 0.103, li_recovered:  5.906, time: 0.01154698299978918
L: 0.50, u_super: 0.00845, sec: 495.437, prod: 0.186798, t_ads: 23.2, t_des: 23.3, bed_util_ads: 0.487, bed_util_des: 0.486, des_th: 0.4862594998995461,frac_lost: 0.107, li_recovered:  8.674, time: 0.013569568000093568
L: 0.50, u_super: 0.00789, sec: 448.203, prod: 0.179042, t_ads: 24.6, t_des: 22.2, bed_util_ads: 0.499, bed_util_des: 0.499, des_th: 0.49906391320322335,frac_lost: 0.101, li_recovered:  8.381, time: 0.01042236499961291
L: 0.50, u_super: 0.00430, sec: 235.074, prod: 0.096747, t_ads: 45.2, t_des: 40.4, bed_util_ads: 0.499, bed_util_des: 0.499, des_th: 0.4987438424839617,frac_lost: 0.105, li_recovered:  8.277, time: 0.014510072000121
L: 0.50, u_super: 0.00485, sec: 266.220, prod: 0.109568, t_ads: 40.0, t_des: 36.6, bed_util_ads: 0.497, bed_util_des: 0.497, des_th: 0.4966389588340082,frac_lost: 0.102, li_recovered:  8.393, time: 0.023390387001199997
L: 0.50, u_super: 0.00307, sec: 193.432, prod: 0.058832, t_ads: 63.3, t_des: 83.0, bed_util_ads: 0.449, bed_util_des: 0.448, des_th: 0.44771238967845756,frac_lost: 0.105, li_recovered:  8.603, time: 0.026387197000076412
L: 0.50, u_super: 0.00037 — INFEASIBLE (li_recovered=0.000e+00), time: 0.008658492000904516
L: 0.50, u_super: 0.00877, sec: 522.823, prod: 0.191449, t_ads: 22.3, t_des: 23.1, bed_util_ads: 0.482, bed_util_des: 0.482, des_th: 0.4820313393672545,frac_lost: 0.104, li_recovered:  8.693, time: 0.018061692999253864
   950 |    38000 |     40 |  0.0025790358 |             f
L: 0.50, u_super: 0.00209, sec: 113.354, prod: 0.045721, t_ads: 91.7, t_des: 78.7, bed_util_ads: 0.499, bed_util_des: 0.499, des_th: 0.4991390429380218,frac_lost: 0.101, li_recovered:  7.789, time: 0.022251301999858697
L: 0.50, u_super: 0.00789, sec: 447.892, prod: 0.179005, t_ads: 24.6, t_des: 22.2, bed_util_ads: 0.500, bed_util_des: 0.500, des_th: 0.4998817137311505,frac_lost: 0.101, li_recovered:  8.384, time: 0.022969198998907814
L: 0.50, u_super: 0.00586, sec: 332.046, prod: 0.129488, t_ads: 33.1, t_des: 33.5, bed_util_ads: 0.485, bed_util_des: 0.484, des_th: 0.484387801508643,frac_lost: 0.101, li_recovered:  8.633, time: 0.02475564700034738
L: 0.50, u_super: 0.00722, sec: 406.301, prod: 0.163643, t_ads: 26.9, t_des: 24.3, bed_util_ads: 0.498, bed_util_des: 0.498, des_th: 0.4982238918692142,frac_lost: 0.100, li_recovered:  8.377, time: 0.022089715999754844
L: 0.50, u_super: 0.00391, sec: 1764.077, prod: 0.010613, t_ads: 50.1, t_des: 777.6, bed_util_ads: 0.192, bed_util_des: 0.185, des_th: 0.1851696623157332,frac_lost: 0.103, li_recovered:  8.784, time: 0.16643499199926737
L: 0.50, u_super: 0.00672, sec: 376.536, prod: 0.152136, t_ads: 28.8, t_des: 25.8, bed_util_ads: 0.500, bed_util_des: 0.500, des_th: 0.4996081649162477,frac_lost: 0.100, li_recovered:  8.314, time: 0.021363496000049054
L: 0.50, u_super: 0.00968, sec: 567.243, prod: 0.217637, t_ads: 20.2, t_des: 19.4, bed_util_ads: 0.491, bed_util_des: 0.491, des_th: 0.4910919818980775,frac_lost: 0.105, li_recovered:  8.624, time: 0.025570089001121232
L: 0.83, u_super: 0.00686, sec: 642.663, prod: 0.153881, t_ads: 46.8, t_des: 41.2, bed_util_ads: 0.500, bed_util_des: 0.500, des_th: 0.4998793318628642,frac_lost: 0.105, li_recovered:  13.535, time: 0.022887725999680697
L: 0.50, u_super: 0.00104, sec: 56.698, prod: 0.022578, t_ads: 180.1, t_des: 170.9, bed_util_ads: 0.479, bed_util_des: 0.478, des_th: 0.4778801879827731,frac_lost: 0.101, li_recovered:  7.924, time: 0.033820906000983086
L: 0.50, u_super: 0.00897, sec: 516.848, prod: 0.203137, t_ads: 21.8, t_des: 19.6, bed_util_ads: 0.500, bed_util_des: 0.500, des_th: 0.4998320179178698,frac_lost: 0.105, li_recovered:  8.401, time: 0.014929249000488198
L: 0.50, u_super: 0.00826, sec: 518.898, prod: 0.169948, t_ads: 23.6, t_des: 27.6, bed_util_ads: 0.467, bed_util_des: 0.467, des_th: 0.46673761362131394,frac_lost: 0.103, li_recovered:  8.705, time: 0.03294588999960979
L: 0.50, u_super: 0.00224, sec: 120.276, prod: 0.049628, t_ads: 86.4, t_des: 77.9, bed_util_ads: 0.495, bed_util_des: 0.495, des_th: 0.4946788167262738,frac_lost: 0.106, li_recovered:  8.150, time: 0.02041296099923784
L: 0.50, u_super: 0.00650, sec: 363.301, prod: 0.147021, t_ads: 29.9, t_des: 26.7, bed_util_ads: 0.500, bed_util_des: 0.500, des_th: 0.49966561842378115,frac_lost: 0.101, li_recovered:  8.318, time: 0.013198319998991792
L: 0.50, u_super: 0.00537, sec: 296.217, prod: 0.121118, t_ads: 36.2, t_des: 32.4, bed_util_ads: 0.500, bed_util_des: 0.500, des_th: 0.4998257632224431,frac_lost: 0.102, li_recovered:  8.304, time: 0.01799098999981652
L: 0.50, u_super: 0.00368, sec: 200.009, prod: 0.082410, t_ads: 52.8, t_des: 46.8, bed_util_ads: 0.500, bed_util_des: 0.500, des_th: 0.49970226386440647,frac_lost: 0.105, li_recovered:  8.208, time: 0.010395369999969262
L: 0.50, u_super: 0.00672, sec: 376.633, prod: 0.152096, t_ads: 28.9, t_des: 25.9, bed_util_ads: 0.500, bed_util_des: 0.499, des_th: 0.49949590069546695,frac_lost: 0.101, li_recovered:  8.328, time: 0.018637934001162648
L: 0.50, u_super: 0.00739, sec: 418.621, prod: 0.166966, t_ads: 26.5, t_des: 24.0, bed_util_ads: 0.498, bed_util_des: 0.498, des_th: 0.4982238918692142,frac_lost: 0.108, li_recovered:  8.442, time: 0.014332025000840076
L: 8.12, u_super: 0.00395 — INFEASIBLE (li_recovered=0.000e+00), time: 0.004772878000949277
L: 4.62, u_super: 0.00111 — INFEASIBLE (li_recovered=0.000e+00), time: 0.0026063049990625586
L: 0.50, u_super: 0.00810, sec: 555.277, prod: 0.152780, t_ads: 24.1, t_des: 32.9, bed_util_ads: 0.448, bed_util_des: 0.447, des_th: 0.4470223842861515,frac_lost: 0.104, li_recovered:  8.712, time: 0.011093251001511817
L: 0.50, u_super: 0.00512, sec: 282.308, prod: 0.115487, t_ads: 37.8, t_des: 33.5, bed_util_ads: 0.500, bed_util_des: 0.500, des_th: 0.49980499771379666,frac_lost: 0.101, li_recovered:  8.236, time: 0.010080845000629779
L: 0.50, u_super: 0.00813, sec: 464.999, prod: 0.183780, t_ads: 24.1, t_des: 22.1, bed_util_ads: 0.498, bed_util_des: 0.498, des_th: 0.4982216479885644,frac_lost: 0.108, li_recovered:  8.494, time: 0.011693624999679741
L: 0.50, u_super: 0.00006 — INFEASIBLE (li_recovered=0.000e+00), time: 0.0021921139996265993
L: 0.50, u_super: 0.00990, sec: 576.456, prod: 0.224638, t_ads: 19.7, t_des: 17.7, bed_util_ads: 0.500, bed_util_des: 0.499, des_th: 0.49943827585260475,frac_lost: 0.103, li_recovered:  8.405, time: 0.011955150999710895
L: 0.50, u_super: 0.00347, sec: 188.337, prod: 0.077773, t_ads: 55.9, t_des: 50.0, bed_util_ads: 0.499, bed_util_des: 0.498, des_th: 0.498367034769209,frac_lost: 0.106, li_recovered:  8.237, time: 0.013430426999548217
L: 0.50, u_super: 0.00877, sec: 505.998, prod: 0.197815, t_ads: 22.3, t_des: 21.0, bed_util_ads: 0.495, bed_util_des: 0.495, des_th: 0.49460017000455997,frac_lost: 0.106, li_recovered:  8.570, time: 0.011144435999085545
L: 0.50, u_super: 0.00366, sec: 199.104, prod: 0.082116, t_ads: 53.1, t_des: 47.6, bed_util_ads: 0.498, bed_util_des: 0.498, des_th: 0.4982216479885644,frac_lost: 0.107, li_recovered:  8.266, time: 0.008526230998540996
L: 0.50, u_super: 0.00070 — INFEASIBLE (li_recovered=0.000e+00), time: 0.00821143299981486
L: 0.50, u_super: 0.00586, sec: 337.086, prod: 0.127552, t_ads: 33.2, t_des: 34.7, bed_util_ads: 0.481, bed_util_des: 0.480, des_th: 0.48041845903296904,frac_lost: 0.102, li_recovered:  8.656, time: 0.016731194000385585
L: 0.50, u_super: 0.00891, sec: 513.275, prod: 0.201584, t_ads: 22.0, t_des: 19.7, bed_util_ads: 0.500, bed_util_des: 0.500, des_th: 0.49983573541874454,frac_lost: 0.106, li_recovered:  8.401, time: 0.012446988001102
L: 0.50, u_super: 0.00104, sec: 57.759, prod: 0.022163, t_ads: 182.2, t_des: 185.4, bed_util_ads: 0.471, bed_util_des: 0.469, des_th: 0.4689637773858737,frac_lost: 0.108, li_recovered:  8.148, time: 0.011610298999585211
L: 0.50, u_super: 0.00917, sec: 530.127, prod: 0.207559, t_ads: 21.4, t_des: 19.3, bed_util_ads: 0.500, bed_util_des: 0.500, des_th: 0.4998320179178698,frac_lost: 0.107, li_recovered:  8.441, time: 0.010295703001247603
L: 0.50, u_super: 0.00432, sec: 245.828, prod: 0.093464, t_ads: 45.0, t_des: 47.3, bed_util_ads: 0.478, bed_util_des: 0.478, des_th: 0.4778473902495732,frac_lost: 0.104, li_recovered:  8.624, time: 0.008414148000156274
L: 0.50, u_super: 0.00294, sec: 159.106, prod: 0.065667, t_ads: 65.4, t_des: 57.6, bed_util_ads: 0.499, bed_util_des: 0.499, des_th: 0.499246279459696,frac_lost: 0.101, li_recovered:  8.076, time: 0.010098005999680026
L: 0.50, u_super: 0.00990, sec: 576.015, prod: 0.224810, t_ads: 19.7, t_des: 17.9, bed_util_ads: 0.500, bed_util_des: 0.499, des_th: 0.49941800771673645,frac_lost: 0.102, li_recovered:  8.443, time: 0.01308772499942279
L: 0.50, u_super: 0.00823, sec: 477.471, prod: 0.183511, t_ads: 23.8, t_des: 23.3, bed_util_ads: 0.490, bed_util_des: 0.490, des_th: 0.4898298586503224,frac_lost: 0.108, li_recovered:  8.647, time: 0.00964133699926606
L: 0.50, u_super: 0.00856, sec: 491.491, prod: 0.193856, t_ads: 22.8, t_des: 20.7, bed_util_ads: 0.500, bed_util_des: 0.500, des_th: 0.4998320179178698,frac_lost: 0.107, li_recovered:  8.437, time: 0.00805613200100197
L: 0.96, u_super: 0.00570, sec: 608.824, prod: 0.127772, t_ads: 64.6, t_des: 59.1, bed_util_ads: 0.494, bed_util_des: 0.494, des_th: 0.49402240824464816,frac_lost: 0.102, li_recovered:  15.804, time: 0.01006204199984495
L: 0.50, u_super: 0.00877, sec: 504.292, prod: 0.198506, t_ads: 22.3, t_des: 20.0, bed_util_ads: 0.500, bed_util_des: 0.500, des_th: 0.4999533302593013,frac_lost: 0.106, li_recovered:  8.393, time: 0.012298616999032674
L: 0.50, u_super: 0.00712, sec: 402.753, prod: 0.160558, t_ads: 27.5, t_des: 25.5, bed_util_ads: 0.496, bed_util_des: 0.496, des_th: 0.49558163766528796,frac_lost: 0.109, li_recovered:  8.518, time: 0.00990074800029106
   951 |    38040 |     40 |  0.0014896027 |             f
L: 0.50, u_super: 0.00684, sec: 384.816, prod: 0.154397, t_ads: 28.6, t_des: 25.7, bed_util_ads: 0.500, bed_util_des: 0.499, des_th: 0.49948699319003564,frac_lost: 0.108, li_recovered:  8.382, time: 0.010084822999488097
L: 0.50, u_super: 0.00104, sec: 56.718, prod: 0.022570, t_ads: 180.3, t_des: 169.4, bed_util_ads: 0.481, bed_util_des: 0.480, des_th: 0.47976534459512027,frac_lost: 0.102, li_recovered:  7.895, time: 0.013785441999061732
L: 18.99, u_super: 0.00011 — INFEASIBLE (li_recovered=0.000e+00), time: 0.001489199999923585
L: 0.50, u_super: 0.00877, sec: 504.292, prod: 0.198506, t_ads: 22.3, t_des: 20.0, bed_util_ads: 0.500, bed_util_des: 0.500, des_th: 0.4999533302593013,frac_lost: 0.106, li_recovered:  8.393, time: 0.009179128999676323
L: 4.02, u_super: 0.00074 — INFEASIBLE (li_recovered=0.000e+00), time: 0.0032215580013144063
L: 0.50, u_super: 0.00812, sec: 461.990, prod: 0.184348, t_ads: 23.9, t_des: 21.9, bed_util_ads: 0.498, bed_util_des: 0.498, des_th: 0.498160625451164,frac_lost: 0.100, li_recovered:  8.433, time: 0.010055196000394062
L: 4.95, u_super: 0.00452 — INFEASIBLE (li_recovered=0.000e+00), time: 0.0065430610011389945
L: 7.45, u_super: 0.00563, sec: 6069.664, prod: 0.097117, t_ads: 481.3, t_des: 679.8, bed_util_ads: 0.400, bed_util_des: 0.388, des_th: 0.3877790441111225,frac_lost: 0.101, li_recovered:  112.758, time: 0.012355806999039487
L: 0.50, u_super: 0.00063, sec: 35.880, prod: 0.012779, t_ads: 293.7, t_des: 257.0, bed_util_ads: 0.479, bed_util_des: 0.478, des_th: 0.4777168291686885,frac_lost: 0.106, li_recovered:  7.037, time: 0.011336547999235336
L: 0.50, u_super: 0.00737, sec: 415.761, prod: 0.167144, t_ads: 26.3, t_des: 23.8, bed_util_ads: 0.498, bed_util_des: 0.498, des_th: 0.4982333857848773,frac_lost: 0.100, li_recovered:  8.383, time: 0.010752350000984734
L: 0.50, u_super: 0.00524, sec: 288.748, prod: 0.118199, t_ads: 37.0, t_des: 33.1, bed_util_ads: 0.500, bed_util_des: 0.500, des_th: 0.49983205509239925,frac_lost: 0.102, li_recovered:  8.296, time: 0.007784949999404489
L: 0.50, u_super: 0.00319, sec: 172.790, prod: 0.071130, t_ads: 60.5, t_des: 53.1, bed_util_ads: 0.500, bed_util_des: 0.500, des_th: 0.4995672186756698,frac_lost: 0.102, li_recovered:  8.084, time: 0.01476300299873401
L: 0.50, u_super: 0.00518, sec: 285.686, prod: 0.116869, t_ads: 37.5, t_des: 33.4, bed_util_ads: 0.500, bed_util_des: 0.500, des_th: 0.4998257632224431,frac_lost: 0.103, li_recovered:  8.287, time: 0.008712099999684142
L: 23.81, u_super: 0.00907 — INFEASIBLE (li_recovered=0.000e+00), time: 0.0034390390010230476
L: 0.50, u_super: 0.00732, sec: 414.117, prod: 0.165618, t_ads: 26.7, t_des: 24.5, bed_util_ads: 0.497, bed_util_des: 0.497, des_th: 0.4971173620177161,frac_lost: 0.106, li_recovered:  8.481, time: 0.008401862000027904
L: 0.50, u_super: 0.00644, sec: 359.935, prod: 0.145832, t_ads: 30.1, t_des: 26.9, bed_util_ads: 0.500, bed_util_des: 0.500, des_th: 0.49970520740176927,frac_lost: 0.101, li_recovered:  8.314, time: 0.010731767999459407
L: 29.09, u_super: 0.00234 — INFEASIBLE (li_recovered=0.000e+00), time: 0.0016886329995031701
L: 0.50, u_super: 0.00602, sec: 334.722, prod: 0.136077, t_ads: 32.3, t_des: 29.2, bed_util_ads: 0.499, bed_util_des: 0.498, des_th: 0.4983442200776063,frac_lost: 0.103, li_recovered:  8.369, time: 0.008751829000175348
L: 0.50, u_super: 0.00395, sec: 215.444, prod: 0.088737, t_ads: 49.2, t_des: 43.9, bed_util_ads: 0.498, bed_util_des: 0.498, des_th: 0.4982216479885644,frac_lost: 0.106, li_recovered:  8.257, time: 0.012151838000136195
L: 0.50, u_super: 0.00173, sec: 93.520, prod: 0.037856, t_ads: 110.6, t_des: 96.8, bed_util_ads: 0.495, bed_util_des: 0.495, des_th: 0.494524046021261,frac_lost: 0.102, li_recovered:  7.850, time: 0.010520656000153394
L: 0.50, u_super: 0.00347, sec: 228.939, prod: 0.064061, t_ads: 55.9, t_des: 78.8, bed_util_ads: 0.441, bed_util_des: 0.439, des_th: 0.43947145040903013,frac_lost: 0.103, li_recovered:  8.629, time: 0.010736923000877141
L: 0.50, u_super: 0.00956, sec: 554.539, prod: 0.216636, t_ads: 20.4, t_des: 18.6, bed_util_ads: 0.500, bed_util_des: 0.499, des_th: 0.49941800771673645,frac_lost: 0.105, li_recovered:  8.449, time: 0.009963935999621754
L: 0.50, u_super: 0.00300, sec: 162.536, prod: 0.066914, t_ads: 64.2, t_des: 56.3, bed_util_ads: 0.499, bed_util_des: 0.499, des_th: 0.49894029721083183,frac_lost: 0.102, li_recovered:  8.067, time: 0.008558093000829103
L: 0.50, u_super: 0.00433, sec: 251.358, prod: 0.091495, t_ads: 44.9, t_des: 49.4, bed_util_ads: 0.473, bed_util_des: 0.472, des_th: 0.4720224295076365,frac_lost: 0.104, li_recovered:  8.634, time: 0.011728805000529974
L: 0.50, u_super: 0.00590, sec: 327.807, prod: 0.133403, t_ads: 32.9, t_des: 29.4, bed_util_ads: 0.500, bed_util_des: 0.500, des_th: 0.49988783795530267,frac_lost: 0.102, li_recovered:  8.314, time: 0.009754898001119727
L: 0.50, u_super: 0.00574, sec: 318.030, prod: 0.129715, t_ads: 33.8, t_des: 30.2, bed_util_ads: 0.500, bed_util_des: 0.500, des_th: 0.4996693359247911,frac_lost: 0.101, li_recovered:  8.304, time: 0.009444725999856018
L: 0.50, u_super: 0.00537, sec: 296.217, prod: 0.121118, t_ads: 36.2, t_des: 32.4, bed_util_ads: 0.500, bed_util_des: 0.500, des_th: 0.4998257632224431,frac_lost: 0.102, li_recovered:  8.304, time: 0.009494657000686857
L: 0.50, u_super: 0.00215, sec: 116.879, prod: 0.047220, t_ads: 89.8, t_des: 77.2, bed_util_ads: 0.499, bed_util_des: 0.499, des_th: 0.4991496965604609,frac_lost: 0.108, li_recovered:  7.887, time: 0.009870809000858571
L: 0.50, u_super: 0.00979, sec: 5136.119, prod: 0.024618, t_ads: 20.0, t_des: 336.6, bed_util_ads: 0.188, bed_util_des: 0.185, des_th: 0.1851696623157332,frac_lost: 0.104, li_recovered:  8.780, time: 0.08895944799951394
L: 0.50, u_super: 0.00211, sec: 114.432, prod: 0.046195, t_ads: 91.7, t_des: 78.8, bed_util_ads: 0.499, bed_util_des: 0.499, des_th: 0.49912954902173895,frac_lost: 0.107, li_recovered:  7.874, time: 0.016771168000559555
L: 0.50, u_super: 0.00869, sec: 499.610, prod: 0.196763, t_ads: 22.5, t_des: 20.2, bed_util_ads: 0.500, bed_util_des: 0.500, des_th: 0.4998377599442945,frac_lost: 0.106, li_recovered:  8.399, time: 0.013499401000444777
L: 0.50, u_super: 0.00104, sec: 59.969, prod: 0.021346, t_ads: 181.1, t_des: 203.4, bed_util_ads: 0.458, bed_util_des: 0.455, des_th: 0.4547247811066399,frac_lost: 0.102, li_recovered:  8.209, time: 0.013006924000364961
L: 20.72, u_super: 0.00644 — INFEASIBLE (li_recovered=0.000e+00), time: 0.004591611001160345
L: 0.50, u_super: 0.00023 — INFEASIBLE (li_recovered=0.000e+00), time: 0.005783897000583238
L: 0.50, u_super: 0.00182, sec: 99.315, prod: 0.039695, t_ads: 104.8, t_des: 89.5, bed_util_ads: 0.500, bed_util_des: 0.499, des_th: 0.49944370440798713,frac_lost: 0.102, li_recovered:  7.714, time: 0.012245318999703159
L: 0.50, u_super: 0.00377, sec: 205.269, prod: 0.084351, t_ads: 51.7, t_des: 45.7, bed_util_ads: 0.500, bed_util_des: 0.500, des_th: 0.49967050809554114,frac_lost: 0.107, li_recovered:  8.210, time: 0.013071553999907337
L: 13.90, u_super: 0.00394 — INFEASIBLE (li_recovered=0.000e+00), time: 0.0036547189993143547
L: 0.50, u_super: 0.00246, sec: 133.487, prod: 0.054469, t_ads: 78.3, t_des: 68.0, bed_util_ads: 0.500, bed_util_des: 0.500, des_th: 0.499947753564308,frac_lost: 0.105, li_recovered:  7.969, time: 0.013337330001377268
L: 0.50, u_super: 0.00819, sec: 468.441, prod: 0.185340, t_ads: 23.9, t_des: 21.7, bed_util_ads: 0.500, bed_util_des: 0.499, des_th: 0.49938053362854967,frac_lost: 0.108, li_recovered:  8.448, time: 0.009919341000568238
L: 0.50, u_super: 0.00203, sec: 124.755, prod: 0.039381, t_ads: 94.8, t_des: 121.1, bed_util_ads: 0.449, bed_util_des: 0.446, des_th: 0.44648140434905337,frac_lost: 0.102, li_recovered:  8.505, time: 0.01468574700083991
   952 |    38080 |     40 |  0.0030573013 |             f
L: 0.50, u_super: 0.00602, sec: 334.419, prod: 0.136200, t_ads: 32.2, t_des: 29.3, bed_util_ads: 0.499, bed_util_des: 0.498, des_th: 0.49852143452960895,frac_lost: 0.102, li_recovered:  8.376, time: 0.012177148000773741
L: 0.50, u_super: 0.00818, sec: 467.455, prod: 0.185013, t_ads: 23.9, t_des: 21.7, bed_util_ads: 0.500, bed_util_des: 0.499, des_th: 0.49938053362854967,frac_lost: 0.107, li_recovered:  8.447, time: 0.015794177999850945
L: 0.50, u_super: 0.00851, sec: 488.431, prod: 0.192709, t_ads: 23.0, t_des: 20.8, bed_util_ads: 0.500, bed_util_des: 0.500, des_th: 0.4996693359247911,frac_lost: 0.107, li_recovered:  8.439, time: 0.01606427899969276
L: 0.50, u_super: 0.00182, sec: 99.803, prod: 0.039501, t_ads: 104.7, t_des: 88.3, bed_util_ads: 0.500, bed_util_des: 0.500, des_th: 0.49981055341408726,frac_lost: 0.101, li_recovered:  7.622, time: 0.01618968299953849
L: 0.50, u_super: 0.00028 — INFEASIBLE (li_recovered=0.000e+00), time: 0.007693556000958779
L: 0.50, u_super: 0.00549, sec: 302.866, prod: 0.124022, t_ads: 35.3, t_des: 31.8, bed_util_ads: 0.499, bed_util_des: 0.499, des_th: 0.4987438424839617,frac_lost: 0.100, li_recovered:  8.314, time: 0.015986769998562522
L: 0.50, u_super: 0.00859, sec: 493.423, prod: 0.194559, t_ads: 22.7, t_des: 20.9, bed_util_ads: 0.498, bed_util_des: 0.498, des_th: 0.4982216479885644,frac_lost: 0.106, li_recovered:  8.489, time: 0.01509873600116407
L: 0.50, u_super: 0.00768, sec: 465.751, prod: 0.162514, t_ads: 25.5, t_des: 28.0, bed_util_ads: 0.475, bed_util_des: 0.474, des_th: 0.47449948988864366,frac_lost: 0.107, li_recovered:  8.699, time: 0.02616035000028205
L: 0.50, u_super: 0.00813, sec: 464.226, prod: 0.184058, t_ads: 24.0, t_des: 21.8, bed_util_ads: 0.498, bed_util_des: 0.498, des_th: 0.498160625451164,frac_lost: 0.106, li_recovered:  8.440, time: 0.01942880500064348
L: 0.50, u_super: 0.00989, sec: 576.875, prod: 0.224090, t_ads: 19.8, t_des: 18.0, bed_util_ads: 0.500, bed_util_des: 0.499, des_th: 0.49941800771673645,frac_lost: 0.107, li_recovered:  8.459, time: 0.012369867999950657
L: 15.82, u_super: 0.00031 — INFEASIBLE (li_recovered=0.000e+00), time: 0.0015299059996323194
L: 13.12, u_super: 0.00346 — INFEASIBLE (li_recovered=0.000e+00), time: 0.002687438998691505
L: 4.69, u_super: 0.00457, sec: 10866.394, prod: 0.022180, t_ads: 407.0, t_des: 3307.4, bed_util_ads: 0.224, bed_util_des: 0.185, des_th: 0.1851696623157332,frac_lost: 0.103, li_recovered:  82.386, time: 0.048077731999001116
L: 0.50, u_super: 0.00537, sec: 296.217, prod: 0.121118, t_ads: 36.2, t_des: 32.4, bed_util_ads: 0.500, bed_util_des: 0.500, des_th: 0.4998257632224431,frac_lost: 0.102, li_recovered:  8.304, time: 0.014537343999108998
L: 0.50, u_super: 0.00103 — INFEASIBLE (li_recovered=0.000e+00), time: 0.010998453000865993
L: 0.50, u_super: 0.00772, sec: 438.527, prod: 0.174444, t_ads: 25.4, t_des: 23.0, bed_util_ads: 0.500, bed_util_des: 0.500, des_th: 0.4995670076531753,frac_lost: 0.108, li_recovered:  8.438, time: 0.016515508001248236
L: 26.22, u_super: 0.00447 — INFEASIBLE (li_recovered=0.000e+00), time: 0.0035049650014116196
L: 0.50, u_super: 0.00182, sec: 99.315, prod: 0.039695, t_ads: 104.8, t_des: 89.5, bed_util_ads: 0.500, bed_util_des: 0.499, des_th: 0.49944370440798713,frac_lost: 0.102, li_recovered:  7.714, time: 0.015062706999742659
L: 36.69, u_super: 0.00151 — INFEASIBLE (li_recovered=0.000e+00), time: 0.001209383999594138
L: 0.50, u_super: 0.00706, sec: 396.645, prod: 0.160014, t_ads: 27.5, t_des: 24.8, bed_util_ads: 0.499, bed_util_des: 0.499, des_th: 0.4993799718258475,frac_lost: 0.100, li_recovered:  8.371, time: 0.00936295599967707
L: 0.50, u_super: 0.00346, sec: 187.216, prod: 0.077676, t_ads: 55.7, t_des: 52.6, bed_util_ads: 0.491, bed_util_des: 0.491, des_th: 0.49107200643994275,frac_lost: 0.100, li_recovered:  8.417, time: 0.013916234000134864
L: 0.50, u_super: 0.00148, sec: 81.309, prod: 0.032038, t_ads: 129.0, t_des: 110.0, bed_util_ads: 0.497, bed_util_des: 0.497, des_th: 0.4971173620177161,frac_lost: 0.108, li_recovered:  7.656, time: 0.015009552000265103
L: 0.50, u_super: 0.00638, sec: 356.302, prod: 0.144447, t_ads: 30.4, t_des: 27.2, bed_util_ads: 0.500, bed_util_des: 0.500, des_th: 0.4998320179178698,frac_lost: 0.101, li_recovered:  8.316, time: 0.011510053000165499
L: 0.50, u_super: 0.00917, sec: 530.127, prod: 0.207559, t_ads: 21.4, t_des: 19.3, bed_util_ads: 0.500, bed_util_des: 0.500, des_th: 0.4998320179178698,frac_lost: 0.107, li_recovered:  8.441, time: 0.011329013999784365
L: 6.63, u_super: 0.00525, sec: 16864.480, prod: 0.026928, t_ads: 505.1, t_des: 3834.5, bed_util_ads: 0.226, bed_util_des: 0.180, des_th: 0.17987788624409706,frac_lost: 0.105, li_recovered:  116.858, time: 0.040341771999010234
L: 0.50, u_super: 0.00410, sec: 223.426, prod: 0.091952, t_ads: 47.3, t_des: 41.9, bed_util_ads: 0.500, bed_util_des: 0.500, des_th: 0.49966561842378115,frac_lost: 0.103, li_recovered:  8.209, time: 0.007080989998939913
L: 0.50, u_super: 0.00413, sec: 225.479, prod: 0.092543, t_ads: 47.1, t_des: 41.5, bed_util_ads: 0.500, bed_util_des: 0.500, des_th: 0.4999533302593013,frac_lost: 0.105, li_recovered:  8.202, time: 0.009493957999438862
L: 0.50, u_super: 0.00063 — INFEASIBLE (li_recovered=0.000e+00), time: 0.0041355640005349414
L: 0.50, u_super: 0.00711, sec: 401.331, prod: 0.160533, t_ads: 27.5, t_des: 24.7, bed_util_ads: 0.500, bed_util_des: 0.500, des_th: 0.49957348900255916,frac_lost: 0.108, li_recovered:  8.378, time: 0.011496442000861862
L: 0.50, u_super: 0.00051 — INFEASIBLE (li_recovered=0.000e+00), time: 0.006832437999037211
L: 0.50, u_super: 0.00395, sec: 215.281, prod: 0.088805, t_ads: 49.1, t_des: 43.9, bed_util_ads: 0.499, bed_util_des: 0.499, des_th: 0.4986312311270449,frac_lost: 0.105, li_recovered:  8.263, time: 0.011048640999433701
L: 0.50, u_super: 0.00856, sec: 491.491, prod: 0.193856, t_ads: 22.8, t_des: 20.7, bed_util_ads: 0.500, bed_util_des: 0.500, des_th: 0.4998320179178698,frac_lost: 0.107, li_recovered:  8.437, time: 0.010473502999957418
L: 0.50, u_super: 0.00011 — INFEASIBLE (li_recovered=0.000e+00), time: 0.0042372710013296455
L: 0.50, u_super: 0.00895, sec: 516.415, prod: 0.202545, t_ads: 21.9, t_des: 19.8, bed_util_ads: 0.500, bed_util_des: 0.500, des_th: 0.4998320179178698,frac_lost: 0.108, li_recovered:  8.441, time: 0.014374230000612442
L: 15.70, u_super: 0.00301 — INFEASIBLE (li_recovered=0.000e+00), time: 0.0025612170011299895
L: 0.50, u_super: 0.00708, sec: 399.755, prod: 0.159919, t_ads: 27.7, t_des: 25.1, bed_util_ads: 0.500, bed_util_des: 0.499, des_th: 0.499450185757371,frac_lost: 0.109, li_recovered:  8.436, time: 0.016060474999903818
L: 0.50, u_super: 0.00812, sec: 463.445, prod: 0.183769, t_ads: 24.1, t_des: 21.9, bed_util_ads: 0.499, bed_util_des: 0.498, des_th: 0.49837018476862754,frac_lost: 0.106, li_recovered:  8.446, time: 0.018458664999343455
L: 0.50, u_super: 0.00861, sec: 494.566, prod: 0.194882, t_ads: 22.7, t_des: 20.6, bed_util_ads: 0.500, bed_util_des: 0.500, des_th: 0.49986383637911874,frac_lost: 0.107, li_recovered:  8.453, time: 0.011131324999951175
L: 0.50, u_super: 0.00005, sec: 4.329, prod: 0.000669, t_ads: 3531.3, t_des: 6287.5, bed_util_ads: 0.250, bed_util_des: 0.177, des_th: 0.1772348247145655,frac_lost: 0.103, li_recovered:  6.566, time: 0.01572517300155596
L: 3.03, u_super: 0.00812, sec: 2998.800, prod: 0.172244, t_ads: 141.4, t_des: 117.3, bed_util_ads: 0.498, bed_util_des: 0.498, des_th: 0.4981633937025316,frac_lost: 0.102, li_recovered:  44.565, time: 0.011195410001164419
   953 |    38120 |     40 |  0.0015131057 |             f
L: 0.50, u_super: 0.00319, sec: 172.853, prod: 0.071105, t_ads: 60.6, t_des: 53.2, bed_util_ads: 0.499, bed_util_des: 0.499, des_th: 0.4992391594930861,frac_lost: 0.103, li_recovered:  8.090, time: 0.012841899999330053
L: 0.50, u_super: 0.00457, sec: 250.273, prod: 0.102691, t_ads: 42.6, t_des: 38.0, bed_util_ads: 0.500, bed_util_des: 0.499, des_th: 0.4994148737324439,frac_lost: 0.105, li_recovered:  8.274, time: 0.009168946999125183
L: 15.86, u_super: 0.00769 — INFEASIBLE (li_recovered=0.000e+00), time: 0.0038099060002423357
L: 0.50, u_super: 0.00600, sec: 333.322, prod: 0.135576, t_ads: 32.4, t_des: 29.3, bed_util_ads: 0.499, bed_util_des: 0.499, des_th: 0.49852143452960895,frac_lost: 0.103, li_recovered:  8.363, time: 0.008563765999497264
L: 0.50, u_super: 0.00990, sec: 576.015, prod: 0.224810, t_ads: 19.7, t_des: 17.9, bed_util_ads: 0.500, bed_util_des: 0.499, des_th: 0.49941800771673645,frac_lost: 0.102, li_recovered:  8.443, time: 0.012053742000716738
L: 66.76, u_super: 0.00509 — INFEASIBLE (li_recovered=0.000e+00), time: 0.0030432549992838176
L: 32.41, u_super: 0.00812 — INFEASIBLE (li_recovered=0.000e+00), time: 0.0024610309992567636
L: 0.50, u_super: 0.00030 — INFEASIBLE (li_recovered=0.000e+00), time: 0.004225131000566762
L: 0.50, u_super: 0.00251, sec: 136.265, prod: 0.055612, t_ads: 76.7, t_des: 66.5, bed_util_ads: 0.500, bed_util_des: 0.500, des_th: 0.49970637957251923,frac_lost: 0.104, li_recovered:  7.966, time: 0.012711625000520144
L: 0.50, u_super: 0.00974, sec: 5022.395, prod: 0.024896, t_ads: 20.1, t_des: 332.5, bed_util_ads: 0.189, bed_util_des: 0.186, des_th: 0.18635839238624435,frac_lost: 0.103, li_recovered:  8.778, time: 0.10854303899941442
L: 0.50, u_super: 0.00570, sec: 315.506, prod: 0.129014, t_ads: 34.0, t_des: 30.7, bed_util_ads: 0.498, bed_util_des: 0.498, des_th: 0.49816685487527973,frac_lost: 0.100, li_recovered:  8.348, time: 0.016353503000573255
L: 0.50, u_super: 0.00436, sec: 238.300, prod: 0.098147, t_ads: 44.6, t_des: 40.3, bed_util_ads: 0.499, bed_util_des: 0.498, des_th: 0.49837253572538437,frac_lost: 0.105, li_recovered:  8.327, time: 0.012095517999114236
L: 0.50, u_super: 0.00054 — INFEASIBLE (li_recovered=0.000e+00), time: 0.006282229000134976
L: 0.50, u_super: 0.00212, sec: 114.506, prod: 0.046645, t_ads: 91.4, t_des: 88.1, bed_util_ads: 0.485, bed_util_des: 0.484, des_th: 0.4844306705708216,frac_lost: 0.108, li_recovered:  8.372, time: 0.00892835299964645
L: 0.50, u_super: 0.00043, sec: 24.981, prod: 0.008566, t_ads: 414.4, t_des: 409.0, bed_util_ads: 0.453, bed_util_des: 0.450, des_th: 0.4500628145636022,frac_lost: 0.101, li_recovered:  7.053, time: 0.009373208000397426
L: 0.50, u_super: 0.00248, sec: 134.616, prod: 0.054954, t_ads: 77.5, t_des: 67.3, bed_util_ads: 0.499, bed_util_des: 0.499, des_th: 0.4991496965604609,frac_lost: 0.103, li_recovered:  7.955, time: 0.008986584000012954
L: 0.50, u_super: 0.00052 — INFEASIBLE (li_recovered=0.000e+00), time: 0.009591231999365846
L: 0.50, u_super: 0.00063, sec: 35.880, prod: 0.012779, t_ads: 293.7, t_des: 257.0, bed_util_ads: 0.479, bed_util_des: 0.478, des_th: 0.4777168291686885,frac_lost: 0.106, li_recovered:  7.037, time: 0.009139858000708045
L: 1.59, u_super: 0.00282 — INFEASIBLE (li_recovered=0.000e+00), time: 0.005122970000229543
L: 0.50, u_super: 0.00920, sec: 531.590, prod: 0.208472, t_ads: 21.2, t_des: 19.3, bed_util_ads: 0.500, bed_util_des: 0.500, des_th: 0.4995602731544178,frac_lost: 0.105, li_recovered:  8.442, time: 0.009287847999075893
L: 0.50, u_super: 0.00176, sec: 96.306, prod: 0.038370, t_ads: 108.5, t_des: 92.4, bed_util_ads: 0.500, bed_util_des: 0.500, des_th: 0.4996286796876669,frac_lost: 0.104, li_recovered:  7.707, time: 0.009722075999889057
L: 0.50, u_super: 0.00398, sec: 216.618, prod: 0.089304, t_ads: 48.9, t_des: 43.7, bed_util_ads: 0.499, bed_util_des: 0.499, des_th: 0.4986312311270449,frac_lost: 0.105, li_recovered:  8.263, time: 0.007228307000332279
L: 0.50, u_super: 0.00104, sec: 56.698, prod: 0.022578, t_ads: 180.1, t_des: 170.9, bed_util_ads: 0.479, bed_util_des: 0.478, des_th: 0.4778801879827731,frac_lost: 0.101, li_recovered:  7.924, time: 0.00774024799829931
L: 0.50, u_super: 0.00284, sec: 157.350, prod: 0.061547, t_ads: 68.0, t_des: 70.7, bed_util_ads: 0.478, bed_util_des: 0.477, des_th: 0.4773007844339054,frac_lost: 0.102, li_recovered:  8.535, time: 0.009009316001538537
L: 0.50, u_super: 0.00031, sec: 52.375, prod: 0.002199, t_ads: 625.6, t_des: 3303.5, bed_util_ads: 0.251, bed_util_des: 0.203, des_th: 0.20274744048474214,frac_lost: 0.102, li_recovered:  8.641, time: 0.025977735998822027
L: 0.50, u_super: 0.00512, sec: 287.706, prod: 0.113320, t_ads: 38.0, t_des: 38.0, bed_util_ads: 0.485, bed_util_des: 0.485, des_th: 0.48463733939680576,frac_lost: 0.104, li_recovered:  8.614, time: 0.008925541000280646
L: 0.50, u_super: 0.00968, sec: 562.367, prod: 0.219346, t_ads: 20.2, t_des: 18.3, bed_util_ads: 0.499, bed_util_des: 0.499, des_th: 0.4992617954505226,frac_lost: 0.105, li_recovered:  8.450, time: 0.01055645299857133
L: 0.50, u_super: 0.00771, sec: 463.295, prod: 0.164820, t_ads: 25.4, t_des: 27.4, bed_util_ads: 0.476, bed_util_des: 0.476, des_th: 0.4760272902767873,frac_lost: 0.106, li_recovered:  8.696, time: 0.011793656000008923
L: 0.50, u_super: 0.00021 — INFEASIBLE (li_recovered=0.000e+00), time: 0.004583787000228767
L: 0.50, u_super: 0.00737, sec: 419.182, prod: 0.165780, t_ads: 26.5, t_des: 25.2, bed_util_ads: 0.493, bed_util_des: 0.493, des_th: 0.49289787550715375,frac_lost: 0.107, li_recovered:  8.578, time: 0.00972085100147524
L: 0.50, u_super: 0.00313, sec: 170.052, prod: 0.069572, t_ads: 62.2, t_des: 59.5, bed_util_ads: 0.489, bed_util_des: 0.489, des_th: 0.4889614150829376,frac_lost: 0.108, li_recovered:  8.465, time: 0.010444235998875229
L: 0.50, u_super: 0.00395, sec: 224.605, prod: 0.085118, t_ads: 49.3, t_des: 51.9, bed_util_ads: 0.478, bed_util_des: 0.477, des_th: 0.47717341995023677,frac_lost: 0.107, li_recovered:  8.616, time: 0.010375300000305288
L: 0.50, u_super: 0.00932, sec: 539.714, prod: 0.211205, t_ads: 21.0, t_des: 19.0, bed_util_ads: 0.499, bed_util_des: 0.499, des_th: 0.4991373272688205,frac_lost: 0.106, li_recovered:  8.450, time: 0.011857583998789778
L: 0.50, u_super: 0.00812, sec: 464.305, prod: 0.183429, t_ads: 24.1, t_des: 22.4, bed_util_ads: 0.496, bed_util_des: 0.495, des_th: 0.49548742442661176,frac_lost: 0.107, li_recovered:  8.523, time: 0.012168519000624656
L: 0.50, u_super: 0.00080, sec: 43.770, prod: 0.016900, t_ads: 233.6, t_des: 224.4, bed_util_ads: 0.473, bed_util_des: 0.471, des_th: 0.47112639543934953,frac_lost: 0.101, li_recovered:  7.741, time: 0.011429602000134764
L: 0.50, u_super: 0.00457, sec: 250.026, prod: 0.102792, t_ads: 42.6, t_des: 38.9, bed_util_ads: 0.497, bed_util_des: 0.497, des_th: 0.49713979543782144,frac_lost: 0.106, li_recovered:  8.381, time: 0.01432730299893592
L: 0.50, u_super: 0.00242, sec: 130.839, prod: 0.053401, t_ads: 79.8, t_des: 69.3, bed_util_ads: 0.500, bed_util_des: 0.500, des_th: 0.4996098875076592,frac_lost: 0.104, li_recovered:  7.961, time: 0.015696471000410384
L: 0.50, u_super: 0.00361, sec: 196.507, prod: 0.080864, t_ads: 53.8, t_des: 47.7, bed_util_ads: 0.499, bed_util_des: 0.498, des_th: 0.4984169375722002,frac_lost: 0.107, li_recovered:  8.210, time: 0.01731577000100515
L: 0.50, u_super: 0.00322, sec: 174.475, prod: 0.071837, t_ads: 60.0, t_des: 52.7, bed_util_ads: 0.499, bed_util_des: 0.499, des_th: 0.499285537368567,frac_lost: 0.102, li_recovered:  8.093, time: 0.011188628999661887
L: 0.50, u_super: 0.00768, sec: 435.341, prod: 0.174248, t_ads: 25.3, t_des: 22.8, bed_util_ads: 0.500, bed_util_des: 0.499, des_th: 0.49951710196551274,frac_lost: 0.101, li_recovered:  8.376, time: 0.01277302499875077
   954 |    38160 |     40 |  0.0031026651 |             f
L: 0.50, u_super: 0.00063 — INFEASIBLE (li_recovered=0.000e+00), time: 0.008653429998958018
L: 0.50, u_super: 0.00147, sec: 81.308, prod: 0.031376, t_ads: 130.1, t_des: 108.2, bed_util_ads: 0.500, bed_util_des: 0.500, des_th: 0.4996908560336075,frac_lost: 0.107, li_recovered:  7.478, time: 0.013680478999958723
L: 0.50, u_super: 0.00242, sec: 130.923, prod: 0.053366, t_ads: 79.9, t_des: 69.3, bed_util_ads: 0.500, bed_util_des: 0.500, des_th: 0.49961005956746235,frac_lost: 0.106, li_recovered:  7.966, time: 0.018026002999249613
L: 24.84, u_super: 0.00631 — INFEASIBLE (li_recovered=0.000e+00), time: 0.0042241160008416045
L: 0.50, u_super: 0.00080, sec: 44.662, prod: 0.016563, t_ads: 236.3, t_des: 245.5, bed_util_ads: 0.462, bed_util_des: 0.459, des_th: 0.45943343231554257,frac_lost: 0.106, li_recovered:  7.979, time: 0.016106648999993922
L: 0.50, u_super: 0.00548, sec: 302.702, prod: 0.123753, t_ads: 35.4, t_des: 31.7, bed_util_ads: 0.500, bed_util_des: 0.499, des_th: 0.4995125015998517,frac_lost: 0.102, li_recovered:  8.309, time: 0.012248080998688238
L: 0.50, u_super: 0.00877, sec: 504.626, prod: 0.198374, t_ads: 22.3, t_des: 20.5, bed_util_ads: 0.498, bed_util_des: 0.498, des_th: 0.4980988170189597,frac_lost: 0.107, li_recovered:  8.490, time: 0.022081267001340166
L: 0.50, u_super: 0.00019 — INFEASIBLE (li_recovered=0.000e+00), time: 0.005251225000392878
L: 0.50, u_super: 0.00679, sec: 380.451, prod: 0.153702, t_ads: 28.6, t_des: 25.9, bed_util_ads: 0.500, bed_util_des: 0.499, des_th: 0.49948699319003564,frac_lost: 0.102, li_recovered:  8.373, time: 0.019061101998886443
L: 0.50, u_super: 0.00713, sec: 401.614, prod: 0.161468, t_ads: 27.2, t_des: 24.3, bed_util_ads: 0.500, bed_util_des: 0.500, des_th: 0.4998408274481357,frac_lost: 0.101, li_recovered:  8.320, time: 0.013579620001110015
L: 0.50, u_super: 0.00512, sec: 281.910, prod: 0.115651, t_ads: 37.8, t_des: 33.9, bed_util_ads: 0.499, bed_util_des: 0.499, des_th: 0.49863029032147715,frac_lost: 0.101, li_recovered:  8.286, time: 0.01582239400158869
L: 0.50, u_super: 0.00852, sec: 511.599, prod: 0.184072, t_ads: 23.0, t_des: 24.3, bed_util_ads: 0.479, bed_util_des: 0.479, des_th: 0.4790418988388452,frac_lost: 0.106, li_recovered:  8.700, time: 0.015586085000904859
L: 0.50, u_super: 0.00046, sec: 26.368, prod: 0.009172, t_ads: 393.8, t_des: 398.7, bed_util_ads: 0.451, bed_util_des: 0.447, des_th: 0.44764114791331255,frac_lost: 0.102, li_recovered:  7.269, time: 0.016934586001298157
L: 0.50, u_super: 0.00414, sec: 225.866, prod: 0.092938, t_ads: 47.0, t_des: 42.0, bed_util_ads: 0.498, bed_util_des: 0.498, des_th: 0.49803745234242314,frac_lost: 0.106, li_recovered:  8.274, time: 0.012667107999732252
L: 16.68, u_super: 0.00661 — INFEASIBLE (li_recovered=0.000e+00), time: 0.0037384389997896506
L: 0.50, u_super: 0.00798, sec: 453.679, prod: 0.181022, t_ads: 24.3, t_des: 22.0, bed_util_ads: 0.500, bed_util_des: 0.500, des_th: 0.4999533302593013,frac_lost: 0.101, li_recovered:  8.383, time: 0.015465591999600292
L: 0.50, u_super: 0.00714, sec: 401.847, prod: 0.161859, t_ads: 27.2, t_des: 24.6, bed_util_ads: 0.498, bed_util_des: 0.498, des_th: 0.4981422315494434,frac_lost: 0.101, li_recovered:  8.380, time: 0.016826090000904514
L: 0.50, u_super: 0.00061, sec: 160.611, prod: 0.002664, t_ads: 327.1, t_des: 2975.7, bed_util_ads: 0.219, bed_util_des: 0.185, des_th: 0.18516613480123206,frac_lost: 0.103, li_recovered:  8.797, time: 0.11462073999973654
L: 0.50, u_super: 0.00851, sec: 488.184, prod: 0.192806, t_ads: 22.9, t_des: 20.6, bed_util_ads: 0.500, bed_util_des: 0.500, des_th: 0.4996510561115955,frac_lost: 0.105, li_recovered:  8.399, time: 0.019215913998777978
L: 0.50, u_super: 0.00983, sec: 571.719, prod: 0.222910, t_ads: 19.8, t_des: 17.9, bed_util_ads: 0.500, bed_util_des: 0.500, des_th: 0.4998320179178698,frac_lost: 0.103, li_recovered:  8.406, time: 0.023395518999677734
L: 0.50, u_super: 0.00968, sec: 676.855, prod: 0.182392, t_ads: 20.2, t_des: 27.7, bed_util_ads: 0.447, bed_util_des: 0.447, des_th: 0.44658270370792175,frac_lost: 0.103, li_recovered:  8.721, time: 0.024457143999825348
L: 0.50, u_super: 0.00650, sec: 362.738, prod: 0.147249, t_ads: 29.8, t_des: 27.4, bed_util_ads: 0.497, bed_util_des: 0.497, des_th: 0.4970903895930723,frac_lost: 0.100, li_recovered:  8.421, time: 0.015899777999948128
L: 0.50, u_super: 0.00851, sec: 488.200, prod: 0.192800, t_ads: 22.9, t_des: 20.6, bed_util_ads: 0.500, bed_util_des: 0.500, des_th: 0.499669163864988,frac_lost: 0.105, li_recovered:  8.395, time: 0.015240456999890739
L: 0.50, u_super: 0.00623, sec: 346.953, prod: 0.140948, t_ads: 31.1, t_des: 27.9, bed_util_ads: 0.500, bed_util_des: 0.500, des_th: 0.4996693359247911,frac_lost: 0.100, li_recovered:  8.312, time: 0.015083856000273954
L: 9.39, u_super: 0.00104 — INFEASIBLE (li_recovered=0.000e+00), time: 0.0021961380007269327
L: 0.50, u_super: 0.00772, sec: 439.148, prod: 0.174537, t_ads: 25.4, t_des: 23.0, bed_util_ads: 0.499, bed_util_des: 0.499, des_th: 0.49879834842438014,frac_lost: 0.108, li_recovered:  8.446, time: 0.014493069000309333
L: 0.50, u_super: 0.00708, sec: 399.089, prod: 0.160021, t_ads: 27.6, t_des: 24.8, bed_util_ads: 0.500, bed_util_des: 0.500, des_th: 0.49998396257081124,frac_lost: 0.106, li_recovered:  8.382, time: 0.020082379000086803
L: 0.50, u_super: 0.00968, sec: 5435.701, prod: 0.022697, t_ads: 20.2, t_des: 366.5, bed_util_ads: 0.182, bed_util_des: 0.179, des_th: 0.1793237689596678,frac_lost: 0.102, li_recovered:  8.778, time: 0.07512700000006589
L: 2.12, u_super: 0.00485 — INFEASIBLE (li_recovered=0.000e+00), time: 0.006639200000790879
L: 0.50, u_super: 0.00659, sec: 368.636, prod: 0.149354, t_ads: 29.4, t_des: 26.6, bed_util_ads: 0.498, bed_util_des: 0.498, des_th: 0.498230066676126,frac_lost: 0.101, li_recovered:  8.367, time: 0.012894859000880388
L: 0.50, u_super: 0.00164, sec: 88.978, prod: 0.035583, t_ads: 117.1, t_des: 101.0, bed_util_ads: 0.497, bed_util_des: 0.497, des_th: 0.4971173620177161,frac_lost: 0.105, li_recovered:  7.760, time: 0.016665896999256802
L: 0.50, u_super: 0.00104 — INFEASIBLE (li_recovered=0.000e+00), time: 0.004773278000357095
L: 0.50, u_super: 0.00768, sec: 436.449, prod: 0.173677, t_ads: 25.5, t_des: 23.1, bed_util_ads: 0.500, bed_util_des: 0.499, des_th: 0.49951710196551274,frac_lost: 0.108, li_recovered:  8.430, time: 0.010638907000611653
L: 0.50, u_super: 0.00787, sec: 459.090, prod: 0.173867, t_ads: 24.9, t_des: 25.0, bed_util_ads: 0.487, bed_util_des: 0.487, des_th: 0.4865572017674273,frac_lost: 0.108, li_recovered:  8.671, time: 0.010362441000324907
L: 0.50, u_super: 0.00637, sec: 425.066, prod: 0.120663, t_ads: 30.7, t_des: 41.4, bed_util_ads: 0.448, bed_util_des: 0.448, des_th: 0.4475096014401116,frac_lost: 0.107, li_recovered:  8.696, time: 0.010590854999463772
L: 7.08, u_super: 0.00735, sec: 6761.094, prod: 0.144538, t_ads: 345.3, t_des: 296.6, bed_util_ads: 0.476, bed_util_des: 0.475, des_th: 0.4758453413092751,frac_lost: 0.101, li_recovered:  92.771, time: 0.008124482999846805
L: 0.50, u_super: 0.00589, sec: 326.561, prod: 0.133074, t_ads: 32.9, t_des: 29.5, bed_util_ads: 0.500, bed_util_des: 0.500, des_th: 0.49959808378806136,frac_lost: 0.101, li_recovered:  8.309, time: 0.008174381999197067
L: 0.50, u_super: 0.00885, sec: 510.545, prod: 0.200191, t_ads: 22.1, t_des: 20.5, bed_util_ads: 0.496, bed_util_des: 0.496, des_th: 0.4960875121712868,frac_lost: 0.107, li_recovered:  8.529, time: 0.008527742000296712
L: 0.50, u_super: 0.00600, sec: 333.253, prod: 0.135604, t_ads: 32.4, t_des: 29.3, bed_util_ads: 0.499, bed_util_des: 0.499, des_th: 0.49853970236652795,frac_lost: 0.103, li_recovered:  8.360, time: 0.00848837299963634
L: 0.50, u_super: 0.00922, sec: 533.158, prod: 0.209096, t_ads: 21.2, t_des: 19.3, bed_util_ads: 0.500, bed_util_des: 0.499, des_th: 0.49941800771673645,frac_lost: 0.105, li_recovered:  8.456, time: 0.006696809999994002
   955 |    38200 |     40 |  0.0030517500 |             f
L: 50.09, u_super: 0.00785 — INFEASIBLE (li_recovered=0.000e+00), time: 0.0016648419987177476
L: 0.50, u_super: 0.00242, sec: 130.839, prod: 0.053401, t_ads: 79.8, t_des: 69.3, bed_util_ads: 0.500, bed_util_des: 0.500, des_th: 0.4996098875076592,frac_lost: 0.104, li_recovered:  7.961, time: 0.008700125001269043
L: 0.50, u_super: 0.00512, sec: 282.071, prod: 0.115585, t_ads: 37.8, t_des: 33.9, bed_util_ads: 0.499, bed_util_des: 0.499, des_th: 0.49865195427802694,frac_lost: 0.102, li_recovered:  8.288, time: 0.009734248000313528
L: 0.50, u_super: 0.00924, sec: 534.027, prod: 0.209516, t_ads: 21.1, t_des: 19.2, bed_util_ads: 0.500, bed_util_des: 0.499, des_th: 0.49941800771673645,frac_lost: 0.104, li_recovered:  8.438, time: 0.008317033998537227
L: 0.50, u_super: 0.00778, sec: 442.998, prod: 0.175782, t_ads: 25.2, t_des: 23.1, bed_util_ads: 0.497, bed_util_des: 0.497, des_th: 0.49687473425865625,frac_lost: 0.108, li_recovered:  8.485, time: 0.012026633999994374
L: 0.50, u_super: 0.00957, sec: 559.533, prod: 0.215585, t_ads: 20.4, t_des: 19.6, bed_util_ads: 0.491, bed_util_des: 0.491, des_th: 0.49107200643994275,frac_lost: 0.103, li_recovered:  8.616, time: 0.009321666999312583
L: 0.50, u_super: 0.00816, sec: 466.323, prod: 0.184716, t_ads: 23.9, t_des: 21.5, bed_util_ads: 0.500, bed_util_des: 0.500, des_th: 0.4998320662638455,frac_lost: 0.106, li_recovered:  8.392, time: 0.011926162000236218
L: 0.50, u_super: 0.00199, sec: 108.093, prod: 0.043509, t_ads: 96.1, t_des: 82.4, bed_util_ads: 0.500, bed_util_des: 0.500, des_th: 0.4999924856906369,frac_lost: 0.100, li_recovered:  7.763, time: 0.011859659000037936
L: 0.50, u_super: 0.00570, sec: 366.000, prod: 0.111284, t_ads: 34.1, t_des: 43.9, bed_util_ads: 0.454, bed_util_des: 0.453, des_th: 0.4532589530560162,frac_lost: 0.101, li_recovered:  8.677, time: 0.011416581999583286
L: 0.50, u_super: 0.00237, sec: 127.720, prod: 0.052411, t_ads: 81.4, t_des: 78.7, bed_util_ads: 0.486, bed_util_des: 0.485, des_th: 0.48517524979406146,frac_lost: 0.103, li_recovered:  8.394, time: 0.01164909900035127
L: 0.50, u_super: 0.00430, sec: 234.998, prod: 0.096778, t_ads: 45.1, t_des: 40.3, bed_util_ads: 0.499, bed_util_des: 0.499, des_th: 0.4987514609839936,frac_lost: 0.103, li_recovered:  8.261, time: 0.013322898999831523
L: 1.85, u_super: 0.00047, sec: 203.168, prod: 0.004759, t_ads: 1534.0, t_des: 4927.9, bed_util_ads: 0.258, bed_util_des: 0.185, des_th: 0.1851696623157332,frac_lost: 0.104, li_recovered:  30.752, time: 0.01864214199849812
L: 0.50, u_super: 0.00043 — INFEASIBLE (li_recovered=0.000e+00), time: 0.005453706999105634
L: 43.62, u_super: 0.00878 — INFEASIBLE (li_recovered=0.000e+00), time: 0.0018300339997949777
L: 0.50, u_super: 0.00024 — INFEASIBLE (li_recovered=0.000e+00), time: 0.005185369998798706
L: 0.50, u_super: 0.00238, sec: 131.098, prod: 0.051526, t_ads: 81.1, t_des: 83.6, bed_util_ads: 0.478, bed_util_des: 0.477, des_th: 0.4773007844339054,frac_lost: 0.103, li_recovered:  8.490, time: 0.009100895000301534
L: 0.50, u_super: 0.00798, sec: 453.679, prod: 0.181022, t_ads: 24.3, t_des: 22.0, bed_util_ads: 0.500, bed_util_des: 0.500, des_th: 0.4999533302593013,frac_lost: 0.101, li_recovered:  8.383, time: 0.010160158999497071
L: 0.50, u_super: 0.00061, sec: 34.776, prod: 0.012475, t_ads: 298.6, t_des: 267.4, bed_util_ads: 0.475, bed_util_des: 0.474, des_th: 0.4736564652658072,frac_lost: 0.101, li_recovered:  7.061, time: 0.011675162000756245
L: 0.50, u_super: 0.00570, sec: 315.634, prod: 0.128962, t_ads: 34.0, t_des: 30.8, bed_util_ads: 0.498, bed_util_des: 0.498, des_th: 0.49818507162002196,frac_lost: 0.102, li_recovered:  8.360, time: 0.009698081999886199
L: 0.50, u_super: 0.00165, sec: 90.069, prod: 0.035775, t_ads: 116.0, t_des: 99.0, bed_util_ads: 0.498, bed_util_des: 0.497, des_th: 0.4973252631782475,frac_lost: 0.105, li_recovered:  7.692, time: 0.009901073999571963
L: 0.50, u_super: 0.00833, sec: 476.758, prod: 0.188652, t_ads: 23.5, t_des: 21.2, bed_util_ads: 0.500, bed_util_des: 0.500, des_th: 0.4996510561115955,frac_lost: 0.106, li_recovered:  8.434, time: 0.010820105999300722
L: 0.50, u_super: 0.00414, sec: 225.699, prod: 0.093007, t_ads: 47.0, t_des: 42.5, bed_util_ads: 0.498, bed_util_des: 0.498, des_th: 0.49801578838587335,frac_lost: 0.106, li_recovered:  8.326, time: 0.009340564000012819
L: 0.50, u_super: 0.00122, sec: 68.274, prod: 0.025742, t_ads: 155.4, t_des: 128.3, bed_util_ads: 0.498, bed_util_des: 0.498, des_th: 0.4980806122520454,frac_lost: 0.106, li_recovered:  7.305, time: 0.014054606001081993
L: 17.80, u_super: 0.00055 — INFEASIBLE (li_recovered=0.000e+00), time: 0.0038312790002237307
L: 0.50, u_super: 0.00281, sec: 150.837, prod: 0.062786, t_ads: 68.6, t_des: 64.2, bed_util_ads: 0.491, bed_util_des: 0.490, des_th: 0.4904766922038441,frac_lost: 0.100, li_recovered:  8.334, time: 0.010120479000761406
L: 0.50, u_super: 0.00988, sec: 575.597, prod: 0.224129, t_ads: 19.8, t_des: 17.9, bed_util_ads: 0.499, bed_util_des: 0.499, des_th: 0.49938053362854967,frac_lost: 0.105, li_recovered:  8.450, time: 0.0085187330005283
L: 0.50, u_super: 0.00353, sec: 205.786, prod: 0.073788, t_ads: 55.0, t_des: 61.7, bed_util_ads: 0.469, bed_util_des: 0.468, des_th: 0.4681248582768142,frac_lost: 0.105, li_recovered:  8.608, time: 0.010649231999195763
L: 0.50, u_super: 0.00164, sec: 89.199, prod: 0.035495, t_ads: 116.8, t_des: 100.0, bed_util_ads: 0.498, bed_util_des: 0.497, des_th: 0.49737342403612494,frac_lost: 0.104, li_recovered:  7.697, time: 0.009182469000734272
L: 0.50, u_super: 0.00527, sec: 290.359, prod: 0.119162, t_ads: 36.8, t_des: 33.8, bed_util_ads: 0.496, bed_util_des: 0.496, des_th: 0.4962026243470611,frac_lost: 0.102, li_recovered:  8.404, time: 0.011055363000195939
L: 0.50, u_super: 0.00684, sec: 384.811, prod: 0.154399, t_ads: 28.6, t_des: 25.7, bed_util_ads: 0.500, bed_util_des: 0.499, des_th: 0.4994793746793171,frac_lost: 0.108, li_recovered:  8.387, time: 0.00950730699878477
L: 0.50, u_super: 0.00966, sec: 561.050, prod: 0.218860, t_ads: 20.2, t_des: 18.2, bed_util_ads: 0.500, bed_util_des: 0.500, des_th: 0.4999019545930634,frac_lost: 0.105, li_recovered:  8.399, time: 0.009748820999448071
L: 0.50, u_super: 0.00182, sec: 100.134, prod: 0.039148, t_ads: 105.2, t_des: 109.5, bed_util_ads: 0.474, bed_util_des: 0.473, des_th: 0.47254316791772627,frac_lost: 0.100, li_recovered:  8.405, time: 0.014231635001124232
L: 5.20, u_super: 0.00973, sec: 6370.054, prod: 0.203544, t_ads: 200.8, t_des: 170.2, bed_util_ads: 0.492, bed_util_des: 0.491, des_th: 0.49158130607055145,frac_lost: 0.106, li_recovered:  75.520, time: 0.013056976000370923
L: 0.50, u_super: 0.00337, sec: 189.482, prod: 0.072739, t_ads: 57.7, t_des: 60.3, bed_util_ads: 0.478, bed_util_des: 0.478, des_th: 0.4775434303304476,frac_lost: 0.107, li_recovered:  8.584, time: 0.013606758999230806
L: 5.99, u_super: 0.00175 — INFEASIBLE (li_recovered=0.000e+00), time: 0.003597564000301645
L: 0.50, u_super: 0.00737, sec: 415.761, prod: 0.167144, t_ads: 26.3, t_des: 23.8, bed_util_ads: 0.498, bed_util_des: 0.498, des_th: 0.4982333857848773,frac_lost: 0.100, li_recovered:  8.383, time: 0.014786855999773252
L: 0.50, u_super: 0.00213, sec: 115.448, prod: 0.047023, t_ads: 90.7, t_des: 87.4, bed_util_ads: 0.485, bed_util_des: 0.484, des_th: 0.4844306705708216,frac_lost: 0.108, li_recovered:  8.375, time: 0.013643173999298597
L: 0.50, u_super: 0.00398, sec: 216.576, prod: 0.089322, t_ads: 48.8, t_des: 43.6, bed_util_ads: 0.499, bed_util_des: 0.499, des_th: 0.4986130143823027,frac_lost: 0.105, li_recovered:  8.259, time: 0.01410978000058094
L: 0.50, u_super: 0.00247, sec: 133.628, prod: 0.054874, t_ads: 77.9, t_des: 75.3, bed_util_ads: 0.486, bed_util_des: 0.485, des_th: 0.4853482352431906,frac_lost: 0.103, li_recovered:  8.406, time: 0.013835352998285089
L: 0.50, u_super: 0.00512, sec: 295.529, prod: 0.110321, t_ads: 37.8, t_des: 40.5, bed_util_ads: 0.477, bed_util_des: 0.476, des_th: 0.47622799290426765,frac_lost: 0.101, li_recovered:  8.646, time: 0.014257486000133213
   956 |    38240 |     40 |  0.0026489831 |             f
L: 0.50, u_super: 0.00562, sec: 310.472, prod: 0.126959, t_ads: 34.6, t_des: 31.7, bed_util_ads: 0.497, bed_util_des: 0.497, des_th: 0.4971844491994962,frac_lost: 0.102, li_recovered:  8.412, time: 0.01329056699978537
L: 15.03, u_super: 0.00863 — INFEASIBLE (li_recovered=0.000e+00), time: 0.00756252700011828
L: 0.50, u_super: 0.00199, sec: 108.558, prod: 0.043323, t_ads: 97.0, t_des: 82.2, bed_util_ads: 0.500, bed_util_des: 0.500, des_th: 0.49999634880240573,frac_lost: 0.107, li_recovered:  7.762, time: 0.013402219001363846
L: 0.50, u_super: 0.00701, sec: 394.027, prod: 0.158778, t_ads: 27.7, t_des: 24.8, bed_util_ads: 0.500, bed_util_des: 0.499, des_th: 0.4994793746793171,frac_lost: 0.100, li_recovered:  8.323, time: 0.011820566000096733
L: 0.50, u_super: 0.00990, sec: 576.852, prod: 0.224488, t_ads: 19.7, t_des: 18.0, bed_util_ads: 0.499, bed_util_des: 0.499, des_th: 0.4992900978235902,frac_lost: 0.105, li_recovered:  8.463, time: 0.013952246999906492
L: 0.50, u_super: 0.00790, sec: 450.153, prod: 0.178593, t_ads: 24.8, t_des: 22.2, bed_util_ads: 0.500, bed_util_des: 0.500, des_th: 0.4999002732929048,frac_lost: 0.107, li_recovered:  8.382, time: 0.01129938700069033
L: 1.82, u_super: 0.00485, sec: 1027.882, prod: 0.103572, t_ads: 142.4, t_des: 119.8, bed_util_ads: 0.497, bed_util_des: 0.497, des_th: 0.4966389588340082,frac_lost: 0.102, li_recovered:  27.148, time: 0.0150017640007718
L: 8.56, u_super: 0.00571 — INFEASIBLE (li_recovered=0.000e+00), time: 0.007724791999862646
L: 0.50, u_super: 0.00589, sec: 326.536, prod: 0.133085, t_ads: 32.9, t_des: 29.5, bed_util_ads: 0.500, bed_util_des: 0.500, des_th: 0.49963720206838275,frac_lost: 0.100, li_recovered:  8.307, time: 0.010578472998531652
L: 0.50, u_super: 0.00016 — INFEASIBLE (li_recovered=0.000e+00), time: 0.0023972510007297387
L: 0.50, u_super: 0.00513, sec: 282.309, prod: 0.115662, t_ads: 37.8, t_des: 33.9, bed_util_ads: 0.499, bed_util_des: 0.499, des_th: 0.49866149971341994,frac_lost: 0.102, li_recovered:  8.293, time: 0.013240942000265932
L: 0.50, u_super: 0.00459, sec: 251.076, prod: 0.103319, t_ads: 42.4, t_des: 38.9, bed_util_ads: 0.496, bed_util_des: 0.496, des_th: 0.49619296326008777,frac_lost: 0.105, li_recovered:  8.395, time: 0.012547443999210373
L: 0.50, u_super: 0.00876, sec: 504.510, prod: 0.198314, t_ads: 22.3, t_des: 20.0, bed_util_ads: 0.500, bed_util_des: 0.500, des_th: 0.4999533302593013,frac_lost: 0.107, li_recovered:  8.401, time: 0.014573321999705513
L: 0.50, u_super: 0.00982, sec: 570.985, prod: 0.222689, t_ads: 19.9, t_des: 17.8, bed_util_ads: 0.500, bed_util_des: 0.500, des_th: 0.49978851331119734,frac_lost: 0.103, li_recovered:  8.393, time: 0.01550882900119177
L: 0.50, u_super: 0.00280, sec: 150.829, prod: 0.062498, t_ads: 69.0, t_des: 64.9, bed_util_ads: 0.491, bed_util_des: 0.490, des_th: 0.4904766922038441,frac_lost: 0.103, li_recovered:  8.371, time: 0.015507656000409042
L: 0.50, u_super: 0.00430, sec: 234.998, prod: 0.096778, t_ads: 45.1, t_des: 40.3, bed_util_ads: 0.499, bed_util_des: 0.499, des_th: 0.4987514609839936,frac_lost: 0.103, li_recovered:  8.261, time: 0.015293768001356511
L: 0.50, u_super: 0.00562, sec: 310.923, prod: 0.126814, t_ads: 34.6, t_des: 30.9, bed_util_ads: 0.500, bed_util_des: 0.500, des_th: 0.4995519623787819,frac_lost: 0.102, li_recovered:  8.296, time: 0.012714901999061112
L: 0.50, u_super: 0.00956, sec: 554.215, prod: 0.216762, t_ads: 20.4, t_des: 18.6, bed_util_ads: 0.500, bed_util_des: 0.499, des_th: 0.4994713713564907,frac_lost: 0.104, li_recovered:  8.450, time: 0.015199853000012808
L: 0.50, u_super: 0.00627, sec: 349.857, prod: 0.141894, t_ads: 31.0, t_des: 28.0, bed_util_ads: 0.498, bed_util_des: 0.498, des_th: 0.4982333857848773,frac_lost: 0.103, li_recovered:  8.370, time: 0.011656762000711751
L: 0.50, u_super: 0.00909, sec: 525.866, prod: 0.205715, t_ads: 21.6, t_des: 19.5, bed_util_ads: 0.500, bed_util_des: 0.500, des_th: 0.4997544170909329,frac_lost: 0.109, li_recovered:  8.460, time: 0.009499679999862565
L: 0.50, u_super: 0.00177, sec: 95.991, prod: 0.038887, t_ads: 107.9, t_des: 94.3, bed_util_ads: 0.496, bed_util_des: 0.496, des_th: 0.4957121152084925,frac_lost: 0.103, li_recovered:  7.864, time: 0.012746374000926153
L: 0.50, u_super: 0.00761, sec: 430.353, prod: 0.172515, t_ads: 25.5, t_des: 23.1, bed_util_ads: 0.498, bed_util_des: 0.498, des_th: 0.4981007199902638,frac_lost: 0.101, li_recovered:  8.389, time: 0.0096813159998419
L: 0.50, u_super: 0.00398, sec: 216.576, prod: 0.089322, t_ads: 48.8, t_des: 43.6, bed_util_ads: 0.499, bed_util_des: 0.499, des_th: 0.4986130143823027,frac_lost: 0.105, li_recovered:  8.259, time: 0.007827901001292048
L: 0.50, u_super: 0.00005, sec: 4.391, prod: 0.000659, t_ads: 3656.0, t_des: 7018.9, bed_util_ads: 0.245, bed_util_des: 0.164, des_th: 0.16406618432899148,frac_lost: 0.103, li_recovered:  7.037, time: 0.015319986998292734
L: 0.50, u_super: 0.00328, sec: 180.847, prod: 0.072024, t_ads: 59.3, t_des: 59.4, bed_util_ads: 0.484, bed_util_des: 0.483, des_th: 0.48297561609352463,frac_lost: 0.107, li_recovered:  8.548, time: 0.013024394998865318
L: 9.74, u_super: 0.00633 — INFEASIBLE (li_recovered=0.000e+00), time: 0.005156620998604922
L: 0.50, u_super: 0.00597, sec: 331.599, prod: 0.135184, t_ads: 32.5, t_des: 29.4, bed_util_ads: 0.498, bed_util_des: 0.498, des_th: 0.49809365551712664,frac_lost: 0.101, li_recovered:  8.367, time: 0.014148557000225992
L: 0.50, u_super: 0.00576, sec: 379.452, prod: 0.109443, t_ads: 33.7, t_des: 45.6, bed_util_ads: 0.448, bed_util_des: 0.447, des_th: 0.4472716446646632,frac_lost: 0.101, li_recovered:  8.680, time: 0.01317796500006807
L: 0.50, u_super: 0.00354, sec: 192.341, prod: 0.078999, t_ads: 55.0, t_des: 52.1, bed_util_ads: 0.491, bed_util_des: 0.491, des_th: 0.49107200643994275,frac_lost: 0.107, li_recovered:  8.463, time: 0.010884190000069793
L: 0.50, u_super: 0.00263, sec: 142.319, prod: 0.058526, t_ads: 73.2, t_des: 70.6, bed_util_ads: 0.486, bed_util_des: 0.486, des_th: 0.4856211426788442,frac_lost: 0.102, li_recovered:  8.418, time: 0.011353853999025887
L: 0.50, u_super: 0.00799, sec: 454.639, prod: 0.181111, t_ads: 24.4, t_des: 21.9, bed_util_ads: 0.500, bed_util_des: 0.500, des_th: 0.49998781403475745,frac_lost: 0.103, li_recovered:  8.384, time: 0.011209872998733772
L: 0.50, u_super: 0.00634, sec: 354.125, prod: 0.143459, t_ads: 30.7, t_des: 27.6, bed_util_ads: 0.500, bed_util_des: 0.499, des_th: 0.49941800771673645,frac_lost: 0.103, li_recovered:  8.359, time: 0.013115276999087655
L: 2.08, u_super: 0.00123 — INFEASIBLE (li_recovered=0.000e+00), time: 0.006858443000965053
L: 0.50, u_super: 0.00021, sec: 31.784, prod: 0.001598, t_ads: 949.1, t_des: 4451.1, bed_util_ads: 0.247, bed_util_des: 0.185, des_th: 0.1851696623157332,frac_lost: 0.104, li_recovered:  8.631, time: 0.030507088999002008
L: 0.50, u_super: 0.00684, sec: 384.865, prod: 0.154377, t_ads: 28.6, t_des: 25.7, bed_util_ads: 0.500, bed_util_des: 0.500, des_th: 0.49959740585365253,frac_lost: 0.108, li_recovered:  8.380, time: 0.009457653000936261
L: 0.50, u_super: 0.00708, sec: 399.479, prod: 0.159864, t_ads: 27.7, t_des: 24.8, bed_util_ads: 0.500, bed_util_des: 0.500, des_th: 0.49992729498929855,frac_lost: 0.108, li_recovered:  8.379, time: 0.010039085000244086
L: 0.50, u_super: 0.00370, sec: 201.301, prod: 0.082861, t_ads: 52.5, t_des: 46.5, bed_util_ads: 0.500, bed_util_des: 0.500, des_th: 0.49970637957251923,frac_lost: 0.106, li_recovered:  8.207, time: 0.01033694000034302
L: 0.50, u_super: 0.00528, sec: 291.505, prod: 0.119187, t_ads: 36.8, t_des: 32.8, bed_util_ads: 0.500, bed_util_des: 0.500, des_th: 0.4998213693095199,frac_lost: 0.103, li_recovered:  8.296, time: 0.008886665000318317
L: 0.50, u_super: 0.00623, sec: 347.326, prod: 0.140879, t_ads: 31.2, t_des: 27.9, bed_util_ads: 0.500, bed_util_des: 0.500, des_th: 0.499791307010959,frac_lost: 0.102, li_recovered:  8.326, time: 0.011595857000429532
L: 0.50, u_super: 0.00633, sec: 353.438, prod: 0.143201, t_ads: 30.7, t_des: 27.7, bed_util_ads: 0.500, bed_util_des: 0.500, des_th: 0.4996693359247911,frac_lost: 0.104, li_recovered:  8.369, time: 0.008813328000542242
   957 |    38280 |     40 |  0.0024915850 |             f
L: 0.50, u_super: 0.00485, sec: 266.220, prod: 0.109568, t_ads: 40.0, t_des: 36.6, bed_util_ads: 0.497, bed_util_des: 0.497, des_th: 0.4966389588340082,frac_lost: 0.102, li_recovered:  8.393, time: 0.011436569999204949
L: 0.50, u_super: 0.00005, sec: 4.324, prod: 0.000669, t_ads: 3431.3, t_des: 5857.7, bed_util_ads: 0.252, bed_util_des: 0.185, des_th: 0.1851696623157332,frac_lost: 0.102, li_recovered:  6.219, time: 0.011819918998298817
L: 0.50, u_super: 0.00826, sec: 470.552, prod: 0.187404, t_ads: 23.5, t_des: 21.3, bed_util_ads: 0.500, bed_util_des: 0.499, des_th: 0.4994793746793171,frac_lost: 0.100, li_recovered:  8.389, time: 0.009131990000241785
L: 0.50, u_super: 0.00735, sec: 415.870, prod: 0.165960, t_ads: 26.7, t_des: 24.2, bed_util_ads: 0.500, bed_util_des: 0.499, des_th: 0.4994713713564907,frac_lost: 0.108, li_recovered:  8.437, time: 0.010647244000210776
L: 0.50, u_super: 0.00282, sec: 152.095, prod: 0.062977, t_ads: 68.5, t_des: 64.6, bed_util_ads: 0.491, bed_util_des: 0.490, des_th: 0.4901868587086498,frac_lost: 0.103, li_recovered:  8.382, time: 0.008627772998806904
L: 0.50, u_super: 0.00263, sec: 143.218, prod: 0.058158, t_ads: 73.2, t_des: 72.3, bed_util_ads: 0.484, bed_util_des: 0.483, des_th: 0.4830552581971324,frac_lost: 0.103, li_recovered:  8.465, time: 0.008711892000064836
L: 0.50, u_super: 0.00200, sec: 126.358, prod: 0.037715, t_ads: 96.1, t_des: 129.5, bed_util_ads: 0.442, bed_util_des: 0.439, des_th: 0.4394288389364229,frac_lost: 0.101, li_recovered:  8.508, time: 0.013231480999820633
L: 0.50, u_super: 0.00177, sec: 97.154, prod: 0.038421, t_ads: 107.6, t_des: 90.8, bed_util_ads: 0.500, bed_util_des: 0.500, des_th: 0.49974777183107727,frac_lost: 0.102, li_recovered:  7.626, time: 0.010023626000474906
L: 0.50, u_super: 0.00597, sec: 331.752, prod: 0.135122, t_ads: 32.4, t_des: 29.1, bed_util_ads: 0.500, bed_util_des: 0.500, des_th: 0.4998908898022173,frac_lost: 0.101, li_recovered:  8.319, time: 0.010522139000386233
L: 45.31, u_super: 0.00080 — INFEASIBLE (li_recovered=0.000e+00), time: 0.001389641998684965
L: 1.84, u_super: 0.00634, sec: 1360.614, prod: 0.137243, t_ads: 110.6, t_des: 93.3, bed_util_ads: 0.500, bed_util_des: 0.499, des_th: 0.49941800771673645,frac_lost: 0.102, li_recovered:  27.974, time: 0.015532782999798656
L: 0.50, u_super: 0.00080, sec: 44.220, prod: 0.016728, t_ads: 236.3, t_des: 237.5, bed_util_ads: 0.467, bed_util_des: 0.465, des_th: 0.46496142963189263,frac_lost: 0.107, li_recovered:  7.926, time: 0.010699973001464969
L: 1.34, u_super: 0.00290 — INFEASIBLE (li_recovered=0.000e+00), time: 0.0069604349992005154
L: 0.50, u_super: 0.00281, sec: 150.837, prod: 0.062786, t_ads: 68.6, t_des: 64.2, bed_util_ads: 0.491, bed_util_des: 0.490, des_th: 0.4904766922038441,frac_lost: 0.100, li_recovered:  8.334, time: 0.010044864000519738
L: 0.50, u_super: 0.00398, sec: 216.693, prod: 0.089273, t_ads: 48.9, t_des: 43.6, bed_util_ads: 0.499, bed_util_des: 0.499, des_th: 0.4988783515216402,frac_lost: 0.105, li_recovered:  8.254, time: 0.009095256000364316
L: 0.50, u_super: 0.00985, sec: 573.334, prod: 0.223387, t_ads: 19.8, t_des: 18.0, bed_util_ads: 0.500, bed_util_des: 0.499, des_th: 0.49940201914785814,frac_lost: 0.104, li_recovered:  8.454, time: 0.011351528999512084
L: 0.50, u_super: 0.00371, sec: 201.725, prod: 0.082995, t_ads: 52.4, t_des: 46.3, bed_util_ads: 0.500, bed_util_des: 0.500, des_th: 0.4997010611700919,frac_lost: 0.106, li_recovered:  8.195, time: 0.012842228999943472
L: 0.50, u_super: 0.00043 — INFEASIBLE (li_recovered=0.000e+00), time: 0.006826425000326708
L: 0.50, u_super: 0.00199, sec: 107.399, prod: 0.043790, t_ads: 97.1, t_des: 85.4, bed_util_ads: 0.497, bed_util_des: 0.496, des_th: 0.4962387186825919,frac_lost: 0.108, li_recovered:  7.989, time: 0.017961449000722496
L: 0.50, u_super: 0.00422, sec: 230.690, prod: 0.094950, t_ads: 46.0, t_des: 41.1, bed_util_ads: 0.499, bed_util_des: 0.499, des_th: 0.49882725163460007,frac_lost: 0.105, li_recovered:  8.270, time: 0.018077148999509518
L: 0.50, u_super: 0.00708, sec: 400.631, prod: 0.159404, t_ads: 27.6, t_des: 26.0, bed_util_ads: 0.494, bed_util_des: 0.494, des_th: 0.493814715561274,frac_lost: 0.107, li_recovered:  8.552, time: 0.011053514999730396
L: 25.58, u_super: 0.00537 — INFEASIBLE (li_recovered=0.000e+00), time: 0.002966075000585988
L: 33.10, u_super: 0.00692 — INFEASIBLE (li_recovered=0.000e+00), time: 0.00221210599920596
L: 0.50, u_super: 0.00958, sec: 555.856, prod: 0.217239, t_ads: 20.4, t_des: 18.7, bed_util_ads: 0.498, bed_util_des: 0.498, des_th: 0.4982333857848773,frac_lost: 0.104, li_recovered:  8.491, time: 0.009299621000536717
L: 0.50, u_super: 0.00121, sec: 67.697, prod: 0.025295, t_ads: 157.3, t_des: 128.8, bed_util_ads: 0.498, bed_util_des: 0.498, des_th: 0.49836943481001356,frac_lost: 0.106, li_recovered:  7.238, time: 0.012458911000067019
L: 8.26, u_super: 0.00241 — INFEASIBLE (li_recovered=0.000e+00), time: 0.0026177760009886697
L: 0.50, u_super: 0.00989, sec: 576.589, prod: 0.224222, t_ads: 19.8, t_des: 17.9, bed_util_ads: 0.500, bed_util_des: 0.499, des_th: 0.49941800771673645,frac_lost: 0.106, li_recovered:  8.444, time: 0.010917493000306422
L: 27.73, u_super: 0.00370 — INFEASIBLE (li_recovered=0.000e+00), time: 0.0017870000010589138
L: 21.97, u_super: 0.00199 — INFEASIBLE (li_recovered=0.000e+00), time: 0.0012522500001068693
L: 0.50, u_super: 0.00457, sec: 250.296, prod: 0.102681, t_ads: 42.6, t_des: 39.8, bed_util_ads: 0.493, bed_util_des: 0.493, des_th: 0.4930948841728907,frac_lost: 0.105, li_recovered:  8.460, time: 0.009081645999685861
L: 0.50, u_super: 0.00877, sec: 504.654, prod: 0.198364, t_ads: 22.3, t_des: 20.0, bed_util_ads: 0.500, bed_util_des: 0.500, des_th: 0.49998915005540884,frac_lost: 0.107, li_recovered:  8.396, time: 0.0096001760011859
L: 0.50, u_super: 0.00687, sec: 385.030, prod: 0.155648, t_ads: 28.2, t_des: 25.5, bed_util_ads: 0.500, bed_util_des: 0.499, des_th: 0.4994793746793171,frac_lost: 0.100, li_recovered:  8.369, time: 0.007700615000430844
L: 0.50, u_super: 0.00710, sec: 400.761, prod: 0.160428, t_ads: 27.5, t_des: 25.3, bed_util_ads: 0.497, bed_util_des: 0.496, des_th: 0.49649368491158563,frac_lost: 0.107, li_recovered:  8.480, time: 0.008066216001680004
L: 0.50, u_super: 0.00418, sec: 227.896, prod: 0.094078, t_ads: 46.4, t_des: 42.0, bed_util_ads: 0.497, bed_util_des: 0.497, des_th: 0.4966389588340082,frac_lost: 0.104, li_recovered:  8.318, time: 0.012829464998503681
L: 0.50, u_super: 0.00328, sec: 177.929, prod: 0.073205, t_ads: 59.2, t_des: 56.2, bed_util_ads: 0.490, bed_util_des: 0.490, des_th: 0.4899956806950973,frac_lost: 0.106, li_recovered:  8.446, time: 0.009680971999841859
L: 0.50, u_super: 0.00835, sec: 478.177, prod: 0.188992, t_ads: 23.4, t_des: 21.2, bed_util_ads: 0.500, bed_util_des: 0.500, des_th: 0.49966704468045936,frac_lost: 0.107, li_recovered:  8.441, time: 0.011240086998441257
L: 0.50, u_super: 0.00473, sec: 259.554, prod: 0.106670, t_ads: 41.0, t_des: 36.7, bed_util_ads: 0.499, bed_util_des: 0.499, des_th: 0.4987308371244583,frac_lost: 0.102, li_recovered:  8.280, time: 0.009257388999685645
L: 7.46, u_super: 0.00218 — INFEASIBLE (li_recovered=0.000e+00), time: 0.005044473000452854
L: 0.50, u_super: 0.00005, sec: 4.693, prod: 0.000617, t_ads: 2746.2, t_des: 3902.7, bed_util_ads: 0.255, bed_util_des: 0.218, des_th: 0.21903167713707478,frac_lost: 0.101, li_recovered:  4.102, time: 0.00866201000098954
L: 0.50, u_super: 0.00926, sec: 535.623, prod: 0.209927, t_ads: 21.1, t_des: 19.4, bed_util_ads: 0.497, bed_util_des: 0.497, des_th: 0.4968635458714557,frac_lost: 0.104, li_recovered:  8.492, time: 0.00973263200103247
   958 |    38320 |     40 |  0.0033245646 |             f
L: 0.50, u_super: 0.00175, sec: 95.876, prod: 0.037858, t_ads: 109.3, t_des: 92.1, bed_util_ads: 0.500, bed_util_des: 0.500, des_th: 0.49979787497856926,frac_lost: 0.103, li_recovered:  7.623, time: 0.010521992999201757
L: 0.50, u_super: 0.00877, sec: 509.891, prod: 0.196326, t_ads: 22.3, t_des: 21.7, bed_util_ads: 0.491, bed_util_des: 0.491, des_th: 0.4907149971887356,frac_lost: 0.107, li_recovered:  8.635, time: 0.012299452999286586
L: 0.50, u_super: 0.00049 — INFEASIBLE (li_recovered=0.000e+00), time: 0.011282239000138361
L: 0.50, u_super: 0.00147, sec: 80.382, prod: 0.031737, t_ads: 130.0, t_des: 111.3, bed_util_ads: 0.497, bed_util_des: 0.497, des_th: 0.4966282557166338,frac_lost: 0.106, li_recovered:  7.657, time: 0.009857787001237739
L: 35.93, u_super: 0.00722 — INFEASIBLE (li_recovered=0.000e+00), time: 0.0027454249993752455
L: 0.50, u_super: 0.00761, sec: 430.484, prod: 0.172462, t_ads: 25.5, t_des: 23.0, bed_util_ads: 0.500, bed_util_des: 0.500, des_th: 0.4995699745988496,frac_lost: 0.101, li_recovered:  8.376, time: 0.011713640999005293
L: 0.50, u_super: 0.00702, sec: 395.810, prod: 0.158495, t_ads: 27.9, t_des: 25.0, bed_util_ads: 0.500, bed_util_des: 0.499, des_th: 0.4994413761225218,frac_lost: 0.108, li_recovered:  8.380, time: 0.00915671199982171
L: 0.50, u_super: 0.00634, sec: 354.254, prod: 0.143407, t_ads: 30.6, t_des: 27.3, bed_util_ads: 0.500, bed_util_des: 0.500, des_th: 0.49982431991915865,frac_lost: 0.102, li_recovered:  8.308, time: 0.010731096001109108
L: 0.50, u_super: 0.00063, sec: 146.360, prod: 0.003206, t_ads: 313.4, t_des: 2422.8, bed_util_ads: 0.234, bed_util_des: 0.203, des_th: 0.20262846536736856,frac_lost: 0.108, li_recovered:  8.772, time: 0.03803387000152725
L: 0.50, u_super: 0.00275, sec: 149.212, prod: 0.061117, t_ads: 69.9, t_des: 60.9, bed_util_ads: 0.499, bed_util_des: 0.499, des_th: 0.4991697710236312,frac_lost: 0.102, li_recovered:  7.994, time: 0.010705962000429281
L: 0.50, u_super: 0.00801, sec: 456.514, prod: 0.181269, t_ads: 24.4, t_des: 22.1, bed_util_ads: 0.500, bed_util_des: 0.499, des_th: 0.4994793746793171,frac_lost: 0.106, li_recovered:  8.439, time: 0.01101563800148142
L: 0.50, u_super: 0.00559, sec: 309.090, prod: 0.126411, t_ads: 34.7, t_des: 31.4, bed_util_ads: 0.498, bed_util_des: 0.498, des_th: 0.4977151493012367,frac_lost: 0.102, li_recovered:  8.355, time: 0.01222419700025057
L: 0.50, u_super: 0.00317, sec: 170.924, prod: 0.070915, t_ads: 61.0, t_des: 57.4, bed_util_ads: 0.491, bed_util_des: 0.491, des_th: 0.49078556208285384,frac_lost: 0.102, li_recovered:  8.395, time: 0.013384984000367695
L: 0.50, u_super: 0.00006, sec: 5.411, prod: 0.000841, t_ads: 2844.0, t_des: 5242.7, bed_util_ads: 0.259, bed_util_des: 0.190, des_th: 0.18975545818910905,frac_lost: 0.102, li_recovered:  6.800, time: 0.023430483999618446
L: 2.85, u_super: 0.00081 — INFEASIBLE (li_recovered=0.000e+00), time: 0.004048335000334191
L: 0.50, u_super: 0.00845, sec: 484.170, prod: 0.191167, t_ads: 23.2, t_des: 21.0, bed_util_ads: 0.499, bed_util_des: 0.499, des_th: 0.4991873704856887,frac_lost: 0.107, li_recovered:  8.443, time: 0.022577298999749473
L: 0.50, u_super: 0.00522, sec: 287.537, prod: 0.118037, t_ads: 37.1, t_des: 33.7, bed_util_ads: 0.498, bed_util_des: 0.498, des_th: 0.49809365551712664,frac_lost: 0.102, li_recovered:  8.362, time: 0.011146921000545262
L: 0.50, u_super: 0.00789, sec: 484.682, prod: 0.165318, t_ads: 24.8, t_des: 27.9, bed_util_ads: 0.472, bed_util_des: 0.471, des_th: 0.47112639543934953,frac_lost: 0.106, li_recovered:  8.702, time: 0.015874062999500893
L: 0.50, u_super: 0.00911, sec: 527.651, prod: 0.205921, t_ads: 21.5, t_des: 20.0, bed_util_ads: 0.496, bed_util_des: 0.496, des_th: 0.495749253723332,frac_lost: 0.108, li_recovered:  8.540, time: 0.016186398001082125
L: 0.50, u_super: 0.00328, sec: 177.740, prod: 0.073283, t_ads: 59.4, t_des: 53.0, bed_util_ads: 0.498, bed_util_des: 0.497, des_th: 0.49733790066996986,frac_lost: 0.108, li_recovered:  8.233, time: 0.011614783999903011
L: 0.50, u_super: 0.00230, sec: 141.512, prod: 0.044776, t_ads: 83.6, t_des: 106.9, bed_util_ads: 0.450, bed_util_des: 0.448, des_th: 0.4477377431725438,frac_lost: 0.101, li_recovered:  8.534, time: 0.012972005000847275
L: 0.50, u_super: 0.00485, sec: 266.362, prod: 0.109509, t_ads: 40.0, t_des: 36.2, bed_util_ads: 0.497, bed_util_des: 0.497, des_th: 0.49712806513509056,frac_lost: 0.103, li_recovered:  8.337, time: 0.018754679998892243
L: 0.50, u_super: 0.00342, sec: 186.079, prod: 0.076442, t_ads: 56.8, t_des: 53.8, bed_util_ads: 0.491, bed_util_des: 0.490, des_th: 0.4901868587086498,frac_lost: 0.107, li_recovered:  8.457, time: 0.018205146001491812
L: 0.50, u_super: 0.00370, sec: 200.985, prod: 0.082992, t_ads: 52.5, t_des: 47.1, bed_util_ads: 0.498, bed_util_des: 0.498, des_th: 0.49823698255320115,frac_lost: 0.106, li_recovered:  8.271, time: 0.016693988000042737
L: 0.50, u_super: 0.00783, sec: 444.499, prod: 0.177582, t_ads: 24.8, t_des: 22.4, bed_util_ads: 0.500, bed_util_des: 0.500, des_th: 0.4999973440243796,frac_lost: 0.101, li_recovered:  8.380, time: 0.013577333998910035
L: 0.50, u_super: 0.00537, sec: 296.286, prod: 0.121090, t_ads: 36.2, t_des: 32.4, bed_util_ads: 0.500, bed_util_des: 0.499, des_th: 0.4994194506971091,frac_lost: 0.103, li_recovered:  8.299, time: 0.01655346500047017
L: 0.50, u_super: 0.00920, sec: 559.184, prod: 0.198016, t_ads: 21.3, t_des: 22.7, bed_util_ads: 0.478, bed_util_des: 0.478, des_th: 0.47775080971689726,frac_lost: 0.105, li_recovered:  8.706, time: 0.016080274001069483
L: 0.50, u_super: 0.00932, sec: 551.289, prod: 0.206770, t_ads: 20.9, t_des: 21.0, bed_util_ads: 0.486, bed_util_des: 0.486, des_th: 0.48603437182194903,frac_lost: 0.104, li_recovered:  8.676, time: 0.01370926299932762
L: 0.50, u_super: 0.00688, sec: 386.480, prod: 0.155805, t_ads: 28.2, t_des: 25.3, bed_util_ads: 0.500, bed_util_des: 0.500, des_th: 0.49973701745852606,frac_lost: 0.101, li_recovered:  8.329, time: 0.01327993700033403
L: 0.50, u_super: 0.00245, sec: 141.174, prod: 0.050889, t_ads: 78.6, t_des: 89.0, bed_util_ads: 0.466, bed_util_des: 0.465, des_th: 0.46471641698558475,frac_lost: 0.101, li_recovered:  8.528, time: 0.017617351999433595
L: 0.50, u_super: 0.00583, sec: 323.122, prod: 0.131837, t_ads: 33.3, t_des: 30.5, bed_util_ads: 0.496, bed_util_des: 0.496, des_th: 0.49584907634800035,frac_lost: 0.102, li_recovered:  8.417, time: 0.016888476000531227
L: 0.50, u_super: 0.00389, sec: 212.311, prod: 0.086896, t_ads: 50.0, t_des: 47.8, bed_util_ads: 0.489, bed_util_des: 0.489, des_th: 0.4889124457855209,frac_lost: 0.105, li_recovered:  8.496, time: 0.019014898000023095
L: 0.50, u_super: 0.00537, sec: 295.667, prod: 0.121344, t_ads: 36.1, t_des: 33.2, bed_util_ads: 0.496, bed_util_des: 0.496, des_th: 0.4959675680712881,frac_lost: 0.101, li_recovered:  8.410, time: 0.022668960998998955
L: 0.50, u_super: 0.00958, sec: 556.660, prod: 0.217079, t_ads: 20.4, t_des: 18.5, bed_util_ads: 0.500, bed_util_des: 0.500, des_th: 0.4998645877260834,frac_lost: 0.107, li_recovered:  8.454, time: 0.008383873999264324
L: 23.12, u_super: 0.00043 — INFEASIBLE (li_recovered=0.000e+00), time: 0.0015494600011152215
L: 0.50, u_super: 0.00035 — INFEASIBLE (li_recovered=0.000e+00), time: 0.00459972899989225
L: 0.50, u_super: 0.00256, sec: 137.512, prod: 0.057007, t_ads: 75.5, t_des: 68.7, bed_util_ads: 0.494, bed_util_des: 0.493, des_th: 0.4931928126592484,frac_lost: 0.105, li_recovered:  8.224, time: 0.013472619999447488
L: 0.50, u_super: 0.00799, sec: 454.111, prod: 0.181322, t_ads: 24.3, t_des: 21.9, bed_util_ads: 0.500, bed_util_des: 0.500, des_th: 0.4999363707849146,frac_lost: 0.100, li_recovered:  8.377, time: 0.021005125001465785
L: 0.50, u_super: 0.00868, sec: 498.495, prod: 0.196436, t_ads: 22.5, t_des: 20.7, bed_util_ads: 0.498, bed_util_des: 0.498, des_th: 0.49802875889761467,frac_lost: 0.106, li_recovered:  8.489, time: 0.018444766999891726
L: 0.50, u_super: 0.00770, sec: 436.084, prod: 0.174554, t_ads: 25.2, t_des: 22.7, bed_util_ads: 0.500, bed_util_des: 0.500, des_th: 0.4999975182366772,frac_lost: 0.101, li_recovered:  8.373, time: 0.022158862000651425
   959 |    38360 |     40 |  0.0031900044 |             f
L: 0.50, u_super: 0.00623, sec: 347.989, prod: 0.140528, t_ads: 31.4, t_des: 28.2, bed_util_ads: 0.500, bed_util_des: 0.500, des_th: 0.4996688830189184,frac_lost: 0.108, li_recovered:  8.378, time: 0.01156460399943171
L: 0.50, u_super: 0.00483, sec: 265.380, prod: 0.108791, t_ads: 40.3, t_des: 36.4, bed_util_ads: 0.499, bed_util_des: 0.499, des_th: 0.4987514609839936,frac_lost: 0.106, li_recovered:  8.346, time: 0.011792405999585753
L: 0.50, u_super: 0.00968, sec: 562.294, prod: 0.219552, t_ads: 20.2, t_des: 18.4, bed_util_ads: 0.499, bed_util_des: 0.499, des_th: 0.4991832510552846,frac_lost: 0.104, li_recovered:  8.457, time: 0.019133923999106628
L: 0.50, u_super: 0.00684, sec: 384.724, prod: 0.154434, t_ads: 28.6, t_des: 26.0, bed_util_ads: 0.499, bed_util_des: 0.499, des_th: 0.49895400591379185,frac_lost: 0.108, li_recovered:  8.434, time: 0.012729919000776135
L: 0.50, u_super: 0.00537, sec: 300.733, prod: 0.119300, t_ads: 36.2, t_des: 36.0, bed_util_ads: 0.487, bed_util_des: 0.487, des_th: 0.48658131557255846,frac_lost: 0.102, li_recovered:  8.606, time: 0.013927068999691983
L: 11.96, u_super: 0.00098 — INFEASIBLE (li_recovered=0.000e+00), time: 0.0011524479996296577
L: 0.50, u_super: 0.00147, sec: 80.357, prod: 0.031747, t_ads: 130.1, t_des: 111.4, bed_util_ads: 0.497, bed_util_des: 0.497, des_th: 0.4971266538887591,frac_lost: 0.106, li_recovered:  7.665, time: 0.007843965000574826
L: 0.50, u_super: 0.00005, sec: 4.329, prod: 0.000669, t_ads: 3431.4, t_des: 5826.6, bed_util_ads: 0.252, bed_util_des: 0.185, des_th: 0.1851696623157332,frac_lost: 0.102, li_recovered:  6.192, time: 0.013462520999382832
L: 0.50, u_super: 0.00463, sec: 253.942, prod: 0.104272, t_ads: 42.0, t_des: 37.5, bed_util_ads: 0.500, bed_util_des: 0.500, des_th: 0.4998864441884818,frac_lost: 0.105, li_recovered:  8.284, time: 0.007031470000583795
L: 12.35, u_super: 0.00005 — INFEASIBLE (li_recovered=0.000e+00), time: 0.001042963998770574
L: 0.50, u_super: 0.00467, sec: 273.328, prod: 0.098450, t_ads: 41.6, t_des: 46.2, bed_util_ads: 0.472, bed_util_des: 0.472, des_th: 0.47157614575828766,frac_lost: 0.103, li_recovered:  8.645, time: 0.014878098001645412
L: 0.50, u_super: 0.00760, sec: 429.970, prod: 0.172279, t_ads: 25.5, t_des: 23.7, bed_util_ads: 0.496, bed_util_des: 0.496, des_th: 0.49626826524001294,frac_lost: 0.101, li_recovered:  8.485, time: 0.02061366999987513
L: 0.50, u_super: 0.00421, sec: 229.824, prod: 0.094432, t_ads: 46.3, t_des: 41.3, bed_util_ads: 0.500, bed_util_des: 0.500, des_th: 0.4997067784501778,frac_lost: 0.107, li_recovered:  8.271, time: 0.008768711999437073
L: 0.50, u_super: 0.00990, sec: 639.616, prod: 0.202455, t_ads: 19.7, t_des: 23.3, bed_util_ads: 0.466, bed_util_des: 0.466, des_th: 0.4658721410671179,frac_lost: 0.103, li_recovered:  8.717, time: 0.01112426600047911
L: 0.50, u_super: 0.00245, sec: 132.714, prod: 0.054219, t_ads: 78.7, t_des: 68.4, bed_util_ads: 0.499, bed_util_des: 0.499, des_th: 0.4987514609839936,frac_lost: 0.104, li_recovered:  7.976, time: 0.008146385000145528
L: 0.50, u_super: 0.00968, sec: 562.411, prod: 0.219480, t_ads: 20.2, t_des: 18.3, bed_util_ads: 0.499, bed_util_des: 0.499, des_th: 0.4991832510552846,frac_lost: 0.105, li_recovered:  8.447, time: 0.009423243998753605
L: 1.94, u_super: 0.00783, sec: 1792.402, prod: 0.171279, t_ads: 94.9, t_des: 81.1, bed_util_ads: 0.500, bed_util_des: 0.500, des_th: 0.4999973440243796,frac_lost: 0.101, li_recovered:  30.156, time: 0.010528723998504574
L: 0.50, u_super: 0.00826, sec: 493.933, prod: 0.178533, t_ads: 23.7, t_des: 25.0, bed_util_ads: 0.480, bed_util_des: 0.480, des_th: 0.47987001602669616,frac_lost: 0.106, li_recovered:  8.697, time: 0.011530265999681433
L: 47.44, u_super: 0.00433 — INFEASIBLE (li_recovered=0.000e+00), time: 0.0013316849999682745
L: 0.50, u_super: 0.00237, sec: 127.768, prod: 0.052391, t_ads: 81.6, t_des: 78.6, bed_util_ads: 0.486, bed_util_des: 0.486, des_th: 0.48562679064937636,frac_lost: 0.105, li_recovered:  8.393, time: 0.010031330999481725
L: 0.50, u_super: 0.00893, sec: 514.925, prod: 0.202191, t_ads: 21.9, t_des: 19.8, bed_util_ads: 0.500, bed_util_des: 0.500, des_th: 0.4999363707849146,frac_lost: 0.107, li_recovered:  8.444, time: 0.010470810999322566
L: 0.50, u_super: 0.00761, sec: 507.050, prod: 0.146420, t_ads: 25.7, t_des: 33.8, bed_util_ads: 0.452, bed_util_des: 0.451, des_th: 0.45107731314509864,frac_lost: 0.105, li_recovered:  8.706, time: 0.01289438300045731
L: 0.50, u_super: 0.00894, sec: 580.040, prod: 0.179949, t_ads: 21.9, t_des: 26.6, bed_util_ads: 0.463, bed_util_des: 0.462, des_th: 0.4620659924302441,frac_lost: 0.105, li_recovered:  8.714, time: 0.011880003999976907
L: 0.50, u_super: 0.00616, sec: 343.328, prod: 0.139287, t_ads: 31.6, t_des: 29.2, bed_util_ads: 0.497, bed_util_des: 0.496, des_th: 0.49635467129439803,frac_lost: 0.104, li_recovered:  8.464, time: 0.008209947000068496
L: 0.50, u_super: 0.00522, sec: 296.014, prod: 0.114657, t_ads: 37.2, t_des: 38.1, bed_util_ads: 0.482, bed_util_des: 0.481, des_th: 0.4813815075274125,frac_lost: 0.102, li_recovered:  8.632, time: 0.011908069000128307
L: 0.50, u_super: 0.00098 — INFEASIBLE (li_recovered=0.000e+00), time: 0.0064548289992671926
L: 0.50, u_super: 0.00176, sec: 94.636, prod: 0.038833, t_ads: 108.8, t_des: 103.5, bed_util_ads: 0.485, bed_util_des: 0.485, des_th: 0.48465483660777714,frac_lost: 0.103, li_recovered:  8.242, time: 0.014453572001002613
L: 0.50, u_super: 0.00930, sec: 543.576, prod: 0.208555, t_ads: 21.0, t_des: 20.4, bed_util_ads: 0.491, bed_util_des: 0.491, des_th: 0.49078556208285384,frac_lost: 0.105, li_recovered:  8.635, time: 0.01285516800089681
L: 0.50, u_super: 0.00684, sec: 383.465, prod: 0.154940, t_ads: 28.4, t_des: 25.6, bed_util_ads: 0.500, bed_util_des: 0.499, des_th: 0.4994169456241257,frac_lost: 0.101, li_recovered:  8.367, time: 0.015454338999916217
L: 34.64, u_super: 0.00422 — INFEASIBLE (li_recovered=0.000e+00), time: 0.002538565000577364
L: 0.50, u_super: 0.00096, sec: 52.416, prod: 0.020630, t_ads: 196.5, t_des: 185.6, bed_util_ads: 0.479, bed_util_des: 0.478, des_th: 0.4778801879827731,frac_lost: 0.106, li_recovered:  7.882, time: 0.021287131999997655
L: 0.50, u_super: 0.00632, sec: 352.789, prod: 0.142887, t_ads: 30.7, t_des: 27.5, bed_util_ads: 0.500, bed_util_des: 0.499, des_th: 0.49941800771673645,frac_lost: 0.102, li_recovered:  8.316, time: 0.019734704001166392
L: 0.50, u_super: 0.00005 — INFEASIBLE (li_recovered=0.000e+00), time: 0.003858485999444383
L: 0.50, u_super: 0.00982, sec: 571.572, prod: 0.222734, t_ads: 19.9, t_des: 18.1, bed_util_ads: 0.500, bed_util_des: 0.500, des_th: 0.4996078096611669,frac_lost: 0.105, li_recovered:  8.454, time: 0.011329197999657481
L: 0.50, u_super: 0.00050 — INFEASIBLE (li_recovered=0.000e+00), time: 0.006882761999804643
L: 0.50, u_super: 0.00072 — INFEASIBLE (li_recovered=0.000e+00), time: 0.009196459999657236
L: 0.50, u_super: 0.00423, sec: 230.703, prod: 0.095079, t_ads: 46.0, t_des: 41.5, bed_util_ads: 0.498, bed_util_des: 0.498, des_th: 0.49809365551712664,frac_lost: 0.105, li_recovered:  8.318, time: 0.009380359000715544
L: 0.50, u_super: 0.00537, sec: 298.408, prod: 0.120229, t_ads: 36.4, t_des: 34.8, bed_util_ads: 0.492, bed_util_des: 0.492, des_th: 0.49174323396632247,frac_lost: 0.107, li_recovered:  8.554, time: 0.008769041998675675
L: 0.50, u_super: 0.00590, sec: 2843.367, prod: 0.015357, t_ads: 33.2, t_des: 538.6, bed_util_ads: 0.190, bed_util_des: 0.185, des_th: 0.1851696623157332,frac_lost: 0.103, li_recovered:  8.781, time: 0.07098133099862025
L: 0.50, u_super: 0.00333, sec: 191.839, prod: 0.070230, t_ads: 58.3, t_des: 64.1, bed_util_ads: 0.472, bed_util_des: 0.471, des_th: 0.47112639543934953,frac_lost: 0.105, li_recovered:  8.595, time: 0.008000053998330259
   960 |    38400 |     40 |  0.0010939082 |             f
L: 0.50, u_super: 0.00121, sec: 67.542, prod: 0.025730, t_ads: 156.7, t_des: 130.9, bed_util_ads: 0.497, bed_util_des: 0.496, des_th: 0.4964914728520197,frac_lost: 0.108, li_recovered:  7.400, time: 0.022741462000340107
L: 0.50, u_super: 0.00932, sec: 539.670, prod: 0.211222, t_ads: 21.0, t_des: 19.0, bed_util_ads: 0.500, bed_util_des: 0.500, des_th: 0.4997067784501778,frac_lost: 0.106, li_recovered:  8.445, time: 0.02159922500140965
L: 97.17, u_super: 0.00956 — INFEASIBLE (li_recovered=0.000e+00), time: 0.0021856960011064075
L: 0.50, u_super: 0.00005, sec: 4.324, prod: 0.000669, t_ads: 3431.3, t_des: 5857.7, bed_util_ads: 0.252, bed_util_des: 0.185, des_th: 0.1851696623157332,frac_lost: 0.102, li_recovered:  6.219, time: 0.03718202799973369
L: 8.34, u_super: 0.00556 — INFEASIBLE (li_recovered=0.000e+00), time: 0.008389880000322592
L: 0.50, u_super: 0.00684, sec: 383.465, prod: 0.154940, t_ads: 28.4, t_des: 25.6, bed_util_ads: 0.500, bed_util_des: 0.499, des_th: 0.49941695338628667,frac_lost: 0.101, li_recovered:  8.367, time: 0.025512452000839403
L: 0.50, u_super: 0.00739, sec: 417.944, prod: 0.166974, t_ads: 26.5, t_des: 24.0, bed_util_ads: 0.498, bed_util_des: 0.498, des_th: 0.4982276871356316,frac_lost: 0.107, li_recovered:  8.436, time: 0.01436541600014607
L: 0.50, u_super: 0.00317, sec: 200.026, prod: 0.060782, t_ads: 61.3, t_des: 80.3, bed_util_ads: 0.449, bed_util_des: 0.447, des_th: 0.4473529465109972,frac_lost: 0.105, li_recovered:  8.608, time: 0.021043132001068443
L: 0.50, u_super: 0.00968, sec: 562.676, prod: 0.219403, t_ads: 20.2, t_des: 18.3, bed_util_ads: 0.499, bed_util_des: 0.499, des_th: 0.49921029359728436,frac_lost: 0.105, li_recovered:  8.441, time: 0.014935904999219929
L: 0.50, u_super: 0.00626, sec: 349.409, prod: 0.141563, t_ads: 31.0, t_des: 27.7, bed_util_ads: 0.500, bed_util_des: 0.499, des_th: 0.4994514071928654,frac_lost: 0.102, li_recovered:  8.306, time: 0.01337923199935176
L: 0.50, u_super: 0.00990, sec: 576.015, prod: 0.224810, t_ads: 19.7, t_des: 17.9, bed_util_ads: 0.500, bed_util_des: 0.499, des_th: 0.49941800771673645,frac_lost: 0.102, li_recovered:  8.443, time: 0.012480644998504431
L: 0.50, u_super: 0.00307, sec: 165.500, prod: 0.068756, t_ads: 62.9, t_des: 58.7, bed_util_ads: 0.492, bed_util_des: 0.491, des_th: 0.49133431929240456,frac_lost: 0.102, li_recovered:  8.358, time: 0.008580923999033985
L: 0.50, u_super: 0.00178, sec: 95.467, prod: 0.039274, t_ads: 107.4, t_des: 97.6, bed_util_ads: 0.491, bed_util_des: 0.490, des_th: 0.49040602775225295,frac_lost: 0.101, li_recovered:  8.055, time: 0.010425649999888265
L: 0.50, u_super: 0.00597, sec: 331.599, prod: 0.135184, t_ads: 32.5, t_des: 29.4, bed_util_ads: 0.498, bed_util_des: 0.498, des_th: 0.49809365551712664,frac_lost: 0.101, li_recovered:  8.367, time: 0.017126633001680602
L: 0.50, u_super: 0.00522, sec: 287.537, prod: 0.118037, t_ads: 37.1, t_des: 33.7, bed_util_ads: 0.498, bed_util_des: 0.498, des_th: 0.49809365551712664,frac_lost: 0.102, li_recovered:  8.362, time: 0.014486093001323752
L: 0.50, u_super: 0.00634, sec: 355.176, prod: 0.143035, t_ads: 30.6, t_des: 29.1, bed_util_ads: 0.493, bed_util_des: 0.493, des_th: 0.4929238635186134,frac_lost: 0.102, li_recovered:  8.542, time: 0.02101334400140331
L: 0.50, u_super: 0.00715, sec: 402.493, prod: 0.162057, t_ads: 27.1, t_des: 25.2, bed_util_ads: 0.497, bed_util_des: 0.496, des_th: 0.49649368491158563,frac_lost: 0.101, li_recovered:  8.474, time: 0.016250909000518732
L: 0.50, u_super: 0.00683, sec: 382.815, prod: 0.154758, t_ads: 28.4, t_des: 25.7, bed_util_ads: 0.498, bed_util_des: 0.498, des_th: 0.4982333857848773,frac_lost: 0.101, li_recovered:  8.375, time: 0.007643877001100918
L: 0.50, u_super: 0.00845, sec: 493.155, prod: 0.187684, t_ads: 23.1, t_des: 23.0, bed_util_ads: 0.488, bed_util_des: 0.488, des_th: 0.4878585724756699,frac_lost: 0.106, li_recovered:  8.663, time: 0.011232381999434438
L: 24.66, u_super: 0.00540 — INFEASIBLE (li_recovered=0.000e+00), time: 0.005025958000260289
L: 0.50, u_super: 0.00736, sec: 470.003, prod: 0.147299, t_ads: 26.5, t_des: 32.5, bed_util_ads: 0.461, bed_util_des: 0.460, des_th: 0.4601756160268065,frac_lost: 0.104, li_recovered:  8.699, time: 0.018231554999147193
L: 0.50, u_super: 0.00522, sec: 287.537, prod: 0.118037, t_ads: 37.1, t_des: 33.7, bed_util_ads: 0.498, bed_util_des: 0.498, des_th: 0.49809365551712664,frac_lost: 0.102, li_recovered:  8.362, time: 0.014292597999883583
L: 0.50, u_super: 0.00474, sec: 260.235, prod: 0.106727, t_ads: 41.0, t_des: 36.7, bed_util_ads: 0.500, bed_util_des: 0.500, des_th: 0.49959839900565045,frac_lost: 0.105, li_recovered:  8.293, time: 0.011940125001274282
L: 0.50, u_super: 0.00283, sec: 152.394, prod: 0.063397, t_ads: 68.0, t_des: 63.5, bed_util_ads: 0.491, bed_util_des: 0.490, des_th: 0.4901868587086498,frac_lost: 0.101, li_recovered:  8.335, time: 0.01176089500040689
L: 0.50, u_super: 0.00337, sec: 183.430, prod: 0.075242, t_ads: 57.8, t_des: 54.6, bed_util_ads: 0.491, bed_util_des: 0.490, des_th: 0.4901868587086498,frac_lost: 0.108, li_recovered:  8.455, time: 0.008869887999026105
L: 0.50, u_super: 0.00634, sec: 354.194, prod: 0.143431, t_ads: 30.7, t_des: 27.7, bed_util_ads: 0.500, bed_util_des: 0.499, des_th: 0.4994179999545755,frac_lost: 0.104, li_recovered:  8.373, time: 0.011728490999303176
L: 0.50, u_super: 0.00195, sec: 106.132, prod: 0.042547, t_ads: 98.1, t_des: 83.7, bed_util_ads: 0.499, bed_util_des: 0.499, des_th: 0.4987571596332393,frac_lost: 0.101, li_recovered:  7.734, time: 0.016394043999753194
L: 0.50, u_super: 0.00022 — INFEASIBLE (li_recovered=0.000e+00), time: 0.00833141599832743
L: 0.50, u_super: 0.00199, sec: 107.350, prod: 0.043810, t_ads: 97.0, t_des: 85.5, bed_util_ads: 0.497, bed_util_des: 0.496, des_th: 0.4962116087186159,frac_lost: 0.107, li_recovered:  7.994, time: 0.01803012399977888
L: 0.50, u_super: 0.00954, sec: 553.482, prod: 0.216262, t_ads: 20.5, t_des: 18.8, bed_util_ads: 0.498, bed_util_des: 0.498, des_th: 0.4980602529820338,frac_lost: 0.105, li_recovered:  8.492, time: 0.013504122000085772